--------- beginning of main
I/cm      (    0): ____ _   _ ____ _  _ ____ ____ ____ _  _ _  _ ____ ___ 
W/auditd  ( 3593): type=2000 audit(0.0:1): initialized
W/auditd  ( 3593): type=1325 audit(0.0:2): table=filter family=2 entries=0
W/auditd  ( 3593): type=1325 audit(0.0:3): table=mangle family=2 entries=0
W/auditd  ( 3593): type=1325 audit(0.0:4): table=nat family=2 entries=0
W/auditd  ( 3593): type=1325 audit(0.0:5): table=raw family=2 entries=0
W/auditd  ( 3593): type=1325 audit(0.0:6): table=security family=2 entries=0
W/auditd  ( 3593): type=1325 audit(0.0:7): table=filter family=3 entries=0
W/auditd  ( 3593): type=1325 audit(0.0:8): table=filter family=10 entries=0
W/auditd  ( 3593): type=1325 audit(0.0:9): table=mangle family=10 entries=0
W/auditd  ( 3593): type=1325 audit(0.0:10): table=raw family=10 entries=0
I/auditd  ( 3593): type=1403 audit(0.0:11): policy loaded auid=4294967295 ses=4294967295
W/auditd  ( 3593): type=1404 audit(0.0:12): enforcing=1 old_enforcing=0 auid=4294967295 ses=4294967295
W/auditd  ( 3593): type=1305 audit(0.0:13): audit_pid=3566 old=0 auid=4294967295 ses=4294967295
W/auditd  ( 3593):  subj=u:r:logd:s0 res=1
W/auditd  ( 3593): type=1305 audit(0.0:14): audit_rate_limit=20 old=0 auid=4294967295 ses=4294967295
W/auditd  ( 3593):  subj=u:r:logd:s0 res=1
I/cm      (    0): |     \_/  |__| |\ | |  | | __ |___ |\ | |\/| |  | |  \ 
I/lowmemorykiller( 3568): Using in-kernel low memory killer interface
W/init    ( 3580): type=1400 audit(0.0:15): avc: denied { entrypoint } for path="/system/bin/auditd" dev="mmcblk0p18" ino=173 scontext=u:r:logd:s0 tcontext=u:object_r:system_file:s0 tclass=file
W/init    ( 3580): type=1300 audit(0.0:15): arch=40000028 syscall=11 per=800000 success=no exit=-13 a0=b6d80954 a1=b6d69530 a2=57e64 a3=ff0000 items=1 ppid=1 auid=4294967295 uid=0 gid=0 euid=0 suid=0 fsuid=0 egid=0 sgid=0 fsgid=0 ses=4294967295 tty=(none) exe="/init" subj=u:r:init:s0 key=(null)
W/auditd  ( 3593): type=1307 audit(0.0:15): cwd="/"
W/auditd  ( 3593): type=1302 audit(0.0:15): item=0 name="/system/bin/auditd" inode=173 dev=103:0a mode=0100755 ouid=0 ogid=2000 rdev=00:00 obj=u:object_r:system_file:s0
W/auditd  ( 3593): type=1320 audit(0.0:15): 
I/cm      ( 3575): |___   |   |  | | \| |__| |__] |___ | \| |  | |__| |__/ 
--------- beginning of system
I/Vold    ( 3571): Vold 2.1 (the revenge) firing up
D/Vold    ( 3571): Volume extSdCard state changing -1 (Initializing) -> 0 (No-Media)
D/Vold    ( 3571): Volume UsbDriveA state changing -1 (Initializing) -> 0 (No-Media)
D/Vold    ( 3571): Volume UsbDriveB state changing -1 (Initializing) -> 0 (No-Media)
D/Vold    ( 3571): Volume UsbDriveC state changing -1 (Initializing) -> 0 (No-Media)
D/Vold    ( 3571): Volume UsbDriveD state changing -1 (Initializing) -> 0 (No-Media)
D/Vold    ( 3571): Volume UsbDriveE state changing -1 (Initializing) -> 0 (No-Media)
D/Vold    ( 3571): Volume UsbDriveF state changing -1 (Initializing) -> 0 (No-Media)
I/Cryptfs ( 3571): Check if PFE is activated on Boot
E/Cryptfs ( 3571): Bad magic for real block device /dev/block/mmcblk0p21
E/Cryptfs ( 3571): Error getting crypt footer and key
E/sdcard  ( 3591): usage: sdcard [OPTIONS] <source_path> <dest_path>
E/sdcard  ( 3591):     -u: specify UID to run as
E/sdcard  ( 3591):     -g: specify GID to run as
E/sdcard  ( 3591):     -w: specify GID required to write (default sdcard_rw, requires -d or -l)
E/sdcard  ( 3591):     -t: specify number of threads to use (default 2)
E/sdcard  ( 3591):     -d: derive file permissions based on path
E/sdcard  ( 3591):     -l: derive file permissions based on legacy internal layout
E/sdcard  ( 3591):     -s: split derived permissions for pics, av
E/sdcard  ( 3591): 
I/installd( 3586): installd firing up
I/DEBUG   ( 3582): debuggerd: Jun 17 2015 15:28:56
E/sdcard  ( 3592): usage: sdcard [OPTIONS] <source_path> <dest_path>
E/sdcard  ( 3592):     -u: specify UID to run as
E/sdcard  ( 3592):     -g: specify GID to run as
E/sdcard  ( 3592):     -w: specify GID required to write (default sdcard_rw, requires -d or -l)
E/sdcard  ( 3592):     -t: specify number of threads to use (default 2)
E/sdcard  ( 3592):     -d: derive file permissions based on path
E/sdcard  ( 3592):     -l: derive file permissions based on legacy internal layout
E/sdcard  ( 3592):     -s: split derived permissions for pics, av
E/sdcard  ( 3592): 
I/cm      ( 3607): Welcome to Android 5.0.2 / CyanogenMod-12-20150624-UNOFFICIAL-k3gxx 
I/Netd    ( 3581): Netd 1.0 starting
E/Netd    ( 3581): Failed to open /proc/sys/net/ipv6/conf/default/accept_ra_rt_table: No such file or directory
E/Netd    ( 3581): Failed to open /proc/sys/net/ipv6/conf/ip6tnl0/accept_ra_rt_table: No such file or directory
E/Netd    ( 3581): Failed to open /proc/sys/net/ipv6/conf/lo/accept_ra_rt_table: No such file or directory
E/Netd    ( 3581): Failed to open /proc/sys/net/ipv6/conf/rmnet0/accept_ra_rt_table: No such file or directory
E/Netd    ( 3581): Failed to open /proc/sys/net/ipv6/conf/rmnet1/accept_ra_rt_table: No such file or directory
E/Netd    ( 3581): Failed to open /proc/sys/net/ipv6/conf/rmnet2/accept_ra_rt_table: No such file or directory
E/Netd    ( 3581): Failed to open /proc/sys/net/ipv6/conf/rmnet3/accept_ra_rt_table: No such file or directory
E/Netd    ( 3581): Failed to open /proc/sys/net/ipv6/conf/sit0/accept_ra_rt_table: No such file or directory
I/SurfaceFlinger( 3572): SurfaceFlinger is starting
I/SurfaceFlinger( 3572): SurfaceFlinger's main thread ready to run. Initializing graphics H/W...
W/auditd  ( 3593): type=1325 audit(0.0:16): table=filter family=2 entries=4
W/iptables( 3668): type=1300 audit(0.0:16): arch=40000028 syscall=294 per=800000 success=yes exit=0 a0=4 a1=0 a2=40 a3=b6c29100 items=0 ppid=3581 auid=4294967295 uid=0 gid=0 euid=0 suid=0 fsuid=0 egid=0 sgid=0 fsgid=0 ses=4294967295 tty=(none) exe="/system/bin/iptables" subj=u:r:netd:s0 key=(null)
W/auditd  ( 3593): type=1320 audit(0.0:16): 
W/auditd  ( 3593): type=1325 audit(0.0:17): table=filter family=10 entries=4
W/ip6tables( 3669): type=1300 audit(0.0:17): arch=40000028 syscall=294 per=800000 success=yes exit=0 a0=4 a1=29 a2=40 a3=b6c2b400 items=0 ppid=3581 auid=4294967295 uid=0 gid=0 euid=0 suid=0 fsuid=0 egid=0 sgid=0 fsgid=0 ses=4294967295 tty=(none) exe="/system/bin/ip6tables" subj=u:r:netd:s0 key=(null)
W/auditd  ( 3593): type=1320 audit(0.0:17): 
W/auditd  ( 3593): type=1325 audit(0.0:18): table=filter family=2 entries=6
W/iptables( 3670): type=1300 audit(0.0:18): arch=40000028 syscall=294 per=800000 success=yes exit=0 a0=4 a1=0 a2=40 a3=b6c23100 items=0 ppid=3581 auid=4294967295 uid=0 gid=0 euid=0 suid=0 fsuid=0 egid=0 sgid=0 fsgid=0 ses=4294967295 tty=(none) exe="/system/bin/iptables" subj=u:r:netd:s0 key=(null)
W/auditd  ( 3593): type=1320 audit(0.0:18): 
W/auditd  ( 3593): type=1325 audit(0.0:19): table=filter family=10 entries=6
W/ip6tables( 3671): type=1300 audit(0.0:19): arch=40000028 syscall=294 per=800000 success=yes exit=0 a0=4 a1=29 a2=40 a3=b6c36600 items=0 ppid=3581 auid=4294967295 uid=0 gid=0 euid=0 suid=0 fsuid=0 egid=0 sgid=0 fsgid=0 ses=4294967295 tty=(none) exe="/system/bin/ip6tables" subj=u:r:netd:s0 key=(null)
W/auditd  ( 3593): type=1320 audit(0.0:19): 
D/libEGL  ( 3572): loaded /vendor/lib/egl/libGLES_mali.so
W/rild    ( 3666): type=1400 audit(0.0:20): avc: denied { search } for name="block" dev="tmpfs" ino=2459 scontext=u:r:rild:s0 tcontext=u:object_r:block_device:s0 tclass=dir
W/rild    ( 3666): type=1300 audit(0.0:20): arch=40000028 syscall=322 per=800000 success=no exit=-13 a0=ffffff9c a1=b635f36c a2=20000 a3=0 items=1 ppid=1 auid=4294967295 uid=1001 gid=1001 euid=1001 suid=1001 fsuid=1001 egid=1001 sgid=1001 fsgid=1001 ses=4294967295 tty=(none) exe="/system/bin/rild" subj=u:r:rild:s0 key=(null)
W/auditd  ( 3593): type=1307 audit(0.0:20): cwd="/"
W/auditd  ( 3593): type=1302 audit(0.0:20): item=0 name="/dev/mbin0"
W/auditd  ( 3593): type=1320 audit(0.0:20): 
W/rild    ( 3666): type=1400 audit(0.0:21): avc: denied { getattr } for path="/efs/nv_data.bin" dev="mmcblk0p3" ino=30 scontext=u:r:rild:s0 tcontext=u:object_r:unlabeled:s0 tclass=file
W/rild    ( 3666): type=1300 audit(0.0:21): arch=40000028 syscall=327 per=800000 success=no exit=-13 a0=ffffff9c a1=b635f28c a2=b652da78 a3=0 items=1 ppid=1 auid=4294967295 uid=1001 gid=1001 euid=1001 suid=1001 fsuid=1001 egid=1001 sgid=1001 fsgid=1001 ses=4294967295 tty=(none) exe="/system/bin/rild" subj=u:r:rild:s0 key=(null)
W/auditd  ( 3593): type=1307 audit(0.0:21): cwd="/"
W/auditd  ( 3593): type=1302 audit(0.0:21): item=0 name="/efs/nv_data.bin" inode=30 dev=b3:03 mode=0100700 ouid=1001 ogid=1001 rdev=00:00 obj=u:object_r:unlabeled:s0
W/auditd  ( 3593): type=1320 audit(0.0:21): 
W/rild    ( 3666): type=1400 audit(0.0:22): avc: denied { getattr } for path="/efs/nv_data.bin" dev="mmcblk0p3" ino=30 scontext=u:r:rild:s0 tcontext=u:object_r:unlabeled:s0 tclass=file
W/rild    ( 3666): type=1300 audit(0.0:22): arch=40000028 syscall=327 per=800000 success=no exit=-13 a0=ffffff9c a1=b635f28c a2=b652d990 a3=0 items=1 ppid=1 auid=4294967295 uid=1001 gid=1001 euid=1001 suid=1001 fsuid=1001 egid=1001 sgid=1001 fsgid=1001 ses=4294967295 tty=(none) exe="/system/bin/rild" subj=u:r:rild:s0 key=(null)
W/auditd  ( 3593): type=1307 audit(0.0:22): cwd="/"
W/auditd  ( 3593): type=1302 audit(0.0:22): item=0 name="/efs/nv_data.bin" inode=30 dev=b3:03 mode=0100700 ouid=1001 ogid=1001 rdev=00:00 obj=u:object_r:unlabeled:s0
W/auditd  ( 3593): type=1320 audit(0.0:22): 
W/auditd  ( 3593): type=1325 audit(0.0:23): table=filter family=2 entries=7
W/iptables( 3678): type=1300 audit(0.0:23): arch=40000028 syscall=294 per=800000 success=yes exit=0 a0=4 a1=0 a2=40 a3=b6c30400 items=0 ppid=3581 auid=4294967295 uid=0 gid=0 euid=0 suid=0 fsuid=0 egid=0 sgid=0 fsgid=0 ses=4294967295 tty=(none) exe="/system/bin/iptables" subj=u:r:netd:s0 key=(null)
W/auditd  ( 3593): type=1320 audit(0.0:23): 
W/auditd  ( 3593): type=1325 audit(0.0:24): table=filter family=10 entries=7
W/ip6tables( 3680): type=1300 audit(0.0:24): arch=40000028 syscall=294 per=800000 success=yes exit=0 a0=4 a1=29 a2=40 a3=b6c32800 items=0 ppid=3581 auid=4294967295 uid=0 gid=0 euid=0 suid=0 fsuid=0 egid=0 sgid=0 fsgid=0 ses=4294967295 tty=(none) exe="/system/bin/ip6tables" subj=u:r:netd:s0 key=(null)
W/auditd  ( 3593): type=1320 audit(0.0:24): 
W/auditd  ( 3593): type=1325 audit(0.0:25): table=filter family=2 entries=9
I/        ( 3572): PLATFORM VERSION : JB-MR-2
I/mediaserver( 3585): ServiceManager: 0xb60500c0
I/AudioFlinger( 3585): Using default 3000 mSec as standby time.
I/ServiceManager( 3585): Waiting for service batterystats...
I/gralloc ( 3572): using (fd=12)
I/gralloc ( 3572): id           = 
I/gralloc ( 3572): xres         = 1080 px
I/gralloc ( 3572): yres         = 1920 px
I/gralloc ( 3572): xres_virtual = 1080 px
I/gralloc ( 3572): yres_virtual = 3840 px
I/gralloc ( 3572): bpp          = 32
I/gralloc ( 3572): r            = 16:8
I/gralloc ( 3572): g            =  8:8
I/gralloc ( 3572): b            =  0:8
I/gralloc ( 3572): width        = 65 mm (422.030762 dpi)
I/gralloc ( 3572): height       = 115 mm (424.069580 dpi)
I/gralloc ( 3572): refresh rate = 60.00 Hz
D/WVMDrmPlugIn( 3584): WVMDrmPlugin::onGetSupportInfo : 0
D/AndroidRuntime( 3590): 
D/AndroidRuntime( 3590): >>>>>> AndroidRuntime START com.android.internal.os.ZygoteInit <<<<<<
D/AndroidRuntime( 3590): CheckJNI is OFF
I/art     ( 3590): option[0]=-Xzygote
I/art     ( 3590): option[1]=-Xstacktracefile:/data/anr/traces.txt
I/art     ( 3590): option[2]=exit
I/art     ( 3590): option[3]=vfprintf
I/art     ( 3590): option[4]=sensitiveThread
I/art     ( 3590): option[5]=-verbose:gc
I/art     ( 3590): option[6]=-Xms8m
I/art     ( 3590): option[7]=-Xmx512m
I/art     ( 3590): option[8]=-XX:mainThreadStackSize=24K
I/art     ( 3590): option[9]=-XX:HeapGrowthLimit=128m
I/art     ( 3590): option[10]=-XX:HeapMinFree=2m
I/art     ( 3590): option[11]=-XX:HeapMaxFree=8m
I/art     ( 3590): option[12]=-XX:HeapTargetUtilization=0.75
I/art     ( 3590): option[13]=-agentlib:jdwp=transport=dt_android_adb,suspend=n,server=y
I/art     ( 3590): option[14]=-Xlockprofthreshold:500
I/art     ( 3590): option[15]=-Ximage-compiler-option
I/art     ( 3590): option[16]=--runtime-arg
I/art     ( 3590): option[17]=-Ximage-compiler-option
I/art     ( 3590): option[18]=-Xms64m
I/art     ( 3590): option[19]=-Ximage-compiler-option
I/art     ( 3590): option[20]=--runtime-arg
I/art     ( 3590): option[21]=-Ximage-compiler-option
I/art     ( 3590): option[22]=-Xmx64m
I/art     ( 3590): option[23]=-Ximage-compiler-option
I/art     ( 3590): option[24]=--image-classes-zip=/system/framework/framework.jar
I/art     ( 3590): option[25]=-Ximage-compiler-option
I/art     ( 3590): option[26]=--image-classes=preloaded-classes
I/art     ( 3590): option[27]=-Xcompiler-option
I/art     ( 3590): option[28]=--runtime-arg
I/art     ( 3590): option[29]=-Xcompiler-option
I/art     ( 3590): option[30]=-Xms64m
I/art     ( 3590): option[31]=-Xcompiler-option
I/art     ( 3590): option[32]=--runtime-arg
I/art     ( 3590): option[33]=-Xcompiler-option
I/art     ( 3590): option[34]=-Xmx512m
I/art     ( 3590): option[35]=-Duser.language=es
I/art     ( 3590): option[36]=-Duser.region=US
I/art     ( 3590): Pruning dalvik-cache since we are generating an image and will need to recompile
W/art     ( 3590): Unexpected file type of 
W/art     ( 3590):  encountered.
I/art     ( 3590): Using an offset of 0xff159000 from default art base address of 0x70000000
I/art     ( 3590): GenerateImage: /system/bin/dex2oat --image=/data/dalvik-cache/arm/system@framework@boot.art --dex-file=/system/framework/core-libart.jar --dex-file=/system/framework/conscrypt.jar --dex-file=/system/framework/okhttp.jar --dex-file=/system/framework/core-junit.jar --dex-file=/system/framework/bouncycastle.jar --dex-file=/system/framework/ext.jar --dex-file=/system/framework/framework.jar --dex-file=/system/framework/telephony-common.jar --dex-file=/system/framework/voip-common.jar --dex-file=/system/framework/ims-common.jar --dex-file=/system/framework/mms-common.jar --dex-file=/system/framework/android.policy.jar --dex-file=/system/framework/apache-xml.jar --oat-file=/data/dalvik-cache/arm/system@framework@boot.oat --instruction-set=arm --instruction-set-features=div --base=0x6f159000 --runtime-arg -Xms64m --runtime-arg -Xmx64m --image-classes-zip=/system/framework/framework.jar --image-classes=preloaded-classes
D/hwcomposer( 3572): using
D/hwcomposer( 3572): xres         = 1080 px
D/hwcomposer( 3572): yres         = 1920 px
D/hwcomposer( 3572): width        = 65 mm (422.030000 dpi)
D/hwcomposer( 3572): height       = 115 mm (424.069000 dpi)
D/hwcomposer( 3572): refresh rate = 60 Hz
E/libexynosv4l2-subdev( 3572): no subdev device found
E/hdmi    ( 3572): failed to open hdmi mixer0 subdev
E/hwcomposer( 3572): openHdmi fail
I/hwcomposer( 3572): PSR info devname = /sys/devices/14400000.fimd_fb/psr_info
I/hwcomposer( 3572): PSR mode is 2(0: video mode, 1: DP PSR mode, 2: MIPI-DSI command mode)
I/SurfaceFlinger( 3572): Using composer version 1.3
I/SurfaceFlinger( 3572): EGL information:
I/SurfaceFlinger( 3572): vendor    : Android
I/SurfaceFlinger( 3572): version   : 1.4 Android META-EGL
I/SurfaceFlinger( 3572): extensions: EGL_KHR_get_all_proc_addresses EGL_ANDROID_presentation_time EGL_KHR_image EGL_KHR_image_base EGL_KHR_gl_texture_2D_image EGL_KHR_gl_texture_cubemap_image EGL_KHR_gl_renderbuffer_image EGL_KHR_fence_sync EGL_KHR_create_context EGL_ANDROID_image_native_buffer EGL_KHR_wait_sync EGL_ANDROID_recordable 
I/SurfaceFlinger( 3572): Client API: OpenGL_ES
I/SurfaceFlinger( 3572): EGLSurface: 8-8-8-8, config=0xb6acf2ac
W/art     ( 3590): Unexpected file type of 
W/art     ( 3590):  encountered.
W/art     ( 3590): Could not create image space with image file '/system/framework/boot.art'. Attempting to fall back to imageless running. Error was: Failed to generate image '/data/dalvik-cache/arm/system@framework@boot.art': Failed execv(/system/bin/dex2oat --image=/data/dalvik-cache/arm/system@framework@boot.art --dex-file=/system/framework/core-libart.jar --dex-file=/system/framework/conscrypt.jar --dex-file=/system/framework/okhttp.jar --dex-file=/system/framework/core-junit.jar --dex-file=/system/framework/bouncycastle.jar --dex-file=/system/framework/ext.jar --dex-file=/system/framework/framework.jar --dex-file=/system/framework/telephony-common.jar --dex-file=/system/framework/voip-common.jar --dex-file=/system/framework/ims-common.jar --dex-file=/system/framework/mms-common.jar --dex-file=/system/framework/android.policy.jar --dex-file=/system/framework/apache-xml.jar --oat-file=/data/dalvik-cache/arm/system@framework@boot.oat --instruction-set=arm --instruction-set-features=div --base=0x6f159000 --runtime-arg -Xms64
I/SurfaceFlinger( 3572): OpenGL ES informations:
I/SurfaceFlinger( 3572): vendor    : ARM
I/SurfaceFlinger( 3572): renderer  : Mali-T628
I/SurfaceFlinger( 3572): version   : OpenGL ES 3.0
I/SurfaceFlinger( 3572): extensions: GL_EXT_debug_marker GL_ARM_rgba8 GL_ARM_mali_shader_binary GL_OES_depth24 GL_OES_depth_texture GL_OES_depth_texture_cube_map GL_OES_packed_depth_stencil GL_OES_rgb8_rgba8 GL_EXT_read_format_bgra GL_OES_compressed_paletted_texture GL_OES_compressed_ETC1_RGB8_texture GL_OES_standard_derivatives GL_OES_EGL_image GL_OES_EGL_image_external GL_OES_EGL_sync GL_OES_texture_npot GL_OES_vertex_half_float GL_OES_required_internalformat GL_OES_vertex_array_object GL_OES_mapbuffer GL_EXT_texture_format_BGRA8888 GL_EXT_texture_rg GL_EXT_texture_type_2_10_10_10_REV GL_OES_fbo_render_mipmap GL_OES_element_index_uint GL_EXT_shadow_samplers GL_OES_texture_compression_astc GL_KHR_texture_compression_astc_ldr GL_KHR_texture_compression_astc_hdr GL_KHR_debug GL_EXT_occlusion_query_boolean GL_EXT_blend_minmax GL_EXT_discard_framebuffer GL_OES_get_program_binary GL_OES_texture_3D GL_EXT_texture_storage GL_EXT_multisampled_render_to_texture GL_OES_surfaceless_context GL_ARM_mali_program_binary 
I/SurfaceFlinger( 3572): GL_MAX_TEXTURE_SIZE = 8192
I/SurfaceFlinger( 3572): GL_MAX_VIEWPORT_DIMS = 8192
E/libEGL  ( 3572): eglQuerySurface:607 error 300d (EGL_BAD_SURFACE)
E/libEGL  ( 3572): eglQuerySurface:607 error 300d (EGL_BAD_SURFACE)
E/libEGL  ( 3572): call to OpenGL ES API with no current context (logged once per thread)
D/SurfaceFlinger( 3572): Set power mode=2, type=0 flinger=0xb6a62000
I/hwcomposer( 3572): int exynos5_blank(hwc_composer_device_1*, int, int):: disp(0), blank(0)
I/hwcomposer( 3572): unblank ioctl failed (display already unblanked)
E/libEGL  ( 3572): eglSwapBuffers:1071 error 300d (EGL_BAD_SURFACE)
F/SurfaceFlinger( 3572): eglSwapBuffers(0x1, 0x0) failed with 0x0000300d
--------- beginning of crash
F/libc    ( 3572): Fatal signal 6 (SIGABRT), code -6 in tid 3572 (surfaceflinger)
I/DEBUG   ( 3582): property debug.db.uid not set; NOT waiting for gdb.
I/DEBUG   ( 3582): HINT: adb shell setprop debug.db.uid 100000
I/DEBUG   ( 3582): HINT: adb forward tcp:5039 tcp:5039
I/DEBUG   ( 3582): *** *** *** *** *** *** *** *** *** *** *** *** *** *** *** ***
I/DEBUG   ( 3582): Build fingerprint: 'samsung/cm_k3gxx/k3gxx:5.0.2/LRX22G/88e55c58ed:userdebug/test-keys'
I/DEBUG   ( 3582): Revision: '10'
I/DEBUG   ( 3582): ABI: 'arm'
I/DEBUG   ( 3582): pid: 3572, tid: 3572, name: surfaceflinger  >>> /system/bin/surfaceflinger <<<
I/DEBUG   ( 3582): signal 6 (SIGABRT), code -6 (SI_TKILL), fault addr --------
I/DEBUG   ( 3582): Abort message: 'eglSwapBuffers(0x1, 0x0) failed with 0x0000300d'
I/DEBUG   ( 3582):     r0 00000000  r1 00000df4  r2 00000006  r3 00000000
I/DEBUG   ( 3582):     r4 b6f6f114  r5 00000006  r6 0000000b  r7 0000010c
I/DEBUG   ( 3582):     r8 00000000  r9 bed90bd0  sl b6a54210  fp bed90bd0
I/DEBUG   ( 3582):     ip 00000df4  sp bed90650  lr b6ef97b9  pc b6f1d4e4  cpsr 600f0010
I/DEBUG   ( 3582): 
I/DEBUG   ( 3582): backtrace:
I/DEBUG   ( 3582):     #00 pc 000384e4  /system/lib/libc.so (tgkill+12)
I/DEBUG   ( 3582):     #01 pc 000147b5  /system/lib/libc.so (pthread_kill+52)
I/DEBUG   ( 3582):     #02 pc 0001550b  /system/lib/libc.so (raise+10)
I/DEBUG   ( 3582):     #03 pc 00011c35  /system/lib/libc.so (__libc_android_abort+36)
I/DEBUG   ( 3582):     #04 pc 0000fcb8  /system/lib/libc.so (abort+4)
I/DEBUG   ( 3582):     #05 pc 00007739  /system/lib/libcutils.so (__android_log_assert+88)
I/DEBUG   ( 3582):     #06 pc 0000f4df  /system/lib/libsurfaceflinger.so
I/DEBUG   ( 3582):     #07 pc 0001b9fd  /system/lib/libsurfaceflinger.so
I/DEBUG   ( 3582):     #08 pc 0001abe7  /system/lib/libsurfaceflinger.so
I/DEBUG   ( 3582):     #09 pc 00019fc3  /system/lib/libsurfaceflinger.so
I/DEBUG   ( 3582):     #10 pc 00019d49  /system/lib/libsurfaceflinger.so
I/DEBUG   ( 3582):     #11 pc 00010ed3  /system/lib/libutils.so (android::Looper::pollInner(int)+410)
I/DEBUG   ( 3582):     #12 pc 00010fc5  /system/lib/libutils.so (android::Looper::pollOnce(int, int*, int*, void**)+92)
I/DEBUG   ( 3582):     #13 pc 000174c5  /system/lib/libsurfaceflinger.so
I/DEBUG   ( 3582):     #14 pc 0001993d  /system/lib/libsurfaceflinger.so (android::SurfaceFlinger::run()+8)
I/DEBUG   ( 3582):     #15 pc 0000083d  /system/bin/surfaceflinger
I/DEBUG   ( 3582):     #16 pc 0000fb75  /system/lib/libc.so (__libc_init+44)
I/DEBUG   ( 3582):     #17 pc 000008d8  /system/bin/surfaceflinger
W/auditd  ( 3593): type=1325 audit(0.0:94): table=mangle family=2 entries=9
W/iptables( 3827): type=1300 audit(0.0:94): arch=40000028 syscall=294 per=800000 success=yes exit=0 a0=4 a1=0 a2=40 a3=b6c30800 items=0 ppid=3581 auid=4294967295 uid=0 gid=0 euid=0 suid=0 fsuid=0 egid=0 sgid=0 fsgid=0 ses=4294967295 tty=(none) exe="/system/bin/iptables" subj=u:r:netd:s0 key=(null)
W/auditd  ( 3593): type=1320 audit(0.0:94): 
W/auditd  ( 3593): type=1325 audit(0.0:95): table=mangle family=10 entries=9
W/ip6tables( 3828): type=1300 audit(0.0:95): arch=40000028 syscall=294 per=800000 success=yes exit=0 a0=4 a1=29 a2=40 a3=b6c42800 items=0 ppid=3581 auid=4294967295 uid=0 gid=0 euid=0 suid=0 fsuid=0 egid=0 sgid=0 fsgid=0 ses=4294967295 tty=(none) exe="/system/bin/ip6tables" subj=u:r:netd:s0 key=(null)
W/auditd  ( 3593): type=1320 audit(0.0:95): 
W/auditd  ( 3593): type=1325 audit(0.0:96): table=mangle family=2 entries=11
W/iptables( 3829): type=1300 audit(0.0:96): arch=40000028 syscall=294 per=800000 success=yes exit=0 a0=4 a1=0 a2=40 a3=b6c34800 items=0 ppid=3581 auid=4294967295 uid=0 gid=0 euid=0 suid=0 fsuid=0 egid=0 sgid=0 fsgid=0 ses=4294967295 tty=(none) exe="/system/bin/iptables" subj=u:r:netd:s0 key=(null)
W/auditd  ( 3593): type=1320 audit(0.0:96): 
W/auditd  ( 3593): type=1325 audit(0.0:97): table=mangle family=10 entries=11
W/ip6tables( 3830): type=1300 audit(0.0:97): arch=40000028 syscall=294 per=800000 success=yes exit=0 a0=4 a1=29 a2=40 a3=b6c47c00 items=0 ppid=3581 auid=4294967295 uid=0 gid=0 euid=0 suid=0 fsuid=0 egid=0 sgid=0 fsgid=0 ses=4294967295 tty=(none) exe="/system/bin/ip6tables" subj=u:r:netd:s0 key=(null)
W/auditd  ( 3593): type=1320 audit(0.0:97): 
W/auditd  ( 3593): type=1325 audit(0.0:98): table=mangle family=2 entries=12
W/iptables( 3834): type=1300 audit(0.0:98): arch=40000028 syscall=294 per=800000 success=yes exit=0 a0=4 a1=0 a2=40 a3=b6c41800 items=0 ppid=3581 auid=4294967295 uid=0 gid=0 euid=0 suid=0 fsuid=0 egid=0 sgid=0 fsgid=0 ses=4294967295 tty=(none) exe="/system/bin/iptables" subj=u:r:netd:s0 key=(null)
W/auditd  ( 3593): type=1320 audit(0.0:98): 
W/auditd  ( 3593): type=1325 audit(0.0:99): table=mangle family=2 entries=14
W/iptables( 3835): type=1300 audit(0.0:99): arch=40000028 syscall=294 per=800000 success=yes exit=0 a0=4 a1=0 a2=40 a3=b6c1c200 items=0 ppid=3581 auid=4294967295 uid=0 gid=0 euid=0 suid=0 fsuid=0 egid=0 sgid=0 fsgid=0 ses=4294967295 tty=(none) exe="/system/bin/iptables" subj=u:r:netd:s0 key=(null)
W/auditd  ( 3593): type=1320 audit(0.0:99): 
W/auditd  ( 3593): type=1325 audit(0.0:100): table=nat family=2 entries=5
W/iptables( 3839): type=1300 audit(0.0:100): arch=40000028 syscall=294 per=800000 success=yes exit=0 a0=4 a1=0 a2=40 a3=b6c2a100 items=0 ppid=3581 auid=4294967295 uid=0 gid=0 euid=0 suid=0 fsuid=0 egid=0 sgid=0 fsgid=0 ses=4294967295 tty=(none) exe="/system/bin/iptables" subj=u:r:netd:s0 key=(null)
I/ServiceManager( 3585): Waiting for service batterystats...
V/NatController( 3581): runCmd(/system/bin/iptables -F natctrl_FORWARD) res=0
V/NatController( 3581): runCmd(/system/bin/iptables -A natctrl_FORWARD -j DROP) res=0
V/NatController( 3581): runCmd(/system/bin/iptables -t nat -F natctrl_nat_POSTROUTING) res=0
V/NatController( 3581): runCmd(/system/bin/iptables -F natctrl_tether_counters) res=1
V/NatController( 3581): runCmd(/system/bin/iptables -X natctrl_tether_counters) res=1
V/NatController( 3581): runCmd(/system/bin/iptables -N natctrl_tether_counters) res=0
V/NatController( 3581): runCmd(/system/bin/iptables -t mangle -A natctrl_mangle_FORWARD -p tcp --tcp-flags SYN SYN -j TCPMSS --clamp-mss-to-pmtu) res=0
I/DEBUG   ( 3582): 
I/DEBUG   ( 3582): Tombstone written to: /data/tombstones/tombstone_02
I/ServiceManager( 3569): service 'SurfaceFlinger' died
E/SurfaceControl( 3742): invalid handle (0x0) or client (0xb6317118)
W/SurfaceComposerClient( 3742): ComposerService remote (surfaceflinger) died [0xb63591c0]
I/ServiceManager( 3569): service 'Exynos.HWCService' died
D/BootAnimation( 3742): SurfaceFlinger died, exiting...
I/ServiceManager( 3569): service 'media.wifi_display' died
I/ServiceManager( 3569): service 'media.audio_flinger' died
W/init    ( 3893): type=1400 audit(0.0:133): avc: denied { entrypoint } for path="/system/bin/auditd" dev="mmcblk0p18" ino=173 scontext=u:r:logd:s0 tcontext=u:object_r:system_file:s0 tclass=file
W/init    ( 3893): type=1300 audit(0.0:133): arch=40000028 syscall=11 per=800000 success=no exit=-13 a0=b6d80954 a1=b6d69530 a2=57e64 a3=ff0000 items=1 ppid=1 auid=4294967295 uid=0 gid=0 euid=0 suid=0 fsuid=0 egid=0 sgid=0 fsgid=0 ses=4294967295 tty=(none) exe="/init" subj=u:r:init:s0 key=(null)
W/auditd  ( 3593): type=1307 audit(0.0:133): cwd="/"
W/auditd  ( 3593): type=1302 audit(0.0:133): item=0 name="/system/bin/auditd" inode=173 dev=103:0a mode=0100755 ouid=0 ogid=2000 rdev=00:00 obj=u:object_r:system_file:s0
W/auditd  ( 3593): type=1320 audit(0.0:133): 
I/Netd    ( 3894): Netd 1.0 starting
E/Netd    ( 3894): Failed to open /proc/sys/net/ipv6/conf/default/accept_ra_rt_table: No such file or directory
E/Netd    ( 3894): Failed to open /proc/sys/net/ipv6/conf/ip6tnl0/accept_ra_rt_table: No such file or directory
E/Netd    ( 3894): Failed to open /proc/sys/net/ipv6/conf/lo/accept_ra_rt_table: No such file or directory
E/Netd    ( 3894): Failed to open /proc/sys/net/ipv6/conf/rmnet0/accept_ra_rt_table: No such file or directory
E/Netd    ( 3894): Failed to open /proc/sys/net/ipv6/conf/rmnet1/accept_ra_rt_table: No such file or directory
E/Netd    ( 3894): Failed to open /proc/sys/net/ipv6/conf/rmnet2/accept_ra_rt_table: No such file or directory
E/Netd    ( 3894): Failed to open /proc/sys/net/ipv6/conf/rmnet3/accept_ra_rt_table: No such file or directory
E/Netd    ( 3894): Failed to open /proc/sys/net/ipv6/conf/sit0/accept_ra_rt_table: No such file or directory
W/auditd  ( 3593): type=1325 audit(0.0:134): table=filter family=2 entries=40
W/iptables( 3901): type=1300 audit(0.0:134): arch=40000028 syscall=294 per=800000 success=yes exit=0 a0=4 a1=0 a2=40 a3=b6c25000 items=0 ppid=3894 auid=4294967295 uid=0 gid=0 euid=0 suid=0 fsuid=0 egid=0 sgid=0 fsgid=0 ses=4294967295 tty=(none) exe="/system/bin/iptables" subj=u:r:netd:s0 key=(null)
W/auditd  ( 3593): type=1320 audit(0.0:134): 
I/SurfaceFlinger( 3897): SurfaceFlinger is starting
I/SurfaceFlinger( 3897): SurfaceFlinger's main thread ready to run. Initializing graphics H/W...
W/auditd  ( 3593): type=1325 audit(0.0:135): table=filter family=10 entries=37
W/ip6tables( 3902): type=1300 audit(0.0:135): arch=40000028 syscall=294 per=800000 success=yes exit=0 a0=4 a1=29 a2=40 a3=b6c28000 items=0 ppid=3894 auid=4294967295 uid=0 gid=0 euid=0 suid=0 fsuid=0 egid=0 sgid=0 fsgid=0 ses=4294967295 tty=(none) exe="/system/bin/ip6tables" subj=u:r:netd:s0 key=(null)
W/auditd  ( 3593): type=1320 audit(0.0:135): 
W/auditd  ( 3593): type=1325 audit(0.0:136): table=filter family=2 entries=39
W/iptables( 3905): type=1300 audit(0.0:136): arch=40000028 syscall=294 per=800000 success=yes exit=0 a0=4 a1=0 a2=40 a3=b6c22000 items=0 ppid=3894 auid=4294967295 uid=0 gid=0 euid=0 suid=0 fsuid=0 egid=0 sgid=0 fsgid=0 ses=4294967295 tty=(none) exe="/system/bin/iptables" subj=u:r:netd:s0 key=(null)
W/auditd  ( 3593): type=1320 audit(0.0:136): 
W/auditd  ( 3593): type=1325 audit(0.0:137): table=filter family=10 entries=36
W/ip6tables( 3907): type=1300 audit(0.0:137): arch=40000028 syscall=294 per=800000 success=yes exit=0 a0=4 a1=29 a2=40 a3=b6b23000 items=0 ppid=3894 auid=4294967295 uid=0 gid=0 euid=0 suid=0 fsuid=0 egid=0 sgid=0 fsgid=0 ses=4294967295 tty=(none) exe="/system/bin/ip6tables" subj=u:r:netd:s0 key=(null)
W/auditd  ( 3593): type=1320 audit(0.0:137): 
D/libEGL  ( 3897): loaded /vendor/lib/egl/libGLES_mali.so
W/auditd  ( 3593): type=1325 audit(0.0:138): table=filter family=2 entries=39
W/iptables( 3909): type=1300 audit(0.0:138): arch=40000028 syscall=294 per=800000 success=yes exit=0 a0=4 a1=0 a2=40 a3=b6c22000 items=0 ppid=3894 auid=4294967295 uid=0 gid=0 euid=0 suid=0 fsuid=0 egid=0 sgid=0 fsgid=0 ses=4294967295 tty=(none) exe="/system/bin/iptables" subj=u:r:netd:s0 key=(null)
W/auditd  ( 3593): type=1320 audit(0.0:138): 
I/        ( 3897): PLATFORM VERSION : JB-MR-2
I/mediaserver( 3898): ServiceManager: 0xb60500c0
I/AudioFlinger( 3898): Using default 3000 mSec as standby time.
I/ServiceManager( 3898): Waiting for service batterystats...
I/gralloc ( 3897): using (fd=12)
I/gralloc ( 3897): id           = 
I/gralloc ( 3897): xres         = 1080 px
I/gralloc ( 3897): yres         = 1920 px
I/gralloc ( 3897): xres_virtual = 1080 px
I/gralloc ( 3897): yres_virtual = 3840 px
I/gralloc ( 3897): bpp          = 32
I/gralloc ( 3897): r            = 16:8
I/gralloc ( 3897): g            =  8:8
I/gralloc ( 3897): b            =  0:8
I/gralloc ( 3897): width        = 65 mm (422.030762 dpi)
I/gralloc ( 3897): height       = 115 mm (424.069580 dpi)
I/gralloc ( 3897): refresh rate = 60.00 Hz
D/AndroidRuntime( 3900): 
D/AndroidRuntime( 3900): >>>>>> AndroidRuntime START com.android.internal.os.ZygoteInit <<<<<<
D/AndroidRuntime( 3900): CheckJNI is OFF
I/art     ( 3900): option[0]=-Xzygote
I/art     ( 3900): option[1]=-Xstacktracefile:/data/anr/traces.txt
I/art     ( 3900): option[2]=exit
I/art     ( 3900): option[3]=vfprintf
I/art     ( 3900): option[4]=sensitiveThread
I/art     ( 3900): option[5]=-verbose:gc
I/art     ( 3900): option[6]=-Xms8m
I/art     ( 3900): option[7]=-Xmx512m
I/art     ( 3900): option[8]=-XX:mainThreadStackSize=24K
I/art     ( 3900): option[9]=-XX:HeapGrowthLimit=128m
I/art     ( 3900): option[10]=-XX:HeapMinFree=2m
I/art     ( 3900): option[11]=-XX:HeapMaxFree=8m
I/art     ( 3900): option[12]=-XX:HeapTargetUtilization=0.75
I/art     ( 3900): option[13]=-agentlib:jdwp=transport=dt_android_adb,suspend=n,server=y
I/art     ( 3900): option[14]=-Xlockprofthreshold:500
I/art     ( 3900): option[15]=-Ximage-compiler-option
I/art     ( 3900): option[16]=--runtime-arg
I/art     ( 3900): option[17]=-Ximage-compiler-option
I/art     ( 3900): option[18]=-Xms64m
I/art     ( 3900): option[19]=-Ximage-compiler-option
I/art     ( 3900): option[20]=--runtime-arg
I/art     ( 3900): option[21]=-Ximage-compiler-option
I/art     ( 3900): option[22]=-Xmx64m
I/art     ( 3900): option[23]=-Ximage-compiler-option
I/art     ( 3900): option[24]=--image-classes-zip=/system/framework/framework.jar
I/art     ( 3900): option[25]=-Ximage-compiler-option
I/art     ( 3900): option[26]=--image-classes=preloaded-classes
I/art     ( 3900): option[27]=-Xcompiler-option
I/art     ( 3900): option[28]=--runtime-arg
I/art     ( 3900): option[29]=-Xcompiler-option
I/art     ( 3900): option[30]=-Xms64m
I/art     ( 3900): option[31]=-Xcompiler-option
I/art     ( 3900): option[32]=--runtime-arg
I/art     ( 3900): option[33]=-Xcompiler-option
I/art     ( 3900): option[34]=-Xmx512m
I/art     ( 3900): option[35]=-Duser.language=es
I/art     ( 3900): option[36]=-Duser.region=US
I/art     ( 3900): Pruning dalvik-cache since we are generating an image and will need to recompile
W/art     ( 3900): Unexpected file type of 
W/art     ( 3900):  encountered.
I/art     ( 3900): Using an offset of 0xffc90000 from default art base address of 0x70000000
I/art     ( 3900): GenerateImage: /system/bin/dex2oat --image=/data/dalvik-cache/arm/system@framework@boot.art --dex-file=/system/framework/core-libart.jar --dex-file=/system/framework/conscrypt.jar --dex-file=/system/framework/okhttp.jar --dex-file=/system/framework/core-junit.jar --dex-file=/system/framework/bouncycastle.jar --dex-file=/system/framework/ext.jar --dex-file=/system/framework/framework.jar --dex-file=/system/framework/telephony-common.jar --dex-file=/system/framework/voip-common.jar --dex-file=/system/framework/ims-common.jar --dex-file=/system/framework/mms-common.jar --dex-file=/system/framework/android.policy.jar --dex-file=/system/framework/apache-xml.jar --oat-file=/data/dalvik-cache/arm/system@framework@boot.oat --instruction-set=arm --instruction-set-features=div --base=0x6fc90000 --runtime-arg -Xms64m --runtime-arg -Xmx64m --image-classes-zip=/system/framework/framework.jar --image-classes=preloaded-classes
W/art     ( 3900): Unexpected file type of 
W/art     ( 3900):  encountered.
W/art     ( 3900): Could not create image space with image file '/system/framework/boot.art'. Attempting to fall back to imageless running. Error was: Failed to generate image '/data/dalvik-cache/arm/system@framework@boot.art': Failed execv(/system/bin/dex2oat --image=/data/dalvik-cache/arm/system@framework@boot.art --dex-file=/system/framework/core-libart.jar --dex-file=/system/framework/conscrypt.jar --dex-file=/system/framework/okhttp.jar --dex-file=/system/framework/core-junit.jar --dex-file=/system/framework/bouncycastle.jar --dex-file=/system/framework/ext.jar --dex-file=/system/framework/framework.jar --dex-file=/system/framework/telephony-common.jar --dex-file=/system/framework/voip-common.jar --dex-file=/system/framework/ims-common.jar --dex-file=/system/framework/mms-common.jar --dex-file=/system/framework/android.policy.jar --dex-file=/system/framework/apache-xml.jar --oat-file=/data/dalvik-cache/arm/system@framework@boot.oat --instruction-set=arm --instruction-set-features=div --base=0x6fc90000 --runtime-arg -Xms64
D/hwcomposer( 3897): using
D/hwcomposer( 3897): xres         = 1080 px
D/hwcomposer( 3897): yres         = 1920 px
D/hwcomposer( 3897): width        = 65 mm (422.030000 dpi)
D/hwcomposer( 3897): height       = 115 mm (424.069000 dpi)
D/hwcomposer( 3897): refresh rate = 60 Hz
E/libexynosv4l2-subdev( 3897): no subdev device found
E/hdmi    ( 3897): failed to open hdmi mixer0 subdev
E/hwcomposer( 3897): openHdmi fail
I/hwcomposer( 3897): PSR info devname = /sys/devices/14400000.fimd_fb/psr_info
I/hwcomposer( 3897): PSR mode is 2(0: video mode, 1: DP PSR mode, 2: MIPI-DSI command mode)
I/SurfaceFlinger( 3897): Using composer version 1.3
I/SurfaceFlinger( 3897): EGL information:
I/SurfaceFlinger( 3897): vendor    : Android
I/SurfaceFlinger( 3897): version   : 1.4 Android META-EGL
I/SurfaceFlinger( 3897): extensions: EGL_KHR_get_all_proc_addresses EGL_ANDROID_presentation_time EGL_KHR_image EGL_KHR_image_base EGL_KHR_gl_texture_2D_image EGL_KHR_gl_texture_cubemap_image EGL_KHR_gl_renderbuffer_image EGL_KHR_fence_sync EGL_KHR_create_context EGL_ANDROID_image_native_buffer EGL_KHR_wait_sync EGL_ANDROID_recordable 
I/SurfaceFlinger( 3897): Client API: OpenGL_ES
I/SurfaceFlinger( 3897): EGLSurface: 8-8-8-8, config=0xb6acf2ac
I/SurfaceFlinger( 3897): OpenGL ES informations:
I/SurfaceFlinger( 3897): vendor    : ARM
I/SurfaceFlinger( 3897): renderer  : Mali-T628
I/SurfaceFlinger( 3897): version   : OpenGL ES 3.0
I/SurfaceFlinger( 3897): extensions: GL_EXT_debug_marker GL_ARM_rgba8 GL_ARM_mali_shader_binary GL_OES_depth24 GL_OES_depth_texture GL_OES_depth_texture_cube_map GL_OES_packed_depth_stencil GL_OES_rgb8_rgba8 GL_EXT_read_format_bgra GL_OES_compressed_paletted_texture GL_OES_compressed_ETC1_RGB8_texture GL_OES_standard_derivatives GL_OES_EGL_image GL_OES_EGL_image_external GL_OES_EGL_sync GL_OES_texture_npot GL_OES_vertex_half_float GL_OES_required_internalformat GL_OES_vertex_array_object GL_OES_mapbuffer GL_EXT_texture_format_BGRA8888 GL_EXT_texture_rg GL_EXT_texture_type_2_10_10_10_REV GL_OES_fbo_render_mipmap GL_OES_element_index_uint GL_EXT_shadow_samplers GL_OES_texture_compression_astc GL_KHR_texture_compression_astc_ldr GL_KHR_texture_compression_astc_hdr GL_KHR_debug GL_EXT_occlusion_query_boolean GL_EXT_blend_minmax GL_EXT_discard_framebuffer GL_OES_get_program_binary GL_OES_texture_3D GL_EXT_texture_storage GL_EXT_multisampled_render_to_texture GL_OES_surfaceless_context GL_ARM_mali_program_binary 
I/SurfaceFlinger( 3897): GL_MAX_TEXTURE_SIZE = 8192
I/SurfaceFlinger( 3897): GL_MAX_VIEWPORT_DIMS = 8192
E/libEGL  ( 3897): eglQuerySurface:607 error 300d (EGL_BAD_SURFACE)
E/libEGL  ( 3897): eglQuerySurface:607 error 300d (EGL_BAD_SURFACE)
E/libEGL  ( 3897): call to OpenGL ES API with no current context (logged once per thread)
D/SurfaceFlinger( 3897): Set power mode=2, type=0 flinger=0xb6a62000
I/hwcomposer( 3897): int exynos5_blank(hwc_composer_device_1*, int, int):: disp(0), blank(0)
I/hwcomposer( 3897): unblank ioctl failed (display already unblanked)
E/libEGL  ( 3897): eglSwapBuffers:1071 error 300d (EGL_BAD_SURFACE)
F/SurfaceFlinger( 3897): eglSwapBuffers(0x1, 0x0) failed with 0x0000300d
F/libc    ( 3897): Fatal signal 6 (SIGABRT), code -6 in tid 3897 (surfaceflinger)
I/DEBUG   ( 3582): property debug.db.uid not set; NOT waiting for gdb.
I/DEBUG   ( 3582): HINT: adb shell setprop debug.db.uid 100000
I/DEBUG   ( 3582): HINT: adb forward tcp:5039 tcp:5039
I/DEBUG   ( 3582): *** *** *** *** *** *** *** *** *** *** *** *** *** *** *** ***
I/DEBUG   ( 3582): Build fingerprint: 'samsung/cm_k3gxx/k3gxx:5.0.2/LRX22G/88e55c58ed:userdebug/test-keys'
I/DEBUG   ( 3582): Revision: '10'
I/DEBUG   ( 3582): ABI: 'arm'
I/DEBUG   ( 3582): pid: 3897, tid: 3897, name: surfaceflinger  >>> /system/bin/surfaceflinger <<<
I/DEBUG   ( 3582): signal 6 (SIGABRT), code -6 (SI_TKILL), fault addr --------
I/DEBUG   ( 3582): Abort message: 'eglSwapBuffers(0x1, 0x0) failed with 0x0000300d'
I/DEBUG   ( 3582):     r0 00000000  r1 00000f39  r2 00000006  r3 00000000
I/DEBUG   ( 3582):     r4 b6faa114  r5 00000006  r6 0000000b  r7 0000010c
I/DEBUG   ( 3582):     r8 00000000  r9 bef3abd0  sl b6a54210  fp bef3abd0
I/DEBUG   ( 3582):     ip 00000f39  sp bef3a650  lr b6f347b9  pc b6f584e4  cpsr 600f0010
I/DEBUG   ( 3582): 
I/DEBUG   ( 3582): backtrace:
I/DEBUG   ( 3582):     #00 pc 000384e4  /system/lib/libc.so (tgkill+12)
I/DEBUG   ( 3582):     #01 pc 000147b5  /system/lib/libc.so (pthread_kill+52)
I/DEBUG   ( 3582):     #02 pc 0001550b  /system/lib/libc.so (raise+10)
I/DEBUG   ( 3582):     #03 pc 00011c35  /system/lib/libc.so (__libc_android_abort+36)
I/DEBUG   ( 3582):     #04 pc 0000fcb8  /system/lib/libc.so (abort+4)
I/DEBUG   ( 3582):     #05 pc 00007739  /system/lib/libcutils.so (__android_log_assert+88)
I/DEBUG   ( 3582):     #06 pc 0000f4df  /system/lib/libsurfaceflinger.so
I/DEBUG   ( 3582):     #07 pc 0001b9fd  /system/lib/libsurfaceflinger.so
I/DEBUG   ( 3582):     #08 pc 0001abe7  /system/lib/libsurfaceflinger.so
I/DEBUG   ( 3582):     #09 pc 00019fc3  /system/lib/libsurfaceflinger.so
I/DEBUG   ( 3582):     #10 pc 00019d49  /system/lib/libsurfaceflinger.so
I/DEBUG   ( 3582):     #11 pc 00010ed3  /system/lib/libutils.so (android::Looper::pollInner(int)+410)
I/DEBUG   ( 3582):     #12 pc 00010fc5  /system/lib/libutils.so (android::Looper::pollOnce(int, int*, int*, void**)+92)
I/DEBUG   ( 3582):     #13 pc 000174c5  /system/lib/libsurfaceflinger.so
I/DEBUG   ( 3582):     #14 pc 0001993d  /system/lib/libsurfaceflinger.so (android::SurfaceFlinger::run()+8)
I/DEBUG   ( 3582):     #15 pc 0000083d  /system/bin/surfaceflinger
I/DEBUG   ( 3582):     #16 pc 0000fb75  /system/lib/libc.so (__libc_init+44)
I/DEBUG   ( 3582):     #17 pc 000008d8  /system/bin/surfaceflinger
W/auditd  ( 3593): type=1325 audit(0.0:272): table=raw family=2 entries=8
W/iptables( 4051): type=1300 audit(0.0:272): arch=40000028 syscall=294 per=800000 success=yes exit=0 a0=4 a1=0 a2=40 a3=b6c1ba00 items=0 ppid=3894 auid=4294967295 uid=0 gid=0 euid=0 suid=0 fsuid=0 egid=0 sgid=0 fsgid=0 ses=4294967295 tty=(none) exe="/system/bin/iptables" subj=u:r:netd:s0 key=(null)
W/auditd  ( 3593): type=1320 audit(0.0:272): 
W/auditd  ( 3593): type=1325 audit(0.0:273): table=raw family=10 entries=8
W/ip6tables( 4052): type=1300 audit(0.0:273): arch=40000028 syscall=294 per=800000 success=yes exit=0 a0=4 a1=29 a2=40 a3=b6c37800 items=0 ppid=3894 auid=4294967295 uid=0 gid=0 euid=0 suid=0 fsuid=0 egid=0 sgid=0 fsgid=0 ses=4294967295 tty=(none) exe="/system/bin/ip6tables" subj=u:r:netd:s0 key=(null)
W/auditd  ( 3593): type=1320 audit(0.0:273): 
W/auditd  ( 3593): type=1325 audit(0.0:274): table=mangle family=2 entries=16
W/iptables( 4053): type=1300 audit(0.0:274): arch=40000028 syscall=294 per=800000 success=yes exit=0 a0=4 a1=0 a2=40 a3=b6c48800 items=0 ppid=3894 auid=4294967295 uid=0 gid=0 euid=0 suid=0 fsuid=0 egid=0 sgid=0 fsgid=0 ses=4294967295 tty=(none) exe="/system/bin/iptables" subj=u:r:netd:s0 key=(null)
W/auditd  ( 3593): type=1320 audit(0.0:274): 
W/auditd  ( 3593): type=1325 audit(0.0:275): table=mangle family=10 entries=12
W/ip6tables( 4055): type=1300 audit(0.0:275): arch=40000028 syscall=294 per=800000 success=yes exit=0 a0=4 a1=29 a2=40 a3=b6c47800 items=0 ppid=3894 auid=4294967295 uid=0 gid=0 euid=0 suid=0 fsuid=0 egid=0 sgid=0 fsgid=0 ses=4294967295 tty=(none) exe="/system/bin/ip6tables" subj=u:r:netd:s0 key=(null)
W/auditd  ( 3593): type=1320 audit(0.0:275): 
W/auditd  ( 3593): type=1325 audit(0.0:276): table=mangle family=2 entries=15
W/iptables( 4056): type=1300 audit(0.0:276): arch=40000028 syscall=294 per=800000 success=yes exit=0 a0=4 a1=0 a2=40 a3=b6c1c200 items=0 ppid=3894 auid=4294967295 uid=0 gid=0 euid=0 suid=0 fsuid=0 egid=0 sgid=0 fsgid=0 ses=4294967295 tty=(none) exe="/system/bin/iptables" subj=u:r:netd:s0 key=(null)
W/auditd  ( 3593): type=1320 audit(0.0:276): 
W/auditd  ( 3593): type=1325 audit(0.0:277): table=mangle family=10 entries=11
W/ip6tables( 4057): type=1300 audit(0.0:277): arch=40000028 syscall=294 per=800000 success=yes exit=0 a0=4 a1=29 a2=40 a3=b6c1c200 items=0 ppid=3894 auid=4294967295 uid=0 gid=0 euid=0 suid=0 fsuid=0 egid=0 sgid=0 fsgid=0 ses=4294967295 tty=(none) exe="/system/bin/ip6tables" subj=u:r:netd:s0 key=(null)
W/auditd  ( 3593): type=1320 audit(0.0:277): 
W/auditd  ( 3593): type=1325 audit(0.0:278): table=mangle family=2 entries=15
W/iptables( 4058): type=1300 audit(0.0:278): arch=40000028 syscall=294 per=800000 success=yes exit=0 a0=4 a1=0 a2=40 a3=b6c1c200 items=0 ppid=3894 auid=4294967295 uid=0 gid=0 euid=0 suid=0 fsuid=0 egid=0 sgid=0 fsgid=0 ses=4294967295 tty=(none) exe="/system/bin/iptables" subj=u:r:netd:s0 key=(null)
I/ServiceManager( 3898): Waiting for service batterystats...
V/NatController( 3894): runCmd(/system/bin/iptables -F natctrl_FORWARD) res=0
V/NatController( 3894): runCmd(/system/bin/iptables -A natctrl_FORWARD -j DROP) res=0
V/NatController( 3894): runCmd(/system/bin/iptables -t nat -F natctrl_nat_POSTROUTING) res=0
V/NatController( 3894): runCmd(/system/bin/iptables -F natctrl_tether_counters) res=0
V/NatController( 3894): runCmd(/system/bin/iptables -X natctrl_tether_counters) res=0
V/NatController( 3894): runCmd(/system/bin/iptables -N natctrl_tether_counters) res=0
V/NatController( 3894): runCmd(/system/bin/iptables -t mangle -A natctrl_mangle_FORWARD -p tcp --tcp-flags SYN SYN -j TCPMSS --clamp-mss-to-pmtu) res=0
I/DEBUG   ( 3582): 
I/DEBUG   ( 3582): Tombstone written to: /data/tombstones/tombstone_03
I/ServiceManager( 3569): service 'SurfaceFlinger' died
I/ServiceManager( 3569): service 'Exynos.HWCService' died
I/ServiceManager( 3569): service 'media.wifi_display' died
W/SurfaceComposerClient( 3966): ComposerService remote (surfaceflinger) died [0xb63591c0]
D/BootAnimation( 3966): SurfaceFlinger died, exiting...
I/ServiceManager( 3569): service 'media.audio_flinger' died
W/init    ( 4113): type=1400 audit(0.0:330): avc: denied { entrypoint } for path="/system/bin/auditd" dev="mmcblk0p18" ino=173 scontext=u:r:logd:s0 tcontext=u:object_r:system_file:s0 tclass=file
W/init    ( 4113): type=1300 audit(0.0:330): arch=40000028 syscall=11 per=800000 success=no exit=-13 a0=b6d80954 a1=b6d69530 a2=57e64 a3=ff0000 items=1 ppid=1 auid=4294967295 uid=0 gid=0 euid=0 suid=0 fsuid=0 egid=0 sgid=0 fsgid=0 ses=4294967295 tty=(none) exe="/init" subj=u:r:init:s0 key=(null)
W/auditd  ( 3593): type=1307 audit(0.0:330): cwd="/"
W/auditd  ( 3593): type=1302 audit(0.0:330): item=0 name="/system/bin/auditd" inode=173 dev=103:0a mode=0100755 ouid=0 ogid=2000 rdev=00:00 obj=u:object_r:system_file:s0
W/auditd  ( 3593): type=1320 audit(0.0:330): 
I/Netd    ( 4114): Netd 1.0 starting
E/Netd    ( 4114): Failed to open /proc/sys/net/ipv6/conf/default/accept_ra_rt_table: No such file or directory
E/Netd    ( 4114): Failed to open /proc/sys/net/ipv6/conf/ip6tnl0/accept_ra_rt_table: No such file or directory
E/Netd    ( 4114): Failed to open /proc/sys/net/ipv6/conf/lo/accept_ra_rt_table: No such file or directory
E/Netd    ( 4114): Failed to open /proc/sys/net/ipv6/conf/rmnet0/accept_ra_rt_table: No such file or directory
E/Netd    ( 4114): Failed to open /proc/sys/net/ipv6/conf/rmnet1/accept_ra_rt_table: No such file or directory
E/Netd    ( 4114): Failed to open /proc/sys/net/ipv6/conf/rmnet2/accept_ra_rt_table: No such file or directory
E/Netd    ( 4114): Failed to open /proc/sys/net/ipv6/conf/rmnet3/accept_ra_rt_table: No such file or directory
E/Netd    ( 4114): Failed to open /proc/sys/net/ipv6/conf/sit0/accept_ra_rt_table: No such file or directory
W/auditd  ( 3593): type=1325 audit(0.0:331): table=filter family=2 entries=40
W/iptables( 4120): type=1300 audit(0.0:331): arch=40000028 syscall=294 per=800000 success=yes exit=0 a0=4 a1=0 a2=40 a3=b6c25000 items=0 ppid=4114 auid=4294967295 uid=0 gid=0 euid=0 suid=0 fsuid=0 egid=0 sgid=0 fsgid=0 ses=4294967295 tty=(none) exe="/system/bin/iptables" subj=u:r:netd:s0 key=(null)
W/auditd  ( 3593): type=1320 audit(0.0:331): 
I/SurfaceFlinger( 4116): SurfaceFlinger is starting
I/SurfaceFlinger( 4116): SurfaceFlinger's main thread ready to run. Initializing graphics H/W...
W/auditd  ( 3593): type=1325 audit(0.0:332): table=filter family=10 entries=37
W/ip6tables( 4122): type=1300 audit(0.0:332): arch=40000028 syscall=294 per=800000 success=yes exit=0 a0=4 a1=29 a2=40 a3=b6c28000 items=0 ppid=4114 auid=4294967295 uid=0 gid=0 euid=0 suid=0 fsuid=0 egid=0 sgid=0 fsgid=0 ses=4294967295 tty=(none) exe="/system/bin/ip6tables" subj=u:r:netd:s0 key=(null)
W/auditd  ( 3593): type=1320 audit(0.0:332): 
W/auditd  ( 3593): type=1325 audit(0.0:333): table=filter family=2 entries=39
W/iptables( 4126): type=1300 audit(0.0:333): arch=40000028 syscall=294 per=800000 success=yes exit=0 a0=4 a1=0 a2=40 a3=b6c22000 items=0 ppid=4114 auid=4294967295 uid=0 gid=0 euid=0 suid=0 fsuid=0 egid=0 sgid=0 fsgid=0 ses=4294967295 tty=(none) exe="/system/bin/iptables" subj=u:r:netd:s0 key=(null)
W/auditd  ( 3593): type=1320 audit(0.0:333): 
D/libEGL  ( 4116): loaded /vendor/lib/egl/libGLES_mali.so
W/auditd  ( 3593): type=1325 audit(0.0:334): table=filter family=10 entries=36
W/ip6tables( 4127): type=1300 audit(0.0:334): arch=40000028 syscall=294 per=800000 success=yes exit=0 a0=4 a1=29 a2=40 a3=b6c23000 items=0 ppid=4114 auid=4294967295 uid=0 gid=0 euid=0 suid=0 fsuid=0 egid=0 sgid=0 fsgid=0 ses=4294967295 tty=(none) exe="/system/bin/ip6tables" subj=u:r:netd:s0 key=(null)
W/auditd  ( 3593): type=1320 audit(0.0:334): 
W/auditd  ( 3593): type=1325 audit(0.0:335): table=filter family=2 entries=39
W/iptables( 4138): type=1300 audit(0.0:335): arch=40000028 syscall=294 per=800000 success=yes exit=0 a0=4 a1=0 a2=40 a3=b6c22000 items=0 ppid=4114 auid=4294967295 uid=0 gid=0 euid=0 suid=0 fsuid=0 egid=0 sgid=0 fsgid=0 ses=4294967295 tty=(none) exe="/system/bin/iptables" subj=u:r:netd:s0 key=(null)
W/auditd  ( 3593): type=1320 audit(0.0:335): 
I/        ( 4116): PLATFORM VERSION : JB-MR-2
D/AndroidRuntime( 4119): 
D/AndroidRuntime( 4119): >>>>>> AndroidRuntime START com.android.internal.os.ZygoteInit <<<<<<
D/AndroidRuntime( 4119): CheckJNI is OFF
I/art     ( 4119): option[0]=-Xzygote
I/art     ( 4119): option[1]=-Xstacktracefile:/data/anr/traces.txt
I/art     ( 4119): option[2]=exit
I/art     ( 4119): option[3]=vfprintf
I/art     ( 4119): option[4]=sensitiveThread
I/art     ( 4119): option[5]=-verbose:gc
I/art     ( 4119): option[6]=-Xms8m
I/art     ( 4119): option[7]=-Xmx512m
I/art     ( 4119): option[8]=-XX:mainThreadStackSize=24K
I/art     ( 4119): option[9]=-XX:HeapGrowthLimit=128m
I/art     ( 4119): option[10]=-XX:HeapMinFree=2m
I/art     ( 4119): option[11]=-XX:HeapMaxFree=8m
I/art     ( 4119): option[12]=-XX:HeapTargetUtilization=0.75
I/art     ( 4119): option[13]=-agentlib:jdwp=transport=dt_android_adb,suspend=n,server=y
I/art     ( 4119): option[14]=-Xlockprofthreshold:500
I/art     ( 4119): option[15]=-Ximage-compiler-option
I/art     ( 4119): option[16]=--runtime-arg
I/art     ( 4119): option[17]=-Ximage-compiler-option
I/art     ( 4119): option[18]=-Xms64m
I/art     ( 4119): option[19]=-Ximage-compiler-option
I/art     ( 4119): option[20]=--runtime-arg
I/art     ( 4119): option[21]=-Ximage-compiler-option
I/art     ( 4119): option[22]=-Xmx64m
I/art     ( 4119): option[23]=-Ximage-compiler-option
I/art     ( 4119): option[24]=--image-classes-zip=/system/framework/framework.jar
