D/Telephony( 4801): TtyManager: setTTYMode exception: com.android.internal.telephony.CommandException: RADIO_NOT_AVAILABLE
V/OtaStartupReceiver( 4801): onOtaspChanged: mOtaspMode=1
I/bt_hwcfg( 5162): bt vendor lib: set UART baud 3000000
D/SuperSU][APK( 5243): [SuperSU][APK][Installer] sugote --> 245 / -4 / 1
D/Telephony( 4801): TtyManager: setting TTY mode to 0 succeeded
I/bt_hwcfg( 5162): vendor lib fwcfg completed
I/bt-btu  ( 5162): btu_task received preload complete event
W/bt-l2cap( 5162): L2CAP - L2CA_Register() called for PSM: 0x0001
W/bt-l2cap( 5162): L2CAP - L2CA_Register() called for PSM: 0x001f
W/bt-l2cap( 5162): L2CAP - L2CA_Register() called for PSM: 0x0003
W/bt-l2cap( 5162): L2CAP - L2CA_Register() called for PSM: 0x1487
I/        ( 5162): BTE_InitTraceLevels -- TRC_HCI
I/        ( 5162): BTE_InitTraceLevels -- TRC_L2CAP
I/        ( 5162): BTE_InitTraceLevels -- TRC_RFCOMM
I/        ( 5162): BTE_InitTraceLevels -- TRC_AVDT
I/        ( 5162): BTE_InitTraceLevels -- TRC_AVRC
I/        ( 5162): BTE_InitTraceLevels -- TRC_A2D
I/        ( 5162): BTE_InitTraceLevels -- TRC_BNEP
I/        ( 5162): BTE_InitTraceLevels -- TRC_BTM
I/        ( 5162): BTE_InitTraceLevels -- TRC_HID_HOST
I/        ( 5162): BTE_InitTraceLevels -- TRC_GAP
I/        ( 5162): BTE_InitTraceLevels -- TRC_PAN
I/        ( 5162): BTE_InitTraceLevels -- TRC_SDP
I/        ( 5162): BTE_InitTraceLevels -- TRC_GATT
I/        ( 5162): BTE_InitTraceLevels -- TRC_SMP
I/        ( 5162): BTE_InitTraceLevels -- TRC_HID_DEV
I/        ( 5162): BTE_InitTraceLevels -- TRC_BTAPP
I/        ( 5162): BTE_InitTraceLevels -- TRC_BTIF
I/        ( 5162): BTE_InitTraceLevels -- TRC_LATENCY_AUDIO
D/SuperSU][APK( 5243): [SuperSU][APK][Installer] supolicy --> 245
I/ActivityManager( 4136): Start proc com.cyanogenmod.updater for broadcast com.cyanogenmod.updater/.receiver.UpdateCheckReceiver: pid=5427 uid=10003 gids={50003, 9997, 3003, 1028, 1015, 2001} abi=armeabi-v7a
D/SuperSU][APK( 5243): [SuperSU][APK][Installer] su old --> -2
D/SuperSU][APK( 5243): [SuperSU][APK][Installer] app_process --> 0
D/KeyguardUpdateMonitor( 4311): ACTION_SERVICE_STATE_CHANGED on sub: -1 mServiceState: 1 1 home null null null  Unknown Unknown CSS not supported -1 -1 RoamInd=-1 DefRoamInd=-1 EmergOnly=false
D/GpsLocationProvider( 4136): received SIM realted action: android.intent.action.SIM_STATE_CHANGED
D/PhoneStatusBarPolicy( 4311): updateSimState for subId :-1
D/PhoneStatusBarPolicy( 4311): updateSimState for phoneId :0
D/PhoneStatusBarPolicy( 4311): updateSimState for Slot :-1
D/GpsLocationProvider( 4136): SIM MCC/MNC is still not available
D/GpsLocationProvider( 4136): received SIM realted action: android.intent.action.SIM_STATE_CHANGED
D/GpsLocationProvider( 4136): SIM MCC/MNC is still not available
D/PhoneStatusBarPolicy( 4311): updateSimState for subId :-1
D/PhoneStatusBarPolicy( 4311): updateSimState for phoneId :0
D/PhoneStatusBarPolicy( 4311): updateSimState for Slot :-1
D/SuperSU][APK( 5243): [SuperSU][APK][Installer] sdk == 21
D/SuperSU][APK( 5243): [SuperSU][APK][Installer] xbin_only == 0
D/SuperSU][APK( 5243): [SuperSU][APK][Installer] selinux_enforcing == 0
D/SuperSU][APK( 5243): [SuperSU][APK][Installer] is_daemon_mode == 1
D/SuperSU][APK( 5243): [SuperSU][APK][Installer] is_sugote_needed == 1
D/SuperSU][APK( 5243): [SuperSU][APK][Installer] is_supolicy_needed == 1
D/SuperSU][APK( 5243): [SuperSU][APK][Installer] context_toolbox == u:object_r:system_file:s0
D/SuperSU][APK( 5243): [SuperSU][APK][Installer] want_install == 0
D/SuperSU][APK( 5243): [SuperSU][APK][Installer] want_backup == 0
D/SuperSU][APK( 5243): [SuperSU][APK][Installer] want_daemon == 0
D/SuperSU][APK( 5243): [SuperSU][APK][Installer] want_sugote == 0
D/SuperSU][APK( 5243): [SuperSU][APK][Installer] want_supolicy == 0
D/SuperSU][APK( 5243): [SuperSU][APK][Installer] want_app_process == 0
D/SuperSU][APK( 5243): [SuperSU][APK][Installer] have_recovery_context == 0
D/SuperSU][APK( 5243): [SuperSU][APK][Installer] wantInstall() == 0
D/SuperSU][APK( 5243): [SuperSU][APK][Installer] canInstall() == 1
D/PhoneStatusBar( 4311): disable: < expand ICONS alerts SYSTEM_INFO back HOME RECENT clock SEARCH >
I/UpdateCheckReceiver( 5427): Scheduling future, repeating update checks.
W/bt-btm  ( 5162): btm_decode_ext_features_page Secure conn Host support Enabled
W/bt-btm  ( 5162): btm_decode_ext_features_page Secure conn Controller support Enabled
E/bt-btm  ( 5162): BTM_SecRegister:p_cb_info->p_le_callback == 0xa1d08051 
E/bt-btm  ( 5162): BTM_SecRegister: btm_cb.api.p_le_callback = 0xa1d08051 
I/art     ( 4136): Explicit concurrent mark sweep GC freed 12920(1287KB) AllocSpace objects, 35(3MB) LOS objects, 33% free, 22MB/34MB, paused 2.361ms total 57.153ms
I/ActivityManager( 4136): Start proc com.android.providers.calendar for broadcast com.android.providers.calendar/.CalendarReceiver: pid=5470 uid=10004 gids={50004, 9997, 3003, 1028, 1015} abi=armeabi-v7a
I/UpdateCheckService( 5427): Could not check for updates. Not connected to the network.
I/art     ( 3702): Explicit concurrent mark sweep GC freed 706(30KB) AllocSpace objects, 0(0B) LOS objects, 39% free, 15MB/25MB, paused 218us total 12.394ms
E/SuperSU ( 5243): SU BINARY IS NOT RUNNING AS "u:r:init:s0" - THIS WILL CAUSE ISSUES
I/art     ( 3702): Explicit concurrent mark sweep GC freed 5(160B) AllocSpace objects, 0(0B) LOS objects, 39% free, 15MB/25MB, paused 205us total 10.413ms
I/art     ( 3702): Explicit concurrent mark sweep GC freed 5(160B) AllocSpace objects, 0(0B) LOS objects, 39% free, 15MB/25MB, paused 170us total 9.892ms
W/ResourcesManager( 5470): Asset path '/system/framework/android.test.runner.jar' does not exist or contains no resources.
I/CalendarProvider2( 5470): Created com.android.providers.calendar.CalendarAlarmManager@15ca7052(com.android.providers.calendar.CalendarProvider2@26d6ff23)
E/bt-btif ( 5162): Calling BTA_HhEnable
E/bt-btif ( 5162): AG evt (hdl 0x0001): State 0, Event 0x0500
D/bt-btif ( 5162): AG evt (hdl 0x0001): State 0, Event 0x0500
W/bt-l2cap( 5162): L2CAP - L2CA_Register() called for PSM: 0x0019
W/bt-l2cap( 5162): L2CAP - L2CA_Register() called for PSM: 0x0017
D/bt-btif ( 5162):  AVRC_Open AVRC_Open role: 1, control:3 status:0, handle:0
W/bt-l2cap( 5162): L2CAP - L2CA_Register() called for PSM: 0x0011
W/bt-l2cap( 5162): L2CAP - L2CA_Register() called for PSM: 0x0013
D/BluetoothAdapterProperties( 5162): Address is:14:B4:84:6F:66:79
W/bt-smp  ( 5162): Key(LSB ~ MSB) = f1 cc e1 44 82 1c 45 76 77 4e 1b 45 1d 1d 6c ce 
W/bt-smp  ( 5162): Plain text(LSB ~ MSB) = 55 0d 7e 00 00 00 00 00 00 00 00 00 00 00 00 00 
W/bt-smp  ( 5162): Encrypted text(LSB ~ MSB) = db 17 95 38 c6 dc 4c d3 9e a1 91 0d 62 9a 18 70 
W/bt-btm  ( 5162): Stopping oneshot timer
I/ActivityManager( 4136): Start proc com.android.managedprovisioning for broadcast com.android.managedprovisioning/.BootReminder: pid=5506 uid=10011 gids={50011, 9997, 1028, 3003} abi=armeabi-v7a
D/BluetoothAdapterProperties( 5162): Name is: SM-G900H
D/BluetoothManagerService( 4136): Bluetooth Adapter name changed to SM-G900H
D/BluetoothManagerService( 4136): Stored Bluetooth name: SM-G900H
D/BluetoothAdapterProperties( 5162): Scan Mode:21
D/BluetoothAdapterProperties( 5162): Discoverable Timeout:120
D/bt_vendor( 5162): op for 2
D/bt_vendor( 5162): op for 6
D/bt_vendor( 5162): op for 7
W/bt-l2cap( 5162): L2CAP - L2CA_Register() called for PSM: 0x000f
D/bt_vendor( 5162): op for 7
D/bt_upio ( 5162): BT_WAKE is asserted already
D/bte_conf( 5162): Device ID record 1 : primary
D/bte_conf( 5162):   vendorId            = 001d
D/bte_conf( 5162):   vendorIdSource      = 0001
D/bte_conf( 5162):   product             = 1200
D/bte_conf( 5162):   version             = 1436
D/bte_conf( 5162):   clientExecutableURL = 
D/bte_conf( 5162):   serviceDescription  = 
D/bte_conf( 5162):   documentationURL    = 
D/bte_conf( 5162): bte_load_did_conf no section named DID2.
D/bt-btif ( 5162): btif_hf_upstreams_evt: event=BTA_AG_ENABLE_EVT
E/bt-btif ( 5162): btif_hf_upstreams_evt: Invalid index 17233
D/bt-btif ( 5162): btif_hf_upstreams_evt: event=BTA_AG_REGISTER_EVT
D/bt-btif ( 5162): btif_av_state_idle_handler event:BTA_AV_ENABLE_EVT flags 0
D/bt-btif ( 5162): btif_av_state_idle_handler event:BTA_AV_REGISTER_EVT flags 0
D/BluetoothPanServiceJni( 5162): control_state_callback(L61): state:0, local_role:3, ifname:bt-pan
D/BluetoothAdapterState( 5162): CURRENT_STATE=PENDING, MESSAGE = ENABLE_READY, isTurningOn=true, isTurningOff=false
D/BluetoothAdapterProperties( 5162): ScanMode =  21
D/BluetoothAdapterProperties( 5162): State =  11
D/bt_vendor( 5162): op for 7
D/bt_upio ( 5162): BT_WAKE is asserted already
D/BluetoothAdapterProperties( 5162): Setting state to 12
I/BluetoothAdapterState( 5162): Bluetooth adapter state changed: 11-> 12
D/BluetoothAdapterProperties( 5162): Discoverable Timeout:120
D/BluetoothManagerService( 4136): Message: 60
D/BluetoothManagerService( 4136): MESSAGE_BLUETOOTH_STATE_CHANGE: prevState = 11, newState=12
I/BluetoothAdapterState( 5162): Entering On State
D/BluetoothManagerService( 4136): Broadcasting onBluetoothStateChange(true) to 5 receivers.
D/BluetoothA2dp( 4136): onBluetoothStateChange: up=true
D/BluetoothHeadset( 4779): onBluetoothStateChange: up=true
D/BluetoothHeadset( 4136): onBluetoothStateChange: up=true
D/BluetoothHeadset( 4779): onBluetoothStateChange: up=true
D/BluetoothHeadset( 4801): onBluetoothStateChange: up=true
D/BluetoothManagerService( 4136): Bluetooth State Change Intent: 11 -> 12
I/QBluetoothAdapterService( 5162): REFCOUNT: CREATED. INSTANCE_COUNT1
D/Telecom ( 4779): BluetoothPhoneService: Bluetooth Adapter state: 12
I/bluedroid( 5162): initq
I/Telecom ( 4779): BluetoothPhoneService: handleMessage: request is null
D/BluetoothManagerService( 4136): BluetoothServiceConnection: com.android.bluetooth.gatt.GattService
D/BluetoothManagerService( 4136): Message: 40
D/BluetoothManagerService( 4136): MESSAGE_BLUETOOTH_SERVICE_CONNECTED: 2
D/BluetoothManagerService( 4136): BluetoothServiceConnection: com.android.bluetooth.btservice.QAdapterService
E/BluetoothManagerService( 4136): Bluetooth Q service connected: com.android.bluetooth.btservice.QAdapterService
D/BluetoothMapService( 5162): onReceive
D/BluetoothMapService( 5162): onReceive, action android.bluetooth.adapter.action.STATE_CHANGED
D/BluetoothMapService( 5162): STATE_ON
V/BluetoothMapService( 5162): Handler(): got msg=1
D/BluetoothManagerService( 4136): Message: 40
D/BluetoothManagerService( 4136): MESSAGE_BLUETOOTH_SERVICE_CONNECTED: 3
D/BluetoothManagerService( 4136): mQBluetooth: android.bluetooth.IQBluetooth$Stub$Proxy@27dd85c9
D/BluetoothManagerService( 4136): Calling onQBluetoothServiceUp callbacks
D/BluetoothManagerService( 4136): Broadcasting onQBluetoothServiceUp() to 0 receivers.
D/BluetoothManagerService( 4136): checkIfCallerIsForegroundUser: valid=true callingUser=0 foregroundUser=0
W/BluetoothAdapter( 5162): getBluetoothService() called with no BluetoothManagerCallback
D/BluetoothMapService( 5162): inside SocketAcceptThread
D/BluetoothAdapterProperties( 5162): Scan Mode:21
D/BluetoothMapService( 5162): Removing from the list, masid 0
D/BluetoothMapService( 5162): Accepting socket connection...
D/bt_vendor( 5162): op for 7
D/bt_upio ( 5162): BT_WAKE is asserted already
E/bt_h4   ( 5162): vendor lib postload completed
D/bt_vendor( 5162): op for 7
D/bt_upio ( 5162): BT_WAKE is asserted already
W/ContextImpl( 5134): Calling a method in the system process without a qualified user: android.app.ContextImpl.startService:1726 android.content.ContextWrapper.startService:521 android.content.ContextWrapper.startService:521 com.android.settings.bluetooth.DockEventReceiver.beginStartingService:134 com.android.settings.bluetooth.DockEventReceiver.onReceive:115 
D/bt_vendor( 5162): op for 7
D/bt_upio ( 5162): BT_WAKE is asserted already
D/bt_vendor( 5162): op for 7
D/bt_upio ( 5162): BT_WAKE is asserted already
D/bt_vendor( 5162): op for 7
D/bt_upio ( 5162): BT_WAKE is asserted already
D/bt_vendor( 5162): op for 7
D/bt_upio ( 5162): BT_WAKE is asserted already
D/bt_vendor( 5162): op for 7
D/bt_upio ( 5162): BT_WAKE is asserted already
D/bt_vendor( 5162): op for 7
D/bt_upio ( 5162): BT_WAKE is asserted already
D/bt_vendor( 5162): op for 7
D/bt_upio ( 5162): BT_WAKE is asserted already
D/bt_vendor( 5162): op for 7
D/bt_upio ( 5162): BT_WAKE is asserted already
D/bt_vendor( 5162): op for 7
D/bt_upio ( 5162): BT_WAKE is asserted already
D/bt_vendor( 5162): op for 7
D/bt_upio ( 5162): BT_WAKE is asserted already
D/bt_vendor( 5162): op for 7
D/bt_upio ( 5162): BT_WAKE is asserted already
D/bt_vendor( 5162): op for 7
D/bt_upio ( 5162): BT_WAKE is asserted already
D/bt_vendor( 5162): op for 7
D/bt_upio ( 5162): BT_WAKE is asserted already
D/bt_vendor( 5162): op for 7
D/bt_upio ( 5162): BT_WAKE is asserted already
D/bt_vendor( 5162): op for 7
D/bt_upio ( 5162): BT_WAKE is asserted already
D/bt_vendor( 5162): op for 7
D/bt_upio ( 5162): BT_WAKE is asserted already
D/bt_vendor( 5162): op for 7
D/bt_upio ( 5162): BT_WAKE is asserted already
D/bt_vendor( 5162): op for 7
D/bt_upio ( 5162): BT_WAKE is asserted already
D/bt_vendor( 5162): op for 7
D/bt_upio ( 5162): BT_WAKE is asserted already
D/bt_vendor( 5162): op for 7
D/bt_upio ( 5162): BT_WAKE is asserted already
I/ActivityManager( 4136): Start proc com.android.email for content provider com.android.email/.provider.EmailProvider: pid=5535 uid=10033 gids={50033, 9997, 3003, 1028, 1015} abi=armeabi-v7a
D/BluetoothManagerService( 4136): Message: 20
D/BluetoothManagerService( 4136): Added callback: android.bluetooth.IBluetoothManagerCallback$Stub$Proxy@18085afc:true
D/LocalBluetoothProfileManager( 5134): Adding local A2DP SRC profile
D/BluetoothManagerService( 4136): Message: 30
D/LocalBluetoothProfileManager( 5134): Adding local HEADSET profile
D/BluetoothManagerService( 4136): Message: 30
D/BluetoothManagerService( 4136): Message: 30
D/BluetoothManagerService( 4136): Message: 30
D/LocalBluetoothProfileManager( 5134): Adding local MAP profile
D/BluetoothMap( 5134): Create BluetoothMap proxy object
D/BluetoothManagerService( 4136): Message: 30
D/BluetoothManagerService( 4136): Message: 30
D/LocalBluetoothProfileManager( 5134): LocalBluetoothProfileManager construction complete
D/DockEventReceiver( 5134): finishStartingService: stopping service
D/BluetoothA2dp( 5134): Proxy object connected
D/A2dpProfile( 5134): Bluetooth service connected
D/BluetoothHeadset( 5134): Proxy object connected
D/HeadsetProfile( 5134): Bluetooth service connected
D/ActivityThread( 5535): Loading provider com.android.email.provider;com.android.email.notifier: com.android.email.provider.EmailProvider
D/ActivityThread( 5535): Loading provider com.android.email.provider;com.android.email.notifier: com.android.email.provider.EmailProvider
D/ActivityThread( 5535): Loading provider com.android.email.provider;com.android.email.notifier: com.android.email.provider.EmailProvider
I/ActivityManager( 4136): Start proc com.android.mms for broadcast com.android.mms/.transaction.MmsSystemEventReceiver: pid=5575 uid=10012 gids={50012, 9997, 3003, 1028, 1015} abi=armeabi-v7a
D/ActivityThread( 5535): Loading provider com.android.email.provider;com.android.email.notifier: com.android.email.provider.EmailProvider
D/ActivityThread( 5535): Loading provider com.android.email.provider;com.android.email.notifier: com.android.email.provider.EmailProvider
E/SQLiteLog( 5099): (283) recovered 89 frames from WAL file /data/user/0/com.android.providers.media/databases/internal.db-wal
W/ActivityManager( 4136): Unable to start service Intent { cmp=com.android.email/.service.AttachmentService } U=0: not found
W/ActivityManager( 4136): Unable to start service Intent { cmp=com.android.email/.service.AttachmentService } U=0: not found
W/ActivityManager( 4136): Unable to start service Intent { cmp=com.android.email/.service.AttachmentService } U=0: not found
W/ActivityManager( 4136): Unable to start service Intent { cmp=com.android.email/.service.AttachmentService } U=0: not found
I/Email   ( 5535): Observing account changes for notifications
I/ActivityManager( 4136): Start proc com.android.exchange for service com.android.exchange/.service.EasService: pid=5601 uid=10034 gids={50034, 9997, 3003, 1028, 1015} abi=armeabi-v7a
W/ActivityManager( 4136): Unable to start service Intent { cmp=com.android.email/.service.AttachmentService } U=0: not found
W/ActivityManager( 4136): Unable to start service Intent { cmp=com.android.email/.service.AttachmentService } U=0: not found
D/BluetoothInputDevice( 5134): Proxy object connected
D/HidProfile( 5134): Bluetooth service connected
D/BluetoothPan( 5134): BluetoothPAN Proxy object connected
D/PanProfile( 5134): Bluetooth service connected
D/BluetoothMap( 5134): Proxy object connected
D/MapProfile( 5134): Bluetooth service connected
D/BluetoothMap( 5134): getConnectedDevices()
D/BluetoothPbap( 5134): Proxy object connected
D/PbapServerProfile( 5134): Bluetooth service connected
D/BluetoothManagerService( 4136): checkIfCallerIsForegroundUser: valid=true callingUser=0 foregroundUser=0
W/BluetoothAdapter( 5162): getBluetoothService() called with no BluetoothManagerCallback
D/bt_vendor( 5162): op for 7
D/bt_upio ( 5162): BT_WAKE is asserted already
D/MccTable( 4801): updateMccMncConfiguration mccmnc='72234' fromServiceState=false
D/MccTable( 4801): updateMccMncConfiguration defaultMccMnc=
D/MccTable( 4801): updateMccMncConfiguration: mcc=722, mnc=34
D/MccTable( 4801): getLocaleFromMcc to null_ar mcc=722
D/MccTable( 4801): getLocaleForLanguageCountry: skipping no language
D/MccTable( 4801): updateMccMncConfiguration updateConfig config={1.0 722mcc34mnc ?locale ?layoutDir ?swdp ?wdp ?hdp ?density ?lsize ?long ?orien ?uimode ?night ?touch ?keyb/?/? ?nav/? themeResource=null}
I/ActivityManager( 4136): Config changes=3 {1.0 722mcc34mnc es_ES ldltr sw360dp w360dp h615dp 480dpi nrml long port finger -keyb/v/h -nav/h s.7 themeResource=themes:{default=overlay:system, iconPack:system, fontPkg:system, com.android.systemui=overlay:system, com.android.systemui.navbar=overlay:system}}
D/PermissionCache( 3688): checking android.permission.READ_FRAME_BUFFER for uid=1000 => granted (3514 us)
E/BTEventHandler( 5162): A4WP is not supported
D/BtOppService( 5162): insertShare parsed URI: content://media/external/file/24
V/BtOppL2CapListener( 5162): Starting L2cap listener....
D/A2dpService( 5162): getA2DPService(): returning com.android.bluetooth.a2dp.A2dpService@7805668
D/A2dpSinkService( 5162): getA2dpSinkService(): service is NULL
W/MediaScanner( 5099): Error opening directory '/oem/media/', skipping: No such file or directory.
D/BluetoothManagerService( 4136): checkIfCallerIsForegroundUser: valid=true callingUser=0 foregroundUser=0
D/BluetoothManagerService( 4136): checkIfCallerIsForegroundUser: valid=true callingUser=0 foregroundUser=0
W/BluetoothAdapter( 5162): getBluetoothService() called with no BluetoothManagerCallback
W/BluetoothAdapter( 5162): getBluetoothService() called with no BluetoothManagerCallback
D/CountryDetector( 4136): The first listener is added
D/bt_vendor( 5162): op for 7
D/bt_upio ( 5162): BT_WAKE is asserted already
V/BtOppL2CapListener( 5162): Started L2Cap listener....
I/BtOppL2CapListener( 5162): Accept thread started 
V/BtOppL2CapListener( 5162): Accepting connection...
I/BtOppRfcommListener( 5162): Accept thread started.
D/WVMDrmPlugIn( 3690): WVMDrmPlugin::onInitialize : 1526
D/WVMDrmPlugIn( 3690): WVMDrmPlugin::onSetOnInfoListener : add 1526
I/Exchange( 5601): PSS has no active accounts; stopping service.
I/art     ( 4823): Explicit concurrent mark sweep GC freed 30940(2MB) AllocSpace objects, 32(2MB) LOS objects, 39% free, 24MB/40MB, paused 2.171ms total 40.861ms
V/Mms     ( 5575): mnc/mcc: 
V/Mms     ( 5575): tag: int value: maxMessageSize - 1045876
V/Mms     ( 5575): tag: int value: maxImageHeight - 2592
V/Mms     ( 5575): tag: int value: maxImageWidth - 2592
V/Mms     ( 5575): tag: bool value: enableMultipartSMS - true
V/Mms     ( 5575): tag: bool value: enableSplitSMS - false
V/Mms     ( 5575): tag: string value: userAgent - SAMSUNG-SM-G900H-Mms
V/Mms     ( 5575): tag: string value: uaProfUrl - http://wap.samsungmobile.com/uaprof/SM-G900H.xml
I/ContactPhotoManager( 5575): Cache adj: 1.0
E/ContactPhotoManager( 5575): No contact photo service in context: com.android.mms.MmsApp@11abc9d9
I/art     ( 4823): Explicit concurrent mark sweep GC freed 7062(519KB) AllocSpace objects, 17(2MB) LOS objects, 40% free, 21MB/35MB, paused 2.670ms total 28.841ms
I/art     ( 4823): Explicit concurrent mark sweep GC freed 22(4KB) AllocSpace objects, 0(0B) LOS objects, 40% free, 21MB/35MB, paused 1.638ms total 19.623ms
I/ActivityManager( 4136): Start proc com.android.onetimeinitializer for broadcast com.android.onetimeinitializer/.OneTimeInitializerReceiver: pid=5653 uid=10013 gids={50013, 9997} abi=armeabi-v7a
D/MmsSmsDatabaseHelper( 4801): [MmsSmsDb] tableName: threads hasAutoIncrement: CREATE TABLE threads (_id INTEGER PRIMARY KEY AUTOINCREMENT,date INTEGER DEFAULT 0,message_count INTEGER DEFAULT 0,recipient_ids TEXT,snippet TEXT,snippet_cs INTEGER DEFAULT 0,read INTEGER DEFAULT 1,archived INTEGER DEFAULT 0,type INTEGER DEFAULT 0,error INTEGER DEFAULT 0,has_attachment INTEGER DEFAULT 0) result: true
D/MmsSmsDatabaseHelper( 4801): [MmsSmsDb] tableName: canonical_addresses hasAutoIncrement: CREATE TABLE canonical_addresses (_id INTEGER PRIMARY KEY AUTOINCREMENT,address TEXT) result: true
D/MmsSmsDatabaseHelper( 4801): [MmsSmsDb] tableName: part hasAutoIncrement: CREATE TABLE part (_id INTEGER PRIMARY KEY AUTOINCREMENT,mid INTEGER,seq INTEGER DEFAULT 0,ct TEXT,name TEXT,chset INTEGER,cd TEXT,fn TEXT,cid TEXT,cl TEXT,ctt_s INTEGER,ctt_t TEXT,_data TEXT,text TEXT) result: true
D/MmsSmsDatabaseHelper( 4801): [MmsSmsDb] tableName: pdu hasAutoIncrement: CREATE TABLE pdu (_id INTEGER PRIMARY KEY AUTOINCREMENT,thread_id INTEGER,date INTEGER,date_sent INTEGER DEFAULT 0,msg_box INTEGER,read INTEGER DEFAULT 0,m_id TEXT,sub TEXT,sub_cs INTEGER,ct_t TEXT,ct_l TEXT,exp INTEGER,m_cls TEXT,m_type INTEGER,v INTEGER,m_size INTEGER,pri INTEGER,rr INTEGER,rpt_a INTEGER,resp_st INTEGER,st INTEGER,tr_id TEXT,retr_st INTEGER,retr_txt TEXT,retr_txt_cs INTEGER,read_status INTEGER,ct_cls INTEGER,resp_txt TEXT,d_tm INTEGER,d_rpt INTEGER,locked INTEGER DEFAULT 0,phone_id INTEGER DEFAULT -1, seen INTEGER DEFAULT 0,creator TEXT,text_only INTEGER DEFAULT 0) result: true
D/MmsSmsDatabaseHelper( 4801): [getWritableDatabase] hasAutoIncrementThreads: true hasAutoIncrementAddresses: true hasAutoIncrementPart: true hasAutoIncrementPdu: true
W/MediaScanner( 5099): Error opening directory '/storage/sdcard1/', skipping: No such file or directory.
W/MediaScanner( 5099): Error opening directory '/storage/usbdisk/', skipping: No such file or directory.
D/WVMDrmPlugIn( 3690): WVMDrmPlugin::onInitialize : 658
D/WVMDrmPlugIn( 3690): WVMDrmPlugin::onSetOnInfoListener : add 658
I/art     ( 4136): Explicit concurrent mark sweep GC freed 10016(736KB) AllocSpace objects, 3(331KB) LOS objects, 33% free, 22MB/34MB, paused 11.162ms total 85.099ms
D/Mms     ( 5575): Cursor= >>>>> Dumping cursor android.content.ContentResolver$CursorWrapperInner@f7386e4
D/Mms     ( 5575): <<<<<
V/MediaScanner( 5099): pruneDeadThumbnailFiles... android.database.sqlite.SQLiteCursor@dab9202
V/MediaScanner( 5099): /pruneDeadThumbnailFiles... android.database.sqlite.SQLiteCursor@dab9202
E/SQLiteLog( 4648): (284) automatic index on sqlite_sq_A2B3B2E0(STAT_DATA_ID)
E/SQLiteLog( 4648): (284) automatic index on sqlite_sq_A2B18A10(STAT_DATA_ID)
D/MccTable( 4801): updateMccMncConfiguration mccmnc='' fromServiceState=false
D/Mms     ( 5575): cancelNotification
W/Launcher( 4823): setApplicationContext called twice! old=com.android.launcher3.LauncherApplication@26d6ff23 new=com.android.launcher3.LauncherApplication@26d6ff23
V/OneTimeInitializerRece( 5653): OneTimeInitializerReceiver.onReceive
D/Mms     ( 5575): Cursor= >>>>> Dumping cursor android.content.ContentResolver$CursorWrapperInner@815f713
D/Mms     ( 5575): <<<<<
D/Mms     ( 5575): cancelNotification
D/CMStats ( 5134): Next sync attempt in : 22 hours
E/AppsCustomizePagedView( 4823): Create Res Apk Failed
D/LocaleSetManager( 4823): Locale Changed from: null to es-ES
D/GpsLocationProvider( 4136): received SIM realted action: android.intent.action.ACTION_SUBINFO_RECORD_UPDATED
D/Launcher( 4823): 11683562 - bindAddScreens()
D/Launcher( 4823): 11683562 -   orderedScreenIds: 1, 2
D/Launcher.Workspace( 4823): 11683562 - insertNewWorkspaceScreen(): 1 at index: 0
D/Launcher.Workspace( 4823): 11683562 - insertNewWorkspaceScreen(): 2 at index: 1
D/GpsLocationProvider( 4136): SIM MCC/MNC is still not available
I/Telephony( 4801): : SUBINFO_RECORD_UPDATED : 4.
D/Telephony( 4801): TelecomAccountRegistry: Found 1 phones.  Attempting to register.
D/Telephony( 4801): TelecomAccountRegistry: Phone with subscription id 1
D/Telephony( 4801): AccountEntry: Registered phoneAccount: android.telecom.PhoneAccount@3f91d5a0 with handle: ComponentInfo{com.android.phone/com.android.services.telephony.TelephonyConnectionService}, 1
I/Telephony( 4801): PstnIncomingCallNotifier: Registering: Handler (com.android.internal.telephony.gsm.GSMPhone) {31c410c2}
D/Telephony( 4801): PstnPhoneCapabilitiesNotifier: Registering: Handler (com.android.internal.telephony.gsm.GSMPhone) {31c410c2}
I/CalendarProvider2( 5470): Sending notification intent: Intent { act=android.intent.action.PROVIDER_CHANGED dat=content://com.android.calendar }
W/ContentResolver( 5470): Failed to get type for: content://com.android.calendar (Unknown URL content://com.android.calendar)
I/ActivityManager( 4136): Killing 5035:com.cyanogenmod.eleven/u0a32 (adj 15): empty #17
W/libprocessgroup( 4136): failed to open /acct/uid_10032/pid_5035/cgroup.procs: No such file or directory
D/CallNotifier( 4801): onReceive... 
D/TelephonyNetworkFactory1( 4801): update networkCapabilites for subId = 1
D/TelephonyNetworkFactory1( 4801): INTERNET capability is with subId = 1
D/TelephonyNetworkFactory1( 4801): Ready to handle network requests
I/MmsService( 4801): mReceiver action: android.intent.action.ACTION_SUBINFO_RECORD_UPDATED
I/MmsService( 4801): MmsConfigManager.loadInBackground(): mcc/mnc: 722/34
D/Telephony( 4801): PstnPhoneCapabilitiesNotifier: handleVideoCapabilitesChanged. Video capability - false
I/MmsService( 4801): MmsConfigManager.load -- mcc/mnc for sub: {mSubId=1, mIccId=89543420713388082029 mSlotId=0 mDisplayName=Personal mNameSource=0 mColor=0 mNumber= mDisplayNumberFormat=1 mDataRoaming=0 mSimIconRes=[I@121b1ff mMcc 722 mMnc 34 mSubStatus=1 mNwMode=0}
D/Launcher.Model( 4823): Reload apps on config change. curr_mcc:722 prevmcc:0
D/Launcher.Model( 4823): 11683562 - loadWorkspace()
D/Launcher.Model( 4823): 11683562 -   loadedOldDb: false
V/MmsService( 4801): MmsConfig: mUserAgent=CyanogenMod, mUaProfUrl=http://www.google.com/oha/rdf/ua-profile-kila.xml
D/MmsService( 4801): MmsConfig.loadFromResources
V/MmsService( 4801): MmsConfig: all settings -- {smsToMmsTextThreshold=-1, httpParams=, maxImageWidth=640, enabledMMS=true, maxImageHeight=480, aliasEnabled=false, maxMessageSize=307200, enableMMSReadReports=false, recipientLimit=-1, enabledNotifyWapMMSC=false, maxSubjectLength=40, smsToMmsTextLengthThreshold=-1, enableMMSDeliveryReports=false, uaProfTagName=x-wap-profile, enableMultipartSMS=true, aliasMinChars=2, supportMmsContentDisposition=true, allowAttachAudio=true, sendMultipartSmsAsSeparateMessages=false, maxMessageTextSize=-1, emailGatewayNumber=, enableGroupMms=true, aliasMaxChars=48, httpSocketTimeout=60000, config_cellBroadcastAppLinks=true, userAgent=Android Messaging, naiSuffix=, uaProfUrl=http://www.gstatic.com/android/hangouts/hangouts_mms_ua_profile.xml, enableSMSDeliveryReports=true, enabledTransID=false}
D/TelephonyNetworkFactory1( 4801): Cellular needs Network for NetworkRequest [ id=1, legacyType=-1, [ Capabilities: INTERNET&NOT_RESTRICTED&TRUSTED&NOT_VPN] ]
D/TelephonyNetworkFactory1( 4801): subController = com.android.internal.telephony.SubscriptionController@311f7e15
D/TelephonyNetworkFactory1( 4801): CurrentDds = 1
D/TelephonyNetworkFactory1( 4801): mySubId = 1
D/TelephonyNetworkFactory1( 4801): Requested networkSpecifier = 1
D/TelephonyNetworkFactory1( 4801): my networkSpecifier = 1
D/TelephonyNetworkFactory1( 4801): Is the request for Internet = true
D/TelephonyNetworkFactory1( 4801): Activating internet request on subId = 1
D/TelephonyNetworkFactory1( 4801): Activating APN={mApnType=default mState=IDLE mWaitingApns={null} mWaitingApnsPermanentFailureCountDown=0 mApnSetting={null} mReason=radioTurnedOff mDataEnabled=false mDependencyMet=true}
D/Launcher.Model( 4823): 11683562 - loadWorkspaceScreensDb()
D/Launcher.Model( 4823): 11683562 -   screens: { 0: 1 }, { 1: 2 }
D/Launcher.Model( 4823): 11683562 -   sBgWorkspaceScreens: 1, 2
I/ActivityManager( 4136): Start proc com.android.calendar for broadcast com.android.calendar/.alerts.AlertReceiver: pid=5693 uid=10026 gids={50026, 9997, 1028, 1015, 3003} abi=armeabi-v7a
I/Timeline( 4136): Timeline: Activity_windows_visible id: ActivityRecord{1c8c375a u0 com.cyanogenmod.trebuchet/com.android.launcher3.Launcher t11} time:22248
I/WindowManager( 4136): Screen frozen for +657ms due to AppWindowToken{1d9eee68 token=Token{a2d2d8b ActivityRecord{1c8c375a u0 com.cyanogenmod.trebuchet/com.android.launcher3.Launcher t11}}}
D/MccTable( 4801): getLocaleForLanguageCountry: skipping already persisted
D/MccTable( 4801): setSystemLocale: no locale
E/ELEVEN  ( 5065): calling refresh!
D/GpsLocationProvider( 4136): received SIM realted action: android.intent.action.ACTION_SUBINFO_CONTENT_CHANGE
D/GpsLocationProvider( 4136): SIM MCC/MNC is available: 72234
D/GpsLocationProvider( 4136): Reset GPS properties, previous size = 18
D/GpsLocationProvider( 4136): GpsParamsResource: SUPL_HOST=supl.google.com
D/GpsLocationProvider( 4136): GpsParamsResource: SUPL_PORT=7275
D/GpsLocationProvider( 4136): GpsParamsResource: NTP_SERVER=north-america.pool.ntp.org
D/GpsLocationProvider( 4136): GpsParamsResource: SUPL_VER=0x20000
D/GpsLocationProvider( 4136): GpsParamsResource: SUPL_MODE=1
D/GpsLocationProvider( 4136): GPS properties reloaded, size = 18
D/gpsd    ( 3700): WakeLock(Acquire,GPSD)
D/gpsd    ( 3700): WakeLock(Release,GPSD)
D/gpsd    ( 3700): WakeLock(Acquire,GPSD)
D/gpsd    ( 3700): WakeLock(Release,GPSD)
E/GpsLocationProvider( 4136): no GPS configuration interface in configuraiton_update
D/GpsLocationProvider( 4136): final config = #Thu Jul 16 18:56:57 GMT-03:00 2015
D/GpsLocationProvider( 4136): SUPL_HOST=supl.google.com
D/GpsLocationProvider( 4136): XTRA_SERVER_3=http\://xtrapath3.izatcloud.net/xtra2.bin
D/GpsLocationProvider( 4136): XTRA_SERVER_1=http\://xtrapath1.izatcloud.net/xtra2.bin
D/GpsLocationProvider( 4136): SUPL_PORT=7276
D/GpsLocationProvider( 4136): XTRA_VERSION_CHECK=0
D/GpsLocationProvider( 4136): DEBUG_LEVEL=2
D/GpsLocationProvider( 4136): XTRA_SERVER_2=http\://xtrapath2.izatcloud.net/xtra2.bin
D/GpsLocationProvider( 4136): SUPL_ES=1
D/GpsLocationProvider( 4136): NMEA_PROVIDER=1
D/GpsLocationProvider( 4136): CAPABILITIES=0x37
D/GpsLocationProvider( 4136): SUPL_VER=0x10000
D/GpsLocationProvider( 4136): ERR_ESTIMATE=0
D/GpsLocationProvider( 4136): A_GLONASS_POS_PROTOCOL_SELECT=0 \#Sensor R&D \: This will not be injected to MODEM
D/GpsLocationProvider( 4136): INTERMEDIATE_POS=0
D/GpsLocationProvider( 4136): SGLTE_TARGET=0
D/GpsLocationProvider( 4136): LPP_PROFILE=0 \# Sensor R&D \: This will not be injected to MODEM
D/GpsLocationProvider( 4136): NTP_SERVER=ru.pool.ntp.org
D/GpsLocationProvider( 4136): SUPL_MODE=1
D/Launcher( 4823): 11683562 - bindAddScreens()
D/Launcher( 4823): 11683562 -   orderedScreenIds: 1, 2
D/Launcher.Workspace( 4823): 11683562 - insertNewWorkspaceScreen(): 1 at index: 0
I/Telephony( 4801): PstnIncomingCallNotifier: Unregistering: Handler (com.android.internal.telephony.gsm.GSMPhone) {31c410c2}
D/Telephony( 4801): PstnPhoneCapabilitiesNotifier: Unregistering: Handler (com.android.internal.telephony.gsm.GSMPhone) {31c410c2}
D/Telephony( 4801): TelecomAccountRegistry: Found 1 phones.  Attempting to register.
D/Telephony( 4801): TelecomAccountRegistry: Phone with subscription id 1
D/Launcher.Workspace( 4823): 11683562 - insertNewWorkspaceScreen(): 2 at index: 1
D/Telephony( 4801): AccountEntry: Registered phoneAccount: android.telecom.PhoneAccount@1c11452a with handle: ComponentInfo{com.android.phone/com.android.services.telephony.TelephonyConnectionService}, 1
I/Telephony( 4801): PstnIncomingCallNotifier: Registering: Handler (com.android.internal.telephony.gsm.GSMPhone) {31c410c2}
D/Telephony( 4801): PstnPhoneCapabilitiesNotifier: Registering: Handler (com.android.internal.telephony.gsm.GSMPhone) {31c410c2}
I/MmsService( 4801): mReceiver action: android.intent.action.ACTION_SUBINFO_CONTENT_CHANGE
I/MmsService( 4801): MmsConfigManager.loadInBackground(): mcc/mnc: 722/34
I/Timeline( 4823): Timeline: Activity_idle id: android.os.BinderProxy@31c410c2 time:22305
I/MmsService( 4801): MmsConfigManager.load -- mcc/mnc for sub: {mSubId=1, mIccId=89543420713388082029 mSlotId=0 mDisplayName=Personal mNameSource=0 mColor=0 mNumber= mDisplayNumberFormat=1 mDataRoaming=0 mSimIconRes=[I@3386e691 mMcc 722 mMnc 34 mSubStatus=1 mNwMode=0}
V/MmsService( 4801): MmsConfig: mUserAgent=CyanogenMod, mUaProfUrl=http://www.google.com/oha/rdf/ua-profile-kila.xml
D/MmsService( 4801): MmsConfig.loadFromResources
V/MmsService( 4801): MmsConfig: all settings -- {smsToMmsTextThreshold=-1, httpParams=, maxImageWidth=640, enabledMMS=true, maxImageHeight=480, aliasEnabled=false, maxMessageSize=307200, enableMMSReadReports=false, recipientLimit=-1, enabledNotifyWapMMSC=false, maxSubjectLength=40, smsToMmsTextLengthThreshold=-1, enableMMSDeliveryReports=false, uaProfTagName=x-wap-profile, enableMultipartSMS=true, aliasMinChars=2, supportMmsContentDisposition=true, allowAttachAudio=true, sendMultipartSmsAsSeparateMessages=false, maxMessageTextSize=-1, emailGatewayNumber=, enableGroupMms=true, aliasMaxChars=48, httpSocketTimeout=60000, config_cellBroadcastAppLinks=true, userAgent=Android Messaging, naiSuffix=, uaProfUrl=http://www.gstatic.com/android/hangouts/hangouts_mms_ua_profile.xml, enableSMSDeliveryReports=true, enabledTransID=false}
D/MccTable( 4801): updateMccMncConfiguration mccmnc='72234' fromServiceState=false
D/MccTable( 4801): updateMccMncConfiguration defaultMccMnc=72234
D/MccTable( 4801): updateMccMncConfiguration: mcc=722, mnc=34
D/MccTable( 4801): getLocaleFromMcc to null_ar mcc=722
D/MccTable( 4801): getLocaleForLanguageCountry: skipping no language
D/MccTable( 4801): updateMccMncConfiguration updateConfig config={1.0 722mcc34mnc ?locale ?layoutDir ?swdp ?wdp ?hdp ?density ?lsize ?long ?orien ?uimode ?night ?touch ?keyb/?/? ?nav/? themeResource=null}
D/GpsLocationProvider( 4136): received SIM realted action: android.intent.action.ACTION_SUBINFO_CONTENT_CHANGE
D/PhoneStatusBarPolicy( 4311): updateSimState for subId :1
D/PhoneStatusBarPolicy( 4311): updateSimState for phoneId :0
D/GpsLocationProvider( 4136): SIM MCC/MNC is available: 72234
D/GpsLocationProvider( 4136): Reset GPS properties, previous size = 18
D/GpsLocationProvider( 4136): GpsParamsResource: SUPL_HOST=supl.google.com
D/Telephony( 4801): PstnPhoneCapabilitiesNotifier: handleVideoCapabilitesChanged. Video capability - false
D/GpsLocationProvider( 4136): GpsParamsResource: SUPL_PORT=7275
D/GpsLocationProvider( 4136): GpsParamsResource: NTP_SERVER=north-america.pool.ntp.org
D/GpsLocationProvider( 4136): GpsParamsResource: SUPL_VER=0x20000
D/GpsLocationProvider( 4136): GpsParamsResource: SUPL_MODE=1
D/PhoneStatusBarPolicy( 4311): updateSimState for Slot :0
D/GpsLocationProvider( 4136): GPS properties reloaded, size = 18
D/gpsd    ( 3700): WakeLock(Acquire,GPSD)
D/gpsd    ( 3700): WakeLock(Release,GPSD)
D/gpsd    ( 3700): WakeLock(Acquire,GPSD)
D/gpsd    ( 3700): WakeLock(Release,GPSD)
E/GpsLocationProvider( 4136): no GPS configuration interface in configuraiton_update
D/GpsLocationProvider( 4136): final config = #Thu Jul 16 18:56:57 GMT-03:00 2015
D/GpsLocationProvider( 4136): SUPL_HOST=supl.google.com
D/GpsLocationProvider( 4136): XTRA_SERVER_3=http\://xtrapath3.izatcloud.net/xtra2.bin
D/GpsLocationProvider( 4136): XTRA_SERVER_1=http\://xtrapath1.izatcloud.net/xtra2.bin
D/GpsLocationProvider( 4136): SUPL_PORT=7276
D/GpsLocationProvider( 4136): XTRA_VERSION_CHECK=0
D/GpsLocationProvider( 4136): DEBUG_LEVEL=2
D/GpsLocationProvider( 4136): XTRA_SERVER_2=http\://xtrapath2.izatcloud.net/xtra2.bin
D/GpsLocationProvider( 4136): SUPL_ES=1
D/GpsLocationProvider( 4136): NMEA_PROVIDER=1
D/GpsLocationProvider( 4136): CAPABILITIES=0x37
D/GpsLocationProvider( 4136): SUPL_VER=0x10000
D/GpsLocationProvider( 4136): ERR_ESTIMATE=0
D/GpsLocationProvider( 4136): A_GLONASS_POS_PROTOCOL_SELECT=0 \#Sensor R&D \: This will not be injected to MODEM
D/GpsLocationProvider( 4136): INTERMEDIATE_POS=0
D/GpsLocationProvider( 4136): SGLTE_TARGET=0
D/GpsLocationProvider( 4136): LPP_PROFILE=0 \# Sensor R&D \: This will not be injected to MODEM
D/GpsLocationProvider( 4136): NTP_SERVER=ru.pool.ntp.org
D/GpsLocationProvider( 4136): SUPL_MODE=1
D/GpsLocationProvider( 4136): received SIM realted action: android.intent.action.SIM_STATE_CHANGED
D/ExtensionsFactory( 5693): No custom extensions.
D/GpsLocationProvider( 4136): SIM MCC/MNC is available: 72234
D/GpsLocationProvider( 4136): Reset GPS properties, previous size = 18
D/GpsLocationProvider( 4136): GpsParamsResource: SUPL_HOST=supl.google.com
D/GpsLocationProvider( 4136): GpsParamsResource: SUPL_PORT=7275
D/GpsLocationProvider( 4136): GpsParamsResource: NTP_SERVER=north-america.pool.ntp.org
D/GpsLocationProvider( 4136): GpsParamsResource: SUPL_VER=0x20000
D/GpsLocationProvider( 4136): GpsParamsResource: SUPL_MODE=1
D/GpsLocationProvider( 4136): GPS properties reloaded, size = 18
D/gpsd    ( 3700): WakeLock(Acquire,GPSD)
D/gpsd    ( 3700): WakeLock(Release,GPSD)
E/GpsLocationProvider( 4136): no GPS configuration interface in configuraiton_update
D/GpsLocationProvider( 4136): final config = #Thu Jul 16 18:56:57 GMT-03:00 2015
D/GpsLocationProvider( 4136): SUPL_HOST=supl.google.com
D/GpsLocationProvider( 4136): XTRA_SERVER_3=http\://xtrapath3.izatcloud.net/xtra2.bin
D/GpsLocationProvider( 4136): XTRA_SERVER_1=http\://xtrapath1.izatcloud.net/xtra2.bin
D/GpsLocationProvider( 4136): SUPL_PORT=7276
D/GpsLocationProvider( 4136): XTRA_VERSION_CHECK=0
D/GpsLocationProvider( 4136): DEBUG_LEVEL=2
D/GpsLocationProvider( 4136): XTRA_SERVER_2=http\://xtrapath2.izatcloud.net/xtra2.bin
D/GpsLocationProvider( 4136): SUPL_ES=1
D/GpsLocationProvider( 4136): NMEA_PROVIDER=1
D/GpsLocationProvider( 4136): CAPABILITIES=0x37
D/GpsLocationProvider( 4136): SUPL_VER=0x10000
D/GpsLocationProvider( 4136): ERR_ESTIMATE=0
D/GpsLocationProvider( 4136): A_GLONASS_POS_PROTOCOL_SELECT=0 \#Sensor R&D \: This will not be injected to MODEM
D/GpsLocationProvider( 4136): INTERMEDIATE_POS=0
D/GpsLocationProvider( 4136): SGLTE_TARGET=0
D/GpsLocationProvider( 4136): LPP_PROFILE=0 \# Sensor R&D \: This will not be injected to MODEM
D/GpsLocationProvider( 4136): NTP_SERVER=ru.pool.ntp.org
D/GpsLocationProvider( 4136): SUPL_MODE=1
D/gpsd    ( 3700): WakeLock(Acquire,GPSD)
D/gpsd    ( 3700): WakeLock(Release,GPSD)
D/AlertReceiver( 5693): onReceive: a=android.intent.action.BOOT_COMPLETED Intent { act=android.intent.action.BOOT_COMPLETED flg=0x8000010 cmp=com.android.calendar/.alerts.AlertReceiver (has extras) }
V/OtaStartupReceiver( 4801): onOtaspChanged: mOtaspMode=3
I/Telephony( 4801): PstnIncomingCallNotifier: Unregistering: Handler (com.android.internal.telephony.gsm.GSMPhone) {31c410c2}
D/Telephony( 4801): PstnPhoneCapabilitiesNotifier: Unregistering: Handler (com.android.internal.telephony.gsm.GSMPhone) {31c410c2}
D/Telephony( 4801): TelecomAccountRegistry: Found 1 phones.  Attempting to register.
D/Telephony( 4801): TelecomAccountRegistry: Phone with subscription id 1
D/EmailBroadcastReceiver( 5535): Received android.intent.action.BOOT_COMPLETED
D/android.widget.GridLayout( 4823): vertical constraints: y3-y0>=396, y3-y0<=372, y3-y2<=156, y2-y1<=3 are inconsistent; permanently removing: y3-y0<=372. 
D/Launcher.Workspace( 4823): 11683562 - stripEmptyScreens()
D/Telephony( 4801): AccountEntry: Registered phoneAccount: android.telecom.PhoneAccount@2fd689f6 with handle: ComponentInfo{com.android.phone/com.android.services.telephony.TelephonyConnectionService}, 1
I/Telephony( 4801): PstnIncomingCallNotifier: Registering: Handler (com.android.internal.telephony.gsm.GSMPhone) {31c410c2}
I/ActivityManager( 4136): Start proc com.android.gallery3d for broadcast com.android.gallery3d/org.codeaurora.gallery3d.video.DmReceiver: pid=5723 uid=10036 gids={50036, 9997, 3003, 1028, 1015, 1023, 3002} abi=armeabi-v7a
D/Telephony( 4801): PstnPhoneCapabilitiesNotifier: Registering: Handler (com.android.internal.telephony.gsm.GSMPhone) {31c410c2}
D/AlertService( 5693): 0 Action = android.intent.action.BOOT_COMPLETED
I/MmsService( 4801): mReceiver action: android.intent.action.ACTION_SUBINFO_CONTENT_CHANGE
D/AlertService( 5693): Scheduling next alarm with AlarmScheduler. sEventReminderReceived: null
I/MmsService( 4801): MmsConfigManager.loadInBackground(): mcc/mnc: 722/34
I/Exchange( 5601): PSS has no active accounts; stopping service.
I/MmsService( 4801): MmsConfigManager.load -- mcc/mnc for sub: {mSubId=1, mIccId=89543420713388082029 mSlotId=0 mDisplayName=Personal mNameSource=0 mColor=0 mNumber= mDisplayNumberFormat=1 mDataRoaming=0 mSimIconRes=[I@24225acd mMcc 722 mMnc 34 mSubStatus=1 mNwMode=0}
V/MmsService( 4801): MmsConfig: mUserAgent=CyanogenMod, mUaProfUrl=http://www.google.com/oha/rdf/ua-profile-kila.xml
D/MmsService( 4801): MmsConfig.loadFromResources
V/MmsService( 4801): MmsConfig: all settings -- {smsToMmsTextThreshold=-1, httpParams=, maxImageWidth=640, enabledMMS=true, maxImageHeight=480, aliasEnabled=false, maxMessageSize=307200, enableMMSReadReports=false, recipientLimit=-1, enabledNotifyWapMMSC=false, maxSubjectLength=40, smsToMmsTextLengthThreshold=-1, enableMMSDeliveryReports=false, uaProfTagName=x-wap-profile, enableMultipartSMS=true, aliasMinChars=2, supportMmsContentDisposition=true, allowAttachAudio=true, sendMultipartSmsAsSeparateMessages=false, maxMessageTextSize=-1, emailGatewayNumber=, enableGroupMms=true, aliasMaxChars=48, httpSocketTimeout=60000, config_cellBroadcastAppLinks=true, userAgent=Android Messaging, naiSuffix=, uaProfUrl=http://www.gstatic.com/android/hangouts/hangouts_mms_ua_profile.xml, enableSMSDeliveryReports=true, enabledTransID=false}
D/AlarmScheduler( 5693): No events found starting within 1 week.
D/Telephony( 4801): PstnPhoneCapabilitiesNotifier: handleVideoCapabilitesChanged. Video capability - false
I/ActivityManager( 4136): Killing 5206:com.android.deskclock/u0a30 (adj 15): empty #17
W/libprocessgroup( 4136): failed to open /acct/uid_10030/pid_5206/cgroup.procs: No such file or directory
I/SystemBroadcastReceiver( 4508): Boot has been completed
I/LauncherIconVisibilityManager( 4508): Activity has already been disabled: ComponentInfo{com.android.inputmethod.latin/com.android.inputmethod.latin.setup.SetupActivity}
I/ActivityManager( 4136): Start proc com.cyanogenmod.lockclock for broadcast com.cyanogenmod.lockclock/.ClockWidgetProvider: pid=5750 uid=10042 gids={50042, 9997, 3003} abi=armeabi-v7a
D/WeatherUpdateService( 5750): Service started, but shouldn't update ... stopping
I/ActivityManager( 4136): Start proc org.whispersystems.whisperpush for broadcast org.whispersystems.whisperpush/.service.DirectoryRefreshListener: pid=5774 uid=10056 gids={50056, 9997, 3003} abi=armeabi-v7a
I/ActivityManager( 4136): Killing 5184:com.android.keychain/1000 (adj 15): empty #17
W/libprocessgroup( 4136): failed to open /acct/uid_1000/pid_5184/cgroup.procs: No such file or directory
D/MccTable( 4801): updateMccMncConfiguration mccmnc='72234' fromServiceState=true
D/MccTable( 4801): updateMccMncConfiguration defaultMccMnc=72234
D/MccTable( 4801): updateMccMncConfiguration: mcc=722, mnc=34
D/MccTable( 4801): getLocaleFromMcc to null_ar mcc=722
D/MccTable( 4801): getLocaleForLanguageCountry: skipping no language
D/MccTable( 4801): WIFI_COUNTRY_CODE set to ar
I/WifiService( 4136): WifiService trying to set country code to ar with persist set to true
D/AlarmManagerService( 4136): Kernel timezone updated to 180 minutes west of GMT
D/AlarmManagerService( 4136): Kernel timezone updated to 180 minutes west of GMT
I/ActivityManager( 4136): Killing 5243:eu.chainfire.supersu/u0a58 (adj 15): empty #17
W/libprocessgroup( 4136): failed to open /acct/uid_10058/pid_5243/cgroup.procs: No such file or directory
W/ActivityManager( 4136): Unable to start service Intent { act=com.google.android.c2dm.intent.REGISTER pkg=com.google.android.gms (has extras) } U=0: not found
D/KeyguardUpdateMonitor( 4311): ACTION_SERVICE_STATE_CHANGED on sub: 1 mServiceState: 0 1 home PERSONAL AR TP 72234  UMTS Unknown CSS not supported -1 -1 RoamInd=-1 DefRoamInd=-1 EmergOnly=false
I/Telephony( 4801): PstnIncomingCallNotifier: Unregistering: Handler (com.android.internal.telephony.gsm.GSMPhone) {31c410c2}
D/Telephony( 4801): PstnPhoneCapabilitiesNotifier: Unregistering: Handler (com.android.internal.telephony.gsm.GSMPhone) {31c410c2}
D/Telephony( 4801): TelecomAccountRegistry: Found 1 phones.  Attempting to register.
D/Telephony( 4801): TelecomAccountRegistry: Phone with subscription id 1
D/Telephony( 4801): AccountEntry: Registered phoneAccount: android.telecom.PhoneAccount@204ca693 with handle: ComponentInfo{com.android.phone/com.android.services.telephony.TelephonyConnectionService}, 1
I/Telephony( 4801): PstnIncomingCallNotifier: Registering: Handler (com.android.internal.telephony.gsm.GSMPhone) {31c410c2}
D/Telephony( 4801): PstnPhoneCapabilitiesNotifier: Registering: Handler (com.android.internal.telephony.gsm.GSMPhone) {31c410c2}
D/DcSwitchState( 4801): [DcSwitchState-0] IdleState: REQ_CONNECT/EVENT_CONNECT(278528) type=default
D/DcSwitchState( 4801): [DcSwitchState-0] Setting default DDS on 1 primary Sub featurefalse
D/DcSwitchState( 4801): [DcSwitchState-0] DcSwitchState:setupConnection type = default
D/DcSwitchAsyncChannel( 4801): [DcSwitchAsyncChannel-0]: rspConnect=1
D/Telephony( 4801): PstnPhoneCapabilitiesNotifier: handleVideoCapabilitesChanged. Video capability - false
I/ActivityManager( 4136): Start proc com.android.cellbroadcastreceiver for broadcast com.android.cellbroadcastreceiver/.CellBroadcastReceiver: pid=5798 uid=10005 gids={50005, 9997} abi=armeabi-v7a
D/CellBroadcastReceiver( 5798): onReceive Intent { act=android.intent.action.SERVICE_STATE flg=0x10 cmp=com.android.cellbroadcastreceiver/.CellBroadcastReceiver (has extras) }
D/CellBroadcastReceiver( 5798): Intent ACTION_SERVICE_STATE_CHANGED
D/CellBroadcastReceiver( 5798): Service state changed! 3 Full: 3 3 home null null null  Unknown Unknown CSS not supported -1 -1 RoamInd=-1 DefRoamInd=-1 EmergOnly=false Current state=-1
I/ActivityManager( 4136): Killing 5283:com.android.dialer/u0a8 (adj 15): empty #17
D/bt_vendor( 5162): op for 7
W/libprocessgroup( 4136): failed to open /acct/uid_10008/pid_5283/cgroup.procs: No such file or directory
D/CellBroadcastReceiver( 5798): onReceive Intent { act=android.intent.action.SERVICE_STATE flg=0x10 cmp=com.android.cellbroadcastreceiver/.CellBroadcastReceiver (has extras) }
D/CellBroadcastReceiver( 5798): Intent ACTION_SERVICE_STATE_CHANGED
D/CellBroadcastReceiver( 5798): Service state changed! 1 Full: 1 1 home null null null  Unknown Unknown CSS not supported -1 -1 RoamInd=-1 DefRoamInd=-1 EmergOnly=false Current state=-1
D/SIP     ( 4801): [SipSharedPreferences] isReceivingCallsEnabled, option not set; use default value, exception: android.provider.Settings$SettingNotFoundException: sip_receive_calls
D/CellBroadcastReceiver( 5798): onReceive Intent { act=android.intent.action.ACTION_SUBINFO_RECORD_UPDATED flg=0x10 cmp=com.android.cellbroadcastreceiver/.CellBroadcastReceiver (has extras) }
V/Mms     ( 5575): onStart: #1 resultCode: -1 = Activity.RESULT_OK
D/AlertReceiver( 5693): onReceive: a=android.intent.action.PROVIDER_CHANGED Intent { act=android.intent.action.PROVIDER_CHANGED dat=content://com.android.calendar flg=0x10 cmp=com.android.calendar/.alerts.AlertReceiver }
D/AlertService( 5693): 0 Action = android.intent.action.PROVIDER_CHANGED
D/CellBroadcastReceiver( 5798): onReceive Intent { act=android.intent.action.SERVICE_STATE flg=0x10 cmp=com.android.cellbroadcastreceiver/.CellBroadcastReceiver (has extras) }
D/CellBroadcastReceiver( 5798): Intent ACTION_SERVICE_STATE_CHANGED
D/CellBroadcastReceiver( 5798): Service state changed! 0 Full: 0 1 home PERSONAL AR TP 72234  UMTS Unknown CSS not supported -1 -1 RoamInd=-1 DefRoamInd=-1 EmergOnly=false Current state=-1
D/CellBroadcastConfigService( 5798): enabling emergency cell broadcast channels
I/art     ( 4136): Explicit concurrent mark sweep GC freed 11317(1164KB) AllocSpace objects, 22(1038KB) LOS objects, 33% free, 23MB/34MB, paused 1.523ms total 40.341ms
D/CellBroadcastConfigService( 5798): enabled emergency cell broadcast channels
D/CellBroadcastConfigService( 5798): disabling cell broadcast channel 50
D/IccSmsInterfaceManager( 4801): [IccSmsInterfaceManager] Failed to remove cell broadcast subscription for MID range 50 to 50 from client com.android.cellbroadcastreceiver
D/CellBroadcastConfigService( 5798): disabling channels 919-928
D/IccSmsInterfaceManager( 4801): [IccSmsInterfaceManager] Failed to remove cell broadcast subscription for MID range 919 to 928 from client com.android.cellbroadcastreceiver
D/CellBroadcastConfigService( 5798): disabling cell broadcast ETWS test messages
D/IccSmsInterfaceManager( 4801): [IccSmsInterfaceManager] Failed to remove cell broadcast subscription for MID range 4355 to 4355 from client com.android.cellbroadcastreceiver
