--------- beginning of main
I/cm      (    0): ____ _   _ ____ _  _ ____ ____ ____ _  _ _  _ ____ ___ 
W/auditd  ( 3596): type=1325 audit(0.0:2): table=filter family=2 entries=0
W/auditd  ( 3596): type=1325 audit(0.0:3): table=mangle family=2 entries=0
W/auditd  ( 3596): type=1325 audit(0.0:4): table=nat family=2 entries=0
W/auditd  ( 3596): type=1325 audit(0.0:5): table=raw family=2 entries=0
W/auditd  ( 3596): type=1325 audit(0.0:6): table=security family=2 entries=0
W/auditd  ( 3596): type=1325 audit(0.0:7): table=filter family=3 entries=0
W/auditd  ( 3596): type=1325 audit(0.0:8): table=filter family=10 entries=0
W/auditd  ( 3596): type=1325 audit(0.0:9): table=mangle family=10 entries=0
W/auditd  ( 3596): type=1325 audit(0.0:10): table=raw family=10 entries=0
I/auditd  ( 3596): type=1403 audit(0.0:11): policy loaded auid=4294967295 ses=4294967295
W/auditd  ( 3596): type=1404 audit(0.0:12): enforcing=1 old_enforcing=0 auid=4294967295 ses=4294967295
W/init    ( 3537): type=1400 audit(0.0:13): avc: denied { write } for name="etc" dev="mmcblk0p18" ino=357 scontext=u:r:init:s0 tcontext=u:object_r:system_file:s0 tclass=dir
W/init    ( 3537): type=1300 audit(0.0:13): arch=40000028 syscall=322 per=800000 success=no exit=-13 a0=ffffff9c a1=b6d3ba60 a2=20241 a3=1b6 items=1 ppid=1 auid=4294967295 uid=0 gid=0 euid=0 suid=0 fsuid=0 egid=0 sgid=0 fsgid=0 ses=4294967295 tty=(none) exe="/init" subj=u:r:init:s0 key=(null)
W/auditd  ( 3596): type=1307 audit(0.0:13): cwd="/"
W/auditd  ( 3596): type=1302 audit(0.0:13): item=0 name="/etc/" inode=357 dev=103:0a mode=040755 ouid=0 ogid=2000 rdev=00:00 obj=u:object_r:system_file:s0
W/auditd  ( 3596): type=1320 audit(0.0:13): 
W/init    ( 3537): type=1400 audit(0.0:14): avc: denied { write } for name="etc" dev="mmcblk0p18" ino=357 scontext=u:r:init:s0 tcontext=u:object_r:system_file:s0 tclass=dir
W/init    ( 3537): type=1300 audit(0.0:14): arch=40000028 syscall=322 per=800000 success=no exit=-13 a0=ffffff9c a1=b6d3ba60 a2=20241 a3=1b6 items=1 ppid=1 auid=4294967295 uid=0 gid=0 euid=0 suid=0 fsuid=0 egid=0 sgid=0 fsgid=0 ses=4294967295 tty=(none) exe="/init" subj=u:r:init:s0 key=(null)
W/auditd  ( 3596): type=1307 audit(0.0:14): cwd="/"
W/auditd  ( 3596): type=1302 audit(0.0:14): item=0 name="/etc/" inode=357 dev=103:0a mode=040755 ouid=0 ogid=2000 rdev=00:00 obj=u:object_r:system_file:s0
W/auditd  ( 3596): type=1320 audit(0.0:14): 
W/init    ( 3537): type=1400 audit(0.0:15): avc: denied { write } for name="etc" dev="mmcblk0p18" ino=357 scontext=u:r:init:s0 tcontext=u:object_r:system_file:s0 tclass=dir
W/init    ( 3537): type=1300 audit(0.0:15): arch=40000028 syscall=322 per=800000 success=no exit=-13 a0=ffffff9c a1=b6d3ba60 a2=20241 a3=1b6 items=1 ppid=1 auid=4294967295 uid=0 gid=0 euid=0 suid=0 fsuid=0 egid=0 sgid=0 fsgid=0 ses=4294967295 tty=(none) exe="/init" subj=u:r:init:s0 key=(null)
W/auditd  ( 3596): type=1307 audit(0.0:15): cwd="/"
W/auditd  ( 3596): type=1302 audit(0.0:15): item=0 name="/etc/" inode=357 dev=103:0a mode=040755 ouid=0 ogid=2000 rdev=00:00 obj=u:object_r:system_file:s0
W/auditd  ( 3596): type=1320 audit(0.0:15): 
W/init    ( 3537): type=1400 audit(0.0:16): avc: denied { write } for name="etc" dev="mmcblk0p18" ino=357 scontext=u:r:init:s0 tcontext=u:object_r:system_file:s0 tclass=dir
W/init    ( 3537): type=1300 audit(0.0:16): arch=40000028 syscall=322 per=800000 success=no exit=-13 a0=ffffff9c a1=b6d3ba60 a2=20241 a3=1b6 items=1 ppid=1 auid=4294967295 uid=0 gid=0 euid=0 suid=0 fsuid=0 egid=0 sgid=0 fsgid=0 ses=4294967295 tty=(none) exe="/init" subj=u:r:init:s0 key=(null)
W/auditd  ( 3596): type=1307 audit(0.0:16): cwd="/"
W/auditd  ( 3596): type=1302 audit(0.0:16): item=0 name="/etc/" inode=357 dev=103:0a mode=040755 ouid=0 ogid=2000 rdev=00:00 obj=u:object_r:system_file:s0
W/auditd  ( 3596): type=1320 audit(0.0:16): 
W/init    (    1): type=1400 audit(0.0:17): avc: denied { mounton } for path="/preload" dev="mmcblk0p20" ino=2 scontext=u:r:init:s0 tcontext=u:object_r:system_file:s0 tclass=dir
W/auditd  ( 3596): type=1305 audit(0.0:18): audit_pid=3571 old=0 auid=4294967295 ses=4294967295
W/auditd  ( 3596):  subj=u:r:logd:s0 res=1
W/auditd  ( 3596): type=1305 audit(0.0:19): audit_rate_limit=20 old=0 auid=4294967295 ses=4294967295
W/auditd  ( 3596):  subj=u:r:logd:s0 res=1
W/init    ( 3583): type=1400 audit(0.0:20): avc: denied { entrypoint } for path="/system/bin/auditd" dev="mmcblk0p18" ino=173 scontext=u:r:logd:s0 tcontext=u:object_r:system_file:s0 tclass=file
W/init    ( 3583): type=1300 audit(0.0:20): arch=40000028 syscall=11 per=800000 success=no exit=-13 a0=b6d80954 a1=b6d66770 a2=57e64 a3=ff0000 items=1 ppid=1 auid=4294967295 uid=0 gid=0 euid=0 suid=0 fsuid=0 egid=0 sgid=0 fsgid=0 ses=4294967295 tty=(none) exe="/init" subj=u:r:init:s0 key=(null)
W/auditd  ( 3596): type=1307 audit(0.0:20): cwd="/"
W/auditd  ( 3596): type=1302 audit(0.0:20): item=0 name="/system/bin/auditd" inode=173 dev=103:0a mode=0100755 ouid=0 ogid=2000 rdev=00:00 obj=u:object_r:system_file:s0
W/auditd  ( 3596): type=1320 audit(0.0:20): 
I/cm      ( 3578): |     \_/  |__| |\ | |  | | __ |___ |\ | |\/| |  | |  \ 
I/lowmemorykiller( 3573): Using in-kernel low memory killer interface
I/DEBUG   ( 3586): debuggerd: Jun 17 2015 15:28:56
--------- beginning of system
I/Vold    ( 3576): Vold 2.1 (the revenge) firing up
D/Vold    ( 3576): Volume sdcard1 state changing -1 (Initializing) -> 0 (No-Media)
D/Vold    ( 3576): Volume usbdisk state changing -1 (Initializing) -> 0 (No-Media)
I/Cryptfs ( 3576): Check if PFE is activated on Boot
I/cm      ( 3584): |___   |   |  | | \| |__| |__] |___ | \| |  | |__| |__/ 
E/sdcard  ( 3595): usage: sdcard [OPTIONS] <source_path> <dest_path>
E/sdcard  ( 3595):     -u: specify UID to run as
E/sdcard  ( 3595):     -g: specify GID to run as
E/sdcard  ( 3595):     -w: specify GID required to write (default sdcard_rw, requires -d or -l)
E/sdcard  ( 3595):     -t: specify number of threads to use (default 2)
E/sdcard  ( 3595):     -d: derive file permissions based on path
E/sdcard  ( 3595):     -l: derive file permissions based on legacy internal layout
E/sdcard  ( 3595):     -s: split derived permissions for pics, av
E/sdcard  ( 3595): 
E/Cryptfs ( 3576): Bad magic for real block device /dev/block/platform/12200000.dwmmc0/by-name/USERDATA
E/Cryptfs ( 3576): Error getting crypt footer and key
I/installd( 3590): installd firing up
E/sdcard  ( 3594): usage: sdcard [OPTIONS] <source_path> <dest_path>
E/sdcard  ( 3594):     -u: specify UID to run as
E/sdcard  ( 3594):     -g: specify GID to run as
E/sdcard  ( 3594):     -w: specify GID required to write (default sdcard_rw, requires -d or -l)
E/sdcard  ( 3594):     -t: specify number of threads to use (default 2)
E/sdcard  ( 3594):     -d: derive file permissions based on path
E/sdcard  ( 3594):     -l: derive file permissions based on legacy internal layout
E/sdcard  ( 3594):     -s: split derived permissions for pics, av
E/sdcard  ( 3594): 
I/Netd    ( 3585): Netd 1.0 starting
E/Netd    ( 3585): Failed to open /proc/sys/net/ipv6/conf/default/accept_ra_rt_table: No such file or directory
E/Netd    ( 3585): Failed to open /proc/sys/net/ipv6/conf/ip6tnl0/accept_ra_rt_table: No such file or directory
E/Netd    ( 3585): Failed to open /proc/sys/net/ipv6/conf/lo/accept_ra_rt_table: No such file or directory
E/Netd    ( 3585): Failed to open /proc/sys/net/ipv6/conf/rmnet0/accept_ra_rt_table: No such file or directory
E/Netd    ( 3585): Failed to open /proc/sys/net/ipv6/conf/rmnet1/accept_ra_rt_table: No such file or directory
E/Netd    ( 3585): Failed to open /proc/sys/net/ipv6/conf/rmnet2/accept_ra_rt_table: No such file or directory
E/Netd    ( 3585): Failed to open /proc/sys/net/ipv6/conf/rmnet3/accept_ra_rt_table: No such file or directory
E/Netd    ( 3585): Failed to open /proc/sys/net/ipv6/conf/sit0/accept_ra_rt_table: No such file or directory
I/SurfaceFlinger( 3577): SurfaceFlinger is starting
I/SurfaceFlinger( 3577): SurfaceFlinger's main thread ready to run. Initializing graphics H/W...
I/cm      ( 3626): Welcome to Android 5.0.2 / CyanogenMod-12-20150625-UNOFFICIAL-k3gxx 
W/auditd  ( 3596): type=1325 audit(0.0:21): table=filter family=2 entries=4
W/iptables( 3672): type=1300 audit(0.0:21): arch=40000028 syscall=294 per=800000 success=yes exit=0 a0=4 a1=0 a2=40 a3=b6c29100 items=0 ppid=3585 auid=4294967295 uid=0 gid=0 euid=0 suid=0 fsuid=0 egid=0 sgid=0 fsgid=0 ses=4294967295 tty=(none) exe="/system/bin/iptables" subj=u:r:netd:s0 key=(null)
W/auditd  ( 3596): type=1320 audit(0.0:21): 
W/auditd  ( 3596): type=1325 audit(0.0:22): table=filter family=10 entries=4
W/ip6tables( 3673): type=1300 audit(0.0:22): arch=40000028 syscall=294 per=800000 success=yes exit=0 a0=4 a1=29 a2=40 a3=b6c2b400 items=0 ppid=3585 auid=4294967295 uid=0 gid=0 euid=0 suid=0 fsuid=0 egid=0 sgid=0 fsgid=0 ses=4294967295 tty=(none) exe="/system/bin/ip6tables" subj=u:r:netd:s0 key=(null)
W/auditd  ( 3596): type=1320 audit(0.0:22): 
W/auditd  ( 3596): type=1325 audit(0.0:23): table=filter family=2 entries=6
W/iptables( 3674): type=1300 audit(0.0:23): arch=40000028 syscall=294 per=800000 success=yes exit=0 a0=4 a1=0 a2=40 a3=b6c23100 items=0 ppid=3585 auid=4294967295 uid=0 gid=0 euid=0 suid=0 fsuid=0 egid=0 sgid=0 fsgid=0 ses=4294967295 tty=(none) exe="/system/bin/iptables" subj=u:r:netd:s0 key=(null)
W/auditd  ( 3596): type=1320 audit(0.0:23): 
W/auditd  ( 3596): type=1325 audit(0.0:24): table=filter family=10 entries=6
W/ip6tables( 3675): type=1300 audit(0.0:24): arch=40000028 syscall=294 per=800000 success=yes exit=0 a0=4 a1=29 a2=40 a3=b6c36600 items=0 ppid=3585 auid=4294967295 uid=0 gid=0 euid=0 suid=0 fsuid=0 egid=0 sgid=0 fsgid=0 ses=4294967295 tty=(none) exe="/system/bin/ip6tables" subj=u:r:netd:s0 key=(null)
W/auditd  ( 3596): type=1320 audit(0.0:24): 
D/libEGL  ( 3577): loaded /vendor/lib/egl/libGLES_mali.so
W/rild    ( 3667): type=1400 audit(0.0:25): avc: denied { search } for name="block" dev="tmpfs" ino=3920 scontext=u:r:rild:s0 tcontext=u:object_r:block_device:s0 tclass=dir
W/rild    ( 3667): type=1300 audit(0.0:25): arch=40000028 syscall=322 per=800000 success=no exit=-13 a0=ffffff9c a1=b625f36c a2=20000 a3=0 items=1 ppid=1 auid=4294967295 uid=1001 gid=1001 euid=1001 suid=1001 fsuid=1001 egid=1001 sgid=1001 fsgid=1001 ses=4294967295 tty=(none) exe="/system/bin/rild" subj=u:r:rild:s0 key=(null)
W/auditd  ( 3596): type=1307 audit(0.0:25): cwd="/"
W/auditd  ( 3596): type=1302 audit(0.0:25): item=0 name="/dev/mbin0"
W/auditd  ( 3596): type=1320 audit(0.0:25): 
W/rild    ( 3667): type=1400 audit(0.0:26): avc: denied { getattr } for path="/efs/nv_data.bin" dev="mmcblk0p3" ino=30 scontext=u:r:rild:s0 tcontext=u:object_r:unlabeled:s0 tclass=file
W/rild    ( 3667): type=1300 audit(0.0:26): arch=40000028 syscall=327 per=800000 success=no exit=-13 a0=ffffff9c a1=b625f28c a2=b64cda78 a3=0 items=1 ppid=1 auid=4294967295 uid=1001 gid=1001 euid=1001 suid=1001 fsuid=1001 egid=1001 sgid=1001 fsgid=1001 ses=4294967295 tty=(none) exe="/system/bin/rild" subj=u:r:rild:s0 key=(null)
W/auditd  ( 3596): type=1307 audit(0.0:26): cwd="/"
W/auditd  ( 3596): type=1302 audit(0.0:26): item=0 name="/efs/nv_data.bin" inode=30 dev=b3:03 mode=0100700 ouid=1001 ogid=1001 rdev=00:00 obj=u:object_r:unlabeled:s0
W/auditd  ( 3596): type=1320 audit(0.0:26): 
W/rild    ( 3667): type=1400 audit(0.0:27): avc: denied { getattr } for path="/efs/nv_data.bin" dev="mmcblk0p3" ino=30 scontext=u:r:rild:s0 tcontext=u:object_r:unlabeled:s0 tclass=file
W/rild    ( 3667): type=1300 audit(0.0:27): arch=40000028 syscall=327 per=800000 success=no exit=-13 a0=ffffff9c a1=b625f28c a2=b64cd990 a3=0 items=1 ppid=1 auid=4294967295 uid=1001 gid=1001 euid=1001 suid=1001 fsuid=1001 egid=1001 sgid=1001 fsgid=1001 ses=4294967295 tty=(none) exe="/system/bin/rild" subj=u:r:rild:s0 key=(null)
W/auditd  ( 3596): type=1307 audit(0.0:27): cwd="/"
W/auditd  ( 3596): type=1302 audit(0.0:27): item=0 name="/efs/nv_data.bin" inode=30 dev=b3:03 mode=0100700 ouid=1001 ogid=1001 rdev=00:00 obj=u:object_r:unlabeled:s0
W/auditd  ( 3596): type=1320 audit(0.0:27): 
W/auditd  ( 3596): type=1325 audit(0.0:28): table=filter family=2 entries=7
W/iptables( 3694): type=1300 audit(0.0:28): arch=40000028 syscall=294 per=800000 success=yes exit=0 a0=4 a1=0 a2=40 a3=b6c30400 items=0 ppid=3585 auid=4294967295 uid=0 gid=0 euid=0 suid=0 fsuid=0 egid=0 sgid=0 fsgid=0 ses=4294967295 tty=(none) exe="/system/bin/iptables" subj=u:r:netd:s0 key=(null)
W/auditd  ( 3596): type=1320 audit(0.0:28): 
I/        ( 3577): PLATFORM VERSION : JB-MR-2
W/auditd  ( 3596): type=1325 audit(0.0:29): table=filter family=10 entries=7
W/ip6tables( 3695): type=1300 audit(0.0:29): arch=40000028 syscall=294 per=800000 success=yes exit=0 a0=4 a1=29 a2=40 a3=b6c32800 items=0 ppid=3585 auid=4294967295 uid=0 gid=0 euid=0 suid=0 fsuid=0 egid=0 sgid=0 fsgid=0 ses=4294967295 tty=(none) exe="/system/bin/ip6tables" subj=u:r:netd:s0 key=(null)
W/auditd  ( 3596): type=1320 audit(0.0:29): 
W/rild    ( 3667): type=1400 audit(0.0:30): avc: denied { unlink } for name="nv_data.bin" dev="mmcblk0p3" ino=30 scontext=u:r:rild:s0 tcontext=u:object_r:unlabeled:s0 tclass=file
I/mediaserver( 3589): ServiceManager: 0xb60500c0
I/AudioFlinger( 3589): Using default 3000 mSec as standby time.
I/ServiceManager( 3589): Waiting for service batterystats...
I/gralloc ( 3577): using (fd=12)
I/gralloc ( 3577): id           = 
I/gralloc ( 3577): xres         = 1080 px
I/gralloc ( 3577): yres         = 1920 px
I/gralloc ( 3577): xres_virtual = 1080 px
I/gralloc ( 3577): yres_virtual = 3840 px
I/gralloc ( 3577): bpp          = 32
I/gralloc ( 3577): r            = 16:8
I/gralloc ( 3577): g            =  8:8
I/gralloc ( 3577): b            =  0:8
I/gralloc ( 3577): width        = 65 mm (422.030762 dpi)
I/gralloc ( 3577): height       = 115 mm (424.069580 dpi)
I/gralloc ( 3577): refresh rate = 60.00 Hz
D/AndroidRuntime( 3593): 
D/AndroidRuntime( 3593): >>>>>> AndroidRuntime START com.android.internal.os.ZygoteInit <<<<<<
D/WVMDrmPlugIn( 3588): WVMDrmPlugin::onGetSupportInfo : 0
D/AndroidRuntime( 3593): CheckJNI is OFF
I/art     ( 3593): option[0]=-Xzygote
I/art     ( 3593): option[1]=-Xstacktracefile:/data/anr/traces.txt
I/art     ( 3593): option[2]=exit
I/art     ( 3593): option[3]=vfprintf
I/art     ( 3593): option[4]=sensitiveThread
I/art     ( 3593): option[5]=-verbose:gc
I/art     ( 3593): option[6]=-Xms8m
I/art     ( 3593): option[7]=-Xmx512m
I/art     ( 3593): option[8]=-XX:mainThreadStackSize=24K
I/art     ( 3593): option[9]=-XX:HeapGrowthLimit=128m
I/art     ( 3593): option[10]=-XX:HeapMinFree=2m
I/art     ( 3593): option[11]=-XX:HeapMaxFree=8m
I/art     ( 3593): option[12]=-XX:HeapTargetUtilization=0.75
I/art     ( 3593): option[13]=-agentlib:jdwp=transport=dt_android_adb,suspend=n,server=y
I/art     ( 3593): option[14]=-Xlockprofthreshold:500
I/art     ( 3593): option[15]=-Ximage-compiler-option
I/art     ( 3593): option[16]=--runtime-arg
I/art     ( 3593): option[17]=-Ximage-compiler-option
I/art     ( 3593): option[18]=-Xms64m
I/art     ( 3593): option[19]=-Ximage-compiler-option
I/art     ( 3593): option[20]=--runtime-arg
I/art     ( 3593): option[21]=-Ximage-compiler-option
I/art     ( 3593): option[22]=-Xmx64m
I/art     ( 3593): option[23]=-Ximage-compiler-option
I/art     ( 3593): option[24]=--image-classes-zip=/system/framework/framework.jar
I/art     ( 3593): option[25]=-Ximage-compiler-option
I/art     ( 3593): option[26]=--image-classes=preloaded-classes
I/art     ( 3593): option[27]=-Xcompiler-option
I/art     ( 3593): option[28]=--runtime-arg
I/art     ( 3593): option[29]=-Xcompiler-option
I/art     ( 3593): option[30]=-Xms64m
I/art     ( 3593): option[31]=-Xcompiler-option
I/art     ( 3593): option[32]=--runtime-arg
I/art     ( 3593): option[33]=-Xcompiler-option
I/art     ( 3593): option[34]=-Xmx512m
I/art     ( 3593): option[35]=-Duser.language=es
I/art     ( 3593): option[36]=-Duser.region=US
W/art     ( 3593): Invalid image header in '/data/dalvik-cache/arm/system@framework@boot.art'
I/art     ( 3593): Pruning dalvik-cache since we are generating an image and will need to recompile
W/art     ( 3593): Unexpected file type of 
W/art     ( 3593):  encountered.
D/hwcomposer( 3577): using
D/hwcomposer( 3577): xres         = 1080 px
D/hwcomposer( 3577): yres         = 1920 px
D/hwcomposer( 3577): width        = 65 mm (422.030000 dpi)
D/hwcomposer( 3577): height       = 115 mm (424.069000 dpi)
D/hwcomposer( 3577): refresh rate = 60 Hz
D/libexynosv4l2-subdev( 3577): try node: /dev/v4l-subdev0
D/libexynosv4l2-subdev( 3577): try node: /dev/v4l-subdev1
D/libexynosv4l2-subdev( 3577): try node: /dev/v4l-subdev2
I/libexynosv4l2-subdev( 3577): node found for device s5p-mixer0: /dev/v4l-subdev2
I/libexynosv4l2-subdev( 3577): open subdev device /dev/v4l-subdev2
I/hwcomposer( 3577): PSR info devname = /sys/devices/14400000.fimd_fb/psr_info
I/hwcomposer( 3577): PSR mode is 2(0: video mode, 1: DP PSR mode, 2: MIPI-DSI command mode)
I/SurfaceFlinger( 3577): Using composer version 1.3
I/SurfaceFlinger( 3577): EGL information:
I/SurfaceFlinger( 3577): vendor    : Android
I/SurfaceFlinger( 3577): version   : 1.4 Android META-EGL
I/SurfaceFlinger( 3577): extensions: EGL_KHR_get_all_proc_addresses EGL_ANDROID_presentation_time EGL_KHR_image EGL_KHR_image_base EGL_KHR_gl_texture_2D_image EGL_KHR_gl_texture_cubemap_image EGL_KHR_gl_renderbuffer_image EGL_KHR_fence_sync EGL_KHR_create_context EGL_ANDROID_image_native_buffer EGL_KHR_wait_sync EGL_ANDROID_recordable 
I/SurfaceFlinger( 3577): Client API: OpenGL_ES
I/SurfaceFlinger( 3577): EGLSurface: 8-8-8-8, config=0xb69cf2ac
I/SurfaceFlinger( 3577): OpenGL ES informations:
I/SurfaceFlinger( 3577): vendor    : ARM
I/SurfaceFlinger( 3577): renderer  : Mali-T628
I/SurfaceFlinger( 3577): version   : OpenGL ES 3.0
I/SurfaceFlinger( 3577): extensions: GL_EXT_debug_marker GL_ARM_rgba8 GL_ARM_mali_shader_binary GL_OES_depth24 GL_OES_depth_texture GL_OES_depth_texture_cube_map GL_OES_packed_depth_stencil GL_OES_rgb8_rgba8 GL_EXT_read_format_bgra GL_OES_compressed_paletted_texture GL_OES_compressed_ETC1_RGB8_texture GL_OES_standard_derivatives GL_OES_EGL_image GL_OES_EGL_image_external GL_OES_EGL_sync GL_OES_texture_npot GL_OES_vertex_half_float GL_OES_required_internalformat GL_OES_vertex_array_object GL_OES_mapbuffer GL_EXT_texture_format_BGRA8888 GL_EXT_texture_rg GL_EXT_texture_type_2_10_10_10_REV GL_OES_fbo_render_mipmap GL_OES_element_index_uint GL_EXT_shadow_samplers GL_OES_texture_compression_astc GL_KHR_texture_compression_astc_ldr GL_KHR_texture_compression_astc_hdr GL_KHR_debug GL_EXT_occlusion_query_boolean GL_EXT_blend_minmax GL_EXT_discard_framebuffer GL_OES_get_program_binary GL_OES_texture_3D GL_EXT_texture_storage GL_EXT_multisampled_render_to_texture GL_OES_surfaceless_context GL_ARM_mali_program_binary 
I/SurfaceFlinger( 3577): GL_MAX_TEXTURE_SIZE = 8192
I/SurfaceFlinger( 3577): GL_MAX_VIEWPORT_DIMS = 8192
E/libEGL  ( 3577): eglQuerySurface:607 error 300d (EGL_BAD_SURFACE)
E/libEGL  ( 3577): eglQuerySurface:607 error 300d (EGL_BAD_SURFACE)
E/libEGL  ( 3577): call to OpenGL ES API with no current context (logged once per thread)
D/SurfaceFlinger( 3577): Set power mode=2, type=0 flinger=0xb6962000
I/hwcomposer( 3577): int exynos5_blank(hwc_composer_device_1*, int, int):: disp(0), blank(0)
I/hwcomposer( 3577): unblank ioctl failed (display already unblanked)
E/libEGL  ( 3577): eglSwapBuffers:1071 error 300d (EGL_BAD_SURFACE)
F/SurfaceFlinger( 3577): eglSwapBuffers(0x1, 0x0) failed with 0x0000300d
--------- beginning of crash
F/libc    ( 3577): Fatal signal 6 (SIGABRT), code -6 in tid 3577 (surfaceflinger)
I/DEBUG   ( 3586): property debug.db.uid not set; NOT waiting for gdb.
I/DEBUG   ( 3586): HINT: adb shell setprop debug.db.uid 100000
I/DEBUG   ( 3586): HINT: adb forward tcp:5039 tcp:5039
I/art     ( 3593): Using an offset of 0xff1fa000 from default art base address of 0x70000000
I/art     ( 3593): GenerateImage: /system/bin/dex2oat --image=/data/dalvik-cache/arm/system@framework@boot.art --dex-file=/system/framework/core-libart.jar --dex-file=/system/framework/conscrypt.jar --dex-file=/system/framework/okhttp.jar --dex-file=/system/framework/core-junit.jar --dex-file=/system/framework/bouncycastle.jar --dex-file=/system/framework/ext.jar --dex-file=/system/framework/framework.jar --dex-file=/system/framework/telephony-common.jar --dex-file=/system/framework/voip-common.jar --dex-file=/system/framework/ims-common.jar --dex-file=/system/framework/mms-common.jar --dex-file=/system/framework/android.policy.jar --dex-file=/system/framework/apache-xml.jar --oat-file=/data/dalvik-cache/arm/system@framework@boot.oat --instruction-set=arm --instruction-set-features=div --base=0x6f1fa000 --runtime-arg -Xms64m --runtime-arg -Xmx64m --image-classes-zip=/system/framework/framework.jar --image-classes=preloaded-classes
W/art     ( 3593): Unexpected file type of 
W/art     ( 3593):  encountered.
W/art     ( 3593): Could not create image space with image file '/system/framework/boot.art'. Attempting to fall back to imageless running. Error was: Failed to generate image '/data/dalvik-cache/arm/system@framework@boot.art': Failed execv(/system/bin/dex2oat --image=/data/dalvik-cache/arm/system@framework@boot.art --dex-file=/system/framework/core-libart.jar --dex-file=/system/framework/conscrypt.jar --dex-file=/system/framework/okhttp.jar --dex-file=/system/framework/core-junit.jar --dex-file=/system/framework/bouncycastle.jar --dex-file=/system/framework/ext.jar --dex-file=/system/framework/framework.jar --dex-file=/system/framework/telephony-common.jar --dex-file=/system/framework/voip-common.jar --dex-file=/system/framework/ims-common.jar --dex-file=/system/framework/mms-common.jar --dex-file=/system/framework/android.policy.jar --dex-file=/system/framework/apache-xml.jar --oat-file=/data/dalvik-cache/arm/system@framework@boot.oat --instruction-set=arm --instruction-set-features=div --base=0x6f1fa000 --runtime-arg -Xms64
I/DEBUG   ( 3586): *** *** *** *** *** *** *** *** *** *** *** *** *** *** *** ***
I/DEBUG   ( 3586): Build fingerprint: 'samsung/cm_k3gxx/k3gxx:5.0.2/LRX22G/ca2fb2b51d:userdebug/test-keys'
I/DEBUG   ( 3586): Revision: '10'
I/DEBUG   ( 3586): ABI: 'arm'
I/DEBUG   ( 3586): pid: 3577, tid: 3577, name: surfaceflinger  >>> /system/bin/surfaceflinger <<<
I/DEBUG   ( 3586): signal 6 (SIGABRT), code -6 (SI_TKILL), fault addr --------
I/DEBUG   ( 3586): Abort message: 'eglSwapBuffers(0x1, 0x0) failed with 0x0000300d'
I/DEBUG   ( 3586):     r0 00000000  r1 00000df9  r2 00000006  r3 00000000
I/DEBUG   ( 3586):     r4 b6f04114  r5 00000006  r6 0000000b  r7 0000010c
I/DEBUG   ( 3586):     r8 00000000  r9 bea32bd0  sl b6954210  fp bea32bd0
I/DEBUG   ( 3586):     ip 00000df9  sp bea32650  lr b6e8e7b9  pc b6eb24e4  cpsr 600f0010
I/DEBUG   ( 3586): 
I/DEBUG   ( 3586): backtrace:
I/DEBUG   ( 3586):     #00 pc 000384e4  /system/lib/libc.so (tgkill+12)
I/DEBUG   ( 3586):     #01 pc 000147b5  /system/lib/libc.so (pthread_kill+52)
I/DEBUG   ( 3586):     #02 pc 0001550b  /system/lib/libc.so (raise+10)
I/DEBUG   ( 3586):     #03 pc 00011c35  /system/lib/libc.so (__libc_android_abort+36)
I/DEBUG   ( 3586):     #04 pc 0000fcb8  /system/lib/libc.so (abort+4)
I/DEBUG   ( 3586):     #05 pc 00007739  /system/lib/libcutils.so (__android_log_assert+88)
I/DEBUG   ( 3586):     #06 pc 0000f4df  /system/lib/libsurfaceflinger.so
I/DEBUG   ( 3586):     #07 pc 0001b9fd  /system/lib/libsurfaceflinger.so
I/DEBUG   ( 3586):     #08 pc 0001abe7  /system/lib/libsurfaceflinger.so
I/DEBUG   ( 3586):     #09 pc 00019fc3  /system/lib/libsurfaceflinger.so
I/DEBUG   ( 3586):     #10 pc 00019d49  /system/lib/libsurfaceflinger.so
I/DEBUG   ( 3586):     #11 pc 00010ed3  /system/lib/libutils.so (android::Looper::pollInner(int)+410)
I/DEBUG   ( 3586):     #12 pc 00010fc5  /system/lib/libutils.so (android::Looper::pollOnce(int, int*, int*, void**)+92)
I/DEBUG   ( 3586):     #13 pc 000174c5  /system/lib/libsurfaceflinger.so
I/DEBUG   ( 3586):     #14 pc 0001993d  /system/lib/libsurfaceflinger.so (android::SurfaceFlinger::run()+8)
I/DEBUG   ( 3586):     #15 pc 0000083d  /system/bin/surfaceflinger
I/DEBUG   ( 3586):     #16 pc 0000fb75  /system/lib/libc.so (__libc_init+44)
I/DEBUG   ( 3586):     #17 pc 000008d8  /system/bin/surfaceflinger
W/auditd  ( 3596): type=1325 audit(0.0:90): table=mangle family=2 entries=8
W/iptables( 3825): type=1300 audit(0.0:90): arch=40000028 syscall=294 per=800000 success=yes exit=0 a0=4 a1=0 a2=40 a3=b6c1ba00 items=0 ppid=3585 auid=4294967295 uid=0 gid=0 euid=0 suid=0 fsuid=0 egid=0 sgid=0 fsgid=0 ses=4294967295 tty=(none) exe="/system/bin/iptables" subj=u:r:netd:s0 key=(null)
W/auditd  ( 3596): type=1320 audit(0.0:90): 
W/auditd  ( 3596): type=1325 audit(0.0:91): table=mangle family=10 entries=8
W/ip6tables( 3826): type=1300 audit(0.0:91): arch=40000028 syscall=294 per=800000 success=yes exit=0 a0=4 a1=29 a2=40 a3=b6c37800 items=0 ppid=3585 auid=4294967295 uid=0 gid=0 euid=0 suid=0 fsuid=0 egid=0 sgid=0 fsgid=0 ses=4294967295 tty=(none) exe="/system/bin/ip6tables" subj=u:r:netd:s0 key=(null)
W/auditd  ( 3596): type=1320 audit(0.0:91): 
W/auditd  ( 3596): type=1325 audit(0.0:92): table=mangle family=2 entries=9
W/iptables( 3833): type=1300 audit(0.0:92): arch=40000028 syscall=294 per=800000 success=yes exit=0 a0=4 a1=0 a2=40 a3=b6c30800 items=0 ppid=3585 auid=4294967295 uid=0 gid=0 euid=0 suid=0 fsuid=0 egid=0 sgid=0 fsgid=0 ses=4294967295 tty=(none) exe="/system/bin/iptables" subj=u:r:netd:s0 key=(null)
W/auditd  ( 3596): type=1320 audit(0.0:92): 
W/auditd  ( 3596): type=1325 audit(0.0:93): table=mangle family=10 entries=9
W/ip6tables( 3834): type=1300 audit(0.0:93): arch=40000028 syscall=294 per=800000 success=yes exit=0 a0=4 a1=29 a2=40 a3=b6c42800 items=0 ppid=3585 auid=4294967295 uid=0 gid=0 euid=0 suid=0 fsuid=0 egid=0 sgid=0 fsgid=0 ses=4294967295 tty=(none) exe="/system/bin/ip6tables" subj=u:r:netd:s0 key=(null)
W/auditd  ( 3596): type=1320 audit(0.0:93): 
W/auditd  ( 3596): type=1325 audit(0.0:94): table=mangle family=2 entries=11
W/iptables( 3835): type=1300 audit(0.0:94): arch=40000028 syscall=294 per=800000 success=yes exit=0 a0=4 a1=0 a2=40 a3=b6c34800 items=0 ppid=3585 auid=4294967295 uid=0 gid=0 euid=0 suid=0 fsuid=0 egid=0 sgid=0 fsgid=0 ses=4294967295 tty=(none) exe="/system/bin/iptables" subj=u:r:netd:s0 key=(null)
W/auditd  ( 3596): type=1320 audit(0.0:94): 
W/auditd  ( 3596): type=1325 audit(0.0:95): table=mangle family=10 entries=11
W/ip6tables( 3836): type=1300 audit(0.0:95): arch=40000028 syscall=294 per=800000 success=yes exit=0 a0=4 a1=29 a2=40 a3=b6c47c00 items=0 ppid=3585 auid=4294967295 uid=0 gid=0 euid=0 suid=0 fsuid=0 egid=0 sgid=0 fsgid=0 ses=4294967295 tty=(none) exe="/system/bin/ip6tables" subj=u:r:netd:s0 key=(null)
W/auditd  ( 3596): type=1320 audit(0.0:95): 
I/ServiceManager( 3589): Waiting for service batterystats...
W/auditd  ( 3596): type=1325 audit(0.0:96): table=mangle family=2 entries=12
W/iptables( 3840): type=1300 audit(0.0:96): arch=40000028 syscall=294 per=800000 success=yes exit=0 a0=4 a1=0 a2=40 a3=b6c41800 items=0 ppid=3585 auid=4294967295 uid=0 gid=0 euid=0 suid=0 fsuid=0 egid=0 sgid=0 fsgid=0 ses=4294967295 tty=(none) exe="/system/bin/iptables" subj=u:r:netd:s0 key=(null)
V/NatController( 3585): runCmd(/system/bin/iptables -F natctrl_FORWARD) res=0
V/NatController( 3585): runCmd(/system/bin/iptables -A natctrl_FORWARD -j DROP) res=0
V/NatController( 3585): runCmd(/system/bin/iptables -t nat -F natctrl_nat_POSTROUTING) res=0
V/NatController( 3585): runCmd(/system/bin/iptables -F natctrl_tether_counters) res=1
V/NatController( 3585): runCmd(/system/bin/iptables -X natctrl_tether_counters) res=1
V/NatController( 3585): runCmd(/system/bin/iptables -N natctrl_tether_counters) res=0
V/NatController( 3585): runCmd(/system/bin/iptables -t mangle -A natctrl_mangle_FORWARD -p tcp --tcp-flags SYN SYN -j TCPMSS --clamp-mss-to-pmtu) res=0
I/DEBUG   ( 3586): 
I/DEBUG   ( 3586): Tombstone written to: /data/tombstones/tombstone_00
I/ServiceManager( 3574): service 'SurfaceFlinger' died
E/SurfaceControl( 3740): invalid handle (0x0) or client (0xb6217118)
W/SurfaceComposerClient( 3740): ComposerService remote (surfaceflinger) died [0xb62591c0]
I/ServiceManager( 3574): service 'Exynos.HWCService' died
D/BootAnimation( 3740): SurfaceFlinger died, exiting...
I/ServiceManager( 3574): service 'media.wifi_display' died
I/ServiceManager( 3574): service 'media.audio_flinger' died
W/init    ( 3889): type=1400 audit(0.0:123): avc: denied { entrypoint } for path="/system/bin/auditd" dev="mmcblk0p18" ino=173 scontext=u:r:logd:s0 tcontext=u:object_r:system_file:s0 tclass=file
W/init    ( 3889): type=1300 audit(0.0:123): arch=40000028 syscall=11 per=800000 success=no exit=-13 a0=b6d80954 a1=b6d66770 a2=57e64 a3=ff0000 items=1 ppid=1 auid=4294967295 uid=0 gid=0 euid=0 suid=0 fsuid=0 egid=0 sgid=0 fsgid=0 ses=4294967295 tty=(none) exe="/init" subj=u:r:init:s0 key=(null)
W/auditd  ( 3596): type=1307 audit(0.0:123): cwd="/"
W/auditd  ( 3596): type=1302 audit(0.0:123): item=0 name="/system/bin/auditd" inode=173 dev=103:0a mode=0100755 ouid=0 ogid=2000 rdev=00:00 obj=u:object_r:system_file:s0
W/auditd  ( 3596): type=1320 audit(0.0:123): 
I/Netd    ( 3890): Netd 1.0 starting
E/Netd    ( 3890): Failed to open /proc/sys/net/ipv6/conf/default/accept_ra_rt_table: No such file or directory
E/Netd    ( 3890): Failed to open /proc/sys/net/ipv6/conf/ip6tnl0/accept_ra_rt_table: No such file or directory
E/Netd    ( 3890): Failed to open /proc/sys/net/ipv6/conf/lo/accept_ra_rt_table: No such file or directory
E/Netd    ( 3890): Failed to open /proc/sys/net/ipv6/conf/rmnet0/accept_ra_rt_table: No such file or directory
E/Netd    ( 3890): Failed to open /proc/sys/net/ipv6/conf/rmnet1/accept_ra_rt_table: No such file or directory
E/Netd    ( 3890): Failed to open /proc/sys/net/ipv6/conf/rmnet2/accept_ra_rt_table: No such file or directory
E/Netd    ( 3890): Failed to open /proc/sys/net/ipv6/conf/rmnet3/accept_ra_rt_table: No such file or directory
E/Netd    ( 3890): Failed to open /proc/sys/net/ipv6/conf/sit0/accept_ra_rt_table: No such file or directory
W/auditd  ( 3596): type=1325 audit(0.0:124): table=filter family=2 entries=40
W/iptables( 3896): type=1300 audit(0.0:124): arch=40000028 syscall=294 per=800000 success=yes exit=0 a0=4 a1=0 a2=40 a3=b6c25000 items=0 ppid=3890 auid=4294967295 uid=0 gid=0 euid=0 suid=0 fsuid=0 egid=0 sgid=0 fsgid=0 ses=4294967295 tty=(none) exe="/system/bin/iptables" subj=u:r:netd:s0 key=(null)
W/auditd  ( 3596): type=1320 audit(0.0:124): 
W/auditd  ( 3596): type=1325 audit(0.0:125): table=filter family=10 entries=35
W/ip6tables( 3897): type=1300 audit(0.0:125): arch=40000028 syscall=294 per=800000 success=yes exit=0 a0=4 a1=29 a2=40 a3=b6b28000 items=0 ppid=3890 auid=4294967295 uid=0 gid=0 euid=0 suid=0 fsuid=0 egid=0 sgid=0 fsgid=0 ses=4294967295 tty=(none) exe="/system/bin/ip6tables" subj=u:r:netd:s0 key=(null)
W/auditd  ( 3596): type=1320 audit(0.0:125): 
I/SurfaceFlinger( 3892): SurfaceFlinger is starting
I/SurfaceFlinger( 3892): SurfaceFlinger's main thread ready to run. Initializing graphics H/W...
W/auditd  ( 3596): type=1325 audit(0.0:126): table=filter family=2 entries=39
W/iptables( 3899): type=1300 audit(0.0:126): arch=40000028 syscall=294 per=800000 success=yes exit=0 a0=4 a1=0 a2=40 a3=b6c22000 items=0 ppid=3890 auid=4294967295 uid=0 gid=0 euid=0 suid=0 fsuid=0 egid=0 sgid=0 fsgid=0 ses=4294967295 tty=(none) exe="/system/bin/iptables" subj=u:r:netd:s0 key=(null)
W/auditd  ( 3596): type=1320 audit(0.0:126): 
D/libEGL  ( 3892): loaded /vendor/lib/egl/libGLES_mali.so
W/auditd  ( 3596): type=1325 audit(0.0:127): table=filter family=10 entries=34
W/ip6tables( 3903): type=1300 audit(0.0:127): arch=40000028 syscall=294 per=800000 success=yes exit=0 a0=4 a1=29 a2=40 a3=b6c23000 items=0 ppid=3890 auid=4294967295 uid=0 gid=0 euid=0 suid=0 fsuid=0 egid=0 sgid=0 fsgid=0 ses=4294967295 tty=(none) exe="/system/bin/ip6tables" subj=u:r:netd:s0 key=(null)
W/auditd  ( 3596): type=1320 audit(0.0:127): 
W/auditd  ( 3596): type=1325 audit(0.0:128): table=filter family=2 entries=39
W/iptables( 3904): type=1300 audit(0.0:128): arch=40000028 syscall=294 per=800000 success=yes exit=0 a0=4 a1=0 a2=40 a3=b6c22000 items=0 ppid=3890 auid=4294967295 uid=0 gid=0 euid=0 suid=0 fsuid=0 egid=0 sgid=0 fsgid=0 ses=4294967295 tty=(none) exe="/system/bin/iptables" subj=u:r:netd:s0 key=(null)
W/auditd  ( 3596): type=1320 audit(0.0:128): 
I/        ( 3892): PLATFORM VERSION : JB-MR-2
I/mediaserver( 3893): ServiceManager: 0xb60500c0
I/AudioFlinger( 3893): Using default 3000 mSec as standby time.
I/ServiceManager( 3893): Waiting for service batterystats...
D/AndroidRuntime( 3895): 
D/AndroidRuntime( 3895): >>>>>> AndroidRuntime START com.android.internal.os.ZygoteInit <<<<<<
D/AndroidRuntime( 3895): CheckJNI is OFF
I/art     ( 3895): option[0]=-Xzygote
I/art     ( 3895): option[1]=-Xstacktracefile:/data/anr/traces.txt
I/art     ( 3895): option[2]=exit
I/art     ( 3895): option[3]=vfprintf
I/art     ( 3895): option[4]=sensitiveThread
I/art     ( 3895): option[5]=-verbose:gc
I/art     ( 3895): option[6]=-Xms8m
I/art     ( 3895): option[7]=-Xmx512m
I/art     ( 3895): option[8]=-XX:mainThreadStackSize=24K
I/art     ( 3895): option[9]=-XX:HeapGrowthLimit=128m
I/art     ( 3895): option[10]=-XX:HeapMinFree=2m
I/art     ( 3895): option[11]=-XX:HeapMaxFree=8m
I/art     ( 3895): option[12]=-XX:HeapTargetUtilization=0.75
I/art     ( 3895): option[13]=-agentlib:jdwp=transport=dt_android_adb,suspend=n,server=y
I/art     ( 3895): option[14]=-Xlockprofthreshold:500
I/art     ( 3895): option[15]=-Ximage-compiler-option
I/art     ( 3895): option[16]=--runtime-arg
I/art     ( 3895): option[17]=-Ximage-compiler-option
I/art     ( 3895): option[18]=-Xms64m
I/art     ( 3895): option[19]=-Ximage-compiler-option
I/art     ( 3895): option[20]=--runtime-arg
I/art     ( 3895): option[21]=-Ximage-compiler-option
I/art     ( 3895): option[22]=-Xmx64m
I/art     ( 3895): option[23]=-Ximage-compiler-option
I/art     ( 3895): option[24]=--image-classes-zip=/system/framework/framework.jar
I/art     ( 3895): option[25]=-Ximage-compiler-option
I/art     ( 3895): option[26]=--image-classes=preloaded-classes
I/art     ( 3895): option[27]=-Xcompiler-option
I/art     ( 3895): option[28]=--runtime-arg
I/art     ( 3895): option[29]=-Xcompiler-option
I/art     ( 3895): option[30]=-Xms64m
I/art     ( 3895): option[31]=-Xcompiler-option
I/art     ( 3895): option[32]=--runtime-arg
I/art     ( 3895): option[33]=-Xcompiler-option
I/art     ( 3895): option[34]=-Xmx512m
I/art     ( 3895): option[35]=-Duser.language=es
I/art     ( 3895): option[36]=-Duser.region=US
I/art     ( 3895): Pruning dalvik-cache since we are generating an image and will need to recompile
W/art     ( 3895): Unexpected file type of 
W/art     ( 3895):  encountered.
I/art     ( 3895): Using an offset of 0xffc96000 from default art base address of 0x70000000
I/art     ( 3895): GenerateImage: /system/bin/dex2oat --image=/data/dalvik-cache/arm/system@framework@boot.art --dex-file=/system/framework/core-libart.jar --dex-file=/system/framework/conscrypt.jar --dex-file=/system/framework/okhttp.jar --dex-file=/system/framework/core-junit.jar --dex-file=/system/framework/bouncycastle.jar --dex-file=/system/framework/ext.jar --dex-file=/system/framework/framework.jar --dex-file=/system/framework/telephony-common.jar --dex-file=/system/framework/voip-common.jar --dex-file=/system/framework/ims-common.jar --dex-file=/system/framework/mms-common.jar --dex-file=/system/framework/android.policy.jar --dex-file=/system/framework/apache-xml.jar --oat-file=/data/dalvik-cache/arm/system@framework@boot.oat --instruction-set=arm --instruction-set-features=div --base=0x6fc96000 --runtime-arg -Xms64m --runtime-arg -Xmx64m --image-classes-zip=/system/framework/framework.jar --image-classes=preloaded-classes
I/gralloc ( 3892): using (fd=12)
I/gralloc ( 3892): id           = 
I/gralloc ( 3892): xres         = 1080 px
I/gralloc ( 3892): yres         = 1920 px
I/gralloc ( 3892): xres_virtual = 1080 px
I/gralloc ( 3892): yres_virtual = 3840 px
I/gralloc ( 3892): bpp          = 32
I/gralloc ( 3892): r            = 16:8
I/gralloc ( 3892): g            =  8:8
I/gralloc ( 3892): b            =  0:8
I/gralloc ( 3892): width        = 65 mm (422.030762 dpi)
I/gralloc ( 3892): height       = 115 mm (424.069580 dpi)
I/gralloc ( 3892): refresh rate = 60.00 Hz
W/art     ( 3895): Unexpected file type of 
W/art     ( 3895):  encountered.
W/art     ( 3895): Could not create image space with image file '/system/framework/boot.art'. Attempting to fall back to imageless running. Error was: Failed to generate image '/data/dalvik-cache/arm/system@framework@boot.art': Failed execv(/system/bin/dex2oat --image=/data/dalvik-cache/arm/system@framework@boot.art --dex-file=/system/framework/core-libart.jar --dex-file=/system/framework/conscrypt.jar --dex-file=/system/framework/okhttp.jar --dex-file=/system/framework/core-junit.jar --dex-file=/system/framework/bouncycastle.jar --dex-file=/system/framework/ext.jar --dex-file=/system/framework/framework.jar --dex-file=/system/framework/telephony-common.jar --dex-file=/system/framework/voip-common.jar --dex-file=/system/framework/ims-common.jar --dex-file=/system/framework/mms-common.jar --dex-file=/system/framework/android.policy.jar --dex-file=/system/framework/apache-xml.jar --oat-file=/data/dalvik-cache/arm/system@framework@boot.oat --instruction-set=arm --instruction-set-features=div --base=0x6fc96000 --runtime-arg -Xms64
D/hwcomposer( 3892): using
D/hwcomposer( 3892): xres         = 1080 px
D/hwcomposer( 3892): yres         = 1920 px
D/hwcomposer( 3892): width        = 65 mm (422.030000 dpi)
D/hwcomposer( 3892): height       = 115 mm (424.069000 dpi)
D/hwcomposer( 3892): refresh rate = 60 Hz
D/libexynosv4l2-subdev( 3892): try node: /dev/v4l-subdev0
D/libexynosv4l2-subdev( 3892): try node: /dev/v4l-subdev1
D/libexynosv4l2-subdev( 3892): try node: /dev/v4l-subdev2
I/libexynosv4l2-subdev( 3892): node found for device s5p-mixer0: /dev/v4l-subdev2
I/libexynosv4l2-subdev( 3892): open subdev device /dev/v4l-subdev2
I/hwcomposer( 3892): PSR info devname = /sys/devices/14400000.fimd_fb/psr_info
I/hwcomposer( 3892): PSR mode is 2(0: video mode, 1: DP PSR mode, 2: MIPI-DSI command mode)
I/SurfaceFlinger( 3892): Using composer version 1.3
I/SurfaceFlinger( 3892): EGL information:
I/SurfaceFlinger( 3892): vendor    : Android
I/SurfaceFlinger( 3892): version   : 1.4 Android META-EGL
I/SurfaceFlinger( 3892): extensions: EGL_KHR_get_all_proc_addresses EGL_ANDROID_presentation_time EGL_KHR_image EGL_KHR_image_base EGL_KHR_gl_texture_2D_image EGL_KHR_gl_texture_cubemap_image EGL_KHR_gl_renderbuffer_image EGL_KHR_fence_sync EGL_KHR_create_context EGL_ANDROID_image_native_buffer EGL_KHR_wait_sync EGL_ANDROID_recordable 
I/SurfaceFlinger( 3892): Client API: OpenGL_ES
I/SurfaceFlinger( 3892): EGLSurface: 8-8-8-8, config=0xb6acf2ac
I/SurfaceFlinger( 3892): OpenGL ES informations:
I/SurfaceFlinger( 3892): vendor    : ARM
I/SurfaceFlinger( 3892): renderer  : Mali-T628
I/SurfaceFlinger( 3892): version   : OpenGL ES 3.0
I/SurfaceFlinger( 3892): extensions: GL_EXT_debug_marker GL_ARM_rgba8 GL_ARM_mali_shader_binary GL_OES_depth24 GL_OES_depth_texture GL_OES_depth_texture_cube_map GL_OES_packed_depth_stencil GL_OES_rgb8_rgba8 GL_EXT_read_format_bgra GL_OES_compressed_paletted_texture GL_OES_compressed_ETC1_RGB8_texture GL_OES_standard_derivatives GL_OES_EGL_image GL_OES_EGL_image_external GL_OES_EGL_sync GL_OES_texture_npot GL_OES_vertex_half_float GL_OES_required_internalformat GL_OES_vertex_array_object GL_OES_mapbuffer GL_EXT_texture_format_BGRA8888 GL_EXT_texture_rg GL_EXT_texture_type_2_10_10_10_REV GL_OES_fbo_render_mipmap GL_OES_element_index_uint GL_EXT_shadow_samplers GL_OES_texture_compression_astc GL_KHR_texture_compression_astc_ldr GL_KHR_texture_compression_astc_hdr GL_KHR_debug GL_EXT_occlusion_query_boolean GL_EXT_blend_minmax GL_EXT_discard_framebuffer GL_OES_get_program_binary GL_OES_texture_3D GL_EXT_texture_storage GL_EXT_multisampled_render_to_texture GL_OES_surfaceless_context GL_ARM_mali_program_binary 
I/SurfaceFlinger( 3892): GL_MAX_TEXTURE_SIZE = 8192
I/SurfaceFlinger( 3892): GL_MAX_VIEWPORT_DIMS = 8192
E/libEGL  ( 3892): eglQuerySurface:607 error 300d (EGL_BAD_SURFACE)
E/libEGL  ( 3892): eglQuerySurface:607 error 300d (EGL_BAD_SURFACE)
E/libEGL  ( 3892): call to OpenGL ES API with no current context (logged once per thread)
D/SurfaceFlinger( 3892): Set power mode=2, type=0 flinger=0xb6a62000
I/hwcomposer( 3892): int exynos5_blank(hwc_composer_device_1*, int, int):: disp(0), blank(0)
I/hwcomposer( 3892): unblank ioctl failed (display already unblanked)
E/libEGL  ( 3892): eglSwapBuffers:1071 error 300d (EGL_BAD_SURFACE)
F/SurfaceFlinger( 3892): eglSwapBuffers(0x1, 0x0) failed with 0x0000300d
F/libc    ( 3892): Fatal signal 6 (SIGABRT), code -6 in tid 3892 (surfaceflinger)
I/DEBUG   ( 3586): property debug.db.uid not set; NOT waiting for gdb.
I/DEBUG   ( 3586): HINT: adb shell setprop debug.db.uid 100000
I/DEBUG   ( 3586): HINT: adb forward tcp:5039 tcp:5039
I/DEBUG   ( 3586): *** *** *** *** *** *** *** *** *** *** *** *** *** *** *** ***
I/DEBUG   ( 3586): Build fingerprint: 'samsung/cm_k3gxx/k3gxx:5.0.2/LRX22G/ca2fb2b51d:userdebug/test-keys'
I/DEBUG   ( 3586): Revision: '10'
I/DEBUG   ( 3586): ABI: 'arm'
I/DEBUG   ( 3586): pid: 3892, tid: 3892, name: surfaceflinger  >>> /system/bin/surfaceflinger <<<
I/DEBUG   ( 3586): signal 6 (SIGABRT), code -6 (SI_TKILL), fault addr --------
I/DEBUG   ( 3586): Abort message: 'eglSwapBuffers(0x1, 0x0) failed with 0x0000300d'
I/DEBUG   ( 3586):     r0 00000000  r1 00000f34  r2 00000006  r3 00000000
I/DEBUG   ( 3586):     r4 b6fbb114  r5 00000006  r6 0000000b  r7 0000010c
I/DEBUG   ( 3586):     r8 00000000  r9 be8c7bd0  sl b6a54210  fp be8c7bd0
I/DEBUG   ( 3586):     ip 00000f34  sp be8c7650  lr b6f457b9  pc b6f694e4  cpsr 600f0010
I/DEBUG   ( 3586): 
I/DEBUG   ( 3586): backtrace:
I/DEBUG   ( 3586):     #00 pc 000384e4  /system/lib/libc.so (tgkill+12)
I/DEBUG   ( 3586):     #01 pc 000147b5  /system/lib/libc.so (pthread_kill+52)
I/DEBUG   ( 3586):     #02 pc 0001550b  /system/lib/libc.so (raise+10)
I/DEBUG   ( 3586):     #03 pc 00011c35  /system/lib/libc.so (__libc_android_abort+36)
I/DEBUG   ( 3586):     #04 pc 0000fcb8  /system/lib/libc.so (abort+4)
I/DEBUG   ( 3586):     #05 pc 00007739  /system/lib/libcutils.so (__android_log_assert+88)
I/DEBUG   ( 3586):     #06 pc 0000f4df  /system/lib/libsurfaceflinger.so
I/DEBUG   ( 3586):     #07 pc 0001b9fd  /system/lib/libsurfaceflinger.so
I/DEBUG   ( 3586):     #08 pc 0001abe7  /system/lib/libsurfaceflinger.so
I/DEBUG   ( 3586):     #09 pc 00019fc3  /system/lib/libsurfaceflinger.so
I/DEBUG   ( 3586):     #10 pc 00019d49  /system/lib/libsurfaceflinger.so
I/DEBUG   ( 3586):     #11 pc 00010ed3  /system/lib/libutils.so (android::Looper::pollInner(int)+410)
I/DEBUG   ( 3586):     #12 pc 00010fc5  /system/lib/libutils.so (android::Looper::pollOnce(int, int*, int*, void**)+92)
I/DEBUG   ( 3586):     #13 pc 000174c5  /system/lib/libsurfaceflinger.so
I/DEBUG   ( 3586):     #14 pc 0001993d  /system/lib/libsurfaceflinger.so (android::SurfaceFlinger::run()+8)
I/DEBUG   ( 3586):     #15 pc 0000083d  /system/bin/surfaceflinger
I/DEBUG   ( 3586):     #16 pc 0000fb75  /system/lib/libc.so (__libc_init+44)
I/DEBUG   ( 3586):     #17 pc 000008d8  /system/bin/surfaceflinger
W/auditd  ( 3596): type=1325 audit(0.0:232): table=filter family=10 entries=34
W/ip6tables( 4023): type=1300 audit(0.0:232): arch=40000028 syscall=294 per=800000 success=yes exit=0 a0=4 a1=29 a2=40 a3=b6c23000 items=0 ppid=3890 auid=4294967295 uid=0 gid=0 euid=0 suid=0 fsuid=0 egid=0 sgid=0 fsgid=0 ses=4294967295 tty=(none) exe="/system/bin/ip6tables" subj=u:r:netd:s0 key=(null)
W/auditd  ( 3596): type=1320 audit(0.0:232): 
W/auditd  ( 3596): type=1325 audit(0.0:233): table=filter family=2 entries=36
W/iptables( 4024): type=1300 audit(0.0:233): arch=40000028 syscall=294 per=800000 success=yes exit=0 a0=4 a1=0 a2=40 a3=b6c22000 items=0 ppid=3890 auid=4294967295 uid=0 gid=0 euid=0 suid=0 fsuid=0 egid=0 sgid=0 fsgid=0 ses=4294967295 tty=(none) exe="/system/bin/iptables" subj=u:r:netd:s0 key=(null)
W/auditd  ( 3596): type=1320 audit(0.0:233): 
W/auditd  ( 3596): type=1325 audit(0.0:234): table=filter family=10 entries=32
W/ip6tables( 4025): type=1300 audit(0.0:234): arch=40000028 syscall=294 per=800000 success=yes exit=0 a0=4 a1=29 a2=40 a3=b6c23000 items=0 ppid=3890 auid=4294967295 uid=0 gid=0 euid=0 suid=0 fsuid=0 egid=0 sgid=0 fsgid=0 ses=4294967295 tty=(none) exe="/system/bin/ip6tables" subj=u:r:netd:s0 key=(null)
W/auditd  ( 3596): type=1320 audit(0.0:234): 
W/auditd  ( 3596): type=1325 audit(0.0:235): table=filter family=2 entries=38
W/iptables( 4026): type=1300 audit(0.0:235): arch=40000028 syscall=294 per=800000 success=yes exit=0 a0=4 a1=0 a2=40 a3=b6c25000 items=0 ppid=3890 auid=4294967295 uid=0 gid=0 euid=0 suid=0 fsuid=0 egid=0 sgid=0 fsgid=0 ses=4294967295 tty=(none) exe="/system/bin/iptables" subj=u:r:netd:s0 key=(null)
W/auditd  ( 3596): type=1320 audit(0.0:235): 
W/auditd  ( 3596): type=1325 audit(0.0:236): table=filter family=10 entries=34
W/ip6tables( 4027): type=1300 audit(0.0:236): arch=40000028 syscall=294 per=800000 success=yes exit=0 a0=4 a1=29 a2=40 a3=b6c28000 items=0 ppid=3890 auid=4294967295 uid=0 gid=0 euid=0 suid=0 fsuid=0 egid=0 sgid=0 fsgid=0 ses=4294967295 tty=(none) exe="/system/bin/ip6tables" subj=u:r:netd:s0 key=(null)
W/auditd  ( 3596): type=1320 audit(0.0:236): 
W/auditd  ( 3596): type=1325 audit(0.0:237): table=raw family=2 entries=9
W/iptables( 4028): type=1300 audit(0.0:237): arch=40000028 syscall=294 per=800000 success=yes exit=0 a0=4 a1=0 a2=40 a3=b6c1ba00 items=0 ppid=3890 auid=4294967295 uid=0 gid=0 euid=0 suid=0 fsuid=0 egid=0 sgid=0 fsgid=0 ses=4294967295 tty=(none) exe="/system/bin/iptables" subj=u:r:netd:s0 key=(null)
W/auditd  ( 3596): type=1320 audit(0.0:237): 
W/auditd  ( 3596): type=1325 audit(0.0:238): table=raw family=10 entries=9
W/ip6tables( 4029): type=1300 audit(0.0:238): arch=40000028 syscall=294 per=800000 success=yes exit=0 a0=4 a1=29 a2=40 a3=b6c1d000 items=0 ppid=3890 auid=4294967295 uid=0 gid=0 euid=0 suid=0 fsuid=0 egid=0 sgid=0 fsgid=0 ses=4294967295 tty=(none) exe="/system/bin/ip6tables" subj=u:r:netd:s0 key=(null)
I/ServiceManager( 3893): Waiting for service batterystats...
I/DEBUG   ( 3586): 
I/DEBUG   ( 3586): Tombstone written to: /data/tombstones/tombstone_01
V/NatController( 3890): runCmd(/system/bin/iptables -F natctrl_FORWARD) res=0
V/NatController( 3890): runCmd(/system/bin/iptables -A natctrl_FORWARD -j DROP) res=0
V/NatController( 3890): runCmd(/system/bin/iptables -t nat -F natctrl_nat_POSTROUTING) res=0
I/ServiceManager( 3574): service 'SurfaceFlinger' died
I/ServiceManager( 3574): service 'Exynos.HWCService' died
I/ServiceManager( 3574): service 'media.wifi_display' died
E/SurfaceControl( 3957): invalid handle (0x0) or client (0xb6317118)
W/SurfaceComposerClient( 3957): ComposerService remote (surfaceflinger) died [0xb63591c0]
D/BootAnimation( 3957): SurfaceFlinger died, exiting...
V/NatController( 3890): runCmd(/system/bin/iptables -F natctrl_tether_counters) res=0
I/ServiceManager( 3574): service 'media.audio_flinger' died
W/init    ( 4091): type=1400 audit(0.0:298): avc: denied { entrypoint } for path="/system/bin/auditd" dev="mmcblk0p18" ino=173 scontext=u:r:logd:s0 tcontext=u:object_r:system_file:s0 tclass=file
W/init    ( 4091): type=1300 audit(0.0:298): arch=40000028 syscall=11 per=800000 success=no exit=-13 a0=b6d80954 a1=b6d66770 a2=57e64 a3=ff0000 items=1 ppid=1 auid=4294967295 uid=0 gid=0 euid=0 suid=0 fsuid=0 egid=0 sgid=0 fsgid=0 ses=4294967295 tty=(none) exe="/init" subj=u:r:init:s0 key=(null)
W/auditd  ( 3596): type=1307 audit(0.0:298): cwd="/"
W/auditd  ( 3596): type=1302 audit(0.0:298): item=0 name="/system/bin/auditd" inode=173 dev=103:0a mode=0100755 ouid=0 ogid=2000 rdev=00:00 obj=u:object_r:system_file:s0
W/auditd  ( 3596): type=1320 audit(0.0:298): 
I/Netd    ( 4092): Netd 1.0 starting
E/Netd    ( 4092): Failed to open /proc/sys/net/ipv6/conf/default/accept_ra_rt_table: No such file or directory
E/Netd    ( 4092): Failed to open /proc/sys/net/ipv6/conf/ip6tnl0/accept_ra_rt_table: No such file or directory
E/Netd    ( 4092): Failed to open /proc/sys/net/ipv6/conf/lo/accept_ra_rt_table: No such file or directory
E/Netd    ( 4092): Failed to open /proc/sys/net/ipv6/conf/rmnet0/accept_ra_rt_table: No such file or directory
E/Netd    ( 4092): Failed to open /proc/sys/net/ipv6/conf/rmnet1/accept_ra_rt_table: No such file or directory
E/Netd    ( 4092): Failed to open /proc/sys/net/ipv6/conf/rmnet2/accept_ra_rt_table: No such file or directory
E/Netd    ( 4092): Failed to open /proc/sys/net/ipv6/conf/rmnet3/accept_ra_rt_table: No such file or directory
E/Netd    ( 4092): Failed to open /proc/sys/net/ipv6/conf/sit0/accept_ra_rt_table: No such file or directory
W/auditd  ( 3596): type=1325 audit(0.0:299): table=filter family=2 entries=38
W/iptables( 4098): type=1300 audit(0.0:299): arch=40000028 syscall=294 per=800000 success=yes exit=0 a0=4 a1=0 a2=40 a3=b6c25000 items=0 ppid=4092 auid=4294967295 uid=0 gid=0 euid=0 suid=0 fsuid=0 egid=0 sgid=0 fsgid=0 ses=4294967295 tty=(none) exe="/system/bin/iptables" subj=u:r:netd:s0 key=(null)
W/auditd  ( 3596): type=1320 audit(0.0:299): 
I/SurfaceFlinger( 4094): SurfaceFlinger is starting
I/SurfaceFlinger( 4094): SurfaceFlinger's main thread ready to run. Initializing graphics H/W...
W/auditd  ( 3596): type=1325 audit(0.0:300): table=filter family=10 entries=35
