I/SystemServer( 4118): System Content Providers
E/ActivityThread( 4118): Failed to find provider info for settings
E/System  ( 4118): ******************************************
E/System  ( 4118): ************ Failure starting core service
E/System  ( 4118): java.lang.NullPointerException: Attempt to invoke interface method 'android.os.Bundle android.content.IContentProvider.call(java.lang.String, java.lang.String, java.lang.String, android.os.Bundle)' on a null object reference
E/System  ( 4118): 	at android.provider.Settings$NameValueCache.getStringForUser(Settings.java:1144)
E/System  ( 4118): 	at android.provider.Settings$Secure.getStringForUser(Settings.java:4086)
E/System  ( 4118): 	at android.provider.Settings$Secure.getIntForUser(Settings.java:4195)
E/System  ( 4118): 	at android.provider.Settings$Secure.getInt(Settings.java:4184)
E/System  ( 4118): 	at com.android.server.am.CoreSettingsObserver.populateSettings(CoreSettingsObserver.java:125)
E/System  ( 4118): 	at com.android.server.am.CoreSettingsObserver.sendCoreSettings(CoreSettingsObserver.java:80)
E/System  ( 4118): 	at com.android.server.am.CoreSettingsObserver.<init>(CoreSettingsObserver.java:65)
E/System  ( 4118): 	at com.android.server.am.ActivityManagerService.installSystemProviders(ActivityManagerService.java:9976)
E/System  ( 4118): 	at com.android.server.SystemServer.startOtherServices(SystemServer.java:482)
E/System  ( 4118): 	at com.android.server.SystemServer.run(SystemServer.java:284)
E/System  ( 4118): 	at com.android.server.SystemServer.main(SystemServer.java:185)
E/System  ( 4118): 	at java.lang.reflect.Method.invoke(Native Method)
E/System  ( 4118): 	at java.lang.reflect.Method.invoke(Method.java:372)
E/System  ( 4118): 	at com.android.internal.os.ZygoteInit$MethodAndArgsCaller.run(ZygoteInit.java:898)
E/System  ( 4118): 	at com.android.internal.os.ZygoteInit.main(ZygoteInit.java:693)
I/SystemServer( 4118): Input Method Service
W/InputMethodManagerService( 4118): Couldn't create dir.: /data/system/inputmethod
E/ActivityThread( 4118): Failed to find provider info for settings
W/SystemServer( 4118): ***********************************************
F/SystemServer( 4118): BOOT FAILURE starting Input Manager Service
F/SystemServer( 4118): java.lang.NullPointerException: Attempt to invoke interface method 'android.os.Bundle android.content.IContentProvider.call(java.lang.String, java.lang.String, java.lang.String, android.os.Bundle)' on a null object reference
F/SystemServer( 4118): 	at android.provider.Settings$NameValueCache.getStringForUser(Settings.java:1144)
F/SystemServer( 4118): 	at android.provider.Settings$Secure.getStringForUser(Settings.java:4086)
F/SystemServer( 4118): 	at com.android.internal.inputmethod.InputMethodUtils$InputMethodSettings.getEnabledInputMethodsStr(InputMethodUtils.java:898)
F/SystemServer( 4118): 	at com.android.internal.inputmethod.InputMethodUtils$InputMethodSettings.getEnabledInputMethodsAndSubtypeListLocked(InputMethodUtils.java:797)
F/SystemServer( 4118): 	at com.android.internal.inputmethod.InputMethodUtils$InputMethodSettings.getEnabledInputMethodListLocked(InputMethodUtils.java:731)
F/SystemServer( 4118): 	at com.android.internal.inputmethod.InputMethodUtils$InputMethodSettings.getExplicitlyOrImplicitlyEnabledInputMethodsAndSubtypeListLocked(InputMethodUtils.java:1168)
F/SystemServer( 4118): 	at com.android.internal.inputmethod.InputMethodSubtypeSwitchingController$InputMethodAndSubtypeList.getSortedInputMethodAndSubtypeList(InputMethodSubtypeSwitchingController.java:202)
F/SystemServer( 4118): 	at com.android.internal.inputmethod.InputMethodSubtypeSwitchingController$InputMethodAndSubtypeList.getSortedInputMethodAndSubtypeList(InputMethodSubtypeSwitchingController.java:195)
F/SystemServer( 4118): 	at com.android.internal.inputmethod.InputMethodSubtypeSwitchingController.resetCircularListLocked(InputMethodSubtypeSwitchingController.java:503)
F/SystemServer( 4118): 	at com.android.internal.inputmethod.InputMethodSubtypeSwitchingController.<init>(InputMethodSubtypeSwitchingController.java:483)
F/SystemServer( 4118): 	at com.android.internal.inputmethod.InputMethodSubtypeSwitchingController.createInstanceLocked(InputMethodSubtypeSwitchingController.java:488)
F/SystemServer( 4118): 	at com.android.server.InputMethodManagerService.<init>(InputMethodManagerService.java:721)
F/SystemServer( 4118): 	at com.android.server.SystemServer.startOtherServices(SystemServer.java:561)
F/SystemServer( 4118): 	at com.android.server.SystemServer.run(SystemServer.java:284)
F/SystemServer( 4118): 	at com.android.server.SystemServer.main(SystemServer.java:185)
F/SystemServer( 4118): 	at java.lang.reflect.Method.invoke(Native Method)
F/SystemServer( 4118): 	at java.lang.reflect.Method.invoke(Method.java:372)
F/SystemServer( 4118): 	at com.android.internal.os.ZygoteInit$MethodAndArgsCaller.run(ZygoteInit.java:898)
F/SystemServer( 4118): 	at com.android.internal.os.ZygoteInit.main(ZygoteInit.java:693)
I/SystemServer( 4118): Accessibility Manager
W/SystemServer( 4118): ***********************************************
F/SystemServer( 4118): BOOT FAILURE making display ready
F/SystemServer( 4118): java.lang.NullPointerException: Attempt to invoke virtual method 'void com.android.server.wm.WindowManagerService.displayReady()' on a null object reference
F/SystemServer( 4118): 	at com.android.server.SystemServer.startOtherServices(SystemServer.java:578)
F/SystemServer( 4118): 	at com.android.server.SystemServer.run(SystemServer.java:284)
F/SystemServer( 4118): 	at com.android.server.SystemServer.main(SystemServer.java:185)
F/SystemServer( 4118): 	at java.lang.reflect.Method.invoke(Native Method)
F/SystemServer( 4118): 	at java.lang.reflect.Method.invoke(Method.java:372)
F/SystemServer( 4118): 	at com.android.internal.os.ZygoteInit$MethodAndArgsCaller.run(ZygoteInit.java:898)
F/SystemServer( 4118): 	at com.android.internal.os.ZygoteInit.main(ZygoteInit.java:693)
I/SystemServer( 4118): Mount Service
D/MountService( 4118): got storage path: /storage/sdcard0 description: Almacenamiento interno primary: true removable: false emulated: true mtpReserve: 100 allowMassStorage: false maxFileSize: 0
D/MountService( 4118): addVolumeLocked() StorageVolume:
D/MountService( 4118):     mStorageId=65537 mPath=/storage/emulated/0 mDescriptionId=17040999 
D/MountService( 4118):     mPrimary=true mRemovable=false mEmulated=true mMtpReserveSpace=100 
D/MountService( 4118):     mAllowMassStorage=false mMaxFileSize=0 mOwner=UserHandle{0} mUuid=null 
D/MountService( 4118):     mUserLabel=null mState=null 
D/MountService( 4118): got storage path: /storage/sdcard1 description: Tarjeta SD primary: false removable: true emulated: false mtpReserve: 0 allowMassStorage: true maxFileSize: 0
D/MountService( 4118): addVolumeLocked() StorageVolume:
D/MountService( 4118):     mStorageId=0 mPath=/storage/sdcard1 mDescriptionId=17041000 mPrimary=false 
D/MountService( 4118):     mRemovable=true mEmulated=false mMtpReserveSpace=0 mAllowMassStorage=true 
D/MountService( 4118):     mMaxFileSize=0 mOwner=null mUuid=null mUserLabel=null mState=null 
D/MountService( 4118): got storage path: /storage/usbdisk description: Almacenamiento USB primary: false removable: true emulated: false mtpReserve: 0 allowMassStorage: false maxFileSize: 0
D/MountService( 4118): addVolumeLocked() StorageVolume:
D/MountService( 4118):     mStorageId=0 mPath=/storage/usbdisk mDescriptionId=17041001 mPrimary=false 
D/MountService( 4118):     mRemovable=true mEmulated=false mMtpReserveSpace=0 mAllowMassStorage=false 
D/MountService( 4118):     mMaxFileSize=0 mOwner=null mUuid=null mUserLabel=null mState=null 
E/ActivityThread( 4118): Failed to find provider info for settings
W/SystemServer( 4118): ***********************************************
F/SystemServer( 4118): BOOT FAILURE performing boot dexopt
F/SystemServer( 4118): java.lang.NullPointerException: Attempt to invoke interface method 'android.os.Bundle android.content.IContentProvider.call(java.lang.String, java.lang.String, java.lang.String, android.os.Bundle)' on a null object reference
F/SystemServer( 4118): 	at android.provider.Settings$NameValueCache.getStringForUser(Settings.java:1144)
F/SystemServer( 4118): 	at android.provider.Settings$Global.getStringForUser(Settings.java:7966)
F/SystemServer( 4118): 	at android.provider.Settings$Global.getString(Settings.java:7955)
F/SystemServer( 4118): 	at android.provider.Settings$Global.getLong(Settings.java:8096)
F/SystemServer( 4118): 	at com.android.server.pm.PackageManagerService.performBootDexOpt(PackageManagerService.java:4802)
F/SystemServer( 4118): 	at com.android.server.SystemServer.startOtherServices(SystemServer.java:601)
F/SystemServer( 4118): 	at com.android.server.SystemServer.run(SystemServer.java:284)
F/SystemServer( 4118): 	at com.android.server.SystemServer.main(SystemServer.java:185)
F/SystemServer( 4118): 	at java.lang.reflect.Method.invoke(Native Method)
F/SystemServer( 4118): 	at java.lang.reflect.Method.invoke(Method.java:372)
F/SystemServer( 4118): 	at com.android.internal.os.ZygoteInit$MethodAndArgsCaller.run(ZygoteInit.java:898)
F/SystemServer( 4118): 	at com.android.internal.os.ZygoteInit.main(ZygoteInit.java:693)
E/System  ( 4118): ******************************************
E/System  ( 4118): ************ Failure starting system services
E/System  ( 4118): java.lang.NullPointerException: Attempt to invoke virtual method 'void com.android.server.wm.WindowManagerService.showBootMessage(java.lang.CharSequence, boolean)' on a null object reference
E/System  ( 4118): 	at com.android.server.am.ActivityManagerService.showBootMessage(ActivityManagerService.java:6406)
E/System  ( 4118): 	at com.android.server.SystemServer.startOtherServices(SystemServer.java:607)
E/System  ( 4118): 	at com.android.server.SystemServer.run(SystemServer.java:284)
E/System  ( 4118): 	at com.android.server.SystemServer.main(SystemServer.java:185)
E/System  ( 4118): 	at java.lang.reflect.Method.invoke(Native Method)
E/System  ( 4118): 	at java.lang.reflect.Method.invoke(Method.java:372)
E/System  ( 4118): 	at com.android.internal.os.ZygoteInit$MethodAndArgsCaller.run(ZygoteInit.java:898)
E/System  ( 4118): 	at com.android.internal.os.ZygoteInit.main(ZygoteInit.java:693)
D/AndroidRuntime( 4118): Shutting down VM
--------- beginning of crash
E/AndroidRuntime( 4118): *** FATAL EXCEPTION IN SYSTEM PROCESS: main
E/AndroidRuntime( 4118): java.lang.NullPointerException: Attempt to invoke virtual method 'void com.android.server.wm.WindowManagerService.showBootMessage(java.lang.CharSequence, boolean)' on a null object reference
E/AndroidRuntime( 4118): 	at com.android.server.am.ActivityManagerService.showBootMessage(ActivityManagerService.java:6406)
E/AndroidRuntime( 4118): 	at com.android.server.SystemServer.startOtherServices(SystemServer.java:607)
E/AndroidRuntime( 4118): 	at com.android.server.SystemServer.run(SystemServer.java:284)
E/AndroidRuntime( 4118): 	at com.android.server.SystemServer.main(SystemServer.java:185)
E/AndroidRuntime( 4118): 	at java.lang.reflect.Method.invoke(Native Method)
E/AndroidRuntime( 4118): 	at java.lang.reflect.Method.invoke(Method.java:372)
E/AndroidRuntime( 4118): 	at com.android.internal.os.ZygoteInit$MethodAndArgsCaller.run(ZygoteInit.java:898)
E/AndroidRuntime( 4118): 	at com.android.internal.os.ZygoteInit.main(ZygoteInit.java:693)
I/Process ( 4118): Sending signal. PID: 4118 SIG: 9
E/installd( 3695): eof
E/installd( 3695): failed to read size
I/installd( 3695): closing connection
I/ServiceManager( 3674): service 'entropy' died
I/ServiceManager( 3674): service 'account' died
I/ServiceManager( 3674): service 'content' died
I/ServiceManager( 3674): service 'user' died
I/ServiceManager( 3674): service 'activity' died
I/ServiceManager( 3674): service 'procstats' died
I/ServiceManager( 3674): service 'permission' died
I/ServiceManager( 3674): service 'hardware' died
I/ServiceManager( 3674): service 'accessibility' died
I/ServiceManager( 3674): service 'mount' died
I/ServiceManager( 3674): service 'battery' died
I/ServiceManager( 3674): service 'usagestats' died
I/ServiceManager( 3674): service 'webviewupdate' died
I/ServiceManager( 3674): service 'telephony.registry' died
I/ServiceManager( 3674): service 'scheduling_policy' died
I/ServiceManager( 3674): service 'sensorservice' died
I/ServiceManager( 3674): service 'meminfo' died
I/ServiceManager( 3674): service 'package' died
I/ServiceManager( 3674): service 'display' died
I/ServiceManager( 3674): service 'gfxinfo' died
I/ServiceManager( 3674): service 'dbinfo' died
I/ServiceManager( 3674): service 'cpuinfo' died
I/ServiceManager( 3674): service 'batterystats' died
I/ServiceManager( 3674): service 'appops' died
I/ServiceManager( 3674): service 'power' died
I/lowmemorykiller( 3673): ActivityManager disconnected
I/lowmemorykiller( 3673): Closing Activity Manager data connection
E/Zygote  ( 3701): Exit zygote because system server (4118) has terminated
I/ServiceManager( 3674): service 'media.audio_flinger' died
I/ServiceManager( 3674): service 'media.player' died
I/ServiceManager( 3674): service 'media.camera' died
I/Netd    ( 4222): Netd 1.0 starting
E/Netd    ( 4222): Failed to open /proc/sys/net/ipv6/conf/default/accept_ra_rt_table: No such file or directory
E/Netd    ( 4222): Failed to open /proc/sys/net/ipv6/conf/ip6tnl0/accept_ra_rt_table: No such file or directory
E/Netd    ( 4222): Failed to open /proc/sys/net/ipv6/conf/lo/accept_ra_rt_table: No such file or directory
E/Netd    ( 4222): Failed to open /proc/sys/net/ipv6/conf/rmnet0/accept_ra_rt_table: No such file or directory
E/Netd    ( 4222): Failed to open /proc/sys/net/ipv6/conf/rmnet1/accept_ra_rt_table: No such file or directory
E/Netd    ( 4222): Failed to open /proc/sys/net/ipv6/conf/rmnet2/accept_ra_rt_table: No such file or directory
E/Netd    ( 4222): Failed to open /proc/sys/net/ipv6/conf/rmnet3/accept_ra_rt_table: No such file or directory
E/Netd    ( 4222): Failed to open /proc/sys/net/ipv6/conf/sit0/accept_ra_rt_table: No such file or directory
W/auditd  ( 3705): type=1325 audit(0.0:149): table=filter family=2 entries=50
W/iptables( 4224): type=1300 audit(0.0:149): arch=40000028 syscall=294 per=800000 success=yes exit=0 a0=5 a1=0 a2=40 a3=b6c29000 items=0 ppid=4222 auid=4294967295 uid=0 gid=0 euid=0 suid=0 fsuid=0 egid=0 sgid=0 fsgid=0 ses=4294967295 tty=(none) exe="/system/bin/iptables" key=(null)
W/auditd  ( 3705): type=1320 audit(0.0:149): 
W/auditd  ( 3705): type=1325 audit(0.0:150): table=filter family=10 entries=47
W/ip6tables( 4225): type=1300 audit(0.0:150): arch=40000028 syscall=294 per=800000 success=yes exit=0 a0=5 a1=29 a2=40 a3=b6c2e000 items=0 ppid=4222 auid=4294967295 uid=0 gid=0 euid=0 suid=0 fsuid=0 egid=0 sgid=0 fsgid=0 ses=4294967295 tty=(none) exe="/system/bin/ip6tables" key=(null)
W/auditd  ( 3705): type=1320 audit(0.0:150): 
W/auditd  ( 3705): type=1325 audit(0.0:151): table=filter family=2 entries=49
W/iptables( 4226): type=1300 audit(0.0:151): arch=40000028 syscall=294 per=800000 success=yes exit=0 a0=5 a1=0 a2=40 a3=b6c26000 items=0 ppid=4222 auid=4294967295 uid=0 gid=0 euid=0 suid=0 fsuid=0 egid=0 sgid=0 fsgid=0 ses=4294967295 tty=(none) exe="/system/bin/iptables" key=(null)
W/auditd  ( 3705): type=1320 audit(0.0:151): 
W/auditd  ( 3705): type=1325 audit(0.0:152): table=filter family=10 entries=46
W/ip6tables( 4227): type=1300 audit(0.0:152): arch=40000028 syscall=294 per=800000 success=yes exit=0 a0=5 a1=29 a2=40 a3=b6c29000 items=0 ppid=4222 auid=4294967295 uid=0 gid=0 euid=0 suid=0 fsuid=0 egid=0 sgid=0 fsgid=0 ses=4294967295 tty=(none) exe="/system/bin/ip6tables" key=(null)
W/auditd  ( 3705): type=1320 audit(0.0:152): 
W/auditd  ( 3705): type=1325 audit(0.0:153): table=filter family=2 entries=48
W/iptables( 4228): type=1300 audit(0.0:153): arch=40000028 syscall=294 per=800000 success=yes exit=0 a0=5 a1=0 a2=40 a3=b6c26000 items=0 ppid=4222 auid=4294967295 uid=0 gid=0 euid=0 suid=0 fsuid=0 egid=0 sgid=0 fsgid=0 ses=4294967295 tty=(none) exe="/system/bin/iptables" key=(null)
W/auditd  ( 3705): type=1320 audit(0.0:153): 
W/auditd  ( 3705): type=1325 audit(0.0:154): table=filter family=10 entries=45
W/ip6tables( 4229): type=1300 audit(0.0:154): arch=40000028 syscall=294 per=800000 success=yes exit=0 a0=5 a1=29 a2=40 a3=b6c29000 items=0 ppid=4222 auid=4294967295 uid=0 gid=0 euid=0 suid=0 fsuid=0 egid=0 sgid=0 fsgid=0 ses=4294967295 tty=(none) exe="/system/bin/ip6tables" key=(null)
W/auditd  ( 3705): type=1320 audit(0.0:154): 
W/auditd  ( 3705): type=1325 audit(0.0:155): table=filter family=2 entries=46
W/iptables( 4230): type=1300 audit(0.0:155): arch=40000028 syscall=294 per=800000 success=yes exit=0 a0=5 a1=0 a2=40 a3=b6c26000 items=0 ppid=4222 auid=4294967295 uid=0 gid=0 euid=0 suid=0 fsuid=0 egid=0 sgid=0 fsgid=0 ses=4294967295 tty=(none) exe="/system/bin/iptables" key=(null)
D/AndroidRuntime( 4221): 
D/AndroidRuntime( 4221): >>>>>> AndroidRuntime START com.android.internal.os.ZygoteInit <<<<<<
D/AndroidRuntime( 4221): CheckJNI is OFF
I/art     ( 4221): option[0]=-Xzygote
I/art     ( 4221): option[1]=-Xstacktracefile:/data/anr/traces.txt
I/art     ( 4221): option[2]=exit
I/art     ( 4221): option[3]=vfprintf
I/art     ( 4221): option[4]=sensitiveThread
I/art     ( 4221): option[5]=-verbose:gc
I/art     ( 4221): option[6]=-Xms16m
I/art     ( 4221): option[7]=-Xmx512m
I/art     ( 4221): option[8]=-XX:mainThreadStackSize=24K
I/art     ( 4221): option[9]=-XX:HeapGrowthLimit=192m
I/art     ( 4221): option[10]=-XX:HeapMinFree=2m
I/art     ( 4221): option[11]=-XX:HeapMaxFree=8m
I/art     ( 4221): option[12]=-XX:HeapTargetUtilization=0.75
I/art     ( 4221): option[13]=-agentlib:jdwp=transport=dt_android_adb,suspend=n,server=y
I/art     ( 4221): option[14]=-Xlockprofthreshold:500
I/art     ( 4221): option[15]=-Ximage-compiler-option
I/art     ( 4221): option[16]=--runtime-arg
I/art     ( 4221): option[17]=-Ximage-compiler-option
I/art     ( 4221): option[18]=-Xms64m
I/art     ( 4221): option[19]=-Ximage-compiler-option
I/art     ( 4221): option[20]=--runtime-arg
I/art     ( 4221): option[21]=-Ximage-compiler-option
I/mediaserver( 4223): ServiceManager: 0xb61500c0
I/art     ( 4221): option[22]=-Xmx64m
I/art     ( 4221): option[23]=-Ximage-compiler-option
I/art     ( 4221): option[24]=--image-classes-zip=/system/framework/framework.jar
I/art     ( 4221): option[25]=-Ximage-compiler-option
I/AudioFlinger( 4223): Using default 3000 mSec as standby time.
I/art     ( 4221): option[26]=--image-classes=preloaded-classes
I/art     ( 4221): option[27]=-Xcompiler-option
I/art     ( 4221): option[28]=--runtime-arg
I/art     ( 4221): option[29]=-Xcompiler-option
I/art     ( 4221): option[30]=-Xms64m
I/art     ( 4221): option[31]=-Xcompiler-option
I/art     ( 4221): option[32]=--runtime-arg
I/art     ( 4221): option[33]=-Xcompiler-option
I/art     ( 4221): option[34]=-Xmx512m
I/art     ( 4221): option[35]=-Duser.language=es
I/art     ( 4221): option[36]=-Duser.region=US
I/ServiceManager( 4223): Waiting for service batterystats...
E/memtrack( 4221): Couldn't load memtrack module (No such file or directory)
E/android.os.Debug( 4221): failed to load memtrack module: -2
I/SamplingProfilerIntegration( 4221): Profiling disabled.
D/Zygote  ( 4221): begin preload
I/Zygote  ( 4221): Preloading classes...
I/art     ( 4221): Explicit concurrent mark sweep GC freed 994(55KB) AllocSpace objects, 0(0B) LOS objects, 98% free, 70KB/4MB, paused 131us total 3.962ms
I/art     ( 4221): Counter: 1
E/Minikin ( 4221): addFont failed to create font /system/fonts/NotoSansGujarati-Regular.ttf
E/Minikin ( 4221): addFont failed to create font /system/fonts/NotoSansGujarati-Bold.ttf
E/Minikin ( 4221): addFont failed to create font /system/fonts/NotoSansGujaratiUI-Regular.ttf
E/Minikin ( 4221): addFont failed to create font /system/fonts/NotoSansGujaratiUI-Bold.ttf
E/Minikin ( 4221): addFont failed to create font /system/fonts/NotoSansGurmukhi-Regular.ttf
E/Minikin ( 4221): addFont failed to create font /system/fonts/NotoSansGurmukhi-Bold.ttf
E/Minikin ( 4221): addFont failed to create font /system/fonts/NotoSansGurmukhiUI-Regular.ttf
E/Minikin ( 4221): addFont failed to create font /system/fonts/NotoSansGurmukhiUI-Bold.ttf
E/Minikin ( 4221): addFont failed to create font /system/fonts/NotoSansSinhala-Regular.ttf
E/Minikin ( 4221): addFont failed to create font /system/fonts/NotoSansSinhala-Bold.ttf
E/Minikin ( 4221): addFont failed to create font /system/fonts/NotoSansCherokee-Regular.ttf
E/Minikin ( 4221): addFont failed to create font /system/fonts/NotoSansCanadianAboriginal-Regular.ttf
E/Minikin ( 4221): addFont failed to create font /system/fonts/NotoSansYi-Regular.ttf
E/Minikin ( 4221): addFont failed to create font /system/fonts/NotoSansHans-Regular.otf
E/Minikin ( 4221): addFont failed to create font /system/fonts/NotoSansHant-Regular.otf
E/Minikin ( 4221): addFont failed to create font /system/fonts/NotoSansJP-Regular.otf
E/Minikin ( 4221): addFont failed to create font /system/fonts/NotoSansKR-Regular.otf
I/art     ( 4221): Thread[1,tid=4221,WaitingForJniOnLoad,Thread*=0xb5007800,peer=0x12c330e0,"main"] recursive attempt to load library "/system/lib/libmedia_jni.so"
D/MtpDeviceJNI( 4221): register_android_mtp_MtpDevice
I/art     ( 4221): Thread[1,tid=4221,WaitingForJniOnLoad,Thread*=0xb5007800,peer=0x12c330e0,"main"] recursive attempt to load library "/system/lib/libmedia_jni.so"
I/art     ( 4221): Thread[1,tid=4221,WaitingForJniOnLoad,Thread*=0xb5007800,peer=0x12c330e0,"main"] recursive attempt to load library "/system/lib/libmedia_jni.so"
I/System  ( 4221): Loaded time zone names for "" in 45ms (39ms in ICU)
I/System  ( 4221): Loaded time zone names for "en_US" in 33ms (27ms in ICU)
I/System  ( 4221): Loaded time zone names for "es_US" in 36ms (29ms in ICU)
I/art     ( 4221): Explicit concurrent mark sweep GC freed 32368(1940KB) AllocSpace objects, 0(0B) LOS objects, 71% free, 1612KB/5MB, paused 239us total 15.109ms
I/Zygote  ( 4221): ...preloaded 3005 classes in 655ms.
I/art     ( 4221): VMRuntime.preloadDexCaches starting
I/art     ( 4221): VMRuntime.preloadDexCaches strings total=217392 before=40345 after=40345
I/art     ( 4221): VMRuntime.preloadDexCaches types total=18702 before=6336 after=6379
I/art     ( 4221): VMRuntime.preloadDexCaches fields total=87484 before=32543 after=32871
I/art     ( 4221): VMRuntime.preloadDexCaches methods total=154056 before=66777 after=67655
I/art     ( 4221): VMRuntime.preloadDexCaches finished
I/art     ( 4221): Counter: 0
I/art     ( 4221): Counter: 1
I/art     ( 4221): Explicit concurrent mark sweep GC freed 169(19KB) AllocSpace objects, 0(0B) LOS objects, 71% free, 1593KB/5MB, paused 136us total 7.883ms
W/auditd  ( 3705): type=1325 audit(0.0:238): table=filter family=10 entries=44
W/ip6tables( 4323): type=1300 audit(0.0:238): arch=40000028 syscall=294 per=800000 success=yes exit=0 a0=5 a1=29 a2=40 a3=b6c29000 items=0 ppid=4222 auid=4294967295 uid=0 gid=0 euid=0 suid=0 fsuid=0 egid=0 sgid=0 fsgid=0 ses=4294967295 tty=(none) exe="/system/bin/ip6tables" key=(null)
W/auditd  ( 3705): type=1320 audit(0.0:238): 
D/idmap   ( 4322): error: no read access to /vendor/overlay: No such file or directory
W/auditd  ( 3705): type=1325 audit(0.0:239): table=filter family=2 entries=47
W/iptables( 4324): type=1300 audit(0.0:239): arch=40000028 syscall=294 per=800000 success=yes exit=0 a0=5 a1=0 a2=40 a3=b6c25000 items=0 ppid=4222 auid=4294967295 uid=0 gid=0 euid=0 suid=0 fsuid=0 egid=0 sgid=0 fsgid=0 ses=4294967295 tty=(none) exe="/system/bin/iptables" key=(null)
W/auditd  ( 3705): type=1320 audit(0.0:239): 
I/Zygote  ( 4221): Preloading resources...
W/auditd  ( 3705): type=1325 audit(0.0:240): table=filter family=10 entries=45
W/ip6tables( 4325): type=1300 audit(0.0:240): arch=40000028 syscall=294 per=800000 success=yes exit=0 a0=5 a1=29 a2=40 a3=b6c29000 items=0 ppid=4222 auid=4294967295 uid=0 gid=0 euid=0 suid=0 fsuid=0 egid=0 sgid=0 fsgid=0 ses=4294967295 tty=(none) exe="/system/bin/ip6tables" key=(null)
W/auditd  ( 3705): type=1320 audit(0.0:240): 
W/auditd  ( 3705): type=1325 audit(0.0:241): table=filter family=2 entries=46
W/iptables( 4326): type=1300 audit(0.0:241): arch=40000028 syscall=294 per=800000 success=yes exit=0 a0=5 a1=0 a2=40 a3=b6c22000 items=0 ppid=4222 auid=4294967295 uid=0 gid=0 euid=0 suid=0 fsuid=0 egid=0 sgid=0 fsgid=0 ses=4294967295 tty=(none) exe="/system/bin/iptables" key=(null)
W/auditd  ( 3705): type=1320 audit(0.0:241): 
W/auditd  ( 3705): type=1325 audit(0.0:242): table=filter family=10 entries=44
W/ip6tables( 4327): type=1300 audit(0.0:242): arch=40000028 syscall=294 per=800000 success=yes exit=0 a0=5 a1=29 a2=40 a3=b6c24000 items=0 ppid=4222 auid=4294967295 uid=0 gid=0 euid=0 suid=0 fsuid=0 egid=0 sgid=0 fsgid=0 ses=4294967295 tty=(none) exe="/system/bin/ip6tables" key=(null)
W/auditd  ( 3705): type=1320 audit(0.0:242): 
W/auditd  ( 3705): type=1325 audit(0.0:243): table=filter family=2 entries=46
W/iptables( 4328): type=1300 audit(0.0:243): arch=40000028 syscall=294 per=800000 success=yes exit=0 a0=5 a1=0 a2=40 a3=b6c22000 items=0 ppid=4222 auid=4294967295 uid=0 gid=0 euid=0 suid=0 fsuid=0 egid=0 sgid=0 fsgid=0 ses=4294967295 tty=(none) exe="/system/bin/iptables" key=(null)
W/auditd  ( 3705): type=1320 audit(0.0:243): 
W/auditd  ( 3705): type=1325 audit(0.0:244): table=filter family=10 entries=44
W/ip6tables( 4329): type=1300 audit(0.0:244): arch=40000028 syscall=294 per=800000 success=yes exit=0 a0=5 a1=29 a2=40 a3=b6c24000 items=0 ppid=4222 auid=4294967295 uid=0 gid=0 euid=0 suid=0 fsuid=0 egid=0 sgid=0 fsgid=0 ses=4294967295 tty=(none) exe="/system/bin/ip6tables" key=(null)
I/ServiceManager( 4223): Waiting for service batterystats...
I/art     ( 4221): Explicit concurrent mark sweep GC freed 5023(182KB) AllocSpace objects, 0(0B) LOS objects, 40% free, 16MB/28MB, paused 291us total 11.167ms
I/Zygote  ( 4221): ...preloaded 430 resources in 409ms.
I/art     ( 4221): Explicit concurrent mark sweep GC freed 512(29KB) AllocSpace objects, 0(0B) LOS objects, 40% free, 16MB/28MB, paused 253us total 9.212ms
I/Zygote  ( 4221): ...preloaded 41 resources in 19ms.
I/art     ( 4221): Counter: 0
D/libEGL  ( 4221): loaded /vendor/lib/egl/libGLES_mali.so
I/Zygote  ( 4221): Preloading shared libraries...
D/Zygote  ( 4221): end preload
I/art     ( 4221): Explicit concurrent mark sweep GC freed 461(21KB) AllocSpace objects, 0(0B) LOS objects, 40% free, 16MB/28MB, paused 222us total 9.062ms
I/art     ( 4221): Explicit concurrent mark sweep GC freed 41(1568B) AllocSpace objects, 0(0B) LOS objects, 40% free, 16MB/28MB, paused 215us total 10.087ms
I/art     ( 4221): Explicit concurrent mark sweep GC freed 5(160B) AllocSpace objects, 0(0B) LOS objects, 40% free, 16MB/28MB, paused 212us total 9.528ms
I/Zygote  ( 4221): System server process 4379 has been created
I/Zygote  ( 4221): Accepting command socket connections
I/InstallerConnection( 4379): disconnecting...
I/SystemServer( 4379): Entered the Android system server!
V/Fingerprint-JNI( 4379): FingerprintManager JNI ready.
I/        ( 4379): System server: starting sensor init.
D/SensorService( 4379): nuSensorService starting...
E/Sensors ( 4379): GeoMagneticSensor, ERROR dev_num = -19
I/SystemServiceManager( 4379): Starting com.android.server.pm.Installer
I/Installer( 4379): Waiting for installd to be ready.
I/InstallerConnection( 4379): connecting...
I/installd( 3695): new connection
I/SystemServiceManager( 4379): Starting com.android.server.am.ActivityManagerService$Lifecycle
I/Sensors ( 4379): Proximity old sensor_state 0, new sensor_state : 128 en : 1
I/Sensors ( 4379): Light old sensor_state 128, new sensor_state : 640 en : 1
E/Sensors ( 4379): UncalMagneticSensor, ERROR dev_num = -19
I/Sensors ( 4379): SigMotionSensor old sensor_state 640, new sensor_state : 8832 en : 1
E/Sensors ( 4379): UncalGyroSensor, ERROR dev_num = -19
E/Sensors ( 4379): GameRotationVector, ERROR dev_num = -19
I/Sensors ( 4379): StepCounterSensor old sensor_state 8832, new sensor_state : 139904 en : 1
D/Sensors ( 4379): HrmSpO2Sensor::HrmSpO2Sensor: Shared version Registered 
E/SensorService( 4379): >>>> WARNING <<< Upgrade sensor HAL to version 1_3
I/Sensors ( 4379): Proximity old sensor_state 139904, new sensor_state : 139776 en : 0
I/Sensors ( 4379): Light old sensor_state 139776, new sensor_state : 139264 en : 0
I/Sensors ( 4379): StepCounterSensor old sensor_state 139264, new sensor_state : 8192 en : 0
I/Sensors ( 4379): SigMotionSensor old sensor_state 8192, new sensor_state : 0 en : 0
I/Sensors ( 4379): HrmSpO2Sensor::enable, handle(16), en(0), what(1/0:aosphrm,1:sshrm, old enabled : 0)
I/Sensors ( 4379): HrmSpO2Sensor is already disabled or have to keep enabled, mEnabled : 0x0, en : 0
I/Sensors ( 4379): HrmSpO2Sensor::enable, handle(17), en(0), what(0/0:aosphrm,1:sshrm, old enabled : 0)
I/Sensors ( 4379): HrmSpO2Sensor is already disabled or have to keep enabled, mEnabled : 0x0, en : 0
I/Sensors ( 4379): HrmSpO2Sensor::enable, handle(18), en(0), what(2/0:aosphrm,1:sshrm, old enabled : 0)
I/Sensors ( 4379): HrmSpO2Sensor is already disabled or have to keep enabled, mEnabled : 0x0, en : 0
I/        ( 4379): System server: sensor init done.
D/SensorService( 4379): nuSensorService thread starting...
D/SensorService( 4379): new thread SensorEventAckReceiver
I/ActivityManager( 4379): Memory class: 192
I/ServiceThread( 4379): Enabled StrictMode logging for ActivityManager looper.
W/ProcessCpuTracker( 4379): Skipping unknown process pid 4425
I/IntentFirewall( 4379): Read new rules (A:0 B:0 S:0)
I/ServiceThread( 4379): Enabled StrictMode logging for android.ui looper.
I/ServiceThread( 4379): Enabled StrictMode logging for android.display looper.
D/AppOps  ( 4379): AppOpsService published
I/SystemServiceManager( 4379): Starting com.android.server.power.PowerManagerService
I/ServiceThread( 4379): Enabled StrictMode logging for PowerManagerService looper.
E/Universal5422 PowerHAL( 4379): Error writing to /sys/devices/system/cpu/cpu0/cpufreq/interactive/boostpulse_duration: Invalid argument
W/libsuspend( 4379): Error writing 'on' to /sys/power/state: Invalid argument
I/libsuspend( 4379): Selected wakeup count
E/Universal5422 PowerHAL( 4379): Error opening /sys/class/input/input2/enabled: Permission denied
E/Universal5422 PowerHAL( 4379): Error opening /sys/class/input/input14/enabled: Permission denied
E/Universal5422 PowerHAL( 4379): Error opening /sys/class/input/input1/enabled: Permission denied
I/SystemServiceManager( 4379): Starting com.android.server.display.DisplayManagerService
I/SystemServiceManager( 4379): Starting phase 100
I/DisplayManagerService( 4379): Display device added: DisplayDeviceInfo{"Pantalla integrada": 1080 x 1920, 60.000004 fps, supportedRefreshRates [60.000004], density 480, 422.03 x 424.069 dpi, appVsyncOff 0, presDeadline 17666666, touch INTERNAL, rotation 0, type BUILT_IN, state UNKNOWN, FLAG_DEFAULT_DISPLAY, FLAG_ROTATES_WITH_CONTENT, FLAG_SECURE, FLAG_SUPPORTS_PROTECTED_BUFFERS}
I/SystemServer( 4379): Package Manager
W/SELinuxMMAC( 4379): Error opening /data/system/seapp_hash. Assuming first boot.
W/PackageManager( 4379): No security bridge jar found, using default
W/SystemConfig( 4379): No directory /system/etc/sysconfig, skipping
W/auditd  ( 3705): type=1325 audit(0.0:327): table=nat family=2 entries=14
W/iptables( 4448): type=1300 audit(0.0:327): arch=40000028 syscall=294 per=800000 success=yes exit=0 a0=5 a1=0 a2=40 a3=b6c41c00 items=0 ppid=4222 auid=4294967295 uid=0 gid=0 euid=0 suid=0 fsuid=0 egid=0 sgid=0 fsgid=0 ses=4294967295 tty=(none) exe="/system/bin/iptables" key=(null)
W/auditd  ( 3705): type=1320 audit(0.0:327): 
W/auditd  ( 3705): type=1325 audit(0.0:328): table=nat family=2 entries=16
W/iptables( 4449): type=1300 audit(0.0:328): arch=40000028 syscall=294 per=800000 success=yes exit=0 a0=5 a1=0 a2=40 a3=b6c1c800 items=0 ppid=4222 auid=4294967295 uid=0 gid=0 euid=0 suid=0 fsuid=0 egid=0 sgid=0 fsgid=0 ses=4294967295 tty=(none) exe="/system/bin/iptables" key=(null)
W/auditd  ( 3705): type=1320 audit(0.0:328): 
W/auditd  ( 3705): type=1325 audit(0.0:329): table=nat family=2 entries=17
W/iptables( 4450): type=1300 audit(0.0:329): arch=40000028 syscall=294 per=800000 success=yes exit=0 a0=5 a1=0 a2=40 a3=b6c1c800 items=0 ppid=4222 auid=4294967295 uid=0 gid=0 euid=0 suid=0 fsuid=0 egid=0 sgid=0 fsgid=0 ses=4294967295 tty=(none) exe="/system/bin/iptables" key=(null)
W/auditd  ( 3705): type=1320 audit(0.0:329): 
W/auditd  ( 3705): type=1325 audit(0.0:330): table=nat family=2 entries=16
W/iptables( 4451): type=1300 audit(0.0:330): arch=40000028 syscall=294 per=800000 success=yes exit=0 a0=5 a1=0 a2=40 a3=b6c1c800 items=0 ppid=4222 auid=4294967295 uid=0 gid=0 euid=0 suid=0 fsuid=0 egid=0 sgid=0 fsgid=0 ses=4294967295 tty=(none) exe="/system/bin/iptables" key=(null)
W/auditd  ( 3705): type=1320 audit(0.0:330): 
W/auditd  ( 3705): type=1325 audit(0.0:331): table=nat family=2 entries=16
W/iptables( 4452): type=1300 audit(0.0:331): arch=40000028 syscall=294 per=800000 success=yes exit=0 a0=5 a1=0 a2=40 a3=b6c41800 items=0 ppid=4222 auid=4294967295 uid=0 gid=0 euid=0 suid=0 fsuid=0 egid=0 sgid=0 fsgid=0 ses=4294967295 tty=(none) exe="/system/bin/iptables" key=(null)
W/auditd  ( 3705): type=1320 audit(0.0:331): 
W/auditd  ( 3705): type=1325 audit(0.0:332): table=nat family=2 entries=14
W/iptables( 4454): type=1300 audit(0.0:332): arch=40000028 syscall=294 per=800000 success=yes exit=0 a0=5 a1=0 a2=40 a3=b6c41c00 items=0 ppid=4222 auid=4294967295 uid=0 gid=0 euid=0 suid=0 fsuid=0 egid=0 sgid=0 fsgid=0 ses=4294967295 tty=(none) exe="/system/bin/iptables" key=(null)
W/auditd  ( 3705): type=1320 audit(0.0:332): 
D/SELinuxMMAC( 4379): Using policy file /system/etc/security/mac_permissions.xml
W/auditd  ( 3705): type=1325 audit(0.0:333): table=nat family=2 entries=16
W/iptables( 4455): type=1300 audit(0.0:333): arch=40000028 syscall=294 per=800000 success=yes exit=0 a0=5 a1=0 a2=40 a3=b6c1c800 items=0 ppid=4222 auid=4294967295 uid=0 gid=0 euid=0 suid=0 fsuid=0 egid=0 sgid=0 fsgid=0 ses=4294967295 tty=(none) exe="/system/bin/iptables" key=(null)
V/NatController( 4222): runCmd(/system/bin/iptables -F natctrl_FORWARD) res=0
V/NatController( 4222): runCmd(/system/bin/iptables -A natctrl_FORWARD -j DROP) res=0
E/MediaPlayerFactory( 4223): calling dlopen on FACTORY_LIB
E/MediaPlayerFactory( 4223): Failed to open FACTORY_LIB Error : dlopen failed: library "libdashplayer.so" not found 
I/CameraService( 4223): CameraService started (pid=4223)
V/NatController( 4222): runCmd(/system/bin/iptables -t nat -F natctrl_nat_POSTROUTING) res=0
V/NatController( 4222): runCmd(/system/bin/iptables -t nat -F natctrl_nat_PREROUTING) res=0
V/NatController( 4222): runCmd(/system/bin/iptables -F natctrl_tether_counters) res=0
E/art     ( 4379): DexFile_isDexOptNeeded file '/system/framework/com.android.nfc_extras.jar' does not exist
W/PackageManager( 4379): Library not found: /system/framework/com.android.nfc_extras.jar
V/NatController( 4222): runCmd(/system/bin/iptables -X natctrl_tether_counters) res=0
E/SQLiteLog( 4379): (14) cannot open file at line 30046 of [9491ba7d73]
E/SQLiteLog( 4379): (14) os_unix.c:30046: (2) open(/data/data/com.android.providers.settings/databases/settings.db) - 
E/SQLiteDatabase( 4379): Failed to open database '/data/data/com.android.providers.settings/databases/settings.db'.
E/SQLiteDatabase( 4379): android.database.sqlite.SQLiteCantOpenDatabaseException: unknown error (code 14): Could not open database
E/SQLiteDatabase( 4379): 	at android.database.sqlite.SQLiteConnection.nativeOpen(Native Method)
E/SQLiteDatabase( 4379): 	at android.database.sqlite.SQLiteConnection.open(SQLiteConnection.java:209)
E/SQLiteDatabase( 4379): 	at android.database.sqlite.SQLiteConnection.open(SQLiteConnection.java:193)
E/SQLiteDatabase( 4379): 	at android.database.sqlite.SQLiteConnectionPool.openConnectionLocked(SQLiteConnectionPool.java:463)
E/SQLiteDatabase( 4379): 	at android.database.sqlite.SQLiteConnectionPool.open(SQLiteConnectionPool.java:185)
E/SQLiteDatabase( 4379): 	at android.database.sqlite.SQLiteConnectionPool.open(SQLiteConnectionPool.java:177)
E/SQLiteDatabase( 4379): 	at android.database.sqlite.SQLiteDatabase.openInner(SQLiteDatabase.java:806)
E/SQLiteDatabase( 4379): 	at android.database.sqlite.SQLiteDatabase.open(SQLiteDatabase.java:791)
E/SQLiteDatabase( 4379): 	at android.database.sqlite.SQLiteDatabase.openDatabase(SQLiteDatabase.java:694)
E/SQLiteDatabase( 4379): 	at android.database.sqlite.SQLiteDatabase.openDatabase(SQLiteDatabase.java:669)
E/SQLiteDatabase( 4379): 	at android.content.pm.ThemeUtils.getBootThemeDirty(ThemeUtils.java:697)
E/SQLiteDatabase( 4379): 	at com.android.server.pm.PackageManagerService.<init>(PackageManagerService.java:1654)
E/SQLiteDatabase( 4379): 	at com.android.server.pm.PackageManagerService.main(PackageManagerService.java:1352)
E/SQLiteDatabase( 4379): 	at com.android.server.SystemServer.startBootstrapServices(SystemServer.java:376)
E/SQLiteDatabase( 4379): 	at com.android.server.SystemServer.run(SystemServer.java:282)
E/SQLiteDatabase( 4379): 	at com.android.server.SystemServer.main(SystemServer.java:185)
E/SQLiteDatabase( 4379): 	at java.lang.reflect.Method.invoke(Native Method)
E/SQLiteDatabase( 4379): 	at java.lang.reflect.Method.invoke(Method.java:372)
E/SQLiteDatabase( 4379): 	at com.android.internal.os.ZygoteInit$MethodAndArgsCaller.run(ZygoteInit.java:898)
E/SQLiteDatabase( 4379): 	at com.android.internal.os.ZygoteInit.main(ZygoteInit.java:693)
W/ThemeUtils( 4379): Unable to open /data/data/com.android.providers.settings/databases/settings.db
W/ThemeUtils( 4379): android.database.sqlite.SQLiteCantOpenDatabaseException: unknown error (code 14): Could not open database
W/ThemeUtils( 4379): 	at android.database.sqlite.SQLiteConnection.nativeOpen(Native Method)
W/ThemeUtils( 4379): 	at android.database.sqlite.SQLiteConnection.open(SQLiteConnection.java:209)
W/ThemeUtils( 4379): 	at android.database.sqlite.SQLiteConnection.open(SQLiteConnection.java:193)
W/ThemeUtils( 4379): 	at android.database.sqlite.SQLiteConnectionPool.openConnectionLocked(SQLiteConnectionPool.java:463)
W/ThemeUtils( 4379): 	at android.database.sqlite.SQLiteConnectionPool.open(SQLiteConnectionPool.java:185)
W/ThemeUtils( 4379): 	at android.database.sqlite.SQLiteConnectionPool.open(SQLiteConnectionPool.java:177)
W/ThemeUtils( 4379): 	at android.database.sqlite.SQLiteDatabase.openInner(SQLiteDatabase.java:806)
W/ThemeUtils( 4379): 	at android.database.sqlite.SQLiteDatabase.open(SQLiteDatabase.java:791)
W/ThemeUtils( 4379): 	at android.database.sqlite.SQLiteDatabase.openDatabase(SQLiteDatabase.java:694)
W/ThemeUtils( 4379): 	at android.database.sqlite.SQLiteDatabase.openDatabase(SQLiteDatabase.java:669)
W/ThemeUtils( 4379): 	at android.content.pm.ThemeUtils.getBootThemeDirty(ThemeUtils.java:697)
W/ThemeUtils( 4379): 	at com.android.server.pm.PackageManagerService.<init>(PackageManagerService.java:1654)
W/ThemeUtils( 4379): 	at com.android.server.pm.PackageManagerService.main(PackageManagerService.java:1352)
W/ThemeUtils( 4379): 	at com.android.server.SystemServer.startBootstrapServices(SystemServer.java:376)
W/ThemeUtils( 4379): 	at com.android.server.SystemServer.run(SystemServer.java:282)
W/ThemeUtils( 4379): 	at com.android.server.SystemServer.main(SystemServer.java:185)
W/ThemeUtils( 4379): 	at java.lang.reflect.Method.invoke(Native Method)
W/ThemeUtils( 4379): 	at java.lang.reflect.Method.invoke(Method.java:372)
W/ThemeUtils( 4379): 	at com.android.internal.os.ZygoteInit$MethodAndArgsCaller.run(ZygoteInit.java:898)
W/ThemeUtils( 4379): 	at com.android.internal.os.ZygoteInit.main(ZygoteInit.java:693)
D/PackageManager( 4379): No files in app dir /vendor/overlay
E/HAL     ( 4223): load: module=/system/lib/hw/camera.universal5422.so
E/HAL     ( 4223): dlopen failed: could not load library "libexynoscamera.so" needed by "camera.universal5422.so"; caused by cannot locate symbol "_ZN7android16CameraParameters17EFFECT_POINT_BLUEE" referenced by "libexynoscamera.so"...
E/CameraService( 4223): Could not load camera HAL module
I/AudioPolicyService( 4223): AudioPolicyService CSTOR in new mode
W/AudioPolicyManager( 4223): loadOutput() invalid supported devices
W/AudioPolicyManager( 4223): loadInput() invalid supported devices
I/AudioPolicyManager( 4223): loadAudioPolicyConfig() loaded /system/etc/audio_policy.conf
W/PackageManager( 4379): Failed to parse /system/framework/arm: Missing base APK in /system/framework/arm
V/NatController( 4222): runCmd(/system/bin/iptables -N natctrl_tether_counters) res=0
W/linker  ( 4223): lib_Samsung_AudioZoom_v102.so has text relocations. This is wasting memory and prevents security hardening. Please fix.
E/HAL     ( 4223): load: module=/system/lib/hw/audio.primary.universal5422.so
E/HAL     ( 4223): dlopen failed: cannot locate symbol "mixer_update" referenced by "audio.primary.universal5422.so"...
E/AudioFlinger( 4223): int android::load_audio_interface(const char*, audio_hw_device_t**) couldn't load audio hw module audio.primary (Invalid argument)
I/AudioFlinger( 4223): loadHwModule() error -22 loading module primary 
W/AudioPolicyManager( 4223): could not open HW module primary
I/audio_a2dp_hw( 4223): adev_open:  adev_open in A2dp_hw module
I/AudioFlinger( 4223): loadHwModule() Loaded a2dp audio interface from A2DP Audio HW HAL (audio) handle 1
I/AudioFlinger( 4223): loadHwModule() Loaded usb audio interface from USB audio HW HAL (audio) handle 2
I/r_submix( 4223): adev_open(name=audio_hw_if)
I/r_submix( 4223): adev_init_check()
I/AudioFlinger( 4223): loadHwModule() Loaded r_submix audio interface from Wifi Display audio HAL (audio) handle 3
D/r_submix( 4223): adev_open_input_stream()
D/r_submix( 4223): submix_audio_device_create_pipe()
E/MonoPipe( 4223): Failed to fetch local time frequency when constructing a MonoPipe (res = -32).  getNextWriteTimestamp calls will be non-functional
V/NatController( 4222): runCmd(/system/bin/iptables -t mangle -A natctrl_mangle_FORWARD -p tcp --tcp-flags SYN SYN -j TCPMSS --clamp-mss-to-pmtu) res=0
I/PackageManager( 4379): /system/framework/framework-res.apk changed; collecting certs
W/SurfaceFlinger( 3689): Ignoring duplicate VSYNC event from HWC (t=21156528668)
I/iptables( 4222): iptables: Chain already exists.
I/iptables( 4222): iptables terminated by exit(1)
E/BandwidthController( 4222): runIptablesCmd(): res=1 status=256 failed /system/bin/iptables -N bw_VIDEOCALL
I/ip6tables( 4222): ip6tables: Chain already exists.
I/ip6tables( 4222): ip6tables terminated by exit(1)
E/BandwidthController( 4222): runIptablesCmd(): res=1 status=256 failed /system/bin/ip6tables -N bw_VIDEOCALL
W/PackageManager( 4379): Failed to parse /system/framework/framework-res.apk: Signature mismatch for shared user : SharedUserSetting{b330dbb android.uid.system/1000}
I/PackageManager( 4379): SELinux relabeling of org.cyanogenmod.audiofx issued.
I/art     ( 4379): DexFile_isDexOptNeeded failed to open oat file '/data/dalvik-cache/arm/system@priv-app@AudioFX@AudioFX.apk@classes.dex' for file location '/system/priv-app/AudioFX/AudioFX.apk': Failed to open oat filename for reading: No such file or directory
I/art     ( 4379): DexFile_isDexOptNeeded file /system/priv-app/AudioFX/arm/AudioFX.odex needs to be relocated for /system/priv-app/AudioFX/AudioFX.apk
I/PackageManager( 4379): SELinux relabeling of com.android.backupconfirm issued.
I/art     ( 4379): DexFile_isDexOptNeeded failed to open oat file '/data/dalvik-cache/arm/system@priv-app@BackupRestoreConfirmation@BackupRestoreConfirmation.apk@classes.dex' for file location '/system/priv-app/BackupRestoreConfirmation/BackupRestoreConfirmation.apk': Failed to open oat filename for reading: No such file or directory
I/art     ( 4379): DexFile_isDexOptNeeded file /system/priv-app/BackupRestoreConfirmation/arm/BackupRestoreConfirmation.odex needs to be relocated for /system/priv-app/BackupRestoreConfirmation/BackupRestoreConfirmation.apk
I/PackageManager( 4379): SELinux relabeling of com.cyanogenmod.account issued.
I/art     ( 4379): DexFile_isDexOptNeeded failed to open oat file '/data/dalvik-cache/arm/system@priv-app@CMAccount@CMAccount.apk@classes.dex' for file location '/system/priv-app/CMAccount/CMAccount.apk': Failed to open oat filename for reading: No such file or directory
I/art     ( 4379): DexFile_isDexOptNeeded file /system/priv-app/CMAccount/arm/CMAccount.odex needs to be relocated for /system/priv-app/CMAccount/CMAccount.apk
I/PackageManager( 4379): SELinux relabeling of com.cyanogenmod.updater issued.
I/art     ( 4379): DexFile_isDexOptNeeded failed to open oat file '/data/dalvik-cache/arm/system@priv-app@CMUpdater@CMUpdater.apk@classes.dex' for file location '/system/priv-app/CMUpdater/CMUpdater.apk': Failed to open oat filename for reading: No such file or directory
I/art     ( 4379): DexFile_isDexOptNeeded file /system/priv-app/CMUpdater/arm/CMUpdater.odex needs to be relocated for /system/priv-app/CMUpdater/CMUpdater.apk
I/PackageManager( 4379): /system/priv-app/CalendarProvider changed; collecting certs
W/PackageManager( 4379): Failed to parse /system/priv-app/CalendarProvider: Signature mismatch for shared user : SharedUserSetting{4a18d13 android.uid.calendar/10046}
I/PackageManager( 4379): SELinux relabeling of com.android.cellbroadcastreceiver issued.
I/art     ( 4379): DexFile_isDexOptNeeded failed to open oat file '/data/dalvik-cache/arm/system@priv-app@CellBroadcastReceiver@CellBroadcastReceiver.apk@classes.dex' for file location '/system/priv-app/CellBroadcastReceiver/CellBroadcastReceiver.apk': Failed to open oat filename for reading: No such file or directory
I/art     ( 4379): DexFile_isDexOptNeeded file /system/priv-app/CellBroadcastReceiver/arm/CellBroadcastReceiver.odex needs to be relocated for /system/priv-app/CellBroadcastReceiver/CellBroadcastReceiver.apk
W/ResourceType( 4379): Failure getting entry for 0x7f0b023e (t=10 e=574) (error -75)
W/PackageParser( 4379): No actions in intent filter at /system/priv-app/Contacts/Contacts.apk Binary XML file line #362
I/PackageManager( 4379): /system/priv-app/Contacts changed; collecting certs
W/PackageManager( 4379): Failed to parse /system/priv-app/Contacts: Signature mismatch for shared user : SharedUserSetting{29ed8a5f android.uid.shared/10020}
I/PackageManager( 4379): /system/priv-app/ContactsProvider changed; collecting certs
W/PackageManager( 4379): Failed to parse /system/priv-app/ContactsProvider: Signature mismatch for shared user : SharedUserSetting{29ed8a5f android.uid.shared/10020}
I/PackageManager( 4379): /system/priv-app/CyanogenSetupWizard changed; collecting certs
D/MDnsDS  ( 4222): MDnsSdListener::Hander starting up
D/MDnsDS  ( 4222): MDnsSdListener starting to monitor
D/MDnsDS  ( 4222): Going to poll with pollCount 1
W/PackageManager( 4379): Failed to parse /system/priv-app/CyanogenSetupWizard: Signature mismatch for shared user : SharedUserSetting{b330dbb android.uid.system/1000}
I/PackageManager( 4379): SELinux relabeling of com.android.defcontainer issued.
I/art     ( 4379): DexFile_isDexOptNeeded failed to open oat file '/data/dalvik-cache/arm/system@priv-app@DefaultContainerService@DefaultContainerService.apk@classes.dex' for file location '/system/priv-app/DefaultContainerService/DefaultContainerService.apk': Failed to open oat filename for reading: No such file or directory
I/art     ( 4379): DexFile_isDexOptNeeded file /system/priv-app/DefaultContainerService/arm/DefaultContainerService.odex needs to be relocated for /system/priv-app/DefaultContainerService/DefaultContainerService.apk
W/PackageParser( 4379): No actions in intent filter at /system/priv-app/Dialer/Dialer.apk Binary XML file line #185
I/PackageManager( 4379): SELinux relabeling of com.android.dialer issued.
I/art     ( 4379): DexFile_isDexOptNeeded failed to open oat file '/data/dalvik-cache/arm/system@priv-app@Dialer@Dialer.apk@classes.dex' for file location '/system/priv-app/Dialer/Dialer.apk': Failed to open oat filename for reading: No such file or directory
I/art     ( 4379): DexFile_isDexOptNeeded file /system/priv-app/Dialer/arm/Dialer.odex needs to be relocated for /system/priv-app/Dialer/Dialer.apk
I/PackageManager( 4379): /system/priv-app/DownloadProvider changed; collecting certs
W/PackageManager( 4379): Failed to parse /system/priv-app/DownloadProvider: Signature mismatch for shared user : SharedUserSetting{3647dc37 android.media/10047}
I/PackageManager( 4379): SELinux relabeling of com.android.externalstorage issued.
I/art     ( 4379): DexFile_isDexOptNeeded failed to open oat file '/data/dalvik-cache/arm/system@priv-app@ExternalStorageProvider@ExternalStorageProvider.apk@classes.dex' for file location '/system/priv-app/ExternalStorageProvider/ExternalStorageProvider.apk': Failed to open oat filename for reading: No such file or directory
I/art     ( 4379): DexFile_isDexOptNeeded file /system/priv-app/ExternalStorageProvider/arm/ExternalStorageProvider.odex needs to be relocated for /system/priv-app/ExternalStorageProvider/ExternalStorageProvider.apk
I/PackageManager( 4379): /system/priv-app/FusedLocation changed; collecting certs
W/PackageManager( 4379): Failed to parse /system/priv-app/FusedLocation: Signature mismatch for shared user : SharedUserSetting{b330dbb android.uid.system/1000}
I/PackageManager( 4379): /system/priv-app/InputDevices changed; collecting certs
W/PackageManager( 4379): Failed to parse /system/priv-app/InputDevices: Signature mismatch for shared user : SharedUserSetting{b330dbb android.uid.system/1000}
I/PackageManager( 4379): SELinux relabeling of com.android.managedprovisioning issued.
I/art     ( 4379): DexFile_isDexOptNeeded failed to open oat file '/data/dalvik-cache/arm/system@priv-app@ManagedProvisioning@ManagedProvisioning.apk@classes.dex' for file location '/system/priv-app/ManagedProvisioning/ManagedProvisioning.apk': Failed to open oat filename for reading: No such file or directory
