E/cutils  ( 5652): Failed to mkdir(/mnt/shell/emulated/0): Read-only file system
W/Zygote  ( 5652): Failed to mount emulated storage: 30
I/ActivityManager( 4122): Start proc com.android.managedprovisioning for broadcast com.android.managedprovisioning/.BootReminder: pid=5652 uid=10011 gids={50011, 9997, 1028, 3003} abi=armeabi-v7a
E/cutils  ( 5677): Failed to mkdir(/mnt/shell/emulated/0): Read-only file system
W/Zygote  ( 5677): Failed to mount emulated storage: 30
I/ActivityManager( 4122): Start proc com.android.mms for broadcast com.android.mms/.transaction.MmsSystemEventReceiver: pid=5677 uid=10012 gids={50012, 9997, 3003, 1028, 1015} abi=armeabi-v7a
I/MediaProvider( 5155): Upgrading media database from version 0 to 701, which will destroy all old data
W/Resources( 5677): Converting to string: TypedValue{t=0x10/d=0x0 a=-1}
W/Resources( 5677): Converting to string: TypedValue{t=0x10/d=0xffffffff a=-1}
W/Resources( 5677): Converting to string: TypedValue{t=0x10/d=0xffffffff a=-1}
W/Resources( 5677): Converting to string: TypedValue{t=0x10/d=0xffffffff a=-1}
W/Resources( 5677): Converting to string: TypedValue{t=0x10/d=0x0 a=-1}
W/Resources( 5677): Converting to string: TypedValue{t=0x10/d=0x0 a=-1}
W/Resources( 5677): Converting to string: TypedValue{t=0x10/d=0x0 a=-1}
W/Resources( 5677): Converting to string: TypedValue{t=0x10/d=0x0 a=-1}
D/CountryDetector( 4122): The first listener is added
D/MediaProvider( 5155): Adjusting external storage paths to: /storage/emulated/0
D/WVMDrmPlugIn( 3695): WVMDrmPlugin::onInitialize : 1525
D/WVMDrmPlugIn( 3695): WVMDrmPlugin::onSetOnInfoListener : add 1525
V/Mms     ( 5677): mnc/mcc: 
V/Mms     ( 5677): tag: int value: maxMessageSize - 1045876
V/Mms     ( 5677): tag: int value: maxImageHeight - 2592
V/Mms     ( 5677): tag: int value: maxImageWidth - 2592
V/Mms     ( 5677): tag: bool value: enableMultipartSMS - true
V/Mms     ( 5677): tag: bool value: enableSplitSMS - false
V/Mms     ( 5677): tag: string value: userAgent - SAMSUNG-SM-G900H-Mms
V/Mms     ( 5677): tag: string value: uaProfUrl - http://wap.samsungmobile.com/uaprof/SM-G900H.xml
I/ContactPhotoManager( 5677): Cache adj: 1.0
E/ContactPhotoManager( 5677): No contact photo service in context: com.android.mms.MmsApp@2b3e160b
E/SQLiteLog( 5155): (1) no such table: files
D/WVMDrmPlugIn( 3695): WVMDrmPlugin::onInitialize : 4599
D/WVMDrmPlugIn( 3695): WVMDrmPlugin::onSetOnInfoListener : add 4599
D/WVMDrmPlugIn( 3695): WVMDrmPlugin::onTerminate : 4599
I/FFmpegExtractor( 3697): android-source:0xb0d9d0b0
I/FFMPEG  ( 3697): Input #0, ogg, from 'android-source:0xb0d9d0b0':
I/FFMPEG  ( 3697):   Duration: 00:00:02.11, start: 0.000000, bitrate: 61 kb/s
I/FFMPEG  ( 3697):     Stream #0:0: Audio: vorbis, 44100 Hz, mono, fltp, 54 kb/s
I/FFMPEG  ( 3697):     Metadata:
I/FFMPEG  ( 3697):       TITLE           : Piezo Alarm
D/FFmpegExtractor( 3697): FFmpegExtrator, url: android-source:0xb0d9d0b0, format_name: ogg, format_long_name: Ogg
I/FFmpegExtractor( 3697): adjust mime(application/ogg -> audio/vorbis)
D/FFmpegExtractor( 3697): suppoted codec(vorbis) by official Stagefright
D/FFmpegExtractor( 3697): ffmpeg detected media content as 'audio/vorbis' with confidence 0.08
E/cutils  ( 5713): Failed to mkdir(/mnt/shell/emulated/0): Read-only file system
W/Zygote  ( 5713): Failed to mount emulated storage: 30
I/ActivityManager( 4122): Start proc com.android.onetimeinitializer for broadcast com.android.onetimeinitializer/.OneTimeInitializerReceiver: pid=5713 uid=10013 gids={50013, 9997} abi=armeabi-v7a
D/MmsSmsDatabaseHelper( 4985): [MmsSmsDb] tableName: threads hasAutoIncrement: CREATE TABLE threads (_id INTEGER PRIMARY KEY AUTOINCREMENT,date INTEGER DEFAULT 0,message_count INTEGER DEFAULT 0,recipient_ids TEXT,snippet TEXT,snippet_cs INTEGER DEFAULT 0,read INTEGER DEFAULT 1,archived INTEGER DEFAULT 0,type INTEGER DEFAULT 0,error INTEGER DEFAULT 0,has_attachment INTEGER DEFAULT 0) result: true
D/MmsSmsDatabaseHelper( 4985): [MmsSmsDb] tableName: canonical_addresses hasAutoIncrement: CREATE TABLE canonical_addresses (_id INTEGER PRIMARY KEY AUTOINCREMENT,address TEXT) result: true
D/MmsSmsDatabaseHelper( 4985): [MmsSmsDb] tableName: part hasAutoIncrement: CREATE TABLE part (_id INTEGER PRIMARY KEY AUTOINCREMENT,mid INTEGER,seq INTEGER DEFAULT 0,ct TEXT,name TEXT,chset INTEGER,cd TEXT,fn TEXT,cid TEXT,cl TEXT,ctt_s INTEGER,ctt_t TEXT,_data TEXT,text TEXT) result: true
D/MmsSmsDatabaseHelper( 4985): [MmsSmsDb] tableName: pdu hasAutoIncrement: CREATE TABLE pdu (_id INTEGER PRIMARY KEY AUTOINCREMENT,thread_id INTEGER,date INTEGER,date_sent INTEGER DEFAULT 0,msg_box INTEGER,read INTEGER DEFAULT 0,m_id TEXT,sub TEXT,sub_cs INTEGER,ct_t TEXT,ct_l TEXT,exp INTEGER,m_cls TEXT,m_type INTEGER,v INTEGER,m_size INTEGER,pri INTEGER,rr INTEGER,rpt_a INTEGER,resp_st INTEGER,st INTEGER,tr_id TEXT,retr_st INTEGER,retr_txt TEXT,retr_txt_cs INTEGER,read_status INTEGER,ct_cls INTEGER,resp_txt TEXT,d_tm INTEGER,d_rpt INTEGER,locked INTEGER DEFAULT 0,phone_id INTEGER DEFAULT -1, seen INTEGER DEFAULT 0,creator TEXT,text_only INTEGER DEFAULT 0) result: true
D/MmsSmsDatabaseHelper( 4985): [getWritableDatabase] hasAutoIncrementThreads: true hasAutoIncrementAddresses: true hasAutoIncrementPart: true hasAutoIncrementPdu: true
D/WVMDrmPlugIn( 3695): WVMDrmPlugin::onInitialize : 6877
D/WVMDrmPlugIn( 3695): WVMDrmPlugin::onSetOnInfoListener : add 6877
D/WVMDrmPlugIn( 3695): WVMDrmPlugin::onTerminate : 6877
I/FFmpegExtractor( 3697): android-source:0xb0d9d1a0
D/Mms     ( 5677): cancelNotification
D/WVMDrmPlugIn( 3695): WVMDrmPlugin::onInitialize : 577
D/WVMDrmPlugIn( 3695): WVMDrmPlugin::onSetOnInfoListener : add 577
I/FFMPEG  ( 3697): Input #0, ogg, from 'android-source:0xb0d9d1a0':
I/FFMPEG  ( 3697):   Duration: 00:00:00.25, start: 0.000000, bitrate: 188 kb/s
I/FFMPEG  ( 3697):     Stream #0:0: Audio: vorbis, 44100 Hz, mono, fltp, 86 kb/s
I/FFMPEG  ( 3697):     Metadata:
I/FFMPEG  ( 3697):       TITLE           : BeeBeep Alarm
D/FFmpegExtractor( 3697): FFmpegExtrator, url: android-source:0xb0d9d1a0, format_name: ogg, format_long_name: Ogg
I/FFmpegExtractor( 3697): adjust mime(application/ogg -> audio/vorbis)
D/FFmpegExtractor( 3697): suppoted codec(vorbis) by official Stagefright
D/FFmpegExtractor( 3697): ffmpeg detected media content as 'audio/vorbis' with confidence 0.08
D/Mms     ( 5677): Cursor= >>>>> Dumping cursor android.content.ContentResolver$CursorWrapperInner@3f604d39
D/Mms     ( 5677): <<<<<
D/Mms     ( 5677): Cursor= >>>>> Dumping cursor android.content.ContentResolver$CursorWrapperInner@10e20cdf
D/Mms     ( 5677): <<<<<
V/OneTimeInitializerRece( 5713): OneTimeInitializerReceiver.onReceive
D/WVMDrmPlugIn( 3695): WVMDrmPlugin::onInitialize : 5873
D/WVMDrmPlugIn( 3695): WVMDrmPlugin::onSetOnInfoListener : add 5873
D/WVMDrmPlugIn( 3695): WVMDrmPlugin::onTerminate : 5873
I/FFmpegExtractor( 3697): android-source:0xb0d9d2e0
I/FFMPEG  ( 3697): Input #0, ogg, from 'android-source:0xb0d9d2e0':
I/FFMPEG  ( 3697):   Duration: 00:00:02.37, start: 0.000000, bitrate: 71 kb/s
I/FFMPEG  ( 3697):     Stream #0:0: Audio: vorbis, 44100 Hz, mono, fltp, 70 kb/s
I/FFMPEG  ( 3697):     Metadata:
I/FFMPEG  ( 3697):       TITLE           : Beep-Beep-Beep Alarm
D/FFmpegExtractor( 3697): FFmpegExtrator, url: android-source:0xb0d9d2e0, format_name: ogg, format_long_name: Ogg
I/FFmpegExtractor( 3697): adjust mime(application/ogg -> audio/vorbis)
D/FFmpegExtractor( 3697): suppoted codec(vorbis) by official Stagefright
D/FFmpegExtractor( 3697): ffmpeg detected media content as 'audio/vorbis' with confidence 0.08
D/WVMDrmPlugIn( 3695): WVMDrmPlugin::onInitialize : 5383
D/WVMDrmPlugIn( 3695): WVMDrmPlugin::onSetOnInfoListener : add 5383
I/art     ( 4122): Explicit concurrent mark sweep GC freed 20942(1981KB) AllocSpace objects, 18(671KB) LOS objects, 33% free, 22MB/33MB, paused 2.622ms total 78.572ms
D/WVMDrmPlugIn( 3695): WVMDrmPlugin::onTerminate : 5383
I/FFmpegExtractor( 3697): android-source:0xb0d9d1a0
D/Mms     ( 5677): cancelNotification
I/OneTimeInitializerServ( 5713): Updating to version 1.
E/ActivityThread( 5713): Failed to find provider info for com.android.launcher2.settings
D/CMStats ( 5099): Set alarm for first sync.
I/FFMPEG  ( 3697): Input #0, ogg, from 'android-source:0xb0d9d1a0':
I/FFMPEG  ( 3697):   Duration: 00:00:01.10, start: 0.000000, bitrate: 82 kb/s
I/FFMPEG  ( 3697):     Stream #0:0: Audio: vorbis, 44100 Hz, mono, fltp, 54 kb/s
I/FFMPEG  ( 3697):     Metadata:
I/FFMPEG  ( 3697):       TITLE           : Buzzer Alarm
D/FFmpegExtractor( 3697): FFmpegExtrator, url: android-source:0xb0d9d1a0, format_name: ogg, format_long_name: Ogg
I/FFmpegExtractor( 3697): adjust mime(application/ogg -> audio/vorbis)
D/FFmpegExtractor( 3697): suppoted codec(vorbis) by official Stagefright
D/FFmpegExtractor( 3697): ffmpeg detected media content as 'audio/vorbis' with confidence 0.08
D/CMStats ( 5099): Next sync attempt in : 23 hours
I/ActivityManager( 4122): Killing 4841:com.cyanogenmod.lockclock/u0a42 (adj 15): empty #17
D/WVMDrmPlugIn( 3695): WVMDrmPlugin::onInitialize : 7083
D/WVMDrmPlugIn( 3695): WVMDrmPlugin::onSetOnInfoListener : add 7083
D/WVMDrmPlugIn( 3695): WVMDrmPlugin::onTerminate : 7083
I/FFmpegExtractor( 3697): android-source:0xb0d9d0b0
I/FFMPEG  ( 3697): Input #0, ogg, from 'android-source:0xb0d9d0b0':
I/FFMPEG  ( 3697):   Duration: 00:00:01.67, start: 0.000000, bitrate: 53 kb/s
I/FFMPEG  ( 3697):     Stream #0:0: Audio: vorbis, 44100 Hz, mono, fltp, 40 kb/s
I/FFMPEG  ( 3697):     Metadata:
I/FFMPEG  ( 3697):       TITLE           : Rooster Alarm
D/FFmpegExtractor( 3697): FFmpegExtrator, url: android-source:0xb0d9d0b0, format_name: ogg, format_long_name: Ogg
I/FFmpegExtractor( 3697): adjust mime(application/ogg -> audio/vorbis)
D/FFmpegExtractor( 3697): suppoted codec(vorbis) by official Stagefright
D/FFmpegExtractor( 3697): ffmpeg detected media content as 'audio/vorbis' with confidence 0.08
W/libprocessgroup( 4122): failed to open /acct/uid_10042/pid_4841/cgroup.procs: No such file or directory
D/WVMDrmPlugIn( 3695): WVMDrmPlugin::onInitialize : 7951
D/WVMDrmPlugIn( 3695): WVMDrmPlugin::onSetOnInfoListener : add 7951
D/WVMDrmPlugIn( 3695): WVMDrmPlugin::onTerminate : 7951
I/FFmpegExtractor( 3697): android-source:0xb40120b0
D/AlertReceiver( 5537): onReceive: a=android.intent.action.BOOT_COMPLETED Intent { act=android.intent.action.BOOT_COMPLETED flg=0x8000010 cmp=com.android.calendar/.alerts.AlertReceiver (has extras) }
I/FFMPEG  ( 3697): Input #0, ogg, from 'android-source:0xb40120b0':
I/FFMPEG  ( 3697):   Duration: 00:00:07.00, start: 0.000000, bitrate: 133 kb/s
I/FFMPEG  ( 3697):     Stream #0:0: Audio: vorbis, 48000 Hz, mono, fltp, 128 kb/s
I/FFMPEG  ( 3697):     Metadata:
I/FFMPEG  ( 3697):       ANDROID_LOOP    : true
I/FFMPEG  ( 3697):       TITLE           : Argon
D/FFmpegExtractor( 3697): FFmpegExtrator, url: android-source:0xb40120b0, format_name: ogg, format_long_name: Ogg
I/FFmpegExtractor( 3697): adjust mime(application/ogg -> audio/vorbis)
D/FFmpegExtractor( 3697): suppoted codec(vorbis) by official Stagefright
D/FFmpegExtractor( 3697): ffmpeg detected media content as 'audio/vorbis' with confidence 0.08
D/AlertUtils( 5537): Flushing old alerts from shared prefs table
E/cutils  ( 5749): Failed to mkdir(/mnt/shell/emulated/0): Read-only file system
W/Zygote  ( 5749): Failed to mount emulated storage: 30
D/WVMDrmPlugIn( 3695): WVMDrmPlugin::onInitialize : 5757
D/WVMDrmPlugIn( 3695): WVMDrmPlugin::onSetOnInfoListener : add 5757
D/WVMDrmPlugIn( 3695): WVMDrmPlugin::onTerminate : 5757
I/ActivityManager( 4122): Start proc com.android.camera2 for broadcast com.android.camera2/com.android.camera.DisableCameraReceiver: pid=5749 uid=10027 gids={50027, 9997, 3003, 1028, 1015} abi=armeabi-v7a
D/AlertService( 5537): 0 Action = android.intent.action.BOOT_COMPLETED
I/FFmpegExtractor( 3697): android-source:0xb4012290
D/bt_vendor( 5365): op for 7
D/AlertService( 5537): Scheduling next alarm with AlarmScheduler. sEventReminderReceived: null
I/FFMPEG  ( 3697): Input #0, ogg, from 'android-source:0xb4012290':
I/FFMPEG  ( 3697):   Duration: 00:00:01.95, start: 0.000000, bitrate: 211 kb/s
I/FFMPEG  ( 3697):     Stream #0:0: Audio: vorbis, 44100 Hz, stereo, fltp, 256 kb/s
I/FFMPEG  ( 3697):     Metadata:
I/FFMPEG  ( 3697):       ANDROID_LOOP    : true
I/FFMPEG  ( 3697):       TITLE           : Barium
D/FFmpegExtractor( 3697): FFmpegExtrator, url: android-source:0xb4012290, format_name: ogg, format_long_name: Ogg
I/FFmpegExtractor( 3697): adjust mime(application/ogg -> audio/vorbis)
D/FFmpegExtractor( 3697): suppoted codec(vorbis) by official Stagefright
D/FFmpegExtractor( 3697): ffmpeg detected media content as 'audio/vorbis' with confidence 0.08
D/AlarmScheduler( 5537): No events found starting within 1 week.
D/WVMDrmPlugIn( 3695): WVMDrmPlugin::onInitialize : 5634
D/WVMDrmPlugIn( 3695): WVMDrmPlugin::onSetOnInfoListener : add 5634
D/WVMDrmPlugIn( 3695): WVMDrmPlugin::onTerminate : 5634
I/FFmpegExtractor( 3697): android-source:0xb40123d0
I/FFMPEG  ( 3697): Input #0, ogg, from 'android-source:0xb40123d0':
I/FFMPEG  ( 3697):   Duration: 00:00:05.95, start: 0.000000, bitrate: 131 kb/s
I/FFMPEG  ( 3697):     Stream #0:0: Audio: vorbis, 48000 Hz, mono, fltp, 128 kb/s
I/FFMPEG  ( 3697):     Metadata:
I/FFMPEG  ( 3697):       ANDROID_LOOP    : true
I/FFMPEG  ( 3697):       TITLE           : Carbon
D/FFmpegExtractor( 3697): FFmpegExtrator, url: android-source:0xb40123d0, format_name: ogg, format_long_name: Ogg
I/FFmpegExtractor( 3697): adjust mime(application/ogg -> audio/vorbis)
D/FFmpegExtractor( 3697): suppoted codec(vorbis) by official Stagefright
D/FFmpegExtractor( 3697): ffmpeg detected media content as 'audio/vorbis' with confidence 0.08
E/cutils  ( 3675): Failed to mkdirat(/mnt/shell/emulated/0): Read-only file system
W/Vold    ( 3675): Returning OperationFailed - no handler for errno 30
W/ContextImpl( 5749): Failed to ensure directory: /storage/emulated/0/Android/data/com.android.camera2/cache
E/Vold    ( 3675): Failed to find mounted volume for /storage/extSdCard/Android/data/com.android.camera2/cache/
W/Vold    ( 3675): Returning OperationFailed - no handler for errno 0
W/ContextImpl( 5749): Failed to ensure directory: /storage/extSdCard/Android/data/com.android.camera2/cache
E/cutils  ( 3675): Failed to mkdirat(/mnt/shell/emulated/0): Read-only file system
W/Vold    ( 3675): Returning OperationFailed - no handler for errno 30
W/ContextImpl( 5749): Failed to ensure directory: /storage/emulated/0/Android/data/com.android.camera2/files
E/Vold    ( 3675): Failed to find mounted volume for /storage/extSdCard/Android/data/com.android.camera2/files/
W/Vold    ( 3675): Returning OperationFailed - no handler for errno 0
W/ContextImpl( 5749): Failed to ensure directory: /storage/extSdCard/Android/data/com.android.camera2/files
I/CAM_DisableCamRcver( 5749): number of camera: 0
I/CAM_DisableCamRcver( 5749): disable all camera activities
D/WVMDrmPlugIn( 3695): WVMDrmPlugin::onInitialize : 6738
D/WVMDrmPlugIn( 3695): WVMDrmPlugin::onSetOnInfoListener : add 6738
D/WVMDrmPlugIn( 3695): WVMDrmPlugin::onTerminate : 6738
I/FFmpegExtractor( 3697): android-source:0xb4012510
I/FFMPEG  ( 3697): Input #0, ogg, from 'android-source:0xb4012510':
I/FFMPEG  ( 3697):   Duration: 00:00:01.85, start: 0.000000, bitrate: 447 kb/s
I/FFMPEG  ( 3697):     Stream #0:0: Audio: vorbis, 44100 Hz, stereo, fltp, 450 kb/s
I/FFMPEG  ( 3697):     Metadata:
I/FFMPEG  ( 3697):       ENCODER         : FL Studio
D/FFmpegExtractor( 3697): FFmpegExtrator, url: android-source:0xb4012510, format_name: ogg, format_long_name: Ogg
I/FFmpegExtractor( 3697): adjust mime(application/ogg -> audio/vorbis)
D/FFmpegExtractor( 3697): suppoted codec(vorbis) by official Stagefright
D/FFmpegExtractor( 3697): ffmpeg detected media content as 'audio/vorbis' with confidence 0.08
D/EmailBroadcastReceiver( 4939): Received android.intent.action.BOOT_COMPLETED
I/CalendarProvider2( 5625): Sending notification intent: Intent { act=android.intent.action.PROVIDER_CHANGED dat=content://com.android.calendar }
W/ContentResolver( 5625): Failed to get type for: content://com.android.calendar (Unknown URL content://com.android.calendar)
D/WVMDrmPlugIn( 3695): WVMDrmPlugin::onInitialize : 5563
D/WVMDrmPlugIn( 3695): WVMDrmPlugin::onSetOnInfoListener : add 5563
D/WVMDrmPlugIn( 3695): WVMDrmPlugin::onTerminate : 5563
I/FFmpegExtractor( 3697): android-source:0xb4012650
I/FFMPEG  ( 3697): Input #0, ogg, from 'android-source:0xb4012650':
I/FFMPEG  ( 3697):   Duration: 00:00:07.00, start: 0.000000, bitrate: 133 kb/s
I/FFMPEG  ( 3697):     Stream #0:0: Audio: vorbis, 48000 Hz, mono, fltp, 128 kb/s
I/FFMPEG  ( 3697):     Metadata:
I/FFMPEG  ( 3697):       ANDROID_LOOP    : true
I/FFMPEG  ( 3697):       TITLE           : Fermium
D/FFmpegExtractor( 3697): FFmpegExtrator, url: android-source:0xb4012650, format_name: ogg, format_long_name: Ogg
I/FFmpegExtractor( 3697): adjust mime(application/ogg -> audio/vorbis)
D/FFmpegExtractor( 3697): suppoted codec(vorbis) by official Stagefright
D/FFmpegExtractor( 3697): ffmpeg detected media content as 'audio/vorbis' with confidence 0.08
E/cutils  ( 5774): Failed to mkdir(/mnt/shell/emulated/0): Read-only file system
W/Zygote  ( 5774): Failed to mount emulated storage: 30
I/ActivityManager( 4122): Start proc com.android.gallery3d for broadcast com.android.gallery3d/com.android.camera.DisableCameraReceiver: pid=5774 uid=10036 gids={50036, 9997, 3003, 1028, 1015, 1023, 3002} abi=armeabi-v7a
I/Email   ( 4939): Onetime initialization: 1
I/Email   ( 4939): Onetime initialization: 2
I/Email   ( 4939): Onetime initialization: completed.
I/Exchange( 4898): PSS has no active accounts; stopping service.
I/ActivityManager( 4122): Killing 5006:org.cyanogenmod.themes.provider/u0a17 (adj 15): empty #17
D/WVMDrmPlugIn( 3695): WVMDrmPlugin::onInitialize : 7795
D/WVMDrmPlugIn( 3695): WVMDrmPlugin::onSetOnInfoListener : add 7795
D/WVMDrmPlugIn( 3695): WVMDrmPlugin::onTerminate : 7795
I/FFmpegExtractor( 3697): android-source:0xb4012790
I/FFMPEG  ( 3697): Input #0, ogg, from 'android-source:0xb4012790':
I/FFMPEG  ( 3697):   Duration: 00:00:08.83, start: 0.000000, bitrate: 133 kb/s
I/FFMPEG  ( 3697):     Stream #0:0: Audio: vorbis, 48000 Hz, mono, fltp, 128 kb/s
I/FFMPEG  ( 3697):     Metadata:
I/FFMPEG  ( 3697):       ANDROID_LOOP    : true
I/FFMPEG  ( 3697):       TITLE           : Helium
D/FFmpegExtractor( 3697): FFmpegExtrator, url: android-source:0xb4012790, format_name: ogg, format_long_name: Ogg
I/FFmpegExtractor( 3697): adjust mime(application/ogg -> audio/vorbis)
D/FFmpegExtractor( 3697): suppoted codec(vorbis) by official Stagefright
D/FFmpegExtractor( 3697): ffmpeg detected media content as 'audio/vorbis' with confidence 0.08
D/WVMDrmPlugIn( 3695): WVMDrmPlugin::onInitialize : 5824
D/WVMDrmPlugIn( 3695): WVMDrmPlugin::onSetOnInfoListener : add 5824
D/WVMDrmPlugIn( 3695): WVMDrmPlugin::onTerminate : 5824
I/FFmpegExtractor( 3697): android-source:0xb40128d0
I/FFMPEG  ( 3697): Input #0, ogg, from 'android-source:0xb40128d0':
I/FFMPEG  ( 3697):   Duration: 00:00:02.11, start: 0.000000, bitrate: 61 kb/s
I/FFMPEG  ( 3697):     Stream #0:0: Audio: vorbis, 44100 Hz, mono, fltp, 54 kb/s
I/FFMPEG  ( 3697):     Metadata:
I/FFMPEG  ( 3697):       TITLE           : Piezo Alarm
D/FFmpegExtractor( 3697): FFmpegExtrator, url: android-source:0xb40128d0, format_name: ogg, format_long_name: Ogg
I/FFmpegExtractor( 3697): adjust mime(application/ogg -> audio/vorbis)
D/FFmpegExtractor( 3697): suppoted codec(vorbis) by official Stagefright
D/FFmpegExtractor( 3697): ffmpeg detected media content as 'audio/vorbis' with confidence 0.08
E/MetadataRetrieverClient( 3697): failed to extract an album art
W/libprocessgroup( 4122): failed to open /acct/uid_10017/pid_5006/cgroup.procs: No such file or directory
I/G:DisableCameraReceiver( 5774): no back camera
I/G:DisableCameraReceiver( 5774): disable all camera activities
W/BackupManagerService( 4122): dataChanged but no participant pkg='com.android.providers.settings' uid=10009
E/cutils  ( 5798): Failed to mkdir(/mnt/shell/emulated/0): Read-only file system
W/Zygote  ( 5798): Failed to mount emulated storage: 30
I/ActivityManager( 4122): Start proc org.cyanogenmod.themes.provider for content provider org.cyanogenmod.themes.provider/.ThemesProvider: pid=5798 uid=10017 gids={50017, 9997, 3003} abi=armeabi-v7a
W/BackupManagerService( 4122): dataChanged but no participant pkg='com.android.providers.settings' uid=10036
W/BluetoothAdapterState( 5365): Timeout will setting scan mode..Continuing with disable...
D/BluetoothAdapterState( 5365): CURRENT_STATE=PENDING, MESSAGE = BEGIN_DISABLE, isTurningOn=false, isTurningOff=true
E/bt-btif ( 5365): cmd socket is not created
D/btif_config_util( 5365): btif_config_save_file(L188): in file name:/data/misc/bluedroid/bt_config.new
W/bt-l2cap( 5365): L2CAP - L2CA_Deregister() called for PSM: 0x000f
W/bt-btif ( 5365): bta_dm_disable BTA_DISABLE_DELAY set to 200 ms
D/bt_vendor( 5365): op for 7
W/BackupManagerService( 4122): dataChanged but no participant pkg='com.android.providers.settings' uid=10036
D/bt-btif ( 5365): AG evt (hdl 0x0001): State 0, Event 0x0501
D/bt-btif ( 5365): btif_hf_upstreams_evt: event=BTA_AG_DISABLE_EVT
D/bt-btif ( 5365): btif_hf_upstreams_evt: event=BTA_AG_DISABLE_EVT
E/bt-btif ( 5365): L2CAP - L2CA_Deregister() called for PS
W/bt-l2cap( 5365): L2CAP - L2CA_Deregister() called for PSM: 0x0019
W/bt-l2cap( 5365): L2CAP - L2CA_Deregister() called for PSM: 0x0017
W/bt-l2cap( 5365): L2CAP - L2CA_Deregister() called for PSM: 0x0019
W/bt-l2cap( 5365): L2CAP - PSM: 0x0019 not found for deregistration
W/bt-l2cap( 5365): L2CAP - L2CA_Deregister() called for PSM: 0x0017
W/bt-l2cap( 5365): L2CAP - PSM: 0x0017 not found for deregistration
W/bt-l2cap( 5365): L2CAP - L2CA_Deregister() called for PSM: 0x0011
W/bt-l2cap( 5365): L2CAP - L2CA_Deregister() called for PSM: 0x0013
E/bt-btif ( 5365): bta_gattc_deregister Deregister Failedm unknown client cif
D/bt_vendor( 5365): op for 7
D/bt_upio ( 5365): BT_WAKE is asserted already
D/bt_vendor( 5365): op for 7
D/bt_upio ( 5365): BT_WAKE is asserted already
D/bt_vendor( 5365): op for 7
D/bt_upio ( 5365): BT_WAKE is asserted already
D/bt_vendor( 5365): op for 7
D/bt_upio ( 5365): BT_WAKE is asserted already
D/bt_vendor( 5365): op for 7
D/bt_upio ( 5365): BT_WAKE is asserted already
D/bt_vendor( 5365): op for 7
D/bt_upio ( 5365): BT_WAKE is asserted already
D/bt_vendor( 5365): op for 7
D/bt_upio ( 5365): BT_WAKE is asserted already
D/bt_vendor( 5365): op for 7
D/bt_upio ( 5365): BT_WAKE is asserted already
D/bt_vendor( 5365): op for 7
D/bt_upio ( 5365): BT_WAKE is asserted already
D/bt_vendor( 5365): op for 7
D/bt_upio ( 5365): BT_WAKE is asserted already
D/bt_vendor( 5365): op for 7
D/bt_upio ( 5365): BT_WAKE is asserted already
W/BackupManagerService( 4122): dataChanged but no participant pkg='com.android.providers.settings' uid=10036
I/ActivityManager( 4122): Killing 5246:com.cyanogenmod.eleven/u0a32 (adj 15): empty #17
I/SystemBroadcastReceiver( 4733): Boot has been completed
W/libprocessgroup( 4122): failed to open /acct/uid_10032/pid_5246/cgroup.procs: No such file or directory
I/LauncherIconVisibilityManager( 4733): Disable activity: ComponentInfo{com.android.inputmethod.latin/com.android.inputmethod.latin.setup.SetupActivity}
W/bt-btif ( 5365): ag scb idx 1 not allocated
E/bt-btif ( 5365): BTA AG is already disabled, ignoring ...
W/bt-l2cap( 5365): L2CAP - L2CA_Deregister() called for PSM: 0x0019
D/bt_vendor( 5365): op for 6
W/bt-l2cap( 5365): L2CAP - PSM: 0x0019 not found for deregistration
W/bt-l2cap( 5365): L2CAP - L2CA_Deregister() called for PSM: 0x0017
W/bt-l2cap( 5365): L2CAP - PSM: 0x0017 not found for deregistration
D/bt_vendor( 5365): op for 7
W/bt-l2cap( 5365): L2CAP - L2CA_Deregister() called for PSM: 0x0019
D/bt_upio ( 5365): BT_WAKE is asserted already
W/bt-l2cap( 5365): L2CAP - PSM: 0x0019 not found for deregistration
W/bt-l2cap( 5365): L2CAP - L2CA_Deregister() called for PSM: 0x0017
W/bt-l2cap( 5365): L2CAP - PSM: 0x0017 not found for deregistration
W/bt-l2cap( 5365): L2CAP - L2CA_Deregister() called for PSM: 0x0019
W/bt-l2cap( 5365): L2CAP - PSM: 0x0019 not found for deregistration
W/bt-l2cap( 5365): L2CAP - L2CA_Deregister() called for PSM: 0x0017
W/bt-l2cap( 5365): L2CAP - PSM: 0x0017 not found for deregistration
E/bt-btif ( 5365): bta_gattc_deregister Deregister Failedm unknown client cif
D/bt_userial( 5365): RX termination
W/bt_userial( 5365): select_read return size <=0:-1, exiting userial_read_thread
D/bt_userial( 5365): Leaving userial_read_thread()
D/bt_userial( 5365): userial_close_reader Joined userial reader thread: 0
D/bt_vendor( 5365): op for 9
D/bt_hwcfg( 5365): hw_epilog_process
D/bt_vendor( 5365): op for 4
I/bt_userial_vendor( 5365): device fd = 56 close
D/bt_vendor( 5365): op for 0
D/bt_upio ( 5365): upio_set_bluetooth_power(on: 0)
D/bt_upio ( 5365): is_emulator_context : 0
D/bt_upio ( 5365): is_rfkill_disabled ? [0]
D/bt_vendor( 5365): cleanup
I/GKI_LINUX( 5365): gki_task task_id=0 [BTU] terminating
I/GKI_LINUX( 5365): GKI_exit_task 0 done
I/GKI_LINUX( 5365): GKI_shutdown(): task [BTU] terminated
D/BluetoothAdapterState( 5365): CURRENT_STATE=PENDING, MESSAGE = DISABLED, isTurningOn=false, isTurningOff=true
D/BluetoothAdapterService( 5365): mProfilesStarted : true supportedProfileServices.length : 8
E/cutils  ( 5826): Failed to mkdir(/mnt/shell/emulated/0): Read-only file system
W/Zygote  ( 5826): Failed to mount emulated storage: 30
I/ActivityManager( 4122): Start proc com.cyanogenmod.lockclock for broadcast com.cyanogenmod.lockclock/.ClockWidgetProvider: pid=5826 uid=10042 gids={50042, 9997, 3003} abi=armeabi-v7a
D/HeadsetService( 5365): Received stop request...Stopping profile...
D/BluetoothAdapterService( 5365): getAdapterService() - returning com.android.bluetooth.btservice.AdapterService@223872f7
D/HeadsetStateMachine( 5365): Exit Disconnected: -1
D/BluetoothHeadset( 5076): Proxy object disconnected
D/BluetoothHeadset( 4122): Proxy object disconnected
D/AudioService( 4122): onServiceDisconnected: Bluetooth profile: 1
D/BluetoothHeadset( 5076): Proxy object disconnected
D/ThemesProvider( 5798): Deleted 0
I/art     ( 3708): Explicit concurrent mark sweep GC freed 706(30KB) AllocSpace objects, 0(0B) LOS objects, 39% free, 15MB/25MB, paused 357us total 16.785ms
D/BluetoothHeadset( 4985): Proxy object disconnected
D/A2dpService( 5365): Received stop request...Stopping profile...
D/A2dpStateMachine( 5365): Exit Disconnected: -1
D/BluetoothAdapterState( 5365): Stopping profile services that were post enabled
D/BluetoothAdapterService( 5365): getAdapterService() - returning com.android.bluetooth.btservice.AdapterService@223872f7
D/BluetoothA2dp( 4122): Proxy object disconnected
D/AudioService( 4122): onServiceDisconnected: Bluetooth profile: 2
D/HidService( 5365): Received stop request...Stopping profile...
D/BluetoothAdapterService( 5365): getAdapterService() - returning com.android.bluetooth.btservice.AdapterService@223872f7
D/BluetoothInputDevice( 5099): Proxy object disconnected
D/HidProfile( 5099): Bluetooth service disconnected
D/HealthService( 5365): Received stop request...Stopping profile...
D/BluetoothAdapterService( 5365): getAdapterService() - returning com.android.bluetooth.btservice.AdapterService@223872f7
W/BluetoothHeadsetServiceJni( 5365): Cleaning up Bluetooth Handsfree Interface...
W/BluetoothHeadsetServiceJni( 5365): Cleaning up Bluetooth Handsfree callback object
I/art     ( 3708): Explicit concurrent mark sweep GC freed 5(160B) AllocSpace objects, 0(0B) LOS objects, 39% free, 15MB/25MB, paused 324us total 15.450ms
D/PanService( 5365): Received stop request...Stopping profile...
D/BluetoothAdapterService( 5365): getAdapterService() - returning com.android.bluetooth.btservice.AdapterService@223872f7
D/BluetoothPan( 5099): BluetoothPAN Proxy object disconnected
D/PanProfile( 5099): Bluetooth service disconnected
D/BtGatt.DebugUtils( 5365): handleDebugAction() action=null
D/BtGatt.GattService( 5365): Received stop request...Stopping profile...
D/BtGatt.GattService( 5365): stop()
D/BtGatt.AdvertiseManager( 5365): advertise clients cleared
D/BluetoothAdapterService( 5365): getAdapterService() - returning com.android.bluetooth.btservice.AdapterService@223872f7
D/BluetoothMapService( 5365): Received stop request...Stopping profile...
D/BluetoothMapService( 5365): stop()
D/BluetoothMapService( 5365): MAP Service closeService in
D/BluetoothMapService( 5365): MAP Service closeService in
D/BluetoothMapService( 5365): Unregistering Email account observer
D/BluetoothAdapterService( 5365): getAdapterService() - returning com.android.bluetooth.btservice.AdapterService@223872f7
I/ActivityManager( 4122): Killing 5387:com.android.deskclock/u0a30 (adj 15): empty #17
I/art     ( 3708): Explicit concurrent mark sweep GC freed 5(160B) AllocSpace objects, 0(0B) LOS objects, 39% free, 15MB/25MB, paused 295us total 15.134ms
D/WVMDrmPlugIn( 3695): WVMDrmPlugin::onInitialize : 7349
D/WVMDrmPlugIn( 3695): WVMDrmPlugin::onSetOnInfoListener : add 7349
D/WVMDrmPlugIn( 3695): WVMDrmPlugin::onTerminate : 7349
I/FFmpegExtractor( 3697): android-source:0xb40128d0
I/FFMPEG  ( 3697): Input #0, ogg, from 'android-source:0xb40128d0':
I/FFMPEG  ( 3697):   Duration: 00:00:04.96, start: 0.000000, bitrate: 166 kb/s
I/FFMPEG  ( 3697):     Stream #0:0: Audio: vorbis, 44100 Hz, stereo, fltp, 256 kb/s
I/FFMPEG  ( 3697):     Metadata:
I/FFMPEG  ( 3697):       ANDROID_LOOP    : true
I/FFMPEG  ( 3697):       TITLE           : Krypton
D/FFmpegExtractor( 3697): FFmpegExtrator, url: android-source:0xb40128d0, format_name: ogg, format_long_name: Ogg
I/FFmpegExtractor( 3697): adjust mime(application/ogg -> audio/vorbis)
D/FFmpegExtractor( 3697): suppoted codec(vorbis) by official Stagefright
D/FFmpegExtractor( 3697): ffmpeg detected media content as 'audio/vorbis' with confidence 0.08
D/BluetoothMap( 5099): Proxy object disconnected
D/MapProfile( 5099): Bluetooth service disconnected
I/GKI_LINUX( 5365): gki_task task_id=2 [A2DP-MEDIA] terminating
I/GKI_LINUX( 5365): GKI_exit_task 2 done
I/GKI_LINUX( 5365): GKI_shutdown(): task [A2DP-MEDIA] terminated
W/BluetoothHidServiceJni( 5365): Cleaning up Bluetooth HID Interface...
W/BluetoothHidServiceJni( 5365): Cleaning up Bluetooth GID callback object
W/BluetoothHealthServiceJni( 5365): Cleaning up Bluetooth Health Interface...
W/BluetoothHealthServiceJni( 5365): Cleaning up Bluetooth Health object
W/BluetoothPanServiceJni( 5365): Cleaning up Bluetooth PAN Interface...
W/BluetoothPanServiceJni( 5365): Cleaning up Bluetooth PAN callback object
D/WVMDrmPlugIn( 3695): WVMDrmPlugin::onInitialize : 7651
D/WVMDrmPlugIn( 3695): WVMDrmPlugin::onSetOnInfoListener : add 7651
D/BtGatt.GattService( 5365): cleanup()
W/bt-btif ( 5365): GATTC Module not enabled/already disabled
W/bt-btif ( 5365): GATTS Module not enabled/already disabled
D/BtGatt.AdvertiseManager( 5365): advertise clients cleared
D/BluetoothMapService( 5365): cleanup()
D/BluetoothMapService( 5365): MAP Service closeService in
D/BluetoothMapService( 5365): MAP Service closeService in
D/BluetoothAdapterState( 5365): CURRENT_STATE=PENDING, MESSAGE = STOPPED, isTurningOn=false, isTurningOff=true
D/BluetoothAdapterProperties( 5365): Setting state to 10
I/BluetoothAdapterState( 5365): Bluetooth adapter state changed: 13-> 10
I/BluetoothAdapterState( 5365): Entering OffState
W/libprocessgroup( 4122): failed to open /acct/uid_10030/pid_5387/cgroup.procs: No such file or directory
D/WVMDrmPlugIn( 3695): WVMDrmPlugin::onTerminate : 7651
I/FFmpegExtractor( 3697): android-source:0xb0d9d2e0
I/FFMPEG  ( 3697): Input #0, ogg, from 'android-source:0xb0d9d2e0':
I/FFMPEG  ( 3697):   Duration: 00:00:20.40, start: 0.000000, bitrate: 69 kb/s
I/FFMPEG  ( 3697):     Stream #0:0: Audio: vorbis, 44100 Hz, stereo, fltp, 112 kb/s
I/FFMPEG  ( 3697):     Metadata:
I/FFMPEG  ( 3697):       ANDROID_LOOP    : true
I/FFMPEG  ( 3697):       TITLE           : Neon
D/FFmpegExtractor( 3697): FFmpegExtrator, url: android-source:0xb0d9d2e0, format_name: ogg, format_long_name: Ogg
I/FFmpegExtractor( 3697): adjust mime(application/ogg -> audio/vorbis)
D/FFmpegExtractor( 3697): suppoted codec(vorbis) by official Stagefright
D/FFmpegExtractor( 3697): ffmpeg detected media content as 'audio/vorbis' with confidence 0.08
D/WeatherUpdateService( 5826): Service started, but shouldn't update ... stopping
I/ActivityManager( 4122): Killing 5410:com.android.keychain/1000 (adj 15): empty #17
D/WVMDrmPlugIn( 3695): WVMDrmPlugin::onInitialize : 7242
D/WVMDrmPlugIn( 3695): WVMDrmPlugin::onSetOnInfoListener : add 7242
D/WVMDrmPlugIn( 3695): WVMDrmPlugin::onTerminate : 7242
I/FFmpegExtractor( 3697): android-source:0xb4012970
I/FFMPEG  ( 3697): Input #0, ogg, from 'android-source:0xb4012970':
I/FFMPEG  ( 3697):   Duration: 00:00:20.40, start: 0.000000, bitrate: 69 kb/s
I/FFMPEG  ( 3697):     Stream #0:0: Audio: vorbis, 44100 Hz, stereo, fltp, 112 kb/s
I/FFMPEG  ( 3697):     Metadata:
I/FFMPEG  ( 3697):       ANDROID_LOOP    : true
I/FFMPEG  ( 3697):       TITLE           : Nobelium
D/FFmpegExtractor( 3697): FFmpegExtrator, url: android-source:0xb4012970, format_name: ogg, format_long_name: Ogg
I/FFmpegExtractor( 3697): adjust mime(application/ogg -> audio/vorbis)
D/FFmpegExtractor( 3697): suppoted codec(vorbis) by official Stagefright
D/FFmpegExtractor( 3697): ffmpeg detected media content as 'audio/vorbis' with confidence 0.08
D/BluetoothManagerService( 4122): unbindAndFinish(): android.bluetooth.IBluetooth$Stub$Proxy@1f65b304 mBinding = false
D/BluetoothManagerService( 4122): Sending unbind request.
E/ELEVEN  ( 5271): calling refresh!
D/WVMDrmPlugIn( 3695): WVMDrmPlugin::onInitialize : 6242
D/WVMDrmPlugIn( 3695): WVMDrmPlugin::onSetOnInfoListener : add 6242
D/WVMDrmPlugIn( 3695): WVMDrmPlugin::onTerminate : 6242
I/FFmpegExtractor( 3697): android-source:0xb0d9d2e0
I/FFMPEG  ( 3697): Input #0, ogg, from 'android-source:0xb0d9d2e0':
I/FFMPEG  ( 3697):   Duration: 00:00:01.50, start: 0.000000, bitrate: 348 kb/s
I/FFMPEG  ( 3697):     Stream #0:0: Audio: vorbis, 44100 Hz, stereo, fltp, 320 kb/s
I/FFMPEG  ( 3697):     Metadata:
I/FFMPEG  ( 3697):       ENCODER         : FL Studio
I/FFMPEG  ( 3697):       TITLE           : Nuclear Launch
D/FFmpegExtractor( 3697): FFmpegExtrator, url: android-source:0xb0d9d2e0, format_name: ogg, format_long_name: Ogg
I/FFmpegExtractor( 3697): adjust mime(application/ogg -> audio/vorbis)
D/FFmpegExtractor( 3697): suppoted codec(vorbis) by official Stagefright
D/FFmpegExtractor( 3697): ffmpeg detected media content as 'audio/vorbis' with confidence 0.08
W/art     ( 4122): Long monitor contention event with owner method=void com.android.server.am.ActivityManagerService.serviceDoneExecuting(android.os.IBinder, int, int, int) from ActivityManagerService.java:15134 waiters=0 for 107ms
D/BluetoothManagerService( 4122): Message: 20
D/BluetoothManagerService( 4122): Added callback: android.bluetooth.IBluetoothManagerCallback$Stub$Proxy@3256a9b3:true
D/BluetoothManagerService( 4122): Message: 30
W/libprocessgroup( 4122): failed to open /acct/uid_1000/pid_5410/cgroup.procs: No such file or directory
E/cutils  ( 5851): Failed to mkdir(/mnt/shell/emulated/0): Read-only file system
W/Zygote  ( 5851): Failed to mount emulated storage: 30
I/ActivityManager( 4122): Start proc org.whispersystems.whisperpush for broadcast org.whispersystems.whisperpush/.service.DirectoryRefreshListener: pid=5851 uid=10056 gids={50056, 9997, 3003} abi=armeabi-v7a
I/GKI_LINUX( 5365): gki_task task_id=1 [BTIF] terminating
D/WVMDrmPlugIn( 3695): WVMDrmPlugin::onInitialize : 5432
D/WVMDrmPlugIn( 3695): WVMDrmPlugin::onSetOnInfoListener : add 5432
I/GKI_LINUX( 5365): GKI_exit_task 1 done
I/GKI_LINUX( 5365): GKI_shutdown(): task [BTIF] terminated
I/BluetoothServiceJni( 5365): cleanupNative: return from cleanup
D/WVMDrmPlugIn( 3695): WVMDrmPlugin::onTerminate : 5432
I/art     ( 5365): System.exit called, status: 0
I/AndroidRuntime( 5365): VM exiting with result code 0, cleanup skipped.
I/FFmpegExtractor( 3697): android-source:0xb4012970
I/FFMPEG  ( 3697): Input #0, ogg, from 'android-source:0xb4012970':
I/FFMPEG  ( 3697):   Duration: 00:00:02.45, start: 0.000000, bitrate: 138 kb/s
I/FFMPEG  ( 3697):     Stream #0:0: Audio: vorbis, 48000 Hz, mono, fltp, 128 kb/s
I/FFMPEG  ( 3697):     Metadata:
I/FFMPEG  ( 3697):       ANDROID_LOOP    : true
I/FFMPEG  ( 3697):       TITLE           : Osmium
D/FFmpegExtractor( 3697): FFmpegExtrator, url: android-source:0xb4012970, format_name: ogg, format_long_name: Ogg
I/FFmpegExtractor( 3697): adjust mime(application/ogg -> audio/vorbis)
D/FFmpegExtractor( 3697): suppoted codec(vorbis) by official Stagefright
D/FFmpegExtractor( 3697): ffmpeg detected media content as 'audio/vorbis' with confidence 0.08
D/WVMDrmPlugIn( 3695): WVMDrmPlugin::onInitialize : 6894
D/WVMDrmPlugIn( 3695): WVMDrmPlugin::onSetOnInfoListener : add 6894
D/WVMDrmPlugIn( 3695): WVMDrmPlugin::onTerminate : 6894
I/FFmpegExtractor( 3697): android-source:0xb0d9d2e0
I/FFMPEG  ( 3697): Input #0, ogg, from 'android-source:0xb0d9d2e0':
I/FFMPEG  ( 3697):   Duration: 00:00:02.07, start: 0.000000, bitrate: 104 kb/s
I/FFMPEG  ( 3697):     Stream #0:0: Audio: vorbis, 44100 Hz, stereo, fltp, 256 kb/s
I/FFMPEG  ( 3697):     Metadata:
I/FFMPEG  ( 3697):       ANDROID_LOOP    : true
I/FFMPEG  ( 3697):       TITLE           : Oxygen
D/FFmpegExtractor( 3697): FFmpegExtrator, url: android-source:0xb0d9d2e0, format_name: ogg, format_long_name: Ogg
I/FFmpegExtractor( 3697): adjust mime(application/ogg -> audio/vorbis)
D/FFmpegExtractor( 3697): suppoted codec(vorbis) by official Stagefright
D/FFmpegExtractor( 3697): ffmpeg detected media content as 'audio/vorbis' with confidence 0.08
I/ActivityManager( 4122): Process com.android.bluetooth (pid 5365) has died
I/ActivityManager( 4122): Killing 5447:com.android.dialer/u0a8 (adj 15): empty #17
D/WVMDrmPlugIn( 3695): WVMDrmPlugin::onInitialize : 7851
D/WVMDrmPlugIn( 3695): WVMDrmPlugin::onSetOnInfoListener : add 7851
D/WVMDrmPlugIn( 3695): WVMDrmPlugin::onTerminate : 7851
I/FFmpegExtractor( 3697): android-source:0xb0d9d380
I/FFMPEG  ( 3697): Input #0, ogg, from 'android-source:0xb0d9d380':
I/FFMPEG  ( 3697):   Duration: 00:00:06.71, start: 0.000000, bitrate: 134 kb/s
I/FFMPEG  ( 3697):     Stream #0:0: Audio: vorbis, 48000 Hz, mono, fltp, 128 kb/s
I/FFMPEG  ( 3697):     Metadata:
I/FFMPEG  ( 3697):       ANDROID_LOOP    : true
I/FFMPEG  ( 3697):       TITLE           : Platinum
D/FFmpegExtractor( 3697): FFmpegExtrator, url: android-source:0xb0d9d380, format_name: ogg, format_long_name: Ogg
I/FFmpegExtractor( 3697): adjust mime(application/ogg -> audio/vorbis)
D/FFmpegExtractor( 3697): suppoted codec(vorbis) by official Stagefright
D/FFmpegExtractor( 3697): ffmpeg detected media content as 'audio/vorbis' with confidence 0.08
W/libprocessgroup( 4122): failed to open /acct/uid_10008/pid_5447/cgroup.procs: No such file or directory
D/WVMDrmPlugIn( 3695): WVMDrmPlugin::onInitialize : 5373
D/WVMDrmPlugIn( 3695): WVMDrmPlugin::onSetOnInfoListener : add 5373
E/PhoneInterfaceManager( 4985): [PhoneIntfMgr] getIccId: No UICC
W/ActivityManager( 4122): Unable to start service Intent { act=com.google.android.c2dm.intent.REGISTER pkg=com.google.android.gms (has extras) } U=0: not found
D/WVMDrmPlugIn( 3695): WVMDrmPlugin::onTerminate : 5373
I/FFmpegExtractor( 3697): android-source:0xb420d3d0
I/FFMPEG  ( 3697): Input #0, ogg, from 'android-source:0xb420d3d0':
I/FFMPEG  ( 3697):   Duration: 00:00:03.94, start: 0.000000, bitrate: 97 kb/s
I/FFMPEG  ( 3697):     Stream #0:0: Audio: vorbis, 44100 Hz, stereo, fltp, 256 kb/s
I/FFMPEG  ( 3697):     Metadata:
I/FFMPEG  ( 3697):       ANDROID_LOOP    : true
I/FFMPEG  ( 3697):       TITLE           : Scandium
D/FFmpegExtractor( 3697): FFmpegExtrator, url: android-source:0xb420d3d0, format_name: ogg, format_long_name: Ogg
I/FFmpegExtractor( 3697): adjust mime(application/ogg -> audio/vorbis)
D/FFmpegExtractor( 3697): suppoted codec(vorbis) by official Stagefright
D/FFmpegExtractor( 3697): ffmpeg detected media content as 'audio/vorbis' with confidence 0.08
E/cutils  ( 5877): Failed to mkdir(/mnt/shell/emulated/0): Read-only file system
W/Zygote  ( 5877): Failed to mount emulated storage: 30
I/ActivityManager( 4122): Start proc com.android.cellbroadcastreceiver for broadcast com.android.cellbroadcastreceiver/.CellBroadcastReceiver: pid=5877 uid=10005 gids={50005, 9997} abi=armeabi-v7a
D/WVMDrmPlugIn( 3695): WVMDrmPlugin::onInitialize : 5439
D/WVMDrmPlugIn( 3695): WVMDrmPlugin::onSetOnInfoListener : add 5439
D/WVMDrmPlugIn( 3695): WVMDrmPlugin::onTerminate : 5439
I/FFmpegExtractor( 3697): android-source:0xb420d510
I/FFMPEG  ( 3697): Input #0, ogg, from 'android-source:0xb420d510':
I/FFMPEG  ( 3697):   Duration: 00:00:00.60, start: 0.000000, bitrate: 138 kb/s
I/FFMPEG  ( 3697):     Stream #0:0: Audio: vorbis, 44100 Hz, stereo, fltp, 112 kb/s
I/FFMPEG  ( 3697):     Metadata:
I/FFMPEG  ( 3697):       TITLE           : Adara
D/FFmpegExtractor( 3697): FFmpegExtrator, url: android-source:0xb420d510, format_name: ogg, format_long_name: Ogg
I/FFmpegExtractor( 3697): adjust mime(application/ogg -> audio/vorbis)
D/FFmpegExtractor( 3697): suppoted codec(vorbis) by official Stagefright
D/FFmpegExtractor( 3697): ffmpeg detected media content as 'audio/vorbis' with confidence 0.08
D/WVMDrmPlugIn( 3695): WVMDrmPlugin::onInitialize : 6880
D/WVMDrmPlugIn( 3695): WVMDrmPlugin::onSetOnInfoListener : add 6880
D/WVMDrmPlugIn( 3695): WVMDrmPlugin::onTerminate : 6880
I/FFmpegExtractor( 3697): android-source:0xb4012970
W/Resources( 5877): Converting to string: TypedValue{t=0x10/d=0x4 a=-1}
W/Resources( 5877): Converting to string: TypedValue{t=0x10/d=0x0 a=-1}
I/FFMPEG  ( 3697): Input #0, ogg, from 'android-source:0xb4012970':
I/FFMPEG  ( 3697):   Duration: 00:00:00.60, start: 0.000000, bitrate: 100 kb/s
I/FFMPEG  ( 3697):     Stream #0:0: Audio: vorbis, 44100 Hz, mono, fltp, 96 kb/s
I/FFMPEG  ( 3697):     Metadata:
I/FFMPEG  ( 3697):       ANDROID_LOOP    : false
I/FFMPEG  ( 3697):       track           : 2d105c
I/FFMPEG  ( 3697):       TITLE           : Aldebaran
I/FFMPEG  ( 3697):       ARTIST          : pdx
D/FFmpegExtractor( 3697): FFmpegExtrator, url: android-source:0xb4012970, format_name: ogg, format_long_name: Ogg
I/FFmpegExtractor( 3697): adjust mime(application/ogg -> audio/vorbis)
D/FFmpegExtractor( 3697): suppoted codec(vorbis) by official Stagefright
D/FFmpegExtractor( 3697): ffmpeg detected media content as 'audio/vorbis' with confidence 0.08
D/CellBroadcastReceiver( 5877): onReceive Intent { act=android.intent.action.SERVICE_STATE flg=0x10 cmp=com.android.cellbroadcastreceiver/.CellBroadcastReceiver (has extras) }
D/CellBroadcastReceiver( 5877): Intent ACTION_SERVICE_STATE_CHANGED
D/CellBroadcastReceiver( 5877): Service state changed! 1 Full: 1 1 home null null null  Unknown Unknown CSS not supported -1 -1 RoamInd=-1 DefRoamInd=-1 EmergOnly=false Current state=-1
I/ActivityManager( 4122): Killing 4816:android.process.acore/u0a6 (adj 15): empty #17
D/WVMDrmPlugIn( 3695): WVMDrmPlugin::onInitialize : 6615
D/WVMDrmPlugIn( 3695): WVMDrmPlugin::onSetOnInfoListener : add 6615
D/WVMDrmPlugIn( 3695): WVMDrmPlugin::onTerminate : 6615
I/FFmpegExtractor( 3697): android-source:0xb4012ba0
I/FFMPEG  ( 3697): Input #0, ogg, from 'android-source:0xb4012ba0':
I/FFMPEG  ( 3697):   Duration: 00:00:00.73, start: 0.000000, bitrate: 76 kb/s
I/FFMPEG  ( 3697):     Stream #0:0: Audio: vorbis, 44100 Hz, mono, fltp, 80 kb/s
I/FFMPEG  ( 3697):     Metadata:
I/FFMPEG  ( 3697):       ANDROID_LOOP    : false
I/FFMPEG  ( 3697):       track           : 2dB214b
I/FFMPEG  ( 3697):       TITLE           : Altair
I/FFMPEG  ( 3697):       ARTIST          : pdx
D/FFmpegExtractor( 3697): FFmpegExtrator, url: android-source:0xb4012ba0, format_name: ogg, format_long_name: Ogg
I/FFmpegExtractor( 3697): adjust mime(application/ogg -> audio/vorbis)
D/FFmpegExtractor( 3697): suppoted codec(vorbis) by official Stagefright
D/FFmpegExtractor( 3697): ffmpeg detected media content as 'audio/vorbis' with confidence 0.08
W/libprocessgroup( 4122): failed to open /acct/uid_10006/pid_4816/cgroup.procs: No such file or directory
D/CellBroadcastReceiver( 5877): onReceive Intent { act=android.intent.action.ACTION_SUBINFO_RECORD_UPDATED flg=0x10 cmp=com.android.cellbroadcastreceiver/.CellBroadcastReceiver (has extras) }
D/SIP     ( 4985): [SipSharedPreferences] isReceivingCallsEnabled, option not set; use default value, exception: android.provider.Settings$SettingNotFoundException: sip_receive_calls
D/WVMDrmPlugIn( 3695): WVMDrmPlugin::onInitialize : 7405
D/WVMDrmPlugIn( 3695): WVMDrmPlugin::onSetOnInfoListener : add 7405
D/AlertReceiver( 5537): onReceive: a=android.intent.action.PROVIDER_CHANGED Intent { act=android.intent.action.PROVIDER_CHANGED dat=content://com.android.calendar flg=0x10 cmp=com.android.calendar/.alerts.AlertReceiver }
V/Mms     ( 5677): onStart: #1 resultCode: -1 = Activity.RESULT_OK
D/WVMDrmPlugIn( 3695): WVMDrmPlugin::onTerminate : 7405
I/FFmpegExtractor( 3697): android-source:0xb4012970
D/AlertService( 5537): 0 Action = android.intent.action.PROVIDER_CHANGED
I/FFMPEG  ( 3697): Input #0, ogg, from 'android-source:0xb4012970':
I/FFMPEG  ( 3697):   Duration: 00:00:01.00, start: 0.000000, bitrate: 71 kb/s
I/FFMPEG  ( 3697):     Stream #0:0: Audio: vorbis, 44100 Hz, mono, fltp, 70 kb/s
I/FFMPEG  ( 3697):     Metadata:
I/FFMPEG  ( 3697):       ANDROID_LOOP    : false
I/FFMPEG  ( 3697):       TITLE           : Alya
D/FFmpegExtractor( 3697): FFmpegExtrator, url: android-source:0xb4012970, format_name: ogg, format_long_name: Ogg
I/FFmpegExtractor( 3697): adjust mime(application/ogg -> audio/vorbis)
D/FFmpegExtractor( 3697): suppoted codec(vorbis) by official Stagefright
D/FFmpegExtractor( 3697): ffmpeg detected media content as 'audio/vorbis' with confidence 0.08
D/WVMDrmPlugIn( 3695): WVMDrmPlugin::onInitialize : 6460
D/WVMDrmPlugIn( 3695): WVMDrmPlugin::onSetOnInfoListener : add 6460
D/WVMDrmPlugIn( 3695): WVMDrmPlugin::onTerminate : 6460
I/FFmpegExtractor( 3697): android-source:0xb4012c90
I/FFMPEG  ( 3697): Input #0, ogg, from 'android-source:0xb4012c90':
I/FFMPEG  ( 3697):   Duration: 00:00:00.91, start: 0.000000, bitrate: 91 kb/s
I/FFMPEG  ( 3697):     Stream #0:0: Audio: vorbis, 44100 Hz, mono, fltp, 96 kb/s
I/FFMPEG  ( 3697):     Metadata:
I/FFMPEG  ( 3697):       ANDROID_LOOP    : false
I/FFMPEG  ( 3697):       track           : 2d331b
I/FFMPEG  ( 3697):       TITLE           : Antares
I/FFMPEG  ( 3697):       ARTIST          : pdx
D/FFmpegExtractor( 3697): FFmpegExtrator, url: android-source:0xb4012c90, format_name: ogg, format_long_name: Ogg
I/FFmpegExtractor( 3697): adjust mime(application/ogg -> audio/vorbis)
D/FFmpegExtractor( 3697): suppoted codec(vorbis) by official Stagefright
D/FFmpegExtractor( 3697): ffmpeg detected media content as 'audio/vorbis' with confidence 0.08
D/WVMDrmPlugIn( 3695): WVMDrmPlugin::onInitialize : 8055
D/WVMDrmPlugIn( 3695): WVMDrmPlugin::onSetOnInfoListener : add 8055
D/WVMDrmPlugIn( 3695): WVMDrmPlugin::onTerminate : 8055
I/FFmpegExtractor( 3697): android-source:0xb4012bf0
I/FFMPEG  ( 3697): Input #0, ogg, from 'android-source:0xb4012bf0':
I/FFMPEG  ( 3697):   Duration: 00:00:01.69, start: 0.000000, bitrate: 131 kb/s
I/FFMPEG  ( 3697):     Stream #0:0: Audio: vorbis, 44100 Hz, stereo, fltp, 160 kb/s
I/FFMPEG  ( 3697):     Metadata:
I/FFMPEG  ( 3697):       ANDROID_LOOP    : false
I/FFMPEG  ( 3697):       TITLE           : Antimony
D/FFmpegExtractor( 3697): FFmpegExtrator, url: android-source:0xb4012bf0, format_name: ogg, format_long_name: Ogg
I/FFmpegExtractor( 3697): adjust mime(application/ogg -> audio/vorbis)
D/FFmpegExtractor( 3697): suppoted codec(vorbis) by official Stagefright
D/FFmpegExtractor( 3697): ffmpeg detected media content as 'audio/vorbis' with confidence 0.08
D/WVMDrmPlugIn( 3695): WVMDrmPlugin::onInitialize : 6793
D/WVMDrmPlugIn( 3695): WVMDrmPlugin::onSetOnInfoListener : add 6793
D/WVMDrmPlugIn( 3695): WVMDrmPlugin::onTerminate : 6793
I/FFmpegExtractor( 3697): android-source:0xb4012600
I/FFMPEG  ( 3697): Input #0, ogg, from 'android-source:0xb4012600':
I/FFMPEG  ( 3697):   Duration: 00:00:01.00, start: 0.000000, bitrate: 63 kb/s
I/FFMPEG  ( 3697):     Stream #0:0: Audio: vorbis, 44100 Hz, mono, fltp, 80 kb/s
I/FFMPEG  ( 3697):     Metadata:
I/FFMPEG  ( 3697):       ARTIST          : Unknown
I/FFMPEG  ( 3697):       GENRE           : Unknown
I/FFMPEG  ( 3697):       ANDROID_LOOP    : false
I/FFMPEG  ( 3697):       TITLE           : Arcturus
D/FFmpegExtractor( 3697): FFmpegExtrator, url: android-source:0xb4012600, format_name: ogg, format_long_name: Ogg
I/FFmpegExtractor( 3697): adjust mime(application/ogg -> audio/vorbis)
D/FFmpegExtractor( 3697): suppoted codec(vorbis) by official Stagefright
D/FFmpegExtractor( 3697): ffmpeg detected media content as 'audio/vorbis' with confidence 0.08
D/WVMDrmPlugIn( 3695): WVMDrmPlugin::onInitialize : 7365
D/WVMDrmPlugIn( 3695): WVMDrmPlugin::onSetOnInfoListener : add 7365
D/WVMDrmPlugIn( 3695): WVMDrmPlugin::onTerminate : 7365
I/FFmpegExtractor( 3697): android-source:0xb4012470
I/FFMPEG  ( 3697): Input #0, ogg, from 'android-source:0xb4012470':
I/FFMPEG  ( 3697):   Duration: 00:00:01.20, start: 0.000000, bitrate: 105 kb/s
I/FFMPEG  ( 3697):     Stream #0:0: Audio: vorbis, 44100 Hz, stereo, fltp, 112 kb/s
D/FFmpegExtractor( 3697): FFmpegExtrator, url: android-source:0xb4012470, format_name: ogg, format_long_name: Ogg
I/FFmpegExtractor( 3697): adjust mime(application/ogg -> audio/vorbis)
D/FFmpegExtractor( 3697): suppoted codec(vorbis) by official Stagefright
D/FFmpegExtractor( 3697): ffmpeg detected media content as 'audio/vorbis' with confidence 0.08
D/WVMDrmPlugIn( 3695): WVMDrmPlugin::onInitialize : 7088
D/WVMDrmPlugIn( 3695): WVMDrmPlugin::onSetOnInfoListener : add 7088
D/WVMDrmPlugIn( 3695): WVMDrmPlugin::onTerminate : 7088
