W/iptables( 4115): type=1300 audit(0.0:310): arch=40000028 syscall=294 per=800000 success=yes exit=0 a0=4 a1=0 a2=40 a3=b6c22000 items=0 ppid=4103 auid=4294967295 uid=0 gid=0 euid=0 suid=0 fsuid=0 egid=0 sgid=0 fsgid=0 ses=4294967295 tty=(none) exe="/system/bin/iptables" subj=u:r:netd:s0 key=(null)
W/auditd  ( 3586): type=1320 audit(0.0:310): 
D/libEGL  ( 4106): loaded /vendor/lib/egl/libGLES_mali.so
W/auditd  ( 3586): type=1325 audit(0.0:311): table=filter family=10 entries=36
W/ip6tables( 4117): type=1300 audit(0.0:311): arch=40000028 syscall=294 per=800000 success=yes exit=0 a0=4 a1=29 a2=40 a3=b6c23000 items=0 ppid=4103 auid=4294967295 uid=0 gid=0 euid=0 suid=0 fsuid=0 egid=0 sgid=0 fsgid=0 ses=4294967295 tty=(none) exe="/system/bin/ip6tables" subj=u:r:netd:s0 key=(null)
W/auditd  ( 3586): type=1320 audit(0.0:311): 
W/auditd  ( 3586): type=1325 audit(0.0:312): table=filter family=2 entries=39
W/iptables( 4118): type=1300 audit(0.0:312): arch=40000028 syscall=294 per=800000 success=yes exit=0 a0=4 a1=0 a2=40 a3=b6c22000 items=0 ppid=4103 auid=4294967295 uid=0 gid=0 euid=0 suid=0 fsuid=0 egid=0 sgid=0 fsgid=0 ses=4294967295 tty=(none) exe="/system/bin/iptables" subj=u:r:netd:s0 key=(null)
W/auditd  ( 3586): type=1320 audit(0.0:312): 
I/        ( 4106): PLATFORM VERSION : JB-MR-2
I/mediaserver( 4107): ServiceManager: 0xb60500c0
I/AudioFlinger( 4107): Using default 3000 mSec as standby time.
I/ServiceManager( 4107): Waiting for service batterystats...
I/gralloc ( 4106): using (fd=12)
I/gralloc ( 4106): id           = 
I/gralloc ( 4106): xres         = 1080 px
I/gralloc ( 4106): yres         = 1920 px
I/gralloc ( 4106): xres_virtual = 1080 px
I/gralloc ( 4106): yres_virtual = 3840 px
I/gralloc ( 4106): bpp          = 32
I/gralloc ( 4106): r            = 16:8
I/gralloc ( 4106): g            =  8:8
I/gralloc ( 4106): b            =  0:8
I/gralloc ( 4106): width        = 65 mm (422.030762 dpi)
I/gralloc ( 4106): height       = 115 mm (424.069580 dpi)
I/gralloc ( 4106): refresh rate = 60.00 Hz
D/AndroidRuntime( 4109): 
D/AndroidRuntime( 4109): >>>>>> AndroidRuntime START com.android.internal.os.ZygoteInit <<<<<<
D/AndroidRuntime( 4109): CheckJNI is OFF
I/art     ( 4109): option[0]=-Xzygote
I/art     ( 4109): option[1]=-Xstacktracefile:/data/anr/traces.txt
I/art     ( 4109): option[2]=exit
I/art     ( 4109): option[3]=vfprintf
I/art     ( 4109): option[4]=sensitiveThread
I/art     ( 4109): option[5]=-verbose:gc
I/art     ( 4109): option[6]=-Xms8m
I/art     ( 4109): option[7]=-Xmx512m
I/art     ( 4109): option[8]=-XX:mainThreadStackSize=24K
I/art     ( 4109): option[9]=-XX:HeapGrowthLimit=128m
I/art     ( 4109): option[10]=-XX:HeapMinFree=2m
I/art     ( 4109): option[11]=-XX:HeapMaxFree=8m
I/art     ( 4109): option[12]=-XX:HeapTargetUtilization=0.75
I/art     ( 4109): option[13]=-agentlib:jdwp=transport=dt_android_adb,suspend=n,server=y
I/art     ( 4109): option[14]=-Xlockprofthreshold:500
I/art     ( 4109): option[15]=-Ximage-compiler-option
I/art     ( 4109): option[16]=--runtime-arg
I/art     ( 4109): option[17]=-Ximage-compiler-option
I/art     ( 4109): option[18]=-Xms64m
I/art     ( 4109): option[19]=-Ximage-compiler-option
I/art     ( 4109): option[20]=--runtime-arg
I/art     ( 4109): option[21]=-Ximage-compiler-option
I/art     ( 4109): option[22]=-Xmx64m
I/art     ( 4109): option[23]=-Ximage-compiler-option
I/art     ( 4109): option[24]=--image-classes-zip=/system/framework/framework.jar
I/art     ( 4109): option[25]=-Ximage-compiler-option
I/art     ( 4109): option[26]=--image-classes=preloaded-classes
I/art     ( 4109): option[27]=-Xcompiler-option
I/art     ( 4109): option[28]=--runtime-arg
I/art     ( 4109): option[29]=-Xcompiler-option
I/art     ( 4109): option[30]=-Xms64m
I/art     ( 4109): option[31]=-Xcompiler-option
I/art     ( 4109): option[32]=--runtime-arg
I/art     ( 4109): option[33]=-Xcompiler-option
I/art     ( 4109): option[34]=-Xmx512m
I/art     ( 4109): option[35]=-Duser.language=es
I/art     ( 4109): option[36]=-Duser.region=US
I/art     ( 4109): Pruning dalvik-cache since we are generating an image and will need to recompile
W/art     ( 4109): Unexpected file type of 
W/art     ( 4109):  encountered.
I/art     ( 4109): Using an offset of 0xffede000 from default art base address of 0x70000000
I/art     ( 4109): GenerateImage: /system/bin/dex2oat --image=/data/dalvik-cache/arm/system@framework@boot.art --dex-file=/system/framework/core-libart.jar --dex-file=/system/framework/conscrypt.jar --dex-file=/system/framework/okhttp.jar --dex-file=/system/framework/core-junit.jar --dex-file=/system/framework/bouncycastle.jar --dex-file=/system/framework/ext.jar --dex-file=/system/framework/framework.jar --dex-file=/system/framework/telephony-common.jar --dex-file=/system/framework/voip-common.jar --dex-file=/system/framework/ims-common.jar --dex-file=/system/framework/mms-common.jar --dex-file=/system/framework/android.policy.jar --dex-file=/system/framework/apache-xml.jar --oat-file=/data/dalvik-cache/arm/system@framework@boot.oat --instruction-set=arm --instruction-set-features=div --base=0x6fede000 --runtime-arg -Xms64m --runtime-arg -Xmx64m --image-classes-zip=/system/framework/framework.jar --image-classes=preloaded-classes
W/art     ( 4109): Unexpected file type of 
W/art     ( 4109):  encountered.
W/art     ( 4109): Could not create image space with image file '/system/framework/boot.art'. Attempting to fall back to imageless running. Error was: Failed to generate image '/data/dalvik-cache/arm/system@framework@boot.art': Failed execv(/system/bin/dex2oat --image=/data/dalvik-cache/arm/system@framework@boot.art --dex-file=/system/framework/core-libart.jar --dex-file=/system/framework/conscrypt.jar --dex-file=/system/framework/okhttp.jar --dex-file=/system/framework/core-junit.jar --dex-file=/system/framework/bouncycastle.jar --dex-file=/system/framework/ext.jar --dex-file=/system/framework/framework.jar --dex-file=/system/framework/telephony-common.jar --dex-file=/system/framework/voip-common.jar --dex-file=/system/framework/ims-common.jar --dex-file=/system/framework/mms-common.jar --dex-file=/system/framework/android.policy.jar --dex-file=/system/framework/apache-xml.jar --oat-file=/data/dalvik-cache/arm/system@framework@boot.oat --instruction-set=arm --instruction-set-features=div --base=0x6fede000 --runtime-arg -Xms64
D/hwcomposer( 4106): using
D/hwcomposer( 4106): xres         = 1080 px
D/hwcomposer( 4106): yres         = 1920 px
D/hwcomposer( 4106): width        = 65 mm (422.030000 dpi)
D/hwcomposer( 4106): height       = 115 mm (424.069000 dpi)
D/hwcomposer( 4106): refresh rate = 60 Hz
D/libexynosv4l2-subdev( 4106): try node: /dev/v4l-subdev0
D/libexynosv4l2-subdev( 4106): try node: /dev/v4l-subdev1
D/libexynosv4l2-subdev( 4106): try node: /dev/v4l-subdev2
I/libexynosv4l2-subdev( 4106): node found for device s5p-mixer0: /dev/v4l-subdev2
I/libexynosv4l2-subdev( 4106): open subdev device /dev/v4l-subdev2
I/hwcomposer( 4106): PSR info devname = /sys/devices/14400000.fimd_fb/psr_info
I/hwcomposer( 4106): PSR mode is 2(0: video mode, 1: DP PSR mode, 2: MIPI-DSI command mode)
I/SurfaceFlinger( 4106): Using composer version 1.3
I/SurfaceFlinger( 4106): EGL information:
I/SurfaceFlinger( 4106): vendor    : Android
I/SurfaceFlinger( 4106): version   : 1.4 Android META-EGL
I/SurfaceFlinger( 4106): extensions: EGL_KHR_get_all_proc_addresses EGL_ANDROID_presentation_time EGL_KHR_image EGL_KHR_image_base EGL_KHR_gl_texture_2D_image EGL_KHR_gl_texture_cubemap_image EGL_KHR_gl_renderbuffer_image EGL_KHR_fence_sync EGL_KHR_create_context EGL_ANDROID_image_native_buffer EGL_KHR_wait_sync EGL_ANDROID_recordable 
I/SurfaceFlinger( 4106): Client API: OpenGL_ES
I/SurfaceFlinger( 4106): EGLSurface: 8-8-8-8, config=0xb69cf2ac
I/SurfaceFlinger( 4106): OpenGL ES informations:
I/SurfaceFlinger( 4106): vendor    : ARM
I/SurfaceFlinger( 4106): renderer  : Mali-T628
I/SurfaceFlinger( 4106): version   : OpenGL ES 3.0
I/SurfaceFlinger( 4106): extensions: GL_EXT_debug_marker GL_ARM_rgba8 GL_ARM_mali_shader_binary GL_OES_depth24 GL_OES_depth_texture GL_OES_depth_texture_cube_map GL_OES_packed_depth_stencil GL_OES_rgb8_rgba8 GL_EXT_read_format_bgra GL_OES_compressed_paletted_texture GL_OES_compressed_ETC1_RGB8_texture GL_OES_standard_derivatives GL_OES_EGL_image GL_OES_EGL_image_external GL_OES_EGL_sync GL_OES_texture_npot GL_OES_vertex_half_float GL_OES_required_internalformat GL_OES_vertex_array_object GL_OES_mapbuffer GL_EXT_texture_format_BGRA8888 GL_EXT_texture_rg GL_EXT_texture_type_2_10_10_10_REV GL_OES_fbo_render_mipmap GL_OES_element_index_uint GL_EXT_shadow_samplers GL_OES_texture_compression_astc GL_KHR_texture_compression_astc_ldr GL_KHR_texture_compression_astc_hdr GL_KHR_debug GL_EXT_occlusion_query_boolean GL_EXT_blend_minmax GL_EXT_discard_framebuffer GL_OES_get_program_binary GL_OES_texture_3D GL_EXT_texture_storage GL_EXT_multisampled_render_to_texture GL_OES_surfaceless_context GL_ARM_mali_program_binary 
I/SurfaceFlinger( 4106): GL_MAX_TEXTURE_SIZE = 8192
I/SurfaceFlinger( 4106): GL_MAX_VIEWPORT_DIMS = 8192
E/libEGL  ( 4106): eglQuerySurface:607 error 300d (EGL_BAD_SURFACE)
E/libEGL  ( 4106): eglQuerySurface:607 error 300d (EGL_BAD_SURFACE)
E/libEGL  ( 4106): call to OpenGL ES API with no current context (logged once per thread)
D/SurfaceFlinger( 4106): Set power mode=2, type=0 flinger=0xb6962000
I/hwcomposer( 4106): int exynos5_blank(hwc_composer_device_1*, int, int):: disp(0), blank(0)
I/hwcomposer( 4106): unblank ioctl failed (display already unblanked)
E/libEGL  ( 4106): eglSwapBuffers:1071 error 300d (EGL_BAD_SURFACE)
F/SurfaceFlinger( 4106): eglSwapBuffers(0x1, 0x0) failed with 0x0000300d
F/libc    ( 4106): Fatal signal 6 (SIGABRT), code -6 in tid 4106 (surfaceflinger)
I/DEBUG   ( 3589): property debug.db.uid not set; NOT waiting for gdb.
I/DEBUG   ( 3589): HINT: adb shell setprop debug.db.uid 100000
I/DEBUG   ( 3589): HINT: adb forward tcp:5039 tcp:5039
I/DEBUG   ( 3589): *** *** *** *** *** *** *** *** *** *** *** *** *** *** *** ***
I/DEBUG   ( 3589): Build fingerprint: 'samsung/cm_k3gxx/k3gxx:5.0.2/LRX22G/ca2fb2b51d:userdebug/test-keys'
I/DEBUG   ( 3589): Revision: '10'
I/DEBUG   ( 3589): ABI: 'arm'
I/DEBUG   ( 3589): pid: 4106, tid: 4106, name: surfaceflinger  >>> /system/bin/surfaceflinger <<<
I/DEBUG   ( 3589): signal 6 (SIGABRT), code -6 (SI_TKILL), fault addr --------
I/DEBUG   ( 3589): Abort message: 'eglSwapBuffers(0x1, 0x0) failed with 0x0000300d'
I/DEBUG   ( 3589):     r0 00000000  r1 0000100a  r2 00000006  r3 00000000
I/DEBUG   ( 3589):     r4 b6f30114  r5 00000006  r6 0000000b  r7 0000010c
I/DEBUG   ( 3589):     r8 00000000  r9 bed5cbd0  sl b6954210  fp bed5cbd0
I/DEBUG   ( 3589):     ip 0000100a  sp bed5c650  lr b6eba7b9  pc b6ede4e4  cpsr 600f0010
I/DEBUG   ( 3589): 
I/DEBUG   ( 3589): backtrace:
I/DEBUG   ( 3589):     #00 pc 000384e4  /system/lib/libc.so (tgkill+12)
I/DEBUG   ( 3589):     #01 pc 000147b5  /system/lib/libc.so (pthread_kill+52)
I/DEBUG   ( 3589):     #02 pc 0001550b  /system/lib/libc.so (raise+10)
I/DEBUG   ( 3589):     #03 pc 00011c35  /system/lib/libc.so (__libc_android_abort+36)
I/DEBUG   ( 3589):     #04 pc 0000fcb8  /system/lib/libc.so (abort+4)
I/DEBUG   ( 3589):     #05 pc 00007739  /system/lib/libcutils.so (__android_log_assert+88)
I/DEBUG   ( 3589):     #06 pc 0000f4df  /system/lib/libsurfaceflinger.so
I/DEBUG   ( 3589):     #07 pc 0001b9fd  /system/lib/libsurfaceflinger.so
I/DEBUG   ( 3589):     #08 pc 0001abe7  /system/lib/libsurfaceflinger.so
I/DEBUG   ( 3589):     #09 pc 00019fc3  /system/lib/libsurfaceflinger.so
I/DEBUG   ( 3589):     #10 pc 00019d49  /system/lib/libsurfaceflinger.so
I/DEBUG   ( 3589):     #11 pc 00010ed3  /system/lib/libutils.so (android::Looper::pollInner(int)+410)
I/DEBUG   ( 3589):     #12 pc 00010fc5  /system/lib/libutils.so (android::Looper::pollOnce(int, int*, int*, void**)+92)
I/DEBUG   ( 3589):     #13 pc 000174c5  /system/lib/libsurfaceflinger.so
I/DEBUG   ( 3589):     #14 pc 0001993d  /system/lib/libsurfaceflinger.so (android::SurfaceFlinger::run()+8)
I/DEBUG   ( 3589):     #15 pc 0000083d  /system/bin/surfaceflinger
I/DEBUG   ( 3589):     #16 pc 0000fb75  /system/lib/libc.so (__libc_init+44)
I/DEBUG   ( 3589):     #17 pc 000008d8  /system/bin/surfaceflinger
W/auditd  ( 3586): type=1325 audit(0.0:434): table=raw family=10 entries=8
W/ip6tables( 4251): type=1300 audit(0.0:434): arch=40000028 syscall=294 per=800000 success=yes exit=0 a0=4 a1=29 a2=40 a3=b6c32800 items=0 ppid=4103 auid=4294967295 uid=0 gid=0 euid=0 suid=0 fsuid=0 egid=0 sgid=0 fsgid=0 ses=4294967295 tty=(none) exe="/system/bin/ip6tables" subj=u:r:netd:s0 key=(null)
W/auditd  ( 3586): type=1320 audit(0.0:434): 
W/auditd  ( 3586): type=1325 audit(0.0:435): table=raw family=2 entries=8
W/iptables( 4252): type=1300 audit(0.0:435): arch=40000028 syscall=294 per=800000 success=yes exit=0 a0=4 a1=0 a2=40 a3=b6c30100 items=0 ppid=4103 auid=4294967295 uid=0 gid=0 euid=0 suid=0 fsuid=0 egid=0 sgid=0 fsgid=0 ses=4294967295 tty=(none) exe="/system/bin/iptables" subj=u:r:netd:s0 key=(null)
W/auditd  ( 3586): type=1320 audit(0.0:435): 
W/auditd  ( 3586): type=1325 audit(0.0:436): table=raw family=10 entries=8
W/ip6tables( 4253): type=1300 audit(0.0:436): arch=40000028 syscall=294 per=800000 success=yes exit=0 a0=4 a1=29 a2=40 a3=b6c32400 items=0 ppid=4103 auid=4294967295 uid=0 gid=0 euid=0 suid=0 fsuid=0 egid=0 sgid=0 fsgid=0 ses=4294967295 tty=(none) exe="/system/bin/ip6tables" subj=u:r:netd:s0 key=(null)
W/auditd  ( 3586): type=1320 audit(0.0:436): 
W/auditd  ( 3586): type=1325 audit(0.0:437): table=raw family=2 entries=6
W/iptables( 4254): type=1300 audit(0.0:437): arch=40000028 syscall=294 per=800000 success=yes exit=0 a0=4 a1=0 a2=40 a3=b6c20400 items=0 ppid=4103 auid=4294967295 uid=0 gid=0 euid=0 suid=0 fsuid=0 egid=0 sgid=0 fsgid=0 ses=4294967295 tty=(none) exe="/system/bin/iptables" subj=u:r:netd:s0 key=(null)
W/auditd  ( 3586): type=1320 audit(0.0:437): 
W/auditd  ( 3586): type=1325 audit(0.0:438): table=raw family=10 entries=6
W/ip6tables( 4255): type=1300 audit(0.0:438): arch=40000028 syscall=294 per=800000 success=yes exit=0 a0=4 a1=29 a2=40 a3=b6c31800 items=0 ppid=4103 auid=4294967295 uid=0 gid=0 euid=0 suid=0 fsuid=0 egid=0 sgid=0 fsgid=0 ses=4294967295 tty=(none) exe="/system/bin/ip6tables" subj=u:r:netd:s0 key=(null)
W/auditd  ( 3586): type=1320 audit(0.0:438): 
W/auditd  ( 3586): type=1325 audit(0.0:439): table=raw family=2 entries=8
W/iptables( 4256): type=1300 audit(0.0:439): arch=40000028 syscall=294 per=800000 success=yes exit=0 a0=4 a1=0 a2=40 a3=b6c1ba00 items=0 ppid=4103 auid=4294967295 uid=0 gid=0 euid=0 suid=0 fsuid=0 egid=0 sgid=0 fsgid=0 ses=4294967295 tty=(none) exe="/system/bin/iptables" subj=u:r:netd:s0 key=(null)
W/auditd  ( 3586): type=1320 audit(0.0:439): 
W/auditd  ( 3586): type=1325 audit(0.0:440): table=raw family=10 entries=8
W/ip6tables( 4257): type=1300 audit(0.0:440): arch=40000028 syscall=294 per=800000 success=yes exit=0 a0=4 a1=29 a2=40 a3=b6c37800 items=0 ppid=4103 auid=4294967295 uid=0 gid=0 euid=0 suid=0 fsuid=0 egid=0 sgid=0 fsgid=0 ses=4294967295 tty=(none) exe="/system/bin/ip6tables" subj=u:r:netd:s0 key=(null)
I/ServiceManager( 4107): Waiting for service batterystats...
I/DEBUG   ( 3589): 
I/DEBUG   ( 3589): Tombstone written to: /data/tombstones/tombstone_06
V/NatController( 4103): runCmd(/system/bin/iptables -F natctrl_FORWARD) res=0
V/NatController( 4103): runCmd(/system/bin/iptables -A natctrl_FORWARD -j DROP) res=0
V/NatController( 4103): runCmd(/system/bin/iptables -t nat -F natctrl_nat_POSTROUTING) res=0
V/NatController( 4103): runCmd(/system/bin/iptables -F natctrl_tether_counters) res=0
V/NatController( 4103): runCmd(/system/bin/iptables -X natctrl_tether_counters) res=0
I/ServiceManager( 3575): service 'SurfaceFlinger' died
I/ServiceManager( 3575): service 'Exynos.HWCService' died
I/ServiceManager( 3575): service 'media.wifi_display' died
V/NatController( 4103): runCmd(/system/bin/iptables -N natctrl_tether_counters) res=0
I/ServiceManager( 3575): service 'media.audio_flinger' died
W/init    ( 4309): type=1400 audit(0.0:483): avc: denied { entrypoint } for path="/system/bin/auditd" dev="mmcblk0p18" ino=173 scontext=u:r:logd:s0 tcontext=u:object_r:system_file:s0 tclass=file
W/init    ( 4309): type=1300 audit(0.0:483): arch=40000028 syscall=11 per=800000 success=no exit=-13 a0=b6c80954 a1=b6c69530 a2=57e64 a3=ff0000 items=1 ppid=1 auid=4294967295 uid=0 gid=0 euid=0 suid=0 fsuid=0 egid=0 sgid=0 fsgid=0 ses=4294967295 tty=(none) exe="/init" subj=u:r:init:s0 key=(null)
W/auditd  ( 3586): type=1307 audit(0.0:483): cwd="/"
W/auditd  ( 3586): type=1302 audit(0.0:483): item=0 name="/system/bin/auditd" inode=173 dev=103:0a mode=0100755 ouid=0 ogid=2000 rdev=00:00 obj=u:object_r:system_file:s0
W/auditd  ( 3586): type=1320 audit(0.0:483): 
I/Netd    ( 4310): Netd 1.0 starting
E/Netd    ( 4310): Failed to open /proc/sys/net/ipv6/conf/default/accept_ra_rt_table: No such file or directory
E/Netd    ( 4310): Failed to open /proc/sys/net/ipv6/conf/ip6tnl0/accept_ra_rt_table: No such file or directory
E/Netd    ( 4310): Failed to open /proc/sys/net/ipv6/conf/lo/accept_ra_rt_table: No such file or directory
E/Netd    ( 4310): Failed to open /proc/sys/net/ipv6/conf/rmnet0/accept_ra_rt_table: No such file or directory
E/Netd    ( 4310): Failed to open /proc/sys/net/ipv6/conf/rmnet1/accept_ra_rt_table: No such file or directory
E/Netd    ( 4310): Failed to open /proc/sys/net/ipv6/conf/rmnet2/accept_ra_rt_table: No such file or directory
E/Netd    ( 4310): Failed to open /proc/sys/net/ipv6/conf/rmnet3/accept_ra_rt_table: No such file or directory
E/Netd    ( 4310): Failed to open /proc/sys/net/ipv6/conf/sit0/accept_ra_rt_table: No such file or directory
I/SurfaceFlinger( 4311): SurfaceFlinger is starting
I/SurfaceFlinger( 4311): SurfaceFlinger's main thread ready to run. Initializing graphics H/W...
W/auditd  ( 3586): type=1325 audit(0.0:484): table=filter family=2 entries=40
W/iptables( 4315): type=1300 audit(0.0:484): arch=40000028 syscall=294 per=800000 success=yes exit=0 a0=4 a1=0 a2=40 a3=b6c25000 items=0 ppid=4310 auid=4294967295 uid=0 gid=0 euid=0 suid=0 fsuid=0 egid=0 sgid=0 fsgid=0 ses=4294967295 tty=(none) exe="/system/bin/iptables" subj=u:r:netd:s0 key=(null)
W/auditd  ( 3586): type=1320 audit(0.0:484): 
W/auditd  ( 3586): type=1325 audit(0.0:485): table=filter family=10 entries=37
W/ip6tables( 4318): type=1300 audit(0.0:485): arch=40000028 syscall=294 per=800000 success=yes exit=0 a0=4 a1=29 a2=40 a3=b6c28000 items=0 ppid=4310 auid=4294967295 uid=0 gid=0 euid=0 suid=0 fsuid=0 egid=0 sgid=0 fsgid=0 ses=4294967295 tty=(none) exe="/system/bin/ip6tables" subj=u:r:netd:s0 key=(null)
W/auditd  ( 3586): type=1320 audit(0.0:485): 
W/auditd  ( 3586): type=1325 audit(0.0:486): table=filter family=2 entries=39
W/iptables( 4320): type=1300 audit(0.0:486): arch=40000028 syscall=294 per=800000 success=yes exit=0 a0=4 a1=0 a2=40 a3=b6c22000 items=0 ppid=4310 auid=4294967295 uid=0 gid=0 euid=0 suid=0 fsuid=0 egid=0 sgid=0 fsgid=0 ses=4294967295 tty=(none) exe="/system/bin/iptables" subj=u:r:netd:s0 key=(null)
W/auditd  ( 3586): type=1320 audit(0.0:486): 
W/auditd  ( 3586): type=1325 audit(0.0:487): table=filter family=10 entries=36
W/ip6tables( 4321): type=1300 audit(0.0:487): arch=40000028 syscall=294 per=800000 success=yes exit=0 a0=4 a1=29 a2=40 a3=b6c23000 items=0 ppid=4310 auid=4294967295 uid=0 gid=0 euid=0 suid=0 fsuid=0 egid=0 sgid=0 fsgid=0 ses=4294967295 tty=(none) exe="/system/bin/ip6tables" subj=u:r:netd:s0 key=(null)
W/auditd  ( 3586): type=1320 audit(0.0:487): 
D/libEGL  ( 4311): loaded /vendor/lib/egl/libGLES_mali.so
W/auditd  ( 3586): type=1325 audit(0.0:488): table=filter family=2 entries=39
W/iptables( 4322): type=1300 audit(0.0:488): arch=40000028 syscall=294 per=800000 success=yes exit=0 a0=4 a1=0 a2=40 a3=b6c22000 items=0 ppid=4310 auid=4294967295 uid=0 gid=0 euid=0 suid=0 fsuid=0 egid=0 sgid=0 fsgid=0 ses=4294967295 tty=(none) exe="/system/bin/iptables" subj=u:r:netd:s0 key=(null)
W/auditd  ( 3586): type=1320 audit(0.0:488): 
I/        ( 4311): PLATFORM VERSION : JB-MR-2
I/mediaserver( 4312): ServiceManager: 0xb60500c0
I/AudioFlinger( 4312): Using default 3000 mSec as standby time.
I/ServiceManager( 4312): Waiting for service batterystats...
I/gralloc ( 4311): using (fd=12)
I/gralloc ( 4311): id           = 
I/gralloc ( 4311): xres         = 1080 px
I/gralloc ( 4311): yres         = 1920 px
I/gralloc ( 4311): xres_virtual = 1080 px
I/gralloc ( 4311): yres_virtual = 3840 px
I/gralloc ( 4311): bpp          = 32
I/gralloc ( 4311): r            = 16:8
I/gralloc ( 4311): g            =  8:8
I/gralloc ( 4311): b            =  0:8
I/gralloc ( 4311): width        = 65 mm (422.030762 dpi)
I/gralloc ( 4311): height       = 115 mm (424.069580 dpi)
I/gralloc ( 4311): refresh rate = 60.00 Hz
D/AndroidRuntime( 4314): 
D/AndroidRuntime( 4314): >>>>>> AndroidRuntime START com.android.internal.os.ZygoteInit <<<<<<
D/AndroidRuntime( 4314): CheckJNI is OFF
I/art     ( 4314): option[0]=-Xzygote
I/art     ( 4314): option[1]=-Xstacktracefile:/data/anr/traces.txt
I/art     ( 4314): option[2]=exit
I/art     ( 4314): option[3]=vfprintf
I/art     ( 4314): option[4]=sensitiveThread
I/art     ( 4314): option[5]=-verbose:gc
I/art     ( 4314): option[6]=-Xms8m
I/art     ( 4314): option[7]=-Xmx512m
I/art     ( 4314): option[8]=-XX:mainThreadStackSize=24K
I/art     ( 4314): option[9]=-XX:HeapGrowthLimit=128m
I/art     ( 4314): option[10]=-XX:HeapMinFree=2m
I/art     ( 4314): option[11]=-XX:HeapMaxFree=8m
I/art     ( 4314): option[12]=-XX:HeapTargetUtilization=0.75
I/art     ( 4314): option[13]=-agentlib:jdwp=transport=dt_android_adb,suspend=n,server=y
I/art     ( 4314): option[14]=-Xlockprofthreshold:500
I/art     ( 4314): option[15]=-Ximage-compiler-option
I/art     ( 4314): option[16]=--runtime-arg
I/art     ( 4314): option[17]=-Ximage-compiler-option
I/art     ( 4314): option[18]=-Xms64m
I/art     ( 4314): option[19]=-Ximage-compiler-option
I/art     ( 4314): option[20]=--runtime-arg
I/art     ( 4314): option[21]=-Ximage-compiler-option
I/art     ( 4314): option[22]=-Xmx64m
I/art     ( 4314): option[23]=-Ximage-compiler-option
I/art     ( 4314): option[24]=--image-classes-zip=/system/framework/framework.jar
I/art     ( 4314): option[25]=-Ximage-compiler-option
I/art     ( 4314): option[26]=--image-classes=preloaded-classes
I/art     ( 4314): option[27]=-Xcompiler-option
I/art     ( 4314): option[28]=--runtime-arg
I/art     ( 4314): option[29]=-Xcompiler-option
I/art     ( 4314): option[30]=-Xms64m
I/art     ( 4314): option[31]=-Xcompiler-option
I/art     ( 4314): option[32]=--runtime-arg
I/art     ( 4314): option[33]=-Xcompiler-option
I/art     ( 4314): option[34]=-Xmx512m
I/art     ( 4314): option[35]=-Duser.language=es
I/art     ( 4314): option[36]=-Duser.region=US
I/art     ( 4314): Pruning dalvik-cache since we are generating an image and will need to recompile
W/art     ( 4314): Unexpected file type of 
W/art     ( 4314):  encountered.
I/art     ( 4314): Using an offset of 0xdac000 from default art base address of 0x70000000
I/art     ( 4314): GenerateImage: /system/bin/dex2oat --image=/data/dalvik-cache/arm/system@framework@boot.art --dex-file=/system/framework/core-libart.jar --dex-file=/system/framework/conscrypt.jar --dex-file=/system/framework/okhttp.jar --dex-file=/system/framework/core-junit.jar --dex-file=/system/framework/bouncycastle.jar --dex-file=/system/framework/ext.jar --dex-file=/system/framework/framework.jar --dex-file=/system/framework/telephony-common.jar --dex-file=/system/framework/voip-common.jar --dex-file=/system/framework/ims-common.jar --dex-file=/system/framework/mms-common.jar --dex-file=/system/framework/android.policy.jar --dex-file=/system/framework/apache-xml.jar --oat-file=/data/dalvik-cache/arm/system@framework@boot.oat --instruction-set=arm --instruction-set-features=div --base=0x70dac000 --runtime-arg -Xms64m --runtime-arg -Xmx64m --image-classes-zip=/system/framework/framework.jar --image-classes=preloaded-classes
W/art     ( 4314): Unexpected file type of 
W/art     ( 4314):  encountered.
W/art     ( 4314): Could not create image space with image file '/system/framework/boot.art'. Attempting to fall back to imageless running. Error was: Failed to generate image '/data/dalvik-cache/arm/system@framework@boot.art': Failed execv(/system/bin/dex2oat --image=/data/dalvik-cache/arm/system@framework@boot.art --dex-file=/system/framework/core-libart.jar --dex-file=/system/framework/conscrypt.jar --dex-file=/system/framework/okhttp.jar --dex-file=/system/framework/core-junit.jar --dex-file=/system/framework/bouncycastle.jar --dex-file=/system/framework/ext.jar --dex-file=/system/framework/framework.jar --dex-file=/system/framework/telephony-common.jar --dex-file=/system/framework/voip-common.jar --dex-file=/system/framework/ims-common.jar --dex-file=/system/framework/mms-common.jar --dex-file=/system/framework/android.policy.jar --dex-file=/system/framework/apache-xml.jar --oat-file=/data/dalvik-cache/arm/system@framework@boot.oat --instruction-set=arm --instruction-set-features=div --base=0x70dac000 --runtime-arg -Xms64
D/hwcomposer( 4311): using
D/hwcomposer( 4311): xres         = 1080 px
D/hwcomposer( 4311): yres         = 1920 px
D/hwcomposer( 4311): width        = 65 mm (422.030000 dpi)
D/hwcomposer( 4311): height       = 115 mm (424.069000 dpi)
D/hwcomposer( 4311): refresh rate = 60 Hz
D/libexynosv4l2-subdev( 4311): try node: /dev/v4l-subdev0
D/libexynosv4l2-subdev( 4311): try node: /dev/v4l-subdev1
D/libexynosv4l2-subdev( 4311): try node: /dev/v4l-subdev2
I/libexynosv4l2-subdev( 4311): node found for device s5p-mixer0: /dev/v4l-subdev2
I/libexynosv4l2-subdev( 4311): open subdev device /dev/v4l-subdev2
I/hwcomposer( 4311): PSR info devname = /sys/devices/14400000.fimd_fb/psr_info
I/hwcomposer( 4311): PSR mode is 2(0: video mode, 1: DP PSR mode, 2: MIPI-DSI command mode)
I/SurfaceFlinger( 4311): Using composer version 1.3
I/SurfaceFlinger( 4311): EGL information:
I/SurfaceFlinger( 4311): vendor    : Android
I/SurfaceFlinger( 4311): version   : 1.4 Android META-EGL
I/SurfaceFlinger( 4311): extensions: EGL_KHR_get_all_proc_addresses EGL_ANDROID_presentation_time EGL_KHR_image EGL_KHR_image_base EGL_KHR_gl_texture_2D_image EGL_KHR_gl_texture_cubemap_image EGL_KHR_gl_renderbuffer_image EGL_KHR_fence_sync EGL_KHR_create_context EGL_ANDROID_image_native_buffer EGL_KHR_wait_sync EGL_ANDROID_recordable 
I/SurfaceFlinger( 4311): Client API: OpenGL_ES
I/SurfaceFlinger( 4311): EGLSurface: 8-8-8-8, config=0xb6acf2ac
I/SurfaceFlinger( 4311): OpenGL ES informations:
I/SurfaceFlinger( 4311): vendor    : ARM
I/SurfaceFlinger( 4311): renderer  : Mali-T628
I/SurfaceFlinger( 4311): version   : OpenGL ES 3.0
I/SurfaceFlinger( 4311): extensions: GL_EXT_debug_marker GL_ARM_rgba8 GL_ARM_mali_shader_binary GL_OES_depth24 GL_OES_depth_texture GL_OES_depth_texture_cube_map GL_OES_packed_depth_stencil GL_OES_rgb8_rgba8 GL_EXT_read_format_bgra GL_OES_compressed_paletted_texture GL_OES_compressed_ETC1_RGB8_texture GL_OES_standard_derivatives GL_OES_EGL_image GL_OES_EGL_image_external GL_OES_EGL_sync GL_OES_texture_npot GL_OES_vertex_half_float GL_OES_required_internalformat GL_OES_vertex_array_object GL_OES_mapbuffer GL_EXT_texture_format_BGRA8888 GL_EXT_texture_rg GL_EXT_texture_type_2_10_10_10_REV GL_OES_fbo_render_mipmap GL_OES_element_index_uint GL_EXT_shadow_samplers GL_OES_texture_compression_astc GL_KHR_texture_compression_astc_ldr GL_KHR_texture_compression_astc_hdr GL_KHR_debug GL_EXT_occlusion_query_boolean GL_EXT_blend_minmax GL_EXT_discard_framebuffer GL_OES_get_program_binary GL_OES_texture_3D GL_EXT_texture_storage GL_EXT_multisampled_render_to_texture GL_OES_surfaceless_context GL_ARM_mali_program_binary 
I/SurfaceFlinger( 4311): GL_MAX_TEXTURE_SIZE = 8192
I/SurfaceFlinger( 4311): GL_MAX_VIEWPORT_DIMS = 8192
E/libEGL  ( 4311): eglQuerySurface:607 error 300d (EGL_BAD_SURFACE)
E/libEGL  ( 4311): eglQuerySurface:607 error 300d (EGL_BAD_SURFACE)
E/libEGL  ( 4311): call to OpenGL ES API with no current context (logged once per thread)
D/SurfaceFlinger( 4311): Set power mode=2, type=0 flinger=0xb6a62000
I/hwcomposer( 4311): int exynos5_blank(hwc_composer_device_1*, int, int):: disp(0), blank(0)
I/hwcomposer( 4311): unblank ioctl failed (display already unblanked)
E/libEGL  ( 4311): eglSwapBuffers:1071 error 300d (EGL_BAD_SURFACE)
F/SurfaceFlinger( 4311): eglSwapBuffers(0x1, 0x0) failed with 0x0000300d
F/libc    ( 4311): Fatal signal 6 (SIGABRT), code -6 in tid 4311 (surfaceflinger)
I/DEBUG   ( 3589): property debug.db.uid not set; NOT waiting for gdb.
I/DEBUG   ( 3589): HINT: adb shell setprop debug.db.uid 100000
I/DEBUG   ( 3589): HINT: adb forward tcp:5039 tcp:5039
I/DEBUG   ( 3589): *** *** *** *** *** *** *** *** *** *** *** *** *** *** *** ***
I/DEBUG   ( 3589): Build fingerprint: 'samsung/cm_k3gxx/k3gxx:5.0.2/LRX22G/ca2fb2b51d:userdebug/test-keys'
I/DEBUG   ( 3589): Revision: '10'
I/DEBUG   ( 3589): ABI: 'arm'
I/DEBUG   ( 3589): pid: 4311, tid: 4311, name: surfaceflinger  >>> /system/bin/surfaceflinger <<<
I/DEBUG   ( 3589): signal 6 (SIGABRT), code -6 (SI_TKILL), fault addr --------
I/DEBUG   ( 3589): Abort message: 'eglSwapBuffers(0x1, 0x0) failed with 0x0000300d'
I/DEBUG   ( 3589):     r0 00000000  r1 000010d7  r2 00000006  r3 00000000
I/DEBUG   ( 3589):     r4 b6f81114  r5 00000006  r6 0000000b  r7 0000010c
I/DEBUG   ( 3589):     r8 00000000  r9 beae4bd0  sl b6a54210  fp beae4bd0
I/DEBUG   ( 3589):     ip 000010d7  sp beae4650  lr b6f0b7b9  pc b6f2f4e4  cpsr 600f0010
I/DEBUG   ( 3589): 
I/DEBUG   ( 3589): backtrace:
I/DEBUG   ( 3589):     #00 pc 000384e4  /system/lib/libc.so (tgkill+12)
I/DEBUG   ( 3589):     #01 pc 000147b5  /system/lib/libc.so (pthread_kill+52)
I/DEBUG   ( 3589):     #02 pc 0001550b  /system/lib/libc.so (raise+10)
I/DEBUG   ( 3589):     #03 pc 00011c35  /system/lib/libc.so (__libc_android_abort+36)
I/DEBUG   ( 3589):     #04 pc 0000fcb8  /system/lib/libc.so (abort+4)
I/DEBUG   ( 3589):     #05 pc 00007739  /system/lib/libcutils.so (__android_log_assert+88)
I/DEBUG   ( 3589):     #06 pc 0000f4df  /system/lib/libsurfaceflinger.so
I/DEBUG   ( 3589):     #07 pc 0001b9fd  /system/lib/libsurfaceflinger.so
I/DEBUG   ( 3589):     #08 pc 0001abe7  /system/lib/libsurfaceflinger.so
I/DEBUG   ( 3589):     #09 pc 00019fc3  /system/lib/libsurfaceflinger.so
I/DEBUG   ( 3589):     #10 pc 00019d49  /system/lib/libsurfaceflinger.so
I/DEBUG   ( 3589):     #11 pc 00010ed3  /system/lib/libutils.so (android::Looper::pollInner(int)+410)
I/DEBUG   ( 3589):     #12 pc 00010fc5  /system/lib/libutils.so (android::Looper::pollOnce(int, int*, int*, void**)+92)
I/DEBUG   ( 3589):     #13 pc 000174c5  /system/lib/libsurfaceflinger.so
I/DEBUG   ( 3589):     #14 pc 0001993d  /system/lib/libsurfaceflinger.so (android::SurfaceFlinger::run()+8)
I/DEBUG   ( 3589):     #15 pc 0000083d  /system/bin/surfaceflinger
I/DEBUG   ( 3589):     #16 pc 0000fb75  /system/lib/libc.so (__libc_init+44)
I/DEBUG   ( 3589):     #17 pc 000008d8  /system/bin/surfaceflinger
W/auditd  ( 3586): type=1325 audit(0.0:589): table=raw family=2 entries=8
W/iptables( 4451): type=1300 audit(0.0:589): arch=40000028 syscall=294 per=800000 success=yes exit=0 a0=4 a1=0 a2=40 a3=b6c30100 items=0 ppid=4310 auid=4294967295 uid=0 gid=0 euid=0 suid=0 fsuid=0 egid=0 sgid=0 fsgid=0 ses=4294967295 tty=(none) exe="/system/bin/iptables" subj=u:r:netd:s0 key=(null)
W/auditd  ( 3586): type=1320 audit(0.0:589): 
W/auditd  ( 3586): type=1325 audit(0.0:590): table=raw family=10 entries=8
W/ip6tables( 4452): type=1300 audit(0.0:590): arch=40000028 syscall=294 per=800000 success=yes exit=0 a0=4 a1=29 a2=40 a3=b6c32400 items=0 ppid=4310 auid=4294967295 uid=0 gid=0 euid=0 suid=0 fsuid=0 egid=0 sgid=0 fsgid=0 ses=4294967295 tty=(none) exe="/system/bin/ip6tables" subj=u:r:netd:s0 key=(null)
W/auditd  ( 3586): type=1320 audit(0.0:590): 
W/auditd  ( 3586): type=1325 audit(0.0:591): table=raw family=2 entries=6
W/iptables( 4453): type=1300 audit(0.0:591): arch=40000028 syscall=294 per=800000 success=yes exit=0 a0=4 a1=0 a2=40 a3=b6c20400 items=0 ppid=4310 auid=4294967295 uid=0 gid=0 euid=0 suid=0 fsuid=0 egid=0 sgid=0 fsgid=0 ses=4294967295 tty=(none) exe="/system/bin/iptables" subj=u:r:netd:s0 key=(null)
W/auditd  ( 3586): type=1320 audit(0.0:591): 
W/auditd  ( 3586): type=1325 audit(0.0:592): table=raw family=10 entries=6
W/ip6tables( 4454): type=1300 audit(0.0:592): arch=40000028 syscall=294 per=800000 success=yes exit=0 a0=4 a1=29 a2=40 a3=b6c31800 items=0 ppid=4310 auid=4294967295 uid=0 gid=0 euid=0 suid=0 fsuid=0 egid=0 sgid=0 fsgid=0 ses=4294967295 tty=(none) exe="/system/bin/ip6tables" subj=u:r:netd:s0 key=(null)
W/auditd  ( 3586): type=1320 audit(0.0:592): 
W/auditd  ( 3586): type=1325 audit(0.0:593): table=raw family=2 entries=8
W/iptables( 4455): type=1300 audit(0.0:593): arch=40000028 syscall=294 per=800000 success=yes exit=0 a0=4 a1=0 a2=40 a3=b6c1ba00 items=0 ppid=4310 auid=4294967295 uid=0 gid=0 euid=0 suid=0 fsuid=0 egid=0 sgid=0 fsgid=0 ses=4294967295 tty=(none) exe="/system/bin/iptables" subj=u:r:netd:s0 key=(null)
W/auditd  ( 3586): type=1320 audit(0.0:593): 
W/auditd  ( 3586): type=1325 audit(0.0:594): table=raw family=10 entries=8
W/ip6tables( 4456): type=1300 audit(0.0:594): arch=40000028 syscall=294 per=800000 success=yes exit=0 a0=4 a1=29 a2=40 a3=b6c37800 items=0 ppid=4310 auid=4294967295 uid=0 gid=0 euid=0 suid=0 fsuid=0 egid=0 sgid=0 fsgid=0 ses=4294967295 tty=(none) exe="/system/bin/ip6tables" subj=u:r:netd:s0 key=(null)
W/auditd  ( 3586): type=1320 audit(0.0:594): 
W/auditd  ( 3586): type=1325 audit(0.0:595): table=mangle family=2 entries=15
W/iptables( 4457): type=1300 audit(0.0:595): arch=40000028 syscall=294 per=800000 success=yes exit=0 a0=4 a1=0 a2=40 a3=b6c1c200 items=0 ppid=4310 auid=4294967295 uid=0 gid=0 euid=0 suid=0 fsuid=0 egid=0 sgid=0 fsgid=0 ses=4294967295 tty=(none) exe="/system/bin/iptables" subj=u:r:netd:s0 key=(null)
I/ServiceManager( 4312): Waiting for service batterystats...
V/NatController( 4310): runCmd(/system/bin/iptables -F natctrl_FORWARD) res=0
I/DEBUG   ( 3589): 
I/DEBUG   ( 3589): Tombstone written to: /data/tombstones/tombstone_07
V/NatController( 4310): runCmd(/system/bin/iptables -A natctrl_FORWARD -j DROP) res=0
V/NatController( 4310): runCmd(/system/bin/iptables -t nat -F natctrl_nat_POSTROUTING) res=0
V/NatController( 4310): runCmd(/system/bin/iptables -F natctrl_tether_counters) res=0
V/NatController( 4310): runCmd(/system/bin/iptables -X natctrl_tether_counters) res=0
I/ServiceManager( 3575): service 'SurfaceFlinger' died
I/ServiceManager( 3575): service 'Exynos.HWCService' died
I/ServiceManager( 3575): service 'media.wifi_display' died
V/NatController( 4310): runCmd(/system/bin/iptables -N natctrl_tether_counters) res=0
V/NatController( 4310): runCmd(/system/bin/iptables -t mangle -A natctrl_mangle_FORWARD -p tcp --tcp-flags SYN SYN -j TCPMSS --clamp-mss-to-pmtu) res=0
I/ServiceManager( 3575): service 'media.audio_flinger' died
W/init    ( 4503): type=1400 audit(0.0:638): avc: denied { entrypoint } for path="/system/bin/auditd" dev="mmcblk0p18" ino=173 scontext=u:r:logd:s0 tcontext=u:object_r:system_file:s0 tclass=file
W/init    ( 4503): type=1300 audit(0.0:638): arch=40000028 syscall=11 per=800000 success=no exit=-13 a0=b6c80954 a1=b6c69530 a2=57e64 a3=ff0000 items=1 ppid=1 auid=4294967295 uid=0 gid=0 euid=0 suid=0 fsuid=0 egid=0 sgid=0 fsgid=0 ses=4294967295 tty=(none) exe="/init" subj=u:r:init:s0 key=(null)
W/auditd  ( 3586): type=1307 audit(0.0:638): cwd="/"
W/auditd  ( 3586): type=1302 audit(0.0:638): item=0 name="/system/bin/auditd" inode=173 dev=103:0a mode=0100755 ouid=0 ogid=2000 rdev=00:00 obj=u:object_r:system_file:s0
W/auditd  ( 3586): type=1320 audit(0.0:638): 
I/Netd    ( 4504): Netd 1.0 starting
E/Netd    ( 4504): Failed to open /proc/sys/net/ipv6/conf/default/accept_ra_rt_table: No such file or directory
E/Netd    ( 4504): Failed to open /proc/sys/net/ipv6/conf/ip6tnl0/accept_ra_rt_table: No such file or directory
E/Netd    ( 4504): Failed to open /proc/sys/net/ipv6/conf/lo/accept_ra_rt_table: No such file or directory
E/Netd    ( 4504): Failed to open /proc/sys/net/ipv6/conf/rmnet0/accept_ra_rt_table: No such file or directory
E/Netd    ( 4504): Failed to open /proc/sys/net/ipv6/conf/rmnet1/accept_ra_rt_table: No such file or directory
E/Netd    ( 4504): Failed to open /proc/sys/net/ipv6/conf/rmnet2/accept_ra_rt_table: No such file or directory
E/Netd    ( 4504): Failed to open /proc/sys/net/ipv6/conf/rmnet3/accept_ra_rt_table: No such file or directory
E/Netd    ( 4504): Failed to open /proc/sys/net/ipv6/conf/sit0/accept_ra_rt_table: No such file or directory
W/auditd  ( 3586): type=1325 audit(0.0:639): table=filter family=2 entries=40
W/iptables( 4507): type=1300 audit(0.0:639): arch=40000028 syscall=294 per=800000 success=yes exit=0 a0=4 a1=0 a2=40 a3=b6c25000 items=0 ppid=4504 auid=4294967295 uid=0 gid=0 euid=0 suid=0 fsuid=0 egid=0 sgid=0 fsgid=0 ses=4294967295 tty=(none) exe="/system/bin/iptables" subj=u:r:netd:s0 key=(null)
W/auditd  ( 3586): type=1320 audit(0.0:639): 
I/SurfaceFlinger( 4505): SurfaceFlinger is starting
I/SurfaceFlinger( 4505): SurfaceFlinger's main thread ready to run. Initializing graphics H/W...
W/auditd  ( 3586): type=1325 audit(0.0:640): table=filter family=10 entries=37
W/ip6tables( 4508): type=1300 audit(0.0:640): arch=40000028 syscall=294 per=800000 success=yes exit=0 a0=4 a1=29 a2=40 a3=b6c28000 items=0 ppid=4504 auid=4294967295 uid=0 gid=0 euid=0 suid=0 fsuid=0 egid=0 sgid=0 fsgid=0 ses=4294967295 tty=(none) exe="/system/bin/ip6tables" subj=u:r:netd:s0 key=(null)
W/auditd  ( 3586): type=1320 audit(0.0:640): 
W/auditd  ( 3586): type=1325 audit(0.0:641): table=filter family=2 entries=39
W/iptables( 4512): type=1300 audit(0.0:641): arch=40000028 syscall=294 per=800000 success=yes exit=0 a0=4 a1=0 a2=40 a3=b6c22000 items=0 ppid=4504 auid=4294967295 uid=0 gid=0 euid=0 suid=0 fsuid=0 egid=0 sgid=0 fsgid=0 ses=4294967295 tty=(none) exe="/system/bin/iptables" subj=u:r:netd:s0 key=(null)
W/auditd  ( 3586): type=1320 audit(0.0:641): 
W/auditd  ( 3586): type=1325 audit(0.0:642): table=filter family=10 entries=36
W/ip6tables( 4513): type=1300 audit(0.0:642): arch=40000028 syscall=294 per=800000 success=yes exit=0 a0=4 a1=29 a2=40 a3=b6c23000 items=0 ppid=4504 auid=4294967295 uid=0 gid=0 euid=0 suid=0 fsuid=0 egid=0 sgid=0 fsgid=0 ses=4294967295 tty=(none) exe="/system/bin/ip6tables" subj=u:r:netd:s0 key=(null)
W/auditd  ( 3586): type=1320 audit(0.0:642): 
D/libEGL  ( 4505): loaded /vendor/lib/egl/libGLES_mali.so
W/auditd  ( 3586): type=1325 audit(0.0:643): table=filter family=2 entries=39
W/iptables( 4514): type=1300 audit(0.0:643): arch=40000028 syscall=294 per=800000 success=yes exit=0 a0=4 a1=0 a2=40 a3=b6c22000 items=0 ppid=4504 auid=4294967295 uid=0 gid=0 euid=0 suid=0 fsuid=0 egid=0 sgid=0 fsgid=0 ses=4294967295 tty=(none) exe="/system/bin/iptables" subj=u:r:netd:s0 key=(null)
W/auditd  ( 3586): type=1320 audit(0.0:643): 
I/        ( 4505): PLATFORM VERSION : JB-MR-2
I/gralloc ( 4505): using (fd=12)
I/gralloc ( 4505): id           = 
I/gralloc ( 4505): xres         = 1080 px
I/gralloc ( 4505): yres         = 1920 px
I/gralloc ( 4505): xres_virtual = 1080 px
I/gralloc ( 4505): yres_virtual = 3840 px
I/gralloc ( 4505): bpp          = 32
I/gralloc ( 4505): r            = 16:8
I/gralloc ( 4505): g            =  8:8
I/gralloc ( 4505): b            =  0:8
I/gralloc ( 4505): width        = 65 mm (422.030762 dpi)
I/gralloc ( 4505): height       = 115 mm (424.069580 dpi)
I/gralloc ( 4505): refresh rate = 60.00 Hz
I/mediaserver( 4506): ServiceManager: 0xb60500c0
I/AudioFlinger( 4506): Using default 3000 mSec as standby time.
I/ServiceManager( 4506): Waiting for service batterystats...
D/hwcomposer( 4505): using
D/hwcomposer( 4505): xres         = 1080 px
D/hwcomposer( 4505): yres         = 1920 px
D/hwcomposer( 4505): width        = 65 mm (422.030000 dpi)
D/hwcomposer( 4505): height       = 115 mm (424.069000 dpi)
D/hwcomposer( 4505): refresh rate = 60 Hz
D/libexynosv4l2-subdev( 4505): try node: /dev/v4l-subdev0
D/libexynosv4l2-subdev( 4505): try node: /dev/v4l-subdev1
D/libexynosv4l2-subdev( 4505): try node: /dev/v4l-subdev2
I/libexynosv4l2-subdev( 4505): node found for device s5p-mixer0: /dev/v4l-subdev2
I/libexynosv4l2-subdev( 4505): open subdev device /dev/v4l-subdev2
I/hwcomposer( 4505): PSR info devname = /sys/devices/14400000.fimd_fb/psr_info
I/hwcomposer( 4505): PSR mode is 2(0: video mode, 1: DP PSR mode, 2: MIPI-DSI command mode)
I/SurfaceFlinger( 4505): Using composer version 1.3
I/SurfaceFlinger( 4505): EGL information:
I/SurfaceFlinger( 4505): vendor    : Android
I/SurfaceFlinger( 4505): version   : 1.4 Android META-EGL
I/SurfaceFlinger( 4505): extensions: EGL_KHR_get_all_proc_addresses EGL_ANDROID_presentation_time EGL_KHR_image EGL_KHR_image_base EGL_KHR_gl_texture_2D_image EGL_KHR_gl_texture_cubemap_image EGL_KHR_gl_renderbuffer_image EGL_KHR_fence_sync EGL_KHR_create_context EGL_ANDROID_image_native_buffer EGL_KHR_wait_sync EGL_ANDROID_recordable 
I/SurfaceFlinger( 4505): Client API: OpenGL_ES
I/SurfaceFlinger( 4505): EGLSurface: 8-8-8-8, config=0xb6acf2ac
I/SurfaceFlinger( 4505): OpenGL ES informations:
I/SurfaceFlinger( 4505): vendor    : ARM
I/SurfaceFlinger( 4505): renderer  : Mali-T628
I/SurfaceFlinger( 4505): version   : OpenGL ES 3.0
I/SurfaceFlinger( 4505): extensions: GL_EXT_debug_marker GL_ARM_rgba8 GL_ARM_mali_shader_binary GL_OES_depth24 GL_OES_depth_texture GL_OES_depth_texture_cube_map GL_OES_packed_depth_stencil GL_OES_rgb8_rgba8 GL_EXT_read_format_bgra GL_OES_compressed_paletted_texture GL_OES_compressed_ETC1_RGB8_texture GL_OES_standard_derivatives GL_OES_EGL_image GL_OES_EGL_image_external GL_OES_EGL_sync GL_OES_texture_npot GL_OES_vertex_half_float GL_OES_required_internalformat GL_OES_vertex_array_object GL_OES_mapbuffer GL_EXT_texture_format_BGRA8888 GL_EXT_texture_rg GL_EXT_texture_type_2_10_10_10_REV GL_OES_fbo_render_mipmap GL_OES_element_index_uint GL_EXT_shadow_samplers GL_OES_texture_compression_astc GL_KHR_texture_compression_astc_ldr GL_KHR_texture_compression_astc_hdr GL_KHR_debug GL_EXT_occlusion_query_boolean GL_EXT_blend_minmax GL_EXT_discard_framebuffer GL_OES_get_program_binary GL_OES_texture_3D GL_EXT_texture_storage GL_EXT_multisampled_render_to_texture GL_OES_surfaceless_context GL_ARM_mali_program_binary 
I/SurfaceFlinger( 4505): GL_MAX_TEXTURE_SIZE = 8192
I/SurfaceFlinger( 4505): GL_MAX_VIEWPORT_DIMS = 8192
E/libEGL  ( 4505): eglQuerySurface:607 error 300d (EGL_BAD_SURFACE)
E/libEGL  ( 4505): eglQuerySurface:607 error 300d (EGL_BAD_SURFACE)
E/libEGL  ( 4505): call to OpenGL ES API with no current context (logged once per thread)
D/SurfaceFlinger( 4505): Set power mode=2, type=0 flinger=0xb6a62000
I/hwcomposer( 4505): int exynos5_blank(hwc_composer_device_1*, int, int):: disp(0), blank(0)
I/hwcomposer( 4505): unblank ioctl failed (display already unblanked)
E/libEGL  ( 4505): eglSwapBuffers:1071 error 300d (EGL_BAD_SURFACE)
F/SurfaceFlinger( 4505): eglSwapBuffers(0x1, 0x0) failed with 0x0000300d
F/libc    ( 4505): Fatal signal 6 (SIGABRT), code -6 in tid 4505 (surfaceflinger)
I/DEBUG   ( 3589): property debug.db.uid not set; NOT waiting for gdb.
I/DEBUG   ( 3589): HINT: adb shell setprop debug.db.uid 100000
I/DEBUG   ( 3589): HINT: adb forward tcp:5039 tcp:5039
I/DEBUG   ( 3589): *** *** *** *** *** *** *** *** *** *** *** *** *** *** *** ***
I/DEBUG   ( 3589): Build fingerprint: 'samsung/cm_k3gxx/k3gxx:5.0.2/LRX22G/ca2fb2b51d:userdebug/test-keys'
I/DEBUG   ( 3589): Revision: '10'
I/DEBUG   ( 3589): ABI: 'arm'
I/DEBUG   ( 3589): pid: 4505, tid: 4505, name: surfaceflinger  >>> /system/bin/surfaceflinger <<<
I/DEBUG   ( 3589): signal 6 (SIGABRT), code -6 (SI_TKILL), fault addr --------
I/DEBUG   ( 3589): Abort message: 'eglSwapBuffers(0x1, 0x0) failed with 0x0000300d'
I/DEBUG   ( 3589):     r0 00000000  r1 00001199  r2 00000006  r3 00000000
I/DEBUG   ( 3589):     r4 b6f5a114  r5 00000006  r6 0000000b  r7 0000010c
I/DEBUG   ( 3589):     r8 00000000  r9 becc5bd0  sl b6a54210  fp becc5bd0
I/DEBUG   ( 3589):     ip 00001199  sp becc5650  lr b6ee47b9  pc b6f084e4  cpsr 600f0010
I/DEBUG   ( 3589): 
I/DEBUG   ( 3589): backtrace:
I/DEBUG   ( 3589):     #00 pc 000384e4  /system/lib/libc.so (tgkill+12)
I/DEBUG   ( 3589):     #01 pc 000147b5  /system/lib/libc.so (pthread_kill+52)
I/DEBUG   ( 3589):     #02 pc 0001550b  /system/lib/libc.so (raise+10)
I/DEBUG   ( 3589):     #03 pc 00011c35  /system/lib/libc.so (__libc_android_abort+36)
I/DEBUG   ( 3589):     #04 pc 0000fcb8  /system/lib/libc.so (abort+4)
I/DEBUG   ( 3589):     #05 pc 00007739  /system/lib/libcutils.so (__android_log_assert+88)
I/DEBUG   ( 3589):     #06 pc 0000f4df  /system/lib/libsurfaceflinger.so
I/DEBUG   ( 3589):     #07 pc 0001b9fd  /system/lib/libsurfaceflinger.so
I/DEBUG   ( 3589):     #08 pc 0001abe7  /system/lib/libsurfaceflinger.so
I/DEBUG   ( 3589):     #09 pc 00019fc3  /system/lib/libsurfaceflinger.so
I/DEBUG   ( 3589):     #10 pc 00019d49  /system/lib/libsurfaceflinger.so
I/DEBUG   ( 3589):     #11 pc 00010ed3  /system/lib/libutils.so (android::Looper::pollInner(int)+410)
I/DEBUG   ( 3589):     #12 pc 00010fc5  /system/lib/libutils.so (android::Looper::pollOnce(int, int*, int*, void**)+92)
I/DEBUG   ( 3589):     #13 pc 000174c5  /system/lib/libsurfaceflinger.so
I/DEBUG   ( 3589):     #14 pc 0001993d  /system/lib/libsurfaceflinger.so (android::SurfaceFlinger::run()+8)
I/DEBUG   ( 3589):     #15 pc 0000083d  /system/bin/surfaceflinger
I/DEBUG   ( 3589):     #16 pc 0000fb75  /system/lib/libc.so (__libc_init+44)
I/DEBUG   ( 3589):     #17 pc 000008d8  /system/bin/surfaceflinger
W/auditd  ( 3586): type=1325 audit(0.0:761): table=mangle family=10 entries=12
W/ip6tables( 4659): type=1300 audit(0.0:761): arch=40000028 syscall=294 per=800000 success=yes exit=0 a0=4 a1=29 a2=40 a3=b6c47800 items=0 ppid=4504 auid=4294967295 uid=0 gid=0 euid=0 suid=0 fsuid=0 egid=0 sgid=0 fsgid=0 ses=4294967295 tty=(none) exe="/system/bin/ip6tables" subj=u:r:netd:s0 key=(null)
W/auditd  ( 3586): type=1320 audit(0.0:761): 
W/auditd  ( 3586): type=1325 audit(0.0:762): table=mangle family=2 entries=15
W/iptables( 4660): type=1300 audit(0.0:762): arch=40000028 syscall=294 per=800000 success=yes exit=0 a0=4 a1=0 a2=40 a3=b6c1c200 items=0 ppid=4504 auid=4294967295 uid=0 gid=0 euid=0 suid=0 fsuid=0 egid=0 sgid=0 fsgid=0 ses=4294967295 tty=(none) exe="/system/bin/iptables" subj=u:r:netd:s0 key=(null)
W/auditd  ( 3586): type=1320 audit(0.0:762): 
W/auditd  ( 3586): type=1325 audit(0.0:763): table=mangle family=10 entries=11
W/ip6tables( 4661): type=1300 audit(0.0:763): arch=40000028 syscall=294 per=800000 success=yes exit=0 a0=4 a1=29 a2=40 a3=b6c1c200 items=0 ppid=4504 auid=4294967295 uid=0 gid=0 euid=0 suid=0 fsuid=0 egid=0 sgid=0 fsgid=0 ses=4294967295 tty=(none) exe="/system/bin/ip6tables" subj=u:r:netd:s0 key=(null)
W/auditd  ( 3586): type=1320 audit(0.0:763): 
W/auditd  ( 3586): type=1325 audit(0.0:764): table=mangle family=2 entries=15
W/iptables( 4662): type=1300 audit(0.0:764): arch=40000028 syscall=294 per=800000 success=yes exit=0 a0=4 a1=0 a2=40 a3=b6c1c200 items=0 ppid=4504 auid=4294967295 uid=0 gid=0 euid=0 suid=0 fsuid=0 egid=0 sgid=0 fsgid=0 ses=4294967295 tty=(none) exe="/system/bin/iptables" subj=u:r:netd:s0 key=(null)
W/auditd  ( 3586): type=1320 audit(0.0:764): 
W/auditd  ( 3586): type=1325 audit(0.0:765): table=mangle family=10 entries=11
W/ip6tables( 4663): type=1300 audit(0.0:765): arch=40000028 syscall=294 per=800000 success=yes exit=0 a0=4 a1=29 a2=40 a3=b6c42800 items=0 ppid=4504 auid=4294967295 uid=0 gid=0 euid=0 suid=0 fsuid=0 egid=0 sgid=0 fsgid=0 ses=4294967295 tty=(none) exe="/system/bin/ip6tables" subj=u:r:netd:s0 key=(null)
W/auditd  ( 3586): type=1320 audit(0.0:765): 
W/auditd  ( 3586): type=1325 audit(0.0:766): table=mangle family=2 entries=13
W/iptables( 4664): type=1300 audit(0.0:766): arch=40000028 syscall=294 per=800000 success=yes exit=0 a0=4 a1=0 a2=40 a3=b6c1c200 items=0 ppid=4504 auid=4294967295 uid=0 gid=0 euid=0 suid=0 fsuid=0 egid=0 sgid=0 fsgid=0 ses=4294967295 tty=(none) exe="/system/bin/iptables" subj=u:r:netd:s0 key=(null)
W/auditd  ( 3586): type=1320 audit(0.0:766): 
W/auditd  ( 3586): type=1325 audit(0.0:767): table=mangle family=10 entries=9
W/ip6tables( 4665): type=1300 audit(0.0:767): arch=40000028 syscall=294 per=800000 success=yes exit=0 a0=4 a1=29 a2=40 a3=b6c42800 items=0 ppid=4504 auid=4294967295 uid=0 gid=0 euid=0 suid=0 fsuid=0 egid=0 sgid=0 fsgid=0 ses=4294967295 tty=(none) exe="/system/bin/ip6tables" subj=u:r:netd:s0 key=(null)
I/ServiceManager( 4506): Waiting for service batterystats...
V/NatController( 4504): runCmd(/system/bin/iptables -F natctrl_FORWARD) res=0
V/NatController( 4504): runCmd(/system/bin/iptables -A natctrl_FORWARD -j DROP) res=0
V/NatController( 4504): runCmd(/system/bin/iptables -t nat -F natctrl_nat_POSTROUTING) res=0
V/NatController( 4504): runCmd(/system/bin/iptables -F natctrl_tether_counters) res=0
V/NatController( 4504): runCmd(/system/bin/iptables -X natctrl_tether_counters) res=0
V/NatController( 4504): runCmd(/system/bin/iptables -N natctrl_tether_counters) res=0
V/NatController( 4504): runCmd(/system/bin/iptables -t mangle -A natctrl_mangle_FORWARD -p tcp --tcp-flags SYN SYN -j TCPMSS --clamp-mss-to-pmtu) res=0
I/DEBUG   ( 3589): 
I/DEBUG   ( 3589): Tombstone written to: /data/tombstones/tombstone_08
D/AndroidRuntime( 4692): 
D/AndroidRuntime( 4692): >>>>>> AndroidRuntime START com.android.internal.os.ZygoteInit <<<<<<
D/AndroidRuntime( 4692): CheckJNI is OFF
I/art     ( 4692): option[0]=-Xzygote
I/art     ( 4692): option[1]=-Xstacktracefile:/data/anr/traces.txt
I/art     ( 4692): option[2]=exit
I/art     ( 4692): option[3]=vfprintf
I/art     ( 4692): option[4]=sensitiveThread
I/art     ( 4692): option[5]=-verbose:gc
