V/AwesomePlayer( 3624): onPrepareAsyncEvent
I/SecMediaClock( 3624): SecMediaClock constructor
I/SecMediaClock( 3624): reset
I/SecVideoCapture( 3624): SecVideoCapture constructor
I/SecVideoCapture( 3624): reset
V/AwesomePlayer( 3624): initAudioDecoder
V/AwesomePlayer( 3624): checkOffloadExceptions is true
D/StatusBar.NetworkController( 4511): NoService, mRoamingIconId = 0
V/AudioPolicyManager( 3624): isOffloadSupported: SR=44100, CM=0x1, Format=0x7000000, StreamType=-1, BitRate=4294967295, duration=4331 us, has_video=0
V/AudioPolicyManager( 3624): isOffloadSupported: stream_type != MUSIC, returning false
I/SELinux ( 5362): Function: selinux_compare_spd_ram, SPD-policy is existed. and_ver=SEPF_SM-G900H_5.0 ver=13
D/NotificationStackScrollLayout( 4511): hasNotification()-C:4
I/OMXCodec( 3624): Attempting to allocate OMX node 'OMX.google.vorbis.decoder'
D/NotificationStackScrollLayout( 4511): hasNotification()-0-N:false
D/NotificationStackScrollLayout( 4511): hasNotification()-0-V:0
D/NotificationStackScrollLayout( 4511): hasNotification()-1-N:false
D/NotificationStackScrollLayout( 4511): hasNotification()-1-V:0
D/NotificationStackScrollLayout( 4511): hasNotification()-2-N:true
D/NotificationStackScrollLayout( 4511): hasNotification()-2-V:8
D/NotificationStackScrollLayout( 4511): hasNotification()-3-N:false
D/NotificationStackScrollLayout( 4511): hasNotification()-3-V:8
D/PanelView( 4511): There is/are nonotification(s) 
D/NotificationStackScrollLayout( 4511): hasNotification()-C:4
D/NotificationStackScrollLayout( 4511): hasNotification()-0-N:false
D/NotificationStackScrollLayout( 4511): hasNotification()-0-V:0
D/NotificationStackScrollLayout( 4511): hasNotification()-1-N:false
D/NotificationStackScrollLayout( 4511): hasNotification()-1-V:0
D/NotificationStackScrollLayout( 4511): hasNotification()-2-N:true
D/NotificationStackScrollLayout( 4511): hasNotification()-2-V:8
D/NotificationStackScrollLayout( 4511): hasNotification()-3-N:false
D/NotificationStackScrollLayout( 4511): hasNotification()-3-V:8
D/PanelView( 4511): There is/are nonotification(s) 
I/OMXCodec( 3624): Successfully allocated OMX node 'OMX.google.vorbis.decoder'
I/OMXCodec( 3624): >>>UHQA initOutputFormat 16
I/AwesomePlayer( 3624): Could not offload audio decode, try pcm offload
V/AudioPolicyManager( 3624): isOffloadSupported: SR=44100, CM=0x1, Format=0x1, StreamType=-1, BitRate=4294967295, duration=4331 us, has_video=0
V/AudioPolicyManager( 3624): isOffloadSupported: stream_type != MUSIC, returning false
I/OMXCodec( 3624): [OMX.google.vorbis.decoder] OMXCodec::start mState=1
I/OMXCodec( 3624): [OMX.google.vorbis.decoder] allocating 4 buffers of size 8192 on input port
I/OMXCodec( 3624): [OMX.google.vorbis.decoder] allocating 4 buffers of size 32768 on output port
D/StatusBar( 4511): LSSN:1
I/OMXCodec( 3624): [OMX.google.vorbis.decoder] Now Idle. Component sends idle done Event 
I/SELinux ( 5362): Function: selinux_compare_spd_ram , priority [1] , priority version is VE=SEPF_SM-G900H_5.0_0013
V/AwesomePlayer( 3624): finishAsyncPrepare_l
V/AwesomePlayer( 3624): notifyListner_l() msg (200-MEDIA_INFO), ext1 (973), ext2 (0)
V/AudioCache( 3624): notify(0xb2908100, 200, 973, 0)
V/AudioCache( 3624): ignored
V/AwesomePlayer( 3624): notifyListner_l() msg (5-MEDIA_SET_VIDEO_SIZE), ext1 (0), ext2 (0)
V/AudioCache( 3624): notify(0xb2908100, 5, 0, 0)
V/AudioCache( 3624): ignored
V/AwesomePlayer( 3624): notifyListner_l() msg (1-MEDIA_PREPARED), ext1 (0), ext2 (0)
V/AudioCache( 3624): notify(0xb2908100, 1, 0, 0)
V/AudioCache( 3624): prepared
D/StatusBar( 4511): fullBouncer=false
V/AudioCache( 3624): wait - success
D/StatusBar( 4511): SLN:S
V/MediaPlayerService( 3624): start
V/StagefrightPlayer( 3624): start
V/AwesomePlayer( 3624): play
V/AwesomePlayer( 3624): AwesomePlayer::play_l():: This is not a DRM content
V/AwesomePlayer( 3624): startAudioPlayer_l, sendErrorNotification (0)
I/OMXCodec( 3624): [OMX.google.vorbis.decoder] 0onCmdComplete  mState =  7
I/OMXCodec( 3624): [OMX.google.vorbis.decoder] PORT_DISABLED(1)
I/OMXCodec( 3624): >>>UHQA initOutputFormat 16
I/OMXCodec( 3624): [OMX.google.vorbis.decoder] allocating 4 buffers of size 32768 on output port
E/SELinux ( 5362): [DEBUG] get_category: variable seinfo: platform sensitivity: NULL, cateogry: NULL
D/KeyguardUpdateMonitor( 4511): received broadcast android.intent.action.SIM_STATE_CHANGED
V/KeyguardUpdateMonitor( 4511): action android.intent.action.SIM_STATE_CHANGED stateNOT_READY
I/AudioPlayer( 3624): Audio channels(1)
I/AudioPlayer( 3624): Audioplayer kKeyAudioPCMFormat:1, 1, 0
I/AudioPlayer( 3624): Audioplayer kKeyAudioPCMFormat read fail(1, 1)
V/AudioCache( 3624): open(44100, 1, 0x0, 1, 0)
D/KeyguardUpdateMonitor( 4511): ACTION_SIM_STATE_CHANGED intent received on sub = 0
D/StatusBar.NetworkController( 4511): refreshSignalCluster - setNWBoosterIndicators(false)
D/StatusBar.NetworkController( 4511): refreshSignalCluster - setNWBoosterIndicators(false)
D/StatusBar.NetworkController( 4511): refreshSignalCluster - setNWBoosterIndicators(false)
D/StatusBar.NetworkController( 4511): refreshSignalCluster - setNWBoosterIndicators(false)
D/StatusBar.NetworkController( 4511): updateSimState:mSimState=NOT_READY
V/AwesomePlayer( 3624): notifyListner_l() msg (6-MEDIA_STARTED), ext1 (0), ext2 (0)
V/AudioCache( 3624): notify(0xb2908470, 6, 0, 0)
V/AudioCache( 3624): ignored
V/AwesomePlayer( 3624): addBatteryData
I/AudioPlayer( 3624): First fillBuffer call!!
I/OMXCodec( 3624): [OMX.google.vorbis.decoder] End Of Stream
D/StatusBar.NetworkController( 4511): onReceive() - ACTION_SIM_STATE_CHANGED = false
D/SurfaceWidgetView( 4840): onAttachedToWindow() your surface should be back:360157956
I/OMXCodec( 3624): [OMX.google.vorbis.decoder] 0onCmdComplete  mState =  7
I/OMXCodec( 3624): [OMX.google.vorbis.decoder] PORT_DISABLED(1)
I/OMXCodec( 3624): >>>UHQA initOutputFormat 16
I/OMXCodec( 3624): [OMX.google.vorbis.decoder] allocating 4 buffers of size 32768 on output port
D/SurfaceWidgetView( 4840): onSizeChanged()
D/SurfaceWidgetView( 4840): onSizeChanged() just added to view heirarchy
I/AudioPlayer( 3624): Audio channels(1)
I/AudioPlayer( 3624): Audioplayer kKeyAudioPCMFormat:1, 1, 0
I/AudioPlayer( 3624): Audioplayer kKeyAudioPCMFormat read fail(1, 1)
V/AudioCache( 3624): open(44100, 1, 0x0, 1, 0)
V/AwesomePlayer( 3624): notifyListner_l() msg (6-MEDIA_STARTED), ext1 (0), ext2 (0)
V/AudioCache( 3624): notify(0xb2908100, 6, 0, 0)
V/AudioCache( 3624): ignored
V/AwesomePlayer( 3624): addBatteryData
V/MediaPlayerService( 3624): wait for playback complete
I/AudioPlayer( 3624): First fillBuffer call!!
I/AudioPlayer( 3624): >>> setAudioEffect Read mAudioFormat : 1, event : 218893324, value : 218959116
E/AudioPlayer( 3624): >>> setAudioEffect Error mAudioFormat : 1, event : 218893324, value : 218959116
V/AwesomePlayer( 3624): postAudioEOS delayUs (0)
V/MediaPlayerService( 3624): wait for playback complete
V/AwesomePlayer( 3624): onCheckAudioStatus
V/AwesomePlayer( 3624): onCheckAudioStatus() set AUDIO_AT_EOS flag
V/AwesomePlayer( 3624): onStreamDone
V/AwesomePlayer( 3624): MEDIA_PLAYBACK_COMPLETE
V/AwesomePlayer( 3624): notifyListner_l() msg (2-MEDIA_PLAYBACK_COMPLETE), ext1 (0), ext2 (0)
V/AudioCache( 3624): notify(0xb2908100, 2, 0, 0)
V/AudioCache( 3624): playback complete - thread will wake up later
V/AwesomePlayer( 3624): notifyListner_l() msg (7-MEDIA_PAUSED), ext1 (0), ext2 (0)
V/AudioCache( 3624): notify(0xb2908100, 7, 0, 0)
V/AudioCache( 3624): ignored
V/AwesomePlayer( 3624): cancelPlayerEvents (keepNotifications=1)
V/AwesomePlayer( 3624): addBatteryData
V/AudioCache( 3624): wait - success
V/StagefrightPlayer( 3624): reset
V/AwesomePlayer( 3624): reset_l()
V/AwesomePlayer( 3624): notifyListner_l() msg (8-MEDIA_STOPPED), ext1 (0), ext2 (0)
V/AudioCache( 3624): notify(0xb2908100, 8, 0, 0)
V/AudioCache( 3624): ignored
V/AwesomePlayer( 3624): cancelPlayerEvents (keepNotifications=0)
V/AwesomePlayer( 3624): mAudioTrackVector clear
I/OMXCodec( 3624): [OMX.google.vorbis.decoder] stop mState=4
I/OMXCodec( 3624): [OMX.google.vorbis.decoder] stop() sendCommand(0x51, OMX_CommandStateSet, OMX_StateIdle)
I/OMXCodec( 3624): [OMX.google.vorbis.decoder] Now Idle. Component sends idle done Event 
I/OMXCodec( 3624): [OMX.google.vorbis.decoder] stopOmxComponent_l() mstate = 1
I/OggExtractor( 3624): OggSource::stop() mExtractor ref count = 1
I/OggExtractor( 3624): OggSource::~OggSource() mExtractor !mStarted ref count = 1
I/OggExtractor( 3624): ~OggSource --
I/OggExtractor( 3624): ~OggExtractor ++
I/OggExtractor( 3624): ~MyVorbisExtractor ++ 
I/OggExtractor( 3624): ~MyVorbisExtractor --
I/OggExtractor( 3624): ~OggExtractor --
I/AudioPlayer( 3624): reset out
V/AwesomePlayer( 3624): reset_l() mAudioPlayer successfully deleted
I/SecVideoCapture( 3624): SecVideoCapture destructor
I/SecVideoCapture( 3624): reset
V/AwesomePlayer( 3624): mSecCapture clear
I/SecMediaClock( 3624): SecMediaClock destructor
V/AwesomePlayer( 3624): mSecMediaClock clear
D/Launcher.Model( 4840): bound workspace in 1631ms
V/StagefrightPlayer( 3624): ~StagefrightPlayer
V/StagefrightPlayer( 3624): reset
V/AwesomePlayer( 3624): reset_l()
V/AwesomePlayer( 3624): notifyListner_l() msg (8-MEDIA_STOPPED), ext1 (0), ext2 (0)
V/AwesomePlayer( 3624): cancelPlayerEvents (keepNotifications=0)
V/AwesomePlayer( 3624): mAudioTrackVector clear
V/AwesomePlayer( 3624): reset_l() mAudioPlayer successfully deleted
V/AwesomePlayer( 3624): mSecCapture clear
V/AwesomePlayer( 3624): mSecMediaClock clear
V/AwesomePlayer( 3624): destructor
I/Timeline( 4840): Timeline: Activity_idle id: android.os.BinderProxy@98f186f time:55472
I/AudioPlayer( 3624): >>> setAudioEffect Read mAudioFormat : 1, event : 320017171, value : 319490053
E/AudioPlayer( 3624): >>> setAudioEffect Error mAudioFormat : 1, event : 320017171, value : 319490053
V/AwesomePlayer( 3624): reset_l()
D/StatusBar.NetworkController( 4511): NoService, mRoamingIconId = 0
V/AwesomePlayer( 3624): notifyListner_l() msg (8-MEDIA_STOPPED), ext1 (0), ext2 (0)
V/AwesomePlayer( 3624): cancelPlayerEvents (keepNotifications=0)
V/AwesomePlayer( 3624): mAudioTrackVector clear
D/Launcher.Model( 4840): done with first binding step
V/AwesomePlayer( 3624): reset_l() mAudioPlayer successfully deleted
V/AwesomePlayer( 3624): mSecCapture clear
V/AwesomePlayer( 3624): mSecMediaClock clear
D/Launcher.Model( 4840): waited 1644ms for previous step to finish binding
D/Launcher.Model( 4840): step 2: loading all apps
D/Launcher.Model( 4840): loadAndBindAllApps mAllAppsLoaded: false, mRefreshRequired: true
D/TimaKeyStoreProvider( 5362): TimaSignature is unavailable
D/ActivityThread( 5362): Added TimaKeyStore provider
V/KeyguardServiceDelegate( 4320): *** Keyguard started
V/KeyguardServiceDelegate( 4320): *** Keyguard connected (yay!)
V/KeyguardServiceDelegate( 4320): onScreenTurnedOn(showListener = com.android.internal.policy.impl.PhoneWindowManager$2@47610c)
D/KeyguardViewMediator( 4511): onSystemReady
V/KeyguardUpdateMonitor( 4511): *** register callback for com.android.systemui.keyguard.KeyguardViewMediator$1@39cf5bab
V/KeyguardUpdateMonitor( 4511): *** unregister callback for null
D/KeyguardViewMediator( 4511): onSimStateChanged: NOT_READY
V/PhoneStatusBar( 4511): onReceive : ACTION_SIM_STATE_CHANGED
D/KeyguardViewMediator( 4511): adjustStatusBarLocked: mShowing=true mOccluded=false isSecure=false --> flags=0x3200000
D/StatusBar.NetworkController( 4511): NoService, mRoamingIconId = 0
I/OMXCodec( 3624): [OMX.google.vorbis.decoder] End Of Stream
V/BitmapFactory( 4511): DecodeImagePath(decodeResourceStream3) : res/drawable-xxhdpi-v4/sys_stat_vowifi_rove_out.png
V/AwesomePlayer( 3624): postAudioEOS delayUs (0)
V/AwesomePlayer( 3624): onCheckAudioStatus
V/AwesomePlayer( 3624): onCheckAudioStatus() set AUDIO_AT_EOS flag
V/AwesomePlayer( 3624): onStreamDone
V/AwesomePlayer( 3624): MEDIA_PLAYBACK_COMPLETE
V/AwesomePlayer( 3624): notifyListner_l() msg (2-MEDIA_PLAYBACK_COMPLETE), ext1 (0), ext2 (0)
V/AudioCache( 3624): notify(0xb2908470, 2, 0, 0)
V/AudioCache( 3624): playback complete - thread will wake up later
V/AwesomePlayer( 3624): notifyListner_l() msg (7-MEDIA_PAUSED), ext1 (0), ext2 (0)
V/AudioCache( 3624): notify(0xb2908470, 7, 0, 0)
V/AudioCache( 3624): ignored
V/AwesomePlayer( 3624): cancelPlayerEvents (keepNotifications=1)
V/AwesomePlayer( 3624): addBatteryData
D/ResourcesManager( 5310): creating new AssetManager and set to /system/app/GeoLookout/GeoLookout.apk
V/AudioCache( 3624): wait - success
V/StagefrightPlayer( 3624): reset
V/AwesomePlayer( 3624): reset_l()
V/AwesomePlayer( 3624): notifyListner_l() msg (8-MEDIA_STOPPED), ext1 (0), ext2 (0)
V/AudioCache( 3624): notify(0xb2908470, 8, 0, 0)
V/AudioCache( 3624): ignored
V/AwesomePlayer( 3624): cancelPlayerEvents (keepNotifications=0)
V/AwesomePlayer( 3624): mAudioTrackVector clear
I/OMXCodec( 3624): [OMX.google.vorbis.decoder] stop mState=4
I/OMXCodec( 3624): [OMX.google.vorbis.decoder] stop() sendCommand(0x50, OMX_CommandStateSet, OMX_StateIdle)
D/StatusBar.NetworkController( 4511): refreshSignalCluster - setNWBoosterIndicators(false)
I/OMXCodec( 3624): [OMX.google.vorbis.decoder] Now Idle. Component sends idle done Event 
V/BitmapFactory( 4511): DecodeImagePath(decodeResourceStream3) : res/drawable-xxhdpi-v4/stat_sys_wifi_signal_4.png
I/OMXCodec( 3624): [OMX.google.vorbis.decoder] stopOmxComponent_l() mstate = 1
I/OggExtractor( 3624): OggSource::stop() mExtractor ref count = 1
I/OggExtractor( 3624): OggSource::~OggSource() mExtractor !mStarted ref count = 1
I/OggExtractor( 3624): ~OggSource --
I/OggExtractor( 3624): ~OggExtractor ++
I/OggExtractor( 3624): ~MyVorbisExtractor ++ 
I/OggExtractor( 3624): ~MyVorbisExtractor --
D/StatusBar.NetworkController( 4511): applyOpen
I/OggExtractor( 3624): ~OggExtractor --
V/BitmapFactory( 4511): DecodeImagePath(decodeResourceStream3) : res/drawable-xxhdpi-v4/stat_sys_signal_no_inout.png
D/StatusBar.NetworkController( 4511): refreshSignalCluster - setNWBoosterIndicators(false)
D/StatusBar.NetworkController( 4511): applyOpen
D/StatusBar.NetworkController( 4511): refreshSignalCluster - setNWBoosterIndicators(false)
D/StatusBar.NetworkController( 4511): applyOpen
D/ResourcesManager( 5333): creating new AssetManager and set to /system/app/ResourceManager/ResourceManager.apk
D/StatusBar.NetworkController( 4511): refreshSignalCluster - setNWBoosterIndicators(false)
D/StatusBar.NetworkController( 4511): applyOpen
I/AudioPlayer( 3624): reset out
V/AwesomePlayer( 3624): reset_l() mAudioPlayer successfully deleted
I/SecVideoCapture( 3624): SecVideoCapture destructor
I/SecVideoCapture( 3624): reset
V/AwesomePlayer( 3624): mSecCapture clear
I/SecMediaClock( 3624): SecMediaClock destructor
V/AwesomePlayer( 3624): mSecMediaClock clear
V/StagefrightPlayer( 3624): ~StagefrightPlayer
V/StagefrightPlayer( 3624): reset
V/AwesomePlayer( 3624): reset_l()
V/AwesomePlayer( 3624): notifyListner_l() msg (8-MEDIA_STOPPED), ext1 (0), ext2 (0)
V/AwesomePlayer( 3624): cancelPlayerEvents (keepNotifications=0)
V/AwesomePlayer( 3624): mAudioTrackVector clear
V/AwesomePlayer( 3624): reset_l() mAudioPlayer successfully deleted
V/AwesomePlayer( 3624): mSecCapture clear
V/AwesomePlayer( 3624): mSecMediaClock clear
V/AwesomePlayer( 3624): destructor
D/StatusBar.NetworkController( 4511): getUpdateDataNetType(): 0
V/AwesomePlayer( 3624): reset_l()
V/AwesomePlayer( 3624): notifyListner_l() msg (8-MEDIA_STOPPED), ext1 (0), ext2 (0)
V/AwesomePlayer( 3624): cancelPlayerEvents (keepNotifications=0)
D/StatusBar.NetworkController( 4511): updateDataNetType()
V/AwesomePlayer( 3624): mAudioTrackVector clear
V/AwesomePlayer( 3624): reset_l() mAudioPlayer successfully deleted
D/StatusBar.NetworkController( 4511): NoService, mRoamingIconId = 0
V/AwesomePlayer( 3624): mSecCapture clear
V/AwesomePlayer( 3624): mSecMediaClock clear
V/MediaPlayer( 4967): decode(44, 31108252, 52024)
V/MediaPlayerService( 3624): decode(26, 31108252, 52024)
V/MediaPlayerService( 3624): player type = 3
V/AwesomePlayer( 3624): setDefault
V/AwesomePlayer( 3624): constructor
D/ResourcesManager( 4840): creating new AssetManager and set to /system/priv-app/SamsungMusic_20/SamsungMusic_20.apk
D/PersonaManager( 4511): isKioskContainerExistOnDevice
V/AwesomePlayer( 3624): setDefault
V/AwesomePlayer( 3624): reset_l()
V/AwesomePlayer( 3624): notifyListner_l() msg (8-MEDIA_STOPPED), ext1 (0), ext2 (0)
V/AwesomePlayer( 3624): cancelPlayerEvents (keepNotifications=0)
V/AwesomePlayer( 3624): mAudioTrackVector clear
V/AwesomePlayer( 3624): reset_l() mAudioPlayer successfully deleted
V/AwesomePlayer( 3624): mSecCapture clear
V/AwesomePlayer( 3624): mSecMediaClock clear
V/StagefrightPlayer( 3624): StagefrightPlayer
V/AwesomePlayer( 3624): setListener
V/StagefrightPlayer( 3624): initCheck
V/AwesomePlayer( 3624): setAudioSink
V/StagefrightPlayer( 3624): setDataSource(26, 31108252, 52024)
V/AwesomePlayer( 3624): reset_l()
V/AwesomePlayer( 3624): notifyListner_l() msg (8-MEDIA_STOPPED), ext1 (0), ext2 (0)
V/AudioCache( 3624): notify(0xb2908150, 8, 0, 0)
V/AudioCache( 3624): ignored
V/AwesomePlayer( 3624): cancelPlayerEvents (keepNotifications=0)
V/AwesomePlayer( 3624): mAudioTrackVector clear
V/AwesomePlayer( 3624): reset_l() mAudioPlayer successfully deleted
V/AwesomePlayer( 3624): mSecCapture clear
V/AwesomePlayer( 3624): mSecMediaClock clear
D/ResourcesManager( 5362): creating new AssetManager and set to /system/app/AccuweatherPhone2014_K_LMR_fHD/AccuweatherPhone2014_K_LMR_fHD.apk
D/StatusBar.NetworkController( 4511): refreshSignalCluster - setNWBoosterIndicators(false)
D/StatusBar.NetworkController( 4511): applyOpen
V/BitmapFactory( 4511): DecodeImagePath(decodeResourceStream3) : res/drawable-xxhdpi-v4/tw_stat_sys_signal_null.png
V/AwesomePlayer( 3624): track of type 'audio/vorbis' does not publish bitrate
V/AwesomePlayer( 3624): mBitrate = -1 bits/sec
I/OggExtractor( 3624): OggSource::OggSource() mExtractor ref count = 4
V/AwesomePlayer( 3624): current audio track index (0) is added to vector
V/AwesomePlayer( 3624): setDataSource_l: Audio(1), Video(0)
I/AwesomePlayer( 3624): checkRightsStatus is not necessary - AwesomePlayer::setDataSource_l
V/MediaPlayerService( 3624): prepare
V/AwesomePlayer( 3624): prepareAsync
V/MediaPlayerService( 3624): wait for prepare
D/StatusBar.NetworkController( 4511): refreshSignalCluster - setNWBoosterIndicators(false)
D/StatusBar.NetworkController( 4511): applyOpen
D/StatusBar.NetworkController( 4511): refreshSignalCluster - setNWBoosterIndicators(false)
D/StatusBar.NetworkController( 4511): applyOpen
D/KeyguardViewMediator( 4511): isAutoUnlockEnabled in KeyguardViewMediator = true
D/KeyguardViewMediator( 4511): doKeyguard: showing the lock screen
D/KeyguardViewMediator( 4511): showLocked
D/StatusBar.NetworkController( 4511): refreshSignalCluster - setNWBoosterIndicators(false)
D/StatusBar.NetworkController( 4511): applyOpen
V/AwesomePlayer( 3624): onPrepareAsyncEvent
I/SecMediaClock( 3624): SecMediaClock constructor
I/SecMediaClock( 3624): reset
I/SecVideoCapture( 3624): SecVideoCapture constructor
I/SecVideoCapture( 3624): reset
V/AwesomePlayer( 3624): initAudioDecoder
V/AwesomePlayer( 3624): checkOffloadExceptions is true
V/AudioPolicyManager( 3624): isOffloadSupported: SR=48000, CM=0x3, Format=0x7000000, StreamType=-1, BitRate=4294967295, duration=2880000 us, has_video=0
V/AudioPolicyManager( 3624): isOffloadSupported: stream_type != MUSIC, returning false
I/OMXCodec( 3624): Attempting to allocate OMX node 'OMX.google.vorbis.decoder'
V/BitmapFactory( 4511): DecodeImagePath(decodeResourceStream3) : res/drawable-xxhdpi-v4/stat_sys_tty_mode.png
I/OMXCodec( 3624): Successfully allocated OMX node 'OMX.google.vorbis.decoder'
I/OMXCodec( 3624): >>>UHQA initOutputFormat 16
I/AwesomePlayer( 3624): Could not offload audio decode, try pcm offload
V/AudioPolicyManager( 3624): isOffloadSupported: SR=44100, CM=0x1, Format=0x1, StreamType=-1, BitRate=4294967295, duration=2880000 us, has_video=0
V/AudioPolicyManager( 3624): isOffloadSupported: stream_type != MUSIC, returning false
I/OMXCodec( 3624): [OMX.google.vorbis.decoder] OMXCodec::start mState=1
I/OMXCodec( 3624): [OMX.google.vorbis.decoder] allocating 4 buffers of size 8192 on input port
V/BitmapFactory( 4511): DecodeImagePath(decodeResourceStream3) : res/drawable-xxhdpi-v4/stat_sys_roaming_cdma_0.png
I/OMXCodec( 3624): [OMX.google.vorbis.decoder] allocating 4 buffers of size 32768 on output port
I/OMXCodec( 3624): [OMX.google.vorbis.decoder] Now Idle. Component sends idle done Event 
V/AwesomePlayer( 3624): finishAsyncPrepare_l
V/AwesomePlayer( 3624): notifyListner_l() msg (200-MEDIA_INFO), ext1 (973), ext2 (0)
V/AudioCache( 3624): notify(0xb2908150, 200, 973, 0)
V/AudioCache( 3624): ignored
V/AwesomePlayer( 3624): notifyListner_l() msg (5-MEDIA_SET_VIDEO_SIZE), ext1 (0), ext2 (0)
V/AudioCache( 3624): notify(0xb2908150, 5, 0, 0)
V/AudioCache( 3624): ignored
V/AwesomePlayer( 3624): notifyListner_l() msg (1-MEDIA_PREPARED), ext1 (0), ext2 (0)
V/AudioCache( 3624): notify(0xb2908150, 1, 0, 0)
V/AudioCache( 3624): prepared
V/AudioCache( 3624): wait - success
V/MediaPlayerService( 3624): start
V/StagefrightPlayer( 3624): start
V/AwesomePlayer( 3624): play
V/AwesomePlayer( 3624): AwesomePlayer::play_l():: This is not a DRM content
V/AwesomePlayer( 3624): startAudioPlayer_l, sendErrorNotification (0)
D/KeyguardViewMediator( 4511): onScreenTurnedOn, seq = 1
D/KeyguardViewMediator( 4511): notifyScreenOnLocked
I/OMXCodec( 3624): [OMX.google.vorbis.decoder] 0onCmdComplete  mState =  7
I/OMXCodec( 3624): [OMX.google.vorbis.decoder] PORT_DISABLED(1)
I/OMXCodec( 3624): >>>UHQA initOutputFormat 16
I/OMXCodec( 3624): [OMX.google.vorbis.decoder] allocating 4 buffers of size 32768 on output port
V/BitmapFactory( 4511): DecodeImagePath(decodeResourceStream3) : res/drawable-xxhdpi-v4/stat_sys_data_bluetooth.png
I/AudioPlayer( 3624): Audio channels(2)
I/AudioPlayer( 3624): Audioplayer kKeyAudioPCMFormat:2, 1, 0
I/AudioPlayer( 3624): Audioplayer kKeyAudioPCMFormat read fail(2, 1)
V/AudioCache( 3624): open(48000, 2, 0x0, 1, 0)
V/BitmapFactory( 4511): DecodeImagePath(decodeResourceStream3) : res/drawable-xxhdpi-v4/stat_sys_alarm.png
D/PhoneStatusBarPolicy( 4511): updateSimState for subId :-1
V/AwesomePlayer( 3624): notifyListner_l() msg (6-MEDIA_STARTED), ext1 (0), ext2 (0)
V/AudioCache( 3624): notify(0xb2908150, 6, 0, 0)
V/AudioCache( 3624): ignored
V/AwesomePlayer( 3624): addBatteryData
V/BitmapFactory( 4840): DecodeImagePath(decodeResourceStream3) : res/mipmap-xxhdpi-v4/music_icon.png
I/AudioPlayer( 3624): First fillBuffer call!!
D/PhoneStatusBarPolicy( 4511): updateSimState for phoneId :0
D/PhoneStatusBarPolicy( 4511): updateSimState for Slot :-1
V/MediaPlayerService( 3624): wait for playback complete
V/BitmapFactory( 4511): DecodeImagePath(decodeResourceStream3) : res/drawable-xxhdpi-v4/stat_sys_sync.png
I/Choreographer( 4511): Skipped 81 frames!  The application may be doing too much work on its main thread.
D/OpenGLRenderer( 4511): setting property extraRasterBucket to 0.9
D/OpenGLRenderer( 4511):     failed
D/OpenGLRenderer( 4511): setting property extraRasterBucket to 0.0
D/OpenGLRenderer( 4511):     failed
I/wpa_supplicant( 4466): nl80211: Received scan results (2 BSSes)
V/BitmapFactory( 4840): DecodeImagePath(decodeResourceStream3) : res/mipmap-xxhdpi-v4/ic_launcher_settings.wbp
D/SecKeyguardClockView( 4511): serviceStateChanged() : 1
D/StatusBar.NetworkController( 4511): getUpdateDataNetType(): 0
D/StatusBar.NetworkController( 4511): updateDataNetType()
D/StatusBar.NetworkController( 4511): NoService, mRoamingIconId = 0
D/ResourcesManager( 4840): creating new AssetManager and set to /system/app/SPlanner_OS_UPG/SPlanner_OS_UPG.apk
D/KeyguardUpdateMonitor( 4511): received broadcast android.provider.Telephony.SPN_STRINGS_UPDATED
I/KeyguardUpdateMonitor( 4511): Received SPN update on phoneId :0
D/StatusBar.NetworkController( 4511): onServiceStateChanged voiceState=3 dataState=3
D/StatusBar.NetworkController( 4511): onServiceStateChanged mDataNetType=0
D/StatusBar.NetworkController( 4511): getUpdateDataNetType(): 0
D/StatusBar.NetworkController( 4511): updateDataNetType()
D/StatusBar.NetworkController( 4511): NoService, mRoamingIconId = 0
D/SecKeyguardClockView( 4511): serviceStateChanged() : 3
V/BitmapFactory( 4840): DecodeImagePath(decodeResourceStream3) : res/mipmap-xxhdpi-v4/ic_launcher_calendar.qmg
D/StatusBar.NetworkController( 4511): onDataConnectionStateChanged: state=-1 type=0
D/StatusBar.NetworkController( 4511): getUpdateDataNetType(): 0
D/StatusBar.NetworkController( 4511): updateDataNetType()
D/StatusBar.NetworkController( 4511): NoService, mRoamingIconId = 0
D/ResourcesManager( 4840): creating new AssetManager and set to /data/app/com.google.android.gms-1/base.apk
D/StatusBar.NetworkController( 4511): refreshSignalCluster - setNWBoosterIndicators(false)
D/StatusBar.NetworkController( 4511): applyOpen
D/StatusBar.NetworkController( 4511): refreshSignalCluster - setNWBoosterIndicators(false)
D/StatusBar.NetworkController( 4511): applyOpen
D/StatusBar.NetworkController( 4511): refreshSignalCluster - setNWBoosterIndicators(false)
D/StatusBar.NetworkController( 4511): applyOpen
D/StatusBar.NetworkController( 4511): refreshSignalCluster - setNWBoosterIndicators(false)
D/StatusBar.NetworkController( 4511): applyOpen
V/BitmapFactory( 4840): DecodeImagePath(decodeResourceStream3) : res/drawable-xxhdpi-v4/common_settings_icon.png
D/KeyguardUpdateMonitor( 4511): handleBatteryUpdate
D/KeyguardUpdateMonitor( 4511): handleBatteryUpdate
D/KeyguardUpdateMonitor( 4511): handleRingerModeChange(1)
V/BitmapFactory( 4511): DecodeImagePath(decodeResourceStream3) : res/drawable-xxhdpi-v4/tw_quick_panel_icon_nfcc_dim.png
D/ResourcesManager( 4840): creating new AssetManager and set to /system/priv-app/S-Voice_Android_phone/S-Voice_Android_phone.apk
D/KeyguardUpdateMonitor( 4511): handleSimStateChange: intentValue = UNKNOWN state resolved to UNKNOWN
D/SecContentProvider2( 4320): uri = 14 selection = getSealedState
D/SecContentProvider2( 4320): mCursor = null
D/SecContentProvider2( 4320): KnoxCustomManagerService offline: service is not available
V/BitmapFactory( 4840): DecodeImagePath(decodeResourceStream3) : res/mipmap-xxhdpi/svoice.png
D/PhoneStatusBar( 4511): disable: < expand icons alerts system_info back HOME* RECENT* clock SEARCH* >
D/SecContentProvider2( 4320): uri = 14 selection = getSealedState
D/SecContentProvider2( 4320): mCursor = null
D/SecContentProvider2( 4320): KnoxCustomManagerService offline: service is not available
D/SecContentProvider2( 4320): uri = 14 selection = getSealedState
D/SecContentProvider2( 4320): mCursor = null
D/SecContentProvider2( 4320): KnoxCustomManagerService offline: service is not available
D/SecContentProvider2( 4320): uri = 14 selection = getSealedState
D/SecContentProvider2( 4320): mCursor = null
D/SecContentProvider2( 4320): KnoxCustomManagerService offline: service is not available
V/BitmapFactory( 4840): DecodeImagePath(decodeResourceStream3) : res/drawable-xxhdpi/ic_launcher.png
D/KeyguardViewMediator( 4511): handleShow
D/PersonaManager( 4511): isKioskContainerExistOnDevice
D/KeyguardViewMediator( 4511): Kiosk container not exists on device.
D/KeyguardEffectViewUtil( 4511): wallpaperType :1
D/StatusBar-Window( 4511): fnf=false sanc=true, kni=false, sbf=false
D/CoverUI ( 4511): applyFocusableFlag() : Remove SAMSUNG_FLAG_SVIEW_COVER
D/ResourcesManager( 4840): creating new AssetManager and set to /system/priv-app/SamsungApps_K/SamsungApps_K.apk
W/ResourceType( 4840): ResTable_typeSpec entry count inconsistent: given 1, previously 1633
D/KeyguardEffectViewUtil( 4511): wallpaperType :1
D/StatusBar-Window( 4511): fnf=false sanc=true, kni=false, sbf=false
D/CoverUI ( 4511): applyFocusableFlag() : Remove SAMSUNG_FLAG_SVIEW_COVER
D/PhoneStatusBar( 4511): updateKeyguardState :1
V/BitmapFactory( 4840): DecodeImagePath(decodeResourceStream3) : res/mipmap-xxhdpi/icon.png
D/NotificationStackScrollLayout( 4511): hasNotification()-C:4
D/NotificationStackScrollLayout( 4511): hasNotification()-0-N:false
D/NotificationStackScrollLayout( 4511): hasNotification()-0-V:0
D/NotificationStackScrollLayout( 4511): hasNotification()-1-N:false
D/ResourcesManager( 4840): creating new AssetManager and set to /system/priv-app/SecMyFiles2014/SecMyFiles2014.apk
D/NotificationStackScrollLayout( 4511): hasNotification()-1-V:0
D/NotificationStackScrollLayout( 4511): hasNotification()-2-N:true
D/NotificationStackScrollLayout( 4511): hasNotification()-2-V:8
D/NotificationStackScrollLayout( 4511): hasNotification()-3-N:false
D/NotificationStackScrollLayout( 4511): hasNotification()-3-V:8
D/PanelView( 4511): There is/are nonotification(s) 
D/StatusBar( 4511): LSSN:1
D/StatusBar( 4511): fullBouncer=false
D/StatusBar( 4511): SLN:S
D/StatusBar-QSPanel( 4511): setSingleLine:true
V/BitmapFactory( 4840): DecodeImagePath(decodeResourceStream3) : res/mipmap-xxhdpi-v4/ic_launcher_myfiles.qmg
D/StatusBar-QSPanel( 4511): updateButtonInfo mButtonWidth : 206 mColumns:5 orien: 1 displayWidth:1032
I/OMXCodec( 3624): [OMX.google.vorbis.decoder] End Of Stream
D/StatusBar-QSPanel( 4511): setSingleLine height:0
V/AwesomePlayer( 3624): postAudioEOS delayUs (0)
V/AwesomePlayer( 3624): onCheckAudioStatus
V/AwesomePlayer( 3624): onCheckAudioStatus() set AUDIO_AT_EOS flag
V/AwesomePlayer( 3624): onStreamDone
V/AwesomePlayer( 3624): MEDIA_PLAYBACK_COMPLETE
V/AwesomePlayer( 3624): notifyListner_l() msg (2-MEDIA_PLAYBACK_COMPLETE), ext1 (0), ext2 (0)
V/AudioCache( 3624): notify(0xb2908150, 2, 0, 0)
V/AudioCache( 3624): playback complete - thread will wake up later
V/AwesomePlayer( 3624): notifyListner_l() msg (7-MEDIA_PAUSED), ext1 (0), ext2 (0)
V/AudioCache( 3624): notify(0xb2908150, 7, 0, 0)
V/AudioCache( 3624): ignored
V/AwesomePlayer( 3624): cancelPlayerEvents (keepNotifications=1)
D/ResourcesManager( 4840): creating new AssetManager and set to /system/priv-app/SecVideo/SecVideo.apk
V/AwesomePlayer( 3624): addBatteryData
V/AudioCache( 3624): wait - success
V/StagefrightPlayer( 3624): reset
V/AwesomePlayer( 3624): reset_l()
V/AwesomePlayer( 3624): notifyListner_l() msg (8-MEDIA_STOPPED), ext1 (0), ext2 (0)
V/AudioCache( 3624): notify(0xb2908150, 8, 0, 0)
V/AudioCache( 3624): ignored
V/AwesomePlayer( 3624): cancelPlayerEvents (keepNotifications=0)
V/AwesomePlayer( 3624): mAudioTrackVector clear
I/OMXCodec( 3624): [OMX.google.vorbis.decoder] stop mState=4
I/OMXCodec( 3624): [OMX.google.vorbis.decoder] stop() sendCommand(0x52, OMX_CommandStateSet, OMX_StateIdle)
I/OMXCodec( 3624): [OMX.google.vorbis.decoder] Now Idle. Component sends idle done Event 
I/OMXCodec( 3624): [OMX.google.vorbis.decoder] stopOmxComponent_l() mstate = 1
I/OggExtractor( 3624): OggSource::stop() mExtractor ref count = 1
I/OggExtractor( 3624): OggSource::~OggSource() mExtractor !mStarted ref count = 1
I/OggExtractor( 3624): ~OggSource --
I/OggExtractor( 3624): ~OggExtractor ++
I/OggExtractor( 3624): ~MyVorbisExtractor ++ 
I/OggExtractor( 3624): ~MyVorbisExtractor --
I/OggExtractor( 3624): ~OggExtractor --
V/BitmapFactory( 4840): DecodeImagePath(decodeResourceStream3) : res/mipmap-xxhdpi-v4/video.qmg
I/AudioPlayer( 3624): reset out
V/AwesomePlayer( 3624): reset_l() mAudioPlayer successfully deleted
I/SecVideoCapture( 3624): SecVideoCapture destructor
I/SecVideoCapture( 3624): reset
V/AwesomePlayer( 3624): mSecCapture clear
I/SecMediaClock( 3624): SecMediaClock destructor
V/AwesomePlayer( 3624): mSecMediaClock clear
V/StagefrightPlayer( 3624): ~StagefrightPlayer
V/StagefrightPlayer( 3624): reset
V/AwesomePlayer( 3624): reset_l()
V/AwesomePlayer( 3624): notifyListner_l() msg (8-MEDIA_STOPPED), ext1 (0), ext2 (0)
V/AwesomePlayer( 3624): cancelPlayerEvents (keepNotifications=0)
V/AwesomePlayer( 3624): mAudioTrackVector clear
V/AwesomePlayer( 3624): reset_l() mAudioPlayer successfully deleted
V/AwesomePlayer( 3624): mSecCapture clear
V/AwesomePlayer( 3624): mSecMediaClock clear
V/AwesomePlayer( 3624): destructor
V/AwesomePlayer( 3624): reset_l()
V/AwesomePlayer( 3624): notifyListner_l() msg (8-MEDIA_STOPPED), ext1 (0), ext2 (0)
V/AwesomePlayer( 3624): cancelPlayerEvents (keepNotifications=0)
V/AwesomePlayer( 3624): mAudioTrackVector clear
D/comsamsunglog( 5362): [KK AccuPhone]>>> ==============================================================================================
V/AwesomePlayer( 3624): reset_l() mAudioPlayer successfully deleted
V/AwesomePlayer( 3624): mSecCapture clear
V/AwesomePlayer( 3624): mSecMediaClock clear
D/comsamsunglog( 5362): [KK AccuPhone]>>> widgetappapheroaccuweather [Version : 15030401] [ 1 ] 
D/comsamsunglog( 5362): [KK AccuPhone]>>> Header set to : ===> "accuweather" <===  Port fHD
D/comsamsunglog( 5362): [KK AccuPhone]>>> ==============================================================================================
V/MediaPlayer( 4967): decode(45, 30973312, 4112)
V/BitmapFactory( 4840): DecodeImagePath(decodeResourceStream3) : res/mipmap-xxhdpi-v4/ic_launcher_google_search.png
V/MediaPlayerService( 3624): decode(26, 30973312, 4112)
V/BitmapFactory( 4840): DecodeImagePath(decodeResourceStream3) : res/mipmap-xxhdpi-v4/ic_launcher_voicesearch.png
V/MediaPlayerService( 3624): player type = 3
V/AwesomePlayer( 3624): setDefault
V/AwesomePlayer( 3624): constructor
V/AwesomePlayer( 3624): setDefault
V/AwesomePlayer( 3624): reset_l()
V/AwesomePlayer( 3624): notifyListner_l() msg (8-MEDIA_STOPPED), ext1 (0), ext2 (0)
V/AwesomePlayer( 3624): cancelPlayerEvents (keepNotifications=0)
V/AwesomePlayer( 3624): mAudioTrackVector clear
V/AwesomePlayer( 3624): reset_l() mAudioPlayer successfully deleted
V/AwesomePlayer( 3624): mSecCapture clear
V/AwesomePlayer( 3624): mSecMediaClock clear
V/StagefrightPlayer( 3624): StagefrightPlayer
V/AwesomePlayer( 3624): setListener
V/StagefrightPlayer( 3624): initCheck
V/AwesomePlayer( 3624): setAudioSink
V/StagefrightPlayer( 3624): setDataSource(26, 30973312, 4112)
V/AwesomePlayer( 3624): reset_l()
V/AwesomePlayer( 3624): notifyListner_l() msg (8-MEDIA_STOPPED), ext1 (0), ext2 (0)
V/AudioCache( 3624): notify(0xaf91b060, 8, 0, 0)
V/AudioCache( 3624): ignored
V/AwesomePlayer( 3624): cancelPlayerEvents (keepNotifications=0)
V/AwesomePlayer( 3624): mAudioTrackVector clear
V/AwesomePlayer( 3624): reset_l() mAudioPlayer successfully deleted
V/AwesomePlayer( 3624): mSecCapture clear
V/AwesomePlayer( 3624): mSecMediaClock clear
D/ResourcesManager( 4840): creating new AssetManager and set to /system/priv-app/VoiceNote/VoiceNote.apk
V/AwesomePlayer( 3624): track of type 'audio/vorbis' does not publish bitrate
V/AwesomePlayer( 3624): mBitrate = -1 bits/sec
I/OggExtractor( 3624): OggSource::OggSource() mExtractor ref count = 4
V/AwesomePlayer( 3624): current audio track index (0) is added to vector
V/AwesomePlayer( 3624): setDataSource_l: Audio(1), Video(0)
I/AwesomePlayer( 3624): checkRightsStatus is not necessary - AwesomePlayer::setDataSource_l
V/MediaPlayerService( 3624): prepare
V/AwesomePlayer( 3624): prepareAsync
V/MediaPlayerService( 3624): wait for prepare
V/AwesomePlayer( 3624): onPrepareAsyncEvent
I/SecMediaClock( 3624): SecMediaClock constructor
I/SecMediaClock( 3624): reset
I/SecVideoCapture( 3624): SecVideoCapture constructor
I/SecVideoCapture( 3624): reset
V/AwesomePlayer( 3624): initAudioDecoder
V/AwesomePlayer( 3624): checkOffloadExceptions is true
V/AudioPolicyManager( 3624): isOffloadSupported: SR=44100, CM=0x1, Format=0x7000000, StreamType=-1, BitRate=4294967295, duration=4331 us, has_video=0
V/AudioPolicyManager( 3624): isOffloadSupported: stream_type != MUSIC, returning false
I/OMXCodec( 3624): Attempting to allocate OMX node 'OMX.google.vorbis.decoder'
V/BitmapFactory( 4840): DecodeImagePath(decodeResourceStream3) : res/drawable-xxhdpi-v4/homescreen_icon_voicerec.qmg
I/OMXCodec( 3624): Successfully allocated OMX node 'OMX.google.vorbis.decoder'
I/OMXCodec( 3624): >>>UHQA initOutputFormat 16
I/AwesomePlayer( 3624): Could not offload audio decode, try pcm offload
V/AudioPolicyManager( 3624): isOffloadSupported: SR=44100, CM=0x1, Format=0x1, StreamType=-1, BitRate=4294967295, duration=4331 us, has_video=0
V/AudioPolicyManager( 3624): isOffloadSupported: stream_type != MUSIC, returning false
I/OMXCodec( 3624): [OMX.google.vorbis.decoder] OMXCodec::start mState=1
I/OMXCodec( 3624): [OMX.google.vorbis.decoder] allocating 4 buffers of size 8192 on input port
I/OMXCodec( 3624): [OMX.google.vorbis.decoder] allocating 4 buffers of size 32768 on output port
I/OMXCodec( 3624): [OMX.google.vorbis.decoder] Now Idle. Component sends idle done Event 
V/AwesomePlayer( 3624): finishAsyncPrepare_l
V/AwesomePlayer( 3624): notifyListner_l() msg (200-MEDIA_INFO), ext1 (973), ext2 (0)
V/AudioCache( 3624): notify(0xaf91b060, 200, 973, 0)
V/AudioCache( 3624): ignored
V/AwesomePlayer( 3624): notifyListner_l() msg (5-MEDIA_SET_VIDEO_SIZE), ext1 (0), ext2 (0)
V/AudioCache( 3624): notify(0xaf91b060, 5, 0, 0)
V/AudioCache( 3624): ignored
V/AwesomePlayer( 3624): notifyListner_l() msg (1-MEDIA_PREPARED), ext1 (0), ext2 (0)
V/AudioCache( 3624): notify(0xaf91b060, 1, 0, 0)
V/AudioCache( 3624): prepared
V/AudioCache( 3624): wait - success
V/MediaPlayerService( 3624): start
V/StagefrightPlayer( 3624): start
V/AwesomePlayer( 3624): play
V/AwesomePlayer( 3624): AwesomePlayer::play_l():: This is not a DRM content
V/AwesomePlayer( 3624): startAudioPlayer_l, sendErrorNotification (0)
D/ResourcesManager( 4840): creating new AssetManager and set to /system/app/ClockPackage/ClockPackage.apk
I/OMXCodec( 3624): [OMX.google.vorbis.decoder] End Of Stream
I/OMXCodec( 3624): [OMX.google.vorbis.decoder] 0onCmdComplete  mState =  7
I/OMXCodec( 3624): [OMX.google.vorbis.decoder] PORT_DISABLED(1)
I/OMXCodec( 3624): >>>UHQA initOutputFormat 16
I/OMXCodec( 3624): [OMX.google.vorbis.decoder] allocating 4 buffers of size 32768 on output port
I/AudioPlayer( 3624): Audio channels(1)
I/AudioPlayer( 3624): Audioplayer kKeyAudioPCMFormat:1, 1, 0
I/AudioPlayer( 3624): Audioplayer kKeyAudioPCMFormat read fail(1, 1)
V/AudioCache( 3624): open(44100, 1, 0x0, 1, 0)
V/AwesomePlayer( 3624): notifyListner_l() msg (6-MEDIA_STARTED), ext1 (0), ext2 (0)
V/AudioCache( 3624): notify(0xaf91b060, 6, 0, 0)
V/AudioCache( 3624): ignored
V/AwesomePlayer( 3624): addBatteryData
I/AudioPlayer( 3624): First fillBuffer call!!
I/AudioPlayer( 3624): >>> setAudioEffect Read mAudioFormat : 1, event : 218893324, value : 218959116
E/AudioPlayer( 3624): >>> setAudioEffect Error mAudioFormat : 1, event : 218893324, value : 218959116
V/AwesomePlayer( 3624): postAudioEOS delayUs (0)
V/BitmapFactory( 4840): DecodeImagePath(decodeResourceStream3) : res/mipmap-xxhdpi-v4/ic_launcher_clock.qmg
V/MediaPlayerService( 3624): wait for playback complete
V/AwesomePlayer( 3624): onCheckAudioStatus
V/AwesomePlayer( 3624): onCheckAudioStatus() set AUDIO_AT_EOS flag
V/AwesomePlayer( 3624): onStreamDone
V/AwesomePlayer( 3624): MEDIA_PLAYBACK_COMPLETE
V/AwesomePlayer( 3624): notifyListner_l() msg (2-MEDIA_PLAYBACK_COMPLETE), ext1 (0), ext2 (0)
V/AudioCache( 3624): notify(0xaf91b060, 2, 0, 0)
V/AudioCache( 3624): playback complete - thread will wake up later
V/AwesomePlayer( 3624): notifyListner_l() msg (7-MEDIA_PAUSED), ext1 (0), ext2 (0)
V/AudioCache( 3624): notify(0xaf91b060, 7, 0, 0)
V/AudioCache( 3624): ignored
V/AwesomePlayer( 3624): cancelPlayerEvents (keepNotifications=1)
V/AwesomePlayer( 3624): addBatteryData
V/AudioCache( 3624): wait - success
V/StagefrightPlayer( 3624): reset
V/AwesomePlayer( 3624): reset_l()
V/AwesomePlayer( 3624): notifyListner_l() msg (8-MEDIA_STOPPED), ext1 (0), ext2 (0)
V/AudioCache( 3624): notify(0xaf91b060, 8, 0, 0)
V/AudioCache( 3624): ignored
V/AwesomePlayer( 3624): cancelPlayerEvents (keepNotifications=0)
V/AwesomePlayer( 3624): mAudioTrackVector clear
I/OMXCodec( 3624): [OMX.google.vorbis.decoder] stop mState=4
I/OMXCodec( 3624): [OMX.google.vorbis.decoder] stop() sendCommand(0x53, OMX_CommandStateSet, OMX_StateIdle)
I/OMXCodec( 3624): [OMX.google.vorbis.decoder] Now Idle. Component sends idle done Event 
I/OMXCodec( 3624): [OMX.google.vorbis.decoder] stopOmxComponent_l() mstate = 1
I/OggExtractor( 3624): OggSource::stop() mExtractor ref count = 1
I/OggExtractor( 3624): OggSource::~OggSource() mExtractor !mStarted ref count = 1
I/OggExtractor( 3624): ~OggSource --
I/OggExtractor( 3624): ~OggExtractor ++
I/OggExtractor( 3624): ~MyVorbisExtractor ++ 
I/OggExtractor( 3624): ~MyVorbisExtractor --
I/OggExtractor( 3624): ~OggExtractor --
I/AudioPlayer( 3624): reset out
V/AwesomePlayer( 3624): reset_l() mAudioPlayer successfully deleted
I/SecVideoCapture( 3624): SecVideoCapture destructor
I/SecVideoCapture( 3624): reset
V/AwesomePlayer( 3624): mSecCapture clear
I/SecMediaClock( 3624): SecMediaClock destructor
V/AwesomePlayer( 3624): mSecMediaClock clear
V/StagefrightPlayer( 3624): ~StagefrightPlayer
V/StagefrightPlayer( 3624): reset
V/AwesomePlayer( 3624): reset_l()
V/AwesomePlayer( 3624): notifyListner_l() msg (8-MEDIA_STOPPED), ext1 (0), ext2 (0)
V/AwesomePlayer( 3624): cancelPlayerEvents (keepNotifications=0)
V/AwesomePlayer( 3624): mAudioTrackVector clear
V/AwesomePlayer( 3624): reset_l() mAudioPlayer successfully deleted
V/AwesomePlayer( 3624): mSecCapture clear
V/AwesomePlayer( 3624): mSecMediaClock clear
V/AwesomePlayer( 3624): destructor
V/AwesomePlayer( 3624): reset_l()
V/AwesomePlayer( 3624): notifyListner_l() msg (8-MEDIA_STOPPED), ext1 (0), ext2 (0)
V/AwesomePlayer( 3624): cancelPlayerEvents (keepNotifications=0)
V/AwesomePlayer( 3624): mAudioTrackVector clear
V/AwesomePlayer( 3624): reset_l() mAudioPlayer successfully deleted
V/AwesomePlayer( 3624): mSecCapture clear
V/AwesomePlayer( 3624): mSecMediaClock clear
I/System.out( 5333): (HTTPLog)-Static: isSBSettingEnabled false
I/System.out( 5333): (HTTPLog)-Static: isShipBuild true
I/System.out( 5333): (HTTPLog)-Thread-171-181651291: SmartBonding Enabling is false, SHIP_BUILD is true, log to file is false, DBG is false
D/ResourcesManager( 4840): creating new AssetManager and set to /system/app/Dropbox/Dropbox.apk
I/System.out( 5333): (HTTPLog)-Static: isSBSettingEnabled false
V/MediaPlayer( 4967): decode(46, 31036244, 21825)
V/MediaPlayerService( 3624): decode(26, 31036244, 21825)
V/MediaPlayerService( 3624): player type = 3
V/AwesomePlayer( 3624): setDefault
V/AwesomePlayer( 3624): constructor
V/AwesomePlayer( 3624): setDefault
V/AwesomePlayer( 3624): reset_l()
V/AwesomePlayer( 3624): notifyListner_l() msg (8-MEDIA_STOPPED), ext1 (0), ext2 (0)
V/AwesomePlayer( 3624): cancelPlayerEvents (keepNotifications=0)
V/AwesomePlayer( 3624): mAudioTrackVector clear
V/AwesomePlayer( 3624): reset_l() mAudioPlayer successfully deleted
V/AwesomePlayer( 3624): mSecCapture clear
V/AwesomePlayer( 3624): mSecMediaClock clear
V/StagefrightPlayer( 3624): StagefrightPlayer
V/AwesomePlayer( 3624): setListener
V/StagefrightPlayer( 3624): initCheck
V/AwesomePlayer( 3624): setAudioSink
V/StagefrightPlayer( 3624): setDataSource(26, 31036244, 21825)
V/AwesomePlayer( 3624): reset_l()
V/AwesomePlayer( 3624): notifyListner_l() msg (8-MEDIA_STOPPED), ext1 (0), ext2 (0)
V/AudioCache( 3624): notify(0xb150f1a0, 8, 0, 0)
V/AudioCache( 3624): ignored
V/AwesomePlayer( 3624): cancelPlayerEvents (keepNotifications=0)
V/AwesomePlayer( 3624): mAudioTrackVector clear
V/AwesomePlayer( 3624): reset_l() mAudioPlayer successfully deleted
V/AwesomePlayer( 3624): mSecCapture clear
V/AwesomePlayer( 3624): mSecMediaClock clear
E/Zygote  ( 5396): MountEmulatedStorage()
E/Zygote  ( 5396): v2
V/BitmapFactory( 4840): DecodeImagePath(decodeResourceStream3) : res/drawable-xxhdpi/icon.png
I/SELinux ( 5396): Function: selinux_compare_spd_ram, SPD-policy is existed. and_ver=SEPF_SM-G900H_5.0 ver=13
V/AwesomePlayer( 3624): track of type 'audio/vorbis' does not publish bitrate
V/AwesomePlayer( 3624): mBitrate = -1 bits/sec
I/OggExtractor( 3624): OggSource::OggSource() mExtractor ref count = 4
V/AwesomePlayer( 3624): current audio track index (0) is added to vector
V/AwesomePlayer( 3624): setDataSource_l: Audio(1), Video(0)
I/AwesomePlayer( 3624): checkRightsStatus is not necessary - AwesomePlayer::setDataSource_l
V/MediaPlayerService( 3624): prepare
V/AwesomePlayer( 3624): prepareAsync
V/MediaPlayerService( 3624): wait for prepare
V/AwesomePlayer( 3624): onPrepareAsyncEvent
I/SecMediaClock( 3624): SecMediaClock constructor
I/SecMediaClock( 3624): reset
I/SecVideoCapture( 3624): SecVideoCapture constructor
I/SecVideoCapture( 3624): reset
V/AwesomePlayer( 3624): initAudioDecoder
V/AwesomePlayer( 3624): checkOffloadExceptions is true
V/AudioPolicyManager( 3624): isOffloadSupported: SR=44100, CM=0x3, Format=0x7000000, StreamType=-1, BitRate=4294967295, duration=1250000 us, has_video=0
V/AudioPolicyManager( 3624): isOffloadSupported: stream_type != MUSIC, returning false
I/OMXCodec( 3624): Attempting to allocate OMX node 'OMX.google.vorbis.decoder'
I/OMXCodec( 3624): Successfully allocated OMX node 'OMX.google.vorbis.decoder'
I/OMXCodec( 3624): >>>UHQA initOutputFormat 16
I/AwesomePlayer( 3624): Could not offload audio decode, try pcm offload
V/AudioPolicyManager( 3624): isOffloadSupported: SR=44100, CM=0x1, Format=0x1, StreamType=-1, BitRate=4294967295, duration=1250000 us, has_video=0
V/AudioPolicyManager( 3624): isOffloadSupported: stream_type != MUSIC, returning false
I/OMXCodec( 3624): [OMX.google.vorbis.decoder] OMXCodec::start mState=1
I/OMXCodec( 3624): [OMX.google.vorbis.decoder] allocating 4 buffers of size 8192 on input port
I/OMXCodec( 3624): [OMX.google.vorbis.decoder] allocating 4 buffers of size 32768 on output port
I/SELinux ( 5396): Function: selinux_compare_spd_ram , priority [1] , priority version is VE=SEPF_SM-G900H_5.0_0013
I/OMXCodec( 3624): [OMX.google.vorbis.decoder] Now Idle. Component sends idle done Event 
E/SELinux ( 5396): [DEBUG] get_category: variable seinfo: untrusted sensitivity: NULL, cateogry: NULL
D/ResourcesManager( 4840): creating new AssetManager and set to /system/app/SecCalculator2/SecCalculator2.apk
V/AwesomePlayer( 3624): finishAsyncPrepare_l
V/AwesomePlayer( 3624): notifyListner_l() msg (200-MEDIA_INFO), ext1 (973), ext2 (0)
V/AudioCache( 3624): notify(0xb150f1a0, 200, 973, 0)
V/AudioCache( 3624): ignored
V/AwesomePlayer( 3624): notifyListner_l() msg (5-MEDIA_SET_VIDEO_SIZE), ext1 (0), ext2 (0)
V/AudioCache( 3624): notify(0xb150f1a0, 5, 0, 0)
V/AudioCache( 3624): ignored
V/AwesomePlayer( 3624): notifyListner_l() msg (1-MEDIA_PREPARED), ext1 (0), ext2 (0)
V/AudioCache( 3624): notify(0xb150f1a0, 1, 0, 0)
V/AudioCache( 3624): prepared
V/AudioCache( 3624): wait - success
V/MediaPlayerService( 3624): start
V/StagefrightPlayer( 3624): start
V/AwesomePlayer( 3624): play
V/AwesomePlayer( 3624): AwesomePlayer::play_l():: This is not a DRM content
V/AwesomePlayer( 3624): startAudioPlayer_l, sendErrorNotification (0)
V/BitmapFactory( 4840): DecodeImagePath(decodeResourceStream3) : res/mipmap-sw360dp-xxhdpi-v13/ic_launcher_calculator.qmg
D/NotificationStackScrollLayout( 4511): hasNotification()-C:4
D/NotificationStackScrollLayout( 4511): hasNotification()-0-N:false
D/NotificationStackScrollLayout( 4511): hasNotification()-0-V:8
D/NotificationStackScrollLayout( 4511): hasNotification()-1-N:false
D/NotificationStackScrollLayout( 4511): hasNotification()-1-V:8
D/NotificationStackScrollLayout( 4511): hasNotification()-2-N:true
D/NotificationStackScrollLayout( 4511): hasNotification()-2-V:8
D/NotificationStackScrollLayout( 4511): hasNotification()-3-N:false
D/NotificationStackScrollLayout( 4511): hasNotification()-3-V:8
D/PanelView( 4511): There is/are nonotification(s) 
D/PhoneStatusBar( 4511): updateQSpanelHeight: 279 height:591
D/SettingsProvider( 4320): name = aw_daemon_service_key_agree_popup_check
D/PanelView( 4511): setQsHeight mQsMin:0 mQsMax:0 mQsEx:0.0mQsPeek:591
D/SettingsProvider( 4320): edmUri: content://com.sec.knox.provider/RestrictionPolicy3
D/SettingsProvider( 4320): projectionArgs: isSettingsChangesAllowed
D/SettingsProvider( 4320): selectionArgs: false
D/SettingsProvider( 4320): selectionArgs: 10071
I/KeyguardEffectViewController( 4511): setKeyguardShowing = true
D/SecContentProvider( 4320): uri = 17 selection = isSettingsChangesAllowed
D/KeyguardEffectViewController( 4511): show()
D/SettingsProvider( 4320): ret = -1
V/KeyguardUpdateMonitor( 4511): *** register callback for com.android.keyguard.sec.KeyguardEffectViewController$2@240ff84c
V/KeyguardUpdateMonitor( 4511): *** unregister callback for null
D/ResourcesManager( 4840): creating new AssetManager and set to /system/app/SecMemoDL/SecMemoDL.apk
I/OMXCodec( 3624): [OMX.google.vorbis.decoder] 0onCmdComplete  mState =  7
I/OMXCodec( 3624): [OMX.google.vorbis.decoder] PORT_DISABLED(1)
I/OMXCodec( 3624): >>>UHQA initOutputFormat 16
I/OMXCodec( 3624): [OMX.google.vorbis.decoder] allocating 4 buffers of size 32768 on output port
V/BitmapFactory( 4840): DecodeImagePath(decodeResourceStream3) : res/mipmap-xxhdpi-v4/ic_launcher.qmg
I/AudioPlayer( 3624): Audio channels(2)
I/AudioPlayer( 3624): Audioplayer kKeyAudioPCMFormat:2, 1, 0
I/AudioPlayer( 3624): Audioplayer kKeyAudioPCMFormat read fail(2, 1)
V/AudioCache( 3624): open(44100, 2, 0x0, 1, 0)
D/ResourcesManager( 4840): creating new AssetManager and set to /system/app/SmartRemote_KL/SmartRemote_KL.apk
D/VisualEffectParticleEffect( 4511): KeyguardEffectViewParticleSpace : show
D/VisualEffectParticleEffect( 4511): clearEffect
D/VisualEffectCircleUnlockEffect( 4511): KeyguardEffectViewNone : show
D/KeyguardEffectViewController( 4511): isFestivalActivated()false
I/KeyguardEffectViewController( 4511): setFestivalKeyguardShowing = true ,:false
D/KeyguardEffectViewController( 4511): isFestivalActivated()false
V/AwesomePlayer( 3624): notifyListner_l() msg (6-MEDIA_STARTED), ext1 (0), ext2 (0)
V/AudioCache( 3624): notify(0xb150f1a0, 6, 0, 0)
V/AudioCache( 3624): ignored
V/AwesomePlayer( 3624): addBatteryData
D/NotificationStackScrollLayout( 4511): hasNotification()-C:4
D/NotificationStackScrollLayout( 4511): hasNotification()-0-N:false
