I/Sensors ( 5898): HrmSpO2Sensor is already disabled or have to keep enabled, mEnabled : 0x0, en : 0
I/        ( 5898): System server: sensor init done.
I/ServiceThread( 5898): Enabled StrictMode logging for ActivityManager looper.
D/SensorService( 5898): nuSensorService thread starting...
D/SensorService( 5898): new thread SensorEventAckReceiver
I/AppOps  ( 5898): No existing app ops /data/system/appops.xml; starting empty
W/ProcessCpuTracker( 5898): Skipping unknown process pid 5940
I/IntentFirewall( 5898): Read new rules (A:0 B:0 S:0)
I/ServiceThread( 5898): Enabled StrictMode logging for android.ui looper.
I/ServiceThread( 5898): Enabled StrictMode logging for android.display looper.
D/AppOps  ( 5898): AppOpsService published
I/SystemServiceManager( 5898): Starting com.android.server.power.PowerManagerService
I/ServiceThread( 5898): Enabled StrictMode logging for PowerManagerService looper.
D/SEC PowerHAL( 5898): sysfs_write +: /sys/devices/system/cpu/cpu0/cpufreq/interactive/multi_enter_load: 800
D/SEC PowerHAL( 5898): sysfs_write -: /sys/devices/system/cpu/cpu0/cpufreq/interactive/multi_enter_load: 800
D/SEC PowerHAL( 5898): sysfs_write +: /sys/devices/system/cpu/cpu0/cpufreq/interactive/single_enter_load: 200
D/SEC PowerHAL( 5898): sysfs_write -: /sys/devices/system/cpu/cpu0/cpufreq/interactive/single_enter_load: 200
D/SEC PowerHAL( 5898): sysfs_write +: /sys/devices/system/cpu/cpu0/cpufreq/interactive/param_index: 0
D/SEC PowerHAL( 5898): sysfs_write -: /sys/devices/system/cpu/cpu0/cpufreq/interactive/param_index: 0
D/SEC PowerHAL( 5898): sysfs_write +: /sys/devices/system/cpu/cpu0/cpufreq/interactive/timer_rate: 20000
D/SEC PowerHAL( 5898): sysfs_write -: /sys/devices/system/cpu/cpu0/cpufreq/interactive/timer_rate: 20000
D/SEC PowerHAL( 5898): sysfs_write +: /sys/devices/system/cpu/cpu0/cpufreq/interactive/timer_slack: 20000
D/SEC PowerHAL( 5898): sysfs_write -: /sys/devices/system/cpu/cpu0/cpufreq/interactive/timer_slack: 20000
D/SEC PowerHAL( 5898): sysfs_write +: /sys/devices/system/cpu/cpu0/cpufreq/interactive/min_sample_time: 40000
D/SEC PowerHAL( 5898): sysfs_write -: /sys/devices/system/cpu/cpu0/cpufreq/interactive/min_sample_time: 40000
D/SEC PowerHAL( 5898): sysfs_write +: /sys/devices/system/cpu/cpu0/cpufreq/interactive/hispeed_freq: 1000000
D/SEC PowerHAL( 5898): sysfs_write -: /sys/devices/system/cpu/cpu0/cpufreq/interactive/hispeed_freq: 1000000
D/SEC PowerHAL( 5898): sysfs_write +: /sys/devices/system/cpu/cpu0/cpufreq/interactive/go_hispeed_load: 99
D/SEC PowerHAL( 5898): sysfs_write -: /sys/devices/system/cpu/cpu0/cpufreq/interactive/go_hispeed_load: 99
D/SEC PowerHAL( 5898): sysfs_write +: /sys/devices/system/cpu/cpu0/cpufreq/interactive/target_loads: 70
D/SEC PowerHAL( 5898): sysfs_write -: /sys/devices/system/cpu/cpu0/cpufreq/interactive/target_loads: 70
D/SEC PowerHAL( 5898): sysfs_write +: /sys/devices/system/cpu/cpu0/cpufreq/interactive/above_hispeed_delay: 19000
D/SEC PowerHAL( 5898): sysfs_write -: /sys/devices/system/cpu/cpu0/cpufreq/interactive/above_hispeed_delay: 19000
D/SEC PowerHAL( 5898): sysfs_write +: /sys/devices/system/cpu/cpu0/cpufreq/interactive/boostpulse_duration: 40000
D/SEC PowerHAL( 5898): sysfs_write -: /sys/devices/system/cpu/cpu0/cpufreq/interactive/boostpulse_duration: 40000
D/SEC PowerHAL( 5898): sysfs_write +: /sys/devices/system/cpu/cpu4/cpufreq/interactive/multi_enter_load: 360
D/SEC PowerHAL( 5898): sysfs_write -: /sys/devices/system/cpu/cpu4/cpufreq/interactive/multi_enter_load: 360
D/SEC PowerHAL( 5898): sysfs_write +: /sys/devices/system/cpu/cpu4/cpufreq/interactive/multi_enter_time: 99000
D/SEC PowerHAL( 5898): sysfs_write -: /sys/devices/system/cpu/cpu4/cpufreq/interactive/multi_enter_time: 99000
D/SEC PowerHAL( 5898): sysfs_write +: /sys/devices/system/cpu/cpu4/cpufreq/interactive/multi_exit_load: 240
D/SEC PowerHAL( 5898): sysfs_write -: /sys/devices/system/cpu/cpu4/cpufreq/interactive/multi_exit_load: 240
D/SEC PowerHAL( 5898): sysfs_write +: /sys/devices/system/cpu/cpu4/cpufreq/interactive/multi_exit_time: 299000
D/SEC PowerHAL( 5898): sysfs_write -: /sys/devices/system/cpu/cpu4/cpufreq/interactive/multi_exit_time: 299000
D/SEC PowerHAL( 5898): sysfs_write +: /sys/devices/system/cpu/cpu4/cpufreq/interactive/single_enter_load: 95
D/SEC PowerHAL( 5898): sysfs_write -: /sys/devices/system/cpu/cpu4/cpufreq/interactive/single_enter_load: 95
D/SEC PowerHAL( 5898): sysfs_write +: /sys/devices/system/cpu/cpu4/cpufreq/interactive/single_enter_time: 199000
D/SEC PowerHAL( 5898): sysfs_write -: /sys/devices/system/cpu/cpu4/cpufreq/interactive/single_enter_time: 199000
D/SEC PowerHAL( 5898): sysfs_write +: /sys/devices/system/cpu/cpu4/cpufreq/interactive/single_exit_load: 60
D/SEC PowerHAL( 5898): sysfs_write -: /sys/devices/system/cpu/cpu4/cpufreq/interactive/single_exit_load: 60
D/SEC PowerHAL( 5898): sysfs_write +: /sys/devices/system/cpu/cpu4/cpufreq/interactive/single_exit_time: 99000
D/SEC PowerHAL( 5898): sysfs_write -: /sys/devices/system/cpu/cpu4/cpufreq/interactive/single_exit_time: 99000
D/SEC PowerHAL( 5898): sysfs_write +: /sys/devices/system/cpu/cpu4/cpufreq/interactive/param_index: 0
D/SEC PowerHAL( 5898): sysfs_write -: /sys/devices/system/cpu/cpu4/cpufreq/interactive/param_index: 0
D/SEC PowerHAL( 5898): sysfs_write +: /sys/devices/system/cpu/cpu4/cpufreq/interactive/timer_rate: 20000
D/SEC PowerHAL( 5898): sysfs_write -: /sys/devices/system/cpu/cpu4/cpufreq/interactive/timer_rate: 20000
D/SEC PowerHAL( 5898): sysfs_write +: /sys/devices/system/cpu/cpu4/cpufreq/interactive/timer_slack: 20000
D/SEC PowerHAL( 5898): sysfs_write -: /sys/devices/system/cpu/cpu4/cpufreq/interactive/timer_slack: 20000
D/SEC PowerHAL( 5898): sysfs_write +: /sys/devices/system/cpu/cpu4/cpufreq/interactive/min_sample_time: 40000
D/SEC PowerHAL( 5898): sysfs_write -: /sys/devices/system/cpu/cpu4/cpufreq/interactive/min_sample_time: 40000
D/SEC PowerHAL( 5898): sysfs_write +: /sys/devices/system/cpu/cpu4/cpufreq/interactive/hispeed_freq: 1000000
D/SEC PowerHAL( 5898): sysfs_write -: /sys/devices/system/cpu/cpu4/cpufreq/interactive/hispeed_freq: 1000000
D/SEC PowerHAL( 5898): sysfs_write +: /sys/devices/system/cpu/cpu4/cpufreq/interactive/go_hispeed_load: 99
D/SEC PowerHAL( 5898): sysfs_write -: /sys/devices/system/cpu/cpu4/cpufreq/interactive/go_hispeed_load: 99
D/SEC PowerHAL( 5898): sysfs_write +: /sys/devices/system/cpu/cpu4/cpufreq/interactive/target_loads: 75 1500000:80 1700000:85 1800000:90
D/SEC PowerHAL( 5898): sysfs_write -: /sys/devices/system/cpu/cpu4/cpufreq/interactive/target_loads: 75 1500000:80 1700000:85 1800000:90
D/SEC PowerHAL( 5898): sysfs_write +: /sys/devices/system/cpu/cpu4/cpufreq/interactive/above_hispeed_delay: 19000 1100000:99000 1200000:119000 1700000:19000
D/SEC PowerHAL( 5898): sysfs_write -: /sys/devices/system/cpu/cpu4/cpufreq/interactive/above_hispeed_delay: 19000 1100000:99000 1200000:119000 1700000:19000
D/SEC PowerHAL( 5898): sysfs_write +: /sys/devices/system/cpu/cpu4/cpufreq/interactive/boostpulse_duration: 40000
D/SEC PowerHAL( 5898): sysfs_write -: /sys/devices/system/cpu/cpu4/cpufreq/interactive/boostpulse_duration: 40000
D/SEC PowerHAL( 5898): sysfs_write +: /sys/devices/system/cpu/cpu4/cpufreq/interactive/param_index: 1
D/SEC PowerHAL( 5898): sysfs_write -: /sys/devices/system/cpu/cpu4/cpufreq/interactive/param_index: 1
D/SEC PowerHAL( 5898): sysfs_write +: /sys/devices/system/cpu/cpu4/cpufreq/interactive/timer_rate: 20000
D/SEC PowerHAL( 5898): sysfs_write -: /sys/devices/system/cpu/cpu4/cpufreq/interactive/timer_rate: 20000
D/SEC PowerHAL( 5898): sysfs_write +: /sys/devices/system/cpu/cpu4/cpufreq/interactive/min_sample_time: 59000
D/SEC PowerHAL( 5898): sysfs_write -: /sys/devices/system/cpu/cpu4/cpufreq/interactive/min_sample_time: 59000
D/SEC PowerHAL( 5898): sysfs_write +: /sys/devices/system/cpu/cpu4/cpufreq/interactive/hispeed_freq: 1200000
D/SEC PowerHAL( 5898): sysfs_write -: /sys/devices/system/cpu/cpu4/cpufreq/interactive/hispeed_freq: 1200000
D/SEC PowerHAL( 5898): sysfs_write +: /sys/devices/system/cpu/cpu4/cpufreq/interactive/go_hispeed_load: 95
D/SEC PowerHAL( 5898): sysfs_write -: /sys/devices/system/cpu/cpu4/cpufreq/interactive/go_hispeed_load: 95
D/SEC PowerHAL( 5898): sysfs_write +: /sys/devices/system/cpu/cpu4/cpufreq/interactive/target_loads: 65 1400000:68 1700000:73
D/SEC PowerHAL( 5898): sysfs_write -: /sys/devices/system/cpu/cpu4/cpufreq/interactive/target_loads: 65 1400000:68 1700000:73
D/SEC PowerHAL( 5898): sysfs_write +: /sys/devices/system/cpu/cpu4/cpufreq/interactive/above_hispeed_delay: 19000
D/SEC PowerHAL( 5898): sysfs_write -: /sys/devices/system/cpu/cpu4/cpufreq/interactive/above_hispeed_delay: 19000
D/SEC PowerHAL( 5898): sysfs_write +: /sys/devices/system/cpu/cpu4/cpufreq/interactive/param_index: 2
D/SEC PowerHAL( 5898): sysfs_write -: /sys/devices/system/cpu/cpu4/cpufreq/interactive/param_index: 2
D/SEC PowerHAL( 5898): sysfs_write +: /sys/devices/system/cpu/cpu4/cpufreq/interactive/timer_rate: 20000
D/SEC PowerHAL( 5898): sysfs_write -: /sys/devices/system/cpu/cpu4/cpufreq/interactive/timer_rate: 20000
D/SEC PowerHAL( 5898): sysfs_write +: /sys/devices/system/cpu/cpu4/cpufreq/interactive/min_sample_time: 79000
D/SEC PowerHAL( 5898): sysfs_write -: /sys/devices/system/cpu/cpu4/cpufreq/interactive/min_sample_time: 79000
D/SEC PowerHAL( 5898): sysfs_write +: /sys/devices/system/cpu/cpu4/cpufreq/interactive/hispeed_freq: 1400000
D/SEC PowerHAL( 5898): sysfs_write -: /sys/devices/system/cpu/cpu4/cpufreq/interactive/hispeed_freq: 1400000
D/SEC PowerHAL( 5898): sysfs_write +: /sys/devices/system/cpu/cpu4/cpufreq/interactive/go_hispeed_load: 90
D/SEC PowerHAL( 5898): sysfs_write -: /sys/devices/system/cpu/cpu4/cpufreq/interactive/go_hispeed_load: 90
D/SEC PowerHAL( 5898): sysfs_write +: /sys/devices/system/cpu/cpu4/cpufreq/interactive/target_loads: 60 1300000:63 1500000:65 1700000:70
D/SEC PowerHAL( 5898): sysfs_write -: /sys/devices/system/cpu/cpu4/cpufreq/interactive/target_loads: 60 1300000:63 1500000:65 1700000:70
D/SEC PowerHAL( 5898): sysfs_write +: /sys/devices/system/cpu/cpu4/cpufreq/interactive/above_hispeed_delay: 19000
D/SEC PowerHAL( 5898): sysfs_write -: /sys/devices/system/cpu/cpu4/cpufreq/interactive/above_hispeed_delay: 19000
D/SEC PowerHAL( 5898): sysfs_write +: /sys/devices/system/cpu/cpu4/cpufreq/interactive/param_index: 3
D/SEC PowerHAL( 5898): sysfs_write -: /sys/devices/system/cpu/cpu4/cpufreq/interactive/param_index: 3
D/SEC PowerHAL( 5898): sysfs_write +: /sys/devices/system/cpu/cpu4/cpufreq/interactive/timer_rate: 20000
D/SEC PowerHAL( 5898): sysfs_write -: /sys/devices/system/cpu/cpu4/cpufreq/interactive/timer_rate: 20000
D/SEC PowerHAL( 5898): sysfs_write +: /sys/devices/system/cpu/cpu4/cpufreq/interactive/min_sample_time: 99000
D/SEC PowerHAL( 5898): sysfs_write -: /sys/devices/system/cpu/cpu4/cpufreq/interactive/min_sample_time: 99000
D/SEC PowerHAL( 5898): sysfs_write +: /sys/devices/system/cpu/cpu4/cpufreq/interactive/hispeed_freq: 1600000
D/SEC PowerHAL( 5898): sysfs_write -: /sys/devices/system/cpu/cpu4/cpufreq/interactive/hispeed_freq: 1600000
D/SEC PowerHAL( 5898): sysfs_write +: /sys/devices/system/cpu/cpu4/cpufreq/interactive/go_hispeed_load: 85
D/SEC PowerHAL( 5898): sysfs_write -: /sys/devices/system/cpu/cpu4/cpufreq/interactive/go_hispeed_load: 85
D/SEC PowerHAL( 5898): sysfs_write +: /sys/devices/system/cpu/cpu4/cpufreq/interactive/target_loads: 60 1300000:63 1500000:65 1900000:70
D/SEC PowerHAL( 5898): sysfs_write -: /sys/devices/system/cpu/cpu4/cpufreq/interactive/target_loads: 60 1300000:63 1500000:65 1900000:70
D/SEC PowerHAL( 5898): sysfs_write +: /sys/devices/system/cpu/cpu4/cpufreq/interactive/above_hispeed_delay: 19000
D/SEC PowerHAL( 5898): sysfs_write -: /sys/devices/system/cpu/cpu4/cpufreq/interactive/above_hispeed_delay: 19000
D/SEC PowerHAL( 5898): sysfs_write +: /sys/devices/system/cpu/cpu4/cpufreq/interactive/param_index: 0
D/SEC PowerHAL( 5898): sysfs_write -: /sys/devices/system/cpu/cpu4/cpufreq/interactive/param_index: 0
W/libsuspend( 5898): Error writing 'on' to /sys/power/state: Invalid argument
I/libsuspend( 5898): Selected wakeup count
I/SystemServiceManager( 5898): Starting com.android.server.display.DisplayManagerService
I/SystemServiceManager( 5898): Starting phase 100
I/DisplayManagerService( 5898): Display device added: DisplayDeviceInfo{"Built-in Screen": 1080 x 1920, 60.000004 fps, supportedRefreshRates [60.000004], density 480, 422.03 x 424.069 dpi, appVsyncOff 0, presDeadline 17666666, touch INTERNAL, rotation 0, type BUILT_IN, state UNKNOWN, FLAG_DEFAULT_DISPLAY, FLAG_ROTATES_WITH_CONTENT, FLAG_SECURE, FLAG_SUPPORTS_PROTECTED_BUFFERS}
I/SystemServer( 5898): Package Manager
W/PackageManager( 5898): No security bridge jar found, using default
W/SystemConfig( 5898): No directory /system/etc/sysconfig, skipping
D/SELinuxMMAC( 5898): Using policy file /system/etc/security/mac_permissions.xml
E/art     ( 5898): DexFile_isDexOptNeeded file '/system/framework/com.android.nfc_extras.jar' does not exist
W/PackageManager( 5898): Library not found: /system/framework/com.android.nfc_extras.jar
D/PackageManager( 5898): No files in app dir /vendor/overlay
W/PackageManager( 5898): Failed to parse /system/framework/arm: Missing base APK in /system/framework/arm
E/MediaPlayerFactory( 5757): calling dlopen on FACTORY_LIB
E/MediaPlayerFactory( 5757): Failed to open FACTORY_LIB Error : dlopen failed: library "libdashplayer.so" not found 
I/CameraService( 5757): CameraService started (pid=5757)
W/ResourceType( 5898): Failure getting entry for 0x7f0b023e (t=10 e=574) (error -75)
W/PackageParser( 5898): No actions in intent filter at /system/priv-app/Contacts/Contacts.apk Binary XML file line #362
E/HAL     ( 5757): load: module=/system/lib/hw/camera.universal5422.so
E/HAL     ( 5757): dlopen failed: could not load library "libexynoscamera.so" needed by "camera.universal5422.so"; caused by cannot locate symbol "_ZN7android16CameraParameters17EFFECT_POINT_BLUEE" referenced by "libexynoscamera.so"...
E/CameraService( 5757): Could not load camera HAL module
W/PackageParser( 5898): No actions in intent filter at /system/priv-app/Dialer/Dialer.apk Binary XML file line #185
I/AudioPolicyService( 5757): AudioPolicyService CSTOR in new mode
I/AudioPolicyManager( 5757): loadAudioPolicyConfig() loaded /system/etc/audio_policy.conf
V/NatController( 5756): runCmd(/system/bin/iptables -F natctrl_FORWARD) res=0
W/linker  ( 5757): lib_Samsung_AudioZoom_v102.so has text relocations. This is wasting memory and prevents security hardening. Please fix.
E/HAL     ( 5757): load: module=/system/lib/hw/audio.primary.universal5422.so
E/HAL     ( 5757): dlopen failed: cannot locate symbol "mixer_update" referenced by "audio.primary.universal5422.so"...
E/AudioFlinger( 5757): int android::load_audio_interface(const char*, audio_hw_device_t**) couldn't load audio hw module audio.primary (Invalid argument)
I/AudioFlinger( 5757): loadHwModule() error -22 loading module primary 
W/AudioPolicyManager( 5757): could not open HW module primary
I/audio_a2dp_hw( 5757): adev_open:  adev_open in A2dp_hw module
I/AudioFlinger( 5757): loadHwModule() Loaded a2dp audio interface from A2DP Audio HW HAL (audio) handle 1
I/AudioFlinger( 5757): loadHwModule() Loaded usb audio interface from USB audio HW HAL (audio) handle 2
I/r_submix( 5757): adev_open(name=audio_hw_if)
I/r_submix( 5757): adev_init_check()
I/AudioFlinger( 5757): loadHwModule() Loaded r_submix audio interface from Wifi Display audio HAL (audio) handle 3
D/r_submix( 5757): adev_open_input_stream()
D/r_submix( 5757): submix_audio_device_create_pipe()
E/MonoPipe( 5757): Failed to fetch local time frequency when constructing a MonoPipe (res = -32).  getNextWriteTimestamp calls will be non-functional
V/NatController( 5756): runCmd(/system/bin/iptables -A natctrl_FORWARD -j DROP) res=0
V/NatController( 5756): runCmd(/system/bin/iptables -t nat -F natctrl_nat_POSTROUTING) res=0
V/NatController( 5756): runCmd(/system/bin/iptables -t nat -F natctrl_nat_PREROUTING) res=0
V/NatController( 5756): runCmd(/system/bin/iptables -F natctrl_tether_counters) res=0
V/NatController( 5756): runCmd(/system/bin/iptables -X natctrl_tether_counters) res=0
V/NatController( 5756): runCmd(/system/bin/iptables -N natctrl_tether_counters) res=0
V/NatController( 5756): runCmd(/system/bin/iptables -t mangle -A natctrl_mangle_FORWARD -p tcp --tcp-flags SYN SYN -j TCPMSS --clamp-mss-to-pmtu) res=0
W/ResourceType( 5898): Failure getting entry for 0x7f08033e (t=7 e=830) (error -75)
W/PackageParser( 5898): No actions in intent filter at /system/app/Bluetooth/Bluetooth.apk Binary XML file line #229
W/PackageParser( 5898): No actions in intent filter at /system/app/CMFileManager/CMFileManager.apk Binary XML file line #155
I/iptables( 5756): iptables: Chain already exists.
I/iptables( 5756): iptables terminated by exit(1)
E/BandwidthController( 5756): runIptablesCmd(): res=1 status=256 failed /system/bin/iptables -N bw_VIDEOCALL
I/ip6tables( 5756): ip6tables: Chain already exists.
I/ip6tables( 5756): ip6tables terminated by exit(1)
E/BandwidthController( 5756): runIptablesCmd(): res=1 status=256 failed /system/bin/ip6tables -N bw_VIDEOCALL
W/PackageParser( 5898): Unknown element under <application>: permission at /system/app/Gallery2/Gallery2.apk Binary XML file line #273
W/PackageParser( 5898): Unknown element under <application>: permission at /system/app/Gallery2/Gallery2.apk Binary XML file line #276
W/PackageManager( 5898): Failed to parse /system/app/mcRegistry: Missing base APK in /system/app/mcRegistry
D/PackageManager( 5898): No files in app dir /system/vendor/app
D/PackageManager( 5898): No files in app dir /oem/app
D/PackageManager( 5898): No files in app dir /vendor/bundled-app
W/PackageManager( 5898): Failed to parse /data/app/mcRegistry: No packages found in split
D/PackageManager( 5898): No files in app dir /data/app-private
W/PackageManager( 5898): Package com.android.gallery3d desires unavailable shared library com.google.android.media.effects; ignoring!
W/PackageManager( 5898): Package com.android.gallery3d desires unavailable shared library com.google.android.media.effects; ignoring!
E/PackageManager( 5898): updateAllSharedLibrariesLPw failed: Package com.android.dialer requires unavailable shared library com.qualcomm.qti.smartsearch; failing!
W/PackageManager( 5898): Package com.android.calculator2 desires unavailable shared library com.sec.android.app.multiwindow; ignoring!
W/PackageManager( 5898): Package com.android.mms desires unavailable shared library com.qrd.wappush; ignoring!
I/PackageManager( 5898): Adjusting ABI for : com.android.inputdevices to armeabi-v7a
I/PackageManager( 5898): Adjusting ABI for : com.cyanogenmod.setupwizard to armeabi-v7a
I/PackageManager( 5898): Adjusting ABI for : com.android.providers.settings to armeabi-v7a
I/PackageManager( 5898): Adjusting ABI for : com.android.development to armeabi-v7a
I/PackageManager( 5898): Adjusting ABI for : com.android.location.fused to armeabi-v7a
I/PackageManager( 5898): Adjusting ABI for : com.android.settings to armeabi-v7a
I/PackageManager( 5898): Adjusting ABI for : com.android.keychain to armeabi-v7a
I/PackageManager( 5898): Time to scan packages: 0.856 seconds
W/PackageManager( 5898): Unknown permission com.google.android.googleapps.permission.GOOGLE_AUTH.mail in package com.android.calendar
W/PackageManager( 5898): Unknown permission com.qualcomm.permission.USE_PHONE_SERVICE in package com.android.dialer
W/PackageManager( 5898): Unknown permission android.permission.ACCESS_SUPERUSER in package com.cyanogenmod.filemanager
W/PackageManager( 5898): Unknown permission com.cyanogenmod.filemanager.permissions.READ_THEME in package com.cyanogenmod.filemanager
W/PackageManager( 5898): Unknown permission com.cyngn.cmstats.SEND_ANALYTICS in package com.cyanogenmod.setupwizard
W/PackageManager( 5898): Unknown permission com.google.android.gallery3d.permission.PICASA_STORE in package com.android.dreams.phototable
W/PackageManager( 5898): Unknown permission com.google.android.googleapps.permission.GOOGLE_AUTH in package com.android.settings
W/PackageManager( 5898): Unknown permission com.android.launcher.permission.READ_SETTINGS in package com.android.settings
W/PackageManager( 5898): Unknown permission com.android.launcher.permission.WRITE_SETTINGS in package com.android.settings
W/PackageManager( 5898): Not granting permission android.permission.DELETE_PACKAGES to package com.svox.pico (protectionLevel=18 flags=0x8be45)
W/PackageManager( 5898): Unknown permission com.google.android.c2dm.permission.RECEIVE in package org.whispersystems.whisperpush
W/PackageManager( 5898): Not granting permission android.permission.BIND_WALLPAPER to package com.android.camera2 (protectionLevel=18 flags=0x58bc45)
W/PackageManager( 5898): Unknown permission com.google.android.gallery3d.permission.GALLERY_PROVIDER in package com.android.bluetooth
W/PackageManager( 5898): Unknown permission com.android.launcher.permission.READ_SETTINGS in package com.android.onetimeinitializer
W/PackageManager( 5898): Unknown permission com.android.launcher.permission.WRITE_SETTINGS in package com.android.onetimeinitializer
W/PackageManager( 5898): Unknown permission com.google.android.c2dm.permission.RECEIVE in package com.cyanogenmod.account
W/PackageManager( 5898): Not granting permission android.permission.DEVICE_POWER to package com.android.deskclock (protectionLevel=2 flags=0x48be45)
W/PackageManager( 5898): Unknown permission com.android.deskclock.worldclock.permissions.WRITE_DATABASE in package com.android.deskclock
W/PackageManager( 5898): Unknown permission com.google.android.googleapps.permission.GOOGLE_AUTH in package com.android.providers.calendar
W/PackageManager( 5898): Unknown permission com.google.android.googleapps.permission.GOOGLE_AUTH.cl in package com.android.providers.calendar
W/PackageManager( 5898): Not granting permission android.permission.WRITE_MEDIA_STORAGE to package com.android.soundrecorder (protectionLevel=18 flags=0x8be45)
W/PackageManager( 5898): Unknown permission android.permission.INSTALL_DRM in package com.android.mms
W/PackageManager( 5898): Unknown permission com.qualcomm.permission.USE_PHONE_SERVICE in package com.android.mms
W/PackageManager( 5898): Not granting permission android.permission.MANAGE_DOCUMENTS to package com.android.mms (protectionLevel=2 flags=0x4049be65)
W/PackageManager( 5898): Not granting permission android.permission.ACCESS_DOWNLOAD_MANAGER to package com.android.browser (protectionLevel=18 flags=0x49be45)
W/PackageManager( 5898): Not granting permission android.permission.SEND_DOWNLOAD_COMPLETED_INTENTS to package com.android.browser (protectionLevel=2 flags=0x49be45)
W/PackageManager( 5898): Unknown permission com.google.android.googleapps.permission.ACCESS_GOOGLE_PASSWORD in package com.android.development
W/PackageManager( 5898): Unknown permission com.google.android.googleapps.permission.GOOGLE_AUTH in package com.android.development
W/PackageManager( 5898): Unknown permission com.google.android.googleapps.permission.GOOGLE_AUTH.ALL_SERVICES in package com.android.development
W/PackageManager( 5898): Unknown permission com.google.android.googleapps.permission.GOOGLE_AUTH.YouTubeUser in package com.android.development
W/PackageManager( 5898): Unknown permission com.android.launcher.permission.READ_SETTINGS in package com.cyanogenmod.trebuchet
W/PackageManager( 5898): Unknown permission com.android.launcher.permission.WRITE_SETTINGS in package com.cyanogenmod.trebuchet
W/PackageManager( 5898): Unknown permission android.permission.CANCEL_NOTIFICATIONS in package org.cyanogenmod.theme.chooser
V/PackageManager( 5898): Disabling com.google.android.gsf/com.google.android.gsf.update.SystemUpdateActivity
W/PackageManager( 5898): Unable to disable com.google.android.gsf/com.google.android.gsf.update.SystemUpdateActivity
V/PackageManager( 5898): Disabling com.google.android.gsf/com.google.android.gsf.update.SystemUpdateService$Receiver
W/PackageManager( 5898): Unable to disable com.google.android.gsf/com.google.android.gsf.update.SystemUpdateService$Receiver
V/PackageManager( 5898): Disabling com.google.android.gsf/com.google.android.gsf.update.SystemUpdateService$SecretCodeReceiver
W/PackageManager( 5898): Unable to disable com.google.android.gsf/com.google.android.gsf.update.SystemUpdateService$SecretCodeReceiver
V/PackageManager( 5898): Disabling com.google.android.gms/com.google.android.gms.update.SystemUpdateActivity
W/PackageManager( 5898): Unable to disable com.google.android.gms/com.google.android.gms.update.SystemUpdateActivity
V/PackageManager( 5898): Disabling com.google.android.gms/com.google.android.gms.update.SystemUpdateService$Receiver
W/PackageManager( 5898): Unable to disable com.google.android.gms/com.google.android.gms.update.SystemUpdateService$Receiver
V/PackageManager( 5898): Disabling com.google.android.gms/com.google.android.gms.update.SystemUpdateService$ActiveReceiver
W/PackageManager( 5898): Unable to disable com.google.android.gms/com.google.android.gms.update.SystemUpdateService$ActiveReceiver
V/PackageManager( 5898): Disabling com.google.android.gms/com.google.android.gms.update.SystemUpdateService$SecretCodeReceiver
W/PackageManager( 5898): Unable to disable com.google.android.gms/com.google.android.gms.update.SystemUpdateService$SecretCodeReceiver
V/PackageManager( 5898): Enabling com.google.android.gsf/com.google.android.gsf.update.SystemUpdateService
W/PackageManager( 5898): Unable to enable com.google.android.gsf/com.google.android.gsf.update.SystemUpdateService
V/PackageManager( 5898): Enabling com.google.android.gms/com.google.android.gms.update.SystemUpdateService
W/PackageManager( 5898): Unable to enable com.google.android.gms/com.google.android.gms.update.SystemUpdateService
I/art     ( 5898): Explicit concurrent mark sweep GC freed 112984(6MB) AllocSpace objects, 47(752KB) LOS objects, 33% free, 18MB/27MB, paused 1.508ms total 46.383ms
I/SystemServer( 5898): User Service
I/lowmemorykiller( 3670): ActivityManager connected
I/SystemServiceManager( 5898): Starting com.android.server.lights.LightsService
I/SystemServiceManager( 5898): Starting com.android.server.BatteryService
I/SystemServiceManager( 5898): Starting com.android.server.usage.UsageStatsService
I/SystemServiceManager( 5898): Starting com.android.server.webkit.WebViewUpdateService
I/SystemServer( 5898): Reading configuration...
I/SystemServer( 5898): Scheduling Policy
I/SystemServer( 5898): Telephony Registry
I/SystemServer( 5898): Entropy Mixer
I/EntropyMixer( 5898): Added HW RNG output to entropy pool
I/EntropyMixer( 5898): Writing entropy...
I/SystemServer( 5898): Account Manager
I/SystemServer( 5898): Content Manager
I/SystemServer( 5898): System Content Providers
W/ActivityManager( 5898): Can't addPackageDependency on system process
D/MDnsDS  ( 5756): MDnsSdListener::Hander starting up
D/MDnsDS  ( 5756): MDnsSdListener starting to monitor
D/MDnsDS  ( 5756): Going to poll with pollCount 1
W/CoreSettingsObserver( 5898): Cannot find setting "debug_view_attributes"
W/CoreSettingsObserver( 5898): android.provider.Settings$SettingNotFoundException: debug_view_attributes
W/CoreSettingsObserver( 5898): 	at android.provider.Settings$Global.getInt(Settings.java:8060)
W/CoreSettingsObserver( 5898): 	at com.android.server.am.CoreSettingsObserver.populateSettings(CoreSettingsObserver.java:129)
W/CoreSettingsObserver( 5898): 	at com.android.server.am.CoreSettingsObserver.sendCoreSettings(CoreSettingsObserver.java:82)
W/CoreSettingsObserver( 5898): 	at com.android.server.am.CoreSettingsObserver.<init>(CoreSettingsObserver.java:65)
W/CoreSettingsObserver( 5898): 	at com.android.server.am.ActivityManagerService.installSystemProviders(ActivityManagerService.java:9976)
W/CoreSettingsObserver( 5898): 	at com.android.server.SystemServer.startOtherServices(SystemServer.java:482)
W/CoreSettingsObserver( 5898): 	at com.android.server.SystemServer.run(SystemServer.java:284)
W/CoreSettingsObserver( 5898): 	at com.android.server.SystemServer.main(SystemServer.java:185)
W/CoreSettingsObserver( 5898): 	at java.lang.reflect.Method.invoke(Native Method)
W/CoreSettingsObserver( 5898): 	at java.lang.reflect.Method.invoke(Method.java:372)
W/CoreSettingsObserver( 5898): 	at com.android.internal.os.ZygoteInit$MethodAndArgsCaller.run(ZygoteInit.java:898)
W/CoreSettingsObserver( 5898): 	at com.android.internal.os.ZygoteInit.main(ZygoteInit.java:693)
I/SystemServer( 5898): Vibrator Service
I/SystemServer( 5898): Consumer IR Service
I/SystemServiceManager( 5898): Starting com.android.server.AlarmManagerService
I/SystemServer( 5898): Init Watchdog
I/SystemServer( 5898): Input Manager
I/InputManager( 5898): Initializing input manager, mUseDevInputEventForAudioJack=false
I/SystemServer( 5898): Window Manager
I/WindowManager( 5898): No existing display settings /data/system/display_settings.xml; starting empty
W/Settings( 5898): Setting dev_force_show_navbar has moved from android.provider.Settings.System to android.provider.Settings.Secure, returning Secure URI.
I/InputManager( 5898): Starting input manager
I/SystemServer( 5898): Bluetooth Manager Service
D/BluetoothManagerService( 5898): Loading stored name and address
D/BluetoothManagerService( 5898): Stored bluetooth Name=null,Address=null
D/EventHub( 5898): No input device configuration file found for device 'hrm_sensor'.
I/SystemServer( 5898): Input Method Service
W/InputMethodManagerService( 5898): Couldn't create dir.: /data/system/inputmethod
W/InputMethodManagerService( 5898): No IME selected. Choose the most applicable IME.
I/InputMethodManagerService( 5898): No default found, using com.android.inputmethod.latin/.LatinIME
I/SystemServer( 5898): Accessibility Manager
I/AudioFlinger( 5757): AudioFlinger's thread 0xb60ba000 ready to run
D/r_submix( 5757): adev_close_input_stream()
D/r_submix( 5757): submix_audio_device_release_pipe()
D/r_submix( 5757): submix_audio_device_destroy_pipe(): pipe destroyed
W/AudioPolicyManager( 5757): Input device 00000001 unreachable
W/AudioPolicyManager( 5757): Input device 00000002 unreachable
W/AudioPolicyManager( 5757): Input device 80000004 unreachable
W/AudioPolicyManager( 5757): Input device 80000080 unreachable
W/AudioPolicyManager( 5757): Input device 80000040 unreachable
E/AudioPolicyManager( 5757): Default device 00000002 is unreachable
E/AudioPolicyManager( 5757): Failed to open primary output
E/AudioPolicyManager( 5757): getDeviceForStrategy() speaker device not found for STRATEGY_SONIFICATION
E/AudioPolicyManager( 5757): getDeviceForStrategy() speaker device not found for STRATEGY_SONIFICATION
D/EventHub( 5898): No input device configuration file found for device 'ssp_context'.
E/SoundTriggerHwService( 5757): couldn't load sound trigger module sound_trigger.primary (No such file or directory)
I/ActivityManager( 5898): Config changes=1df8 {1.0 ?mcc?mnc en_US ldltr sw360dp w360dp h640dp 480dpi nrml long port ?uimode ?night -touch -keyb/h/h -nav/h s.2 themeResource=null}
I/ActivityManager( 5898): Config changes=400 {1.0 ?mcc?mnc en_US ldltr sw360dp w360dp h615dp 480dpi nrml long port ?uimode ?night -touch -keyb/h/h -nav/h s.3 themeResource=null}
I/UsageStatsService( 5898): User[0] Rollover scheduled @ 2015-07-16 00:00:00(1437004800000)
I/SystemServer( 5898): Mount Service
D/MountService( 5898): got storage path: /storage/sdcard0 description: Internal storage primary: true removable: false emulated: true mtpReserve: 100 allowMassStorage: false maxFileSize: 0
D/MountService( 5898): addVolumeLocked() StorageVolume:
D/MountService( 5898):     mStorageId=65537 mPath=/storage/emulated/0 mDescriptionId=17040999 
D/MountService( 5898):     mPrimary=true mRemovable=false mEmulated=true mMtpReserveSpace=100 
D/MountService( 5898):     mAllowMassStorage=false mMaxFileSize=0 mOwner=UserHandle{0} mUuid=null 
D/MountService( 5898):     mUserLabel=null mState=null 
D/MountService( 5898): got storage path: /storage/sdcard1 description: SD card primary: false removable: true emulated: false mtpReserve: 0 allowMassStorage: true maxFileSize: 0
D/MountService( 5898): addVolumeLocked() StorageVolume:
D/MountService( 5898):     mStorageId=0 mPath=/storage/sdcard1 mDescriptionId=17041000 mPrimary=false 
D/MountService( 5898):     mRemovable=true mEmulated=false mMtpReserveSpace=0 mAllowMassStorage=true 
D/MountService( 5898):     mMaxFileSize=0 mOwner=null mUuid=null mUserLabel=null mState=null 
D/MountService( 5898): got storage path: /storage/usbdisk description: USB storage primary: false removable: true emulated: false mtpReserve: 0 allowMassStorage: false maxFileSize: 0
D/MountService( 5898): addVolumeLocked() StorageVolume:
D/MountService( 5898):     mStorageId=0 mPath=/storage/usbdisk mDescriptionId=17041001 mPrimary=false 
D/MountService( 5898):     mRemovable=true mEmulated=false mMtpReserveSpace=0 mAllowMassStorage=false 
D/MountService( 5898):     mMaxFileSize=0 mOwner=null mUuid=null mUserLabel=null mState=null 
I/SystemServer( 5898): LockSettingsService
I/SystemServiceManager( 5898): Starting com.android.server.devicepolicy.DevicePolicyManagerService$Lifecycle
D/EventHub( 5898): No input device configuration file found for device 'meta_event'.
E/MountService( 5898): Error processing initial volume state
E/MountService( 5898): java.lang.NullPointerException: Attempt to invoke virtual method 'java.lang.String android.os.storage.StorageVolume.getPath()' on a null object reference
E/MountService( 5898): 	at com.android.server.MountService.updatePublicVolumeState(MountService.java:752)
E/MountService( 5898): 	at com.android.server.MountService.access$1700(MountService.java:119)
E/MountService( 5898): 	at com.android.server.MountService$3.run(MountService.java:860)
I/PackageManager( 5898): No secure containers found
W/PackageManager( 5898): Unknown permission com.google.android.googleapps.permission.GOOGLE_AUTH.mail in package com.android.calendar
W/PackageManager( 5898): Unknown permission com.qualcomm.permission.USE_PHONE_SERVICE in package com.android.dialer
I/SystemServer( 5898): Status Bar
W/PackageManager( 5898): Unknown permission android.permission.ACCESS_SUPERUSER in package com.cyanogenmod.filemanager
W/PackageManager( 5898): Unknown permission com.cyanogenmod.filemanager.permissions.READ_THEME in package com.cyanogenmod.filemanager
W/PackageManager( 5898): Unknown permission com.cyngn.cmstats.SEND_ANALYTICS in package com.cyanogenmod.setupwizard
W/PackageManager( 5898): Unknown permission com.google.android.gallery3d.permission.PICASA_STORE in package com.android.dreams.phototable
W/PackageManager( 5898): Unknown permission com.google.android.googleapps.permission.GOOGLE_AUTH in package com.android.settings
W/PackageManager( 5898): Unknown permission com.android.launcher.permission.READ_SETTINGS in package com.android.settings
W/PackageManager( 5898): Unknown permission com.android.launcher.permission.WRITE_SETTINGS in package com.android.settings
W/PackageManager( 5898): Not granting permission android.permission.DELETE_PACKAGES to package com.svox.pico (protectionLevel=18 flags=0x8be45)
W/PackageManager( 5898): Unknown permission com.google.android.c2dm.permission.RECEIVE in package org.whispersystems.whisperpush
W/PackageManager( 5898): Not granting permission android.permission.BIND_WALLPAPER to package com.android.camera2 (protectionLevel=18 flags=0x58bc45)
W/PackageManager( 5898): Unknown permission com.google.android.gallery3d.permission.GALLERY_PROVIDER in package com.android.bluetooth
W/PackageManager( 5898): Unknown permission com.android.launcher.permission.READ_SETTINGS in package com.android.onetimeinitializer
W/PackageManager( 5898): Unknown permission com.android.launcher.permission.WRITE_SETTINGS in package com.android.onetimeinitializer
W/PackageManager( 5898): Unknown permission com.google.android.c2dm.permission.RECEIVE in package com.cyanogenmod.account
W/PackageManager( 5898): Not granting permission android.permission.DEVICE_POWER to package com.android.deskclock (protectionLevel=2 flags=0x48be45)
W/PackageManager( 5898): Unknown permission com.android.deskclock.worldclock.permissions.WRITE_DATABASE in package com.android.deskclock
W/PackageManager( 5898): Unknown permission com.google.android.googleapps.permission.GOOGLE_AUTH in package com.android.providers.calendar
W/PackageManager( 5898): Unknown permission com.google.android.googleapps.permission.GOOGLE_AUTH.cl in package com.android.providers.calendar
W/PackageManager( 5898): Not granting permission android.permission.WRITE_MEDIA_STORAGE to package com.android.soundrecorder (protectionLevel=18 flags=0x8be45)
W/PackageManager( 5898): Unknown permission android.permission.INSTALL_DRM in package com.android.mms
W/PackageManager( 5898): Unknown permission com.qualcomm.permission.USE_PHONE_SERVICE in package com.android.mms
W/PackageManager( 5898): Not granting permission android.permission.MANAGE_DOCUMENTS to package com.android.mms (protectionLevel=2 flags=0x4049be65)
W/PackageManager( 5898): Not granting permission android.permission.ACCESS_DOWNLOAD_MANAGER to package com.android.browser (protectionLevel=18 flags=0x49be45)
W/PackageManager( 5898): Not granting permission android.permission.SEND_DOWNLOAD_COMPLETED_INTENTS to package com.android.browser (protectionLevel=2 flags=0x49be45)
W/PackageManager( 5898): Unknown permission com.google.android.googleapps.permission.ACCESS_GOOGLE_PASSWORD in package com.android.development
W/PackageManager( 5898): Unknown permission com.google.android.googleapps.permission.GOOGLE_AUTH in package com.android.development
W/PackageManager( 5898): Unknown permission com.google.android.googleapps.permission.GOOGLE_AUTH.ALL_SERVICES in package com.android.development
W/PackageManager( 5898): Unknown permission com.google.android.googleapps.permission.GOOGLE_AUTH.YouTubeUser in package com.android.development
W/PackageManager( 5898): Unknown permission com.android.launcher.permission.READ_SETTINGS in package com.cyanogenmod.trebuchet
W/PackageManager( 5898): Unknown permission com.android.launcher.permission.WRITE_SETTINGS in package com.cyanogenmod.trebuchet
W/PackageManager( 5898): Unknown permission android.permission.CANCEL_NOTIFICATIONS in package org.cyanogenmod.theme.chooser
I/SystemServer( 5898): Clipboard Service
W/ClipboardService( 5898): No security bridge jar found, using default
I/SystemServer( 5898): TorchService
E/CameraService( 5757): getCameraVendorTagDescriptor: camera hardware module doesn't exist
E/CameraMetadata-JNI( 5898): CameraMetadata_setupGlobalVendorTagDescriptor: Failed to setup vendor tag descriptors, received error No such device (-19)
W/CameraManager( 5898): Failed to set up vendor tags: The camera device is removable and has been disconnected from the Android device, or the camera service has shut down the connection due to a higher-priority access request for the camera device.
E/TorchService( 5898): Couldn't initialize.
E/TorchService( 5898): java.lang.NumberFormatException: Invalid int: "null"
E/TorchService( 5898): 	at java.lang.Integer.invalidInt(Integer.java:138)
E/TorchService( 5898): 	at java.lang.Integer.parseInt(Integer.java:358)
E/TorchService( 5898): 	at java.lang.Integer.parseInt(Integer.java:334)
E/TorchService( 5898): 	at java.lang.Integer.valueOf(Integer.java:525)
E/TorchService( 5898): 	at com.android.server.TorchService.initialize(TorchService.java:104)
E/TorchService( 5898): 	at com.android.server.TorchService.<init>(TorchService.java:99)
E/TorchService( 5898): 	at com.android.server.SystemServer.startOtherServices(SystemServer.java:656)
E/TorchService( 5898): 	at com.android.server.SystemServer.run(SystemServer.java:284)
E/TorchService( 5898): 	at com.android.server.SystemServer.main(SystemServer.java:185)
E/TorchService( 5898): 	at java.lang.reflect.Method.invoke(Native Method)
E/TorchService( 5898): 	at java.lang.reflect.Method.invoke(Method.java:372)
E/TorchService( 5898): 	at com.android.internal.os.ZygoteInit$MethodAndArgsCaller.run(ZygoteInit.java:898)
E/TorchService( 5898): 	at com.android.internal.os.ZygoteInit.main(ZygoteInit.java:693)
I/SystemServer( 5898): NetworkManagement Service
I/SystemServer( 5898): Text Service Manager Service
I/SystemServer( 5898): Network Score Service
I/SystemServer( 5898): NetworkStats Service
I/SystemServer( 5898): NetworkPolicy Service
D/EventHub( 5898): No input device configuration file found for device 'step_cnt_sensor'.
I/SystemServiceManager( 5898): Starting com.android.server.wifi.p2p.WifiP2pService
E/art     ( 5898): dlopen("/system/lib/libwifi-service.so", RTLD_LAZY) failed: dlopen failed: cannot locate symbol "wifi_stop_olsrd" referenced by "libwifi-service.so"...
E/System  ( 5898): ******************************************
E/System  ( 5898): ************ Failure starting system services
E/System  ( 5898): java.lang.RuntimeException: Failed to create service com.android.server.wifi.p2p.WifiP2pService: service constructor threw an exception
E/System  ( 5898): 	at com.android.server.SystemServiceManager.startService(SystemServiceManager.java:100)
E/System  ( 5898): 	at com.android.server.SystemServiceManager.startService(SystemServiceManager.java:65)
E/System  ( 5898): 	at com.android.server.SystemServer.startOtherServices(SystemServer.java:710)
E/System  ( 5898): 	at com.android.server.SystemServer.run(SystemServer.java:284)
E/System  ( 5898): 	at com.android.server.SystemServer.main(SystemServer.java:185)
E/System  ( 5898): 	at java.lang.reflect.Method.invoke(Native Method)
E/System  ( 5898): 	at java.lang.reflect.Method.invoke(Method.java:372)
E/System  ( 5898): 	at com.android.internal.os.ZygoteInit$MethodAndArgsCaller.run(ZygoteInit.java:898)
E/System  ( 5898): 	at com.android.internal.os.ZygoteInit.main(ZygoteInit.java:693)
E/System  ( 5898): Caused by: java.lang.reflect.InvocationTargetException
E/System  ( 5898): 	at java.lang.reflect.Constructor.newInstance(Native Method)
E/System  ( 5898): 	at java.lang.reflect.Constructor.newInstance(Constructor.java:288)
E/System  ( 5898): 	at com.android.server.SystemServiceManager.startService(SystemServiceManager.java:89)
E/System  ( 5898): 	... 8 more
E/System  ( 5898): Caused by: java.lang.UnsatisfiedLinkError: dlopen failed: cannot locate symbol "wifi_stop_olsrd" referenced by "libwifi-service.so"...
E/System  ( 5898): 	at java.lang.Runtime.loadLibrary(Runtime.java:371)
E/System  ( 5898): 	at java.lang.System.loadLibrary(System.java:989)
E/System  ( 5898): 	at com.android.server.wifi.WifiNative.<clinit>(WifiNative.java:72)
E/System  ( 5898): 	at com.android.server.wifi.p2p.WifiP2pServiceImpl$P2pStateMachine.<init>(WifiP2pServiceImpl.java:511)
E/System  ( 5898): 	at com.android.server.wifi.p2p.WifiP2pServiceImpl.<init>(WifiP2pServiceImpl.java:379)
E/System  ( 5898): 	at com.android.server.wifi.p2p.WifiP2pService.<init>(WifiP2pService.java:30)
E/System  ( 5898): 	... 11 more
D/AndroidRuntime( 5898): Shutting down VM
E/AndroidRuntime( 5898): *** FATAL EXCEPTION IN SYSTEM PROCESS: main
E/AndroidRuntime( 5898): java.lang.RuntimeException: Failed to create service com.android.server.wifi.p2p.WifiP2pService: service constructor threw an exception
E/AndroidRuntime( 5898): 	at com.android.server.SystemServiceManager.startService(SystemServiceManager.java:100)
E/AndroidRuntime( 5898): 	at com.android.server.SystemServiceManager.startService(SystemServiceManager.java:65)
E/AndroidRuntime( 5898): 	at com.android.server.SystemServer.startOtherServices(SystemServer.java:710)
E/AndroidRuntime( 5898): 	at com.android.server.SystemServer.run(SystemServer.java:284)
E/AndroidRuntime( 5898): 	at com.android.server.SystemServer.main(SystemServer.java:185)
E/AndroidRuntime( 5898): 	at java.lang.reflect.Method.invoke(Native Method)
E/AndroidRuntime( 5898): 	at java.lang.reflect.Method.invoke(Method.java:372)
E/AndroidRuntime( 5898): 	at com.android.internal.os.ZygoteInit$MethodAndArgsCaller.run(ZygoteInit.java:898)
E/AndroidRuntime( 5898): 	at com.android.internal.os.ZygoteInit.main(ZygoteInit.java:693)
E/AndroidRuntime( 5898): Caused by: java.lang.reflect.InvocationTargetException
E/AndroidRuntime( 5898): 	at java.lang.reflect.Constructor.newInstance(Native Method)
E/AndroidRuntime( 5898): 	at java.lang.reflect.Constructor.newInstance(Constructor.java:288)
E/AndroidRuntime( 5898): 	at com.android.server.SystemServiceManager.startService(SystemServiceManager.java:89)
E/AndroidRuntime( 5898): 	... 8 more
E/AndroidRuntime( 5898): Caused by: java.lang.UnsatisfiedLinkError: dlopen failed: cannot locate symbol "wifi_stop_olsrd" referenced by "libwifi-service.so"...
E/AndroidRuntime( 5898): 	at java.lang.Runtime.loadLibrary(Runtime.java:371)
E/AndroidRuntime( 5898): 	at java.lang.System.loadLibrary(System.java:989)
E/AndroidRuntime( 5898): 	at com.android.server.wifi.WifiNative.<clinit>(WifiNative.java:72)
E/AndroidRuntime( 5898): 	at com.android.server.wifi.p2p.WifiP2pServiceImpl$P2pStateMachine.<init>(WifiP2pServiceImpl.java:511)
E/AndroidRuntime( 5898): 	at com.android.server.wifi.p2p.WifiP2pServiceImpl.<init>(WifiP2pServiceImpl.java:379)
E/AndroidRuntime( 5898): 	at com.android.server.wifi.p2p.WifiP2pService.<init>(WifiP2pService.java:30)
E/AndroidRuntime( 5898): 	... 11 more
I/Process ( 5898): Sending signal. PID: 5898 SIG: 9
I/ServiceManager( 3671): service 'sensorservice' died
I/ServiceManager( 3671): service 'display' died
I/ServiceManager( 3671): service 'batterystats' died
I/ServiceManager( 3671): service 'appops' died
I/ServiceManager( 3671): service 'power' died
I/ServiceManager( 3671): service 'hardware' died
I/ServiceManager( 3671): service 'permission' died
I/ServiceManager( 3671): service 'cpuinfo' died
I/ServiceManager( 3671): service 'dbinfo' died
I/ServiceManager( 3671): service 'gfxinfo' died
I/ServiceManager( 3671): service 'meminfo' died
I/ServiceManager( 3671): service 'procstats' died
I/ServiceManager( 3671): service 'user' died
I/ServiceManager( 3671):