D/SuperSU][APK( 5207): [SuperSU][APK][Installer] su old --> -2
D/SuperSU][APK( 5207): [SuperSU][APK][Installer] app_process --> 0
I/art     ( 4135): Explicit concurrent mark sweep GC freed 13753(1347KB) AllocSpace objects, 25(2MB) LOS objects, 33% free, 22MB/33MB, paused 3.501ms total 61.040ms
I/ActivityManager( 4135): Start proc com.cyanogenmod.updater for broadcast com.cyanogenmod.updater/.receiver.UpdateCheckReceiver: pid=5398 uid=10003 gids={50003, 9997, 3003, 1028, 1015, 2001} abi=armeabi-v7a
D/KeyguardUpdateMonitor( 4314): ACTION_SERVICE_STATE_CHANGED on sub: -1 mServiceState: 1 1 home null null null  Unknown Unknown CSS not supported -1 -1 RoamInd=-1 DefRoamInd=-1 EmergOnly=false
I/WifiNative-HAL( 4135): startHal
E/wifi    ( 4135): getStaticLongField sWifiHalHandle 0x9e6e887c
D/wifi    ( 4135): halHandle = 0x0, mVM = 0xb515c280, mCls = 0x600dee
I/WifiNative-HAL( 4135): Could not start hal
D/SuperSU][APK( 5207): [SuperSU][APK][Installer] sdk == 21
D/SuperSU][APK( 5207): [SuperSU][APK][Installer] xbin_only == 0
D/SuperSU][APK( 5207): [SuperSU][APK][Installer] selinux_enforcing == 0
D/SuperSU][APK( 5207): [SuperSU][APK][Installer] is_daemon_mode == 1
D/SuperSU][APK( 5207): [SuperSU][APK][Installer] is_sugote_needed == 1
D/SuperSU][APK( 5207): [SuperSU][APK][Installer] is_supolicy_needed == 1
D/SuperSU][APK( 5207): [SuperSU][APK][Installer] context_toolbox == u:object_r:system_file:s0
D/SuperSU][APK( 5207): [SuperSU][APK][Installer] want_install == 0
D/SuperSU][APK( 5207): [SuperSU][APK][Installer] want_backup == 0
D/SuperSU][APK( 5207): [SuperSU][APK][Installer] want_daemon == 0
D/SuperSU][APK( 5207): [SuperSU][APK][Installer] want_sugote == 0
D/SuperSU][APK( 5207): [SuperSU][APK][Installer] want_supolicy == 0
D/SuperSU][APK( 5207): [SuperSU][APK][Installer] want_app_process == 0
D/SuperSU][APK( 5207): [SuperSU][APK][Installer] have_recovery_context == 0
D/SuperSU][APK( 5207): [SuperSU][APK][Installer] wantInstall() == 0
D/SuperSU][APK( 5207): [SuperSU][APK][Installer] canInstall() == 1
D/GpsLocationProvider( 4135): received SIM realted action: android.intent.action.SIM_STATE_CHANGED
D/PhoneStatusBarPolicy( 4314): updateSimState for subId :-1
D/PhoneStatusBarPolicy( 4314): updateSimState for phoneId :0
D/PhoneStatusBarPolicy( 4314): updateSimState for Slot :-1
D/GpsLocationProvider( 4135): SIM MCC/MNC is still not available
D/GpsLocationProvider( 4135): received SIM realted action: android.intent.action.SIM_STATE_CHANGED
D/GpsLocationProvider( 4135): SIM MCC/MNC is still not available
D/PhoneStatusBarPolicy( 4314): updateSimState for subId :-1
D/PhoneStatusBarPolicy( 4314): updateSimState for phoneId :0
D/PhoneStatusBarPolicy( 4314): updateSimState for Slot :-1
D/PhoneStatusBar( 4314): disable: < expand ICONS alerts SYSTEM_INFO back HOME RECENT clock SEARCH >
W/bt-btm  ( 5103): btm_decode_ext_features_page Secure conn Host support Enabled
W/bt-btm  ( 5103): btm_decode_ext_features_page Secure conn Controller support Enabled
E/bt-btm  ( 5103): BTM_SecRegister:p_cb_info->p_le_callback == 0xa2008051 
E/bt-btm  ( 5103): BTM_SecRegister: btm_cb.api.p_le_callback = 0xa2008051 
I/UpdateCheckReceiver( 5398): Scheduling future, repeating update checks.
I/ActivityManager( 4135): Start proc com.android.providers.calendar for broadcast com.android.providers.calendar/.CalendarReceiver: pid=5448 uid=10004 gids={50004, 9997, 3003, 1028, 1015} abi=armeabi-v7a
I/UpdateCheckService( 5398): Could not check for updates. Not connected to the network.
W/SurfaceFlinger( 3687): Ignoring duplicate VSYNC event from HWC (t=20825420876)
E/SuperSU ( 5207): SU BINARY IS NOT RUNNING AS "u:r:init:s0" - THIS WILL CAUSE ISSUES
W/ResourcesManager( 5448): Asset path '/system/framework/android.test.runner.jar' does not exist or contains no resources.
E/bt-btif ( 5103): Calling BTA_HhEnable
E/bt-btif ( 5103): btif_storage_get_adapter_property service_mask:0x2140040
D/bt-btif ( 5103): AG evt (hdl 0x0001): State 0, Event 0x0500
W/bt-l2cap( 5103): L2CAP - L2CA_Register() called for PSM: 0x0019
D/BluetoothAdapterProperties( 5103): Address is:14:B4:84:6F:66:79
W/bt-l2cap( 5103): L2CAP - L2CA_Register() called for PSM: 0x0017
D/bt-btif ( 5103):  AVRC_Open AVRC_Open role: 1, control:3 status:0, handle:0
W/bt-l2cap( 5103): L2CAP - L2CA_Register() called for PSM: 0x0011
W/bt-l2cap( 5103): L2CAP - L2CA_Register() called for PSM: 0x0013
D/BluetoothAdapterProperties( 5103): Name is: SM-G900H
D/BluetoothManagerService( 4135): Bluetooth Adapter name changed to SM-G900H
D/BluetoothManagerService( 4135): Stored Bluetooth name: SM-G900H
D/BluetoothAdapterProperties( 5103): Scan Mode:21
D/BluetoothAdapterProperties( 5103): Discoverable Timeout:120
D/bt_vendor( 5103): op for 2
D/bt_vendor( 5103): op for 6
W/bt-l2cap( 5103): L2CAP - L2CA_Register() called for PSM: 0x000f
D/bt_vendor( 5103): op for 7
D/bt_vendor( 5103): op for 7
D/bte_conf( 5103): Device ID record 1 : primary
D/bte_conf( 5103):   vendorId            = 001d
D/bte_conf( 5103):   vendorIdSource      = 0001
D/bte_conf( 5103):   product             = 1200
D/bte_conf( 5103):   version             = 1436
D/bt_upio ( 5103): BT_WAKE is asserted already
D/bte_conf( 5103):   clientExecutableURL = 
D/bte_conf( 5103):   serviceDescription  = 
D/bte_conf( 5103):   documentationURL    = 
D/bte_conf( 5103): bte_load_did_conf no section named DID2.
D/bt-btif ( 5103): btif_hf_upstreams_evt: event=BTA_AG_ENABLE_EVT
E/bt-btif ( 5103): btif_hf_upstreams_evt: Invalid index 21342
D/bt-btif ( 5103): btif_hf_upstreams_evt: event=BTA_AG_REGISTER_EVT
D/bt-btif ( 5103): btif_av_state_idle_handler event:BTA_AV_ENABLE_EVT flags 0
D/bt-btif ( 5103): btif_av_state_idle_handler event:BTA_AV_REGISTER_EVT flags 0
D/BluetoothPanServiceJni( 5103): control_state_callback(L61): state:0, local_role:3, ifname:bt-pan
D/BluetoothAdapterState( 5103): CURRENT_STATE=PENDING, MESSAGE = ENABLE_READY, isTurningOn=true, isTurningOff=false
D/BluetoothAdapterProperties( 5103): ScanMode =  21
D/BluetoothAdapterProperties( 5103): State =  11
D/BluetoothAdapterProperties( 5103): Setting state to 12
I/BluetoothAdapterState( 5103): Bluetooth adapter state changed: 11-> 12
D/BluetoothAdapterProperties( 5103): Discoverable Timeout:120
D/bt_vendor( 5103): op for 7
D/bt_upio ( 5103): BT_WAKE is asserted already
I/BluetoothAdapterState( 5103): Entering On State
D/BluetoothManagerService( 4135): Message: 60
D/BluetoothManagerService( 4135): MESSAGE_BLUETOOTH_STATE_CHANGE: prevState = 11, newState=12
D/BluetoothManagerService( 4135): Broadcasting onBluetoothStateChange(true) to 5 receivers.
D/BluetoothHeadset( 4800): onBluetoothStateChange: up=true
D/BluetoothHeadset( 4778): onBluetoothStateChange: up=true
D/BluetoothHeadset( 4135): onBluetoothStateChange: up=true
D/BluetoothA2dp( 4135): onBluetoothStateChange: up=true
D/BluetoothHeadset( 4778): onBluetoothStateChange: up=true
D/BluetoothManagerService( 4135): Bluetooth State Change Intent: 11 -> 12
D/BluetoothManagerService( 4135): BluetoothServiceConnection: com.android.bluetooth.gatt.GattService
D/BluetoothManagerService( 4135): Message: 40
D/BluetoothManagerService( 4135): MESSAGE_BLUETOOTH_SERVICE_CONNECTED: 2
I/QBluetoothAdapterService( 5103): REFCOUNT: CREATED. INSTANCE_COUNT1
D/Telecom ( 4778): BluetoothPhoneService: Bluetooth Adapter state: 12
I/Telecom ( 4778): BluetoothPhoneService: handleMessage: request is null
I/bluedroid( 5103): initq
D/BluetoothManagerService( 4135): BluetoothServiceConnection: com.android.bluetooth.btservice.QAdapterService
E/BluetoothManagerService( 4135): Bluetooth Q service connected: com.android.bluetooth.btservice.QAdapterService
D/BluetoothMapService( 5103): onReceive
D/BluetoothMapService( 5103): onReceive, action android.bluetooth.adapter.action.STATE_CHANGED
D/BluetoothMapService( 5103): STATE_ON
V/BluetoothMapService( 5103): Handler(): got msg=1
I/DisplayManagerService( 4135): Display device changed: DisplayDeviceInfo{"Pantalla integrada": 1080 x 1920, 60.000004 fps, supportedRefreshRates [60.000004], density 480, 422.03 x 424.069 dpi, appVsyncOff 0, presDeadline 17666666, touch INTERNAL, rotation 0, type BUILT_IN, state OFF, FLAG_DEFAULT_DISPLAY, FLAG_ROTATES_WITH_CONTENT, FLAG_SECURE, FLAG_SUPPORTS_PROTECTED_BUFFERS}
D/BluetoothManagerService( 4135): Message: 40
D/BluetoothManagerService( 4135): MESSAGE_BLUETOOTH_SERVICE_CONNECTED: 3
V/ActivityManager( 4135): Display changed displayId=0
D/BluetoothManagerService( 4135): mQBluetooth: android.bluetooth.IQBluetooth$Stub$Proxy@2d5f0076
D/BluetoothManagerService( 4135): Calling onQBluetoothServiceUp callbacks
D/BluetoothManagerService( 4135): Broadcasting onQBluetoothServiceUp() to 0 receivers.
D/SurfaceFlinger( 3687): Set power mode=0, type=0 flinger=0xb6a62000
D/BluetoothManagerService( 4135): checkIfCallerIsForegroundUser: valid=true callingUser=0 foregroundUser=0
W/ContextImpl( 5072): Calling a method in the system process without a qualified user: android.app.ContextImpl.startService:1726 android.content.ContextWrapper.startService:521 android.content.ContextWrapper.startService:521 com.android.settings.bluetooth.DockEventReceiver.beginStartingService:134 com.android.settings.bluetooth.DockEventReceiver.onReceive:115 
D/bt_vendor( 5103): op for 7
D/bt_upio ( 5103): BT_WAKE is asserted already
W/bt-smp  ( 5103): Key(LSB ~ MSB) = f1 cc e1 44 82 1c 45 76 77 4e 1b 45 1d 1d 6c ce 
W/bt-smp  ( 5103): Plain text(LSB ~ MSB) = 7e 69 4e 00 00 00 00 00 00 00 00 00 00 00 00 00 
W/bt-smp  ( 5103): Encrypted text(LSB ~ MSB) = 63 10 0e 3d 72 58 fb 90 98 fe 6c fb 11 a9 71 4a 
W/bt-btm  ( 5103): Stopping oneshot timer
E/bt_h4   ( 5103): vendor lib postload completed
D/bt_vendor( 5103): op for 7
D/bt_upio ( 5103): BT_WAKE is asserted already
D/bt_vendor( 5103): op for 7
D/bt_upio ( 5103): BT_WAKE is asserted already
D/bt_vendor( 5103): op for 7
D/bt_upio ( 5103): BT_WAKE is asserted already
W/BluetoothAdapter( 5103): getBluetoothService() called with no BluetoothManagerCallback
D/BluetoothMapService( 5103): inside SocketAcceptThread
D/bt_vendor( 5103): op for 7
D/bt_upio ( 5103): BT_WAKE is asserted already
D/bt_vendor( 5103): op for 7
D/bt_upio ( 5103): BT_WAKE is asserted already
D/BluetoothAdapterProperties( 5103): Scan Mode:21
I/CalendarProvider2( 5448): Created com.android.providers.calendar.CalendarAlarmManager@39e1aeef(com.android.providers.calendar.CalendarProvider2@243e7dfc)
D/bt_vendor( 5103): op for 7
D/bt_upio ( 5103): BT_WAKE is asserted already
D/BluetoothMapService( 5103): Removing from the list, masid 0
D/BluetoothMapService( 5103): Accepting socket connection...
D/bt_vendor( 5103): op for 7
D/bt_upio ( 5103): BT_WAKE is asserted already
D/bt_vendor( 5103): op for 7
D/bt_upio ( 5103): BT_WAKE is asserted already
W/bt-smp  ( 5103): Key(LSB ~ MSB) = f1 cc e1 44 82 1c 45 76 77 4e 1b 45 1d 1d 6c ce 
W/bt-smp  ( 5103): Plain text(LSB ~ MSB) = 74 05 71 00 00 00 00 00 00 00 00 00 00 00 00 00 
W/bt-smp  ( 5103): Encrypted text(LSB ~ MSB) = 48 47 33 24 1e 21 13 88 85 6a 13 21 9f 33 58 78 
W/bt-btm  ( 5103): Stopping oneshot timer
D/bt_vendor( 5103): op for 7
D/bt_upio ( 5103): BT_WAKE is asserted already
D/BluetoothManagerService( 4135): Message: 20
D/BluetoothManagerService( 4135): Added callback: android.bluetooth.IBluetoothManagerCallback$Stub$Proxy@1416a950:true
D/bt_vendor( 5103): op for 7
D/bt_upio ( 5103): BT_WAKE is asserted already
D/bt_vendor( 5103): op for 7
D/bt_upio ( 5103): BT_WAKE is asserted already
D/bt_vendor( 5103): op for 7
D/bt_upio ( 5103): BT_WAKE is asserted already
W/bt-smp  ( 5103): Key(LSB ~ MSB) = f1 cc e1 44 82 1c 45 76 77 4e 1b 45 1d 1d 6c ce 
W/bt-smp  ( 5103): Plain text(LSB ~ MSB) = ca 6f 42 00 00 00 00 00 00 00 00 00 00 00 00 00 
W/bt-smp  ( 5103): Encrypted text(LSB ~ MSB) = 02 12 ba 02 37 62 94 a5 7a 4b ea a0 3c a1 3c c3 
W/bt-btm  ( 5103): Stopping oneshot timer
D/bt_vendor( 5103): op for 7
D/bt_upio ( 5103): BT_WAKE is asserted already
D/bt_vendor( 5103): op for 7
D/bt_upio ( 5103): BT_WAKE is asserted already
D/bt_vendor( 5103): op for 7
D/bt_upio ( 5103): BT_WAKE is asserted already
W/bt-smp  ( 5103): Key(LSB ~ MSB) = f1 cc e1 44 82 1c 45 76 77 4e 1b 45 1d 1d 6c ce 
W/bt-smp  ( 5103): Plain text(LSB ~ MSB) = 34 26 5d 00 00 00 00 00 00 00 00 00 00 00 00 00 
W/bt-smp  ( 5103): Encrypted text(LSB ~ MSB) = 2f 57 f8 45 62 80 35 c0 59 be 68 22 68 1a 34 ab 
W/bt-btm  ( 5103): Stopping oneshot timer
D/bt_vendor( 5103): op for 7
D/bt_upio ( 5103): BT_WAKE is asserted already
D/bt_vendor( 5103): op for 7
D/bt_upio ( 5103): BT_WAKE is asserted already
D/bt_vendor( 5103): op for 7
D/bt_upio ( 5103): BT_WAKE is asserted already
D/bt_vendor( 5103): op for 7
D/bt_upio ( 5103): BT_WAKE is asserted already
W/bt-smp  ( 5103): Key(LSB ~ MSB) = f1 cc e1 44 82 1c 45 76 77 4e 1b 45 1d 1d 6c ce 
W/bt-smp  ( 5103): Plain text(LSB ~ MSB) = 30 a5 42 00 00 00 00 00 00 00 00 00 00 00 00 00 
W/bt-smp  ( 5103): Encrypted text(LSB ~ MSB) = 5b 4e a1 05 2f 73 6d b0 a3 ae 01 c7 0c 05 f5 89 
W/bt-btm  ( 5103): Stopping oneshot timer
D/bt_vendor( 5103): op for 7
D/bt_upio ( 5103): BT_WAKE is asserted already
D/bt_vendor( 5103): op for 7
D/bt_upio ( 5103): BT_WAKE is asserted already
D/bt_vendor( 5103): op for 7
D/bt_upio ( 5103): BT_WAKE is asserted already
D/bt_vendor( 5103): op for 7
D/bt_upio ( 5103): BT_WAKE is asserted already
D/bt_vendor( 5103): op for 7
D/bt_upio ( 5103): BT_WAKE is asserted already
D/bt_vendor( 5103): op for 7
D/bt_upio ( 5103): BT_WAKE is asserted already
D/bt_vendor( 5103): op for 7
D/bt_upio ( 5103): BT_WAKE is asserted already
D/bt_vendor( 5103): op for 7
D/bt_upio ( 5103): BT_WAKE is asserted already
D/bt_vendor( 5103): op for 7
D/bt_upio ( 5103): BT_WAKE is asserted already
D/bt_vendor( 5103): op for 7
D/bt_upio ( 5103): BT_WAKE is asserted already
D/bt_vendor( 5103): op for 7
D/bt_upio ( 5103): BT_WAKE is asserted already
D/bt_vendor( 5103): op for 7
D/bt_upio ( 5103): BT_WAKE is asserted already
D/bt_vendor( 5103): op for 7
D/bt_upio ( 5103): BT_WAKE is asserted already
D/bt_vendor( 5103): op for 7
D/bt_upio ( 5103): BT_WAKE is asserted already
D/bt_vendor( 5103): op for 7
D/bt_upio ( 5103): BT_WAKE is asserted already
D/bt_vendor( 5103): op for 7
D/bt_upio ( 5103): BT_WAKE is asserted already
D/bt_vendor( 5103): op for 7
D/bt_upio ( 5103): BT_WAKE is asserted already
D/bt_vendor( 5103): op for 7
D/bt_upio ( 5103): BT_WAKE is asserted already
I/ActivityManager( 4135): Start proc com.android.email for content provider com.android.email/.provider.EmailProvider: pid=5487 uid=10033 gids={50033, 9997, 3003, 1028, 1015} abi=armeabi-v7a
D/LocalBluetoothProfileManager( 5072): Adding local A2DP SRC profile
D/BluetoothManagerService( 4135): Message: 30
D/LocalBluetoothProfileManager( 5072): Adding local HEADSET profile
I/art     ( 3700): Explicit concurrent mark sweep GC freed 706(30KB) AllocSpace objects, 0(0B) LOS objects, 39% free, 15MB/25MB, paused 219us total 11.792ms
D/BluetoothManagerService( 4135): Message: 30
D/BluetoothManagerService( 4135): Message: 30
I/art     ( 3700): Explicit concurrent mark sweep GC freed 5(160B) AllocSpace objects, 0(0B) LOS objects, 39% free, 15MB/25MB, paused 185us total 10.796ms
D/BluetoothManagerService( 4135): Message: 30
D/LocalBluetoothProfileManager( 5072): Adding local MAP profile
D/BluetoothMap( 5072): Create BluetoothMap proxy object
D/BluetoothManagerService( 4135): Message: 30
D/BluetoothManagerService( 4135): Message: 30
I/art     ( 3700): Explicit concurrent mark sweep GC freed 5(160B) AllocSpace objects, 0(0B) LOS objects, 39% free, 15MB/25MB, paused 208us total 11.011ms
D/LocalBluetoothProfileManager( 5072): LocalBluetoothProfileManager construction complete
I/ActivityManager( 4135): Start proc com.android.managedprovisioning for broadcast com.android.managedprovisioning/.BootReminder: pid=5520 uid=10011 gids={50011, 9997, 1028, 3003} abi=armeabi-v7a
D/DockEventReceiver( 5072): finishStartingService: stopping service
D/BluetoothA2dp( 5072): Proxy object connected
D/A2dpProfile( 5072): Bluetooth service connected
D/BluetoothHeadset( 5072): Proxy object connected
D/HeadsetProfile( 5072): Bluetooth service connected
D/SurfaceControl( 4135): Excessive delay in setPowerMode(): 187ms
D/MccTable( 4800): updateMccMncConfiguration mccmnc='72234' fromServiceState=false
D/MccTable( 4800): updateMccMncConfiguration defaultMccMnc=
D/MccTable( 4800): updateMccMncConfiguration: mcc=722, mnc=34
D/MccTable( 4800): getLocaleFromMcc to null_ar mcc=722
D/MccTable( 4800): getLocaleForLanguageCountry: skipping no language
D/MccTable( 4800): updateMccMncConfiguration updateConfig config={1.0 722mcc34mnc ?locale ?layoutDir ?swdp ?wdp ?hdp ?density ?lsize ?long ?orien ?uimode ?night ?touch ?keyb/?/? ?nav/? themeResource=null}
I/ActivityManager( 4135): Config changes=3 {1.0 722mcc34mnc es_ES ldltr sw360dp w360dp h615dp 480dpi nrml long port finger -keyb/v/h -nav/h s.7 themeResource=themes:{default=overlay:system, iconPack:system, fontPkg:system, com.android.systemui=overlay:system, com.android.systemui.navbar=overlay:system}}
D/ActivityThread( 5487): Loading provider com.android.email.provider;com.android.email.notifier: com.android.email.provider.EmailProvider
D/ActivityThread( 5487): Loading provider com.android.email.provider;com.android.email.notifier: com.android.email.provider.EmailProvider
I/art     ( 4822): Explicit concurrent mark sweep GC freed 31405(2MB) AllocSpace objects, 32(2MB) LOS objects, 40% free, 23MB/39MB, paused 1.166ms total 44.454ms
I/art     ( 4822): Explicit concurrent mark sweep GC freed 6272(440KB) AllocSpace objects, 12(2MB) LOS objects, 39% free, 21MB/35MB, paused 1.924ms total 21.030ms
I/ActivityManager( 4135): Start proc com.android.mms for broadcast com.android.mms/.transaction.MmsSystemEventReceiver: pid=5560 uid=10012 gids={50012, 9997, 3003, 1028, 1015} abi=armeabi-v7a
W/ActivityManager( 4135): Unable to start service Intent { cmp=com.android.email/.service.AttachmentService } U=0: not found
W/ActivityManager( 4135): Unable to start service Intent { cmp=com.android.email/.service.AttachmentService } U=0: not found
I/art     ( 4822): Explicit concurrent mark sweep GC freed 9(344B) AllocSpace objects, 0(0B) LOS objects, 40% free, 21MB/35MB, paused 3.061ms total 21.223ms
I/Email   ( 5487): Observing account changes for notifications
I/ActivityManager( 4135): Start proc com.android.exchange for service com.android.exchange/.service.EasService: pid=5585 uid=10034 gids={50034, 9997, 3003, 1028, 1015} abi=armeabi-v7a
W/ActivityManager( 4135): Unable to start service Intent { cmp=com.android.email/.service.AttachmentService } U=0: not found
E/SQLiteLog( 5169): (283) recovered 87 frames from WAL file /data/data/com.android.providers.media/databases/internal.db-wal
D/BluetoothManagerService( 4135): checkIfCallerIsForegroundUser: valid=true callingUser=0 foregroundUser=0
W/Launcher( 4822): setApplicationContext called twice! old=com.android.launcher3.LauncherApplication@39e1aeef new=com.android.launcher3.LauncherApplication@39e1aeef
W/BluetoothAdapter( 5103): getBluetoothService() called with no BluetoothManagerCallback
D/A2dpService( 5103): getA2DPService(): returning com.android.bluetooth.a2dp.A2dpService@16a946c4
D/BluetoothInputDevice( 5072): Proxy object connected
D/A2dpSinkService( 5103): getA2dpSinkService(): service is NULL
D/bt_vendor( 5103): op for 7
D/bt_upio ( 5103): BT_WAKE is asserted already
D/HidProfile( 5072): Bluetooth service connected
D/BluetoothPan( 5072): BluetoothPAN Proxy object connected
D/PanProfile( 5072): Bluetooth service connected
D/BluetoothMap( 5072): Proxy object connected
D/MapProfile( 5072): Bluetooth service connected
D/BluetoothMap( 5072): getConnectedDevices()
D/BluetoothPbap( 5072): Proxy object connected
D/PbapServerProfile( 5072): Bluetooth service connected
E/AppsCustomizePagedView( 4822): Create Res Apk Failed
D/LocaleSetManager( 4822): Locale Changed from: null to es-ES
D/Launcher( 4822): 11683562 - bindAddScreens()
D/Launcher( 4822): 11683562 -   orderedScreenIds: 1, 2
D/Launcher.Workspace( 4822): 11683562 - insertNewWorkspaceScreen(): 1 at index: 0
D/Launcher.Workspace( 4822): 11683562 - insertNewWorkspaceScreen(): 2 at index: 1
E/BTEventHandler( 5103): A4WP is not supported
D/CountryDetector( 4135): The first listener is added
D/BluetoothManagerService( 4135): checkIfCallerIsForegroundUser: valid=true callingUser=0 foregroundUser=0
D/BtOppService( 5103): insertShare parsed URI: content://media/external/file/24
V/BtOppL2CapListener( 5103): Starting L2cap listener....
W/BluetoothAdapter( 5103): getBluetoothService() called with no BluetoothManagerCallback
D/BluetoothManagerService( 4135): checkIfCallerIsForegroundUser: valid=true callingUser=0 foregroundUser=0
D/bt_vendor( 5103): op for 7
D/bt_upio ( 5103): BT_WAKE is asserted already
I/BtOppRfcommListener( 5103): Accept thread started.
W/BluetoothAdapter( 5103): getBluetoothService() called with no BluetoothManagerCallback
V/BtOppL2CapListener( 5103): Started L2Cap listener....
I/BtOppL2CapListener( 5103): Accept thread started 
V/BtOppL2CapListener( 5103): Accepting connection...
D/WVMDrmPlugIn( 3689): WVMDrmPlugin::onInitialize : 3164
D/WVMDrmPlugIn( 3689): WVMDrmPlugin::onSetOnInfoListener : add 3164
V/Mms     ( 5560): mnc/mcc: 
V/Mms     ( 5560): tag: int value: maxMessageSize - 1045876
V/Mms     ( 5560): tag: int value: maxImageHeight - 2592
V/Mms     ( 5560): tag: int value: maxImageWidth - 2592
V/Mms     ( 5560): tag: bool value: enableMultipartSMS - true
V/Mms     ( 5560): tag: bool value: enableSplitSMS - false
V/Mms     ( 5560): tag: string value: userAgent - SAMSUNG-SM-G900H-Mms
V/Mms     ( 5560): tag: string value: uaProfUrl - http://wap.samsungmobile.com/uaprof/SM-G900H.xml
I/ContactPhotoManager( 5560): Cache adj: 1.0
E/ContactPhotoManager( 5560): No contact photo service in context: com.android.mms.MmsApp@25e69c85
I/Exchange( 5585): PSS has no active accounts; stopping service.
W/ResourcesManager( 4314): Asset path '/system/framework/javax.btobex.jar' does not exist or contains no resources.
D/MccTable( 4800): updateMccMncConfiguration mccmnc='' fromServiceState=false
I/ActivityManager( 4135): Start proc com.android.onetimeinitializer for broadcast com.android.onetimeinitializer/.OneTimeInitializerReceiver: pid=5644 uid=10013 gids={50013, 9997} abi=armeabi-v7a
D/MmsSmsDatabaseHelper( 4800): [MmsSmsDb] tableName: threads hasAutoIncrement: CREATE TABLE threads (_id INTEGER PRIMARY KEY AUTOINCREMENT,date INTEGER DEFAULT 0,message_count INTEGER DEFAULT 0,recipient_ids TEXT,snippet TEXT,snippet_cs INTEGER DEFAULT 0,read INTEGER DEFAULT 1,archived INTEGER DEFAULT 0,type INTEGER DEFAULT 0,error INTEGER DEFAULT 0,has_attachment INTEGER DEFAULT 0) result: true
D/MmsSmsDatabaseHelper( 4800): [MmsSmsDb] tableName: canonical_addresses hasAutoIncrement: CREATE TABLE canonical_addresses (_id INTEGER PRIMARY KEY AUTOINCREMENT,address TEXT) result: true
D/MmsSmsDatabaseHelper( 4800): [MmsSmsDb] tableName: part hasAutoIncrement: CREATE TABLE part (_id INTEGER PRIMARY KEY AUTOINCREMENT,mid INTEGER,seq INTEGER DEFAULT 0,ct TEXT,name TEXT,chset INTEGER,cd TEXT,fn TEXT,cid TEXT,cl TEXT,ctt_s INTEGER,ctt_t TEXT,_data TEXT,text TEXT) result: true
D/MmsSmsDatabaseHelper( 4800): [MmsSmsDb] tableName: pdu hasAutoIncrement: CREATE TABLE pdu (_id INTEGER PRIMARY KEY AUTOINCREMENT,thread_id INTEGER,date INTEGER,date_sent INTEGER DEFAULT 0,msg_box INTEGER,read INTEGER DEFAULT 0,m_id TEXT,sub TEXT,sub_cs INTEGER,ct_t TEXT,ct_l TEXT,exp INTEGER,m_cls TEXT,m_type INTEGER,v INTEGER,m_size INTEGER,pri INTEGER,rr INTEGER,rpt_a INTEGER,resp_st INTEGER,st INTEGER,tr_id TEXT,retr_st INTEGER,retr_txt TEXT,retr_txt_cs INTEGER,read_status INTEGER,ct_cls INTEGER,resp_txt TEXT,d_tm INTEGER,d_rpt INTEGER,locked INTEGER DEFAULT 0,phone_id INTEGER DEFAULT -1, seen INTEGER DEFAULT 0,creator TEXT,text_only INTEGER DEFAULT 0) result: true
D/MmsSmsDatabaseHelper( 4800): [getWritableDatabase] hasAutoIncrementThreads: true hasAutoIncrementAddresses: true hasAutoIncrementPart: true hasAutoIncrementPdu: true
D/WVMDrmPlugIn( 3689): WVMDrmPlugin::onInitialize : 3152
D/WVMDrmPlugIn( 3689): WVMDrmPlugin::onSetOnInfoListener : add 3152
I/art     ( 4135): Explicit concurrent mark sweep GC freed 13824(1223KB) AllocSpace objects, 4(100KB) LOS objects, 33% free, 22MB/33MB, paused 2.466ms total 51.952ms
W/BackupManagerService( 4135): dataChanged but no participant pkg='com.android.providers.settings' uid=1001
W/MediaScanner( 5169): Error opening directory '/oem/media/', skipping: No such file or directory.
D/Mms     ( 5560): Cursor= >>>>> Dumping cursor android.content.ContentResolver$CursorWrapperInner@20491083
D/Mms     ( 5560): <<<<<
W/BackupManagerService( 4135): dataChanged but no participant pkg='com.android.providers.settings' uid=1001
D/Mms     ( 5560): cancelNotification
D/Launcher.Model( 4822): Reload apps on config change. curr_mcc:722 prevmcc:0
I/Launcher( 4822): setLoadOnResume
I/Choreographer( 4822): Skipped 31 frames!  The application may be doing too much work on its main thread.
W/BackupManagerService( 4135): dataChanged but no participant pkg='com.android.providers.settings' uid=1001
D/Mms     ( 5560): Cursor= >>>>> Dumping cursor android.content.ContentResolver$CursorWrapperInner@3ea8aa39
D/Mms     ( 5560): <<<<<
V/OneTimeInitializerRece( 5644): OneTimeInitializerReceiver.onReceive
D/Mms     ( 5560): cancelNotification
D/CMStats ( 5072): Next sync attempt in : 23 hours
V/KeyguardTouchDelegate( 4314): Connected to keyguard
D/GpsLocationProvider( 4135): received SIM realted action: android.intent.action.ACTION_SUBINFO_RECORD_UPDATED
D/GpsLocationProvider( 4135): SIM MCC/MNC is still not available
W/MediaScanner( 5169): Error opening directory '/storage/sdcard1/', skipping: No such file or directory.
W/MediaScanner( 5169): Error opening directory '/storage/usbdisk/', skipping: No such file or directory.
I/Timeline( 4822): Timeline: Activity_idle id: android.os.BinderProxy@775633e time:21893
V/MediaScanner( 5169): pruneDeadThumbnailFiles... android.database.sqlite.SQLiteCursor@32c4087e
I/ActivityManager( 4135): Start proc com.android.calendar for broadcast com.android.calendar/.alerts.AlertReceiver: pid=5676 uid=10026 gids={50026, 9997, 1028, 1015, 3003} abi=armeabi-v7a
V/MediaScanner( 5169): /pruneDeadThumbnailFiles... android.database.sqlite.SQLiteCursor@32c4087e
I/Timeline( 4135): Timeline: Activity_windows_visible id: ActivityRecord{8410156 u0 com.cyanogenmod.trebuchet/com.android.launcher3.Launcher t6} time:21900
I/Telephony( 4800): : SUBINFO_RECORD_UPDATED : 1.
D/Telephony( 4800): TelecomAccountRegistry: Found 1 phones.  Attempting to register.
D/Telephony( 4800): TelecomAccountRegistry: Phone with subscription id 1
D/Telephony( 4800): AccountEntry: Registered phoneAccount: android.telecom.PhoneAccount@2066d005 with handle: ComponentInfo{com.android.phone/com.android.services.telephony.TelephonyConnectionService}, 1
I/Telephony( 4800): PstnIncomingCallNotifier: Registering: Handler (com.android.internal.telephony.gsm.GSMPhone) {775633e}
D/Telephony( 4800): PstnPhoneCapabilitiesNotifier: Registering: Handler (com.android.internal.telephony.gsm.GSMPhone) {775633e}
D/Telephony( 4800): TelecomAccountRegistry: Unregistering phone account ComponentInfo{com.android.phone/com.android.services.telephony.TelephonyConnectionService}, E.
D/ExtensionsFactory( 5676): No custom extensions.
D/AlertReceiver( 5676): onReceive: a=android.intent.action.BOOT_COMPLETED Intent { act=android.intent.action.BOOT_COMPLETED flg=0x8000010 cmp=com.android.calendar/.alerts.AlertReceiver (has extras) }
D/EmailBroadcastReceiver( 5487): Received android.intent.action.BOOT_COMPLETED
D/CallNotifier( 4800): onReceive... 
D/TelephonyNetworkFactory1( 4800): update networkCapabilites for subId = 1
D/TelephonyNetworkFactory1( 4800): INTERNET capability is with subId = 1
D/TelephonyNetworkFactory1( 4800): Ready to handle network requests
I/CalendarProvider2( 5448): Sending notification intent: Intent { act=android.intent.action.PROVIDER_CHANGED dat=content://com.android.calendar }
W/ContentResolver( 5448): Failed to get type for: content://com.android.calendar (Unknown URL content://com.android.calendar)
I/ActivityManager( 4135): Start proc com.android.gallery3d for broadcast com.android.gallery3d/org.codeaurora.gallery3d.video.DmReceiver: pid=5709 uid=10036 gids={50036, 9997, 3003, 1028, 1015, 1023, 3002} abi=armeabi-v7a
D/AlertService( 5676): 0 Action = android.intent.action.BOOT_COMPLETED
D/AlertService( 5676): Scheduling next alarm with AlarmScheduler. sEventReminderReceived: null
I/MmsService( 4800): mReceiver action: android.intent.action.ACTION_SUBINFO_RECORD_UPDATED
I/MmsService( 4800): MmsConfigManager.loadInBackground(): mcc/mnc: 722/34
E/ActivityThread( 5487): Service com.android.email.service.EmailBroadcastProcessorService has leaked ServiceConnection com.android.emailcommon.service.ServiceProxy$ProxyConnection@32560b30 that was originally bound here
E/ActivityThread( 5487): android.app.ServiceConnectionLeaked: Service com.android.email.service.EmailBroadcastProcessorService has leaked ServiceConnection com.android.emailcommon.service.ServiceProxy$ProxyConnection@32560b30 that was originally bound here
E/ActivityThread( 5487): 	at android.app.LoadedApk$ServiceDispatcher.<init>(LoadedApk.java:1073)
E/ActivityThread( 5487): 	at android.app.LoadedApk.getServiceDispatcher(LoadedApk.java:967)
E/ActivityThread( 5487): 	at android.app.ContextImpl.bindServiceCommon(ContextImpl.java:1808)
E/ActivityThread( 5487): 	at android.app.ContextImpl.bindService(ContextImpl.java:1791)
E/ActivityThread( 5487): 	at android.content.ContextWrapper.bindService(ContextWrapper.java:544)
E/ActivityThread( 5487): 	at com.android.emailcommon.service.ServiceProxy.setTask(ServiceProxy.java:184)
E/ActivityThread( 5487): 	at com.android.emailcommon.service.ServiceProxy.test(ServiceProxy.java:229)
E/ActivityThread( 5487): 	at com.android.email.service.EmailServiceUtils.isServiceAvailable(EmailServiceUtils.java:160)
E/ActivityThread( 5487): 	at com.android.email.provider.AccountReconciler.reconcileAccountsInternal(AccountReconciler.java:164)
E/ActivityThread( 5487): 	at com.android.email.provider.AccountReconciler.reconcileAccounts(AccountReconciler.java:113)
E/ActivityThread( 5487): 	at com.android.email.service.EmailBroadcastProcessorService.reconcileAndStartServices(EmailBroadcastProcessorService.java:305)
E/ActivityThread( 5487): 	at com.android.email.service.EmailBroadcastProcessorService.onBootCompleted(EmailBroadcastProcessorService.java:295)
E/ActivityThread( 5487): 	at com.android.email.service.EmailBroadcastProcessorService.onHandleIntent(EmailBroadcastProcessorService.java:130)
E/ActivityThread( 5487): 	at android.app.IntentService$ServiceHandler.handleMessage(IntentService.java:65)
E/ActivityThread( 5487): 	at android.os.Handler.dispatchMessage(Handler.java:102)
E/ActivityThread( 5487): 	at android.os.Looper.loop(Looper.java:135)
E/ActivityThread( 5487): 	at android.os.HandlerThread.run(HandlerThread.java:61)
D/Telephony( 4800): PstnPhoneCapabilitiesNotifier: handleVideoCapabilitesChanged. Video capability - false
I/MmsService( 4800): MmsConfigManager.load -- no mcc/mnc for sub: {mSubId=1, mIccId=89543420713388082029 mSlotId=0 mDisplayName=SIM 1 mNameSource=0 mColor=0 mNumber= mDisplayNumberFormat=1 mDataRoaming=0 mSimIconRes=[I@22e9e768 mMcc 0 mMnc 0 mSubStatus=1 mNwMode=0} using mcc/mnc from main context: 722/34
I/Exchange( 5585): PSS has no active accounts; stopping service.
V/MmsService( 4800): MmsConfig: mUserAgent=CyanogenMod, mUaProfUrl=http://www.google.com/oha/rdf/ua-profile-kila.xml
D/MmsService( 4800): MmsConfig.loadFromResources
V/MmsService( 4800): MmsConfig: all settings -- {smsToMmsTextThreshold=-1, httpParams=, maxImageWidth=640, enabledMMS=true, maxImageHeight=480, aliasEnabled=false, maxMessageSize=307200, enableMMSReadReports=false, recipientLimit=-1, enabledNotifyWapMMSC=false, maxSubjectLength=40, smsToMmsTextLengthThreshold=-1, enableMMSDeliveryReports=false, uaProfTagName=x-wap-profile, enableMultipartSMS=true, aliasMinChars=2, supportMmsContentDisposition=true, allowAttachAudio=true, sendMultipartSmsAsSeparateMessages=false, maxMessageTextSize=-1, emailGatewayNumber=, enableGroupMms=true, aliasMaxChars=48, httpSocketTimeout=60000, config_cellBroadcastAppLinks=true, userAgent=Android Messaging, naiSuffix=, uaProfUrl=http://www.gstatic.com/android/hangouts/hangouts_mms_ua_profile.xml, enableSMSDeliveryReports=true, enabledTransID=false}
D/AlarmScheduler( 5676): No events found starting within 1 week.
D/TelephonyNetworkFactory1( 4800): Cellular needs Network for NetworkRequest [ id=1, legacyType=-1, [ Capabilities: INTERNET&NOT_RESTRICTED&TRUSTED&NOT_VPN] ]
D/TelephonyNetworkFactory1( 4800): subController = com.android.internal.telephony.SubscriptionController@1ad09026
D/TelephonyNetworkFactory1( 4800): CurrentDds = 1
D/TelephonyNetworkFactory1( 4800): mySubId = 1
D/TelephonyNetworkFactory1( 4800): Requested networkSpecifier = 1
D/TelephonyNetworkFactory1( 4800): my networkSpecifier = 1
D/TelephonyNetworkFactory1( 4800): Is the request for Internet = true
D/TelephonyNetworkFactory1( 4800): Activating internet request on subId = 1
D/TelephonyNetworkFactory1( 4800): Activating APN={mApnType=default mState=IDLE mWaitingApns={null} mWaitingApnsPermanentFailureCountDown=0 mApnSetting={null} mReason=radioTurnedOff mDataEnabled=false mDependencyMet=true}
D/MccTable( 4800): getLocaleForLanguageCountry: skipping already persisted
D/MccTable( 4800): setSystemLocale: no locale
I/ActivityManager( 4135): Killing 5147:com.android.deskclock/u0a30 (adj 15): empty #17
D/GpsLocationProvider( 4135): received SIM realted action: android.intent.action.ACTION_SUBINFO_CONTENT_CHANGE
W/libprocessgroup( 4135): failed to open /acct/uid_10030/pid_5147/cgroup.procs: No such file or directory
I/SystemBroadcastReceiver( 4514): Boot has been completed
D/GpsLocationProvider( 4135): SIM MCC/MNC is available: 72234
D/GpsLocationProvider( 4135): Reset GPS properties, previous size = 18
D/GpsLocationProvider( 4135): GpsParamsResource: SUPL_HOST=supl.google.com
D/GpsLocationProvider( 4135): GpsParamsResource: SUPL_PORT=7275
D/GpsLocationProvider( 4135): GpsParamsResource: NTP_SERVER=north-america.pool.ntp.org
D/GpsLocationProvider( 4135): GpsParamsResource: SUPL_VER=0x20000
D/GpsLocationProvider( 4135): GpsParamsResource: SUPL_MODE=1
I/Telephony( 4800): PstnIncomingCallNotifier: Unregistering: Handler (com.android.internal.telephony.gsm.GSMPhone) {775633e}
I/LauncherIconVisibilityManager( 4514): Activity has already been disabled: ComponentInfo{com.android.inputmethod.latin/com.android.inputmethod.latin.setup.SetupActivity}
D/Telephony( 4800): PstnPhoneCapabilitiesNotifier: Unregistering: Handler (com.android.internal.telephony.gsm.GSMPhone) {775633e}
D/Telephony( 4800): TelecomAccountRegistry: Found 1 phones.  Attempting to register.
D/Telephony( 4800): TelecomAccountRegistry: Phone with subscription id 1
D/GpsLocationProvider( 4135): GPS properties reloaded, size = 18
D/gpsd    ( 3697): WakeLock(Acquire,GPSD)
D/gpsd    ( 3697): WakeLock(Release,GPSD)
E/GpsLocationProvider( 4135): no GPS configuration interface in configuraiton_update
D/gpsd    ( 3697): WakeLock(Acquire,GPSD)
D/GpsLocationProvider( 4135): final config = #Thu Jul 16 18:43:04 GMT-03:00 2015
D/GpsLocationProvider( 4135): SUPL_HOST=supl.google.com
D/GpsLocationProvider( 4135): XTRA_SERVER_3=http\://xtrapath3.izatcloud.net/xtra2.bin
D/GpsLocationProvider( 4135): XTRA_SERVER_1=http\://xtrapath1.izatcloud.net/xtra2.bin
D/GpsLocationProvider( 4135): SUPL_PORT=7276
D/GpsLocationProvider( 4135): XTRA_VERSION_CHECK=0
D/GpsLocationProvider( 4135): DEBUG_LEVEL=2
D/GpsLocationProvider( 4135): XTRA_SERVER_2=http\://xtrapath2.izatcloud.net/xtra2.bin
D/GpsLocationProvider( 4135): SUPL_ES=1
D/GpsLocationProvider( 4135): NMEA_PROVIDER=1
D/GpsLocationProvider( 4135): CAPABILITIES=0x37
D/GpsLocationProvider( 4135): SUPL_VER=0x10000
D/GpsLocationProvider( 4135): ERR_ESTIMATE=0
D/GpsLocationProvider( 4135): A_GLONASS_POS_PROTOCOL_SELECT=0 \#Sensor R&D \: This will not be injected to MODEM
D/GpsLocationProvider( 4135): INTERMEDIATE_POS=0
D/GpsLocationProvider( 4135): SGLTE_TARGET=0
D/GpsLocationProvider( 4135): LPP_PROFILE=0 \# Sensor R&D \: This will not be injected to MODEM
D/GpsLocationProvider( 4135): NTP_SERVER=ru.pool.ntp.org
D/GpsLocationProvider( 4135): SUPL_MODE=1
D/gpsd    ( 3697): WakeLock(Release,GPSD)
D/Telephony( 4800): AccountEntry: Registered phoneAccount: android.telecom.PhoneAccount@1a1d2467 with handle: ComponentInfo{com.android.phone/com.android.services.telephony.TelephonyConnectionService}, 1
I/Telephony( 4800): PstnIncomingCallNotifier: Registering: Handler (com.android.internal.telephony.gsm.GSMPhone) {775633e}
I/ActivityManager( 4135): Start proc com.cyanogenmod.lockclock for broadcast com.cyanogenmod.lockclock/.ClockWidgetProvider: pid=5736 uid=10042 gids={50042, 9997, 3003} abi=armeabi-v7a
D/Telephony( 4800): PstnPhoneCapabilitiesNotifier: Registering: Handler (com.android.internal.telephony.gsm.GSMPhone) {775633e}
I/MmsService( 4800): mReceiver action: android.intent.action.ACTION_SUBINFO_CONTENT_CHANGE
I/MmsService( 4800): MmsConfigManager.loadInBackground(): mcc/mnc: 722/34
I/MmsService( 4800): MmsConfigManager.load -- mcc/mnc for sub: {mSubId=1, mIccId=89543420713388082029 mSlotId=0 mDisplayName=SIM 1 mNameSource=0 mColor=0 mNumber= mDisplayNumberFormat=1 mDataRoaming=0 mSimIconRes=[I@aa588b2 mMcc 722 mMnc 34 mSubStatus=1 mNwMode=0}
V/MmsService( 4800): MmsConfig: mUserAgent=CyanogenMod, mUaProfUrl=http://www.google.com/oha/rdf/ua-profile-kila.xml
D/MmsService( 4800): MmsConfig.loadFromResources
V/MmsService( 4800): MmsConfig: all settings -- {smsToMmsTextThreshold=-1, httpParams=, maxImageWidth=640, enabledMMS=true, maxImageHeight=480, aliasEnabled=false, maxMessageSize=307200, enableMMSReadReports=false, recipientLimit=-1, enabledNotifyWapMMSC=false, maxSubjectLength=40, smsToMmsTextLengthThreshold=-1, enableMMSDeliveryReports=false, uaProfTagName=x-wap-profile, enableMultipartSMS=true, aliasMinChars=2, supportMmsContentDisposition=true, allowAttachAudio=true, sendMultipartSmsAsSeparateMessages=false, maxMessageTextSize=-1, emailGatewayNumber=, enableGroupMms=true, aliasMaxChars=48, httpSocketTimeout=60000, config_cellBroadcastAppLinks=true, userAgent=Android Messaging, naiSuffix=, uaProfUrl=http://www.gstatic.com/android/hangouts/hangouts_mms_ua_profile.xml, enableSMSDeliveryReports=true, enabledTransID=false}
D/MccTable( 4800): updateMccMncConfiguration mccmnc='72234' fromServiceState=false
D/MccTable( 4800): updateMccMncConfiguration defaultMccMnc=72234
D/MccTable( 4800): updateMccMncConfiguration: mcc=722, mnc=34
D/MccTable( 4800): getLocaleFromMcc to null_ar mcc=722
D/MccTable( 4800): getLocaleForLanguageCountry: skipping no language
D/MccTable( 4800): updateMccMncConfiguration updateConfig config={1.0 722mcc34mnc ?locale ?layoutDir ?swdp ?wdp ?hdp ?density ?lsize ?long ?orien ?uimode ?night ?touch ?keyb/?/? ?nav/? themeResource=null}
D/GpsLocationProvider( 4135): received SIM realted action: android.intent.action.ACTION_SUBINFO_CONTENT_CHANGE
D/GpsLocationProvider( 4135): SIM MCC/MNC is available: 72234
D/GpsLocationProvider( 4135): Reset GPS properties, previous size = 18
D/GpsLocationProvider( 4135): GpsParamsResource: SUPL_HOST=supl.google.com
D/GpsLocationProvider( 4135): GpsParamsResource: SUPL_PORT=7275
D/GpsLocationProvider( 4135): GpsParamsResource: NTP_SERVER=north-america.pool.ntp.org
D/GpsLocationProvider( 4135): GpsParamsResource: SUPL_VER=0x20000
D/GpsLocationProvider( 4135): GpsParamsResource: SUPL_MODE=1
D/GpsLocationProvider( 4135): GPS properties reloaded, size = 18
D/Telephony( 4800): PstnPhoneCapabilitiesNotifier: handleVideoCapabilitesChanged. Video capability - false
D/gpsd    ( 3697): WakeLock(Acquire,GPSD)
D/gpsd    ( 3697): WakeLock(Release,GPSD)
D/gpsd    ( 3697): WakeLock(Acquire,GPSD)
D/gpsd    ( 3697): WakeLock(Release,GPSD)
E/GpsLocationProvider( 4135): no GPS configuration interface in configuraiton_update
D/GpsLocationProvider( 4135): final config = #Thu Jul 16 18:43:04 GMT-03:00 2015
D/GpsLocationProvider( 4135): SUPL_HOST=supl.google.com
D/GpsLocationProvider( 4135): XTRA_SERVER_3=http\://xtrapath3.izatcloud.net/xtra2.bin
D/GpsLocationProvider( 4135): XTRA_SERVER_1=http\://xtrapath1.izatcloud.net/xtra2.bin
D/GpsLocationProvider( 4135): SUPL_PORT=7276
D/GpsLocationProvider( 4135): XTRA_VERSION_CHECK=0
D/GpsLocationProvider( 4135): DEBUG_LEVEL=2
D/GpsLocationProvider( 4135): XTRA_SERVER_2=http\://xtrapath2.izatcloud.net/xtra2.bin
D/GpsLocationProvider( 4135): SUPL_ES=1
D/GpsLocationProvider( 4135): NMEA_PROVIDER=1
D/GpsLocationProvider( 4135): CAPABILITIES=0x37
D/GpsLocationProvider( 4135): SUPL_VER=0x10000
D/GpsLocationProvider( 4135): ERR_ESTIMATE=0
D/GpsLocationProvider( 4135): A_GLONASS_POS_PROTOCOL_SELECT=0 \#Sensor R&D \: This will not be injected to MODEM
D/GpsLocationProvider( 4135): INTERMEDIATE_POS=0
D/GpsLocationProvider( 4135): SGLTE_TARGET=0
D/GpsLocationProvider( 4135): LPP_PROFILE=0 \# Sensor R&D \: This will not be injected to MODEM
D/GpsLocationProvider( 4135): NTP_SERVER=ru.pool.ntp.org
D/GpsLocationProvider( 4135): SUPL_MODE=1
D/GpsLocationProvider( 4135): received SIM realted action: android.intent.action.SIM_STATE_CHANGED
D/GpsLocationProvider( 4135): SIM MCC/MNC is available: 72234
D/GpsLocationProvider( 4135): Reset GPS properties, previous size = 18
D/GpsLocationProvider( 4135): GpsParamsResource: SUPL_HOST=supl.google.com
D/GpsLocationProvider( 4135): GpsParamsResource: SUPL_PORT=7275
D/GpsLocationProvider( 4135): GpsParamsResource: NTP_SERVER=north-america.pool.ntp.org
D/GpsLocationProvider( 4135): GpsParamsResource: SUPL_VER=0x20000
D/GpsLocationProvider( 4135): GpsParamsResource: SUPL_MODE=1
D/GpsLocationProvider( 4135): GPS properties reloaded, size = 18
D/PhoneStatusBarPolicy( 4314): updateSimState for subId :1
D/gpsd    ( 3697): WakeLock(Acquire,GPSD)
D/gpsd    ( 3697): WakeLock(Release,GPSD)
D/gpsd    ( 3697): WakeLock(Acquire,GPSD)
D/gpsd    ( 3697): WakeLock(Release,GPSD)
D/PhoneStatusBarPolicy( 4314): updateSimState for phoneId :0
E/GpsLocationProvider( 4135): no GPS configuration interface in configuraiton_update
D/GpsLocationProvider( 4135): final config = #Thu Jul 16 18:43:04 GMT-03:00 2015
D/GpsLocationProvider( 4135): SUPL_HOST=supl.google.com
D/GpsLocationProvider( 4135): XTRA_SERVER_3=http\://xtrapath3.izatcloud.net/xtra2.bin
D/GpsLocationProvider( 4135): XTRA_SERVER_1=http\://xtrapath1.izatcloud.net/xtra2.bin
D/GpsLocationProvider( 4135): SUPL_PORT=7276
D/GpsLocationProvider( 4135): XTRA_VERSION_CHECK=0
D/GpsLocationProvider( 4135): DEBUG_LEVEL=2
D/GpsLocationProvider( 4135): XTRA_SERVER_2=http\://xtrapath2.izatcloud.net/xtra2.bin
D/GpsLocationProvider( 4135): SUPL_ES=1
D/GpsLocationProvider( 4135): NMEA_PROVIDER=1
D/GpsLocationProvider( 4135): CAPABILITIES=0x37
D/GpsLocationProvider( 4135): SUPL_VER=0x10000
D/GpsLocationProvider( 4135): ERR_ESTIMATE=0
D/GpsLocationProvider( 4135): A_GLONASS_POS_PROTOCOL_SELECT=0 \#Sensor R&D \: This will not be injected to MODEM
D/GpsLocationProvider( 4135): INTERMEDIATE_POS=0
D/GpsLocationProvider( 4135): SGLTE_TARGET=0
D/GpsLocationProvider( 4135): LPP_PROFILE=0 \# Sensor R&D \: This will not be injected to MODEM
D/GpsLocationProvider( 4135): NTP_SERVER=ru.pool.ntp.org
D/GpsLocationProvider( 4135): SUPL_MODE=1
D/PhoneStatusBarPolicy( 4314): updateSimState for Slot :0
V/OtaStartupReceiver( 4800): onOtaspChanged: mOtaspMode=3
I/Telephony( 4800): PstnIncomingCallNotifier: Unregistering: Handler (com.android.internal.telephony.gsm.GSMPhone) {775633e}
D/Telephony( 4800): PstnPhoneCapabilitiesNotifier: Unregistering: Handler (com.android.internal.telephony.gsm.GSMPhone) {775633e}
D/Telephony( 4800): TelecomAccountRegistry: Found 1 phones.  Attempting to register.
D/Telephony( 4800): TelecomAccountRegistry: Phone with subscription id 1
D/WeatherUpdateService( 5736): Service started, but shouldn't update ... stopping
I/ActivityManager( 4135): Killing 5125:com.android.keychain/1000 (adj 15): empty #17
D/Telephony( 4800): AccountEntry: Registered phoneAccount: android.telecom.PhoneAccount@23cda003 with handle: ComponentInfo{com.android.phone/com.android.services.telephony.TelephonyConnectionService}, 1
I/Telephony( 4800): PstnIncomingCallNotifier: Registering: Handler (com.android.internal.telephony.gsm.GSMPhone) {775633e}
W/libprocessgroup( 4135): failed to open /acct/uid_1000/pid_5125/cgroup.procs: No such file or directory
D/Telephony( 4800): PstnPhoneCapabilitiesNotifier: Registering: Handler (com.android.internal.telephony.gsm.GSMPhone) {775633e}
I/MmsService( 4800): mReceiver action: android.intent.action.ACTION_SUBINFO_CONTENT_CHANGE
I/MmsService( 4800): MmsConfigManager.loadInBackground(): mcc/mnc: 722/34
I/MmsService( 4800): MmsConfigManager.load -- mcc/mnc for sub: {mSubId=1, mIccId=89543420713388082029 mSlotId=0 mDisplayName=SIM 1 mNameSource=0 mColor=0 mNumber= mDisplayNumberFormat=1 mDataRoaming=0 mSimIconRes=[I@1a5f7dfe mMcc 722 mMnc 34 mSubStatus=1 mNwMode=0}
V/MmsService( 4800): MmsConfig: mUserAgent=CyanogenMod, mUaProfUrl=http://www.google.com/oha/rdf/ua-profile-kila.xml
D/MmsService( 4800): MmsConfig.loadFromResources
V/MmsService( 4800): MmsConfig: all settings -- {smsToMmsTextThreshold=-1, httpParams=, maxImageWidth=640, enabledMMS=true, maxImageHeight=480, aliasEnabled=false, maxMessageSize=307200, enableMMSReadReports=false, recipientLimit=-1, enabledNotifyWapMMSC=false, maxSubjectLength=40, smsToMmsTextLengthThreshold=-1, enableMMSDeliveryReports=false, uaProfTagName=x-wap-profile, enableMultipartSMS=true, aliasMinChars=2, supportMmsContentDisposition=true, allowAttachAudio=true, sendMultipartSmsAsSeparateMessages=false, maxMessageTextSize=-1, emailGatewayNumber=, enableGroupMms=true, aliasMaxChars=48, httpSocketTimeout=60000, config_cellBroadcastAppLinks=true, userAgent=Android Messaging, naiSuffix=, uaProfUrl=http://www.gstatic.com/android/hangouts/hangouts_mms_ua_profile.xml, enableSMSDeliveryReports=true, enabledTransID=false}
D/Telephony( 4800): PstnPhoneCapabilitiesNotifier: handleVideoCapabilitesChanged. Video capability - false
I/ActivityManager( 4135): Start proc org.whispersystems.whisperpush for broadcast org.whispersystems.whisperpush/.service.DirectoryRefreshListener: pid=5762 uid=10056 gids={50056, 9997, 3003} abi=armeabi-v7a
I/ActivityManager( 4135): Killing 5207:eu.chainfire.supersu/u0a58 (adj 15): empty #17
W/libprocessgroup( 4135): failed to open /acct/uid_10058/pid_5207/cgroup.procs: No such file or directory
W/ActivityManager( 4135): Unable to start service Intent { act=com.google.android.c2dm.intent.REGISTER pkg=com.google.android.gms (has extras) } U=0: not found
I/ActivityManager( 4135): Start proc com.android.cellbroadcastreceiver for broadcast com.android.cellbroadcastreceiver/.CellBroadcastReceiver: pid=5786 uid=10005 gids={50005, 9997} abi=armeabi-v7a
I/PowerManagerService( 4135): Waking up from sleep (uid 1000)...
V/KeyguardServiceDelegate( 4135): onScreenTurnedOn(showListener = com.android.internal.policy.impl.PhoneWindowManager$2@33dbe5f6)
V/KeyguardServiceDelegate( 4135): **** SHOWN CALLED ****
I/DisplayPowerController( 4135): Blocking screen on until initial contents have been drawn.
I/WifiNative-HAL( 4135): startHal
E/wifi    ( 4135): getStaticLongField sWifiHalHandle 0x9e6e887c
D/wifi    ( 4135): halHandle = 0x0, mVM = 0xb515c280, mCls = 0x101102
I/WifiNative-HAL( 4135): Could not start hal
I/Sensors ( 4135): Acc old sensor_state 0, new sensor_state : 1 en : 1
I/DisplayManagerService( 4135): Display device changed: DisplayDeviceInfo{"Pantalla integrada": 1080 x 1920, 60.000004 fps, supportedRefreshRates [60.000004], density 480, 422.03 x 424.069 dpi, appVsyncOff 0, presDeadline 17666666, touch INTERNAL, rotation 0, type BUILT_IN, state ON, FLAG_DEFAULT_DISPLAY, FLAG_ROTATES_WITH_CONTENT, FLAG_SECURE, FLAG_SUPPORTS_PROTECTED_BUFFERS}
V/ActivityManager( 4135): Display changed displayId=0
D/SurfaceFlinger( 3687): Set power mode=2, type=0 flinger=0xb6a62000
D/CellBroadcastReceiver( 5786): onReceive Intent { act=android.intent.action.SERVICE_STATE flg=0x10 cmp=com.android.cellbroadcastreceiver/.CellBroadcastReceiver (has extras) }
D/CellBroadcastReceiver( 5786): Intent ACTION_SERVICE_STATE_CHANGED
D/CellBroadcastReceiver( 5786): Service state changed! 3 Full: 3 3 home null null null  Unknown Unknown CSS not supported -1 -1 RoamInd=-1 DefRoamInd=-1 EmergOnly=false Current state=-1
I/ActivityManager( 4135): Killing 5247:com.android.dialer/u0a8 (adj 15): empty #17
W/libprocessgroup( 4135): failed to open /acct/uid_10008/pid_5247/cgroup.procs: No such file or directory
D/SIP     ( 4800): [SipSharedPreferences] isReceivingCallsEnabled, option not set; use default value, exception: android.provider.Settings$SettingNotFoundException: sip_receive_calls
D/bt_vendor( 5103): op for 7
W/art     ( 4135): Long monitor contention event with owner method=void com.android.server.wm.WindowAnimator$1.run() from WindowAnimator.java:125 waiters=0 for 199ms
D/SurfaceControl( 4135): Excessive delay in setPowerMode(): 243ms
W/art     ( 4135): Long monitor contention event with owner method=void com.android.server.am.ActivityManagerService.trimApplications() from ActivityManagerService.java:18198 waiters=1 for 179ms
W/art     ( 4135): Long monitor contention event with owner method=void com.android.server.am.ActivityManagerService$AppDeathRecipient.binderDied() from ActivityManagerService.java:1165 waiters=1 for 177ms
D/CellBroadcastReceiver( 5786): onReceive Intent { act=android.intent.action.SERVICE_STATE flg=0x10 cmp=com.android.cellbroadcastreceiver/.CellBroadcastReceiver (has extras) }
D/CellBroadcastReceiver( 5786): Intent ACTION_SERVICE_STATE_CHANGED
D/CellBroadcastReceiver( 5786): Service state changed! 1 Full: 1 1 home null null null  Unknown Unknown CSS not supported -1 -1 RoamInd=-1 DefRoamInd=-1 EmergOnly=false Current state=-1
