I/art     ( 5163): option[26]=--image-classes=preloaded-classes
I/art     ( 5163): option[27]=-Xcompiler-option
I/art     ( 5163): option[28]=--runtime-arg
I/art     ( 5163): option[29]=-Xcompiler-option
I/art     ( 5163): option[30]=-Xms64m
I/art     ( 5163): option[31]=-Xcompiler-option
I/art     ( 5163): option[32]=--runtime-arg
I/art     ( 5163): option[33]=-Xcompiler-option
I/art     ( 5163): option[34]=-Xmx512m
I/art     ( 5163): option[35]=-Duser.language=es
I/art     ( 5163): option[36]=-Duser.region=US
I/art     ( 5163): Pruning dalvik-cache since we are generating an image and will need to recompile
W/art     ( 5163): Unexpected file type of 
W/art     ( 5163):  encountered.
I/art     ( 5163): Using an offset of 0xffd89000 from default art base address of 0x70000000
I/art     ( 5163): GenerateImage: /system/bin/dex2oat --image=/data/dalvik-cache/arm/system@framework@boot.art --dex-file=/system/framework/core-libart.jar --dex-file=/system/framework/conscrypt.jar --dex-file=/system/framework/okhttp.jar --dex-file=/system/framework/core-junit.jar --dex-file=/system/framework/bouncycastle.jar --dex-file=/system/framework/ext.jar --dex-file=/system/framework/framework.jar --dex-file=/system/framework/telephony-common.jar --dex-file=/system/framework/voip-common.jar --dex-file=/system/framework/ims-common.jar --dex-file=/system/framework/mms-common.jar --dex-file=/system/framework/android.policy.jar --dex-file=/system/framework/apache-xml.jar --oat-file=/data/dalvik-cache/arm/system@framework@boot.oat --instruction-set=arm --instruction-set-features=div --base=0x6fd89000 --runtime-arg -Xms64m --runtime-arg -Xmx64m --image-classes-zip=/system/framework/framework.jar --image-classes=preloaded-classes
W/art     ( 5163): Unexpected file type of 
W/art     ( 5163):  encountered.
W/art     ( 5163): Could not create image space with image file '/system/framework/boot.art'. Attempting to fall back to imageless running. Error was: Failed to generate image '/data/dalvik-cache/arm/system@framework@boot.art': Failed execv(/system/bin/dex2oat --image=/data/dalvik-cache/arm/system@framework@boot.art --dex-file=/system/framework/core-libart.jar --dex-file=/system/framework/conscrypt.jar --dex-file=/system/framework/okhttp.jar --dex-file=/system/framework/core-junit.jar --dex-file=/system/framework/bouncycastle.jar --dex-file=/system/framework/ext.jar --dex-file=/system/framework/framework.jar --dex-file=/system/framework/telephony-common.jar --dex-file=/system/framework/voip-common.jar --dex-file=/system/framework/ims-common.jar --dex-file=/system/framework/mms-common.jar --dex-file=/system/framework/android.policy.jar --dex-file=/system/framework/apache-xml.jar --oat-file=/data/dalvik-cache/arm/system@framework@boot.oat --instruction-set=arm --instruction-set-features=div --base=0x6fd89000 --runtime-arg -Xms64
D/hwcomposer( 5160): using
D/hwcomposer( 5160): xres         = 1080 px
D/hwcomposer( 5160): yres         = 1920 px
D/hwcomposer( 5160): width        = 65 mm (422.030000 dpi)
D/hwcomposer( 5160): height       = 115 mm (424.069000 dpi)
D/hwcomposer( 5160): refresh rate = 60 Hz
D/libexynosv4l2-subdev( 5160): try node: /dev/v4l-subdev0
D/libexynosv4l2-subdev( 5160): try node: /dev/v4l-subdev1
D/libexynosv4l2-subdev( 5160): try node: /dev/v4l-subdev2
I/libexynosv4l2-subdev( 5160): node found for device s5p-mixer0: /dev/v4l-subdev2
I/libexynosv4l2-subdev( 5160): open subdev device /dev/v4l-subdev2
I/hwcomposer( 5160): PSR info devname = /sys/devices/14400000.fimd_fb/psr_info
I/hwcomposer( 5160): PSR mode is 2(0: video mode, 1: DP PSR mode, 2: MIPI-DSI command mode)
I/SurfaceFlinger( 5160): Using composer version 1.3
I/SurfaceFlinger( 5160): EGL information:
I/SurfaceFlinger( 5160): vendor    : Android
I/SurfaceFlinger( 5160): version   : 1.4 Android META-EGL
I/SurfaceFlinger( 5160): extensions: EGL_KHR_get_all_proc_addresses EGL_ANDROID_presentation_time EGL_KHR_image EGL_KHR_image_base EGL_KHR_gl_texture_2D_image EGL_KHR_gl_texture_cubemap_image EGL_KHR_gl_renderbuffer_image EGL_KHR_fence_sync EGL_KHR_create_context EGL_ANDROID_image_native_buffer EGL_KHR_wait_sync EGL_ANDROID_recordable 
I/SurfaceFlinger( 5160): Client API: OpenGL_ES
I/SurfaceFlinger( 5160): EGLSurface: 8-8-8-8, config=0xb6acf2ac
I/SurfaceFlinger( 5160): OpenGL ES informations:
I/SurfaceFlinger( 5160): vendor    : ARM
I/SurfaceFlinger( 5160): renderer  : Mali-T628
I/SurfaceFlinger( 5160): version   : OpenGL ES 3.0
I/SurfaceFlinger( 5160): extensions: GL_EXT_debug_marker GL_ARM_rgba8 GL_ARM_mali_shader_binary GL_OES_depth24 GL_OES_depth_texture GL_OES_depth_texture_cube_map GL_OES_packed_depth_stencil GL_OES_rgb8_rgba8 GL_EXT_read_format_bgra GL_OES_compressed_paletted_texture GL_OES_compressed_ETC1_RGB8_texture GL_OES_standard_derivatives GL_OES_EGL_image GL_OES_EGL_image_external GL_OES_EGL_sync GL_OES_texture_npot GL_OES_vertex_half_float GL_OES_required_internalformat GL_OES_vertex_array_object GL_OES_mapbuffer GL_EXT_texture_format_BGRA8888 GL_EXT_texture_rg GL_EXT_texture_type_2_10_10_10_REV GL_OES_fbo_render_mipmap GL_OES_element_index_uint GL_EXT_shadow_samplers GL_OES_texture_compression_astc GL_KHR_texture_compression_astc_ldr GL_KHR_texture_compression_astc_hdr GL_KHR_debug GL_EXT_occlusion_query_boolean GL_EXT_blend_minmax GL_EXT_discard_framebuffer GL_OES_get_program_binary GL_OES_texture_3D GL_EXT_texture_storage GL_EXT_multisampled_render_to_texture GL_OES_surfaceless_context GL_ARM_mali_program_binary 
I/SurfaceFlinger( 5160): GL_MAX_TEXTURE_SIZE = 8192
I/SurfaceFlinger( 5160): GL_MAX_VIEWPORT_DIMS = 8192
E/libEGL  ( 5160): eglQuerySurface:607 error 300d (EGL_BAD_SURFACE)
E/libEGL  ( 5160): eglQuerySurface:607 error 300d (EGL_BAD_SURFACE)
E/libEGL  ( 5160): call to OpenGL ES API with no current context (logged once per thread)
D/SurfaceFlinger( 5160): Set power mode=2, type=0 flinger=0xb6a62000
I/hwcomposer( 5160): int exynos5_blank(hwc_composer_device_1*, int, int):: disp(0), blank(0)
I/hwcomposer( 5160): unblank ioctl failed (display already unblanked)
E/libEGL  ( 5160): eglSwapBuffers:1071 error 300d (EGL_BAD_SURFACE)
F/SurfaceFlinger( 5160): eglSwapBuffers(0x1, 0x0) failed with 0x0000300d
F/libc    ( 5160): Fatal signal 6 (SIGABRT), code -6 in tid 5160 (surfaceflinger)
I/DEBUG   ( 3894): property debug.db.uid not set; NOT waiting for gdb.
I/DEBUG   ( 3894): HINT: adb shell setprop debug.db.uid 100000
I/DEBUG   ( 3894): HINT: adb forward tcp:5039 tcp:5039
I/DEBUG   ( 3894): *** *** *** *** *** *** *** *** *** *** *** *** *** *** *** ***
I/DEBUG   ( 3894): Build fingerprint: 'samsung/cm_k3gxx/k3gxx:5.0.2/LRX22G/ca2fb2b51d:userdebug/test-keys'
I/DEBUG   ( 3894): Revision: '10'
I/DEBUG   ( 3894): ABI: 'arm'
I/DEBUG   ( 3894): pid: 5160, tid: 5160, name: surfaceflinger  >>> /system/bin/surfaceflinger <<<
I/DEBUG   ( 3894): signal 6 (SIGABRT), code -6 (SI_TKILL), fault addr --------
I/DEBUG   ( 3894): Abort message: 'eglSwapBuffers(0x1, 0x0) failed with 0x0000300d'
I/DEBUG   ( 3894):     r0 00000000  r1 00001428  r2 00000006  r3 00000000
I/DEBUG   ( 3894):     r4 b6f59114  r5 00000006  r6 0000000b  r7 0000010c
I/DEBUG   ( 3894):     r8 00000000  r9 beedbbd0  sl b6a54210  fp beedbbd0
I/DEBUG   ( 3894):     ip 00001428  sp beedb650  lr b6ee37b9  pc b6f074e4  cpsr 600f0010
I/DEBUG   ( 3894): 
I/DEBUG   ( 3894): backtrace:
I/DEBUG   ( 3894):     #00 pc 000384e4  /system/lib/libc.so (tgkill+12)
I/DEBUG   ( 3894):     #01 pc 000147b5  /system/lib/libc.so (pthread_kill+52)
I/DEBUG   ( 3894):     #02 pc 0001550b  /system/lib/libc.so (raise+10)
I/DEBUG   ( 3894):     #03 pc 00011c35  /system/lib/libc.so (__libc_android_abort+36)
I/DEBUG   ( 3894):     #04 pc 0000fcb8  /system/lib/libc.so (abort+4)
I/DEBUG   ( 3894):     #05 pc 00007739  /system/lib/libcutils.so (__android_log_assert+88)
I/DEBUG   ( 3894):     #06 pc 0000f4df  /system/lib/libsurfaceflinger.so
I/DEBUG   ( 3894):     #07 pc 0001b9fd  /system/lib/libsurfaceflinger.so
I/DEBUG   ( 3894):     #08 pc 0001abe7  /system/lib/libsurfaceflinger.so
I/DEBUG   ( 3894):     #09 pc 00019fc3  /system/lib/libsurfaceflinger.so
I/DEBUG   ( 3894):     #10 pc 00019d49  /system/lib/libsurfaceflinger.so
I/DEBUG   ( 3894):     #11 pc 00010ed3  /system/lib/libutils.so (android::Looper::pollInner(int)+410)
I/DEBUG   ( 3894):     #12 pc 00010fc5  /system/lib/libutils.so (android::Looper::pollOnce(int, int*, int*, void**)+92)
I/DEBUG   ( 3894):     #13 pc 000174c5  /system/lib/libsurfaceflinger.so
I/DEBUG   ( 3894):     #14 pc 0001993d  /system/lib/libsurfaceflinger.so (android::SurfaceFlinger::run()+8)
I/DEBUG   ( 3894):     #15 pc 0000083d  /system/bin/surfaceflinger
I/DEBUG   ( 3894):     #16 pc 0000fb75  /system/lib/libc.so (__libc_init+44)
I/DEBUG   ( 3894):     #17 pc 000008d8  /system/bin/surfaceflinger
W/auditd  ( 3592): type=1325 audit(0.0:1337): table=filter family=10 entries=36
W/ip6tables( 5291): type=1300 audit(0.0:1337): arch=40000028 syscall=294 per=800000 success=yes exit=0 a0=4 a1=29 a2=40 a3=b6c28000 items=0 ppid=5158 auid=4294967295 uid=0 gid=0 euid=0 suid=0 fsuid=0 egid=0 sgid=0 fsgid=0 ses=4294967295 tty=(none) exe="/system/bin/ip6tables" subj=u:r:netd:s0 key=(null)
W/auditd  ( 3592): type=1320 audit(0.0:1337): 
W/auditd  ( 3592): type=1325 audit(0.0:1338): table=raw family=2 entries=9
W/iptables( 5292): type=1300 audit(0.0:1338): arch=40000028 syscall=294 per=800000 success=yes exit=0 a0=4 a1=0 a2=40 a3=b6c1ba00 items=0 ppid=5158 auid=4294967295 uid=0 gid=0 euid=0 suid=0 fsuid=0 egid=0 sgid=0 fsgid=0 ses=4294967295 tty=(none) exe="/system/bin/iptables" subj=u:r:netd:s0 key=(null)
W/auditd  ( 3592): type=1320 audit(0.0:1338): 
W/auditd  ( 3592): type=1325 audit(0.0:1339): table=raw family=10 entries=9
W/ip6tables( 5293): type=1300 audit(0.0:1339): arch=40000028 syscall=294 per=800000 success=yes exit=0 a0=4 a1=29 a2=40 a3=b6c1d000 items=0 ppid=5158 auid=4294967295 uid=0 gid=0 euid=0 suid=0 fsuid=0 egid=0 sgid=0 fsgid=0 ses=4294967295 tty=(none) exe="/system/bin/ip6tables" subj=u:r:netd:s0 key=(null)
W/auditd  ( 3592): type=1320 audit(0.0:1339): 
W/auditd  ( 3592): type=1325 audit(0.0:1340): table=raw family=2 entries=8
W/iptables( 5294): type=1300 audit(0.0:1340): arch=40000028 syscall=294 per=800000 success=yes exit=0 a0=4 a1=0 a2=40 a3=b6c1ba00 items=0 ppid=5158 auid=4294967295 uid=0 gid=0 euid=0 suid=0 fsuid=0 egid=0 sgid=0 fsgid=0 ses=4294967295 tty=(none) exe="/system/bin/iptables" subj=u:r:netd:s0 key=(null)
W/auditd  ( 3592): type=1320 audit(0.0:1340): 
W/auditd  ( 3592): type=1325 audit(0.0:1341): table=raw family=10 entries=8
W/ip6tables( 5295): type=1300 audit(0.0:1341): arch=40000028 syscall=294 per=800000 success=yes exit=0 a0=4 a1=29 a2=40 a3=b6c32800 items=0 ppid=5158 auid=4294967295 uid=0 gid=0 euid=0 suid=0 fsuid=0 egid=0 sgid=0 fsgid=0 ses=4294967295 tty=(none) exe="/system/bin/ip6tables" subj=u:r:netd:s0 key=(null)
W/auditd  ( 3592): type=1320 audit(0.0:1341): 
W/auditd  ( 3592): type=1325 audit(0.0:1342): table=raw family=2 entries=8
W/iptables( 5296): type=1300 audit(0.0:1342): arch=40000028 syscall=294 per=800000 success=yes exit=0 a0=4 a1=0 a2=40 a3=b6c30100 items=0 ppid=5158 auid=4294967295 uid=0 gid=0 euid=0 suid=0 fsuid=0 egid=0 sgid=0 fsgid=0 ses=4294967295 tty=(none) exe="/system/bin/iptables" subj=u:r:netd:s0 key=(null)
W/auditd  ( 3592): type=1320 audit(0.0:1342): 
W/auditd  ( 3592): type=1325 audit(0.0:1343): table=raw family=10 entries=8
W/ip6tables( 5297): type=1300 audit(0.0:1343): arch=40000028 syscall=294 per=800000 success=yes exit=0 a0=4 a1=29 a2=40 a3=b6c32400 items=0 ppid=5158 auid=4294967295 uid=0 gid=0 euid=0 suid=0 fsuid=0 egid=0 sgid=0 fsgid=0 ses=4294967295 tty=(none) exe="/system/bin/ip6tables" subj=u:r:netd:s0 key=(null)
I/ServiceManager( 5161): Waiting for service batterystats...
I/DEBUG   ( 3894): 
I/DEBUG   ( 3894): Tombstone written to: /data/tombstones/tombstone_01
I/ServiceManager( 3571): service 'SurfaceFlinger' died
I/ServiceManager( 3571): service 'Exynos.HWCService' died
I/ServiceManager( 3571): service 'media.wifi_display' died
I/ServiceManager( 3571): service 'media.audio_flinger' died
W/init    ( 5337): type=1400 audit(0.0:1381): avc: denied { entrypoint } for path="/system/bin/auditd" dev="mmcblk0p18" ino=173 scontext=u:r:logd:s0 tcontext=u:object_r:system_file:s0 tclass=file
W/init    ( 5337): type=1300 audit(0.0:1381): arch=40000028 syscall=11 per=800000 success=no exit=-13 a0=b6d80954 a1=b6d69530 a2=57e64 a3=ff0000 items=1 ppid=1 auid=4294967295 uid=0 gid=0 euid=0 suid=0 fsuid=0 egid=0 sgid=0 fsgid=0 ses=4294967295 tty=(none) exe="/init" subj=u:r:init:s0 key=(null)
W/auditd  ( 3592): type=1307 audit(0.0:1381): cwd="/"
W/auditd  ( 3592): type=1302 audit(0.0:1381): item=0 name="/system/bin/auditd" inode=173 dev=103:0a mode=0100755 ouid=0 ogid=2000 rdev=00:00 obj=u:object_r:system_file:s0
W/auditd  ( 3592): type=1320 audit(0.0:1381): 
I/Netd    ( 5338): Netd 1.0 starting
E/Netd    ( 5338): Failed to open /proc/sys/net/ipv6/conf/default/accept_ra_rt_table: No such file or directory
E/Netd    ( 5338): Failed to open /proc/sys/net/ipv6/conf/ip6tnl0/accept_ra_rt_table: No such file or directory
E/Netd    ( 5338): Failed to open /proc/sys/net/ipv6/conf/lo/accept_ra_rt_table: No such file or directory
E/Netd    ( 5338): Failed to open /proc/sys/net/ipv6/conf/rmnet0/accept_ra_rt_table: No such file or directory
E/Netd    ( 5338): Failed to open /proc/sys/net/ipv6/conf/rmnet1/accept_ra_rt_table: No such file or directory
E/Netd    ( 5338): Failed to open /proc/sys/net/ipv6/conf/rmnet2/accept_ra_rt_table: No such file or directory
E/Netd    ( 5338): Failed to open /proc/sys/net/ipv6/conf/rmnet3/accept_ra_rt_table: No such file or directory
E/Netd    ( 5338): Failed to open /proc/sys/net/ipv6/conf/sit0/accept_ra_rt_table: No such file or directory
W/auditd  ( 3592): type=1325 audit(0.0:1382): table=filter family=2 entries=37
W/iptables( 5344): type=1300 audit(0.0:1382): arch=40000028 syscall=294 per=800000 success=yes exit=0 a0=4 a1=0 a2=40 a3=b6c25000 items=0 ppid=5338 auid=4294967295 uid=0 gid=0 euid=0 suid=0 fsuid=0 egid=0 sgid=0 fsgid=0 ses=4294967295 tty=(none) exe="/system/bin/iptables" subj=u:r:netd:s0 key=(null)
W/auditd  ( 3592): type=1320 audit(0.0:1382): 
I/SurfaceFlinger( 5340): SurfaceFlinger is starting
I/SurfaceFlinger( 5340): SurfaceFlinger's main thread ready to run. Initializing graphics H/W...
W/auditd  ( 3592): type=1325 audit(0.0:1383): table=filter family=10 entries=37
W/ip6tables( 5345): type=1300 audit(0.0:1383): arch=40000028 syscall=294 per=800000 success=yes exit=0 a0=4 a1=29 a2=40 a3=b6c28000 items=0 ppid=5338 auid=4294967295 uid=0 gid=0 euid=0 suid=0 fsuid=0 egid=0 sgid=0 fsgid=0 ses=4294967295 tty=(none) exe="/system/bin/ip6tables" subj=u:r:netd:s0 key=(null)
W/auditd  ( 3592): type=1320 audit(0.0:1383): 
W/auditd  ( 3592): type=1325 audit(0.0:1384): table=filter family=2 entries=36
W/iptables( 5348): type=1300 audit(0.0:1384): arch=40000028 syscall=294 per=800000 success=yes exit=0 a0=4 a1=0 a2=40 a3=b6c22000 items=0 ppid=5338 auid=4294967295 uid=0 gid=0 euid=0 suid=0 fsuid=0 egid=0 sgid=0 fsgid=0 ses=4294967295 tty=(none) exe="/system/bin/iptables" subj=u:r:netd:s0 key=(null)
W/auditd  ( 3592): type=1320 audit(0.0:1384): 
W/auditd  ( 3592): type=1325 audit(0.0:1385): table=filter family=10 entries=36
W/ip6tables( 5350): type=1300 audit(0.0:1385): arch=40000028 syscall=294 per=800000 success=yes exit=0 a0=4 a1=29 a2=40 a3=b6c23000 items=0 ppid=5338 auid=4294967295 uid=0 gid=0 euid=0 suid=0 fsuid=0 egid=0 sgid=0 fsgid=0 ses=4294967295 tty=(none) exe="/system/bin/ip6tables" subj=u:r:netd:s0 key=(null)
W/auditd  ( 3592): type=1320 audit(0.0:1385): 
W/auditd  ( 3592): type=1325 audit(0.0:1386): table=filter family=2 entries=36
W/iptables( 5352): type=1300 audit(0.0:1386): arch=40000028 syscall=294 per=800000 success=yes exit=0 a0=4 a1=0 a2=40 a3=b6c22000 items=0 ppid=5338 auid=4294967295 uid=0 gid=0 euid=0 suid=0 fsuid=0 egid=0 sgid=0 fsgid=0 ses=4294967295 tty=(none) exe="/system/bin/iptables" subj=u:r:netd:s0 key=(null)
W/auditd  ( 3592): type=1320 audit(0.0:1386): 
D/libEGL  ( 5340): loaded /vendor/lib/egl/libGLES_mali.so
I/        ( 5340): PLATFORM VERSION : JB-MR-2
D/AndroidRuntime( 5343): 
D/AndroidRuntime( 5343): >>>>>> AndroidRuntime START com.android.internal.os.ZygoteInit <<<<<<
D/AndroidRuntime( 5343): CheckJNI is OFF
I/art     ( 5343): option[0]=-Xzygote
I/art     ( 5343): option[1]=-Xstacktracefile:/data/anr/traces.txt
I/art     ( 5343): option[2]=exit
I/art     ( 5343): option[3]=vfprintf
I/art     ( 5343): option[4]=sensitiveThread
I/art     ( 5343): option[5]=-verbose:gc
I/art     ( 5343): option[6]=-Xms8m
I/art     ( 5343): option[7]=-Xmx512m
I/art     ( 5343): option[8]=-XX:mainThreadStackSize=24K
I/art     ( 5343): option[9]=-XX:HeapGrowthLimit=128m
I/art     ( 5343): option[10]=-XX:HeapMinFree=2m
I/art     ( 5343): option[11]=-XX:HeapMaxFree=8m
I/art     ( 5343): option[12]=-XX:HeapTargetUtilization=0.75
I/art     ( 5343): option[13]=-agentlib:jdwp=transport=dt_android_adb,suspend=n,server=y
I/art     ( 5343): option[14]=-Xlockprofthreshold:500
I/art     ( 5343): option[15]=-Ximage-compiler-option
I/art     ( 5343): option[16]=--runtime-arg
I/art     ( 5343): option[17]=-Ximage-compiler-option
I/art     ( 5343): option[18]=-Xms64m
I/art     ( 5343): option[19]=-Ximage-compiler-option
I/art     ( 5343): option[20]=--runtime-arg
I/art     ( 5343): option[21]=-Ximage-compiler-option
I/art     ( 5343): option[22]=-Xmx64m
I/art     ( 5343): option[23]=-Ximage-compiler-option
I/art     ( 5343): option[24]=--image-classes-zip=/system/framework/framework.jar
I/art     ( 5343): option[25]=-Ximage-compiler-option
I/art     ( 5343): option[26]=--image-classes=preloaded-classes
I/art     ( 5343): option[27]=-Xcompiler-option
I/art     ( 5343): option[28]=--runtime-arg
I/art     ( 5343): option[29]=-Xcompiler-option
I/art     ( 5343): option[30]=-Xms64m
I/art     ( 5343): option[31]=-Xcompiler-option
I/art     ( 5343): option[32]=--runtime-arg
I/art     ( 5343): option[33]=-Xcompiler-option
I/art     ( 5343): option[34]=-Xmx512m
I/art     ( 5343): option[35]=-Duser.language=es
I/art     ( 5343): option[36]=-Duser.region=US
I/art     ( 5343): Pruning dalvik-cache since we are generating an image and will need to recompile
W/art     ( 5343): Unexpected file type of 
W/art     ( 5343):  encountered.
I/art     ( 5343): Using an offset of 0xff6a3000 from default art base address of 0x70000000
I/art     ( 5343): GenerateImage: /system/bin/dex2oat --image=/data/dalvik-cache/arm/system@framework@boot.art --dex-file=/system/framework/core-libart.jar --dex-file=/system/framework/conscrypt.jar --dex-file=/system/framework/okhttp.jar --dex-file=/system/framework/core-junit.jar --dex-file=/system/framework/bouncycastle.jar --dex-file=/system/framework/ext.jar --dex-file=/system/framework/framework.jar --dex-file=/system/framework/telephony-common.jar --dex-file=/system/framework/voip-common.jar --dex-file=/system/framework/ims-common.jar --dex-file=/system/framework/mms-common.jar --dex-file=/system/framework/android.policy.jar --dex-file=/system/framework/apache-xml.jar --oat-file=/data/dalvik-cache/arm/system@framework@boot.oat --instruction-set=arm --instruction-set-features=div --base=0x6f6a3000 --runtime-arg -Xms64m --runtime-arg -Xmx64m --image-classes-zip=/system/framework/framework.jar --image-classes=preloaded-classes
I/mediaserver( 5341): ServiceManager: 0xb60500c0
I/AudioFlinger( 5341): Using default 3000 mSec as standby time.
I/ServiceManager( 5341): Waiting for service batterystats...
I/gralloc ( 5340): using (fd=12)
I/gralloc ( 5340): id           = 
I/gralloc ( 5340): xres         = 1080 px
I/gralloc ( 5340): yres         = 1920 px
I/gralloc ( 5340): xres_virtual = 1080 px
I/gralloc ( 5340): yres_virtual = 3840 px
I/gralloc ( 5340): bpp          = 32
I/gralloc ( 5340): r            = 16:8
I/gralloc ( 5340): g            =  8:8
I/gralloc ( 5340): b            =  0:8
I/gralloc ( 5340): width        = 65 mm (422.030762 dpi)
I/gralloc ( 5340): height       = 115 mm (424.069580 dpi)
I/gralloc ( 5340): refresh rate = 60.00 Hz
W/art     ( 5343): Unexpected file type of 
W/art     ( 5343):  encountered.
W/art     ( 5343): Could not create image space with image file '/system/framework/boot.art'. Attempting to fall back to imageless running. Error was: Failed to generate image '/data/dalvik-cache/arm/system@framework@boot.art': Failed execv(/system/bin/dex2oat --image=/data/dalvik-cache/arm/system@framework@boot.art --dex-file=/system/framework/core-libart.jar --dex-file=/system/framework/conscrypt.jar --dex-file=/system/framework/okhttp.jar --dex-file=/system/framework/core-junit.jar --dex-file=/system/framework/bouncycastle.jar --dex-file=/system/framework/ext.jar --dex-file=/system/framework/framework.jar --dex-file=/system/framework/telephony-common.jar --dex-file=/system/framework/voip-common.jar --dex-file=/system/framework/ims-common.jar --dex-file=/system/framework/mms-common.jar --dex-file=/system/framework/android.policy.jar --dex-file=/system/framework/apache-xml.jar --oat-file=/data/dalvik-cache/arm/system@framework@boot.oat --instruction-set=arm --instruction-set-features=div --base=0x6f6a3000 --runtime-arg -Xms64
D/hwcomposer( 5340): using
D/hwcomposer( 5340): xres         = 1080 px
D/hwcomposer( 5340): yres         = 1920 px
D/hwcomposer( 5340): width        = 65 mm (422.030000 dpi)
D/hwcomposer( 5340): height       = 115 mm (424.069000 dpi)
D/hwcomposer( 5340): refresh rate = 60 Hz
D/libexynosv4l2-subdev( 5340): try node: /dev/v4l-subdev0
D/libexynosv4l2-subdev( 5340): try node: /dev/v4l-subdev1
D/libexynosv4l2-subdev( 5340): try node: /dev/v4l-subdev2
I/libexynosv4l2-subdev( 5340): node found for device s5p-mixer0: /dev/v4l-subdev2
I/libexynosv4l2-subdev( 5340): open subdev device /dev/v4l-subdev2
I/hwcomposer( 5340): PSR info devname = /sys/devices/14400000.fimd_fb/psr_info
I/hwcomposer( 5340): PSR mode is 2(0: video mode, 1: DP PSR mode, 2: MIPI-DSI command mode)
I/SurfaceFlinger( 5340): Using composer version 1.3
I/SurfaceFlinger( 5340): EGL information:
I/SurfaceFlinger( 5340): vendor    : Android
I/SurfaceFlinger( 5340): version   : 1.4 Android META-EGL
I/SurfaceFlinger( 5340): extensions: EGL_KHR_get_all_proc_addresses EGL_ANDROID_presentation_time EGL_KHR_image EGL_KHR_image_base EGL_KHR_gl_texture_2D_image EGL_KHR_gl_texture_cubemap_image EGL_KHR_gl_renderbuffer_image EGL_KHR_fence_sync EGL_KHR_create_context EGL_ANDROID_image_native_buffer EGL_KHR_wait_sync EGL_ANDROID_recordable 
I/SurfaceFlinger( 5340): Client API: OpenGL_ES
I/SurfaceFlinger( 5340): EGLSurface: 8-8-8-8, config=0xb6acf2ac
I/SurfaceFlinger( 5340): OpenGL ES informations:
I/SurfaceFlinger( 5340): vendor    : ARM
I/SurfaceFlinger( 5340): renderer  : Mali-T628
I/SurfaceFlinger( 5340): version   : OpenGL ES 3.0
I/SurfaceFlinger( 5340): extensions: GL_EXT_debug_marker GL_ARM_rgba8 GL_ARM_mali_shader_binary GL_OES_depth24 GL_OES_depth_texture GL_OES_depth_texture_cube_map GL_OES_packed_depth_stencil GL_OES_rgb8_rgba8 GL_EXT_read_format_bgra GL_OES_compressed_paletted_texture GL_OES_compressed_ETC1_RGB8_texture GL_OES_standard_derivatives GL_OES_EGL_image GL_OES_EGL_image_external GL_OES_EGL_sync GL_OES_texture_npot GL_OES_vertex_half_float GL_OES_required_internalformat GL_OES_vertex_array_object GL_OES_mapbuffer GL_EXT_texture_format_BGRA8888 GL_EXT_texture_rg GL_EXT_texture_type_2_10_10_10_REV GL_OES_fbo_render_mipmap GL_OES_element_index_uint GL_EXT_shadow_samplers GL_OES_texture_compression_astc GL_KHR_texture_compression_astc_ldr GL_KHR_texture_compression_astc_hdr GL_KHR_debug GL_EXT_occlusion_query_boolean GL_EXT_blend_minmax GL_EXT_discard_framebuffer GL_OES_get_program_binary GL_OES_texture_3D GL_EXT_texture_storage GL_EXT_multisampled_render_to_texture GL_OES_surfaceless_context GL_ARM_mali_program_binary 
I/SurfaceFlinger( 5340): GL_MAX_TEXTURE_SIZE = 8192
I/SurfaceFlinger( 5340): GL_MAX_VIEWPORT_DIMS = 8192
E/libEGL  ( 5340): eglQuerySurface:607 error 300d (EGL_BAD_SURFACE)
E/libEGL  ( 5340): eglQuerySurface:607 error 300d (EGL_BAD_SURFACE)
E/libEGL  ( 5340): call to OpenGL ES API with no current context (logged once per thread)
D/SurfaceFlinger( 5340): Set power mode=2, type=0 flinger=0xb6a62000
I/hwcomposer( 5340): int exynos5_blank(hwc_composer_device_1*, int, int):: disp(0), blank(0)
I/hwcomposer( 5340): unblank ioctl failed (display already unblanked)
E/libEGL  ( 5340): eglSwapBuffers:1071 error 300d (EGL_BAD_SURFACE)
F/SurfaceFlinger( 5340): eglSwapBuffers(0x1, 0x0) failed with 0x0000300d
F/libc    ( 5340): Fatal signal 6 (SIGABRT), code -6 in tid 5340 (surfaceflinger)
I/DEBUG   ( 3894): property debug.db.uid not set; NOT waiting for gdb.
I/DEBUG   ( 3894): HINT: adb shell setprop debug.db.uid 100000
I/DEBUG   ( 3894): HINT: adb forward tcp:5039 tcp:5039
I/DEBUG   ( 3894): *** *** *** *** *** *** *** *** *** *** *** *** *** *** *** ***
I/DEBUG   ( 3894): Build fingerprint: 'samsung/cm_k3gxx/k3gxx:5.0.2/LRX22G/ca2fb2b51d:userdebug/test-keys'
I/DEBUG   ( 3894): Revision: '10'
I/DEBUG   ( 3894): ABI: 'arm'
I/DEBUG   ( 3894): pid: 5340, tid: 5340, name: surfaceflinger  >>> /system/bin/surfaceflinger <<<
I/DEBUG   ( 3894): signal 6 (SIGABRT), code -6 (SI_TKILL), fault addr --------
I/DEBUG   ( 3894): Abort message: 'eglSwapBuffers(0x1, 0x0) failed with 0x0000300d'
I/DEBUG   ( 3894):     r0 00000000  r1 000014dc  r2 00000006  r3 00000000
I/DEBUG   ( 3894):     r4 b6f75114  r5 00000006  r6 0000000b  r7 0000010c
I/DEBUG   ( 3894):     r8 00000000  r9 bec1abd0  sl b6a54210  fp bec1abd0
I/DEBUG   ( 3894):     ip 000014dc  sp bec1a650  lr b6eff7b9  pc b6f234e4  cpsr 600f0010
I/DEBUG   ( 3894): 
I/DEBUG   ( 3894): backtrace:
I/DEBUG   ( 3894):     #00 pc 000384e4  /system/lib/libc.so (tgkill+12)
I/DEBUG   ( 3894):     #01 pc 000147b5  /system/lib/libc.so (pthread_kill+52)
I/DEBUG   ( 3894):     #02 pc 0001550b  /system/lib/libc.so (raise+10)
I/DEBUG   ( 3894):     #03 pc 00011c35  /system/lib/libc.so (__libc_android_abort+36)
I/DEBUG   ( 3894):     #04 pc 0000fcb8  /system/lib/libc.so (abort+4)
I/DEBUG   ( 3894):     #05 pc 00007739  /system/lib/libcutils.so (__android_log_assert+88)
I/DEBUG   ( 3894):     #06 pc 0000f4df  /system/lib/libsurfaceflinger.so
I/DEBUG   ( 3894):     #07 pc 0001b9fd  /system/lib/libsurfaceflinger.so
I/DEBUG   ( 3894):     #08 pc 0001abe7  /system/lib/libsurfaceflinger.so
I/DEBUG   ( 3894):     #09 pc 00019fc3  /system/lib/libsurfaceflinger.so
I/DEBUG   ( 3894):     #10 pc 00019d49  /system/lib/libsurfaceflinger.so
I/DEBUG   ( 3894):     #11 pc 00010ed3  /system/lib/libutils.so (android::Looper::pollInner(int)+410)
I/DEBUG   ( 3894):     #12 pc 00010fc5  /system/lib/libutils.so (android::Looper::pollOnce(int, int*, int*, void**)+92)
I/DEBUG   ( 3894):     #13 pc 000174c5  /system/lib/libsurfaceflinger.so
I/DEBUG   ( 3894):     #14 pc 0001993d  /system/lib/libsurfaceflinger.so (android::SurfaceFlinger::run()+8)
I/DEBUG   ( 3894):     #15 pc 0000083d  /system/bin/surfaceflinger
I/DEBUG   ( 3894):     #16 pc 0000fb75  /system/lib/libc.so (__libc_init+44)
I/DEBUG   ( 3894):     #17 pc 000008d8  /system/bin/surfaceflinger
W/auditd  ( 3592): type=1325 audit(0.0:1504): table=raw family=10 entries=8
W/ip6tables( 5481): type=1300 audit(0.0:1504): arch=40000028 syscall=294 per=800000 success=yes exit=0 a0=4 a1=29 a2=40 a3=b6c37800 items=0 ppid=5338 auid=4294967295 uid=0 gid=0 euid=0 suid=0 fsuid=0 egid=0 sgid=0 fsgid=0 ses=4294967295 tty=(none) exe="/system/bin/ip6tables" subj=u:r:netd:s0 key=(null)
W/auditd  ( 3592): type=1320 audit(0.0:1504): 
W/auditd  ( 3592): type=1325 audit(0.0:1505): table=raw family=2 entries=9
W/iptables( 5482): type=1300 audit(0.0:1505): arch=40000028 syscall=294 per=800000 success=yes exit=0 a0=4 a1=0 a2=40 a3=b6c1ba00 items=0 ppid=5338 auid=4294967295 uid=0 gid=0 euid=0 suid=0 fsuid=0 egid=0 sgid=0 fsgid=0 ses=4294967295 tty=(none) exe="/system/bin/iptables" subj=u:r:netd:s0 key=(null)
W/auditd  ( 3592): type=1320 audit(0.0:1505): 
W/auditd  ( 3592): type=1325 audit(0.0:1506): table=raw family=10 entries=9
W/ip6tables( 5483): type=1300 audit(0.0:1506): arch=40000028 syscall=294 per=800000 success=yes exit=0 a0=4 a1=29 a2=40 a3=b6c1d000 items=0 ppid=5338 auid=4294967295 uid=0 gid=0 euid=0 suid=0 fsuid=0 egid=0 sgid=0 fsgid=0 ses=4294967295 tty=(none) exe="/system/bin/ip6tables" subj=u:r:netd:s0 key=(null)
W/auditd  ( 3592): type=1320 audit(0.0:1506): 
W/auditd  ( 3592): type=1325 audit(0.0:1507): table=raw family=2 entries=8
W/iptables( 5484): type=1300 audit(0.0:1507): arch=40000028 syscall=294 per=800000 success=yes exit=0 a0=4 a1=0 a2=40 a3=b6c1ba00 items=0 ppid=5338 auid=4294967295 uid=0 gid=0 euid=0 suid=0 fsuid=0 egid=0 sgid=0 fsgid=0 ses=4294967295 tty=(none) exe="/system/bin/iptables" subj=u:r:netd:s0 key=(null)
W/auditd  ( 3592): type=1320 audit(0.0:1507): 
W/auditd  ( 3592): type=1325 audit(0.0:1508): table=raw family=10 entries=8
W/ip6tables( 5485): type=1300 audit(0.0:1508): arch=40000028 syscall=294 per=800000 success=yes exit=0 a0=4 a1=29 a2=40 a3=b6c32800 items=0 ppid=5338 auid=4294967295 uid=0 gid=0 euid=0 suid=0 fsuid=0 egid=0 sgid=0 fsgid=0 ses=4294967295 tty=(none) exe="/system/bin/ip6tables" subj=u:r:netd:s0 key=(null)
W/auditd  ( 3592): type=1320 audit(0.0:1508): 
W/auditd  ( 3592): type=1325 audit(0.0:1509): table=raw family=2 entries=8
W/iptables( 5486): type=1300 audit(0.0:1509): arch=40000028 syscall=294 per=800000 success=yes exit=0 a0=4 a1=0 a2=40 a3=b6c30100 items=0 ppid=5338 auid=4294967295 uid=0 gid=0 euid=0 suid=0 fsuid=0 egid=0 sgid=0 fsgid=0 ses=4294967295 tty=(none) exe="/system/bin/iptables" subj=u:r:netd:s0 key=(null)
W/auditd  ( 3592): type=1320 audit(0.0:1509): 
W/auditd  ( 3592): type=1325 audit(0.0:1510): table=raw family=10 entries=8
W/ip6tables( 5487): type=1300 audit(0.0:1510): arch=40000028 syscall=294 per=800000 success=yes exit=0 a0=4 a1=29 a2=40 a3=b6c32400 items=0 ppid=5338 auid=4294967295 uid=0 gid=0 euid=0 suid=0 fsuid=0 egid=0 sgid=0 fsgid=0 ses=4294967295 tty=(none) exe="/system/bin/ip6tables" subj=u:r:netd:s0 key=(null)
I/ServiceManager( 5341): Waiting for service batterystats...
V/NatController( 5338): runCmd(/system/bin/iptables -F natctrl_FORWARD) res=0
V/NatController( 5338): runCmd(/system/bin/iptables -A natctrl_FORWARD -j DROP) res=0
V/NatController( 5338): runCmd(/system/bin/iptables -t nat -F natctrl_nat_POSTROUTING) res=0
V/NatController( 5338): runCmd(/system/bin/iptables -F natctrl_tether_counters) res=0
V/NatController( 5338): runCmd(/system/bin/iptables -X natctrl_tether_counters) res=0
V/NatController( 5338): runCmd(/system/bin/iptables -N natctrl_tether_counters) res=0
V/NatController( 5338): runCmd(/system/bin/iptables -t mangle -A natctrl_mangle_FORWARD -p tcp --tcp-flags SYN SYN -j TCPMSS --clamp-mss-to-pmtu) res=0
I/DEBUG   ( 3894): 
I/DEBUG   ( 3894): Tombstone written to: /data/tombstones/tombstone_02
I/ServiceManager( 3571): service 'SurfaceFlinger' died
I/ServiceManager( 3571): service 'Exynos.HWCService' died
I/ServiceManager( 3571): service 'media.wifi_display' died
I/ServiceManager( 3571): service 'media.audio_flinger' died
W/init    ( 5557): type=1400 audit(0.0:1571): avc: denied { entrypoint } for path="/system/bin/auditd" dev="mmcblk0p18" ino=173 scontext=u:r:logd:s0 tcontext=u:object_r:system_file:s0 tclass=file
W/init    ( 5557): type=1300 audit(0.0:1571): arch=40000028 syscall=11 per=800000 success=no exit=-13 a0=b6d80954 a1=b6d69530 a2=57e64 a3=ff0000 items=1 ppid=1 auid=4294967295 uid=0 gid=0 euid=0 suid=0 fsuid=0 egid=0 sgid=0 fsgid=0 ses=4294967295 tty=(none) exe="/init" subj=u:r:init:s0 key=(null)
W/auditd  ( 3592): type=1307 audit(0.0:1571): cwd="/"
W/auditd  ( 3592): type=1302 audit(0.0:1571): item=0 name="/system/bin/auditd" inode=173 dev=103:0a mode=0100755 ouid=0 ogid=2000 rdev=00:00 obj=u:object_r:system_file:s0
W/auditd  ( 3592): type=1320 audit(0.0:1571): 
I/Netd    ( 5558): Netd 1.0 starting
E/Netd    ( 5558): Failed to open /proc/sys/net/ipv6/conf/default/accept_ra_rt_table: No such file or directory
E/Netd    ( 5558): Failed to open /proc/sys/net/ipv6/conf/ip6tnl0/accept_ra_rt_table: No such file or directory
E/Netd    ( 5558): Failed to open /proc/sys/net/ipv6/conf/lo/accept_ra_rt_table: No such file or directory
E/Netd    ( 5558): Failed to open /proc/sys/net/ipv6/conf/rmnet0/accept_ra_rt_table: No such file or directory
E/Netd    ( 5558): Failed to open /proc/sys/net/ipv6/conf/rmnet1/accept_ra_rt_table: No such file or directory
E/Netd    ( 5558): Failed to open /proc/sys/net/ipv6/conf/rmnet2/accept_ra_rt_table: No such file or directory
E/Netd    ( 5558): Failed to open /proc/sys/net/ipv6/conf/rmnet3/accept_ra_rt_table: No such file or directory
E/Netd    ( 5558): Failed to open /proc/sys/net/ipv6/conf/sit0/accept_ra_rt_table: No such file or directory
I/SurfaceFlinger( 5560): SurfaceFlinger is starting
W/auditd  ( 3592): type=1325 audit(0.0:1572): table=filter family=2 entries=38
I/SurfaceFlinger( 5560): SurfaceFlinger's main thread ready to run. Initializing graphics H/W...
W/iptables( 5564): type=1300 audit(0.0:1572): arch=40000028 syscall=294 per=800000 success=yes exit=0 a0=4 a1=0 a2=40 a3=b6c25000 items=0 ppid=5558 auid=4294967295 uid=0 gid=0 euid=0 suid=0 fsuid=0 egid=0 sgid=0 fsgid=0 ses=4294967295 tty=(none) exe="/system/bin/iptables" subj=u:r:netd:s0 key=(null)
W/auditd  ( 3592): type=1320 audit(0.0:1572): 
W/auditd  ( 3592): type=1325 audit(0.0:1573): table=filter family=10 entries=37
W/ip6tables( 5568): type=1300 audit(0.0:1573): arch=40000028 syscall=294 per=800000 success=yes exit=0 a0=4 a1=29 a2=40 a3=b6c28000 items=0 ppid=5558 auid=4294967295 uid=0 gid=0 euid=0 suid=0 fsuid=0 egid=0 sgid=0 fsgid=0 ses=4294967295 tty=(none) exe="/system/bin/ip6tables" subj=u:r:netd:s0 key=(null)
W/auditd  ( 3592): type=1320 audit(0.0:1573): 
W/auditd  ( 3592): type=1325 audit(0.0:1574): table=filter family=2 entries=37
W/iptables( 5569): type=1300 audit(0.0:1574): arch=40000028 syscall=294 per=800000 success=yes exit=0 a0=4 a1=0 a2=40 a3=b6c22000 items=0 ppid=5558 auid=4294967295 uid=0 gid=0 euid=0 suid=0 fsuid=0 egid=0 sgid=0 fsgid=0 ses=4294967295 tty=(none) exe="/system/bin/iptables" subj=u:r:netd:s0 key=(null)
W/auditd  ( 3592): type=1320 audit(0.0:1574): 
D/libEGL  ( 5560): loaded /vendor/lib/egl/libGLES_mali.so
W/auditd  ( 3592): type=1325 audit(0.0:1575): table=filter family=10 entries=36
W/ip6tables( 5571): type=1300 audit(0.0:1575): arch=40000028 syscall=294 per=800000 success=yes exit=0 a0=4 a1=29 a2=40 a3=b6c23000 items=0 ppid=5558 auid=4294967295 uid=0 gid=0 euid=0 suid=0 fsuid=0 egid=0 sgid=0 fsgid=0 ses=4294967295 tty=(none) exe="/system/bin/ip6tables" subj=u:r:netd:s0 key=(null)
W/auditd  ( 3592): type=1320 audit(0.0:1575): 
W/auditd  ( 3592): type=1325 audit(0.0:1576): table=filter family=2 entries=37
W/iptables( 5572): type=1300 audit(0.0:1576): arch=40000028 syscall=294 per=800000 success=yes exit=0 a0=4 a1=0 a2=40 a3=b6c22000 items=0 ppid=5558 auid=4294967295 uid=0 gid=0 euid=0 suid=0 fsuid=0 egid=0 sgid=0 fsgid=0 ses=4294967295 tty=(none) exe="/system/bin/iptables" subj=u:r:netd:s0 key=(null)
W/auditd  ( 3592): type=1320 audit(0.0:1576): 
I/        ( 5560): PLATFORM VERSION : JB-MR-2
I/gralloc ( 5560): using (fd=12)
I/gralloc ( 5560): id           = 
I/gralloc ( 5560): xres         = 1080 px
I/gralloc ( 5560): yres         = 1920 px
I/gralloc ( 5560): xres_virtual = 1080 px
I/gralloc ( 5560): yres_virtual = 3840 px
I/gralloc ( 5560): bpp          = 32
I/gralloc ( 5560): r            = 16:8
I/gralloc ( 5560): g            =  8:8
I/gralloc ( 5560): b            =  0:8
I/gralloc ( 5560): width        = 65 mm (422.030762 dpi)
I/gralloc ( 5560): height       = 115 mm (424.069580 dpi)
I/gralloc ( 5560): refresh rate = 60.00 Hz
I/mediaserver( 5561): ServiceManager: 0xb60500c0
I/AudioFlinger( 5561): Using default 3000 mSec as standby time.
I/ServiceManager( 5561): Waiting for service batterystats...
D/AndroidRuntime( 5563): 
D/AndroidRuntime( 5563): >>>>>> AndroidRuntime START com.android.internal.os.ZygoteInit <<<<<<
D/AndroidRuntime( 5563): CheckJNI is OFF
I/art     ( 5563): option[0]=-Xzygote
I/art     ( 5563): option[1]=-Xstacktracefile:/data/anr/traces.txt
I/art     ( 5563): option[2]=exit
I/art     ( 5563): option[3]=vfprintf
I/art     ( 5563): option[4]=sensitiveThread
I/art     ( 5563): option[5]=-verbose:gc
I/art     ( 5563): option[6]=-Xms8m
I/art     ( 5563): option[7]=-Xmx512m
I/art     ( 5563): option[8]=-XX:mainThreadStackSize=24K
I/art     ( 5563): option[9]=-XX:HeapGrowthLimit=128m
I/art     ( 5563): option[10]=-XX:HeapMinFree=2m
I/art     ( 5563): option[11]=-XX:HeapMaxFree=8m
I/art     ( 5563): option[12]=-XX:HeapTargetUtilization=0.75
I/art     ( 5563): option[13]=-agentlib:jdwp=transport=dt_android_adb,suspend=n,server=y
I/art     ( 5563): option[14]=-Xlockprofthreshold:500
I/art     ( 5563): option[15]=-Ximage-compiler-option
I/art     ( 5563): option[16]=--runtime-arg
I/art     ( 5563): option[17]=-Ximage-compiler-option
I/art     ( 5563): option[18]=-Xms64m
I/art     ( 5563): option[19]=-Ximage-compiler-option
I/art     ( 5563): option[20]=--runtime-arg
I/art     ( 5563): option[21]=-Ximage-compiler-option
I/art     ( 5563): option[22]=-Xmx64m
I/art     ( 5563): option[23]=-Ximage-compiler-option
I/art     ( 5563): option[24]=--image-classes-zip=/system/framework/framework.jar
I/art     ( 5563): option[25]=-Ximage-compiler-option
I/art     ( 5563): option[26]=--image-classes=preloaded-classes
I/art     ( 5563): option[27]=-Xcompiler-option
I/art     ( 5563): option[28]=--runtime-arg
I/art     ( 5563): option[29]=-Xcompiler-option
I/art     ( 5563): option[30]=-Xms64m
I/art     ( 5563): option[31]=-Xcompiler-option
I/art     ( 5563): option[32]=--runtime-arg
I/art     ( 5563): option[33]=-Xcompiler-option
I/art     ( 5563): option[34]=-Xmx512m
I/art     ( 5563): option[35]=-Duser.language=es
I/art     ( 5563): option[36]=-Duser.region=US
I/art     ( 5563): Pruning dalvik-cache since we are generating an image and will need to recompile
W/art     ( 5563): Unexpected file type of 
W/art     ( 5563):  encountered.
I/art     ( 5563): Using an offset of 0xffc65000 from default art base address of 0x70000000
I/art     ( 5563): GenerateImage: /system/bin/dex2oat --image=/data/dalvik-cache/arm/system@framework@boot.art --dex-file=/system/framework/core-libart.jar --dex-file=/system/framework/conscrypt.jar --dex-file=/system/framework/okhttp.jar --dex-file=/system/framework/core-junit.jar --dex-file=/system/framework/bouncycastle.jar --dex-file=/system/framework/ext.jar --dex-file=/system/framework/framework.jar --dex-file=/system/framework/telephony-common.jar --dex-file=/system/framework/voip-common.jar --dex-file=/system/framework/ims-common.jar --dex-file=/system/framework/mms-common.jar --dex-file=/system/framework/android.policy.jar --dex-file=/system/framework/apache-xml.jar --oat-file=/data/dalvik-cache/arm/system@framework@boot.oat --instruction-set=arm --instruction-set-features=div --base=0x6fc65000 --runtime-arg -Xms64m --runtime-arg -Xmx64m --image-classes-zip=/system/framework/framework.jar --image-classes=preloaded-classes
W/art     ( 5563): Unexpected file type of 
W/art     ( 5563):  encountered.
W/art     ( 5563): Could not create image space with image file '/system/framework/boot.art'. Attempting to fall back to imageless running. Error was: Failed to generate image '/data/dalvik-cache/arm/system@framework@boot.art': Failed execv(/system/bin/dex2oat --image=/data/dalvik-cache/arm/system@framework@boot.art --dex-file=/system/framework/core-libart.jar --dex-file=/system/framework/conscrypt.jar --dex-file=/system/framework/okhttp.jar --dex-file=/system/framework/core-junit.jar --dex-file=/system/framework/bouncycastle.jar --dex-file=/system/framework/ext.jar --dex-file=/system/framework/framework.jar --dex-file=/system/framework/telephony-common.jar --dex-file=/system/framework/voip-common.jar --dex-file=/system/framework/ims-common.jar --dex-file=/system/framework/mms-common.jar --dex-file=/system/framework/android.policy.jar --dex-file=/system/framework/apache-xml.jar --oat-file=/data/dalvik-cache/arm/system@framework@boot.oat --instruction-set=arm --instruction-set-features=div --base=0x6fc65000 --runtime-arg -Xms64
D/hwcomposer( 5560): using
D/hwcomposer( 5560): xres         = 1080 px
D/hwcomposer( 5560): yres         = 1920 px
D/hwcomposer( 5560): width        = 65 mm (422.030000 dpi)
D/hwcomposer( 5560): height       = 115 mm (424.069000 dpi)
D/hwcomposer( 5560): refresh rate = 60 Hz
D/libexynosv4l2-subdev( 5560): try node: /dev/v4l-subdev0
D/libexynosv4l2-subdev( 5560): try node: /dev/v4l-subdev1
D/libexynosv4l2-subdev( 5560): try node: /dev/v4l-subdev2
I/libexynosv4l2-subdev( 5560): node found for device s5p-mixer0: /dev/v4l-subdev2
I/libexynosv4l2-subdev( 5560): open subdev device /dev/v4l-subdev2
I/hwcomposer( 5560): PSR info devname = /sys/devices/14400000.fimd_fb/psr_info
I/hwcomposer( 5560): PSR mode is 2(0: video mode, 1: DP PSR mode, 2: MIPI-DSI command mode)
I/SurfaceFlinger( 5560): Using composer version 1.3
I/SurfaceFlinger( 5560): EGL information:
I/SurfaceFlinger( 5560): vendor    : Android
I/SurfaceFlinger( 5560): version   : 1.4 Android META-EGL
I/SurfaceFlinger( 5560): extensions: EGL_KHR_get_all_proc_addresses EGL_ANDROID_presentation_time EGL_KHR_image EGL_KHR_image_base EGL_KHR_gl_texture_2D_image EGL_KHR_gl_texture_cubemap_image EGL_KHR_gl_renderbuffer_image EGL_KHR_fence_sync EGL_KHR_create_context EGL_ANDROID_image_native_buffer EGL_KHR_wait_sync EGL_ANDROID_recordable 
I/SurfaceFlinger( 5560): Client API: OpenGL_ES
I/SurfaceFlinger( 5560): EGLSurface: 8-8-8-8, config=0xb6acf2ac
I/SurfaceFlinger( 5560): OpenGL ES informations:
I/SurfaceFlinger( 5560): vendor    : ARM
I/SurfaceFlinger( 5560): renderer  : Mali-T628
I/SurfaceFlinger( 5560): version   : OpenGL ES 3.0
I/SurfaceFlinger( 5560): extensions: GL_EXT_debug_marker GL_ARM_rgba8 GL_ARM_mali_shader_binary GL_OES_depth24 GL_OES_depth_texture GL_OES_depth_texture_cube_map GL_OES_packed_depth_stencil GL_OES_rgb8_rgba8 GL_EXT_read_format_bgra GL_OES_compressed_paletted_texture GL_OES_compressed_ETC1_RGB8_texture GL_OES_standard_derivatives GL_OES_EGL_image GL_OES_EGL_image_external GL_OES_EGL_sync GL_OES_texture_npot GL_OES_vertex_half_float GL_OES_required_internalformat GL_OES_vertex_array_object GL_OES_mapbuffer GL_EXT_texture_format_BGRA8888 GL_EXT_texture_rg GL_EXT_texture_type_2_10_10_10_REV GL_OES_fbo_render_mipmap GL_OES_element_index_uint GL_EXT_shadow_samplers GL_OES_texture_compression_astc GL_KHR_texture_compression_astc_ldr GL_KHR_texture_compression_astc_hdr GL_KHR_debug GL_EXT_occlusion_query_boolean GL_EXT_blend_minmax GL_EXT_discard_framebuffer GL_OES_get_program_binary GL_OES_texture_3D GL_EXT_texture_storage GL_EXT_multisampled_render_to_texture GL_OES_surfaceless_context GL_ARM_mali_program_binary 
I/SurfaceFlinger( 5560): GL_MAX_TEXTURE_SIZE = 8192
I/SurfaceFlinger( 5560): GL_MAX_VIEWPORT_DIMS = 8192
E/libEGL  ( 5560): eglQuerySurface:607 error 300d (EGL_BAD_SURFACE)
E/libEGL  ( 5560): eglQuerySurface:607 error 300d (EGL_BAD_SURFACE)
E/libEGL  ( 5560): call to OpenGL ES API with no current context (logged once per thread)
D/SurfaceFlinger( 5560): Set power mode=2, type=0 flinger=0xb6a62000
I/hwcomposer( 5560): int exynos5_blank(hwc_composer_device_1*, int, int):: disp(0), blank(0)
I/hwcomposer( 5560): unblank ioctl failed (display already unblanked)
E/libEGL  ( 5560): eglSwapBuffers:1071 error 300d (EGL_BAD_SURFACE)
F/SurfaceFlinger( 5560): eglSwapBuffers(0x1, 0x0) failed with 0x0000300d
F/libc    ( 5560): Fatal signal 6 (SIGABRT), code -6 in tid 5560 (surfaceflinger)
I/DEBUG   ( 3894): property debug.db.uid not set; NOT waiting for gdb.
I/DEBUG   ( 3894): HINT: adb shell setprop debug.db.uid 100000
I/DEBUG   ( 3894): HINT: adb forward tcp:5039 tcp:5039
I/DEBUG   ( 3894): *** *** *** *** *** *** *** *** *** *** *** *** *** *** *** ***
I/DEBUG   ( 3894): Build fingerprint: 'samsung/cm_k3gxx/k3gxx:5.0.2/LRX22G/ca2fb2b51d:userdebug/test-keys'
I/DEBUG   ( 3894): Revision: '10'
I/DEBUG   ( 3894): ABI: 'arm'
I/DEBUG   ( 3894): pid: 5560, tid: 5560, name: surfaceflinger  >>> /system/bin/surfaceflinger <<<
I/DEBUG   ( 3894): signal 6 (SIGABRT), code -6 (SI_TKILL), fault addr --------
I/DEBUG   ( 3894): Abort message: 'eglSwapBuffers(0x1, 0x0) failed with 0x0000300d'
I/DEBUG   ( 3894):     r0 00000000  r1 000015b8  r2 00000006  r3 00000000
I/DEBUG   ( 3894):     r4 b6f8b114  r5 00000006  r6 0000000b  r7 0000010c
I/DEBUG   ( 3894):     r8 00000000  r9 bef82bd0  sl b6a54210  fp bef82bd0
I/DEBUG   ( 3894):     ip 000015b8  sp bef82650  lr b6f157b9  pc b6f394e4  cpsr 600f0010
I/DEBUG   ( 3894): 
I/DEBUG   ( 3894): backtrace:
I/DEBUG   ( 3894):     #00 pc 000384e4  /system/lib/libc.so (tgkill+12)
I/DEBUG   ( 3894):     #01 pc 000147b5  /system/lib/libc.so (pthread_kill+52)
I/DEBUG   ( 3894):     #02 pc 0001550b  /system/lib/libc.so (raise+10)
I/DEBUG   ( 3894):     #03 pc 00011c35  /system/lib/libc.so (__libc_android_abort+36)
I/DEBUG   ( 3894):     #04 pc 0000fcb8  /system/lib/libc.so (abort+4)
I/DEBUG   ( 3894):     #05 pc 00007739  /system/lib/libcutils.so (__android_log_assert+88)
I/DEBUG   ( 3894):     #06 pc 0000f4df  /system/lib/libsurfaceflinger.so
I/DEBUG   ( 3894):     #07 pc 0001b9fd  /system/lib/libsurfaceflinger.so
I/DEBUG   ( 3894):     #08 pc 0001abe7  /system/lib/libsurfaceflinger.so
I/DEBUG   ( 3894):     #09 pc 00019fc3  /system/lib/libsurfaceflinger.so
I/DEBUG   ( 3894):     #10 pc 00019d49  /system/lib/libsurfaceflinger.so
I/DEBUG   ( 3894):     #11 pc 00010ed3  /system/lib/libutils.so (android::Looper::pollInner(int)+410)
I/DEBUG   ( 3894):     #12 pc 00010fc5  /system/lib/libutils.so (android::Looper::pollOnce(int, int*, int*, void**)+92)
I/DEBUG   ( 3894):     #13 pc 000174c5  /system/lib/libsurfaceflinger.so
I/DEBUG   ( 3894):     #14 pc 0001993d  /system/lib/libsurfaceflinger.so (android::SurfaceFlinger::run()+8)
I/DEBUG   ( 3894):     #15 pc 0000083d  /system/bin/surfaceflinger
I/DEBUG   ( 3894):     #16 pc 0000fb75  /system/lib/libc.so (__libc_init+44)
I/DEBUG   ( 3894):     #17 pc 000008d8  /system/bin/surfaceflinger
W/auditd  ( 3592): type=1325 audit(0.0:1693): table=raw family=2 entries=8
W/iptables( 5700): type=1300 audit(0.0:1693): arch=40000028 syscall=294 per=800000 success=yes exit=0 a0=4 a1=0 a2=40 a3=b6c1ba00 items=0 ppid=5558 auid=4294967295 uid=0 gid=0 euid=0 suid=0 fsuid=0 egid=0 sgid=0 fsgid=0 ses=4294967295 tty=(none) exe="/system/bin/iptables" subj=u:r:netd:s0 key=(null)
W/auditd  ( 3592): type=1320 audit(0.0:1693): 
W/auditd  ( 3592): type=1325 audit(0.0:1694): table=raw family=10 entries=8
W/ip6tables( 5701): type=1300 audit(0.0:1694): arch=40000028 syscall=294 per=800000 success=yes exit=0 a0=4 a1=29 a2=40 a3=b6c37800 items=0 ppid=5558 auid=4294967295 uid=0 gid=0 euid=0 suid=0 fsuid=0 egid=0 sgid=0 fsgid=0 ses=4294967295 tty=(none) exe="/system/bin/ip6tables" subj=u:r:netd:s0 key=(null)
W/auditd  ( 3592): type=1320 audit(0.0:1694): 
W/auditd  ( 3592): type=1325 audit(0.0:1695): table=raw family=2 entries=9
W/iptables( 5702): type=1300 audit(0.0:1695): arch=40000028 syscall=294 per=800000 success=yes exit=0 a0=4 a1=0 a2=40 a3=b6c1ba00 items=0 ppid=5558 auid=4294967295 uid=0 gid=0 euid=0 suid=0 fsuid=0 egid=0 sgid=0 fsgid=0 ses=4294967295 tty=(none) exe="/system/bin/iptables" subj=u:r:netd:s0 key=(null)
W/auditd  ( 3592): type=1320 audit(0.0:1695): 
W/auditd  ( 3592): type=1325 audit(0.0:1696): table=raw family=10 entries=9
W/ip6tables( 5703): type=1300 audit(0.0:1696): arch=40000028 syscall=294 per=800000 success=yes exit=0 a0=4 a1=29 a2=40 a3=b6c1d000 items=0 ppid=5558 auid=4294967295 uid=0 gid=0 euid=0 suid=0 fsuid=0 egid=0 sgid=0 fsgid=0 ses=4294967295 tty=(none) exe="/system/bin/ip6tables" subj=u:r:netd:s0 key=(null)
W/auditd  ( 3592): type=1320 audit(0.0:1696): 
W/auditd  ( 3592): type=1325 audit(0.0:1697): table=raw family=2 entries=8
W/iptables( 5704): type=1300 audit(0.0:1697): arch=40000028 syscall=294 per=800000 success=yes exit=0 a0=4 a1=0 a2=40 a3=b6c1ba00 items=0 ppid=5558 auid=4294967295 uid=0 gid=0 euid=0 suid=0 fsuid=0 egid=0 sgid=0 fsgid=0 ses=4294967295 tty=(none) exe="/system/bin/iptables" subj=u:r:netd:s0 key=(null)
W/auditd  ( 3592): type=1320 audit(0.0:1697): 
W/auditd  ( 3592): type=1325 audit(0.0:1698): table=raw family=10 entries=8
W/ip6tables( 5705): type=1300 audit(0.0:1698): arch=40000028 syscall=294 per=800000 success=yes exit=0 a0=4 a1=29 a2=40 a3=b6c32800 items=0 ppid=5558 auid=4294967295 uid=0 gid=0 euid=0 suid=0 fsuid=0 egid=0 sgid=0 fsgid=0 ses=4294967295 tty=(none) exe="/system/bin/ip6tables" subj=u:r:netd:s0 key=(null)
W/auditd  ( 3592): type=1320 audit(0.0:1698): 
W/auditd  ( 3592): type=1325 audit(0.0:1699): table=raw family=2 entries=8
W/iptables( 5706): type=1300 audit(0.0:1699): arch=40000028 syscall=294 per=800000 success=yes exit=0 a0=4 a1=0 a2=40 a3=b6c30100 items=0 ppid=5558 auid=4294967295 uid=0 gid=0 euid=0 suid=0 fsuid=0 egid=0 sgid=0 fsgid=0 ses=4294967295 tty=(none) exe="/system/bin/iptables" subj=u:r:netd:s0 key=(null)
I/ServiceManager( 5561): Waiting for service batterystats...
I/DEBUG   ( 3894): 
I/DEBUG   ( 3894): Tombstone written to: /data/tombstones/tombstone_03
V/NatController( 5558): runCmd(/system/bin/iptables -F natctrl_FORWARD) res=0
V/NatController( 5558): runCmd(/system/bin/iptables -A natctrl_FORWARD -j DROP) res=0
V/NatController( 5558): runCmd(/system/bin/iptables -t nat -F natctrl_nat_POSTROUTING) res=0
I/ServiceManager( 3571): service 'SurfaceFlinger' died
I/ServiceManager( 3571): service 'Exynos.HWCService' died
I/ServiceManager( 3571): service 'media.wifi_display' died
V/NatController( 5558): runCmd(/system/bin/iptables -F natctrl_tether_counters) res=0
V/NatController( 5558): runCmd(/system/bin/iptables -X natctrl_tether_counters) res=0
V/NatController( 5558): runCmd(/system/bin/iptables -N natctrl_tether_counters) res=0
