I/art     ( 4181): option[19]=-Ximage-compiler-option
I/art     ( 4181): option[20]=--runtime-arg
I/art     ( 4181): option[21]=-Ximage-compiler-option
I/art     ( 4181): option[22]=-Xmx64m
I/art     ( 4181): option[23]=-Ximage-compiler-option
I/art     ( 4181): option[24]=--image-classes-zip=/system/framework/framework.jar
I/art     ( 4181): option[25]=-Ximage-compiler-option
I/art     ( 4181): option[26]=--image-classes=preloaded-classes
I/art     ( 4181): option[27]=-Xcompiler-option
I/art     ( 4181): option[28]=--runtime-arg
I/art     ( 4181): option[29]=-Xcompiler-option
I/art     ( 4181): option[30]=-Xms64m
I/art     ( 4181): option[31]=-Xcompiler-option
I/art     ( 4181): option[32]=--runtime-arg
I/art     ( 4181): option[33]=-Xcompiler-option
I/art     ( 4181): option[34]=-Xmx512m
I/art     ( 4181): option[35]=-Duser.language=es
I/art     ( 4181): option[36]=-Duser.region=US
I/art     ( 4181): Pruning dalvik-cache since we are generating an image and will need to recompile
W/art     ( 4181): Unexpected file type of 
W/art     ( 4181):  encountered.
I/art     ( 4181): Using an offset of 0xff786000 from default art base address of 0x70000000
I/art     ( 4181): GenerateImage: /system/bin/dex2oat --image=/data/dalvik-cache/arm/system@framework@boot.art --dex-file=/system/framework/core-libart.jar --dex-file=/system/framework/conscrypt.jar --dex-file=/system/framework/okhttp.jar --dex-file=/system/framework/core-junit.jar --dex-file=/system/framework/bouncycastle.jar --dex-file=/system/framework/ext.jar --dex-file=/system/framework/framework.jar --dex-file=/system/framework/telephony-common.jar --dex-file=/system/framework/voip-common.jar --dex-file=/system/framework/ims-common.jar --dex-file=/system/framework/mms-common.jar --dex-file=/system/framework/android.policy.jar --dex-file=/system/framework/apache-xml.jar --oat-file=/data/dalvik-cache/arm/system@framework@boot.oat --instruction-set=arm --instruction-set-features=div --base=0x6f786000 --runtime-arg -Xms64m --runtime-arg -Xmx64m --image-classes-zip=/system/framework/framework.jar --image-classes=preloaded-classes
W/art     ( 4181): Unexpected file type of 
W/art     ( 4181):  encountered.
W/art     ( 4181): Could not create image space with image file '/system/framework/boot.art'. Attempting to fall back to imageless running. Error was: Failed to generate image '/data/dalvik-cache/arm/system@framework@boot.art': Failed execv(/system/bin/dex2oat --image=/data/dalvik-cache/arm/system@framework@boot.art --dex-file=/system/framework/core-libart.jar --dex-file=/system/framework/conscrypt.jar --dex-file=/system/framework/okhttp.jar --dex-file=/system/framework/core-junit.jar --dex-file=/system/framework/bouncycastle.jar --dex-file=/system/framework/ext.jar --dex-file=/system/framework/framework.jar --dex-file=/system/framework/telephony-common.jar --dex-file=/system/framework/voip-common.jar --dex-file=/system/framework/ims-common.jar --dex-file=/system/framework/mms-common.jar --dex-file=/system/framework/android.policy.jar --dex-file=/system/framework/apache-xml.jar --oat-file=/data/dalvik-cache/arm/system@framework@boot.oat --instruction-set=arm --instruction-set-features=div --base=0x6f786000 --runtime-arg -Xms64
W/SurfaceFlinger( 3671): Ignoring duplicate VSYNC event from HWC (t=61350336131)
V/NatController( 4182): runCmd(/system/bin/iptables -F natctrl_FORWARD) res=0
V/NatController( 4182): runCmd(/system/bin/iptables -A natctrl_FORWARD -j DROP) res=0
V/NatController( 4182): runCmd(/system/bin/iptables -t nat -F natctrl_nat_POSTROUTING) res=0
V/NatController( 4182): runCmd(/system/bin/iptables -F natctrl_tether_counters) res=0
V/NatController( 4182): runCmd(/system/bin/iptables -X natctrl_tether_counters) res=0
V/NatController( 4182): runCmd(/system/bin/iptables -N natctrl_tether_counters) res=0
V/NatController( 4182): runCmd(/system/bin/iptables -t mangle -A natctrl_mangle_FORWARD -p tcp --tcp-flags SYN SYN -j TCPMSS --clamp-mss-to-pmtu) res=0
E/memtrack( 4181): Couldn't load memtrack module (No such file or directory)
E/android.os.Debug( 4181): failed to load memtrack module: -2
I/SamplingProfilerIntegration( 4181): Profiling disabled.
D/Zygote  ( 4181): begin preload
I/Zygote  ( 4181): Preloading classes...
I/art     ( 4181): Explicit concurrent mark sweep GC freed 4379(640KB) AllocSpace objects, 0(0B) LOS objects, 41% free, 5MB/9MB, paused 131us total 22.724ms
I/art     ( 4181): Counter: 1
D/MDnsDS  ( 4182): MDnsSdListener::Hander starting up
D/MDnsDS  ( 4182): MDnsSdListener starting to monitor
D/MDnsDS  ( 4182): Going to poll with pollCount 1
E/Minikin ( 4181): addFont failed to create font /system/fonts/NotoSansGujarati-Regular.ttf
E/Minikin ( 4181): addFont failed to create font /system/fonts/NotoSansGujarati-Bold.ttf
E/Minikin ( 4181): addFont failed to create font /system/fonts/NotoSansGujaratiUI-Regular.ttf
E/Minikin ( 4181): addFont failed to create font /system/fonts/NotoSansGujaratiUI-Bold.ttf
E/Minikin ( 4181): addFont failed to create font /system/fonts/NotoSansGurmukhi-Regular.ttf
E/Minikin ( 4181): addFont failed to create font /system/fonts/NotoSansGurmukhi-Bold.ttf
E/Minikin ( 4181): addFont failed to create font /system/fonts/NotoSansGurmukhiUI-Regular.ttf
E/Minikin ( 4181): addFont failed to create font /system/fonts/NotoSansGurmukhiUI-Bold.ttf
E/Minikin ( 4181): addFont failed to create font /system/fonts/NotoSansSinhala-Regular.ttf
E/Minikin ( 4181): addFont failed to create font /system/fonts/NotoSansSinhala-Bold.ttf
E/Minikin ( 4181): addFont failed to create font /system/fonts/NotoSansCherokee-Regular.ttf
E/Minikin ( 4181): addFont failed to create font /system/fonts/NotoSansCanadianAboriginal-Regular.ttf
E/Minikin ( 4181): addFont failed to create font /system/fonts/NotoSansYi-Regular.ttf
E/Minikin ( 4181): addFont failed to create font /system/fonts/NotoSansHans-Regular.otf
E/Minikin ( 4181): addFont failed to create font /system/fonts/NotoSansHant-Regular.otf
E/Minikin ( 4181): addFont failed to create font /system/fonts/NotoSansJP-Regular.otf
E/Minikin ( 4181): addFont failed to create font /system/fonts/NotoSansKR-Regular.otf
W/SurfaceFlinger( 3671): Ignoring duplicate VSYNC event from HWC (t=64420081215)
I/art     ( 4181): Thread[1,tid=4181,WaitingForJniOnLoad,Thread*=0xb5107800,peer=0x12f06560,"main"] recursive attempt to load library "/system/lib/libmedia_jni.so"
D/MtpDeviceJNI( 4181): register_android_mtp_MtpDevice
I/art     ( 4181): Thread[1,tid=4181,WaitingForJniOnLoad,Thread*=0xb5107800,peer=0x12f06560,"main"] recursive attempt to load library "/system/lib/libmedia_jni.so"
I/art     ( 4181): Thread[1,tid=4181,WaitingForJniOnLoad,Thread*=0xb5107800,peer=0x12f06560,"main"] recursive attempt to load library "/system/lib/libmedia_jni.so"
W/SurfaceFlinger( 3671): Ignoring duplicate VSYNC event from HWC (t=65685061299)
I/System  ( 4181): Loaded time zone names for "" in 50ms (31ms in ICU)
I/System  ( 4181): Loaded time zone names for "en_US" in 51ms (20ms in ICU)
I/System  ( 4181): Loaded time zone names for "es_US" in 53ms (24ms in ICU)
W/SurfaceFlinger( 3671): Ignoring duplicate VSYNC event from HWC (t=68755202882)
I/art     ( 4181): Explicit concurrent mark sweep GC freed 743(53KB) AllocSpace objects, 0(0B) LOS objects, 33% free, 14MB/21MB, paused 134us total 47.695ms
I/Zygote  ( 4181): ...preloaded 3005 classes in 5485ms.
I/art     ( 4181): VMRuntime.preloadDexCaches starting
I/art     ( 4181): VMRuntime.preloadDexCaches strings total=217316 before=8974 after=8974
I/art     ( 4181): VMRuntime.preloadDexCaches types total=18704 before=7488 after=9178
I/art     ( 4181): VMRuntime.preloadDexCaches fields total=87408 before=31755 after=42301
I/art     ( 4181): VMRuntime.preloadDexCaches methods total=154031 before=60846 after=75556
I/art     ( 4181): VMRuntime.preloadDexCaches finished
I/art     ( 4181): Counter: 0
I/art     ( 4181): Counter: 1
I/art     ( 4181): Explicit concurrent mark sweep GC freed 31(14KB) AllocSpace objects, 0(0B) LOS objects, 40% free, 14MB/23MB, paused 129us total 46.323ms
D/idmap   ( 4409): error: no read access to /vendor/overlay: No such file or directory
I/Zygote  ( 4181): Preloading resources...
I/art     ( 4181): Explicit concurrent mark sweep GC freed 5497(203KB) AllocSpace objects, 0(0B) LOS objects, 35% free, 29MB/45MB, paused 230us total 52.130ms
I/Zygote  ( 4181): ...preloaded 430 resources in 654ms.
I/art     ( 4181): Explicit concurrent mark sweep GC freed 979(50KB) AllocSpace objects, 0(0B) LOS objects, 35% free, 29MB/45MB, paused 293us total 50.477ms
I/Zygote  ( 4181): ...preloaded 41 resources in 75ms.
I/art     ( 4181): Counter: 0
D/libEGL  ( 4181): loaded /vendor/lib/egl/libGLES_mali.so
I/Zygote  ( 4181): Preloading shared libraries...
D/Zygote  ( 4181): end preload
I/art     ( 4181): Explicit concurrent mark sweep GC freed 463(21KB) AllocSpace objects, 0(0B) LOS objects, 35% free, 29MB/45MB, paused 192us total 46.879ms
I/art     ( 4181): Explicit concurrent mark sweep GC freed 41(1568B) AllocSpace objects, 0(0B) LOS objects, 35% free, 29MB/45MB, paused 266us total 47.497ms
I/art     ( 4181): Explicit concurrent mark sweep GC freed 5(160B) AllocSpace objects, 0(0B) LOS objects, 35% free, 29MB/45MB, paused 290us total 47.106ms
I/Zygote  ( 4181): System server process 4411 has been created
I/Zygote  ( 4181): Accepting command socket connections
I/art     ( 4411): DexFile_isDexOptNeeded failed to open oat file '/data/dalvik-cache/arm/system@framework@org.cyanogenmod.hardware.jar@classes.dex' for file location '/system/framework/org.cyanogenmod.hardware.jar': Failed to open oat filename for reading: No such file or directory
I/art     ( 4411): DexFile_isDexOptNeeded failed to open oat file '/system/framework/arm/org.cyanogenmod.hardware.odex' for file location '/system/framework/org.cyanogenmod.hardware.jar': Failed to open oat filename for reading: No such file or directory
I/InstallerConnection( 4411): connecting...
I/installd( 3689): new connection
E/installd( 3689): DexInv: --- END '/system/framework/org.cyanogenmod.hardware.jar' --- status=0x0100, process failed
I/art     ( 4411): DexFile_isDexOptNeeded failed to open oat file '/data/dalvik-cache/arm/system@framework@services.jar@classes.dex' for file location '/system/framework/services.jar': Failed to open oat filename for reading: No such file or directory
I/art     ( 4411): DexFile_isDexOptNeeded failed to open oat file '/system/framework/arm/services.odex' for file location '/system/framework/services.jar': Failed to open oat filename for reading: No such file or directory
E/installd( 3689): DexInv: --- END '/system/framework/services.jar' --- status=0x0100, process failed
I/art     ( 4411): DexFile_isDexOptNeeded failed to open oat file '/data/dalvik-cache/arm/system@framework@ethernet-service.jar@classes.dex' for file location '/system/framework/ethernet-service.jar': Failed to open oat filename for reading: No such file or directory
I/art     ( 4411): DexFile_isDexOptNeeded failed to open oat file '/system/framework/arm/ethernet-service.odex' for file location '/system/framework/ethernet-service.jar': Failed to open oat filename for reading: No such file or directory
E/installd( 3689): DexInv: --- END '/system/framework/ethernet-service.jar' --- status=0x0100, process failed
I/art     ( 4411): DexFile_isDexOptNeeded failed to open oat file '/data/dalvik-cache/arm/system@framework@wifi-service.jar@classes.dex' for file location '/system/framework/wifi-service.jar': Failed to open oat filename for reading: No such file or directory
I/art     ( 4411): DexFile_isDexOptNeeded failed to open oat file '/system/framework/arm/wifi-service.odex' for file location '/system/framework/wifi-service.jar': Failed to open oat filename for reading: No such file or directory
E/installd( 3689): DexInv: --- END '/system/framework/wifi-service.jar' --- status=0x0100, process failed
I/InstallerConnection( 4411): disconnecting...
E/installd( 3689): eof
E/installd( 3689): failed to read size
I/installd( 3689): closing connection
I/SystemServer( 4411): Entered the Android system server!
W/SurfaceFlinger( 3671): Ignoring duplicate VSYNC event from HWC (t=70880158883)
V/Fingerprint-JNI( 4411): FingerprintManager JNI ready.
I/        ( 4411): System server: starting sensor init.
D/SensorService( 4411): nuSensorService starting...
E/Sensors ( 4411): GeoMagneticSensor, ERROR dev_num = -19
I/SystemServiceManager( 4411): Starting com.android.server.pm.Installer
I/Sensors ( 4411): Proximity old sensor_state 0, new sensor_state : 128 en : 1
I/Installer( 4411): Waiting for installd to be ready.
I/InstallerConnection( 4411): connecting...
I/installd( 3689): new connection
I/SystemServiceManager( 4411): Starting com.android.server.am.ActivityManagerService$Lifecycle
I/Sensors ( 4411): Light old sensor_state 128, new sensor_state : 640 en : 1
E/Sensors ( 4411): UncalMagneticSensor, ERROR dev_num = -19
I/Sensors ( 4411): SigMotionSensor old sensor_state 640, new sensor_state : 8832 en : 1
E/Sensors ( 4411): UncalGyroSensor, ERROR dev_num = -19
E/Sensors ( 4411): GameRotationVector, ERROR dev_num = -19
I/Sensors ( 4411): StepCounterSensor old sensor_state 8832, new sensor_state : 139904 en : 1
D/Sensors ( 4411): HrmSpO2Sensor::libhr open failed : dlopen failed: library "libhr.so" not found
D/Sensors ( 4411): HrmSpO2Sensor::HrmSpO2Sensor: Shared version Registered 
E/SensorService( 4411): >>>> WARNING <<< Upgrade sensor HAL to version 1_3
I/Sensors ( 4411): Proximity old sensor_state 139904, new sensor_state : 139776 en : 0
I/Sensors ( 4411): Light old sensor_state 139776, new sensor_state : 139264 en : 0
I/Sensors ( 4411): StepCounterSensor old sensor_state 139264, new sensor_state : 8192 en : 0
I/Sensors ( 4411): SigMotionSensor old sensor_state 8192, new sensor_state : 0 en : 0
I/Sensors ( 4411): HrmSpO2Sensor::enable, handle(16), en(0), what(1/0:aosphrm,1:sshrm, old enabled : 0)
I/Sensors ( 4411): HrmSpO2Sensor is already disabled or have to keep enabled, mEnabled : 0x0, en : 0
I/Sensors ( 4411): HrmSpO2Sensor::enable, handle(17), en(0), what(0/0:aosphrm,1:sshrm, old enabled : 0)
I/Sensors ( 4411): HrmSpO2Sensor is already disabled or have to keep enabled, mEnabled : 0x0, en : 0
I/Sensors ( 4411): HrmSpO2Sensor::enable, handle(18), en(0), what(2/0:aosphrm,1:sshrm, old enabled : 0)
I/Sensors ( 4411): HrmSpO2Sensor is already disabled or have to keep enabled, mEnabled : 0x0, en : 0
I/        ( 4411): System server: sensor init done.
D/SensorService( 4411): nuSensorService thread starting...
D/SensorService( 4411): new thread SensorEventAckReceiver
I/ActivityManager( 4411): Memory class: 128
I/ServiceThread( 4411): Enabled StrictMode logging for ActivityManager looper.
I/IntentFirewall( 4411): Read new rules (A:0 B:1 S:1)
I/ServiceThread( 4411): Enabled StrictMode logging for android.ui looper.
I/ServiceThread( 4411): Enabled StrictMode logging for android.display looper.
D/AppOps  ( 4411): AppOpsService published
I/SystemServiceManager( 4411): Starting com.android.server.power.PowerManagerService
I/ServiceThread( 4411): Enabled StrictMode logging for PowerManagerService looper.
D/SEC PowerHAL( 4411): sysfs_write +: /sys/devices/system/cpu/cpu0/cpufreq/interactive/multi_enter_load: 800
D/SEC PowerHAL( 4411): sysfs_write -: /sys/devices/system/cpu/cpu0/cpufreq/interactive/multi_enter_load: 800
D/SEC PowerHAL( 4411): sysfs_write +: /sys/devices/system/cpu/cpu0/cpufreq/interactive/single_enter_load: 200
D/SEC PowerHAL( 4411): sysfs_write -: /sys/devices/system/cpu/cpu0/cpufreq/interactive/single_enter_load: 200
D/SEC PowerHAL( 4411): sysfs_write +: /sys/devices/system/cpu/cpu0/cpufreq/interactive/param_index: 0
D/SEC PowerHAL( 4411): sysfs_write -: /sys/devices/system/cpu/cpu0/cpufreq/interactive/param_index: 0
D/SEC PowerHAL( 4411): sysfs_write +: /sys/devices/system/cpu/cpu0/cpufreq/interactive/timer_rate: 20000
D/SEC PowerHAL( 4411): sysfs_write -: /sys/devices/system/cpu/cpu0/cpufreq/interactive/timer_rate: 20000
D/SEC PowerHAL( 4411): sysfs_write +: /sys/devices/system/cpu/cpu0/cpufreq/interactive/timer_slack: 20000
D/SEC PowerHAL( 4411): sysfs_write -: /sys/devices/system/cpu/cpu0/cpufreq/interactive/timer_slack: 20000
D/SEC PowerHAL( 4411): sysfs_write +: /sys/devices/system/cpu/cpu0/cpufreq/interactive/min_sample_time: 40000
D/SEC PowerHAL( 4411): sysfs_write -: /sys/devices/system/cpu/cpu0/cpufreq/interactive/min_sample_time: 40000
D/SEC PowerHAL( 4411): sysfs_write +: /sys/devices/system/cpu/cpu0/cpufreq/interactive/hispeed_freq: 1000000
D/SEC PowerHAL( 4411): sysfs_write -: /sys/devices/system/cpu/cpu0/cpufreq/interactive/hispeed_freq: 1000000
D/SEC PowerHAL( 4411): sysfs_write +: /sys/devices/system/cpu/cpu0/cpufreq/interactive/go_hispeed_load: 99
D/SEC PowerHAL( 4411): sysfs_write -: /sys/devices/system/cpu/cpu0/cpufreq/interactive/go_hispeed_load: 99
D/SEC PowerHAL( 4411): sysfs_write +: /sys/devices/system/cpu/cpu0/cpufreq/interactive/target_loads: 70
D/SEC PowerHAL( 4411): sysfs_write -: /sys/devices/system/cpu/cpu0/cpufreq/interactive/target_loads: 70
D/SEC PowerHAL( 4411): sysfs_write +: /sys/devices/system/cpu/cpu0/cpufreq/interactive/above_hispeed_delay: 19000
D/SEC PowerHAL( 4411): sysfs_write -: /sys/devices/system/cpu/cpu0/cpufreq/interactive/above_hispeed_delay: 19000
D/SEC PowerHAL( 4411): sysfs_write +: /sys/devices/system/cpu/cpu0/cpufreq/interactive/boostpulse_duration: 40000
D/SEC PowerHAL( 4411): sysfs_write -: /sys/devices/system/cpu/cpu0/cpufreq/interactive/boostpulse_duration: 40000
D/SEC PowerHAL( 4411): sysfs_write +: /sys/devices/system/cpu/cpu4/cpufreq/interactive/multi_enter_load: 360
D/SEC PowerHAL( 4411): sysfs_write -: /sys/devices/system/cpu/cpu4/cpufreq/interactive/multi_enter_load: 360
D/SEC PowerHAL( 4411): sysfs_write +: /sys/devices/system/cpu/cpu4/cpufreq/interactive/multi_enter_time: 99000
D/SEC PowerHAL( 4411): sysfs_write -: /sys/devices/system/cpu/cpu4/cpufreq/interactive/multi_enter_time: 99000
D/SEC PowerHAL( 4411): sysfs_write +: /sys/devices/system/cpu/cpu4/cpufreq/interactive/multi_exit_load: 240
D/SEC PowerHAL( 4411): sysfs_write -: /sys/devices/system/cpu/cpu4/cpufreq/interactive/multi_exit_load: 240
D/SEC PowerHAL( 4411): sysfs_write +: /sys/devices/system/cpu/cpu4/cpufreq/interactive/multi_exit_time: 299000
D/SEC PowerHAL( 4411): sysfs_write -: /sys/devices/system/cpu/cpu4/cpufreq/interactive/multi_exit_time: 299000
D/SEC PowerHAL( 4411): sysfs_write +: /sys/devices/system/cpu/cpu4/cpufreq/interactive/single_enter_load: 95
D/SEC PowerHAL( 4411): sysfs_write -: /sys/devices/system/cpu/cpu4/cpufreq/interactive/single_enter_load: 95
D/SEC PowerHAL( 4411): sysfs_write +: /sys/devices/system/cpu/cpu4/cpufreq/interactive/single_enter_time: 199000
D/SEC PowerHAL( 4411): sysfs_write -: /sys/devices/system/cpu/cpu4/cpufreq/interactive/single_enter_time: 199000
D/SEC PowerHAL( 4411): sysfs_write +: /sys/devices/system/cpu/cpu4/cpufreq/interactive/single_exit_load: 60
D/SEC PowerHAL( 4411): sysfs_write -: /sys/devices/system/cpu/cpu4/cpufreq/interactive/single_exit_load: 60
D/SEC PowerHAL( 4411): sysfs_write +: /sys/devices/system/cpu/cpu4/cpufreq/interactive/single_exit_time: 99000
D/SEC PowerHAL( 4411): sysfs_write -: /sys/devices/system/cpu/cpu4/cpufreq/interactive/single_exit_time: 99000
D/SEC PowerHAL( 4411): sysfs_write +: /sys/devices/system/cpu/cpu4/cpufreq/interactive/param_index: 0
D/SEC PowerHAL( 4411): sysfs_write -: /sys/devices/system/cpu/cpu4/cpufreq/interactive/param_index: 0
D/SEC PowerHAL( 4411): sysfs_write +: /sys/devices/system/cpu/cpu4/cpufreq/interactive/timer_rate: 20000
D/SEC PowerHAL( 4411): sysfs_write -: /sys/devices/system/cpu/cpu4/cpufreq/interactive/timer_rate: 20000
D/SEC PowerHAL( 4411): sysfs_write +: /sys/devices/system/cpu/cpu4/cpufreq/interactive/timer_slack: 20000
D/SEC PowerHAL( 4411): sysfs_write -: /sys/devices/system/cpu/cpu4/cpufreq/interactive/timer_slack: 20000
D/SEC PowerHAL( 4411): sysfs_write +: /sys/devices/system/cpu/cpu4/cpufreq/interactive/min_sample_time: 40000
D/SEC PowerHAL( 4411): sysfs_write -: /sys/devices/system/cpu/cpu4/cpufreq/interactive/min_sample_time: 40000
D/SEC PowerHAL( 4411): sysfs_write +: /sys/devices/system/cpu/cpu4/cpufreq/interactive/hispeed_freq: 1000000
D/SEC PowerHAL( 4411): sysfs_write -: /sys/devices/system/cpu/cpu4/cpufreq/interactive/hispeed_freq: 1000000
D/SEC PowerHAL( 4411): sysfs_write +: /sys/devices/system/cpu/cpu4/cpufreq/interactive/go_hispeed_load: 99
D/SEC PowerHAL( 4411): sysfs_write -: /sys/devices/system/cpu/cpu4/cpufreq/interactive/go_hispeed_load: 99
D/SEC PowerHAL( 4411): sysfs_write +: /sys/devices/system/cpu/cpu4/cpufreq/interactive/target_loads: 75 1500000:80 1700000:85 1800000:90
D/SEC PowerHAL( 4411): sysfs_write -: /sys/devices/system/cpu/cpu4/cpufreq/interactive/target_loads: 75 1500000:80 1700000:85 1800000:90
D/SEC PowerHAL( 4411): sysfs_write +: /sys/devices/system/cpu/cpu4/cpufreq/interactive/above_hispeed_delay: 19000 1100000:99000 1200000:119000 1700000:19000
D/SEC PowerHAL( 4411): sysfs_write -: /sys/devices/system/cpu/cpu4/cpufreq/interactive/above_hispeed_delay: 19000 1100000:99000 1200000:119000 1700000:19000
D/SEC PowerHAL( 4411): sysfs_write +: /sys/devices/system/cpu/cpu4/cpufreq/interactive/boostpulse_duration: 40000
D/SEC PowerHAL( 4411): sysfs_write -: /sys/devices/system/cpu/cpu4/cpufreq/interactive/boostpulse_duration: 40000
D/SEC PowerHAL( 4411): sysfs_write +: /sys/devices/system/cpu/cpu4/cpufreq/interactive/param_index: 1
D/SEC PowerHAL( 4411): sysfs_write -: /sys/devices/system/cpu/cpu4/cpufreq/interactive/param_index: 1
D/SEC PowerHAL( 4411): sysfs_write +: /sys/devices/system/cpu/cpu4/cpufreq/interactive/timer_rate: 20000
D/SEC PowerHAL( 4411): sysfs_write -: /sys/devices/system/cpu/cpu4/cpufreq/interactive/timer_rate: 20000
D/SEC PowerHAL( 4411): sysfs_write +: /sys/devices/system/cpu/cpu4/cpufreq/interactive/min_sample_time: 59000
D/SEC PowerHAL( 4411): sysfs_write -: /sys/devices/system/cpu/cpu4/cpufreq/interactive/min_sample_time: 59000
D/SEC PowerHAL( 4411): sysfs_write +: /sys/devices/system/cpu/cpu4/cpufreq/interactive/hispeed_freq: 1200000
D/SEC PowerHAL( 4411): sysfs_write -: /sys/devices/system/cpu/cpu4/cpufreq/interactive/hispeed_freq: 1200000
D/SEC PowerHAL( 4411): sysfs_write +: /sys/devices/system/cpu/cpu4/cpufreq/interactive/go_hispeed_load: 95
D/SEC PowerHAL( 4411): sysfs_write -: /sys/devices/system/cpu/cpu4/cpufreq/interactive/go_hispeed_load: 95
D/SEC PowerHAL( 4411): sysfs_write +: /sys/devices/system/cpu/cpu4/cpufreq/interactive/target_loads: 65 1400000:68 1700000:73
D/SEC PowerHAL( 4411): sysfs_write -: /sys/devices/system/cpu/cpu4/cpufreq/interactive/target_loads: 65 1400000:68 1700000:73
D/SEC PowerHAL( 4411): sysfs_write +: /sys/devices/system/cpu/cpu4/cpufreq/interactive/above_hispeed_delay: 19000
D/SEC PowerHAL( 4411): sysfs_write -: /sys/devices/system/cpu/cpu4/cpufreq/interactive/above_hispeed_delay: 19000
D/SEC PowerHAL( 4411): sysfs_write +: /sys/devices/system/cpu/cpu4/cpufreq/interactive/param_index: 2
D/SEC PowerHAL( 4411): sysfs_write -: /sys/devices/system/cpu/cpu4/cpufreq/interactive/param_index: 2
D/SEC PowerHAL( 4411): sysfs_write +: /sys/devices/system/cpu/cpu4/cpufreq/interactive/timer_rate: 20000
D/SEC PowerHAL( 4411): sysfs_write -: /sys/devices/system/cpu/cpu4/cpufreq/interactive/timer_rate: 20000
D/SEC PowerHAL( 4411): sysfs_write +: /sys/devices/system/cpu/cpu4/cpufreq/interactive/min_sample_time: 79000
D/SEC PowerHAL( 4411): sysfs_write -: /sys/devices/system/cpu/cpu4/cpufreq/interactive/min_sample_time: 79000
D/SEC PowerHAL( 4411): sysfs_write +: /sys/devices/system/cpu/cpu4/cpufreq/interactive/hispeed_freq: 1400000
D/SEC PowerHAL( 4411): sysfs_write -: /sys/devices/system/cpu/cpu4/cpufreq/interactive/hispeed_freq: 1400000
D/SEC PowerHAL( 4411): sysfs_write +: /sys/devices/system/cpu/cpu4/cpufreq/interactive/go_hispeed_load: 90
D/SEC PowerHAL( 4411): sysfs_write -: /sys/devices/system/cpu/cpu4/cpufreq/interactive/go_hispeed_load: 90
D/SEC PowerHAL( 4411): sysfs_write +: /sys/devices/system/cpu/cpu4/cpufreq/interactive/target_loads: 60 1300000:63 1500000:65 1700000:70
D/SEC PowerHAL( 4411): sysfs_write -: /sys/devices/system/cpu/cpu4/cpufreq/interactive/target_loads: 60 1300000:63 1500000:65 1700000:70
D/SEC PowerHAL( 4411): sysfs_write +: /sys/devices/system/cpu/cpu4/cpufreq/interactive/above_hispeed_delay: 19000
D/SEC PowerHAL( 4411): sysfs_write -: /sys/devices/system/cpu/cpu4/cpufreq/interactive/above_hispeed_delay: 19000
D/SEC PowerHAL( 4411): sysfs_write +: /sys/devices/system/cpu/cpu4/cpufreq/interactive/param_index: 3
D/SEC PowerHAL( 4411): sysfs_write -: /sys/devices/system/cpu/cpu4/cpufreq/interactive/param_index: 3
D/SEC PowerHAL( 4411): sysfs_write +: /sys/devices/system/cpu/cpu4/cpufreq/interactive/timer_rate: 20000
D/SEC PowerHAL( 4411): sysfs_write -: /sys/devices/system/cpu/cpu4/cpufreq/interactive/timer_rate: 20000
D/SEC PowerHAL( 4411): sysfs_write +: /sys/devices/system/cpu/cpu4/cpufreq/interactive/min_sample_time: 99000
D/SEC PowerHAL( 4411): sysfs_write -: /sys/devices/system/cpu/cpu4/cpufreq/interactive/min_sample_time: 99000
D/SEC PowerHAL( 4411): sysfs_write +: /sys/devices/system/cpu/cpu4/cpufreq/interactive/hispeed_freq: 1600000
D/SEC PowerHAL( 4411): sysfs_write -: /sys/devices/system/cpu/cpu4/cpufreq/interactive/hispeed_freq: 1600000
D/SEC PowerHAL( 4411): sysfs_write +: /sys/devices/system/cpu/cpu4/cpufreq/interactive/go_hispeed_load: 85
D/SEC PowerHAL( 4411): sysfs_write -: /sys/devices/system/cpu/cpu4/cpufreq/interactive/go_hispeed_load: 85
D/SEC PowerHAL( 4411): sysfs_write +: /sys/devices/system/cpu/cpu4/cpufreq/interactive/target_loads: 60 1300000:63 1500000:65 1900000:70
D/SEC PowerHAL( 4411): sysfs_write -: /sys/devices/system/cpu/cpu4/cpufreq/interactive/target_loads: 60 1300000:63 1500000:65 1900000:70
D/SEC PowerHAL( 4411): sysfs_write +: /sys/devices/system/cpu/cpu4/cpufreq/interactive/above_hispeed_delay: 19000
D/SEC PowerHAL( 4411): sysfs_write -: /sys/devices/system/cpu/cpu4/cpufreq/interactive/above_hispeed_delay: 19000
D/SEC PowerHAL( 4411): sysfs_write +: /sys/devices/system/cpu/cpu4/cpufreq/interactive/param_index: 0
D/SEC PowerHAL( 4411): sysfs_write -: /sys/devices/system/cpu/cpu4/cpufreq/interactive/param_index: 0
W/libsuspend( 4411): Error writing 'on' to /sys/power/state: Invalid argument
I/libsuspend( 4411): Selected wakeup count
I/SystemServiceManager( 4411): Starting com.android.server.display.DisplayManagerService
I/SystemServiceManager( 4411): Starting phase 100
I/DisplayManagerService( 4411): Display device added: DisplayDeviceInfo{"Pantalla integrada": 1080 x 1920, 60.000004 fps, supportedRefreshRates [60.000004], density 480, 422.03 x 424.069 dpi, appVsyncOff 0, presDeadline 17666666, touch INTERNAL, rotation 0, type BUILT_IN, state UNKNOWN, FLAG_DEFAULT_DISPLAY, FLAG_ROTATES_WITH_CONTENT, FLAG_SECURE, FLAG_SUPPORTS_PROTECTED_BUFFERS}
I/SystemServer( 4411): Package Manager
W/SELinuxMMAC( 4411): Error opening /data/system/seapp_hash. Assuming first boot.
W/PackageManager( 4411): No security bridge jar found, using default
W/SystemConfig( 4411): No directory /system/etc/sysconfig, skipping
D/SELinuxMMAC( 4411): Using policy file /system/etc/security/mac_permissions.xml
I/art     ( 4411): DexFile_isDexOptNeeded failed to open oat file '/data/dalvik-cache/arm/system@framework@android.test.runner.jar@classes.dex' for file location '/system/framework/android.test.runner.jar': Failed to open oat filename for reading: No such file or directory
I/art     ( 4411): DexFile_isDexOptNeeded failed to open oat file '/system/framework/arm/android.test.runner.odex' for file location '/system/framework/android.test.runner.jar': Failed to open oat filename for reading: No such file or directory
E/installd( 3689): DexInv: --- END '/system/framework/android.test.runner.jar' --- status=0x0100, process failed
I/art     ( 4411): DexFile_isDexOptNeeded failed to open oat file '/data/dalvik-cache/arm/system@framework@com.android.future.usb.accessory.jar@classes.dex' for file location '/system/framework/com.android.future.usb.accessory.jar': Failed to open oat filename for reading: No such file or directory
I/art     ( 4411): DexFile_isDexOptNeeded failed to open oat file '/system/framework/arm/com.android.future.usb.accessory.odex' for file location '/system/framework/com.android.future.usb.accessory.jar': Failed to open oat filename for reading: No such file or directory
E/installd( 3689): DexInv: --- END '/system/framework/com.android.future.usb.accessory.jar' --- status=0x0100, process failed
I/art     ( 4411): DexFile_isDexOptNeeded failed to open oat file '/data/dalvik-cache/arm/system@framework@com.android.media.remotedisplay.jar@classes.dex' for file location '/system/framework/com.android.media.remotedisplay.jar': Failed to open oat filename for reading: No such file or directory
I/art     ( 4411): DexFile_isDexOptNeeded failed to open oat file '/system/framework/arm/com.android.media.remotedisplay.odex' for file location '/system/framework/com.android.media.remotedisplay.jar': Failed to open oat filename for reading: No such file or directory
E/installd( 3689): DexInv: --- END '/system/framework/com.android.media.remotedisplay.jar' --- status=0x0100, process failed
I/art     ( 4411): DexFile_isDexOptNeeded failed to open oat file '/data/dalvik-cache/arm/system@framework@com.android.location.provider.jar@classes.dex' for file location '/system/framework/com.android.location.provider.jar': Failed to open oat filename for reading: No such file or directory
I/art     ( 4411): DexFile_isDexOptNeeded failed to open oat file '/system/framework/arm/com.android.location.provider.odex' for file location '/system/framework/com.android.location.provider.jar': Failed to open oat filename for reading: No such file or directory
E/installd( 3689): DexInv: --- END '/system/framework/com.android.location.provider.jar' --- status=0x0100, process failed
I/art     ( 4411): DexFile_isDexOptNeeded failed to open oat file '/data/dalvik-cache/arm/system@framework@org.cyanogenmod.hardware.jar@classes.dex' for file location '/system/framework/org.cyanogenmod.hardware.jar': Failed to open oat filename for reading: No such file or directory
I/art     ( 4411): DexFile_isDexOptNeeded failed to open oat file '/system/framework/arm/org.cyanogenmod.hardware.odex' for file location '/system/framework/org.cyanogenmod.hardware.jar': Failed to open oat filename for reading: No such file or directory
E/installd( 3689): DexInv: --- END '/system/framework/org.cyanogenmod.hardware.jar' --- status=0x0100, process failed
I/art     ( 4411): DexFile_isDexOptNeeded failed to open oat file '/data/dalvik-cache/arm/system@framework@javax.obex.jar@classes.dex' for file location '/system/framework/javax.obex.jar': Failed to open oat filename for reading: No such file or directory
I/art     ( 4411): DexFile_isDexOptNeeded failed to open oat file '/system/framework/arm/javax.obex.odex' for file location '/system/framework/javax.obex.jar': Failed to open oat filename for reading: No such file or directory
E/installd( 3689): DexInv: --- END '/system/framework/javax.obex.jar' --- status=0x0100, process failed
E/art     ( 4411): DexFile_isDexOptNeeded file '/system/framework/com.android.nfc_extras.jar' does not exist
W/PackageManager( 4411): Library not found: /system/framework/com.android.nfc_extras.jar
I/art     ( 4411): DexFile_isDexOptNeeded failed to open oat file '/data/dalvik-cache/arm/system@framework@com.android.mediadrm.signer.jar@classes.dex' for file location '/system/framework/com.android.mediadrm.signer.jar': Failed to open oat filename for reading: No such file or directory
I/art     ( 4411): DexFile_isDexOptNeeded failed to open oat file '/system/framework/arm/com.android.mediadrm.signer.odex' for file location '/system/framework/com.android.mediadrm.signer.jar': Failed to open oat filename for reading: No such file or directory
E/installd( 3689): DexInv: --- END '/system/framework/com.android.mediadrm.signer.jar' --- status=0x0100, process failed
I/art     ( 4411): DexFile_isDexOptNeeded failed to open oat file '/data/dalvik-cache/arm/system@framework@javax.btobex.jar@classes.dex' for file location '/system/framework/javax.btobex.jar': Failed to open oat filename for reading: No such file or directory
I/art     ( 4411): DexFile_isDexOptNeeded failed to open oat file '/system/framework/arm/javax.btobex.odex' for file location '/system/framework/javax.btobex.jar': Failed to open oat filename for reading: No such file or directory
E/installd( 3689): DexInv: --- END '/system/framework/javax.btobex.jar' --- status=0x0100, process failed
I/art     ( 4411): DexFile_isDexOptNeeded failed to open oat file '/data/dalvik-cache/arm/system@framework@am.jar@classes.dex' for file location '/system/framework/am.jar': Failed to open oat filename for reading: No such file or directory
I/art     ( 4411): DexFile_isDexOptNeeded failed to open oat file '/system/framework/arm/am.odex' for file location '/system/framework/am.jar': Failed to open oat filename for reading: No such file or directory
E/installd( 3689): DexInv: --- END '/system/framework/am.jar' --- status=0x0100, process failed
I/art     ( 4411): DexFile_isDexOptNeeded failed to open oat file '/data/dalvik-cache/arm/system@framework@appops.jar@classes.dex' for file location '/system/framework/appops.jar': Failed to open oat filename for reading: No such file or directory
I/art     ( 4411): DexFile_isDexOptNeeded failed to open oat file '/system/framework/arm/appops.odex' for file location '/system/framework/appops.jar': Failed to open oat filename for reading: No such file or directory
E/installd( 3689): DexInv: --- END '/system/framework/appops.jar' --- status=0x0100, process failed
I/art     ( 4411): DexFile_isDexOptNeeded failed to open oat file '/data/dalvik-cache/arm/system@framework@appwidget.jar@classes.dex' for file location '/system/framework/appwidget.jar': Failed to open oat filename for reading: No such file or directory
I/art     ( 4411): DexFile_isDexOptNeeded failed to open oat file '/system/framework/arm/appwidget.odex' for file location '/system/framework/appwidget.jar': Failed to open oat filename for reading: No such file or directory
E/installd( 3689): DexInv: --- END '/system/framework/appwidget.jar' --- status=0x0100, process failed
I/art     ( 4411): DexFile_isDexOptNeeded failed to open oat file '/data/dalvik-cache/arm/system@framework@bmgr.jar@classes.dex' for file location '/system/framework/bmgr.jar': Failed to open oat filename for reading: No such file or directory
I/art     ( 4411): DexFile_isDexOptNeeded failed to open oat file '/system/framework/arm/bmgr.odex' for file location '/system/framework/bmgr.jar': Failed to open oat filename for reading: No such file or directory
E/installd( 3689): DexInv: --- END '/system/framework/bmgr.jar' --- status=0x0100, process failed
I/art     ( 4411): DexFile_isDexOptNeeded failed to open oat file '/data/dalvik-cache/arm/system@framework@bu.jar@classes.dex' for file location '/system/framework/bu.jar': Failed to open oat filename for reading: No such file or directory
I/art     ( 4411): DexFile_isDexOptNeeded failed to open oat file '/system/framework/arm/bu.odex' for file location '/system/framework/bu.jar': Failed to open oat filename for reading: No such file or directory
E/installd( 3689): DexInv: --- END '/system/framework/bu.jar' --- status=0x0100, process failed
I/art     ( 4411): DexFile_isDexOptNeeded failed to open oat file '/data/dalvik-cache/arm/system@framework@content.jar@classes.dex' for file location '/system/framework/content.jar': Failed to open oat filename for reading: No such file or directory
I/art     ( 4411): DexFile_isDexOptNeeded failed to open oat file '/system/framework/arm/content.odex' for file location '/system/framework/content.jar': Failed to open oat filename for reading: No such file or directory
E/installd( 3689): DexInv: --- END '/system/framework/content.jar' --- status=0x0100, process failed
I/art     ( 4411): DexFile_isDexOptNeeded failed to open oat file '/data/dalvik-cache/arm/system@framework@dpm.jar@classes.dex' for file location '/system/framework/dpm.jar': Failed to open oat filename for reading: No such file or directory
I/art     ( 4411): DexFile_isDexOptNeeded failed to open oat file '/system/framework/arm/dpm.odex' for file location '/system/framework/dpm.jar': Failed to open oat filename for reading: No such file or directory
E/installd( 3689): DexInv: --- END '/system/framework/dpm.jar' --- status=0x0100, process failed
I/art     ( 4411): DexFile_isDexOptNeeded failed to open oat file '/data/dalvik-cache/arm/system@framework@ime.jar@classes.dex' for file location '/system/framework/ime.jar': Failed to open oat filename for reading: No such file or directory
I/art     ( 4411): DexFile_isDexOptNeeded failed to open oat file '/system/framework/arm/ime.odex' for file location '/system/framework/ime.jar': Failed to open oat filename for reading: No such file or directory
E/installd( 3689): DexInv: --- END '/system/framework/ime.jar' --- status=0x0100, process failed
I/art     ( 4411): DexFile_isDexOptNeeded failed to open oat file '/data/dalvik-cache/arm/system@framework@input.jar@classes.dex' for file location '/system/framework/input.jar': Failed to open oat filename for reading: No such file or directory
I/art     ( 4411): DexFile_isDexOptNeeded failed to open oat file '/system/framework/arm/input.odex' for file location '/system/framework/input.jar': Failed to open oat filename for reading: No such file or directory
E/installd( 3689): DexInv: --- END '/system/framework/input.jar' --- status=0x0100, process failed
I/art     ( 4411): DexFile_isDexOptNeeded failed to open oat file '/data/dalvik-cache/arm/system@framework@media_cmd.jar@classes.dex' for file location '/system/framework/media_cmd.jar': Failed to open oat filename for reading: No such file or directory
I/art     ( 4411): DexFile_isDexOptNeeded failed to open oat file '/system/framework/arm/media_cmd.odex' for file location '/system/framework/media_cmd.jar': Failed to open oat filename for reading: No such file or directory
E/installd( 3689): DexInv: --- END '/system/framework/media_cmd.jar' --- status=0x0100, process failed
I/art     ( 4411): DexFile_isDexOptNeeded failed to open oat file '/data/dalvik-cache/arm/system@framework@monkey.jar@classes.dex' for file location '/system/framework/monkey.jar': Failed to open oat filename for reading: No such file or directory
I/art     ( 4411): DexFile_isDexOptNeeded failed to open oat file '/system/framework/arm/monkey.odex' for file location '/system/framework/monkey.jar': Failed to open oat filename for reading: No such file or directory
E/installd( 3689): DexInv: --- END '/system/framework/monkey.jar' --- status=0x0100, process failed
I/art     ( 4411): DexFile_isDexOptNeeded failed to open oat file '/data/dalvik-cache/arm/system@framework@pm.jar@classes.dex' for file location '/system/framework/pm.jar': Failed to open oat filename for reading: No such file or directory
I/art     ( 4411): DexFile_isDexOptNeeded failed to open oat file '/system/framework/arm/pm.odex' for file location '/system/framework/pm.jar': Failed to open oat filename for reading: No such file or directory
E/installd( 3689): DexInv: --- END '/system/framework/pm.jar' --- status=0x0100, process failed
I/art     ( 4411): DexFile_isDexOptNeeded failed to open oat file '/data/dalvik-cache/arm/system@framework@requestsync.jar@classes.dex' for file location '/system/framework/requestsync.jar': Failed to open oat filename for reading: No such file or directory
I/art     ( 4411): DexFile_isDexOptNeeded failed to open oat file '/system/framework/arm/requestsync.odex' for file location '/system/framework/requestsync.jar': Failed to open oat filename for reading: No such file or directory
E/installd( 3689): DexInv: --- END '/system/framework/requestsync.jar' --- status=0x0100, process failed
I/art     ( 4411): DexFile_isDexOptNeeded failed to open oat file '/data/dalvik-cache/arm/system@framework@settings.jar@classes.dex' for file location '/system/framework/settings.jar': Failed to open oat filename for reading: No such file or directory
I/art     ( 4411): DexFile_isDexOptNeeded failed to open oat file '/system/framework/arm/settings.odex' for file location '/system/framework/settings.jar': Failed to open oat filename for reading: No such file or directory
E/installd( 3689): DexInv: --- END '/system/framework/settings.jar' --- status=0x0100, process failed
I/art     ( 4411): DexFile_isDexOptNeeded failed to open oat file '/data/dalvik-cache/arm/system@framework@svc.jar@classes.dex' for file location '/system/framework/svc.jar': Failed to open oat filename for reading: No such file or directory
I/art     ( 4411): DexFile_isDexOptNeeded failed to open oat file '/system/framework/arm/svc.odex' for file location '/system/framework/svc.jar': Failed to open oat filename for reading: No such file or directory
E/installd( 3689): DexInv: --- END '/system/framework/svc.jar' --- status=0x0100, process failed
I/art     ( 4411): DexFile_isDexOptNeeded failed to open oat file '/data/dalvik-cache/arm/system@framework@tm.jar@classes.dex' for file location '/system/framework/tm.jar': Failed to open oat filename for reading: No such file or directory
I/art     ( 4411): DexFile_isDexOptNeeded failed to open oat file '/system/framework/arm/tm.odex' for file location '/system/framework/tm.jar': Failed to open oat filename for reading: No such file or directory
E/installd( 3689): DexInv: --- END '/system/framework/tm.jar' --- status=0x0100, process failed
I/art     ( 4411): DexFile_isDexOptNeeded failed to open oat file '/data/dalvik-cache/arm/system@framework@uiautomator.jar@classes.dex' for file location '/system/framework/uiautomator.jar': Failed to open oat filename for reading: No such file or directory
I/art     ( 4411): DexFile_isDexOptNeeded failed to open oat file '/system/framework/arm/uiautomator.odex' for file location '/system/framework/uiautomator.jar': Failed to open oat filename for reading: No such file or directory
E/installd( 3689): DexInv: --- END '/system/framework/uiautomator.jar' --- status=0x0100, process failed
I/art     ( 4411): DexFile_isDexOptNeeded failed to open oat file '/data/dalvik-cache/arm/system@framework@wm.jar@classes.dex' for file location '/system/framework/wm.jar': Failed to open oat filename for reading: No such file or directory
I/art     ( 4411): DexFile_isDexOptNeeded failed to open oat file '/system/framework/arm/wm.odex' for file location '/system/framework/wm.jar': Failed to open oat filename for reading: No such file or directory
E/installd( 3689): DexInv: --- END '/system/framework/wm.jar' --- status=0x0100, process failed
E/SQLiteLog( 4411): (14) cannot open file at line 30046 of [9491ba7d73]
E/SQLiteLog( 4411): (14) os_unix.c:30046: (2) open(/data/data/com.android.providers.settings/databases/settings.db) - 
E/SQLiteDatabase( 4411): Failed to open database '/data/data/com.android.providers.settings/databases/settings.db'.
E/SQLiteDatabase( 4411): android.database.sqlite.SQLiteCantOpenDatabaseException: unknown error (code 14): Could not open database
E/SQLiteDatabase( 4411): 	at android.database.sqlite.SQLiteConnection.nativeOpen(Native Method)
E/SQLiteDatabase( 4411): 	at android.database.sqlite.SQLiteConnection.open(SQLiteConnection.java:209)
E/SQLiteDatabase( 4411): 	at android.database.sqlite.SQLiteConnection.open(SQLiteConnection.java:193)
E/SQLiteDatabase( 4411): 	at android.database.sqlite.SQLiteConnectionPool.openConnectionLocked(SQLiteConnectionPool.java:463)
E/SQLiteDatabase( 4411): 	at android.database.sqlite.SQLiteConnectionPool.open(SQLiteConnectionPool.java:185)
E/SQLiteDatabase( 4411): 	at android.database.sqlite.SQLiteConnectionPool.open(SQLiteConnectionPool.java:177)
E/SQLiteDatabase( 4411): 	at android.database.sqlite.SQLiteDatabase.openInner(SQLiteDatabase.java:806)
E/SQLiteDatabase( 4411): 	at android.database.sqlite.SQLiteDatabase.open(SQLiteDatabase.java:791)
E/SQLiteDatabase( 4411): 	at android.database.sqlite.SQLiteDatabase.openDatabase(SQLiteDatabase.java:694)
E/SQLiteDatabase( 4411): 	at android.database.sqlite.SQLiteDatabase.openDatabase(SQLiteDatabase.java:669)
E/SQLiteDatabase( 4411): 	at android.content.pm.ThemeUtils.getBootThemeDirty(ThemeUtils.java:697)
E/SQLiteDatabase( 4411): 	at com.android.server.pm.PackageManagerService.<init>(PackageManagerService.java:1654)
E/SQLiteDatabase( 4411): 	at com.android.server.pm.PackageManagerService.main(PackageManagerService.java:1352)
E/SQLiteDatabase( 4411): 	at com.android.server.SystemServer.startBootstrapServices(SystemServer.java:376)
E/SQLiteDatabase( 4411): 	at com.android.server.SystemServer.run(SystemServer.java:282)
E/SQLiteDatabase( 4411): 	at com.android.server.SystemServer.main(SystemServer.java:185)
E/SQLiteDatabase( 4411): 	at java.lang.reflect.Method.invoke(Native Method)
E/SQLiteDatabase( 4411): 	at java.lang.reflect.Method.invoke(Method.java:372)
E/SQLiteDatabase( 4411): 	at com.android.internal.os.ZygoteInit$MethodAndArgsCaller.run(ZygoteInit.java:898)
E/SQLiteDatabase( 4411): 	at com.android.internal.os.ZygoteInit.main(ZygoteInit.java:693)
W/ThemeUtils( 4411): Unable to open /data/data/com.android.providers.settings/databases/settings.db
W/ThemeUtils( 4411): android.database.sqlite.SQLiteCantOpenDatabaseException: unknown error (code 14): Could not open database
W/ThemeUtils( 4411): 	at android.database.sqlite.SQLiteConnection.nativeOpen(Native Method)
W/ThemeUtils( 4411): 	at android.database.sqlite.SQLiteConnection.open(SQLiteConnection.java:209)
W/ThemeUtils( 4411): 	at android.database.sqlite.SQLiteConnection.open(SQLiteConnection.java:193)
W/ThemeUtils( 4411): 	at android.database.sqlite.SQLiteConnectionPool.openConnectionLocked(SQLiteConnectionPool.java:463)
W/ThemeUtils( 4411): 	at android.database.sqlite.SQLiteConnectionPool.open(SQLiteConnectionPool.java:185)
W/ThemeUtils( 4411): 	at android.database.sqlite.SQLiteConnectionPool.open(SQLiteConnectionPool.java:177)
W/ThemeUtils( 4411): 	at android.database.sqlite.SQLiteDatabase.openInner(SQLiteDatabase.java:806)
W/ThemeUtils( 4411): 	at android.database.sqlite.SQLiteDatabase.open(SQLiteDatabase.java:791)
W/ThemeUtils( 4411): 	at android.database.sqlite.SQLiteDatabase.openDatabase(SQLiteDatabase.java:694)
W/ThemeUtils( 4411): 	at android.database.sqlite.SQLiteDatabase.openDatabase(SQLiteDatabase.java:669)
W/ThemeUtils( 4411): 	at android.content.pm.ThemeUtils.getBootThemeDirty(ThemeUtils.java:697)
W/ThemeUtils( 4411): 	at com.android.server.pm.PackageManagerService.<init>(PackageManagerService.java:1654)
W/ThemeUtils( 4411): 	at com.android.server.pm.PackageManagerService.main(PackageManagerService.java:1352)
W/ThemeUtils( 4411): 	at com.android.server.SystemServer.startBootstrapServices(SystemServer.java:376)
W/ThemeUtils( 4411): 	at com.android.server.SystemServer.run(SystemServer.java:282)
W/ThemeUtils( 4411): 	at com.android.server.SystemServer.main(SystemServer.java:185)
W/ThemeUtils( 4411): 	at java.lang.reflect.Method.invoke(Native Method)
W/ThemeUtils( 4411): 	at java.lang.reflect.Method.invoke(Method.java:372)
W/ThemeUtils( 4411): 	at com.android.internal.os.ZygoteInit$MethodAndArgsCaller.run(ZygoteInit.java:898)
W/ThemeUtils( 4411): 	at com.android.internal.os.ZygoteInit.main(ZygoteInit.java:693)
D/PackageManager( 4411): No files in app dir /vendor/overlay
I/PackageManager( 4411): /system/framework/framework-res.apk changed; collecting certs
