W/Launcher.Model( 5296): Nobody to tell about the new app.  Launcher is probably loading.
I/InputReader( 4116): Reconfiguring input devices.  changes=0x00000020
I/InputReader( 4116): Reconfiguring input devices.  changes=0x00000020
I/InputReader( 4116): Reconfiguring input devices.  changes=0x00000020
D/WVMDrmPlugIn( 3690): WVMDrmPlugin::onInitialize : 6161
D/WVMDrmPlugIn( 3690): WVMDrmPlugin::onSetOnInfoListener : add 6161
I/InputReader( 4116): Reconfiguring input devices.  changes=0x00000020
I/InputReader( 4116): Reconfiguring input devices.  changes=0x00000020
W/Searchables( 4116): No global search activity found
D/WVMDrmPlugIn( 3690): WVMDrmPlugin::onTerminate : 6161
I/FFmpegExtractor( 3691): android-source:0xb45b4bf0
I/FFMPEG  ( 3691): Input #0, ogg, from 'android-source:0xb45b4bf0':
I/FFMPEG  ( 3691):   Duration: 00:00:00.40, start: 0.000000, bitrate: 134 kb/s
I/FFMPEG  ( 3691):     Stream #0:0: Audio: vorbis, 44100 Hz, mono, fltp, 75 kb/s
I/FFMPEG  ( 3691):     Metadata:
I/FFMPEG  ( 3691):       COPYRIGHT       : (c) Copyright 2009 Android Open Source Project
I/FFMPEG  ( 3691):       TITLE           : Plastic Pipe
D/FFmpegExtractor( 3691): FFmpegExtrator, url: android-source:0xb45b4bf0, format_name: ogg, format_long_name: Ogg
I/FFmpegExtractor( 3691): adjust mime(application/ogg -> audio/vorbis)
D/FFmpegExtractor( 3691): suppoted codec(vorbis) by official Stagefright
D/FFmpegExtractor( 3691): ffmpeg detected media content as 'audio/vorbis' with confidence 0.08
W/Launcher.Model( 5296): Nobody to tell about the new app.  Launcher is probably loading.
D/BackupManagerService( 4116): Received broadcast Intent { act=android.intent.action.PACKAGE_CHANGED dat=package:com.android.phone flg=0x4000010 (has extras) }
D/BackupManagerService( 4116): Received broadcast Intent { act=android.intent.action.PACKAGE_CHANGED dat=package:com.android.gallery3d flg=0x4000010 (has extras) }
W/Searchables( 4116): No global search activity found
D/BackupManagerService( 4116): Received broadcast Intent { act=android.intent.action.PACKAGE_CHANGED dat=package:com.android.calendar flg=0x4000010 (has extras) }
D/BackupManagerService( 4116): Received broadcast Intent { act=android.intent.action.PACKAGE_CHANGED dat=package:com.android.email flg=0x4000010 (has extras) }
W/Searchables( 4116): No global search activity found
W/Launcher.Model( 5296): Nobody to tell about the new app.  Launcher is probably loading.
D/BackupManagerService( 4116): Received broadcast Intent { act=android.intent.action.PACKAGE_CHANGED dat=package:com.android.settings flg=0x4000010 (has extras) }
D/WVMDrmPlugIn( 3690): WVMDrmPlugin::onInitialize : 7781
D/WVMDrmPlugIn( 3690): WVMDrmPlugin::onSetOnInfoListener : add 7781
D/WVMDrmPlugIn( 3690): WVMDrmPlugin::onTerminate : 7781
I/FFmpegExtractor( 3691): android-source:0xb45b4b00
D/BackupManagerService( 4116): Received broadcast Intent { act=android.intent.action.PACKAGE_CHANGED dat=package:com.android.stk flg=0x4000010 (has extras) }
W/Searchables( 4116): No global search activity found
I/FFMPEG  ( 3691): Input #0, ogg, from 'android-source:0xb45b4b00':
I/FFMPEG  ( 3691):   Duration: 00:00:02.36, start: 0.000000, bitrate: 69 kb/s
I/FFMPEG  ( 3691):     Stream #0:0: Audio: vorbis, 44100 Hz, mono, fltp, 80 kb/s
I/FFMPEG  ( 3691):     Metadata:
I/FFMPEG  ( 3691):       ANDROID_LOOP    : false
I/FFMPEG  ( 3691):       TITLE           : Polaris
D/FFmpegExtractor( 3691): FFmpegExtrator, url: android-source:0xb45b4b00, format_name: ogg, format_long_name: Ogg
I/FFmpegExtractor( 3691): adjust mime(application/ogg -> audio/vorbis)
D/FFmpegExtractor( 3691): suppoted codec(vorbis) by official Stagefright
D/FFmpegExtractor( 3691): ffmpeg detected media content as 'audio/vorbis' with confidence 0.08
D/BackupManagerService( 4116): Received broadcast Intent { act=android.intent.action.PACKAGE_CHANGED dat=package:com.android.inputmethod.latin flg=0x4000010 (has extras) }
W/Searchables( 4116): No global search activity found
W/Launcher.Model( 5296): Nobody to tell about the new app.  Launcher is probably loading.
W/Searchables( 4116): No global search activity found
W/Searchables( 4116): No global search activity found
W/Launcher.Model( 5296): Nobody to tell about the new app.  Launcher is probably loading.
W/Launcher.Model( 5296): Nobody to tell about the new app.  Launcher is probably loading.
W/Launcher.Model( 5296): Nobody to tell about the new app.  Launcher is probably loading.
D/WVMDrmPlugIn( 3690): WVMDrmPlugin::onInitialize : 4411
D/WVMDrmPlugIn( 3690): WVMDrmPlugin::onSetOnInfoListener : add 4411
D/WVMDrmPlugIn( 3690): WVMDrmPlugin::onTerminate : 4411
I/FFmpegExtractor( 3691): android-source:0xb45b4920
I/FFMPEG  ( 3691): Input #0, ogg, from 'android-source:0xb45b4920':
I/FFMPEG  ( 3691):   Duration: 00:00:02.59, start: 0.000000, bitrate: 72 kb/s
I/FFMPEG  ( 3691):     Stream #0:0: Audio: vorbis, 44100 Hz, mono, fltp, 80 kb/s
I/FFMPEG  ( 3691):     Metadata:
I/FFMPEG  ( 3691):       ARTIST          : pdx
I/FFMPEG  ( 3691):       ALBUM           : Unknown
I/FFMPEG  ( 3691):       GENRE           : Unknown
I/FFMPEG  ( 3691):       ANDROID_LOOP    : false
I/FFMPEG  ( 3691):       TITLE           : Pollux
D/FFmpegExtractor( 3691): FFmpegExtrator, url: android-source:0xb45b4920, format_name: ogg, format_long_name: Ogg
I/FFmpegExtractor( 3691): adjust mime(application/ogg -> audio/vorbis)
D/FFmpegExtractor( 3691): suppoted codec(vorbis) by official Stagefright
D/FFmpegExtractor( 3691): ffmpeg detected media content as 'audio/vorbis' with confidence 0.08
W/Launcher( 5296): setApplicationContext called twice! old=com.android.launcher3.LauncherApplication@2cb72a30 new=com.android.launcher3.LauncherApplication@2cb72a30
W/Launcher( 5296): setApplicationContext called twice! old=com.android.launcher3.LauncherApplication@2cb72a30 new=com.android.launcher3.LauncherApplication@2cb72a30
D/WVMDrmPlugIn( 3690): WVMDrmPlugin::onInitialize : 7638
D/WVMDrmPlugIn( 3690): WVMDrmPlugin::onSetOnInfoListener : add 7638
W/Launcher( 5296): setApplicationContext called twice! old=com.android.launcher3.LauncherApplication@2cb72a30 new=com.android.launcher3.LauncherApplication@2cb72a30
D/WVMDrmPlugIn( 3690): WVMDrmPlugin::onTerminate : 7638
I/FFmpegExtractor( 3691): android-source:0xb45b4f10
W/Launcher( 5296): setApplicationContext called twice! old=com.android.launcher3.LauncherApplication@2cb72a30 new=com.android.launcher3.LauncherApplication@2cb72a30
I/FFMPEG  ( 3691): Input #0, ogg, from 'android-source:0xb45b4f10':
I/FFMPEG  ( 3691):   Duration: 00:00:01.72, start: 0.000000, bitrate: 170 kb/s
I/FFMPEG  ( 3691):     Stream #0:0: Audio: vorbis, 44100 Hz, stereo, fltp, 320 kb/s
I/FFMPEG  ( 3691):     Metadata:
I/FFMPEG  ( 3691):       TITLE           : Pong
I/FFMPEG  ( 3691):       ENCODER         : FL Studio
D/FFmpegExtractor( 3691): FFmpegExtrator, url: android-source:0xb45b4f10, format_name: ogg, format_long_name: Ogg
I/FFmpegExtractor( 3691): adjust mime(application/ogg -> audio/vorbis)
D/FFmpegExtractor( 3691): suppoted codec(vorbis) by official Stagefright
D/FFmpegExtractor( 3691): ffmpeg detected media content as 'audio/vorbis' with confidence 0.08
I/ContactLocale( 5914): AddressBook Labels [en-US]: [, A, B, C, D, E, F, G, H, I, J, K, L, M, N, O, P, Q, R, S, T, U, V, W, X, Y, Z, , , , , , , , , , , , , , , , , , , , , , , , , , , , , , , , , , , , , , , , , , , , , , , , , , , , , , , , , , , , , , , , , , , , , , , , , , , , , , , , , , , , , , , , , , , , , , , , , , , , , , , , , , , , , , , , , , , , , , , , , , , , , , , , , , , , , , , , , , , , , , , , , , , , , , , , , , , , , , , , , , , , , , , , , , , , , , , , , , , , , , , , , , , , #, ]
W/Launcher( 5296): setApplicationContext called twice! old=com.android.launcher3.LauncherApplication@2cb72a30 new=com.android.launcher3.LauncherApplication@2cb72a30
W/Launcher( 5296): setApplicationContext called twice! old=com.android.launcher3.LauncherApplication@2cb72a30 new=com.android.launcher3.LauncherApplication@2cb72a30
W/Launcher( 5296): setApplicationContext called twice! old=com.android.launcher3.LauncherApplication@2cb72a30 new=com.android.launcher3.LauncherApplication@2cb72a30
W/Launcher( 5296): setApplicationContext called twice! old=com.android.launcher3.LauncherApplication@2cb72a30 new=com.android.launcher3.LauncherApplication@2cb72a30
E/SQLiteLog( 5623): (284) automatic index on view_events(_id)
D/WVMDrmPlugIn( 3690): WVMDrmPlugin::onInitialize : 7334
D/WVMDrmPlugIn( 3690): WVMDrmPlugin::onSetOnInfoListener : add 7334
I/ActivityManager( 4116): Killing 5649:com.android.managedprovisioning/u0a11 (adj 15): empty #17
D/WVMDrmPlugIn( 3690): WVMDrmPlugin::onTerminate : 7334
I/FFmpegExtractor( 3691): android-source:0xb45b4bf0
I/FFMPEG  ( 3691): Input #0, ogg, from 'android-source:0xb45b4bf0':
I/FFMPEG  ( 3691):   Duration: 00:00:02.62, start: 0.000000, bitrate: 68 kb/s
I/FFMPEG  ( 3691):     Stream #0:0: Audio: vorbis, 44100 Hz, mono, fltp, 80 kb/s
I/FFMPEG  ( 3691):     Metadata:
I/FFMPEG  ( 3691):       ANDROID_LOOP    : false
I/FFMPEG  ( 3691):       TITLE           : Procyon
D/FFmpegExtractor( 3691): FFmpegExtrator, url: android-source:0xb45b4bf0, format_name: ogg, format_long_name: Ogg
I/FFmpegExtractor( 3691): adjust mime(application/ogg -> audio/vorbis)
D/FFmpegExtractor( 3691): suppoted codec(vorbis) by official Stagefright
D/FFmpegExtractor( 3691): ffmpeg detected media content as 'audio/vorbis' with confidence 0.08
D/WVMDrmPlugIn( 3690): WVMDrmPlugin::onInitialize : 6807
D/WVMDrmPlugIn( 3690): WVMDrmPlugin::onSetOnInfoListener : add 6807
D/WVMDrmPlugIn( 3690): WVMDrmPlugin::onTerminate : 6807
I/FFmpegExtractor( 3691): android-source:0xb239d100
I/FFMPEG  ( 3691): Input #0, ogg, from 'android-source:0xb239d100':
I/FFMPEG  ( 3691):   Duration: 00:00:01.00, start: 0.000000, bitrate: 105 kb/s
I/FFMPEG  ( 3691):     Stream #0:0: Audio: vorbis, 44100 Hz, stereo, fltp, 112 kb/s
I/FFMPEG  ( 3691):     Metadata:
I/FFMPEG  ( 3691):       TITLE           : Proxima
D/FFmpegExtractor( 3691): FFmpegExtrator, url: android-source:0xb239d100, format_name: ogg, format_long_name: Ogg
I/FFmpegExtractor( 3691): adjust mime(application/ogg -> audio/vorbis)
D/FFmpegExtractor( 3691): suppoted codec(vorbis) by official Stagefright
D/FFmpegExtractor( 3691): ffmpeg detected media content as 'audio/vorbis' with confidence 0.08
D/WVMDrmPlugIn( 3690): WVMDrmPlugin::onInitialize : 8175
D/WVMDrmPlugIn( 3690): WVMDrmPlugin::onSetOnInfoListener : add 8175
D/WVMDrmPlugIn( 3690): WVMDrmPlugin::onTerminate : 8175
W/libprocessgroup( 4116): failed to open /acct/uid_10011/pid_5649/cgroup.procs: No such file or directory
I/FFmpegExtractor( 3691): android-source:0xb45b4830
I/FFMPEG  ( 3691): Input #0, ogg, from 'android-source:0xb45b4830':
I/FFMPEG  ( 3691):   Duration: 00:00:01.80, start: 0.000000, bitrate: 112 kb/s
I/FFMPEG  ( 3691):     Stream #0:0: Audio: vorbis, 44100 Hz, stereo, fltp, 112 kb/s
D/FFmpegExtractor( 3691): FFmpegExtrator, url: android-source:0xb45b4830, format_name: ogg, format_long_name: Ogg
I/FFmpegExtractor( 3691): adjust mime(application/ogg -> audio/vorbis)
D/FFmpegExtractor( 3691): suppoted codec(vorbis) by official Stagefright
D/FFmpegExtractor( 3691): ffmpeg detected media content as 'audio/vorbis' with confidence 0.08
D/WVMDrmPlugIn( 3690): WVMDrmPlugin::onInitialize : 5005
D/WVMDrmPlugIn( 3690): WVMDrmPlugin::onSetOnInfoListener : add 5005
D/WVMDrmPlugIn( 3690): WVMDrmPlugin::onTerminate : 5005
I/FFmpegExtractor( 3691): android-source:0xb45ea8d0
I/FFMPEG  ( 3691): Input #0, ogg, from 'android-source:0xb45ea8d0':
I/FFMPEG  ( 3691):   Duration: 00:00:01.72, start: 0.000000, bitrate: 443 kb/s
I/FFMPEG  ( 3691):     Stream #0:0: Audio: vorbis, 44100 Hz, stereo, fltp, 450 kb/s
I/FFMPEG  ( 3691):     Metadata:
I/FFMPEG  ( 3691):       TITLE           : Rang
I/FFMPEG  ( 3691):       ENCODER         : FL Studio
D/FFmpegExtractor( 3691): FFmpegExtrator, url: android-source:0xb45ea8d0, format_name: ogg, format_long_name: Ogg
I/FFmpegExtractor( 3691): adjust mime(application/ogg -> audio/vorbis)
D/FFmpegExtractor( 3691): suppoted codec(vorbis) by official Stagefright
D/FFmpegExtractor( 3691): ffmpeg detected media content as 'audio/vorbis' with confidence 0.08
D/WVMDrmPlugIn( 3690): WVMDrmPlugin::onInitialize : 5249
D/WVMDrmPlugIn( 3690): WVMDrmPlugin::onSetOnInfoListener : add 5249
D/WVMDrmPlugIn( 3690): WVMDrmPlugin::onTerminate : 5249
I/FFmpegExtractor( 3691): android-source:0xb4537600
I/FFMPEG  ( 3691): Input #0, ogg, from 'android-source:0xb4537600':
I/FFMPEG  ( 3691):   Duration: 00:00:00.81, start: 0.000000, bitrate: 222 kb/s
I/FFMPEG  ( 3691):     Stream #0:0: Audio: vorbis, 44100 Hz, stereo, fltp, 224 kb/s
I/FFMPEG  ( 3691):     Metadata:
I/FFMPEG  ( 3691):       TITLE           : Rhea
D/FFmpegExtractor( 3691): FFmpegExtrator, url: android-source:0xb4537600, format_name: ogg, format_long_name: Ogg
I/FFmpegExtractor( 3691): adjust mime(application/ogg -> audio/vorbis)
D/FFmpegExtractor( 3691): suppoted codec(vorbis) by official Stagefright
D/FFmpegExtractor( 3691): ffmpeg detected media content as 'audio/vorbis' with confidence 0.08
D/WVMDrmPlugIn( 3690): WVMDrmPlugin::onInitialize : 4344
D/WVMDrmPlugIn( 3690): WVMDrmPlugin::onSetOnInfoListener : add 4344
D/WVMDrmPlugIn( 3690): WVMDrmPlugin::onTerminate : 4344
I/FFmpegExtractor( 3691): android-source:0xb45375b0
I/FFMPEG  ( 3691): Input #0, ogg, from 'android-source:0xb45375b0':
I/FFMPEG  ( 3691):   Duration: 00:00:01.80, start: 0.000000, bitrate: 94 kb/s
I/FFMPEG  ( 3691):     Stream #0:0: Audio: vorbis, 44100 Hz, stereo, fltp, 112 kb/s
I/FFMPEG  ( 3691):     Metadata:
I/FFMPEG  ( 3691):       ANDROID_LOOP    : false
I/FFMPEG  ( 3691):       TITLE           : Rubidium
D/FFmpegExtractor( 3691): FFmpegExtrator, url: android-source:0xb45375b0, format_name: ogg, format_long_name: Ogg
I/FFmpegExtractor( 3691): adjust mime(application/ogg -> audio/vorbis)
D/FFmpegExtractor( 3691): suppoted codec(vorbis) by official Stagefright
D/FFmpegExtractor( 3691): ffmpeg detected media content as 'audio/vorbis' with confidence 0.08
D/WVMDrmPlugIn( 3690): WVMDrmPlugin::onInitialize : 8117
D/WVMDrmPlugIn( 3690): WVMDrmPlugin::onSetOnInfoListener : add 8117
D/WVMDrmPlugIn( 3690): WVMDrmPlugin::onTerminate : 8117
I/FFmpegExtractor( 3691): android-source:0xb4537240
I/FFMPEG  ( 3691): Input #0, ogg, from 'android-source:0xb4537240':
I/FFMPEG  ( 3691):   Duration: 00:00:01.49, start: 0.000000, bitrate: 217 kb/s
I/FFMPEG  ( 3691):     Stream #0:0: Audio: vorbis, 44100 Hz, stereo, fltp, 224 kb/s
I/FFMPEG  ( 3691):     Metadata:
I/FFMPEG  ( 3691):       TITLE           : Salacia
D/FFmpegExtractor( 3691): FFmpegExtrator, url: android-source:0xb4537240, format_name: ogg, format_long_name: Ogg
I/FFmpegExtractor( 3691): adjust mime(application/ogg -> audio/vorbis)
D/FFmpegExtractor( 3691): suppoted codec(vorbis) by official Stagefright
D/FFmpegExtractor( 3691): ffmpeg detected media content as 'audio/vorbis' with confidence 0.08
D/WVMDrmPlugIn( 3690): WVMDrmPlugin::onInitialize : 7589
D/WVMDrmPlugIn( 3690): WVMDrmPlugin::onSetOnInfoListener : add 7589
D/WVMDrmPlugIn( 3690): WVMDrmPlugin::onTerminate : 7589
I/FFmpegExtractor( 3691): android-source:0xb45370b0
I/FFMPEG  ( 3691): Input #0, ogg, from 'android-source:0xb45370b0':
I/FFMPEG  ( 3691):   Duration: 00:00:01.00, start: 0.000000, bitrate: 87 kb/s
I/FFMPEG  ( 3691):     Stream #0:0: Audio: vorbis, 44100 Hz, stereo, fltp, 112 kb/s
D/FFmpegExtractor( 3691): FFmpegExtrator, url: android-source:0xb45370b0, format_name: ogg, format_long_name: Ogg
I/FFmpegExtractor( 3691): adjust mime(application/ogg -> audio/vorbis)
D/FFmpegExtractor( 3691): suppoted codec(vorbis) by official Stagefright
D/FFmpegExtractor( 3691): ffmpeg detected media content as 'audio/vorbis' with confidence 0.08
D/WVMDrmPlugIn( 3690): WVMDrmPlugin::onInitialize : 4894
D/WVMDrmPlugIn( 3690): WVMDrmPlugin::onSetOnInfoListener : add 4894
D/WVMDrmPlugIn( 3690): WVMDrmPlugin::onTerminate : 4894
I/FFmpegExtractor( 3691): android-source:0xb4537060
I/FFMPEG  ( 3691): Input #0, ogg, from 'android-source:0xb4537060':
I/FFMPEG  ( 3691):   Duration: 00:00:01.37, start: 0.000000, bitrate: 141 kb/s
I/FFMPEG  ( 3691):     Stream #0:0: Audio: vorbis, 44100 Hz, stereo, fltp, 112 kb/s
I/FFMPEG  ( 3691):     Metadata:
I/FFMPEG  ( 3691):       TITLE           : Shaula
D/FFmpegExtractor( 3691): FFmpegExtrator, url: android-source:0xb4537060, format_name: ogg, format_long_name: Ogg
I/FFmpegExtractor( 3691): adjust mime(application/ogg -> audio/vorbis)
D/FFmpegExtractor( 3691): suppoted codec(vorbis) by official Stagefright
D/FFmpegExtractor( 3691): ffmpeg detected media content as 'audio/vorbis' with confidence 0.08
D/WVMDrmPlugIn( 3690): WVMDrmPlugin::onInitialize : 5317
D/WVMDrmPlugIn( 3690): WVMDrmPlugin::onSetOnInfoListener : add 5317
D/WVMDrmPlugIn( 3690): WVMDrmPlugin::onTerminate : 5317
I/FFmpegExtractor( 3691): android-source:0xb45eabf0
I/FFMPEG  ( 3691): Input #0, ogg, from 'android-source:0xb45eabf0':
I/FFMPEG  ( 3691):   Duration: 00:00:01.31, start: 0.000000, bitrate: 128 kb/s
I/FFMPEG  ( 3691):     Stream #0:0: Audio: vorbis, 44100 Hz, stereo, fltp, 112 kb/s
I/FFMPEG  ( 3691):     Metadata:
I/FFMPEG  ( 3691):       TITLE           : Sirrah
D/FFmpegExtractor( 3691): FFmpegExtrator, url: android-source:0xb45eabf0, format_name: ogg, format_long_name: Ogg
I/FFmpegExtractor( 3691): adjust mime(application/ogg -> audio/vorbis)
D/FFmpegExtractor( 3691): suppoted codec(vorbis) by official Stagefright
D/FFmpegExtractor( 3691): ffmpeg detected media content as 'audio/vorbis' with confidence 0.08
D/WVMDrmPlugIn( 3690): WVMDrmPlugin::onInitialize : 7510
D/WVMDrmPlugIn( 3690): WVMDrmPlugin::onSetOnInfoListener : add 7510
D/WVMDrmPlugIn( 3690): WVMDrmPlugin::onTerminate : 7510
I/FFmpegExtractor( 3691): android-source:0xb45eadd0
I/FFMPEG  ( 3691): Input #0, ogg, from 'android-source:0xb45eadd0':
I/FFMPEG  ( 3691):   Duration: 00:00:02.88, start: 0.000000, bitrate: 72 kb/s
I/FFMPEG  ( 3691):     Stream #0:0: Audio: vorbis, 44100 Hz, mono, fltp, 75 kb/s
I/FFMPEG  ( 3691):     Metadata:
I/FFMPEG  ( 3691):       COPYRIGHT       : Copyright (c) 2009 Android Open Source Project
I/FFMPEG  ( 3691):       TITLE           : Space Seed
I/FFMPEG  ( 3691):       ARTIST          : Dave Sparks
D/FFmpegExtractor( 3691): FFmpegExtrator, url: android-source:0xb45eadd0, format_name: ogg, format_long_name: Ogg
I/FFmpegExtractor( 3691): adjust mime(application/ogg -> audio/vorbis)
D/FFmpegExtractor( 3691): suppoted codec(vorbis) by official Stagefright
D/FFmpegExtractor( 3691): ffmpeg detected media content as 'audio/vorbis' with confidence 0.08
D/WVMDrmPlugIn( 3690): WVMDrmPlugin::onInitialize : 5932
D/WVMDrmPlugIn( 3690): WVMDrmPlugin::onSetOnInfoListener : add 5932
D/WVMDrmPlugIn( 3690): WVMDrmPlugin::onTerminate : 5932
I/FFmpegExtractor( 3691): android-source:0xb420d1f0
I/FFMPEG  ( 3691): Input #0, ogg, from 'android-source:0xb420d1f0':
I/FFMPEG  ( 3691):   Duration: 00:00:00.90, start: 0.000000, bitrate: 80 kb/s
I/FFMPEG  ( 3691):     Stream #0:0: Audio: vorbis, 44100 Hz, stereo, fltp, 112 kb/s
I/FFMPEG  ( 3691):     Metadata:
I/FFMPEG  ( 3691):       TITLE           : Spica
D/FFmpegExtractor( 3691): FFmpegExtrator, url: android-source:0xb420d1f0, format_name: ogg, format_long_name: Ogg
I/FFmpegExtractor( 3691): adjust mime(application/ogg -> audio/vorbis)
D/FFmpegExtractor( 3691): suppoted codec(vorbis) by official Stagefright
D/FFmpegExtractor( 3691): ffmpeg detected media content as 'audio/vorbis' with confidence 0.08
D/WVMDrmPlugIn( 3690): WVMDrmPlugin::onInitialize : 7898
D/WVMDrmPlugIn( 3690): WVMDrmPlugin::onSetOnInfoListener : add 7898
D/WVMDrmPlugIn( 3690): WVMDrmPlugin::onTerminate : 7898
I/FFmpegExtractor( 3691): android-source:0xb420d290
I/FFMPEG  ( 3691): Input #0, ogg, from 'android-source:0xb420d290':
I/FFMPEG  ( 3691):   Duration: 00:00:01.88, start: 0.000000, bitrate: 239 kb/s
I/FFMPEG  ( 3691):     Stream #0:0: Audio: vorbis, 44100 Hz, stereo, fltp, 450 kb/s
I/FFMPEG  ( 3691):     Metadata:
I/FFMPEG  ( 3691):       TITLE           : Stone
I/FFMPEG  ( 3691):       ENCODER         : FL Studio
D/FFmpegExtractor( 3691): FFmpegExtrator, url: android-source:0xb420d290, format_name: ogg, format_long_name: Ogg
I/FFmpegExtractor( 3691): adjust mime(application/ogg -> audio/vorbis)
D/FFmpegExtractor( 3691): suppoted codec(vorbis) by official Stagefright
D/FFmpegExtractor( 3691): ffmpeg detected media content as 'audio/vorbis' with confidence 0.08
D/WVMDrmPlugIn( 3690): WVMDrmPlugin::onInitialize : 4546
D/WVMDrmPlugIn( 3690): WVMDrmPlugin::onSetOnInfoListener : add 4546
D/WVMDrmPlugIn( 3690): WVMDrmPlugin::onTerminate : 4546
I/FFmpegExtractor( 3691): android-source:0xb420d600
I/FFMPEG  ( 3691): Input #0, ogg, from 'android-source:0xb420d600':
I/FFMPEG  ( 3691):   Duration: 00:00:03.00, start: 0.000000, bitrate: 104 kb/s
I/FFMPEG  ( 3691):     Stream #0:0: Audio: vorbis, 44100 Hz, stereo, fltp, 112 kb/s
I/FFMPEG  ( 3691):     Metadata:
I/FFMPEG  ( 3691):       ANDROID_LOOP    : false
I/FFMPEG  ( 3691):       TITLE           : Strontium
D/FFmpegExtractor( 3691): FFmpegExtrator, url: android-source:0xb420d600, format_name: ogg, format_long_name: Ogg
I/FFmpegExtractor( 3691): adjust mime(application/ogg -> audio/vorbis)
D/FFmpegExtractor( 3691): suppoted codec(vorbis) by official Stagefright
D/FFmpegExtractor( 3691): ffmpeg detected media content as 'audio/vorbis' with confidence 0.08
D/WVMDrmPlugIn( 3690): WVMDrmPlugin::onInitialize : 7769
D/WVMDrmPlugIn( 3690): WVMDrmPlugin::onSetOnInfoListener : add 7769
D/WVMDrmPlugIn( 3690): WVMDrmPlugin::onTerminate : 7769
I/FFmpegExtractor( 3691): android-source:0xb420d880
I/FFMPEG  ( 3691): Input #0, ogg, from 'android-source:0xb420d880':
I/FFMPEG  ( 3691):   Duration: 00:00:00.75, start: 0.000000, bitrate: 90 kb/s
I/FFMPEG  ( 3691):     Stream #0:0: Audio: vorbis, 44100 Hz, mono, fltp, 70 kb/s
I/FFMPEG  ( 3691):     Metadata:
I/FFMPEG  ( 3691):       ANDROID_LOOP    : false
I/FFMPEG  ( 3691):       TITLE           : Syrma
D/FFmpegExtractor( 3691): FFmpegExtrator, url: android-source:0xb420d880, format_name: ogg, format_long_name: Ogg
I/FFmpegExtractor( 3691): adjust mime(application/ogg -> audio/vorbis)
D/FFmpegExtractor( 3691): suppoted codec(vorbis) by official Stagefright
D/FFmpegExtractor( 3691): ffmpeg detected media content as 'audio/vorbis' with confidence 0.08
D/WVMDrmPlugIn( 3690): WVMDrmPlugin::onInitialize : 7155
D/WVMDrmPlugIn( 3690): WVMDrmPlugin::onSetOnInfoListener : add 7155
D/WVMDrmPlugIn( 3690): WVMDrmPlugin::onTerminate : 7155
I/FFmpegExtractor( 3691): android-source:0xb420d920
I/FFMPEG  ( 3691): Input #0, ogg, from 'android-source:0xb420d920':
I/FFMPEG  ( 3691):   Duration: 00:00:03.29, start: 0.000000, bitrate: 105 kb/s
I/FFMPEG  ( 3691):     Stream #0:0: Audio: vorbis, 48000 Hz, stereo, fltp, 112 kb/s
I/FFMPEG  ( 3691):     Metadata:
I/FFMPEG  ( 3691):       TITLE           : Ta Da
D/FFmpegExtractor( 3691): FFmpegExtrator, url: android-source:0xb420d920, format_name: ogg, format_long_name: Ogg
I/FFmpegExtractor( 3691): adjust mime(application/ogg -> audio/vorbis)
D/FFmpegExtractor( 3691): suppoted codec(vorbis) by official Stagefright
D/FFmpegExtractor( 3691): ffmpeg detected media content as 'audio/vorbis' with confidence 0.08
D/WVMDrmPlugIn( 3690): WVMDrmPlugin::onInitialize : 6292
D/WVMDrmPlugIn( 3690): WVMDrmPlugin::onSetOnInfoListener : add 6292
D/WVMDrmPlugIn( 3690): WVMDrmPlugin::onTerminate : 6292
I/FFmpegExtractor( 3691): android-source:0xb420dc90
I/FFMPEG  ( 3691): Input #0, ogg, from 'android-source:0xb420dc90':
I/FFMPEG  ( 3691):   Duration: 00:00:01.13, start: 0.000000, bitrate: 74 kb/s
I/FFMPEG  ( 3691):     Stream #0:0: Audio: vorbis, 44100 Hz, mono, fltp, 70 kb/s
I/FFMPEG  ( 3691):     Metadata:
I/FFMPEG  ( 3691):       ANDROID_LOOP    : false
I/FFMPEG  ( 3691):       TITLE           : Talitha
D/FFmpegExtractor( 3691): FFmpegExtrator, url: android-source:0xb420dc90, format_name: ogg, format_long_name: Ogg
I/FFmpegExtractor( 3691): adjust mime(application/ogg -> audio/vorbis)
D/FFmpegExtractor( 3691): suppoted codec(vorbis) by official Stagefright
D/FFmpegExtractor( 3691): ffmpeg detected media content as 'audio/vorbis' with confidence 0.08
D/WVMDrmPlugIn( 3690): WVMDrmPlugin::onInitialize : 7457
D/WVMDrmPlugIn( 3690): WVMDrmPlugin::onSetOnInfoListener : add 7457
D/WVMDrmPlugIn( 3690): WVMDrmPlugin::onTerminate : 7457
I/FFmpegExtractor( 3691): android-source:0xb420dd80
I/FFMPEG  ( 3691): Input #0, ogg, from 'android-source:0xb420dd80':
I/FFMPEG  ( 3691):   Duration: 00:00:01.20, start: 0.000000, bitrate: 105 kb/s
I/FFMPEG  ( 3691):     Stream #0:0: Audio: vorbis, 44100 Hz, stereo, fltp, 112 kb/s
I/FFMPEG  ( 3691):     Metadata:
I/FFMPEG  ( 3691):       TITLE           : Tejat
D/FFmpegExtractor( 3691): FFmpegExtrator, url: android-source:0xb420dd80, format_name: ogg, format_long_name: Ogg
I/FFmpegExtractor( 3691): adjust mime(application/ogg -> audio/vorbis)
D/FFmpegExtractor( 3691): suppoted codec(vorbis) by official Stagefright
D/FFmpegExtractor( 3691): ffmpeg detected media content as 'audio/vorbis' with confidence 0.08
D/WVMDrmPlugIn( 3690): WVMDrmPlugin::onInitialize : 4379
D/WVMDrmPlugIn( 3690): WVMDrmPlugin::onSetOnInfoListener : add 4379
D/WVMDrmPlugIn( 3690): WVMDrmPlugin::onTerminate : 4379
I/FFmpegExtractor( 3691): android-source:0xb420dec0
I/FFMPEG  ( 3691): Input #0, ogg, from 'android-source:0xb420dec0':
I/FFMPEG  ( 3691):   Duration: 00:00:01.26, start: 0.000000, bitrate: 254 kb/s
I/FFMPEG  ( 3691):     Stream #0:0: Audio: vorbis, 44100 Hz, stereo, fltp, 224 kb/s
I/FFMPEG  ( 3691):     Metadata:
I/FFMPEG  ( 3691):       TITLE           : Tethys
D/FFmpegExtractor( 3691): FFmpegExtrator, url: android-source:0xb420dec0, format_name: ogg, format_long_name: Ogg
I/FFmpegExtractor( 3691): adjust mime(application/ogg -> audio/vorbis)
D/FFmpegExtractor( 3691): suppoted codec(vorbis) by official Stagefright
D/FFmpegExtractor( 3691): ffmpeg detected media content as 'audio/vorbis' with confidence 0.08
D/WVMDrmPlugIn( 3690): WVMDrmPlugin::onInitialize : 5282
D/WVMDrmPlugIn( 3690): WVMDrmPlugin::onSetOnInfoListener : add 5282
D/WVMDrmPlugIn( 3690): WVMDrmPlugin::onTerminate : 5282
I/FFmpegExtractor( 3691): android-source:0xb1f75290
I/FFMPEG  ( 3691): Input #0, ogg, from 'android-source:0xb1f75290':
I/FFMPEG  ( 3691):   Duration: 00:00:01.37, start: 0.000000, bitrate: 106 kb/s
I/FFMPEG  ( 3691):     Stream #0:0: Audio: vorbis, 44100 Hz, stereo, fltp, 112 kb/s
I/FFMPEG  ( 3691):     Metadata:
I/FFMPEG  ( 3691):       ANDROID_LOOP    : false
I/FFMPEG  ( 3691):       TITLE           : Thallium
D/FFmpegExtractor( 3691): FFmpegExtrator, url: android-source:0xb1f75290, format_name: ogg, format_long_name: Ogg
I/FFmpegExtractor( 3691): adjust mime(application/ogg -> audio/vorbis)
D/FFmpegExtractor( 3691): suppoted codec(vorbis) by official Stagefright
D/FFmpegExtractor( 3691): ffmpeg detected media content as 'audio/vorbis' with confidence 0.08
D/WVMDrmPlugIn( 3690): WVMDrmPlugin::onInitialize : 4630
D/WVMDrmPlugIn( 3690): WVMDrmPlugin::onSetOnInfoListener : add 4630
D/WVMDrmPlugIn( 3690): WVMDrmPlugin::onTerminate : 4630
I/FFmpegExtractor( 3691): android-source:0xb1f75330
I/FFMPEG  ( 3691): Input #0, ogg, from 'android-source:0xb1f75330':
I/FFMPEG  ( 3691):   Duration: 00:00:01.10, start: 0.000000, bitrate: 137 kb/s
I/FFMPEG  ( 3691):     Stream #0:0: Audio: vorbis, 48000 Hz, stereo, fltp, 112 kb/s
I/FFMPEG  ( 3691):     Metadata:
I/FFMPEG  ( 3691):       TITLE           : Tinkerbell
D/FFmpegExtractor( 3691): FFmpegExtrator, url: android-source:0xb1f75330, format_name: ogg, format_long_name: Ogg
I/FFmpegExtractor( 3691): adjust mime(application/ogg -> audio/vorbis)
D/FFmpegExtractor( 3691): suppoted codec(vorbis) by official Stagefright
D/FFmpegExtractor( 3691): ffmpeg detected media content as 'audio/vorbis' with confidence 0.08
D/WVMDrmPlugIn( 3690): WVMDrmPlugin::onInitialize : 7191
D/WVMDrmPlugIn( 3690): WVMDrmPlugin::onSetOnInfoListener : add 7191
D/WVMDrmPlugIn( 3690): WVMDrmPlugin::onTerminate : 7191
I/FFmpegExtractor( 3691): android-source:0xb1f755b0
I/FFMPEG  ( 3691): Input #0, ogg, from 'android-source:0xb1f755b0':
I/FFMPEG  ( 3691):   Duration: 00:00:01.02, start: 0.000000, bitrate: 253 kb/s
I/FFMPEG  ( 3691):     Stream #0:0: Audio: vorbis, 44100 Hz, stereo, fltp, 224 kb/s
I/FFMPEG  ( 3691):     Metadata:
I/FFMPEG  ( 3691):       TITLE           : Titan
D/FFmpegExtractor( 3691): FFmpegExtrator, url: android-source:0xb1f755b0, format_name: ogg, format_long_name: Ogg
I/FFmpegExtractor( 3691): adjust mime(application/ogg -> audio/vorbis)
D/FFmpegExtractor( 3691): suppoted codec(vorbis) by official Stagefright
D/FFmpegExtractor( 3691): ffmpeg detected media content as 'audio/vorbis' with confidence 0.08
D/WVMDrmPlugIn( 3690): WVMDrmPlugin::onInitialize : 6502
D/WVMDrmPlugIn( 3690): WVMDrmPlugin::onSetOnInfoListener : add 6502
D/WVMDrmPlugIn( 3690): WVMDrmPlugin::onTerminate : 6502
I/FFmpegExtractor( 3691): android-source:0xb1f759c0
I/FFMPEG  ( 3691): Input #0, ogg, from 'android-source:0xb1f759c0':
I/FFMPEG  ( 3691):   Duration: 00:00:01.60, start: 0.000000, bitrate: 120 kb/s
I/FFMPEG  ( 3691):     Stream #0:0: Audio: vorbis, 44100 Hz, stereo, fltp, 112 kb/s
I/FFMPEG  ( 3691):     Metadata:
I/FFMPEG  ( 3691):       TITLE           : Upsilon
D/FFmpegExtractor( 3691): FFmpegExtrator, url: android-source:0xb1f759c0, format_name: ogg, format_long_name: Ogg
I/FFmpegExtractor( 3691): adjust mime(application/ogg -> audio/vorbis)
D/FFmpegExtractor( 3691): suppoted codec(vorbis) by official Stagefright
D/FFmpegExtractor( 3691): ffmpeg detected media content as 'audio/vorbis' with confidence 0.08
D/WVMDrmPlugIn( 3690): WVMDrmPlugin::onInitialize : 5919
D/WVMDrmPlugIn( 3690): WVMDrmPlugin::onSetOnInfoListener : add 5919
D/WVMDrmPlugIn( 3690): WVMDrmPlugin::onTerminate : 5919
I/FFmpegExtractor( 3691): android-source:0xb1f75c40
I/FFMPEG  ( 3691): Input #0, ogg, from 'android-source:0xb1f75c40':
I/FFMPEG  ( 3691):   Duration: 00:00:04.38, start: 0.000000, bitrate: 53 kb/s
I/FFMPEG  ( 3691):     Stream #0:0: Audio: vorbis, 44100 Hz, mono, fltp, 96 kb/s
I/FFMPEG  ( 3691):     Metadata:
I/FFMPEG  ( 3691):       ARTIST          : Unknown
I/FFMPEG  ( 3691):       TITLE           : Vega
I/FFMPEG  ( 3691):       REPLAYGAIN_TRACK_PEAK: 0.000000
I/FFMPEG  ( 3691):       REPLAYGAIN_ALBUM_GAIN: 0.000000
I/FFMPEG  ( 3691):       REPLAYGAIN_ALBUM_PEAK: 0.000000
I/FFMPEG  ( 3691):       disc            : 0
I/FFMPEG  ( 3691):       REPLAYGAIN_TRACK_GAIN: 0.000000
I/FFMPEG  ( 3691):       ANDROID_LOOP    : false
I/FFMPEG  ( 3691):     Side data:
I/FFMPEG  ( 3691):       replaygain: track gain - 0.000000, track peak - unknown, album gain - 0.000000, album peak - unknown, 
D/FFmpegExtractor( 3691): FFmpegExtrator, url: android-source:0xb1f75c40, format_name: ogg, format_long_name: Ogg
I/FFmpegExtractor( 3691): adjust mime(application/ogg -> audio/vorbis)
D/FFmpegExtractor( 3691): suppoted codec(vorbis) by official Stagefright
D/FFmpegExtractor( 3691): ffmpeg detected media content as 'audio/vorbis' with confidence 0.08
D/WVMDrmPlugIn( 3690): WVMDrmPlugin::onInitialize : 5165
D/WVMDrmPlugIn( 3690): WVMDrmPlugin::onSetOnInfoListener : add 5165
D/WVMDrmPlugIn( 3690): WVMDrmPlugin::onTerminate : 5165
I/FFmpegExtractor( 3691): android-source:0xb1f75d80
I/FFMPEG  ( 3691): Input #0, ogg, from 'android-source:0xb1f75d80':
I/FFMPEG  ( 3691):   Duration: 00:00:01.92, start: 0.000000, bitrate: 68 kb/s
I/FFMPEG  ( 3691):     Stream #0:0: Audio: vorbis, 44100 Hz, mono, fltp, 80 kb/s
I/FFMPEG  ( 3691):     Metadata:
I/FFMPEG  ( 3691):       ARTIST          : Dr. MAD
I/FFMPEG  ( 3691):       TITLE           : Voila
D/FFmpegExtractor( 3691): FFmpegExtrator, url: android-source:0xb1f75d80, format_name: ogg, format_long_name: Ogg
I/FFmpegExtractor( 3691): adjust mime(application/ogg -> audio/vorbis)
D/FFmpegExtractor( 3691): suppoted codec(vorbis) by official Stagefright
D/FFmpegExtractor( 3691): ffmpeg detected media content as 'audio/vorbis' with confidence 0.08
D/WVMDrmPlugIn( 3690): WVMDrmPlugin::onInitialize : 6537
D/WVMDrmPlugIn( 3690): WVMDrmPlugin::onSetOnInfoListener : add 6537
D/WVMDrmPlugIn( 3690): WVMDrmPlugin::onTerminate : 6537
I/FFmpegExtractor( 3691): android-source:0xb1f75e20
I/FFMPEG  ( 3691): Input #0, ogg, from 'android-source:0xb1f75e20':
I/FFMPEG  ( 3691):   Duration: 00:00:02.00, start: 0.000000, bitrate: 111 kb/s
I/FFMPEG  ( 3691):     Stream #0:0: Audio: vorbis, 44100 Hz, stereo, fltp, 112 kb/s
I/FFMPEG  ( 3691):     Metadata:
I/FFMPEG  ( 3691):       ANDROID_LOOP    : false
I/FFMPEG  ( 3691):       TITLE           : Xenon
D/FFmpegExtractor( 3691): FFmpegExtrator, url: android-source:0xb1f75e20, format_name: ogg, format_long_name: Ogg
I/FFmpegExtractor( 3691): adjust mime(application/ogg -> audio/vorbis)
D/FFmpegExtractor( 3691): suppoted codec(vorbis) by official Stagefright
D/FFmpegExtractor( 3691): ffmpeg detected media content as 'audio/vorbis' with confidence 0.08
D/WVMDrmPlugIn( 3690): WVMDrmPlugin::onInitialize : 4481
D/WVMDrmPlugIn( 3690): WVMDrmPlugin::onSetOnInfoListener : add 4481
D/WVMDrmPlugIn( 3690): WVMDrmPlugin::onTerminate : 4481
I/FFmpegExtractor( 3691): android-source:0xb1f581f0
I/FFMPEG  ( 3691): Input #0, ogg, from 'android-source:0xb1f581f0':
I/FFMPEG  ( 3691):   Duration: 00:00:01.20, start: 0.000000, bitrate: 84 kb/s
I/FFMPEG  ( 3691):     Stream #0:0: Audio: vorbis, 44100 Hz, stereo, fltp, 112 kb/s
D/FFmpegExtractor( 3691): FFmpegExtrator, url: android-source:0xb1f581f0, format_name: ogg, format_long_name: Ogg
I/FFmpegExtractor( 3691): adjust mime(application/ogg -> audio/vorbis)
D/FFmpegExtractor( 3691): suppoted codec(vorbis) by official Stagefright
D/FFmpegExtractor( 3691): ffmpeg detected media content as 'audio/vorbis' with confidence 0.08
D/WVMDrmPlugIn( 3690): WVMDrmPlugin::onInitialize : 7230
D/WVMDrmPlugIn( 3690): WVMDrmPlugin::onSetOnInfoListener : add 7230
D/WVMDrmPlugIn( 3690): WVMDrmPlugin::onTerminate : 7230
I/FFmpegExtractor( 3691): android-source:0xb1f75fb0
I/FFMPEG  ( 3691): Input #0, ogg, from 'android-source:0xb1f75fb0':
I/FFMPEG  ( 3691):   Duration: 00:00:01.87, start: 0.000000, bitrate: 69 kb/s
I/FFMPEG  ( 3691):     Stream #0:0: Audio: vorbis, 48000 Hz, mono, fltp, 70 kb/s
I/FFMPEG  ( 3691):     Metadata:
I/FFMPEG  ( 3691):       TITLE           : Moonbeam
D/FFmpegExtractor( 3691): FFmpegExtrator, url: android-source:0xb1f75fb0, format_name: ogg, format_long_name: Ogg
I/FFmpegExtractor( 3691): adjust mime(application/ogg -> audio/vorbis)
D/FFmpegExtractor( 3691): suppoted codec(vorbis) by official Stagefright
D/FFmpegExtractor( 3691): ffmpeg detected media content as 'audio/vorbis' with confidence 0.08
D/WVMDrmPlugIn( 3690): WVMDrmPlugin::onInitialize : 6126
D/WVMDrmPlugIn( 3690): WVMDrmPlugin::onSetOnInfoListener : add 6126
D/WVMDrmPlugIn( 3690): WVMDrmPlugin::onTerminate : 6126
I/FFmpegExtractor( 3691): android-source:0xb1f58560
I/FFMPEG  ( 3691): Input #0, ogg, from 'android-source:0xb1f58560':
I/FFMPEG  ( 3691):   Duration: 00:00:01.73, start: 0.000000, bitrate: 78 kb/s
I/FFMPEG  ( 3691):     Stream #0:0: Audio: vorbis, 48000 Hz, mono, fltp, 70 kb/s
I/FFMPEG  ( 3691):     Metadata:
I/FFMPEG  ( 3691):       TITLE           : Pixie Dust
D/FFmpegExtractor( 3691): FFmpegExtrator, url: android-source:0xb1f58560, format_name: ogg, format_long_name: Ogg
I/FFmpegExtractor( 3691): adjust mime(application/ogg -> audio/vorbis)
D/FFmpegExtractor( 3691): suppoted codec(vorbis) by official Stagefright
D/FFmpegExtractor( 3691): ffmpeg detected media content as 'audio/vorbis' with confidence 0.08
D/WVMDrmPlugIn( 3690): WVMDrmPlugin::onInitialize : 4796
D/WVMDrmPlugIn( 3690): WVMDrmPlugin::onSetOnInfoListener : add 4796
D/WVMDrmPlugIn( 3690): WVMDrmPlugin::onTerminate : 4796
I/FFmpegExtractor( 3691): android-source:0xb1f58650
I/FFMPEG  ( 3691): Input #0, ogg, from 'android-source:0xb1f58650':
I/FFMPEG  ( 3691):   Duration: 00:00:02.00, start: 0.000000, bitrate: 75 kb/s
I/FFMPEG  ( 3691):     Stream #0:0: Audio: vorbis, 48000 Hz, mono, fltp, 70 kb/s
I/FFMPEG  ( 3691):     Metadata:
I/FFMPEG  ( 3691):       TITLE           : Pizzicato
D/FFmpegExtractor( 3691): FFmpegExtrator, url: android-source:0xb1f58650, format_name: ogg, format_long_name: Ogg
I/FFmpegExtractor( 3691): adjust mime(application/ogg -> audio/vorbis)
D/FFmpegExtractor( 3691): suppoted codec(vorbis) by official Stagefright
D/FFmpegExtractor( 3691): ffmpeg detected media content as 'audio/vorbis' with confidence 0.08
D/WVMDrmPlugIn( 3690): WVMDrmPlugin::onInitialize : 6676
D/WVMDrmPlugIn( 3690): WVMDrmPlugin::onSetOnInfoListener : add 6676
D/WVMDrmPlugIn( 3690): WVMDrmPlugin::onTerminate : 6676
I/FFmpegExtractor( 3691): android-source:0xb1f75d80
I/FFMPEG  ( 3691): Input #0, ogg, from 'android-source:0xb1f75d80':
I/FFMPEG  ( 3691):   Duration: 00:00:03.28, start: 0.000000, bitrate: 67 kb/s
I/FFMPEG  ( 3691):     Stream #0:0: Audio: vorbis, 44100 Hz, mono, fltp, 80 kb/s
I/FFMPEG  ( 3691):     Metadata:
I/FFMPEG  ( 3691):       ANDROID_LOOP    : false
I/FFMPEG  ( 3691):       track           : 3dB101b2
I/FFMPEG  ( 3691):       TITLE           : Regulus
I/FFMPEG  ( 3691):       ARTIST          : pdx
D/FFmpegExtractor( 3691): FFmpegExtrator, url: android-source:0xb1f75d80, format_name: ogg, format_long_name: Ogg
I/FFmpegExtractor( 3691): adjust mime(application/ogg -> audio/vorbis)
D/FFmpegExtractor( 3691): suppoted codec(vorbis) by official Stagefright
D/FFmpegExtractor( 3691): ffmpeg detected media content as 'audio/vorbis' with confidence 0.08
D/WVMDrmPlugIn( 3690): WVMDrmPlugin::onInitialize : 5268
D/WVMDrmPlugIn( 3690): WVMDrmPlugin::onSetOnInfoListener : add 5268
D/WVMDrmPlugIn( 3690): WVMDrmPlugin::onTerminate : 5268
I/FFmpegExtractor( 3691): android-source:0xb1f75c40
I/FFMPEG  ( 3691): Input #0, ogg, from 'android-source:0xb1f75c40':
I/FFMPEG  ( 3691):   Duration: 00:00:04.30, start: 0.000000, bitrate: 49 kb/s
I/FFMPEG  ( 3691):     Stream #0:0: Audio: vorbis, 44100 Hz, mono, fltp, 80 kb/s
I/FFMPEG  ( 3691):     Metadata:
I/FFMPEG  ( 3691):       ANDROID_LOOP    : false
I/FFMPEG  ( 3691):       track           : 2d317b
I/FFMPEG  ( 3691):       TITLE           : Sirius
I/FFMPEG  ( 3691):       ARTIST          : pdx
D/FFmpegExtractor( 3691): FFmpegExtrator, url: android-source:0xb1f75c40, format_name: ogg, format_long_name: Ogg
I/FFmpegExtractor( 3691): adjust mime(application/ogg -> audio/vorbis)
D/FFmpegExtractor( 3691): suppoted codec(vorbis) by official Stagefright
D/FFmpegExtractor( 3691): ffmpeg detected media content as 'audio/vorbis' with confidence 0.08
D/WVMDrmPlugIn( 3690): WVMDrmPlugin::onInitialize : 7508
D/WVMDrmPlugIn( 3690): WVMDrmPlugin::onSetOnInfoListener : add 7508
D/WVMDrmPlugIn( 3690): WVMDrmPlugin::onTerminate : 7508
I/FFmpegExtractor( 3691): android-source:0xb1f759c0
I/FFMPEG  ( 3691): Input #0, ogg, from 'android-source:0xb1f759c0':
I/FFMPEG  ( 3691):   Duration: 00:00:00.79, start: 0.000000, bitrate: 105 kb/s
I/FFMPEG  ( 3691):     Stream #0:0: Audio: vorbis, 48000 Hz, mono, fltp, 70 kb/s
I/FFMPEG  ( 3691):     Metadata:
I/FFMPEG  ( 3691):       TITLE           : Tweeters
D/FFmpegExtractor( 3691): FFmpegExtrator, url: android-source:0xb1f759c0, format_name: ogg, format_long_name: Ogg
I/FFmpegExtractor( 3691): adjust mime(application/ogg -> audio/vorbis)
D/FFmpegExtractor( 3691): suppoted codec(vorbis) by official Stagefright
D/FFmpegExtractor( 3691): ffmpeg detected media content as 'audio/vorbis' with confidence 0.08
D/WVMDrmPlugIn( 3690): WVMDrmPlugin::onInitialize : 6659
D/WVMDrmPlugIn( 3690): WVMDrmPlugin::onSetOnInfoListener : add 6659
D/WVMDrmPlugIn( 3690): WVMDrmPlugin::onTerminate : 6659
I/FFmpegExtractor( 3691): android-source:0xb1f75a10
I/FFMPEG  ( 3691): Input #0, ogg, from 'android-source:0xb1f75a10':
I/FFMPEG  ( 3691):   Duration: 00:00:03.00, start: 0.000000, bitrate: 66 kb/s
I/FFMPEG  ( 3691):     Stream #0:0: Audio: vorbis, 44100 Hz, mono, fltp, 80 kb/s
I/FFMPEG  ( 3691):     Metadata:
I/FFMPEG  ( 3691):       ANDROID_LOOP    : true
I/FFMPEG  ( 3691):       TITLE           : Andromeda
D/FFmpegExtractor( 3691): FFmpegExtrator, url: android-source:0xb1f75a10, format_name: ogg, format_long_name: Ogg
I/FFmpegExtractor( 3691): adjust mime(application/ogg -> audio/vorbis)
D/FFmpegExtractor( 3691): suppoted codec(vorbis) by official Stagefright
D/FFmpegExtractor( 3691): ffmpeg detected media content as 'audio/vorbis' with confidence 0.08
E/WhisperPush( 5830): GcmRecurringRegistration
E/WhisperPush( 5830): java.io.IOException: SERVICE_NOT_AVAILABLE
E/WhisperPush( 5830): 	at com.google.android.gms.gcm.GoogleCloudMessaging.register(Unknown Source)
E/WhisperPush( 5830): 	at org.whispersystems.whisperpush.gcm.GcmHelper.getRegistrationId(GcmHelper.java:65)
E/WhisperPush( 5830): 	at org.whispersystems.whisperpush.WhisperPush$1.doInBackground(WhisperPush.java:52)
E/WhisperPush( 5830): 	at org.whispersystems.whisperpush.WhisperPush$1.doInBackground(WhisperPush.java:48)
E/WhisperPush( 5830): 	at android.os.AsyncTask$2.call(AsyncTask.java:288)
E/WhisperPush( 5830): 	at java.util.concurrent.FutureTask.run(FutureTask.java:237)
E/WhisperPush( 5830): 	at android.os.AsyncTask$SerialExecutor$1.run(AsyncTask.java:231)
E/WhisperPush( 5830): 	at java.util.concurrent.ThreadPoolExecutor.runWorker(ThreadPoolExecutor.java:1112)
E/WhisperPush( 5830): 	at java.util.concurrent.ThreadPoolExecutor$Worker.run(ThreadPoolExecutor.java:587)
E/WhisperPush( 5830): 	at java.lang.Thread.run(Thread.java:818)
D/WVMDrmPlugIn( 3690): WVMDrmPlugin::onInitialize : 6177
D/WVMDrmPlugIn( 3690): WVMDrmPlugin::onSetOnInfoListener : add 6177
D/WVMDrmPlugIn( 3690): WVMDrmPlugin::onTerminate : 6177
I/FFmpegExtractor( 3691): android-source:0xb1f75970
I/FFMPEG  ( 3691): Input #0, ogg, from 'android-source:0xb1f75970':
I/FFMPEG  ( 3691):   Duration: 00:00:03.00, start: 0.000000, bitrate: 57 kb/s
I/FFMPEG  ( 3691):     Stream #0:0: Audio: vorbis, 44100 Hz, mono, fltp, 80 kb/s
I/FFMPEG  ( 3691):     Metadata:
I/FFMPEG  ( 3691):       ANDROID_LOOP    : true
I/FFMPEG  ( 3691):       TITLE           : Aquila
D/FFmpegExtractor( 3691): FFmpegExtrator, url: android-source:0xb1f75970, format_name: ogg, format_long_name: Ogg
I/FFmpegExtractor( 3691): adjust mime(application/ogg -> audio/vorbis)
D/FFmpegExtractor( 3691): suppoted codec(vorbis) by official Stagefright
D/FFmpegExtractor( 3691): ffmpeg detected media content as 'audio/vorbis' with confidence 0.08
D/WVMDrmPlugIn( 3690): WVMDrmPlugin::onInitialize : 4565
D/WVMDrmPlugIn( 3690): WVMDrmPlugin::onSetOnInfoListener : add 4565
D/WVMDrmPlugIn( 3690): WVMDrmPlugin::onTerminate : 4565
I/FFmpegExtractor( 3691): android-source:0xb1f75ba0
I/FFMPEG  ( 3691): [ogg @ 0xb42ada00] 2048 bytes of comment header remain
I/FFMPEG  ( 3691): Input #0, ogg, from 'android-source:0xb1f75ba0':
I/FFMPEG  ( 3691):   Duration: 00:00:13.33, start: 0.000000, bitrate: 135 kb/s
I/FFMPEG  ( 3691):     Stream #0:0: Audio: vorbis, 44100 Hz, stereo, fltp, 192 kb/s
I/FFMPEG  ( 3691):     Metadata:
I/FFMPEG  ( 3691):       TITLE           : Argo Navis
D/FFmpegExtractor( 3691): FFmpegExtrator, url: android-source:0xb1f75ba0, format_name: ogg, format_long_name: Ogg
I/FFmpegExtractor( 3691): adjust mime(application/ogg -> audio/vorbis)
D/FFmpegExtractor( 3691): suppoted codec(vorbis) by official Stagefright
D/FFmpegExtractor( 3691): ffmpeg detected media content as 'audio/vorbis' with confidence 0.08
D/WVMDrmPlugIn( 3690): WVMDrmPlugin::onInitialize : 6908
D/WVMDrmPlugIn( 3690): WVMDrmPlugin::onSetOnInfoListener : add 6908
D/WVMDrmPlugIn( 3690): WVMDrmPlugin::onTerminate : 6908
I/FFmpegExtractor( 3691): android-source:0xb1f75b50
I/FFMPEG  ( 3691): Input #0, ogg, from 'android-source:0xb1f75b50':
I/FFMPEG  ( 3691):   Duration: 00:00:07.29, start: 0.000000, bitrate: 252 kb/s
I/FFMPEG  ( 3691):     Stream #0:0: Audio: vorbis, 44100 Hz, stereo, fltp, 224 kb/s
I/FFMPEG  ( 3691):     Metadata:
I/FFMPEG  ( 3691):       ANDROID_LOOP    : true
I/FFMPEG  ( 3691):       TITLE           : Atria
D/FFmpegExtractor( 3691): FFmpegExtrator, url: android-source:0xb1f75b50, format_name: ogg, format_long_name: Ogg
I/FFmpegExtractor( 3691): adjust mime(application/ogg -> audio/vorbis)
D/FFmpegExtractor( 3691): suppoted codec(vorbis) by official Stagefright
D/FFmpegExtractor( 3691): ffmpeg detected media content as 'audio/vorbis' with confidence 0.08
D/WVMDrmPlugIn( 3690): WVMDrmPlugin::onInitialize : 6103
D/WVMDrmPlugIn( 3690): WVMDrmPlugin::onSetOnInfoListener : add 6103
D/WVMDrmPlugIn( 3690): WVMDrmPlugin::onTerminate : 6103
I/FFmpegExtractor( 3691): android-source:0xb1f58920
I/FFMPEG  ( 3691): Input #0, ogg, from 'android-source:0xb1f58920':
I/FFMPEG  ( 3691):   Duration: 00:00:03.00, start: 0.000000, bitrate: 70 kb/s
I/FFMPEG  ( 3691):     Stream #0:0: Audio: vorbis, 44100 Hz, mono, fltp, 80 kb/s
I/FFMPEG  ( 3691):     Metadata:
I/FFMPEG  ( 3691):       ANDROID_LOOP    : true
I/FFMPEG  ( 3691):       track           : 2d302cR
I/FFMPEG  ( 3691):       TITLE           : Bootes
I/FFMPEG  ( 3691):       ARTIST          : pdx
D/FFmpegExtractor( 3691): FFmpegExtrator, url: android-source:0xb1f58920, format_name: ogg, format_long_name: Ogg
I/FF