I/SurfaceFlinger( 5210): version   : 1.4 Android META-EGL
I/SurfaceFlinger( 5210): extensions: EGL_KHR_get_all_proc_addresses EGL_ANDROID_presentation_time EGL_KHR_image EGL_KHR_image_base EGL_KHR_gl_texture_2D_image EGL_KHR_gl_texture_cubemap_image EGL_KHR_gl_renderbuffer_image EGL_KHR_fence_sync EGL_KHR_create_context EGL_ANDROID_image_native_buffer EGL_KHR_wait_sync EGL_ANDROID_recordable 
I/SurfaceFlinger( 5210): Client API: OpenGL_ES
I/SurfaceFlinger( 5210): EGLSurface: 8-8-8-8, config=0xb6acf2ac
I/SurfaceFlinger( 5210): OpenGL ES informations:
I/SurfaceFlinger( 5210): vendor    : ARM
I/SurfaceFlinger( 5210): renderer  : Mali-T628
I/SurfaceFlinger( 5210): version   : OpenGL ES 3.0
I/SurfaceFlinger( 5210): extensions: GL_EXT_debug_marker GL_ARM_rgba8 GL_ARM_mali_shader_binary GL_OES_depth24 GL_OES_depth_texture GL_OES_depth_texture_cube_map GL_OES_packed_depth_stencil GL_OES_rgb8_rgba8 GL_EXT_read_format_bgra GL_OES_compressed_paletted_texture GL_OES_compressed_ETC1_RGB8_texture GL_OES_standard_derivatives GL_OES_EGL_image GL_OES_EGL_image_external GL_OES_EGL_sync GL_OES_texture_npot GL_OES_vertex_half_float GL_OES_required_internalformat GL_OES_vertex_array_object GL_OES_mapbuffer GL_EXT_texture_format_BGRA8888 GL_EXT_texture_rg GL_EXT_texture_type_2_10_10_10_REV GL_OES_fbo_render_mipmap GL_OES_element_index_uint GL_EXT_shadow_samplers GL_OES_texture_compression_astc GL_KHR_texture_compression_astc_ldr GL_KHR_texture_compression_astc_hdr GL_KHR_debug GL_EXT_occlusion_query_boolean GL_EXT_blend_minmax GL_EXT_discard_framebuffer GL_OES_get_program_binary GL_OES_texture_3D GL_EXT_texture_storage GL_EXT_multisampled_render_to_texture GL_OES_surfaceless_context GL_ARM_mali_program_binary 
I/SurfaceFlinger( 5210): GL_MAX_TEXTURE_SIZE = 8192
I/SurfaceFlinger( 5210): GL_MAX_VIEWPORT_DIMS = 8192
E/libEGL  ( 5210): eglQuerySurface:607 error 300d (EGL_BAD_SURFACE)
E/libEGL  ( 5210): eglQuerySurface:607 error 300d (EGL_BAD_SURFACE)
E/libEGL  ( 5210): call to OpenGL ES API with no current context (logged once per thread)
D/SurfaceFlinger( 5210): Set power mode=2, type=0 flinger=0xb6a62000
I/hwcomposer( 5210): int exynos5_blank(hwc_composer_device_1*, int, int):: disp(0), blank(0)
I/hwcomposer( 5210): unblank ioctl failed (display already unblanked)
E/libEGL  ( 5210): eglSwapBuffers:1071 error 300d (EGL_BAD_SURFACE)
F/SurfaceFlinger( 5210): eglSwapBuffers(0x1, 0x0) failed with 0x0000300d
F/libc    ( 5210): Fatal signal 6 (SIGABRT), code -6 in tid 5210 (surfaceflinger)
I/DEBUG   ( 3582): property debug.db.uid not set; NOT waiting for gdb.
I/DEBUG   ( 3582): HINT: adb shell setprop debug.db.uid 100000
I/DEBUG   ( 3582): HINT: adb forward tcp:5039 tcp:5039
I/DEBUG   ( 3582): *** *** *** *** *** *** *** *** *** *** *** *** *** *** *** ***
I/DEBUG   ( 3582): Build fingerprint: 'samsung/cm_k3gxx/k3gxx:5.0.2/LRX22G/88e55c58ed:userdebug/test-keys'
I/DEBUG   ( 3582): Revision: '10'
I/DEBUG   ( 3582): ABI: 'arm'
I/DEBUG   ( 3582): pid: 5210, tid: 5210, name: surfaceflinger  >>> /system/bin/surfaceflinger <<<
I/DEBUG   ( 3582): signal 6 (SIGABRT), code -6 (SI_TKILL), fault addr --------
I/DEBUG   ( 3582): Abort message: 'eglSwapBuffers(0x1, 0x0) failed with 0x0000300d'
I/DEBUG   ( 3582):     r0 00000000  r1 0000145a  r2 00000006  r3 00000000
I/DEBUG   ( 3582):     r4 b6f8e114  r5 00000006  r6 0000000b  r7 0000010c
I/DEBUG   ( 3582):     r8 00000000  r9 be982bd0  sl b6a54210  fp be982bd0
I/DEBUG   ( 3582):     ip 0000145a  sp be982650  lr b6f187b9  pc b6f3c4e4  cpsr 600f0010
I/DEBUG   ( 3582): 
I/DEBUG   ( 3582): backtrace:
I/DEBUG   ( 3582):     #00 pc 000384e4  /system/lib/libc.so (tgkill+12)
I/DEBUG   ( 3582):     #01 pc 000147b5  /system/lib/libc.so (pthread_kill+52)
I/DEBUG   ( 3582):     #02 pc 0001550b  /system/lib/libc.so (raise+10)
I/DEBUG   ( 3582):     #03 pc 00011c35  /system/lib/libc.so (__libc_android_abort+36)
I/DEBUG   ( 3582):     #04 pc 0000fcb8  /system/lib/libc.so (abort+4)
I/DEBUG   ( 3582):     #05 pc 00007739  /system/lib/libcutils.so (__android_log_assert+88)
I/DEBUG   ( 3582):     #06 pc 0000f4df  /system/lib/libsurfaceflinger.so
I/DEBUG   ( 3582):     #07 pc 0001b9fd  /system/lib/libsurfaceflinger.so
I/DEBUG   ( 3582):     #08 pc 0001abe7  /system/lib/libsurfaceflinger.so
I/DEBUG   ( 3582):     #09 pc 00019fc3  /system/lib/libsurfaceflinger.so
I/DEBUG   ( 3582):     #10 pc 00019d49  /system/lib/libsurfaceflinger.so
I/DEBUG   ( 3582):     #11 pc 00010ed3  /system/lib/libutils.so (android::Looper::pollInner(int)+410)
I/DEBUG   ( 3582):     #12 pc 00010fc5  /system/lib/libutils.so (android::Looper::pollOnce(int, int*, int*, void**)+92)
I/DEBUG   ( 3582):     #13 pc 000174c5  /system/lib/libsurfaceflinger.so
I/DEBUG   ( 3582):     #14 pc 0001993d  /system/lib/libsurfaceflinger.so (android::SurfaceFlinger::run()+8)
I/DEBUG   ( 3582):     #15 pc 0000083d  /system/bin/surfaceflinger
I/DEBUG   ( 3582):     #16 pc 0000fb75  /system/lib/libc.so (__libc_init+44)
I/DEBUG   ( 3582):     #17 pc 000008d8  /system/bin/surfaceflinger
W/auditd  ( 3593): type=1325 audit(0.0:1427): table=raw family=10 entries=8
W/ip6tables( 5347): type=1300 audit(0.0:1427): arch=40000028 syscall=294 per=800000 success=yes exit=0 a0=4 a1=29 a2=40 a3=b6c32400 items=0 ppid=5208 auid=4294967295 uid=0 gid=0 euid=0 suid=0 fsuid=0 egid=0 sgid=0 fsgid=0 ses=4294967295 tty=(none) exe="/system/bin/ip6tables" subj=u:r:netd:s0 key=(null)
W/auditd  ( 3593): type=1320 audit(0.0:1427): 
W/auditd  ( 3593): type=1325 audit(0.0:1428): table=raw family=2 entries=6
W/iptables( 5348): type=1300 audit(0.0:1428): arch=40000028 syscall=294 per=800000 success=yes exit=0 a0=4 a1=0 a2=40 a3=b6c20400 items=0 ppid=5208 auid=4294967295 uid=0 gid=0 euid=0 suid=0 fsuid=0 egid=0 sgid=0 fsgid=0 ses=4294967295 tty=(none) exe="/system/bin/iptables" subj=u:r:netd:s0 key=(null)
W/auditd  ( 3593): type=1320 audit(0.0:1428): 
W/auditd  ( 3593): type=1325 audit(0.0:1429): table=raw family=10 entries=6
W/ip6tables( 5349): type=1300 audit(0.0:1429): arch=40000028 syscall=294 per=800000 success=yes exit=0 a0=4 a1=29 a2=40 a3=b6c31800 items=0 ppid=5208 auid=4294967295 uid=0 gid=0 euid=0 suid=0 fsuid=0 egid=0 sgid=0 fsgid=0 ses=4294967295 tty=(none) exe="/system/bin/ip6tables" subj=u:r:netd:s0 key=(null)
W/auditd  ( 3593): type=1320 audit(0.0:1429): 
W/auditd  ( 3593): type=1325 audit(0.0:1430): table=raw family=2 entries=8
W/iptables( 5350): type=1300 audit(0.0:1430): arch=40000028 syscall=294 per=800000 success=yes exit=0 a0=4 a1=0 a2=40 a3=b6c1ba00 items=0 ppid=5208 auid=4294967295 uid=0 gid=0 euid=0 suid=0 fsuid=0 egid=0 sgid=0 fsgid=0 ses=4294967295 tty=(none) exe="/system/bin/iptables" subj=u:r:netd:s0 key=(null)
W/auditd  ( 3593): type=1320 audit(0.0:1430): 
W/auditd  ( 3593): type=1325 audit(0.0:1431): table=raw family=10 entries=8
W/ip6tables( 5351): type=1300 audit(0.0:1431): arch=40000028 syscall=294 per=800000 success=yes exit=0 a0=4 a1=29 a2=40 a3=b6c37800 items=0 ppid=5208 auid=4294967295 uid=0 gid=0 euid=0 suid=0 fsuid=0 egid=0 sgid=0 fsgid=0 ses=4294967295 tty=(none) exe="/system/bin/ip6tables" subj=u:r:netd:s0 key=(null)
W/auditd  ( 3593): type=1320 audit(0.0:1431): 
W/auditd  ( 3593): type=1325 audit(0.0:1432): table=raw family=2 entries=9
W/iptables( 5352): type=1300 audit(0.0:1432): arch=40000028 syscall=294 per=800000 success=yes exit=0 a0=4 a1=0 a2=40 a3=b6c1ba00 items=0 ppid=5208 auid=4294967295 uid=0 gid=0 euid=0 suid=0 fsuid=0 egid=0 sgid=0 fsgid=0 ses=4294967295 tty=(none) exe="/system/bin/iptables" subj=u:r:netd:s0 key=(null)
W/auditd  ( 3593): type=1320 audit(0.0:1432): 
W/auditd  ( 3593): type=1325 audit(0.0:1433): table=raw family=10 entries=9
W/ip6tables( 5353): type=1300 audit(0.0:1433): arch=40000028 syscall=294 per=800000 success=yes exit=0 a0=4 a1=29 a2=40 a3=b6c1d000 items=0 ppid=5208 auid=4294967295 uid=0 gid=0 euid=0 suid=0 fsuid=0 egid=0 sgid=0 fsgid=0 ses=4294967295 tty=(none) exe="/system/bin/ip6tables" subj=u:r:netd:s0 key=(null)
I/ServiceManager( 5211): Waiting for service batterystats...
I/DEBUG   ( 3582): 
I/DEBUG   ( 3582): Tombstone written to: /data/tombstones/tombstone_09
V/NatController( 5208): runCmd(/system/bin/iptables -F natctrl_FORWARD) res=0
V/NatController( 5208): runCmd(/system/bin/iptables -A natctrl_FORWARD -j DROP) res=0
I/ServiceManager( 3569): service 'SurfaceFlinger' died
I/ServiceManager( 3569): service 'Exynos.HWCService' died
I/ServiceManager( 3569): service 'media.wifi_display' died
V/NatController( 5208): runCmd(/system/bin/iptables -t nat -F natctrl_nat_POSTROUTING) res=0
V/NatController( 5208): runCmd(/system/bin/iptables -F natctrl_tether_counters) res=0
V/NatController( 5208): runCmd(/system/bin/iptables -X natctrl_tether_counters) res=0
V/NatController( 5208): runCmd(/system/bin/iptables -N natctrl_tether_counters) res=0
V/NatController( 5208): runCmd(/system/bin/iptables -t mangle -A natctrl_mangle_FORWARD -p tcp --tcp-flags SYN SYN -j TCPMSS --clamp-mss-to-pmtu) res=0
I/ServiceManager( 3569): service 'media.audio_flinger' died
W/init    ( 5411): type=1400 audit(0.0:1485): avc: denied { entrypoint } for path="/system/bin/auditd" dev="mmcblk0p18" ino=173 scontext=u:r:logd:s0 tcontext=u:object_r:system_file:s0 tclass=file
W/init    ( 5411): type=1300 audit(0.0:1485): arch=40000028 syscall=11 per=800000 success=no exit=-13 a0=b6d80954 a1=b6d69530 a2=57e64 a3=ff0000 items=1 ppid=1 auid=4294967295 uid=0 gid=0 euid=0 suid=0 fsuid=0 egid=0 sgid=0 fsgid=0 ses=4294967295 tty=(none) exe="/init" subj=u:r:init:s0 key=(null)
W/auditd  ( 3593): type=1307 audit(0.0:1485): cwd="/"
W/auditd  ( 3593): type=1302 audit(0.0:1485): item=0 name="/system/bin/auditd" inode=173 dev=103:0a mode=0100755 ouid=0 ogid=2000 rdev=00:00 obj=u:object_r:system_file:s0
W/auditd  ( 3593): type=1320 audit(0.0:1485): 
I/Netd    ( 5412): Netd 1.0 starting
E/Netd    ( 5412): Failed to open /proc/sys/net/ipv6/conf/default/accept_ra_rt_table: No such file or directory
E/Netd    ( 5412): Failed to open /proc/sys/net/ipv6/conf/ip6tnl0/accept_ra_rt_table: No such file or directory
E/Netd    ( 5412): Failed to open /proc/sys/net/ipv6/conf/lo/accept_ra_rt_table: No such file or directory
E/Netd    ( 5412): Failed to open /proc/sys/net/ipv6/conf/rmnet0/accept_ra_rt_table: No such file or directory
E/Netd    ( 5412): Failed to open /proc/sys/net/ipv6/conf/rmnet1/accept_ra_rt_table: No such file or directory
E/Netd    ( 5412): Failed to open /proc/sys/net/ipv6/conf/rmnet2/accept_ra_rt_table: No such file or directory
E/Netd    ( 5412): Failed to open /proc/sys/net/ipv6/conf/rmnet3/accept_ra_rt_table: No such file or directory
E/Netd    ( 5412): Failed to open /proc/sys/net/ipv6/conf/sit0/accept_ra_rt_table: No such file or directory
W/auditd  ( 3593): type=1325 audit(0.0:1486): table=filter family=2 entries=38
W/iptables( 5418): type=1300 audit(0.0:1486): arch=40000028 syscall=294 per=800000 success=yes exit=0 a0=4 a1=0 a2=40 a3=b6c25000 items=0 ppid=5412 auid=4294967295 uid=0 gid=0 euid=0 suid=0 fsuid=0 egid=0 sgid=0 fsgid=0 ses=4294967295 tty=(none) exe="/system/bin/iptables" subj=u:r:netd:s0 key=(null)
W/auditd  ( 3593): type=1320 audit(0.0:1486): 
W/auditd  ( 3593): type=1325 audit(0.0:1487): table=filter family=10 entries=35
W/ip6tables( 5419): type=1300 audit(0.0:1487): arch=40000028 syscall=294 per=800000 success=yes exit=0 a0=4 a1=29 a2=40 a3=b6c28000 items=0 ppid=5412 auid=4294967295 uid=0 gid=0 euid=0 suid=0 fsuid=0 egid=0 sgid=0 fsgid=0 ses=4294967295 tty=(none) exe="/system/bin/ip6tables" subj=u:r:netd:s0 key=(null)
W/auditd  ( 3593): type=1320 audit(0.0:1487): 
I/SurfaceFlinger( 5414): SurfaceFlinger is starting
I/SurfaceFlinger( 5414): SurfaceFlinger's main thread ready to run. Initializing graphics H/W...
W/auditd  ( 3593): type=1325 audit(0.0:1488): table=filter family=2 entries=37
W/iptables( 5422): type=1300 audit(0.0:1488): arch=40000028 syscall=294 per=800000 success=yes exit=0 a0=4 a1=0 a2=40 a3=b6c22000 items=0 ppid=5412 auid=4294967295 uid=0 gid=0 euid=0 suid=0 fsuid=0 egid=0 sgid=0 fsgid=0 ses=4294967295 tty=(none) exe="/system/bin/iptables" subj=u:r:netd:s0 key=(null)
W/auditd  ( 3593): type=1320 audit(0.0:1488): 
W/auditd  ( 3593): type=1325 audit(0.0:1489): table=filter family=10 entries=34
W/ip6tables( 5424): type=1300 audit(0.0:1489): arch=40000028 syscall=294 per=800000 success=yes exit=0 a0=4 a1=29 a2=40 a3=b6c23000 items=0 ppid=5412 auid=4294967295 uid=0 gid=0 euid=0 suid=0 fsuid=0 egid=0 sgid=0 fsgid=0 ses=4294967295 tty=(none) exe="/system/bin/ip6tables" subj=u:r:netd:s0 key=(null)
W/auditd  ( 3593): type=1320 audit(0.0:1489): 
D/libEGL  ( 5414): loaded /vendor/lib/egl/libGLES_mali.so
W/auditd  ( 3593): type=1325 audit(0.0:1490): table=filter family=2 entries=37
W/iptables( 5426): type=1300 audit(0.0:1490): arch=40000028 syscall=294 per=800000 success=yes exit=0 a0=4 a1=0 a2=40 a3=b6c22000 items=0 ppid=5412 auid=4294967295 uid=0 gid=0 euid=0 suid=0 fsuid=0 egid=0 sgid=0 fsgid=0 ses=4294967295 tty=(none) exe="/system/bin/iptables" subj=u:r:netd:s0 key=(null)
W/auditd  ( 3593): type=1320 audit(0.0:1490): 
I/        ( 5414): PLATFORM VERSION : JB-MR-2
I/gralloc ( 5414): using (fd=12)
I/gralloc ( 5414): id           = 
I/gralloc ( 5414): xres         = 1080 px
I/gralloc ( 5414): yres         = 1920 px
I/gralloc ( 5414): xres_virtual = 1080 px
I/gralloc ( 5414): yres_virtual = 3840 px
I/gralloc ( 5414): bpp          = 32
I/gralloc ( 5414): r            = 16:8
I/gralloc ( 5414): g            =  8:8
I/gralloc ( 5414): b            =  0:8
I/gralloc ( 5414): width        = 65 mm (422.030762 dpi)
I/gralloc ( 5414): height       = 115 mm (424.069580 dpi)
I/gralloc ( 5414): refresh rate = 60.00 Hz
I/mediaserver( 5415): ServiceManager: 0xb60500c0
I/AudioFlinger( 5415): Using default 3000 mSec as standby time.
I/ServiceManager( 5415): Waiting for service batterystats...
D/AndroidRuntime( 5417): 
D/AndroidRuntime( 5417): >>>>>> AndroidRuntime START com.android.internal.os.ZygoteInit <<<<<<
D/AndroidRuntime( 5417): CheckJNI is OFF
I/art     ( 5417): option[0]=-Xzygote
I/art     ( 5417): option[1]=-Xstacktracefile:/data/anr/traces.txt
I/art     ( 5417): option[2]=exit
I/art     ( 5417): option[3]=vfprintf
I/art     ( 5417): option[4]=sensitiveThread
I/art     ( 5417): option[5]=-verbose:gc
I/art     ( 5417): option[6]=-Xms8m
I/art     ( 5417): option[7]=-Xmx512m
I/art     ( 5417): option[8]=-XX:mainThreadStackSize=24K
I/art     ( 5417): option[9]=-XX:HeapGrowthLimit=128m
I/art     ( 5417): option[10]=-XX:HeapMinFree=2m
I/art     ( 5417): option[11]=-XX:HeapMaxFree=8m
I/art     ( 5417): option[12]=-XX:HeapTargetUtilization=0.75
I/art     ( 5417): option[13]=-agentlib:jdwp=transport=dt_android_adb,suspend=n,server=y
I/art     ( 5417): option[14]=-Xlockprofthreshold:500
I/art     ( 5417): option[15]=-Ximage-compiler-option
I/art     ( 5417): option[16]=--runtime-arg
I/art     ( 5417): option[17]=-Ximage-compiler-option
I/art     ( 5417): option[18]=-Xms64m
I/art     ( 5417): option[19]=-Ximage-compiler-option
I/art     ( 5417): option[20]=--runtime-arg
I/art     ( 5417): option[21]=-Ximage-compiler-option
I/art     ( 5417): option[22]=-Xmx64m
I/art     ( 5417): option[23]=-Ximage-compiler-option
I/art     ( 5417): option[24]=--image-classes-zip=/system/framework/framework.jar
I/art     ( 5417): option[25]=-Ximage-compiler-option
I/art     ( 5417): option[26]=--image-classes=preloaded-classes
I/art     ( 5417): option[27]=-Xcompiler-option
I/art     ( 5417): option[28]=--runtime-arg
I/art     ( 5417): option[29]=-Xcompiler-option
I/art     ( 5417): option[30]=-Xms64m
I/art     ( 5417): option[31]=-Xcompiler-option
I/art     ( 5417): option[32]=--runtime-arg
I/art     ( 5417): option[33]=-Xcompiler-option
I/art     ( 5417): option[34]=-Xmx512m
I/art     ( 5417): option[35]=-Duser.language=es
I/art     ( 5417): option[36]=-Duser.region=US
I/art     ( 5417): Pruning dalvik-cache since we are generating an image and will need to recompile
W/art     ( 5417): Unexpected file type of 
W/art     ( 5417):  encountered.
I/art     ( 5417): Using an offset of 0xff1a5000 from default art base address of 0x70000000
I/art     ( 5417): GenerateImage: /system/bin/dex2oat --image=/data/dalvik-cache/arm/system@framework@boot.art --dex-file=/system/framework/core-libart.jar --dex-file=/system/framework/conscrypt.jar --dex-file=/system/framework/okhttp.jar --dex-file=/system/framework/core-junit.jar --dex-file=/system/framework/bouncycastle.jar --dex-file=/system/framework/ext.jar --dex-file=/system/framework/framework.jar --dex-file=/system/framework/telephony-common.jar --dex-file=/system/framework/voip-common.jar --dex-file=/system/framework/ims-common.jar --dex-file=/system/framework/mms-common.jar --dex-file=/system/framework/android.policy.jar --dex-file=/system/framework/apache-xml.jar --oat-file=/data/dalvik-cache/arm/system@framework@boot.oat --instruction-set=arm --instruction-set-features=div --base=0x6f1a5000 --runtime-arg -Xms64m --runtime-arg -Xmx64m --image-classes-zip=/system/framework/framework.jar --image-classes=preloaded-classes
W/art     ( 5417): Unexpected file type of 
W/art     ( 5417):  encountered.
W/art     ( 5417): Could not create image space with image file '/system/framework/boot.art'. Attempting to fall back to imageless running. Error was: Failed to generate image '/data/dalvik-cache/arm/system@framework@boot.art': Failed execv(/system/bin/dex2oat --image=/data/dalvik-cache/arm/system@framework@boot.art --dex-file=/system/framework/core-libart.jar --dex-file=/system/framework/conscrypt.jar --dex-file=/system/framework/okhttp.jar --dex-file=/system/framework/core-junit.jar --dex-file=/system/framework/bouncycastle.jar --dex-file=/system/framework/ext.jar --dex-file=/system/framework/framework.jar --dex-file=/system/framework/telephony-common.jar --dex-file=/system/framework/voip-common.jar --dex-file=/system/framework/ims-common.jar --dex-file=/system/framework/mms-common.jar --dex-file=/system/framework/android.policy.jar --dex-file=/system/framework/apache-xml.jar --oat-file=/data/dalvik-cache/arm/system@framework@boot.oat --instruction-set=arm --instruction-set-features=div --base=0x6f1a5000 --runtime-arg -Xms64
D/hwcomposer( 5414): using
D/hwcomposer( 5414): xres         = 1080 px
D/hwcomposer( 5414): yres         = 1920 px
D/hwcomposer( 5414): width        = 65 mm (422.030000 dpi)
D/hwcomposer( 5414): height       = 115 mm (424.069000 dpi)
D/hwcomposer( 5414): refresh rate = 60 Hz
E/libexynosv4l2-subdev( 5414): no subdev device found
E/hdmi    ( 5414): failed to open hdmi mixer0 subdev
E/hwcomposer( 5414): openHdmi fail
I/hwcomposer( 5414): PSR info devname = /sys/devices/14400000.fimd_fb/psr_info
I/hwcomposer( 5414): PSR mode is 2(0: video mode, 1: DP PSR mode, 2: MIPI-DSI command mode)
I/SurfaceFlinger( 5414): Using composer version 1.3
I/SurfaceFlinger( 5414): EGL information:
I/SurfaceFlinger( 5414): vendor    : Android
I/SurfaceFlinger( 5414): version   : 1.4 Android META-EGL
I/SurfaceFlinger( 5414): extensions: EGL_KHR_get_all_proc_addresses EGL_ANDROID_presentation_time EGL_KHR_image EGL_KHR_image_base EGL_KHR_gl_texture_2D_image EGL_KHR_gl_texture_cubemap_image EGL_KHR_gl_renderbuffer_image EGL_KHR_fence_sync EGL_KHR_create_context EGL_ANDROID_image_native_buffer EGL_KHR_wait_sync EGL_ANDROID_recordable 
I/SurfaceFlinger( 5414): Client API: OpenGL_ES
I/SurfaceFlinger( 5414): EGLSurface: 8-8-8-8, config=0xb6acf2ac
I/SurfaceFlinger( 5414): OpenGL ES informations:
I/SurfaceFlinger( 5414): vendor    : ARM
I/SurfaceFlinger( 5414): renderer  : Mali-T628
I/SurfaceFlinger( 5414): version   : OpenGL ES 3.0
I/SurfaceFlinger( 5414): extensions: GL_EXT_debug_marker GL_ARM_rgba8 GL_ARM_mali_shader_binary GL_OES_depth24 GL_OES_depth_texture GL_OES_depth_texture_cube_map GL_OES_packed_depth_stencil GL_OES_rgb8_rgba8 GL_EXT_read_format_bgra GL_OES_compressed_paletted_texture GL_OES_compressed_ETC1_RGB8_texture GL_OES_standard_derivatives GL_OES_EGL_image GL_OES_EGL_image_external GL_OES_EGL_sync GL_OES_texture_npot GL_OES_vertex_half_float GL_OES_required_internalformat GL_OES_vertex_array_object GL_OES_mapbuffer GL_EXT_texture_format_BGRA8888 GL_EXT_texture_rg GL_EXT_texture_type_2_10_10_10_REV GL_OES_fbo_render_mipmap GL_OES_element_index_uint GL_EXT_shadow_samplers GL_OES_texture_compression_astc GL_KHR_texture_compression_astc_ldr GL_KHR_texture_compression_astc_hdr GL_KHR_debug GL_EXT_occlusion_query_boolean GL_EXT_blend_minmax GL_EXT_discard_framebuffer GL_OES_get_program_binary GL_OES_texture_3D GL_EXT_texture_storage GL_EXT_multisampled_render_to_texture GL_OES_surfaceless_context GL_ARM_mali_program_binary 
I/SurfaceFlinger( 5414): GL_MAX_TEXTURE_SIZE = 8192
I/SurfaceFlinger( 5414): GL_MAX_VIEWPORT_DIMS = 8192
E/libEGL  ( 5414): eglQuerySurface:607 error 300d (EGL_BAD_SURFACE)
E/libEGL  ( 5414): eglQuerySurface:607 error 300d (EGL_BAD_SURFACE)
E/libEGL  ( 5414): call to OpenGL ES API with no current context (logged once per thread)
D/SurfaceFlinger( 5414): Set power mode=2, type=0 flinger=0xb6a62000
I/hwcomposer( 5414): int exynos5_blank(hwc_composer_device_1*, int, int):: disp(0), blank(0)
I/hwcomposer( 5414): unblank ioctl failed (display already unblanked)
E/libEGL  ( 5414): eglSwapBuffers:1071 error 300d (EGL_BAD_SURFACE)
F/SurfaceFlinger( 5414): eglSwapBuffers(0x1, 0x0) failed with 0x0000300d
F/libc    ( 5414): Fatal signal 6 (SIGABRT), code -6 in tid 5414 (surfaceflinger)
I/DEBUG   ( 3582): property debug.db.uid not set; NOT waiting for gdb.
I/DEBUG   ( 3582): HINT: adb shell setprop debug.db.uid 100000
I/DEBUG   ( 3582): HINT: adb forward tcp:5039 tcp:5039
I/DEBUG   ( 3582): *** *** *** *** *** *** *** *** *** *** *** *** *** *** *** ***
I/DEBUG   ( 3582): Build fingerprint: 'samsung/cm_k3gxx/k3gxx:5.0.2/LRX22G/88e55c58ed:userdebug/test-keys'
I/DEBUG   ( 3582): Revision: '10'
I/DEBUG   ( 3582): ABI: 'arm'
I/DEBUG   ( 3582): pid: 5414, tid: 5414, name: surfaceflinger  >>> /system/bin/surfaceflinger <<<
I/DEBUG   ( 3582): signal 6 (SIGABRT), code -6 (SI_TKILL), fault addr --------
I/DEBUG   ( 3582): Abort message: 'eglSwapBuffers(0x1, 0x0) failed with 0x0000300d'
I/DEBUG   ( 3582):     r0 00000000  r1 00001526  r2 00000006  r3 00000000
I/DEBUG   ( 3582):     r4 b6fd8114  r5 00000006  r6 0000000b  r7 0000010c
I/DEBUG   ( 3582):     r8 00000000  r9 beeebbd0  sl b6a54210  fp beeebbd0
I/DEBUG   ( 3582):     ip 00001526  sp beeeb650  lr b6f627b9  pc b6f864e4  cpsr 600f0010
I/DEBUG   ( 3582): 
I/DEBUG   ( 3582): backtrace:
I/DEBUG   ( 3582):     #00 pc 000384e4  /system/lib/libc.so (tgkill+12)
I/DEBUG   ( 3582):     #01 pc 000147b5  /system/lib/libc.so (pthread_kill+52)
I/DEBUG   ( 3582):     #02 pc 0001550b  /system/lib/libc.so (raise+10)
I/DEBUG   ( 3582):     #03 pc 00011c35  /system/lib/libc.so (__libc_android_abort+36)
I/DEBUG   ( 3582):     #04 pc 0000fcb8  /system/lib/libc.so (abort+4)
I/DEBUG   ( 3582):     #05 pc 00007739  /system/lib/libcutils.so (__android_log_assert+88)
I/DEBUG   ( 3582):     #06 pc 0000f4df  /system/lib/libsurfaceflinger.so
I/DEBUG   ( 3582):     #07 pc 0001b9fd  /system/lib/libsurfaceflinger.so
I/DEBUG   ( 3582):     #08 pc 0001abe7  /system/lib/libsurfaceflinger.so
I/DEBUG   ( 3582):     #09 pc 00019fc3  /system/lib/libsurfaceflinger.so
I/DEBUG   ( 3582):     #10 pc 00019d49  /system/lib/libsurfaceflinger.so
I/DEBUG   ( 3582):     #11 pc 00010ed3  /system/lib/libutils.so (android::Looper::pollInner(int)+410)
I/DEBUG   ( 3582):     #12 pc 00010fc5  /system/lib/libutils.so (android::Looper::pollOnce(int, int*, int*, void**)+92)
I/DEBUG   ( 3582):     #13 pc 000174c5  /system/lib/libsurfaceflinger.so
I/DEBUG   ( 3582):     #14 pc 0001993d  /system/lib/libsurfaceflinger.so (android::SurfaceFlinger::run()+8)
I/DEBUG   ( 3582):     #15 pc 0000083d  /system/bin/surfaceflinger
I/DEBUG   ( 3582):     #16 pc 0000fb75  /system/lib/libc.so (__libc_init+44)
I/DEBUG   ( 3582):     #17 pc 000008d8  /system/bin/surfaceflinger
W/auditd  ( 3593): type=1325 audit(0.0:1615): table=raw family=10 entries=8
W/ip6tables( 5555): type=1300 audit(0.0:1615): arch=40000028 syscall=294 per=800000 success=yes exit=0 a0=4 a1=29 a2=40 a3=b6c37800 items=0 ppid=5412 auid=4294967295 uid=0 gid=0 euid=0 suid=0 fsuid=0 egid=0 sgid=0 fsgid=0 ses=4294967295 tty=(none) exe="/system/bin/ip6tables" subj=u:r:netd:s0 key=(null)
W/auditd  ( 3593): type=1320 audit(0.0:1615): 
W/auditd  ( 3593): type=1325 audit(0.0:1616): table=raw family=2 entries=9
W/iptables( 5556): type=1300 audit(0.0:1616): arch=40000028 syscall=294 per=800000 success=yes exit=0 a0=4 a1=0 a2=40 a3=b6c1ba00 items=0 ppid=5412 auid=4294967295 uid=0 gid=0 euid=0 suid=0 fsuid=0 egid=0 sgid=0 fsgid=0 ses=4294967295 tty=(none) exe="/system/bin/iptables" subj=u:r:netd:s0 key=(null)
W/auditd  ( 3593): type=1320 audit(0.0:1616): 
W/auditd  ( 3593): type=1325 audit(0.0:1617): table=raw family=10 entries=9
W/ip6tables( 5557): type=1300 audit(0.0:1617): arch=40000028 syscall=294 per=800000 success=yes exit=0 a0=4 a1=29 a2=40 a3=b6c1d000 items=0 ppid=5412 auid=4294967295 uid=0 gid=0 euid=0 suid=0 fsuid=0 egid=0 sgid=0 fsgid=0 ses=4294967295 tty=(none) exe="/system/bin/ip6tables" subj=u:r:netd:s0 key=(null)
W/auditd  ( 3593): type=1320 audit(0.0:1617): 
W/auditd  ( 3593): type=1325 audit(0.0:1618): table=raw family=2 entries=8
W/iptables( 5558): type=1300 audit(0.0:1618): arch=40000028 syscall=294 per=800000 success=yes exit=0 a0=4 a1=0 a2=40 a3=b6c1ba00 items=0 ppid=5412 auid=4294967295 uid=0 gid=0 euid=0 suid=0 fsuid=0 egid=0 sgid=0 fsgid=0 ses=4294967295 tty=(none) exe="/system/bin/iptables" subj=u:r:netd:s0 key=(null)
W/auditd  ( 3593): type=1320 audit(0.0:1618): 
W/auditd  ( 3593): type=1325 audit(0.0:1619): table=raw family=10 entries=8
W/ip6tables( 5559): type=1300 audit(0.0:1619): arch=40000028 syscall=294 per=800000 success=yes exit=0 a0=4 a1=29 a2=40 a3=b6c32800 items=0 ppid=5412 auid=4294967295 uid=0 gid=0 euid=0 suid=0 fsuid=0 egid=0 sgid=0 fsgid=0 ses=4294967295 tty=(none) exe="/system/bin/ip6tables" subj=u:r:netd:s0 key=(null)
W/auditd  ( 3593): type=1320 audit(0.0:1619): 
W/auditd  ( 3593): type=1325 audit(0.0:1620): table=raw family=2 entries=8
W/iptables( 5560): type=1300 audit(0.0:1620): arch=40000028 syscall=294 per=800000 success=yes exit=0 a0=4 a1=0 a2=40 a3=b6c30100 items=0 ppid=5412 auid=4294967295 uid=0 gid=0 euid=0 suid=0 fsuid=0 egid=0 sgid=0 fsgid=0 ses=4294967295 tty=(none) exe="/system/bin/iptables" subj=u:r:netd:s0 key=(null)
W/auditd  ( 3593): type=1320 audit(0.0:1620): 
W/auditd  ( 3593): type=1325 audit(0.0:1621): table=raw family=10 entries=8
W/ip6tables( 5561): type=1300 audit(0.0:1621): arch=40000028 syscall=294 per=800000 success=yes exit=0 a0=4 a1=29 a2=40 a3=b6c32400 items=0 ppid=5412 auid=4294967295 uid=0 gid=0 euid=0 suid=0 fsuid=0 egid=0 sgid=0 fsgid=0 ses=4294967295 tty=(none) exe="/system/bin/ip6tables" subj=u:r:netd:s0 key=(null)
I/ServiceManager( 5415): Waiting for service batterystats...
V/NatController( 5412): runCmd(/system/bin/iptables -F natctrl_FORWARD) res=0
V/NatController( 5412): runCmd(/system/bin/iptables -A natctrl_FORWARD -j DROP) res=0
V/NatController( 5412): runCmd(/system/bin/iptables -t nat -F natctrl_nat_POSTROUTING) res=0
I/DEBUG   ( 3582): 
I/DEBUG   ( 3582): Tombstone written to: /data/tombstones/tombstone_00
V/NatController( 5412): runCmd(/system/bin/iptables -F natctrl_tether_counters) res=0
V/NatController( 5412): runCmd(/system/bin/iptables -X natctrl_tether_counters) res=0
V/NatController( 5412): runCmd(/system/bin/iptables -N natctrl_tether_counters) res=0
V/NatController( 5412): runCmd(/system/bin/iptables -t mangle -A natctrl_mangle_FORWARD -p tcp --tcp-flags SYN SYN -j TCPMSS --clamp-mss-to-pmtu) res=0
I/ServiceManager( 3569): service 'SurfaceFlinger' died
I/ServiceManager( 3569): service 'Exynos.HWCService' died
I/ServiceManager( 3569): service 'media.wifi_display' died
I/ServiceManager( 3569): service 'media.audio_flinger' died
W/init    ( 5619): type=1400 audit(0.0:1675): avc: denied { entrypoint } for path="/system/bin/auditd" dev="mmcblk0p18" ino=173 scontext=u:r:logd:s0 tcontext=u:object_r:system_file:s0 tclass=file
W/init    ( 5619): type=1300 audit(0.0:1675): arch=40000028 syscall=11 per=800000 success=no exit=-13 a0=b6d80954 a1=b6d69530 a2=57e64 a3=ff0000 items=1 ppid=1 auid=4294967295 uid=0 gid=0 euid=0 suid=0 fsuid=0 egid=0 sgid=0 fsgid=0 ses=4294967295 tty=(none) exe="/init" subj=u:r:init:s0 key=(null)
W/auditd  ( 3593): type=1307 audit(0.0:1675): cwd="/"
W/auditd  ( 3593): type=1302 audit(0.0:1675): item=0 name="/system/bin/auditd" inode=173 dev=103:0a mode=0100755 ouid=0 ogid=2000 rdev=00:00 obj=u:object_r:system_file:s0
W/auditd  ( 3593): type=1320 audit(0.0:1675): 
I/Netd    ( 5620): Netd 1.0 starting
E/Netd    ( 5620): Failed to open /proc/sys/net/ipv6/conf/default/accept_ra_rt_table: No such file or directory
E/Netd    ( 5620): Failed to open /proc/sys/net/ipv6/conf/ip6tnl0/accept_ra_rt_table: No such file or directory
E/Netd    ( 5620): Failed to open /proc/sys/net/ipv6/conf/lo/accept_ra_rt_table: No such file or directory
E/Netd    ( 5620): Failed to open /proc/sys/net/ipv6/conf/rmnet0/accept_ra_rt_table: No such file or directory
E/Netd    ( 5620): Failed to open /proc/sys/net/ipv6/conf/rmnet1/accept_ra_rt_table: No such file or directory
E/Netd    ( 5620): Failed to open /proc/sys/net/ipv6/conf/rmnet2/accept_ra_rt_table: No such file or directory
E/Netd    ( 5620): Failed to open /proc/sys/net/ipv6/conf/rmnet3/accept_ra_rt_table: No such file or directory
E/Netd    ( 5620): Failed to open /proc/sys/net/ipv6/conf/sit0/accept_ra_rt_table: No such file or directory
W/auditd  ( 3593): type=1325 audit(0.0:1676): table=filter family=2 entries=38
W/iptables( 5626): type=1300 audit(0.0:1676): arch=40000028 syscall=294 per=800000 success=yes exit=0 a0=4 a1=0 a2=40 a3=b6c25000 items=0 ppid=5620 auid=4294967295 uid=0 gid=0 euid=0 suid=0 fsuid=0 egid=0 sgid=0 fsgid=0 ses=4294967295 tty=(none) exe="/system/bin/iptables" subj=u:r:netd:s0 key=(null)
W/auditd  ( 3593): type=1320 audit(0.0:1676): 
W/auditd  ( 3593): type=1325 audit(0.0:1677): table=filter family=10 entries=35
W/ip6tables( 5627): type=1300 audit(0.0:1677): arch=40000028 syscall=294 per=800000 success=yes exit=0 a0=4 a1=29 a2=40 a3=b6b28000 items=0 ppid=5620 auid=4294967295 uid=0 gid=0 euid=0 suid=0 fsuid=0 egid=0 sgid=0 fsgid=0 ses=4294967295 tty=(none) exe="/system/bin/ip6tables" subj=u:r:netd:s0 key=(null)
W/auditd  ( 3593): type=1320 audit(0.0:1677): 
W/auditd  ( 3593): type=1325 audit(0.0:1678): table=filter family=2 entries=37
W/iptables( 5628): type=1300 audit(0.0:1678): arch=40000028 syscall=294 per=800000 success=yes exit=0 a0=4 a1=0 a2=40 a3=b6c22000 items=0 ppid=5620 auid=4294967295 uid=0 gid=0 euid=0 suid=0 fsuid=0 egid=0 sgid=0 fsgid=0 ses=4294967295 tty=(none) exe="/system/bin/iptables" subj=u:r:netd:s0 key=(null)
W/auditd  ( 3593): type=1320 audit(0.0:1678): 
I/SurfaceFlinger( 5622): SurfaceFlinger is starting
I/SurfaceFlinger( 5622): SurfaceFlinger's main thread ready to run. Initializing graphics H/W...
W/auditd  ( 3593): type=1325 audit(0.0:1679): table=filter family=10 entries=34
W/ip6tables( 5631): type=1300 audit(0.0:1679): arch=40000028 syscall=294 per=800000 success=yes exit=0 a0=4 a1=29 a2=40 a3=b6c23000 items=0 ppid=5620 auid=4294967295 uid=0 gid=0 euid=0 suid=0 fsuid=0 egid=0 sgid=0 fsgid=0 ses=4294967295 tty=(none) exe="/system/bin/ip6tables" subj=u:r:netd:s0 key=(null)
W/auditd  ( 3593): type=1320 audit(0.0:1679): 
W/auditd  ( 3593): type=1325 audit(0.0:1680): table=filter family=2 entries=37
W/iptables( 5634): type=1300 audit(0.0:1680): arch=40000028 syscall=294 per=800000 success=yes exit=0 a0=4 a1=0 a2=40 a3=b6c22000 items=0 ppid=5620 auid=4294967295 uid=0 gid=0 euid=0 suid=0 fsuid=0 egid=0 sgid=0 fsgid=0 ses=4294967295 tty=(none) exe="/system/bin/iptables" subj=u:r:netd:s0 key=(null)
W/auditd  ( 3593): type=1320 audit(0.0:1680): 
D/libEGL  ( 5622): loaded /vendor/lib/egl/libGLES_mali.so
I/        ( 5622): PLATFORM VERSION : JB-MR-2
I/mediaserver( 5623): ServiceManager: 0xb60500c0
I/AudioFlinger( 5623): Using default 3000 mSec as standby time.
I/ServiceManager( 5623): Waiting for service batterystats...
I/gralloc ( 5622): using (fd=12)
I/gralloc ( 5622): id           = 
I/gralloc ( 5622): xres         = 1080 px
I/gralloc ( 5622): yres         = 1920 px
I/gralloc ( 5622): xres_virtual = 1080 px
I/gralloc ( 5622): yres_virtual = 3840 px
I/gralloc ( 5622): bpp          = 32
I/gralloc ( 5622): r            = 16:8
I/gralloc ( 5622): g            =  8:8
I/gralloc ( 5622): b            =  0:8
I/gralloc ( 5622): width        = 65 mm (422.030762 dpi)
I/gralloc ( 5622): height       = 115 mm (424.069580 dpi)
I/gralloc ( 5622): refresh rate = 60.00 Hz
D/AndroidRuntime( 5625): 
D/AndroidRuntime( 5625): >>>>>> AndroidRuntime START com.android.internal.os.ZygoteInit <<<<<<
D/AndroidRuntime( 5625): CheckJNI is OFF
I/art     ( 5625): option[0]=-Xzygote
I/art     ( 5625): option[1]=-Xstacktracefile:/data/anr/traces.txt
I/art     ( 5625): option[2]=exit
I/art     ( 5625): option[3]=vfprintf
I/art     ( 5625): option[4]=sensitiveThread
I/art     ( 5625): option[5]=-verbose:gc
I/art     ( 5625): option[6]=-Xms8m
I/art     ( 5625): option[7]=-Xmx512m
I/art     ( 5625): option[8]=-XX:mainThreadStackSize=24K
I/art     ( 5625): option[9]=-XX:HeapGrowthLimit=128m
I/art     ( 5625): option[10]=-XX:HeapMinFree=2m
I/art     ( 5625): option[11]=-XX:HeapMaxFree=8m
I/art     ( 5625): option[12]=-XX:HeapTargetUtilization=0.75
I/art     ( 5625): option[13]=-agentlib:jdwp=transport=dt_android_adb,suspend=n,server=y
I/art     ( 5625): option[14]=-Xlockprofthreshold:500
I/art     ( 5625): option[15]=-Ximage-compiler-option
I/art     ( 5625): option[16]=--runtime-arg
I/art     ( 5625): option[17]=-Ximage-compiler-option
I/art     ( 5625): option[18]=-Xms64m
I/art     ( 5625): option[19]=-Ximage-compiler-option
I/art     ( 5625): option[20]=--runtime-arg
I/art     ( 5625): option[21]=-Ximage-compiler-option
I/art     ( 5625): option[22]=-Xmx64m
I/art     ( 5625): option[23]=-Ximage-compiler-option
I/art     ( 5625): option[24]=--image-classes-zip=/system/framework/framework.jar
I/art     ( 5625): option[25]=-Ximage-compiler-option
I/art     ( 5625): option[26]=--image-classes=preloaded-classes
I/art     ( 5625): option[27]=-Xcompiler-option
I/art     ( 5625): option[28]=--runtime-arg
I/art     ( 5625): option[29]=-Xcompiler-option
I/art     ( 5625): option[30]=-Xms64m
I/art     ( 5625): option[31]=-Xcompiler-option
I/art     ( 5625): option[32]=--runtime-arg
I/art     ( 5625): option[33]=-Xcompiler-option
I/art     ( 5625): option[34]=-Xmx512m
I/art     ( 5625): option[35]=-Duser.language=es
I/art     ( 5625): option[36]=-Duser.region=US
I/art     ( 5625): Pruning dalvik-cache since we are generating an image and will need to recompile
W/art     ( 5625): Unexpected file type of 
W/art     ( 5625):  encountered.
I/art     ( 5625): Using an offset of 0xffbef000 from default art base address of 0x70000000
I/art     ( 5625): GenerateImage: /system/bin/dex2oat --image=/data/dalvik-cache/arm/system@framework@boot.art --dex-file=/system/framework/core-libart.jar --dex-file=/system/framework/conscrypt.jar --dex-file=/system/framework/okhttp.jar --dex-file=/system/framework/core-junit.jar --dex-file=/system/framework/bouncycastle.jar --dex-file=/system/framework/ext.jar --dex-file=/system/framework/framework.jar --dex-file=/system/framework/telephony-common.jar --dex-file=/system/framework/voip-common.jar --dex-file=/system/framework/ims-common.jar --dex-file=/system/framework/mms-common.jar --dex-file=/system/framework/android.policy.jar --dex-file=/system/framework/apache-xml.jar --oat-file=/data/dalvik-cache/arm/system@framework@boot.oat --instruction-set=arm --instruction-set-features=div --base=0x6fbef000 --runtime-arg -Xms64m --runtime-arg -Xmx64m --image-classes-zip=/system/framework/framework.jar --image-classes=preloaded-classes
W/art     ( 5625): Unexpected file type of 
W/art     ( 5625):  encountered.
W/art     ( 5625): Could not create image space with image file '/system/framework/boot.art'. Attempting to fall back to imageless running. Error was: Failed to generate image '/data/dalvik-cache/arm/system@framework@boot.art': Failed execv(/system/bin/dex2oat --image=/data/dalvik-cache/arm/system@framework@boot.art --dex-file=/system/framework/core-libart.jar --dex-file=/system/framework/conscrypt.jar --dex-file=/system/framework/okhttp.jar --dex-file=/system/framework/core-junit.jar --dex-file=/system/framework/bouncycastle.jar --dex-file=/system/framework/ext.jar --dex-file=/system/framework/framework.jar --dex-file=/system/framework/telephony-common.jar --dex-file=/system/framework/voip-common.jar --dex-file=/system/framework/ims-common.jar --dex-file=/system/framework/mms-common.jar --dex-file=/system/framework/android.policy.jar --dex-file=/system/framework/apache-xml.jar --oat-file=/data/dalvik-cache/arm/system@framework@boot.oat --instruction-set=arm --instruction-set-features=div --base=0x6fbef000 --runtime-arg -Xms64
D/hwcomposer( 5622): using
D/hwcomposer( 5622): xres         = 1080 px
D/hwcomposer( 5622): yres         = 1920 px
D/hwcomposer( 5622): width        = 65 mm (422.030000 dpi)
D/hwcomposer( 5622): height       = 115 mm (424.069000 dpi)
D/hwcomposer( 5622): refresh rate = 60 Hz
E/libexynosv4l2-subdev( 5622): no subdev device found
E/hdmi    ( 5622): failed to open hdmi mixer0 subdev
E/hwcomposer( 5622): openHdmi fail
I/hwcomposer( 5622): PSR info devname = /sys/devices/14400000.fimd_fb/psr_info
I/hwcomposer( 5622): PSR mode is 2(0: video mode, 1: DP PSR mode, 2: MIPI-DSI command mode)
I/SurfaceFlinger( 5622): Using composer version 1.3
I/SurfaceFlinger( 5622): EGL information:
I/SurfaceFlinger( 5622): vendor    : Android
I/SurfaceFlinger( 5622): version   : 1.4 Android META-EGL
I/SurfaceFlinger( 5622): extensions: EGL_KHR_get_all_proc_addresses EGL_ANDROID_presentation_time EGL_KHR_image EGL_KHR_image_base EGL_KHR_gl_texture_2D_image EGL_KHR_gl_texture_cubemap_image EGL_KHR_gl_renderbuffer_image EGL_KHR_fence_sync EGL_KHR_create_context EGL_ANDROID_image_native_buffer EGL_KHR_wait_sync EGL_ANDROID_recordable 
I/SurfaceFlinger( 5622): Client API: OpenGL_ES
I/SurfaceFlinger( 5622): EGLSurface: 8-8-8-8, config=0xb6acf2ac
I/SurfaceFlinger( 5622): OpenGL ES informations:
I/SurfaceFlinger( 5622): vendor    : ARM
I/SurfaceFlinger( 5622): renderer  : Mali-T628
I/SurfaceFlinger( 5622): version   : OpenGL ES 3.0
I/SurfaceFlinger( 5622): extensions: GL_EXT_debug_marker GL_ARM_rgba8 GL_ARM_mali_shader_binary GL_OES_depth24 GL_OES_depth_texture GL_OES_depth_texture_cube_map GL_OES_packed_depth_stencil GL_OES_rgb8_rgba8 GL_EXT_read_format_bgra GL_OES_compressed_paletted_texture GL_OES_compressed_ETC1_RGB8_texture GL_OES_standard_derivatives GL_OES_EGL_image GL_OES_EGL_image_external GL_OES_EGL_sync GL_OES_texture_npot GL_OES_vertex_half_float GL_OES_required_internalformat GL_OES_vertex_array_object GL_OES_mapbuffer GL_EXT_texture_format_BGRA8888 GL_EXT_texture_rg GL_EXT_texture_type_2_10_10_10_REV GL_OES_fbo_render_mipmap GL_OES_element_index_uint GL_EXT_shadow_samplers GL_OES_texture_compression_astc GL_KHR_texture_compression_astc_ldr GL_KHR_texture_compression_astc_hdr GL_KHR_debug GL_EXT_occlusion_query_boolean GL_EXT_blend_minmax GL_EXT_discard_framebuffer GL_OES_get_program_binary GL_OES_texture_3D GL_EXT_texture_storage GL_EXT_multisampled_render_to_texture GL_OES_surfaceless_context GL_ARM_mali_program_binary 
I/SurfaceFlinger( 5622): GL_MAX_TEXTURE_SIZE = 8192
I/SurfaceFlinger( 5622): GL_MAX_VIEWPORT_DIMS = 8192
E/libEGL  ( 5622): eglQuerySurface:607 error 300d (EGL_BAD_SURFACE)
E/libEGL  ( 5622): eglQuerySurface:607 error 300d (EGL_BAD_SURFACE)
E/libEGL  ( 5622): call to OpenGL ES API with no current context (logged once per thread)
D/SurfaceFlinger( 5622): Set power mode=2, type=0 flinger=0xb6a62000
I/hwcomposer( 5622): int exynos5_blank(hwc_composer_device_1*, int, int):: disp(0), blank(0)
I/hwcomposer( 5622): unblank ioctl failed (display already unblanked)
E/libEGL  ( 5622): eglSwapBuffers:1071 error 300d (EGL_BAD_SURFACE)
F/SurfaceFlinger( 5622): eglSwapBuffers(0x1, 0x0) failed with 0x0000300d
F/libc    ( 5622): Fatal signal 6 (SIGABRT), code -6 in tid 5622 (surfaceflinger)
I/DEBUG   ( 3582): property debug.db.uid not set; NOT waiting for gdb.
I/DEBUG   ( 3582): HINT: adb shell setprop debug.db.uid 100000
I/DEBUG   ( 3582): HINT: adb forward tcp:5039 tcp:5039
I/DEBUG   ( 3582): *** *** *** *** *** *** *** *** *** *** *** *** *** *** *** ***
I/DEBUG   ( 3582): Build fingerprint: 'samsung/cm_k3gxx/k3gxx:5.0.2/LRX22G/88e55c58ed:userdebug/test-keys'
I/DEBUG   ( 3582): Revision: '10'
I/DEBUG   ( 3582): ABI: 'arm'
I/DEBUG   ( 3582): pid: 5622, tid: 5622, name: surfaceflinger  >>> /system/bin/surfaceflinger <<<
I/DEBUG   ( 3582): signal 6 (SIGABRT), code -6 (SI_TKILL), fault addr --------
I/DEBUG   ( 3582): Abort message: 'eglSwapBuffers(0x1, 0x0) failed with 0x0000300d'
I/DEBUG   ( 3582):     r0 00000000  r1 000015f6  r2 00000006  r3 00000000
I/DEBUG   ( 3582):     r4 b6f9c114  r5 00000006  r6 0000000b  r7 0000010c
I/DEBUG   ( 3582):     r8 00000000  r9 beafbbd0  sl b6a54210  fp beafbbd0
I/DEBUG   ( 3582):     ip 000015f6  sp beafb650  lr b6f267b9  pc b6f4a4e4  cpsr 600f0010
I/DEBUG   ( 3582): 
I/DEBUG   ( 3582): backtrace:
I/DEBUG   ( 3582):     #00 pc 000384e4  /system/lib/libc.so (tgkill+12)
I/DEBUG   ( 3582):     #01 pc 000147b5  /system/lib/libc.so (pthread_kill+52)
I/DEBUG   ( 3582):     #02 pc 0001550b  /system/lib/libc.so (raise+10)
I/DEBUG   ( 3582):     #03 pc 00011c35  /system/lib/libc.so (__libc_android_abort+36)
I/DEBUG   ( 3582):     #04 pc 0000fcb8  /system/lib/libc.so (abort+4)
I/DEBUG   ( 3582):     #05 pc 00007739  /system/lib/libcutils.so (__android_log_assert+88)
I/DEBUG   ( 3582):     #06 pc 0000f4df  /system/lib/libsurfaceflinger.so
I/DEBUG   ( 3582):     #07 pc 0001b9fd  /system/lib/libsurfaceflinger.so
I/DEBUG   ( 3582):     #08 pc 0001abe7  /system/lib/libsurfaceflinger.so
I/DEBUG   ( 3582):     #09 pc 00019fc3  /system/lib/libsurfaceflinger.so
I/DEBUG   ( 3582):     #10 pc 00019d49  /system/lib/libsurfaceflinger.so
I/DEBUG   ( 3582):     #11 pc 00010ed3  /system/lib/libutils.so (android::Looper::pollInner(int)+410)
I/DEBUG   ( 3582):     #12 pc 00010fc5  /system/lib/libutils.so (android::Looper::pollOnce(int, int*, int*, void**)+92)
I/DEBUG   ( 3582):     #13 pc 000174c5  /system/lib/libsurfaceflinger.so
I/DEBUG   ( 3582):     #14 pc 0001993d  /system/lib/libsurfaceflinger.so (android::SurfaceFlinger::run()+8)
I/DEBUG   ( 3582):     #15 pc 0000083d  /system/bin/surfaceflinger
I/DEBUG   ( 3582):     #16 pc 0000fb75  /system/lib/libc.so (__libc_init+44)
I/DEBUG   ( 3582):     #17 pc 000008d8  /system/bin/surfaceflinger
W/auditd  ( 3593): type=1325 audit(0.0:1804): table=raw family=2 entries=8
W/iptables( 5762): type=1300 audit(0.0:1804): arch=40000028 syscall=294 per=800000 success=yes exit=0 a0=4 a1=0 a2=40 a3=b6c1ba00 items=0 ppid=5620 auid=4294967295 uid=0 gid=0 euid=0 suid=0 fsuid=0 egid=0 sgid=0 fsgid=0 ses=4294967295 tty=(none) exe="/system/bin/iptables" subj=u:r:netd:s0 key=(null)
W/auditd  ( 3593): type=1320 audit(0.0:1804): 
W/auditd  ( 3593): type=1325 audit(0.0:1805): table=raw family=10 entries=8
W/ip6tables( 5763): type=1300 audit(0.0:1805): arch=40000028 syscall=294 per=800000 success=yes exit=0 a0=4 a1=29 a2=40 a3=b6c37800 items=0 ppid=5620 auid=4294967295 uid=0 gid=0 euid=0 suid=0 fsuid=0 egid=0 sgid=0 fsgid=0 ses=4294967295 tty=(none) exe="/system/bin/ip6tables" subj=u:r:netd:s0 key=(null)
W/auditd  ( 3593): type=1320 audit(0.0:1805): 
W/auditd  ( 3593): type=1325 audit(0.0:1806): table=raw family=2 entries=9
W/iptables( 5764): type=1300 audit(0.0:1806): arch=40000028 syscall=294 per=800000 success=yes exit=0 a0=4 a1=0 a2=40 a3=b6c1ba00 items=0 ppid=5620 auid=4294967295 uid=0 gid=0 euid=0 suid=0 fsuid=0 egid=0 sgid=0 fsgid=0 ses=4294967295 tty=(none) exe="/system/bin/iptables" subj=u:r:netd:s0 key=(null)
W/auditd  ( 3593): type=1320 audit(0.0:1806): 
W/auditd  ( 3593): type=1325 audit(0.0:1807): table=raw family=10 entries=9
W/ip6tables( 5765): type=1300 audit(0.0:1807): arch=40000028 syscall=294 per=800000 success=yes exit=0 a0=4 a1=29 a2=40 a3=b6c1d000 items=0 ppid=5620 auid=4294967295 uid=0 gid=0 euid=0 suid=0 fsuid=0 egid=0 sgid=0 fsgid=0 ses=4294967295 tty=(none) exe="/system/bin/ip6tables" subj=u:r:netd:s0 key=(null)
W/auditd  ( 3593): type=1320 audit(0.0:1807): 
W/auditd  ( 3593): type=1325 audit(0.0:1808): table=raw family=2 entries=8
W/iptables( 5766): type=1300 audit(0.0:1808): arch=40000028 syscall=294 per=800000 success=yes exit=0 a0=4 a1=0 a2=40 a3=b6c1ba00 items=0 ppid=5620 auid=4294967295 uid=0 gid=0 euid=0 suid=0 fsuid=0 egid=0 sgid=0 fsgid=0 ses=4294967295 tty=(none) exe="/system/bin/iptables" subj=u:r:netd:s0 key=(null)
W/auditd  ( 3593): type=1320 audit(0.0:1808): 
W/auditd  ( 3593): type=1325 audit(0.0:1809): table=raw family=10 entries=8
W/ip6tables( 5767): type=1300 audit(0.0:1809): arch=40000028 syscall=294 per=800000 success=yes exit=0 a0=4 a1=29 a2=40 a3=b6c32800 items=0 ppid=5620 auid=4294967295 uid=0 gid=0 euid=0 suid=0 fsuid=0 egid=0 sgid=0 fsgid=0 ses=4294967295 tty=(none) exe="/system/bin/ip6tables" subj=u:r:netd:s0 key=(null)
W/auditd  ( 3593): type=1320 audit(0.0:1809): 
W/auditd  ( 3593): type=1325 audit(0.0:1810): table=raw family=2 entries=8
W/iptables( 5768): type=1300 audit(0.0:1810): arch=40000028 syscall=294 per=800000 success=yes exit=0 a0=4 a1=0 a2=40 a3=b6c30100 items=0 ppid=5620 auid=4294967295 uid=0 gid=0 euid=0 suid=0 fsuid=0 egid=0 sgid=0 fsgid=0 ses=4294967295 tty=(none) exe="/system/bin/iptables" subj=u:r:netd:s0 key=(null)
I/ServiceManager( 5623): Waiting for service batterystats...
V/NatController( 5620): runCmd(/system/bin/iptables -F natctrl_FORWARD) res=0
I/DEBUG   ( 3582): 
I/DEBUG   ( 3582): Tombstone written to: /data/tombstones/tombstone_01
V/NatController( 5620): runCmd(/system/bin/iptables -A natctrl_FORWARD -j DROP) res=0
V/NatController( 5620): runCmd(/system/bin/iptables -t nat -F natctrl_nat_POSTROUTING) res=0
V/NatController( 5620): runCmd(/system/bin/iptables -F natctrl_tether_counters) res=0
V/NatController( 5620): runCmd(/system/bin/iptables -X natctrl_tether_counters) res=0
V/NatController( 5620): runCmd(/system/bin/iptables -N natctrl_tether_counters) res=0
I/ServiceManager( 3569): service 'SurfaceFlinger' died
I/ServiceManager( 3569): service 'Exynos.HWCService' died
I/ServiceManager( 3569): service 'media.wifi_display' died
V/NatController( 5620): runCmd(/system/bin/iptables -t mangle -A natctrl_mangle_FORWARD -p tcp --tcp-flags SYN SYN -j TCPMSS --clamp-mss-to-pmtu) res=0
I/ServiceManager( 3569): service 'media.audio_flinger' died
W/init    ( 5826): type=1400 audit(0.0:1864): avc: denied { entrypoint } for path="/system/bin/auditd" dev="mmcblk0p18" ino=173 scontext=u:r:logd:s0 tcontext=u:object_r:system_file:s0 tclass=file
W/init    ( 5826): type=1300 audit(0.0:1864): arch=40000028 syscall=11 per=800000 success=no exit=-13 a0=b6d80954 a1=b6d69530 a2=57e64 a3=ff0000 items=1 ppid=1 auid=4294967295 uid=0 gid=0 euid=0 suid=0 fsuid=0 egid=0 sgid=0 fsgid=0 ses=4294967295 tty=(none) exe="/init" subj=u:r:init:s0 key=(null)
W/auditd  ( 3593): type=1307 audit(0.0:1864): cwd="/"
W/auditd  ( 3593): type=1302 audit(0.0:1864): item=0 name="/system/bin/auditd" inode=173 dev=103:0a mode=0100755 ouid=0 ogid=2000 rdev=00:00 obj=u:object_r:system_file:s0
W/auditd  ( 3593): type=1320 audit(0.0:1864): 
I/Netd    ( 5827): Netd 1.0 starting
E/Netd    ( 5827): Failed to open /proc/sys/net/ipv6/conf/default/accept_ra_rt_table: No such file or directory
E/Netd    ( 5827): Failed to open /proc/sys/net/ipv6/conf/ip6tnl0/accept_ra_rt_table: No such file or directory
E/Netd    ( 5827): Failed to open /proc/sys/net/ipv6/conf/lo/accept_ra_rt_table: No such file or directory
E/Netd    ( 5827): Failed to open /proc/sys/net/ipv6/conf/rmnet0/accept_ra_rt_table: No such file or directory
E/Netd    ( 5827): Failed to open /proc/sys/net/ipv6/conf/rmnet1/accept_ra_rt_table: No such file or directory
E/Netd    ( 5827): Failed to open /proc/sys/net/ipv6/conf/rmnet2/accept_ra_rt_table: No such file or directory
E/Netd    ( 5827): Failed to open /proc/sys/net/ipv6/conf/rmnet3/accept_ra_rt_table: No such file or directory
E/Netd    ( 5827): Failed to open /proc/sys/net/ipv6/conf/sit0/accept_ra_rt_table: No such file or directory
W/auditd  ( 3593): type=1325 audit(0.0:1865): table=filter family=2 entries=38
W/iptables( 5833): type=1300 audit(0.0:1865): arch=40000028 syscall=294 per=800000 success=yes exit=0 a0=4 a1=0 a2=40 a3=b6c25000 items=0 ppid=5827 auid=4294967295 uid=0 gid=0 euid=0 suid=0 fsuid=0 egid=0 sgid=0 fsgid=0 ses=4294967295 tty=(none) exe="/system/bin/iptables" subj=u:r:netd:s0 key=(null)
W/auditd  ( 3593): type=1320 audit(0.0:1865): 
W/auditd  ( 3593): type=1325 audit(0.0:1866): table=filter family=10 entries=35
W/ip6tables( 5834): type=1300 audit(0.0:1866): arch=40000028 syscall=294 per=800000 success=yes exit=0 a0=4 a1=29 a2=40 a3=b6c28000 items=0 ppid=5827 auid=4294967295 uid=0 gid=0 euid=0 suid=0 fsuid=0 egid=0 sgid=0 fsgid=0 ses=4294967295 tty=(none) exe="/system/bin/ip6tables" subj=u:r:netd:s0 key=(null)
W/auditd  ( 3593): type=1320 audit(0.0:1866): 
W/auditd  ( 3593): type=1325 audit(0.0:1867): table=filter family=2 entries=37
W/iptables( 5835): type=1300 audit(0.0:1867): arch=40000028 syscall=294 per=800000 success=yes exit=0 a0=4 a1=0 a2=40 a3=b6c22000 items=0 ppid=5827 auid=4294967295 uid=0 gid=0 euid=0 suid=0 fsuid=0 egid=0 sgid=0 fsgid=0 ses=4294967295 tty=(none) exe="/system/bin/iptables" subj=u:r:netd:s0 key=(null)
W/auditd  ( 3593): type=1320 audit(0.0:1867): 
W/auditd  ( 3593): type=1325 audit(0.0:1868): table=filter family=10 entries=34
