W/init    ( 5749): type=1300 audit(0.0:1747): arch=40000028 syscall=11 per=800000 success=no exit=-13 a0=b6d80954 a1=b6d66770 a2=57e64 a3=ff0000 items=1 ppid=1 auid=4294967295 uid=0 gid=0 euid=0 suid=0 fsuid=0 egid=0 sgid=0 fsgid=0 ses=4294967295 tty=(none) exe="/init" subj=u:r:init:s0 key=(null)
W/auditd  ( 3595): type=1307 audit(0.0:1747): cwd="/"
W/auditd  ( 3595): type=1302 audit(0.0:1747): item=0 name="/system/bin/auditd" inode=173 dev=103:0a mode=0100755 ouid=0 ogid=2000 rdev=00:00 obj=u:object_r:system_file:s0
W/auditd  ( 3595): type=1320 audit(0.0:1747): 
I/Netd    ( 5750): Netd 1.0 starting
E/Netd    ( 5750): Failed to open /proc/sys/net/ipv6/conf/default/accept_ra_rt_table: No such file or directory
E/Netd    ( 5750): Failed to open /proc/sys/net/ipv6/conf/ip6tnl0/accept_ra_rt_table: No such file or directory
E/Netd    ( 5750): Failed to open /proc/sys/net/ipv6/conf/lo/accept_ra_rt_table: No such file or directory
E/Netd    ( 5750): Failed to open /proc/sys/net/ipv6/conf/rmnet0/accept_ra_rt_table: No such file or directory
E/Netd    ( 5750): Failed to open /proc/sys/net/ipv6/conf/rmnet1/accept_ra_rt_table: No such file or directory
E/Netd    ( 5750): Failed to open /proc/sys/net/ipv6/conf/rmnet2/accept_ra_rt_table: No such file or directory
E/Netd    ( 5750): Failed to open /proc/sys/net/ipv6/conf/rmnet3/accept_ra_rt_table: No such file or directory
E/Netd    ( 5750): Failed to open /proc/sys/net/ipv6/conf/sit0/accept_ra_rt_table: No such file or directory
W/auditd  ( 3595): type=1325 audit(0.0:1748): table=filter family=2 entries=38
W/iptables( 5756): type=1300 audit(0.0:1748): arch=40000028 syscall=294 per=800000 success=yes exit=0 a0=4 a1=0 a2=40 a3=b6c25000 items=0 ppid=5750 auid=4294967295 uid=0 gid=0 euid=0 suid=0 fsuid=0 egid=0 sgid=0 fsgid=0 ses=4294967295 tty=(none) exe="/system/bin/iptables" subj=u:r:netd:s0 key=(null)
W/auditd  ( 3595): type=1320 audit(0.0:1748): 
W/auditd  ( 3595): type=1325 audit(0.0:1749): table=filter family=10 entries=37
W/ip6tables( 5757): type=1300 audit(0.0:1749): arch=40000028 syscall=294 per=800000 success=yes exit=0 a0=4 a1=29 a2=40 a3=b6c28000 items=0 ppid=5750 auid=4294967295 uid=0 gid=0 euid=0 suid=0 fsuid=0 egid=0 sgid=0 fsgid=0 ses=4294967295 tty=(none) exe="/system/bin/ip6tables" subj=u:r:netd:s0 key=(null)
W/auditd  ( 3595): type=1320 audit(0.0:1749): 
W/auditd  ( 3595): type=1325 audit(0.0:1750): table=filter family=2 entries=37
W/iptables( 5758): type=1300 audit(0.0:1750): arch=40000028 syscall=294 per=800000 success=yes exit=0 a0=4 a1=0 a2=40 a3=b6c22000 items=0 ppid=5750 auid=4294967295 uid=0 gid=0 euid=0 suid=0 fsuid=0 egid=0 sgid=0 fsgid=0 ses=4294967295 tty=(none) exe="/system/bin/iptables" subj=u:r:netd:s0 key=(null)
W/auditd  ( 3595): type=1320 audit(0.0:1750): 
I/SurfaceFlinger( 5752): SurfaceFlinger is starting
W/auditd  ( 3595): type=1325 audit(0.0:1751): table=filter family=10 entries=36
I/SurfaceFlinger( 5752): SurfaceFlinger's main thread ready to run. Initializing graphics H/W...
W/ip6tables( 5760): type=1300 audit(0.0:1751): arch=40000028 syscall=294 per=800000 success=yes exit=0 a0=4 a1=29 a2=40 a3=b6c23000 items=0 ppid=5750 auid=4294967295 uid=0 gid=0 euid=0 suid=0 fsuid=0 egid=0 sgid=0 fsgid=0 ses=4294967295 tty=(none) exe="/system/bin/ip6tables" subj=u:r:netd:s0 key=(null)
W/auditd  ( 3595): type=1320 audit(0.0:1751): 
W/auditd  ( 3595): type=1325 audit(0.0:1752): table=filter family=2 entries=37
W/iptables( 5764): type=1300 audit(0.0:1752): arch=40000028 syscall=294 per=800000 success=yes exit=0 a0=4 a1=0 a2=40 a3=b6c22000 items=0 ppid=5750 auid=4294967295 uid=0 gid=0 euid=0 suid=0 fsuid=0 egid=0 sgid=0 fsgid=0 ses=4294967295 tty=(none) exe="/system/bin/iptables" subj=u:r:netd:s0 key=(null)
W/auditd  ( 3595): type=1320 audit(0.0:1752): 
D/libEGL  ( 5752): loaded /vendor/lib/egl/libGLES_mali.so
I/        ( 5752): PLATFORM VERSION : JB-MR-2
I/gralloc ( 5752): using (fd=12)
I/gralloc ( 5752): id           = 
I/gralloc ( 5752): xres         = 1080 px
I/gralloc ( 5752): yres         = 1920 px
I/gralloc ( 5752): xres_virtual = 1080 px
I/gralloc ( 5752): yres_virtual = 3840 px
I/gralloc ( 5752): bpp          = 32
I/gralloc ( 5752): r            = 16:8
I/gralloc ( 5752): g            =  8:8
I/gralloc ( 5752): b            =  0:8
I/gralloc ( 5752): width        = 65 mm (422.030762 dpi)
I/gralloc ( 5752): height       = 115 mm (424.069580 dpi)
I/gralloc ( 5752): refresh rate = 60.00 Hz
I/mediaserver( 5753): ServiceManager: 0xb60500c0
I/AudioFlinger( 5753): Using default 3000 mSec as standby time.
I/ServiceManager( 5753): Waiting for service batterystats...
D/AndroidRuntime( 5755): 
D/AndroidRuntime( 5755): >>>>>> AndroidRuntime START com.android.internal.os.ZygoteInit <<<<<<
D/AndroidRuntime( 5755): CheckJNI is OFF
I/art     ( 5755): option[0]=-Xzygote
I/art     ( 5755): option[1]=-Xstacktracefile:/data/anr/traces.txt
I/art     ( 5755): option[2]=exit
I/art     ( 5755): option[3]=vfprintf
I/art     ( 5755): option[4]=sensitiveThread
I/art     ( 5755): option[5]=-verbose:gc
I/art     ( 5755): option[6]=-Xms8m
I/art     ( 5755): option[7]=-Xmx512m
I/art     ( 5755): option[8]=-XX:mainThreadStackSize=24K
I/art     ( 5755): option[9]=-XX:HeapGrowthLimit=128m
I/art     ( 5755): option[10]=-XX:HeapMinFree=2m
I/art     ( 5755): option[11]=-XX:HeapMaxFree=8m
I/art     ( 5755): option[12]=-XX:HeapTargetUtilization=0.75
I/art     ( 5755): option[13]=-agentlib:jdwp=transport=dt_android_adb,suspend=n,server=y
I/art     ( 5755): option[14]=-Xlockprofthreshold:500
I/art     ( 5755): option[15]=-Ximage-compiler-option
I/art     ( 5755): option[16]=--runtime-arg
I/art     ( 5755): option[17]=-Ximage-compiler-option
I/art     ( 5755): option[18]=-Xms64m
I/art     ( 5755): option[19]=-Ximage-compiler-option
I/art     ( 5755): option[20]=--runtime-arg
I/art     ( 5755): option[21]=-Ximage-compiler-option
I/art     ( 5755): option[22]=-Xmx64m
I/art     ( 5755): option[23]=-Ximage-compiler-option
I/art     ( 5755): option[24]=--image-classes-zip=/system/framework/framework.jar
I/art     ( 5755): option[25]=-Ximage-compiler-option
I/art     ( 5755): option[26]=--image-classes=preloaded-classes
I/art     ( 5755): option[27]=-Xcompiler-option
I/art     ( 5755): option[28]=--runtime-arg
I/art     ( 5755): option[29]=-Xcompiler-option
I/art     ( 5755): option[30]=-Xms64m
I/art     ( 5755): option[31]=-Xcompiler-option
I/art     ( 5755): option[32]=--runtime-arg
I/art     ( 5755): option[33]=-Xcompiler-option
I/art     ( 5755): option[34]=-Xmx512m
I/art     ( 5755): option[35]=-Duser.language=es
I/art     ( 5755): option[36]=-Duser.region=US
I/art     ( 5755): Pruning dalvik-cache since we are generating an image and will need to recompile
W/art     ( 5755): Unexpected file type of 
W/art     ( 5755):  encountered.
I/art     ( 5755): Using an offset of 0x769000 from default art base address of 0x70000000
I/art     ( 5755): GenerateImage: /system/bin/dex2oat --image=/data/dalvik-cache/arm/system@framework@boot.art --dex-file=/system/framework/core-libart.jar --dex-file=/system/framework/conscrypt.jar --dex-file=/system/framework/okhttp.jar --dex-file=/system/framework/core-junit.jar --dex-file=/system/framework/bouncycastle.jar --dex-file=/system/framework/ext.jar --dex-file=/system/framework/framework.jar --dex-file=/system/framework/telephony-common.jar --dex-file=/system/framework/voip-common.jar --dex-file=/system/framework/ims-common.jar --dex-file=/system/framework/mms-common.jar --dex-file=/system/framework/android.policy.jar --dex-file=/system/framework/apache-xml.jar --oat-file=/data/dalvik-cache/arm/system@framework@boot.oat --instruction-set=arm --instruction-set-features=div --base=0x70769000 --runtime-arg -Xms64m --runtime-arg -Xmx64m --image-classes-zip=/system/framework/framework.jar --image-classes=preloaded-classes
W/art     ( 5755): Unexpected file type of 
W/art     ( 5755):  encountered.
W/art     ( 5755): Could not create image space with image file '/system/framework/boot.art'. Attempting to fall back to imageless running. Error was: Failed to generate image '/data/dalvik-cache/arm/system@framework@boot.art': Failed execv(/system/bin/dex2oat --image=/data/dalvik-cache/arm/system@framework@boot.art --dex-file=/system/framework/core-libart.jar --dex-file=/system/framework/conscrypt.jar --dex-file=/system/framework/okhttp.jar --dex-file=/system/framework/core-junit.jar --dex-file=/system/framework/bouncycastle.jar --dex-file=/system/framework/ext.jar --dex-file=/system/framework/framework.jar --dex-file=/system/framework/telephony-common.jar --dex-file=/system/framework/voip-common.jar --dex-file=/system/framework/ims-common.jar --dex-file=/system/framework/mms-common.jar --dex-file=/system/framework/android.policy.jar --dex-file=/system/framework/apache-xml.jar --oat-file=/data/dalvik-cache/arm/system@framework@boot.oat --instruction-set=arm --instruction-set-features=div --base=0x70769000 --runtime-arg -Xms64
D/hwcomposer( 5752): using
D/hwcomposer( 5752): xres         = 1080 px
D/hwcomposer( 5752): yres         = 1920 px
D/hwcomposer( 5752): width        = 65 mm (422.030000 dpi)
D/hwcomposer( 5752): height       = 115 mm (424.069000 dpi)
D/hwcomposer( 5752): refresh rate = 60 Hz
D/libexynosv4l2-subdev( 5752): try node: /dev/v4l-subdev0
D/libexynosv4l2-subdev( 5752): try node: /dev/v4l-subdev1
D/libexynosv4l2-subdev( 5752): try node: /dev/v4l-subdev2
I/libexynosv4l2-subdev( 5752): node found for device s5p-mixer0: /dev/v4l-subdev2
I/libexynosv4l2-subdev( 5752): open subdev device /dev/v4l-subdev2
I/hwcomposer( 5752): PSR info devname = /sys/devices/14400000.fimd_fb/psr_info
I/hwcomposer( 5752): PSR mode is 2(0: video mode, 1: DP PSR mode, 2: MIPI-DSI command mode)
I/SurfaceFlinger( 5752): Using composer version 1.3
I/SurfaceFlinger( 5752): EGL information:
I/SurfaceFlinger( 5752): vendor    : Android
I/SurfaceFlinger( 5752): version   : 1.4 Android META-EGL
I/SurfaceFlinger( 5752): extensions: EGL_KHR_get_all_proc_addresses EGL_ANDROID_presentation_time EGL_KHR_image EGL_KHR_image_base EGL_KHR_gl_texture_2D_image EGL_KHR_gl_texture_cubemap_image EGL_KHR_gl_renderbuffer_image EGL_KHR_fence_sync EGL_KHR_create_context EGL_ANDROID_image_native_buffer EGL_KHR_wait_sync EGL_ANDROID_recordable 
I/SurfaceFlinger( 5752): Client API: OpenGL_ES
I/SurfaceFlinger( 5752): EGLSurface: 8-8-8-8, config=0xb6acf2ac
I/SurfaceFlinger( 5752): OpenGL ES informations:
I/SurfaceFlinger( 5752): vendor    : ARM
I/SurfaceFlinger( 5752): renderer  : Mali-T628
I/SurfaceFlinger( 5752): version   : OpenGL ES 3.0
I/SurfaceFlinger( 5752): extensions: GL_EXT_debu