W/PackageManager( 4136): Unknown permission com.android.launcher.permission.WRITE_SETTINGS in package com.android.settings
W/PackageManager( 4136): Not granting permission android.permission.DELETE_PACKAGES to package com.svox.pico (protectionLevel=18 flags=0x8be45)
W/PackageManager( 4136): Unknown permission com.google.android.c2dm.permission.RECEIVE in package org.whispersystems.whisperpush
W/PackageManager( 4136): Not granting permission android.permission.BIND_WALLPAPER to package com.android.camera2 (protectionLevel=18 flags=0x58bc45)
W/PackageManager( 4136): Unknown permission com.google.android.gallery3d.permission.GALLERY_PROVIDER in package com.android.bluetooth
W/PackageManager( 4136): Unknown permission com.android.launcher.permission.READ_SETTINGS in package com.android.onetimeinitializer
W/PackageManager( 4136): Unknown permission com.android.launcher.permission.WRITE_SETTINGS in package com.android.onetimeinitializer
W/PackageManager( 4136): Unknown permission com.google.android.c2dm.permission.RECEIVE in package com.cyanogenmod.account
W/PackageManager( 4136): Not granting permission android.permission.DEVICE_POWER to package com.android.deskclock (protectionLevel=2 flags=0x48be45)
W/PackageManager( 4136): Unknown permission com.android.deskclock.worldclock.permissions.WRITE_DATABASE in package com.android.deskclock
W/PackageManager( 4136): Unknown permission com.google.android.googleapps.permission.GOOGLE_AUTH in package com.android.providers.calendar
W/PackageManager( 4136): Unknown permission com.google.android.googleapps.permission.GOOGLE_AUTH.cl in package com.android.providers.calendar
W/PackageManager( 4136): Not granting permission android.permission.WRITE_MEDIA_STORAGE to package com.android.soundrecorder (protectionLevel=18 flags=0x8be45)
W/PackageManager( 4136): Unknown permission android.permission.INSTALL_DRM in package com.android.mms
W/PackageManager( 4136): Unknown permission com.qualcomm.permission.USE_PHONE_SERVICE in package com.android.mms
W/PackageManager( 4136): Not granting permission android.permission.MANAGE_DOCUMENTS to package com.android.mms (protectionLevel=2 flags=0x4049be65)
W/PackageManager( 4136): Not granting permission android.permission.ACCESS_DOWNLOAD_MANAGER to package com.android.browser (protectionLevel=18 flags=0x49be45)
W/PackageManager( 4136): Not granting permission android.permission.SEND_DOWNLOAD_COMPLETED_INTENTS to package com.android.browser (protectionLevel=2 flags=0x49be45)
W/PackageManager( 4136): Unknown permission com.google.android.googleapps.permission.ACCESS_GOOGLE_PASSWORD in package com.android.development
W/PackageManager( 4136): Unknown permission com.google.android.googleapps.permission.GOOGLE_AUTH in package com.android.development
W/PackageManager( 4136): Unknown permission com.google.android.googleapps.permission.GOOGLE_AUTH.ALL_SERVICES in package com.android.development
W/PackageManager( 4136): Unknown permission com.google.android.googleapps.permission.GOOGLE_AUTH.YouTubeUser in package com.android.development
W/PackageManager( 4136): Unknown permission com.android.launcher.permission.READ_SETTINGS in package com.cyanogenmod.trebuchet
W/PackageManager( 4136): Unknown permission com.android.launcher.permission.WRITE_SETTINGS in package com.cyanogenmod.trebuchet
W/PackageManager( 4136): Unknown permission android.permission.CANCEL_NOTIFICATIONS in package org.cyanogenmod.theme.chooser
V/PackageManager( 4136): Disabling com.google.android.gsf/com.google.android.gsf.update.SystemUpdateActivity
W/PackageManager( 4136): Unable to disable com.google.android.gsf/com.google.android.gsf.update.SystemUpdateActivity
V/PackageManager( 4136): Disabling com.google.android.gsf/com.google.android.gsf.update.SystemUpdateService$Receiver
W/PackageManager( 4136): Unable to disable com.google.android.gsf/com.google.android.gsf.update.SystemUpdateService$Receiver
V/PackageManager( 4136): Disabling com.google.android.gsf/com.google.android.gsf.update.SystemUpdateService$SecretCodeReceiver
W/PackageManager( 4136): Unable to disable com.google.android.gsf/com.google.android.gsf.update.SystemUpdateService$SecretCodeReceiver
V/PackageManager( 4136): Disabling com.google.android.gms/com.google.android.gms.update.SystemUpdateActivity
W/PackageManager( 4136): Unable to disable com.google.android.gms/com.google.android.gms.update.SystemUpdateActivity
V/PackageManager( 4136): Disabling com.google.android.gms/com.google.android.gms.update.SystemUpdateService$Receiver
W/PackageManager( 4136): Unable to disable com.google.android.gms/com.google.android.gms.update.SystemUpdateService$Receiver
V/PackageManager( 4136): Disabling com.google.android.gms/com.google.android.gms.update.SystemUpdateService$ActiveReceiver
W/PackageManager( 4136): Unable to disable com.google.android.gms/com.google.android.gms.update.SystemUpdateService$ActiveReceiver
V/PackageManager( 4136): Disabling com.google.android.gms/com.google.android.gms.update.SystemUpdateService$SecretCodeReceiver
W/PackageManager( 4136): Unable to disable com.google.android.gms/com.google.android.gms.update.SystemUpdateService$SecretCodeReceiver
V/PackageManager( 4136): Enabling com.google.android.gsf/com.google.android.gsf.update.SystemUpdateService
W/PackageManager( 4136): Unable to enable com.google.android.gsf/com.google.android.gsf.update.SystemUpdateService
V/PackageManager( 4136): Enabling com.google.android.gms/com.google.android.gms.update.SystemUpdateService
W/PackageManager( 4136): Unable to enable com.google.android.gms/com.google.android.gms.update.SystemUpdateService
I/art     ( 4136): Explicit concurrent mark sweep GC freed 116591(6MB) AllocSpace objects, 50(865KB) LOS objects, 33% free, 18MB/28MB, paused 1.105ms total 51.402ms
I/SystemServer( 4136): User Service
I/lowmemorykiller( 3667): ActivityManager connected
I/SystemServiceManager( 4136): Starting com.android.server.lights.LightsService
I/SystemServiceManager( 4136): Starting com.android.server.BatteryService
I/SystemServiceManager( 4136): Starting com.android.server.usage.UsageStatsService
I/SystemServiceManager( 4136): Starting com.android.server.webkit.WebViewUpdateService
I/SystemServer( 4136): Reading configuration...
I/SystemServer( 4136): Scheduling Policy
I/SystemServer( 4136): Telephony Registry
I/SystemServer( 4136): Entropy Mixer
I/AudioFlinger( 3691): AudioFlinger's thread 0xb61ba000 ready to run
D/r_submix( 3691): adev_close_input_stream()
D/r_submix( 3691): submix_audio_device_release_pipe()
D/r_submix( 3691): submix_audio_device_destroy_pipe(): pipe destroyed
W/AudioPolicyManager( 3691): Input device 00000001 unreachable
W/AudioPolicyManager( 3691): Input device 00000002 unreachable
W/AudioPolicyManager( 3691): Input device 80000004 unreachable
W/AudioPolicyManager( 3691): Input device 80000080 unreachable
W/AudioPolicyManager( 3691): Input device 80000040 unreachable
E/AudioPolicyManager( 3691): Default device 00000002 is unreachable
E/AudioPolicyManager( 3691): Failed to open primary output
E/AudioPolicyManager( 3691): getDeviceForStrategy() speaker device not found for STRATEGY_SONIFICATION
E/AudioPolicyManager( 3691): getDeviceForStrategy() speaker device not found for STRATEGY_SONIFICATION
E/SoundTriggerHwService( 3691): couldn't load sound trigger module sound_trigger.primary (No such file or directory)
I/EntropyMixer( 4136): Added HW RNG output to entropy pool
I/EntropyMixer( 4136): Writing entropy...
I/SystemServer( 4136): Account Manager
I/SystemServer( 4136): Content Manager
I/SystemServer( 4136): System Content Providers
W/ActivityManager( 4136): Can't addPackageDependency on system process
W/CoreSettingsObserver( 4136): Cannot find setting "debug_view_attributes"
W/CoreSettingsObserver( 4136): android.provider.Settings$SettingNotFoundException: debug_view_attributes
W/CoreSettingsObserver( 4136): 	at android.provider.Settings$Global.getInt(Settings.java:8060)
W/CoreSettingsObserver( 4136): 	at com.android.server.am.CoreSettingsObserver.populateSettings(CoreSettingsObserver.java:129)
W/CoreSettingsObserver( 4136): 	at com.android.server.am.CoreSettingsObserver.sendCoreSettings(CoreSettingsObserver.java:82)
W/CoreSettingsObserver( 4136): 	at com.android.server.am.CoreSettingsObserver.<init>(CoreSettingsObserver.java:65)
W/CoreSettingsObserver( 4136): 	at com.android.server.am.ActivityManagerService.installSystemProviders(ActivityManagerService.java:9976)
W/CoreSettingsObserver( 4136): 	at com.android.server.SystemServer.startOtherServices(SystemServer.java:482)
W/CoreSettingsObserver( 4136): 	at com.android.server.SystemServer.run(SystemServer.java:284)
W/CoreSettingsObserver( 4136): 	at com.android.server.SystemServer.main(SystemServer.java:185)
W/CoreSettingsObserver( 4136): 	at java.lang.reflect.Method.invoke(Native Method)
W/CoreSettingsObserver( 4136): 	at java.lang.reflect.Method.invoke(Method.java:372)
W/CoreSettingsObserver( 4136): 	at com.android.internal.os.ZygoteInit$MethodAndArgsCaller.run(ZygoteInit.java:898)
W/CoreSettingsObserver( 4136): 	at com.android.internal.os.ZygoteInit.main(ZygoteInit.java:693)
I/SystemServer( 4136): Vibrator Service
I/SystemServer( 4136): Consumer IR Service
I/SystemServiceManager( 4136): Starting com.android.server.AlarmManagerService
D/AlarmManagerService( 4136): Kernel timezone updated to 180 minutes west of GMT
I/SystemServer( 4136): Init Watchdog
I/SystemServer( 4136): Input Manager
I/InputManager( 4136): Initializing input manager, mUseDevInputEventForAudioJack=false
I/SystemServer( 4136): Window Manager
I/WindowManager( 4136): No existing display settings /data/system/display_settings.xml; starting empty
D/PermissionCache( 3688): checking android.permission.ACCESS_SURFACE_FLINGER for uid=1000 => granted (819 us)
W/Settings( 4136): Setting dev_force_show_navbar has moved from android.provider.Settings.System to android.provider.Settings.Secure, returning Secure URI.
I/InputManager( 4136): Starting input manager
I/SystemServer( 4136): Bluetooth Manager Service
D/EventHub( 4136): No input device configuration file found for device 'hrm_sensor'.
D/BluetoothManagerService( 4136): Loading stored name and address
D/BluetoothManagerService( 4136): Stored bluetooth Name=SM-G900H,Address=14:B4:84:6F:66:79
I/SystemServer( 4136): Input Method Service
W/InputMethodManagerService( 4136): Couldn't create dir.: /data/system/inputmethod
D/EventHub( 4136): No input device configuration file found for device 'ssp_context'.
I/SystemServer( 4136): Accessibility Manager
I/ActivityManager( 4136): Config changes=1df8 {1.0 ?mcc?mnc es_ES ldltr sw360dp w360dp h640dp 480dpi nrml long port ?uimode ?night -touch -keyb/v/h -nav/h s.2 themeResource=null}
I/ActivityManager( 4136): Config changes=400 {1.0 ?mcc?mnc es_ES ldltr sw360dp w360dp h615dp 480dpi nrml long port ?uimode ?night -touch -keyb/v/h -nav/h s.3 themeResource=null}
I/SystemServer( 4136): Mount Service
D/EventHub( 4136): No input device configuration file found for device 'meta_event'.
I/UsageStatsService( 4136): User[0] Rollover scheduled @ 2015-07-16 21:00:00(1437091200000)
D/MountService( 4136): got storage path: /storage/sdcard0 description: Almacenamiento interno primary: true removable: false emulated: true mtpReserve: 100 allowMassStorage: false maxFileSize: 0
D/MountService( 4136): addVolumeLocked() StorageVolume:
D/MountService( 4136):     mStorageId=65537 mPath=/storage/emulated/0 mDescriptionId=17040999 
D/MountService( 4136):     mPrimary=true mRemovable=false mEmulated=true mMtpReserveSpace=100 
D/MountService( 4136):     mAllowMassStorage=false mMaxFileSize=0 mOwner=UserHandle{0} mUuid=null 
D/MountService( 4136):     mUserLabel=null mState=null 
D/MountService( 4136): got storage path: /storage/sdcard1 description: Tarjeta SD primary: false removable: true emulated: false mtpReserve: 0 allowMassStorage: true maxFileSize: 0
D/MountService( 4136): addVolumeLocked() StorageVolume:
D/MountService( 4136):     mStorageId=0 mPath=/storage/sdcard1 mDescriptionId=17041000 mPrimary=false 
D/MountService( 4136):     mRemovable=true mEmulated=false mMtpReserveSpace=0 mAllowMassStorage=true 
D/MountService( 4136):     mMaxFileSize=0 mOwner=null mUuid=null mUserLabel=null mState=null 
D/MountService( 4136): got storage path: /storage/usbdisk description: Almacenamiento USB primary: false removable: true emulated: false mtpReserve: 0 allowMassStorage: false maxFileSize: 0
D/MountService( 4136): addVolumeLocked() StorageVolume:
D/MountService( 4136):     mStorageId=0 mPath=/storage/usbdisk mDescriptionId=17041001 mPrimary=false 
D/MountService( 4136):     mRemovable=true mEmulated=false mMtpReserveSpace=0 mAllowMassStorage=false 
D/MountService( 4136):     mMaxFileSize=0 mOwner=null mUuid=null mUserLabel=null mState=null 
I/SystemServer( 4136): LockSettingsService
I/SystemServiceManager( 4136): Starting com.android.server.devicepolicy.DevicePolicyManagerService$Lifecycle
E/MountService( 4136): Error processing initial volume state
E/MountService( 4136): java.lang.NullPointerException: Attempt to invoke virtual method 'java.lang.String android.os.storage.StorageVolume.getPath()' on a null object reference
E/MountService( 4136): 	at com.android.server.MountService.updatePublicVolumeState(MountService.java:752)
E/MountService( 4136): 	at com.android.server.MountService.access$1700(MountService.java:119)
E/MountService( 4136): 	at com.android.server.MountService$3.run(MountService.java:860)
I/PackageManager( 4136): No secure containers found
W/PackageManager( 4136): Unknown permission com.google.android.googleapps.permission.GOOGLE_AUTH.mail in package com.android.calendar
W/PackageManager( 4136): Unknown permission com.qualcomm.permission.USE_PHONE_SERVICE in package com.android.dialer
W/PackageManager( 4136): Unknown permission android.permission.ACCESS_SUPERUSER in package com.cyanogenmod.filemanager
W/PackageManager( 4136): Unknown permission com.cyanogenmod.filemanager.permissions.READ_THEME in package com.cyanogenmod.filemanager
W/PackageManager( 4136): Unknown permission com.android.vending.BILLING in package eu.chainfire.supersu
W/PackageManager( 4136): Not granting permission android.permission.REBOOT to package eu.chainfire.supersu (protectionLevel=18 flags=0x83e05)
W/PackageManager( 4136): Unknown permission com.cyngn.cmstats.SEND_ANALYTICS in package com.cyanogenmod.setupwizard
W/PackageManager( 4136): Unknown permission com.google.android.gallery3d.permission.PICASA_STORE in package com.android.dreams.phototable
W/PackageManager( 4136): Unknown permission com.google.android.googleapps.permission.GOOGLE_AUTH in package com.android.settings
W/PackageManager( 4136): Unknown permission com.android.launcher.permission.READ_SETTINGS in package com.android.settings
W/PackageManager( 4136): Unknown permission com.android.launcher.permission.WRITE_SETTINGS in package com.android.settings
W/PackageManager( 4136): Not granting permission android.permission.DELETE_PACKAGES to package com.svox.pico (protectionLevel=18 flags=0x8be45)
W/PackageManager( 4136): Unknown permission com.google.android.c2dm.permission.RECEIVE in package org.whispersystems.whisperpush
W/PackageManager( 4136): Not granting permission android.permission.BIND_WALLPAPER to package com.android.camera2 (protectionLevel=18 flags=0x58bc45)
W/PackageManager( 4136): Unknown permission com.google.android.gallery3d.permission.GALLERY_PROVIDER in package com.android.bluetooth
W/PackageManager( 4136): Unknown permission com.android.launcher.permission.READ_SETTINGS in package com.android.onetimeinitializer
W/PackageManager( 4136): Unknown permission com.android.launcher.permission.WRITE_SETTINGS in package com.android.onetimeinitializer
W/PackageManager( 4136): Unknown permission com.google.android.c2dm.permission.RECEIVE in package com.cyanogenmod.account
W/PackageManager( 4136): Not granting permission android.permission.DEVICE_POWER to package com.android.deskclock (protectionLevel=2 flags=0x48be45)
W/PackageManager( 4136): Unknown permission com.android.deskclock.worldclock.permissions.WRITE_DATABASE in package com.android.deskclock
W/PackageManager( 4136): Unknown permission com.google.android.googleapps.permission.GOOGLE_AUTH in package com.android.providers.calendar
W/PackageManager( 4136): Unknown permission com.google.android.googleapps.permission.GOOGLE_AUTH.cl in package com.android.providers.calendar
W/PackageManager( 4136): Not granting permission android.permission.WRITE_MEDIA_STORAGE to package com.android.soundrecorder (protectionLevel=18 flags=0x8be45)
W/PackageManager( 4136): Unknown permission android.permission.INSTALL_DRM in package com.android.mms
W/PackageManager( 4136): Unknown permission com.qualcomm.permission.USE_PHONE_SERVICE in package com.android.mms
W/PackageManager( 4136): Not granting permission android.permission.MANAGE_DOCUMENTS to package com.android.mms (protectionLevel=2 flags=0x4049be65)
W/PackageManager( 4136): Not granting permission android.permission.ACCESS_DOWNLOAD_MANAGER to package com.android.browser (protectionLevel=18 flags=0x49be45)
W/PackageManager( 4136): Not granting permission android.permission.SEND_DOWNLOAD_COMPLETED_INTENTS to package com.android.browser (protectionLevel=2 flags=0x49be45)
W/PackageManager( 4136): Unknown permission com.google.android.googleapps.permission.ACCESS_GOOGLE_PASSWORD in package com.android.development
W/PackageManager( 4136): Unknown permission com.google.android.googleapps.permission.GOOGLE_AUTH in package com.android.development
W/PackageManager( 4136): Unknown permission com.google.android.googleapps.permission.GOOGLE_AUTH.ALL_SERVICES in package com.android.development
W/PackageManager( 4136): Unknown permission com.google.android.googleapps.permission.GOOGLE_AUTH.YouTubeUser in package com.android.development
W/PackageManager( 4136): Unknown permission com.android.launcher.permission.READ_SETTINGS in package com.cyanogenmod.trebuchet
W/PackageManager( 4136): Unknown permission com.android.launcher.permission.WRITE_SETTINGS in package com.cyanogenmod.trebuchet
W/PackageManager( 4136): Unknown permission android.permission.CANCEL_NOTIFICATIONS in package org.cyanogenmod.theme.chooser
I/SystemServer( 4136): Status Bar
I/SystemServer( 4136): Clipboard Service
W/ClipboardService( 4136): No security bridge jar found, using default
I/SystemServer( 4136): TorchService
E/CameraService( 3691): getCameraVendorTagDescriptor: camera hardware module doesn't exist
E/CameraMetadata-JNI( 4136): CameraMetadata_setupGlobalVendorTagDescriptor: Failed to setup vendor tag descriptors, received error No such device (-19)
W/CameraManager( 4136): Failed to set up vendor tags: The camera device is removable and has been disconnected from the Android device, or the camera service has shut down the connection due to a higher-priority access request for the camera device.
E/TorchService( 4136): Couldn't initialize.
E/TorchService( 4136): java.lang.NumberFormatException: Invalid int: "null"
E/TorchService( 4136): 	at java.lang.Integer.invalidInt(Integer.java:138)
E/TorchService( 4136): 	at java.lang.Integer.parseInt(Integer.java:358)
E/TorchService( 4136): 	at java.lang.Integer.parseInt(Integer.java:334)
E/TorchService( 4136): 	at java.lang.Integer.valueOf(Integer.java:525)
E/TorchService( 4136): 	at com.android.server.TorchService.initialize(TorchService.java:104)
E/TorchService( 4136): 	at com.android.server.TorchService.<init>(TorchService.java:99)
E/TorchService( 4136): 	at com.android.server.SystemServer.startOtherServices(SystemServer.java:656)
E/TorchService( 4136): 	at com.android.server.SystemServer.run(SystemServer.java:284)
E/TorchService( 4136): 	at com.android.server.SystemServer.main(SystemServer.java:185)
E/TorchService( 4136): 	at java.lang.reflect.Method.invoke(Native Method)
E/TorchService( 4136): 	at java.lang.reflect.Method.invoke(Method.java:372)
E/TorchService( 4136): 	at com.android.internal.os.ZygoteInit$MethodAndArgsCaller.run(ZygoteInit.java:898)
E/TorchService( 4136): 	at com.android.internal.os.ZygoteInit.main(ZygoteInit.java:693)
I/SystemServer( 4136): NetworkManagement Service
D/EventHub( 4136): No input device configuration file found for device 'step_cnt_sensor'.
I/SystemServer( 4136): Text Service Manager Service
I/SystemServer( 4136): Network Score Service
I/SystemServer( 4136): NetworkStats Service
I/SystemServer( 4136): NetworkPolicy Service
D/EventHub( 4136): No input device configuration file found for device 'uncal_gyro_sensor'.
I/SystemServiceManager( 4136): Starting com.android.server.wifi.p2p.WifiP2pService
I/WifiP2pService( 4136): Registering wifip2p
I/SystemServiceManager( 4136): Starting com.android.server.wifi.WifiService
D/EventHub( 4136): No input device configuration file found for device 'sig_motion_sensor'.
D/EventHub( 4136): No input device configuration file found for device 'uncal_geomagnetic_sensor'.
E/WifiConfigStore( 4136): associatedPartialScanPeriodMilli set to 20000
D/EventHub( 4136): No input device configuration file found for device 'geomagnetic_sensor'.
D/WifiController( 4136): isAirplaneModeOn = false, isWifiEnabled = true, isScanningAvailable = false
I/WifiService( 4136): Registering wifi
I/SystemServiceManager( 4136): Starting com.android.server.wifi.WifiScanningService
I/WifiScanningService( 4136): Creating wifiscanner
I/WifiScanningService( 4136): Starting wifiscanner
I/SystemServiceManager( 4136): Starting com.android.server.wifi.RttService
I/RttService( 4136): Creating rttmanager
I/RttService( 4136): Starting rttmanager
I/SystemServer( 4136): Connectivity Service
D/ConnectivityService( 4136): ConnectivityService starting up
D/ConnectivityService( 4136): wifiOnly=false
E/ConnectivityService( 4136): Ignoring protectedNetwork 10
E/ConnectivityService( 4136): Ignoring protectedNetwork 11
E/ConnectivityService( 4136): Ignoring protectedNetwork 12
E/ConnectivityService( 4136): Ignoring protectedNetwork 14
E/ConnectivityService( 4136): Ignoring protectedNetwork 15
I/SystemServer( 4136): Network Service Discovery Service
D/NsdService( 4136): Network service discovery enabled true
I/SystemServer( 4136): DPM Service
I/SystemServer( 4136): DPM configuration set to 0
I/SystemServer( 4136): UpdateLock Service
I/SystemServiceManager( 4136): Starting com.android.server.notification.NotificationManagerService
D/EventHub( 4136): No input device configuration file found for device 'gesture_sensor'.
I/SystemServiceManager( 4136): Starting com.android.server.storage.DeviceStorageMonitorService
I/SystemServer( 4136): Location Manager
I/SystemServer( 4136): Country Detector
I/SystemServer( 4136): Search Service
I/SystemServer( 4136): DropBox Service
I/SystemServer( 4136): Wallpaper Service
W/WallpaperManagerService( 4136): no current wallpaper -- first boot?
I/SystemServer( 4136): Profile Manager
D/WifiService( 4136): New client listening to asynchronous messages
V/ProfileTriggerHelper( 4136): Enabling
D/ProfileService( 4136): Found active: 6470f56c-0006-4bd4-9d4e-da4899b6057d
D/ProfileService( 4136): Set active profile to: 6470f56c-0006-4bd4-9d4e-da4899b6057d - Por defecto
D/ProfileService( 4136): Saving profile data...
D/ProfileService( 4136): Save completed.
I/SystemServer( 4136): Audio Service
D/EventHub( 4136): No input device configuration file found for device 'temp_humidity_sensor'.
E/AudioPolicyManager( 3691): getDeviceForStrategy() speaker device not found for STRATEGY_SONIFICATION
E/AudioPolicyManager( 3691): getDeviceForStrategy() speaker device not found for STRATEGY_SONIFICATION
E/AudioPolicyManager( 3691): getDeviceForStrategy() speaker device not found for STRATEGY_SONIFICATION
E/AudioPolicyManager( 3691): getDeviceForStrategy() speaker device not found for STRATEGY_SONIFICATION
W/TelecomManager( 4136): Telecom Service not found.
E/AudioPolicyManager( 3691): getDeviceForStrategy() speaker device not found for STRATEGY_SONIFICATION
E/AudioPolicyManager( 3691): getDeviceForStrategy() speaker device not found for STRATEGY_SONIFICATION
E/AudioPolicyManager( 3691): getDeviceForStrategy() speaker device not found for STRATEGY_SONIFICATION
E/AudioPolicyManager( 3691): getDeviceForStrategy() speaker device not found for STRATEGY_SONIFICATION
I/SystemServiceManager( 4136): Starting com.android.server.DockObserver
I/SystemServer( 4136): Wired Accessory Manager
W/WiredAccessoryManager( 4136): This kernel does not have usb audio support
I/SystemServiceManager( 4136): Starting com.android.server.usb.UsbService$Lifecycle
I/SystemServer( 4136): Serial Service
I/SystemServiceManager( 4136): Starting com.android.server.twilight.TwilightService
I/SystemServiceManager( 4136): Starting com.android.server.UiModeManagerService
I/SystemServiceManager( 4136): Starting com.android.server.job.JobSchedulerService
I/SystemServiceManager( 4136): Starting com.android.server.backup.BackupManagerService$Lifecycle
V/BackupManagerService( 4136): No ancestral data
D/BackupManagerService( 4136): Now staging backup of com.android.calendar
D/BackupManagerService( 4136): Now staging backup of com.android.dialer
D/BackupManagerService( 4136): Now staging backup of com.android.providers.userdictionary
D/BackupManagerService( 4136): Now staging backup of com.android.sharedstoragebackup
D/EventHub( 4136): No input device configuration file found for device 'proximity_sensor'.
D/BackupManagerService( 4136): Now staging backup of com.android.providers.settings
D/BackupManagerService( 4136): Now staging backup of android
D/BackupManagerService( 4136): Now staging backup of com.android.mms
D/BackupManagerService( 4136): Now staging backup of com.android.browser
V/BackupManagerService( 4136): Starting with transport com.google.android.backup/.BackupTransportService
V/BackupManagerService( 4136): Found transports: 1
I/BackupManagerService( 4136): Binding to transport host ComponentInfo{android/com.android.internal.backup.LocalTransportService}
I/BackupManagerService( 4136): Found stale backup journal, scheduling
I/SystemServiceManager( 4136): Starting com.android.server.appwidget.AppWidgetService
I/SystemServiceManager( 4136): Starting com.android.server.voiceinteraction.VoiceInteractionManagerService
W/SoundTriggerHelper( 4136): listModules status=0, # of modules=0
I/SystemServer( 4136): DiskStats Service
I/SystemServer( 4136): SamplingProfiler Service
I/SystemServer( 4136): NetworkTimeUpdateService
I/SystemServer( 4136): CommonTimeManagementService
I/SystemServer( 4136): CertBlacklister
I/SystemServiceManager( 4136): Starting com.android.server.dreams.DreamManagerService
D/EventHub( 4136): No input device configuration file found for device 'light_sensor'.
I/SystemServer( 4136): Assets Atlas Service
I/SystemServiceManager( 4136): Starting com.android.server.print.PrintManagerService
D/Atlas   ( 4136): Loaded configuration: SliceMinArea (1728x1984) flags=0x2 count=389
I/SystemServiceManager( 4136): Starting com.android.server.restrictions.RestrictionsManagerService
I/SystemServiceManager( 4136): Starting com.android.server.media.MediaSessionService
I/SystemServer( 4136): Theme Service
I/com.android.server.ThemeService( 4136): Spawned worker thread
I/SystemServer( 4136): KillSwitch Service
I/SystemServer( 4136): Media Router Service
I/SystemServiceManager( 4136): Starting com.android.server.trust.TrustManagerService
I/SystemServiceManager( 4136): Starting com.android.server.fingerprint.FingerprintService
V/Fingerprint-JNI( 4136): nativeInit()
V/Fingerprint-JNI( 4136): nativeOpenHal()
E/Fingerprint-JNI( 4136): Can't open fingerprint HW Module, error: -2
I/SystemServer( 4136): BackgroundDexOptService
I/SystemServer( 4136): CmHardwareService
D/wrapperGPS( 3700): wrapperConnect_RILD
I/SystemServiceManager( 4136): Starting com.android.server.pm.LauncherAppsService
D/SystemServer( 4136): Wipower not supported
I/SystemServer( 4136): EdgeGesture service
I/SystemServiceManager( 4136): Starting com.android.server.media.projection.MediaProjectionManagerService
D/EventHub( 4136): No input device configuration file found for device 'sii8240_rcp'.
W/EventHub( 4136): Unable to disable kernel key repeat for /dev/input/event0: Function not implemented
I/EventHub( 4136): New device: id=13, fd=137, path='/dev/input/event0', name='sii8240_rcp', classes=0x1, configuration='', keyLayout='/system/usr/keylayout/Generic.kl', keyCharacterMap='/system/usr/keychars/Generic.kcm', builtinKeyboard=false, wakeMechanism=EPOLLWAKEUP, usingClockIoctl=true
I/        ( 4136): PLATFORM VERSION : JB-MR-2
D/Atlas   ( 4136): Rendered atlas in 74,13ms (38,84+35,29ms)
E/EventHub( 4136): could not get driver version for /dev/input/mice, Not a typewriter
D/EventHub( 4136): No input device configuration file found for device 'hall'.
D/EventHub( 4136): No input device configuration file found for device 'gpio_keys.16'.
W/EventHub( 4136): Unable to disable kernel key repeat for /dev/input/event16: Function not implemented
I/EventHub( 4136): New device: id=15, fd=138, path='/dev/input/event16', name='gpio_keys.16', classes=0x1, configuration='', keyLayout='/system/usr/keylayout/Generic.kl', keyCharacterMap='/system/usr/keychars/Generic.kcm', builtinKeyboard=false, wakeMechanism=EPOLLWAKEUP, usingClockIoctl=true
D/EventHub( 4136): No input device configuration file found for device 'voicecontrol'.
W/EventHub( 4136): Unable to disable kernel key repeat for /dev/input/event14: Function not implemented
I/EventHub( 4136): New device: id=16, fd=140, path='/dev/input/event14', name='voicecontrol', classes=0x1, configuration='', keyLayout='/system/usr/keylayout/Generic.kl', keyCharacterMap='/system/usr/keychars/Generic.kcm', builtinKeyboard=false, wakeMechanism=EPOLLWAKEUP, usingClockIoctl=true
D/EventHub( 4136): No input device configuration file found for device 'Headset'.
W/EventHub( 4136): Unable to disable kernel key repeat for /dev/input/event15: Function not implemented
I/EventHub( 4136): New device: id=17, fd=141, path='/dev/input/event15', name='Headset', classes=0x1, configuration='', keyLayout='/system/usr/keylayout/Generic.kl', keyCharacterMap='/system/usr/keychars/Generic.kcm', builtinKeyboard=false, wakeMechanism=EPOLLWAKEUP, usingClockIoctl=true
D/EventHub( 4136): No input device configuration file found for device 'sec_touchkey'.
W/EventHub( 4136): Unable to disable kernel key repeat for /dev/input/event17: Function not implemented
I/EventHub( 4136): New device: id=18, fd=142, path='/dev/input/event17', name='sec_touchkey', classes=0x1, configuration='', keyLayout='/system/usr/keylayout/sec_touchkey.kl', keyCharacterMap='/system/usr/keychars/Generic.kcm', builtinKeyboard=false, wakeMechanism=EPOLLWAKEUP, usingClockIoctl=true
D/EventHub( 4136): No input device configuration file found for device 'w1'.
E/EventHub( 4136): could not get driver version for /dev/input/mouse0, Not a typewriter
W/EventHub( 4136): Unable to disable kernel key repeat for /dev/input/event1: Function not implemented
I/EventHub( 4136): New device: id=20, fd=143, path='/dev/input/event1', name='sec_touchscreen', classes=0x15, configuration='/system/usr/idc/sec_touchscreen.idc', keyLayout='/system/usr/keylayout/Generic.kl', keyCharacterMap='/system/usr/keychars/Generic.kcm', builtinKeyboard=false, wakeMechanism=EPOLLWAKEUP, usingClockIoctl=true
I/InputReader( 4136): Device added: id=-1, name='Virtual', sources=0x00000301
I/InputReader( 4136):   Touch device 'sec_touchscreen' could not query the properties of its associated display.  The device will be inoperable until the display size becomes available.
I/InputReader( 4136): Device added: id=20, name='sec_touchscreen', sources=0x00005103
I/InputReader( 4136): Device added: id=18, name='sec_touchkey', sources=0x00000101
I/InputReader( 4136): Device added: id=17, name='Headset', sources=0x00000101
I/InputReader( 4136): Device added: id=16, name='voicecontrol', sources=0x00000101
I/InputReader( 4136): Device added: id=15, name='gpio_keys.16', sources=0x00000101
I/InputReader( 4136): Device added: id=13, name='sii8240_rcp', sources=0x00000101
I/InputReader( 4136): Reconfiguring input devices.  changes=0x00000004
I/InputReader( 4136): Device reconfigured: id=20, name='sec_touchscreen', size 1080x1920, orientation 0, mode 1, display id 0
I/ActivityManager( 4136): Config changes=8 {1.0 ?mcc?mnc es_ES ldltr sw360dp w360dp h615dp 480dpi nrml long port ?uimode ?night finger -keyb/v/h -nav/h s.4 themeResource=null}
I/WindowManager( 4136): SAFE MODE not enabled
I/SystemServiceManager( 4136): Starting com.android.server.MmsServiceBroker
E/SQLiteLog( 4136): (283) recovered 17 frames from WAL file /data/system/locksettings.db-wal
I/SystemServiceManager( 4136): Starting phase 480
I/SystemServiceManager( 4136): Starting phase 500
I/WifiService( 4136): WifiService starting up with Wi-Fi enabled
D/WifiService( 4136): setWifiEnabled: true pid=4136, uid=1000
E/WifiService( 4136): Invoking mWifiStateMachine.setWifiEnabled
D/WifiController( 4136): WifiController msg { when=0 what=155656 target=com.android.internal.util.StateMachine$SmHandler } deferred for 500ms
I/WifiScanningService( 4136): Registering wifiscanner
D/WifiScanningService( 4136): New client, channel: null messenger: null
I/RttService( 4136): Registering rttmanager
D/WifiChangeStateMachine( 4136): Entering IdleState
D/WifiScanningService( 4136): DefaultState
I/ActivityManager( 4136): Config changes=200 {1.0 ?mcc?mnc es_ES ldltr sw360dp w360dp h615dp 480dpi nrml long port finger -keyb/v/h -nav/h s.5 themeResource=null}
D/LiveDisplay( 4136): Adjust display temperature to 6500K [r=1.0 g=1.0 b=1.0]
D/PermissionCache( 3688): checking android.permission.HARDWARE_TEST for uid=1000 => granted (311 us)
D/SurfaceFlinger( 3688): Set power mode=2, type=0 flinger=0xb6a62000
D/SurfaceFlinger( 3688): Screen type=0 is already mode=2
I/ActivityManager( 4136): System now ready
I/DisplayManagerService( 4136): Display device changed: DisplayDeviceInfo{"Pantalla integrada": 1080 x 1920, 60.000004 fps, supportedRefreshRates [60.000004], density 480, 422.03 x 424.069 dpi, appVsyncOff 0, presDeadline 17666666, touch INTERNAL, rotation 0, type BUILT_IN, state ON, FLAG_DEFAULT_DISPLAY, FLAG_ROTATES_WITH_CONTENT, FLAG_SECURE, FLAG_SUPPORTS_PROTECTED_BUFFERS}
I/SystemServer( 4136): Making services ready
I/SystemServiceManager( 4136): Starting phase 550
I/SystemServer( 4136): WebViewFactory preparation
I/Zygote  ( 4136): Process: zygote socket opened, supported ABIS: armeabi-v7a,armeabi
D/UsbHostManager( 4136): Added device UsbDevice[mName=/dev/bus/usb/001/002,mVendorId=5401,mProductId=1091,mClass=239,mSubclass=2,mProtocol=1,mManufacturerName=Comneon,mProductName=3 CDC-ACM + 4 CDC-NCM,mSerialNumber=353746060759785 - USB-HSIC,mConfigurations=[
D/UsbHostManager( 4136): UsbConfiguration[mId=1,mName=null,mAttributes=192,mMaxPower=50,mInterfaces=[
D/UsbHostManager( 4136): UsbInterface[mId=0,mAlternateSetting=0,mName=CDC Communication Interface,mClass=2,mSubclass=2,mProtocol=1,mEndpoints=[
D/UsbHostManager( 4136): UsbEndpoint[mAddress=129,mAttributes=3,mMaxPacketSize=64,mInterval=4]]
D/UsbHostManager( 4136): UsbInterface[mId=1,mAlternateSetting=0,mName=CDC Data Interface,mClass=10,mSubclass=0,mProtocol=0,mEndpoints=[
D/UsbHostManager( 4136): UsbEndpoint[mAddress=130,mAttributes=2,mMaxPacketSize=512,mInterval=0]
D/UsbHostManager( 4136): UsbEndpoint[mAddress=2,mAttributes=2,mMaxPacketSize=512,mInterval=0]]
D/UsbHostManager( 4136): UsbInterface[mId=2,mAlternateSetting=0,mName=CDC Communication Interface,mClass=2,mSubclass=2,mProtocol=1,mEndpoints=[
D/UsbHostManager( 4136): UsbEndpoint[mAddress=131,mAttributes=3,mMaxPacketSize=64,mInterval=4]]
D/UsbHostManager( 4136): UsbInterface[mId=3,mAlternateSetting=0,mName=CDC Data Interface,mClass=10,mSubclass=0,mProtocol=0,mEndpoints=[
D/UsbHostManager( 4136): UsbEndpoint[mAddress=132,mAttributes=2,mMaxPacketSize=512,mInterval=0]
D/UsbHostManager( 4136): UsbEndpoint[mAddress=4,mAttributes=2,mMaxPacketSize=512,mInterval=0]]
D/UsbHostManager( 4136): UsbInterface[mId=4,mAlternateSetting=0,mName=CDC Communication Interface,mClass=2,mSubclass=2,mProtocol=1,mEndpoints=[
D/UsbHostManager( 4136): UsbEndpoint[mAddress=133,mAttributes=3,mMaxPacketSize=64,mInterval=4]]
D/UsbHostManager( 4136): UsbInterface[mId=5,mAlternateSetting=0,mName=CDC Data Interface,mClass=10,mSubclass=0,mProtocol=0,mEndpoints=[
D/UsbHostManager( 4136): UsbEndpoint[mAddress=134,mAttributes=2,mMaxPacketSize=512,mInterval=0]
D/UsbHostManager( 4136): UsbEndpoint[mAddress=6,mAttributes=2,mMaxPacketSize=512,mInterval=0]]
D/UsbHostManager( 4136): UsbInterface[mId=6,mAlternateSetting=0,mName=CDC/NCM Communication Interface,mClass=2,mSubclass=13,mProtocol=0,mEndpoints=[
D/UsbHostManager( 4136): UsbEndpoint[mAddress=135,mAttributes=3,mMaxPacketSize=64,mInterval=4]]
D/UsbHostManager( 4136): UsbInterface[mId=7,mAlternateSetting=0,mName=CDC Data Interface,mClass=10,mSubclass=0,mProtocol=1,mEndpoints=[]
D/UsbHostManager( 4136): UsbInterface[mId=7,mAlternateSetting=1,mName=Data ON,mClass=10,mSubclass=0,mProtocol=1,mEndpoints=[
D/UsbHostManager( 4136): UsbEndpoint[mAddress=136,mAttributes=2,mMaxPacketSize=512,mInterval=0]
D/UsbHostManager( 4136): UsbEndpoint[mAddress=8,mAttributes=2,mMaxPacketSize=512,mInterval=0]]
D/UsbHostManager( 4136): UsbInterface[mId=8,mAlternateSetting=0,mName=CDC/NCM Communication Interface,mClass=2,mSubclass=13,mProtocol=0,mEndpoints=[
D/UsbHostManager( 4136): UsbEndpoint[mAddress=137,mAttributes=3,mMaxPacketSize=64,mInterval=4]]
D/UsbHostManager( 4136): UsbInterface[mId=9,mAlternateSetting=0,mName=CDC Data Interface,mClass=10,mSubclass=0,mProtocol=1,mEndpoints=[]
D/UsbHostManager( 4136): UsbInterface[mId=9,mAlternateSetting=1,mName=Data ON,mClass=10,mSubclass=0,mProtocol=1,mEndpoints=[
D/UsbHostManager( 4136): UsbEndpoint[mAddress=138,mAttributes=2,mMaxPacketSize=512,mInterval=0]
D/UsbHostManager( 4136): UsbEndpoint[mAddress=10,mAttributes=2,mMaxPacketSize=512,mInterval=0]]
D/UsbHostManager( 4136): UsbInterface[mId=10,mAlternateSetting=0,mName=CDC/NCM Communication Interface,mClass=2,mSubclass=13,mProtocol=0,mEndpoints=[
D/UsbHostManager( 4136): UsbEndpoint[mAddress=139,mAttributes=3,mMaxPacketSize=64,mInterval=4]]
D/UsbHostManager( 4136): UsbInterface[mId=11,mAlternateSetting=0,mName=CDC Data Interface,mClass=10,mSubclass=0,mProtocol=1,mEndpoints=[]
D/UsbHostManager( 4136): UsbInterface[mId=11,mAlternateSetting=1,mName=Data ON,mClass=10,mSubclass=0,mProtocol=1,mEndpoints=[
D/UsbHostManager( 4136): UsbEndpoint[mAddress=140,mAttributes=2,mMaxPacketSize=512,mInterval=0]
D/UsbHostManager( 4136): UsbEndpoint[mAddress=12,mAttributes=2,mMaxPacketSize=512,mInterval=0]]
D/UsbHostManager( 4136): UsbInterface[mId=12,mAlternateSetting=0,mName=CDC/NCM Communication Interface,mClass=2,mSubclass=13,mProtocol=0,mEndpoints=[
D/UsbHostManager( 4136): UsbEndpoint[mAddress=141,mAttributes=3,mMaxPacketSize=64,mInterval=4]]
D/UsbHostManager( 4136): UsbInterface[mId=13,mAlternateSetting=0,mName=CDC Data Interface,mClass=10,mSubclass=0,mProtocol=1,mEndpoints=[]
D/UsbHostManager( 4136): UsbInterface[mId=13,mAlternateSetting=1,mName=Data ON,mClass=10,mSubclass=0,mProtocol=1,mEndpoints=[
D/UsbHostManager( 4136): UsbEndpoint[mAddress=142,mAttributes=2,mMaxPacketSize=512,mInterval=0]
D/UsbHostManager( 4136): UsbEndpoint[mAddress=14,mAttributes=2,mMaxPacketSize=512,mInterval=0]]]]
W/ContextImpl( 4136): Calling a method in the system process without a qualified user: android.app.ContextImpl.sendBroadcast:1361 com.android.server.usb.UsbSettingsManager.deviceAttached:741 com.android.server.usb.UsbHostManager.endUsbDeviceAdded:286 com.android.server.usb.UsbHostManager.monitorUsbHostBus:-2 com.android.server.usb.UsbHostManager.access$000:47 
I/ActivityManager( 4136): Start proc android.process.media for broadcast com.android.providers.media/.MtpReceiver: pid=4267 uid=10009 gids={50009, 9997, 1028, 1015, 1023, 1024, 2001, 3003, 3007} abi=armeabi-v7a
I/ActivityManager( 4136): Start proc WebViewLoader-armeabi-v7a [android.webkit.WebViewFactory$RelroFileCreator] for : pid=4289 uid=1037 gids={} abi=armeabi-v7a
V/WebViewFactory( 4289): RelroFileCreator (64bit = false),  32-bit lib: /system/app/webview/lib/arm/libwebviewchromium.so, 64-bit lib: 
I/ActivityManager( 4136): Start proc com.android.systemui for service com.android.systemui/.SystemUIService: pid=4311 uid=10016 gids={50016, 9997, 1028, 1015, 1035, 3002, 3001, 3006} abi=armeabi-v7a
D/NetworkManagementService( 4136): enabling bandwidth control
E/MountService( 4136): Boot-time mount failed (-1)
E/MountService( 4136): Boot-time mount failed (-1)
W/MountService( 4136): Duplicate state transition (mounted -> mounted) for /storage/emulated/0
W/auditd  ( 3686): type=1325 audit(0.0:149): table=filter family=2 entries=50
W/iptables( 4333): type=1300 audit(0.0:149): arch=40000028 syscall=294 per=800000 success=yes exit=0 a0=1f a1=0 a2=40 a3=b6c26000 items=0 ppid=3684 auid=4294967295 uid=0 gid=0 euid=0 suid=0 fsuid=0 egid=0 sgid=0 fsgid=0 ses=4294967295 tty=(none) exe="/system/bin/iptables" key=(null)
W/auditd  ( 3686): type=1320 audit(0.0:149): 
W/auditd  ( 3686): type=1325 audit(0.0:150): table=filter family=10 entries=47
W/ip6tables( 4336): type=1300 audit(0.0:150): arch=40000028 syscall=294 per=800000 success=yes exit=0 a0=1f a1=29 a2=40 a3=b6c29000 items=0 ppid=3684 auid=4294967295 uid=0 gid=0 euid=0 suid=0 fsuid=0 egid=0 sgid=0 fsgid=0 ses=4294967295 tty=(none) exe="/system/bin/ip6tables" key=(null)
W/auditd  ( 3686): type=1320 audit(0.0:150): 
W/auditd  ( 3686): type=1325 audit(0.0:151): table=filter family=2 entries=49
W/iptables( 4337): type=1300 audit(0.0:151): arch=40000028 syscall=294 per=800000 success=yes exit=0 a0=1f a1=0 a2=40 a3=b6c26000 items=0 ppid=3684 auid=4294967295 uid=0 gid=0 euid=0 suid=0 fsuid=0 egid=0 sgid=0 fsgid=0 ses=4294967295 tty=(none) exe="/system/bin/iptables" key=(null)
W/auditd  ( 3686): type=1320 audit(0.0:151): 
W/auditd  ( 3686): type=1325 audit(0.0:152): table=filter family=10 entries=46
W/ip6tables( 4338): type=1300 audit(0.0:152): arch=40000028 syscall=294 per=800000 success=yes exit=0 a0=1f a1=29 a2=40 a3=b6c29000 items=0 ppid=3684 auid=4294967295 uid=0 gid=0 euid=0 suid=0 fsuid=0 egid=0 sgid=0 fsgid=0 ses=4294967295 tty=(none) exe="/system/bin/ip6tables" key=(null)
W/auditd  ( 3686): type=1320 audit(0.0:152): 
I/art     ( 4289): System.exit called, status: 0
I/AndroidRuntime( 4289): VM exiting with result code 0, cleanup skipped.
W/auditd  ( 3686): type=1325 audit(0.0:153): table=filter family=2 entries=48
W/iptables( 4340): type=1300 audit(0.0:153): arch=40000028 syscall=294 per=800000 success=yes exit=0 a0=1f a1=0 a2=40 a3=b6c22000 items=0 ppid=3684 auid=4294967295 uid=0 gid=0 euid=0 suid=0 fsuid=0 egid=0 sgid=0 fsgid=0 ses=4294967295 tty=(none) exe="/system/bin/iptables" key=(null)
W/auditd  ( 3686): type=1320 audit(0.0:153): 
W/auditd  ( 3686): type=1325 audit(0.0:154): table=filter family=10 entries=45
W/ip6tables( 4341): type=1300 audit(0.0:154): arch=40000028 syscall=294 per=800000 success=yes exit=0 a0=1f a1=29 a2=40 a3=b6c24000 items=0 ppid=3684 auid=4294967295 uid=0 gid=0 euid=0 suid=0 fsuid=0 egid=0 sgid=0 fsgid=0 ses=4294967295 tty=(none) exe="/system/bin/ip6tables" key=(null)
W/auditd  ( 3686): type=1320 audit(0.0:154): 
W/auditd  ( 3686): type=1325 audit(0.0:155): table=filter family=2 entries=48
W/iptables( 4342): type=1300 audit(0.0:155): arch=40000028 syscall=294 per=800000 success=yes exit=0 a0=1f a1=0 a2=40 a3=b6c22000 items=0 ppid=3684 auid=4294967295 uid=0 gid=0 euid=0 suid=0 fsuid=0 egid=0 sgid=0 fsgid=0 ses=4294967295 tty=(none) exe="/system/bin/iptables" key=(null)
D/wrapperGPS( 3700): wrapperConnect_RILD
D/gpsd    ( 3700): WakeLock(Acquire,GPSD)
D/gpsd    ( 3700): WakeLock(Release,GPSD)
E/SQLiteLog( 4267): (283) recovered 50 frames from WAL file /data/data/com.android.providers.media/databases/external.db-wal
V/SystemUIService( 4311): Starting SystemUI services.
V/FingerprintService( 4136): startListening(android.service.fingerprint.IFingerprintServiceReceiver$Stub$Proxy@1aa9a565)
W/linker  ( 3691): libavcodec.so has text relocations. This is wasting memory and prevents security hardening. Please fix.
D/WVMDrmPlugIn( 3690): WVMDrmPlugin::onInitialize : 8084
D/WVMDrmPlugIn( 3690): WVMDrmPlugin::onSetOnInfoListener : add 8084
D/WVMDrmPlugIn( 3690): WVMDrmPlugin::onTerminate : 8084
I/FFmpegExtractor( 3691): android-source:0xb5406060
D/WifiController( 4136): DEFERRED_TOGGLE handled
I/FFMPEG  ( 3691): Input #0, ogg, from 'android-source:0xb5406060':
I/FFMPEG  ( 3691):   Duration: 00:00:00.23, start: 0.000000, bitrate: 293 kb/s
I/FFMPEG  ( 3691):     Stream #0:0: Audio: vorbis, 44100 Hz, stereo, fltp, 160 kb/s
D/FFmpegExtractor( 3691): FFmpegExtrator, url: android-source:0xb5406060, format_name: ogg, format_long_name: Ogg
I/FFmpegExtractor( 3691): adjust mime(application/ogg -> audio/vorbis)
D/FFmpegExtractor( 3691): suppoted codec(vorbis) by official Stagefright
D/FFmpegExtractor( 3691): ffmpeg detected media content as 'audio/vorbis' with confidence 0.08
D/NuPlayerDriver( 3691): start(0xb6153d00)
I/GenericSource( 3691): start
W/Utils   ( 3691): bool android::canOffloadStream(const android::sp<android::MetaData>&, bool, const android::sp<android::MetaData>&, bool, audio_stream_type_t) No sample bit depth info in meta data
E/AudioPolicyManager( 3691): isOffloadSupported: stream_type != MUSIC, returning false
W/Utils   ( 3691): bool android::canOffloadStream(const android::sp<android::MetaData>&, bool, const android::sp<android::MetaData>&, bool, audio_stream_type_t) No sample bit depth info in meta data
E/AudioPolicyManager( 3691): isOffloadSupported: stream_type != MUSIC, returning false
D/EXYNOS_COMP_REGS( 3691): 32bit lib is loaded
I/EXYNOS_COMP_REGS( 3691): Loading the library: libOMX.Exynos.AVC.Decoder.so
I/EXYNOS_COMP_REGS( 3691): Loading the library: libOMX.Exynos.AVC.Encoder.so
I/EXYNOS_COMP_REGS( 3691): Loading the library: libOMX.Exynos.MPEG4.Decoder.so
D/SoftapController( 3684): Softap fwReload - Ok
I/EXYNOS_COMP_REGS( 3691): Loading the library: libOMX.Exynos.MPEG4.Encoder.so
W/CommandListener( 3684): Failed to retrieve HW addr for wlan0 (No such device)
I/EXYNOS_COMP_REGS( 3691): Loading the library: libOMX.Exynos.VP8.Decoder.so
I/EXYNOS_COMP_REGS( 3691): Loading the library: libOMX.Exynos.VP8.Encoder.so
I/EXYNOS_COMP_REGS( 3691): Loading the library: libOMX.Exynos.WMV.Decoder.so
D/libexynosv4l2( 3691): try node: /dev/video6
I/libexynosv4l2( 3691): node found for device s5p-mfc-dec: /dev/video6
D/VolumeUI( 4311): Registering volume controller
I/libexynosv4l2( 3691): open video device /dev/video6
E/OMXNodeInstance( 3691): getParameter(100663311) ERROR: 0x8000100e
W/ACodec  ( 3691): do not know color format 0x7f000012 = 2130706450
W/ACodec  ( 3691): do not know color format 0x7f000011 = 2130706449
E/OMXNodeInstance( 3691): getParameter(100663297) ERROR: 0x8000100e
D/libexynosv4l2( 3691): try node: /dev/video6
I/libexynosv4l2( 3691): node found for device s5p-mfc-dec: /dev/video6
I/libexynosv4l2( 3691): open video device /dev/video6
E/OMXNodeInstance( 3691): getParameter(100663311) ERROR: 0x8000100e
W/ACodec  ( 3691): do not know color format 0x7f000012 = 2130706450
W/ACodec  ( 3691): do not know color format 0x7f000011 = 2130706449
E/OMXNodeInstance( 3691): getParameter(100663297) ERROR: 0x8000100e
D/libexynosv4l2( 3691): try node: /dev/video6
I/libexynosv4l2( 3691): node found for device s5p-mfc-dec: /dev/video6
D/CommandListener( 3684): Setting iface cfg
E/WifiStateMachine( 4136): Unable to change interface settings: java.lang.IllegalStateException: command '6 interface setcfg wlan0 0.0.0.0 0 down' failed with '400 6 Failed to set address (No such device)'
I/libexynosv4l2( 3691): open video device /dev/video6
E/OMXNodeInstance( 3691): getParameter(100663311) ERROR: 0x8000100e
W/ACodec  ( 3691): do not know color format 0x7f000012 = 2130706450
W/ACodec  ( 3691): do not know color format 0x7f000011 = 2130706449
E/OMXNodeInstance( 3691): getParameter(100663297) ERROR: 0x8000100e
D/libexynosv4l2( 3691): try node: /dev/video6
I/libexynosv4l2( 3691): node found for device s5p-mfc-dec: /dev/video6
I/libexynosv4l2( 3691): open video device /dev/video6
E/OMXNodeInstance( 3691): getParameter(100663311) ERROR: 0x8000101a
W/ACodec  ( 3691): do not know color format 0x7f000012 = 2130706450
W/ACodec  ( 3691): do not know color format 0x7f000011 = 2130706449
E/OMXNodeInstance( 3691): getParameter(100663297) ERROR: 0x8000100e
I/StatusBarManagerService( 4136): registerStatusBar bar=com.android.internal.statusbar.IStatusBar$Stub$Proxy@16e55bf9
D/libexynosv4l2( 3691): try node: /dev/video6
D/libexynosv4l2( 3691): try node: /dev/video7
I/libexynosv4l2( 3691): node found for device s5p-mfc-enc: /dev/video7
W/Settings( 4311): Setting airplane_mode_on has moved from android.provider.Settings.System to android.provider.Settings.Global, returning read-only value.
I/libexynosv4l2( 3691): open video device /dev/video7
E/OMXNodeInstance( 3691): getParameter(100663311) ERROR: 0x8000100e
W/ACodec  ( 3691): do not know color format 0x7f000011 = 2130706449
W/ACodec  ( 3691): do not know color format 0x10 = 16
W/ACodec  ( 3691): do not know color format 0x7f000013 = 2130706451
W/ACodec  ( 3691): do not know color format 0x7f000789 = 2130708361
W/ACodec  ( 3691): do not know color format 0x7f000012 = 2130706450
W/ACodec  ( 3691): do not know color format 0xf = 15
E/OMXNodeInstance( 3691): getParameter(100663297) ERROR: 0x8000100e
D/libexynosv4l2( 3691): try node: /dev/video6
D/libexynosv4l2( 3691): try node: /dev/video7
I/libexynosv4l2( 3691): node found for device s5p-mfc-enc: /dev/video7
I/libexynosv4l2( 3691): open video device /dev/video7
E/OMXNodeInstance( 3691): getParameter(100663311) ERROR: 0x8000100e
W/ACodec  ( 3691): do not know color format 0x7f000011 = 2130706449
W/ACodec  ( 3691): do not know color format 0x10 = 16
W/ACodec  ( 3691): do not know color format 0x7f000013 = 2130706451
W/ACodec  ( 3691): do not know color format 0x7f000789 = 2130708361
W/ACodec  ( 3691): do not know color format 0x7f000012 = 2130706450
