I/art     ( 4082): DexFile_isDexOptNeeded failed to open oat file '/system/priv-app/AudioFX/arm/AudioFX.odex' for file location '/system/priv-app/AudioFX/AudioFX.apk': Failed to open oat filename for reading: No such file or directory
I/PackageManager( 4082): Running dexopt on: /system/priv-app/AudioFX/AudioFX.apk pkg=org.cyanogenmod.audiofx isa=arm vmSafeMode=false
E/installd( 3685): DexInv: --- END '/system/priv-app/AudioFX/AudioFX.apk' --- status=0x0100, process failed
I/art     ( 4082): DexFile_isDexOptNeeded failed to open oat file '/data/dalvik-cache/arm/system@app@PhaseBeam@PhaseBeam.apk@classes.dex' for file location '/system/app/PhaseBeam/PhaseBeam.apk': Failed to open oat filename for reading: No such file or directory
I/art     ( 4082): DexFile_isDexOptNeeded failed to open oat file '/system/app/PhaseBeam/arm/PhaseBeam.odex' for file location '/system/app/PhaseBeam/PhaseBeam.apk': Failed to open oat filename for reading: No such file or directory
I/PackageManager( 4082): Running dexopt on: /system/app/PhaseBeam/PhaseBeam.apk pkg=com.android.phasebeam isa=arm vmSafeMode=false
D/EventHub( 4082): No input device configuration file found for device 'sec_touchscreen'.
W/EventHub( 4082): Unable to disable kernel key repeat for /dev/input/event1: Function not implemented
I/EventHub( 4082): New device: id=20, fd=113, path='/dev/input/event1', name='sec_touchscreen', classes=0x15, configuration='', keyLayout='/system/usr/keylayout/Generic.kl', keyCharacterMap='/system/usr/keychars/Generic.kcm', builtinKeyboard=false, wakeMechanism=EPOLLWAKEUP, usingClockIoctl=true
I/InputReader( 4082): Device added: id=-1, name='Virtual', sources=0x00000301
I/InputReader( 4082):   Touch device 'sec_touchscreen' could not query the properties of its associated display.  The device will be inoperable until the display size becomes available.
I/InputReader( 4082): Device added: id=20, name='sec_touchscreen', sources=0x00005103
I/InputReader( 4082): Device added: id=18, name='sec_touchkey', sources=0x00000101
I/InputReader( 4082): Device added: id=17, name='Headset', sources=0x00000101
I/InputReader( 4082): Device added: id=16, name='voicecontrol', sources=0x00000101
I/InputReader( 4082): Device added: id=15, name='gpio_keys.16', sources=0x00000101
I/InputReader( 4082): Device added: id=13, name='sii8240_rcp', sources=0x00000101
I/InputReader( 4082): Reconfiguring input devices.  changes=0x00000004
I/InputReader( 4082): Device reconfigured: id=20, name='sec_touchscreen', size 1080x1920, orientation 0, mode 1, display id 0
I/ActivityManager( 4082): Config changes=8 {1.0 ?mcc?mnc es_US ldltr sw360dp w360dp h615dp 480dpi nrml long port ?uimode ?night finger -keyb/h/h -nav/h s.4 themeResource=null}
E/installd( 3685): DexInv: --- END '/system/app/PhaseBeam/PhaseBeam.apk' --- status=0x0100, process failed
I/art     ( 4082): DexFile_isDexOptNeeded failed to open oat file '/data/dalvik-cache/arm/system@app@Eleven@Eleven.apk@classes.dex' for file location '/system/app/Eleven/Eleven.apk': Failed to open oat filename for reading: No such file or directory
I/art     ( 4082): DexFile_isDexOptNeeded failed to open oat file '/system/app/Eleven/arm/Eleven.odex' for file location '/system/app/Eleven/Eleven.apk': Failed to open oat filename for reading: No such file or directory
I/PackageManager( 4082): Running dexopt on: /system/app/Eleven/Eleven.apk pkg=com.cyanogenmod.eleven isa=arm vmSafeMode=false
E/installd( 3685): DexInv: --- END '/system/app/Eleven/Eleven.apk' --- status=0x0100, process failed
I/art     ( 4082): DexFile_isDexOptNeeded failed to open oat file '/data/dalvik-cache/arm/system@app@VisualizationWallpapers@VisualizationWallpapers.apk@classes.dex' for file location '/system/app/VisualizationWallpapers/VisualizationWallpapers.apk': Failed to open oat filename for reading: No such file or directory
I/art     ( 4082): DexFile_isDexOptNeeded failed to open oat file '/system/app/VisualizationWallpapers/arm/VisualizationWallpapers.odex' for file location '/system/app/VisualizationWallpapers/VisualizationWallpapers.apk': Failed to open oat filename for reading: No such file or directory
I/PackageManager( 4082): Running dexopt on: /system/app/VisualizationWallpapers/VisualizationWallpapers.apk pkg=com.android.musicvis isa=arm vmSafeMode=false
E/installd( 3685): DexInv: --- END '/system/app/VisualizationWallpapers/VisualizationWallpapers.apk' --- status=0x0100, process failed
I/art     ( 4082): DexFile_isDexOptNeeded failed to open oat file '/data/dalvik-cache/arm/system@priv-app@ThemesProvider@ThemesProvider.apk@classes.dex' for file location '/system/priv-app/ThemesProvider/ThemesProvider.apk': Failed to open oat filename for reading: No such file or directory
I/art     ( 4082): DexFile_isDexOptNeeded failed to open oat file '/system/priv-app/ThemesProvider/arm/ThemesProvider.odex' for file location '/system/priv-app/ThemesProvider/ThemesProvider.apk': Failed to open oat filename for reading: No such file or directory
I/PackageManager( 4082): Running dexopt on: /system/priv-app/ThemesProvider/ThemesProvider.apk pkg=org.cyanogenmod.themes.provider isa=arm vmSafeMode=false
E/installd( 3685): DexInv: --- END '/system/priv-app/ThemesProvider/ThemesProvider.apk' --- status=0x0100, process failed
I/art     ( 4082): DexFile_isDexOptNeeded failed to open oat file '/data/dalvik-cache/arm/system@app@PhotoPhase@PhotoPhase.apk@classes.dex' for file location '/system/app/PhotoPhase/PhotoPhase.apk': Failed to open oat filename for reading: No such file or directory
I/art     ( 4082): DexFile_isDexOptNeeded failed to open oat file '/system/app/PhotoPhase/arm/PhotoPhase.odex' for file location '/system/app/PhotoPhase/PhotoPhase.apk': Failed to open oat filename for reading: No such file or directory
I/PackageManager( 4082): Running dexopt on: /system/app/PhotoPhase/PhotoPhase.apk pkg=org.cyanogenmod.wallpapers.photophase isa=arm vmSafeMode=false
E/installd( 3685): DexInv: --- END '/system/app/PhotoPhase/PhotoPhase.apk' --- status=0x0100, process failed
I/art     ( 4082): DexFile_isDexOptNeeded failed to open oat file '/data/dalvik-cache/arm/system@app@Browser@Browser.apk@classes.dex' for file location '/system/app/Browser/Browser.apk': Failed to open oat filename for reading: No such file or directory
I/art     ( 4082): DexFile_isDexOptNeeded failed to open oat file '/system/app/Browser/arm/Browser.odex' for file location '/system/app/Browser/Browser.apk': Failed to open oat filename for reading: No such file or directory
I/PackageManager( 4082): Running dexopt on: /system/app/Browser/Browser.apk pkg=com.android.browser isa=arm vmSafeMode=false
E/installd( 3685): DexInv: --- END '/system/app/Browser/Browser.apk' --- status=0x0100, process failed
I/art     ( 4082): DexFile_isDexOptNeeded failed to open oat file '/data/dalvik-cache/arm/system@app@Exchange2@Exchange2.apk@classes.dex' for file location '/system/app/Exchange2/Exchange2.apk': Failed to open oat filename for reading: No such file or directory
I/art     ( 4082): DexFile_isDexOptNeeded failed to open oat file '/system/app/Exchange2/arm/Exchange2.odex' for file location '/system/app/Exchange2/Exchange2.apk': Failed to open oat filename for reading: No such file or directory
I/PackageManager( 4082): Running dexopt on: /system/app/Exchange2/Exchange2.apk pkg=com.android.exchange isa=arm vmSafeMode=false
E/installd( 3685): DexInv: --- END '/system/app/Exchange2/Exchange2.apk' --- status=0x0100, process failed
I/art     ( 4082): DexFile_isDexOptNeeded failed to open oat file '/data/dalvik-cache/arm/system@priv-app@CMUpdater@CMUpdater.apk@classes.dex' for file location '/system/priv-app/CMUpdater/CMUpdater.apk': Failed to open oat filename for reading: No such file or directory
I/art     ( 4082): DexFile_isDexOptNeeded failed to open oat file '/system/priv-app/CMUpdater/arm/CMUpdater.odex' for file location '/system/priv-app/CMUpdater/CMUpdater.apk': Failed to open oat filename for reading: No such file or directory
I/PackageManager( 4082): Running dexopt on: /system/priv-app/CMUpdater/CMUpdater.apk pkg=com.cyanogenmod.updater isa=arm vmSafeMode=false
E/installd( 3685): DexInv: --- END '/system/priv-app/CMUpdater/CMUpdater.apk' --- status=0x0100, process failed
I/art     ( 4082): DexFile_isDexOptNeeded failed to open oat file '/data/dalvik-cache/arm/system@app@LiveWallpapers@LiveWallpapers.apk@classes.dex' for file location '/system/app/LiveWallpapers/LiveWallpapers.apk': Failed to open oat filename for reading: No such file or directory
I/art     ( 4082): DexFile_isDexOptNeeded failed to open oat file '/system/app/LiveWallpapers/arm/LiveWallpapers.odex' for file location '/system/app/LiveWallpapers/LiveWallpapers.apk': Failed to open oat filename for reading: No such file or directory
I/PackageManager( 4082): Running dexopt on: /system/app/LiveWallpapers/LiveWallpapers.apk pkg=com.android.wallpaper isa=arm vmSafeMode=false
E/installd( 3685): DexInv: --- END '/system/app/LiveWallpapers/LiveWallpapers.apk' --- status=0x0100, process failed
I/art     ( 4082): DexFile_isDexOptNeeded failed to open oat file '/data/dalvik-cache/arm/system@priv-app@OneTimeInitializer@OneTimeInitializer.apk@classes.dex' for file location '/system/priv-app/OneTimeInitializer/OneTimeInitializer.apk': Failed to open oat filename for reading: No such file or directory
I/art     ( 4082): DexFile_isDexOptNeeded failed to open oat file '/system/priv-app/OneTimeInitializer/arm/OneTimeInitializer.odex' for file location '/system/priv-app/OneTimeInitializer/OneTimeInitializer.apk': Failed to open oat filename for reading: No such file or directory
I/PackageManager( 4082): Running dexopt on: /system/priv-app/OneTimeInitializer/OneTimeInitializer.apk pkg=com.android.onetimeinitializer isa=arm vmSafeMode=false
E/installd( 3685): DexInv: --- END '/system/priv-app/OneTimeInitializer/OneTimeInitializer.apk' --- status=0x0100, process failed
I/art     ( 4082): DexFile_isDexOptNeeded failed to open oat file '/data/dalvik-cache/arm/system@app@CertInstaller@CertInstaller.apk@classes.dex' for file location '/system/app/CertInstaller/CertInstaller.apk': Failed to open oat filename for reading: No such file or directory
I/art     ( 4082): DexFile_isDexOptNeeded failed to open oat file '/system/app/CertInstaller/arm/CertInstaller.odex' for file location '/system/app/CertInstaller/CertInstaller.apk': Failed to open oat filename for reading: No such file or directory
I/PackageManager( 4082): Running dexopt on: /system/app/CertInstaller/CertInstaller.apk pkg=com.android.certinstaller isa=arm vmSafeMode=false
E/installd( 3685): DexInv: --- END '/system/app/CertInstaller/CertInstaller.apk' --- status=0x0100, process failed
I/art     ( 4082): DexFile_isDexOptNeeded failed to open oat file '/data/dalvik-cache/arm/system@app@Terminal@Terminal.apk@classes.dex' for file location '/system/app/Terminal/Terminal.apk': Failed to open oat filename for reading: No such file or directory
I/art     ( 4082): DexFile_isDexOptNeeded failed to open oat file '/system/app/Terminal/arm/Terminal.odex' for file location '/system/app/Terminal/Terminal.apk': Failed to open oat filename for reading: No such file or directory
I/PackageManager( 4082): Running dexopt on: /system/app/Terminal/Terminal.apk pkg=com.android.terminal isa=arm vmSafeMode=false
E/installd( 3685): DexInv: --- END '/system/app/Terminal/Terminal.apk' --- status=0x0100, process failed
I/art     ( 4082): DexFile_isDexOptNeeded failed to open oat file '/data/dalvik-cache/arm/system@app@BasicDreams@BasicDreams.apk@classes.dex' for file location '/system/app/BasicDreams/BasicDreams.apk': Failed to open oat filename for reading: No such file or directory
I/art     ( 4082): DexFile_isDexOptNeeded failed to open oat file '/system/app/BasicDreams/arm/BasicDreams.odex' for file location '/system/app/BasicDreams/BasicDreams.apk': Failed to open oat filename for reading: No such file or directory
I/PackageManager( 4082): Running dexopt on: /system/app/BasicDreams/BasicDreams.apk pkg=com.android.dreams.basic isa=arm vmSafeMode=false
E/installd( 3685): DexInv: --- END '/system/app/BasicDreams/BasicDreams.apk' --- status=0x0100, process failed
I/art     ( 4082): DexFile_isDexOptNeeded failed to open oat file '/data/dalvik-cache/arm/system@app@KeyChain@KeyChain.apk@classes.dex' for file location '/system/app/KeyChain/KeyChain.apk': Failed to open oat filename for reading: No such file or directory
I/art     ( 4082): DexFile_isDexOptNeeded failed to open oat file '/system/app/KeyChain/arm/KeyChain.odex' for file location '/system/app/KeyChain/KeyChain.apk': Failed to open oat filename for reading: No such file or directory
I/PackageManager( 4082): Running dexopt on: /system/app/KeyChain/KeyChain.apk pkg=com.android.keychain isa=arm vmSafeMode=false
E/installd( 3685): DexInv: --- END '/system/app/KeyChain/KeyChain.apk' --- status=0x0100, process failed
I/art     ( 4082): DexFile_isDexOptNeeded failed to open oat file '/data/dalvik-cache/arm/system@priv-app@SharedStorageBackup@SharedStorageBackup.apk@classes.dex' for file location '/system/priv-app/SharedStorageBackup/SharedStorageBackup.apk': Failed to open oat filename for reading: No such file or directory
I/art     ( 4082): DexFile_isDexOptNeeded failed to open oat file '/system/priv-app/SharedStorageBackup/arm/SharedStorageBackup.odex' for file location '/system/priv-app/SharedStorageBackup/SharedStorageBackup.apk': Failed to open oat filename for reading: No such file or directory
I/PackageManager( 4082): Running dexopt on: /system/priv-app/SharedStorageBackup/SharedStorageBackup.apk pkg=com.android.sharedstoragebackup isa=arm vmSafeMode=false
E/installd( 3685): DexInv: --- END '/system/priv-app/SharedStorageBackup/SharedStorageBackup.apk' --- status=0x0100, process failed
I/art     ( 4082): DexFile_isDexOptNeeded failed to open oat file '/data/dalvik-cache/arm/system@app@DownloadProviderUi@DownloadProviderUi.apk@classes.dex' for file location '/system/app/DownloadProviderUi/DownloadProviderUi.apk': Failed to open oat filename for reading: No such file or directory
I/art     ( 4082): DexFile_isDexOptNeeded failed to open oat file '/system/app/DownloadProviderUi/arm/DownloadProviderUi.odex' for file location '/system/app/DownloadProviderUi/DownloadProviderUi.apk': Failed to open oat filename for reading: No such file or directory
I/PackageManager( 4082): Running dexopt on: /system/app/DownloadProviderUi/DownloadProviderUi.apk pkg=com.android.providers.downloads.ui isa=arm vmSafeMode=false
E/installd( 3685): DexInv: --- END '/system/app/DownloadProviderUi/DownloadProviderUi.apk' --- status=0x0100, process failed
I/art     ( 4082): DexFile_isDexOptNeeded failed to open oat file '/data/dalvik-cache/arm/system@app@Calendar@Calendar.apk@classes.dex' for file location '/system/app/Calendar/Calendar.apk': Failed to open oat filename for reading: No such file or directory
I/art     ( 4082): DexFile_isDexOptNeeded failed to open oat file '/system/app/Calendar/arm/Calendar.odex' for file location '/system/app/Calendar/Calendar.apk': Failed to open oat filename for reading: No such file or directory
I/PackageManager( 4082): Running dexopt on: /system/app/Calendar/Calendar.apk pkg=com.android.calendar isa=arm vmSafeMode=false
E/installd( 3685): DexInv: --- END '/system/app/Calendar/Calendar.apk' --- status=0x0100, process failed
I/art     ( 4082): DexFile_isDexOptNeeded failed to open oat file '/data/dalvik-cache/arm/system@app@PacProcessor@PacProcessor.apk@classes.dex' for file location '/system/app/PacProcessor/PacProcessor.apk': Failed to open oat filename for reading: No such file or directory
I/art     ( 4082): DexFile_isDexOptNeeded failed to open oat file '/system/app/PacProcessor/arm/PacProcessor.odex' for file location '/system/app/PacProcessor/PacProcessor.apk': Failed to open oat filename for reading: No such file or directory
I/PackageManager( 4082): Running dexopt on: /system/app/PacProcessor/PacProcessor.apk pkg=com.android.pacprocessor isa=arm vmSafeMode=false
E/installd( 3685): DexInv: --- END '/system/app/PacProcessor/PacProcessor.apk' --- status=0x0100, process failed
I/art     ( 4082): DexFile_isDexOptNeeded failed to open oat file '/data/dalvik-cache/arm/system@app@DocumentsUI@DocumentsUI.apk@classes.dex' for file location '/system/app/DocumentsUI/DocumentsUI.apk': Failed to open oat filename for reading: No such file or directory
I/art     ( 4082): DexFile_isDexOptNeeded failed to open oat file '/system/app/DocumentsUI/arm/DocumentsUI.odex' for file location '/system/app/DocumentsUI/DocumentsUI.apk': Failed to open oat filename for reading: No such file or directory
I/PackageManager( 4082): Running dexopt on: /system/app/DocumentsUI/DocumentsUI.apk pkg=com.android.documentsui isa=arm vmSafeMode=false
E/installd( 3685): DexInv: --- END '/system/app/DocumentsUI/DocumentsUI.apk' --- status=0x0100, process failed
I/art     ( 4082): DexFile_isDexOptNeeded failed to open oat file '/data/dalvik-cache/arm/system@app@HoloSpiralWallpaper@HoloSpiralWallpaper.apk@classes.dex' for file location '/system/app/HoloSpiralWallpaper/HoloSpiralWallpaper.apk': Failed to open oat filename for reading: No such file or directory
I/art     ( 4082): DexFile_isDexOptNeeded failed to open oat file '/system/app/HoloSpiralWallpaper/arm/HoloSpiralWallpaper.odex' for file location '/system/app/HoloSpiralWallpaper/HoloSpiralWallpaper.apk': Failed to open oat filename for reading: No such file or directory
I/PackageManager( 4082): Running dexopt on: /system/app/HoloSpiralWallpaper/HoloSpiralWallpaper.apk pkg=com.android.wallpaper.holospiral isa=arm vmSafeMode=false
E/installd( 3685): DexInv: --- END '/system/app/HoloSpiralWallpaper/HoloSpiralWallpaper.apk' --- status=0x0100, process failed
I/art     ( 4082): DexFile_isDexOptNeeded failed to open oat file '/data/dalvik-cache/arm/system@app@Calculator@Calculator.apk@classes.dex' for file location '/system/app/Calculator/Calculator.apk': Failed to open oat filename for reading: No such file or directory
I/art     ( 4082): DexFile_isDexOptNeeded failed to open oat file '/system/app/Calculator/arm/Calculator.odex' for file location '/system/app/Calculator/Calculator.apk': Failed to open oat filename for reading: No such file or directory
I/PackageManager( 4082): Running dexopt on: /system/app/Calculator/Calculator.apk pkg=com.android.calculator2 isa=arm vmSafeMode=false
E/installd( 3685): DexInv: --- END '/system/app/Calculator/Calculator.apk' --- status=0x0100, process failed
I/art     ( 4082): DexFile_isDexOptNeeded failed to open oat file '/data/dalvik-cache/arm/system@app@DeskClock@DeskClock.apk@classes.dex' for file location '/system/app/DeskClock/DeskClock.apk': Failed to open oat filename for reading: No such file or directory
I/art     ( 4082): DexFile_isDexOptNeeded failed to open oat file '/system/app/DeskClock/arm/DeskClock.odex' for file location '/system/app/DeskClock/DeskClock.apk': Failed to open oat filename for reading: No such file or directory
I/PackageManager( 4082): Running dexopt on: /system/app/DeskClock/DeskClock.apk pkg=com.android.deskclock isa=arm vmSafeMode=false
E/installd( 3685): DexInv: --- END '/system/app/DeskClock/DeskClock.apk' --- status=0x0100, process failed
I/art     ( 4082): DexFile_isDexOptNeeded failed to open oat file '/data/dalvik-cache/arm/system@app@WhisperPush@WhisperPush.apk@classes.dex' for file location '/system/app/WhisperPush/WhisperPush.apk': Failed to open oat filename for reading: No such file or directory
I/art     ( 4082): DexFile_isDexOptNeeded failed to open oat file '/system/app/WhisperPush/arm/WhisperPush.odex' for file location '/system/app/WhisperPush/WhisperPush.apk': Failed to open oat filename for reading: No such file or directory
I/PackageManager( 4082): Running dexopt on: /system/app/WhisperPush/WhisperPush.apk pkg=org.whispersystems.whisperpush isa=arm vmSafeMode=false
E/installd( 3685): DexInv: --- END '/system/app/WhisperPush/WhisperPush.apk' --- status=0x0100, process failed
I/art     ( 4082): DexFile_isDexOptNeeded failed to open oat file '/data/dalvik-cache/arm/system@app@Development@Development.apk@classes.dex' for file location '/system/app/Development/Development.apk': Failed to open oat filename for reading: No such file or directory
I/art     ( 4082): DexFile_isDexOptNeeded failed to open oat file '/system/app/Development/arm/Development.odex' for file location '/system/app/Development/Development.apk': Failed to open oat filename for reading: No such file or directory
I/PackageManager( 4082): Running dexopt on: /system/app/Development/Development.apk pkg=com.android.development isa=arm vmSafeMode=false
E/installd( 3685): DexInv: --- END '/system/app/Development/Development.apk' --- status=0x0100, process failed
I/art     ( 4082): DexFile_isDexOptNeeded failed to open oat file '/data/dalvik-cache/arm/system@app@SoundRecorder@SoundRecorder.apk@classes.dex' for file location '/system/app/SoundRecorder/SoundRecorder.apk': Failed to open oat filename for reading: No such file or directory
I/art     ( 4082): DexFile_isDexOptNeeded failed to open oat file '/system/app/SoundRecorder/arm/SoundRecorder.odex' for file location '/system/app/SoundRecorder/SoundRecorder.apk': Failed to open oat filename for reading: No such file or directory
I/PackageManager( 4082): Running dexopt on: /system/app/SoundRecorder/SoundRecorder.apk pkg=com.android.soundrecorder isa=arm vmSafeMode=false
E/installd( 3685): DexInv: --- END '/system/app/SoundRecorder/SoundRecorder.apk' --- status=0x0100, process failed
I/art     ( 4082): DexFile_isDexOptNeeded failed to open oat file '/data/dalvik-cache/arm/system@app@PhotoTable@PhotoTable.apk@classes.dex' for file location '/system/app/PhotoTable/PhotoTable.apk': Failed to open oat filename for reading: No such file or directory
I/art     ( 4082): DexFile_isDexOptNeeded failed to open oat file '/system/app/PhotoTable/arm/PhotoTable.odex' for file location '/system/app/PhotoTable/PhotoTable.apk': Failed to open oat filename for reading: No such file or directory
I/PackageManager( 4082): Running dexopt on: /system/app/PhotoTable/PhotoTable.apk pkg=com.android.dreams.phototable isa=arm vmSafeMode=false
E/installd( 3685): DexInv: --- END '/system/app/PhotoTable/PhotoTable.apk' --- status=0x0100, process failed
I/art     ( 4082): DexFile_isDexOptNeeded failed to open oat file '/data/dalvik-cache/arm/system@app@Stk@Stk.apk@classes.dex' for file location '/system/app/Stk/Stk.apk': Failed to open oat filename for reading: No such file or directory
I/art     ( 4082): DexFile_isDexOptNeeded failed to open oat file '/system/app/Stk/arm/Stk.odex' for file location '/system/app/Stk/Stk.apk': Failed to open oat filename for reading: No such file or directory
I/PackageManager( 4082): Running dexopt on: /system/app/Stk/Stk.apk pkg=com.android.stk isa=arm vmSafeMode=false
E/installd( 3685): DexInv: --- END '/system/app/Stk/Stk.apk' --- status=0x0100, process failed
I/art     ( 4082): DexFile_isDexOptNeeded failed to open oat file '/data/dalvik-cache/arm/system@app@LiveWallpapersPicker@LiveWallpapersPicker.apk@classes.dex' for file location '/system/app/LiveWallpapersPicker/LiveWallpapersPicker.apk': Failed to open oat filename for reading: No such file or directory
I/art     ( 4082): DexFile_isDexOptNeeded failed to open oat file '/system/app/LiveWallpapersPicker/arm/LiveWallpapersPicker.odex' for file location '/system/app/LiveWallpapersPicker/LiveWallpapersPicker.apk': Failed to open oat filename for reading: No such file or directory
I/PackageManager( 4082): Running dexopt on: /system/app/LiveWallpapersPicker/LiveWallpapersPicker.apk pkg=com.android.wallpaper.livepicker isa=arm vmSafeMode=false
E/installd( 3685): DexInv: --- END '/system/app/LiveWallpapersPicker/LiveWallpapersPicker.apk' --- status=0x0100, process failed
I/art     ( 4082): DexFile_isDexOptNeeded failed to open oat file '/data/dalvik-cache/arm/system@priv-app@VpnDialogs@VpnDialogs.apk@classes.dex' for file location '/system/priv-app/VpnDialogs/VpnDialogs.apk': Failed to open oat filename for reading: No such file or directory
I/art     ( 4082): DexFile_isDexOptNeeded failed to open oat file '/system/priv-app/VpnDialogs/arm/VpnDialogs.odex' for file location '/system/priv-app/VpnDialogs/VpnDialogs.apk': Failed to open oat filename for reading: No such file or directory
I/PackageManager( 4082): Running dexopt on: /system/priv-app/VpnDialogs/VpnDialogs.apk pkg=com.android.vpndialogs isa=arm vmSafeMode=false
E/installd( 3685): DexInv: --- END '/system/priv-app/VpnDialogs/VpnDialogs.apk' --- status=0x0100, process failed
I/art     ( 4082): DexFile_isDexOptNeeded failed to open oat file '/data/dalvik-cache/arm/system@priv-app@CellBroadcastReceiver@CellBroadcastReceiver.apk@classes.dex' for file location '/system/priv-app/CellBroadcastReceiver/CellBroadcastReceiver.apk': Failed to open oat filename for reading: No such file or directory
I/art     ( 4082): DexFile_isDexOptNeeded failed to open oat file '/system/priv-app/CellBroadcastReceiver/arm/CellBroadcastReceiver.odex' for file location '/system/priv-app/CellBroadcastReceiver/CellBroadcastReceiver.apk': Failed to open oat filename for reading: No such file or directory
I/PackageManager( 4082): Running dexopt on: /system/priv-app/CellBroadcastReceiver/CellBroadcastReceiver.apk pkg=com.android.cellbroadcastreceiver isa=arm vmSafeMode=false
E/installd( 3685): DexInv: --- END '/system/priv-app/CellBroadcastReceiver/CellBroadcastReceiver.apk' --- status=0x0100, process failed
I/art     ( 4082): DexFile_isDexOptNeeded failed to open oat file '/data/dalvik-cache/arm/system@app@webview@webview.apk@classes.dex' for file location '/system/app/webview/webview.apk': Failed to open oat filename for reading: No such file or directory
I/art     ( 4082): DexFile_isDexOptNeeded failed to open oat file '/system/app/webview/arm/webview.odex' for file location '/system/app/webview/webview.apk': Failed to open oat filename for reading: No such file or directory
I/PackageManager( 4082): Running dexopt on: /system/app/webview/webview.apk pkg=com.android.webview isa=arm vmSafeMode=false
E/installd( 3685): DexInv: --- END '/system/app/webview/webview.apk' --- status=0x0100, process failed
I/art     ( 4082): DexFile_isDexOptNeeded failed to open oat file '/data/dalvik-cache/arm/system@app@Bluetooth@Bluetooth.apk@classes.dex' for file location '/system/app/Bluetooth/Bluetooth.apk': Failed to open oat filename for reading: No such file or directory
I/art     ( 4082): DexFile_isDexOptNeeded failed to open oat file '/system/app/Bluetooth/arm/Bluetooth.odex' for file location '/system/app/Bluetooth/Bluetooth.apk': Failed to open oat filename for reading: No such file or directory
I/PackageManager( 4082): Running dexopt on: /system/app/Bluetooth/Bluetooth.apk pkg=com.android.bluetooth isa=arm vmSafeMode=false
E/installd( 3685): DexInv: --- END '/system/app/Bluetooth/Bluetooth.apk' --- status=0x0100, process failed
I/art     ( 4082): DexFile_isDexOptNeeded failed to open oat file '/data/dalvik-cache/arm/system@priv-app@BackupRestoreConfirmation@BackupRestoreConfirmation.apk@classes.dex' for file location '/system/priv-app/BackupRestoreConfirmation/BackupRestoreConfirmation.apk': Failed to open oat filename for reading: No such file or directory
I/art     ( 4082): DexFile_isDexOptNeeded failed to open oat file '/system/priv-app/BackupRestoreConfirmation/arm/BackupRestoreConfirmation.odex' for file location '/system/priv-app/BackupRestoreConfirmation/BackupRestoreConfirmation.apk': Failed to open oat filename for reading: No such file or directory
I/PackageManager( 4082): Running dexopt on: /system/priv-app/BackupRestoreConfirmation/BackupRestoreConfirmation.apk pkg=com.android.backupconfirm isa=arm vmSafeMode=false
E/installd( 3685): DexInv: --- END '/system/priv-app/BackupRestoreConfirmation/BackupRestoreConfirmation.apk' --- status=0x0100, process failed
I/art     ( 4082): DexFile_isDexOptNeeded failed to open oat file '/data/dalvik-cache/arm/system@priv-app@DownloadProvider@DownloadProvider.apk@classes.dex' for file location '/system/priv-app/DownloadProvider/DownloadProvider.apk': Failed to open oat filename for reading: No such file or directory
I/art     ( 4082): DexFile_isDexOptNeeded failed to open oat file '/system/priv-app/DownloadProvider/arm/DownloadProvider.odex' for file location '/system/priv-app/DownloadProvider/DownloadProvider.apk': Failed to open oat filename for reading: No such file or directory
I/PackageManager( 4082): Running dexopt on: /system/priv-app/DownloadProvider/DownloadProvider.apk pkg=com.android.providers.downloads isa=arm vmSafeMode=false
E/installd( 3685): DexInv: --- END '/system/priv-app/DownloadProvider/DownloadProvider.apk' --- status=0x0100, process failed
I/art     ( 4082): DexFile_isDexOptNeeded failed to open oat file '/data/dalvik-cache/arm/system@app@UserDictionaryProvider@UserDictionaryProvider.apk@classes.dex' for file location '/system/app/UserDictionaryProvider/UserDictionaryProvider.apk': Failed to open oat filename for reading: No such file or directory
I/art     ( 4082): DexFile_isDexOptNeeded failed to open oat file '/system/app/UserDictionaryProvider/arm/UserDictionaryProvider.odex' for file location '/system/app/UserDictionaryProvider/UserDictionaryProvider.apk': Failed to open oat filename for reading: No such file or directory
I/PackageManager( 4082): Running dexopt on: /system/app/UserDictionaryProvider/UserDictionaryProvider.apk pkg=com.android.providers.userdictionary isa=arm vmSafeMode=false
E/installd( 3685): DexInv: --- END '/system/app/UserDictionaryProvider/UserDictionaryProvider.apk' --- status=0x0100, process failed
I/SystemServer( 4082): LockSettingsService
I/SystemServiceManager( 4082): Starting com.android.server.devicepolicy.DevicePolicyManagerService$Lifecycle
I/SystemServer( 4082): Status Bar
I/SystemServer( 4082): Clipboard Service
W/ClipboardService( 4082): No security bridge jar found, using default
I/SystemServer( 4082): TorchService
I/CameraManager( 4082): getCameraServiceLocked: Reconnecting to camera service
E/CameraManager( 4082): Camera service is unavailable
E/TorchService( 4082): Couldn't initialize.
E/TorchService( 4082): java.lang.NumberFormatException: Invalid int: "null"
E/TorchService( 4082): 	at java.lang.Integer.invalidInt(Integer.java:138)
E/TorchService( 4082): 	at java.lang.Integer.parseInt(Integer.java:358)
E/TorchService( 4082): 	at java.lang.Integer.parseInt(Integer.java:334)
E/TorchService( 4082): 	at java.lang.Integer.valueOf(Integer.java:525)
E/TorchService( 4082): 	at com.android.server.TorchService.initialize(TorchService.java:104)
E/TorchService( 4082): 	at com.android.server.TorchService.<init>(TorchService.java:99)
E/TorchService( 4082): 	at com.android.server.SystemServer.startOtherServices(SystemServer.java:656)
E/TorchService( 4082): 	at com.android.server.SystemServer.run(SystemServer.java:284)
E/TorchService( 4082): 	at com.android.server.SystemServer.main(SystemServer.java:185)
E/TorchService( 4082): 	at java.lang.reflect.Method.invoke(Native Method)
E/TorchService( 4082): 	at java.lang.reflect.Method.invoke(Method.java:372)
E/TorchService( 4082): 	at com.android.internal.os.ZygoteInit$MethodAndArgsCaller.run(ZygoteInit.java:898)
E/TorchService( 4082): 	at com.android.internal.os.ZygoteInit.main(ZygoteInit.java:693)
I/SystemServer( 4082): NetworkManagement Service
I/SystemServer( 4082): Text Service Manager Service
I/SystemServer( 4082): Network Score Service
I/SystemServer( 4082): NetworkStats Service
I/SystemServer( 4082): NetworkPolicy Service
I/SystemServiceManager( 4082): Starting com.android.server.wifi.p2p.WifiP2pService
I/WifiP2pService( 4082): Registering wifip2p
I/SystemServiceManager( 4082): Starting com.android.server.wifi.WifiService
E/WifiConfigStore( 4082): associatedPartialScanPeriodMilli set to 20000
D/WifiController( 4082): isAirplaneModeOn = false, isWifiEnabled = false, isScanningAvailable = false
I/WifiService( 4082): Registering wifi
I/SystemServiceManager( 4082): Starting com.android.server.wifi.WifiScanningService
I/WifiScanningService( 4082): Creating wifiscanner
I/WifiScanningService( 4082): Starting wifiscanner
I/SystemServiceManager( 4082): Starting com.android.server.wifi.RttService
I/RttService( 4082): Creating rttmanager
I/RttService( 4082): Starting rttmanager
I/SystemServer( 4082): Connectivity Service
D/ConnectivityService( 4082): ConnectivityService starting up
D/ConnectivityService( 4082): wifiOnly=false
E/ConnectivityService( 4082): Ignoring protectedNetwork 10
E/ConnectivityService( 4082): Ignoring protectedNetwork 11
E/ConnectivityService( 4082): Ignoring protectedNetwork 12
E/ConnectivityService( 4082): Ignoring protectedNetwork 14
E/ConnectivityService( 4082): Ignoring protectedNetwork 15
I/SystemServer( 4082): Network Service Discovery Service
D/NsdService( 4082): Network service discovery enabled true
I/SystemServer( 4082): DPM Service
I/SystemServer( 4082): DPM configuration set to 0
I/SystemServer( 4082): UpdateLock Service
I/SystemServiceManager( 4082): Starting com.android.server.notification.NotificationManagerService
I/SystemServiceManager( 4082): Starting com.android.server.storage.DeviceStorageMonitorService
I/DeviceStorageMonitorService( 4082): No boot image on disk due to lack of space. Sending notification
I/SystemServer( 4082): Location Manager
I/SystemServer( 4082): Country Detector
I/SystemServer( 4082): Search Service
I/SystemServer( 4082): DropBox Service
I/SystemServer( 4082): Wallpaper Service
W/WallpaperManagerService( 4082): no current wallpaper -- first boot?
I/SystemServer( 4082): Profile Manager
D/WifiService( 4082): New client listening to asynchronous messages
V/ProfileTriggerHelper( 4082): Enabling
D/ProfileService( 4082): Found active: 55c9ee8f-9ea5-442c-89eb-4bbec558c4ab
D/ProfileService( 4082): Set active profile to: 55c9ee8f-9ea5-442c-89eb-4bbec558c4ab - Por defecto
D/ProfileService( 4082): Saving profile data...
D/ProfileService( 4082): Save completed.
I/SystemServer( 4082): Audio Service
E/AudioService( 4082): Media server died.
I/ServiceManager( 4082): Waiting for service media.audio_policy...
W/TelecomManager( 4082): Telecom Service not found.
I/ServiceManager( 4082): Waiting for service media.audio_policy...
I/ServiceManager( 4082): Waiting for service media.audio_policy...
I/ServiceManager( 4082): Waiting for service media.audio_policy...
I/ServiceManager( 4082): Waiting for service media.audio_policy...
W/AudioSystem( 4082): AudioPolicyService not published, waiting...
I/ServiceManager( 4082): Waiting for service media.audio_policy...
W/SurfaceFlinger( 3666): Ignoring duplicate VSYNC event from HWC (t=31560123336)
W/SurfaceFlinger( 3666): Ignoring duplicate VSYNC event from HWC (t=32015246045)
I/ServiceManager( 4082): Waiting for service media.audio_policy...
I/ServiceManager( 4082): Waiting for service media.audio_policy...
W/SurfaceFlinger( 3666): Ignoring duplicate VSYNC event from HWC (t=33465259711)
I/ServiceManager( 4082): Waiting for service media.audio_policy...
W/SurfaceFlinger( 3666): Ignoring duplicate VSYNC event from HWC (t=34460099712)
I/ServiceManager( 4082): Waiting for service media.audio_policy...
W/SurfaceFlinger( 3666): Ignoring duplicate VSYNC event from HWC (t=35590164087)
W/AudioSystem( 4082): AudioPolicyService not published, waiting...
I/ServiceManager( 4082): Waiting for service media.audio_policy...
W/SurfaceFlinger( 3666): Ignoring duplicate VSYNC event from HWC (t=37310141712)
I/ServiceManager( 4082): Waiting for service media.audio_policy...
W/SurfaceFlinger( 3666): Ignoring duplicate VSYNC event from HWC (t=38895073462)
I/ServiceManager( 4082): Waiting for service media.audio_policy...
I/ServiceManager( 4082): Waiting for service media.audio_policy...
I/ServiceManager( 4082): Waiting for service media.audio_policy...
W/SurfaceFlinger( 3666): Ignoring duplicate VSYNC event from HWC (t=41525366129)
W/AudioSystem( 4082): AudioPolicyService not published, waiting...
I/ServiceManager( 4082): Waiting for service media.audio_policy...
I/ServiceManager( 4082): Waiting for service media.audio_policy...
W/SurfaceFlinger( 3666): Ignoring duplicate VSYNC event from HWC (t=44105415921)
I/ServiceManager( 4082): Waiting for service media.audio_policy...
W/SurfaceFlinger( 3666): Ignoring duplicate VSYNC event from HWC (t=44560674421)
W/SurfaceFlinger( 3666): Ignoring duplicate VSYNC event from HWC (t=45235428005)
I/ServiceManager( 4082): Waiting for service media.audio_policy...
I/ServiceManager( 4082): Waiting for service media.audio_policy...
W/AudioSystem( 4082): AudioPolicyService not published, waiting...
I/ServiceManager( 4082): Waiting for service media.audio_policy...
I/ServiceManager( 4082): Waiting for service media.audio_policy...
I/ServiceManager( 4082): Waiting for service media.audio_policy...
I/ServiceManager( 4082): Waiting for service media.audio_policy...
I/ServiceManager( 4082): Waiting for service media.audio_policy...
W/AudioSystem( 4082): AudioPolicyService not published, waiting...
W/SurfaceFlinger( 3666): Ignoring duplicate VSYNC event from HWC (t=53380423547)
I/ServiceManager( 4082): Waiting for service media.audio_policy...
I/ServiceManager( 4082): Waiting for service media.audio_policy...
I/ServiceManager( 4082): Waiting for service media.audio_policy...
I/ServiceManager( 4082): Waiting for service media.audio_policy...
W/SurfaceFlinger( 3666): Ignoring duplicate VSYNC event from HWC (t=57040482381)
W/SurfaceFlinger( 3666): Ignoring duplicate VSYNC event from HWC (t=57175425798)
I/ServiceManager( 4082): Waiting for service media.audio_policy...
W/AudioSystem( 4082): AudioPolicyService not published, waiting...
I/ServiceManager( 4082): Waiting for service media.audio_policy...
I/ServiceManager( 4082): Waiting for service media.audio_policy...
I/ServiceManager( 4082): Waiting for service media.audio_policy...
W/SurfaceFlinger( 3666): Ignoring duplicate VSYNC event from HWC (t=60970429506)
I/ServiceManager( 4082): Waiting for service media.audio_policy...
I/ServiceManager( 4082): Waiting for service media.audio_policy...
W/AudioSystem( 4082): AudioPolicyService not published, waiting...
I/ServiceManager( 4082): Waiting for service media.audio_policy...
I/ServiceManager( 4082): Waiting for service media.audio_policy...
W/SurfaceFlinger( 3666): Ignoring duplicate VSYNC event from HWC (t=65675484340)
I/ServiceManager( 4082): Waiting for service media.audio_policy...
I/ServiceManager( 4082): Waiting for service media.audio_policy...
I/ServiceManager( 4082): Waiting for service media.audio_policy...
W/AudioSystem( 4082): AudioPolicyService not published, waiting...
I/ServiceManager( 4082): Waiting for service media.audio_policy...
I/ServiceManager( 4082): Waiting for service media.audio_policy...
I/ServiceManager( 4082): Waiting for service media.audio_policy...
W/SurfaceFlinger( 3666): Ignoring duplicate VSYNC event from HWC (t=72725420508)
I/ServiceManager( 4082): Waiting for service media.audio_policy...
I/ServiceManager( 4082): Waiting for service media.audio_policy...
W/SurfaceFlinger( 3666): Ignoring duplicate VSYNC event from HWC (t=74345229591)
W/AudioSystem( 4082): AudioPolicyService not published, waiting...
I/ServiceManager( 4082): Waiting for service media.audio_policy...
I/ServiceManager( 4082): Waiting for service media.audio_policy...
W/SurfaceFlinger( 3666): Ignoring duplicate VSYNC event from HWC (t=76655610133)
W/SurfaceFlinger( 3666): Ignoring duplicate VSYNC event from HWC (t=77195480383)
W/SurfaceFlinger( 3666): Ignoring duplicate VSYNC event from HWC (t=77330433758)
I/ServiceManager( 4082): Waiting for service media.audio_policy...
I/ServiceManager( 4082): Waiting for service media.audio_policy...
