E/installd( 4271): Running /system/bin/patchoat isa=arm in-fd=5 (/system/priv-app/Telecom/arm/Telecom.odex) out-fd=6 (/data/dalvik-cache/arm/system@priv-app@Telecom@Telecom.apk@classes.dex)
I/art     ( 4122): DexFile_isDexOptNeeded failed to open oat file '/data/dalvik-cache/arm/system@priv-app@MmsService@MmsService.apk@classes.dex' for file location '/system/priv-app/MmsService/MmsService.apk': Failed to open oat filename for reading: No such file or directory
I/art     ( 4122): DexFile_isDexOptNeeded file /system/priv-app/MmsService/arm/MmsService.odex needs to be relocated for /system/priv-app/MmsService/MmsService.apk
I/PackageManager( 4122): Running patchoat on: com.android.mms.service
E/installd( 4272): Running /system/bin/patchoat isa=arm in-fd=5 (/system/priv-app/MmsService/arm/MmsService.odex) out-fd=6 (/data/dalvik-cache/arm/system@priv-app@MmsService@MmsService.apk@classes.dex)
I/art     ( 4122): DexFile_isDexOptNeeded failed to open oat file '/data/dalvik-cache/arm/system@priv-app@ManagedProvisioning@ManagedProvisioning.apk@classes.dex' for file location '/system/priv-app/ManagedProvisioning/ManagedProvisioning.apk': Failed to open oat filename for reading: No such file or directory
I/art     ( 4122): DexFile_isDexOptNeeded file /system/priv-app/ManagedProvisioning/arm/ManagedProvisioning.odex needs to be relocated for /system/priv-app/ManagedProvisioning/ManagedProvisioning.apk
I/PackageManager( 4122): Running patchoat on: com.android.managedprovisioning
E/installd( 4273): Running /system/bin/patchoat isa=arm in-fd=5 (/system/priv-app/ManagedProvisioning/arm/ManagedProvisioning.odex) out-fd=6 (/data/dalvik-cache/arm/system@priv-app@ManagedProvisioning@ManagedProvisioning.apk@classes.dex)
I/art     ( 4122): DexFile_isDexOptNeeded failed to open oat file '/data/dalvik-cache/arm/system@priv-app@MediaProvider@MediaProvider.apk@classes.dex' for file location '/system/priv-app/MediaProvider/MediaProvider.apk': Failed to open oat filename for reading: No such file or directory
I/art     ( 4122): DexFile_isDexOptNeeded file /system/priv-app/MediaProvider/arm/MediaProvider.odex needs to be relocated for /system/priv-app/MediaProvider/MediaProvider.apk
I/PackageManager( 4122): Running patchoat on: com.android.providers.media
E/installd( 4274): Running /system/bin/patchoat isa=arm in-fd=5 (/system/priv-app/MediaProvider/arm/MediaProvider.odex) out-fd=6 (/data/dalvik-cache/arm/system@priv-app@MediaProvider@MediaProvider.apk@classes.dex)
I/art     ( 4122): DexFile_isDexOptNeeded failed to open oat file '/data/dalvik-cache/arm/system@priv-app@CalendarProvider@CalendarProvider.apk@classes.dex' for file location '/system/priv-app/CalendarProvider/CalendarProvider.apk': Failed to open oat filename for reading: No such file or directory
I/art     ( 4122): DexFile_isDexOptNeeded file /system/priv-app/CalendarProvider/arm/CalendarProvider.odex needs to be relocated for /system/priv-app/CalendarProvider/CalendarProvider.apk
I/PackageManager( 4122): Running patchoat on: com.android.providers.calendar
E/installd( 4275): Running /system/bin/patchoat isa=arm in-fd=5 (/system/priv-app/CalendarProvider/arm/CalendarProvider.odex) out-fd=6 (/data/dalvik-cache/arm/system@priv-app@CalendarProvider@CalendarProvider.apk@classes.dex)
I/art     ( 4122): DexFile_isDexOptNeeded failed to open oat file '/data/dalvik-cache/arm/system@priv-app@ContactsProvider@ContactsProvider.apk@classes.dex' for file location '/system/priv-app/ContactsProvider/ContactsProvider.apk': Failed to open oat filename for reading: No such file or directory
I/art     ( 4122): DexFile_isDexOptNeeded file /system/priv-app/ContactsProvider/arm/ContactsProvider.odex needs to be relocated for /system/priv-app/ContactsProvider/ContactsProvider.apk
I/PackageManager( 4122): Running patchoat on: com.android.providers.contacts
E/installd( 4276): Running /system/bin/patchoat isa=arm in-fd=5 (/system/priv-app/ContactsProvider/arm/ContactsProvider.odex) out-fd=6 (/data/dalvik-cache/arm/system@priv-app@ContactsProvider@ContactsProvider.apk@classes.dex)
I/art     ( 4122): DexFile_isDexOptNeeded failed to open oat file '/data/dalvik-cache/arm/system@app@PhaseBeam@PhaseBeam.apk@classes.dex' for file location '/system/app/PhaseBeam/PhaseBeam.apk': Failed to open oat filename for reading: No such file or directory
I/art     ( 4122): DexFile_isDexOptNeeded file /system/app/PhaseBeam/arm/PhaseBeam.odex needs to be relocated for /system/app/PhaseBeam/PhaseBeam.apk
I/PackageManager( 4122): Running patchoat on: com.android.phasebeam
E/installd( 4277): Running /system/bin/patchoat isa=arm in-fd=5 (/system/app/PhaseBeam/arm/PhaseBeam.odex) out-fd=6 (/data/dalvik-cache/arm/system@app@PhaseBeam@PhaseBeam.apk@classes.dex)
I/fstrim  ( 3675): Trimmed 8317247488 bytes on /data
I/fstrim  ( 3675): Invoking FITRIM ioctl on /cache
I/art     ( 4122): DexFile_isDexOptNeeded failed to open oat file '/data/dalvik-cache/arm/system@app@HTMLViewer@HTMLViewer.apk@classes.dex' for file location '/system/app/HTMLViewer/HTMLViewer.apk': Failed to open oat filename for reading: No such file or directory
I/art     ( 4122): DexFile_isDexOptNeeded file /system/app/HTMLViewer/arm/HTMLViewer.odex needs to be relocated for /system/app/HTMLViewer/HTMLViewer.apk
I/PackageManager( 4122): Running patchoat on: com.android.htmlviewer
E/installd( 4278): Running /system/bin/patchoat isa=arm in-fd=5 (/system/app/HTMLViewer/arm/HTMLViewer.odex) out-fd=6 (/data/dalvik-cache/arm/system@app@HTMLViewer@HTMLViewer.apk@classes.dex)
I/art     ( 4122): DexFile_isDexOptNeeded failed to open oat file '/data/dalvik-cache/arm/system@app@CertInstaller@CertInstaller.apk@classes.dex' for file location '/system/app/CertInstaller/CertInstaller.apk': Failed to open oat filename for reading: No such file or directory
I/art     ( 4122): DexFile_isDexOptNeeded file /system/app/CertInstaller/arm/CertInstaller.odex needs to be relocated for /system/app/CertInstaller/CertInstaller.apk
I/PackageManager( 4122): Running patchoat on: com.android.certinstaller
E/installd( 4279): Running /system/bin/patchoat isa=arm in-fd=5 (/system/app/CertInstaller/arm/CertInstaller.odex) out-fd=6 (/data/dalvik-cache/arm/system@app@CertInstaller@CertInstaller.apk@classes.dex)
I/fstrim  ( 3675): Trimmed 201904128 bytes on /cache
I/fstrim  ( 3675): Invoking FITRIM ioctl on /efs
I/fstrim  ( 3675): Trimmed 9711616 bytes on /efs
I/fstrim  ( 3675): Invoking FITRIM ioctl on /preload
I/art     ( 4122): DexFile_isDexOptNeeded failed to open oat file '/data/dalvik-cache/arm/system@app@WhisperPush@WhisperPush.apk@classes.dex' for file location '/system/app/WhisperPush/WhisperPush.apk': Failed to open oat filename for reading: No such file or directory
I/art     ( 4122): DexFile_isDexOptNeeded file /system/app/WhisperPush/arm/WhisperPush.odex needs to be relocated for /system/app/WhisperPush/WhisperPush.apk
I/PackageManager( 4122): Running patchoat on: org.whispersystems.whisperpush
E/installd( 4280): Running /system/bin/patchoat isa=arm in-fd=5 (/system/app/WhisperPush/arm/WhisperPush.odex) out-fd=6 (/data/dalvik-cache/arm/system@app@WhisperPush@WhisperPush.apk@classes.dex)
I/fstrim  ( 3675): Trimmed 47357952 bytes on /preload
I/fstrim  ( 3675): Finished fstrim work.
I/art     ( 4122): DexFile_isDexOptNeeded failed to open oat file '/data/dalvik-cache/arm/system@app@HoloSpiralWallpaper@HoloSpiralWallpaper.apk@classes.dex' for file location '/system/app/HoloSpiralWallpaper/HoloSpiralWallpaper.apk': Failed to open oat filename for reading: No such file or directory
I/art     ( 4122): DexFile_isDexOptNeeded file /system/app/HoloSpiralWallpaper/arm/HoloSpiralWallpaper.odex needs to be relocated for /system/app/HoloSpiralWallpaper/HoloSpiralWallpaper.apk
I/PackageManager( 4122): Running patchoat on: com.android.wallpaper.holospiral
E/installd( 4281): Running /system/bin/patchoat isa=arm in-fd=5 (/system/app/HoloSpiralWallpaper/arm/HoloSpiralWallpaper.odex) out-fd=6 (/data/dalvik-cache/arm/system@app@HoloSpiralWallpaper@HoloSpiralWallpaper.apk@classes.dex)
I/art     ( 4122): DexFile_isDexOptNeeded failed to open oat file '/data/dalvik-cache/arm/system@priv-app@VpnDialogs@VpnDialogs.apk@classes.dex' for file location '/system/priv-app/VpnDialogs/VpnDialogs.apk': Failed to open oat filename for reading: No such file or directory
I/art     ( 4122): DexFile_isDexOptNeeded file /system/priv-app/VpnDialogs/arm/VpnDialogs.odex needs to be relocated for /system/priv-app/VpnDialogs/VpnDialogs.apk
I/PackageManager( 4122): Running patchoat on: com.android.vpndialogs
E/installd( 4282): Running /system/bin/patchoat isa=arm in-fd=5 (/system/priv-app/VpnDialogs/arm/VpnDialogs.odex) out-fd=6 (/data/dalvik-cache/arm/system@priv-app@VpnDialogs@VpnDialogs.apk@classes.dex)
I/art     ( 4122): DexFile_isDexOptNeeded failed to open oat file '/data/dalvik-cache/arm/system@app@NoiseField@NoiseField.apk@classes.dex' for file location '/system/app/NoiseField/NoiseField.apk': Failed to open oat filename for reading: No such file or directory
I/art     ( 4122): DexFile_isDexOptNeeded file /system/app/NoiseField/arm/NoiseField.odex needs to be relocated for /system/app/NoiseField/NoiseField.apk
I/PackageManager( 4122): Running patchoat on: com.android.noisefield
E/installd( 4283): Running /system/bin/patchoat isa=arm in-fd=5 (/system/app/NoiseField/arm/NoiseField.odex) out-fd=6 (/data/dalvik-cache/arm/system@app@NoiseField@NoiseField.apk@classes.dex)
I/art     ( 4122): DexFile_isDexOptNeeded failed to open oat file '/data/dalvik-cache/arm/system@priv-app@CMAccount@CMAccount.apk@classes.dex' for file location '/system/priv-app/CMAccount/CMAccount.apk': Failed to open oat filename for reading: No such file or directory
I/art     ( 4122): DexFile_isDexOptNeeded file /system/priv-app/CMAccount/arm/CMAccount.odex needs to be relocated for /system/priv-app/CMAccount/CMAccount.apk
I/PackageManager( 4122): Running patchoat on: com.cyanogenmod.account
E/installd( 4284): Running /system/bin/patchoat isa=arm in-fd=5 (/system/priv-app/CMAccount/arm/CMAccount.odex) out-fd=6 (/data/dalvik-cache/arm/system@priv-app@CMAccount@CMAccount.apk@classes.dex)
I/art     ( 4122): DexFile_isDexOptNeeded failed to open oat file '/data/dalvik-cache/arm/system@app@PhotoPhase@PhotoPhase.apk@classes.dex' for file location '/system/app/PhotoPhase/PhotoPhase.apk': Failed to open oat filename for reading: No such file or directory
I/art     ( 4122): DexFile_isDexOptNeeded file /system/app/PhotoPhase/arm/PhotoPhase.odex needs to be relocated for /system/app/PhotoPhase/PhotoPhase.apk
I/PackageManager( 4122): Running patchoat on: org.cyanogenmod.wallpapers.photophase
E/installd( 4285): Running /system/bin/patchoat isa=arm in-fd=5 (/system/app/PhotoPhase/arm/PhotoPhase.odex) out-fd=6 (/data/dalvik-cache/arm/system@app@PhotoPhase@PhotoPhase.apk@classes.dex)
I/art     ( 4122): DexFile_isDexOptNeeded failed to open oat file '/data/dalvik-cache/arm/system@app@CMFileManager@CMFileManager.apk@classes.dex' for file location '/system/app/CMFileManager/CMFileManager.apk': Failed to open oat filename for reading: No such file or directory
I/art     ( 4122): DexFile_isDexOptNeeded file /system/app/CMFileManager/arm/CMFileManager.odex needs to be relocated for /system/app/CMFileManager/CMFileManager.apk
I/PackageManager( 4122): Running patchoat on: com.cyanogenmod.filemanager
E/installd( 4286): Running /system/bin/patchoat isa=arm in-fd=5 (/system/app/CMFileManager/arm/CMFileManager.odex) out-fd=6 (/data/dalvik-cache/arm/system@app@CMFileManager@CMFileManager.apk@classes.dex)
I/art     ( 4122): DexFile_isDexOptNeeded failed to open oat file '/data/dalvik-cache/arm/system@app@PackageInstaller@PackageInstaller.apk@classes.dex' for file location '/system/app/PackageInstaller/PackageInstaller.apk': Failed to open oat filename for reading: No such file or directory
I/art     ( 4122): DexFile_isDexOptNeeded file /system/app/PackageInstaller/arm/PackageInstaller.odex needs to be relocated for /system/app/PackageInstaller/PackageInstaller.apk
I/PackageManager( 4122): Running patchoat on: com.android.packageinstaller
E/installd( 4287): Running /system/bin/patchoat isa=arm in-fd=5 (/system/app/PackageInstaller/arm/PackageInstaller.odex) out-fd=6 (/data/dalvik-cache/arm/system@app@PackageInstaller@PackageInstaller.apk@classes.dex)
I/auditd  ( 4288): Starting up
I/audit_log( 4288): Previous audit logfile not detected
W/libaudit( 4288): Expected sequence number between user space and kernel space is out of skew, expected 2 got 0
E/audit_rules( 4288): Could not read audit rules /data/misc/audit/audit.rules: No such file or directory
I/art     ( 4122): DexFile_isDexOptNeeded failed to open oat file '/data/dalvik-cache/arm/system@priv-app@ThemeChooser@ThemeChooser.apk@classes.dex' for file location '/system/priv-app/ThemeChooser/ThemeChooser.apk': Failed to open oat filename for reading: No such file or directory
I/art     ( 4122): DexFile_isDexOptNeeded file /system/priv-app/ThemeChooser/arm/ThemeChooser.odex needs to be relocated for /system/priv-app/ThemeChooser/ThemeChooser.apk
I/PackageManager( 4122): Running patchoat on: org.cyanogenmod.theme.chooser
E/installd( 4289): Running /system/bin/patchoat isa=arm in-fd=5 (/system/priv-app/ThemeChooser/arm/ThemeChooser.odex) out-fd=6 (/data/dalvik-cache/arm/system@priv-app@ThemeChooser@ThemeChooser.apk@classes.dex)
I/art     ( 4122): DexFile_isDexOptNeeded failed to open oat file '/data/dalvik-cache/arm/system@app@DeskClock@DeskClock.apk@classes.dex' for file location '/system/app/DeskClock/DeskClock.apk': Failed to open oat filename for reading: No such file or directory
I/art     ( 4122): DexFile_isDexOptNeeded file /system/app/DeskClock/arm/DeskClock.odex needs to be relocated for /system/app/DeskClock/DeskClock.apk
I/PackageManager( 4122): Running patchoat on: com.android.deskclock
E/installd( 4290): Running /system/bin/patchoat isa=arm in-fd=5 (/system/app/DeskClock/arm/DeskClock.odex) out-fd=6 (/data/dalvik-cache/arm/system@app@DeskClock@DeskClock.apk@classes.dex)
I/art     ( 4122): DexFile_isDexOptNeeded failed to open oat file '/data/dalvik-cache/arm/system@priv-app@WallpaperCropper@WallpaperCropper.apk@classes.dex' for file location '/system/priv-app/WallpaperCropper/WallpaperCropper.apk': Failed to open oat filename for reading: No such file or directory
I/art     ( 4122): DexFile_isDexOptNeeded file /system/priv-app/WallpaperCropper/arm/WallpaperCropper.odex needs to be relocated for /system/priv-app/WallpaperCropper/WallpaperCropper.apk
I/PackageManager( 4122): Running patchoat on: com.android.wallpapercropper
E/installd( 4292): Running /system/bin/patchoat isa=arm in-fd=5 (/system/priv-app/WallpaperCropper/arm/WallpaperCropper.odex) out-fd=6 (/data/dalvik-cache/arm/system@priv-app@WallpaperCropper@WallpaperCropper.apk@classes.dex)
I/art     ( 4122): DexFile_isDexOptNeeded failed to open oat file '/data/dalvik-cache/arm/system@app@PhotoTable@PhotoTable.apk@classes.dex' for file location '/system/app/PhotoTable/PhotoTable.apk': Failed to open oat filename for reading: No such file or directory
I/art     ( 4122): DexFile_isDexOptNeeded file /system/app/PhotoTable/arm/PhotoTable.odex needs to be relocated for /system/app/PhotoTable/PhotoTable.apk
I/PackageManager( 4122): Running patchoat on: com.android.dreams.phototable
E/installd( 4295): Running /system/bin/patchoat isa=arm in-fd=5 (/system/app/PhotoTable/arm/PhotoTable.odex) out-fd=6 (/data/dalvik-cache/arm/system@app@PhotoTable@PhotoTable.apk@classes.dex)
I/art     ( 4122): DexFile_isDexOptNeeded failed to open oat file '/data/dalvik-cache/arm/system@app@LiveWallpapers@LiveWallpapers.apk@classes.dex' for file location '/system/app/LiveWallpapers/LiveWallpapers.apk': Failed to open oat filename for reading: No such file or directory
I/art     ( 4122): DexFile_isDexOptNeeded file /system/app/LiveWallpapers/arm/LiveWallpapers.odex needs to be relocated for /system/app/LiveWallpapers/LiveWallpapers.apk
I/PackageManager( 4122): Running patchoat on: com.android.wallpaper
E/installd( 4296): Running /system/bin/patchoat isa=arm in-fd=5 (/system/app/LiveWallpapers/arm/LiveWallpapers.odex) out-fd=6 (/data/dalvik-cache/arm/system@app@LiveWallpapers@LiveWallpapers.apk@classes.dex)
I/art     ( 4122): DexFile_isDexOptNeeded failed to open oat file '/data/dalvik-cache/arm/system@priv-app@Contacts@Contacts.apk@classes.dex' for file location '/system/priv-app/Contacts/Contacts.apk': Failed to open oat filename for reading: No such file or directory
I/art     ( 4122): DexFile_isDexOptNeeded file /system/priv-app/Contacts/arm/Contacts.odex needs to be relocated for /system/priv-app/Contacts/Contacts.apk
I/PackageManager( 4122): Running patchoat on: com.android.contacts
E/installd( 4297): Running /system/bin/patchoat isa=arm in-fd=5 (/system/priv-app/Contacts/arm/Contacts.odex) out-fd=6 (/data/dalvik-cache/arm/system@priv-app@Contacts@Contacts.apk@classes.dex)
I/art     ( 4122): DexFile_isDexOptNeeded failed to open oat file '/data/dalvik-cache/arm/system@app@PacProcessor@PacProcessor.apk@classes.dex' for file location '/system/app/PacProcessor/PacProcessor.apk': Failed to open oat filename for reading: No such file or directory
I/art     ( 4122): DexFile_isDexOptNeeded file /system/app/PacProcessor/arm/PacProcessor.odex needs to be relocated for /system/app/PacProcessor/PacProcessor.apk
I/PackageManager( 4122): Running patchoat on: com.android.pacprocessor
E/installd( 4298): Running /system/bin/patchoat isa=arm in-fd=5 (/system/app/PacProcessor/arm/PacProcessor.odex) out-fd=6 (/data/dalvik-cache/arm/system@app@PacProcessor@PacProcessor.apk@classes.dex)
I/art     ( 4122): DexFile_isDexOptNeeded failed to open oat file '/data/dalvik-cache/arm/system@app@WAPPushManager@WAPPushManager.apk@classes.dex' for file location '/system/app/WAPPushManager/WAPPushManager.apk': Failed to open oat filename for reading: No such file or directory
I/art     ( 4122): DexFile_isDexOptNeeded file /system/app/WAPPushManager/arm/WAPPushManager.odex needs to be relocated for /system/app/WAPPushManager/WAPPushManager.apk
I/PackageManager( 4122): Running patchoat on: com.android.smspush
E/installd( 4299): Running /system/bin/patchoat isa=arm in-fd=5 (/system/app/WAPPushManager/arm/WAPPushManager.odex) out-fd=6 (/data/dalvik-cache/arm/system@app@WAPPushManager@WAPPushManager.apk@classes.dex)
I/art     ( 4122): DexFile_isDexOptNeeded failed to open oat file '/data/dalvik-cache/arm/system@app@VisualizationWallpapers@VisualizationWallpapers.apk@classes.dex' for file location '/system/app/VisualizationWallpapers/VisualizationWallpapers.apk': Failed to open oat filename for reading: No such file or directory
I/art     ( 4122): DexFile_isDexOptNeeded file /system/app/VisualizationWallpapers/arm/VisualizationWallpapers.odex needs to be relocated for /system/app/VisualizationWallpapers/VisualizationWallpapers.apk
I/PackageManager( 4122): Running patchoat on: com.android.musicvis
E/installd( 4300): Running /system/bin/patchoat isa=arm in-fd=5 (/system/app/VisualizationWallpapers/arm/VisualizationWallpapers.odex) out-fd=6 (/data/dalvik-cache/arm/system@app@VisualizationWallpapers@VisualizationWallpapers.apk@classes.dex)
I/art     ( 4122): DexFile_isDexOptNeeded failed to open oat file '/data/dalvik-cache/arm/system@app@Galaxy4@Galaxy4.apk@classes.dex' for file location '/system/app/Galaxy4/Galaxy4.apk': Failed to open oat filename for reading: No such file or directory
I/art     ( 4122): DexFile_isDexOptNeeded file /system/app/Galaxy4/arm/Galaxy4.odex needs to be relocated for /system/app/Galaxy4/Galaxy4.apk
I/PackageManager( 4122): Running patchoat on: com.android.galaxy4
E/installd( 4301): Running /system/bin/patchoat isa=arm in-fd=5 (/system/app/Galaxy4/arm/Galaxy4.odex) out-fd=6 (/data/dalvik-cache/arm/system@app@Galaxy4@Galaxy4.apk@classes.dex)
I/art     ( 4122): DexFile_isDexOptNeeded failed to open oat file '/data/dalvik-cache/arm/system@priv-app@SharedStorageBackup@SharedStorageBackup.apk@classes.dex' for file location '/system/priv-app/SharedStorageBackup/SharedStorageBackup.apk': Failed to open oat filename for reading: No such file or directory
I/art     ( 4122): DexFile_isDexOptNeeded file /system/priv-app/SharedStorageBackup/arm/SharedStorageBackup.odex needs to be relocated for /system/priv-app/SharedStorageBackup/SharedStorageBackup.apk
I/PackageManager( 4122): Running patchoat on: com.android.sharedstoragebackup
E/installd( 4302): Running /system/bin/patchoat isa=arm in-fd=5 (/system/priv-app/SharedStorageBackup/arm/SharedStorageBackup.odex) out-fd=6 (/data/dalvik-cache/arm/system@priv-app@SharedStorageBackup@SharedStorageBackup.apk@classes.dex)
I/art     ( 4122): DexFile_isDexOptNeeded failed to open oat file '/data/dalvik-cache/arm/system@app@Terminal@Terminal.apk@classes.dex' for file location '/system/app/Terminal/Terminal.apk': Failed to open oat filename for reading: No such file or directory
I/art     ( 4122): DexFile_isDexOptNeeded file /system/app/Terminal/arm/Terminal.odex needs to be relocated for /system/app/Terminal/Terminal.apk
I/PackageManager( 4122): Running patchoat on: com.android.terminal
E/installd( 4303): Running /system/bin/patchoat isa=arm in-fd=5 (/system/app/Terminal/arm/Terminal.odex) out-fd=6 (/data/dalvik-cache/arm/system@app@Terminal@Terminal.apk@classes.dex)
I/art     ( 4122): DexFile_isDexOptNeeded failed to open oat file '/data/dalvik-cache/arm/system@app@Browser@Browser.apk@classes.dex' for file location '/system/app/Browser/Browser.apk': Failed to open oat filename for reading: No such file or directory
I/art     ( 4122): DexFile_isDexOptNeeded file /system/app/Browser/arm/Browser.odex needs to be relocated for /system/app/Browser/Browser.apk
I/PackageManager( 4122): Running patchoat on: com.android.browser
E/installd( 4304): Running /system/bin/patchoat isa=arm in-fd=5 (/system/app/Browser/arm/Browser.odex) out-fd=6 (/data/dalvik-cache/arm/system@app@Browser@Browser.apk@classes.dex)
I/art     ( 4122): DexFile_isDexOptNeeded failed to open oat file '/data/dalvik-cache/arm/system@priv-app@ThemesProvider@ThemesProvider.apk@classes.dex' for file location '/system/priv-app/ThemesProvider/ThemesProvider.apk': Failed to open oat filename for reading: No such file or directory
I/art     ( 4122): DexFile_isDexOptNeeded file /system/priv-app/ThemesProvider/arm/ThemesProvider.odex needs to be relocated for /system/priv-app/ThemesProvider/ThemesProvider.apk
I/PackageManager( 4122): Running patchoat on: org.cyanogenmod.themes.provider
E/installd( 4305): Running /system/bin/patchoat isa=arm in-fd=5 (/system/priv-app/ThemesProvider/arm/ThemesProvider.odex) out-fd=6 (/data/dalvik-cache/arm/system@priv-app@ThemesProvider@ThemesProvider.apk@classes.dex)
I/art     ( 4122): DexFile_isDexOptNeeded failed to open oat file '/data/dalvik-cache/arm/system@app@BasicDreams@BasicDreams.apk@classes.dex' for file location '/system/app/BasicDreams/BasicDreams.apk': Failed to open oat filename for reading: No such file or directory
I/art     ( 4122): DexFile_isDexOptNeeded file /system/app/BasicDreams/arm/BasicDreams.odex needs to be relocated for /system/app/BasicDreams/BasicDreams.apk
I/PackageManager( 4122): Running patchoat on: com.android.dreams.basic
E/installd( 4306): Running /system/bin/patchoat isa=arm in-fd=5 (/system/app/BasicDreams/arm/BasicDreams.odex) out-fd=6 (/data/dalvik-cache/arm/system@app@BasicDreams@BasicDreams.apk@classes.dex)
I/art     ( 4122): DexFile_isDexOptNeeded failed to open oat file '/data/dalvik-cache/arm/system@priv-app@Trebuchet@Trebuchet.apk@classes.dex' for file location '/system/priv-app/Trebuchet/Trebuchet.apk': Failed to open oat filename for reading: No such file or directory
I/art     ( 4122): DexFile_isDexOptNeeded file /system/priv-app/Trebuchet/arm/Trebuchet.odex needs to be relocated for /system/priv-app/Trebuchet/Trebuchet.apk
I/PackageManager( 4122): Running patchoat on: com.cyanogenmod.trebuchet
E/installd( 4307): Running /system/bin/patchoat isa=arm in-fd=5 (/system/priv-app/Trebuchet/arm/Trebuchet.odex) out-fd=6 (/data/dalvik-cache/arm/system@priv-app@Trebuchet@Trebuchet.apk@classes.dex)
I/art     ( 4122): DexFile_isDexOptNeeded failed to open oat file '/data/dalvik-cache/arm/system@app@Gallery2@Gallery2.apk@classes.dex' for file location '/system/app/Gallery2/Gallery2.apk': Failed to open oat filename for reading: No such file or directory
I/art     ( 4122): DexFile_isDexOptNeeded file /system/app/Gallery2/arm/Gallery2.odex needs to be relocated for /system/app/Gallery2/Gallery2.apk
I/PackageManager( 4122): Running patchoat on: com.android.gallery3d
E/installd( 4309): Running /system/bin/patchoat isa=arm in-fd=5 (/system/app/Gallery2/arm/Gallery2.odex) out-fd=6 (/data/dalvik-cache/arm/system@app@Gallery2@Gallery2.apk@classes.dex)
I/art     ( 4122): DexFile_isDexOptNeeded failed to open oat file '/data/dalvik-cache/arm/system@app@webview@webview.apk@classes.dex' for file location '/system/app/webview/webview.apk': Failed to open oat filename for reading: No such file or directory
I/art     ( 4122): DexFile_isDexOptNeeded file /system/app/webview/arm/webview.odex needs to be relocated for /system/app/webview/webview.apk
I/PackageManager( 4122): Running patchoat on: com.android.webview
E/installd( 4310): Running /system/bin/patchoat isa=arm in-fd=5 (/system/app/webview/arm/webview.odex) out-fd=6 (/data/dalvik-cache/arm/system@app@webview@webview.apk@classes.dex)
I/art     ( 4122): DexFile_isDexOptNeeded failed to open oat file '/data/dalvik-cache/arm/system@app@SoundRecorder@SoundRecorder.apk@classes.dex' for file location '/system/app/SoundRecorder/SoundRecorder.apk': Failed to open oat filename for reading: No such file or directory
I/art     ( 4122): DexFile_isDexOptNeeded file /system/app/SoundRecorder/arm/SoundRecorder.odex needs to be relocated for /system/app/SoundRecorder/SoundRecorder.apk
I/PackageManager( 4122): Running patchoat on: com.android.soundrecorder
E/installd( 4314): Running /system/bin/patchoat isa=arm in-fd=5 (/system/app/SoundRecorder/arm/SoundRecorder.odex) out-fd=6 (/data/dalvik-cache/arm/system@app@SoundRecorder@SoundRecorder.apk@classes.dex)
I/art     ( 4122): DexFile_isDexOptNeeded failed to open oat file '/data/dalvik-cache/arm/system@priv-app@ExternalStorageProvider@ExternalStorageProvider.apk@classes.dex' for file location '/system/priv-app/ExternalStorageProvider/ExternalStorageProvider.apk': Failed to open oat filename for reading: No such file or directory
I/art     ( 4122): DexFile_isDexOptNeeded file /system/priv-app/ExternalStorageProvider/arm/ExternalStorageProvider.odex needs to be relocated for /system/priv-app/ExternalStorageProvider/ExternalStorageProvider.apk
I/PackageManager( 4122): Running patchoat on: com.android.externalstorage
E/installd( 4315): Running /system/bin/patchoat isa=arm in-fd=5 (/system/priv-app/ExternalStorageProvider/arm/ExternalStorageProvider.odex) out-fd=6 (/data/dalvik-cache/arm/system@priv-app@ExternalStorageProvider@ExternalStorageProvider.apk@classes.dex)
I/art     ( 4122): DexFile_isDexOptNeeded failed to open oat file '/data/dalvik-cache/arm/system@app@CMWallpapers@CMWallpapers.apk@classes.dex' for file location '/system/app/CMWallpapers/CMWallpapers.apk': Failed to open oat filename for reading: No such file or directory
I/art     ( 4122): DexFile_isDexOptNeeded file /system/app/CMWallpapers/arm/CMWallpapers.odex needs to be relocated for /system/app/CMWallpapers/CMWallpapers.apk
I/PackageManager( 4122): Running patchoat on: com.cyanogenmod.wallpapers
E/installd( 4316): Running /system/bin/patchoat isa=arm in-fd=5 (/system/app/CMWallpapers/arm/CMWallpapers.odex) out-fd=6 (/data/dalvik-cache/arm/system@app@CMWallpapers@CMWallpapers.apk@classes.dex)
I/art     ( 4122): DexFile_isDexOptNeeded failed to open oat file '/data/dalvik-cache/arm/system@app@Bluetooth@Bluetooth.apk@classes.dex' for file location '/system/app/Bluetooth/Bluetooth.apk': Failed to open oat filename for reading: No such file or directory
I/art     ( 4122): DexFile_isDexOptNeeded file /system/app/Bluetooth/arm/Bluetooth.odex needs to be relocated for /system/app/Bluetooth/Bluetooth.apk
I/PackageManager( 4122): Running patchoat on: com.android.bluetooth
E/installd( 4317): Running /system/bin/patchoat isa=arm in-fd=5 (/system/app/Bluetooth/arm/Bluetooth.odex) out-fd=6 (/data/dalvik-cache/arm/system@app@Bluetooth@Bluetooth.apk@classes.dex)
I/art     ( 4122): DexFile_isDexOptNeeded failed to open oat file '/data/dalvik-cache/arm/system@app@LiveWallpapersPicker@LiveWallpapersPicker.apk@classes.dex' for file location '/system/app/LiveWallpapersPicker/LiveWallpapersPicker.apk': Failed to open oat filename for reading: No such file or directory
I/art     ( 4122): DexFile_isDexOptNeeded file /system/app/LiveWallpapersPicker/arm/LiveWallpapersPicker.odex needs to be relocated for /system/app/LiveWallpapersPicker/LiveWallpapersPicker.apk
I/PackageManager( 4122): Running patchoat on: com.android.wallpaper.livepicker
E/installd( 4318): Running /system/bin/patchoat isa=arm in-fd=5 (/system/app/LiveWallpapersPicker/arm/LiveWallpapersPicker.odex) out-fd=6 (/data/dalvik-cache/arm/system@app@LiveWallpapersPicker@LiveWallpapersPicker.apk@classes.dex)
I/art     ( 4122): DexFile_isDexOptNeeded failed to open oat file '/data/dalvik-cache/arm/system@app@LockClock@LockClock.apk@classes.dex' for file location '/system/app/LockClock/LockClock.apk': Failed to open oat filename for reading: No such file or directory
I/art     ( 4122): DexFile_isDexOptNeeded file /system/app/LockClock/arm/LockClock.odex needs to be relocated for /system/app/LockClock/LockClock.apk
I/PackageManager( 4122): Running patchoat on: com.cyanogenmod.lockclock
E/installd( 4319): Running /system/bin/patchoat isa=arm in-fd=5 (/system/app/LockClock/arm/LockClock.odex) out-fd=6 (/data/dalvik-cache/arm/system@app@LockClock@LockClock.apk@classes.dex)
I/art     ( 4122): DexFile_isDexOptNeeded failed to open oat file '/data/dalvik-cache/arm/system@app@Email@Email.apk@classes.dex' for file location '/system/app/Email/Email.apk': Failed to open oat filename for reading: No such file or directory
I/art     ( 4122): DexFile_isDexOptNeeded file /system/app/Email/arm/Email.odex needs to be relocated for /system/app/Email/Email.apk
I/PackageManager( 4122): Running patchoat on: com.android.email
E/installd( 4320): Running /system/bin/patchoat isa=arm in-fd=5 (/system/app/Email/arm/Email.odex) out-fd=6 (/data/dalvik-cache/arm/system@app@Email@Email.apk@classes.dex)
I/art     ( 4122): DexFile_isDexOptNeeded failed to open oat file '/data/dalvik-cache/arm/system@app@DownloadProviderUi@DownloadProviderUi.apk@classes.dex' for file location '/system/app/DownloadProviderUi/DownloadProviderUi.apk': Failed to open oat filename for reading: No such file or directory
I/art     ( 4122): DexFile_isDexOptNeeded file /system/app/DownloadProviderUi/arm/DownloadProviderUi.odex needs to be relocated for /system/app/DownloadProviderUi/DownloadProviderUi.apk
I/PackageManager( 4122): Running patchoat on: com.android.providers.downloads.ui
E/installd( 4321): Running /system/bin/patchoat isa=arm in-fd=5 (/system/app/DownloadProviderUi/arm/DownloadProviderUi.odex) out-fd=6 (/data/dalvik-cache/arm/system@app@DownloadProviderUi@DownloadProviderUi.apk@classes.dex)
I/art     ( 4122): DexFile_isDexOptNeeded failed to open oat file '/data/dalvik-cache/arm/system@priv-app@OneTimeInitializer@OneTimeInitializer.apk@classes.dex' for file location '/system/priv-app/OneTimeInitializer/OneTimeInitializer.apk': Failed to open oat filename for reading: No such file or directory
I/art     ( 4122): DexFile_isDexOptNeeded file /system/priv-app/OneTimeInitializer/arm/OneTimeInitializer.odex needs to be relocated for /system/priv-app/OneTimeInitializer/OneTimeInitializer.apk
I/PackageManager( 4122): Running patchoat on: com.android.onetimeinitializer
E/installd( 4322): Running /system/bin/patchoat isa=arm in-fd=5 (/system/priv-app/OneTimeInitializer/arm/OneTimeInitializer.odex) out-fd=6 (/data/dalvik-cache/arm/system@priv-app@OneTimeInitializer@OneTimeInitializer.apk@classes.dex)
I/art     ( 4122): DexFile_isDexOptNeeded failed to open oat file '/data/dalvik-cache/arm/system@priv-app@CMUpdater@CMUpdater.apk@classes.dex' for file location '/system/priv-app/CMUpdater/CMUpdater.apk': Failed to open oat filename for reading: No such file or directory
I/art     ( 4122): DexFile_isDexOptNeeded file /system/priv-app/CMUpdater/arm/CMUpdater.odex needs to be relocated for /system/priv-app/CMUpdater/CMUpdater.apk
I/PackageManager( 4122): Running patchoat on: com.cyanogenmod.updater
E/installd( 4323): Running /system/bin/patchoat isa=arm in-fd=5 (/system/priv-app/CMUpdater/arm/CMUpdater.odex) out-fd=6 (/data/dalvik-cache/arm/system@priv-app@CMUpdater@CMUpdater.apk@classes.dex)
I/art     ( 4122): DexFile_isDexOptNeeded failed to open oat file '/data/dalvik-cache/arm/system@app@PrintSpooler@PrintSpooler.apk@classes.dex' for file location '/system/app/PrintSpooler/PrintSpooler.apk': Failed to open oat filename for reading: No such file or directory
I/art     ( 4122): DexFile_isDexOptNeeded file /system/app/PrintSpooler/arm/PrintSpooler.odex needs to be relocated for /system/app/PrintSpooler/PrintSpooler.apk
I/PackageManager( 4122): Running patchoat on: com.android.printspooler
E/installd( 4324): Running /system/bin/patchoat isa=arm in-fd=5 (/system/app/PrintSpooler/arm/PrintSpooler.odex) out-fd=6 (/data/dalvik-cache/arm/system@app@PrintSpooler@PrintSpooler.apk@classes.dex)
I/art     ( 4122): DexFile_isDexOptNeeded failed to open oat file '/data/dalvik-cache/arm/system@priv-app@BackupRestoreConfirmation@BackupRestoreConfirmation.apk@classes.dex' for file location '/system/priv-app/BackupRestoreConfirmation/BackupRestoreConfirmation.apk': Failed to open oat filename for reading: No such file or directory
I/art     ( 4122): DexFile_isDexOptNeeded file /system/priv-app/BackupRestoreConfirmation/arm/BackupRestoreConfirmation.odex needs to be relocated for /system/priv-app/BackupRestoreConfirmation/BackupRestoreConfirmation.apk
I/PackageManager( 4122): Running patchoat on: com.android.backupconfirm
E/installd( 4325): Running /system/bin/patchoat isa=arm in-fd=5 (/system/priv-app/BackupRestoreConfirmation/arm/BackupRestoreConfirmation.odex) out-fd=6 (/data/dalvik-cache/arm/system@priv-app@BackupRestoreConfirmation@BackupRestoreConfirmation.apk@classes.dex)
I/art     ( 4122): DexFile_isDexOptNeeded failed to open oat file '/data/dalvik-cache/arm/system@priv-app@DownloadProvider@DownloadProvider.apk@classes.dex' for file location '/system/priv-app/DownloadProvider/DownloadProvider.apk': Failed to open oat filename for reading: No such file or directory
I/art     ( 4122): DexFile_isDexOptNeeded file /system/priv-app/DownloadProvider/arm/DownloadProvider.odex needs to be relocated for /system/priv-app/DownloadProvider/DownloadProvider.apk
I/PackageManager( 4122): Running patchoat on: com.android.providers.downloads
E/installd( 4326): Running /system/bin/patchoat isa=arm in-fd=5 (/system/priv-app/DownloadProvider/arm/DownloadProvider.odex) out-fd=6 (/data/dalvik-cache/arm/system@priv-app@DownloadProvider@DownloadProvider.apk@classes.dex)
I/art     ( 4122): DexFile_isDexOptNeeded failed to open oat file '/data/dalvik-cache/arm/system@app@PicoTts@PicoTts.apk@classes.dex' for file location '/system/app/PicoTts/PicoTts.apk': Failed to open oat filename for reading: No such file or directory
I/art     ( 4122): DexFile_isDexOptNeeded file /system/app/PicoTts/arm/PicoTts.odex needs to be relocated for /system/app/PicoTts/PicoTts.apk
I/PackageManager( 4122): Running patchoat on: com.svox.pico
E/installd( 4327): Running /system/bin/patchoat isa=arm in-fd=5 (/system/app/PicoTts/arm/PicoTts.odex) out-fd=6 (/data/dalvik-cache/arm/system@app@PicoTts@PicoTts.apk@classes.dex)
I/art     ( 4122): DexFile_isDexOptNeeded failed to open oat file '/data/dalvik-cache/arm/system@priv-app@AudioFX@AudioFX.apk@classes.dex' for file location '/system/priv-app/AudioFX/AudioFX.apk': Failed to open oat filename for reading: No such file or directory
I/art     ( 4122): DexFile_isDexOptNeeded file /system/priv-app/AudioFX/arm/AudioFX.odex needs to be relocated for /system/priv-app/AudioFX/AudioFX.apk
I/PackageManager( 4122): Running patchoat on: org.cyanogenmod.audiofx
E/installd( 4328): Running /system/bin/patchoat isa=arm in-fd=5 (/system/priv-app/AudioFX/arm/AudioFX.odex) out-fd=6 (/data/dalvik-cache/arm/system@priv-app@AudioFX@AudioFX.apk@classes.dex)
I/art     ( 4122): DexFile_isDexOptNeeded failed to open oat file '/data/dalvik-cache/arm/system@app@Stk@Stk.apk@classes.dex' for file location '/system/app/Stk/Stk.apk': Failed to open oat filename for reading: No such file or directory
I/art     ( 4122): DexFile_isDexOptNeeded file /system/app/Stk/arm/Stk.odex needs to be relocated for /system/app/Stk/Stk.apk
I/PackageManager( 4122): Running patchoat on: com.android.stk
E/installd( 4329): Running /system/bin/patchoat isa=arm in-fd=5 (/system/app/Stk/arm/Stk.odex) out-fd=6 (/data/dalvik-cache/arm/system@app@Stk@Stk.apk@classes.dex)
I/art     ( 4122): DexFile_isDexOptNeeded failed to open oat file '/data/dalvik-cache/arm/system@app@Provision@Provision.apk@classes.dex' for file location '/system/app/Provision/Provision.apk': Failed to open oat filename for reading: No such file or directory
I/art     ( 4122): DexFile_isDexOptNeeded file /system/app/Provision/arm/Provision.odex needs to be relocated for /system/app/Provision/Provision.apk
I/PackageManager( 4122): Running patchoat on: com.android.provision
E/installd( 4330): Running /system/bin/patchoat isa=arm in-fd=5 (/system/app/Provision/arm/Provision.odex) out-fd=6 (/data/dalvik-cache/arm/system@app@Provision@Provision.apk@classes.dex)
I/art     ( 4122): DexFile_isDexOptNeeded failed to open oat file '/data/dalvik-cache/arm/system@app@Calculator@Calculator.apk@classes.dex' for file location '/system/app/Calculator/Calculator.apk': Failed to open oat filename for reading: No such file or directory
I/art     ( 4122): DexFile_isDexOptNeeded file /system/app/Calculator/arm/Calculator.odex needs to be relocated for /system/app/Calculator/Calculator.apk
I/PackageManager( 4122): Running patchoat on: com.android.calculator2
E/installd( 4331): Running /system/bin/patchoat isa=arm in-fd=5 (/system/app/Calculator/arm/Calculator.odex) out-fd=6 (/data/dalvik-cache/arm/system@app@Calculator@Calculator.apk@classes.dex)
I/art     ( 4122): DexFile_isDexOptNeeded failed to open oat file '/data/dalvik-cache/arm/system@app@CaptivePortalLogin@CaptivePortalLogin.apk@classes.dex' for file location '/system/app/CaptivePortalLogin/CaptivePortalLogin.apk': Failed to open oat filename for reading: No such file or directory
I/art     ( 4122): DexFile_isDexOptNeeded file /system/app/CaptivePortalLogin/arm/CaptivePortalLogin.odex needs to be relocated for /system/app/CaptivePortalLogin/CaptivePortalLogin.apk
I/PackageManager( 4122): Running patchoat on: com.android.captiveportallogin
E/installd( 4332): Running /system/bin/patchoat isa=arm in-fd=5 (/system/app/CaptivePortalLogin/arm/CaptivePortalLogin.odex) out-fd=6 (/data/dalvik-cache/arm/system@app@CaptivePortalLogin@CaptivePortalLogin.apk@classes.dex)
I/art     ( 4122): DexFile_isDexOptNeeded failed to open oat file '/data/dalvik-cache/arm/system@app@Camera2@Camera2.apk@classes.dex' for file location '/system/app/Camera2/Camera2.apk': Failed to open oat filename for reading: No such file or directory
I/art     ( 4122): DexFile_isDexOptNeeded file /system/app/Camera2/arm/Camera2.odex needs to be relocated for /system/app/Camera2/Camera2.apk
I/PackageManager( 4122): Running patchoat on: com.android.camera2
E/installd( 4333): Running /system/bin/patchoat isa=arm in-fd=5 (/system/app/Camera2/arm/Camera2.odex) out-fd=6 (/data/dalvik-cache/arm/system@app@Camera2@Camera2.apk@classes.dex)
I/art     ( 4122): DexFile_isDexOptNeeded failed to open oat file '/data/dalvik-cache/arm/system@app@Eleven@Eleven.apk@classes.dex' for file location '/system/app/Eleven/Eleven.apk': Failed to open oat filename for reading: No such file or directory
I/art     ( 4122): DexFile_isDexOptNeeded file /system/app/Eleven/arm/Eleven.odex needs to be relocated for /system/app/Eleven/Eleven.apk
I/PackageManager( 4122): Running patchoat on: com.cyanogenmod.eleven
E/installd( 4334): Running /system/bin/patchoat isa=arm in-fd=5 (/system/app/Eleven/arm/Eleven.odex) out-fd=6 (/data/dalvik-cache/arm/system@app@Eleven@Eleven.apk@classes.dex)
I/art     ( 4122): DexFile_isDexOptNeeded failed to open oat file '/data/dalvik-cache/arm/system@app@UserDictionaryProvider@UserDictionaryProvider.apk@classes.dex' for file location '/system/app/UserDictionaryProvider/UserDictionaryProvider.apk': Failed to open oat filename for reading: No such file or directory
I/art     ( 4122): DexFile_isDexOptNeeded file /system/app/UserDictionaryProvider/arm/UserDictionaryProvider.odex needs to be relocated for /system/app/UserDictionaryProvider/UserDictionaryProvider.apk
I/PackageManager( 4122): Running patchoat on: com.android.providers.userdictionary
E/installd( 4335): Running /system/bin/patchoat isa=arm in-fd=5 (/system/app/UserDictionaryProvider/arm/UserDictionaryProvider.odex) out-fd=6 (/data/dalvik-cache/arm/system@app@UserDictionaryProvider@UserDictionaryProvider.apk@classes.dex)
I/art     ( 4122): DexFile_isDexOptNeeded failed to open oat file '/data/dalvik-cache/arm/system@app@DocumentsUI@DocumentsUI.apk@classes.dex' for file location '/system/app/DocumentsUI/DocumentsUI.apk': Failed to open oat filename for reading: No such file or directory
I/art     ( 4122): DexFile_isDexOptNeeded file /system/app/DocumentsUI/arm/DocumentsUI.odex needs to be relocated for /system/app/DocumentsUI/DocumentsUI.apk
I/PackageManager( 4122): Running patchoat on: com.android.documentsui
E/installd( 4336): Running /system/bin/patchoat isa=arm in-fd=5 (/system/app/DocumentsUI/arm/DocumentsUI.odex) out-fd=6 (/data/dalvik-cache/arm/system@app@DocumentsUI@DocumentsUI.apk@classes.dex)
I/art     ( 4122): DexFile_isDexOptNeeded failed to open oat file '/data/dalvik-cache/arm/system@app@Calendar@Calendar.apk@classes.dex' for file location '/system/app/Calendar/Calendar.apk': Failed to open oat filename for reading: No such file or directory
I/art     ( 4122): DexFile_isDexOptNeeded file /system/app/Calendar/arm/Calendar.odex needs to be relocated for /system/app/Calendar/Calendar.apk
I/PackageManager( 4122): Running patchoat on: com.android.calendar
E/installd( 4337): Running /system/bin/patchoat isa=arm in-fd=5 (/system/app/Calendar/arm/Calendar.odex) out-fd=6 (/data/dalvik-cache/arm/system@app@Calendar@Calendar.apk@classes.dex)
I/art     ( 4122): DexFile_isDexOptNeeded failed to open oat file '/data/dalvik-cache/arm/system@priv-app@Mms@Mms.apk@classes.dex' for file location '/system/priv-app/Mms/Mms.apk': Failed to open oat filename for reading: No such file or directory
I/art     ( 4122): DexFile_isDexOptNeeded file /system/priv-app/Mms/arm/Mms.odex needs to be relocated for /system/priv-app/Mms/Mms.apk
I/PackageManager( 4122): Running patchoat on: com.android.mms
E/installd( 4338): Running /system/bin/patchoat isa=arm in-fd=5 (/system/priv-app/Mms/arm/Mms.odex) out-fd=6 (/data/dalvik-cache/arm/system@priv-app@Mms@Mms.apk@classes.dex)
I/art     ( 4122): DexFile_isDexOptNeeded failed to open oat file '/data/dalvik-cache/arm/system@app@Exchange2@Exchange2.apk@classes.dex' for file location '/system/app/Exchange2/Exchange2.apk': Failed to open oat filename for reading: No such file or directory
I/art     ( 4122): DexFile_isDexOptNeeded file /system/app/Exchange2/arm/Exchange2.odex needs to be relocated for /system/app/Exchange2/Exchange2.apk
I/PackageManager( 4122): Running patchoat on: com.android.exchange
E/installd( 4339): Running /system/bin/patchoat isa=arm in-fd=5 (/system/app/Exchange2/arm/Exchange2.odex) out-fd=6 (/data/dalvik-cache/arm/system@app@Exchange2@Exchange2.apk@classes.dex)
I/art     ( 4122): DexFile_isDexOptNeeded failed to open oat file '/data/dalvik-cache/arm/system@priv-app@CellBroadcastReceiver@CellBroadcastReceiver.apk@classes.dex' for file location '/system/priv-app/CellBroadcastReceiver/CellBroadcastReceiver.apk': Failed to open oat filename for reading: No such file or directory
I/art     ( 4122): DexFile_isDexOptNeeded file /system/priv-app/CellBroadcastReceiver/arm/CellBroadcastReceiver.odex needs to be relocated for /system/priv-app/CellBroadcastReceiver/CellBroadcastReceiver.apk
I/PackageManager( 4122): Running patchoat on: com.android.cellbroadcastreceiver
E/installd( 4340): Running /system/bin/patchoat isa=arm in-fd=5 (/system/priv-app/CellBroadcastReceiver/arm/CellBroadcastReceiver.odex) out-fd=6 (/data/dalvik-cache/arm/system@priv-app@CellBroadcastReceiver@CellBroadcastReceiver.apk@classes.dex)
I/SystemServer( 4122): LockSettingsService
I/SystemServiceManager( 4122): Starting com.android.server.devicepolicy.DevicePolicyManagerService$Lifecycle
I/SystemServer( 4122): Status Bar
I/SystemServer( 4122): Clipboard Service
W/ClipboardService( 4122): No security bridge jar found, using default
I/SystemServer( 4122): TorchService
E/CameraService( 3697): getCameraVendorTagDescriptor: camera hardware module doesn't exist
E/CameraMetadata-JNI( 4122): CameraMetadata_setupGlobalVendorTagDescriptor: Failed to setup vendor tag descriptors, received error No such device (-19)
W/CameraManager( 4122): Failed to set up vendor tags: The camera device is removable and has been disconnected from the Android device, or the camera service has shut down the connection due to a higher-priority access request for the camera device.
E/TorchService( 4122): Couldn't initialize.
E/TorchService( 4122): java.lang.NumberFormatException: Invalid int: "null"
E/TorchService( 4122): 	at java.lang.Integer.invalidInt(Integer.java:138)
E/TorchService( 4122): 	at java.lang.Integer.parseInt(Integer.java:358)
E/TorchService( 4122): 	at java.lang.Integer.parseInt(Integer.java:334)
E/TorchService( 4122): 	at java.lang.Integer.valueOf(Integer.java:525)
E/TorchService( 4122): 	at com.android.server.TorchService.initialize(TorchService.java:104)
E/TorchService( 4122): 	at com.android.server.TorchService.<init>(TorchService.java:99)
E/TorchService( 4122): 	at com.android.server.SystemServer.startOtherServices(SystemServer.java:656)
E/TorchService( 4122): 	at com.android.server.SystemServer.run(SystemServer.java:284)
E/TorchService( 4122): 	at com.android.server.SystemServer.main(SystemServer.java:185)
E/TorchService( 4122): 	at java.lang.reflect.Method.invoke(Native Method)
E/TorchService( 4122): 	at java.lang.reflect.Method.invoke(Method.java:372)
E/TorchService( 4122): 	at com.android.internal.os.ZygoteInit$MethodAndArgsCaller.run(ZygoteInit.java:898)
E/TorchService( 4122): 	at com.android.internal.os.ZygoteInit.main(ZygoteInit.java:693)
I/SystemServer( 4122): NetworkManagement Service
I/SystemServer( 4122): Text Service Manager Service
I/SystemServer( 4122): Network Score Service
I/SystemServer( 4122): NetworkStats Service
I/SystemServer( 4122): NetworkPolicy Service
I/SystemServiceManager( 4122): Starting com.android.server.wifi.p2p.WifiP2pService
I/WifiP2pService( 4122): Registering wifip2p
I/SystemServiceManager( 4122): Starting com.android.server.wifi.WifiService
E/WifiConfigStore( 4122): associatedPartialScanPeriodMilli set to 20000
D/WifiController( 4122): isAirplaneModeOn = false, isWifiEnabled = false, isScanningAvailable = false
I/WifiService( 4122): Registering wifi
I/SystemServiceManager( 4122): Starting com.android.server.wifi.WifiScanningService
I/WifiScanningService( 4122): Creating wifiscanner
I/WifiScanningService( 4122): Starting wifiscanner
I/SystemServiceManager( 4122): Starting com.android.server.wifi.RttService
I/RttService( 4122): Creating rttmanager
I/RttService( 4122): Starting rttmanager
I/SystemServer( 4122): Connectivity Service
D/ConnectivityService( 4122): ConnectivityService starting up
D/ConnectivityService( 4122): wifiOnly=false
E/ConnectivityService( 4122): Ignoring protectedNetwork 10
E/ConnectivityService( 4122): Ignoring protectedNetwork 11
E/ConnectivityService( 4122): Ignoring protectedNetwork 12
E/ConnectivityService( 4122): Ignoring protectedNetwork 14
E/ConnectivityService( 4122): Ignoring protectedNetwork 15
I/SystemServer( 4122): Network Service Discovery Service
D/NsdService( 4122): Network service discovery enabled true
I/SystemServer( 4122): DPM Service
I/SystemServer( 4122): DPM configuration set to 0
I/SystemServer( 4122): UpdateLock Service
I/SystemServiceManager( 4122): Starting com.android.server.notification.NotificationManagerService
I/SystemServiceManager( 4122): Starting com.android.server.storage.DeviceStorageMonitorService
I/SystemServer( 4122): Location Manager
I/SystemServer( 4122): Country Detector
I/SystemServer( 4122): Search Service
I/SystemServer( 4122): DropBox Service
I/SystemServer( 4122): Wallpaper Service
W/WallpaperManagerService( 4122): no current wallpaper -- first boot?
W/WallpaperManagerService( 4122): no current wallpaper -- first boot?
I/SystemServer( 4122): Profile Manager
D/WifiService( 4122): New client listening to asynchronous messages
V/ProfileTriggerHelper( 4122): Enabling
W/Profile ( 4122): Null Pointer - UUID not found for Default.  New UUID generated: 191c32d4-2dad-4a53-919d-ef910e5b45c0
W/Profile ( 4122): Null Pointer - UUID not found for Silent.  New UUID generated: 4f1389d0-75d8-44b4-b140-1f4908da2322
W/Profile ( 4122): Null Pointer - UUID not found for Automobile.  New UUID generated: 302e4258-3267-4b09-8999-aa2497015579
D/ProfileService( 4122): Set active profile to: 191c32d4-2dad-4a53-919d-ef910e5b45c0 - Default
D/ProfileService( 4122): Saving profile data...
D/ProfileService( 4122): Save completed.
I/SystemServer( 4122): Audio Service
E/AudioPolicyManager( 3697): getDeviceForStrategy() speaker device not found for STRATEGY_SONIFICATION
