E/Minikin ( 4912): addFont failed to create font /system/fonts/NotoSansCanadianAboriginal-Regular.ttf
E/Minikin ( 4912): addFont failed to create font /system/fonts/NotoSansYi-Regular.ttf
E/Minikin ( 4912): addFont failed to create font /system/fonts/NotoSansHans-Regular.otf
E/Minikin ( 4912): addFont failed to create font /system/fonts/NotoSansHant-Regular.otf
E/Minikin ( 4912): addFont failed to create font /system/fonts/NotoSansJP-Regular.otf
E/Minikin ( 4912): addFont failed to create font /system/fonts/NotoSansKR-Regular.otf
I/ActivityManager( 4117): Start proc com.svox.pico for service com.svox.pico/.PicoService: pid=5218 uid=10049 gids={50049, 9997, 1028, 1015} abi=armeabi-v7a
I/TextToSpeech( 5189): Sucessfully bound to com.svox.pico
E/Minikin ( 4834): addFont failed to create font /system/fonts/NotoSansGujarati-Regular.ttf
E/Minikin ( 4834): addFont failed to create font /system/fonts/NotoSansGujarati-Bold.ttf
E/Minikin ( 4834): addFont failed to create font /system/fonts/NotoSansGujaratiUI-Regular.ttf
E/Minikin ( 4834): addFont failed to create font /system/fonts/NotoSansGujaratiUI-Bold.ttf
E/Minikin ( 4834): addFont failed to create font /system/fonts/NotoSansGurmukhi-Regular.ttf
E/Minikin ( 4834): addFont failed to create font /system/fonts/NotoSansGurmukhi-Bold.ttf
E/Minikin ( 4834): addFont failed to create font /system/fonts/NotoSansGurmukhiUI-Regular.ttf
E/Minikin ( 4834): addFont failed to create font /system/fonts/NotoSansGurmukhiUI-Bold.ttf
E/Minikin ( 4834): addFont failed to create font /system/fonts/NotoSansSinhala-Regular.ttf
E/Minikin ( 4834): addFont failed to create font /system/fonts/NotoSansSinhala-Bold.ttf
E/Minikin ( 4834): addFont failed to create font /system/fonts/NotoSansCherokee-Regular.ttf
E/Minikin ( 4834): addFont failed to create font /system/fonts/NotoSansCanadianAboriginal-Regular.ttf
E/Minikin ( 4834): addFont failed to create font /system/fonts/NotoSansYi-Regular.ttf
E/Minikin ( 4834): addFont failed to create font /system/fonts/NotoSansHans-Regular.otf
E/Minikin ( 4834): addFont failed to create font /system/fonts/NotoSansHant-Regular.otf
E/Minikin ( 4834): addFont failed to create font /system/fonts/NotoSansJP-Regular.otf
E/Minikin ( 4834): addFont failed to create font /system/fonts/NotoSansKR-Regular.otf
E/Minikin ( 5002): addFont failed to create font /system/fonts/NotoSansGujarati-Regular.ttf
E/Minikin ( 5002): addFont failed to create font /system/fonts/NotoSansGujarati-Bold.ttf
E/Minikin ( 5002): addFont failed to create font /system/fonts/NotoSansGujaratiUI-Regular.ttf
E/Minikin ( 5002): addFont failed to create font /system/fonts/NotoSansGujaratiUI-Bold.ttf
E/Minikin ( 5002): addFont failed to create font /system/fonts/NotoSansGurmukhi-Regular.ttf
E/Minikin ( 5002): addFont failed to create font /system/fonts/NotoSansGurmukhi-Bold.ttf
E/Minikin ( 5002): addFont failed to create font /system/fonts/NotoSansGurmukhiUI-Regular.ttf
E/Minikin ( 5002): addFont failed to create font /system/fonts/NotoSansGurmukhiUI-Bold.ttf
E/Minikin ( 5002): addFont failed to create font /system/fonts/NotoSansSinhala-Regular.ttf
E/Minikin ( 5002): addFont failed to create font /system/fonts/NotoSansSinhala-Bold.ttf
E/ExtMediaPlayer-JNI( 5189): QCMediaPlayer could not be located....
E/MediaPlayer-JNI( 5189): QCMediaPlayer mediaplayer NOT present
D/MediaPlayer( 5189): Couldn't open file on client side, trying server side
D/PhoneStatusBar( 4538): disable: < EXPAND* icons ALERTS* system_info back HOME* RECENT* clock SEARCH* >
D/PhoneStatusBar( 4538): heads up is disabled
D/PhoneStatusBar( 4538): dismissing any existing heads up notification on disable event
E/MediaPlayerService( 3691): Couldn't open fd for content://settings/system/notification_sound
E/MediaPlayer( 5189): Unable to create media player
D/Ringtone( 5189): Problem opening; delegating to remote player
E/ExtMediaPlayer-JNI( 5189): QCMediaPlayer could not be located....
E/MediaPlayer-JNI( 5189): QCMediaPlayer mediaplayer NOT present
E/Minikin ( 5002): addFont failed to create font /system/fonts/NotoSansCherokee-Regular.ttf
E/Minikin ( 5002): addFont failed to create font /system/fonts/NotoSansCanadianAboriginal-Regular.ttf
E/Minikin ( 5002): addFont failed to create font /system/fonts/NotoSansYi-Regular.ttf
E/Minikin ( 5002): addFont failed to create font /system/fonts/NotoSansHans-Regular.otf
E/Minikin ( 5002): addFont failed to create font /system/fonts/NotoSansHant-Regular.otf
E/Minikin ( 5002): addFont failed to create font /system/fonts/NotoSansJP-Regular.otf
E/Minikin ( 5002): addFont failed to create font /system/fonts/NotoSansKR-Regular.otf
D/MediaPlayer( 5189): Couldn't open file on client side, trying server side
E/MediaPlayerService( 3691): Couldn't open fd for content://settings/system/notification_sound
E/MediaPlayer( 5189): Unable to create media player
D/Ringtone( 5189): Problem opening; delegating to remote player
E/Minikin ( 5152): addFont failed to create font /system/fonts/NotoSansGujarati-Regular.ttf
E/Minikin ( 5152): addFont failed to create font /system/fonts/NotoSansGujarati-Bold.ttf
E/Minikin ( 5152): addFont failed to create font /system/fonts/NotoSansGujaratiUI-Regular.ttf
E/Minikin ( 5152): addFont failed to create font /system/fonts/NotoSansGujaratiUI-Bold.ttf
E/Minikin ( 5152): addFont failed to create font /system/fonts/NotoSansGurmukhi-Regular.ttf
E/Minikin ( 5152): addFont failed to create font /system/fonts/NotoSansGurmukhi-Bold.ttf
E/Minikin ( 5152): addFont failed to create font /system/fonts/NotoSansGurmukhiUI-Regular.ttf
E/Minikin ( 5152): addFont failed to create font /system/fonts/NotoSansGurmukhiUI-Bold.ttf
V/SynthProxy( 5218): About to load libttspico.so, applyFilter=true
E/Minikin ( 5152): addFont failed to create font /system/fonts/NotoSansSinhala-Regular.ttf
E/Minikin ( 5152): addFont failed to create font /system/fonts/NotoSansSinhala-Bold.ttf
E/Minikin ( 5152): addFont failed to create font /system/fonts/NotoSansCherokee-Regular.ttf
E/Minikin ( 5152): addFont failed to create font /system/fonts/NotoSansCanadianAboriginal-Regular.ttf
E/Minikin ( 5152): addFont failed to create font /system/fonts/NotoSansYi-Regular.ttf
E/Minikin ( 5152): addFont failed to create font /system/fonts/NotoSansHans-Regular.otf
E/Minikin ( 5152): addFont failed to create font /system/fonts/NotoSansHant-Regular.otf
E/Minikin ( 5152): addFont failed to create font /system/fonts/NotoSansJP-Regular.otf
E/Minikin ( 5152): addFont failed to create font /system/fonts/NotoSansKR-Regular.otf
D/WifiService( 4117): New client listening to asynchronous messages
I/SVOX Pico Engine( 5218): loaded en-US successfully
D/BluetoothManagerService( 4117): Message: 20
D/BluetoothManagerService( 4117): Added callback: android.bluetooth.IBluetoothManagerCallback$Stub$Proxy@327a4693:true
D/BluetoothAdapter( 5093): 151368563: getState() :  mService = null. Returning STATE_OFF
D/BluetoothManagerService( 4117): Message: 30
D/BluetoothManagerService( 4117): Message: 30
D/LocalBluetoothProfileManager( 5093): Adding local MAP profile
D/BluetoothMap( 5093): Create BluetoothMap proxy object
D/BluetoothManagerService( 4117): Message: 30
D/BluetoothManagerService( 4117): Message: 30
D/LocalBluetoothProfileManager( 5093): LocalBluetoothProfileManager construction complete
D/BluetoothAdapter( 5093): 151368563: getState() :  mService = null. Returning STATE_OFF
D/BluetoothAdapter( 5093): 151368563: getState() :  mService = null. Returning STATE_OFF
I/DownloadManager( 5152): Upgrading downloads database from version 0 to version 109, which will destroy all old data
E/cutils  ( 5247): Failed to mkdir(/mnt/shell/emulated/0): Read-only file system
W/Zygote  ( 5247): Failed to mount emulated storage: 30
I/ActivityManager( 4117): Start proc com.cyanogenmod.eleven for broadcast com.cyanogenmod.eleven/.MediaButtonIntentReceiver: pid=5247 uid=10032 gids={50032, 9997, 1028, 1015, 3003} abi=armeabi-v7a
E/cutils  ( 5270): Failed to mkdir(/mnt/shell/emulated/0): Read-only file system
W/Zygote  ( 5270): Failed to mount emulated storage: 30
D/OpenGLRenderer( 5189): Render dirty regions requested: true
I/ActivityManager( 4117): Start proc com.cyanogenmod.eleven:main for service com.cyanogenmod.eleven/.MusicPlaybackService: pid=5270 uid=10032 gids={50032, 9997, 1028, 1015, 3003} abi=armeabi-v7a
D/Atlas   ( 5189): Validating map...
E/cutils  ( 5293): Failed to mkdir(/mnt/shell/emulated/0): Read-only file system
W/Zygote  ( 5293): Failed to mount emulated storage: 30
I/ActivityManager( 4117): Start proc com.cyanogenmod.trebuchet for broadcast com.cyanogenmod.trebuchet/com.android.launcher3.ThemeChangedReceiver: pid=5293 uid=10018 gids={50018, 9997, 1028} abi=armeabi-v7a
E/Minikin ( 5189): addFont failed to create font /system/fonts/NotoSansGujarati-Regular.ttf
E/Minikin ( 5189): addFont failed to create font /system/fonts/NotoSansGujarati-Bold.ttf
E/Minikin ( 5189): addFont failed to create font /system/fonts/NotoSansGujaratiUI-Regular.ttf
E/Minikin ( 5189): addFont failed to create font /system/fonts/NotoSansGujaratiUI-Bold.ttf
E/Minikin ( 5189): addFont failed to create font /system/fonts/NotoSansGurmukhi-Regular.ttf
E/Minikin ( 5189): addFont failed to create font /system/fonts/NotoSansGurmukhi-Bold.ttf
E/Minikin ( 5189): addFont failed to create font /system/fonts/NotoSansGurmukhiUI-Regular.ttf
E/Minikin ( 5189): addFont failed to create font /system/fonts/NotoSansGurmukhiUI-Bold.ttf
E/Minikin ( 5189): addFont failed to create font /system/fonts/NotoSansSinhala-Regular.ttf
E/Minikin ( 5189): addFont failed to create font /system/fonts/NotoSansSinhala-Bold.ttf
E/Minikin ( 5189): addFont failed to create font /system/fonts/NotoSansCherokee-Regular.ttf
E/Minikin ( 5189): addFont failed to create font /system/fonts/NotoSansCanadianAboriginal-Regular.ttf
E/Minikin ( 5189): addFont failed to create font /system/fonts/NotoSansYi-Regular.ttf
E/Minikin ( 5189): addFont failed to create font /system/fonts/NotoSansHans-Regular.otf
E/Minikin ( 5189): addFont failed to create font /system/fonts/NotoSansHant-Regular.otf
E/Minikin ( 5189): addFont failed to create font /system/fonts/NotoSansJP-Regular.otf
E/Minikin ( 5189): addFont failed to create font /system/fonts/NotoSansKR-Regular.otf
V/RenderScript_jni( 5270): RS native mode
I/TextToSpeech( 5189): Connected to ComponentInfo{com.svox.pico/com.svox.pico.PicoService}
E/RenderScript( 5270): Failed loading RS driver: dlopen failed: cannot locate symbol "_ZN7android12renderscript15RsdCpuReference6createEPNS0_7ContextEjjPFPKNS1_9CpuSymbolES3_PKcEPFPNS1_9CpuScriptES3_PKNS0_6ScriptEEPFPN4llvm6ModuleEPN3bcc8RSScriptESK_SK_EPFS8_S8_jE" referenced by "libRSDriverArm.so"...
E/RenderScript( 5270): Failed to load runtime libRSDriverArm.so, loading default
I/TextToSpeech( 5189): Set up connection to ComponentInfo{com.svox.pico/com.svox.pico.PicoService}
V/RenderScript( 5270): 0xaf202c00 Launching thread(s), CPUs 8
E/cutils  ( 3672): Failed to mkdirat(/mnt/shell/emulated/0): Read-only file system
W/Vold    ( 3672): Returning OperationFailed - no handler for errno 30
W/ContextImpl( 5270): Failed to ensure directory: /storage/emulated/0/Android/data/com.cyanogenmod.eleven/cache
E/Vold    ( 3672): Failed to find mounted volume for /storage/extSdCard/Android/data/com.cyanogenmod.eleven/cache/
W/Vold    ( 3672): Returning OperationFailed - no handler for errno 0
W/ContextImpl( 5270): Failed to ensure directory: /storage/extSdCard/Android/data/com.cyanogenmod.eleven/cache
I/        ( 5189): PLATFORM VERSION : JB-MR-2
I/OpenGLRenderer( 5189): Initialized EGL, version 1.4
D/OpenGLRenderer( 5189): Enabling debug mode 0
V/Launcher( 5293): LauncherAppState inited
E/ExtMediaPlayer-JNI( 5270): QCMediaPlayer could not be located....
E/MediaPlayer-JNI( 5270): QCMediaPlayer mediaplayer NOT present
D/Launcher.Model( 5293): Old launcher provider: content://com.android.launcher2.settings/favorites?notify=true
D/Launcher.Model( 5293): Old launcher provider does not exist.
I/Choreographer( 5002): Skipped 64 frames!  The application may be doing too much work on its main thread.
D/LocaleSetManager( 5270): Locale Changed from: null to null
I/MusicLocale( 5270): AddressBook Labels [en-US]: [, A, B, C, D, E, F, G, H, I, J, K, L, M, N, O, P, Q, R, S, T, U, V, W, X, Y, Z, , , , , , , , , , , , , , , , , , , , , , , , , , , , , , , , , , , , , , , , , , , , , , , , , , , , , , , , , , , , , , , , , , , , , , , , , , , , , , , , , , , , , , , , , , , , , , , , , , , , , , , , , , , , , , , , , , , , , , , , , , , , , , , , , , , , , , , , , , , , , , , , , , , , , , , , , , , , , , , , , , , , , , , , , , , , , , , , , , , , , , , , , , , , #, ]
I/MusicLocale( 5270): AddressBook Labels [en-US]: [, A, B, C, D, E, F, G, H, I, J, K, L, M, N, O, P, Q, R, S, T, U, V, W, X, Y, Z, , , , , , , , , , , , , , , , , , , , , , , , , , , , , , , , , , , , , , , , , , , , , , , , , , , , , , , , , , , , , , , , , , , , , , , , , , , , , , , , , , , , , , , , , , , , , , , , , , , , , , , , , , , , , , , , , , , , , , , , , , , , , , , , , , , , , , , , , , , , , , , , , , , , , , , , , , , , , , , , , , , , , , , , , , , , , , , , , , , , , , , , , , , , #, ]
D/LocaleSetManager( 5270): Locale Changed from: null to en-US
I/ActivityManager( 4117): Displayed com.cyanogenmod.setupwizard/.ui.SetupWizardActivity: +1s396ms (total +1s739ms)
I/Timeline( 4117): Timeline: Activity_windows_visible id: ActivityRecord{2c785bb1 u0 com.cyanogenmod.setupwizard/.ui.SetupWizardActivity t2} time:30758
I/Timeline( 5189): Timeline: Activity_idle id: android.os.BinderProxy@28d46cd8 time:30783
I/SystemServiceManager( 4117): Starting phase 1000
E/SEC PowerHAL( 4117): Error opening /sys/devices/system/cpu/cpufreq/interactive/boostpulse: No such file or directory
D/lights  ( 4117): set_light_battery 0x140500 0 0
V/KeyguardServiceDelegate( 4117): *** Keyguard started
W/KeyguardServiceDelegate( 4117): onScreenTurnedOn(): no keyguard service!
I/Sensors ( 4117): Acc old sensor_state 0, new sensor_state : 1 en : 1
V/KeyguardServiceDelegate( 4117): *** Keyguard connected (yay!)
W/Settings( 4538): Setting airplane_mode_on has moved from android.provider.Settings.System to android.provider.Settings.Global, returning read-only value.
V/KeyguardServiceDelegate( 4117): **** SHOWN CALLED ****
W/art     ( 4117): No such thread id for suspend: 83
W/WakefulBroadcastReceiver( 5270): No active wake lock id #1
I/BootReceiver( 5093): IOSched restore disabled by user preference.
D/InputMethodAndLanguageSettings( 5093): High touch sensitivity settings restored.
D/InputMethodAndLanguageSettings( 5093): Touch hovering settings restored.
D/BluetoothManagerService( 4117): Retrieving Bluetooth Adapter name and address...
D/BluetoothManagerService( 4117): getNameAndAddress(): mBluetooth = null mBinding = false
D/BluetoothManagerService( 4117): Message: 200
D/BluetoothManagerService( 4117): MESSAGE_GET_NAME_AND_ADDRESS
D/BluetoothManagerService( 4117): Binding to service to get name and address
W/Searchables( 4117): No global search activity found
E/cutils  ( 5360): Failed to mkdir(/mnt/shell/emulated/0): Read-only file system
W/Zygote  ( 5360): Failed to mount emulated storage: 30
I/ActivityManager( 4117): Start proc com.android.bluetooth for service com.android.bluetooth/.btservice.AdapterService: pid=5360 uid=1002 gids={41002, 9997, 3003, 3002, 3001, 1028, 1015, 3005, 1016, 3008} abi=armeabi-v7a
I/RecoverySystem( 4117): Deleted: /cache/recovery/log
I/BootReceiver( 4117): Copying /proc/last_kmsg to DropBox (SYSTEM_LAST_KMSG)
E/SharedPreferencesImpl( 4117): Couldn't create directory for SharedPreferences file shared_prefs/log_files.xml
E/cutils  ( 5386): Failed to mkdir(/mnt/shell/emulated/0): Read-only file system
W/Zygote  ( 5386): Failed to mount emulated storage: 30
I/ActivityManager( 4117): Start proc com.android.keychain for service com.android.keychain/.KeyChainService: pid=5386 uid=1000 gids={41000, 9997, 3003, 1028, 1015, 3002, 3001} abi=armeabi-v7a
I/BootReceiver( 4117): Copying audit failures to DropBox
E/SharedPreferencesImpl( 4117): Couldn't create directory for SharedPreferences file shared_prefs/log_files.xml
I/BootReceiver( 4117): Copied 0 worth of audits to DropBox
W/ResourcesManager( 5360): Asset path '/system/framework/javax.btobex.jar' does not exist or contains no resources.
I/BootReceiver( 4117): Checking for fsck errors
E/cutils  ( 5407): Failed to mkdir(/mnt/shell/emulated/0): Read-only file system
W/Zygote  ( 5407): Failed to mount emulated storage: 30
I/ActivityManager( 4117): Start proc com.android.deskclock for broadcast com.android.deskclock/.AlarmInitReceiver: pid=5407 uid=10030 gids={50030, 9997, 1028, 3003} abi=armeabi-v7a
D/AdapterServiceConfig( 5360): Adding HeadsetService
D/AdapterServiceConfig( 5360): Adding A2dpService
D/AdapterServiceConfig( 5360): Adding HidService
D/AdapterServiceConfig( 5360): Adding HealthService
D/AdapterServiceConfig( 5360): Adding PanService
D/AdapterServiceConfig( 5360): Adding GattService
D/AdapterServiceConfig( 5360): Adding BluetoothMapService
D/AdapterServiceConfig( 5360): Adding HidDevService
D/BluetoothManagerService( 4117): Message: 20
D/BluetoothManagerService( 4117): Added callback: android.bluetooth.IBluetoothManagerCallback$Stub$Proxy@15c2397:true
D/BluetoothAdapterState( 5360): make
I/bluedroid( 5360): init
I/BluetoothAdapterState( 5360): Entering OffState
E/bt-btif ( 5360): btif_config_get(L188): assert failed: section && *section && key && *key && name && *name && bytes && type
I/bte_conf( 5360): bte_load_conf attempt to load stack conf from /etc/bluetooth/bt_stack.conf
I/bte_conf( 5360): bte_load_ble_conf attempt to load ble stack conf from /etc/bluetooth/ble_stack.conf
E/bt_osi_config( 5360): config_new unable to open file '/etc/bluetooth/ble_stack.conf': No such file or directory
I/bte_conf( 5360): bte_load_ble_conf file >/etc/bluetooth/ble_stack.conf< not found
I/bluedroid( 5360): get_profile_interface socket
I/bluedroid( 5360): get_profile_interface map_client
I/GKI_LINUX( 5360): gki_task_entry task_id=1 [BTIF] starting
D/BluetoothAdapterProperties( 5360): Address is:14:B4:84:6F:66:79
D/BluetoothAdapterProperties( 5360): Name is: SM-G900H
D/BluetoothManagerService( 4117): Bluetooth Adapter name changed to SM-G900H
D/BluetoothManagerService( 4117): Stored Bluetooth name: SM-G900H
D/BluetoothManagerService( 4117): BluetoothServiceConnection: com.android.bluetooth.btservice.AdapterService
D/BluetoothManagerService( 4117): Message: 40
D/BluetoothManagerService( 4117): MESSAGE_BLUETOOTH_SERVICE_CONNECTED: 1
V/AlarmClock( 5407): AlarmInitReceiver android.intent.action.BOOT_COMPLETED
I/bluedroid( 5360): config_hci_snoop_log
D/BluetoothManagerService( 4117): Message: 200
D/BluetoothManagerService( 4117): MESSAGE_GET_NAME_AND_ADDRESS
D/BluetoothManagerService( 4117): Message: 201
D/BluetoothManagerService( 4117): MESSAGE_SAVE_NAME_AND_ADDRESS
D/BluetoothAdapterState( 5360): CURRENT_STATE=OFF, MESSAGE = USER_TURN_ON
D/BluetoothAdapterProperties( 5360): Setting state to 11
I/BluetoothAdapterState( 5360): Bluetooth adapter state changed: 10-> 11
D/BluetoothBondStateMachine( 5360): make
I/BluetoothBondStateMachine( 5360): StableState(): Entering Off State
D/BluetoothAdapterService( 5360): checkA2dpState: isA2dpSinkEnabled = false
E/BluetoothAdapterService( 5360): checkA2dpState: returning
D/BluetoothAdapterService( 5360): checkHidState: isHidDev = false
E/BluetoothAdapterService( 5360): checkHidState: returning
D/BluetoothAdapterService( 5360): checkHfpState: isHfpClientEnabled = false
E/BluetoothAdapterService( 5360): checkHfpState: returning
D/BluetoothHeadset( 5070): Proxy object connected
D/BluetoothHeadset( 5070): Proxy object connected
D/HeadsetService( 5360): Received start request. Starting profile...
D/BluetoothHeadset( 4117): Proxy object connected
D/BluetoothAdapter( 4117): 144561914: getState() :  mService = null. Returning STATE_OFF
I/BluetoothHeadsetServiceJni( 5360): classInitNative: succeeds
D/HeadsetStateMachine( 5360): Version 1.5
D/HeadsetStateMachine( 5360): make
I/BluetoothAdapterService( 5360): skipping com.android.bluetooth.hid.HidDevService (disabled)
I/BluetoothAdapterState( 5360): Entering PendingCommandState State: isTurningOn()=true, isTurningOff()=false
V/AlarmClock( 5407): AlarmInitReceiver - Reset timers and clear stopwatch data
V/AlarmClock( 5407): AlarmInitReceiver - resetting volume button default
D/HeadsetStateMachine( 5360): max_hf_connections = 1
I/bluedroid( 5360): get_profile_interface handsfree
D/Telecom ( 5070): BluetoothPhoneService: Binding service
D/HeadsetStateMachine( 5360): Enter Disconnected: -2, size: 0
D/BluetoothAdapterService( 5360): getAdapterService() - returning com.android.bluetooth.btservice.AdapterService@bfca4ad
D/BluetoothA2dp( 4117): Proxy object connected
D/A2dpService( 5360): Received start request. Starting profile...
D/BluetoothAdapter( 4117): 144561914: getState() :  mService = null. Returning STATE_OFF
I/bluedroid( 5360): get_profile_interface avrcp
I/AlarmClock( 5407): Alarms Table created
I/AlarmClock( 5407): Instance table created
I/AlarmClock( 5407): Cities table created
I/AlarmClock( 5407): Inserting default alarms
V/AudioService( 4117): updateRemoteControllerOnExistingMediaPlayers: size of Player list: 0
E/AudioService( 4117): No RCC entry present to update
E/RemoteController( 5360): Cannot set synchronization mode on an unregistered RemoteController
I/BluetoothA2dpServiceJni( 5360): classInitNative: succeeds
D/A2dpStateMachine( 5360): make
I/bluedroid( 5360): get_profile_interface a2dp
I/GKI_LINUX( 5360): gki_task_entry task_id=2 [A2DP-MEDIA] starting
D/bt-btif ( 5360): btif_av_state_idle_handler event:BTIF_SM_ENTER_EVT flags 0
D/A2dpService( 5360): setA2dpService(): set to: null
D/BluetoothAdapterService( 5360): getAdapterService() - returning com.android.bluetooth.btservice.AdapterService@bfca4ad
D/A2dpStateMachine( 5360): Enter Disconnected: -2
I/BluetoothHidServiceJni( 5360): classInitNative: succeeds
D/BluetoothInputDevice( 5093): Proxy object connected
D/HidService( 5360): Received start request. Starting profile...
I/bluedroid( 5360): get_profile_interface hidhost
D/HidProfile( 5093): Bluetooth service connected
D/BluetoothAdapterService( 5360): getAdapterService() - returning com.android.bluetooth.btservice.AdapterService@bfca4ad
D/BluetoothAdapter( 5093): 151368563: getState() :  mService = null. Returning STATE_OFF
I/BluetoothHealthServiceJni( 5360): classInitNative: succeeds
V/AlarmClock( 5407): AlarmInitReceiver finished
D/HealthService( 5360): Received start request. Starting profile...
I/bluedroid( 5360): get_profile_interface health
D/BluetoothAdapterService( 5360): getAdapterService() - returning com.android.bluetooth.btservice.AdapterService@bfca4ad
I/BluetoothPanServiceJni( 5360): classInitNative(L105): succeeds
E/cutils  ( 5449): Failed to mkdir(/mnt/shell/emulated/0): Read-only file system
W/Zygote  ( 5449): Failed to mount emulated storage: 30
I/ActivityManager( 4117): Start proc com.android.dialer for broadcast com.android.dialer/.calllog.CallLogReceiver: pid=5449 uid=10008 gids={50008, 9997, 3003, 1028, 1015} abi=armeabi-v7a
D/PanService( 5360): Received start request. Starting profile...
D/BluetoothPan( 5093): BluetoothPAN Proxy object connected
D/BluetoothPanServiceJni( 5360): initializeNative(L110): pan
I/bluedroid( 5360): get_profile_interface pan
D/PanProfile( 5093): Bluetooth service connected
D/BluetoothAdapterService( 5360): getAdapterService() - returning com.android.bluetooth.btservice.AdapterService@bfca4ad
D/BtGatt.GattService( 5360): classInitNative called
I/BtGatt.JNI( 5360): classInitNative(L863): classInitNative: Success!
D/BtGatt.DebugUtils( 5360): handleDebugAction() action=null
D/BtGatt.GattService( 5360): Received start request. Starting profile...
D/BtGatt.GattService( 5360): start()
I/bluedroid( 5360): get_profile_interface gatt
D/BtGatt.AdvertiseManager( 5360): advertise manager created
D/BluetoothAdapterService( 5360): getAdapterService() - returning com.android.bluetooth.btservice.AdapterService@bfca4ad
D/BluetoothMapService( 5360): inside BluetoothMapObexConnection
D/BluetoothMapService( 5360): supportedMessageTypes 14
D/BluetoothMapService( 5360): masId 0
D/BluetoothMapService( 5360): inside BluetoothMapObexConnection
D/BluetoothMapService( 5360): supportedMessageTypes 1
D/BluetoothMapService( 5360): masId 1
D/BluetoothMapService( 5360): Inside initBinder
D/BluetoothMapService( 5360): Received start request. Starting profile...
D/BluetoothMap( 5093): Proxy object connected
D/BluetoothMapService( 5360): start()
D/MapProfile( 5093): Bluetooth service connected
D/BluetoothMap( 5093): getConnectedDevices()
D/BluetoothMapService( 5360): Registering observer
D/BluetoothAdapter( 5093): 151368563: getState() :  mService = null. Returning STATE_OFF
D/BluetoothMap( 5093): Bluetooth is Not enabled
D/BluetoothAdapterService( 5360): getAdapterService() - returning com.android.bluetooth.btservice.AdapterService@bfca4ad
I/Telecom ( 5070): BluetoothPhoneService: queryPhoneState
D/Telecom ( 5070): BluetoothPhoneService: handleMessage(7) w/ param 0
I/Telecom ( 5070): BluetoothPhoneService: updateHeadsetWithCallState numActive 0, numHeld 0, callState 6, ringing number [da39a3ee5e6b4b0d3255bfef95601890afd80709], ringing type 128
D/BluetoothAdapter( 5070): 682395861: getState() :  mService = null. Returning STATE_OFF
W/BluetoothHeadset( 5070): Proxy not attached to service
D/BluetoothHeadset( 5070): java.lang.Throwable
D/BluetoothHeadset( 5070): 	at android.bluetooth.BluetoothHeadset.phoneStateChanged(BluetoothHeadset.java:826)
D/BluetoothHeadset( 5070): 	at com.android.server.telecom.BluetoothPhoneService.updateHeadsetWithCallState(BluetoothPhoneService.java:789)
D/BluetoothHeadset( 5070): 	at com.android.server.telecom.BluetoothPhoneService.access$800(BluetoothPhoneService.java:51)
D/BluetoothHeadset( 5070): 	at com.android.server.telecom.BluetoothPhoneService$2.handleMessage(BluetoothPhoneService.java:311)
D/BluetoothHeadset( 5070): 	at android.os.Handler.dispatchMessage(Handler.java:102)
D/BluetoothHeadset( 5070): 	at android.os.Looper.loop(Looper.java:135)
D/BluetoothHeadset( 5070): 	at android.app.ActivityThread.main(ActivityThread.java:5254)
D/BluetoothHeadset( 5070): 	at java.lang.reflect.Method.invoke(Native Method)
D/BluetoothHeadset( 5070): 	at java.lang.reflect.Method.invoke(Method.java:372)
D/BluetoothHeadset( 5070): 	at com.android.internal.os.ZygoteInit$MethodAndArgsCaller.run(ZygoteInit.java:898)
D/BluetoothHeadset( 5070): 	at com.android.internal.os.ZygoteInit.main(ZygoteInit.java:693)
D/HeadsetStateMachine( 5360): Disconnected process message: 10, size: 0
V/BluetoothMapService( 5360): Handler(): got msg=1
D/BluetoothAdapterState( 5360): CURRENT_STATE=PENDING, MESSAGE = STARTED, isTurningOn=true, isTurningOff=false
I/bluedroid( 5360): enable
D/HeadsetPhoneState( 5360): sendDeviceStateChanged. mService=0 mSignal=0 mRoam=0 mBatteryCharge=4
D/HeadsetStateMachine( 5360): Disconnected process message: 11, size: 0
I/bt_hci_bdroid( 5360): init
I/GKI_LINUX( 5360): gki_task_entry task_id=0 [BTU] starting
I/bt-btu  ( 5360): btu_task pending for preload complete event
I/bt_vendor( 5360): init
I/bt_vnd_conf( 5360): Attempt to load conf from /etc/bluetooth/bt_vendor.conf
I/bt_vnd_conf( 5360): vnd_load_conf file >/etc/bluetooth/bt_vendor.conf< not found
D/bt_userial( 5360): userial_init
D/bt_vendor( 5360): op for 5
D/bt_vendor( 5360): op for 0
D/bt_upio ( 5360): upio_set_bluetooth_power(on: 1)
D/bt_upio ( 5360): is_emulator_context : 0
D/bt_upio ( 5360): is_rfkill_disabled ? [0]
D/bt_upio ( 5360): is_rfkill_disabled ? [0]
D/bt_vendor( 5360): op for 3
I/bt_userial_vendor( 5360): userial vendor open: opening /dev/ttySAC0
I/bt_userial_vendor( 5360): userial_vendor_open():UART is setup
I/bt_userial_vendor( 5360): device fd = 56 open
D/bt_vendor( 5360): op for 1
E/bt_hwcfg( 5360): Start CFG HW, HCI reset
D/bt_userial( 5360): Entering userial_read_thread()
E/bt_hwcfg( 5360): Read Local Name after HCI reset
D/ConnectivityService( 4117): Got NetworkFactory Messenger for Telephony
D/bt_hwcfg( 5360): Chipset BCM4350C0
D/bt_hwcfg( 5360): Target name = [BCM4350C0]
E/bt_hwcfg( 5360): patchram path ORG . BCM4350C0
E/bt_hwcfg( 5360): patchram path ORG .. BCM4350C0
E/bt_hwcfg( 5360): patchram path ORG bcm4350_V0301.0562.hcd BCM4350C0
E/bt_hwcfg( 5360): patchram path ORG bcm4350_V0301.0563_wisol.hcd BCM4350C0
E/bt_hwcfg( 5360): patchram path ORG companion_2p2_master_setfile.bin BCM4350C0
E/bt_hwcfg( 5360): patchram path ORG companion_2p2_mode_setfile.bin BCM4350C0
E/bt_hwcfg( 5360): patchram path ORG companion_default_coef.bin BCM4350C0
E/bt_hwcfg( 5360): patchram path ORG companion_default_lsc.bin BCM4350C0
E/bt_hwcfg( 5360): patchram path ORG companion_fw_2p2_evt1.bin BCM4350C0
E/bt_hwcfg( 5360): patchram path ORG companion_fw_evt0.bin BCM4350C0
E/bt_hwcfg( 5360): patchram path ORG fimc_is_fw2.bin BCM4350C0
E/bt_hwcfg( 5360): patchram path ORG fimc_is_fw2_2p2.bin BCM4350C0
E/bt_hwcfg( 5360): patchram path ORG libpn547_fw.so BCM4350C0
E/bt_hwcfg( 5360): patchram path ORG mfc_fw.bin BCM4350C0
E/bt_hwcfg( 5360): patchram path ORG setfile_2p2.bin BCM4350C0
E/bt_hwcfg( 5360): patchram path ORG setfile_6b2.bin BCM4350C0
E/bt_hwcfg( 5360): patchram path ORG setfile_8b1.bin BCM4350C0
E/bt_hwcfg( 5360): fw ver (org)0.0
E/bt_hwcfg( 5360): vendor lib preload failed to locate firmware patch file
E/bt_hwcfg( 5360): Remove module rev, try again BCM4350
D/bt_hwcfg( 5360): Target name = [BCM4350]
E/bt_hwcfg( 5360): patchram path ORG . BCM4350
E/bt_hwcfg( 5360): patchram path ORG .. BCM4350
E/bt_hwcfg( 5360): patchram path ORG bcm4350_V0301.0562.hcd BCM4350
E/bt_hwcfg( 5360): patchram path ORG bcm4350_V0301.0563_wisol.hcd BCM4350
I/bt_hwcfg( 5360): patch(org) : bcm4350_V0301.0563_wisol.hcd
I/bt_hwcfg( 5360): Found patchfile: /vendor/firmware/bcm4350_V0301.0563_wisol.hcd
E/bt_hwcfg( 5360): ORG patchram base 0301
E/bt_hwcfg( 5360): ORG patchram minor 0563
E/bt_hwcfg( 5360): fw ver (org)301.563
E/bt_hwcfg( 5360): Final Patchram is /vendor/firmware/bcm4350_V0301.0563_wisol.hcd
I/bt_hwcfg( 5360): Axi patch failure or not include AXI patching
I/bt_hwcfg( 5360): bt vendor lib: set UART baud 3000000
D/TelephonyProvider( 4980): dbh.onCreate:+ db=SQLiteDatabase: /data/data/com.android.providers.telephony/databases/telephony.db
D/TelephonyProvider( 4980): dbh.createSimInfoTable:+
D/TelephonyProvider( 4980): dbh.createSimInfoTable:-
D/TelephonyProvider( 4980): dbh.createCarriersTable:+
D/TelephonyProvider( 4980): dbh.createCarriersTable:-
I/art     ( 4117): Explicit concurrent mark sweep GC freed 53550(5MB) AllocSpace objects, 51(3MB) LOS objects, 33% free, 22MB/33MB, paused 2.377ms total 59.264ms
I/bt_hwcfg( 5360): bt vendor lib: set UART baud 115200
I/bt_hwcfg( 5360): FW Download delta = 574049
D/bt_hwcfg( 5360): Settlement delay -- 100 ms
I/bt_hwcfg( 5360): Setting fw settlement delay to 100 
I/bt_hwcfg( 5360): bt vendor lib: set UART baud 3000000
I/bt_hwcfg( 5360): vendor lib fwcfg completed
I/bt-btu  ( 5360): btu_task received preload complete event
W/bt-l2cap( 5360): L2CAP - L2CA_Register() called for PSM: 0x0001
W/bt-l2cap( 5360): L2CAP - L2CA_Register() called for PSM: 0x001f
W/bt-l2cap( 5360): L2CAP - L2CA_Register() called for PSM: 0x0003
W/bt-l2cap( 5360): L2CAP - L2CA_Register() called for PSM: 0x1487
I/        ( 5360): BTE_InitTraceLevels -- TRC_HCI
I/        ( 5360): BTE_InitTraceLevels -- TRC_L2CAP
I/        ( 5360): BTE_InitTraceLevels -- TRC_RFCOMM
I/        ( 5360): BTE_InitTraceLevels -- TRC_AVDT
I/        ( 5360): BTE_InitTraceLevels -- TRC_AVRC
I/        ( 5360): BTE_InitTraceLevels -- TRC_A2D
I/        ( 5360): BTE_InitTraceLevels -- TRC_BNEP
I/        ( 5360): BTE_InitTraceLevels -- TRC_BTM
I/        ( 5360): BTE_InitTraceLevels -- TRC_HID_HOST
I/        ( 5360): BTE_InitTraceLevels -- TRC_GAP
I/        ( 5360): BTE_InitTraceLevels -- TRC_PAN
I/        ( 5360): BTE_InitTraceLevels -- TRC_SDP
I/        ( 5360): BTE_InitTraceLevels -- TRC_GATT
I/        ( 5360): BTE_InitTraceLevels -- TRC_SMP
I/        ( 5360): BTE_InitTraceLevels -- TRC_HID_DEV
I/        ( 5360): BTE_InitTraceLevels -- TRC_BTAPP
I/        ( 5360): BTE_InitTraceLevels -- TRC_BTIF
I/        ( 5360): BTE_InitTraceLevels -- TRC_LATENCY_AUDIO
D/TelephonyProvider( 4980): dbh.onCreate:- db=SQLiteDatabase: /data/data/com.android.providers.telephony/databases/telephony.db
D/TelephonyProvider( 4980): dbh.onOpen: ok, queried table=siminfo
D/TelephonyProvider( 4980): dbh.onOpen: ok, queried table=carriers
W/bt-btm  ( 5360): btm_decode_ext_features_page Secure conn Host support Enabled
W/bt-btm  ( 5360): btm_decode_ext_features_page Secure conn Controller support Enabled
E/bt-btm  ( 5360): BTM_SecRegister:p_cb_info->p_le_callback == 0xa1e08051 
E/bt-btm  ( 5360): BTM_SecRegister: btm_cb.api.p_le_callback = 0xa1e08051 
E/cutils  ( 5490): Failed to mkdir(/mnt/shell/emulated/0): Read-only file system
W/Zygote  ( 5490): Failed to mount emulated storage: 30
I/ActivityManager( 4117): Start proc com.android.smspush for service com.android.smspush/.WapPushManager: pid=5490 uid=10055 gids={50055, 9997} abi=armeabi-v7a
I/art     ( 3700): Explicit concurrent mark sweep GC freed 706(30KB) AllocSpace objects, 0(0B) LOS objects, 39% free, 15MB/25MB, paused 193us total 10.614ms
I/art     ( 3700): Explicit concurrent mark sweep GC freed 5(160B) AllocSpace objects, 0(0B) LOS objects, 39% free, 15MB/25MB, paused 200us total 10.366ms
D/GpsLocationProvider( 4117): received SIM realted action: android.intent.action.SIM_STATE_CHANGED
D/PhoneStatusBarPolicy( 4538): updateSimState for subId :-1
D/PhoneStatusBarPolicy( 4538): updateSimState for phoneId :0
D/PhoneStatusBarPolicy( 4538): updateSimState for Slot :-1
D/GpsLocationProvider( 4117): SIM MCC/MNC is still not available
D/DcSwitchState( 4980): [DcSwitchState-0] DcSwitchState constructor E
D/DcSwitchState( 4980): [DcSwitchState-0] DcSwitchState constructor X
I/art     ( 3700): Explicit concurrent mark sweep GC freed 5(160B) AllocSpace objects, 0(0B) LOS objects, 39% free, 15MB/25MB, paused 215us total 10.785ms
W/BackupManagerService( 4117): dataChanged but no participant pkg='com.android.providers.settings' uid=1001
I/PackageManager( 4117): Replacing preferred activity com.android.mms/.ui.ComposeMessageActivity for user 0:
I/PackageManager( 4117):   Action: "android.intent.action.SENDTO"
I/PackageManager( 4117):   Category: "android.intent.category.DEFAULT"
I/PackageManager( 4117):   Scheme: "sms"
I/PackageManager( 4117): Replacing preferred activity com.android.mms/.ui.ComposeMessageActivity for user 0:
I/PackageManager( 4117):   Action: "android.intent.action.SENDTO"
I/PackageManager( 4117):   Category: "android.intent.category.DEFAULT"
I/PackageManager( 4117):   Scheme: "smsto"
I/PackageManager( 4117): Replacing preferred activity com.android.mms/.ui.ComposeMessageActivity for user 0:
I/PackageManager( 4117):   Action: "android.intent.action.SENDTO"
I/PackageManager( 4117):   Category: "android.intent.category.DEFAULT"
I/PackageManager( 4117):   Scheme: "mms"
I/PackageManager( 4117): Replacing preferred activity com.android.mms/.ui.ComposeMessageActivity for user 0:
I/PackageManager( 4117):   Action: "android.intent.action.SENDTO"
I/PackageManager( 4117):   Category: "android.intent.category.DEFAULT"
I/PackageManager( 4117):   Scheme: "mmsto"
I/Telephony( 4980): TtyManager: updateUiTtyMode -1 -> 0
D/ConnectivityService( 4117): Got NetworkFactory Messenger for WIFI
D/WIFI    ( 4117): got request NetworkRequest [ id=1, legacyType=-1, [ Capabilities: INTERNET&NOT_RESTRICTED&TRUSTED&NOT_VPN] ] with score 0
E/bt-btif ( 5360): AG evt (hdl 0x0001):
D/bt-btif ( 5360): AG evt (hdl 0x0001): State 0, Event 0x0500
E/bt-btif ( 5360): btif_config_get(L188): assert failed: section && *section && key && *key && name && *name && bytes && type
E/bt-btif ( 5360): btif_config_get(L188): assert failed: section && *section && key && *key && name && *name && bytes && type
E/bt-btif ( 5360): btif_storage_get_adapter_property service_mask:0x2140040
W/bt-l2cap( 5360): L2CAP - L2CA_Register() called for PSM: 0x0019
W/bt-l2cap( 5360): L2CAP - L2CA_Register() called for PSM: 0x0017
D/bt-btif ( 5360):  AVRC_Open AVRC_Open role: 1, control:3 status:0, handle:0
D/BluetoothAdapterProperties( 5360): Address is:14:B4:84:6F:66:79
W/bt-l2cap( 5360): L2CAP - L2CA_Register() called for PSM: 0x0011
W/bt-l2cap( 5360): L2CAP - L2CA_Register() called for PSM: 0x0013
W/bt-smp  ( 5360): Key(LSB ~ MSB) = 2d 9c b5 24 e9 25 2c cb cd 5e 7c 8f 16 b6 7a 06 
W/bt-smp  ( 5360): Plain text(LSB ~ MSB) = 03 00 00 00 00 00 00 00 00 00 00 00 00 00 00 00 
W/bt-smp  ( 5360): Encrypted text(LSB ~ MSB) = 84 61 43 fd 31 90 17 13 46 1a c9 99 21 b0 70 0f 
W/bt-smp  ( 5360): Key(LSB ~ MSB) = 2d 9c b5 24 e9 25 2c cb cd 5e 7c 8f 16 b6 7a 06 
W/bt-smp  ( 5360): Plain text(LSB ~ MSB) = 01 00 00 00 00 00 00 00 00 00 00 00 00 00 00 00 
W/bt-smp  ( 5360): Encrypted text(LSB ~ MSB) = 80 e9 8d 8f 34 cf 2b 9b ae b0 64 02 80 78 67 3f 
W/bt-smp  ( 5360): Key(LSB ~ MSB) = 80 e9 8d 8f 34 cf 2b 9b ae b0 64 02 80 78 67 3f 
W/bt-smp  ( 5360): Plain text(LSB ~ MSB) = 1a a5 68 00 00 00 00 00 00 00 00 00 00 00 00 00 
W/bt-smp  ( 5360): Encrypted text(LSB ~ MSB) = 71 f9 07 09 16 0c 02 ec 23 6d 6e 6d 42 2e c1 0a 
W/bt-btm  ( 5360): Stopping oneshot timer
E/cutils  ( 5529): Failed to mkdir(/mnt/shell/emulated/0): Read-only file system
W/Zygote  ( 5529): Failed to mount emulated storage: 30
I/ActivityManager( 4117): Start proc com.android.calendar for broadcast com.android.calendar/.UpgradeReceiver: pid=5529 uid=10026 gids={50026, 9997, 1028, 1015, 3003} abi=armeabi-v7a
D/BluetoothAdapterProperties( 5360): Name is: SM-G900H
D/BluetoothManagerService( 4117): Bluetooth Adapter name changed to SM-G900H
D/BluetoothManagerService( 4117): Stored Bluetooth name: SM-G900H
D/BluetoothAdapterProperties( 5360): Scan Mode:20
D/BluetoothAdapterProperties( 5360): Discoverable Timeout:120
D/bt_vendor( 5360): op for 2
D/bt_vendor( 5360): op for 6
D/bt_vendor( 5360): op for 7
W/bt-l2cap( 5360): L2CAP - L2CA_Register() called for PSM: 0x000f
D/bt_vendor( 5360): op for 7
D/bt_upio ( 5360): BT_WAKE is asserted already
D/bte_conf( 5360): Device ID record 1 : primary
D/bte_conf( 5360):   vendorId            = 001d
D/bte_conf( 5360):   vendorIdSource      = 0001
D/bte_conf( 5360):   product             = 1200
D/bte_conf( 5360):   version             = 1436
D/bte_conf( 5360):   clientExecutableURL = 
D/bte_conf( 5360):   serviceDescription  = 
D/bte_conf( 5360):   documentationURL    = 
D/bte_conf( 5360): bte_load_did_conf no section named DID2.
D/bt-btif ( 5360): btif_hf_upstreams_evt: event=BTA_AG_ENABLE_EVT
E/bt-btif ( 5360): btif_hf_upstreams_evt: Invalid index 17233
D/bt-btif ( 5360): btif_hf_upstreams_evt: event=BTA_AG_REGISTER_EVT
D/bt-btif ( 5360): btif_av_state_idle_handler event:BTA_AV_ENABLE_EVT flags 0
D/bt-btif ( 5360): btif_av_state_idle_handler event:BTA_AV_REGISTER_EVT flags 0
E/bt-btif ( 5360): btif_config_get(L188): assert failed: section && *section && key && *key && name && *name && bytes && type
E/bt-btif ( 5360): btif_config_get(L188): assert failed: section && *section && key && *key && name && *name && bytes && type
E/bt-btif ( 5360): btif_config_get(L188): assert failed: section && *section && key && *key && name && *name && bytes && type
D/BluetoothPanServiceJni( 5360): control_state_callback(L61): state:0, local_role:3, ifname:bt-pan
D/bt_vendor( 5360): op for 7
D/bt_upio ( 5360): BT_WAKE is asserted already
D/BluetoothAdapterState( 5360): CURRENT_STATE=PENDING, MESSAGE = ENABLE_READY, isTurningOn=true, isTurningOff=false
D/BluetoothAdapterProperties( 5360): ScanMode =  20
D/BluetoothAdapterProperties( 5360): State =  11
D/BluetoothAdapterProperties( 5360): Setting state to 12
I/BluetoothAdapterState( 5360): Bluetooth adapter state changed: 11-> 12
D/BluetoothAdapterProperties( 5360): Discoverable Timeout:120
I/BluetoothAdapterState( 5360): Entering On State
D/bt_vendor( 5360): op for 7
D/bt_upio ( 5360): BT_WAKE is asserted already
D/KeyguardUpdateMonitor( 4538): ACTION_SERVICE_STATE_CHANGED on sub: -1 mServiceState: 1 1 home null null null  Unknown Unknown CSS not supported -1 -1 RoamInd=-1 DefRoamInd=-1 EmergOnly=false
E/bt_h4   ( 5360): vendor lib postload completed
D/bt_vendor( 5360): op for 7
D/bt_upio ( 5360): BT_WAKE is asserted already
D/bt_vendor( 5360): op for 7
D/bt_upio ( 5360): BT_WAKE is asserted already
D/bt_vendor( 5360): op for 7
D/bt_upio ( 5360): BT_WAKE is asserted already
D/bt_vendor( 5360): op for 7
D/bt_upio ( 5360): BT_WAKE is asserted already
D/bt_vendor( 5360): op for 7
D/bt_upio ( 5360): BT_WAKE is asserted already
D/bt_vendor( 5360): op for 7
D/bt_upio ( 5360): BT_WAKE is asserted already
D/bt_vendor( 5360): op for 7
D/bt_upio ( 5360): BT_WAKE is asserted already
D/bt_vendor( 5360): op for 7
D/bt_upio ( 5360): BT_WAKE is asserted already
D/bt_vendor( 5360): op for 7
D/bt_upio ( 5360): BT_WAKE is asserted already
D/bt_vendor( 5360): op for 7
D/bt_upio ( 5360): BT_WAKE is asserted already
D/bt_vendor( 5360): op for 7
D/bt_upio ( 5360): BT_WAKE is asserted already
D/bt_vendor( 5360): op for 7
D/bt_upio ( 5360): BT_WAKE is asserted already
D/bt_vendor( 5360): op for 7
D/bt_upio ( 5360): BT_WAKE is asserted already
D/bt_vendor( 5360): op for 7
D/bt_upio ( 5360): BT_WAKE is asserted already
D/bt_vendor( 5360): op for 7
D/bt_upio ( 5360): BT_WAKE is asserted already
D/BluetoothManagerService( 4117): Stored Bluetooth name: SM-G900H
D/BluetoothManagerService( 4117): Stored Bluetoothaddress: 14:B4:84:6F:66:79
D/BluetoothAdapterState( 5360): CURRENT_STATE=ON, MESSAGE = USER_TURN_OFF
D/BluetoothAdapterProperties( 5360): Setting state to 13
I/BluetoothAdapterState( 5360): Bluetooth adapter state changed: 12-> 13
D/BluetoothAdapterProperties( 5360): onBluetoothDisable()
I/BluetoothAdapterState( 5360): Entering PendingCommandState State: isTurningOn()=false, isTurningOff()=true
W/Resources( 5529): Converting to string: TypedValue{t=0x10/d=0xfffffffe a=-1}
D/TelephonyNetworkFactory-1( 4980): got request NetworkRequest [ id=1, legacyType=-1, [ Capabilities: INTERNET&NOT_RESTRICTED&TRUSTED&NOT_VPN] ] with score 0
D/TelephonyDebugService( 4980): TelephonyDebugService()
D/ExtensionsFactory( 5529): No custom extensions.
D/WifiService( 4117): New client listening to asynchronous messages
D/BluetoothHeadset( 4980): Proxy object connected
D/Telephony( 4980): TtyManager: setTTYMode exception: com.android.internal.telephony.CommandException: RADIO_NOT_AVAILABLE
V/OtaStartupReceiver( 4980): onOtaspChanged: mOtaspMode=1
I/HeadsetService( 5047): Starting service.
E/cutils  ( 5559): Failed to mkdir(/mnt/shell/emulated/0): Read-only file system
W/Zygote  ( 5559): Failed to mount emulated storage: 30
I/ActivityManager( 4117): Start proc com.cyanogenmod.account for broadcast com.cyanogenmod.account/.receiver.BootReceiver: pid=5559 uid=10002 gids={50002, 9997, 3003} abi=armeabi-v7a
D/GpsLocationProvider( 4117): received SIM realted action: android.intent.action.ACTION_SUBINFO_RECORD_UPDATED
D/GpsLocationProvider( 4117): SIM MCC/MNC is still not available
D/Telephony( 4980): TtyManager: queryTTYMode exception: com.android.internal.telephony.CommandException: RADIO_NOT_AVAILABLE
I/Telephony( 4980): : SUBINFO_RECORD_UPDATED : 4.
D/Telephony( 4980): TelecomAccountRegistry: Found 1 phones.  Attempting to register.
D/Telephony( 4980): TelecomAccountRegistry: Phone with subscription id -1
W/EffectsFactory( 3691): loadLibrary() failed to open /vendor/lib/liblvverx_3.20.03.so
W/EffectsFactory( 3691): loadLibrary() failed to open /vendor/lib/liblvvetx_3.20.03.so
E/PhoneInterfaceManager( 4980): [PhoneIntfMgr] getIccId: No UICC
W/linker  ( 3691): lib_SoundAlive_play_ver125e.so has text relocations. This is wasting memory and prevents security hardening. Please fix.
W/EffectsFactory( 3691): loadEffect() could not get library pre_processing
W/EffectsFactory( 3691): loadEffect() could not get library pre_processing
W/EffectsFactory( 3691): loadEffect() could not get library pre_processing
W/EffectsFactory( 3691): loadEffect() could not get library output_processing
W/EffectsFactory( 3691): loadEffect() could not get library output_processing
E/AudioFlinger( 3691): createEffect() unknown output thread
E/AudioEffect( 5047): set(): AudioFlinger could not create effect, status: -22
E/AudioEffects-JNI( 5047): AudioEffect initCheck failed -4
E/AudioEffect-JAVA( 5047): Error code -4 when initializing AudioEffect.
D/Telephony( 4980): AccountEntry: Registered phoneAccount: android.telecom.PhoneAccount@379d944e with handle: ComponentInfo{com.android.phone/com.android.services.telephony.TelephonyConnectionService}, E
E/HeadsetService( 5047): Effect type: 0bed4300-ddd6-11db-8f34-0002a5d5c51b not supported.
E/HeadsetService( 5047): java.lang.IllegalArgumentException: Effect type: 0bed4300-ddd6-11db-8f34-0002a5d5c51b not supported.
E/HeadsetService( 5047): 	at android.media.audiofx.AudioEffect.<init>(AudioEffect.java:404)
E/HeadsetService( 5047): 	at android.media.audiofx.Equalizer.<init>(Equalizer.java:139)
E/HeadsetService( 5047): 	at org.cyanogenmod.audiofx.HeadsetService$EffectSet.<init>(HeadsetService.java:87)
E/HeadsetService( 5047): 	at org.cyanogenmod.audiofx.HeadsetService.saveDefaults(HeadsetService.java:414)
E/HeadsetService( 5047): 	at org.cyanogenmod.audiofx.HeadsetService.onCreate(HeadsetService.java:331)
E/HeadsetService( 5047): 	at android.app.ActivityThread.handleCreateService(ActivityThread.java:2760)
E/HeadsetService( 5047): 	at android.app.ActivityThread.access$1900(ActivityThread.java:147)
E/HeadsetService( 5047): 	at android.app.ActivityThread$H.handleMessage(ActivityThread.java:1379)
E/HeadsetService( 5047): 	at android.os.Handler.dispatchMessage(Handler.java:102)
E/HeadsetService( 5047): 	at android.os.Looper.loop(Looper.java:135)
E/HeadsetService( 5047): 	at android.app.ActivityThread.main(ActivityThread.java:5254)
E/HeadsetService( 5047): 	at java.lang.reflect.Method.invoke(Native Method)
E/HeadsetService( 5047): 	at java.lang.reflect.Method.invoke(Method.java:372)
E/HeadsetService( 5047): 	at com.android.internal.os.ZygoteInit$MethodAndArgsCaller.run(ZygoteInit.java:898)
E/HeadsetService( 5047): 	at com.android.internal.os.ZygoteInit.main(ZygoteInit.java:693)
I/Telephony( 4980): PstnIncomingCallNotifier: Registering: Handler (com.android.internal.telephony.gsm.GSMPhone) {1149a4dd}
I/HeadsetService( 5047): Stopping service.
D/Telephony( 4980): PstnPhoneCapabilitiesNotifier: Registering: Handler (com.android.internal.telephony.gsm.GSMPhone) {1149a4dd}
D/CallNotifier( 4980): onReceive... 
D/TelephonyNetworkFactory-1( 4980): update networkCapabilites for subId = -1
D/TelephonyNetworkFactory-1( 4980): INTERNET capability is removed from subId = -1
D/TelephonyNetworkFactory-1( 4980): Ready to handle network requests
I/MmsService( 4980): mReceiver action: android.intent.action.ACTION_SUBINFO_RECORD_UPDATED
I/MmsService( 4980): MmsConfigManager.loadInBackground(): mcc/mnc: 0/0
E/MmsService( 4980): MmsConfigManager.load -- empty getActiveSubInfoList
D/Telephony( 4980): PstnPhoneCapabilitiesNotifier: handleVideoCapabilitesChanged. Video capability - false
D/Telephony( 4980): PstnPhoneCapabilitiesNotifier: handleVideoCapabilitesChanged. Exception=java.lang.NullPointerException: Attempt to invoke virtual method 'int android.telecom.PhoneAccount.getCapabilities()' on a null object reference
E/cutils  ( 5588): Failed to mkdir(/mnt/shell/emulated/0): Read-only file system
W/Zygote  ( 5588): Failed to mount emulated storage: 30
I/ActivityManager( 4117): Start proc com.cyanogenmod.updater for broadcast com.cyanogenmod.updater/.receiver.UpdateCheckReceiver: pid=5588 uid=10003 gids={50003, 9997, 3003, 1028, 1015, 2001} abi=armeabi-v7a
I/UpdateCheckReceiver( 5588): Scheduling future, repeating update checks.
I/UpdateCheckService( 5588): Could not check for updates. Not connected to the network.
E/cutils  ( 5618): Failed to mkdir(/mnt/shell/emulated/0): Read-only file system
W/Zygote  ( 5618): Failed to mount emulated storage: 30
I/ActivityManager( 4117): Start proc com.android.providers.calendar for broadcast com.android.providers.calendar/.CalendarReceiver: pid=5618 uid=10004 gids={50004, 9997, 3003, 1028, 1015} abi=armeabi-v7a
E/BluetoothAdapterService(201106605)( 5360): BT is not ON. Exiting autoConnect
W/ResourcesManager( 5618): Asset path '/system/framework/android.test.runner.jar' does not exist or contains no resources.
I/CalendarDatabaseHelper( 5618): Bootstrapping database
I/CalendarProvider2( 5618): Created com.android.providers.calendar.CalendarAlarmManager@262de0d7(com.android.providers.calendar.CalendarProvider2@39546dc4)
E/cutils  ( 5644): Failed to mkdir(/mnt/shell/emulated/0): Read-only file system
W/Zygote  ( 5644): Failed to mount emulated storage: 30
I/ActivityManager( 4117): Start proc com.android.managedprovisioning for broadcast com.android.managedprovisioning/.BootReminder: pid=5644 uid=10011 gids={50011, 9997, 1028, 3003} abi=armeabi-v7a
E/cutils  ( 5669): Failed to mkdir(/mnt/shell/emulated/0): Read-only file system
W/Zygote  ( 5669): Failed to mount emulated storage: 30
I/ActivityManager( 4117): Start proc com.android.mms for broadcast com.android.mms/.transaction.MmsSystemEventReceiver: pid=5669 uid=10012 gids={50012, 9997, 3003, 1028, 1015} abi=armeabi-v7a
I/MediaProvider( 5152): Upgrading media database from version 0 to 701, which will destroy all old data
W/Resources( 5669): Converting to string: TypedValue{t=0x10/d=0x0 a=-1}
W/Resources( 5669): Converting to string: TypedValue{t=0x10/d=0xffffffff a=-1}
W/Resources( 5669): Converting to string: TypedValue{t=0x10/d=0xffffffff a=-1}
W/Resources( 5669): Converting to string: TypedValue{t=0x10/d=0xffffffff a=-1}
W/Resources( 5669): Converting to string: TypedValue{t=0x10/d=0x0 a=-1}
W/Resources( 5669): Converting to string: TypedValue{t=0x10/d=0x0 a=-1}
W/Resources( 5669): Converting to string: TypedValue{t=0x10/d=0x0 a=-1}
