--------- beginning of main
I/McDaemon(    0): Daemon starting up...
W/auditd  ( 3693): type=1325 audit(0.0:2): table=filter family=2 entries=0
W/auditd  ( 3693): type=1325 audit(0.0:3): table=mangle family=2 entries=0
W/auditd  ( 3693): type=1325 audit(0.0:4): table=nat family=2 entries=0
W/auditd  ( 3693): type=1325 audit(0.0:5): table=raw family=2 entries=0
W/auditd  ( 3693): type=1325 audit(0.0:6): table=security family=2 entries=0
W/auditd  ( 3693): type=1325 audit(0.0:7): table=filter family=3 entries=0
W/auditd  ( 3693): type=1325 audit(0.0:8): table=filter family=10 entries=0
W/auditd  ( 3693): type=1325 audit(0.0:9): table=mangle family=10 entries=0
W/auditd  ( 3693): type=1325 audit(0.0:10): table=raw family=10 entries=0
I/McDaemon(    0): Socket interface version is 0.2
I/McDaemon(    0): *** t-base-300-Ares-2-Android-V004_P3 ###
I/McDaemon(    0): Build timestamp is Jan 20 2015 11:49:09
I/McDaemon(    0): Checking version of <t-base
I/McDaemon(    0): Product ID is tbase-300_EXYNOS_5422_V004_P3
I/McDaemon(    0): (null)
I/McDaemon(    0): (null)
I/McDaemon(    0): (null)
I/McDaemon(    0): (null)
I/lowmemorykiller( 3663): Using in-kernel low memory killer interface
W/auditd  ( 3693): type=1305 audit(0.0:11): audit_pid=3661 old=0 auid=4294967295 ses=4294967295
W/auditd  ( 3693):  res=1
W/auditd  ( 3693): type=1305 audit(0.0:12): audit_rate_limit=20 old=0 auid=4294967295 ses=4294967295
W/auditd  ( 3693):  res=1
I/DEBUG   ( 3674): debuggerd: Jul  3 2015 03:58:19
I/installd( 3683): installd firing up
E/sdcard  ( 3690): usage: sdcard [OPTIONS] <source_path> <dest_path>
E/sdcard  ( 3690):     -u: specify UID to run as
E/sdcard  ( 3690):     -g: specify GID to run as
E/sdcard  ( 3690):     -w: specify GID required to write (default sdcard_rw, requires -d or -l)
E/sdcard  ( 3690):     -t: specify number of threads to use (default 2)
E/sdcard  ( 3690):     -d: derive file permissions based on path
E/sdcard  ( 3690):     -l: derive file permissions based on legacy internal layout
E/sdcard  ( 3690):     -s: split derived permissions for pics, av
E/sdcard  ( 3690): 
E/sdcard  ( 3691): usage: sdcard [OPTIONS] <source_path> <dest_path>
E/sdcard  ( 3691):     -u: specify UID to run as
E/sdcard  ( 3691):     -g: specify GID to run as
E/sdcard  ( 3691):     -w: specify GID required to write (default sdcard_rw, requires -d or -l)
E/sdcard  ( 3691):     -t: specify number of threads to use (default 2)
E/sdcard  ( 3691):     -d: derive file permissions based on path
E/sdcard  ( 3691):     -l: derive file permissions based on legacy internal layout
E/sdcard  ( 3691):     -s: split derived permissions for pics, av
E/sdcard  ( 3691): 
I/PrProvisioning( 3697): successfully - provisioning start !
I/Netd    ( 3673): Netd 1.0 starting
I/PrProvisioning( 3697): provisioning already done
E/Netd    ( 3673): Failed to open /proc/sys/net/ipv6/conf/default/accept_ra_rt_table: No such file or directory
E/Netd    ( 3673): Failed to open /proc/sys/net/ipv6/conf/ip6tnl0/accept_ra_rt_table: No such file or directory
E/Netd    ( 3673): Failed to open /proc/sys/net/ipv6/conf/lo/accept_ra_rt_table: No such file or directory
E/Netd    ( 3673): Failed to open /proc/sys/net/ipv6/conf/rmnet0/accept_ra_rt_table: No such file or directory
E/Netd    ( 3673): Failed to open /proc/sys/net/ipv6/conf/rmnet1/accept_ra_rt_table: No such file or directory
E/Netd    ( 3673): Failed to open /proc/sys/net/ipv6/conf/rmnet2/accept_ra_rt_table: No such file or directory
E/Netd    ( 3673): Failed to open /proc/sys/net/ipv6/conf/rmnet3/accept_ra_rt_table: No such file or directory
E/Netd    ( 3673): Failed to open /proc/sys/net/ipv6/conf/sit0/accept_ra_rt_table: No such file or directory
D/SensorHubService( 3686): nuSensorHubService starting...
I/keystore( 3685): SELinux: Keystore SELinux is disabled.
I/SurfaceFlinger( 3678): SurfaceFlinger is starting
I/SurfaceFlinger( 3678): SurfaceFlinger's main thread ready to run. Initializing graphics H/W...
W/auditd  ( 3693): type=1325 audit(0.0:13): table=filter family=2 entries=4
W/iptables( 3765): type=1300 audit(0.0:13): arch=40000028 syscall=294 per=800000 success=yes exit=0 a0=5 a1=0 a2=40 a3=b6c29100 items=0 ppid=3673 auid=4294967295 uid=0 gid=0 euid=0 suid=0 fsuid=0 egid=0 sgid=0 fsgid=0 ses=4294967295 tty=(none) exe="/system/bin/iptables" key=(null)
W/auditd  ( 3693): type=1320 audit(0.0:13): 
W/auditd  ( 3693): type=1325 audit(0.0:14): table=filter family=10 entries=4
W/ip6tables( 3766): type=1300 audit(0.0:14): arch=40000028 syscall=294 per=800000 success=yes exit=0 a0=5 a1=29 a2=40 a3=b6c2b400 items=0 ppid=3673 auid=4294967295 uid=0 gid=0 euid=0 suid=0 fsuid=0 egid=0 sgid=0 fsgid=0 ses=4294967295 tty=(none) exe="/system/bin/ip6tables" key=(null)
W/auditd  ( 3693): type=1320 audit(0.0:14): 
W/auditd  ( 3693): type=1325 audit(0.0:15): table=filter family=2 entries=6
W/iptables( 3767): type=1300 audit(0.0:15): arch=40000028 syscall=294 per=800000 success=yes exit=0 a0=5 a1=0 a2=40 a3=b6c23100 items=0 ppid=3673 auid=4294967295 uid=0 gid=0 euid=0 suid=0 fsuid=0 egid=0 sgid=0 fsgid=0 ses=4294967295 tty=(none) exe="/system/bin/iptables" key=(null)
W/auditd  ( 3693): type=1320 audit(0.0:15): 
W/auditd  ( 3693): type=1325 audit(0.0:16): table=filter family=10 entries=6
W/ip6tables( 3768): type=1300 audit(0.0:16): arch=40000028 syscall=294 per=800000 success=yes exit=0 a0=5 a1=29 a2=40 a3=b6c36600 items=0 ppid=3673 auid=4294967295 uid=0 gid=0 euid=0 suid=0 fsuid=0 egid=0 sgid=0 fsgid=0 ses=4294967295 tty=(none) exe="/system/bin/ip6tables" key=(null)
W/auditd  ( 3693): type=1320 audit(0.0:16): 
W/auditd  ( 3693): type=1325 audit(0.0:17): table=filter family=2 entries=7
W/iptables( 3777): type=1300 audit(0.0:17): arch=40000028 syscall=294 per=800000 success=yes exit=0 a0=5 a1=0 a2=40 a3=b6c30400 items=0 ppid=3673 auid=4294967295 uid=0 gid=0 euid=0 suid=0 fsuid=0 egid=0 sgid=0 fsgid=0 ses=4294967295 tty=(none) exe="/system/bin/iptables" key=(null)
W/auditd  ( 3693): type=1320 audit(0.0:17): 
W/auditd  ( 3693): type=1325 audit(0.0:18): table=filter family=10 entries=7
W/ip6tables( 3778): type=1300 audit(0.0:18): arch=40000028 syscall=294 per=800000 success=yes exit=0 a0=5 a1=29 a2=40 a3=b6c32800 items=0 ppid=3673 auid=4294967295 uid=0 gid=0 euid=0 suid=0 fsuid=0 egid=0 sgid=0 fsgid=0 ses=4294967295 tty=(none) exe="/system/bin/ip6tables" key=(null)
W/auditd  ( 3693): type=1320 audit(0.0:18): 
W/auditd  ( 3693): type=1325 audit(0.0:19): table=filter family=2 entries=9
W/iptables( 3780): type=1300 audit(0.0:19): arch=40000028 syscall=294 per=800000 success=yes exit=0 a0=5 a1=0 a2=40 a3=b6c33600 items=0 ppid=3673 auid=4294967295 uid=0 gid=0 euid=0 suid=0 fsuid=0 egid=0 sgid=0 fsgid=0 ses=4294967295 tty=(none) exe="/system/bin/iptables" key=(null)
W/auditd  ( 3693): type=1320 audit(0.0:19): 
W/auditd  ( 3693): type=1325 audit(0.0:20): table=filter family=10 entries=9
W/ip6tables( 3781): type=1300 audit(0.0:20): arch=40000028 syscall=294 per=800000 success=yes exit=0 a0=5 a1=29 a2=40 a3=b6c47800 items=0 ppid=3673 auid=4294967295 uid=0 gid=0 euid=0 suid=0 fsuid=0 egid=0 sgid=0 fsgid=0 ses=4294967295 tty=(none) exe="/system/bin/ip6tables" key=(null)
W/auditd  ( 3693): type=1320 audit(0.0:20): 
D/gpsd    ( 3688): WakeLock(Release,GPSD)
D/gpsd    ( 3688): WakeLock(Release,SUPL)
I/gpsd_d  ( 3688): GNSS: 219420
D/wrapperGPS( 3688): wrapperOpenClient_RILD
E/wrapperGPS( 3688): wrapperOpenClient_RILD: RegisterUnsolicitedHandler() UNSOL_GPS_NOTI (20009)
D/wrapperGPS( 3688): wrapperRegisterRequestCompleteHandler
D/wrapperGPS( 3688): wrapperRegisterUnsolicitedHandler id(12009), handler(0xb6ba66e9)
D/wrapperGPS( 3688): wrapperRegisterErrorCallback
D/wrapperGPS( 3688): wrapperConnect_RILD
W/auditd  ( 3693): type=1325 audit(0.0:21): table=filter family=2 entries=10
W/iptables( 3792): type=1300 audit(0.0:21): arch=40000028 syscall=294 per=800000 success=yes exit=0 a0=5 a1=0 a2=40 a3=b6c31800 items=0 ppid=3673 auid=4294967295 uid=0 gid=0 euid=0 suid=0 fsuid=0 egid=0 sgid=0 fsgid=0 ses=4294967295 tty=(none) exe="/system/bin/iptables" key=(null)
W/auditd  ( 3693): type=1320 audit(0.0:21): 
W/auditd  ( 3693): type=1325 audit(0.0:22): table=filter family=10 entries=10
W/ip6tables( 3793): type=1300 audit(0.0:22): arch=40000028 syscall=294 per=800000 success=yes exit=0 a0=5 a1=29 a2=40 a3=b6c42c00 items=0 ppid=3673 auid=4294967295 uid=0 gid=0 euid=0 suid=0 fsuid=0 egid=0 sgid=0 fsgid=0 ses=4294967295 tty=(none) exe="/system/bin/ip6tables" key=(null)
W/auditd  ( 3693): type=1320 audit(0.0:22): 
W/auditd  ( 3693): type=1325 audit(0.0:23): table=filter family=2 entries=12
W/iptables( 3794): type=1300 audit(0.0:23): arch=40000028 syscall=294 per=800000 success=yes exit=0 a0=5 a1=0 a2=40 a3=b6c44800 items=0 ppid=3673 auid=4294967295 uid=0 gid=0 euid=0 suid=0 fsuid=0 egid=0 sgid=0 fsgid=0 ses=4294967295 tty=(none) exe="/system/bin/iptables" key=(null)
W/auditd  ( 3693): type=1320 audit(0.0:23): 
W/auditd  ( 3693): type=1325 audit(0.0:24): table=filter family=10 entries=12
W/ip6tables( 3795): type=1300 audit(0.0:24): arch=40000028 syscall=294 per=800000 success=yes exit=0 a0=5 a1=29 a2=40 a3=b6c1d800 items=0 ppid=3673 auid=4294967295 uid=0 gid=0 euid=0 suid=0 fsuid=0 egid=0 sgid=0 fsgid=0 ses=4294967295 tty=(none) exe="/system/bin/ip6tables" key=(null)
W/auditd  ( 3693): type=1320 audit(0.0:24): 
D/libEGL  ( 3678): loaded /vendor/lib/egl/libGLES_mali.so
I/        ( 3678): PLATFORM VERSION : JB-MR-2
I/gralloc ( 3678): using (id=)
I/gralloc ( 3678): xres         = 1080 px
I/gralloc ( 3678): yres         = 1920 px
I/gralloc ( 3678): width        = 65 mm (422.030762 dpi)
I/gralloc ( 3678): height       = 115 mm (424.069580 dpi)
I/gralloc ( 3678): refresh rate = 60.00 Hz
W/auditd  ( 3693): type=1325 audit(0.0:25): table=filter family=2 entries=13
W/iptables( 3815): type=1300 audit(0.0:25): arch=40000028 syscall=294 per=800000 success=yes exit=0 a0=5 a1=0 a2=40 a3=b6c1c200 items=0 ppid=3673 auid=4294967295 uid=0 gid=0 euid=0 suid=0 fsuid=0 egid=0 sgid=0 fsgid=0 ses=4294967295 tty=(none) exe="/system/bin/iptables" key=(null)
W/auditd  ( 3693): type=1320 audit(0.0:25): 
D/WVMDrmPlugIn( 3680): WVMDrmPlugin::onGetSupportInfo : 0
D/hwcomposer( 3678): using
D/hwcomposer( 3678): xres         = 1080 px
D/hwcomposer( 3678): yres         = 1920 px
D/hwcomposer( 3678): width        = 65 mm (422.030000 dpi)
D/hwcomposer( 3678): height       = 115 mm (424.069000 dpi)
D/hwcomposer( 3678): refresh rate = 60 Hz
D/libexynosv4l2-subdev( 3678): try node: /dev/v4l-subdev0
D/libexynosv4l2-subdev( 3678): try node: /dev/v4l-subdev1
D/libexynosv4l2-subdev( 3678): try node: /dev/v4l-subdev2
I/libexynosv4l2-subdev( 3678): node found for device s5p-mixer0: /dev/v4l-subdev2
I/libexynosv4l2-subdev( 3678): open subdev device /dev/v4l-subdev2
I/hwcomposer( 3678): PSR info devname = /sys/devices/14400000.fimd_fb/psr_info
I/hwcomposer( 3678): PSR mode is 2(0: video mode, 1: DP PSR mode, 2: MIPI-DSI command mode)
I/SurfaceFlinger( 3678): Using composer version 1.3
I/SurfaceFlinger( 3678): EGL information:
I/SurfaceFlinger( 3678): vendor    : Android
I/SurfaceFlinger( 3678): version   : 1.4 Android META-EGL
I/SurfaceFlinger( 3678): extensions: EGL_KHR_get_all_proc_addresses EGL_ANDROID_presentation_time EGL_KHR_image EGL_KHR_image_base EGL_KHR_gl_texture_2D_image EGL_KHR_gl_texture_cubemap_image EGL_KHR_gl_renderbuffer_image EGL_KHR_fence_sync EGL_KHR_create_context EGL_ANDROID_image_native_buffer EGL_KHR_wait_sync EGL_ANDROID_recordable 
I/SurfaceFlinger( 3678): Client API: OpenGL_ES
I/SurfaceFlinger( 3678): EGLSurface: 8-8-8-8, config=0xb6acf2ac
I/SurfaceFlinger( 3678): OpenGL ES informations:
I/SurfaceFlinger( 3678): vendor    : ARM
I/SurfaceFlinger( 3678): renderer  : Mali-T628
I/SurfaceFlinger( 3678): version   : OpenGL ES 3.0
I/SurfaceFlinger( 3678): extensions: GL_EXT_debug_marker GL_ARM_rgba8 GL_ARM_mali_shader_binary GL_OES_depth24 GL_OES_depth_texture GL_OES_depth_texture_cube_map GL_OES_packed_depth_stencil GL_OES_rgb8_rgba8 GL_EXT_read_format_bgra GL_OES_compressed_paletted_texture GL_OES_compressed_ETC1_RGB8_texture GL_OES_standard_derivatives GL_OES_EGL_image GL_OES_EGL_image_external GL_OES_EGL_sync GL_OES_texture_npot GL_OES_vertex_half_float GL_OES_required_internalformat GL_OES_vertex_array_object GL_OES_mapbuffer GL_EXT_texture_format_BGRA8888 GL_EXT_texture_rg GL_EXT_texture_type_2_10_10_10_REV GL_OES_fbo_render_mipmap GL_OES_element_index_uint GL_EXT_shadow_samplers GL_OES_texture_compression_astc GL_KHR_texture_compression_astc_ldr GL_KHR_texture_compression_astc_hdr GL_KHR_debug GL_EXT_occlusion_query_boolean GL_EXT_blend_minmax GL_EXT_discard_framebuffer GL_OES_get_program_binary GL_OES_texture_3D GL_EXT_texture_storage GL_EXT_multisampled_render_to_texture GL_OES_surfaceless_context GL_ARM_mali_program_binary 
I/SurfaceFlinger( 3678): GL_MAX_TEXTURE_SIZE = 8192
I/SurfaceFlinger( 3678): GL_MAX_VIEWPORT_DIMS = 8192
D/SurfaceFlinger( 3678): Set power mode=2, type=0 flinger=0xb6a62000
I/hwcomposer( 3678): unblank ioctl failed (display already unblanked)
D/AndroidRuntime( 3689): 
D/AndroidRuntime( 3689): >>>>>> AndroidRuntime START com.android.internal.os.ZygoteInit <<<<<<
D/SurfaceFlinger( 3678): SF. shader cache generated - 26 shaders in 86.889458 ms
D/AndroidRuntime( 3689): CheckJNI is OFF
I/art     ( 3689): option[0]=-Xzygote
I/art     ( 3689): option[1]=-Xstacktracefile:/data/anr/traces.txt
I/art     ( 3689): option[2]=exit
I/art     ( 3689): option[3]=vfprintf
I/art     ( 3689): option[4]=sensitiveThread
I/art     ( 3689): option[5]=-verbose:gc
I/art     ( 3689): option[6]=-Xms16m
I/art     ( 3689): option[7]=-Xmx512m
I/art     ( 3689): option[8]=-XX:mainThreadStackSize=24K
I/art     ( 3689): option[9]=-XX:HeapGrowthLimit=192m
I/art     ( 3689): option[10]=-XX:HeapMinFree=2m
I/art     ( 3689): option[11]=-XX:HeapMaxFree=8m
I/art     ( 3689): option[12]=-XX:HeapTargetUtilization=0.75
I/art     ( 3689): option[13]=-agentlib:jdwp=transport=dt_android_adb,suspend=n,server=y
I/art     ( 3689): option[14]=-Xlockprofthreshold:500
I/art     ( 3689): option[15]=-Ximage-compiler-option
I/art     ( 3689): option[16]=--runtime-arg
I/art     ( 3689): option[17]=-Ximage-compiler-option
I/art     ( 3689): option[18]=-Xms64m
I/art     ( 3689): option[19]=-Ximage-compiler-option
I/art     ( 3689): option[20]=--runtime-arg
I/art     ( 3689): option[21]=-Ximage-compiler-option
I/art     ( 3689): option[22]=-Xmx64m
I/art     ( 3689): option[23]=-Ximage-compiler-option
I/art     ( 3689): option[24]=--image-classes-zip=/system/framework/framework.jar
I/art     ( 3689): option[25]=-Ximage-compiler-option
I/art     ( 3689): option[26]=--image-classes=preloaded-classes
I/art     ( 3689): option[27]=-Xcompiler-option
I/art     ( 3689): option[28]=--runtime-arg
I/art     ( 3689): option[29]=-Xcompiler-option
I/art     ( 3689): option[30]=-Xms64m
I/art     ( 3689): option[31]=-Xcompiler-option
I/art     ( 3689): option[32]=--runtime-arg
I/art     ( 3689): option[33]=-Xcompiler-option
I/art     ( 3689): option[34]=-Xmx512m
I/art     ( 3689): option[35]=-Duser.language=es
I/art     ( 3689): option[36]=-Duser.region=US
I/art     ( 3689): Pruning dalvik-cache since we are relocating an image and will need to recompile
W/art     ( 3689): Unexpected file type of 
W/art     ( 3689):  encountered.
D/libEGL  ( 3851): loaded /vendor/lib/egl/libGLES_mali.so
I/        ( 3851): PLATFORM VERSION : JB-MR-2
E/BootAnimation( 3851): couldn't find audio_conf.txt
I/art     ( 3689): RelocateImage: /system/bin/patchoat --input-image-location=/system/framework/boot.art --output-image-file=/data/dalvik-cache/arm/system@framework@boot.art --input-oat-location=/system/framework/boot.oat --output-oat-file=/data/dalvik-cache/arm/system@framework@boot.oat --instruction-set=arm --base-offset-delta=-7360512
I/Sensorhubs( 3686): GestureSensor flags 1, mEnabled 0
E/Sensorhubs( 3686): Gesture old sensor_state 0, new sensor_state : 64 en : 1
I/Sensorhubs( 3686): GestureSensor flags 0, mEnabled 1
E/Sensorhubs( 3686): Gesture old sensor_state 64, new sensor_state : 0 en : 0
I/SensorHubService( 3686): HardwareSensorHub
I/SensorHubService( 3686): HardwareSensorHub
D/SensorHubService( 3686): nuSensorHubService thread starting...
I/sensorhubservice( 3686): SensorHubService is starting now........................................
D/BootAnimation( 3851): Use save memory method, maybe small fps in actual.
W/auditd  ( 3693): type=1325 audit(0.0:55): table=raw family=2 entries=5
W/iptables( 3934): type=1300 audit(0.0:55): arch=40000028 syscall=294 per=800000 success=yes exit=0 a0=5 a1=0 a2=40 a3=b6c2d100 items=0 ppid=3673 auid=4294967295 uid=0 gid=0 euid=0 suid=0 fsuid=0 egid=0 sgid=0 fsgid=0 ses=4294967295 tty=(none) exe="/system/bin/iptables" key=(null)
W/auditd  ( 3693): type=1320 audit(0.0:55): 
W/auditd  ( 3693): type=1325 audit(0.0:56): table=raw family=10 entries=5
W/ip6tables( 3935): type=1300 audit(0.0:56): arch=40000028 syscall=294 per=800000 success=yes exit=0 a0=5 a1=29 a2=40 a3=b6c36400 items=0 ppid=3673 auid=4294967295 uid=0 gid=0 euid=0 suid=0 fsuid=0 egid=0 sgid=0 fsgid=0 ses=4294967295 tty=(none) exe="/system/bin/ip6tables" key=(null)
W/auditd  ( 3693): type=1320 audit(0.0:56): 
D/wrapperGPS( 3688): wrapperConnect_RILD
W/auditd  ( 3693): type=1325 audit(0.0:57): table=raw family=2 entries=6
W/iptables( 3942): type=1300 audit(0.0:57): arch=40000028 syscall=294 per=800000 success=yes exit=0 a0=5 a1=0 a2=40 a3=b6c20400 items=0 ppid=3673 auid=4294967295 uid=0 gid=0 euid=0 suid=0 fsuid=0 egid=0 sgid=0 fsgid=0 ses=4294967295 tty=(none) exe="/system/bin/iptables" key=(null)
W/auditd  ( 3693): type=1320 audit(0.0:57): 
W/auditd  ( 3693): type=1325 audit(0.0:58): table=raw family=10 entries=6
W/ip6tables( 3943): type=1300 audit(0.0:58): arch=40000028 syscall=294 per=800000 success=yes exit=0 a0=5 a1=29 a2=40 a3=b6c31800 items=0 ppid=3673 auid=4294967295 uid=0 gid=0 euid=0 suid=0 fsuid=0 egid=0 sgid=0 fsgid=0 ses=4294967295 tty=(none) exe="/system/bin/ip6tables" key=(null)
W/auditd  ( 3693): type=1320 audit(0.0:58): 
W/auditd  ( 3693): type=1325 audit(0.0:59): table=raw family=2 entries=8
W/iptables( 3944): type=1300 audit(0.0:59): arch=40000028 syscall=294 per=800000 success=yes exit=0 a0=5 a1=0 a2=40 a3=b6c1ba00 items=0 ppid=3673 auid=4294967295 uid=0 gid=0 euid=0 suid=0 fsuid=0 egid=0 sgid=0 fsgid=0 ses=4294967295 tty=(none) exe="/system/bin/iptables" key=(null)
W/auditd  ( 3693): type=1320 audit(0.0:59): 
W/auditd  ( 3693): type=1325 audit(0.0:60): table=raw family=10 entries=8
W/ip6tables( 3945): type=1300 audit(0.0:60): arch=40000028 syscall=294 per=800000 success=yes exit=0 a0=5 a1=29 a2=40 a3=b6c37800 items=0 ppid=3673 auid=4294967295 uid=0 gid=0 euid=0 suid=0 fsuid=0 egid=0 sgid=0 fsgid=0 ses=4294967295 tty=(none) exe="/system/bin/ip6tables" key=(null)
W/auditd  ( 3693): type=1320 audit(0.0:60): 
W/auditd  ( 3693): type=1325 audit(0.0:61): table=mangle family=2 entries=6
W/iptables( 3952): type=1300 audit(0.0:61): arch=40000028 syscall=294 per=800000 success=yes exit=0 a0=5 a1=0 a2=40 a3=b6c20400 items=0 ppid=3673 auid=4294967295 uid=0 gid=0 euid=0 suid=0 fsuid=0 egid=0 sgid=0 fsgid=0 ses=4294967295 tty=(none) exe="/system/bin/iptables" key=(null)
W/auditd  ( 3693): type=1325 audit(0.0:83): table=nat family=2 entries=11
W/iptables( 4004): type=1300 audit(0.0:83): arch=40000028 syscall=294 per=800000 success=yes exit=0 a0=5 a1=0 a2=40 a3=b6c31800 items=0 ppid=3673 auid=4294967295 uid=0 gid=0 euid=0 suid=0 fsuid=0 egid=0 sgid=0 fsgid=0 ses=4294967295 tty=(none) exe="/system/bin/iptables" key=(null)
W/auditd  ( 3693): type=1320 audit(0.0:83): 
D/wrapperGPS( 3688): wrapperConnect_RILD
W/auditd  ( 3693): type=1325 audit(0.0:84): table=nat family=2 entries=13
W/iptables( 4005): type=1300 audit(0.0:84): arch=40000028 syscall=294 per=800000 success=yes exit=0 a0=5 a1=0 a2=40 a3=b6c1c200 items=0 ppid=3673 auid=4294967295 uid=0 gid=0 euid=0 suid=0 fsuid=0 egid=0 sgid=0 fsgid=0 ses=4294967295 tty=(none) exe="/system/bin/iptables" key=(null)
W/auditd  ( 3693): type=1320 audit(0.0:84): 
W/auditd  ( 3693): type=1325 audit(0.0:85): table=nat family=2 entries=14
W/iptables( 4009): type=1300 audit(0.0:85): arch=40000028 syscall=294 per=800000 success=yes exit=0 a0=5 a1=0 a2=40 a3=b6c41c00 items=0 ppid=3673 auid=4294967295 uid=0 gid=0 euid=0 suid=0 fsuid=0 egid=0 sgid=0 fsgid=0 ses=4294967295 tty=(none) exe="/system/bin/iptables" key=(null)
W/auditd  ( 3693): type=1320 audit(0.0:85): 
W/auditd  ( 3693): type=1325 audit(0.0:86): table=nat family=2 entries=16
W/iptables( 4010): type=1300 audit(0.0:86): arch=40000028 syscall=294 per=800000 success=yes exit=0 a0=5 a1=0 a2=40 a3=b6c1c800 items=0 ppid=3673 auid=4294967295 uid=0 gid=0 euid=0 suid=0 fsuid=0 egid=0 sgid=0 fsgid=0 ses=4294967295 tty=(none) exe="/system/bin/iptables" key=(null)
W/auditd  ( 3693): type=1320 audit(0.0:86): 
W/auditd  ( 3693): type=1325 audit(0.0:87): table=filter family=2 entries=34
W/iptables( 4011): type=1300 audit(0.0:87): arch=40000028 syscall=294 per=800000 success=yes exit=0 a0=5 a1=0 a2=40 a3=b6c22000 items=0 ppid=3673 auid=4294967295 uid=0 gid=0 euid=0 suid=0 fsuid=0 egid=0 sgid=0 fsgid=0 ses=4294967295 tty=(none) exe="/system/bin/iptables" key=(null)
W/auditd  ( 3693): type=1320 audit(0.0:87): 
V/NatController( 3673): runCmd(/system/bin/iptables -F natctrl_FORWARD) res=0
W/auditd  ( 3693): type=1325 audit(0.0:88): table=filter family=2 entries=34
W/iptables( 4012): type=1300 audit(0.0:88): arch=40000028 syscall=294 per=800000 success=yes exit=0 a0=5 a1=0 a2=40 a3=b6c25000 items=0 ppid=3673 auid=4294967295 uid=0 gid=0 euid=0 suid=0 fsuid=0 egid=0 sgid=0 fsgid=0 ses=4294967295 tty=(none) exe="/system/bin/iptables" key=(null)
W/auditd  ( 3693): type=1320 audit(0.0:88): 
V/NatController( 3673): runCmd(/system/bin/iptables -A natctrl_FORWARD -j DROP) res=0
W/auditd  ( 3693): type=1325 audit(0.0:89): table=nat family=2 entries=17
W/iptables( 4013): type=1300 audit(0.0:89): arch=40000028 syscall=294 per=800000 success=yes exit=0 a0=5 a1=0 a2=40 a3=b6c1c800 items=0 ppid=3673 auid=4294967295 uid=0 gid=0 euid=0 suid=0 fsuid=0 egid=0 sgid=0 fsgid=0 ses=4294967295 tty=(none) exe="/system/bin/iptables" key=(null)
V/NatController( 3673): runCmd(/system/bin/iptables -t nat -F natctrl_nat_POSTROUTING) res=0
V/NatController( 3673): runCmd(/system/bin/iptables -t nat -F natctrl_nat_PREROUTING) res=0
V/NatController( 3673): runCmd(/system/bin/iptables -F natctrl_tether_counters) res=1
V/NatController( 3673): runCmd(/system/bin/iptables -X natctrl_tether_counters) res=1
V/NatController( 3673): runCmd(/system/bin/iptables -N natctrl_tether_counters) res=0
V/NatController( 3673): runCmd(/system/bin/iptables -t mangle -A natctrl_mangle_FORWARD -p tcp --tcp-flags SYN SYN -j TCPMSS --clamp-mss-to-pmtu) res=0
D/wrapperGPS( 3688): wrapperConnect_RILD
D/MDnsDS  ( 3673): MDnsSdListener::Hander starting up
D/MDnsDS  ( 3673): MDnsSdListener starting to monitor
D/MDnsDS  ( 3673): Going to poll with pollCount 1
E/memtrack( 3689): Couldn't load memtrack module (No such file or directory)
E/android.os.Debug( 3689): failed to load memtrack module: -2
I/SamplingProfilerIntegration( 3689): Profiling disabled.
D/Zygote  ( 3689): begin preload
I/Zygote  ( 3689): Preloading classes...
I/art     ( 3689): Explicit concurrent mark sweep GC freed 994(55KB) AllocSpace objects, 0(0B) LOS objects, 98% free, 70KB/4MB, paused 114us total 3.646ms
I/art     ( 3689): Counter: 1
D/BootAnimation( 3851): Use save memory method, maybe small fps in actual.
D/wrapperGPS( 3688): wrapperConnect_RILD
E/Minikin ( 3689): addFont failed to create font /system/fonts/NotoSansGujarati-Regular.ttf
E/Minikin ( 3689): addFont failed to create font /system/fonts/NotoSansGujarati-Bold.ttf
E/Minikin ( 3689): addFont failed to create font /system/fonts/NotoSansGujaratiUI-Regular.ttf
E/Minikin ( 3689): addFont failed to create font /system/fonts/NotoSansGujaratiUI-Bold.ttf
E/Minikin ( 3689): addFont failed to create font /system/fonts/NotoSansGurmukhi-Regular.ttf
E/Minikin ( 3689): addFont failed to create font /system/fonts/NotoSansGurmukhi-Bold.ttf
E/Minikin ( 3689): addFont failed to create font /system/fonts/NotoSansGurmukhiUI-Regular.ttf
E/Minikin ( 3689): addFont failed to create font /system/fonts/NotoSansGurmukhiUI-Bold.ttf
E/Minikin ( 3689): addFont failed to create font /system/fonts/NotoSansSinhala-Regular.ttf
E/Minikin ( 3689): addFont failed to create font /system/fonts/NotoSansSinhala-Bold.ttf
E/Minikin ( 3689): addFont failed to create font /system/fonts/NotoSansCherokee-Regular.ttf
E/Minikin ( 3689): addFont failed to create font /system/fonts/NotoSansCanadianAboriginal-Regular.ttf
E/Minikin ( 3689): addFont failed to create font /system/fonts/NotoSansYi-Regular.ttf
E/Minikin ( 3689): addFont failed to create font /system/fonts/NotoSansHans-Regular.otf
E/Minikin ( 3689): addFont failed to create font /system/fonts/NotoSansHant-Regular.otf
E/Minikin ( 3689): addFont failed to create font /system/fonts/NotoSansJP-Regular.otf
E/Minikin ( 3689): addFont failed to create font /system/fonts/NotoSansKR-Regular.otf
I/art     ( 3689): Thread[1,tid=3689,WaitingForJniOnLoad,Thread*=0xb5007800,peer=0x12c330e0,"main"] recursive attempt to load library "/system/lib/libmedia_jni.so"
D/MtpDeviceJNI( 3689): register_android_mtp_MtpDevice
I/art     ( 3689): Thread[1,tid=3689,WaitingForJniOnLoad,Thread*=0xb5007800,peer=0x12c330e0,"main"] recursive attempt to load library "/system/lib/libmedia_jni.so"
I/art     ( 3689): Thread[1,tid=3689,WaitingForJniOnLoad,Thread*=0xb5007800,peer=0x12c330e0,"main"] recursive attempt to load library "/system/lib/libmedia_jni.so"
D/wrapperGPS( 3688): wrapperConnect_RILD
W/SurfaceFlinger( 3678): Ignoring duplicate VSYNC event from HWC (t=10340152916)
W/SurfaceFlinger( 3678): Ignoring duplicate VSYNC event from HWC (t=10745208250)
I/System  ( 3689): Loaded time zone names for "" in 50ms (46ms in ICU)
I/System  ( 3689): Loaded time zone names for "en_US" in 30ms (25ms in ICU)
I/System  ( 3689): Loaded time zone names for "es_US" in 33ms (28ms in ICU)
I/art     ( 3689): Explicit concurrent mark sweep GC freed 32375(1963KB) AllocSpace objects, 0(0B) LOS objects, 71% free, 1613KB/5MB, paused 130us total 13.415ms
I/Zygote  ( 3689): ...preloaded 3005 classes in 2416ms.
I/art     ( 3689): VMRuntime.preloadDexCaches starting
I/art     ( 3689): VMRuntime.preloadDexCaches strings total=217316 before=40338 after=40338
I/art     ( 3689): VMRuntime.preloadDexCaches types total=18704 before=6337 after=6380
I/art     ( 3689): VMRuntime.preloadDexCaches fields total=87408 before=32543 after=32871
I/art     ( 3689): VMRuntime.preloadDexCaches methods total=154031 before=66779 after=67657
I/art     ( 3689): VMRuntime.preloadDexCaches finished
I/art     ( 3689): Counter: 0
I/art     ( 3689): Counter: 1
I/art     ( 3689): Explicit concurrent mark sweep GC freed 175(20KB) AllocSpace objects, 0(0B) LOS objects, 71% free, 1593KB/5MB, paused 134us total 7.607ms
I/recovery( 4128): Installing new recovery image: succeeded 
D/idmap   ( 4127): error: no read access to /vendor/overlay: No such file or directory
I/Zygote  ( 3689): Preloading resources...
D/wrapperGPS( 3688): wrapperConnect_RILD
I/art     ( 3689): Explicit concurrent mark sweep GC freed 4687(169KB) AllocSpace objects, 0(0B) LOS objects, 40% free, 16MB/28MB, paused 326us total 9.968ms
I/Zygote  ( 3689): ...preloaded 430 resources in 464ms.
I/art     ( 3689): Explicit concurrent mark sweep GC freed 488(28KB) AllocSpace objects, 0(0B) LOS objects, 40% free, 16MB/28MB, paused 189us total 8.542ms
I/Zygote  ( 3689): ...preloaded 41 resources in 19ms.
I/art     ( 3689): Counter: 0
D/libEGL  ( 3689): loaded /vendor/lib/egl/libGLES_mali.so
I/Zygote  ( 3689): Preloading shared libraries...
D/Zygote  ( 3689): end preload
I/art     ( 3689): Explicit concurrent mark sweep GC freed 461(21KB) AllocSpace objects, 0(0B) LOS objects, 40% free, 16MB/28MB, paused 215us total 8.055ms
I/art     ( 3689): Explicit concurrent mark sweep GC freed 41(1568B) AllocSpace objects, 0(0B) LOS objects, 40% free, 16MB/28MB, paused 227us total 8.807ms
I/art     ( 3689): Explicit concurrent mark sweep GC freed 5(160B) AllocSpace objects, 0(0B) LOS objects, 40% free, 16MB/28MB, paused 196us total 8.301ms
I/Zygote  ( 3689): System server process 4129 has been created
I/Zygote  ( 3689): Accepting command socket connections
I/art     ( 4129): DexFile_isDexOptNeeded failed to open oat file '/data/dalvik-cache/arm/system@framework@org.cyanogenmod.hardware.jar@classes.dex' for file location '/system/framework/org.cyanogenmod.hardware.jar': Failed to open oat filename for reading: No such file or directory
I/art     ( 4129): DexFile_isDexOptNeeded file /system/framework/arm/org.cyanogenmod.hardware.odex needs to be relocated for /system/framework/org.cyanogenmod.hardware.jar
I/installd( 3683): new connection
E/installd( 4149): Running /system/bin/patchoat isa=arm in-fd=5 (/system/framework/arm/org.cyanogenmod.hardware.odex) out-fd=6 (/data/dalvik-cache/arm/system@framework@org.cyanogenmod.hardware.jar@classes.dex)
I/art     ( 4129): DexFile_isDexOptNeeded failed to open oat file '/data/dalvik-cache/arm/system@framework@services.jar@classes.dex' for file location '/system/framework/services.jar': Failed to open oat filename for reading: No such file or directory
I/art     ( 4129): DexFile_isDexOptNeeded file /system/framework/arm/services.odex needs to be relocated for /system/framework/services.jar
E/installd( 4150): Running /system/bin/patchoat isa=arm in-fd=5 (/system/framework/arm/services.odex) out-fd=6 (/data/dalvik-cache/arm/system@framework@services.jar@classes.dex)
I/art     ( 4129): DexFile_isDexOptNeeded failed to open oat file '/data/dalvik-cache/arm/system@framework@ethernet-service.jar@classes.dex' for file location '/system/framework/ethernet-service.jar': Failed to open oat filename for reading: No such file or directory
I/art     ( 4129): DexFile_isDexOptNeeded file /system/framework/arm/ethernet-service.odex needs to be relocated for /system/framework/ethernet-service.jar
E/installd( 4151): Running /system/bin/patchoat isa=arm in-fd=5 (/system/framework/arm/ethernet-service.odex) out-fd=6 (/data/dalvik-cache/arm/system@framework@ethernet-service.jar@classes.dex)
I/art     ( 4129): DexFile_isDexOptNeeded failed to open oat file '/data/dalvik-cache/arm/system@framework@wifi-service.jar@classes.dex' for file location '/system/framework/wifi-service.jar': Failed to open oat filename for reading: No such file or directory
I/art     ( 4129): DexFile_isDexOptNeeded file /system/framework/arm/wifi-service.odex needs to be relocated for /system/framework/wifi-service.jar
E/installd( 4152): Running /system/bin/patchoat isa=arm in-fd=5 (/system/framework/arm/wifi-service.odex) out-fd=6 (/data/dalvik-cache/arm/system@framework@wifi-service.jar@classes.dex)
E/installd( 3683): eof
E/installd( 3683): failed to read size
I/installd( 3683): closing connection
V/Fingerprint-JNI( 4129): FingerprintManager JNI ready.
I/        ( 4129): System server: starting sensor init.
D/SensorService( 4129): nuSensorService starting...
E/Sensors ( 4129): GeoMagneticSensor, ERROR dev_num = -19
I/Sensors ( 4129): Proximity old sensor_state 0, new sensor_state : 128 en : 1
I/Sensors ( 4129): Light old sensor_state 128, new sensor_state : 640 en : 1
I/installd( 3683): new connection
E/Sensors ( 4129): UncalMagneticSensor, ERROR dev_num = -19
I/Sensors ( 4129): SigMotionSensor old sensor_state 640, new sensor_state : 8832 en : 1
E/Sensors ( 4129): UncalGyroSensor, ERROR dev_num = -19
E/Sensors ( 4129): GameRotationVector, ERROR dev_num = -19
I/Sensors ( 4129): StepCounterSensor old sensor_state 8832, new sensor_state : 139904 en : 1
D/Sensors ( 4129): HrmSpO2Sensor::HrmSpO2Sensor: Shared version Registered 
E/SensorService( 4129): >>>> WARNING <<< Upgrade sensor HAL to version 1_3
I/Sensors ( 4129): Proximity old sensor_state 139904, new sensor_state : 139776 en : 0
I/Sensors ( 4129): Light old sensor_state 139776, new sensor_state : 139264 en : 0
I/Sensors ( 4129): StepCounterSensor old sensor_state 139264, new sensor_state : 8192 en : 0
I/Sensors ( 4129): SigMotionSensor old sensor_state 8192, new sensor_state : 0 en : 0
I/Sensors ( 4129): HrmSpO2Sensor::enable, handle(16), en(0), what(1/0:aosphrm,1:sshrm, old enabled : 0)
I/Sensors ( 4129): HrmSpO2Sensor is already disabled or have to keep enabled, mEnabled : 0x0, en : 0
I/Sensors ( 4129): HrmSpO2Sensor::enable, handle(17), en(0), what(0/0:aosphrm,1:sshrm, old enabled : 0)
I/Sensors ( 4129): HrmSpO2Sensor is already disabled or have to keep enabled, mEnabled : 0x0, en : 0
I/Sensors ( 4129): HrmSpO2Sensor::enable, handle(18), en(0), what(2/0:aosphrm,1:sshrm, old enabled : 0)
I/Sensors ( 4129): HrmSpO2Sensor is already disabled or have to keep enabled, mEnabled : 0x0, en : 0
I/        ( 4129): System server: sensor init done.
D/SensorService( 4129): nuSensorService thread starting...
I/Sensors ( 4129): ProximitySensor - 8(cm)
D/SensorService( 4129): new thread SensorEventAckReceiver
D/wrapperGPS( 3688): wrapperConnect_RILD
D/SEC PowerHAL( 4129): sysfs_write +: /sys/devices/system/cpu/cpu0/cpufreq/interactive/multi_enter_load: 800
D/SEC PowerHAL( 4129): sysfs_write -: /sys/devices/system/cpu/cpu0/cpufreq/interactive/multi_enter_load: 800
D/SEC PowerHAL( 4129): sysfs_write +: /sys/devices/system/cpu/cpu0/cpufreq/interactive/single_enter_load: 200
D/SEC PowerHAL( 4129): sysfs_write -: /sys/devices/system/cpu/cpu0/cpufreq/interactive/single_enter_load: 200
D/SEC PowerHAL( 4129): sysfs_write +: /sys/devices/system/cpu/cpu0/cpufreq/interactive/param_index: 0
D/SEC PowerHAL( 4129): sysfs_write -: /sys/devices/system/cpu/cpu0/cpufreq/interactive/param_index: 0
D/SEC PowerHAL( 4129): sysfs_write +: /sys/devices/system/cpu/cpu0/cpufreq/interactive/timer_rate: 20000
D/SEC PowerHAL( 4129): sysfs_write -: /sys/devices/system/cpu/cpu0/cpufreq/interactive/timer_rate: 20000
D/SEC PowerHAL( 4129): sysfs_write +: /sys/devices/system/cpu/cpu0/cpufreq/interactive/timer_slack: 20000
D/SEC PowerHAL( 4129): sysfs_write -: /sys/devices/system/cpu/cpu0/cpufreq/interactive/timer_slack: 20000
D/SEC PowerHAL( 4129): sysfs_write +: /sys/devices/system/cpu/cpu0/cpufreq/interactive/min_sample_time: 40000
D/SEC PowerHAL( 4129): sysfs_write -: /sys/devices/system/cpu/cpu0/cpufreq/interactive/min_sample_time: 40000
D/SEC PowerHAL( 4129): sysfs_write +: /sys/devices/system/cpu/cpu0/cpufreq/interactive/hispeed_freq: 1000000
D/SEC PowerHAL( 4129): sysfs_write -: /sys/devices/system/cpu/cpu0/cpufreq/interactive/hispeed_freq: 1000000
D/SEC PowerHAL( 4129): sysfs_write +: /sys/devices/system/cpu/cpu0/cpufreq/interactive/go_hispeed_load: 99
D/SEC PowerHAL( 4129): sysfs_write -: /sys/devices/system/cpu/cpu0/cpufreq/interactive/go_hispeed_load: 99
D/SEC PowerHAL( 4129): sysfs_write +: /sys/devices/system/cpu/cpu0/cpufreq/interactive/target_loads: 70
D/SEC PowerHAL( 4129): sysfs_write -: /sys/devices/system/cpu/cpu0/cpufreq/interactive/target_loads: 70
D/SEC PowerHAL( 4129): sysfs_write +: /sys/devices/system/cpu/cpu0/cpufreq/interactive/above_hispeed_delay: 19000
D/SEC PowerHAL( 4129): sysfs_write -: /sys/devices/system/cpu/cpu0/cpufreq/interactive/above_hispeed_delay: 19000
D/SEC PowerHAL( 4129): sysfs_write +: /sys/devices/system/cpu/cpu0/cpufreq/interactive/boostpulse_duration: 40000
D/SEC PowerHAL( 4129): sysfs_write -: /sys/devices/system/cpu/cpu0/cpufreq/interactive/boostpulse_duration: 40000
D/SEC PowerHAL( 4129): sysfs_write +: /sys/devices/system/cpu/cpu4/cpufreq/interactive/multi_enter_load: 360
D/SEC PowerHAL( 4129): sysfs_write -: /sys/devices/system/cpu/cpu4/cpufreq/interactive/multi_enter_load: 360
D/SEC PowerHAL( 4129): sysfs_write +: /sys/devices/system/cpu/cpu4/cpufreq/interactive/multi_enter_time: 99000
D/SEC PowerHAL( 4129): sysfs_write -: /sys/devices/system/cpu/cpu4/cpufreq/interactive/multi_enter_time: 99000
D/SEC PowerHAL( 4129): sysfs_write +: /sys/devices/system/cpu/cpu4/cpufreq/interactive/multi_exit_load: 240
D/SEC PowerHAL( 4129): sysfs_write -: /sys/devices/system/cpu/cpu4/cpufreq/interactive/multi_exit_load: 240
D/SEC PowerHAL( 4129): sysfs_write +: /sys/devices/system/cpu/cpu4/cpufreq/interactive/multi_exit_time: 299000
D/SEC PowerHAL( 4129): sysfs_write -: /sys/devices/system/cpu/cpu4/cpufreq/interactive/multi_exit_time: 299000
D/SEC PowerHAL( 4129): sysfs_write +: /sys/devices/system/cpu/cpu4/cpufreq/interactive/single_enter_load: 95
D/SEC PowerHAL( 4129): sysfs_write -: /sys/devices/system/cpu/cpu4/cpufreq/interactive/single_enter_load: 95
D/SEC PowerHAL( 4129): sysfs_write +: /sys/devices/system/cpu/cpu4/cpufreq/interactive/single_enter_time: 199000
D/SEC PowerHAL( 4129): sysfs_write -: /sys/devices/system/cpu/cpu4/cpufreq/interactive/single_enter_time: 199000
D/SEC PowerHAL( 4129): sysfs_write +: /sys/devices/system/cpu/cpu4/cpufreq/interactive/single_exit_load: 60
D/SEC PowerHAL( 4129): sysfs_write -: /sys/devices/system/cpu/cpu4/cpufreq/interactive/single_exit_load: 60
D/SEC PowerHAL( 4129): sysfs_write +: /sys/devices/system/cpu/cpu4/cpufreq/interactive/single_exit_time: 99000
D/SEC PowerHAL( 4129): sysfs_write -: /sys/devices/system/cpu/cpu4/cpufreq/interactive/single_exit_time: 99000
D/SEC PowerHAL( 4129): sysfs_write +: /sys/devices/system/cpu/cpu4/cpufreq/interactive/param_index: 0
D/SEC PowerHAL( 4129): sysfs_write -: /sys/devices/system/cpu/cpu4/cpufreq/interactive/param_index: 0
D/SEC PowerHAL( 4129): sysfs_write +: /sys/devices/system/cpu/cpu4/cpufreq/interactive/timer_rate: 20000
D/SEC PowerHAL( 4129): sysfs_write -: /sys/devices/system/cpu/cpu4/cpufreq/interactive/timer_rate: 20000
D/SEC PowerHAL( 4129): sysfs_write +: /sys/devices/system/cpu/cpu4/cpufreq/interactive/timer_slack: 20000
D/SEC PowerHAL( 4129): sysfs_write -: /sys/devices/system/cpu/cpu4/cpufreq/interactive/timer_slack: 20000
D/SEC PowerHAL( 4129): sysfs_write +: /sys/devices/system/cpu/cpu4/cpufreq/interactive/min_sample_time: 40000
D/SEC PowerHAL( 4129): sysfs_write -: /sys/devices/system/cpu/cpu4/cpufreq/interactive/min_sample_time: 40000
D/SEC PowerHAL( 4129): sysfs_write +: /sys/devices/system/cpu/cpu4/cpufreq/interactive/hispeed_freq: 1000000
D/SEC PowerHAL( 4129): sysfs_write -: /sys/devices/system/cpu/cpu4/cpufreq/interactive/hispeed_freq: 1000000
D/SEC PowerHAL( 4129): sysfs_write +: /sys/devices/system/cpu/cpu4/cpufreq/interactive/go_hispeed_load: 99
D/SEC PowerHAL( 4129): sysfs_write -: /sys/devices/system/cpu/cpu4/cpufreq/interactive/go_hispeed_load: 99
D/SEC PowerHAL( 4129): sysfs_write +: /sys/devices/system/cpu/cpu4/cpufreq/interactive/target_loads: 75 1500000:80 1700000:85 1800000:90
D/SEC PowerHAL( 4129): sysfs_write -: /sys/devices/system/cpu/cpu4/cpufreq/interactive/target_loads: 75 1500000:80 1700000:85 1800000:90
D/SEC PowerHAL( 4129): sysfs_write +: /sys/devices/system/cpu/cpu4/cpufreq/interactive/above_hispeed_delay: 19000 1100000:99000 1200000:119000 1700000:19000
D/SEC PowerHAL( 4129): sysfs_write -: /sys/devices/system/cpu/cpu4/cpufreq/interactive/above_hispeed_delay: 19000 1100000:99000 1200000:119000 1700000:19000
D/SEC PowerHAL( 4129): sysfs_write +: /sys/devices/system/cpu/cpu4/cpufreq/interactive/boostpulse_duration: 40000
D/SEC PowerHAL( 4129): sysfs_write -: /sys/devices/system/cpu/cpu4/cpufreq/interactive/boostpulse_duration: 40000
D/SEC PowerHAL( 4129): sysfs_write +: /sys/devices/system/cpu/cpu4/cpufreq/interactive/param_index: 1
D/SEC PowerHAL( 4129): sysfs_write -: /sys/devices/system/cpu/cpu4/cpufreq/interactive/param_index: 1
D/SEC PowerHAL( 4129): sysfs_write +: /sys/devices/system/cpu/cpu4/cpufreq/interactive/timer_rate: 20000
D/SEC PowerHAL( 4129): sysfs_write -: /sys/devices/system/cpu/cpu4/cpufreq/interactive/timer_rate: 20000
D/SEC PowerHAL( 4129): sysfs_write +: /sys/devices/system/cpu/cpu4/cpufreq/interactive/min_sample_time: 59000
D/SEC PowerHAL( 4129): sysfs_write -: /sys/devices/system/cpu/cpu4/cpufreq/interactive/min_sample_time: 59000
D/SEC PowerHAL( 4129): sysfs_write +: /sys/devices/system/cpu/cpu4/cpufreq/interactive/hispeed_freq: 1200000
D/SEC PowerHAL( 4129): sysfs_write -: /sys/devices/system/cpu/cpu4/cpufreq/interactive/hispeed_freq: 1200000
D/SEC PowerHAL( 4129): sysfs_write +: /sys/devices/system/cpu/cpu4/cpufreq/interactive/go_hispeed_load: 95
D/SEC PowerHAL( 4129): sysfs_write -: /sys/devices/system/cpu/cpu4/cpufreq/interactive/go_hispeed_load: 95
D/SEC PowerHAL( 4129): sysfs_write +: /sys/devices/system/cpu/cpu4/cpufreq/interactive/target_loads: 65 1400000:68 1700000:73
D/SEC PowerHAL( 4129): sysfs_write -: /sys/devices/system/cpu/cpu4/cpufreq/interactive/target_loads: 65 1400000:68 1700000:73
D/SEC PowerHAL( 4129): sysfs_write +: /sys/devices/system/cpu/cpu4/cpufreq/interactive/above_hispeed_delay: 19000
D/SEC PowerHAL( 4129): sysfs_write -: /sys/devices/system/cpu/cpu4/cpufreq/interactive/above_hispeed_delay: 19000
D/SEC PowerHAL( 4129): sysfs_write +: /sys/devices/system/cpu/cpu4/cpufreq/interactive/param_index: 2
D/SEC PowerHAL( 4129): sysfs_write -: /sys/devices/system/cpu/cpu4/cpufreq/interactive/param_index: 2
D/SEC PowerHAL( 4129): sysfs_write +: /sys/devices/system/cpu/cpu4/cpufreq/interactive/timer_rate: 20000
D/SEC PowerHAL( 4129): sysfs_write -: /sys/devices/system/cpu/cpu4/cpufreq/interactive/timer_rate: 20000
D/SEC PowerHAL( 4129): sysfs_write +: /sys/devices/system/cpu/cpu4/cpufreq/interactive/min_sample_time: 79000
D/SEC PowerHAL( 4129): sysfs_write -: /sys/devices/system/cpu/cpu4/cpufreq/interactive/min_sample_time: 79000
D/SEC PowerHAL( 4129): sysfs_write +: /sys/devices/system/cpu/cpu4/cpufreq/interactive/hispeed_freq: 1400000
D/SEC PowerHAL( 4129): sysfs_write -: /sys/devices/system/cpu/cpu4/cpufreq/interactive/hispeed_freq: 1400000
D/SEC PowerHAL( 4129): sysfs_write +: /sys/devices/system/cpu/cpu4/cpufreq/interactive/go_hispeed_load: 90
D/SEC PowerHAL( 4129): sysfs_write -: /sys/devices/system/cpu/cpu4/cpufreq/interactive/go_hispeed_load: 90
D/SEC PowerHAL( 4129): sysfs_write +: /sys/devices/system/cpu/cpu4/cpufreq/interactive/target_loads: 60 1300000:63 1500000:65 1700000:70
D/SEC PowerHAL( 4129): sysfs_write -: /sys/devices/system/cpu/cpu4/cpufreq/interactive/target_loads: 60 1300000:63 1500000:65 1700000:70
D/SEC PowerHAL( 4129): sysfs_write +: /sys/devices/system/cpu/cpu4/cpufreq/interactive/above_hispeed_delay: 19000
D/SEC PowerHAL( 4129): sysfs_write -: /sys/devices/system/cpu/cpu4/cpufreq/interactive/above_hispeed_delay: 19000
D/SEC PowerHAL( 4129): sysfs_write +: /sys/devices/system/cpu/cpu4/cpufreq/interactive/param_index: 3
D/SEC PowerHAL( 4129): sysfs_write -: /sys/devices/system/cpu/cpu4/cpufreq/interactive/param_index: 3
D/SEC PowerHAL( 4129): sysfs_write +: /sys/devices/system/cpu/cpu4/cpufreq/interactive/timer_rate: 20000
D/SEC PowerHAL( 4129): sysfs_write -: /sys/devices/system/cpu/cpu4/cpufreq/interactive/timer_rate: 20000
D/SEC PowerHAL( 4129): sysfs_write +: /sys/devices/system/cpu/cpu4/cpufreq/interactive/min_sample_time: 99000
D/SEC PowerHAL( 4129): sysfs_write -: /sys/devices/system/cpu/cpu4/cpufreq/interactive/min_sample_time: 99000
D/SEC PowerHAL( 4129): sysfs_write +: /sys/devices/system/cpu/cpu4/cpufreq/interactive/hispeed_freq: 1600000
D/SEC PowerHAL( 4129): sysfs_write -: /sys/devices/system/cpu/cpu4/cpufreq/interactive/hispeed_freq: 1600000
D/SEC PowerHAL( 4129): sysfs_write +: /sys/devices/system/cpu/cpu4/cpufreq/interactive/go_hispeed_load: 85
D/SEC PowerHAL( 4129): sysfs_write -: /sys/devices/system/cpu/cpu4/cpufreq/interactive/go_hispeed_load: 85
D/SEC PowerHAL( 4129): sysfs_write +: /sys/devices/system/cpu/cpu4/cpufreq/interactive/target_loads: 60 1300000:63 1500000:65 1900000:70
D/SEC PowerHAL( 4129): sysfs_write -: /sys/devices/system/cpu/cpu4/cpufreq/interactive/target_loads: 60 1300000:63 1500000:65 1900000:70
D/SEC PowerHAL( 4129): sysfs_write +: /sys/devices/system/cpu/cpu4/cpufreq/interactive/above_hispeed_delay: 19000
D/SEC PowerHAL( 4129): sysfs_write -: /sys/devices/system/cpu/cpu4/cpufreq/interactive/above_hispeed_delay: 19000
D/SEC PowerHAL( 4129): sysfs_write +: /sys/devices/system/cpu/cpu4/cpufreq/interactive/param_index: 0
D/SEC PowerHAL( 4129): sysfs_write -: /sys/devices/system/cpu/cpu4/cpufreq/interactive/param_index: 0
W/libsuspend( 4129): Error writing 'on' to /sys/power/state: Invalid argument
I/libsuspend( 4129): Selected wakeup count
I/art     ( 4129): DexFile_isDexOptNeeded failed to open oat file '/data/dalvik-cache/arm/system@framework@android.test.runner.jar@classes.dex' for file location '/system/framework/android.test.runner.jar': Failed to open oat filename for reading: No such file or directory
I/art     ( 4129): DexFile_isDexOptNeeded file /system/framework/arm/android.test.runner.odex needs to be relocated for /system/framework/android.test.runner.jar
E/installd( 4174): Running /system/bin/patchoat isa=arm in-fd=5 (/system/framework/arm/android.test.runner.odex) out-fd=6 (/data/dalvik-cache/arm/system@framework@android.test.runner.jar@classes.dex)
I/art     ( 4129): DexFile_isDexOptNeeded failed to open oat file '/data/dalvik-cache/arm/system@framework@com.android.future.usb.accessory.jar@classes.dex' for file location '/system/framework/com.android.future.usb.accessory.jar': Failed to open oat filename for reading: No such file or directory
I/art     ( 4129): DexFile_isDexOptNeeded file /system/framework/arm/com.android.future.usb.accessory.odex needs to be relocated for /system/framework/com.android.future.usb.accessory.jar
E/installd( 4175): Running /system/bin/patchoat isa=arm in-fd=5 (/system/framework/arm/com.android.future.usb.accessory.odex) out-fd=6 (/data/dalvik-cache/arm/system@framework@com.android.future.usb.accessory.jar@classes.dex)
I/art     ( 4129): DexFile_isDexOptNeeded failed to open oat file '/data/dalvik-cache/arm/system@framework@com.android.media.remotedisplay.jar@classes.dex' for file location '/system/framework/com.android.media.remotedisplay.jar': Failed to open oat filename for reading: No such file or directory
I/art     ( 4129): DexFile_isDexOptNeeded file /system/framework/arm/com.android.media.remotedisplay.odex needs to be relocated for /system/framework/com.android.media.remotedisplay.jar
E/installd( 4176): Running /system/bin/patchoat isa=arm in-fd=5 (/system/framework/arm/com.android.media.remotedisplay.odex) out-fd=6 (/data/dalvik-cache/arm/system@framework@com.android.media.remotedisplay.jar@classes.dex)
I/art     ( 4129): DexFile_isDexOptNeeded failed to open oat file '/data/dalvik-cache/arm/system@framework@com.android.location.provider.jar@classes.dex' for file location '/system/framework/com.android.location.provider.jar': Failed to open oat filename for reading: No such file or directory
I/art     ( 4129): DexFile_isDexOptNeeded file /system/framework/arm/com.android.location.provider.odex needs to be relocated for /system/framework/com.android.location.provider.jar
E/installd( 4177): Running /system/bin/patchoat isa=arm in-fd=5 (/system/framework/arm/com.android.location.provider.odex) out-fd=6 (/data/dalvik-cache/arm/system@framework@com.android.location.provider.jar@classes.dex)
I/art     ( 4129): DexFile_isDexOptNeeded failed to open oat file '/data/dalvik-cache/arm/system@framework@javax.obex.jar@classes.dex' for file location '/system/framework/javax.obex.jar': Failed to open oat filename for reading: No such file or directory
I/art     ( 4129): DexFile_isDexOptNeeded file /system/framework/arm/javax.obex.odex needs to be relocated for /system/framework/javax.obex.jar
E/installd( 4178): Running /system/bin/patchoat isa=arm in-fd=5 (/system/framework/arm/javax.obex.odex) out-fd=6 (/data/dalvik-cache/arm/system@framework@javax.obex.jar@classes.dex)
E/art     ( 4129): DexFile_isDexOptNeeded file '/system/framework/com.android.nfc_extras.jar' does not exist
I/art     ( 4129): DexFile_isDexOptNeeded failed to open oat file '/data/dalvik-cache/arm/system@framework@com.android.mediadrm.signer.jar@classes.dex' for file location '/system/framework/com.android.mediadrm.signer.jar': Failed to open oat filename for reading: No such file or directory
I/art     ( 4129): DexFile_isDexOptNeeded file /system/framework/arm/com.android.mediadrm.signer.odex needs to be relocated for /system/framework/com.android.mediadrm.signer.jar
E/installd( 4179): Running /system/bin/patchoat isa=arm in-fd=5 (/system/framework/arm/com.android.mediadrm.signer.odex) out-fd=6 (/data/dalvik-cache/arm/system@framework@com.android.mediadrm.signer.jar@classes.dex)
I/art     ( 4129): DexFile_isDexOptNeeded failed to open oat file '/data/dalvik-cache/arm/system@framework@javax.btobex.jar@classes.dex' for file location '/system/framework/javax.btobex.jar': Failed to open oat filename for reading: No such file or directory
I/art     ( 4129): DexFile_isDexOptNeeded file /system/framework/arm/javax.btobex.odex needs to be relocated for /system/framework/javax.btobex.jar
E/installd( 4180): Running /system/bin/patchoat isa=arm in-fd=5 (/system/framework/arm/javax.btobex.odex) out-fd=6 (/data/dalvik-cache/arm/system@framework@javax.btobex.jar@classes.dex)
I/art     ( 4129): DexFile_isDexOptNeeded failed to open oat file '/data/dalvik-cache/arm/system@framework@am.jar@classes.dex' for file location '/system/framework/am.jar': Failed to open oat filename for reading: No such file or directory
I/art     ( 4129): DexFile_isDexOptNeeded file /system/framework/arm/am.odex needs to be relocated for /system/framework/am.jar
E/installd( 4181): Running /system/bin/patchoat isa=arm in-fd=5 (/system/framework/arm/am.odex) out-fd=6 (/data/dalvik-cache/arm/system@framework@am.jar@classes.dex)
I/art     ( 4129): DexFile_isDexOptNeeded failed to open oat file '/data/dalvik-cache/arm/system@framework@appops.jar@classes.dex' for file location '/system/framework/appops.jar': Failed to open oat filename for reading: No such file or directory
I/art     ( 4129): DexFile_isDexOptNeeded file /system/framework/arm/appops.odex needs to be relocated for /system/framework/appops.jar
