E/libEGL  ( 5135): eglQuerySurface:607 error 300d (EGL_BAD_SURFACE)
E/libEGL  ( 5135): eglQuerySurface:607 error 300d (EGL_BAD_SURFACE)
E/libEGL  ( 5135): call to OpenGL ES API with no current context (logged once per thread)
D/SurfaceFlinger( 5135): Set power mode=2, type=0 flinger=0xb6a62000
I/hwcomposer( 5135): int exynos5_blank(hwc_composer_device_1*, int, int):: disp(0), blank(0)
I/hwcomposer( 5135): unblank ioctl failed (display already unblanked)
E/libEGL  ( 5135): eglSwapBuffers:1071 error 300d (EGL_BAD_SURFACE)
F/SurfaceFlinger( 5135): eglSwapBuffers(0x1, 0x0) failed with 0x0000300d
F/libc    ( 5135): Fatal signal 6 (SIGABRT), code -6 in tid 5135 (surfaceflinger)
I/DEBUG   ( 3589): property debug.db.uid not set; NOT waiting for gdb.
I/DEBUG   ( 3589): HINT: adb shell setprop debug.db.uid 100000
I/DEBUG   ( 3589): HINT: adb forward tcp:5039 tcp:5039
I/DEBUG   ( 3589): *** *** *** *** *** *** *** *** *** *** *** *** *** *** *** ***
I/DEBUG   ( 3589): Build fingerprint: 'samsung/cm_k3gxx/k3gxx:5.0.2/LRX22G/88e55c58ed:userdebug/test-keys'
I/DEBUG   ( 3589): Revision: '10'
I/DEBUG   ( 3589): ABI: 'arm'
I/DEBUG   ( 3589): pid: 5135, tid: 5135, name: surfaceflinger  >>> /system/bin/surfaceflinger <<<
I/DEBUG   ( 3589): signal 6 (SIGABRT), code -6 (SI_TKILL), fault addr --------
I/DEBUG   ( 3589): Abort message: 'eglSwapBuffers(0x1, 0x0) failed with 0x0000300d'
I/DEBUG   ( 3589):     r0 00000000  r1 0000140f  r2 00000006  r3 00000000
I/DEBUG   ( 3589):     r4 b6f52114  r5 00000006  r6 0000000b  r7 0000010c
I/DEBUG   ( 3589):     r8 00000000  r9 bec54bd0  sl b6a54210  fp bec54bd0
I/DEBUG   ( 3589):     ip 0000140f  sp bec54650  lr b6edc7b9  pc b6f004e4  cpsr 600f0010
I/DEBUG   ( 3589): 
I/DEBUG   ( 3589): backtrace:
I/DEBUG   ( 3589):     #00 pc 000384e4  /system/lib/libc.so (tgkill+12)
I/DEBUG   ( 3589):     #01 pc 000147b5  /system/lib/libc.so (pthread_kill+52)
I/DEBUG   ( 3589):     #02 pc 0001550b  /system/lib/libc.so (raise+10)
I/DEBUG   ( 3589):     #03 pc 00011c35  /system/lib/libc.so (__libc_android_abort+36)
I/DEBUG   ( 3589):     #04 pc 0000fcb8  /system/lib/libc.so (abort+4)
I/DEBUG   ( 3589):     #05 pc 00007739  /system/lib/libcutils.so (__android_log_assert+88)
I/DEBUG   ( 3589):     #06 pc 0000f4df  /system/lib/libsurfaceflinger.so
I/DEBUG   ( 3589):     #07 pc 0001b9fd  /system/lib/libsurfaceflinger.so
I/DEBUG   ( 3589):     #08 pc 0001abe7  /system/lib/libsurfaceflinger.so
I/DEBUG   ( 3589):     #09 pc 00019fc3  /system/lib/libsurfaceflinger.so
I/DEBUG   ( 3589):     #10 pc 00019d49  /system/lib/libsurfaceflinger.so
I/DEBUG   ( 3589):     #11 pc 00010ed3  /system/lib/libutils.so (android::Looper::pollInner(int)+410)
I/DEBUG   ( 3589):     #12 pc 00010fc5  /system/lib/libutils.so (android::Looper::pollOnce(int, int*, int*, void**)+92)
I/DEBUG   ( 3589):     #13 pc 000174c5  /system/lib/libsurfaceflinger.so
I/DEBUG   ( 3589):     #14 pc 0001993d  /system/lib/libsurfaceflinger.so (android::SurfaceFlinger::run()+8)
I/DEBUG   ( 3589):     #15 pc 0000083d  /system/bin/surfaceflinger
I/DEBUG   ( 3589):     #16 pc 0000fb75  /system/lib/libc.so (__libc_init+44)
I/DEBUG   ( 3589):     #17 pc 000008d8  /system/bin/surfaceflinger
W/auditd  ( 3595): type=1325 audit(0.0:1368): table=filter family=2 entries=38
W/iptables( 5261): type=1300 audit(0.0:1368): arch=40000028 syscall=294 per=800000 success=yes exit=0 a0=4 a1=0 a2=40 a3=b6c22000 items=0 ppid=5133 auid=4294967295 uid=0 gid=0 euid=0 suid=0 fsuid=0 egid=0 sgid=0 fsgid=0 ses=4294967295 tty=(none) exe="/system/bin/iptables" subj=u:r:netd:s0 key=(null)
W/auditd  ( 3595): type=1320 audit(0.0:1368): 
W/auditd  ( 3595): type=1325 audit(0.0:1369): table=filter family=10 entries=36
W/ip6tables( 5262): type=1300 audit(0.0:1369): arch=40000028 syscall=294 per=800000 success=yes exit=0 a0=4 a1=29 a2=40 a3=b6c23000 items=0 ppid=5133 auid=4294967295 uid=0 gid=0 euid=0 suid=0 fsuid=0 egid=0 sgid=0 fsgid=0 ses=4294967295 tty=(none) exe="/system/bin/ip6tables" subj=u:r:netd:s0 key=(null)
W/auditd  ( 3595): type=1320 audit(0.0:1369): 
W/auditd  ( 3595): type=1325 audit(0.0:1370): table=filter family=2 entries=36
W/iptables( 5263): type=1300 audit(0.0:1370): arch=40000028 syscall=294 per=800000 success=yes exit=0 a0=4 a1=0 a2=40 a3=b6c22000 items=0 ppid=5133 auid=4294967295 uid=0 gid=0 euid=0 suid=0 fsuid=0 egid=0 sgid=0 fsgid=0 ses=4294967295 tty=(none) exe="/system/bin/iptables" subj=u:r:netd:s0 key=(null)
W/auditd  ( 3595): type=1320 audit(0.0:1370): 
W/auditd  ( 3595): type=1325 audit(0.0:1371): table=filter family=10 entries=34
W/ip6tables( 5264): type=1300 audit(0.0:1371): arch=40000028 syscall=294 per=800000 success=yes exit=0 a0=4 a1=29 a2=40 a3=b6c23000 items=0 ppid=5133 auid=4294967295 uid=0 gid=0 euid=0 suid=0 fsuid=0 egid=0 sgid=0 fsgid=0 ses=4294967295 tty=(none) exe="/system/bin/ip6tables" subj=u:r:netd:s0 key=(null)
W/auditd  ( 3595): type=1320 audit(0.0:1371): 
W/auditd  ( 3595): type=1325 audit(0.0:1372): table=filter family=2 entries=38
W/iptables( 5265): type=1300 audit(0.0:1372): arch=40000028 syscall=294 per=800000 success=yes exit=0 a0=4 a1=0 a2=40 a3=b6c25000 items=0 ppid=5133 auid=4294967295 uid=0 gid=0 euid=0 suid=0 fsuid=0 egid=0 sgid=0 fsgid=0 ses=4294967295 tty=(none) exe="/system/bin/iptables" subj=u:r:netd:s0 key=(null)
W/auditd  ( 3595): type=1320 audit(0.0:1372): 
W/auditd  ( 3595): type=1325 audit(0.0:1373): table=filter family=10 entries=36
W/ip6tables( 5266): type=1300 audit(0.0:1373): arch=40000028 syscall=294 per=800000 success=yes exit=0 a0=4 a1=29 a2=40 a3=b6c28000 items=0 ppid=5133 auid=4294967295 uid=0 gid=0 euid=0 suid=0 fsuid=0 egid=0 sgid=0 fsgid=0 ses=4294967295 tty=(none) exe="/system/bin/ip6tables" subj=u:r:netd:s0 key=(null)
W/auditd  ( 3595): type=1320 audit(0.0:1373): 
W/auditd  ( 3595): type=1325 audit(0.0:1374): table=raw family=2 entries=9
W/iptables( 5267): type=1300 audit(0.0:1374): arch=40000028 syscall=294 per=800000 success=yes exit=0 a0=4 a1=0 a2=40 a3=b6c1ba00 items=0 ppid=5133 auid=4294967295 uid=0 gid=0 euid=0 suid=0 fsuid=0 egid=0 sgid=0 fsgid=0 ses=4294967295 tty=(none) exe="/system/bin/iptables" subj=u:r:netd:s0 key=(null)
I/ServiceManager( 5136): Waiting for service batterystats...
I/DEBUG   ( 3589): 
I/DEBUG   ( 3589): Tombstone written to: /data/tombstones/tombstone_07
I/ServiceManager( 3576): service 'SurfaceFlinger' died
I/ServiceManager( 3576): service 'Exynos.HWCService' died
I/ServiceManager( 3576): service 'media.wifi_display' died
I/ServiceManager( 3576): service 'media.audio_flinger' died
W/init    ( 5310): type=1400 audit(0.0:1415): avc: denied { entrypoint } for path="/system/bin/auditd" dev="mmcblk0p18" ino=173 scontext=u:r:logd:s0 tcontext=u:object_r:system_file:s0 tclass=file
W/init    ( 5310): type=1300 audit(0.0:1415): arch=40000028 syscall=11 per=800000 success=no exit=-13 a0=b6d80954 a1=b6d68530 a2=57e64 a3=ff0000 items=1 ppid=1 auid=4294967295 uid=0 gid=0 euid=0 suid=0 fsuid=0 egid=0 sgid=0 fsgid=0 ses=4294967295 tty=(none) exe="/init" subj=u:r:init:s0 key=(null)
W/auditd  ( 3595): type=1307 audit(0.0:1415): cwd="/"
W/auditd  ( 3595): type=1302 audit(0.0:1415): item=0 name="/system/bin/auditd" inode=173 dev=103:0a mode=0100755 ouid=0 ogid=2000 rdev=00:00 obj=u:object_r:system_file:s0
W/auditd  ( 3595): type=1320 audit(0.0:1415): 
I/Netd    ( 5311): Netd 1.0 starting
E/Netd    ( 5311): Failed to open /proc/sys/net/ipv6/conf/default/accept_ra_rt_table: No such file or directory
E/Netd    ( 5311): Failed to open /proc/sys/net/ipv6/conf/ip6tnl0/accept_ra_rt_table: No such file or directory
E/Netd    ( 5311): Failed to open /proc/sys/net/ipv6/conf/lo/accept_ra_rt_table: No such file or directory
E/Netd    ( 5311): Failed to open /proc/sys/net/ipv6/conf/rmnet0/accept_ra_rt_table: No such file or directory
E/Netd    ( 5311): Failed to open /proc/sys/net/ipv6/conf/rmnet1/accept_ra_rt_table: No such file or directory
E/Netd    ( 5311): Failed to open /proc/sys/net/ipv6/conf/rmnet2/accept_ra_rt_table: No such file or directory
E/Netd    ( 5311): Failed to open /proc/sys/net/ipv6/conf/rmnet3/accept_ra_rt_table: No such file or directory
E/Netd    ( 5311): Failed to open /proc/sys/net/ipv6/conf/sit0/accept_ra_rt_table: No such file or directory
W/auditd  ( 3595): type=1325 audit(0.0:1416): table=filter family=2 entries=39
W/iptables( 5317): type=1300 audit(0.0:1416): arch=40000028 syscall=294 per=800000 success=yes exit=0 a0=4 a1=0 a2=40 a3=b6c25000 items=0 ppid=5311 auid=4294967295 uid=0 gid=0 euid=0 suid=0 fsuid=0 egid=0 sgid=0 fsgid=0 ses=4294967295 tty=(none) exe="/system/bin/iptables" subj=u:r:netd:s0 key=(null)
W/auditd  ( 3595): type=1320 audit(0.0:1416): 
I/SurfaceFlinger( 5313): SurfaceFlinger is starting
I/SurfaceFlinger( 5313): SurfaceFlinger's main thread ready to run. Initializing graphics H/W...
W/auditd  ( 3595): type=1325 audit(0.0:1417): table=filter family=10 entries=37
W/ip6tables( 5318): type=1300 audit(0.0:1417): arch=40000028 syscall=294 per=800000 success=yes exit=0 a0=4 a1=29 a2=40 a3=b6c28000 items=0 ppid=5311 auid=4294967295 uid=0 gid=0 euid=0 suid=0 fsuid=0 egid=0 sgid=0 fsgid=0 ses=4294967295 tty=(none) exe="/system/bin/ip6tables" subj=u:r:netd:s0 key=(null)
W/auditd  ( 3595): type=1320 audit(0.0:1417): 
W/auditd  ( 3595): type=1325 audit(0.0:1418): table=filter family=2 entries=38
W/iptables( 5322): type=1300 audit(0.0:1418): arch=40000028 syscall=294 per=800000 success=yes exit=0 a0=4 a1=0 a2=40 a3=b6c22000 items=0 ppid=5311 auid=4294967295 uid=0 gid=0 euid=0 suid=0 fsuid=0 egid=0 sgid=0 fsgid=0 ses=4294967295 tty=(none) exe="/system/bin/iptables" subj=u:r:netd:s0 key=(null)
W/auditd  ( 3595): type=1320 audit(0.0:1418): 
W/auditd  ( 3595): type=1325 audit(0.0:1419): table=filter family=10 entries=36
W/ip6tables( 5323): type=1300 audit(0.0:1419): arch=40000028 syscall=294 per=800000 success=yes exit=0 a0=4 a1=29 a2=40 a3=b6c23000 items=0 ppid=5311 auid=4294967295 uid=0 gid=0 euid=0 suid=0 fsuid=0 egid=0 sgid=0 fsgid=0 ses=4294967295 tty=(none) exe="/system/bin/ip6tables" subj=u:r:netd:s0 key=(null)
W/auditd  ( 3595): type=1320 audit(0.0:1419): 
W/auditd  ( 3595): type=1325 audit(0.0:1420): table=filter family=2 entries=38
W/iptables( 5324): type=1300 audit(0.0:1420): arch=40000028 syscall=294 per=800000 success=yes exit=0 a0=4 a1=0 a2=40 a3=b6c22000 items=0 ppid=5311 auid=4294967295 uid=0 gid=0 euid=0 suid=0 fsuid=0 egid=0 sgid=0 fsgid=0 ses=4294967295 tty=(none) exe="/system/bin/iptables" subj=u:r:netd:s0 key=(null)
W/auditd  ( 3595): type=1320 audit(0.0:1420): 
D/libEGL  ( 5313): loaded /vendor/lib/egl/libGLES_mali.so
I/        ( 5313): PLATFORM VERSION : JB-MR-2
I/gralloc ( 5313): using (fd=12)
I/gralloc ( 5313): id           = 
I/gralloc ( 5313): xres         = 1080 px
I/gralloc ( 5313): yres         = 1920 px
I/gralloc ( 5313): xres_virtual = 1080 px
I/gralloc ( 5313): yres_virtual = 3840 px
I/gralloc ( 5313): bpp          = 32
I/gralloc ( 5313): r            = 16:8
I/gralloc ( 5313): g            =  8:8
I/gralloc ( 5313): b            =  0:8
I/gralloc ( 5313): width        = 65 mm (422.030762 dpi)
I/gralloc ( 5313): height       = 115 mm (424.069580 dpi)
I/gralloc ( 5313): refresh rate = 60.00 Hz
D/AndroidRuntime( 5316): 
D/AndroidRuntime( 5316): >>>>>> AndroidRuntime START com.android.internal.os.ZygoteInit <<<<<<
I/mediaserver( 5314): ServiceManager: 0xb60500c0
I/AudioFlinger( 5314): Using default 3000 mSec as standby time.
I/ServiceManager( 5314): Waiting for service batterystats...
D/AndroidRuntime( 5316): CheckJNI is OFF
I/art     ( 5316): option[0]=-Xzygote
I/art     ( 5316): option[1]=-Xstacktracefile:/data/anr/traces.txt
I/art     ( 5316): option[2]=exit
I/art     ( 5316): option[3]=vfprintf
I/art     ( 5316): option[4]=sensitiveThread
I/art     ( 5316): option[5]=-verbose:gc
I/art     ( 5316): option[6]=-Xms8m
I/art     ( 5316): option[7]=-Xmx512m
I/art     ( 5316): option[8]=-XX:mainThreadStackSize=24K
I/art     ( 5316): option[9]=-XX:HeapGrowthLimit=128m
I/art     ( 5316): option[10]=-XX:HeapMinFree=2m
I/art     ( 5316): option[11]=-XX:HeapMaxFree=8m
I/art     ( 5316): option[12]=-XX:HeapTargetUtilization=0.75
I/art     ( 5316): option[13]=-agentlib:jdwp=transport=dt_android_adb,suspend=n,server=y
I/art     ( 5316): option[14]=-Xlockprofthreshold:500
I/art     ( 5316): option[15]=-Ximage-compiler-option
I/art     ( 5316): option[16]=--runtime-arg
I/art     ( 5316): option[17]=-Ximage-compiler-option
I/art     ( 5316): option[18]=-Xms64m
I/art     ( 5316): option[19]=-Ximage-compiler-option
I/art     ( 5316): option[20]=--runtime-arg
I/art     ( 5316): option[21]=-Ximage-compiler-option
I/art     ( 5316): option[22]=-Xmx64m
I/art     ( 5316): option[23]=-Ximage-compiler-option
I/art     ( 5316): option[24]=--image-classes-zip=/system/framework/framework.jar
I/art     ( 5316): option[25]=-Ximage-compiler-option
I/art     ( 5316): option[26]=--image-classes=preloaded-classes
I/art     ( 5316): option[27]=-Xcompiler-option
I/art     ( 5316): option[28]=--runtime-arg
I/art     ( 5316): option[29]=-Xcompiler-option
I/art     ( 5316): option[30]=-Xms64m
I/art     ( 5316): option[31]=-Xcompiler-option
I/art     ( 5316): option[32]=--runtime-arg
I/art     ( 5316): option[33]=-Xcompiler-option
I/art     ( 5316): option[34]=-Xmx512m
I/art     ( 5316): option[35]=-Duser.language=es
I/art     ( 5316): option[36]=-Duser.region=US
I/art     ( 5316): Pruning dalvik-cache since we are generating an image and will need to recompile
W/art     ( 5316): Unexpected file type of 
W/art     ( 5316):  encountered.
I/art     ( 5316): Using an offset of 0xff390000 from default art base address of 0x70000000
I/art     ( 5316): GenerateImage: /system/bin/dex2oat --image=/data/dalvik-cache/arm/system@framework@boot.art --dex-file=/system/framework/core-libart.jar --dex-file=/system/framework/conscrypt.jar --dex-file=/system/framework/okhttp.jar --dex-file=/system/framework/core-junit.jar --dex-file=/system/framework/bouncycastle.jar --dex-file=/system/framework/ext.jar --dex-file=/system/framework/framework.jar --dex-file=/system/framework/telephony-common.jar --dex-file=/system/framework/voip-common.jar --dex-file=/system/framework/ims-common.jar --dex-file=/system/framework/mms-common.jar --dex-file=/system/framework/android.policy.jar --dex-file=/system/framework/apache-xml.jar --oat-file=/data/dalvik-cache/arm/system@framework@boot.oat --instruction-set=arm --instruction-set-features=div --base=0x6f390000 --runtime-arg -Xms64m --runtime-arg -Xmx64m --image-classes-zip=/system/framework/framework.jar --image-classes=preloaded-classes
W/art     ( 5316): Unexpected file type of 
W/art     ( 5316):  encountered.
W/art     ( 5316): Could not create image space with image file '/system/framework/boot.art'. Attempting to fall back to imageless running. Error was: Failed to generate image '/data/dalvik-cache/arm/system@framework@boot.art': Failed execv(/system/bin/dex2oat --image=/data/dalvik-cache/arm/system@framework@boot.art --dex-file=/system/framework/core-libart.jar --dex-file=/system/framework/conscrypt.jar --dex-file=/system/framework/okhttp.jar --dex-file=/system/framework/core-junit.jar --dex-file=/system/framework/bouncycastle.jar --dex-file=/system/framework/ext.jar --dex-file=/system/framework/framework.jar --dex-file=/system/framework/telephony-common.jar --dex-file=/system/framework/voip-common.jar --dex-file=/system/framework/ims-common.jar --dex-file=/system/framework/mms-common.jar --dex-file=/system/framework/android.policy.jar --dex-file=/system/framework/apache-xml.jar --oat-file=/data/dalvik-cache/arm/system@framework@boot.oat --instruction-set=arm --instruction-set-features=div --base=0x6f390000 --runtime-arg -Xms64
D/hwcomposer( 5313): using
D/hwcomposer( 5313): xres         = 1080 px
D/hwcomposer( 5313): yres         = 1920 px
D/hwcomposer( 5313): width        = 65 mm (422.030000 dpi)
D/hwcomposer( 5313): height       = 115 mm (424.069000 dpi)
D/hwcomposer( 5313): refresh rate = 60 Hz
E/libexynosv4l2-subdev( 5313): no subdev device found
E/hdmi    ( 5313): failed to open hdmi mixer0 subdev
E/hwcomposer( 5313): openHdmi fail
I/hwcomposer( 5313): PSR info devname = /sys/devices/14400000.fimd_fb/psr_info
I/hwcomposer( 5313): PSR mode is 2(0: video mode, 1: DP PSR mode, 2: MIPI-DSI command mode)
I/SurfaceFlinger( 5313): Using composer version 1.3
I/SurfaceFlinger( 5313): EGL information:
I/SurfaceFlinger( 5313): vendor    : Android
I/SurfaceFlinger( 5313): version   : 1.4 Android META-EGL
I/SurfaceFlinger( 5313): extensions: EGL_KHR_get_all_proc_addresses EGL_ANDROID_presentation_time EGL_KHR_image EGL_KHR_image_base EGL_KHR_gl_texture_2D_image EGL_KHR_gl_texture_cubemap_image EGL_KHR_gl_renderbuffer_image EGL_KHR_fence_sync EGL_KHR_create_context EGL_ANDROID_image_native_buffer EGL_KHR_wait_sync EGL_ANDROID_recordable 
I/SurfaceFlinger( 5313): Client API: OpenGL_ES
I/SurfaceFlinger( 5313): EGLSurface: 8-8-8-8, config=0xb6acf2ac
I/SurfaceFlinger( 5313): OpenGL ES informations:
I/SurfaceFlinger( 5313): vendor    : ARM
I/SurfaceFlinger( 5313): renderer  : Mali-T628
I/SurfaceFlinger( 5313): version   : OpenGL ES 3.0
I/SurfaceFlinger( 5313): extensions: GL_EXT_debug_marker GL_ARM_rgba8 GL_ARM_mali_shader_binary GL_OES_depth24 GL_OES_depth_texture GL_OES_depth_texture_cube_map GL_OES_packed_depth_stencil GL_OES_rgb8_rgba8 GL_EXT_read_format_bgra GL_OES_compressed_paletted_texture GL_OES_compressed_ETC1_RGB8_texture GL_OES_standard_derivatives GL_OES_EGL_image GL_OES_EGL_image_external GL_OES_EGL_sync GL_OES_texture_npot GL_OES_vertex_half_float GL_OES_required_internalformat GL_OES_vertex_array_object GL_OES_mapbuffer GL_EXT_texture_format_BGRA8888 GL_EXT_texture_rg GL_EXT_texture_type_2_10_10_10_REV GL_OES_fbo_render_mipmap GL_OES_element_index_uint GL_EXT_shadow_samplers GL_OES_texture_compression_astc GL_KHR_texture_compression_astc_ldr GL_KHR_texture_compression_astc_hdr GL_KHR_debug GL_EXT_occlusion_query_boolean GL_EXT_blend_minmax GL_EXT_discard_framebuffer GL_OES_get_program_binary GL_OES_texture_3D GL_EXT_texture_storage GL_EXT_multisampled_render_to_texture GL_OES_surfaceless_context GL_ARM_mali_program_binary 
I/SurfaceFlinger( 5313): GL_MAX_TEXTURE_SIZE = 8192
I/SurfaceFlinger( 5313): GL_MAX_VIEWPORT_DIMS = 8192
E/libEGL  ( 5313): eglQuerySurface:607 error 300d (EGL_BAD_SURFACE)
E/libEGL  ( 5313): eglQuerySurface:607 error 300d (EGL_BAD_SURFACE)
E/libEGL  ( 5313): call to OpenGL ES API with no current context (logged once per thread)
D/SurfaceFlinger( 5313): Set power mode=2, type=0 flinger=0xb6a62000
I/hwcomposer( 5313): int exynos5_blank(hwc_composer_device_1*, int, int):: disp(0), blank(0)
I/hwcomposer( 5313): unblank ioctl failed (display already unblanked)
E/libEGL  ( 5313): eglSwapBuffers:1071 error 300d (EGL_BAD_SURFACE)
F/SurfaceFlinger( 5313): eglSwapBuffers(0x1, 0x0) failed with 0x0000300d
F/libc    ( 5313): Fatal signal 6 (SIGABRT), code -6 in tid 5313 (surfaceflinger)
I/DEBUG   ( 3589): property debug.db.uid not set; NOT waiting for gdb.
I/DEBUG   ( 3589): HINT: adb shell setprop debug.db.uid 100000
I/DEBUG   ( 3589): HINT: adb forward tcp:5039 tcp:5039
I/DEBUG   ( 3589): *** *** *** *** *** *** *** *** *** *** *** *** *** *** *** ***
I/DEBUG   ( 3589): Build fingerprint: 'samsung/cm_k3gxx/k3gxx:5.0.2/LRX22G/88e55c58ed:userdebug/test-keys'
I/DEBUG   ( 3589): Revision: '10'
I/DEBUG   ( 3589): ABI: 'arm'
I/DEBUG   ( 3589): pid: 5313, tid: 5313, name: surfaceflinger  >>> /system/bin/surfaceflinger <<<
I/DEBUG   ( 3589): signal 6 (SIGABRT), code -6 (SI_TKILL), fault addr --------
I/DEBUG   ( 3589): Abort message: 'eglSwapBuffers(0x1, 0x0) failed with 0x0000300d'
I/DEBUG   ( 3589):     r0 00000000  r1 000014c1  r2 00000006  r3 00000000
I/DEBUG   ( 3589):     r4 b6fe1114  r5 00000006  r6 0000000b  r7 0000010c
I/DEBUG   ( 3589):     r8 00000000  r9 be83dbd0  sl b6a54210  fp be83dbd0
I/DEBUG   ( 3589):     ip 000014c1  sp be83d650  lr b6f6b7b9  pc b6f8f4e4  cpsr 600f0010
I/DEBUG   ( 3589): 
I/DEBUG   ( 3589): backtrace:
I/DEBUG   ( 3589):     #00 pc 000384e4  /system/lib/libc.so (tgkill+12)
I/DEBUG   ( 3589):     #01 pc 000147b5  /system/lib/libc.so (pthread_kill+52)
I/DEBUG   ( 3589):     #02 pc 0001550b  /system/lib/libc.so (raise+10)
I/DEBUG   ( 3589):     #03 pc 00011c35  /system/lib/libc.so (__libc_android_abort+36)
I/DEBUG   ( 3589):     #04 pc 0000fcb8  /system/lib/libc.so (abort+4)
I/DEBUG   ( 3589):     #05 pc 00007739  /system/lib/libcutils.so (__android_log_assert+88)
I/DEBUG   ( 3589):     #06 pc 0000f4df  /system/lib/libsurfaceflinger.so
I/DEBUG   ( 3589):     #07 pc 0001b9fd  /system/lib/libsurfaceflinger.so
I/DEBUG   ( 3589):     #08 pc 0001abe7  /system/lib/libsurfaceflinger.so
I/DEBUG   ( 3589):     #09 pc 00019fc3  /system/lib/libsurfaceflinger.so
I/DEBUG   ( 3589):     #10 pc 00019d49  /system/lib/libsurfaceflinger.so
I/DEBUG   ( 3589):     #11 pc 00010ed3  /system/lib/libutils.so (android::Looper::pollInner(int)+410)
I/DEBUG   ( 3589):     #12 pc 00010fc5  /system/lib/libutils.so (android::Looper::pollOnce(int, int*, int*, void**)+92)
I/DEBUG   ( 3589):     #13 pc 000174c5  /system/lib/libsurfaceflinger.so
I/DEBUG   ( 3589):     #14 pc 0001993d  /system/lib/libsurfaceflinger.so (android::SurfaceFlinger::run()+8)
I/DEBUG   ( 3589):     #15 pc 0000083d  /system/bin/surfaceflinger
I/DEBUG   ( 3589):     #16 pc 0000fb75  /system/lib/libc.so (__libc_init+44)
I/DEBUG   ( 3589):     #17 pc 000008d8  /system/bin/surfaceflinger
W/auditd  ( 3595): type=1325 audit(0.0:1526): table=filter family=2 entries=39
W/iptables( 5435): type=1300 audit(0.0:1526): arch=40000028 syscall=294 per=800000 success=yes exit=0 a0=4 a1=0 a2=40 a3=b6c25000 items=0 ppid=5311 auid=4294967295 uid=0 gid=0 euid=0 suid=0 fsuid=0 egid=0 sgid=0 fsgid=0 ses=4294967295 tty=(none) exe="/system/bin/iptables" subj=u:r:netd:s0 key=(null)
W/auditd  ( 3595): type=1320 audit(0.0:1526): 
W/auditd  ( 3595): type=1325 audit(0.0:1527): table=filter family=10 entries=37
W/ip6tables( 5436): type=1300 audit(0.0:1527): arch=40000028 syscall=294 per=800000 success=yes exit=0 a0=4 a1=29 a2=40 a3=b6c28000 items=0 ppid=5311 auid=4294967295 uid=0 gid=0 euid=0 suid=0 fsuid=0 egid=0 sgid=0 fsgid=0 ses=4294967295 tty=(none) exe="/system/bin/ip6tables" subj=u:r:netd:s0 key=(null)
W/auditd  ( 3595): type=1320 audit(0.0:1527): 
W/auditd  ( 3595): type=1325 audit(0.0:1528): table=filter family=2 entries=38
W/iptables( 5437): type=1300 audit(0.0:1528): arch=40000028 syscall=294 per=800000 success=yes exit=0 a0=4 a1=0 a2=40 a3=b6c22000 items=0 ppid=5311 auid=4294967295 uid=0 gid=0 euid=0 suid=0 fsuid=0 egid=0 sgid=0 fsgid=0 ses=4294967295 tty=(none) exe="/system/bin/iptables" subj=u:r:netd:s0 key=(null)
W/auditd  ( 3595): type=1320 audit(0.0:1528): 
W/auditd  ( 3595): type=1325 audit(0.0:1529): table=filter family=10 entries=36
W/ip6tables( 5438): type=1300 audit(0.0:1529): arch=40000028 syscall=294 per=800000 success=yes exit=0 a0=4 a1=29 a2=40 a3=b6c23000 items=0 ppid=5311 auid=4294967295 uid=0 gid=0 euid=0 suid=0 fsuid=0 egid=0 sgid=0 fsgid=0 ses=4294967295 tty=(none) exe="/system/bin/ip6tables" subj=u:r:netd:s0 key=(null)
W/auditd  ( 3595): type=1320 audit(0.0:1529): 
W/auditd  ( 3595): type=1325 audit(0.0:1530): table=filter family=2 entries=38
W/iptables( 5439): type=1300 audit(0.0:1530): arch=40000028 syscall=294 per=800000 success=yes exit=0 a0=4 a1=0 a2=40 a3=b6c22000 items=0 ppid=5311 auid=4294967295 uid=0 gid=0 euid=0 suid=0 fsuid=0 egid=0 sgid=0 fsgid=0 ses=4294967295 tty=(none) exe="/system/bin/iptables" subj=u:r:netd:s0 key=(null)
W/auditd  ( 3595): type=1320 audit(0.0:1530): 
W/auditd  ( 3595): type=1325 audit(0.0:1531): table=filter family=10 entries=36
W/ip6tables( 5440): type=1300 audit(0.0:1531): arch=40000028 syscall=294 per=800000 success=yes exit=0 a0=4 a1=29 a2=40 a3=b6c23000 items=0 ppid=5311 auid=4294967295 uid=0 gid=0 euid=0 suid=0 fsuid=0 egid=0 sgid=0 fsgid=0 ses=4294967295 tty=(none) exe="/system/bin/ip6tables" subj=u:r:netd:s0 key=(null)
W/auditd  ( 3595): type=1320 audit(0.0:1531): 
W/auditd  ( 3595): type=1325 audit(0.0:1532): table=filter family=2 entries=36
W/iptables( 5441): type=1300 audit(0.0:1532): arch=40000028 syscall=294 per=800000 success=yes exit=0 a0=4 a1=0 a2=40 a3=b6c22000 items=0 ppid=5311 auid=4294967295 uid=0 gid=0 euid=0 suid=0 fsuid=0 egid=0 sgid=0 fsgid=0 ses=4294967295 tty=(none) exe="/system/bin/iptables" subj=u:r:netd:s0 key=(null)
I/ServiceManager( 5314): Waiting for service batterystats...
I/DEBUG   ( 3589): 
I/DEBUG   ( 3589): Tombstone written to: /data/tombstones/tombstone_08
I/ServiceManager( 3576): service 'SurfaceFlinger' died
I/ServiceManager( 3576): service 'Exynos.HWCService' died
I/ServiceManager( 3576): service 'media.wifi_display' died
I/ServiceManager( 3576): service 'media.audio_flinger' died
W/init    ( 5478): type=1400 audit(0.0:1567): avc: denied { entrypoint } for path="/system/bin/auditd" dev="mmcblk0p18" ino=173 scontext=u:r:logd:s0 tcontext=u:object_r:system_file:s0 tclass=file
W/init    ( 5478): type=1300 audit(0.0:1567): arch=40000028 syscall=11 per=800000 success=no exit=-13 a0=b6d80954 a1=b6d68530 a2=57e64 a3=ff0000 items=1 ppid=1 auid=4294967295 uid=0 gid=0 euid=0 suid=0 fsuid=0 egid=0 sgid=0 fsgid=0 ses=4294967295 tty=(none) exe="/init" subj=u:r:init:s0 key=(null)
W/auditd  ( 3595): type=1307 audit(0.0:1567): cwd="/"
W/auditd  ( 3595): type=1302 audit(0.0:1567): item=0 name="/system/bin/auditd" inode=173 dev=103:0a mode=0100755 ouid=0 ogid=2000 rdev=00:00 obj=u:object_r:system_file:s0
W/auditd  ( 3595): type=1320 audit(0.0:1567): 
I/Netd    ( 5479): Netd 1.0 starting
E/Netd    ( 5479): Failed to open /proc/sys/net/ipv6/conf/default/accept_ra_rt_table: No such file or directory
E/Netd    ( 5479): Failed to open /proc/sys/net/ipv6/conf/ip6tnl0/accept_ra_rt_table: No such file or directory
E/Netd    ( 5479): Failed to open /proc/sys/net/ipv6/conf/lo/accept_ra_rt_table: No such file or directory
E/Netd    ( 5479): Failed to open /proc/sys/net/ipv6/conf/rmnet0/accept_ra_rt_table: No such file or directory
E/Netd    ( 5479): Failed to open /proc/sys/net/ipv6/conf/rmnet1/accept_ra_rt_table: No such file or directory
E/Netd    ( 5479): Failed to open /proc/sys/net/ipv6/conf/rmnet2/accept_ra_rt_table: No such file or directory
E/Netd    ( 5479): Failed to open /proc/sys/net/ipv6/conf/rmnet3/accept_ra_rt_table: No such file or directory
E/Netd    ( 5479): Failed to open /proc/sys/net/ipv6/conf/sit0/accept_ra_rt_table: No such file or directory
W/auditd  ( 3595): type=1325 audit(0.0:1568): table=filter family=2 entries=39
W/iptables( 5485): type=1300 audit(0.0:1568): arch=40000028 syscall=294 per=800000 success=yes exit=0 a0=4 a1=0 a2=40 a3=b6c25000 items=0 ppid=5479 auid=4294967295 uid=0 gid=0 euid=0 suid=0 fsuid=0 egid=0 sgid=0 fsgid=0 ses=4294967295 tty=(none) exe="/system/bin/iptables" subj=u:r:netd:s0 key=(null)
W/auditd  ( 3595): type=1320 audit(0.0:1568): 
W/auditd  ( 3595): type=1325 audit(0.0:1569): table=filter family=10 entries=37
W/ip6tables( 5486): type=1300 audit(0.0:1569): arch=40000028 syscall=294 per=800000 success=yes exit=0 a0=4 a1=29 a2=40 a3=b6c28000 items=0 ppid=5479 auid=4294967295 uid=0 gid=0 euid=0 suid=0 fsuid=0 egid=0 sgid=0 fsgid=0 ses=4294967295 tty=(none) exe="/system/bin/ip6tables" subj=u:r:netd:s0 key=(null)
W/auditd  ( 3595): type=1320 audit(0.0:1569): 
W/auditd  ( 3595): type=1325 audit(0.0:1570): table=filter family=2 entries=38
W/iptables( 5487): type=1300 audit(0.0:1570): arch=40000028 syscall=294 per=800000 success=yes exit=0 a0=4 a1=0 a2=40 a3=b6c22000 items=0 ppid=5479 auid=4294967295 uid=0 gid=0 euid=0 suid=0 fsuid=0 egid=0 sgid=0 fsgid=0 ses=4294967295 tty=(none) exe="/system/bin/iptables" subj=u:r:netd:s0 key=(null)
W/auditd  ( 3595): type=1320 audit(0.0:1570): 
W/auditd  ( 3595): type=1325 audit(0.0:1571): table=filter family=10 entries=36
W/ip6tables( 5489): type=1300 audit(0.0:1571): arch=40000028 syscall=294 per=800000 success=yes exit=0 a0=4 a1=29 a2=40 a3=b6c23000 items=0 ppid=5479 auid=4294967295 uid=0 gid=0 euid=0 suid=0 fsuid=0 egid=0 sgid=0 fsgid=0 ses=4294967295 tty=(none) exe="/system/bin/ip6tables" subj=u:r:netd:s0 key=(null)
W/auditd  ( 3595): type=1320 audit(0.0:1571): 
I/SurfaceFlinger( 5481): SurfaceFlinger is starting
W/auditd  ( 3595): type=1325 audit(0.0:1572): table=filter family=2 entries=38
I/SurfaceFlinger( 5481): SurfaceFlinger's main thread ready to run. Initializing graphics H/W...
W/iptables( 5490): type=1300 audit(0.0:1572): arch=40000028 syscall=294 per=800000 success=yes exit=0 a0=4 a1=0 a2=40 a3=b6c22000 items=0 ppid=5479 auid=4294967295 uid=0 gid=0 euid=0 suid=0 fsuid=0 egid=0 sgid=0 fsgid=0 ses=4294967295 tty=(none) exe="/system/bin/iptables" subj=u:r:netd:s0 key=(null)
W/auditd  ( 3595): type=1320 audit(0.0:1572): 
D/libEGL  ( 5481): loaded /vendor/lib/egl/libGLES_mali.so
I/        ( 5481): PLATFORM VERSION : JB-MR-2
D/AndroidRuntime( 5484): 
D/AndroidRuntime( 5484): >>>>>> AndroidRuntime START com.android.internal.os.ZygoteInit <<<<<<
D/AndroidRuntime( 5484): CheckJNI is OFF
I/art     ( 5484): option[0]=-Xzygote
I/art     ( 5484): option[1]=-Xstacktracefile:/data/anr/traces.txt
I/art     ( 5484): option[2]=exit
I/art     ( 5484): option[3]=vfprintf
I/art     ( 5484): option[4]=sensitiveThread
I/art     ( 5484): option[5]=-verbose:gc
I/art     ( 5484): option[6]=-Xms8m
I/art     ( 5484): option[7]=-Xmx512m
I/art     ( 5484): option[8]=-XX:mainThreadStackSize=24K
I/art     ( 5484): option[9]=-XX:HeapGrowthLimit=128m
I/art     ( 5484): option[10]=-XX:HeapMinFree=2m
I/art     ( 5484): option[11]=-XX:HeapMaxFree=8m
I/art     ( 5484): option[12]=-XX:HeapTargetUtilization=0.75
I/art     ( 5484): option[13]=-agentlib:jdwp=transport=dt_android_adb,suspend=n,server=y
I/art     ( 5484): option[14]=-Xlockprofthreshold:500
I/art     ( 5484): option[15]=-Ximage-compiler-option
I/art     ( 5484): option[16]=--runtime-arg
I/art     ( 5484): option[17]=-Ximage-compiler-option
I/art     ( 5484): option[18]=-Xms64m
I/art     ( 5484): option[19]=-Ximage-compiler-option
I/art     ( 5484): option[20]=--runtime-arg
I/art     ( 5484): option[21]=-Ximage-compiler-option
I/art     ( 5484): option[22]=-Xmx64m
I/art     ( 5484): option[23]=-Ximage-compiler-option
I/art     ( 5484): option[24]=--image-classes-zip=/system/framework/framework.jar
I/art     ( 5484): option[25]=-Ximage-compiler-option
I/art     ( 5484): option[26]=--image-classes=preloaded-classes
I/art     ( 5484): option[27]=-Xcompiler-option
I/art     ( 5484): option[28]=--runtime-arg
I/art     ( 5484): option[29]=-Xcompiler-option
I/art     ( 5484): option[30]=-Xms64m
I/art     ( 5484): option[31]=-Xcompiler-option
I/art     ( 5484): option[32]=--runtime-arg
I/art     ( 5484): option[33]=-Xcompiler-option
I/art     ( 5484): option[34]=-Xmx512m
I/art     ( 5484): option[35]=-Duser.language=es
I/art     ( 5484): option[36]=-Duser.region=US
I/art     ( 5484): Pruning dalvik-cache since we are generating an image and will need to recompile
W/art     ( 5484): Unexpected file type of 
W/art     ( 5484):  encountered.
I/art     ( 5484): Using an offset of 0x1fb000 from default art base address of 0x70000000
I/mediaserver( 5482): ServiceManager: 0xb60500c0
I/art     ( 5484): GenerateImage: /system/bin/dex2oat --image=/data/dalvik-cache/arm/system@framework@boot.art --dex-file=/system/framework/core-libart.jar --dex-file=/system/framework/conscrypt.jar --dex-file=/system/framework/okhttp.jar --dex-file=/system/framework/core-junit.jar --dex-file=/system/framework/bouncycastle.jar --dex-file=/system/framework/ext.jar --dex-file=/system/framework/framework.jar --dex-file=/system/framework/telephony-common.jar --dex-file=/system/framework/voip-common.jar --dex-file=/system/framework/ims-common.jar --dex-file=/system/framework/mms-common.jar --dex-file=/system/framework/android.policy.jar --dex-file=/system/framework/apache-xml.jar --oat-file=/data/dalvik-cache/arm/system@framework@boot.oat --instruction-set=arm --instruction-set-features=div --base=0x701fb000 --runtime-arg -Xms64m --runtime-arg -Xmx64m --image-classes-zip=/system/framework/framework.jar --image-classes=preloaded-classes
I/AudioFlinger( 5482): Using default 3000 mSec as standby time.
I/ServiceManager( 5482): Waiting for service batterystats...
I/gralloc ( 5481): using (fd=12)
I/gralloc ( 5481): id           = 
I/gralloc ( 5481): xres         = 1080 px
I/gralloc ( 5481): yres         = 1920 px
I/gralloc ( 5481): xres_virtual = 1080 px
I/gralloc ( 5481): yres_virtual = 3840 px
I/gralloc ( 5481): bpp          = 32
I/gralloc ( 5481): r            = 16:8
I/gralloc ( 5481): g            =  8:8
I/gralloc ( 5481): b            =  0:8
I/gralloc ( 5481): width        = 65 mm (422.030762 dpi)
I/gralloc ( 5481): height       = 115 mm (424.069580 dpi)
I/gralloc ( 5481): refresh rate = 60.00 Hz
W/art     ( 5484): Unexpected file type of 
W/art     ( 5484):  encountered.
W/art     ( 5484): Could not create image space with image file '/system/framework/boot.art'. Attempting to fall back to imageless running. Error was: Failed to generate image '/data/dalvik-cache/arm/system@framework@boot.art': Failed execv(/system/bin/dex2oat --image=/data/dalvik-cache/arm/system@framework@boot.art --dex-file=/system/framework/core-libart.jar --dex-file=/system/framework/conscrypt.jar --dex-file=/system/framework/okhttp.jar --dex-file=/system/framework/core-junit.jar --dex-file=/system/framework/bouncycastle.jar --dex-file=/system/framework/ext.jar --dex-file=/system/framework/framework.jar --dex-file=/system/framework/telephony-common.jar --dex-file=/system/framework/voip-common.jar --dex-file=/system/framework/ims-common.jar --dex-file=/system/framework/mms-common.jar --dex-file=/system/framework/android.policy.jar --dex-file=/system/framework/apache-xml.jar --oat-file=/data/dalvik-cache/arm/system@framework@boot.oat --instruction-set=arm --instruction-set-features=div --base=0x701fb000 --runtime-arg -Xms64
D/hwcomposer( 5481): using
D/hwcomposer( 5481): xres         = 1080 px
D/hwcomposer( 5481): yres         = 1920 px
D/hwcomposer( 5481): width        = 65 mm (422.030000 dpi)
D/hwcomposer( 5481): height       = 115 mm (424.069000 dpi)
D/hwcomposer( 5481): refresh rate = 60 Hz
E/libexynosv4l2-subdev( 5481): no subdev device found
E/hdmi    ( 5481): failed to open hdmi mixer0 subdev
E/hwcomposer( 5481): openHdmi fail
I/hwcomposer( 5481): PSR info devname = /sys/devices/14400000.fimd_fb/psr_info
I/hwcomposer( 5481): PSR mode is 2(0: video mode, 1: DP PSR mode, 2: MIPI-DSI command mode)
I/SurfaceFlinger( 5481): Using composer version 1.3
I/SurfaceFlinger( 5481): EGL information:
I/SurfaceFlinger( 5481): vendor    : Android
I/SurfaceFlinger( 5481): version   : 1.4 Android META-EGL
I/SurfaceFlinger( 5481): extensions: EGL_KHR_get_all_proc_addresses EGL_ANDROID_presentation_time EGL_KHR_image EGL_KHR_image_base EGL_KHR_gl_texture_2D_image EGL_KHR_gl_texture_cubemap_image EGL_KHR_gl_renderbuffer_image EGL_KHR_fence_sync EGL_KHR_create_context EGL_ANDROID_image_native_buffer EGL_KHR_wait_sync EGL_ANDROID_recordable 
I/SurfaceFlinger( 5481): Client API: OpenGL_ES
I/SurfaceFlinger( 5481): EGLSurface: 8-8-8-8, config=0xb69cf2ac
I/SurfaceFlinger( 5481): OpenGL ES informations:
I/SurfaceFlinger( 5481): vendor    : ARM
I/SurfaceFlinger( 5481): renderer  : Mali-T628
I/SurfaceFlinger( 5481): version   : OpenGL ES 3.0
I/SurfaceFlinger( 5481): extensions: GL_EXT_debug_marker GL_ARM_rgba8 GL_ARM_mali_shader_binary GL_OES_depth24 GL_OES_depth_texture GL_OES_depth_texture_cube_map GL_OES_packed_depth_stencil GL_OES_rgb8_rgba8 GL_EXT_read_format_bgra GL_OES_compressed_paletted_texture GL_OES_compressed_ETC1_RGB8_texture GL_OES_standard_derivatives GL_OES_EGL_image GL_OES_EGL_image_external GL_OES_EGL_sync GL_OES_texture_npot GL_OES_vertex_half_float GL_OES_required_internalformat GL_OES_vertex_array_object GL_OES_mapbuffer GL_EXT_texture_format_BGRA8888 GL_EXT_texture_rg GL_EXT_texture_type_2_10_10_10_REV GL_OES_fbo_render_mipmap GL_OES_element_index_uint GL_EXT_shadow_samplers GL_OES_texture_compression_astc GL_KHR_texture_compression_astc_ldr GL_KHR_texture_compression_astc_hdr GL_KHR_debug GL_EXT_occlusion_query_boolean GL_EXT_blend_minmax GL_EXT_discard_framebuffer GL_OES_get_program_binary GL_OES_texture_3D GL_EXT_texture_storage GL_EXT_multisampled_render_to_texture GL_OES_surfaceless_context GL_ARM_mali_program_binary 
I/SurfaceFlinger( 5481): GL_MAX_TEXTURE_SIZE = 8192
I/SurfaceFlinger( 5481): GL_MAX_VIEWPORT_DIMS = 8192
E/libEGL  ( 5481): eglQuerySurface:607 error 300d (EGL_BAD_SURFACE)
E/libEGL  ( 5481): eglQuerySurface:607 error 300d (EGL_BAD_SURFACE)
E/libEGL  ( 5481): call to OpenGL ES API with no current context (logged once per thread)
D/SurfaceFlinger( 5481): Set power mode=2, type=0 flinger=0xb6962000
I/hwcomposer( 5481): int exynos5_blank(hwc_composer_device_1*, int, int):: disp(0), blank(0)
I/hwcomposer( 5481): unblank ioctl failed (display already unblanked)
E/libEGL  ( 5481): eglSwapBuffers:1071 error 300d (EGL_BAD_SURFACE)
F/SurfaceFlinger( 5481): eglSwapBuffers(0x1, 0x0) failed with 0x0000300d
F/libc    ( 5481): Fatal signal 6 (SIGABRT), code -6 in tid 5481 (surfaceflinger)
I/DEBUG   ( 3589): property debug.db.uid not set; NOT waiting for gdb.
I/DEBUG   ( 3589): HINT: adb shell setprop debug.db.uid 100000
I/DEBUG   ( 3589): HINT: adb forward tcp:5039 tcp:5039
I/DEBUG   ( 3589): *** *** *** *** *** *** *** *** *** *** *** *** *** *** *** ***
I/DEBUG   ( 3589): Build fingerprint: 'samsung/cm_k3gxx/k3gxx:5.0.2/LRX22G/88e55c58ed:userdebug/test-keys'
I/DEBUG   ( 3589): Revision: '10'
I/DEBUG   ( 3589): ABI: 'arm'
I/DEBUG   ( 3589): pid: 5481, tid: 5481, name: surfaceflinger  >>> /system/bin/surfaceflinger <<<
I/DEBUG   ( 3589): signal 6 (SIGABRT), code -6 (SI_TKILL), fault addr --------
I/DEBUG   ( 3589): Abort message: 'eglSwapBuffers(0x1, 0x0) failed with 0x0000300d'
I/DEBUG   ( 3589):     r0 00000000  r1 00001569  r2 00000006  r3 00000000
I/DEBUG   ( 3589):     r4 b6f3c114  r5 00000006  r6 0000000b  r7 0000010c
I/DEBUG   ( 3589):     r8 00000000  r9 be90fbd0  sl b6954210  fp be90fbd0
I/DEBUG   ( 3589):     ip 00001569  sp be90f650  lr b6ec67b9  pc b6eea4e4  cpsr 600f0010
I/DEBUG   ( 3589): 
I/DEBUG   ( 3589): backtrace:
I/DEBUG   ( 3589):     #00 pc 000384e4  /system/lib/libc.so (tgkill+12)
I/DEBUG   ( 3589):     #01 pc 000147b5  /system/lib/libc.so (pthread_kill+52)
I/DEBUG   ( 3589):     #02 pc 0001550b  /system/lib/libc.so (raise+10)
I/DEBUG   ( 3589):     #03 pc 00011c35  /system/lib/libc.so (__libc_android_abort+36)
I/DEBUG   ( 3589):     #04 pc 0000fcb8  /system/lib/libc.so (abort+4)
I/DEBUG   ( 3589):     #05 pc 00007739  /system/lib/libcutils.so (__android_log_assert+88)
I/DEBUG   ( 3589):     #06 pc 0000f4df  /system/lib/libsurfaceflinger.so
I/DEBUG   ( 3589):     #07 pc 0001b9fd  /system/lib/libsurfaceflinger.so
I/DEBUG   ( 3589):     #08 pc 0001abe7  /system/lib/libsurfaceflinger.so
I/DEBUG   ( 3589):     #09 pc 00019fc3  /system/lib/libsurfaceflinger.so
I/DEBUG   ( 3589):     #10 pc 00019d49  /system/lib/libsurfaceflinger.so
I/DEBUG   ( 3589):     #11 pc 00010ed3  /system/lib/libutils.so (android::Looper::pollInner(int)+410)
I/DEBUG   ( 3589):     #12 pc 00010fc5  /system/lib/libutils.so (android::Looper::pollOnce(int, int*, int*, void**)+92)
I/DEBUG   ( 3589):     #13 pc 000174c5  /system/lib/libsurfaceflinger.so
I/DEBUG   ( 3589):     #14 pc 0001993d  /system/lib/libsurfaceflinger.so (android::SurfaceFlinger::run()+8)
I/DEBUG   ( 3589):     #15 pc 0000083d  /system/bin/surfaceflinger
I/DEBUG   ( 3589):     #16 pc 0000fb75  /system/lib/libc.so (__libc_init+44)
I/DEBUG   ( 3589):     #17 pc 000008d8  /system/bin/surfaceflinger
W/auditd  ( 3595): type=1325 audit(0.0:1684): table=filter family=2 entries=36
W/iptables( 5609): type=1300 audit(0.0:1684): arch=40000028 syscall=294 per=800000 success=yes exit=0 a0=4 a1=0 a2=40 a3=b6c22000 items=0 ppid=5479 auid=4294967295 uid=0 gid=0 euid=0 suid=0 fsuid=0 egid=0 sgid=0 fsgid=0 ses=4294967295 tty=(none) exe="/system/bin/iptables" subj=u:r:netd:s0 key=(null)
W/auditd  ( 3595): type=1320 audit(0.0:1684): 
W/auditd  ( 3595): type=1325 audit(0.0:1685): table=filter family=10 entries=34
W/ip6tables( 5610): type=1300 audit(0.0:1685): arch=40000028 syscall=294 per=800000 success=yes exit=0 a0=4 a1=29 a2=40 a3=b6c23000 items=0 ppid=5479 auid=4294967295 uid=0 gid=0 euid=0 suid=0 fsuid=0 egid=0 sgid=0 fsgid=0 ses=4294967295 tty=(none) exe="/system/bin/ip6tables" subj=u:r:netd:s0 key=(null)
W/auditd  ( 3595): type=1320 audit(0.0:1685): 
W/auditd  ( 3595): type=1325 audit(0.0:1686): table=filter family=2 entries=38
W/iptables( 5611): type=1300 audit(0.0:1686): arch=40000028 syscall=294 per=800000 success=yes exit=0 a0=4 a1=0 a2=40 a3=b6c25000 items=0 ppid=5479 auid=4294967295 uid=0 gid=0 euid=0 suid=0 fsuid=0 egid=0 sgid=0 fsgid=0 ses=4294967295 tty=(none) exe="/system/bin/iptables" subj=u:r:netd:s0 key=(null)
W/auditd  ( 3595): type=1320 audit(0.0:1686): 
W/auditd  ( 3595): type=1325 audit(0.0:1687): table=filter family=10 entries=36
W/ip6tables( 5612): type=1300 audit(0.0:1687): arch=40000028 syscall=294 per=800000 success=yes exit=0 a0=4 a1=29 a2=40 a3=b6c28000 items=0 ppid=5479 auid=4294967295 uid=0 gid=0 euid=0 suid=0 fsuid=0 egid=0 sgid=0 fsgid=0 ses=4294967295 tty=(none) exe="/system/bin/ip6tables" subj=u:r:netd:s0 key=(null)
W/auditd  ( 3595): type=1320 audit(0.0:1687): 
W/auditd  ( 3595): type=1325 audit(0.0:1688): table=raw family=2 entries=9
W/iptables( 5613): type=1300 audit(0.0:1688): arch=40000028 syscall=294 per=800000 success=yes exit=0 a0=4 a1=0 a2=40 a3=b6c1ba00 items=0 ppid=5479 auid=4294967295 uid=0 gid=0 euid=0 suid=0 fsuid=0 egid=0 sgid=0 fsgid=0 ses=4294967295 tty=(none) exe="/system/bin/iptables" subj=u:r:netd:s0 key=(null)
W/auditd  ( 3595): type=1320 audit(0.0:1688): 
W/auditd  ( 3595): type=1325 audit(0.0:1689): table=raw family=10 entries=9
W/ip6tables( 5614): type=1300 audit(0.0:1689): arch=40000028 syscall=294 per=800000 success=yes exit=0 a0=4 a1=29 a2=40 a3=b6c1d000 items=0 ppid=5479 auid=4294967295 uid=0 gid=0 euid=0 suid=0 fsuid=0 egid=0 sgid=0 fsgid=0 ses=4294967295 tty=(none) exe="/system/bin/ip6tables" subj=u:r:netd:s0 key=(null)
W/auditd  ( 3595): type=1320 audit(0.0:1689): 
W/auditd  ( 3595): type=1325 audit(0.0:1690): table=raw family=2 entries=8
W/iptables( 5615): type=1300 audit(0.0:1690): arch=40000028 syscall=294 per=800000 success=yes exit=0 a0=4 a1=0 a2=40 a3=b6c1ba00 items=0 ppid=5479 auid=4294967295 uid=0 gid=0 euid=0 suid=0 fsuid=0 egid=0 sgid=0 fsgid=0 ses=4294967295 tty=(none) exe="/system/bin/iptables" subj=u:r:netd:s0 key=(null)
I/ServiceManager( 5482): Waiting for service batterystats...
V/NatController( 5479): runCmd(/system/bin/iptables -F natctrl_FORWARD) res=0
V/NatController( 5479): runCmd(/system/bin/iptables -A natctrl_FORWARD -j DROP) res=0
V/NatController( 5479): runCmd(/system/bin/iptables -t nat -F natctrl_nat_POSTROUTING) res=0
V/NatController( 5479): runCmd(/system/bin/iptables -F natctrl_tether_counters) res=0
V/NatController( 5479): runCmd(/system/bin/iptables -X natctrl_tether_counters) res=0
I/DEBUG   ( 3589): 
I/DEBUG   ( 3589): Tombstone written to: /data/tombstones/tombstone_09
V/NatController( 5479): runCmd(/system/bin/iptables -N natctrl_tether_counters) res=0
V/NatController( 5479): runCmd(/system/bin/iptables -t mangle -A natctrl_mangle_FORWARD -p tcp --tcp-flags SYN SYN -j TCPMSS --clamp-mss-to-pmtu) res=0
I/ServiceManager( 3576): service 'SurfaceFlinger' died
I/ServiceManager( 3576): service 'Exynos.HWCService' died
I/ServiceManager( 3576): service 'media.wifi_display' died
I/ServiceManager( 3576): service 'media.audio_flinger' died
W/init    ( 5694): type=1400 audit(0.0:1760): avc: denied { entrypoint } for path="/system/bin/auditd" dev="mmcblk0p18" ino=173 scontext=u:r:logd:s0 tcontext=u:object_r:system_file:s0 tclass=file
W/init    ( 5694): type=1300 audit(0.0:1760): arch=40000028 syscall=11 per=800000 success=no exit=-13 a0=b6d80954 a1=b6d68530 a2=57e64 a3=ff0000 items=1 ppid=1 auid=4294967295 uid=0 gid=0 euid=0 suid=0 fsuid=0 egid=0 sgid=0 fsgid=0 ses=4294967295 tty=(none) exe="/init" subj=u:r:init:s0 key=(null)
W/auditd  ( 3595): type=1307 audit(0.0:1760): cwd="/"
W/auditd  ( 3595): type=1302 audit(0.0:1760): item=0 name="/system/bin/auditd" inode=173 dev=103:0a mode=0100755 ouid=0 ogid=2000 rdev=00:00 obj=u:object_r:system_file:s0
W/auditd  ( 3595): type=1320 audit(0.0:1760): 
I/Netd    ( 5695): Netd 1.0 starting
E/Netd    ( 5695): Failed to open /proc/sys/net/ipv6/conf/default/accept_ra_rt_table: No such file or directory
E/Netd    ( 5695): Failed to open /proc/sys/net/ipv6/conf/ip6tnl0/accept_ra_rt_table: No such file or directory
E/Netd    ( 5695): Failed to open /proc/sys/net/ipv6/conf/lo/accept_ra_rt_table: No such file or directory
E/Netd    ( 5695): Failed to open /proc/sys/net/ipv6/conf/rmnet0/accept_ra_rt_table: No such file or directory
E/Netd    ( 5695): Failed to open /proc/sys/net/ipv6/conf/rmnet1/accept_ra_rt_table: No such file or directory
E/Netd    ( 5695): Failed to open /proc/sys/net/ipv6/conf/rmnet2/accept_ra_rt_table: No such file or directory
E/Netd    ( 5695): Failed to open /proc/sys/net/ipv6/conf/rmnet3/accept_ra_rt_table: No such file or directory
E/Netd    ( 5695): Failed to open /proc/sys/net/ipv6/conf/sit0/accept_ra_rt_table: No such file or directory
W/auditd  ( 3595): type=1325 audit(0.0:1761): table=filter family=2 entries=40
W/iptables( 5701): type=1300 audit(0.0:1761): arch=40000028 syscall=294 per=800000 success=yes exit=0 a0=4 a1=0 a2=40 a3=b6c25000 items=0 ppid=5695 auid=4294967295 uid=0 gid=0 euid=0 suid=0 fsuid=0 egid=0 sgid=0 fsgid=0 ses=4294967295 tty=(none) exe="/system/bin/iptables" subj=u:r:netd:s0 key=(null)
W/auditd  ( 3595): type=1320 audit(0.0:1761): 
I/SurfaceFlinger( 5697): SurfaceFlinger is starting
I/SurfaceFlinger( 5697): SurfaceFlinger's main thread ready to run. Initializing graphics H/W...
W/auditd  ( 3595): type=1325 audit(0.0:1762): table=filter family=10 entries=37
W/ip6tables( 5702): type=1300 audit(0.0:1762): arch=40000028 syscall=294 per=800000 success=yes exit=0 a0=4 a1=29 a2=40 a3=b6c28000 items=0 ppid=5695 auid=4294967295 uid=0 gid=0 euid=0 suid=0 fsuid=0 egid=0 sgid=0 fsgid=0 ses=4294967295 tty=(none) exe="/system/bin/ip6tables" subj=u:r:netd:s0 key=(null)
W/auditd  ( 3595): type=1320 audit(0.0:1762): 
W/auditd  ( 3595): type=1325 audit(0.0:1763): table=filter family=2 entries=39
W/iptables( 5705): type=1300 audit(0.0:1763): arch=40000028 syscall=294 per=800000 success=yes exit=0 a0=4 a1=0 a2=40 a3=b6c22000 items=0 ppid=5695 auid=4294967295 uid=0 gid=0 euid=0 suid=0 fsuid=0 egid=0 sgid=0 fsgid=0 ses=4294967295 tty=(none) exe="/system/bin/iptables" subj=u:r:netd:s0 key=(null)
W/auditd  ( 3595): type=1320 audit(0.0:1763): 
W/auditd  ( 3595): type=1325 audit(0.0:1764): table=filter family=10 entries=36
W/ip6tables( 5706): type=1300 audit(0.0:1764): arch=40000028 syscall=294 per=800000 success=yes exit=0 a0=4 a1=29 a2=40 a3=b6c23000 items=0 ppid=5695 auid=4294967295 uid=0 gid=0 euid=0 suid=0 fsuid=0 egid=0 sgid=0 fsgid=0 ses=4294967295 tty=(none) exe="/system/bin/ip6tables" subj=u:r:netd:s0 key=(null)
W/auditd  ( 3595): type=1320 audit(0.0:1764): 
W/auditd  ( 3595): type=1325 audit(0.0:1765): table=filter family=2 entries=39
W/iptables( 5709): type=1300 audit(0.0:1765): arch=40000028 syscall=294 per=800000 success=yes exit=0 a0=4 a1=0 a2=40 a3=b6c22000 items=0 ppid=5695 auid=4294967295 uid=0 gid=0 euid=0 suid=0 fsuid=0 egid=0 sgid=0 fsgid=0 ses=4294967295 tty=(none) exe="/system/bin/iptables" subj=u:r:netd:s0 key=(null)
W/auditd  ( 3595): type=1320 audit(0.0:1765): 
D/libEGL  ( 5697): loaded /vendor/lib/egl/libGLES_mali.so
I/        ( 5697): PLATFORM VERSION : JB-MR-2
D/AndroidRuntime( 5700): 
D/AndroidRuntime( 5700): >>>>>> AndroidRuntime START com.android.internal.os.ZygoteInit <<<<<<
D/AndroidRuntime( 5700): CheckJNI is OFF
I/art     ( 5700): option[0]=-Xzygote
I/art     ( 5700): option[1]=-Xstacktracefile:/data/anr/traces.txt
I/art     ( 5700): option[2]=exit
I/art     ( 5700): option[3]=vfprintf
I/art     ( 5700): option[4]=sensitiveThread
I/art     ( 5700): option[5]=-verbose:gc
I/art     ( 5700): option[6]=-Xms8m
I/art     ( 5700): option[7]=-Xmx512m
I/art     ( 5700): option[8]=-XX:mainThreadStackSize=24K
I/art     ( 5700): option[9]=-XX:HeapGrowthLimit=128m
I/art     ( 5700): option[10]=-XX:HeapMinFree=2m
I/art     ( 5700): option[11]=-XX:HeapMaxFree=8m
I/art     ( 5700): option[12]=-XX:HeapTargetUtilization=0.75
I/art     ( 5700): option[13]=-agentlib:jdwp=transport=dt_android_adb,suspend=n,server=y
I/art     ( 5700): option[14]=-Xlockprofthreshold:500
I/art     ( 5700): option[15]=-Ximage-compiler-option
I/art     ( 5700): option[16]=--runtime-arg
I/art     ( 5700): option[17]=-Ximage-compiler-option
I/art     ( 5700): option[18]=-Xms64m
I/art     ( 5700): option[19]=-Ximage-compiler-option
I/art     ( 5700): option[20]=--runtime-arg
I/art     ( 5700): option[21]=-Ximage-compiler-option
I/art     ( 5700): option[22]=-Xmx64m
I/art     ( 5700): option[23]=-Ximage-compiler-option
I/art     ( 5700): option[24]=--image-classes-zip=/system/framework/framework.jar
I/art     ( 5700): option[25]=-Ximage-compiler-option
I/art     ( 5700): option[26]=--image-classes=preloaded-classes
I/art     ( 5700): option[27]=-Xcompiler-option
I/art     ( 5700): option[28]=--runtime-arg
I/art     ( 5700): option[29]=-Xcompiler-option
I/art     ( 5700): option[30]=-Xms64m
I/art     ( 5700): option[31]=-Xcompiler-option
I/art     ( 5700): option[32]=--runtime-arg
I/art     ( 5700): option[33]=-Xcompiler-option
I/art     ( 5700): option[34]=-Xmx512m
I/art     ( 5700): option[35]=-Duser.language=es
I/art     ( 5700): option[36]=-Duser.region=US
I/art     ( 5700): Pruning dalvik-cache since we are generating an image and will need to recompile
W/art     ( 5700): Unexpected file type of 
W/art     ( 5700):  encountered.
I/art     ( 5700): Using an offset of 0xff372000 from default art base address of 0x70000000
