I/art     ( 5700): GenerateImage: /system/bin/dex2oat --image=/data/dalvik-cache/arm/system@framework@boot.art --dex-file=/system/framework/core-libart.jar --dex-file=/system/framework/conscrypt.jar --dex-file=/system/framework/okhttp.jar --dex-file=/system/framework/core-junit.jar --dex-file=/system/framework/bouncycastle.jar --dex-file=/system/framework/ext.jar --dex-file=/system/framework/framework.jar --dex-file=/system/framework/telephony-common.jar --dex-file=/system/framework/voip-common.jar --dex-file=/system/framework/ims-common.jar --dex-file=/system/framework/mms-common.jar --dex-file=/system/framework/android.policy.jar --dex-file=/system/framework/apache-xml.jar --oat-file=/data/dalvik-cache/arm/system@framework@boot.oat --instruction-set=arm --instruction-set-features=div --base=0x6f372000 --runtime-arg -Xms64m --runtime-arg -Xmx64m --image-classes-zip=/system/framework/framework.jar --image-classes=preloaded-classes
I/mediaserver( 5698): ServiceManager: 0xb60500c0
I/AudioFlinger( 5698): Using default 3000 mSec as standby time.
I/ServiceManager( 5698): Waiting for service batterystats...
W/art     ( 5700): Unexpected file type of 
W/art     ( 5700):  encountered.
W/art     ( 5700): Could not create image space with image file '/system/framework/boot.art'. Attempting to fall back to imageless running. Error was: Failed to generate image '/data/dalvik-cache/arm/system@framework@boot.art': Failed execv(/system/bin/dex2oat --image=/data/dalvik-cache/arm/system@framework@boot.art --dex-file=/system/framework/core-libart.jar --dex-file=/system/framework/conscrypt.jar --dex-file=/system/framework/okhttp.jar --dex-file=/system/framework/core-junit.jar --dex-file=/system/framework/bouncycastle.jar --dex-file=/system/framework/ext.jar --dex-file=/system/framework/framework.jar --dex-file=/system/framework/telephony-common.jar --dex-file=/system/framework/voip-common.jar --dex-file=/system/framework/ims-common.jar --dex-file=/system/framework/mms-common.jar --dex-file=/system/framework/android.policy.jar --dex-file=/system/framework/apache-xml.jar --oat-file=/data/dalvik-cache/arm/system@framework@boot.oat --instruction-set=arm --instruction-set-features=div --base=0x6f372000 --runtime-arg -Xms64
I/gralloc ( 5697): using (fd=12)
I/gralloc ( 5697): id           = 
I/gralloc ( 5697): xres         = 1080 px
I/gralloc ( 5697): yres         = 1920 px
I/gralloc ( 5697): xres_virtual = 1080 px
I/gralloc ( 5697): yres_virtual = 3840 px
I/gralloc ( 5697): bpp          = 32
I/gralloc ( 5697): r            = 16:8
I/gralloc ( 5697): g            =  8:8
I/gralloc ( 5697): b            =  0:8
I/gralloc ( 5697): width        = 65 mm (422.030762 dpi)
I/gralloc ( 5697): height       = 115 mm (424.069580 dpi)
I/gralloc ( 5697): refresh rate = 60.00 Hz
D/hwcomposer( 5697): using
D/hwcomposer( 5697): xres         = 1080 px
D/hwcomposer( 5697): yres         = 1920 px
D/hwcomposer( 5697): width        = 65 mm (422.030000 dpi)
D/hwcomposer( 5697): height       = 115 mm (424.069000 dpi)
D/hwcomposer( 5697): refresh rate = 60 Hz
E/libexynosv4l2-subdev( 5697): no subdev device found
E/hdmi    ( 5697): failed to open hdmi mixer0 subdev
E/hwcomposer( 5697): openHdmi fail
I/hwcomposer( 5697): PSR info devname = /sys/devices/14400000.fimd_fb/psr_info
I/hwcomposer( 5697): PSR mode is 2(0: video mode, 1: DP PSR mode, 2: MIPI-DSI command mode)
I/SurfaceFlinger( 5697): Using composer version 1.3
I/SurfaceFlinger( 5697): EGL information:
I/SurfaceFlinger( 5697): vendor    : Android
I/SurfaceFlinger( 5697): version   : 1.4 Android META-EGL
I/SurfaceFlinger( 5697): extensions: EGL_KHR_get_all_proc_addresses EGL_ANDROID_presentation_time EGL_KHR_image EGL_KHR_image_base EGL_KHR_gl_texture_2D_image EGL_KHR_gl_texture_cubemap_image EGL_KHR_gl_renderbuffer_image EGL_KHR_fence_sync EGL_KHR_create_context EGL_ANDROID_image_native_buffer EGL_KHR_wait_sync EGL_ANDROID_recordable 
I/SurfaceFlinger( 5697): Client API: OpenGL_ES
I/SurfaceFlinger( 5697): EGLSurface: 8-8-8-8, config=0xb6acf2ac
I/SurfaceFlinger( 5697): OpenGL ES informations:
I/SurfaceFlinger( 5697): vendor    : ARM
I/SurfaceFlinger( 5697): renderer  : Mali-T628
I/SurfaceFlinger( 5697): version   : OpenGL ES 3.0
I/SurfaceFlinger( 5697): extensions: GL_EXT_debug_marker GL_ARM_rgba8 GL_ARM_mali_shader_binary GL_OES_depth24 GL_OES_depth_texture GL_OES_depth_texture_cube_map GL_OES_packed_depth_stencil GL_OES_rgb8_rgba8 GL_EXT_read_format_bgra GL_OES_compressed_paletted_texture GL_OES_compressed_ETC1_RGB8_texture GL_OES_standard_derivatives GL_OES_EGL_image GL_OES_EGL_image_external GL_OES_EGL_sync GL_OES_texture_npot GL_OES_vertex_half_float GL_OES_required_internalformat GL_OES_vertex_array_object GL_OES_mapbuffer GL_EXT_texture_format_BGRA8888 GL_EXT_texture_rg GL_EXT_texture_type_2_10_10_10_REV GL_OES_fbo_render_mipmap GL_OES_element_index_uint GL_EXT_shadow_samplers GL_OES_texture_compression_astc GL_KHR_texture_compression_astc_ldr GL_KHR_texture_compression_astc_hdr GL_KHR_debug GL_EXT_occlusion_query_boolean GL_EXT_blend_minmax GL_EXT_discard_framebuffer GL_OES_get_program_binary GL_OES_texture_3D GL_EXT_texture_storage GL_EXT_multisampled_render_to_texture GL_OES_surfaceless_context GL_ARM_mali_program_binary 
I/SurfaceFlinger( 5697): GL_MAX_TEXTURE_SIZE = 8192
I/SurfaceFlinger( 5697): GL_MAX_VIEWPORT_DIMS = 8192
E/libEGL  ( 5697): eglQuerySurface:607 error 300d (EGL_BAD_SURFACE)
E/libEGL  ( 5697): eglQuerySurface:607 error 300d (EGL_BAD_SURFACE)
E/libEGL  ( 5697): call to OpenGL ES API with no current context (logged once per thread)
D/SurfaceFlinger( 5697): Set power mode=2, type=0 flinger=0xb6a62000
I/hwcomposer( 5697): int exynos5_blank(hwc_composer_device_1*, int, int):: disp(0), blank(0)
I/hwcomposer( 5697): unblank ioctl failed (display already unblanked)
E/libEGL  ( 5697): eglSwapBuffers:1071 error 300d (EGL_BAD_SURFACE)
F/SurfaceFlinger( 5697): eglSwapBuffers(0x1, 0x0) failed with 0x0000300d
F/libc    ( 5697): Fatal signal 6 (SIGABRT), code -6 in tid 5697 (surfaceflinger)
I/DEBUG   ( 3589): property debug.db.uid not set; NOT waiting for gdb.
I/DEBUG   ( 3589): HINT: adb shell setprop debug.db.uid 100000
I/DEBUG   ( 3589): HINT: adb forward tcp:5039 tcp:5039
I/DEBUG   ( 3589): *** *** *** *** *** *** *** *** *** *** *** *** *** *** *** ***
I/DEBUG   ( 3589): Build fingerprint: 'samsung/cm_k3gxx/k3gxx:5.0.2/LRX22G/88e55c58ed:userdebug/test-keys'
I/DEBUG   ( 3589): Revision: '10'
I/DEBUG   ( 3589): ABI: 'arm'
I/DEBUG   ( 3589): pid: 5697, tid: 5697, name: surfaceflinger  >>> /system/bin/surfaceflinger <<<
I/DEBUG   ( 3589): signal 6 (SIGABRT), code -6 (SI_TKILL), fault addr --------
I/DEBUG   ( 3589): Abort message: 'eglSwapBuffers(0x1, 0x0) failed with 0x0000300d'
I/DEBUG   ( 3589):     r0 00000000  r1 00001641  r2 00000006  r3 00000000
I/DEBUG   ( 3589):     r4 b6f6a114  r5 00000006  r6 0000000b  r7 0000010c
I/DEBUG   ( 3589):     r8 00000000  r9 beb41bd0  sl b6a54210  fp beb41bd0
I/DEBUG   ( 3589):     ip 00001641  sp beb41650  lr b6ef47b9  pc b6f184e4  cpsr 600f0010
I/DEBUG   ( 3589): 
I/DEBUG   ( 3589): backtrace:
I/DEBUG   ( 3589):     #00 pc 000384e4  /system/lib/libc.so (tgkill+12)
I/DEBUG   ( 3589):     #01 pc 000147b5  /system/lib/libc.so (pthread_kill+52)
I/DEBUG   ( 3589):     #02 pc 0001550b  /system/lib/libc.so (raise+10)
I/DEBUG   ( 3589):     #03 pc 00011c35  /system/lib/libc.so (__libc_android_abort+36)
I/DEBUG   ( 3589):     #04 pc 0000fcb8  /system/lib/libc.so (abort+4)
I/DEBUG   ( 3589):     #05 pc 00007739  /system/lib/libcutils.so (__android_log_assert+88)
I/DEBUG   ( 3589):     #06 pc 0000f4df  /system/lib/libsurfaceflinger.so
I/DEBUG   ( 3589):     #07 pc 0001b9fd  /system/lib/libsurfaceflinger.so
I/DEBUG   ( 3589):     #08 pc 0001abe7  /system/lib/libsurfaceflinger.so
I/DEBUG   ( 3589):     #09 pc 00019fc3  /system/lib/libsurfaceflinger.so
I/DEBUG   ( 3589):     #10 pc 00019d49  /system/lib/libsurfaceflinger.so
I/DEBUG   ( 3589):     #11 pc 00010ed3  /system/lib/libutils.so (android::Looper::pollInner(int)+410)
I/DEBUG   ( 3589):     #12 pc 00010fc5  /system/lib/libutils.so (android::Looper::pollOnce(int, int*, int*, void**)+92)
I/DEBUG   ( 3589):     #13 pc 000174c5  /system/lib/libsurfaceflinger.so
I/DEBUG   ( 3589):     #14 pc 0001993d  /system/lib/libsurfaceflinger.so (android::SurfaceFlinger::run()+8)
I/DEBUG   ( 3589):     #15 pc 0000083d  /system/bin/surfaceflinger
I/DEBUG   ( 3589):     #16 pc 0000fb75  /system/lib/libc.so (__libc_init+44)
I/DEBUG   ( 3589):     #17 pc 000008d8  /system/bin/surfaceflinger
W/auditd  ( 3595): type=1325 audit(0.0:1885): table=raw family=2 entries=8
W/iptables( 5833): type=1300 audit(0.0:1885): arch=40000028 syscall=294 per=800000 success=yes exit=0 a0=4 a1=0 a2=40 a3=b6c30100 items=0 ppid=5695 auid=4294967295 uid=0 gid=0 euid=0 suid=0 fsuid=0 egid=0 sgid=0 fsgid=0 ses=4294967295 tty=(none) exe="/system/bin/iptables" subj=u:r:netd:s0 key=(null)
W/auditd  ( 3595): type=1320 audit(0.0:1885): 
W/auditd  ( 3595): type=1325 audit(0.0:1886): table=raw family=10 entries=8
W/ip6tables( 5834): type=1300 audit(0.0:1886): arch=40000028 syscall=294 per=800000 success=yes exit=0 a0=4 a1=29 a2=40 a3=b6c32400 items=0 ppid=5695 auid=4294967295 uid=0 gid=0 euid=0 suid=0 fsuid=0 egid=0 sgid=0 fsgid=0 ses=4294967295 tty=(none) exe="/system/bin/ip6tables" subj=u:r:netd:s0 key=(null)
W/auditd  ( 3595): type=1320 audit(0.0:1886): 
W/auditd  ( 3595): type=1325 audit(0.0:1887): table=raw family=2 entries=6
W/iptables( 5835): type=1300 audit(0.0:1887): arch=40000028 syscall=294 per=800000 success=yes exit=0 a0=4 a1=0 a2=40 a3=b6c20400 items=0 ppid=5695 auid=4294967295 uid=0 gid=0 euid=0 suid=0 fsuid=0 egid=0 sgid=0 fsgid=0 ses=4294967295 tty=(none) exe="/system/bin/iptables" subj=u:r:netd:s0 key=(null)
W/auditd  ( 3595): type=1320 audit(0.0:1887): 
W/auditd  ( 3595): type=1325 audit(0.0:1888): table=raw family=10 entries=6
W/ip6tables( 5836): type=1300 audit(0.0:1888): arch=40000028 syscall=294 per=800000 success=yes exit=0 a0=4 a1=29 a2=40 a3=b6c31800 items=0 ppid=5695 auid=4294967295 uid=0 gid=0 euid=0 suid=0 fsuid=0 egid=0 sgid=0 fsgid=0 ses=4294967295 tty=(none) exe="/system/bin/ip6tables" subj=u:r:netd:s0 key=(null)
W/auditd  ( 3595): type=1320 audit(0.0:1888): 
W/auditd  ( 3595): type=1325 audit(0.0:1889): table=raw family=2 entries=8
W/iptables( 5837): type=1300 audit(0.0:1889): arch=40000028 syscall=294 per=800000 success=yes exit=0 a0=4 a1=0 a2=40 a3=b6c1ba00 items=0 ppid=5695 auid=4294967295 uid=0 gid=0 euid=0 suid=0 fsuid=0 egid=0 sgid=0 fsgid=0 ses=4294967295 tty=(none) exe="/system/bin/iptables" subj=u:r:netd:s0 key=(null)
W/auditd  ( 3595): type=1320 audit(0.0:1889): 
W/auditd  ( 3595): type=1325 audit(0.0:1890): table=raw family=10 entries=8
W/ip6tables( 5838): type=1300 audit(0.0:1890): arch=40000028 syscall=294 per=800000 success=yes exit=0 a0=4 a1=29 a2=40 a3=b6c37800 items=0 ppid=5695 auid=4294967295 uid=0 gid=0 euid=0 suid=0 fsuid=0 egid=0 sgid=0 fsgid=0 ses=4294967295 tty=(none) exe="/system/bin/ip6tables" subj=u:r:netd:s0 key=(null)
W/auditd  ( 3595): type=1320 audit(0.0:1890): 
W/auditd  ( 3595): type=1325 audit(0.0:1891): table=raw family=2 entries=9
W/iptables( 5839): type=1300 audit(0.0:1891): arch=40000028 syscall=294 per=800000 success=yes exit=0 a0=4 a1=0 a2=40 a3=b6c1ba00 items=0 ppid=5695 auid=4294967295 uid=0 gid=0 euid=0 suid=0 fsuid=0 egid=0 sgid=0 fsgid=0 ses=4294967295 tty=(none) exe="/system/bin/iptables" subj=u:r:netd:s0 key=(null)
I/ServiceManager( 5698): Waiting for service batterystats...
V/NatController( 5695): runCmd(/system/bin/iptables -F natctrl_FORWARD) res=0
V/NatController( 5695): runCmd(/system/bin/iptables -A natctrl_FORWARD -j DROP) res=0
V/NatController( 5695): runCmd(/system/bin/iptables -t nat -F natctrl_nat_POSTROUTING) res=0
V/NatController( 5695): runCmd(/system/bin/iptables -F natctrl_tether_counters) res=0
V/NatController( 5695): runCmd(/system/bin/iptables -X natctrl_tether_counters) res=0
V/NatController( 5695): runCmd(/system/bin/iptables -N natctrl_tether_counters) res=0
V/NatController( 5695): runCmd(/system/bin/iptables -t mangle -A natctrl_mangle_FORWARD -p tcp --tcp-flags SYN SYN -j TCPMSS --clamp-mss-to-pmtu) res=0
I/DEBUG   ( 3589): 
I/DEBUG   ( 3589): Tombstone written to: /data/tombstones/tombstone_00
I/ServiceManager( 3576): service 'SurfaceFlinger' died
I/ServiceManager( 3576): service 'Exynos.HWCService' died
I/ServiceManager( 3576): service 'media.wifi_display' died
I/ServiceManager( 3576): service 'media.audio_flinger' died
W/init    ( 5918): type=1400 audit(0.0:1962): avc: denied { entrypoint } for path="/system/bin/auditd" dev="mmcblk0p18" ino=173 scontext=u:r:logd:s0 tcontext=u:object_r:system_file:s0 tclass=file
W/init    ( 5918): type=1300 audit(0.0:1962): arch=40000028 syscall=11 per=800000 success=no exit=-13 a0=b6d80954 a1=b6d68530 a2=57e64 a3=ff0000 items=1 ppid=1 auid=4294967295 uid=0 gid=0 euid=0 suid=0 fsuid=0 egid=0 sgid=0 fsgid=0 ses=4294967295 tty=(none) exe="/init" subj=u:r:init:s0 key=(null)
W/auditd  ( 3595): type=1307 audit(0.0:1962): cwd="/"
W/auditd  ( 3595): type=1302 audit(0.0:1962): item=0 name="/system/bin/auditd" inode=173 dev=103:0a mode=0100755 ouid=0 ogid=2000 rdev=00:00 obj=u:object_r:system_file:s0
W/auditd  ( 3595): type=1320 audit(0.0:1962): 
I/Netd    ( 5919): Netd 1.0 starting
E/Netd    ( 5919): Failed to open /proc/sys/net/ipv6/conf/default/accept_ra_rt_table: No such file or directory
E/Netd    ( 5919): Failed to open /proc/sys/net/ipv6/conf/ip6tnl0/accept_ra_rt_table: No such file or directory
E/Netd    ( 5919): Failed to open /proc/sys/net/ipv6/conf/lo/accept_ra_rt_table: No such file or directory
E/Netd    ( 5919): Failed to open /proc/sys/net/ipv6/conf/rmnet0/accept_ra_rt_table: No such file or directory
E/Netd    ( 5919): Failed to open /proc/sys/net/ipv6/conf/rmnet1/accept_ra_rt_table: No such file or directory
E/Netd    ( 5919): Failed to open /proc/sys/net/ipv6/conf/rmnet2/accept_ra_rt_table: No such file or directory
E/Netd    ( 5919): Failed to open /proc/sys/net/ipv6/conf/rmnet3/accept_ra_rt_table: No such file or directory
E/Netd    ( 5919): Failed to open /proc/sys/net/ipv6/conf/sit0/accept_ra_rt_table: No such file or directory
W/auditd  ( 3595): type=1325 audit(0.0:1963): table=filter family=2 entries=38
W/iptables( 5925): type=1300 audit(0.0:1963): arch=40000028 syscall=294 per=800000 success=yes exit=0 a0=4 a1=0 a2=40 a3=b6c25000 items=0 ppid=5919 auid=4294967295 uid=0 gid=0 euid=0 suid=0 fsuid=0 egid=0 sgid=0 fsgid=0 ses=4294967295 tty=(none) exe="/system/bin/iptables" subj=u:r:netd:s0 key=(null)
W/auditd  ( 3595): type=1320 audit(0.0:1963): 
W/auditd  ( 3595): type=1325 audit(0.0:1964): table=filter family=10 entries=35
W/ip6tables( 5926): type=1300 audit(0.0:1964): arch=40000028 syscall=294 per=800000 success=yes exit=0 a0=4 a1=29 a2=40 a3=b6c28000 items=0 ppid=5919 auid=4294967295 uid=0 gid=0 euid=0 suid=0 fsuid=0 egid=0 sgid=0 fsgid=0 ses=4294967295 tty=(none) exe="/system/bin/ip6tables" subj=u:r:netd:s0 key=(null)
W/auditd  ( 3595): type=1320 audit(0.0:1964): 
W/auditd  ( 3595): type=1325 audit(0.0:1965): table=filter family=2 entries=37
W/iptables( 5927): type=1300 audit(0.0:1965): arch=40000028 syscall=294 per=800000 success=yes exit=0 a0=4 a1=0 a2=40 a3=b6c22000 items=0 ppid=5919 auid=4294967295 uid=0 gid=0 euid=0 suid=0 fsuid=0 egid=0 sgid=0 fsgid=0 ses=4294967295 tty=(none) exe="/system/bin/iptables" subj=u:r:netd:s0 key=(null)
W/auditd  ( 3595): type=1320 audit(0.0:1965): 
I/SurfaceFlinger( 5921): SurfaceFlinger is starting
I/SurfaceFlinger( 5921): SurfaceFlinger's main thread ready to run. Initializing graphics H/W...
W/auditd  ( 3595): type=1325 audit(0.0:1966): table=filter family=10 entries=34
W/ip6tables( 5930): type=1300 audit(0.0:1966): arch=40000028 syscall=294 per=800000 success=yes exit=0 a0=4 a1=29 a2=40 a3=b6c23000 items=0 ppid=5919 auid=4294967295 uid=0 gid=0 euid=0 suid=0 fsuid=0 egid=0 sgid=0 fsgid=0 ses=4294967295 tty=(none) exe="/system/bin/ip6tables" subj=u:r:netd:s0 key=(null)
W/auditd  ( 3595): type=1320 audit(0.0:1966): 
W/auditd  ( 3595): type=1325 audit(0.0:1967): table=filter family=2 entries=37
W/iptables( 5933): type=1300 audit(0.0:1967): arch=40000028 syscall=294 per=800000 success=yes exit=0 a0=4 a1=0 a2=40 a3=b6c22000 items=0 ppid=5919 auid=4294967295 uid=0 gid=0 euid=0 suid=0 fsuid=0 egid=0 sgid=0 fsgid=0 ses=4294967295 tty=(none) exe="/system/bin/iptables" subj=u:r:netd:s0 key=(null)
W/auditd  ( 3595): type=1320 audit(0.0:1967): 
D/libEGL  ( 5921): loaded /vendor/lib/egl/libGLES_mali.so
I/        ( 5921): PLATFORM VERSION : JB-MR-2
D/AndroidRuntime( 5924): 
D/AndroidRuntime( 5924): >>>>>> AndroidRuntime START com.android.internal.os.ZygoteInit <<<<<<
D/AndroidRuntime( 5924): CheckJNI is OFF
I/art     ( 5924): option[0]=-Xzygote
I/art     ( 5924): option[1]=-Xstacktracefile:/data/anr/traces.txt
I/art     ( 5924): option[2]=exit
I/art     ( 5924): option[3]=vfprintf
I/art     ( 5924): option[4]=sensitiveThread
I/art     ( 5924): option[5]=-verbose:gc
I/art     ( 5924): option[6]=-Xms8m
I/art     ( 5924): option[7]=-Xmx512m
I/art     ( 5924): option[8]=-XX:mainThreadStackSize=24K
I/art     ( 5924): option[9]=-XX:HeapGrowthLimit=128m
I/art     ( 5924): option[10]=-XX:HeapMinFree=2m
I/art     ( 5924): option[11]=-XX:HeapMaxFree=8m
I/art     ( 5924): option[12]=-XX:HeapTargetUtilization=0.75
I/art     ( 5924): option[13]=-agentlib:jdwp=transport=dt_android_adb,suspend=n,server=y
I/art     ( 5924): option[14]=-Xlockprofthreshold:500
I/art     ( 5924): option[15]=-Ximage-compiler-option
I/art     ( 5924): option[16]=--runtime-arg
I/art     ( 5924): option[17]=-Ximage-compiler-option
I/art     ( 5924): option[18]=-Xms64m
I/art     ( 5924): option[19]=-Ximage-compiler-option
I/art     ( 5924): option[20]=--runtime-arg
I/art     ( 5924): option[21]=-Ximage-compiler-option
I/art     ( 5924): option[22]=-Xmx64m
I/art     ( 5924): option[23]=-Ximage-compiler-option
I/art     ( 5924): option[24]=--image-classes-zip=/system/framework/framework.jar
I/art     ( 5924): option[25]=-Ximage-compiler-option
I/art     ( 5924): option[26]=--image-classes=preloaded-classes
I/art     ( 5924): option[27]=-Xcompiler-option
I/art     ( 5924): option[28]=--runtime-arg
I/art     ( 5924): option[29]=-Xcompiler-option
I/art     ( 5924): option[30]=-Xms64m
I/art     ( 5924): option[31]=-Xcompiler-option
I/art     ( 5924): option[32]=--runtime-arg
I/art     ( 5924): option[33]=-Xcompiler-option
I/art     ( 5924): option[34]=-Xmx512m
I/art     ( 5924): option[35]=-Duser.language=es
I/art     ( 5924): option[36]=-Duser.region=US
I/art     ( 5924): Pruning dalvik-cache since we are generating an image and will need to recompile
W/art     ( 5924): Unexpected file type of 
W/art     ( 5924):  encountered.
I/art     ( 5924): Using an offset of 0xff6b2000 from default art base address of 0x70000000
I/art     ( 5924): GenerateImage: /system/bin/dex2oat --image=/data/dalvik-cache/arm/system@framework@boot.art --dex-file=/system/framework/core-libart.jar --dex-file=/system/framework/conscrypt.jar --dex-file=/system/framework/okhttp.jar --dex-file=/system/framework/core-junit.jar --dex-file=/system/framework/bouncycastle.jar --dex-file=/system/framework/ext.jar --dex-file=/system/framework/framework.jar --dex-file=/system/framework/telephony-common.jar --dex-file=/system/framework/voip-common.jar --dex-file=/system/framework/ims-common.jar --dex-file=/system/framework/mms-common.jar --dex-file=/system/framework/android.policy.jar --dex-file=/system/framework/apache-xml.jar --oat-file=/data/dalvik-cache/arm/system@framework@boot.oat --instruction-set=arm --instruction-set-features=div --base=0x6f6b2000 --runtime-arg -Xms64m --runtime-arg -Xmx64m --image-classes-zip=/system/framework/framework.jar --image-classes=preloaded-classes
I/mediaserver( 5922): ServiceManager: 0xb60500c0
I/AudioFlinger( 5922): Using default 3000 mSec as standby time.
I/ServiceManager( 5922): Waiting for service batterystats...
W/art     ( 5924): Unexpected file type of 
W/art     ( 5924):  encountered.
W/art     ( 5924): Could not create image space with image file '/system/framework/boot.art'. Attempting to fall back to imageless running. Error was: Failed to generate image '/data/dalvik-cache/arm/system@framework@boot.art': Failed execv(/system/bin/dex2oat --image=/data/dalvik-cache/arm/system@framework@boot.art --dex-file=/system/framework/core-libart.jar --dex-file=/system/framework/conscrypt.jar --dex-file=/system/framework/okhttp.jar --dex-file=/system/framework/core-junit.jar --dex-file=/system/framework/bouncycastle.jar --dex-file=/system/framework/ext.jar --dex-file=/system/framework/framework.jar --dex-file=/system/framework/telephony-common.jar --dex-file=/system/framework/voip-common.jar --dex-file=/system/framework/ims-common.jar --dex-file=/system/framework/mms-common.jar --dex-file=/system/framework/android.policy.jar --dex-file=/system/framework/apache-xml.jar --oat-file=/data/dalvik-cache/arm/system@framework@boot.oat --instruction-set=arm --instruction-set-features=div --base=0x6f6b2000 --runtime-arg -Xms64
I/gralloc ( 5921): using (fd=12)
I/gralloc ( 5921): id           = 
I/gralloc ( 5921): xres         = 1080 px
I/gralloc ( 5921): yres         = 1920 px
I/gralloc ( 5921): xres_virtual = 1080 px
I/gralloc ( 5921): yres_virtual = 3840 px
I/gralloc ( 5921): bpp          = 32
I/gralloc ( 5921): r            = 16:8
I/gralloc ( 5921): g            =  8:8
I/gralloc ( 5921): b            =  0:8
I/gralloc ( 5921): width        = 65 mm (422.030762 dpi)
I/gralloc ( 5921): height       = 115 mm (424.069580 dpi)
I/gralloc ( 5921): refresh rate = 60.00 Hz
D/hwcomposer( 5921): using
D/hwcomposer( 5921): xres         = 1080 px
D/hwcomposer( 5921): yres         = 1920 px
D/hwcomposer( 5921): width        = 65 mm (422.030000 dpi)
D/hwcomposer( 5921): height       = 115 mm (424.069000 dpi)
D/hwcomposer( 5921): refresh rate = 60 Hz
E/libexynosv4l2-subdev( 5921): no subdev device found
E/hdmi    ( 5921): failed to open hdmi mixer0 subdev
E/hwcomposer( 5921): openHdmi fail
I/hwcomposer( 5921): PSR info devname = /sys/devices/14400000.fimd_fb/psr_info
I/hwcomposer( 5921): PSR mode is 2(0: video mode, 1: DP PSR mode, 2: MIPI-DSI command mode)
I/SurfaceFlinger( 5921): Using composer version 1.3
I/SurfaceFlinger( 5921): EGL information:
I/SurfaceFlinger( 5921): vendor    : Android
I/SurfaceFlinger( 5921): version   : 1.4 Android META-EGL
I/SurfaceFlinger( 5921): extensions: EGL_KHR_get_all_proc_addresses EGL_ANDROID_presentation_time EGL_KHR_image EGL_KHR_image_base EGL_KHR_gl_texture_2D_image EGL_KHR_gl_texture_cubemap_image EGL_KHR_gl_renderbuffer_image EGL_KHR_fence_sync EGL_KHR_create_context EGL_ANDROID_image_native_buffer EGL_KHR_wait_sync EGL_ANDROID_recordable 
I/SurfaceFlinger( 5921): Client API: OpenGL_ES
I/SurfaceFlinger( 5921): EGLSurface: 8-8-8-8, config=0xb6acf2ac
I/SurfaceFlinger( 5921): OpenGL ES informations:
I/SurfaceFlinger( 5921): vendor    : ARM
I/SurfaceFlinger( 5921): renderer  : Mali-T628
I/SurfaceFlinger( 5921): version   : OpenGL ES 3.0
I/SurfaceFlinger( 5921): extensions: GL_EXT_debug_marker GL_ARM_rgba8 GL_ARM_mali_shader_binary GL_OES_depth24 GL_OES_depth_texture GL_OES_depth_texture_cube_map GL_OES_packed_depth_stencil GL_OES_rgb8_rgba8 GL_EXT_read_format_bgra GL_OES_compressed_paletted_texture GL_OES_compressed_ETC1_RGB8_texture GL_OES_standard_derivatives GL_OES_EGL_image GL_OES_EGL_image_external GL_OES_EGL_sync GL_OES_texture_npot GL_OES_vertex_half_float GL_OES_required_internalformat GL_OES_vertex_array_object GL_OES_mapbuffer GL_EXT_texture_format_BGRA8888 GL_EXT_texture_rg GL_EXT_texture_type_2_10_10_10_REV GL_OES_fbo_render_mipmap GL_OES_element_index_uint GL_EXT_shadow_samplers GL_OES_texture_compression_astc GL_KHR_texture_compression_astc_ldr GL_KHR_texture_compression_astc_hdr GL_KHR_debug GL_EXT_occlusion_query_boolean GL_EXT_blend_minmax GL_EXT_discard_framebuffer GL_OES_get_program_binary GL_OES_texture_3D GL_EXT_texture_storage GL_EXT_multisampled_render_to_texture GL_OES_surfaceless_context GL_ARM_mali_program_binary 
I/SurfaceFlinger( 5921): GL_MAX_TEXTURE_SIZE = 8192
I/SurfaceFlinger( 5921): GL_MAX_VIEWPORT_DIMS = 8192
E/libEGL  ( 5921): eglQuerySurface:607 error 300d (EGL_BAD_SURFACE)
E/libEGL  ( 5921): eglQuerySurface:607 error 300d (EGL_BAD_SURFACE)
E/libEGL  ( 5921): call to OpenGL ES API with no current context (logged once per thread)
D/SurfaceFlinger( 5921): Set power mode=2, type=0 flinger=0xb6a62000
I/hwcomposer( 5921): int exynos5_blank(hwc_composer_device_1*, int, int):: disp(0), blank(0)
I/hwcomposer( 5921): unblank ioctl failed (display already unblanked)
E/libEGL  ( 5921): eglSwapBuffers:1071 error 300d (EGL_BAD_SURFACE)
F/SurfaceFlinger( 5921): eglSwapBuffers(0x1, 0x0) failed with 0x0000300d
F/libc    ( 5921): Fatal signal 6 (SIGABRT), code -6 in tid 5921 (surfaceflinger)
I/DEBUG   ( 3589): property debug.db.uid not set; NOT waiting for gdb.
I/DEBUG   ( 3589): HINT: adb shell setprop debug.db.uid 100000
I/DEBUG   ( 3589): HINT: adb forward tcp:5039 tcp:5039
I/DEBUG   ( 3589): *** *** *** *** *** *** *** *** *** *** *** *** *** *** *** ***
I/DEBUG   ( 3589): Build fingerprint: 'samsung/cm_k3gxx/k3gxx:5.0.2/LRX22G/88e55c58ed:userdebug/test-keys'
I/DEBUG   ( 3589): Revision: '10'
I/DEBUG   ( 3589): ABI: 'arm'
I/DEBUG   ( 3589): pid: 5921, tid: 5921, name: surfaceflinger  >>> /system/bin/surfaceflinger <<<
I/DEBUG   ( 3589): signal 6 (SIGABRT), code -6 (SI_TKILL), fault addr --------
I/DEBUG   ( 3589): Abort message: 'eglSwapBuffers(0x1, 0x0) failed with 0x0000300d'
I/DEBUG   ( 3589):     r0 00000000  r1 00001721  r2 00000006  r3 00000000
I/DEBUG   ( 3589):     r4 b6f4e114  r5 00000006  r6 0000000b  r7 0000010c
I/DEBUG   ( 3589):     r8 00000000  r9 bec97bd0  sl b6a54210  fp bec97bd0
I/DEBUG   ( 3589):     ip 00001721  sp bec97650  lr b6ed87b9  pc b6efc4e4  cpsr 600f0010
I/DEBUG   ( 3589): 
I/DEBUG   ( 3589): backtrace:
I/DEBUG   ( 3589):     #00 pc 000384e4  /system/lib/libc.so (tgkill+12)
I/DEBUG   ( 3589):     #01 pc 000147b5  /system/lib/libc.so (pthread_kill+52)
I/DEBUG   ( 3589):     #02 pc 0001550b  /system/lib/libc.so (raise+10)
I/DEBUG   ( 3589):     #03 pc 00011c35  /system/lib/libc.so (__libc_android_abort+36)
I/DEBUG   ( 3589):     #04 pc 0000fcb8  /system/lib/libc.so (abort+4)
I/DEBUG   ( 3589):     #05 pc 00007739  /system/lib/libcutils.so (__android_log_assert+88)
I/DEBUG   ( 3589):     #06 pc 0000f4df  /system/lib/libsurfaceflinger.so
I/DEBUG   ( 3589):     #07 pc 0001b9fd  /system/lib/libsurfaceflinger.so
I/DEBUG   ( 3589):     #08 pc 0001abe7  /system/lib/libsurfaceflinger.so
I/DEBUG   ( 3589):     #09 pc 00019fc3  /system/lib/libsurfaceflinger.so
I/DEBUG   ( 3589):     #10 pc 00019d49  /system/lib/libsurfaceflinger.so
I/DEBUG   ( 3589):     #11 pc 00010ed3  /system/lib/libutils.so (android::Looper::pollInner(int)+410)
I/DEBUG   ( 3589):     #12 pc 00010fc5  /system/lib/libutils.so (android::Looper::pollOnce(int, int*, int*, void**)+92)
I/DEBUG   ( 3589):     #13 pc 000174c5  /system/lib/libsurfaceflinger.so
I/DEBUG   ( 3589):     #14 pc 0001993d  /system/lib/libsurfaceflinger.so (android::SurfaceFlinger::run()+8)
I/DEBUG   ( 3589):     #15 pc 0000083d  /system/bin/surfaceflinger
I/DEBUG   ( 3589):     #16 pc 0000fb75  /system/lib/libc.so (__libc_init+44)
I/DEBUG   ( 3589):     #17 pc 000008d8  /system/bin/surfaceflinger
W/auditd  ( 3595): type=1325 audit(0.0:2082): table=filter family=10 entries=34
W/ip6tables( 6052): type=1300 audit(0.0:2082): arch=40000028 syscall=294 per=800000 success=yes exit=0 a0=4 a1=29 a2=40 a3=b6c28000 items=0 ppid=5919 auid=4294967295 uid=0 gid=0 euid=0 suid=0 fsuid=0 egid=0 sgid=0 fsgid=0 ses=4294967295 tty=(none) exe="/system/bin/ip6tables" subj=u:r:netd:s0 key=(null)
W/auditd  ( 3595): type=1320 audit(0.0:2082): 
W/auditd  ( 3595): type=1325 audit(0.0:2083): table=raw family=2 entries=9
W/iptables( 6053): type=1300 audit(0.0:2083): arch=40000028 syscall=294 per=800000 success=yes exit=0 a0=4 a1=0 a2=40 a3=b6c1ba00 items=0 ppid=5919 auid=4294967295 uid=0 gid=0 euid=0 suid=0 fsuid=0 egid=0 sgid=0 fsgid=0 ses=4294967295 tty=(none) exe="/system/bin/iptables" subj=u:r:netd:s0 key=(null)
W/auditd  ( 3595): type=1320 audit(0.0:2083): 
W/auditd  ( 3595): type=1325 audit(0.0:2084): table=raw family=10 entries=9
W/ip6tables( 6054): type=1300 audit(0.0:2084): arch=40000028 syscall=294 per=800000 success=yes exit=0 a0=4 a1=29 a2=40 a3=b6c1d000 items=0 ppid=5919 auid=4294967295 uid=0 gid=0 euid=0 suid=0 fsuid=0 egid=0 sgid=0 fsgid=0 ses=4294967295 tty=(none) exe="/system/bin/ip6tables" subj=u:r:netd:s0 key=(null)
W/auditd  ( 3595): type=1320 audit(0.0:2084): 
W/auditd  ( 3595): type=1325 audit(0.0:2085): table=raw family=2 entries=8
W/iptables( 6055): type=1300 audit(0.0:2085): arch=40000028 syscall=294 per=800000 success=yes exit=0 a0=4 a1=0 a2=40 a3=b6c1ba00 items=0 ppid=5919 auid=4294967295 uid=0 gid=0 euid=0 suid=0 fsuid=0 egid=0 sgid=0 fsgid=0 ses=4294967295 tty=(none) exe="/system/bin/iptables" subj=u:r:netd:s0 key=(null)
W/auditd  ( 3595): type=1320 audit(0.0:2085): 
W/auditd  ( 3595): type=1325 audit(0.0:2086): table=raw family=10 entries=8
W/ip6tables( 6056): type=1300 audit(0.0:2086): arch=40000028 syscall=294 per=800000 success=yes exit=0 a0=4 a1=29 a2=40 a3=b6c32800 items=0 ppid=5919 auid=4294967295 uid=0 gid=0 euid=0 suid=0 fsuid=0 egid=0 sgid=0 fsgid=0 ses=4294967295 tty=(none) exe="/system/bin/ip6tables" subj=u:r:netd:s0 key=(null)
W/auditd  ( 3595): type=1320 audit(0.0:2086): 
W/auditd  ( 3595): type=1325 audit(0.0:2087): table=raw family=2 entries=8
W/iptables( 6057): type=1300 audit(0.0:2087): arch=40000028 syscall=294 per=800000 success=yes exit=0 a0=4 a1=0 a2=40 a3=b6c30100 items=0 ppid=5919 auid=4294967295 uid=0 gid=0 euid=0 suid=0 fsuid=0 egid=0 sgid=0 fsgid=0 ses=4294967295 tty=(none) exe="/system/bin/iptables" subj=u:r:netd:s0 key=(null)
W/auditd  ( 3595): type=1320 audit(0.0:2087): 
W/auditd  ( 3595): type=1325 audit(0.0:2088): table=raw family=10 entries=8
W/ip6tables( 6058): type=1300 audit(0.0:2088): arch=40000028 syscall=294 per=800000 success=yes exit=0 a0=4 a1=29 a2=40 a3=b6c32400 items=0 ppid=5919 auid=4294967295 uid=0 gid=0 euid=0 suid=0 fsuid=0 egid=0 sgid=0 fsgid=0 ses=4294967295 tty=(none) exe="/system/bin/ip6tables" subj=u:r:netd:s0 key=(null)
I/ServiceManager( 5922): Waiting for service batterystats...
I/DEBUG   ( 3589): 
I/DEBUG   ( 3589): Tombstone written to: /data/tombstones/tombstone_01
V/NatController( 5919): runCmd(/system/bin/iptables -F natctrl_FORWARD) res=0
V/NatController( 5919): runCmd(/system/bin/iptables -A natctrl_FORWARD -j DROP) res=0
V/NatController( 5919): runCmd(/system/bin/iptables -t nat -F natctrl_nat_POSTROUTING) res=0
V/NatController( 5919): runCmd(/system/bin/iptables -F natctrl_tether_counters) res=0
V/NatController( 5919): runCmd(/system/bin/iptables -X natctrl_tether_counters) res=0
I/ServiceManager( 3576): service 'SurfaceFlinger' died
I/ServiceManager( 3576): service 'Exynos.HWCService' died
I/ServiceManager( 3576): service 'media.wifi_display' died
V/NatController( 5919): runCmd(/system/bin/iptables -N natctrl_tether_counters) res=0
V/NatController( 5919): runCmd(/system/bin/iptables -t mangle -A natctrl_mangle_FORWARD -p tcp --tcp-flags SYN SYN -j TCPMSS --clamp-mss-to-pmtu) res=0
I/ServiceManager( 3576): service 'media.audio_flinger' died
W/init    ( 6126): type=1400 audit(0.0:2150): avc: denied { entrypoint } for path="/system/bin/auditd" dev="mmcblk0p18" ino=173 scontext=u:r:logd:s0 tcontext=u:object_r:system_file:s0 tclass=file
W/init    ( 6126): type=1300 audit(0.0:2150): arch=40000028 syscall=11 per=800000 success=no exit=-13 a0=b6d80954 a1=b6d68530 a2=57e64 a3=ff0000 items=1 ppid=1 auid=4294967295 uid=0 gid=0 euid=0 suid=0 fsuid=0 egid=0 sgid=0 fsgid=0 ses=4294967295 tty=(none) exe="/init" subj=u:r:init:s0 key=(null)
W/auditd  ( 3595): type=1307 audit(0.0:2150): cwd="/"
W/auditd  ( 3595): type=1302 audit(0.0:2150): item=0 name="/system/bin/auditd" inode=173 dev=103:0a mode=0100755 ouid=0 ogid=2000 rdev=00:00 obj=u:object_r:system_file:s0
W/auditd  ( 3595): type=1320 audit(0.0:2150): 
I/Netd    ( 6127): Netd 1.0 starting
E/Netd    ( 6127): Failed to open /proc/sys/net/ipv6/conf/default/accept_ra_rt_table: No such file or directory
E/Netd    ( 6127): Failed to open /proc/sys/net/ipv6/conf/ip6tnl0/accept_ra_rt_table: No such file or directory
E/Netd    ( 6127): Failed to open /proc/sys/net/ipv6/conf/lo/accept_ra_rt_table: No such file or directory
E/Netd    ( 6127): Failed to open /proc/sys/net/ipv6/conf/rmnet0/accept_ra_rt_table: No such file or directory
E/Netd    ( 6127): Failed to open /proc/sys/net/ipv6/conf/rmnet1/accept_ra_rt_table: No such file or directory
E/Netd    ( 6127): Failed to open /proc/sys/net/ipv6/conf/rmnet2/accept_ra_rt_table: No such file or directory
E/Netd    ( 6127): Failed to open /proc/sys/net/ipv6/conf/rmnet3/accept_ra_rt_table: No such file or directory
E/Netd    ( 6127): Failed to open /proc/sys/net/ipv6/conf/sit0/accept_ra_rt_table: No such file or directory
W/auditd  ( 3595): type=1325 audit(0.0:2151): table=filter family=2 entries=38
W/iptables( 6133): type=1300 audit(0.0:2151): arch=40000028 syscall=294 per=800000 success=yes exit=0 a0=4 a1=0 a2=40 a3=b6c25000 items=0 ppid=6127 auid=4294967295 uid=0 gid=0 euid=0 suid=0 fsuid=0 egid=0 sgid=0 fsgid=0 ses=4294967295 tty=(none) exe="/system/bin/iptables" subj=u:r:netd:s0 key=(null)
W/auditd  ( 3595): type=1320 audit(0.0:2151): 
I/SurfaceFlinger( 6129): SurfaceFlinger is starting
I/SurfaceFlinger( 6129): SurfaceFlinger's main thread ready to run. Initializing graphics H/W...
W/auditd  ( 3595): type=1325 audit(0.0:2152): table=filter family=10 entries=35
W/ip6tables( 6134): type=1300 audit(0.0:2152): arch=40000028 syscall=294 per=800000 success=yes exit=0 a0=4 a1=29 a2=40 a3=b6c28000 items=0 ppid=6127 auid=4294967295 uid=0 gid=0 euid=0 suid=0 fsuid=0 egid=0 sgid=0 fsgid=0 ses=4294967295 tty=(none) exe="/system/bin/ip6tables" subj=u:r:netd:s0 key=(null)
W/auditd  ( 3595): type=1320 audit(0.0:2152): 
W/auditd  ( 3595): type=1325 audit(0.0:2153): table=filter family=2 entries=37
W/iptables( 6138): type=1300 audit(0.0:2153): arch=40000028 syscall=294 per=800000 success=yes exit=0 a0=4 a1=0 a2=40 a3=b6c22000 items=0 ppid=6127 auid=4294967295 uid=0 gid=0 euid=0 suid=0 fsuid=0 egid=0 sgid=0 fsgid=0 ses=4294967295 tty=(none) exe="/system/bin/iptables" subj=u:r:netd:s0 key=(null)
W/auditd  ( 3595): type=1320 audit(0.0:2153): 
W/auditd  ( 3595): type=1325 audit(0.0:2154): table=filter family=10 entries=34
W/ip6tables( 6139): type=1300 audit(0.0:2154): arch=40000028 syscall=294 per=800000 success=yes exit=0 a0=4 a1=29 a2=40 a3=b6c23000 items=0 ppid=6127 auid=4294967295 uid=0 gid=0 euid=0 suid=0 fsuid=0 egid=0 sgid=0 fsgid=0 ses=4294967295 tty=(none) exe="/system/bin/ip6tables" subj=u:r:netd:s0 key=(null)
W/auditd  ( 3595): type=1320 audit(0.0:2154): 
D/libEGL  ( 6129): loaded /vendor/lib/egl/libGLES_mali.so
W/auditd  ( 3595): type=1325 audit(0.0:2155): table=filter family=2 entries=37
W/iptables( 6141): type=1300 audit(0.0:2155): arch=40000028 syscall=294 per=800000 success=yes exit=0 a0=4 a1=0 a2=40 a3=b6c22000 items=0 ppid=6127 auid=4294967295 uid=0 gid=0 euid=0 suid=0 fsuid=0 egid=0 sgid=0 fsgid=0 ses=4294967295 tty=(none) exe="/system/bin/iptables" subj=u:r:netd:s0 key=(null)
W/auditd  ( 3595): type=1320 audit(0.0:2155): 
I/        ( 6129): PLATFORM VERSION : JB-MR-2
I/gralloc ( 6129): using (fd=12)
I/gralloc ( 6129): id           = 
I/gralloc ( 6129): xres         = 1080 px
I/gralloc ( 6129): yres         = 1920 px
I/gralloc ( 6129): xres_virtual = 1080 px
I/gralloc ( 6129): yres_virtual = 3840 px
I/gralloc ( 6129): bpp          = 32
I/gralloc ( 6129): r            = 16:8
I/gralloc ( 6129): g            =  8:8
I/gralloc ( 6129): b            =  0:8
I/gralloc ( 6129): width        = 65 mm (422.030762 dpi)
I/gralloc ( 6129): height       = 115 mm (424.069580 dpi)
I/gralloc ( 6129): refresh rate = 60.00 Hz
D/AndroidRuntime( 6132): 
D/AndroidRuntime( 6132): >>>>>> AndroidRuntime START com.android.internal.os.ZygoteInit <<<<<<
I/mediaserver( 6130): ServiceManager: 0xb60500c0
I/AudioFlinger( 6130): Using default 3000 mSec as standby time.
D/AndroidRuntime( 6132): CheckJNI is OFF
I/ServiceManager( 6130): Waiting for service batterystats...
I/art     ( 6132): option[0]=-Xzygote
I/art     ( 6132): option[1]=-Xstacktracefile:/data/anr/traces.txt
I/art     ( 6132): option[2]=exit
I/art     ( 6132): option[3]=vfprintf
I/art     ( 6132): option[4]=sensitiveThread
I/art     ( 6132): option[5]=-verbose:gc
I/art     ( 6132): option[6]=-Xms8m
I/art     ( 6132): option[7]=-Xmx512m
I/art     ( 6132): option[8]=-XX:mainThreadStackSize=24K
I/art     ( 6132): option[9]=-XX:HeapGrowthLimit=128m
I/art     ( 6132): option[10]=-XX:HeapMinFree=2m
I/art     ( 6132): option[11]=-XX:HeapMaxFree=8m
I/art     ( 6132): option[12]=-XX:HeapTargetUtilization=0.75
I/art     ( 6132): option[13]=-agentlib:jdwp=transport=dt_android_adb,suspend=n,server=y
I/art     ( 6132): option[14]=-Xlockprofthreshold:500
I/art     ( 6132): option[15]=-Ximage-compiler-option
I/art     ( 6132): option[16]=--runtime-arg
I/art     ( 6132): option[17]=-Ximage-compiler-option
I/art     ( 6132): option[18]=-Xms64m
I/art     ( 6132): option[19]=-Ximage-compiler-option
I/art     ( 6132): option[20]=--runtime-arg
I/art     ( 6132): option[21]=-Ximage-compiler-option
I/art     ( 6132): option[22]=-Xmx64m
I/art     ( 6132): option[23]=-Ximage-compiler-option
I/art     ( 6132): option[24]=--image-classes-zip=/system/framework/framework.jar
I/art     ( 6132): option[25]=-Ximage-compiler-option
I/art     ( 6132): option[26]=--image-classes=preloaded-classes
I/art     ( 6132): option[27]=-Xcompiler-option
I/art     ( 6132): option[28]=--runtime-arg
I/art     ( 6132): option[29]=-Xcompiler-option
I/art     ( 6132): option[30]=-Xms64m
I/art     ( 6132): option[31]=-Xcompiler-option
I/art     ( 6132): option[32]=--runtime-arg
I/art     ( 6132): option[33]=-Xcompiler-option
I/art     ( 6132): option[34]=-Xmx512m
I/art     ( 6132): option[35]=-Duser.language=es
I/art     ( 6132): option[36]=-Duser.region=US
I/art     ( 6132): Pruning dalvik-cache since we are generating an image and will need to recompile
W/art     ( 6132): Unexpected file type of 
W/art     ( 6132):  encountered.
I/art     ( 6132): Using an offset of 0xff301000 from default art base address of 0x70000000
I/art     ( 6132): GenerateImage: /system/bin/dex2oat --image=/data/dalvik-cache/arm/system@framework@boot.art --dex-file=/system/framework/core-libart.jar --dex-file=/system/framework/conscrypt.jar --dex-file=/system/framework/okhttp.jar --dex-file=/system/framework/core-junit.jar --dex-file=/system/framework/bouncycastle.jar --dex-file=/system/framework/ext.jar --dex-file=/system/framework/framework.jar --dex-file=/system/framework/telephony-common.jar --dex-file=/system/framework/voip-common.jar --dex-file=/system/framework/ims-common.jar --dex-file=/system/framework/mms-common.jar --dex-file=/system/framework/android.policy.jar --dex-file=/system/framework/apache-xml.jar --oat-file=/data/dalvik-cache/arm/system@framework@boot.oat --instruction-set=arm --instruction-set-features=div --base=0x6f301000 --runtime-arg -Xms64m --runtime-arg -Xmx64m --image-classes-zip=/system/framework/framework.jar --image-classes=preloaded-classes
W/art     ( 6132): Unexpected file type of 
W/art     ( 6132):  encountered.
W/art     ( 6132): Could not create image space with image file '/system/framework/boot.art'. Attempting to fall back to imageless running. Error was: Failed to generate image '/data/dalvik-cache/arm/system@framework@boot.art': Failed execv(/system/bin/dex2oat --image=/data/dalvik-cache/arm/system@framework@boot.art --dex-file=/system/framework/core-libart.jar --dex-file=/system/framework/conscrypt.jar --dex-file=/system/framework/okhttp.jar --dex-file=/system/framework/core-junit.jar --dex-file=/system/framework/bouncycastle.jar --dex-file=/system/framework/ext.jar --dex-file=/system/framework/framework.jar --dex-file=/system/framework/telephony-common.jar --dex-file=/system/framework/voip-common.jar --dex-file=/system/framework/ims-common.jar --dex-file=/system/framework/mms-common.jar --dex-file=/system/framework/android.policy.jar --dex-file=/system/framework/apache-xml.jar --oat-file=/data/dalvik-cache/arm/system@framework@boot.oat --instruction-set=arm --instruction-set-features=div --base=0x6f301000 --runtime-arg -Xms64
D/hwcomposer( 6129): using
D/hwcomposer( 6129): xres         = 1080 px
D/hwcomposer( 6129): yres         = 1920 px
D/hwcomposer( 6129): width        = 65 mm (422.030000 dpi)
D/hwcomposer( 6129): height       = 115 mm (424.069000 dpi)
D/hwcomposer( 6129): refresh rate = 60 Hz
E/libexynosv4l2-subdev( 6129): no subdev device found
E/hdmi    ( 6129): failed to open hdmi mixer0 subdev
E/hwcomposer( 6129): openHdmi fail
I/hwcomposer( 6129): PSR info devname = /sys/devices/14400000.fimd_fb/psr_info
I/hwcomposer( 6129): PSR mode is 2(0: video mode, 1: DP PSR mode, 2: MIPI-DSI command mode)
I/SurfaceFlinger( 6129): Using composer version 1.3
I/SurfaceFlinger( 6129): EGL information:
I/SurfaceFlinger( 6129): vendor    : Android
I/SurfaceFlinger( 6129): version   : 1.4 Android META-EGL
I/SurfaceFlinger( 6129): extensions: EGL_KHR_get_all_proc_addresses EGL_ANDROID_presentation_time EGL_KHR_image EGL_KHR_image_base EGL_KHR_gl_texture_2D_image EGL_KHR_gl_texture_cubemap_image EGL_KHR_gl_renderbuffer_image EGL_KHR_fence_sync EGL_KHR_create_context EGL_ANDROID_image_native_buffer EGL_KHR_wait_sync EGL_ANDROID_recordable 
I/SurfaceFlinger( 6129): Client API: OpenGL_ES
I/SurfaceFlinger( 6129): EGLSurface: 8-8-8-8, config=0xb69cf2ac
I/SurfaceFlinger( 6129): OpenGL ES informations:
I/SurfaceFlinger( 6129): vendor    : ARM
I/SurfaceFlinger( 6129): renderer  : Mali-T628
I/SurfaceFlinger( 6129): version   : OpenGL ES 3.0
I/SurfaceFlinger( 6129): extensions: GL_EXT_debug_marker GL_ARM_rgba8 GL_ARM_mali_shader_binary GL_OES_depth24 GL_OES_depth_texture GL_OES_depth_texture_cube_map GL_OES_packed_depth_stencil GL_OES_rgb8_rgba8 GL_EXT_read_format_bgra GL_OES_compressed_paletted_texture GL_OES_compressed_ETC1_RGB8_texture GL_OES_standard_derivatives GL_OES_EGL_image GL_OES_EGL_image_external GL_OES_EGL_sync GL_OES_texture_npot GL_OES_vertex_half_float GL_OES_required_internalformat GL_OES_vertex_array_object GL_OES_mapbuffer GL_EXT_texture_format_BGRA8888 GL_EXT_texture_rg GL_EXT_texture_type_2_10_10_10_REV GL_OES_fbo_render_mipmap GL_OES_element_index_uint GL_EXT_shadow_samplers GL_OES_texture_compression_astc GL_KHR_texture_compression_astc_ldr GL_KHR_texture_compression_astc_hdr GL_KHR_debug GL_EXT_occlusion_query_boolean GL_EXT_blend_minmax GL_EXT_discard_framebuffer GL_OES_get_program_binary GL_OES_texture_3D GL_EXT_texture_storage GL_EXT_multisampled_render_to_texture GL_OES_surfaceless_context GL_ARM_mali_program_binary 
I/SurfaceFlinger( 6129): GL_MAX_TEXTURE_SIZE = 8192
I/SurfaceFlinger( 6129): GL_MAX_VIEWPORT_DIMS = 8192
E/libEGL  ( 6129): eglQuerySurface:607 error 300d (EGL_BAD_SURFACE)
E/libEGL  ( 6129): eglQuerySurface:607 error 300d (EGL_BAD_SURFACE)
E/libEGL  ( 6129): call to OpenGL ES API with no current context (logged once per thread)
D/SurfaceFlinger( 6129): Set power mode=2, type=0 flinger=0xb6962000
I/hwcomposer( 6129): int exynos5_blank(hwc_composer_device_1*, int, int):: disp(0), blank(0)
I/hwcomposer( 6129): unblank ioctl failed (display already unblanked)
E/libEGL  ( 6129): eglSwapBuffers:1071 error 300d (EGL_BAD_SURFACE)
F/SurfaceFlinger( 6129): eglSwapBuffers(0x1, 0x0) failed with 0x0000300d
F/libc    ( 6129): Fatal signal 6 (SIGABRT), code -6 in tid 6129 (surfaceflinger)
I/DEBUG   ( 3589): property debug.db.uid not set; NOT waiting for gdb.
I/DEBUG   ( 3589): HINT: adb shell setprop debug.db.uid 100000
I/DEBUG   ( 3589): HINT: adb forward tcp:5039 tcp:5039
I/DEBUG   ( 3589): *** *** *** *** *** *** *** *** *** *** *** *** *** *** *** ***
I/DEBUG   ( 3589): Build fingerprint: 'samsung/cm_k3gxx/k3gxx:5.0.2/LRX22G/88e55c58ed:userdebug/test-keys'
I/DEBUG   ( 3589): Revision: '10'
I/DEBUG   ( 3589): ABI: 'arm'
I/DEBUG   ( 3589): pid: 6129, tid: 6129, name: surfaceflinger  >>> /system/bin/surfaceflinger <<<
I/DEBUG   ( 3589): signal 6 (SIGABRT), code -6 (SI_TKILL), fault addr --------
I/DEBUG   ( 3589): Abort message: 'eglSwapBuffers(0x1, 0x0) failed with 0x0000300d'
I/DEBUG   ( 3589):     r0 00000000  r1 000017f1  r2 00000006  r3 00000000
I/DEBUG   ( 3589):     r4 b6f29114  r5 00000006  r6 0000000b  r7 0000010c
I/DEBUG   ( 3589):     r8 00000000  r9 bea9bbd0  sl b6954210  fp bea9bbd0
I/DEBUG   ( 3589):     ip 000017f1  sp bea9b650  lr b6eb37b9  pc b6ed74e4  cpsr 600f0010
I/DEBUG   ( 3589): 
I/DEBUG   ( 3589): backtrace:
I/DEBUG   ( 3589):     #00 pc 000384e4  /system/lib/libc.so (tgkill+12)
I/DEBUG   ( 3589):     #01 pc 000147b5  /system/lib/libc.so (pthread_kill+52)
I/DEBUG   ( 3589):     #02 pc 0001550b  /system/lib/libc.so (raise+10)
I/DEBUG   ( 3589):     #03 pc 00011c35  /system/lib/libc.so (__libc_android_abort+36)
I/DEBUG   ( 3589):     #04 pc 0000fcb8  /system/lib/libc.so (abort+4)
I/DEBUG   ( 3589):     #05 pc 00007739  /system/lib/libcutils.so (__android_log_assert+88)
I/DEBUG   ( 3589):     #06 pc 0000f4df  /system/lib/libsurfaceflinger.so
I/DEBUG   ( 3589):     #07 pc 0001b9fd  /system/lib/libsurfaceflinger.so
I/DEBUG   ( 3589):     #08 pc 0001abe7  /system/lib/libsurfaceflinger.so
I/DEBUG   ( 3589):     #09 pc 00019fc3  /system/lib/libsurfaceflinger.so
I/DEBUG   ( 3589):     #10 pc 00019d49  /system/lib/libsurfaceflinger.so
I/DEBUG   ( 3589):     #11 pc 00010ed3  /system/lib/libutils.so (android::Looper::pollInner(int)+410)
I/DEBUG   ( 3589):     #12 pc 00010fc5  /system/lib/libutils.so (android::Looper::pollOnce(int, int*, int*, void**)+92)
I/DEBUG   ( 3589):     #13 pc 000174c5  /system/lib/libsurfaceflinger.so
I/DEBUG   ( 3589):     #14 pc 0001993d  /system/lib/libsurfaceflinger.so (android::SurfaceFlinger::run()+8)
I/DEBUG   ( 3589):     #15 pc 0000083d  /system/bin/surfaceflinger
I/DEBUG   ( 3589):     #16 pc 0000fb75  /system/lib/libc.so (__libc_init+44)
I/DEBUG   ( 3589):     #17 pc 000008d8  /system/bin/surfaceflinger
W/auditd  ( 3595): type=1325 audit(0.0:2272): table=raw family=10 entries=9
W/ip6tables( 6262): type=1300 audit(0.0:2272): arch=40000028 syscall=294 per=800000 success=yes exit=0 a0=4 a1=29 a2=40 a3=b6c1d000 items=0 ppid=6127 auid=4294967295 uid=0 gid=0 euid=0 suid=0 fsuid=0 egid=0 sgid=0 fsgid=0 ses=4294967295 tty=(none) exe="/system/bin/ip6tables" subj=u:r:netd:s0 key=(null)
W/auditd  ( 3595): type=1320 audit(0.0:2272): 
W/auditd  ( 3595): type=1325 audit(0.0:2273): table=raw family=2 entries=8
W/iptables( 6263): type=1300 audit(0.0:2273): arch=40000028 syscall=294 per=800000 success=yes exit=0 a0=4 a1=0 a2=40 a3=b6c1ba00 items=0 ppid=6127 auid=4294967295 uid=0 gid=0 euid=0 suid=0 fsuid=0 egid=0 sgid=0 fsgid=0 ses=4294967295 tty=(none) exe="/system/bin/iptables" subj=u:r:netd:s0 key=(null)
W/auditd  ( 3595): type=1320 audit(0.0:2273): 
W/auditd  ( 3595): type=1325 audit(0.0:2274): table=raw family=10 entries=8
W/ip6tables( 6264): type=1300 audit(0.0:2274): arch=40000028 syscall=294 per=800000 success=yes exit=0 a0=4 a1=29 a2=40 a3=b6c32800 items=0 ppid=6127 auid=4294967295 uid=0 gid=0 euid=0 suid=0 fsuid=0 egid=0 sgid=0 fsgid=0 ses=4294967295 tty=(none) exe="/system/bin/ip6tables" subj=u:r:netd:s0 key=(null)
W/auditd  ( 3595): type=1320 audit(0.0:2274): 
W/auditd  ( 3595): type=1325 audit(0.0:2275): table=raw family=2 entries=8
W/iptables( 6265): type=1300 audit(0.0:2275): arch=40000028 syscall=294 per=800000 success=yes exit=0 a0=4 a1=0 a2=40 a3=b6c30100 items=0 ppid=6127 auid=4294967295 uid=0 gid=0 euid=0 suid=0 fsuid=0 egid=0 sgid=0 fsgid=0 ses=4294967295 tty=(none) exe="/system/bin/iptables" subj=u:r:netd:s0 key=(null)
W/auditd  ( 3595): type=1320 audit(0.0:2275): 
W/auditd  ( 3595): type=1325 audit(0.0:2276): table=raw family=10 entries=8
W/ip6tables( 6266): type=1300 audit(0.0:2276): arch=40000028 syscall=294 per=800000 success=yes exit=0 a0=4 a1=29 a2=40 a3=b6c32400 items=0 ppid=6127 auid=4294967295 uid=0 gid=0 euid=0 suid=0 fsuid=0 egid=0 sgid=0 fsgid=0 ses=4294967295 tty=(none) exe="/system/bin/ip6tables" subj=u:r:netd:s0 key=(null)
W/auditd  ( 3595): type=1320 audit(0.0:2276): 
W/auditd  ( 3595): type=1325 audit(0.0:2277): table=raw family=2 entries=6
W/iptables( 6267): type=1300 audit(0.0:2277): arch=40000028 syscall=294 per=800000 success=yes exit=0 a0=4 a1=0 a2=40 a3=b6c20400 items=0 ppid=6127 auid=4294967295 uid=0 gid=0 euid=0 suid=0 fsuid=0 egid=0 sgid=0 fsgid=0 ses=4294967295 tty=(none) exe="/system/bin/iptables" subj=u:r:netd:s0 key=(null)
W/auditd  ( 3595): type=1320 audit(0.0:2277): 
W/auditd  ( 3595): type=1325 audit(0.0:2278): table=raw family=10 entries=6
W/ip6tables( 6268): type=1300 audit(0.0:2278): arch=40000028 syscall=294 per=800000 success=yes exit=0 a0=4 a1=29 a2=40 a3=b6c31800 items=0 ppid=6127 auid=4294967295 uid=0 gid=0 euid=0 suid=0 fsuid=0 egid=0 sgid=0 fsgid=0 ses=4294967295 tty=(none) exe="/system/bin/ip6tables" subj=u:r:netd:s0 key=(null)
I/ServiceManager( 6130): Waiting for service batterystats...
V/NatController( 6127): runCmd(/system/bin/iptables -F natctrl_FORWARD) res=0
V/NatController( 6127): runCmd(/system/bin/iptables -A natctrl_FORWARD -j DROP) res=0
V/NatController( 6127): runCmd(/system/bin/iptables -t nat -F natctrl_nat_POSTROUTING) res=0
V/NatController( 6127): runCmd(/system/bin/iptables -F natctrl_tether_counters) res=0
V/NatController( 6127): runCmd(/system/bin/iptables -X natctrl_tether_counters) res=0
I/DEBUG   ( 3589): 
I/DEBUG   ( 3589): Tombstone written to: /data/tombstones/tombstone_02
V/NatController( 6127): runCmd(/system/bin/iptables -N natctrl_tether_counters) res=0
