D/hwcomposer( 5056): height       = 115 mm (424.069000 dpi)
D/hwcomposer( 5056): refresh rate = 60 Hz
D/libexynosv4l2-subdev( 5056): try node: /dev/v4l-subdev0
D/libexynosv4l2-subdev( 5056): try node: /dev/v4l-subdev1
D/libexynosv4l2-subdev( 5056): try node: /dev/v4l-subdev2
I/libexynosv4l2-subdev( 5056): node found for device s5p-mixer0: /dev/v4l-subdev2
I/libexynosv4l2-subdev( 5056): open subdev device /dev/v4l-subdev2
I/hwcomposer( 5056): PSR info devname = /sys/devices/14400000.fimd_fb/psr_info
I/hwcomposer( 5056): PSR mode is 2(0: video mode, 1: DP PSR mode, 2: MIPI-DSI command mode)
I/SurfaceFlinger( 5056): Using composer version 1.3
I/SurfaceFlinger( 5056): EGL information:
I/SurfaceFlinger( 5056): vendor    : Android
I/SurfaceFlinger( 5056): version   : 1.4 Android META-EGL
I/SurfaceFlinger( 5056): extensions: EGL_KHR_get_all_proc_addresses EGL_ANDROID_presentation_time EGL_KHR_image EGL_KHR_image_base EGL_KHR_gl_texture_2D_image EGL_KHR_gl_texture_cubemap_image EGL_KHR_gl_renderbuffer_image EGL_KHR_fence_sync EGL_KHR_create_context EGL_ANDROID_image_native_buffer EGL_KHR_wait_sync EGL_ANDROID_recordable 
I/SurfaceFlinger( 5056): Client API: OpenGL_ES
I/SurfaceFlinger( 5056): EGLSurface: 8-8-8-8, config=0xb6acf2ac
I/SurfaceFlinger( 5056): OpenGL ES informations:
I/SurfaceFlinger( 5056): vendor    : ARM
I/SurfaceFlinger( 5056): renderer  : Mali-T628
I/SurfaceFlinger( 5056): version   : OpenGL ES 3.0
I/SurfaceFlinger( 5056): extensions: GL_EXT_debug_marker GL_ARM_rgba8 GL_ARM_mali_shader_binary GL_OES_depth24 GL_OES_depth_texture GL_OES_depth_texture_cube_map GL_OES_packed_depth_stencil GL_OES_rgb8_rgba8 GL_EXT_read_format_bgra GL_OES_compressed_paletted_texture GL_OES_compressed_ETC1_RGB8_texture GL_OES_standard_derivatives GL_OES_EGL_image GL_OES_EGL_image_external GL_OES_EGL_sync GL_OES_texture_npot GL_OES_vertex_half_float GL_OES_required_internalformat GL_OES_vertex_array_object GL_OES_mapbuffer GL_EXT_texture_format_BGRA8888 GL_EXT_texture_rg GL_EXT_texture_type_2_10_10_10_REV GL_OES_fbo_render_mipmap GL_OES_element_index_uint GL_EXT_shadow_samplers GL_OES_texture_compression_astc GL_KHR_texture_compression_astc_ldr GL_KHR_texture_compression_astc_hdr GL_KHR_debug GL_EXT_occlusion_query_boolean GL_EXT_blend_minmax GL_EXT_discard_framebuffer GL_OES_get_program_binary GL_OES_texture_3D GL_EXT_texture_storage GL_EXT_multisampled_render_to_texture GL_OES_surfaceless_context GL_ARM_mali_program_binary 
I/SurfaceFlinger( 5056): GL_MAX_TEXTURE_SIZE = 8192
I/SurfaceFlinger( 5056): GL_MAX_VIEWPORT_DIMS = 8192
E/libEGL  ( 5056): eglQuerySurface:658 error 300d (EGL_BAD_SURFACE)
E/libEGL  ( 5056): eglQuerySurface:658 error 300d (EGL_BAD_SURFACE)
E/libEGL  ( 5056): call to OpenGL ES API with no current context (logged once per thread)
D/SurfaceFlinger( 5056): Set power mode=2, type=0 flinger=0xb6a62000
I/hwcomposer( 5056): int exynos5_blank(hwc_composer_device_1*, int, int):: disp(0), blank(0)
I/hwcomposer( 5056): unblank ioctl failed (display already unblanked)
E/libEGL  ( 5056): eglSwapBuffers:1228 error 300d (EGL_BAD_SURFACE)
F/SurfaceFlinger( 5056): eglSwapBuffers(0x1, 0x0) failed with 0x0000300d
F/libc    ( 5056): Fatal signal 6 (SIGABRT), code -6 in tid 5056 (surfaceflinger)
I/DEBUG   ( 5053): property debug.db.uid not set; NOT waiting for gdb.
I/DEBUG   ( 5053): HINT: adb shell setprop debug.db.uid 100000
I/DEBUG   ( 5053): HINT: adb forward tcp:5039 tcp:5039
I/DEBUG   ( 5053): *** *** *** *** *** *** *** *** *** *** *** *** *** *** *** ***
I/DEBUG   ( 5053): Build fingerprint: 'samsung/cm_k3gxx/k3gxx:5.0.2/LRX22G/f6367390ba:userdebug/test-keys'
I/DEBUG   ( 5053): Revision: '10'
I/DEBUG   ( 5053): ABI: 'arm'
I/DEBUG   ( 5053): pid: 5056, tid: 5056, name: surfaceflinger  >>> /system/bin/surfaceflinger <<<
I/DEBUG   ( 5053): signal 6 (SIGABRT), code -6 (SI_TKILL), fault addr --------
I/DEBUG   ( 5053): Abort message: 'eglSwapBuffers(0x1, 0x0) failed with 0x0000300d'
I/DEBUG   ( 5053):     r0 00000000  r1 000013c0  r2 00000006  r3 00000000
I/DEBUG   ( 5053):     r4 b6fc7114  r5 00000006  r6 0000000b  r7 0000010c
I/DEBUG   ( 5053):     r8 00000000  r9 beaebbd0  sl b6a54210  fp beaebbd0
I/DEBUG   ( 5053):     ip 000013c0  sp beaeb650  lr b6f517b9  pc b6f754e4  cpsr 600f0010
I/DEBUG   ( 5053): 
I/DEBUG   ( 5053): backtrace:
I/DEBUG   ( 5053):     #00 pc 000384e4  /system/lib/libc.so (tgkill+12)
I/DEBUG   ( 5053):     #01 pc 000147b5  /system/lib/libc.so (pthread_kill+52)
I/DEBUG   ( 5053):     #02 pc 0001550b  /system/lib/libc.so (raise+10)
I/DEBUG   ( 5053):     #03 pc 00011c35  /system/lib/libc.so (__libc_android_abort+36)
I/DEBUG   ( 5053):     #04 pc 0000fcb8  /system/lib/libc.so (abort+4)
I/DEBUG   ( 5053):     #05 pc 00007739  /system/lib/libcutils.so (__android_log_assert+88)
I/DEBUG   ( 5053):     #06 pc 0000f4df  /system/lib/libsurfaceflinger.so
I/DEBUG   ( 5053):     #07 pc 0001b9fd  /system/lib/libsurfaceflinger.so
I/DEBUG   ( 5053):     #08 pc 0001abe7  /system/lib/libsurfaceflinger.so
I/DEBUG   ( 5053):     #09 pc 00019fc3  /system/lib/libsurfaceflinger.so
I/DEBUG   ( 5053):     #10 pc 00019d49  /system/lib/libsurfaceflinger.so
I/DEBUG   ( 5053):     #11 pc 00010ed3  /system/lib/libutils.so (android::Looper::pollInner(int)+410)
I/DEBUG   ( 5053):     #12 pc 00010fc5  /system/lib/libutils.so (android::Looper::pollOnce(int, int*, int*, void**)+92)
I/DEBUG   ( 5053):     #13 pc 000174c5  /system/lib/libsurfaceflinger.so
I/DEBUG   ( 5053):     #14 pc 0001993d  /system/lib/libsurfaceflinger.so (android::SurfaceFlinger::run()+8)
I/DEBUG   ( 5053):     #15 pc 0000083d  /system/bin/surfaceflinger
I/DEBUG   ( 5053):     #16 pc 0000fb75  /system/lib/libc.so (__libc_init+44)
I/DEBUG   ( 5053):     #17 pc 000008d8  /system/bin/surfaceflinger
I/ServiceManager( 5057): Waiting for service batterystats...
F/art     ( 5059): sart/runtime/class_linker.cc:398] Check failed: java_lang_String.Get() == String_class (java_lang_String.Get()=0x12c0a400, String_class=0x12c0b400) ----- class 'Ljava/lang/String;' cl=0x0 -----
F/art     ( 5059): sart/runtime/class_linker.cc:398]   objectSize=640 (412 from super)
F/art     ( 5059): sart/runtime/class_linker.cc:398]   access=0x0000.0011
F/art     ( 5059): sart/runtime/class_linker.cc:398]   super='java.lang.Class<java.lang.Object>' (cl=0x0)
F/art     ( 5059): sart/runtime/class_linker.cc:398]   interfaces (3):
F/art     ( 5059): sart/runtime/class_linker.cc:398]      0: java.lang.Class<java.io.Serializable> (cl=0x0)
F/art     ( 5059): sart/runtime/class_linker.cc:398]      1: java.lang.Class<java.lang.Comparable> (cl=0x0)
F/art     ( 5059): sart/runtime/class_linker.cc:398]      2: java.lang.Class<java.lang.CharSequence> (cl=0x0)
F/art     ( 5059): sart/runtime/class_linker.cc:398]   class not yet loaded
F/art     ( 5059): sart/runtime/class_linker.cc:398] 
F/art     ( 5059): sart/runtime/class_linker.cc:398] ----- class 'Ljava/lang/String;' cl=0x0 -----
F/art     ( 5059): sart/runtime/class_linker.cc:398]   objectSize=636 (412 from super)
F/art     ( 5059): sart/runtime/class_linker.cc:398]   access=0x0000.0011
F/art     ( 5059): sart/runtime/class_linker.cc:398]   super='java.lang.Class<java.lang.Object>' (cl=0x0)
F/art     ( 5059): sart/runtime/class_linker.cc:398]   interfaces (3):
F/art     ( 5059): sart/runtime/class_linker.cc:398]      0: java.lang.Class<java.io.Serializable> (cl=0x0)
F/art     ( 5059): sart/runtime/class_linker.cc:398]      1: java.lang.Class<java.lang.Comparable> (cl=0x0)
F/art     ( 5059): sart/runtime/class_linker.cc:398]      2: java.lang.Class<java.lang.CharSequence> (cl=0x0)
F/art     ( 5059): sart/runtime/class_linker.cc:398]   vtable (54 entries, 11 in super):
F/art     ( 5059): sart/runtime/class_linker.cc:398]      0: void java.lang.String._getChars(int, int, char[], int)
F/art     ( 5059): sart/runtime/class_linker.cc:398]      1: char java.lang.String.charAt(int)
F/art     ( 5059): sart/runtime/class_linker.cc:398]      2: int java.lang.String.codePointAt(int)
F/art     ( 5059): sart/runtime/class_linker.cc:398]      3: int java.lang.String.codePointBefore(int)
F/art     ( 5059): sart/runtime/class_linker.cc:398]      4: int java.lang.String.codePointCount(int, int)
F/art     ( 5059): sart/runtime/class_linker.cc:398]      5: int java.lang.String.compareTo(java.lang.Object)
F/art     ( 5059): sart/runtime/class_linker.cc:398]      6: int java.lang.String.compareTo(java.lang.String)
F/art     ( 5059): sart/runtime/class_linker.cc:398]      7: int java.lang.String.compareToIgnoreCase(java.lang.String)
F/art     ( 5059): sart/runtime/class_linker.cc:398]      8: java.lang.String java.lang.String.concat(java.lang.String)
F/art     ( 5059): sart/runtime/class_linker.cc:398]      9: boolean java.lang.String.contains(java.lang.CharSequence)
F/art     ( 5059): sart/runtime/class_linker.cc:398]     10: boolean java.lang.String.contentEquals(java.lang.CharSequence)
F/art     ( 5059): sart/runtime/class_linker.cc:398]     11: boolean java.lang.String.contentEquals(java.lang.StringBuffer)
F/art     ( 5059): sart/runtime/class_linker.cc:398]     12: boolean java.lang.String.endsWith(java.lang.String)
F/art     ( 5059): sart/runtime/class_linker.cc:398]     13: boolean java.lang.String.equals(java.lang.Object)
F/art     ( 5059): sart/runtime/class_linker.cc:398]     14: boolean java.lang.String.equalsIgnoreCase(java.lang.String)
F/art     ( 5059): sart/runtime/class_linker.cc:398]     15: void java.lang.String.getBytes(int, int, byte[], int)
F/art     ( 5059): sart/runtime/class_linker.cc:398]     16: byte[] java.lang.String.getBytes()
F/art     ( 5059): sart/runtime/class_linker.cc:398]     17: byte[] java.lang.String.getBytes(java.lang.String)
F/art     ( 5059): sart/runtime/class_linker.cc:398]     18: byte[] java.lang.String.getBytes(java.nio.charset.Charset)
F/art     ( 5059): sart/runtime/class_linker.cc:398]     19: void java.lang.String.getChars(int, int, char[], int)
F/art     ( 5059): sart/runtime/class_linker.cc:398]     20: int java.lang.String.hashCode()
F/art     ( 5059): sart/runtime/class_linker.cc:398]     21: int java.lang.String.indexOf(int)
F/art     ( 5059): sart/runtime/class_linker.cc:398]     22: int java.lang.String.indexOf(int, int)
F/art     ( 5059): sart/runtime/class_linker.cc:398]     23: int java.lang.String.indexOf(java.lang.String)
F/art     ( 5059): sart/runtime/class_linker.cc:398]     24: int java.lang.String.indexOf(java.lang.String, int)
F/art     ( 5059): sart/runtime/class_linker.cc:398]     25: java.lang.String java.lang.String.intern()
F/art     ( 5059): sart/runtime/class_linker.cc:398]     26: boolean java.lang.String.isEmpty()
F/art     ( 5059): sart/runtime/class_linker.cc:398]     27: int java.lang.String.lastIndexOf(int)
F/art     ( 5059): sart/runtime/class_linker.cc:398]     28: int java.lang.String.lastIndexOf(int, int)
F/art     ( 5059): sart/runtime/class_linker.cc:398]     29: int java.lang.String.lastIndexOf(java.lang.String)
F/art     ( 5059): sart/runtime/class_linker.cc:398]     30: int java.lang.String.lastIndexOf(java.lang.String, int)
F/art     ( 5059): sart/runtime/class_linker.cc:398]     31: int java.lang.String.length()
F/art     ( 5059): sart/runtime/class_linker.cc:398]     32: boolean java.lang.String.matches(java.lang.String)
F/art     ( 5059): sart/runtime/class_linker.cc:398]     33: int java.lang.String.offsetByCodePoints(int, int)
F/art     ( 5059): sart/runtime/class_linker.cc:398]     34: boolean java.lang.String.regionMatches(int, java.lang.String, int, int)
F/art     ( 5059): sart/runtime/class_linker.cc:398]     35: boolean java.lang.String.regionMatches(boolean, int, java.lang.String, int, int)
F/art     ( 5059): sart/runtime/class_linker.cc:398]     36: java.lang.String java.lang.String.replace(char, char)
F/art     ( 5059): sart/runtime/class_linker.cc:398]     37: java.lang.String java.lang.String.replace(java.lang.CharSequence, java.lang.CharSequence)
F/art     ( 5059): sart/runtime/class_linker.cc:398]     38: java.lang.String java.lang.String.replaceAll(java.lang.String, java.lang.String)
F/art     ( 5059): sart/runtime/class_linker.cc:398]     39: java.lang.String java.lang.String.replaceFirst(java.lang.String, java.lang.String)
F/art     ( 5059): sart/runtime/class_linker.cc:398]     40: java.lang.String[] java.lang.String.split(java.lang.String)
F/art     ( 5059): sart/runtime/class_linker.cc:398]     41: java.lang.String[] java.lang.String.split(java.lang.String, int)
F/art     ( 5059): sart/runtime/class_linker.cc:398]     42: boolean java.lang.String.startsWith(java.lang.String)
F/art     ( 5059): sart/runtime/class_linker.cc:398]     43: boolean java.lang.String.startsWith(java.lang.String, int)
F/art     ( 5059): sart/runtime/class_linker.cc:398]     44: java.lang.CharSequence java.lang.String.subSequence(int, int)
F/art     ( 5059): sart/runtime/class_linker.cc:398]     45: java.lang.String java.lang.String.substring(int)
F/art     ( 5059): sart/runtime/class_linker.cc:398]     46: java.lang.String java.lang.String.substring(int, int)
F/art     ( 5059): sart/runtime/class_linker.cc:398]     47: char[] java.lang.String.toCharArray()
F/art     ( 5059): sart/runtime/class_linker.cc:398]     48: java.lang.String java.lang.String.toLowerCase()
F/art     ( 5059): sart/runtime/class_linker.cc:398]     49: java.lang.String java.lang.String.toLowerCase(java.util.Locale)
F/art     ( 5059): sart/runtime/class_linker.cc:398]     50: java.lang.String java.lang.String.toString()
F/art     ( 5059): sart/runtime/class_linker.cc:398]     51: java.lang.String java.lang.String.toUpperCase()
F/art     ( 5059): sart/runtime/class_linker.cc:398]     52: java.lang.String java.lang.String.toUpperCase(java.util.Locale)
F/art     ( 5059): sart/runtime/class_linker.cc:398]     53: java.lang.String java.lang.String.trim()
F/art     ( 5059): sart/runtime/class_linker.cc:398]   direct methods (38 entries):
F/art     ( 5059): sart/runtime/class_linker.cc:398]      0: void java.lang.String.<clinit>()
F/art     ( 5059): sart/runtime/class_linker.cc:398]      1: void java.lang.String.<init>()
F/art     ( 5059): sart/runtime/class_linker.cc:398]      2: void java.lang.String.<init>(int, int, char[])
F/art     ( 5059): sart/runtime/class_linker.cc:398]      3: void java.lang.String.<init>(java.lang.String)
F/art     ( 5059): sart/runtime/class_linker.cc:398]      4: void java.lang.String.<init>(java.lang.StringBuffer)
F/art     ( 5059): sart/runtime/class_linker.cc:398]      5: void java.lang.String.<init>(java.lang.StringBuilder)
F/art     ( 5059): sart/runtime/class_linker.cc:398]      6: void java.lang.String.<init>(byte[])
F/art     ( 5059): sart/runtime/class_linker.cc:398]      7: void java.lang.String.<init>(byte[], int)
F/art     ( 5059): sart/runtime/class_linker.cc:398]      8: void java.lang.String.<init>(byte[], int, int)
F/art     ( 5059): sart/runtime/class_linker.cc:398]      9: void java.lang.String.<init>(byte[], int, int, int)
F/art     ( 5059): sart/runtime/class_linker.cc:398]     10: void java.lang.String.<init>(byte[], int, int, java.lang.String)
F/art     ( 5059): sart/runtime/class_linker.cc:398]     11: void java.lang.String.<init>(byte[], int, int, java.nio.charset.Charset)
F/art     ( 5059): sart/runtime/class_linker.cc:398]     12: void java.lang.String.<init>(byte[], java.lang.String)
F/art     ( 5059): sart/runtime/class_linker.cc:398]     13: void java.lang.String.<init>(byte[], java.nio.charset.Charset)
F/art     ( 5059): sart/runtime/class_linker.cc:398]     14: void java.lang.String.<init>(char[])
F/art     ( 5059): sart/runtime/class_linker.cc:398]     15: void java.lang.String.<init>(char[], int, int)
F/art     ( 5059): sart/runtime/class_linker.cc:398]     16: void java.lang.String.<init>(int[], int, int)
F/art     ( 5059): sart/runtime/class_linker.cc:398]     17: java.lang.String java.lang.String.copyValueOf(char[])
F/art     ( 5059): sart/runtime/class_linker.cc:398]     18: java.lang.String java.lang.String.copyValueOf(char[], int, int)
F/art     ( 5059): sart/runtime/class_linker.cc:398]     19: java.lang.StringIndexOutOfBoundsException java.lang.String.failedBoundsCheck(int, int, int)
F/art     ( 5059): sart/runtime/class_linker.cc:398]     20: int java.lang.String.fastIndexOf(int, int)
F/art     ( 5059): sart/runtime/class_linker.cc:398]     21: char java.lang.String.foldCase(char)
F/art     ( 5059): sart/runtime/class_linker.cc:398]     22: java.lang.String java.lang.String.format(java.lang.String, java.lang.Object[])
F/art     ( 5059): sart/runtime/class_linker.cc:398]     23: java.lang.String java.lang.String.format(java.util.Locale, java.lang.String, java.lang.Object[])
F/art     ( 5059): sart/runtime/class_linker.cc:398]     24: java.lang.StringIndexOutOfBoundsException java.lang.String.indexAndLength(int)
F/art     ( 5059): sart/runtime/class_linker.cc:398]     25: int java.lang.String.indexOf(java.lang.String, java.lang.String, int, int, char)
F/art     ( 5059): sart/runtime/class_linker.cc:398]     26: int java.lang.String.indexOfSupplementary(int, int)
F/art     ( 5059): sart/runtime/class_linker.cc:398]     27: int java.lang.String.lastIndexOfSupplementary(int, int)
F/art     ( 5059): sart/runtime/class_linker.cc:398]     28: java.lang.StringIndexOutOfBoundsException java.lang.String.startEndAndLength(int, int)
F/art     ( 5059): sart/runtime/class_linker.cc:398]     29: java.lang.String java.lang.String.valueOf(char)
F/art     ( 5059): sart/runtime/class_linker.cc:398]     30: java.lang.String java.lang.String.valueOf(double)
F/art     ( 5059): sart/runtime/class_linker.cc:398]     31: java.lang.String java.lang.String.valueOf(float)
F/art     ( 5059): sart/runtime/class_linker.cc:398]     32: java.lang.String java.lang.String.valueOf(int)
F/art     ( 5059): sart/runtime/class_linker.cc:398]     33: java.lang.String java.lang.String.valueOf(long)
F/art     ( 5059): sart/runtime/class_linker.cc:398]     34: java.lang.String java.lang.String.valueOf(java.lang.Object)
F/art     ( 5059): sart/runtime/class_linker.cc:398]     35: java.lang.String java.lang.String.valueOf(boolean)
F/art     ( 5059): sart/runtime/class_linker.cc:398]     36: java.lang.String java.lang.String.valueOf(char[])
F/art     ( 5059): sart/runtime/class_linker.cc:398]     37: java.lang.String java.lang.String.valueOf(char[], int, int)
F/art     ( 5059): sart/runtime/class_linker.cc:398]   static fields (4 entries):
F/art     ( 5059): sart/runtime/class_linker.cc:398]      0: char[] java.lang.String.ASCII
F/art     ( 5059): sart/runtime/class_linker.cc:398]      1: java.util.Comparator java.lang.String.CASE_INSENSITIVE_ORDER
F/art     ( 5059): sart/runtime/class_linker.cc:398]      2: long java.lang.String.serialVersionUID
F/art     ( 5059): sart/runtime/class_linker.cc:398]      3: char java.lang.String.REPLACEMENT_CHAR
F/art     ( 5059): sart/runtime/class_linker.cc:398]   instance fields (4 entries):
F/art     ( 5059): sart/runtime/class_linker.cc:398]      0: char[] java.lang.String.value
F/art     ( 5059): sart/runtime/class_linker.cc:398]      1: int java.lang.String.count
F/art     ( 5059): sart/runtime/class_linker.cc:398]      2: int java.lang.String.hashCode
F/art     ( 5059): sart/runtime/class_linker.cc:398]      3: int java.lang.String.offset
F/art     ( 5059): sart/runtime/class_linker.cc:398] 
F/art     ( 5059): sart/runtime/runtime.cc:286] Runtime aborting...
F/art     ( 5059): sart/runtime/runtime.cc:286] Aborting thread:
F/art     ( 5059): sart/runtime/runtime.cc:286] "main" prio=5 tid=1 Runnable (still starting up)
F/art     ( 5059): sart/runtime/runtime.cc:286]   | group="" sCount=0 dsCount=0 obj=0x0 self=0xb5007800
F/art     ( 5059): sart/runtime/runtime.cc:286]   | sysTid=5059 nice=0 cgrp=default sched=0/0 handle=0xb6f34ec8
F/art     ( 5059): sart/runtime/runtime.cc:286]   | state=R schedstat=( 1257790042 3441581 41 ) utm=105 stm=20 core=4 HZ=100
F/art     ( 5059): sart/runtime/runtime.cc:286]   | stack=0xbe1ac000-0xbe1ae000 stackSize=8MB
F/art     ( 5059): sart/runtime/runtime.cc:286]   | held mutexes= "abort lock" "mutator lock"(shared held)
F/art     ( 5059): sart/runtime/runtime.cc:286]   native: #00 pc 000045b4  /system/lib/libbacktrace_libc++.so (UnwindCurrent::Unwind(unsigned int, ucontext*)+23)
F/art     ( 5059): sart/runtime/runtime.cc:286]   native: #01 pc 00002e1d  /system/lib/libbacktrace_libc++.so (Backtrace::Unwind(unsigned int, ucontext*)+8)
F/art     ( 5059): sart/runtime/runtime.cc:286]   native: #02 pc 0025ba7d  /system/lib/libart.so (art::DumpNativeStack(std::__1::basic_ostream<char, std::__1::char_traits<char> >&, int, char const*, art::mirror::ArtMethod*)+84)
F/art     ( 5059): sart/runtime/runtime.cc:286]   native: #03 pc 0023ed1b  /system/lib/libart.so (art::Thread::Dump(std::__1::basic_ostream<char, std::__1::char_traits<char> >&) const+162)
V/NatController( 5055): runCmd(/system/bin/iptables -F natctrl_FORWARD) res=0
F/art     ( 5059): sart/runtime/runtime.cc:286]   native: #04 pc 0022e579  /system/lib/libart.so (art::AbortState::DumpThread(std::__1::basic_ostream<char, std::__1::char_traits<char> >&, art::Thread*)+32)
F/art     ( 5059): sart/runtime/runtime.cc:286]   native: #05 pc 0022e7e3  /system/lib/libart.so (art::AbortState::Dump(std::__1::basic_ostream<char, std::__1::char_traits<char> >&)+354)
F/art     ( 5059): sart/runtime/runtime.cc:286]   native: #06 pc 0022e9db  /system/lib/libart.so (art::Runtime::Abort()+82)
F/art     ( 5059): sart/runtime/runtime.cc:286]   native: #07 pc 000a9395  /system/lib/libart.so (art::LogMessage::~LogMessage()+1360)
F/art     ( 5059): sart/runtime/runtime.cc:286]   native: #08 pc 000e0a15  /system/lib/libart.so (art::ClassLinker::InitWithoutImage(std::__1::vector<art::DexFile const*, std::__1::allocator<art::DexFile const*> > const&)+10180)
F/art     ( 5059): sart/runtime/runtime.cc:286]   native: #09 pc 00230695  /system/lib/libart.so (art::Runtime::Init(std::__1::vector<std::__1::pair<std::__1::basic_string<char, std::__1::char_traits<char>, std::__1::allocator<char> >, void const*>, std::__1::allocator<std::__1::pair<std::__1::basic_string<char, std::__1::char_traits<char>, std::__1::allocator<char> >, void const*> > > const&, bool)+3076)
F/art     ( 5059): sart/runtime/runtime.cc:286]   native: #10 pc 00231b63  /system/lib/libart.so (art::Runtime::Create(std::__1::vector<std::__1::pair<std::__1::basic_string<char, std::__1::char_traits<char>, std::__1::allocator<char> >, void const*>, std::__1::allocator<std::__1::pair<std::__1::basic_string<char, std::__1::char_traits<char>, std::__1::allocator<char> >, void const*> > > const&, bool)+58)
F/art     ( 5059): sart/runtime/runtime.cc:286]   native: #11 pc 001e4047  /system/lib/libart.so (JNI_CreateJavaVM+470)
F/art     ( 5059): sart/runtime/runtime.cc:286]   native: #12 pc 0005ad93  /system/lib/libandroid_runtime.so (android::AndroidRuntime::startVm(_JavaVM**, _JNIEnv**)+2174)
F/art     ( 5059): sart/runtime/runtime.cc:286]   native: #13 pc 0005b3bf  /system/lib/libandroid_runtime.so (android::AndroidRuntime::start(char const*, android::Vector<android::String8> const&)+250)
F/art     ( 5059): sart/runtime/runtime.cc:286]   native: #14 pc 00001655  /system/bin/app_process32 (???)
F/art     ( 5059): sart/runtime/runtime.cc:286]   native: #15 pc 0000fb75  /system/lib/libc.so (__libc_init+44)
F/art     ( 5059): sart/runtime/runtime.cc:286]   native: #16 pc 00001770  /system/bin/app_process32 (???)
F/art     ( 5059): sart/runtime/runtime.cc:286]   (no managed stack frames)
F/art     ( 5059): sart/runtime/runtime.cc:286] Dumping all threads without appropriate locks held: thread list lock
F/art     ( 5059): sart/runtime/runtime.cc:286] All threads:
F/art     ( 5059): sart/runtime/runtime.cc:286] DALVIK THREADS (1):
F/art     ( 5059): sart/runtime/runtime.cc:286] "main" prio=5 tid=1 Runnable (still starting up)
F/art     ( 5059): sart/runtime/runtime.cc:286]   | group="" sCount=0 dsCount=0 obj=0x0 self=0xb5007800
F/art     ( 5059): sart/runtime/runtime.cc:286]   | sysTid=5059 nice=0 cgrp=default sched=0/0 handle=0xb6f34ec8
F/art     ( 5059): sart/runtime/runtime.cc:286]   | state=R schedstat=( 1272794625 3441581 41 ) utm=106 stm=21 core=4 HZ=100
F/art     ( 5059): sart/runtime/runtime.cc:286]   | stack=0xbe1ac000-0xbe1ae000 stackSize=8MB
F/art     ( 5059): sart/runtime/runtime.cc:286]   | held mutexes= "abort lock" "mutator lock"(shared held)
F/art     ( 5059): sart/runtime/runtime.cc:286]   native: #00 pc 000045b4  /system/lib/libbacktrace_libc++.so (UnwindCurrent::Unwind(unsigned int, ucontext*)+23)
F/art     ( 5059): sart/runtime/runtime.cc:286]   native: #01 pc 00002e1d  /system/lib/libbacktrace_libc++.so (Backtrace::Unwind(unsigned int, ucontext*)+8)
F/art     ( 5059): sart/runtime/runtime.cc:286]   native: #02 pc 0025ba7d  /system/lib/libart.so (art::DumpNativeStack(std::__1::basic_ostream<char, std::__1::char_traits<char> >&, int, char const*, art::mirror::ArtMethod*)+84)
F/art     ( 5059): sart/runtime/runtime.cc:286]   native: #03 pc 0023ed1b  /system/lib/libart.so (art::Thread::Dump(std::__1::basic_ostream<char, std::__1::char_traits<char> >&) const+162)
F/art     ( 5059): sart/runtime/runtime.cc:286]   native: #04 pc 00247e3d  /system/lib/libart.so (art::ThreadList::DumpLocked(std::__1::basic_ostream<char, std::__1::char_traits<char> >&)+120)
F/art     ( 5059): sart/runtime/runtime.cc:286]   native: #05 pc 0022e791  /system/lib/libart.so (art::AbortState::Dump(std::__1::basic_ostream<char, std::__1::char_traits<char> >&)+272)
F/art     ( 5059): sart/runtime/runtime.cc:286]   native: #06 pc 0022e9db  /system/lib/libart.so (art::Runtime::Abort()+82)
F/art     ( 5059): sart/runtime/runtime.cc:286]   native: #07 pc 000a9395  /system/lib/libart.so (art::LogMessage::~LogMessage()+1360)
F/art     ( 5059): sart/runtime/runtime.cc:286]   native: #08 pc 000e0a15  /system/lib/libart.so (art::ClassLinker::InitWithoutImage(std::__1::vector<art::DexFile const*, std::__1::allocator<art::DexFile const*> > const&)+10180)
F/art     ( 5059): sart/runtime/runtime.cc:286]   native: #09 pc 00230695  /system/lib/libart.so (art::Runtime::Init(std::__1::vector<std::__1::pair<std::__1::basic_string<char, std::__1::char_traits<char>, std::__1::allocator<char> >, void const*>, std::__1::allocator<std::__1::pair<std::__1::basic_string<char, std::__1::char_traits<char>, std::__1::allocator<char> >, void const*> > > const&, bool)+3076)
F/art     ( 5059): sart/runtime/runtime.cc:286]   native: #10 pc 00231b63  /system/lib/libart.so (art::Runtime::Create(std::__1::vector<std::__1::pair<std::__1::basic_string<char, std::__1::char_traits<char>, std::__1::allocator<char> >, void const*>, std::__1::allocator<std::__1::pair<std::__1::basic_string<char, std::__1::char_traits<char>, std::__1::allocator<char> >, void const*> > > const&, bool)+58)
F/art     ( 5059): sart/runtime/runtime.cc:286]   native: #11 pc 001e4047  /system/lib/libart.so (JNI_CreateJavaVM+470)
F/art     ( 5059): sart/runtime/runtime.cc:286]   native: #12 pc 0005ad93  /system/lib/libandroid_runtime.so (android::AndroidRuntime::startVm(_JavaVM**, _JNIEnv**)+2174)
F/art     ( 5059): sart/runtime/runtime.cc:286]   native: #13 pc 0005b3bf  /system/lib/libandroid_runtime.so (android::AndroidRuntime::start(char const*, android::Vector<android::String8> const&)+250)
F/art     ( 5059): sart/runtime/runtime.cc:286]   native: #14 pc 00001655  /system/bin/app_process32 (???)
F/art     ( 5059): sart/runtime/runtime.cc:286]   native: #15 pc 0000fb75  /system/lib/libc.so (__libc_init+44)
F/art     ( 5059): sart/runtime/runtime.cc:286]   native: #16 pc 00001770  /system/bin/app_process32 (???)
F/art     ( 5059): sart/runtime/runtime.cc:286]   (no managed stack frames)
F/art     ( 5059): sart/runtime/runtime.cc:286] 
F/art     ( 5059): sart/runtime/runtime.cc:286] 
F/libc    ( 5059): Fatal signal 6 (SIGABRT), code -6 in tid 5059 (main)
V/NatController( 5055): runCmd(/system/bin/iptables -A natctrl_FORWARD -j DROP) res=0
V/NatController( 5055): runCmd(/system/bin/iptables -t nat -F natctrl_nat_POSTROUTING) res=0
V/NatController( 5055): runCmd(/system/bin/iptables -F natctrl_tether_counters) res=0
V/NatController( 5055): runCmd(/system/bin/iptables -X natctrl_tether_counters) res=0
V/NatController( 5055): runCmd(/system/bin/iptables -N natctrl_tether_counters) res=0
V/NatController( 5055): runCmd(/system/bin/iptables -t mangle -A natctrl_mangle_FORWARD -p tcp --tcp-flags SYN SYN -j TCPMSS --clamp-mss-to-pmtu) res=0
I/DEBUG   ( 5053): 
I/DEBUG   ( 5053): Tombstone written to: /data/tombstones/tombstone_06
I/DEBUG   ( 5053): property debug.db.uid not set; NOT waiting for gdb.
I/DEBUG   ( 5053): HINT: adb shell setprop debug.db.uid 100000
I/DEBUG   ( 5053): HINT: adb forward tcp:5039 tcp:5039
I/ServiceManager( 3671): service 'SurfaceFlinger' died
I/ServiceManager( 3671): service 'Exynos.HWCService' died
I/ServiceManager( 3671): service 'media.wifi_display' died
E/DEBUG   ( 5053): unexpected waitpid response: n=5059, status=00000009
E/DEBUG   ( 5053): ptrace detach from 5059 failed: No such process
E/DEBUG   ( 5053): debuggerd committing suicide to free the zombie!
I/ServiceManager( 3671): service 'media.audio_flinger' died
I/DEBUG   ( 5260): debuggerd: Jun 17 2015 15:28:56
I/Netd    ( 5261): Netd 1.0 starting
E/Netd    ( 5261): Failed to open /proc/sys/net/ipv6/conf/default/accept_ra_rt_table: No such file or directory
E/Netd    ( 5261): Failed to open /proc/sys/net/ipv6/conf/ip6tnl0/accept_ra_rt_table: No such file or directory
E/Netd    ( 5261): Failed to open /proc/sys/net/ipv6/conf/lo/accept_ra_rt_table: No such file or directory
E/Netd    ( 5261): Failed to open /proc/sys/net/ipv6/conf/rmnet0/accept_ra_rt_table: No such file or directory
E/Netd    ( 5261): Failed to open /proc/sys/net/ipv6/conf/rmnet1/accept_ra_rt_table: No such file or directory
E/Netd    ( 5261): Failed to open /proc/sys/net/ipv6/conf/rmnet2/accept_ra_rt_table: No such file or directory
E/Netd    ( 5261): Failed to open /proc/sys/net/ipv6/conf/rmnet3/accept_ra_rt_table: No such file or directory
E/Netd    ( 5261): Failed to open /proc/sys/net/ipv6/conf/sit0/accept_ra_rt_table: No such file or directory
I/SurfaceFlinger( 5262): SurfaceFlinger is starting
I/SurfaceFlinger( 5262): SurfaceFlinger's main thread ready to run. Initializing graphics H/W...
D/libEGL  ( 5262): loaded /vendor/lib/egl/libGLES_mali.so
I/        ( 5262): PLATFORM VERSION : JB-MR-2
I/mediaserver( 5263): ServiceManager: 0xb60500c0
I/AudioFlinger( 5263): Using default 3000 mSec as standby time.
I/ServiceManager( 5263): Waiting for service batterystats...
D/AndroidRuntime( 5265): 
D/AndroidRuntime( 5265): >>>>>> AndroidRuntime START com.android.internal.os.ZygoteInit <<<<<<
I/gralloc ( 5262): using (fd=12)
I/gralloc ( 5262): id           = 
I/gralloc ( 5262): xres         = 1080 px
I/gralloc ( 5262): yres         = 1920 px
I/gralloc ( 5262): xres_virtual = 1080 px
I/gralloc ( 5262): yres_virtual = 3840 px
I/gralloc ( 5262): bpp          = 32
I/gralloc ( 5262): r            = 16:8
I/gralloc ( 5262): g            =  8:8
I/gralloc ( 5262): b            =  0:8
I/gralloc ( 5262): width        = 65 mm (422.030762 dpi)
I/gralloc ( 5262): height       = 115 mm (424.069580 dpi)
I/gralloc ( 5262): refresh rate = 60.00 Hz
D/AndroidRuntime( 5265): CheckJNI is OFF
I/art     ( 5265): option[0]=-Xzygote
I/art     ( 5265): option[1]=-Xstacktracefile:/data/anr/traces.txt
I/art     ( 5265): option[2]=exit
I/art     ( 5265): option[3]=vfprintf
I/art     ( 5265): option[4]=sensitiveThread
I/art     ( 5265): option[5]=-verbose:gc
I/art     ( 5265): option[6]=-Xms8m
I/art     ( 5265): option[7]=-Xmx512m
I/art     ( 5265): option[8]=-XX:mainThreadStackSize=24K
I/art     ( 5265): option[9]=-XX:HeapGrowthLimit=128m
I/art     ( 5265): option[10]=-XX:HeapMinFree=2m
I/art     ( 5265): option[11]=-XX:HeapMaxFree=8m
I/art     ( 5265): option[12]=-XX:HeapTargetUtilization=0.75
I/art     ( 5265): option[13]=-agentlib:jdwp=transport=dt_android_adb,suspend=n,server=y
I/art     ( 5265): option[14]=-Xlockprofthreshold:500
I/art     ( 5265): option[15]=-Ximage-compiler-option
I/art     ( 5265): option[16]=--runtime-arg
I/art     ( 5265): option[17]=-Ximage-compiler-option
I/art     ( 5265): option[18]=-Xms64m
I/art     ( 5265): option[19]=-Ximage-compiler-option
I/art     ( 5265): option[20]=--runtime-arg
I/art     ( 5265): option[21]=-Ximage-compiler-option
I/art     ( 5265): option[22]=-Xmx64m
I/art     ( 5265): option[23]=-Ximage-compiler-option
I/art     ( 5265): option[24]=--image-classes-zip=/system/framework/framework.jar
I/art     ( 5265): option[25]=-Ximage-compiler-option
I/art     ( 5265): option[26]=--image-classes=preloaded-classes
I/art     ( 5265): option[27]=-Xcompiler-option
I/art     ( 5265): option[28]=--runtime-arg
I/art     ( 5265): option[29]=-Xcompiler-option
I/art     ( 5265): option[30]=-Xms64m
I/art     ( 5265): option[31]=-Xcompiler-option
I/art     ( 5265): option[32]=--runtime-arg
I/art     ( 5265): option[33]=-Xcompiler-option
I/art     ( 5265): option[34]=-Xmx512m
I/art     ( 5265): option[35]=-Duser.language=es
I/art     ( 5265): option[36]=-Duser.region=US
I/art     ( 5265): Pruning dalvik-cache since we are generating an image and will need to recompile
W/art     ( 5265): Prune Dex Cache
I/art     ( 5265): Using an offset of 0xb11000 from default art base address of 0x70000000
I/art     ( 5265): GenerateImage: /system/bin/dex2oat --image=/data/dalvik-cache/arm/system@framework@boot.art --dex-file=/system/framework/core-libart.jar --dex-file=/system/framework/conscrypt.jar --dex-file=/system/framework/okhttp.jar --dex-file=/system/framework/core-junit.jar --dex-file=/system/framework/bouncycastle.jar --dex-file=/system/framework/ext.jar --dex-file=/system/framework/framework.jar --dex-file=/system/framework/telephony-common.jar --dex-file=/system/framework/voip-common.jar --dex-file=/system/framework/ims-common.jar --dex-file=/system/framework/mms-common.jar --dex-file=/system/framework/android.policy.jar --dex-file=/system/framework/apache-xml.jar --oat-file=/data/dalvik-cache/arm/system@framework@boot.oat --instruction-set=arm --instruction-set-features=div --base=0x70b11000 --runtime-arg -Xms64m --runtime-arg -Xmx64m --image-classes-zip=/system/framework/framework.jar --image-classes=preloaded-classes
W/art     ( 5265): Prune Dex Cache
W/art     ( 5265): Could not create image space with image file '/system/framework/boot.art'. Attempting to fall back to imageless running. Error was: Failed to generate image '/data/dalvik-cache/arm/system@framework@boot.art': Failed execv(/system/bin/dex2oat --image=/data/dalvik-cache/arm/system@framework@boot.art --dex-file=/system/framework/core-libart.jar --dex-file=/system/framework/conscrypt.jar --dex-file=/system/framework/okhttp.jar --dex-file=/system/framework/core-junit.jar --dex-file=/system/framework/bouncycastle.jar --dex-file=/system/framework/ext.jar --dex-file=/system/framework/framework.jar --dex-file=/system/framework/telephony-common.jar --dex-file=/system/framework/voip-common.jar --dex-file=/system/framework/ims-common.jar --dex-file=/system/framework/mms-common.jar --dex-file=/system/framework/android.policy.jar --dex-file=/system/framework/apache-xml.jar --oat-file=/data/dalvik-cache/arm/system@framework@boot.oat --instruction-set=arm --instruction-set-features=div --base=0x70b11000 --runtime-arg -Xms64
D/hwcomposer( 5262): using
D/hwcomposer( 5262): xres         = 1080 px
D/hwcomposer( 5262): yres         = 1920 px
D/hwcomposer( 5262): width        = 65 mm (422.030000 dpi)
D/hwcomposer( 5262): height       = 115 mm (424.069000 dpi)
D/hwcomposer( 5262): refresh rate = 60 Hz
D/libexynosv4l2-subdev( 5262): try node: /dev/v4l-subdev0
D/libexynosv4l2-subdev( 5262): try node: /dev/v4l-subdev1
D/libexynosv4l2-subdev( 5262): try node: /dev/v4l-subdev2
I/libexynosv4l2-subdev( 5262): node found for device s5p-mixer0: /dev/v4l-subdev2
I/libexynosv4l2-subdev( 5262): open subdev device /dev/v4l-subdev2
I/hwcomposer( 5262): PSR info devname = /sys/devices/14400000.fimd_fb/psr_info
I/hwcomposer( 5262): PSR mode is 2(0: video mode, 1: DP PSR mode, 2: MIPI-DSI command mode)
I/SurfaceFlinger( 5262): Using composer version 1.3
I/SurfaceFlinger( 5262): EGL information:
I/SurfaceFlinger( 5262): vendor    : Android
I/SurfaceFlinger( 5262): version   : 1.4 Android META-EGL
I/SurfaceFlinger( 5262): extensions: EGL_KHR_get_all_proc_addresses EGL_ANDROID_presentation_time EGL_KHR_image EGL_KHR_image_base EGL_KHR_gl_texture_2D_image EGL_KHR_gl_texture_cubemap_image EGL_KHR_gl_renderbuffer_image EGL_KHR_fence_sync EGL_KHR_create_context EGL_ANDROID_image_native_buffer EGL_KHR_wait_sync EGL_ANDROID_recordable 
I/SurfaceFlinger( 5262): Client API: OpenGL_ES
I/SurfaceFlinger( 5262): EGLSurface: 8-8-8-8, config=0xb69cf2ac
I/SurfaceFlinger( 5262): OpenGL ES informations:
I/SurfaceFlinger( 5262): vendor    : ARM
I/SurfaceFlinger( 5262): renderer  : Mali-T628
I/SurfaceFlinger( 5262): version   : OpenGL ES 3.0
I/SurfaceFlinger( 5262): extensions: GL_EXT_debug_marker GL_ARM_rgba8 GL_ARM_mali_shader_binary GL_OES_depth24 GL_OES_depth_texture GL_OES_depth_texture_cube_map GL_OES_packed_depth_stencil GL_OES_rgb8_rgba8 GL_EXT_read_format_bgra GL_OES_compressed_paletted_texture GL_OES_compressed_ETC1_RGB8_texture GL_OES_standard_derivatives GL_OES_EGL_image GL_OES_EGL_image_external GL_OES_EGL_sync GL_OES_texture_npot GL_OES_vertex_half_float GL_OES_required_internalformat GL_OES_vertex_array_object GL_OES_mapbuffer GL_EXT_texture_format_BGRA8888 GL_EXT_texture_rg GL_EXT_texture_type_2_10_10_10_REV GL_OES_fbo_render_mipmap GL_OES_element_index_uint GL_EXT_shadow_samplers GL_OES_texture_compression_astc GL_KHR_texture_compression_astc_ldr GL_KHR_texture_compression_astc_hdr GL_KHR_debug GL_EXT_occlusion_query_boolean GL_EXT_blend_minmax GL_EXT_discard_framebuffer GL_OES_get_program_binary GL_OES_texture_3D GL_EXT_texture_storage GL_EXT_multisampled_render_to_texture GL_OES_surfaceless_context GL_ARM_mali_program_binary 
I/SurfaceFlinger( 5262): GL_MAX_TEXTURE_SIZE = 8192
I/SurfaceFlinger( 5262): GL_MAX_VIEWPORT_DIMS = 8192
E/libEGL  ( 5262): eglQuerySurface:658 error 300d (EGL_BAD_SURFACE)
E/libEGL  ( 5262): eglQuerySurface:658 error 300d (EGL_BAD_SURFACE)
E/libEGL  ( 5262): call to OpenGL ES API with no current context (logged once per thread)
D/SurfaceFlinger( 5262): Set power mode=2, type=0 flinger=0xb6962000
I/hwcomposer( 5262): int exynos5_blank(hwc_composer_device_1*, int, int):: disp(0), blank(0)
I/hwcomposer( 5262): unblank ioctl failed (display already unblanked)
E/libEGL  ( 5262): eglSwapBuffers:1228 error 300d (EGL_BAD_SURFACE)
F/SurfaceFlinger( 5262): eglSwapBuffers(0x1, 0x0) failed with 0x0000300d
F/libc    ( 5262): Fatal signal 6 (SIGABRT), code -6 in tid 5262 (surfaceflinger)
I/DEBUG   ( 5260): property debug.db.uid not set; NOT waiting for gdb.
I/DEBUG   ( 5260): HINT: adb shell setprop debug.db.uid 100000
I/DEBUG   ( 5260): HINT: adb forward tcp:5039 tcp:5039
I/DEBUG   ( 5260): *** *** *** *** *** *** *** *** *** *** *** *** *** *** *** ***
I/DEBUG   ( 5260): Build fingerprint: 'samsung/cm_k3gxx/k3gxx:5.0.2/LRX22G/f6367390ba:userdebug/test-keys'
I/DEBUG   ( 5260): Revision: '10'
I/DEBUG   ( 5260): ABI: 'arm'
I/DEBUG   ( 5260): pid: 5262, tid: 5262, name: surfaceflinger  >>> /system/bin/surfaceflinger <<<
I/DEBUG   ( 5260): signal 6 (SIGABRT), code -6 (SI_TKILL), fault addr --------
I/DEBUG   ( 5260): Abort message: 'eglSwapBuffers(0x1, 0x0) failed with 0x0000300d'
I/DEBUG   ( 5260):     r0 00000000  r1 0000148e  r2 00000006  r3 00000000
I/DEBUG   ( 5260):     r4 b6f3a114  r5 00000006  r6 0000000b  r7 0000010c
I/DEBUG   ( 5260):     r8 00000000  r9 becbcbd0  sl b6954210  fp becbcbd0
I/DEBUG   ( 5260):     ip 0000148e  sp becbc650  lr b6ec47b9  pc b6ee84e4  cpsr 600f0010
I/DEBUG   ( 5260): 
I/DEBUG   ( 5260): backtrace:
I/DEBUG   ( 5260):     #00 pc 000384e4  /system/lib/libc.so (tgkill+12)
I/DEBUG   ( 5260):     #01 pc 000147b5  /system/lib/libc.so (pthread_kill+52)
I/DEBUG   ( 5260):     #02 pc 0001550b  /system/lib/libc.so (raise+10)
I/DEBUG   ( 5260):     #03 pc 00011c35  /system/lib/libc.so (__libc_android_abort+36)
I/DEBUG   ( 5260):     #04 pc 0000fcb8  /system/lib/libc.so (abort+4)
I/DEBUG   ( 5260):     #05 pc 00007739  /system/lib/libcutils.so (__android_log_assert+88)
I/DEBUG   ( 5260):     #06 pc 0000f4df  /system/lib/libsurfaceflinger.so
I/DEBUG   ( 5260):     #07 pc 0001b9fd  /system/lib/libsurfaceflinger.so
I/DEBUG   ( 5260):     #08 pc 0001abe7  /system/lib/libsurfaceflinger.so
I/DEBUG   ( 5260):     #09 pc 00019fc3  /system/lib/libsurfaceflinger.so
I/DEBUG   ( 5260):     #10 pc 00019d49  /system/lib/libsurfaceflinger.so
I/DEBUG   ( 5260):     #11 pc 00010ed3  /system/lib/libutils.so (android::Looper::pollInner(int)+410)
I/DEBUG   ( 5260):     #12 pc 00010fc5  /system/lib/libutils.so (android::Looper::pollOnce(int, int*, int*, void**)+92)
I/DEBUG   ( 5260):     #13 pc 000174c5  /system/lib/libsurfaceflinger.so
I/DEBUG   ( 5260):     #14 pc 0001993d  /system/lib/libsurfaceflinger.so (android::SurfaceFlinger::run()+8)
I/DEBUG   ( 5260):     #15 pc 0000083d  /system/bin/surfaceflinger
I/DEBUG   ( 5260):     #16 pc 0000fb75  /system/lib/libc.so (__libc_init+44)
I/DEBUG   ( 5260):     #17 pc 000008d8  /system/bin/surfaceflinger
I/ServiceManager( 5263): Waiting for service batterystats...
F/art     ( 5265): sart/runtime/class_linker.cc:398] Check failed: java_lang_String.Get() == String_class (java_lang_String.Get()=0x12c0a400, String_class=0x12c0b400) ----- class 'Ljava/lang/String;' cl=0x0 -----
F/art     ( 5265): sart/runtime/class_linker.cc:398]   objectSize=640 (412 from super)
F/art     ( 5265): sart/runtime/class_linker.cc:398]   access=0x0000.0011
F/art     ( 5265): sart/runtime/class_linker.cc:398]   super='java.lang.Class<java.lang.Object>' (cl=0x0)
F/art     ( 5265): sart/runtime/class_linker.cc:398]   interfaces (3):
F/art     ( 5265): sart/runtime/class_linker.cc:398]      0: java.lang.Class<java.io.Serializable> (cl=0x0)
F/art     ( 5265): sart/runtime/class_linker.cc:398]      1: java.lang.Class<java.lang.Comparable> (cl=0x0)
F/art     ( 5265): sart/runtime/class_linker.cc:398]      2: java.lang.Class<java.lang.CharSequence> (cl=0x0)
F/art     ( 5265): sart/runtime/class_linker.cc:398]   class not yet loaded
F/art     ( 5265): sart/runtime/class_linker.cc:398] 
F/art     ( 5265): sart/runtime/class_linker.cc:398] ----- class 'Ljava/lang/String;' cl=0x0 -----
F/art     ( 5265): sart/runtime/class_linker.cc:398]   objectSize=636 (412 from super)
F/art     ( 5265): sart/runtime/class_linker.cc:398]   access=0x0000.0011
F/art     ( 5265): sart/runtime/class_linker.cc:398]   super='java.lang.Class<java.lang.Object>' (cl=0x0)
F/art     ( 5265): sart/runtime/class_linker.cc:398]   interfaces (3):
F/art     ( 5265): sart/runtime/class_linker.cc:398]      0: java.lang.Class<java.io.Serializable> (cl=0x0)
F/art     ( 5265): sart/runtime/class_linker.cc:398]      1: java.lang.Class<java.lang.Comparable> (cl=0x0)
F/art     ( 5265): sart/runtime/class_linker.cc:398]      2: java.lang.Class<java.lang.CharSequence> (cl=0x0)
F/art     ( 5265): sart/runtime/class_linker.cc:398]   vtable (54 entries, 11 in super):
F/art     ( 5265): sart/runtime/class_linker.cc:398]      0: void java.lang.String._getChars(int, int, char[], int)
F/art     ( 5265): sart/runtime/class_linker.cc:398]      1: char java.lang.String.charAt(int)
F/art     ( 5265): sart/runtime/class_linker.cc:398]      2: int java.lang.String.codePointAt(int)
F/art     ( 5265): sart/runtime/class_linker.cc:398]      3: int java.lang.String.codePointBefore(int)
F/art     ( 5265): sart/runtime/class_linker.cc:398]      4: int java.lang.String.codePointCount(int, int)
F/art     ( 5265): sart/runtime/class_linker.cc:398]      5: int java.lang.String.compareTo(java.lang.Object)
F/art     ( 5265): sart/runtime/class_linker.cc:398]      6: int java.lang.String.compareTo(java.lang.String)
F/art     ( 5265): sart/runtime/class_linker.cc:398]      7: int java.lang.String.compareToIgnoreCase(java.lang.String)
F/art     ( 5265): sart/runtime/class_linker.cc:398]      8: java.lang.String java.lang.String.concat(java.lang.String)
F/art     ( 5265): sart/runtime/class_linker.cc:398]      9: boolean java.lang.String.contains(java.lang.CharSequence)
F/art     ( 5265): sart/runtime/class_linker.cc:398]     10: boolean java.lang.String.contentEquals(java.lang.CharSequence)
F/art     ( 5265): sart/runtime/class_linker.cc:398]     11: boolean java.lang.String.contentEquals(java.lang.StringBuffer)
F/art     ( 5265): sart/runtime/class_linker.cc:398]     12: boolean java.lang.String.endsWith(java.lang.String)
F/art     ( 5265): sart/runtime/class_linker.cc:398]     13: boolean java.lang.String.equals(java.lang.Object)
F/art     ( 5265): sart/runtime/class_linker.cc:398]     14: boolean java.lang.String.equalsIgnoreCase(java.lang.String)
F/art     ( 5265): sart/runtime/class_linker.cc:398]     15: void java.lang.String.getBytes(int, int, byte[], int)
F/art     ( 5265): sart/runtime/class_linker.cc:398]     16: byte[] java.lang.String.getBytes()
F/art     ( 5265): sart/runtime/class_linker.cc:398]     17: byte[] java.lang.String.getBytes(java.lang.String)
F/art     ( 5265): sart/runtime/class_linker.cc:398]     18: byte[] java.lang.String.getBytes(java.nio.charset.Charset)
F/art     ( 5265): sart/runtime/class_linker.cc:398]     19: void java.lang.String.getChars(int, int, char[], int)
F/art     ( 5265): sart/runtime/class_linker.cc:398]     20: int java.lang.String.hashCode()
F/art     ( 5265): sart/runtime/class_linker.cc:398]     21: int java.lang.String.indexOf(int)
F/art     ( 5265): sart/runtime/class_linker.cc:398]     22: int java.lang.String.indexOf(int, int)
F/art     ( 5265): sart/runtime/class_linker.cc:398]     23: int java.lang.String.indexOf(java.lang.String)
F/art     ( 5265): sart/runtime/class_linker.cc:398]     24: int java.lang.String.indexOf(java.lang.String, int)
F/art     ( 5265): sart/runtime/class_linker.cc:398]     25: java.lang.String java.lang.String.intern()
F/art     ( 5265): sart/runtime/class_linker.cc:398]     26: boolean java.lang.String.isEmpty()
F/art     ( 5265): sart/runtime/class_linker.cc:398]     27: int java.lang.String.lastIndexOf(int)
F/art     ( 5265): sart/runtime/class_linker.cc:398]     28: int java.lang.String.lastIndexOf(int, int)
F/art     ( 5265): sart/runtime/class_linker.cc:398]     29: int java.lang.String.lastIndexOf(java.lang.String)
F/art     ( 5265): sart/runtime/class_linker.cc:398]     30: int java.lang.String.lastIndexOf(java.lang.String, int)
F/art     ( 5265): sart/runtime/class_linker.cc:398]     31: int java.lang.String.length()
F/art     ( 5265): sart/runtime/class_linker.cc:398]     32: boolean java.lang.String.matches(java.lang.String)
F/art     ( 5265): sart/runtime/class_linker.cc:398]     33: int java.lang.String.offsetByCodePoints(int, int)
F/art     ( 5265): sart/runtime/class_linker.cc:398]     34: boolean java.lang.String.regionMatches(int, java.lang.String, int, int)
F/art     ( 5265): sart/runtime/class_linker.cc:398]     35: boolean java.lang.String.regionMatches(boolean, int, java.lang.String, int, int)
F/art     ( 5265): sart/runtime/class_linker.cc:398]     36: java.lang.String java.lang.String.replace(char, char)
F/art     ( 5265): sart/runtime/class_linker.cc:398]     37: java.lang.String java.lang.String.replace(java.lang.CharSequence, java.lang.CharSequence)
F/art     ( 5265): sart/runtime/class_linker.cc:398]     38: java.lang.String java.lang.String.replaceAll(java.lang.String, java.lang.String)
F/art     ( 5265): sart/runtime/class_linker.cc:398]     39: java.lang.String java.lang.String.replaceFirst(java.lang.String, java.lang.String)
F/art     ( 5265): sart/runtime/class_linker.cc:398]     40: java.lang.String[] java.lang.String.split(java.lang.String)
F/art     ( 5265): sart/runtime/class_linker.cc:398]     41: java.lang.String[] java.lang.String.split(java.lang.String, int)
F/art     ( 5265): sart/runtime/class_linker.cc:398]     42: boolean java.lang.String.startsWith(java.lang.String)
F/art     ( 5265): sart/runtime/class_linker.cc:398]     43: boolean java.lang.String.startsWith(java.lang.String, int)
F/art     ( 5265): sart/runtime/class_linker.cc:398]     44: java.lang.CharSequence java.lang.String.subSequence(int, int)
F/art     ( 5265): sart/runtime/class_linker.cc:398]     45: java.lang.String java.lang.String.substring(int)
F/art     ( 5265): sart/runtime/class_linker.cc:398]     46: java.lang.String java.lang.String.substring(int, int)
F/art     ( 5265): sart/runtime/class_linker.cc:398]     47: char[] java.lang.String.toCharArray()
F/art     ( 5265): sart/runtime/class_linker.cc:398]     48: java.lang.String java.lang.String.toLowerCase()
F/art     ( 5265): sart/runtime/class_linker.cc:398]     49: java.lang.String java.lang.String.toLowerCase(java.util.Locale)
F/art     ( 5265): sart/runtime/class_linker.cc:398]     50: java.lang.String java.lang.String.toString()
F/art     ( 5265): sart/runtime/class_linker.cc:398]     51: java.lang.String java.lang.String.toUpperCase()
F/art     ( 5265): sart/runtime/class_linker.cc:398]     52: java.lang.String java.lang.String.toUpperCase(java.util.Locale)
F/art     ( 5265): sart/runtime/class_linker.cc:398]     53: java.lang.String java.lang.String.trim()
F/art     ( 5265): sart/runtime/class_linker.cc:398]   direct methods (38 entries):
F/art     ( 5265): sart/runtime/class_linker.cc:398]      0: void java.lang.String.<clinit>()
F/art     ( 5265): sart/runtime/class_linker.cc:398]      1: void java.lang.String.<init>()
F/art     ( 5265): sart/runtime/class_linker.cc:398]      2: void java.lang.String.<init>(int, int, char[])
F/art     ( 5265): sart/runtime/class_linker.cc:398]      3: void java.lang.String.<init>(java.lang.String)
F/art     ( 5265): sart/runtime/class_linker.cc:398]      4: void java.lang.String.<init>(java.lang.StringBuffer)
