W/Utils   ( 3692): bool android::canOffloadStream(const android::sp<android::MetaData>&, bool, const android::sp<android::MetaData>&, bool, audio_stream_type_t) No sample bit depth info in meta data
E/AudioPolicyManager( 3692): isOffloadSupported: stream_type != MUSIC, returning false
W/Utils   ( 3692): bool android::canOffloadStream(const android::sp<android::MetaData>&, bool, const android::sp<android::MetaData>&, bool, audio_stream_type_t) No sample bit depth info in meta data
E/AudioPolicyManager( 3692): isOffloadSupported: stream_type != MUSIC, returning false
D/BluetoothManagerService( 4116): Message: 20
D/BluetoothManagerService( 4116): Added callback: android.bluetooth.IBluetoothManagerCallback$Stub$Proxy@3ad20517:true
D/BluetoothAdapter( 4538): 901531337: getState() :  mService = null. Returning STATE_OFF
D/BluetoothAdapter( 4538): 901531337: getState() :  mService = null. Returning STATE_OFF
D/NuPlayerDriver( 3692): start(0xb4212040)
I/GenericSource( 3692): start
D/ConnectivityService( 4116): listenForNetwork for NetworkRequest [ id=2, legacyType=-1, [] ]
W/Utils   ( 3692): bool android::canOffloadStream(const android::sp<android::MetaData>&, bool, const android::sp<android::MetaData>&, bool, audio_stream_type_t) No sample bit depth info in meta data
E/AudioPolicyManager( 3692): isOffloadSupported: stream_type != MUSIC, returning false
W/Utils   ( 3692): bool android::canOffloadStream(const android::sp<android::MetaData>&, bool, const android::sp<android::MetaData>&, bool, audio_stream_type_t) No sample bit depth info in meta data
E/AudioPolicyManager( 3692): isOffloadSupported: stream_type != MUSIC, returning false
W/InputAttributes( 4735): No editor info for this field. Bug?
D/NuPlayerDriver( 3692): reset(0xb120d040)
D/NuPlayerDriver( 3692): reset(0xb4212040)
D/NuPlayerDriver( 3692): notifyResetComplete(0xb120d040)
D/NuPlayerDriver( 3692): notifyResetComplete(0xb4212040)
I/LatinIME:LogUtils( 4735): Dictionary info: dictionary = UserHistoryDictionary.en_US ; version = 1436931139 ; date = ?
I/LatinIME:LogUtils( 4735): Dictionary info: dictionary = PersonalizationDictionary.en_US ; version = 1436931139 ; date = ?
I/LatinIME:LogUtils( 4735): Dictionary info: dictionary = userunigram.en_US ; version = 1436931139 ; date = ?
D/WVMDrmPlugIn( 3691): WVMDrmPlugin::onInitialize : 4356
D/WVMDrmPlugIn( 3691): WVMDrmPlugin::onSetOnInfoListener : add 4356
D/WVMDrmPlugIn( 3691): WVMDrmPlugin::onTerminate : 4356
I/FFmpegExtractor( 3692): android-source:0xb2108060
I/LatinIME:LogUtils( 4735): Dictionary info: dictionary = ContextualDictionary.en_US ; version = 1436931139 ; date = ?
I/LatinIME:LogUtils( 4735): Dictionary info: dictionary = contacts.en_US ; version = 1436931139 ; date = ?
I/FFMPEG  ( 3692): Input #0, ogg, from 'android-source:0xb2108060':
I/FFMPEG  ( 3692):   Duration: 00:00:00.11, start: 0.000000, bitrate: 431 kb/s
I/FFMPEG  ( 3692):     Stream #0:0: Audio: vorbis, 48000 Hz, mono, fltp, 140 kb/s
D/FFmpegExtractor( 3692): FFmpegExtrator, url: android-source:0xb2108060, format_name: ogg, format_long_name: Ogg
I/FFmpegExtractor( 3692): adjust mime(application/ogg -> audio/vorbis)
D/FFmpegExtractor( 3692): suppoted codec(vorbis) by official Stagefright
D/FFmpegExtractor( 3692): ffmpeg detected media content as 'audio/vorbis' with confidence 0.08
E/cutils  ( 4814): Failed to mkdir(/mnt/shell/emulated/0): Read-only file system
W/Zygote  ( 4814): Failed to mount emulated storage: 30
D/NuPlayerDriver( 3692): start(0xb6053d00)
I/GenericSource( 3692): start
W/Utils   ( 3692): bool android::canOffloadStream(const android::sp<android::MetaData>&, bool, const android::sp<android::MetaData>&, bool, audio_stream_type_t) No sample bit depth info in meta data
E/AudioPolicyManager( 3692): isOffloadSupported: stream_type != MUSIC, returning false
W/Utils   ( 3692): bool android::canOffloadStream(const android::sp<android::MetaData>&, bool, const android::sp<android::MetaData>&, bool, audio_stream_type_t) No sample bit depth info in meta data
E/AudioPolicyManager( 3692): isOffloadSupported: stream_type != MUSIC, returning false
I/ActivityManager( 4116): Start proc com.cyanogenmod.lockclock for content provider com.cyanogenmod.lockclock/.weather.WeatherContentProvider: pid=4814 uid=10042 gids={50042, 9997, 3003} abi=armeabi-v7a
D/NuPlayerDriver( 3692): reset(0xb6053d00)
D/NuPlayerDriver( 3692): notifyResetComplete(0xb6053d00)
E/cutils  ( 4843): Failed to mkdir(/mnt/shell/emulated/0): Read-only file system
W/Zygote  ( 4843): Failed to mount emulated storage: 30
I/ActivityManager( 4116): Start proc android.process.acore for content provider com.android.providers.userdictionary/.UserDictionaryProvider: pid=4843 uid=10006 gids={50006, 9997, 3003, 1028, 1015} abi=armeabi-v7a
D/WVMDrmPlugIn( 3691): WVMDrmPlugin::onInitialize : 5486
D/WVMDrmPlugIn( 3691): WVMDrmPlugin::onSetOnInfoListener : add 5486
D/WVMDrmPlugIn( 3691): WVMDrmPlugin::onTerminate : 5486
I/FFmpegExtractor( 3692): android-source:0xb3c06060
I/FFMPEG  ( 3692): Input #0, ogg, from 'android-source:0xb3c06060':
I/FFMPEG  ( 3692):   Duration: 00:00:00.11, start: 0.000000, bitrate: 462 kb/s
I/FFMPEG  ( 3692):     Stream #0:0: Audio: vorbis, 48000 Hz, mono, fltp, 140 kb/s
D/FFmpegExtractor( 3692): FFmpegExtrator, url: android-source:0xb3c06060, format_name: ogg, format_long_name: Ogg
I/FFmpegExtractor( 3692): adjust mime(application/ogg -> audio/vorbis)
D/FFmpegExtractor( 3692): suppoted codec(vorbis) by official Stagefright
D/FFmpegExtractor( 3692): ffmpeg detected media content as 'audio/vorbis' with confidence 0.08
D/NuPlayerDriver( 3692): start(0xb400d040)
I/GenericSource( 3692): start
W/Utils   ( 3692): bool android::canOffloadStream(const android::sp<android::MetaData>&, bool, const android::sp<android::MetaData>&, bool, audio_stream_type_t) No sample bit depth info in meta data
E/AudioPolicyManager( 3692): isOffloadSupported: stream_type != MUSIC, returning false
W/Utils   ( 3692): bool android::canOffloadStream(const android::sp<android::MetaData>&, bool, const android::sp<android::MetaData>&, bool, audio_stream_type_t) No sample bit depth info in meta data
E/AudioPolicyManager( 3692): isOffloadSupported: stream_type != MUSIC, returning false
D/NuPlayerDriver( 3692): reset(0xb400d040)
D/NuPlayerDriver( 3692): notifyResetComplete(0xb400d040)
D/WeatherUpdateService( 4814): Service started, but shouldn't update ... stopping
D/BluetoothAdapter( 4538): 901531337: getState() :  mService = null. Returning STATE_OFF
D/BluetoothAdapter( 4538): 901531337: getState() :  mService = null. Returning STATE_OFF
D/BluetoothAdapter( 4538): 901531337: getState() :  mService = null. Returning STATE_OFF
D/BluetoothAdapter( 4538): 901531337: getState() :  mService = null. Returning STATE_OFF
D/PermissionCache( 3689): checking android.permission.ACCESS_SURFACE_FLINGER for uid=10016 => granted (612 us)
D/OpenGLRenderer( 4538): Render dirty regions requested: true
D/Atlas   ( 4538): Validating map...
D/PhoneStatusBar( 4538): disable: < expand icons alerts system_info back home recent clock search >
D/BluetoothAdapter( 4538): 901531337: getState() :  mService = null. Returning STATE_OFF
D/BluetoothAdapter( 4538): 901531337: getState() :  mService = null. Returning STATE_OFF
I/LatinIME:LogUtils( 4735): Dictionary info: dictionary = PersonalizationDictionary.en_US ; version = 1436931139 ; date = ?
I/LatinIME:LogUtils( 4735): Dictionary info: dictionary = PersonalizationDictionary.en_US ; version = 1436931139 ; date = ?
D/WVMDrmPlugIn( 3691): WVMDrmPlugin::onInitialize : 8177
D/WVMDrmPlugIn( 3691): WVMDrmPlugin::onSetOnInfoListener : add 8177
D/WVMDrmPlugIn( 3691): WVMDrmPlugin::onTerminate : 8177
I/FFmpegExtractor( 3692): android-source:0xb3c06060
I/art     ( 4116): Explicit concurrent mark sweep GC freed 26293(2MB) AllocSpace objects, 14(737KB) LOS objects, 33% free, 21MB/32MB, paused 2.483ms total 52.401ms
D/PhoneStatusBar( 4538): heads up is enabled
I/FFMPEG  ( 3692): Input #0, ogg, from 'android-source:0xb3c06060':
I/FFMPEG  ( 3692):   Duration: 00:00:00.18, start: 0.000000, bitrate: 431 kb/s
I/FFMPEG  ( 3692):     Stream #0:0: Audio: vorbis, 44100 Hz, mono, fltp, 239 kb/s
I/FFMPEG  ( 3692):     Metadata:
I/FFMPEG  ( 3692):       ARTIST          : Copyright 2013 Android Open Source Project
D/FFmpegExtractor( 3692): FFmpegExtrator, url: android-source:0xb3c06060, format_name: ogg, format_long_name: Ogg
I/FFmpegExtractor( 3692): adjust mime(application/ogg -> audio/vorbis)
D/FFmpegExtractor( 3692): suppoted codec(vorbis) by official Stagefright
D/FFmpegExtractor( 3692): ffmpeg detected media content as 'audio/vorbis' with confidence 0.08
D/StatusBar( 4538): user hasn't seen notification about hidden notifications
D/StatusBar( 4538): insecure lockscreen, skipping notification
D/NuPlayerDriver( 3692): start(0xb120d040)
I/GenericSource( 3692): start
W/Utils   ( 3692): bool android::canOffloadStream(const android::sp<android::MetaData>&, bool, const android::sp<android::MetaData>&, bool, audio_stream_type_t) No sample bit depth info in meta data
E/AudioPolicyManager( 3692): isOffloadSupported: stream_type != MUSIC, returning false
W/Utils   ( 3692): bool android::canOffloadStream(const android::sp<android::MetaData>&, bool, const android::sp<android::MetaData>&, bool, audio_stream_type_t) No sample bit depth info in meta data
E/AudioPolicyManager( 3692): isOffloadSupported: stream_type != MUSIC, returning false
D/NuPlayerDriver( 3692): reset(0xb120d040)
D/NuPlayerDriver( 3692): notifyResetComplete(0xb120d040)
W/BackupManagerService( 4116): dataChanged but no participant pkg='com.android.providers.settings' uid=10016
I/Choreographer( 4538): Skipped 66 frames!  The application may be doing too much work on its main thread.
D/ViewRootImpl( 4538): changeCanvasOpacity: opaque=true
W/Settings( 4538): Setting airplane_mode_on has moved from android.provider.Settings.System to android.provider.Settings.Global, returning read-only value.
W/Settings( 4538): Setting airplane_mode_on has moved from android.provider.Settings.System to android.provider.Settings.Global, returning read-only value.
I/ContactLocale( 4843): AddressBook Labels [en-US]: [, A, B, C, D, E, F, G, H, I, J, K, L, M, N, O, P, Q, R, S, T, U, V, W, X, Y, Z, , , , , , , , , , , , , , , , , , , , , , , , , , , , , , , , , , , , , , , , , , , , , , , , , , , , , , , , , , , , , , , , , , , , , , , , , , , , , , , , , , , , , , , , , , , , , , , , , , , , , , , , , , , , , , , , , , , , , , , , , , , , , , , , , , , , , , , , , , , , , , , , , , , , , , , , , , , , , , , , , , , , , , , , , , , , , , , , , , , , , , , , , , , , #, ]
I/        ( 4538): PLATFORM VERSION : JB-MR-2
I/OpenGLRenderer( 4538): Initialized EGL, version 1.4
D/OpenGLRenderer( 4538): Enabling debug mode 0
D/WifiService( 4116): New client listening to asynchronous messages
I/LatinIME:LogUtils( 4735): Dictionary info: dictionary = ? ; version = 22 ; date = 1349321750
E/BinaryDictionaryFileDumper( 4735): Unexpected exception communicating with the dictionary pack
E/BinaryDictionaryFileDumper( 4735): java.lang.NullPointerException: Attempt to read from field 'java.util.Locale com.android.inputmethod.latin.utils.DictionaryInfoUtils$DictionaryInfo.mLocale' on a null object reference
E/BinaryDictionaryFileDumper( 4735): 	at com.android.inputmethod.latin.utils.DictionaryInfoUtils.getCurrentDictionaryFileNameAndVersionInfo(DictionaryInfoUtils.java:378)
E/BinaryDictionaryFileDumper( 4735): 	at com.android.inputmethod.latin.BinaryDictionaryFileDumper.reinitializeClientRecordInDictionaryContentProvider(BinaryDictionaryFileDumper.java:484)
E/BinaryDictionaryFileDumper( 4735): 	at com.android.inputmethod.latin.BinaryDictionaryFileDumper.getWordListWordListInfos(BinaryDictionaryFileDumper.java:160)
E/BinaryDictionaryFileDumper( 4735): 	at com.android.inputmethod.latin.BinaryDictionaryFileDumper.cacheWordListsFromContentProvider(BinaryDictionaryFileDumper.java:418)
E/BinaryDictionaryFileDumper( 4735): 	at com.android.inputmethod.latin.BinaryDictionaryGetter.getDictionaryFiles(BinaryDictionaryGetter.java:268)
E/BinaryDictionaryFileDumper( 4735): 	at com.android.inputmethod.latin.DictionaryFactory.createMainDictionaryFromManager(DictionaryFactory.java:58)
E/BinaryDictionaryFileDumper( 4735): 	at com.android.inputmethod.latin.DictionaryFactory.createMainDictionaryFromManager(DictionaryFactory.java:137)
E/BinaryDictionaryFileDumper( 4735): 	at com.android.inputmethod.latin.DictionaryFacilitator$1.run(DictionaryFacilitator.java:297)
E/BinaryDictionaryFileDumper( 4735): 	at java.util.concurrent.ThreadPoolExecutor.runWorker(ThreadPoolExecutor.java:1112)
E/BinaryDictionaryFileDumper( 4735): 	at java.util.concurrent.ThreadPoolExecutor$Worker.run(ThreadPoolExecutor.java:587)
E/BinaryDictionaryFileDumper( 4735): 	at java.lang.Thread.run(Thread.java:818)
I/LatinIME:LogUtils( 4735): Dictionary info: dictionary = ? ; version = 26 ; date = 1351062238
E/cutils  ( 4912): Failed to mkdir(/mnt/shell/emulated/0): Read-only file system
W/Zygote  ( 4912): Failed to mount emulated storage: 30
I/ActivityManager( 4116): Start proc com.android.exchange for content provider com.android.exchange/.provider.ExchangeDirectoryProvider: pid=4912 uid=10034 gids={50034, 9997, 3003, 1028, 1015} abi=armeabi-v7a
D/libgps  ( 4116): SendGpsExtensionMessage: Waiting for IPC connection - timeout
E/libgps  ( 4116): LIBGPS: Cannot communicate (write) with a GPSD
E/libgps  ( 4116): IPC Communication Error, /tmp/13632270_219420/customers/samsung/KGFEVOandroid/../../../proprietary/deliverables/android/gps_interface/../gps_interface/gpsi_client/GpsiClient.cpp:617 SendGpsExtensionMessage
D/libgps  ( 4116): agps_set_server: Waiting for IPC connection...
E/cutils  ( 4934): Failed to mkdir(/mnt/shell/emulated/0): Read-only file system
W/Zygote  ( 4934): Failed to mount emulated storage: 30
I/ActivityManager( 4116): Start proc com.android.email for content provider com.android.email/.provider.EmailProvider: pid=4934 uid=10033 gids={50033, 9997, 3003, 1028, 1015} abi=armeabi-v7a
I/ContactDirectoryManager( 4843): deleted 0 stale rows which don't have any relevant directory
I/ContactDirectoryManager( 4843): Discovered 0 contact directories in 227ms
I/ValidateNoPeople( 4116): mEvictionCount: 0
I/ContactsProvider( 4843): Upgrading aggregation algorithm
I/ContactAggregator( 4843): Marked all visible contacts for aggregation: 0 raw contacts, 2 ms
I/ContactsProvider( 4843): Aggregation algorithm upgraded for 0 raw contacts in 36ms
D/OpenGLRenderer( 4538): setting property extraRasterBucket to 0.95
D/OpenGLRenderer( 4538):     failed
D/OpenGLRenderer( 4538): setting property extraRasterBucket to 0.0
D/OpenGLRenderer( 4538):     failed
I/ContactsFTS( 4843): Rebuild contact search index in 22ms, 0 contacts
I/art     ( 4538): Background sticky concurrent mark sweep GC freed 76964(5MB) AllocSpace objects, 3(52KB) LOS objects, 20% free, 19MB/25MB, paused 5.077ms total 53.276ms
D/ActivityThread( 4934): Loading provider com.android.email.provider;com.android.email.notifier: com.android.email.provider.EmailProvider
W/ContextImpl( 4934): Implicit intents with startService are not safe: Intent { act=com.android.mail.action.BACKUP_DATA_CHANGED } android.content.ContextWrapper.startService:521 com.android.mail.MailIntentService.broadcastBackupDataChanged:123 com.android.mail.preferences.VersionedPrefs.notifyBackupPreferenceChanged:278 
W/ActivityManager( 4116): Unable to start service Intent { act=com.android.mail.action.BACKUP_DATA_CHANGED } U=0: not found
W/ActivityManager( 4116): Unable to start service Intent { cmp=com.android.email/.service.AttachmentService } U=0: not found
W/ContextImpl( 4934): Implicit intents with startService are not safe: Intent { act=com.android.mail.action.BACKUP_DATA_CHANGED } android.content.ContextWrapper.startService:521 com.android.mail.MailIntentService.broadcastBackupDataChanged:123 com.android.mail.preferences.VersionedPrefs.notifyBackupPreferenceChanged:278 
W/ActivityManager( 4116): Unable to start service Intent { cmp=com.android.email/.service.AttachmentService } U=0: not found
W/ActivityManager( 4116): Unable to start service Intent { act=com.android.mail.action.BACKUP_DATA_CHANGED } U=0: not found
W/ContextImpl( 4934): Implicit intents with startService are not safe: Intent { act=com.android.mail.action.BACKUP_DATA_CHANGED } android.content.ContextWrapper.startService:521 com.android.mail.MailIntentService.broadcastBackupDataChanged:123 com.android.mail.preferences.VersionedPrefs.notifyBackupPreferenceChanged:278 
W/ActivityManager( 4116): Unable to start service Intent { act=com.android.mail.action.BACKUP_DATA_CHANGED } U=0: not found
W/ContextImpl( 4934): Implicit intents with startService are not safe: Intent { act=com.android.mail.action.BACKUP_DATA_CHANGED } android.content.ContextWrapper.startService:521 com.android.mail.MailIntentService.broadcastBackupDataChanged:123 com.android.mail.preferences.VersionedPrefs.notifyBackupPreferenceChanged:278 
W/ActivityManager( 4116): Unable to start service Intent { act=com.android.mail.action.BACKUP_DATA_CHANGED } U=0: not found
I/Email   ( 4934): Observing account changes for notifications
W/ContextImpl( 4934): Implicit intents with startService are not safe: Intent { act=com.android.mail.action.BACKUP_DATA_CHANGED } android.content.ContextWrapper.startService:521 com.android.mail.MailIntentService.broadcastBackupDataChanged:123 com.android.mail.preferences.VersionedPrefs.notifyBackupPreferenceChanged:278 
W/ActivityManager( 4116): Unable to start service Intent { act=com.android.mail.action.BACKUP_DATA_CHANGED } U=0: not found
W/ContextImpl( 4934): Implicit intents with startService are not safe: Intent { act=com.android.mail.action.BACKUP_DATA_CHANGED } android.content.ContextWrapper.startService:521 com.android.mail.MailIntentService.broadcastBackupDataChanged:123 com.android.mail.preferences.VersionedPrefs.notifyBackupPreferenceChanged:278 
W/ActivityManager( 4116): Unable to start service Intent { act=com.android.mail.action.BACKUP_DATA_CHANGED } U=0: not found
W/ContextImpl( 4934): Implicit intents with startService are not safe: Intent { act=com.android.mail.action.BACKUP_DATA_CHANGED } android.content.ContextWrapper.startService:521 com.android.mail.MailIntentService.broadcastBackupDataChanged:123 com.android.mail.preferences.VersionedPrefs.notifyBackupPreferenceChanged:278 
W/ActivityManager( 4116): Unable to start service Intent { act=com.android.mail.action.BACKUP_DATA_CHANGED } U=0: not found
I/Exchange( 4912): PSS has no active accounts; stopping service.
I/Choreographer( 4538): Skipped 48 frames!  The application may be doing too much work on its main thread.
D/libgps  ( 4116): agps_set_server: Waiting for IPC connection - timeout
E/libgps  ( 4116): LIBGPS: Cannot communicate (write) with a GPSD
E/libgps  ( 4116): IPC Communication Error, /tmp/13632270_219420/customers/samsung/KGFEVOandroid/../../../proprietary/deliverables/android/gps_interface/../gps_interface/gpsi_client/GpsiClient.cpp:1556 agps_set_server
E/GpsLocationProvider( 4116): no GPS configuration interface in configuraiton_update
D/GpsLocationProvider( 4116): final config = #Wed Jul 15 03:32:21 GMT+00:00 2015
D/GpsLocationProvider( 4116): SUPL_HOST=supl.google.com
D/GpsLocationProvider( 4116): XTRA_SERVER_3=http\://xtrapath3.izatcloud.net/xtra2.bin
D/GpsLocationProvider( 4116): XTRA_SERVER_1=http\://xtrapath1.izatcloud.net/xtra2.bin
D/GpsLocationProvider( 4116): SUPL_PORT=7276
D/GpsLocationProvider( 4116): XTRA_VERSION_CHECK=0
D/GpsLocationProvider( 4116): DEBUG_LEVEL=2
D/GpsLocationProvider( 4116): XTRA_SERVER_2=http\://xtrapath2.izatcloud.net/xtra2.bin
D/GpsLocationProvider( 4116): SUPL_ES=1
D/GpsLocationProvider( 4116): NMEA_PROVIDER=1
D/GpsLocationProvider( 4116): CAPABILITIES=0x37
D/GpsLocationProvider( 4116): SUPL_VER=0x10000
D/GpsLocationProvider( 4116): ERR_ESTIMATE=0
D/GpsLocationProvider( 4116): A_GLONASS_POS_PROTOCOL_SELECT=0 \#Sensor R&D \: This will not be injected to MODEM
D/GpsLocationProvider( 4116): INTERMEDIATE_POS=0
D/GpsLocationProvider( 4116): SGLTE_TARGET=0
D/GpsLocationProvider( 4116): LPP_PROFILE=0 \# Sensor R&D \: This will not be injected to MODEM
D/GpsLocationProvider( 4116): NTP_SERVER=ru.pool.ntp.org
D/GpsLocationProvider( 4116): SUPL_MODE=1
W/ServiceWatcher( 4116): com.google.android.gms not found
W/ServiceWatcher( 4116): com.google.android.gms not found
W/LocationManagerService( 4116): no network location provider found
W/ServiceWatcher( 4116): com.google.android.gms not found
W/ServiceWatcher( 4116): com.google.android.gms not found
E/LocationManagerService( 4116): no geocoder provider found
E/FlpHardwareProvider( 4116): Error hw_get_module 'flp': -2
E/LocationManagerService( 4116): FLP HAL not supported
W/ServiceWatcher( 4116): com.google.android.gms not found
E/LocationManagerService( 4116): Unable to bind FLP Geofence proxy.
E/ActivityRecognitionHardware( 4116): Error hw_get_module: -2
E/LocationManagerService( 4116): Hardware Activity-Recognition not supported.
W/ResourcesManager( 4116): Asset path '/system/framework/com.android.location.provider.jar' does not exist or contains no resources.
D/gpsd    ( 3699): WakeLock(Acquire,GPSD)
D/gpsd    ( 3699): WakeLock(Release,GPSD)
D/libgps  ( 4116): SendGpsExtensionMessage: Waiting for IPC connection...
I/CommonTimeManagementService( 4116): No common time service detected on this platform.  Common time services will be unavailable.
D/libgps  ( 4116): Restore last known AGPS server state
D/libgps  ( 4116): GeofenceControllerStateWaitForConnection: EXIT
D/libgps  ( 4116): GeofenceControllerStateConnected: ENTRY
D/gpsd    ( 3699): WakeLock(Acquire,GPSD)
D/gpsd    ( 3699): WakeLock(Release,GPSD)
D/gpsd    ( 3699): WakeLock(Acquire,GPSD)
D/GpsLocationProvider( 4116): set_capabilities_callback: 38u
I/InputReader( 4116): Reconfiguring input devices.  changes=0x00000040
D/gpsd    ( 3699): WakeLock(Release,GPSD)
D/gpsd    ( 3699): WakeLock(Acquire,GPSD)
I/MmsServiceBroker( 4116): Connecting to MmsService
D/gpsd    ( 3699): WakeLock(Release,GPSD)
D/gpsd    ( 3699): WakeLock(Acquire,GPSD)
D/gpsd    ( 3699): WakeLock(Release,GPSD)
W/ContextImpl( 4116): Calling a method in the system process without a qualified user: android.app.ContextImpl.bindService:1790 com.android.server.MmsServiceBroker.tryConnecting:134 com.android.server.MmsServiceBroker.systemRunning:121 com.android.server.SystemServer$2.run:1345 com.android.server.am.ActivityManagerService.systemReady:11460 
D/gpsd    ( 3699): WakeLock(Acquire,GPSD)
D/gpsd    ( 3699): WakeLock(Release,GPSD)
I/InputReader( 4116): Reconfiguring input devices.  changes=0x00000020
E/cutils  ( 4977): Failed to mkdir(/mnt/shell/emulated/0): Read-only file system
W/Zygote  ( 4977): Failed to mount emulated storage: 30
I/ActivityManager( 4116): Start proc com.android.phone for service com.android.mms.service/.MmsService: pid=4977 uid=1001 gids={41001, 9997, 3002, 3001, 3003, 1028, 1015} abi=armeabi-v7a
D/com.android.server.ThemeService( 4116): Previous api level not found. First time booting?
D/com.android.server.ThemeService( 4116): Prev api level was: -1, api is now: 21
D/com.android.server.ThemeService( 4116): The system has been upgraded to a theme new api, checking if currently set theme is compatible
D/gpsd    ( 3699): WakeLock(Acquire,GPSD)
D/gpsd    ( 3699): WakeLock(Release,GPSD)
D/gpsd    ( 3699): WakeLock(Acquire,GPSD)
D/gpsd    ( 3699): WakeLock(Release,GPSD)
E/cutils  ( 4999): Failed to mkdir(/mnt/shell/emulated/0): Read-only file system
W/Zygote  ( 4999): Failed to mount emulated storage: 30
I/ActivityManager( 4116): Start proc org.cyanogenmod.themes.provider for content provider org.cyanogenmod.themes.provider/.ThemesProvider: pid=4999 uid=10017 gids={50017, 9997, 3003} abi=armeabi-v7a
V/WiredAccessoryManager( 4116): init()
I/FusedLocation( 4116): engine started (com.android.location.fused)
D/ThemesProvider( 4999): Deleted 0
D/com.android.server.ThemeService( 4116): Current overlay theme is same as default. Not doing anything for mods_status_bar
D/com.android.server.ThemeService( 4116): Current overlay theme is same as default. Not doing anything for mods_navigation_bar
D/com.android.server.ThemeService( 4116): Current overlay theme is same as default. Not doing anything for mods_overlays
D/com.android.server.ThemeService( 4116): Current theme is compatible with the system. Not unapplying anything
E/PackageManager( 4116): Unable to find icon pack: system
W/VoiceInteractionManagerService( 4116): no available voice interaction services found for user 0
W/VoiceInteractionManagerService( 4116): no available voice recognition services found for user 0
E/cutils  ( 5028): Failed to mkdir(/mnt/shell/emulated/0): Read-only file system
W/Zygote  ( 5028): Failed to mount emulated storage: 30
I/ActivityManager( 4116): Start proc com.android.incallui for added application com.android.incallui: pid=5028 uid=10008 gids={50008, 9997, 3003, 1028, 1015} abi=armeabi-v7a
E/cutils  ( 5048): Failed to mkdir(/mnt/shell/emulated/0): Read-only file system
W/Zygote  ( 5048): Failed to mount emulated storage: 30
I/ActivityManager( 4116): Start proc org.cyanogenmod.audiofx for added application org.cyanogenmod.audiofx: pid=5048 uid=10000 gids={50000, 9997, 3003, 3002} abi=armeabi-v7a
E/cutils  ( 5071): Failed to mkdir(/mnt/shell/emulated/0): Read-only file system
W/Zygote  ( 5071): Failed to mount emulated storage: 30
I/ActivityManager( 4116): Start proc com.android.server.telecom for added application com.android.server.telecom: pid=5071 uid=1001 gids={41001, 9997, 3002, 3001, 3003, 1028, 1015} abi=armeabi-v7a
I/ActivityManager( 4116): START u0 {act=android.intent.action.MAIN cat=[android.intent.category.HOME] flg=0x10000000 cmp=com.android.settings/.CryptKeeper} from uid 0 on display 0
E/cutils  ( 5094): Failed to mkdir(/mnt/shell/emulated/0): Read-only file system
W/Zygote  ( 5094): Failed to mount emulated storage: 30
I/ActivityManager( 4116): Start proc com.android.settings for activity com.android.settings/.CryptKeeper: pid=5094 uid=1000 gids={41000, 9997, 3003, 1028, 1015, 3002, 3001} abi=armeabi-v7a
E/cutils  ( 5126): Failed to mkdir(/mnt/shell/emulated/0): Read-only file system
W/Zygote  ( 5126): Failed to mount emulated storage: 30
I/ActivityManager( 4116): Start proc com.android.printspooler for service com.android.printspooler/.model.PrintSpoolerService: pid=5126 uid=10050 gids={50050, 9997} abi=armeabi-v7a
I/art     ( 3700): Explicit concurrent mark sweep GC freed 709(30KB) AllocSpace objects, 0(0B) LOS objects, 40% free, 15MB/25MB, paused 267us total 12.551ms
D/MmsService( 4977): onCreate
I/art     ( 3700): Explicit concurrent mark sweep GC freed 5(160B) AllocSpace objects, 0(0B) LOS objects, 40% free, 15MB/25MB, paused 213us total 10.516ms
D/GpsNetInitiatedHandler( 4116): location enabled :true
I/art     ( 3700): Explicit concurrent mark sweep GC freed 5(160B) AllocSpace objects, 0(0B) LOS objects, 40% free, 15MB/25MB, paused 216us total 10.231ms
E/cutils  ( 5151): Failed to mkdir(/mnt/shell/emulated/0): Read-only file system
W/Zygote  ( 5151): Failed to mount emulated storage: 30
I/ActivityManager( 4116): Start proc android.process.media for broadcast com.android.providers.media/.MtpReceiver: pid=5151 uid=10009 gids={50009, 9997, 1028, 1015, 1023, 1024, 2001, 3003, 3007} abi=armeabi-v7a
V/StatusBar( 4538): userId 0 is in the house
I/MmsService( 4977): MmsConfigManager.loadInBackground(): mcc/mnc: 0/0
E/MmsService( 4977): MmsConfigManager.load -- empty getActiveSubInfoList
D/Telecom ( 5071): MissedCallNotifier: updateOnStartup()...
W/AppWidgetServiceImpl( 4116): Failed to read state: java.io.FileNotFoundException: /data/system/users/0/appwidgets.xml: open failed: ENOENT (No such file or directory)
V/AppWidgetServiceImpl( 4116): Upgrading widget database from 0 to 1
D/BluetoothManagerService( 4116): Message: 300
D/BluetoothManagerService( 4116): MESSAGE_USER_SWITCHED
E/AudioPolicyManager( 3692): getDeviceForStrategy() speaker device not found for STRATEGY_SONIFICATION
E/AudioPolicyManager( 3692): getDeviceForStrategy() speaker device not found for STRATEGY_SONIFICATION
E/AudioPolicyManager( 3692): getDeviceForStrategy() speaker device not found for STRATEGY_SONIFICATION
E/AudioPolicyManager( 3692): getDeviceForStrategy() speaker device not found for STRATEGY_SONIFICATION
D/BluetoothManagerService( 4116): Message: 20
D/BluetoothManagerService( 4116): Added callback: android.bluetooth.IBluetoothManagerCallback$Stub$Proxy@17b057e9:true
D/BluetoothManagerService( 4116): Message: 30
I/PrintSpoolerService( 5126): No existing print spooler state.
I/MmsServiceBroker( 4116): MmsService connected
I/ActivityManager( 4116): START u0 {act=android.intent.action.MAIN cat=[android.intent.category.HOME] flg=0x10000000 cmp=com.cyanogenmod.setupwizard/.ui.SetupWizardActivity} from uid 0 on display 0
D/Telecom ( 5071): ProximitySensorManager: onCreate: mProximityWakeLock: 
E/Minikin ( 3700): addFont failed to create font /system/fonts/NotoSansGujarati-Regular.ttf
E/Minikin ( 3700): addFont failed to create font /system/fonts/NotoSansGujarati-Bold.ttf
E/Minikin ( 3700): addFont failed to create font /system/fonts/NotoSansGujaratiUI-Regular.ttf
E/Minikin ( 3700): addFont failed to create font /system/fonts/NotoSansGujaratiUI-Bold.ttf
E/Minikin ( 3700): addFont failed to create font /system/fonts/NotoSansGurmukhi-Regular.ttf
E/Minikin ( 3700): addFont failed to create font /system/fonts/NotoSansGurmukhi-Bold.ttf
E/Minikin ( 3700): addFont failed to create font /system/fonts/NotoSansGurmukhiUI-Regular.ttf
E/Minikin ( 3700): addFont failed to create font /system/fonts/NotoSansGurmukhiUI-Bold.ttf
E/Minikin ( 3700): addFont failed to create font /system/fonts/NotoSansSinhala-Regular.ttf
E/Minikin ( 3700): addFont failed to create font /system/fonts/NotoSansSinhala-Bold.ttf
E/Minikin ( 3700): addFont failed to create font /system/fonts/NotoSansCherokee-Regular.ttf
E/Minikin ( 3700): addFont failed to create font /system/fonts/NotoSansCanadianAboriginal-Regular.ttf
E/Minikin ( 3700): addFont failed to create font /system/fonts/NotoSansYi-Regular.ttf
E/Minikin ( 3700): addFont failed to create font /system/fonts/NotoSansHans-Regular.otf
E/Minikin ( 3700): addFont failed to create font /system/fonts/NotoSansHant-Regular.otf
E/Minikin ( 3700): addFont failed to create font /system/fonts/NotoSansJP-Regular.otf
E/Minikin ( 3700): addFont failed to create font /system/fonts/NotoSansKR-Regular.otf
E/cutils  ( 5186): Failed to mkdir(/mnt/shell/emulated/0): Read-only file system
W/Zygote  ( 5186): Failed to mount emulated storage: 30
I/ActivityManager( 4116): Start proc com.cyanogenmod.setupwizard for activity com.cyanogenmod.setupwizard/.ui.SetupWizardActivity: pid=5186 uid=1000 gids={41000, 9997, 3003, 1028, 1015, 3002, 3001} abi=armeabi-v7a
D/Telecom ( 5071): MissedCallNotifier: onQueryComplete()...
D/Telecom ( 5071): BluetoothPhoneService: onCreate
D/BluetoothManagerService( 4116): Message: 30
I/MediaProvider( 5151): Upgrading media database from version 0 to 701, which will destroy all old data
I/ActivityManager( 4116): Config changes=300000 {1.0 ?mcc?mnc en_US ldltr sw360dp w360dp h615dp 480dpi nrml long port finger -keyb/v/h -nav/h s.7 themeResource=themes:{default=overlay:system, iconPack:system, fontPkg:system, com.android.systemui=overlay:system, com.android.systemui.navbar=overlay:system}}
D/com.android.server.ThemeService( 4116): Force stopping com.android.provision for theme change
D/ActivityManager( 4116): Storing locale en-US for decryption UI
E/Minikin ( 4116): addFont failed to create font /system/fonts/NotoSansGujarati-Regular.ttf
E/Minikin ( 4116): addFont failed to create font /system/fonts/NotoSansGujarati-Bold.ttf
E/Minikin ( 4116): addFont failed to create font /system/fonts/NotoSansGujaratiUI-Regular.ttf
E/Minikin ( 4116): addFont failed to create font /system/fonts/NotoSansGujaratiUI-Bold.ttf
E/Minikin ( 4116): addFont failed to create font /system/fonts/NotoSansGurmukhi-Regular.ttf
E/Minikin ( 4116): addFont failed to create font /system/fonts/NotoSansGurmukhi-Bold.ttf
E/Minikin ( 4116): addFont failed to create font /system/fonts/NotoSansGurmukhiUI-Regular.ttf
E/Minikin ( 4116): addFont failed to create font /system/fonts/NotoSansGurmukhiUI-Bold.ttf
E/Minikin ( 4116): addFont failed to create font /system/fonts/NotoSansSinhala-Regular.ttf
E/Minikin ( 4116): addFont failed to create font /system/fonts/NotoSansSinhala-Bold.ttf
E/Minikin ( 4116): addFont failed to create font /system/fonts/NotoSansCherokee-Regular.ttf
E/Minikin ( 4116): addFont failed to create font /system/fonts/NotoSansCanadianAboriginal-Regular.ttf
E/Minikin ( 4116): addFont failed to create font /system/fonts/NotoSansYi-Regular.ttf
E/Minikin ( 4116): addFont failed to create font /system/fonts/NotoSansHans-Regular.otf
E/Minikin ( 4116): addFont failed to create font /system/fonts/NotoSansHant-Regular.otf
E/Minikin ( 4116): addFont failed to create font /system/fonts/NotoSansJP-Regular.otf
E/Minikin ( 4116): addFont failed to create font /system/fonts/NotoSansKR-Regular.otf
I/ActivityManager( 4116): Force stopping com.android.provision appid=10051 user=0: from pid 4116
E/Minikin ( 5126): addFont failed to create font /system/fonts/NotoSansGujarati-Regular.ttf
E/Minikin ( 5126): addFont failed to create font /system/fonts/NotoSansGujarati-Bold.ttf
E/Minikin ( 5126): addFont failed to create font /system/fonts/NotoSansGujaratiUI-Regular.ttf
E/Minikin ( 5126): addFont failed to create font /system/fonts/NotoSansGujaratiUI-Bold.ttf
E/Minikin ( 5126): addFont failed to create font /system/fonts/NotoSansGurmukhi-Regular.ttf
E/Minikin ( 5126): addFont failed to create font /system/fonts/NotoSansGurmukhi-Bold.ttf
E/Minikin ( 5126): addFont failed to create font /system/fonts/NotoSansGurmukhiUI-Regular.ttf
E/Minikin ( 5126): addFont failed to create font /system/fonts/NotoSansGurmukhiUI-Bold.ttf
E/Minikin ( 5126): addFont failed to create font /system/fonts/NotoSansSinhala-Regular.ttf
E/Minikin ( 5126): addFont failed to create font /system/fonts/NotoSansSinhala-Bold.ttf
E/Minikin ( 5126): addFont failed to create font /system/fonts/NotoSansCherokee-Regular.ttf
E/Minikin ( 5126): addFont failed to create font /system/fonts/NotoSansCanadianAboriginal-Regular.ttf
E/Minikin ( 5126): addFont failed to create font /system/fonts/NotoSansYi-Regular.ttf
E/Minikin ( 5126): addFont failed to create font /system/fonts/NotoSansHans-Regular.otf
E/Minikin ( 5126): addFont failed to create font /system/fonts/NotoSansHant-Regular.otf
E/Minikin ( 5126): addFont failed to create font /system/fonts/NotoSansJP-Regular.otf
E/Minikin ( 5126): addFont failed to create font /system/fonts/NotoSansKR-Regular.otf
E/Minikin ( 5028): addFont failed to create font /system/fonts/NotoSansGujarati-Regular.ttf
E/Minikin ( 5028): addFont failed to create font /system/fonts/NotoSansGujarati-Bold.ttf
E/Minikin ( 5028): addFont failed to create font /system/fonts/NotoSansGujaratiUI-Regular.ttf
E/Minikin ( 5028): addFont failed to create font /system/fonts/NotoSansGujaratiUI-Bold.ttf
E/Minikin ( 5028): addFont failed to create font /system/fonts/NotoSansGurmukhi-Regular.ttf
E/Minikin ( 5028): addFont failed to create font /system/fonts/NotoSansGurmukhi-Bold.ttf
E/Minikin ( 5028): addFont failed to create font /system/fonts/NotoSansGurmukhiUI-Regular.ttf
E/Minikin ( 5028): addFont failed to create font /system/fonts/NotoSansGurmukhiUI-Bold.ttf
E/Minikin ( 5028): addFont failed to create font /system/fonts/NotoSansSinhala-Regular.ttf
E/Minikin ( 5028): addFont failed to create font /system/fonts/NotoSansSinhala-Bold.ttf
E/Minikin ( 5028): addFont failed to create font /system/fonts/NotoSansCherokee-Regular.ttf
E/Minikin ( 5028): addFont failed to create font /system/fonts/NotoSansCanadianAboriginal-Regular.ttf
E/Minikin ( 5028): addFont failed to create font /system/fonts/NotoSansYi-Regular.ttf
E/Minikin ( 5028): addFont failed to create font /system/fonts/NotoSansHans-Regular.otf
E/Minikin ( 5028): addFont failed to create font /system/fonts/NotoSansHant-Regular.otf
E/Minikin ( 5028): addFont failed to create font /system/fonts/NotoSansJP-Regular.otf
E/Minikin ( 5028): addFont failed to create font /system/fonts/NotoSansKR-Regular.otf
E/Minikin ( 5048): addFont failed to create font /system/fonts/NotoSansGujarati-Regular.ttf
E/Minikin ( 5048): addFont failed to create font /system/fonts/NotoSansGujarati-Bold.ttf
E/Minikin ( 5048): addFont failed to create font /system/fonts/NotoSansGujaratiUI-Regular.ttf
E/Minikin ( 5048): addFont failed to create font /system/fonts/NotoSansGujaratiUI-Bold.ttf
E/Minikin ( 5048): addFont failed to create font /system/fonts/NotoSansGurmukhi-Regular.ttf
E/Minikin ( 5094): addFont failed to create font /system/fonts/NotoSansGujarati-Regular.ttf
E/Minikin ( 5048): addFont failed to create font /system/fonts/NotoSansGurmukhi-Bold.ttf
E/Minikin ( 5094): addFont failed to create font /system/fonts/NotoSansGujarati-Bold.ttf
E/Minikin ( 5048): addFont failed to create font /system/fonts/NotoSansGurmukhiUI-Regular.ttf
E/Minikin ( 5094): addFont failed to create font /system/fonts/NotoSansGujaratiUI-Regular.ttf
E/Minikin ( 5048): addFont failed to create font /system/fonts/NotoSansGurmukhiUI-Bold.ttf
E/Minikin ( 5094): addFont failed to create font /system/fonts/NotoSansGujaratiUI-Bold.ttf
E/Minikin ( 5094): addFont failed to create font /system/fonts/NotoSansGurmukhi-Regular.ttf
E/Minikin ( 5094): addFont failed to create font /system/fonts/NotoSansGurmukhi-Bold.ttf
E/Minikin ( 5094): addFont failed to create font /system/fonts/NotoSansGurmukhiUI-Regular.ttf
E/Minikin ( 5094): addFont failed to create font /system/fonts/NotoSansGurmukhiUI-Bold.ttf
E/Minikin ( 5094): addFont failed to create font /system/fonts/NotoSansSinhala-Regular.ttf
E/Minikin ( 5094): addFont failed to create font /system/fonts/NotoSansSinhala-Bold.ttf
E/Minikin ( 5048): addFont failed to create font /system/fonts/NotoSansSinhala-Regular.ttf
E/Minikin ( 5048): addFont failed to create font /system/fonts/NotoSansSinhala-Bold.ttf
E/Minikin ( 5094): addFont failed to create font /system/fonts/NotoSansCherokee-Regular.ttf
E/Minikin ( 5094): addFont failed to create font /system/fonts/NotoSansCanadianAboriginal-Regular.ttf
E/Minikin ( 5094): addFont failed to create font /system/fonts/NotoSansYi-Regular.ttf
E/Minikin ( 5094): addFont failed to create font /system/fonts/NotoSansHans-Regular.otf
E/Minikin ( 5094): addFont failed to create font /system/fonts/NotoSansHant-Regular.otf
E/Minikin ( 5094): addFont failed to create font /system/fonts/NotoSansJP-Regular.otf
E/Minikin ( 5094): addFont failed to create font /system/fonts/NotoSansKR-Regular.otf
E/Minikin ( 5048): addFont failed to create font /system/fonts/NotoSansCherokee-Regular.ttf
E/Minikin ( 5048): addFont failed to create font /system/fonts/NotoSansCanadianAboriginal-Regular.ttf
E/Minikin ( 5048): addFont failed to create font /system/fonts/NotoSansYi-Regular.ttf
E/Minikin ( 5048): addFont failed to create font /system/fonts/NotoSansHans-Regular.otf
E/Minikin ( 5048): addFont failed to create font /system/fonts/NotoSansHant-Regular.otf
E/Minikin ( 5048): addFont failed to create font /system/fonts/NotoSansJP-Regular.otf
E/Minikin ( 5048): addFont failed to create font /system/fonts/NotoSansKR-Regular.otf
E/Minikin ( 4735): addFont failed to create font /system/fonts/NotoSansGujarati-Regular.ttf
E/Minikin ( 4735): addFont failed to create font /system/fonts/NotoSansGujarati-Bold.ttf
E/Minikin ( 4735): addFont failed to create font /system/fonts/NotoSansGujaratiUI-Regular.ttf
E/Minikin ( 4735): addFont failed to create font /system/fonts/NotoSansGujaratiUI-Bold.ttf
E/Minikin ( 4735): addFont failed to create font /system/fonts/NotoSansGurmukhi-Regular.ttf
E/Minikin ( 4735): addFont failed to create font /system/fonts/NotoSansGurmukhi-Bold.ttf
E/Minikin ( 4735): addFont failed to create font /system/fonts/NotoSansGurmukhiUI-Regular.ttf
E/Minikin ( 4735): addFont failed to create font /system/fonts/NotoSansGurmukhiUI-Bold.ttf
E/Minikin ( 4735): addFont failed to create font /system/fonts/NotoSansSinhala-Regular.ttf
E/Minikin ( 4735): addFont failed to create font /system/fonts/NotoSansSinhala-Bold.ttf
E/Minikin ( 4735): addFont failed to create font /system/fonts/NotoSansCherokee-Regular.ttf
E/Minikin ( 4735): addFont failed to create font /system/fonts/NotoSansCanadianAboriginal-Regular.ttf
E/Minikin ( 4735): addFont failed to create font /system/fonts/NotoSansYi-Regular.ttf
E/Minikin ( 4735): addFont failed to create font /system/fonts/NotoSansHans-Regular.otf
E/Minikin ( 4735): addFont failed to create font /system/fonts/NotoSansHant-Regular.otf
E/Minikin ( 4735): addFont failed to create font /system/fonts/NotoSansJP-Regular.otf
E/Minikin ( 4735): addFont failed to create font /system/fonts/NotoSansKR-Regular.otf
D/MediaProvider( 5151): Adjusting external storage paths to: /storage/emulated/0
E/Minikin ( 5071): addFont failed to create font /system/fonts/NotoSansGujarati-Regular.ttf
E/Minikin ( 5071): addFont failed to create font /system/fonts/NotoSansGujarati-Bold.ttf
E/Minikin ( 5071): addFont failed to create font /system/fonts/NotoSansGujaratiUI-Regular.ttf
E/Minikin ( 5071): addFont failed to create font /system/fonts/NotoSansGujaratiUI-Bold.ttf
E/Minikin ( 5071): addFont failed to create font /system/fonts/NotoSansGurmukhi-Regular.ttf
E/Minikin ( 5071): addFont failed to create font /system/fonts/NotoSansGurmukhi-Bold.ttf
E/Minikin ( 5071): addFont failed to create font /system/fonts/NotoSansGurmukhiUI-Regular.ttf
E/Minikin ( 5071): addFont failed to create font /system/fonts/NotoSansGurmukhiUI-Bold.ttf
E/Minikin ( 5071): addFont failed to create font /system/fonts/NotoSansSinhala-Regular.ttf
E/Minikin ( 5071): addFont failed to create font /system/fonts/NotoSansSinhala-Bold.ttf
E/Minikin ( 5071): addFont failed to create font /system/fonts/NotoSansCherokee-Regular.ttf
E/Minikin ( 5071): addFont failed to create font /system/fonts/NotoSansCanadianAboriginal-Regular.ttf
E/Minikin ( 5071): addFont failed to create font /system/fonts/NotoSansYi-Regular.ttf
E/Minikin ( 5071): addFont failed to create font /system/fonts/NotoSansHans-Regular.otf
E/Minikin ( 5071): addFont failed to create font /system/fonts/NotoSansHant-Regular.otf
E/Minikin ( 5071): addFont failed to create font /system/fonts/NotoSansJP-Regular.otf
E/Minikin ( 5071): addFont failed to create font /system/fonts/NotoSansKR-Regular.otf
E/Minikin ( 4934): addFont failed to create font /system/fonts/NotoSansGujarati-Regular.ttf
E/Minikin ( 4934): addFont failed to create font /system/fonts/NotoSansGujarati-Bold.ttf
E/Minikin ( 4934): addFont failed to create font /system/fonts/NotoSansGujaratiUI-Regular.ttf
E/Minikin ( 4934): addFont failed to create font /system/fonts/NotoSansGujaratiUI-Bold.ttf
E/Minikin ( 4934): addFont failed to create font /system/fonts/NotoSansGurmukhi-Regular.ttf
E/Minikin ( 4934): addFont failed to create font /system/fonts/NotoSansGurmukhi-Bold.ttf
E/Minikin ( 4934): addFont failed to create font /system/fonts/NotoSansGurmukhiUI-Regular.ttf
E/Minikin ( 4934): addFont failed to create font /system/fonts/NotoSansGurmukhiUI-Bold.ttf
E/Minikin ( 4934): addFont failed to create font /system/fonts/NotoSansSinhala-Regular.ttf
E/Minikin ( 4934): addFont failed to create font /system/fonts/NotoSansSinhala-Bold.ttf
E/Minikin ( 4814): addFont failed to create font /system/fonts/NotoSansGujarati-Regular.ttf
E/Minikin ( 4814): addFont failed to create font /system/fonts/NotoSansGujarati-Bold.ttf
E/Minikin ( 4814): addFont failed to create font /system/fonts/NotoSansGujaratiUI-Regular.ttf
E/Minikin ( 4814): addFont failed to create font /system/fonts/NotoSansGujaratiUI-Bold.ttf
E/Minikin ( 4814): addFont failed to create font /system/fonts/NotoSansGurmukhi-Regular.ttf
E/Minikin ( 4999): addFont failed to create font /system/fonts/NotoSansGujarati-Regular.ttf
E/Minikin ( 4814): addFont failed to create font /system/fonts/NotoSansGurmukhi-Bold.ttf
E/Minikin ( 4999): addFont failed to create font /system/fonts/NotoSansGujarati-Bold.ttf
E/Minikin ( 4814): addFont failed to create font /system/fonts/NotoSansGurmukhiUI-Regular.ttf
E/Minikin ( 4999): addFont failed to create font /system/fonts/NotoSansGujaratiUI-Regular.ttf
E/Minikin ( 4814): addFont failed to create font /system/fonts/NotoSansGurmukhiUI-Bold.ttf
E/Minikin ( 4999): addFont failed to create font /system/fonts/NotoSansGujaratiUI-Bold.ttf
E/Minikin ( 4999): addFont failed to create font /system/fonts/NotoSansGurmukhi-Regular.ttf
E/Minikin ( 4999): addFont failed to create font /system/fonts/NotoSansGurmukhi-Bold.ttf
E/Minikin ( 4999): addFont failed to create font /system/fonts/NotoSansGurmukhiUI-Regular.ttf
E/Minikin ( 4999): addFont failed to create font /system/fonts/NotoSansGurmukhiUI-Bold.ttf
E/Minikin ( 4538): addFont failed to create font /system/fonts/NotoSansGujarati-Regular.ttf
E/Minikin ( 4538): addFont failed to create font /system/fonts/NotoSansGujarati-Bold.ttf
E/Minikin ( 4538): addFont failed to create font /system/fonts/NotoSansGujaratiUI-Regular.ttf
E/Minikin ( 4538): addFont failed to create font /system/fonts/NotoSansGujaratiUI-Bold.ttf
E/Minikin ( 4538): addFont failed to create font /system/fonts/NotoSansGurmukhi-Regular.ttf
E/Minikin ( 4538): addFont failed to create font /system/fonts/NotoSansGurmukhi-Bold.ttf
E/Minikin ( 4538): addFont failed to create font /system/fonts/NotoSansGurmukhiUI-Regular.ttf
E/Minikin ( 4538): addFont failed to create font /system/fonts/NotoSansGurmukhiUI-Bold.ttf
E/Minikin ( 4814): addFont failed to create font /system/fonts/NotoSansSinhala-Regular.ttf
E/Minikin ( 4814): addFont failed to create font /system/fonts/NotoSansSinhala-Bold.ttf
E/Minikin ( 4999): addFont failed to create font /system/fonts/NotoSansSinhala-Regular.ttf
E/Minikin ( 4999): addFont failed to create font /system/fonts/NotoSansSinhala-Bold.ttf
E/Minikin ( 4814): addFont failed to create font /system/fonts/NotoSansCherokee-Regular.ttf
E/Minikin ( 4814): addFont failed to create font /system/fonts/NotoSansCanadianAboriginal-Regular.ttf
E/Minikin ( 4814): addFont failed to create font /system/fonts/NotoSansYi-Regular.ttf
E/Minikin ( 4814): addFont failed to create font /system/fonts/NotoSansHans-Regular.otf
E/Minikin ( 4814): addFont failed to create font /system/fonts/NotoSansHant-Regular.otf
E/Minikin ( 4814): addFont failed to create font /system/fonts/NotoSansJP-Regular.otf
E/Minikin ( 4814): addFont failed to create font /system/fonts/NotoSansKR-Regular.otf
E/Minikin ( 4538): addFont failed to create font /system/fonts/NotoSansSinhala-Regular.ttf
E/Minikin ( 4538): addFont failed to create font /system/fonts/NotoSansSinhala-Bold.ttf
E/Minikin ( 4912): addFont failed to create font /system/fonts/NotoSansGujarati-Regular.ttf
E/Minikin ( 4912): addFont failed to create font /system/fonts/NotoSansGujarati-Bold.ttf
E/Minikin ( 4912): addFont failed to create font /system/fonts/NotoSansGujaratiUI-Regular.ttf
E/Minikin ( 4912): addFont failed to create font /system/fonts/NotoSansGujaratiUI-Bold.ttf
E/Minikin ( 4934): addFont failed to create font /system/fonts/NotoSansCherokee-Regular.ttf
E/Minikin ( 4912): addFont failed to create font /system/fonts/NotoSansGurmukhi-Regular.ttf
E/Minikin ( 4912): addFont failed to create font /system/fonts/NotoSansGurmukhi-Bold.ttf
E/Minikin ( 4912): addFont failed to create font /system/fonts/NotoSansGurmukhiUI-Regular.ttf
E/Minikin ( 4912): addFont failed to create font /system/fonts/NotoSansGurmukhiUI-Bold.ttf
E/Minikin ( 4538): addFont failed to create font /system/fonts/NotoSansCherokee-Regular.ttf
E/Minikin ( 4538): addFont failed to create font /system/fonts/NotoSansCanadianAboriginal-Regular.ttf
E/Minikin ( 4538): addFont failed to create font /system/fonts/NotoSansYi-Regular.ttf
E/Minikin ( 4538): addFont failed to create font /system/fonts/NotoSansHans-Regular.otf
E/Minikin ( 4538): addFont failed to create font /system/fonts/NotoSansHant-Regular.otf
E/Minikin ( 4538): addFont failed to create font /system/fonts/NotoSansJP-Regular.otf
E/Minikin ( 4538): addFont failed to create font /system/fonts/NotoSansKR-Regular.otf
E/Minikin ( 4934): addFont failed to create font /system/fonts/NotoSansCanadianAboriginal-Regular.ttf
E/Minikin ( 4934): addFont failed to create font /system/fonts/NotoSansYi-Regular.ttf
E/Minikin ( 4934): addFont failed to create font /system/fonts/NotoSansHans-Regular.otf
E/Minikin ( 4934): addFont failed to create font /system/fonts/NotoSansHant-Regular.otf
E/Minikin ( 4934): addFont failed to create font /system/fonts/NotoSansJP-Regular.otf
E/Minikin ( 4934): addFont failed to create font /system/fonts/NotoSansKR-Regular.otf
E/Minikin ( 4912): addFont failed to create font /system/fonts/NotoSansSinhala-Regular.ttf
E/Minikin ( 4912): addFont failed to create font /system/fonts/NotoSansSinhala-Bold.ttf
E/Minikin ( 4912): addFont failed to create font /system/fonts/NotoSansCherokee-Regular.ttf
E/Minikin ( 4912): addFont failed to create font /system/fonts/NotoSansCanadianAboriginal-Regular.ttf
E/Minikin ( 4912): addFont failed to create font /system/fonts/NotoSansYi-Regular.ttf
E/Minikin ( 4912): addFont failed to create font /system/fonts/NotoSansHans-Regular.otf
E/Minikin ( 4912): addFont failed to create font /system/fonts/NotoSansHant-Regular.otf
E/Minikin ( 4912): addFont failed to create font /system/fonts/NotoSansJP-Regular.otf
E/Minikin ( 4912): addFont failed to create font /system/fonts/NotoSansKR-Regular.otf
E/Minikin ( 4999): addFont failed to create font /system/fonts/NotoSansCherokee-Regular.ttf
E/Minikin ( 4999): addFont failed to create font /system/fonts/NotoSansCanadianAboriginal-Regular.ttf
E/Minikin ( 4999): addFont failed to create font /system/fonts/NotoSansYi-Regular.ttf
E/Minikin ( 4999): addFont failed to create font /system/fonts/NotoSansHans-Regular.otf
