I/FFMPEG  ( 3692):     Stream #0:0: Audio: vorbis, 44100 Hz, stereo, fltp, 320 kb/s
I/FFMPEG  ( 3692):     Metadata:
I/FFMPEG  ( 3692):       TITLE           : Pong
I/FFMPEG  ( 3692):       ENCODER         : FL Studio
D/FFmpegExtractor( 3692): FFmpegExtrator, url: android-source:0xb3e9c420, format_name: ogg, format_long_name: Ogg
I/FFmpegExtractor( 3692): adjust mime(application/ogg -> audio/vorbis)
D/FFmpegExtractor( 3692): suppoted codec(vorbis) by official Stagefright
D/FFmpegExtractor( 3692): ffmpeg detected media content as 'audio/vorbis' with confidence 0.08
D/WVMDrmPlugIn( 3691): WVMDrmPlugin::onInitialize : 7402
D/WVMDrmPlugIn( 3691): WVMDrmPlugin::onSetOnInfoListener : add 7402
D/WVMDrmPlugIn( 3691): WVMDrmPlugin::onTerminate : 7402
I/FFmpegExtractor( 3692): android-source:0xb3e9c150
I/FFMPEG  ( 3692): Input #0, ogg, from 'android-source:0xb3e9c150':
I/FFMPEG  ( 3692):   Duration: 00:00:02.62, start: 0.000000, bitrate: 68 kb/s
I/FFMPEG  ( 3692):     Stream #0:0: Audio: vorbis, 44100 Hz, mono, fltp, 80 kb/s
I/FFMPEG  ( 3692):     Metadata:
I/FFMPEG  ( 3692):       ANDROID_LOOP    : false
I/FFMPEG  ( 3692):       TITLE           : Procyon
D/FFmpegExtractor( 3692): FFmpegExtrator, url: android-source:0xb3e9c150, format_name: ogg, format_long_name: Ogg
I/FFmpegExtractor( 3692): adjust mime(application/ogg -> audio/vorbis)
D/FFmpegExtractor( 3692): suppoted codec(vorbis) by official Stagefright
D/FFmpegExtractor( 3692): ffmpeg detected media content as 'audio/vorbis' with confidence 0.08
D/WVMDrmPlugIn( 3691): WVMDrmPlugin::onInitialize : 6211
D/WVMDrmPlugIn( 3691): WVMDrmPlugin::onSetOnInfoListener : add 6211
D/WVMDrmPlugIn( 3691): WVMDrmPlugin::onTerminate : 6211
I/FFmpegExtractor( 3692): android-source:0xb3e9c650
I/FFMPEG  ( 3692): Input #0, ogg, from 'android-source:0xb3e9c650':
I/FFMPEG  ( 3692):   Duration: 00:00:01.00, start: 0.000000, bitrate: 105 kb/s
I/FFMPEG  ( 3692):     Stream #0:0: Audio: vorbis, 44100 Hz, stereo, fltp, 112 kb/s
I/FFMPEG  ( 3692):     Metadata:
I/FFMPEG  ( 3692):       TITLE           : Proxima
D/FFmpegExtractor( 3692): FFmpegExtrator, url: android-source:0xb3e9c650, format_name: ogg, format_long_name: Ogg
I/FFmpegExtractor( 3692): adjust mime(application/ogg -> audio/vorbis)
D/FFmpegExtractor( 3692): suppoted codec(vorbis) by official Stagefright
D/FFmpegExtractor( 3692): ffmpeg detected media content as 'audio/vorbis' with confidence 0.08
D/WVMDrmPlugIn( 3691): WVMDrmPlugin::onInitialize : 5546
D/WVMDrmPlugIn( 3691): WVMDrmPlugin::onSetOnInfoListener : add 5546
D/WVMDrmPlugIn( 3691): WVMDrmPlugin::onTerminate : 5546
I/FFmpegExtractor( 3692): android-source:0xb3e9ca10
I/FFMPEG  ( 3692): Input #0, ogg, from 'android-source:0xb3e9ca10':
I/FFMPEG  ( 3692):   Duration: 00:00:01.80, start: 0.000000, bitrate: 112 kb/s
I/FFMPEG  ( 3692):     Stream #0:0: Audio: vorbis, 44100 Hz, stereo, fltp, 112 kb/s
D/FFmpegExtractor( 3692): FFmpegExtrator, url: android-source:0xb3e9ca10, format_name: ogg, format_long_name: Ogg
I/FFmpegExtractor( 3692): adjust mime(application/ogg -> audio/vorbis)
D/FFmpegExtractor( 3692): suppoted codec(vorbis) by official Stagefright
D/FFmpegExtractor( 3692): ffmpeg detected media content as 'audio/vorbis' with confidence 0.08
D/WVMDrmPlugIn( 3691): WVMDrmPlugin::onInitialize : 5743
D/WVMDrmPlugIn( 3691): WVMDrmPlugin::onSetOnInfoListener : add 5743
D/WVMDrmPlugIn( 3691): WVMDrmPlugin::onTerminate : 5743
I/FFmpegExtractor( 3692): android-source:0xb400d3d0
I/FFMPEG  ( 3692): Input #0, ogg, from 'android-source:0xb400d3d0':
I/FFMPEG  ( 3692):   Duration: 00:00:01.72, start: 0.000000, bitrate: 443 kb/s
I/FFMPEG  ( 3692):     Stream #0:0: Audio: vorbis, 44100 Hz, stereo, fltp, 450 kb/s
I/FFMPEG  ( 3692):     Metadata:
I/FFMPEG  ( 3692):       TITLE           : Rang
I/FFMPEG  ( 3692):       ENCODER         : FL Studio
D/FFmpegExtractor( 3692): FFmpegExtrator, url: android-source:0xb400d3d0, format_name: ogg, format_long_name: Ogg
I/FFmpegExtractor( 3692): adjust mime(application/ogg -> audio/vorbis)
D/FFmpegExtractor( 3692): suppoted codec(vorbis) by official Stagefright
D/FFmpegExtractor( 3692): ffmpeg detected media content as 'audio/vorbis' with confidence 0.08
D/WVMDrmPlugIn( 3691): WVMDrmPlugin::onInitialize : 5444
D/WVMDrmPlugIn( 3691): WVMDrmPlugin::onSetOnInfoListener : add 5444
D/WVMDrmPlugIn( 3691): WVMDrmPlugin::onTerminate : 5444
I/FFmpegExtractor( 3692): android-source:0xb3e9c510
I/FFMPEG  ( 3692): Input #0, ogg, from 'android-source:0xb3e9c510':
I/FFMPEG  ( 3692):   Duration: 00:00:00.81, start: 0.000000, bitrate: 222 kb/s
I/FFMPEG  ( 3692):     Stream #0:0: Audio: vorbis, 44100 Hz, stereo, fltp, 224 kb/s
I/FFMPEG  ( 3692):     Metadata:
I/FFMPEG  ( 3692):       TITLE           : Rhea
D/FFmpegExtractor( 3692): FFmpegExtrator, url: android-source:0xb3e9c510, format_name: ogg, format_long_name: Ogg
I/FFmpegExtractor( 3692): adjust mime(application/ogg -> audio/vorbis)
D/FFmpegExtractor( 3692): suppoted codec(vorbis) by official Stagefright
D/FFmpegExtractor( 3692): ffmpeg detected media content as 'audio/vorbis' with confidence 0.08
W/SurfaceFlinger( 3689): Ignoring duplicate VSYNC event from HWC (t=37280175587)
D/WVMDrmPlugIn( 3691): WVMDrmPlugin::onInitialize : 4889
D/WVMDrmPlugIn( 3691): WVMDrmPlugin::onSetOnInfoListener : add 4889
D/WVMDrmPlugIn( 3691): WVMDrmPlugin::onTerminate : 4889
I/FFmpegExtractor( 3692): android-source:0xb3e9c240
I/FFMPEG  ( 3692): Input #0, ogg, from 'android-source:0xb3e9c240':
I/FFMPEG  ( 3692):   Duration: 00:00:01.80, start: 0.000000, bitrate: 94 kb/s
I/FFMPEG  ( 3692):     Stream #0:0: Audio: vorbis, 44100 Hz, stereo, fltp, 112 kb/s
I/FFMPEG  ( 3692):     Metadata:
I/FFMPEG  ( 3692):       ANDROID_LOOP    : false
I/FFMPEG  ( 3692):       TITLE           : Rubidium
D/FFmpegExtractor( 3692): FFmpegExtrator, url: android-source:0xb3e9c240, format_name: ogg, format_long_name: Ogg
I/FFmpegExtractor( 3692): adjust mime(application/ogg -> audio/vorbis)
D/FFmpegExtractor( 3692): suppoted codec(vorbis) by official Stagefright
D/FFmpegExtractor( 3692): ffmpeg detected media content as 'audio/vorbis' with confidence 0.08
D/WVMDrmPlugIn( 3691): WVMDrmPlugin::onInitialize : 7837
D/WVMDrmPlugIn( 3691): WVMDrmPlugin::onSetOnInfoListener : add 7837
D/WVMDrmPlugIn( 3691): WVMDrmPlugin::onTerminate : 7837
I/FFmpegExtractor( 3692): android-source:0xb3e9c470
I/FFMPEG  ( 3692): Input #0, ogg, from 'android-source:0xb3e9c470':
I/FFMPEG  ( 3692):   Duration: 00:00:01.49, start: 0.000000, bitrate: 217 kb/s
I/FFMPEG  ( 3692):     Stream #0:0: Audio: vorbis, 44100 Hz, stereo, fltp, 224 kb/s
I/FFMPEG  ( 3692):     Metadata:
I/FFMPEG  ( 3692):       TITLE           : Salacia
D/FFmpegExtractor( 3692): FFmpegExtrator, url: android-source:0xb3e9c470, format_name: ogg, format_long_name: Ogg
I/FFmpegExtractor( 3692): adjust mime(application/ogg -> audio/vorbis)
D/FFmpegExtractor( 3692): suppoted codec(vorbis) by official Stagefright
D/FFmpegExtractor( 3692): ffmpeg detected media content as 'audio/vorbis' with confidence 0.08
D/WVMDrmPlugIn( 3691): WVMDrmPlugin::onInitialize : 6552
D/WVMDrmPlugIn( 3691): WVMDrmPlugin::onSetOnInfoListener : add 6552
D/WVMDrmPlugIn( 3691): WVMDrmPlugin::onTerminate : 6552
I/FFmpegExtractor( 3692): android-source:0xb400d9c0
I/FFMPEG  ( 3692): Input #0, ogg, from 'android-source:0xb400d9c0':
I/FFMPEG  ( 3692):   Duration: 00:00:01.00, start: 0.000000, bitrate: 87 kb/s
I/FFMPEG  ( 3692):     Stream #0:0: Audio: vorbis, 44100 Hz, stereo, fltp, 112 kb/s
D/FFmpegExtractor( 3692): FFmpegExtrator, url: android-source:0xb400d9c0, format_name: ogg, format_long_name: Ogg
I/FFmpegExtractor( 3692): adjust mime(application/ogg -> audio/vorbis)
D/FFmpegExtractor( 3692): suppoted codec(vorbis) by official Stagefright
D/FFmpegExtractor( 3692): ffmpeg detected media content as 'audio/vorbis' with confidence 0.08
D/WVMDrmPlugIn( 3691): WVMDrmPlugin::onInitialize : 7568
D/WVMDrmPlugIn( 3691): WVMDrmPlugin::onSetOnInfoListener : add 7568
D/WVMDrmPlugIn( 3691): WVMDrmPlugin::onTerminate : 7568
I/FFmpegExtractor( 3692): android-source:0xb400d740
I/FFMPEG  ( 3692): Input #0, ogg, from 'android-source:0xb400d740':
I/FFMPEG  ( 3692):   Duration: 00:00:01.37, start: 0.000000, bitrate: 141 kb/s
I/FFMPEG  ( 3692):     Stream #0:0: Audio: vorbis, 44100 Hz, stereo, fltp, 112 kb/s
I/FFMPEG  ( 3692):     Metadata:
I/FFMPEG  ( 3692):       TITLE           : Shaula
D/FFmpegExtractor( 3692): FFmpegExtrator, url: android-source:0xb400d740, format_name: ogg, format_long_name: Ogg
I/FFmpegExtractor( 3692): adjust mime(application/ogg -> audio/vorbis)
D/FFmpegExtractor( 3692): suppoted codec(vorbis) by official Stagefright
D/FFmpegExtractor( 3692): ffmpeg detected media content as 'audio/vorbis' with confidence 0.08
D/WVMDrmPlugIn( 3691): WVMDrmPlugin::onInitialize : 5541
D/WVMDrmPlugIn( 3691): WVMDrmPlugin::onSetOnInfoListener : add 5541
D/WVMDrmPlugIn( 3691): WVMDrmPlugin::onTerminate : 5541
I/FFmpegExtractor( 3692): android-source:0xb400df10
I/FFMPEG  ( 3692): Input #0, ogg, from 'android-source:0xb400df10':
I/FFMPEG  ( 3692):   Duration: 00:00:01.31, start: 0.000000, bitrate: 128 kb/s
I/FFMPEG  ( 3692):     Stream #0:0: Audio: vorbis, 44100 Hz, stereo, fltp, 112 kb/s
I/FFMPEG  ( 3692):     Metadata:
I/FFMPEG  ( 3692):       TITLE           : Sirrah
D/FFmpegExtractor( 3692): FFmpegExtrator, url: android-source:0xb400df10, format_name: ogg, format_long_name: Ogg
I/FFmpegExtractor( 3692): adjust mime(application/ogg -> audio/vorbis)
D/FFmpegExtractor( 3692): suppoted codec(vorbis) by official Stagefright
D/FFmpegExtractor( 3692): ffmpeg detected media content as 'audio/vorbis' with confidence 0.08
D/WVMDrmPlugIn( 3691): WVMDrmPlugin::onInitialize : 5617
D/WVMDrmPlugIn( 3691): WVMDrmPlugin::onSetOnInfoListener : add 5617
D/WVMDrmPlugIn( 3691): WVMDrmPlugin::onTerminate : 5617
I/FFmpegExtractor( 3692): android-source:0xb1ab61f0
I/FFMPEG  ( 3692): Input #0, ogg, from 'android-source:0xb1ab61f0':
I/FFMPEG  ( 3692):   Duration: 00:00:02.88, start: 0.000000, bitrate: 72 kb/s
I/FFMPEG  ( 3692):     Stream #0:0: Audio: vorbis, 44100 Hz, mono, fltp, 75 kb/s
I/FFMPEG  ( 3692):     Metadata:
I/FFMPEG  ( 3692):       COPYRIGHT       : Copyright (c) 2009 Android Open Source Project
I/FFMPEG  ( 3692):       TITLE           : Space Seed
I/FFMPEG  ( 3692):       ARTIST          : Dave Sparks
D/FFmpegExtractor( 3692): FFmpegExtrator, url: android-source:0xb1ab61f0, format_name: ogg, format_long_name: Ogg
I/FFmpegExtractor( 3692): adjust mime(application/ogg -> audio/vorbis)
D/FFmpegExtractor( 3692): suppoted codec(vorbis) by official Stagefright
D/FFmpegExtractor( 3692): ffmpeg detected media content as 'audio/vorbis' with confidence 0.08
D/WVMDrmPlugIn( 3691): WVMDrmPlugin::onInitialize : 7414
D/WVMDrmPlugIn( 3691): WVMDrmPlugin::onSetOnInfoListener : add 7414
D/WVMDrmPlugIn( 3691): WVMDrmPlugin::onTerminate : 7414
I/FFmpegExtractor( 3692): android-source:0xb1ab6330
I/FFMPEG  ( 3692): Input #0, ogg, from 'android-source:0xb1ab6330':
I/FFMPEG  ( 3692):   Duration: 00:00:00.90, start: 0.000000, bitrate: 80 kb/s
I/FFMPEG  ( 3692):     Stream #0:0: Audio: vorbis, 44100 Hz, stereo, fltp, 112 kb/s
I/FFMPEG  ( 3692):     Metadata:
I/FFMPEG  ( 3692):       TITLE           : Spica
D/FFmpegExtractor( 3692): FFmpegExtrator, url: android-source:0xb1ab6330, format_name: ogg, format_long_name: Ogg
I/FFmpegExtractor( 3692): adjust mime(application/ogg -> audio/vorbis)
D/FFmpegExtractor( 3692): suppoted codec(vorbis) by official Stagefright
D/FFmpegExtractor( 3692): ffmpeg detected media content as 'audio/vorbis' with confidence 0.08
D/WVMDrmPlugIn( 3691): WVMDrmPlugin::onInitialize : 7644
D/WVMDrmPlugIn( 3691): WVMDrmPlugin::onSetOnInfoListener : add 7644
D/WVMDrmPlugIn( 3691): WVMDrmPlugin::onTerminate : 7644
I/FFmpegExtractor( 3692): android-source:0xb1ab61f0
I/FFMPEG  ( 3692): Input #0, ogg, from 'android-source:0xb1ab61f0':
I/FFMPEG  ( 3692):   Duration: 00:00:01.88, start: 0.000000, bitrate: 239 kb/s
I/FFMPEG  ( 3692):     Stream #0:0: Audio: vorbis, 44100 Hz, stereo, fltp, 450 kb/s
I/FFMPEG  ( 3692):     Metadata:
I/FFMPEG  ( 3692):       TITLE           : Stone
I/FFMPEG  ( 3692):       ENCODER         : FL Studio
D/FFmpegExtractor( 3692): FFmpegExtrator, url: android-source:0xb1ab61f0, format_name: ogg, format_long_name: Ogg
I/FFmpegExtractor( 3692): adjust mime(application/ogg -> audio/vorbis)
D/FFmpegExtractor( 3692): suppoted codec(vorbis) by official Stagefright
D/FFmpegExtractor( 3692): ffmpeg detected media content as 'audio/vorbis' with confidence 0.08
I/InputReader( 4116): Reconfiguring input devices.  changes=0x00000020
W/Launcher.Model( 5287): Nobody to tell about the new app.  Launcher is probably loading.
D/WVMDrmPlugIn( 3691): WVMDrmPlugin::onInitialize : 6782
D/WVMDrmPlugIn( 3691): WVMDrmPlugin::onSetOnInfoListener : add 6782
D/WVMDrmPlugIn( 3691): WVMDrmPlugin::onTerminate : 6782
I/FFmpegExtractor( 3692): android-source:0xb1ab6100
I/FFMPEG  ( 3692): Input #0, ogg, from 'android-source:0xb1ab6100':
I/FFMPEG  ( 3692):   Duration: 00:00:03.00, start: 0.000000, bitrate: 104 kb/s
I/FFMPEG  ( 3692):     Stream #0:0: Audio: vorbis, 44100 Hz, stereo, fltp, 112 kb/s
I/FFMPEG  ( 3692):     Metadata:
I/FFMPEG  ( 3692):       ANDROID_LOOP    : false
I/FFMPEG  ( 3692):       TITLE           : Strontium
D/FFmpegExtractor( 3692): FFmpegExtrator, url: android-source:0xb1ab6100, format_name: ogg, format_long_name: Ogg
I/FFmpegExtractor( 3692): adjust mime(application/ogg -> audio/vorbis)
D/FFmpegExtractor( 3692): suppoted codec(vorbis) by official Stagefright
D/FFmpegExtractor( 3692): ffmpeg detected media content as 'audio/vorbis' with confidence 0.08
E/cutils  ( 5891): Failed to mkdir(/mnt/shell/emulated/0): Read-only file system
W/Zygote  ( 5891): Failed to mount emulated storage: 30
I/ActivityManager( 4116): Start proc android.process.acore for broadcast com.android.providers.contacts/.PackageIntentReceiver: pid=5891 uid=10006 gids={50006, 9997, 3003, 1028, 1015} abi=armeabi-v7a
I/InputReader( 4116): Reconfiguring input devices.  changes=0x00000020
D/BackupManagerService( 4116): Received broadcast Intent { act=android.intent.action.PACKAGE_CHANGED dat=package:com.android.camera2 flg=0x4000010 (has extras) }
I/InputReader( 4116): Reconfiguring input devices.  changes=0x00000020
D/WVMDrmPlugIn( 3691): WVMDrmPlugin::onInitialize : 5200
D/WVMDrmPlugIn( 3691): WVMDrmPlugin::onSetOnInfoListener : add 5200
I/InputReader( 4116): Reconfiguring input devices.  changes=0x00000020
D/WVMDrmPlugIn( 3691): WVMDrmPlugin::onTerminate : 5200
I/InputReader( 4116): Reconfiguring input devices.  changes=0x00000020
I/FFmpegExtractor( 3692): android-source:0xb400de20
I/InputReader( 4116): Reconfiguring input devices.  changes=0x00000020
I/InputReader( 4116): Reconfiguring input devices.  changes=0x00000020
I/FFMPEG  ( 3692): Input #0, ogg, from 'android-source:0xb400de20':
I/FFMPEG  ( 3692):   Duration: 00:00:00.75, start: 0.000000, bitrate: 90 kb/s
I/FFMPEG  ( 3692):     Stream #0:0: Audio: vorbis, 44100 Hz, mono, fltp, 70 kb/s
I/FFMPEG  ( 3692):     Metadata:
I/FFMPEG  ( 3692):       ANDROID_LOOP    : false
I/FFMPEG  ( 3692):       TITLE           : Syrma
D/FFmpegExtractor( 3692): FFmpegExtrator, url: android-source:0xb400de20, format_name: ogg, format_long_name: Ogg
I/FFmpegExtractor( 3692): adjust mime(application/ogg -> audio/vorbis)
D/FFmpegExtractor( 3692): suppoted codec(vorbis) by official Stagefright
D/FFmpegExtractor( 3692): ffmpeg detected media content as 'audio/vorbis' with confidence 0.08
W/Searchables( 4116): No global search activity found
I/InputReader( 4116): Reconfiguring input devices.  changes=0x00000020
W/Launcher.Model( 5287): Nobody to tell about the new app.  Launcher is probably loading.
W/Searchables( 4116): No global search activity found
W/Launcher.Model( 5287): Nobody to tell about the new app.  Launcher is probably loading.
D/BackupManagerService( 4116): Received broadcast Intent { act=android.intent.action.PACKAGE_CHANGED dat=package:com.android.phone flg=0x4000010 (has extras) }
D/WVMDrmPlugIn( 3691): WVMDrmPlugin::onInitialize : 5558
D/WVMDrmPlugIn( 3691): WVMDrmPlugin::onSetOnInfoListener : add 5558
D/WVMDrmPlugIn( 3691): WVMDrmPlugin::onTerminate : 5558
I/FFmpegExtractor( 3692): android-source:0xb1ab6330
D/BackupManagerService( 4116): Received broadcast Intent { act=android.intent.action.PACKAGE_CHANGED dat=package:com.android.gallery3d flg=0x4000010 (has extras) }
I/FFMPEG  ( 3692): Input #0, ogg, from 'android-source:0xb1ab6330':
I/FFMPEG  ( 3692):   Duration: 00:00:03.29, start: 0.000000, bitrate: 105 kb/s
I/FFMPEG  ( 3692):     Stream #0:0: Audio: vorbis, 48000 Hz, stereo, fltp, 112 kb/s
I/FFMPEG  ( 3692):     Metadata:
I/FFMPEG  ( 3692):       TITLE           : Ta Da
D/FFmpegExtractor( 3692): FFmpegExtrator, url: android-source:0xb1ab6330, format_name: ogg, format_long_name: Ogg
I/FFmpegExtractor( 3692): adjust mime(application/ogg -> audio/vorbis)
D/FFmpegExtractor( 3692): suppoted codec(vorbis) by official Stagefright
D/FFmpegExtractor( 3692): ffmpeg detected media content as 'audio/vorbis' with confidence 0.08
W/Searchables( 4116): No global search activity found
D/BackupManagerService( 4116): Received broadcast Intent { act=android.intent.action.PACKAGE_CHANGED dat=package:com.android.calendar flg=0x4000010 (has extras) }
W/Searchables( 4116): No global search activity found
D/BackupManagerService( 4116): Received broadcast Intent { act=android.intent.action.PACKAGE_CHANGED dat=package:com.android.email flg=0x4000010 (has extras) }
W/Searchables( 4116): No global search activity found
W/Searchables( 4116): No global search activity found
D/BackupManagerService( 4116): Received broadcast Intent { act=android.intent.action.PACKAGE_CHANGED dat=package:com.android.settings flg=0x4000010 (has extras) }
D/BackupManagerService( 4116): Received broadcast Intent { act=android.intent.action.PACKAGE_CHANGED dat=package:com.android.stk flg=0x4000010 (has extras) }
W/Searchables( 4116): No global search activity found
D/BackupManagerService( 4116): Received broadcast Intent { act=android.intent.action.PACKAGE_CHANGED dat=package:com.android.inputmethod.latin flg=0x4000010 (has extras) }
W/Searchables( 4116): No global search activity found
W/Launcher.Model( 5287): Nobody to tell about the new app.  Launcher is probably loading.
D/WVMDrmPlugIn( 3691): WVMDrmPlugin::onInitialize : 6186
D/WVMDrmPlugIn( 3691): WVMDrmPlugin::onSetOnInfoListener : add 6186
D/WVMDrmPlugIn( 3691): WVMDrmPlugin::onTerminate : 6186
W/Launcher.Model( 5287): Nobody to tell about the new app.  Launcher is probably loading.
I/FFmpegExtractor( 3692): android-source:0xb400d9c0
I/FFMPEG  ( 3692): Input #0, ogg, from 'android-source:0xb400d9c0':
I/FFMPEG  ( 3692):   Duration: 00:00:01.13, start: 0.000000, bitrate: 74 kb/s
I/FFMPEG  ( 3692):     Stream #0:0: Audio: vorbis, 44100 Hz, mono, fltp, 70 kb/s
I/FFMPEG  ( 3692):     Metadata:
I/FFMPEG  ( 3692):       ANDROID_LOOP    : false
I/FFMPEG  ( 3692):       TITLE           : Talitha
D/FFmpegExtractor( 3692): FFmpegExtrator, url: android-source:0xb400d9c0, format_name: ogg, format_long_name: Ogg
I/FFmpegExtractor( 3692): adjust mime(application/ogg -> audio/vorbis)
D/FFmpegExtractor( 3692): suppoted codec(vorbis) by official Stagefright
D/FFmpegExtractor( 3692): ffmpeg detected media content as 'audio/vorbis' with confidence 0.08
W/Launcher.Model( 5287): Nobody to tell about the new app.  Launcher is probably loading.
W/Launcher( 5287): setApplicationContext called twice! old=com.android.launcher3.LauncherApplication@3776995a new=com.android.launcher3.LauncherApplication@3776995a
W/Launcher.Model( 5287): Nobody to tell about the new app.  Launcher is probably loading.
W/Launcher.Model( 5287): Nobody to tell about the new app.  Launcher is probably loading.
W/Launcher( 5287): setApplicationContext called twice! old=com.android.launcher3.LauncherApplication@3776995a new=com.android.launcher3.LauncherApplication@3776995a
I/ContactLocale( 5891): AddressBook Labels [en-US]: [, A, B, C, D, E, F, G, H, I, J, K, L, M, N, O, P, Q, R, S, T, U, V, W, X, Y, Z, , , , , , , , , , , , , , , , , , , , , , , , , , , , , , , , , , , , , , , , , , , , , , , , , , , , , , , , , , , , , , , , , , , , , , , , , , , , , , , , , , , , , , , , , , , , , , , , , , , , , , , , , , , , , , , , , , , , , , , , , , , , , , , , , , , , , , , , , , , , , , , , , , , , , , , , , , , , , , , , , , , , , , , , , , , , , , , , , , , , , , , , , , , , #, ]
W/Launcher( 5287): setApplicationContext called twice! old=com.android.launcher3.LauncherApplication@3776995a new=com.android.launcher3.LauncherApplication@3776995a
W/Launcher( 5287): setApplicationContext called twice! old=com.android.launcher3.LauncherApplication@3776995a new=com.android.launcher3.LauncherApplication@3776995a
W/Launcher( 5287): setApplicationContext called twice! old=com.android.launcher3.LauncherApplication@3776995a new=com.android.launcher3.LauncherApplication@3776995a
W/Launcher( 5287): setApplicationContext called twice! old=com.android.launcher3.LauncherApplication@3776995a new=com.android.launcher3.LauncherApplication@3776995a
D/WVMDrmPlugIn( 3691): WVMDrmPlugin::onInitialize : 6343
D/WVMDrmPlugIn( 3691): WVMDrmPlugin::onSetOnInfoListener : add 6343
D/WVMDrmPlugIn( 3691): WVMDrmPlugin::onTerminate : 6343
I/FFmpegExtractor( 3692): android-source:0xb400db50
I/FFMPEG  ( 3692): Input #0, ogg, from 'android-source:0xb400db50':
I/FFMPEG  ( 3692):   Duration: 00:00:01.20, start: 0.000000, bitrate: 105 kb/s
I/FFMPEG  ( 3692):     Stream #0:0: Audio: vorbis, 44100 Hz, stereo, fltp, 112 kb/s
I/FFMPEG  ( 3692):     Metadata:
I/FFMPEG  ( 3692):       TITLE           : Tejat
D/FFmpegExtractor( 3692): FFmpegExtrator, url: android-source:0xb400db50, format_name: ogg, format_long_name: Ogg
I/FFmpegExtractor( 3692): adjust mime(application/ogg -> audio/vorbis)
D/FFmpegExtractor( 3692): suppoted codec(vorbis) by official Stagefright
D/FFmpegExtractor( 3692): ffmpeg detected media content as 'audio/vorbis' with confidence 0.08
W/Launcher( 5287): setApplicationContext called twice! old=com.android.launcher3.LauncherApplication@3776995a new=com.android.launcher3.LauncherApplication@3776995a
W/Launcher( 5287): setApplicationContext called twice! old=com.android.launcher3.LauncherApplication@3776995a new=com.android.launcher3.LauncherApplication@3776995a
E/SQLiteLog( 5622): (284) automatic index on view_events(_id)
I/ActivityManager( 4116): Killing 5648:com.android.managedprovisioning/u0a11 (adj 15): empty #17
D/WVMDrmPlugIn( 3691): WVMDrmPlugin::onInitialize : 6651
D/WVMDrmPlugIn( 3691): WVMDrmPlugin::onSetOnInfoListener : add 6651
D/WVMDrmPlugIn( 3691): WVMDrmPlugin::onTerminate : 6651
I/FFmpegExtractor( 3692): android-source:0xb400dbf0
I/FFMPEG  ( 3692): Input #0, ogg, from 'android-source:0xb400dbf0':
I/FFMPEG  ( 3692):   Duration: 00:00:01.26, start: 0.000000, bitrate: 254 kb/s
I/FFMPEG  ( 3692):     Stream #0:0: Audio: vorbis, 44100 Hz, stereo, fltp, 224 kb/s
I/FFMPEG  ( 3692):     Metadata:
I/FFMPEG  ( 3692):       TITLE           : Tethys
D/FFmpegExtractor( 3692): FFmpegExtrator, url: android-source:0xb400dbf0, format_name: ogg, format_long_name: Ogg
I/FFmpegExtractor( 3692): adjust mime(application/ogg -> audio/vorbis)
D/FFmpegExtractor( 3692): suppoted codec(vorbis) by official Stagefright
D/FFmpegExtractor( 3692): ffmpeg detected media content as 'audio/vorbis' with confidence 0.08
W/libprocessgroup( 4116): failed to open /acct/uid_10011/pid_5648/cgroup.procs: No such file or directory
D/WVMDrmPlugIn( 3691): WVMDrmPlugin::onInitialize : 6505
D/WVMDrmPlugIn( 3691): WVMDrmPlugin::onSetOnInfoListener : add 6505
D/WVMDrmPlugIn( 3691): WVMDrmPlugin::onTerminate : 6505
I/FFmpegExtractor( 3692): android-source:0xb4218510
I/FFMPEG  ( 3692): Input #0, ogg, from 'android-source:0xb4218510':
I/FFMPEG  ( 3692):   Duration: 00:00:01.37, start: 0.000000, bitrate: 106 kb/s
I/FFMPEG  ( 3692):     Stream #0:0: Audio: vorbis, 44100 Hz, stereo, fltp, 112 kb/s
I/FFMPEG  ( 3692):     Metadata:
I/FFMPEG  ( 3692):       ANDROID_LOOP    : false
I/FFMPEG  ( 3692):       TITLE           : Thallium
D/FFmpegExtractor( 3692): FFmpegExtrator, url: android-source:0xb4218510, format_name: ogg, format_long_name: Ogg
I/FFmpegExtractor( 3692): adjust mime(application/ogg -> audio/vorbis)
D/FFmpegExtractor( 3692): suppoted codec(vorbis) by official Stagefright
D/FFmpegExtractor( 3692): ffmpeg detected media content as 'audio/vorbis' with confidence 0.08
D/WVMDrmPlugIn( 3691): WVMDrmPlugin::onInitialize : 7887
D/WVMDrmPlugIn( 3691): WVMDrmPlugin::onSetOnInfoListener : add 7887
D/WVMDrmPlugIn( 3691): WVMDrmPlugin::onTerminate : 7887
I/FFmpegExtractor( 3692): android-source:0xb42181f0
I/FFMPEG  ( 3692): Input #0, ogg, from 'android-source:0xb42181f0':
I/FFMPEG  ( 3692):   Duration: 00:00:01.10, start: 0.000000, bitrate: 137 kb/s
I/FFMPEG  ( 3692):     Stream #0:0: Audio: vorbis, 48000 Hz, stereo, fltp, 112 kb/s
I/FFMPEG  ( 3692):     Metadata:
I/FFMPEG  ( 3692):       TITLE           : Tinkerbell
D/FFmpegExtractor( 3692): FFmpegExtrator, url: android-source:0xb42181f0, format_name: ogg, format_long_name: Ogg
I/FFmpegExtractor( 3692): adjust mime(application/ogg -> audio/vorbis)
D/FFmpegExtractor( 3692): suppoted codec(vorbis) by official Stagefright
D/FFmpegExtractor( 3692): ffmpeg detected media content as 'audio/vorbis' with confidence 0.08
D/WVMDrmPlugIn( 3691): WVMDrmPlugin::onInitialize : 5325
D/WVMDrmPlugIn( 3691): WVMDrmPlugin::onSetOnInfoListener : add 5325
D/WVMDrmPlugIn( 3691): WVMDrmPlugin::onTerminate : 5325
I/FFmpegExtractor( 3692): android-source:0xb3e9c600
I/FFMPEG  ( 3692): Input #0, ogg, from 'android-source:0xb3e9c600':
I/FFMPEG  ( 3692):   Duration: 00:00:01.02, start: 0.000000, bitrate: 253 kb/s
I/FFMPEG  ( 3692):     Stream #0:0: Audio: vorbis, 44100 Hz, stereo, fltp, 224 kb/s
I/FFMPEG  ( 3692):     Metadata:
I/FFMPEG  ( 3692):       TITLE           : Titan
D/FFmpegExtractor( 3692): FFmpegExtrator, url: android-source:0xb3e9c600, format_name: ogg, format_long_name: Ogg
I/FFmpegExtractor( 3692): adjust mime(application/ogg -> audio/vorbis)
D/FFmpegExtractor( 3692): suppoted codec(vorbis) by official Stagefright
D/FFmpegExtractor( 3692): ffmpeg detected media content as 'audio/vorbis' with confidence 0.08
D/WVMDrmPlugIn( 3691): WVMDrmPlugin::onInitialize : 5227
D/WVMDrmPlugIn( 3691): WVMDrmPlugin::onSetOnInfoListener : add 5227
D/WVMDrmPlugIn( 3691): WVMDrmPlugin::onTerminate : 5227
I/FFmpegExtractor( 3692): android-source:0xb400d2e0
I/FFMPEG  ( 3692): Input #0, ogg, from 'android-source:0xb400d2e0':
I/FFMPEG  ( 3692):   Duration: 00:00:01.60, start: 0.000000, bitrate: 120 kb/s
I/FFMPEG  ( 3692):     Stream #0:0: Audio: vorbis, 44100 Hz, stereo, fltp, 112 kb/s
I/FFMPEG  ( 3692):     Metadata:
I/FFMPEG  ( 3692):       TITLE           : Upsilon
D/FFmpegExtractor( 3692): FFmpegExtrator, url: android-source:0xb400d2e0, format_name: ogg, format_long_name: Ogg
I/FFmpegExtractor( 3692): adjust mime(application/ogg -> audio/vorbis)
D/FFmpegExtractor( 3692): suppoted codec(vorbis) by official Stagefright
D/FFmpegExtractor( 3692): ffmpeg detected media content as 'audio/vorbis' with confidence 0.08
D/WVMDrmPlugIn( 3691): WVMDrmPlugin::onInitialize : 4947
D/WVMDrmPlugIn( 3691): WVMDrmPlugin::onSetOnInfoListener : add 4947
D/WVMDrmPlugIn( 3691): WVMDrmPlugin::onTerminate : 4947
I/FFmpegExtractor( 3692): android-source:0xb400d8d0
I/FFMPEG  ( 3692): Input #0, ogg, from 'android-source:0xb400d8d0':
I/FFMPEG  ( 3692):   Duration: 00:00:04.38, start: 0.000000, bitrate: 53 kb/s
I/FFMPEG  ( 3692):     Stream #0:0: Audio: vorbis, 44100 Hz, mono, fltp, 96 kb/s
I/FFMPEG  ( 3692):     Metadata:
I/FFMPEG  ( 3692):       ARTIST          : Unknown
I/FFMPEG  ( 3692):       TITLE           : Vega
I/FFMPEG  ( 3692):       REPLAYGAIN_TRACK_PEAK: 0.000000
I/FFMPEG  ( 3692):       REPLAYGAIN_ALBUM_GAIN: 0.000000
I/FFMPEG  ( 3692):       REPLAYGAIN_ALBUM_PEAK: 0.000000
I/FFMPEG  ( 3692):       disc            : 0
I/FFMPEG  ( 3692):       REPLAYGAIN_TRACK_GAIN: 0.000000
I/FFMPEG  ( 3692):       ANDROID_LOOP    : false
I/FFMPEG  ( 3692):     Side data:
I/FFMPEG  ( 3692):       replaygain: track gain - 0.000000, track peak - unknown, album gain - 0.000000, album peak - unknown, 
D/FFmpegExtractor( 3692): FFmpegExtrator, url: android-source:0xb400d8d0, format_name: ogg, format_long_name: Ogg
I/FFmpegExtractor( 3692): adjust mime(application/ogg -> audio/vorbis)
D/FFmpegExtractor( 3692): suppoted codec(vorbis) by official Stagefright
D/FFmpegExtractor( 3692): ffmpeg detected media content as 'audio/vorbis' with confidence 0.08
D/WVMDrmPlugIn( 3691): WVMDrmPlugin::onInitialize : 5944
D/WVMDrmPlugIn( 3691): WVMDrmPlugin::onSetOnInfoListener : add 5944
D/WVMDrmPlugIn( 3691): WVMDrmPlugin::onTerminate : 5944
I/FFmpegExtractor( 3692): android-source:0xb400d560
I/FFMPEG  ( 3692): Input #0, ogg, from 'android-source:0xb400d560':
I/FFMPEG  ( 3692):   Duration: 00:00:01.92, start: 0.000000, bitrate: 68 kb/s
I/FFMPEG  ( 3692):     Stream #0:0: Audio: vorbis, 44100 Hz, mono, fltp, 80 kb/s
I/FFMPEG  ( 3692):     Metadata:
I/FFMPEG  ( 3692):       ARTIST          : Dr. MAD
I/FFMPEG  ( 3692):       TITLE           : Voila
D/FFmpegExtractor( 3692): FFmpegExtrator, url: android-source:0xb400d560, format_name: ogg, format_long_name: Ogg
I/FFmpegExtractor( 3692): adjust mime(application/ogg -> audio/vorbis)
D/FFmpegExtractor( 3692): suppoted codec(vorbis) by official Stagefright
D/FFmpegExtractor( 3692): ffmpeg detected media content as 'audio/vorbis' with confidence 0.08
D/WVMDrmPlugIn( 3691): WVMDrmPlugin::onInitialize : 5556
D/WVMDrmPlugIn( 3691): WVMDrmPlugin::onSetOnInfoListener : add 5556
D/WVMDrmPlugIn( 3691): WVMDrmPlugin::onTerminate : 5556
I/FFmpegExtractor( 3692): android-source:0xb400d420
I/FFMPEG  ( 3692): Input #0, ogg, from 'android-source:0xb400d420':
I/FFMPEG  ( 3692):   Duration: 00:00:02.00, start: 0.000000, bitrate: 111 kb/s
I/FFMPEG  ( 3692):     Stream #0:0: Audio: vorbis, 44100 Hz, stereo, fltp, 112 kb/s
I/FFMPEG  ( 3692):     Metadata:
I/FFMPEG  ( 3692):       ANDROID_LOOP    : false
I/FFMPEG  ( 3692):       TITLE           : Xenon
D/FFmpegExtractor( 3692): FFmpegExtrator, url: android-source:0xb400d420, format_name: ogg, format_long_name: Ogg
I/FFmpegExtractor( 3692): adjust mime(application/ogg -> audio/vorbis)
D/FFmpegExtractor( 3692): suppoted codec(vorbis) by official Stagefright
D/FFmpegExtractor( 3692): ffmpeg detected media content as 'audio/vorbis' with confidence 0.08
D/WVMDrmPlugIn( 3691): WVMDrmPlugin::onInitialize : 4308
D/WVMDrmPlugIn( 3691): WVMDrmPlugin::onSetOnInfoListener : add 4308
D/WVMDrmPlugIn( 3691): WVMDrmPlugin::onTerminate : 4308
I/FFmpegExtractor( 3692): android-source:0xb4218ab0
I/FFMPEG  ( 3692): Input #0, ogg, from 'android-source:0xb4218ab0':
I/FFMPEG  ( 3692):   Duration: 00:00:01.20, start: 0.000000, bitrate: 84 kb/s
I/FFMPEG  ( 3692):     Stream #0:0: Audio: vorbis, 44100 Hz, stereo, fltp, 112 kb/s
D/FFmpegExtractor( 3692): FFmpegExtrator, url: android-source:0xb4218ab0, format_name: ogg, format_long_name: Ogg
I/FFmpegExtractor( 3692): adjust mime(application/ogg -> audio/vorbis)
D/FFmpegExtractor( 3692): suppoted codec(vorbis) by official Stagefright
D/FFmpegExtractor( 3692): ffmpeg detected media content as 'audio/vorbis' with confidence 0.08
D/WVMDrmPlugIn( 3691): WVMDrmPlugin::onInitialize : 4987
D/WVMDrmPlugIn( 3691): WVMDrmPlugin::onSetOnInfoListener : add 4987
D/WVMDrmPlugIn( 3691): WVMDrmPlugin::onTerminate : 4987
I/FFmpegExtractor( 3692): android-source:0xb3e9c2e0
I/FFMPEG  ( 3692): Input #0, ogg, from 'android-source:0xb3e9c2e0':
I/FFMPEG  ( 3692):   Duration: 00:00:01.87, start: 0.000000, bitrate: 69 kb/s
I/FFMPEG  ( 3692):     Stream #0:0: Audio: vorbis, 48000 Hz, mono, fltp, 70 kb/s
I/FFMPEG  ( 3692):     Metadata:
I/FFMPEG  ( 3692):       TITLE           : Moonbeam
D/FFmpegExtractor( 3692): FFmpegExtrator, url: android-source:0xb3e9c2e0, format_name: ogg, format_long_name: Ogg
I/FFmpegExtractor( 3692): adjust mime(application/ogg -> audio/vorbis)
D/FFmpegExtractor( 3692): suppoted codec(vorbis) by official Stagefright
D/FFmpegExtractor( 3692): ffmpeg detected media content as 'audio/vorbis' with confidence 0.08
D/WVMDrmPlugIn( 3691): WVMDrmPlugin::onInitialize : 4904
D/WVMDrmPlugIn( 3691): WVMDrmPlugin::onSetOnInfoListener : add 4904
D/WVMDrmPlugIn( 3691): WVMDrmPlugin::onTerminate : 4904
I/FFmpegExtractor( 3692): android-source:0xb4529290
I/FFMPEG  ( 3692): Input #0, ogg, from 'android-source:0xb4529290':
I/FFMPEG  ( 3692):   Duration: 00:00:01.73, start: 0.000000, bitrate: 78 kb/s
I/FFMPEG  ( 3692):     Stream #0:0: Audio: vorbis, 48000 Hz, mono, fltp, 70 kb/s
I/FFMPEG  ( 3692):     Metadata:
I/FFMPEG  ( 3692):       TITLE           : Pixie Dust
D/FFmpegExtractor( 3692): FFmpegExtrator, url: android-source:0xb4529290, format_name: ogg, format_long_name: Ogg
I/FFmpegExtractor( 3692): adjust mime(application/ogg -> audio/vorbis)
D/FFmpegExtractor( 3692): suppoted codec(vorbis) by official Stagefright
D/FFmpegExtractor( 3692): ffmpeg detected media content as 'audio/vorbis' with confidence 0.08
D/WVMDrmPlugIn( 3691): WVMDrmPlugin::onInitialize : 4681
D/WVMDrmPlugIn( 3691): WVMDrmPlugin::onSetOnInfoListener : add 4681
D/WVMDrmPlugIn( 3691): WVMDrmPlugin::onTerminate : 4681
I/FFmpegExtractor( 3692): android-source:0xb4529380
I/FFMPEG  ( 3692): Input #0, ogg, from 'android-source:0xb4529380':
I/FFMPEG  ( 3692):   Duration: 00:00:02.00, start: 0.000000, bitrate: 75 kb/s
I/FFMPEG  ( 3692):     Stream #0:0: Audio: vorbis, 48000 Hz, mono, fltp, 70 kb/s
I/FFMPEG  ( 3692):     Metadata:
I/FFMPEG  ( 3692):       TITLE           : Pizzicato
D/FFmpegExtractor( 3692): FFmpegExtrator, url: android-source:0xb4529380, format_name: ogg, format_long_name: Ogg
I/FFmpegExtractor( 3692): adjust mime(application/ogg -> audio/vorbis)
D/FFmpegExtractor( 3692): suppoted codec(vorbis) by official Stagefright
D/FFmpegExtractor( 3692): ffmpeg detected media content as 'audio/vorbis' with confidence 0.08
D/WVMDrmPlugIn( 3691): WVMDrmPlugin::onInitialize : 5775
D/WVMDrmPlugIn( 3691): WVMDrmPlugin::onSetOnInfoListener : add 5775
D/WVMDrmPlugIn( 3691): WVMDrmPlugin::onTerminate : 5775
I/FFmpegExtractor( 3692): android-source:0xb45295b0
I/FFMPEG  ( 3692): Input #0, ogg, from 'android-source:0xb45295b0':
I/FFMPEG  ( 3692):   Duration: 00:00:03.28, start: 0.000000, bitrate: 67 kb/s
I/FFMPEG  ( 3692):     Stream #0:0: Audio: vorbis, 44100 Hz, mono, fltp, 80 kb/s
I/FFMPEG  ( 3692):     Metadata:
I/FFMPEG  ( 3692):       ANDROID_LOOP    : false
I/FFMPEG  ( 3692):       track           : 3dB101b2
I/FFMPEG  ( 3692):       TITLE           : Regulus
I/FFMPEG  ( 3692):       ARTIST          : pdx
D/FFmpegExtractor( 3692): FFmpegExtrator, url: android-source:0xb45295b0, format_name: ogg, format_long_name: Ogg
I/FFmpegExtractor( 3692): adjust mime(application/ogg -> audio/vorbis)
D/FFmpegExtractor( 3692): suppoted codec(vorbis) by official Stagefright
D/FFmpegExtractor( 3692): ffmpeg detected media content as 'audio/vorbis' with confidence 0.08
D/WVMDrmPlugIn( 3691): WVMDrmPlugin::onInitialize : 4114
D/WVMDrmPlugIn( 3691): WVMDrmPlugin::onSetOnInfoListener : add 4114
D/WVMDrmPlugIn( 3691): WVMDrmPlugin::onTerminate : 4114
I/FFmpegExtractor( 3692): android-source:0xb45297e0
I/FFMPEG  ( 3692): Input #0, ogg, from 'android-source:0xb45297e0':
I/FFMPEG  ( 3692):   Duration: 00:00:04.30, start: 0.000000, bitrate: 49 kb/s
I/FFMPEG  ( 3692):     Stream #0:0: Audio: vorbis, 44100 Hz, mono, fltp, 80 kb/s
I/FFMPEG  ( 3692):     Metadata:
I/FFMPEG  ( 3692):       ANDROID_LOOP    : false
I/FFMPEG  ( 3692):       track           : 2d317b
I/FFMPEG  ( 3692):       TITLE           : Sirius
I/FFMPEG  ( 3692):       ARTIST          : pdx
D/FFmpegExtractor( 3692): FFmpegExtrator, url: android-source:0xb45297e0, format_name: ogg, format_long_name: Ogg
I/FFmpegExtractor( 3692): adjust mime(application/ogg -> audio/vorbis)
D/FFmpegExtractor( 3692): suppoted codec(vorbis) by official Stagefright
D/FFmpegExtractor( 3692): ffmpeg detected media content as 'audio/vorbis' with confidence 0.08
D/WVMDrmPlugIn( 3691): WVMDrmPlugin::onInitialize : 6796
D/WVMDrmPlugIn( 3691): WVMDrmPlugin::onSetOnInfoListener : add 6796
D/WVMDrmPlugIn( 3691): WVMDrmPlugin::onTerminate : 6796
I/FFmpegExtractor( 3692): android-source:0xb4529920
I/FFMPEG  ( 3692): Input #0, ogg, from 'android-source:0xb4529920':
I/FFMPEG  ( 3692):   Duration: 00:00:00.79, start: 0.000000, bitrate: 105 kb/s
I/FFMPEG  ( 3692):     Stream #0:0: Audio: vorbis, 48000 Hz, mono, fltp, 70 kb/s
I/FFMPEG  ( 3692):     Metadata:
I/FFMPEG  ( 3692):       TITLE           : Tweeters
D/FFmpegExtractor( 3692): FFmpegExtrator, url: android-source:0xb4529920, format_name: ogg, format_long_name: Ogg
I/FFmpegExtractor( 3692): adjust mime(application/ogg -> audio/vorbis)
D/FFmpegExtractor( 3692): suppoted codec(vorbis) by official Stagefright
D/FFmpegExtractor( 3692): ffmpeg detected media content as 'audio/vorbis' with confidence 0.08
D/WVMDrmPlugIn( 3691): WVMDrmPlugin::onInitialize : 7225
D/WVMDrmPlugIn( 3691): WVMDrmPlugin::onSetOnInfoListener : add 7225
D/WVMDrmPlugIn( 3691): WVMDrmPlugin::onTerminate : 7225
I/FFmpegExtractor( 3692): android-source:0xb45295b0
I/FFMPEG  ( 3692): Input #0, ogg, from 'android-source:0xb45295b0':
I/FFMPEG  ( 3692):   Duration: 00:00:03.00, start: 0.000000, bitrate: 66 kb/s
I/FFMPEG  ( 3692):     Stream #0:0: Audio: vorbis, 44100 Hz, mono, fltp, 80 kb/s
I/FFMPEG  ( 3692):     Metadata:
I/FFMPEG  ( 3692):       ANDROID_LOOP    : true
I/FFMPEG  ( 3692):       TITLE           : Andromeda
D/FFmpegExtractor( 3692): FFmpegExtrator, url: android-source:0xb45295b0, format_name: ogg, format_long_name: Ogg
I/FFmpegExtractor( 3692): adjust mime(application/ogg -> audio/vorbis)
D/FFmpegExtractor( 3692): suppoted codec(vorbis) by official Stagefright
D/FFmpegExtractor( 3692): ffmpeg detected media content as 'audio/vorbis' with confidence 0.08
D/WVMDrmPlugIn( 3691): WVMDrmPlugin::onInitialize : 5761
D/WVMDrmPlugIn( 3691): WVMDrmPlugin::onSetOnInfoListener : add 5761
D/WVMDrmPlugIn( 3691): WVMDrmPlugin::onTerminate : 5761
I/FFmpegExtractor( 3692): android-source:0xb4529650
I/FFMPEG  ( 3692): Input #0, ogg, from 'android-source:0xb4529650':
I/FFMPEG  ( 3692):   Duration: 00:00:03.00, start: 0.000000, bitrate: 57 kb/s
I/FFMPEG  ( 3692):     Stream #0:0: Audio: vorbis, 44100 Hz, mono, fltp, 80 kb/s
I/FFMPEG  ( 3692):     Metadata:
I/FFMPEG  ( 3692):       ANDROID_LOOP    : true
I/FFMPEG  ( 3692):       TITLE           : Aquila
D/FFmpegExtractor( 3692): FFmpegExtrator, url: android-source:0xb4529650, format_name: ogg, format_long_name: Ogg
I/FFmpegExtractor( 3692): adjust mime(application/ogg -> audio/vorbis)
D/FFmpegExtractor( 3692): suppoted codec(vorbis) by official Stagefright
D/FFmpegExtractor( 3692): ffmpeg detected media content as 'audio/vorbis' with confidence 0.08
D/WVMDrmPlugIn( 3691): WVMDrmPlugin::onInitialize : 8144
D/WVMDrmPlugIn( 3691): WVMDrmPlugin::onSetOnInfoListener : add 8144
D/WVMDrmPlugIn( 3691): WVMDrmPlugin::onTerminate : 8144
I/FFmpegExtractor( 3692): android-source:0xb4529290
I/FFMPEG  ( 3692): [ogg @ 0xb42b0e00] 2048 bytes of comment header remain
I/FFMPEG  ( 3692): Input #0, ogg, from 'android-source:0xb4529290':
I/FFMPEG  ( 3692):   Duration: 00:00:13.33, start: 0.000000, bitrate: 135 kb/s
I/FFMPEG  ( 3692):     Stream #0:0: Audio: vorbis, 44100 Hz, stereo, fltp, 192 kb/s
I/FFMPEG  ( 3692):     Metadata:
I/FFMPEG  ( 3692):       TITLE           : Argo Navis
D/FFmpegExtractor( 3692): FFmpegExtrator, url: android-source:0xb4529290, format_name: ogg, format_long_name: Ogg
I/FFmpegExtractor( 3692): adjust mime(application/ogg -> audio/vorbis)
D/FFmpegExtractor( 3692): suppoted codec(vorbis) by official Stagefright
D/FFmpegExtractor( 3692): ffmpeg detected media content as 'audio/vorbis' with confidence 0.08
D/WVMDrmPlugIn( 3691): WVMDrmPlugin::onInitialize : 8018
D/WVMDrmPlugIn( 3691): WVMDrmPlugin::onSetOnInfoListener : add 8018
D/WVMDrmPlugIn( 3691): WVMDrmPlugin::onTerminate : 8018
I/FFmpegExtractor( 3692): android-source:0xb45299c0
I/FFMPEG  ( 3692): Input #0, ogg, from 'android-source:0xb45299c0':
I/FFMPEG  ( 3692):   Duration: 00:00:07.29, start: 0.000000, bitrate: 252 kb/s
I/FFMPEG  ( 3692):     Stream #0:0: Audio: vorbis, 44100 Hz, stereo, fltp, 224 kb/s
I/FFMPEG  ( 3692):     Metadata:
I/FFMPEG  ( 3692):       ANDROID_LOOP    : true
I/FFMPEG  ( 3692):       TITLE           : Atria
D/FFmpegExtractor( 3692): FFmpegExtrator, url: android-source:0xb45299c0, format_name: ogg, format_long_name: Ogg
I/FFmpegExtractor( 3692): adjust mime(application/ogg -> audio/vorbis)
D/FFmpegExtractor( 3692): suppoted codec(vorbis) by official Stagefright
D/FFmpegExtractor( 3692): ffmpeg detected media content as 'audio/vorbis' with confidence 0.08
D/WVMDrmPlugIn( 3691): WVMDrmPlugin::onInitialize : 5406
D/WVMDrmPlugIn( 3691): WVMDrmPlugin::onSetOnInfoListener : add 5406
D/WVMDrmPlugIn( 3691): WVMDrmPlugin::onTerminate : 5406
I/FFmpegExtractor( 3692): android-source:0xb45295b0
I/FFMPEG  ( 3692): Input #0, ogg, from 'android-source:0xb45295b0':
I/FFMPEG  ( 3692):   Duration: 00:00:03.00, start: 0.000000, bitrate: 70 kb/s
I/FFMPEG  ( 3692):     Stream #0:0: Audio: vorbis, 44100 Hz, mono, fltp, 80 kb/s
I/FFMPEG  ( 3692):     Metadata:
I/FFMPEG  ( 3692):       ANDROID_LOOP    : true
I/FFMPEG  ( 3692):       track           : 2d302cR
I/FFMPEG  ( 3692):       TITLE           : Bootes
I/FFMPEG  ( 3692):       ARTIST          : pdx
D/FFmpegExtractor( 3692): FFmpegExtrator, url: android-source:0xb45295b0, format_name: ogg, format_long_name: Ogg
I/FFmpegExtractor( 3692): adjust mime(application/ogg -> audio/vorbis)
D/FFmpegExtractor( 3692): suppoted codec(vorbis) by official Stagefright
D/FFmpegExtractor( 3692): ffmpeg detected media content as 'audio/vorbis' with confidence 0.08
D/WVMDrmPlugIn( 3691): WVMDrmPlugin::onInitialize : 6504
D/WVMDrmPlugIn( 3691): WVMDrmPlugin::onSetOnInfoListener : add 6504
D/WVMDrmPlugIn( 3691): WVMDrmPlugin::onTerminate : 6504
I/FFmpegExtractor( 3692): android-source:0xb400ddd0
I/FFMPEG  ( 3692): Input #0, ogg, from 'android-source:0xb400ddd0':
I/FFMPEG  ( 3692):   Duration: 00:00:03.61, start: 0.000000, bitrate: 79 kb/s
I/FFMPEG  ( 3692):     Stream #0:0: Audio: vorbis, 44100 Hz, mono, fltp, 75 kb/s
I/FFMPEG  ( 3692):     Metadata:
I/FFMPEG  ( 3692):       ANDROID_LOOP    : true
I/FFMPEG  ( 3692):       COPYRIGHT       : (c) Copyright 2009 Android Open Source Project
I/FFMPEG  ( 3692):       TITLE           : Backroad
I/FFMPEG  ( 3692):       ARTIST          : Dr. Mad
D/FFmpegExtractor( 3692): FFmpegExtrator, url: android-source:0xb400ddd0, format_name: ogg, format_long_name: Ogg
I/FFmpegExtractor( 3692): adjust mime(application/ogg -> audio/vorbis)
D/FFmpegExtractor( 3692): suppoted codec(vorbis) by official Stagefright
D/FFmpegExtractor( 3692): ffmpeg detected media content as 'audio/vorbis' with confidence 0.08
D/WVMDrmPlugIn( 3691): WVMDrmPlugin::onInitialize : 7394
D/WVMDrmPlugIn( 3691): WVMDrmPlugin::onSetOnInfoListener : add 7394
D/WVMDrmPlugIn( 3691): WVMDrmPlugin::onTerminate : 7394
I/FFmpegExtractor( 3692): android-source:0xb45295b0
I/FFMPEG  ( 3692): Input #0, ogg, from 'android-source:0xb45295b0':
I/FFMPEG  ( 3692):   Duration: 00:00:04.00, start: 0.000000, bitrate: 56 kb/s
I/FFMPEG  ( 3692):     Stream #0:0: Audio: vorbis, 44100 Hz, mono, fltp, 48 kb/s
I/FFMPEG  ( 3692):     Metadata:
I/FFMPEG  ( 3692):       ARTIST          : Dr. MAD
I/FFMPEG  ( 3692):       TITLE           : Beat Plucker
I/FFMPEG  ( 3692):       ANDROID_LOOP    : true
D/FFmpegExtractor( 3692): FFmpegExtrator, url: android-source:0xb45295b0, format_name: ogg, format_long_name: Ogg
I/FFmpegExtractor( 3692): adjust mime(application/ogg -> audio/vorbis)
D/FFmpegExtractor( 3692): suppoted codec(vorbis) by official Stagefright
D/FFmpegExtractor( 3692): ffmpeg detected media content as 'audio/vorbis' with confidence 0.08
D/WVMDrmPlugIn( 3691): WVMDrmPlugin::onInitialize : 6852
D/WVMDrmPlugIn( 3691): WVMDrmPlugin::onSetOnInfoListener : add 6852
D/WVMDrmPlugIn( 3691): WVMDrmPlugin::onTerminate : 6852
I/FFmpegExtractor( 3692): android-source:0xb4529470
I/FFMPEG  ( 3692): Input #0, ogg, from 'android-source:0xb4529470':
I/FFMPEG  ( 3692):   Duration: 00:00:04.44, start: 0.000000, bitrate: 55 kb/s
I/FFMPEG  ( 3692):     Stream #0:0: Audio: vorbis, 44100 Hz, mono, fltp, 48 kb/s
I/FFMPEG  ( 3692):     Metadata:
I/FFMPEG  ( 3692):       ARTIST          : Dr. MAD
I/FFMPEG  ( 3692):       TITLE           : Bentley Dubs
I/FFMPEG  ( 3692):       ANDROID_LOOP    : true
D/FFmpegExtractor( 3692): FFmpegExtrator, url: android-source:0xb4529470, format_name: ogg, format_long_name: Ogg
I/FFmpegExtractor( 3692): adjust mime(application/ogg -> audio/vorbis)
D/FFmpegExtractor( 3692): suppoted codec(vorbis) by official Stagefright
D/FFmpegExtractor( 3692): ffmpeg detected media content as 'audio/vorbis' with confidence 0.08
D/WVMDrmPlugIn( 3691): WVMDrmPlugin::onInitialize : 8026
D/WVMDrmPlugIn( 3691): WVMDrmPlugin::onSetOnInfoListener : add 8026
D/WVMDrmPlugIn( 3691): WVMDrmPlugin::onTerminate : 8026
I/FFmpegExtractor( 3692): android-source:0xb4529650
I/FFMPEG  ( 3692): Input #0, ogg, from 'android-source:0xb4529650':
I/FFMPEG  ( 3692):   Duration: 00:00:04.80, start: 0.000000, bitrate: 77 kb/s
I/FFMPEG  ( 3692):     Stream #0:0: Audio: vorbis, 44100 Hz, mono, fltp, 70 kb/s
I/FFMPEG  ( 3692):     Metadata:
I/FFMPEG  ( 3692):       A