W/PackageManager( 4383): Unknown permission android.permission.GET_ACCOUNTS in package com.android.vending
W/PackageManager( 4383): Unknown permission android.permission.MANAGE_ACCOUNTS in package com.android.vending
W/PackageManager( 4383): Unknown permission android.permission.AUTHENTICATE_ACCOUNTS in package com.android.vending
W/PackageManager( 4383): Unknown permission android.permission.USE_CREDENTIALS in package com.android.vending
W/PackageManager( 4383): Unknown permission android.permission.WRITE_EXTERNAL_STORAGE in package com.android.vending
W/PackageManager( 4383): Unknown permission android.permission.READ_EXTERNAL_STORAGE in package com.android.vending
W/PackageManager( 4383): Unknown permission android.permission.CLEAR_APP_CACHE in package com.android.vending
W/PackageManager( 4383): Unknown permission android.permission.CHANGE_COMPONENT_ENABLED_STATE in package com.android.vending
W/PackageManager( 4383): Unknown permission android.permission.ACCESS_NETWORK_STATE in package com.android.vending
W/PackageManager( 4383): Unknown permission android.permission.READ_PHONE_STATE in package com.android.vending
W/PackageManager( 4383): Unknown permission android.permission.CHANGE_NETWORK_STATE in package com.android.vending
W/PackageManager( 4383): Unknown permission com.google.android.providers.gsf.permission.READ_GSERVICES in package com.android.vending
W/PackageManager( 4383): Unknown permission com.google.android.providers.gsf.permission.WRITE_GSERVICES in package com.android.vending
W/PackageManager( 4383): Unknown permission android.permission.ACCESS_DOWNLOAD_MANAGER in package com.android.vending
W/PackageManager( 4383): Unknown permission android.permission.ACCESS_DOWNLOAD_MANAGER_ADVANCED in package com.android.vending
W/PackageManager( 4383): Unknown permission android.permission.SEND_DOWNLOAD_COMPLETED_INTENTS in package com.android.vending
W/PackageManager( 4383): Unknown permission android.permission.INSTALL_PACKAGES in package com.android.vending
W/PackageManager( 4383): Unknown permission android.permission.DELETE_PACKAGES in package com.android.vending
W/PackageManager( 4383): Unknown permission android.permission.NFC in package com.android.vending
W/PackageManager( 4383): Unknown permission com.android.vending.INTENT_VENDING_ONLY in package com.android.vending
W/PackageManager( 4383): Unknown permission android.permission.RECEIVE_BOOT_COMPLETED in package com.android.vending
W/PackageManager( 4383): Unknown permission android.permission.SEND_SMS in package com.android.vending
W/PackageManager( 4383): Unknown permission android.permission.SEND_SMS_NO_CONFIRMATION in package com.android.vending
W/PackageManager( 4383): Unknown permission com.android.launcher.permission.INSTALL_SHORTCUT in package com.android.vending
W/PackageManager( 4383): Unknown permission android.permission.STATUS_BAR in package com.android.vending
W/PackageManager( 4383): Unknown permission android.permission.WAKE_LOCK in package com.android.vending
W/PackageManager( 4383): Unknown permission android.permission.ACCESS_FINE_LOCATION in package com.android.vending
W/PackageManager( 4383): Unknown permission android.permission.ACCESS_COARSE_LOCATION in package com.android.vending
W/PackageManager( 4383): Unknown permission android.permission.ACCESS_WIFI_STATE in package com.android.vending
W/PackageManager( 4383): Unknown permission android.permission.PACKAGE_VERIFICATION_AGENT in package com.android.vending
W/PackageManager( 4383): Unknown permission android.permission.MANAGE_USERS in package com.android.vending
W/PackageManager( 4383): Unknown permission android.permission.INTERACT_ACROSS_USERS in package com.android.vending
W/PackageManager( 4383): Unknown permission android.permission.WRITE_SETTINGS in package com.android.vending
W/PackageManager( 4383): Unknown permission android.permission.WRITE_SECURE_SETTINGS in package com.android.vending
W/PackageManager( 4383): Unknown permission android.permission.FORCE_STOP_PACKAGES in package com.android.vending
W/PackageManager( 4383): Unknown permission android.permission.RECORD_AUDIO in package com.android.soundrecorder
W/PackageManager( 4383): Unknown permission android.permission.INTERNET in package com.android.soundrecorder
W/PackageManager( 4383): Unknown permission android.permission.WAKE_LOCK in package com.android.soundrecorder
W/PackageManager( 4383): Unknown permission android.permission.WRITE_EXTERNAL_STORAGE in package com.android.soundrecorder
W/PackageManager( 4383): Unknown permission android.permission.WRITE_MEDIA_STORAGE in package com.android.soundrecorder
W/PackageManager( 4383): Unknown permission android.permission.READ_PHONE_STATE in package com.android.soundrecorder
W/PackageManager( 4383): Unknown permission android.permission.READ_EXTERNAL_STORAGE in package com.android.soundrecorder
W/PackageManager( 4383): Unknown permission android.permission.RECEIVE_BOOT_COMPLETED in package com.android.mms
W/PackageManager( 4383): Unknown permission android.permission.CALL_PHONE in package com.android.mms
W/PackageManager( 4383): Unknown permission android.permission.READ_CONTACTS in package com.android.mms
W/PackageManager( 4383): Unknown permission android.permission.WRITE_CONTACTS in package com.android.mms
W/PackageManager( 4383): Unknown permission android.permission.READ_PROFILE in package com.android.mms
W/PackageManager( 4383): Unknown permission android.permission.RECEIVE_SMS in package com.android.mms
W/PackageManager( 4383): Unknown permission android.permission.RECEIVE_MMS in package com.android.mms
W/PackageManager( 4383): Unknown permission android.permission.SEND_SMS in package com.android.mms
W/PackageManager( 4383): Unknown permission android.permission.VIBRATE in package com.android.mms
W/PackageManager( 4383): Unknown permission android.permission.INTERNET in package com.android.mms
W/PackageManager( 4383): Unknown permission android.permission.READ_SMS in package com.android.mms
W/PackageManager( 4383): Unknown permission android.permission.WRITE_SMS in package com.android.mms
W/PackageManager( 4383): Unknown permission android.permission.ACCESS_NETWORK_STATE in package com.android.mms
W/PackageManager( 4383): Unknown permission android.permission.CHANGE_NETWORK_STATE in package com.android.mms
W/PackageManager( 4383): Unknown permission android.permission.READ_PHONE_STATE in package com.android.mms
W/PackageManager( 4383): Unknown permission android.permission.WAKE_LOCK in package com.android.mms
W/PackageManager( 4383): Unknown permission android.permission.WRITE_EXTERNAL_STORAGE in package com.android.mms
W/PackageManager( 4383): Unknown permission android.permission.INSTALL_DRM in package com.android.mms
W/PackageManager( 4383): Unknown permission android.permission.WRITE_APN_SETTINGS in package com.android.mms
W/PackageManager( 4383): Unknown permission android.permission.CHANGE_PHONE_BLACKLIST in package com.android.mms
W/PackageManager( 4383): Unknown permission android.permission.READ_PHONE_BLACKLIST in package com.android.mms
W/PackageManager( 4383): Unknown permission com.android.browser.permission.READ_HISTORY_BOOKMARKS in package com.android.mms
W/PackageManager( 4383): Unknown permission com.android.browser.permission.WRITE_HISTORY_BOOKMARKS in package com.android.mms
W/PackageManager( 4383): Unknown permission com.qualcomm.permission.USE_PHONE_SERVICE in package com.android.mms
W/PackageManager( 4383): Unknown permission android.permission.GET_TASKS in package com.android.mms
W/PackageManager( 4383): Unknown permission android.permission.RECEIVE_WAP_PUSH in package com.android.mms
W/PackageManager( 4383): Unknown permission android.permission.MANAGE_DOCUMENTS in package com.android.mms
W/PackageManager( 4383): Unknown permission android.permission.DISABLE_KEYGUARD in package com.android.mms
W/PackageManager( 4383): Unknown permission android.permission.MODIFY_PHONE_STATE in package com.android.mms
W/PackageManager( 4383): Unknown permission android.permission.READ_EXTERNAL_STORAGE in package com.android.mms
W/PackageManager( 4383): Unknown permission android.permission.ACCESS_COARSE_LOCATION in package com.android.browser
W/PackageManager( 4383): Unknown permission android.permission.ACCESS_DOWNLOAD_MANAGER in package com.android.browser
W/PackageManager( 4383): Unknown permission android.permission.ACCESS_FINE_LOCATION in package com.android.browser
W/PackageManager( 4383): Unknown permission android.permission.ACCESS_NETWORK_STATE in package com.android.browser
W/PackageManager( 4383): Unknown permission android.permission.ACCESS_WIFI_STATE in package com.android.browser
W/PackageManager( 4383): Unknown permission android.permission.GET_ACCOUNTS in package com.android.browser
W/PackageManager( 4383): Unknown permission android.permission.USE_CREDENTIALS in package com.android.browser
W/PackageManager( 4383): Unknown permission android.permission.INTERNET in package com.android.browser
W/PackageManager( 4383): Unknown permission android.permission.NFC in package com.android.browser
W/PackageManager( 4383): Unknown permission android.permission.SEND_DOWNLOAD_COMPLETED_INTENTS in package com.android.browser
W/PackageManager( 4383): Unknown permission android.permission.SET_WALLPAPER in package com.android.browser
W/PackageManager( 4383): Unknown permission android.permission.WAKE_LOCK in package com.android.browser
W/PackageManager( 4383): Unknown permission android.permission.WRITE_EXTERNAL_STORAGE in package com.android.browser
W/PackageManager( 4383): Unknown permission android.permission.WRITE_SETTINGS in package com.android.browser
W/PackageManager( 4383): Unknown permission android.permission.READ_SYNC_SETTINGS in package com.android.browser
W/PackageManager( 4383): Unknown permission android.permission.WRITE_SYNC_SETTINGS in package com.android.browser
W/PackageManager( 4383): Unknown permission android.permission.MANAGE_ACCOUNTS in package com.android.browser
W/PackageManager( 4383): Unknown permission android.permission.READ_PROFILE in package com.android.browser
W/PackageManager( 4383): Unknown permission android.permission.READ_CONTACTS in package com.android.browser
W/PackageManager( 4383): Unknown permission com.android.browser.permission.READ_HISTORY_BOOKMARKS in package com.android.browser
W/PackageManager( 4383): Unknown permission com.android.browser.permission.WRITE_HISTORY_BOOKMARKS in package com.android.browser
W/PackageManager( 4383): Unknown permission com.android.launcher.permission.INSTALL_SHORTCUT in package com.android.browser
W/PackageManager( 4383): Unknown permission android.permission.RECORD_AUDIO in package com.android.browser
W/PackageManager( 4383): Unknown permission android.permission.CAMERA in package com.android.browser
W/PackageManager( 4383): Unknown permission android.permission.MODIFY_AUDIO_SETTINGS in package com.android.browser
W/PackageManager( 4383): Unknown permission android.permission.READ_EXTERNAL_STORAGE in package com.android.browser
W/PackageManager( 4383): Unknown permission android.permission.CALL_PHONE in package com.cyanogenmod.trebuchet
W/PackageManager( 4383): Unknown permission android.permission.SET_WALLPAPER in package com.cyanogenmod.trebuchet
W/PackageManager( 4383): Unknown permission android.permission.SET_WALLPAPER_HINTS in package com.cyanogenmod.trebuchet
W/PackageManager( 4383): Unknown permission android.permission.VIBRATE in package com.cyanogenmod.trebuchet
W/PackageManager( 4383): Unknown permission android.permission.BIND_APPWIDGET in package com.cyanogenmod.trebuchet
W/PackageManager( 4383): Unknown permission android.permission.GET_ACCOUNTS in package com.cyanogenmod.trebuchet
W/PackageManager( 4383): Unknown permission android.permission.READ_EXTERNAL_STORAGE in package com.cyanogenmod.trebuchet
W/PackageManager( 4383): Unknown permission android.permission.BROADCAST_STICKY in package com.cyanogenmod.trebuchet
W/PackageManager( 4383): Unknown permission android.permission.RECEIVE_BOOT_COMPLETED in package com.cyanogenmod.trebuchet
W/PackageManager( 4383): Unknown permission com.android.launcher.permission.READ_SETTINGS in package com.cyanogenmod.trebuchet
W/PackageManager( 4383): Unknown permission com.android.launcher.permission.WRITE_SETTINGS in package com.cyanogenmod.trebuchet
W/PackageManager( 4383): Unknown permission com.android.launcher3.permission.READ_SETTINGS in package com.cyanogenmod.trebuchet
W/PackageManager( 4383): Unknown permission com.android.launcher3.permission.WRITE_SETTINGS in package com.cyanogenmod.trebuchet
W/PackageManager( 4383): Unknown permission cyanogenmod.permission.PROTECTED_APP in package com.cyanogenmod.trebuchet
W/PackageManager( 4383): Unknown permission android.permission.INTERNET in package org.cyanogenmod.theme.chooser
W/PackageManager( 4383): Unknown permission android.permission.ACCESS_THEME_MANAGER in package org.cyanogenmod.theme.chooser
W/PackageManager( 4383): Unknown permission android.permission.READ_THEMES in package org.cyanogenmod.theme.chooser
W/PackageManager( 4383): Unknown permission android.permission.WRITE_THEMES in package org.cyanogenmod.theme.chooser
W/PackageManager( 4383): Unknown permission android.permission.CANCEL_NOTIFICATIONS in package org.cyanogenmod.theme.chooser
W/PackageManager( 4383): Unknown permission android.permission.ACCESS_NOTIFICATIONS in package org.cyanogenmod.theme.chooser
W/PackageManager( 4383): Unknown permission android.permission.WRITE_SETTINGS in package org.cyanogenmod.theme.chooser
W/PackageManager( 4383): Unknown permission android.permission.WRITE_SECURE_SETTINGS in package org.cyanogenmod.theme.chooser
V/PackageManager( 4383): Disabling com.google.android.gsf/com.google.android.gsf.update.SystemUpdateActivity
W/PackageManager( 4383): Unable to disable com.google.android.gsf/com.google.android.gsf.update.SystemUpdateActivity
V/PackageManager( 4383): Disabling com.google.android.gsf/com.google.android.gsf.update.SystemUpdateService$Receiver
W/PackageManager( 4383): Unable to disable com.google.android.gsf/com.google.android.gsf.update.SystemUpdateService$Receiver
V/PackageManager( 4383): Disabling com.google.android.gsf/com.google.android.gsf.update.SystemUpdateService$SecretCodeReceiver
W/PackageManager( 4383): Unable to disable com.google.android.gsf/com.google.android.gsf.update.SystemUpdateService$SecretCodeReceiver
V/PackageManager( 4383): Disabling com.google.android.gms/com.google.android.gms.update.SystemUpdateActivity
V/PackageManager( 4383): Disabling com.google.android.gms/com.google.android.gms.update.SystemUpdateService$Receiver
V/PackageManager( 4383): Disabling com.google.android.gms/com.google.android.gms.update.SystemUpdateService$ActiveReceiver
V/PackageManager( 4383): Disabling com.google.android.gms/com.google.android.gms.update.SystemUpdateService$SecretCodeReceiver
V/PackageManager( 4383): Enabling com.google.android.gsf/com.google.android.gsf.update.SystemUpdateService
W/PackageManager( 4383): Unable to enable com.google.android.gsf/com.google.android.gsf.update.SystemUpdateService
V/PackageManager( 4383): Enabling com.google.android.gms/com.google.android.gms.update.SystemUpdateService
I/art     ( 4383): Explicit concurrent mark sweep GC freed 85860(6MB) AllocSpace objects, 11(360KB) LOS objects, 33% free, 18MB/28MB, paused 1.161ms total 36.457ms
I/SystemServer( 4383): User Service
I/lowmemorykiller( 3663): ActivityManager connected
I/SystemServiceManager( 4383): Starting com.android.server.lights.LightsService
I/SystemServiceManager( 4383): Starting com.android.server.BatteryService
I/SystemServiceManager( 4383): Starting com.android.server.usage.UsageStatsService
I/SystemServiceManager( 4383): Starting com.android.server.webkit.WebViewUpdateService
I/SystemServer( 4383): Reading configuration...
I/SystemServer( 4383): Scheduling Policy
I/SystemServer( 4383): Telephony Registry
I/SystemServer( 4383): Entropy Mixer
I/EntropyMixer( 4383): Added HW RNG output to entropy pool
I/EntropyMixer( 4383): Writing entropy...
I/SystemServer( 4383): Account Manager
I/SystemServer( 4383): Content Manager
I/SystemServer( 4383): System Content Providers
E/ActivityThread( 4383): Failed to find provider info for settings
E/System  ( 4383): ******************************************
E/System  ( 4383): ************ Failure starting core service
E/System  ( 4383): java.lang.NullPointerException: Attempt to invoke interface method 'android.os.Bundle android.content.IContentProvider.call(java.lang.String, java.lang.String, java.lang.String, android.os.Bundle)' on a null object reference
E/System  ( 4383): 	at android.provider.Settings$NameValueCache.getStringForUser(Settings.java:1144)
E/System  ( 4383): 	at android.provider.Settings$Secure.getStringForUser(Settings.java:4086)
E/System  ( 4383): 	at android.provider.Settings$Secure.getIntForUser(Settings.java:4195)
E/System  ( 4383): 	at android.provider.Settings$Secure.getInt(Settings.java:4184)
E/System  ( 4383): 	at com.android.server.am.CoreSettingsObserver.populateSettings(CoreSettingsObserver.java:125)
E/System  ( 4383): 	at com.android.server.am.CoreSettingsObserver.sendCoreSettings(CoreSettingsObserver.java:80)
E/System  ( 4383): 	at com.android.server.am.CoreSettingsObserver.<init>(CoreSettingsObserver.java:65)
E/System  ( 4383): 	at com.android.server.am.ActivityManagerService.installSystemProviders(ActivityManagerService.java:9976)
E/System  ( 4383): 	at com.android.server.SystemServer.startOtherServices(SystemServer.java:482)
E/System  ( 4383): 	at com.android.server.SystemServer.run(SystemServer.java:284)
E/System  ( 4383): 	at com.android.server.SystemServer.main(SystemServer.java:185)
E/System  ( 4383): 	at java.lang.reflect.Method.invoke(Native Method)
E/System  ( 4383): 	at java.lang.reflect.Method.invoke(Method.java:372)
E/System  ( 4383): 	at com.android.internal.os.ZygoteInit$MethodAndArgsCaller.run(ZygoteInit.java:898)
E/System  ( 4383): 	at com.android.internal.os.ZygoteInit.main(ZygoteInit.java:693)
I/SystemServer( 4383): Input Method Service
W/InputMethodManagerService( 4383): Couldn't create dir.: /data/system/inputmethod
E/ActivityThread( 4383): Failed to find provider info for settings
W/SystemServer( 4383): ***********************************************
F/SystemServer( 4383): BOOT FAILURE starting Input Manager Service
F/SystemServer( 4383): java.lang.NullPointerException: Attempt to invoke interface method 'android.os.Bundle android.content.IContentProvider.call(java.lang.String, java.lang.String, java.lang.String, android.os.Bundle)' on a null object reference
F/SystemServer( 4383): 	at android.provider.Settings$NameValueCache.getStringForUser(Settings.java:1144)
F/SystemServer( 4383): 	at android.provider.Settings$Secure.getStringForUser(Settings.java:4086)
F/SystemServer( 4383): 	at com.android.internal.inputmethod.InputMethodUtils$InputMethodSettings.getEnabledInputMethodsStr(InputMethodUtils.java:898)
F/SystemServer( 4383): 	at com.android.internal.inputmethod.InputMethodUtils$InputMethodSettings.getEnabledInputMethodsAndSubtypeListLocked(InputMethodUtils.java:797)
F/SystemServer( 4383): 	at com.android.internal.inputmethod.InputMethodUtils$InputMethodSettings.getEnabledInputMethodListLocked(InputMethodUtils.java:731)
F/SystemServer( 4383): 	at com.android.internal.inputmethod.InputMethodUtils$InputMethodSettings.getExplicitlyOrImplicitlyEnabledInputMethodsAndSubtypeListLocked(InputMethodUtils.java:1168)
F/SystemServer( 4383): 	at com.android.internal.inputmethod.InputMethodSubtypeSwitchingController$InputMethodAndSubtypeList.getSortedInputMethodAndSubtypeList(InputMethodSubtypeSwitchingController.java:202)
F/SystemServer( 4383): 	at com.android.internal.inputmethod.InputMethodSubtypeSwitchingController$InputMethodAndSubtypeList.getSortedInputMethodAndSubtypeList(InputMethodSubtypeSwitchingController.java:195)
F/SystemServer( 4383): 	at com.android.internal.inputmethod.InputMethodSubtypeSwitchingController.resetCircularListLocked(InputMethodSubtypeSwitchingController.java:503)
F/SystemServer( 4383): 	at com.android.internal.inputmethod.InputMethodSubtypeSwitchingController.<init>(InputMethodSubtypeSwitchingController.java:483)
F/SystemServer( 4383): 	at com.android.internal.inputmethod.InputMethodSubtypeSwitchingController.createInstanceLocked(InputMethodSubtypeSwitchingController.java:488)
F/SystemServer( 4383): 	at com.android.server.InputMethodManagerService.<init>(InputMethodManagerService.java:721)
F/SystemServer( 4383): 	at com.android.server.SystemServer.startOtherServices(SystemServer.java:561)
F/SystemServer( 4383): 	at com.android.server.SystemServer.run(SystemServer.java:284)
F/SystemServer( 4383): 	at com.android.server.SystemServer.main(SystemServer.java:185)
F/SystemServer( 4383): 	at java.lang.reflect.Method.invoke(Native Method)
F/SystemServer( 4383): 	at java.lang.reflect.Method.invoke(Method.java:372)
F/SystemServer( 4383): 	at com.android.internal.os.ZygoteInit$MethodAndArgsCaller.run(ZygoteInit.java:898)
F/SystemServer( 4383): 	at com.android.internal.os.ZygoteInit.main(ZygoteInit.java:693)
I/SystemServer( 4383): Accessibility Manager
W/SystemServer( 4383): ***********************************************
F/SystemServer( 4383): BOOT FAILURE making display ready
F/SystemServer( 4383): java.lang.NullPointerException: Attempt to invoke virtual method 'void com.android.server.wm.WindowManagerService.displayReady()' on a null object reference
F/SystemServer( 4383): 	at com.android.server.SystemServer.startOtherServices(SystemServer.java:578)
F/SystemServer( 4383): 	at com.android.server.SystemServer.run(SystemServer.java:284)
F/SystemServer( 4383): 	at com.android.server.SystemServer.main(SystemServer.java:185)
F/SystemServer( 4383): 	at java.lang.reflect.Method.invoke(Native Method)
F/SystemServer( 4383): 	at java.lang.reflect.Method.invoke(Method.java:372)
F/SystemServer( 4383): 	at com.android.internal.os.ZygoteInit$MethodAndArgsCaller.run(ZygoteInit.java:898)
F/SystemServer( 4383): 	at com.android.internal.os.ZygoteInit.main(ZygoteInit.java:693)
I/SystemServer( 4383): Mount Service
D/MountService( 4383): got storage path: /storage/sdcard0 description: Almacenamiento interno primary: true removable: false emulated: true mtpReserve: 100 allowMassStorage: false maxFileSize: 0
D/MountService( 4383): addVolumeLocked() StorageVolume:
D/MountService( 4383):     mStorageId=65537 mPath=/storage/emulated/0 mDescriptionId=17040999 
D/MountService( 4383):     mPrimary=true mRemovable=false mEmulated=true mMtpReserveSpace=100 
D/MountService( 4383):     mAllowMassStorage=false mMaxFileSize=0 mOwner=UserHandle{0} mUuid=null 
D/MountService( 4383):     mUserLabel=null mState=null 
D/MountService( 4383): got storage path: /storage/sdcard1 description: Tarjeta SD primary: false removable: true emulated: false mtpReserve: 0 allowMassStorage: true maxFileSize: 0
D/MountService( 4383): addVolumeLocked() StorageVolume:
D/MountService( 4383):     mStorageId=0 mPath=/storage/sdcard1 mDescriptionId=17041000 mPrimary=false 
D/MountService( 4383):     mRemovable=true mEmulated=false mMtpReserveSpace=0 mAllowMassStorage=true 
D/MountService( 4383):     mMaxFileSize=0 mOwner=null mUuid=null mUserLabel=null mState=null 
D/MountService( 4383): got storage path: /storage/usbdisk description: Almacenamiento USB primary: false removable: true emulated: false mtpReserve: 0 allowMassStorage: false maxFileSize: 0
D/MountService( 4383): addVolumeLocked() StorageVolume:
D/MountService( 4383):     mStorageId=0 mPath=/storage/usbdisk mDescriptionId=17041001 mPrimary=false 
D/MountService( 4383):     mRemovable=true mEmulated=false mMtpReserveSpace=0 mAllowMassStorage=false 
D/MountService( 4383):     mMaxFileSize=0 mOwner=null mUuid=null mUserLabel=null mState=null 
E/ActivityThread( 4383): Failed to find provider info for settings
W/SystemServer( 4383): ***********************************************
F/SystemServer( 4383): BOOT FAILURE performing boot dexopt
F/SystemServer( 4383): java.lang.NullPointerException: Attempt to invoke interface method 'android.os.Bundle android.content.IContentProvider.call(java.lang.String, java.lang.String, java.lang.String, android.os.Bundle)' on a null object reference
F/SystemServer( 4383): 	at android.provider.Settings$NameValueCache.getStringForUser(Settings.java:1144)
F/SystemServer( 4383): 	at android.provider.Settings$Global.getStringForUser(Settings.java:7966)
F/SystemServer( 4383): 	at android.provider.Settings$Global.getString(Settings.java:7955)
F/SystemServer( 4383): 	at android.provider.Settings$Global.getLong(Settings.java:8096)
F/SystemServer( 4383): 	at com.android.server.pm.PackageManagerService.performBootDexOpt(PackageManagerService.java:4802)
F/SystemServer( 4383): 	at com.android.server.SystemServer.startOtherServices(SystemServer.java:601)
F/SystemServer( 4383): 	at com.android.server.SystemServer.run(SystemServer.java:284)
F/SystemServer( 4383): 	at com.android.server.SystemServer.main(SystemServer.java:185)
F/SystemServer( 4383): 	at java.lang.reflect.Method.invoke(Native Method)
F/SystemServer( 4383): 	at java.lang.reflect.Method.invoke(Method.java:372)
F/SystemServer( 4383): 	at com.android.internal.os.ZygoteInit$MethodAndArgsCaller.run(ZygoteInit.java:898)
F/SystemServer( 4383): 	at com.android.internal.os.ZygoteInit.main(ZygoteInit.java:693)
E/System  ( 4383): ******************************************
E/System  ( 4383): ************ Failure starting system services
E/System  ( 4383): java.lang.NullPointerException: Attempt to invoke virtual method 'void com.android.server.wm.WindowManagerService.showBootMessage(java.lang.CharSequence, boolean)' on a null object reference
E/System  ( 4383): 	at com.android.server.am.ActivityManagerService.showBootMessage(ActivityManagerService.java:6406)
E/System  ( 4383): 	at com.android.server.SystemServer.startOtherServices(SystemServer.java:607)
E/System  ( 4383): 	at com.android.server.SystemServer.run(SystemServer.java:284)
E/System  ( 4383): 	at com.android.server.SystemServer.main(SystemServer.java:185)
E/System  ( 4383): 	at java.lang.reflect.Method.invoke(Native Method)
E/System  ( 4383): 	at java.lang.reflect.Method.invoke(Method.java:372)
E/System  ( 4383): 	at com.android.internal.os.ZygoteInit$MethodAndArgsCaller.run(ZygoteInit.java:898)
E/System  ( 4383): 	at com.android.internal.os.ZygoteInit.main(ZygoteInit.java:693)
D/AndroidRuntime( 4383): Shutting down VM
E/AndroidRuntime( 4383): *** FATAL EXCEPTION IN SYSTEM PROCESS: main
E/AndroidRuntime( 4383): java.lang.NullPointerException: Attempt to invoke virtual method 'void com.android.server.wm.WindowManagerService.showBootMessage(java.lang.CharSequence, boolean)' on a null object reference
E/AndroidRuntime( 4383): 	at com.android.server.am.ActivityManagerService.showBootMessage(ActivityManagerService.java:6406)
E/AndroidRuntime( 4383): 	at com.android.server.SystemServer.startOtherServices(SystemServer.java:607)
E/AndroidRuntime( 4383): 	at com.android.server.SystemServer.run(SystemServer.java:284)
E/AndroidRuntime( 4383): 	at com.android.server.SystemServer.main(SystemServer.java:185)
E/AndroidRuntime( 4383): 	at java.lang.reflect.Method.invoke(Native Method)
E/AndroidRuntime( 4383): 	at java.lang.reflect.Method.invoke(Method.java:372)
E/AndroidRuntime( 4383): 	at com.android.internal.os.ZygoteInit$MethodAndArgsCaller.run(ZygoteInit.java:898)
E/AndroidRuntime( 4383): 	at com.android.internal.os.ZygoteInit.main(ZygoteInit.java:693)
I/Process ( 4383): Sending signal. PID: 4383 SIG: 9
I/ServiceManager( 3664): service 'sensorservice' died
E/installd( 3683): eof
E/installd( 3683): failed to read size
I/installd( 3683): closing connection
I/ServiceManager( 3664): service 'content' died
I/ServiceManager( 3664): service 'accessibility' died
I/ServiceManager( 3664): service 'permission' died
I/ServiceManager( 3664): service 'mount' died
I/ServiceManager( 3664): service 'user' died
I/ServiceManager( 3664): service 'activity' died
I/ServiceManager( 3664): service 'display' died
I/ServiceManager( 3664): service 'cpuinfo' died
I/ServiceManager( 3664): service 'dbinfo' died
I/ServiceManager( 3664): service 'gfxinfo' died
I/ServiceManager( 3664): service 'meminfo' died
I/ServiceManager( 3664): service 'package' died
I/ServiceManager( 3664): service 'batterystats' died
I/ServiceManager( 3664): service 'appops' died
I/ServiceManager( 3664): service 'power' died
I/ServiceManager( 3664): service 'procstats' died
I/ServiceManager( 3664): service 'hardware' died
I/ServiceManager( 3664): service 'account' died
I/ServiceManager( 3664): service 'battery' died
I/ServiceManager( 3664): service 'usagestats' died
I/ServiceManager( 3664): service 'webviewupdate' died
I/ServiceManager( 3664): service 'scheduling_policy' died
I/ServiceManager( 3664): service 'telephony.registry' died
I/ServiceManager( 3664): service 'entropy' died
I/lowmemorykiller( 3663): ActivityManager disconnected
I/lowmemorykiller( 3663): Closing Activity Manager data connection
E/Zygote  ( 4213): Exit zygote because system server (4383) has terminated
I/Netd    ( 4542): Netd 1.0 starting
E/Netd    ( 4542): Failed to open /proc/sys/net/ipv6/conf/default/accept_ra_rt_table: No such file or directory
E/Netd    ( 4542): Failed to open /proc/sys/net/ipv6/conf/ip6tnl0/accept_ra_rt_table: No such file or directory
E/Netd    ( 4542): Failed to open /proc/sys/net/ipv6/conf/lo/accept_ra_rt_table: No such file or directory
E/Netd    ( 4542): Failed to open /proc/sys/net/ipv6/conf/rmnet0/accept_ra_rt_table: No such file or directory
E/Netd    ( 4542): Failed to open /proc/sys/net/ipv6/conf/rmnet1/accept_ra_rt_table: No such file or directory
E/Netd    ( 4542): Failed to open /proc/sys/net/ipv6/conf/rmnet2/accept_ra_rt_table: No such file or directory
E/Netd    ( 4542): Failed to open /proc/sys/net/ipv6/conf/rmnet3/accept_ra_rt_table: No such file or directory
E/Netd    ( 4542): Failed to open /proc/sys/net/ipv6/conf/sit0/accept_ra_rt_table: No such file or directory
W/auditd  ( 3693): type=1325 audit(0.0:408): table=filter family=2 entries=52
W/iptables( 4543): type=1300 audit(0.0:408): arch=40000028 syscall=294 per=800000 success=yes exit=0 a0=5 a1=0 a2=40 a3=b6c2a000 items=0 ppid=4542 auid=4294967295 uid=0 gid=0 euid=0 suid=0 fsuid=0 egid=0 sgid=0 fsgid=0 ses=4294967295 tty=(none) exe="/system/bin/iptables" key=(null)
W/auditd  ( 3693): type=1320 audit(0.0:408): 
W/auditd  ( 3693): type=1325 audit(0.0:409): table=filter family=10 entries=49
W/ip6tables( 4544): type=1300 audit(0.0:409): arch=40000028 syscall=294 per=800000 success=yes exit=0 a0=5 a1=29 a2=40 a3=b6c2e000 items=0 ppid=4542 auid=4294967295 uid=0 gid=0 euid=0 suid=0 fsuid=0 egid=0 sgid=0 fsgid=0 ses=4294967295 tty=(none) exe="/system/bin/ip6tables" key=(null)
W/auditd  ( 3693): type=1320 audit(0.0:409): 
W/auditd  ( 3693): type=1325 audit(0.0:410): table=filter family=2 entries=51
W/iptables( 4545): type=1300 audit(0.0:410): arch=40000028 syscall=294 per=800000 success=yes exit=0 a0=5 a1=0 a2=40 a3=b6c27000 items=0 ppid=4542 auid=4294967295 uid=0 gid=0 euid=0 suid=0 fsuid=0 egid=0 sgid=0 fsgid=0 ses=4294967295 tty=(none) exe="/system/bin/iptables" key=(null)
W/auditd  ( 3693): type=1320 audit(0.0:410): 
W/auditd  ( 3693): type=1325 audit(0.0:411): table=filter family=10 entries=48
W/ip6tables( 4546): type=1300 audit(0.0:411): arch=40000028 syscall=294 per=800000 success=yes exit=0 a0=5 a1=29 a2=40 a3=b6c29000 items=0 ppid=4542 auid=4294967295 uid=0 gid=0 euid=0 suid=0 fsuid=0 egid=0 sgid=0 fsgid=0 ses=4294967295 tty=(none) exe="/system/bin/ip6tables" key=(null)
W/auditd  ( 3693): type=1320 audit(0.0:411): 
W/auditd  ( 3693): type=1325 audit(0.0:412): table=filter family=2 entries=50
W/iptables( 4547): type=1300 audit(0.0:412): arch=40000028 syscall=294 per=800000 success=yes exit=0 a0=5 a1=0 a2=40 a3=b6c26000 items=0 ppid=4542 auid=4294967295 uid=0 gid=0 euid=0 suid=0 fsuid=0 egid=0 sgid=0 fsgid=0 ses=4294967295 tty=(none) exe="/system/bin/iptables" key=(null)
W/auditd  ( 3693): type=1320 audit(0.0:412): 
W/auditd  ( 3693): type=1325 audit(0.0:413): table=filter family=10 entries=47
W/ip6tables( 4548): type=1300 audit(0.0:413): arch=40000028 syscall=294 per=800000 success=yes exit=0 a0=5 a1=29 a2=40 a3=b6c29000 items=0 ppid=4542 auid=4294967295 uid=0 gid=0 euid=0 suid=0 fsuid=0 egid=0 sgid=0 fsgid=0 ses=4294967295 tty=(none) exe="/system/bin/ip6tables" key=(null)
W/auditd  ( 3693): type=1320 audit(0.0:413): 
W/auditd  ( 3693): type=1325 audit(0.0:414): table=filter family=2 entries=48
W/iptables( 4549): type=1300 audit(0.0:414): arch=40000028 syscall=294 per=800000 success=yes exit=0 a0=5 a1=0 a2=40 a3=b6c26000 items=0 ppid=4542 auid=4294967295 uid=0 gid=0 euid=0 suid=0 fsuid=0 egid=0 sgid=0 fsgid=0 ses=4294967295 tty=(none) exe="/system/bin/iptables" key=(null)
D/AndroidRuntime( 4541): 
D/AndroidRuntime( 4541): >>>>>> AndroidRuntime START com.android.internal.os.ZygoteInit <<<<<<
D/AndroidRuntime( 4541): CheckJNI is OFF
I/art     ( 4541): option[0]=-Xzygote
I/art     ( 4541): option[1]=-Xstacktracefile:/data/anr/traces.txt
I/art     ( 4541): option[2]=exit
I/art     ( 4541): option[3]=vfprintf
I/art     ( 4541): option[4]=sensitiveThread
I/art     ( 4541): option[5]=-verbose:gc
I/art     ( 4541): option[6]=-Xms16m
I/art     ( 4541): option[7]=-Xmx512m
I/art     ( 4541): option[8]=-XX:mainThreadStackSize=24K
I/art     ( 4541): option[9]=-XX:HeapGrowthLimit=192m
I/art     ( 4541): option[10]=-XX:HeapMinFree=2m
I/art     ( 4541): option[11]=-XX:HeapMaxFree=8m
I/art     ( 4541): option[12]=-XX:HeapTargetUtilization=0.75
I/art     ( 4541): option[13]=-agentlib:jdwp=transport=dt_android_adb,suspend=n,server=y
I/art     ( 4541): option[14]=-Xlockprofthreshold:500
I/art     ( 4541): option[15]=-Ximage-compiler-option
I/art     ( 4541): option[16]=--runtime-arg
I/art     ( 4541): option[17]=-Ximage-compiler-option
I/art     ( 4541): option[18]=-Xms64m
I/art     ( 4541): option[19]=-Ximage-compiler-option
I/art     ( 4541): option[20]=--runtime-arg
I/art     ( 4541): option[21]=-Ximage-compiler-option
I/art     ( 4541): option[22]=-Xmx64m
I/art     ( 4541): option[23]=-Ximage-compiler-option
I/art     ( 4541): option[24]=--image-classes-zip=/system/framework/framework.jar
I/art     ( 4541): option[25]=-Ximage-compiler-option
I/art     ( 4541): option[26]=--image-classes=preloaded-classes
I/art     ( 4541): option[27]=-Xcompiler-option
I/art     ( 4541): option[28]=--runtime-arg
I/art     ( 4541): option[29]=-Xcompiler-option
I/art     ( 4541): option[30]=-Xms64m
I/art     ( 4541): option[31]=-Xcompiler-option
I/art     ( 4541): option[32]=--runtime-arg
I/art     ( 4541): option[33]=-Xcompiler-option
I/art     ( 4541): option[34]=-Xmx512m
I/art     ( 4541): option[35]=-Duser.language=es
I/art     ( 4541): option[36]=-Duser.region=US
E/memtrack( 4541): Couldn't load memtrack module (No such file or directory)
E/android.os.Debug( 4541): failed to load memtrack module: -2
I/SamplingProfilerIntegration( 4541): Profiling disabled.
D/Zygote  ( 4541): begin preload
I/Zygote  ( 4541): Preloading classes...
I/art     ( 4541): Explicit concurrent mark sweep GC freed 994(55KB) AllocSpace objects, 0(0B) LOS objects, 98% free, 70KB/4MB, paused 121us total 4.152ms
I/art     ( 4541): Counter: 1
E/Minikin ( 4541): addFont failed to create font /system/fonts/NotoSansGujarati-Regular.ttf
E/Minikin ( 4541): addFont failed to create font /system/fonts/NotoSansGujarati-Bold.ttf
E/Minikin ( 4541): addFont failed to create font /system/fonts/NotoSansGujaratiUI-Regular.ttf
E/Minikin ( 4541): addFont failed to create font /system/fonts/NotoSansGujaratiUI-Bold.ttf
E/Minikin ( 4541): addFont failed to create font /system/fonts/NotoSansGurmukhi-Regular.ttf
E/Minikin ( 4541): addFont failed to create font /system/fonts/NotoSansGurmukhi-Bold.ttf
E/Minikin ( 4541): addFont failed to create font /system/fonts/NotoSansGurmukhiUI-Regular.ttf
E/Minikin ( 4541): addFont failed to create font /system/fonts/NotoSansGurmukhiUI-Bold.ttf
E/Minikin ( 4541): addFont failed to create font /system/fonts/NotoSansSinhala-Regular.ttf
E/Minikin ( 4541): addFont failed to create font /system/fonts/NotoSansSinhala-Bold.ttf
E/Minikin ( 4541): addFont failed to create font /system/fonts/NotoSansCherokee-Regular.ttf
E/Minikin ( 4541): addFont failed to create font /system/fonts/NotoSansCanadianAboriginal-Regular.ttf
E/Minikin ( 4541): addFont failed to create font /system/fonts/NotoSansYi-Regular.ttf
E/Minikin ( 4541): addFont failed to create font /system/fonts/NotoSansHans-Regular.otf
E/Minikin ( 4541): addFont failed to create font /system/fonts/NotoSansHant-Regular.otf
E/Minikin ( 4541): addFont failed to create font /system/fonts/NotoSansJP-Regular.otf
E/Minikin ( 4541): addFont failed to create font /system/fonts/NotoSansKR-Regular.otf
I/art     ( 4541): Thread[1,tid=4541,WaitingForJniOnLoad,Thread*=0xb5007800,peer=0x12c330e0,"main"] recursive attempt to load library "/system/lib/libmedia_jni.so"
D/MtpDeviceJNI( 4541): register_android_mtp_MtpDevice
I/art     ( 4541): Thread[1,tid=4541,WaitingForJniOnLoad,Thread*=0xb5007800,peer=0x12c330e0,"main"] recursive attempt to load library "/system/lib/libmedia_jni.so"
I/art     ( 4541): Thread[1,tid=4541,WaitingForJniOnLoad,Thread*=0xb5007800,peer=0x12c330e0,"main"] recursive attempt to load library "/system/lib/libmedia_jni.so"
I/System  ( 4541): Loaded time zone names for "" in 39ms (35ms in ICU)
I/System  ( 4541): Loaded time zone names for "en_US" in 30ms (25ms in ICU)
I/System  ( 4541): Loaded time zone names for "es_US" in 32ms (27ms in ICU)
I/art     ( 4541): Explicit concurrent mark sweep GC freed 32375(1963KB) AllocSpace objects, 0(0B) LOS objects, 71% free, 1613KB/5MB, paused 144us total 14.421ms
I/Zygote  ( 4541): ...preloaded 3005 classes in 618ms.
I/art     ( 4541): VMRuntime.preloadDexCaches starting
I/art     ( 4541): VMRuntime.preloadDexCaches strings total=217316 before=40338 after=40338
I/art     ( 4541): VMRuntime.preloadDexCaches types total=18704 before=6337 after=6380
I/art     ( 4541): VMRuntime.preloadDexCaches fields total=87408 before=32543 after=32871
I/art     ( 4541): VMRuntime.preloadDexCaches methods total=154031 before=66779 after=67657
I/art     ( 4541): VMRuntime.preloadDexCaches finished
I/art     ( 4541): Counter: 0
I/art     ( 4541): Counter: 1
I/art     ( 4541): Explicit concurrent mark sweep GC freed 175(20KB) AllocSpace objects, 0(0B) LOS objects, 71% free, 1593KB/5MB, paused 181us total 8.531ms
D/idmap   ( 4644): error: no read access to /vendor/overlay: No such file or directory
I/Zygote  ( 4541): Preloading resources...
W/auditd  ( 3693): type=1325 audit(0.0:509): table=raw family=10 entries=10
W/ip6tables( 4650): type=1300 audit(0.0:509): arch=40000028 syscall=294 per=800000 success=yes exit=0 a0=5 a1=29 a2=40 a3=b6b1d200 items=0 ppid=4542 auid=4294967295 uid=0 gid=0 euid=0 suid=0 fsuid=0 egid=0 sgid=0 fsgid=0 ses=4294967295 tty=(none) exe="/system/bin/ip6tables" key=(null)
W/auditd  ( 3693): type=1320 audit(0.0:509): 
W/auditd  ( 3693): type=1325 audit(0.0:510): table=raw family=2 entries=9
W/iptables( 4651): type=1300 audit(0.0:510): arch=40000028 syscall=294 per=800000 success=yes exit=0 a0=5 a1=0 a2=40 a3=b6c1ba00 items=0 ppid=4542 auid=4294967295 uid=0 gid=0 euid=0 suid=0 fsuid=0 egid=0 sgid=0 fsgid=0 ses=4294967295 tty=(none) exe="/system/bin/iptables" key=(null)
W/auditd  ( 3693): type=1320 audit(0.0:510): 
W/auditd  ( 3693): type=1325 audit(0.0:511): table=raw family=10 entries=9
W/ip6tables( 4652): type=1300 audit(0.0:511): arch=40000028 syscall=294 per=800000 success=yes exit=0 a0=5 a1=29 a2=40 a3=b6c1c000 items=0 ppid=4542 auid=4294967295 uid=0 gid=0 euid=0 suid=0 fsuid=0 egid=0 sgid=0 fsgid=0 ses=4294967295 tty=(none) exe="/system/bin/ip6tables" key=(null)
W/auditd  ( 3693): type=1320 audit(0.0:511): 
W/auditd  ( 3693): type=1325 audit(0.0:512): table=raw family=2 entries=8
W/iptables( 4653): type=1300 audit(0.0:512): arch=40000028 syscall=294 per=800000 success=yes exit=0 a0=5 a1=0 a2=40 a3=b6c30100 items=0 ppid=4542 auid=4294967295 uid=0 gid=0 euid=0 suid=0 fsuid=0 egid=0 sgid=0 fsgid=0 ses=4294967295 tty=(none) exe="/system/bin/iptables" key=(null)
W/auditd  ( 3693): type=1320 audit(0.0:512): 
W/auditd  ( 3693): type=1325 audit(0.0:513): table=raw family=10 entries=8
W/ip6tables( 4654): type=1300 audit(0.0:513): arch=40000028 syscall=294 per=800000 success=yes exit=0 a0=5 a1=29 a2=40 a3=b6c32400 items=0 ppid=4542 auid=4294967295 uid=0 gid=0 euid=0 suid=0 fsuid=0 egid=0 sgid=0 fsgid=0 ses=4294967295 tty=(none) exe="/system/bin/ip6tables" key=(null)
W/auditd  ( 3693): type=1320 audit(0.0:513): 
W/auditd  ( 3693): type=1325 audit(0.0:514): table=raw family=2 entries=6
W/iptables( 4655): type=1300 audit(0.0:514): arch=40000028 syscall=294 per=800000 success=yes exit=0 a0=5 a1=0 a2=40 a3=b6c20400 items=0 ppid=4542 auid=4294967295 uid=0 gid=0 euid=0 suid=0 fsuid=0 egid=0 sgid=0 fsgid=0 ses=4294967295 tty=(none) exe="/system/bin/iptables" key=(null)
W/auditd  ( 3693): type=1320 audit(0.0:514): 
W/auditd  ( 3693): type=1325 audit(0.0:515): table=raw family=10 entries=6
W/ip6tables( 4656): type=1300 audit(0.0:515): arch=40000028 syscall=294 per=800000 success=yes exit=0 a0=5 a1=29 a2=40 a3=b6c31800 items=0 ppid=4542 auid=4294967295 uid=0 gid=0 euid=0 suid=0 fsuid=0 egid=0 sgid=0 fsgid=0 ses=4294967295 tty=(none) exe="/system/bin/ip6tables" key=(null)
W/SurfaceFlinger( 3678): Ignoring duplicate VSYNC event from HWC (t=28020063710)
I/art     ( 4541): Explicit concurrent mark sweep GC freed 4542(159KB) AllocSpace objects, 0(0B) LOS objects, 40% free, 16MB/28MB, paused 224us total 9.660ms
I/Zygote  ( 4541): ...preloaded 430 resources in 380ms.
I/art     ( 4541): Explicit concurrent mark sweep GC freed 562(31KB) AllocSpace objects, 0(0B) LOS objects, 40% free, 16MB/28MB, paused 214us total 9.472ms
I/Zygote  ( 4541): ...preloaded 41 resources in 21ms.
I/art     ( 4541): Counter: 0
D/libEGL  ( 4541): loaded /vendor/lib/egl/libGLES_mali.so
I/Zygote  ( 4541): Preloading shared libraries...
D/Zygote  ( 4541): end preload
I/art     ( 4541): Explicit concurrent mark sweep GC freed 461(21KB) AllocSpace objects, 0(0B) LOS objects, 40% free, 16MB/28MB, paused 227us total 8.956ms
I/art     ( 4541): Explicit concurrent mark sweep GC freed 41(1568B) AllocSpace objects, 0(0B) LOS objects, 40% free, 16MB/28MB, paused 249us total 9.583ms
I/art     ( 4541): Explicit concurrent mark sweep GC freed 5(160B) AllocSpace objects, 0(0B) LOS objects, 40% free, 16MB/28MB, paused 248us total 9.003ms
I/Zygote  ( 4541): System server process 4703 has been created
I/Zygote  ( 4541): Accepting command socket connections
I/InstallerConnection( 4703): disconnecting...
I/SystemServer( 4703): Entered the Android system server!
V/Fingerprint-JNI( 4703): FingerprintManager JNI ready.
I/        ( 4703): System server: starting sensor init.
D/SensorService( 4703): nuSensorService starting...
E/Sensors ( 4703): GeoMagneticSensor, ERROR dev_num = -19
I/SystemServiceManager( 4703): Starting com.android.server.pm.Installer
I/Installer( 4703): Waiting for installd to be ready.
I/InstallerConnection( 4703): connecting...
I/installd( 3683): new connection
I/Sensors ( 4703): Proximity old sensor_state 0, new sensor_state : 128 en : 1
I/SystemServiceManager( 4703): Starting com.android.server.am.ActivityManagerService$Lifecycle
I/Sensors ( 4703): Light old sensor_state 128, new sensor_state : 640 en : 1
E/Sensors ( 4703): UncalMagneticSensor, ERROR dev_num = -19
I/Sensors ( 4703): SigMotionSensor old sensor_state 640, new sensor_state : 8832 en : 1
E/Sensors ( 4703): UncalGyroSensor, ERROR dev_num = -19
E/Sensors ( 4703): GameRotationVector, ERROR dev_num = -19
I/Sensors ( 4703): StepCounterSensor old sensor_state 8832, new sensor_state : 139904 en : 1
I/ActivityManager( 4703): Memory class: 192
D/Sensors ( 4703): HrmSpO2Sensor::HrmSpO2Sensor: Shared version Registered 
E/SensorService( 4703): >>>> WARNING <<< Upgrade sensor HAL to version 1_3
I/Sensors ( 4703): Proximity old sensor_state 139904, new sensor_state : 139776 en : 0
I/ServiceThread( 4703): Enabled StrictMode logging for ActivityManager looper.
I/Sensors ( 4703): Light old sensor_state 139776, new sensor_state : 139264 en : 0
I/Sensors ( 4703): StepCounterSensor old sensor_state 139264, new sensor_state : 8192 en : 0
I/Sensors ( 4703): SigMotionSensor old sensor_state 8192, new sensor_state : 0 en : 0
I/Sensors ( 4703): HrmSpO2Sensor::enable, handle(16), en(0), what(1/0:aosphrm,1:sshrm, old enabled : 0)
I/Sensors ( 4703): HrmSpO2Sensor is already disabled or have to keep enabled, mEnabled : 0x0, en : 0
I/Sensors ( 4703): HrmSpO2Sensor::enable, handle(17), en(0), what(0/0:aosphrm,1:sshrm, old enabled : 0)
I/Sensors ( 4703): HrmSpO2Sensor is already disabled or have to keep enabled, mEnabled : 0x0, en : 0
I/Sensors ( 4703): HrmSpO2Sensor::enable, handle(18), en(0), what(2/0:aosphrm,1:sshrm, old enabled : 0)
I/Sensors ( 4703): HrmSpO2Sensor is already disabled or have to keep enabled, mEnabled : 0x0, en : 0
I/        ( 4703): System server: sensor init done.
D/SensorService( 4703): nuSensorService thread starting...
D/SensorService( 4703): new thread SensorEventAckReceiver
I/IntentFirewall( 4703): Read new rules (A:0 B:0 S:0)
I/ServiceThread( 4703): Enabled StrictMode logging for android.ui looper.
I/ServiceThread( 4703): Enabled StrictMode logging for android.display looper.
D/AppOps  ( 4703): AppOpsService published
I/SystemServiceManager( 4703): Starting com.android.server.power.PowerManagerService
I/ServiceThread( 4703): Enabled StrictMode logging for PowerManagerService looper.
D/SEC PowerHAL( 4703): sysfs_write +: /sys/devices/system/cpu/cpu0/cpufreq/interactive/multi_enter_load: 800
D/SEC PowerHAL( 4703): sysfs_write -: /sys/devices/system/cpu/cpu0/cpufreq/interactive/multi_enter_load: 800
D/SEC PowerHAL( 4703): sysfs_write +: /sys/devices/system/cpu/cpu0/cpufreq/interactive/single_enter_load: 200
D/SEC PowerHAL( 4703): sysfs_write -: /sys/devices/system/cpu/cpu0/cpufreq/interactive/single_enter_load: 200
D/SEC PowerHAL( 4703): sysfs_write +: /sys/devices/system/cpu/cpu0/cpufreq/interactive/param_index: 0
D/SEC PowerHAL( 4703): sysfs_write -: /sys/devices/system/cpu/cpu0/cpufreq/interactive/param_index: 0
D/SEC PowerHAL( 4703): sysfs_write +: /sys/devices/system/cpu/cpu0/cpufreq/interactive/timer_rate: 20000
D/SEC PowerHAL( 4703): sysfs_write -: /sys/devices/system/cpu/cpu0/cpufreq/interactive/timer_rate: 20000
D/SEC PowerHAL( 4703): sysfs_write +: /sys/devices/system/cpu/cpu0/cpufreq/interactive/timer_slack: 20000
D/SEC PowerHAL( 4703): sysfs_write -: /sys/devices/system/cpu/cpu0/cpufreq/interactive/timer_slack: 20000
D/SEC PowerHAL( 4703): sysfs_write +: /sys/devices/system/cpu/cpu0/cpufreq/interactive/min_sample_time: 40000
D/SEC PowerHAL( 4703): sysfs_write -: /sys/devices/system/cpu/cpu0/cpufreq/interactive/min_sample_time: 40000
D/SEC PowerHAL( 4703): sysfs_write +: /sys/devices/system/cpu/cpu0/cpufreq/interactive/hispeed_freq: 1000000
D/SEC PowerHAL( 4703): sysfs_write -: /sys/devices/system/cpu/cpu0/cpufreq/interactive/hispeed_freq: 1000000
D/SEC PowerHAL( 4703): sysfs_write +: /sys/devices/system/cpu/cpu0/cpufreq/interactive/go_hispeed_load: 99
D/SEC PowerHAL( 4703): sysfs_write -: /sys/devices/system/cpu/cpu0/cpufreq/interactive/go_hispeed_load: 99
D/SEC PowerHAL( 4703): sysfs_write +: /sys/devices/system/cpu/cpu0/cpufreq/interactive/target_loads: 70
D/SEC PowerHAL( 4703): sysfs_write -: /sys/devices/system/cpu/cpu0/cpufreq/interactive/target_loads: 70
D/SEC PowerHAL( 4703): sysfs_write +: /sys/devices/system/cpu/cpu0/cpufreq/interactive/above_hispeed_delay: 19000
D/SEC PowerHAL( 4703): sysfs_write -: /sys/devices/system/cpu/cpu0/cpufreq/interactive/above_hispeed_delay: 19000
D/SEC PowerHAL( 4703): sysfs_write +: /sys/devices/system/cpu/cpu0/cpufreq/interactive/boostpulse_duration: 40000
D/SEC PowerHAL( 4703): sysfs_write -: /sys/devices/system/cpu/cpu0/cpufreq/interactive/boostpulse_duration: 40000
D/SEC PowerHAL( 4703): sysfs_write +: /sys/devices/system/cpu/cpu4/cpufreq/interactive/multi_enter_load: 360
D/SEC PowerHAL( 4703): sysfs_write -: /sys/devices/system/cpu/cpu4/cpufreq/interactive/multi_enter_load: 360
D/SEC PowerHAL( 4703): sysfs_write +: /sys/devices/system/cpu/cpu4/cpufreq/interactive/multi_enter_time: 99000
D/SEC PowerHAL( 4703): sysfs_write -: /sys/devices/system/cpu/cpu4/cpufreq/interactive/multi_enter_time: 99000
D/SEC PowerHAL( 4703): sysfs_write +: /sys/devices/system/cpu/cpu4/cpufreq/interactive/multi_exit_load: 240
D/SEC PowerHAL( 4703): sysfs_write -: /sys/devices/system/cpu/cpu4/cpufreq/interactive/multi_exit_load: 240
D/SEC PowerHAL( 4703): sysfs_write +: /sys/devices/system/cpu/cpu4/cpufreq/interactive/multi_exit_time: 299000
D/SEC PowerHAL( 4703): sysfs_write -: /sys/devices/system/cpu/cpu4/cpufreq/interactive/multi_exit_time: 299000
D/SEC PowerHAL( 4703): sysfs_write +: /sys/devices/system/cpu/cpu4/cpufreq/interactive/single_enter_load: 95
D/SEC PowerHAL( 4703): sysfs_write -: /sys/devices/system/cpu/cpu4/cpufreq/interactive/single_enter_load: 95
D/SEC PowerHAL( 4703): sysfs_write +: /sys/devices/system/cpu/cpu4/cpufreq/interactive/single_enter_time: 199000
D/SEC PowerHAL( 4703): sysfs_write -: /sys/devices/system/cpu/cpu4/cpufreq/interactive/single_enter_time: 199000
D/SEC PowerHAL( 4703): sysfs_write +: /sys/devices/system/cpu/cpu4/cpufreq/interactive/single_exit_load: 60
D/SEC PowerHAL( 4703): sysfs_write -: /sys/devices/system/cpu/cpu4/cpufreq/interactive/single_exit_load: 60
D/SEC PowerHAL( 4703): sysfs_write +: /sys/devices/system/cpu/cpu4/cpufreq/interactive/single_exit_time: 99000
D/SEC PowerHAL( 4703): sysfs_write -: /sys/devices/system/cpu/cpu4/cpufreq/interactive/single_exit_time: 99000
D/SEC PowerHAL( 4703): sysfs_write +: /sys/devices/system/cpu/cpu4/cpufreq/interactive/param_index: 0
D/SEC PowerHAL( 4703): sysfs_write -: /sys/devices/system/cpu/cpu4/cpufreq/interactive/param_index: 0
