I/art     ( 5166): option[35]=-Duser.language=es
I/art     ( 5166): option[36]=-Duser.region=US
I/art     ( 5166): Pruning dalvik-cache since we are generating an image and will need to recompile
W/art     ( 5166): Unexpected file type of 
W/art     ( 5166):  encountered.
I/art     ( 5166): Using an offset of 0xff59b000 from default art base address of 0x70000000
I/art     ( 5166): GenerateImage: /system/bin/dex2oat --image=/data/dalvik-cache/arm/system@framework@boot.art --dex-file=/system/framework/core-libart.jar --dex-file=/system/framework/conscrypt.jar --dex-file=/system/framework/okhttp.jar --dex-file=/system/framework/core-junit.jar --dex-file=/system/framework/bouncycastle.jar --dex-file=/system/framework/ext.jar --dex-file=/system/framework/framework.jar --dex-file=/system/framework/telephony-common.jar --dex-file=/system/framework/voip-common.jar --dex-file=/system/framework/ims-common.jar --dex-file=/system/framework/mms-common.jar --dex-file=/system/framework/android.policy.jar --dex-file=/system/framework/apache-xml.jar --oat-file=/data/dalvik-cache/arm/system@framework@boot.oat --instruction-set=arm --instruction-set-features=div --base=0x6f59b000 --runtime-arg -Xms64m --runtime-arg -Xmx64m --image-classes-zip=/system/framework/framework.jar --image-classes=preloaded-classes
W/art     ( 5166): Unexpected file type of 
W/art     ( 5166):  encountered.
W/art     ( 5166): Could not create image space with image file '/system/framework/boot.art'. Attempting to fall back to imageless running. Error was: Failed to generate image '/data/dalvik-cache/arm/system@framework@boot.art': Failed execv(/system/bin/dex2oat --image=/data/dalvik-cache/arm/system@framework@boot.art --dex-file=/system/framework/core-libart.jar --dex-file=/system/framework/conscrypt.jar --dex-file=/system/framework/okhttp.jar --dex-file=/system/framework/core-junit.jar --dex-file=/system/framework/bouncycastle.jar --dex-file=/system/framework/ext.jar --dex-file=/system/framework/framework.jar --dex-file=/system/framework/telephony-common.jar --dex-file=/system/framework/voip-common.jar --dex-file=/system/framework/ims-common.jar --dex-file=/system/framework/mms-common.jar --dex-file=/system/framework/android.policy.jar --dex-file=/system/framework/apache-xml.jar --oat-file=/data/dalvik-cache/arm/system@framework@boot.oat --instruction-set=arm --instruction-set-features=div --base=0x6f59b000 --runtime-arg -Xms64
D/hwcomposer( 5163): using
D/hwcomposer( 5163): xres         = 1080 px
D/hwcomposer( 5163): yres         = 1920 px
D/hwcomposer( 5163): width        = 65 mm (422.030000 dpi)
D/hwcomposer( 5163): height       = 115 mm (424.069000 dpi)
D/hwcomposer( 5163): refresh rate = 60 Hz
D/libexynosv4l2-subdev( 5163): try node: /dev/v4l-subdev0
D/libexynosv4l2-subdev( 5163): try node: /dev/v4l-subdev1
D/libexynosv4l2-subdev( 5163): try node: /dev/v4l-subdev2
I/libexynosv4l2-subdev( 5163): node found for device s5p-mixer0: /dev/v4l-subdev2
I/libexynosv4l2-subdev( 5163): open subdev device /dev/v4l-subdev2
I/hwcomposer( 5163): PSR info devname = /sys/devices/14400000.fimd_fb/psr_info
I/hwcomposer( 5163): PSR mode is 2(0: video mode, 1: DP PSR mode, 2: MIPI-DSI command mode)
I/SurfaceFlinger( 5163): Using composer version 1.3
I/SurfaceFlinger( 5163): EGL information:
I/SurfaceFlinger( 5163): vendor    : Android
I/SurfaceFlinger( 5163): version   : 1.4 Android META-EGL
I/SurfaceFlinger( 5163): extensions: EGL_KHR_get_all_proc_addresses EGL_ANDROID_presentation_time EGL_KHR_image EGL_KHR_image_base EGL_KHR_gl_texture_2D_image EGL_KHR_gl_texture_cubemap_image EGL_KHR_gl_renderbuffer_image EGL_KHR_fence_sync EGL_KHR_create_context EGL_ANDROID_image_native_buffer EGL_KHR_wait_sync EGL_ANDROID_recordable 
I/SurfaceFlinger( 5163): Client API: OpenGL_ES
I/SurfaceFlinger( 5163): EGLSurface: 8-8-8-8, config=0xb69cf2ac
I/SurfaceFlinger( 5163): OpenGL ES informations:
I/SurfaceFlinger( 5163): vendor    : ARM
I/SurfaceFlinger( 5163): renderer  : Mali-T628
I/SurfaceFlinger( 5163): version   : OpenGL ES 3.0
I/SurfaceFlinger( 5163): extensions: GL_EXT_debug_marker GL_ARM_rgba8 GL_ARM_mali_shader_binary GL_OES_depth24 GL_OES_depth_texture GL_OES_depth_texture_cube_map GL_OES_packed_depth_stencil GL_OES_rgb8_rgba8 GL_EXT_read_format_bgra GL_OES_compressed_paletted_texture GL_OES_compressed_ETC1_RGB8_texture GL_OES_standard_derivatives GL_OES_EGL_image GL_OES_EGL_image_external GL_OES_EGL_sync GL_OES_texture_npot GL_OES_vertex_half_float GL_OES_required_internalformat GL_OES_vertex_array_object GL_OES_mapbuffer GL_EXT_texture_format_BGRA8888 GL_EXT_texture_rg GL_EXT_texture_type_2_10_10_10_REV GL_OES_fbo_render_mipmap GL_OES_element_index_uint GL_EXT_shadow_samplers GL_OES_texture_compression_astc GL_KHR_texture_compression_astc_ldr GL_KHR_texture_compression_astc_hdr GL_KHR_debug GL_EXT_occlusion_query_boolean GL_EXT_blend_minmax GL_EXT_discard_framebuffer GL_OES_get_program_binary GL_OES_texture_3D GL_EXT_texture_storage GL_EXT_multisampled_render_to_texture GL_OES_surfaceless_context GL_ARM_mali_program_binary 
I/SurfaceFlinger( 5163): GL_MAX_TEXTURE_SIZE = 8192
I/SurfaceFlinger( 5163): GL_MAX_VIEWPORT_DIMS = 8192
E/libEGL  ( 5163): eglQuerySurface:607 error 300d (EGL_BAD_SURFACE)
E/libEGL  ( 5163): eglQuerySurface:607 error 300d (EGL_BAD_SURFACE)
E/libEGL  ( 5163): call to OpenGL ES API with no current context (logged once per thread)
D/SurfaceFlinger( 5163): Set power mode=2, type=0 flinger=0xb6962000
I/hwcomposer( 5163): int exynos5_blank(hwc_composer_device_1*, int, int):: disp(0), blank(0)
I/hwcomposer( 5163): unblank ioctl failed (display already unblanked)
E/libEGL  ( 5163): eglSwapBuffers:1071 error 300d (EGL_BAD_SURFACE)
F/SurfaceFlinger( 5163): eglSwapBuffers(0x1, 0x0) failed with 0x0000300d
F/libc    ( 5163): Fatal signal 6 (SIGABRT), code -6 in tid 5163 (surfaceflinger)
I/DEBUG   ( 3909): property debug.db.uid not set; NOT waiting for gdb.
I/DEBUG   ( 3909): HINT: adb shell setprop debug.db.uid 100000
I/DEBUG   ( 3909): HINT: adb forward tcp:5039 tcp:5039
I/DEBUG   ( 3909): *** *** *** *** *** *** *** *** *** *** *** *** *** *** *** ***
I/DEBUG   ( 3909): Build fingerprint: 'samsung/cm_k3gxx/k3gxx:5.0.2/LRX22G/8900861058:userdebug/test-keys'
I/DEBUG   ( 3909): Revision: '10'
I/DEBUG   ( 3909): ABI: 'arm'
I/DEBUG   ( 3909): pid: 5163, tid: 5163, name: surfaceflinger  >>> /system/bin/surfaceflinger <<<
I/DEBUG   ( 3909): signal 6 (SIGABRT), code -6 (SI_TKILL), fault addr --------
I/DEBUG   ( 3909): Abort message: 'eglSwapBuffers(0x1, 0x0) failed with 0x0000300d'
I/DEBUG   ( 3909):     r0 00000000  r1 0000142b  r2 00000006  r3 00000000
I/DEBUG   ( 3909):     r4 b6f1b114  r5 00000006  r6 0000000b  r7 0000010c
I/DEBUG   ( 3909):     r8 00000000  r9 bea3abd0  sl b6954210  fp bea3abd0
I/DEBUG   ( 3909):     ip 0000142b  sp bea3a650  lr b6ea57b9  pc b6ec94e4  cpsr 600f0010
I/DEBUG   ( 3909): 
I/DEBUG   ( 3909): backtrace:
I/DEBUG   ( 3909):     #00 pc 000384e4  /system/lib/libc.so (tgkill+12)
I/DEBUG   ( 3909):     #01 pc 000147b5  /system/lib/libc.so (pthread_kill+52)
I/DEBUG   ( 3909):     #02 pc 0001550b  /system/lib/libc.so (raise+10)
I/DEBUG   ( 3909):     #03 pc 00011c35  /system/lib/libc.so (__libc_android_abort+36)
I/DEBUG   ( 3909):     #04 pc 0000fcb8  /system/lib/libc.so (abort+4)
I/DEBUG   ( 3909):     #05 pc 00007739  /system/lib/libcutils.so (__android_log_assert+88)
I/DEBUG   ( 3909):     #06 pc 0000f4df  /system/lib/libsurfaceflinger.so
I/DEBUG   ( 3909):     #07 pc 0001b9fd  /system/lib/libsurfaceflinger.so
I/DEBUG   ( 3909):     #08 pc 0001abe7  /system/lib/libsurfaceflinger.so
I/DEBUG   ( 3909):     #09 pc 00019fc3  /system/lib/libsurfaceflinger.so
I/DEBUG   ( 3909):     #10 pc 00019d49  /system/lib/libsurfaceflinger.so
I/DEBUG   ( 3909):     #11 pc 00010ed3  /system/lib/libutils.so (android::Looper::pollInner(int)+410)
I/DEBUG   ( 3909):     #12 pc 00010fc5  /system/lib/libutils.so (android::Looper::pollOnce(int, int*, int*, void**)+92)
I/DEBUG   ( 3909):     #13 pc 000174c5  /system/lib/libsurfaceflinger.so
I/DEBUG   ( 3909):     #14 pc 0001993d  /system/lib/libsurfaceflinger.so (android::SurfaceFlinger::run()+8)
I/DEBUG   ( 3909):     #15 pc 0000083d  /system/bin/surfaceflinger
I/DEBUG   ( 3909):     #16 pc 0000fb75  /system/lib/libc.so (__libc_init+44)
I/DEBUG   ( 3909):     #17 pc 000008d8  /system/bin/surfaceflinger
W/auditd  ( 3595): type=1325 audit(0.0:1346): table=raw family=2 entries=9
W/iptables( 5295): type=1300 audit(0.0:1346): arch=40000028 syscall=294 per=800000 success=yes exit=0 a0=4 a1=0 a2=40 a3=b6c1ba00 items=0 ppid=5161 auid=4294967295 uid=0 gid=0 euid=0 suid=0 fsuid=0 egid=0 sgid=0 fsgid=0 ses=4294967295 tty=(none) exe="/system/bin/iptables" subj=u:r:netd:s0 key=(null)
W/auditd  ( 3595): type=1320 audit(0.0:1346): 
W/auditd  ( 3595): type=1325 audit(0.0:1347): table=raw family=10 entries=9
W/ip6tables( 5296): type=1300 audit(0.0:1347): arch=40000028 syscall=294 per=800000 success=yes exit=0 a0=4 a1=29 a2=40 a3=b6c1d000 items=0 ppid=5161 auid=4294967295 uid=0 gid=0 euid=0 suid=0 fsuid=0 egid=0 sgid=0 fsgid=0 ses=4294967295 tty=(none) exe="/system/bin/ip6tables" subj=u:r:netd:s0 key=(null)
W/auditd  ( 3595): type=1320 audit(0.0:1347): 
W/auditd  ( 3595): type=1325 audit(0.0:1348): table=raw family=2 entries=8
W/iptables( 5297): type=1300 audit(0.0:1348): arch=40000028 syscall=294 per=800000 success=yes exit=0 a0=4 a1=0 a2=40 a3=b6c1ba00 items=0 ppid=5161 auid=4294967295 uid=0 gid=0 euid=0 suid=0 fsuid=0 egid=0 sgid=0 fsgid=0 ses=4294967295 tty=(none) exe="/system/bin/iptables" subj=u:r:netd:s0 key=(null)
W/auditd  ( 3595): type=1320 audit(0.0:1348): 
W/auditd  ( 3595): type=1325 audit(0.0:1349): table=raw family=10 entries=8
W/ip6tables( 5298): type=1300 audit(0.0:1349): arch=40000028 syscall=294 per=800000 success=yes exit=0 a0=4 a1=29 a2=40 a3=b6c32800 items=0 ppid=5161 auid=4294967295 uid=0 gid=0 euid=0 suid=0 fsuid=0 egid=0 sgid=0 fsgid=0 ses=4294967295 tty=(none) exe="/system/bin/ip6tables" subj=u:r:netd:s0 key=(null)
W/auditd  ( 3595): type=1320 audit(0.0:1349): 
W/auditd  ( 3595): type=1325 audit(0.0:1350): table=raw family=2 entries=8
W/iptables( 5299): type=1300 audit(0.0:1350): arch=40000028 syscall=294 per=800000 success=yes exit=0 a0=4 a1=0 a2=40 a3=b6c30100 items=0 ppid=5161 auid=4294967295 uid=0 gid=0 euid=0 suid=0 fsuid=0 egid=0 sgid=0 fsgid=0 ses=4294967295 tty=(none) exe="/system/bin/iptables" subj=u:r:netd:s0 key=(null)
W/auditd  ( 3595): type=1320 audit(0.0:1350): 
W/auditd  ( 3595): type=1325 audit(0.0:1351): table=raw family=10 entries=8
W/ip6tables( 5300): type=1300 audit(0.0:1351): arch=40000028 syscall=294 per=800000 success=yes exit=0 a0=4 a1=29 a2=40 a3=b6c32400 items=0 ppid=5161 auid=4294967295 uid=0 gid=0 euid=0 suid=0 fsuid=0 egid=0 sgid=0 fsgid=0 ses=4294967295 tty=(none) exe="/system/bin/ip6tables" subj=u:r:netd:s0 key=(null)
W/auditd  ( 3595): type=1320 audit(0.0:1351): 
W/auditd  ( 3595): type=1325 audit(0.0:1352): table=raw family=2 entries=6
W/iptables( 5301): type=1300 audit(0.0:1352): arch=40000028 syscall=294 per=800000 success=yes exit=0 a0=4 a1=0 a2=40 a3=b6c20400 items=0 ppid=5161 auid=4294967295 uid=0 gid=0 euid=0 suid=0 fsuid=0 egid=0 sgid=0 fsgid=0 ses=4294967295 tty=(none) exe="/system/bin/iptables" subj=u:r:netd:s0 key=(null)
I/ServiceManager( 5164): Waiting for service batterystats...
I/DEBUG   ( 3909): 
I/DEBUG   ( 3909): Tombstone written to: /data/tombstones/tombstone_06
I/ServiceManager( 3574): service 'SurfaceFlinger' died
I/ServiceManager( 3574): service 'Exynos.HWCService' died
I/ServiceManager( 3574): service 'media.wifi_display' died
I/ServiceManager( 3574): service 'media.audio_flinger' died
W/init    ( 5346): type=1400 audit(0.0:1394): avc: denied { entrypoint } for path="/system/bin/auditd" dev="mmcblk0p18" ino=173 scontext=u:r:logd:s0 tcontext=u:object_r:system_file:s0 tclass=file
W/init    ( 5346): type=1300 audit(0.0:1394): arch=40000028 syscall=11 per=800000 success=no exit=-13 a0=b6d80954 a1=b6d66770 a2=57e64 a3=ff0000 items=1 ppid=1 auid=4294967295 uid=0 gid=0 euid=0 suid=0 fsuid=0 egid=0 sgid=0 fsgid=0 ses=4294967295 tty=(none) exe="/init" subj=u:r:init:s0 key=(null)
W/auditd  ( 3595): type=1307 audit(0.0:1394): cwd="/"
W/auditd  ( 3595): type=1302 audit(0.0:1394): item=0 name="/system/bin/auditd" inode=173 dev=103:0a mode=0100755 ouid=0 ogid=2000 rdev=00:00 obj=u:object_r:system_file:s0
W/auditd  ( 3595): type=1320 audit(0.0:1394): 
I/Netd    ( 5347): Netd 1.0 starting
E/Netd    ( 5347): Failed to open /proc/sys/net/ipv6/conf/default/accept_ra_rt_table: No such file or directory
E/Netd    ( 5347): Failed to open /proc/sys/net/ipv6/conf/ip6tnl0/accept_ra_rt_table: No such file or directory
E/Netd    ( 5347): Failed to open /proc/sys/net/ipv6/conf/lo/accept_ra_rt_table: No such file or directory
E/Netd    ( 5347): Failed to open /proc/sys/net/ipv6/conf/rmnet0/accept_ra_rt_table: No such file or directory
E/Netd    ( 5347): Failed to open /proc/sys/net/ipv6/conf/rmnet1/accept_ra_rt_table: No such file or directory
E/Netd    ( 5347): Failed to open /proc/sys/net/ipv6/conf/rmnet2/accept_ra_rt_table: No such file or directory
E/Netd    ( 5347): Failed to open /proc/sys/net/ipv6/conf/rmnet3/accept_ra_rt_table: No such file or directory
E/Netd    ( 5347): Failed to open /proc/sys/net/ipv6/conf/sit0/accept_ra_rt_table: No such file or directory
I/SurfaceFlinger( 5349): SurfaceFlinger is starting
I/SurfaceFlinger( 5349): SurfaceFlinger's main thread ready to run. Initializing graphics H/W...
W/auditd  ( 3595): type=1325 audit(0.0:1395): table=filter family=2 entries=39
W/iptables( 5353): type=1300 audit(0.0:1395): arch=40000028 syscall=294 per=800000 success=yes exit=0 a0=4 a1=0 a2=40 a3=b6c25000 items=0 ppid=5347 auid=4294967295 uid=0 gid=0 euid=0 suid=0 fsuid=0 egid=0 sgid=0 fsgid=0 ses=4294967295 tty=(none) exe="/system/bin/iptables" subj=u:r:netd:s0 key=(null)
W/auditd  ( 3595): type=1320 audit(0.0:1395): 
W/auditd  ( 3595): type=1325 audit(0.0:1396): table=filter family=10 entries=37
W/ip6tables( 5357): type=1300 audit(0.0:1396): arch=40000028 syscall=294 per=800000 success=yes exit=0 a0=4 a1=29 a2=40 a3=b6c28000 items=0 ppid=5347 auid=4294967295 uid=0 gid=0 euid=0 suid=0 fsuid=0 egid=0 sgid=0 fsgid=0 ses=4294967295 tty=(none) exe="/system/bin/ip6tables" subj=u:r:netd:s0 key=(null)
W/auditd  ( 3595): type=1320 audit(0.0:1396): 
W/auditd  ( 3595): type=1325 audit(0.0:1397): table=filter family=2 entries=38
W/iptables( 5358): type=1300 audit(0.0:1397): arch=40000028 syscall=294 per=800000 success=yes exit=0 a0=4 a1=0 a2=40 a3=b6c22000 items=0 ppid=5347 auid=4294967295 uid=0 gid=0 euid=0 suid=0 fsuid=0 egid=0 sgid=0 fsgid=0 ses=4294967295 tty=(none) exe="/system/bin/iptables" subj=u:r:netd:s0 key=(null)
W/auditd  ( 3595): type=1320 audit(0.0:1397): 
D/libEGL  ( 5349): loaded /vendor/lib/egl/libGLES_mali.so
W/auditd  ( 3595): type=1325 audit(0.0:1398): table=filter family=10 entries=36
W/ip6tables( 5360): type=1300 audit(0.0:1398): arch=40000028 syscall=294 per=800000 success=yes exit=0 a0=4 a1=29 a2=40 a3=b6c23000 items=0 ppid=5347 auid=4294967295 uid=0 gid=0 euid=0 suid=0 fsuid=0 egid=0 sgid=0 fsgid=0 ses=4294967295 tty=(none) exe="/system/bin/ip6tables" subj=u:r:netd:s0 key=(null)
W/auditd  ( 3595): type=1320 audit(0.0:1398): 
W/auditd  ( 3595): type=1325 audit(0.0:1399): table=filter family=2 entries=38
W/iptables( 5361): type=1300 audit(0.0:1399): arch=40000028 syscall=294 per=800000 success=yes exit=0 a0=4 a1=0 a2=40 a3=b6c22000 items=0 ppid=5347 auid=4294967295 uid=0 gid=0 euid=0 suid=0 fsuid=0 egid=0 sgid=0 fsgid=0 ses=4294967295 tty=(none) exe="/system/bin/iptables" subj=u:r:netd:s0 key=(null)
W/auditd  ( 3595): type=1320 audit(0.0:1399): 
I/        ( 5349): PLATFORM VERSION : JB-MR-2
I/gralloc ( 5349): using (fd=12)
I/gralloc ( 5349): id           = 
I/gralloc ( 5349): xres         = 1080 px
I/gralloc ( 5349): yres         = 1920 px
I/gralloc ( 5349): xres_virtual = 1080 px
I/gralloc ( 5349): yres_virtual = 3840 px
I/gralloc ( 5349): bpp          = 32
I/gralloc ( 5349): r            = 16:8
I/gralloc ( 5349): g            =  8:8
I/gralloc ( 5349): b            =  0:8
I/gralloc ( 5349): width        = 65 mm (422.030762 dpi)
I/gralloc ( 5349): height       = 115 mm (424.069580 dpi)
I/gralloc ( 5349): refresh rate = 60.00 Hz
D/AndroidRuntime( 5352): 
D/AndroidRuntime( 5352): >>>>>> AndroidRuntime START com.android.internal.os.ZygoteInit <<<<<<
D/AndroidRuntime( 5352): CheckJNI is OFF
I/mediaserver( 5350): ServiceManager: 0xb60500c0
I/AudioFlinger( 5350): Using default 3000 mSec as standby time.
I/art     ( 5352): option[0]=-Xzygote
I/art     ( 5352): option[1]=-Xstacktracefile:/data/anr/traces.txt
I/art     ( 5352): option[2]=exit
I/art     ( 5352): option[3]=vfprintf
I/art     ( 5352): option[4]=sensitiveThread
I/art     ( 5352): option[5]=-verbose:gc
I/art     ( 5352): option[6]=-Xms8m
I/art     ( 5352): option[7]=-Xmx512m
I/art     ( 5352): option[8]=-XX:mainThreadStackSize=24K
I/art     ( 5352): option[9]=-XX:HeapGrowthLimit=128m
I/art     ( 5352): option[10]=-XX:HeapMinFree=2m
I/art     ( 5352): option[11]=-XX:HeapMaxFree=8m
I/art     ( 5352): option[12]=-XX:HeapTargetUtilization=0.75
I/art     ( 5352): option[13]=-agentlib:jdwp=transport=dt_android_adb,suspend=n,server=y
I/art     ( 5352): option[14]=-Xlockprofthreshold:500
I/art     ( 5352): option[15]=-Ximage-compiler-option
I/art     ( 5352): option[16]=--runtime-arg
I/art     ( 5352): option[17]=-Ximage-compiler-option
I/art     ( 5352): option[18]=-Xms64m
I/art     ( 5352): option[19]=-Ximage-compiler-option
I/art     ( 5352): option[20]=--runtime-arg
I/art     ( 5352): option[21]=-Ximage-compiler-option
I/art     ( 5352): option[22]=-Xmx64m
I/art     ( 5352): option[23]=-Ximage-compiler-option
I/art     ( 5352): option[24]=--image-classes-zip=/system/framework/framework.jar
I/art     ( 5352): option[25]=-Ximage-compiler-option
I/art     ( 5352): option[26]=--image-classes=preloaded-classes
I/art     ( 5352): option[27]=-Xcompiler-option
I/art     ( 5352): option[28]=--runtime-arg
I/art     ( 5352): option[29]=-Xcompiler-option
I/art     ( 5352): option[30]=-Xms64m
I/art     ( 5352): option[31]=-Xcompiler-option
I/art     ( 5352): option[32]=--runtime-arg
I/art     ( 5352): option[33]=-Xcompiler-option
I/art     ( 5352): option[34]=-Xmx512m
I/art     ( 5352): option[35]=-Duser.language=es
I/art     ( 5352): option[36]=-Duser.region=US
I/art     ( 5352): Pruning dalvik-cache since we are generating an image and will need to recompile
W/art     ( 5352): Unexpected file type of 
W/art     ( 5352):  encountered.
I/art     ( 5352): Using an offset of 0xffb5a000 from default art base address of 0x70000000
I/art     ( 5352): GenerateImage: /system/bin/dex2oat --image=/data/dalvik-cache/arm/system@framework@boot.art --dex-file=/system/framework/core-libart.jar --dex-file=/system/framework/conscrypt.jar --dex-file=/system/framework/okhttp.jar --dex-file=/system/framework/core-junit.jar --dex-file=/system/framework/bouncycastle.jar --dex-file=/system/framework/ext.jar --dex-file=/system/framework/framework.jar --dex-file=/system/framework/telephony-common.jar --dex-file=/system/framework/voip-common.jar --dex-file=/system/framework/ims-common.jar --dex-file=/system/framework/mms-common.jar --dex-file=/system/framework/android.policy.jar --dex-file=/system/framework/apache-xml.jar --oat-file=/data/dalvik-cache/arm/system@framework@boot.oat --instruction-set=arm --instruction-set-features=div --base=0x6fb5a000 --runtime-arg -Xms64m --runtime-arg -Xmx64m --image-classes-zip=/system/framework/framework.jar --image-classes=preloaded-classes
I/ServiceManager( 5350): Waiting for service batterystats...
W/art     ( 5352): Unexpected file type of 
W/art     ( 5352):  encountered.
W/art     ( 5352): Could not create image space with image file '/system/framework/boot.art'. Attempting to fall back to imageless running. Error was: Failed to generate image '/data/dalvik-cache/arm/system@framework@boot.art': Failed execv(/system/bin/dex2oat --image=/data/dalvik-cache/arm/system@framework@boot.art --dex-file=/system/framework/core-libart.jar --dex-file=/system/framework/conscrypt.jar --dex-file=/system/framework/okhttp.jar --dex-file=/system/framework/core-junit.jar --dex-file=/system/framework/bouncycastle.jar --dex-file=/system/framework/ext.jar --dex-file=/system/framework/framework.jar --dex-file=/system/framework/telephony-common.jar --dex-file=/system/framework/voip-common.jar --dex-file=/system/framework/ims-common.jar --dex-file=/system/framework/mms-common.jar --dex-file=/system/framework/android.policy.jar --dex-file=/system/framework/apache-xml.jar --oat-file=/data/dalvik-cache/arm/system@framework@boot.oat --instruction-set=arm --instruction-set-features=div --base=0x6fb5a000 --runtime-arg -Xms64
D/hwcomposer( 5349): using
D/hwcomposer( 5349): xres         = 1080 px
D/hwcomposer( 5349): yres         = 1920 px
D/hwcomposer( 5349): width        = 65 mm (422.030000 dpi)
D/hwcomposer( 5349): height       = 115 mm (424.069000 dpi)
D/hwcomposer( 5349): refresh rate = 60 Hz
D/libexynosv4l2-subdev( 5349): try node: /dev/v4l-subdev0
D/libexynosv4l2-subdev( 5349): try node: /dev/v4l-subdev1
D/libexynosv4l2-subdev( 5349): try node: /dev/v4l-subdev2
I/libexynosv4l2-subdev( 5349): node found for device s5p-mixer0: /dev/v4l-subdev2
I/libexynosv4l2-subdev( 5349): open subdev device /dev/v4l-subdev2
I/hwcomposer( 5349): PSR info devname = /sys/devices/14400000.fimd_fb/psr_info
I/hwcomposer( 5349): PSR mode is 2(0: video mode, 1: DP PSR mode, 2: MIPI-DSI command mode)
I/SurfaceFlinger( 5349): Using composer version 1.3
I/SurfaceFlinger( 5349): EGL information:
I/SurfaceFlinger( 5349): vendor    : Android
I/SurfaceFlinger( 5349): version   : 1.4 Android META-EGL
I/SurfaceFlinger( 5349): extensions: EGL_KHR_get_all_proc_addresses EGL_ANDROID_presentation_time EGL_KHR_image EGL_KHR_image_base EGL_KHR_gl_texture_2D_image EGL_KHR_gl_texture_cubemap_image EGL_KHR_gl_renderbuffer_image EGL_KHR_fence_sync EGL_KHR_create_context EGL_ANDROID_image_native_buffer EGL_KHR_wait_sync EGL_ANDROID_recordable 
I/SurfaceFlinger( 5349): Client API: OpenGL_ES
I/SurfaceFlinger( 5349): EGLSurface: 8-8-8-8, config=0xb6acf2ac
I/SurfaceFlinger( 5349): OpenGL ES informations:
I/SurfaceFlinger( 5349): vendor    : ARM
I/SurfaceFlinger( 5349): renderer  : Mali-T628
I/SurfaceFlinger( 5349): version   : OpenGL ES 3.0
I/SurfaceFlinger( 5349): extensions: GL_EXT_debug_marker GL_ARM_rgba8 GL_ARM_mali_shader_binary GL_OES_depth24 GL_OES_depth_texture GL_OES_depth_texture_cube_map GL_OES_packed_depth_stencil GL_OES_rgb8_rgba8 GL_EXT_read_format_bgra GL_OES_compressed_paletted_texture GL_OES_compressed_ETC1_RGB8_texture GL_OES_standard_derivatives GL_OES_EGL_image GL_OES_EGL_image_external GL_OES_EGL_sync GL_OES_texture_npot GL_OES_vertex_half_float GL_OES_required_internalformat GL_OES_vertex_array_object GL_OES_mapbuffer GL_EXT_texture_format_BGRA8888 GL_EXT_texture_rg GL_EXT_texture_type_2_10_10_10_REV GL_OES_fbo_render_mipmap GL_OES_element_index_uint GL_EXT_shadow_samplers GL_OES_texture_compression_astc GL_KHR_texture_compression_astc_ldr GL_KHR_texture_compression_astc_hdr GL_KHR_debug GL_EXT_occlusion_query_boolean GL_EXT_blend_minmax GL_EXT_discard_framebuffer GL_OES_get_program_binary GL_OES_texture_3D GL_EXT_texture_storage GL_EXT_multisampled_render_to_texture GL_OES_surfaceless_context GL_ARM_mali_program_binary 
I/SurfaceFlinger( 5349): GL_MAX_TEXTURE_SIZE = 8192
I/SurfaceFlinger( 5349): GL_MAX_VIEWPORT_DIMS = 8192
E/libEGL  ( 5349): eglQuerySurface:607 error 300d (EGL_BAD_SURFACE)
E/libEGL  ( 5349): eglQuerySurface:607 error 300d (EGL_BAD_SURFACE)
E/libEGL  ( 5349): call to OpenGL ES API with no current context (logged once per thread)
D/SurfaceFlinger( 5349): Set power mode=2, type=0 flinger=0xb6a62000
I/hwcomposer( 5349): int exynos5_blank(hwc_composer_device_1*, int, int):: disp(0), blank(0)
I/hwcomposer( 5349): unblank ioctl failed (display already unblanked)
E/libEGL  ( 5349): eglSwapBuffers:1071 error 300d (EGL_BAD_SURFACE)
F/SurfaceFlinger( 5349): eglSwapBuffers(0x1, 0x0) failed with 0x0000300d
F/libc    ( 5349): Fatal signal 6 (SIGABRT), code -6 in tid 5349 (surfaceflinger)
I/DEBUG   ( 3909): property debug.db.uid not set; NOT waiting for gdb.
I/DEBUG   ( 3909): HINT: adb shell setprop debug.db.uid 100000
I/DEBUG   ( 3909): HINT: adb forward tcp:5039 tcp:5039
I/DEBUG   ( 3909): *** *** *** *** *** *** *** *** *** *** *** *** *** *** *** ***
I/DEBUG   ( 3909): Build fingerprint: 'samsung/cm_k3gxx/k3gxx:5.0.2/LRX22G/8900861058:userdebug/test-keys'
I/DEBUG   ( 3909): Revision: '10'
I/DEBUG   ( 3909): ABI: 'arm'
I/DEBUG   ( 3909): pid: 5349, tid: 5349, name: surfaceflinger  >>> /system/bin/surfaceflinger <<<
I/DEBUG   ( 3909): signal 6 (SIGABRT), code -6 (SI_TKILL), fault addr --------
I/DEBUG   ( 3909): Abort message: 'eglSwapBuffers(0x1, 0x0) failed with 0x0000300d'
I/DEBUG   ( 3909):     r0 00000000  r1 000014e5  r2 00000006  r3 00000000
I/DEBUG   ( 3909):     r4 b6fc3114  r5 00000006  r6 0000000b  r7 0000010c
I/DEBUG   ( 3909):     r8 00000000  r9 bea47bd0  sl b6a54210  fp bea47bd0
I/DEBUG   ( 3909):     ip 000014e5  sp bea47650  lr b6f4d7b9  pc b6f714e4  cpsr 600f0010
I/DEBUG   ( 3909): 
I/DEBUG   ( 3909): backtrace:
I/DEBUG   ( 3909):     #00 pc 000384e4  /system/lib/libc.so (tgkill+12)
I/DEBUG   ( 3909):     #01 pc 000147b5  /system/lib/libc.so (pthread_kill+52)
I/DEBUG   ( 3909):     #02 pc 0001550b  /system/lib/libc.so (raise+10)
I/DEBUG   ( 3909):     #03 pc 00011c35  /system/lib/libc.so (__libc_android_abort+36)
I/DEBUG   ( 3909):     #04 pc 0000fcb8  /system/lib/libc.so (abort+4)
I/DEBUG   ( 3909):     #05 pc 00007739  /system/lib/libcutils.so (__android_log_assert+88)
I/DEBUG   ( 3909):     #06 pc 0000f4df  /system/lib/libsurfaceflinger.so
I/DEBUG   ( 3909):     #07 pc 0001b9fd  /system/lib/libsurfaceflinger.so
I/DEBUG   ( 3909):     #08 pc 0001abe7  /system/lib/libsurfaceflinger.so
I/DEBUG   ( 3909):     #09 pc 00019fc3  /system/lib/libsurfaceflinger.so
I/DEBUG   ( 3909):     #10 pc 00019d49  /system/lib/libsurfaceflinger.so
I/DEBUG   ( 3909):     #11 pc 00010ed3  /system/lib/libutils.so (android::Looper::pollInner(int)+410)
I/DEBUG   ( 3909):     #12 pc 00010fc5  /system/lib/libutils.so (android::Looper::pollOnce(int, int*, int*, void**)+92)
I/DEBUG   ( 3909):     #13 pc 000174c5  /system/lib/libsurfaceflinger.so
I/DEBUG   ( 3909):     #14 pc 0001993d  /system/lib/libsurfaceflinger.so (android::SurfaceFlinger::run()+8)
I/DEBUG   ( 3909):     #15 pc 0000083d  /system/bin/surfaceflinger
I/DEBUG   ( 3909):     #16 pc 0000fb75  /system/lib/libc.so (__libc_init+44)
I/DEBUG   ( 3909):     #17 pc 000008d8  /system/bin/surfaceflinger
W/auditd  ( 3595): type=1325 audit(0.0:1514): table=raw family=2 entries=6
W/iptables( 5487): type=1300 audit(0.0:1514): arch=40000028 syscall=294 per=800000 success=yes exit=0 a0=4 a1=0 a2=40 a3=b6c20400 items=0 ppid=5347 auid=4294967295 uid=0 gid=0 euid=0 suid=0 fsuid=0 egid=0 sgid=0 fsgid=0 ses=4294967295 tty=(none) exe="/system/bin/iptables" subj=u:r:netd:s0 key=(null)
W/auditd  ( 3595): type=1320 audit(0.0:1514): 
W/auditd  ( 3595): type=1325 audit(0.0:1515): table=raw family=10 entries=6
W/ip6tables( 5488): type=1300 audit(0.0:1515): arch=40000028 syscall=294 per=800000 success=yes exit=0 a0=4 a1=29 a2=40 a3=b6c31800 items=0 ppid=5347 auid=4294967295 uid=0 gid=0 euid=0 suid=0 fsuid=0 egid=0 sgid=0 fsgid=0 ses=4294967295 tty=(none) exe="/system/bin/ip6tables" subj=u:r:netd:s0 key=(null)
W/auditd  ( 3595): type=1320 audit(0.0:1515): 
W/auditd  ( 3595): type=1325 audit(0.0:1516): table=raw family=2 entries=8
W/iptables( 5489): type=1300 audit(0.0:1516): arch=40000028 syscall=294 per=800000 success=yes exit=0 a0=4 a1=0 a2=40 a3=b6c1ba00 items=0 ppid=5347 auid=4294967295 uid=0 gid=0 euid=0 suid=0 fsuid=0 egid=0 sgid=0 fsgid=0 ses=4294967295 tty=(none) exe="/system/bin/iptables" subj=u:r:netd:s0 key=(null)
W/auditd  ( 3595): type=1320 audit(0.0:1516): 
W/auditd  ( 3595): type=1325 audit(0.0:1517): table=raw family=10 entries=8
W/ip6tables( 5490): type=1300 audit(0.0:1517): arch=40000028 syscall=294 per=800000 success=yes exit=0 a0=4 a1=29 a2=40 a3=b6c37800 items=0 ppid=5347 auid=4294967295 uid=0 gid=0 euid=0 suid=0 fsuid=0 egid=0 sgid=0 fsgid=0 ses=4294967295 tty=(none) exe="/system/bin/ip6tables" subj=u:r:netd:s0 key=(null)
W/auditd  ( 3595): type=1320 audit(0.0:1517): 
W/auditd  ( 3595): type=1325 audit(0.0:1518): table=raw family=2 entries=9
W/iptables( 5491): type=1300 audit(0.0:1518): arch=40000028 syscall=294 per=800000 success=yes exit=0 a0=4 a1=0 a2=40 a3=b6c1ba00 items=0 ppid=5347 auid=4294967295 uid=0 gid=0 euid=0 suid=0 fsuid=0 egid=0 sgid=0 fsgid=0 ses=4294967295 tty=(none) exe="/system/bin/iptables" subj=u:r:netd:s0 key=(null)
W/auditd  ( 3595): type=1320 audit(0.0:1518): 
W/auditd  ( 3595): type=1325 audit(0.0:1519): table=raw family=10 entries=9
W/ip6tables( 5492): type=1300 audit(0.0:1519): arch=40000028 syscall=294 per=800000 success=yes exit=0 a0=4 a1=29 a2=40 a3=b6c1d000 items=0 ppid=5347 auid=4294967295 uid=0 gid=0 euid=0 suid=0 fsuid=0 egid=0 sgid=0 fsgid=0 ses=4294967295 tty=(none) exe="/system/bin/ip6tables" subj=u:r:netd:s0 key=(null)
W/auditd  ( 3595): type=1320 audit(0.0:1519): 
W/auditd  ( 3595): type=1325 audit(0.0:1520): table=raw family=2 entries=8
W/iptables( 5493): type=1300 audit(0.0:1520): arch=40000028 syscall=294 per=800000 success=yes exit=0 a0=4 a1=0 a2=40 a3=b6c1ba00 items=0 ppid=5347 auid=4294967295 uid=0 gid=0 euid=0 suid=0 fsuid=0 egid=0 sgid=0 fsgid=0 ses=4294967295 tty=(none) exe="/system/bin/iptables" subj=u:r:netd:s0 key=(null)
I/ServiceManager( 5350): Waiting for service batterystats...
I/DEBUG   ( 3909): 
I/DEBUG   ( 3909): Tombstone written to: /data/tombstones/tombstone_07
V/NatController( 5347): runCmd(/system/bin/iptables -F natctrl_FORWARD) res=0
V/NatController( 5347): runCmd(/system/bin/iptables -A natctrl_FORWARD -j DROP) res=0
I/ServiceManager( 3574): service 'SurfaceFlinger' died
I/ServiceManager( 3574): service 'Exynos.HWCService' died
I/ServiceManager( 3574): service 'media.wifi_display' died
V/NatController( 5347): runCmd(/system/bin/iptables -t nat -F natctrl_nat_POSTROUTING) res=0
V/NatController( 5347): runCmd(/system/bin/iptables -F natctrl_tether_counters) res=0
V/NatController( 5347): runCmd(/system/bin/iptables -X natctrl_tether_counters) res=0
V/NatController( 5347): runCmd(/system/bin/iptables -N natctrl_tether_counters) res=0
V/NatController( 5347): runCmd(/system/bin/iptables -t mangle -A natctrl_mangle_FORWARD -p tcp --tcp-flags SYN SYN -j TCPMSS --clamp-mss-to-pmtu) res=0
I/ServiceManager( 3574): service 'media.audio_flinger' died
W/init    ( 5550): type=1400 audit(0.0:1572): avc: denied { entrypoint } for path="/system/bin/auditd" dev="mmcblk0p18" ino=173 scontext=u:r:logd:s0 tcontext=u:object_r:system_file:s0 tclass=file
W/init    ( 5550): type=1300 audit(0.0:1572): arch=40000028 syscall=11 per=800000 success=no exit=-13 a0=b6d80954 a1=b6d66770 a2=57e64 a3=ff0000 items=1 ppid=1 auid=4294967295 uid=0 gid=0 euid=0 suid=0 fsuid=0 egid=0 sgid=0 fsgid=0 ses=4294967295 tty=(none) exe="/init" subj=u:r:init:s0 key=(null)
W/auditd  ( 3595): type=1307 audit(0.0:1572): cwd="/"
W/auditd  ( 3595): type=1302 audit(0.0:1572): item=0 name="/system/bin/auditd" inode=173 dev=103:0a mode=0100755 ouid=0 ogid=2000 rdev=00:00 obj=u:object_r:system_file:s0
W/auditd  ( 3595): type=1320 audit(0.0:1572): 
I/Netd    ( 5551): Netd 1.0 starting
E/Netd    ( 5551): Failed to open /proc/sys/net/ipv6/conf/default/accept_ra_rt_table: No such file or directory
E/Netd    ( 5551): Failed to open /proc/sys/net/ipv6/conf/ip6tnl0/accept_ra_rt_table: No such file or directory
E/Netd    ( 5551): Failed to open /proc/sys/net/ipv6/conf/lo/accept_ra_rt_table: No such file or directory
E/Netd    ( 5551): Failed to open /proc/sys/net/ipv6/conf/rmnet0/accept_ra_rt_table: No such file or directory
E/Netd    ( 5551): Failed to open /proc/sys/net/ipv6/conf/rmnet1/accept_ra_rt_table: No such file or directory
E/Netd    ( 5551): Failed to open /proc/sys/net/ipv6/conf/rmnet2/accept_ra_rt_table: No such file or directory
E/Netd    ( 5551): Failed to open /proc/sys/net/ipv6/conf/rmnet3/accept_ra_rt_table: No such file or directory
E/Netd    ( 5551): Failed to open /proc/sys/net/ipv6/conf/sit0/accept_ra_rt_table: No such file or directory
W/auditd  ( 3595): type=1325 audit(0.0:1573): table=filter family=2 entries=40
W/iptables( 5557): type=1300 audit(0.0:1573): arch=40000028 syscall=294 per=800000 success=yes exit=0 a0=4 a1=0 a2=40 a3=b6c25000 items=0 ppid=5551 auid=4294967295 uid=0 gid=0 euid=0 suid=0 fsuid=0 egid=0 sgid=0 fsgid=0 ses=4294967295 tty=(none) exe="/system/bin/iptables" subj=u:r:netd:s0 key=(null)
W/auditd  ( 3595): type=1320 audit(0.0:1573): 
I/SurfaceFlinger( 5553): SurfaceFlinger is starting
I/SurfaceFlinger( 5553): SurfaceFlinger's main thread ready to run. Initializing graphics H/W...
W/auditd  ( 3595): type=1325 audit(0.0:1574): table=filter family=10 entries=37
W/ip6tables( 5560): type=1300 audit(0.0:1574): arch=40000028 syscall=294 per=800000 success=yes exit=0 a0=4 a1=29 a2=40 a3=b6c28000 items=0 ppid=5551 auid=4294967295 uid=0 gid=0 euid=0 suid=0 fsuid=0 egid=0 sgid=0 fsgid=0 ses=4294967295 tty=(none) exe="/system/bin/ip6tables" subj=u:r:netd:s0 key=(null)
W/auditd  ( 3595): type=1320 audit(0.0:1574): 
W/auditd  ( 3595): type=1325 audit(0.0:1575): table=filter family=2 entries=39
W/iptables( 5562): type=1300 audit(0.0:1575): arch=40000028 syscall=294 per=800000 success=yes exit=0 a0=4 a1=0 a2=40 a3=b6c22000 items=0 ppid=5551 auid=4294967295 uid=0 gid=0 euid=0 suid=0 fsuid=0 egid=0 sgid=0 fsgid=0 ses=4294967295 tty=(none) exe="/system/bin/iptables" subj=u:r:netd:s0 key=(null)
W/auditd  ( 3595): type=1320 audit(0.0:1575): 
D/libEGL  ( 5553): loaded /vendor/lib/egl/libGLES_mali.so
W/auditd  ( 3595): type=1325 audit(0.0:1576): table=filter family=10 entries=36
W/ip6tables( 5564): type=1300 audit(0.0:1576): arch=40000028 syscall=294 per=800000 success=yes exit=0 a0=4 a1=29 a2=40 a3=b6c23000 items=0 ppid=5551 auid=4294967295 uid=0 gid=0 euid=0 suid=0 fsuid=0 egid=0 sgid=0 fsgid=0 ses=4294967295 tty=(none) exe="/system/bin/ip6tables" subj=u:r:netd:s0 key=(null)
W/auditd  ( 3595): type=1320 audit(0.0:1576): 
W/auditd  ( 3595): type=1325 audit(0.0:1577): table=filter family=2 entries=39
W/iptables( 5565): type=1300 audit(0.0:1577): arch=40000028 syscall=294 per=800000 success=yes exit=0 a0=4 a1=0 a2=40 a3=b6c22000 items=0 ppid=5551 auid=4294967295 uid=0 gid=0 euid=0 suid=0 fsuid=0 egid=0 sgid=0 fsgid=0 ses=4294967295 tty=(none) exe="/system/bin/iptables" subj=u:r:netd:s0 key=(null)
W/auditd  ( 3595): type=1320 audit(0.0:1577): 
I/        ( 5553): PLATFORM VERSION : JB-MR-2
I/gralloc ( 5553): using (fd=12)
I/gralloc ( 5553): id           = 
I/gralloc ( 5553): xres         = 1080 px
I/gralloc ( 5553): yres         = 1920 px
I/gralloc ( 5553): xres_virtual = 1080 px
I/gralloc ( 5553): yres_virtual = 3840 px
I/gralloc ( 5553): bpp          = 32
I/gralloc ( 5553): r            = 16:8
I/gralloc ( 5553): g            =  8:8
I/gralloc ( 5553): b            =  0:8
I/gralloc ( 5553): width        = 65 mm (422.030762 dpi)
I/gralloc ( 5553): height       = 115 mm (424.069580 dpi)
I/gralloc ( 5553): refresh rate = 60.00 Hz
I/mediaserver( 5554): ServiceManager: 0xb61500c0
I/AudioFlinger( 5554): Using default 3000 mSec as standby time.
I/ServiceManager( 5554): Waiting for service batterystats...
D/AndroidRuntime( 5556): 
D/AndroidRuntime( 5556): >>>>>> AndroidRuntime START com.android.internal.os.ZygoteInit <<<<<<
D/AndroidRuntime( 5556): CheckJNI is OFF
I/art     ( 5556): option[0]=-Xzygote
I/art     ( 5556): option[1]=-Xstacktracefile:/data/anr/traces.txt
I/art     ( 5556): option[2]=exit
I/art     ( 5556): option[3]=vfprintf
I/art     ( 5556): option[4]=sensitiveThread
I/art     ( 5556): option[5]=-verbose:gc
I/art     ( 5556): option[6]=-Xms8m
I/art     ( 5556): option[7]=-Xmx512m
I/art     ( 5556): option[8]=-XX:mainThreadStackSize=24K
I/art     ( 5556): option[9]=-XX:HeapGrowthLimit=128m
I/art     ( 5556): option[10]=-XX:HeapMinFree=2m
I/art     ( 5556): option[11]=-XX:HeapMaxFree=8m
I/art     ( 5556): option[12]=-XX:HeapTargetUtilization=0.75
I/art     ( 5556): option[13]=-agentlib:jdwp=transport=dt_android_adb,suspend=n,server=y
I/art     ( 5556): option[14]=-Xlockprofthreshold:500
I/art     ( 5556): option[15]=-Ximage-compiler-option
I/art     ( 5556): option[16]=--runtime-arg
I/art     ( 5556): option[17]=-Ximage-compiler-option
I/art     ( 5556): option[18]=-Xms64m
I/art     ( 5556): option[19]=-Ximage-compiler-option
I/art     ( 5556): option[20]=--runtime-arg
I/art     ( 5556): option[21]=-Ximage-compiler-option
I/art     ( 5556): option[22]=-Xmx64m
I/art     ( 5556): option[23]=-Ximage-compiler-option
I/art     ( 5556): option[24]=--image-classes-zip=/system/framework/framework.jar
I/art     ( 5556): option[25]=-Ximage-compiler-option
I/art     ( 5556): option[26]=--image-classes=preloaded-classes
I/art     ( 5556): option[27]=-Xcompiler-option
I/art     ( 5556): option[28]=--runtime-arg
I/art     ( 5556): option[29]=-Xcompiler-option
I/art     ( 5556): option[30]=-Xms64m
I/art     ( 5556): option[31]=-Xcompiler-option
I/art     ( 5556): option[32]=--runtime-arg
I/art     ( 5556): option[33]=-Xcompiler-option
I/art     ( 5556): option[34]=-Xmx512m
I/art     ( 5556): option[35]=-Duser.language=es
I/art     ( 5556): option[36]=-Duser.region=US
I/art     ( 5556): Pruning dalvik-cache since we are generating an image and will need to recompile
W/art     ( 5556): Unexpected file type of 
W/art     ( 5556):  encountered.
I/art     ( 5556): Using an offset of 0xe9f000 from default art base address of 0x70000000
I/art     ( 5556): GenerateImage: /system/bin/dex2oat --image=/data/dalvik-cache/arm/system@framework@boot.art --dex-file=/system/framework/core-libart.jar --dex-file=/system/framework/conscrypt.jar --dex-file=/system/framework/okhttp.jar --dex-file=/system/framework/core-junit.jar --dex-file=/system/framework/bouncycastle.jar --dex-file=/system/framework/ext.jar --dex-file=/system/framework/framework.jar --dex-file=/system/framework/telephony-common.jar --dex-file=/system/framework/voip-common.jar --dex-file=/system/framework/ims-common.jar --dex-file=/system/framework/mms-common.jar --dex-file=/system/framework/android.policy.jar --dex-file=/system/framework/apache-xml.jar --oat-file=/data/dalvik-cache/arm/system@framework@boot.oat --instruction-set=arm --instruction-set-features=div --base=0x70e9f000 --runtime-arg -Xms64m --runtime-arg -Xmx64m --image-classes-zip=/system/framework/framework.jar --image-classes=preloaded-classes
W/art     ( 5556): Unexpected file type of 
W/art     ( 5556):  encountered.
W/art     ( 5556): Could not create image space with image file '/system/framework/boot.art'. Attempting to fall back to imageless running. Error was: Failed to generate image '/data/dalvik-cache/arm/system@framework@boot.art': Failed execv(/system/bin/dex2oat --image=/data/dalvik-cache/arm/system@framework@boot.art --dex-file=/system/framework/core-libart.jar --dex-file=/system/framework/conscrypt.jar --dex-file=/system/framework/okhttp.jar --dex-file=/system/framework/core-junit.jar --dex-file=/system/framework/bouncycastle.jar --dex-file=/system/framework/ext.jar --dex-file=/system/framework/framework.jar --dex-file=/system/framework/telephony-common.jar --dex-file=/system/framework/voip-common.jar --dex-file=/system/framework/ims-common.jar --dex-file=/system/framework/mms-common.jar --dex-file=/system/framework/android.policy.jar --dex-file=/system/framework/apache-xml.jar --oat-file=/data/dalvik-cache/arm/system@framework@boot.oat --instruction-set=arm --instruction-set-features=div --base=0x70e9f000 --runtime-arg -Xms64
D/hwcomposer( 5553): using
D/hwcomposer( 5553): xres         = 1080 px
D/hwcomposer( 5553): yres         = 1920 px
D/hwcomposer( 5553): width        = 65 mm (422.030000 dpi)
D/hwcomposer( 5553): height       = 115 mm (424.069000 dpi)
D/hwcomposer( 5553): refresh rate = 60 Hz
D/libexynosv4l2-subdev( 5553): try node: /dev/v4l-subdev0
D/libexynosv4l2-subdev( 5553): try node: /dev/v4l-subdev1
D/libexynosv4l2-subdev( 5553): try node: /dev/v4l-subdev2
I/libexynosv4l2-subdev( 5553): node found for device s5p-mixer0: /dev/v4l-subdev2
I/libexynosv4l2-subdev( 5553): open subdev device /dev/v4l-subdev2
I/hwcomposer( 5553): PSR info devname = /sys/devices/14400000.fimd_fb/psr_info
I/hwcomposer( 5553): PSR mode is 2(0: video mode, 1: DP PSR mode, 2: MIPI-DSI command mode)
I/SurfaceFlinger( 5553): Using composer version 1.3
I/SurfaceFlinger( 5553): EGL information:
I/SurfaceFlinger( 5553): vendor    : Android
I/SurfaceFlinger( 5553): version   : 1.4 Android META-EGL
I/SurfaceFlinger( 5553): extensions: EGL_KHR_get_all_proc_addresses EGL_ANDROID_presentation_time EGL_KHR_image EGL_KHR_image_base EGL_KHR_gl_texture_2D_image EGL_KHR_gl_texture_cubemap_image EGL_KHR_gl_renderbuffer_image EGL_KHR_fence_sync EGL_KHR_create_context EGL_ANDROID_image_native_buffer EGL_KHR_wait_sync EGL_ANDROID_recordable 
I/SurfaceFlinger( 5553): Client API: OpenGL_ES
I/SurfaceFlinger( 5553): EGLSurface: 8-8-8-8, config=0xb6acf2ac
I/SurfaceFlinger( 5553): OpenGL ES informations:
I/SurfaceFlinger( 5553): vendor    : ARM
I/SurfaceFlinger( 5553): renderer  : Mali-T628
I/SurfaceFlinger( 5553): version   : OpenGL ES 3.0
I/SurfaceFlinger( 5553): extensions: GL_EXT_debug_marker GL_ARM_rgba8 GL_ARM_mali_shader_binary GL_OES_depth24 GL_OES_depth_texture GL_OES_depth_texture_cube_map GL_OES_packed_depth_stencil GL_OES_rgb8_rgba8 GL_EXT_read_format_bgra GL_OES_compressed_paletted_texture GL_OES_compressed_ETC1_RGB8_texture GL_OES_standard_derivatives GL_OES_EGL_image GL_OES_EGL_image_external GL_OES_EGL_sync GL_OES_texture_npot GL_OES_vertex_half_float GL_OES_required_internalformat GL_OES_vertex_array_object GL_OES_mapbuffer GL_EXT_texture_format_BGRA8888 GL_EXT_texture_rg GL_EXT_texture_type_2_10_10_10_REV GL_OES_fbo_render_mipmap GL_OES_element_index_uint GL_EXT_shadow_samplers GL_OES_texture_compression_astc GL_KHR_texture_compression_astc_ldr GL_KHR_texture_compression_astc_hdr GL_KHR_debug GL_EXT_occlusion_query_boolean GL_EXT_blend_minmax GL_EXT_discard_framebuffer GL_OES_get_program_binary GL_OES_texture_3D GL_EXT_texture_storage GL_EXT_multisampled_render_to_texture GL_OES_surfaceless_context GL_ARM_mali_program_binary 
I/SurfaceFlinger( 5553): GL_MAX_TEXTURE_SIZE = 8192
I/SurfaceFlinger( 5553): GL_MAX_VIEWPORT_DIMS = 8192
E/libEGL  ( 5553): eglQuerySurface:607 error 300d (EGL_BAD_SURFACE)
E/libEGL  ( 5553): eglQuerySurface:607 error 300d (EGL_BAD_SURFACE)
E/libEGL  ( 5553): call to OpenGL ES API with no current context (logged once per thread)
D/SurfaceFlinger( 5553): Set power mode=2, type=0 flinger=0xb6a62000
I/hwcomposer( 5553): int exynos5_blank(hwc_composer_device_1*, int, int):: disp(0), blank(0)
I/hwcomposer( 5553): unblank ioctl failed (display already unblanked)
E/libEGL  ( 5553): eglSwapBuffers:1071 error 300d (EGL_BAD_SURFACE)
F/SurfaceFlinger( 5553): eglSwapBuffers(0x1, 0x0) failed with 0x0000300d
F/libc    ( 5553): Fatal signal 6 (SIGABRT), code -6 in tid 5553 (surfaceflinger)
I/DEBUG   ( 3909): property debug.db.uid not set; NOT waiting for gdb.
I/DEBUG   ( 3909): HINT: adb shell setprop debug.db.uid 100000
I/DEBUG   ( 3909): HINT: adb forward tcp:5039 tcp:5039
I/DEBUG   ( 3909): *** *** *** *** *** *** *** *** *** *** *** *** *** *** *** ***
I/DEBUG   ( 3909): Build fingerprint: 'samsung/cm_k3gxx/k3gxx:5.0.2/LRX22G/8900861058:userdebug/test-keys'
I/DEBUG   ( 3909): Revision: '10'
I/DEBUG   ( 3909): ABI: 'arm'
I/DEBUG   ( 3909): pid: 5553, tid: 5553, name: surfaceflinger  >>> /system/bin/surfaceflinger <<<
I/DEBUG   ( 3909): signal 6 (SIGABRT), code -6 (SI_TKILL), fault addr --------
I/DEBUG   ( 3909): Abort message: 'eglSwapBuffers(0x1, 0x0) failed with 0x0000300d'
I/DEBUG   ( 3909):     r0 00000000  r1 000015b1  r2 00000006  r3 00000000
I/DEBUG   ( 3909):     r4 b6f99114  r5 00000006  r6 0000000b  r7 0000010c
I/DEBUG   ( 3909):     r8 00000000  r9 bede9bd0  sl b6a54210  fp bede9bd0
I/DEBUG   ( 3909):     ip 000015b1  sp bede9650  lr b6f237b9  pc b6f474e4  cpsr 600f0010
I/DEBUG   ( 3909): 
I/DEBUG   ( 3909): backtrace:
I/DEBUG   ( 3909):     #00 pc 000384e4  /system/lib/libc.so (tgkill+12)
I/DEBUG   ( 3909):     #01 pc 000147b5  /system/lib/libc.so (pthread_kill+52)
I/DEBUG   ( 3909):     #02 pc 0001550b  /system/lib/libc.so (raise+10)
I/DEBUG   ( 3909):     #03 pc 00011c35  /system/lib/libc.so (__libc_android_abort+36)
I/DEBUG   ( 3909):     #04 pc 0000fcb8  /system/lib/libc.so (abort+4)
I/DEBUG   ( 3909):     #05 pc 00007739  /system/lib/libcutils.so (__android_log_assert+88)
I/DEBUG   ( 3909):     #06 pc 0000f4df  /system/lib/libsurfaceflinger.so
I/DEBUG   ( 3909):     #07 pc 0001b9fd  /system/lib/libsurfaceflinger.so
I/DEBUG   ( 3909):     #08 pc 0001abe7  /system/lib/libsurfaceflinger.so
I/DEBUG   ( 3909):     #09 pc 00019fc3  /system/lib/libsurfaceflinger.so
I/DEBUG   ( 3909):     #10 pc 00019d49  /system/lib/libsurfaceflinger.so
I/DEBUG   ( 3909):     #11 pc 00010ed3  /system/lib/libutils.so (android::Looper::pollInner(int)+410)
I/DEBUG   ( 3909):     #12 pc 00010fc5  /system/lib/libutils.so (android::Looper::pollOnce(int, int*, int*, void**)+92)
I/DEBUG   ( 3909):     #13 pc 000174c5  /system/lib/libsurfaceflinger.so
I/DEBUG   ( 3909):     #14 pc 0001993d  /system/lib/libsurfaceflinger.so (android::SurfaceFlinger::run()+8)
I/DEBUG   ( 3909):     #15 pc 0000083d  /system/bin/surfaceflinger
I/DEBUG   ( 3909):     #16 pc 0000fb75  /system/lib/libc.so (__libc_init+44)
I/DEBUG   ( 3909):     #17 pc 000008d8  /system/bin/surfaceflinger
W/auditd  ( 3595): type=1325 audit(0.0:1696): table=raw family=2 entries=9
W/iptables( 5695): type=1300 audit(0.0:1696): arch=40000028 syscall=294 per=800000 success=yes exit=0 a0=4 a1=0 a2=40 a3=b6c1ba00 items=0 ppid=5551 auid=4294967295 uid=0 gid=0 euid=0 suid=0 fsuid=0 egid=0 sgid=0 fsgid=0 ses=4294967295 tty=(none) exe="/system/bin/iptables" subj=u:r:netd:s0 key=(null)
W/auditd  ( 3595): type=1320 audit(0.0:1696): 
W/auditd  ( 3595): type=1325 audit(0.0:1697): table=raw family=10 entries=9
W/ip6tables( 5696): type=1300 audit(0.0:1697): arch=40000028 syscall=294 per=800000 success=yes exit=0 a0=4 a1=29 a2=40 a3=b6c1d000 items=0 ppid=5551 auid=4294967295 uid=0 gid=0 euid=0 suid=0 fsuid=0 egid=0 sgid=0 fsgid=0 ses=4294967295 tty=(none) exe="/system/bin/ip6tables" subj=u:r:netd:s0 key=(null)
W/auditd  ( 3595): type=1320 audit(0.0:1697): 
W/auditd  ( 3595): type=1325 audit(0.0:1698): table=raw family=2 entries=8
W/iptables( 5697): type=1300 audit(0.0:1698): arch=40000028 syscall=294 per=800000 success=yes exit=0 a0=4 a1=0 a2=40 a3=b6c1ba00 items=0 ppid=5551 auid=4294967295 uid=0 gid=0 euid=0 suid=0 fsuid=0 egid=0 sgid=0 fsgid=0 ses=4294967295 tty=(none) exe="/system/bin/iptables" subj=u:r:netd:s0 key=(null)
W/auditd  ( 3595): type=1320 audit(0.0:1698): 
W/auditd  ( 3595): type=1325 audit(0.0:1699): table=raw family=10 entries=8
W/ip6tables( 5698): type=1300 audit(0.0:1699): arch=40000028 syscall=294 per=800000 success=yes exit=0 a0=4 a1=29 a2=40 a3=b6c32800 items=0 ppid=5551 auid=4294967295 uid=0 gid=0 euid=0 suid=0 fsuid=0 egid=0 sgid=0 fsgid=0 ses=4294967295 tty=(none) exe="/system/bin/ip6tables" subj=u:r:netd:s0 key=(null)
W/auditd  ( 3595): type=1320 audit(0.0:1699): 
W/auditd  ( 3595): type=1325 audit(0.0:1700): table=raw family=2 entries=8
W/iptables( 5699): type=1300 audit(0.0:1700): arch=40000028 syscall=294 per=800000 success=yes exit=0 a0=4 a1=0 a2=40 a3=b6c30100 items=0 ppid=5551 auid=4294967295 uid=0 gid=0 euid=0 suid=0 fsuid=0 egid=0 sgid=0 fsgid=0 ses=4294967295 tty=(none) exe="/system/bin/iptables" subj=u:r:netd:s0 key=(null)
W/auditd  ( 3595): type=1320 audit(0.0:1700): 
W/auditd  ( 3595): type=1325 audit(0.0:1701): table=raw family=10 entries=8
W/ip6tables( 5700): type=1300 audit(0.0:1701): arch=40000028 syscall=294 per=800000 success=yes exit=0 a0=4 a1=29 a2=40 a3=b6c32400 items=0 ppid=5551 auid=4294967295 uid=0 gid=0 euid=0 suid=0 fsuid=0 egid=0 sgid=0 fsgid=0 ses=4294967295 tty=(none) exe="/system/bin/ip6tables" subj=u:r:netd:s0 key=(null)
W/auditd  ( 3595): type=1320 audit(0.0:1701): 
W/auditd  ( 3595): type=1325 audit(0.0:1702): table=raw family=2 entries=6
W/iptables( 5701): type=1300 audit(0.0:1702): arch=40000028 syscall=294 per=800000 success=yes exit=0 a0=4 a1=0 a2=40 a3=b6b20400 items=0 ppid=5551 auid=4294967295 uid=0 gid=0 euid=0 suid=0 fsuid=0 egid=0 sgid=0 fsgid=0 ses=4294967295 tty=(none) exe="/system/bin/iptables" subj=u:r:netd:s0 key=(null)
I/ServiceManager( 5554): Waiting for service batterystats...
I/DEBUG   ( 3909): 
I/DEBUG   ( 3909): Tombstone written to: /data/tombstones/tombstone_08
V/NatController( 5551): runCmd(/system/bin/iptables -F natctrl_FORWARD) res=0
V/NatController( 5551): runCmd(/system/bin/iptables -A natctrl_FORWARD -j DROP) res=0
V/NatController( 5551): runCmd(/system/bin/iptables -t nat -F natctrl_nat_POSTROUTING) res=0
V/NatController( 5551): runCmd(/system/bin/iptables -F natctrl_tether_counters) res=0
I/ServiceManager( 3574): service 'SurfaceFlinger' died
I/ServiceManager( 3574): service 'Exynos.HWCService' died
I/ServiceManager( 3574): service 'media.wifi_display' died
V/NatController( 5551): runCmd(/system/bin/iptables -X natctrl_tether_counters) res=0
I/ServiceManager( 3574): service 'media.audio_flinger' died
W/init    ( 5749): type=1400 audit(0.0:1747): avc: denied { entrypoint } for path="/system/bin/auditd" dev="mmcblk0p18" ino=173 scontext=u:r:logd:s0 tcontext=u:object_r:system_file:s0 tclass=file
