E/Minikin ( 4135): addFont failed to create font /system/fonts/NotoSansGujarati-Bold.ttf
E/Minikin ( 4135): addFont failed to create font /system/fonts/NotoSansGujaratiUI-Regular.ttf
E/Minikin ( 4135): addFont failed to create font /system/fonts/NotoSansGujaratiUI-Bold.ttf
E/Minikin ( 4135): addFont failed to create font /system/fonts/NotoSansGurmukhi-Regular.ttf
E/Minikin ( 4135): addFont failed to create font /system/fonts/NotoSansGurmukhi-Bold.ttf
E/Minikin ( 4135): addFont failed to create font /system/fonts/NotoSansGurmukhiUI-Regular.ttf
E/Minikin ( 4135): addFont failed to create font /system/fonts/NotoSansGurmukhiUI-Bold.ttf
E/Minikin ( 4845): addFont failed to create font /system/fonts/NotoSansCherokee-Regular.ttf
E/Minikin ( 4845): addFont failed to create font /system/fonts/NotoSansCanadianAboriginal-Regular.ttf
E/Minikin ( 4845): addFont failed to create font /system/fonts/NotoSansYi-Regular.ttf
E/Minikin ( 4845): addFont failed to create font /system/fonts/NotoSansHans-Regular.otf
E/Minikin ( 4845): addFont failed to create font /system/fonts/NotoSansHant-Regular.otf
E/Minikin ( 4845): addFont failed to create font /system/fonts/NotoSansJP-Regular.otf
E/Minikin ( 4845): addFont failed to create font /system/fonts/NotoSansKR-Regular.otf
E/Minikin ( 4135): addFont failed to create font /system/fonts/NotoSansSinhala-Regular.ttf
E/Minikin ( 4135): addFont failed to create font /system/fonts/NotoSansSinhala-Bold.ttf
E/Minikin ( 4135): addFont failed to create font /system/fonts/NotoSansCherokee-Regular.ttf
E/Minikin ( 4135): addFont failed to create font /system/fonts/NotoSansCanadianAboriginal-Regular.ttf
E/Minikin ( 4135): addFont failed to create font /system/fonts/NotoSansYi-Regular.ttf
E/Minikin ( 4135): addFont failed to create font /system/fonts/NotoSansHans-Regular.otf
E/Minikin ( 4135): addFont failed to create font /system/fonts/NotoSansHant-Regular.otf
E/Minikin ( 4135): addFont failed to create font /system/fonts/NotoSansJP-Regular.otf
E/Minikin ( 4135): addFont failed to create font /system/fonts/NotoSansKR-Regular.otf
E/Minikin ( 4652): addFont failed to create font /system/fonts/NotoSansGujarati-Regular.ttf
E/Minikin ( 4652): addFont failed to create font /system/fonts/NotoSansGujarati-Bold.ttf
E/Minikin ( 4652): addFont failed to create font /system/fonts/NotoSansGujaratiUI-Regular.ttf
E/Minikin ( 4652): addFont failed to create font /system/fonts/NotoSansGujaratiUI-Bold.ttf
E/Minikin ( 4652): addFont failed to create font /system/fonts/NotoSansGurmukhi-Regular.ttf
E/Minikin ( 4652): addFont failed to create font /system/fonts/NotoSansGurmukhi-Bold.ttf
E/Minikin ( 4652): addFont failed to create font /system/fonts/NotoSansGurmukhiUI-Regular.ttf
E/Minikin ( 4652): addFont failed to create font /system/fonts/NotoSansGurmukhiUI-Bold.ttf
E/Minikin ( 4268): addFont failed to create font /system/fonts/NotoSansGujarati-Regular.ttf
E/Minikin ( 4268): addFont failed to create font /system/fonts/NotoSansGujarati-Bold.ttf
E/Minikin ( 4268): addFont failed to create font /system/fonts/NotoSansGujaratiUI-Regular.ttf
E/Minikin ( 4268): addFont failed to create font /system/fonts/NotoSansGujaratiUI-Bold.ttf
E/Minikin ( 4268): addFont failed to create font /system/fonts/NotoSansGurmukhi-Regular.ttf
E/Minikin ( 4268): addFont failed to create font /system/fonts/NotoSansGurmukhi-Bold.ttf
E/Minikin ( 4268): addFont failed to create font /system/fonts/NotoSansGurmukhiUI-Regular.ttf
E/Minikin ( 4268): addFont failed to create font /system/fonts/NotoSansGurmukhiUI-Bold.ttf
E/Minikin ( 4622): addFont failed to create font /system/fonts/NotoSansGujarati-Regular.ttf
E/Minikin ( 4622): addFont failed to create font /system/fonts/NotoSansGujarati-Bold.ttf
E/Minikin ( 4622): addFont failed to create font /system/fonts/NotoSansGujaratiUI-Regular.ttf
E/Minikin ( 4622): addFont failed to create font /system/fonts/NotoSansGujaratiUI-Bold.ttf
E/Minikin ( 4622): addFont failed to create font /system/fonts/NotoSansGurmukhi-Regular.ttf
E/Minikin ( 4622): addFont failed to create font /system/fonts/NotoSansGurmukhi-Bold.ttf
E/Minikin ( 4622): addFont failed to create font /system/fonts/NotoSansGurmukhiUI-Regular.ttf
E/Minikin ( 4622): addFont failed to create font /system/fonts/NotoSansGurmukhiUI-Bold.ttf
E/Minikin ( 4652): addFont failed to create font /system/fonts/NotoSansSinhala-Regular.ttf
E/Minikin ( 4652): addFont failed to create font /system/fonts/NotoSansSinhala-Bold.ttf
E/Minikin ( 4268): addFont failed to create font /system/fonts/NotoSansSinhala-Regular.ttf
E/Minikin ( 4268): addFont failed to create font /system/fonts/NotoSansSinhala-Bold.ttf
E/Minikin ( 4652): addFont failed to create font /system/fonts/NotoSansCherokee-Regular.ttf
E/Minikin ( 4652): addFont failed to create font /system/fonts/NotoSansCanadianAboriginal-Regular.ttf
E/Minikin ( 4652): addFont failed to create font /system/fonts/NotoSansYi-Regular.ttf
E/Minikin ( 4622): addFont failed to create font /system/fonts/NotoSansSinhala-Regular.ttf
E/Minikin ( 4652): addFont failed to create font /system/fonts/NotoSansHans-Regular.otf
E/Minikin ( 4622): addFont failed to create font /system/fonts/NotoSansSinhala-Bold.ttf
E/Minikin ( 4652): addFont failed to create font /system/fonts/NotoSansHant-Regular.otf
E/Minikin ( 4652): addFont failed to create font /system/fonts/NotoSansJP-Regular.otf
E/Minikin ( 4652): addFont failed to create font /system/fonts/NotoSansKR-Regular.otf
E/Minikin ( 4268): addFont failed to create font /system/fonts/NotoSansCherokee-Regular.ttf
E/Minikin ( 4268): addFont failed to create font /system/fonts/NotoSansCanadianAboriginal-Regular.ttf
E/Minikin ( 4268): addFont failed to create font /system/fonts/NotoSansYi-Regular.ttf
E/Minikin ( 4268): addFont failed to create font /system/fonts/NotoSansHans-Regular.otf
E/Minikin ( 4268): addFont failed to create font /system/fonts/NotoSansHant-Regular.otf
E/Minikin ( 4268): addFont failed to create font /system/fonts/NotoSansJP-Regular.otf
E/Minikin ( 4268): addFont failed to create font /system/fonts/NotoSansKR-Regular.otf
E/Minikin ( 4622): addFont failed to create font /system/fonts/NotoSansCherokee-Regular.ttf
E/Minikin ( 4622): addFont failed to create font /system/fonts/NotoSansCanadianAboriginal-Regular.ttf
E/Minikin ( 4622): addFont failed to create font /system/fonts/NotoSansYi-Regular.ttf
E/Minikin ( 4622): addFont failed to create font /system/fonts/NotoSansHans-Regular.otf
E/Minikin ( 4622): addFont failed to create font /system/fonts/NotoSansHant-Regular.otf
E/Minikin ( 4622): addFont failed to create font /system/fonts/NotoSansJP-Regular.otf
E/Minikin ( 4622): addFont failed to create font /system/fonts/NotoSansKR-Regular.otf
E/Minikin ( 4757): addFont failed to create font /system/fonts/NotoSansGujarati-Regular.ttf
E/Minikin ( 4757): addFont failed to create font /system/fonts/NotoSansGujarati-Bold.ttf
E/Minikin ( 4757): addFont failed to create font /system/fonts/NotoSansGujaratiUI-Regular.ttf
E/Minikin ( 4757): addFont failed to create font /system/fonts/NotoSansGujaratiUI-Bold.ttf
E/Minikin ( 4757): addFont failed to create font /system/fonts/NotoSansGurmukhi-Regular.ttf
E/Minikin ( 4757): addFont failed to create font /system/fonts/NotoSansGurmukhi-Bold.ttf
E/Minikin ( 4757): addFont failed to create font /system/fonts/NotoSansGurmukhiUI-Regular.ttf
E/Minikin ( 4757): addFont failed to create font /system/fonts/NotoSansGurmukhiUI-Bold.ttf
E/Minikin ( 4757): addFont failed to create font /system/fonts/NotoSansSinhala-Regular.ttf
E/Minikin ( 4757): addFont failed to create font /system/fonts/NotoSansSinhala-Bold.ttf
E/Minikin ( 4757): addFont failed to create font /system/fonts/NotoSansCherokee-Regular.ttf
E/Minikin ( 4757): addFont failed to create font /system/fonts/NotoSansCanadianAboriginal-Regular.ttf
E/Minikin ( 4757): addFont failed to create font /system/fonts/NotoSansYi-Regular.ttf
E/Minikin ( 4757): addFont failed to create font /system/fonts/NotoSansHans-Regular.otf
E/Minikin ( 4757): addFont failed to create font /system/fonts/NotoSansHant-Regular.otf
E/Minikin ( 4757): addFont failed to create font /system/fonts/NotoSansJP-Regular.otf
E/Minikin ( 4757): addFont failed to create font /system/fonts/NotoSansKR-Regular.otf
I/art     ( 4312): Background sticky concurrent mark sweep GC freed 323(55KB) AllocSpace objects, 0(0B) LOS objects, 0% free, 51MB/51MB, paused 7.940ms total 20.461ms
E/Minikin ( 4735): addFont failed to create font /system/fonts/NotoSansGujarati-Regular.ttf
E/Minikin ( 4735): addFont failed to create font /system/fonts/NotoSansGujarati-Bold.ttf
E/Minikin ( 4735): addFont failed to create font /system/fonts/NotoSansGujaratiUI-Regular.ttf
E/Minikin ( 4735): addFont failed to create font /system/fonts/NotoSansGujaratiUI-Bold.ttf
E/Minikin ( 4735): addFont failed to create font /system/fonts/NotoSansGurmukhi-Regular.ttf
E/Minikin ( 4735): addFont failed to create font /system/fonts/NotoSansGurmukhi-Bold.ttf
E/Minikin ( 4735): addFont failed to create font /system/fonts/NotoSansGurmukhiUI-Regular.ttf
E/Minikin ( 4735): addFont failed to create font /system/fonts/NotoSansGurmukhiUI-Bold.ttf
I/art     ( 4135): Background partial concurrent mark sweep GC freed 68534(5MB) AllocSpace objects, 20(840KB) LOS objects, 33% free, 22MB/33MB, paused 2.582ms total 117.625ms
E/Minikin ( 4735): addFont failed to create font /system/fonts/NotoSansSinhala-Regular.ttf
E/Minikin ( 4735): addFont failed to create font /system/fonts/NotoSansSinhala-Bold.ttf
E/Minikin ( 4735): addFont failed to create font /system/fonts/NotoSansCherokee-Regular.ttf
E/Minikin ( 4735): addFont failed to create font /system/fonts/NotoSansCanadianAboriginal-Regular.ttf
E/Minikin ( 4735): addFont failed to create font /system/fonts/NotoSansYi-Regular.ttf
E/Minikin ( 4735): addFont failed to create font /system/fonts/NotoSansHans-Regular.otf
E/Minikin ( 4735): addFont failed to create font /system/fonts/NotoSansHant-Regular.otf
E/Minikin ( 4735): addFont failed to create font /system/fonts/NotoSansJP-Regular.otf
E/Minikin ( 4735): addFont failed to create font /system/fonts/NotoSansKR-Regular.otf
E/Minikin ( 4779): addFont failed to create font /system/fonts/NotoSansGujarati-Regular.ttf
E/Minikin ( 4779): addFont failed to create font /system/fonts/NotoSansGujarati-Bold.ttf
E/Minikin ( 4779): addFont failed to create font /system/fonts/NotoSansGujaratiUI-Regular.ttf
E/Minikin ( 4779): addFont failed to create font /system/fonts/NotoSansGujaratiUI-Bold.ttf
E/Minikin ( 4779): addFont failed to create font /system/fonts/NotoSansGurmukhi-Regular.ttf
E/Minikin ( 4779): addFont failed to create font /system/fonts/NotoSansGurmukhi-Bold.ttf
E/Minikin ( 4779): addFont failed to create font /system/fonts/NotoSansGurmukhiUI-Regular.ttf
E/Minikin ( 4779): addFont failed to create font /system/fonts/NotoSansGurmukhiUI-Bold.ttf
E/Minikin ( 4801): addFont failed to create font /system/fonts/NotoSansGujarati-Regular.ttf
E/Minikin ( 4801): addFont failed to create font /system/fonts/NotoSansGujarati-Bold.ttf
E/Minikin ( 4801): addFont failed to create font /system/fonts/NotoSansGujaratiUI-Regular.ttf
E/Minikin ( 4801): addFont failed to create font /system/fonts/NotoSansGujaratiUI-Bold.ttf
E/Minikin ( 4801): addFont failed to create font /system/fonts/NotoSansGurmukhi-Regular.ttf
E/Minikin ( 4801): addFont failed to create font /system/fonts/NotoSansGurmukhi-Bold.ttf
E/Minikin ( 4801): addFont failed to create font /system/fonts/NotoSansGurmukhiUI-Regular.ttf
E/Minikin ( 4801): addFont failed to create font /system/fonts/NotoSansGurmukhiUI-Bold.ttf
E/Minikin ( 4801): addFont failed to create font /system/fonts/NotoSansSinhala-Regular.ttf
E/Minikin ( 4801): addFont failed to create font /system/fonts/NotoSansSinhala-Bold.ttf
E/Minikin ( 4779): addFont failed to create font /system/fonts/NotoSansSinhala-Regular.ttf
E/Minikin ( 4779): addFont failed to create font /system/fonts/NotoSansSinhala-Bold.ttf
E/Minikin ( 4801): addFont failed to create font /system/fonts/NotoSansCherokee-Regular.ttf
E/Minikin ( 4801): addFont failed to create font /system/fonts/NotoSansCanadianAboriginal-Regular.ttf
E/Minikin ( 4801): addFont failed to create font /system/fonts/NotoSansYi-Regular.ttf
E/Minikin ( 4801): addFont failed to create font /system/fonts/NotoSansHans-Regular.otf
E/Minikin ( 4801): addFont failed to create font /system/fonts/NotoSansHant-Regular.otf
E/Minikin ( 4801): addFont failed to create font /system/fonts/NotoSansJP-Regular.otf
E/Minikin ( 4801): addFont failed to create font /system/fonts/NotoSansKR-Regular.otf
E/Minikin ( 4779): addFont failed to create font /system/fonts/NotoSansCherokee-Regular.ttf
E/Minikin ( 4779): addFont failed to create font /system/fonts/NotoSansCanadianAboriginal-Regular.ttf
E/Minikin ( 4779): addFont failed to create font /system/fonts/NotoSansYi-Regular.ttf
E/Minikin ( 4779): addFont failed to create font /system/fonts/NotoSansHans-Regular.otf
E/Minikin ( 4779): addFont failed to create font /system/fonts/NotoSansHant-Regular.otf
E/Minikin ( 4779): addFont failed to create font /system/fonts/NotoSansJP-Regular.otf
E/Minikin ( 4779): addFont failed to create font /system/fonts/NotoSansKR-Regular.otf
E/Minikin ( 4513): addFont failed to create font /system/fonts/NotoSansGujarati-Regular.ttf
E/Minikin ( 4513): addFont failed to create font /system/fonts/NotoSansGujarati-Bold.ttf
E/Minikin ( 4513): addFont failed to create font /system/fonts/NotoSansGujaratiUI-Regular.ttf
E/Minikin ( 4513): addFont failed to create font /system/fonts/NotoSansGujaratiUI-Bold.ttf
E/Minikin ( 4513): addFont failed to create font /system/fonts/NotoSansGurmukhi-Regular.ttf
E/Minikin ( 4513): addFont failed to create font /system/fonts/NotoSansGurmukhi-Bold.ttf
E/Minikin ( 4513): addFont failed to create font /system/fonts/NotoSansGurmukhiUI-Regular.ttf
E/Minikin ( 4513): addFont failed to create font /system/fonts/NotoSansGurmukhiUI-Bold.ttf
E/Minikin ( 4513): addFont failed to create font /system/fonts/NotoSansSinhala-Regular.ttf
E/Minikin ( 4513): addFont failed to create font /system/fonts/NotoSansSinhala-Bold.ttf
E/Minikin ( 4931): addFont failed to create font /system/fonts/NotoSansGujarati-Regular.ttf
E/Minikin ( 4931): addFont failed to create font /system/fonts/NotoSansGujarati-Bold.ttf
E/Minikin ( 4931): addFont failed to create font /system/fonts/NotoSansGujaratiUI-Regular.ttf
E/Minikin ( 4931): addFont failed to create font /system/fonts/NotoSansGujaratiUI-Bold.ttf
E/Minikin ( 4931): addFont failed to create font /system/fonts/NotoSansGurmukhi-Regular.ttf
E/Minikin ( 4931): addFont failed to create font /system/fonts/NotoSansGurmukhi-Bold.ttf
E/Minikin ( 4931): addFont failed to create font /system/fonts/NotoSansGurmukhiUI-Regular.ttf
E/Minikin ( 4931): addFont failed to create font /system/fonts/NotoSansGurmukhiUI-Bold.ttf
E/Minikin ( 4513): addFont failed to create font /system/fonts/NotoSansCherokee-Regular.ttf
E/Minikin ( 4513): addFont failed to create font /system/fonts/NotoSansCanadianAboriginal-Regular.ttf
E/Minikin ( 4513): addFont failed to create font /system/fonts/NotoSansYi-Regular.ttf
E/Minikin ( 4513): addFont failed to create font /system/fonts/NotoSansHans-Regular.otf
E/Minikin ( 4513): addFont failed to create font /system/fonts/NotoSansHant-Regular.otf
E/Minikin ( 4513): addFont failed to create font /system/fonts/NotoSansJP-Regular.otf
E/Minikin ( 4513): addFont failed to create font /system/fonts/NotoSansKR-Regular.otf
E/Minikin ( 4881): addFont failed to create font /system/fonts/NotoSansGujarati-Regular.ttf
E/Minikin ( 4881): addFont failed to create font /system/fonts/NotoSansGujarati-Bold.ttf
E/Minikin ( 4881): addFont failed to create font /system/fonts/NotoSansGujaratiUI-Regular.ttf
E/Minikin ( 4881): addFont failed to create font /system/fonts/NotoSansGujaratiUI-Bold.ttf
E/Minikin ( 4881): addFont failed to create font /system/fonts/NotoSansGurmukhi-Regular.ttf
E/Minikin ( 4881): addFont failed to create font /system/fonts/NotoSansGurmukhi-Bold.ttf
E/Minikin ( 4881): addFont failed to create font /system/fonts/NotoSansGurmukhiUI-Regular.ttf
E/Minikin ( 4881): addFont failed to create font /system/fonts/NotoSansGurmukhiUI-Bold.ttf
E/Minikin ( 4931): addFont failed to create font /system/fonts/NotoSansSinhala-Regular.ttf
E/Minikin ( 4931): addFont failed to create font /system/fonts/NotoSansSinhala-Bold.ttf
E/Minikin ( 4931): addFont failed to create font /system/fonts/NotoSansCherokee-Regular.ttf
E/Minikin ( 4931): addFont failed to create font /system/fonts/NotoSansCanadianAboriginal-Regular.ttf
E/Minikin ( 4931): addFont failed to create font /system/fonts/NotoSansYi-Regular.ttf
E/Minikin ( 4931): addFont failed to create font /system/fonts/NotoSansHans-Regular.otf
E/Minikin ( 4931): addFont failed to create font /system/fonts/NotoSansHant-Regular.otf
E/Minikin ( 4931): addFont failed to create font /system/fonts/NotoSansJP-Regular.otf
E/Minikin ( 4931): addFont failed to create font /system/fonts/NotoSansKR-Regular.otf
E/Minikin ( 4881): addFont failed to create font /system/fonts/NotoSansSinhala-Regular.ttf
E/Minikin ( 4881): addFont failed to create font /system/fonts/NotoSansSinhala-Bold.ttf
E/Minikin ( 4881): addFont failed to create font /system/fonts/NotoSansCherokee-Regular.ttf
E/Minikin ( 4881): addFont failed to create font /system/fonts/NotoSansCanadianAboriginal-Regular.ttf
E/Minikin ( 4881): addFont failed to create font /system/fonts/NotoSansYi-Regular.ttf
E/Minikin ( 4881): addFont failed to create font /system/fonts/NotoSansHans-Regular.otf
E/Minikin ( 4881): addFont failed to create font /system/fonts/NotoSansHant-Regular.otf
E/Minikin ( 4881): addFont failed to create font /system/fonts/NotoSansJP-Regular.otf
E/Minikin ( 4881): addFont failed to create font /system/fonts/NotoSansKR-Regular.otf
I/        ( 4823): PLATFORM VERSION : JB-MR-2
I/OpenGLRenderer( 4823): Initialized EGL, version 1.4
E/Minikin ( 4963): addFont failed to create font /system/fonts/NotoSansGujarati-Regular.ttf
E/Minikin ( 4963): addFont failed to create font /system/fonts/NotoSansGujarati-Bold.ttf
E/Minikin ( 4963): addFont failed to create font /system/fonts/NotoSansGujaratiUI-Regular.ttf
E/Minikin ( 4963): addFont failed to create font /system/fonts/NotoSansGujaratiUI-Bold.ttf
E/Minikin ( 4963): addFont failed to create font /system/fonts/NotoSansGurmukhi-Regular.ttf
E/Minikin ( 4963): addFont failed to create font /system/fonts/NotoSansGurmukhi-Bold.ttf
E/Minikin ( 4963): addFont failed to create font /system/fonts/NotoSansGurmukhiUI-Regular.ttf
E/Minikin ( 4963): addFont failed to create font /system/fonts/NotoSansGurmukhiUI-Bold.ttf
D/OpenGLRenderer( 4823): Enabling debug mode 0
E/Minikin ( 4963): addFont failed to create font /system/fonts/NotoSansSinhala-Regular.ttf
E/Minikin ( 4963): addFont failed to create font /system/fonts/NotoSansSinhala-Bold.ttf
E/Minikin ( 4963): addFont failed to create font /system/fonts/NotoSansCherokee-Regular.ttf
E/Minikin ( 4963): addFont failed to create font /system/fonts/NotoSansCanadianAboriginal-Regular.ttf
E/Minikin ( 4963): addFont failed to create font /system/fonts/NotoSansYi-Regular.ttf
E/Minikin ( 4963): addFont failed to create font /system/fonts/NotoSansHans-Regular.otf
E/Minikin ( 4963): addFont failed to create font /system/fonts/NotoSansHant-Regular.otf
E/Minikin ( 4963): addFont failed to create font /system/fonts/NotoSansJP-Regular.otf
E/Minikin ( 4963): addFont failed to create font /system/fonts/NotoSansKR-Regular.otf
D/Launcher.Model( 4823): 11683562 - loadWorkspaceScreensDb()
D/Launcher.Model( 4823): 11683562 -   screens: { 0: 1 }, { 1: 2 }
D/Launcher.Model( 4823): 11683562 -   sBgWorkspaceScreens: 1, 2
I/Choreographer( 4312): Skipped 53 frames!  The application may be doing too much work on its main thread.
I/ActivityManager( 4135): Process com.cyanogenmod.lockclock (pid 4622) has died
I/art     ( 4312): Background sticky concurrent mark sweep GC freed 2382(242KB) AllocSpace objects, 1(16KB) LOS objects, 0% free, 51MB/51MB, paused 6.024ms total 27.656ms
I/ActivityManager( 4135): Process android.process.media (pid 4268) has died
E/Minikin ( 4312): addFont failed to create font /system/fonts/NotoSansGujarati-Regular.ttf
E/Minikin ( 4312): addFont failed to create font /system/fonts/NotoSansGujarati-Bold.ttf
E/Minikin ( 4312): addFont failed to create font /system/fonts/NotoSansGujaratiUI-Regular.ttf
E/Minikin ( 4312): addFont failed to create font /system/fonts/NotoSansGujaratiUI-Bold.ttf
E/Minikin ( 4312): addFont failed to create font /system/fonts/NotoSansGurmukhi-Regular.ttf
E/Minikin ( 4312): addFont failed to create font /system/fonts/NotoSansGurmukhi-Bold.ttf
E/Minikin ( 4312): addFont failed to create font /system/fonts/NotoSansGurmukhiUI-Regular.ttf
E/Minikin ( 4312): addFont failed to create font /system/fonts/NotoSansGurmukhiUI-Bold.ttf
E/Minikin ( 4312): addFont failed to create font /system/fonts/NotoSansSinhala-Regular.ttf
E/Minikin ( 4312): addFont failed to create font /system/fonts/NotoSansSinhala-Bold.ttf
E/Minikin ( 4312): addFont failed to create font /system/fonts/NotoSansCherokee-Regular.ttf
E/Minikin ( 4312): addFont failed to create font /system/fonts/NotoSansCanadianAboriginal-Regular.ttf
E/Minikin ( 4312): addFont failed to create font /system/fonts/NotoSansYi-Regular.ttf
E/Minikin ( 4312): addFont failed to create font /system/fonts/NotoSansHans-Regular.otf
E/Minikin ( 4312): addFont failed to create font /system/fonts/NotoSansHant-Regular.otf
E/Minikin ( 4312): addFont failed to create font /system/fonts/NotoSansJP-Regular.otf
E/Minikin ( 4312): addFont failed to create font /system/fonts/NotoSansKR-Regular.otf
E/Minikin ( 4823): addFont failed to create font /system/fonts/NotoSansGujarati-Regular.ttf
E/Minikin ( 4823): addFont failed to create font /system/fonts/NotoSansGujarati-Bold.ttf
E/Minikin ( 4823): addFont failed to create font /system/fonts/NotoSansGujaratiUI-Regular.ttf
E/Minikin ( 4823): addFont failed to create font /system/fonts/NotoSansGujaratiUI-Bold.ttf
E/Minikin ( 4823): addFont failed to create font /system/fonts/NotoSansGurmukhi-Regular.ttf
E/Minikin ( 4823): addFont failed to create font /system/fonts/NotoSansGurmukhi-Bold.ttf
E/Minikin ( 4823): addFont failed to create font /system/fonts/NotoSansGurmukhiUI-Regular.ttf
E/Minikin ( 4823): addFont failed to create font /system/fonts/NotoSansGurmukhiUI-Bold.ttf
E/Minikin ( 4823): addFont failed to create font /system/fonts/NotoSansSinhala-Regular.ttf
E/Minikin ( 4823): addFont failed to create font /system/fonts/NotoSansSinhala-Bold.ttf
E/Minikin ( 4823): addFont failed to create font /system/fonts/NotoSansCherokee-Regular.ttf
E/Minikin ( 4823): addFont failed to create font /system/fonts/NotoSansCanadianAboriginal-Regular.ttf
E/Minikin ( 4823): addFont failed to create font /system/fonts/NotoSansYi-Regular.ttf
E/Minikin ( 4823): addFont failed to create font /system/fonts/NotoSansHans-Regular.otf
E/Minikin ( 4823): addFont failed to create font /system/fonts/NotoSansHant-Regular.otf
E/Minikin ( 4823): addFont failed to create font /system/fonts/NotoSansJP-Regular.otf
E/Minikin ( 4823): addFont failed to create font /system/fonts/NotoSansKR-Regular.otf
I/ActivityManager( 4135): Start proc com.cyanogenmod.lockclock for broadcast com.cyanogenmod.lockclock/.ClockWidgetProvider: pid=5000 uid=10042 gids={50042, 9997, 3003} abi=armeabi-v7a
W/Launcher( 4823): setApplicationContext called twice! old=com.android.launcher3.LauncherApplication@3570ce32 new=com.android.launcher3.LauncherApplication@3570ce32
E/lowmemorykiller( 3670): Error writing /proc/4881/oom_score_adj; errno=22
E/AppsCustomizePagedView( 4823): Create Res Apk Failed
D/LocaleSetManager( 4823): Locale Changed from: null to es-ES
I/ActivityManager( 4135): Process com.android.settings (pid 4881) has died
D/WifiService( 4135): Client connection lost with reason: 4
I/ActivityManager( 4135): Process org.cyanogenmod.themes.provider (pid 4931) has died
D/WeatherUpdateService( 5000): Service started, but shouldn't update ... stopping
I/ActivityManager( 4135): Start proc com.cyanogenmod.eleven:main for service com.cyanogenmod.eleven/.MusicPlaybackService: pid=5034 uid=10032 gids={50032, 9997, 1028, 1015, 3003} abi=armeabi-v7a
W/InputMethodManagerService( 4135): Focus gain on non-focused client com.android.internal.view.IInputMethodClient$Stub$Proxy@21a58e10 (uid=10018 pid=4823)
I/ActivityManager( 4135): Displayed com.cyanogenmod.trebuchet/com.android.launcher3.Launcher: +1s495ms
I/Timeline( 4135): Timeline: Activity_windows_visible id: ActivityRecord{1736a865 u0 com.cyanogenmod.trebuchet/com.android.launcher3.Launcher t11} time:17736
E/lowmemorykiller( 3670): Error writing /proc/4652/oom_score_adj; errno=22
I/Timeline( 4823): Timeline: Activity_idle id: android.os.BinderProxy@28d37a6d time:17775
I/Timeline( 4823): Timeline: Activity_idle id: android.os.BinderProxy@28d37a6d time:17776
V/KeyguardServiceDelegate( 4135): *** Keyguard started
W/KeyguardServiceDelegate( 4135): onScreenTurnedOn(): no keyguard service!
E/lowmemorykiller( 3670): Error writing /proc/4652/oom_score_adj; errno=22
V/KeyguardServiceDelegate( 4135): *** Keyguard connected (yay!)
W/Settings( 4312): Setting airplane_mode_on has moved from android.provider.Settings.System to android.provider.Settings.Global, returning read-only value.
D/PhoneStatusBar( 4312): disable: < expand icons alerts system_info back HOME* RECENT* clock SEARCH* >
I/Sensors ( 4135): Acc old sensor_state 0, new sensor_state : 1 en : 1
D/VoldCmdListener( 3672): cryptfs getpw
I/SurfaceFlinger( 3693): Boot is finished (12531 ms)
D/VoldCmdListener( 3672): cryptfs clearpw
D/Launcher.Model( 4823): 11683562 - loadWorkspace()
I/Launcher.Model( 4823): not binding apps: no Launcher activity
I/ActivityManager( 4135): Process android.process.acore (pid 4652) has died
D/Launcher.Model( 4823): 11683562 -   loadedOldDb: false
D/Launcher.Model( 4823): 11683562 - loadWorkspace()
D/Launcher.Model( 4823): 11683562 -   loadedOldDb: false
D/PhoneStatusBar( 4312): disable: < expand ICONS* alerts SYSTEM_INFO* back HOME RECENT clock SEARCH >
D/BootAnimation( 3852): Use save memory method, maybe small fps in actual.
D/BluetoothAdapter( 4312): 603236744: getState() :  mService = null. Returning STATE_OFF
D/BluetoothAdapter( 4312): 603236744: getState() :  mService = null. Returning STATE_OFF
V/RenderScript_jni( 5034): RS native mode
D/BluetoothAdapter( 4312): 603236744: getState() :  mService = null. Returning STATE_OFF
D/BluetoothAdapter( 4312): 603236744: getState() :  mService = null. Returning STATE_OFF
D/BluetoothAdapter( 4312): 603236744: getState() :  mService = null. Returning STATE_OFF
D/BluetoothAdapter( 4312): 603236744: getState() :  mService = null. Returning STATE_OFF
E/RenderScript( 5034): Failed loading RS driver: dlopen failed: cannot locate symbol "_ZN7android12renderscript15RsdCpuReference6createEPNS0_7ContextEjjPFPKNS1_9CpuSymbolES3_PKcEPFPNS1_9CpuScriptES3_PKNS0_6ScriptEEPFPN4llvm6ModuleEPN3bcc8RSScriptESK_SK_EPFS8_S8_jE" referenced by "libRSDriverArm.so"...
E/RenderScript( 5034): Failed to load runtime libRSDriverArm.so, loading default
I/ActivityManager( 4135): Process com.cyanogenmod.lockclock (pid 5000) has died
W/Settings( 4312): Setting airplane_mode_on has moved from android.provider.Settings.System to android.provider.Settings.Global, returning read-only value.
V/RenderScript( 5034): 0xaf402c00 Launching thread(s), CPUs 8
W/Settings( 4312): Setting airplane_mode_on has moved from android.provider.Settings.System to android.provider.Settings.Global, returning read-only value.
D/PhoneStatusBar( 4312): disable: < expand ICONS alerts SYSTEM_INFO back HOME RECENT clock SEARCH >
D/Launcher.Model( 4823): 11683562 - loadWorkspaceScreensDb()
D/Launcher.Model( 4823): 11683562 -   screens: { 0: 1 }, { 1: 2 }
D/Launcher.Model( 4823): 11683562 -   sBgWorkspaceScreens: 1, 2
D/Launcher( 4823): 11683562 - bindAddScreens()
D/Launcher( 4823): 11683562 -   orderedScreenIds: 1, 2
D/Launcher.Workspace( 4823): 11683562 - insertNewWorkspaceScreen(): 1 at index: 0
E/Vold    ( 3672): Failed to find mounted volume for /storage/extSdCard/Android/data/com.cyanogenmod.eleven/cache/
W/Vold    ( 3672): Returning OperationFailed - no handler for errno 0
W/ContextImpl( 5034): Failed to ensure directory: /storage/extSdCard/Android/data/com.cyanogenmod.eleven/cache
D/Launcher.Workspace( 4823): 11683562 - insertNewWorkspaceScreen(): 2 at index: 1
E/Vold    ( 3672): Failed to find mounted volume for /storage/extSdCard/Android/data/com.cyanogenmod.eleven/cache/
W/Vold    ( 3672): Returning OperationFailed - no handler for errno 0
W/ContextImpl( 5034): Failed to ensure directory: /storage/extSdCard/Android/data/com.cyanogenmod.eleven/cache
I/ActivityManager( 4135): Start proc android.process.media for content provider com.android.providers.media/.MediaProvider: pid=5070 uid=10009 gids={50009, 9997, 1028, 1015, 1023, 1024, 2001, 3003, 3007} abi=armeabi-v7a
I/art     ( 3707): Explicit concurrent mark sweep GC freed 704(30KB) AllocSpace objects, 0(0B) LOS objects, 40% free, 15MB/25MB, paused 232us total 15.915ms
I/art     ( 3707): Explicit concurrent mark sweep GC freed 7(240B) AllocSpace objects, 0(0B) LOS objects, 39% free, 15MB/25MB, paused 209us total 10.195ms
I/art     ( 3707): Explicit concurrent mark sweep GC freed 5(160B) AllocSpace objects, 0(0B) LOS objects, 39% free, 15MB/25MB, paused 226us total 10.758ms
V/RenderScript( 4823): Application requested CPU execution
V/RenderScript( 4823): 0x9f356800 Launching thread(s), CPUs 8
E/SQLiteLog( 5070): (283) recovered 51 frames from WAL file /data/user/0/com.android.providers.media/databases/external.db-wal
D/android.widget.GridLayout( 4823): vertical constraints: y3-y0>=396, y3-y0<=372, y3-y2<=156, y2-y1<=3 are inconsistent; permanently removing: y3-y0<=372. 
D/Launcher.Workspace( 4823): 11683562 - stripEmptyScreens()
E/ExtMediaPlayer-JNI( 5034): QCMediaPlayer could not be located....
E/MediaPlayer-JNI( 5034): QCMediaPlayer mediaplayer NOT present
V/KeyguardServiceDelegate( 4135): **** SHOWN CALLED ****
W/WakefulBroadcastReceiver( 5034): No active wake lock id #1
I/auditd  ( 5110): Starting up
I/audit_log( 5110): Previous audit logfile detected, rotating
E/audit_rules( 5110): Could not read audit rules /data/misc/audit/audit.rules: No such file or directory
I/SystemServiceManager( 4135): Starting phase 1000
E/SEC PowerHAL( 4135): Error opening /sys/devices/system/cpu/cpufreq/interactive/boostpulse: No such file or directory
I/ActivityManager( 4135): Start proc com.android.settings for broadcast com.android.settings/.cyanogenmod.BootReceiver: pid=5111 uid=1000 gids={41000, 9997, 3003, 1028, 1015, 3002, 3001} abi=armeabi-v7a
V/ActivityManager( 4135): Display changed displayId=0
I/BootReceiver( 5111): IOSched restore disabled by user preference.
D/InputMethodAndLanguageSettings( 5111): High touch sensitivity settings restored.
D/InputMethodAndLanguageSettings( 5111): Touch hovering settings restored.
D/BluetoothManagerService( 4135): Auto-enabling Bluetooth.
D/BluetoothManagerService( 4135): Message: 1
D/BluetoothManagerService( 4135): MESSAGE_ENABLE: mBluetooth = null
I/RecoverySystem( 4135): No recovery log file
I/BootReceiver( 4135): Copying /proc/last_kmsg to DropBox (SYSTEM_LAST_KMSG)
E/SharedPreferencesImpl( 4135): Couldn't create directory for SharedPreferences file shared_prefs/log_files.xml
I/BootReceiver( 4135): Copying audit failures to DropBox
E/SharedPreferencesImpl( 4135): Couldn't create directory for SharedPreferences file shared_prefs/log_files.xml
I/BootReceiver( 4135): Copied 0 worth of audits to DropBox
I/BootReceiver( 4135): Checking for fsck errors
I/BootReceiver( 4135): Copying /data/tombstones/tombstone_00 to DropBox (SYSTEM_TOMBSTONE)
E/SharedPreferencesImpl( 4135): Couldn't create directory for SharedPreferences file shared_prefs/log_files.xml
I/ActivityManager( 4135): Start proc com.android.bluetooth for service com.android.bluetooth/.btservice.AdapterService: pid=5141 uid=1002 gids={41002, 9997, 3003, 3002, 3001, 1028, 1015, 3005, 1016, 3008} abi=armeabi-v7a
I/art     ( 4135): Explicit concurrent mark sweep GC freed 17694(2MB) AllocSpace objects, 32(2MB) LOS objects, 33% free, 23MB/34MB, paused 2.576ms total 63.975ms
I/BootReceiver( 4135): Copying /data/tombstones/tombstone_01 to DropBox (SYSTEM_TOMBSTONE)
E/SharedPreferencesImpl( 4135): Couldn't create directory for SharedPreferences file shared_prefs/log_files.xml
I/ActivityManager( 4135): Start proc com.android.keychain for service com.android.keychain/.KeyChainService: pid=5165 uid=1000 gids={41000, 9997, 3003, 1028, 1015, 3002, 3001} abi=armeabi-v7a
I/BootReceiver( 4135): Copying /data/tombstones/tombstone_02 to DropBox (SYSTEM_TOMBSTONE)
E/SharedPreferencesImpl( 4135): Couldn't create directory for SharedPreferences file shared_prefs/log_files.xml
W/ResourcesManager( 5141): Asset path '/system/framework/javax.btobex.jar' does not exist or contains no resources.
I/BootReceiver( 4135): Copying /data/tombstones/tombstone_03 to DropBox (SYSTEM_TOMBSTONE)
E/SharedPreferencesImpl( 4135): Couldn't create directory for SharedPreferences file shared_prefs/log_files.xml
I/ActivityManager( 4135): Start proc com.android.deskclock for broadcast com.android.deskclock/.AlarmInitReceiver: pid=5186 uid=10030 gids={50030, 9997, 1028, 3003} abi=armeabi-v7a
D/AdapterServiceConfig( 5141): Adding HeadsetService
D/AdapterServiceConfig( 5141): Adding A2dpService
D/AdapterServiceConfig( 5141): Adding HidService
D/AdapterServiceConfig( 5141): Adding HealthService
D/AdapterServiceConfig( 5141): Adding PanService
D/AdapterServiceConfig( 5141): Adding GattService
D/AdapterServiceConfig( 5141): Adding BluetoothMapService
D/AdapterServiceConfig( 5141): Adding HidDevService
V/AlarmClock( 5186): AlarmInitReceiver android.intent.action.BOOT_COMPLETED
D/BluetoothManagerService( 4135): Message: 20
D/BluetoothManagerService( 4135): Added callback: android.bluetooth.IBluetoothManagerCallback$Stub$Proxy@26fa2a01:true
D/BluetoothAdapterState( 5141): make
I/bluedroid( 5141): init
I/BluetoothAdapterState( 5141): Entering OffState
I/bte_conf( 5141): bte_load_conf attempt to load stack conf from /etc/bluetooth/bt_stack.conf
I/bte_conf( 5141): bte_load_ble_conf attempt to load ble stack conf from /etc/bluetooth/ble_stack.conf
E/bt_osi_config( 5141): config_new unable to open file '/etc/bluetooth/ble_stack.conf': No such file or directory
I/bte_conf( 5141): bte_load_ble_conf file >/etc/bluetooth/ble_stack.conf< not found
I/bluedroid( 5141): get_profile_interface socket
I/bluedroid( 5141): get_profile_interface map_client
I/GKI_LINUX( 5141): gki_task_entry task_id=1 [BTIF] starting
D/BluetoothManagerService( 4135): BluetoothServiceConnection: com.android.bluetooth.btservice.AdapterService
D/BluetoothManagerService( 4135): Message: 40
D/BluetoothManagerService( 4135): MESSAGE_BLUETOOTH_SERVICE_CONNECTED: 1
V/AlarmClock( 5186): AlarmInitReceiver - Reset timers and clear stopwatch data
D/BluetoothAdapterProperties( 5141): Address is:14:B4:84:6F:66:79
D/BluetoothAdapterProperties( 5141): Name is: SM-G900H
D/BluetoothManagerService( 4135): Bluetooth Adapter name changed to SM-G900H
D/BluetoothManagerService( 4135): Stored Bluetooth name: SM-G900H
I/bluedroid( 5141): config_hci_snoop_log
D/BluetoothManagerService( 4135): Calling onBluetoothServiceUp callbacks
D/BluetoothManagerService( 4135): Broadcasting onBluetoothServiceUp() to 4 receivers.
D/BluetoothAdapterState( 5141): CURRENT_STATE=OFF, MESSAGE = USER_TURN_ON
D/BluetoothAdapterProperties( 5141): Setting state to 11
I/BluetoothAdapterState( 5141): Bluetooth adapter state changed: 10-> 11
D/BluetoothManagerService( 4135): Message: 60
D/BluetoothManagerService( 4135): MESSAGE_BLUETOOTH_STATE_CHANGE: prevState = 10, newState=11
D/BluetoothBondStateMachine( 5141): make
D/BluetoothManagerService( 4135): Bluetooth State Change Intent: 10 -> 11
D/Telecom ( 4779): BluetoothPhoneService: Bluetooth Adapter state: 11
I/BluetoothBondStateMachine( 5141): StableState(): Entering Off State
D/BluetoothAdapterService( 5141): checkA2dpState: isA2dpSinkEnabled = false
E/BluetoothAdapterService( 5141): checkA2dpState: returning
D/BluetoothAdapterService( 5141): checkHidState: isHidDev = false
E/BluetoothAdapterService( 5141): checkHidState: returning
D/BluetoothAdapterService( 5141): checkHfpState: isHfpClientEnabled = false
E/BluetoothAdapterService( 5141): checkHfpState: returning
V/AlarmClock( 5186): AlarmInitReceiver finished
I/ActivityManager( 4135): Start proc eu.chainfire.supersu for broadcast eu.chainfire.supersu/.BootCompleteReceiver: pid=5220 uid=10058 gids={50058, 9997} abi=armeabi-v7a
D/BluetoothHeadset( 4135): Proxy object connected
D/HeadsetService( 5141): Received start request. Starting profile...
I/BluetoothHeadsetServiceJni( 5141): classInitNative: succeeds
D/BluetoothHeadset( 4779): Proxy object connected
D/HeadsetStateMachine( 5141): Version 1.5
D/BluetoothHeadset( 4779): Proxy object connected
D/HeadsetStateMachine( 5141): make
I/BluetoothAdapterService( 5141): skipping com.android.bluetooth.hid.HidDevService (disabled)
I/BluetoothAdapterState( 5141): Entering PendingCommandState State: isTurningOn()=true, isTurningOff()=false
D/WifiService( 4135): New client listening to asynchronous messages
D/HeadsetStateMachine( 5141): max_hf_connections = 1
I/bluedroid( 5141): get_profile_interface handsfree
D/Telecom ( 4779): BluetoothPhoneService: Binding service
D/BluetoothAdapterService( 5141): getAdapterService() - returning com.android.bluetooth.btservice.AdapterService@c873783
D/HeadsetStateMachine( 5141): Enter Disconnected: -2, size: 0
D/BluetoothA2dp( 4135): Proxy object connected
D/A2dpService( 5141): Received start request. Starting profile...
I/bluedroid( 5141): get_profile_interface avrcp
V/AudioService( 4135): updateRemoteControllerOnExistingMediaPlayers: size of Player list: 0
E/AudioService( 4135): No RCC entry present to update
E/RemoteController( 5141): Cannot set synchronization mode on an unregistered RemoteController
I/BluetoothA2dpServiceJni( 5141): classInitNative: succeeds
D/A2dpStateMachine( 5141): make
I/bluedroid( 5141): get_profile_interface a2dp
I/GKI_LINUX( 5141): gki_task_entry task_id=2 [A2DP-MEDIA] starting
D/bt-btif ( 5141): btif_av_state_idle_handler event:BTIF_SM_ENTER_EVT flags 0
D/A2dpService( 5141): setA2dpService(): set to: null
D/BluetoothAdapterService( 5141): getAdapterService() - returning com.android.bluetooth.btservice.AdapterService@c873783
D/A2dpStateMachine( 5141): Enter Disconnected: -2
I/BluetoothHidServiceJni( 5141): classInitNative: succeeds
D/HidService( 5141): Received start request. Starting profile...
I/bluedroid( 5141): get_profile_interface hidhost
D/BluetoothAdapterService( 5141): getAdapterService() - returning com.android.bluetooth.btservice.AdapterService@c873783
I/BluetoothHealthServiceJni( 5141): classInitNative: succeeds
D/HealthService( 5141): Received start request. Starting profile...
I/bluedroid( 5141): get_profile_interface health
D/BluetoothAdapterService( 5141): getAdapterService() - returning com.android.bluetooth.btservice.AdapterService@c873783
I/BluetoothPanServiceJni( 5141): classInitNative(L105): succeeds
D/PanService( 5141): Received start request. Starting profile...
D/BluetoothPanServiceJni( 5141): initializeNative(L110): pan
I/bluedroid( 5141): get_profile_interface pan
D/BluetoothAdapterService( 5141): getAdapterService() - returning com.android.bluetooth.btservice.AdapterService@c873783
D/BtGatt.GattService( 5141): classInitNative called
I/BtGatt.JNI( 5141): classInitNative(L863): classInitNative: Success!
D/BtGatt.DebugUtils( 5141): handleDebugAction() action=null
D/BtGatt.GattService( 5141): Received start request. Starting profile...
D/BtGatt.GattService( 5141): start()
I/bluedroid( 5141): get_profile_interface gatt
D/BtGatt.AdvertiseManager( 5141): advertise manager created
D/SuperSU][APK( 5220): [SuperSU][APK][Installer] detect(245)
I/ActivityManager( 4135): Start proc com.android.dialer for broadcast com.android.dialer/.calllog.CallLogReceiver: pid=5258 uid=10008 gids={50008, 9997, 3003, 1028, 1015} abi=armeabi-v7a
D/BluetoothAdapterService( 5141): getAdapterService() - returning com.android.bluetooth.btservice.AdapterService@c873783
D/BluetoothMapService( 5141): inside BluetoothMapObexConnection
D/BluetoothMapService( 5141): supportedMessageTypes 14
D/BluetoothMapService( 5141): masId 0
D/BluetoothMapService( 5141): inside BluetoothMapObexConnection
D/BluetoothMapService( 5141): supportedMessageTypes 1
D/BluetoothMapService( 5141): masId 1
D/BluetoothMapService( 5141): Inside initBinder
D/BluetoothMapService( 5141): Received start request. Starting profile...
D/BluetoothMapService( 5141): start()
D/BluetoothMapService( 5141): Registering observer
D/BluetoothAdapterService( 5141): getAdapterService() - returning com.android.bluetooth.btservice.AdapterService@c873783
I/Telecom ( 4779): BluetoothPhoneService: queryPhoneState
D/Telecom ( 4779): BluetoothPhoneService: handleMessage(7) w/ param 0
I/Telecom ( 4779): BluetoothPhoneService: updateHeadsetWithCallState numActive 0, numHeld 0, callState 6, ringing number [da39a3ee5e6b4b0d3255bfef95601890afd80709], ringing type 128
W/BluetoothHeadset( 4779): Proxy not attached to service
D/BluetoothHeadset( 4779): java.lang.Throwable
D/BluetoothHeadset( 4779): 	at android.bluetooth.BluetoothHeadset.phoneStateChanged(BluetoothHeadset.java:826)
D/BluetoothHeadset( 4779): 	at com.android.server.telecom.BluetoothPhoneService.updateHeadsetWithCallState(BluetoothPhoneService.java:789)
D/BluetoothHeadset( 4779): 	at com.android.server.telecom.BluetoothPhoneService.access$800(BluetoothPhoneService.java:51)
D/BluetoothHeadset( 4779): 	at com.android.server.telecom.BluetoothPhoneService$2.handleMessage(BluetoothPhoneService.java:311)
D/BluetoothHeadset( 4779): 	at android.os.Handler.dispatchMessage(Handler.java:102)
D/BluetoothHeadset( 4779): 	at android.os.Looper.loop(Looper.java:135)
D/BluetoothHeadset( 4779): 	at android.app.ActivityThread.main(ActivityThread.java:5254)
D/BluetoothHeadset( 4779): 	at java.lang.reflect.Method.invoke(Native Method)
D/BluetoothHeadset( 4779): 	at java.lang.reflect.Method.invoke(Method.java:372)
D/BluetoothHeadset( 4779): 	at com.android.internal.os.ZygoteInit$MethodAndArgsCaller.run(ZygoteInit.java:898)
D/BluetoothHeadset( 4779): 	at com.android.internal.os.ZygoteInit.main(ZygoteInit.java:693)
D/HeadsetStateMachine( 5141): Disconnected process message: 10, size: 0
V/BluetoothMapService( 5141): Handler(): got msg=1
D/HeadsetPhoneState( 5141): sendDeviceStateChanged. mService=0 mSignal=0 mRoam=0 mBatteryCharge=4
D/HeadsetStateMachine( 5141): Disconnected process message: 11, size: 0
D/BluetoothAdapterState( 5141): CURRENT_STATE=PENDING, MESSAGE = STARTED, isTurningOn=true, isTurningOff=false
I/bluedroid( 5141): enable
E/BTEventHandler( 5141): A4WP is not supported
I/bt_hci_bdroid( 5141): init
I/GKI_LINUX( 5141): gki_task_entry task_id=0 [BTU] starting
I/bt-btu  ( 5141): btu_task pending for preload complete event
I/bt_vendor( 5141): init
I/bt_vnd_conf( 5141): Attempt to load conf from /etc/bluetooth/bt_vendor.conf
I/bt_vnd_conf( 5141): vnd_load_conf file >/etc/bluetooth/bt_vendor.conf< not found
D/bt_userial( 5141): userial_init
D/bt_vendor( 5141): op for 5
D/bt_vendor( 5141): op for 0
D/bt_upio ( 5141): upio_set_bluetooth_power(on: 1)
D/bt_upio ( 5141): is_emulator_context : 0
D/bt_upio ( 5141): is_rfkill_disabled ? [0]
D/bt_upio ( 5141): is_rfkill_disabled ? [0]
D/bt_vendor( 5141): op for 3
I/bt_userial_vendor( 5141): userial vendor open: opening /dev/ttySAC0
I/bt_userial_vendor( 5141): userial_vendor_open():UART is setup
I/bt_userial_vendor( 5141): device fd = 56 open
D/bt_vendor( 5141): op for 1
E/bt_hwcfg( 5141): Start CFG HW, HCI reset
D/bt_userial( 5141): Entering userial_read_thread()
E/bt_hwcfg( 5141): Read Local Name after HCI reset
I/ActivityManager( 4135): Start proc android.process.acore for content provider com.android.providers.contacts/.CallLogProvider: pid=5294 uid=10006 gids={50006, 9997, 3003, 1028, 1015} abi=armeabi-v7a
D/bt_hwcfg( 5141): Chipset BCM4350C0
D/bt_hwcfg( 5141): Target name = [BCM4350C0]
E/bt_hwcfg( 5141): patchram path ORG . BCM4350C0
E/bt_hwcfg( 5141): patchram path ORG .. BCM4350C0
E/bt_hwcfg( 5141): patchram path ORG bcm4350_V0301.0562.hcd BCM4350C0
E/bt_hwcfg( 5141): patchram path ORG bcm4350_V0301.0563_wisol.hcd BCM4350C0
E/bt_hwcfg( 5141): patchram path ORG companion_2p2_master_setfile.bin BCM4350C0
E/bt_hwcfg( 5141): patchram path ORG companion_2p2_mode_setfile.bin BCM4350C0
E/bt_hwcfg( 5141): patchram path ORG companion_default_coef.bin BCM4350C0
E/bt_hwcfg( 5141): patchram path ORG companion_default_lsc.bin BCM4350C0
E/bt_hwcfg( 5141): patchram path ORG companion_fw_2p2_evt1.bin BCM4350C0
E/bt_hwcfg( 5141): patchram path ORG companion_fw_evt0.bin BCM4350C0
E/bt_hwcfg( 5141): patchram path ORG fimc_is_fw2.bin BCM4350C0
E/bt_hwcfg( 5141): patchram path ORG fimc_is_fw2_2p2.bin BCM4350C0
E/bt_hwcfg( 5141): patchram path ORG libpn547_fw.so BCM4350C0
E/bt_hwcfg( 5141): patchram path ORG mfc_fw.bin BCM4350C0
E/bt_hwcfg( 5141): patchram path ORG setfile_2p2.bin BCM4350C0
E/bt_hwcfg( 5141): patchram path ORG setfile_6b2.bin BCM4350C0
E/bt_hwcfg( 5141): patchram path ORG setfile_8b1.bin BCM4350C0
E/bt_hwcfg( 5141): fw ver (org)0.0
E/bt_hwcfg( 5141): vendor lib preload failed to locate firmware patch file
E/bt_hwcfg( 5141): Remove module rev, try again BCM4350
D/bt_hwcfg( 5141): Target name = [BCM4350]
E/bt_hwcfg( 5141): patchram path ORG . BCM4350
E/bt_hwcfg( 5141): patchram path ORG .. BCM4350
E/bt_hwcfg( 5141): patchram path ORG bcm4350_V0301.0562.hcd BCM4350
E/bt_hwcfg( 5141): patchram path ORG bcm4350_V0301.0563_wisol.hcd BCM4350
I/bt_hwcfg( 5141): patch(org) : bcm4350_V0301.0563_wisol.hcd
I/bt_hwcfg( 5141): Found patchfile: /vendor/firmware/bcm4350_V0301.0563_wisol.hcd
E/bt_hwcfg( 5141): ORG patchram base 0301
E/bt_hwcfg( 5141): ORG patchram minor 0563
E/bt_hwcfg( 5141): fw ver (org)301.563
E/bt_hwcfg( 5141): Final Patchram is /vendor/firmware/bcm4350_V0301.0563_wisol.hcd
I/bt_hwcfg( 5141): Axi patch failure or not include AXI patching
I/bt_hwcfg( 5141): bt vendor lib: set UART baud 3000000
D/SuperSU][APK( 5220): [SuperSU][APK][Installer] su --> 245
D/ConnectivityService( 4135): Got NetworkFactory Messenger for Telephony
I/ContactLocale( 5294): AddressBook Labels [es-ES]: [, A, B, C, D, E, F, G, H, I, J, K, L, M, N, , O, P, Q, R, S, T, U, V, W, X, Y, Z, , , , , , , , , , , , , , , , , , , , , , , , , , , , , , , , , , , , , , , , , , , , , , , , , , , , , , , , , , , , , , , , , , , , , , , , , , , , , , , , , , , , , , , , , , , , , , , , , , , , , , , , , , , , , , , , , , , , , , , , , , , , , , , , , , , , , , , , , , , , , , , , , , , , , , , , , , , , , , , , , , , , , , , , , , , , , , , , , , , , , , , , , , , , #, ]
D/TelephonyProvider( 4801): dbh.onOpen: ok, queried table=siminfo
D/TelephonyProvider( 4801): dbh.onOpen: ok, queried table=carriers
D/SuperSU][APK( 5220): [SuperSU][APK][Installer] su backup --> 245
I/ActivityManager( 4135): Start proc com.android.smspush for service com.android.smspush/.WapPushManager: pid=5339 uid=10055 gids={50055, 9997} abi=armeabi-v7a
D/GpsLocationProvider( 4135): received SIM realted action: android.intent.action.SIM_STATE_CHANGED
D/PhoneStatusBarPolicy( 4312): updateSimState for subId :-1
D/PhoneStatusBarPolicy( 4312): updateSimState for phoneId :0
D/DcSwitchState( 4801): [DcSwitchState-0] DcSwitchState constructor E
D/DcSwitchState( 4801): [DcSwitchState-0] DcSwitchState constructor X
D/GpsLocationProvider( 4135): SIM MCC/MNC is still not available
D/PhoneStatusBarPolicy( 4312): updateSimState for Slot :-1
D/BluetoothManagerService( 4135): Message: 20
D/BluetoothManagerService( 4135): Added callback: android.bluetooth.IBluetoothManagerCallback$Stub$Proxy@3ac16dee:true
D/BluetoothManagerService( 4135): Message: 30
D/SuperSU][APK( 5220): [SuperSU][APK][Installer] su daemon --> 245
I/Telephony( 4801): TtyManager: updateUiTtyMode -1 -> 0
D/ConnectivityService( 4135): Got NetworkFactory Messenger for WIFI
D/WIFI    ( 4135): got request NetworkRequest [ id=1, legacyType=-1, [ Capabilities: INTERNET&NOT_RESTRICTED&TRUSTED&NOT_VPN] ] with score 0
I/HeadsetService( 4757): Starting service.
I/ActivityManager( 4135): Start proc com.cyanogenmod.account for broadcast com.cyanogenmod.account/.receiver.BootReceiver: pid=5382 uid=10002 gids={50002, 9997, 3003} abi=armeabi-v7a
W/EffectsFactory( 3698): loadLibrary() failed to open /vendor/lib/liblvverx_3.20.03.so
W/EffectsFactory( 3698): loadLibrary() failed to open /vendor/lib/liblvvetx_3.20.03.so
D/KeyguardUpdateMonitor( 4312): ACTION_SERVICE_STATE_CHANGED on sub: -1 mServiceState: 3 3 home null null null  Unknown Unknown CSS not supported -1 -1 RoamInd=-1 DefRoamInd=-1 EmergOnly=false
W/linker  ( 3698): lib_SoundAlive_play_ver125e.so has text relocations. This is wasting memory and prevents security hardening. Please fix.
W/EffectsFactory( 3698): loadEffect() could not get library pre_processing
W/EffectsFactory( 3698): loadEffect() could not get library pre_processing
W/EffectsFactory( 3698): loadEffect() could not get library pre_processing
W/EffectsFactory( 3698): loadEffect() could not get library output_processing
W/EffectsFactory( 3698): loadEffect() could not get library output_processing
E/AudioFlinger( 3698): createEffect() unknown output thread
E/AudioEffect( 4757): set(): AudioFlinger could not create effect, status: -22
E/AudioEffects-JNI( 4757): AudioEffect initCheck failed -4
E/AudioEffect-JAVA( 4757): Error code -4 when initializing AudioEffect.
E/HeadsetService( 4757): Effect type: 0bed4300-ddd6-11db-8f34-0002a5d5c51b not supported.
E/HeadsetService( 4757): java.lang.IllegalArgumentException: Effect type: 0bed4300-ddd6-11db-8f34-0002a5d5c51b not supported.
E/HeadsetService( 4757): 	at android.media.audiofx.AudioEffect.<init>(AudioEffect.java:404)
