--------- beginning of main
I/cm      (    0): ____ _   _ ____ _  _ ____ ____ ____ _  _ _  _ ____ ___ 
W/auditd  ( 3690): type=1325 audit(0.0:2): table=filter family=2 entries=0
W/auditd  ( 3690): type=1325 audit(0.0:3): table=mangle family=2 entries=0
W/auditd  ( 3690): type=1325 audit(0.0:4): table=nat family=2 entries=0
W/auditd  ( 3690): type=1325 audit(0.0:5): table=raw family=2 entries=0
W/auditd  ( 3690): type=1325 audit(0.0:6): table=security family=2 entries=0
W/auditd  ( 3690): type=1325 audit(0.0:7): table=filter family=3 entries=0
W/auditd  ( 3690): type=1325 audit(0.0:8): table=filter family=10 entries=0
W/auditd  ( 3690): type=1325 audit(0.0:9): table=mangle family=10 entries=0
W/auditd  ( 3690): type=1325 audit(0.0:10): table=raw family=10 entries=0
W/auditd  ( 3690): type=1305 audit(0.0:11): audit_pid=3665 old=0 auid=4294967295 ses=4294967295
W/auditd  ( 3690):  res=1
W/auditd  ( 3690): type=1305 audit(0.0:12): audit_rate_limit=20 old=0 auid=4294967295 ses=4294967295
W/auditd  ( 3690):  res=1
I/cm      (    0): |     \_/  |__| |\ | |  | | __ |___ |\ | |\/| |  | |  \ 
I/lowmemorykiller( 3667): Using in-kernel low memory killer interface
I/cm      ( 3674): |___   |   |  | | \| |__| |__] |___ | \| |  | |__| |__/ 
--------- beginning of system
I/auditd  ( 3679): Starting up
I/DEBUG   ( 3681): debuggerd: Jun 17 2015 15:28:56
I/installd( 3685): installd firing up
I/cm      ( 3698): Welcome to Android 5.0.2 / CyanogenMod-12-20150702-UNOFFICIAL-k3gxx 
I/audit_log( 3679): Previous audit logfile detected, rotating
W/libaudit( 3679): Expected sequence number between user space and kernel space is out of skew, expected 2 got 0
E/audit_rules( 3679): Could not read audit rules /data/misc/audit/audit.rules: No such file or directory
I/Vold    ( 3669): Vold 2.1 (the revenge) firing up
D/Vold    ( 3669): Volume sdcard1 state changing -1 (Initializing) -> 0 (No-Media)
D/Vold    ( 3669): Volume usbdisk state changing -1 (Initializing) -> 0 (No-Media)
I/Cryptfs ( 3669): Check if PFE is activated on Boot
I/keystore( 3686): SELinux: Keystore SELinux is disabled.
I/Netd    ( 3680): Netd 1.0 starting
E/Cryptfs ( 3669): Bad magic for real block device /dev/block/mmcblk0p21
E/Cryptfs ( 3669): Error getting crypt footer and key
E/Netd    ( 3680): Failed to open /proc/sys/net/ipv6/conf/default/accept_ra_rt_table: No such file or directory
E/Netd    ( 3680): Failed to open /proc/sys/net/ipv6/conf/ip6tnl0/accept_ra_rt_table: No such file or directory
E/Netd    ( 3680): Failed to open /proc/sys/net/ipv6/conf/lo/accept_ra_rt_table: No such file or directory
E/Netd    ( 3680): Failed to open /proc/sys/net/ipv6/conf/rmnet0/accept_ra_rt_table: No such file or directory
E/Netd    ( 3680): Failed to open /proc/sys/net/ipv6/conf/rmnet1/accept_ra_rt_table: No such file or directory
E/Netd    ( 3680): Failed to open /proc/sys/net/ipv6/conf/rmnet2/accept_ra_rt_table: No such file or directory
E/Netd    ( 3680): Failed to open /proc/sys/net/ipv6/conf/rmnet3/accept_ra_rt_table: No such file or directory
E/Netd    ( 3680): Failed to open /proc/sys/net/ipv6/conf/sit0/accept_ra_rt_table: No such file or directory
I/SurfaceFlinger( 3670): SurfaceFlinger is starting
I/SurfaceFlinger( 3670): SurfaceFlinger's main thread ready to run. Initializing graphics H/W...
D/libEGL  ( 3670): loaded /vendor/lib/egl/libGLES_mali.so
D/gpsd    ( 3687): WakeLock(Release,GPSD)
D/gpsd    ( 3687): WakeLock(Release,SUPL)
I/gpsd_d  ( 3687): GNSS: 219420
D/wrapperGPS( 3687): wrapperOpenClient_RILD
E/wrapperGPS( 3687): wrapperOpenClient_RILD: RegisterUnsolicitedHandler() UNSOL_GPS_NOTI (20009)
D/wrapperGPS( 3687): wrapperRegisterRequestCompleteHandler
D/wrapperGPS( 3687): wrapperRegisterUnsolicitedHandler id(12009), handler(0xb6b9e6e9)
D/wrapperGPS( 3687): wrapperRegisterErrorCallback
D/wrapperGPS( 3687): wrapperConnect_RILD
I/        ( 3670): PLATFORM VERSION : JB-MR-2
I/gralloc ( 3670): using (fd=12)
I/gralloc ( 3670): id           = 
I/gralloc ( 3670): xres         = 1080 px
I/gralloc ( 3670): yres         = 1920 px
I/gralloc ( 3670): xres_virtual = 1080 px
I/gralloc ( 3670): yres_virtual = 3840 px
I/gralloc ( 3670): bpp          = 32
I/gralloc ( 3670): r            = 16:8
I/gralloc ( 3670): g            =  8:8
I/gralloc ( 3670): b            =  0:8
I/gralloc ( 3670): width        = 65 mm (422.030762 dpi)
I/gralloc ( 3670): height       = 115 mm (424.069580 dpi)
I/gralloc ( 3670): refresh rate = 60.00 Hz
D/WVMDrmPlugIn( 3683): WVMDrmPlugin::onGetSupportInfo : 0
D/AndroidRuntime( 3688): 
D/AndroidRuntime( 3688): >>>>>> AndroidRuntime START com.android.internal.os.ZygoteInit <<<<<<
D/AndroidRuntime( 3688): CheckJNI is OFF
D/hwcomposer( 3670): using
D/hwcomposer( 3670): xres         = 1080 px
D/hwcomposer( 3670): yres         = 1920 px
D/hwcomposer( 3670): width        = 65 mm (422.030000 dpi)
D/hwcomposer( 3670): height       = 115 mm (424.069000 dpi)
D/hwcomposer( 3670): refresh rate = 60 Hz
D/libexynosv4l2-subdev( 3670): try node: /dev/v4l-subdev0
D/libexynosv4l2-subdev( 3670): try node: /dev/v4l-subdev1
D/libexynosv4l2-subdev( 3670): try node: /dev/v4l-subdev2
I/libexynosv4l2-subdev( 3670): node found for device s5p-mixer0: /dev/v4l-subdev2
I/libexynosv4l2-subdev( 3670): open subdev device /dev/v4l-subdev2
I/hwcomposer( 3670): PSR info devname = /sys/devices/14400000.fimd_fb/psr_info
I/hwcomposer( 3670): PSR mode is 2(0: video mode, 1: DP PSR mode, 2: MIPI-DSI command mode)
I/SurfaceFlinger( 3670): Using composer version 1.3
I/SurfaceFlinger( 3670): EGL information:
I/SurfaceFlinger( 3670): vendor    : Android
I/SurfaceFlinger( 3670): version   : 1.4 Android META-EGL
I/SurfaceFlinger( 3670): extensions: EGL_KHR_get_all_proc_addresses EGL_ANDROID_presentation_time EGL_KHR_image EGL_KHR_image_base EGL_KHR_gl_texture_2D_image EGL_KHR_gl_texture_cubemap_image EGL_KHR_gl_renderbuffer_image EGL_KHR_fence_sync EGL_KHR_create_context EGL_ANDROID_image_native_buffer EGL_KHR_wait_sync EGL_ANDROID_recordable 
I/SurfaceFlinger( 3670): Client API: OpenGL_ES
I/SurfaceFlinger( 3670): EGLSurface: 8-8-8-8, config=0xb69cf2ac
I/art     ( 3688): option[0]=-Xzygote
I/art     ( 3688): option[1]=-Xstacktracefile:/data/anr/traces.txt
I/art     ( 3688): option[2]=exit
I/art     ( 3688): option[3]=vfprintf
I/art     ( 3688): option[4]=sensitiveThread
I/art     ( 3688): option[5]=-verbose:gc
I/art     ( 3688): option[6]=-Xms8m
I/art     ( 3688): option[7]=-Xmx512m
I/art     ( 3688): option[8]=-XX:mainThreadStackSize=24K
I/art     ( 3688): option[9]=-XX:HeapGrowthLimit=128m
I/art     ( 3688): option[10]=-XX:HeapMinFree=2m
I/art     ( 3688): option[11]=-XX:HeapMaxFree=8m
I/art     ( 3688): option[12]=-XX:HeapTargetUtilization=0.75
I/art     ( 3688): option[13]=-agentlib:jdwp=transport=dt_android_adb,suspend=n,server=y
I/art     ( 3688): option[14]=-Xlockprofthreshold:500
I/art     ( 3688): option[15]=-Ximage-compiler-option
I/art     ( 3688): option[16]=--runtime-arg
I/art     ( 3688): option[17]=-Ximage-compiler-option
I/art     ( 3688): option[18]=-Xms64m
I/art     ( 3688): option[19]=-Ximage-compiler-option
I/art     ( 3688): option[20]=--runtime-arg
I/art     ( 3688): option[21]=-Ximage-compiler-option
I/art     ( 3688): option[22]=-Xmx64m
I/art     ( 3688): option[23]=-Ximage-compiler-option
I/art     ( 3688): option[24]=--image-classes-zip=/system/framework/framework.jar
I/art     ( 3688): option[25]=-Ximage-compiler-option
I/art     ( 3688): option[26]=--image-classes=preloaded-classes
I/art     ( 3688): option[27]=-Xcompiler-option
I/art     ( 3688): option[28]=--runtime-arg
I/art     ( 3688): option[29]=-Xcompiler-option
I/art     ( 3688): option[30]=-Xms64m
I/art     ( 3688): option[31]=-Xcompiler-option
I/art     ( 3688): option[32]=--runtime-arg
I/art     ( 3688): option[33]=-Xcompiler-option
I/art     ( 3688): option[34]=-Xmx512m
I/art     ( 3688): option[35]=-Duser.language=es
I/art     ( 3688): option[36]=-Duser.region=US
I/SurfaceFlinger( 3670): OpenGL ES informations:
I/SurfaceFlinger( 3670): vendor    : ARM
I/SurfaceFlinger( 3670): renderer  : Mali-T628
I/SurfaceFlinger( 3670): version   : OpenGL ES 3.0
I/SurfaceFlinger( 3670): extensions: GL_EXT_debug_marker GL_ARM_rgba8 GL_ARM_mali_shader_binary GL_OES_depth24 GL_OES_depth_texture GL_OES_depth_texture_cube_map GL_OES_packed_depth_stencil GL_OES_rgb8_rgba8 GL_EXT_read_format_bgra GL_OES_compressed_paletted_texture GL_OES_compressed_ETC1_RGB8_texture GL_OES_standard_derivatives GL_OES_EGL_image GL_OES_EGL_image_external GL_OES_EGL_sync GL_OES_texture_npot GL_OES_vertex_half_float GL_OES_required_internalformat GL_OES_vertex_array_object GL_OES_mapbuffer GL_EXT_texture_format_BGRA8888 GL_EXT_texture_rg GL_EXT_texture_type_2_10_10_10_REV GL_OES_fbo_render_mipmap GL_OES_element_index_uint GL_EXT_shadow_samplers GL_OES_texture_compression_astc GL_KHR_texture_compression_astc_ldr GL_KHR_texture_compression_astc_hdr GL_KHR_debug GL_EXT_occlusion_query_boolean GL_EXT_blend_minmax GL_EXT_discard_framebuffer GL_OES_get_program_binary GL_OES_texture_3D GL_EXT_texture_storage GL_EXT_multisampled_render_to_texture GL_OES_surfaceless_context GL_ARM_mali_program_binary 
I/SurfaceFlinger( 3670): GL_MAX_TEXTURE_SIZE = 8192
I/SurfaceFlinger( 3670): GL_MAX_VIEWPORT_DIMS = 8192
E/libEGL  ( 3670): eglQuerySurface:607 error 300d (EGL_BAD_SURFACE)
E/libEGL  ( 3670): eglQuerySurface:607 error 300d (EGL_BAD_SURFACE)
E/libEGL  ( 3670): call to OpenGL ES API with no current context (logged once per thread)
D/SurfaceFlinger( 3670): Set power mode=2, type=0 flinger=0xb6962000
I/hwcomposer( 3670): int exynos5_blank(hwc_composer_device_1*, int, int):: disp(0), blank(0)
I/hwcomposer( 3670): unblank ioctl failed (display already unblanked)
E/libEGL  ( 3670): eglSwapBuffers:1071 error 300d (EGL_BAD_SURFACE)
F/SurfaceFlinger( 3670): eglSwapBuffers(0x1, 0x0) failed with 0x0000300d
--------- beginning of crash
F/libc    ( 3670): Fatal signal 6 (SIGABRT), code -6 in tid 3670 (surfaceflinger)
I/DEBUG   ( 3681): *** *** *** *** *** *** *** *** *** *** *** *** *** *** *** ***
I/DEBUG   ( 3681): Build fingerprint: 'samsung/cm_k3gxx/k3gxx:5.0.2/LRX22G/f6367390ba:userdebug/test-keys'
I/DEBUG   ( 3681): Revision: '10'
I/DEBUG   ( 3681): ABI: 'arm'
I/DEBUG   ( 3681): pid: 3670, tid: 3670, name: surfaceflinger  >>> /system/bin/surfaceflinger <<<
I/DEBUG   ( 3681): signal 6 (SIGABRT), code -6 (SI_TKILL), fault addr --------
I/DEBUG   ( 3681): Abort message: 'eglSwapBuffers(0x1, 0x0) failed with 0x0000300d'
I/DEBUG   ( 3681):     r0 00000000  r1 00000e56  r2 00000006  r3 00000000
I/DEBUG   ( 3681):     r4 b6f24114  r5 00000006  r6 0000000b  r7 0000010c
I/DEBUG   ( 3681):     r8 00000000  r9 befcfbd0  sl b6954210  fp befcfbd0
I/DEBUG   ( 3681):     ip 00000e56  sp befcf650  lr b6eae7b9  pc b6ed24e4  cpsr 600f0010
I/DEBUG   ( 3681): 
I/DEBUG   ( 3681): backtrace:
I/DEBUG   ( 3681):     #00 pc 000384e4  /system/lib/libc.so (tgkill+12)
I/DEBUG   ( 3681):     #01 pc 000147b5  /system/lib/libc.so (pthread_kill+52)
I/DEBUG   ( 3681):     #02 pc 0001550b  /system/lib/libc.so (raise+10)
I/DEBUG   ( 3681):     #03 pc 00011c35  /system/lib/libc.so (__libc_android_abort+36)
I/DEBUG   ( 3681):     #04 pc 0000fcb8  /system/lib/libc.so (abort+4)
I/DEBUG   ( 3681):     #05 pc 00007739  /system/lib/libcutils.so (__android_log_assert+88)
I/DEBUG   ( 3681):     #06 pc 0000f4df  /system/lib/libsurfaceflinger.so
I/DEBUG   ( 3681):     #07 pc 0001b9fd  /system/lib/libsurfaceflinger.so
I/DEBUG   ( 3681):     #08 pc 0001abe7  /system/lib/libsurfaceflinger.so
I/DEBUG   ( 3681):     #09 pc 00019fc3  /system/lib/libsurfaceflinger.so
I/DEBUG   ( 3681):     #10 pc 00019d49  /system/lib/libsurfaceflinger.so
I/DEBUG   ( 3681):     #11 pc 00010ed3  /system/lib/libutils.so (android::Looper::pollInner(int)+410)
I/DEBUG   ( 3681):     #12 pc 00010fc5  /system/lib/libutils.so (android::Looper::pollOnce(int, int*, int*, void**)+92)
I/DEBUG   ( 3681):     #13 pc 000174c5  /system/lib/libsurfaceflinger.so
I/DEBUG   ( 3681):     #14 pc 0001993d  /system/lib/libsurfaceflinger.so (android::SurfaceFlinger::run()+8)
I/DEBUG   ( 3681):     #15 pc 0000083d  /system/bin/surfaceflinger
I/DEBUG   ( 3681):     #16 pc 0000fb75  /system/lib/libc.so (__libc_init+44)
I/DEBUG   ( 3681):     #17 pc 000008d8  /system/bin/surfaceflinger
I/DEBUG   ( 3681): 
I/DEBUG   ( 3681): Tombstone written to: /data/tombstones/tombstone_05
I/DEBUG   ( 3681): ********************************************************
I/DEBUG   ( 3681): * Process 3670 has been suspended while crashing.
I/DEBUG   ( 3681): * To attach gdbserver for a gdb connection on port 5039
I/DEBUG   ( 3681): * and start gdbclient:
I/DEBUG   ( 3681): *
I/DEBUG   ( 3681): *     gdbclient /system/bin/surfaceflinger :5039 3670
I/DEBUG   ( 3681): * or
I/DEBUG   ( 3681): *     dddclient /system/bin/surfaceflinger :5039 3670
I/DEBUG   ( 3681): *
I/DEBUG   ( 3681): * Wait for gdb to start, then press the VOLUME DOWN key
I/DEBUG   ( 3681): * to let the process continue crashing.
I/DEBUG   ( 3681): ********************************************************
E/memtrack( 3688): Couldn't load memtrack module (No such file or directory)
E/android.os.Debug( 3688): failed to load memtrack module: -2
I/SamplingProfilerIntegration( 3688): Profiling disabled.
D/Zygote  ( 3688): begin preload
I/Zygote  ( 3688): Preloading classes...
I/art     ( 3688): Explicit concurrent mark sweep GC freed 1001(56KB) AllocSpace objects, 0(0B) LOS objects, 98% free, 71KB/4MB, paused 194us total 29.375ms
I/art     ( 3688): Counter: 1
D/wrapperGPS( 3687): wrapperConnect_RILD
V/NatController( 3680): runCmd(/system/bin/iptables -F natctrl_FORWARD) res=0
V/NatController( 3680): runCmd(/system/bin/iptables -A natctrl_FORWARD -j DROP) res=0
V/NatController( 3680): runCmd(/system/bin/iptables -t nat -F natctrl_nat_POSTROUTING) res=0
V/NatController( 3680): runCmd(/system/bin/iptables -F natctrl_tether_counters) res=1
V/NatController( 3680): runCmd(/system/bin/iptables -X natctrl_tether_counters) res=1
V/NatController( 3680): runCmd(/system/bin/iptables -N natctrl_tether_counters) res=0
V/NatController( 3680): runCmd(/system/bin/iptables -t mangle -A natctrl_mangle_FORWARD -p tcp --tcp-flags SYN SYN -j TCPMSS --clamp-mss-to-pmtu) res=0
E/Minikin ( 3688): addFont failed to create font /system/fonts/NotoSansGujarati-Regular.ttf
E/Minikin ( 3688): addFont failed to create font /system/fonts/NotoSansGujarati-Bold.ttf
E/Minikin ( 3688): addFont failed to create font /system/fonts/NotoSansGujaratiUI-Regular.ttf
E/Minikin ( 3688): addFont failed to create font /system/fonts/NotoSansGujaratiUI-Bold.ttf
E/Minikin ( 3688): addFont failed to create font /system/fonts/NotoSansGurmukhi-Regular.ttf
E/Minikin ( 3688): addFont failed to create font /system/fonts/NotoSansGurmukhi-Bold.ttf
E/Minikin ( 3688): addFont failed to create font /system/fonts/NotoSansGurmukhiUI-Regular.ttf
E/Minikin ( 3688): addFont failed to create font /system/fonts/NotoSansGurmukhiUI-Bold.ttf
E/Minikin ( 3688): addFont failed to create font /system/fonts/NotoSansSinhala-Regular.ttf
E/Minikin ( 3688): addFont failed to create font /system/fonts/NotoSansSinhala-Bold.ttf
E/Minikin ( 3688): addFont failed to create font /system/fonts/NotoSansCherokee-Regular.ttf
E/Minikin ( 3688): addFont failed to create font /system/fonts/NotoSansCanadianAboriginal-Regular.ttf
E/Minikin ( 3688): addFont failed to create font /system/fonts/NotoSansYi-Regular.ttf
E/Minikin ( 3688): addFont failed to create font /system/fonts/NotoSansHans-Regular.otf
E/Minikin ( 3688): addFont failed to create font /system/fonts/NotoSansHant-Regular.otf
E/Minikin ( 3688): addFont failed to create font /system/fonts/NotoSansJP-Regular.otf
E/Minikin ( 3688): addFont failed to create font /system/fonts/NotoSansKR-Regular.otf
E/art     ( 3688): ----- class 'Landroid/media/MediaPlayer;' cl=0x0 -----
E/art     ( 3688):   objectSize=876 (412 from super)
E/art     ( 3688):   access=0x8008.0001
E/art     ( 3688):   super='java.lang.Class<java.lang.Object>' (cl=0x0)
E/art     ( 3688):   interfaces (1):
E/art     ( 3688):      0: java.lang.Class<android.media.SubtitleController$Listener> (cl=0x0)
E/art     ( 3688):   vtable (64 entries, 11 in super):
E/art     ( 3688):      0: void android.media.MediaPlayer.addSubtitleSource(java.io.InputStream, android.media.MediaFormat)
E/art     ( 3688):      1: void android.media.MediaPlayer.addTimedTextSource(android.content.Context, android.net.Uri, java.lang.String)
E/art     ( 3688):      2: void android.media.MediaPlayer.addTimedTextSource(java.io.FileDescriptor, long, long, java.lang.String)
E/art     ( 3688):      3: void android.media.MediaPlayer.addTimedTextSource(java.io.FileDescriptor, java.lang.String)
E/art     ( 3688):      4: void android.media.MediaPlayer.addTimedTextSource(java.lang.String, java.lang.String)
E/art     ( 3688):      5: void android.media.MediaPlayer.attachAuxEffect(int)
E/art     ( 3688):      6: void android.media.MediaPlayer.deselectTrack(int)
E/art     ( 3688):      7: void android.media.MediaPlayer.finalize()
E/art     ( 3688):      8: int android.media.MediaPlayer.getAudioSessionId()
E/art     ( 3688):      9: int android.media.MediaPlayer.getCurrentPosition()
E/art     ( 3688):     10: int android.media.MediaPlayer.getDuration()
E/art     ( 3688):     11: android.media.MediaTimeProvider android.media.MediaPlayer.getMediaTimeProvider()
E/art     ( 3688):     12: android.media.Metadata android.media.MediaPlayer.getMetadata(boolean, boolean)
E/art     ( 3688):     13: int android.media.MediaPlayer.getSelectedTrack(int)
E/art     ( 3688):     14: android.media.MediaPlayer$TrackInfo[] android.media.MediaPlayer.getTrackInfo()
E/art     ( 3688):     15: int android.media.MediaPlayer.getVideoHeight()
E/art     ( 3688):     16: int android.media.MediaPlayer.getVideoWidth()
E/art     ( 3688):     17: void android.media.MediaPlayer.invoke(android.os.Parcel, android.os.Parcel)
E/art     ( 3688):     18: boolean android.media.MediaPlayer.isLooping()
E/art     ( 3688):     19: boolean android.media.MediaPlayer.isPlaying()
E/art     ( 3688):     20: android.os.Parcel android.media.MediaPlayer.newRequest()
E/art     ( 3688):     21: void android.media.MediaPlayer.onSubtitleTrackSelected(android.media.SubtitleTrack)
E/art     ( 3688):     22: void android.media.MediaPlayer.pause()
E/art     ( 3688):     23: void android.media.MediaPlayer.prepare()
E/art     ( 3688):     24: void android.media.MediaPlayer.prepareAsync()
E/art     ( 3688):     25: void android.media.MediaPlayer.release()
E/art     ( 3688):     26: void android.media.MediaPlayer.reset()
E/art     ( 3688):     27: boolean android.media.MediaPlayer.resume()
E/art     ( 3688):     28: void android.media.MediaPlayer.seekTo(int)
E/art     ( 3688):     29: void android.media.MediaPlayer.selectTrack(int)
E/art     ( 3688):     30: void android.media.MediaPlayer.setAudioAttributes(android.media.AudioAttributes)
E/art     ( 3688):     31: void android.media.MediaPlayer.setAudioSessionId(int)
E/art     ( 3688):     32: void android.media.MediaPlayer.setAudioStreamType(int)
E/art     ( 3688):     33: void android.media.MediaPlayer.setAuxEffectSendLevel(float)
E/art     ( 3688):     34: void android.media.MediaPlayer.setDataSource(android.content.Context, android.net.Uri)
E/art     ( 3688):     35: void android.media.MediaPlayer.setDataSource(android.content.Context, android.net.Uri, java.util.Map)
E/art     ( 3688):     36: void android.media.MediaPlayer.setDataSource(java.io.FileDescriptor)
E/art     ( 3688):     37: void android.media.MediaPlayer.setDataSource(java.io.FileDescriptor, long, long)
E/art     ( 3688):     38: void android.media.MediaPlayer.setDataSource(java.lang.String)
E/art     ( 3688):     39: void android.media.MediaPlayer.setDataSource(java.lang.String, java.util.Map)
E/art     ( 3688):     40: void android.media.MediaPlayer.setDisplay(android.view.SurfaceHolder)
E/art     ( 3688):     41: void android.media.MediaPlayer.setLooping(boolean)
E/art     ( 3688):     42: int android.media.MediaPlayer.setMetadataFilter(java.util.Set, java.util.Set)
E/art     ( 3688):     43: void android.media.MediaPlayer.setNextMediaPlayer(android.media.MediaPlayer)
E/art     ( 3688):     44: void android.media.MediaPlayer.setOnBufferingUpdateListener(android.media.MediaPlayer$OnBufferingUpdateListener)
E/art     ( 3688):     45: void android.media.MediaPlayer.setOnCompletionListener(android.media.MediaPlayer$OnCompletionListener)
E/art     ( 3688):     46: void android.media.MediaPlayer.setOnErrorListener(android.media.MediaPlayer$OnErrorListener)
E/art     ( 3688):     47: void android.media.MediaPlayer.setOnInfoListener(android.media.MediaPlayer$OnInfoListener)
E/art     ( 3688):     48: void android.media.MediaPlayer.setOnPreparedListener(android.media.MediaPlayer$OnPreparedListener)
E/art     ( 3688):     49: void android.media.MediaPlayer.setOnSeekCompleteListener(android.media.MediaPlayer$OnSeekCompleteListener)
E/art     ( 3688):     50: void android.media.MediaPlayer.setOnSubtitleDataListener(android.media.MediaPlayer$OnSubtitleDataListener)
E/art     ( 3688):     51: void android.media.MediaPlayer.setOnTimedTextListener(android.media.MediaPlayer$OnTimedTextListener)
E/art     ( 3688):     52: void android.media.MediaPlayer.setOnVideoSizeChangedListener(android.media.MediaPlayer$OnVideoSizeChangedListener)
E/art     ( 3688):     53: void android.media.MediaPlayer.setRetransmitEndpoint(java.net.InetSocketAddress)
E/art     ( 3688):     54: void android.media.MediaPlayer.setScreenOnWhilePlaying(boolean)
E/art     ( 3688):     55: void android.media.MediaPlayer.setSubtitleAnchor(android.media.SubtitleController, android.media.SubtitleController$Anchor)
E/art     ( 3688):     56: void android.media.MediaPlayer.setSurface(android.view.Surface)
E/art     ( 3688):     57: void android.media.MediaPlayer.setVideoScalingMode(int)
E/art     ( 3688):     58: void android.media.MediaPlayer.setVolume(float)
E/art     ( 3688):     59: void android.media.MediaPlayer.setVolume(float, float)
E/art     ( 3688):     60: void android.media.MediaPlayer.setWakeMode(android.content.Context, int)
E/art     ( 3688):     61: void android.media.MediaPlayer.start()
E/art     ( 3688):     62: void android.media.MediaPlayer.stop()
E/art     ( 3688):     63: boolean android.media.MediaPlayer.suspend()
E/art     ( 3688):   direct methods (61 entries):
E/art     ( 3688):      0: void android.media.MediaPlayer.<clinit>()
E/art     ( 3688):      1: void android.media.MediaPlayer.<init>()
E/art     ( 3688):      2: int android.media.MediaPlayer._getAudioStreamType()
E/art     ( 3688):      3: void android.media.MediaPlayer._pause()
E/art     ( 3688):      4: void android.media.MediaPlayer._prepare()
E/art     ( 3688):      5: void android.media.MediaPlayer._release()
E/art     ( 3688):      6: void android.media.MediaPlayer._reset()
E/art     ( 3688):      7: boolean android.media.MediaPlayer._resume()
E/art     ( 3688):      8: void android.media.MediaPlayer._setAudioStreamType(int)
E/art     ( 3688):      9: void android.media.MediaPlayer._setAuxEffectSendLevel(float)
E/art     ( 3688):     10: void android.media.MediaPlayer._setDataSource(java.io.FileDescriptor, long, long)
E/art     ( 3688):     11: void android.media.MediaPlayer._setVideoSurface(android.view.Surface)
E/art     ( 3688):     12: void android.media.MediaPlayer._setVolume(float, float)
E/art     ( 3688):     13: void android.media.MediaPlayer._start()
E/art     ( 3688):     14: void android.media.MediaPlayer._stop()
E/art     ( 3688):     15: boolean android.media.MediaPlayer._suspend()
E/art     ( 3688):     16: android.media.SubtitleTrack[] android.media.MediaPlayer.access$000(android.media.MediaPlayer)
E/art     ( 3688):     17: android.media.SubtitleController android.media.MediaPlayer.access$100(android.media.MediaPlayer)
E/art     ( 3688):     18: android.media.MediaPlayer$TimeProvider android.media.MediaPlayer.access$1000(android.media.MediaPlayer)
E/art     ( 3688):     19: android.media.MediaPlayer$OnBufferingUpdateListener android.media.MediaPlayer.access$1100(android.media.MediaPlayer)
E/art     ( 3688):     20: android.media.MediaPlayer$OnSeekCompleteListener android.media.MediaPlayer.access$1200(android.media.MediaPlayer)
E/art     ( 3688):     21: android.media.MediaPlayer$OnVideoSizeChangedListener android.media.MediaPlayer.access$1300(android.media.MediaPlayer)
E/art     ( 3688):     22: android.media.MediaPlayer$OnErrorListener android.media.MediaPlayer.access$1400(android.media.MediaPlayer)
E/art     ( 3688):     23: android.media.MediaPlayer$OnInfoListener android.media.MediaPlayer.access$1500(android.media.MediaPlayer)
E/art     ( 3688):     24: android.media.MediaPlayer$OnTimedTextListener android.media.MediaPlayer.access$1600(android.media.MediaPlayer)
E/art     ( 3688):     25: android.media.MediaPlayer$OnSubtitleDataListener android.media.MediaPlayer.access$1700(android.media.MediaPlayer)
E/art     ( 3688):     26: java.util.Vector android.media.MediaPlayer.access$200(android.media.MediaPlayer)
E/art     ( 3688):     27: java.util.Vector android.media.MediaPlayer.access$300(android.media.MediaPlayer)
E/art     ( 3688):     28: android.media.MediaPlayer$EventHandler android.media.MediaPlayer.access$400(android.media.MediaPlayer)
E/art     ( 3688):     29: long android.media.MediaPlayer.access$500(android.media.MediaPlayer)
E/art     ( 3688):     30: void android.media.MediaPlayer.access$600(android.media.MediaPlayer)
E/art     ( 3688):     31: android.media.MediaPlayer$OnPreparedListener android.media.MediaPlayer.access$700(android.media.MediaPlayer)
E/art     ( 3688):     32: android.media.MediaPlayer$OnCompletionListener android.media.MediaPlayer.access$800(android.media.MediaPlayer)
E/art     ( 3688):     33: void android.media.MediaPlayer.access$900(android.media.MediaPlayer, boolean)
E/art     ( 3688):     34: boolean android.media.MediaPlayer.availableMimeTypeForExternalSource(java.lang.String)
E/art     ( 3688):     35: android.media.MediaPlayer android.media.MediaPlayer.create(android.content.Context, int)
E/art     ( 3688):     36: android.media.MediaPlayer android.media.MediaPlayer.create(android.content.Context, int, android.media.AudioAttributes, int)
E/art     ( 3688):     37: android.media.MediaPlayer android.media.MediaPlayer.create(android.content.Context, android.net.Uri)
E/art     ( 3688):     38: android.media.MediaPlayer android.media.MediaPlayer.create(android.content.Context, android.net.Uri, android.view.SurfaceHolder)
E/art     ( 3688):     39: android.media.MediaPlayer android.media.MediaPlayer.create(android.content.Context, android.net.Uri, android.view.SurfaceHolder, android.media.AudioAttributes, int)
E/art     ( 3688):     40: int android.media.MediaPlayer.getAudioStreamType()
E/art     ( 3688):     41: android.media.MediaPlayer$TrackInfo[] android.media.MediaPlayer.getInbandTrackInfo()
E/art     ( 3688):     42: boolean android.media.MediaPlayer.isRestricted()
E/art     ( 3688):     43: boolean android.media.MediaPlayer.isVideoScalingModeSupported(int)
E/art     ( 3688):     44: void android.media.MediaPlayer.nativeSetDataSource(android.os.IBinder, java.lang.String, java.lang.String[], java.lang.String[])
E/art     ( 3688):     45: void android.media.MediaPlayer.native_finalize()
E/art     ( 3688):     46: boolean android.media.MediaPlayer.native_getMetadata(boolean, boolean, android.os.Parcel)
E/art     ( 3688):     47: void android.media.MediaPlayer.native_init()
E/art     ( 3688):     48: int android.media.MediaPlayer.native_invoke(android.os.Parcel, android.os.Parcel)
E/art     ( 3688):     49: int android.media.MediaPlayer.native_pullBatteryData(android.os.Parcel)
E/art     ( 3688):     50: int android.media.MediaPlayer.native_setMetadataFilter(android.os.Parcel)
E/art     ( 3688):     51: int android.media.MediaPlayer.native_setRetransmitEndpoint(java.lang.String, int)
E/art     ( 3688):     52: void android.media.MediaPlayer.native_setup(java.lang.Object)
E/art     ( 3688):     53: void android.media.MediaPlayer.postEventFromNative(java.lang.Object, int, int, int, java.lang.Object)
E/art     ( 3688):     54: void android.media.MediaPlayer.scanInternalSubtitleTracks()
E/art     ( 3688):     55: void android.media.MediaPlayer.selectOrDeselectInbandTrack(int, boolean)
E/art     ( 3688):     56: void android.media.MediaPlayer.selectOrDeselectTrack(int, boolean)
E/art     ( 3688):     57: void android.media.MediaPlayer.setDataSource(java.lang.String, java.lang.String[], java.lang.String[])
E/art     ( 3688):     58: boolean android.media.MediaPlayer.setParameter(int, android.os.Parcel)
E/art     ( 3688):     59: void android.media.MediaPlayer.stayAwake(boolean)
E/art     ( 3688):     60: void android.media.MediaPlayer.updateSurfaceScreenOn()
E/art     ( 3688):   static fields (53 entries):
E/art     ( 3688):      0: java.lang.String android.media.MediaPlayer.IMEDIA_PLAYER
E/art     ( 3688):      1: java.lang.String android.media.MediaPlayer.MEDIA_MIMETYPE_TEXT_CEA_608
E/art     ( 3688):      2: java.lang.String android.media.MediaPlayer.MEDIA_MIMETYPE_TEXT_SUBRIP
E/art     ( 3688):      3: java.lang.String android.media.MediaPlayer.MEDIA_MIMETYPE_TEXT_VTT
E/art     ( 3688):      4: java.lang.String android.media.MediaPlayer.TAG
E/art     ( 3688):      5: boolean android.media.MediaPlayer.APPLY_METADATA_FILTER
E/art     ( 3688):      6: boolean android.media.MediaPlayer.BYPASS_METADATA_FILTER
E/art     ( 3688):      7: int android.media.MediaPlayer.INVOKE_ID_ADD_EXTERNAL_SOURCE
E/art     ( 3688):      8: int android.media.MediaPlayer.INVOKE_ID_ADD_EXTERNAL_SOURCE_FD
E/art     ( 3688):      9: int android.media.MediaPlayer.INVOKE_ID_DESELECT_TRACK
E/art     ( 3688):     10: int android.media.MediaPlayer.INVOKE_ID_GET_SELECTED_TRACK
E/art     ( 3688):     11: int android.media.MediaPlayer.INVOKE_ID_GET_TRACK_INFO
E/art     ( 3688):     12: int android.media.MediaPlayer.INVOKE_ID_SELECT_TRACK
E/art     ( 3688):     13: int android.media.MediaPlayer.INVOKE_ID_SET_VIDEO_SCALE_MODE
E/art     ( 3688):     14: int android.media.MediaPlayer.KEY_PARAMETER_AUDIO_ATTRIBUTES
E/art     ( 3688):     15: int android.media.MediaPlayer.MEDIA_BUFFERING_UPDATE
E/art     ( 3688):     16: int android.media.MediaPlayer.MEDIA_ERROR
E/art     ( 3688):     17: int android.media.MediaPlayer.MEDIA_ERROR_IO
E/art     ( 3688):     18: int android.media.MediaPlayer.MEDIA_ERROR_MALFORMED
E/art     ( 3688):     19: int android.media.MediaPlayer.MEDIA_ERROR_NOT_VALID_FOR_PROGRESSIVE_PLAYBACK
E/art     ( 3688):     20: int android.media.MediaPlayer.MEDIA_ERROR_SERVER_DIED
E/art     ( 3688):     21: int android.media.MediaPlayer.MEDIA_ERROR_TIMED_OUT
E/art     ( 3688):     22: int android.media.MediaPlayer.MEDIA_ERROR_UNKNOWN
E/art     ( 3688):     23: int android.media.MediaPlayer.MEDIA_ERROR_UNSUPPORTED
E/art     ( 3688):     24: int android.media.MediaPlayer.MEDIA_INFO
E/art     ( 3688):     25: int android.media.MediaPlayer.MEDIA_INFO_BAD_INTERLEAVING
E/art     ( 3688):     26: int android.media.MediaPlayer.MEDIA_INFO_BUFFERING_END
E/art     ( 3688):     27: int android.media.MediaPlayer.MEDIA_INFO_BUFFERING_START
E/art     ( 3688):     28: int android.media.MediaPlayer.MEDIA_INFO_EXTERNAL_METADATA_UPDATE
E/art     ( 3688):     29: int android.media.MediaPlayer.MEDIA_INFO_METADATA_UPDATE
E/art     ( 3688):     30: int android.media.MediaPlayer.MEDIA_INFO_NOT_SEEKABLE
E/art     ( 3688):     31: int android.media.MediaPlayer.MEDIA_INFO_STARTED_AS_NEXT
E/art     ( 3688):     32: int android.media.MediaPlayer.MEDIA_INFO_SUBTITLE_TIMED_OUT
E/art     ( 3688):     33: int android.media.MediaPlayer.MEDIA_INFO_TIMED_TEXT_ERROR
E/art     ( 3688):     34: int android.media.MediaPlayer.MEDIA_INFO_UNKNOWN
E/art     ( 3688):     35: int android.media.MediaPlayer.MEDIA_INFO_UNSUPPORTED_SUBTITLE
E/art     ( 3688):     36: int android.media.MediaPlayer.MEDIA_INFO_VIDEO_RENDERING_START
E/art     ( 3688):     37: int android.media.MediaPlayer.MEDIA_INFO_VIDEO_TRACK_LAGGING
E/art     ( 3688):     38: int android.media.MediaPlayer.MEDIA_NOP
E/art     ( 3688):     39: int android.media.MediaPlayer.MEDIA_PAUSED
E/art     ( 3688):     40: int android.media.MediaPlayer.MEDIA_PLAYBACK_COMPLETE
E/art     ( 3688):     41: int android.media.MediaPlayer.MEDIA_PREPARED
E/art     ( 3688):     42: int android.media.MediaPlayer.MEDIA_SEEK_COMPLETE
E/art     ( 3688):     43: int android.media.MediaPlayer.MEDIA_SET_VIDEO_SIZE
E/art     ( 3688):     44: int android.media.MediaPlayer.MEDIA_SKIPPED
E/art     ( 3688):     45: int android.media.MediaPlayer.MEDIA_STARTED
E/art     ( 3688):     46: int android.media.MediaPlayer.MEDIA_STOPPED
E/art     ( 3688):     47: int android.media.MediaPlayer.MEDIA_SUBTITLE_DATA
E/art     ( 3688):     48: int android.media.MediaPlayer.MEDIA_TIMED_TEXT
E/art     ( 3688):     49: boolean android.media.MediaPlayer.METADATA_ALL
E/art     ( 3688):     50: boolean android.media.MediaPlayer.METADATA_UPDATE_ONLY
E/art     ( 3688):     51: int android.media.MediaPlayer.VIDEO_SCALING_MODE_SCALE_TO_FIT
E/art     ( 3688):     52: int android.media.MediaPlayer.VIDEO_SCALING_MODE_SCALE_TO_FIT_WITH_CROPPING
E/art     ( 3688):   instance fields (28 entries):
E/art     ( 3688):      0: com.android.internal.app.IAppOpsService android.media.MediaPlayer.mAppOps
E/art     ( 3688):      1: android.media.MediaPlayer$EventHandler android.media.MediaPlayer.mEventHandler
E/art     ( 3688):      2: java.lang.Object android.media.MediaPlayer.mInbandSubtitleLock
E/art     ( 3688):      3: android.media.SubtitleTrack[] android.media.MediaPlayer.mInbandSubtitleTracks
E/art     ( 3688):      4: android.media.MediaPlayer$OnBufferingUpdateListener android.media.MediaPlayer.mOnBufferingUpdateListener
E/art     ( 3688):      5: android.media.MediaPlayer$OnCompletionListener android.media.MediaPlayer.mOnCompletionListener
E/art     ( 3688):      6: android.media.MediaPlayer$OnErrorListener android.media.MediaPlayer.mOnErrorListener
E/art     ( 3688):      7: android.media.MediaPlayer$OnInfoListener android.media.MediaPlayer.mOnInfoListener
E/art     ( 3688):      8: android.media.MediaPlayer$OnPreparedListener android.media.MediaPlayer.mOnPreparedListener
E/art     ( 3688):      9: android.media.MediaPlayer$OnSeekCompleteListener android.media.MediaPlayer.mOnSeekCompleteListener
E/art     ( 3688):     10: android.media.MediaPlayer$OnSubtitleDataListener android.media.MediaPlayer.mOnSubtitleDataListener
E/art     ( 3688):     11: android.media.MediaPlayer$OnTimedTextListener android.media.MediaPlayer.mOnTimedTextListener
E/art     ( 3688):     12: android.media.MediaPlayer$OnVideoSizeChangedListener android.media.MediaPlayer.mOnVideoSizeChangedListener
E/art     ( 3688):     13: java.util.Vector android.media.MediaPlayer.mOpenSubtitleSources
E/art     ( 3688):     14: java.util.Vector android.media.MediaPlayer.mOutOfBandSubtitleTracks
E/art     ( 3688):     15: android.media.SubtitleController android.media.MediaPlayer.mSubtitleController
E/art     ( 3688):     16: android.media.MediaPlayer$OnSubtitleDataListener android.media.MediaPlayer.mSubtitleDataListener
E/art     ( 3688):     17: android.view.SurfaceHolder android.media.MediaPlayer.mSurfaceHolder
E/art     ( 3688):     18: android.media.MediaPlayer$TimeProvider android.media.MediaPlayer.mTimeProvider
E/art     ( 3688):     19: android.os.PowerManager$WakeLock android.media.MediaPlayer.mWakeLock
E/art     ( 3688):     20: long android.media.MediaPlayer.mNativeContext
E/art     ( 3688):     21: long android.media.MediaPlayer.mNativeSurfaceTexture
E/art     ( 3688):     22: int android.media.MediaPlayer.mListenerContext
E/art     ( 3688):     23: boolean android.media.MediaPlayer.mScreenOnWhilePlaying
E/art     ( 3688):     24: int android.media.MediaPlayer.mSelectedSubtitleTrackIndex
E/art     ( 3688):     25: boolean android.media.MediaPlayer.mStayAwake
E/art     ( 3688):     26: int android.media.MediaPlayer.mStreamType
E/art     ( 3688):     27: int android.media.MediaPlayer.mUsage
E/art     ( 3688): Failed to register native method android.media.MediaPlayer.getParameter(ILandroid/os/Parcel;)V in /system/framework/framework.jar
F/art     ( 3688): art/runtime/jni_internal.cc:771] JNI FatalError called: RegisterNatives failed for 'android/media/MediaPlayer'; aborting...
F/art     ( 3688): art/runtime/runtime.cc:284] Runtime aborting...
F/art     ( 3688): art/runtime/runtime.cc:284] Aborting thread:
F/art     ( 3688): art/runtime/runtime.cc:284] "main" prio=5 tid=1 Native
F/art     ( 3688): art/runtime/runtime.cc:284]   | group="" sCount=0 dsCount=0 obj=0x12c330e0 self=0xb5107800
F/art     ( 3688): art/runtime/runtime.cc:284]   | sysTid=3688 nice=0 cgrp=default sched=0/0 handle=0xb6fe9ec8
F/art     ( 3688): art/runtime/runtime.cc:284]   | state=R schedstat=( 591350102 23816250 849 ) utm=31 stm=27 core=4 HZ=100
F/art     ( 3688): art/runtime/runtime.cc:284]   | stack=0xbe072000-0xbe074000 stackSize=8MB
F/art     ( 3688): art/runtime/runtime.cc:284]   | held mutexes= "abort lock" "mutator lock"(shared held)
F/art     ( 3688): art/runtime/runtime.cc:284]   native: #00 pc 000045b4  /system/lib/libbacktrace_libc++.so (UnwindCurrent::Unwind(unsigned int, ucontext*)+23)
F/art     ( 3688): art/runtime/runtime.cc:284]   native: #01 pc 00002e1d  /system/lib/libbacktrace_libc++.so (Backtrace::Unwind(unsigned int, ucontext*)+8)
F/art     ( 3688): art/runtime/runtime.cc:284]   native: #02 pc 002516d5  /system/lib/libart.so (art::DumpNativeStack(std::__1::basic_ostream<char, std::__1::char_traits<char> >&, int, char const*, art::mirror::ArtMethod*)+84)
F/art     ( 3688): art/runtime/runtime.cc:284]   native: #03 pc 00235453  /system/lib/libart.so (art::Thread::Dump(std::__1::basic_ostream<char, std::__1::char_traits<char> >&) const+162)
F/art     ( 3688): art/runtime/runtime.cc:284]   native: #04 pc 00225111  /system/lib/libart.so (art::AbortState::DumpThread(std::__1::basic_ostream<char, std::__1::char_traits<char> >&, art::Thread*)+32)
F/art     ( 3688): art/runtime/runtime.cc:284]   native: #05 pc 002253b3  /system/lib/libart.so (art::AbortState::Dump(std::__1::basic_ostream<char, std::__1::char_traits<char> >&)+410)
F/art     ( 3688): art/runtime/runtime.cc:284]   native: #06 pc 00225573  /system/lib/libart.so (art::Runtime::Abort()+82)
F/art     ( 3688): art/runtime/runtime.cc:284]   native: #07 pc 000a6819  /system/lib/libart.so (art::LogMessage::~LogMessage()+1360)
F/art     ( 3688): art/runtime/runtime.cc:284]   native: #08 pc 001bc0df  /system/lib/libart.so (art::JNI::FatalError(_JNIEnv*, char const*)+66)
F/art     ( 3688): art/runtime/runtime.cc:284]   native: #09 pc 00001f77  /system/lib/libnativehelper.so (jniRegisterNativeMethods+98)
F/art     ( 3688): art/runtime/runtime.cc:284]   native: #10 pc 0001e007  /system/lib/libmedia_jni.so (JNI_OnLoad+66)
F/art     ( 3688): art/runtime/runtime.cc:284]   native: #11 pc 001dcb89  /system/lib/libart.so (art::JavaVMExt::LoadNativeLibrary(std::__1::basic_string<char, std::__1::char_traits<char>, std::__1::allocator<char> > const&, art::Handle<art::mirror::ClassLoader>, std::__1::basic_string<char, std::__1::char_traits<char>, std::__1::allocator<char> >*)+1512)
F/art     ( 3688): art/runtime/runtime.cc:284]   native: #12 pc 00203d27  /system/lib/libart.so (art::Runtime_nativeLoad(_JNIEnv*, _jclass*, _jstring*, _jobject*, _jstring*)+534)
F/art     ( 3688): art/runtime/runtime.cc:284]   native: #13 pc 000777f9  /data/dalvik-cache/arm/system@framework@boot.oat (Java_java_lang_Runtime_nativeLoad__Ljava_lang_String_2Ljava_lang_ClassLoader_2Ljava_lang_String_2+152)
F/art     ( 3688): art/runtime/runtime.cc:284]   at java.lang.Runtime.nativeLoad(Native method)
F/art     ( 3688): art/runtime/runtime.cc:284]   at java.lang.Runtime.doLoad(Runtime.java:428)
F/art     ( 3688): art/runtime/runtime.cc:284]   - locked <0x3dea86f2> (a java.lang.Runtime)
F/art     ( 3688): art/runtime/runtime.cc:284]   at java.lang.Runtime.loadLibrary(Runtime.java:384)
F/art     ( 3688): art/runtime/runtime.cc:284]   at java.lang.System.loadLibrary(System.java:989)
F/art     ( 3688): art/runtime/runtime.cc:284]   at android.media.AmrInputStream.<clinit>(AmrInputStream.java:30)
F/art     ( 3688): art/runtime/runtime.cc:284]   at java.lang.Class.classForName!(Native method)
F/art     ( 3688): art/runtime/runtime.cc:284]   at java.lang.Class.forName(Class.java:308)
F/art     ( 3688): art/runtime/runtime.cc:284]   at java.lang.Class.forName(Class.java:272)
F/art     ( 3688): art/runtime/runtime.cc:284]   at com.android.internal.os.ZygoteInit.preloadClasses(ZygoteInit.java:326)
F/art     ( 3688): art/runtime/runtime.cc:284]   at com.android.internal.os.ZygoteInit.preload(ZygoteInit.java:254)
F/art     ( 3688): art/runtime/runtime.cc:284]   at com.android.internal.os.ZygoteInit.main(ZygoteInit.java:670)
F/art     ( 3688): art/runtime/runtime.cc:284] Pending exception java.lang.NoSuchMethodError thrown by 'java.lang.String java.lang.Runtime.nativeLoad(java.lang.String, java.lang.ClassLoader, java.lang.String):-2'
F/art     ( 3688): art/runtime/runtime.cc:284] java.lang.NoSuchMethodError: no static or non-static method "Landroid/media/MediaPlayer;.getParameter(ILandroid/os/Parcel;)V"
F/art     ( 3688): art/runtime/runtime.cc:284]   at java.lang.String java.lang.Runtime.nativeLoad(java.lang.String, java.lang.ClassLoader, java.lang.String) (Runtime.java:-2)
F/art     ( 3688): art/runtime/runtime.cc:284]   at java.lang.String java.lang.Runtime.doLoad(java.lang.String, java.lang.ClassLoader) (Runtime.java:428)
F/art     ( 3688): art/runtime/runtime.cc:284]   at void java.lang.Runtime.loadLibrary(java.lang.String, java.lang.ClassLoader) (Runtime.java:384)
F/art     ( 3688): art/runtime/runtime.cc:284]   at void java.lang.System.loadLibrary(java.lang.String) (System.java:989)
F/art     ( 3688): art/runtime/runtime.cc:284]   at void android.media.AmrInputStream.<clinit>() (AmrInputStream.java:30)
F/art     ( 3688): art/runtime/runtime.cc:284]   at java.lang.Class java.lang.Class.classForName!(java.lang.String, boolean, java.lang.ClassLoader) (Class.java:-2)
F/art     ( 3688): art/runtime/runtime.cc:284]   at java.lang.Class java.lang.Class.forName(java.lang.String, boolean, java.lang.ClassLoader) (Class.java:308)
F/art     ( 3688): art/runtime/runtime.cc:284]   at java.lang.Class java.lang.Class.forName(java.lang.String) (Class.java:272)
F/art     ( 3688): art/runtime/runtime.cc:284]   at void com.android.internal.os.ZygoteInit.preloadClasses() (ZygoteInit.java:326)
F/art     ( 3688): art/runtime/runtime.cc:284]   at void com.android.internal.os.ZygoteInit.preload() (ZygoteInit.java:254)
F/art     ( 3688): art/runtime/runtime.cc:284]   at void com.android.internal.os.ZygoteInit.main(java.lang.String[]) (ZygoteInit.java:670)
F/art     ( 3688): art/runtime/runtime.cc:284] Dumping all threads without appropriate locks held: thread list lock mutator lock
F/art     ( 3688): art/runtime/runtime.cc:284] All threads:
F/art     ( 3688): art/runtime/runtime.cc:284] DALVIK THREADS (6):
F/art     ( 3688): art/runtime/runtime.cc:284] "main" prio=5 tid=1 Native
F/art     ( 3688): art/runtime/runtime.cc:284]   | group="" sCount=0 dsCount=0 obj=0x12c330e0 self=0xb5107800
F/art     ( 3688): art/runtime/runtime.cc:284]   | sysTid=3688 nice=0 cgrp=default sched=0/0 handle=0xb6fe9ec8
F/art     ( 3688): art/runtime/runtime.cc:284]   | state=R schedstat=( 607518521 24044832 855 ) utm=32 stm=28 core=5 HZ=100
F/art     ( 3688): art/runtime/runtime.cc:284]   | stack=0xbe072000-0xbe074000 stackSize=8MB
F/art     ( 3688): art/runtime/runtime.cc:284]   | held mutexes= "abort lock"
F/art     ( 3688): art/runtime/runtime.cc:284]   native: #00 pc 000045b4  /system/lib/libbacktrace_libc++.so (UnwindCurrent::Unwind(unsigned int, ucontext*)+23)
F/art     ( 3688): art/runtime/runtime.cc:284]   native: #01 pc 00002e1d  /system/lib/libbacktrace_libc++.so (Backtrace::Unwind(unsigned int, ucontext*)+8)
F/art     ( 3688): art/runtime/runtime.cc:284]   native: #02 pc 002516d5  /system/lib/libart.so (art::DumpNativeStack(std::__1::basic_ostream<char, std::__1::char_traits<char> >&, int, char const*, art::mirror::ArtMethod*)+84)
F/art     ( 3688): art/runtime/runtime.cc:284]   native: #03 pc 00235453  /system/lib/libart.so (art::Thread::Dump(std::__1::basic_ostream<char, std::__1::char_traits<char> >&) const+162)
F/art     ( 3688): art/runtime/runtime.cc:284]   native: #04 pc 0023e345  /system/lib/libart.so (art::ThreadList::DumpLocked(std::__1::basic_ostream<char, std::__1::char_traits<char> >&)+120)
F/art     ( 3688): art/runtime/runtime.cc:284]   native: #05 pc 00225329  /system/lib/libart.so (art::AbortState::Dump(std::__1::basic_ostream<char, std::__1::char_traits<char> >&)+272)
F/art     ( 3688): art/runtime/runtime.cc:284]   native: #06 pc 00225573  /system/lib/libart.so (art::Runtime::Abort()+82)
F/art     ( 3688): art/runtime/runtime.cc:284]   native: #07 pc 000a6819  /system/lib/libart.so (art::LogMessage::~LogMessage()+1360)
F/art     ( 3688): art/runtime/runtime.cc:284]   native: #08 pc 001bc0df  /system/lib/libart.so (art::JNI::FatalError(_JNIEnv*, char const*)+66)
F/art     ( 3688): art/runtime/runtime.cc:284]   native: #09 pc 00001f77  /system/lib/libnativehelper.so (jniRegisterNativeMethods+98)
F/art     ( 3688): art/runtime/runtime.cc:284]   native: #10 pc 0001e007  /system/lib/libmedia_jni.so (JNI_OnLoad+66)
F/art     ( 3688): art/runtime/runtime.cc:284]   native: #11 pc 001dcb89  /system/lib/libart.so (art::JavaVMExt::LoadNativeLibrary(std::__1::basic_string<char, std::__1::char_traits<char>, std::__1::allocator<char> > const&, art::Handle<art::mirror::ClassLoader>, std::__1::basic_string<char, std::__1::char_traits<char>, std::__1::allocator<char> >*)+1512)
F/art     ( 3688): art/runtime/runtime.cc:284]   native: #12 pc 00203d27  /system/lib/libart.so (art::Runtime_nativeLoad(_JNIEnv*, _jclass*, _jstring*, _jobject*, _jstring*)+534)
F/art     ( 3688): art/runtime/runtime.cc:284]   native: #13 pc 000777f9  /data/dalvik-cache/arm/system@framework@boot.oat (Java_java_lang_Runtime_nativeLoad__Ljava_lang_String_2Ljava_lang_ClassLoader_2Ljava_lang_String_2+152)
F/art     ( 3688): art/runtime/runtime.cc:284]   at java.lang.Runtime.nativeLoad(Native method)
F/art     ( 3688): art/runtime/runtime.cc:284]   at java.lang.Runtime.doLoad(Runtime.java:428)
F/art     ( 3688): art/runtime/runtime.cc:284]   - locked <0x3dea86f2> (a java.lang.Runtime)
F/art     ( 3688): art/runtime/runtime.cc:284]   at java.lang.Runtime.loadLibrary(Runtime.java:384)
F/art     ( 3688): art/runtime/runtime.cc:284]   at java.lang.System.loadLibrary(System.java:989)
F/art     ( 3688): art/runtime/runtime.cc:284]   at android.media.AmrInputStream.<clinit>(AmrInputStream.java:30)
F/art     ( 3688): art/runtime/runtime.cc:284]   at java.lang.Class.classForName!(Native method)
F/art     ( 3688): art/runtime/runtime.cc:284]   at java.lang.Class.forName(Class.java:308)
F/art     ( 3688): art/runtime/runtime.cc:284]   at java.lang.Class.forName(Class.java:272)
F/art     ( 3688): art/runtime/runtime.cc:284]   at com.android.internal.os.ZygoteInit.preloadClasses(ZygoteInit.java:326)
F/art     ( 3688): art/runtime/runtime.cc:284]   at com.android.internal.os.ZygoteInit.preload(ZygoteInit.java:254)
F/art     ( 3688): art/runtime/runtime.cc:284]   at com.android.internal.os.ZygoteInit.main(ZygoteInit.java:670)
F/art     ( 3688): art/runtime/runtime.cc:284] 
F/art     ( 3688): art/runtime/runtime.cc:284] "ReferenceQueueDaemon" prio=5 tid=2 Waiting
F/art     ( 3688): art/runtime/runtime.cc:284]   | group="" sCount=0 dsCount=0 obj=0x12c33140 self=0xb5107c00
F/art     ( 3688): art/runtime/runtime.cc:284]   | sysTid=3900 nice=0 cgrp=default sched=0/0 handle=0xb51f7080
F/art     ( 3688): art/runtime/runtime.cc:284]   | state=S schedstat=( 2788083 75083 12 ) utm=0 stm=0 core=6 HZ=100
F/art     ( 3688): art/runtime/runtime.cc:284]   | stack=0xb0108000-0xb010a000 stackSize=1036KB
F/art     ( 3688): art/runtime/runtime.cc:284]   | held mutexes=
F/art     ( 3688): art/runtime/runtime.cc:284]   kernel: (couldn't read /proc/self/task/3900/stack)
F/art     ( 3688): art/runtime/runtime.cc:284]   native: #00 pc 00010114  /system/lib/libc.so (syscall+28)
F/art     ( 3688): art/runtime/runtime.cc:284]   native: #01 pc 000a9553  /system/lib/libart.so (art::ConditionVariable::Wait(art::Thread*)+98)
F/art     ( 3688): art/runtime/runtime.cc:284]   native: #02 pc 001f4c89  /system/lib/libart.so (art::Monitor::Wait(art::Thread*, long long, int, bool, art::ThreadState)+1036)
F/art     ( 3688): art/runtime/runtime.cc:284]   native: #03 pc 001f634d  /system/lib/libart.so (art::Monitor::Wait(art::Thread*, art::mirror::Object*, long long, int, bool, art::ThreadState)+136)
F/art     ( 3688): art/runtime/runtime.cc:284]   native: #04 pc 002038ad  /system/lib/libart.so (art::Object_wait(_JNIEnv*, _jobject*)+40)
F/art     ( 3688): art/runtime/runtime.cc:284]   native: #05 pc 000003d3  /data/dalvik-cache/arm/system@framework@boot.oat (Java_java_lang_Object_wait__+82)
F/art     ( 3688): art/runtime/runtime.cc:284]   at java.lang.Object.wait!(Native method)
F/art     ( 3688): art/runtime/runtime.cc:284]   - waiting on <0x23256143> (a java.lang.Class<java.lang.ref.ReferenceQueue>)
F/art     ( 3688): art/runtime/runtime.cc:284]   at java.lang.Daemons$ReferenceQueueDaemon.run(Daemons.java:133)
F/art     ( 3688): art/runtime/runtime.cc:284]   - locked <0x23256143> (a java.lang.Class<java.lang.ref.ReferenceQueue>)
F/art     ( 3688): art/runtime/runtime.cc:284]   at java.lang.Thread.run(Thread.java:818)
F/art     ( 3688): art/runtime/runtime.cc:284] 
F/art     ( 3688): art/runtime/runtime.cc:284] "FinalizerDaemon" prio=5 tid=3 Waiting
F/art     ( 3688): art/runtime/runtime.cc:284]   | group="" sCount=0 dsCount=0 obj=0x12c33200 self=0xb5108000
F/art     ( 3688): art/runtime/runtime.cc:284]   | sysTid=3901 nice=0 cgrp=default sched=0/0 handle=0xb51f7300
