W/art     ( 5116):  encountered.
W/art     ( 5116): Could not create image space with image file '/system/framework/boot.art'. Attempting to fall back to imageless running. Error was: Failed to generate image '/data/dalvik-cache/arm/system@framework@boot.art': Failed execv(/system/bin/dex2oat --image=/data/dalvik-cache/arm/system@framework@boot.art --dex-file=/system/framework/core-libart.jar --dex-file=/system/framework/conscrypt.jar --dex-file=/system/framework/okhttp.jar --dex-file=/system/framework/core-junit.jar --dex-file=/system/framework/bouncycastle.jar --dex-file=/system/framework/ext.jar --dex-file=/system/framework/framework.jar --dex-file=/system/framework/telephony-common.jar --dex-file=/system/framework/voip-common.jar --dex-file=/system/framework/ims-common.jar --dex-file=/system/framework/mms-common.jar --dex-file=/system/framework/android.policy.jar --dex-file=/system/framework/apache-xml.jar --oat-file=/data/dalvik-cache/arm/system@framework@boot.oat --instruction-set=arm --instruction-set-features=div --base=0x6f3a0000 --runtime-arg -Xms64
D/hwcomposer( 5113): using
D/hwcomposer( 5113): xres         = 1080 px
D/hwcomposer( 5113): yres         = 1920 px
D/hwcomposer( 5113): width        = 65 mm (422.030000 dpi)
D/hwcomposer( 5113): height       = 115 mm (424.069000 dpi)
D/hwcomposer( 5113): refresh rate = 60 Hz
D/libexynosv4l2-subdev( 5113): try node: /dev/v4l-subdev0
D/libexynosv4l2-subdev( 5113): try node: /dev/v4l-subdev1
D/libexynosv4l2-subdev( 5113): try node: /dev/v4l-subdev2
I/libexynosv4l2-subdev( 5113): node found for device s5p-mixer0: /dev/v4l-subdev2
I/libexynosv4l2-subdev( 5113): open subdev device /dev/v4l-subdev2
I/hwcomposer( 5113): PSR info devname = /sys/devices/14400000.fimd_fb/psr_info
I/hwcomposer( 5113): PSR mode is 2(0: video mode, 1: DP PSR mode, 2: MIPI-DSI command mode)
I/SurfaceFlinger( 5113): Using composer version 1.3
I/SurfaceFlinger( 5113): EGL information:
I/SurfaceFlinger( 5113): vendor    : Android
I/SurfaceFlinger( 5113): version   : 1.4 Android META-EGL
I/SurfaceFlinger( 5113): extensions: EGL_KHR_get_all_proc_addresses EGL_ANDROID_presentation_time EGL_KHR_image EGL_KHR_image_base EGL_KHR_gl_texture_2D_image EGL_KHR_gl_texture_cubemap_image EGL_KHR_gl_renderbuffer_image EGL_KHR_fence_sync EGL_KHR_create_context EGL_ANDROID_image_native_buffer EGL_KHR_wait_sync EGL_ANDROID_recordable 
I/SurfaceFlinger( 5113): Client API: OpenGL_ES
I/SurfaceFlinger( 5113): EGLSurface: 8-8-8-8, config=0xb6acf2ac
I/SurfaceFlinger( 5113): OpenGL ES informations:
I/SurfaceFlinger( 5113): vendor    : ARM
I/SurfaceFlinger( 5113): renderer  : Mali-T628
I/SurfaceFlinger( 5113): version   : OpenGL ES 3.0
I/SurfaceFlinger( 5113): extensions: GL_EXT_debug_marker GL_ARM_rgba8 GL_ARM_mali_shader_binary GL_OES_depth24 GL_OES_depth_texture GL_OES_depth_texture_cube_map GL_OES_packed_depth_stencil GL_OES_rgb8_rgba8 GL_EXT_read_format_bgra GL_OES_compressed_paletted_texture GL_OES_compressed_ETC1_RGB8_texture GL_OES_standard_derivatives GL_OES_EGL_image GL_OES_EGL_image_external GL_OES_EGL_sync GL_OES_texture_npot GL_OES_vertex_half_float GL_OES_required_internalformat GL_OES_vertex_array_object GL_OES_mapbuffer GL_EXT_texture_format_BGRA8888 GL_EXT_texture_rg GL_EXT_texture_type_2_10_10_10_REV GL_OES_fbo_render_mipmap GL_OES_element_index_uint GL_EXT_shadow_samplers GL_OES_texture_compression_astc GL_KHR_texture_compression_astc_ldr GL_KHR_texture_compression_astc_hdr GL_KHR_debug GL_EXT_occlusion_query_boolean GL_EXT_blend_minmax GL_EXT_discard_framebuffer GL_OES_get_program_binary GL_OES_texture_3D GL_EXT_texture_storage GL_EXT_multisampled_render_to_texture GL_OES_surfaceless_context GL_ARM_mali_program_binary 
I/SurfaceFlinger( 5113): GL_MAX_TEXTURE_SIZE = 8192
I/SurfaceFlinger( 5113): GL_MAX_VIEWPORT_DIMS = 8192
E/libEGL  ( 5113): eglQuerySurface:607 error 300d (EGL_BAD_SURFACE)
E/libEGL  ( 5113): eglQuerySurface:607 error 300d (EGL_BAD_SURFACE)
E/libEGL  ( 5113): call to OpenGL ES API with no current context (logged once per thread)
D/SurfaceFlinger( 5113): Set power mode=2, type=0 flinger=0xb6a62000
I/hwcomposer( 5113): int exynos5_blank(hwc_composer_device_1*, int, int):: disp(0), blank(0)
I/hwcomposer( 5113): unblank ioctl failed (display already unblanked)
E/libEGL  ( 5113): eglSwapBuffers:1071 error 300d (EGL_BAD_SURFACE)
F/SurfaceFlinger( 5113): eglSwapBuffers(0x1, 0x0) failed with 0x0000300d
F/libc    ( 5113): Fatal signal 6 (SIGABRT), code -6 in tid 5113 (surfaceflinger)
I/DEBUG   ( 3587): property debug.db.uid not set; NOT waiting for gdb.
I/DEBUG   ( 3587): HINT: adb shell setprop debug.db.uid 100000
I/DEBUG   ( 3587): HINT: adb forward tcp:5039 tcp:5039
W/SurfaceFlinger( 5113): Ignoring duplicate VSYNC event from HWC (t=42285183462)
I/DEBUG   ( 3587): *** *** *** *** *** *** *** *** *** *** *** *** *** *** *** ***
I/DEBUG   ( 3587): Build fingerprint: 'samsung/cm_k3gxx/k3gxx:5.0.2/LRX22G/8900861058:userdebug/test-keys'
I/DEBUG   ( 3587): Revision: '10'
I/DEBUG   ( 3587): ABI: 'arm'
I/DEBUG   ( 3587): pid: 5113, tid: 5113, name: surfaceflinger  >>> /system/bin/surfaceflinger <<<
I/DEBUG   ( 3587): signal 6 (SIGABRT), code -6 (SI_TKILL), fault addr --------
I/DEBUG   ( 3587): Abort message: 'eglSwapBuffers(0x1, 0x0) failed with 0x0000300d'
I/DEBUG   ( 3587):     r0 00000000  r1 000013f9  r2 00000006  r3 00000000
I/DEBUG   ( 3587):     r4 b6f8f114  r5 00000006  r6 0000000b  r7 0000010c
I/DEBUG   ( 3587):     r8 00000000  r9 bedbbbd0  sl b6a54210  fp bedbbbd0
I/DEBUG   ( 3587):     ip 000013f9  sp bedbb650  lr b6f197b9  pc b6f3d4e4  cpsr 600f0010
I/DEBUG   ( 3587): 
I/DEBUG   ( 3587): backtrace:
I/DEBUG   ( 3587):     #00 pc 000384e4  /system/lib/libc.so (tgkill+12)
I/DEBUG   ( 3587):     #01 pc 000147b5  /system/lib/libc.so (pthread_kill+52)
I/DEBUG   ( 3587):     #02 pc 0001550b  /system/lib/libc.so (raise+10)
I/DEBUG   ( 3587):     #03 pc 00011c35  /system/lib/libc.so (__libc_android_abort+36)
I/DEBUG   ( 3587):     #04 pc 0000fcb8  /system/lib/libc.so (abort+4)
I/DEBUG   ( 3587):     #05 pc 00007739  /system/lib/libcutils.so (__android_log_assert+88)
I/DEBUG   ( 3587):     #06 pc 0000f4df  /system/lib/libsurfaceflinger.so
I/DEBUG   ( 3587):     #07 pc 0001b9fd  /system/lib/libsurfaceflinger.so
I/DEBUG   ( 3587):     #08 pc 0001abe7  /system/lib/libsurfaceflinger.so
I/DEBUG   ( 3587):     #09 pc 00019fc3  /system/lib/libsurfaceflinger.so
I/DEBUG   ( 3587):     #10 pc 00019d49  /system/lib/libsurfaceflinger.so
I/DEBUG   ( 3587):     #11 pc 00010ed3  /system/lib/libutils.so (android::Looper::pollInner(int)+410)
I/DEBUG   ( 3587):     #12 pc 00010fc5  /system/lib/libutils.so (android::Looper::pollOnce(int, int*, int*, void**)+92)
I/DEBUG   ( 3587):     #13 pc 000174c5  /system/lib/libsurfaceflinger.so
I/DEBUG   ( 3587):     #14 pc 0001993d  /system/lib/libsurfaceflinger.so (android::SurfaceFlinger::run()+8)
I/DEBUG   ( 3587):     #15 pc 0000083d  /system/bin/surfaceflinger
I/DEBUG   ( 3587):     #16 pc 0000fb75  /system/lib/libc.so (__libc_init+44)
I/DEBUG   ( 3587):     #17 pc 000008d8  /system/bin/surfaceflinger
W/auditd  ( 3598): type=1325 audit(0.0:1312): table=raw family=2 entries=8
W/iptables( 5253): type=1300 audit(0.0:1312): arch=40000028 syscall=294 per=800000 success=yes exit=0 a0=4 a1=0 a2=40 a3=b6c1ba00 items=0 ppid=5111 auid=4294967295 uid=0 gid=0 euid=0 suid=0 fsuid=0 egid=0 sgid=0 fsgid=0 ses=4294967295 tty=(none) exe="/system/bin/iptables" subj=u:r:netd:s0 key=(null)
W/auditd  ( 3598): type=1320 audit(0.0:1312): 
W/auditd  ( 3598): type=1325 audit(0.0:1313): table=raw family=10 entries=8
W/ip6tables( 5254): type=1300 audit(0.0:1313): arch=40000028 syscall=294 per=800000 success=yes exit=0 a0=4 a1=29 a2=40 a3=b6c37800 items=0 ppid=5111 auid=4294967295 uid=0 gid=0 euid=0 suid=0 fsuid=0 egid=0 sgid=0 fsgid=0 ses=4294967295 tty=(none) exe="/system/bin/ip6tables" subj=u:r:netd:s0 key=(null)
W/auditd  ( 3598): type=1320 audit(0.0:1313): 
W/auditd  ( 3598): type=1325 audit(0.0:1314): table=raw family=2 entries=9
W/iptables( 5255): type=1300 audit(0.0:1314): arch=40000028 syscall=294 per=800000 success=yes exit=0 a0=4 a1=0 a2=40 a3=b6c1ba00 items=0 ppid=5111 auid=4294967295 uid=0 gid=0 euid=0 suid=0 fsuid=0 egid=0 sgid=0 fsgid=0 ses=4294967295 tty=(none) exe="/system/bin/iptables" subj=u:r:netd:s0 key=(null)
W/auditd  ( 3598): type=1320 audit(0.0:1314): 
W/auditd  ( 3598): type=1325 audit(0.0:1315): table=raw family=10 entries=9
W/ip6tables( 5256): type=1300 audit(0.0:1315): arch=40000028 syscall=294 per=800000 success=yes exit=0 a0=4 a1=29 a2=40 a3=b6c1d000 items=0 ppid=5111 auid=4294967295 uid=0 gid=0 euid=0 suid=0 fsuid=0 egid=0 sgid=0 fsgid=0 ses=4294967295 tty=(none) exe="/system/bin/ip6tables" subj=u:r:netd:s0 key=(null)
W/auditd  ( 3598): type=1320 audit(0.0:1315): 
W/auditd  ( 3598): type=1325 audit(0.0:1316): table=raw family=2 entries=8
W/iptables( 5257): type=1300 audit(0.0:1316): arch=40000028 syscall=294 per=800000 success=yes exit=0 a0=4 a1=0 a2=40 a3=b6c1ba00 items=0 ppid=5111 auid=4294967295 uid=0 gid=0 euid=0 suid=0 fsuid=0 egid=0 sgid=0 fsgid=0 ses=4294967295 tty=(none) exe="/system/bin/iptables" subj=u:r:netd:s0 key=(null)
W/auditd  ( 3598): type=1320 audit(0.0:1316): 
W/auditd  ( 3598): type=1325 audit(0.0:1317): table=raw family=10 entries=8
W/ip6tables( 5258): type=1300 audit(0.0:1317): arch=40000028 syscall=294 per=800000 success=yes exit=0 a0=4 a1=29 a2=40 a3=b6c32800 items=0 ppid=5111 auid=4294967295 uid=0 gid=0 euid=0 suid=0 fsuid=0 egid=0 sgid=0 fsgid=0 ses=4294967295 tty=(none) exe="/system/bin/ip6tables" subj=u:r:netd:s0 key=(null)
W/auditd  ( 3598): type=1320 audit(0.0:1317): 
W/auditd  ( 3598): type=1325 audit(0.0:1318): table=raw family=2 entries=8
W/iptables( 5259): type=1300 audit(0.0:1318): arch=40000028 syscall=294 per=800000 success=yes exit=0 a0=4 a1=0 a2=40 a3=b6c30100 items=0 ppid=5111 auid=4294967295 uid=0 gid=0 euid=0 suid=0 fsuid=0 egid=0 sgid=0 fsgid=0 ses=4294967295 tty=(none) exe="/system/bin/iptables" subj=u:r:netd:s0 key=(null)
I/ServiceManager( 5114): Waiting for service batterystats...
I/DEBUG   ( 3587): 
I/DEBUG   ( 3587): Tombstone written to: /data/tombstones/tombstone_02
I/ServiceManager( 3574): service 'SurfaceFlinger' died
I/ServiceManager( 3574): service 'Exynos.HWCService' died
I/ServiceManager( 3574): service 'media.wifi_display' died
V/NatController( 5111): runCmd(/system/bin/iptables -F natctrl_FORWARD) res=0
I/ServiceManager( 3574): service 'media.audio_flinger' died
