I/FFMPEG  ( 3692):       ANDROID_LOOP    : false
I/FFMPEG  ( 3692):       TITLE           : Pollux
D/FFmpegExtractor( 3692): FFmpegExtrator, url: android-source:0xb4575b00, format_name: ogg, format_long_name: Ogg
I/FFmpegExtractor( 3692): adjust mime(application/ogg -> audio/vorbis)
D/FFmpegExtractor( 3692): suppoted codec(vorbis) by official Stagefright
D/FFmpegExtractor( 3692): ffmpeg detected media content as 'audio/vorbis' with confidence 0.08
D/WVMDrmPlugIn( 3691): WVMDrmPlugin::onInitialize : 4969
D/WVMDrmPlugIn( 3691): WVMDrmPlugin::onSetOnInfoListener : add 4969
D/WVMDrmPlugIn( 3691): WVMDrmPlugin::onTerminate : 4969
I/FFmpegExtractor( 3692): android-source:0xb45cb740
I/FFMPEG  ( 3692): Input #0, ogg, from 'android-source:0xb45cb740':
I/FFMPEG  ( 3692):   Duration: 00:00:01.72, start: 0.000000, bitrate: 170 kb/s
I/FFMPEG  ( 3692):     Stream #0:0: Audio: vorbis, 44100 Hz, stereo, fltp, 320 kb/s
I/FFMPEG  ( 3692):     Metadata:
I/FFMPEG  ( 3692):       TITLE           : Pong
I/FFMPEG  ( 3692):       ENCODER         : FL Studio
D/FFmpegExtractor( 3692): FFmpegExtrator, url: android-source:0xb45cb740, format_name: ogg, format_long_name: Ogg
I/FFmpegExtractor( 3692): adjust mime(application/ogg -> audio/vorbis)
D/FFmpegExtractor( 3692): suppoted codec(vorbis) by official Stagefright
D/FFmpegExtractor( 3692): ffmpeg detected media content as 'audio/vorbis' with confidence 0.08
D/WVMDrmPlugIn( 3691): WVMDrmPlugin::onInitialize : 4308
D/WVMDrmPlugIn( 3691): WVMDrmPlugin::onSetOnInfoListener : add 4308
D/WVMDrmPlugIn( 3691): WVMDrmPlugin::onTerminate : 4308
I/FFmpegExtractor( 3692): android-source:0xb45cb470
I/FFMPEG  ( 3692): Input #0, ogg, from 'android-source:0xb45cb470':
I/FFMPEG  ( 3692):   Duration: 00:00:02.62, start: 0.000000, bitrate: 68 kb/s
I/FFMPEG  ( 3692):     Stream #0:0: Audio: vorbis, 44100 Hz, mono, fltp, 80 kb/s
I/FFMPEG  ( 3692):     Metadata:
I/FFMPEG  ( 3692):       ANDROID_LOOP    : false
I/FFMPEG  ( 3692):       TITLE           : Procyon
D/FFmpegExtractor( 3692): FFmpegExtrator, url: android-source:0xb45cb470, format_name: ogg, format_long_name: Ogg
I/FFmpegExtractor( 3692): adjust mime(application/ogg -> audio/vorbis)
D/FFmpegExtractor( 3692): suppoted codec(vorbis) by official Stagefright
D/FFmpegExtractor( 3692): ffmpeg detected media content as 'audio/vorbis' with confidence 0.08
D/WVMDrmPlugIn( 3691): WVMDrmPlugin::onInitialize : 4494
D/WVMDrmPlugIn( 3691): WVMDrmPlugin::onSetOnInfoListener : add 4494
D/WVMDrmPlugIn( 3691): WVMDrmPlugin::onTerminate : 4494
I/FFmpegExtractor( 3692): android-source:0xb45cbab0
I/FFMPEG  ( 3692): Input #0, ogg, from 'android-source:0xb45cbab0':
I/FFMPEG  ( 3692):   Duration: 00:00:01.00, start: 0.000000, bitrate: 105 kb/s
I/FFMPEG  ( 3692):     Stream #0:0: Audio: vorbis, 44100 Hz, stereo, fltp, 112 kb/s
I/FFMPEG  ( 3692):     Metadata:
I/FFMPEG  ( 3692):       TITLE           : Proxima
D/FFmpegExtractor( 3692): FFmpegExtrator, url: android-source:0xb45cbab0, format_name: ogg, format_long_name: Ogg
I/FFmpegExtractor( 3692): adjust mime(application/ogg -> audio/vorbis)
D/FFmpegExtractor( 3692): suppoted codec(vorbis) by official Stagefright
D/FFmpegExtractor( 3692): ffmpeg detected media content as 'audio/vorbis' with confidence 0.08
D/WVMDrmPlugIn( 3691): WVMDrmPlugin::onInitialize : 5349
D/WVMDrmPlugIn( 3691): WVMDrmPlugin::onSetOnInfoListener : add 5349
D/WVMDrmPlugIn( 3691): WVMDrmPlugin::onTerminate : 5349
I/FFmpegExtractor( 3692): android-source:0xb45cba10
I/FFMPEG  ( 3692): Input #0, ogg, from 'android-source:0xb45cba10':
I/FFMPEG  ( 3692):   Duration: 00:00:01.80, start: 0.000000, bitrate: 112 kb/s
I/FFMPEG  ( 3692):     Stream #0:0: Audio: vorbis, 44100 Hz, stereo, fltp, 112 kb/s
D/FFmpegExtractor( 3692): FFmpegExtrator, url: android-source:0xb45cba10, format_name: ogg, format_long_name: Ogg
I/FFmpegExtractor( 3692): adjust mime(application/ogg -> audio/vorbis)
D/FFmpegExtractor( 3692): suppoted codec(vorbis) by official Stagefright
D/FFmpegExtractor( 3692): ffmpeg detected media content as 'audio/vorbis' with confidence 0.08
I/InputReader( 4124): Reconfiguring input devices.  changes=0x00000020
I/InputReader( 4124): Reconfiguring input devices.  changes=0x00000020
W/Launcher.Model( 5295): Nobody to tell about the new app.  Launcher is probably loading.
I/InputReader( 4124): Reconfiguring input devices.  changes=0x00000020
I/InputReader( 4124): Reconfiguring input devices.  changes=0x00000020
W/Searchables( 4124): No global search activity found
D/WVMDrmPlugIn( 3691): WVMDrmPlugin::onInitialize : 6029
D/WVMDrmPlugIn( 3691): WVMDrmPlugin::onSetOnInfoListener : add 6029
D/WVMDrmPlugIn( 3691): WVMDrmPlugin::onTerminate : 6029
I/FFmpegExtractor( 3692): android-source:0xb45750b0
I/ActivityManager( 4124): Start proc android.process.acore for broadcast com.android.providers.contacts/.PackageIntentReceiver: pid=5914 uid=10006 gids={50006, 9997, 3003, 1028, 1015} abi=armeabi-v7a
I/FFMPEG  ( 3692): Input #0, ogg, from 'android-source:0xb45750b0':
I/FFMPEG  ( 3692):   Duration: 00:00:01.72, start: 0.000000, bitrate: 443 kb/s
I/FFMPEG  ( 3692):     Stream #0:0: Audio: vorbis, 44100 Hz, stereo, fltp, 450 kb/s
I/FFMPEG  ( 3692):     Metadata:
I/FFMPEG  ( 3692):       TITLE           : Rang
I/FFMPEG  ( 3692):       ENCODER         : FL Studio
D/FFmpegExtractor( 3692): FFmpegExtrator, url: android-source:0xb45750b0, format_name: ogg, format_long_name: Ogg
I/FFmpegExtractor( 3692): adjust mime(application/ogg -> audio/vorbis)
D/FFmpegExtractor( 3692): suppoted codec(vorbis) by official Stagefright
D/FFmpegExtractor( 3692): ffmpeg detected media content as 'audio/vorbis' with confidence 0.08
D/BackupManagerService( 4124): Received broadcast Intent { act=android.intent.action.PACKAGE_CHANGED dat=package:com.android.camera2 flg=0x4000010 (has extras) }
I/InputReader( 4124): Reconfiguring input devices.  changes=0x00000020
I/InputReader( 4124): Reconfiguring input devices.  changes=0x00000020
I/InputReader( 4124): Reconfiguring input devices.  changes=0x00000020
I/InputReader( 4124): Reconfiguring input devices.  changes=0x00000020
W/Launcher.Model( 5295): Nobody to tell about the new app.  Launcher is probably loading.
W/Searchables( 4124): No global search activity found
D/WVMDrmPlugIn( 3691): WVMDrmPlugin::onInitialize : 7258
D/WVMDrmPlugIn( 3691): WVMDrmPlugin::onSetOnInfoListener : add 7258
D/WVMDrmPlugIn( 3691): WVMDrmPlugin::onTerminate : 7258
I/FFmpegExtractor( 3692): android-source:0xb455c150
W/Launcher.Model( 5295): Nobody to tell about the new app.  Launcher is probably loading.
W/Searchables( 4124): No global search activity found
W/Searchables( 4124): No global search activity found
I/FFMPEG  ( 3692): Input #0, ogg, from 'android-source:0xb455c150':
I/FFMPEG  ( 3692):   Duration: 00:00:00.81, start: 0.000000, bitrate: 222 kb/s
I/FFMPEG  ( 3692):     Stream #0:0: Audio: vorbis, 44100 Hz, stereo, fltp, 224 kb/s
I/FFMPEG  ( 3692):     Metadata:
I/FFMPEG  ( 3692):       TITLE           : Rhea
D/FFmpegExtractor( 3692): FFmpegExtrator, url: android-source:0xb455c150, format_name: ogg, format_long_name: Ogg
I/FFmpegExtractor( 3692): adjust mime(application/ogg -> audio/vorbis)
D/FFmpegExtractor( 3692): suppoted codec(vorbis) by official Stagefright
D/FFmpegExtractor( 3692): ffmpeg detected media content as 'audio/vorbis' with confidence 0.08
D/BackupManagerService( 4124): Received broadcast Intent { act=android.intent.action.PACKAGE_CHANGED dat=package:com.android.phone flg=0x4000010 (has extras) }
D/BackupManagerService( 4124): Received broadcast Intent { act=android.intent.action.PACKAGE_CHANGED dat=package:com.android.gallery3d flg=0x4000010 (has extras) }
W/Launcher.Model( 5295): Nobody to tell about the new app.  Launcher is probably loading.
D/BackupManagerService( 4124): Received broadcast Intent { act=android.intent.action.PACKAGE_CHANGED dat=package:com.android.calendar flg=0x4000010 (has extras) }
W/Searchables( 4124): No global search activity found
D/BackupManagerService( 4124): Received broadcast Intent { act=android.intent.action.PACKAGE_CHANGED dat=package:com.android.email flg=0x4000010 (has extras) }
W/Launcher.Model( 5295): Nobody to tell about the new app.  Launcher is probably loading.
W/Searchables( 4124): No global search activity found
D/BackupManagerService( 4124): Received broadcast Intent { act=android.intent.action.PACKAGE_CHANGED dat=package:com.android.settings flg=0x4000010 (has extras) }
W/Searchables( 4124): No global search activity found
D/BackupManagerService( 4124): Received broadcast Intent { act=android.intent.action.PACKAGE_CHANGED dat=package:com.android.stk flg=0x4000010 (has extras) }
W/Searchables( 4124): No global search activity found
D/BackupManagerService( 4124): Received broadcast Intent { act=android.intent.action.PACKAGE_CHANGED dat=package:com.android.inputmethod.latin flg=0x4000010 (has extras) }
W/Launcher.Model( 5295): Nobody to tell about the new app.  Launcher is probably loading.
W/Launcher.Model( 5295): Nobody to tell about the new app.  Launcher is probably loading.
W/Launcher.Model( 5295): Nobody to tell about the new app.  Launcher is probably loading.
D/WVMDrmPlugIn( 3691): WVMDrmPlugin::onInitialize : 7090
D/WVMDrmPlugIn( 3691): WVMDrmPlugin::onSetOnInfoListener : add 7090
D/WVMDrmPlugIn( 3691): WVMDrmPlugin::onTerminate : 7090
I/FFmpegExtractor( 3692): android-source:0xb45cbb00
I/FFMPEG  ( 3692): Input #0, ogg, from 'android-source:0xb45cbb00':
I/FFMPEG  ( 3692):   Duration: 00:00:01.80, start: 0.000000, bitrate: 94 kb/s
I/FFMPEG  ( 3692):     Stream #0:0: Audio: vorbis, 44100 Hz, stereo, fltp, 112 kb/s
I/FFMPEG  ( 3692):     Metadata:
I/FFMPEG  ( 3692):       ANDROID_LOOP    : false
I/FFMPEG  ( 3692):       TITLE           : Rubidium
D/FFmpegExtractor( 3692): FFmpegExtrator, url: android-source:0xb45cbb00, format_name: ogg, format_long_name: Ogg
I/FFmpegExtractor( 3692): adjust mime(application/ogg -> audio/vorbis)
D/FFmpegExtractor( 3692): suppoted codec(vorbis) by official Stagefright
D/FFmpegExtractor( 3692): ffmpeg detected media content as 'audio/vorbis' with confidence 0.08
W/Launcher( 5295): setApplicationContext called twice! old=com.android.launcher3.LauncherApplication@24750bda new=com.android.launcher3.LauncherApplication@24750bda
D/WVMDrmPlugIn( 3691): WVMDrmPlugin::onInitialize : 8062
D/WVMDrmPlugIn( 3691): WVMDrmPlugin::onSetOnInfoListener : add 8062
W/Launcher( 5295): setApplicationContext called twice! old=com.android.launcher3.LauncherApplication@24750bda new=com.android.launcher3.LauncherApplication@24750bda
D/WVMDrmPlugIn( 3691): WVMDrmPlugin::onTerminate : 8062
I/FFmpegExtractor( 3692): android-source:0xb45756a0
I/FFMPEG  ( 3692): Input #0, ogg, from 'android-source:0xb45756a0':
I/FFMPEG  ( 3692):   Duration: 00:00:01.49, start: 0.000000, bitrate: 217 kb/s
I/FFMPEG  ( 3692):     Stream #0:0: Audio: vorbis, 44100 Hz, stereo, fltp, 224 kb/s
I/FFMPEG  ( 3692):     Metadata:
I/FFMPEG  ( 3692):       TITLE           : Salacia
D/FFmpegExtractor( 3692): FFmpegExtrator, url: android-source:0xb45756a0, format_name: ogg, format_long_name: Ogg
I/FFmpegExtractor( 3692): adjust mime(application/ogg -> audio/vorbis)
D/FFmpegExtractor( 3692): suppoted codec(vorbis) by official Stagefright
D/FFmpegExtractor( 3692): ffmpeg detected media content as 'audio/vorbis' with confidence 0.08
I/ContactLocale( 5914): AddressBook Labels [en-US]: [, A, B, C, D, E, F, G, H, I, J, K, L, M, N, O, P, Q, R, S, T, U, V, W, X, Y, Z, , , , , , , , , , , , , , , , , , , , , , , , , , , , , , , , , , , , , , , , , , , , , , , , , , , , , , , , , , , , , , , , , , , , , , , , , , , , , , , , , , , , , , , , , , , , , , , , , , , , , , , , , , , , , , , , , , , , , , , , , , , , , , , , , , , , , , , , , , , , , , , , , , , , , , , , , , , , , , , , , , , , , , , , , , , , , , , , , , , , , , , , , , , , #, ]
W/Launcher( 5295): setApplicationContext called twice! old=com.android.launcher3.LauncherApplication@24750bda new=com.android.launcher3.LauncherApplication@24750bda
W/Launcher( 5295): setApplicationContext called twice! old=com.android.launcher3.LauncherApplication@24750bda new=com.android.launcher3.LauncherApplication@24750bda
W/Launcher( 5295): setApplicationContext called twice! old=com.android.launcher3.LauncherApplication@24750bda new=com.android.launcher3.LauncherApplication@24750bda
W/Launcher( 5295): setApplicationContext called twice! old=com.android.launcher3.LauncherApplication@24750bda new=com.android.launcher3.LauncherApplication@24750bda
W/Launcher( 5295): setApplicationContext called twice! old=com.android.launcher3.LauncherApplication@24750bda new=com.android.launcher3.LauncherApplication@24750bda
W/Launcher( 5295): setApplicationContext called twice! old=com.android.launcher3.LauncherApplication@24750bda new=com.android.launcher3.LauncherApplication@24750bda
E/SQLiteLog( 5625): (284) automatic index on view_events(_id)
D/WVMDrmPlugIn( 3691): WVMDrmPlugin::onInitialize : 6143
D/WVMDrmPlugIn( 3691): WVMDrmPlugin::onSetOnInfoListener : add 6143
D/WVMDrmPlugIn( 3691): WVMDrmPlugin::onTerminate : 6143
I/FFmpegExtractor( 3692): android-source:0xb4575b50
I/FFMPEG  ( 3692): Input #0, ogg, from 'android-source:0xb4575b50':
I/FFMPEG  ( 3692):   Duration: 00:00:01.00, start: 0.000000, bitrate: 87 kb/s
I/FFMPEG  ( 3692):     Stream #0:0: Audio: vorbis, 44100 Hz, stereo, fltp, 112 kb/s
D/FFmpegExtractor( 3692): FFmpegExtrator, url: android-source:0xb4575b50, format_name: ogg, format_long_name: Ogg
I/FFmpegExtractor( 3692): adjust mime(application/ogg -> audio/vorbis)
D/FFmpegExtractor( 3692): suppoted codec(vorbis) by official Stagefright
D/FFmpegExtractor( 3692): ffmpeg detected media content as 'audio/vorbis' with confidence 0.08
I/ActivityManager( 4124): Killing 5652:com.android.managedprovisioning/u0a11 (adj 15): empty #17
D/WVMDrmPlugIn( 3691): WVMDrmPlugin::onInitialize : 7244
D/WVMDrmPlugIn( 3691): WVMDrmPlugin::onSetOnInfoListener : add 7244
D/WVMDrmPlugIn( 3691): WVMDrmPlugin::onTerminate : 7244
I/FFmpegExtractor( 3692): android-source:0xb4575ba0
I/FFMPEG  ( 3692): Input #0, ogg, from 'android-source:0xb4575ba0':
I/FFMPEG  ( 3692):   Duration: 00:00:01.37, start: 0.000000, bitrate: 141 kb/s
I/FFMPEG  ( 3692):     Stream #0:0: Audio: vorbis, 44100 Hz, stereo, fltp, 112 kb/s
I/FFMPEG  ( 3692):     Metadata:
I/FFMPEG  ( 3692):       TITLE           : Shaula
D/FFmpegExtractor( 3692): FFmpegExtrator, url: android-source:0xb4575ba0, format_name: ogg, format_long_name: Ogg
I/FFmpegExtractor( 3692): adjust mime(application/ogg -> audio/vorbis)
D/FFmpegExtractor( 3692): suppoted codec(vorbis) by official Stagefright
D/FFmpegExtractor( 3692): ffmpeg detected media content as 'audio/vorbis' with confidence 0.08
W/libprocessgroup( 4124): failed to open /acct/uid_10011/pid_5652/cgroup.procs: No such file or directory
D/WVMDrmPlugIn( 3691): WVMDrmPlugin::onInitialize : 7659
D/WVMDrmPlugIn( 3691): WVMDrmPlugin::onSetOnInfoListener : add 7659
D/WVMDrmPlugIn( 3691): WVMDrmPlugin::onTerminate : 7659
I/FFmpegExtractor( 3692): android-source:0xb45cb740
I/FFMPEG  ( 3692): Input #0, ogg, from 'android-source:0xb45cb740':
I/FFMPEG  ( 3692):   Duration: 00:00:01.31, start: 0.000000, bitrate: 128 kb/s
I/FFMPEG  ( 3692):     Stream #0:0: Audio: vorbis, 44100 Hz, stereo, fltp, 112 kb/s
I/FFMPEG  ( 3692):     Metadata:
I/FFMPEG  ( 3692):       TITLE           : Sirrah
D/FFmpegExtractor( 3692): FFmpegExtrator, url: android-source:0xb45cb740, format_name: ogg, format_long_name: Ogg
I/FFmpegExtractor( 3692): adjust mime(application/ogg -> audio/vorbis)
D/FFmpegExtractor( 3692): suppoted codec(vorbis) by official Stagefright
D/FFmpegExtractor( 3692): ffmpeg detected media content as 'audio/vorbis' with confidence 0.08
D/WVMDrmPlugIn( 3691): WVMDrmPlugin::onInitialize : 6558
D/WVMDrmPlugIn( 3691): WVMDrmPlugin::onSetOnInfoListener : add 6558
D/WVMDrmPlugIn( 3691): WVMDrmPlugin::onTerminate : 6558
I/FFmpegExtractor( 3692): android-source:0xb4575a10
I/FFMPEG  ( 3692): Input #0, ogg, from 'android-source:0xb4575a10':
I/FFMPEG  ( 3692):   Duration: 00:00:02.88, start: 0.000000, bitrate: 72 kb/s
I/FFMPEG  ( 3692):     Stream #0:0: Audio: vorbis, 44100 Hz, mono, fltp, 75 kb/s
I/FFMPEG  ( 3692):     Metadata:
I/FFMPEG  ( 3692):       COPYRIGHT       : Copyright (c) 2009 Android Open Source Project
I/FFMPEG  ( 3692):       TITLE           : Space Seed
I/FFMPEG  ( 3692):       ARTIST          : Dave Sparks
D/FFmpegExtractor( 3692): FFmpegExtrator, url: android-source:0xb4575a10, format_name: ogg, format_long_name: Ogg
I/FFmpegExtractor( 3692): adjust mime(application/ogg -> audio/vorbis)
D/FFmpegExtractor( 3692): suppoted codec(vorbis) by official Stagefright
D/FFmpegExtractor( 3692): ffmpeg detected media content as 'audio/vorbis' with confidence 0.08
D/WVMDrmPlugIn( 3691): WVMDrmPlugin::onInitialize : 7776
D/WVMDrmPlugIn( 3691): WVMDrmPlugin::onSetOnInfoListener : add 7776
D/WVMDrmPlugIn( 3691): WVMDrmPlugin::onTerminate : 7776
I/FFmpegExtractor( 3692): android-source:0xb4575970
I/FFMPEG  ( 3692): Input #0, ogg, from 'android-source:0xb4575970':
I/FFMPEG  ( 3692):   Duration: 00:00:00.90, start: 0.000000, bitrate: 80 kb/s
I/FFMPEG  ( 3692):     Stream #0:0: Audio: vorbis, 44100 Hz, stereo, fltp, 112 kb/s
I/FFMPEG  ( 3692):     Metadata:
I/FFMPEG  ( 3692):       TITLE           : Spica
D/FFmpegExtractor( 3692): FFmpegExtrator, url: android-source:0xb4575970, format_name: ogg, format_long_name: Ogg
I/FFmpegExtractor( 3692): adjust mime(application/ogg -> audio/vorbis)
D/FFmpegExtractor( 3692): suppoted codec(vorbis) by official Stagefright
D/FFmpegExtractor( 3692): ffmpeg detected media content as 'audio/vorbis' with confidence 0.08
D/WVMDrmPlugIn( 3691): WVMDrmPlugin::onInitialize : 7316
D/WVMDrmPlugIn( 3691): WVMDrmPlugin::onSetOnInfoListener : add 7316
D/WVMDrmPlugIn( 3691): WVMDrmPlugin::onTerminate : 7316
I/FFmpegExtractor( 3692): android-source:0xb4575a10
I/FFMPEG  ( 3692): Input #0, ogg, from 'android-source:0xb4575a10':
I/FFMPEG  ( 3692):   Duration: 00:00:01.88, start: 0.000000, bitrate: 239 kb/s
I/FFMPEG  ( 3692):     Stream #0:0: Audio: vorbis, 44100 Hz, stereo, fltp, 450 kb/s
I/FFMPEG  ( 3692):     Metadata:
I/FFMPEG  ( 3692):       TITLE           : Stone
I/FFMPEG  ( 3692):       ENCODER         : FL Studio
D/FFmpegExtractor( 3692): FFmpegExtrator, url: android-source:0xb4575a10, format_name: ogg, format_long_name: Ogg
I/FFmpegExtractor( 3692): adjust mime(application/ogg -> audio/vorbis)
D/FFmpegExtractor( 3692): suppoted codec(vorbis) by official Stagefright
D/FFmpegExtractor( 3692): ffmpeg detected media content as 'audio/vorbis' with confidence 0.08
D/WVMDrmPlugIn( 3691): WVMDrmPlugin::onInitialize : 7773
D/WVMDrmPlugIn( 3691): WVMDrmPlugin::onSetOnInfoListener : add 7773
D/WVMDrmPlugIn( 3691): WVMDrmPlugin::onTerminate : 7773
I/FFmpegExtractor( 3692): android-source:0xb4575970
I/FFMPEG  ( 3692): Input #0, ogg, from 'android-source:0xb4575970':
I/FFMPEG  ( 3692):   Duration: 00:00:03.00, start: 0.000000, bitrate: 104 kb/s
I/FFMPEG  ( 3692):     Stream #0:0: Audio: vorbis, 44100 Hz, stereo, fltp, 112 kb/s
I/FFMPEG  ( 3692):     Metadata:
I/FFMPEG  ( 3692):       ANDROID_LOOP    : false
I/FFMPEG  ( 3692):       TITLE           : Strontium
D/FFmpegExtractor( 3692): FFmpegExtrator, url: android-source:0xb4575970, format_name: ogg, format_long_name: Ogg
I/FFmpegExtractor( 3692): adjust mime(application/ogg -> audio/vorbis)
D/FFmpegExtractor( 3692): suppoted codec(vorbis) by official Stagefright
D/FFmpegExtractor( 3692): ffmpeg detected media content as 'audio/vorbis' with confidence 0.08
D/WVMDrmPlugIn( 3691): WVMDrmPlugin::onInitialize : 5596
D/WVMDrmPlugIn( 3691): WVMDrmPlugin::onSetOnInfoListener : add 5596
D/WVMDrmPlugIn( 3691): WVMDrmPlugin::onTerminate : 5596
I/FFmpegExtractor( 3692): android-source:0xb4575ba0
I/FFMPEG  ( 3692): Input #0, ogg, from 'android-source:0xb4575ba0':
I/FFMPEG  ( 3692):   Duration: 00:00:00.75, start: 0.000000, bitrate: 90 kb/s
I/FFMPEG  ( 3692):     Stream #0:0: Audio: vorbis, 44100 Hz, mono, fltp, 70 kb/s
I/FFMPEG  ( 3692):     Metadata:
I/FFMPEG  ( 3692):       ANDROID_LOOP    : false
I/FFMPEG  ( 3692):       TITLE           : Syrma
D/FFmpegExtractor( 3692): FFmpegExtrator, url: android-source:0xb4575ba0, format_name: ogg, format_long_name: Ogg
I/FFmpegExtractor( 3692): adjust mime(application/ogg -> audio/vorbis)
D/FFmpegExtractor( 3692): suppoted codec(vorbis) by official Stagefright
D/FFmpegExtractor( 3692): ffmpeg detected media content as 'audio/vorbis' with confidence 0.08
D/WVMDrmPlugIn( 3691): WVMDrmPlugin::onInitialize : 6314
D/WVMDrmPlugIn( 3691): WVMDrmPlugin::onSetOnInfoListener : add 6314
D/WVMDrmPlugIn( 3691): WVMDrmPlugin::onTerminate : 6314
I/FFmpegExtractor( 3692): android-source:0xb455c740
I/FFMPEG  ( 3692): Input #0, ogg, from 'android-source:0xb455c740':
I/FFMPEG  ( 3692):   Duration: 00:00:03.29, start: 0.000000, bitrate: 105 kb/s
I/FFMPEG  ( 3692):     Stream #0:0: Audio: vorbis, 48000 Hz, stereo, fltp, 112 kb/s
I/FFMPEG  ( 3692):     Metadata:
I/FFMPEG  ( 3692):       TITLE           : Ta Da
D/FFmpegExtractor( 3692): FFmpegExtrator, url: android-source:0xb455c740, format_name: ogg, format_long_name: Ogg
I/FFmpegExtractor( 3692): adjust mime(application/ogg -> audio/vorbis)
D/FFmpegExtractor( 3692): suppoted codec(vorbis) by official Stagefright
D/FFmpegExtractor( 3692): ffmpeg detected media content as 'audio/vorbis' with confidence 0.08
D/WVMDrmPlugIn( 3691): WVMDrmPlugin::onInitialize : 5540
D/WVMDrmPlugIn( 3691): WVMDrmPlugin::onSetOnInfoListener : add 5540
D/WVMDrmPlugIn( 3691): WVMDrmPlugin::onTerminate : 5540
I/FFmpegExtractor( 3692): android-source:0xb4575ba0
I/FFMPEG  ( 3692): Input #0, ogg, from 'android-source:0xb4575ba0':
I/FFMPEG  ( 3692):   Duration: 00:00:01.13, start: 0.000000, bitrate: 74 kb/s
I/FFMPEG  ( 3692):     Stream #0:0: Audio: vorbis, 44100 Hz, mono, fltp, 70 kb/s
I/FFMPEG  ( 3692):     Metadata:
I/FFMPEG  ( 3692):       ANDROID_LOOP    : false
I/FFMPEG  ( 3692):       TITLE           : Talitha
D/FFmpegExtractor( 3692): FFmpegExtrator, url: android-source:0xb4575ba0, format_name: ogg, format_long_name: Ogg
I/FFmpegExtractor( 3692): adjust mime(application/ogg -> audio/vorbis)
D/FFmpegExtractor( 3692): suppoted codec(vorbis) by official Stagefright
D/FFmpegExtractor( 3692): ffmpeg detected media content as 'audio/vorbis' with confidence 0.08
D/WVMDrmPlugIn( 3691): WVMDrmPlugin::onInitialize : 5205
D/WVMDrmPlugIn( 3691): WVMDrmPlugin::onSetOnInfoListener : add 5205
D/WVMDrmPlugIn( 3691): WVMDrmPlugin::onTerminate : 5205
I/FFmpegExtractor( 3692): android-source:0xb455c3d0
I/FFMPEG  ( 3692): Input #0, ogg, from 'android-source:0xb455c3d0':
I/FFMPEG  ( 3692):   Duration: 00:00:01.20, start: 0.000000, bitrate: 105 kb/s
I/FFMPEG  ( 3692):     Stream #0:0: Audio: vorbis, 44100 Hz, stereo, fltp, 112 kb/s
I/FFMPEG  ( 3692):     Metadata:
I/FFMPEG  ( 3692):       TITLE           : Tejat
D/FFmpegExtractor( 3692): FFmpegExtrator, url: android-source:0xb455c3d0, format_name: ogg, format_long_name: Ogg
I/FFmpegExtractor( 3692): adjust mime(application/ogg -> audio/vorbis)
D/FFmpegExtractor( 3692): suppoted codec(vorbis) by official Stagefright
D/FFmpegExtractor( 3692): ffmpeg detected media content as 'audio/vorbis' with confidence 0.08
D/WVMDrmPlugIn( 3691): WVMDrmPlugin::onInitialize : 5927
D/WVMDrmPlugIn( 3691): WVMDrmPlugin::onSetOnInfoListener : add 5927
D/WVMDrmPlugIn( 3691): WVMDrmPlugin::onTerminate : 5927
I/FFmpegExtractor( 3692): android-source:0xb60ba0b0
I/FFMPEG  ( 3692): Input #0, ogg, from 'android-source:0xb60ba0b0':
I/FFMPEG  ( 3692):   Duration: 00:00:01.26, start: 0.000000, bitrate: 254 kb/s
I/FFMPEG  ( 3692):     Stream #0:0: Audio: vorbis, 44100 Hz, stereo, fltp, 224 kb/s
I/FFMPEG  ( 3692):     Metadata:
I/FFMPEG  ( 3692):       TITLE           : Tethys
D/FFmpegExtractor( 3692): FFmpegExtrator, url: android-source:0xb60ba0b0, format_name: ogg, format_long_name: Ogg
I/FFmpegExtractor( 3692): adjust mime(application/ogg -> audio/vorbis)
D/FFmpegExtractor( 3692): suppoted codec(vorbis) by official Stagefright
D/FFmpegExtractor( 3692): ffmpeg detected media content as 'audio/vorbis' with confidence 0.08
D/WVMDrmPlugIn( 3691): WVMDrmPlugin::onInitialize : 7012
D/WVMDrmPlugIn( 3691): WVMDrmPlugin::onSetOnInfoListener : add 7012
D/WVMDrmPlugIn( 3691): WVMDrmPlugin::onTerminate : 7012
I/FFmpegExtractor( 3692): android-source:0xb455c740
I/FFMPEG  ( 3692): Input #0, ogg, from 'android-source:0xb455c740':
I/FFMPEG  ( 3692):   Duration: 00:00:01.37, start: 0.000000, bitrate: 106 kb/s
I/FFMPEG  ( 3692):     Stream #0:0: Audio: vorbis, 44100 Hz, stereo, fltp, 112 kb/s
I/FFMPEG  ( 3692):     Metadata:
I/FFMPEG  ( 3692):       ANDROID_LOOP    : false
I/FFMPEG  ( 3692):       TITLE           : Thallium
D/FFmpegExtractor( 3692): FFmpegExtrator, url: android-source:0xb455c740, format_name: ogg, format_long_name: Ogg
I/FFmpegExtractor( 3692): adjust mime(application/ogg -> audio/vorbis)
D/FFmpegExtractor( 3692): suppoted codec(vorbis) by official Stagefright
D/FFmpegExtractor( 3692): ffmpeg detected media content as 'audio/vorbis' with confidence 0.08
D/WVMDrmPlugIn( 3691): WVMDrmPlugin::onInitialize : 7299
D/WVMDrmPlugIn( 3691): WVMDrmPlugin::onSetOnInfoListener : add 7299
D/WVMDrmPlugIn( 3691): WVMDrmPlugin::onTerminate : 7299
I/FFmpegExtractor( 3692): android-source:0xb455c6a0
I/FFMPEG  ( 3692): Input #0, ogg, from 'android-source:0xb455c6a0':
I/FFMPEG  ( 3692):   Duration: 00:00:01.10, start: 0.000000, bitrate: 137 kb/s
I/FFMPEG  ( 3692):     Stream #0:0: Audio: vorbis, 48000 Hz, stereo, fltp, 112 kb/s
I/FFMPEG  ( 3692):     Metadata:
I/FFMPEG  ( 3692):       TITLE           : Tinkerbell
D/FFmpegExtractor( 3692): FFmpegExtrator, url: android-source:0xb455c6a0, format_name: ogg, format_long_name: Ogg
I/FFmpegExtractor( 3692): adjust mime(application/ogg -> audio/vorbis)
D/FFmpegExtractor( 3692): suppoted codec(vorbis) by official Stagefright
D/FFmpegExtractor( 3692): ffmpeg detected media content as 'audio/vorbis' with confidence 0.08
D/WVMDrmPlugIn( 3691): WVMDrmPlugin::onInitialize : 6180
D/WVMDrmPlugIn( 3691): WVMDrmPlugin::onSetOnInfoListener : add 6180
D/WVMDrmPlugIn( 3691): WVMDrmPlugin::onTerminate : 6180
I/FFmpegExtractor( 3692): android-source:0xb4575830
I/FFMPEG  ( 3692): Input #0, ogg, from 'android-source:0xb4575830':
I/FFMPEG  ( 3692):   Duration: 00:00:01.02, start: 0.000000, bitrate: 253 kb/s
I/FFMPEG  ( 3692):     Stream #0:0: Audio: vorbis, 44100 Hz, stereo, fltp, 224 kb/s
I/FFMPEG  ( 3692):     Metadata:
I/FFMPEG  ( 3692):       TITLE           : Titan
D/FFmpegExtractor( 3692): FFmpegExtrator, url: android-source:0xb4575830, format_name: ogg, format_long_name: Ogg
I/FFmpegExtractor( 3692): adjust mime(application/ogg -> audio/vorbis)
D/FFmpegExtractor( 3692): suppoted codec(vorbis) by official Stagefright
D/FFmpegExtractor( 3692): ffmpeg detected media content as 'audio/vorbis' with confidence 0.08
D/WVMDrmPlugIn( 3691): WVMDrmPlugin::onInitialize : 5405
D/WVMDrmPlugIn( 3691): WVMDrmPlugin::onSetOnInfoListener : add 5405
D/WVMDrmPlugIn( 3691): WVMDrmPlugin::onTerminate : 5405
I/FFmpegExtractor( 3692): android-source:0xb455c740
I/FFMPEG  ( 3692): Input #0, ogg, from 'android-source:0xb455c740':
I/FFMPEG  ( 3692):   Duration: 00:00:01.60, start: 0.000000, bitrate: 120 kb/s
I/FFMPEG  ( 3692):     Stream #0:0: Audio: vorbis, 44100 Hz, stereo, fltp, 112 kb/s
I/FFMPEG  ( 3692):     Metadata:
I/FFMPEG  ( 3692):       TITLE           : Upsilon
D/FFmpegExtractor( 3692): FFmpegExtrator, url: android-source:0xb455c740, format_name: ogg, format_long_name: Ogg
I/FFmpegExtractor( 3692): adjust mime(application/ogg -> audio/vorbis)
D/FFmpegExtractor( 3692): suppoted codec(vorbis) by official Stagefright
D/FFmpegExtractor( 3692): ffmpeg detected media content as 'audio/vorbis' with confidence 0.08
D/WVMDrmPlugIn( 3691): WVMDrmPlugin::onInitialize : 5119
D/WVMDrmPlugIn( 3691): WVMDrmPlugin::onSetOnInfoListener : add 5119
D/WVMDrmPlugIn( 3691): WVMDrmPlugin::onTerminate : 5119
I/FFmpegExtractor( 3692): android-source:0xb4575ce0
I/FFMPEG  ( 3692): Input #0, ogg, from 'android-source:0xb4575ce0':
I/FFMPEG  ( 3692):   Duration: 00:00:04.38, start: 0.000000, bitrate: 53 kb/s
I/FFMPEG  ( 3692):     Stream #0:0: Audio: vorbis, 44100 Hz, mono, fltp, 96 kb/s
I/FFMPEG  ( 3692):     Metadata:
I/FFMPEG  ( 3692):       ARTIST          : Unknown
I/FFMPEG  ( 3692):       TITLE           : Vega
I/FFMPEG  ( 3692):       REPLAYGAIN_TRACK_PEAK: 0.000000
I/FFMPEG  ( 3692):       REPLAYGAIN_ALBUM_GAIN: 0.000000
I/FFMPEG  ( 3692):       REPLAYGAIN_ALBUM_PEAK: 0.000000
I/FFMPEG  ( 3692):       disc            : 0
I/FFMPEG  ( 3692):       REPLAYGAIN_TRACK_GAIN: 0.000000
I/FFMPEG  ( 3692):       ANDROID_LOOP    : false
I/FFMPEG  ( 3692):     Side data:
I/FFMPEG  ( 3692):       replaygain: track gain - 0.000000, track peak - unknown, album gain - 0.000000, album peak - unknown, 
D/FFmpegExtractor( 3692): FFmpegExtrator, url: android-source:0xb4575ce0, format_name: ogg, format_long_name: Ogg
I/FFmpegExtractor( 3692): adjust mime(application/ogg -> audio/vorbis)
D/FFmpegExtractor( 3692): suppoted codec(vorbis) by official Stagefright
D/FFmpegExtractor( 3692): ffmpeg detected media content as 'audio/vorbis' with confidence 0.08
D/WVMDrmPlugIn( 3691): WVMDrmPlugin::onInitialize : 6433
D/WVMDrmPlugIn( 3691): WVMDrmPlugin::onSetOnInfoListener : add 6433
D/WVMDrmPlugIn( 3691): WVMDrmPlugin::onTerminate : 6433
I/FFmpegExtractor( 3692): android-source:0xb455c600
I/FFMPEG  ( 3692): Input #0, ogg, from 'android-source:0xb455c600':
I/FFMPEG  ( 3692):   Duration: 00:00:01.92, start: 0.000000, bitrate: 68 kb/s
I/FFMPEG  ( 3692):     Stream #0:0: Audio: vorbis, 44100 Hz, mono, fltp, 80 kb/s
I/FFMPEG  ( 3692):     Metadata:
I/FFMPEG  ( 3692):       ARTIST          : Dr. MAD
I/FFMPEG  ( 3692):       TITLE           : Voila
D/FFmpegExtractor( 3692): FFmpegExtrator, url: android-source:0xb455c600, format_name: ogg, format_long_name: Ogg
I/FFmpegExtractor( 3692): adjust mime(application/ogg -> audio/vorbis)
D/FFmpegExtractor( 3692): suppoted codec(vorbis) by official Stagefright
D/FFmpegExtractor( 3692): ffmpeg detected media content as 'audio/vorbis' with confidence 0.08
D/WVMDrmPlugIn( 3691): WVMDrmPlugin::onInitialize : 4668
D/WVMDrmPlugIn( 3691): WVMDrmPlugin::onSetOnInfoListener : add 4668
D/WVMDrmPlugIn( 3691): WVMDrmPlugin::onTerminate : 4668
I/FFmpegExtractor( 3692): android-source:0xb4575470
I/FFMPEG  ( 3692): Input #0, ogg, from 'android-source:0xb4575470':
I/FFMPEG  ( 3692):   Duration: 00:00:02.00, start: 0.000000, bitrate: 111 kb/s
I/FFMPEG  ( 3692):     Stream #0:0: Audio: vorbis, 44100 Hz, stereo, fltp, 112 kb/s
I/FFMPEG  ( 3692):     Metadata:
I/FFMPEG  ( 3692):       ANDROID_LOOP    : false
I/FFMPEG  ( 3692):       TITLE           : Xenon
D/FFmpegExtractor( 3692): FFmpegExtrator, url: android-source:0xb4575470, format_name: ogg, format_long_name: Ogg
I/FFmpegExtractor( 3692): adjust mime(application/ogg -> audio/vorbis)
D/FFmpegExtractor( 3692): suppoted codec(vorbis) by official Stagefright
D/FFmpegExtractor( 3692): ffmpeg detected media content as 'audio/vorbis' with confidence 0.08
D/WVMDrmPlugIn( 3691): WVMDrmPlugin::onInitialize : 7424
D/WVMDrmPlugIn( 3691): WVMDrmPlugin::onSetOnInfoListener : add 7424
D/WVMDrmPlugIn( 3691): WVMDrmPlugin::onTerminate : 7424
I/FFmpegExtractor( 3692): android-source:0xb4575330
I/FFMPEG  ( 3692): Input #0, ogg, from 'android-source:0xb4575330':
I/FFMPEG  ( 3692):   Duration: 00:00:01.20, start: 0.000000, bitrate: 84 kb/s
I/FFMPEG  ( 3692):     Stream #0:0: Audio: vorbis, 44100 Hz, stereo, fltp, 112 kb/s
D/FFmpegExtractor( 3692): FFmpegExtrator, url: android-source:0xb4575330, format_name: ogg, format_long_name: Ogg
I/FFmpegExtractor( 3692): adjust mime(application/ogg -> audio/vorbis)
D/FFmpegExtractor( 3692): suppoted codec(vorbis) by official Stagefright
D/FFmpegExtractor( 3692): ffmpeg detected media content as 'audio/vorbis' with confidence 0.08
D/WVMDrmPlugIn( 3691): WVMDrmPlugin::onInitialize : 6004
D/WVMDrmPlugIn( 3691): WVMDrmPlugin::onSetOnInfoListener : add 6004
D/WVMDrmPlugIn( 3691): WVMDrmPlugin::onTerminate : 6004
I/FFmpegExtractor( 3692): android-source:0xb45751a0
I/FFMPEG  ( 3692): Input #0, ogg, from 'android-source:0xb45751a0':
I/FFMPEG  ( 3692):   Duration: 00:00:01.87, start: 0.000000, bitrate: 69 kb/s
I/FFMPEG  ( 3692):     Stream #0:0: Audio: vorbis, 48000 Hz, mono, fltp, 70 kb/s
I/FFMPEG  ( 3692):     Metadata:
I/FFMPEG  ( 3692):       TITLE           : Moonbeam
D/FFmpegExtractor( 3692): FFmpegExtrator, url: android-source:0xb45751a0, format_name: ogg, format_long_name: Ogg
I/FFmpegExtractor( 3692): adjust mime(application/ogg -> audio/vorbis)
D/FFmpegExtractor( 3692): suppoted codec(vorbis) by official Stagefright
D/FFmpegExtractor( 3692): ffmpeg detected media content as 'audio/vorbis' with confidence 0.08
D/WVMDrmPlugIn( 3691): WVMDrmPlugin::onInitialize : 4713
D/WVMDrmPlugIn( 3691): WVMDrmPlugin::onSetOnInfoListener : add 4713
D/WVMDrmPlugIn( 3691): WVMDrmPlugin::onTerminate : 4713
I/FFmpegExtractor( 3692): android-source:0xb4575060
I/FFMPEG  ( 3692): Input #0, ogg, from 'android-source:0xb4575060':
I/FFMPEG  ( 3692):   Duration: 00:00:01.73, start: 0.000000, bitrate: 78 kb/s
I/FFMPEG  ( 3692):     Stream #0:0: Audio: vorbis, 48000 Hz, mono, fltp, 70 kb/s
I/FFMPEG  ( 3692):     Metadata:
I/FFMPEG  ( 3692):       TITLE           : Pixie Dust
D/FFmpegExtractor( 3692): FFmpegExtrator, url: android-source:0xb4575060, format_name: ogg, format_long_name: Ogg
I/FFmpegExtractor( 3692): adjust mime(application/ogg -> audio/vorbis)
D/FFmpegExtractor( 3692): suppoted codec(vorbis) by official Stagefright
D/FFmpegExtractor( 3692): ffmpeg detected media content as 'audio/vorbis' with confidence 0.08
D/WVMDrmPlugIn( 3691): WVMDrmPlugin::onInitialize : 5303
D/WVMDrmPlugIn( 3691): WVMDrmPlugin::onSetOnInfoListener : add 5303
D/WVMDrmPlugIn( 3691): WVMDrmPlugin::onTerminate : 5303
I/FFmpegExtractor( 3692): android-source:0xb45cb9c0
I/FFMPEG  ( 3692): Input #0, ogg, from 'android-source:0xb45cb9c0':
I/FFMPEG  ( 3692):   Duration: 00:00:02.00, start: 0.000000, bitrate: 75 kb/s
I/FFMPEG  ( 3692):     Stream #0:0: Audio: vorbis, 48000 Hz, mono, fltp, 70 kb/s
I/FFMPEG  ( 3692):     Metadata:
I/FFMPEG  ( 3692):       TITLE           : Pizzicato
D/FFmpegExtractor( 3692): FFmpegExtrator, url: android-source:0xb45cb9c0, format_name: ogg, format_long_name: Ogg
I/FFmpegExtractor( 3692): adjust mime(application/ogg -> audio/vorbis)
D/FFmpegExtractor( 3692): suppoted codec(vorbis) by official Stagefright
D/FFmpegExtractor( 3692): ffmpeg detected media content as 'audio/vorbis' with confidence 0.08
D/WVMDrmPlugIn( 3691): WVMDrmPlugin::onInitialize : 6878
D/WVMDrmPlugIn( 3691): WVMDrmPlugin::onSetOnInfoListener : add 6878
D/WVMDrmPlugIn( 3691): WVMDrmPlugin::onTerminate : 6878
I/FFmpegExtractor( 3692): android-source:0xb45cb920
I/FFMPEG  ( 3692): Input #0, ogg, from 'android-source:0xb45cb920':
I/FFMPEG  ( 3692):   Duration: 00:00:03.28, start: 0.000000, bitrate: 67 kb/s
I/FFMPEG  ( 3692):     Stream #0:0: Audio: vorbis, 44100 Hz, mono, fltp, 80 kb/s
I/FFMPEG  ( 3692):     Metadata:
I/FFMPEG  ( 3692):       ANDROID_LOOP    : false
I/FFMPEG  ( 3692):       track           : 3dB101b2
I/FFMPEG  ( 3692):       TITLE           : Regulus
I/FFMPEG  ( 3692):       ARTIST          : pdx
D/FFmpegExtractor( 3692): FFmpegExtrator, url: android-source:0xb45cb920, format_name: ogg, format_long_name: Ogg
I/FFmpegExtractor( 3692): adjust mime(application/ogg -> audio/vorbis)
D/FFmpegExtractor( 3692): suppoted codec(vorbis) by official Stagefright
D/FFmpegExtractor( 3692): ffmpeg detected media content as 'audio/vorbis' with confidence 0.08
D/WVMDrmPlugIn( 3691): WVMDrmPlugin::onInitialize : 4925
D/WVMDrmPlugIn( 3691): WVMDrmPlugin::onSetOnInfoListener : add 4925
D/WVMDrmPlugIn( 3691): WVMDrmPlugin::onTerminate : 4925
I/FFmpegExtractor( 3692): android-source:0xb45cb650
I/FFMPEG  ( 3692): Input #0, ogg, from 'android-source:0xb45cb650':
I/FFMPEG  ( 3692):   Duration: 00:00:04.30, start: 0.000000, bitrate: 49 kb/s
I/FFMPEG  ( 3692):     Stream #0:0: Audio: vorbis, 44100 Hz, mono, fltp, 80 kb/s
I/FFMPEG  ( 3692):     Metadata:
I/FFMPEG  ( 3692):       ANDROID_LOOP    : false
I/FFMPEG  ( 3692):       track           : 2d317b
I/FFMPEG  ( 3692):       TITLE           : Sirius
I/FFMPEG  ( 3692):       ARTIST          : pdx
D/FFmpegExtractor( 3692): FFmpegExtrator, url: android-source:0xb45cb650, format_name: ogg, format_long_name: Ogg
I/FFmpegExtractor( 3692): adjust mime(application/ogg -> audio/vorbis)
D/FFmpegExtractor( 3692): suppoted codec(vorbis) by official Stagefright
D/FFmpegExtractor( 3692): ffmpeg detected media content as 'audio/vorbis' with confidence 0.08
D/WVMDrmPlugIn( 3691): WVMDrmPlugin::onInitialize : 5702
D/WVMDrmPlugIn( 3691): WVMDrmPlugin::onSetOnInfoListener : add 5702
D/WVMDrmPlugIn( 3691): WVMDrmPlugin::onTerminate : 5702
I/FFmpegExtractor( 3692): android-source:0xb420d150
I/FFMPEG  ( 3692): Input #0, ogg, from 'android-source:0xb420d150':
I/FFMPEG  ( 3692):   Duration: 00:00:00.79, start: 0.000000, bitrate: 105 kb/s
I/FFMPEG  ( 3692):     Stream #0:0: Audio: vorbis, 48000 Hz, mono, fltp, 70 kb/s
I/FFMPEG  ( 3692):     Metadata:
I/FFMPEG  ( 3692):       TITLE           : Tweeters
D/FFmpegExtractor( 3692): FFmpegExtrator, url: android-source:0xb420d150, format_name: ogg, format_long_name: Ogg
I/FFmpegExtractor( 3692): adjust mime(application/ogg -> audio/vorbis)
D/FFmpegExtractor( 3692): suppoted codec(vorbis) by official Stagefright
D/FFmpegExtractor( 3692): ffmpeg detected media content as 'audio/vorbis' with confidence 0.08
D/WVMDrmPlugIn( 3691): WVMDrmPlugin::onInitialize : 8131
D/WVMDrmPlugIn( 3691): WVMDrmPlugin::onSetOnInfoListener : add 8131
D/WVMDrmPlugIn( 3691): WVMDrmPlugin::onTerminate : 8131
I/FFmpegExtractor( 3692): android-source:0xb45cb650
I/FFMPEG  ( 3692): Input #0, ogg, from 'android-source:0xb45cb650':
I/FFMPEG  ( 3692):   Duration: 00:00:03.00, start: 0.000000, bitrate: 66 kb/s
I/FFMPEG  ( 3692):     Stream #0:0: Audio: vorbis, 44100 Hz, mono, fltp, 80 kb/s
I/FFMPEG  ( 3692):     Metadata:
I/FFMPEG  ( 3692):       ANDROID_LOOP    : true
I/FFMPEG  ( 3692):       TITLE           : Andromeda
D/FFmpegExtractor( 3692): FFmpegExtrator, url: android-source:0xb45cb650, format_name: ogg, format_long_name: Ogg
I/FFmpegExtractor( 3692): adjust mime(application/ogg -> audio/vorbis)
D/FFmpegExtractor( 3692): suppoted codec(vorbis) by official Stagefright
D/FFmpegExtractor( 3692): ffmpeg detected media content as 'audio/vorbis' with confidence 0.08
D/WVMDrmPlugIn( 3691): WVMDrmPlugin::onInitialize : 6858
D/WVMDrmPlugIn( 3691): WVMDrmPlugin::onSetOnInfoListener : add 6858
D/WVMDrmPlugIn( 3691): WVMDrmPlugin::onTerminate : 6858
I/FFmpegExtractor( 3692): android-source:0xb45cbec0
I/FFMPEG  ( 3692): Input #0, ogg, from 'android-source:0xb45cbec0':
I/FFMPEG  ( 3692):   Duration: 00:00:03.00, start: 0.000000, bitrate: 57 kb/s
I/FFMPEG  ( 3692):     Stream #0:0: Audio: vorbis, 44100 Hz, mono, fltp, 80 kb/s
I/FFMPEG  ( 3692):     Metadata:
I/FFMPEG  ( 3692):       ANDROID_LOOP    : true
I/FFMPEG  ( 3692):       TITLE           : Aquila
D/FFmpegExtractor( 3692): FFmpegExtrator, url: android-source:0xb45cbec0, format_name: ogg, format_long_name: Ogg
I/FFmpegExtractor( 3692): adjust mime(application/ogg -> audio/vorbis)
D/FFmpegExtractor( 3692): suppoted codec(vorbis) by official Stagefright
D/FFmpegExtractor( 3692): ffmpeg detected media content as 'audio/vorbis' with confidence 0.08
D/WVMDrmPlugIn( 3691): WVMDrmPlugin::onInitialize : 4768
D/WVMDrmPlugIn( 3691): WVMDrmPlugin::onSetOnInfoListener : add 4768
D/WVMDrmPlugIn( 3691): WVMDrmPlugin::onTerminate : 4768
I/FFmpegExtractor( 3692): android-source:0xb45751f0
I/FFMPEG  ( 3692): [ogg @ 0xb60e2e00] 2048 bytes of comment header remain
I/FFMPEG  ( 3692): Input #0, ogg, from 'android-source:0xb45751f0':
I/FFMPEG  ( 3692):   Duration: 00:00:13.33, start: 0.000000, bitrate: 135 kb/s
I/FFMPEG  ( 3692):     Stream #0:0: Audio: vorbis, 44100 Hz, stereo, fltp, 192 kb/s
I/FFMPEG  ( 3692):     Metadata:
I/FFMPEG  ( 3692):       TITLE           : Argo Navis
D/FFmpegExtractor( 3692): FFmpegExtrator, url: android-source:0xb45751f0, format_name: ogg, format_long_name: Ogg
I/FFmpegExtractor( 3692): adjust mime(application/ogg -> audio/vorbis)
D/FFmpegExtractor( 3692): suppoted codec(vorbis) by official Stagefright
D/FFmpegExtractor( 3692): ffmpeg detected media content as 'audio/vorbis' with confidence 0.08
D/WVMDrmPlugIn( 3691): WVMDrmPlugin::onInitialize : 7029
D/WVMDrmPlugIn( 3691): WVMDrmPlugin::onSetOnInfoListener : add 7029
D/WVMDrmPlugIn( 3691): WVMDrmPlugin::onTerminate : 7029
I/FFmpegExtractor( 3692): android-source:0xb4575470
I/FFMPEG  ( 3692): Input #0, ogg, from 'android-source:0xb4575470':
I/FFMPEG  ( 3692):   Duration: 00:00:07.29, start: 0.000000, bitrate: 252 kb/s
I/FFMPEG  ( 3692):     Stream #0:0: Audio: vorbis, 44100 Hz, stereo, fltp, 224 kb/s
I/FFMPEG  ( 3692):     Metadata:
I/FFMPEG  ( 3692):       ANDROID_LOOP    : true
I/FFMPEG  ( 3692):       TITLE           : Atria
D/FFmpegExtractor( 3692): FFmpegExtrator, url: android-source:0xb4575470, format_name: ogg, format_long_name: Ogg
I/FFmpegExtractor( 3692): adjust mime(application/ogg -> audio/vorbis)
D/FFmpegExtractor( 3692): suppoted codec(vorbis) by official Stagefright
D/FFmpegExtractor( 3692): ffmpeg detected media content as 'audio/vorbis' with confidence 0.08
D/WVMDrmPlugIn( 3691): WVMDrmPlugin::onInitialize : 6729
D/WVMDrmPlugIn( 3691): WVMDrmPlugin::onSetOnInfoListener : add 6729
D/WVMDrmPlugIn( 3691): WVMDrmPlugin::onTerminate : 6729
I/FFmpegExtractor( 3692): android-source:0xb4575290
I/FFMPEG  ( 3692): Input #0, ogg, from 'android-source:0xb4575290':
I/FFMPEG  ( 3692):   Duration: 00:00:03.00, start: 0.000000, bitrate: 70 kb/s
I/FFMPEG  ( 3692):     Stream #0:0: Audio: vorbis, 44100 Hz, mono, fltp, 80 kb/s
I/FFMPEG  ( 3692):     Metadata:
I/FFMPEG  ( 3692):       ANDROID_LOOP    : true
I/FFMPEG  ( 3692):       track           : 2d302cR
I/FFMPEG  ( 3692):       TITLE           : Bootes
I/FFMPEG  ( 3692):       ARTIST          : pdx
D/FFmpegExtractor( 3692): FFmpegExtrator, url: android-source:0xb4575290, format_name: ogg, format_long_name: Ogg
I/FFmpegExtractor( 3692): adjust mime(application/ogg -> audio/vorbis)
D/FFmpegExtractor( 3692): suppoted codec(vorbis) by official Stagefright
D/FFmpegExtractor( 3692): ffmpeg detected media content as 'audio/vorbis' with confidence 0.08
D/WVMDrmPlugIn( 3691): WVMDrmPlugin::onInitialize : 6815
D/WVMDrmPlugIn( 3691): WVMDrmPlugin::onSetOnInfoListener : add 6815
D/WVMDrmPlugIn( 3691): WVMDrmPlugin::onTerminate : 6815
I/FFmpegExtractor( 3692): android-source:0xb455c1a0
I/FFMPEG  ( 3692): Input #0, ogg, from 'android-source:0xb455c1a0':
I/FFMPEG  ( 3692):   Duration: 00:00:03.61, start: 0.000000, bitrate: 79 kb/s
I/FFMPEG  ( 3692):     Stream #0:0: Audio: vorbis, 44100 Hz, mono, fltp, 75 kb/s
I/FFMPEG  ( 3692):     Metadata:
I/FFMPEG  ( 3692):       ANDROID_LOOP    : true
I/FFMPEG  ( 3692):       COPYRIGHT       : (c) Copyright 2009 Android Open Source Project
I/FFMPEG  ( 3692):       TITLE           : Backroad
I/FFMPEG  ( 3692):       ARTIST          : Dr. Mad
D/FFmpegExtractor( 3692): FFmpegExtrator, url: android-source:0xb455c1a0, format_name: ogg, format_long_name: Ogg
I/FFmpegExtractor( 3692): adjust mime(application/ogg -> audio/vorbis)
D/FFmpegExtractor( 3692): suppoted codec(vorbis) by official Stagefright
D/FFmpegExtractor( 3692): ffmpeg detected media content as 'audio/vorbis' with confidence 0.08
D/WVMDrmPlugIn( 3691): WVMDrmPlugin::onInitialize : 6082
D/WVMDrmPlugIn( 3691): WVMDrmPlugin::onSetOnInfoListener : add 6082
D/WVMDrmPlugIn( 3691): WVMDrmPlugin::onTerminate : 6082
I/FFmpegExtractor( 3692): android-source:0xb45756f0
I/FFMPEG  ( 3692): Input #0, ogg, from 'android-source:0xb45756f0':
I/FFMPEG  ( 3692):   Duration: 00:00:04.00, start: 0.000000, bitrate: 56 kb/s
I/FFMPEG  ( 3692):     Stream #0:0: Audio: vorbis, 44100 Hz, mono, fltp, 48 kb/s
I/FFMPEG  ( 3692):     Metadata:
I/FFMPEG  ( 3692):       ARTIST          : Dr. MAD
I/FFMPEG  ( 3692):       TITLE           : Beat Plucker
I/FFMPEG  ( 3692):       ANDROID_LOOP    : true
D/FFmpegExtractor( 3692): FFmpegExtrator, url: android-source:0xb45756f0, format_name: ogg, format_long_name: Ogg
I/FFmpegExtractor( 3692): adjust mime(application/ogg -> audio/vorbis)
D/FFmpegExtractor( 3692): suppoted codec(vorbis) by official Stagefright
D/FFmpegExtractor( 3692): ffmpeg detected media content as 'audio/vorbis' with confidence 0.08
D/WVMDrmPlugIn( 3691): WVMDrmPlugin::onInitialize : 6196
D/WVMDrmPlugIn( 3691): WVMDrmPlugin::onSetOnInfoListener : add 6196
D/WVMDrmPlugIn( 3691): WVMDrmPlugin::onTerminate : 6196
I/FFmpegExtractor( 3692): android-source:0xb420d150
I/FFMPEG  ( 3692): Input #0, ogg, from 'android-source:0xb420d150':
I/FFMPEG  ( 3692):   Duration: 00:00:04.44, start: 0.000000, bitrate: 55 kb/s
I/FFMPEG  ( 3692):     Stream #0:0: Audio: vorbis, 44100 Hz, mono, fltp, 48 kb/s
I/FFMPEG  ( 3692):     Metadata:
I/FFMPEG  ( 3692):       ARTIST          : Dr. MAD
I/FFMPEG  ( 3692):       TITLE           : Bentley Dubs
I/FFMPEG  ( 3692):       ANDROID_LOOP    : true
D/FFmpegExtractor( 3692): FFmpegExtrator, url: and