V/AudioPolicyManager( 3623): ====bluetoothVolume[6][0] = 0.000000
V/AudioPolicyManager( 3623): ====bluetoothVolume[6][1] = 0.003350
V/AudioPolicyManager( 3623): ====bluetoothVolume[6][2] = 0.007943
V/AudioPolicyManager( 3623): ====bluetoothVolume[6][3] = 0.014962
V/AudioPolicyManager( 3623): ====bluetoothVolume[6][4] = 0.022387
V/AudioPolicyManager( 3623): ====bluetoothVolume[6][5] = 0.031623
V/AudioPolicyManager( 3623): ====bluetoothVolume[6][6] = 0.044668
V/AudioPolicyManager( 3623): ====bluetoothVolume[6][7] = 0.063096
V/AudioPolicyManager( 3623): ====bluetoothVolume[6][8] = 0.089125
V/AudioPolicyManager( 3623): ====bluetoothVolume[6][9] = 0.125893
V/AudioPolicyManager( 3623): ====bluetoothVolume[6][10] = 0.177828
V/AudioPolicyManager( 3623): ====bluetoothVolume[6][11] = 0.251189
V/AudioPolicyManager( 3623): ====bluetoothVolume[6][12] = 0.354813
V/AudioPolicyManager( 3623): ====bluetoothVolume[6][13] = 0.501187
V/AudioPolicyManager( 3623): ====bluetoothVolume[6][14] = 0.707946
V/AudioPolicyManager( 3623): ====bluetoothVolume[6][15] = 1.000000
V/AudioPolicyManager( 3623): ====bluetoothVolume[6][16] = 0.500000
V/AudioPolicyManager( 3623): ====bluetoothVolume[7][0] = 0.000000
V/AudioPolicyManager( 3623): ====bluetoothVolume[7][1] = 0.007943
V/AudioPolicyManager( 3623): ====bluetoothVolume[7][2] = 0.011220
V/AudioPolicyManager( 3623): ====bluetoothVolume[7][3] = 0.015849
V/AudioPolicyManager( 3623): ====bluetoothVolume[7][4] = 0.022387
V/AudioPolicyManager( 3623): ====bluetoothVolume[7][5] = 0.031623
V/AudioPolicyManager( 3623): ====bluetoothVolume[7][6] = 0.044668
V/AudioPolicyManager( 3623): ====bluetoothVolume[7][7] = 0.063096
V/AudioPolicyManager( 3623): ====bluetoothVolume[7][8] = 0.089125
V/AudioPolicyManager( 3623): ====bluetoothVolume[7][9] = 0.125893
V/AudioPolicyManager( 3623): ====bluetoothVolume[7][10] = 0.177828
V/AudioPolicyManager( 3623): ====bluetoothVolume[7][11] = 0.251189
V/AudioPolicyManager( 3623): ====bluetoothVolume[7][12] = 0.354813
V/AudioPolicyManager( 3623): ====bluetoothVolume[7][13] = 0.501187
V/AudioPolicyManager( 3623): ====bluetoothVolume[7][14] = 0.707946
V/AudioPolicyManager( 3623): ====bluetoothVolume[7][15] = 1.000000
V/AudioPolicyManager( 3623): ====bluetoothVolume[7][16] = 1.000000
V/AudioPolicyManager( 3623): ====bluetoothVolume[8][0] = 0.000000
V/AudioPolicyManager( 3623): ====bluetoothVolume[8][1] = 0.003350
V/AudioPolicyManager( 3623): ====bluetoothVolume[8][2] = 0.007943
V/AudioPolicyManager( 3623): ====bluetoothVolume[8][3] = 0.014962
V/AudioPolicyManager( 3623): ====bluetoothVolume[8][4] = 0.022387
V/AudioPolicyManager( 3623): ====bluetoothVolume[8][5] = 0.031623
V/AudioPolicyManager( 3623): ====bluetoothVolume[8][6] = 0.044668
V/AudioPolicyManager( 3623): ====bluetoothVolume[8][7] = 0.063096
V/AudioPolicyManager( 3623): ====bluetoothVolume[8][8] = 0.089125
V/AudioPolicyManager( 3623): ====bluetoothVolume[8][9] = 0.125893
V/AudioPolicyManager( 3623): ====bluetoothVolume[8][10] = 0.177828
V/AudioPolicyManager( 3623): ====bluetoothVolume[8][11] = 0.251189
V/AudioPolicyManager( 3623): ====bluetoothVolume[8][12] = 0.354813
V/AudioPolicyManager( 3623): ====bluetoothVolume[8][13] = 0.501187
V/AudioPolicyManager( 3623): ====bluetoothVolume[8][14] = 0.707946
V/AudioPolicyManager( 3623): ====bluetoothVolume[8][15] = 1.000000
V/AudioPolicyManager( 3623): ====bluetoothVolume[8][16] = 0.500000
V/AudioPolicyManager( 3623): ====bluetoothVolume[9][0] = 0.000000
V/AudioPolicyManager( 3623): ====bluetoothVolume[9][1] = 0.074989
V/AudioPolicyManager( 3623): ====bluetoothVolume[9][2] = 0.089125
V/AudioPolicyManager( 3623): ====bluetoothVolume[9][3] = 0.105925
V/AudioPolicyManager( 3623): ====bluetoothVolume[9][4] = 0.125893
V/AudioPolicyManager( 3623): ====bluetoothVolume[9][5] = 0.149624
V/AudioPolicyManager( 3623): ====bluetoothVolume[9][6] = 0.177828
V/AudioPolicyManager( 3623): ====bluetoothVolume[9][7] = 0.211349
V/AudioPolicyManager( 3623): ====bluetoothVolume[9][8] = 0.251189
V/AudioPolicyManager( 3623): ====bluetoothVolume[9][9] = 0.298538
V/AudioPolicyManager( 3623): ====bluetoothVolume[9][10] = 0.354813
V/AudioPolicyManager( 3623): ====bluetoothVolume[9][11] = 0.421696
V/AudioPolicyManager( 3623): ====bluetoothVolume[9][12] = 0.501187
V/AudioPolicyManager( 3623): ====bluetoothVolume[9][13] = 0.595662
V/AudioPolicyManager( 3623): ====bluetoothVolume[9][14] = 0.707946
V/AudioPolicyManager( 3623): ====bluetoothVolume[9][15] = 0.841395
V/AudioPolicyManager( 3623): ====bluetoothVolume[9][16] = 0.500000
V/AudioPolicyManager( 3623): ====bluetoothVolume[10][0] = 0.000000
V/AudioPolicyManager( 3623): ====bluetoothVolume[10][1] = 0.003350
V/AudioPolicyManager( 3623): ====bluetoothVolume[10][2] = 0.007943
V/AudioPolicyManager( 3623): ====bluetoothVolume[10][3] = 0.014962
V/AudioPolicyManager( 3623): ====bluetoothVolume[10][4] = 0.022387
V/AudioPolicyManager( 3623): ====bluetoothVolume[10][5] = 0.031623
V/AudioPolicyManager( 3623): ====bluetoothVolume[10][6] = 0.044668
V/AudioPolicyManager( 3623): ====bluetoothVolume[10][7] = 0.063096
V/AudioPolicyManager( 3623): ====bluetoothVolume[10][8] = 0.089125
V/AudioPolicyManager( 3623): ====bluetoothVolume[10][9] = 0.125893
V/AudioPolicyManager( 3623): ====bluetoothVolume[10][10] = 0.177828
V/AudioPolicyManager( 3623): ====bluetoothVolume[10][11] = 0.251189
V/AudioPolicyManager( 3623): ====bluetoothVolume[10][12] = 0.354813
V/AudioPolicyManager( 3623): ====bluetoothVolume[10][13] = 0.501187
V/AudioPolicyManager( 3623): ====bluetoothVolume[10][14] = 0.707946
V/AudioPolicyManager( 3623): ====bluetoothVolume[10][15] = 1.000000
V/AudioPolicyManager( 3623): ====bluetoothVolume[10][16] = 0.500000
V/AudioPolicyManager( 3623): ====bluetoothVolume[11][0] = 0.177828
V/AudioPolicyManager( 3623): ====bluetoothVolume[11][1] = 0.251189
V/AudioPolicyManager( 3623): ====bluetoothVolume[11][2] = 0.354813
V/AudioPolicyManager( 3623): ====bluetoothVolume[11][3] = 0.501187
V/AudioPolicyManager( 3623): ====bluetoothVolume[11][4] = 0.707946
V/AudioPolicyManager( 3623): ====bluetoothVolume[11][5] = 1.000000
V/AudioPolicyManager( 3623): ====bluetoothVolume[11][6] = 0.500000
V/AudioPolicyManager( 3623): ====bluetoothVolume[11][7] = 0.000000
V/AudioPolicyManager( 3623): ====bluetoothVolume[11][8] = 0.000000
V/AudioPolicyManager( 3623): ====bluetoothVolume[11][9] = 0.000000
V/AudioPolicyManager( 3623): ====bluetoothVolume[11][10] = 0.000000
V/AudioPolicyManager( 3623): ====bluetoothVolume[11][11] = 0.000000
V/AudioPolicyManager( 3623): ====bluetoothVolume[11][12] = 0.000000
V/AudioPolicyManager( 3623): ====bluetoothVolume[11][13] = 0.000000
V/AudioPolicyManager( 3623): ====bluetoothVolume[11][14] = 0.000000
V/AudioPolicyManager( 3623): ====bluetoothVolume[11][15] = 0.000000
V/AudioPolicyManager( 3623): ====bluetoothVolume[11][16] = 0.000000
V/AudioPolicyManager( 3623): ====bluetoothVolume[12][0] = 0.177828
V/AudioPolicyManager( 3623): ====bluetoothVolume[12][1] = 0.251189
V/AudioPolicyManager( 3623): ====bluetoothVolume[12][2] = 0.354813
V/AudioPolicyManager( 3623): ====bluetoothVolume[12][3] = 0.501187
V/AudioPolicyManager( 3623): ====bluetoothVolume[12][4] = 0.707946
V/AudioPolicyManager( 3623): ====bluetoothVolume[12][5] = 1.000000
V/AudioPolicyManager( 3623): ====bluetoothVolume[12][6] = 0.500000
V/AudioPolicyManager( 3623): ====bluetoothVolume[12][7] = 0.000000
V/AudioPolicyManager( 3623): ====bluetoothVolume[12][8] = 0.000000
V/AudioPolicyManager( 3623): ====bluetoothVolume[12][9] = 0.000000
V/AudioPolicyManager( 3623): ====bluetoothVolume[12][10] = 0.000000
V/AudioPolicyManager( 3623): ====bluetoothVolume[12][11] = 0.000000
V/AudioPolicyManager( 3623): ====bluetoothVolume[12][12] = 0.000000
V/AudioPolicyManager( 3623): ====bluetoothVolume[12][13] = 0.000000
V/AudioPolicyManager( 3623): ====bluetoothVolume[12][14] = 0.000000
V/AudioPolicyManager( 3623): ====bluetoothVolume[12][15] = 0.000000
V/AudioPolicyManager( 3623): ====bluetoothVolume[12][16] = 0.000000
V/AudioPolicyManager( 3623): ==== situationVolume[0][0] = 0.300000
V/AudioPolicyManager( 3623): ==== situationVolume[0][1] = 1.000000
V/AudioPolicyManager( 3623): ==== situationVolume[1][0] = 1.000000
V/AudioPolicyManager( 3623): ==== situationVolume[1][1] = 0.600000
V/AudioPolicyManager( 3623): ==== situationVolume[2][0] = 0.500000
V/AudioPolicyManager( 3623): ==== situationVolume[2][1] = 1.000000
V/AudioPolicyManager( 3623): ==== situationVolume[3][0] = 0.400000
V/AudioPolicyManager( 3623): ==== situationVolume[3][1] = 0.500000
V/AudioPolicyManager( 3623): ==== situationVolume[4][0] = 0.330000
V/AudioPolicyManager( 3623): ==== situationVolume[4][1] = 1.000000
V/AudioPolicyManager( 3623): ==== situationVolume[5][0] = 1.000000
V/AudioPolicyManager( 3623): ==== situationVolume[5][1] = 0.300000
V/AudioPolicyManager( 3623): ==== situationVolume[6][0] = 1.000000
V/AudioPolicyManager( 3623): ==== situationVolume[6][1] = 0.050000
V/AudioPolicyManager( 3623): ==== situationVolume[7][0] = 0.900000
V/AudioPolicyManager( 3623): ==== situationVolume[7][1] = 1.000000
V/AudioPolicyManager( 3623): ==== situationVolume[8][0] = 1.000000
V/AudioPolicyManager( 3623): ==== situationVolume[8][1] = 0.900000
V/AudioPolicyManager( 3623): ==== situationVolume[9][0] = 0.500000
V/AudioPolicyManager( 3623): ==== situationVolume[9][1] = 0.500000
V/AudioPolicyManager( 3623): ==== situationVolume[10][0] = 0.500000
V/AudioPolicyManager( 3623): ==== situationVolume[10][1] = 0.500000
V/AudioPolicyManager( 3623): ==== situationVolume[11][0] = 1.000000
V/AudioPolicyManager( 3623): ==== situationVolume[11][1] = 1.000000
V/AudioPolicyManager( 3623): ==== situationVolume[12][0] = 0.500000
V/AudioPolicyManager( 3623): ==== situationVolume[12][1] = 1.000000
V/AudioPolicyManager( 3623): ==== situationVolume[13][0] = 0.500000
V/AudioPolicyManager( 3623): ==== situationVolume[13][1] = 1.000000
V/AudioPolicyManager( 3623): ==== situationVolume[14][0] = 0.500000
V/AudioPolicyManager( 3623): ==== situationVolume[14][1] = 1.000000
V/AudioPolicyManager( 3623): ==== situationVolume[15][0] = 0.500000
V/AudioPolicyManager( 3623): ==== situationVolume[15][1] = 1.000000
V/AudioPolicyManager( 3623): ==== situationVolume[16][0] = 0.500000
V/AudioPolicyManager( 3623): ==== situationVolume[16][1] = 1.000000
D/Audio_Control_CSC( 3623): get_CS_ISO_Code country_code = PA
D/Audio_Control_CSC( 3623): get_ShutterSound_Off
D/Audio_Control_CSC( 3623): getCameraShutterOn()_mbIsShutterOn = 0
I/AudioPolicyService( 3623): forced_val : 0
V/AudioPolicyManager( 3623): setSystemProperty() property ro.camera.sound.forced, value 0
I/AudioPolicyManager( 3623): ENFORCED_AUDIBLE can be muted
E/AudioPolicyEffects( 3623): inputSourceNameToEnum found source mic 0
E/AudioPolicyEffects( 3623): inputSourceNameToEnum found source camcorder 4
W/AudioPolicyEffects( 3623): loadInputSource() empty element camcorder
E/AudioPolicyEffects( 3623): inputSourceNameToEnum found source voice_communication 6
E/AudioPolicyEffects( 3623): inputSourceNameToEnum found source sec_voice_recognition 10
E/AudioPolicyEffects( 3623): inputSourceNameToEnum found source sec_bargein_driving 18
E/AudioPolicyEffects( 3623): inputSourceNameToEnum found source sec_voice_communication 11
V/TranscoderService( 3623): TranscoderService created
E/SoundTriggerHwService( 3623): couldn't load sound trigger module sound_trigger.primary (No such file or directory)
V/SamsungPowerSound( 3870): ##########################################
V/SamsungPowerSound( 3870): powerSoundPlay on/off             [on]
V/SamsungPowerSound( 3870): powerSoundPlay ringermode         [1]
V/SamsungPowerSound( 3870): powerSoundPlay SysVolume          [9]
V/SamsungPowerSound( 3870): powerSoundPlay SysHeadsetVolume   [9]
V/SamsungPowerSound( 3870): powerSoundPlay SysHeadphoneVolume [9]
V/SamsungPowerSound( 3870): powerSoundPlay AllSoundMute       [0]
V/AudioPolicyManager( 3623): initStreamVolume() stream 1, min 0, max 15
V/AudioPolicyManager( 3623): setStreamVolumeIndex() stream 1, device 0002, index 9
V/SamsungPowerSound( 3870): power sound system volume index   [9]
V/SamsungPowerSound( 3870): ##########################################
V/MediaPlayer( 3870): constructor
V/SamsungPowerSound( 3870): ++++++++ SamsungPowerSoundObserver Constuctor ++++++++
V/MediaPlayer( 3870): setListener
V/SamsungPowerSound( 3870): File path : system/media/audio/ui/PowerOn.ogg
V/MediaPlayerService( 3623): Create new client(1) from pid 3870, uid 1013, 
V/SamsungPowerSound( 3870): observerThreadWrapper (0xb57171f0)
V/SamsungPowerSound( 3870): [Enter] SamsungPowerSoundObserver threadFunc
V/MediaPlayerService( 3623): player type = 3
V/AwesomePlayer( 3623): setDefault
V/AwesomePlayer( 3623): constructor
I/AudioPolicyManager( 3623): getAudioPolicyConfig: audioParam;outDevice
V/AudioPolicyManager( 3623): getNewOutputDevice() selected device 0
V/AudioPolicyManager( 3623): ### curdevice : 2
D/EXYNOS_COMP_REGS( 3623): 32bit lib is loaded
I/EXYNOS_COMP_REGS( 3623): Loading the library: libOMX.Exynos.AVC.Decoder.so
I/EXYNOS_COMP_REGS( 3623): Loading the library: libOMX.Exynos.AVC.Encoder.so
I/EXYNOS_COMP_REGS( 3623): Loading the library: libOMX.Exynos.MPEG4.Decoder.so
I/EXYNOS_COMP_REGS( 3623): Loading the library: libOMX.Exynos.MPEG4.Encoder.so
I/EXYNOS_COMP_REGS( 3623): Loading the library: libOMX.Exynos.VP8.Decoder.so
I/EXYNOS_COMP_REGS( 3623): Loading the library: libOMX.Exynos.VP8.Encoder.so
I/EXYNOS_COMP_REGS( 3623): Loading the library: libOMX.Exynos.WMV.Decoder.so
W/linker  ( 3623): libarac.so has text relocations. This is wasting memory and prevents security hardening. Please fix.
I/AudioPolicyManager( 3623): getAudioPolicyConfig: audioParam;outDevice
V/AudioPolicyManager( 3623): getNewOutputDevice() selected device 0
V/AudioPolicyManager( 3623): ### curdevice : 2
W/linker  ( 3623): libarac.so has text relocations. This is wasting memory and prevents security hardening. Please fix.
E/OMXMaster( 3623): A component of name 'OMX.SEC.hevc.sw.dec' already exists, ignoring this one.
V/AwesomePlayer( 3623): setDefault
V/AwesomePlayer( 3623): reset_l()
V/AwesomePlayer( 3623): notifyListner_l() msg (8-MEDIA_STOPPED), ext1 (0), ext2 (0)
V/AwesomePlayer( 3623): cancelPlayerEvents (keepNotifications=0)
V/AwesomePlayer( 3623): mAudioTrackVector clear
V/AwesomePlayer( 3623): reset_l() mAudioPlayer successfully deleted
V/AwesomePlayer( 3623): mSecCapture clear
V/AwesomePlayer( 3623): mSecMediaClock clear
V/StagefrightPlayer( 3623): StagefrightPlayer
V/AwesomePlayer( 3623): setListener
V/StagefrightPlayer( 3623): initCheck
V/AwesomePlayer( 3623): AwesomePlayer running on behalf of uid 1013
V/AudioSink( 3623): AudioOutput(10)
V/AwesomePlayer( 3623): setAudioSink
V/AwesomePlayer( 3623): reset_l()
V/AwesomePlayer( 3623): notifyListner_l() msg (8-MEDIA_STOPPED), ext1 (0), ext2 (0)
V/MediaPlayerService( 3623): [1] notify (0xb2a5d300, 8, 0, 0)
V/AwesomePlayer( 3623): cancelPlayerEvents (keepNotifications=0)
V/AwesomePlayer( 3623): mAudioTrackVector clear
V/AwesomePlayer( 3623): reset_l() mAudioPlayer successfully deleted
V/AwesomePlayer( 3623): mSecCapture clear
V/AwesomePlayer( 3623): mSecMediaClock clear
I/AwesomePlayer( 3623): setDataSource_l(<no-scheme URI suppressed>)
V/MediaPlayerService( 3623): [1] setParameter(1604)
V/StagefrightPlayer( 3623): setParameter(key=1604)
V/MediaPlayer( 3870): message received msg=8, ext1=0, ext2=0
V/AwesomePlayer( 3623): setParameter key (1604)
V/AwesomePlayer( 3623): Current Contet PID : 3870
V/MediaPlayerService( 3623): [1] getParameter(1700)
V/MediaPlayer( 3870): MediaPlayer::setAudioStreamType
V/MediaPlayer( 3870): prepare
V/MediaPlayerService( 3623): [1] setAudioStreamType(1)
V/MediaPlayerService( 3623): [1] prepareAsync
V/AwesomePlayer( 3623): prepareAsync
V/AwesomePlayer( 3623): onPrepareAsyncEvent
I/SecMediaClock( 3623): SecMediaClock constructor
I/SecMediaClock( 3623): reset
I/SecVideoCapture( 3623): SecVideoCapture constructor
I/SecVideoCapture( 3623): reset
V/AwesomePlayer( 3623): finishSetDataSource_l
V/MediaPlayer( 3870): unrecognized message: (8, 0, 0)
V/MediaPlayer( 3870): callback application
E/SamsungPowerSound( 3870): Power sound play exception (0, 0)
V/MediaPlayer( 3870): back from callback
I/AudioPolicyManager( 3623): getAudioPolicyConfig: audioParam;outDevice
V/AudioPolicyManager( 3623): getNewOutputDevice() selected device 0
V/AudioPolicyManager( 3623): ### curdevice : 2
V/AwesomePlayer( 3623): track of type 'audio/vorbis' does not publish bitrate
V/AwesomePlayer( 3623): mBitrate = -1 bits/sec
I/OggExtractor( 3623): OggSource::OggSource() mExtractor ref count = 4
V/AwesomePlayer( 3623): current audio track index (0) is added to vector
V/AwesomePlayer( 3623): setDataSource_l: Audio(1), Video(0)
I/AwesomePlayer( 3623): checkRightsStatus is not necessary - AwesomePlayer::setDataSource_l
V/AwesomePlayer( 3623): initAudioDecoder
V/AwesomePlayer( 3623): checkOffloadExceptions is true
V/AudioPolicyManager( 3623): isOffloadSupported: SR=44100, CM=0x3, Format=0x7000000, StreamType=1, BitRate=4294967295, duration=3000000 us, has_video=0
V/AudioPolicyManager( 3623): isOffloadSupported: stream_type != MUSIC, returning false
E/SEC_AUDIO_DEC( 3623): SEC_OMX_AudioDecodeGetParameter() OMX_Error, Line:943
E/OMXNodeInstance( 3623): getParameter(100663311) ERROR: 0x8000101a
E/SEC_AUDIO_DEC( 3623): SEC_OMX_AudioDecodeGetParameter() OMX_Error, Line:943
E/OMXNodeInstance( 3623): getParameter(100663297) ERROR: 0x8000101a
E/SEC_AUDIO_DEC( 3623): SEC_OMX_AudioDecodeGetParameter() OMX_Error, Line:943
E/OMXNodeInstance( 3623): getParameter(100663311) ERROR: 0x8000101a
E/SEC_AUDIO_DEC( 3623): SEC_OMX_AudioDecodeGetParameter() OMX_Error, Line:943
E/OMXNodeInstance( 3623): getParameter(100663297) ERROR: 0x8000101a
E/SEC_AUDIO_DEC( 3623): SEC_OMX_AudioDecodeGetParameter() OMX_Error, Line:943
E/OMXNodeInstance( 3623): getParameter(100663311) ERROR: 0x8000101a
E/SEC_AUDIO_DEC( 3623): SEC_OMX_AudioDecodeGetParameter() OMX_Error, Line:943
E/OMXNodeInstance( 3623): getParameter(100663297) ERROR: 0x8000101a
E/SEC_AUDIO_DEC( 3623): SEC_OMX_AudioDecodeGetParameter() OMX_Error, Line:943
E/OMXNodeInstance( 3623): getParameter(100663311) ERROR: 0x8000101a
E/SEC_AUDIO_DEC( 3623): SEC_OMX_AudioDecodeGetParameter() OMX_Error, Line:943
E/OMXNodeInstance( 3623): getParameter(100663297) ERROR: 0x8000101a
E/SEC_AUDIO_DEC( 3623): SEC_OMX_AudioDecodeGetParameter() OMX_Error, Line:943
E/OMXNodeInstance( 3623): getParameter(100663311) ERROR: 0x8000101a
E/SEC_AUDIO_DEC( 3623): SEC_OMX_AudioDecodeGetParameter() OMX_Error, Line:943
E/OMXNodeInstance( 3623): getParameter(100663297) ERROR: 0x8000101a
E/SEC_AUDIO_DEC( 3623): SEC_OMX_AudioDecodeGetParameter() OMX_Error, Line:943
E/OMXNodeInstance( 3623): getParameter(100663311) ERROR: 0x8000101a
E/SEC_AUDIO_DEC( 3623): SEC_OMX_AudioDecodeGetParameter() OMX_Error, Line:943
E/OMXNodeInstance( 3623): getParameter(100663297) ERROR: 0x8000101a
E/SEC_AUDIO_DEC( 3623): SEC_OMX_AudioDecodeGetParameter() OMX_Error, Line:943
E/OMXNodeInstance( 3623): getParameter(100663311) ERROR: 0x8000101a
E/SEC_AUDIO_DEC( 3623): SEC_OMX_AudioDecodeGetParameter() OMX_Error, Line:943
E/OMXNodeInstance( 3623): getParameter(100663297) ERROR: 0x8000101a
E/SEC_AUDIO_DEC( 3623): SEC_OMX_AudioDecodeGetParameter() OMX_Error, Line:943
E/OMXNodeInstance( 3623): getParameter(100663311) ERROR: 0x8000101a
E/SEC_AUDIO_DEC( 3623): SEC_OMX_AudioDecodeGetParameter() OMX_Error, Line:943
E/OMXNodeInstance( 3623): getParameter(100663297) ERROR: 0x8000101a
E/SEC_AUDIO_DEC( 3623): SEC_OMX_AudioDecodeGetParameter() OMX_Error, Line:943
E/OMXNodeInstance( 3623): getParameter(100663311) ERROR: 0x8000101a
E/SEC_AUDIO_DEC( 3623): SEC_OMX_AudioDecodeGetParameter() OMX_Error, Line:943
E/OMXNodeInstance( 3623): getParameter(100663297) ERROR: 0x8000101a
D/wrapperGPS( 3641): wrapperConnect_RILD
D/libexynosv4l2( 3623): try node: /dev/video6
I/libexynosv4l2( 3623): node found for device s5p-mfc-dec: /dev/video6
I/AudioPolicyManager( 3623): getAudioPolicyConfig: audioParam;outDevice
V/AudioPolicyManager( 3623): getNewOutputDevice() selected device 0
V/AudioPolicyManager( 3623): ### curdevice : 2
I/libexynosv4l2( 3623): open video device /dev/video6
D/OMX     ( 3623): SendBroadCasting VIDEO_PLAYBACK_START
W/OMX     ( 3623): activity service is not working, failed to sendBroadCastEvent
E/OMXNodeInstance( 3623): getParameter(100663311) ERROR: 0x8000100e
W/ACodec  ( 3623): do not know color format 0x7f000012 = 2130706450
W/ACodec  ( 3623): do not know color format 0x7f000011 = 2130706449
E/OMXNodeInstance( 3623): getParameter(100663297) ERROR: 0x8000100e
D/OMX     ( 3623): SendBroadCasting VIDEO_PLAYBACK_STOP
W/OMX     ( 3623): activity service is not working, failed to sendBroadCastEvent
D/libexynosv4l2( 3623): try node: /dev/video6
I/libexynosv4l2( 3623): node found for device s5p-mfc-dec: /dev/video6
I/tlc_communication( 3647): mcWaitNotification is completed;225
I/tlcFingerPrint( 3647): Check the Trustlet return code is completed;906
I/ValidityLIB( 3647): vfmEx.c 4170 4
I/ValidityLIB( 3647): APIHandlerServer.cpp 617 4
I/ValidityLIB( 3647): APIHandlerServer.cpp 617 4
I/ValidityLIB( 3647): vfmEx.c 5164 4
I/ValidityLIB( 3647): vfmEx.c 5197 4
I/ValidityLIB( 3647): vfmEx.c 637 4
I/ValidityLIB( 3647): ThreadBase.cpp 49 4
I/ValidityLIB( 3647): palSynchronization.c 1169 4
I/ValidityLIB( 3647): WorkerThreadBase.cpp 42 4
I/ValidityLIB( 3647): ThreadBase.cpp 49 4
I/ValidityLIB( 3647): palSynchronization.c 1169 4
I/ValidityLIB( 3647): WorkerThreadBase.cpp 42 4
I/ValidityLIB( 3647): ThreadBase.cpp 49 4
I/ValidityLIB( 3647): ThreadBase.cpp 112 4
I/ValidityLIB( 3647): ThreadBase.cpp 112 4
I/ValidityLIB( 3647): palSynchronization.c 1169 4
I/ValidityLIB( 3647): ThreadBase.cpp 112 4
I/ValidityLIB( 3647): InputThread.cpp 68 4
I/ValidityLIB( 3647): Pipe.cpp 54 4
I/ValidityLIB( 3647): palPipe.c 55 4
I/ValidityLIB( 3647): ThreadBase.cpp 49 4
I/ValidityLIB( 3647): palSynchronization.c 1169 4
I/ValidityLIB( 3647): vfmEx.c 4219 4
I/ValidityLIB( 3647): palDevConfig.c 447 3
I/ValidityLIB( 3647): palDevConfig.c 453 3
I/tlcFingerPrint( 3647): Call FP cmd 0x3;622
I/tlc_communication( 3647): Send Trustlet TCI Message;207
I/tlc_communication( 3647): mcNotify is completed;216
I/ValidityLIB( 3647): ThreadBase.cpp 112 4
I/tlc_communication( 3647): mcWaitNotification is completed;225
I/tlcFingerPrint( 3647): Check the Trustlet return code is completed;654
I/tlcFingerPrint( 3647): vfmTZSessionClose;355
I/tlcFingerPrint( 3647): Free ION Memory;362
I/tlcFingerPrint( 3647): Finalize PMEM
I/tlcFingerPrint( 3647): ;158
I/libexynosv4l2( 3623): open video device /dev/video6
D/OMX     ( 3623): SendBroadCasting VIDEO_PLAYBACK_START
W/OMX     ( 3623): activity service is not working, failed to sendBroadCastEvent
E/OMXNodeInstance( 3623): getParameter(100663311) ERROR: 0x8000100e
W/ACodec  ( 3623): do not know color format 0x7f000012 = 2130706450
W/ACodec  ( 3623): do not know color format 0x7f000011 = 2130706449
E/OMXNodeInstance( 3623): getParameter(100663297) ERROR: 0x8000100e
I/tlc_communication( 3647): tlc_close() called;149
I/tlc_communication( 3647): Closing the session;153
D/OMX     ( 3623): SendBroadCasting VIDEO_PLAYBACK_STOP
W/OMX     ( 3623): activity service is not working, failed to sendBroadCastEvent
D/libexynosv4l2( 3623): try node: /dev/video6
I/libexynosv4l2( 3623): node found for device s5p-mfc-dec: /dev/video6
I/tlc_communication( 3647): Free WSM;168
I/tlc_communication( 3647): tlc_close() successed;195
I/tlcFingerPrint( 3647): vfmTZSessionClose Success;440
I/ValidityLIB( 3647): vfmEx.c 4302 4
I/ValidityLIB( 3647): APIHandlerVfm.cpp 1141 4
I/libexynosv4l2( 3623): open video device /dev/video6
D/OMX     ( 3623): SendBroadCasting VIDEO_PLAYBACK_START
W/OMX     ( 3623): activity service is not working, failed to sendBroadCastEvent
E/OMXNodeInstance( 3623): getParameter(100663311) ERROR: 0x8000100e
W/ACodec  ( 3623): do not know color format 0x7f000012 = 2130706450
W/ACodec  ( 3623): do not know color format 0x7f000011 = 2130706449
E/OMXNodeInstance( 3623): getParameter(100663297) ERROR: 0x8000100e
D/OMX     ( 3623): SendBroadCasting VIDEO_PLAYBACK_STOP
W/OMX     ( 3623): activity service is not working, failed to sendBroadCastEvent
D/libexynosv4l2( 3623): try node: /dev/video6
I/libexynosv4l2( 3623): node found for device s5p-mfc-dec: /dev/video6
I/AudioPolicyManager( 3623): getAudioPolicyConfig: audioParam;outDevice
V/AudioPolicyManager( 3623): getNewOutputDevice() selected device 0
V/AudioPolicyManager( 3623): ### curdevice : 2
I/libexynosv4l2( 3623): open video device /dev/video6
D/OMX     ( 3623): SendBroadCasting VIDEO_PLAYBACK_START
W/OMX     ( 3623): activity service is not working, failed to sendBroadCastEvent
E/OMXNodeInstance( 3623): getParameter(100663311) ERROR: 0x8000101a
W/ACodec  ( 3623): do not know color format 0x7f000012 = 2130706450
W/ACodec  ( 3623): do not know color format 0x7f000011 = 2130706449
E/OMXNodeInstance( 3623): getParameter(100663297) ERROR: 0x8000100e
D/OMX     ( 3623): SendBroadCasting VIDEO_PLAYBACK_STOP
W/OMX     ( 3623): activity service is not working, failed to sendBroadCastEvent
D/libexynosv4l2( 3623): try node: /dev/video6
I/libexynosv4l2( 3623): node found for device s5p-mfc-dec: /dev/video6
I/libexynosv4l2( 3623): open video device /dev/video6
D/OMX     ( 3623): SendBroadCasting VIDEO_PLAYBACK_START
W/OMX     ( 3623): activity service is not working, failed to sendBroadCastEvent
E/OMXNodeInstance( 3623): getParameter(100663311) ERROR: 0x8000101a
W/ACodec  ( 3623): do not know color format 0x7f000012 = 2130706450
W/ACodec  ( 3623): do not know color format 0x7f000011 = 2130706449
E/OMXNodeInstance( 3623): getParameter(100663297) ERROR: 0x8000100e
D/OMX     ( 3623): SendBroadCasting VIDEO_PLAYBACK_STOP
W/OMX     ( 3623): activity service is not working, failed to sendBroadCastEvent
W/MediaCodecList( 3623): ignoring Limit specified outside of a Type
W/MediaCodecList( 3623): ignoring Limit specified outside of a Type
W/MediaCodecList( 3623): ignoring Limit specified outside of a Type
W/MediaCodecList( 3623): ignoring Limit specified outside of a Type
W/MediaCodecList( 3623): ignoring Limit specified outside of a Type
W/MediaCodecList( 3623): ignoring Feature specified outside of a Type
D/libexynosv4l2( 3623): try node: /dev/video6
I/libexynosv4l2( 3623): node found for device s5p-mfc-dec: /dev/video6
E/memtrack( 3643): Couldn't load memtrack module (No such file or directory)
E/android.os.Debug( 3643): failed to load memtrack module: -2
I/libexynosv4l2( 3623): open video device /dev/video6
D/OMX     ( 3623): SendBroadCasting VIDEO_PLAYBACK_START
W/OMX     ( 3623): activity service is not working, failed to sendBroadCastEvent
E/OMXNodeInstance( 3623): getParameter(100663311) ERROR: 0x8000101a
W/ACodec  ( 3623): do not know color format 0x7f000012 = 2130706450
W/ACodec  ( 3623): do not know color format 0x7f000011 = 2130706449
E/OMXNodeInstance( 3623): getParameter(100663297) ERROR: 0x8000100e
D/OMX     ( 3623): SendBroadCasting VIDEO_PLAYBACK_STOP
W/OMX     ( 3623): activity service is not working, failed to sendBroadCastEvent
D/libexynosv4l2( 3623): try node: /dev/video6
I/libexynosv4l2( 3623): node found for device s5p-mfc-dec: /dev/video6
I/AudioPolicyManager( 3623): getAudioPolicyConfig: audioParam;outDevice
V/AudioPolicyManager( 3623): getNewOutputDevice() selected device 0
V/AudioPolicyManager( 3623): ### curdevice : 2
I/libexynosv4l2( 3623): open video device /dev/video6
D/OMX     ( 3623): SendBroadCasting VIDEO_PLAYBACK_START
W/OMX     ( 3623): activity service is not working, failed to sendBroadCastEvent
E/OMXNodeInstance( 3623): getParameter(100663311) ERROR: 0x8000100e
W/ACodec  ( 3623): do not know color format 0x7f000012 = 2130706450
W/ACodec  ( 3623): do not know color format 0x7f000011 = 2130706449
E/OMXNodeInstance( 3623): getParameter(100663297) ERROR: 0x8000100e
D/OMX     ( 3623): SendBroadCasting VIDEO_PLAYBACK_STOP
W/OMX     ( 3623): activity service is not working, failed to sendBroadCastEvent
D/OMX     ( 3623): SendBroadCasting VIDEO_PLAYBACK_START
W/OMX     ( 3623): activity service is not working, failed to sendBroadCastEvent
E/OMXNodeInstance( 3623): getParameter(100663311) ERROR: 0x8000101a
E/OMXNodeInstance( 3623): getParameter(100663297) ERROR: 0x8000100e
E/OMXNodeInstance( 3623): OMX_GetExtensionIndex OMX.google.android.index.storeMetaDataInBuffers failed
W/OMXNodeInstance( 3623): OMX_GetExtensionIndex OMX.google.android.index.prepareForAdaptivePlayback failed
D/OMX     ( 3623): SendBroadCasting VIDEO_PLAYBACK_STOP
W/OMX     ( 3623): activity service is not working, failed to sendBroadCastEvent
D/OMX     ( 3623): SendBroadCasting VIDEO_PLAYBACK_START
W/OMX     ( 3623): activity service is not working, failed to sendBroadCastEvent
E/OMXNodeInstance( 3623): getParameter(100663311) ERROR: 0x8000100e
E/OMXNodeInstance( 3623): getParameter(100663297) ERROR: 0x8000100e
E/OMXNodeInstance( 3623): OMX_GetExtensionIndex OMX.google.android.index.storeMetaDataInBuffers failed
W/OMXNodeInstance( 3623): OMX_GetExtensionIndex OMX.google.android.index.prepareForAdaptivePlayback failed
D/OMX     ( 3623): SendBroadCasting VIDEO_PLAYBACK_STOP
W/OMX     ( 3623): activity service is not working, failed to sendBroadCastEvent
W/linker  ( 3623): libarac.so has text relocations. This is wasting memory and prevents security hardening. Please fix.
D/OMX     ( 3623): SendBroadCasting VIDEO_PLAYBACK_START
W/OMX     ( 3623): activity service is not working, failed to sendBroadCastEvent
E/OMXNodeInstance( 3623): getParameter(100663311) ERROR: 0x8000100e
E/OMXNodeInstance( 3623): getParameter(100663297) ERROR: 0x8000100e
E/OMXNodeInstance( 3623): OMX_GetExtensionIndex OMX.google.android.index.storeMetaDataInBuffers failed
W/OMXNodeInstance( 3623): OMX_GetExtensionIndex OMX.google.android.index.prepareForAdaptivePlayback failed
D/OMX     ( 3623): SendBroadCasting VIDEO_PLAYBACK_STOP
W/OMX     ( 3623): activity service is not working, failed to sendBroadCastEvent
E/AffinityControl( 3643): AffinityControl: registerfunction enter
D/OMX     ( 3623): SendBroadCasting VIDEO_PLAYBACK_START
I/SamplingProfilerIntegration( 3643): Profiling disabled.
I/Zygote  ( 3643): !@Boot: beginofpreloadClasses()
I/Zygote  ( 3643): !@Boot: beginofpreloadResources()
W/OMX     ( 3623): activity service is not working, failed to sendBroadCastEvent
E/OMXNodeInstance( 3623): getParameter(100663311) ERROR: 0x8000100e
E/OMXNodeInstance( 3623): getParameter(100663297) ERROR: 0x8000100e
E/OMXNodeInstance( 3623): OMX_GetExtensionIndex OMX.google.android.index.storeMetaDataInBuffers failed
W/OMXNodeInstance( 3623): OMX_GetExtensionIndex OMX.google.android.index.prepareForAdaptivePlayback failed
D/OMX     ( 3623): SendBroadCasting VIDEO_PLAYBACK_STOP
W/OMX     ( 3623): activity service is not working, failed to sendBroadCastEvent
D/OMX     ( 3623): SendBroadCasting VIDEO_PLAYBACK_START
W/OMX     ( 3623): activity service is not working, failed to sendBroadCastEvent
E/OMXNodeInstance( 3623): getParameter(100663311) ERROR: 0x8000101a
E/OMXNodeInstance( 3623): getParameter(100663297) ERROR: 0x8000100e
E/OMXNodeInstance( 3623): OMX_GetExtensionIndex OMX.google.android.index.storeMetaDataInBuffers failed
W/OMXNodeInstance( 3623): OMX_GetExtensionIndex OMX.google.android.index.prepareForAdaptivePlayback failed
D/OMX     ( 3623): SendBroadCasting VIDEO_PLAYBACK_STOP
I/art     ( 3643): Counter: 1
W/OMX     ( 3623): activity service is not working, failed to sendBroadCastEvent
D/OMX     ( 3623): SendBroadCasting VIDEO_PLAYBACK_START
W/OMX     ( 3623): activity service is not working, failed to sendBroadCastEvent
E/OMXNodeInstance( 3623): getParameter(100663311) ERROR: 0x8000101a
E/OMXNodeInstance( 3623): getParameter(100663297) ERROR: 0x8000100e
E/OMXNodeInstance( 3623): OMX_GetExtensionIndex OMX.google.android.index.storeMetaDataInBuffers failed
W/OMXNodeInstance( 3623): OMX_GetExtensionIndex OMX.google.android.index.prepareForAdaptivePlayback failed
D/OMX     ( 3623): SendBroadCasting VIDEO_PLAYBACK_STOP
W/OMX     ( 3623): activity service is not working, failed to sendBroadCastEvent
D/OMX     ( 3623): SendBroadCasting VIDEO_PLAYBACK_START
W/OMX     ( 3623): activity service is not working, failed to sendBroadCastEvent
E/OMXNodeInstance( 3623): getParameter(100663311) ERROR: 0x8000101a
E/OMXNodeInstance( 3623): getParameter(100663297) ERROR: 0x8000100e
E/OMXNodeInstance( 3623): OMX_GetExtensionIndex OMX.google.android.index.storeMetaDataInBuffers failed
W/OMXNodeInstance( 3623): OMX_GetExtensionIndex OMX.google.android.index.prepareForAdaptivePlayback failed
D/OMX     ( 3623): SendBroadCasting VIDEO_PLAYBACK_STOP
W/OMX     ( 3623): activity service is not working, failed to sendBroadCastEvent
D/OMX     ( 3623): SendBroadCasting VIDEO_PLAYBACK_START
W/OMX     ( 3623): activity service is not working, failed to sendBroadCastEvent
E/OMXNodeInstance( 3623): getParameter(100663311) ERROR: 0x8000101a
E/OMXNodeInstance( 3623): getParameter(100663297) ERROR: 0x8000100e
E/OMXNodeInstance( 3623): OMX_GetExtensionIndex OMX.google.android.index.storeMetaDataInBuffers failed
W/OMXNodeInstance( 3623): OMX_GetExtensionIndex OMX.google.android.index.prepareForAdaptivePlayback failed
D/OMX     ( 3623): SendBroadCasting VIDEO_PLAYBACK_STOP
W/OMX     ( 3623): activity service is not working, failed to sendBroadCastEvent
D/OMX     ( 3623): SendBroadCasting VIDEO_PLAYBACK_START
W/OMX     ( 3623): activity service is not working, failed to sendBroadCastEvent
E/OMXNodeInstance( 3623): getParameter(100663311) ERROR: 0x8000100e
E/OMXNodeInstance( 3623): getParameter(100663297) ERROR: 0x8000100e
E/OMXNodeInstance( 3623): OMX_GetExtensionIndex OMX.google.android.index.storeMetaDataInBuffers failed
W/OMXNodeInstance( 3623): OMX_GetExtensionIndex OMX.google.android.index.prepareForAdaptivePlayback failed
D/OMX     ( 3623): SendBroadCasting VIDEO_PLAYBACK_STOP
W/OMX     ( 3623): activity service is not working, failed to sendBroadCastEvent
D/OMX     ( 3623): SendBroadCasting VIDEO_PLAYBACK_START
W/OMX     ( 3623): activity service is not working, failed to sendBroadCastEvent
E/OMXNodeInstance( 3623): getParameter(100663311) ERROR: 0x8000101a
E/OMXNodeInstance( 3623): getParameter(100663297) ERROR: 0x8000100e
E/OMXNodeInstance( 3623): OMX_GetExtensionIndex OMX.google.android.index.storeMetaDataInBuffers failed
W/OMXNodeInstance( 3623): OMX_GetExtensionIndex OMX.google.android.index.prepareForAdaptivePlayback failed
D/OMX     ( 3623): SendBroadCasting VIDEO_PLAYBACK_STOP
W/OMX     ( 3623): activity service is not working, failed to sendBroadCastEvent
D/OMX     ( 3623): SendBroadCasting VIDEO_PLAYBACK_START
W/OMX     ( 3623): activity service is not working, failed to sendBroadCastEvent
E/OMXNodeInstance( 3623): getParameter(100663311) ERROR: 0x8000101a
E/OMXNodeInstance( 3623): getParameter(100663297) ERROR: 0x8000100e
E/OMXNodeInstance( 3623): OMX_GetExtensionIndex OMX.google.android.index.storeMetaDataInBuffers failed
W/OMXNodeInstance( 3623): OMX_GetExtensionIndex OMX.google.android.index.prepareForAdaptivePlayback failed
D/OMX     ( 3623): SendBroadCasting VIDEO_PLAYBACK_STOP
W/OMX     ( 3623): activity service is not working, failed to sendBroadCastEvent
E/OMX     ( 3623): FAILED to allocate omx component 'OMX.Exynos.MP3.Decoder'
E/OMX     ( 3623): FAILED to allocate omx component 'OMX.Exynos.MP3.Decoder'
E/OMX     ( 3623): FAILED to allocate omx component 'OMX.Exynos.MP3.Decoder'
E/OMX     ( 3623): FAILED to allocate omx component 'OMX.Exynos.AAC.Decoder'
I/art     ( 3643): Explicit concurrent mark sweep GC freed 1042(79KB) AllocSpace objects, 0(0B) LOS objects, 98% free, 67KB/4MB, paused 1.092ms total 27.418ms
D/libexynosv4l2( 3623): try node: /dev/video6
D/libexynosv4l2( 3623): try node: /dev/video7
I/libexynosv4l2( 3623): node found for device s5p-mfc-enc: /dev/video7
I/Zygote  ( 3643): Preloading classes...
I/art     ( 3643): Explicit concurrent mark sweep GC freed 132(17KB) AllocSpace objects, 0(0B) LOS objects, 98% free, 74KB/4MB, paused 236us total 7.003ms
I/AudioPolicyManager( 3623): getAudioPolicyConfig: audioParam;outDevice
V/AudioPolicyManager( 3623): getNewOutputDevice() selected device 0
V/AudioPolicyManager( 3623): ### curdevice : 2
I/libexynosv4l2( 3623): open video device /dev/video7
D/OMX     ( 3623): SendBroadCasting VIDEO_PLAYBACK_START
W/OMX     ( 3623): activity service is not working, failed to sendBroadCastEvent
E/OMXNodeInstance( 3623): getParameter(100663311) ERROR: 0x8000100e
W/ACodec  ( 3623): do not know color format 0x7f000011 = 2130706449
W/ACodec  ( 3623): do not know color format 0x10 = 16
W/ACodec  ( 3623): do not know color format 0x7f000013 = 2130706451
W/ACodec  ( 3623): do not know color format 0x7f000789 = 2130708361
W/ACodec  ( 3623): do not know color format 0x7f000012 = 2130706450
W/ACodec  ( 3623): do not know color format 0xf = 15
E/OMXNodeInstance( 3623): getParameter(100663297) ERROR: 0x8000100e
D/OMX     ( 3623): SendBroadCasting VIDEO_PLAYBACK_STOP
W/OMX     ( 3623): activity service is not working, failed to sendBroadCastEvent
D/libexynosv4l2( 3623): try node: /dev/video6
D/libexynosv4l2( 3623): try node: /dev/video7
I/libexynosv4l2( 3623): node found for device s5p-mfc-enc: /dev/video7
I/Zygote  ( 3643): Number of total Classes to prelaod: 3009
I/Zygote  ( 3643): Classes to load for thread1 0~709
I/Zygote  ( 3643): Classes to load for thread2 710~1409
I/Zygote  ( 3643): Classes to load for thread3 1410~3008
I/libexynosv4l2( 3623): open video device /dev/video7
D/OMX     ( 3623): SendBroadCasting VIDEO_PLAYBACK_START
W/OMX     ( 3623): activity service is not working, failed to sendBroadCastEvent
E/OMXNodeInstance( 3623): getParameter(100663311) ERROR: 0x8000100e
W/ACodec  ( 3623): do not know color format 0x7f000011 = 2130706449
W/ACodec  ( 3623): do not know color format 0x10 = 16
W/ACodec  ( 3623): do not know color format 0x7f000013 = 2130706451
W/ACodec  ( 3623): do not know color format 0x7f000789 = 2130708361
W/ACodec  ( 3623): do not know color format 0x7f000012 = 2130706450
W/ACodec  ( 3623): do not know color format 0xf = 15
E/OMXNodeInstance( 3623): getParameter(100663297) ERROR: 0x8000100e
D/OMX     ( 3623): SendBroadCasting VIDEO_PLAYBACK_STOP
W/OMX     ( 3623): activity service is not working, failed to sendBroadCastEvent
D/libexynosv4l2( 3623): try node: /dev/video6
D/libexynosv4l2( 3623): try node: /dev/video7
I/libexynosv4l2( 3623): node found for device s5p-mfc-enc: /dev/video7
I/libexynosv4l2( 3623): open video device /dev/video7
D/OMX     ( 3623): SendBroadCasting VIDEO_PLAYBACK_START
W/OMX     ( 3623): activity service is not working, failed to sendBroadCastEvent
E/OMXNodeInstance( 3623): getParameter(100663311) ERROR: 0x8000100e
W/ACodec  ( 3623): do not know color format 0x7f000011 = 2130706449
W/ACodec  ( 3623): do not know color format 0x10 = 16
W/ACodec  ( 3623): do not know color format 0x7f000013 = 2130706451
W/ACodec  ( 3623): do not know color format 0x7f000789 = 2130708361
W/ACodec  ( 3623): do not know color format 0x7f000012 = 2130706450
W/ACodec  ( 3623): do not know color format 0xf = 15
E/OMXNodeInstance( 3623): getParameter(100663297) ERROR: 0x8000100e
D/OMX     ( 3623): SendBroadCasting VIDEO_PLAYBACK_STOP
W/OMX     ( 3623): activity service is not working, failed to sendBroadCastEvent
E/OMXNodeInstance( 3623): getParameter(100663311) ERROR: 0x8000100e
E/OMXNodeInstance( 3623): getParameter(100663297) ERROR: 0x8000100e
E/OMXNodeInstance( 3623): OMX_GetExtensionIndex OMX.google.android.index.storeMetaDataInBuffers failed
E/OMXNodeInstance( 3623): getParameter(100663311) ERROR: 0x8000100e
E/OMXNodeInstance( 3623): getParameter(100663297) ERROR: 0x8000100e
E/OMXNodeInstance( 3623): OMX_GetExtensionIndex OMX.google.android.index.storeMetaDataInBuffers failed
I/AudioPolicyManager( 3623): getAudioPolicyConfig: audioParam;outDevice
V/AudioPolicyManager( 3623): getNewOutputDevice() selected device 0
V/AudioPolicyManager( 3623): ### curdevice : 2
E/OMXNodeInstance( 3623): getParameter(100663311) ERROR: 0x8000100e
E/OMXNodeInstance( 3623): getParameter(100663297) ERROR: 0x8000100e
E/OMXNodeInstance( 3623): OMX_GetExtensionIndex OMX.google.android.index.storeMetaDataInBuffers failed
D/SoftHEVC( 3623): Number of CPU cores: 8
D/SoftHEVC( 3623): Initializing decoder
D/SoftHEVC( 3623): Set number of cores to 4
D/SoftHEVC( 3623): Ittiam decoder version number: @(#)Id:HEVCDEC_production Ver:04.01 Released by ITTIAM Build: Apr  2 2015 @ 22:53:53
E/OMXNodeInstance( 3623): getParameter(100663311) ERROR: 0x8000100e
E/OMXNodeInstance( 3623): getParameter(100663297) ERROR: 0x8000100e
E/OMXNodeInstance( 3623): OMX_GetExtensionIndex OMX.google.android.index.storeMetaDataInBuffers failed
D/SoftHEVC( 3623): Freeing codec memory
D/SoftHEVC( 3623): Number of CPU cores: 8
D/SoftHEVC( 3623): Initializing decoder
D/SoftHEVC( 3623): Set number of cores to 4
D/SoftHEVC( 3623): Ittiam decoder version number: @(#)Id:HEVCDEC_production Ver:04.01 Released by ITTIAM Build: Apr  2 2015 @ 22:53:53
D/SoftHEVC( 3623): In SoftHEVC::~SoftHEVC
D/SoftHEVC( 3623): Freeing codec memory
W/Zygote  ( 3643): Class not found for preloading: android.widget.ActionMenuPresenter$OverflowMenuButton$1
E/OMXNodeInstance( 3623): getParameter(100663311) ERROR: 0x8000100e
E/OMXNodeInstance( 3623): getParameter(100663297) ERROR: 0x8000100e
E/OMXNodeInstance( 3623): OMX_GetExtensionIndex OMX.google.android.index.storeMetaDataInBuffers failed
E/OMXNodeInstance( 3623): getParameter(100663311) ERROR: 0x8000100e
E/OMXNodeInstance( 3623): getParameter(100663297) ERROR: 0x8000100e
E/OMXNodeInstance( 3623): OMX_GetExtensionIndex OMX.google.android.index.storeMetaDataInBuffers failed
D/TypefaceImpl( 3643): makeFontCollection adding /system/fonts/Roboto-Regular.ttf
I/SoftMPEG4Encoder( 3623): Construct SoftMPEG4Encoder
E/OMXNodeInstance( 3623): getParameter(100663311) ERROR: 0x8000100e
W/ACodec  ( 3623): do not know color format 0x7f000789 = 2130708361
E/OMXNodeInstance( 3623): getParameter(100663297) ERROR: 0x8000100e
I/SoftAVCEncoder( 3623): Construct SoftAVCEncoder
E/OMXNodeInstance( 3623): getParameter(100663311) ERROR: 0x8000100e
W/ACodec  ( 3623): do not know color format 0x7f000789 = 2130708361
E/OMXNodeInstance( 3623): getParameter(100663297) ERROR: 0x8000100e
I/SoftMPEG4Encoder( 3623): Construct SoftMPEG4Encoder
E/OMXNodeInstance( 3623): getParameter(100663311) ERROR: 0x8000100e
W/ACodec  ( 3623): do not know color format 0x7f000789 = 2130708361
E/OMXNodeInstance( 3623): getParameter(100663297) ERROR: 0x8000100e
W/Zygote  ( 3643): Class not found for preloading: android.app.ContextImpl$2
W/Zygote  ( 3643): Class not found for preloading: android.app.ContextImpl$30
W/Zygote  ( 3643): Class not found for preloading: android.app.ContextImpl$49
W/Zygote  ( 3643): Class not found for preloading: android.app.ContextImpl$53
I/AudioPolicyManager( 3623): getAudioPolicyConfig: audioParam;outDevice
V/AudioPolicyManager( 3623): getNewOutputDevice() selected device 0
V/AudioPolicyManager( 3623): ### curdevice : 2
E/OMXNodeInstance( 3623): getParameter(100663311) ERROR: 0x8000100e
W/ACodec  ( 3623): do not know color format 0x7f000789 = 2130708361
E/OMXNodeInstance( 3623): getParameter(100663297) ERROR: 0x8000100e
E/OMXNodeInstance( 3623): getParameter(100663311) ERROR: 0x8000101a
E/OMXNodeInstance( 3623): getParameter(100663297) ERROR: 0x8000101a
E/OMXNodeInstance( 3623): getParameter(100663311) ERROR: 0x8000101a
E/OMXNodeInstance( 3623): getParameter(100663297) ERROR: 0x8000101a
E/OMXNodeInstance( 3623): getParameter(100663311) ERROR: 0x8000101a
E/OMXNodeInstance( 3623): getParameter(100663297) ERROR: 0x8000101a
I/ValidityLIB( 3647): ThreadBase.cpp 127 4
I/ValidityLIB( 3647): ThreadBase.cpp 127 4
I/ValidityLIB( 3647): WorkerThreadBase.cpp 128 4
E/OMXNodeInstance( 3623): getParameter(100663311) ERROR: 0x8000101a
E/OMXNodeInstance( 3623): getParameter(100663297) ERROR: 0x8000101a
I/ValidityLIB( 3647): ThreadBase.cpp 127 4
I/ValidityLIB( 3647): InputThread.cpp 127 4
I/ValidityLIB( 3647): InputThread.cpp 136 4
I/ValidityLIB( 3647): InputThread.cpp 145 4
I/ValidityLIB( 3647): InputThread.cpp 151 4
I/ValidityLIB( 3647): ThreadBase.cpp 127 4
E/OMXNodeInstance( 3623): getParameter(100663311) ERROR: 0x8000101a
E/OMXNodeInstance( 3623): getParameter(100663297) ERROR: 0x8000101a
E/OMXNodeInstance( 3623): getParameter(100663311) ERROR: 0x8000101a
E/OMXNodeInstance( 3623): getParameter(100663297) ERROR: 0x8000101a
E/OMXNodeInstance( 3623): getParameter(100663311) ERROR: 0x8000101a
E/OMXNodeInstance( 3623): getParameter(100663297) ERROR: 0x8000101a
E/OMXNodeInstance( 3623): getParameter(100663311) ERROR: 0x8000101a
E/OMXNodeInstance( 3623): getParameter(100663297) ERROR: 0x8000101a
E/OMXNodeInstance( 3623): getParameter(100663311) ERROR: 0x8000101a
E/OMXNodeInstance( 3623): getParameter(100663297) ERROR: 0x8000101a
I/AudioPolicyManager( 3623): getAudioPolicyConfig: audioParam;outDevice
V/AudioPolicyManager( 3623): getNewOutputDevice() selected device 0
V/AudioPolicyManager( 3623): ### curdevice : 2
W/Zygote  ( 3643): Class not found for preloading: com.android.okhttp.ConfigAwareConnectionPool$1
I/macloader( 3642): WIFI MAC is valid
E/macloader( 3642): CID info file will be created!!!
E/OMXNodeInstance( 3623): getParameter(100663311) ERROR: 0x8000101a
E/OMXNodeInstance( 3623): getParameter(100663297) ERROR: 0x8000101a
I/macloader( 3642): WIFI cid is valid as wisol
E/OMXNodeInstance( 3623): getParameter(100663311) ERROR: 0x8000101a
E/OMXNodeInstance( 3623): getParameter(100663297) ERROR: 0x8000101a
E/OMXNodeInstance( 3623): getParameter(100663311) ERROR: 0x8000101a
E/OMXNodeInstance( 3623): getParameter(100663297) ERROR: 0x8000101a
E/OMXNodeInstance( 3623): getParameter(100663311) ERROR: 0x8000101a
E/OMXNodeInstance( 3623): getParameter(100663297) ERROR: 0x8000101a
I/art     ( 3643): Thread[9,tid=4130,WaitingForJniOnLoad,Thread*=0xb4d09800,peer=0x12d06a00,"Thread-10"] recursive attempt to load library "/system/lib/libmedia_jni.so"
D/MtpDeviceJNI( 3643): register_android_mtp_MtpDevice
I/art     ( 3643): Thread[9,tid=4130,WaitingForJniOnLoad,Thread*=0xb4d09800,peer=0x12d06a00,"Thread-10"] recursive attempt to load library "/system/lib/libmedia_jni.so"
I/art     ( 3643): Thread[9,tid=4130,WaitingForJniOnLoad,Thread*=0xb4d09800,peer=0x12d06a00,"Thread-10"] recursive attempt to load library "/system/lib/libmedia_jni.so"
E/OMXNodeInstance( 3623): getParameter(100663311) ERROR: 0x8000101a
E/OMXNodeInstance( 3623): getParameter(100663297) ERROR: 0x8000101a
I/OMXCodec( 3623): Attempting to allocate OMX node 'OMX.google.vorbis.decoder'
I/OMXCodec( 3623): Successfully allocated OMX node 'OMX.google.vorbis.decoder'
I/OMXCodec( 3623): >>>UHQA initOutputFormat 16
I/AwesomePlayer( 3623): Could not offload audio decode, try pcm offload
V/AudioPolicyManager( 3623): isOffloadSupported: SR=44100, CM=0x1, Format=0x1, StreamType=1, BitRate=4294967295, duration=3000000 us, has_video=0
V/AudioPolicyManager( 3623): isOffloadSupported: stream_type != MUSIC, returning false
I/OMXCodec( 3623): [OMX.google.vorbis.decoder] OMXCodec::start mState=1
I/OMXCodec( 3623): [OMX.google.vorbis.decoder] allocating 4 buffers of size 8192 on input port
I/OMXCodec( 3623): [OMX.google.vorbis.decoder] allocating 4 buffers of size 32768 on output port
I/OMXCodec( 3623): [OMX.google.vorbis.decoder] Now Idle. Component sends idle done Event 
I/System  ( 3643): Loaded time zone names for "" in 139ms (103ms in ICU)
I/AudioPolicyManager( 3623): getAudioPolicyConfig: audioParam;outDevice
V/AudioPolicyManager( 3623): getNewOutputDevice() selected device 0
V/AudioPolicyManager( 3623): ### curdevice : 2
V/AwesomePlayer( 3623): finishAsyncPrepare_l
V/AwesomePlayer( 3623): notifyListner_l() msg (200-MEDIA_INFO), ext1 (973), ext2 (0)
V/MediaPlayerService( 3623): [1] notify (0xb2a5d300, 200, 973, 0)
V/AwesomePlayer( 3623): notifyListner_l() msg (5-MEDIA_SET_VIDEO_SIZE), ext1 (0), ext2 (0)
V/MediaPlayerService( 3623): [1] notify (0xb2a5d300, 5, 0, 0)
V/AwesomePlayer( 3623): notifyListner_l() msg (1-MEDIA_PREPARED), ext1 (0), ext2 (0)
V/MediaPlayerService( 3623): [1] notify (0xb2a5d300, 1, 0, 0)
V/MediaPlayer( 3870): message received msg=200, ext1=973, ext2=0
W/MediaPlayer( 3870): info/warning (973, 0)
V/MediaPlayer( 3870): callback application
V/SamsungPowerSound( 3870): Power sound playback dummy event (973, 0)
V/MediaPlayer( 3870): back from callback
V/MediaPlayer( 3870): message received msg=5, ext1=0, ext2=0
V/MediaPlayer( 3870): New video size 0 x 0
V/MediaPlayer( 3870): callback application
E/SamsungPowerSound( 3870): Power sound play exception (0, 0)
V/MediaPlayer( 3870): back from callback
V/MediaPlayer( 3870): message received msg=1, ext1=0, ext2=0
V/MediaPlayer( 3870): prepared
V/MediaPlayer( 3870): signal application thread
V/MediaPlayer( 3870): callback application
V/SamsungPowerSound( 3870): Power sound playback dummy event (0, 0)
V/MediaPlayer( 3870): prepare complete - status=0
V/MediaPlayer( 3870): back from callback
I/AudioPolicyManager( 3623): getAudioPolicyConfig: situation=8;device=1
V/AudioPolicyManager( 3623): deviceInt = 1, situationInt = 8, situationVolume = 1.000000
V/SamsungPowerSound( 3870): getSettingVolume [0.000000]
V/MediaPlayer( 3870): MediaPlayer::setVolume(0.000000, 0.000000)
V/MediaPlayerService( 3623): [1] setVolume(0.000000, 0.000000)
V/AudioSink( 3623): setVolume(0.000000, 0.000000)
V/MediaPlayer( 3870): getDuration_l
V/MediaPlayerService( 3623): getDuration
V/StagefrightPlayer( 3623): getDuration
V/MediaPlayerService( 3623): [1] getDuration = 3000
V/SamsungPowerSound( 3870): File duration : 3000 [ms]
V/MediaPlayer( 3870): start
V/MediaPlayerService( 3623): [1] setLooping(0)
V/StagefrightPlayer( 3623): setLooping
V/AwesomePlayer( 3623): setLooping (0)
V/MediaPlayerService( 3623): [1] setVolume(0.000000, 0.000000)
V/AudioSink( 3623): setVolume(0.000000, 0.000000)
V/MediaPlayerService( 3623): [1] setAuxEffectSendLevel(0.000000)
V/AudioSink( 3623): setAuxEffectSendLevel(0.000000)
D/AT_Distributor( 3644): IsUartUsingAP is AP
