W/Settings( 4541): Setting airplane_mode_on has moved from android.provider.Settings.System to android.provider.Settings.Global, returning read-only value.
I/GenericSource( 3692): start
W/Utils   ( 3692): bool android::canOffloadStream(const android::sp<android::MetaData>&, bool, const android::sp<android::MetaData>&, bool, audio_stream_type_t) No sample bit depth info in meta data
E/AudioPolicyManager( 3692): isOffloadSupported: stream_type != MUSIC, returning false
W/Utils   ( 3692): bool android::canOffloadStream(const android::sp<android::MetaData>&, bool, const android::sp<android::MetaData>&, bool, audio_stream_type_t) No sample bit depth info in meta data
E/AudioPolicyManager( 3692): isOffloadSupported: stream_type != MUSIC, returning false
D/NuPlayerDriver( 3692): reset(0xb421b040)
D/NuPlayerDriver( 3692): notifyResetComplete(0xb421b040)
D/WifiService( 4116): New client listening to asynchronous messages
D/BluetoothManagerService( 4116): Message: 20
W/InputAttributes( 4723): No editor info for this field. Bug?
D/BluetoothManagerService( 4116): Added callback: android.bluetooth.IBluetoothManagerCallback$Stub$Proxy@12af6f8d:true
D/NuPlayerDriver( 3692): reset(0xb4010040)
D/BluetoothAdapter( 4541): 679731343: getState() :  mService = null. Returning STATE_OFF
D/BluetoothAdapter( 4541): 679731343: getState() :  mService = null. Returning STATE_OFF
D/NuPlayerDriver( 3692): notifyResetComplete(0xb4010040)
D/ConnectivityService( 4116): listenForNetwork for NetworkRequest [ id=2, legacyType=-1, [] ]
D/WVMDrmPlugIn( 3691): WVMDrmPlugin::onInitialize : 4656
D/WVMDrmPlugIn( 3691): WVMDrmPlugin::onSetOnInfoListener : add 4656
I/LatinIME:LogUtils( 4723): Dictionary info: dictionary = UserHistoryDictionary.en_US ; version = 1436936072 ; date = ?
D/WVMDrmPlugIn( 3691): WVMDrmPlugin::onTerminate : 4656
I/FFmpegExtractor( 3692): android-source:0xb3a06060
I/LatinIME:LogUtils( 4723): Dictionary info: dictionary = PersonalizationDictionary.en_US ; version = 1436936072 ; date = ?
I/FFMPEG  ( 3692): Input #0, ogg, from 'android-source:0xb3a06060':
I/FFMPEG  ( 3692):   Duration: 00:00:00.11, start: 0.000000, bitrate: 431 kb/s
I/FFMPEG  ( 3692):     Stream #0:0: Audio: vorbis, 48000 Hz, mono, fltp, 140 kb/s
D/FFmpegExtractor( 3692): FFmpegExtrator, url: android-source:0xb3a06060, format_name: ogg, format_long_name: Ogg
I/FFmpegExtractor( 3692): adjust mime(application/ogg -> audio/vorbis)
D/FFmpegExtractor( 3692): suppoted codec(vorbis) by official Stagefright
I/LatinIME:LogUtils( 4723): Dictionary info: dictionary = userunigram.en_US ; version = 1436936072 ; date = ?
D/FFmpegExtractor( 3692): ffmpeg detected media content as 'audio/vorbis' with confidence 0.08
I/LatinIME:LogUtils( 4723): Dictionary info: dictionary = contacts.en_US ; version = 1436936072 ; date = ?
I/LatinIME:LogUtils( 4723): Dictionary info: dictionary = ContextualDictionary.en_US ; version = 1436936072 ; date = ?
D/NuPlayerDriver( 3692): start(0xb3e0d040)
I/GenericSource( 3692): start
W/Utils   ( 3692): bool android::canOffloadStream(const android::sp<android::MetaData>&, bool, const android::sp<android::MetaData>&, bool, audio_stream_type_t) No sample bit depth info in meta data
E/AudioPolicyManager( 3692): isOffloadSupported: stream_type != MUSIC, returning false
W/Utils   ( 3692): bool android::canOffloadStream(const android::sp<android::MetaData>&, bool, const android::sp<android::MetaData>&, bool, audio_stream_type_t) No sample bit depth info in meta data
E/AudioPolicyManager( 3692): isOffloadSupported: stream_type != MUSIC, returning false
E/cutils  ( 4820): Failed to mkdir(/mnt/shell/emulated/0): Read-only file system
W/Zygote  ( 4820): Failed to mount emulated storage: 30
I/ActivityManager( 4116): Start proc android.process.acore for content provider com.android.providers.userdictionary/.UserDictionaryProvider: pid=4820 uid=10006 gids={50006, 9997, 3003, 1028, 1015} abi=armeabi-v7a
D/NuPlayerDriver( 3692): reset(0xb3e0d040)
D/NuPlayerDriver( 3692): notifyResetComplete(0xb3e0d040)
D/WVMDrmPlugIn( 3691): WVMDrmPlugin::onInitialize : 4145
D/WVMDrmPlugIn( 3691): WVMDrmPlugin::onSetOnInfoListener : add 4145
D/WVMDrmPlugIn( 3691): WVMDrmPlugin::onTerminate : 4145
I/FFmpegExtractor( 3692): android-source:0xb3a06060
I/FFMPEG  ( 3692): Input #0, ogg, from 'android-source:0xb3a06060':
I/FFMPEG  ( 3692):   Duration: 00:00:00.11, start: 0.000000, bitrate: 462 kb/s
I/FFMPEG  ( 3692):     Stream #0:0: Audio: vorbis, 48000 Hz, mono, fltp, 140 kb/s
D/FFmpegExtractor( 3692): FFmpegExtrator, url: android-source:0xb3a06060, format_name: ogg, format_long_name: Ogg
I/FFmpegExtractor( 3692): adjust mime(application/ogg -> audio/vorbis)
D/FFmpegExtractor( 3692): suppoted codec(vorbis) by official Stagefright
D/FFmpegExtractor( 3692): ffmpeg detected media content as 'audio/vorbis' with confidence 0.08
E/cutils  ( 4845): Failed to mkdir(/mnt/shell/emulated/0): Read-only file system
W/Zygote  ( 4845): Failed to mount emulated storage: 30
I/ActivityManager( 4116): Start proc com.cyanogenmod.lockclock for content provider com.cyanogenmod.lockclock/.weather.WeatherContentProvider: pid=4845 uid=10042 gids={50042, 9997, 3003} abi=armeabi-v7a
D/NuPlayerDriver( 3692): start(0xb6053d00)
I/GenericSource( 3692): start
W/Utils   ( 3692): bool android::canOffloadStream(const android::sp<android::MetaData>&, bool, const android::sp<android::MetaData>&, bool, audio_stream_type_t) No sample bit depth info in meta data
E/AudioPolicyManager( 3692): isOffloadSupported: stream_type != MUSIC, returning false
W/Utils   ( 3692): bool android::canOffloadStream(const android::sp<android::MetaData>&, bool, const android::sp<android::MetaData>&, bool, audio_stream_type_t) No sample bit depth info in meta data
E/AudioPolicyManager( 3692): isOffloadSupported: stream_type != MUSIC, returning false
D/NuPlayerDriver( 3692): reset(0xb6053d00)
D/NuPlayerDriver( 3692): notifyResetComplete(0xb6053d00)
D/WVMDrmPlugIn( 3691): WVMDrmPlugin::onInitialize : 4273
D/WVMDrmPlugIn( 3691): WVMDrmPlugin::onSetOnInfoListener : add 4273
D/WVMDrmPlugIn( 3691): WVMDrmPlugin::onTerminate : 4273
I/FFmpegExtractor( 3692): android-source:0xb3a06060
I/FFMPEG  ( 3692): Input #0, ogg, from 'android-source:0xb3a06060':
I/FFMPEG  ( 3692):   Duration: 00:00:00.18, start: 0.000000, bitrate: 431 kb/s
I/FFMPEG  ( 3692):     Stream #0:0: Audio: vorbis, 44100 Hz, mono, fltp, 239 kb/s
I/FFMPEG  ( 3692):     Metadata:
I/FFMPEG  ( 3692):       ARTIST          : Copyright 2013 Android Open Source Project
D/FFmpegExtractor( 3692): FFmpegExtrator, url: android-source:0xb3a06060, format_name: ogg, format_long_name: Ogg
I/FFmpegExtractor( 3692): adjust mime(application/ogg -> audio/vorbis)
D/FFmpegExtractor( 3692): suppoted codec(vorbis) by official Stagefright
D/FFmpegExtractor( 3692): ffmpeg detected media content as 'audio/vorbis' with confidence 0.08
D/WeatherUpdateService( 4845): Service started, but shouldn't update ... stopping
I/LatinIME:LogUtils( 4723): Dictionary info: dictionary = PersonalizationDictionary.en_US ; version = 1436936072 ; date = ?
I/LatinIME:LogUtils( 4723): Dictionary info: dictionary = PersonalizationDictionary.en_US ; version = 1436936072 ; date = ?
D/NuPlayerDriver( 3692): start(0xb421b040)
I/GenericSource( 3692): start
W/Utils   ( 3692): bool android::canOffloadStream(const android::sp<android::MetaData>&, bool, const android::sp<android::MetaData>&, bool, audio_stream_type_t) No sample bit depth info in meta data
E/AudioPolicyManager( 3692): isOffloadSupported: stream_type != MUSIC, returning false
W/Utils   ( 3692): bool android::canOffloadStream(const android::sp<android::MetaData>&, bool, const android::sp<android::MetaData>&, bool, audio_stream_type_t) No sample bit depth info in meta data
E/AudioPolicyManager( 3692): isOffloadSupported: stream_type != MUSIC, returning false
D/BluetoothAdapter( 4541): 679731343: getState() :  mService = null. Returning STATE_OFF
D/BluetoothAdapter( 4541): 679731343: getState() :  mService = null. Returning STATE_OFF
D/BluetoothAdapter( 4541): 679731343: getState() :  mService = null. Returning STATE_OFF
D/BluetoothAdapter( 4541): 679731343: getState() :  mService = null. Returning STATE_OFF
D/NuPlayerDriver( 3692): reset(0xb421b040)
D/NuPlayerDriver( 3692): notifyResetComplete(0xb421b040)
D/PermissionCache( 3689): checking android.permission.ACCESS_SURFACE_FLINGER for uid=10016 => granted (267 us)
D/OpenGLRenderer( 4541): Render dirty regions requested: true
D/Atlas   ( 4541): Validating map...
D/PhoneStatusBar( 4541): disable: < expand icons alerts system_info back home recent clock search >
I/ContactLocale( 4820): AddressBook Labels [en-US]: [, A, B, C, D, E, F, G, H, I, J, K, L, M, N, O, P, Q, R, S, T, U, V, W, X, Y, Z, , , , , , , , , , , , , , , , , , , , , , , , , , , , , , , , , , , , , , , , , , , , , , , , , , , , , , , , , , , , , , , , , , , , , , , , , , , , , , , , , , , , , , , , , , , , , , , , , , , , , , , , , , , , , , , , , , , , , , , , , , , , , , , , , , , , , , , , , , , , , , , , , , , , , , , , , , , , , , , , , , , , , , , , , , , , , , , , , , , , , , , , , , , , #, ]
I/art     ( 4116): Explicit concurrent mark sweep GC freed 34369(3MB) AllocSpace objects, 20(844KB) LOS objects, 33% free, 21MB/32MB, paused 2.435ms total 52.616ms
D/BluetoothAdapter( 4541): 679731343: getState() :  mService = null. Returning STATE_OFF
D/BluetoothAdapter( 4541): 679731343: getState() :  mService = null. Returning STATE_OFF
I/LatinIME:LogUtils( 4723): Dictionary info: dictionary = ? ; version = 22 ; date = 1349321750
E/BinaryDictionaryFileDumper( 4723): Unexpected exception communicating with the dictionary pack
E/BinaryDictionaryFileDumper( 4723): java.lang.NullPointerException: Attempt to read from field 'java.util.Locale com.android.inputmethod.latin.utils.DictionaryInfoUtils$DictionaryInfo.mLocale' on a null object reference
E/BinaryDictionaryFileDumper( 4723): 	at com.android.inputmethod.latin.utils.DictionaryInfoUtils.getCurrentDictionaryFileNameAndVersionInfo(DictionaryInfoUtils.java:378)
E/BinaryDictionaryFileDumper( 4723): 	at com.android.inputmethod.latin.BinaryDictionaryFileDumper.reinitializeClientRecordInDictionaryContentProvider(BinaryDictionaryFileDumper.java:484)
E/BinaryDictionaryFileDumper( 4723): 	at com.android.inputmethod.latin.BinaryDictionaryFileDumper.getWordListWordListInfos(BinaryDictionaryFileDumper.java:160)
E/BinaryDictionaryFileDumper( 4723): 	at com.android.inputmethod.latin.BinaryDictionaryFileDumper.cacheWordListsFromContentProvider(BinaryDictionaryFileDumper.java:418)
E/BinaryDictionaryFileDumper( 4723): 	at com.android.inputmethod.latin.BinaryDictionaryGetter.getDictionaryFiles(BinaryDictionaryGetter.java:268)
E/BinaryDictionaryFileDumper( 4723): 	at com.android.inputmethod.latin.DictionaryFactory.createMainDictionaryFromManager(DictionaryFactory.java:58)
E/BinaryDictionaryFileDumper( 4723): 	at com.android.inputmethod.latin.DictionaryFactory.createMainDictionaryFromManager(DictionaryFactory.java:137)
E/BinaryDictionaryFileDumper( 4723): 	at com.android.inputmethod.latin.DictionaryFacilitator$1.run(DictionaryFacilitator.java:297)
E/BinaryDictionaryFileDumper( 4723): 	at java.util.concurrent.ThreadPoolExecutor.runWorker(ThreadPoolExecutor.java:1112)
E/BinaryDictionaryFileDumper( 4723): 	at java.util.concurrent.ThreadPoolExecutor$Worker.run(ThreadPoolExecutor.java:587)
E/BinaryDictionaryFileDumper( 4723): 	at java.lang.Thread.run(Thread.java:818)
I/LatinIME:LogUtils( 4723): Dictionary info: dictionary = ? ; version = 26 ; date = 1351062238
D/PhoneStatusBar( 4541): heads up is enabled
D/StatusBar( 4541): user hasn't seen notification about hidden notifications
D/StatusBar( 4541): insecure lockscreen, skipping notification
W/BackupManagerService( 4116): dataChanged but no participant pkg='com.android.providers.settings' uid=10016
I/Choreographer( 4541): Skipped 65 frames!  The application may be doing too much work on its main thread.
D/ViewRootImpl( 4541): changeCanvasOpacity: opaque=true
W/Settings( 4541): Setting airplane_mode_on has moved from android.provider.Settings.System to android.provider.Settings.Global, returning read-only value.
W/Settings( 4541): Setting airplane_mode_on has moved from android.provider.Settings.System to android.provider.Settings.Global, returning read-only value.
I/        ( 4541): PLATFORM VERSION : JB-MR-2
I/OpenGLRenderer( 4541): Initialized EGL, version 1.4
E/cutils  ( 4905): Failed to mkdir(/mnt/shell/emulated/0): Read-only file system
W/Zygote  ( 4905): Failed to mount emulated storage: 30
I/ActivityManager( 4116): Start proc com.android.exchange for content provider com.android.exchange/.provider.ExchangeDirectoryProvider: pid=4905 uid=10034 gids={50034, 9997, 3003, 1028, 1015} abi=armeabi-v7a
D/OpenGLRenderer( 4541): Enabling debug mode 0
D/WifiService( 4116): New client listening to asynchronous messages
E/cutils  ( 4934): Failed to mkdir(/mnt/shell/emulated/0): Read-only file system
W/Zygote  ( 4934): Failed to mount emulated storage: 30
I/ActivityManager( 4116): Start proc com.android.email for content provider com.android.email/.provider.EmailProvider: pid=4934 uid=10033 gids={50033, 9997, 3003, 1028, 1015} abi=armeabi-v7a
I/ContactDirectoryManager( 4820): deleted 0 stale rows which don't have any relevant directory
D/libgps  ( 4116): SendGpsExtensionMessage: Waiting for IPC connection - timeout
E/libgps  ( 4116): LIBGPS: Cannot communicate (write) with a GPSD
E/libgps  ( 4116): IPC Communication Error, /tmp/13632270_219420/customers/samsung/KGFEVOandroid/../../../proprietary/deliverables/android/gps_interface/../gps_interface/gpsi_client/GpsiClient.cpp:617 SendGpsExtensionMessage
D/libgps  ( 4116): agps_set_server: Waiting for IPC connection...
D/ActivityThread( 4934): Loading provider com.android.email.provider;com.android.email.notifier: com.android.email.provider.EmailProvider
D/ActivityThread( 4934): Loading provider com.android.email.provider;com.android.email.notifier: com.android.email.provider.EmailProvider
I/ContactDirectoryManager( 4820): Discovered 0 contact directories in 524ms
I/ValidateNoPeople( 4116): mEvictionCount: 0
I/ContactsProvider( 4820): Upgrading aggregation algorithm
I/ContactAggregator( 4820): Marked all visible contacts for aggregation: 0 raw contacts, 2 ms
I/ContactsProvider( 4820): Aggregation algorithm upgraded for 0 raw contacts in 67ms
I/ContactsFTS( 4820): Rebuild contact search index in 19ms, 0 contacts
I/Choreographer( 4541): Skipped 38 frames!  The application may be doing too much work on its main thread.
D/OpenGLRenderer( 4541): setting property extraRasterBucket to 0.95
D/OpenGLRenderer( 4541):     failed
D/OpenGLRenderer( 4541): setting property extraRasterBucket to 0.0
D/OpenGLRenderer( 4541):     failed
W/art     ( 4934): Long monitor contention event with owner method=void libcore.io.Posix.mkdir(java.lang.String, int) from Posix.java:4294967294 waiters=0 for 423ms
W/art     ( 4934): Long monitor contention event with owner method=void libcore.io.Posix.mkdir(java.lang.String, int) from Posix.java:4294967294 waiters=2 for 424ms
W/art     ( 4934): Long monitor contention event with owner method=void libcore.io.Posix.mkdir(java.lang.String, int) from Posix.java:4294967294 waiters=3 for 419ms
W/ActivityManager( 4116): Unable to start service Intent { cmp=com.android.email/.service.AttachmentService } U=0: not found
W/ActivityManager( 4116): Unable to start service Intent { cmp=com.android.email/.service.AttachmentService } U=0: not found
W/ActivityManager( 4116): Unable to start service Intent { cmp=com.android.email/.service.AttachmentService } U=0: not found
W/ContextImpl( 4934): Implicit intents with startService are not safe: Intent { act=com.android.mail.action.BACKUP_DATA_CHANGED } android.content.ContextWrapper.startService:521 com.android.mail.MailIntentService.broadcastBackupDataChanged:123 com.android.mail.preferences.VersionedPrefs.notifyBackupPreferenceChanged:278 
W/ActivityManager( 4116): Unable to start service Intent { act=com.android.mail.action.BACKUP_DATA_CHANGED } U=0: not found
W/ContextImpl( 4934): Implicit intents with startService are not safe: Intent { act=com.android.mail.action.BACKUP_DATA_CHANGED } android.content.ContextWrapper.startService:521 com.android.mail.MailIntentService.broadcastBackupDataChanged:123 com.android.mail.preferences.VersionedPrefs.notifyBackupPreferenceChanged:278 
W/ActivityManager( 4116): Unable to start service Intent { act=com.android.mail.action.BACKUP_DATA_CHANGED } U=0: not found
W/ContextImpl( 4934): Implicit intents with startService are not safe: Intent { act=com.android.mail.action.BACKUP_DATA_CHANGED } android.content.ContextWrapper.startService:521 com.android.mail.MailIntentService.broadcastBackupDataChanged:123 com.android.mail.preferences.VersionedPrefs.notifyBackupPreferenceChanged:278 
I/Email   ( 4934): Observing account changes for notifications
W/ActivityManager( 4116): Unable to start service Intent { act=com.android.mail.action.BACKUP_DATA_CHANGED } U=0: not found
W/ContextImpl( 4934): Implicit intents with startService are not safe: Intent { act=com.android.mail.action.BACKUP_DATA_CHANGED } android.content.ContextWrapper.startService:521 com.android.mail.MailIntentService.broadcastBackupDataChanged:123 com.android.mail.preferences.VersionedPrefs.notifyBackupPreferenceChanged:278 
W/ActivityManager( 4116): Unable to start service Intent { act=com.android.mail.action.BACKUP_DATA_CHANGED } U=0: not found
W/ContextImpl( 4934): Implicit intents with startService are not safe: Intent { act=com.android.mail.action.BACKUP_DATA_CHANGED } android.content.ContextWrapper.startService:521 com.android.mail.MailIntentService.broadcastBackupDataChanged:123 com.android.mail.preferences.VersionedPrefs.notifyBackupPreferenceChanged:278 
W/ActivityManager( 4116): Unable to start service Intent { act=com.android.mail.action.BACKUP_DATA_CHANGED } U=0: not found
W/art     ( 4934): Long monitor contention event with owner method=void com.google.common.collect.EmptyImmutableList.<clinit>() from EmptyImmutableList.java:90 waiters=0 for 480ms
W/ContextImpl( 4934): Implicit intents with startService are not safe: Intent { act=com.android.mail.action.BACKUP_DATA_CHANGED } android.content.ContextWrapper.startService:521 com.android.mail.MailIntentService.broadcastBackupDataChanged:123 com.android.mail.preferences.VersionedPrefs.notifyBackupPreferenceChanged:278 
W/ActivityManager( 4116): Unable to start service Intent { act=com.android.mail.action.BACKUP_DATA_CHANGED } U=0: not found
W/ContextImpl( 4934): Implicit intents with startService are not safe: Intent { act=com.android.mail.action.BACKUP_DATA_CHANGED } android.content.ContextWrapper.startService:521 com.android.mail.MailIntentService.broadcastBackupDataChanged:123 com.android.mail.preferences.VersionedPrefs.notifyBackupPreferenceChanged:278 
W/ActivityManager( 4116): Unable to start service Intent { act=com.android.mail.action.BACKUP_DATA_CHANGED } U=0: not found
W/art     ( 4934): Long monitor contention event with owner method=void com.google.common.collect.EmptyImmutableList.<clinit>() from EmptyImmutableList.java:90 waiters=1 for 488ms
I/Exchange( 4905): PSS has no active accounts; stopping service.
W/SurfaceFlinger( 3689): Ignoring duplicate VSYNC event from HWC (t=27995081711)
D/libgps  ( 4116): agps_set_server: Waiting for IPC connection - timeout
E/libgps  ( 4116): LIBGPS: Cannot communicate (write) with a GPSD
E/libgps  ( 4116): IPC Communication Error, /tmp/13632270_219420/customers/samsung/KGFEVOandroid/../../../proprietary/deliverables/android/gps_interface/../gps_interface/gpsi_client/GpsiClient.cpp:1556 agps_set_server
E/GpsLocationProvider( 4116): no GPS configuration interface in configuraiton_update
D/GpsLocationProvider( 4116): final config = #Wed Jul 15 04:54:34 GMT+00:00 2015
D/GpsLocationProvider( 4116): SUPL_HOST=supl.google.com
D/GpsLocationProvider( 4116): XTRA_SERVER_3=http\://xtrapath3.izatcloud.net/xtra2.bin
D/GpsLocationProvider( 4116): XTRA_SERVER_1=http\://xtrapath1.izatcloud.net/xtra2.bin
D/GpsLocationProvider( 4116): SUPL_PORT=7276
D/GpsLocationProvider( 4116): XTRA_VERSION_CHECK=0
D/GpsLocationProvider( 4116): DEBUG_LEVEL=2
D/GpsLocationProvider( 4116): XTRA_SERVER_2=http\://xtrapath2.izatcloud.net/xtra2.bin
D/GpsLocationProvider( 4116): SUPL_ES=1
D/GpsLocationProvider( 4116): NMEA_PROVIDER=1
D/GpsLocationProvider( 4116): CAPABILITIES=0x37
D/GpsLocationProvider( 4116): SUPL_VER=0x10000
D/GpsLocationProvider( 4116): ERR_ESTIMATE=0
D/GpsLocationProvider( 4116): A_GLONASS_POS_PROTOCOL_SELECT=0 \#Sensor R&D \: This will not be injected to MODEM
D/GpsLocationProvider( 4116): INTERMEDIATE_POS=0
D/GpsLocationProvider( 4116): SGLTE_TARGET=0
D/GpsLocationProvider( 4116): LPP_PROFILE=0 \# Sensor R&D \: This will not be injected to MODEM
D/GpsLocationProvider( 4116): NTP_SERVER=ru.pool.ntp.org
D/GpsLocationProvider( 4116): SUPL_MODE=1
W/ServiceWatcher( 4116): com.google.android.gms not found
W/ServiceWatcher( 4116): com.google.android.gms not found
W/LocationManagerService( 4116): no network location provider found
W/ServiceWatcher( 4116): com.google.android.gms not found
W/ServiceWatcher( 4116): com.google.android.gms not found
E/LocationManagerService( 4116): no geocoder provider found
E/FlpHardwareProvider( 4116): Error hw_get_module 'flp': -2
E/LocationManagerService( 4116): FLP HAL not supported
W/ServiceWatcher( 4116): com.google.android.gms not found
E/LocationManagerService( 4116): Unable to bind FLP Geofence proxy.
E/ActivityRecognitionHardware( 4116): Error hw_get_module: -2
E/LocationManagerService( 4116): Hardware Activity-Recognition not supported.
W/ResourcesManager( 4116): Asset path '/system/framework/com.android.location.provider.jar' does not exist or contains no resources.
I/CommonTimeManagementService( 4116): No common time service detected on this platform.  Common time services will be unavailable.
D/gpsd    ( 3700): WakeLock(Acquire,GPSD)
D/gpsd    ( 3700): WakeLock(Release,GPSD)
I/InputReader( 4116): Reconfiguring input devices.  changes=0x00000040
D/libgps  ( 4116): SendGpsExtensionMessage: Waiting for IPC connection...
I/MmsServiceBroker( 4116): Connecting to MmsService
W/ContextImpl( 4116): Calling a method in the system process without a qualified user: android.app.ContextImpl.bindService:1790 com.android.server.MmsServiceBroker.tryConnecting:134 com.android.server.MmsServiceBroker.systemRunning:121 com.android.server.SystemServer$2.run:1345 com.android.server.am.ActivityManagerService.systemReady:11460 
D/libgps  ( 4116): Restore last known AGPS server state
D/libgps  ( 4116): GeofenceControllerStateWaitForConnection: EXIT
D/libgps  ( 4116): GeofenceControllerStateConnected: ENTRY
D/gpsd    ( 3700): WakeLock(Acquire,GPSD)
D/gpsd    ( 3700): WakeLock(Release,GPSD)
D/gpsd    ( 3700): WakeLock(Acquire,GPSD)
D/GpsLocationProvider( 4116): set_capabilities_callback: 38u
D/gpsd    ( 3700): WakeLock(Release,GPSD)
D/gpsd    ( 3700): WakeLock(Acquire,GPSD)
D/gpsd    ( 3700): WakeLock(Release,GPSD)
D/gpsd    ( 3700): WakeLock(Acquire,GPSD)
D/gpsd    ( 3700): WakeLock(Release,GPSD)
D/gpsd    ( 3700): WakeLock(Acquire,GPSD)
D/gpsd    ( 3700): WakeLock(Release,GPSD)
D/gpsd    ( 3700): WakeLock(Acquire,GPSD)
D/gpsd    ( 3700): WakeLock(Release,GPSD)
I/InputReader( 4116): Reconfiguring input devices.  changes=0x00000020
E/cutils  ( 4979): Failed to mkdir(/mnt/shell/emulated/0): Read-only file system
W/Zygote  ( 4979): Failed to mount emulated storage: 30
I/ActivityManager( 4116): Start proc com.android.phone for service com.android.mms.service/.MmsService: pid=4979 uid=1001 gids={41001, 9997, 3002, 3001, 3003, 1028, 1015} abi=armeabi-v7a
D/gpsd    ( 3700): WakeLock(Acquire,GPSD)
D/gpsd    ( 3700): WakeLock(Release,GPSD)
D/gpsd    ( 3700): WakeLock(Acquire,GPSD)
D/gpsd    ( 3700): WakeLock(Release,GPSD)
V/WiredAccessoryManager( 4116): init()
D/com.android.server.ThemeService( 4116): Previous api level not found. First time booting?
D/com.android.server.ThemeService( 4116): Prev api level was: -1, api is now: 21
D/com.android.server.ThemeService( 4116): The system has been upgraded to a theme new api, checking if currently set theme is compatible
E/cutils  ( 5004): Failed to mkdir(/mnt/shell/emulated/0): Read-only file system
W/Zygote  ( 5004): Failed to mount emulated storage: 30
I/ActivityManager( 4116): Start proc org.cyanogenmod.themes.provider for content provider org.cyanogenmod.themes.provider/.ThemesProvider: pid=5004 uid=10017 gids={50017, 9997, 3003} abi=armeabi-v7a
I/FusedLocation( 4116): engine started (com.android.location.fused)
I/Choreographer( 4541): Skipped 50 frames!  The application may be doing too much work on its main thread.
D/ThemesProvider( 5004): Deleted 0
D/com.android.server.ThemeService( 4116): Current overlay theme is same as default. Not doing anything for mods_status_bar
D/com.android.server.ThemeService( 4116): Current overlay theme is same as default. Not doing anything for mods_navigation_bar
D/com.android.server.ThemeService( 4116): Current overlay theme is same as default. Not doing anything for mods_overlays
D/com.android.server.ThemeService( 4116): Current theme is compatible with the system. Not unapplying anything
E/PackageManager( 4116): Unable to find icon pack: system
W/VoiceInteractionManagerService( 4116): no available voice interaction services found for user 0
W/VoiceInteractionManagerService( 4116): no available voice recognition services found for user 0
E/cutils  ( 5029): Failed to mkdir(/mnt/shell/emulated/0): Read-only file system
W/Zygote  ( 5029): Failed to mount emulated storage: 30
I/ActivityManager( 4116): Start proc com.android.incallui for added application com.android.incallui: pid=5029 uid=10008 gids={50008, 9997, 3003, 1028, 1015} abi=armeabi-v7a
E/cutils  ( 5049): Failed to mkdir(/mnt/shell/emulated/0): Read-only file system
W/Zygote  ( 5049): Failed to mount emulated storage: 30
I/ActivityManager( 4116): Start proc org.cyanogenmod.audiofx for added application org.cyanogenmod.audiofx: pid=5049 uid=10000 gids={50000, 9997, 3003, 3002} abi=armeabi-v7a
E/cutils  ( 5071): Failed to mkdir(/mnt/shell/emulated/0): Read-only file system
W/Zygote  ( 5071): Failed to mount emulated storage: 30
I/ActivityManager( 4116): Start proc com.android.server.telecom for added application com.android.server.telecom: pid=5071 uid=1001 gids={41001, 9997, 3002, 3001, 3003, 1028, 1015} abi=armeabi-v7a
I/ActivityManager( 4116): START u0 {act=android.intent.action.MAIN cat=[android.intent.category.HOME] flg=0x10000000 cmp=com.android.settings/.CryptKeeper} from uid 0 on display 0
E/cutils  ( 5095): Failed to mkdir(/mnt/shell/emulated/0): Read-only file system
W/Zygote  ( 5095): Failed to mount emulated storage: 30
I/ActivityManager( 4116): Start proc com.android.settings for activity com.android.settings/.CryptKeeper: pid=5095 uid=1000 gids={41000, 9997, 3003, 1028, 1015, 3002, 3001} abi=armeabi-v7a
E/cutils  ( 5125): Failed to mkdir(/mnt/shell/emulated/0): Read-only file system
W/Zygote  ( 5125): Failed to mount emulated storage: 30
I/ActivityManager( 4116): Start proc com.android.printspooler for service com.android.printspooler/.model.PrintSpoolerService: pid=5125 uid=10050 gids={50050, 9997} abi=armeabi-v7a
W/art     ( 4116): Long monitor contention event with owner method=void com.android.server.am.ActivityManagerService.systemReady(java.lang.Runnable) from ActivityManagerService.java:11468 waiters=1 for 173ms
I/art     ( 3702): Explicit concurrent mark sweep GC freed 709(30KB) AllocSpace objects, 0(0B) LOS objects, 40% free, 15MB/25MB, paused 260us total 12.191ms
D/MmsService( 4979): onCreate
I/art     ( 3702): Explicit concurrent mark sweep GC freed 5(160B) AllocSpace objects, 0(0B) LOS objects, 40% free, 15MB/25MB, paused 221us total 11.207ms
I/art     ( 3702): Explicit concurrent mark sweep GC freed 5(160B) AllocSpace objects, 0(0B) LOS objects, 40% free, 15MB/25MB, paused 211us total 10.902ms
D/GpsNetInitiatedHandler( 4116): location enabled :true
E/cutils  ( 5151): Failed to mkdir(/mnt/shell/emulated/0): Read-only file system
W/Zygote  ( 5151): Failed to mount emulated storage: 30
I/ActivityManager( 4116): Start proc android.process.media for broadcast com.android.providers.media/.MtpReceiver: pid=5151 uid=10009 gids={50009, 9997, 1028, 1015, 1023, 1024, 2001, 3003, 3007} abi=armeabi-v7a
V/StatusBar( 4541): userId 0 is in the house
I/MmsService( 4979): MmsConfigManager.loadInBackground(): mcc/mnc: 0/0
E/MmsService( 4979): MmsConfigManager.load -- empty getActiveSubInfoList
D/Telecom ( 5071): MissedCallNotifier: updateOnStartup()...
W/AppWidgetServiceImpl( 4116): Failed to read state: java.io.FileNotFoundException: /data/system/users/0/appwidgets.xml: open failed: ENOENT (No such file or directory)
V/AppWidgetServiceImpl( 4116): Upgrading widget database from 0 to 1
I/PrintSpoolerService( 5125): No existing print spooler state.
D/BluetoothManagerService( 4116): Message: 300
D/BluetoothManagerService( 4116): MESSAGE_USER_SWITCHED
E/AudioPolicyManager( 3692): getDeviceForStrategy() speaker device not found for STRATEGY_SONIFICATION
E/AudioPolicyManager( 3692): getDeviceForStrategy() speaker device not found for STRATEGY_SONIFICATION
E/AudioPolicyManager( 3692): getDeviceForStrategy() speaker device not found for STRATEGY_SONIFICATION
E/AudioPolicyManager( 3692): getDeviceForStrategy() speaker device not found for STRATEGY_SONIFICATION
D/BluetoothManagerService( 4116): Message: 20
D/BluetoothManagerService( 4116): Added callback: android.bluetooth.IBluetoothManagerCallback$Stub$Proxy@d23d6af:true
D/BluetoothManagerService( 4116): Message: 30
I/ActivityManager( 4116): START u0 {act=android.intent.action.MAIN cat=[android.intent.category.HOME] flg=0x10000000 cmp=com.cyanogenmod.setupwizard/.ui.SetupWizardActivity} from uid 0 on display 0
E/Minikin ( 3702): addFont failed to create font /system/fonts/NotoSansGujarati-Regular.ttf
E/Minikin ( 3702): addFont failed to create font /system/fonts/NotoSansGujarati-Bold.ttf
E/Minikin ( 3702): addFont failed to create font /system/fonts/NotoSansGujaratiUI-Regular.ttf
E/Minikin ( 3702): addFont failed to create font /system/fonts/NotoSansGujaratiUI-Bold.ttf
E/Minikin ( 3702): addFont failed to create font /system/fonts/NotoSansGurmukhi-Regular.ttf
E/Minikin ( 3702): addFont failed to create font /system/fonts/NotoSansGurmukhi-Bold.ttf
E/Minikin ( 3702): addFont failed to create font /system/fonts/NotoSansGurmukhiUI-Regular.ttf
E/Minikin ( 3702): addFont failed to create font /system/fonts/NotoSansGurmukhiUI-Bold.ttf
E/Minikin ( 3702): addFont failed to create font /system/fonts/NotoSansSinhala-Regular.ttf
E/Minikin ( 3702): addFont failed to create font /system/fonts/NotoSansSinhala-Bold.ttf
E/Minikin ( 3702): addFont failed to create font /system/fonts/NotoSansCherokee-Regular.ttf
E/Minikin ( 3702): addFont failed to create font /system/fonts/NotoSansCanadianAboriginal-Regular.ttf
E/Minikin ( 3702): addFont failed to create font /system/fonts/NotoSansYi-Regular.ttf
E/Minikin ( 3702): addFont failed to create font /system/fonts/NotoSansHans-Regular.otf
E/Minikin ( 3702): addFont failed to create font /system/fonts/NotoSansHant-Regular.otf
E/Minikin ( 3702): addFont failed to create font /system/fonts/NotoSansJP-Regular.otf
E/Minikin ( 3702): addFont failed to create font /system/fonts/NotoSansKR-Regular.otf
E/cutils  ( 5188): Failed to mkdir(/mnt/shell/emulated/0): Read-only file system
W/Zygote  ( 5188): Failed to mount emulated storage: 30
I/ActivityManager( 4116): Start proc com.cyanogenmod.setupwizard for activity com.cyanogenmod.setupwizard/.ui.SetupWizardActivity: pid=5188 uid=1000 gids={41000, 9997, 3003, 1028, 1015, 3002, 3001} abi=armeabi-v7a
I/MmsServiceBroker( 4116): MmsService connected
D/Telecom ( 5071): ProximitySensorManager: onCreate: mProximityWakeLock: 
D/Telecom ( 5071): MissedCallNotifier: onQueryComplete()...
D/Telecom ( 5071): BluetoothPhoneService: onCreate
D/BluetoothManagerService( 4116): Message: 30
I/MediaProvider( 5151): Upgrading media database from version 0 to 701, which will destroy all old data
D/ActivityManager( 4116): Storing locale en-US for decryption UI
I/ActivityManager( 4116): Config changes=300000 {1.0 ?mcc?mnc en_US ldltr sw360dp w360dp h615dp 480dpi nrml long port finger -keyb/v/h -nav/h s.7 themeResource=themes:{default=overlay:system, iconPack:system, fontPkg:system, com.android.systemui=overlay:system, com.android.systemui.navbar=overlay:system}}
D/com.android.server.ThemeService( 4116): Force stopping com.android.provision for theme change
E/Minikin ( 4116): addFont failed to create font /system/fonts/NotoSansGujarati-Regular.ttf
E/Minikin ( 4116): addFont failed to create font /system/fonts/NotoSansGujarati-Bold.ttf
E/Minikin ( 4116): addFont failed to create font /system/fonts/NotoSansGujaratiUI-Regular.ttf
E/Minikin ( 4116): addFont failed to create font /system/fonts/NotoSansGujaratiUI-Bold.ttf
E/Minikin ( 4116): addFont failed to create font /system/fonts/NotoSansGurmukhi-Regular.ttf
E/Minikin ( 4116): addFont failed to create font /system/fonts/NotoSansGurmukhi-Bold.ttf
E/Minikin ( 4116): addFont failed to create font /system/fonts/NotoSansGurmukhiUI-Regular.ttf
E/Minikin ( 4116): addFont failed to create font /system/fonts/NotoSansGurmukhiUI-Bold.ttf
E/Minikin ( 4116): addFont failed to create font /system/fonts/NotoSansSinhala-Regular.ttf
E/Minikin ( 4116): addFont failed to create font /system/fonts/NotoSansSinhala-Bold.ttf
E/Minikin ( 4116): addFont failed to create font /system/fonts/NotoSansCherokee-Regular.ttf
E/Minikin ( 4116): addFont failed to create font /system/fonts/NotoSansCanadianAboriginal-Regular.ttf
E/Minikin ( 4116): addFont failed to create font /system/fonts/NotoSansYi-Regular.ttf
E/Minikin ( 4116): addFont failed to create font /system/fonts/NotoSansHans-Regular.otf
E/Minikin ( 4116): addFont failed to create font /system/fonts/NotoSansHant-Regular.otf
E/Minikin ( 4116): addFont failed to create font /system/fonts/NotoSansJP-Regular.otf
E/Minikin ( 4116): addFont failed to create font /system/fonts/NotoSansKR-Regular.otf
I/ActivityManager( 4116): Force stopping com.android.provision appid=10051 user=0: from pid 4116
E/Minikin ( 5049): addFont failed to create font /system/fonts/NotoSansGujarati-Regular.ttf
E/Minikin ( 5049): addFont failed to create font /system/fonts/NotoSansGujarati-Bold.ttf
E/Minikin ( 5049): addFont failed to create font /system/fonts/NotoSansGujaratiUI-Regular.ttf
E/Minikin ( 5049): addFont failed to create font /system/fonts/NotoSansGujaratiUI-Bold.ttf
E/Minikin ( 5049): addFont failed to create font /system/fonts/NotoSansGurmukhi-Regular.ttf
E/Minikin ( 5049): addFont failed to create font /system/fonts/NotoSansGurmukhi-Bold.ttf
E/Minikin ( 5049): addFont failed to create font /system/fonts/NotoSansGurmukhiUI-Regular.ttf
E/Minikin ( 5049): addFont failed to create font /system/fonts/NotoSansGurmukhiUI-Bold.ttf
E/Minikin ( 5049): addFont failed to create font /system/fonts/NotoSansSinhala-Regular.ttf
E/Minikin ( 5049): addFont failed to create font /system/fonts/NotoSansSinhala-Bold.ttf
E/Minikin ( 5049): addFont failed to create font /system/fonts/NotoSansCherokee-Regular.ttf
E/Minikin ( 5049): addFont failed to create font /system/fonts/NotoSansCanadianAboriginal-Regular.ttf
E/Minikin ( 5049): addFont failed to create font /system/fonts/NotoSansYi-Regular.ttf
E/Minikin ( 5049): addFont failed to create font /system/fonts/NotoSansHans-Regular.otf
E/Minikin ( 5049): addFont failed to create font /system/fonts/NotoSansHant-Regular.otf
E/Minikin ( 5049): addFont failed to create font /system/fonts/NotoSansJP-Regular.otf
E/Minikin ( 5049): addFont failed to create font /system/fonts/NotoSansKR-Regular.otf
E/Minikin ( 4905): addFont failed to create font /system/fonts/NotoSansGujarati-Regular.ttf
E/Minikin ( 4905): addFont failed to create font /system/fonts/NotoSansGujarati-Bold.ttf
E/Minikin ( 4905): addFont failed to create font /system/fonts/NotoSansGujaratiUI-Regular.ttf
E/Minikin ( 4905): addFont failed to create font /system/fonts/NotoSansGujaratiUI-Bold.ttf
E/Minikin ( 4905): addFont failed to create font /system/fonts/NotoSansGurmukhi-Regular.ttf
E/Minikin ( 4905): addFont failed to create font /system/fonts/NotoSansGurmukhi-Bold.ttf
E/Minikin ( 4905): addFont failed to create font /system/fonts/NotoSansGurmukhiUI-Regular.ttf
E/Minikin ( 4905): addFont failed to create font /system/fonts/NotoSansGurmukhiUI-Bold.ttf
E/Minikin ( 4905): addFont failed to create font /system/fonts/NotoSansSinhala-Regular.ttf
E/Minikin ( 4905): addFont failed to create font /system/fonts/NotoSansSinhala-Bold.ttf
E/Minikin ( 4905): addFont failed to create font /system/fonts/NotoSansCherokee-Regular.ttf
E/Minikin ( 4905): addFont failed to create font /system/fonts/NotoSansCanadianAboriginal-Regular.ttf
E/Minikin ( 4905): addFont failed to create font /system/fonts/NotoSansYi-Regular.ttf
E/Minikin ( 4905): addFont failed to create font /system/fonts/NotoSansHans-Regular.otf
E/Minikin ( 4905): addFont failed to create font /system/fonts/NotoSansHant-Regular.otf
E/Minikin ( 4905): addFont failed to create font /system/fonts/NotoSansJP-Regular.otf
E/Minikin ( 4905): addFont failed to create font /system/fonts/NotoSansKR-Regular.otf
E/Minikin ( 5125): addFont failed to create font /system/fonts/NotoSansGujarati-Regular.ttf
E/Minikin ( 5125): addFont failed to create font /system/fonts/NotoSansGujarati-Bold.ttf
E/Minikin ( 5125): addFont failed to create font /system/fonts/NotoSansGujaratiUI-Regular.ttf
E/Minikin ( 5125): addFont failed to create font /system/fonts/NotoSansGujaratiUI-Bold.ttf
E/Minikin ( 5125): addFont failed to create font /system/fonts/NotoSansGurmukhi-Regular.ttf
E/Minikin ( 5125): addFont failed to create font /system/fonts/NotoSansGurmukhi-Bold.ttf
E/Minikin ( 5125): addFont failed to create font /system/fonts/NotoSansGurmukhiUI-Regular.ttf
E/Minikin ( 5125): addFont failed to create font /system/fonts/NotoSansGurmukhiUI-Bold.ttf
E/Minikin ( 5029): addFont failed to create font /system/fonts/NotoSansGujarati-Regular.ttf
E/Minikin ( 5095): addFont failed to create font /system/fonts/NotoSansGujarati-Regular.ttf
E/Minikin ( 5095): addFont failed to create font /system/fonts/NotoSansGujarati-Bold.ttf
E/Minikin ( 5029): addFont failed to create font /system/fonts/NotoSansGujarati-Bold.ttf
E/Minikin ( 5029): addFont failed to create font /system/fonts/NotoSansGujaratiUI-Regular.ttf
E/Minikin ( 5095): addFont failed to create font /system/fonts/NotoSansGujaratiUI-Regular.ttf
E/Minikin ( 5095): addFont failed to create font /system/fonts/NotoSansGujaratiUI-Bold.ttf
E/Minikin ( 5029): addFont failed to create font /system/fonts/NotoSansGujaratiUI-Bold.ttf
E/Minikin ( 5029): addFont failed to create font /system/fonts/NotoSansGurmukhi-Regular.ttf
E/Minikin ( 5095): addFont failed to create font /system/fonts/NotoSansGurmukhi-Regular.ttf
E/Minikin ( 5029): addFont failed to create font /system/fonts/NotoSansGurmukhi-Bold.ttf
E/Minikin ( 5095): addFont failed to create font /system/fonts/NotoSansGurmukhi-Bold.ttf
E/Minikin ( 5029): addFont failed to create font /system/fonts/NotoSansGurmukhiUI-Regular.ttf
E/Minikin ( 5095): addFont failed to create font /system/fonts/NotoSansGurmukhiUI-Regular.ttf
E/Minikin ( 5029): addFont failed to create font /system/fonts/NotoSansGurmukhiUI-Bold.ttf
E/Minikin ( 5095): addFont failed to create font /system/fonts/NotoSansGurmukhiUI-Bold.ttf
E/Minikin ( 5125): addFont failed to create font /system/fonts/NotoSansSinhala-Regular.ttf
E/Minikin ( 5125): addFont failed to create font /system/fonts/NotoSansSinhala-Bold.ttf
E/Minikin ( 5029): addFont failed to create font /system/fonts/NotoSansSinhala-Regular.ttf
E/Minikin ( 5029): addFont failed to create font /system/fonts/NotoSansSinhala-Bold.ttf
E/Minikin ( 5125): addFont failed to create font /system/fonts/NotoSansCherokee-Regular.ttf
E/Minikin ( 5125): addFont failed to create font /system/fonts/NotoSansCanadianAboriginal-Regular.ttf
E/Minikin ( 5125): addFont failed to create font /system/fonts/NotoSansYi-Regular.ttf
E/Minikin ( 5125): addFont failed to create font /system/fonts/NotoSansHans-Regular.otf
E/Minikin ( 5125): addFont failed to create font /system/fonts/NotoSansHant-Regular.otf
E/Minikin ( 5125): addFont failed to create font /system/fonts/NotoSansJP-Regular.otf
E/Minikin ( 5125): addFont failed to create font /system/fonts/NotoSansKR-Regular.otf
E/Minikin ( 5029): addFont failed to create font /system/fonts/NotoSansCherokee-Regular.ttf
E/Minikin ( 5029): addFont failed to create font /system/fonts/NotoSansCanadianAboriginal-Regular.ttf
E/Minikin ( 5029): addFont failed to create font /system/fonts/NotoSansYi-Regular.ttf
E/Minikin ( 5029): addFont failed to create font /system/fonts/NotoSansHans-Regular.otf
E/Minikin ( 4541): addFont failed to create font /system/fonts/NotoSansGujarati-Regular.ttf
E/Minikin ( 4541): addFont failed to create font /system/fonts/NotoSansGujarati-Bold.ttf
E/Minikin ( 5029): addFont failed to create font /system/fonts/NotoSansHant-Regular.otf
E/Minikin ( 5029): addFont failed to create font /system/fonts/NotoSansJP-Regular.otf
E/Minikin ( 4541): addFont failed to create font /system/fonts/NotoSansGujaratiUI-Regular.ttf
E/Minikin ( 4541): addFont failed to create font /system/fonts/NotoSansGujaratiUI-Bold.ttf
E/Minikin ( 5029): addFont failed to create font /system/fonts/NotoSansKR-Regular.otf
E/Minikin ( 4541): addFont failed to create font /system/fonts/NotoSansGurmukhi-Regular.ttf
E/Minikin ( 4541): addFont failed to create font /system/fonts/NotoSansGurmukhi-Bold.ttf
E/Minikin ( 4541): addFont failed to create font /system/fonts/NotoSansGurmukhiUI-Regular.ttf
E/Minikin ( 4541): addFont failed to create font /system/fonts/NotoSansGurmukhiUI-Bold.ttf
E/Minikin ( 4541): addFont failed to create font /system/fonts/NotoSansSinhala-Regular.ttf
E/Minikin ( 4541): addFont failed to create font /system/fonts/NotoSansSinhala-Bold.ttf
E/Minikin ( 4541): addFont failed to create font /system/fonts/NotoSansCherokee-Regular.ttf
E/Minikin ( 4541): addFont failed to create font /system/fonts/NotoSansCanadianAboriginal-Regular.ttf
E/Minikin ( 4541): addFont failed to create font /system/fonts/NotoSansYi-Regular.ttf
E/Minikin ( 4541): addFont failed to create font /system/fonts/NotoSansHans-Regular.otf
E/Minikin ( 4541): addFont failed to create font /system/fonts/NotoSansHant-Regular.otf
E/Minikin ( 4541): addFont failed to create font /system/fonts/NotoSansJP-Regular.otf
E/Minikin ( 4541): addFont failed to create font /system/fonts/NotoSansKR-Regular.otf
E/Minikin ( 5095): addFont failed to create font /system/fonts/NotoSansSinhala-Regular.ttf
E/Minikin ( 5095): addFont failed to create font /system/fonts/NotoSansSinhala-Bold.ttf
E/Minikin ( 5095): addFont failed to create font /system/fonts/NotoSansCherokee-Regular.ttf
E/Minikin ( 5095): addFont failed to create font /system/fonts/NotoSansCanadianAboriginal-Regular.ttf
E/Minikin ( 5095): addFont failed to create font /system/fonts/NotoSansYi-Regular.ttf
E/Minikin ( 5095): addFont failed to create font /system/fonts/NotoSansHans-Regular.otf
E/Minikin ( 5095): addFont failed to create font /system/fonts/NotoSansHant-Regular.otf
E/Minikin ( 5095): addFont failed to create font /system/fonts/NotoSansJP-Regular.otf
E/Minikin ( 5095): addFont failed to create font /system/fonts/NotoSansKR-Regular.otf
D/MediaProvider( 5151): Adjusting external storage paths to: /storage/emulated/0
E/Minikin ( 5071): addFont failed to create font /system/fonts/NotoSansGujarati-Regular.ttf
E/Minikin ( 5071): addFont failed to create font /system/fonts/NotoSansGujarati-Bold.ttf
E/Minikin ( 5071): addFont failed to create font /system/fonts/NotoSansGujaratiUI-Regular.ttf
E/Minikin ( 5071): addFont failed to create font /system/fonts/NotoSansGujaratiUI-Bold.ttf
E/Minikin ( 5071): addFont failed to create font /system/fonts/NotoSansGurmukhi-Regular.ttf
E/Minikin ( 5071): addFont failed to create font /system/fonts/NotoSansGurmukhi-Bold.ttf
E/Minikin ( 5071): addFont failed to create font /system/fonts/NotoSansGurmukhiUI-Regular.ttf
E/Minikin ( 5071): addFont failed to create font /system/fonts/NotoSansGurmukhiUI-Bold.ttf
E/Minikin ( 4979): addFont failed to create font /system/fonts/NotoSansGujarati-Regular.ttf
E/Minikin ( 4979): addFont failed to create font /system/fonts/NotoSansGujarati-Bold.ttf
E/Minikin ( 4979): addFont failed to create font /system/fonts/NotoSansGujaratiUI-Regular.ttf
E/Minikin ( 4979): addFont failed to create font /system/fonts/NotoSansGujaratiUI-Bold.ttf
E/Minikin ( 4979): addFont failed to create font /system/fonts/NotoSansGurmukhi-Regular.ttf
E/Minikin ( 4979): addFont failed to create font /system/fonts/NotoSansGurmukhi-Bold.ttf
E/Minikin ( 4979): addFont failed to create font /system/fonts/NotoSansGurmukhiUI-Regular.ttf
E/Minikin ( 4979): addFont failed to create font /system/fonts/NotoSansGurmukhiUI-Bold.ttf
E/Minikin ( 4979): addFont failed to create font /system/fonts/NotoSansSinhala-Regular.ttf
E/Minikin ( 4979): addFont failed to create font /system/fonts/NotoSansSinhala-Bold.ttf
E/Minikin ( 5071): addFont failed to create font /system/fonts/NotoSansSinhala-Regular.ttf
E/Minikin ( 5071): addFont failed to create font /system/fonts/NotoSansSinhala-Bold.ttf
E/Minikin ( 5071): addFont failed to create font /system/fonts/NotoSansCherokee-Regular.ttf
E/Minikin ( 5071): addFont failed to create font /system/fonts/NotoSansCanadianAboriginal-Regular.ttf
E/Minikin ( 5071): addFont failed to create font /system/fonts/NotoSansYi-Regular.ttf
E/Minikin ( 5071): addFont failed to create font /system/fonts/NotoSansHans-Regular.otf
E/Minikin ( 5071): addFont failed to create font /system/fonts/NotoSansHant-Regular.otf
E/Minikin ( 5071): addFont failed to create font /system/fonts/NotoSansJP-Regular.otf
E/Minikin ( 5071): addFont failed to create font /system/fonts/NotoSansKR-Regular.otf
E/Minikin ( 4979): addFont failed to create font /system/fonts/NotoSansCherokee-Regular.ttf
E/Minikin ( 4979): addFont failed to create font /system/fonts/NotoSansCanadianAboriginal-Regular.ttf
E/Minikin ( 4979): addFont failed to create font /system/fonts/NotoSansYi-Regular.ttf
E/Minikin ( 4979): addFont failed to create font /system/fonts/NotoSansHans-Regular.otf
E/Minikin ( 4979): addFont failed to create font /system/fonts/NotoSansHant-Regular.otf
E/Minikin ( 4979): addFont failed to create font /system/fonts/NotoSansJP-Regular.otf
E/Minikin ( 4979): addFont failed to create font /system/fonts/NotoSansKR-Regular.otf
W/GooglePlayServicesUtil( 5188): Google Play services is missing.
W/ContextImpl( 5188): Calling a method in the system process without a qualified user: android.app.ContextImpl.bindService:1790 android.content.ContextWrapper.bindService:544 android.speech.tts.TextToSpeech.connectToEngine:800 android.speech.tts.TextToSpeech.initTts:770 android.speech.tts.TextToSpeech.<init>:723 
E/Minikin ( 4723): addFont failed to create font /system/fonts/NotoSansGujarati-Regular.ttf
E/Minikin ( 4723): addFont failed to create font /system/fonts/NotoSansGujarati-Bold.ttf
E/Minikin ( 4723): addFont failed to create font /system/fonts/NotoSansGujaratiUI-Regular.ttf
E/Minikin ( 4723): addFont failed to create font /system/fonts/NotoSansGujaratiUI-Bold.ttf
E/Minikin ( 4723): addFont failed to create font /system/fonts/NotoSansGurmukhi-Regular.ttf
E/Minikin ( 4723): addFont failed to create font /system/fonts/NotoSansGurmukhi-Bold.ttf
E/Minikin ( 4723): addFont failed to create font /system/fonts/NotoSansGurmukhiUI-Regular.ttf
E/Minikin ( 4723): addFont failed to create font /system/fonts/NotoSansGurmukhiUI-Bold.ttf
E/Minikin ( 4723): addFont failed to create font /system/fonts/NotoSansSinhala-Regular.ttf
E/Minikin ( 4723): addFont failed to create font /system/fonts/NotoSansSinhala-Bold.ttf
E/Minikin ( 4723): addFont failed to create font /system/fonts/NotoSansCherokee-Regular.ttf
E/Minikin ( 4723): addFont failed to create font /system/fonts/NotoSansCanadianAboriginal-Regular.ttf
E/Minikin ( 4723): addFont failed to create font /system/fonts/NotoSansYi-Regular.ttf
E/Minikin ( 4723): addFont failed to create font /system/fonts/NotoSansHans-Regular.otf
E/Minikin ( 4723): addFont failed to create font /system/fonts/NotoSansHant-Regular.otf
E/Minikin ( 4723): addFont failed to create font /system/fonts/NotoSansJP-Regular.otf
E/Minikin ( 4723): addFont failed to create font /system/fonts/NotoSansKR-Regular.otf
E/Minikin ( 4934): addFont failed to create font /system/fonts/NotoSansGujarati-Regular.ttf
E/Minikin ( 4934): addFont failed to create font /system/fonts/NotoSansGujarati-Bold.ttf
E/Minikin ( 4934): addFont failed to create font /system/fonts/NotoSansGujaratiUI-Regular.ttf
E/Minikin ( 4934): addFont failed to create font /system/fonts/NotoSansGujaratiUI-Bold.ttf
E/Minikin ( 4934): addFont failed to create font /system/fonts/NotoSansGurmukhi-Regular.ttf
E/Minikin ( 4934): addFont failed to create font /system/fonts/NotoSansGurmukhi-Bold.ttf
E/Minikin ( 4934): addFont failed to create font /system/fonts/NotoSansGurmukhiUI-Regular.ttf
E/Minikin ( 4934): addFont failed to create font /system/fonts/NotoSansGurmukhiUI-Bold.ttf
E/Minikin ( 4934): addFont failed to create font /system/fonts/NotoSansSinhala-Regular.ttf
E/Minikin ( 4934): addFont failed to create font /system/fonts/NotoSansSinhala-Bold.ttf
E/Minikin ( 4934): addFont failed to create font /system/fonts/NotoSansCherokee-Regular.ttf
E/Minikin ( 4934): addFont failed to create font /system/fonts/NotoSansCanadianAboriginal-Regular.ttf
E/Minikin ( 4934): addFont failed to create font /system/fonts/NotoSansYi-Regular.ttf
E/Minikin ( 4934): addFont failed to create font /system/fonts/NotoSansHans-Regular.otf
E/Minikin ( 4934): addFont failed to create font /system/fonts/NotoSansHant-Regular.otf
E/Minikin ( 4934): addFont failed to create font /system/fonts/NotoSansJP-Regular.otf
