W/PackageManager( 4089): Unknown permission com.android.launcher.permission.READ_SETTINGS in package com.cyanogenmod.trebuchet
W/PackageManager( 4089): Unknown permission com.android.launcher.permission.WRITE_SETTINGS in package com.cyanogenmod.trebuchet
W/PackageManager( 4089): Unknown permission com.android.launcher3.permission.READ_SETTINGS in package com.cyanogenmod.trebuchet
W/PackageManager( 4089): Unknown permission com.android.launcher3.permission.WRITE_SETTINGS in package com.cyanogenmod.trebuchet
W/PackageManager( 4089): Unknown permission cyanogenmod.permission.PROTECTED_APP in package com.cyanogenmod.trebuchet
W/PackageManager( 4089): Unknown permission android.permission.INTERNET in package org.cyanogenmod.theme.chooser
W/PackageManager( 4089): Unknown permission android.permission.ACCESS_THEME_MANAGER in package org.cyanogenmod.theme.chooser
W/PackageManager( 4089): Unknown permission android.permission.READ_THEMES in package org.cyanogenmod.theme.chooser
W/PackageManager( 4089): Unknown permission android.permission.WRITE_THEMES in package org.cyanogenmod.theme.chooser
W/PackageManager( 4089): Unknown permission android.permission.CANCEL_NOTIFICATIONS in package org.cyanogenmod.theme.chooser
W/PackageManager( 4089): Unknown permission android.permission.ACCESS_NOTIFICATIONS in package org.cyanogenmod.theme.chooser
W/PackageManager( 4089): Unknown permission android.permission.WRITE_SETTINGS in package org.cyanogenmod.theme.chooser
W/PackageManager( 4089): Unknown permission android.permission.WRITE_SECURE_SETTINGS in package org.cyanogenmod.theme.chooser
V/PackageManager( 4089): Disabling com.google.android.gsf/com.google.android.gsf.update.SystemUpdateActivity
W/PackageManager( 4089): Unable to disable com.google.android.gsf/com.google.android.gsf.update.SystemUpdateActivity
V/PackageManager( 4089): Disabling com.google.android.gsf/com.google.android.gsf.update.SystemUpdateService$Receiver
W/PackageManager( 4089): Unable to disable com.google.android.gsf/com.google.android.gsf.update.SystemUpdateService$Receiver
V/PackageManager( 4089): Disabling com.google.android.gsf/com.google.android.gsf.update.SystemUpdateService$SecretCodeReceiver
W/PackageManager( 4089): Unable to disable com.google.android.gsf/com.google.android.gsf.update.SystemUpdateService$SecretCodeReceiver
V/PackageManager( 4089): Disabling com.google.android.gms/com.google.android.gms.update.SystemUpdateActivity
W/PackageManager( 4089): Unable to disable com.google.android.gms/com.google.android.gms.update.SystemUpdateActivity
V/PackageManager( 4089): Disabling com.google.android.gms/com.google.android.gms.update.SystemUpdateService$Receiver
W/PackageManager( 4089): Unable to disable com.google.android.gms/com.google.android.gms.update.SystemUpdateService$Receiver
V/PackageManager( 4089): Disabling com.google.android.gms/com.google.android.gms.update.SystemUpdateService$ActiveReceiver
W/PackageManager( 4089): Unable to disable com.google.android.gms/com.google.android.gms.update.SystemUpdateService$ActiveReceiver
V/PackageManager( 4089): Disabling com.google.android.gms/com.google.android.gms.update.SystemUpdateService$SecretCodeReceiver
W/PackageManager( 4089): Unable to disable com.google.android.gms/com.google.android.gms.update.SystemUpdateService$SecretCodeReceiver
V/PackageManager( 4089): Enabling com.google.android.gsf/com.google.android.gsf.update.SystemUpdateService
W/PackageManager( 4089): Unable to enable com.google.android.gsf/com.google.android.gsf.update.SystemUpdateService
V/PackageManager( 4089): Enabling com.google.android.gms/com.google.android.gms.update.SystemUpdateService
W/PackageManager( 4089): Unable to enable com.google.android.gms/com.google.android.gms.update.SystemUpdateService
I/PackageManager( 4089): Build fingerprint changed; clearing code caches
I/art     ( 4089): Explicit concurrent mark sweep GC freed 20990(2MB) AllocSpace objects, 39(624KB) LOS objects, 33% free, 25MB/37MB, paused 1.201ms total 102.320ms
I/SystemServer( 4089): User Service
I/lowmemorykiller( 3669): ActivityManager connected
I/SystemServiceManager( 4089): Starting com.android.server.lights.LightsService
I/SystemServiceManager( 4089): Starting com.android.server.BatteryService
I/SystemServiceManager( 4089): Starting com.android.server.usage.UsageStatsService
I/SystemServiceManager( 4089): Starting com.android.server.webkit.WebViewUpdateService
I/SystemServer( 4089): Reading configuration...
I/SystemServer( 4089): Scheduling Policy
I/SystemServer( 4089): Telephony Registry
I/SystemServer( 4089): Entropy Mixer
I/EntropyMixer( 4089): Added HW RNG output to entropy pool
I/EntropyMixer( 4089): Writing entropy...
I/SystemServer( 4089): Account Manager
I/SystemServer( 4089): Content Manager
I/SystemServer( 4089): System Content Providers
E/ActivityThread( 4089): Failed to find provider info for settings
E/System  ( 4089): ******************************************
E/System  ( 4089): ************ Failure starting core service
E/System  ( 4089): java.lang.NullPointerException: Attempt to invoke interface method 'android.os.Bundle android.content.IContentProvider.call(java.lang.String, java.lang.String, java.lang.String, android.os.Bundle)' on a null object reference
E/System  ( 4089): 	at android.provider.Settings$NameValueCache.getStringForUser(Settings.java:1144)
E/System  ( 4089): 	at android.provider.Settings$Secure.getStringForUser(Settings.java:4086)
E/System  ( 4089): 	at android.provider.Settings$Secure.getIntForUser(Settings.java:4195)
E/System  ( 4089): 	at android.provider.Settings$Secure.getInt(Settings.java:4184)
E/System  ( 4089): 	at com.android.server.am.CoreSettingsObserver.populateSettings(CoreSettingsObserver.java:125)
E/System  ( 4089): 	at com.android.server.am.CoreSettingsObserver.sendCoreSettings(CoreSettingsObserver.java:80)
E/System  ( 4089): 	at com.android.server.am.CoreSettingsObserver.<init>(CoreSettingsObserver.java:65)
E/System  ( 4089): 	at com.android.server.am.ActivityManagerService.installSystemProviders(ActivityManagerService.java:9976)
E/System  ( 4089): 	at com.android.server.SystemServer.startOtherServices(SystemServer.java:482)
E/System  ( 4089): 	at com.android.server.SystemServer.run(SystemServer.java:284)
E/System  ( 4089): 	at com.android.server.SystemServer.main(SystemServer.java:185)
E/System  ( 4089): 	at java.lang.reflect.Method.invoke(Native Method)
E/System  ( 4089): 	at java.lang.reflect.Method.invoke(Method.java:372)
E/System  ( 4089): 	at com.android.internal.os.ZygoteInit$MethodAndArgsCaller.run(ZygoteInit.java:898)
E/System  ( 4089): 	at com.android.internal.os.ZygoteInit.main(ZygoteInit.java:693)
I/SystemServer( 4089): Input Method Service
W/InputMethodManagerService( 4089): Couldn't create dir.: /data/system/inputmethod
E/ActivityThread( 4089): Failed to find provider info for settings
W/SystemServer( 4089): ***********************************************
F/SystemServer( 4089): BOOT FAILURE starting Input Manager Service
F/SystemServer( 4089): java.lang.NullPointerException: Attempt to invoke interface method 'android.os.Bundle android.content.IContentProvider.call(java.lang.String, java.lang.String, java.lang.String, android.os.Bundle)' on a null object reference
F/SystemServer( 4089): 	at android.provider.Settings$NameValueCache.getStringForUser(Settings.java:1144)
F/SystemServer( 4089): 	at android.provider.Settings$Secure.getStringForUser(Settings.java:4086)
F/SystemServer( 4089): 	at com.android.internal.inputmethod.InputMethodUtils$InputMethodSettings.getEnabledInputMethodsStr(InputMethodUtils.java:898)
F/SystemServer( 4089): 	at com.android.internal.inputmethod.InputMethodUtils$InputMethodSettings.getEnabledInputMethodsAndSubtypeListLocked(InputMethodUtils.java:797)
F/SystemServer( 4089): 	at com.android.internal.inputmethod.InputMethodUtils$InputMethodSettings.getEnabledInputMethodListLocked(InputMethodUtils.java:731)
F/SystemServer( 4089): 	at com.android.internal.inputmethod.InputMethodUtils$InputMethodSettings.getExplicitlyOrImplicitlyEnabledInputMethodsAndSubtypeListLocked(InputMethodUtils.java:1168)
F/SystemServer( 4089): 	at com.android.internal.inputmethod.InputMethodSubtypeSwitchingController$InputMethodAndSubtypeList.getSortedInputMethodAndSubtypeList(InputMethodSubtypeSwitchingController.java:202)
F/SystemServer( 4089): 	at com.android.internal.inputmethod.InputMethodSubtypeSwitchingController$InputMethodAndSubtypeList.getSortedInputMethodAndSubtypeList(InputMethodSubtypeSwitchingController.java:195)
F/SystemServer( 4089): 	at com.android.internal.inputmethod.InputMethodSubtypeSwitchingController.resetCircularListLocked(InputMethodSubtypeSwitchingController.java:503)
F/SystemServer( 4089): 	at com.android.internal.inputmethod.InputMethodSubtypeSwitchingController.<init>(InputMethodSubtypeSwitchingController.java:483)
F/SystemServer( 4089): 	at com.android.internal.inputmethod.InputMethodSubtypeSwitchingController.createInstanceLocked(InputMethodSubtypeSwitchingController.java:488)
F/SystemServer( 4089): 	at com.android.server.InputMethodManagerService.<init>(InputMethodManagerService.java:721)
F/SystemServer( 4089): 	at com.android.server.SystemServer.startOtherServices(SystemServer.java:561)
F/SystemServer( 4089): 	at com.android.server.SystemServer.run(SystemServer.java:284)
F/SystemServer( 4089): 	at com.android.server.SystemServer.main(SystemServer.java:185)
F/SystemServer( 4089): 	at java.lang.reflect.Method.invoke(Native Method)
F/SystemServer( 4089): 	at java.lang.reflect.Method.invoke(Method.java:372)
F/SystemServer( 4089): 	at com.android.internal.os.ZygoteInit$MethodAndArgsCaller.run(ZygoteInit.java:898)
F/SystemServer( 4089): 	at com.android.internal.os.ZygoteInit.main(ZygoteInit.java:693)
I/SystemServer( 4089): Accessibility Manager
W/SystemServer( 4089): ***********************************************
F/SystemServer( 4089): BOOT FAILURE making display ready
F/SystemServer( 4089): java.lang.NullPointerException: Attempt to invoke virtual method 'void com.android.server.wm.WindowManagerService.displayReady()' on a null object reference
F/SystemServer( 4089): 	at com.android.server.SystemServer.startOtherServices(SystemServer.java:578)
F/SystemServer( 4089): 	at com.android.server.SystemServer.run(SystemServer.java:284)
F/SystemServer( 4089): 	at com.android.server.SystemServer.main(SystemServer.java:185)
F/SystemServer( 4089): 	at java.lang.reflect.Method.invoke(Native Method)
F/SystemServer( 4089): 	at java.lang.reflect.Method.invoke(Method.java:372)
F/SystemServer( 4089): 	at com.android.internal.os.ZygoteInit$MethodAndArgsCaller.run(ZygoteInit.java:898)
F/SystemServer( 4089): 	at com.android.internal.os.ZygoteInit.main(ZygoteInit.java:693)
I/SystemServer( 4089): Mount Service
D/MountService( 4089): got storage path: /storage/sdcard0 description: Almacenamiento interno primary: true removable: false emulated: true mtpReserve: 100 allowMassStorage: false maxFileSize: 0
D/MountService( 4089): addVolumeLocked() StorageVolume:
D/MountService( 4089):     mStorageId=65537 mPath=/storage/emulated/0 mDescriptionId=17040999 
D/MountService( 4089):     mPrimary=true mRemovable=false mEmulated=true mMtpReserveSpace=100 
D/MountService( 4089):     mAllowMassStorage=false mMaxFileSize=0 mOwner=UserHandle{0} mUuid=null 
D/MountService( 4089):     mUserLabel=null mState=null 
D/MountService( 4089): got storage path: /storage/sdcard1 description: Tarjeta SD primary: false removable: true emulated: false mtpReserve: 0 allowMassStorage: true maxFileSize: 0
D/MountService( 4089): addVolumeLocked() StorageVolume:
D/MountService( 4089):     mStorageId=0 mPath=/storage/sdcard1 mDescriptionId=17041000 mPrimary=false 
D/MountService( 4089):     mRemovable=true mEmulated=false mMtpReserveSpace=0 mAllowMassStorage=true 
D/MountService( 4089):     mMaxFileSize=0 mOwner=null mUuid=null mUserLabel=null mState=null 
D/MountService( 4089): got storage path: /storage/usbdisk description: Almacenamiento USB primary: false removable: true emulated: false mtpReserve: 0 allowMassStorage: false maxFileSize: 0
D/MountService( 4089): addVolumeLocked() StorageVolume:
D/MountService( 4089):     mStorageId=0 mPath=/storage/usbdisk mDescriptionId=17041001 mPrimary=false 
D/MountService( 4089):     mRemovable=true mEmulated=false mMtpReserveSpace=0 mAllowMassStorage=false 
D/MountService( 4089):     mMaxFileSize=0 mOwner=null mUuid=null mUserLabel=null mState=null 
E/ActivityThread( 4089): Failed to find provider info for settings
W/SystemServer( 4089): ***********************************************
F/SystemServer( 4089): BOOT FAILURE performing boot dexopt
F/SystemServer( 4089): java.lang.NullPointerException: Attempt to invoke interface method 'android.os.Bundle android.content.IContentProvider.call(java.lang.String, java.lang.String, java.lang.String, android.os.Bundle)' on a null object reference
F/SystemServer( 4089): 	at android.provider.Settings$NameValueCache.getStringForUser(Settings.java:1144)
F/SystemServer( 4089): 	at android.provider.Settings$Global.getStringForUser(Settings.java:7966)
F/SystemServer( 4089): 	at android.provider.Settings$Global.getString(Settings.java:7955)
F/SystemServer( 4089): 	at android.provider.Settings$Global.getLong(Settings.java:8096)
F/SystemServer( 4089): 	at com.android.server.pm.PackageManagerService.performBootDexOpt(PackageManagerService.java:4802)
F/SystemServer( 4089): 	at com.android.server.SystemServer.startOtherServices(SystemServer.java:601)
F/SystemServer( 4089): 	at com.android.server.SystemServer.run(SystemServer.java:284)
F/SystemServer( 4089): 	at com.android.server.SystemServer.main(SystemServer.java:185)
F/SystemServer( 4089): 	at java.lang.reflect.Method.invoke(Native Method)
F/SystemServer( 4089): 	at java.lang.reflect.Method.invoke(Method.java:372)
F/SystemServer( 4089): 	at com.android.internal.os.ZygoteInit$MethodAndArgsCaller.run(ZygoteInit.java:898)
F/SystemServer( 4089): 	at com.android.internal.os.ZygoteInit.main(ZygoteInit.java:693)
E/System  ( 4089): ******************************************
D/MountService( 4089): volume state changed for /storage/sdcard1 (unmounted -> removed)
E/System  ( 4089): ************ Failure starting system services
E/System  ( 4089): java.lang.NullPointerException: Attempt to invoke virtual method 'void com.android.server.wm.WindowManagerService.showBootMessage(java.lang.CharSequence, boolean)' on a null object reference
E/System  ( 4089): 	at com.android.server.am.ActivityManagerService.showBootMessage(ActivityManagerService.java:6406)
E/System  ( 4089): 	at com.android.server.SystemServer.startOtherServices(SystemServer.java:607)
E/System  ( 4089): 	at com.android.server.SystemServer.run(SystemServer.java:284)
E/System  ( 4089): 	at com.android.server.SystemServer.main(SystemServer.java:185)
E/System  ( 4089): 	at java.lang.reflect.Method.invoke(Native Method)
E/System  ( 4089): 	at java.lang.reflect.Method.invoke(Method.java:372)
E/System  ( 4089): 	at com.android.internal.os.ZygoteInit$MethodAndArgsCaller.run(ZygoteInit.java:898)
E/System  ( 4089): 	at com.android.internal.os.ZygoteInit.main(ZygoteInit.java:693)
D/MountService( 4089): volume state changed for /storage/usbdisk (unmounted -> removed)
D/AndroidRuntime( 4089): Shutting down VM
--------- beginning of crash
E/AndroidRuntime( 4089): *** FATAL EXCEPTION IN SYSTEM PROCESS: main
E/AndroidRuntime( 4089): java.lang.NullPointerException: Attempt to invoke virtual method 'void com.android.server.wm.WindowManagerService.showBootMessage(java.lang.CharSequence, boolean)' on a null object reference
E/AndroidRuntime( 4089): 	at com.android.server.am.ActivityManagerService.showBootMessage(ActivityManagerService.java:6406)
E/AndroidRuntime( 4089): 	at com.android.server.SystemServer.startOtherServices(SystemServer.java:607)
E/AndroidRuntime( 4089): 	at com.android.server.SystemServer.run(SystemServer.java:284)
E/AndroidRuntime( 4089): 	at com.android.server.SystemServer.main(SystemServer.java:185)
E/AndroidRuntime( 4089): 	at java.lang.reflect.Method.invoke(Native Method)
E/AndroidRuntime( 4089): 	at java.lang.reflect.Method.invoke(Method.java:372)
E/AndroidRuntime( 4089): 	at com.android.internal.os.ZygoteInit$MethodAndArgsCaller.run(ZygoteInit.java:898)
E/AndroidRuntime( 4089): 	at com.android.internal.os.ZygoteInit.main(ZygoteInit.java:693)
I/Process ( 4089): Sending signal. PID: 4089 SIG: 9
I/ServiceManager( 3670): service 'sensorservice' died
I/ServiceManager( 3670): service 'battery' died
I/ServiceManager( 3670): service 'hardware' died
I/ServiceManager( 3670): service 'permission' died
I/ServiceManager( 3670): service 'cpuinfo' died
I/ServiceManager( 3670): service 'dbinfo' died
I/ServiceManager( 3670): service 'usagestats' died
I/ServiceManager( 3670): service 'webviewupdate' died
I/ServiceManager( 3670): service 'scheduling_policy' died
I/ServiceManager( 3670): service 'telephony.registry' died
I/ServiceManager( 3670): service 'entropy' died
I/ServiceManager( 3670): service 'account' died
I/ServiceManager( 3670): service 'content' died
I/ServiceManager( 3670): service 'accessibility' died
I/ServiceManager( 3670): service 'mount' died
I/ServiceManager( 3670): service 'activity' died
I/ServiceManager( 3670): service 'package' died
I/ServiceManager( 3670): service 'user' died
I/ServiceManager( 3670): service 'procstats' died
I/ServiceManager( 3670): service 'batterystats' died
I/ServiceManager( 3670): service 'appops' died
I/ServiceManager( 3670): service 'power' died
I/ServiceManager( 3670): service 'display' died
I/ServiceManager( 3670): service 'meminfo' died
I/ServiceManager( 3670): service 'gfxinfo' died
E/installd( 3691): eof
E/installd( 3691): failed to read size
I/installd( 3691): closing connection
I/lowmemorykiller( 3669): ActivityManager disconnected
I/lowmemorykiller( 3669): Closing Activity Manager data connection
E/FrameworkListener( 3672): read() failed (Connection reset by peer)
E/Zygote  ( 3697): Exit zygote because system server (4089) has terminated
I/Netd    ( 4184): Netd 1.0 starting
E/Netd    ( 4184): Failed to open /proc/sys/net/ipv6/conf/default/accept_ra_rt_table: No such file or directory
E/Netd    ( 4184): Failed to open /proc/sys/net/ipv6/conf/ip6tnl0/accept_ra_rt_table: No such file or directory
E/Netd    ( 4184): Failed to open /proc/sys/net/ipv6/conf/lo/accept_ra_rt_table: No such file or directory
E/Netd    ( 4184): Failed to open /proc/sys/net/ipv6/conf/rmnet0/accept_ra_rt_table: No such file or directory
E/Netd    ( 4184): Failed to open /proc/sys/net/ipv6/conf/rmnet1/accept_ra_rt_table: No such file or directory
E/Netd    ( 4184): Failed to open /proc/sys/net/ipv6/conf/rmnet2/accept_ra_rt_table: No such file or directory
E/Netd    ( 4184): Failed to open /proc/sys/net/ipv6/conf/rmnet3/accept_ra_rt_table: No such file or directory
E/Netd    ( 4184): Failed to open /proc/sys/net/ipv6/conf/sit0/accept_ra_rt_table: No such file or directory
D/AndroidRuntime( 4183): 
D/AndroidRuntime( 4183): >>>>>> AndroidRuntime START com.android.internal.os.ZygoteInit <<<<<<
D/AndroidRuntime( 4183): CheckJNI is OFF
I/art     ( 4183): option[0]=-Xzygote
I/art     ( 4183): option[1]=-Xstacktracefile:/data/anr/traces.txt
I/art     ( 4183): option[2]=exit
I/art     ( 4183): option[3]=vfprintf
I/art     ( 4183): option[4]=sensitiveThread
I/art     ( 4183): option[5]=-verbose:gc
I/art     ( 4183): option[6]=-Xms8m
I/art     ( 4183): option[7]=-Xmx512m
I/art     ( 4183): option[8]=-XX:mainThreadStackSize=24K
I/art     ( 4183): option[9]=-XX:HeapGrowthLimit=128m
I/art     ( 4183): option[10]=-XX:HeapMinFree=2m
I/art     ( 4183): option[11]=-XX:HeapMaxFree=8m
I/art     ( 4183): option[12]=-XX:HeapTargetUtilization=0.75
I/art     ( 4183): option[13]=-agentlib:jdwp=transport=dt_android_adb,suspend=n,server=y
I/art     ( 4183): option[14]=-Xlockprofthreshold:500
I/art     ( 4183): option[15]=-Ximage-compiler-option
I/art     ( 4183): option[16]=--runtime-arg
I/art     ( 4183): option[17]=-Ximage-compiler-option
I/art     ( 4183): option[18]=-Xms64m
I/art     ( 4183): option[19]=-Ximage-compiler-option
I/art     ( 4183): option[20]=--runtime-arg
I/art     ( 4183): option[21]=-Ximage-compiler-option
I/art     ( 4183): option[22]=-Xmx64m
I/art     ( 4183): option[23]=-Ximage-compiler-option
I/art     ( 4183): option[24]=--image-classes-zip=/system/framework/framework.jar
I/art     ( 4183): option[25]=-Ximage-compiler-option
I/art     ( 4183): option[26]=--image-classes=preloaded-classes
I/art     ( 4183): option[27]=-Xcompiler-option
I/art     ( 4183): option[28]=--runtime-arg
I/art     ( 4183): option[29]=-Xcompiler-option
I/art     ( 4183): option[30]=-Xms64m
I/art     ( 4183): option[31]=-Xcompiler-option
I/art     ( 4183): option[32]=--runtime-arg
I/art     ( 4183): option[33]=-Xcompiler-option
I/art     ( 4183): option[34]=-Xmx512m
I/art     ( 4183): option[35]=-Duser.language=es
I/art     ( 4183): option[36]=-Duser.region=US
I/art     ( 4183): Pruning dalvik-cache since we are generating an image and will need to recompile
W/art     ( 4183): Unexpected file type of 
W/art     ( 4183):  encountered.
I/art     ( 4183): Using an offset of 0xffba8000 from default art base address of 0x70000000
I/art     ( 4183): GenerateImage: /system/bin/dex2oat --image=/data/dalvik-cache/arm/system@framework@boot.art --dex-file=/system/framework/core-libart.jar --dex-file=/system/framework/conscrypt.jar --dex-file=/system/framework/okhttp.jar --dex-file=/system/framework/core-junit.jar --dex-file=/system/framework/bouncycastle.jar --dex-file=/system/framework/ext.jar --dex-file=/system/framework/framework.jar --dex-file=/system/framework/telephony-common.jar --dex-file=/system/framework/voip-common.jar --dex-file=/system/framework/ims-common.jar --dex-file=/system/framework/mms-common.jar --dex-file=/system/framework/android.policy.jar --dex-file=/system/framework/apache-xml.jar --oat-file=/data/dalvik-cache/arm/system@framework@boot.oat --instruction-set=arm --instruction-set-features=div --base=0x6fba8000 --runtime-arg -Xms64m --runtime-arg -Xmx64m --image-classes-zip=/system/framework/framework.jar --image-classes=preloaded-classes
W/art     ( 4183): Unexpected file type of 
W/art     ( 4183):  encountered.
W/art     ( 4183): Could not create image space with image file '/system/framework/boot.art'. Attempting to fall back to imageless running. Error was: Failed to generate image '/data/dalvik-cache/arm/system@framework@boot.art': Failed execv(/system/bin/dex2oat --image=/data/dalvik-cache/arm/system@framework@boot.art --dex-file=/system/framework/core-libart.jar --dex-file=/system/framework/conscrypt.jar --dex-file=/system/framework/okhttp.jar --dex-file=/system/framework/core-junit.jar --dex-file=/system/framework/bouncycastle.jar --dex-file=/system/framework/ext.jar --dex-file=/system/framework/framework.jar --dex-file=/system/framework/telephony-common.jar --dex-file=/system/framework/voip-common.jar --dex-file=/system/framework/ims-common.jar --dex-file=/system/framework/mms-common.jar --dex-file=/system/framework/android.policy.jar --dex-file=/system/framework/apache-xml.jar --oat-file=/data/dalvik-cache/arm/system@framework@boot.oat --instruction-set=arm --instruction-set-features=div --base=0x6fba8000 --runtime-arg -Xms64
V/NatController( 4184): runCmd(/system/bin/iptables -F natctrl_FORWARD) res=0
V/NatController( 4184): runCmd(/system/bin/iptables -A natctrl_FORWARD -j DROP) res=0
V/NatController( 4184): runCmd(/system/bin/iptables -t nat -F natctrl_nat_POSTROUTING) res=0
V/NatController( 4184): runCmd(/system/bin/iptables -F natctrl_tether_counters) res=0
V/NatController( 4184): runCmd(/system/bin/iptables -X natctrl_tether_counters) res=0
V/NatController( 4184): runCmd(/system/bin/iptables -N natctrl_tether_counters) res=0
V/NatController( 4184): runCmd(/system/bin/iptables -t mangle -A natctrl_mangle_FORWARD -p tcp --tcp-flags SYN SYN -j TCPMSS --clamp-mss-to-pmtu) res=0
E/memtrack( 4183): Couldn't load memtrack module (No such file or directory)
E/android.os.Debug( 4183): failed to load memtrack module: -2
I/SamplingProfilerIntegration( 4183): Profiling disabled.
D/Zygote  ( 4183): begin preload
I/Zygote  ( 4183): Preloading classes...
I/art     ( 4183): Explicit concurrent mark sweep GC freed 4379(640KB) AllocSpace objects, 0(0B) LOS objects, 41% free, 5MB/9MB, paused 113us total 19.675ms
I/art     ( 4183): Counter: 1
D/MDnsDS  ( 4184): MDnsSdListener::Hander starting up
D/MDnsDS  ( 4184): MDnsSdListener starting to monitor
D/MDnsDS  ( 4184): Going to poll with pollCount 1
E/Minikin ( 4183): addFont failed to create font /system/fonts/NotoSansGujarati-Regular.ttf
E/Minikin ( 4183): addFont failed to create font /system/fonts/NotoSansGujarati-Bold.ttf
E/Minikin ( 4183): addFont failed to create font /system/fonts/NotoSansGujaratiUI-Regular.ttf
E/Minikin ( 4183): addFont failed to create font /system/fonts/NotoSansGujaratiUI-Bold.ttf
E/Minikin ( 4183): addFont failed to create font /system/fonts/NotoSansGurmukhi-Regular.ttf
E/Minikin ( 4183): addFont failed to create font /system/fonts/NotoSansGurmukhi-Bold.ttf
E/Minikin ( 4183): addFont failed to create font /system/fonts/NotoSansGurmukhiUI-Regular.ttf
E/Minikin ( 4183): addFont failed to create font /system/fonts/NotoSansGurmukhiUI-Bold.ttf
E/Minikin ( 4183): addFont failed to create font /system/fonts/NotoSansSinhala-Regular.ttf
E/Minikin ( 4183): addFont failed to create font /system/fonts/NotoSansSinhala-Bold.ttf
E/Minikin ( 4183): addFont failed to create font /system/fonts/NotoSansCherokee-Regular.ttf
E/Minikin ( 4183): addFont failed to create font /system/fonts/NotoSansCanadianAboriginal-Regular.ttf
E/Minikin ( 4183): addFont failed to create font /system/fonts/NotoSansYi-Regular.ttf
E/Minikin ( 4183): addFont failed to create font /system/fonts/NotoSansHans-Regular.otf
E/Minikin ( 4183): addFont failed to create font /system/fonts/NotoSansHant-Regular.otf
E/Minikin ( 4183): addFont failed to create font /system/fonts/NotoSansJP-Regular.otf
E/Minikin ( 4183): addFont failed to create font /system/fonts/NotoSansKR-Regular.otf
I/art     ( 4183): Thread[1,tid=4183,WaitingForJniOnLoad,Thread*=0xb5007800,peer=0x12f06560,"main"] recursive attempt to load library "/system/lib/libmedia_jni.so"
D/MtpDeviceJNI( 4183): register_android_mtp_MtpDevice
I/art     ( 4183): Thread[1,tid=4183,WaitingForJniOnLoad,Thread*=0xb5007800,peer=0x12f06560,"main"] recursive attempt to load library "/system/lib/libmedia_jni.so"
I/art     ( 4183): Thread[1,tid=4183,WaitingForJniOnLoad,Thread*=0xb5007800,peer=0x12f06560,"main"] recursive attempt to load library "/system/lib/libmedia_jni.so"
I/System  ( 4183): Loaded time zone names for "" in 56ms (33ms in ICU)
I/System  ( 4183): Loaded time zone names for "en_US" in 54ms (25ms in ICU)
I/System  ( 4183): Loaded time zone names for "es_US" in 57ms (26ms in ICU)
I/art     ( 4183): Background concurrent mark sweep GC freed 6558(457KB) AllocSpace objects, 0(0B) LOS objects, 33% free, 13MB/20MB, paused 5.507ms total 123.654ms
I/art     ( 4183): Explicit concurrent mark sweep GC freed 1753(169KB) AllocSpace objects, 0(0B) LOS objects, 33% free, 14MB/21MB, paused 206us total 48.016ms
I/Zygote  ( 4183): ...preloaded 3005 classes in 5778ms.
I/art     ( 4183): VMRuntime.preloadDexCaches starting
I/art     ( 4183): VMRuntime.preloadDexCaches strings total=217316 before=8974 after=8974
I/art     ( 4183): VMRuntime.preloadDexCaches types total=18704 before=7488 after=9178
I/art     ( 4183): VMRuntime.preloadDexCaches fields total=87408 before=31755 after=42301
I/art     ( 4183): VMRuntime.preloadDexCaches methods total=154031 before=60846 after=75556
I/art     ( 4183): VMRuntime.preloadDexCaches finished
I/art     ( 4183): Counter: 0
I/art     ( 4183): Counter: 1
I/art     ( 4183): Explicit concurrent mark sweep GC freed 59(15KB) AllocSpace objects, 0(0B) LOS objects, 40% free, 14MB/23MB, paused 139us total 47.242ms
D/idmap   ( 4412): error: no read access to /vendor/overlay: No such file or directory
I/Zygote  ( 4183): Preloading resources...
W/SurfaceFlinger( 3673): Ignoring duplicate VSYNC event from HWC (t=70465231340)
I/art     ( 4183): Explicit concurrent mark sweep GC freed 5348(195KB) AllocSpace objects, 0(0B) LOS objects, 35% free, 29MB/45MB, paused 212us total 52.253ms
I/Zygote  ( 4183): ...preloaded 430 resources in 672ms.
I/art     ( 4183): Explicit concurrent mark sweep GC freed 730(39KB) AllocSpace objects, 0(0B) LOS objects, 35% free, 29MB/45MB, paused 219us total 51.262ms
I/Zygote  ( 4183): ...preloaded 41 resources in 84ms.
I/art     ( 4183): Counter: 0
D/libEGL  ( 4183): loaded /vendor/lib/egl/libGLES_mali.so
I/Zygote  ( 4183): Preloading shared libraries...
D/Zygote  ( 4183): end preload
I/art     ( 4183): Explicit concurrent mark sweep GC freed 463(21KB) AllocSpace objects, 0(0B) LOS objects, 35% free, 29MB/45MB, paused 209us total 50.812ms
I/art     ( 4183): Explicit concurrent mark sweep GC freed 41(1568B) AllocSpace objects, 0(0B) LOS objects, 35% free, 29MB/45MB, paused 222us total 50.311ms
I/art     ( 4183): Explicit concurrent mark sweep GC freed 5(160B) AllocSpace objects, 0(0B) LOS objects, 35% free, 29MB/45MB, paused 358us total 51.031ms
I/Zygote  ( 4183): System server process 4413 has been created
I/Zygote  ( 4183): Accepting command socket connections
I/art     ( 4413): DexFile_isDexOptNeeded failed to open oat file '/data/dalvik-cache/arm/system@framework@org.cyanogenmod.hardware.jar@classes.dex' for file location '/system/framework/org.cyanogenmod.hardware.jar': Failed to open oat filename for reading: No such file or directory
I/art     ( 4413): DexFile_isDexOptNeeded failed to open oat file '/system/framework/arm/org.cyanogenmod.hardware.odex' for file location '/system/framework/org.cyanogenmod.hardware.jar': Failed to open oat filename for reading: No such file or directory
I/InstallerConnection( 4413): connecting...
I/installd( 3691): new connection
E/installd( 3691): DexInv: --- END '/system/framework/org.cyanogenmod.hardware.jar' --- status=0x0100, process failed
I/art     ( 4413): DexFile_isDexOptNeeded failed to open oat file '/data/dalvik-cache/arm/system@framework@services.jar@classes.dex' for file location '/system/framework/services.jar': Failed to open oat filename for reading: No such file or directory
I/art     ( 4413): DexFile_isDexOptNeeded failed to open oat file '/system/framework/arm/services.odex' for file location '/system/framework/services.jar': Failed to open oat filename for reading: No such file or directory
E/installd( 3691): DexInv: --- END '/system/framework/services.jar' --- status=0x0100, process failed
I/art     ( 4413): DexFile_isDexOptNeeded failed to open oat file '/data/dalvik-cache/arm/system@framework@ethernet-service.jar@classes.dex' for file location '/system/framework/ethernet-service.jar': Failed to open oat filename for reading: No such file or directory
I/art     ( 4413): DexFile_isDexOptNeeded failed to open oat file '/system/framework/arm/ethernet-service.odex' for file location '/system/framework/ethernet-service.jar': Failed to open oat filename for reading: No such file or directory
E/installd( 3691): DexInv: --- END '/system/framework/ethernet-service.jar' --- status=0x0100, process failed
I/art     ( 4413): DexFile_isDexOptNeeded failed to open oat file '/data/dalvik-cache/arm/system@framework@wifi-service.jar@classes.dex' for file location '/system/framework/wifi-service.jar': Failed to open oat filename for reading: No such file or directory
I/art     ( 4413): DexFile_isDexOptNeeded failed to open oat file '/system/framework/arm/wifi-service.odex' for file location '/system/framework/wifi-service.jar': Failed to open oat filename for reading: No such file or directory
E/installd( 3691): DexInv: --- END '/system/framework/wifi-service.jar' --- status=0x0100, process failed
I/InstallerConnection( 4413): disconnecting...
E/installd( 3691): eof
E/installd( 3691): failed to read size
I/installd( 3691): closing connection
I/SystemServer( 4413): Entered the Android system server!
V/Fingerprint-JNI( 4413): FingerprintManager JNI ready.
I/        ( 4413): System server: starting sensor init.
D/SensorService( 4413): nuSensorService starting...
E/Sensors ( 4413): GeoMagneticSensor, ERROR dev_num = -19
I/SystemServiceManager( 4413): Starting com.android.server.pm.Installer
I/Sensors ( 4413): Proximity old sensor_state 0, new sensor_state : 128 en : 1
I/Installer( 4413): Waiting for installd to be ready.
I/InstallerConnection( 4413): connecting...
I/installd( 3691): new connection
I/SystemServiceManager( 4413): Starting com.android.server.am.ActivityManagerService$Lifecycle
I/Sensors ( 4413): Light old sensor_state 128, new sensor_state : 640 en : 1
E/Sensors ( 4413): UncalMagneticSensor, ERROR dev_num = -19
I/Sensors ( 4413): SigMotionSensor old sensor_state 640, new sensor_state : 8832 en : 1
E/Sensors ( 4413): UncalGyroSensor, ERROR dev_num = -19
E/Sensors ( 4413): GameRotationVector, ERROR dev_num = -19
I/Sensors ( 4413): StepCounterSensor old sensor_state 8832, new sensor_state : 139904 en : 1
D/Sensors ( 4413): HrmSpO2Sensor::libhr open failed : dlopen failed: library "libhr.so" not found
D/Sensors ( 4413): HrmSpO2Sensor::HrmSpO2Sensor: Shared version Registered 
E/SensorService( 4413): >>>> WARNING <<< Upgrade sensor HAL to version 1_3
I/Sensors ( 4413): Proximity old sensor_state 139904, new sensor_state : 139776 en : 0
I/Sensors ( 4413): Light old sensor_state 139776, new sensor_state : 139264 en : 0
I/Sensors ( 4413): StepCounterSensor old sensor_state 139264, new sensor_state : 8192 en : 0
I/Sensors ( 4413): SigMotionSensor old sensor_state 8192, new sensor_state : 0 en : 0
I/Sensors ( 4413): HrmSpO2Sensor::enable, handle(16), en(0), what(1/0:aosphrm,1:sshrm, old enabled : 0)
I/Sensors ( 4413): HrmSpO2Sensor is already disabled or have to keep enabled, mEnabled : 0x0, en : 0
I/Sensors ( 4413): HrmSpO2Sensor::enable, handle(17), en(0), what(0/0:aosphrm,1:sshrm, old enabled : 0)
I/Sensors ( 4413): HrmSpO2Sensor is already disabled or have to keep enabled, mEnabled : 0x0, en : 0
I/Sensors ( 4413): HrmSpO2Sensor::enable, handle(18), en(0), what(2/0:aosphrm,1:sshrm, old enabled : 0)
I/Sensors ( 4413): HrmSpO2Sensor is already disabled or have to keep enabled, mEnabled : 0x0, en : 0
I/        ( 4413): System server: sensor init done.
D/SensorService( 4413): nuSensorService thread starting...
D/SensorService( 4413): new thread SensorEventAckReceiver
I/ActivityManager( 4413): Memory class: 128
I/ServiceThread( 4413): Enabled StrictMode logging for ActivityManager looper.
I/IntentFirewall( 4413): Read new rules (A:0 B:0 S:0)
I/ServiceThread( 4413): Enabled StrictMode logging for android.ui looper.
I/ServiceThread( 4413): Enabled StrictMode logging for android.display looper.
D/AppOps  ( 4413): AppOpsService published
I/SystemServiceManager( 4413): Starting com.android.server.power.PowerManagerService
I/ServiceThread( 4413): Enabled StrictMode logging for PowerManagerService looper.
D/SEC PowerHAL( 4413): sysfs_write +: /sys/devices/system/cpu/cpu0/cpufreq/interactive/multi_enter_load: 800
D/SEC PowerHAL( 4413): sysfs_write -: /sys/devices/system/cpu/cpu0/cpufreq/interactive/multi_enter_load: 800
D/SEC PowerHAL( 4413): sysfs_write +: /sys/devices/system/cpu/cpu0/cpufreq/interactive/single_enter_load: 200
D/SEC PowerHAL( 4413): sysfs_write -: /sys/devices/system/cpu/cpu0/cpufreq/interactive/single_enter_load: 200
D/SEC PowerHAL( 4413): sysfs_write +: /sys/devices/system/cpu/cpu0/cpufreq/interactive/param_index: 0
D/SEC PowerHAL( 4413): sysfs_write -: /sys/devices/system/cpu/cpu0/cpufreq/interactive/param_index: 0
D/SEC PowerHAL( 4413): sysfs_write +: /sys/devices/system/cpu/cpu0/cpufreq/interactive/timer_rate: 20000
D/SEC PowerHAL( 4413): sysfs_write -: /sys/devices/system/cpu/cpu0/cpufreq/interactive/timer_rate: 20000
D/SEC PowerHAL( 4413): sysfs_write +: /sys/devices/system/cpu/cpu0/cpufreq/interactive/timer_slack: 20000
D/SEC PowerHAL( 4413): sysfs_write -: /sys/devices/system/cpu/cpu0/cpufreq/interactive/timer_slack: 20000
D/SEC PowerHAL( 4413): sysfs_write +: /sys/devices/system/cpu/cpu0/cpufreq/interactive/min_sample_time: 40000
D/SEC PowerHAL( 4413): sysfs_write -: /sys/devices/system/cpu/cpu0/cpufreq/interactive/min_sample_time: 40000
D/SEC PowerHAL( 4413): sysfs_write +: /sys/devices/system/cpu/cpu0/cpufreq/interactive/hispeed_freq: 1000000
D/SEC PowerHAL( 4413): sysfs_write -: /sys/devices/system/cpu/cpu0/cpufreq/interactive/hispeed_freq: 1000000
D/SEC PowerHAL( 4413): sysfs_write +: /sys/devices/system/cpu/cpu0/cpufreq/interactive/go_hispeed_load: 99
D/SEC PowerHAL( 4413): sysfs_write -: /sys/devices/system/cpu/cpu0/cpufreq/interactive/go_hispeed_load: 99
D/SEC PowerHAL( 4413): sysfs_write +: /sys/devices/system/cpu/cpu0/cpufreq/interactive/target_loads: 70
D/SEC PowerHAL( 4413): sysfs_write -: /sys/devices/system/cpu/cpu0/cpufreq/interactive/target_loads: 70
D/SEC PowerHAL( 4413): sysfs_write +: /sys/devices/system/cpu/cpu0/cpufreq/interactive/above_hispeed_delay: 19000
D/SEC PowerHAL( 4413): sysfs_write -: /sys/devices/system/cpu/cpu0/cpufreq/interactive/above_hispeed_delay: 19000
D/SEC PowerHAL( 4413): sysfs_write +: /sys/devices/system/cpu/cpu0/cpufreq/interactive/boostpulse_duration: 40000
D/SEC PowerHAL( 4413): sysfs_write -: /sys/devices/system/cpu/cpu0/cpufreq/interactive/boostpulse_duration: 40000
D/SEC PowerHAL( 4413): sysfs_write +: /sys/devices/system/cpu/cpu4/cpufreq/interactive/multi_enter_load: 360
D/SEC PowerHAL( 4413): sysfs_write -: /sys/devices/system/cpu/cpu4/cpufreq/interactive/multi_enter_load: 360
D/SEC PowerHAL( 4413): sysfs_write +: /sys/devices/system/cpu/cpu4/cpufreq/interactive/multi_enter_time: 99000
D/SEC PowerHAL( 4413): sysfs_write -: /sys/devices/system/cpu/cpu4/cpufreq/interactive/multi_enter_time: 99000
D/SEC PowerHAL( 4413): sysfs_write +: /sys/devices/system/cpu/cpu4/cpufreq/interactive/multi_exit_load: 240
D/SEC PowerHAL( 4413): sysfs_write -: /sys/devices/system/cpu/cpu4/cpufreq/interactive/multi_exit_load: 240
D/SEC PowerHAL( 4413): sysfs_write +: /sys/devices/system/cpu/cpu4/cpufreq/interactive/multi_exit_time: 299000
D/SEC PowerHAL( 4413): sysfs_write -: /sys/devices/system/cpu/cpu4/cpufreq/interactive/multi_exit_time: 299000
D/SEC PowerHAL( 4413): sysfs_write +: /sys/devices/system/cpu/cpu4/cpufreq/interactive/single_enter_load: 95
D/SEC PowerHAL( 4413): sysfs_write -: /sys/devices/system/cpu/cpu4/cpufreq/interactive/single_enter_load: 95
D/SEC PowerHAL( 4413): sysfs_write +: /sys/devices/system/cpu/cpu4/cpufreq/interactive/single_enter_time: 199000
D/SEC PowerHAL( 4413): sysfs_write -: /sys/devices/system/cpu/cpu4/cpufreq/interactive/single_enter_time: 199000
D/SEC PowerHAL( 4413): sysfs_write +: /sys/devices/system/cpu/cpu4/cpufreq/interactive/single_exit_load: 60
D/SEC PowerHAL( 4413): sysfs_write -: /sys/devices/system/cpu/cpu4/cpufreq/interactive/single_exit_load: 60
D/SEC PowerHAL( 4413): sysfs_write +: /sys/devices/system/cpu/cpu4/cpufreq/interactive/single_exit_time: 99000
D/SEC PowerHAL( 4413): sysfs_write -: /sys/devices/system/cpu/cpu4/cpufreq/interactive/single_exit_time: 99000
D/SEC PowerHAL( 4413): sysfs_write +: /sys/devices/system/cpu/cpu4/cpufreq/interactive/param_index: 0
D/SEC PowerHAL( 4413): sysfs_write -: /sys/devices/system/cpu/cpu4/cpufreq/interactive/param_index: 0
D/SEC PowerHAL( 4413): sysfs_write +: /sys/devices/system/cpu/cpu4/cpufreq/interactive/timer_rate: 20000
D/SEC PowerHAL( 4413): sysfs_write -: /sys/devices/system/cpu/cpu4/cpufreq/interactive/timer_rate: 20000
D/SEC PowerHAL( 4413): sysfs_write +: /sys/devices/system/cpu/cpu4/cpufreq/interactive/timer_slack: 20000
D/SEC PowerHAL( 4413): sysfs_write -: /sys/devices/system/cpu/cpu4/cpufreq/interactive/timer_slack: 20000
D/SEC PowerHAL( 4413): sysfs_write +: /sys/devices/system/cpu/cpu4/cpufreq/interactive/min_sample_time: 40000
D/SEC PowerHAL( 4413): sysfs_write -: /sys/devices/system/cpu/cpu4/cpufreq/interactive/min_sample_time: 40000
D/SEC PowerHAL( 4413): sysfs_write +: /sys/devices/system/cpu/cpu4/cpufreq/interactive/hispeed_freq: 1000000
D/SEC PowerHAL( 4413): sysfs_write -: /sys/devices/system/cpu/cpu4/cpufreq/interactive/hispeed_freq: 1000000
D/SEC PowerHAL( 4413): sysfs_write +: /sys/devices/system/cpu/cpu4/cpufreq/interactive/go_hispeed_load: 99
D/SEC PowerHAL( 4413): sysfs_write -: /sys/devices/system/cpu/cpu4/cpufreq/interactive/go_hispeed_load: 99
D/SEC PowerHAL( 4413): sysfs_write +: /sys/devices/system/cpu/cpu4/cpufreq/interactive/target_loads: 75 1500000:80 1700000:85 1800000:90
D/SEC PowerHAL( 4413): sysfs_write -: /sys/devices/system/cpu/cpu4/cpufreq/interactive/target_loads: 75 1500000:80 1700000:85 1800000:90
D/SEC PowerHAL( 4413): sysfs_write +: /sys/devices/system/cpu/cpu4/cpufreq/interactive/above_hispeed_delay: 19000 1100000:99000 1200000:119000 1700000:19000
D/SEC PowerHAL( 4413): sysfs_write -: /sys/devices/system/cpu/cpu4/cpufreq/interactive/above_hispeed_delay: 19000 1100000:99000 1200000:119000 1700000:19000
D/SEC PowerHAL( 4413): sysfs_write +: /sys/devices/system/cpu/cpu4/cpufreq/interactive/boostpulse_duration: 40000
D/SEC PowerHAL( 4413): sysfs_write -: /sys/devices/system/cpu/cpu4/cpufreq/interactive/boostpulse_duration: 40000
D/SEC PowerHAL( 4413): sysfs_write +: /sys/devices/system/cpu/cpu4/cpufreq/interactive/param_index: 1
D/SEC PowerHAL( 4413): sysfs_write -: /sys/devices/system/cpu/cpu4/cpufreq/interactive/param_index: 1
D/SEC PowerHAL( 4413): sysfs_write +: /sys/devices/system/cpu/cpu4/cpufreq/interactive/timer_rate: 20000
D/SEC PowerHAL( 4413): sysfs_write -: /sys/devices/system/cpu/cpu4/cpufreq/interactive/timer_rate: 20000
D/SEC PowerHAL( 4413): sysfs_write +: /sys/devices/system/cpu/cpu4/cpufreq/interactive/min_sample_time: 59000
D/SEC PowerHAL( 4413): sysfs_write -: /sys/devices/system/cpu/cpu4/cpufreq/interactive/min_sample_time: 59000
D/SEC PowerHAL( 4413): sysfs_write +: /sys/devices/system/cpu/cpu4/cpufreq/interactive/hispeed_freq: 1200000
D/SEC PowerHAL( 4413): sysfs_write -: /sys/devices/system/cpu/cpu4/cpufreq/interactive/hispeed_freq: 1200000
D/SEC PowerHAL( 4413): sysfs_write +: /sys/devices/system/cpu/cpu4/cpufreq/interactive/go_hispeed_load: 95
D/SEC PowerHAL( 4413): sysfs_write -: /sys/devices/system/cpu/cpu4/cpufreq/interactive/go_hispeed_load: 95
D/SEC PowerHAL( 4413): sysfs_write +: /sys/devices/system/cpu/cpu4/cpufreq/interactive/target_loads: 65 1400000:68 1700000:73
D/SEC PowerHAL( 4413): sysfs_write -: /sys/devices/system/cpu/cpu4/cpufreq/interactive/target_loads: 65 1400000:68 1700000:73
D/SEC PowerHAL( 4413): sysfs_write +: /sys/devices/system/cpu/cpu4/cpufreq/interactive/above_hispeed_delay: 19000
D/SEC PowerHAL( 4413): sysfs_write -: /sys/devices/system/cpu/cpu4/cpufreq/interactive/above_hispeed_delay: 19000
D/SEC PowerHAL( 4413): sysfs_write +: /sys/devices/system/cpu/cpu4/cpufreq/interactive/param_index: 2
D/SEC PowerHAL( 4413): sysfs_write -: /sys/devices/system/cpu/cpu4/cpufreq/interactive/param_index: 2
D/SEC PowerHAL( 4413): sysfs_write +: /sys/devices/system/cpu/cpu4/cpufreq/interactive/timer_rate: 20000
D/SEC PowerHAL( 4413): sysfs_write -: /sys/devices/system/cpu/cpu4/cpufreq/interactive/timer_rate: 20000
D/SEC PowerHAL( 4413): sysfs_write +: /sys/devices/system/cpu/cpu4/cpufreq/interactive/min_sample_time: 79000
D/SEC PowerHAL( 4413): sysfs_write -: /sys/devices/system/cpu/cpu4/cpufreq/interactive/min_sample_time: 79000
D/SEC PowerHAL( 4413): sysfs_write +: /sys/devices/system/cpu/cpu4/cpufreq/interactive/hispeed_freq: 1400000
D/SEC PowerHAL( 4413): sysfs_write -: /sys/devices/system/cpu/cpu4/cpufreq/interactive/hispeed_freq: 1400000
D/SEC PowerHAL( 4413): sysfs_write +: /sys/devices/system/cpu/cpu4/cpufreq/interactive/go_hispeed_load: 90
D/SEC PowerHAL( 4413): sysfs_write -: /sys/devices/system/cpu/cpu4/cpufreq/interactive/go_hispeed_load: 90
D/SEC PowerHAL( 4413): sysfs_write +: /sys/devices/system/cpu/cpu4/cpufreq/interactive/target_loads: 60 1300000:63 1500000:65 1700000:70
D/SEC PowerHAL( 4413): sysfs_write -: /sys/devices/system/cpu/cpu4/cpufreq/interactive/target_loads: 60 1300000:63 1500000:65 1700000:70
D/SEC PowerHAL( 4413): sysfs_write +: /sys/devices/system/cpu/cpu4/cpufreq/interactive/above_hispeed_delay: 19000
D/SEC PowerHAL( 4413): sysfs_write -: /sys/devices/system/cpu/cpu4/cpufreq/interactive/above_hispeed_delay: 19000
D/SEC PowerHAL( 4413): sysfs_write +: /sys/devices/system/cpu/cpu4/cpufreq/interactive/param_index: 3
D/SEC PowerHAL( 4413): sysfs_write -: /sys/devices/system/cpu/cpu4/cpufreq/interactive/param_index: 3
D/SEC PowerHAL( 4413): sysfs_write +: /sys/devices/system/cpu/cpu4/cpufreq/interactive/timer_rate: 20000
D/SEC PowerHAL( 4413): sysfs_write -: /sys/devices/system/cpu/cpu4/cpufreq/interactive/timer_rate: 20000
D/SEC PowerHAL( 4413): sysfs_write +: /sys/devices/system/cpu/cpu4/cpufreq/interactive/min_sample_time: 99000
D/SEC PowerHAL( 4413): sysfs_write -: /sys/devices/system/cpu/cpu4/cpufreq/interactive/min_sample_time: 99000
D/SEC PowerHAL( 4413): sysfs_write +: /sys/devices/system/cpu/cpu4/cpufreq/interactive/hispeed_freq: 1600000
D/SEC PowerHAL( 4413): sysfs_write -: /sys/devices/system/cpu/cpu4/cpufreq/interactive/hispeed_freq: 1600000
D/SEC PowerHAL( 4413): sysfs_write +: /sys/devices/system/cpu/cpu4/cpufreq/interactive/go_hispeed_load: 85
D/SEC PowerHAL( 4413): sysfs_write -: /sys/devices/system/cpu/cpu4/cpufreq/interactive/go_hispeed_load: 85
D/SEC PowerHAL( 4413): sysfs_write +: /sys/devices/system/cpu/cpu4/cpufreq/interactive/target_loads: 60 1300000:63 1500000:65 1900000:70
D/SEC PowerHAL( 4413): sysfs_write -: /sys/devices/system/cpu/cpu4/cpufreq/interactive/target_loads: 60 1300000:63 1500000:65 1900000:70
D/SEC PowerHAL( 4413): sysfs_write +: /sys/devices/system/cpu/cpu4/cpufreq/interactive/above_hispeed_delay: 19000
D/SEC PowerHAL( 4413): sysfs_write -: /sys/devices/system/cpu/cpu4/cpufreq/interactive/above_hispeed_delay: 19000
D/SEC PowerHAL( 4413): sysfs_write +: /sys/devices/system/cpu/cpu4/cpufreq/interactive/param_index: 0
D/SEC PowerHAL( 4413): sysfs_write -: /sys/devices/system/cpu/cpu4/cpufreq/interactive/param_index: 0
W/libsuspend( 4413): Error writing 'on' to /sys/power/state: Invalid argument
I/libsuspend( 4413): Selected wakeup count
I/SystemServiceManager( 4413): Starting com.android.server.display.DisplayManagerService
I/SystemServiceManager( 4413): Starting phase 100
I/DisplayManagerService( 4413): Display device added: DisplayDeviceInfo{"Pantalla integrada": 1080 x 1920, 60.000004 fps, supportedRefreshRates [60.000004], density 480, 422.03 x 424.069 dpi, appVsyncOff 0, presDeadline 17666666, touch INTERNAL, rotation 0, type BUILT_IN, state UNKNOWN, FLAG_DEFAULT_DISPLAY, FLAG_ROTATES_WITH_CONTENT, FLAG_SECURE, FLAG_SUPPORTS_PROTECTED_BUFFERS}
I/SystemServer( 4413): Package Manager
W/SELinuxMMAC( 4413): Error opening /data/system/seapp_hash. Assuming first boot.
W/PackageManager( 4413): No security bridge jar found, using default
W/SystemConfig( 4413): No directory /system/etc/sysconfig, skipping
D/SELinuxMMAC( 4413): Using policy file /system/etc/security/mac_permissions.xml
I/art     ( 4413): DexFile_isDexOptNeeded failed to open oat file '/data/dalvik-cache/arm/system@framework@android.test.runner.jar@classes.dex' for file location '/system/framework/android.test.runner.jar': Failed to open oat filename for reading: No such file or directory
I/art     ( 4413): DexFile_isDexOptNeeded failed to open oat file '/system/framework/arm/android.test.runner.odex' for file location '/system/framework/android.test.runner.jar': Failed to open oat filename for reading: No such file or directory
E/installd( 3691): DexInv: --- END '/system/framework/android.test.runner.jar' --- status=0x0100, process failed
I/art     ( 4413): DexFile_isDexOptNeeded failed to open oat file '/data/dalvik-cache/arm/system@framework@com.android.future.usb.accessory.jar@classes.dex' for file location '/system/framework/com.android.future.usb.accessory.jar': Failed to open oat filename for reading: No such file or directory
I/art     ( 4413): DexFile_isDexOptNeeded failed to open oat file '/system/framework/arm/com.android.future.usb.accessory.odex' for file location '/system/framework/com.android.future.usb.accessory.jar': Failed to open oat filename for reading: No such file or directory
E/installd( 3691): DexInv: --- END '/system/framework/com.android.future.usb.accessory.jar' --- status=0x0100, process failed
I/art     ( 4413): DexFile_isDexOptNeeded failed to open oat file '/data/dalvik-cache/arm/system@framework@com.android.media.remotedisplay.jar@classes.dex' for file location '/system/framework/com.android.media.remotedisplay.jar': Failed to open oat filename for reading: No such file or directory
I/art     ( 4413): DexFile_isDexOptNeeded failed to open oat file '/system/framework/arm/com.android.media.remotedisplay.odex' for file location '/system/framework/com.android.media.remotedisplay.jar': Failed to open oat filename for reading: No such file or directory
E/installd( 3691): DexInv: --- END '/system/framework/com.android.media.remotedisplay.jar' --- status=0x0100, process failed
I/art     ( 4413): DexFile_isDexOptNeeded failed to open oat file '/data/dalvik-cache/arm/system@framework@com.android.location.provider.jar@classes.dex' for file location '/system/framework/com.android.location.provider.jar': Failed to open oat filename for reading: No such file or directory
I/art     ( 4413): DexFile_isDexOptNeeded failed to open oat file '/system/framework/arm/com.android.location.provider.odex' for file location '/system/framework/com.android.location.provider.jar': Failed to open oat filename for reading: No such file or directory
E/installd( 3691): DexInv: --- END '/system/framework/com.android.location.provider.jar' --- status=0x0100, process failed
