I/art     ( 4102): option[19]=-Ximage-compiler-option
I/art     ( 4102): option[20]=--runtime-arg
I/art     ( 4102): option[21]=-Ximage-compiler-option
I/art     ( 4102): option[22]=-Xmx64m
I/art     ( 4102): option[23]=-Ximage-compiler-option
I/art     ( 4102): option[24]=--image-classes-zip=/system/framework/framework.jar
I/art     ( 4102): option[25]=-Ximage-compiler-option
I/art     ( 4102): option[26]=--image-classes=preloaded-classes
I/art     ( 4102): option[27]=-Xcompiler-option
I/art     ( 4102): option[28]=--runtime-arg
I/art     ( 4102): option[29]=-Xcompiler-option
I/art     ( 4102): option[30]=-Xms64m
I/art     ( 4102): option[31]=-Xcompiler-option
I/art     ( 4102): option[32]=--runtime-arg
I/art     ( 4102): option[33]=-Xcompiler-option
I/art     ( 4102): option[34]=-Xmx512m
I/art     ( 4102): option[35]=-Duser.language=es
I/art     ( 4102): option[36]=-Duser.region=US
I/art     ( 4102): Pruning dalvik-cache since we are generating an image and will need to recompile
W/art     ( 4102): Unexpected file type of 
W/art     ( 4102):  encountered.
I/art     ( 4102): Using an offset of 0x8f0000 from default art base address of 0x70000000
I/art     ( 4102): GenerateImage: /system/bin/dex2oat --image=/data/dalvik-cache/arm/system@framework@boot.art --dex-file=/system/framework/core-libart.jar --dex-file=/system/framework/conscrypt.jar --dex-file=/system/framework/okhttp.jar --dex-file=/system/framework/core-junit.jar --dex-file=/system/framework/bouncycastle.jar --dex-file=/system/framework/ext.jar --dex-file=/system/framework/framework.jar --dex-file=/system/framework/telephony-common.jar --dex-file=/system/framework/voip-common.jar --dex-file=/system/framework/ims-common.jar --dex-file=/system/framework/mms-common.jar --dex-file=/system/framework/android.policy.jar --dex-file=/system/framework/apache-xml.jar --oat-file=/data/dalvik-cache/arm/system@framework@boot.oat --instruction-set=arm --instruction-set-features=div --base=0x708f0000 --runtime-arg -Xms64m --runtime-arg -Xmx64m --image-classes-zip=/system/framework/framework.jar --image-classes=preloaded-classes
I/gralloc ( 4099): using (fd=12)
I/gralloc ( 4099): id           = 
I/gralloc ( 4099): xres         = 1080 px
I/gralloc ( 4099): yres         = 1920 px
I/gralloc ( 4099): xres_virtual = 1080 px
I/gralloc ( 4099): yres_virtual = 3840 px
I/gralloc ( 4099): bpp          = 32
I/gralloc ( 4099): r            = 16:8
I/gralloc ( 4099): g            =  8:8
I/gralloc ( 4099): b            =  0:8
I/gralloc ( 4099): width        = 65 mm (422.030762 dpi)
I/gralloc ( 4099): height       = 115 mm (424.069580 dpi)
I/gralloc ( 4099): refresh rate = 60.00 Hz
W/art     ( 4102): Unexpected file type of 
W/art     ( 4102):  encountered.
W/art     ( 4102): Could not create image space with image file '/system/framework/boot.art'. Attempting to fall back to imageless running. Error was: Failed to generate image '/data/dalvik-cache/arm/system@framework@boot.art': Failed execv(/system/bin/dex2oat --image=/data/dalvik-cache/arm/system@framework@boot.art --dex-file=/system/framework/core-libart.jar --dex-file=/system/framework/conscrypt.jar --dex-file=/system/framework/okhttp.jar --dex-file=/system/framework/core-junit.jar --dex-file=/system/framework/bouncycastle.jar --dex-file=/system/framework/ext.jar --dex-file=/system/framework/framework.jar --dex-file=/system/framework/telephony-common.jar --dex-file=/system/framework/voip-common.jar --dex-file=/system/framework/ims-common.jar --dex-file=/system/framework/mms-common.jar --dex-file=/system/framework/android.policy.jar --dex-file=/system/framework/apache-xml.jar --oat-file=/data/dalvik-cache/arm/system@framework@boot.oat --instruction-set=arm --instruction-set-features=div --base=0x708f0000 --runtime-arg -Xms64
D/hwcomposer( 4099): using
D/hwcomposer( 4099): xres         = 1080 px
D/hwcomposer( 4099): yres         = 1920 px
D/hwcomposer( 4099): width        = 65 mm (422.030000 dpi)
D/hwcomposer( 4099): height       = 115 mm (424.069000 dpi)
D/hwcomposer( 4099): refresh rate = 60 Hz
E/libexynosv4l2-subdev( 4099): no subdev device found
E/hdmi    ( 4099): failed to open hdmi mixer0 subdev
E/hwcomposer( 4099): openHdmi fail
I/hwcomposer( 4099): PSR info devname = /sys/devices/14400000.fimd_fb/psr_info
I/hwcomposer( 4099): PSR mode is 2(0: video mode, 1: DP PSR mode, 2: MIPI-DSI command mode)
I/SurfaceFlinger( 4099): Using composer version 1.3
I/SurfaceFlinger( 4099): EGL information:
I/SurfaceFlinger( 4099): vendor    : Android
I/SurfaceFlinger( 4099): version   : 1.4 Android META-EGL
I/SurfaceFlinger( 4099): extensions: EGL_KHR_get_all_proc_addresses EGL_ANDROID_presentation_time EGL_KHR_image EGL_KHR_image_base EGL_KHR_gl_texture_2D_image EGL_KHR_gl_texture_cubemap_image EGL_KHR_gl_renderbuffer_image EGL_KHR_fence_sync EGL_KHR_create_context EGL_ANDROID_image_native_buffer EGL_KHR_wait_sync EGL_ANDROID_recordable 
I/SurfaceFlinger( 4099): Client API: OpenGL_ES
I/SurfaceFlinger( 4099): EGLSurface: 8-8-8-8, config=0xb6acf2ac
I/SurfaceFlinger( 4099): OpenGL ES informations:
I/SurfaceFlinger( 4099): vendor    : ARM
I/SurfaceFlinger( 4099): renderer  : Mali-T628
I/SurfaceFlinger( 4099): version   : OpenGL ES 3.0
I/SurfaceFlinger( 4099): extensions: GL_EXT_debug_marker GL_ARM_rgba8 GL_ARM_mali_shader_binary GL_OES_depth24 GL_OES_depth_texture GL_OES_depth_texture_cube_map GL_OES_packed_depth_stencil GL_OES_rgb8_rgba8 GL_EXT_read_format_bgra GL_OES_compressed_paletted_texture GL_OES_compressed_ETC1_RGB8_texture GL_OES_standard_derivatives GL_OES_EGL_image GL_OES_EGL_image_external GL_OES_EGL_sync GL_OES_texture_npot GL_OES_vertex_half_float GL_OES_required_internalformat GL_OES_vertex_array_object GL_OES_mapbuffer GL_EXT_texture_format_BGRA8888 GL_EXT_texture_rg GL_EXT_texture_type_2_10_10_10_REV GL_OES_fbo_render_mipmap GL_OES_element_index_uint GL_EXT_shadow_samplers GL_OES_texture_compression_astc GL_KHR_texture_compression_astc_ldr GL_KHR_texture_compression_astc_hdr GL_KHR_debug GL_EXT_occlusion_query_boolean GL_EXT_blend_minmax GL_EXT_discard_framebuffer GL_OES_get_program_binary GL_OES_texture_3D GL_EXT_texture_storage GL_EXT_multisampled_render_to_texture GL_OES_surfaceless_context GL_ARM_mali_program_binary 
I/SurfaceFlinger( 4099): GL_MAX_TEXTURE_SIZE = 8192
I/SurfaceFlinger( 4099): GL_MAX_VIEWPORT_DIMS = 8192
E/libEGL  ( 4099): eglQuerySurface:607 error 300d (EGL_BAD_SURFACE)
E/libEGL  ( 4099): eglQuerySurface:607 error 300d (EGL_BAD_SURFACE)
E/libEGL  ( 4099): call to OpenGL ES API with no current context (logged once per thread)
D/SurfaceFlinger( 4099): Set power mode=2, type=0 flinger=0xb6a62000
I/hwcomposer( 4099): int exynos5_blank(hwc_composer_device_1*, int, int):: disp(0), blank(0)
I/hwcomposer( 4099): unblank ioctl failed (display already unblanked)
E/libEGL  ( 4099): eglSwapBuffers:1071 error 300d (EGL_BAD_SURFACE)
F/SurfaceFlinger( 4099): eglSwapBuffers(0x1, 0x0) failed with 0x0000300d
F/libc    ( 4099): Fatal signal 6 (SIGABRT), code -6 in tid 4099 (surfaceflinger)
I/DEBUG   ( 3586): property debug.db.uid not set; NOT waiting for gdb.
I/DEBUG   ( 3586): HINT: adb shell setprop debug.db.uid 100000
I/DEBUG   ( 3586): HINT: adb forward tcp:5039 tcp:5039
I/DEBUG   ( 3586): *** *** *** *** *** *** *** *** *** *** *** *** *** *** *** ***
I/DEBUG   ( 3586): Build fingerprint: 'samsung/cm_k3gxx/k3gxx:5.0.2/LRX22G/88e55c58ed:userdebug/test-keys'
I/DEBUG   ( 3586): Revision: '10'
I/DEBUG   ( 3586): ABI: 'arm'
I/DEBUG   ( 3586): pid: 4099, tid: 4099, name: surfaceflinger  >>> /system/bin/surfaceflinger <<<
I/DEBUG   ( 3586): signal 6 (SIGABRT), code -6 (SI_TKILL), fault addr --------
I/DEBUG   ( 3586): Abort message: 'eglSwapBuffers(0x1, 0x0) failed with 0x0000300d'
I/DEBUG   ( 3586):     r0 00000000  r1 00001003  r2 00000006  r3 00000000
I/DEBUG   ( 3586):     r4 b6fb0114  r5 00000006  r6 0000000b  r7 0000010c
I/DEBUG   ( 3586):     r8 00000000  r9 beaedbd0  sl b6a54210  fp beaedbd0
I/DEBUG   ( 3586):     ip 00001003  sp beaed650  lr b6f3a7b9  pc b6f5e4e4  cpsr 600f0010
I/DEBUG   ( 3586): 
I/DEBUG   ( 3586): backtrace:
I/DEBUG   ( 3586):     #00 pc 000384e4  /system/lib/libc.so (tgkill+12)
I/DEBUG   ( 3586):     #01 pc 000147b5  /system/lib/libc.so (pthread_kill+52)
I/DEBUG   ( 3586):     #02 pc 0001550b  /system/lib/libc.so (raise+10)
I/DEBUG   ( 3586):     #03 pc 00011c35  /system/lib/libc.so (__libc_android_abort+36)
I/DEBUG   ( 3586):     #04 pc 0000fcb8  /system/lib/libc.so (abort+4)
I/DEBUG   ( 3586):     #05 pc 00007739  /system/lib/libcutils.so (__android_log_assert+88)
I/DEBUG   ( 3586):     #06 pc 0000f4df  /system/lib/libsurfaceflinger.so
I/DEBUG   ( 3586):     #07 pc 0001b9fd  /system/lib/libsurfaceflinger.so
I/DEBUG   ( 3586):     #08 pc 0001abe7  /system/lib/libsurfaceflinger.so
I/DEBUG   ( 3586):     #09 pc 00019fc3  /system/lib/libsurfaceflinger.so
I/DEBUG   ( 3586):     #10 pc 00019d49  /system/lib/libsurfaceflinger.so
I/DEBUG   ( 3586):     #11 pc 00010ed3  /system/lib/libutils.so (android::Looper::pollInner(int)+410)
I/DEBUG   ( 3586):     #12 pc 00010fc5  /system/lib/libutils.so (android::Looper::pollOnce(int, int*, int*, void**)+92)
I/DEBUG   ( 3586):     #13 pc 000174c5  /system/lib/libsurfaceflinger.so
I/DEBUG   ( 3586):     #14 pc 0001993d  /system/lib/libsurfaceflinger.so (android::SurfaceFlinger::run()+8)
I/DEBUG   ( 3586):     #15 pc 0000083d  /system/bin/surfaceflinger
I/DEBUG   ( 3586):     #16 pc 0000fb75  /system/lib/libc.so (__libc_init+44)
I/DEBUG   ( 3586):     #17 pc 000008d8  /system/bin/surfaceflinger
W/auditd  ( 3581): type=1325 audit(0.0:451): table=raw family=10 entries=6
W/ip6tables( 4251): type=1300 audit(0.0:451): arch=40000028 syscall=294 per=800000 success=yes exit=0 a0=4 a1=29 a2=40 a3=b6c31800 items=0 ppid=4097 auid=4294967295 uid=0 gid=0 euid=0 suid=0 fsuid=0 egid=0 sgid=0 fsgid=0 ses=4294967295 tty=(none) exe="/system/bin/ip6tables" subj=u:r:netd:s0 key=(null)
W/auditd  ( 3581): type=1320 audit(0.0:451): 
W/auditd  ( 3581): type=1325 audit(0.0:452): table=raw family=2 entries=8
W/iptables( 4252): type=1300 audit(0.0:452): arch=40000028 syscall=294 per=800000 success=yes exit=0 a0=4 a1=0 a2=40 a3=b6c1ba00 items=0 ppid=4097 auid=4294967295 uid=0 gid=0 euid=0 suid=0 fsuid=0 egid=0 sgid=0 fsgid=0 ses=4294967295 tty=(none) exe="/system/bin/iptables" subj=u:r:netd:s0 key=(null)
W/auditd  ( 3581): type=1320 audit(0.0:452): 
W/auditd  ( 3581): type=1325 audit(0.0:453): table=raw family=10 entries=8
W/ip6tables( 4253): type=1300 audit(0.0:453): arch=40000028 syscall=294 per=800000 success=yes exit=0 a0=4 a1=29 a2=40 a3=b6c37800 items=0 ppid=4097 auid=4294967295 uid=0 gid=0 euid=0 suid=0 fsuid=0 egid=0 sgid=0 fsgid=0 ses=4294967295 tty=(none) exe="/system/bin/ip6tables" subj=u:r:netd:s0 key=(null)
W/auditd  ( 3581): type=1320 audit(0.0:453): 
W/auditd  ( 3581): type=1325 audit(0.0:454): table=mangle family=2 entries=16
W/iptables( 4254): type=1300 audit(0.0:454): arch=40000028 syscall=294 per=800000 success=yes exit=0 a0=4 a1=0 a2=40 a3=b6c48800 items=0 ppid=4097 auid=4294967295 uid=0 gid=0 euid=0 suid=0 fsuid=0 egid=0 sgid=0 fsgid=0 ses=4294967295 tty=(none) exe="/system/bin/iptables" subj=u:r:netd:s0 key=(null)
W/auditd  ( 3581): type=1320 audit(0.0:454): 
W/auditd  ( 3581): type=1325 audit(0.0:455): table=mangle family=10 entries=12
W/ip6tables( 4255): type=1300 audit(0.0:455): arch=40000028 syscall=294 per=800000 success=yes exit=0 a0=4 a1=29 a2=40 a3=b6c47800 items=0 ppid=4097 auid=4294967295 uid=0 gid=0 euid=0 suid=0 fsuid=0 egid=0 sgid=0 fsgid=0 ses=4294967295 tty=(none) exe="/system/bin/ip6tables" subj=u:r:netd:s0 key=(null)
W/auditd  ( 3581): type=1320 audit(0.0:455): 
W/auditd  ( 3581): type=1325 audit(0.0:456): table=mangle family=2 entries=15
W/iptables( 4256): type=1300 audit(0.0:456): arch=40000028 syscall=294 per=800000 success=yes exit=0 a0=4 a1=0 a2=40 a3=b6c1c200 items=0 ppid=4097 auid=4294967295 uid=0 gid=0 euid=0 suid=0 fsuid=0 egid=0 sgid=0 fsgid=0 ses=4294967295 tty=(none) exe="/system/bin/iptables" subj=u:r:netd:s0 key=(null)
W/auditd  ( 3581): type=1320 audit(0.0:456): 
W/auditd  ( 3581): type=1325 audit(0.0:457): table=mangle family=10 entries=11
W/ip6tables( 4257): type=1300 audit(0.0:457): arch=40000028 syscall=294 per=800000 success=yes exit=0 a0=4 a1=29 a2=40 a3=b6c1c200 items=0 ppid=4097 auid=4294967295 uid=0 gid=0 euid=0 suid=0 fsuid=0 egid=0 sgid=0 fsgid=0 ses=4294967295 tty=(none) exe="/system/bin/ip6tables" subj=u:r:netd:s0 key=(null)
I/ServiceManager( 4100): Waiting for service batterystats...
V/NatController( 4097): runCmd(/system/bin/iptables -F natctrl_FORWARD) res=0
V/NatController( 4097): runCmd(/system/bin/iptables -A natctrl_FORWARD -j DROP) res=0
V/NatController( 4097): runCmd(/system/bin/iptables -t nat -F natctrl_nat_POSTROUTING) res=0
V/NatController( 4097): runCmd(/system/bin/iptables -F natctrl_tether_counters) res=0
V/NatController( 4097): runCmd(/system/bin/iptables -X natctrl_tether_counters) res=0
V/NatController( 4097): runCmd(/system/bin/iptables -N natctrl_tether_counters) res=0
V/NatController( 4097): runCmd(/system/bin/iptables -t mangle -A natctrl_mangle_FORWARD -p tcp --tcp-flags SYN SYN -j TCPMSS --clamp-mss-to-pmtu) res=0
I/DEBUG   ( 3586): 
I/DEBUG   ( 3586): Tombstone written to: /data/tombstones/tombstone_01
I/ServiceManager( 3570): service 'SurfaceFlinger' died
I/ServiceManager( 3570): service 'Exynos.HWCService' died
I/ServiceManager( 3570): service 'media.wifi_display' died
W/SurfaceComposerClient( 4169): ComposerService remote (surfaceflinger) died [0xb63591c0]
D/BootAnimation( 4169): SurfaceFlinger died, exiting...
I/ServiceManager( 3570): service 'media.audio_flinger' died
W/init    ( 4309): type=1400 audit(0.0:501): avc: denied { entrypoint } for path="/system/bin/auditd" dev="mmcblk0p18" ino=173 scontext=u:r:logd:s0 tcontext=u:object_r:system_file:s0 tclass=file
W/init    ( 4309): type=1300 audit(0.0:501): arch=40000028 syscall=11 per=800000 success=no exit=-13 a0=b6d80954 a1=b6d65770 a2=57e64 a3=ff0000 items=1 ppid=1 auid=4294967295 uid=0 gid=0 euid=0 suid=0 fsuid=0 egid=0 sgid=0 fsgid=0 ses=4294967295 tty=(none) exe="/init" subj=u:r:init:s0 key=(null)
W/auditd  ( 3581): type=1307 audit(0.0:501): cwd="/"
W/auditd  ( 3581): type=1302 audit(0.0:501): item=0 name="/system/bin/auditd" inode=173 dev=103:0a mode=0100755 ouid=0 ogid=2000 rdev=00:00 obj=u:object_r:system_file:s0
W/auditd  ( 3581): type=1320 audit(0.0:501): 
I/Netd    ( 4310): Netd 1.0 starting
E/Netd    ( 4310): Failed to open /proc/sys/net/ipv6/conf/default/accept_ra_rt_table: No such file or directory
E/Netd    ( 4310): Failed to open /proc/sys/net/ipv6/conf/ip6tnl0/accept_ra_rt_table: No such file or directory
E/Netd    ( 4310): Failed to open /proc/sys/net/ipv6/conf/lo/accept_ra_rt_table: No such file or directory
E/Netd    ( 4310): Failed to open /proc/sys/net/ipv6/conf/rmnet0/accept_ra_rt_table: No such file or directory
E/Netd    ( 4310): Failed to open /proc/sys/net/ipv6/conf/rmnet1/accept_ra_rt_table: No such file or directory
E/Netd    ( 4310): Failed to open /proc/sys/net/ipv6/conf/rmnet2/accept_ra_rt_table: No such file or directory
E/Netd    ( 4310): Failed to open /proc/sys/net/ipv6/conf/rmnet3/accept_ra_rt_table: No such file or directory
E/Netd    ( 4310): Failed to open /proc/sys/net/ipv6/conf/sit0/accept_ra_rt_table: No such file or directory
W/auditd  ( 3581): type=1325 audit(0.0:502): table=filter family=2 entries=40
W/iptables( 4316): type=1300 audit(0.0:502): arch=40000028 syscall=294 per=800000 success=yes exit=0 a0=4 a1=0 a2=40 a3=b6c25000 items=0 ppid=4310 auid=4294967295 uid=0 gid=0 euid=0 suid=0 fsuid=0 egid=0 sgid=0 fsgid=0 ses=4294967295 tty=(none) exe="/system/bin/iptables" subj=u:r:netd:s0 key=(null)
W/auditd  ( 3581): type=1320 audit(0.0:502): 
W/auditd  ( 3581): type=1325 audit(0.0:503): table=filter family=10 entries=37
W/ip6tables( 4317): type=1300 audit(0.0:503): arch=40000028 syscall=294 per=800000 success=yes exit=0 a0=4 a1=29 a2=40 a3=b6c28000 items=0 ppid=4310 auid=4294967295 uid=0 gid=0 euid=0 suid=0 fsuid=0 egid=0 sgid=0 fsgid=0 ses=4294967295 tty=(none) exe="/system/bin/ip6tables" subj=u:r:netd:s0 key=(null)
W/auditd  ( 3581): type=1320 audit(0.0:503): 
I/SurfaceFlinger( 4312): SurfaceFlinger is starting
I/SurfaceFlinger( 4312): SurfaceFlinger's main thread ready to run. Initializing graphics H/W...
W/auditd  ( 3581): type=1325 audit(0.0:504): table=filter family=2 entries=39
W/iptables( 4320): type=1300 audit(0.0:504): arch=40000028 syscall=294 per=800000 success=yes exit=0 a0=4 a1=0 a2=40 a3=b6c22000 items=0 ppid=4310 auid=4294967295 uid=0 gid=0 euid=0 suid=0 fsuid=0 egid=0 sgid=0 fsgid=0 ses=4294967295 tty=(none) exe="/system/bin/iptables" subj=u:r:netd:s0 key=(null)
W/auditd  ( 3581): type=1320 audit(0.0:504): 
W/auditd  ( 3581): type=1325 audit(0.0:505): table=filter family=10 entries=36
W/ip6tables( 4323): type=1300 audit(0.0:505): arch=40000028 syscall=294 per=800000 success=yes exit=0 a0=4 a1=29 a2=40 a3=b6c23000 items=0 ppid=4310 auid=4294967295 uid=0 gid=0 euid=0 suid=0 fsuid=0 egid=0 sgid=0 fsgid=0 ses=4294967295 tty=(none) exe="/system/bin/ip6tables" subj=u:r:netd:s0 key=(null)
W/auditd  ( 3581): type=1320 audit(0.0:505): 
D/libEGL  ( 4312): loaded /vendor/lib/egl/libGLES_mali.so
W/auditd  ( 3581): type=1325 audit(0.0:506): table=filter family=2 entries=39
W/iptables( 4324): type=1300 audit(0.0:506): arch=40000028 syscall=294 per=800000 success=yes exit=0 a0=4 a1=0 a2=40 a3=b6c22000 items=0 ppid=4310 auid=4294967295 uid=0 gid=0 euid=0 suid=0 fsuid=0 egid=0 sgid=0 fsgid=0 ses=4294967295 tty=(none) exe="/system/bin/iptables" subj=u:r:netd:s0 key=(null)
W/auditd  ( 3581): type=1320 audit(0.0:506): 
I/        ( 4312): PLATFORM VERSION : JB-MR-2
I/mediaserver( 4313): ServiceManager: 0xb60500c0
I/AudioFlinger( 4313): Using default 3000 mSec as standby time.
I/ServiceManager( 4313): Waiting for service batterystats...
D/AndroidRuntime( 4315): 
D/AndroidRuntime( 4315): >>>>>> AndroidRuntime START com.android.internal.os.ZygoteInit <<<<<<
D/AndroidRuntime( 4315): CheckJNI is OFF
I/art     ( 4315): option[0]=-Xzygote
I/art     ( 4315): option[1]=-Xstacktracefile:/data/anr/traces.txt
I/art     ( 4315): option[2]=exit
I/art     ( 4315): option[3]=vfprintf
I/art     ( 4315): option[4]=sensitiveThread
I/art     ( 4315): option[5]=-verbose:gc
I/art     ( 4315): option[6]=-Xms8m
I/art     ( 4315): option[7]=-Xmx512m
I/art     ( 4315): option[8]=-XX:mainThreadStackSize=24K
I/art     ( 4315): option[9]=-XX:HeapGrowthLimit=128m
I/art     ( 4315): option[10]=-XX:HeapMinFree=2m
I/art     ( 4315): option[11]=-XX:HeapMaxFree=8m
I/art     ( 4315): option[12]=-XX:HeapTargetUtilization=0.75
I/art     ( 4315): option[13]=-agentlib:jdwp=transport=dt_android_adb,suspend=n,server=y
I/art     ( 4315): option[14]=-Xlockprofthreshold:500
I/art     ( 4315): option[15]=-Ximage-compiler-option
I/art     ( 4315): option[16]=--runtime-arg
I/art     ( 4315): option[17]=-Ximage-compiler-option
I/art     ( 4315): option[18]=-Xms64m
I/art     ( 4315): option[19]=-Ximage-compiler-option
I/art     ( 4315): option[20]=--runtime-arg
I/art     ( 4315): option[21]=-Ximage-compiler-option
I/art     ( 4315): option[22]=-Xmx64m
I/art     ( 4315): option[23]=-Ximage-compiler-option
I/art     ( 4315): option[24]=--image-classes-zip=/system/framework/framework.jar
I/art     ( 4315): option[25]=-Ximage-compiler-option
I/art     ( 4315): option[26]=--image-classes=preloaded-classes
I/art     ( 4315): option[27]=-Xcompiler-option
I/art     ( 4315): option[28]=--runtime-arg
I/art     ( 4315): option[29]=-Xcompiler-option
I/art     ( 4315): option[30]=-Xms64m
I/art     ( 4315): option[31]=-Xcompiler-option
I/art     ( 4315): option[32]=--runtime-arg
I/art     ( 4315): option[33]=-Xcompiler-option
I/art     ( 4315): option[34]=-Xmx512m
I/art     ( 4315): option[35]=-Duser.language=es
I/art     ( 4315): option[36]=-Duser.region=US
I/art     ( 4315): Pruning dalvik-cache since we are generating an image and will need to recompile
W/art     ( 4315): Unexpected file type of 
W/art     ( 4315):  encountered.
I/art     ( 4315): Using an offset of 0x78c000 from default art base address of 0x70000000
I/art     ( 4315): GenerateImage: /system/bin/dex2oat --image=/data/dalvik-cache/arm/system@framework@boot.art --dex-file=/system/framework/core-libart.jar --dex-file=/system/framework/conscrypt.jar --dex-file=/system/framework/okhttp.jar --dex-file=/system/framework/core-junit.jar --dex-file=/system/framework/bouncycastle.jar --dex-file=/system/framework/ext.jar --dex-file=/system/framework/framework.jar --dex-file=/system/framework/telephony-common.jar --dex-file=/system/framework/voip-common.jar --dex-file=/system/framework/ims-common.jar --dex-file=/system/framework/mms-common.jar --dex-file=/system/framework/android.policy.jar --dex-file=/system/framework/apache-xml.jar --oat-file=/data/dalvik-cache/arm/system@framework@boot.oat --instruction-set=arm --instruction-set-features=div --base=0x7078c000 --runtime-arg -Xms64m --runtime-arg -Xmx64m --image-classes-zip=/system/framework/framework.jar --image-classes=preloaded-classes
I/gralloc ( 4312): using (fd=12)
I/gralloc ( 4312): id           = 
I/gralloc ( 4312): xres         = 1080 px
I/gralloc ( 4312): yres         = 1920 px
I/gralloc ( 4312): xres_virtual = 1080 px
I/gralloc ( 4312): yres_virtual = 3840 px
I/gralloc ( 4312): bpp          = 32
I/gralloc ( 4312): r            = 16:8
I/gralloc ( 4312): g            =  8:8
I/gralloc ( 4312): b            =  0:8
I/gralloc ( 4312): width        = 65 mm (422.030762 dpi)
I/gralloc ( 4312): height       = 115 mm (424.069580 dpi)
I/gralloc ( 4312): refresh rate = 60.00 Hz
W/art     ( 4315): Unexpected file type of 
W/art     ( 4315):  encountered.
W/art     ( 4315): Could not create image space with image file '/system/framework/boot.art'. Attempting to fall back to imageless running. Error was: Failed to generate image '/data/dalvik-cache/arm/system@framework@boot.art': Failed execv(/system/bin/dex2oat --image=/data/dalvik-cache/arm/system@framework@boot.art --dex-file=/system/framework/core-libart.jar --dex-file=/system/framework/conscrypt.jar --dex-file=/system/framework/okhttp.jar --dex-file=/system/framework/core-junit.jar --dex-file=/system/framework/bouncycastle.jar --dex-file=/system/framework/ext.jar --dex-file=/system/framework/framework.jar --dex-file=/system/framework/telephony-common.jar --dex-file=/system/framework/voip-common.jar --dex-file=/system/framework/ims-common.jar --dex-file=/system/framework/mms-common.jar --dex-file=/system/framework/android.policy.jar --dex-file=/system/framework/apache-xml.jar --oat-file=/data/dalvik-cache/arm/system@framework@boot.oat --instruction-set=arm --instruction-set-features=div --base=0x7078c000 --runtime-arg -Xms64
D/hwcomposer( 4312): using
D/hwcomposer( 4312): xres         = 1080 px
D/hwcomposer( 4312): yres         = 1920 px
D/hwcomposer( 4312): width        = 65 mm (422.030000 dpi)
D/hwcomposer( 4312): height       = 115 mm (424.069000 dpi)
D/hwcomposer( 4312): refresh rate = 60 Hz
E/libexynosv4l2-subdev( 4312): no subdev device found
E/hdmi    ( 4312): failed to open hdmi mixer0 subdev
E/hwcomposer( 4312): openHdmi fail
I/hwcomposer( 4312): PSR info devname = /sys/devices/14400000.fimd_fb/psr_info
I/hwcomposer( 4312): PSR mode is 2(0: video mode, 1: DP PSR mode, 2: MIPI-DSI command mode)
I/SurfaceFlinger( 4312): Using composer version 1.3
I/SurfaceFlinger( 4312): EGL information:
I/SurfaceFlinger( 4312): vendor    : Android
I/SurfaceFlinger( 4312): version   : 1.4 Android META-EGL
I/SurfaceFlinger( 4312): extensions: EGL_KHR_get_all_proc_addresses EGL_ANDROID_presentation_time EGL_KHR_image EGL_KHR_image_base EGL_KHR_gl_texture_2D_image EGL_KHR_gl_texture_cubemap_image EGL_KHR_gl_renderbuffer_image EGL_KHR_fence_sync EGL_KHR_create_context EGL_ANDROID_image_native_buffer EGL_KHR_wait_sync EGL_ANDROID_recordable 
I/SurfaceFlinger( 4312): Client API: OpenGL_ES
I/SurfaceFlinger( 4312): EGLSurface: 8-8-8-8, config=0xb6acf2ac
I/SurfaceFlinger( 4312): OpenGL ES informations:
I/SurfaceFlinger( 4312): vendor    : ARM
I/SurfaceFlinger( 4312): renderer  : Mali-T628
I/SurfaceFlinger( 4312): version   : OpenGL ES 3.0
I/SurfaceFlinger( 4312): extensions: GL_EXT_debug_marker GL_ARM_rgba8 GL_ARM_mali_shader_binary GL_OES_depth24 GL_OES_depth_texture GL_OES_depth_texture_cube_map GL_OES_packed_depth_stencil GL_OES_rgb8_rgba8 GL_EXT_read_format_bgra GL_OES_compressed_paletted_texture GL_OES_compressed_ETC1_RGB8_texture GL_OES_standard_derivatives GL_OES_EGL_image GL_OES_EGL_image_external GL_OES_EGL_sync GL_OES_texture_npot GL_OES_vertex_half_float GL_OES_required_internalformat GL_OES_vertex_array_object GL_OES_mapbuffer GL_EXT_texture_format_BGRA8888 GL_EXT_texture_rg GL_EXT_texture_type_2_10_10_10_REV GL_OES_fbo_render_mipmap GL_OES_element_index_uint GL_EXT_shadow_samplers GL_OES_texture_compression_astc GL_KHR_texture_compression_astc_ldr GL_KHR_texture_compression_astc_hdr GL_KHR_debug GL_EXT_occlusion_query_boolean GL_EXT_blend_minmax GL_EXT_discard_framebuffer GL_OES_get_program_binary GL_OES_texture_3D GL_EXT_texture_storage GL_EXT_multisampled_render_to_texture GL_OES_surfaceless_context GL_ARM_mali_program_binary 
I/SurfaceFlinger( 4312): GL_MAX_TEXTURE_SIZE = 8192
I/SurfaceFlinger( 4312): GL_MAX_VIEWPORT_DIMS = 8192
E/libEGL  ( 4312): eglQuerySurface:607 error 300d (EGL_BAD_SURFACE)
E/libEGL  ( 4312): eglQuerySurface:607 error 300d (EGL_BAD_SURFACE)
E/libEGL  ( 4312): call to OpenGL ES API with no current context (logged once per thread)
D/SurfaceFlinger( 4312): Set power mode=2, type=0 flinger=0xb6a62000
I/hwcomposer( 4312): int exynos5_blank(hwc_composer_device_1*, int, int):: disp(0), blank(0)
I/hwcomposer( 4312): unblank ioctl failed (display already unblanked)
E/libEGL  ( 4312): eglSwapBuffers:1071 error 300d (EGL_BAD_SURFACE)
F/SurfaceFlinger( 4312): eglSwapBuffers(0x1, 0x0) failed with 0x0000300d
F/libc    ( 4312): Fatal signal 6 (SIGABRT), code -6 in tid 4312 (surfaceflinger)
I/DEBUG   ( 3586): property debug.db.uid not set; NOT waiting for gdb.
I/DEBUG   ( 3586): HINT: adb shell setprop debug.db.uid 100000
I/DEBUG   ( 3586): HINT: adb forward tcp:5039 tcp:5039
I/DEBUG   ( 3586): *** *** *** *** *** *** *** *** *** *** *** *** *** *** *** ***
I/DEBUG   ( 3586): Build fingerprint: 'samsung/cm_k3gxx/k3gxx:5.0.2/LRX22G/88e55c58ed:userdebug/test-keys'
I/DEBUG   ( 3586): Revision: '10'
I/DEBUG   ( 3586): ABI: 'arm'
I/DEBUG   ( 3586): pid: 4312, tid: 4312, name: surfaceflinger  >>> /system/bin/surfaceflinger <<<
I/DEBUG   ( 3586): signal 6 (SIGABRT), code -6 (SI_TKILL), fault addr --------
I/DEBUG   ( 3586): Abort message: 'eglSwapBuffers(0x1, 0x0) failed with 0x0000300d'
I/DEBUG   ( 3586):     r0 00000000  r1 000010d8  r2 00000006  r3 00000000
I/DEBUG   ( 3586):     r4 b6fb9114  r5 00000006  r6 0000000b  r7 0000010c
I/DEBUG   ( 3586):     r8 00000000  r9 becaabd0  sl b6a54210  fp becaabd0
I/DEBUG   ( 3586):     ip 000010d8  sp becaa650  lr b6f437b9  pc b6f674e4  cpsr 600f0010
I/DEBUG   ( 3586): 
I/DEBUG   ( 3586): backtrace:
I/DEBUG   ( 3586):     #00 pc 000384e4  /system/lib/libc.so (tgkill+12)
I/DEBUG   ( 3586):     #01 pc 000147b5  /system/lib/libc.so (pthread_kill+52)
I/DEBUG   ( 3586):     #02 pc 0001550b  /system/lib/libc.so (raise+10)
I/DEBUG   ( 3586):     #03 pc 00011c35  /system/lib/libc.so (__libc_android_abort+36)
I/DEBUG   ( 3586):     #04 pc 0000fcb8  /system/lib/libc.so (abort+4)
I/DEBUG   ( 3586):     #05 pc 00007739  /system/lib/libcutils.so (__android_log_assert+88)
I/DEBUG   ( 3586):     #06 pc 0000f4df  /system/lib/libsurfaceflinger.so
I/DEBUG   ( 3586):     #07 pc 0001b9fd  /system/lib/libsurfaceflinger.so
I/DEBUG   ( 3586):     #08 pc 0001abe7  /system/lib/libsurfaceflinger.so
I/DEBUG   ( 3586):     #09 pc 00019fc3  /system/lib/libsurfaceflinger.so
I/DEBUG   ( 3586):     #10 pc 00019d49  /system/lib/libsurfaceflinger.so
I/DEBUG   ( 3586):     #11 pc 00010ed3  /system/lib/libutils.so (android::Looper::pollInner(int)+410)
I/DEBUG   ( 3586):     #12 pc 00010fc5  /system/lib/libutils.so (android::Looper::pollOnce(int, int*, int*, void**)+92)
I/DEBUG   ( 3586):     #13 pc 000174c5  /system/lib/libsurfaceflinger.so
I/DEBUG   ( 3586):     #14 pc 0001993d  /system/lib/libsurfaceflinger.so (android::SurfaceFlinger::run()+8)
I/DEBUG   ( 3586):     #15 pc 0000083d  /system/bin/surfaceflinger
I/DEBUG   ( 3586):     #16 pc 0000fb75  /system/lib/libc.so (__libc_init+44)
I/DEBUG   ( 3586):     #17 pc 000008d8  /system/bin/surfaceflinger
W/auditd  ( 3581): type=1325 audit(0.0:637): table=raw family=10 entries=8
W/ip6tables( 4462): type=1300 audit(0.0:637): arch=40000028 syscall=294 per=800000 success=yes exit=0 a0=4 a1=29 a2=40 a3=b6c32400 items=0 ppid=4310 auid=4294967295 uid=0 gid=0 euid=0 suid=0 fsuid=0 egid=0 sgid=0 fsgid=0 ses=4294967295 tty=(none) exe="/system/bin/ip6tables" subj=u:r:netd:s0 key=(null)
W/auditd  ( 3581): type=1320 audit(0.0:637): 
W/auditd  ( 3581): type=1325 audit(0.0:638): table=raw family=2 entries=6
W/iptables( 4463): type=1300 audit(0.0:638): arch=40000028 syscall=294 per=800000 success=yes exit=0 a0=4 a1=0 a2=40 a3=b6c20400 items=0 ppid=4310 auid=4294967295 uid=0 gid=0 euid=0 suid=0 fsuid=0 egid=0 sgid=0 fsgid=0 ses=4294967295 tty=(none) exe="/system/bin/iptables" subj=u:r:netd:s0 key=(null)
W/auditd  ( 3581): type=1320 audit(0.0:638): 
W/auditd  ( 3581): type=1325 audit(0.0:639): table=raw family=10 entries=6
W/ip6tables( 4464): type=1300 audit(0.0:639): arch=40000028 syscall=294 per=800000 success=yes exit=0 a0=4 a1=29 a2=40 a3=b6c31800 items=0 ppid=4310 auid=4294967295 uid=0 gid=0 euid=0 suid=0 fsuid=0 egid=0 sgid=0 fsgid=0 ses=4294967295 tty=(none) exe="/system/bin/ip6tables" subj=u:r:netd:s0 key=(null)
W/auditd  ( 3581): type=1320 audit(0.0:639): 
W/auditd  ( 3581): type=1325 audit(0.0:640): table=raw family=2 entries=8
W/iptables( 4465): type=1300 audit(0.0:640): arch=40000028 syscall=294 per=800000 success=yes exit=0 a0=4 a1=0 a2=40 a3=b6c1ba00 items=0 ppid=4310 auid=4294967295 uid=0 gid=0 euid=0 suid=0 fsuid=0 egid=0 sgid=0 fsgid=0 ses=4294967295 tty=(none) exe="/system/bin/iptables" subj=u:r:netd:s0 key=(null)
W/auditd  ( 3581): type=1320 audit(0.0:640): 
W/auditd  ( 3581): type=1325 audit(0.0:641): table=raw family=10 entries=8
W/ip6tables( 4466): type=1300 audit(0.0:641): arch=40000028 syscall=294 per=800000 success=yes exit=0 a0=4 a1=29 a2=40 a3=b6c37800 items=0 ppid=4310 auid=4294967295 uid=0 gid=0 euid=0 suid=0 fsuid=0 egid=0 sgid=0 fsgid=0 ses=4294967295 tty=(none) exe="/system/bin/ip6tables" subj=u:r:netd:s0 key=(null)
W/auditd  ( 3581): type=1320 audit(0.0:641): 
W/auditd  ( 3581): type=1325 audit(0.0:642): table=mangle family=2 entries=16
W/iptables( 4467): type=1300 audit(0.0:642): arch=40000028 syscall=294 per=800000 success=yes exit=0 a0=4 a1=0 a2=40 a3=b6c48800 items=0 ppid=4310 auid=4294967295 uid=0 gid=0 euid=0 suid=0 fsuid=0 egid=0 sgid=0 fsgid=0 ses=4294967295 tty=(none) exe="/system/bin/iptables" subj=u:r:netd:s0 key=(null)
W/auditd  ( 3581): type=1320 audit(0.0:642): 
W/auditd  ( 3581): type=1325 audit(0.0:643): table=mangle family=10 entries=12
W/ip6tables( 4468): type=1300 audit(0.0:643): arch=40000028 syscall=294 per=800000 success=yes exit=0 a0=4 a1=29 a2=40 a3=b6c47800 items=0 ppid=4310 auid=4294967295 uid=0 gid=0 euid=0 suid=0 fsuid=0 egid=0 sgid=0 fsgid=0 ses=4294967295 tty=(none) exe="/system/bin/ip6tables" subj=u:r:netd:s0 key=(null)
I/ServiceManager( 4313): Waiting for service batterystats...
V/NatController( 4310): runCmd(/system/bin/iptables -F natctrl_FORWARD) res=0
V/NatController( 4310): runCmd(/system/bin/iptables -A natctrl_FORWARD -j DROP) res=0
V/NatController( 4310): runCmd(/system/bin/iptables -t nat -F natctrl_nat_POSTROUTING) res=0
V/NatController( 4310): runCmd(/system/bin/iptables -F natctrl_tether_counters) res=0
V/NatController( 4310): runCmd(/system/bin/iptables -X natctrl_tether_counters) res=0
V/NatController( 4310): runCmd(/system/bin/iptables -N natctrl_tether_counters) res=0
V/NatController( 4310): runCmd(/system/bin/iptables -t mangle -A natctrl_mangle_FORWARD -p tcp --tcp-flags SYN SYN -j TCPMSS --clamp-mss-to-pmtu) res=0
I/DEBUG   ( 3586): 
I/DEBUG   ( 3586): Tombstone written to: /data/tombstones/tombstone_02
W/SurfaceComposerClient( 4381): ComposerService remote (surfaceflinger) died [0xb63591c0]
I/ServiceManager( 3570): service 'SurfaceFlinger' died
I/ServiceManager( 3570): service 'Exynos.HWCService' died
E/BootAnimation( 4381): linkToComposerDeath failed (Broken pipe) 
I/ServiceManager( 3570): service 'media.wifi_display' died
I/ServiceManager( 3570): service 'media.audio_flinger' died
W/init    ( 4524): type=1400 audit(0.0:692): avc: denied { entrypoint } for path="/system/bin/auditd" dev="mmcblk0p18" ino=173 scontext=u:r:logd:s0 tcontext=u:object_r:system_file:s0 tclass=file
W/init    ( 4524): type=1300 audit(0.0:692): arch=40000028 syscall=11 per=800000 success=no exit=-13 a0=b6d80954 a1=b6d65770 a2=57e64 a3=ff0000 items=1 ppid=1 auid=4294967295 uid=0 gid=0 euid=0 suid=0 fsuid=0 egid=0 sgid=0 fsgid=0 ses=4294967295 tty=(none) exe="/init" subj=u:r:init:s0 key=(null)
W/auditd  ( 3581): type=1307 audit(0.0:692): cwd="/"
W/auditd  ( 3581): type=1302 audit(0.0:692): item=0 name="/system/bin/auditd" inode=173 dev=103:0a mode=0100755 ouid=0 ogid=2000 rdev=00:00 obj=u:object_r:system_file:s0
W/auditd  ( 3581): type=1320 audit(0.0:692): 
I/Netd    ( 4525): Netd 1.0 starting
E/Netd    ( 4525): Failed to open /proc/sys/net/ipv6/conf/default/accept_ra_rt_table: No such file or directory
E/Netd    ( 4525): Failed to open /proc/sys/net/ipv6/conf/ip6tnl0/accept_ra_rt_table: No such file or directory
E/Netd    ( 4525): Failed to open /proc/sys/net/ipv6/conf/lo/accept_ra_rt_table: No such file or directory
E/Netd    ( 4525): Failed to open /proc/sys/net/ipv6/conf/rmnet0/accept_ra_rt_table: No such file or directory
E/Netd    ( 4525): Failed to open /proc/sys/net/ipv6/conf/rmnet1/accept_ra_rt_table: No such file or directory
E/Netd    ( 4525): Failed to open /proc/sys/net/ipv6/conf/rmnet2/accept_ra_rt_table: No such file or directory
E/Netd    ( 4525): Failed to open /proc/sys/net/ipv6/conf/rmnet3/accept_ra_rt_table: No such file or directory
E/Netd    ( 4525): Failed to open /proc/sys/net/ipv6/conf/sit0/accept_ra_rt_table: No such file or directory
W/auditd  ( 3581): type=1325 audit(0.0:693): table=filter family=2 entries=40
W/iptables( 4531): type=1300 audit(0.0:693): arch=40000028 syscall=294 per=800000 success=yes exit=0 a0=4 a1=0 a2=40 a3=b6c25000 items=0 ppid=4525 auid=4294967295 uid=0 gid=0 euid=0 suid=0 fsuid=0 egid=0 sgid=0 fsgid=0 ses=4294967295 tty=(none) exe="/system/bin/iptables" subj=u:r:netd:s0 key=(null)
W/auditd  ( 3581): type=1320 audit(0.0:693): 
I/SurfaceFlinger( 4527): SurfaceFlinger is starting
I/SurfaceFlinger( 4527): SurfaceFlinger's main thread ready to run. Initializing graphics H/W...
W/auditd  ( 3581): type=1325 audit(0.0:694): table=filter family=10 entries=37
W/ip6tables( 4532): type=1300 audit(0.0:694): arch=40000028 syscall=294 per=800000 success=yes exit=0 a0=4 a1=29 a2=40 a3=b6c28000 items=0 ppid=4525 auid=4294967295 uid=0 gid=0 euid=0 suid=0 fsuid=0 egid=0 sgid=0 fsgid=0 ses=4294967295 tty=(none) exe="/system/bin/ip6tables" subj=u:r:netd:s0 key=(null)
W/auditd  ( 3581): type=1320 audit(0.0:694): 
W/auditd  ( 3581): type=1325 audit(0.0:695): table=filter family=2 entries=39
W/iptables( 4535): type=1300 audit(0.0:695): arch=40000028 syscall=294 per=800000 success=yes exit=0 a0=4 a1=0 a2=40 a3=b6c22000 items=0 ppid=4525 auid=4294967295 uid=0 gid=0 euid=0 suid=0 fsuid=0 egid=0 sgid=0 fsgid=0 ses=4294967295 tty=(none) exe="/system/bin/iptables" subj=u:r:netd:s0 key=(null)
W/auditd  ( 3581): type=1320 audit(0.0:695): 
W/auditd  ( 3581): type=1325 audit(0.0:696): table=filter family=10 entries=36
W/ip6tables( 4537): type=1300 audit(0.0:696): arch=40000028 syscall=294 per=800000 success=yes exit=0 a0=4 a1=29 a2=40 a3=b6c23000 items=0 ppid=4525 auid=4294967295 uid=0 gid=0 euid=0 suid=0 fsuid=0 egid=0 sgid=0 fsgid=0 ses=4294967295 tty=(none) exe="/system/bin/ip6tables" subj=u:r:netd:s0 key=(null)
W/auditd  ( 3581): type=1320 audit(0.0:696): 
W/auditd  ( 3581): type=1325 audit(0.0:697): table=filter family=2 entries=39
W/iptables( 4539): type=1300 audit(0.0:697): arch=40000028 syscall=294 per=800000 success=yes exit=0 a0=4 a1=0 a2=40 a3=b6c22000 items=0 ppid=4525 auid=4294967295 uid=0 gid=0 euid=0 suid=0 fsuid=0 egid=0 sgid=0 fsgid=0 ses=4294967295 tty=(none) exe="/system/bin/iptables" subj=u:r:netd:s0 key=(null)
W/auditd  ( 3581): type=1320 audit(0.0:697): 
D/libEGL  ( 4527): loaded /vendor/lib/egl/libGLES_mali.so
I/        ( 4527): PLATFORM VERSION : JB-MR-2
I/gralloc ( 4527): using (fd=12)
I/gralloc ( 4527): id           = 
I/gralloc ( 4527): xres         = 1080 px
I/gralloc ( 4527): yres         = 1920 px
I/gralloc ( 4527): xres_virtual = 1080 px
I/gralloc ( 4527): yres_virtual = 3840 px
I/gralloc ( 4527): bpp          = 32
I/gralloc ( 4527): r            = 16:8
I/gralloc ( 4527): g            =  8:8
I/gralloc ( 4527): b            =  0:8
I/gralloc ( 4527): width        = 65 mm (422.030762 dpi)
I/gralloc ( 4527): height       = 115 mm (424.069580 dpi)
I/gralloc ( 4527): refresh rate = 60.00 Hz
D/AndroidRuntime( 4530): 
D/AndroidRuntime( 4530): >>>>>> AndroidRuntime START com.android.internal.os.ZygoteInit <<<<<<
D/AndroidRuntime( 4530): CheckJNI is OFF
I/art     ( 4530): option[0]=-Xzygote
I/art     ( 4530): option[1]=-Xstacktracefile:/data/anr/traces.txt
I/art     ( 4530): option[2]=exit
I/art     ( 4530): option[3]=vfprintf
I/art     ( 4530): option[4]=sensitiveThread
I/art     ( 4530): option[5]=-verbose:gc
I/art     ( 4530): option[6]=-Xms8m
I/art     ( 4530): option[7]=-Xmx512m
I/art     ( 4530): option[8]=-XX:mainThreadStackSize=24K
I/art     ( 4530): option[9]=-XX:HeapGrowthLimit=128m
I/art     ( 4530): option[10]=-XX:HeapMinFree=2m
I/art     ( 4530): option[11]=-XX:HeapMaxFree=8m
I/art     ( 4530): option[12]=-XX:HeapTargetUtilization=0.75
I/art     ( 4530): option[13]=-agentlib:jdwp=transport=dt_android_adb,suspend=n,server=y
I/art     ( 4530): option[14]=-Xlockprofthreshold:500
I/art     ( 4530): option[15]=-Ximage-compiler-option
I/art     ( 4530): option[16]=--runtime-arg
I/art     ( 4530): option[17]=-Ximage-compiler-option
I/art     ( 4530): option[18]=-Xms64m
I/art     ( 4530): option[19]=-Ximage-compiler-option
I/art     ( 4530): option[20]=--runtime-arg
I/art     ( 4530): option[21]=-Ximage-compiler-option
I/art     ( 4530): option[22]=-Xmx64m
I/art     ( 4530): option[23]=-Ximage-compiler-option
I/art     ( 4530): option[24]=--image-classes-zip=/system/framework/framework.jar
I/art     ( 4530): option[25]=-Ximage-compiler-option
I/art     ( 4530): option[26]=--image-classes=preloaded-classes
I/art     ( 4530): option[27]=-Xcompiler-option
I/art     ( 4530): option[28]=--runtime-arg
I/art     ( 4530): option[29]=-Xcompiler-option
I/art     ( 4530): option[30]=-Xms64m
I/art     ( 4530): option[31]=-Xcompiler-option
I/art     ( 4530): option[32]=--runtime-arg
I/art     ( 4530): option[33]=-Xcompiler-option
I/art     ( 4530): option[34]=-Xmx512m
I/art     ( 4530): option[35]=-Duser.language=es
I/art     ( 4530): option[36]=-Duser.region=US
I/art     ( 4530): Pruning dalvik-cache since we are generating an image and will need to recompile
I/mediaserver( 4528): ServiceManager: 0xb60500c0
W/art     ( 4530): Unexpected file type of 
I/AudioFlinger( 4528): Using default 3000 mSec as standby time.
W/art     ( 4530):  encountered.
I/art     ( 4530): Using an offset of 0xff03c000 from default art base address of 0x70000000
I/art     ( 4530): GenerateImage: /system/bin/dex2oat --image=/data/dalvik-cache/arm/system@framework@boot.art --dex-file=/system/framework/core-libart.jar --dex-file=/system/framework/conscrypt.jar --dex-file=/system/framework/okhttp.jar --dex-file=/system/framework/core-junit.jar --dex-file=/system/framework/bouncycastle.jar --dex-file=/system/framework/ext.jar --dex-file=/system/framework/framework.jar --dex-file=/system/framework/telephony-common.jar --dex-file=/system/framework/voip-common.jar --dex-file=/system/framework/ims-common.jar --dex-file=/system/framework/mms-common.jar --dex-file=/system/framework/android.policy.jar --dex-file=/system/framework/apache-xml.jar --oat-file=/data/dalvik-cache/arm/system@framework@boot.oat --instruction-set=arm --instruction-set-features=div --base=0x6f03c000 --runtime-arg -Xms64m --runtime-arg -Xmx64m --image-classes-zip=/system/framework/framework.jar --image-classes=preloaded-classes
I/ServiceManager( 4528): Waiting for service batterystats...
W/art     ( 4530): Unexpected file type of 
W/art     ( 4530):  encountered.
W/art     ( 4530): Could not create image space with image file '/system/framework/boot.art'. Attempting to fall back to imageless running. Error was: Failed to generate image '/data/dalvik-cache/arm/system@framework@boot.art': Failed execv(/system/bin/dex2oat --image=/data/dalvik-cache/arm/system@framework@boot.art --dex-file=/system/framework/core-libart.jar --dex-file=/system/framework/conscrypt.jar --dex-file=/system/framework/okhttp.jar --dex-file=/system/framework/core-junit.jar --dex-file=/system/framework/bouncycastle.jar --dex-file=/system/framework/ext.jar --dex-file=/system/framework/framework.jar --dex-file=/system/framework/telephony-common.jar --dex-file=/system/framework/voip-common.jar --dex-file=/system/framework/ims-common.jar --dex-file=/system/framework/mms-common.jar --dex-file=/system/framework/android.policy.jar --dex-file=/system/framework/apache-xml.jar --oat-file=/data/dalvik-cache/arm/system@framework@boot.oat --instruction-set=arm --instruction-set-features=div --base=0x6f03c000 --runtime-arg -Xms64
D/hwcomposer( 4527): using
D/hwcomposer( 4527): xres         = 1080 px
D/hwcomposer( 4527): yres         = 1920 px
D/hwcomposer( 4527): width        = 65 mm (422.030000 dpi)
D/hwcomposer( 4527): height       = 115 mm (424.069000 dpi)
D/hwcomposer( 4527): refresh rate = 60 Hz
E/libexynosv4l2-subdev( 4527): no subdev device found
E/hdmi    ( 4527): failed to open hdmi mixer0 subdev
E/hwcomposer( 4527): openHdmi fail
I/hwcomposer( 4527): PSR info devname = /sys/devices/14400000.fimd_fb/psr_info
I/hwcomposer( 4527): PSR mode is 2(0: video mode, 1: DP PSR mode, 2: MIPI-DSI command mode)
I/SurfaceFlinger( 4527): Using composer version 1.3
I/SurfaceFlinger( 4527): EGL information:
I/SurfaceFlinger( 4527): vendor    : Android
I/SurfaceFlinger( 4527): version   : 1.4 Android META-EGL
I/SurfaceFlinger( 4527): extensions: EGL_KHR_get_all_proc_addresses EGL_ANDROID_presentation_time EGL_KHR_image EGL_KHR_image_base EGL_KHR_gl_texture_2D_image EGL_KHR_gl_texture_cubemap_image EGL_KHR_gl_renderbuffer_image EGL_KHR_fence_sync EGL_KHR_create_context EGL_ANDROID_image_native_buffer EGL_KHR_wait_sync EGL_ANDROID_recordable 
I/SurfaceFlinger( 4527): Client API: OpenGL_ES
I/SurfaceFlinger( 4527): EGLSurface: 8-8-8-8, config=0xb69cf2ac
I/SurfaceFlinger( 4527): OpenGL ES informations:
I/SurfaceFlinger( 4527): vendor    : ARM
I/SurfaceFlinger( 4527): renderer  : Mali-T628
I/SurfaceFlinger( 4527): version   : OpenGL ES 3.0
I/SurfaceFlinger( 4527): extensions: GL_EXT_debug_marker GL_ARM_rgba8 GL_ARM_mali_shader_binary GL_OES_depth24 GL_OES_depth_texture GL_OES_depth_texture_cube_map GL_OES_packed_depth_stencil GL_OES_rgb8_rgba8 GL_EXT_read_format_bgra GL_OES_compressed_paletted_texture GL_OES_compressed_ETC1_RGB8_texture GL_OES_standard_derivatives GL_OES_EGL_image GL_OES_EGL_image_external GL_OES_EGL_sync GL_OES_texture_npot GL_OES_vertex_half_float GL_OES_required_internalformat GL_OES_vertex_array_object GL_OES_mapbuffer GL_EXT_texture_format_BGRA8888 GL_EXT_texture_rg GL_EXT_texture_type_2_10_10_10_REV GL_OES_fbo_render_mipmap GL_OES_element_index_uint GL_EXT_shadow_samplers GL_OES_texture_compression_astc GL_KHR_texture_compression_astc_ldr GL_KHR_texture_compression_astc_hdr GL_KHR_debug GL_EXT_occlusion_query_boolean GL_EXT_blend_minmax GL_EXT_discard_framebuffer GL_OES_get_program_binary GL_OES_texture_3D GL_EXT_texture_storage GL_EXT_multisampled_render_to_texture GL_OES_surfaceless_context GL_ARM_mali_program_binary 
I/SurfaceFlinger( 4527): GL_MAX_TEXTURE_SIZE = 8192
I/SurfaceFlinger( 4527): GL_MAX_VIEWPORT_DIMS = 8192
E/libEGL  ( 4527): eglQuerySurface:607 error 300d (EGL_BAD_SURFACE)
E/libEGL  ( 4527): eglQuerySurface:607 error 300d (EGL_BAD_SURFACE)
E/libEGL  ( 4527): call to OpenGL ES API with no current context (logged once per thread)
D/SurfaceFlinger( 4527): Set power mode=2, type=0 flinger=0xb6962000
I/hwcomposer( 4527): int exynos5_blank(hwc_composer_device_1*, int, int):: disp(0), blank(0)
I/hwcomposer( 4527): unblank ioctl failed (display already unblanked)
E/libEGL  ( 4527): eglSwapBuffers:1071 error 300d (EGL_BAD_SURFACE)
F/SurfaceFlinger( 4527): eglSwapBuffers(0x1, 0x0) failed with 0x0000300d
F/libc    ( 4527): Fatal signal 6 (SIGABRT), code -6 in tid 4527 (surfaceflinger)
I/DEBUG   ( 3586): property debug.db.uid not set; NOT waiting for gdb.
I/DEBUG   ( 3586): HINT: adb shell setprop debug.db.uid 100000
I/DEBUG   ( 3586): HINT: adb forward tcp:5039 tcp:5039
I/DEBUG   ( 3586): *** *** *** *** *** *** *** *** *** *** *** *** *** *** *** ***
I/DEBUG   ( 3586): Build fingerprint: 'samsung/cm_k3gxx/k3gxx:5.0.2/LRX22G/88e55c58ed:userdebug/test-keys'
I/DEBUG   ( 3586): Revision: '10'
I/DEBUG   ( 3586): ABI: 'arm'
I/DEBUG   ( 3586): pid: 4527, tid: 4527, name: surfaceflinger  >>> /system/bin/surfaceflinger <<<
I/DEBUG   ( 3586): signal 6 (SIGABRT), code -6 (SI_TKILL), fault addr --------
I/DEBUG   ( 3586): Abort message: 'eglSwapBuffers(0x1, 0x0) failed with 0x0000300d'
I/DEBUG   ( 3586):     r0 00000000  r1 000011af  r2 00000006  r3 00000000
I/DEBUG   ( 3586):     r4 b6f13114  r5 00000006  r6 0000000b  r7 0000010c
I/DEBUG   ( 3586):     r8 00000000  r9 bec73bd0  sl b6954210  fp bec73bd0
I/DEBUG   ( 3586):     ip 000011af  sp bec73650  lr b6e9d7b9  pc b6ec14e4  cpsr 600f0010
I/DEBUG   ( 3586): 
I/DEBUG   ( 3586): backtrace:
I/DEBUG   ( 3586):     #00 pc 000384e4  /system/lib/libc.so (tgkill+12)
I/DEBUG   ( 3586):     #01 pc 000147b5  /system/lib/libc.so (pthread_kill+52)
I/DEBUG   ( 3586):     #02 pc 0001550b  /system/lib/libc.so (raise+10)
I/DEBUG   ( 3586):     #03 pc 00011c35  /system/lib/libc.so (__libc_android_abort+36)
I/DEBUG   ( 3586):     #04 pc 0000fcb8  /system/lib/libc.so (abort+4)
I/DEBUG   ( 3586):     #05 pc 00007739  /system/lib/libcutils.so (__android_log_assert+88)
I/DEBUG   ( 3586):     #06 pc 0000f4df  /system/lib/libsurfaceflinger.so
I/DEBUG   ( 3586):     #07 pc 0001b9fd  /system/lib/libsurfaceflinger.so
I/DEBUG   ( 3586):     #08 pc 0001abe7  /system/lib/libsurfaceflinger.so
I/DEBUG   ( 3586):     #09 pc 00019fc3  /system/lib/libsurfaceflinger.so
I/DEBUG   ( 3586):     #10 pc 00019d49  /system/lib/libsurfaceflinger.so
I/DEBUG   ( 3586):     #11 pc 00010ed3  /system/lib/libutils.so (android::Looper::pollInner(int)+410)
I/DEBUG   ( 3586):     #12 pc 00010fc5  /system/lib/libutils.so (android::Looper::pollOnce(int, int*, int*, void**)+92)
I/DEBUG   ( 3586):     #13 pc 000174c5  /system/lib/libsurfaceflinger.so
I/DEBUG   ( 3586):     #14 pc 0001993d  /system/lib/libsurfaceflinger.so (android::SurfaceFlinger::run()+8)
I/DEBUG   ( 3586):     #15 pc 0000083d  /system/bin/surfaceflinger
I/DEBUG   ( 3586):     #16 pc 0000fb75  /system/lib/libc.so (__libc_init+44)
I/DEBUG   ( 3586):     #17 pc 000008d8  /system/bin/surfaceflinger
W/auditd  ( 3581): type=1325 audit(0.0:825): table=raw family=2 entries=8
W/iptables( 4671): type=1300 audit(0.0:825): arch=40000028 syscall=294 per=800000 success=yes exit=0 a0=4 a1=0 a2=40 a3=b6c1ba00 items=0 ppid=4525 auid=4294967295 uid=0 gid=0 euid=0 suid=0 fsuid=0 egid=0 sgid=0 fsgid=0 ses=4294967295 tty=(none) exe="/system/bin/iptables" subj=u:r:netd:s0 key=(null)
W/auditd  ( 3581): type=1320 audit(0.0:825): 
W/auditd  ( 3581): type=1325 audit(0.0:826): table=raw family=10 entries=8
W/ip6tables( 4672): type=1300 audit(0.0:826): arch=40000028 syscall=294 per=800000 success=yes exit=0 a0=4 a1=29 a2=40 a3=b6c32800 items=0 ppid=4525 auid=4294967295 uid=0 gid=0 euid=0 suid=0 fsuid=0 egid=0 sgid=0 fsgid=0 ses=4294967295 tty=(none) exe="/system/bin/ip6tables" subj=u:r:netd:s0 key=(null)
W/auditd  ( 3581): type=1320 audit(0.0:826): 
W/auditd  ( 3581): type=1325 audit(0.0:827): table=raw family=2 entries=8
W/iptables( 4673): type=1300 audit(0.0:827): arch=40000028 syscall=294 per=800000 success=yes exit=0 a0=4 a1=0 a2=40 a3=b6c30100 items=0 ppid=4525 auid=4294967295 uid=0 gid=0 euid=0 suid=0 fsuid=0 egid=0 sgid=0 fsgid=0 ses=4294967295 tty=(none) exe="/system/bin/iptables" subj=u:r:netd:s0 key=(null)
W/auditd  ( 3581): type=1320 audit(0.0:827): 
W/auditd  ( 3581): type=1325 audit(0.0:828): table=raw family=10 entries=8
W/ip6tables( 4674): type=1300 audit(0.0:828): arch=40000028 syscall=294 per=800000 success=yes exit=0 a0=4 a1=29 a2=40 a3=b6c32400 items=0 ppid=4525 auid=4294967295 uid=0 gid=0 euid=0 suid=0 fsuid=0 egid=0 sgid=0 fsgid=0 ses=4294967295 tty=(none) exe="/system/bin/ip6tables" subj=u:r:netd:s0 key=(null)
W/auditd  ( 3581): type=1320 audit(0.0:828): 
W/auditd  ( 3581): type=1325 audit(0.0:829): table=raw family=2 entries=6
W/iptables( 4675): type=1300 audit(0.0:829): arch=40000028 syscall=294 per=800000 success=yes exit=0 a0=4 a1=0 a2=40 a3=b6c20400 items=0 ppid=4525 auid=4294967295 uid=0 gid=0 euid=0 suid=0 fsuid=0 egid=0 sgid=0 fsgid=0 ses=4294967295 tty=(none) exe="/system/bin/iptables" subj=u:r:netd:s0 key=(null)
W/auditd  ( 3581): type=1320 audit(0.0:829): 
W/auditd  ( 3581): type=1325 audit(0.0:830): table=raw family=10 entries=6
W/ip6tables( 4676): type=1300 audit(0.0:830): arch=40000028 syscall=294 per=800000 success=yes exit=0 a0=4 a1=29 a2=40 a3=b6c31800 items=0 ppid=4525 auid=4294967295 uid=0 gid=0 euid=0 suid=0 fsuid=0 egid=0 sgid=0 fsgid=0 ses=4294967295 tty=(none) exe="/system/bin/ip6tables" subj=u:r:netd:s0 key=(null)
