E/Minikin ( 4782): addFont failed to create font /system/fonts/NotoSansGujarati-Bold.ttf
E/Minikin ( 4782): addFont failed to create font /system/fonts/NotoSansGujaratiUI-Regular.ttf
E/Minikin ( 4782): addFont failed to create font /system/fonts/NotoSansGujaratiUI-Bold.ttf
E/Minikin ( 4782): addFont failed to create font /system/fonts/NotoSansGurmukhi-Regular.ttf
E/Minikin ( 4782): addFont failed to create font /system/fonts/NotoSansGurmukhi-Bold.ttf
E/Minikin ( 4782): addFont failed to create font /system/fonts/NotoSansGurmukhiUI-Regular.ttf
E/Minikin ( 4782): addFont failed to create font /system/fonts/NotoSansGurmukhiUI-Bold.ttf
E/Minikin ( 4782): addFont failed to create font /system/fonts/NotoSansSinhala-Regular.ttf
E/Minikin ( 4782): addFont failed to create font /system/fonts/NotoSansSinhala-Bold.ttf
E/Minikin ( 4828): addFont failed to create font /system/fonts/NotoSansGujarati-Regular.ttf
E/Minikin ( 4828): addFont failed to create font /system/fonts/NotoSansGujarati-Bold.ttf
E/Minikin ( 4828): addFont failed to create font /system/fonts/NotoSansGujaratiUI-Regular.ttf
E/Minikin ( 4828): addFont failed to create font /system/fonts/NotoSansGujaratiUI-Bold.ttf
E/Minikin ( 4828): addFont failed to create font /system/fonts/NotoSansGurmukhi-Regular.ttf
E/Minikin ( 4828): addFont failed to create font /system/fonts/NotoSansGurmukhi-Bold.ttf
E/Minikin ( 4828): addFont failed to create font /system/fonts/NotoSansGurmukhiUI-Regular.ttf
E/Minikin ( 4828): addFont failed to create font /system/fonts/NotoSansGurmukhiUI-Bold.ttf
E/Minikin ( 4782): addFont failed to create font /system/fonts/NotoSansCherokee-Regular.ttf
E/Minikin ( 4782): addFont failed to create font /system/fonts/NotoSansCanadianAboriginal-Regular.ttf
E/Minikin ( 4782): addFont failed to create font /system/fonts/NotoSansYi-Regular.ttf
E/Minikin ( 4782): addFont failed to create font /system/fonts/NotoSansHans-Regular.otf
E/Minikin ( 4782): addFont failed to create font /system/fonts/NotoSansHant-Regular.otf
E/Minikin ( 4782): addFont failed to create font /system/fonts/NotoSansJP-Regular.otf
E/Minikin ( 4782): addFont failed to create font /system/fonts/NotoSansKR-Regular.otf
E/Minikin ( 4740): addFont failed to create font /system/fonts/NotoSansGujarati-Regular.ttf
E/Minikin ( 4740): addFont failed to create font /system/fonts/NotoSansGujarati-Bold.ttf
E/Minikin ( 4740): addFont failed to create font /system/fonts/NotoSansGujaratiUI-Regular.ttf
E/Minikin ( 4740): addFont failed to create font /system/fonts/NotoSansGujaratiUI-Bold.ttf
E/Minikin ( 4740): addFont failed to create font /system/fonts/NotoSansGurmukhi-Regular.ttf
E/Minikin ( 4740): addFont failed to create font /system/fonts/NotoSansGurmukhi-Bold.ttf
E/Minikin ( 4740): addFont failed to create font /system/fonts/NotoSansGurmukhiUI-Regular.ttf
E/Minikin ( 4740): addFont failed to create font /system/fonts/NotoSansGurmukhiUI-Bold.ttf
E/Minikin ( 4828): addFont failed to create font /system/fonts/NotoSansSinhala-Regular.ttf
E/Minikin ( 4828): addFont failed to create font /system/fonts/NotoSansSinhala-Bold.ttf
E/Minikin ( 4762): addFont failed to create font /system/fonts/NotoSansGujarati-Regular.ttf
E/Minikin ( 4762): addFont failed to create font /system/fonts/NotoSansGujarati-Bold.ttf
E/Minikin ( 4762): addFont failed to create font /system/fonts/NotoSansGujaratiUI-Regular.ttf
E/Minikin ( 4762): addFont failed to create font /system/fonts/NotoSansGujaratiUI-Bold.ttf
E/Minikin ( 4762): addFont failed to create font /system/fonts/NotoSansGurmukhi-Regular.ttf
E/Minikin ( 4762): addFont failed to create font /system/fonts/NotoSansGurmukhi-Bold.ttf
E/Minikin ( 4762): addFont failed to create font /system/fonts/NotoSansGurmukhiUI-Regular.ttf
E/Minikin ( 4762): addFont failed to create font /system/fonts/NotoSansGurmukhiUI-Bold.ttf
E/Minikin ( 4828): addFont failed to create font /system/fonts/NotoSansCherokee-Regular.ttf
E/Minikin ( 4828): addFont failed to create font /system/fonts/NotoSansCanadianAboriginal-Regular.ttf
E/Minikin ( 4828): addFont failed to create font /system/fonts/NotoSansYi-Regular.ttf
E/Minikin ( 4828): addFont failed to create font /system/fonts/NotoSansHans-Regular.otf
E/Minikin ( 4828): addFont failed to create font /system/fonts/NotoSansHant-Regular.otf
E/Minikin ( 4828): addFont failed to create font /system/fonts/NotoSansJP-Regular.otf
E/Minikin ( 4828): addFont failed to create font /system/fonts/NotoSansKR-Regular.otf
E/Minikin ( 4762): addFont failed to create font /system/fonts/NotoSansSinhala-Regular.ttf
E/Minikin ( 4762): addFont failed to create font /system/fonts/NotoSansSinhala-Bold.ttf
E/Minikin ( 4595): addFont failed to create font /system/fonts/NotoSansGujarati-Regular.ttf
E/Minikin ( 4595): addFont failed to create font /system/fonts/NotoSansGujarati-Bold.ttf
E/Minikin ( 4595): addFont failed to create font /system/fonts/NotoSansGujaratiUI-Regular.ttf
E/Minikin ( 4595): addFont failed to create font /system/fonts/NotoSansGujaratiUI-Bold.ttf
E/Minikin ( 4595): addFont failed to create font /system/fonts/NotoSansGurmukhi-Regular.ttf
E/Minikin ( 4595): addFont failed to create font /system/fonts/NotoSansGurmukhi-Bold.ttf
E/Minikin ( 4595): addFont failed to create font /system/fonts/NotoSansGurmukhiUI-Regular.ttf
E/Minikin ( 4595): addFont failed to create font /system/fonts/NotoSansGurmukhiUI-Bold.ttf
E/Minikin ( 4918): addFont failed to create font /system/fonts/NotoSansGujarati-Regular.ttf
E/Minikin ( 4918): addFont failed to create font /system/fonts/NotoSansGujarati-Bold.ttf
E/Minikin ( 4918): addFont failed to create font /system/fonts/NotoSansGujaratiUI-Regular.ttf
E/Minikin ( 4918): addFont failed to create font /system/fonts/NotoSansGujaratiUI-Bold.ttf
E/Minikin ( 4918): addFont failed to create font /system/fonts/NotoSansGurmukhi-Regular.ttf
E/Minikin ( 4918): addFont failed to create font /system/fonts/NotoSansGurmukhi-Bold.ttf
E/Minikin ( 4918): addFont failed to create font /system/fonts/NotoSansGurmukhiUI-Regular.ttf
E/Minikin ( 4762): addFont failed to create font /system/fonts/NotoSansCherokee-Regular.ttf
E/Minikin ( 4762): addFont failed to create font /system/fonts/NotoSansCanadianAboriginal-Regular.ttf
E/Minikin ( 4762): addFont failed to create font /system/fonts/NotoSansYi-Regular.ttf
E/Minikin ( 4762): addFont failed to create font /system/fonts/NotoSansHans-Regular.otf
E/Minikin ( 4762): addFont failed to create font /system/fonts/NotoSansHant-Regular.otf
E/Minikin ( 4762): addFont failed to create font /system/fonts/NotoSansJP-Regular.otf
E/Minikin ( 4762): addFont failed to create font /system/fonts/NotoSansKR-Regular.otf
E/Minikin ( 4595): addFont failed to create font /system/fonts/NotoSansSinhala-Regular.ttf
E/Minikin ( 4595): addFont failed to create font /system/fonts/NotoSansSinhala-Bold.ttf
E/Minikin ( 4595): addFont failed to create font /system/fonts/NotoSansCherokee-Regular.ttf
E/Minikin ( 4595): addFont failed to create font /system/fonts/NotoSansCanadianAboriginal-Regular.ttf
E/Minikin ( 4595): addFont failed to create font /system/fonts/NotoSansYi-Regular.ttf
E/Minikin ( 4595): addFont failed to create font /system/fonts/NotoSansHans-Regular.otf
E/Minikin ( 4595): addFont failed to create font /system/fonts/NotoSansHant-Regular.otf
E/Minikin ( 4595): addFont failed to create font /system/fonts/NotoSansJP-Regular.otf
E/Minikin ( 4595): addFont failed to create font /system/fonts/NotoSansKR-Regular.otf
E/Minikin ( 4740): addFont failed to create font /system/fonts/NotoSansSinhala-Regular.ttf
E/Minikin ( 4740): addFont failed to create font /system/fonts/NotoSansSinhala-Bold.ttf
E/Minikin ( 4448): addFont failed to create font /system/fonts/NotoSansGujarati-Regular.ttf
E/Minikin ( 4448): addFont failed to create font /system/fonts/NotoSansGujarati-Bold.ttf
E/Minikin ( 4448): addFont failed to create font /system/fonts/NotoSansGujaratiUI-Regular.ttf
E/Minikin ( 4448): addFont failed to create font /system/fonts/NotoSansGujaratiUI-Bold.ttf
E/Minikin ( 4448): addFont failed to create font /system/fonts/NotoSansGurmukhi-Regular.ttf
E/Minikin ( 4448): addFont failed to create font /system/fonts/NotoSansGurmukhi-Bold.ttf
E/Minikin ( 4448): addFont failed to create font /system/fonts/NotoSansGurmukhiUI-Regular.ttf
E/Minikin ( 4448): addFont failed to create font /system/fonts/NotoSansGurmukhiUI-Bold.ttf
E/Minikin ( 4740): addFont failed to create font /system/fonts/NotoSansCherokee-Regular.ttf
E/Minikin ( 4740): addFont failed to create font /system/fonts/NotoSansCanadianAboriginal-Regular.ttf
E/Minikin ( 4740): addFont failed to create font /system/fonts/NotoSansYi-Regular.ttf
E/Minikin ( 4740): addFont failed to create font /system/fonts/NotoSansHans-Regular.otf
E/Minikin ( 4740): addFont failed to create font /system/fonts/NotoSansHant-Regular.otf
E/Minikin ( 4740): addFont failed to create font /system/fonts/NotoSansJP-Regular.otf
E/Minikin ( 4740): addFont failed to create font /system/fonts/NotoSansKR-Regular.otf
E/Minikin ( 4918): addFont failed to create font /system/fonts/NotoSansGurmukhiUI-Bold.ttf
E/Minikin ( 4918): addFont failed to create font /system/fonts/NotoSansSinhala-Regular.ttf
E/Minikin ( 4918): addFont failed to create font /system/fonts/NotoSansSinhala-Bold.ttf
E/Minikin ( 4918): addFont failed to create font /system/fonts/NotoSansCherokee-Regular.ttf
E/Minikin ( 4448): addFont failed to create font /system/fonts/NotoSansSinhala-Regular.ttf
E/Minikin ( 4448): addFont failed to create font /system/fonts/NotoSansSinhala-Bold.ttf
E/Minikin ( 4918): addFont failed to create font /system/fonts/NotoSansCanadianAboriginal-Regular.ttf
E/Minikin ( 4918): addFont failed to create font /system/fonts/NotoSansYi-Regular.ttf
E/Minikin ( 4918): addFont failed to create font /system/fonts/NotoSansHans-Regular.otf
E/Minikin ( 4918): addFont failed to create font /system/fonts/NotoSansHant-Regular.otf
E/Minikin ( 4918): addFont failed to create font /system/fonts/NotoSansJP-Regular.otf
E/Minikin ( 4918): addFont failed to create font /system/fonts/NotoSansKR-Regular.otf
E/Minikin ( 4122): addFont failed to create font /system/fonts/NotoSansGujarati-Regular.ttf
E/Minikin ( 4122): addFont failed to create font /system/fonts/NotoSansGujarati-Bold.ttf
E/Minikin ( 4122): addFont failed to create font /system/fonts/NotoSansGujaratiUI-Regular.ttf
E/Minikin ( 4122): addFont failed to create font /system/fonts/NotoSansGujaratiUI-Bold.ttf
E/Minikin ( 4122): addFont failed to create font /system/fonts/NotoSansGurmukhi-Regular.ttf
E/Minikin ( 4122): addFont failed to create font /system/fonts/NotoSansGurmukhi-Bold.ttf
E/Minikin ( 4122): addFont failed to create font /system/fonts/NotoSansGurmukhiUI-Regular.ttf
E/Minikin ( 4122): addFont failed to create font /system/fonts/NotoSansGurmukhiUI-Bold.ttf
E/Minikin ( 4448): addFont failed to create font /system/fonts/NotoSansCherokee-Regular.ttf
E/Minikin ( 4448): addFont failed to create font /system/fonts/NotoSansCanadianAboriginal-Regular.ttf
E/Minikin ( 4448): addFont failed to create font /system/fonts/NotoSansYi-Regular.ttf
E/Minikin ( 4448): addFont failed to create font /system/fonts/NotoSansHans-Regular.otf
E/Minikin ( 4448): addFont failed to create font /system/fonts/NotoSansHant-Regular.otf
E/Minikin ( 4448): addFont failed to create font /system/fonts/NotoSansJP-Regular.otf
E/Minikin ( 4448): addFont failed to create font /system/fonts/NotoSansKR-Regular.otf
E/Minikin ( 4867): addFont failed to create font /system/fonts/NotoSansGujarati-Regular.ttf
E/Minikin ( 4867): addFont failed to create font /system/fonts/NotoSansGujarati-Bold.ttf
E/Minikin ( 4867): addFont failed to create font /system/fonts/NotoSansGujaratiUI-Regular.ttf
E/Minikin ( 4867): addFont failed to create font /system/fonts/NotoSansGujaratiUI-Bold.ttf
E/Minikin ( 4867): addFont failed to create font /system/fonts/NotoSansGurmukhi-Regular.ttf
E/Minikin ( 4867): addFont failed to create font /system/fonts/NotoSansGurmukhi-Bold.ttf
E/Minikin ( 4867): addFont failed to create font /system/fonts/NotoSansGurmukhiUI-Regular.ttf
E/Minikin ( 4867): addFont failed to create font /system/fonts/NotoSansGurmukhiUI-Bold.ttf
E/Minikin ( 4122): addFont failed to create font /system/fonts/NotoSansSinhala-Regular.ttf
E/Minikin ( 4122): addFont failed to create font /system/fonts/NotoSansSinhala-Bold.ttf
E/Minikin ( 4122): addFont failed to create font /system/fonts/NotoSansCherokee-Regular.ttf
E/Minikin ( 4122): addFont failed to create font /system/fonts/NotoSansCanadianAboriginal-Regular.ttf
E/Minikin ( 4122): addFont failed to create font /system/fonts/NotoSansYi-Regular.ttf
E/Minikin ( 4122): addFont failed to create font /system/fonts/NotoSansHans-Regular.otf
E/Minikin ( 4122): addFont failed to create font /system/fonts/NotoSansHant-Regular.otf
E/Minikin ( 4122): addFont failed to create font /system/fonts/NotoSansJP-Regular.otf
E/Minikin ( 4122): addFont failed to create font /system/fonts/NotoSansKR-Regular.otf
E/Minikin ( 4867): addFont failed to create font /system/fonts/NotoSansSinhala-Regular.ttf
E/Minikin ( 4867): addFont failed to create font /system/fonts/NotoSansSinhala-Bold.ttf
E/Minikin ( 4867): addFont failed to create font /system/fonts/NotoSansCherokee-Regular.ttf
E/Minikin ( 4867): addFont failed to create font /system/fonts/NotoSansCanadianAboriginal-Regular.ttf
E/Minikin ( 4867): addFont failed to create font /system/fonts/NotoSansYi-Regular.ttf
E/Minikin ( 4867): addFont failed to create font /system/fonts/NotoSansHans-Regular.otf
E/Minikin ( 4867): addFont failed to create font /system/fonts/NotoSansHant-Regular.otf
E/Minikin ( 4867): addFont failed to create font /system/fonts/NotoSansJP-Regular.otf
E/Minikin ( 4867): addFont failed to create font /system/fonts/NotoSansKR-Regular.otf
D/Launcher.Model( 4806): 11683562 - loadWorkspaceScreensDb()
D/Launcher.Model( 4806): 11683562 -   screens: { 0: 1 }, { 1: 2 }
D/Launcher.Model( 4806): 11683562 -   sBgWorkspaceScreens: 1, 2
E/Minikin ( 4629): addFont failed to create font /system/fonts/NotoSansGujarati-Regular.ttf
E/Minikin ( 4629): addFont failed to create font /system/fonts/NotoSansGujarati-Bold.ttf
E/Minikin ( 4629): addFont failed to create font /system/fonts/NotoSansGujaratiUI-Regular.ttf
E/Minikin ( 4629): addFont failed to create font /system/fonts/NotoSansGujaratiUI-Bold.ttf
E/Minikin ( 4629): addFont failed to create font /system/fonts/NotoSansGurmukhi-Regular.ttf
E/Minikin ( 4629): addFont failed to create font /system/fonts/NotoSansGurmukhi-Bold.ttf
E/Minikin ( 4629): addFont failed to create font /system/fonts/NotoSansGurmukhiUI-Regular.ttf
E/Minikin ( 4629): addFont failed to create font /system/fonts/NotoSansGurmukhiUI-Bold.ttf
E/Minikin ( 4629): addFont failed to create font /system/fonts/NotoSansSinhala-Regular.ttf
E/Minikin ( 4629): addFont failed to create font /system/fonts/NotoSansSinhala-Bold.ttf
E/Minikin ( 4245): addFont failed to create font /system/fonts/NotoSansGujarati-Regular.ttf
E/Minikin ( 4245): addFont failed to create font /system/fonts/NotoSansGujarati-Bold.ttf
E/Minikin ( 4245): addFont failed to create font /system/fonts/NotoSansGujaratiUI-Regular.ttf
E/Minikin ( 4245): addFont failed to create font /system/fonts/NotoSansGujaratiUI-Bold.ttf
E/Minikin ( 4245): addFont failed to create font /system/fonts/NotoSansGurmukhi-Regular.ttf
E/Minikin ( 4245): addFont failed to create font /system/fonts/NotoSansGurmukhi-Bold.ttf
E/Minikin ( 4245): addFont failed to create font /system/fonts/NotoSansGurmukhiUI-Regular.ttf
E/Minikin ( 4245): addFont failed to create font /system/fonts/NotoSansGurmukhiUI-Bold.ttf
E/Minikin ( 4245): addFont failed to create font /system/fonts/NotoSansSinhala-Regular.ttf
E/Minikin ( 4245): addFont failed to create font /system/fonts/NotoSansSinhala-Bold.ttf
E/Minikin ( 4245): addFont failed to create font /system/fonts/NotoSansCherokee-Regular.ttf
E/Minikin ( 4245): addFont failed to create font /system/fonts/NotoSansCanadianAboriginal-Regular.ttf
E/Minikin ( 4245): addFont failed to create font /system/fonts/NotoSansYi-Regular.ttf
E/Minikin ( 4245): addFont failed to create font /system/fonts/NotoSansHans-Regular.otf
E/Minikin ( 4245): addFont failed to create font /system/fonts/NotoSansHant-Regular.otf
E/Minikin ( 4245): addFont failed to create font /system/fonts/NotoSansJP-Regular.otf
E/Minikin ( 4245): addFont failed to create font /system/fonts/NotoSansKR-Regular.otf
E/Minikin ( 4629): addFont failed to create font /system/fonts/NotoSansCherokee-Regular.ttf
E/Minikin ( 4629): addFont failed to create font /system/fonts/NotoSansCanadianAboriginal-Regular.ttf
E/Minikin ( 4629): addFont failed to create font /system/fonts/NotoSansYi-Regular.ttf
E/Minikin ( 4629): addFont failed to create font /system/fonts/NotoSansHans-Regular.otf
E/Minikin ( 4629): addFont failed to create font /system/fonts/NotoSansHant-Regular.otf
E/Minikin ( 4629): addFont failed to create font /system/fonts/NotoSansJP-Regular.otf
E/Minikin ( 4629): addFont failed to create font /system/fonts/NotoSansKR-Regular.otf
W/art     ( 4122): Long monitor contention event with owner method=void com.android.server.am.ActivityManagerService.updateConfiguration(android.content.res.Configuration) from ActivityManagerService.java:16395 waiters=2 for 114ms
I/art     ( 4122): Background partial concurrent mark sweep GC freed 67799(5MB) AllocSpace objects, 21(871KB) LOS objects, 33% free, 22MB/33MB, paused 2.918ms total 193.294ms
I/Choreographer( 4290): Skipped 54 frames!  The application may be doing too much work on its main thread.
I/        ( 4806): PLATFORM VERSION : JB-MR-2
I/OpenGLRenderer( 4806): Initialized EGL, version 1.4
E/Minikin ( 4290): addFont failed to create font /system/fonts/NotoSansGujarati-Regular.ttf
E/Minikin ( 4290): addFont failed to create font /system/fonts/NotoSansGujarati-Bold.ttf
E/Minikin ( 4290): addFont failed to create font /system/fonts/NotoSansGujaratiUI-Regular.ttf
E/Minikin ( 4290): addFont failed to create font /system/fonts/NotoSansGujaratiUI-Bold.ttf
E/Minikin ( 4290): addFont failed to create font /system/fonts/NotoSansGurmukhi-Regular.ttf
E/Minikin ( 4290): addFont failed to create font /system/fonts/NotoSansGurmukhi-Bold.ttf
E/Minikin ( 4290): addFont failed to create font /system/fonts/NotoSansGurmukhiUI-Regular.ttf
E/Minikin ( 4290): addFont failed to create font /system/fonts/NotoSansGurmukhiUI-Bold.ttf
E/Minikin ( 4290): addFont failed to create font /system/fonts/NotoSansSinhala-Regular.ttf
E/Minikin ( 4290): addFont failed to create font /system/fonts/NotoSansSinhala-Bold.ttf
E/Minikin ( 4290): addFont failed to create font /system/fonts/NotoSansCherokee-Regular.ttf
E/Minikin ( 4290): addFont failed to create font /system/fonts/NotoSansCanadianAboriginal-Regular.ttf
E/Minikin ( 4290): addFont failed to create font /system/fonts/NotoSansYi-Regular.ttf
E/Minikin ( 4290): addFont failed to create font /system/fonts/NotoSansHans-Regular.otf
E/Minikin ( 4290): addFont failed to create font /system/fonts/NotoSansHant-Regular.otf
E/Minikin ( 4290): addFont failed to create font /system/fonts/NotoSansJP-Regular.otf
E/Minikin ( 4290): addFont failed to create font /system/fonts/NotoSansKR-Regular.otf
D/OpenGLRenderer( 4806): Enabling debug mode 0
E/Minikin ( 4806): addFont failed to create font /system/fonts/NotoSansGujarati-Regular.ttf
E/Minikin ( 4806): addFont failed to create font /system/fonts/NotoSansGujarati-Bold.ttf
E/Minikin ( 4806): addFont failed to create font /system/fonts/NotoSansGujaratiUI-Regular.ttf
E/Minikin ( 4806): addFont failed to create font /system/fonts/NotoSansGujaratiUI-Bold.ttf
E/Minikin ( 4806): addFont failed to create font /system/fonts/NotoSansGurmukhi-Regular.ttf
E/Minikin ( 4806): addFont failed to create font /system/fonts/NotoSansGurmukhi-Bold.ttf
E/Minikin ( 4806): addFont failed to create font /system/fonts/NotoSansGurmukhiUI-Regular.ttf
E/Minikin ( 4806): addFont failed to create font /system/fonts/NotoSansGurmukhiUI-Bold.ttf
E/Minikin ( 4806): addFont failed to create font /system/fonts/NotoSansSinhala-Regular.ttf
E/Minikin ( 4806): addFont failed to create font /system/fonts/NotoSansSinhala-Bold.ttf
E/Minikin ( 4806): addFont failed to create font /system/fonts/NotoSansCherokee-Regular.ttf
E/Minikin ( 4806): addFont failed to create font /system/fonts/NotoSansCanadianAboriginal-Regular.ttf
E/Minikin ( 4806): addFont failed to create font /system/fonts/NotoSansYi-Regular.ttf
E/Minikin ( 4806): addFont failed to create font /system/fonts/NotoSansHans-Regular.otf
E/Minikin ( 4806): addFont failed to create font /system/fonts/NotoSansHant-Regular.otf
E/Minikin ( 4806): addFont failed to create font /system/fonts/NotoSansJP-Regular.otf
E/Minikin ( 4806): addFont failed to create font /system/fonts/NotoSansKR-Regular.otf
D/WeatherUpdateService( 4629): Service started, but shouldn't update ... stopping
I/ActivityManager( 4122): Start proc com.cyanogenmod.eleven:main for service com.cyanogenmod.eleven/.MusicPlaybackService: pid=4992 uid=10032 gids={50032, 9997, 1028, 1015, 3003} abi=armeabi-v7a
W/Launcher.Model( 4806): LoaderTask running with no launcher (loadAllApps)
W/Launcher( 4806): setApplicationContext called twice! old=com.android.launcher3.LauncherApplication@1eda586c new=com.android.launcher3.LauncherApplication@1eda586c
E/AppsCustomizePagedView( 4806): Create Res Apk Failed
D/LocaleSetManager( 4806): Locale Changed from: null to en-US
V/RenderScript_jni( 4992): RS native mode
E/RenderScript( 4992): Failed loading RS driver: dlopen failed: cannot locate symbol "_ZN7android12renderscript15RsdCpuReference6createEPNS0_7ContextEjjPFPKNS1_9CpuSymbolES3_PKcEPFPNS1_9CpuScriptES3_PKNS0_6ScriptEEPFPN4llvm6ModuleEPN3bcc8RSScriptESK_SK_EPFS8_S8_jE" referenced by "libRSDriverArm.so"...
E/RenderScript( 4992): Failed to load runtime libRSDriverArm.so, loading default
V/RenderScript( 4992): 0xaf215200 Launching thread(s), CPUs 8
W/InputMethodManagerService( 4122): Focus gain on non-focused client com.android.internal.view.IInputMethodClient$Stub$Proxy@3e9c2b9e (uid=10018 pid=4806)
I/ActivityManager( 4122): Displayed com.cyanogenmod.trebuchet/com.android.launcher3.Launcher: +1s490ms
I/Timeline( 4122): Timeline: Activity_windows_visible id: ActivityRecord{23782aca u0 com.cyanogenmod.trebuchet/com.android.launcher3.Launcher t15} time:16633
I/Timeline( 4806): Timeline: Activity_idle id: android.os.BinderProxy@77fefcf time:16639
I/Timeline( 4806): Timeline: Activity_idle id: android.os.BinderProxy@77fefcf time:16642
V/KeyguardServiceDelegate( 4122): *** Keyguard started
W/KeyguardServiceDelegate( 4122): onScreenTurnedOn(): no keyguard service!
E/Vold    ( 3674): Failed to find mounted volume for /storage/extSdCard/Android/data/com.cyanogenmod.eleven/cache/
W/Vold    ( 3674): Returning OperationFailed - no handler for errno 0
I/Sensors ( 4122): Acc old sensor_state 0, new sensor_state : 1 en : 1
W/ContextImpl( 4992): Failed to ensure directory: /storage/extSdCard/Android/data/com.cyanogenmod.eleven/cache
V/KeyguardServiceDelegate( 4122): *** Keyguard connected (yay!)
D/PhoneStatusBar( 4290): disable: < expand icons alerts system_info back HOME* RECENT* clock SEARCH* >
W/Settings( 4290): Setting airplane_mode_on has moved from android.provider.Settings.System to android.provider.Settings.Global, returning read-only value.
D/VoldCmdListener( 3674): cryptfs getpw
D/VoldCmdListener( 3674): cryptfs clearpw
I/SurfaceFlinger( 3688): Boot is finished (11542 ms)
E/Vold    ( 3674): Failed to find mounted volume for /storage/extSdCard/Android/data/com.cyanogenmod.eleven/cache/
W/Vold    ( 3674): Returning OperationFailed - no handler for errno 0
W/ContextImpl( 4992): Failed to ensure directory: /storage/extSdCard/Android/data/com.cyanogenmod.eleven/cache
D/PhoneStatusBar( 4290): disable: < expand ICONS* alerts SYSTEM_INFO* back HOME RECENT clock SEARCH >
D/BluetoothAdapter( 4290): 19053792: getState() :  mService = null. Returning STATE_OFF
D/BluetoothAdapter( 4290): 19053792: getState() :  mService = null. Returning STATE_OFF
E/ExtMediaPlayer-JNI( 4992): QCMediaPlayer could not be located....
E/MediaPlayer-JNI( 4992): QCMediaPlayer mediaplayer NOT present
D/BluetoothAdapter( 4290): 19053792: getState() :  mService = null. Returning STATE_OFF
D/BluetoothAdapter( 4290): 19053792: getState() :  mService = null. Returning STATE_OFF
D/BluetoothAdapter( 4290): 19053792: getState() :  mService = null. Returning STATE_OFF
D/BluetoothAdapter( 4290): 19053792: getState() :  mService = null. Returning STATE_OFF
W/Settings( 4290): Setting airplane_mode_on has moved from android.provider.Settings.System to android.provider.Settings.Global, returning read-only value.
W/Settings( 4290): Setting airplane_mode_on has moved from android.provider.Settings.System to android.provider.Settings.Global, returning read-only value.
D/PhoneStatusBar( 4290): disable: < expand ICONS alerts SYSTEM_INFO back HOME RECENT clock SEARCH >
D/Launcher.Model( 4806): 11683562 - loadWorkspace()
I/Launcher.Model( 4806): not binding apps: no Launcher activity
D/Launcher.Model( 4806): 11683562 -   loadedOldDb: false
D/Launcher.Model( 4806): 11683562 - loadWorkspaceScreensDb()
D/Launcher.Model( 4806): 11683562 -   screens: { 0: 1 }, { 1: 2 }
D/Launcher.Model( 4806): 11683562 -   sBgWorkspaceScreens: 1, 2
D/Launcher( 4806): 11683562 - bindAddScreens()
D/Launcher( 4806): 11683562 -   orderedScreenIds: 1, 2
D/Launcher.Workspace( 4806): 11683562 - insertNewWorkspaceScreen(): 1 at index: 0
D/Launcher.Workspace( 4806): 11683562 - insertNewWorkspaceScreen(): 2 at index: 1
V/KeyguardServiceDelegate( 4122): **** SHOWN CALLED ****
V/RenderScript( 4806): Application requested CPU execution
V/RenderScript( 4806): 0x9f656800 Launching thread(s), CPUs 8
W/WakefulBroadcastReceiver( 4992): No active wake lock id #1
D/android.widget.GridLayout( 4806): vertical constraints: y3-y0>=396, y3-y0<=372, y3-y2<=156, y2-y1<=3 are inconsistent; permanently removing: y3-y0<=372. 
D/Launcher.Workspace( 4806): 11683562 - stripEmptyScreens()
D/BootAnimation( 3858): Use save memory method, maybe small fps in actual.
I/art     ( 4122): Explicit concurrent mark sweep GC freed 10766(1263KB) AllocSpace objects, 22(1652KB) LOS objects, 33% free, 22MB/33MB, paused 3.986ms total 48.274ms
I/SystemServiceManager( 4122): Starting phase 1000
E/SEC PowerHAL( 4122): Error opening /sys/devices/system/cpu/cpufreq/interactive/boostpulse: No such file or directory
D/lights  ( 4122): set_light_battery 0xd00 0 0
V/ActivityManager( 4122): Display changed displayId=0
I/BootReceiver( 4867): IOSched restore disabled by user preference.
D/InputMethodAndLanguageSettings( 4867): High touch sensitivity settings restored.
D/InputMethodAndLanguageSettings( 4867): Touch hovering settings restored.
D/BluetoothManagerService( 4122): Auto-enabling Bluetooth.
D/BluetoothManagerService( 4122): Message: 1
D/BluetoothManagerService( 4122): MESSAGE_ENABLE: mBluetooth = null
I/RecoverySystem( 4122): Deleted: /cache/recovery/log
I/BootReceiver( 4122): Copying /proc/last_kmsg to DropBox (SYSTEM_LAST_KMSG)
E/SharedPreferencesImpl( 4122): Couldn't create directory for SharedPreferences file shared_prefs/log_files.xml
I/ActivityManager( 4122): Start proc com.android.bluetooth for service com.android.bluetooth/.btservice.AdapterService: pid=5058 uid=1002 gids={41002, 9997, 3003, 3002, 3001, 1028, 1015, 3005, 1016, 3008} abi=armeabi-v7a
I/BootReceiver( 4122): Copying audit failures to DropBox
E/SharedPreferencesImpl( 4122): Couldn't create directory for SharedPreferences file shared_prefs/log_files.xml
I/BootReceiver( 4122): Copied 0 worth of audits to DropBox
I/BootReceiver( 4122): Checking for fsck errors
I/BootReceiver( 4122): Copying /data/tombstones/tombstone_00 to DropBox (SYSTEM_TOMBSTONE)
E/SharedPreferencesImpl( 4122): Couldn't create directory for SharedPreferences file shared_prefs/log_files.xml
I/ActivityManager( 4122): Start proc com.android.keychain for service com.android.keychain/.KeyChainService: pid=5082 uid=1000 gids={41000, 9997, 3003, 1028, 1015, 3002, 3001} abi=armeabi-v7a
I/art     ( 3704): Explicit concurrent mark sweep GC freed 707(30KB) AllocSpace objects, 0(0B) LOS objects, 40% free, 15MB/25MB, paused 206us total 11.653ms
I/art     ( 3704): Explicit concurrent mark sweep GC freed 7(240B) AllocSpace objects, 0(0B) LOS objects, 39% free, 15MB/25MB, paused 183us total 8.975ms
I/art     ( 3704): Explicit concurrent mark sweep GC freed 5(160B) AllocSpace objects, 0(0B) LOS objects, 39% free, 15MB/25MB, paused 169us total 9.269ms
I/ActivityManager( 4122): Start proc com.android.deskclock for broadcast com.android.deskclock/.AlarmInitReceiver: pid=5104 uid=10030 gids={50030, 9997, 1028, 3003} abi=armeabi-v7a
I/ValidateNoPeople( 4122): skipping global notification
W/ResourcesManager( 5058): Asset path '/system/framework/javax.btobex.jar' does not exist or contains no resources.
I/ValidateNoPeople( 4122): skipping global notification
V/AlarmClock( 5104): AlarmInitReceiver android.intent.action.BOOT_COMPLETED
D/AdapterServiceConfig( 5058): Adding HeadsetService
D/AdapterServiceConfig( 5058): Adding A2dpService
D/AdapterServiceConfig( 5058): Adding HidService
D/AdapterServiceConfig( 5058): Adding HealthService
D/AdapterServiceConfig( 5058): Adding PanService
D/AdapterServiceConfig( 5058): Adding GattService
D/AdapterServiceConfig( 5058): Adding BluetoothMapService
D/AdapterServiceConfig( 5058): Adding HidDevService
V/AlarmClock( 5104): AlarmInitReceiver - Reset timers and clear stopwatch data
V/AlarmClock( 5104): AlarmInitReceiver finished
D/BluetoothManagerService( 4122): Message: 20
D/BluetoothManagerService( 4122): Added callback: android.bluetooth.IBluetoothManagerCallback$Stub$Proxy@1938b50d:true
D/BluetoothAdapterState( 5058): make
I/bluedroid( 5058): init
I/BluetoothAdapterState( 5058): Entering OffState
I/bte_conf( 5058): bte_load_conf attempt to load stack conf from /etc/bluetooth/bt_stack.conf
I/bte_conf( 5058): bte_load_ble_conf attempt to load ble stack conf from /etc/bluetooth/ble_stack.conf
E/bt_osi_config( 5058): config_new unable to open file '/etc/bluetooth/ble_stack.conf': No such file or directory
I/bte_conf( 5058): bte_load_ble_conf file >/etc/bluetooth/ble_stack.conf< not found
I/bluedroid( 5058): get_profile_interface socket
I/bluedroid( 5058): get_profile_interface map_client
I/GKI_LINUX( 5058): gki_task_entry task_id=1 [BTIF] starting
D/BluetoothAdapterProperties( 5058): Address is:14:B4:84:6F:66:79
I/ActivityManager( 4122): Start proc com.android.dialer for broadcast com.android.dialer/.calllog.CallLogReceiver: pid=5143 uid=10008 gids={50008, 9997, 3003, 1028, 1015} abi=armeabi-v7a
D/BluetoothAdapterProperties( 5058): Name is: SM-G900H
D/BluetoothManagerService( 4122): Bluetooth Adapter name changed to SM-G900H
D/BluetoothManagerService( 4122): Stored Bluetooth name: SM-G900H
D/BluetoothManagerService( 4122): BluetoothServiceConnection: com.android.bluetooth.btservice.AdapterService
D/BluetoothManagerService( 4122): Message: 40
D/BluetoothManagerService( 4122): MESSAGE_BLUETOOTH_SERVICE_CONNECTED: 1
V/KeyguardTouchDelegate( 4290): Connected to keyguard
I/bluedroid( 5058): config_hci_snoop_log
D/BluetoothManagerService( 4122): Calling onBluetoothServiceUp callbacks
D/BluetoothManagerService( 4122): Broadcasting onBluetoothServiceUp() to 5 receivers.
D/BluetoothAdapterState( 5058): CURRENT_STATE=OFF, MESSAGE = USER_TURN_ON
D/BluetoothAdapterProperties( 5058): Setting state to 11
I/BluetoothAdapterState( 5058): Bluetooth adapter state changed: 10-> 11
D/BluetoothManagerService( 4122): Message: 60
D/BluetoothManagerService( 4122): MESSAGE_BLUETOOTH_STATE_CHANGE: prevState = 10, newState=11
D/BluetoothManagerService( 4122): Bluetooth State Change Intent: 10 -> 11
D/Telecom ( 4762): BluetoothPhoneService: Bluetooth Adapter state: 11
D/BluetoothBondStateMachine( 5058): make
I/BluetoothBondStateMachine( 5058): StableState(): Entering Off State
D/BluetoothAdapterService( 5058): checkA2dpState: isA2dpSinkEnabled = false
E/BluetoothAdapterService( 5058): checkA2dpState: returning
D/BluetoothAdapterService( 5058): checkHidState: isHidDev = false
E/BluetoothAdapterService( 5058): checkHidState: returning
D/BluetoothAdapterService( 5058): checkHfpState: isHfpClientEnabled = false
E/BluetoothAdapterService( 5058): checkHfpState: returning
D/BluetoothHeadset( 4122): Proxy object connected
D/BluetoothHeadset( 4762): Proxy object connected
D/HeadsetService( 5058): Received start request. Starting profile...
D/BluetoothHeadset( 4762): Proxy object connected
I/BluetoothHeadsetServiceJni( 5058): classInitNative: succeeds
D/HeadsetStateMachine( 5058): Version 1.5
I/BluetoothAdapterService( 5058): skipping com.android.bluetooth.hid.HidDevService (disabled)
D/HeadsetStateMachine( 5058): make
I/BluetoothAdapterState( 5058): Entering PendingCommandState State: isTurningOn()=true, isTurningOff()=false
D/HeadsetStateMachine( 5058): max_hf_connections = 1
I/bluedroid( 5058): get_profile_interface handsfree
D/Telecom ( 4762): BluetoothPhoneService: Binding service
D/HeadsetStateMachine( 5058): Enter Disconnected: -2, size: 0
D/BluetoothAdapterService( 5058): getAdapterService() - returning com.android.bluetooth.btservice.AdapterService@3970be35
D/BluetoothA2dp( 4122): Proxy object connected
D/A2dpService( 5058): Received start request. Starting profile...
I/bluedroid( 5058): get_profile_interface avrcp
V/AudioService( 4122): updateRemoteControllerOnExistingMediaPlayers: size of Player list: 0
E/AudioService( 4122): No RCC entry present to update
E/RemoteController( 5058): Cannot set synchronization mode on an unregistered RemoteController
I/BluetoothA2dpServiceJni( 5058): classInitNative: succeeds
D/A2dpStateMachine( 5058): make
I/bluedroid( 5058): get_profile_interface a2dp
I/GKI_LINUX( 5058): gki_task_entry task_id=2 [A2DP-MEDIA] starting
D/bt-btif ( 5058): btif_av_state_idle_handler event:BTIF_SM_ENTER_EVT flags 0
D/A2dpService( 5058): setA2dpService(): set to: null
D/BluetoothAdapterService( 5058): getAdapterService() - returning com.android.bluetooth.btservice.AdapterService@3970be35
D/A2dpStateMachine( 5058): Enter Disconnected: -2
I/BluetoothHidServiceJni( 5058): classInitNative: succeeds
D/BluetoothInputDevice( 4867): Proxy object connected
D/HidService( 5058): Received start request. Starting profile...
I/bluedroid( 5058): get_profile_interface hidhost
D/BluetoothAdapterService( 5058): getAdapterService() - returning com.android.bluetooth.btservice.AdapterService@3970be35
D/HidProfile( 4867): Bluetooth service connected
I/BluetoothHealthServiceJni( 5058): classInitNative: succeeds
D/HealthService( 5058): Received start request. Starting profile...
I/bluedroid( 5058): get_profile_interface health
D/BluetoothAdapterService( 5058): getAdapterService() - returning com.android.bluetooth.btservice.AdapterService@3970be35
I/BluetoothPanServiceJni( 5058): classInitNative(L105): succeeds
D/PanService( 5058): Received start request. Starting profile...
D/BluetoothPanServiceJni( 5058): initializeNative(L110): pan
I/bluedroid( 5058): get_profile_interface pan
D/BluetoothPan( 4867): BluetoothPAN Proxy object connected
D/PanProfile( 4867): Bluetooth service connected
D/BluetoothAdapterService( 5058): getAdapterService() - returning com.android.bluetooth.btservice.AdapterService@3970be35
D/BtGatt.GattService( 5058): classInitNative called
I/BtGatt.JNI( 5058): classInitNative(L863): classInitNative: Success!
D/BtGatt.DebugUtils( 5058): handleDebugAction() action=null
D/BtGatt.GattService( 5058): Received start request. Starting profile...
D/BtGatt.GattService( 5058): start()
I/bluedroid( 5058): get_profile_interface gatt
D/BtGatt.AdvertiseManager( 5058): advertise manager created
D/BluetoothAdapterService( 5058): getAdapterService() - returning com.android.bluetooth.btservice.AdapterService@3970be35
D/BluetoothMapService( 5058): inside BluetoothMapObexConnection
D/BluetoothMapService( 5058): supportedMessageTypes 14
D/BluetoothMapService( 5058): masId 0
D/BluetoothMapService( 5058): inside BluetoothMapObexConnection
D/BluetoothMapService( 5058): supportedMessageTypes 1
D/BluetoothMapService( 5058): masId 1
D/BluetoothMapService( 5058): Inside initBinder
D/BluetoothMapService( 5058): Received start request. Starting profile...
D/BluetoothMapService( 5058): start()
D/BluetoothMap( 4867): Proxy object connected
D/MapProfile( 4867): Bluetooth service connected
D/BluetoothMap( 4867): getConnectedDevices()
D/BluetoothMapService( 5058): Registering observer
D/BluetoothMap( 4867): Bluetooth is Not enabled
D/BluetoothAdapterService( 5058): getAdapterService() - returning com.android.bluetooth.btservice.AdapterService@3970be35
I/Telecom ( 4762): BluetoothPhoneService: queryPhoneState
D/Telecom ( 4762): BluetoothPhoneService: handleMessage(7) w/ param 0
I/Telecom ( 4762): BluetoothPhoneService: updateHeadsetWithCallState numActive 0, numHeld 0, callState 6, ringing number [da39a3ee5e6b4b0d3255bfef95601890afd80709], ringing type 128
W/BluetoothHeadset( 4762): Proxy not attached to service
D/BluetoothHeadset( 4762): java.lang.Throwable
D/BluetoothHeadset( 4762): 	at android.bluetooth.BluetoothHeadset.phoneStateChanged(BluetoothHeadset.java:826)
D/BluetoothHeadset( 4762): 	at com.android.server.telecom.BluetoothPhoneService.updateHeadsetWithCallState(BluetoothPhoneService.java:789)
D/BluetoothHeadset( 4762): 	at com.android.server.telecom.BluetoothPhoneService.access$800(BluetoothPhoneService.java:51)
D/BluetoothHeadset( 4762): 	at com.android.server.telecom.BluetoothPhoneService$2.handleMessage(BluetoothPhoneService.java:311)
D/BluetoothHeadset( 4762): 	at android.os.Handler.dispatchMessage(Handler.java:102)
D/BluetoothHeadset( 4762): 	at android.os.Looper.loop(Looper.java:135)
D/BluetoothHeadset( 4762): 	at android.app.ActivityThread.main(ActivityThread.java:5254)
D/BluetoothHeadset( 4762): 	at java.lang.reflect.Method.invoke(Native Method)
D/BluetoothHeadset( 4762): 	at java.lang.reflect.Method.invoke(Method.java:372)
D/BluetoothHeadset( 4762): 	at com.android.internal.os.ZygoteInit$MethodAndArgsCaller.run(ZygoteInit.java:898)
D/BluetoothHeadset( 4762): 	at com.android.internal.os.ZygoteInit.main(ZygoteInit.java:693)
D/HeadsetStateMachine( 5058): Disconnected process message: 10, size: 0
D/HeadsetPhoneState( 5058): sendDeviceStateChanged. mService=0 mSignal=0 mRoam=0 mBatteryCharge=4
V/BluetoothMapService( 5058): Handler(): got msg=1
D/HeadsetStateMachine( 5058): Disconnected process message: 11, size: 0
D/BluetoothAdapterState( 5058): CURRENT_STATE=PENDING, MESSAGE = STARTED, isTurningOn=true, isTurningOff=false
I/bluedroid( 5058): enable
I/bt_hci_bdroid( 5058): init
I/GKI_LINUX( 5058): gki_task_entry task_id=0 [BTU] starting
E/BTEventHandler( 5058): A4WP is not supported
I/bt-btu  ( 5058): btu_task pending for preload complete event
I/bt_vendor( 5058): init
I/bt_vnd_conf( 5058): Attempt to load conf from /etc/bluetooth/bt_vendor.conf
I/bt_vnd_conf( 5058): vnd_load_conf file >/etc/bluetooth/bt_vendor.conf< not found
D/bt_userial( 5058): userial_init
D/bt_vendor( 5058): op for 5
D/bt_vendor( 5058): op for 0
D/bt_upio ( 5058): upio_set_bluetooth_power(on: 1)
D/bt_upio ( 5058): is_emulator_context : 0
D/bt_upio ( 5058): is_rfkill_disabled ? [0]
D/bt_upio ( 5058): is_rfkill_disabled ? [0]
D/bt_vendor( 5058): op for 3
I/bt_userial_vendor( 5058): userial vendor open: opening /dev/ttySAC0
I/bt_userial_vendor( 5058): userial_vendor_open():UART is setup
I/bt_userial_vendor( 5058): device fd = 56 open
D/bt_vendor( 5058): op for 1
E/bt_hwcfg( 5058): Start CFG HW, HCI reset
D/bt_userial( 5058): Entering userial_read_thread()
E/bt_hwcfg( 5058): Read Local Name after HCI reset
D/ConnectivityService( 4122): Got NetworkFactory Messenger for Telephony
W/SurfaceFlinger( 3688): Ignoring duplicate VSYNC event from HWC (t=19260149460)
D/TelephonyProvider( 4782): dbh.onOpen: ok, queried table=siminfo
D/TelephonyProvider( 4782): dbh.onOpen: ok, queried table=carriers
D/bt_hwcfg( 5058): Chipset BCM4350C0
D/bt_hwcfg( 5058): Target name = [BCM4350C0]
E/bt_hwcfg( 5058): patchram path ORG . BCM4350C0
E/bt_hwcfg( 5058): patchram path ORG .. BCM4350C0
E/bt_hwcfg( 5058): patchram path ORG bcm4350_V0301.0562.hcd BCM4350C0
E/bt_hwcfg( 5058): patchram path ORG bcm4350_V0301.0563_wisol.hcd BCM4350C0
E/bt_hwcfg( 5058): patchram path ORG companion_2p2_master_setfile.bin BCM4350C0
E/bt_hwcfg( 5058): patchram path ORG companion_2p2_mode_setfile.bin BCM4350C0
E/bt_hwcfg( 5058): patchram path ORG companion_default_coef.bin BCM4350C0
E/bt_hwcfg( 5058): patchram path ORG companion_default_lsc.bin BCM4350C0
E/bt_hwcfg( 5058): patchram path ORG companion_fw_2p2_evt1.bin BCM4350C0
E/bt_hwcfg( 5058): patchram path ORG companion_fw_evt0.bin BCM4350C0
E/bt_hwcfg( 5058): patchram path ORG fimc_is_fw2.bin BCM4350C0
E/bt_hwcfg( 5058): patchram path ORG fimc_is_fw2_2p2.bin BCM4350C0
E/bt_hwcfg( 5058): patchram path ORG libpn547_fw.so BCM4350C0
E/bt_hwcfg( 5058): patchram path ORG mfc_fw.bin BCM4350C0
E/bt_hwcfg( 5058): patchram path ORG setfile_2p2.bin BCM4350C0
E/bt_hwcfg( 5058): patchram path ORG setfile_6b2.bin BCM4350C0
E/bt_hwcfg( 5058): patchram path ORG setfile_8b1.bin BCM4350C0
E/bt_hwcfg( 5058): fw ver (org)0.0
E/bt_hwcfg( 5058): vendor lib preload failed to locate firmware patch file
E/bt_hwcfg( 5058): Remove module rev, try again BCM4350
D/bt_hwcfg( 5058): Target name = [BCM4350]
E/bt_hwcfg( 5058): patchram path ORG . BCM4350
E/bt_hwcfg( 5058): patchram path ORG .. BCM4350
E/bt_hwcfg( 5058): patchram path ORG bcm4350_V0301.0562.hcd BCM4350
E/bt_hwcfg( 5058): patchram path ORG bcm4350_V0301.0563_wisol.hcd BCM4350
I/bt_hwcfg( 5058): patch(org) : bcm4350_V0301.0563_wisol.hcd
I/bt_hwcfg( 5058): Found patchfile: /vendor/firmware/bcm4350_V0301.0563_wisol.hcd
E/bt_hwcfg( 5058): ORG patchram base 0301
E/bt_hwcfg( 5058): ORG patchram minor 0563
E/bt_hwcfg( 5058): fw ver (org)301.563
E/bt_hwcfg( 5058): Final Patchram is /vendor/firmware/bcm4350_V0301.0563_wisol.hcd
I/bt_hwcfg( 5058): Axi patch failure or not include AXI patching
I/bt_hwcfg( 5058): bt vendor lib: set UART baud 3000000
I/ActivityManager( 4122): Start proc com.android.smspush for service com.android.smspush/.WapPushManager: pid=5196 uid=10055 gids={50055, 9997} abi=armeabi-v7a
D/GpsLocationProvider( 4122): received SIM realted action: android.intent.action.SIM_STATE_CHANGED
D/PhoneStatusBarPolicy( 4290): updateSimState for subId :-1
D/PhoneStatusBarPolicy( 4290): updateSimState for phoneId :0
D/PhoneStatusBarPolicy( 4290): updateSimState for Slot :-1
D/GpsLocationProvider( 4122): SIM MCC/MNC is still not available
D/DcSwitchState( 4782): [DcSwitchState-0] DcSwitchState constructor E
D/DcSwitchState( 4782): [DcSwitchState-0] DcSwitchState constructor X
D/BluetoothManagerService( 4122): Message: 20
D/BluetoothManagerService( 4122): Added callback: android.bluetooth.IBluetoothManagerCallback$Stub$Proxy@39ee7f18:true
D/BluetoothManagerService( 4122): Message: 30
I/Telephony( 4782): TtyManager: updateUiTtyMode -1 -> 0
D/ConnectivityService( 4122): Got NetworkFactory Messenger for WIFI
D/WIFI    ( 4122): got request NetworkRequest [ id=1, legacyType=-1, [ Capabilities: INTERNET&NOT_RESTRICTED&TRUSTED&NOT_VPN] ] with score 0
I/HeadsetService( 4740): Starting service.
I/ActivityManager( 4122): Start proc com.cyanogenmod.account for broadcast com.cyanogenmod.account/.receiver.BootReceiver: pid=5232 uid=10002 gids={50002, 9997, 3003} abi=armeabi-v7a
W/EffectsFactory( 3694): loadLibrary() failed to open /vendor/lib/liblvverx_3.20.03.so
W/EffectsFactory( 3694): loadLibrary() failed to open /vendor/lib/liblvvetx_3.20.03.so
W/linker  ( 3694): lib_SoundAlive_play_ver125e.so has text relocations. This is wasting memory and prevents security hardening. Please fix.
W/EffectsFactory( 3694): loadEffect() could not get library pre_processing
W/EffectsFactory( 3694): loadEffect() could not get library pre_processing
W/EffectsFactory( 3694): loadEffect() could not get library pre_processing
W/EffectsFactory( 3694): loadEffect() could not get library output_processing
W/EffectsFactory( 3694): loadEffect() could not get library output_processing
E/AudioFlinger( 3694): createEffect() unknown output thread
E/AudioEffect( 4740): set(): AudioFlinger could not create effect, status: -22
E/AudioEffects-JNI( 4740): AudioEffect initCheck failed -4
E/AudioEffect-JAVA( 4740): Error code -4 when initializing AudioEffect.
E/HeadsetService( 4740): Effect type: 0bed4300-ddd6-11db-8f34-0002a5d5c51b not supported.
E/HeadsetService( 4740): java.lang.IllegalArgumentException: Effect type: 0bed4300-ddd6-11db-8f34-0002a5d5c51b not supported.
E/HeadsetService( 4740): 	at android.media.audiofx.AudioEffect.<init>(AudioEffect.java:404)
E/HeadsetService( 4740): 	at android.media.audiofx.Equalizer.<init>(Equalizer.java:139)
E/HeadsetService( 4740): 	at org.cyanogenmod.audiofx.HeadsetService$EffectSet.<init>(HeadsetService.java:87)
E/HeadsetService( 4740): 	at org.cyanogenmod.audiofx.HeadsetService.saveDefaults(HeadsetService.java:414)
E/HeadsetService( 4740): 	at org.cyanogenmod.audiofx.HeadsetService.onCreate(HeadsetService.java:331)
E/HeadsetService( 4740): 	at android.app.ActivityThread.handleCreateService(ActivityThread.java:2760)
E/HeadsetService( 4740): 	at android.app.ActivityThread.access$1900(ActivityThread.java:147)
E/HeadsetService( 4740): 	at android.app.ActivityThread$H.handleMessage(ActivityThread.java:1379)
E/HeadsetService( 4740): 	at android.os.Handler.dispatchMessage(Handler.java:102)
E/HeadsetService( 4740): 	at android.os.Looper.loop(Looper.java:135)
E/HeadsetService( 4740): 	at android.app.ActivityThread.main(ActivityThread.java:5254)
E/HeadsetService( 4740): 	at java.lang.reflect.Method.invoke(Native Method)
E/HeadsetService( 4740): 	at java.lang.reflect.Method.invoke(Method.java:372)
E/HeadsetService( 4740): 	at com.android.internal.os.ZygoteInit$MethodAndArgsCaller.run(ZygoteInit.java:898)
E/HeadsetService( 4740): 	at com.android.internal.os.ZygoteInit.main(ZygoteInit.java:693)
I/HeadsetService( 4740): Stopping service.
D/KeyguardUpdateMonitor( 4290): ACTION_SERVICE_STATE_CHANGED on sub: -1 mServiceState: 1 1 home null null null  Unknown Unknown CSS not supported -1 -1 RoamInd=-1 DefRoamInd=-1 EmergOnly=false
D/TelephonyNetworkFactory-1( 4782): got request NetworkRequest [ id=1, legacyType=-1, [ Capabilities: INTERNET&NOT_RESTRICTED&TRUSTED&NOT_VPN] ] with score 0
D/TelephonyDebugService( 4782): TelephonyDebugService()
D/WifiService( 4122): New client listening to asynchronous messages
D/BluetoothHeadset( 4782): Proxy object connected
D/Telephony( 4782): TtyManager: setTTYMode exception: com.android.internal.telephony.CommandException: RADIO_NOT_AVAILABLE
V/OtaStartupReceiver( 4782): onOtaspChanged: mOtaspMode=1
D/GpsLocationProvider( 4122): received SIM realted action: android.intent.action.ACTION_SUBINFO_RECORD_UPDATED
D/GpsLocationProvider( 4122): SIM MCC/MNC is still not available
D/Telephony( 4782): TtyManager: queryTTYMode exception: com.android.internal.telephony.CommandException: RADIO_NOT_AVAILABLE
I/Telephony( 4782): : SUBINFO_RECORD_UPDATED : 4.
D/Telephony( 4782): TelecomAccountRegistry: Found 1 phones.  Attempting to register.
D/Telephony( 4782): TelecomAccountRegistry: Phone with subscription id -1
E/PhoneInterfaceManager( 4782): [PhoneIntfMgr] getIccId: No UICC
D/Telephony( 4782): AccountEntry: Registered phoneAccount: android.telecom.PhoneAccount@3000e4ea with handle: ComponentInfo{com.android.phone/com.android.services.telephony.TelephonyConnectionService}, E
I/Telephony( 4782): PstnIncomingCallNotifier: Registering: Handler (com.android.internal.telephony.gsm.GSMPhone) {77fefcf}
I/ActivityManager( 4122): Start proc com.cyanogenmod.updater for broadcast com.cyanogenmod.updater/.receiver.UpdateCheckReceiver: pid=5264 uid=10003 gids={50003, 9997, 3003, 1028, 1015, 2001} abi=armeabi-v7a
D/Telephony( 4782): PstnPhoneCapabilitiesNotifier: Registering: Handler (com.android.internal.telephony.gsm.GSMPhone) {77fefcf}
D/CallNotifier( 4782): onReceive... 
D/TelephonyNetworkFactory-1( 4782): update networkCapabilites for subId = -1
D/TelephonyNetworkFactory-1( 4782): INTERNET capability is removed from subId = -1
D/TelephonyNetworkFactory-1( 4782): Ready to handle network requests
I/MmsService( 4782): mReceiver action: android.intent.action.ACTION_SUBINFO_RECORD_UPDATED
I/MmsService( 4782): MmsConfigManager.loadInBackground(): mcc/mnc: 0/0
E/MmsService( 4782): MmsConfigManager.load -- empty getActiveSubInfoList
D/Telephony( 4782): PstnPhoneCapabilitiesNotifier: handleVideoCapabilitesChanged. Video capability - false
D/Telephony( 4782): PstnPhoneCapabilitiesNotifier: handleVideoCapabilitesChanged. Exception=java.lang.NullPointerException: Attempt to invoke virtual method 'int android.telecom.PhoneAccount.getCapabilities()' on a null object reference
I/bt_hwcfg( 5058): bt vendor lib: set UART baud 115200
I/bt_hwcfg( 5058): FW Download delta = 607069
D/bt_hwcfg( 5058): Settlement delay -- 100 ms
I/bt_hwcfg( 5058): Setting fw settlement delay to 100 
I/UpdateCheckReceiver( 5264): Scheduling future, repeating update checks.
I/ActivityManager( 4122): Start proc com.android.providers.calendar for broadcast com.android.providers.calendar/.CalendarReceiver: pid=5294 uid=10004 gids={50004, 9997, 3003, 1028, 1015} abi=armeabi-v7a
I/UpdateCheckService( 5264): Could not check for updates. Not connected to the network.
I/bt_hwcfg( 5058): bt vendor lib: set UART baud 3000000
W/ResourcesManager( 5294): Asset path '/system/framework/android.test.runner.jar' does not exist or contains no resources.
I/bt_hwcfg( 5058): vendor lib fwcfg completed
I/bt-btu  ( 5058): btu_task received preload complete event
W/bt-l2cap( 5058): L2CAP - L2CA_Register() called for PSM: 0x0001
W/bt-l2cap( 5058): L2CAP - L2CA_Register() called for PSM: 0x001f
W/bt-l2cap( 5058): L2CAP - L2CA_Register() called for PSM: 0x0003
W/bt-l2cap( 5058): L2CAP - L2CA_Register() called for PSM: 0x1487
I/        ( 5058): BTE_InitTraceLevels -- TRC_HCI
