W/ip6tables( 6321): type=1300 audit(0.0:2331): arch=40000028 syscall=294 per=800000 success=yes exit=0 a0=4 a1=29 a2=40 a3=b6c32400 items=0 ppid=6172 auid=4294967295 uid=0 gid=0 euid=0 suid=0 fsuid=0 egid=0 sgid=0 fsgid=0 ses=4294967295 tty=(none) exe="/system/bin/ip6tables" subj=u:r:netd:s0 key=(null)
W/auditd  ( 3581): type=1320 audit(0.0:2331): 
W/auditd  ( 3581): type=1325 audit(0.0:2332): table=raw family=2 entries=6
W/iptables( 6322): type=1300 audit(0.0:2332): arch=40000028 syscall=294 per=800000 success=yes exit=0 a0=4 a1=0 a2=40 a3=b6c20400 items=0 ppid=6172 auid=4294967295 uid=0 gid=0 euid=0 suid=0 fsuid=0 egid=0 sgid=0 fsgid=0 ses=4294967295 tty=(none) exe="/system/bin/iptables" subj=u:r:netd:s0 key=(null)
W/auditd  ( 3581): type=1320 audit(0.0:2332): 
W/auditd  ( 3581): type=1325 audit(0.0:2333): table=raw family=10 entries=6
W/ip6tables( 6323): type=1300 audit(0.0:2333): arch=40000028 syscall=294 per=800000 success=yes exit=0 a0=4 a1=29 a2=40 a3=b6c31800 items=0 ppid=6172 auid=4294967295 uid=0 gid=0 euid=0 suid=0 fsuid=0 egid=0 sgid=0 fsgid=0 ses=4294967295 tty=(none) exe="/system/bin/ip6tables" subj=u:r:netd:s0 key=(null)
I/ServiceManager( 6175): Waiting for service batterystats...
V/NatController( 6172): runCmd(/system/bin/iptables -F natctrl_FORWARD) res=0
V/NatController( 6172): runCmd(/system/bin/iptables -A natctrl_FORWARD -j DROP) res=0
V/NatController( 6172): runCmd(/system/bin/iptables -t nat -F natctrl_nat_POSTROUTING) res=0
V/NatController( 6172): runCmd(/system/bin/iptables -F natctrl_tether_counters) res=0
I/DEBUG   ( 3586): 
I/DEBUG   ( 3586): Tombstone written to: /data/tombstones/tombstone_01
V/NatController( 6172): runCmd(/system/bin/iptables -X natctrl_tether_counters) res=0
V/NatController( 6172): runCmd(/system/bin/iptables -N natctrl_tether_counters) res=0
V/NatController( 6172): runCmd(/system/bin/iptables -t mangle -A natctrl_mangle_FORWARD -p tcp --tcp-flags SYN SYN -j TCPMSS --clamp-mss-to-pmtu) res=0
I/ServiceManager( 3570): service 'SurfaceFlinger' died
I/ServiceManager( 3570): service 'Exynos.HWCService' died
I/ServiceManager( 3570): service 'media.wifi_display' died
I/ServiceManager( 3570): service 'media.audio_flinger' died
W/init    ( 6380): type=1400 audit(0.0:2387): avc: denied { entrypoint } for path="/system/bin/auditd" dev="mmcblk0p18" ino=173 scontext=u:r:logd:s0 tcontext=u:object_r:system_file:s0 tclass=file
W/init    ( 6380): type=1300 audit(0.0:2387): arch=40000028 syscall=11 per=800000 success=no exit=-13 a0=b6d80954 a1=b6d65770 a2=57e64 a3=ff0000 items=1 ppid=1 auid=4294967295 uid=0 gid=0 euid=0 suid=0 fsuid=0 egid=0 sgid=0 fsgid=0 ses=4294967295 tty=(none) exe="/init" subj=u:r:init:s0 key=(null)
W/auditd  ( 3581): type=1307 audit(0.0:2387): cwd="/"
W/auditd  ( 3581): type=1302 audit(0.0:2387): item=0 name="/system/bin/auditd" inode=173 dev=103:0a mode=0100755 ouid=0 ogid=2000 rdev=00:00 obj=u:object_r:system_file:s0
W/auditd  ( 3581): type=1320 audit(0.0:2387): 
I/Netd    ( 6381): Netd 1.0 starting
E/Netd    ( 6381): Failed to open /proc/sys/net/ipv6/conf/default/accept_ra_rt_table: No such file or directory
E/Netd    ( 6381): Failed to open /proc/sys/net/ipv6/conf/ip6tnl0/accept_ra_rt_table: No such file or directory
E/Netd    ( 6381): Failed to open /proc/sys/net/ipv6/conf/lo/accept_ra_rt_table: No such file or directory
E/Netd    ( 6381): Failed to open /proc/sys/net/ipv6/conf/rmnet0/accept_ra_rt_table: No such file or directory
E/Netd    ( 6381): Failed to open /proc/sys/net/ipv6/conf/rmnet1/accept_ra_rt_table: No such file or directory
E/Netd    ( 6381): Failed to open /proc/sys/net/ipv6/conf/rmnet2/accept_ra_rt_table: No such file or directory
E/Netd    ( 6381): Failed to open /proc/sys/net/ipv6/conf/rmnet3/accept_ra_rt_table: No such file or directory
E/Netd    ( 6381): Failed to open /proc/sys/net/ipv6/conf/sit0/accept_ra_rt_table: No such file or directory
W/auditd  ( 3581): type=1325 audit(0.0:2388): table=filter family=2 entries=40
W/iptables( 6387): type=1300 audit(0.0:2388): arch=40000028 syscall=294 per=800000 success=yes exit=0 a0=4 a1=0 a2=40 a3=b6c25000 items=0 ppid=6381 auid=4294967295 uid=0 gid=0 euid=0 suid=0 fsuid=0 egid=0 sgid=0 fsgid=0 ses=4294967295 tty=(none) exe="/system/bin/iptables" subj=u:r:netd:s0 key=(null)
W/auditd  ( 3581): type=1320 audit(0.0:2388): 
W/auditd  ( 3581): type=1325 audit(0.0:2389): table=filter family=10 entries=37
W/ip6tables( 6388): type=1300 audit(0.0:2389): arch=40000028 syscall=294 per=800000 success=yes exit=0 a0=4 a1=29 a2=40 a3=b6c28000 items=0 ppid=6381 auid=4294967295 uid=0 gid=0 euid=0 suid=0 fsuid=0 egid=0 sgid=0 fsgid=0 ses=4294967295 tty=(none) exe="/system/bin/ip6tables" subj=u:r:netd:s0 key=(null)
W/auditd  ( 3581): type=1320 audit(0.0:2389): 
I/SurfaceFlinger( 6383): SurfaceFlinger is starting
I/SurfaceFlinger( 6383): SurfaceFlinger's main thread ready to run. Initializing graphics H/W...
W/auditd  ( 3581): type=1325 audit(0.0:2390): table=filter family=2 entries=39
W/iptables( 6389): type=1300 audit(0.0:2390): arch=40000028 syscall=294 per=800000 success=yes exit=0 a0=4 a1=0 a2=40 a3=b6c22000 items=0 ppid=6381 auid=4294967295 uid=0 gid=0 euid=0 suid=0 fsuid=0 egid=0 sgid=0 fsgid=0 ses=4294967295 tty=(none) exe="/system/bin/iptables" subj=u:r:netd:s0 key=(null)
W/auditd  ( 3581): type=1320 audit(0.0:2390): 
W/auditd  ( 3581): type=1325 audit(0.0:2391): table=filter family=10 entries=36
W/ip6tables( 6394): type=1300 audit(0.0:2391): arch=40000028 syscall=294 per=800000 success=yes exit=0 a0=4 a1=29 a2=40 a3=b6c23000 items=0 ppid=6381 auid=4294967295 uid=0 gid=0 euid=0 suid=0 fsuid=0 egid=0 sgid=0 fsgid=0 ses=4294967295 tty=(none) exe="/system/bin/ip6tables" subj=u:r:netd:s0 key=(null)
W/auditd  ( 3581): type=1320 audit(0.0:2391): 
D/libEGL  ( 6383): loaded /vendor/lib/egl/libGLES_mali.so
W/auditd  ( 3581): type=1325 audit(0.0:2392): table=filter family=2 entries=39
W/iptables( 6395): type=1300 audit(0.0:2392): arch=40000028 syscall=294 per=800000 success=yes exit=0 a0=4 a1=0 a2=40 a3=b6c22000 items=0 ppid=6381 auid=4294967295 uid=0 gid=0 euid=0 suid=0 fsuid=0 egid=0 sgid=0 fsgid=0 ses=4294967295 tty=(none) exe="/system/bin/iptables" subj=u:r:netd:s0 key=(null)
W/auditd  ( 3581): type=1320 audit(0.0:2392): 
I/        ( 6383): PLATFORM VERSION : JB-MR-2
I/mediaserver( 6384): ServiceManager: 0xb60500c0
I/AudioFlinger( 6384): Using default 3000 mSec as standby time.
I/ServiceManager( 6384): Waiting for service batterystats...
D/AndroidRuntime( 6386): 
D/AndroidRuntime( 6386): >>>>>> AndroidRuntime START com.android.internal.os.ZygoteInit <<<<<<
D/AndroidRuntime( 6386): CheckJNI is OFF
I/art     ( 6386): option[0]=-Xzygote
I/art     ( 6386): option[1]=-Xstacktracefile:/data/anr/traces.txt
I/art     ( 6386): option[2]=exit
I/art     ( 6386): option[3]=vfprintf
I/art     ( 6386): option[4]=sensitiveThread
I/art     ( 6386): option[5]=-verbose:gc
I/art     ( 6386): option[6]=-Xms8m
I/art     ( 6386): option[7]=-Xmx512m
I/art     ( 6386): option[8]=-XX:mainThreadStackSize=24K
I/art     ( 6386): option[9]=-XX:HeapGrowthLimit=128m
I/art     ( 6386): option[10]=-XX:HeapMinFree=2m
I/art     ( 6386): option[11]=-XX:HeapMaxFree=8m
I/art     ( 6386): option[12]=-XX:HeapTargetUtilization=0.75
I/art     ( 6386): option[13]=-agentlib:jdwp=transport=dt_android_adb,suspend=n,server=y
I/art     ( 6386): option[14]=-Xlockprofthreshold:500
I/art     ( 6386): option[15]=-Ximage-compiler-option
I/art     ( 6386): option[16]=--runtime-arg
I/art     ( 6386): option[17]=-Ximage-compiler-option
I/art     ( 6386): option[18]=-Xms64m
I/art     ( 6386): option[19]=-Ximage-compiler-option
I/art     ( 6386): option[20]=--runtime-arg
I/art     ( 6386): option[21]=-Ximage-compiler-option
I/art     ( 6386): option[22]=-Xmx64m
I/art     ( 6386): option[23]=-Ximage-compiler-option
I/art     ( 6386): option[24]=--image-classes-zip=/system/framework/framework.jar
I/art     ( 6386): option[25]=-Ximage-compiler-option
I/art     ( 6386): option[26]=--image-classes=preloaded-classes
I/art     ( 6386): option[27]=-Xcompiler-option
I/art     ( 6386): option[28]=--runtime-arg
I/art     ( 6386): option[29]=-Xcompiler-option
I/art     ( 6386): option[30]=-Xms64m
I/art     ( 6386): option[31]=-Xcompiler-option
I/art     ( 6386): option[32]=--runtime-arg
I/art     ( 6386): option[33]=-Xcompiler-option
I/art     ( 6386): option[34]=-Xmx512m
I/art     ( 6386): option[35]=-Duser.language=es
I/art     ( 6386): option[36]=-Duser.region=US
I/art     ( 6386): Pruning dalvik-cache since we are generating an image and will need to recompile
W/art     ( 6386): Unexpected file type of 
W/art     ( 6386):  encountered.
I/art     ( 6386): Using an offset of 0xff2bc000 from default art base address of 0x70000000
I/art     ( 6386): GenerateImage: /system/bin/dex2oat --image=/data/dalvik-cache/arm/system@framework@boot.art --dex-file=/system/framework/core-libart.jar --dex-file=/system/framework/conscrypt.jar --dex-file=/system/framework/okhttp.jar --dex-file=/system/framework/core-junit.jar --dex-file=/system/framework/bouncycastle.jar --dex-file=/system/framework/ext.jar --dex-file=/system/framework/framework.jar --dex-file=/system/framework/telephony-common.jar --dex-file=/system/framework/voip-common.jar --dex-file=/system/framework/ims-common.jar --dex-file=/system/framework/mms-common.jar --dex-file=/system/framework/android.policy.jar --dex-file=/system/framework/apache-xml.jar --oat-file=/data/dalvik-cache/arm/system@framework@boot.oat --instruction-set=arm --instruction-set-features=div --base=0x6f2bc000 --runtime-arg -Xms64m --runtime-arg -Xmx64m --image-classes-zip=/system/framework/framework.jar --image-classes=preloaded-classes
I/gralloc ( 6383): using (fd=12)
I/gralloc ( 6383): id           = 
I/gralloc ( 6383): xres         = 1080 px
I/gralloc ( 6383): yres         = 1920 px
I/gralloc ( 6383): xres_virtual = 1080 px
I/gralloc ( 6383): yres_virtual = 3840 px
I/gralloc ( 6383): bpp          = 32
I/gralloc ( 6383): r            = 16:8
I/gralloc ( 6383): g            =  8:8
I/gralloc ( 6383): b            =  0:8
I/gralloc ( 6383): width        = 65 mm (422.030762 dpi)
I/gralloc ( 6383): height       = 115 mm (424.069580 dpi)
I/gralloc ( 6383): refresh rate = 60.00 Hz
W/art     ( 6386): Unexpected file type of 
W/art     ( 6386):  encountered.
W/art     ( 6386): Could not create image space with image file '/system/framework/boot.art'. Attempting to fall back to imageless running. Error was: Failed to generate image '/data/dalvik-cache/arm/system@framework@boot.art': Failed execv(/system/bin/dex2oat --image=/data/dalvik-cache/arm/system@framework@boot.art --dex-file=/system/framework/core-libart.jar --dex-file=/system/framework/conscrypt.jar --dex-file=/system/framework/okhttp.jar --dex-file=/system/framework/core-junit.jar --dex-file=/system/framework/bouncycastle.jar --dex-file=/system/framework/ext.jar --dex-file=/system/framework/framework.jar --dex-file=/system/framework/telephony-common.jar --dex-file=/system/framework/voip-common.jar --dex-file=/system/framework/ims-common.jar --dex-file=/system/framework/mms-common.jar --dex-file=/system/framework/android.policy.jar --dex-file=/system/framework/apache-xml.jar --oat-file=/data/dalvik-cache/arm/system@framework@boot.oat --instruction-set=arm --instruction-set-features=div --base=0x6f2bc000 --runtime-arg -Xms64
D/hwcomposer( 6383): using
D/hwcomposer( 6383): xres         = 1080 px
D/hwcomposer( 6383): yres         = 1920 px
D/hwcomposer( 6383): width        = 65 mm (422.030000 dpi)
D/hwcomposer( 6383): height       = 115 mm (424.069000 dpi)
D/hwcomposer( 6383): refresh rate = 60 Hz
E/libexynosv4l2-subdev( 6383): no subdev device found
E/hdmi    ( 6383): failed to open hdmi mixer0 subdev
E/hwcomposer( 6383): openHdmi fail
I/hwcomposer( 6383): PSR info devname = /sys/devices/14400000.fimd_fb/psr_info
I/hwcomposer( 6383): PSR mode is 2(0: video mode, 1: DP PSR mode, 2: MIPI-DSI command mode)
I/SurfaceFlinger( 6383): Using composer version 1.3
I/SurfaceFlinger( 6383): EGL information:
I/SurfaceFlinger( 6383): vendor    : Android
I/SurfaceFlinger( 6383): version   : 1.4 Android META-EGL
I/SurfaceFlinger( 6383): extensions: EGL_KHR_get_all_proc_addresses EGL_ANDROID_presentation_time EGL_KHR_image EGL_KHR_image_base EGL_KHR_gl_texture_2D_image EGL_KHR_gl_texture_cubemap_image EGL_KHR_gl_renderbuffer_image EGL_KHR_fence_sync EGL_KHR_create_context EGL_ANDROID_image_native_buffer EGL_KHR_wait_sync EGL_ANDROID_recordable 
I/SurfaceFlinger( 6383): Client API: OpenGL_ES
I/SurfaceFlinger( 6383): EGLSurface: 8-8-8-8, config=0xb69cf2ac
I/SurfaceFlinger( 6383): OpenGL ES informations:
I/SurfaceFlinger( 6383): vendor    : ARM
I/SurfaceFlinger( 6383): renderer  : Mali-T628
I/SurfaceFlinger( 6383): version   : OpenGL ES 3.0
I/SurfaceFlinger( 6383): extensions: GL_EXT_debug_marker GL_ARM_rgba8 GL_ARM_mali_shader_binary GL_OES_depth24 GL_OES_depth_texture GL_OES_depth_texture_cube_map GL_OES_packed_depth_stencil GL_OES_rgb8_rgba8 GL_EXT_read_format_bgra GL_OES_compressed_paletted_texture GL_OES_compressed_ETC1_RGB8_texture GL_OES_standard_derivatives GL_OES_EGL_image GL_OES_EGL_image_external GL_OES_EGL_sync GL_OES_texture_npot GL_OES_vertex_half_float GL_OES_required_internalformat GL_OES_vertex_array_object GL_OES_mapbuffer GL_EXT_texture_format_BGRA8888 GL_EXT_texture_rg GL_EXT_texture_type_2_10_10_10_REV GL_OES_fbo_render_mipmap GL_OES_element_index_uint GL_EXT_shadow_samplers GL_OES_texture_compression_astc GL_KHR_texture_compression_astc_ldr GL_KHR_texture_compression_astc_hdr GL_KHR_debug GL_EXT_occlusion_query_boolean GL_EXT_blend_minmax GL_EXT_discard_framebuffer GL_OES_get_program_binary GL_OES_texture_3D GL_EXT_texture_storage GL_EXT_multisampled_render_to_texture GL_OES_surfaceless_context GL_ARM_mali_program_binary 
I/SurfaceFlinger( 6383): GL_MAX_TEXTURE_SIZE = 8192
I/SurfaceFlinger( 6383): GL_MAX_VIEWPORT_DIMS = 8192
E/libEGL  ( 6383): eglQuerySurface:607 error 300d (EGL_BAD_SURFACE)
E/libEGL  ( 6383): eglQuerySurface:607 error 300d (EGL_BAD_SURFACE)
E/libEGL  ( 6383): call to OpenGL ES API with no current context (logged once per thread)
D/SurfaceFlinger( 6383): Set power mode=2, type=0 flinger=0xb6962000
I/hwcomposer( 6383): int exynos5_blank(hwc_composer_device_1*, int, int):: disp(0), blank(0)
I/hwcomposer( 6383): unblank ioctl failed (display already unblanked)
E/libEGL  ( 6383): eglSwapBuffers:1071 error 300d (EGL_BAD_SURFACE)
F/SurfaceFlinger( 6383): eglSwapBuffers(0x1, 0x0) failed with 0x0000300d
F/libc    ( 6383): Fatal signal 6 (SIGABRT), code -6 in tid 6383 (surfaceflinger)
I/DEBUG   ( 3586): property debug.db.uid not set; NOT waiting for gdb.
I/DEBUG   ( 3586): HINT: adb shell setprop debug.db.uid 100000
I/DEBUG   ( 3586): HINT: adb forward tcp:5039 tcp:5039
I/DEBUG   ( 3586): *** *** *** *** *** *** *** *** *** *** *** *** *** *** *** ***
I/DEBUG   ( 3586): Build fingerprint: 'samsung/cm_k3gxx/k3gxx:5.0.2/LRX22G/88e55c58ed:userdebug/test-keys'
I/DEBUG   ( 3586): Revision: '10'
I/DEBUG   ( 3586): ABI: 'arm'
I/DEBUG   ( 3586): pid: 6383, tid: 6383, name: surfaceflinger  >>> /system/bin/surfaceflinger <<<
I/DEBUG   ( 3586): signal 6 (SIGABRT), code -6 (SI_TKILL), fault addr --------
I/DEBUG   ( 3586): Abort message: 'eglSwapBuffers(0x1, 0x0) failed with 0x0000300d'
I/DEBUG   ( 3586):     r0 00000000  r1 000018ef  r2 00000006  r3 00000000
I/DEBUG   ( 3586):     r4 b6f15114  r5 00000006  r6 0000000b  r7 0000010c
I/DEBUG   ( 3586):     r8 00000000  r9 bedf8bd0  sl b6954210  fp bedf8bd0
I/DEBUG   ( 3586):     ip 000018ef  sp bedf8650  lr b6e9f7b9  pc b6ec34e4  cpsr 600f0010
I/DEBUG   ( 3586): 
I/DEBUG   ( 3586): backtrace:
I/DEBUG   ( 3586):     #00 pc 000384e4  /system/lib/libc.so (tgkill+12)
I/DEBUG   ( 3586):     #01 pc 000147b5  /system/lib/libc.so (pthread_kill+52)
I/DEBUG   ( 3586):     #02 pc 0001550b  /system/lib/libc.so (raise+10)
I/DEBUG   ( 3586):     #03 pc 00011c35  /system/lib/libc.so (__libc_android_abort+36)
I/DEBUG   ( 3586):     #04 pc 0000fcb8  /system/lib/libc.so (abort+4)
I/DEBUG   ( 3586):     #05 pc 00007739  /system/lib/libcutils.so (__android_log_assert+88)
I/DEBUG   ( 3586):     #06 pc 0000f4df  /system/lib/libsurfaceflinger.so
I/DEBUG   ( 3586):     #07 pc 0001b9fd  /system/lib/libsurfaceflinger.so
I/DEBUG   ( 3586):     #08 pc 0001abe7  /system/lib/libsurfaceflinger.so
I/DEBUG   ( 3586):     #09 pc 00019fc3  /system/lib/libsurfaceflinger.so
I/DEBUG   ( 3586):     #10 pc 00019d49  /system/lib/libsurfaceflinger.so
I/DEBUG   ( 3586):     #11 pc 00010ed3  /system/lib/libutils.so (android::Looper::pollInner(int)+410)
I/DEBUG   ( 3586):     #12 pc 00010fc5  /system/lib/libutils.so (android::Looper::pollOnce(int, int*, int*, void**)+92)
I/DEBUG   ( 3586):     #13 pc 000174c5  /system/lib/libsurfaceflinger.so
I/DEBUG   ( 3586):     #14 pc 0001993d  /system/lib/libsurfaceflinger.so (android::SurfaceFlinger::run()+8)
I/DEBUG   ( 3586):     #15 pc 0000083d  /system/bin/surfaceflinger
I/DEBUG   ( 3586):     #16 pc 0000fb75  /system/lib/libc.so (__libc_init+44)
I/DEBUG   ( 3586):     #17 pc 000008d8  /system/bin/surfaceflinger
W/auditd  ( 3581): type=1325 audit(0.0:2520): table=raw family=2 entries=8
W/iptables( 6527): type=1300 audit(0.0:2520): arch=40000028 syscall=294 per=800000 success=yes exit=0 a0=4 a1=0 a2=40 a3=b6c1ba00 items=0 ppid=6381 auid=4294967295 uid=0 gid=0 euid=0 suid=0 fsuid=0 egid=0 sgid=0 fsgid=0 ses=4294967295 tty=(none) exe="/system/bin/iptables" subj=u:r:netd:s0 key=(null)
W/auditd  ( 3581): type=1320 audit(0.0:2520): 
W/auditd  ( 3581): type=1325 audit(0.0:2521): table=raw family=10 entries=8
W/ip6tables( 6528): type=1300 audit(0.0:2521): arch=40000028 syscall=294 per=800000 success=yes exit=0 a0=4 a1=29 a2=40 a3=b6c32800 items=0 ppid=6381 auid=4294967295 uid=0 gid=0 euid=0 suid=0 fsuid=0 egid=0 sgid=0 fsgid=0 ses=4294967295 tty=(none) exe="/system/bin/ip6tables" subj=u:r:netd:s0 key=(null)
W/auditd  ( 3581): type=1320 audit(0.0:2521): 
W/auditd  ( 3581): type=1325 audit(0.0:2522): table=raw family=2 entries=8
W/iptables( 6529): type=1300 audit(0.0:2522): arch=40000028 syscall=294 per=800000 success=yes exit=0 a0=4 a1=0 a2=40 a3=b6c30100 items=0 ppid=6381 auid=4294967295 uid=0 gid=0 euid=0 suid=0 fsuid=0 egid=0 sgid=0 fsgid=0 ses=4294967295 tty=(none) exe="/system/bin/iptables" subj=u:r:netd:s0 key=(null)
W/auditd  ( 3581): type=1320 audit(0.0:2522): 
W/auditd  ( 3581): type=1325 audit(0.0:2523): table=raw family=10 entries=8
W/ip6tables( 6530): type=1300 audit(0.0:2523): arch=40000028 syscall=294 per=800000 success=yes exit=0 a0=4 a1=29 a2=40 a3=b6c32400 items=0 ppid=6381 auid=4294967295 uid=0 gid=0 euid=0 suid=0 fsuid=0 egid=0 sgid=0 fsgid=0 ses=4294967295 tty=(none) exe="/system/bin/ip6tables" subj=u:r:netd:s0 key=(null)
W/auditd  ( 3581): type=1320 audit(0.0:2523): 
W/auditd  ( 3581): type=1325 audit(0.0:2524): table=raw family=2 entries=6
W/iptables( 6531): type=1300 audit(0.0:2524): arch=40000028 syscall=294 per=800000 success=yes exit=0 a0=4 a1=0 a2=40 a3=b6c20400 items=0 ppid=6381 auid=4294967295 uid=0 gid=0 euid=0 suid=0 fsuid=0 egid=0 sgid=0 fsgid=0 ses=4294967295 tty=(none) exe="/system/bin/iptables" subj=u:r:netd:s0 key=(null)
W/auditd  ( 3581): type=1320 audit(0.0:2524): 
W/auditd  ( 3581): type=1325 audit(0.0:2525): table=raw family=10 entries=6
W/ip6tables( 6532): type=1300 audit(0.0:2525): arch=40000028 syscall=294 per=800000 success=yes exit=0 a0=4 a1=29 a2=40 a3=b6c31800 items=0 ppid=6381 auid=4294967295 uid=0 gid=0 euid=0 suid=0 fsuid=0 egid=0 sgid=0 fsgid=0 ses=4294967295 tty=(none) exe="/system/bin/ip6tables" subj=u:r:netd:s0 key=(null)
W/auditd  ( 3581): type=1320 audit(0.0:2525): 
W/auditd  ( 3581): type=1325 audit(0.0:2526): table=raw family=2 entries=8
W/iptables( 6533): type=1300 audit(0.0:2526): arch=40000028 syscall=294 per=800000 success=yes exit=0 a0=4 a1=0 a2=40 a3=b6c1ba00 items=0 ppid=6381 auid=4294967295 uid=0 gid=0 euid=0 suid=0 fsuid=0 egid=0 sgid=0 fsgid=0 ses=4294967295 tty=(none) exe="/system/bin/iptables" subj=u:r:netd:s0 key=(null)
I/ServiceManager( 6384): Waiting for service batterystats...
V/NatController( 6381): runCmd(/system/bin/iptables -F natctrl_FORWARD) res=0
V/NatController( 6381): runCmd(/system/bin/iptables -A natctrl_FORWARD -j DROP) res=0
V/NatController( 6381): runCmd(/system/bin/iptables -t nat -F natctrl_nat_POSTROUTING) res=0
V/NatController( 6381): runCmd(/system/bin/iptables -F natctrl_tether_counters) res=0
V/NatController( 6381): runCmd(/system/bin/iptables -X natctrl_tether_counters) res=0
V/NatController( 6381): runCmd(/system/bin/iptables -N natctrl_tether_counters) res=0
V/NatController( 6381): runCmd(/system/bin/iptables -t mangle -A natctrl_mangle_FORWARD -p tcp --tcp-flags SYN SYN -j TCPMSS --clamp-mss-to-pmtu) res=0
I/DEBUG   ( 3586): 
I/DEBUG   ( 3586): Tombstone written to: /data/tombstones/tombstone_02
I/ServiceManager( 3570): service 'SurfaceFlinger' died
I/ServiceManager( 3570): service 'Exynos.HWCService' died
I/ServiceManager( 3570): service 'media.wifi_display' died
I/ServiceManager( 3570): service 'media.audio_flinger' died
W/init    ( 6605): type=1400 audit(0.0:2589): avc: denied { entrypoint } for path="/system/bin/auditd" dev="mmcblk0p18" ino=173 scontext=u:r:logd:s0 tcontext=u:object_r:system_file:s0 tclass=file
W/init    ( 6605): type=1300 audit(0.0:2589): arch=40000028 syscall=11 per=800000 success=no exit=-13 a0=b6d80954 a1=b6d65770 a2=57e64 a3=ff0000 items=1 ppid=1 auid=4294967295 uid=0 gid=0 euid=0 suid=0 fsuid=0 egid=0 sgid=0 fsgid=0 ses=4294967295 tty=(none) exe="/init" subj=u:r:init:s0 key=(null)
W/auditd  ( 3581): type=1307 audit(0.0:2589): cwd="/"
W/auditd  ( 3581): type=1302 audit(0.0:2589): item=0 name="/system/bin/auditd" inode=173 dev=103:0a mode=0100755 ouid=0 ogid=2000 rdev=00:00 obj=u:object_r:system_file:s0
W/auditd  ( 3581): type=1320 audit(0.0:2589): 
I/Netd    ( 6606): Netd 1.0 starting
E/Netd    ( 6606): Failed to open /proc/sys/net/ipv6/conf/default/accept_ra_rt_table: No such file or directory
E/Netd    ( 6606): Failed to open /proc/sys/net/ipv6/conf/ip6tnl0/accept_ra_rt_table: No such file or directory
E/Netd    ( 6606): Failed to open /proc/sys/net/ipv6/conf/lo/accept_ra_rt_table: No such file or directory
E/Netd    ( 6606): Failed to open /proc/sys/net/ipv6/conf/rmnet0/accept_ra_rt_table: No such file or directory
E/Netd    ( 6606): Failed to open /proc/sys/net/ipv6/conf/rmnet1/accept_ra_rt_table: No such file or directory
E/Netd    ( 6606): Failed to open /proc/sys/net/ipv6/conf/rmnet2/accept_ra_rt_table: No such file or directory
E/Netd    ( 6606): Failed to open /proc/sys/net/ipv6/conf/rmnet3/accept_ra_rt_table: No such file or directory
E/Netd    ( 6606): Failed to open /proc/sys/net/ipv6/conf/sit0/accept_ra_rt_table: No such file or directory
I/SurfaceFlinger( 6608): SurfaceFlinger is starting
W/auditd  ( 3581): type=1325 audit(0.0:2590): table=filter family=2 entries=38
W/iptables( 6612): type=1300 audit(0.0:2590): arch=40000028 syscall=294 per=800000 success=yes exit=0 a0=4 a1=0 a2=40 a3=b6c25000 items=0 ppid=6606 auid=4294967295 uid=0 gid=0 euid=0 suid=0 fsuid=0 egid=0 sgid=0 fsgid=0 ses=4294967295 tty=(none) exe="/system/bin/iptables" subj=u:r:netd:s0 key=(null)
I/SurfaceFlinger( 6608): SurfaceFlinger's main thread ready to run. Initializing graphics H/W...
W/auditd  ( 3581): type=1320 audit(0.0:2590): 
W/auditd  ( 3581): type=1325 audit(0.0:2591): table=filter family=10 entries=35
W/ip6tables( 6616): type=1300 audit(0.0:2591): arch=40000028 syscall=294 per=800000 success=yes exit=0 a0=4 a1=29 a2=40 a3=b6c28000 items=0 ppid=6606 auid=4294967295 uid=0 gid=0 euid=0 suid=0 fsuid=0 egid=0 sgid=0 fsgid=0 ses=4294967295 tty=(none) exe="/system/bin/ip6tables" subj=u:r:netd:s0 key=(null)
W/auditd  ( 3581): type=1320 audit(0.0:2591): 
W/auditd  ( 3581): type=1325 audit(0.0:2592): table=filter family=2 entries=37
W/iptables( 6617): type=1300 audit(0.0:2592): arch=40000028 syscall=294 per=800000 success=yes exit=0 a0=4 a1=0 a2=40 a3=b6c22000 items=0 ppid=6606 auid=4294967295 uid=0 gid=0 euid=0 suid=0 fsuid=0 egid=0 sgid=0 fsgid=0 ses=4294967295 tty=(none) exe="/system/bin/iptables" subj=u:r:netd:s0 key=(null)
W/auditd  ( 3581): type=1320 audit(0.0:2592): 
D/libEGL  ( 6608): loaded /vendor/lib/egl/libGLES_mali.so
W/auditd  ( 3581): type=1325 audit(0.0:2593): table=filter family=10 entries=34
W/ip6tables( 6619): type=1300 audit(0.0:2593): arch=40000028 syscall=294 per=800000 success=yes exit=0 a0=4 a1=29 a2=40 a3=b6c23000 items=0 ppid=6606 auid=4294967295 uid=0 gid=0 euid=0 suid=0 fsuid=0 egid=0 sgid=0 fsgid=0 ses=4294967295 tty=(none) exe="/system/bin/ip6tables" subj=u:r:netd:s0 key=(null)
W/auditd  ( 3581): type=1320 audit(0.0:2593): 
W/auditd  ( 3581): type=1325 audit(0.0:2594): table=filter family=2 entries=37
W/iptables( 6620): type=1300 audit(0.0:2594): arch=40000028 syscall=294 per=800000 success=yes exit=0 a0=4 a1=0 a2=40 a3=b6c22000 items=0 ppid=6606 auid=4294967295 uid=0 gid=0 euid=0 suid=0 fsuid=0 egid=0 sgid=0 fsgid=0 ses=4294967295 tty=(none) exe="/system/bin/iptables" subj=u:r:netd:s0 key=(null)
W/auditd  ( 3581): type=1320 audit(0.0:2594): 
I/        ( 6608): PLATFORM VERSION : JB-MR-2
I/gralloc ( 6608): using (fd=12)
I/gralloc ( 6608): id           = 
I/gralloc ( 6608): xres         = 1080 px
I/gralloc ( 6608): yres         = 1920 px
I/gralloc ( 6608): xres_virtual = 1080 px
I/gralloc ( 6608): yres_virtual = 3840 px
I/gralloc ( 6608): bpp          = 32
I/gralloc ( 6608): r            = 16:8
I/gralloc ( 6608): g            =  8:8
I/gralloc ( 6608): b            =  0:8
I/gralloc ( 6608): width        = 65 mm (422.030762 dpi)
I/gralloc ( 6608): height       = 115 mm (424.069580 dpi)
I/gralloc ( 6608): refresh rate = 60.00 Hz
D/AndroidRuntime( 6611): 
D/AndroidRuntime( 6611): >>>>>> AndroidRuntime START com.android.internal.os.ZygoteInit <<<<<<
I/mediaserver( 6609): ServiceManager: 0xb61500c0
I/AudioFlinger( 6609): Using default 3000 mSec as standby time.
I/ServiceManager( 6609): Waiting for service batterystats...
D/AndroidRuntime( 6611): CheckJNI is OFF
I/art     ( 6611): option[0]=-Xzygote
I/art     ( 6611): option[1]=-Xstacktracefile:/data/anr/traces.txt
I/art     ( 6611): option[2]=exit
I/art     ( 6611): option[3]=vfprintf
I/art     ( 6611): option[4]=sensitiveThread
I/art     ( 6611): option[5]=-verbose:gc
I/art     ( 6611): option[6]=-Xms8m
I/art     ( 6611): option[7]=-Xmx512m
I/art     ( 6611): option[8]=-XX:mainThreadStackSize=24K
I/art     ( 6611): option[9]=-XX:HeapGrowthLimit=128m
I/art     ( 6611): option[10]=-XX:HeapMinFree=2m
I/art     ( 6611): option[11]=-XX:HeapMaxFree=8m
I/art     ( 6611): option[12]=-XX:HeapTargetUtilization=0.75
I/art     ( 6611): option[13]=-agentlib:jdwp=transport=dt_android_adb,suspend=n,server=y
I/art     ( 6611): option[14]=-Xlockprofthreshold:500
I/art     ( 6611): option[15]=-Ximage-compiler-option
I/art     ( 6611): option[16]=--runtime-arg
I/art     ( 6611): option[17]=-Ximage-compiler-option
I/art     ( 6611): option[18]=-Xms64m
I/art     ( 6611): option[19]=-Ximage-compiler-option
I/art     ( 6611): option[20]=--runtime-arg
I/art     ( 6611): option[21]=-Ximage-compiler-option
I/art     ( 6611): option[22]=-Xmx64m
I/art     ( 6611): option[23]=-Ximage-compiler-option
I/art     ( 6611): option[24]=--image-classes-zip=/system/framework/framework.jar
I/art     ( 6611): option[25]=-Ximage-compiler-option
I/art     ( 6611): option[26]=--image-classes=preloaded-classes
I/art     ( 6611): option[27]=-Xcompiler-option
I/art     ( 6611): option[28]=--runtime-arg
I/art     ( 6611): option[29]=-Xcompiler-option
I/art     ( 6611): option[30]=-Xms64m
I/art     ( 6611): option[31]=-Xcompiler-option
I/art     ( 6611): option[32]=--runtime-arg
I/art     ( 6611): option[33]=-Xcompiler-option
I/art     ( 6611): option[34]=-Xmx512m
I/art     ( 6611): option[35]=-Duser.language=es
I/art     ( 6611): option[36]=-Duser.region=US
I/art     ( 6611): Pruning dalvik-cache since we are generating an image and will need to recompile
W/art     ( 6611): Unexpected file type of 
W/art     ( 6611):  encountered.
I/art     ( 6611): Using an offset of 0x14a000 from default art base address of 0x70000000
I/art     ( 6611): GenerateImage: /system/bin/dex2oat --image=/data/dalvik-cache/arm/system@framework@boot.art --dex-file=/system/framework/core-libart.jar --dex-file=/system/framework/conscrypt.jar --dex-file=/system/framework/okhttp.jar --dex-file=/system/framework/core-junit.jar --dex-file=/system/framework/bouncycastle.jar --dex-file=/system/framework/ext.jar --dex-file=/system/framework/framework.jar --dex-file=/system/framework/telephony-common.jar --dex-file=/system/framework/voip-common.jar --dex-file=/system/framework/ims-common.jar --dex-file=/system/framework/mms-common.jar --dex-file=/system/framework/android.policy.jar --dex-file=/system/framework/apache-xml.jar --oat-file=/data/dalvik-cache/arm/system@framework@boot.oat --instruction-set=arm --instruction-set-features=div --base=0x7014a000 --runtime-arg -Xms64m --runtime-arg -Xmx64m --image-classes-zip=/system/framework/framework.jar --image-classes=preloaded-classes
W/art     ( 6611): Unexpected file type of 
W/art     ( 6611):  encountered.
W/art     ( 6611): Could not create image space with image file '/system/framework/boot.art'. Attempting to fall back to imageless running. Error was: Failed to generate image '/data/dalvik-cache/arm/system@framework@boot.art': Failed execv(/system/bin/dex2oat --image=/data/dalvik-cache/arm/system@framework@boot.art --dex-file=/system/framework/core-libart.jar --dex-file=/system/framework/conscrypt.jar --dex-file=/system/framework/okhttp.jar --dex-file=/system/framework/core-junit.jar --dex-file=/system/framework/bouncycastle.jar --dex-file=/system/framework/ext.jar --dex-file=/system/framework/framework.jar --dex-file=/system/framework/telephony-common.jar --dex-file=/system/framework/voip-common.jar --dex-file=/system/framework/ims-common.jar --dex-file=/system/framework/mms-common.jar --dex-file=/system/framework/android.policy.jar --dex-file=/system/framework/apache-xml.jar --oat-file=/data/dalvik-cache/arm/system@framework@boot.oat --instruction-set=arm --instruction-set-features=div --base=0x7014a000 --runtime-arg -Xms64
D/hwcomposer( 6608): using
D/hwcomposer( 6608): xres         = 1080 px
D/hwcomposer( 6608): yres         = 1920 px
D/hwcomposer( 6608): width        = 65 mm (422.030000 dpi)
D/hwcomposer( 6608): height       = 115 mm (424.069000 dpi)
D/hwcomposer( 6608): refresh rate = 60 Hz
E/libexynosv4l2-subdev( 6608): no subdev device found
E/hdmi    ( 6608): failed to open hdmi mixer0 subdev
E/hwcomposer( 6608): openHdmi fail
I/hwcomposer( 6608): PSR info devname = /sys/devices/14400000.fimd_fb/psr_info
I/hwcomposer( 6608): PSR mode is 2(0: video mode, 1: DP PSR mode, 2: MIPI-DSI command mode)
I/SurfaceFlinger( 6608): Using composer version 1.3
I/SurfaceFlinger( 6608): EGL information:
I/SurfaceFlinger( 6608): vendor    : Android
I/SurfaceFlinger( 6608): version   : 1.4 Android META-EGL
I/SurfaceFlinger( 6608): extensions: EGL_KHR_get_all_proc_addresses EGL_ANDROID_presentation_time EGL_KHR_image EGL_KHR_image_base EGL_KHR_gl_texture_2D_image EGL_KHR_gl_texture_cubemap_image EGL_KHR_gl_renderbuffer_image EGL_KHR_fence_sync EGL_KHR_create_context EGL_ANDROID_image_native_buffer EGL_KHR_wait_sync EGL_ANDROID_recordable 
I/SurfaceFlinger( 6608): Client API: OpenGL_ES
I/SurfaceFlinger( 6608): EGLSurface: 8-8-8-8, config=0xb6acf2ac
I/SurfaceFlinger( 6608): OpenGL ES informations:
I/SurfaceFlinger( 6608): vendor    : ARM
I/SurfaceFlinger( 6608): renderer  : Mali-T628
I/SurfaceFlinger( 6608): version   : OpenGL ES 3.0
I/SurfaceFlinger( 6608): extensions: GL_EXT_debug_marker GL_ARM_rgba8 GL_ARM_mali_shader_binary GL_OES_depth24 GL_OES_depth_texture GL_OES_depth_texture_cube_map GL_OES_packed_depth_stencil GL_OES_rgb8_rgba8 GL_EXT_read_format_bgra GL_OES_compressed_paletted_texture GL_OES_compressed_ETC1_RGB8_texture GL_OES_standard_derivatives GL_OES_EGL_image GL_OES_EGL_image_external GL_OES_EGL_sync GL_OES_texture_npot GL_OES_vertex_half_float GL_OES_required_internalformat GL_OES_vertex_array_object GL_OES_mapbuffer GL_EXT_texture_format_BGRA8888 GL_EXT_texture_rg GL_EXT_texture_type_2_10_10_10_REV GL_OES_fbo_render_mipmap GL_OES_element_index_uint GL_EXT_shadow_samplers GL_OES_texture_compression_astc GL_KHR_texture_compression_astc_ldr GL_KHR_texture_compression_astc_hdr GL_KHR_debug GL_EXT_occlusion_query_boolean GL_EXT_blend_minmax GL_EXT_discard_framebuffer GL_OES_get_program_binary GL_OES_texture_3D GL_EXT_texture_storage GL_EXT_multisampled_render_to_texture GL_OES_surfaceless_context GL_ARM_mali_program_binary 
I/SurfaceFlinger( 6608): GL_MAX_TEXTURE_SIZE = 8192
I/SurfaceFlinger( 6608): GL_MAX_VIEWPORT_DIMS = 8192
E/libEGL  ( 6608): eglQuerySurface:607 error 300d (EGL_BAD_SURFACE)
E/libEGL  ( 6608): eglQuerySurface:607 error 300d (EGL_BAD_SURFACE)
E/libEGL  ( 6608): call to OpenGL ES API with no current context (logged once per thread)
D/SurfaceFlinger( 6608): Set power mode=2, type=0 flinger=0xb6a62000
I/hwcomposer( 6608): int exynos5_blank(hwc_composer_device_1*, int, int):: disp(0), blank(0)
I/hwcomposer( 6608): unblank ioctl failed (display already unblanked)
E/libEGL  ( 6608): eglSwapBuffers:1071 error 300d (EGL_BAD_SURFACE)
F/SurfaceFlinger( 6608): eglSwapBuffers(0x1, 0x0) failed with 0x0000300d
F/libc    ( 6608): Fatal signal 6 (SIGABRT), code -6 in tid 6608 (surfaceflinger)
I/DEBUG   ( 3586): property debug.db.uid not set; NOT waiting for gdb.
I/DEBUG   ( 3586): HINT: adb shell setprop debug.db.uid 100000
I/DEBUG   ( 3586): HINT: adb forward tcp:5039 tcp:5039
I/DEBUG   ( 3586): *** *** *** *** *** *** *** *** *** *** *** *** *** *** *** ***
I/DEBUG   ( 3586): Build fingerprint: 'samsung/cm_k3gxx/k3gxx:5.0.2/LRX22G/88e55c58ed:userdebug/test-keys'
I/DEBUG   ( 3586): Revision: '10'
I/DEBUG   ( 3586): ABI: 'arm'
I/DEBUG   ( 3586): pid: 6608, tid: 6608, name: surfaceflinger  >>> /system/bin/surfaceflinger <<<
I/DEBUG   ( 3586): signal 6 (SIGABRT), code -6 (SI_TKILL), fault addr --------
I/DEBUG   ( 3586): Abort message: 'eglSwapBuffers(0x1, 0x0) failed with 0x0000300d'
I/DEBUG   ( 3586):     r0 00000000  r1 000019d0  r2 00000006  r3 00000000
I/DEBUG   ( 3586):     r4 b6fd1114  r5 00000006  r6 0000000b  r7 0000010c
I/DEBUG   ( 3586):     r8 00000000  r9 be94fbd0  sl b6a54210  fp be94fbd0
I/DEBUG   ( 3586):     ip 000019d0  sp be94f650  lr b6f5b7b9  pc b6f7f4e4  cpsr 600f0010
I/DEBUG   ( 3586): 
I/DEBUG   ( 3586): backtrace:
I/DEBUG   ( 3586):     #00 pc 000384e4  /system/lib/libc.so (tgkill+12)
I/DEBUG   ( 3586):     #01 pc 000147b5  /system/lib/libc.so (pthread_kill+52)
I/DEBUG   ( 3586):     #02 pc 0001550b  /system/lib/libc.so (raise+10)
I/DEBUG   ( 3586):     #03 pc 00011c35  /system/lib/libc.so (__libc_android_abort+36)
I/DEBUG   ( 3586):     #04 pc 0000fcb8  /system/lib/libc.so (abort+4)
I/DEBUG   ( 3586):     #05 pc 00007739  /system/lib/libcutils.so (__android_log_assert+88)
I/DEBUG   ( 3586):     #06 pc 0000f4df  /system/lib/libsurfaceflinger.so
I/DEBUG   ( 3586):     #07 pc 0001b9fd  /system/lib/libsurfaceflinger.so
I/DEBUG   ( 3586):     #08 pc 0001abe7  /system/lib/libsurfaceflinger.so
I/DEBUG   ( 3586):     #09 pc 00019fc3  /system/lib/libsurfaceflinger.so
I/DEBUG   ( 3586):     #10 pc 00019d49  /system/lib/libsurfaceflinger.so
I/DEBUG   ( 3586):     #11 pc 00010ed3  /system/lib/libutils.so (android::Looper::pollInner(int)+410)
I/DEBUG   ( 3586):     #12 pc 00010fc5  /system/lib/libutils.so (android::Looper::pollOnce(int, int*, int*, void**)+92)
I/DEBUG   ( 3586):     #13 pc 000174c5  /system/lib/libsurfaceflinger.so
I/DEBUG   ( 3586):     #14 pc 0001993d  /system/lib/libsurfaceflinger.so (android::SurfaceFlinger::run()+8)
I/DEBUG   ( 3586):     #15 pc 0000083d  /system/bin/surfaceflinger
I/DEBUG   ( 3586):     #16 pc 0000fb75  /system/lib/libc.so (__libc_init+44)
I/DEBUG   ( 3586):     #17 pc 000008d8  /system/bin/surfaceflinger
W/auditd  ( 3581): type=1325 audit(0.0:2721): table=raw family=10 entries=9
W/ip6tables( 6751): type=1300 audit(0.0:2721): arch=40000028 syscall=294 per=800000 success=yes exit=0 a0=4 a1=29 a2=40 a3=b6c1d000 items=0 ppid=6606 auid=4294967295 uid=0 gid=0 euid=0 suid=0 fsuid=0 egid=0 sgid=0 fsgid=0 ses=4294967295 tty=(none) exe="/system/bin/ip6tables" subj=u:r:netd:s0 key=(null)
W/auditd  ( 3581): type=1320 audit(0.0:2721): 
W/auditd  ( 3581): type=1325 audit(0.0:2722): table=raw family=2 entries=8
W/iptables( 6752): type=1300 audit(0.0:2722): arch=40000028 syscall=294 per=800000 success=yes exit=0 a0=4 a1=0 a2=40 a3=b6c1ba00 items=0 ppid=6606 auid=4294967295 uid=0 gid=0 euid=0 suid=0 fsuid=0 egid=0 sgid=0 fsgid=0 ses=4294967295 tty=(none) exe="/system/bin/iptables" subj=u:r:netd:s0 key=(null)
W/auditd  ( 3581): type=1320 audit(0.0:2722): 
W/auditd  ( 3581): type=1325 audit(0.0:2723): table=raw family=10 entries=8
W/ip6tables( 6753): type=1300 audit(0.0:2723): arch=40000028 syscall=294 per=800000 success=yes exit=0 a0=4 a1=29 a2=40 a3=b6c32800 items=0 ppid=6606 auid=4294967295 uid=0 gid=0 euid=0 suid=0 fsuid=0 egid=0 sgid=0 fsgid=0 ses=4294967295 tty=(none) exe="/system/bin/ip6tables" subj=u:r:netd:s0 key=(null)
W/auditd  ( 3581): type=1320 audit(0.0:2723): 
W/auditd  ( 3581): type=1325 audit(0.0:2724): table=raw family=2 entries=8
W/iptables( 6754): type=1300 audit(0.0:2724): arch=40000028 syscall=294 per=800000 success=yes exit=0 a0=4 a1=0 a2=40 a3=b6c30100 items=0 ppid=6606 auid=4294967295 uid=0 gid=0 euid=0 suid=0 fsuid=0 egid=0 sgid=0 fsgid=0 ses=4294967295 tty=(none) exe="/system/bin/iptables" subj=u:r:netd:s0 key=(null)
W/auditd  ( 3581): type=1320 audit(0.0:2724): 
W/auditd  ( 3581): type=1325 audit(0.0:2725): table=raw family=10 entries=8
W/ip6tables( 6755): type=1300 audit(0.0:2725): arch=40000028 syscall=294 per=800000 success=yes exit=0 a0=4 a1=29 a2=40 a3=b6c32400 items=0 ppid=6606 auid=4294967295 uid=0 gid=0 euid=0 suid=0 fsuid=0 egid=0 sgid=0 fsgid=0 ses=4294967295 tty=(none) exe="/system/bin/ip6tables" subj=u:r:netd:s0 key=(null)
W/auditd  ( 3581): type=1320 audit(0.0:2725): 
W/auditd  ( 3581): type=1325 audit(0.0:2726): table=raw family=2 entries=6
W/iptables( 6756): type=1300 audit(0.0:2726): arch=40000028 syscall=294 per=800000 success=yes exit=0 a0=4 a1=0 a2=40 a3=b6c20400 items=0 ppid=6606 auid=4294967295 uid=0 gid=0 euid=0 suid=0 fsuid=0 egid=0 sgid=0 fsgid=0 ses=4294967295 tty=(none) exe="/system/bin/iptables" subj=u:r:netd:s0 key=(null)
W/auditd  ( 3581): type=1320 audit(0.0:2726): 
W/auditd  ( 3581): type=1325 audit(0.0:2727): table=raw family=10 entries=6
W/ip6tables( 6757): type=1300 audit(0.0:2727): arch=40000028 syscall=294 per=800000 success=yes exit=0 a0=4 a1=29 a2=40 a3=b6c31800 items=0 ppid=6606 auid=4294967295 uid=0 gid=0 euid=0 suid=0 fsuid=0 egid=0 sgid=0 fsgid=0 ses=4294967295 tty=(none) exe="/system/bin/ip6tables" subj=u:r:netd:s0 key=(null)
I/ServiceManager( 6609): Waiting for service batterystats...
V/NatController( 6606): runCmd(/system/bin/iptables -F natctrl_FORWARD) res=0
V/NatController( 6606): runCmd(/system/bin/iptables -A natctrl_FORWARD -j DROP) res=0
V/NatController( 6606): runCmd(/system/bin/iptables -t nat -F natctrl_nat_POSTROUTING) res=0
V/NatController( 6606): runCmd(/system/bin/iptables -F natctrl_tether_counters) res=0
V/NatController( 6606): runCmd(/system/bin/iptables -X natctrl_tether_counters) res=0
V/NatController( 6606): runCmd(/system/bin/iptables -N natctrl_tether_counters) res=0
I/DEBUG   ( 3586): 
I/DEBUG   ( 3586): Tombstone written to: /data/tombstones/tombstone_03
V/NatController( 6606): runCmd(/system/bin/iptables -t mangle -A natctrl_mangle_FORWARD -p tcp --tcp-flags SYN SYN -j TCPMSS --clamp-mss-to-pmtu) res=0
I/ServiceManager( 3570): service 'SurfaceFlinger' died
I/ServiceManager( 3570): service 'Exynos.HWCService' died
I/ServiceManager( 3570): service 'media.wifi_display' died
I/ServiceManager( 3570): service 'media.audio_flinger' died
