--------- beginning of main
I/cm      (    0): ____ _   _ ____ _  _ ____ ____ ____ _  _ _  _ ____ ___ 
W/auditd  ( 3583): type=1325 audit(0.0:2): table=filter family=2 entries=0
W/auditd  ( 3583): type=1325 audit(0.0:3): table=mangle family=2 entries=0
W/auditd  ( 3583): type=1325 audit(0.0:4): table=nat family=2 entries=0
W/auditd  ( 3583): type=1325 audit(0.0:5): table=raw family=2 entries=0
W/auditd  ( 3583): type=1325 audit(0.0:6): table=security family=2 entries=0
W/auditd  ( 3583): type=1325 audit(0.0:7): table=filter family=3 entries=0
W/auditd  ( 3583): type=1325 audit(0.0:8): table=filter family=10 entries=0
W/auditd  ( 3583): type=1325 audit(0.0:9): table=mangle family=10 entries=0
W/auditd  ( 3583): type=1325 audit(0.0:10): table=raw family=10 entries=0
I/auditd  ( 3583): type=1403 audit(0.0:11): policy loaded auid=4294967295 ses=4294967295
W/auditd  ( 3583): type=1404 audit(0.0:12): enforcing=1 old_enforcing=0 auid=4294967295 ses=4294967295
W/auditd  ( 3583): type=1305 audit(0.0:13): audit_pid=3566 old=0 auid=4294967295 ses=4294967295
W/auditd  ( 3583):  subj=u:r:logd:s0 res=1
W/auditd  ( 3583): type=1305 audit(0.0:14): audit_rate_limit=20 old=0 auid=4294967295 ses=4294967295
W/auditd  ( 3583):  subj=u:r:logd:s0 res=1
I/lowmemorykiller( 3569): Using in-kernel low memory killer interface
I/cm      ( 3574): |     \_/  |__| |\ | |  | | __ |___ |\ | |\/| |  | |  \ 
--------- beginning of system
I/Vold    ( 3572): Vold 2.1 (the revenge) firing up
D/Vold    ( 3572): Volume extSdCard state changing -1 (Initializing) -> 0 (No-Media)
D/Vold    ( 3572): Volume UsbDriveA state changing -1 (Initializing) -> 0 (No-Media)
D/Vold    ( 3572): Volume UsbDriveB state changing -1 (Initializing) -> 0 (No-Media)
D/Vold    ( 3572): Volume UsbDriveC state changing -1 (Initializing) -> 0 (No-Media)
D/Vold    ( 3572): Volume UsbDriveD state changing -1 (Initializing) -> 0 (No-Media)
D/Vold    ( 3572): Volume UsbDriveE state changing -1 (Initializing) -> 0 (No-Media)
D/Vold    ( 3572): Volume UsbDriveF state changing -1 (Initializing) -> 0 (No-Media)
I/Cryptfs ( 3572): Check if PFE is activated on Boot
I/auditd  ( 3580): Starting up
E/Cryptfs ( 3572): Bad magic for real block device /dev/block/mmcblk0p21
E/Cryptfs ( 3572): Error getting crypt footer and key
I/cm      ( 3579): |___   |   |  | | \| |__| |__] |___ | \| |  | |__| |__/ 
E/sdcard  ( 3593): usage: sdcard [OPTIONS] <source_path> <dest_path>
E/sdcard  ( 3593):     -u: specify UID to run as
E/sdcard  ( 3593):     -g: specify GID to run as
E/sdcard  ( 3593):     -w: specify GID required to write (default sdcard_rw, requires -d or -l)
E/sdcard  ( 3593):     -t: specify number of threads to use (default 2)
E/sdcard  ( 3593):     -d: derive file permissions based on path
E/sdcard  ( 3593):     -l: derive file permissions based on legacy internal layout
E/sdcard  ( 3593):     -s: split derived permissions for pics, av
E/sdcard  ( 3593): 
I/DEBUG   ( 3582): debuggerd: Jun 17 2015 15:28:56
I/audit_log( 3580): Previous audit logfile detected, rotating
W/libaudit( 3580): Expected sequence number between user space and kernel space is out of skew, expected 2 got 0
E/audit_rules( 3580): Could not read audit rules /data/misc/audit/audit.rules: No such file or directory
E/sdcard  ( 3595): usage: sdcard [OPTIONS] <source_path> <dest_path>
E/sdcard  ( 3595):     -u: specify UID to run as
E/sdcard  ( 3595):     -g: specify GID to run as
E/sdcard  ( 3595):     -w: specify GID required to write (default sdcard_rw, requires -d or -l)
E/sdcard  ( 3595):     -t: specify number of threads to use (default 2)
E/sdcard  ( 3595):     -d: derive file permissions based on path
E/sdcard  ( 3595):     -l: derive file permissions based on legacy internal layout
E/sdcard  ( 3595):     -s: split derived permissions for pics, av
E/sdcard  ( 3595): 
I/installd( 3587): installd firing up
I/cm      ( 3603): Welcome to Android 5.0.2 / CyanogenMod-12-20150622-UNOFFICIAL-k3gxx 
I/Netd    ( 3581): Netd 1.0 starting
E/Netd    ( 3581): Failed to open /proc/sys/net/ipv6/conf/default/accept_ra_rt_table: No such file or directory
E/Netd    ( 3581): Failed to open /proc/sys/net/ipv6/conf/ip6tnl0/accept_ra_rt_table: No such file or directory
E/Netd    ( 3581): Failed to open /proc/sys/net/ipv6/conf/lo/accept_ra_rt_table: No such file or directory
E/Netd    ( 3581): Failed to open /proc/sys/net/ipv6/conf/rmnet0/accept_ra_rt_table: No such file or directory
E/Netd    ( 3581): Failed to open /proc/sys/net/ipv6/conf/rmnet1/accept_ra_rt_table: No such file or directory
E/Netd    ( 3581): Failed to open /proc/sys/net/ipv6/conf/rmnet2/accept_ra_rt_table: No such file or directory
E/Netd    ( 3581): Failed to open /proc/sys/net/ipv6/conf/rmnet3/accept_ra_rt_table: No such file or directory
E/Netd    ( 3581): Failed to open /proc/sys/net/ipv6/conf/sit0/accept_ra_rt_table: No such file or directory
I/SurfaceFlinger( 3573): SurfaceFlinger is starting
I/SurfaceFlinger( 3573): SurfaceFlinger's main thread ready to run. Initializing graphics H/W...
D/libEGL  ( 3573): loaded /vendor/lib/egl/libGLES_mali.so
I/        ( 3573): PLATFORM VERSION : JB-MR-2
I/gralloc ( 3573): using (fd=12)
I/gralloc ( 3573): id           = 
I/gralloc ( 3573): xres         = 1080 px
I/gralloc ( 3573): yres         = 1920 px
I/gralloc ( 3573): xres_virtual = 1080 px
I/gralloc ( 3573): yres_virtual = 3840 px
I/gralloc ( 3573): bpp          = 32
I/gralloc ( 3573): r            = 16:8
I/gralloc ( 3573): g            =  8:8
I/gralloc ( 3573): b            =  0:8
I/gralloc ( 3573): width        = 65 mm (422.030762 dpi)
I/gralloc ( 3573): height       = 115 mm (424.069580 dpi)
I/gralloc ( 3573): refresh rate = 60.00 Hz
E/HAL     ( 3573): load: module=/system/lib/hw/hwcomposer.exynos5.so
E/HAL     ( 3573): dlopen failed: could not load library "libmedia.so" needed by "hwcomposer.exynos5.so"; caused by could not load library "libsamsungvad.so" needed by "libmedia.so"; caused by could not load library "lib_SamsungVAD_v01007.so" needed by "libsamsungvad.so"; caused by library "lib_SamsungVAD_v01007.so" not found
E/SurfaceFlinger( 3573): hwcomposer module not found
I/SurfaceFlinger( 3573): EGL information:
I/SurfaceFlinger( 3573): vendor    : Android
I/SurfaceFlinger( 3573): version   : 1.4 Android META-EGL
I/SurfaceFlinger( 3573): extensions: EGL_KHR_get_all_proc_addresses EGL_ANDROID_presentation_time EGL_KHR_image EGL_KHR_image_base EGL_KHR_gl_texture_2D_image EGL_KHR_gl_texture_cubemap_image EGL_KHR_gl_renderbuffer_image EGL_KHR_fence_sync EGL_KHR_create_context EGL_ANDROID_image_native_buffer EGL_KHR_wait_sync EGL_ANDROID_recordable 
I/SurfaceFlinger( 3573): Client API: OpenGL_ES
I/SurfaceFlinger( 3573): EGLSurface: 8-8-8-8, config=0xb6acf2ac
I/SurfaceFlinger( 3573): OpenGL ES informations:
I/SurfaceFlinger( 3573): vendor    : ARM
I/SurfaceFlinger( 3573): renderer  : Mali-T628
I/SurfaceFlinger( 3573): version   : OpenGL ES 3.0
I/SurfaceFlinger( 3573): extensions: GL_EXT_debug_marker GL_ARM_rgba8 GL_ARM_mali_shader_binary GL_OES_depth24 GL_OES_depth_texture GL_OES_depth_texture_cube_map GL_OES_packed_depth_stencil GL_OES_rgb8_rgba8 GL_EXT_read_format_bgra GL_OES_compressed_paletted_texture GL_OES_compressed_ETC1_RGB8_texture GL_OES_standard_derivatives GL_OES_EGL_image GL_OES_EGL_image_external GL_OES_EGL_sync GL_OES_texture_npot GL_OES_vertex_half_float GL_OES_required_internalformat GL_OES_vertex_array_object GL_OES_mapbuffer GL_EXT_texture_format_BGRA8888 GL_EXT_texture_rg GL_EXT_texture_type_2_10_10_10_REV GL_OES_fbo_render_mipmap GL_OES_element_index_uint GL_EXT_shadow_samplers GL_OES_texture_compression_astc GL_KHR_texture_compression_astc_ldr GL_KHR_texture_compression_astc_hdr GL_KHR_debug GL_EXT_occlusion_query_boolean GL_EXT_blend_minmax GL_EXT_discard_framebuffer GL_OES_get_program_binary GL_OES_texture_3D GL_EXT_texture_storage GL_EXT_multisampled_render_to_texture GL_OES_surfaceless_context GL_ARM_mali_program_binary 
I/SurfaceFlinger( 3573): GL_MAX_TEXTURE_SIZE = 8192
I/SurfaceFlinger( 3573): GL_MAX_VIEWPORT_DIMS = 8192
E/libEGL  ( 3573): eglQuerySurface:607 error 300d (EGL_BAD_SURFACE)
E/libEGL  ( 3573): eglQuerySurface:607 error 300d (EGL_BAD_SURFACE)
E/libEGL  ( 3573): call to OpenGL ES API with no current context (logged once per thread)
D/SurfaceFlinger( 3573): Set power mode=2, type=0 flinger=0xb6a62000
E/libEGL  ( 3573): eglSwapBuffers:1071 error 300d (EGL_BAD_SURFACE)
F/SurfaceFlinger( 3573): eglSwapBuffers(0x1, 0x0) failed with 0x0000300d
--------- beginning of crash
F/libc    ( 3573): Fatal signal 6 (SIGABRT), code -6 in tid 3573 (surfaceflinger)
I/DEBUG   ( 3582): property debug.db.uid not set; NOT waiting for gdb.
I/DEBUG   ( 3582): HINT: adb shell setprop debug.db.uid 100000
I/DEBUG   ( 3582): HINT: adb forward tcp:5039 tcp:5039
I/DEBUG   ( 3582): *** *** *** *** *** *** *** *** *** *** *** *** *** *** *** ***
I/DEBUG   ( 3582): Build fingerprint: 'samsung/cm_k3gxx/k3gxx:5.0.2/LRX22G/d4ad8f67ab:userdebug/test-keys'
I/DEBUG   ( 3582): Revision: '10'
I/DEBUG   ( 3582): ABI: 'arm'
I/DEBUG   ( 3582): pid: 3573, tid: 3573, name: surfaceflinger  >>> /system/bin/surfaceflinger <<<
I/DEBUG   ( 3582): signal 6 (SIGABRT), code -6 (SI_TKILL), fault addr --------
I/DEBUG   ( 3582): Abort message: 'eglSwapBuffers(0x1, 0x0) failed with 0x0000300d'
I/DEBUG   ( 3582):     r0 00000000  r1 00000df5  r2 00000006  r3 00000000
I/DEBUG   ( 3582):     r4 b6fcf114  r5 00000006  r6 0000000b  r7 0000010c
I/DEBUG   ( 3582):     r8 00000000  r9 bea35bd0  sl b6a540d0  fp bea35bd0
I/DEBUG   ( 3582):     ip 00000df5  sp bea35650  lr b6f597b9  pc b6f7d4e4  cpsr 600f0010
I/DEBUG   ( 3582): 
I/DEBUG   ( 3582): backtrace:
I/DEBUG   ( 3582):     #00 pc 000384e4  /system/lib/libc.so (tgkill+12)
I/DEBUG   ( 3582):     #01 pc 000147b5  /system/lib/libc.so (pthread_kill+52)
I/DEBUG   ( 3582):     #02 pc 0001550b  /system/lib/libc.so (raise+10)
I/DEBUG   ( 3582):     #03 pc 00011c35  /system/lib/libc.so (__libc_android_abort+36)
I/DEBUG   ( 3582):     #04 pc 0000fcb8  /system/lib/libc.so (abort+4)
I/DEBUG   ( 3582):     #05 pc 00007739  /system/lib/libcutils.so (__android_log_assert+88)
I/DEBUG   ( 3582):     #06 pc 0000f4df  /system/lib/libsurfaceflinger.so
I/DEBUG   ( 3582):     #07 pc 0001b9fd  /system/lib/libsurfaceflinger.so
I/DEBUG   ( 3582):     #08 pc 0001abe7  /system/lib/libsurfaceflinger.so
I/DEBUG   ( 3582):     #09 pc 00019fc3  /system/lib/libsurfaceflinger.so
I/DEBUG   ( 3582):     #10 pc 00019d49  /system/lib/libsurfaceflinger.so
I/DEBUG   ( 3582):     #11 pc 00010ed3  /system/lib/libutils.so (android::Looper::pollInner(int)+410)
I/DEBUG   ( 3582):     #12 pc 00010fc5  /system/lib/libutils.so (android::Looper::pollOnce(int, int*, int*, void**)+92)
I/DEBUG   ( 3582):     #13 pc 000174c5  /system/lib/libsurfaceflinger.so
I/DEBUG   ( 3582):     #14 pc 0001993d  /system/lib/libsurfaceflinger.so (android::SurfaceFlinger::run()+8)
I/DEBUG   ( 3582):     #15 pc 0000083d  /system/bin/surfaceflinger
I/DEBUG   ( 3582):     #16 pc 0000fb75  /system/lib/libc.so (__libc_init+44)
I/DEBUG   ( 3582):     #17 pc 000008d8  /system/bin/surfaceflinger
I/DEBUG   ( 3582): 
I/DEBUG   ( 3582): Tombstone written to: /data/tombstones/tombstone_07
I/ServiceManager( 3571): service 'SurfaceFlinger' died
I/Netd    ( 3709): Netd 1.0 starting
E/Netd    ( 3709): Failed to open /proc/sys/net/ipv6/conf/default/accept_ra_rt_table: No such file or directory
E/Netd    ( 3709): Failed to open /proc/sys/net/ipv6/conf/ip6tnl0/accept_ra_rt_table: No such file or directory
E/Netd    ( 3709): Failed to open /proc/sys/net/ipv6/conf/lo/accept_ra_rt_table: No such file or directory
E/Netd    ( 3709): Failed to open /proc/sys/net/ipv6/conf/rmnet0/accept_ra_rt_table: No such file or directory
E/Netd    ( 3709): Failed to open /proc/sys/net/ipv6/conf/rmnet1/accept_ra_rt_table: No such file or directory
E/Netd    ( 3709): Failed to open /proc/sys/net/ipv6/conf/rmnet2/accept_ra_rt_table: No such file or directory
E/Netd    ( 3709): Failed to open /proc/sys/net/ipv6/conf/rmnet3/accept_ra_rt_table: No such file or directory
E/Netd    ( 3709): Failed to open /proc/sys/net/ipv6/conf/sit0/accept_ra_rt_table: No such file or directory
I/SurfaceFlinger( 3711): SurfaceFlinger is starting
I/SurfaceFlinger( 3711): SurfaceFlinger's main thread ready to run. Initializing graphics H/W...
D/libEGL  ( 3711): loaded /vendor/lib/egl/libGLES_mali.so
I/        ( 3711): PLATFORM VERSION : JB-MR-2
I/gralloc ( 3711): using (fd=12)
I/gralloc ( 3711): id           = 
I/gralloc ( 3711): xres         = 1080 px
I/gralloc ( 3711): yres         = 1920 px
I/gralloc ( 3711): xres_virtual = 1080 px
I/gralloc ( 3711): yres_virtual = 3840 px
I/gralloc ( 3711): bpp          = 32
I/gralloc ( 3711): r            = 16:8
I/gralloc ( 3711): g            =  8:8
I/gralloc ( 3711): b            =  0:8
I/gralloc ( 3711): width        = 65 mm (422.030762 dpi)
I/gralloc ( 3711): height       = 115 mm (424.069580 dpi)
I/gralloc ( 3711): refresh rate = 60.00 Hz
E/HAL     ( 3711): load: module=/system/lib/hw/hwcomposer.exynos5.so
E/HAL     ( 3711): dlopen failed: could not load library "libmedia.so" needed by "hwcomposer.exynos5.so"; caused by could not load library "libsamsungvad.so" needed by "libmedia.so"; caused by could not load library "lib_SamsungVAD_v01007.so" needed by "libsamsungvad.so"; caused by library "lib_SamsungVAD_v01007.so" not found
E/SurfaceFlinger( 3711): hwcomposer module not found
I/SurfaceFlinger( 3711): EGL information:
I/SurfaceFlinger( 3711): vendor    : Android
I/SurfaceFlinger( 3711): version   : 1.4 Android META-EGL
I/SurfaceFlinger( 3711): extensions: EGL_KHR_get_all_proc_addresses EGL_ANDROID_presentation_time EGL_KHR_image EGL_KHR_image_base EGL_KHR_gl_texture_2D_image EGL_KHR_gl_texture_cubemap_image EGL_KHR_gl_renderbuffer_image EGL_KHR_fence_sync EGL_KHR_create_context EGL_ANDROID_image_native_buffer EGL_KHR_wait_sync EGL_ANDROID_recordable 
I/SurfaceFlinger( 3711): Client API: OpenGL_ES
I/SurfaceFlinger( 3711): EGLSurface: 8-8-8-8, config=0xb6acf2ac
I/SurfaceFlinger( 3711): OpenGL ES informations:
I/SurfaceFlinger( 3711): vendor    : ARM
I/SurfaceFlinger( 3711): renderer  : Mali-T628
I/SurfaceFlinger( 3711): version   : OpenGL ES 3.0
I/SurfaceFlinger( 3711): extensions: GL_EXT_debug_marker GL_ARM_rgba8 GL_ARM_mali_shader_binary GL_OES_depth24 GL_OES_depth_texture GL_OES_depth_texture_cube_map GL_OES_packed_depth_stencil GL_OES_rgb8_rgba8 GL_EXT_read_format_bgra GL_OES_compressed_paletted_texture GL_OES_compressed_ETC1_RGB8_texture GL_OES_standard_derivatives GL_OES_EGL_image GL_OES_EGL_image_external GL_OES_EGL_sync GL_OES_texture_npot GL_OES_vertex_half_float GL_OES_required_internalformat GL_OES_vertex_array_object GL_OES_mapbuffer GL_EXT_texture_format_BGRA8888 GL_EXT_texture_rg GL_EXT_texture_type_2_10_10_10_REV GL_OES_fbo_render_mipmap GL_OES_element_index_uint GL_EXT_shadow_samplers GL_OES_texture_compression_astc GL_KHR_texture_compression_astc_ldr GL_KHR_texture_compression_astc_hdr GL_KHR_debug GL_EXT_occlusion_query_boolean GL_EXT_blend_minmax GL_EXT_discard_framebuffer GL_OES_get_program_binary GL_OES_texture_3D GL_EXT_texture_storage GL_EXT_multisampled_render_to_texture GL_OES_surfaceless_context GL_ARM_mali_program_binary 
I/SurfaceFlinger( 3711): GL_MAX_TEXTURE_SIZE = 8192
I/SurfaceFlinger( 3711): GL_MAX_VIEWPORT_DIMS = 8192
E/libEGL  ( 3711): eglQuerySurface:607 error 300d (EGL_BAD_SURFACE)
E/libEGL  ( 3711): eglQuerySurface:607 error 300d (EGL_BAD_SURFACE)
E/libEGL  ( 3711): call to OpenGL ES API with no current context (logged once per thread)
D/SurfaceFlinger( 3711): Set power mode=2, type=0 flinger=0xb6a62000
E/libEGL  ( 3711): eglSwapBuffers:1071 error 300d (EGL_BAD_SURFACE)
F/SurfaceFlinger( 3711): eglSwapBuffers(0x1, 0x0) failed with 0x0000300d
F/libc    ( 3711): Fatal signal 6 (SIGABRT), code -6 in tid 3711 (surfaceflinger)
I/DEBUG   ( 3582): property debug.db.uid not set; NOT waiting for gdb.
I/DEBUG   ( 3582): HINT: adb shell setprop debug.db.uid 100000
I/DEBUG   ( 3582): HINT: adb forward tcp:5039 tcp:5039
I/DEBUG   ( 3582): *** *** *** *** *** *** *** *** *** *** *** *** *** *** *** ***
I/DEBUG   ( 3582): Build fingerprint: 'samsung/cm_k3gxx/k3gxx:5.0.2/LRX22G/d4ad8f67ab:userdebug/test-keys'
I/DEBUG   ( 3582): Revision: '10'
I/DEBUG   ( 3582): ABI: 'arm'
I/DEBUG   ( 3582): pid: 3711, tid: 3711, name: surfaceflinger  >>> /system/bin/surfaceflinger <<<
I/DEBUG   ( 3582): signal 6 (SIGABRT), code -6 (SI_TKILL), fault addr --------
I/DEBUG   ( 3582): Abort message: 'eglSwapBuffers(0x1, 0x0) failed with 0x0000300d'
I/DEBUG   ( 3582):     r0 00000000  r1 00000e7f  r2 00000006  r3 00000000
I/DEBUG   ( 3582):     r4 b6ff8114  r5 00000006  r6 0000000b  r7 0000010c
I/DEBUG   ( 3582):     r8 00000000  r9 be968bd0  sl b6a540d0  fp be968bd0
I/DEBUG   ( 3582):     ip 00000e7f  sp be968650  lr b6f827b9  pc b6fa64e4  cpsr 600f0010
I/DEBUG   ( 3582): 
I/DEBUG   ( 3582): backtrace:
I/DEBUG   ( 3582):     #00 pc 000384e4  /system/lib/libc.so (tgkill+12)
I/DEBUG   ( 3582):     #01 pc 000147b5  /system/lib/libc.so (pthread_kill+52)
I/DEBUG   ( 3582):     #02 pc 0001550b  /system/lib/libc.so (raise+10)
I/DEBUG   ( 3582):     #03 pc 00011c35  /system/lib/libc.so (__libc_android_abort+36)
I/DEBUG   ( 3582):     #04 pc 0000fcb8  /system/lib/libc.so (abort+4)
I/DEBUG   ( 3582):     #05 pc 00007739  /system/lib/libcutils.so (__android_log_assert+88)
I/DEBUG   ( 3582):     #06 pc 0000f4df  /system/lib/libsurfaceflinger.so
I/DEBUG   ( 3582):     #07 pc 0001b9fd  /system/lib/libsurfaceflinger.so
I/DEBUG   ( 3582):     #08 pc 0001abe7  /system/lib/libsurfaceflinger.so
I/DEBUG   ( 3582):     #09 pc 00019fc3  /system/lib/libsurfaceflinger.so
I/DEBUG   ( 3582):     #10 pc 00019d49  /system/lib/libsurfaceflinger.so
I/DEBUG   ( 3582):     #11 pc 00010ed3  /system/lib/libutils.so (android::Looper::pollInner(int)+410)
I/DEBUG   ( 3582):     #12 pc 00010fc5  /system/lib/libutils.so (android::Looper::pollOnce(int, int*, int*, void**)+92)
I/DEBUG   ( 3582):     #13 pc 000174c5  /system/lib/libsurfaceflinger.so
I/DEBUG   ( 3582):     #14 pc 0001993d  /system/lib/libsurfaceflinger.so (android::SurfaceFlinger::run()+8)
I/DEBUG   ( 3582):     #15 pc 0000083d  /system/bin/surfaceflinger
I/DEBUG   ( 3582):     #16 pc 0000fb75  /system/lib/libc.so (__libc_init+44)
I/DEBUG   ( 3582):     #17 pc 000008d8  /system/bin/surfaceflinger
I/DEBUG   ( 3582): 
I/DEBUG   ( 3582): Tombstone written to: /data/tombstones/tombstone_08
I/ServiceManager( 3571): service 'SurfaceFlinger' died
I/Netd    ( 3754): Netd 1.0 starting
E/Netd    ( 3754): Failed to open /proc/sys/net/ipv6/conf/default/accept_ra_rt_table: No such file or directory
E/Netd    ( 3754): Failed to open /proc/sys/net/ipv6/conf/ip6tnl0/accept_ra_rt_table: No such file or directory
E/Netd    ( 3754): Failed to open /proc/sys/net/ipv6/conf/lo/accept_ra_rt_table: No such file or directory
E/Netd    ( 3754): Failed to open /proc/sys/net/ipv6/conf/rmnet0/accept_ra_rt_table: No such file or directory
E/Netd    ( 3754): Failed to open /proc/sys/net/ipv6/conf/rmnet1/accept_ra_rt_table: No such file or directory
E/Netd    ( 3754): Failed to open /proc/sys/net/ipv6/conf/rmnet2/accept_ra_rt_table: No such file or directory
E/Netd    ( 3754): Failed to open /proc/sys/net/ipv6/conf/rmnet3/accept_ra_rt_table: No such file or directory
E/Netd    ( 3754): Failed to open /proc/sys/net/ipv6/conf/sit0/accept_ra_rt_table: No such file or directory
I/SurfaceFlinger( 3756): SurfaceFlinger is starting
I/SurfaceFlinger( 3756): SurfaceFlinger's main thread ready to run. Initializing graphics H/W...
D/libEGL  ( 3756): loaded /vendor/lib/egl/libGLES_mali.so
I/        ( 3756): PLATFORM VERSION : JB-MR-2
I/gralloc ( 3756): using (fd=12)
I/gralloc ( 3756): id           = 
I/gralloc ( 3756): xres         = 1080 px
I/gralloc ( 3756): yres         = 1920 px
I/gralloc ( 3756): xres_virtual = 1080 px
I/gralloc ( 3756): yres_virtual = 3840 px
I/gralloc ( 3756): bpp          = 32
I/gralloc ( 3756): r            = 16:8
I/gralloc ( 3756): g            =  8:8
I/gralloc ( 3756): b            =  0:8
I/gralloc ( 3756): width        = 65 mm (422.030762 dpi)
I/gralloc ( 3756): height       = 115 mm (424.069580 dpi)
I/gralloc ( 3756): refresh rate = 60.00 Hz
E/HAL     ( 3756): load: module=/system/lib/hw/hwcomposer.exynos5.so
E/HAL     ( 3756): dlopen failed: could not load library "libmedia.so" needed by "hwcomposer.exynos5.so"; caused by could not load library "libsamsungvad.so" needed by "libmedia.so"; caused by could not load library "lib_SamsungVAD_v01007.so" needed by "libsamsungvad.so"; caused by library "lib_SamsungVAD_v01007.so" not found
E/SurfaceFlinger( 3756): hwcomposer module not found
I/SurfaceFlinger( 3756): EGL information:
I/SurfaceFlinger( 3756): vendor    : Android
I/SurfaceFlinger( 3756): version   : 1.4 Android META-EGL
I/SurfaceFlinger( 3756): extensions: EGL_KHR_get_all_proc_addresses EGL_ANDROID_presentation_time EGL_KHR_image EGL_KHR_image_base EGL_KHR_gl_texture_2D_image EGL_KHR_gl_texture_cubemap_image EGL_KHR_gl_renderbuffer_image EGL_KHR_fence_sync EGL_KHR_create_context EGL_ANDROID_image_native_buffer EGL_KHR_wait_sync EGL_ANDROID_recordable 
I/SurfaceFlinger( 3756): Client API: OpenGL_ES
I/SurfaceFlinger( 3756): EGLSurface: 8-8-8-8, config=0xb69cf2ac
I/SurfaceFlinger( 3756): OpenGL ES informations:
I/SurfaceFlinger( 3756): vendor    : ARM
I/SurfaceFlinger( 3756): renderer  : Mali-T628
I/SurfaceFlinger( 3756): version   : OpenGL ES 3.0
I/SurfaceFlinger( 3756): extensions: GL_EXT_debug_marker GL_ARM_rgba8 GL_ARM_mali_shader_binary GL_OES_depth24 GL_OES_depth_texture GL_OES_depth_texture_cube_map GL_OES_packed_depth_stencil GL_OES_rgb8_rgba8 GL_EXT_read_format_bgra GL_OES_compressed_paletted_texture GL_OES_compressed_ETC1_RGB8_texture GL_OES_standard_derivatives GL_OES_EGL_image GL_OES_EGL_image_external GL_OES_EGL_sync GL_OES_texture_npot GL_OES_vertex_half_float GL_OES_required_internalformat GL_OES_vertex_array_object GL_OES_mapbuffer GL_EXT_texture_format_BGRA8888 GL_EXT_texture_rg GL_EXT_texture_type_2_10_10_10_REV GL_OES_fbo_render_mipmap GL_OES_element_index_uint GL_EXT_shadow_samplers GL_OES_texture_compression_astc GL_KHR_texture_compression_astc_ldr GL_KHR_texture_compression_astc_hdr GL_KHR_debug GL_EXT_occlusion_query_boolean GL_EXT_blend_minmax GL_EXT_discard_framebuffer GL_OES_get_program_binary GL_OES_texture_3D GL_EXT_texture_storage GL_EXT_multisampled_render_to_texture GL_OES_surfaceless_context GL_ARM_mali_program_binary 
I/SurfaceFlinger( 3756): GL_MAX_TEXTURE_SIZE = 8192
I/SurfaceFlinger( 3756): GL_MAX_VIEWPORT_DIMS = 8192
E/libEGL  ( 3756): eglQuerySurface:607 error 300d (EGL_BAD_SURFACE)
E/libEGL  ( 3756): eglQuerySurface:607 error 300d (EGL_BAD_SURFACE)
E/libEGL  ( 3756): call to OpenGL ES API with no current context (logged once per thread)
D/SurfaceFlinger( 3756): Set power mode=2, type=0 flinger=0xb6962000
E/libEGL  ( 3756): eglSwapBuffers:1071 error 300d (EGL_BAD_SURFACE)
F/SurfaceFlinger( 3756): eglSwapBuffers(0x1, 0x0) failed with 0x0000300d
F/libc    ( 3756): Fatal signal 6 (SIGABRT), code -6 in tid 3756 (surfaceflinger)
I/DEBUG   ( 3582): property debug.db.uid not set; NOT waiting for gdb.
I/DEBUG   ( 3582): HINT: adb shell setprop debug.db.uid 100000
I/DEBUG   ( 3582): HINT: adb forward tcp:5039 tcp:5039
I/DEBUG   ( 3582): *** *** *** *** *** *** *** *** *** *** *** *** *** *** *** ***
I/DEBUG   ( 3582): Build fingerprint: 'samsung/cm_k3gxx/k3gxx:5.0.2/LRX22G/d4ad8f67ab:userdebug/test-keys'
I/DEBUG   ( 3582): Revision: '10'
I/DEBUG   ( 3582): ABI: 'arm'
I/DEBUG   ( 3582): pid: 3756, tid: 3756, name: surfaceflinger  >>> /system/bin/surfaceflinger <<<
I/DEBUG   ( 3582): signal 6 (SIGABRT), code -6 (SI_TKILL), fault addr --------
I/DEBUG   ( 3582): Abort message: 'eglSwapBuffers(0x1, 0x0) failed with 0x0000300d'
I/DEBUG   ( 3582):     r0 00000000  r1 00000eac  r2 00000006  r3 00000000
I/DEBUG   ( 3582):     r4 b6f25114  r5 00000006  r6 0000000b  r7 0000010c
I/DEBUG   ( 3582):     r8 00000000  r9 bee77bd0  sl b69540d0  fp bee77bd0
I/DEBUG   ( 3582):     ip 00000eac  sp bee77650  lr b6eaf7b9  pc b6ed34e4  cpsr 600f0010
I/DEBUG   ( 3582): 
I/DEBUG   ( 3582): backtrace:
I/DEBUG   ( 3582):     #00 pc 000384e4  /system/lib/libc.so (tgkill+12)
I/DEBUG   ( 3582):     #01 pc 000147b5  /system/lib/libc.so (pthread_kill+52)
I/DEBUG   ( 3582):     #02 pc 0001550b  /system/lib/libc.so (raise+10)
I/DEBUG   ( 3582):     #03 pc 00011c35  /system/lib/libc.so (__libc_android_abort+36)
I/DEBUG   ( 3582):     #04 pc 0000fcb8  /system/lib/libc.so (abort+4)
I/DEBUG   ( 3582):     #05 pc 00007739  /system/lib/libcutils.so (__android_log_assert+88)
I/DEBUG   ( 3582):     #06 pc 0000f4df  /system/lib/libsurfaceflinger.so
I/DEBUG   ( 3582):     #07 pc 0001b9fd  /system/lib/libsurfaceflinger.so
I/DEBUG   ( 3582):     #08 pc 0001abe7  /system/lib/libsurfaceflinger.so
I/DEBUG   ( 3582):     #09 pc 00019fc3  /system/lib/libsurfaceflinger.so
I/DEBUG   ( 3582):     #10 pc 00019d49  /system/lib/libsurfaceflinger.so
I/DEBUG   ( 3582):     #11 pc 00010ed3  /system/lib/libutils.so (android::Looper::pollInner(int)+410)
I/DEBUG   ( 3582):     #12 pc 00010fc5  /system/lib/libutils.so (android::Looper::pollOnce(int, int*, int*, void**)+92)
I/DEBUG   ( 3582):     #13 pc 000174c5  /system/lib/libsurfaceflinger.so
I/DEBUG   ( 3582):     #14 pc 0001993d  /system/lib/libsurfaceflinger.so (android::SurfaceFlinger::run()+8)
I/DEBUG   ( 3582):     #15 pc 0000083d  /system/bin/surfaceflinger
I/DEBUG   ( 3582):     #16 pc 0000fb75  /system/lib/libc.so (__libc_init+44)
I/DEBUG   ( 3582):     #17 pc 000008d8  /system/bin/surfaceflinger
I/DEBUG   ( 3582): 
I/DEBUG   ( 3582): Tombstone written to: /data/tombstones/tombstone_09
I/ServiceManager( 3571): service 'SurfaceFlinger' died
I/Netd    ( 3806): Netd 1.0 starting
E/Netd    ( 3806): Failed to open /proc/sys/net/ipv6/conf/default/accept_ra_rt_table: No such file or directory
E/Netd    ( 3806): Failed to open /proc/sys/net/ipv6/conf/ip6tnl0/accept_ra_rt_table: No such file or directory
E/Netd    ( 3806): Failed to open /proc/sys/net/ipv6/conf/lo/accept_ra_rt_table: No such file or directory
E/Netd    ( 3806): Failed to open /proc/sys/net/ipv6/conf/rmnet0/accept_ra_rt_table: No such file or directory
E/Netd    ( 3806): Failed to open /proc/sys/net/ipv6/conf/rmnet1/accept_ra_rt_table: No such file or directory
E/Netd    ( 3806): Failed to open /proc/sys/net/ipv6/conf/rmnet2/accept_ra_rt_table: No such file or directory
E/Netd    ( 3806): Failed to open /proc/sys/net/ipv6/conf/rmnet3/accept_ra_rt_table: No such file or directory
E/Netd    ( 3806): Failed to open /proc/sys/net/ipv6/conf/sit0/accept_ra_rt_table: No such file or directory
I/SurfaceFlinger( 3808): SurfaceFlinger is starting
I/SurfaceFlinger( 3808): SurfaceFlinger's main thread ready to run. Initializing graphics H/W...
D/libEGL  ( 3808): loaded /vendor/lib/egl/libGLES_mali.so
I/        ( 3808): PLATFORM VERSION : JB-MR-2
I/gralloc ( 3808): using (fd=12)
I/gralloc ( 3808): id           = 
I/gralloc ( 3808): xres         = 1080 px
I/gralloc ( 3808): yres         = 1920 px
I/gralloc ( 3808): xres_virtual = 1080 px
I/gralloc ( 3808): yres_virtual = 3840 px
I/gralloc ( 3808): bpp          = 32
I/gralloc ( 3808): r            = 16:8
I/gralloc ( 3808): g            =  8:8
I/gralloc ( 3808): b            =  0:8
I/gralloc ( 3808): width        = 65 mm (422.030762 dpi)
I/gralloc ( 3808): height       = 115 mm (424.069580 dpi)
I/gralloc ( 3808): refresh rate = 60.00 Hz
E/HAL     ( 3808): load: module=/system/lib/hw/hwcomposer.exynos5.so
E/HAL     ( 3808): dlopen failed: could not load library "libmedia.so" needed by "hwcomposer.exynos5.so"; caused by could not load library "libsamsungvad.so" needed by "libmedia.so"; caused by could not load library "lib_SamsungVAD_v01007.so" needed by "libsamsungvad.so"; caused by library "lib_SamsungVAD_v01007.so" not found
E/SurfaceFlinger( 3808): hwcomposer module not found
I/SurfaceFlinger( 3808): EGL information:
I/SurfaceFlinger( 3808): vendor    : Android
I/SurfaceFlinger( 3808): version   : 1.4 Android META-EGL
I/SurfaceFlinger( 3808): extensions: EGL_KHR_get_all_proc_addresses EGL_ANDROID_presentation_time EGL_KHR_image EGL_KHR_image_base EGL_KHR_gl_texture_2D_image EGL_KHR_gl_texture_cubemap_image EGL_KHR_gl_renderbuffer_image EGL_KHR_fence_sync EGL_KHR_create_context EGL_ANDROID_image_native_buffer EGL_KHR_wait_sync EGL_ANDROID_recordable 
I/SurfaceFlinger( 3808): Client API: OpenGL_ES
I/SurfaceFlinger( 3808): EGLSurface: 8-8-8-8, config=0xb69cf2ac
I/SurfaceFlinger( 3808): OpenGL ES informations:
I/SurfaceFlinger( 3808): vendor    : ARM
I/SurfaceFlinger( 3808): renderer  : Mali-T628
I/SurfaceFlinger( 3808): version   : OpenGL ES 3.0
I/SurfaceFlinger( 3808): extensions: GL_EXT_debug_marker GL_ARM_rgba8 GL_ARM_mali_shader_binary GL_OES_depth24 GL_OES_depth_texture GL_OES_depth_texture_cube_map GL_OES_packed_depth_stencil GL_OES_rgb8_rgba8 GL_EXT_read_format_bgra GL_OES_compressed_paletted_texture GL_OES_compressed_ETC1_RGB8_texture GL_OES_standard_derivatives GL_OES_EGL_image GL_OES_EGL_image_external GL_OES_EGL_sync GL_OES_texture_npot GL_OES_vertex_half_float GL_OES_required_internalformat GL_OES_vertex_array_object GL_OES_mapbuffer GL_EXT_texture_format_BGRA8888 GL_EXT_texture_rg GL_EXT_texture_type_2_10_10_10_REV GL_OES_fbo_render_mipmap GL_OES_element_index_uint GL_EXT_shadow_samplers GL_OES_texture_compression_astc GL_KHR_texture_compression_astc_ldr GL_KHR_texture_compression_astc_hdr GL_KHR_debug GL_EXT_occlusion_query_boolean GL_EXT_blend_minmax GL_EXT_discard_framebuffer GL_OES_get_program_binary GL_OES_texture_3D GL_EXT_texture_storage GL_EXT_multisampled_render_to_texture GL_OES_surfaceless_context GL_ARM_mali_program_binary 
I/SurfaceFlinger( 3808): GL_MAX_TEXTURE_SIZE = 8192
I/SurfaceFlinger( 3808): GL_MAX_VIEWPORT_DIMS = 8192
E/libEGL  ( 3808): eglQuerySurface:607 error 300d (EGL_BAD_SURFACE)
E/libEGL  ( 3808): eglQuerySurface:607 error 300d (EGL_BAD_SURFACE)
E/libEGL  ( 3808): call to OpenGL ES API with no current context (logged once per thread)
D/SurfaceFlinger( 3808): Set power mode=2, type=0 flinger=0xb6962000
E/libEGL  ( 3808): eglSwapBuffers:1071 error 300d (EGL_BAD_SURFACE)
F/SurfaceFlinger( 3808): eglSwapBuffers(0x1, 0x0) failed with 0x0000300d
F/libc    ( 3808): Fatal signal 6 (SIGABRT), code -6 in tid 3808 (surfaceflinger)
I/DEBUG   ( 3582): property debug.db.uid not set; NOT waiting for gdb.
I/DEBUG   ( 3582): HINT: adb shell setprop debug.db.uid 100000
I/DEBUG   ( 3582): HINT: adb forward tcp:5039 tcp:5039
I/DEBUG   ( 3582): *** *** *** *** *** *** *** *** *** *** *** *** *** *** *** ***
I/DEBUG   ( 3582): Build fingerprint: 'samsung/cm_k3gxx/k3gxx:5.0.2/LRX22G/d4ad8f67ab:userdebug/test-keys'
I/DEBUG   ( 3582): Revision: '10'
I/DEBUG   ( 3582): ABI: 'arm'
I/DEBUG   ( 3582): pid: 3808, tid: 3808, name: surfaceflinger  >>> /system/bin/surfaceflinger <<<
I/DEBUG   ( 3582): signal 6 (SIGABRT), code -6 (SI_TKILL), fault addr --------
I/DEBUG   ( 3582): Abort message: 'eglSwapBuffers(0x1, 0x0) failed with 0x0000300d'
I/DEBUG   ( 3582):     r0 00000000  r1 00000ee0  r2 00000006  r3 00000000
I/DEBUG   ( 3582):     r4 b6f10114  r5 00000006  r6 0000000b  r7 0000010c
I/DEBUG   ( 3582):     r8 00000000  r9 bea56bd0  sl b69540d0  fp bea56bd0
I/DEBUG   ( 3582):     ip 00000ee0  sp bea56650  lr b6e9a7b9  pc b6ebe4e4  cpsr 600f0010
I/DEBUG   ( 3582): 
I/DEBUG   ( 3582): backtrace:
I/DEBUG   ( 3582):     #00 pc 000384e4  /system/lib/libc.so (tgkill+12)
I/DEBUG   ( 3582):     #01 pc 000147b5  /system/lib/libc.so (pthread_kill+52)
I/DEBUG   ( 3582):     #02 pc 0001550b  /system/lib/libc.so (raise+10)
I/DEBUG   ( 3582):     #03 pc 00011c35  /system/lib/libc.so (__libc_android_abort+36)
I/DEBUG   ( 3582):     #04 pc 0000fcb8  /system/lib/libc.so (abort+4)
I/DEBUG   ( 3582):     #05 pc 00007739  /system/lib/libcutils.so (__android_log_assert+88)
I/DEBUG   ( 3582):     #06 pc 0000f4df  /system/lib/libsurfaceflinger.so
I/DEBUG   ( 3582):     #07 pc 0001b9fd  /system/lib/libsurfaceflinger.so
I/DEBUG   ( 3582):     #08 pc 0001abe7  /system/lib/libsurfaceflinger.so
I/DEBUG   ( 3582):     #09 pc 00019fc3  /system/lib/libsurfaceflinger.so
I/DEBUG   ( 3582):     #10 pc 00019d49  /system/lib/libsurfaceflinger.so
I/DEBUG   ( 3582):     #11 pc 00010ed3  /system/lib/libutils.so (android::Looper::pollInner(int)+410)
I/DEBUG   ( 3582):     #12 pc 00010fc5  /system/lib/libutils.so (android::Looper::pollOnce(int, int*, int*, void**)+92)
I/DEBUG   ( 3582):     #13 pc 000174c5  /system/lib/libsurfaceflinger.so
I/DEBUG   ( 3582):     #14 pc 0001993d  /system/lib/libsurfaceflinger.so (android::SurfaceFlinger::run()+8)
I/DEBUG   ( 3582):     #15 pc 0000083d  /system/bin/surfaceflinger
I/DEBUG   ( 3582):     #16 pc 0000fb75  /system/lib/libc.so (__libc_init+44)
I/DEBUG   ( 3582):     #17 pc 000008d8  /system/bin/surfaceflinger
I/DEBUG   ( 3582): 
I/DEBUG   ( 3582): Tombstone written to: /data/tombstones/tombstone_00
I/ServiceManager( 3571): service 'SurfaceFlinger' died
I/Netd    ( 3852): Netd 1.0 starting
E/Netd    ( 3852): Failed to open /proc/sys/net/ipv6/conf/default/accept_ra_rt_table: No such file or directory
E/Netd    ( 3852): Failed to open /proc/sys/net/ipv6/conf/ip6tnl0/accept_ra_rt_table: No such file or directory
E/Netd    ( 3852): Failed to open /proc/sys/net/ipv6/conf/lo/accept_ra_rt_table: No such file or directory
E/Netd    ( 3852): Failed to open /proc/sys/net/ipv6/conf/rmnet0/accept_ra_rt_table: No such file or directory
E/Netd    ( 3852): Failed to open /proc/sys/net/ipv6/conf/rmnet1/accept_ra_rt_table: No such file or directory
E/Netd    ( 3852): Failed to open /proc/sys/net/ipv6/conf/rmnet2/accept_ra_rt_table: No such file or directory
E/Netd    ( 3852): Failed to open /proc/sys/net/ipv6/conf/rmnet3/accept_ra_rt_table: No such file or directory
E/Netd    ( 3852): Failed to open /proc/sys/net/ipv6/conf/sit0/accept_ra_rt_table: No such file or directory
I/SurfaceFlinger( 3854): SurfaceFlinger is starting
I/SurfaceFlinger( 3854): SurfaceFlinger's main thread ready to run. Initializing graphics H/W...
D/libEGL  ( 3854): loaded /vendor/lib/egl/libGLES_mali.so
I/        ( 3854): PLATFORM VERSION : JB-MR-2
I/gralloc ( 3854): using (fd=12)
I/gralloc ( 3854): id           = 
I/gralloc ( 3854): xres         = 1080 px
I/gralloc ( 3854): yres         = 1920 px
I/gralloc ( 3854): xres_virtual = 1080 px
I/gralloc ( 3854): yres_virtual = 3840 px
I/gralloc ( 3854): bpp          = 32
I/gralloc ( 3854): r            = 16:8
I/gralloc ( 3854): g            =  8:8
I/gralloc ( 3854): b            =  0:8
I/gralloc ( 3854): width        = 65 mm (422.030762 dpi)
I/gralloc ( 3854): height       = 115 mm (424.069580 dpi)
I/gralloc ( 3854): refresh rate = 60.00 Hz
E/HAL     ( 3854): load: module=/system/lib/hw/hwcomposer.exynos5.so
E/HAL     ( 3854): dlopen failed: could not load library "libmedia.so" needed by "hwcomposer.exynos5.so"; caused by could not load library "libsamsungvad.so" needed by "libmedia.so"; caused by could not load library "lib_SamsungVAD_v01007.so" needed by "libsamsungvad.so"; caused by library "lib_SamsungVAD_v01007.so" not found
E/SurfaceFlinger( 3854): hwcomposer module not found
I/SurfaceFlinger( 3854): EGL information:
I/SurfaceFlinger( 3854): vendor    : Android
I/SurfaceFlinger( 3854): version   : 1.4 Android META-EGL
I/SurfaceFlinger( 3854): extensions: EGL_KHR_get_all_proc_addresses EGL_ANDROID_presentation_time EGL_KHR_image EGL_KHR_image_base EGL_KHR_gl_texture_2D_image EGL_KHR_gl_texture_cubemap_image EGL_KHR_gl_renderbuffer_image EGL_KHR_fence_sync EGL_KHR_create_context EGL_ANDROID_image_native_buffer EGL_KHR_wait_sync EGL_ANDROID_recordable 
I/SurfaceFlinger( 3854): Client API: OpenGL_ES
I/SurfaceFlinger( 3854): EGLSurface: 8-8-8-8, config=0xb6acf2ac
I/SurfaceFlinger( 3854): OpenGL ES informations:
I/SurfaceFlinger( 3854): vendor    : ARM
I/SurfaceFlinger( 3854): renderer  : Mali-T628
I/SurfaceFlinger( 3854): version   : OpenGL ES 3.0
I/SurfaceFlinger( 3854): extensions: GL_EXT_debug_marker GL_ARM_rgba8 GL_ARM_mali_shader_binary GL_OES_depth24 GL_OES_depth_texture GL_OES_depth_texture_cube_map GL_OES_packed_depth_stencil GL_OES_rgb8_rgba8 GL_EXT_read_format_bgra GL_OES_compressed_paletted_texture GL_OES_compressed_ETC1_RGB8_texture GL_OES_standard_derivatives GL_OES_EGL_image GL_OES_EGL_image_external GL_OES_EGL_sync GL_OES_texture_npot GL_OES_vertex_half_float GL_OES_required_internalformat GL_OES_vertex_array_object GL_OES_mapbuffer GL_EXT_texture_format_BGRA8888 GL_EXT_texture_rg GL_EXT_texture_type_2_10_10_10_REV GL_OES_fbo_render_mipmap GL_OES_element_index_uint GL_EXT_shadow_samplers GL_OES_texture_compression_astc GL_KHR_texture_compression_astc_ldr GL_KHR_texture_compression_astc_hdr GL_KHR_debug GL_EXT_occlusion_query_boolean GL_EXT_blend_minmax GL_EXT_discard_framebuffer GL_OES_get_program_binary GL_OES_texture_3D GL_EXT_texture_storage GL_EXT_multisampled_render_to_texture GL_OES_surfaceless_context GL_ARM_mali_program_binary 
I/SurfaceFlinger( 3854): GL_MAX_TEXTURE_SIZE = 8192
I/SurfaceFlinger( 3854): GL_MAX_VIEWPORT_DIMS = 8192
E/libEGL  ( 3854): eglQuerySurface:607 error 300d (EGL_BAD_SURFACE)
E/libEGL  ( 3854): eglQuerySurface:607 error 300d (EGL_BAD_SURFACE)
E/libEGL  ( 3854): call to OpenGL ES API with no current context (logged once per thread)
D/SurfaceFlinger( 3854): Set power mode=2, type=0 flinger=0xb6a62000
E/libEGL  ( 3854): eglSwapBuffers:1071 error 300d (EGL_BAD_SURFACE)
F/SurfaceFlinger( 3854): eglSwapBuffers(0x1, 0x0) failed with 0x0000300d
F/libc    ( 3854): Fatal signal 6 (SIGABRT), code -6 in tid 3854 (surfaceflinger)
I/DEBUG   ( 3582): property debug.db.uid not set; NOT waiting for gdb.
I/DEBUG   ( 3582): HINT: adb shell setprop debug.db.uid 100000
I/DEBUG   ( 3582): HINT: adb forward tcp:5039 tcp:5039
I/DEBUG   ( 3582): *** *** *** *** *** *** *** *** *** *** *** *** *** *** *** ***
I/DEBUG   ( 3582): Build fingerprint: 'samsung/cm_k3gxx/k3gxx:5.0.2/LRX22G/d4ad8f67ab:userdebug/test-keys'
I/DEBUG   ( 3582): Revision: '10'
I/DEBUG   ( 3582): ABI: 'arm'
I/DEBUG   ( 3582): pid: 3854, tid: 3854, name: surfaceflinger  >>> /system/bin/surfaceflinger <<<
I/DEBUG   ( 3582): signal 6 (SIGABRT), code -6 (SI_TKILL), fault addr --------
I/DEBUG   ( 3582): Abort message: 'eglSwapBuffers(0x1, 0x0) failed with 0x0000300d'
I/DEBUG   ( 3582):     r0 00000000  r1 00000f0e  r2 00000006  r3 00000000
I/DEBUG   ( 3582):     r4 b6fe2114  r5 00000006  r6 0000000b  r7 0000010c
I/DEBUG   ( 3582):     r8 00000000  r9 be92cbd0  sl b6a540d0  fp be92cbd0
I/DEBUG   ( 3582):     ip 00000f0e  sp be92c650  lr b6f6c7b9  pc b6f904e4  cpsr 600f0010
I/DEBUG   ( 3582): 
I/DEBUG   ( 3582): backtrace:
I/DEBUG   ( 3582):     #00 pc 000384e4  /system/lib/libc.so (tgkill+12)
I/DEBUG   ( 3582):     #01 pc 000147b5  /system/lib/libc.so (pthread_kill+52)
I/DEBUG   ( 3582):     #02 pc 0001550b  /system/lib/libc.so (raise+10)
I/DEBUG   ( 3582):     #03 pc 00011c35  /system/lib/libc.so (__libc_android_abort+36)
I/DEBUG   ( 3582):     #04 pc 0000fcb8  /system/lib/libc.so (abort+4)
I/DEBUG   ( 3582):     #05 pc 00007739  /system/lib/libcutils.so (__android_log_assert+88)
I/DEBUG   ( 3582):     #06 pc 0000f4df  /system/lib/libsurfaceflinger.so
I/DEBUG   ( 3582):     #07 pc 0001b9fd  /system/lib/libsurfaceflinger.so
I/DEBUG   ( 3582):     #08 pc 0001abe7  /system/lib/libsurfaceflinger.so
I/DEBUG   ( 3582):     #09 pc 00019fc3  /system/lib/libsurfaceflinger.so
I/DEBUG   ( 3582):     #10 pc 00019d49  /system/lib/libsurfaceflinger.so
I/DEBUG   ( 3582):     #11 pc 00010ed3  /system/lib/libutils.so (android::Looper::pollInner(int)+410)
I/DEBUG   ( 3582):     #12 pc 00010fc5  /system/lib/libutils.so (android::Looper::pollOnce(int, int*, int*, void**)+92)
I/DEBUG   ( 3582):     #13 pc 000174c5  /system/lib/libsurfaceflinger.so
I/DEBUG   ( 3582):     #14 pc 0001993d  /system/lib/libsurfaceflinger.so (android::SurfaceFlinger::run()+8)
I/DEBUG   ( 3582):     #15 pc 0000083d  /system/bin/surfaceflinger
I/DEBUG   ( 3582):     #16 pc 0000fb75  /system/lib/libc.so (__libc_init+44)
I/DEBUG   ( 3582):     #17 pc 000008d8  /system/bin/surfaceflinger
I/DEBUG   ( 3582): 
I/DEBUG   ( 3582): Tombstone written to: /data/tombstones/tombstone_01
I/ServiceManager( 3571): service 'SurfaceFlinger' died
I/Netd    ( 3896): Netd 1.0 starting
E/Netd    ( 3896): Failed to open /proc/sys/net/ipv6/conf/default/accept_ra_rt_table: No such file or directory
E/Netd    ( 3896): Failed to open /proc/sys/net/ipv6/conf/ip6tnl0/accept_ra_rt_table: No such file or directory
E/Netd    ( 3896): Failed to open /proc/sys/net/ipv6/conf/lo/accept_ra_rt_table: No such file or directory
E/Netd    ( 3896): Failed to open /proc/sys/net/ipv6/conf/rmnet0/accept_ra_rt_table: No such file or directory
E/Netd    ( 3896): Failed to open /proc/sys/net/ipv6/conf/rmnet1/accept_ra_rt_table: No such file or directory
E/Netd    ( 3896): Failed to open /proc/sys/net/ipv6/conf/rmnet2/accept_ra_rt_table: No such file or directory
E/Netd    ( 3896): Failed to open /proc/sys/net/ipv6/conf/rmnet3/accept_ra_rt_table: No such file or directory
E/Netd    ( 3896): Failed to open /proc/sys/net/ipv6/conf/sit0/accept_ra_rt_table: No such file or directory
I/SurfaceFlinger( 3898): SurfaceFlinger is starting
I/SurfaceFlinger( 3898): SurfaceFlinger's main thread ready to run. Initializing graphics H/W...
D/libEGL  ( 3898): loaded /vendor/lib/egl/libGLES_mali.so
I/        ( 3898): PLATFORM VERSION : JB-MR-2
I/gralloc ( 3898): using (fd=12)
I/gralloc ( 3898): id           = 
I/gralloc ( 3898): xres         = 1080 px
I/gralloc ( 3898): yres         = 1920 px
I/gralloc ( 3898): xres_virtual = 1080 px
I/gralloc ( 3898): yres_virtual = 3840 px
I/gralloc ( 3898): bpp          = 32
I/gralloc ( 3898): r            = 16:8
I/gralloc ( 3898): g            =  8:8
I/gralloc ( 3898): b            =  0:8
I/gralloc ( 3898): width        = 65 mm (422.030762 dpi)
I/gralloc ( 3898): height       = 115 mm (424.069580 dpi)
I/gralloc ( 3898): refresh rate = 60.00 Hz
E/HAL     ( 3898): load: module=/system/lib/hw/hwcomposer.exynos5.so
E/HAL     ( 3898): dlopen failed: could not load library "libmedia.so" needed by "hwcomposer.exynos5.so"; caused by could not load library "libsamsungvad.so" needed by "libmedia.so"; caused by could not load library "lib_SamsungVAD_v01007.so" needed by "libsamsungvad.so"; caused by library "lib_SamsungVAD_v01007.so" not found
E/SurfaceFlinger( 3898): hwcomposer module not found
I/SurfaceFlinger( 3898): EGL information:
I/SurfaceFlinger( 3898): vendor    : Android
I/SurfaceFlinger( 3898): version   : 1.4 Android META-EGL
I/SurfaceFlinger( 3898): extensions: EGL_KHR_get_all_proc_addresses EGL_ANDROID_presentation_time EGL_KHR_image EGL_KHR_image_base EGL_KHR_gl_texture_2D_image EGL_KHR_gl_texture_cubemap_image EGL_KHR_gl_renderbuffer_image EGL_KHR_fence_sync EGL_KHR_create_context EGL_ANDROID_image_native_buffer EGL_KHR_wait_sync EGL_ANDROID_recordable 
I/SurfaceFlinger( 3898): Client API: OpenGL_ES
I/SurfaceFlinger( 3898): EGLSurface: 8-8-8-8, config=0xb6acf2ac
I/SurfaceFlinger( 3898): OpenGL ES informations:
I/SurfaceFlinger( 3898): vendor    : ARM
I/SurfaceFlinger( 3898): renderer  : Mali-T628
I/SurfaceFlinger( 3898): version   : OpenGL ES 3.0
I/SurfaceFlinger( 3898): extensions: GL_EXT_debug_marker GL_ARM_rgba8 GL_ARM_mali_shader_binary GL_OES_depth24 GL_OES_depth_texture GL_OES_depth_texture_cube_map GL_OES_packed_depth_stencil GL_OES_rgb8_rgba8 GL_EXT_read_format_bgra GL_OES_compressed_paletted_texture GL_OES_compressed_ETC1_RGB8_texture GL_OES_standard_derivatives GL_OES_EGL_image GL_OES_EGL_image_external GL_OES_EGL_sync GL_OES_texture_npot GL_OES_vertex_half_float GL_OES_required_internalformat GL_OES_vertex_array_object GL_OES_mapbuffer GL_EXT_texture_format_BGRA8888 GL_EXT_texture_rg GL_EXT_texture_type_2_10_10_10_REV GL_OES_fbo_render_mipmap GL_OES_element_index_uint GL_EXT_shadow_samplers GL_OES_texture_compression_astc GL_KHR_texture_compression_astc_ldr GL_KHR_texture_compression_astc_hdr GL_KHR_debug GL_EXT_occlusion_query_boolean GL_EXT_blend_minmax GL_EXT_discard_framebuffer GL_OES_get_program_binary GL_OES_texture_3D GL_EXT_texture_storage GL_EXT_multisampled_render_to_texture GL_OES_surfaceless_context GL_ARM_mali_program_binary 
I/SurfaceFlinger( 3898): GL_MAX_TEXTURE_SIZE = 8192
I/SurfaceFlinger( 3898): GL_MAX_VIEWPORT_DIMS = 8192
E/libEGL  ( 3898): eglQuerySurface:607 error 300d (EGL_BAD_SURFACE)
E/libEGL  ( 3898): eglQuerySurface:607 error 300d (EGL_BAD_SURFACE)
E/libEGL  ( 3898): call to OpenGL ES API with no current context (logged once per thread)
D/SurfaceFlinger( 3898): Set power mode=2, type=0 flinger=0xb6a62000
E/libEGL  ( 3898): eglSwapBuffers:1071 error 300d (EGL_BAD_SURFACE)
F/SurfaceFlinger( 3898): eglSwapBuffers(0x1, 0x0) failed with 0x0000300d
F/libc    ( 3898): Fatal signal 6 (SIGABRT), code -6 in tid 3898 (surfaceflinger)
I/DEBUG   ( 3582): property debug.db.uid not set; NOT waiting for gdb.
I/DEBUG   ( 3582): HINT: adb shell setprop debug.db.uid 100000
I/DEBUG   ( 3582): HINT: adb forward tcp:5039 tcp:5039
I/DEBUG   ( 3582): *** *** *** *** *** *** *** *** *** *** *** *** *** *** *** ***
I/DEBUG   ( 3582): Build fingerprint: 'samsung/cm_k3gxx/k3gxx:5.0.2/LRX22G/d4ad8f67ab:userdebug/test-keys'
I/DEBUG   ( 3582): Revision: '10'
I/DEBUG   ( 3582): ABI: 'arm'
I/DEBUG   ( 3582): pid: 3898, tid: 3898, name: surfaceflinger  >>> /system/bin/surfaceflinger <<<
I/DEBUG   ( 3582): signal 6 (SIGABRT), code -6 (SI_TKILL), fault addr --------
I/DEBUG   ( 3582): Abort message: 'eglSwapBuffers(0x1, 0x0) failed with 0x0000300d'
I/DEBUG   ( 3582):     r0 00000000  r1 00000f3a  r2 00000006  r3 00000000
I/DEBUG   ( 3582):     r4 b6fbf114  r5 00000006  r6 0000000b  r7 0000010c
I/DEBUG   ( 3582):     r8 00000000  r9 bec4cbd0  sl b6a540d0  fp bec4cbd0
I/DEBUG   ( 3582):     ip 00000f3a  sp bec4c650  lr b6f497b9  pc b6f6d4e4  cpsr 600f0010
I/DEBUG   ( 3582): 
I/DEBUG   ( 3582): backtrace:
I/DEBUG   ( 3582):     #00 pc 000384e4  /system/lib/libc.so (tgkill+12)
I/DEBUG   ( 3582):     #01 pc 000147b5  /system/lib/libc.so (pthread_kill+52)
I/DEBUG   ( 3582):     #02 pc 0001550b  /system/lib/libc.so (raise+10)
I/DEBUG   ( 3582):     #03 pc 00011c35  /system/lib/libc.so (__libc_android_abort+36)
I/DEBUG   ( 3582):     #04 pc 0000fcb8  /system/lib/libc.so (abort+4)
I/DEBUG   ( 3582):     #05 pc 00007739  /system/lib/libcutils.so (__android_log_assert+88)
I/DEBUG   ( 3582):     #06 pc 0000f4df  /system/lib/libsurfaceflinger.so
I/DEBUG   ( 3582):     #07 pc 0001b9fd  /system/lib/libsurfaceflinger.so
I/DEBUG   ( 3582):     #08 pc 0001abe7  /system/lib/libsurfaceflinger.so
I/DEBUG   ( 3582):     #09 pc 00019fc3  /system/lib/libsurfaceflinger.so
I/DEBUG   ( 3582):     #10 pc 00019d49  /system/lib/libsurfaceflinger.so
I/DEBUG   ( 3582):     #11 pc 00010ed3  /system/lib/libutils.so (android::Looper::pollInner(int)+410)
I/DEBUG   ( 3582):     #12 pc 00010fc5  /system/lib/libutils.so (android::Looper::pollOnce(int, int*, int*, void**)+92)
I/DEBUG   ( 3582):     #13 pc 000174c5  /system/lib/libsurfaceflinger.so
I/DEBUG   ( 3582):     #14 pc 0001993d  /system/lib/libsurfaceflinger.so (android::SurfaceFlinger::run()+8)
I/DEBUG   ( 3582):     #15 pc 0000083d  /system/bin/surfaceflinger
I/DEBUG   ( 3582):     #16 pc 0000fb75  /system/lib/libc.so (__libc_init+44)
I/DEBUG   ( 3582):     #17 pc 000008d8  /system/bin/surfaceflinger
I/DEBUG   ( 3582): 
I/DEBUG   ( 3582): Tombstone written to: /data/tombstones/tombstone_02
I/ServiceManager( 3571): service 'SurfaceFlinger' died
I/Netd    ( 3942): Netd 1.0 starting
E/Netd    ( 3942): Failed to open /proc/sys/net/ipv6/conf/default/accept_ra_rt_table: No such file or directory
E/Netd    ( 3942): Failed to open /proc/sys/net/ipv6/conf/ip6tnl0/accept_ra_rt_table: No such file or directory
E/Netd    ( 3942): Failed to open /proc/sys/net/ipv6/conf/lo/accept_ra_rt_table: No such file or directory
E/Netd    ( 3942): Failed to open /proc/sys/net/ipv6/conf/rmnet0/accept_ra_rt_table: No such file or directory
E/Netd    ( 3942): Failed to open /proc/sys/net/ipv6/conf/rmnet1/accept_ra_rt_table: No such file or directory
E/Netd    ( 3942): Failed to open /proc/sys/net/ipv6/conf/rmnet2/accept_ra_rt_table: No such file or directory
E/Netd    ( 3942): Failed to open /proc/sys/net/ipv6/conf/rmnet3/accept_ra_rt_table: No such file or directory
E/Netd    ( 3942): Failed to open /proc/sys/net/ipv6/conf/sit0/accept_ra_rt_table: No such file or directory
I/SurfaceFlinger( 3944): SurfaceFlinger is starting
I/SurfaceFlinger( 3944): SurfaceFlinger's main thread ready to run. Initializing graphics H/W...
D/libEGL  ( 3944): loaded /vendor/lib/egl/libGLES_mali.so
I/        ( 3944): PLATFORM VERSION : JB-MR-2
I/gralloc ( 3944): using (fd=12)
I/gralloc ( 3944): id           = 
I/gralloc ( 3944): xres         = 1080 px
I/gralloc ( 3944): yres         = 1920 px
I/gralloc ( 3944): xres_virtual = 1080 px
I/gralloc ( 3944): yres_virtual = 3840 px
I/gralloc ( 3944): bpp          = 32
I/gralloc ( 3944): r            = 16:8
I/gralloc ( 3944): g            =  8:8
I/gralloc ( 3944): b            =  0:8
I/gralloc ( 3944): width        = 65 mm (422.030762 dpi)
I/gralloc ( 3944): height       = 115 mm (424.069580 dpi)
I/gralloc ( 3944): refresh rate = 60.00 Hz
E/HAL     ( 3944): load: module=/system/lib/hw/hwcomposer.exynos5.so
E/HAL     ( 3944): dlopen failed: could not load library "libmedia.so" needed by "hwcomposer.exynos5.so"; caused by could not load library "libsamsungvad.so" needed by "libmedia.so"; caused by could not load library "lib_SamsungVAD_v01007.so" needed by "libsamsungvad.so"; caused by library "lib_SamsungVAD_v01007.so" not found
E/SurfaceFlinger( 3944): hwcomposer module not found
I/SurfaceFlinger( 3944): EGL information:
I/SurfaceFlinger( 3944): vendor    : Android
I/SurfaceFlinger( 3944): version   : 1.4 Android META-EGL
