I/PackageManager( 4088): /system/app/PackageInstaller changed; collecting certs
W/PackageManager( 4088): System package com.android.packageinstaller signature changed; retaining data.
I/PackageManager( 4088): SELinux relabeling of com.android.packageinstaller issued.
I/art     ( 4088): DexFile_isDexOptNeeded failed to open oat file '/data/dalvik-cache/arm/system@app@PackageInstaller@PackageInstaller.apk@classes.dex' for file location '/system/app/PackageInstaller/PackageInstaller.apk': Failed to open oat filename for reading: No such file or directory
I/art     ( 4088): DexFile_isDexOptNeeded failed to open oat file '/system/app/PackageInstaller/arm/PackageInstaller.odex' for file location '/system/app/PackageInstaller/PackageInstaller.apk': Failed to open oat filename for reading: No such file or directory
I/PackageManager( 4088): /system/app/PhaseBeam changed; collecting certs
W/PackageManager( 4088): Trying to update system app code path from /system/priv-app/PhaseBeam to /system/app/PhaseBeam
W/PackageManager( 4088): System package com.android.phasebeam signature changed; retaining data.
I/PackageManager( 4088): SELinux relabeling of com.android.phasebeam issued.
I/art     ( 4088): DexFile_isDexOptNeeded failed to open oat file '/data/dalvik-cache/arm/system@app@PhaseBeam@PhaseBeam.apk@classes.dex' for file location '/system/app/PhaseBeam/PhaseBeam.apk': Failed to open oat filename for reading: No such file or directory
I/art     ( 4088): DexFile_isDexOptNeeded failed to open oat file '/system/app/PhaseBeam/arm/PhaseBeam.odex' for file location '/system/app/PhaseBeam/PhaseBeam.apk': Failed to open oat filename for reading: No such file or directory
W/PackageManager( 4088): Code path for pkg : com.android.phasebeam changing from /system/priv-app/PhaseBeam to /system/app/PhaseBeam
W/PackageManager( 4088): Resource path for pkg : com.android.phasebeam changing from /system/priv-app/PhaseBeam to /system/app/PhaseBeam
I/PackageManager( 4088): /system/app/PhotoPhase changed; collecting certs
I/PackageManager( 4088): SELinux relabeling of org.cyanogenmod.wallpapers.photophase issued.
I/art     ( 4088): DexFile_isDexOptNeeded failed to open oat file '/data/dalvik-cache/arm/system@app@PhotoPhase@PhotoPhase.apk@classes.dex' for file location '/system/app/PhotoPhase/PhotoPhase.apk': Failed to open oat filename for reading: No such file or directory
I/art     ( 4088): DexFile_isDexOptNeeded failed to open oat file '/system/app/PhotoPhase/arm/PhotoPhase.odex' for file location '/system/app/PhotoPhase/PhotoPhase.apk': Failed to open oat filename for reading: No such file or directory
I/PackageManager( 4088): /system/app/PhotoTable changed; collecting certs
W/PackageManager( 4088): System package com.android.dreams.phototable signature changed; retaining data.
I/PackageManager( 4088): SELinux relabeling of com.android.dreams.phototable issued.
I/art     ( 4088): DexFile_isDexOptNeeded failed to open oat file '/data/dalvik-cache/arm/system@app@PhotoTable@PhotoTable.apk@classes.dex' for file location '/system/app/PhotoTable/PhotoTable.apk': Failed to open oat filename for reading: No such file or directory
I/art     ( 4088): DexFile_isDexOptNeeded failed to open oat file '/system/app/PhotoTable/arm/PhotoTable.odex' for file location '/system/app/PhotoTable/PhotoTable.apk': Failed to open oat filename for reading: No such file or directory
I/PackageManager( 4088): /system/app/PicoTts changed; collecting certs
I/PackageManager( 4088): SELinux relabeling of com.svox.pico issued.
I/art     ( 4088): DexFile_isDexOptNeeded failed to open oat file '/data/dalvik-cache/arm/system@app@PicoTts@PicoTts.apk@classes.dex' for file location '/system/app/PicoTts/PicoTts.apk': Failed to open oat filename for reading: No such file or directory
I/art     ( 4088): DexFile_isDexOptNeeded failed to open oat file '/system/app/PicoTts/arm/PicoTts.odex' for file location '/system/app/PicoTts/PicoTts.apk': Failed to open oat filename for reading: No such file or directory
I/PackageManager( 4088): /system/app/PrintSpooler changed; collecting certs
W/PackageManager( 4088): Trying to update system app code path from /system/app/SPrintSpooler to /system/app/PrintSpooler
W/PackageManager( 4088): System package com.android.printspooler signature changed; retaining data.
I/PackageManager( 4088): SELinux relabeling of com.android.printspooler issued.
I/art     ( 4088): DexFile_isDexOptNeeded failed to open oat file '/data/dalvik-cache/arm/system@app@PrintSpooler@PrintSpooler.apk@classes.dex' for file location '/system/app/PrintSpooler/PrintSpooler.apk': Failed to open oat filename for reading: No such file or directory
I/art     ( 4088): DexFile_isDexOptNeeded failed to open oat file '/system/app/PrintSpooler/arm/PrintSpooler.odex' for file location '/system/app/PrintSpooler/PrintSpooler.apk': Failed to open oat filename for reading: No such file or directory
W/PackageManager( 4088): Code path for pkg : com.android.printspooler changing from /system/app/SPrintSpooler to /system/app/PrintSpooler
W/PackageManager( 4088): Resource path for pkg : com.android.printspooler changing from /system/app/SPrintSpooler to /system/app/PrintSpooler
I/PackageManager( 4088): /system/app/Provision changed; collecting certs
I/PackageManager( 4088): SELinux relabeling of com.android.provision issued.
I/art     ( 4088): DexFile_isDexOptNeeded failed to open oat file '/data/dalvik-cache/arm/system@app@Provision@Provision.apk@classes.dex' for file location '/system/app/Provision/Provision.apk': Failed to open oat filename for reading: No such file or directory
I/art     ( 4088): DexFile_isDexOptNeeded failed to open oat file '/system/app/Provision/arm/Provision.odex' for file location '/system/app/Provision/Provision.apk': Failed to open oat filename for reading: No such file or directory
I/PackageManager( 4088): /system/app/SoundRecorder changed; collecting certs
I/PackageManager( 4088): SELinux relabeling of com.android.soundrecorder issued.
I/art     ( 4088): DexFile_isDexOptNeeded failed to open oat file '/data/dalvik-cache/arm/system@app@SoundRecorder@SoundRecorder.apk@classes.dex' for file location '/system/app/SoundRecorder/SoundRecorder.apk': Failed to open oat filename for reading: No such file or directory
I/art     ( 4088): DexFile_isDexOptNeeded failed to open oat file '/system/app/SoundRecorder/arm/SoundRecorder.odex' for file location '/system/app/SoundRecorder/SoundRecorder.apk': Failed to open oat filename for reading: No such file or directory
I/PackageManager( 4088): /system/app/Stk changed; collecting certs
W/SurfaceFlinger( 3670): Ignoring duplicate VSYNC event from HWC (t=56550067006)
W/PackageManager( 4088): Failed to parse /system/app/Stk: Signature mismatch for shared user : SharedUserSetting{37465339 android.uid.phone/1001}
I/PackageManager( 4088): /system/app/Terminal changed; collecting certs
I/PackageManager( 4088): SELinux relabeling of com.android.terminal issued.
I/art     ( 4088): DexFile_isDexOptNeeded failed to open oat file '/data/dalvik-cache/arm/system@app@Terminal@Terminal.apk@classes.dex' for file location '/system/app/Terminal/Terminal.apk': Failed to open oat filename for reading: No such file or directory
I/art     ( 4088): DexFile_isDexOptNeeded failed to open oat file '/system/app/Terminal/arm/Terminal.odex' for file location '/system/app/Terminal/Terminal.apk': Failed to open oat filename for reading: No such file or directory
I/PackageManager( 4088): /system/app/UserDictionaryProvider changed; collecting certs
W/PackageManager( 4088): Failed to parse /system/app/UserDictionaryProvider: Signature mismatch for shared user : SharedUserSetting{9557757 android.uid.shared/10020}
I/PackageManager( 4088): /system/app/VisualizationWallpapers changed; collecting certs
I/PackageManager( 4088): SELinux relabeling of com.android.musicvis issued.
I/art     ( 4088): DexFile_isDexOptNeeded failed to open oat file '/data/dalvik-cache/arm/system@app@VisualizationWallpapers@VisualizationWallpapers.apk@classes.dex' for file location '/system/app/VisualizationWallpapers/VisualizationWallpapers.apk': Failed to open oat filename for reading: No such file or directory
I/art     ( 4088): DexFile_isDexOptNeeded failed to open oat file '/system/app/VisualizationWallpapers/arm/VisualizationWallpapers.odex' for file location '/system/app/VisualizationWallpapers/VisualizationWallpapers.apk': Failed to open oat filename for reading: No such file or directory
I/PackageManager( 4088): /system/app/WAPPushManager changed; collecting certs
I/PackageManager( 4088): SELinux relabeling of com.android.smspush issued.
I/art     ( 4088): DexFile_isDexOptNeeded failed to open oat file '/data/dalvik-cache/arm/system@app@WAPPushManager@WAPPushManager.apk@classes.dex' for file location '/system/app/WAPPushManager/WAPPushManager.apk': Failed to open oat filename for reading: No such file or directory
I/art     ( 4088): DexFile_isDexOptNeeded failed to open oat file '/system/app/WAPPushManager/arm/WAPPushManager.odex' for file location '/system/app/WAPPushManager/WAPPushManager.apk': Failed to open oat filename for reading: No such file or directory
I/PackageManager( 4088): /system/app/WhisperPush changed; collecting certs
I/PackageManager( 4088): SELinux relabeling of org.whispersystems.whisperpush issued.
I/art     ( 4088): DexFile_isDexOptNeeded failed to open oat file '/data/dalvik-cache/arm/system@app@WhisperPush@WhisperPush.apk@classes.dex' for file location '/system/app/WhisperPush/WhisperPush.apk': Failed to open oat filename for reading: No such file or directory
I/art     ( 4088): DexFile_isDexOptNeeded failed to open oat file '/system/app/WhisperPush/arm/WhisperPush.odex' for file location '/system/app/WhisperPush/WhisperPush.apk': Failed to open oat filename for reading: No such file or directory
W/PackageManager( 4088): Failed to parse /system/app/mcRegistry: Missing base APK in /system/app/mcRegistry
I/PackageManager( 4088): /system/app/webview changed; collecting certs
I/PackageManager( 4088): SELinux relabeling of com.android.webview issued.
I/art     ( 4088): DexFile_isDexOptNeeded failed to open oat file '/data/dalvik-cache/arm/system@app@webview@webview.apk@classes.dex' for file location '/system/app/webview/webview.apk': Failed to open oat filename for reading: No such file or directory
I/art     ( 4088): DexFile_isDexOptNeeded failed to open oat file '/system/app/webview/arm/webview.odex' for file location '/system/app/webview/webview.apk': Failed to open oat filename for reading: No such file or directory
D/PackageManager( 4088): No files in app dir /system/vendor/app
D/PackageManager( 4088): No files in app dir /oem/app
D/PackageManager( 4088): No files in app dir /vendor/bundled-app
W/PackageManager( 4088): System package com.sec.esdk.elm no longer exists; wiping its data
E/installd( 3688): Couldn't opendir /data/data/com.sec.esdk.elm: No such file or directory
W/PackageManager( 4088): System package com.sec.android.app.taskmanager no longer exists; wiping its data
E/installd( 3688): Couldn't opendir /data/data/com.sec.android.app.taskmanager: No such file or directory
W/PackageManager( 4088): System package com.sec.android.app.sbrowsertry no longer exists; wiping its data
E/installd( 3688): Couldn't opendir /data/data/com.sec.android.app.sbrowsertry: No such file or directory
W/PackageManager( 4088): System package com.sec.android.mmapp no longer exists; wiping its data
E/installd( 3688): Couldn't opendir /data/data/com.sec.android.mmapp: No such file or directory
W/PackageManager( 4088): System package com.sec.android.service.health no longer exists; wiping its data
E/installd( 3688): Couldn't opendir /data/data/com.sec.android.service.health: No such file or directory
W/PackageManager( 4088): System package com.sec.android.app.soundalive no longer exists; wiping its data
E/installd( 3688): Couldn't opendir /data/data/com.sec.android.app.soundalive: No such file or directory
W/PackageManager( 4088): System package com.sec.android.app.chromecustomizations no longer exists; wiping its data
E/installd( 3688): Couldn't opendir /data/data/com.sec.android.app.chromecustomizations: No such file or directory
W/PackageManager( 4088): System package com.android.providers.userdictionary no longer exists; wiping its data
E/installd( 3688): Couldn't opendir /data/data/com.android.providers.userdictionary: No such file or directory
W/PackageManager( 4088): System package com.dsi.ant.server no longer exists; wiping its data
E/installd( 3688): Couldn't opendir /data/data/com.dsi.ant.server: No such file or directory
W/PackageManager( 4088): System package com.samsung.android.app.FileShareClient no longer exists; wiping its data
E/installd( 3688): Couldn't opendir /data/data/com.samsung.android.app.FileShareClient: No such file or directory
W/PackageManager( 4088): System package com.android.apps.tag no longer exists; wiping its data
E/installd( 3688): Couldn't opendir /data/data/com.android.apps.tag: No such file or directory
W/PackageManager( 4088): System package com.google.android.apps.docs.editors.docs no longer exists; wiping its data
E/installd( 3688): Couldn't opendir /data/data/com.google.android.apps.docs.editors.docs: No such file or directory
W/PackageManager( 4088): System package com.sec.android.GeoLookout no longer exists; wiping its data
E/installd( 3688): Couldn't opendir /data/data/com.sec.android.GeoLookout: No such file or directory
W/PackageManager( 4088): System package com.sec.enterprise.knox.cloudmdm.smdms no longer exists; wiping its data
E/installd( 3688): Couldn't opendir /data/data/com.sec.enterprise.knox.cloudmdm.smdms: No such file or directory
W/PackageManager( 4088): System package com.samsung.android.securitylogagent no longer exists; wiping its data
E/installd( 3688): Couldn't opendir /data/data/com.samsung.android.securitylogagent: No such file or directory
W/PackageManager( 4088): System package com.sec.android.app.filtermanager no longer exists; wiping its data
E/installd( 3688): Couldn't opendir /data/data/com.sec.android.app.filtermanager: No such file or directory
W/PackageManager( 4088): System package com.sec.android.app.easylauncher no longer exists; wiping its data
E/installd( 3688): Couldn't opendir /data/data/com.sec.android.app.easylauncher: No such file or directory
W/PackageManager( 4088): System package com.android.providers.partnerbookmarks no longer exists; wiping its data
E/installd( 3688): Couldn't opendir /data/data/com.android.providers.partnerbookmarks: No such file or directory
W/PackageManager( 4088): System package com.sec.android.app.sbrowser no longer exists; wiping its data
E/installd( 3688): Couldn't opendir /data/data/com.sec.android.app.sbrowser: No such file or directory
W/PackageManager( 4088): System package com.sec.android.RilServiceModeApp no longer exists; wiping its data
E/installd( 3688): Couldn't opendir /data/data/com.sec.android.RilServiceModeApp: No such file or directory
W/PackageManager( 4088): System package com.samsung.app.video no longer exists; wiping its data
E/installd( 3688): Couldn't opendir /data/data/com.samsung.app.video: No such file or directory
W/PackageManager( 4088): System package com.sec.android.app.FlashBarService no longer exists; wiping its data
E/installd( 3688): Couldn't opendir /data/data/com.sec.android.app.FlashBarService: No such file or directory
W/PackageManager( 4088): System package com.samsung.android.scloud.quota no longer exists; wiping its data
E/installd( 3688): Couldn't opendir /data/data/com.samsung.android.scloud.quota: No such file or directory
W/PackageManager( 4088): System package com.samsung.android.nearby.mediaserver no longer exists; wiping its data
E/installd( 3688): Couldn't opendir /data/data/com.samsung.android.nearby.mediaserver: No such file or directory
W/PackageManager( 4088): System package com.sec.android.emergencylauncher no longer exists; wiping its data
E/installd( 3688): Couldn't opendir /data/data/com.sec.android.emergencylauncher: No such file or directory
W/PackageManager( 4088): System package com.google.android.feedback no longer exists; wiping its data
E/installd( 3688): Couldn't opendir /data/data/com.google.android.feedback: No such file or directory
W/PackageManager( 4088): System package com.samsung.android.app.assistantmenu no longer exists; wiping its data
E/installd( 3688): Couldn't opendir /data/data/com.samsung.android.app.assistantmenu: No such file or directory
W/PackageManager( 4088): System package com.samsung.android.app.sounddetector no longer exists; wiping its data
E/installd( 3688): Couldn't opendir /data/data/com.samsung.android.app.sounddetector: No such file or directory
W/PackageManager( 4088): System package com.sec.android.service.sm no longer exists; wiping its data
E/installd( 3688): Couldn't opendir /data/data/com.sec.android.service.sm: No such file or directory
W/PackageManager( 4088): System package com.sec.dsm.system no longer exists; wiping its data
E/installd( 3688): Couldn't opendir /data/data/com.sec.dsm.system: No such file or directory
W/PackageManager( 4088): System package com.sec.android.app.snsimagecache no longer exists; wiping its data
E/installd( 3688): Couldn't opendir /data/data/com.sec.android.app.snsimagecache: No such file or directory
W/PackageManager( 4088): System package com.google.android.onetimeinitializer no longer exists; wiping its data
E/installd( 3688): Couldn't opendir /data/data/com.google.android.onetimeinitializer: No such file or directory
W/PackageManager( 4088): System package com.sec.android.app.storycam no longer exists; wiping its data
E/installd( 3688): Couldn't opendir /data/data/com.sec.android.app.storycam: No such file or directory
W/PackageManager( 4088): System package com.android.inputdevices no longer exists; wiping its data
E/installd( 3688): Couldn't opendir /data/data/com.android.inputdevices: No such file or directory
W/PackageManager( 4088): System package com.blurb.checkout no longer exists; wiping its data
E/installd( 3688): Couldn't opendir /data/data/com.blurb.checkout: No such file or directory
W/PackageManager( 4088): System package com.sec.knox.switcher no longer exists; wiping its data
E/installd( 3688): Couldn't opendir /data/data/com.sec.knox.switcher: No such file or directory
W/PackageManager( 4088): System package com.samsung.android.beaconmanager no longer exists; wiping its data
E/installd( 3688): Couldn't opendir /data/data/com.samsung.android.beaconmanager: No such file or directory
W/PackageManager( 4088): System package com.android.bluetooth no longer exists; wiping its data
E/installd( 3688): Couldn't opendir /data/data/com.android.bluetooth: No such file or directory
W/PackageManager( 4088): System package com.sec.allsharecastplayer no longer exists; wiping its data
E/installd( 3688): Couldn't opendir /data/data/com.sec.allsharecastplayer: No such file or directory
W/PackageManager( 4088): System package com.fmm.dm no longer exists; wiping its data
E/installd( 3688): Couldn't opendir /data/data/com.fmm.dm: No such file or directory
W/PackageManager( 4088): System package com.samsung.android.app.gestureservice no longer exists; wiping its data
E/installd( 3688): Couldn't opendir /data/data/com.samsung.android.app.gestureservice: No such file or directory
W/PackageManager( 4088): System package com.sec.enterprise.mdm.services.simpin no longer exists; wiping its data
E/installd( 3688): Couldn't opendir /data/data/com.sec.enterprise.mdm.services.simpin: No such file or directory
W/PackageManager( 4088): System package com.sec.android.app.servicemodeapp no longer exists; wiping its data
E/installd( 3688): Couldn't opendir /data/data/com.sec.android.app.servicemodeapp: No such file or directory
W/PackageManager( 4088): System package com.sec.android.easyonehand no longer exists; wiping its data
E/installd( 3688): Couldn't opendir /data/data/com.sec.android.easyonehand: No such file or directory
W/PackageManager( 4088): System package com.sec.android.app.mt no longer exists; wiping its data
E/installd( 3688): Couldn't opendir /data/data/com.sec.android.app.mt: No such file or directory
W/PackageManager( 4088): System package com.samsung.android.MtpApplication no longer exists; wiping its data
E/installd( 3688): Couldn't opendir /data/data/com.samsung.android.MtpApplication: No such file or directory
W/PackageManager( 4088): System package com.lifevibes.trimapp no longer exists; wiping its data
E/installd( 3688): Couldn't opendir /data/data/com.lifevibes.trimapp: No such file or directory
W/PackageManager( 4088): System package com.android.contacts no longer exists; wiping its data
E/installd( 3688): Couldn't opendir /data/data/com.android.contacts: No such file or directory
W/PackageManager( 4088): System package com.samsung.android.providers.context no longer exists; wiping its data
E/installd( 3688): Couldn't opendir /data/data/com.samsung.android.providers.context: No such file or directory
W/PackageManager( 4088): System package com.sec.phone no longer exists; wiping its data
E/installd( 3688): Couldn't opendir /data/data/com.sec.phone: No such file or directory
W/PackageManager( 4088): System package com.sec.hearingadjust no longer exists; wiping its data
E/installd( 3688): Couldn't opendir /data/data/com.sec.hearingadjust: No such file or directory
W/PackageManager( 4088): System package com.android.server.telecom no longer exists; wiping its data
E/installd( 3688): Couldn't opendir /data/data/com.android.server.telecom: No such file or directory
W/PackageManager( 4088): System package com.sec.bcservice no longer exists; wiping its data
E/installd( 3688): Couldn't opendir /data/data/com.sec.bcservice: No such file or directory
W/PackageManager( 4088): System package com.sec.android.stub.paywithpaypal no longer exists; wiping its data
E/installd( 3688): Couldn't opendir /data/data/com.sec.android.stub.paywithpaypal: No such file or directory
W/PackageManager( 4088): System package com.samsung.android.sdk.spenv10 no longer exists; wiping its data
E/installd( 3688): Couldn't opendir /data/data/com.samsung.android.sdk.spenv10: No such file or directory
W/PackageManager( 4088): System package com.monotype.android.font.rosemary no longer exists; wiping its data
E/installd( 3688): Couldn't opendir /data/data/com.monotype.android.font.rosemary: No such file or directory
W/PackageManager( 4088): System package com.sec.android.provider.emergencymode no longer exists; wiping its data
E/installd( 3688): Couldn't opendir /data/data/com.sec.android.provider.emergencymode: No such file or directory
W/PackageManager( 4088): System package com.sec.android.app.videoplayer no longer exists; wiping its data
E/installd( 3688): Couldn't opendir /data/data/com.sec.android.app.videoplayer: No such file or directory
W/PackageManager( 4088): System package com.sec.android.Kies no longer exists; wiping its data
E/installd( 3688): Couldn't opendir /data/data/com.sec.android.Kies: No such file or directory
W/PackageManager( 4088): System package com.android.systemui no longer exists; wiping its data
E/installd( 3688): Couldn't opendir /data/data/com.android.systemui: No such file or directory
W/PackageManager( 4088): System package com.android.nfc no longer exists; wiping its data
E/installd( 3688): Couldn't opendir /data/data/com.android.nfc: No such file or directory
W/PackageManager( 4088): System package com.sec.knox.shortcutsms no longer exists; wiping its data
E/installd( 3688): Couldn't opendir /data/data/com.sec.knox.shortcutsms: No such file or directory
W/PackageManager( 4088): System package com.sec.android.app.safetyassurance no longer exists; wiping its data
E/installd( 3688): Couldn't opendir /data/data/com.sec.android.app.safetyassurance: No such file or directory
W/PackageManager( 4088): System package com.android.providers.calendar no longer exists; wiping its data
E/installd( 3688): Couldn't opendir /data/data/com.android.providers.calendar: No such file or directory
W/PackageManager( 4088): System package com.android.providers.downloads no longer exists; wiping its data
E/installd( 3688): Couldn't opendir /data/data/com.android.providers.downloads: No such file or directory
W/PackageManager( 4088): System package com.google.android.gsf no longer exists; wiping its data
E/installd( 3688): Couldn't opendir /data/data/com.google.android.gsf: No such file or directory
W/PackageManager( 4088): System package com.sec.android.app.factorykeystring no longer exists; wiping its data
E/installd( 3688): Couldn't opendir /data/data/com.sec.android.app.factorykeystring: No such file or directory
W/PackageManager( 4088): System package com.samsung.android.app.colorblind no longer exists; wiping its data
E/installd( 3688): Couldn't opendir /data/data/com.samsung.android.app.colorblind: No such file or directory
W/PackageManager( 4088): System package com.sec.app.RilErrorNotifier no longer exists; wiping its data
E/installd( 3688): Couldn't opendir /data/data/com.sec.app.RilErrorNotifier: No such file or directory
W/PackageManager( 4088): System package com.samsung.android.scloud.backup no longer exists; wiping its data
E/installd( 3688): Couldn't opendir /data/data/com.samsung.android.scloud.backup: No such file or directory
W/PackageManager( 4088): System package com.android.location.fused no longer exists; wiping its data
E/installd( 3688): Couldn't opendir /data/data/com.android.location.fused: No such file or directory
W/PackageManager( 4088): System package com.sec.android.automotive.drivelink no longer exists; wiping its data
E/installd( 3688): Couldn't opendir /data/data/com.sec.android.automotive.drivelink: No such file or directory
W/PackageManager( 4088): System package com.samsung.android.app.airwakeupview no longer exists; wiping its data
E/installd( 3688): Couldn't opendir /data/data/com.samsung.android.app.airwakeupview: No such file or directory
W/PackageManager( 4088): System package com.samsung.android.scloud.proxy.memo no longer exists; wiping its data
E/installd( 3688): Couldn't opendir /data/data/com.samsung.android.scloud.proxy.memo: No such file or directory
W/PackageManager( 4088): System package com.dropbox.android no longer exists; wiping its data
E/installd( 3688): Couldn't opendir /data/data/com.dropbox.android: No such file or directory
W/PackageManager( 4088): System package com.android.providers.contacts no longer exists; wiping its data
E/installd( 3688): Couldn't opendir /data/data/com.android.providers.contacts: No such file or directory
W/PackageManager( 4088): System package com.sec.automation no longer exists; wiping its data
E/installd( 3688): Couldn't opendir /data/data/com.sec.automation: No such file or directory
W/PackageManager( 4088): System package com.sec.android.mimage.photoretouching no longer exists; wiping its data
E/installd( 3688): Couldn't opendir /data/data/com.sec.android.mimage.photoretouching: No such file or directory
W/PackageManager( 4088): System package com.sec.android.widgetapp.activeapplicationwidget no longer exists; wiping its data
E/installd( 3688): Couldn't opendir /data/data/com.sec.android.widgetapp.activeapplicationwidget: No such file or directory
W/PackageManager( 4088): System package com.samsung.android.app.FileShareServer no longer exists; wiping its data
E/installd( 3688): Couldn't opendir /data/data/com.samsung.android.app.FileShareServer: No such file or directory
W/PackageManager( 4088): System package com.samsung.android.scloud.proxy.calendar no longer exists; wiping its data
E/installd( 3688): Couldn't opendir /data/data/com.samsung.android.scloud.proxy.calendar: No such file or directory
W/PackageManager( 4088): System package com.google.android.apps.magazines no longer exists; wiping its data
E/installd( 3688): Couldn't opendir /data/data/com.google.android.apps.magazines: No such file or directory
W/PackageManager( 4088): System package com.google.android.setupwizard no longer exists; wiping its data
E/installd( 3688): Couldn't opendir /data/data/com.google.android.setupwizard: No such file or directory
W/PackageManager( 4088): System package com.sec.android.app.bluetoothtest no longer exists; wiping its data
E/installd( 3688): Couldn't opendir /data/data/com.sec.android.app.bluetoothtest: No such file or directory
W/PackageManager( 4088): System package com.sec.pcw.device no longer exists; wiping its data
E/installd( 3688): Couldn't opendir /data/data/com.sec.pcw.device: No such file or directory
W/PackageManager( 4088): System package com.sec.usbsettings no longer exists; wiping its data
E/installd( 3688): Couldn't opendir /data/data/com.sec.usbsettings: No such file or directory
W/PackageManager( 4088): System package com.sec.providers.settingsearch no longer exists; wiping its data
E/installd( 3688): Couldn't opendir /data/data/com.sec.providers.settingsearch: No such file or directory
W/PackageManager( 4088): System package com.samsung.android.provider.shootingmodeprovider no longer exists; wiping its data
E/installd( 3688): Couldn't opendir /data/data/com.samsung.android.provider.shootingmodeprovider: No such file or directory
W/PackageManager( 4088): System package com.samsung.android.app.shareaccessibilitysettings no longer exists; wiping its data
E/installd( 3688): Couldn't opendir /data/data/com.samsung.android.app.shareaccessibilitysettings: No such file or directory
W/PackageManager( 4088): System package com.sec.android.mimage.sstudio no longer exists; wiping its data
E/installd( 3688): Couldn't opendir /data/data/com.sec.android.mimage.sstudio: No such file or directory
W/PackageManager( 4088): System package com.sec.knox.containeragent2 no longer exists; wiping its data
E/installd( 3688): Couldn't opendir /data/data/com.sec.knox.containeragent2: No such file or directory
W/PackageManager( 4088): System package com.monotype.android.font.cooljazz no longer exists; wiping its data
E/installd( 3688): Couldn't opendir /data/data/com.monotype.android.font.cooljazz: No such file or directory
W/PackageManager( 4088): System package com.sec.android.app.wlantest no longer exists; wiping its data
E/installd( 3688): Couldn't opendir /data/data/com.sec.android.app.wlantest: No such file or directory
W/PackageManager( 4088): System package com.samsung.android.scloud.proxy.contacts no longer exists; wiping its data
E/installd( 3688): Couldn't opendir /data/data/com.samsung.android.scloud.proxy.contacts: No such file or directory
W/PackageManager( 4088): System package com.gd.mobicore.pa no longer exists; wiping its data
E/installd( 3688): Couldn't opendir /data/data/com.gd.mobicore.pa: No such file or directory
W/PackageManager( 4088): System package com.google.android.configupdater no longer exists; wiping its data
E/installd( 3688): Couldn't opendir /data/data/com.google.android.configupdater: No such file or directory
W/PackageManager( 4088): System package com.sec.knox.bridge no longer exists; wiping its data
E/installd( 3688): Couldn't opendir /data/data/com.sec.knox.bridge: No such file or directory
W/PackageManager( 4088): System package com.sec.android.app.magnifier no longer exists; wiping its data
E/installd( 3688): Couldn't opendir /data/data/com.sec.android.app.magnifier: No such file or directory
W/PackageManager( 4088): System package com.samsung.android.personalpage.service no longer exists; wiping its data
E/installd( 3688): Couldn't opendir /data/data/com.samsung.android.personalpage.service: No such file or directory
W/PackageManager( 4088): System package com.sec.android.emergencymode.service no longer exists; wiping its data
E/installd( 3688): Couldn't opendir /data/data/com.sec.android.emergencymode.service: No such file or directory
W/PackageManager( 4088): System package com.wsomacp no longer exists; wiping its data
E/installd( 3688): Couldn't opendir /data/data/com.wsomacp: No such file or directory
W/PackageManager( 4088): System package com.samsung.android.app.headlines no longer exists; wiping its data
E/installd( 3688): Couldn't opendir /data/data/com.samsung.android.app.headlines: No such file or directory
W/PackageManager( 4088): System package com.samsung.android.scloud.proxy.snote3 no longer exists; wiping its data
E/installd( 3688): Couldn't opendir /data/data/com.samsung.android.scloud.proxy.snote3: No such file or directory
W/PackageManager( 4088): System package com.sec.android.app.bcocr no longer exists; wiping its data
E/installd( 3688): Couldn't opendir /data/data/com.sec.android.app.bcocr: No such file or directory
W/PackageManager( 4088): System package com.sec.android.app.tourviewer no longer exists; wiping its data
E/installd( 3688): Couldn't opendir /data/data/com.sec.android.app.tourviewer: No such file or directory
W/PackageManager( 4088): System package com.sec.app.samsungprintservice no longer exists; wiping its data
E/installd( 3688): Couldn't opendir /data/data/com.sec.app.samsungprintservice: No such file or directory
W/PackageManager( 4088): System package com.sec.android.preloadinstaller no longer exists; wiping its data
E/installd( 3688): Couldn't opendir /data/data/com.sec.android.preloadinstaller: No such file or directory
W/PackageManager( 4088): System package com.sec.android.app.billing no longer exists; wiping its data
E/installd( 3688): Couldn't opendir /data/data/com.sec.android.app.billing: No such file or directory
W/PackageManager( 4088): System package com.sec.android.app.launcher no longer exists; wiping its data
E/installd( 3688): Couldn't opendir /data/data/com.sec.android.app.launcher: No such file or directory
W/PackageManager( 4088): System package com.arcsoft.magicshotstudio no longer exists; wiping its data
E/installd( 3688): Couldn't opendir /data/data/com.arcsoft.magicshotstudio: No such file or directory
W/PackageManager( 4088): System package com.sec.android.providers.security no longer exists; wiping its data
E/installd( 3688): Couldn't opendir /data/data/com.sec.android.providers.security: No such file or directory
W/PackageManager( 4088): System package com.sec.android.app.clockpackage no longer exists; wiping its data
E/installd( 3688): Couldn't opendir /data/data/com.sec.android.app.clockpackage: No such file or directory
W/PackageManager( 4088): System package com.sec.android.app.hwmoduletest no longer exists; wiping its data
E/installd( 3688): Couldn't opendir /data/data/com.sec.android.app.hwmoduletest: No such file or directory
W/PackageManager( 4088): System package com.samsung.android.service.travel no longer exists; wiping its data
E/installd( 3688): Couldn't opendir /data/data/com.samsung.android.service.travel: No such file or directory
W/PackageManager( 4088): System package com.sec.android.Preconfig no longer exists; wiping its data
E/installd( 3688): Couldn't opendir /data/data/com.sec.android.Preconfig: No such file or directory
W/PackageManager( 4088): System package com.android.stk no longer exists; wiping its data
E/installd( 3688): Couldn't opendir /data/data/com.android.stk: No such file or directory
W/PackageManager( 4088): System package com.google.android.gsf.login no longer exists; wiping its data
E/installd( 3688): Couldn't opendir /data/data/com.google.android.gsf.login: No such file or directory
W/PackageManager( 4088): System package com.sec.android.app.voicenote no longer exists; wiping its data
E/installd( 3688): Couldn't opendir /data/data/com.sec.android.app.voicenote: No such file or directory
W/PackageManager( 4088): System package com.sec.android.diagmonagent no longer exists; wiping its data
E/installd( 3688): Couldn't opendir /data/data/com.sec.android.diagmonagent: No such file or directory
W/PackageManager( 4088): System package com.sec.android.provider.badge no longer exists; wiping its data
E/installd( 3688): Couldn't opendir /data/data/com.sec.android.provider.badge: No such file or directory
W/PackageManager( 4088): System package com.samsung.android.sconnect no longer exists; wiping its data
E/installd( 3688): Couldn't opendir /data/data/com.samsung.android.sconnect: No such file or directory
W/PackageManager( 4088): System package com.sec.android.ofviewer no longer exists; wiping its data
E/installd( 3688): Couldn't opendir /data/data/com.sec.android.ofviewer: No such file or directory
W/PackageManager( 4088): System package com.samsung.android.mdm no longer exists; wiping its data
E/installd( 3688): Couldn't opendir /data/data/com.samsung.android.mdm: No such file or directory
W/PackageManager( 4088): System package com.sec.android.gallery3d no longer exists; wiping its data
E/installd( 3688): Couldn't opendir /data/data/com.sec.android.gallery3d: No such file or directory
W/PackageManager( 4088): System package com.sec.smartcard.manager no longer exists; wiping its data
E/installd( 3688): Couldn't opendir /data/data/com.sec.smartcard.manager: No such file or directory
W/PackageManager( 4088): System package com.wssyncmldm no longer exists; wiping its data
E/installd( 3688): Couldn't opendir /data/data/com.wssyncmldm: No such file or directory
W/PackageManager( 4088): System package com.samsung.android.sdk.professionalaudio.app.audioconnectionservice no longer exists; wiping its data
E/installd( 3688): Couldn't opendir /data/data/com.samsung.android.sdk.professionalaudio.app.audioconnectionservice: No such file or directory
W/PackageManager( 4088): System package com.samsung.android.provider.filterprovider no longer exists; wiping its data
E/installd( 3688): Couldn't opendir /data/data/com.samsung.android.provider.filterprovider: No such file or directory
W/PackageManager( 4088): System package com.sec.android.widgetapp.easymodecontactswidget no longer exists; wiping its data
E/installd( 3688): Couldn't opendir /data/data/com.sec.android.widgetapp.easymodecontactswidget: No such file or directory
W/PackageManager( 4088): System package com.sec.factory.camera no longer exists; wiping its data
E/installd( 3688): Couldn't opendir /data/data/com.sec.factory.camera: No such file or directory
W/PackageManager( 4088): System package com.sec.android.directconnect no longer exists; wiping its data
E/installd( 3688): Couldn't opendir /data/data/com.sec.android.directconnect: No such file or directory
W/PackageManager( 4088): System package com.sec.knox.packageverifier no longer exists; wiping its data
E/installd( 3688): Couldn't opendir /data/data/com.sec.knox.packageverifier: No such file or directory
W/PackageManager( 4088): System package com.sec.android.providers.tasks no longer exists; wiping its data
E/installd( 3688): Couldn't opendir /data/data/com.sec.android.providers.tasks: No such file or directory
W/PackageManager( 4088): System package com.sec.android.app.samsungapps no longer exists; wiping its data
E/installd( 3688): Couldn't opendir /data/data/com.sec.android.app.samsungapps: No such file or directory
W/PackageManager( 4088): System package com.monotype.android.font.samsungsans no longer exists; wiping its data
E/installd( 3688): Couldn't opendir /data/data/com.monotype.android.font.samsungsans: No such file or directory
W/PackageManager( 4088): System package com.sec.android.app.DataCreate no longer exists; wiping its data
E/installd( 3688): Couldn't opendir /data/data/com.sec.android.app.DataCreate: No such file or directory
W/PackageManager( 4088): System package com.android.shell no longer exists; wiping its data
E/installd( 3688): Couldn't opendir /data/data/com.android.shell: No such file or directory
W/PackageManager( 4088): System package com.sec.android.cloudagent no longer exists; wiping its data
E/installd( 3688): Couldn't opendir /data/data/com.sec.android.cloudagent: No such file or directory
W/PackageManager( 4088): System package com.samsung.klmsagent no longer exists; wiping its data
E/installd( 3688): Couldn't opendir /data/data/com.samsung.klmsagent: No such file or directory
W/PackageManager( 4088): System package com.sec.android.app.dictionary no longer exists; wiping its data
E/installd( 3688): Couldn't opendir /data/data/com.sec.android.app.dictionary: No such file or directory
W/PackageManager( 4088): System package com.sec.android.app.ringtoneBR no longer exists; wiping its data
E/installd( 3688): Couldn't opendir /data/data/com.sec.android.app.ringtoneBR: No such file or directory
W/PackageManager( 4088): System package com.sec.android.app.wfdbroker no longer exists; wiping its data
E/installd( 3688): Couldn't opendir /data/data/com.sec.android.app.wfdbroker: No such file or directory
W/PackageManager( 4088): System package com.osp.app.signin no longer exists; wiping its data
E/installd( 3688): Couldn't opendir /data/data/com.osp.app.signin: No such file or directory
W/PackageManager( 4088): System package com.sec.android.app.sysscope no longer exists; wiping its data
E/installd( 3688): Couldn't opendir /data/data/com.sec.android.app.sysscope: No such file or directory
W/PackageManager( 4088): System package com.android.keychain no longer exists; wiping its data
E/installd( 3688): Couldn't opendir /data/data/com.android.keychain: No such file or directory
W/PackageManager( 4088): System package com.sec.android.directshare no longer exists; wiping its data
E/installd( 3688): Couldn't opendir /data/data/com.sec.android.directshare: No such file or directory
W/PackageManager( 4088): System package com.sec.android.app.personalization no longer exists; wiping its data
E/installd( 3688): Couldn't opendir /data/data/com.sec.android.app.personalization: No such file or directory
W/PackageManager( 4088): System package com.sec.android.app.parser no longer exists; wiping its data
E/installd( 3688): Couldn't opendir /data/data/com.sec.android.app.parser: No such file or directory
W/PackageManager( 4088): System package com.sec.tcpdumpservice no longer exists; wiping its data
E/installd( 3688): Couldn't opendir /data/data/com.sec.tcpdumpservice: No such file or directory
W/PackageManager( 4088): System package com.samsung.android.app.galaxyfinder no longer exists; wiping its data
E/installd( 3688): Couldn't opendir /data/data/com.samsung.android.app.galaxyfinder: No such file or directory
W/PackageManager( 4088): System package com.android.browser.provider no longer exists; wiping its data
E/installd( 3688): Couldn't opendir /data/data/com.android.browser.provider: No such file or directory
W/PackageManager( 4088): System package com.sec.factory no longer exists; wiping its data
E/installd( 3688): Couldn't opendir /data/data/com.sec.factory: No such file or directory
W/PackageManager( 4088): System package com.sec.android.app.minimode.res no longer exists; wiping its data
E/installd( 3688): Couldn't opendir /data/data/com.sec.android.app.minimode.res: No such file or directory
W/PackageManager( 4088): System package com.sec.android.filter no longer exists; wiping its data
E/installd( 3688): Couldn't opendir /data/data/com.sec.android.filter: No such file or directory
W/PackageManager( 4088): System package com.sec.android.gallery3d.panorama360view no longer exists; wiping its data
E/installd( 3688): Couldn't opendir /data/data/com.sec.android.gallery3d.panorama360view: No such file or directory
W/PackageManager( 4088): System package com.dsi.ant.sample.acquirechannels no longer exists; wiping its data
E/installd( 3688): Couldn't opendir /data/data/com.dsi.ant.sample.acquirechannels: No such file or directory
W/PackageManager( 4088): System package com.sec.enterprise.knox.attestation no longer exists; wiping its data
E/installd( 3688): Couldn't opendir /data/data/com.sec.enterprise.knox.attestation: No such file or directory
W/PackageManager( 4088): System package com.samsung.everglades.video no longer exists; wiping its data
E/installd( 3688): Couldn't opendir /data/data/com.samsung.everglades.video: No such file or directory
W/PackageManager( 4088): System package com.sec.android.easysettings no longer exists; wiping its data
E/installd( 3688): Couldn't opendir /data/data/com.sec.android.easysettings: No such file or directory
W/PackageManager( 4088): System package com.fixmo.isa no longer exists; wiping its data
E/installd( 3688): Couldn't opendir /data/data/com.fixmo.isa: No such file or directory
W/PackageManager( 4088): System package com.sec.android.app.myfiles no longer exists; wiping its data
E/installd( 3688): Couldn't opendir /data/data/com.sec.android.app.myfiles: No such file or directory
W/PackageManager( 4088): System package com.policydm no longer exists; wiping its data
E/installd( 3688): Couldn't opendir /data/data/com.policydm: No such file or directory
W/PackageManager( 4088): System package com.samsung.android.allshare.service.mediashare no longer exists; wiping its data
E/installd( 3688): Couldn't opendir /data/data/com.samsung.android.allshare.service.mediashare: No such file or directory
W/PackageManager( 4088): System package com.sec.android.widgetapp.digitalclock no longer exists; wiping its data
E/installd( 3688): Couldn't opendir /data/data/com.sec.android.widgetapp.digitalclock: No such file or directory
W/PackageManager( 4088): System package com.sec.android.fotaclient no longer exists; wiping its data
E/installd( 3688): Couldn't opendir /data/data/com.sec.android.fotaclient: No such file or directory
W/PackageManager( 4088): System package com.samsung.android.scloud.auth no longer exists; wiping its data
E/installd( 3688): Couldn't opendir /data/data/com.samsung.android.scloud.auth: No such file or directory
W/PackageManager( 4088): System package com.android.phone no longer exists; wiping its data
E/installd( 3688): Couldn't opendir /data/data/com.android.phone: No such file or directory
W/PackageManager( 4088): System package com.sec.android.provider.logsprovider no longer exists; wiping its data
E/installd( 3688): Couldn't opendir /data/data/com.sec.android.provider.logsprovider: No such file or directory
W/PackageManager( 4088): System package com.sec.android.widgetapp.digitalclockeasy no longer exists; wiping its data
E/installd( 3688): Couldn't opendir /data/data/com.sec.android.widgetapp.digitalclockeasy: No such file or directory
W/PackageManager( 4088): System package android no longer exists; wiping its data
E/installd( 3688): Couldn't opendir /data/data/android: No such file or directory
W/PackageManager( 4088): System package com.sec.android.widget.samsungapps no longer exists; wiping its data
E/installd( 3688): Couldn't opendir /data/data/com.sec.android.widget.samsungapps: No such file or directory
W/PackageManager( 4088): System package com.android.providers.telephony no longer exists; wiping its data
E/installd( 3688): Couldn't opendir /data/data/com.android.providers.telephony: No such file or directory
W/PackageManager( 4088): System package com.samsung.android.scloud.sync no longer exists; wiping its data
E/installd( 3688): Couldn't opendir /data/data/com.samsung.android.scloud.sync: No such file or directory
W/PackageManager( 4088): System package com.sec.android.app.mediasync no longer exists; wiping its data
E/installd( 3688): Couldn't opendir /data/data/com.sec.android.app.mediasync: No such file or directory
W/PackageManager( 4088): System package com.sec.android.pagebuddynotisvc no longer exists; wiping its data
E/installd( 3688): Couldn't opendir /data/data/com.sec.android.pagebuddynotisvc: No such file or directory
W/PackageManager( 4088): System package com.sec.android.app.wallpaperchooser no longer exists; wiping its data
E/installd( 3688): Couldn't opendir /data/data/com.sec.android.app.wallpaperchooser: No such file or directory
W/PackageManager( 4088): System package com.sec.knox.knoxsetupwizardclient no longer exists; wiping its data
E/installd( 3688): Couldn't opendir /data/data/com.sec.knox.knoxsetupwizardclient: No such file or directory
W/PackageManager( 4088): System package com.samsung.groupcast no longer exists; wiping its data
E/installd( 3688): Couldn't opendir /data/data/com.samsung.groupcast: No such file or directory
W/PackageManager( 4088): System package com.samsung.location no longer exists; wiping its data
E/installd( 3688): Couldn't opendir /data/data/com.samsung.location: No such file or directory
W/PackageManager( 4088): System package com.samsung.clipboardsaveservice no longer exists; wiping its data
E/installd( 3688): Couldn't opendir /data/data/com.samsung.clipboardsaveservice: No such file or directory
W/PackageManager( 4088): System package com.samsung.android.clipboarduiservice no longer exists; wiping its data
E/installd( 3688): Couldn't opendir /data/data/com.samsung.android.clipboarduiservice: No such file or directory
W/PackageManager( 4088): System package com.samsung.android.fingerprint.service no longer exists; wiping its data
E/installd( 3688): Couldn't opendir /data/data/com.samsung.android.fingerprint.service: No such file or directory
W/PackageManager( 4088): System package com.samsung.knox.rcp.components no longer exists; wiping its data
E/installd( 3688): Couldn't opendir /data/data/com.samsung.knox.rcp.components: No such file or directory
W/PackageManager( 4088): System package com.samsung.android.app.filterinstaller no longer exists; wiping its data
E/installd( 3688): Couldn't opendir /data/data/com.samsung.android.app.filterinstaller: No such file or directory
W/PackageManager( 4088): System package com.samsung.android.scloud.proxy.sbrowser no longer exists; wiping its data
E/installd( 3688): Couldn't opendir /data/data/com.samsung.android.scloud.proxy.sbrowser: No such file or directory
W/PackageManager( 4088): System package com.samsung.android.visualeffect.res no longer exists; wiping its data
E/installd( 3688): Couldn't opendir /data/data/com.samsung.android.visualeffect.res: No such file or directory
W/PackageManager( 4088): System package com.sec.android.widgetapp.dualclockdigital no longer exists; wiping its data
E/installd( 3688): Couldn't opendir /data/data/com.sec.android.widgetapp.dualclockdigital: No such file or directory
W/PackageManager( 4088): System package com.samsung.safetyinformation no longer exists; wiping its data
