W/ACodec  ( 3694): do not know color format 0x7f000789 = 2130708361
W/ACodec  ( 3694): do not know color format 0x7f000012 = 2130706450
W/ACodec  ( 3694): do not know color format 0xf = 15
E/OMXNodeInstance( 3694): getParameter(100663297) ERROR: 0x8000100e
D/libexynosv4l2( 3694): try node: /dev/video6
D/libexynosv4l2( 3694): try node: /dev/video7
I/libexynosv4l2( 3694): node found for device s5p-mfc-enc: /dev/video7
D/PermissionMonitor( 4122): Monitoring
D/PermissionMonitor( 4122): Users: 1, Apps: 62
I/libexynosv4l2( 3694): open video device /dev/video7
E/OMXNodeInstance( 3694): getParameter(100663311) ERROR: 0x8000100e
W/ACodec  ( 3694): do not know color format 0x7f000011 = 2130706449
W/ACodec  ( 3694): do not know color format 0x10 = 16
W/ACodec  ( 3694): do not know color format 0x7f000013 = 2130706451
W/ACodec  ( 3694): do not know color format 0x7f000789 = 2130708361
W/ACodec  ( 3694): do not know color format 0x7f000012 = 2130706450
W/ACodec  ( 3694): do not know color format 0xf = 15
E/OMXNodeInstance( 3694): getParameter(100663297) ERROR: 0x8000100e
E/OMXNodeInstance( 3694): getParameter(100663311) ERROR: 0x8000101a
E/OMXNodeInstance( 3694): getParameter(100663297) ERROR: 0x8000101a
E/OMXNodeInstance( 3694): getParameter(100663311) ERROR: 0x8000101a
E/OMXNodeInstance( 3694): getParameter(100663297) ERROR: 0x8000101a
I/SystemServiceManager( 4122): Starting phase 600
D/BluetoothManagerService( 4122): Message: 20
D/BluetoothManagerService( 4122): Added callback: android.bluetooth.BluetoothAdapter$1@89c5d6b:true
D/ConditionProviders( 4122): onServiceAdded ManagedServiceInfo[component=ComponentInfo{android/com.android.server.notification.CountdownConditionProvider},userid=0,isSystem=true,targetSdkVersion=21,connection=null,service=android.service.notification.ConditionProviderService$Provider@3acc90c8]
E/OMXNodeInstance( 3694): getParameter(100663311) ERROR: 0x8000101a
E/OMXNodeInstance( 3694): getParameter(100663297) ERROR: 0x8000101a
D/ConditionProviders( 4122): onServiceAdded ManagedServiceInfo[component=ComponentInfo{android/com.android.server.notification.DowntimeConditionProvider},userid=0,isSystem=true,targetSdkVersion=21,connection=null,service=android.service.notification.ConditionProviderService$Provider@1fe6c561]
D/BluetoothManagerService( 4122): Message: 30
D/BluetoothManagerService( 4122): Message: 30
I/BackupManagerService( 4122): Backup enabled => false
I/BackupManagerService( 4122): Opting out of backup
E/OMXNodeInstance( 3694): getParameter(100663311) ERROR: 0x8000101a
E/OMXNodeInstance( 3694): getParameter(100663297) ERROR: 0x8000101a
E/OMXNodeInstance( 3694): getParameter(100663311) ERROR: 0x8000101a
E/OMXNodeInstance( 3694): getParameter(100663297) ERROR: 0x8000101a
E/InputMethodManagerService( 4122): Ignoring setImeWindowStatus due to an invalid token. uid:1000 token:null
E/WifiStateMachine( 4122): Failed to start supplicant!
E/OMXNodeInstance( 3694): getParameter(100663311) ERROR: 0x8000101a
E/OMXNodeInstance( 3694): getParameter(100663297) ERROR: 0x8000101a
E/OMXNodeInstance( 3694): getParameter(100663311) ERROR: 0x8000101a
E/OMXNodeInstance( 3694): getParameter(100663297) ERROR: 0x8000101a
E/OMXNodeInstance( 3694): getParameter(100663311) ERROR: 0x8000101a
E/OMXNodeInstance( 3694): getParameter(100663297) ERROR: 0x8000101a
E/OMXNodeInstance( 3694): getParameter(100663311) ERROR: 0x8000101a
E/OMXNodeInstance( 3694): getParameter(100663297) ERROR: 0x8000101a
E/OMXNodeInstance( 3694): getParameter(100663311) ERROR: 0x8000101a
E/OMXNodeInstance( 3694): getParameter(100663297) ERROR: 0x8000101a
E/OMXNodeInstance( 3694): getParameter(100663311) ERROR: 0x8000101a
E/OMXNodeInstance( 3694): getParameter(100663297) ERROR: 0x8000101a
E/OMXNodeInstance( 3694): getParameter(100663311) ERROR: 0x8000101a
E/OMXNodeInstance( 3694): getParameter(100663297) ERROR: 0x8000101a
E/OMXNodeInstance( 3694): getParameter(100663311) ERROR: 0x8000101a
E/OMXNodeInstance( 3694): getParameter(100663297) ERROR: 0x8000101a
D/WVMDrmPlugIn( 3693): WVMDrmPlugin::onInitialize : 6866
D/WVMDrmPlugIn( 3693): WVMDrmPlugin::onSetOnInfoListener : add 6866
D/WVMDrmPlugIn( 3693): WVMDrmPlugin::onTerminate : 6866
E/OMXNodeInstance( 3694): getParameter(100663311) ERROR: 0x8000101a
E/OMXNodeInstance( 3694): getParameter(100663297) ERROR: 0x8000101a
I/FFmpegExtractor( 3694): android-source:0xb1d06060
I/ActivityManager( 4122): Start proc com.android.inputmethod.latin for service com.android.inputmethod.latin/.LatinIME: pid=4472 uid=10039 gids={50039, 9997, 1028, 1015} abi=armeabi-v7a
V/InputMethodManagerService( 4122): Adding window token: android.os.Binder@362b1327
I/FFMPEG  ( 3694): Input #0, ogg, from 'android-source:0xb1d06060':
I/FFMPEG  ( 3694):   Duration: 00:00:00.09, start: 0.000000, bitrate: 437 kb/s
I/FFMPEG  ( 3694):     Stream #0:0: Audio: vorbis, 48000 Hz, stereo, fltp, 96 kb/s
D/FFmpegExtractor( 3694): FFmpegExtrator, url: android-source:0xb1d06060, format_name: ogg, format_long_name: Ogg
I/FFmpegExtractor( 3694): adjust mime(application/ogg -> audio/vorbis)
D/FFmpegExtractor( 3694): suppoted codec(vorbis) by official Stagefright
D/FFmpegExtractor( 3694): ffmpeg detected media content as 'audio/vorbis' with confidence 0.08
E/OMXNodeInstance( 3694): getParameter(100663311) ERROR: 0x8000100e
E/OMXNodeInstance( 3694): getParameter(100663297) ERROR: 0x8000100e
E/OMXNodeInstance( 3694): OMX_GetExtensionIndex OMX.google.android.index.storeMetaDataInBuffers failed
E/OMXNodeInstance( 3694): getParameter(100663311) ERROR: 0x8000100e
E/OMXNodeInstance( 3694): getParameter(100663297) ERROR: 0x8000100e
E/OMXNodeInstance( 3694): OMX_GetExtensionIndex OMX.google.android.index.storeMetaDataInBuffers failed
W/MediaCodecList( 3694): ignoring Limit specified outside of a Type
W/MediaCodecList( 3694): ignoring Limit specified outside of a Type
W/MediaCodecList( 3694): ignoring Limit specified outside of a Type
W/MediaCodecList( 3694): ignoring Limit specified outside of a Type
W/MediaCodecList( 3694): ignoring Limit specified outside of a Type
W/MediaCodecList( 3694): ignoring Feature specified outside of a Type
E/OMXNodeInstance( 3694): getParameter(100663311) ERROR: 0x8000100e
E/OMXNodeInstance( 3694): getParameter(100663297) ERROR: 0x8000100e
E/OMXNodeInstance( 3694): OMX_GetExtensionIndex OMX.google.android.index.storeMetaDataInBuffers failed
E/libgps  ( 4122): proxy__gps_get_extension: Unsupported GpsInterface extension: "gps_measurement"
E/libgps  ( 4122): Interface "gps_measurement" is not supported
E/libgps  ( 4122): proxy__gps_get_extension: Unsupported GpsInterface extension: "gps_navigation_message"
E/libgps  ( 4122): Interface "gps_navigation_message" is not supported
E/libgps  ( 4122): proxy__gps_get_extension: Unsupported GpsInterface extension: "gnss_configuration"
E/libgps  ( 4122): Interface "gnss_configuration" is not supported
D/GpsLocationProvider( 4122): Reset GPS properties, previous size = 0
D/GpsLocationProvider( 4122): GpsParamsResource: SUPL_HOST=supl.google.com
D/GpsLocationProvider( 4122): GpsParamsResource: SUPL_PORT=7275
D/GpsLocationProvider( 4122): GpsParamsResource: NTP_SERVER=north-america.pool.ntp.org
D/GpsLocationProvider( 4122): GpsParamsResource: SUPL_VER=0x20000
D/GpsLocationProvider( 4122): GpsParamsResource: SUPL_MODE=1
E/OMXNodeInstance( 3694): getParameter(100663311) ERROR: 0x8000100e
E/OMXNodeInstance( 3694): getParameter(100663297) ERROR: 0x8000100e
E/OMXNodeInstance( 3694): OMX_GetExtensionIndex OMX.google.android.index.storeMetaDataInBuffers failed
D/GpsLocationProvider( 4122): GPS properties reloaded, size = 18
D/libgps  ( 4122): SendGpsExtensionMessage: Waiting for IPC connection...
D/NuPlayerDriver( 3694): start(0xb410d040)
I/GenericSource( 3694): start
D/SoftHEVC( 3694): Number of CPU cores: 8
D/SoftHEVC( 3694): Initializing decoder
W/Utils   ( 3694): bool android::canOffloadStream(const android::sp<android::MetaData>&, bool, const android::sp<android::MetaData>&, bool, audio_stream_type_t) No sample bit depth info in meta data
E/AudioPolicyManager( 3694): isOffloadSupported: stream_type != MUSIC, returning false
D/SoftHEVC( 3694): Set number of cores to 4
D/SoftHEVC( 3694): Ittiam decoder version number: @(#)Id:HEVCDEC_production Ver:04.01 Released by ITTIAM Build: Jul  3 2015 @ 03:59:22
E/OMXNodeInstance( 3694): getParameter(100663311) ERROR: 0x8000100e
E/OMXNodeInstance( 3694): getParameter(100663297) ERROR: 0x8000100e
E/OMXNodeInstance( 3694): OMX_GetExtensionIndex OMX.google.android.index.storeMetaDataInBuffers failed
D/SoftHEVC( 3694): Freeing codec memory
W/Utils   ( 3694): bool android::canOffloadStream(const android::sp<android::MetaData>&, bool, const android::sp<android::MetaData>&, bool, audio_stream_type_t) No sample bit depth info in meta data
E/AudioPolicyManager( 3694): isOffloadSupported: stream_type != MUSIC, returning false
D/SoftHEVC( 3694): Number of CPU cores: 8
D/SoftHEVC( 3694): Initializing decoder
D/SoftHEVC( 3694): Set number of cores to 4
D/SoftHEVC( 3694): Ittiam decoder version number: @(#)Id:HEVCDEC_production Ver:04.01 Released by ITTIAM Build: Jul  3 2015 @ 03:59:22
D/SoftHEVC( 3694): In SoftHEVC::~SoftHEVC
D/SoftHEVC( 3694): Freeing codec memory
E/OMXNodeInstance( 3694): getParameter(100663311) ERROR: 0x8000100e
E/OMXNodeInstance( 3694): getParameter(100663297) ERROR: 0x8000100e
E/OMXNodeInstance( 3694): OMX_GetExtensionIndex OMX.google.android.index.storeMetaDataInBuffers failed
E/OMXNodeInstance( 3694): getParameter(100663311) ERROR: 0x8000100e
E/OMXNodeInstance( 3694): getParameter(100663297) ERROR: 0x8000100e
E/OMXNodeInstance( 3694): OMX_GetExtensionIndex OMX.google.android.index.storeMetaDataInBuffers failed
I/SoftMPEG4Encoder( 3694): Construct SoftMPEG4Encoder
E/OMXNodeInstance( 3694): getParameter(100663311) ERROR: 0x8000100e
W/ACodec  ( 3694): do not know color format 0x7f000789 = 2130708361
E/OMXNodeInstance( 3694): getParameter(100663297) ERROR: 0x8000100e
D/wrapperGPS( 3702): wrapperConnect_RILD
D/gpsd    ( 3702): WakeLock(Acquire,GPSD)
D/gpsd    ( 3702): WakeLock(Release,GPSD)
I/SoftAVCEncoder( 3694): Construct SoftAVCEncoder
E/OMXNodeInstance( 3694): getParameter(100663311) ERROR: 0x8000100e
W/ACodec  ( 3694): do not know color format 0x7f000789 = 2130708361
E/OMXNodeInstance( 3694): getParameter(100663297) ERROR: 0x8000100e
I/SoftMPEG4Encoder( 3694): Construct SoftMPEG4Encoder
E/OMXNodeInstance( 3694): getParameter(100663311) ERROR: 0x8000100e
W/ACodec  ( 3694): do not know color format 0x7f000789 = 2130708361
E/OMXNodeInstance( 3694): getParameter(100663297) ERROR: 0x8000100e
E/OMXNodeInstance( 3694): getParameter(100663311) ERROR: 0x8000100e
W/ACodec  ( 3694): do not know color format 0x7f000789 = 2130708361
E/OMXNodeInstance( 3694): getParameter(100663297) ERROR: 0x8000100e
D/SoftFFmpegAudio( 3694): SoftFFmpegAudio component: OMX.ffmpeg.aac.decoder mMode: 1 mHighResAudioEnabled: 1
E/OMXNodeInstance( 3694): getParameter(100663311) ERROR: 0x8000101a
E/OMXNodeInstance( 3694): getParameter(100663297) ERROR: 0x8000101a
W/Settings( 4292): Setting airplane_mode_on has moved from android.provider.Settings.System to android.provider.Settings.Global, returning read-only value.
D/SoftFFmpegAudio( 3694): SoftFFmpegAudio component: OMX.ffmpeg.wma.decoder mMode: 4 mHighResAudioEnabled: 1
E/OMXNodeInstance( 3694): getParameter(100663311) ERROR: 0x8000101a
E/OMXNodeInstance( 3694): getParameter(100663297) ERROR: 0x8000101a
D/SoftFFmpegAudio( 3694): SoftFFmpegAudio component: OMX.ffmpeg.ra.decoder mMode: 5 mHighResAudioEnabled: 1
E/OMXNodeInstance( 3694): getParameter(100663311) ERROR: 0x8000101a
E/OMXNodeInstance( 3694): getParameter(100663297) ERROR: 0x8000101a
D/SoftFFmpegAudio( 3694): SoftFFmpegAudio component: OMX.ffmpeg.flac.decoder mMode: 6 mHighResAudioEnabled: 1
E/OMXNodeInstance( 3694): getParameter(100663311) ERROR: 0x8000101a
E/OMXNodeInstance( 3694): getParameter(100663297) ERROR: 0x8000101a
W/Settings( 4292): Setting airplane_mode_on has moved from android.provider.Settings.System to android.provider.Settings.Global, returning read-only value.
D/SoftFFmpegAudio( 3694): SoftFFmpegAudio component: OMX.ffmpeg.mp2.decoder mMode: 7 mHighResAudioEnabled: 1
E/OMXNodeInstance( 3694): getParameter(100663311) ERROR: 0x8000101a
E/OMXNodeInstance( 3694): getParameter(100663297) ERROR: 0x8000101a
D/SoftFFmpegAudio( 3694): SoftFFmpegAudio component: OMX.ffmpeg.ac3.decoder mMode: 8 mHighResAudioEnabled: 1
E/OMXNodeInstance( 3694): getParameter(100663311) ERROR: 0x8000101a
E/OMXNodeInstance( 3694): getParameter(100663297) ERROR: 0x8000101a
D/SoftFFmpegAudio( 3694): SoftFFmpegAudio component: OMX.ffmpeg.ape.decoder mMode: 9 mHighResAudioEnabled: 1
E/OMXNodeInstance( 3694): getParameter(100663311) ERROR: 0x8000101a
E/OMXNodeInstance( 3694): getParameter(100663297) ERROR: 0x8000101a
D/SoftFFmpegAudio( 3694): SoftFFmpegAudio component: OMX.ffmpeg.dts.decoder mMode: 10 mHighResAudioEnabled: 1
E/OMXNodeInstance( 3694): getParameter(100663311) ERROR: 0x8000101a
E/OMXNodeInstance( 3694): getParameter(100663297) ERROR: 0x8000101a
D/SoftFFmpegAudio( 3694): SoftFFmpegAudio component: OMX.ffmpeg.atrial.decoder mMode: 11 mHighResAudioEnabled: 1
E/OMXNodeInstance( 3694): getParameter(100663311) ERROR: 0x8000101a
E/OMXNodeInstance( 3694): getParameter(100663297) ERROR: 0x8000101a
D/SoftFFmpegVideo( 3694): SoftFFmpegVideo component: OMX.ffmpeg.mpeg2.decoder mMode: 0 appData: 0xb24987e8
E/OMXNodeInstance( 3694): getParameter(100663311) ERROR: 0x8000101a
E/OMXNodeInstance( 3694): getParameter(100663297) ERROR: 0x8000100e
E/OMXNodeInstance( 3694): OMX_GetExtensionIndex OMX.google.android.index.storeMetaDataInBuffers failed
W/OMXNodeInstance( 3694): OMX_GetExtensionIndex OMX.google.android.index.prepareForAdaptivePlayback failed
D/SoftFFmpegVideo( 3694): SoftFFmpegVideo component: OMX.ffmpeg.wmv.decoder mMode: 0 appData: 0xb2498858
E/OMXNodeInstance( 3694): getParameter(100663311) ERROR: 0x8000101a
E/OMXNodeInstance( 3694): getParameter(100663297) ERROR: 0x8000100e
E/OMXNodeInstance( 3694): OMX_GetExtensionIndex OMX.google.android.index.storeMetaDataInBuffers failed
W/OMXNodeInstance( 3694): OMX_GetExtensionIndex OMX.google.android.index.prepareForAdaptivePlayback failed
D/SoftFFmpegVideo( 3694): SoftFFmpegVideo component: OMX.ffmpeg.rv.decoder mMode: 0 appData: 0xb2498a50
E/OMXNodeInstance( 3694): getParameter(100663311) ERROR: 0x8000101a
E/OMXNodeInstance( 3694): getParameter(100663297) ERROR: 0x8000100e
E/OMXNodeInstance( 3694): OMX_GetExtensionIndex OMX.google.android.index.storeMetaDataInBuffers failed
W/OMXNodeInstance( 3694): OMX_GetExtensionIndex OMX.google.android.index.prepareForAdaptivePlayback failed
D/SoftFFmpegVideo( 3694): SoftFFmpegVideo component: OMX.ffmpeg.flv1.decoder mMode: 0 appData: 0xb2498a88
E/OMXNodeInstance( 3694): getParameter(100663311) ERROR: 0x8000101a
E/OMXNodeInstance( 3694): getParameter(100663297) ERROR: 0x8000100e
E/OMXNodeInstance( 3694): OMX_GetExtensionIndex OMX.google.android.index.storeMetaDataInBuffers failed
W/OMXNodeInstance( 3694): OMX_GetExtensionIndex OMX.google.android.index.prepareForAdaptivePlayback failed
D/SoftFFmpegVideo( 3694): SoftFFmpegVideo component: OMX.ffmpeg.vtrial.decoder mMode: 0 appData: 0xb2498ac0
E/OMXNodeInstance( 3694): getParameter(100663311) ERROR: 0x8000101a
E/OMXNodeInstance( 3694): getParameter(100663297) ERROR: 0x8000100e
E/OMXNodeInstance( 3694): OMX_GetExtensionIndex OMX.google.android.index.storeMetaDataInBuffers failed
W/OMXNodeInstance( 3694): OMX_GetExtensionIndex OMX.google.android.index.prepareForAdaptivePlayback failed
I/LatinIME( 4472): Hardware accelerated drawing: true
D/NuPlayerDriver( 3694): reset(0xb410d040)
D/NuPlayerDriver( 3694): notifyResetComplete(0xb410d040)
D/NuPlayerDriver( 3694): reset(0xb3f13040)
D/NuPlayerDriver( 3694): notifyResetComplete(0xb3f13040)
D/WVMDrmPlugIn( 3693): WVMDrmPlugin::onInitialize : 6741
D/WVMDrmPlugIn( 3693): WVMDrmPlugin::onSetOnInfoListener : add 6741
D/WVMDrmPlugIn( 3693): WVMDrmPlugin::onTerminate : 6741
I/FFmpegExtractor( 3694): android-source:0xb22a8f60
I/FFMPEG  ( 3694): Input #0, ogg, from 'android-source:0xb22a8f60':
I/FFMPEG  ( 3694):   Duration: 00:00:00.11, start: 0.000000, bitrate: 431 kb/s
I/FFMPEG  ( 3694):     Stream #0:0: Audio: vorbis, 48000 Hz, mono, fltp, 140 kb/s
D/FFmpegExtractor( 3694): FFmpegExtrator, url: android-source:0xb22a8f60, format_name: ogg, format_long_name: Ogg
I/FFmpegExtractor( 3694): adjust mime(application/ogg -> audio/vorbis)
D/FFmpegExtractor( 3694): suppoted codec(vorbis) by official Stagefright
D/FFmpegExtractor( 3694): ffmpeg detected media content as 'audio/vorbis' with confidence 0.08
D/WVMDrmPlugIn( 3693): WVMDrmPlugin::onInitialize : 4742
D/WVMDrmPlugIn( 3693): WVMDrmPlugin::onSetOnInfoListener : add 4742
D/WVMDrmPlugIn( 3693): WVMDrmPlugin::onTerminate : 4742
I/FFmpegExtractor( 3694): android-source:0xb3c06060
I/FFMPEG  ( 3694): Input #0, ogg, from 'android-source:0xb3c06060':
I/FFMPEG  ( 3694):   Duration: 00:00:00.19, start: 0.000000, bitrate: 332 kb/s
I/FFMPEG  ( 3694):     Stream #0:0: Audio: vorbis, 44100 Hz, stereo, fltp, 160 kb/s
D/FFmpegExtractor( 3694): FFmpegExtrator, url: android-source:0xb3c06060, format_name: ogg, format_long_name: Ogg
I/FFmpegExtractor( 3694): adjust mime(application/ogg -> audio/vorbis)
D/FFmpegExtractor( 3694): suppoted codec(vorbis) by official Stagefright
D/FFmpegExtractor( 3694): ffmpeg detected media content as 'audio/vorbis' with confidence 0.08
E/CameraService( 3694): getCameraVendorTagDescriptor: camera hardware module doesn't exist
E/CameraMetadata-JNI( 4292): CameraMetadata_setupGlobalVendorTagDescriptor: Failed to setup vendor tag descriptors, received error No such device (-19)
W/CameraManager( 4292): Failed to set up vendor tags: The camera device is removable and has been disconnected from the Android device, or the camera service has shut down the connection due to a higher-priority access request for the camera device.
W/SubtypeLocaleUtils( 4472): KeyboardLayoutSet not found, use QWERTY: locale=en_AU extraValue=TrySuppressingImeSwitcher,AsciiCapable,SupportTouchPositionCorrection,EmojiCapable
D/NuPlayerDriver( 3694): start(0xb410d040)
D/NuPlayerDriver( 3694): start(0xb6053d00)
I/GenericSource( 3694): start
I/GenericSource( 3694): start
W/Utils   ( 3694): bool android::canOffloadStream(const android::sp<android::MetaData>&, bool, const android::sp<android::MetaData>&, bool, audio_stream_type_t) No sample bit depth info in meta data
E/AudioPolicyManager( 3694): isOffloadSupported: stream_type != MUSIC, returning false
W/Utils   ( 3694): bool android::canOffloadStream(const android::sp<android::MetaData>&, bool, const android::sp<android::MetaData>&, bool, audio_stream_type_t) No sample bit depth info in meta data
W/Utils   ( 3694): bool android::canOffloadStream(const android::sp<android::MetaData>&, bool, const android::sp<android::MetaData>&, bool, audio_stream_type_t) No sample bit depth info in meta data
E/AudioPolicyManager( 3694): isOffloadSupported: stream_type != MUSIC, returning false
E/AudioPolicyManager( 3694): isOffloadSupported: stream_type != MUSIC, returning false
W/Utils   ( 3694): bool android::canOffloadStream(const android::sp<android::MetaData>&, bool, const android::sp<android::MetaData>&, bool, audio_stream_type_t) No sample bit depth info in meta data
E/AudioPolicyManager( 3694): isOffloadSupported: stream_type != MUSIC, returning false
D/NuPlayerDriver( 3694): reset(0xb6053d00)
D/NuPlayerDriver( 3694): notifyResetComplete(0xb6053d00)
D/NuPlayerDriver( 3694): reset(0xb410d040)
D/NuPlayerDriver( 3694): notifyResetComplete(0xb410d040)
W/Settings( 4292): Setting airplane_mode_on has moved from android.provider.Settings.System to android.provider.Settings.Global, returning read-only value.
D/WVMDrmPlugIn( 3693): WVMDrmPlugin::onInitialize : 5364
D/WVMDrmPlugIn( 3693): WVMDrmPlugin::onSetOnInfoListener : add 5364
W/InputAttributes( 4472): No editor info for this field. Bug?
D/WVMDrmPlugIn( 3693): WVMDrmPlugin::onTerminate : 5364
I/FFmpegExtractor( 3694): android-source:0xb1f08060
D/WVMDrmPlugIn( 3693): WVMDrmPlugin::onInitialize : 4238
D/WVMDrmPlugIn( 3693): WVMDrmPlugin::onSetOnInfoListener : add 4238
D/WVMDrmPlugIn( 3693): WVMDrmPlugin::onTerminate : 4238
I/FFmpegExtractor( 3694): android-source:0xb3c06060
I/FFMPEG  ( 3694): Input #0, ogg, from 'android-source:0xb1f08060':
I/FFMPEG  ( 3694):   Duration: 00:00:00.11, start: 0.000000, bitrate: 440 kb/s
I/FFMPEG  ( 3694):     Stream #0:0: Audio: vorbis, 48000 Hz, mono, fltp, 140 kb/s
D/FFmpegExtractor( 3694): FFmpegExtrator, url: android-source:0xb1f08060, format_name: ogg, format_long_name: Ogg
I/FFmpegExtractor( 3694): adjust mime(application/ogg -> audio/vorbis)
D/FFmpegExtractor( 3694): suppoted codec(vorbis) by official Stagefright
D/FFmpegExtractor( 3694): ffmpeg detected media content as 'audio/vorbis' with confidence 0.08
I/FFMPEG  ( 3694): Input #0, ogg, from 'android-source:0xb3c06060':
I/FFMPEG  ( 3694):   Duration: 00:00:00.08, start: 0.000000, bitrate: 571 kb/s
I/FFMPEG  ( 3694):     Stream #0:0: Audio: vorbis, 48000 Hz, stereo, fltp, 160 kb/s
D/FFmpegExtractor( 3694): FFmpegExtrator, url: android-source:0xb3c06060, format_name: ogg, format_long_name: Ogg
I/FFmpegExtractor( 3694): adjust mime(application/ogg -> audio/vorbis)
D/FFmpegExtractor( 3694): suppoted codec(vorbis) by official Stagefright
D/FFmpegExtractor( 3694): ffmpeg detected media content as 'audio/vorbis' with confidence 0.08
D/WifiService( 4122): New client listening to asynchronous messages
D/BluetoothManagerService( 4122): Message: 20
D/BluetoothManagerService( 4122): Added callback: android.bluetooth.IBluetoothManagerCallback$Stub$Proxy@2608b17a:true
D/BluetoothAdapter( 4292): 851735118: getState() :  mService = null. Returning STATE_OFF
D/BluetoothAdapter( 4292): 851735118: getState() :  mService = null. Returning STATE_OFF
I/LatinIME:LogUtils( 4472): Dictionary info: dictionary = UserHistoryDictionary.en_US ; version = 1436952220 ; date = ?
I/LatinIME:LogUtils( 4472): Dictionary info: dictionary = PersonalizationDictionary.en_US ; version = 1436952220 ; date = ?
D/NuPlayerDriver( 3694): start(0xb3f13040)
I/GenericSource( 3694): start
D/ConnectivityService( 4122): listenForNetwork for NetworkRequest [ id=2, legacyType=-1, [] ]
W/Utils   ( 3694): bool android::canOffloadStream(const android::sp<android::MetaData>&, bool, const android::sp<android::MetaData>&, bool, audio_stream_type_t) No sample bit depth info in meta data
E/AudioPolicyManager( 3694): isOffloadSupported: stream_type != MUSIC, returning false
W/Utils   ( 3694): bool android::canOffloadStream(const android::sp<android::MetaData>&, bool, const android::sp<android::MetaData>&, bool, audio_stream_type_t) No sample bit depth info in meta data
E/AudioPolicyManager( 3694): isOffloadSupported: stream_type != MUSIC, returning false
I/LatinIME:LogUtils( 4472): Dictionary info: dictionary = userunigram.en_US ; version = 1436952220 ; date = ?
I/LatinIME:LogUtils( 4472): Dictionary info: dictionary = contacts.en_US ; version = 1436952220 ; date = ?
I/LatinIME:LogUtils( 4472): Dictionary info: dictionary = ContextualDictionary.en_US ; version = 1436952220 ; date = ?
D/NuPlayerDriver( 3694): start(0xb1d0d040)
I/GenericSource( 3694): start
W/Utils   ( 3694): bool android::canOffloadStream(const android::sp<android::MetaData>&, bool, const android::sp<android::MetaData>&, bool, audio_stream_type_t) No sample bit depth info in meta data
E/AudioPolicyManager( 3694): isOffloadSupported: stream_type != MUSIC, returning false
W/Utils   ( 3694): bool android::canOffloadStream(const android::sp<android::MetaData>&, bool, const android::sp<android::MetaData>&, bool, audio_stream_type_t) No sample bit depth info in meta data
E/AudioPolicyManager( 3694): isOffloadSupported: stream_type != MUSIC, returning false
D/NuPlayerDriver( 3694): reset(0xb3f13040)
D/NuPlayerDriver( 3694): notifyResetComplete(0xb3f13040)
D/NuPlayerDriver( 3694): reset(0xb1d0d040)
I/ActivityManager( 4122): Start proc android.process.acore for content provider com.android.providers.userdictionary/.UserDictionaryProvider: pid=4596 uid=10006 gids={50006, 9997, 3003, 1028, 1015} abi=armeabi-v7a
D/NuPlayerDriver( 3694): notifyResetComplete(0xb1d0d040)
D/WVMDrmPlugIn( 3693): WVMDrmPlugin::onInitialize : 4822
D/WVMDrmPlugIn( 3693): WVMDrmPlugin::onSetOnInfoListener : add 4822
D/WVMDrmPlugIn( 3693): WVMDrmPlugin::onTerminate : 4822
I/FFmpegExtractor( 3694): android-source:0xb1f06060
I/FFMPEG  ( 3694): Input #0, ogg, from 'android-source:0xb1f06060':
I/FFMPEG  ( 3694):   Duration: 00:00:00.11, start: 0.000000, bitrate: 431 kb/s
I/FFMPEG  ( 3694):     Stream #0:0: Audio: vorbis, 48000 Hz, mono, fltp, 140 kb/s
D/FFmpegExtractor( 3694): FFmpegExtrator, url: android-source:0xb1f06060, format_name: ogg, format_long_name: Ogg
I/FFmpegExtractor( 3694): adjust mime(application/ogg -> audio/vorbis)
D/FFmpegExtractor( 3694): suppoted codec(vorbis) by official Stagefright
D/FFmpegExtractor( 3694): ffmpeg detected media content as 'audio/vorbis' with confidence 0.08
D/NuPlayerDriver( 3694): start(0xb6053d00)
I/GenericSource( 3694): start
W/Utils   ( 3694): bool android::canOffloadStream(const android::sp<android::MetaData>&, bool, const android::sp<android::MetaData>&, bool, audio_stream_type_t) No sample bit depth info in meta data
E/AudioPolicyManager( 3694): isOffloadSupported: stream_type != MUSIC, returning false
W/Utils   ( 3694): bool android::canOffloadStream(const android::sp<android::MetaData>&, bool, const android::sp<android::MetaData>&, bool, audio_stream_type_t) No sample bit depth info in meta data
E/AudioPolicyManager( 3694): isOffloadSupported: stream_type != MUSIC, returning false
D/NuPlayerDriver( 3694): reset(0xb6053d00)
D/NuPlayerDriver( 3694): notifyResetComplete(0xb6053d00)
I/ActivityManager( 4122): Start proc com.cyanogenmod.lockclock for content provider com.cyanogenmod.lockclock/.weather.WeatherContentProvider: pid=4628 uid=10042 gids={50042, 9997, 3003} abi=armeabi-v7a
D/WVMDrmPlugIn( 3693): WVMDrmPlugin::onInitialize : 6341
D/WVMDrmPlugIn( 3693): WVMDrmPlugin::onSetOnInfoListener : add 6341
D/WVMDrmPlugIn( 3693): WVMDrmPlugin::onTerminate : 6341
I/FFmpegExtractor( 3694): android-source:0xb3c06060
I/FFMPEG  ( 3694): Input #0, ogg, from 'android-source:0xb3c06060':
I/FFMPEG  ( 3694):   Duration: 00:00:00.11, start: 0.000000, bitrate: 462 kb/s
I/FFMPEG  ( 3694):     Stream #0:0: Audio: vorbis, 48000 Hz, mono, fltp, 140 kb/s
D/FFmpegExtractor( 3694): FFmpegExtrator, url: android-source:0xb3c06060, format_name: ogg, format_long_name: Ogg
I/FFmpegExtractor( 3694): adjust mime(application/ogg -> audio/vorbis)
D/FFmpegExtractor( 3694): suppoted codec(vorbis) by official Stagefright
D/FFmpegExtractor( 3694): ffmpeg detected media content as 'audio/vorbis' with confidence 0.08
D/NuPlayerDriver( 3694): start(0xb410d040)
I/GenericSource( 3694): start
W/Utils   ( 3694): bool android::canOffloadStream(const android::sp<android::MetaData>&, bool, const android::sp<android::MetaData>&, bool, audio_stream_type_t) No sample bit depth info in meta data
E/AudioPolicyManager( 3694): isOffloadSupported: stream_type != MUSIC, returning false
W/Utils   ( 3694): bool android::canOffloadStream(const android::sp<android::MetaData>&, bool, const android::sp<android::MetaData>&, bool, audio_stream_type_t) No sample bit depth info in meta data
E/AudioPolicyManager( 3694): isOffloadSupported: stream_type != MUSIC, returning false
D/NuPlayerDriver( 3694): reset(0xb410d040)
D/NuPlayerDriver( 3694): notifyResetComplete(0xb410d040)
D/WVMDrmPlugIn( 3693): WVMDrmPlugin::onInitialize : 6684
D/WVMDrmPlugIn( 3693): WVMDrmPlugin::onSetOnInfoListener : add 6684
D/WVMDrmPlugIn( 3693): WVMDrmPlugin::onTerminate : 6684
I/FFmpegExtractor( 3694): android-source:0xb3c06060
I/FFMPEG  ( 3694): Input #0, ogg, from 'android-source:0xb3c06060':
I/FFMPEG  ( 3694):   Duration: 00:00:00.18, start: 0.000000, bitrate: 431 kb/s
I/FFMPEG  ( 3694):     Stream #0:0: Audio: vorbis, 44100 Hz, mono, fltp, 239 kb/s
I/FFMPEG  ( 3694):     Metadata:
I/FFMPEG  ( 3694):       ARTIST          : Copyright 2013 Android Open Source Project
D/FFmpegExtractor( 3694): FFmpegExtrator, url: android-source:0xb3c06060, format_name: ogg, format_long_name: Ogg
I/FFmpegExtractor( 3694): adjust mime(application/ogg -> audio/vorbis)
D/FFmpegExtractor( 3694): suppoted codec(vorbis) by official Stagefright
D/FFmpegExtractor( 3694): ffmpeg detected media content as 'audio/vorbis' with confidence 0.08
D/NuPlayerDriver( 3694): start(0xb3f13040)
I/GenericSource( 3694): start
W/Utils   ( 3694): bool android::canOffloadStream(const android::sp<android::MetaData>&, bool, const android::sp<android::MetaData>&, bool, audio_stream_type_t) No sample bit depth info in meta data
E/AudioPolicyManager( 3694): isOffloadSupported: stream_type != MUSIC, returning false
W/Utils   ( 3694): bool android::canOffloadStream(const android::sp<android::MetaData>&, bool, const android::sp<android::MetaData>&, bool, audio_stream_type_t) No sample bit depth info in meta data
D/WeatherUpdateService( 4628): Service started, but shouldn't update ... stopping
E/AudioPolicyManager( 3694): isOffloadSupported: stream_type != MUSIC, returning false
I/LatinIME:LogUtils( 4472): Dictionary info: dictionary = PersonalizationDictionary.en_US ; version = 1436952221 ; date = ?
I/LatinIME:LogUtils( 4472): Dictionary info: dictionary = PersonalizationDictionary.en_US ; version = 1436952221 ; date = ?
D/NuPlayerDriver( 3694): reset(0xb3f13040)
D/NuPlayerDriver( 3694): notifyResetComplete(0xb3f13040)
D/BluetoothAdapter( 4292): 851735118: getState() :  mService = null. Returning STATE_OFF
D/BluetoothAdapter( 4292): 851735118: getState() :  mService = null. Returning STATE_OFF
D/BluetoothAdapter( 4292): 851735118: getState() :  mService = null. Returning STATE_OFF
D/BluetoothAdapter( 4292): 851735118: getState() :  mService = null. Returning STATE_OFF
I/LatinIME:LogUtils( 4472): Dictionary info: dictionary = ? ; version = 26 ; date = 1351062238
D/PermissionCache( 3691): checking android.permission.ACCESS_SURFACE_FLINGER for uid=10016 => granted (309 us)
D/OpenGLRenderer( 4292): Render dirty regions requested: true
D/Atlas   ( 4292): Validating map...
I/ContactLocale( 4596): AddressBook Labels [en-US]: [, A, B, C, D, E, F, G, H, I, J, K, L, M, N, O, P, Q, R, S, T, U, V, W, X, Y, Z, , , , , , , , , , , , , , , , , , , , , , , , , , , , , , , , , , , , , , , , , , , , , , , , , , , , , , , , , , , , , , , , , , , , , , , , , , , , , , , , , , , , , , , , , , , , , , , , , , , , , , , , , , , , , , , , , , , , , , , , , , , , , , , , , , , , , , , , , , , , , , , , , , , , , , , , , , , , , , , , , , , , , , , , , , , , , , , , , , , , , , , , , , , , #, ]
D/PhoneStatusBar( 4292): disable: < expand icons alerts system_info back home recent clock search >
D/BluetoothAdapter( 4292): 851735118: getState() :  mService = null. Returning STATE_OFF
D/BluetoothAdapter( 4292): 851735118: getState() :  mService = null. Returning STATE_OFF
D/PhoneStatusBar( 4292): heads up is enabled
I/Choreographer( 4292): Skipped 57 frames!  The application may be doing too much work on its main thread.
D/ViewRootImpl( 4292): changeCanvasOpacity: opaque=true
W/Settings( 4292): Setting airplane_mode_on has moved from android.provider.Settings.System to android.provider.Settings.Global, returning read-only value.
W/Settings( 4292): Setting airplane_mode_on has moved from android.provider.Settings.System to android.provider.Settings.Global, returning read-only value.
I/        ( 4292): PLATFORM VERSION : JB-MR-2
I/OpenGLRenderer( 4292): Initialized EGL, version 1.4
D/OpenGLRenderer( 4292): Enabling debug mode 0
D/WifiService( 4122): New client listening to asynchronous messages
D/OpenGLRenderer( 4292): setting property extraRasterBucket to 0.95
D/OpenGLRenderer( 4292):     failed
D/OpenGLRenderer( 4292): setting property extraRasterBucket to 0.0
D/OpenGLRenderer( 4292):     failed
D/libgps  ( 4122): SendGpsExtensionMessage: Waiting for IPC connection - timeout
E/libgps  ( 4122): LIBGPS: Cannot communicate (write) with a GPSD
E/libgps  ( 4122): IPC Communication Error, /tmp/13632270_219420/customers/samsung/KGFEVOandroid/../../../proprietary/deliverables/android/gps_interface/../gps_interface/gpsi_client/GpsiClient.cpp:617 SendGpsExtensionMessage
D/libgps  ( 4122): agps_set_server: Waiting for IPC connection...
D/libgps  ( 4122): agps_set_server: Waiting for IPC connection - timeout
E/libgps  ( 4122): LIBGPS: Cannot communicate (write) with a GPSD
E/libgps  ( 4122): IPC Communication Error, /tmp/13632270_219420/customers/samsung/KGFEVOandroid/../../../proprietary/deliverables/android/gps_interface/../gps_interface/gpsi_client/GpsiClient.cpp:1556 agps_set_server
E/GpsLocationProvider( 4122): no GPS configuration interface in configuraiton_update
D/GpsLocationProvider( 4122): final config = #Tue Jul 14 22:23:42 GMT-11:00 2015
D/GpsLocationProvider( 4122): SUPL_HOST=supl.google.com
D/GpsLocationProvider( 4122): XTRA_SERVER_3=http\://xtrapath3.izatcloud.net/xtra2.bin
D/GpsLocationProvider( 4122): XTRA_SERVER_1=http\://xtrapath1.izatcloud.net/xtra2.bin
D/GpsLocationProvider( 4122): SUPL_PORT=7276
D/GpsLocationProvider( 4122): XTRA_VERSION_CHECK=0
D/GpsLocationProvider( 4122): DEBUG_LEVEL=2
D/GpsLocationProvider( 4122): XTRA_SERVER_2=http\://xtrapath2.izatcloud.net/xtra2.bin
D/GpsLocationProvider( 4122): SUPL_ES=1
D/GpsLocationProvider( 4122): NMEA_PROVIDER=1
D/GpsLocationProvider( 4122): CAPABILITIES=0x37
D/GpsLocationProvider( 4122): SUPL_VER=0x10000
D/GpsLocationProvider( 4122): ERR_ESTIMATE=0
D/GpsLocationProvider( 4122): A_GLONASS_POS_PROTOCOL_SELECT=0 \#Sensor R&D \: This will not be injected to MODEM
D/GpsLocationProvider( 4122): INTERMEDIATE_POS=0
D/GpsLocationProvider( 4122): SGLTE_TARGET=0
D/GpsLocationProvider( 4122): LPP_PROFILE=0 \# Sensor R&D \: This will not be injected to MODEM
D/GpsLocationProvider( 4122): NTP_SERVER=ru.pool.ntp.org
D/GpsLocationProvider( 4122): SUPL_MODE=1
W/ServiceWatcher( 4122): com.google.android.gms not found
W/ServiceWatcher( 4122): com.google.android.gms not found
W/LocationManagerService( 4122): no network location provider found
W/ServiceWatcher( 4122): com.google.android.gms not found
W/ServiceWatcher( 4122): com.google.android.gms not found
E/LocationManagerService( 4122): no geocoder provider found
E/FlpHardwareProvider( 4122): Error hw_get_module 'flp': -2
E/LocationManagerService( 4122): FLP HAL not supported
W/ServiceWatcher( 4122): com.google.android.gms not found
E/LocationManagerService( 4122): Unable to bind FLP Geofence proxy.
E/ActivityRecognitionHardware( 4122): Error hw_get_module: -2
E/LocationManagerService( 4122): Hardware Activity-Recognition not supported.
D/libgps  ( 4122): SendGpsExtensionMessage: Waiting for IPC connection...
D/gpsd    ( 3702): WakeLock(Acquire,GPSD)
D/gpsd    ( 3702): WakeLock(Release,GPSD)
I/CommonTimeManagementService( 4122): No common time service detected on this platform.  Common time services will be unavailable.
D/libgps  ( 4122): Restore last known AGPS server state
D/libgps  ( 4122): GeofenceControllerStateWaitForConnection: EXIT
D/libgps  ( 4122): GeofenceControllerStateConnected: ENTRY
D/gpsd    ( 3702): WakeLock(Acquire,GPSD)
D/gpsd    ( 3702): WakeLock(Release,GPSD)
D/gpsd    ( 3702): WakeLock(Acquire,GPSD)
D/GpsLocationProvider( 4122): set_capabilities_callback: 38u
I/InputReader( 4122): Reconfiguring input devices.  changes=0x00000040
D/gpsd    ( 3702): WakeLock(Release,GPSD)
D/gpsd    ( 3702): WakeLock(Acquire,GPSD)
D/gpsd    ( 3702): WakeLock(Release,GPSD)
I/MmsServiceBroker( 4122): Connecting to MmsService
D/gpsd    ( 3702): WakeLock(Acquire,GPSD)
D/gpsd    ( 3702): WakeLock(Release,GPSD)
W/ContextImpl( 4122): Calling a method in the system process without a qualified user: android.app.ContextImpl.bindService:1790 com.android.server.MmsServiceBroker.tryConnecting:134 com.android.server.MmsServiceBroker.systemRunning:121 com.android.server.SystemServer$2.run:1345 com.android.server.am.ActivityManagerService.systemReady:11460 
D/gpsd    ( 3702): WakeLock(Acquire,GPSD)
D/gpsd    ( 3702): WakeLock(Release,GPSD)
I/InputReader( 4122): Reconfiguring input devices.  changes=0x00000020
I/ActivityManager( 4122): Start proc com.android.phone for service com.android.mms.service/.MmsService: pid=4696 uid=1001 gids={41001, 9997, 3002, 3001, 3003, 1028, 1015} abi=armeabi-v7a
D/com.android.server.ThemeService( 4122): Prev api level was: 21, api is now: 21
E/PackageManager( 4122): Unable to find icon pack: system
W/VoiceInteractionManagerService( 4122): no available voice interaction services found for user 0
W/VoiceInteractionManagerService( 4122): no available voice recognition services found for user 0
D/gpsd    ( 3702): WakeLock(Acquire,GPSD)
D/gpsd    ( 3702): WakeLock(Release,GPSD)
D/gpsd    ( 3702): WakeLock(Acquire,GPSD)
D/gpsd    ( 3702): WakeLock(Release,GPSD)
I/ActivityManager( 4122): Start proc com.android.incallui for added application com.android.incallui: pid=4718 uid=10008 gids={50008, 9997, 3003, 1028, 1015} abi=armeabi-v7a
I/art     ( 3705): Explicit concurrent mark sweep GC freed 706(30KB) AllocSpace objects, 0(0B) LOS objects, 40% free, 15MB/25MB, paused 196us total 10.059ms
I/art     ( 3705): Explicit concurrent mark sweep GC freed 5(160B) AllocSpace objects, 0(0B) LOS objects, 40% free, 15MB/25MB, paused 197us total 10.010ms
I/art     ( 3705): Explicit concurrent mark sweep GC freed 5(160B) AllocSpace objects, 0(0B) LOS objects, 40% free, 15MB/25MB, paused 194us total 9.491ms
I/ActivityManager( 4122): Start proc org.cyanogenmod.audiofx for added application org.cyanogenmod.audiofx: pid=4740 uid=10000 gids={50000, 9997, 3003, 3002} abi=armeabi-v7a
I/ActivityManager( 4122): Start proc com.android.server.telecom for added application com.android.server.telecom: pid=4762 uid=1001 gids={41001, 9997, 3002, 3001, 3003, 1028, 1015} abi=armeabi-v7a
I/ActivityManager( 4122): Start proc com.android.phone for added application com.android.phone: pid=4784 uid=1001 gids={41001, 9997, 3002, 3001, 3003, 1028, 1015} abi=armeabi-v7a
I/ActivityManager( 4122): START u0 {act=android.intent.action.MAIN cat=[android.intent.category.HOME] flg=0x10000000 cmp=com.cyanogenmod.trebuchet/com.android.launcher3.Launcher} from uid 0 on display 0
I/ActivityManager( 4122): Start proc com.cyanogenmod.trebuchet for activity com.cyanogenmod.trebuchet/com.android.launcher3.Launcher: pid=4806 uid=10018 gids={50018, 9997, 1028} abi=armeabi-v7a
I/SystemServer( 4122): Enabled StrictMode for system server main thread.
I/ActivityManager( 4122): Start proc com.android.printspooler for service com.android.printspooler/.model.PrintSpoolerService: pid=4828 uid=10050 gids={50050, 9997} abi=armeabi-v7a
W/art     ( 4122): Long monitor contention event with owner method=void com.android.server.am.ActivityManagerService.systemReady(java.lang.Runnable) from ActivityManagerService.java:11468 waiters=1 for 254ms
W/ActivityManager( 4122): No pending application record for pid 4696 (IApplicationThread android.app.ApplicationThreadProxy@d2acd5e); dropping process
W/art     ( 4122): Long monitor contention event with owner method=void com.android.server.am.ActivityManagerService.systemReady(java.lang.Runnable) from ActivityManagerService.java:11468 waiters=2 for 213ms
W/art     ( 4122): Long monitor contention event with owner method=void com.android.server.am.ActivityManagerService.systemReady(java.lang.Runnable) from ActivityManagerService.java:11468 waiters=3 for 142ms
V/StatusBar( 4292): userId 0 is in the house
V/ActivityManager( 4122): Display changed displayId=0
E/Minikin ( 4122): addFont failed to create font /system/fonts/NotoSansGujarati-Regular.ttf
E/Minikin ( 4122): addFont failed to create font /system/fonts/NotoSansGujarati-Bold.ttf
E/Minikin ( 4122): addFont failed to create font /system/fonts/NotoSansGujaratiUI-Regular.ttf
E/Minikin ( 4122): addFont failed to create font /system/fonts/NotoSansGujaratiUI-Bold.ttf
E/Minikin ( 4122): addFont failed to create font /system/fonts/NotoSansGurmukhi-Regular.ttf
E/Minikin ( 4122): addFont failed to create font /system/fonts/NotoSansGurmukhi-Bold.ttf
E/Minikin ( 4122): addFont failed to create font /system/fonts/NotoSansGurmukhiUI-Regular.ttf
E/Minikin ( 4122): addFont failed to create font /system/fonts/NotoSansGurmukhiUI-Bold.ttf
E/Minikin ( 4122): addFont failed to create font /system/fonts/NotoSansSinhala-Regular.ttf
E/Minikin ( 4122): addFont failed to create font /system/fonts/NotoSansSinhala-Bold.ttf
E/Minikin ( 4122): addFont failed to create font /system/fonts/NotoSansCherokee-Regular.ttf
E/Minikin ( 4122): addFont failed to create font /system/fonts/NotoSansCanadianAboriginal-Regular.ttf
E/Minikin ( 4122): addFont failed to create font /system/fonts/NotoSansYi-Regular.ttf
E/Minikin ( 4122): addFont failed to create font /system/fonts/NotoSansHans-Regular.otf
E/Minikin ( 4122): addFont failed to create font /system/fonts/NotoSansHant-Regular.otf
E/Minikin ( 4122): addFont failed to create font /system/fonts/NotoSansJP-Regular.otf
E/Minikin ( 4122): addFont failed to create font /system/fonts/NotoSansKR-Regular.otf
D/Telecom ( 4762): MissedCallNotifier: updateOnStartup()...
V/ActivityManager( 4122): Display changed displayId=0
I/PrintSpoolerService( 4828): No existing print spooler state.
V/ActivityManager( 4122): Display changed displayId=0
W/art     ( 4122): No such thread id for suspend: 74
D/WifiScanningService( 4122): SCAN_AVAILABLE : 1
D/RttService( 4122): SCAN_AVAILABLE : 1
D/RttService( 4122): DefaultState got{ when=-1ms what=160513 target=com.android.internal.util.StateMachine$SmHandler }
D/WifiScanningService( 4122): DefaultState got{ when=-1ms what=160007 target=com.android.internal.util.StateMachine$SmHandler }
I/Choreographer( 4122): Skipped 210 frames!  The application may be doing too much work on its main thread.
W/InputMethodManagerService( 4122): Focus gain on non-focused client android.view.inputmethod.InputMethodManager$1@188779a6 (uid=1000 pid=4122)
V/ActivityManager( 4122): Display changed displayId=0
D/BluetoothManagerService( 4122): Message: 20
D/BluetoothManagerService( 4122): Added callback: android.bluetooth.IBluetoothManagerCallback$Stub$Proxy@cc2d5d3:true
D/BluetoothManagerService( 4122): Message: 30
D/Launcher.LauncherProvider( 4806): 11683562 - initializeMaxScreenId(): 2
I/ActivityManager( 4122): Start proc com.android.settings for broadcast com.android.settings/.widget.SettingsAppWidgetProvider: pid=4865 uid=1000 gids={41000, 9997, 3003, 1028, 1015, 3002, 3001} abi=armeabi-v7a
V/Launcher( 4806): LauncherAppState inited
D/MmsService( 4784): onCreate
I/MmsService( 4784): MmsConfigManager.loadInBackground(): mcc/mnc: 0/0
E/MmsService( 4784): MmsConfigManager.load -- empty getActiveSubInfoList
D/Telecom ( 4762): ProximitySensorManager: onCreate: mProximityWakeLock: 
W/ResourcesManager( 4122): Asset path '/system/framework/com.android.location.provider.jar' does not exist or contains no resources.
D/GpsNetInitiatedHandler( 4122): location enabled :true
V/WiredAccessoryManager( 4122): init()
D/Telecom ( 4762): MissedCallNotifier: onQueryComplete()...
D/Telecom ( 4762): BluetoothPhoneService: onCreate
D/Launcher.Model( 4806): Old launcher provider: content://com.android.launcher2.settings/favorites?notify=true
D/Launcher.Model( 4806): Old launcher provider does not exist.
D/BluetoothManagerService( 4122): Message: 30
W/Launcher( 4806): setApplicationContext called twice! old=com.android.launcher3.LauncherApplication@22514bc8 new=com.android.launcher3.LauncherApplication@22514bc8
W/Searchables( 4122): No global search activity found
D/BluetoothManagerService( 4122): Message: 300
D/BluetoothManagerService( 4122): MESSAGE_USER_SWITCHED
E/AudioPolicyManager( 3694): getDeviceForStrategy() speaker device not found for STRATEGY_SONIFICATION
E/AudioPolicyManager( 3694): getDeviceForStrategy() speaker device not found for STRATEGY_SONIFICATION
E/AudioPolicyManager( 3694): getDeviceForStrategy() speaker device not found for STRATEGY_SONIFICATION
E/AudioPolicyManager( 3694): getDeviceForStrategy() speaker device not found for STRATEGY_SONIFICATION
E/Minikin ( 3705): addFont failed to create font /system/fonts/NotoSansGujarati-Regular.ttf
E/Minikin ( 3705): addFont failed to create font /system/fonts/NotoSansGujarati-Bold.ttf
E/Minikin ( 3705): addFont failed to create font /system/fonts/NotoSansGujaratiUI-Regular.ttf
E/Minikin ( 3705): addFont failed to create font /system/fonts/NotoSansGujaratiUI-Bold.ttf
E/Minikin ( 3705): addFont failed to create font /system/fonts/NotoSansGurmukhi-Regular.ttf
E/Minikin ( 3705): addFont failed to create font /system/fonts/NotoSansGurmukhi-Bold.ttf
E/Minikin ( 3705): addFont failed to create font /system/fonts/NotoSansGurmukhiUI-Regular.ttf
E/Minikin ( 3705): addFont failed to create font /system/fonts/NotoSansGurmukhiUI-Bold.ttf
E/Minikin ( 3705): addFont failed to create font /system/fonts/NotoSansSinhala-Regular.ttf
E/Minikin ( 3705): addFont failed to create font /system/fonts/NotoSansSinhala-Bold.ttf
E/Minikin ( 3705): addFont failed to create font /system/fonts/NotoSansCherokee-Regular.ttf
E/Minikin ( 3705): addFont failed to create font /system/fonts/NotoSansCanadianAboriginal-Regular.ttf
E/Minikin ( 3705): addFont failed to create font /system/fonts/NotoSansYi-Regular.ttf
E/Minikin ( 3705): addFont failed to create font /system/fonts/NotoSansHans-Regular.otf
E/Minikin ( 3705): addFont failed to create font /system/fonts/NotoSansHant-Regular.otf
E/Minikin ( 3705): addFont failed to create font /system/fonts/NotoSansJP-Regular.otf
E/Minikin ( 3705): addFont failed to create font /system/fonts/NotoSansKR-Regular.otf
I/ActivityManager( 4122): Start proc org.cyanogenmod.themes.provider for content provider org.cyanogenmod.themes.provider/.ThemesProvider: pid=4913 uid=10017 gids={50017, 9997, 3003} abi=armeabi-v7a
V/BackupManagerService( 4122): Connected to transport ComponentInfo{android/com.android.internal.backup.LocalTransportService}
V/BackupManagerService( 4122): Registering transport android/com.android.internal.backup.LocalTransportService::android/com.android.internal.backup.LocalTransport = android.app.backup.BackupTransport$TransportImpl@34a80032
I/MmsServiceBroker( 4122): MmsService connected
I/FusedLocation( 4122): engine started (com.android.location.fused)
D/WifiService( 4122): New client listening to asynchronous messages
D/BluetoothManagerService( 4122): Message: 20
D/BluetoothManagerService( 4122): Added callback: android.bluetooth.IBluetoothManagerCallback$Stub$Proxy@863f00:true
I/art     ( 4292): Background sticky concurrent mark sweep GC freed 61518(3MB) AllocSpace objects, 3(52KB) LOS objects, 0% free, 35MB/35MB, paused 7.098ms total 64.632ms
E/AppsCustomizePagedView( 4806): Create Res Apk Failed
D/BluetoothAdapter( 4865): 446899307: getState() :  mService = null. Returning STATE_OFF
D/BluetoothManagerService( 4122): Message: 30
D/BluetoothManagerService( 4122): Message: 30
D/LocalBluetoothProfileManager( 4865): Adding local MAP profile
D/BluetoothMap( 4865): Create BluetoothMap proxy object
D/BluetoothManagerService( 4122): Message: 30
D/BluetoothManagerService( 4122): Message: 30
D/LocalBluetoothProfileManager( 4865): LocalBluetoothProfileManager construction complete
D/BluetoothAdapter( 4865): 446899307: getState() :  mService = null. Returning STATE_OFF
D/BluetoothAdapter( 4865): 446899307: getState() :  mService = null. Returning STATE_OFF
D/ThemesProvider( 4913): Deleted 0
I/ActivityManager( 4122): Start proc com.cyanogenmod.eleven for broadcast com.cyanogenmod.eleven/.appwidgets.AppWidgetLarge: pid=4945 uid=10032 gids={50032, 9997, 1028, 1015, 3003} abi=armeabi-v7a
D/LocaleSetManager( 4806): Locale Changed from: null to en-US
I/LauncherLocale( 4806): AddressBook Labels [en-US]: [, A, B, C, D, E, F, G, H, I, J, K, L, M, N, O, P, Q, R, S, T, U, V, W, X, Y, Z, , , , , , , , , , , , , , , , , , , , , , , , , , , , , , , , , , , , , , , , , , , , , , , , , , , , , , , , , , , , , , , , , , , , , , , , , , , , , , , , , , , , , , , , , , , , , , , , , , , , , , , , , , , , , , , , , , , , , , , , , , , , , , , , , , , , , , , , , , , , , , , , , , , , , , , , , , , , , , , , , , , , , , , , , , , , , , , , , , , , , , , , , , , , #, ]
D/Launcher.Model( 4806): 11683562 - loadWorkspace()
D/Launcher.Model( 4806): 11683562 -   loadedOldDb: false
W/Launcher( 4806): setApplicationContext called twice! old=com.android.launcher3.LauncherApplication@22514bc8 new=com.android.launcher3.LauncherApplication@22514bc8
D/OpenGLRenderer( 4806): Render dirty regions requested: true
D/Atlas   ( 4806): Validating map...
D/ActivityManager( 4122): Storing locale en-US for decryption UI
I/ActivityManager( 4122): Config changes=300000 {1.0 ?mcc?mnc en_US ldltr sw360dp w360dp h615dp 480dpi nrml long port finger -keyb/v/h -nav/h s.6 themeResource=themes:{default=overlay:system, iconPack:system, fontPkg:system, com.android.systemui=overlay:system, com.android.systemui.navbar=overlay:system}}
E/Minikin ( 4740): addFont failed to create font /system/fonts/NotoSansGujarati-Regular.ttf
E/Minikin ( 4740): addFont failed to create font /system/fonts/NotoSansGujarati-Bold.ttf
E/Minikin ( 4740): addFont failed to create font /system/fonts/NotoSansGujaratiUI-Regular.ttf
E/Minikin ( 4740): addFont failed to create font /system/fonts/NotoSansGujaratiUI-Bold.ttf
E/Minikin ( 4740): addFont failed to create font /system/fonts/NotoSansGurmukhi-Regular.ttf
E/Minikin ( 4740): addFont failed to create font /system/fonts/NotoSansGurmukhi-Bold.ttf
E/Minikin ( 4740): addFont failed to create font /system/fonts/NotoSansGurmukhiUI-Regular.ttf
E/Minikin ( 4740): addFont failed to create font /system/fonts/NotoSansGurmukhiUI-Bold.ttf
E/Minikin ( 4740): addFont failed to create font /system/fonts/NotoSansSinhala-Regular.ttf
E/Minikin ( 4740): addFont failed to create font /system/fonts/NotoSansSinhala-Bold.ttf
