W/Launcher.LauncherProvider( 5275): 	at android.os.Handler.dispatchMessage(Handler.java:95)
W/Launcher.LauncherProvider( 5275): 	at android.os.Looper.loop(Looper.java:135)
W/Launcher.LauncherProvider( 5275): 	at android.os.HandlerThread.run(HandlerThread.java:61)
W/Launcher.LauncherProvider( 5275): Unable to add favorite: com.google.android.music/com.android.music.activitymanagement.TopLevelActivity
W/Launcher.LauncherProvider( 5275): android.content.pm.PackageManager$NameNotFoundException: ComponentInfo{com.google.android.music/com.android.music.activitymanagement.TopLevelActivity}
W/Launcher.LauncherProvider( 5275): 	at android.app.ApplicationPackageManager.getActivityInfo(ApplicationPackageManager.java:315)
W/Launcher.LauncherProvider( 5275): 	at com.android.launcher3.LauncherProvider$DatabaseHelper.addAppShortcut(LauncherProvider.java:1822)
W/Launcher.LauncherProvider( 5275): 	at com.android.launcher3.LauncherProvider$DatabaseHelper.addToFolder(LauncherProvider.java:1663)
W/Launcher.LauncherProvider( 5275): 	at com.android.launcher3.LauncherProvider$DatabaseHelper.loadFolder(LauncherProvider.java:1698)
W/Launcher.LauncherProvider( 5275): 	at com.android.launcher3.LauncherProvider$DatabaseHelper.loadFavoritesRecursive(LauncherProvider.java:1601)
W/Launcher.LauncherProvider( 5275): 	at com.android.launcher3.LauncherProvider$DatabaseHelper.access$1300(LauncherProvider.java:394)
W/Launcher.LauncherProvider( 5275): 	at com.android.launcher3.LauncherProvider$SimpleWorkspaceLoader.loadLayout(LauncherProvider.java:2418)
W/Launcher.LauncherProvider( 5275): 	at com.android.launcher3.LauncherProvider$DatabaseHelper.loadFavorites(LauncherProvider.java:1467)
W/Launcher.LauncherProvider( 5275): 	at com.android.launcher3.LauncherProvider$DatabaseHelper.access$200(LauncherProvider.java:394)
W/Launcher.LauncherProvider( 5275): 	at com.android.launcher3.LauncherProvider.loadDefaultFavoritesIfNecessary(LauncherProvider.java:352)
W/Launcher.LauncherProvider( 5275): 	at com.android.launcher3.LauncherModel$LoaderTask.loadWorkspace(LauncherModel.java:1969)
W/Launcher.LauncherProvider( 5275): 	at com.android.launcher3.LauncherModel$LoaderTask.loadAndBindWorkspace(LauncherModel.java:1612)
W/Launcher.LauncherProvider( 5275): 	at com.android.launcher3.LauncherModel$LoaderTask.run(LauncherModel.java:1717)
W/Launcher.LauncherProvider( 5275): 	at android.os.Handler.handleCallback(Handler.java:739)
W/Launcher.LauncherProvider( 5275): 	at android.os.Handler.dispatchMessage(Handler.java:95)
W/Launcher.LauncherProvider( 5275): 	at android.os.Looper.loop(Looper.java:135)
W/Launcher.LauncherProvider( 5275): 	at android.os.HandlerThread.run(HandlerThread.java:61)
W/Launcher.LauncherProvider( 5275): Unable to add favorite: com.google.android.videos/com.google.android.youtube.videos.EntryPoint
W/Launcher.LauncherProvider( 5275): android.content.pm.PackageManager$NameNotFoundException: ComponentInfo{com.google.android.videos/com.google.android.youtube.videos.EntryPoint}
W/Launcher.LauncherProvider( 5275): 	at android.app.ApplicationPackageManager.getActivityInfo(ApplicationPackageManager.java:315)
W/Launcher.LauncherProvider( 5275): 	at com.android.launcher3.LauncherProvider$DatabaseHelper.addAppShortcut(LauncherProvider.java:1822)
W/Launcher.LauncherProvider( 5275): 	at com.android.launcher3.LauncherProvider$DatabaseHelper.addToFolder(LauncherProvider.java:1663)
W/Launcher.LauncherProvider( 5275): 	at com.android.launcher3.LauncherProvider$DatabaseHelper.loadFolder(LauncherProvider.java:1698)
W/Launcher.LauncherProvider( 5275): 	at com.android.launcher3.LauncherProvider$DatabaseHelper.loadFavoritesRecursive(LauncherProvider.java:1601)
W/Launcher.LauncherProvider( 5275): 	at com.android.launcher3.LauncherProvider$DatabaseHelper.access$1300(LauncherProvider.java:394)
W/Launcher.LauncherProvider( 5275): 	at com.android.launcher3.LauncherProvider$SimpleWorkspaceLoader.loadLayout(LauncherProvider.java:2418)
W/Launcher.LauncherProvider( 5275): 	at com.android.launcher3.LauncherProvider$DatabaseHelper.loadFavorites(LauncherProvider.java:1467)
W/Launcher.LauncherProvider( 5275): 	at com.android.launcher3.LauncherProvider$DatabaseHelper.access$200(LauncherProvider.java:394)
W/Launcher.LauncherProvider( 5275): 	at com.android.launcher3.LauncherProvider.loadDefaultFavoritesIfNecessary(LauncherProvider.java:352)
W/Launcher.LauncherProvider( 5275): 	at com.android.launcher3.LauncherModel$LoaderTask.loadWorkspace(LauncherModel.java:1969)
W/Launcher.LauncherProvider( 5275): 	at com.android.launcher3.LauncherModel$LoaderTask.loadAndBindWorkspace(LauncherModel.java:1612)
W/Launcher.LauncherProvider( 5275): 	at com.android.launcher3.LauncherModel$LoaderTask.run(LauncherModel.java:1717)
W/Launcher.LauncherProvider( 5275): 	at android.os.Handler.handleCallback(Handler.java:739)
W/Launcher.LauncherProvider( 5275): 	at android.os.Handler.dispatchMessage(Handler.java:95)
W/Launcher.LauncherProvider( 5275): 	at android.os.Looper.loop(Looper.java:135)
W/Launcher.LauncherProvider( 5275): 	at android.os.HandlerThread.run(HandlerThread.java:61)
W/Launcher.LauncherProvider( 5275): Unable to add favorite: com.google.android.apps.books/com.google.android.apps.books.app.BooksActivity
W/Launcher.LauncherProvider( 5275): android.content.pm.PackageManager$NameNotFoundException: ComponentInfo{com.google.android.apps.books/com.google.android.apps.books.app.BooksActivity}
W/Launcher.LauncherProvider( 5275): 	at android.app.ApplicationPackageManager.getActivityInfo(ApplicationPackageManager.java:315)
W/Launcher.LauncherProvider( 5275): 	at com.android.launcher3.LauncherProvider$DatabaseHelper.addAppShortcut(LauncherProvider.java:1822)
W/Launcher.LauncherProvider( 5275): 	at com.android.launcher3.LauncherProvider$DatabaseHelper.addToFolder(LauncherProvider.java:1663)
W/Launcher.LauncherProvider( 5275): 	at com.android.launcher3.LauncherProvider$DatabaseHelper.loadFolder(LauncherProvider.java:1698)
W/Launcher.LauncherProvider( 5275): 	at com.android.launcher3.LauncherProvider$DatabaseHelper.loadFavoritesRecursive(LauncherProvider.java:1601)
W/Launcher.LauncherProvider( 5275): 	at com.android.launcher3.LauncherProvider$DatabaseHelper.access$1300(LauncherProvider.java:394)
W/Launcher.LauncherProvider( 5275): 	at com.android.launcher3.LauncherProvider$SimpleWorkspaceLoader.loadLayout(LauncherProvider.java:2418)
W/Launcher.LauncherProvider( 5275): 	at com.android.launcher3.LauncherProvider$DatabaseHelper.loadFavorites(LauncherProvider.java:1467)
W/Launcher.LauncherProvider( 5275): 	at com.android.launcher3.LauncherProvider$DatabaseHelper.access$200(LauncherProvider.java:394)
W/Launcher.LauncherProvider( 5275): 	at com.android.launcher3.LauncherProvider.loadDefaultFavoritesIfNecessary(LauncherProvider.java:352)
W/Launcher.LauncherProvider( 5275): 	at com.android.launcher3.LauncherModel$LoaderTask.loadWorkspace(LauncherModel.java:1969)
W/Launcher.LauncherProvider( 5275): 	at com.android.launcher3.LauncherModel$LoaderTask.loadAndBindWorkspace(LauncherModel.java:1612)
W/Launcher.LauncherProvider( 5275): 	at com.android.launcher3.LauncherModel$LoaderTask.run(LauncherModel.java:1717)
W/Launcher.LauncherProvider( 5275): 	at android.os.Handler.handleCallback(Handler.java:739)
W/Launcher.LauncherProvider( 5275): 	at android.os.Handler.dispatchMessage(Handler.java:95)
W/Launcher.LauncherProvider( 5275): 	at android.os.Looper.loop(Looper.java:135)
W/Launcher.LauncherProvider( 5275): 	at android.os.HandlerThread.run(HandlerThread.java:61)
W/Launcher.LauncherProvider( 5275): Unable to add favorite: com.google.android.apps.magazines/com.google.apps.dots.android.app.activity.CurrentsStartActivity
W/Launcher.LauncherProvider( 5275): android.content.pm.PackageManager$NameNotFoundException: ComponentInfo{com.google.android.apps.magazines/com.google.apps.dots.android.app.activity.CurrentsStartActivity}
W/Launcher.LauncherProvider( 5275): 	at android.app.ApplicationPackageManager.getActivityInfo(ApplicationPackageManager.java:315)
W/Launcher.LauncherProvider( 5275): 	at com.android.launcher3.LauncherProvider$DatabaseHelper.addAppShortcut(LauncherProvider.java:1822)
W/Launcher.LauncherProvider( 5275): 	at com.android.launcher3.LauncherProvider$DatabaseHelper.addToFolder(LauncherProvider.java:1663)
W/Launcher.LauncherProvider( 5275): 	at com.android.launcher3.LauncherProvider$DatabaseHelper.loadFolder(LauncherProvider.java:1698)
W/Launcher.LauncherProvider( 5275): 	at com.android.launcher3.LauncherProvider$DatabaseHelper.loadFavoritesRecursive(LauncherProvider.java:1601)
W/Launcher.LauncherProvider( 5275): 	at com.android.launcher3.LauncherProvider$DatabaseHelper.access$1300(LauncherProvider.java:394)
W/Launcher.LauncherProvider( 5275): 	at com.android.launcher3.LauncherProvider$SimpleWorkspaceLoader.loadLayout(LauncherProvider.java:2418)
W/Launcher.LauncherProvider( 5275): 	at com.android.launcher3.LauncherProvider$DatabaseHelper.loadFavorites(LauncherProvider.java:1467)
W/Launcher.LauncherProvider( 5275): 	at com.android.launcher3.LauncherProvider$DatabaseHelper.access$200(LauncherProvider.java:394)
W/Launcher.LauncherProvider( 5275): 	at com.android.launcher3.LauncherProvider.loadDefaultFavoritesIfNecessary(LauncherProvider.java:352)
W/Launcher.LauncherProvider( 5275): 	at com.android.launcher3.LauncherModel$LoaderTask.loadWorkspace(LauncherModel.java:1969)
W/Launcher.LauncherProvider( 5275): 	at com.android.launcher3.LauncherModel$LoaderTask.loadAndBindWorkspace(LauncherModel.java:1612)
W/Launcher.LauncherProvider( 5275): 	at com.android.launcher3.LauncherModel$LoaderTask.run(LauncherModel.java:1717)
W/Launcher.LauncherProvider( 5275): 	at android.os.Handler.handleCallback(Handler.java:739)
W/Launcher.LauncherProvider( 5275): 	at android.os.Handler.dispatchMessage(Handler.java:95)
W/Launcher.LauncherProvider( 5275): 	at android.os.Looper.loop(Looper.java:135)
W/Launcher.LauncherProvider( 5275): 	at android.os.HandlerThread.run(HandlerThread.java:61)
W/Launcher( 5275): setApplicationContext called twice! old=com.android.launcher3.LauncherApplication@31586218 new=com.android.launcher3.LauncherApplication@31586218
W/Launcher.LauncherProvider( 5275): Unable to add favorite: com.google.android.play.games/com.google.android.gms.games.ui.destination.main.MainActivity
W/Launcher.LauncherProvider( 5275): android.content.pm.PackageManager$NameNotFoundException: ComponentInfo{com.google.android.play.games/com.google.android.gms.games.ui.destination.main.MainActivity}
W/Launcher.LauncherProvider( 5275): 	at android.app.ApplicationPackageManager.getActivityInfo(ApplicationPackageManager.java:315)
W/Launcher.LauncherProvider( 5275): 	at com.android.launcher3.LauncherProvider$DatabaseHelper.addAppShortcut(LauncherProvider.java:1822)
W/Launcher.LauncherProvider( 5275): 	at com.android.launcher3.LauncherProvider$DatabaseHelper.addToFolder(LauncherProvider.java:1663)
W/Launcher.LauncherProvider( 5275): 	at com.android.launcher3.LauncherProvider$DatabaseHelper.loadFolder(LauncherProvider.java:1698)
W/Launcher.LauncherProvider( 5275): 	at com.android.launcher3.LauncherProvider$DatabaseHelper.loadFavoritesRecursive(LauncherProvider.java:1601)
W/Launcher.LauncherProvider( 5275): 	at com.android.launcher3.LauncherProvider$DatabaseHelper.access$1300(LauncherProvider.java:394)
W/Launcher.LauncherProvider( 5275): 	at com.android.launcher3.LauncherProvider$SimpleWorkspaceLoader.loadLayout(LauncherProvider.java:2418)
W/Launcher.LauncherProvider( 5275): 	at com.android.launcher3.LauncherProvider$DatabaseHelper.loadFavorites(LauncherProvider.java:1467)
W/Launcher.LauncherProvider( 5275): 	at com.android.launcher3.LauncherProvider$DatabaseHelper.access$200(LauncherProvider.java:394)
W/Launcher.LauncherProvider( 5275): 	at com.android.launcher3.LauncherProvider.loadDefaultFavoritesIfNecessary(LauncherProvider.java:352)
W/Launcher.LauncherProvider( 5275): 	at com.android.launcher3.LauncherModel$LoaderTask.loadWorkspace(LauncherModel.java:1969)
W/Launcher.LauncherProvider( 5275): 	at com.android.launcher3.LauncherModel$LoaderTask.loadAndBindWorkspace(LauncherModel.java:1612)
W/Launcher.LauncherProvider( 5275): 	at com.android.launcher3.LauncherModel$LoaderTask.run(LauncherModel.java:1717)
W/Launcher.LauncherProvider( 5275): 	at android.os.Handler.handleCallback(Handler.java:739)
W/Launcher.LauncherProvider( 5275): 	at android.os.Handler.dispatchMessage(Handler.java:95)
W/Launcher.LauncherProvider( 5275): 	at android.os.Looper.loop(Looper.java:135)
W/Launcher.LauncherProvider( 5275): 	at android.os.HandlerThread.run(HandlerThread.java:61)
W/Launcher.LauncherProvider( 5275): Unable to add favorite: com.google.android.apps.docs/com.google.android.apps.docs.app.NewMainProxyActivity
W/Launcher.LauncherProvider( 5275): android.content.pm.PackageManager$NameNotFoundException: ComponentInfo{com.google.android.apps.docs/com.google.android.apps.docs.app.NewMainProxyActivity}
W/Launcher.LauncherProvider( 5275): 	at android.app.ApplicationPackageManager.getActivityInfo(ApplicationPackageManager.java:315)
W/Launcher.LauncherProvider( 5275): 	at com.android.launcher3.LauncherProvider$DatabaseHelper.addAppShortcut(LauncherProvider.java:1822)
W/Launcher.LauncherProvider( 5275): 	at com.android.launcher3.LauncherProvider$DatabaseHelper.addToFolder(LauncherProvider.java:1663)
W/Launcher.LauncherProvider( 5275): 	at com.android.launcher3.LauncherProvider$DatabaseHelper.loadFolder(LauncherProvider.java:1698)
W/Launcher.LauncherProvider( 5275): 	at com.android.launcher3.LauncherProvider$DatabaseHelper.loadFavoritesRecursive(LauncherProvider.java:1601)
W/Launcher.LauncherProvider( 5275): 	at com.android.launcher3.LauncherProvider$DatabaseHelper.access$1300(LauncherProvider.java:394)
W/Launcher.LauncherProvider( 5275): 	at com.android.launcher3.LauncherProvider$SimpleWorkspaceLoader.loadLayout(LauncherProvider.java:2418)
W/Launcher.LauncherProvider( 5275): 	at com.android.launcher3.LauncherProvider$DatabaseHelper.loadFavorites(LauncherProvider.java:1467)
W/Launcher.LauncherProvider( 5275): 	at com.android.launcher3.LauncherProvider$DatabaseHelper.access$200(LauncherProvider.java:394)
W/Launcher.LauncherProvider( 5275): 	at com.android.launcher3.LauncherProvider.loadDefaultFavoritesIfNecessary(LauncherProvider.java:352)
W/Launcher.LauncherProvider( 5275): 	at com.android.launcher3.LauncherModel$LoaderTask.loadWorkspace(LauncherModel.java:1969)
W/Launcher.LauncherProvider( 5275): 	at com.android.launcher3.LauncherModel$LoaderTask.loadAndBindWorkspace(LauncherModel.java:1612)
W/Launcher.LauncherProvider( 5275): 	at com.android.launcher3.LauncherModel$LoaderTask.run(LauncherModel.java:1717)
W/Launcher.LauncherProvider( 5275): 	at android.os.Handler.handleCallback(Handler.java:739)
W/Launcher.LauncherProvider( 5275): 	at android.os.Handler.dispatchMessage(Handler.java:95)
W/Launcher.LauncherProvider( 5275): 	at android.os.Looper.loop(Looper.java:135)
W/Launcher.LauncherProvider( 5275): 	at android.os.HandlerThread.run(HandlerThread.java:61)
W/Launcher.LauncherProvider( 5275): Unable to add favorite: com.google.android.youtube/com.google.android.youtube.app.honeycomb.Shell$HomeActivity
W/Launcher.LauncherProvider( 5275): android.content.pm.PackageManager$NameNotFoundException: ComponentInfo{com.google.android.youtube/com.google.android.youtube.app.honeycomb.Shell$HomeActivity}
W/Launcher.LauncherProvider( 5275): 	at android.app.ApplicationPackageManager.getActivityInfo(ApplicationPackageManager.java:315)
W/Launcher.LauncherProvider( 5275): 	at com.android.launcher3.LauncherProvider$DatabaseHelper.addAppShortcut(LauncherProvider.java:1822)
W/Launcher.LauncherProvider( 5275): 	at com.android.launcher3.LauncherProvider$DatabaseHelper.addToFolder(LauncherProvider.java:1663)
W/Launcher.LauncherProvider( 5275): 	at com.android.launcher3.LauncherProvider$DatabaseHelper.loadFolder(LauncherProvider.java:1698)
W/Launcher.LauncherProvider( 5275): 	at com.android.launcher3.LauncherProvider$DatabaseHelper.loadFavoritesRecursive(LauncherProvider.java:1601)
W/Launcher.LauncherProvider( 5275): 	at com.android.launcher3.LauncherProvider$DatabaseHelper.access$1300(LauncherProvider.java:394)
W/Launcher.LauncherProvider( 5275): 	at com.android.launcher3.LauncherProvider$SimpleWorkspaceLoader.loadLayout(LauncherProvider.java:2418)
W/Launcher.LauncherProvider( 5275): 	at com.android.launcher3.LauncherProvider$DatabaseHelper.loadFavorites(LauncherProvider.java:1467)
W/Launcher.LauncherProvider( 5275): 	at com.android.launcher3.LauncherProvider$DatabaseHelper.access$200(LauncherProvider.java:394)
W/Launcher.LauncherProvider( 5275): 	at com.android.launcher3.LauncherProvider.loadDefaultFavoritesIfNecessary(LauncherProvider.java:352)
W/Launcher.LauncherProvider( 5275): 	at com.android.launcher3.LauncherModel$LoaderTask.loadWorkspace(LauncherModel.java:1969)
W/Launcher.LauncherProvider( 5275): 	at com.android.launcher3.LauncherModel$LoaderTask.loadAndBindWorkspace(LauncherModel.java:1612)
W/Launcher.LauncherProvider( 5275): 	at com.android.launcher3.LauncherModel$LoaderTask.run(LauncherModel.java:1717)
W/Launcher.LauncherProvider( 5275): 	at android.os.Handler.handleCallback(Handler.java:739)
W/Launcher.LauncherProvider( 5275): 	at android.os.Handler.dispatchMessage(Handler.java:95)
W/Launcher.LauncherProvider( 5275): 	at android.os.Looper.loop(Looper.java:135)
W/Launcher.LauncherProvider( 5275): 	at android.os.HandlerThread.run(HandlerThread.java:61)
W/Launcher.LauncherProvider( 5275): Unable to add favorite: com.google.android.apps.plus/com.google.android.apps.plus.phone.ConversationListActivity
W/Launcher.LauncherProvider( 5275): android.content.pm.PackageManager$NameNotFoundException: ComponentInfo{com.google.android.apps.plus/com.google.android.apps.plus.phone.ConversationListActivity}
W/Launcher.LauncherProvider( 5275): 	at android.app.ApplicationPackageManager.getActivityInfo(ApplicationPackageManager.java:315)
W/Launcher.LauncherProvider( 5275): 	at com.android.launcher3.LauncherProvider$DatabaseHelper.addAppShortcut(LauncherProvider.java:1822)
W/Launcher.LauncherProvider( 5275): 	at com.android.launcher3.LauncherProvider$DatabaseHelper.addToFolder(LauncherProvider.java:1663)
W/Launcher.LauncherProvider( 5275): 	at com.android.launcher3.LauncherProvider$DatabaseHelper.loadFolder(LauncherProvider.java:1698)
W/Launcher.LauncherProvider( 5275): 	at com.android.launcher3.LauncherProvider$DatabaseHelper.loadFavoritesRecursive(LauncherProvider.java:1601)
W/Launcher.LauncherProvider( 5275): 	at com.android.launcher3.LauncherProvider$DatabaseHelper.access$1300(LauncherProvider.java:394)
W/Launcher.LauncherProvider( 5275): 	at com.android.launcher3.LauncherProvider$SimpleWorkspaceLoader.loadLayout(LauncherProvider.java:2418)
W/Launcher.LauncherProvider( 5275): 	at com.android.launcher3.LauncherProvider$DatabaseHelper.loadFavorites(LauncherProvider.java:1467)
W/Launcher.LauncherProvider( 5275): 	at com.android.launcher3.LauncherProvider$DatabaseHelper.access$200(LauncherProvider.java:394)
W/Launcher.LauncherProvider( 5275): 	at com.android.launcher3.LauncherProvider.loadDefaultFavoritesIfNecessary(LauncherProvider.java:352)
W/Launcher.LauncherProvider( 5275): 	at com.android.launcher3.LauncherModel$LoaderTask.loadWorkspace(LauncherModel.java:1969)
W/Launcher.LauncherProvider( 5275): 	at com.android.launcher3.LauncherModel$LoaderTask.loadAndBindWorkspace(LauncherModel.java:1612)
W/Launcher.LauncherProvider( 5275): 	at com.android.launcher3.LauncherModel$LoaderTask.run(LauncherModel.java:1717)
W/Launcher.LauncherProvider( 5275): 	at android.os.Handler.handleCallback(Handler.java:739)
W/Launcher.LauncherProvider( 5275): 	at android.os.Handler.dispatchMessage(Handler.java:95)
W/Launcher.LauncherProvider( 5275): 	at android.os.Looper.loop(Looper.java:135)
W/Launcher.LauncherProvider( 5275): 	at android.os.HandlerThread.run(HandlerThread.java:61)
D/WeatherUpdateService( 5789): Service started, but shouldn't update ... stopping
W/Launcher.LauncherProvider( 5275): Unable to add favorite: com.google.android.talk/com.google.android.talk.SigningInActivity
W/Launcher.LauncherProvider( 5275): android.content.pm.PackageManager$NameNotFoundException: ComponentInfo{com.google.android.talk/com.google.android.talk.SigningInActivity}
W/Launcher.LauncherProvider( 5275): 	at android.app.ApplicationPackageManager.getActivityInfo(ApplicationPackageManager.java:315)
W/Launcher.LauncherProvider( 5275): 	at com.android.launcher3.LauncherProvider$DatabaseHelper.addAppShortcut(LauncherProvider.java:1822)
W/Launcher.LauncherProvider( 5275): 	at com.android.launcher3.LauncherProvider$DatabaseHelper.addToFolder(LauncherProvider.java:1663)
W/Launcher.LauncherProvider( 5275): 	at com.android.launcher3.LauncherProvider$DatabaseHelper.loadFolder(LauncherProvider.java:1698)
W/Launcher.LauncherProvider( 5275): 	at com.android.launcher3.LauncherProvider$DatabaseHelper.loadFavoritesRecursive(LauncherProvider.java:1601)
W/Launcher.LauncherProvider( 5275): 	at com.android.launcher3.LauncherProvider$DatabaseHelper.access$1300(LauncherProvider.java:394)
W/Launcher.LauncherProvider( 5275): 	at com.android.launcher3.LauncherProvider$SimpleWorkspaceLoader.loadLayout(LauncherProvider.java:2418)
W/Launcher.LauncherProvider( 5275): 	at com.android.launcher3.LauncherProvider$DatabaseHelper.loadFavorites(LauncherProvider.java:1467)
W/Launcher.LauncherProvider( 5275): 	at com.android.launcher3.LauncherProvider$DatabaseHelper.access$200(LauncherProvider.java:394)
W/Launcher.LauncherProvider( 5275): 	at com.android.launcher3.LauncherProvider.loadDefaultFavoritesIfNecessary(LauncherProvider.java:352)
W/Launcher.LauncherProvider( 5275): 	at com.android.launcher3.LauncherModel$LoaderTask.loadWorkspace(LauncherModel.java:1969)
W/Launcher.LauncherProvider( 5275): 	at com.android.launcher3.LauncherModel$LoaderTask.loadAndBindWorkspace(LauncherModel.java:1612)
W/Launcher.LauncherProvider( 5275): 	at com.android.launcher3.LauncherModel$LoaderTask.run(LauncherModel.java:1717)
W/Launcher.LauncherProvider( 5275): 	at android.os.Handler.handleCallback(Handler.java:739)
W/Launcher.LauncherProvider( 5275): 	at android.os.Handler.dispatchMessage(Handler.java:95)
W/Launcher.LauncherProvider( 5275): 	at android.os.Looper.loop(Looper.java:135)
W/Launcher.LauncherProvider( 5275): 	at android.os.HandlerThread.run(HandlerThread.java:61)
W/Launcher.LauncherProvider( 5275): Unable to add favorite: com.android.vending/com.android.vending.AssetBrowserActivity
W/Launcher.LauncherProvider( 5275): android.content.pm.PackageManager$NameNotFoundException: ComponentInfo{com.android.vending/com.android.vending.AssetBrowserActivity}
W/Launcher.LauncherProvider( 5275): 	at android.app.ApplicationPackageManager.getActivityInfo(ApplicationPackageManager.java:315)
W/Launcher.LauncherProvider( 5275): 	at com.android.launcher3.LauncherProvider$DatabaseHelper.addAppShortcut(LauncherProvider.java:1822)
W/Launcher.LauncherProvider( 5275): 	at com.android.launcher3.LauncherProvider$DatabaseHelper.loadFavoritesRecursive(LauncherProvider.java:1591)
W/Launcher.LauncherProvider( 5275): 	at com.android.launcher3.LauncherProvider$DatabaseHelper.access$1300(LauncherProvider.java:394)
W/Launcher.LauncherProvider( 5275): 	at com.android.launcher3.LauncherProvider$SimpleWorkspaceLoader.loadLayout(LauncherProvider.java:2418)
W/Launcher.LauncherProvider( 5275): 	at com.android.launcher3.LauncherProvider$DatabaseHelper.loadFavorites(LauncherProvider.java:1467)
W/Launcher.LauncherProvider( 5275): 	at com.android.launcher3.LauncherProvider$DatabaseHelper.access$200(LauncherProvider.java:394)
W/Launcher.LauncherProvider( 5275): 	at com.android.launcher3.LauncherProvider.loadDefaultFavoritesIfNecessary(LauncherProvider.java:352)
W/Launcher.LauncherProvider( 5275): 	at com.android.launcher3.LauncherModel$LoaderTask.loadWorkspace(LauncherModel.java:1969)
W/Launcher.LauncherProvider( 5275): 	at com.android.launcher3.LauncherModel$LoaderTask.loadAndBindWorkspace(LauncherModel.java:1612)
W/Launcher.LauncherProvider( 5275): 	at com.android.launcher3.LauncherModel$LoaderTask.run(LauncherModel.java:1717)
W/Launcher.LauncherProvider( 5275): 	at android.os.Handler.handleCallback(Handler.java:739)
W/Launcher.LauncherProvider( 5275): 	at android.os.Handler.dispatchMessage(Handler.java:95)
W/Launcher.LauncherProvider( 5275): 	at android.os.Looper.loop(Looper.java:135)
W/Launcher.LauncherProvider( 5275): 	at android.os.HandlerThread.run(HandlerThread.java:61)
I/System.out( 5275): Can't find widget provider: com.google.android.finsky.widget.consumption.NowPlayingWidgetProvider
W/Launcher.LauncherProvider( 5275): Unable to add favorite: com.cyngn.gallerynext/com.cyngn.gallerynext.app.GalleryActivity
W/Launcher.LauncherProvider( 5275): android.content.pm.PackageManager$NameNotFoundException: ComponentInfo{com.cyngn.gallerynext/com.cyngn.gallerynext.app.GalleryActivity}
W/Launcher.LauncherProvider( 5275): 	at android.app.ApplicationPackageManager.getActivityInfo(ApplicationPackageManager.java:315)
W/Launcher.LauncherProvider( 5275): 	at com.android.launcher3.LauncherProvider$DatabaseHelper.addAppShortcut(LauncherProvider.java:1822)
W/Launcher.LauncherProvider( 5275): 	at com.android.launcher3.LauncherProvider$DatabaseHelper.loadFavoritesRecursive(LauncherProvider.java:1591)
W/Launcher.LauncherProvider( 5275): 	at com.android.launcher3.LauncherProvider$DatabaseHelper.access$1300(LauncherProvider.java:394)
W/Launcher.LauncherProvider( 5275): 	at com.android.launcher3.LauncherProvider$SimpleWorkspaceLoader.loadLayout(LauncherProvider.java:2418)
W/Launcher.LauncherProvider( 5275): 	at com.android.launcher3.LauncherProvider$DatabaseHelper.loadFavorites(LauncherProvider.java:1467)
W/Launcher.LauncherProvider( 5275): 	at com.android.launcher3.LauncherProvider$DatabaseHelper.access$200(LauncherProvider.java:394)
W/Launcher.LauncherProvider( 5275): 	at com.android.launcher3.LauncherProvider.loadDefaultFavoritesIfNecessary(LauncherProvider.java:352)
W/Launcher.LauncherProvider( 5275): 	at com.android.launcher3.LauncherModel$LoaderTask.loadWorkspace(LauncherModel.java:1969)
W/Launcher.LauncherProvider( 5275): 	at com.android.launcher3.LauncherModel$LoaderTask.loadAndBindWorkspace(LauncherModel.java:1612)
W/Launcher.LauncherProvider( 5275): 	at com.android.launcher3.LauncherModel$LoaderTask.run(LauncherModel.java:1717)
W/Launcher.LauncherProvider( 5275): 	at android.os.Handler.handleCallback(Handler.java:739)
W/Launcher.LauncherProvider( 5275): 	at android.os.Handler.dispatchMessage(Handler.java:95)
W/Launcher.LauncherProvider( 5275): 	at android.os.Looper.loop(Looper.java:135)
W/Launcher.LauncherProvider( 5275): 	at android.os.HandlerThread.run(HandlerThread.java:61)
I/        ( 5275): PLATFORM VERSION : JB-MR-2
I/OpenGLRenderer( 5275): Initialized EGL, version 1.4
D/OpenGLRenderer( 5275): Enabling debug mode 0
W/Launcher.LauncherProvider( 5275): Unable to add favorite: com.android.chrome/com.google.android.apps.chrome.Main
W/Launcher.LauncherProvider( 5275): android.content.pm.PackageManager$NameNotFoundException: ComponentInfo{com.android.chrome/com.google.android.apps.chrome.Main}
W/Launcher.LauncherProvider( 5275): 	at android.app.ApplicationPackageManager.getActivityInfo(ApplicationPackageManager.java:315)
W/Launcher.LauncherProvider( 5275): 	at com.android.launcher3.LauncherProvider$DatabaseHelper.addAppShortcut(LauncherProvider.java:1822)
W/Launcher.LauncherProvider( 5275): 	at com.android.launcher3.LauncherProvider$DatabaseHelper.loadFavoritesRecursive(LauncherProvider.java:1591)
W/Launcher.LauncherProvider( 5275): 	at com.android.launcher3.LauncherProvider$DatabaseHelper.access$1300(LauncherProvider.java:394)
W/Launcher.LauncherProvider( 5275): 	at com.android.launcher3.LauncherProvider$SimpleWorkspaceLoader.loadLayout(LauncherProvider.java:2418)
W/Launcher.LauncherProvider( 5275): 	at com.android.launcher3.LauncherProvider$DatabaseHelper.loadFavorites(LauncherProvider.java:1467)
W/Launcher.LauncherProvider( 5275): 	at com.android.launcher3.LauncherProvider$DatabaseHelper.access$200(LauncherProvider.java:394)
W/Launcher.LauncherProvider( 5275): 	at com.android.launcher3.LauncherProvider.loadDefaultFavoritesIfNecessary(LauncherProvider.java:352)
W/Launcher.LauncherProvider( 5275): 	at com.android.launcher3.LauncherModel$LoaderTask.loadWorkspace(LauncherModel.java:1969)
W/Launcher.LauncherProvider( 5275): 	at com.android.launcher3.LauncherModel$LoaderTask.loadAndBindWorkspace(LauncherModel.java:1612)
W/Launcher.LauncherProvider( 5275): 	at com.android.launcher3.LauncherModel$LoaderTask.run(LauncherModel.java:1717)
W/Launcher.LauncherProvider( 5275): 	at android.os.Handler.handleCallback(Handler.java:739)
W/Launcher.LauncherProvider( 5275): 	at android.os.Handler.dispatchMessage(Handler.java:95)
W/Launcher.LauncherProvider( 5275): 	at android.os.Looper.loop(Looper.java:135)
W/Launcher.LauncherProvider( 5275): 	at android.os.HandlerThread.run(HandlerThread.java:61)
W/Launcher.LauncherProvider( 5275): Unable to add favorite: com.cyngn.cameranext/com.android.camera.CameraLauncher
W/Launcher.LauncherProvider( 5275): android.content.pm.PackageManager$NameNotFoundException: ComponentInfo{com.cyngn.cameranext/com.android.camera.CameraLauncher}
W/Launcher.LauncherProvider( 5275): 	at android.app.ApplicationPackageManager.getActivityInfo(ApplicationPackageManager.java:315)
W/Launcher.LauncherProvider( 5275): 	at com.android.launcher3.LauncherProvider$DatabaseHelper.addAppShortcut(LauncherProvider.java:1822)
W/Launcher.LauncherProvider( 5275): 	at com.android.launcher3.LauncherProvider$DatabaseHelper.loadFavoritesRecursive(LauncherProvider.java:1591)
W/Launcher.LauncherProvider( 5275): 	at com.android.launcher3.LauncherProvider$DatabaseHelper.access$1300(LauncherProvider.java:394)
W/Launcher.LauncherProvider( 5275): 	at com.android.launcher3.LauncherProvider$SimpleWorkspaceLoader.loadLayout(LauncherProvider.java:2418)
W/Launcher.LauncherProvider( 5275): 	at com.android.launcher3.LauncherProvider$DatabaseHelper.loadFavorites(LauncherProvider.java:1467)
W/Launcher.LauncherProvider( 5275): 	at com.android.launcher3.LauncherProvider$DatabaseHelper.access$200(LauncherProvider.java:394)
W/Launcher.LauncherProvider( 5275): 	at com.android.launcher3.LauncherProvider.loadDefaultFavoritesIfNecessary(LauncherProvider.java:352)
W/Launcher.LauncherProvider( 5275): 	at com.android.launcher3.LauncherModel$LoaderTask.loadWorkspace(LauncherModel.java:1969)
W/Launcher.LauncherProvider( 5275): 	at com.android.launcher3.LauncherModel$LoaderTask.loadAndBindWorkspace(LauncherModel.java:1612)
W/Launcher.LauncherProvider( 5275): 	at com.android.launcher3.LauncherModel$LoaderTask.run(LauncherModel.java:1717)
W/Launcher.LauncherProvider( 5275): 	at android.os.Handler.handleCallback(Handler.java:739)
W/Launcher.LauncherProvider( 5275): 	at android.os.Handler.dispatchMessage(Handler.java:95)
W/Launcher.LauncherProvider( 5275): 	at android.os.Looper.loop(Looper.java:135)
W/Launcher.LauncherProvider( 5275): 	at android.os.HandlerThread.run(HandlerThread.java:61)
W/Launcher.LauncherProvider( 5275): Unable to add favorite: com.android.camera2/com.android.camera.CameraLauncher
W/Launcher.LauncherProvider( 5275): android.content.pm.PackageManager$NameNotFoundException: ComponentInfo{com.android.camera2/com.android.camera.CameraLauncher}
W/Launcher.LauncherProvider( 5275): 	at android.app.ApplicationPackageManager.getActivityInfo(ApplicationPackageManager.java:315)
W/Launcher.LauncherProvider( 5275): 	at com.android.launcher3.LauncherProvider$DatabaseHelper.addAppShortcut(LauncherProvider.java:1822)
W/Launcher.LauncherProvider( 5275): 	at com.android.launcher3.LauncherProvider$DatabaseHelper.loadFavoritesRecursive(LauncherProvider.java:1591)
W/Launcher.LauncherProvider( 5275): 	at com.android.launcher3.LauncherProvider$DatabaseHelper.access$1300(LauncherProvider.java:394)
W/Launcher.LauncherProvider( 5275): 	at com.android.launcher3.LauncherProvider$SimpleWorkspaceLoader.loadLayout(LauncherProvider.java:2418)
W/Launcher.LauncherProvider( 5275): 	at com.android.launcher3.LauncherProvider$DatabaseHelper.loadFavorites(LauncherProvider.java:1467)
W/Launcher.LauncherProvider( 5275): 	at com.android.launcher3.LauncherProvider$DatabaseHelper.access$200(LauncherProvider.java:394)
W/Launcher.LauncherProvider( 5275): 	at com.android.launcher3.LauncherProvider.loadDefaultFavoritesIfNecessary(LauncherProvider.java:352)
W/Launcher.LauncherProvider( 5275): 	at com.android.launcher3.LauncherModel$LoaderTask.loadWorkspace(LauncherModel.java:1969)
W/Launcher.LauncherProvider( 5275): 	at com.android.launcher3.LauncherModel$LoaderTask.loadAndBindWorkspace(LauncherModel.java:1612)
W/Launcher.LauncherProvider( 5275): 	at com.android.launcher3.LauncherModel$LoaderTask.run(LauncherModel.java:1717)
W/Launcher.LauncherProvider( 5275): 	at android.os.Handler.handleCallback(Handler.java:739)
W/Launcher.LauncherProvider( 5275): 	at android.os.Handler.dispatchMessage(Handler.java:95)
W/Launcher.LauncherProvider( 5275): 	at android.os.Looper.loop(Looper.java:135)
W/Launcher.LauncherProvider( 5275): 	at android.os.HandlerThread.run(HandlerThread.java:61)
D/Launcher.LauncherProvider( 5275): 11683562 - initializeMaxScreenId(): 2
D/Launcher.Model( 5275): 11683562 -   loadedOldDb: false
W/InputMethodManagerService( 4115): Got RemoteException sending setActive(false) notification to pid 5177 uid 1000
I/ActivityManager( 4115): Displayed com.cyanogenmod.trebuchet/com.android.launcher3.Launcher: +848ms (total +1s182ms)
I/Timeline( 5275): Timeline: Activity_idle id: android.os.BinderProxy@10cd6f50 time:82711
I/art     ( 5275): Background partial concurrent mark sweep GC freed 8362(722KB) AllocSpace objects, 6(831KB) LOS objects, 40% free, 19MB/32MB, paused 5.847ms total 48.189ms
D/Launcher.Model( 5275): 11683562 - loadWorkspaceScreensDb()
D/Launcher.Model( 5275): 11683562 -   screens: { 0: 1 }, { 1: 2 }
D/Launcher.Model( 5275): 11683562 -   sBgWorkspaceScreens: 1, 2
D/Launcher( 5275): 11683562 - bindAddScreens()
D/Launcher( 5275): 11683562 -   orderedScreenIds: 1, 2
D/Launcher.Workspace( 5275): 11683562 - insertNewWorkspaceScreen(): 1 at index: 0
D/Launcher.Workspace( 5275): 11683562 - insertNewWorkspaceScreen(): 2 at index: 1
I/Timeline( 4115): Timeline: Activity_windows_visible id: ActivityRecord{12a4ee3f u0 com.cyanogenmod.trebuchet/com.android.launcher3.Launcher t4} time:82939
V/RenderScript( 5275): Application requested CPU execution
V/RenderScript( 5275): 0xa0277800 Launching thread(s), CPUs 8
D/android.widget.GridLayout( 5275): vertical constraints: y3-y0>=396, y3-y0<=372, y3-y2<=156, y2-y1<=3 are inconsistent; permanently removing: y3-y0<=372. 
D/Launcher.Workspace( 5275): 11683562 - stripEmptyScreens()
W/AudioPolicyManager( 3692): getOutput() could not find output for stream 1, samplingRate 0,format 0, channels 3, flags 0
W/AudioPolicyManager( 3692): getOutput() could not find output for stream 1, samplingRate 0,format 0, channels 3, flags 0
W/AudioPolicyManager( 3692): getOutput() could not find output for stream 1, samplingRate 48000,format 1, channels 3, flags 4
E/AudioTrack( 4115): Could not get audio output for stream type 1, usage 13, sample rate 48000, format 0x1, channel mask 0x3, flags 0x4
E/SoundPool( 4115): Error creating AudioTrack
W/AudioPolicyManager( 3692): getOutput() could not find output for stream 1, samplingRate 0,format 0, channels 3, flags 0
W/AudioPolicyManager( 3692): getOutput() could not find output for stream 1, samplingRate 0,format 0, channels 3, flags 0
W/AudioPolicyManager( 3692): getOutput() could not find output for stream 1, samplingRate 48000,format 1, channels 3, flags 4
E/AudioTrack( 4115): Could not get audio output for stream type 1, usage 13, sample rate 48000, format 0x1, channel mask 0x3, flags 0x4
E/SoundPool( 4115): Error creating AudioTrack
I/InputReader( 4115): Reconfiguring input devices.  changes=0x00000020
D/BackupManagerService( 4115): Received broadcast Intent { act=android.intent.action.PACKAGE_CHANGED dat=package:com.android.provision flg=0x4000010 (has extras) }
W/Launcher( 5275): setApplicationContext called twice! old=com.android.launcher3.LauncherApplication@31586218 new=com.android.launcher3.LauncherApplication@31586218
W/Searchables( 4115): No global search activity found
W/AudioPolicyManager( 3692): getOutput() could not find output for stream 1, samplingRate 0,format 0, channels 3, flags 0
W/AudioPolicyManager( 3692): getOutput() could not find output for stream 1, samplingRate 0,format 0, channels 3, flags 0
W/AudioPolicyManager( 3692): getOutput() could not find output for stream 1, samplingRate 48000,format 1, channels 3, flags 4
E/AudioTrack( 4115): Could not get audio output for stream type 1, usage 13, sample rate 48000, format 0x1, channel mask 0x3, flags 0x4
E/SoundPool( 4115): Error creating AudioTrack
I/Timeline( 5275): Timeline: Activity_launch_request id:com.android.settings time:102980
I/ActivityManager( 4115): START u0 {act=android.intent.action.MAIN cat=[android.intent.category.LAUNCHER] flg=0x10200000 cmp=com.android.settings/.Settings (has extras)} from uid 10018 on display 0
I/IndexDatabaseHelper( 6098): Bootstrapped database
I/IndexDatabaseHelper( 6098): Using schema version: 118
I/IndexDatabaseHelper( 6098): Index is fine
D/BluetoothManagerService( 4115): Message: 20
D/BluetoothManagerService( 4115): Added callback: android.bluetooth.IBluetoothManagerCallback$Stub$Proxy@33e4b318:true
D/BluetoothAdapter( 6098): 369329564: getState() :  mService = null. Returning STATE_OFF
D/BluetoothManagerService( 4115): Message: 30
D/BluetoothManagerService( 4115): Message: 30
D/LocalBluetoothProfileManager( 6098): Adding local MAP profile
D/BluetoothMap( 6098): Create BluetoothMap proxy object
D/BluetoothManagerService( 4115): Message: 30
D/BluetoothManagerService( 4115): Message: 30
D/LocalBluetoothProfileManager( 6098): LocalBluetoothProfileManager construction complete
D/BluetoothAdapter( 6098): 369329564: getState() :  mService = null. Returning STATE_OFF
D/BluetoothAdapter( 6098): 369329564: getState() :  mService = null. Returning STATE_OFF
E/NFC     ( 6098): could not retrieve NFC service
E/ConnectivityService( 4115): Carrier Provisioning Urls file not found
D/ConnectivityService( 4115): getMobileProvisioningUrl: mobile_provisioining_url from resource =
D/DashboardSummary( 6098): rebuildUI took: 228 ms
D/BluetoothAdapter( 6098): 369329564: getState() :  mService = null. Returning STATE_OFF
D/PermissionCache( 4115): checking android.permission.BODY_SENSORS for uid=1000 => granted (320 us)
I/ActivityManager( 4115): Displayed com.android.settings/.Settings: +633ms
I/Timeline( 4115): Timeline: Activity_windows_visible id: ActivityRecord{1cde3e15 u0 com.android.settings/.Settings t5} time:103685
D/BluetoothAdapter( 6098): 369329564: getState() :  mService = null. Returning STATE_OFF
I/Timeline( 6098): Timeline: Activity_idle id: android.os.BinderProxy@f6ac747 time:103749
D/Index   ( 6098): Indexing locale 'es_ES' took 520 millis
D/Index   ( 6098): Deleting data for locale 'es_ES' took 2 millis
D/Index   ( 6098): Indexing locale 'es_ES' took 7 millis
D/Index   ( 6098): Deleting data for locale 'es_ES' took 3 millis
D/BluetoothAdapter( 6098): 369329564: getState() :  mService = null. Returning STATE_OFF
D/Index   ( 6098): Indexing locale 'es_ES' took 1 millis
I/Timeline( 6098): Timeline: Activity_launch_request id:com.android.settings time:106386
W/AudioPolicyManager( 3692): getOutput() could not find output for stream 1, samplingRate 0,format 0, channels 3, flags 0
W/AudioPolicyManager( 3692): getOutput() could not find output for stream 1, samplingRate 0,format 0, channels 3, flags 0
I/ActivityManager( 4115): START u0 {act=android.intent.action.MAIN cmp=com.android.settings/.SubSettings (has extras)} from uid 1000 on display 0
W/AudioPolicyManager( 3692): getOutput() could not find output for stream 1, samplingRate 48000,format 1, channels 3, flags 4
E/AudioTrack( 4115): Could not get audio output for stream type 1, usage 13, sample rate 48000, format 0x1, channel mask 0x3, flags 0x4
E/SoundPool( 4115): Error creating AudioTrack
D/SubSettings( 6098): Launching fragment com.android.settings.DeviceInfoSettings
I/ActivityManager( 4115): Displayed com.android.settings/.SubSettings: +304ms
D/OpenGLRenderer( 6098): endAllStagingAnimators on 0x9e51a380 (RippleDrawable) with handle 0xa1920310
I/Timeline( 6098): Timeline: Activity_idle id: android.os.BinderProxy@17fe0779 time:106777
I/Timeline( 4115): Timeline: Activity_windows_visible id: ActivityRecord{23bcc48c u0 com.android.settings/.SubSettings t5} time:107081
W/AudioPolicyManager( 3692): getOutput() could not find output for stream 1, samplingRate 0,format 0, channels 3, flags 0
W/AudioPolicyManager( 3692): getOutput() could not find output for stream 1, samplingRate 0,format 0, channels 3, flags 0
W/AudioPolicyManager( 3692): getOutput() could not find output for stream 1, samplingRate 48000,format 1, channels 3, flags 4
E/AudioTrack( 4115): Could not get audio output for stream type 1, usage 13, sample rate 48000, format 0x1, channel mask 0x3, flags 0x4
E/SoundPool( 4115): Error creating AudioTrack
W/AudioPolicyManager( 3692): getOutput() could not find output for stream 1, samplingRate 0,format 0, channels 3, flags 0
W/AudioPolicyManager( 3692): getOutput() could not find output for stream 1, samplingRate 0,format 0, channels 3, flags 0
W/AudioPolicyManager( 3692): getOutput() could not find output for stream 1, samplingRate 48000,format 1, channels 3, flags 4
E/AudioTrack( 4115): Could not get audio output for stream type 1, usage 13, sample rate 48000, format 0x1, channel mask 0x3, flags 0x4
E/SoundPool( 4115): Error creating AudioTrack
W/AudioPolicyManager( 3692): getOutput() could not find output for stream 1, samplingRate 0,format 0, channels 3, flags 0
W/AudioPolicyManager( 3692): getOutput() could not find output for stream 1, samplingRate 0,format 0, channels 3, flags 0
W/AudioPolicyManager( 3692): getOutput() could not find output for stream 1, samplingRate 48000,format 1, channels 3, flags 4
E/AudioTrack( 4115): Could not get audio output for stream type 1, usage 13, sample rate 48000, format 0x1, channel mask 0x3, flags 0x4
E/SoundPool( 4115): Error creating AudioTrack
V/RenderScript( 6098): Application requested CPU execution
V/RenderScript( 6098): 0x9ff78400 Launching thread(s), CPUs 8
W/AudioPolicyManager( 3692): getOutput() could not find output for stream 1, samplingRate 0,format 0, channels 3, flags 0
W/AudioPolicyManager( 3692): getOutput() could not find output for stream 1, samplingRate 0,format 0, channels 3, flags 0
I/NotificationService( 4115): cancelToast pkg=com.android.settings callback=android.app.ITransientNotification$Stub$Proxy@27b46bc1
W/AudioPolicyManager( 3692): getOutput() could not find output for stream 1, samplingRate 48000,format 1, channels 3, flags 4
E/AudioTrack( 4115): Could not get audio output for stream type 1, usage 13, sample rate 48000, format 0x1, channel mask 0x3, flags 0x4
E/SoundPool( 4115): Error creating AudioTrack
W/AudioPolicyManager( 3692): getOutput() could not find output for stream 1, samplingRate 0,format 0, channels 3, flags 0
I/NotificationService( 4115): cancelToast pkg=com.android.settings callback=android.app.ITransientNotification$Stub$Proxy@31578bf2
W/AudioPolicyManager( 3692): getOutput() could not find output for stream 1, samplingRate 0,format 0, channels 3, flags 0
W/AudioPolicyManager( 3692): getOutput() could not find output for stream 1, samplingRate 48000,format 1, channels 3, flags 4
E/AudioTrack( 4115): Could not get audio output for stream type 1, usage 13, sample rate 48000, format 0x1, channel mask 0x3, flags 0x4
E/SoundPool( 4115): Error creating AudioTrack
W/AudioPolicyManager( 3692): getOutput() could not find output for stream 1, samplingRate 0,format 0, channels 3, flags 0
I/NotificationService( 4115): cancelToast pkg=com.android.settings callback=android.app.ITransientNotification$Stub$Proxy@29d9d1f9
W/AudioPolicyManager( 3692): getOutput() could not find output for stream 1, samplingRate 0,format 0, channels 3, flags 0
W/AudioPolicyManager( 3692): getOutput() could not find output for stream 1, samplingRate 48000,format 1, channels 3, flags 4
E/AudioTrack( 4115): Could not get audio output for stream type 1, usage 13, sample rate 48000, format 0x1, channel mask 0x3, flags 0x4
E/SoundPool( 4115): Error creating AudioTrack
W/AudioPolicyManager( 3692): getOutput() could not find output for stream 1, samplingRate 0,format 0, channels 3, flags 0
W/AudioPolicyManager( 3692): getOutput() could not find output for stream 1, samplingRate 0,format 0, channels 3, flags 0
W/AudioPolicyManager( 3692): getOutput() could not find output for stream 1, samplingRate 48000,format 1, channels 3, flags 4
E/AudioTrack( 4115): Could not get audio output for stream type 1, usage 13, sample rate 48000, format 0x1, channel mask 0x3, flags 0x4
E/SoundPool( 4115): Error creating AudioTrack
I/NotificationService( 4115): cancelToast pkg=com.android.settings callback=android.app.ITransientNotification$Stub$Proxy@3acd78ec
D/Index   ( 6098): Deleting data for locale 'es_ES' took 3 millis
D/Index   ( 6098): Indexing locale 'es_ES' took 110 millis
W/AudioPolicyManager( 3692): getOutput() could not find output for stream 1, samplingRate 0,format 0, channels 3, flags 0
W/AudioPolicyManager( 3692): getOutput() could not find output for stream 1, samplingRate 0,format 0, channels 3, flags 0
W/AudioPolicyManager( 3692): getOutput() could not find output for stream 1, samplingRate 48000,format 1, channels 3, flags 4
E/AudioTrack( 4115): Could not get audio output for stream type 1, usage 13, sample rate 48000, format 0x1, channel mask 0x3, flags 0x4
E/SoundPool( 4115): Error creating AudioTrack
W/AudioPolicyManager( 3692): getOutput() could not find output for stream 1, samplingRate 0,format 0, channels 3, flags 0
W/AudioPolicyManager( 3692): getOutput() could not find output for stream 1, samplingRate 0,format 0, channels 3, flags 0
W/AudioPolicyManager( 3692): getOutput() could not find output for stream 1, samplingRate 48000,format 1, channels 3, flags 4
E/AudioTrack( 4115): Could not get audio output for stream type 1, usage 13, sample rate 48000, format 0x1, channel mask 0x3, flags 0x4
E/SoundPool( 4115): Error creating AudioTrack
W/AudioPolicyManager( 3692): getOutput() could not find output for stream 1, samplingRate 0,format 0, channels 3, flags 0
W/AudioPolicyManager( 3692): getOutput() could not find output for stream 1, samplingRate 0,format 0, channels 3, flags 0
W/AudioPolicyManager( 3692): getOutput() could not find output for stream 1, samplingRate 48000,format 1, channels 3, flags 4
E/AudioTrack( 4115): Could not get audio output for stream type 1, usage 13, sample rate 48000, format 0x1, channel mask 0x3, flags 0x4
E/SoundPool( 4115): Error creating AudioTrack
W/AudioPolicyManager( 3692): getOutput() could not find output for stream 1, samplingRate 0,format 0, channels 3, flags 0
W/AudioPolicyManager( 3692): getOutput() could not find output for stream 1, samplingRate 0,format 0, channels 3, flags 0
W/AudioPolicyManager( 3692): getOutput() could not find output for stream 1, samplingRate 48000,format 1, channels 3, flags 4
E/AudioTrack( 4115): Could not get audio output for stream type 1, usage 13, sample rate 48000, format 0x1, channel mask 0x3, flags 0x4
E/SoundPool( 4115): Error creating AudioTrack
W/AudioPolicyManager( 3692): getOutput() could not find output for stream 1, samplingRate 0,format 0, channels 3, flags 0
W/AudioPolicyManager( 3692): getOutput() could not find output for stream 1, samplingRate 0,format 0, channels 3, flags 0
W/AudioPolicyManager( 3692): getOutput() could not find output for stream 1, samplingRate 48000,format 1, channels 3, flags 4
E/AudioTrack( 4115): Could not get audio output for stream type 1, usage 13, sample rate 48000, format 0x1, channel mask 0x3, flags 0x4
E/SoundPool( 4115): Error creating AudioTrack
D/BluetoothAdapter( 6098): 369329564: getState() :  mService = null. Returning STATE_OFF
D/BluetoothAdapter( 6098): 369329564: getState() :  mService = null. Returning STATE_OFF
D/DashboardSummary( 6098): rebuildUI took: 171 ms
D/Index   ( 6098): Deleting data for locale 'es_ES' took 4 millis
D/Index   ( 6098): Indexing locale 'es_ES' took 8 millis
I/Timeline( 6098): Timeline: Activity_idle id: android.os.BinderProxy@f6ac747 time:114458
D/Index   ( 6098): Deleting data for locale 'es_ES' took 5 millis
D/BluetoothAdapter( 6098): 369329564: getState() :  mService = null. Returning STATE_OFF
D/Index   ( 6098): Indexing locale 'es_ES' took 2 millis
I/Timeline( 4115): Timeline: Activity_windows_visible id: ActivityRecord{1cde3e15 u0 com.android.settings/.Settings t5} time:114721
I/Timeline( 6098): Timeline: Activity_launch_request id:com.android.settings time:116134
W/AudioPolicyManager( 3692): getOutput() could not find output for stream 1, samplingRate 0,format 0, channels 3, flags 0
W/AudioPolicyManager( 3692): getOutput() could not find output for stream 1, samplingRate 0,format 0, channels 3, flags 0
I/ActivityManager( 4115): START u0 {act=android.intent.action.MAIN cmp=com.android.settings/.SubSettings (has extras)} from uid 1000 on display 0
W/AudioPolicyManager( 3692): getOutput() could not find output for stream 1, samplingRate 48000,format 1, channels 3, flags 4
E/AudioTrack( 4115): Could not get audio output for stream type 1, usage 13, sample rate 48000, format 0x1, channel mask 0x3, flags 0x4
E/SoundPool( 4115): Error creating AudioTrack
D/SubSettings( 6098): Launching fragment com.android.settings.DevelopmentSettings
W/Settings( 6098): Setting bugreport_in_power_menu has moved from android.provider.Settings.Secure to android.provider.Settings.Global.
W/Settings( 6098): Setting bugreport_in_power_menu has moved from android.provider.Settings.Secure to android.provider.Settings.Global.
I/ActivityManager( 4115): Displayed com.android.settings/.SubSettings: +356ms
