W/auditd  ( 3593): type=1302 audit(0.0:1781): item=0 name="/system/bin/auditd" inode=173 dev=103:0a mode=0100755 ouid=0 ogid=2000 rdev=00:00 obj=u:object_r:system_file:s0
W/auditd  ( 3593): type=1320 audit(0.0:1781): 
I/Netd    ( 5795): Netd 1.0 starting
E/Netd    ( 5795): Failed to open /proc/sys/net/ipv6/conf/default/accept_ra_rt_table: No such file or directory
E/Netd    ( 5795): Failed to open /proc/sys/net/ipv6/conf/ip6tnl0/accept_ra_rt_table: No such file or directory
E/Netd    ( 5795): Failed to open /proc/sys/net/ipv6/conf/lo/accept_ra_rt_table: No such file or directory
E/Netd    ( 5795): Failed to open /proc/sys/net/ipv6/conf/rmnet0/accept_ra_rt_table: No such file or directory
E/Netd    ( 5795): Failed to open /proc/sys/net/ipv6/conf/rmnet1/accept_ra_rt_table: No such file or directory
E/Netd    ( 5795): Failed to open /proc/sys/net/ipv6/conf/rmnet2/accept_ra_rt_table: No such file or directory
E/Netd    ( 5795): Failed to open /proc/sys/net/ipv6/conf/rmnet3/accept_ra_rt_table: No such file or directory
E/Netd    ( 5795): Failed to open /proc/sys/net/ipv6/conf/sit0/accept_ra_rt_table: No such file or directory
W/auditd  ( 3593): type=1325 audit(0.0:1782): table=filter family=2 entries=34
W/iptables( 5801): type=1300 audit(0.0:1782): arch=40000028 syscall=294 per=800000 success=yes exit=0 a0=4 a1=0 a2=40 a3=b6c25000 items=0 ppid=5795 auid=4294967295 uid=0 gid=0 euid=0 suid=0 fsuid=0 egid=0 sgid=0 fsgid=0 ses=4294967295 tty=(none) exe="/system/bin/iptables" subj=u:r:netd:s0 key=(null)
W/auditd  ( 3593): type=1320 audit(0.0:1782): 
W/auditd  ( 3593): type=1325 audit(0.0:1783): table=filter family=10 entries=33
W/ip6tables( 5802): type=1300 audit(0.0:1783): arch=40000028 syscall=294 per=800000 success=yes exit=0 a0=4 a1=29 a2=40 a3=b6c28000 items=0 ppid=5795 auid=4294967295 uid=0 gid=0 euid=0 suid=0 fsuid=0 egid=0 sgid=0 fsgid=0 ses=4294967295 tty=(none) exe="/system/bin/ip6tables" subj=u:r:netd:s0 key=(null)
W/auditd  ( 3593): type=1320 audit(0.0:1783): 
W/auditd  ( 3593): type=1325 audit(0.0:1784): table=filter family=2 entries=33
W/iptables( 5803): type=1300 audit(0.0:1784): arch=40000028 syscall=294 per=800000 success=yes exit=0 a0=4 a1=0 a2=40 a3=b6c22000 items=0 ppid=5795 auid=4294967295 uid=0 gid=0 euid=0 suid=0 fsuid=0 egid=0 sgid=0 fsgid=0 ses=4294967295 tty=(none) exe="/system/bin/iptables" subj=u:r:netd:s0 key=(null)
W/auditd  ( 3593): type=1320 audit(0.0:1784): 
I/SurfaceFlinger( 5797): SurfaceFlinger is starting
I/SurfaceFlinger( 5797): SurfaceFlinger's main thread ready to run. Initializing graphics H/W...
W/auditd  ( 3593): type=1325 audit(0.0:1785): table=filter family=10 entries=32
W/ip6tables( 5805): type=1300 audit(0.0:1785): arch=40000028 syscall=294 per=800000 success=yes exit=0 a0=4 a1=29 a2=40 a3=b6c23000 items=0 ppid=5795 auid=4294967295 uid=0 gid=0 euid=0 suid=0 fsuid=0 egid=0 sgid=0 fsgid=0 ses=4294967295 tty=(none) exe="/system/bin/ip6tables" subj=u:r:netd:s0 key=(null)
W/auditd  ( 3593): type=1320 audit(0.0:1785): 
W/auditd  ( 3593): type=1325 audit(0.0:1786): table=filter family=2 entries=33
W/iptables( 5809): type=1300 audit(0.0:1786): arch=40000028 syscall=294 per=800000 success=yes exit=0 a0=4 a1=0 a2=40 a3=b6c22000 items=0 ppid=5795 auid=4294967295 uid=0 gid=0 euid=0 suid=0 fsuid=0 egid=0 sgid=0 fsgid=0 ses=4294967295 tty=(none) exe="/system/bin/iptables" subj=u:r:netd:s0 key=(null)
W/auditd  ( 3593): type=1320 audit(0.0:1786): 
D/libEGL  ( 5797): loaded /vendor/lib/egl/libGLES_mali.so
I/        ( 5797): PLATFORM VERSION : JB-MR-2
I/gralloc ( 5797): using (fd=12)
I/gralloc ( 5797): id           = 
I/gralloc ( 5797): xres         = 1080 px
I/gralloc ( 5797): yres         = 1920 px
I/gralloc ( 5797): xres_virtual = 1080 px
I/gralloc ( 5797): yres_virtual = 3840 px
I/gralloc ( 5797): bpp          = 32
I/gralloc ( 5797): r            = 16:8
I/gralloc ( 5797): g            =  8:8
I/gralloc ( 5797): b            =  0:8
I/gralloc ( 5797): width        = 65 mm (422.030762 dpi)
I/gralloc ( 5797): height       = 115 mm (424.069580 dpi)
I/gralloc ( 5797): refresh rate = 60.00 Hz
D/AndroidRuntime( 5800): 
D/AndroidRuntime( 5800): >>>>>> AndroidRuntime START com.android.internal.os.ZygoteInit <<<<<<
I/mediaserver( 5798): ServiceManager: 0xb60500c0
I/AudioFlinger( 5798): Using default 3000 mSec as standby time.
I/ServiceManager( 5798): Waiting for service batterystats...
D/AndroidRuntime( 5800): CheckJNI is OFF
I/art     ( 5800): option[0]=-Xzygote
I/art     ( 5800): option[1]=-Xstacktracefile:/data/anr/traces.txt
I/art     ( 5800): option[2]=exit
I/art     ( 5800): option[3]=vfprintf
I/art     ( 5800): option[4]=sensitiveThread
I/art     ( 5800): option[5]=-verbose:gc
I/art     ( 5800): option[6]=-Xms8m
I/art     ( 5800): option[7]=-Xmx512m
I/art     ( 5800): option[8]=-XX:mainThreadStackSize=24K
I/art     ( 5800): option[9]=-XX:HeapGrowthLimit=128m
I/art     ( 5800): option[10]=-XX:HeapMinFree=2m
I/art     ( 5800): option[11]=-XX:HeapMaxFree=8m
I/art     ( 5800): option[12]=-XX:HeapTargetUtilization=0.75
I/art     ( 5800): option[13]=-agentlib:jdwp=transport=dt_android_adb,suspend=n,server=y
I/art     ( 5800): option[14]=-Xlockprofthreshold:500
I/art     ( 5800): option[15]=-Ximage-compiler-option
I/art     ( 5800): option[16]=--runtime-arg
I/art     ( 5800): option[17]=-Ximage-compiler-option
I/art     ( 5800): option[18]=-Xms64m
I/art     ( 5800): option[19]=-Ximage-compiler-option
I/art     ( 5800): option[20]=--runtime-arg
I/art     ( 5800): option[21]=-Ximage-compiler-option
I/art     ( 5800): option[22]=-Xmx64m
I/art     ( 5800): option[23]=-Ximage-compiler-option
I/art     ( 5800): option[24]=--image-classes-zip=/system/framework/framework.jar
I/art     ( 5800): option[25]=-Ximage-compiler-option
I/art     ( 5800): option[26]=--image-classes=preloaded-classes
I/art     ( 5800): option[27]=-Xcompiler-option
I/art     ( 5800): option[28]=--runtime-arg
I/art     ( 5800): option[29]=-Xcompiler-option
I/art     ( 5800): option[30]=-Xms64m
I/art     ( 5800): option[31]=-Xcompiler-option
I/art     ( 5800): option[32]=--runtime-arg
I/art     ( 5800): option[33]=-Xcompiler-option
I/art     ( 5800): option[34]=-Xmx512m
I/art     ( 5800): option[35]=-Duser.language=es
I/art     ( 5800): option[36]=-Duser.region=US
I/art     ( 5800): Pruning dalvik-cache since we are generating an image and will need to recompile
W/art     ( 5800): Unexpected file type of 
W/art     ( 5800):  encountered.
I/art     ( 5800): Using an offset of 0x888000 from default art base address of 0x70000000
I/art     ( 5800): GenerateImage: /system/bin/dex2oat --image=/data/dalvik-cache/arm/system@framework@boot.art --dex-file=/system/framework/core-libart.jar --dex-file=/system/framework/conscrypt.jar --dex-file=/system/framework/okhttp.jar --dex-file=/system/framework/core-junit.jar --dex-file=/system/framework/bouncycastle.jar --dex-file=/system/framework/ext.jar --dex-file=/system/framework/framework.jar --dex-file=/system/framework/telephony-common.jar --dex-file=/system/framework/voip-common.jar --dex-file=/system/framework/ims-common.jar --dex-file=/system/framework/mms-common.jar --dex-file=/system/framework/android.policy.jar --dex-file=/system/framework/apache-xml.jar --oat-file=/data/dalvik-cache/arm/system@framework@boot.oat --instruction-set=arm --instruction-set-features=div --base=0x70888000 --runtime-arg -Xms64m --runtime-arg -Xmx64m --image-classes-zip=/system/framework/framework.jar --image-classes=preloaded-classes
W/art     ( 5800): Unexpected file type of 
W/art     ( 5800):  encountered.
W/art     ( 5800): Could not create image space with image file '/system/framework/boot.art'. Attempting to fall back to imageless running. Error was: Failed to generate image '/data/dalvik-cache/arm/system@framework@boot.art': Failed execv(/system/bin/dex2oat --image=/data/dalvik-cache/arm/system@framework@boot.art --dex-file=/system/framework/core-libart.jar --dex-file=/system/framework/conscrypt.jar --dex-file=/system/framework/okhttp.jar --dex-file=/system/framework/core-junit.jar --dex-file=/system/framework/bouncycastle.jar --dex-file=/system/framework/ext.jar --dex-file=/system/framework/framework.jar --dex-file=/system/framework/telephony-common.jar --dex-file=/system/framework/voip-common.jar --dex-file=/system/framework/ims-common.jar --dex-file=/system/framework/mms-common.jar --dex-file=/system/framework/android.policy.jar --dex-file=/system/framework/apache-xml.jar --oat-file=/data/dalvik-cache/arm/system@framework@boot.oat --instruction-set=arm --instruction-set-features=div --base=0x70888000 --runtime-arg -Xms64
D/hwcomposer( 5797): using
D/hwcomposer( 5797): xres         = 1080 px
D/hwcomposer( 5797): yres         = 1920 px
D/hwcomposer( 5797): width        = 65 mm (422.030000 dpi)
D/hwcomposer( 5797): height       = 115 mm (424.069000 dpi)
D/hwcomposer( 5797): refresh rate = 60 Hz
D/libexynosv4l2-subdev( 5797): try node: /dev/v4l-subdev0
D/libexynosv4l2-subdev( 5797): try node: /dev/v4l-subdev1
D/libexynosv4l2-subdev( 5797): try node: /dev/v4l-subdev2
I/libexynosv4l2-subdev( 5797): node found for device s5p-mixer0: /dev/v4l-subdev2
I/libexynosv4l2-subdev( 5797): open subdev device /dev/v4l-subdev2
I/hwcomposer( 5797): PSR info devname = /sys/devices/14400000.fimd_fb/psr_info
I/hwcomposer( 5797): PSR mode is 2(0: video mode, 1: DP PSR mode, 2: MIPI-DSI command mode)
I/SurfaceFlinger( 5797): Using composer version 1.3
I/SurfaceFlinger( 5797): EGL information:
I/SurfaceFlinger( 5797): vendor    : Android
I/SurfaceFlinger( 5797): version   : 1.4 Android META-EGL
I/SurfaceFlinger( 5797): extensions: EGL_KHR_get_all_proc_addresses EGL_ANDROID_presentation_time EGL_KHR_image EGL_KHR_image_base EGL_KHR_gl_texture_2D_image EGL_KHR_gl_texture_cubemap_image EGL_KHR_gl_renderbuffer_image EGL_KHR_fence_sync EGL_KHR_create_context EGL_ANDROID_image_native_buffer EGL_KHR_wait_sync EGL_ANDROID_recordable 
I/SurfaceFlinger( 5797): Client API: OpenGL_ES
I/SurfaceFlinger( 5797): EGLSurface: 8-8-8-8, config=0xb6acf2ac
I/SurfaceFlinger( 5797): OpenGL ES informations:
I/SurfaceFlinger( 5797): vendor    : ARM
I/SurfaceFlinger( 5797): renderer  : Mali-T628
I/SurfaceFlinger( 5797): version   : OpenGL ES 3.0
I/SurfaceFlinger( 5797): extensions: GL_EXT_debug_marker GL_ARM_rgba8 GL_ARM_mali_shader_binary GL_OES_depth24 GL_OES_depth_texture GL_OES_depth_texture_cube_map GL_OES_packed_depth_stencil GL_OES_rgb8_rgba8 GL_EXT_read_format_bgra GL_OES_compressed_paletted_texture GL_OES_compressed_ETC1_RGB8_texture GL_OES_standard_derivatives GL_OES_EGL_image GL_OES_EGL_image_external GL_OES_EGL_sync GL_OES_texture_npot GL_OES_vertex_half_float GL_OES_required_internalformat GL_OES_vertex_array_object GL_OES_mapbuffer GL_EXT_texture_format_BGRA8888 GL_EXT_texture_rg GL_EXT_texture_type_2_10_10_10_REV GL_OES_fbo_render_mipmap GL_OES_element_index_uint GL_EXT_shadow_samplers GL_OES_texture_compression_astc GL_KHR_texture_compression_astc_ldr GL_KHR_texture_compression_astc_hdr GL_KHR_debug GL_EXT_occlusion_query_boolean GL_EXT_blend_minmax GL_EXT_discard_framebuffer GL_OES_get_program_binary GL_OES_texture_3D GL_EXT_texture_storage GL_EXT_multisampled_render_to_texture GL_OES_surfaceless_context GL_ARM_mali_program_binary 
I/SurfaceFlinger( 5797): GL_MAX_TEXTURE_SIZE = 8192
I/SurfaceFlinger( 5797): GL_MAX_VIEWPORT_DIMS = 8192
E/libEGL  ( 5797): eglQuerySurface:607 error 300d (EGL_BAD_SURFACE)
E/libEGL  ( 5797): eglQuerySurface:607 error 300d (EGL_BAD_SURFACE)
E/libEGL  ( 5797): call to OpenGL ES API with no current context (logged once per thread)
D/SurfaceFlinger( 5797): Set power mode=2, type=0 flinger=0xb6a62000
I/hwcomposer( 5797): int exynos5_blank(hwc_composer_device_1*, int, int):: disp(0), blank(0)
I/hwcomposer( 5797): unblank ioctl failed (display already unblanked)
E/libEGL  ( 5797): eglSwapBuffers:1071 error 300d (EGL_BAD_SURFACE)
F/SurfaceFlinger( 5797): eglSwapBuffers(0x1, 0x0) failed with 0x0000300d
F/libc    ( 5797): Fatal signal 6 (SIGABRT), code -6 in tid 5797 (surfaceflinger)
I/DEBUG   ( 3585): property debug.db.uid not set; NOT waiting for gdb.
I/DEBUG   ( 3585): HINT: adb shell setprop debug.db.uid 100000
I/DEBUG   ( 3585): HINT: adb forward tcp:5039 tcp:5039
I/DEBUG   ( 3585): *** *** *** *** *** *** *** *** *** *** *** *** *** *** *** ***
I/DEBUG   ( 3585): Build fingerprint: 'samsung/cm_k3gxx/k3gxx:5.0.2/LRX22G/ca2fb2b51d:userdebug/test-keys'
I/DEBUG   ( 3585): Revision: '10'
I/DEBUG   ( 3585): ABI: 'arm'
I/DEBUG   ( 3585): pid: 5797, tid: 5797, name: surfaceflinger  >>> /system/bin/surfaceflinger <<<
I/DEBUG   ( 3585): signal 6 (SIGABRT), code -6 (SI_TKILL), fault addr --------
I/DEBUG   ( 3585): Abort message: 'eglSwapBuffers(0x1, 0x0) failed with 0x0000300d'
I/DEBUG   ( 3585):     r0 00000000  r1 000016a5  r2 00000006  r3 00000000
I/DEBUG   ( 3585):     r4 b6f74114  r5 00000006  r6 0000000b  r7 0000010c
I/DEBUG   ( 3585):     r8 00000000  r9 beb55bd0  sl b6a54210  fp beb55bd0
I/DEBUG   ( 3585):     ip 000016a5  sp beb55650  lr b6efe7b9  pc b6f224e4  cpsr 600f0010
I/DEBUG   ( 3585): 
I/DEBUG   ( 3585): backtrace:
I/DEBUG   ( 3585):     #00 pc 000384e4  /system/lib/libc.so (tgkill+12)
I/DEBUG   ( 3585):     #01 pc 000147b5  /system/lib/libc.so (pthread_kill+52)
I/DEBUG   ( 3585):     #02 pc 0001550b  /system/lib/libc.so (raise+10)
I/DEBUG   ( 3585):     #03 pc 00011c35  /system/lib/libc.so (__libc_android_abort+36)
I/DEBUG   ( 3585):     #04 pc 0000fcb8  /system/lib/libc.so (abort+4)
I/DEBUG   ( 3585):     #05 pc 00007739  /system/lib/libcutils.so (__android_log_assert+88)
I/DEBUG   ( 3585):     #06 pc 0000f4df  /system/lib/libsurfaceflinger.so
I/DEBUG   ( 3585):     #07 pc 0001b9fd  /system/lib/libsurfaceflinger.so
I/DEBUG   ( 3585):     #08 pc 0001abe7  /system/lib/libsurfaceflinger.so
I/DEBUG   ( 3585):     #09 pc 00019fc3  /system/lib/libsurfaceflinger.so
I/DEBUG   ( 3585):     #10 pc 00019d49  /system/lib/libsurfaceflinger.so
I/DEBUG   ( 3585):     #11 pc 00010ed3  /system/lib/libutils.so (android::Looper::pollInner(int)+410)
I/DEBUG   ( 3585):     #12 pc 00010fc5  /system/lib/libutils.so (android::Looper::pollOnce(int, int*, int*, void**)+92)
I/DEBUG   ( 3585):     #13 pc 000174c5  /system/lib/libsurfaceflinger.so
I/DEBUG   ( 3585):     #14 pc 0001993d  /system/lib/libsurfaceflinger.so (android::SurfaceFlinger::run()+8)
I/DEBUG   ( 3585):     #15 pc 0000083d  /system/bin/surfaceflinger
I/DEBUG   ( 3585):     #16 pc 0000fb75  /system/lib/libc.so (__libc_init+44)
I/DEBUG   ( 3585):     #17 pc 000008d8  /system/bin/surfaceflinger
