D/BluetoothManagerService( 4110): enable():  mBluetooth =null mBinding = false
E/SoundPool( 4110): Error creating AudioTrack
D/BluetoothManagerService( 4110): Message: 1
D/BluetoothManagerService( 4110): MESSAGE_ENABLE: mBluetooth = null
I/ActivityManager( 4110): Start proc com.android.bluetooth for service com.android.bluetooth/.btservice.AdapterService: pid=6593 uid=1002 gids={41002, 9997, 3003, 3002, 3001, 1028, 1015, 3005, 1016, 3008} abi=armeabi-v7a
W/ResourcesManager( 6593): Asset path '/system/framework/javax.btobex.jar' does not exist or contains no resources.
D/AdapterServiceConfig( 6593): Adding HeadsetService
D/AdapterServiceConfig( 6593): Adding A2dpService
D/AdapterServiceConfig( 6593): Adding HidService
D/AdapterServiceConfig( 6593): Adding HealthService
D/AdapterServiceConfig( 6593): Adding PanService
D/AdapterServiceConfig( 6593): Adding GattService
D/AdapterServiceConfig( 6593): Adding BluetoothMapService
D/AdapterServiceConfig( 6593): Adding HidDevService
D/BluetoothManagerService( 4110): Message: 20
D/BluetoothManagerService( 4110): Added callback: android.bluetooth.IBluetoothManagerCallback$Stub$Proxy@2cd796e8:true
D/BluetoothAdapterState( 6593): make
I/bluedroid( 6593): init
I/BluetoothAdapterState( 6593): Entering OffState
I/bte_conf( 6593): bte_load_conf attempt to load stack conf from /etc/bluetooth/bt_stack.conf
I/bte_conf( 6593): bte_load_ble_conf attempt to load ble stack conf from /etc/bluetooth/ble_stack.conf
E/bt_osi_config( 6593): config_new unable to open file '/etc/bluetooth/ble_stack.conf': No such file or directory
I/bte_conf( 6593): bte_load_ble_conf file >/etc/bluetooth/ble_stack.conf< not found
I/bluedroid( 6593): get_profile_interface socket
I/bluedroid( 6593): get_profile_interface map_client
I/GKI_LINUX( 6593): gki_task_entry task_id=1 [BTIF] starting
D/BluetoothManagerService( 4110): BluetoothServiceConnection: com.android.bluetooth.btservice.AdapterService
D/BluetoothManagerService( 4110): Message: 40
D/BluetoothManagerService( 4110): MESSAGE_BLUETOOTH_SERVICE_CONNECTED: 1
D/BluetoothAdapterProperties( 6593): Address is:14:B4:84:6F:66:79
D/BluetoothManagerService( 4110): Bluetooth Adapter name changed to SM-G900H
D/BluetoothAdapterProperties( 6593): Name is: SM-G900H
D/BluetoothManagerService( 4110): Stored Bluetooth name: SM-G900H
I/bluedroid( 6593): config_hci_snoop_log
D/BluetoothManagerService( 4110): Calling onBluetoothServiceUp callbacks
D/BluetoothManagerService( 4110): Broadcasting onBluetoothServiceUp() to 6 receivers.
D/BluetoothAdapterState( 6593): CURRENT_STATE=OFF, MESSAGE = USER_TURN_ON
D/BluetoothAdapterProperties( 6593): Setting state to 11
I/BluetoothAdapterState( 6593): Bluetooth adapter state changed: 10-> 11
D/BluetoothManagerService( 4110): Message: 60
D/BluetoothManagerService( 4110): MESSAGE_BLUETOOTH_STATE_CHANGE: prevState = 10, newState=11
D/BluetoothManagerService( 4110): Bluetooth State Change Intent: 10 -> 11
D/Telecom ( 4868): BluetoothPhoneService: Bluetooth Adapter state: 11
D/BluetoothBondStateMachine( 6593): make
D/BluetoothAdapterService( 6593): checkA2dpState: isA2dpSinkEnabled = false
E/BluetoothAdapterService( 6593): checkA2dpState: returning
D/BluetoothAdapterService( 6593): checkHidState: isHidDev = false
I/BluetoothBondStateMachine( 6593): StableState(): Entering Off State
E/BluetoothAdapterService( 6593): checkHidState: returning
D/BluetoothAdapterService( 6593): checkHfpState: isHfpClientEnabled = false
E/BluetoothAdapterService( 6593): checkHfpState: returning
D/BluetoothHeadset( 4890): Proxy object connected
D/BluetoothHeadset( 4868): Proxy object connected
D/BluetoothHeadset( 4110): Proxy object connected
D/BluetoothHeadset( 4868): Proxy object connected
D/HeadsetService( 6593): Received start request. Starting profile...
I/BluetoothHeadsetServiceJni( 6593): classInitNative: succeeds
D/HeadsetStateMachine( 6593): Version 1.5
D/HeadsetStateMachine( 6593): make
I/BluetoothAdapterService( 6593): skipping com.android.bluetooth.hid.HidDevService (disabled)
I/BluetoothAdapterState( 6593): Entering PendingCommandState State: isTurningOn()=true, isTurningOff()=false
D/Telecom ( 4868): BluetoothPhoneService: Binding service
D/HeadsetStateMachine( 6593): max_hf_connections = 1
I/bluedroid( 6593): get_profile_interface handsfree
D/BluetoothAdapterService( 6593): getAdapterService() - returning com.android.bluetooth.btservice.AdapterService@30adda51
D/HeadsetStateMachine( 6593): Enter Disconnected: -2, size: 0
D/BluetoothA2dp( 4110): Proxy object connected
D/A2dpService( 6593): Received start request. Starting profile...
I/bluedroid( 6593): get_profile_interface avrcp
V/RemoteController( 6593): Updating current controller package as com.cyanogenmod.eleven from null
D/AudioManager( 6593): updateMediaPlayerList: Add RCC com.cyanogenmod.eleven to List
V/AudioService( 4110): addMediaPlayerAndUpdateRemoteController: size of existing list: 0
E/AudioService( 4110): Adding Player: com.cyanogenmod.eleven to available player list
V/AudioService( 4110): updating focussed RCC change to RCD: CallingPackageName:com.cyanogenmod.eleven
V/AudioService( 4110): updateRemoteControllerOnExistingMediaPlayers: size of Player list: 1
V/AudioService( 4110): Inform RemoteController regarding existing RCC entry
V/AudioService( 4110): updating RCC change: CallingPackageName:com.cyanogenmod.eleven
E/RemoteController( 6593): Cannot set synchronization mode on an unregistered RemoteController
I/BluetoothA2dpServiceJni( 6593): classInitNative: succeeds
D/A2dpStateMachine( 6593): make
I/bluedroid( 6593): get_profile_interface a2dp
I/GKI_LINUX( 6593): gki_task_entry task_id=2 [A2DP-MEDIA] starting
D/bt-btif ( 6593): btif_av_state_idle_handler event:BTIF_SM_ENTER_EVT flags 0
D/A2dpService( 6593): setA2dpService(): set to: null
D/BluetoothAdapterService( 6593): getAdapterService() - returning com.android.bluetooth.btservice.AdapterService@30adda51
D/A2dpStateMachine( 6593): Enter Disconnected: -2
I/BluetoothHidServiceJni( 6593): classInitNative: succeeds
D/BluetoothInputDevice( 5042): Proxy object connected
D/HidService( 6593): Received start request. Starting profile...
I/bluedroid( 6593): get_profile_interface hidhost
D/BluetoothAdapterService( 6593): getAdapterService() - returning com.android.bluetooth.btservice.AdapterService@30adda51
D/HidProfile( 5042): Bluetooth service connected
I/BluetoothHealthServiceJni( 6593): classInitNative: succeeds
D/HealthService( 6593): Received start request. Starting profile...
I/bluedroid( 6593): get_profile_interface health
D/BluetoothAdapterService( 6593): getAdapterService() - returning com.android.bluetooth.btservice.AdapterService@30adda51
I/BluetoothPanServiceJni( 6593): classInitNative(L105): succeeds
D/BluetoothPan( 5042): BluetoothPAN Proxy object connected
D/PanService( 6593): Received start request. Starting profile...
D/BluetoothPanServiceJni( 6593): initializeNative(L110): pan
I/bluedroid( 6593): get_profile_interface pan
D/PanProfile( 5042): Bluetooth service connected
D/BluetoothAdapterService( 6593): getAdapterService() - returning com.android.bluetooth.btservice.AdapterService@30adda51
D/BtGatt.GattService( 6593): classInitNative called
I/BtGatt.JNI( 6593): classInitNative(L863): classInitNative: Success!
D/BtGatt.DebugUtils( 6593): handleDebugAction() action=null
D/BtGatt.GattService( 6593): Received start request. Starting profile...
D/BtGatt.GattService( 6593): start()
I/bluedroid( 6593): get_profile_interface gatt
D/BtGatt.AdvertiseManager( 6593): advertise manager created
D/BluetoothAdapterService( 6593): getAdapterService() - returning com.android.bluetooth.btservice.AdapterService@30adda51
D/BluetoothMapService( 6593): inside BluetoothMapObexConnection
D/BluetoothMapService( 6593): supportedMessageTypes 14
D/BluetoothMapService( 6593): masId 0
D/BluetoothMapService( 6593): inside BluetoothMapObexConnection
D/BluetoothMapService( 6593): supportedMessageTypes 1
D/BluetoothMapService( 6593): masId 1
D/BluetoothMapService( 6593): Inside initBinder
D/BluetoothMap( 5042): Proxy object connected
D/BluetoothMapService( 6593): Received start request. Starting profile...
D/BluetoothMapService( 6593): start()
D/MapProfile( 5042): Bluetooth service connected
D/BluetoothMap( 5042): getConnectedDevices()
D/BluetoothMap( 5042): Bluetooth is Not enabled
D/BluetoothMapService( 6593): Registering observer
D/BluetoothAdapterService( 6593): getAdapterService() - returning com.android.bluetooth.btservice.AdapterService@30adda51
I/Telecom ( 4868): BluetoothPhoneService: queryPhoneState
D/Telecom ( 4868): BluetoothPhoneService: handleMessage(7) w/ param 0
I/Telecom ( 4868): BluetoothPhoneService: updateHeadsetWithCallState numActive 0, numHeld 0, callState 6, ringing number [da39a3ee5e6b4b0d3255bfef95601890afd80709], ringing type 128
W/BluetoothHeadset( 4868): Proxy not attached to service
D/BluetoothHeadset( 4868): java.lang.Throwable
D/BluetoothHeadset( 4868): 	at android.bluetooth.BluetoothHeadset.phoneStateChanged(BluetoothHeadset.java:826)
D/BluetoothHeadset( 4868): 	at com.android.server.telecom.BluetoothPhoneService.updateHeadsetWithCallState(BluetoothPhoneService.java:789)
D/BluetoothHeadset( 4868): 	at com.android.server.telecom.BluetoothPhoneService.access$800(BluetoothPhoneService.java:51)
D/BluetoothHeadset( 4868): 	at com.android.server.telecom.BluetoothPhoneService$2.handleMessage(BluetoothPhoneService.java:311)
D/BluetoothHeadset( 4868): 	at android.os.Handler.dispatchMessage(Handler.java:102)
D/BluetoothHeadset( 4868): 	at android.os.Looper.loop(Looper.java:135)
D/BluetoothHeadset( 4868): 	at android.app.ActivityThread.main(ActivityThread.java:5254)
D/BluetoothHeadset( 4868): 	at java.lang.reflect.Method.invoke(Native Method)
D/BluetoothHeadset( 4868): 	at java.lang.reflect.Method.invoke(Method.java:372)
D/BluetoothHeadset( 4868): 	at com.android.internal.os.ZygoteInit$MethodAndArgsCaller.run(ZygoteInit.java:898)
D/BluetoothHeadset( 4868): 	at com.android.internal.os.ZygoteInit.main(ZygoteInit.java:693)
D/HeadsetPhoneState( 6593): sendDeviceStateChanged. mService=0 mSignal=0 mRoam=0 mBatteryCharge=0
D/HeadsetStateMachine( 6593): Disconnected process message: 11, size: 0
D/HeadsetStateMachine( 6593): Disconnected process message: 10, size: 0
D/HeadsetPhoneState( 6593): sendDeviceStateChanged. mService=0 mSignal=0 mRoam=0 mBatteryCharge=4
D/HeadsetStateMachine( 6593): Disconnected process message: 11, size: 0
V/Avrcp   ( 6593): received RCC_CHANGED_ACTION
V/Avrcp   ( 6593): focus: true , availability: true
V/Avrcp   ( 6593): MSG_UPDATE_RCC_CHANGE
V/Avrcp   ( 6593): received RCC_CHANGED_ACTION
V/Avrcp   ( 6593): focus: true , availability: true
V/BluetoothMapService( 6593): Handler(): got msg=1
V/Avrcp   ( 6593): old Metadata = Metadata[artist=null trackTitle=null albumTitle=null genre=null tracknum=-1]
V/Avrcp   ( 6593): new MetaData Metadata[artist=null trackTitle=null albumTitle=null genre=null tracknum=0]
V/Avrcp   ( 6593): new mMetadata, mTrackNumber update to 0
V/Avrcp   ( 6593): MSG_UPDATE_RCC_CHANGE
D/BluetoothAdapterState( 6593): CURRENT_STATE=PENDING, MESSAGE = STARTED, isTurningOn=true, isTurningOff=false
I/bluedroid( 6593): enable
E/BTEventHandler( 6593): A4WP is not supported
I/bt_hci_bdroid( 6593): init
I/GKI_LINUX( 6593): gki_task_entry task_id=0 [BTU] starting
I/bt-btu  ( 6593): btu_task pending for preload complete event
I/bt_vendor( 6593): init
I/bt_vnd_conf( 6593): Attempt to load conf from /etc/bluetooth/bt_vendor.conf
I/bt_vnd_conf( 6593): vnd_load_conf file >/etc/bluetooth/bt_vendor.conf< not found
D/bt_userial( 6593): userial_init
D/bt_vendor( 6593): op for 5
D/bt_vendor( 6593): op for 0
D/bt_upio ( 6593): upio_set_bluetooth_power(on: 1)
D/bt_upio ( 6593): is_emulator_context : 0
D/bt_upio ( 6593): is_rfkill_disabled ? [0]
D/bt_upio ( 6593): is_rfkill_disabled ? [0]
D/bt_vendor( 6593): op for 3
I/bt_userial_vendor( 6593): userial vendor open: opening /dev/ttySAC0
I/bt_userial_vendor( 6593): userial_vendor_open():UART is setup
I/bt_userial_vendor( 6593): device fd = 56 open
D/bt_vendor( 6593): op for 1
E/bt_hwcfg( 6593): Start CFG HW, HCI reset
D/bt_userial( 6593): Entering userial_read_thread()
E/bt_hwcfg( 6593): Read Local Name after HCI reset
D/bt_hwcfg( 6593): Chipset BCM4350C0
D/bt_hwcfg( 6593): Target name = [BCM4350C0]
E/bt_hwcfg( 6593): patchram path ORG . BCM4350C0
E/bt_hwcfg( 6593): patchram path ORG .. BCM4350C0
E/bt_hwcfg( 6593): patchram path ORG bcm4350_V0301.0562.hcd BCM4350C0
E/bt_hwcfg( 6593): patchram path ORG bcm4350_V0301.0563_wisol.hcd BCM4350C0
E/bt_hwcfg( 6593): patchram path ORG companion_2p2_master_setfile.bin BCM4350C0
E/bt_hwcfg( 6593): patchram path ORG companion_2p2_mode_setfile.bin BCM4350C0
E/bt_hwcfg( 6593): patchram path ORG companion_default_coef.bin BCM4350C0
E/bt_hwcfg( 6593): patchram path ORG companion_default_lsc.bin BCM4350C0
E/bt_hwcfg( 6593): patchram path ORG companion_fw_2p2_evt1.bin BCM4350C0
E/bt_hwcfg( 6593): patchram path ORG companion_fw_evt0.bin BCM4350C0
E/bt_hwcfg( 6593): patchram path ORG fimc_is_fw2.bin BCM4350C0
E/bt_hwcfg( 6593): patchram path ORG fimc_is_fw2_2p2.bin BCM4350C0
E/bt_hwcfg( 6593): patchram path ORG libpn547_fw.so BCM4350C0
E/bt_hwcfg( 6593): patchram path ORG mfc_fw.bin BCM4350C0
E/bt_hwcfg( 6593): patchram path ORG setfile_2p2.bin BCM4350C0
E/bt_hwcfg( 6593): patchram path ORG setfile_6b2.bin BCM4350C0
E/bt_hwcfg( 6593): patchram path ORG setfile_8b1.bin BCM4350C0
E/bt_hwcfg( 6593): fw ver (org)0.0
E/bt_hwcfg( 6593): vendor lib preload failed to locate firmware patch file
E/bt_hwcfg( 6593): Remove module rev, try again BCM4350
D/bt_hwcfg( 6593): Target name = [BCM4350]
E/bt_hwcfg( 6593): patchram path ORG . BCM4350
E/bt_hwcfg( 6593): patchram path ORG .. BCM4350
E/bt_hwcfg( 6593): patchram path ORG bcm4350_V0301.0562.hcd BCM4350
E/bt_hwcfg( 6593): patchram path ORG bcm4350_V0301.0563_wisol.hcd BCM4350
I/bt_hwcfg( 6593): patch(org) : bcm4350_V0301.0563_wisol.hcd
I/bt_hwcfg( 6593): Found patchfile: /vendor/firmware/bcm4350_V0301.0563_wisol.hcd
E/bt_hwcfg( 6593): ORG patchram base 0301
E/bt_hwcfg( 6593): ORG patchram minor 0563
E/bt_hwcfg( 6593): fw ver (org)301.563
E/bt_hwcfg( 6593): Final Patchram is /vendor/firmware/bcm4350_V0301.0563_wisol.hcd
I/bt_hwcfg( 6593): Axi patch failure or not include AXI patching
I/bt_hwcfg( 6593): bt vendor lib: set UART baud 3000000
I/bt_hwcfg( 6593): bt vendor lib: set UART baud 115200
I/bt_hwcfg( 6593): FW Download delta = 1028736
D/bt_hwcfg( 6593): Settlement delay -- 100 ms
I/bt_hwcfg( 6593): Setting fw settlement delay to 100 
I/bt_hwcfg( 6593): bt vendor lib: set UART baud 3000000
I/bt_hwcfg( 6593): vendor lib fwcfg completed
I/bt-btu  ( 6593): btu_task received preload complete event
W/bt-l2cap( 6593): L2CAP - L2CA_Register() called for PSM: 0x0001
W/bt-l2cap( 6593): L2CAP - L2CA_Register() called for PSM: 0x001f
W/bt-l2cap( 6593): L2CAP - L2CA_Register() called for PSM: 0x0003
W/bt-l2cap( 6593): L2CAP - L2CA_Register() called for PSM: 0x1487
I/        ( 6593): BTE_InitTraceLevels -- TRC_HCI
I/        ( 6593): BTE_InitTraceLevels -- TRC_L2CAP
I/        ( 6593): BTE_InitTraceLevels -- TRC_RFCOMM
I/        ( 6593): BTE_InitTraceLevels -- TRC_AVDT
I/        ( 6593): BTE_InitTraceLevels -- TRC_AVRC
I/        ( 6593): BTE_InitTraceLevels -- TRC_A2D
I/        ( 6593): BTE_InitTraceLevels -- TRC_BNEP
I/        ( 6593): BTE_InitTraceLevels -- TRC_BTM
I/        ( 6593): BTE_InitTraceLevels -- TRC_HID_HOST
I/        ( 6593): BTE_InitTraceLevels -- TRC_GAP
I/        ( 6593): BTE_InitTraceLevels -- TRC_PAN
I/        ( 6593): BTE_InitTraceLevels -- TRC_SDP
I/        ( 6593): BTE_InitTraceLevels -- TRC_GATT
I/        ( 6593): BTE_InitTraceLevels -- TRC_SMP
I/        ( 6593): BTE_InitTraceLevels -- TRC_HID_DEV
I/        ( 6593): BTE_InitTraceLevels -- TRC_BTAPP
I/        ( 6593): BTE_InitTraceLevels -- TRC_BTIF
I/        ( 6593): BTE_InitTraceLevels -- TRC_LATENCY_AUDIO
W/bt-btm  ( 6593): btm_decode_ext_features_page Secure conn Host support Enabled
W/bt-btm  ( 6593): btm_decode_ext_features_page Secure conn Controller support Enabled
E/bt-btm  ( 6593): BTM_SecRegister:p_cb_info->p_le_callback == 0xa1f08051 
E/bt-btm  ( 6593): BTM_SecRegister: btm_cb.api.p_le_callback = 0xa1f08051 
E/bt-btif ( 6593): Calling BTA_HhEnable
D/bt-btif ( 6593): AG evt (hdl 0x0001): State 0, Event 0x0500
E/bt-btif ( 6593): btif_config_get(L188): assert failed: section && *section && key && *key && name && *name && bytes && type
E/bt-btif ( 6593): btif_config_get(L188): assert failed: section && *section && key && *key && name && *name && bytes && type
E/bt-btif ( 6593): btif_storage_get_adapter_property service_mask:0x2140040
W/bt-l2cap( 6593): L2CAP - L2CA_Register() called for PSM: 0x0019
W/bt-l2cap( 6593): L2CAP - L2CA_Register() called for PSM: 0x0017
D/bt-btif ( 6593):  AVRC_Open AVRC_Open role: 1, control:3 status:0, handle:0
D/BluetoothAdapterProperties( 6593): Address is:14:B4:84:6F:66:79
W/bt-l2cap( 6593): L2CAP - L2CA_Register() called for PSM: 0x0011
W/bt-l2cap( 6593): L2CAP - L2CA_Register() called for PSM: 0x0013
D/BluetoothAdapterProperties( 6593): Name is: SM-G900H
D/BluetoothManagerService( 4110): Bluetooth Adapter name changed to SM-G900H
D/BluetoothManagerService( 4110): Stored Bluetooth name: SM-G900H
D/BluetoothAdapterProperties( 6593): Scan Mode:20
D/BluetoothAdapterProperties( 6593): Discoverable Timeout:120
D/bt_vendor( 6593): op for 2
D/bt_vendor( 6593): op for 6
W/bt-l2cap( 6593): L2CAP - L2CA_Register() called for PSM: 0x000f
D/bt_vendor( 6593): op for 7
W/bt-smp  ( 6593): Key(LSB ~ MSB) = 98 25 02 c9 70 e1 e2 c7 89 98 49 c8 4e 33 52 ec 
W/bt-smp  ( 6593): Plain text(LSB ~ MSB) = 6d 02 61 00 00 00 00 00 00 00 00 00 00 00 00 00 
W/bt-smp  ( 6593): Encrypted text(LSB ~ MSB) = 57 60 02 9a 54 0b 52 2f e2 39 28 71 ab f6 2d 09 
W/bt-btm  ( 6593): Stopping oneshot timer
D/bt_vendor( 6593): op for 7
D/bt_upio ( 6593): BT_WAKE is asserted already
D/bte_conf( 6593): Device ID record 1 : primary
D/bte_conf( 6593):   vendorId            = 001d
D/bte_conf( 6593):   vendorIdSource      = 0001
D/bte_conf( 6593):   product             = 1200
D/bte_conf( 6593):   version             = 1436
D/bte_conf( 6593):   clientExecutableURL = 
D/bte_conf( 6593):   serviceDescription  = 
D/bte_conf( 6593):   documentationURL    = 
D/bte_conf( 6593): bte_load_did_conf no section named DID2.
D/bt_vendor( 6593): op for 7
D/bt_upio ( 6593): BT_WAKE is asserted already
D/bt-btif ( 6593): btif_hf_upstreams_evt: event=BTA_AG_ENABLE_EVT
E/bt-btif ( 6593): btif_hf_upstreams_evt: Invalid index 8292
D/BluetoothAdapterState( 6593): CURRENT_STATE=PENDING, MESSAGE = ENABLE_READY, isTurningOn=true, isTurningOff=false
D/bt-btif ( 6593): btif_hf_upstreams_evt: event=BTA_AG_REGISTER_EVT
D/bt-btif ( 6593): btif_av_state_idle_handler event:BTA_AV_ENABLE_EVT flags 0
D/bt-btif ( 6593): btif_av_state_idle_handler event:BTA_AV_REGISTER_EVT flags 0
E/bt-btif ( 6593): btif_config_get(L188): assert failed: section && *section && key && *key && name && *name && bytes && type
D/BluetoothAdapterProperties( 6593): ScanMode =  20
E/bt-btif ( 6593): btif_config_get(L188): assert failed: section && *section && key && *key && name && *name && bytes && type
E/bt-btif ( 6593): btif_config_get(L188): assert failed: section && *section && key && *key && name && *name && bytes && type
D/BluetoothAdapterProperties( 6593): State =  11
D/BluetoothPanServiceJni( 6593): control_state_callback(L61): state:0, local_role:3, ifname:bt-pan
D/BluetoothAdapterProperties( 6593): Setting state to 12
I/BluetoothAdapterState( 6593): Bluetooth adapter state changed: 11-> 12
D/BluetoothAdapterProperties( 6593): Discoverable Timeout:120
D/BluetoothManagerService( 4110): Message: 60
D/BluetoothManagerService( 4110): MESSAGE_BLUETOOTH_STATE_CHANGE: prevState = 11, newState=12
I/BluetoothAdapterState( 6593): Entering On State
D/BluetoothManagerService( 4110): Broadcasting onBluetoothStateChange(true) to 9 receivers.
D/BluetoothMap( 5042): onBluetoothStateChange: up=true
D/BluetoothPan( 5042): onBluetoothStateChange on: true
D/BluetoothHeadset( 4110): onBluetoothStateChange: up=true
D/BluetoothHeadset( 4868): onBluetoothStateChange: up=true
D/BluetoothInputDevice( 5042): onBluetoothStateChange: up=true
D/BluetoothHeadset( 4868): onBluetoothStateChange: up=true
D/BluetoothA2dp( 4110): onBluetoothStateChange: up=true
D/BluetoothHeadset( 4890): onBluetoothStateChange: up=true
D/BluetoothPbap( 5042): onBluetoothStateChange: up=true
D/BluetoothManagerService( 4110): Bluetooth State Change Intent: 11 -> 12
D/BluetoothManagerService( 4110): BluetoothServiceConnection: com.android.bluetooth.gatt.GattService
D/bt_vendor( 6593): op for 7
D/bt_upio ( 6593): BT_WAKE is asserted already
E/bt_h4   ( 6593): vendor lib postload completed
D/bt_vendor( 6593): op for 7
D/bt_upio ( 6593): BT_WAKE is asserted already
I/QBluetoothAdapterService( 6593): REFCOUNT: CREATED. INSTANCE_COUNT1
D/bt_vendor( 6593): op for 7
D/bt_upio ( 6593): BT_WAKE is asserted already
I/bluedroid( 6593): initq
D/BluetoothManagerService( 4110): Message: 40
D/BluetoothManagerService( 4110): MESSAGE_BLUETOOTH_SERVICE_CONNECTED: 2
D/bt_vendor( 6593): op for 7
D/bt_upio ( 6593): BT_WAKE is asserted already
D/BluetoothManagerService( 4110): BluetoothServiceConnection: com.android.bluetooth.btservice.QAdapterService
E/BluetoothManagerService( 4110): Bluetooth Q service connected: com.android.bluetooth.btservice.QAdapterService
D/Telecom ( 4868): BluetoothPhoneService: Bluetooth Adapter state: 12
I/Telecom ( 4868): BluetoothPhoneService: handleMessage: request is null
D/BluetoothManagerService( 4110): Message: 40
D/BluetoothManagerService( 4110): MESSAGE_BLUETOOTH_SERVICE_CONNECTED: 3
D/bt_vendor( 6593): op for 7
D/bt_upio ( 6593): BT_WAKE is asserted already
D/BluetoothManagerService( 4110): mQBluetooth: android.bluetooth.IQBluetooth$Stub$Proxy@1a3433e1
D/BluetoothManagerService( 4110): Calling onQBluetoothServiceUp callbacks
D/BluetoothManagerService( 4110): Broadcasting onQBluetoothServiceUp() to 0 receivers.
D/BluetoothMapService( 6593): onReceive
D/BluetoothMapService( 6593): onReceive, action android.bluetooth.adapter.action.STATE_CHANGED
D/BluetoothMapService( 6593): STATE_ON
V/BluetoothMapService( 6593): Handler(): got msg=1
D/bt_vendor( 6593): op for 7
D/bt_upio ( 6593): BT_WAKE is asserted already
D/bt_vendor( 6593): op for 7
D/bt_upio ( 6593): BT_WAKE is asserted already
D/bt_vendor( 6593): op for 7
D/bt_upio ( 6593): BT_WAKE is asserted already
W/bt-smp  ( 6593): Key(LSB ~ MSB) = 98 25 02 c9 70 e1 e2 c7 89 98 49 c8 4e 33 52 ec 
W/bt-smp  ( 6593): Plain text(LSB ~ MSB) = 2d 96 57 00 00 00 00 00 00 00 00 00 00 00 00 00 
W/bt-smp  ( 6593): Encrypted text(LSB ~ MSB) = a6 32 ae de fb 82 dd f8 af 3f 05 cb 49 62 65 83 
W/bt-btm  ( 6593): Stopping oneshot timer
D/bt_vendor( 6593): op for 7
D/bt_upio ( 6593): BT_WAKE is asserted already
D/BluetoothManagerService( 4110): checkIfCallerIsForegroundUser: valid=true callingUser=0 foregroundUser=0
D/bt_vendor( 6593): op for 7
D/bt_upio ( 6593): BT_WAKE is asserted already
D/bt_vendor( 6593): op for 7
D/bt_upio ( 6593): BT_WAKE is asserted already
W/BluetoothAdapter( 6593): getBluetoothService() called with no BluetoothManagerCallback
D/bt_vendor( 6593): op for 7
D/bt_upio ( 6593): BT_WAKE is asserted already
W/bt-smp  ( 6593): Key(LSB ~ MSB) = 98 25 02 c9 70 e1 e2 c7 89 98 49 c8 4e 33 52 ec 
W/bt-smp  ( 6593): Plain text(LSB ~ MSB) = 82 83 51 00 00 00 00 00 00 00 00 00 00 00 00 00 
W/bt-smp  ( 6593): Encrypted text(LSB ~ MSB) = cc 40 25 bd 71 83 c9 27 92 06 b5 03 16 36 78 15 
W/bt-btm  ( 6593): Stopping oneshot timer
D/bt_vendor( 6593): op for 7
D/bt_upio ( 6593): BT_WAKE is asserted already
D/bt_vendor( 6593): op for 7
D/bt_upio ( 6593): BT_WAKE is asserted already
D/BluetoothMapService( 6593): inside SocketAcceptThread
D/bt_vendor( 6593): op for 7
D/bt_upio ( 6593): BT_WAKE is asserted already
D/BluetoothMapService( 6593): Removing from the list, masid 0
W/bt-smp  ( 6593): Key(LSB ~ MSB) = 98 25 02 c9 70 e1 e2 c7 89 98 49 c8 4e 33 52 ec 
W/bt-smp  ( 6593): Plain text(LSB ~ MSB) = a8 7d 66 00 00 00 00 00 00 00 00 00 00 00 00 00 
W/bt-smp  ( 6593): Encrypted text(LSB ~ MSB) = 91 1a b8 ac 69 95 ba 3a 4f 08 d9 e4 81 b6 33 e9 
D/BluetoothMapService( 6593): Accepting socket connection...
W/bt-btm  ( 6593): Stopping oneshot timer
D/bt_vendor( 6593): op for 7
D/bt_upio ( 6593): BT_WAKE is asserted already
D/BluetoothAdapterProperties( 6593): Scan Mode:21
D/LocalBluetoothProfileManager( 5042): Adding local A2DP SRC profile
D/bt_vendor( 6593): op for 7
D/bt_upio ( 6593): BT_WAKE is asserted already
D/BluetoothManagerService( 4110): Message: 30
D/bt_vendor( 6593): op for 7
D/bt_upio ( 6593): BT_WAKE is asserted already
D/bt_vendor( 6593): op for 7
D/bt_upio ( 6593): BT_WAKE is asserted already
W/bt-smp  ( 6593): Key(LSB ~ MSB) = 98 25 02 c9 70 e1 e2 c7 89 98 49 c8 4e 33 52 ec 
W/bt-smp  ( 6593): Plain text(LSB ~ MSB) = 73 bb 6b 00 00 00 00 00 00 00 00 00 00 00 00 00 
W/bt-smp  ( 6593): Encrypted text(LSB ~ MSB) = c6 f9 98 64 f0 0d 02 33 60 10 c5 40 47 6d ee 30 
D/bt_vendor( 6593): op for 7
D/bt_upio ( 6593): BT_WAKE is asserted already
W/bt-btm  ( 6593): Stopping oneshot timer
D/bt_vendor( 6593): op for 7
D/bt_upio ( 6593): BT_WAKE is asserted already
D/bt_vendor( 6593): op for 7
D/bt_upio ( 6593): BT_WAKE is asserted already
D/LocalBluetoothProfileManager( 5042): Adding local HEADSET profile
D/bt_vendor( 6593): op for 7
D/bt_upio ( 6593): BT_WAKE is asserted already
D/BluetoothManagerService( 4110): Message: 30
D/bt_vendor( 6593): op for 7
D/bt_upio ( 6593): BT_WAKE is asserted already
D/bt_vendor( 6593): op for 7
D/bt_upio ( 6593): BT_WAKE is asserted already
D/bt_vendor( 6593): op for 7
D/bt_upio ( 6593): BT_WAKE is asserted already
D/bt_vendor( 6593): op for 7
D/bt_upio ( 6593): BT_WAKE is asserted already
D/bt_vendor( 6593): op for 7
D/bt_upio ( 6593): BT_WAKE is asserted already
D/bt_vendor( 6593): op for 7
D/bt_upio ( 6593): BT_WAKE is asserted already
D/bt_vendor( 6593): op for 7
D/bt_upio ( 6593): BT_WAKE is asserted already
D/bt_vendor( 6593): op for 7
D/bt_upio ( 6593): BT_WAKE is asserted already
D/bt_vendor( 6593): op for 7
D/bt_upio ( 6593): BT_WAKE is asserted already
D/bt_vendor( 6593): op for 7
D/bt_upio ( 6593): BT_WAKE is asserted already
D/bt_vendor( 6593): op for 7
D/bt_upio ( 6593): BT_WAKE is asserted already
D/bt_vendor( 6593): op for 7
D/bt_upio ( 6593): BT_WAKE is asserted already
W/ContextImpl( 5042): Calling a method in the system process without a qualified user: android.app.ContextImpl.startService:1726 android.content.ContextWrapper.startService:521 android.content.ContextWrapper.startService:521 com.android.settings.bluetooth.DockEventReceiver.beginStartingService:134 com.android.settings.bluetooth.DockEventReceiver.onReceive:115 
D/bt_vendor( 6593): op for 7
D/bt_upio ( 6593): BT_WAKE is asserted already
D/bt_vendor( 6593): op for 7
D/bt_upio ( 6593): BT_WAKE is asserted already
D/BluetoothA2dp( 5042): Proxy object connected
D/A2dpProfile( 5042): Bluetooth service connected
D/BluetoothHeadset( 5042): Proxy object connected
D/HeadsetProfile( 5042): Bluetooth service connected
D/Index   ( 5042): Deleting data for locale 'en_US' took 10 millis
D/Index   ( 5042): Indexing locale 'en_US' took 6 millis
D/DockEventReceiver( 5042): finishStartingService: stopping service
D/BluetoothManagerService( 4110): checkIfCallerIsForegroundUser: valid=true callingUser=0 foregroundUser=0
W/BluetoothAdapter( 6593): getBluetoothService() called with no BluetoothManagerCallback
D/BluetoothPbap( 5042): Proxy object connected
D/bt_vendor( 6593): op for 7
D/bt_upio ( 6593): BT_WAKE is asserted already
D/PbapServerProfile( 5042): Bluetooth service connected
E/BTEventHandler( 6593): A4WP is not supported
D/BluetoothManagerService( 4110): checkIfCallerIsForegroundUser: valid=true callingUser=0 foregroundUser=0
W/BluetoothAdapter( 6593): getBluetoothService() called with no BluetoothManagerCallback
D/bt_vendor( 6593): op for 7
D/bt_upio ( 6593): BT_WAKE is asserted already
V/BtOppL2CapListener( 6593): Starting L2cap listener....
D/BluetoothManagerService( 4110): checkIfCallerIsForegroundUser: valid=true callingUser=0 foregroundUser=0
I/BtOppRfcommListener( 6593): Accept thread started.
W/BluetoothAdapter( 6593): getBluetoothService() called with no BluetoothManagerCallback
V/BtOppL2CapListener( 6593): Started L2Cap listener....
I/BtOppL2CapListener( 6593): Accept thread started 
V/BtOppL2CapListener( 6593): Accepting connection...
D/A2dpService( 6593): getA2DPService(): returning com.android.bluetooth.a2dp.A2dpService@8321ff9
D/A2dpSinkService( 6593): getA2dpSinkService(): service is NULL
D/bt_vendor( 6593): op for 7
D/HeadsetStateMachine( 6593): Disconnected process message: 10, size: 0
D/HeadsetStateMachine( 6593): Disconnected process message: 10, size: 0
D/HeadsetStateMachine( 6593): Disconnected process message: 10, size: 0
D/HeadsetStateMachine( 6593): Disconnected process message: 10, size: 0
D/HeadsetStateMachine( 6593): Disconnected process message: 10, size: 0
I/PowerManagerService( 4110): Going to sleep due to screen timeout (uid 1000)...
I/PowerManagerService( 4110): Sleeping (uid 1000)...
I/Sensors ( 4110): Acc old sensor_state 1, new sensor_state : 0 en : 0
D/HeadsetStateMachine( 6593): Disconnected process message: 10, size: 0
I/DisplayManagerService( 4110): Display device changed: DisplayDeviceInfo{"Built-in Screen": 1080 x 1920, 60.000004 fps, supportedRefreshRates [60.000004], density 480, 422.03 x 424.069 dpi, appVsyncOff 0, presDeadline 17666666, touch INTERNAL, rotation 0, type BUILT_IN, state OFF, FLAG_DEFAULT_DISPLAY, FLAG_ROTATES_WITH_CONTENT, FLAG_SECURE, FLAG_SUPPORTS_PROTECTED_BUFFERS}
D/SurfaceFlinger( 3689): Set power mode=0, type=0 flinger=0xb6a62000
V/ActivityManager( 4110): Display changed displayId=0
D/SurfaceControl( 4110): Excessive delay in setPowerMode(): 230ms
D/PhoneStatusBar( 4435): disable: < expand ICONS alerts SYSTEM_INFO back home recent clock search >
W/Settings( 4435): Setting airplane_mode_on has moved from android.provider.Settings.System to android.provider.Settings.Global, returning read-only value.
W/Settings( 4435): Setting airplane_mode_on has moved from android.provider.Settings.System to android.provider.Settings.Global, returning read-only value.
D/PhoneStatusBar( 4435): disable: < expand ICONS alerts SYSTEM_INFO back HOME* RECENT* clock SEARCH* >
W/ProcessCpuTracker( 4110): Skipping unknown process pid 6717
D/HeadsetStateMachine( 6593): Disconnected process message: 10, size: 0
D/HeadsetStateMachine( 6593): Disconnected process message: 10, size: 0
D/HeadsetStateMachine( 6593): Disconnected process message: 10, size: 0
D/HeadsetStateMachine( 6593): Disconnected process message: 10, size: 0
D/HeadsetStateMachine( 6593): Disconnected process message: 10, size: 0
D/HeadsetStateMachine( 6593): Disconnected process message: 10, size: 0
D/HeadsetStateMachine( 6593): Disconnected process message: 10, size: 0
D/HeadsetStateMachine( 6593): Disconnected process message: 10, size: 0
D/HeadsetStateMachine( 6593): Disconnected process message: 10, size: 0
D/HeadsetStateMachine( 6593): Disconnected process message: 10, size: 0
D/HeadsetStateMachine( 6593): Disconnected process message: 10, size: 0
D/HeadsetStateMachine( 6593): Disconnected process message: 10, size: 0
D/HeadsetStateMachine( 6593): Disconnected process message: 10, size: 0
D/HeadsetStateMachine( 6593): Disconnected process message: 10, size: 0
D/HeadsetStateMachine( 6593): Disconnected process message: 10, size: 0
D/HeadsetStateMachine( 6593): Disconnected process message: 10, size: 0
D/HeadsetStateMachine( 6593): Disconnected process message: 10, size: 0
D/HeadsetStateMachine( 6593): Disconnected process message: 10, size: 0
D/HeadsetStateMachine( 6593): Disconnected process message: 10, size: 0
D/HeadsetStateMachine( 6593): Disconnected process message: 10, size: 0
D/HeadsetStateMachine( 6593): Disconnected process message: 10, size: 0
D/HeadsetStateMachine( 6593): Disconnected process message: 10, size: 0
D/HeadsetStateMachine( 6593): Disconnected process message: 10, size: 0
D/HeadsetStateMachine( 6593): Disconnected process message: 10, size: 0
D/HeadsetStateMachine( 6593): Disconnected process message: 10, size: 0
I/MediaFocusControl( 4110):  AudioFocus  abandonAudioFocus() from android.media.AudioManager@1a05be45com.cyanogenmod.eleven.MusicPlaybackService$5@2c9399a
V/RemoteController( 6593): Updating current controller as null
D/AudioManager( 6593): updateMediaPlayerList: Remove RCC com.cyanogenmod.eleven from List
V/AudioService( 4110): removeMediaPlayerAndUpdateRemoteController: size of existing list: 1
V/AudioService( 4110): Player entry present remove and update RemoteController
E/AudioService( 4110): Removing Player: com.cyanogenmod.eleven from index0
V/AudioService( 4110): Updated List size: 0
V/Avrcp   ( 6593): received RCC_CHANGED_ACTION
V/Avrcp   ( 6593): focus: false , availability: false
V/Avrcp   ( 6593): MSG_UPDATE_RCC_CHANGE
D/HeadsetStateMachine( 6593): Disconnected process message: 10, size: 0
D/HeadsetStateMachine( 6593): Disconnected process message: 10, size: 0
D/HeadsetStateMachine( 6593): Disconnected process message: 10, size: 0
D/HeadsetStateMachine( 6593): Disconnected process message: 10, size: 0
I/PowerManagerService( 4110): Waking up from sleep (uid 1000)...
V/KeyguardServiceDelegate( 4110): onScreenTurnedOn(showListener = com.android.internal.policy.impl.PhoneWindowManager$2@387bbe5)
I/DisplayPowerController( 4110): Blocking screen on until initial contents have been drawn.
I/Sensors ( 4110): Acc old sensor_state 0, new sensor_state : 1 en : 1
V/KeyguardServiceDelegate( 4110): **** SHOWN CALLED ****
D/SurfaceFlinger( 3689): Set power mode=2, type=0 flinger=0xb6a62000
I/DisplayManagerService( 4110): Display device changed: DisplayDeviceInfo{"Built-in Screen": 1080 x 1920, 60.000004 fps, supportedRefreshRates [60.000004], density 480, 422.03 x 424.069 dpi, appVsyncOff 0, presDeadline 17666666, touch INTERNAL, rotation 0, type BUILT_IN, state ON, FLAG_DEFAULT_DISPLAY, FLAG_ROTATES_WITH_CONTENT, FLAG_SECURE, FLAG_SUPPORTS_PROTECTED_BUFFERS}
V/ActivityManager( 4110): Display changed displayId=0
D/SurfaceControl( 4110): Excessive delay in setPowerMode(): 274ms
I/DisplayPowerController( 4110): Unblocked screen on after 317 ms
D/PhoneStatusBar( 4435): disable: < expand ICONS alerts SYSTEM_INFO back HOME RECENT clock SEARCH >
W/AudioPolicyManager( 3692): getOutput() could not find output for stream 1, samplingRate 0,format 0, channels 3, flags 0
W/AudioPolicyManager( 3692): getOutput() could not find output for stream 1, samplingRate 0,format 0, channels 3, flags 0
W/AudioPolicyManager( 3692): getOutput() could not find output for stream 1, samplingRate 44100,format 1, channels 3, flags 4
E/AudioTrack( 4435): Could not get audio output for stream type 1, usage 13, sample rate 44100, format 0x1, channel mask 0x3, flags 0x4
E/SoundPool( 4435): Error creating AudioTrack
D/PhoneStatusBar( 4435): disable: < expand icons* alerts system_info* back HOME RECENT clock SEARCH >
D/PhoneStatusBar( 4435): disable: < expand icons alerts system_info back home* recent* clock search* >
W/InputMethodManagerService( 4110): Window already focused, ignoring focus gain of: com.android.internal.view.IInputMethodClient$Stub$Proxy@4f60fbc attribute=android.view.inputmethod.EditorInfo@3cf82b45, token = android.os.BinderProxy@7f52cc
I/Timeline( 6528): Timeline: Activity_idle id: android.os.BinderProxy@230b1ae6 time:839919
D/PhoneStatusBar( 4435): disable: < expand ICONS* alerts SYSTEM_INFO* back home recent clock search >
I/ActivityManager( 4110): START u0 {act=android.settings.BLUETOOTH_SETTINGS flg=0x14000000 cmp=com.android.settings/.Settings$BluetoothSettingsActivity} from uid 10016 on display 0
D/BluetoothAdapterProperties( 6593): Discoverable Timeout:120
D/bt_vendor( 6593): op for 7
D/LocalBluetoothManager( 5042): setting foreground activity to non-null context
D/BluetoothAdapterProperties( 6593): Scan Mode:23
D/bt_vendor( 6593): op for 7
D/bt_upio ( 6593): BT_WAKE is asserted already
D/bt_vendor( 6593): op for 7
D/bt_upio ( 6593): BT_WAKE is asserted already
D/bt_vendor( 6593): op for 7
D/bt_upio ( 6593): BT_WAKE is asserted already
E/bt-btif ( 6593): bte_scan_filt_param_cfg_evt, 1
E/bt-btif ( 6593): bte_scan_filt_param_cfg_evt, 1
W/bt-btif ( 6593): bta_dm_check_av:0
D/bt_vendor( 6593): op for 7
D/bt_upio ( 6593): BT_WAKE is asserted already
D/bt_vendor( 6593): op for 7
D/bt_upio ( 6593): BT_WAKE is asserted already
D/bt_vendor( 6593): op for 7
D/bt_upio ( 6593): BT_WAKE is asserted already
D/bt_vendor( 6593): op for 7
D/bt_upio ( 6593): BT_WAKE is asserted already
D/BluetoothAdapterProperties( 6593): Discoverable Timeout:120
D/bt_vendor( 6593): op for 7
D/bt_upio ( 6593): BT_WAKE is asserted already
D/bt_vendor( 6593): op for 7
D/bt_upio ( 6593): BT_WAKE is asserted already
D/BluetoothAdapterProperties( 6593): Scan Mode:23
D/bt_vendor( 6593): op for 7
D/bt_upio ( 6593): BT_WAKE is asserted already
D/bt_vendor( 6593): op for 7
D/bt_upio ( 6593): BT_WAKE is asserted already
D/Index   ( 5042): Deleting data for locale 'en_US' took 7 millis
D/Index   ( 5042): Indexing locale 'en_US' took 7 millis
V/BluetoothDiscoveryReceiver( 5042): Received: android.bluetooth.adapter.action.DISCOVERY_STARTED
I/ActivityManager( 4110): Displayed com.android.settings/.Settings$BluetoothSettingsActivity: +449ms
I/Timeline( 5042): Timeline: Activity_idle id: android.os.BinderProxy@d791764 time:845872
D/PhoneStatusBar( 4435): disable: < expand icons* alerts system_info* back home recent clock search >
I/Timeline( 4110): Timeline: Activity_windows_visible id: ActivityRecord{818f543 u0 com.android.settings/.Settings$BluetoothSettingsActivity t12} time:846247
D/bt_vendor( 6593): op for 7
D/HeadsetStateMachine( 6593): Disconnected process message: 10, size: 0
W/bt-btm  ( 6593): btm_process_inq_results: BDA: 38-0a-94-8f-a1-da
W/bt-btm  ( 6593): btm_process_inq_results: Dev class: 5a-02-04
D/BluetoothEventManager( 5042): DeviceFoundHandler created new CachedBluetoothDevice: 38:0A:94:8F:A1:DA
D/bt_vendor( 6593): op for 7
W/bt-btm  ( 6593): btm_acl_created hci_handle=11 link_role=1  transport=1
W/bt-btm  ( 6593): btm_acl_created hci_handle=11 link_role=1  transport=1
D/bt_vendor( 6593): op for 7
D/bt_upio ( 6593): BT_WAKE is asserted already
D/bt_vendor( 6593): op for 7
D/bt_upio ( 6593): BT_WAKE is asserted already
W/bt-btm  ( 6593): btm_read_remote_version_complete: BDA: e4-90-7e-bb-45-0c
D/bt_vendor( 6593): op for 7
W/bt-btm  ( 6593): btm_read_remote_version_complete lmp_version 6 manufacturer 29 lmp_subversion 2003
D/bt_upio ( 6593): BT_WAKE is asserted already
D/bt_vendor( 6593): op for 7
D/bt_upio ( 6593): BT_WAKE is asserted already
D/bt_vendor( 6593): op for 7
D/bt_upio ( 6593): BT_WAKE is asserted already
W/bt-btm  ( 6593): btm_process_remote_ext_features_page 0: BDA: e4-90-7e-bb-45-0c
W/bt-btm  ( 6593): ext_features_complt page_num:1 f[0]:x07, sm4:11, pend:0
W/bt-btm  ( 6593): btm_process_remote_ext_features_page 1: BDA: e4-90-7e-bb-45-0c
W/bt-btif ( 6593): info:x10
D/bt_vendor( 6593): op for 7
D/bt_upio ( 6593): BT_WAKE is asserted already
W/bt-l2cap( 6593): L2CA_SetDesireRole() new:x0, disallow_switch:0
D/        ( 6593): remote version info [e4:90:7e:bb:45:0c]: 6, 1d, 7d3
E/BluetoothRemoteDevices( 6593): aclStateChangeCallback: Device is NULL
D/bt_vendor( 6593): op for 7
D/bt_upio ( 6593): BT_WAKE is asserted already
D/bt_vendor( 6593): op for 7
D/bt_upio ( 6593): BT_WAKE is asserted already
D/bt_vendor( 6593): op for 7
D/bt_upio ( 6593): BT_WAKE is asserted already
D/bt_vendor( 6593): op for 7
D/bt_upio ( 6593): BT_WAKE is asserted already
D/bt_vendor( 6593): op for 7
D/bt_upio ( 6593): BT_WAKE is asserted already
W/bt-l2cap( 6593): L2CAP - st: CLOSED evt: 10
W/bt-l2cap( 6593): L2CAP - st: TERM_W4_SEC_COMP evt: 7
W/bt-l2cap( 6593): L2CA_ErtmConnectRsp()  CID: 0x0040  Result: 0  Status: 0  BDA: e4907ebb450c  p_ertm_info:0x00000000
W/bt-l2cap( 6593): L2CAP - st: W4_L2CA_CON_RSP evt: 22
W/bt-l2cap( 6593): L2CAP - st: CONFIG evt: 24
D/bt_vendor( 6593): op for 7
D/bt_upio ( 6593): BT_WAKE is asserted already
D/bt_vendor( 6593): op for 7
D/bt_upio ( 6593): BT_WAKE is asserted already
W/bt-l2cap( 6593): L2CAP - st: CONFIG evt: 14
W/bt-l2cap( 6593): L2CAP - st: CONFIG evt: 25
W/bt-l2cap( 6593): L2CAP-Upper layer Config_Rsp,Local CID: 0x0040,Remote CID: 0x0040,PSM: 1,our MTU present:1,our MTU:672
D/bt_vendor( 6593): op for 7
D/bt_upio ( 6593): BT_WAKE is asserted already
W/bt-l2cap( 6593): L2CAP - st: CONFIG evt: 15
W/bt-l2cap( 6593): L2CAP-peer_Config_Rsp,Local CID: 0x0040,Remote CID: 0x0040,PSM: 1,peer MTU present: 0,peer MTU: 672
D/bt_vendor( 6593): op for 7
D/bt_upio ( 6593): BT_WAKE is asserted already
W/bt-l2cap( 6593): L2CA_DisconnectRsp()  CID: 0x0040
W/bt-l2cap( 6593): L2CAP - st: W4_L2CA_DISC_RSP evt: 28
D/bt_vendor( 6593): op for 7
D/bt_upio ( 6593): BT_WAKE is asserted already
D/bt_vendor( 6593): op for 7
D/bt_upio ( 6593): BT_WAKE is asserted already
I/BluetoothBondStateMachine( 6593): bondStateChangeCallback: Status: 0 Address: E4:90:7E:BB:45:0C newState: 1
E/bt-btif ( 6593): check_cod: remote_cod = 0x5a020c
D/bt_vendor( 6593): op for 7
D/bt_upio ( 6593): BT_WAKE is asserted already
I/BluetoothBondStateMachine( 6593): Bond State Change Intent:E4:90:7E:BB:45:0C OldState: 10 NewState: 11
I/BluetoothBondStateMachine( 6593): Entering PendingCommandState State
W/BluetoothEventManager( 5042): CachedBluetoothDevice for device E4:90:7E:BB:45:0C not found, calling readPairedDevices().
E/BluetoothEventManager( 5042): Got bonding state changed for E4:90:7E:BB:45:0C, but we have no record of that device.
I/BluetoothBondStateMachine( 6593): bondStateChangeCallback: Status: 0 Address: E4:90:7E:BB:45:0C newState: 0
D/BluetoothAdapterProperties( 6593): Failed to remove device: E4:90:7E:BB:45:0C
I/BluetoothBondStateMachine( 6593): Bond State Change Intent:E4:90:7E:BB:45:0C OldState: 11 NewState: 10
W/BluetoothEventManager( 5042): CachedBluetoothDevice for device E4:90:7E:BB:45:0C not found, calling readPairedDevices().
E/BluetoothEventManager( 5042): Got bonding state changed for E4:90:7E:BB:45:0C, but we have no record of that device.
D/A2dpService( 6593): getA2DPService(): returning com.android.bluetooth.a2dp.A2dpService@8321ff9
W/BackupManagerService( 4110): dataChanged but no participant pkg='com.android.providers.settings' uid=1002
W/BackupManagerService( 4110): dataChanged but no participant pkg='com.android.providers.settings' uid=1002
D/A2dpService( 6593): Saved priority E4:90:7E:BB:45:0C = -1
W/BackupManagerService( 4110): dataChanged but no participant pkg='com.android.providers.settings' uid=1002
I/BluetoothBondStateMachine( 6593): StableState(): Entering Off State
W/bt-btm  ( 6593): Security Manager: encrypt_change status:0 State:0, encr_enable = 1
W/bt-l2cap( 6593): L2CAP - st: CLOSED evt: 10
W/bt-l2cap( 6593): L2CAP - st: TERM_W4_SEC_COMP evt: 7
W/bt-l2cap( 6593): SOCK_L2C_ConnectInd LCID:0x41
W/bt-l2cap( 6593): L2CA_ErtmConnectRsp()  CID: 0x0041  Result: 0  Status: 0  BDA: e4907ebb450c  p_ertm_info:0xa20e8949
W/bt-l2cap( 6593): L2CAP - st: W4_L2CA_CON_RSP evt: 22
W/bt-l2cap( 6593): L2CAP - st: CONFIG evt: 24
D/bt_vendor( 6593): op for 7
D/bt_upio ( 6593): BT_WAKE is asserted already
D/bt_vendor( 6593): op for 7
D/bt_upio ( 6593): BT_WAKE is asserted already
W/bt-l2cap( 6593): L2CAP - st: CONFIG evt: 14
W/bt-l2cap( 6593): L2CAP - st: CONFIG evt: 25
W/bt-l2cap( 6593): L2CAP-Upper layer Config_Rsp,Local CID: 0x0041,Remote CID: 0x0041,PSM: 5255,our MTU present:1,our MTU:65000
D/bt_vendor( 6593): op for 7
D/bt_upio ( 6593): BT_WAKE is asserted already
W/bt-l2cap( 6593): L2CAP - st: CONFIG evt: 15
W/bt-l2cap( 6593): L2CAP-peer_Config_Rsp,Local CID: 0x0041,Remote CID: 0x0041,PSM: 5255,peer MTU present: 0,peer MTU: 65000
W/bt-l2cap( 6593): L2CA_SetDesireRole() new:x0, disallow_switch:0
W/bt-btif ( 6593): new conn_srvc id:26, app_id:255
W/bt-btif ( 6593): new conn_srvc id:26, app_id:255 count:1
W/bt-btif ( 6593): bta_dm_pm_ssr conn_srvc id:26, app_id:255
W/bt-btif ( 6593): bta_dm_pm_ssr:2, lat:1200
D/bt_vendor( 6593): op for 7
D/bt_upio ( 6593): BT_WAKE is asserted already
I/BtOppL2CapListener( 6593): Accepted connection from E4:90:7E:BB:45:0C
V/BtOppL2CapListener( 6593): Accepting connection...
D/BtOppService( 6593): Get incoming connection mBatchSz: 0
D/BtOppService( 6593): mServerTranser is NULL
I/BtOppService( 6593): Start Obex Server
D/BtOppObexServer( 6593): acquire full WakeLock
D/BtOppObexServer( 6593): Create ServerSession with transport com.android.bluetooth.opp.BluetoothOppTransport@3d3e31b4
V/Obex ServerSession( 6593): setMaxPacketSize65000
D/BtOppObexServer( 6593): Setting ServerSession mps 65000
D/ObexHelper( 6593): setLocalSrmCapability: true
V/ObexHelper( 6593): getLocalSrmCapability: true
D/BtOppService( 6593): Get ServerSession com.android.bluetooth.opp.BluetoothOppObexServerSession@2bd831dd for incoming connectioncom.android.bluetooth.opp.BluetoothOppTransport@3d3e31b4
V/Obex ServerSession( 6593): run requestType 128
E/ObexHelper( 6593): updateHeaderSet headerID = 192
V/ObexHelper( 6593): getLocalSrmCapability: true
V/ObexHelper( 6593): getLocalSrmParamStatus: false
V/Obex ServerSession( 6593): handleConnectRequest: Disabled the SRMP WAIT
V/ObexHelper( 6593): setLocalSrmpWait: false
D/BtOppObexServer( 6593): onConnect
E/ObexHelper( 6593): createHeader = javax.btobex.HeaderSet@382cc152
V/ObexHelper( 6593):  Add Header = 203
E/bt-btif ( 6593): bta_co_l2c_data_outgoing received :12 bytes from fd 70 
D/bt_vendor( 6593): op for 7
D/bt_upio ( 6593): BT_WAKE is asserted already
D/bt_vendor( 6593): op for 7
D/bt_vendor( 6593): op for 7
D/bt_vendor( 6593): op for 7
D/bt_upio ( 6593): BT_WAKE is asserted already
D/bt_vendor( 6593): op for 7
D/bt_upio ( 6593): BT_WAKE is asserted already
D/bt_vendor( 6593): op for 7
D/bt_upio ( 6593): BT_WAKE is asserted already
D/bt_vendor( 6593): op for 7
D/bt_upio ( 6593): BT_WAKE is asserted already
D/bt_vendor( 6593): op for 7
D/bt_upio ( 6593): BT_WAKE is asserted already
D/bt_vendor( 6593): op for 7
D/bt_upio ( 6593): BT_WAKE is asserted already
D/bt_vendor( 6593): op for 7
D/bt_upio ( 6593): BT_WAKE is asserted already
D/bt_vendor( 6593): op for 7
D/bt_upio ( 6593): BT_WAKE is asserted already
D/bt_vendor( 6593): op for 7
D/bt_upio ( 6593): BT_WAKE is asserted already
D/btif_config_util( 6593): btif_config_save_file(L188): in file name:/data/misc/bluedroid/bt_config.new
D/bt_vendor( 6593): op for 7
D/bt_upio ( 6593): BT_WAKE is asserted already
D/bt_vendor( 6593): op for 7
D/bt_upio ( 6593): BT_WAKE is asserted already
D/bt_vendor( 6593): op for 7
D/bt_upio ( 6593): BT_WAKE is asserted already
D/bt_vendor( 6593): op for 7
D/bt_upio ( 6593): BT_WAKE is asserted already
D/bt_vendor( 6593): op for 7
D/bt_upio ( 6593): BT_WAKE is asserted already
D/HeadsetStateMachine( 6593): Disconnected process message: 10, size: 0
D/bt_vendor( 6593): op for 7
D/bt_upio ( 6593): BT_WAKE is asserted already
D/bt_vendor( 6593): op for 7
D/bt_upio ( 6593): BT_WAKE is asserted already
D/bt_vendor( 6593): op for 7
D/bt_upio ( 6593): BT_WAKE is asserted already
D/bt_vendor( 6593): op for 7
D/bt_upio ( 6593): BT_WAKE is asserted already
D/bt_vendor( 6593): op for 7
D/bt_upio ( 6593): BT_WAKE is asserted already
D/bt_vendor( 6593): op for 7
D/bt_upio ( 6593): BT_WAKE is asserted already
D/bt_vendor( 6593): op for 7
D/bt_upio ( 6593): BT_WAKE is asserted already
D/bt_vendor( 6593): op for 7
D/bt_upio ( 6593): BT_WAKE is asserted already
V/Obex ServerSession( 6593): run requestType 2
V/Obex ServerSession( 6593): handlePutRequest
V/Obex ServerOperation( 6593): ServerOperation
E/ObexHelper( 6593): updateHeaderSet headerID = 203
E/ObexHelper( 6593): updateHeaderSet headerID = 1
E/ObexHelper( 6593): updateHeaderSet headerID = 66
E/ObexHelper( 6593): updateHeaderSet headerID = 195
E/ObexHelper( 6593): updateHeaderSet headerID = 151
E/ObexHelper( 6593): updateHeaderSet headerID = 72
V/Obex ServerSession( 6593): handlePutRequest srm == ObexHelper.OBEX_SRM_ENABLED
V/ObexHelper( 6593): getLocalSrmCapability: true
V/Obex ServerSession( 6593): ObexHelper.SRM_CAPABLE
V/ObexHelper( 6593): getLocalSrmpWait: false
D/BtOppObexServer( 6593): onPut javax.btobex.ServerOperation@25617c23
V/ObexHelper( 6593): getLocalSrmCapability: true
V/ObexHelper( 6593): setLocalSrmStatus: true
E/BtOppService( 6593): insertShare found null URI at cursor!
D/BtOppObexServer( 6593): Start!
D/BtOppObexServer( 6593): addShare for id 1
D/BtOppObexServer( 6593): processShareInfo() 1
E/bt-btif ( 6593): bte_scan_filt_param_cfg_evt, 1
D/OpenGLRenderer( 6593): Render dirty regions requested: true
D/Atlas   ( 6593): Validating map...
V/BluetoothDiscoveryReceiver( 5042): Received: android.bluetooth.adapter.action.DISCOVERY_FINISHED
D/bt_vendor( 6593): op for 7
D/bt_upio ( 6593): BT_WAKE is asserted already
I/        ( 6593): PLATFORM VERSION : JB-MR-2
I/OpenGLRenderer( 6593): Initialized EGL, version 1.4
W/ResourcesManager( 4435): Asset path '/system/framework/javax.btobex.jar' does not exist or contains no resources.
E/ExtMediaPlayer-JNI( 4435): QCMediaPlayer could not be located....
E/MediaPlayer-JNI( 4435): QCMediaPlayer mediaplayer NOT present
D/OpenGLRenderer( 6593): Enabling debug mode 0
D/WVMDrmPlugIn( 3691): WVMDrmPlugin::onInitialize : 5789
D/WVMDrmPlugIn( 3691): WVMDrmPlugin::onSetOnInfoListener : add 5789
D/WVMDrmPlugIn( 3691): WVMDrmPlugin::onTerminate : 5789
I/FFmpegExtractor( 3692): android-source:0xb3c06060
I/FFMPEG  ( 3692): Input #0, ogg, from 'android-source:0xb3c06060':
I/FFMPEG  ( 3692):   Duration: 00:00:01.20, start: 0.000000, bitrate: 105 kb/s
I/FFMPEG  ( 3692):     Stream #0:0: Audio: vorbis, 44100 Hz, stereo, fltp, 112 kb/s
D/FFmpegExtractor( 3692): FFmpegExtrator, url: android-source:0xb3c06060, format_name: ogg, format_long_name: Ogg
I/FFmpegExtractor( 3692): adjust mime(application/ogg -> audio/vorbis)
