D/WVMDrmPlugIn( 3690): WVMDrmPlugin::onSetOnInfoListener : add 6672
D/WVMDrmPlugIn( 3690): WVMDrmPlugin::onTerminate : 6672
I/FFmpegExtractor( 3691): android-source:0xb22a8f60
I/FFMPEG  ( 3691): Input #0, ogg, from 'android-source:0xb22a8f60':
I/FFMPEG  ( 3691):   Duration: 00:00:00.11, start: 0.000000, bitrate: 440 kb/s
I/FFMPEG  ( 3691):     Stream #0:0: Audio: vorbis, 48000 Hz, mono, fltp, 140 kb/s
D/FFmpegExtractor( 3691): FFmpegExtrator, url: android-source:0xb22a8f60, format_name: ogg, format_long_name: Ogg
I/FFmpegExtractor( 3691): adjust mime(application/ogg -> audio/vorbis)
D/FFmpegExtractor( 3691): suppoted codec(vorbis) by official Stagefright
D/FFmpegExtractor( 3691): ffmpeg detected media content as 'audio/vorbis' with confidence 0.08
D/NuPlayerDriver( 3691): start(0xb3c09040)
I/GenericSource( 3691): start
W/Utils   ( 3691): bool android::canOffloadStream(const android::sp<android::MetaData>&, bool, const android::sp<android::MetaData>&, bool, audio_stream_type_t) No sample bit depth info in meta data
E/AudioPolicyManager( 3691): isOffloadSupported: stream_type != MUSIC, returning false
W/Utils   ( 3691): bool android::canOffloadStream(const android::sp<android::MetaData>&, bool, const android::sp<android::MetaData>&, bool, audio_stream_type_t) No sample bit depth info in meta data
E/AudioPolicyManager( 3691): isOffloadSupported: stream_type != MUSIC, returning false
D/WeatherUpdateService( 4798): Service started, but shouldn't update ... stopping
D/NuPlayerDriver( 3691): reset(0xb3c09040)
D/NuPlayerDriver( 3691): notifyResetComplete(0xb3c09040)
D/BluetoothAdapter( 4538): 957239798: getState() :  mService = null. Returning STATE_OFF
D/BluetoothAdapter( 4538): 957239798: getState() :  mService = null. Returning STATE_OFF
D/BluetoothAdapter( 4538): 957239798: getState() :  mService = null. Returning STATE_OFF
D/BluetoothAdapter( 4538): 957239798: getState() :  mService = null. Returning STATE_OFF
D/PermissionCache( 3688): checking android.permission.ACCESS_SURFACE_FLINGER for uid=10016 => granted (491 us)
D/OpenGLRenderer( 4538): Render dirty regions requested: true
D/Atlas   ( 4538): Validating map...
E/cutils  ( 4834): Failed to mkdir(/mnt/shell/emulated/0): Read-only file system
W/Zygote  ( 4834): Failed to mount emulated storage: 30
I/ActivityManager( 4117): Start proc android.process.acore for content provider com.android.providers.contacts/.ContactsProvider2: pid=4834 uid=10006 gids={50006, 9997, 3003, 1028, 1015} abi=armeabi-v7a
D/PhoneStatusBar( 4538): disable: < expand icons alerts system_info back home recent clock search >
D/BluetoothAdapter( 4538): 957239798: getState() :  mService = null. Returning STATE_OFF
D/BluetoothAdapter( 4538): 957239798: getState() :  mService = null. Returning STATE_OFF
D/PhoneStatusBar( 4538): heads up is enabled
I/art     ( 4117): Explicit concurrent mark sweep GC freed 29919(2MB) AllocSpace objects, 13(726KB) LOS objects, 33% free, 21MB/32MB, paused 2.477ms total 50.197ms
D/StatusBar( 4538): user hasn't seen notification about hidden notifications
D/StatusBar( 4538): insecure lockscreen, skipping notification
D/WVMDrmPlugIn( 3690): WVMDrmPlugin::onInitialize : 7831
D/WVMDrmPlugIn( 3690): WVMDrmPlugin::onSetOnInfoListener : add 7831
D/WVMDrmPlugIn( 3690): WVMDrmPlugin::onTerminate : 7831
I/FFmpegExtractor( 3691): android-source:0xb22a8f60
W/BackupManagerService( 4117): dataChanged but no participant pkg='com.android.providers.settings' uid=10016
I/FFMPEG  ( 3691): Input #0, ogg, from 'android-source:0xb22a8f60':
I/FFMPEG  ( 3691):   Duration: 00:00:00.11, start: 0.000000, bitrate: 431 kb/s
I/FFMPEG  ( 3691):     Stream #0:0: Audio: vorbis, 48000 Hz, mono, fltp, 140 kb/s
D/FFmpegExtractor( 3691): FFmpegExtrator, url: android-source:0xb22a8f60, format_name: ogg, format_long_name: Ogg
I/FFmpegExtractor( 3691): adjust mime(application/ogg -> audio/vorbis)
D/FFmpegExtractor( 3691): suppoted codec(vorbis) by official Stagefright
D/FFmpegExtractor( 3691): ffmpeg detected media content as 'audio/vorbis' with confidence 0.08
I/Choreographer( 4538): Skipped 63 frames!  The application may be doing too much work on its main thread.
D/ViewRootImpl( 4538): changeCanvasOpacity: opaque=true
I/LatinIME( 4743): Hardware accelerated drawing: true
W/Settings( 4538): Setting airplane_mode_on has moved from android.provider.Settings.System to android.provider.Settings.Global, returning read-only value.
D/NuPlayerDriver( 3691): start(0xb4212040)
I/GenericSource( 3691): start
W/Utils   ( 3691): bool android::canOffloadStream(const android::sp<android::MetaData>&, bool, const android::sp<android::MetaData>&, bool, audio_stream_type_t) No sample bit depth info in meta data
E/AudioPolicyManager( 3691): isOffloadSupported: stream_type != MUSIC, returning false
W/Settings( 4538): Setting airplane_mode_on has moved from android.provider.Settings.System to android.provider.Settings.Global, returning read-only value.
W/Utils   ( 3691): bool android::canOffloadStream(const android::sp<android::MetaData>&, bool, const android::sp<android::MetaData>&, bool, audio_stream_type_t) No sample bit depth info in meta data
E/AudioPolicyManager( 3691): isOffloadSupported: stream_type != MUSIC, returning false
I/ContactLocale( 4834): AddressBook Labels [en-US]: [, A, B, C, D, E, F, G, H, I, J, K, L, M, N, O, P, Q, R, S, T, U, V, W, X, Y, Z, , , , , , , , , , , , , , , , , , , , , , , , , , , , , , , , , , , , , , , , , , , , , , , , , , , , , , , , , , , , , , , , , , , , , , , , , , , , , , , , , , , , , , , , , , , , , , , , , , , , , , , , , , , , , , , , , , , , , , , , , , , , , , , , , , , , , , , , , , , , , , , , , , , , , , , , , , , , , , , , , , , , , , , , , , , , , , , , , , , , , , , , , , , , #, ]
D/NuPlayerDriver( 3691): reset(0xb4212040)
W/SubtypeLocaleUtils( 4743): KeyboardLayoutSet not found, use QWERTY: locale=en_AU extraValue=TrySuppressingImeSwitcher,AsciiCapable,SupportTouchPositionCorrection,EmojiCapable
D/NuPlayerDriver( 3691): notifyResetComplete(0xb4212040)
I/        ( 4538): PLATFORM VERSION : JB-MR-2
I/OpenGLRenderer( 4538): Initialized EGL, version 1.4
D/WVMDrmPlugIn( 3690): WVMDrmPlugin::onInitialize : 6137
D/WVMDrmPlugIn( 3690): WVMDrmPlugin::onSetOnInfoListener : add 6137
D/WVMDrmPlugIn( 3690): WVMDrmPlugin::onTerminate : 6137
I/FFmpegExtractor( 3691): android-source:0xb22a8f60
I/FFMPEG  ( 3691): Input #0, ogg, from 'android-source:0xb22a8f60':
I/FFMPEG  ( 3691):   Duration: 00:00:00.11, start: 0.000000, bitrate: 462 kb/s
I/FFMPEG  ( 3691):     Stream #0:0: Audio: vorbis, 48000 Hz, mono, fltp, 140 kb/s
D/FFmpegExtractor( 3691): FFmpegExtrator, url: android-source:0xb22a8f60, format_name: ogg, format_long_name: Ogg
I/FFmpegExtractor( 3691): adjust mime(application/ogg -> audio/vorbis)
D/FFmpegExtractor( 3691): suppoted codec(vorbis) by official Stagefright
D/FFmpegExtractor( 3691): ffmpeg detected media content as 'audio/vorbis' with confidence 0.08
D/OpenGLRenderer( 4538): Enabling debug mode 0
W/InputAttributes( 4743): No editor info for this field. Bug?
D/NuPlayerDriver( 3691): start(0xb400d040)
I/GenericSource( 3691): start
W/Utils   ( 3691): bool android::canOffloadStream(const android::sp<android::MetaData>&, bool, const android::sp<android::MetaData>&, bool, audio_stream_type_t) No sample bit depth info in meta data
E/AudioPolicyManager( 3691): isOffloadSupported: stream_type != MUSIC, returning false
W/Utils   ( 3691): bool android::canOffloadStream(const android::sp<android::MetaData>&, bool, const android::sp<android::MetaData>&, bool, audio_stream_type_t) No sample bit depth info in meta data
E/AudioPolicyManager( 3691): isOffloadSupported: stream_type != MUSIC, returning false
D/WifiService( 4117): New client listening to asynchronous messages
I/LatinIME:LogUtils( 4743): Dictionary info: dictionary = UserHistoryDictionary.en_US ; version = 1436946700 ; date = ?
I/LatinIME:LogUtils( 4743): Dictionary info: dictionary = PersonalizationDictionary.en_US ; version = 1436946700 ; date = ?
I/LatinIME:LogUtils( 4743): Dictionary info: dictionary = userunigram.en_US ; version = 1436946700 ; date = ?
D/NuPlayerDriver( 3691): reset(0xb400d040)
I/LatinIME:LogUtils( 4743): Dictionary info: dictionary = contacts.en_US ; version = 1436946700 ; date = ?
I/LatinIME:LogUtils( 4743): Dictionary info: dictionary = ContextualDictionary.en_US ; version = 1436946700 ; date = ?
D/NuPlayerDriver( 3691): notifyResetComplete(0xb400d040)
I/LatinIME:LogUtils( 4743): Dictionary info: dictionary = PersonalizationDictionary.en_US ; version = 1436946700 ; date = ?
I/LatinIME:LogUtils( 4743): Dictionary info: dictionary = PersonalizationDictionary.en_US ; version = 1436946700 ; date = ?
D/WVMDrmPlugIn( 3690): WVMDrmPlugin::onInitialize : 7989
D/WVMDrmPlugIn( 3690): WVMDrmPlugin::onSetOnInfoListener : add 7989
D/WVMDrmPlugIn( 3690): WVMDrmPlugin::onTerminate : 7989
I/FFmpegExtractor( 3691): android-source:0xb22a8f60
I/FFMPEG  ( 3691): Input #0, ogg, from 'android-source:0xb22a8f60':
I/FFMPEG  ( 3691):   Duration: 00:00:00.18, start: 0.000000, bitrate: 431 kb/s
I/FFMPEG  ( 3691):     Stream #0:0: Audio: vorbis, 44100 Hz, mono, fltp, 239 kb/s
I/FFMPEG  ( 3691):     Metadata:
I/FFMPEG  ( 3691):       ARTIST          : Copyright 2013 Android Open Source Project
D/FFmpegExtractor( 3691): FFmpegExtrator, url: android-source:0xb22a8f60, format_name: ogg, format_long_name: Ogg
I/FFmpegExtractor( 3691): adjust mime(application/ogg -> audio/vorbis)
D/FFmpegExtractor( 3691): suppoted codec(vorbis) by official Stagefright
D/FFmpegExtractor( 3691): ffmpeg detected media content as 'audio/vorbis' with confidence 0.08
D/NuPlayerDriver( 3691): start(0xb6053d00)
I/GenericSource( 3691): start
W/Utils   ( 3691): bool android::canOffloadStream(const android::sp<android::MetaData>&, bool, const android::sp<android::MetaData>&, bool, audio_stream_type_t) No sample bit depth info in meta data
E/AudioPolicyManager( 3691): isOffloadSupported: stream_type != MUSIC, returning false
W/Utils   ( 3691): bool android::canOffloadStream(const android::sp<android::MetaData>&, bool, const android::sp<android::MetaData>&, bool, audio_stream_type_t) No sample bit depth info in meta data
E/AudioPolicyManager( 3691): isOffloadSupported: stream_type != MUSIC, returning false
D/NuPlayerDriver( 3691): reset(0xb6053d00)
D/NuPlayerDriver( 3691): notifyResetComplete(0xb6053d00)
I/LatinIME:LogUtils( 4743): Dictionary info: dictionary = ? ; version = 22 ; date = 1349321750
E/BinaryDictionaryFileDumper( 4743): Unexpected exception communicating with the dictionary pack
E/BinaryDictionaryFileDumper( 4743): java.lang.NullPointerException: Attempt to read from field 'java.util.Locale com.android.inputmethod.latin.utils.DictionaryInfoUtils$DictionaryInfo.mLocale' on a null object reference
E/BinaryDictionaryFileDumper( 4743): 	at com.android.inputmethod.latin.utils.DictionaryInfoUtils.getCurrentDictionaryFileNameAndVersionInfo(DictionaryInfoUtils.java:378)
E/BinaryDictionaryFileDumper( 4743): 	at com.android.inputmethod.latin.BinaryDictionaryFileDumper.reinitializeClientRecordInDictionaryContentProvider(BinaryDictionaryFileDumper.java:484)
E/BinaryDictionaryFileDumper( 4743): 	at com.android.inputmethod.latin.BinaryDictionaryFileDumper.getWordListWordListInfos(BinaryDictionaryFileDumper.java:160)
E/BinaryDictionaryFileDumper( 4743): 	at com.android.inputmethod.latin.BinaryDictionaryFileDumper.cacheWordListsFromContentProvider(BinaryDictionaryFileDumper.java:418)
E/BinaryDictionaryFileDumper( 4743): 	at com.android.inputmethod.latin.BinaryDictionaryGetter.getDictionaryFiles(BinaryDictionaryGetter.java:268)
E/BinaryDictionaryFileDumper( 4743): 	at com.android.inputmethod.latin.DictionaryFactory.createMainDictionaryFromManager(DictionaryFactory.java:58)
E/BinaryDictionaryFileDumper( 4743): 	at com.android.inputmethod.latin.DictionaryFactory.createMainDictionaryFromManager(DictionaryFactory.java:137)
E/BinaryDictionaryFileDumper( 4743): 	at com.android.inputmethod.latin.DictionaryFacilitator$1.run(DictionaryFacilitator.java:297)
E/BinaryDictionaryFileDumper( 4743): 	at java.util.concurrent.ThreadPoolExecutor.runWorker(ThreadPoolExecutor.java:1112)
E/BinaryDictionaryFileDumper( 4743): 	at java.util.concurrent.ThreadPoolExecutor$Worker.run(ThreadPoolExecutor.java:587)
E/BinaryDictionaryFileDumper( 4743): 	at java.lang.Thread.run(Thread.java:818)
I/LatinIME:LogUtils( 4743): Dictionary info: dictionary = ? ; version = 26 ; date = 1351062238
E/cutils  ( 4912): Failed to mkdir(/mnt/shell/emulated/0): Read-only file system
W/Zygote  ( 4912): Failed to mount emulated storage: 30
I/ActivityManager( 4117): Start proc com.android.exchange for content provider com.android.exchange/.provider.ExchangeDirectoryProvider: pid=4912 uid=10034 gids={50034, 9997, 3003, 1028, 1015} abi=armeabi-v7a
D/libgps  ( 4117): SendGpsExtensionMessage: Waiting for IPC connection - timeout
E/libgps  ( 4117): LIBGPS: Cannot communicate (write) with a GPSD
E/libgps  ( 4117): IPC Communication Error, /tmp/13632270_219420/customers/samsung/KGFEVOandroid/../../../proprietary/deliverables/android/gps_interface/../gps_interface/gpsi_client/GpsiClient.cpp:617 SendGpsExtensionMessage
D/libgps  ( 4117): agps_set_server: Waiting for IPC connection...
D/OpenGLRenderer( 4538): setting property extraRasterBucket to 0.95
D/OpenGLRenderer( 4538):     failed
D/OpenGLRenderer( 4538): setting property extraRasterBucket to 0.0
D/OpenGLRenderer( 4538):     failed
E/cutils  ( 4935): Failed to mkdir(/mnt/shell/emulated/0): Read-only file system
W/Zygote  ( 4935): Failed to mount emulated storage: 30
I/ActivityManager( 4117): Start proc com.android.email for content provider com.android.email/.provider.EmailProvider: pid=4935 uid=10033 gids={50033, 9997, 3003, 1028, 1015} abi=armeabi-v7a
I/ContactDirectoryManager( 4834): deleted 0 stale rows which don't have any relevant directory
W/SurfaceFlinger( 3688): Ignoring duplicate VSYNC event from HWC (t=27670256586)
I/ContactDirectoryManager( 4834): Discovered 0 contact directories in 245ms
I/ValidateNoPeople( 4117): mEvictionCount: 0
I/ContactsProvider( 4834): Upgrading aggregation algorithm
I/ContactAggregator( 4834): Marked all visible contacts for aggregation: 0 raw contacts, 2 ms
I/ContactsProvider( 4834): Aggregation algorithm upgraded for 0 raw contacts in 43ms
I/ContactsFTS( 4834): Rebuild contact search index in 23ms, 0 contacts
W/SurfaceFlinger( 3688): Ignoring duplicate VSYNC event from HWC (t=27805216419)
D/ActivityThread( 4935): Loading provider com.android.email.provider;com.android.email.notifier: com.android.email.provider.EmailProvider
W/SurfaceFlinger( 3688): Ignoring duplicate VSYNC event from HWC (t=27940177877)
W/ContextImpl( 4935): Implicit intents with startService are not safe: Intent { act=com.android.mail.action.BACKUP_DATA_CHANGED } android.content.ContextWrapper.startService:521 com.android.mail.MailIntentService.broadcastBackupDataChanged:123 com.android.mail.preferences.VersionedPrefs.notifyBackupPreferenceChanged:278 
W/ActivityManager( 4117): Unable to start service Intent { act=com.android.mail.action.BACKUP_DATA_CHANGED } U=0: not found
W/ActivityManager( 4117): Unable to start service Intent { cmp=com.android.email/.service.AttachmentService } U=0: not found
W/ActivityManager( 4117): Unable to start service Intent { cmp=com.android.email/.service.AttachmentService } U=0: not found
W/ContextImpl( 4935): Implicit intents with startService are not safe: Intent { act=com.android.mail.action.BACKUP_DATA_CHANGED } android.content.ContextWrapper.startService:521 com.android.mail.MailIntentService.broadcastBackupDataChanged:123 com.android.mail.preferences.VersionedPrefs.notifyBackupPreferenceChanged:278 
W/ActivityManager( 4117): Unable to start service Intent { act=com.android.mail.action.BACKUP_DATA_CHANGED } U=0: not found
W/ContextImpl( 4935): Implicit intents with startService are not safe: Intent { act=com.android.mail.action.BACKUP_DATA_CHANGED } android.content.ContextWrapper.startService:521 com.android.mail.MailIntentService.broadcastBackupDataChanged:123 com.android.mail.preferences.VersionedPrefs.notifyBackupPreferenceChanged:278 
W/ActivityManager( 4117): Unable to start service Intent { act=com.android.mail.action.BACKUP_DATA_CHANGED } U=0: not found
W/ContextImpl( 4935): Implicit intents with startService are not safe: Intent { act=com.android.mail.action.BACKUP_DATA_CHANGED } android.content.ContextWrapper.startService:521 com.android.mail.MailIntentService.broadcastBackupDataChanged:123 com.android.mail.preferences.VersionedPrefs.notifyBackupPreferenceChanged:278 
W/ActivityManager( 4117): Unable to start service Intent { act=com.android.mail.action.BACKUP_DATA_CHANGED } U=0: not found
W/ContextImpl( 4935): Implicit intents with startService are not safe: Intent { act=com.android.mail.action.BACKUP_DATA_CHANGED } android.content.ContextWrapper.startService:521 com.android.mail.MailIntentService.broadcastBackupDataChanged:123 com.android.mail.preferences.VersionedPrefs.notifyBackupPreferenceChanged:278 
W/ActivityManager( 4117): Unable to start service Intent { act=com.android.mail.action.BACKUP_DATA_CHANGED } U=0: not found
W/ContextImpl( 4935): Implicit intents with startService are not safe: Intent { act=com.android.mail.action.BACKUP_DATA_CHANGED } android.content.ContextWrapper.startService:521 com.android.mail.MailIntentService.broadcastBackupDataChanged:123 com.android.mail.preferences.VersionedPrefs.notifyBackupPreferenceChanged:278 
I/Email   ( 4935): Observing account changes for notifications
W/ActivityManager( 4117): Unable to start service Intent { act=com.android.mail.action.BACKUP_DATA_CHANGED } U=0: not found
W/ContextImpl( 4935): Implicit intents with startService are not safe: Intent { act=com.android.mail.action.BACKUP_DATA_CHANGED } android.content.ContextWrapper.startService:521 com.android.mail.MailIntentService.broadcastBackupDataChanged:123 com.android.mail.preferences.VersionedPrefs.notifyBackupPreferenceChanged:278 
W/ActivityManager( 4117): Unable to start service Intent { act=com.android.mail.action.BACKUP_DATA_CHANGED } U=0: not found
I/Exchange( 4912): PSS has no active accounts; stopping service.
I/Choreographer( 4538): Skipped 49 frames!  The application may be doing too much work on its main thread.
D/libgps  ( 4117): agps_set_server: Waiting for IPC connection - timeout
E/libgps  ( 4117): LIBGPS: Cannot communicate (write) with a GPSD
E/libgps  ( 4117): IPC Communication Error, /tmp/13632270_219420/customers/samsung/KGFEVOandroid/../../../proprietary/deliverables/android/gps_interface/../gps_interface/gpsi_client/GpsiClient.cpp:1556 agps_set_server
E/GpsLocationProvider( 4117): no GPS configuration interface in configuraiton_update
D/GpsLocationProvider( 4117): final config = #Wed Jul 15 07:51:41 GMT+00:00 2015
D/GpsLocationProvider( 4117): SUPL_HOST=supl.google.com
D/GpsLocationProvider( 4117): XTRA_SERVER_3=http\://xtrapath3.izatcloud.net/xtra2.bin
D/GpsLocationProvider( 4117): XTRA_SERVER_1=http\://xtrapath1.izatcloud.net/xtra2.bin
D/GpsLocationProvider( 4117): SUPL_PORT=7276
D/GpsLocationProvider( 4117): XTRA_VERSION_CHECK=0
D/GpsLocationProvider( 4117): DEBUG_LEVEL=2
D/GpsLocationProvider( 4117): XTRA_SERVER_2=http\://xtrapath2.izatcloud.net/xtra2.bin
D/GpsLocationProvider( 4117): SUPL_ES=1
D/GpsLocationProvider( 4117): NMEA_PROVIDER=1
D/GpsLocationProvider( 4117): CAPABILITIES=0x37
D/GpsLocationProvider( 4117): SUPL_VER=0x10000
D/GpsLocationProvider( 4117): ERR_ESTIMATE=0
D/GpsLocationProvider( 4117): A_GLONASS_POS_PROTOCOL_SELECT=0 \#Sensor R&D \: This will not be injected to MODEM
D/GpsLocationProvider( 4117): INTERMEDIATE_POS=0
D/GpsLocationProvider( 4117): SGLTE_TARGET=0
D/GpsLocationProvider( 4117): LPP_PROFILE=0 \# Sensor R&D \: This will not be injected to MODEM
D/GpsLocationProvider( 4117): NTP_SERVER=ru.pool.ntp.org
D/GpsLocationProvider( 4117): SUPL_MODE=1
W/ServiceWatcher( 4117): com.google.android.gms not found
W/ServiceWatcher( 4117): com.google.android.gms not found
W/LocationManagerService( 4117): no network location provider found
W/ServiceWatcher( 4117): com.google.android.gms not found
W/ServiceWatcher( 4117): com.google.android.gms not found
E/LocationManagerService( 4117): no geocoder provider found
E/FlpHardwareProvider( 4117): Error hw_get_module 'flp': -2
E/LocationManagerService( 4117): FLP HAL not supported
W/ServiceWatcher( 4117): com.google.android.gms not found
E/LocationManagerService( 4117): Unable to bind FLP Geofence proxy.
E/ActivityRecognitionHardware( 4117): Error hw_get_module: -2
E/LocationManagerService( 4117): Hardware Activity-Recognition not supported.
W/ResourcesManager( 4117): Asset path '/system/framework/com.android.location.provider.jar' does not exist or contains no resources.
D/gpsd    ( 3697): WakeLock(Acquire,GPSD)
D/gpsd    ( 3697): WakeLock(Release,GPSD)
D/libgps  ( 4117): SendGpsExtensionMessage: Waiting for IPC connection...
I/CommonTimeManagementService( 4117): No common time service detected on this platform.  Common time services will be unavailable.
D/libgps  ( 4117): Restore last known AGPS server state
I/InputReader( 4117): Reconfiguring input devices.  changes=0x00000040
D/libgps  ( 4117): GeofenceControllerStateWaitForConnection: EXIT
D/libgps  ( 4117): GeofenceControllerStateConnected: ENTRY
D/gpsd    ( 3697): WakeLock(Acquire,GPSD)
D/gpsd    ( 3697): WakeLock(Release,GPSD)
D/gpsd    ( 3697): WakeLock(Acquire,GPSD)
D/gpsd    ( 3697): WakeLock(Release,GPSD)
I/MmsServiceBroker( 4117): Connecting to MmsService
D/gpsd    ( 3697): WakeLock(Acquire,GPSD)
D/gpsd    ( 3697): WakeLock(Release,GPSD)
D/gpsd    ( 3697): WakeLock(Acquire,GPSD)
D/GpsLocationProvider( 4117): set_capabilities_callback: 38u
D/gpsd    ( 3697): WakeLock(Release,GPSD)
W/ContextImpl( 4117): Calling a method in the system process without a qualified user: android.app.ContextImpl.bindService:1790 com.android.server.MmsServiceBroker.tryConnecting:134 com.android.server.MmsServiceBroker.systemRunning:121 com.android.server.SystemServer$2.run:1345 com.android.server.am.ActivityManagerService.systemReady:11460 
D/gpsd    ( 3697): WakeLock(Acquire,GPSD)
D/gpsd    ( 3697): WakeLock(Release,GPSD)
V/WiredAccessoryManager( 4117): init()
I/InputReader( 4117): Reconfiguring input devices.  changes=0x00000020
E/cutils  ( 4980): Failed to mkdir(/mnt/shell/emulated/0): Read-only file system
W/Zygote  ( 4980): Failed to mount emulated storage: 30
D/gpsd    ( 3697): WakeLock(Acquire,GPSD)
D/gpsd    ( 3697): WakeLock(Release,GPSD)
D/gpsd    ( 3697): WakeLock(Acquire,GPSD)
D/gpsd    ( 3697): WakeLock(Release,GPSD)
I/ActivityManager( 4117): Start proc com.android.phone for service com.android.mms.service/.MmsService: pid=4980 uid=1001 gids={41001, 9997, 3002, 3001, 3003, 1028, 1015} abi=armeabi-v7a
D/com.android.server.ThemeService( 4117): Previous api level not found. First time booting?
D/com.android.server.ThemeService( 4117): Prev api level was: -1, api is now: 21
D/com.android.server.ThemeService( 4117): The system has been upgraded to a theme new api, checking if currently set theme is compatible
E/cutils  ( 5002): Failed to mkdir(/mnt/shell/emulated/0): Read-only file system
W/Zygote  ( 5002): Failed to mount emulated storage: 30
I/ActivityManager( 4117): Start proc org.cyanogenmod.themes.provider for content provider org.cyanogenmod.themes.provider/.ThemesProvider: pid=5002 uid=10017 gids={50017, 9997, 3003} abi=armeabi-v7a
I/FusedLocation( 4117): engine started (com.android.location.fused)
D/ThemesProvider( 5002): Deleted 0
D/com.android.server.ThemeService( 4117): Current overlay theme is same as default. Not doing anything for mods_status_bar
D/com.android.server.ThemeService( 4117): Current overlay theme is same as default. Not doing anything for mods_navigation_bar
D/com.android.server.ThemeService( 4117): Current overlay theme is same as default. Not doing anything for mods_overlays
D/com.android.server.ThemeService( 4117): Current theme is compatible with the system. Not unapplying anything
E/PackageManager( 4117): Unable to find icon pack: system
W/VoiceInteractionManagerService( 4117): no available voice interaction services found for user 0
W/VoiceInteractionManagerService( 4117): no available voice recognition services found for user 0
E/cutils  ( 5027): Failed to mkdir(/mnt/shell/emulated/0): Read-only file system
W/Zygote  ( 5027): Failed to mount emulated storage: 30
I/ActivityManager( 4117): Start proc com.android.incallui for added application com.android.incallui: pid=5027 uid=10008 gids={50008, 9997, 3003, 1028, 1015} abi=armeabi-v7a
E/cutils  ( 5047): Failed to mkdir(/mnt/shell/emulated/0): Read-only file system
W/Zygote  ( 5047): Failed to mount emulated storage: 30
I/ActivityManager( 4117): Start proc org.cyanogenmod.audiofx for added application org.cyanogenmod.audiofx: pid=5047 uid=10000 gids={50000, 9997, 3003, 3002} abi=armeabi-v7a
E/cutils  ( 5070): Failed to mkdir(/mnt/shell/emulated/0): Read-only file system
W/Zygote  ( 5070): Failed to mount emulated storage: 30
I/ActivityManager( 4117): Start proc com.android.server.telecom for added application com.android.server.telecom: pid=5070 uid=1001 gids={41001, 9997, 3002, 3001, 3003, 1028, 1015} abi=armeabi-v7a
I/ActivityManager( 4117): START u0 {act=android.intent.action.MAIN cat=[android.intent.category.HOME] flg=0x10000000 cmp=com.android.settings/.CryptKeeper} from uid 0 on display 0
E/cutils  ( 5093): Failed to mkdir(/mnt/shell/emulated/0): Read-only file system
W/Zygote  ( 5093): Failed to mount emulated storage: 30
I/ActivityManager( 4117): Start proc com.android.settings for activity com.android.settings/.CryptKeeper: pid=5093 uid=1000 gids={41000, 9997, 3003, 1028, 1015, 3002, 3001} abi=armeabi-v7a
W/SurfaceFlinger( 3688): Ignoring duplicate VSYNC event from HWC (t=29070416878)
E/cutils  ( 5125): Failed to mkdir(/mnt/shell/emulated/0): Read-only file system
W/Zygote  ( 5125): Failed to mount emulated storage: 30
I/ActivityManager( 4117): Start proc com.android.printspooler for service com.android.printspooler/.model.PrintSpoolerService: pid=5125 uid=10050 gids={50050, 9997} abi=armeabi-v7a
D/MmsService( 4980): onCreate
I/art     ( 3700): Explicit concurrent mark sweep GC freed 709(30KB) AllocSpace objects, 0(0B) LOS objects, 40% free, 15MB/25MB, paused 255us total 12.104ms
I/art     ( 3700): Explicit concurrent mark sweep GC freed 5(160B) AllocSpace objects, 0(0B) LOS objects, 40% free, 15MB/25MB, paused 197us total 11.367ms
I/art     ( 3700): Explicit concurrent mark sweep GC freed 5(160B) AllocSpace objects, 0(0B) LOS objects, 40% free, 15MB/25MB, paused 227us total 11.102ms
D/GpsNetInitiatedHandler( 4117): location enabled :true
E/cutils  ( 5152): Failed to mkdir(/mnt/shell/emulated/0): Read-only file system
W/Zygote  ( 5152): Failed to mount emulated storage: 30
I/ActivityManager( 4117): Start proc android.process.media for broadcast com.android.providers.media/.MtpReceiver: pid=5152 uid=10009 gids={50009, 9997, 1028, 1015, 1023, 1024, 2001, 3003, 3007} abi=armeabi-v7a
I/MmsService( 4980): MmsConfigManager.loadInBackground(): mcc/mnc: 0/0
E/MmsService( 4980): MmsConfigManager.load -- empty getActiveSubInfoList
V/StatusBar( 4538): userId 0 is in the house
D/Telecom ( 5070): MissedCallNotifier: updateOnStartup()...
W/AppWidgetServiceImpl( 4117): Failed to read state: java.io.FileNotFoundException: /data/system/users/0/appwidgets.xml: open failed: ENOENT (No such file or directory)
V/AppWidgetServiceImpl( 4117): Upgrading widget database from 0 to 1
I/PrintSpoolerService( 5125): No existing print spooler state.
D/BluetoothManagerService( 4117): Message: 300
D/BluetoothManagerService( 4117): MESSAGE_USER_SWITCHED
E/AudioPolicyManager( 3691): getDeviceForStrategy() speaker device not found for STRATEGY_SONIFICATION
E/AudioPolicyManager( 3691): getDeviceForStrategy() speaker device not found for STRATEGY_SONIFICATION
E/AudioPolicyManager( 3691): getDeviceForStrategy() speaker device not found for STRATEGY_SONIFICATION
E/AudioPolicyManager( 3691): getDeviceForStrategy() speaker device not found for STRATEGY_SONIFICATION
D/BluetoothManagerService( 4117): Message: 20
D/BluetoothManagerService( 4117): Added callback: android.bluetooth.IBluetoothManagerCallback$Stub$Proxy@1641573b:true
D/BluetoothManagerService( 4117): Message: 30
I/ActivityManager( 4117): START u0 {act=android.intent.action.MAIN cat=[android.intent.category.HOME] flg=0x10000000 cmp=com.cyanogenmod.setupwizard/.ui.SetupWizardActivity} from uid 0 on display 0
E/Minikin ( 3700): addFont failed to create font /system/fonts/NotoSansGujarati-Regular.ttf
E/Minikin ( 3700): addFont failed to create font /system/fonts/NotoSansGujarati-Bold.ttf
E/Minikin ( 3700): addFont failed to create font /system/fonts/NotoSansGujaratiUI-Regular.ttf
E/Minikin ( 3700): addFont failed to create font /system/fonts/NotoSansGujaratiUI-Bold.ttf
E/Minikin ( 3700): addFont failed to create font /system/fonts/NotoSansGurmukhi-Regular.ttf
E/Minikin ( 3700): addFont failed to create font /system/fonts/NotoSansGurmukhi-Bold.ttf
E/Minikin ( 3700): addFont failed to create font /system/fonts/NotoSansGurmukhiUI-Regular.ttf
E/Minikin ( 3700): addFont failed to create font /system/fonts/NotoSansGurmukhiUI-Bold.ttf
E/Minikin ( 3700): addFont failed to create font /system/fonts/NotoSansSinhala-Regular.ttf
E/Minikin ( 3700): addFont failed to create font /system/fonts/NotoSansSinhala-Bold.ttf
E/Minikin ( 3700): addFont failed to create font /system/fonts/NotoSansCherokee-Regular.ttf
E/Minikin ( 3700): addFont failed to create font /system/fonts/NotoSansCanadianAboriginal-Regular.ttf
E/Minikin ( 3700): addFont failed to create font /system/fonts/NotoSansYi-Regular.ttf
E/Minikin ( 3700): addFont failed to create font /system/fonts/NotoSansHans-Regular.otf
E/Minikin ( 3700): addFont failed to create font /system/fonts/NotoSansHant-Regular.otf
E/Minikin ( 3700): addFont failed to create font /system/fonts/NotoSansJP-Regular.otf
E/Minikin ( 3700): addFont failed to create font /system/fonts/NotoSansKR-Regular.otf
E/cutils  ( 5189): Failed to mkdir(/mnt/shell/emulated/0): Read-only file system
W/Zygote  ( 5189): Failed to mount emulated storage: 30
I/ActivityManager( 4117): Start proc com.cyanogenmod.setupwizard for activity com.cyanogenmod.setupwizard/.ui.SetupWizardActivity: pid=5189 uid=1000 gids={41000, 9997, 3003, 1028, 1015, 3002, 3001} abi=armeabi-v7a
I/MmsServiceBroker( 4117): MmsService connected
D/Telecom ( 5070): ProximitySensorManager: onCreate: mProximityWakeLock: 
D/Telecom ( 5070): MissedCallNotifier: onQueryComplete()...
D/Telecom ( 5070): BluetoothPhoneService: onCreate
D/BluetoothManagerService( 4117): Message: 30
I/MediaProvider( 5152): Upgrading media database from version 0 to 701, which will destroy all old data
I/ActivityManager( 4117): Config changes=300000 {1.0 ?mcc?mnc en_US ldltr sw360dp w360dp h615dp 480dpi nrml long port finger -keyb/v/h -nav/h s.7 themeResource=themes:{default=overlay:system, iconPack:system, fontPkg:system, com.android.systemui=overlay:system, com.android.systemui.navbar=overlay:system}}
D/com.android.server.ThemeService( 4117): Force stopping com.android.provision for theme change
I/ActivityManager( 4117): Force stopping com.android.provision appid=10051 user=0: from pid 4117
D/ActivityManager( 4117): Storing locale en-US for decryption UI
D/MediaProvider( 5152): Adjusting external storage paths to: /storage/emulated/0
E/Minikin ( 4117): addFont failed to create font /system/fonts/NotoSansGujarati-Regular.ttf
E/Minikin ( 4117): addFont failed to create font /system/fonts/NotoSansGujarati-Bold.ttf
E/Minikin ( 4117): addFont failed to create font /system/fonts/NotoSansGujaratiUI-Regular.ttf
E/Minikin ( 4117): addFont failed to create font /system/fonts/NotoSansGujaratiUI-Bold.ttf
E/Minikin ( 4117): addFont failed to create font /system/fonts/NotoSansGurmukhi-Regular.ttf
E/Minikin ( 4117): addFont failed to create font /system/fonts/NotoSansGurmukhi-Bold.ttf
E/Minikin ( 4117): addFont failed to create font /system/fonts/NotoSansGurmukhiUI-Regular.ttf
E/Minikin ( 4117): addFont failed to create font /system/fonts/NotoSansGurmukhiUI-Bold.ttf
E/Minikin ( 4798): addFont failed to create font /system/fonts/NotoSansGujarati-Regular.ttf
E/Minikin ( 4798): addFont failed to create font /system/fonts/NotoSansGujarati-Bold.ttf
E/Minikin ( 4798): addFont failed to create font /system/fonts/NotoSansGujaratiUI-Regular.ttf
E/Minikin ( 4798): addFont failed to create font /system/fonts/NotoSansGujaratiUI-Bold.ttf
E/Minikin ( 4798): addFont failed to create font /system/fonts/NotoSansGurmukhi-Regular.ttf
E/Minikin ( 4798): addFont failed to create font /system/fonts/NotoSansGurmukhi-Bold.ttf
E/Minikin ( 4798): addFont failed to create font /system/fonts/NotoSansGurmukhiUI-Regular.ttf
E/Minikin ( 4798): addFont failed to create font /system/fonts/NotoSansGurmukhiUI-Bold.ttf
E/Minikin ( 4798): addFont failed to create font /system/fonts/NotoSansSinhala-Regular.ttf
E/Minikin ( 4798): addFont failed to create font /system/fonts/NotoSansSinhala-Bold.ttf
E/Minikin ( 4798): addFont failed to create font /system/fonts/NotoSansCherokee-Regular.ttf
E/Minikin ( 4798): addFont failed to create font /system/fonts/NotoSansCanadianAboriginal-Regular.ttf
E/Minikin ( 4798): addFont failed to create font /system/fonts/NotoSansYi-Regular.ttf
E/Minikin ( 4798): addFont failed to create font /system/fonts/NotoSansHans-Regular.otf
E/Minikin ( 4798): addFont failed to create font /system/fonts/NotoSansHant-Regular.otf
E/Minikin ( 4798): addFont failed to create font /system/fonts/NotoSansJP-Regular.otf
E/Minikin ( 4798): addFont failed to create font /system/fonts/NotoSansKR-Regular.otf
E/Minikin ( 5125): addFont failed to create font /system/fonts/NotoSansGujarati-Regular.ttf
E/Minikin ( 5125): addFont failed to create font /system/fonts/NotoSansGujarati-Bold.ttf
E/Minikin ( 5125): addFont failed to create font /system/fonts/NotoSansGujaratiUI-Regular.ttf
E/Minikin ( 5125): addFont failed to create font /system/fonts/NotoSansGujaratiUI-Bold.ttf
E/Minikin ( 5125): addFont failed to create font /system/fonts/NotoSansGurmukhi-Regular.ttf
E/Minikin ( 5125): addFont failed to create font /system/fonts/NotoSansGurmukhi-Bold.ttf
E/Minikin ( 5125): addFont failed to create font /system/fonts/NotoSansGurmukhiUI-Regular.ttf
E/Minikin ( 5125): addFont failed to create font /system/fonts/NotoSansGurmukhiUI-Bold.ttf
E/Minikin ( 5047): addFont failed to create font /system/fonts/NotoSansGujarati-Regular.ttf
E/Minikin ( 5047): addFont failed to create font /system/fonts/NotoSansGujarati-Bold.ttf
E/Minikin ( 5047): addFont failed to create font /system/fonts/NotoSansGujaratiUI-Regular.ttf
E/Minikin ( 5047): addFont failed to create font /system/fonts/NotoSansGujaratiUI-Bold.ttf
E/Minikin ( 5047): addFont failed to create font /system/fonts/NotoSansGurmukhi-Regular.ttf
E/Minikin ( 5047): addFont failed to create font /system/fonts/NotoSansGurmukhi-Bold.ttf
E/Minikin ( 5047): addFont failed to create font /system/fonts/NotoSansGurmukhiUI-Regular.ttf
E/Minikin ( 5047): addFont failed to create font /system/fonts/NotoSansGurmukhiUI-Bold.ttf
E/Minikin ( 5125): addFont failed to create font /system/fonts/NotoSansSinhala-Regular.ttf
E/Minikin ( 5125): addFont failed to create font /system/fonts/NotoSansSinhala-Bold.ttf
E/Minikin ( 5125): addFont failed to create font /system/fonts/NotoSansCherokee-Regular.ttf
E/Minikin ( 5125): addFont failed to create font /system/fonts/NotoSansCanadianAboriginal-Regular.ttf
E/Minikin ( 5125): addFont failed to create font /system/fonts/NotoSansYi-Regular.ttf
E/Minikin ( 5125): addFont failed to create font /system/fonts/NotoSansHans-Regular.otf
E/Minikin ( 5125): addFont failed to create font /system/fonts/NotoSansHant-Regular.otf
E/Minikin ( 5125): addFont failed to create font /system/fonts/NotoSansJP-Regular.otf
E/Minikin ( 5125): addFont failed to create font /system/fonts/NotoSansKR-Regular.otf
E/Minikin ( 5047): addFont failed to create font /system/fonts/NotoSansSinhala-Regular.ttf
E/Minikin ( 5047): addFont failed to create font /system/fonts/NotoSansSinhala-Bold.ttf
E/Minikin ( 5047): addFont failed to create font /system/fonts/NotoSansCherokee-Regular.ttf
E/Minikin ( 5047): addFont failed to create font /system/fonts/NotoSansCanadianAboriginal-Regular.ttf
E/Minikin ( 5047): addFont failed to create font /system/fonts/NotoSansYi-Regular.ttf
E/Minikin ( 5047): addFont failed to create font /system/fonts/NotoSansHans-Regular.otf
E/Minikin ( 5047): addFont failed to create font /system/fonts/NotoSansHant-Regular.otf
E/Minikin ( 5047): addFont failed to create font /system/fonts/NotoSansJP-Regular.otf
E/Minikin ( 5047): addFont failed to create font /system/fonts/NotoSansKR-Regular.otf
E/Minikin ( 4117): addFont failed to create font /system/fonts/NotoSansSinhala-Regular.ttf
E/Minikin ( 4117): addFont failed to create font /system/fonts/NotoSansSinhala-Bold.ttf
E/Minikin ( 4117): addFont failed to create font /system/fonts/NotoSansCherokee-Regular.ttf
E/Minikin ( 4117): addFont failed to create font /system/fonts/NotoSansCanadianAboriginal-Regular.ttf
E/Minikin ( 4117): addFont failed to create font /system/fonts/NotoSansYi-Regular.ttf
E/Minikin ( 4117): addFont failed to create font /system/fonts/NotoSansHans-Regular.otf
E/Minikin ( 4117): addFont failed to create font /system/fonts/NotoSansHant-Regular.otf
E/Minikin ( 4117): addFont failed to create font /system/fonts/NotoSansJP-Regular.otf
E/Minikin ( 4117): addFont failed to create font /system/fonts/NotoSansKR-Regular.otf
E/Minikin ( 5093): addFont failed to create font /system/fonts/NotoSansGujarati-Regular.ttf
E/Minikin ( 5093): addFont failed to create font /system/fonts/NotoSansGujarati-Bold.ttf
E/Minikin ( 5093): addFont failed to create font /system/fonts/NotoSansGujaratiUI-Regular.ttf
E/Minikin ( 5093): addFont failed to create font /system/fonts/NotoSansGujaratiUI-Bold.ttf
E/Minikin ( 5093): addFont failed to create font /system/fonts/NotoSansGurmukhi-Regular.ttf
E/Minikin ( 5093): addFont failed to create font /system/fonts/NotoSansGurmukhi-Bold.ttf
E/Minikin ( 5093): addFont failed to create font /system/fonts/NotoSansGurmukhiUI-Regular.ttf
E/Minikin ( 5093): addFont failed to create font /system/fonts/NotoSansGurmukhiUI-Bold.ttf
E/Minikin ( 5093): addFont failed to create font /system/fonts/NotoSansSinhala-Regular.ttf
E/Minikin ( 5093): addFont failed to create font /system/fonts/NotoSansSinhala-Bold.ttf
E/Minikin ( 5070): addFont failed to create font /system/fonts/NotoSansGujarati-Regular.ttf
E/Minikin ( 5070): addFont failed to create font /system/fonts/NotoSansGujarati-Bold.ttf
E/Minikin ( 5070): addFont failed to create font /system/fonts/NotoSansGujaratiUI-Regular.ttf
E/Minikin ( 5070): addFont failed to create font /system/fonts/NotoSansGujaratiUI-Bold.ttf
E/Minikin ( 5093): addFont failed to create font /system/fonts/NotoSansCherokee-Regular.ttf
E/Minikin ( 5093): addFont failed to create font /system/fonts/NotoSansCanadianAboriginal-Regular.ttf
E/Minikin ( 5070): addFont failed to create font /system/fonts/NotoSansGurmukhi-Regular.ttf
E/Minikin ( 5093): addFont failed to create font /system/fonts/NotoSansYi-Regular.ttf
E/Minikin ( 5093): addFont failed to create font /system/fonts/NotoSansHans-Regular.otf
E/Minikin ( 5093): addFont failed to create font /system/fonts/NotoSansHant-Regular.otf
E/Minikin ( 5093): addFont failed to create font /system/fonts/NotoSansJP-Regular.otf
E/Minikin ( 5093): addFont failed to create font /system/fonts/NotoSansKR-Regular.otf
E/Minikin ( 5070): addFont failed to create font /system/fonts/NotoSansGurmukhi-Bold.ttf
E/Minikin ( 5070): addFont failed to create font /system/fonts/NotoSansGurmukhiUI-Regular.ttf
E/Minikin ( 5070): addFont failed to create font /system/fonts/NotoSansGurmukhiUI-Bold.ttf
E/Minikin ( 5070): addFont failed to create font /system/fonts/NotoSansSinhala-Regular.ttf
E/Minikin ( 5070): addFont failed to create font /system/fonts/NotoSansSinhala-Bold.ttf
E/Minikin ( 5070): addFont failed to create font /system/fonts/NotoSansCherokee-Regular.ttf
E/Minikin ( 5070): addFont failed to create font /system/fonts/NotoSansCanadianAboriginal-Regular.ttf
E/Minikin ( 5070): addFont failed to create font /system/fonts/NotoSansYi-Regular.ttf
E/Minikin ( 5070): addFont failed to create font /system/fonts/NotoSansHans-Regular.otf
E/Minikin ( 5070): addFont failed to create font /system/fonts/NotoSansHant-Regular.otf
E/Minikin ( 5070): addFont failed to create font /system/fonts/NotoSansJP-Regular.otf
E/Minikin ( 5070): addFont failed to create font /system/fonts/NotoSansKR-Regular.otf
E/Minikin ( 5027): addFont failed to create font /system/fonts/NotoSansGujarati-Regular.ttf
E/Minikin ( 5027): addFont failed to create font /system/fonts/NotoSansGujarati-Bold.ttf
E/Minikin ( 5027): addFont failed to create font /system/fonts/NotoSansGujaratiUI-Regular.ttf
E/Minikin ( 5027): addFont failed to create font /system/fonts/NotoSansGujaratiUI-Bold.ttf
E/Minikin ( 5027): addFont failed to create font /system/fonts/NotoSansGurmukhi-Regular.ttf
E/Minikin ( 5027): addFont failed to create font /system/fonts/NotoSansGurmukhi-Bold.ttf
E/Minikin ( 5027): addFont failed to create font /system/fonts/NotoSansGurmukhiUI-Regular.ttf
E/Minikin ( 5027): addFont failed to create font /system/fonts/NotoSansGurmukhiUI-Bold.ttf
E/Minikin ( 5027): addFont failed to create font /system/fonts/NotoSansSinhala-Regular.ttf
E/Minikin ( 5027): addFont failed to create font /system/fonts/NotoSansSinhala-Bold.ttf
E/Minikin ( 5027): addFont failed to create font /system/fonts/NotoSansCherokee-Regular.ttf
E/Minikin ( 5027): addFont failed to create font /system/fonts/NotoSansCanadianAboriginal-Regular.ttf
E/Minikin ( 5027): addFont failed to create font /system/fonts/NotoSansYi-Regular.ttf
E/Minikin ( 5027): addFont failed to create font /system/fonts/NotoSansHans-Regular.otf
E/Minikin ( 5027): addFont failed to create font /system/fonts/NotoSansHant-Regular.otf
E/Minikin ( 5027): addFont failed to create font /system/fonts/NotoSansJP-Regular.otf
E/Minikin ( 5027): addFont failed to create font /system/fonts/NotoSansKR-Regular.otf
E/Minikin ( 4980): addFont failed to create font /system/fonts/NotoSansGujarati-Regular.ttf
E/Minikin ( 4980): addFont failed to create font /system/fonts/NotoSansGujarati-Bold.ttf
E/Minikin ( 4980): addFont failed to create font /system/fonts/NotoSansGujaratiUI-Regular.ttf
E/Minikin ( 4980): addFont failed to create font /system/fonts/NotoSansGujaratiUI-Bold.ttf
E/Minikin ( 4980): addFont failed to create font /system/fonts/NotoSansGurmukhi-Regular.ttf
E/Minikin ( 4980): addFont failed to create font /system/fonts/NotoSansGurmukhi-Bold.ttf
E/Minikin ( 4980): addFont failed to create font /system/fonts/NotoSansGurmukhiUI-Regular.ttf
E/Minikin ( 4980): addFont failed to create font /system/fonts/NotoSansGurmukhiUI-Bold.ttf
E/Minikin ( 4980): addFont failed to create font /system/fonts/NotoSansSinhala-Regular.ttf
E/Minikin ( 4980): addFont failed to create font /system/fonts/NotoSansSinhala-Bold.ttf
E/Minikin ( 4538): addFont failed to create font /system/fonts/NotoSansGujarati-Regular.ttf
E/Minikin ( 4538): addFont failed to create font /system/fonts/NotoSansGujarati-Bold.ttf
E/Minikin ( 4538): addFont failed to create font /system/fonts/NotoSansGujaratiUI-Regular.ttf
E/Minikin ( 4538): addFont failed to create font /system/fonts/NotoSansGujaratiUI-Bold.ttf
E/Minikin ( 4538): addFont failed to create font /system/fonts/NotoSansGurmukhi-Regular.ttf
E/Minikin ( 4538): addFont failed to create font /system/fonts/NotoSansGurmukhi-Bold.ttf
E/Minikin ( 4538): addFont failed to create font /system/fonts/NotoSansGurmukhiUI-Regular.ttf
E/Minikin ( 4538): addFont failed to create font /system/fonts/NotoSansGurmukhiUI-Bold.ttf
E/Minikin ( 4980): addFont failed to create font /system/fonts/NotoSansCherokee-Regular.ttf
E/Minikin ( 4980): addFont failed to create font /system/fonts/NotoSansCanadianAboriginal-Regular.ttf
E/Minikin ( 4980): addFont failed to create font /system/fonts/NotoSansYi-Regular.ttf
E/Minikin ( 4980): addFont failed to create font /system/fonts/NotoSansHans-Regular.otf
E/Minikin ( 4980): addFont failed to create font /system/fonts/NotoSansHant-Regular.otf
E/Minikin ( 4980): addFont failed to create font /system/fonts/NotoSansJP-Regular.otf
E/Minikin ( 4980): addFont failed to create font /system/fonts/NotoSansKR-Regular.otf
E/Minikin ( 4538): addFont failed to create font /system/fonts/NotoSansSinhala-Regular.ttf
E/Minikin ( 4538): addFont failed to create font /system/fonts/NotoSansSinhala-Bold.ttf
E/SQLiteLog( 5152): (1) no such table: album_info
E/Minikin ( 4538): addFont failed to create font /system/fonts/NotoSansCherokee-Regular.ttf
E/Minikin ( 4538): addFont failed to create font /system/fonts/NotoSansCanadianAboriginal-Regular.ttf
E/Minikin ( 4538): addFont failed to create font /system/fonts/NotoSansYi-Regular.ttf
E/Minikin ( 4538): addFont failed to create font /system/fonts/NotoSansHans-Regular.otf
E/Minikin ( 4538): addFont failed to create font /system/fonts/NotoSansHant-Regular.otf
E/Minikin ( 4538): addFont failed to create font /system/fonts/NotoSansJP-Regular.otf
E/Minikin ( 4538): addFont failed to create font /system/fonts/NotoSansKR-Regular.otf
E/Minikin ( 4935): addFont failed to create font /system/fonts/NotoSansGujarati-Regular.ttf
E/Minikin ( 4935): addFont failed to create font /system/fonts/NotoSansGujarati-Bold.ttf
E/Minikin ( 4935): addFont failed to create font /system/fonts/NotoSansGujaratiUI-Regular.ttf
E/Minikin ( 4935): addFont failed to create font /system/fonts/NotoSansGujaratiUI-Bold.ttf
E/Minikin ( 4935): addFont failed to create font /system/fonts/NotoSansGurmukhi-Regular.ttf
E/Minikin ( 4935): addFont failed to create font /system/fonts/NotoSansGurmukhi-Bold.ttf
E/Minikin ( 4935): addFont failed to create font /system/fonts/NotoSansGurmukhiUI-Regular.ttf
E/Minikin ( 4935): addFont failed to create font /system/fonts/NotoSansGurmukhiUI-Bold.ttf
W/GooglePlayServicesUtil( 5189): Google Play services is missing.
E/Minikin ( 4935): addFont failed to create font /system/fonts/NotoSansSinhala-Regular.ttf
E/Minikin ( 4935): addFont failed to create font /system/fonts/NotoSansSinhala-Bold.ttf
E/Minikin ( 4935): addFont failed to create font /system/fonts/NotoSansCherokee-Regular.ttf
E/Minikin ( 4935): addFont failed to create font /system/fonts/NotoSansCanadianAboriginal-Regular.ttf
E/Minikin ( 4935): addFont failed to create font /system/fonts/NotoSansYi-Regular.ttf
E/Minikin ( 4935): addFont failed to create font /system/fonts/NotoSansHans-Regular.otf
E/Minikin ( 4935): addFont failed to create font /system/fonts/NotoSansHant-Regular.otf
E/Minikin ( 4935): addFont failed to create font /system/fonts/NotoSansJP-Regular.otf
E/Minikin ( 4935): addFont failed to create font /system/fonts/NotoSansKR-Regular.otf
W/ContextImpl( 5189): Calling a method in the system process without a qualified user: android.app.ContextImpl.bindService:1790 android.content.ContextWrapper.bindService:544 android.speech.tts.TextToSpeech.connectToEngine:800 android.speech.tts.TextToSpeech.initTts:770 android.speech.tts.TextToSpeech.<init>:723 
E/Minikin ( 4912): addFont failed to create font /system/fonts/NotoSansGujarati-Regular.ttf
E/Minikin ( 4912): addFont failed to create font /system/fonts/NotoSansGujarati-Bold.ttf
E/Minikin ( 4912): addFont failed to create font /system/fonts/NotoSansGujaratiUI-Regular.ttf
E/Minikin ( 4912): addFont failed to create font /system/fonts/NotoSansGujaratiUI-Bold.ttf
E/Minikin ( 4912): addFont failed to create font /system/fonts/NotoSansGurmukhi-Regular.ttf
E/Minikin ( 4912): addFont failed to create font /system/fonts/NotoSansGurmukhi-Bold.ttf
E/Minikin ( 4912): addFont failed to create font /system/fonts/NotoSansGurmukhiUI-Regular.ttf
E/Minikin ( 4912): addFont failed to create font /system/fonts/NotoSansGurmukhiUI-Bold.ttf
E/Minikin ( 4743): addFont failed to create font /system/fonts/NotoSansGujarati-Regular.ttf
E/Minikin ( 4743): addFont failed to create font /system/fonts/NotoSansGujarati-Bold.ttf
E/Minikin ( 4743): addFont failed to create font /system/fonts/NotoSansGujaratiUI-Regular.ttf
E/Minikin ( 4743): addFont failed to create font /system/fonts/NotoSansGujaratiUI-Bold.ttf
E/Minikin ( 4743): addFont failed to create font /system/fonts/NotoSansGurmukhi-Regular.ttf
E/Minikin ( 4743): addFont failed to create font /system/fonts/NotoSansGurmukhi-Bold.ttf
E/Minikin ( 4743): addFont failed to create font /system/fonts/NotoSansGurmukhiUI-Regular.ttf
E/Minikin ( 4743): addFont failed to create font /system/fonts/NotoSansGurmukhiUI-Bold.ttf
E/Minikin ( 4743): addFont failed to create font /system/fonts/NotoSansSinhala-Regular.ttf
E/Minikin ( 4743): addFont failed to create font /system/fonts/NotoSansSinhala-Bold.ttf
E/Minikin ( 4743): addFont failed to create font /system/fonts/NotoSansCherokee-Regular.ttf
E/Minikin ( 4743): addFont failed to create font /system/fonts/NotoSansCanadianAboriginal-Regular.ttf
E/Minikin ( 4743): addFont failed to create font /system/fonts/NotoSansYi-Regular.ttf
E/Minikin ( 4743): addFont failed to create font /system/fonts/NotoSansHans-Regular.otf
E/Minikin ( 4743): addFont failed to create font /system/fonts/NotoSansHant-Regular.otf
E/Minikin ( 4743): addFont failed to create font /system/fonts/NotoSansJP-Regular.otf
E/Minikin ( 4743): addFont failed to create font /system/fonts/NotoSansKR-Regular.otf
E/Minikin ( 4912): addFont failed to create font /system/fonts/NotoSansSinhala-Regular.ttf
E/Minikin ( 4912): addFont failed to create font /system/fonts/NotoSansSinhala-Bold.ttf
E/cutils  ( 5218): Failed to mkdir(/mnt/shell/emulated/0): Read-only file system
W/Zygote  ( 5218): Failed to mount emulated storage: 30
E/Minikin ( 4912): addFont failed to create font /system/fonts/NotoSansCherokee-Regular.ttf
