E/display ( 5206): invalid gralloc handle (at 0x0)
E/display ( 5206): invalid gralloc handle (at 0x0)
E/display ( 5206): invalid gralloc handle (at 0x0)
E/display ( 5206): invalid gralloc handle (at 0x0)
E/display ( 5206): invalid gralloc handle (at 0x0)
E/display ( 5206): invalid gralloc handle (at 0x0)
E/display ( 5206): invalid gralloc handle (at 0x0)
E/display ( 5206): invalid gralloc handle (at 0x0)
E/display ( 5206): invalid gralloc handle (at 0x0)
E/display ( 5206): invalid gralloc handle (at 0x0)
E/display ( 5206): invalid gralloc handle (at 0x0)
E/display ( 5206): invalid gralloc handle (at 0x0)
E/display ( 5206): invalid gralloc handle (at 0x0)
E/display ( 5206): invalid gralloc handle (at 0x0)
E/display ( 5206): invalid gralloc handle (at 0x0)
E/display ( 5206): invalid gralloc handle (at 0x0)
E/display ( 5206): invalid gralloc handle (at 0x0)
E/display ( 5206): invalid gralloc handle (at 0x0)
W/SurfaceFlinger( 5206): Ignoring duplicate VSYNC event from HWC (t=47850256296)
E/display ( 5206): invalid gralloc handle (at 0x0)
E/display ( 5206): invalid gralloc handle (at 0x0)
E/display ( 5206): invalid gralloc handle (at 0x0)
D/BootAnimation( 5240): Use save memory method, maybe small fps in actual.
E/display ( 5206): invalid gralloc handle (at 0x0)
E/display ( 5206): invalid gralloc handle (at 0x0)
E/display ( 5206): invalid gralloc handle (at 0x0)
E/display ( 5206): invalid gralloc handle (at 0x0)
E/display ( 5206): invalid gralloc handle (at 0x0)
E/display ( 5206): invalid gralloc handle (at 0x0)
E/display ( 5206): invalid gralloc handle (at 0x0)
E/display ( 5206): invalid gralloc handle (at 0x0)
W/SurfaceFlinger( 5206): Ignoring duplicate VSYNC event from HWC (t=48255117672)
E/display ( 5206): invalid gralloc handle (at 0x0)
E/display ( 5206): invalid gralloc handle (at 0x0)
E/display ( 5206): invalid gralloc handle (at 0x0)
E/display ( 5206): invalid gralloc handle (at 0x0)
E/display ( 5206): invalid gralloc handle (at 0x0)
E/display ( 5206): invalid gralloc handle (at 0x0)
E/display ( 5206): invalid gralloc handle (at 0x0)
E/display ( 5206): invalid gralloc handle (at 0x0)
E/display ( 5206): invalid gralloc handle (at 0x0)
E/display ( 5206): invalid gralloc handle (at 0x0)
E/display ( 5206): invalid gralloc handle (at 0x0)
E/display ( 5206): invalid gralloc handle (at 0x0)
E/display ( 5206): invalid gralloc handle (at 0x0)
E/display ( 5206): invalid gralloc handle (at 0x0)
E/display ( 5206): invalid gralloc handle (at 0x0)
E/display ( 5206): invalid gralloc handle (at 0x0)
E/display ( 5206): invalid gralloc handle (at 0x0)
E/display ( 5206): invalid gralloc handle (at 0x0)
E/display ( 5206): invalid gralloc handle (at 0x0)
E/display ( 5206): invalid gralloc handle (at 0x0)
E/display ( 5206): invalid gralloc handle (at 0x0)
E/display ( 5206): invalid gralloc handle (at 0x0)
E/display ( 5206): invalid gralloc handle (at 0x0)
E/display ( 5206): invalid gralloc handle (at 0x0)
E/display ( 5206): invalid gralloc handle (at 0x0)
E/display ( 5206): invalid gralloc handle (at 0x0)
E/display ( 5206): invalid gralloc handle (at 0x0)
E/display ( 5206): invalid gralloc handle (at 0x0)
E/display ( 5206): invalid gralloc handle (at 0x0)
E/display ( 5206): invalid gralloc handle (at 0x0)
E/display ( 5206): invalid gralloc handle (at 0x0)
E/display ( 5206): invalid gralloc handle (at 0x0)
E/display ( 5206): invalid gralloc handle (at 0x0)
E/display ( 5206): invalid gralloc handle (at 0x0)
E/display ( 5206): invalid gralloc handle (at 0x0)
E/display ( 5206): invalid gralloc handle (at 0x0)
E/display ( 5206): invalid gralloc handle (at 0x0)
E/display ( 5206): invalid gralloc handle (at 0x0)
E/display ( 5206): invalid gralloc handle (at 0x0)
E/display ( 5206): invalid gralloc handle (at 0x0)
E/display ( 5206): invalid gralloc handle (at 0x0)
E/display ( 5206): invalid gralloc handle (at 0x0)
E/display ( 5206): invalid gralloc handle (at 0x0)
E/display ( 5206): invalid gralloc handle (at 0x0)
E/display ( 5206): invalid gralloc handle (at 0x0)
E/display ( 5206): invalid gralloc handle (at 0x0)
E/display ( 5206): invalid gralloc handle (at 0x0)
E/display ( 5206): invalid gralloc handle (at 0x0)
E/display ( 5206): invalid gralloc handle (at 0x0)
E/display ( 5206): invalid gralloc handle (at 0x0)
E/display ( 5206): invalid gralloc handle (at 0x0)
E/display ( 5206): invalid gralloc handle (at 0x0)
E/display ( 5206): invalid gralloc handle (at 0x0)
E/display ( 5206): invalid gralloc handle (at 0x0)
E/display ( 5206): invalid gralloc handle (at 0x0)
E/display ( 5206): invalid gralloc handle (at 0x0)
E/display ( 5206): invalid gralloc handle (at 0x0)
E/display ( 5206): invalid gralloc handle (at 0x0)
E/display ( 5206): invalid gralloc handle (at 0x0)
E/display ( 5206): invalid gralloc handle (at 0x0)
E/display ( 5206): invalid gralloc handle (at 0x0)
E/display ( 5206): invalid gralloc handle (at 0x0)
E/display ( 5206): invalid gralloc handle (at 0x0)
E/display ( 5206): invalid gralloc handle (at 0x0)
E/display ( 5206): invalid gralloc handle (at 0x0)
E/display ( 5206): invalid gralloc handle (at 0x0)
E/display ( 5206): invalid gralloc handle (at 0x0)
E/display ( 5206): invalid gralloc handle (at 0x0)
E/display ( 5206): invalid gralloc handle (at 0x0)
E/display ( 5206): invalid gralloc handle (at 0x0)
E/display ( 5206): invalid gralloc handle (at 0x0)
E/display ( 5206): invalid gralloc handle (at 0x0)
I/Netd    ( 5406): Netd 1.0 starting
E/Netd    ( 5406): Failed to open /proc/sys/net/ipv6/conf/default/accept_ra_rt_table: No such file or directory
E/Netd    ( 5406): Failed to open /proc/sys/net/ipv6/conf/ip6tnl0/accept_ra_rt_table: No such file or directory
E/Netd    ( 5406): Failed to open /proc/sys/net/ipv6/conf/lo/accept_ra_rt_table: No such file or directory
E/Netd    ( 5406): Failed to open /proc/sys/net/ipv6/conf/rmnet0/accept_ra_rt_table: No such file or directory
E/Netd    ( 5406): Failed to open /proc/sys/net/ipv6/conf/rmnet1/accept_ra_rt_table: No such file or directory
E/Netd    ( 5406): Failed to open /proc/sys/net/ipv6/conf/rmnet2/accept_ra_rt_table: No such file or directory
E/Netd    ( 5406): Failed to open /proc/sys/net/ipv6/conf/rmnet3/accept_ra_rt_table: No such file or directory
E/Netd    ( 5406): Failed to open /proc/sys/net/ipv6/conf/sit0/accept_ra_rt_table: No such file or directory
W/auditd  ( 3702): type=1325 audit(0.0:1350): table=filter family=2 entries=40
W/iptables( 5410): type=1300 audit(0.0:1350): arch=40000028 syscall=294 per=800000 success=yes exit=0 a0=4 a1=0 a2=40 a3=b6c25000 items=0 ppid=5406 auid=4294967295 uid=0 gid=0 euid=0 suid=0 fsuid=0 egid=0 sgid=0 fsgid=0 ses=4294967295 tty=(none) exe="/system/bin/iptables" key=(null)
W/auditd  ( 3702): type=1320 audit(0.0:1350): 
E/display ( 5206): invalid gralloc handle (at 0x0)
W/auditd  ( 3702): type=1325 audit(0.0:1351): table=filter family=10 entries=38
W/ip6tables( 5411): type=1300 audit(0.0:1351): arch=40000028 syscall=294 per=800000 success=yes exit=0 a0=4 a1=29 a2=40 a3=b6c29000 items=0 ppid=5406 auid=4294967295 uid=0 gid=0 euid=0 suid=0 fsuid=0 egid=0 sgid=0 fsgid=0 ses=4294967295 tty=(none) exe="/system/bin/ip6tables" key=(null)
W/auditd  ( 3702): type=1320 audit(0.0:1351): 
W/auditd  ( 3702): type=1325 audit(0.0:1352): table=filter family=2 entries=39
W/iptables( 5412): type=1300 audit(0.0:1352): arch=40000028 syscall=294 per=800000 success=yes exit=0 a0=4 a1=0 a2=40 a3=b6c22000 items=0 ppid=5406 auid=4294967295 uid=0 gid=0 euid=0 suid=0 fsuid=0 egid=0 sgid=0 fsgid=0 ses=4294967295 tty=(none) exe="/system/bin/iptables" key=(null)
W/auditd  ( 3702): type=1320 audit(0.0:1352): 
E/display ( 5206): invalid gralloc handle (at 0x0)
W/auditd  ( 3702): type=1325 audit(0.0:1353): table=filter family=10 entries=37
W/ip6tables( 5413): type=1300 audit(0.0:1353): arch=40000028 syscall=294 per=800000 success=yes exit=0 a0=4 a1=29 a2=40 a3=b6c23000 items=0 ppid=5406 auid=4294967295 uid=0 gid=0 euid=0 suid=0 fsuid=0 egid=0 sgid=0 fsgid=0 ses=4294967295 tty=(none) exe="/system/bin/ip6tables" key=(null)
W/auditd  ( 3702): type=1320 audit(0.0:1353): 
W/auditd  ( 3702): type=1325 audit(0.0:1354): table=filter family=2 entries=39
W/iptables( 5414): type=1300 audit(0.0:1354): arch=40000028 syscall=294 per=800000 success=yes exit=0 a0=4 a1=0 a2=40 a3=b6c22000 items=0 ppid=5406 auid=4294967295 uid=0 gid=0 euid=0 suid=0 fsuid=0 egid=0 sgid=0 fsgid=0 ses=4294967295 tty=(none) exe="/system/bin/iptables" key=(null)
W/auditd  ( 3702): type=1320 audit(0.0:1354): 
W/auditd  ( 3702): type=1325 audit(0.0:1355): table=filter family=10 entries=37
W/ip6tables( 5415): type=1300 audit(0.0:1355): arch=40000028 syscall=294 per=800000 success=yes exit=0 a0=4 a1=29 a2=40 a3=b6c23000 items=0 ppid=5406 auid=4294967295 uid=0 gid=0 euid=0 suid=0 fsuid=0 egid=0 sgid=0 fsgid=0 ses=4294967295 tty=(none) exe="/system/bin/ip6tables" key=(null)
W/auditd  ( 3702): type=1320 audit(0.0:1355): 
E/display ( 5206): invalid gralloc handle (at 0x0)
W/auditd  ( 3702): type=1325 audit(0.0:1356): table=filter family=2 entries=37
W/iptables( 5416): type=1300 audit(0.0:1356): arch=40000028 syscall=294 per=800000 success=yes exit=0 a0=4 a1=0 a2=40 a3=b6c22000 items=0 ppid=5406 auid=4294967295 uid=0 gid=0 euid=0 suid=0 fsuid=0 egid=0 sgid=0 fsgid=0 ses=4294967295 tty=(none) exe="/system/bin/iptables" key=(null)
E/display ( 5206): invalid gralloc handle (at 0x0)
D/AndroidRuntime( 5409): 
D/AndroidRuntime( 5409): >>>>>> AndroidRuntime START com.android.internal.os.ZygoteInit <<<<<<
D/AndroidRuntime( 5409): CheckJNI is OFF
I/art     ( 5409): option[0]=-Xzygote
I/art     ( 5409): option[1]=-Xstacktracefile:/data/anr/traces.txt
I/art     ( 5409): option[2]=exit
I/art     ( 5409): option[3]=vfprintf
I/art     ( 5409): option[4]=sensitiveThread
I/art     ( 5409): option[5]=-verbose:gc
I/art     ( 5409): option[6]=-Xms8m
I/art     ( 5409): option[7]=-Xmx512m
I/art     ( 5409): option[8]=-XX:mainThreadStackSize=24K
I/art     ( 5409): option[9]=-XX:HeapGrowthLimit=128m
I/art     ( 5409): option[10]=-XX:HeapMinFree=2m
I/art     ( 5409): option[11]=-XX:HeapMaxFree=8m
I/art     ( 5409): option[12]=-XX:HeapTargetUtilization=0.75
I/art     ( 5409): option[13]=-agentlib:jdwp=transport=dt_android_adb,suspend=n,server=y
I/art     ( 5409): option[14]=-Xlockprofthreshold:500
I/art     ( 5409): option[15]=-Ximage-compiler-option
I/art     ( 5409): option[16]=--runtime-arg
I/art     ( 5409): option[17]=-Ximage-compiler-option
I/art     ( 5409): option[18]=-Xms64m
I/art     ( 5409): option[19]=-Ximage-compiler-option
I/art     ( 5409): option[20]=--runtime-arg
I/art     ( 5409): option[21]=-Ximage-compiler-option
I/art     ( 5409): option[22]=-Xmx64m
I/art     ( 5409): option[23]=-Ximage-compiler-option
I/art     ( 5409): option[24]=--image-classes-zip=/system/framework/framework.jar
I/art     ( 5409): option[25]=-Ximage-compiler-option
I/art     ( 5409): option[26]=--image-classes=preloaded-classes
I/art     ( 5409): option[27]=-Xcompiler-option
I/art     ( 5409): option[28]=--runtime-arg
I/art     ( 5409): option[29]=-Xcompiler-option
I/art     ( 5409): option[30]=-Xms64m
I/art     ( 5409): option[31]=-Xcompiler-option
I/art     ( 5409): option[32]=--runtime-arg
I/art     ( 5409): option[33]=-Xcompiler-option
I/art     ( 5409): option[34]=-Xmx512m
I/art     ( 5409): option[35]=-Duser.language=es
I/art     ( 5409): option[36]=-Duser.region=US
I/art     ( 5409): Pruning dalvik-cache since we are generating an image and will need to recompile
W/art     ( 5409): Prune Dex Cache
I/art     ( 5409): Using an offset of 0xfc3000 from default art base address of 0x70000000
I/art     ( 5409): GenerateImage: /system/bin/dex2oat --image=/data/dalvik-cache/arm/system@framework@boot.art --dex-file=/system/framework/core-libart.jar --dex-file=/system/framework/conscrypt.jar --dex-file=/system/framework/okhttp.jar --dex-file=/system/framework/core-junit.jar --dex-file=/system/framework/bouncycastle.jar --dex-file=/system/framework/ext.jar --dex-file=/system/framework/framework.jar --dex-file=/system/framework/telephony-common.jar --dex-file=/system/framework/voip-common.jar --dex-file=/system/framework/ims-common.jar --dex-file=/system/framework/mms-common.jar --dex-file=/system/framework/android.policy.jar --dex-file=/system/framework/apache-xml.jar --oat-file=/data/dalvik-cache/arm/system@framework@boot.oat --instruction-set=arm --instruction-set-features=div --base=0x70fc3000 --runtime-arg -Xms64m --runtime-arg -Xmx64m --image-classes-zip=/system/framework/framework.jar --image-classes=preloaded-classes
I/mediaserver( 5407): ServiceManager: 0xb60500c0
I/AudioFlinger( 5407): Using default 3000 mSec as standby time.
I/ServiceManager( 5407): Waiting for service batterystats...
W/art     ( 5409): Prune Dex Cache
W/art     ( 5409): Could not create image space with image file '/system/framework/boot.art'. Attempting to fall back to imageless running. Error was: Failed to generate image '/data/dalvik-cache/arm/system@framework@boot.art': Failed execv(/system/bin/dex2oat --image=/data/dalvik-cache/arm/system@framework@boot.art --dex-file=/system/framework/core-libart.jar --dex-file=/system/framework/conscrypt.jar --dex-file=/system/framework/okhttp.jar --dex-file=/system/framework/core-junit.jar --dex-file=/system/framework/bouncycastle.jar --dex-file=/system/framework/ext.jar --dex-file=/system/framework/framework.jar --dex-file=/system/framework/telephony-common.jar --dex-file=/system/framework/voip-common.jar --dex-file=/system/framework/ims-common.jar --dex-file=/system/framework/mms-common.jar --dex-file=/system/framework/android.policy.jar --dex-file=/system/framework/apache-xml.jar --oat-file=/data/dalvik-cache/arm/system@framework@boot.oat --instruction-set=arm --instruction-set-features=div --base=0x70fc3000 --runtime-arg -Xms64
E/display ( 5206): invalid gralloc handle (at 0x0)
E/display ( 5206): invalid gralloc handle (at 0x0)
E/display ( 5206): invalid gralloc handle (at 0x0)
E/display ( 5206): invalid gralloc handle (at 0x0)
E/display ( 5206): invalid gralloc handle (at 0x0)
E/display ( 5206): invalid gralloc handle (at 0x0)
E/display ( 5206): invalid gralloc handle (at 0x0)
E/display ( 5206): invalid gralloc handle (at 0x0)
E/display ( 5206): invalid gralloc handle (at 0x0)
E/display ( 5206): invalid gralloc handle (at 0x0)
E/display ( 5206): invalid gralloc handle (at 0x0)
E/display ( 5206): invalid gralloc handle (at 0x0)
E/display ( 5206): invalid gralloc handle (at 0x0)
E/display ( 5206): invalid gralloc handle (at 0x0)
E/display ( 5206): invalid gralloc handle (at 0x0)
W/auditd  ( 3702): type=1325 audit(0.0:1432): table=filter family=2 entries=39
W/iptables( 5493): type=1300 audit(0.0:1432): arch=40000028 syscall=294 per=800000 success=yes exit=0 a0=4 a1=0 a2=40 a3=b6c22000 items=0 ppid=5406 auid=4294967295 uid=0 gid=0 euid=0 suid=0 fsuid=0 egid=0 sgid=0 fsgid=0 ses=4294967295 tty=(none) exe="/system/bin/iptables" key=(null)
W/auditd  ( 3702): type=1320 audit(0.0:1432): 
W/auditd  ( 3702): type=1325 audit(0.0:1433): table=filter family=10 entries=37
W/ip6tables( 5494): type=1300 audit(0.0:1433): arch=40000028 syscall=294 per=800000 success=yes exit=0 a0=4 a1=29 a2=40 a3=b6c23000 items=0 ppid=5406 auid=4294967295 uid=0 gid=0 euid=0 suid=0 fsuid=0 egid=0 sgid=0 fsgid=0 ses=4294967295 tty=(none) exe="/system/bin/ip6tables" key=(null)
W/auditd  ( 3702): type=1320 audit(0.0:1433): 
W/auditd  ( 3702): type=1325 audit(0.0:1434): table=filter family=2 entries=39
W/iptables( 5495): type=1300 audit(0.0:1434): arch=40000028 syscall=294 per=800000 success=yes exit=0 a0=4 a1=0 a2=40 a3=b6c22000 items=0 ppid=5406 auid=4294967295 uid=0 gid=0 euid=0 suid=0 fsuid=0 egid=0 sgid=0 fsgid=0 ses=4294967295 tty=(none) exe="/system/bin/iptables" key=(null)
W/auditd  ( 3702): type=1320 audit(0.0:1434): 
W/auditd  ( 3702): type=1325 audit(0.0:1435): table=filter family=10 entries=37
W/ip6tables( 5496): type=1300 audit(0.0:1435): arch=40000028 syscall=294 per=800000 success=yes exit=0 a0=4 a1=29 a2=40 a3=b6c23000 items=0 ppid=5406 auid=4294967295 uid=0 gid=0 euid=0 suid=0 fsuid=0 egid=0 sgid=0 fsgid=0 ses=4294967295 tty=(none) exe="/system/bin/ip6tables" key=(null)
W/auditd  ( 3702): type=1320 audit(0.0:1435): 
E/display ( 5206): invalid gralloc handle (at 0x0)
W/auditd  ( 3702): type=1325 audit(0.0:1436): table=filter family=2 entries=37
W/iptables( 5497): type=1300 audit(0.0:1436): arch=40000028 syscall=294 per=800000 success=yes exit=0 a0=4 a1=0 a2=40 a3=b6c22000 items=0 ppid=5406 auid=4294967295 uid=0 gid=0 euid=0 suid=0 fsuid=0 egid=0 sgid=0 fsgid=0 ses=4294967295 tty=(none) exe="/system/bin/iptables" key=(null)
W/auditd  ( 3702): type=1320 audit(0.0:1436): 
W/auditd  ( 3702): type=1325 audit(0.0:1437): table=filter family=10 entries=35
W/ip6tables( 5498): type=1300 audit(0.0:1437): arch=40000028 syscall=294 per=800000 success=yes exit=0 a0=4 a1=29 a2=40 a3=b6c23000 items=0 ppid=5406 auid=4294967295 uid=0 gid=0 euid=0 suid=0 fsuid=0 egid=0 sgid=0 fsgid=0 ses=4294967295 tty=(none) exe="/system/bin/ip6tables" key=(null)
W/auditd  ( 3702): type=1320 audit(0.0:1437): 
W/auditd  ( 3702): type=1325 audit(0.0:1438): table=filter family=2 entries=39
W/iptables( 5499): type=1300 audit(0.0:1438): arch=40000028 syscall=294 per=800000 success=yes exit=0 a0=4 a1=0 a2=40 a3=b6c25000 items=0 ppid=5406 auid=4294967295 uid=0 gid=0 euid=0 suid=0 fsuid=0 egid=0 sgid=0 fsgid=0 ses=4294967295 tty=(none) exe="/system/bin/iptables" key=(null)
E/display ( 5206): invalid gralloc handle (at 0x0)
I/ServiceManager( 5407): Waiting for service batterystats...
E/display ( 5206): invalid gralloc handle (at 0x0)
E/display ( 5206): invalid gralloc handle (at 0x0)
E/display ( 5206): invalid gralloc handle (at 0x0)
E/display ( 5206): invalid gralloc handle (at 0x0)
E/display ( 5206): invalid gralloc handle (at 0x0)
E/display ( 5206): invalid gralloc handle (at 0x0)
E/display ( 5206): invalid gralloc handle (at 0x0)
E/display ( 5206): invalid gralloc handle (at 0x0)
F/art     ( 5409): sart/runtime/class_linker.cc:398] Check failed: java_lang_String.Get() == String_class (java_lang_String.Get()=0x12c0a400, String_class=0x12c0b400) ----- class 'Ljava/lang/String;' cl=0x0 -----
F/art     ( 5409): sart/runtime/class_linker.cc:398]   objectSize=640 (412 from super)
F/art     ( 5409): sart/runtime/class_linker.cc:398]   access=0x0000.0011
F/art     ( 5409): sart/runtime/class_linker.cc:398]   super='java.lang.Class<java.lang.Object>' (cl=0x0)
F/art     ( 5409): sart/runtime/class_linker.cc:398]   interfaces (3):
F/art     ( 5409): sart/runtime/class_linker.cc:398]      0: java.lang.Class<java.io.Serializable> (cl=0x0)
F/art     ( 5409): sart/runtime/class_linker.cc:398]      1: java.lang.Class<java.lang.Comparable> (cl=0x0)
F/art     ( 5409): sart/runtime/class_linker.cc:398]      2: java.lang.Class<java.lang.CharSequence> (cl=0x0)
F/art     ( 5409): sart/runtime/class_linker.cc:398]   class not yet loaded
F/art     ( 5409): sart/runtime/class_linker.cc:398] 
F/art     ( 5409): sart/runtime/class_linker.cc:398] ----- class 'Ljava/lang/String;' cl=0x0 -----
F/art     ( 5409): sart/runtime/class_linker.cc:398]   objectSize=636 (412 from super)
F/art     ( 5409): sart/runtime/class_linker.cc:398]   access=0x0000.0011
F/art     ( 5409): sart/runtime/class_linker.cc:398]   super='java.lang.Class<java.lang.Object>' (cl=0x0)
F/art     ( 5409): sart/runtime/class_linker.cc:398]   interfaces (3):
F/art     ( 5409): sart/runtime/class_linker.cc:398]      0: java.lang.Class<java.io.Serializable> (cl=0x0)
F/art     ( 5409): sart/runtime/class_linker.cc:398]      1: java.lang.Class<java.lang.Comparable> (cl=0x0)
F/art     ( 5409): sart/runtime/class_linker.cc:398]      2: java.lang.Class<java.lang.CharSequence> (cl=0x0)
F/art     ( 5409): sart/runtime/class_linker.cc:398]   vtable (54 entries, 11 in super):
F/art     ( 5409): sart/runtime/class_linker.cc:398]      0: void java.lang.String._getChars(int, int, char[], int)
F/art     ( 5409): sart/runtime/class_linker.cc:398]      1: char java.lang.String.charAt(int)
F/art     ( 5409): sart/runtime/class_linker.cc:398]      2: int java.lang.String.codePointAt(int)
F/art     ( 5409): sart/runtime/class_linker.cc:398]      3: int java.lang.String.codePointBefore(int)
F/art     ( 5409): sart/runtime/class_linker.cc:398]      4: int java.lang.String.codePointCount(int, int)
F/art     ( 5409): sart/runtime/class_linker.cc:398]      5: int java.lang.String.compareTo(java.lang.Object)
F/art     ( 5409): sart/runtime/class_linker.cc:398]      6: int java.lang.String.compareTo(java.lang.String)
F/art     ( 5409): sart/runtime/class_linker.cc:398]      7: int java.lang.String.compareToIgnoreCase(java.lang.String)
F/art     ( 5409): sart/runtime/class_linker.cc:398]      8: java.lang.String java.lang.String.concat(java.lang.String)
F/art     ( 5409): sart/runtime/class_linker.cc:398]      9: boolean java.lang.String.contains(java.lang.CharSequence)
F/art     ( 5409): sart/runtime/class_linker.cc:398]     10: boolean java.lang.String.contentEquals(java.lang.CharSequence)
F/art     ( 5409): sart/runtime/class_linker.cc:398]     11: boolean java.lang.String.contentEquals(java.lang.StringBuffer)
F/art     ( 5409): sart/runtime/class_linker.cc:398]     12: boolean java.lang.String.endsWith(java.lang.String)
F/art     ( 5409): sart/runtime/class_linker.cc:398]     13: boolean java.lang.String.equals(java.lang.Object)
F/art     ( 5409): sart/runtime/class_linker.cc:398]     14: boolean java.lang.String.equalsIgnoreCase(java.lang.String)
F/art     ( 5409): sart/runtime/class_linker.cc:398]     15: void java.lang.String.getBytes(int, int, byte[], int)
F/art     ( 5409): sart/runtime/class_linker.cc:398]     16: byte[] java.lang.String.getBytes()
F/art     ( 5409): sart/runtime/class_linker.cc:398]     17: byte[] java.lang.String.getBytes(java.lang.String)
F/art     ( 5409): sart/runtime/class_linker.cc:398]     18: byte[] java.lang.String.getBytes(java.nio.charset.Charset)
F/art     ( 5409): sart/runtime/class_linker.cc:398]     19: void java.lang.String.getChars(int, int, char[], int)
F/art     ( 5409): sart/runtime/class_linker.cc:398]     20: int java.lang.String.hashCode()
F/art     ( 5409): sart/runtime/class_linker.cc:398]     21: int java.lang.String.indexOf(int)
F/art     ( 5409): sart/runtime/class_linker.cc:398]     22: int java.lang.String.indexOf(int, int)
F/art     ( 5409): sart/runtime/class_linker.cc:398]     23: int java.lang.String.indexOf(java.lang.String)
F/art     ( 5409): sart/runtime/class_linker.cc:398]     24: int java.lang.String.indexOf(java.lang.String, int)
F/art     ( 5409): sart/runtime/class_linker.cc:398]     25: java.lang.String java.lang.String.intern()
F/art     ( 5409): sart/runtime/class_linker.cc:398]     26: boolean java.lang.String.isEmpty()
F/art     ( 5409): sart/runtime/class_linker.cc:398]     27: int java.lang.String.lastIndexOf(int)
F/art     ( 5409): sart/runtime/class_linker.cc:398]     28: int java.lang.String.lastIndexOf(int, int)
F/art     ( 5409): sart/runtime/class_linker.cc:398]     29: int java.lang.String.lastIndexOf(java.lang.String)
F/art     ( 5409): sart/runtime/class_linker.cc:398]     30: int java.lang.String.lastIndexOf(java.lang.String, int)
F/art     ( 5409): sart/runtime/class_linker.cc:398]     31: int java.lang.String.length()
F/art     ( 5409): sart/runtime/class_linker.cc:398]     32: boolean java.lang.String.matches(java.lang.String)
F/art     ( 5409): sart/runtime/class_linker.cc:398]     33: int java.lang.String.offsetByCodePoints(int, int)
F/art     ( 5409): sart/runtime/class_linker.cc:398]     34: boolean java.lang.String.regionMatches(int, java.lang.String, int, int)
F/art     ( 5409): sart/runtime/class_linker.cc:398]     35: boolean java.lang.String.regionMatches(boolean, int, java.lang.String, int, int)
F/art     ( 5409): sart/runtime/class_linker.cc:398]     36: java.lang.String java.lang.String.replace(char, char)
F/art     ( 5409): sart/runtime/class_linker.cc:398]     37: java.lang.String java.lang.String.replace(java.lang.CharSequence, java.lang.CharSequence)
F/art     ( 5409): sart/runtime/class_linker.cc:398]     38: java.lang.String java.lang.String.replaceAll(java.lang.String, java.lang.String)
F/art     ( 5409): sart/runtime/class_linker.cc:398]     39: java.lang.String java.lang.String.replaceFirst(java.lang.String, java.lang.String)
F/art     ( 5409): sart/runtime/class_linker.cc:398]     40: java.lang.String[] java.lang.String.split(java.lang.String)
F/art     ( 5409): sart/runtime/class_linker.cc:398]     41: java.lang.String[] java.lang.String.split(java.lang.String, int)
F/art     ( 5409): sart/runtime/class_linker.cc:398]     42: boolean java.lang.String.startsWith(java.lang.String)
F/art     ( 5409): sart/runtime/class_linker.cc:398]     43: boolean java.lang.String.startsWith(java.lang.String, int)
F/art     ( 5409): sart/runtime/class_linker.cc:398]     44: java.lang.CharSequence java.lang.String.subSequence(int, int)
F/art     ( 5409): sart/runtime/class_linker.cc:398]     45: java.lang.String java.lang.String.substring(int)
F/art     ( 5409): sart/runtime/class_linker.cc:398]     46: java.lang.String java.lang.String.substring(int, int)
F/art     ( 5409): sart/runtime/class_linker.cc:398]     47: char[] java.lang.String.toCharArray()
F/art     ( 5409): sart/runtime/class_linker.cc:398]     48: java.lang.String java.lang.String.toLowerCase()
F/art     ( 5409): sart/runtime/class_linker.cc:398]     49: java.lang.String java.lang.String.toLowerCase(java.util.Locale)
F/art     ( 5409): sart/runtime/class_linker.cc:398]     50: java.lang.String java.lang.String.toString()
F/art     ( 5409): sart/runtime/class_linker.cc:398]     51: java.lang.String java.lang.String.toUpperCase()
F/art     ( 5409): sart/runtime/class_linker.cc:398]     52: java.lang.String java.lang.String.toUpperCase(java.util.Locale)
F/art     ( 5409): sart/runtime/class_linker.cc:398]     53: java.lang.String java.lang.String.trim()
F/art     ( 5409): sart/runtime/class_linker.cc:398]   direct methods (38 entries):
F/art     ( 5409): sart/runtime/class_linker.cc:398]      0: void java.lang.String.<clinit>()
F/art     ( 5409): sart/runtime/class_linker.cc:398]      1: void java.lang.String.<init>()
F/art     ( 5409): sart/runtime/class_linker.cc:398]      2: void java.lang.String.<init>(int, int, char[])
F/art     ( 5409): sart/runtime/class_linker.cc:398]      3: void java.lang.String.<init>(java.lang.String)
F/art     ( 5409): sart/runtime/class_linker.cc:398]      4: void java.lang.String.<init>(java.lang.StringBuffer)
F/art     ( 5409): sart/runtime/class_linker.cc:398]      5: void java.lang.String.<init>(java.lang.StringBuilder)
F/art     ( 5409): sart/runtime/class_linker.cc:398]      6: void java.lang.String.<init>(byte[])
F/art     ( 5409): sart/runtime/class_linker.cc:398]      7: void java.lang.String.<init>(byte[], int)
F/art     ( 5409): sart/runtime/class_linker.cc:398]      8: void java.lang.String.<init>(byte[], int, int)
F/art     ( 5409): sart/runtime/class_linker.cc:398]      9: void java.lang.String.<init>(byte[], int, int, int)
F/art     ( 5409): sart/runtime/class_linker.cc:398]     10: void java.lang.String.<init>(byte[], int, int, java.lang.String)
F/art     ( 5409): sart/runtime/class_linker.cc:398]     11: void java.lang.String.<init>(byte[], int, int, java.nio.charset.Charset)
F/art     ( 5409): sart/runtime/class_linker.cc:398]     12: void java.lang.String.<init>(byte[], java.lang.String)
F/art     ( 5409): sart/runtime/class_linker.cc:398]     13: void java.lang.String.<init>(byte[], java.nio.charset.Charset)
F/art     ( 5409): sart/runtime/class_linker.cc:398]     14: void java.lang.String.<init>(char[])
F/art     ( 5409): sart/runtime/class_linker.cc:398]     15: void java.lang.String.<init>(char[], int, int)
F/art     ( 5409): sart/runtime/class_linker.cc:398]     16: void java.lang.String.<init>(int[], int, int)
F/art     ( 5409): sart/runtime/class_linker.cc:398]     17: java.lang.String java.lang.String.copyValueOf(char[])
F/art     ( 5409): sart/runtime/class_linker.cc:398]     18: java.lang.String java.lang.String.copyValueOf(char[], int, int)
F/art     ( 5409): sart/runtime/class_linker.cc:398]     19: java.lang.StringIndexOutOfBoundsException java.lang.String.failedBoundsCheck(int, int, int)
F/art     ( 5409): sart/runtime/class_linker.cc:398]     20: int java.lang.String.fastIndexOf(int, int)
F/art     ( 5409): sart/runtime/class_linker.cc:398]     21: char java.lang.String.foldCase(char)
F/art     ( 5409): sart/runtime/class_linker.cc:398]     22: java.lang.String java.lang.String.format(java.lang.String, java.lang.Object[])
F/art     ( 5409): sart/runtime/class_linker.cc:398]     23: java.lang.String java.lang.String.format(java.util.Locale, java.lang.String, java.lang.Object[])
F/art     ( 5409): sart/runtime/class_linker.cc:398]     24: java.lang.StringIndexOutOfBoundsException java.lang.String.indexAndLength(int)
F/art     ( 5409): sart/runtime/class_linker.cc:398]     25: int java.lang.String.indexOf(java.lang.String, java.lang.String, int, int, char)
F/art     ( 5409): sart/runtime/class_linker.cc:398]     26: int java.lang.String.indexOfSupplementary(int, int)
F/art     ( 5409): sart/runtime/class_linker.cc:398]     27: int java.lang.String.lastIndexOfSupplementary(int, int)
F/art     ( 5409): sart/runtime/class_linker.cc:398]     28: java.lang.StringIndexOutOfBoundsException java.lang.String.startEndAndLength(int, int)
F/art     ( 5409): sart/runtime/class_linker.cc:398]     29: java.lang.String java.lang.String.valueOf(char)
F/art     ( 5409): sart/runtime/class_linker.cc:398]     30: java.lang.String java.lang.String.valueOf(double)
F/art     ( 5409): sart/runtime/class_linker.cc:398]     31: java.lang.String java.lang.String.valueOf(float)
F/art     ( 5409): sart/runtime/class_linker.cc:398]     32: java.lang.String java.lang.String.valueOf(int)
F/art     ( 5409): sart/runtime/class_linker.cc:398]     33: java.lang.String java.lang.String.valueOf(long)
F/art     ( 5409): sart/runtime/class_linker.cc:398]     34: java.lang.String java.lang.String.valueOf(java.lang.Object)
F/art     ( 5409): sart/runtime/class_linker.cc:398]     35: java.lang.String java.lang.String.valueOf(boolean)
F/art     ( 5409): sart/runtime/class_linker.cc:398]     36: java.lang.String java.lang.String.valueOf(char[])
F/art     ( 5409): sart/runtime/class_linker.cc:398]     37: java.lang.String java.lang.String.valueOf(char[], int, int)
F/art     ( 5409): sart/runtime/class_linker.cc:398]   static fields (4 entries):
F/art     ( 5409): sart/runtime/class_linker.cc:398]      0: char[] java.lang.String.ASCII
F/art     ( 5409): sart/runtime/class_linker.cc:398]      1: java.util.Comparator java.lang.String.CASE_INSENSITIVE_ORDER
F/art     ( 5409): sart/runtime/class_linker.cc:398]      2: long java.lang.String.serialVersionUID
F/art     ( 5409): sart/runtime/class_linker.cc:398]      3: char java.lang.String.REPLACEMENT_CHAR
F/art     ( 5409): sart/runtime/class_linker.cc:398]   instance fields (4 entries):
F/art     ( 5409): sart/runtime/class_linker.cc:398]      0: char[] java.lang.String.value
F/art     ( 5409): sart/runtime/class_linker.cc:398]      1: int java.lang.String.count
F/art     ( 5409): sart/runtime/class_linker.cc:398]      2: int java.lang.String.hashCode
F/art     ( 5409): sart/runtime/class_linker.cc:398]      3: int java.lang.String.offset
F/art     ( 5409): sart/runtime/class_linker.cc:398] 
E/display ( 5206): invalid gralloc handle (at 0x0)
F/art     ( 5409): sart/runtime/runtime.cc:286] Runtime aborting...
F/art     ( 5409): sart/runtime/runtime.cc:286] Aborting thread:
F/art     ( 5409): sart/runtime/runtime.cc:286] "main" prio=5 tid=1 Runnable (still starting up)
F/art     ( 5409): sart/runtime/runtime.cc:286]   | group="" sCount=0 dsCount=0 obj=0x0 self=0xb5007800
F/art     ( 5409): sart/runtime/runtime.cc:286]   | sysTid=5409 nice=0 cgrp=default sched=0/0 handle=0xb6f38ec8
F/art     ( 5409): sart/runtime/runtime.cc:286]   | state=R schedstat=( 1575070665 9757207 71 ) utm=133 stm=24 core=4 HZ=100
F/art     ( 5409): sart/runtime/runtime.cc:286]   | stack=0xbe17e000-0xbe180000 stackSize=8MB
F/art     ( 5409): sart/runtime/run