D/FFmpegExtractor( 3692): suppoted codec(vorbis) by official Stagefright
D/FFmpegExtractor( 3692): ffmpeg detected media content as 'audio/vorbis' with confidence 0.08
E/MediaPlayer( 4435): Should have subtitle controller already set
I/MediaFocusControl( 4110):  AudioFocus  requestAudioFocus() from android.media.AudioManager@106a6b66
D/NuPlayerDriver( 3692): start(0xb19f2040)
E/MediaPlayer( 4435): Should have subtitle controller already set
I/GenericSource( 3692): start
W/Utils   ( 3692): bool android::canOffloadStream(const android::sp<android::MetaData>&, bool, const android::sp<android::MetaData>&, bool, audio_stream_type_t) No sample bit depth info in meta data
I/str_params( 3692): key: 'SND_CARD_STATUS' value: ''
W/Utils   ( 3692): bool android::canOffloadStream(const android::sp<android::MetaData>&, bool, const android::sp<android::MetaData>&, bool, audio_stream_type_t) No sample bit depth info in meta data
I/str_params( 3692): key: 'SND_CARD_STATUS' value: ''
V/RenderScript( 6593): Application requested CPU execution
W/AudioPolicyManager( 3692): getOutput() could not find output for stream 3, samplingRate 0,format 0, channels 3, flags 0
F/NuPlayerRenderer( 3692): frameworks/av/media/libmediaplayerservice/nuplayer/NuPlayerRenderer.cpp:1559 CHECK_EQ( mAudioSink->open( sampleRate, numChannels, (audio_channel_mask_t)channelMask, bitsPerSample > 16 ? AUDIO_FORMAT_PCM_32_BIT : AUDIO_FORMAT_PCM_16_BIT, 8 , __null, __null, (audio_output_flags_t)flags),(status_t)OK) failed: -19 vs. 0
F/libc    ( 3692): Fatal signal 6 (SIGABRT), code -6 in tid 7055 (NuPlayerRendere)
V/RenderScript( 6593): 0x9d461a00 Launching thread(s), CPUs 8
I/DEBUG   ( 3687): *** *** *** *** *** *** *** *** *** *** *** *** *** *** *** ***
I/DEBUG   ( 3687): Build fingerprint: 'samsung/cm_k3gxx/k3gxx:5.0.2/LRX22G/74effb9c7a:userdebug/test-keys'
I/DEBUG   ( 3687): Revision: '10'
I/DEBUG   ( 3687): ABI: 'arm'
W/NativeCrashListener( 4110): Couldn't find ProcessRecord for pid 3692
I/DEBUG   ( 3687): pid: 3692, tid: 7055, name: NuPlayerRendere  >>> /system/bin/mediaserver <<<
I/DEBUG   ( 3687): signal 6 (SIGABRT), code -6 (SI_TKILL), fault addr --------
E/DEBUG   ( 3687): AM write failure (32 / Broken pipe)
I/DEBUG   ( 3687): Abort message: 'frameworks/av/media/libmediaplayerservice/nuplayer/NuPlayerRenderer.cpp:1559 CHECK_EQ( mAudioSink->open( sampleRate, numChannels, (audio_channel_mask_t)channelMask, bitsPerSample > 16 ? AUDIO_FORMAT_PCM_32_BIT : AUDIO_FORMAT_PCM_16_BIT, 8 , __null, __null, (audio_output_flags_t)flags),(status_t)OK) failed: -19 vs. 0'
I/DEBUG   ( 3687):     r0 00000000  r1 00001b8f  r2 00000006  r3 00000000
I/DEBUG   ( 3687):     r4 b24ffdb8  r5 00000006  r6 00000016  r7 0000010c
I/DEBUG   ( 3687):     r8 00000000  r9 00000000  sl b24ffc4c  fp b3e383d0
I/DEBUG   ( 3687):     ip 00001b8f  sp b24ff798  lr b6f3c7b9  pc b6f604e4  cpsr 60000010
I/DEBUG   ( 3687): 
I/DEBUG   ( 3687): backtrace:
I/DEBUG   ( 3687):     #00 pc 000384e4  /system/lib/libc.so (tgkill+12)
I/DEBUG   ( 3687):     #01 pc 000147b5  /system/lib/libc.so (pthread_kill+52)
I/DEBUG   ( 3687):     #02 pc 0001550b  /system/lib/libc.so (raise+10)
I/DEBUG   ( 3687):     #03 pc 00011c35  /system/lib/libc.so (__libc_android_abort+36)
I/DEBUG   ( 3687):     #04 pc 0000fcb8  /system/lib/libc.so (abort+4)
I/DEBUG   ( 3687):     #05 pc 00007739  /system/lib/libcutils.so (__android_log_assert+88)
I/DEBUG   ( 3687):     #06 pc 0004cb6d  /system/lib/libmediaplayerservice.so (android::NuPlayer::Renderer::onOpenAudioSink(android::sp<android::AMessage> const&, bool, bool, bool, unsigned int)+120)
I/DEBUG   ( 3687):     #07 pc 0004ebbb  /system/lib/libmediaplayerservice.so (android::NuPlayer::Renderer::onMessageReceived(android::sp<android::AMessage> const&)+406)
I/DEBUG   ( 3687):     #08 pc 0000abb3  /system/lib/libstagefright_foundation.so (android::ALooperRoster::deliverMessage(android::sp<android::AMessage> const&)+166)
I/DEBUG   ( 3687):     #09 pc 0000a535  /system/lib/libstagefright_foundation.so (android::ALooper::loop()+220)
I/DEBUG   ( 3687):     #10 pc 0000eeb5  /system/lib/libutils.so (android::Thread::_threadLoop(void*)+112)
I/DEBUG   ( 3687):     #11 pc 0000ea25  /system/lib/libutils.so
I/DEBUG   ( 3687):     #12 pc 00013fa3  /system/lib/libc.so (__pthread_start(void*)+30)
I/DEBUG   ( 3687):     #13 pc 00011f93  /system/lib/libc.so (__start_thread+6)
I/DEBUG   ( 3687): 
I/DEBUG   ( 3687): Tombstone written to: /data/tombstones/tombstone_00
I/DEBUG   ( 3687): ********************************************************
I/DEBUG   ( 3687): * Process 3692 has been suspended while crashing.
I/DEBUG   ( 3687): * To attach gdbserver for a gdb connection on port 5039
I/DEBUG   ( 3687): * and start gdbclient:
I/DEBUG   ( 3687): *
I/DEBUG   ( 3687): *     gdbclient /system/bin/mediaserver :5039 7055
I/DEBUG   ( 3687): * or
I/DEBUG   ( 3687): *     dddclient /system/bin/mediaserver :5039 7055
I/DEBUG   ( 3687): *
I/DEBUG   ( 3687): * Wait for gdb to start, then press the VOLUME DOWN key
I/DEBUG   ( 3687): * to let the process continue crashing.
I/DEBUG   ( 3687): ********************************************************
W/BtOppService( 6593): updateShare() called for ID 1 with null URI
D/bt_vendor( 6593): op for 7
D/PhoneStatusBar( 4435): disable: < expand ICONS* alerts SYSTEM_INFO* back home recent clock search >
W/BtOppService( 6593): updateShare() called for ID 1 with null URI
W/BtOppService( 6593): updateShare() called for ID 1 with null URI
I/Timeline( 6593): Timeline: Activity_launch_request id:com.android.bluetooth time:862089
I/ActivityManager( 4110): START u0 {dat=content://com.android.bluetooth.opp/btopp/1 flg=0x10000000 cmp=com.android.bluetooth/.opp.BluetoothOppIncomingFileConfirmActivity} from uid 1002 on display 0
W/ResourcesManager( 4110): Asset path '/system/framework/javax.btobex.jar' does not exist or contains no resources.
W/InputMethodManagerService( 4110): Window already focused, ignoring focus gain of: com.android.internal.view.IInputMethodClient$Stub$Proxy@33ab1144 attribute=null, token = android.os.BinderProxy@3c3cc44c
D/LocalBluetoothManager( 5042): setting foreground activity to null
D/BluetoothAdapterProperties( 6593): Discoverable Timeout:120
D/bt_vendor( 6593): op for 7
D/bt_vendor( 6593): op for 7
D/bt_upio ( 6593): BT_WAKE is asserted already
D/BluetoothAdapterProperties( 6593): Scan Mode:21
D/bt_vendor( 6593): op for 7
D/bt_upio ( 6593): BT_WAKE is asserted already
I/ActivityManager( 4110): Displayed com.android.bluetooth/.opp.BluetoothOppIncomingFileConfirmActivity: +221ms
I/Timeline( 6593): Timeline: Activity_idle id: android.os.BinderProxy@36ecf81 time:862389
D/PhoneStatusBar( 4435): disable: < expand icons* alerts system_info* back home recent clock search >
W/BtOppService( 6593): updateShare() called for ID 1 with null URI
I/Timeline( 4110): Timeline: Activity_windows_visible id: ActivityRecord{21efcfd6 u0 com.android.bluetooth/.opp.BluetoothOppIncomingFileConfirmActivity t13} time:863126
W/BtOppService( 6593): updateShare() called for ID 1 with null URI
D/bt_vendor( 6593): op for 7
D/BluetoothAdapterProperties( 6593): Discoverable Timeout:120
D/LocalBluetoothManager( 5042): setting foreground activity to non-null context
D/bt_vendor( 6593): op for 7
D/BluetoothAdapterProperties( 6593): Scan Mode:23
D/bt_vendor( 6593): op for 7
D/bt_upio ( 6593): BT_WAKE is asserted already
D/bt_vendor( 6593): op for 7
D/bt_upio ( 6593): BT_WAKE is asserted already
D/bt_vendor( 6593): op for 7
D/bt_upio ( 6593): BT_WAKE is asserted already
D/BluetoothAdapterProperties( 6593): Discoverable Timeout:120
D/bt_vendor( 6593): op for 7
D/bt_upio ( 6593): BT_WAKE is asserted already
D/BluetoothAdapterProperties( 6593): Scan Mode:23
D/bt_vendor( 6593): op for 7
D/bt_upio ( 6593): BT_WAKE is asserted already
D/bt_vendor( 6593): op for 7
D/bt_upio ( 6593): BT_WAKE is asserted already
D/bt_vendor( 6593): op for 7
D/bt_upio ( 6593): BT_WAKE is asserted already
W/InputMethodManagerService( 4110): Window already focused, ignoring focus gain of: com.android.internal.view.IInputMethodClient$Stub$Proxy@4b3f136 attribute=null, token = android.os.BinderProxy@3c3cc44c
D/Index   ( 5042): Deleting data for locale 'en_US' took 6 millis
D/Index   ( 5042): Indexing locale 'en_US' took 7 millis
D/OpenGLRenderer( 6593): endAllStagingAnimators on 0xaf2bee00 (RippleDrawable) with handle 0xad90daf0
I/Timeline( 5042): Timeline: Activity_idle id: android.os.BinderProxy@d791764 time:864032
W/BtOppService( 6593): updateShare() called for ID 1 with null URI
D/BtOppObexServer( 6593): Server unblocked 
E/ObexHelper( 6593): createHeader = javax.btobex.HeaderSet@d1dc5fe
V/ObexHelper( 6593):  Add Header = 203
V/ObexHelper( 6593):  Add Header = 151
V/ObexHelper( 6593):  Add SRM value = 1
V/Obex ServerOperation( 6593): continueOperation
V/ObexHelper( 6593): getLocalSrmpWait: false
V/Obex ServerOperation( 6593): sendReply type: 144, suppress: false, SRMP WAIT: falsesupressReceive: false
E/ObexHelper( 6593): createHeader = javax.btobex.HeaderSet@d1dc5fe
V/ObexHelper( 6593):  Add Header = 203
V/ObexHelper( 6593):  Add Header = 151
V/ObexHelper( 6593):  Add SRM value = 1
V/Obex ServerSession( 6593): sendResponse code 144 header : [B@874e15f
V/Obex ServerSession( 6593): header != null totalLength = 10
E/bt-btif ( 6593): bta_co_l2c_data_outgoing received :10 bytes from fd 70 
D/bt_vendor( 6593): op for 7
D/bt_upio ( 6593): BT_WAKE is asserted already
D/bt_vendor( 6593): op for 7
D/bt_upio ( 6593): BT_WAKE is asserted already
W/SurfaceFlinger( 3689): couldn't log to binary event log: overflow.
D/bt_vendor( 6593): op for 7
D/bt_upio ( 6593): BT_WAKE is asserted already
D/bt_vendor( 6593): op for 7
D/bt_upio ( 6593): BT_WAKE is asserted already
D/bt_vendor( 6593): op for 7
D/bt_upio ( 6593): BT_WAKE is asserted already
D/bt_vendor( 6593): op for 7
D/bt_upio ( 6593): BT_WAKE is asserted already
D/bt_vendor( 6593): op for 7
D/bt_upio ( 6593): BT_WAKE is asserted already
D/bt_vendor( 6593): op for 7
D/bt_upio ( 6593): BT_WAKE is asserted already
D/bt_vendor( 6593): op for 7
D/bt_upio ( 6593): BT_WAKE is asserted already
D/bt_vendor( 6593): op for 7
D/bt_upio ( 6593): BT_WAKE is asserted already
D/bt_vendor( 6593): op for 7
D/bt_upio ( 6593): BT_WAKE is asserted already
D/bt_vendor( 6593): op for 7
D/bt_upio ( 6593): BT_WAKE is asserted already
D/bt_vendor( 6593): op for 7
D/bt_upio ( 6593): BT_WAKE is asserted already
D/bt_vendor( 6593): op for 7
D/bt_upio ( 6593): BT_WAKE is asserted already
V/Obex ServerOperation( 6593): sendReply reading headerID 2 length 64386
V/Obex ServerOperation( 6593): sendReply reading 64383
V/Obex ServerOperation( 6593): sendReply read 64383
E/ObexHelper( 6593): updateHeaderSet headerID = 203
E/ObexHelper( 6593): updateHeaderSet headerID = 72
D/bt_vendor( 6593): op for 7
D/bt_upio ( 6593): BT_WAKE is asserted already
V/Obex ServerOperation( 6593): continueOperation:ServerSet SRM sendEmpty clause
V/ObexHelper( 6593): getLocalSrmStatus: true
V/Obex ServerOperation( 6593): continueOperation: Server SRM enabled
V/ObexHelper( 6593): getLocalSrmpWait: false
V/Obex ServerOperation( 6593): continueOperation
V/ObexHelper( 6593): getLocalSrmpWait: false
V/Obex ServerOperation( 6593): sendReply type: 144, suppress: true, SRMP WAIT: falsesupressReceive: false
V/ObexHelper( 6593): getLocalSrmpWait: false
D/bt_vendor( 6593): op for 7
D/bt_upio ( 6593): BT_WAKE is asserted already
W/BtOppService( 6593): updateShare() called for ID 1 with null URI
D/bt_vendor( 6593): op for 7
D/bt_upio ( 6593): BT_WAKE is asserted already
D/bt_vendor( 6593): op for 7
D/bt_upio ( 6593): BT_WAKE is asserted already
D/bt_vendor( 6593): op for 7
D/bt_upio ( 6593): BT_WAKE is asserted already
D/bt_vendor( 6593): op for 7
D/bt_upio ( 6593): BT_WAKE is asserted already
D/bt_vendor( 6593): op for 7
D/bt_upio ( 6593): BT_WAKE is asserted already
D/bt_vendor( 6593): op for 7
D/bt_upio ( 6593): BT_WAKE is asserted already
D/bt_vendor( 6593): op for 7
D/bt_upio ( 6593): BT_WAKE is asserted already
D/bt_vendor( 6593): op for 7
D/bt_upio ( 6593): BT_WAKE is asserted already
D/bt_vendor( 6593): op for 7
D/bt_upio ( 6593): BT_WAKE is asserted already
D/bt_vendor( 6593): op for 7
D/bt_upio ( 6593): BT_WAKE is asserted already
D/bt_vendor( 6593): op for 7
D/bt_upio ( 6593): BT_WAKE is asserted already
V/Obex ServerOperation( 6593): sendReply reading headerID 2 length 64386
V/Obex ServerOperation( 6593): sendReply reading 64383
V/Obex ServerOperation( 6593): sendReply read 64383
E/ObexHelper( 6593): updateHeaderSet headerID = 203
E/ObexHelper( 6593): updateHeaderSet headerID = 72
V/Obex ServerOperation( 6593): continueOperation:ServerSet SRM sendEmpty clause
V/ObexHelper( 6593): getLocalSrmStatus: true
V/Obex ServerOperation( 6593): continueOperation: Server SRM enabled
V/ObexHelper( 6593): getLocalSrmpWait: false
D/bt_vendor( 6593): op for 7
D/bt_upio ( 6593): BT_WAKE is asserted already
V/Obex ServerOperation( 6593): continueOperation
V/ObexHelper( 6593): getLocalSrmpWait: false
V/Obex ServerOperation( 6593): sendReply type: 144, suppress: true, SRMP WAIT: falsesupressReceive: false
V/ObexHelper( 6593): getLocalSrmpWait: false
D/bt_vendor( 6593): op for 7
D/bt_upio ( 6593): BT_WAKE is asserted already
D/bt_vendor( 6593): op for 7
D/bt_upio ( 6593): BT_WAKE is asserted already
D/bt_vendor( 6593): op for 7
D/bt_upio ( 6593): BT_WAKE is asserted already
D/bt_vendor( 6593): op for 7
D/bt_upio ( 6593): BT_WAKE is asserted already
D/bt_vendor( 6593): op for 7
D/bt_upio ( 6593): BT_WAKE is asserted already
D/bt_vendor( 6593): op for 7
D/bt_upio ( 6593): BT_WAKE is asserted already
D/bt_vendor( 6593): op for 7
D/bt_upio ( 6593): BT_WAKE is asserted already
D/bt_vendor( 6593): op for 7
D/bt_upio ( 6593): BT_WAKE is asserted already
D/bt_vendor( 6593): op for 7
D/bt_upio ( 6593): BT_WAKE is asserted already
D/bt_vendor( 6593): op for 7
D/bt_upio ( 6593): BT_WAKE is asserted already
D/bt_vendor( 6593): op for 7
D/bt_upio ( 6593): BT_WAKE is asserted already
D/bt_vendor( 6593): op for 7
D/bt_upio ( 6593): BT_WAKE is asserted already
V/Obex ServerOperation( 6593): sendReply reading headerID 2 length 64386
V/Obex ServerOperation( 6593): sendReply reading 64383
V/Obex ServerOperation( 6593): sendReply read 64383
E/ObexHelper( 6593): updateHeaderSet headerID = 203
E/ObexHelper( 6593): updateHeaderSet headerID = 72
V/Obex ServerOperation( 6593): continueOperation:ServerSet SRM sendEmpty clause
V/ObexHelper( 6593): getLocalSrmStatus: true
V/Obex ServerOperation( 6593): continueOperation: Server SRM enabled
V/ObexHelper( 6593): getLocalSrmpWait: false
V/Obex ServerOperation( 6593): continueOperation
D/bt_vendor( 6593): op for 7
D/bt_upio ( 6593): BT_WAKE is asserted already
V/ObexHelper( 6593): getLocalSrmpWait: false
V/Obex ServerOperation( 6593): sendReply type: 144, suppress: true, SRMP WAIT: falsesupressReceive: false
V/ObexHelper( 6593): getLocalSrmpWait: false
D/bt_vendor( 6593): op for 7
D/bt_upio ( 6593): BT_WAKE is asserted already
D/bt_vendor( 6593): op for 7
D/bt_upio ( 6593): BT_WAKE is asserted already
D/bt_vendor( 6593): op for 7
D/bt_upio ( 6593): BT_WAKE is asserted already
D/bt_vendor( 6593): op for 7
D/bt_upio ( 6593): BT_WAKE is asserted already
D/TaskPersister( 4110): removeObsoleteFile: deleting file=13_task_thumbnail.png
D/bt_vendor( 6593): op for 7
D/bt_upio ( 6593): BT_WAKE is asserted already
W/BtOppService( 6593): updateShare() called for ID 1 with null URI
D/bt_vendor( 6593): op for 7
D/bt_upio ( 6593): BT_WAKE is asserted already
D/bt_vendor( 6593): op for 7
D/bt_upio ( 6593): BT_WAKE is asserted already
D/bt_vendor( 6593): op for 7
D/bt_upio ( 6593): BT_WAKE is asserted already
D/bt_vendor( 6593): op for 7
D/bt_upio ( 6593): BT_WAKE is asserted already
D/bt_vendor( 6593): op for 7
D/bt_upio ( 6593): BT_WAKE is asserted already
D/bt_vendor( 6593): op for 7
D/bt_upio ( 6593): BT_WAKE is asserted already
I/art     ( 4110): Explicit concurrent mark sweep GC freed 12196(1016KB) AllocSpace objects, 6(2MB) LOS objects, 31% free, 34MB/50MB, paused 2.638ms total 103.415ms
D/bt_vendor( 6593): op for 7
D/bt_upio ( 6593): BT_WAKE is asserted already
V/Obex ServerOperation( 6593): sendReply reading headerID 2 length 64386
V/Obex ServerOperation( 6593): sendReply reading 64383
V/Obex ServerOperation( 6593): sendReply read 64383
E/ObexHelper( 6593): updateHeaderSet headerID = 203
E/ObexHelper( 6593): updateHeaderSet headerID = 72
V/Obex ServerOperation( 6593): continueOperation:ServerSet SRM sendEmpty clause
V/ObexHelper( 6593): getLocalSrmStatus: true
V/Obex ServerOperation( 6593): continueOperation: Server SRM enabled
V/ObexHelper( 6593): getLocalSrmpWait: false
V/Obex ServerOperation( 6593): continueOperation
V/ObexHelper( 6593): getLocalSrmpWait: false
V/Obex ServerOperation( 6593): sendReply type: 144, suppress: true, SRMP WAIT: falsesupressReceive: false
V/ObexHelper( 6593): getLocalSrmpWait: false
D/bt_vendor( 6593): op for 7
D/bt_upio ( 6593): BT_WAKE is asserted already
D/bt_vendor( 6593): op for 7
D/bt_upio ( 6593): BT_WAKE is asserted already
D/bt_vendor( 6593): op for 7
D/bt_upio ( 6593): BT_WAKE is asserted already
D/bt_vendor( 6593): op for 7
D/bt_upio ( 6593): BT_WAKE is asserted already
D/bt_vendor( 6593): op for 7
D/bt_upio ( 6593): BT_WAKE is asserted already
D/bt_vendor( 6593): op for 7
D/bt_upio ( 6593): BT_WAKE is asserted already
D/bt_vendor( 6593): op for 7
D/bt_upio ( 6593): BT_WAKE is asserted already
D/bt_vendor( 6593): op for 7
D/bt_upio ( 6593): BT_WAKE is asserted already
D/bt_vendor( 6593): op for 7
D/bt_upio ( 6593): BT_WAKE is asserted already
D/bt_vendor( 6593): op for 7
D/bt_upio ( 6593): BT_WAKE is asserted already
D/bt_vendor( 6593): op for 7
D/bt_upio ( 6593): BT_WAKE is asserted already
D/bt_vendor( 6593): op for 7
D/bt_upio ( 6593): BT_WAKE is asserted already
V/Obex ServerOperation( 6593): sendReply reading headerID 2 length 64386
D/bt_vendor( 6593): op for 7
D/bt_upio ( 6593): BT_WAKE is asserted already
V/Obex ServerOperation( 6593): sendReply reading 64383
V/Obex ServerOperation( 6593): sendReply read 64383
E/ObexHelper( 6593): updateHeaderSet headerID = 203
E/ObexHelper( 6593): updateHeaderSet headerID = 72
V/Obex ServerOperation( 6593): continueOperation:ServerSet SRM sendEmpty clause
V/ObexHelper( 6593): getLocalSrmStatus: true
V/Obex ServerOperation( 6593): continueOperation: Server SRM enabled
V/ObexHelper( 6593): getLocalSrmpWait: false
V/Obex ServerOperation( 6593): continueOperation
V/ObexHelper( 6593): getLocalSrmpWait: false
V/Obex ServerOperation( 6593): sendReply type: 144, suppress: true, SRMP WAIT: falsesupressReceive: false
V/ObexHelper( 6593): getLocalSrmpWait: false
D/bt_vendor( 6593): op for 7
D/bt_upio ( 6593): BT_WAKE is asserted already
D/bt_vendor( 6593): op for 7
D/bt_upio ( 6593): BT_WAKE is asserted already
D/bt_vendor( 6593): op for 7
D/bt_upio ( 6593): BT_WAKE is asserted already
D/bt_vendor( 6593): op for 7
D/bt_upio ( 6593): BT_WAKE is asserted already
D/bt_vendor( 6593): op for 7
D/bt_upio ( 6593): BT_WAKE is asserted already
D/bt_vendor( 6593): op for 7
D/bt_upio ( 6593): BT_WAKE is asserted already
D/bt_vendor( 6593): op for 7
D/bt_upio ( 6593): BT_WAKE is asserted already
D/HeadsetStateMachine( 6593): Disconnected process message: 10, size: 0
D/bt_vendor( 6593): op for 7
D/bt_upio ( 6593): BT_WAKE is asserted already
D/bt_vendor( 6593): op for 7
D/bt_upio ( 6593): BT_WAKE is asserted already
D/bt_vendor( 6593): op for 7
D/bt_upio ( 6593): BT_WAKE is asserted already
W/BtOppService( 6593): updateShare() called for ID 1 with null URI
D/bt_vendor( 6593): op for 7
D/bt_upio ( 6593): BT_WAKE is asserted already
D/bt_vendor( 6593): op for 7
D/bt_upio ( 6593): BT_WAKE is asserted already
V/Obex ServerOperation( 6593): sendReply reading headerID 2 length 64386
V/Obex ServerOperation( 6593): sendReply reading 64383
V/Obex ServerOperation( 6593): sendReply read 64383
E/ObexHelper( 6593): updateHeaderSet headerID = 203
E/ObexHelper( 6593): updateHeaderSet headerID = 72
V/Obex ServerOperation( 6593): continueOperation:ServerSet SRM sendEmpty clause
V/ObexHelper( 6593): getLocalSrmStatus: true
V/Obex ServerOperation( 6593): continueOperation: Server SRM enabled
V/ObexHelper( 6593): getLocalSrmpWait: false
V/Obex ServerOperation( 6593): continueOperation
V/ObexHelper( 6593): getLocalSrmpWait: false
V/Obex ServerOperation( 6593): sendReply type: 144, suppress: true, SRMP WAIT: falsesupressReceive: false
V/ObexHelper( 6593): getLocalSrmpWait: false
D/bt_vendor( 6593): op for 7
D/bt_upio ( 6593): BT_WAKE is asserted already
D/bt_vendor( 6593): op for 7
D/bt_upio ( 6593): BT_WAKE is asserted already
D/bt_vendor( 6593): op for 7
D/bt_upio ( 6593): BT_WAKE is asserted already
D/bt_vendor( 6593): op for 7
D/bt_upio ( 6593): BT_WAKE is asserted already
D/bt_vendor( 6593): op for 7
D/bt_upio ( 6593): BT_WAKE is asserted already
D/bt_vendor( 6593): op for 7
D/bt_upio ( 6593): BT_WAKE is asserted already
D/bt_vendor( 6593): op for 7
D/bt_upio ( 6593): BT_WAKE is asserted already
D/bt_vendor( 6593): op for 7
D/bt_upio ( 6593): BT_WAKE is asserted already
D/bt_vendor( 6593): op for 7
D/bt_upio ( 6593): BT_WAKE is asserted already
D/bt_vendor( 6593): op for 7
D/bt_upio ( 6593): BT_WAKE is asserted already
D/bt_vendor( 6593): op for 7
D/bt_upio ( 6593): BT_WAKE is asserted already
D/bt_vendor( 6593): op for 7
D/bt_upio ( 6593): BT_WAKE is asserted already
D/bt_vendor( 6593): op for 7
D/bt_upio ( 6593): BT_WAKE is asserted already
V/Obex ServerOperation( 6593): sendReply reading headerID 2 length 64386
V/Obex ServerOperation( 6593): sendReply reading 64383
V/Obex ServerOperation( 6593): sendReply read 64383
E/ObexHelper( 6593): updateHeaderSet headerID = 203
E/ObexHelper( 6593): updateHeaderSet headerID = 72
V/Obex ServerOperation( 6593): continueOperation:ServerSet SRM sendEmpty clause
V/ObexHelper( 6593): getLocalSrmStatus: true
V/Obex ServerOperation( 6593): continueOperation: Server SRM enabled
V/ObexHelper( 6593): getLocalSrmpWait: false
V/Obex ServerOperation( 6593): continueOperation
V/ObexHelper( 6593): getLocalSrmpWait: false
V/Obex ServerOperation( 6593): sendReply type: 144, suppress: true, SRMP WAIT: falsesupressReceive: false
V/ObexHelper( 6593): getLocalSrmpWait: false
D/bt_vendor( 6593): op for 7
D/bt_upio ( 6593): BT_WAKE is asserted already
D/bt_vendor( 6593): op for 7
D/bt_upio ( 6593): BT_WAKE is asserted already
D/bt_vendor( 6593): op for 7
D/bt_upio ( 6593): BT_WAKE is asserted already
D/bt_vendor( 6593): op for 7
D/bt_upio ( 6593): BT_WAKE is asserted already
D/bt_vendor( 6593): op for 7
D/bt_upio ( 6593): BT_WAKE is asserted already
D/bt_vendor( 6593): op for 7
D/bt_upio ( 6593): BT_WAKE is asserted already
D/bt_vendor( 6593): op for 7
D/bt_upio ( 6593): BT_WAKE is asserted already
D/bt_vendor( 6593): op for 7
D/bt_upio ( 6593): BT_WAKE is asserted already
D/bt_vendor( 6593): op for 7
D/bt_upio ( 6593): BT_WAKE is asserted already
D/bt_vendor( 6593): op for 7
D/bt_upio ( 6593): BT_WAKE is asserted already
W/BtOppService( 6593): updateShare() called for ID 1 with null URI
D/bt_vendor( 6593): op for 7
D/bt_upio ( 6593): BT_WAKE is asserted already
D/bt_vendor( 6593): op for 7
D/bt_upio ( 6593): BT_WAKE is asserted already
D/bt_vendor( 6593): op for 7
D/bt_upio ( 6593): BT_WAKE is asserted already
V/Obex ServerOperation( 6593): sendReply reading headerID 2 length 64386
V/Obex ServerOperation( 6593): sendReply reading 64383
V/Obex ServerOperation( 6593): sendReply read 64383
E/ObexHelper( 6593): updateHeaderSet headerID = 203
E/ObexHelper( 6593): updateHeaderSet headerID = 72
V/Obex ServerOperation( 6593): continueOperation:ServerSet SRM sendEmpty clause
V/ObexHelper( 6593): getLocalSrmStatus: true
V/Obex ServerOperation( 6593): continueOperation: Server SRM enabled
V/ObexHelper( 6593): getLocalSrmpWait: false
V/Obex ServerOperation( 6593): continueOperation
V/ObexHelper( 6593): getLocalSrmpWait: false
V/Obex ServerOperation( 6593): sendReply type: 144, suppress: true, SRMP WAIT: falsesupressReceive: false
V/ObexHelper( 6593): getLocalSrmpWait: false
D/bt_vendor( 6593): op for 7
D/bt_upio ( 6593): BT_WAKE is asserted already
D/bt_vendor( 6593): op for 7
D/bt_upio ( 6593): BT_WAKE is asserted already
D/bt_vendor( 6593): op for 7
D/bt_upio ( 6593): BT_WAKE is asserted already
D/bt_vendor( 6593): op for 7
D/bt_upio ( 6593): BT_WAKE is asserted already
D/bt_vendor( 6593): op for 7
D/bt_upio ( 6593): BT_WAKE is asserted already
D/bt_vendor( 6593): op for 7
D/bt_upio ( 6593): BT_WAKE is asserted already
D/bt_vendor( 6593): op for 7
D/bt_upio ( 6593): BT_WAKE is asserted already
D/bt_vendor( 6593): op for 7
D/bt_upio ( 6593): BT_WAKE is asserted already
D/bt_vendor( 6593): op for 7
D/bt_upio ( 6593): BT_WAKE is asserted already
D/bt_vendor( 6593): op for 7
D/bt_upio ( 6593): BT_WAKE is asserted already
D/bt_vendor( 6593): op for 7
D/bt_upio ( 6593): BT_WAKE is asserted already
D/bt_vendor( 6593): op for 7
D/bt_upio ( 6593): BT_WAKE is asserted already
D/bt_vendor( 6593): op for 7
D/bt_upio ( 6593): BT_WAKE is asserted already
V/Obex ServerOperation( 6593): sendReply reading headerID 2 length 64386
V/Obex ServerOperation( 6593): sendReply reading 64383
V/Obex ServerOperation( 6593): sendReply read 64383
E/ObexHelper( 6593): updateHeaderSet headerID = 203
E/ObexHelper( 6593): updateHeaderSet headerID = 72
V/Obex ServerOperation( 6593): continueOperation:ServerSet SRM sendEmpty clause
V/ObexHelper( 6593): getLocalSrmStatus: true
V/Obex ServerOperation( 6593): continueOperation: Server SRM enabled
V/ObexHelper( 6593): getLocalSrmpWait: false
V/Obex ServerOperation( 6593): continueOperation
V/ObexHelper( 6593): getLocalSrmpWait: false
V/Obex ServerOperation( 6593): sendReply type: 144, suppress: true, SRMP WAIT: falsesupressReceive: false
V/ObexHelper( 6593): getLocalSrmpWait: false
D/bt_vendor( 6593): op for 7
D/bt_upio ( 6593): BT_WAKE is asserted already
D/bt_vendor( 6593): op for 7
D/bt_upio ( 6593): BT_WAKE is asserted already
D/bt_vendor( 6593): op for 7
D/bt_upio ( 6593): BT_WAKE is asserted already
D/bt_vendor( 6593): op for 7
D/bt_upio ( 6593): BT_WAKE is asserted already
D/bt_vendor( 6593): op for 7
D/bt_upio ( 6593): BT_WAKE is asserted already
D/bt_vendor( 6593): op for 7
D/bt_upio ( 6593): BT_WAKE is asserted already
D/bt_vendor( 6593): op for 7
D/bt_upio ( 6593): BT_WAKE is asserted already
D/bt_vendor( 6593): op for 7
D/bt_upio ( 6593): BT_WAKE is asserted already
D/bt_vendor( 6593): op for 7
D/bt_upio ( 6593): BT_WAKE is asserted already
W/BtOppService( 6593): updateShare() called for ID 1 with null URI
D/bt_vendor( 6593): op for 7
D/bt_upio ( 6593): BT_WAKE is asserted already
D/bt_vendor( 6593): op for 7
D/bt_upio ( 6593): BT_WAKE is asserted already
D/bt_vendor( 6593): op for 7
D/bt_upio ( 6593): BT_WAKE is asserted already
V/Obex ServerOperation( 6593): sendReply reading headerID 2 length 64386
D/bt_vendor( 6593): op for 7
V/Obex ServerOperation( 6593): sendReply reading 64383
D/bt_upio ( 6593): BT_WAKE is asserted already
V/Obex ServerOperation( 6593): sendReply read 64383
E/ObexHelper( 6593): updateHeaderSet headerID = 203
E/ObexHelper( 6593): updateHeaderSet headerID = 72
V/Obex ServerOperation( 6593): continueOperation:ServerSet SRM sendEmpty clause
V/ObexHelper( 6593): getLocalSrmStatus: true
V/Obex ServerOperation( 6593): continueOperation: Server SRM enabled
V/ObexHelper( 6593): getLocalSrmpWait: false
V/Obex ServerOperation( 6593): continueOperation
V/ObexHelper( 6593): getLocalSrmpWait: false
V/Obex ServerOperation( 6593): sendReply type: 144, suppress: true, SRMP WAIT: falsesupressReceive: false
V/ObexHelper( 6593): getLocalSrmpWait: false
D/bt_vendor( 6593): op for 7
D/bt_upio ( 6593): BT_WAKE is asserted already
D/bt_vendor( 6593): op for 7
D/bt_upio ( 6593): BT_WAKE is asserted already
D/bt_vendor( 6593): op for 7
D/bt_upio ( 6593): BT_WAKE is asserted already
D/bt_vendor( 6593): op for 7
D/bt_upio ( 6593): BT_WAKE is asserted already
D/bt_vendor( 6593): op for 7
D/bt_upio ( 6593): BT_WAKE is asserted already
D/bt_vendor( 6593): op for 7
D/bt_upio ( 6593): BT_WAKE is asserted already
D/bt_vendor( 6593): op for 7
D/bt_upio ( 6593): BT_WAKE is asserted already
D/bt_vendor( 6593): op for 7
D/bt_upio ( 6593): BT_WAKE is asserted already
D/bt_vendor( 6593): op for 7
D/bt_upio ( 6593): BT_WAKE is asserted already
D/bt_vendor( 6593): op for 7
D/bt_upio ( 6593): BT_WAKE is asserted already
D/bt_vendor( 6593): op for 7
D/bt_upio ( 6593): BT_WAKE is asserted already
D/bt_vendor( 6593): op for 7
D/bt_upio ( 6593): BT_WAKE is asserted already
V/Obex ServerOperation( 6593): sendReply reading headerID 2 length 64386
V/Obex ServerOperation( 6593): sendReply reading 64383
V/Obex ServerOperation( 6593): sendReply read 64383
E/ObexHelper( 6593): updateHeaderSet headerID = 203
E/ObexHelper( 6593): updateHeaderSet headerID = 72
V/Obex ServerOperation( 6593): continueOperation:ServerSet SRM sendEmpty clause
V/ObexHelper( 6593): getLocalSrmStatus: true
V/Obex ServerOperation( 6593): continueOperation: Server SRM enabled
V/ObexHelper( 6593): getLocalSrmpWait: false
D/bt_vendor( 6593): op for 7
D/bt_upio ( 6593): BT_WAKE is asserted already
V/Obex ServerOperation( 6593): continueOperation
V/ObexHelper( 6593): getLocalSrmpWait: false
V/Obex ServerOperation( 6593): sendReply type: 144, suppress: true, SRMP WAIT: falsesupressReceive: false
V/ObexHelper( 6593): getLocalSrmpWait: false
D/bt_vendor( 6593): op for 7
D/bt_upio ( 6593): BT_WAKE is asserted already
D/bt_vendor( 6593): op for 7
D/bt_upio ( 6593): BT_WAKE is asserted already
D/bt_vendor( 6593): op for 7
D/bt_upio ( 6593): BT_WAKE is asserted already
D/bt_vendor( 6593): op for 7
D/bt_upio ( 6593): BT_WAKE is asserted already
D/bt_vendor( 6593): op for 7
D/bt_upio ( 6593): BT_WAKE is asserted already
D/bt_vendor( 6593): op for 7
D/bt_upio ( 6593): BT_WAKE is asserted already
D/bt_vendor( 6593): op for 7
D/bt_upio ( 6593): BT_WAKE is asserted already
D/bt_vendor( 6593): op for 7
D/bt_upio ( 6593): BT_WAKE is asserted already
D/bt_vendor( 6593): op for 7
D/bt_upio ( 6593): BT_WAKE is asserted already
W/BtOppService( 6593): updateShare() called for ID 1 with null URI
D/bt_vendor( 6593): op for 7
D/bt_upio ( 6593): BT_WAKE is asserted already
D/bt_vendor( 6593): op for 7
D/bt_upio ( 6593): BT_WAKE is asserted already
D/bt_vendor( 6593): op for 7
D/bt_upio ( 6593): BT_WAKE is asserted already
V/Obex ServerOperation( 6593): sendReply reading headerID 2 length 64386
V/Obex ServerOperation( 6593): sendReply reading 64383
V/Obex ServerOperation( 6593): sendReply read 64383
E/ObexHelper( 6593): updateHeaderSet headerID = 203
E/ObexHelper( 6593): updateHeaderSet headerID = 72
V/Obex ServerOperation( 6593): continueOperation:ServerSet SRM sendEmpty clause
V/ObexHelper( 6593): getLocalSrmStatus: true
V/Obex ServerOperation( 6593): continueOperation: Server SRM enabled
V/ObexHelper( 6593): getLocalSrmpWait: false
D/PhoneStatusBar( 4435): disable: < expand ICONS* alerts SYSTEM_INFO* back home recent clock search >
V/Obex ServerOperation( 6593): continueOperation
V/ObexHelper( 6593): getLocalSrmpWait: false
V/Obex ServerOperation( 6593): sendReply type: 144, suppress: true, SRMP WAIT: falsesupressReceive: false
V/ObexHelper( 6593): getLocalSrmpWait: false
D/bt_vendor( 6593): op for 7
D/bt_upio ( 6593): BT_WAKE is asserted already
D/bt_vendor( 6593): op for 7
D/bt_upio ( 6593): BT_WAKE is asserted already
D/bt_vendor( 6593): op for 7
D/bt_upio ( 6593): BT_WAKE is asserted already
D/bt_vendor( 6593): op for 7
D/bt_upio ( 6593): BT_WAKE is asserted already
D/bt_vendor( 6593): op for 7
D/bt_upio ( 6593): BT_WAKE is asserted already
D/bt_vendor( 6593): op for 7
D/bt_upio ( 6593): BT_WAKE is asserted already
D/bt_vendor( 6593): op for 7
D/bt_upio ( 6593): BT_WAKE is asserted already
D/bt_vendor( 6593): op for 7
D/bt_upio ( 6593): BT_WAKE is asserted already
D/bt_vendor( 6593): op for 7
D/bt_upio ( 6593): BT_WAKE is asserted already
D/bt_vendor( 6593): op for 7
D/bt_upio ( 6593): BT_WAKE is asserted already
D/bt_vendor( 6593): op for 7
D/bt_upio ( 6593): BT_WAKE is asserted already
D/bt_vendor( 6593): op for 7
D/bt_upio ( 6593): BT_WAKE is asserted already
D/bt_vendor( 6593): op for 7
D/bt_upio ( 6593): BT_WAKE is asserted already
V/Obex ServerOperation( 6593): sendReply reading headerID 2 length 64386
V/Obex ServerOperation( 6593): sendReply reading 64383
V/Obex ServerOperation( 6593): sendReply read 64383
E/ObexHelper( 6593): updateHeaderSet headerID = 203
E/ObexHelper( 6593): updateHeaderSet headerID = 72
V/Obex ServerOperation( 6593): continueOperation:ServerSet SRM sendEmpty clause
V/ObexHelper( 6593): getLocalSrmStatus: true
V/Obex ServerOperation( 6593): continueOperation: Server SRM enabled
V/ObexHelper( 6593): getLocalSrmpWait: false
V/Obex ServerOperation( 6593): continueOperation
V/ObexHelper( 6593): getLocalSrmpWait: false
V/Obex ServerOperation( 6593): sendReply type: 144, suppress: true, SRMP WAIT: falsesupressReceive: false
V/ObexHelper( 6593): getLocalSrmpWait: false
D/bt_vendor( 6593): op for 7
D/bt_upio ( 6593): BT_WAKE is asserted already
D/bt_vendor( 6593): op for 7
D/bt_upio ( 6593): BT_WAKE is asserted already
D/bt_vendor( 6593): op for 7
D/bt_upio ( 6593): BT_WAKE is asserted already
D/bt_vendor( 6593): op for 7
D/bt_upio ( 6593): BT_WAKE is asserted already
D/bt_vendor( 6593): op for 7
D/bt_upio ( 6593): BT_WAKE is asserted already
D/bt_vendor( 6593): op for 7
D/bt_upio ( 6593): BT_WAKE is asserted already
D/bt_vendor( 6593): op for 7
D/bt_upio ( 6593): BT_WAKE is asserted already
D/bt_vendor( 6593): op for 7
D/bt_upio ( 6593): BT_WAKE is asserted already
W/BtOppService( 6593): updateShare() called for ID 1 with null URI
D/bt_vendor( 6593): op for 7
D/bt_upio ( 6593): BT_WAKE is asserted already
D/bt_vendor( 6593): op for 7
D/bt_upio ( 6593): BT_WAKE is asserted already
D/bt_vendor( 6593): op for 7
D/bt_upio ( 6593): BT_WAKE is asserted already
D/bt_vendor( 6593): op for 7
D/bt_upio ( 6593): BT_WAKE is asserted already
D/bt_vendor( 6593): op for 7
D/bt_upio ( 6593): BT_WAKE is asserted already
V/Obex ServerOperation( 6593): sendReply reading headerID 2 length 64386
V/Obex ServerOperation( 6593): sendReply reading 64383
V/Obex ServerOperation( 6593): sendReply read 64383
E/ObexHelper( 6593): updateHeaderSet headerID = 203
E/ObexHelper( 6593): updateHeaderSet headerID = 72
V/Obex ServerOperation( 6593): continueOperation:ServerSet SRM sendEmpty clause
V/ObexHelper( 6593): getLocalSrmStatus: true
V/Obex ServerOperation( 6593): continueOperation: Server SRM enabled
V/ObexHelper( 6593): getLocalSrmpWait: false
V/Obex ServerOperation( 6593): continueOperation
V/ObexHelper( 6593): getLocalSrmpWait: false
V/Obex ServerOperation( 6593): sendReply type: 144, suppress: true, SRMP WAIT: falsesupressReceive: false
V/ObexHelper( 6593): getLocalSrmpWait: false
D/bt_vendor( 6593): op for 7
D/bt_upio ( 6593): BT_WAKE is asserted already
D/bt_vendor( 6593): op for 7
D/bt_upio ( 6593): BT_WAKE is asserted already
D/bt_vendor( 6593): op for 7
D/bt_upio ( 6593): BT_WAKE is asserted already
D/bt_vendor( 6593): op for 7
D/bt_upio ( 6593): BT_WAKE is asserted already
D/bt_vendor( 6593): op for 7
D/bt_upio ( 6593): BT_WAKE is asserted already
D/bt_vendor( 6593): op for 7
D/bt_upio ( 6593): BT_WAKE is asserted already
D/bt_vendor( 6593): op for 7
D/bt_upio ( 6593): BT_WAKE is asserted already
D/bt_vendor( 6593): op for 7
D/bt_upio ( 6593): BT_WAKE is asserted already
D/bt_vendor( 6593): op for 7
D/bt_upio ( 6593): BT_WAKE is asserted already
D/bt_vendor( 6593): op for 7
D/bt_upio ( 6593): BT_WAKE is asserted already
D/bt_vendor( 6593): op for 7
D/bt_upio ( 6593): BT_WAKE is asserted already
D/bt_vendor( 6593): op for 7
D/bt_upio ( 6593): BT_WAKE is asserted already
V/Obex ServerOperation( 6593): sendReply reading headerID 2 length 64386
D/bt_vendor( 6593): op for 7
D/bt_upio ( 6593): BT_WAKE is asserted already
V/Obex ServerOperation( 6593): sendReply reading 64383
V/Obex ServerOperation( 6593): sendReply read 64383
E/ObexHelper( 6593): updateHeaderSet headerID = 203
E/ObexHelper( 6593): updateHeaderSet headerID = 72
V/Obex ServerOperation( 6593): continueOperation:ServerSet SRM sendEmpty clause
V/ObexHelper( 6593): getLocalSrmStatus: true
V/Obex ServerOperation( 6593): continueOperation: Server SRM enabled
V/ObexHelper( 6593): getLocalSrmpWait: false
V/Obex ServerOperation( 6593): continueOperation
V/ObexHelper( 6593): getLocalSrmpWait: false
V/Obex ServerOperation( 6593): sendReply type: 144, suppress: true, SRMP WAIT: falsesupressReceive: false
V/ObexHelper( 6593): getLocalSrmpWait: false
D/bt_vendor( 6593): op for 7
D/bt_upio ( 6593): BT_WAKE is asserted already
D/bt_vendor( 6593): op for 7
D/bt_upio ( 6593): BT_WAKE is asserted already
D/bt_vendor( 6593): op for 7
D/bt_upio ( 6593): BT_WAKE is asserted already
D/bt_vendor( 6593): op for 7
D/bt_upio ( 6593): BT_WAKE is asserted already
D/bt_vendor( 6593): op for 7
D/bt_upio ( 6593): BT_WAKE is asserted already
D/bt_vendor( 6593): op for 7
D/bt_upio ( 6593): BT_WAKE is asserted already
W/BtOppService( 6593): updateShare() called for ID 1 with null URI
D/bt_vendor( 6593): op for 7
D/bt_upio ( 6593): BT_WAKE is asserted already
D/bt_vendor( 6593): op for 7
D/bt_upio ( 6593): BT_WAKE is asserted already
D/bt_vendor( 6593): op for 7
D/bt_upio ( 6593): BT_WAKE is asserted already
D/bt_vendor( 6593): op for 7
D/bt_upio ( 6593): BT_WAKE is asserted already
D/bt_vendor( 6593): op for 7
D/bt_upio ( 6593): BT_WAKE is asserted already
D/bt_vendor( 6593): op for 7
D/bt_upio ( 6593): BT_WAKE is asserted already
V/Obex ServerOperation( 6593): sendReply reading headerID 2 length 64386
V/Obex ServerOperation( 6593): sendReply reading 64383
V/Obex ServerOperation( 6593): sendReply read 64383
E/ObexHelper( 6593): updateHeaderSet headerID = 203
E/ObexHelper( 6593): updateHeaderSet headerID = 72
V/Obex ServerOperation( 6593): continueOperation:ServerSet SRM sendEmpty clause
V/ObexHelper( 6593): getLocalSrmStatus: true
V/Obex ServerOperation( 6593): continueOperation: Server SRM enabled
V/ObexHelper( 6593): getLocalSrmpWait: false
V/Obex ServerOperation( 6593): continueOperation
V/ObexHelper( 6593): getLocalSrmpWait: false
V/Obex ServerOperation( 6593): sendReply type: 144, suppress: true, SRMP WAIT: falsesupressReceive: false
V/ObexHelper( 6593): getLocalSrmpWait: false
D/bt_vendor( 6593): op for 7
D/bt_upio ( 6593): BT_WAKE is asserted already
D/bt_vendor( 6593): op for 7
D/bt_upio ( 6593): BT_WAKE is asserted already
D/bt_vendor( 6593): op for 7
D/bt_upio ( 6593): BT_WAKE is asserted already
D/bt_vendor( 6593): op for 7
D/bt_upio ( 6593): BT_WAKE is asserted already
D/bt_vendor( 6593): op for 7
D/bt_upio ( 6593): BT_WAKE is asserted already
D/bt_vendor( 6593): op for 7
D/bt_upio ( 6593): BT_WAKE is asserted already
D/bt_vendor( 6593): op for 7
D/bt_upio ( 6593): BT_WAKE is asserted already
D/bt_vendor( 6593): op for 7
D/bt_upio ( 6593): BT_WAKE is asserted already
D/bt_vendor( 6593): op for 7
D/bt_upio ( 6593): BT_WAKE is asserted already
D/bt_vendor( 6593): op for 7
D/bt_upio ( 6593): BT_WAKE is asserted already
D/bt_vendor( 6593): op for 7
D/bt_upio ( 6593): BT_WAKE is asserted already
D/bt_vendor( 6593): op for 7
D/bt_upio ( 6593): BT_WAKE is asserted already
D/bt_vendor( 6593): op for 7
D/bt_upio ( 6593): BT_WAKE is asserted already
V/Obex ServerOperation( 6593): sendReply reading headerID 2 length 64386
V/Obex ServerOperation( 6593): sendReply reading 64383
V/Obex ServerOperation( 6593): sendReply read 64383
E/ObexHelper( 6593): updateHeaderSet headerID = 203
E/ObexHelper( 6593): updateHeaderSet headerID = 72
V/Obex ServerOperation( 6593): continueOperation:ServerSet SRM sendEmpty clause
V/ObexHelper( 6593): getLocalSrmStatus: true
V/Obex ServerOperation( 6593): continueOperation: Server SRM enabled
V/ObexHelper( 6593): getLocalSrmpWait: false
V/Obex ServerOperation( 6593): continueOperation
V/ObexHelper( 6593): getLocalSrmpWait: false
V/Obex ServerOperation( 6593): sendReply type: 144, suppress: true, SRMP WAIT: falsesupressReceive: false
V/ObexHelper( 6593): getLocalSrmpWait: false
D/bt_vendor( 6593): op for 7
D/bt_upio ( 6593): BT_WAKE is asserted already
D/bt_vendor( 6593): op for 7
D/bt_upio ( 6593): BT_WAKE is asserted already
V/ActivityManager( 4110): Display changed displayId=0
I/ActivityManager( 4110): Config changes=480 {1.0 ?mcc?mnc en_US ldltr sw360dp w640dp h335dp 480dpi nrml long land finger -keyb/v/h -nav/h s.7 themeResource=themes:{default=overlay:system, iconPack:system, fontPkg:system, com.android.systemui=overlay:system, com.android.systemui.navbar=overlay:system}}
D/bt_vendor( 6593): op for 7
D/bt_upio ( 6593): BT_WAKE is asserted already
I/InputReader( 4110): Reconfiguring input devices.  changes=0x00000004
I/InputReader( 4110): Device reconfigured: id=20, name='sec_touchscreen', size 1080x1920, orientation 3, mode 1, display id 0
W/BtOppService( 6593): updateShare() called for ID 1 with null URI
D/bt_vendor( 6593): op for 7
D/bt_upio ( 6593): BT_WAKE is asserted already
D/bt_vendor( 6593): op for 7
D/bt_upio ( 6593): BT_WAKE is asserted already
D/Index   ( 5042): Locale 'en_US' is already indexed
D/Index   ( 5042): Deleting data for locale 'en_US' took 5 millis
D/bt_vendor( 6593): op for 7
D/bt_upio ( 6593): BT_WAKE is asserted already
D/bt_vendor( 6593): op for 7
D/bt_upio ( 6593): BT_WAKE is asserted already
D/bt_vendor( 6593): op for 7
D/bt_upio ( 6593): BT_WAKE is asserted already
I/Timeline( 4110): Timeline: Activity_windows_visible id: ActivityRecord{818f543 u0 com.android.settings/.Settings$BluetoothSettingsActivity t12} time:873905
I/WindowManager( 4110): Screen frozen for +371ms due to Window{876ec95 u0 com.android.settings/com.android.settings.Settings$BluetoothSettingsActivity}
D/Index   ( 5042): Indexing locale 'en_US' took 121 millis
D/bt_vendor( 6593): op for 7
D/bt_upio ( 6593): BT_WAKE is asserted already
D/bt_vendor( 6593): op for 7
D/bt_upio ( 6593): BT_WAKE is asserted already
D/bt_vendor( 6593): op for 7
D/bt_upio ( 6593): BT_WAKE is asserted already
D/bt_vendor( 6593): op for 7
D/bt_upio ( 6593): BT_WAKE is asserted already
D/bt_vendor( 6593): op for 7
D/bt_upio ( 6593): BT_WAKE is asserted already
V/Obex ServerOperation( 6593): sendReply reading headerID 2 length 64386
V/Obex ServerOperation( 6593): sendReply reading 64383
V/Obex ServerOperation( 6593): sendReply read 64383
E/ObexHelper( 6593): updateHeaderSet headerID = 203
E/ObexHelper( 6593): updateHeaderSet headerID = 72
V/Obex ServerOperation( 6593): continueOperation:ServerSet SRM sendEmpty clause
V/ObexHelper( 6593): getLocalSrmStatus: true
V/Obex ServerOperation( 6593): continueOperation: Server SRM enabled
V/ObexHelper( 6593): getLocalSrmpWait: false
V/Obex ServerOperation( 6593): continueOperation
V/ObexHelper( 6593): getLocalSrmpWait: false
V/Obex ServerOperation( 6593): sendReply type: 144, suppress: true, SRMP WAIT: falsesupressReceive: false
V/ObexHelper( 6593): getLocalSrmpWait: false
D/bt_vendor( 6593): op for 7
D/bt_upio ( 6593): BT_WAKE is asserted already
D/bt_vendor( 6593): op for 7
D/bt_upio ( 6593): BT_WAKE is asserted already
D/bt_vendor( 6593): op for 7
D/bt_upio ( 6593): BT_WAKE is asserted already
D/bt_vendor( 6593): op for 7
D/bt_upio ( 6593): BT_WAKE is asserted already
D/bt_vendor( 6593): op for 7
D/bt_upio ( 6593): BT_WAKE is asserted already
D/bt_vendor( 6593): op for 7
D/bt_upio ( 6593): BT_WAKE is asserted already
D/bt_vendor( 6593): op for 7
D/bt_upio ( 6593): BT_WAKE is asserted already
D/bt_vendor( 6593): op for 7
D/bt_upio ( 6593): BT_WAKE is asserted already
D/bt_vendor( 6593): op for 7
D/bt_upio ( 6593): BT_WAKE is asserted already
D/bt_vendor( 6593): op for 7
D/bt_upio ( 6593): BT_WAKE is asserted already
D/bt_vendor( 6593): op for 7
D/bt_upio ( 6593): BT_WAKE is asserted already
D/bt_vendor( 6593): op for 7
D/bt_upio ( 6593): BT_WAKE is asserted already
D/bt_vendor( 6593): 