V/NatController( 6127): runCmd(/system/bin/iptables -t mangle -A natctrl_mangle_FORWARD -p tcp --tcp-flags SYN SYN -j TCPMSS --clamp-mss-to-pmtu) res=0
I/ServiceManager( 3576): service 'SurfaceFlinger' died
I/ServiceManager( 3576): service 'Exynos.HWCService' died
I/ServiceManager( 3576): service 'media.wifi_display' died
I/ServiceManager( 3576): service 'media.audio_flinger' died
W/init    ( 6336): type=1400 audit(0.0:2340): avc: denied { entrypoint } for path="/system/bin/auditd" dev="mmcblk0p18" ino=173 scontext=u:r:logd:s0 tcontext=u:object_r:system_file:s0 tclass=file
W/init    ( 6336): type=1300 audit(0.0:2340): arch=40000028 syscall=11 per=800000 success=no exit=-13 a0=b6d80954 a1=b6d68530 a2=57e64 a3=ff0000 items=1 ppid=1 auid=4294967295 uid=0 gid=0 euid=0 suid=0 fsuid=0 egid=0 sgid=0 fsgid=0 ses=4294967295 tty=(none) exe="/init" subj=u:r:init:s0 key=(null)
W/auditd  ( 3595): type=1307 audit(0.0:2340): cwd="/"
W/auditd  ( 3595): type=1302 audit(0.0:2340): item=0 name="/system/bin/auditd" inode=173 dev=103:0a mode=0100755 ouid=0 ogid=2000 rdev=00:00 obj=u:object_r:system_file:s0
W/auditd  ( 3595): type=1320 audit(0.0:2340): 
I/Netd    ( 6337): Netd 1.0 starting
E/Netd    ( 6337): Failed to open /proc/sys/net/ipv6/conf/default/accept_ra_rt_table: No such file or directory
E/Netd    ( 6337): Failed to open /proc/sys/net/ipv6/conf/ip6tnl0/accept_ra_rt_table: No such file or directory
E/Netd    ( 6337): Failed to open /proc/sys/net/ipv6/conf/lo/accept_ra_rt_table: No such file or directory
E/Netd    ( 6337): Failed to open /proc/sys/net/ipv6/conf/rmnet0/accept_ra_rt_table: No such file or directory
E/Netd    ( 6337): Failed to open /proc/sys/net/ipv6/conf/rmnet1/accept_ra_rt_table: No such file or directory
E/Netd    ( 6337): Failed to open /proc/sys/net/ipv6/conf/rmnet2/accept_ra_rt_table: No such file or directory
E/Netd    ( 6337): Failed to open /proc/sys/net/ipv6/conf/rmnet3/accept_ra_rt_table: No such file or directory
E/Netd    ( 6337): Failed to open /proc/sys/net/ipv6/conf/sit0/accept_ra_rt_table: No such file or directory
W/auditd  ( 3595): type=1325 audit(0.0:2341): table=filter family=2 entries=38
W/iptables( 6343): type=1300 audit(0.0:2341): arch=40000028 syscall=294 per=800000 success=yes exit=0 a0=4 a1=0 a2=40 a3=b6c25000 items=0 ppid=6337 auid=4294967295 uid=0 gid=0 euid=0 suid=0 fsuid=0 egid=0 sgid=0 fsgid=0 ses=4294967295 tty=(none) exe="/system/bin/iptables" subj=u:r:netd:s0 key=(null)
W/auditd  ( 3595): type=1320 audit(0.0:2341): 
I/SurfaceFlinger( 6339): SurfaceFlinger is starting
I/SurfaceFlinger( 6339): SurfaceFlinger's main thread ready to run. Initializing graphics H/W...
W/auditd  ( 3595): type=1325 audit(0.0:2342): table=filter family=10 entries=35
W/ip6tables( 6346): type=1300 audit(0.0:2342): arch=40000028 syscall=294 per=800000 success=yes exit=0 a0=4 a1=29 a2=40 a3=b6c28000 items=0 ppid=6337 auid=4294967295 uid=0 gid=0 euid=0 suid=0 fsuid=0 egid=0 sgid=0 fsgid=0 ses=4294967295 tty=(none) exe="/system/bin/ip6tables" subj=u:r:netd:s0 key=(null)
W/auditd  ( 3595): type=1320 audit(0.0:2342): 
W/auditd  ( 3595): type=1325 audit(0.0:2343): table=filter family=2 entries=37
W/iptables( 6348): type=1300 audit(0.0:2343): arch=40000028 syscall=294 per=800000 success=yes exit=0 a0=4 a1=0 a2=40 a3=b6c22000 items=0 ppid=6337 auid=4294967295 uid=0 gid=0 euid=0 suid=0 fsuid=0 egid=0 sgid=0 fsgid=0 ses=4294967295 tty=(none) exe="/system/bin/iptables" subj=u:r:netd:s0 key=(null)
W/auditd  ( 3595): type=1320 audit(0.0:2343): 
W/auditd  ( 3595): type=1325 audit(0.0:2344): table=filter family=10 entries=34
W/ip6tables( 6350): type=1300 audit(0.0:2344): arch=40000028 syscall=294 per=800000 success=yes exit=0 a0=4 a1=29 a2=40 a3=b6c23000 items=0 ppid=6337 auid=4294967295 uid=0 gid=0 euid=0 suid=0 fsuid=0 egid=0 sgid=0 fsgid=0 ses=4294967295 tty=(none) exe="/system/bin/ip6tables" subj=u:r:netd:s0 key=(null)
W/auditd  ( 3595): type=1320 audit(0.0:2344): 
D/libEGL  ( 6339): loaded /vendor/lib/egl/libGLES_mali.so
W/auditd  ( 3595): type=1325 audit(0.0:2345): table=filter family=2 entries=37
W/iptables( 6351): type=1300 audit(0.0:2345): arch=40000028 syscall=294 per=800000 success=yes exit=0 a0=4 a1=0 a2=40 a3=b6c22000 items=0 ppid=6337 auid=4294967295 uid=0 gid=0 euid=0 suid=0 fsuid=0 egid=0 sgid=0 fsgid=0 ses=4294967295 tty=(none) exe="/system/bin/iptables" subj=u:r:netd:s0 key=(null)
W/auditd  ( 3595): type=1320 audit(0.0:2345): 
I/        ( 6339): PLATFORM VERSION : JB-MR-2
D/AndroidRuntime( 6342): 
D/AndroidRuntime( 6342): >>>>>> AndroidRuntime START com.android.internal.os.ZygoteInit <<<<<<
D/AndroidRuntime( 6342): CheckJNI is OFF
I/mediaserver( 6340): ServiceManager: 0xb60500c0
I/art     ( 6342): option[0]=-Xzygote
I/art     ( 6342): option[1]=-Xstacktracefile:/data/anr/traces.txt
I/AudioFlinger( 6340): Using default 3000 mSec as standby time.
I/art     ( 6342): option[2]=exit
I/art     ( 6342): option[3]=vfprintf
I/art     ( 6342): option[4]=sensitiveThread
I/art     ( 6342): option[5]=-verbose:gc
I/art     ( 6342): option[6]=-Xms8m
I/art     ( 6342): option[7]=-Xmx512m
I/art     ( 6342): option[8]=-XX:mainThreadStackSize=24K
I/art     ( 6342): option[9]=-XX:HeapGrowthLimit=128m
I/art     ( 6342): option[10]=-XX:HeapMinFree=2m
I/art     ( 6342): option[11]=-XX:HeapMaxFree=8m
I/art     ( 6342): option[12]=-XX:HeapTargetUtilization=0.75
I/art     ( 6342): option[13]=-agentlib:jdwp=transport=dt_android_adb,suspend=n,server=y
I/art     ( 6342): option[14]=-Xlockprofthreshold:500
I/art     ( 6342): option[15]=-Ximage-compiler-option
I/art     ( 6342): option[16]=--runtime-arg
I/art     ( 6342): option[17]=-Ximage-compiler-option
I/art     ( 6342): option[18]=-Xms64m
I/art     ( 6342): option[19]=-Ximage-compiler-option
I/art     ( 6342): option[20]=--runtime-arg
I/art     ( 6342): option[21]=-Ximage-compiler-option
I/art     ( 6342): option[22]=-Xmx64m
I/art     ( 6342): option[23]=-Ximage-compiler-option
I/art     ( 6342): option[24]=--image-classes-zip=/system/framework/framework.jar
I/art     ( 6342): option[25]=-Ximage-compiler-option
I/art     ( 6342): option[26]=--image-classes=preloaded-classes
I/art     ( 6342): option[27]=-Xcompiler-option
I/art     ( 6342): option[28]=--runtime-arg
I/art     ( 6342): option[29]=-Xcompiler-option
I/art     ( 6342): option[30]=-Xms64m
I/ServiceManager( 6340): Waiting for service batterystats...
I/art     ( 6342): option[31]=-Xcompiler-option
I/art     ( 6342): option[32]=--runtime-arg
I/art     ( 6342): option[33]=-Xcompiler-option
I/art     ( 6342): option[34]=-Xmx512m
I/art     ( 6342): option[35]=-Duser.language=es
I/art     ( 6342): option[36]=-Duser.region=US
I/art     ( 6342): Pruning dalvik-cache since we are generating an image and will need to recompile
W/art     ( 6342): Unexpected file type of 
W/art     ( 6342):  encountered.
I/art     ( 6342): Using an offset of 0xff79b000 from default art base address of 0x70000000
I/art     ( 6342): GenerateImage: /system/bin/dex2oat --image=/data/dalvik-cache/arm/system@framework@boot.art --dex-file=/system/framework/core-libart.jar --dex-file=/system/framework/conscrypt.jar --dex-file=/system/framework/okhttp.jar --dex-file=/system/framework/core-junit.jar --dex-file=/system/framework/bouncycastle.jar --dex-file=/system/framework/ext.jar --dex-file=/system/framework/framework.jar --dex-file=/system/framework/telephony-common.jar --dex-file=/system/framework/voip-common.jar --dex-file=/system/framework/ims-common.jar --dex-file=/system/framework/mms-common.jar --dex-file=/system/framework/android.policy.jar --dex-file=/system/framework/apache-xml.jar --oat-file=/data/dalvik-cache/arm/system@framework@boot.oat --instruction-set=arm --instruction-set-features=div --base=0x6f79b000 --runtime-arg -Xms64m --runtime-arg -Xmx64m --image-classes-zip=/system/framework/framework.jar --image-classes=preloaded-classes
I/gralloc ( 6339): using (fd=12)
I/gralloc ( 6339): id           = 
I/gralloc ( 6339): xres         = 1080 px
I/gralloc ( 6339): yres         = 1920 px
I/gralloc ( 6339): xres_virtual = 1080 px
I/gralloc ( 6339): yres_virtual = 3840 px
I/gralloc ( 6339): bpp          = 32
I/gralloc ( 6339): r            = 16:8
I/gralloc ( 6339): g            =  8:8
I/gralloc ( 6339): b            =  0:8
I/gralloc ( 6339): width        = 65 mm (422.030762 dpi)
I/gralloc ( 6339): height       = 115 mm (424.069580 dpi)
I/gralloc ( 6339): refresh rate = 60.00 Hz
W/art     ( 6342): Unexpected file type of 
W/art     ( 6342):  encountered.
W/art     ( 6342): Could not create image space with image file '/system/framework/boot.art'. Attempting to fall back to imageless running. Error was: Failed to generate image '/data/dalvik-cache/arm/system@framework@boot.art': Failed execv(/system/bin/dex2oat --image=/data/dalvik-cache/arm/system@framework@boot.art --dex-file=/system/framework/core-libart.jar --dex-file=/system/framework/conscrypt.jar --dex-file=/system/framework/okhttp.jar --dex-file=/system/framework/core-junit.jar --dex-file=/system/framework/bouncycastle.jar --dex-file=/system/framework/ext.jar --dex-file=/system/framework/framework.jar --dex-file=/system/framework/telephony-common.jar --dex-file=/system/framework/voip-common.jar --dex-file=/system/framework/ims-common.jar --dex-file=/system/framework/mms-common.jar --dex-file=/system/framework/android.policy.jar --dex-file=/system/framework/apache-xml.jar --oat-file=/data/dalvik-cache/arm/system@framework@boot.oat --instruction-set=arm --instruction-set-features=div --base=0x6f79b000 --runtime-arg -Xms64
D/hwcomposer( 6339): using
D/hwcomposer( 6339): xres         = 1080 px
D/hwcomposer( 6339): yres         = 1920 px
D/hwcomposer( 6339): width        = 65 mm (422.030000 dpi)
D/hwcomposer( 6339): height       = 115 mm (424.069000 dpi)
D/hwcomposer( 6339): refresh rate = 60 Hz
E/libexynosv4l2-subdev( 6339): no subdev device found
E/hdmi    ( 6339): failed to open hdmi mixer0 subdev
E/hwcomposer( 6339): openHdmi fail
I/hwcomposer( 6339): PSR info devname = /sys/devices/14400000.fimd_fb/psr_info
I/hwcomposer( 6339): PSR mode is 2(0: video mode, 1: DP PSR mode, 2: MIPI-DSI command mode)
I/SurfaceFlinger( 6339): Using composer version 1.3
I/SurfaceFlinger( 6339): EGL information:
I/SurfaceFlinger( 6339): vendor    : Android
I/SurfaceFlinger( 6339): version   : 1.4 Android META-EGL
I/SurfaceFlinger( 6339): extensions: EGL_KHR_get_all_proc_addresses EGL_ANDROID_presentation_time EGL_KHR_image EGL_KHR_image_base EGL_KHR_gl_texture_2D_image EGL_KHR_gl_texture_cubemap_image EGL_KHR_gl_renderbuffer_image EGL_KHR_fence_sync EGL_KHR_create_context EGL_ANDROID_image_native_buffer EGL_KHR_wait_sync EGL_ANDROID_recordable 
I/SurfaceFlinger( 6339): Client API: OpenGL_ES
I/SurfaceFlinger( 6339): EGLSurface: 8-8-8-8, config=0xb6acf2ac
I/SurfaceFlinger( 6339): OpenGL ES informations:
I/SurfaceFlinger( 6339): vendor    : ARM
I/SurfaceFlinger( 6339): renderer  : Mali-T628
I/SurfaceFlinger( 6339): version   : OpenGL ES 3.0
I/SurfaceFlinger( 6339): extensions: GL_EXT_debug_marker GL_ARM_rgba8 GL_ARM_mali_shader_binary GL_OES_depth24 GL_OES_depth_texture GL_OES_depth_texture_cube_map GL_OES_packed_depth_stencil GL_OES_rgb8_rgba8 GL_EXT_read_format_bgra GL_OES_compressed_paletted_texture GL_OES_compressed_ETC1_RGB8_texture GL_OES_standard_derivatives GL_OES_EGL_image GL_OES_EGL_image_external GL_OES_EGL_sync GL_OES_texture_npot GL_OES_vertex_half_float GL_OES_required_internalformat GL_OES_vertex_array_object GL_OES_mapbuffer GL_EXT_texture_format_BGRA8888 GL_EXT_texture_rg GL_EXT_texture_type_2_10_10_10_REV GL_OES_fbo_render_mipmap GL_OES_element_index_uint GL_EXT_shadow_samplers GL_OES_texture_compression_astc GL_KHR_texture_compression_astc_ldr GL_KHR_texture_compression_astc_hdr GL_KHR_debug GL_EXT_occlusion_query_boolean GL_EXT_blend_minmax GL_EXT_discard_framebuffer GL_OES_get_program_binary GL_OES_texture_3D GL_EXT_texture_storage GL_EXT_multisampled_render_to_texture GL_OES_surfaceless_context GL_ARM_mali_program_binary 
I/SurfaceFlinger( 6339): GL_MAX_TEXTURE_SIZE = 8192
I/SurfaceFlinger( 6339): GL_MAX_VIEWPORT_DIMS = 8192
E/libEGL  ( 6339): eglQuerySurface:607 error 300d (EGL_BAD_SURFACE)
E/libEGL  ( 6339): eglQuerySurface:607 error 300d (EGL_BAD_SURFACE)
E/libEGL  ( 6339): call to OpenGL ES API with no current context (logged once per thread)
D/SurfaceFlinger( 6339): Set power mode=2, type=0 flinger=0xb6a62000
I/hwcomposer( 6339): int exynos5_blank(hwc_composer_device_1*, int, int):: disp(0), blank(0)
I/hwcomposer( 6339): unblank ioctl failed (display already unblanked)
E/libEGL  ( 6339): eglSwapBuffers:1071 error 300d (EGL_BAD_SURFACE)
F/SurfaceFlinger( 6339): eglSwapBuffers(0x1, 0x0) failed with 0x0000300d
F/libc    ( 6339): Fatal signal 6 (SIGABRT), code -6 in tid 6339 (surfaceflinger)
I/DEBUG   ( 3589): property debug.db.uid not set; NOT waiting for gdb.
I/DEBUG   ( 3589): HINT: adb shell setprop debug.db.uid 100000
I/DEBUG   ( 3589): HINT: adb forward tcp:5039 tcp:5039
I/DEBUG   ( 3589): *** *** *** *** *** *** *** *** *** *** *** *** *** *** *** ***
I/DEBUG   ( 3589): Build fingerprint: 'samsung/cm_k3gxx/k3gxx:5.0.2/LRX22G/88e55c58ed:userdebug/test-keys'
I/DEBUG   ( 3589): Revision: '10'
I/DEBUG   ( 3589): ABI: 'arm'
I/DEBUG   ( 3589): pid: 6339, tid: 6339, name: surfaceflinger  >>> /system/bin/surfaceflinger <<<
I/DEBUG   ( 3589): signal 6 (SIGABRT), code -6 (SI_TKILL), fault addr --------
I/DEBUG   ( 3589): Abort message: 'eglSwapBuffers(0x1, 0x0) failed with 0x0000300d'
I/DEBUG   ( 3589):     r0 00000000  r1 000018c3  r2 00000006  r3 00000000
I/DEBUG   ( 3589):     r4 b6ff6114  r5 00000006  r6 0000000b  r7 0000010c
I/DEBUG   ( 3589):     r8 00000000  r9 beb3cbd0  sl b6a54210  fp beb3cbd0
I/DEBUG   ( 3589):     ip 000018c3  sp beb3c650  lr b6f807b9  pc b6fa44e4  cpsr 600f0010
I/DEBUG   ( 3589): 
I/DEBUG   ( 3589): backtrace:
I/DEBUG   ( 3589):     #00 pc 000384e4  /system/lib/libc.so (tgkill+12)
I/DEBUG   ( 3589):     #01 pc 000147b5  /system/lib/libc.so (pthread_kill+52)
I/DEBUG   ( 3589):     #02 pc 0001550b  /system/lib/libc.so (raise+10)
I/DEBUG   ( 3589):     #03 pc 00011c35  /system/lib/libc.so (__libc_android_abort+36)
I/DEBUG   ( 3589):     #04 pc 0000fcb8  /system/lib/libc.so (abort+4)
I/DEBUG   ( 3589):     #05 pc 00007739  /system/lib/libcutils.so (__android_log_assert+88)
I/DEBUG   ( 3589):     #06 pc 0000f4df  /system/lib/libsurfaceflinger.so
I/DEBUG   ( 3589):     #07 pc 0001b9fd  /system/lib/libsurfaceflinger.so
I/DEBUG   ( 3589):     #08 pc 0001abe7  /system/lib/libsurfaceflinger.so
I/DEBUG   ( 3589):     #09 pc 00019fc3  /system/lib/libsurfaceflinger.so
I/DEBUG   ( 3589):     #10 pc 00019d49  /system/lib/libsurfaceflinger.so
I/DEBUG   ( 3589):     #11 pc 00010ed3  /system/lib/libutils.so (android::Looper::pollInner(int)+410)
I/DEBUG   ( 3589):     #12 pc 00010fc5  /system/lib/libutils.so (android::Looper::pollOnce(int, int*, int*, void**)+92)
I/DEBUG   ( 3589):     #13 pc 000174c5  /system/lib/libsurfaceflinger.so
I/DEBUG   ( 3589):     #14 pc 0001993d  /system/lib/libsurfaceflinger.so (android::SurfaceFlinger::run()+8)
I/DEBUG   ( 3589):     #15 pc 0000083d  /system/bin/surfaceflinger
I/DEBUG   ( 3589):     #16 pc 0000fb75  /system/lib/libc.so (__libc_init+44)
I/DEBUG   ( 3589):     #17 pc 000008d8  /system/bin/surfaceflinger
W/auditd  ( 3595): type=1325 audit(0.0:2463): table=raw family=2 entries=8
W/iptables( 6473): type=1300 audit(0.0:2463): arch=40000028 syscall=294 per=800000 success=yes exit=0 a0=4 a1=0 a2=40 a3=b6c1ba00 items=0 ppid=6337 auid=4294967295 uid=0 gid=0 euid=0 suid=0 fsuid=0 egid=0 sgid=0 fsgid=0 ses=4294967295 tty=(none) exe="/system/bin/iptables" subj=u:r:netd:s0 key=(null)
W/auditd  ( 3595): type=1320 audit(0.0:2463): 
W/auditd  ( 3595): type=1325 audit(0.0:2464): table=raw family=10 entries=8
W/ip6tables( 6474): type=1300 audit(0.0:2464): arch=40000028 syscall=294 per=800000 success=yes exit=0 a0=4 a1=29 a2=40 a3=b6c32800 items=0 ppid=6337 auid=4294967295 uid=0 gid=0 euid=0 suid=0 fsuid=0 egid=0 sgid=0 fsgid=0 ses=4294967295 tty=(none) exe="/system/bin/ip6tables" subj=u:r:netd:s0 key=(null)
W/auditd  ( 3595): type=1320 audit(0.0:2464): 
W/auditd  ( 3595): type=1325 audit(0.0:2465): table=raw family=2 entries=8
W/iptables( 6475): type=1300 audit(0.0:2465): arch=40000028 syscall=294 per=800000 success=yes exit=0 a0=4 a1=0 a2=40 a3=b6c30100 items=0 ppid=6337 auid=4294967295 uid=0 gid=0 euid=0 suid=0 fsuid=0 egid=0 sgid=0 fsgid=0 ses=4294967295 tty=(none) exe="/system/bin/iptables" subj=u:r:netd:s0 key=(null)
W/auditd  ( 3595): type=1320 audit(0.0:2465): 
W/auditd  ( 3595): type=1325 audit(0.0:2466): table=raw family=10 entries=8
W/ip6tables( 6476): type=1300 audit(0.0:2466): arch=40000028 syscall=294 per=800000 success=yes exit=0 a0=4 a1=29 a2=40 a3=b6c32400 items=0 ppid=6337 auid=4294967295 uid=0 gid=0 euid=0 suid=0 fsuid=0 egid=0 sgid=0 fsgid=0 ses=4294967295 tty=(none) exe="/system/bin/ip6tables" subj=u:r:netd:s0 key=(null)
W/auditd  ( 3595): type=1320 audit(0.0:2466): 
W/auditd  ( 3595): type=1325 audit(0.0:2467): table=raw family=2 entries=6
W/iptables( 6477): type=1300 audit(0.0:2467): arch=40000028 syscall=294 per=800000 success=yes exit=0 a0=4 a1=0 a2=40 a3=b6c20400 items=0 ppid=6337 auid=4294967295 uid=0 gid=0 euid=0 suid=0 fsuid=0 egid=0 sgid=0 fsgid=0 ses=4294967295 tty=(none) exe="/system/bin/iptables" subj=u:r:netd:s0 key=(null)
W/auditd  ( 3595): type=1320 audit(0.0:2467): 
W/auditd  ( 3595): type=1325 audit(0.0:2468): table=raw family=10 entries=6
W/ip6tables( 6478): type=1300 audit(0.0:2468): arch=40000028 syscall=294 per=800000 success=yes exit=0 a0=4 a1=29 a2=40 a3=b6c31800 items=0 ppid=6337 auid=4294967295 uid=0 gid=0 euid=0 suid=0 fsuid=0 egid=0 sgid=0 fsgid=0 ses=4294967295 tty=(none) exe="/system/bin/ip6tables" subj=u:r:netd:s0 key=(null)
W/auditd  ( 3595): type=1320 audit(0.0:2468): 
W/auditd  ( 3595): type=1325 audit(0.0:2469): table=raw family=2 entries=8
W/iptables( 6479): type=1300 audit(0.0:2469): arch=40000028 syscall=294 per=800000 success=yes exit=0 a0=4 a1=0 a2=40 a3=b6c1ba00 items=0 ppid=6337 auid=4294967295 uid=0 gid=0 euid=0 suid=0 fsuid=0 egid=0 sgid=0 fsgid=0 ses=4294967295 tty=(none) exe="/system/bin/iptables" subj=u:r:netd:s0 key=(null)
I/ServiceManager( 6340): Waiting for service batterystats...
V/NatController( 6337): runCmd(/system/bin/iptables -F natctrl_FORWARD) res=0
V/NatController( 6337): runCmd(/system/bin/iptables -A natctrl_FORWARD -j DROP) res=0
V/NatController( 6337): runCmd(/system/bin/iptables -t nat -F natctrl_nat_POSTROUTING) res=0
V/NatController( 6337): runCmd(/system/bin/iptables -F natctrl_tether_counters) res=0
I/DEBUG   ( 3589): 
I/DEBUG   ( 3589): Tombstone written to: /data/tombstones/tombstone_03
V/NatController( 6337): runCmd(/system/bin/iptables -X natctrl_tether_counters) res=0
V/NatController( 6337): runCmd(/system/bin/iptables -N natctrl_tether_counters) res=0
V/NatController( 6337): runCmd(/system/bin/iptables -t mangle -A natctrl_mangle_FORWARD -p tcp --tcp-flags SYN SYN -j TCPMSS --clamp-mss-to-pmtu) res=0
I/ServiceManager( 3576): service 'SurfaceFlinger' died
I/ServiceManager( 3576): service 'Exynos.HWCService' died
I/ServiceManager( 3576): service 'media.wifi_display' died
I/ServiceManager( 3576): service 'media.audio_flinger' died
W/init    ( 6552): type=1400 audit(0.0:2531): avc: denied { entrypoint } for path="/system/bin/auditd" dev="mmcblk0p18" ino=173 scontext=u:r:logd:s0 tcontext=u:object_r:system_file:s0 tclass=file
W/init    ( 6552): type=1300 audit(0.0:2531): arch=40000028 syscall=11 per=800000 success=no exit=-13 a0=b6d80954 a1=b6d68530 a2=57e64 a3=ff0000 items=1 ppid=1 auid=4294967295 uid=0 gid=0 euid=0 suid=0 fsuid=0 egid=0 sgid=0 fsgid=0 ses=4294967295 tty=(none) exe="/init" subj=u:r:init:s0 key=(null)
W/auditd  ( 3595): type=1307 audit(0.0:2531): cwd="/"
W/auditd  ( 3595): type=1302 audit(0.0:2531): item=0 name="/system/bin/auditd" inode=173 dev=103:0a mode=0100755 ouid=0 ogid=2000 rdev=00:00 obj=u:object_r:system_file:s0
W/auditd  ( 3595): type=1320 audit(0.0:2531): 
I/Netd    ( 6553): Netd 1.0 starting
E/Netd    ( 6553): Failed to open /proc/sys/net/ipv6/conf/default/accept_ra_rt_table: No such file or directory
E/Netd    ( 6553): Failed to open /proc/sys/net/ipv6/conf/ip6tnl0/accept_ra_rt_table: No such file or directory
E/Netd    ( 6553): Failed to open /proc/sys/net/ipv6/conf/lo/accept_ra_rt_table: No such file or directory
E/Netd    ( 6553): Failed to open /proc/sys/net/ipv6/conf/rmnet0/accept_ra_rt_table: No such file or directory
E/Netd    ( 6553): Failed to open /proc/sys/net/ipv6/conf/rmnet1/accept_ra_rt_table: No such file or directory
E/Netd    ( 6553): Failed to open /proc/sys/net/ipv6/conf/rmnet2/accept_ra_rt_table: No such file or directory
E/Netd    ( 6553): Failed to open /proc/sys/net/ipv6/conf/rmnet3/accept_ra_rt_table: No such file or directory
E/Netd    ( 6553): Failed to open /proc/sys/net/ipv6/conf/sit0/accept_ra_rt_table: No such file or directory
W/auditd  ( 3595): type=1325 audit(0.0:2532): table=filter family=2 entries=38
W/iptables( 6559): type=1300 audit(0.0:2532): arch=40000028 syscall=294 per=800000 success=yes exit=0 a0=4 a1=0 a2=40 a3=b6c25000 items=0 ppid=6553 auid=4294967295 uid=0 gid=0 euid=0 suid=0 fsuid=0 egid=0 sgid=0 fsgid=0 ses=4294967295 tty=(none) exe="/system/bin/iptables" subj=u:r:netd:s0 key=(null)
W/auditd  ( 3595): type=1320 audit(0.0:2532): 
I/SurfaceFlinger( 6555): SurfaceFlinger is starting
I/SurfaceFlinger( 6555): SurfaceFlinger's main thread ready to run. Initializing graphics H/W...
W/auditd  ( 3595): type=1325 audit(0.0:2533): table=filter family=10 entries=35
W/ip6tables( 6560): type=1300 audit(0.0:2533): arch=40000028 syscall=294 per=800000 success=yes exit=0 a0=4 a1=29 a2=40 a3=b6c28000 items=0 ppid=6553 auid=4294967295 uid=0 gid=0 euid=0 suid=0 fsuid=0 egid=0 sgid=0 fsgid=0 ses=4294967295 tty=(none) exe="/system/bin/ip6tables" subj=u:r:netd:s0 key=(null)
W/auditd  ( 3595): type=1320 audit(0.0:2533): 
W/auditd  ( 3595): type=1325 audit(0.0:2534): table=filter family=2 entries=37
W/iptables( 6565): type=1300 audit(0.0:2534): arch=40000028 syscall=294 per=800000 success=yes exit=0 a0=4 a1=0 a2=40 a3=b6c22000 items=0 ppid=6553 auid=4294967295 uid=0 gid=0 euid=0 suid=0 fsuid=0 egid=0 sgid=0 fsgid=0 ses=4294967295 tty=(none) exe="/system/bin/iptables" subj=u:r:netd:s0 key=(null)
W/auditd  ( 3595): type=1320 audit(0.0:2534): 
W/auditd  ( 3595): type=1325 audit(0.0:2535): table=filter family=10 entries=34
W/ip6tables( 6566): type=1300 audit(0.0:2535): arch=40000028 syscall=294 per=800000 success=yes exit=0 a0=4 a1=29 a2=40 a3=b6c23000 items=0 ppid=6553 auid=4294967295 uid=0 gid=0 euid=0 suid=0 fsuid=0 egid=0 sgid=0 fsgid=0 ses=4294967295 tty=(none) exe="/system/bin/ip6tables" subj=u:r:netd:s0 key=(null)
W/auditd  ( 3595): type=1320 audit(0.0:2535): 
D/libEGL  ( 6555): loaded /vendor/lib/egl/libGLES_mali.so
W/auditd  ( 3595): type=1325 audit(0.0:2536): table=filter family=2 entries=37
W/iptables( 6567): type=1300 audit(0.0:2536): arch=40000028 syscall=294 per=800000 success=yes exit=0 a0=4 a1=0 a2=40 a3=b6c22000 items=0 ppid=6553 auid=4294967295 uid=0 gid=0 euid=0 suid=0 fsuid=0 egid=0 sgid=0 fsgid=0 ses=4294967295 tty=(none) exe="/system/bin/iptables" subj=u:r:netd:s0 key=(null)
W/auditd  ( 3595): type=1320 audit(0.0:2536): 
I/        ( 6555): PLATFORM VERSION : JB-MR-2
I/mediaserver( 6556): ServiceManager: 0xb60500c0
I/AudioFlinger( 6556): Using default 3000 mSec as standby time.
I/ServiceManager( 6556): Waiting for service batterystats...
D/AndroidRuntime( 6558): 
D/AndroidRuntime( 6558): >>>>>> AndroidRuntime START com.android.internal.os.ZygoteInit <<<<<<
D/AndroidRuntime( 6558): CheckJNI is OFF
I/art     ( 6558): option[0]=-Xzygote
I/art     ( 6558): option[1]=-Xstacktracefile:/data/anr/traces.txt
I/art     ( 6558): option[2]=exit
I/art     ( 6558): option[3]=vfprintf
I/art     ( 6558): option[4]=sensitiveThread
I/art     ( 6558): option[5]=-verbose:gc
I/art     ( 6558): option[6]=-Xms8m
I/art     ( 6558): option[7]=-Xmx512m
I/art     ( 6558): option[8]=-XX:mainThreadStackSize=24K
I/art     ( 6558): option[9]=-XX:HeapGrowthLimit=128m
I/art     ( 6558): option[10]=-XX:HeapMinFree=2m
I/art     ( 6558): option[11]=-XX:HeapMaxFree=8m
I/art     ( 6558): option[12]=-XX:HeapTargetUtilization=0.75
I/art     ( 6558): option[13]=-agentlib:jdwp=transport=dt_android_adb,suspend=n,server=y
I/art     ( 6558): option[14]=-Xlockprofthreshold:500
I/art     ( 6558): option[15]=-Ximage-compiler-option
I/art     ( 6558): option[16]=--runtime-arg
I/art     ( 6558): option[17]=-Ximage-compiler-option
I/art     ( 6558): option[18]=-Xms64m
I/art     ( 6558): option[19]=-Ximage-compiler-option
I/art     ( 6558): option[20]=--runtime-arg
I/art     ( 6558): option[21]=-Ximage-compiler-option
I/art     ( 6558): option[22]=-Xmx64m
I/art     ( 6558): option[23]=-Ximage-compiler-option
I/art     ( 6558): option[24]=--image-classes-zip=/system/framework/framework.jar
I/art     ( 6558): option[25]=-Ximage-compiler-option
I/art     ( 6558): option[26]=--image-classes=preloaded-classes
I/art     ( 6558): option[27]=-Xcompiler-option
I/art     ( 6558): option[28]=--runtime-arg
I/art     ( 6558): option[29]=-Xcompiler-option
I/art     ( 6558): option[30]=-Xms64m
I/art     ( 6558): option[31]=-Xcompiler-option
I/art     ( 6558): option[32]=--runtime-arg
I/art     ( 6558): option[33]=-Xcompiler-option
I/art     ( 6558): option[34]=-Xmx512m
I/art     ( 6558): option[35]=-Duser.language=es
I/art     ( 6558): option[36]=-Duser.region=US
I/art     ( 6558): Pruning dalvik-cache since we are generating an image and will need to recompile
W/art     ( 6558): Unexpected file type of 
W/art     ( 6558):  encountered.
I/art     ( 6558): Using an offset of 0xfff9a000 from default art base address of 0x70000000
I/art     ( 6558): GenerateImage: /system/bin/dex2oat --image=/data/dalvik-cache/arm/system@framework@boot.art --dex-file=/system/framework/core-libart.jar --dex-file=/system/framework/conscrypt.jar --dex-file=/system/framework/okhttp.jar --dex-file=/system/framework/core-junit.jar --dex-file=/system/framework/bouncycastle.jar --dex-file=/system/framework/ext.jar --dex-file=/system/framework/framework.jar --dex-file=/system/framework/telephony-common.jar --dex-file=/system/framework/voip-common.jar --dex-file=/system/framework/ims-common.jar --dex-file=/system/framework/mms-common.jar --dex-file=/system/framework/android.policy.jar --dex-file=/system/framework/apache-xml.jar --oat-file=/data/dalvik-cache/arm/system@framework@boot.oat --instruction-set=arm --instruction-set-features=div --base=0x6ff9a000 --runtime-arg -Xms64m --runtime-arg -Xmx64m --image-classes-zip=/system/framework/framework.jar --image-classes=preloaded-classes
I/gralloc ( 6555): using (fd=12)
I/gralloc ( 6555): id           = 
I/gralloc ( 6555): xres         = 1080 px
I/gralloc ( 6555): yres         = 1920 px
I/gralloc ( 6555): xres_virtual = 1080 px
I/gralloc ( 6555): yres_virtual = 3840 px
I/gralloc ( 6555): bpp          = 32
I/gralloc ( 6555): r            = 16:8
I/gralloc ( 6555): g            =  8:8
I/gralloc ( 6555): b            =  0:8
I/gralloc ( 6555): width        = 65 mm (422.030762 dpi)
I/gralloc ( 6555): height       = 115 mm (424.069580 dpi)
I/gralloc ( 6555): refresh rate = 60.00 Hz
W/art     ( 6558): Unexpected file type of 
W/art     ( 6558):  encountered.
W/art     ( 6558): Could not create image space with image file '/system/framework/boot.art'. Attempting to fall back to imageless running. Error was: Failed to generate image '/data/dalvik-cache/arm/system@framework@boot.art': Failed execv(/system/bin/dex2oat --image=/data/dalvik-cache/arm/system@framework@boot.art --dex-file=/system/framework/core-libart.jar --dex-file=/system/framework/conscrypt.jar --dex-file=/system/framework/okhttp.jar --dex-file=/system/framework/core-junit.jar --dex-file=/system/framework/bouncycastle.jar --dex-file=/system/framework/ext.jar --dex-file=/system/framework/framework.jar --dex-file=/system/framework/telephony-common.jar --dex-file=/system/framework/voip-common.jar --dex-file=/system/framework/ims-common.jar --dex-file=/system/framework/mms-common.jar --dex-file=/system/framework/android.policy.jar --dex-file=/system/framework/apache-xml.jar --oat-file=/data/dalvik-cache/arm/system@framework@boot.oat --instruction-set=arm --instruction-set-features=div --base=0x6ff9a000 --runtime-arg -Xms64
D/hwcomposer( 6555): using
D/hwcomposer( 6555): xres         = 1080 px
D/hwcomposer( 6555): yres         = 1920 px
D/hwcomposer( 6555): width        = 65 mm (422.030000 dpi)
D/hwcomposer( 6555): height       = 115 mm (424.069000 dpi)
D/hwcomposer( 6555): refresh rate = 60 Hz
E/libexynosv4l2-subdev( 6555): no subdev device found
E/hdmi    ( 6555): failed to open hdmi mixer0 subdev
E/hwcomposer( 6555): openHdmi fail
I/hwcomposer( 6555): PSR info devname = /sys/devices/14400000.fimd_fb/psr_info
I/hwcomposer( 6555): PSR mode is 2(0: video mode, 1: DP PSR mode, 2: MIPI-DSI command mode)
I/SurfaceFlinger( 6555): Using composer version 1.3
I/SurfaceFlinger( 6555): EGL information:
I/SurfaceFlinger( 6555): vendor    : Android
I/SurfaceFlinger( 6555): version   : 1.4 Android META-EGL
I/SurfaceFlinger( 6555): extensions: EGL_KHR_get_all_proc_addresses EGL_ANDROID_presentation_time EGL_KHR_image EGL_KHR_image_base EGL_KHR_gl_texture_2D_image EGL_KHR_gl_texture_cubemap_image EGL_KHR_gl_renderbuffer_image EGL_KHR_fence_sync EGL_KHR_create_context EGL_ANDROID_image_native_buffer EGL_KHR_wait_sync EGL_ANDROID_recordable 
I/SurfaceFlinger( 6555): Client API: OpenGL_ES
I/SurfaceFlinger( 6555): EGLSurface: 8-8-8-8, config=0xb69cf2ac
I/SurfaceFlinger( 6555): OpenGL ES informations:
I/SurfaceFlinger( 6555): vendor    : ARM
I/SurfaceFlinger( 6555): renderer  : Mali-T628
I/SurfaceFlinger( 6555): version   : OpenGL ES 3.0
I/SurfaceFlinger( 6555): extensions: GL_EXT_debug_marker GL_ARM_rgba8 GL_ARM_mali_shader_binary GL_OES_depth24 GL_OES_depth_texture GL_OES_depth_texture_cube_map GL_OES_packed_depth_stencil GL_OES_rgb8_rgba8 GL_EXT_read_format_bgra GL_OES_compressed_paletted_texture GL_OES_compressed_ETC1_RGB8_texture GL_OES_standard_derivatives GL_OES_EGL_image GL_OES_EGL_image_external GL_OES_EGL_sync GL_OES_texture_npot GL_OES_vertex_half_float GL_OES_required_internalformat GL_OES_vertex_array_object GL_OES_mapbuffer GL_EXT_texture_format_BGRA8888 GL_EXT_texture_rg GL_EXT_texture_type_2_10_10_10_REV GL_OES_fbo_render_mipmap GL_OES_element_index_uint GL_EXT_shadow_samplers GL_OES_texture_compression_astc GL_KHR_texture_compression_astc_ldr GL_KHR_texture_compression_astc_hdr GL_KHR_debug GL_EXT_occlusion_query_boolean GL_EXT_blend_minmax GL_EXT_discard_framebuffer GL_OES_get_program_binary GL_OES_texture_3D GL_EXT_texture_storage GL_EXT_multisampled_render_to_texture GL_OES_surfaceless_context GL_ARM_mali_program_binary 
I/SurfaceFlinger( 6555): GL_MAX_TEXTURE_SIZE = 8192
I/SurfaceFlinger( 6555): GL_MAX_VIEWPORT_DIMS = 8192
E/libEGL  ( 6555): eglQuerySurface:607 error 300d (EGL_BAD_SURFACE)
E/libEGL  ( 6555): eglQuerySurface:607 error 300d (EGL_BAD_SURFACE)
E/libEGL  ( 6555): call to OpenGL ES API with no current context (logged once per thread)
D/SurfaceFlinger( 6555): Set power mode=2, type=0 flinger=0xb6962000
I/hwcomposer( 6555): int exynos5_blank(hwc_composer_device_1*, int, int):: disp(0), blank(0)
I/hwcomposer( 6555): unblank ioctl failed (display already unblanked)
E/libEGL  ( 6555): eglSwapBuffers:1071 error 300d (EGL_BAD_SURFACE)
F/SurfaceFlinger( 6555): eglSwapBuffers(0x1, 0x0) failed with 0x0000300d
F/libc    ( 6555): Fatal signal 6 (SIGABRT), code -6 in tid 6555 (surfaceflinger)
I/DEBUG   ( 3589): property debug.db.uid not set; NOT waiting for gdb.
I/DEBUG   ( 3589): HINT: adb shell setprop debug.db.uid 100000
I/DEBUG   ( 3589): HINT: adb forward tcp:5039 tcp:5039
I/DEBUG   ( 3589): *** *** *** *** *** *** *** *** *** *** *** *** *** *** *** ***
I/DEBUG   ( 3589): Build fingerprint: 'samsung/cm_k3gxx/k3gxx:5.0.2/LRX22G/88e55c58ed:userdebug/test-keys'
I/DEBUG   ( 3589): Revision: '10'
I/DEBUG   ( 3589): ABI: 'arm'
I/DEBUG   ( 3589): pid: 6555, tid: 6555, name: surfaceflinger  >>> /system/bin/surfaceflinger <<<
I/DEBUG   ( 3589): signal 6 (SIGABRT), code -6 (SI_TKILL), fault addr --------
I/DEBUG   ( 3589): Abort message: 'eglSwapBuffers(0x1, 0x0) failed with 0x0000300d'
I/DEBUG   ( 3589):     r0 00000000  r1 0000199b  r2 00000006  r3 00000000
I/DEBUG   ( 3589):     r4 b6f30114  r5 00000006  r6 0000000b  r7 0000010c
I/DEBUG   ( 3589):     r8 00000000  r9 bea21bd0  sl b6954210  fp bea21bd0
I/DEBUG   ( 3589):     ip 0000199b  sp bea21650  lr b6eba7b9  pc b6ede4e4  cpsr 600f0010
I/DEBUG   ( 3589): 
I/DEBUG   ( 3589): backtrace:
I/DEBUG   ( 3589):     #00 pc 000384e4  /system/lib/libc.so (tgkill+12)
I/DEBUG   ( 3589):     #01 pc 000147b5  /system/lib/libc.so (pthread_kill+52)
I/DEBUG   ( 3589):     #02 pc 0001550b  /system/lib/libc.so (raise+10)
I/DEBUG   ( 3589):     #03 pc 00011c35  /system/lib/libc.so (__libc_android_abort+36)
I/DEBUG   ( 3589):     #04 pc 0000fcb8  /system/lib/libc.so (abort+4)
I/DEBUG   ( 3589):     #05 pc 00007739  /system/lib/libcutils.so (__android_log_assert+88)
I/DEBUG   ( 3589):     #06 pc 0000f4df  /system/lib/libsurfaceflinger.so
I/DEBUG   ( 3589):     #07 pc 0001b9fd  /system/lib/libsurfaceflinger.so
I/DEBUG   ( 3589):     #08 pc 0001abe7  /system/lib/libsurfaceflinger.so
I/DEBUG   ( 3589):     #09 pc 00019fc3  /system/lib/libsurfaceflinger.so
I/DEBUG   ( 3589):     #10 pc 00019d49  /system/lib/libsurfaceflinger.so
I/DEBUG   ( 3589):     #11 pc 00010ed3  /system/lib/libutils.so (android::Looper::pollInner(int)+410)
I/DEBUG   ( 3589):     #12 pc 00010fc5  /system/lib/libutils.so (android::Looper::pollOnce(int, int*, int*, void**)+92)
I/DEBUG   ( 3589):     #13 pc 000174c5  /system/lib/libsurfaceflinger.so
I/DEBUG   ( 3589):     #14 pc 0001993d  /system/lib/libsurfaceflinger.so (android::SurfaceFlinger::run()+8)
I/DEBUG   ( 3589):     #15 pc 0000083d  /system/bin/surfaceflinger
I/DEBUG   ( 3589):     #16 pc 0000fb75  /system/lib/libc.so (__libc_init+44)
I/DEBUG   ( 3589):     #17 pc 000008d8  /system/bin/surfaceflinger
W/auditd  ( 3595): type=1325 audit(0.0:2650): table=filter family=2 entries=36
W/iptables( 6685): type=1300 audit(0.0:2650): arch=40000028 syscall=294 per=800000 success=yes exit=0 a0=4 a1=0 a2=40 a3=b6c25000 items=0 ppid=6553 auid=4294967295 uid=0 gid=0 euid=0 suid=0 fsuid=0 egid=0 sgid=0 fsgid=0 ses=4294967295 tty=(none) exe="/system/bin/iptables" subj=u:r:netd:s0 key=(null)
W/auditd  ( 3595): type=1320 audit(0.0:2650): 
W/auditd  ( 3595): type=1325 audit(0.0:2651): table=filter family=10 entries=34
W/ip6tables( 6686): type=1300 audit(0.0:2651): arch=40000028 syscall=294 per=800000 success=yes exit=0 a0=4 a1=29 a2=40 a3=b6c28000 items=0 ppid=6553 auid=4294967295 uid=0 gid=0 euid=0 suid=0 fsuid=0 egid=0 sgid=0 fsgid=0 ses=4294967295 tty=(none) exe="/system/bin/ip6tables" subj=u:r:netd:s0 key=(null)
W/auditd  ( 3595): type=1320 audit(0.0:2651): 
W/auditd  ( 3595): type=1325 audit(0.0:2652): table=raw family=2 entries=9
W/iptables( 6687): type=1300 audit(0.0:2652): arch=40000028 syscall=294 per=800000 success=yes exit=0 a0=4 a1=0 a2=40 a3=b6c1ba00 items=0 ppid=6553 auid=4294967295 uid=0 gid=0 euid=0 suid=0 fsuid=0 egid=0 sgid=0 fsgid=0 ses=4294967295 tty=(none) exe="/system/bin/iptables" subj=u:r:netd:s0 key=(null)
W/auditd  ( 3595): type=1320 audit(0.0:2652): 
W/auditd  ( 3595): type=1325 audit(0.0:2653): table=raw family=10 entries=9
W/ip6tables( 6688): type=1300 audit(0.0:2653): arch=40000028 syscall=294 per=800000 success=yes exit=0 a0=4 a1=29 a2=40 a3=b6c1d000 items=0 ppid=6553 auid=4294967295 uid=0 gid=0 euid=0 suid=0 fsuid=0 egid=0 sgid=0 fsgid=0 ses=4294967295 tty=(none) exe="/system/bin/ip6tables" subj=u:r:netd:s0 key=(null)
W/auditd  ( 3595): type=1320 audit(0.0:2653): 
W/auditd  ( 3595): type=1325 audit(0.0:2654): table=raw family=2 entries=8
W/iptables( 6689): type=1300 audit(0.0:2654): arch=40000028 syscall=294 per=800000 success=yes exit=0 a0=4 a1=0 a2=40 a3=b6c1ba00 items=0 ppid=6553 auid=4294967295 uid=0 gid=0 euid=0 suid=0 fsuid=0 egid=0 sgid=0 fsgid=0 ses=4294967295 tty=(none) exe="/system/bin/iptables" subj=u:r:netd:s0 key=(null)
W/auditd  ( 3595): type=1320 audit(0.0:2654): 
W/auditd  ( 3595): type=1325 audit(0.0:2655): table=raw family=10 entries=8
W/ip6tables( 6690): type=1300 audit(0.0:2655): arch=40000028 syscall=294 per=800000 success=yes exit=0 a0=4 a1=29 a2=40 a3=b6c32800 items=0 ppid=6553 auid=4294967295 uid=0 gid=0 euid=0 suid=0 fsuid=0 egid=0 sgid=0 fsgid=0 ses=4294967295 tty=(none) exe="/system/bin/ip6tables" subj=u:r:netd:s0 key=(null)
W/auditd  ( 3595): type=1320 audit(0.0:2655): 
W/auditd  ( 3595): type=1325 audit(0.0:2656): table=raw family=2 entries=8
W/iptables( 6691): type=1300 audit(0.0:2656): arch=40000028 syscall=294 per=800000 success=yes exit=0 a0=4 a1=0 a2=40 a3=b6c30100 items=0 ppid=6553 auid=4294967295 uid=0 gid=0 euid=0 suid=0 fsuid=0 egid=0 sgid=0 fsgid=0 ses=4294967295 tty=(none) exe="/system/bin/iptables" subj=u:r:netd:s0 key=(null)
I/ServiceManager( 6556): Waiting for service batterystats...
