D/ShortcutReceiver( 9227):  ShortcutReceiver onReceive() intent: android.intent.action.PACKAGE_CHANGED
D/PackageBroadcastService( 5889): Received broadcast action=android.intent.action.PACKAGE_CHANGED and uri=com.android.stk
I/PeopleContactsSync( 5889): CP2 sync disabled
D/FileShare-Server( 9176): ServerBroadcastReceiver.onReceive - action android.intent.action.PACKAGE_CHANGED // package:com.android.stk
I/Icing   ( 5889): Indexing 76504C079CFD31915A3E566D2BAF5A677FAA7F84 from com.google.android.music
D/ShortcutReceiver( 9227):  ShortcutReceiver onReceive() intent: android.intent.action.PACKAGE_CHANGED
D/PackageBroadcastService( 5889): Received broadcast action=android.intent.action.PACKAGE_CHANGED and uri=com.google.android.gsf
I/PeopleContactsSync( 5889): CP2 sync disabled
D/ResourcesManager( 8757): creating new AssetManager and set to /system/priv-app/GmsCore/GmsCore.apk
I/UpdateIcingCorporaServi( 8757): UpdateCorporaTask done [took 300 ms] updated apps [took 300 ms] 
D/FileShare-Server( 9176): ServerBroadcastReceiver.onReceive - action android.intent.action.PACKAGE_CHANGED // package:com.google.android.gsf
I/UpdateIcingCorporaServi( 8757): Updating corpora: APPS=com.android.stk, CONTACTS=MAYBE
D/ShortcutReceiver( 9227):  ShortcutReceiver onReceive() intent: android.intent.action.PACKAGE_CHANGED
D/PackageBroadcastService( 5889): Received broadcast action=android.intent.action.PACKAGE_CHANGED and uri=com.google.android.partnersetup
I/MusicStore( 9775): Upgrade from -1 to 104 took 135 ms
I/PeopleContactsSync( 5889): CP2 sync disabled
E/DatabaseUtils( 9775): Writing exception to parcel
E/DatabaseUtils( 9775): java.lang.SecurityException: Permission Denial: reading com.google.android.music.store.ConfigContentProvider uri content://com.google.android.music.ConfigContent/server/isNautilusUser from pid=5889, uid=10012 requires the provider be exported, or grantUriPermission()
E/DatabaseUtils( 9775): 	at android.content.ContentProvider.enforceReadPermissionInner(ContentProvider.java:554)
E/DatabaseUtils( 9775): 	at android.content.ContentProvider$Transport.enforceReadPermission(ContentProvider.java:449)
E/DatabaseUtils( 9775): 	at android.content.ContentProvider$Transport.query(ContentProvider.java:207)
E/DatabaseUtils( 9775): 	at android.content.ContentResolver.query(ContentResolver.java:484)
E/DatabaseUtils( 9775): 	at android.content.ContentResolver.query(ContentResolver.java:428)
E/DatabaseUtils( 9775): 	at com.google.android.music.utils.ConfigCache.get(ConfigCache.java:136)
E/DatabaseUtils( 9775): 	at com.google.android.music.utils.ConfigUtils.getString(ConfigUtils.java:341)
E/DatabaseUtils( 9775): 	at com.google.android.music.utils.ConfigUtils.getBoolean(ConfigUtils.java:377)
E/DatabaseUtils( 9775): 	at com.google.android.music.utils.ConfigUtils.isNautilusEnabled(ConfigUtils.java:65)
E/DatabaseUtils( 9775): 	at com.google.android.music.store.Store$DatabaseHelper.upgradeFrom99(Store.java:8199)
E/DatabaseUtils( 9775): 	at com.google.android.music.store.Store$DatabaseHelper.doOnUpgrade(Store.java:6508)
E/DatabaseUtils( 9775): 	at com.google.android.gms.appdatasearch.util.AppDataSearchDbOpenHelperBase.onUpgrade(AppDataSearchDbOpenHelperBase.java:120)
E/DatabaseUtils( 9775): 	at com.google.android.music.store.Store$DatabaseHelper.doOnCreate(Store.java:5962)
E/DatabaseUtils( 9775): 	at com.google.android.gms.appdatasearch.util.AppDataSearchDbOpenHelperBase.onCreate(AppDataSearchDbOpenHelperBase.java:110)
E/DatabaseUtils( 9775): 	at android.database.sqlite.SQLiteOpenHelper.getDatabaseLocked(SQLiteOpenHelper.java:251)
E/DatabaseUtils( 9775): 	at android.database.sqlite.SQLiteOpenHelper.getWritableDatabase(SQLiteOpenHelper.java:163)
E/DatabaseUtils( 9775): 	at com.google.android.music.store.Store.getDatabase(Store.java:280)
E/DatabaseUtils( 9775): 	at com.google.android.music.store.Store.initializeDatabase(Store.java:271)
E/DatabaseUtils( 9775): 	at com.google.android.music.icing.IcingContentProvider.createDatabase(IcingContentProvider.java:104)
E/DatabaseUtils( 9775): 	at com.google.android.gms.appdatasearch.util.AppDataSearchProviderBase.getDatabase(AppDataSearchProviderBase.java:101)
E/DatabaseUtils( 9775): 	at com.google.android.gms.appdatasearch.util.AppDataSearchProviderBase.query(AppDataSearchProviderBase.java:158)
E/DatabaseUtils( 9775): 	at android.content.ContentProvider$Transport.query(ContentProvider.java:213)
E/DatabaseUtils( 9775): 	at android.content.ContentProviderNative.onTransact(ContentProviderNative.java:112)
E/DatabaseUtils( 9775): 	at android.os.Binder.execTransact(Binder.java:446)
E/Icing   ( 5889): Cursor call threw an exception: java.lang.SecurityException: Permission Denial: reading com.google.android.music.store.ConfigContentProvider uri content://com.google.android.music.ConfigContent/server/isNautilusUser from pid=5889, uid=10012 requires the provider be exported, or grantUriPermission()
E/Icing   ( 5889): Aborting indexing of corpus 76504C079CFD31915A3E566D2BAF5A677FAA7F84
I/Icing   ( 5889): Indexing done 76504C079CFD31915A3E566D2BAF5A677FAA7F84
I/Icing   ( 5889): Indexing A4763F829CC749263C7CEE9F98A7AD8728E8BF49 from com.google.android.music
I/Icing   ( 5889): Indexing 39EA61899F7CA6ECDD1B839CEAE947A568210E3B from com.google.android.music
I/Icing   ( 5889): Indexing 24E9D383632FE108A432C2CBF5D5B1762593EC71 from com.google.android.music
I/UpdateIcingCorporaServi( 8757): UpdateCorporaTask done [took 101 ms] updated apps [took 101 ms] 
I/UpdateIcingCorporaServi( 8757): Updating corpora: APPS=com.google.android.gsf, CONTACTS=MAYBE
D/FileShare-Server( 9176): ServerBroadcastReceiver.onReceive - action android.intent.action.PACKAGE_CHANGED // package:com.google.android.partnersetup
D/ShortcutReceiver( 9227):  ShortcutReceiver onReceive() intent: android.intent.action.PACKAGE_CHANGED
I/UpdateIcingCorporaServi( 8757): UpdateCorporaTask done [took 85 ms] updated apps [took 85 ms] 
I/UpdateIcingCorporaServi( 8757): Updating corpora: APPS=com.google.android.partnersetup, CONTACTS=MAYBE
D/PackageBroadcastService( 5889): Received broadcast action=android.intent.action.PACKAGE_CHANGED and uri=com.sec.chaton
I/PeopleContactsSync( 5889): CP2 sync disabled
I/MusicStore( 9775): Upgrade from -1 to 104 took 112 ms
E/DatabaseUtils( 9775): Writing exception to parcel
E/DatabaseUtils( 9775): java.lang.SecurityException: Permission Denial: reading com.google.android.music.store.ConfigContentProvider uri content://com.google.android.music.ConfigContent/server/isNautilusUser from pid=5889, uid=10012 requires the provider be exported, or grantUriPermission()
E/DatabaseUtils( 9775): 	at android.content.ContentProvider.enforceReadPermissionInner(ContentProvider.java:554)
E/DatabaseUtils( 9775): 	at android.content.ContentProvider$Transport.enforceReadPermission(ContentProvider.java:449)
E/DatabaseUtils( 9775): 	at android.content.ContentProvider$Transport.query(ContentProvider.java:207)
E/DatabaseUtils( 9775): 	at android.content.ContentResolver.query(ContentResolver.java:484)
E/DatabaseUtils( 9775): 	at android.content.ContentResolver.query(ContentResolver.java:428)
E/DatabaseUtils( 9775): 	at com.google.android.music.utils.ConfigCache.get(ConfigCache.java:136)
E/DatabaseUtils( 9775): 	at com.google.android.music.utils.ConfigUtils.getString(ConfigUtils.java:341)
E/DatabaseUtils( 9775): 	at com.google.android.music.utils.ConfigUtils.getBoolean(ConfigUtils.java:377)
E/DatabaseUtils( 9775): 	at com.google.android.music.utils.ConfigUtils.isNautilusEnabled(ConfigUtils.java:65)
E/DatabaseUtils( 9775): 	at com.google.android.music.store.Store$DatabaseHelper.upgradeFrom99(Store.java:8199)
E/DatabaseUtils( 9775): 	at com.google.android.music.store.Store$DatabaseHelper.doOnUpgrade(Store.java:6508)
E/DatabaseUtils( 9775): 	at com.google.android.gms.appdatasearch.util.AppDataSearchDbOpenHelperBase.onUpgrade(AppDataSearchDbOpenHelperBase.java:120)
E/DatabaseUtils( 9775): 	at com.google.android.music.store.Store$DatabaseHelper.doOnCreate(Store.java:5962)
E/DatabaseUtils( 9775): 	at com.google.android.gms.appdatasearch.util.AppDataSearchDbOpenHelperBase.onCreate(AppDataSearchDbOpenHelperBase.java:110)
E/DatabaseUtils( 9775): 	at android.database.sqlite.SQLiteOpenHelper.getDatabaseLocked(SQLiteOpenHelper.java:251)
E/DatabaseUtils( 9775): 	at android.database.sqlite.SQLiteOpenHelper.getWritableDatabase(SQLiteOpenHelper.java:163)
E/DatabaseUtils( 9775): 	at com.google.android.music.store.Store.getDatabase(Store.java:280)
E/DatabaseUtils( 9775): 	at com.google.android.music.store.Store.initializeDatabase(Store.java:271)
E/DatabaseUtils( 9775): 	at com.google.android.music.icing.IcingContentProvider.createDatabase(IcingContentProvider.java:104)
E/DatabaseUtils( 9775): 	at com.google.android.gms.appdatasearch.util.AppDataSearchProviderBase.getDatabase(AppDataSearchProviderBase.java:101)
E/DatabaseUtils( 9775): 	at com.google.android.gms.appdatasearch.util.AppDataSearchProviderBase.query(AppDataSearchProviderBase.java:158)
E/DatabaseUtils( 9775): 	at android.content.ContentProvider$Transport.query(ContentProvider.java:213)
E/DatabaseUtils( 9775): 	at android.content.ContentProviderNative.onTransact(ContentProviderNative.java:112)
E/DatabaseUtils( 9775): 	at android.os.Binder.execTransact(Binder.java:446)
E/Icing   ( 5889): Cursor call threw an exception: java.lang.SecurityException: Permission Denial: reading com.google.android.music.store.ConfigContentProvider uri content://com.google.android.music.ConfigContent/server/isNautilusUser from pid=5889, uid=10012 requires the provider be exported, or grantUriPermission()
E/Icing   ( 5889): Aborting indexing of corpus A4763F829CC749263C7CEE9F98A7AD8728E8BF49
I/Icing   ( 5889): Indexing done A4763F829CC749263C7CEE9F98A7AD8728E8BF49
I/UpdateIcingCorporaServi( 8757): UpdateCorporaTask done [took 85 ms] updated apps [took 85 ms] 
I/UpdateIcingCorporaServi( 8757): Updating corpora: APPS=com.sec.chaton, CONTACTS=MAYBE
D/FileShare-Server( 9176): ServerBroadcastReceiver.onReceive - action android.intent.action.PACKAGE_CHANGED // package:com.sec.chaton
D/ShortcutReceiver( 9227):  ShortcutReceiver onReceive() intent: android.intent.action.PACKAGE_CHANGED
I/MusicStore( 9775): Upgrade from -1 to 104 took 108 ms
E/DatabaseUtils( 9775): Writing exception to parcel
E/DatabaseUtils( 9775): java.lang.SecurityException: Permission Denial: reading com.google.android.music.store.ConfigContentProvider uri content://com.google.android.music.ConfigContent/server/isNautilusUser from pid=5889, uid=10012 requires the provider be exported, or grantUriPermission()
E/DatabaseUtils( 9775): 	at android.content.ContentProvider.enforceReadPermissionInner(ContentProvider.java:554)
E/DatabaseUtils( 9775): 	at android.content.ContentProvider$Transport.enforceReadPermission(ContentProvider.java:449)
E/DatabaseUtils( 9775): 	at android.content.ContentProvider$Transport.query(ContentProvider.java:207)
E/DatabaseUtils( 9775): 	at android.content.ContentResolver.query(ContentResolver.java:484)
E/DatabaseUtils( 9775): 	at android.content.ContentResolver.query(ContentResolver.java:428)
E/DatabaseUtils( 9775): 	at com.google.android.music.utils.ConfigCache.get(ConfigCache.java:136)
E/DatabaseUtils( 9775): 	at com.google.android.music.utils.ConfigUtils.getString(ConfigUtils.java:341)
E/DatabaseUtils( 9775): 	at com.google.android.music.utils.ConfigUtils.getBoolean(ConfigUtils.java:377)
E/DatabaseUtils( 9775): 	at com.google.android.music.utils.ConfigUtils.isNautilusEnabled(ConfigUtils.java:65)
E/DatabaseUtils( 9775): 	at com.google.android.music.store.Store$DatabaseHelper.upgradeFrom99(Store.java:8199)
E/DatabaseUtils( 9775): 	at com.google.android.music.store.Store$DatabaseHelper.doOnUpgrade(Store.java:6508)
E/DatabaseUtils( 9775): 	at com.google.android.gms.appdatasearch.util.AppDataSearchDbOpenHelperBase.onUpgrade(AppDataSearchDbOpenHelperBase.java:120)
E/DatabaseUtils( 9775): 	at com.google.android.music.store.Store$DatabaseHelper.doOnCreate(Store.java:5962)
E/DatabaseUtils( 9775): 	at com.google.android.gms.appdatasearch.util.AppDataSearchDbOpenHelperBase.onCreate(AppDataSearchDbOpenHelperBase.java:110)
E/DatabaseUtils( 9775): 	at android.database.sqlite.SQLiteOpenHelper.getDatabaseLocked(SQLiteOpenHelper.java:251)
E/DatabaseUtils( 9775): 	at android.database.sqlite.SQLiteOpenHelper.getWritableDatabase(SQLiteOpenHelper.java:163)
E/DatabaseUtils( 9775): 	at com.google.android.music.store.Store.getDatabase(Store.java:280)
E/DatabaseUtils( 9775): 	at com.google.android.music.store.Store.initializeDatabase(Store.java:271)
E/DatabaseUtils( 9775): 	at com.google.android.music.icing.IcingContentProvider.createDatabase(IcingContentProvider.java:104)
E/DatabaseUtils( 9775): 	at com.google.android.gms.appdatasearch.util.AppDataSearchProviderBase.getDatabase(AppDataSearchProviderBase.java:101)
E/DatabaseUtils( 9775): 	at com.google.android.gms.appdatasearch.util.AppDataSearchProviderBase.query(AppDataSearchProviderBase.java:158)
E/DatabaseUtils( 9775): 	at android.content.ContentProvider$Transport.query(ContentProvider.java:213)
E/DatabaseUtils( 9775): 	at android.content.ContentProviderNative.onTransact(ContentProviderNative.java:112)
E/DatabaseUtils( 9775): 	at android.os.Binder.execTransact(Binder.java:446)
E/Icing   ( 5889): Cursor call threw an exception: java.lang.SecurityException: Permission Denial: reading com.google.android.music.store.ConfigContentProvider uri content://com.google.android.music.ConfigContent/server/isNautilusUser from pid=5889, uid=10012 requires the provider be exported, or grantUriPermission()
E/Icing   ( 5889): Aborting indexing of corpus 39EA61899F7CA6ECDD1B839CEAE947A568210E3B
I/Icing   ( 5889): Indexing done 39EA61899F7CA6ECDD1B839CEAE947A568210E3B
D/ResourcesManager( 8757): creating new AssetManager and set to /system/app/ChatON_MARKET/ChatON_MARKET.apk
I/UpdateIcingCorporaServi( 8757): UpdateCorporaTask done [took 101 ms] updated apps [took 101 ms] 
I/MusicStore( 9775): Upgrade from -1 to 104 took 104 ms
E/DatabaseUtils( 9775): Writing exception to parcel
E/DatabaseUtils( 9775): java.lang.SecurityException: Permission Denial: reading com.google.android.music.store.ConfigContentProvider uri content://com.google.android.music.ConfigContent/server/isNautilusUser from pid=5889, uid=10012 requires the provider be exported, or grantUriPermission()
E/DatabaseUtils( 9775): 	at android.content.ContentProvider.enforceReadPermissionInner(ContentProvider.java:554)
E/DatabaseUtils( 9775): 	at android.content.ContentProvider$Transport.enforceReadPermission(ContentProvider.java:449)
E/DatabaseUtils( 9775): 	at android.content.ContentProvider$Transport.query(ContentProvider.java:207)
E/DatabaseUtils( 9775): 	at android.content.ContentResolver.query(ContentResolver.java:484)
E/DatabaseUtils( 9775): 	at android.content.ContentResolver.query(ContentResolver.java:428)
E/DatabaseUtils( 9775): 	at com.google.android.music.utils.ConfigCache.get(ConfigCache.java:136)
E/DatabaseUtils( 9775): 	at com.google.android.music.utils.ConfigUtils.getString(ConfigUtils.java:341)
E/DatabaseUtils( 9775): 	at com.google.android.music.utils.ConfigUtils.getBoolean(ConfigUtils.java:377)
E/DatabaseUtils( 9775): 	at com.google.android.music.utils.ConfigUtils.isNautilusEnabled(ConfigUtils.java:65)
E/DatabaseUtils( 9775): 	at com.google.android.music.store.Store$DatabaseHelper.upgradeFrom99(Store.java:8199)
E/DatabaseUtils( 9775): 	at com.google.android.music.store.Store$DatabaseHelper.doOnUpgrade(Store.java:6508)
E/DatabaseUtils( 9775): 	at com.google.android.gms.appdatasearch.util.AppDataSearchDbOpenHelperBase.onUpgrade(AppDataSearchDbOpenHelperBase.java:120)
E/DatabaseUtils( 9775): 	at com.google.android.music.store.Store$DatabaseHelper.doOnCreate(Store.java:5962)
E/DatabaseUtils( 9775): 	at com.google.android.gms.appdatasearch.util.AppDataSearchDbOpenHelperBase.onCreate(AppDataSearchDbOpenHelperBase.java:110)
E/DatabaseUtils( 9775): 	at android.database.sqlite.SQLiteOpenHelper.getDatabaseLocked(SQLiteOpenHelper.java:251)
E/DatabaseUtils( 9775): 	at android.database.sqlite.SQLiteOpenHelper.getWritableDatabase(SQLiteOpenHelper.java:163)
E/DatabaseUtils( 9775): 	at com.google.android.music.store.Store.getDatabase(Store.java:280)
E/DatabaseUtils( 9775): 	at com.google.android.music.store.Store.initializeDatabase(Store.java:271)
E/DatabaseUtils( 9775): 	at com.google.android.music.icing.IcingContentProvider.createDatabase(IcingContentProvider.java:104)
E/DatabaseUtils( 9775): 	at com.google.android.gms.appdatasearch.util.AppDataSearchProviderBase.getDatabase(AppDataSearchProviderBase.java:101)
E/DatabaseUtils( 9775): 	at com.google.android.gms.appdatasearch.util.AppDataSearchProviderBase.query(AppDataSearchProviderBase.java:158)
E/DatabaseUtils( 9775): 	at android.content.ContentProvider$Transport.query(ContentProvider.java:213)
E/DatabaseUtils( 9775): 	at android.content.ContentProviderNative.onTransact(ContentProviderNative.java:112)
E/DatabaseUtils( 9775): 	at android.os.Binder.execTransact(Binder.java:446)
E/Icing   ( 5889): Cursor call threw an exception: java.lang.SecurityException: Permission Denial: reading com.google.android.music.store.ConfigContentProvider uri content://com.google.android.music.ConfigContent/server/isNautilusUser from pid=5889, uid=10012 requires the provider be exported, or grantUriPermission()
E/PlayLoggerImpl( 5889): Service was disconnected.  Will try caching.
E/Zygote  ( 9849): MountEmulatedStorage()
E/Zygote  ( 9849): v2
I/SELinux ( 9849): Function: selinux_compare_spd_ram , priority [2] , priority version is VE=SEPF_SM-G900H_5.0_0011
E/SELinux ( 9849): [DEBUG] get_category: variable seinfo: untrusted sensitivity: NULL, cateogry: NULL
I/art     ( 3645): Explicit concurrent mark sweep GC freed 8757(372KB) AllocSpace objects, 0(0B) LOS objects, 39% free, 15MB/25MB, paused 663us total 27.148ms
D/TimaKeyStoreProvider( 9849): TimaSignature is unavailable
E/Icing   ( 5889): Aborting indexing of corpus 24E9D383632FE108A432C2CBF5D5B1762593EC71
I/Icing   ( 5889): Indexing done 24E9D383632FE108A432C2CBF5D5B1762593EC71
D/ActivityThread( 9849): Added TimaKeyStore provider
I/art     ( 3645): Explicit concurrent mark sweep GC freed 5(160B) AllocSpace objects, 0(0B) LOS objects, 39% free, 15MB/25MB, paused 426us total 16.241ms
D/ResourcesManager( 9849): creating new AssetManager and set to /system/app/Videos/Videos.apk
I/art     ( 3645): Explicit concurrent mark sweep GC freed 5(160B) AllocSpace objects, 0(0B) LOS objects, 39% free, 15MB/25MB, paused 406us total 13.216ms
I/PlayMovies( 9849): GcmMessageReceiver.onReceive:100 Received GCM message Intent { act=com.google.android.c2dm.intent.REGISTRATION flg=0x10 pkg=com.google.android.videos cmp=com.google.android.videos/.gcm.GcmMessageReceiver (has extras) }
W/PlayMovies( 9849): GcmMessageReceiver.onReceive:104 Missing message type
D/InputManager-JNI( 4272): setDeviceInteractive: 0
D/InputManager-JNI( 4272): sysfs_write +: /sys/class/input/event2/device/enabled: 0
D/InputManager-JNI( 4272): sysfs_write +: /sys/class/input/event1/device/enabled: 0
D/InputManager-JNI( 4272): sysfs_write -: /sys/class/input/event2/device/enabled: 0
D/InputManager-JNI( 4272): sysfs_write -: /sys/class/input/event1/device/enabled: 0
I/SurfaceFlinger( 3618): id=8 createSurf (1080x1920),2 flag=404, ColorFade
D/SContextService( 4272): 	.unregisterCallback : 1, client=
D/SContextService( 4272): unregisterCallback() : Listener = android.hardware.scontext.SContextService$Listener@ac156dc, Service = Auto Rotation, used = 1
W/CAE     ( 4272): unregisterCallback(ContextAwareService.java:199) - [unregi 01] Mutex is locked for AUTO_ROTATION
V/CAE     ( 4272): stop(ContextProvider.java:149)
V/CAE     ( 4272): clear(AutoRotationRunner.java:182)
V/CAE     ( 4272): disable(AutoRotationRunner.java:171)
I/CAE     ( 4272): sendCmdToSensorHub(SensorHubCommManager.java:144) - -78, 7, 0, 0,
D/SensorHubManager( 4272): SendSensorHubData: send data = -78, 7, 0, 0
D/Sensorhubs( 3637): sendContextData: -78, 7, 0, 0
I/        ( 4272): PLATFORM VERSION : JB-MR-2
D/CAE     ( 4272): getFaultDetectionResult(AutoRotationRunner.java:195) - true
I/CAE     ( 4272): notifyCmdProcessResultObserver(ContextProvider.java:617) - CheckResult = 0, Cause = Success
I/System.out( 9849): Thread-950(ApacheHTTPLog):Reading from variable values from setDefaultValuesToVariables
I/System.out( 9849): Thread-950(ApacheHTTPLog):isShipBuild true
I/System.out( 9849): Thread-950(ApacheHTTPLog):SmartBonding Enabling is true, SHIP_BUILD is true, log to file is false, DBG is false
D/CAE     ( 4272): doCommendProcess(ContextAwareService.java:314) - complete notify the operation result.
I/CAE     ( 4272): displayUsedCountForService(ContextAwareService.java:406) - totalCnt = 0, serviceCount = 0, subCollectionCount = 0
D/CAE     ( 4272): showListenerList(ContextAwareService.java:247) - ===== Context Aware Service List =====
W/CAE     ( 4272): unregisterCallback(ContextAwareService.java:234) - [unregi 02] Mutex is unlocked for AUTO_ROTATION
D/SContextService( 4272): removeSContextService() : service = Auto Rotation
D/SContextService( 4272): ===== SContext Service List =====
D/SContextManager( 4272):   .unregisterListener : listener = com.android.internal.policy.impl.WindowOrientationListener$SContextListenerImpl@308dfd6f, service=Auto Rotation
D/PermissionCache( 3618): checking android.permission.READ_FRAME_BUFFER for uid=1000 => granted (2116 us)
D/KeyguardViewMediator( 5233): onScreenTurnedOff(3)
I/KeyguardEffectViewController( 5233): *** KeyguardEffectView getInstanceIfExists ***
I/System.out( 9849): network-2 calls detatch()
D/KeyguardEffectViewController( 5233): changeWallpaperByScreenOff()
D/KeyguardViewMediator( 5233): notifyScreenOffLocked
D/PlayMovies( 9849): PersistentCache.cleanup:103 Cache is below limit, no need to shrink: [size=0, limit=5242880]
D/KeyguardViewMediator( 5233): timeout : 5000
W/AudioCapabilities( 9849): Unsupported mime audio/mpeg-L1
W/AudioCapabilities( 9849): Unsupported mime audio/mpeg-L2
D/PlayMovies( 9849): TransferService.onCreate:52 creating transfer service
W/AudioCapabilities( 9849): Unsupported mime audio/x-ms-wma
W/AudioCapabilities( 9849): Unsupported mime audio/x-ima
D/KeyguardViewMediator( 5233): setting alarm to turn off keyguard, seq = 1
D/KeyguardViewMediator( 5233): handleNotifyScreenOff
W/VideoCapabilities( 9849): Unrecognized profile/level 32768/2 for video/mp4v-es
E/GCM     ( 5701): GCM failed to read backup checkin config, checkin may have failed
W/VideoCapabilities( 9849): Unsupported mime video/wvc1
W/GCM     ( 5701): GCM FAILED TO INITIALIZE - missing checkin
W/VideoCapabilities( 9849): Unsupported mime video/x-ms-wmv
W/GCM     ( 5701): GCM registration failed: invalid or missing checkin null
E/GCM     ( 5701): GCM failed to read backup checkin config, checkin may have failed
E/SQLiteLog( 9507): (284) automatic index on view_events(_id)
W/GCM     ( 5701): GCM FAILED TO INITIALIZE - missing checkin
W/GCM     ( 5701): GCM registration failed: invalid or missing checkin null
W/VideoCapabilities( 9849): Unrecognized profile/level 32768/2 for video/mp4v-es
W/VideoCapabilities( 9849): Unsupported mime video/wvc1
W/VideoCapabilities( 9849): Unsupported mime video/x-ms-wmv
W/VideoCapabilities( 9849): Unsupported mime video/x-ms-wmv7
W/VideoCapabilities( 9849): Unsupported mime video/x-ms-wmv8
W/VideoCapabilities( 9849): Unsupported mime video/sorenson
W/VideoCapabilities( 9849): Unsupported mime video/mp43
I/CAE     ( 4272): handleMessage(CaPowerManager.java:188) - AP_WAKEUP
W/VideoCapabilities( 9849): Unrecognized profile/level 32768/2 for video/mp4v-es
I/CAE     ( 4272): updateApPowerStatus(SensorHubParserProvider.java:421) - AP_WAKEUP
I/CAE     ( 4272): sendCmdToSensorHub(SensorHubCommManager.java:144) - -76, 13, -47, 0,
D/SensorHubManager( 4272): SendSensorHubData: send data = -76, 13, -47, 0
D/Sensorhubs( 3637): sendContextData: -76, 13, -47, 0
D/CalendarAlarmManager( 9507): sys current time:1436237433940
D/CalendarAlarmManager( 9507): reminder amount:0
D/lights  ( 4272): lcd : 0 +
D/lights  ( 4272): lcd : 0 -
W/ContextImpl( 9849): Failed to ensure directory: /storage/extSdCard/Android/data/com.google.android.videos/files/Movies
I/VideoCapabilities( 9849): Unsupported profile 4 for video/mp4v-es
E/native  ( 4272): do suspend false
D/ResourcesManager( 5889): creating new AssetManager and set to /system/app/Videos/Videos.apk
I/AudioHardwareTinyALSA( 3625): setParameters(screen_state=on)
I/wpa_supplicant( 5105): reset timer : RESET_TIMER 1
I/wpa_supplicant( 5105): wlan0: Setting scan request: 0 sec 0 usec
I/wpa_supplicant( 5105): P2P: Current p2p state = IDLE
I/SecExternalDisplayIntents_Java( 4272): Intent Recieved ..  -android.intent.action.SCREEN_ONBroadCast Map value - 19
D/WVCdm   ( 3625): Instantiating CDM.
I/WVCdm   ( 3625): CdmEngine::QueryStatus
I/WVCdm   ( 3625): Level3 Library Sep 25 2014 17:10:03
I/wpa_supplicant( 5105): Scan requested (ret=0) - scan timeout 30 seconds
W/WVCdm   ( 3625): Could not read /data/mediadrm/IDM1013/ay64.dat2: No such file or directory
D/PersonaManagerService( 4272): ACTION_SCREEN_ON onReceive
D/PersonaManagerServiceHandler( 4272): MSG_ACTION_SCREEN_ON called
E/wv_dash ( 3625): No saved usage table. Creating new table.
D/GpsLocationProvider( 4272): receive broadcast intent, action: android.intent.action.SCREEN_ON
D/WVCdm   ( 3625): OEMCrypto_Initialize Level 1 success. I will use level 1.
I/WVCdm   ( 3625): L3 Terminate.
I/NfcService( 5477): When receiving ACTION_SCREEN_ON, S view cover is already opened. So screenState is ON_LOCKED by isKeyguardLocked()
D/SurfaceFlinger( 3618): Set power mode=0, type=0 flinger=0xb6962000
I/hwcomposer( 3618): int exynos5_blank(hwc_composer_device_1*, int, int):: disp(0), blank(1)
D/NfcService( 5477): call the applyRotuiing
W/Settings( 5477): Setting device_provisioned has moved from android.provider.Settings.Secure to android.provider.Settings.Global.
E/NxpNfcJni( 5477): getReconnectState = 0x0
D/NfcService( 5477): Discovery configuration equal, not updating.
D/NfcService( 5477): index : 0
D/NfcService( 5477): index : 1
D/NfcService( 5477): index : 2
I/SamsungIME( 5908): getNextShiftState() cursorCapsMode : 0
D/QuickConnect[1.9.3072379][10] ( 7553): PreDiscoveryHelper.setVisibilityFromSystemDb - --
D/QuickConnect[1.9.3072379][10] ( 7553): PreDiscoveryHelper.setVisibilityFromSystemDb - isAllowToConnect : false, isContactOnly : true, visibilitySetting : OFF
D/QuickConnect[1.9.3072379][10] ( 7553): PreDiscoveryHelper.changeResponseSetting - changed: OFF
V/QuickConnect[1.9.3072379][10] ( 7553): PreDiscoveryHelper.updateAdvData - 
D/QuickConnect[1.9.3072379][10] ( 7553): WifiHelper.isEnableMobileAP - HOTSPOT Disabled
I/QuickConnect[1.9.3072379][10] ( 7553): P2pHelper.isPossibleP2pProbe -  possible P2p
V/QuickConnect[1.9.3072379][10] ( 7553): PreDiscoveryHelper.updateRespTarget - 
D/SurfaceControl( 4272): Excessive delay in setPowerMode(): 314ms
D/MISC PowerHAL( 4272): sysfs_write +: /sys/class/power_supply/battery/lcd: 0
D/MISC PowerHAL( 4272): sysfs_write -: /sys/class/power_supply/battery/lcd: 0
D/QuickConnect[1.9.3072379][10] ( 7553): BleHelper.mBroadcastReceiver - SCREEN_ON when user = 0
D/QuickConnect[1.9.3072379][10] ( 7553): BleHelper.startScan - "0".equals([0]) && [0] != BluetoothActionHelper.STATE_BT_WORKING then ([false]||[false])
E/QuickConnect[1.9.3072379][10] ( 7553): BleHelper.startScan - not startLeScan() but lowerPeriphService()
E/QuickConnect[1.9.3072379][10] ( 7553): PeriphServiceUtil.lowerPeriphService - dont this until LE_AUTO_ENABLE feature
I/CAE     ( 4272): handleMessage(CaPowerManager.java:182) - AP_SLEEP
I/CAE     ( 4272): updateApPowerStatus(SensorHubParserProvider.java:421) - AP_SLEEP
I/CAE     ( 4272): sendCmdToSensorHub(SensorHubCommManager.java:144) - -76, 13, -46, 0,
D/SensorHubManager( 4272): SendSensorHubData: send data = -76, 13, -46, 0
D/Sensorhubs( 3637): sendContextData: -76, 13, -46, 0
I/CAE     ( 4272): sendCmdToSensorHub(SensorHubCommManager.java:144) - -63, 14, 2, 50, 34,
D/SensorHubManager( 4272): SendSensorHubData: send data = -63, 14, 2, 50, 34
D/Sensorhubs( 3637): sendContextData: -63, 14, 2, 50, 34
E/Zygote  ( 9913): MountEmulatedStorage()
E/Zygote  ( 9913): v2
I/SELinux ( 9913): Function: selinux_compare_spd_ram , priority [2] , priority version is VE=SEPF_SM-G900H_5.0_0011
E/SELinux ( 9913): [DEBUG] get_category: variable seinfo: platform sensitivity: NULL, cateogry: NULL
D/TimaKeyStoreProvider( 9913): TimaSignature is unavailable
D/ActivityThread( 9913): Added TimaKeyStore provider
E/native  ( 4272): do suspend true
D/ResourcesManager( 9913): creating new AssetManager and set to /system/app/SmartcardManager/SmartcardManager.apk
I/AudioHardwareTinyALSA( 3625): setParameters(screen_state=off)
I/SecExternalDisplayIntents_Java( 4272): Intent Recieved ..  -android.intent.action.SCREEN_OFFBroadCast Map value - 18
D/PersonaManagerService( 4272): ACTION_SCREEN_OFF onReceive
D/PersonaManagerServiceHandler( 4272): MSG_ACTION_SCREEN_OFF called
D/VolumePanel( 5233): mCoverBroadcastReceiver: Screen OFF start
D/VolumePanel( 5233): mCoverBroadcastReceiver : call onDismissSafeVolumeWarning() #1
D/VolumePanel( 5233): mCoverBroadcastReceiver: Screen OFF end
D/VolumePanel( 5233): mCoverBroadcastReceiver: onReceive() end : intent=Intent { act=android.intent.action.SCREEN_OFF flg=0x50000010 (has extras) }
E/SmartCardContentProvider( 9913): onCreate
I/SmartCardBroadcastReceiver( 9913): SmartCardBroadcastReceiver - onReceive() 
I/SmartCardBroadcastReceiver( 9913): Broadcast received for locktype changed 
D/GpsLocationProvider( 4272): receive broadcast intent, action: android.intent.action.SCREEN_OFF
D/NfcService( 5477): call the applyRotuiing
W/Settings( 5477): Setting device_provisioned has moved from android.provider.Settings.Secure to android.provider.Settings.Global.
E/NxpNfcJni( 5477): getReconnectState = 0x0
E/NxpNfcJni( 5477): getReconnectState = 0x0
E/NxpNfcJni( 5477): nfcManager_disableDiscovery:UICC_LISTEN_MASK=0x0199;
E/NxpNfcJni( 5477): nfcManager_disableDiscovery:P2P_LISTEN_MASK=0x0196;
D/NfcService( 5477): index : 0
D/NfcService( 5477): index : 1
D/NfcService( 5477): index : 2
E/StatusBar( 5233): onReceive : Intent.ACTION_SCREEN_OFF
D/Recents_AlternateRecentsComponent( 5233): dismissHelpPopup 
D/QuickConnect[1.9.3072379][10] ( 7553): PreDiscoveryHelper.setVisibilityFromSystemDb - --
D/QuickConnect[1.9.3072379][10] ( 7553): PreDiscoveryHelper.setVisibilityFromSystemDb - isAllowToConnect : false, isContactOnly : true, visibilitySetting : OFF
D/QuickConnect[1.9.3072379][10] ( 7553): PreDiscoveryHelper.changeResponseSetting - changed: OFF
V/QuickConnect[1.9.3072379][10] ( 7553): PreDiscoveryHelper.updateAdvData - 
D/QuickConnect[1.9.3072379][10] ( 7553): WifiHelper.isEnableMobileAP - HOTSPOT Disabled
I/QuickConnect[1.9.3072379][10] ( 7553): P2pHelper.isPossibleP2pProbe -  possible P2p
V/QuickConnect[1.9.3072379][10] ( 7553): PreDiscoveryHelper.updateRespTarget - 
D/QuickConnect[1.9.3072379][10] ( 7553): BleHelper.mBroadcastReceiver - SCREEN_OFF when user = 0
D/QuickConnect[1.9.3072379][10] ( 7553): BleHelper.startScan - "0".equals([0]) && [0] != BluetoothActionHelper.STATE_BT_WORKING then ([false]||[false])
E/QuickConnect[1.9.3072379][10] ( 7553): BleHelper.startScan - not startLeScan() but lowerPeriphService()
E/QuickConnect[1.9.3072379][10] ( 7553): PeriphServiceUtil.lowerPeriphService - dont this until LE_AUTO_ENABLE feature
E/CscFactoryReceiver( 5494): onReceive android.intent.action.MEDIA_SCANNER_FINISHED
D/CscFactoryReceiver( 5494): Media DB Scanner finished.
D/CscFactoryReceiver( 5494): start service to Set Ringtone
D/CscFactoryReceiver( 5494): start service to Set Notification
D/CscFactoryReceiver( 5494): start service to Set Alarmtone
D/CscUpdateService( 5494): onStart
E/CscUpdateService( 5494): costomer file is exists : it has been preconfiged.
D/CscUpdateService( 5494): only ringtone update
D/CscUpdateService( 5494): onStart
E/CscUpdateService( 5494): costomer file is exists : it has been preconfiged.
D/CscUpdateService( 5494): only notification update
D/CscUpdateService( 5494): onStart
E/CscUpdateService( 5494): costomer file is exists : it has been preconfiged.
D/CscUpdateService( 5494): only alarmtone update
E/CscParser( 5494): update(): xml file exist
E/CscParser( 5494): update(): xml file exist
E/CscParser( 5494): update(): xml file exist
W/CSCSettings( 5494): Setting Ringtones (type) : 1
D/CscParser( 5494): RingTone: null
W/CSCSettings( 5494): 1. Tag_Str: null
W/CSCSettings( 5494): Setting Ringtones (type) : 2
D/CscParser( 5494): MessageTone: null
W/CSCSettings( 5494): 1. Tag_Str: null
W/CSCSettings( 5494): Setting Ringtones (type) : 4
D/CscParser( 5494): AlarmTone: null
W/CSCSettings( 5494): 1. Tag_Str: null
E/Zygote  ( 9949): MountEmulatedStorage()
E/Zygote  ( 9949): v2
I/SELinux ( 9949): Function: selinux_compare_spd_ram , priority [2] , priority version is VE=SEPF_SM-G900H_5.0_0011
E/SELinux ( 9949): [DEBUG] get_category: variable seinfo: platform sensitivity: NULL, cateogry: NULL
D/TimaKeyStoreProvider( 9949): TimaSignature is unavailable
D/ActivityThread( 9949): Added TimaKeyStore provider
D/ResourcesManager( 9949): creating new AssetManager and set to /system/priv-app/DCMProvider/DCMProvider.apk
I/DCMProvider( 9949): [#DCM#] onCreate this Instance = com.sec.dcm.provider.DCMProvider@374cdc79 Provider Ref Count:1
I/DCMConfig( 9949): [#DCM#] initializeTransport.SystemBroadcastReceiver  14 ms
I/StorageController( 9949): [#DCM#]  state through storage volume =  mounted
I/StorageController( 9949): [#DCM#]  storageId =  65537 removable = false path = /storage/emulated/0 state = mounted subsystem = fuse
I/StorageController( 9949): [#DCM#]  state through storage volume =  removed
I/StorageController( 9949): [#DCM#]  storageId =  131073 removable = true path = /storage/extSdCard state = removed subsystem = sd
I/StorageController( 9949): [#DCM#]  state through storage volume =  unmounted
I/StorageController( 9949): [#DCM#]  storageId =  196609 removable = false path = /storage/Private state = unmounted subsystem = private
I/StorageController( 9949): [#DCM#]  state through storage volume =  removed
I/StorageController( 9949): [#DCM#]  storageId =  262145 removable = true path = /storage/UsbDriveA state = removed subsystem = usb
I/StorageController( 9949): [#DCM#]  state through storage volume =  removed
I/StorageController( 9949): [#DCM#]  storageId =  327681 removable = true path = /storage/UsbDriveB state = removed subsystem = usb
I/StorageController( 9949): [#DCM#]  state through storage volume =  removed
I/StorageController( 9949): [#DCM#]  storageId =  393217 removable = true path = /storage/UsbDriveC state = removed subsystem = usb
I/StorageController( 9949): [#DCM#]  state through storage volume =  removed
I/StorageController( 9949): [#DCM#]  storageId =  458753 removable = true path = /storage/UsbDriveD state = removed subsystem = usb
I/StorageController( 9949): [#DCM#]  state through storage volume =  removed
I/StorageController( 9949): [#DCM#]  storageId =  524289 removable = true path = /storage/UsbDriveE state = removed subsystem = usb
I/StorageController( 9949): [#DCM#]  state through storage volume =  removed
I/StorageController( 9949): [#DCM#]  storageId =  589825 removable = true path = /storage/UsbDriveF state = removed subsystem = usb
I/DCMPolicyManager( 9949): [#DCM#] setCriticalStateFromSystem screenOn =  false high siop = true camera running = false
I/DCMPolicyManager( 9949): [#DCM#] opening file DCMRules.txt 
I/DCMConfig( 9949): [#DCM#] initializeTransport.DCMPolicyManager  136 ms
I/DCMConfig( 9949): [#DCM#] initializeTransport.MediaManager  145 ms
I/DCMConfig( 9949): [#DCM#] initializeTransport.DCMNRTManager  192 ms
I/DCMConfig( 9949): [#DCM#] No of CPU Core 8
I/DCMConfig( 9949): [#DCM#] initializeTransport took  193 ms
I/DCMProvider( 9949): [#DCM#] onCreate end 
I/DCMNRTManager( 9949): [#DCM#] intialize 
I/SystemBroadcastReceiver( 9949): [#DCM#] [DCM_Performance] onReceive completed in time  48 microsec. 
I/SystemBroadcastReceiver( 9949): [#DCM#] Calling notifyListeners. 
I/StorageController( 9949): [#DCM#]  state through storage volume =  mounted
I/StorageController( 9949): [#DCM#]  storageId =  65537 removable = false path = /storage/emulated/0 state = mounted subsystem = fuse
I/StorageController( 9949): [#DCM#]  state through storage volume =  removed
I/StorageController( 9949): [#DCM#]  storageId =  131073 removable = true path = /storage/extSdCard state = removed subsystem = sd
I/StorageController( 9949): [#DCM#]  state through storage volume =  unmounted
I/StorageController( 9949): [#DCM#]  storageId =  196609 removable = false path = /storage/Private state = unmounted subsystem = private
I/StorageController( 9949): [#DCM#]  state through storage volume =  removed
I/StorageController( 9949): [#DCM#]  storageId =  262145 removable = true path = /storage/UsbDriveA state = removed subsystem = usb
I/StorageController( 9949): [#DCM#]  state through storage volume =  removed
I/StorageController( 9949): [#DCM#]  storageId =  327681 removable = true path = /storage/UsbDriveB state = removed subsystem = usb
I/StorageController( 9949): [#DCM#]  state through storage volume =  removed
I/StorageController( 9949): [#DCM#]  storageId =  393217 removable = true path = /storage/UsbDriveC state = removed subsystem = usb
I/StorageController( 9949): [#DCM#]  state through storage volume =  removed
I/StorageController( 9949): [#DCM#]  storageId =  458753 removable = true path = /storage/UsbDriveD state = removed subsystem = usb
I/StorageController( 9949): [#DCM#]  state through storage volume =  removed
I/StorageController( 9949): [#DCM#]  storageId =  524289 removable = true path = /storage/UsbDriveE state = removed subsystem = usb
I/StorageController( 9949): [#DCM#]  state through storage volume =  removed
I/StorageController( 9949): [#DCM#]  storageId =  589825 removable = true path = /storage/UsbDriveF state = removed subsystem = usb
I/StorageController( 9949): [#DCM#] Bundle =  Bundle[{path=file:///system/media, CleanBuffer=false}]
I/SystemBroadcastReceiver( 9949): [#DCM#] Calling notifyListeners. 
I/DCMPolicyManager( 9949): [#DCM#] onReceive action = EVENT_SIOP
I/DCMPolicyManager( 9949): [#DCM#] SIOP level is high = 2
E/WriterFactory( 9949): [#DCM#] FreshIndex  
E/WriterFactory( 9949): [#DCM#] FreshIndex : org.apache.lucene.index.IndexNotFoundException: no segments* file found in org.apache.lucene.store.NIOFSDirectory@/data/data/com.samsung.dcm/app_indexDirectory lockFactory=org.apache.lucene.store.NativeFSLockFactory@2003e622: files: [] (no segments* file found in org.apache.lucene.store.NIOFSDirectory@/data/data/com.samsung.dcm/app_indexDirectory lockFactory=org.apache.lucene.store.NativeFSLockFactory@2003e622: files: [])
E/WriterFactory( 9949): 	at org.apache.lucene.index.SegmentInfos$FindSegmentsFile.run (SegmentInfos.java:741)
E/WriterFactory( 9949): 	at org.apache.lucene.index.SegmentInfos$FindSegmentsFile.run (SegmentInfos.java:630)
E/WriterFactory( 9949): 	at org.apache.lucene.index.SegmentInfos.read (SegmentInfos.java:350)
E/WriterFactory( 9949): 	at org.apache.lucene.index.DirectoryReader.listCommits (DirectoryReader.java:276)
E/WriterFactory( 9949): 	at com.samsung.dcm.framework.lucene.WriterFactory.initIndexWriter (WriterFactory.java:175)
E/WriterFactory( 9949): 	at com.samsung.dcm.framework.lucene.WriterFactory.open (WriterFactory.java:529)
E/WriterFactory( 9949): 	at com.samsung.dcm.framework.lucene.DCMNRTManager.intializeLuceneDatabase (DCMNRTManager.java:754)
E/WriterFactory( 9949): 	at com.samsung.dcm.framework.lucene.DCMNRTManager.intialize (DCMNRTManager.java:772)
E/WriterFactory( 9949): 	at com.samsung.dcm.framework.configuration.DCMIntitialize.run (DCMIntitialize.java:67)
E/WriterFactory( 9949): 	at java.lang.Thread.run (Thread.java:818)
E/WriterFactory( 9949):  
E/WriterFactory( 9949): [#DCM#] doTryDeleteFiles command =  rm -rf /data/data/com.samsung.dcm/app_indexDirectory
E/Zygote  ( 9976): MountEmulatedStorage()
E/Zygote  ( 9976): v2
I/SELinux ( 9976): Function: selinux_compare_spd_ram , priority [2] , priority version is VE=SEPF_SM-G900H_5.0_0011
E/SELinux ( 9976): [DEBUG] get_category: variable seinfo: platform sensitivity: NULL, cateogry: NULL
D/TimaKeyStoreProvider( 9976): TimaSignature is unavailable
D/ActivityThread( 9976): Added TimaKeyStore provider
D/ResourcesManager( 9976): creating new AssetManager and set to /system/priv-app/DocumentService/DocumentService.apk
E/WriterFactory( 9949): [#DCM#] doTryDeleteFiles command =  rm -rf /data/data/com.samsung.dcm/app_taxonomyDirectory
I/ThumbnailProvider( 9976): ThumbnailProvider onCreate()
I/WriterFactory( 9949): [#DCM#] TAXO in mode CREATE_OR_APPEND
I/DocumentBroadcastReceiver( 9976): DocumentService onReceive android.intent.action.MEDIA_SCANNER_FINISHED
I/BroadcastProcessorService( 9976): [START] processBroadcastIntent ...
I/BroadcastProcessorService( 9976): DocumentService onHandleIntent ACTION_MEDIA_SCANNER_FINISHED
I/WriterFactory( 9949): [#DCM#] Before facet 
I/WriterFactory( 9949): [#DCM#] After facet=!null ? true
I/DCMUtilities( 9949): [#DCM#] isCommitOk; kKeyOnCommit = true
I/DCMController( 9949): [#DCM#] isCommitOk:  true, isIntentFinished: trueisRebuildDone = false
I/DatabaseRebuilderTask( 9949): [#DCM#] postDBrebuildIntent rebuildLocation =  false
E/Zygote  (10001): MountEmulatedStorage()
E/Zygote  (10001): v2
I/SELinux (10001): Function: selinux_compare_spd_ram , priority [2] , priority version is VE=SEPF_SM-G900H_5.0_0011
E/SELinux (10001): [DEBUG] get_category: variable seinfo: platform sensitivity: NULL, cateogry: NULL
I/SystemInfo( 9976): [SYSTEM STATUS] Battery and Storage levels are OK:
I/BroadcastProcessorService( 9976): [CURRENT_STATE] DocumentService state: SERVICE_NOT_STARTED
I/BroadcastProcessorService( 9976): [START] DocumentService startDocumentService
I/FrameworkService( 9949): [#DCM#] onCreate FrameworkService 
I/DCMController( 9949): [#DCM#] Pausing all executors  Setup not yet complete
I/DCMController( 9949): [#DCM#] setExecutorState  pause
I/DCMConfig( 9949): [#DCM#] setSuccessState =  true
I/FrameworkService( 9949): [#DCM#] onCreate FrameworkService end 
I/DCMConfig( 9949): [#DCM#] getSuccessState = true
I/FrameworkService( 9949): [#DCM#] onStartCommand(intent= Intent { act=com.samsung.dcm.action.DCM_EXECUTE cmp=com.samsung.dcm/.framework.FrameworkService (has extras) }, startId=1
I/IntentHandler( 9949): [#DCM#] Intent action= com.samsung.dcm.action.DCM_EXECUTE, startId=1
I/SystemUtils( 9949): [#DCM#] LM: false,AM:689061888
I/DocumentService( 9976): DocumentService onCreate ... service
I/DCMThreadPoolExecutor( 9949): [#DCM#] Task being added DatabaseRebuilderTask
I/DCMThreadPoolExecutor( 9949): [#DCM#] Task com.samsung.dcm.framework.extractormanager.task.DatabaseRebuilderTask@1c1e76b8 is submitted
I/FrameworkService( 9949): [#DCM#] [DCM_Performance] onStartCommand completed , startId= 1 in time 13923 mirosec. 
D/TimaKeyStoreProvider(10001): TimaSignature is unavailable
D/ActivityThread(10001): Added TimaKeyStore provider
D/ResourcesManager(10001): creating new AssetManager and set to /system/priv-app/SFinder/SFinder.apk
W/ContextImpl( 9976): Failed to ensure directory: /storage/extSdCard/Android/data/com.samsung.indexservice/files
W/ContextImpl( 9976): Failed to ensure directory: /storage/extSdCard/Android/data/com.samsung.indexservice/files
I/FeatureConfig(10001): init() refresh[false], Select[false], DisplayOrder[false], HelpMenu[false]
D/ResourcesManager(10001): creating new AssetManager and set to /system/priv-app/SecMms_Candy/SecMms_Candy.apk
D/ResourcesManager(10001): creating new AssetManager and set to /system/priv-app/SecSettings/SecSettings.apk
E/SystemInfo( 9976): [SIOP LEVEL] : 2
I/DocumentServiceUtils( 9976):  Total PDF: 0 PDF size: 0 OtherFiles Size: 0
E/SystemInfo( 9976): DocumentService [SIOP LEVEL] changed to 2
D/ResourcesManager(10001): creating new AssetManager and set to /system/app/ChatON_MARKET/ChatON_MARKET.apk
D/ResourcesManager(10001): creating new AssetManager and set to /system/app/InteractiveTutorial/InteractiveTutorial.apk
I/DocumentService( 9976): [STOP DOCUMENTSERVICE] Attempting to stop the Service
E/DocumentService( 9976): [THUMBNAIL AND INDEX] Thumbnail and indexing is Completed Total Time taken for both :28
E/DocumentService( 9976): [THUMBNAIL] Total Time taken for each file :0
E/        ( 9976): [INDEX] Total time taken for each file :0
D/ResourcesManager(10001): creating new AssetManager and set to /system/app/SPlanner_OS_UPG/SPlanner_OS_UPG.apk
I/DocumentService( 9976): DocumentService onDestroy start
I/DocumentService( 9976): DocumentService onDestroy end
I/DocumentService( 9976): DocumentService cleanupEverything start
I/IndexParserThreadsManager( 9976): InterruptedException: null
I/SystemInfo( 9976): [SYSTEM STATUS] Battery and Storage levels are OK:
I/DocumentService( 9976): DocumentService cleanupEverything end
I/Process ( 9976): Sending signal. PID: 9976 SIG: 9
D/ResourcesManager(10001): creating new AssetManager and set to /system/priv-app/SecContacts/SecContacts.apk
D/ResourcesManager(10001): creating new AssetManager and set to /system/priv-app/SecGallery2014/SecGallery2014.apk
D/ResourcesManager(10001): creating new AssetManager and set to /system/priv-app/SecMyFiles2014/SecMyFiles2014.apk
D/ResourcesManager(10001): creating new AssetManager and set to /system/priv-app/SecVideoPlayer/SecVideoPlayer.apk
E/Zygote  (10024): MountEmulatedStorage()
E/Zygote  (10024): v2
D/ResourcesManager(10001): creating new AssetManager and set to /system/app/SBrowser/SBrowser.apk
I/SELinux (10024): Function: selinux_compare_spd_ram , priority [2] , priority version is VE=SEPF_SM-G900H_5.0_0011
E/SELinux (10024): [DEBUG] get_category: variable seinfo: platform sensitivity: NULL, cateogry: NULL
D/ResourcesManager(10001): creating new AssetManager and set to /system/app/SecEmail_K/SecEmail_K.apk
D/TimaKeyStoreProvider(10024): TimaSignature is unavailable
D/ActivityThread(10024): Added TimaKeyStore provider
D/ResourcesManager(10001): creating new AssetManager and set to /system/app/SecMemoDL/SecMemoDL.apk
D/ResourcesManager(10024): creating new AssetManager and set to /system/priv-app/SamsungMusic_20/SamsungMusic_20.apk
D/ResourcesManager(10001): creating new AssetManager and set to /system/app/Chrome/Chrome.apk
D/ResourcesManager(10001): creating new AssetManager and set to /system/priv-app/SamsungMusic_20/SamsungMusic_20.apk
D/ResourcesManager(10001): creating new AssetManager and set to /system/priv-app/VoiceNote/VoiceNote.apk
W/GalaxyFinderApplication(10001): system/finder_cp/cpdata.xml file not found
D/GalleryCacheReady( 9076): Receive action.ACTION_MEDIA_SCANNER_FINISHED
D/GalleryCacheReady( 9076): handleMeidaScanFinish()
W/ContextImpl( 9076): Failed to ensure directory: /storage/extSdCard/Android/data/com.sec.android.gallery3d/cache
W/ContextImpl( 9076): Failed to ensure directory: /storage/extSdCard/Android/data/com.sec.android.gallery3d/cache
W/BlobCache( 9076): cannot read header
W/ContextImpl( 9076): Failed to ensure directory: /storage/extSdCard/Android/data/com.sec.android.gallery3d/cache
W/BlobCache( 9076): cannot read header
W/ContextImpl( 9076): Failed to ensure directory: /storage/extSdCard/Android/data/com.sec.android.gallery3d/cache
W/BlobCache( 9076): cannot read header
W/ContextImpl( 9076): Failed to ensure directory: /storage/extSdCard/Android/data/com.sec.android.gallery3d/cache
W/BlobCache( 9076): cannot read header
D/FaceInterface( 9076): requestFaceScan() is called.
I/FaceInterface( 9076): startFaceScan() : waiting 5 sec
W/LocalSuggestAlbumData( 9076): query fail: 
W/LocalSuggestAlbumData( 9076): query fail: 
I/wpa_supplicant( 5105): nl80211: Received scan results (3 BSSes)
I/wpa_supplicant( 5105): wlan0: ANQP fetch completed
I/wpa_supplicant( 5105): wlan0: ANQP fetch completed
I/SettingSearchManagerReceiver( 5494): onReceive : android.settings.INSERT_SEARCHDB_VER_TWO_EXTRA_APPS
I/SettingSearchManagerReceiver( 5494): addSearchInfoDB
E/Zygote  (10043): MountEmulatedStorage()
E/Zygote  (10043): v2
I/SELinux (10043): Function: selinux_compare_spd_ram , priority [2] , priority version is VE=SEPF_SM-G900H_5.0_0011
E/SELinux (10043): [DEBUG] get_category: variable seinfo: release sensitivity: NULL, cateogry: NULL
D/TimaKeyStoreProvider(10043): TimaSignature is unavailable
D/ActivityThread(10043): Added TimaKeyStore provider
D/ResourcesManager(10043): creating new AssetManager and set to /system/app/SettingSearchProvider/SettingSearchProvider.apk
I/SettingSearchManagerReceiver( 5494): endInsert
D/AssistantMenuSettingSearch( 9664): onReceive - action:android.settings.INSERT_SEARCHDB_VER_TWO_EXTRA_APPS
D/AssistantMenuSettingSearch( 9664): Make Setting DB
D/ResourcesManager(10001): creating new AssetManager and set to /system/priv-app/GmsCore/GmsCore.apk
D/ResourcesManager(10001): creating new AssetManager and set to /system/priv-app/Phonesky/Phonesky.apk
E/CscFactoryReceiver( 5494): onReceive android.intent.action.MEDIA_SCANNER_FINISHED
D/CscFactoryReceiver( 5494): Media DB Scanner finished.
D/CscFactoryReceiver( 5494): start service to Set Ringtone
D/CscFactoryReceiver( 5494): start service to Set Notification
D/CscFactoryReceiver( 5494): start service to Set Alarmtone
D/CscUpdateService( 5494): onStart
E/CscUpdateService( 5494): costomer file is exists : it has been preconfiged.
D/CscUpdateService( 5494): only ringtone update
D/CscUpdateService( 5494): onStart
E/CscUpdateService( 5494): costomer file is exists : it has been preconfiged.
D/CscUpdateService( 5494): only notification update
E/CscParser( 5494): update(): xml file exist
D/CscUpdateService( 5494): onStart
E/CscUpdateService( 5494): costomer file is exists : it has been preconfiged.
D/CscUpdateService( 5494): only alarmtone update
E/CscParser( 5494): update(): xml file exist
I/SystemBroadcastReceiver( 9949): [#DCM#] Calling notifyListeners. 
E/CscParser( 5494): update(): xml file exist
