I/art     ( 4119): option[25]=-Ximage-compiler-option
I/art     ( 4119): option[26]=--image-classes=preloaded-classes
I/art     ( 4119): option[27]=-Xcompiler-option
I/art     ( 4119): option[28]=--runtime-arg
I/art     ( 4119): option[29]=-Xcompiler-option
I/art     ( 4119): option[30]=-Xms64m
I/art     ( 4119): option[31]=-Xcompiler-option
I/art     ( 4119): option[32]=--runtime-arg
I/art     ( 4119): option[33]=-Xcompiler-option
I/art     ( 4119): option[34]=-Xmx512m
I/art     ( 4119): option[35]=-Duser.language=es
I/art     ( 4119): option[36]=-Duser.region=US
I/art     ( 4119): Pruning dalvik-cache since we are generating an image and will need to recompile
W/art     ( 4119): Unexpected file type of 
W/art     ( 4119):  encountered.
I/art     ( 4119): Using an offset of 0x937000 from default art base address of 0x70000000
I/art     ( 4119): GenerateImage: /system/bin/dex2oat --image=/data/dalvik-cache/arm/system@framework@boot.art --dex-file=/system/framework/core-libart.jar --dex-file=/system/framework/conscrypt.jar --dex-file=/system/framework/okhttp.jar --dex-file=/system/framework/core-junit.jar --dex-file=/system/framework/bouncycastle.jar --dex-file=/system/framework/ext.jar --dex-file=/system/framework/framework.jar --dex-file=/system/framework/telephony-common.jar --dex-file=/system/framework/voip-common.jar --dex-file=/system/framework/ims-common.jar --dex-file=/system/framework/mms-common.jar --dex-file=/system/framework/android.policy.jar --dex-file=/system/framework/apache-xml.jar --oat-file=/data/dalvik-cache/arm/system@framework@boot.oat --instruction-set=arm --instruction-set-features=div --base=0x70937000 --runtime-arg -Xms64m --runtime-arg -Xmx64m --image-classes-zip=/system/framework/framework.jar --image-classes=preloaded-classes
I/mediaserver( 4117): ServiceManager: 0xb60500c0
I/AudioFlinger( 4117): Using default 3000 mSec as standby time.
I/ServiceManager( 4117): Waiting for service batterystats...
W/art     ( 4119): Unexpected file type of 
W/art     ( 4119):  encountered.
W/art     ( 4119): Could not create image space with image file '/system/framework/boot.art'. Attempting to fall back to imageless running. Error was: Failed to generate image '/data/dalvik-cache/arm/system@framework@boot.art': Failed execv(/system/bin/dex2oat --image=/data/dalvik-cache/arm/system@framework@boot.art --dex-file=/system/framework/core-libart.jar --dex-file=/system/framework/conscrypt.jar --dex-file=/system/framework/okhttp.jar --dex-file=/system/framework/core-junit.jar --dex-file=/system/framework/bouncycastle.jar --dex-file=/system/framework/ext.jar --dex-file=/system/framework/framework.jar --dex-file=/system/framework/telephony-common.jar --dex-file=/system/framework/voip-common.jar --dex-file=/system/framework/ims-common.jar --dex-file=/system/framework/mms-common.jar --dex-file=/system/framework/android.policy.jar --dex-file=/system/framework/apache-xml.jar --oat-file=/data/dalvik-cache/arm/system@framework@boot.oat --instruction-set=arm --instruction-set-features=div --base=0x70937000 --runtime-arg -Xms64
I/gralloc ( 4116): using (fd=12)
I/gralloc ( 4116): id           = 
I/gralloc ( 4116): xres         = 1080 px
I/gralloc ( 4116): yres         = 1920 px
I/gralloc ( 4116): xres_virtual = 1080 px
I/gralloc ( 4116): yres_virtual = 3840 px
I/gralloc ( 4116): bpp          = 32
I/gralloc ( 4116): r            = 16:8
I/gralloc ( 4116): g            =  8:8
I/gralloc ( 4116): b            =  0:8
I/gralloc ( 4116): width        = 65 mm (422.030762 dpi)
I/gralloc ( 4116): height       = 115 mm (424.069580 dpi)
I/gralloc ( 4116): refresh rate = 60.00 Hz
D/hwcomposer( 4116): using
D/hwcomposer( 4116): xres         = 1080 px
D/hwcomposer( 4116): yres         = 1920 px
D/hwcomposer( 4116): width        = 65 mm (422.030000 dpi)
D/hwcomposer( 4116): height       = 115 mm (424.069000 dpi)
D/hwcomposer( 4116): refresh rate = 60 Hz
E/libexynosv4l2-subdev( 4116): no subdev device found
E/hdmi    ( 4116): failed to open hdmi mixer0 subdev
E/hwcomposer( 4116): openHdmi fail
I/hwcomposer( 4116): PSR info devname = /sys/devices/14400000.fimd_fb/psr_info
I/hwcomposer( 4116): PSR mode is 2(0: video mode, 1: DP PSR mode, 2: MIPI-DSI command mode)
I/SurfaceFlinger( 4116): Using composer version 1.3
I/SurfaceFlinger( 4116): EGL information:
I/SurfaceFlinger( 4116): vendor    : Android
I/SurfaceFlinger( 4116): version   : 1.4 Android META-EGL
I/SurfaceFlinger( 4116): extensions: EGL_KHR_get_all_proc_addresses EGL_ANDROID_presentation_time EGL_KHR_image EGL_KHR_image_base EGL_KHR_gl_texture_2D_image EGL_KHR_gl_texture_cubemap_image EGL_KHR_gl_renderbuffer_image EGL_KHR_fence_sync EGL_KHR_create_context EGL_ANDROID_image_native_buffer EGL_KHR_wait_sync EGL_ANDROID_recordable 
I/SurfaceFlinger( 4116): Client API: OpenGL_ES
I/SurfaceFlinger( 4116): EGLSurface: 8-8-8-8, config=0xb69cf2ac
I/SurfaceFlinger( 4116): OpenGL ES informations:
I/SurfaceFlinger( 4116): vendor    : ARM
I/SurfaceFlinger( 4116): renderer  : Mali-T628
I/SurfaceFlinger( 4116): version   : OpenGL ES 3.0
I/SurfaceFlinger( 4116): extensions: GL_EXT_debug_marker GL_ARM_rgba8 GL_ARM_mali_shader_binary GL_OES_depth24 GL_OES_depth_texture GL_OES_depth_texture_cube_map GL_OES_packed_depth_stencil GL_OES_rgb8_rgba8 GL_EXT_read_format_bgra GL_OES_compressed_paletted_texture GL_OES_compressed_ETC1_RGB8_texture GL_OES_standard_derivatives GL_OES_EGL_image GL_OES_EGL_image_external GL_OES_EGL_sync GL_OES_texture_npot GL_OES_vertex_half_float GL_OES_required_internalformat GL_OES_vertex_array_object GL_OES_mapbuffer GL_EXT_texture_format_BGRA8888 GL_EXT_texture_rg GL_EXT_texture_type_2_10_10_10_REV GL_OES_fbo_render_mipmap GL_OES_element_index_uint GL_EXT_shadow_samplers GL_OES_texture_compression_astc GL_KHR_texture_compression_astc_ldr GL_KHR_texture_compression_astc_hdr GL_KHR_debug GL_EXT_occlusion_query_boolean GL_EXT_blend_minmax GL_EXT_discard_framebuffer GL_OES_get_program_binary GL_OES_texture_3D GL_EXT_texture_storage GL_EXT_multisampled_render_to_texture GL_OES_surfaceless_context GL_ARM_mali_program_binary 
I/SurfaceFlinger( 4116): GL_MAX_TEXTURE_SIZE = 8192
I/SurfaceFlinger( 4116): GL_MAX_VIEWPORT_DIMS = 8192
E/libEGL  ( 4116): eglQuerySurface:607 error 300d (EGL_BAD_SURFACE)
E/libEGL  ( 4116): eglQuerySurface:607 error 300d (EGL_BAD_SURFACE)
E/libEGL  ( 4116): call to OpenGL ES API with no current context (logged once per thread)
D/SurfaceFlinger( 4116): Set power mode=2, type=0 flinger=0xb6962000
I/hwcomposer( 4116): int exynos5_blank(hwc_composer_device_1*, int, int):: disp(0), blank(0)
I/hwcomposer( 4116): unblank ioctl failed (display already unblanked)
E/libEGL  ( 4116): eglSwapBuffers:1071 error 300d (EGL_BAD_SURFACE)
F/SurfaceFlinger( 4116): eglSwapBuffers(0x1, 0x0) failed with 0x0000300d
F/libc    ( 4116): Fatal signal 6 (SIGABRT), code -6 in tid 4116 (surfaceflinger)
I/DEBUG   ( 3582): property debug.db.uid not set; NOT waiting for gdb.
I/DEBUG   ( 3582): HINT: adb shell setprop debug.db.uid 100000
I/DEBUG   ( 3582): HINT: adb forward tcp:5039 tcp:5039
I/DEBUG   ( 3582): *** *** *** *** *** *** *** *** *** *** *** *** *** *** *** ***
I/DEBUG   ( 3582): Build fingerprint: 'samsung/cm_k3gxx/k3gxx:5.0.2/LRX22G/88e55c58ed:userdebug/test-keys'
I/DEBUG   ( 3582): Revision: '10'
I/DEBUG   ( 3582): ABI: 'arm'
I/DEBUG   ( 3582): pid: 4116, tid: 4116, name: surfaceflinger  >>> /system/bin/surfaceflinger <<<
I/DEBUG   ( 3582): signal 6 (SIGABRT), code -6 (SI_TKILL), fault addr --------
I/DEBUG   ( 3582): Abort message: 'eglSwapBuffers(0x1, 0x0) failed with 0x0000300d'
I/DEBUG   ( 3582):     r0 00000000  r1 00001014  r2 00000006  r3 00000000
I/DEBUG   ( 3582):     r4 b6f21114  r5 00000006  r6 0000000b  r7 0000010c
I/DEBUG   ( 3582):     r8 00000000  r9 be9edbd0  sl b6954210  fp be9edbd0
I/DEBUG   ( 3582):     ip 00001014  sp be9ed650  lr b6eab7b9  pc b6ecf4e4  cpsr 600f0010
I/DEBUG   ( 3582): 
I/DEBUG   ( 3582): backtrace:
I/DEBUG   ( 3582):     #00 pc 000384e4  /system/lib/libc.so (tgkill+12)
I/DEBUG   ( 3582):     #01 pc 000147b5  /system/lib/libc.so (pthread_kill+52)
I/DEBUG   ( 3582):     #02 pc 0001550b  /system/lib/libc.so (raise+10)
I/DEBUG   ( 3582):     #03 pc 00011c35  /system/lib/libc.so (__libc_android_abort+36)
I/DEBUG   ( 3582):     #04 pc 0000fcb8  /system/lib/libc.so (abort+4)
I/DEBUG   ( 3582):     #05 pc 00007739  /system/lib/libcutils.so (__android_log_assert+88)
I/DEBUG   ( 3582):     #06 pc 0000f4df  /system/lib/libsurfaceflinger.so
I/DEBUG   ( 3582):     #07 pc 0001b9fd  /system/lib/libsurfaceflinger.so
I/DEBUG   ( 3582):     #08 pc 0001abe7  /system/lib/libsurfaceflinger.so
I/DEBUG   ( 3582):     #09 pc 00019fc3  /system/lib/libsurfaceflinger.so
I/DEBUG   ( 3582):     #10 pc 00019d49  /system/lib/libsurfaceflinger.so
I/DEBUG   ( 3582):     #11 pc 00010ed3  /system/lib/libutils.so (android::Looper::pollInner(int)+410)
I/DEBUG   ( 3582):     #12 pc 00010fc5  /system/lib/libutils.so (android::Looper::pollOnce(int, int*, int*, void**)+92)
I/DEBUG   ( 3582):     #13 pc 000174c5  /system/lib/libsurfaceflinger.so
I/DEBUG   ( 3582):     #14 pc 0001993d  /system/lib/libsurfaceflinger.so (android::SurfaceFlinger::run()+8)
I/DEBUG   ( 3582):     #15 pc 0000083d  /system/bin/surfaceflinger
I/DEBUG   ( 3582):     #16 pc 0000fb75  /system/lib/libc.so (__libc_init+44)
I/DEBUG   ( 3582):     #17 pc 000008d8  /system/bin/surfaceflinger
W/auditd  ( 3593): type=1325 audit(0.0:463): table=raw family=2 entries=8
W/iptables( 4264): type=1300 audit(0.0:463): arch=40000028 syscall=294 per=800000 success=yes exit=0 a0=4 a1=0 a2=40 a3=b6c1ba00 items=0 ppid=4114 auid=4294967295 uid=0 gid=0 euid=0 suid=0 fsuid=0 egid=0 sgid=0 fsgid=0 ses=4294967295 tty=(none) exe="/system/bin/iptables" subj=u:r:netd:s0 key=(null)
W/auditd  ( 3593): type=1320 audit(0.0:463): 
W/auditd  ( 3593): type=1325 audit(0.0:464): table=raw family=10 entries=8
W/ip6tables( 4265): type=1300 audit(0.0:464): arch=40000028 syscall=294 per=800000 success=yes exit=0 a0=4 a1=29 a2=40 a3=b6c32800 items=0 ppid=4114 auid=4294967295 uid=0 gid=0 euid=0 suid=0 fsuid=0 egid=0 sgid=0 fsgid=0 ses=4294967295 tty=(none) exe="/system/bin/ip6tables" subj=u:r:netd:s0 key=(null)
W/auditd  ( 3593): type=1320 audit(0.0:464): 
W/auditd  ( 3593): type=1325 audit(0.0:465): table=raw family=2 entries=8
W/iptables( 4266): type=1300 audit(0.0:465): arch=40000028 syscall=294 per=800000 success=yes exit=0 a0=4 a1=0 a2=40 a3=b6c30100 items=0 ppid=4114 auid=4294967295 uid=0 gid=0 euid=0 suid=0 fsuid=0 egid=0 sgid=0 fsgid=0 ses=4294967295 tty=(none) exe="/system/bin/iptables" subj=u:r:netd:s0 key=(null)
W/auditd  ( 3593): type=1320 audit(0.0:465): 
W/auditd  ( 3593): type=1325 audit(0.0:466): table=raw family=10 entries=8
W/ip6tables( 4267): type=1300 audit(0.0:466): arch=40000028 syscall=294 per=800000 success=yes exit=0 a0=4 a1=29 a2=40 a3=b6c32400 items=0 ppid=4114 auid=4294967295 uid=0 gid=0 euid=0 suid=0 fsuid=0 egid=0 sgid=0 fsgid=0 ses=4294967295 tty=(none) exe="/system/bin/ip6tables" subj=u:r:netd:s0 key=(null)
W/auditd  ( 3593): type=1320 audit(0.0:466): 
W/auditd  ( 3593): type=1325 audit(0.0:467): table=raw family=2 entries=6
W/iptables( 4268): type=1300 audit(0.0:467): arch=40000028 syscall=294 per=800000 success=yes exit=0 a0=4 a1=0 a2=40 a3=b6c20400 items=0 ppid=4114 auid=4294967295 uid=0 gid=0 euid=0 suid=0 fsuid=0 egid=0 sgid=0 fsgid=0 ses=4294967295 tty=(none) exe="/system/bin/iptables" subj=u:r:netd:s0 key=(null)
W/auditd  ( 3593): type=1320 audit(0.0:467): 
W/auditd  ( 3593): type=1325 audit(0.0:468): table=raw family=10 entries=6
W/ip6tables( 4269): type=1300 audit(0.0:468): arch=40000028 syscall=294 per=800000 success=yes exit=0 a0=4 a1=29 a2=40 a3=b6c31800 items=0 ppid=4114 auid=4294967295 uid=0 gid=0 euid=0 suid=0 fsuid=0 egid=0 sgid=0 fsgid=0 ses=4294967295 tty=(none) exe="/system/bin/ip6tables" subj=u:r:netd:s0 key=(null)
W/auditd  ( 3593): type=1320 audit(0.0:468): 
W/auditd  ( 3593): type=1325 audit(0.0:469): table=raw family=2 entries=8
W/iptables( 4270): type=1300 audit(0.0:469): arch=40000028 syscall=294 per=800000 success=yes exit=0 a0=4 a1=0 a2=40 a3=b6c1ba00 items=0 ppid=4114 auid=4294967295 uid=0 gid=0 euid=0 suid=0 fsuid=0 egid=0 sgid=0 fsgid=0 ses=4294967295 tty=(none) exe="/system/bin/iptables" subj=u:r:netd:s0 key=(null)
I/ServiceManager( 4117): Waiting for service batterystats...
V/NatController( 4114): runCmd(/system/bin/iptables -F natctrl_FORWARD) res=0
V/NatController( 4114): runCmd(/system/bin/iptables -A natctrl_FORWARD -j DROP) res=0
V/NatController( 4114): runCmd(/system/bin/iptables -t nat -F natctrl_nat_POSTROUTING) res=0
V/NatController( 4114): runCmd(/system/bin/iptables -F natctrl_tether_counters) res=0
I/DEBUG   ( 3582): 
I/DEBUG   ( 3582): Tombstone written to: /data/tombstones/tombstone_04
V/NatController( 4114): runCmd(/system/bin/iptables -X natctrl_tether_counters) res=0
V/NatController( 4114): runCmd(/system/bin/iptables -N natctrl_tether_counters) res=0
V/NatController( 4114): runCmd(/system/bin/iptables -t mangle -A natctrl_mangle_FORWARD -p tcp --tcp-flags SYN SYN -j TCPMSS --clamp-mss-to-pmtu) res=0
I/ServiceManager( 3569): service 'SurfaceFlinger' died
I/ServiceManager( 3569): service 'Exynos.HWCService' died
I/ServiceManager( 3569): service 'media.wifi_display' died
F/libc    ( 4181): Fatal signal 11 (SIGSEGV), code 1, fault addr 0x0 in tid 4193 (BootAnimation)
W/SurfaceComposerClient( 4181): ComposerService remote (surfaceflinger) died [0xb63591c0]
D/BootAnimation( 4181): SurfaceFlinger died, exiting...
E/DEBUG   ( 3582): tid 4193 does not exist in pid 4181. ignoring debug request
I/ServiceManager( 3569): service 'media.audio_flinger' died
W/init    ( 4334): type=1400 audit(0.0:521): avc: denied { entrypoint } for path="/system/bin/auditd" dev="mmcblk0p18" ino=173 scontext=u:r:logd:s0 tcontext=u:object_r:system_file:s0 tclass=file
W/init    ( 4334): type=1300 audit(0.0:521): arch=40000028 syscall=11 per=800000 success=no exit=-13 a0=b6d80954 a1=b6d69530 a2=57e64 a3=ff0000 items=1 ppid=1 auid=4294967295 uid=0 gid=0 euid=0 suid=0 fsuid=0 egid=0 sgid=0 fsgid=0 ses=4294967295 tty=(none) exe="/init" subj=u:r:init:s0 key=(null)
W/auditd  ( 3593): type=1307 audit(0.0:521): cwd="/"
W/auditd  ( 3593): type=1302 audit(0.0:521): item=0 name="/system/bin/auditd" inode=173 dev=103:0a mode=0100755 ouid=0 ogid=2000 rdev=00:00 obj=u:object_r:system_file:s0
W/auditd  ( 3593): type=1320 audit(0.0:521): 
I/Netd    ( 4335): Netd 1.0 starting
E/Netd    ( 4335): Failed to open /proc/sys/net/ipv6/conf/default/accept_ra_rt_table: No such file or directory
E/Netd    ( 4335): Failed to open /proc/sys/net/ipv6/conf/ip6tnl0/accept_ra_rt_table: No such file or directory
E/Netd    ( 4335): Failed to open /proc/sys/net/ipv6/conf/lo/accept_ra_rt_table: No such file or directory
E/Netd    ( 4335): Failed to open /proc/sys/net/ipv6/conf/rmnet0/accept_ra_rt_table: No such file or directory
E/Netd    ( 4335): Failed to open /proc/sys/net/ipv6/conf/rmnet1/accept_ra_rt_table: No such file or directory
E/Netd    ( 4335): Failed to open /proc/sys/net/ipv6/conf/rmnet2/accept_ra_rt_table: No such file or directory
E/Netd    ( 4335): Failed to open /proc/sys/net/ipv6/conf/rmnet3/accept_ra_rt_table: No such file or directory
E/Netd    ( 4335): Failed to open /proc/sys/net/ipv6/conf/sit0/accept_ra_rt_table: No such file or directory
W/auditd  ( 3593): type=1325 audit(0.0:522): table=filter family=2 entries=40
W/iptables( 4341): type=1300 audit(0.0:522): arch=40000028 syscall=294 per=800000 success=yes exit=0 a0=4 a1=0 a2=40 a3=b6c25000 items=0 ppid=4335 auid=4294967295 uid=0 gid=0 euid=0 suid=0 fsuid=0 egid=0 sgid=0 fsgid=0 ses=4294967295 tty=(none) exe="/system/bin/iptables" subj=u:r:netd:s0 key=(null)
W/auditd  ( 3593): type=1320 audit(0.0:522): 
I/SurfaceFlinger( 4337): SurfaceFlinger is starting
I/SurfaceFlinger( 4337): SurfaceFlinger's main thread ready to run. Initializing graphics H/W...
W/auditd  ( 3593): type=1325 audit(0.0:523): table=filter family=10 entries=37
W/ip6tables( 4344): type=1300 audit(0.0:523): arch=40000028 syscall=294 per=800000 success=yes exit=0 a0=4 a1=29 a2=40 a3=b6c28000 items=0 ppid=4335 auid=4294967295 uid=0 gid=0 euid=0 suid=0 fsuid=0 egid=0 sgid=0 fsgid=0 ses=4294967295 tty=(none) exe="/system/bin/ip6tables" subj=u:r:netd:s0 key=(null)
W/auditd  ( 3593): type=1320 audit(0.0:523): 
W/auditd  ( 3593): type=1325 audit(0.0:524): table=filter family=2 entries=39
W/iptables( 4345): type=1300 audit(0.0:524): arch=40000028 syscall=294 per=800000 success=yes exit=0 a0=4 a1=0 a2=40 a3=b6c22000 items=0 ppid=4335 auid=4294967295 uid=0 gid=0 euid=0 suid=0 fsuid=0 egid=0 sgid=0 fsgid=0 ses=4294967295 tty=(none) exe="/system/bin/iptables" subj=u:r:netd:s0 key=(null)
W/auditd  ( 3593): type=1320 audit(0.0:524): 
W/auditd  ( 3593): type=1325 audit(0.0:525): table=filter family=10 entries=36
W/ip6tables( 4348): type=1300 audit(0.0:525): arch=40000028 syscall=294 per=800000 success=yes exit=0 a0=4 a1=29 a2=40 a3=b6c23000 items=0 ppid=4335 auid=4294967295 uid=0 gid=0 euid=0 suid=0 fsuid=0 egid=0 sgid=0 fsgid=0 ses=4294967295 tty=(none) exe="/system/bin/ip6tables" subj=u:r:netd:s0 key=(null)
W/auditd  ( 3593): type=1320 audit(0.0:525): 
W/auditd  ( 3593): type=1325 audit(0.0:526): table=filter family=2 entries=39
W/iptables( 4349): type=1300 audit(0.0:526): arch=40000028 syscall=294 per=800000 success=yes exit=0 a0=4 a1=0 a2=40 a3=b6c22000 items=0 ppid=4335 auid=4294967295 uid=0 gid=0 euid=0 suid=0 fsuid=0 egid=0 sgid=0 fsgid=0 ses=4294967295 tty=(none) exe="/system/bin/iptables" subj=u:r:netd:s0 key=(null)
W/auditd  ( 3593): type=1320 audit(0.0:526): 
D/libEGL  ( 4337): loaded /vendor/lib/egl/libGLES_mali.so
I/        ( 4337): PLATFORM VERSION : JB-MR-2
I/mediaserver( 4338): ServiceManager: 0xb60500c0
I/AudioFlinger( 4338): Using default 3000 mSec as standby time.
I/ServiceManager( 4338): Waiting for service batterystats...
D/AndroidRuntime( 4340): 
D/AndroidRuntime( 4340): >>>>>> AndroidRuntime START com.android.internal.os.ZygoteInit <<<<<<
D/AndroidRuntime( 4340): CheckJNI is OFF
I/art     ( 4340): option[0]=-Xzygote
I/art     ( 4340): option[1]=-Xstacktracefile:/data/anr/traces.txt
I/art     ( 4340): option[2]=exit
I/art     ( 4340): option[3]=vfprintf
I/art     ( 4340): option[4]=sensitiveThread
I/art     ( 4340): option[5]=-verbose:gc
I/art     ( 4340): option[6]=-Xms8m
I/art     ( 4340): option[7]=-Xmx512m
I/art     ( 4340): option[8]=-XX:mainThreadStackSize=24K
I/art     ( 4340): option[9]=-XX:HeapGrowthLimit=128m
I/art     ( 4340): option[10]=-XX:HeapMinFree=2m
I/art     ( 4340): option[11]=-XX:HeapMaxFree=8m
I/art     ( 4340): option[12]=-XX:HeapTargetUtilization=0.75
I/art     ( 4340): option[13]=-agentlib:jdwp=transport=dt_android_adb,suspend=n,server=y
I/gralloc ( 4337): using (fd=12)
I/gralloc ( 4337): id           = 
I/gralloc ( 4337): xres         = 1080 px
I/gralloc ( 4337): yres         = 1920 px
I/gralloc ( 4337): xres_virtual = 1080 px
I/gralloc ( 4337): yres_virtual = 3840 px
I/gralloc ( 4337): bpp          = 32
I/gralloc ( 4337): r            = 16:8
I/gralloc ( 4337): g            =  8:8
I/gralloc ( 4337): b            =  0:8
I/art     ( 4340): option[14]=-Xlockprofthreshold:500
I/art     ( 4340): option[15]=-Ximage-compiler-option
I/gralloc ( 4337): width        = 65 mm (422.030762 dpi)
I/gralloc ( 4337): height       = 115 mm (424.069580 dpi)
I/gralloc ( 4337): refresh rate = 60.00 Hz
I/art     ( 4340): option[16]=--runtime-arg
I/art     ( 4340): option[17]=-Ximage-compiler-option
I/art     ( 4340): option[18]=-Xms64m
I/art     ( 4340): option[19]=-Ximage-compiler-option
I/art     ( 4340): option[20]=--runtime-arg
I/art     ( 4340): option[21]=-Ximage-compiler-option
I/art     ( 4340): option[22]=-Xmx64m
I/art     ( 4340): option[23]=-Ximage-compiler-option
I/art     ( 4340): option[24]=--image-classes-zip=/system/framework/framework.jar
I/art     ( 4340): option[25]=-Ximage-compiler-option
I/art     ( 4340): option[26]=--image-classes=preloaded-classes
I/art     ( 4340): option[27]=-Xcompiler-option
I/art     ( 4340): option[28]=--runtime-arg
I/art     ( 4340): option[29]=-Xcompiler-option
I/art     ( 4340): option[30]=-Xms64m
I/art     ( 4340): option[31]=-Xcompiler-option
I/art     ( 4340): option[32]=--runtime-arg
I/art     ( 4340): option[33]=-Xcompiler-option
I/art     ( 4340): option[34]=-Xmx512m
I/art     ( 4340): option[35]=-Duser.language=es
I/art     ( 4340): option[36]=-Duser.region=US
I/art     ( 4340): Pruning dalvik-cache since we are generating an image and will need to recompile
W/art     ( 4340): Unexpected file type of 
W/art     ( 4340):  encountered.
I/art     ( 4340): Using an offset of 0xff423000 from default art base address of 0x70000000
I/art     ( 4340): GenerateImage: /system/bin/dex2oat --image=/data/dalvik-cache/arm/system@framework@boot.art --dex-file=/system/framework/core-libart.jar --dex-file=/system/framework/conscrypt.jar --dex-file=/system/framework/okhttp.jar --dex-file=/system/framework/core-junit.jar --dex-file=/system/framework/bouncycastle.jar --dex-file=/system/framework/ext.jar --dex-file=/system/framework/framework.jar --dex-file=/system/framework/telephony-common.jar --dex-file=/system/framework/voip-common.jar --dex-file=/system/framework/ims-common.jar --dex-file=/system/framework/mms-common.jar --dex-file=/system/framework/android.policy.jar --dex-file=/system/framework/apache-xml.jar --oat-file=/data/dalvik-cache/arm/system@framework@boot.oat --instruction-set=arm --instruction-set-features=div --base=0x6f423000 --runtime-arg -Xms64m --runtime-arg -Xmx64m --image-classes-zip=/system/framework/framework.jar --image-classes=preloaded-classes
W/art     ( 4340): Unexpected file type of 
W/art     ( 4340):  encountered.
W/art     ( 4340): Could not create image space with image file '/system/framework/boot.art'. Attempting to fall back to imageless running. Error was: Failed to generate image '/data/dalvik-cache/arm/system@framework@boot.art': Failed execv(/system/bin/dex2oat --image=/data/dalvik-cache/arm/system@framework@boot.art --dex-file=/system/framework/core-libart.jar --dex-file=/system/framework/conscrypt.jar --dex-file=/system/framework/okhttp.jar --dex-file=/system/framework/core-junit.jar --dex-file=/system/framework/bouncycastle.jar --dex-file=/system/framework/ext.jar --dex-file=/system/framework/framework.jar --dex-file=/system/framework/telephony-common.jar --dex-file=/system/framework/voip-common.jar --dex-file=/system/framework/ims-common.jar --dex-file=/system/framework/mms-common.jar --dex-file=/system/framework/android.policy.jar --dex-file=/system/framework/apache-xml.jar --oat-file=/data/dalvik-cache/arm/system@framework@boot.oat --instruction-set=arm --instruction-set-features=div --base=0x6f423000 --runtime-arg -Xms64
D/hwcomposer( 4337): using
D/hwcomposer( 4337): xres         = 1080 px
D/hwcomposer( 4337): yres         = 1920 px
D/hwcomposer( 4337): width        = 65 mm (422.030000 dpi)
D/hwcomposer( 4337): height       = 115 mm (424.069000 dpi)
D/hwcomposer( 4337): refresh rate = 60 Hz
E/libexynosv4l2-subdev( 4337): no subdev device found
E/hdmi    ( 4337): failed to open hdmi mixer0 subdev
E/hwcomposer( 4337): openHdmi fail
I/hwcomposer( 4337): PSR info devname = /sys/devices/14400000.fimd_fb/psr_info
I/hwcomposer( 4337): PSR mode is 2(0: video mode, 1: DP PSR mode, 2: MIPI-DSI command mode)
I/SurfaceFlinger( 4337): Using composer version 1.3
I/SurfaceFlinger( 4337): EGL information:
I/SurfaceFlinger( 4337): vendor    : Android
I/SurfaceFlinger( 4337): version   : 1.4 Android META-EGL
I/SurfaceFlinger( 4337): extensions: EGL_KHR_get_all_proc_addresses EGL_ANDROID_presentation_time EGL_KHR_image EGL_KHR_image_base EGL_KHR_gl_texture_2D_image EGL_KHR_gl_texture_cubemap_image EGL_KHR_gl_renderbuffer_image EGL_KHR_fence_sync EGL_KHR_create_context EGL_ANDROID_image_native_buffer EGL_KHR_wait_sync EGL_ANDROID_recordable 
I/SurfaceFlinger( 4337): Client API: OpenGL_ES
I/SurfaceFlinger( 4337): EGLSurface: 8-8-8-8, config=0xb6acf2ac
I/SurfaceFlinger( 4337): OpenGL ES informations:
I/SurfaceFlinger( 4337): vendor    : ARM
I/SurfaceFlinger( 4337): renderer  : Mali-T628
I/SurfaceFlinger( 4337): version   : OpenGL ES 3.0
I/SurfaceFlinger( 4337): extensions: GL_EXT_debug_marker GL_ARM_rgba8 GL_ARM_mali_shader_binary GL_OES_depth24 GL_OES_depth_texture GL_OES_depth_texture_cube_map GL_OES_packed_depth_stencil GL_OES_rgb8_rgba8 GL_EXT_read_format_bgra GL_OES_compressed_paletted_texture GL_OES_compressed_ETC1_RGB8_texture GL_OES_standard_derivatives GL_OES_EGL_image GL_OES_EGL_image_external GL_OES_EGL_sync GL_OES_texture_npot GL_OES_vertex_half_float GL_OES_required_internalformat GL_OES_vertex_array_object GL_OES_mapbuffer GL_EXT_texture_format_BGRA8888 GL_EXT_texture_rg GL_EXT_texture_type_2_10_10_10_REV GL_OES_fbo_render_mipmap GL_OES_element_index_uint GL_EXT_shadow_samplers GL_OES_texture_compression_astc GL_KHR_texture_compression_astc_ldr GL_KHR_texture_compression_astc_hdr GL_KHR_debug GL_EXT_occlusion_query_boolean GL_EXT_blend_minmax GL_EXT_discard_framebuffer GL_OES_get_program_binary GL_OES_texture_3D GL_EXT_texture_storage GL_EXT_multisampled_render_to_texture GL_OES_surfaceless_context GL_ARM_mali_program_binary 
I/SurfaceFlinger( 4337): GL_MAX_TEXTURE_SIZE = 8192
I/SurfaceFlinger( 4337): GL_MAX_VIEWPORT_DIMS = 8192
E/libEGL  ( 4337): eglQuerySurface:607 error 300d (EGL_BAD_SURFACE)
E/libEGL  ( 4337): eglQuerySurface:607 error 300d (EGL_BAD_SURFACE)
E/libEGL  ( 4337): call to OpenGL ES API with no current context (logged once per thread)
D/SurfaceFlinger( 4337): Set power mode=2, type=0 flinger=0xb6a62000
I/hwcomposer( 4337): int exynos5_blank(hwc_composer_device_1*, int, int):: disp(0), blank(0)
I/hwcomposer( 4337): unblank ioctl failed (display already unblanked)
W/SurfaceFlinger( 4337): Ignoring duplicate VSYNC event from HWC (t=21735085084)
W/SurfaceFlinger( 4337): Ignoring duplicate VSYNC event from HWC (t=21750095209)
E/libEGL  ( 4337): eglSwapBuffers:1071 error 300d (EGL_BAD_SURFACE)
F/SurfaceFlinger( 4337): eglSwapBuffers(0x1, 0x0) failed with 0x0000300d
F/libc    ( 4337): Fatal signal 6 (SIGABRT), code -6 in tid 4337 (surfaceflinger)
I/DEBUG   ( 3582): property debug.db.uid not set; NOT waiting for gdb.
I/DEBUG   ( 3582): HINT: adb shell setprop debug.db.uid 100000
I/DEBUG   ( 3582): HINT: adb forward tcp:5039 tcp:5039
I/DEBUG   ( 3582): *** *** *** *** *** *** *** *** *** *** *** *** *** *** *** ***
I/DEBUG   ( 3582): Build fingerprint: 'samsung/cm_k3gxx/k3gxx:5.0.2/LRX22G/88e55c58ed:userdebug/test-keys'
I/DEBUG   ( 3582): Revision: '10'
I/DEBUG   ( 3582): ABI: 'arm'
I/DEBUG   ( 3582): pid: 4337, tid: 4337, name: surfaceflinger  >>> /system/bin/surfaceflinger <<<
I/DEBUG   ( 3582): signal 6 (SIGABRT), code -6 (SI_TKILL), fault addr --------
I/DEBUG   ( 3582): Abort message: 'eglSwapBuffers(0x1, 0x0) failed with 0x0000300d'
I/DEBUG   ( 3582):     r0 00000000  r1 000010f1  r2 00000006  r3 00000000
I/DEBUG   ( 3582):     r4 b6fde114  r5 00000006  r6 0000000b  r7 0000010c
I/DEBUG   ( 3582):     r8 00000000  r9 bea4ebd0  sl b6a54210  fp bea4ebd0
I/DEBUG   ( 3582):     ip 000010f1  sp bea4e650  lr b6f687b9  pc b6f8c4e4  cpsr 600f0010
I/DEBUG   ( 3582): 
I/DEBUG   ( 3582): backtrace:
I/DEBUG   ( 3582):     #00 pc 000384e4  /system/lib/libc.so (tgkill+12)
I/DEBUG   ( 3582):     #01 pc 000147b5  /system/lib/libc.so (pthread_kill+52)
I/DEBUG   ( 3582):     #02 pc 0001550b  /system/lib/libc.so (raise+10)
I/DEBUG   ( 3582):     #03 pc 00011c35  /system/lib/libc.so (__libc_android_abort+36)
I/DEBUG   ( 3582):     #04 pc 0000fcb8  /system/lib/libc.so (abort+4)
I/DEBUG   ( 3582):     #05 pc 00007739  /system/lib/libcutils.so (__android_log_assert+88)
I/DEBUG   ( 3582):     #06 pc 0000f4df  /system/lib/libsurfaceflinger.so
I/DEBUG   ( 3582):     #07 pc 0001b9fd  /system/lib/libsurfaceflinger.so
I/DEBUG   ( 3582):     #08 pc 0001abe7  /system/lib/libsurfaceflinger.so
I/DEBUG   ( 3582):     #09 pc 00019fc3  /system/lib/libsurfaceflinger.so
I/DEBUG   ( 3582):     #10 pc 00019d49  /system/lib/libsurfaceflinger.so
I/DEBUG   ( 3582):     #11 pc 00010ed3  /system/lib/libutils.so (android::Looper::pollInner(int)+410)
I/DEBUG   ( 3582):     #12 pc 00010fc5  /system/lib/libutils.so (android::Looper::pollOnce(int, int*, int*, void**)+92)
I/DEBUG   ( 3582):     #13 pc 000174c5  /system/lib/libsurfaceflinger.so
I/DEBUG   ( 3582):     #14 pc 0001993d  /system/lib/libsurfaceflinger.so (android::SurfaceFlinger::run()+8)
I/DEBUG   ( 3582):     #15 pc 0000083d  /system/bin/surfaceflinger
I/DEBUG   ( 3582):     #16 pc 0000fb75  /system/lib/libc.so (__libc_init+44)
I/DEBUG   ( 3582):     #17 pc 000008d8  /system/bin/surfaceflinger
W/auditd  ( 3593): type=1325 audit(0.0:655): table=raw family=10 entries=8
W/ip6tables( 4489): type=1300 audit(0.0:655): arch=40000028 syscall=294 per=800000 success=yes exit=0 a0=4 a1=29 a2=40 a3=b6c32800 items=0 ppid=4335 auid=4294967295 uid=0 gid=0 euid=0 suid=0 fsuid=0 egid=0 sgid=0 fsgid=0 ses=4294967295 tty=(none) exe="/system/bin/ip6tables" subj=u:r:netd:s0 key=(null)
W/auditd  ( 3593): type=1320 audit(0.0:655): 
W/auditd  ( 3593): type=1325 audit(0.0:656): table=raw family=2 entries=8
W/iptables( 4490): type=1300 audit(0.0:656): arch=40000028 syscall=294 per=800000 success=yes exit=0 a0=4 a1=0 a2=40 a3=b6c30100 items=0 ppid=4335 auid=4294967295 uid=0 gid=0 euid=0 suid=0 fsuid=0 egid=0 sgid=0 fsgid=0 ses=4294967295 tty=(none) exe="/system/bin/iptables" subj=u:r:netd:s0 key=(null)
W/auditd  ( 3593): type=1320 audit(0.0:656): 
W/auditd  ( 3593): type=1325 audit(0.0:657): table=raw family=10 entries=8
W/ip6tables( 4491): type=1300 audit(0.0:657): arch=40000028 syscall=294 per=800000 success=yes exit=0 a0=4 a1=29 a2=40 a3=b6c32400 items=0 ppid=4335 auid=4294967295 uid=0 gid=0 euid=0 suid=0 fsuid=0 egid=0 sgid=0 fsgid=0 ses=4294967295 tty=(none) exe="/system/bin/ip6tables" subj=u:r:netd:s0 key=(null)
W/auditd  ( 3593): type=1320 audit(0.0:657): 
W/auditd  ( 3593): type=1325 audit(0.0:658): table=raw family=2 entries=6
W/iptables( 4492): type=1300 audit(0.0:658): arch=40000028 syscall=294 per=800000 success=yes exit=0 a0=4 a1=0 a2=40 a3=b6c20400 items=0 ppid=4335 auid=4294967295 uid=0 gid=0 euid=0 suid=0 fsuid=0 egid=0 sgid=0 fsgid=0 ses=4294967295 tty=(none) exe="/system/bin/iptables" subj=u:r:netd:s0 key=(null)
W/auditd  ( 3593): type=1320 audit(0.0:658): 
W/auditd  ( 3593): type=1325 audit(0.0:659): table=raw family=10 entries=6
W/ip6tables( 4493): type=1300 audit(0.0:659): arch=40000028 syscall=294 per=800000 success=yes exit=0 a0=4 a1=29 a2=40 a3=b6c31800 items=0 ppid=4335 auid=4294967295 uid=0 gid=0 euid=0 suid=0 fsuid=0 egid=0 sgid=0 fsgid=0 ses=4294967295 tty=(none) exe="/system/bin/ip6tables" subj=u:r:netd:s0 key=(null)
W/auditd  ( 3593): type=1320 audit(0.0:659): 
W/auditd  ( 3593): type=1325 audit(0.0:660): table=raw family=2 entries=8
W/iptables( 4494): type=1300 audit(0.0:660): arch=40000028 syscall=294 per=800000 success=yes exit=0 a0=4 a1=0 a2=40 a3=b6c1ba00 items=0 ppid=4335 auid=4294967295 uid=0 gid=0 euid=0 suid=0 fsuid=0 egid=0 sgid=0 fsgid=0 ses=4294967295 tty=(none) exe="/system/bin/iptables" subj=u:r:netd:s0 key=(null)
W/auditd  ( 3593): type=1320 audit(0.0:660): 
W/auditd  ( 3593): type=1325 audit(0.0:661): table=raw family=10 entries=8
W/ip6tables( 4495): type=1300 audit(0.0:661): arch=40000028 syscall=294 per=800000 success=yes exit=0 a0=4 a1=29 a2=40 a3=b6c37800 items=0 ppid=4335 auid=4294967295 uid=0 gid=0 euid=0 suid=0 fsuid=0 egid=0 sgid=0 fsgid=0 ses=4294967295 tty=(none) exe="/system/bin/ip6tables" subj=u:r:netd:s0 key=(null)
I/ServiceManager( 4338): Waiting for service batterystats...
V/NatController( 4335): runCmd(/system/bin/iptables -F natctrl_FORWARD) res=0
V/NatController( 4335): runCmd(/system/bin/iptables -A natctrl_FORWARD -j DROP) res=0
V/NatController( 4335): runCmd(/system/bin/iptables -t nat -F natctrl_nat_POSTROUTING) res=0
V/NatController( 4335): runCmd(/system/bin/iptables -F natctrl_tether_counters) res=0
V/NatController( 4335): runCmd(/system/bin/iptables -X natctrl_tether_counters) res=0
V/NatController( 4335): runCmd(/system/bin/iptables -N natctrl_tether_counters) res=0
V/NatController( 4335): runCmd(/system/bin/iptables -t mangle -A natctrl_mangle_FORWARD -p tcp --tcp-flags SYN SYN -j TCPMSS --clamp-mss-to-pmtu) res=0
I/DEBUG   ( 3582): 
I/DEBUG   ( 3582): Tombstone written to: /data/tombstones/tombstone_05
W/SurfaceComposerClient( 4405): ComposerService remote (surfaceflinger) died [0xb63591c0]
D/BootAnimation( 4405): SurfaceFlinger died, exiting...
I/ServiceManager( 3569): service 'SurfaceFlinger' died
I/ServiceManager( 3569): service 'Exynos.HWCService' died
I/ServiceManager( 3569): service 'media.wifi_display' died
I/ServiceManager( 3569): service 'media.audio_flinger' died
W/init    ( 4554): type=1400 audit(0.0:716): avc: denied { entrypoint } for path="/system/bin/auditd" dev="mmcblk0p18" ino=173 scontext=u:r:logd:s0 tcontext=u:object_r:system_file:s0 tclass=file
W/init    ( 4554): type=1300 audit(0.0:716): arch=40000028 syscall=11 per=800000 success=no exit=-13 a0=b6d80954 a1=b6d69530 a2=57e64 a3=ff0000 items=1 ppid=1 auid=4294967295 uid=0 gid=0 euid=0 suid=0 fsuid=0 egid=0 sgid=0 fsgid=0 ses=4294967295 tty=(none) exe="/init" subj=u:r:init:s0 key=(null)
W/auditd  ( 3593): type=1307 audit(0.0:716): cwd="/"
W/auditd  ( 3593): type=1302 audit(0.0:716): item=0 name="/system/bin/auditd" inode=173 dev=103:0a mode=0100755 ouid=0 ogid=2000 rdev=00:00 obj=u:object_r:system_file:s0
W/auditd  ( 3593): type=1320 audit(0.0:716): 
I/Netd    ( 4555): Netd 1.0 starting
E/Netd    ( 4555): Failed to open /proc/sys/net/ipv6/conf/default/accept_ra_rt_table: No such file or directory
E/Netd    ( 4555): Failed to open /proc/sys/net/ipv6/conf/ip6tnl0/accept_ra_rt_table: No such file or directory
E/Netd    ( 4555): Failed to open /proc/sys/net/ipv6/conf/lo/accept_ra_rt_table: No such file or directory
E/Netd    ( 4555): Failed to open /proc/sys/net/ipv6/conf/rmnet0/accept_ra_rt_table: No such file or directory
E/Netd    ( 4555): Failed to open /proc/sys/net/ipv6/conf/rmnet1/accept_ra_rt_table: No such file or directory
E/Netd    ( 4555): Failed to open /proc/sys/net/ipv6/conf/rmnet2/accept_ra_rt_table: No such file or directory
E/Netd    ( 4555): Failed to open /proc/sys/net/ipv6/conf/rmnet3/accept_ra_rt_table: No such file or directory
E/Netd    ( 4555): Failed to open /proc/sys/net/ipv6/conf/sit0/accept_ra_rt_table: No such file or directory
W/auditd  ( 3593): type=1325 audit(0.0:717): table=filter family=2 entries=40
W/iptables( 4561): type=1300 audit(0.0:717): arch=40000028 syscall=294 per=800000 success=yes exit=0 a0=4 a1=0 a2=40 a3=b6c25000 items=0 ppid=4555 auid=4294967295 uid=0 gid=0 euid=0 suid=0 fsuid=0 egid=0 sgid=0 fsgid=0 ses=4294967295 tty=(none) exe="/system/bin/iptables" subj=u:r:netd:s0 key=(null)
W/auditd  ( 3593): type=1320 audit(0.0:717): 
I/SurfaceFlinger( 4557): SurfaceFlinger is starting
I/SurfaceFlinger( 4557): SurfaceFlinger's main thread ready to run. Initializing graphics H/W...
W/auditd  ( 3593): type=1325 audit(0.0:718): table=filter family=10 entries=37
W/ip6tables( 4562): type=1300 audit(0.0:718): arch=40000028 syscall=294 per=800000 success=yes exit=0 a0=4 a1=29 a2=40 a3=b6c28000 items=0 ppid=4555 auid=4294967295 uid=0 gid=0 euid=0 suid=0 fsuid=0 egid=0 sgid=0 fsgid=0 ses=4294967295 tty=(none) exe="/system/bin/ip6tables" subj=u:r:netd:s0 key=(null)
W/auditd  ( 3593): type=1320 audit(0.0:718): 
W/auditd  ( 3593): type=1325 audit(0.0:719): table=filter family=2 entries=39
W/iptables( 4565): type=1300 audit(0.0:719): arch=40000028 syscall=294 per=800000 success=yes exit=0 a0=4 a1=0 a2=40 a3=b6c22000 items=0 ppid=4555 auid=4294967295 uid=0 gid=0 euid=0 suid=0 fsuid=0 egid=0 sgid=0 fsgid=0 ses=4294967295 tty=(none) exe="/system/bin/iptables" subj=u:r:netd:s0 key=(null)
W/auditd  ( 3593): type=1320 audit(0.0:719): 
W/auditd  ( 3593): type=1325 audit(0.0:720): table=filter family=10 entries=36
W/ip6tables( 4568): type=1300 audit(0.0:720): arch=40000028 syscall=294 per=800000 success=yes exit=0 a0=4 a1=29 a2=40 a3=b6c23000 items=0 ppid=4555 auid=4294967295 uid=0 gid=0 euid=0 suid=0 fsuid=0 egid=0 sgid=0 fsgid=0 ses=4294967295 tty=(none) exe="/system/bin/ip6tables" subj=u:r:netd:s0 key=(null)
W/auditd  ( 3593): type=1320 audit(0.0:720): 
D/libEGL  ( 4557): loaded /vendor/lib/egl/libGLES_mali.so
W/auditd  ( 3593): type=1325 audit(0.0:721): table=filter family=2 entries=39
W/iptables( 4569): type=1300 audit(0.0:721): arch=40000028 syscall=294 per=800000 success=yes exit=0 a0=4 a1=0 a2=40 a3=b6c22000 items=0 ppid=4555 auid=4294967295 uid=0 gid=0 euid=0 suid=0 fsuid=0 egid=0 sgid=0 fsgid=0 ses=4294967295 tty=(none) exe="/system/bin/iptables" subj=u:r:netd:s0 key=(null)
W/auditd  ( 3593): type=1320 audit(0.0:721): 
I/        ( 4557): PLATFORM VERSION : JB-MR-2
D/AndroidRuntime( 4560): 
D/AndroidRuntime( 4560): >>>>>> AndroidRuntime START com.android.internal.os.ZygoteInit <<<<<<
D/AndroidRuntime( 4560): CheckJNI is OFF
I/art     ( 4560): option[0]=-Xzygote
I/art     ( 4560): option[1]=-Xstacktracefile:/data/anr/traces.txt
I/art     ( 4560): option[2]=exit
I/art     ( 4560): option[3]=vfprintf
I/art     ( 4560): option[4]=sensitiveThread
I/art     ( 4560): option[5]=-verbose:gc
I/art     ( 4560): option[6]=-Xms8m
I/art     ( 4560): option[7]=-Xmx512m
I/art     ( 4560): option[8]=-XX:mainThreadStackSize=24K
I/art     ( 4560): option[9]=-XX:HeapGrowthLimit=128m
I/art     ( 4560): option[10]=-XX:HeapMinFree=2m
I/art     ( 4560): option[11]=-XX:HeapMaxFree=8m
I/art     ( 4560): option[12]=-XX:HeapTargetUtilization=0.75
I/art     ( 4560): option[13]=-agentlib:jdwp=transport=dt_android_adb,suspend=n,server=y
I/art     ( 4560): option[14]=-Xlockprofthreshold:500
I/art     ( 4560): option[15]=-Ximage-compiler-option
I/art     ( 4560): option[16]=--runtime-arg
I/art     ( 4560): option[17]=-Ximage-compiler-option
I/art     ( 4560): option[18]=-Xms64m
I/art     ( 4560): option[19]=-Ximage-compiler-option
I/art     ( 4560): option[20]=--runtime-arg
I/art     ( 4560): option[21]=-Ximage-compiler-option
I/art     ( 4560): option[22]=-Xmx64m
I/art     ( 4560): option[23]=-Ximage-compiler-option
I/art     ( 4560): option[24]=--image-classes-zip=/system/framework/framework.jar
I/art     ( 4560): option[25]=-Ximage-compiler-option
I/art     ( 4560): option[26]=--image-classes=preloaded-classes
I/art     ( 4560): option[27]=-Xcompiler-option
I/art     ( 4560): option[28]=--runtime-arg
I/art     ( 4560): option[29]=-Xcompiler-option
I/art     ( 4560): option[30]=-Xms64m
I/art     ( 4560): option[31]=-Xcompiler-option
I/art     ( 4560): option[32]=--runtime-arg
I/art     ( 4560): option[33]=-Xcompiler-option
I/art     ( 4560): option[34]=-Xmx512m
I/art     ( 4560): option[35]=-Duser.language=es
I/art     ( 4560): option[36]=-Duser.region=US
I/art     ( 4560): Pruning dalvik-cache since we are generating an image and will need to recompile
W/art     ( 4560): Unexpected file type of 
W/art     ( 4560):  encountered.
I/art     ( 4560): Using an offset of 0xff51d000 from default art base address of 0x70000000
I/art     ( 4560): GenerateImage: /system/bin/dex2oat --image=/data/dalvik-cache/arm/system@framework@boot.art --dex-file=/system/framework/core-libart.jar --dex-file=/system/framework/conscrypt.jar --dex-file=/system/framework/okhttp.jar --dex-file=/system/framework/core-junit.jar --dex-file=/system/framework/bouncycastle.jar --dex-file=/system/framework/ext.jar --dex-file=/system/framework/framework.jar --dex-file=/system/framework/telephony-common.jar --dex-file=/system/framework/voip-common.jar --dex-file=/system/framework/ims-common.jar --dex-file=/system/framework/mms-common.jar --dex-file=/system/framework/android.policy.jar --dex-file=/system/framework/apache-xml.jar --oat-file=/data/dalvik-cache/arm/system@framework@boot.oat --instruction-set=arm --instruction-set-features=div --base=0x6f51d000 --runtime-arg -Xms64m --runtime-arg -Xmx64m --image-classes-zip=/system/framework/framework.jar --image-classes=preloaded-classes
I/gralloc ( 4557): using (fd=12)
I/gralloc ( 4557): id           = 
I/gralloc ( 4557): xres         = 1080 px
I/gralloc ( 4557): yres         = 1920 px
I/gralloc ( 4557): xres_virtual = 1080 px
I/gralloc ( 4557): yres_virtual = 3840 px
I/gralloc ( 4557): bpp          = 32
I/gralloc ( 4557): r            = 16:8
I/gralloc ( 4557): g            =  8:8
I/gralloc ( 4557): b            =  0:8
I/gralloc ( 4557): width        = 65 mm (422.030762 dpi)
I/gralloc ( 4557): height       = 115 mm (424.069580 dpi)
I/gralloc ( 4557): refresh rate = 60.00 Hz
I/mediaserver( 4558): ServiceManager: 0xb60500c0
I/AudioFlinger( 4558): Using default 3000 mSec as standby time.
I/ServiceManager( 4558): Waiting for service batterystats...
W/art     ( 4560): Unexpected file type of 
W/art     ( 4560):  encountered.
W/art     ( 4560): Could not create image space with image file '/system/framework/boot.art'. Attempting to fall back to imageless running. Error was: Failed to generate image '/data/dalvik-cache/arm/system@framework@boot.art': Failed execv(/system/bin/dex2oat --image=/data/dalvik-cache/arm/system@framework@boot.art --dex-file=/system/framework/core-libart.jar --dex-file=/system/framework/conscrypt.jar --dex-file=/system/framework/okhttp.jar --dex-file=/system/framework/core-junit.jar --dex-file=/system/framework/bouncycastle.jar --dex-file=/system/framework/ext.jar --dex-file=/system/framework/framework.jar --dex-file=/system/framework/telephony-common.jar --dex-file=/system/framework/voip-common.jar --dex-file=/system/framework/ims-common.jar --dex-file=/system/framework/mms-common.jar --dex-file=/system/framework/android.policy.jar --dex-file=/system/framework/apache-xml.jar --oat-file=/data/dalvik-cache/arm/system@framework@boot.oat --instruction-set=arm --instruction-set-features=div --base=0x6f51d000 --runtime-arg -Xms64
D/hwcomposer( 4557): using
D/hwcomposer( 4557): xres         = 1080 px
D/hwcomposer( 4557): yres         = 1920 px
D/hwcomposer( 4557): width        = 65 mm (422.030000 dpi)
D/hwcomposer( 4557): height       = 115 mm (424.069000 dpi)
D/hwcomposer( 4557): refresh rate = 60 Hz
E/libexynosv4l2-subdev( 4557): no subdev device found
E/hdmi    ( 4557): failed to open hdmi mixer0 subdev
E/hwcomposer( 4557): openHdmi fail
I/hwcomposer( 4557): PSR info devname = /sys/devices/14400000.fimd_fb/psr_info
I/hwcomposer( 4557): PSR mode is 2(0: video mode, 1: DP PSR mode, 2: MIPI-DSI command mode)
I/SurfaceFlinger( 4557): Using composer version 1.3
I/SurfaceFlinger( 4557): EGL information:
I/SurfaceFlinger( 4557): vendor    : Android
I/SurfaceFlinger( 4557): version   : 1.4 Android META-EGL
I/SurfaceFlinger( 4557): extensions: EGL_KHR_get_all_proc_addresses EGL_ANDROID_presentation_time EGL_KHR_image EGL_KHR_image_base EGL_KHR_gl_texture_2D_image EGL_KHR_gl_texture_cubemap_image EGL_KHR_gl_renderbuffer_image EGL_KHR_fence_sync EGL_KHR_create_context EGL_ANDROID_image_native_buffer EGL_KHR_wait_sync EGL_ANDROID_recordable 
I/SurfaceFlinger( 4557): Client API: OpenGL_ES
I/SurfaceFlinger( 4557): EGLSurface: 8-8-8-8, config=0xb6acf2ac
I/SurfaceFlinger( 4557): OpenGL ES informations:
I/SurfaceFlinger( 4557): vendor    : ARM
I/SurfaceFlinger( 4557): renderer  : Mali-T628
I/SurfaceFlinger( 4557): version   : OpenGL ES 3.0
I/SurfaceFlinger( 4557): extensions: GL_EXT_debug_marker GL_ARM_rgba8 GL_ARM_mali_shader_binary GL_OES_depth24 GL_OES_depth_texture GL_OES_depth_texture_cube_map GL_OES_packed_depth_stencil GL_OES_rgb8_rgba8 GL_EXT_read_format_bgra GL_OES_compressed_paletted_texture GL_OES_compressed_ETC1_RGB8_texture GL_OES_standard_derivatives GL_OES_EGL_image GL_OES_EGL_image_external GL_OES_EGL_sync GL_OES_texture_npot GL_OES_vertex_half_float GL_OES_required_internalformat GL_OES_vertex_array_object GL_OES_mapbuffer GL_EXT_texture_format_BGRA8888 GL_EXT_texture_rg GL_EXT_texture_type_2_10_10_10_REV GL_OES_fbo_render_mipmap GL_OES_element_index_uint GL_EXT_shadow_samplers GL_OES_texture_compression_astc GL_KHR_texture_compression_astc_ldr GL_KHR_texture_compression_astc_hdr GL_KHR_debug GL_EXT_occlusion_query_boolean GL_EXT_blend_minmax GL_EXT_discard_framebuffer GL_OES_get_program_binary GL_OES_texture_3D GL_EXT_texture_storage GL_EXT_multisampled_render_to_texture GL_OES_surfaceless_context GL_ARM_mali_program_binary 
I/SurfaceFlinger( 4557): GL_MAX_TEXTURE_SIZE = 8192
I/SurfaceFlinger( 4557): GL_MAX_VIEWPORT_DIMS = 8192
E/libEGL  ( 4557): eglQuerySurface:607 error 300d (EGL_BAD_SURFACE)
E/libEGL  ( 4557): eglQuerySurface:607 error 300d (EGL_BAD_SURFACE)
E/libEGL  ( 4557): call to OpenGL ES API with no current context (logged once per thread)
D/SurfaceFlinger( 4557): Set power mode=2, type=0 flinger=0xb6a62000
I/hwcomposer( 4557): int exynos5_blank(hwc_composer_device_1*, int, int):: disp(0), blank(0)
I/hwcomposer( 4557): unblank ioctl failed (display already unblanked)
E/libEGL  ( 4557): eglSwapBuffers:1071 error 300d (EGL_BAD_SURFACE)
F/SurfaceFlinger( 4557): eglSwapBuffers(0x1, 0x0) failed with 0x0000300d
F/libc    ( 4557): Fatal signal 6 (SIGABRT), code -6 in tid 4557 (surfaceflinger)
I/DEBUG   ( 3582): property debug.db.uid not set; NOT waiting for gdb.
I/DEBUG   ( 3582): HINT: adb shell setprop debug.db.uid 100000
I/DEBUG   ( 3582): HINT: adb forward tcp:5039 tcp:5039
I/DEBUG   ( 3582): *** *** *** *** *** *** *** *** *** *** *** *** *** *** *** ***
I/DEBUG   ( 3582): Build fingerprint: 'samsung/cm_k3gxx/k3gxx:5.0.2/LRX22G/88e55c58ed:userdebug/test-keys'
I/DEBUG   ( 3582): Revision: '10'
I/DEBUG   ( 3582): ABI: 'arm'
I/DEBUG   ( 3582): pid: 4557, tid: 4557, name: surfaceflinger  >>> /system/bin/surfaceflinger <<<
I/DEBUG   ( 3582): signal 6 (SIGABRT), code -6 (SI_TKILL), fault addr --------
I/DEBUG   ( 3582): Abort message: 'eglSwapBuffers(0x1, 0x0) failed with 0x0000300d'
I/DEBUG   ( 3582):     r0 00000000  r1 000011cd  r2 00000006  r3 00000000
I/DEBUG   ( 3582):     r4 b6fa4114  r5 00000006  r6 0000000b  r7 0000010c
I/DEBUG   ( 3582):     r8 00000000  r9 bec0abd0  sl b6a54210  fp bec0abd0
I/DEBUG   ( 3582):     ip 000011cd  sp bec0a650  lr b6f2e7b9  pc b6f524e4  cpsr 600f0010
I/DEBUG   ( 3582): 
I/DEBUG   ( 3582): backtrace:
I/DEBUG   ( 3582):     #00 pc 000384e4  /system/lib/libc.so (tgkill+12)
I/DEBUG   ( 3582):     #01 pc 000147b5  /system/lib/libc.so (pthread_kill+52)
I/DEBUG   ( 3582):     #02 pc 0001550b  /system/lib/libc.so (raise+10)
I/DEBUG   ( 3582):     #03 pc 00011c35  /system/lib/libc.so (__libc_android_abort+36)
I/DEBUG   ( 3582):     #04 pc 0000fcb8  /system/lib/libc.so (abort+4)
I/DEBUG   ( 3582):     #05 pc 00007739  /system/lib/libcutils.so (__android_log_assert+88)
I/DEBUG   ( 3582):     #06 pc 0000f4df  /system/lib/libsurfaceflinger.so
I/DEBUG   ( 3582):     #07 pc 0001b9fd  /system/lib/libsurfaceflinger.so
I/DEBUG   ( 3582):     #08 pc 0001abe7  /system/lib/libsurfaceflinger.so
I/DEBUG   ( 3582):     #09 pc 00019fc3  /system/lib/libsurfaceflinger.so
I/DEBUG   ( 3582):     #10 pc 00019d49  /system/lib/libsurfaceflinger.so
I/DEBUG   ( 3582):     #11 pc 00010ed3  /system/lib/libutils.so (android::Looper::pollInner(int)+410)
I/DEBUG   ( 3582):     #12 pc 00010fc5  /system/lib/libutils.so (android::Looper::pollOnce(int, int*, int*, void**)+92)
I/DEBUG   ( 3582):     #13 pc 000174c5  /system/lib/libsurfaceflinger.so
I/DEBUG   ( 3582):     #14 pc 0001993d  /system/lib/libsurfaceflinger.so (android::SurfaceFlinger::run()+8)
I/DEBUG   ( 3582):     #15 pc 0000083d  /system/bin/surfaceflinger
I/DEBUG   ( 3582):     #16 pc 0000fb75  /system/lib/libc.so (__libc_init+44)
I/DEBUG   ( 3582):     #17 pc 000008d8  /system/bin/surfaceflinger
W/auditd  ( 3593): type=1325 audit(0.0:853): table=raw family=2 entries=6
W/iptables( 4709): type=1300 audit(0.0:853): arch=40000028 syscall=294 per=800000 success=yes exit=0 a0=4 a1=0 a2=40 a3=b6c20400 items=0 ppid=4555 auid=4294967295 uid=0 gid=0 euid=0 suid=0 fsuid=0 egid=0 sgid=0 fsgid=0 ses=4294967295 tty=(none) exe="/system/bin/iptables" subj=u:r:netd:s0 key=(null)
W/auditd  ( 3593): type=1320 audit(0.0:853): 
W/auditd  ( 3593): type=1325 audit(0.0:854): table=raw family=10 entries=6
W/ip6tables( 4710): type=1300 audit(0.0:854): arch=40000028 syscall=294 per=800000 success=yes exit=0 a0=4 a1=29 a2=40 a3=b6c31800 items=0 ppid=4555 auid=4294967295 uid=0 gid=0 euid=0 suid=0 fsuid=0 egid=0 sgid=0 fsgid=0 ses=4294967295 tty=(none) exe="/system/bin/ip6tables" subj=u:r:netd:s0 key=(null)
W/auditd  ( 3593): type=1320 audit(0.0:854): 
W/auditd  ( 3593): type=1325 audit(0.0:855): table=raw family=2 entries=8
W/iptables( 4711): type=1300 audit(0.0:855): arch=40000028 syscall=294 per=800000 success=yes exit=0 a0=4 a1=0 a2=40 a3=b6c1ba00 items=0 ppid=4555 auid=4294967295 uid=0 gid=0 euid=0 suid=0 fsuid=0 egid=0 sgid=0 fsgid=0 ses=4294967295 tty=(none) exe="/system/bin/iptables" subj=u:r:netd:s0 key=(null)
W/auditd  ( 3593): type=1320 audit(0.0:855): 
W/auditd  ( 3593): type=1325 audit(0.0:856): table=raw family=10 entries=8
W/ip6tables( 4712): type=1300 audit(0.0:856): arch=40000028 syscall=294 per=800000 success=yes exit=0 a0=4 a1=29 a2=40 a3=b6c37800 items=0 ppid=4555 auid=4294967295 uid=0 gid=0 euid=0 suid=0 fsuid=0 egid=0 sgid=0 fsgid=0 ses=4294967295 tty=(none) exe="/system/bin/ip6tables" subj=u:r:netd:s0 key=(null)
W/auditd  ( 3593): type=1320 audit(0.0:856): 
W/auditd  ( 3593): type=1325 audit(0.0:857): table=mangle family=2 entries=16
W/iptables( 4713): type=1300 audit(0.0:857): arch=40000028 syscall=294 per=800000 success=yes exit=0 a0=4 a1=0 a2=40 a3=b6c48800 items=0 ppid=4555 auid=4294967295 uid=0 gid=0 euid=0 suid=0 fsuid=0 egid=0 sgid=0 fsgid=0 ses=4294967295 tty=(none) exe="/system/bin/iptables" subj=u:r:netd:s0 key=(null)
W/auditd  ( 3593): type=1320 audit(0.0:857): 
W/auditd  ( 3593): type=1325 audit(0.0:858): table=mangle family=10 entries=12
