D/SIP     ( 4983): [SipSharedPreferences] isReceivingCallsEnabled, option not set; use default value, exception: android.provider.Settings$SettingNotFoundException: sip_receive_calls
D/AlertReceiver( 5535): onReceive: a=android.intent.action.PROVIDER_CHANGED Intent { act=android.intent.action.PROVIDER_CHANGED dat=content://com.android.calendar flg=0x10 cmp=com.android.calendar/.alerts.AlertReceiver }
V/Mms     ( 5674): onStart: #1 resultCode: -1 = Activity.RESULT_OK
D/AlertService( 5535): 0 Action = android.intent.action.PROVIDER_CHANGED
D/WVMDrmPlugIn( 3690): WVMDrmPlugin::onInitialize : 7994
D/WVMDrmPlugIn( 3690): WVMDrmPlugin::onSetOnInfoListener : add 7994
D/WVMDrmPlugIn( 3690): WVMDrmPlugin::onTerminate : 7994
I/FFmpegExtractor( 3691): android-source:0xb1f5f3d0
I/FFMPEG  ( 3691): Input #0, ogg, from 'android-source:0xb1f5f3d0':
I/FFMPEG  ( 3691):   Duration: 00:00:01.69, start: 0.000000, bitrate: 131 kb/s
I/FFMPEG  ( 3691):     Stream #0:0: Audio: vorbis, 44100 Hz, stereo, fltp, 160 kb/s
I/FFMPEG  ( 3691):     Metadata:
I/FFMPEG  ( 3691):       ANDROID_LOOP    : false
I/FFMPEG  ( 3691):       TITLE           : Antimony
D/FFmpegExtractor( 3691): FFmpegExtrator, url: android-source:0xb1f5f3d0, format_name: ogg, format_long_name: Ogg
I/FFmpegExtractor( 3691): adjust mime(application/ogg -> audio/vorbis)
D/FFmpegExtractor( 3691): suppoted codec(vorbis) by official Stagefright
D/FFmpegExtractor( 3691): ffmpeg detected media content as 'audio/vorbis' with confidence 0.08
D/WVMDrmPlugIn( 3690): WVMDrmPlugin::onInitialize : 4380
D/WVMDrmPlugIn( 3690): WVMDrmPlugin::onSetOnInfoListener : add 4380
D/WVMDrmPlugIn( 3690): WVMDrmPlugin::onTerminate : 4380
I/FFmpegExtractor( 3691): android-source:0xb1f5f6a0
I/FFMPEG  ( 3691): Input #0, ogg, from 'android-source:0xb1f5f6a0':
I/FFMPEG  ( 3691):   Duration: 00:00:01.00, start: 0.000000, bitrate: 63 kb/s
I/FFMPEG  ( 3691):     Stream #0:0: Audio: vorbis, 44100 Hz, mono, fltp, 80 kb/s
I/FFMPEG  ( 3691):     Metadata:
I/FFMPEG  ( 3691):       ARTIST          : Unknown
I/FFMPEG  ( 3691):       GENRE           : Unknown
I/FFMPEG  ( 3691):       ANDROID_LOOP    : false
I/FFMPEG  ( 3691):       TITLE           : Arcturus
D/FFmpegExtractor( 3691): FFmpegExtrator, url: android-source:0xb1f5f6a0, format_name: ogg, format_long_name: Ogg
I/FFmpegExtractor( 3691): adjust mime(application/ogg -> audio/vorbis)
D/FFmpegExtractor( 3691): suppoted codec(vorbis) by official Stagefright
D/FFmpegExtractor( 3691): ffmpeg detected media content as 'audio/vorbis' with confidence 0.08
D/WVMDrmPlugIn( 3690): WVMDrmPlugin::onInitialize : 6375
D/WVMDrmPlugIn( 3690): WVMDrmPlugin::onSetOnInfoListener : add 6375
D/WVMDrmPlugIn( 3690): WVMDrmPlugin::onTerminate : 6375
I/FFmpegExtractor( 3691): android-source:0xb420ddd0
I/FFMPEG  ( 3691): Input #0, ogg, from 'android-source:0xb420ddd0':
I/FFMPEG  ( 3691):   Duration: 00:00:01.20, start: 0.000000, bitrate: 105 kb/s
I/FFMPEG  ( 3691):     Stream #0:0: Audio: vorbis, 44100 Hz, stereo, fltp, 112 kb/s
D/FFmpegExtractor( 3691): FFmpegExtrator, url: android-source:0xb420ddd0, format_name: ogg, format_long_name: Ogg
I/FFmpegExtractor( 3691): adjust mime(application/ogg -> audio/vorbis)
D/FFmpegExtractor( 3691): suppoted codec(vorbis) by official Stagefright
D/FFmpegExtractor( 3691): ffmpeg detected media content as 'audio/vorbis' with confidence 0.08
D/WVMDrmPlugIn( 3690): WVMDrmPlugin::onInitialize : 5772
D/WVMDrmPlugIn( 3690): WVMDrmPlugin::onSetOnInfoListener : add 5772
D/WVMDrmPlugIn( 3690): WVMDrmPlugin::onTerminate : 5772
I/FFmpegExtractor( 3691): android-source:0xb420dba0
I/FFMPEG  ( 3691): Input #0, ogg, from 'android-source:0xb420dba0':
I/FFMPEG  ( 3691):   Duration: 00:00:00.60, start: 0.000000, bitrate: 138 kb/s
I/FFMPEG  ( 3691):     Stream #0:0: Audio: vorbis, 44100 Hz, stereo, fltp, 112 kb/s
I/FFMPEG  ( 3691):     Metadata:
I/FFMPEG  ( 3691):       TITLE           : Adara
D/FFmpegExtractor( 3691): FFmpegExtrator, url: android-source:0xb420dba0, format_name: ogg, format_long_name: Ogg
I/FFmpegExtractor( 3691): adjust mime(application/ogg -> audio/vorbis)
D/FFmpegExtractor( 3691): suppoted codec(vorbis) by official Stagefright
D/FFmpegExtractor( 3691): ffmpeg detected media content as 'audio/vorbis' with confidence 0.08
W/BackupManagerService( 4116): dataChanged but no participant pkg='com.android.providers.settings' uid=10009
E/MetadataRetrieverClient( 3691): failed to extract an album art
E/cutils  ( 5888): Failed to mkdir(/mnt/shell/emulated/0): Read-only file system
W/Zygote  ( 5888): Failed to mount emulated storage: 30
I/ActivityManager( 4116): Start proc org.cyanogenmod.themes.provider for content provider org.cyanogenmod.themes.provider/.ThemesProvider: pid=5888 uid=10017 gids={50017, 9997, 3003} abi=armeabi-v7a
D/ThemesProvider( 5888): Deleted 0
I/ActivityManager( 4116): Killing 4838:android.process.acore/u0a6 (adj 15): empty #17
D/WVMDrmPlugIn( 3690): WVMDrmPlugin::onInitialize : 4584
D/WVMDrmPlugIn( 3690): WVMDrmPlugin::onSetOnInfoListener : add 4584
D/WVMDrmPlugIn( 3690): WVMDrmPlugin::onTerminate : 4584
I/FFmpegExtractor( 3691): android-source:0xb420db00
I/FFMPEG  ( 3691): Input #0, ogg, from 'android-source:0xb420db00':
I/FFMPEG  ( 3691):   Duration: 00:00:02.18, start: 0.000000, bitrate: 223 kb/s
I/FFMPEG  ( 3691):     Stream #0:0: Audio: vorbis, 44100 Hz, stereo, fltp, 224 kb/s
I/FFMPEG  ( 3691):     Metadata:
I/FFMPEG  ( 3691):       TITLE           : Ariel
D/FFmpegExtractor( 3691): FFmpegExtrator, url: android-source:0xb420db00, format_name: ogg, format_long_name: Ogg
I/FFmpegExtractor( 3691): adjust mime(application/ogg -> audio/vorbis)
D/FFmpegExtractor( 3691): suppoted codec(vorbis) by official Stagefright
D/FFmpegExtractor( 3691): ffmpeg detected media content as 'audio/vorbis' with confidence 0.08
D/WVMDrmPlugIn( 3690): WVMDrmPlugin::onInitialize : 5381
D/WVMDrmPlugIn( 3690): WVMDrmPlugin::onSetOnInfoListener : add 5381
D/WVMDrmPlugIn( 3690): WVMDrmPlugin::onTerminate : 5381
I/FFmpegExtractor( 3691): android-source:0xb420dce0
I/FFMPEG  ( 3691): Input #0, ogg, from 'android-source:0xb420dce0':
I/FFMPEG  ( 3691):   Duration: 00:00:02.01, start: 0.000000, bitrate: 137 kb/s
I/FFMPEG  ( 3691):     Stream #0:0: Audio: vorbis, 48000 Hz, stereo, fltp, 112 kb/s
I/FFMPEG  ( 3691):     Metadata:
I/FFMPEG  ( 3691):       TITLE           : Beat Box Android
D/FFmpegExtractor( 3691): FFmpegExtrator, url: android-source:0xb420dce0, format_name: ogg, format_long_name: Ogg
I/FFmpegExtractor( 3691): adjust mime(application/ogg -> audio/vorbis)
D/FFmpegExtractor( 3691): suppoted codec(vorbis) by official Stagefright
D/FFmpegExtractor( 3691): ffmpeg detected media content as 'audio/vorbis' with confidence 0.08
W/libprocessgroup( 4116): failed to open /acct/uid_10006/pid_4838/cgroup.procs: No such file or directory
D/WVMDrmPlugIn( 3690): WVMDrmPlugin::onInitialize : 5308
D/WVMDrmPlugIn( 3690): WVMDrmPlugin::onSetOnInfoListener : add 5308
D/WVMDrmPlugIn( 3690): WVMDrmPlugin::onTerminate : 5308
I/FFmpegExtractor( 3691): android-source:0xb0f9d5b0
I/FFMPEG  ( 3691): Input #0, ogg, from 'android-source:0xb0f9d5b0':
I/FFMPEG  ( 3691):   Duration: 00:00:01.20, start: 0.000000, bitrate: 104 kb/s
I/FFMPEG  ( 3691):     Stream #0:0: Audio: vorbis, 44100 Hz, stereo, fltp, 112 kb/s
I/FFMPEG  ( 3691):     Metadata:
I/FFMPEG  ( 3691):       TITLE           : Bellatrix
D/FFmpegExtractor( 3691): FFmpegExtrator, url: android-source:0xb0f9d5b0, format_name: ogg, format_long_name: Ogg
I/FFmpegExtractor( 3691): adjust mime(application/ogg -> audio/vorbis)
D/FFmpegExtractor( 3691): suppoted codec(vorbis) by official Stagefright
D/FFmpegExtractor( 3691): ffmpeg detected media content as 'audio/vorbis' with confidence 0.08
D/WVMDrmPlugIn( 3690): WVMDrmPlugin::onInitialize : 4895
D/WVMDrmPlugIn( 3690): WVMDrmPlugin::onSetOnInfoListener : add 4895
D/WVMDrmPlugIn( 3690): WVMDrmPlugin::onTerminate : 4895
I/FFmpegExtractor( 3691): android-source:0xb239d150
I/FFMPEG  ( 3691): Input #0, ogg, from 'android-source:0xb239d150':
I/FFMPEG  ( 3691):   Duration: 00:00:01.40, start: 0.000000, bitrate: 110 kb/s
I/FFMPEG  ( 3691):     Stream #0:0: Audio: vorbis, 44100 Hz, stereo, fltp, 112 kb/s
D/FFmpegExtractor( 3691): FFmpegExtrator, url: android-source:0xb239d150, format_name: ogg, format_long_name: Ogg
I/FFmpegExtractor( 3691): adjust mime(application/ogg -> audio/vorbis)
D/FFmpegExtractor( 3691): suppoted codec(vorbis) by official Stagefright
D/FFmpegExtractor( 3691): ffmpeg detected media content as 'audio/vorbis' with confidence 0.08
D/WVMDrmPlugIn( 3690): WVMDrmPlugin::onInitialize : 4868
D/WVMDrmPlugIn( 3690): WVMDrmPlugin::onSetOnInfoListener : add 4868
D/WVMDrmPlugIn( 3690): WVMDrmPlugin::onTerminate : 4868
I/FFmpegExtractor( 3691): android-source:0xb420d150
I/FFMPEG  ( 3691): Input #0, ogg, from 'android-source:0xb420d150':
I/FFMPEG  ( 3691):   Duration: 00:00:01.07, start: 0.000000, bitrate: 120 kb/s
I/FFMPEG  ( 3691):     Stream #0:0: Audio: vorbis, 44100 Hz, mono, fltp, 96 kb/s
I/FFMPEG  ( 3691):     Metadata:
I/FFMPEG  ( 3691):       ANDROID_LOOP    : false
I/FFMPEG  ( 3691):       track           : 2d_ma09_thing2
I/FFMPEG  ( 3691):       TITLE           : Betelgeuse
I/FFMPEG  ( 3691):       ARTIST          : pdx
D/FFmpegExtractor( 3691): FFmpegExtrator, url: android-source:0xb420d150, format_name: ogg, format_long_name: Ogg
I/FFmpegExtractor( 3691): adjust mime(application/ogg -> audio/vorbis)
D/FFmpegExtractor( 3691): suppoted codec(vorbis) by official Stagefright
D/FFmpegExtractor( 3691): ffmpeg detected media content as 'audio/vorbis' with confidence 0.08
E/ELEVEN  ( 5273): calling refresh!
D/WVMDrmPlugIn( 3690): WVMDrmPlugin::onInitialize : 4709
D/WVMDrmPlugIn( 3690): WVMDrmPlugin::onSetOnInfoListener : add 4709
D/WVMDrmPlugIn( 3690): WVMDrmPlugin::onTerminate : 4709
I/FFmpegExtractor( 3691): android-source:0xb1f5f740
I/FFMPEG  ( 3691): Input #0, ogg, from 'android-source:0xb1f5f740':
I/FFMPEG  ( 3691):   Duration: 00:00:01.92, start: 0.000000, bitrate: 79 kb/s
I/FFMPEG  ( 3691):     Stream #0:0: Audio: vorbis, 44100 Hz, mono, fltp, 80 kb/s
I/FFMPEG  ( 3691):     Metadata:
I/FFMPEG  ( 3691):       ARTIST          : Dr. MAD
I/FFMPEG  ( 3691):       TITLE           : Caffeinated Rattlesnake
D/FFmpegExtractor( 3691): FFmpegExtrator, url: android-source:0xb1f5f740, format_name: ogg, format_long_name: Ogg
I/FFmpegExtractor( 3691): adjust mime(application/ogg -> audio/vorbis)
D/FFmpegExtractor( 3691): suppoted codec(vorbis) by official Stagefright
D/FFmpegExtractor( 3691): ffmpeg detected media content as 'audio/vorbis' with confidence 0.08
D/WVMDrmPlugIn( 3690): WVMDrmPlugin::onInitialize : 6042
D/WVMDrmPlugIn( 3690): WVMDrmPlugin::onSetOnInfoListener : add 6042
D/WVMDrmPlugIn( 3690): WVMDrmPlugin::onTerminate : 6042
I/FFmpegExtractor( 3691): android-source:0xb1f5f920
I/FFMPEG  ( 3691): Input #0, ogg, from 'android-source:0xb1f5f920':
I/FFMPEG  ( 3691):   Duration: 00:00:00.71, start: 0.000000, bitrate: 135 kb/s
I/FFMPEG  ( 3691):     Stream #0:0: Audio: vorbis, 44100 Hz, stereo, fltp, 112 kb/s
I/FFMPEG  ( 3691):     Metadata:
I/FFMPEG  ( 3691):       TITLE           : Canopus
D/FFmpegExtractor( 3691): FFmpegExtrator, url: android-source:0xb1f5f920, format_name: ogg, format_long_name: Ogg
I/FFmpegExtractor( 3691): adjust mime(application/ogg -> audio/vorbis)
D/FFmpegExtractor( 3691): suppoted codec(vorbis) by official Stagefright
D/FFmpegExtractor( 3691): ffmpeg detected media content as 'audio/vorbis' with confidence 0.08
D/WVMDrmPlugIn( 3690): WVMDrmPlugin::onInitialize : 6159
D/WVMDrmPlugIn( 3690): WVMDrmPlugin::onSetOnInfoListener : add 6159
D/WVMDrmPlugIn( 3690): WVMDrmPlugin::onTerminate : 6159
I/FFmpegExtractor( 3691): android-source:0xb420d150
I/FFMPEG  ( 3691): Input #0, ogg, from 'android-source:0xb420d150':
I/FFMPEG  ( 3691):   Duration: 00:00:01.38, start: 0.000000, bitrate: 76 kb/s
I/FFMPEG  ( 3691):     Stream #0:0: Audio: vorbis, 44100 Hz, mono, fltp, 80 kb/s
I/FFMPEG  ( 3691):     Metadata:
I/FFMPEG  ( 3691):       ANDROID_LOOP    : false
I/FFMPEG  ( 3691):       TITLE           : Capella
D/FFmpegExtractor( 3691): FFmpegExtrator, url: android-source:0xb420d150, format_name: ogg, format_long_name: Ogg
I/FFmpegExtractor( 3691): adjust mime(application/ogg -> audio/vorbis)
D/FFmpegExtractor( 3691): suppoted codec(vorbis) by official Stagefright
D/FFmpegExtractor( 3691): ffmpeg detected media content as 'audio/vorbis' with confidence 0.08
D/WVMDrmPlugIn( 3690): WVMDrmPlugin::onInitialize : 5436
D/WVMDrmPlugIn( 3690): WVMDrmPlugin::onSetOnInfoListener : add 5436
D/WVMDrmPlugIn( 3690): WVMDrmPlugin::onTerminate : 5436
I/FFmpegExtractor( 3691): android-source:0xb6055fb0
I/FFMPEG  ( 3691): Input #0, ogg, from 'android-source:0xb6055fb0':
I/FFMPEG  ( 3691):   Duration: 00:00:01.26, start: 0.000000, bitrate: 221 kb/s
I/FFMPEG  ( 3691):     Stream #0:0: Audio: vorbis, 44100 Hz, stereo, fltp, 224 kb/s
I/FFMPEG  ( 3691):     Metadata:
I/FFMPEG  ( 3691):       TITLE           : Carme
D/FFmpegExtractor( 3691): FFmpegExtrator, url: android-source:0xb6055fb0, format_name: ogg, format_long_name: Ogg
I/FFmpegExtractor( 3691): adjust mime(application/ogg -> audio/vorbis)
D/FFmpegExtractor( 3691): suppoted codec(vorbis) by official Stagefright
D/FFmpegExtractor( 3691): ffmpeg detected media content as 'audio/vorbis' with confidence 0.08
D/WVMDrmPlugIn( 3690): WVMDrmPlugin::onInitialize : 5678
D/WVMDrmPlugIn( 3690): WVMDrmPlugin::onSetOnInfoListener : add 5678
D/WVMDrmPlugIn( 3690): WVMDrmPlugin::onTerminate : 5678
I/FFmpegExtractor( 3691): android-source:0xb6055c90
I/FFMPEG  ( 3691): Input #0, ogg, from 'android-source:0xb6055c90':
I/FFMPEG  ( 3691):   Duration: 00:00:01.57, start: 0.000000, bitrate: 74 kb/s
I/FFMPEG  ( 3691):     Stream #0:0: Audio: vorbis, 44100 Hz, mono, fltp, 80 kb/s
I/FFMPEG  ( 3691):     Metadata:
I/FFMPEG  ( 3691):       ANDROID_LOOP    : false
I/FFMPEG  ( 3691):       track           : 2dB102b
I/FFMPEG  ( 3691):       TITLE           : Castor
I/FFMPEG  ( 3691):       ARTIST          : pdx
D/FFmpegExtractor( 3691): FFmpegExtrator, url: android-source:0xb6055c90, format_name: ogg, format_long_name: Ogg
I/FFmpegExtractor( 3691): adjust mime(application/ogg -> audio/vorbis)
D/FFmpegExtractor( 3691): suppoted codec(vorbis) by official Stagefright
D/FFmpegExtractor( 3691): ffmpeg detected media content as 'audio/vorbis' with confidence 0.08
D/WVMDrmPlugIn( 3690): WVMDrmPlugin::onInitialize : 5588
D/WVMDrmPlugIn( 3690): WVMDrmPlugin::onSetOnInfoListener : add 5588
D/WVMDrmPlugIn( 3690): WVMDrmPlugin::onTerminate : 5588
I/FFmpegExtractor( 3691): android-source:0xb420d290
I/FFMPEG  ( 3691): Input #0, ogg, from 'android-source:0xb420d290':
I/FFMPEG  ( 3691):   Duration: 00:00:01.26, start: 0.000000, bitrate: 252 kb/s
I/FFMPEG  ( 3691):     Stream #0:0: Audio: vorbis, 44100 Hz, stereo, fltp, 224 kb/s
I/FFMPEG  ( 3691):     Metadata:
I/FFMPEG  ( 3691):       TITLE           : Ceres
D/FFmpegExtractor( 3691): FFmpegExtrator, url: android-source:0xb420d290, format_name: ogg, format_long_name: Ogg
I/FFmpegExtractor( 3691): adjust mime(application/ogg -> audio/vorbis)
D/FFmpegExtractor( 3691): suppoted codec(vorbis) by official Stagefright
D/FFmpegExtractor( 3691): ffmpeg detected media content as 'audio/vorbis' with confidence 0.08
D/WVMDrmPlugIn( 3690): WVMDrmPlugin::onInitialize : 6326
D/WVMDrmPlugIn( 3690): WVMDrmPlugin::onSetOnInfoListener : add 6326
D/WVMDrmPlugIn( 3690): WVMDrmPlugin::onTerminate : 6326
I/FFmpegExtractor( 3691): android-source:0xb420d100
I/FFMPEG  ( 3691): Input #0, ogg, from 'android-source:0xb420d100':
I/FFMPEG  ( 3691):   Duration: 00:00:02.88, start: 0.000000, bitrate: 72 kb/s
I/FFMPEG  ( 3691):     Stream #0:0: Audio: vorbis, 44100 Hz, mono, fltp, 75 kb/s
I/FFMPEG  ( 3691):     Metadata:
I/FFMPEG  ( 3691):       COPYRIGHT       : Copyright (c) 2009 Android Open Source Project
I/FFMPEG  ( 3691):       TITLE           : Ceti Alpha
D/FFmpegExtractor( 3691): FFmpegExtrator, url: android-source:0xb420d100, format_name: ogg, format_long_name: Ogg
I/FFmpegExtractor( 3691): adjust mime(application/ogg -> audio/vorbis)
D/FFmpegExtractor( 3691): suppoted codec(vorbis) by official Stagefright
D/FFmpegExtractor( 3691): ffmpeg detected media content as 'audio/vorbis' with confidence 0.08
D/WVMDrmPlugIn( 3690): WVMDrmPlugin::onInitialize : 4115
D/WVMDrmPlugIn( 3690): WVMDrmPlugin::onSetOnInfoListener : add 4115
D/WVMDrmPlugIn( 3690): WVMDrmPlugin::onTerminate : 4115
I/FFmpegExtractor( 3691): android-source:0xb420d3d0
I/FFMPEG  ( 3691): Input #0, ogg, from 'android-source:0xb420d3d0':
I/FFMPEG  ( 3691):   Duration: 00:00:01.60, start: 0.000000, bitrate: 90 kb/s
I/FFMPEG  ( 3691):     Stream #0:0: Audio: vorbis, 44100 Hz, stereo, fltp, 112 kb/s
D/FFmpegExtractor( 3691): FFmpegExtrator, url: android-source:0xb420d3d0, format_name: ogg, format_long_name: Ogg
I/FFmpegExtractor( 3691): adjust mime(application/ogg -> audio/vorbis)
D/FFmpegExtractor( 3691): suppoted codec(vorbis) by official Stagefright
D/FFmpegExtractor( 3691): ffmpeg detected media content as 'audio/vorbis' with confidence 0.08
D/WVMDrmPlugIn( 3690): WVMDrmPlugin::onInitialize : 7449
D/WVMDrmPlugIn( 3690): WVMDrmPlugin::onSetOnInfoListener : add 7449
D/WVMDrmPlugIn( 3690): WVMDrmPlugin::onTerminate : 7449
I/FFmpegExtractor( 3691): android-source:0xb420d330
I/FFMPEG  ( 3691): Input #0, ogg, from 'android-source:0xb420d330':
I/FFMPEG  ( 3691):   Duration: 00:00:00.89, start: 0.000000, bitrate: 98 kb/s
I/FFMPEG  ( 3691):     Stream #0:0: Audio: vorbis, 44100 Hz, mono, fltp, 75 kb/s
I/FFMPEG  ( 3691):     Metadata:
I/FFMPEG  ( 3691):       COPYRIGHT       : Copyright (c) 2009 Android Open Source Project
I/FFMPEG  ( 3691):       TITLE           : Cricket
I/FFMPEG  ( 3691):       ARTIST          : Dave Sparks
D/FFmpegExtractor( 3691): FFmpegExtrator, url: android-source:0xb420d330, format_name: ogg, format_long_name: Ogg
I/FFmpegExtractor( 3691): adjust mime(application/ogg -> audio/vorbis)
D/FFmpegExtractor( 3691): suppoted codec(vorbis) by official Stagefright
D/FFmpegExtractor( 3691): ffmpeg detected media content as 'audio/vorbis' with confidence 0.08
D/WVMDrmPlugIn( 3690): WVMDrmPlugin::onInitialize : 7006
D/WVMDrmPlugIn( 3690): WVMDrmPlugin::onSetOnInfoListener : add 7006
D/WVMDrmPlugIn( 3690): WVMDrmPlugin::onTerminate : 7006
I/FFmpegExtractor( 3691): android-source:0xb420dc40
I/FFMPEG  ( 3691): Input #0, ogg, from 'android-source:0xb420dc40':
I/FFMPEG  ( 3691):   Duration: 00:00:01.88, start: 0.000000, bitrate: 44 kb/s
I/FFMPEG  ( 3691):     Stream #0:0: Audio: vorbis, 44100 Hz, stereo, fltp, 128 kb/s
I/FFMPEG  ( 3691):     Metadata:
I/FFMPEG  ( 3691):       TITLE           : CyanDoink
I/FFMPEG  ( 3691):       ENCODER         : FL Studio
D/FFmpegExtractor( 3691): FFmpegExtrator, url: android-source:0xb420dc40, format_name: ogg, format_long_name: Ogg
I/FFmpegExtractor( 3691): adjust mime(application/ogg -> audio/vorbis)
D/FFmpegExtractor( 3691): suppoted codec(vorbis) by official Stagefright
D/FFmpegExtractor( 3691): ffmpeg detected media content as 'audio/vorbis' with confidence 0.08
I/ActivityManager( 4116): Killing 5593:com.cyanogenmod.updater/u0a3 (adj 15): empty #17
D/WVMDrmPlugIn( 3690): WVMDrmPlugin::onInitialize : 5465
D/WVMDrmPlugIn( 3690): WVMDrmPlugin::onSetOnInfoListener : add 5465
D/WVMDrmPlugIn( 3690): WVMDrmPlugin::onTerminate : 5465
I/FFmpegExtractor( 3691): android-source:0xb0f9d6a0
I/FFMPEG  ( 3691): Input #0, ogg, from 'android-source:0xb0f9d6a0':
I/FFMPEG  ( 3691):   Duration: 00:00:01.85, start: 0.000000, bitrate: 473 kb/s
I/FFMPEG  ( 3691):     Stream #0:0: Audio: vorbis, 44100 Hz, stereo, fltp, 450 kb/s
I/FFMPEG  ( 3691):     Metadata:
I/FFMPEG  ( 3691):       ENCODER         : FL Studio
D/FFmpegExtractor( 3691): FFmpegExtrator, url: android-source:0xb0f9d6a0, format_name: ogg, format_long_name: Ogg
I/FFmpegExtractor( 3691): adjust mime(application/ogg -> audio/vorbis)
D/FFmpegExtractor( 3691): suppoted codec(vorbis) by official Stagefright
D/FFmpegExtractor( 3691): ffmpeg detected media content as 'audio/vorbis' with confidence 0.08
D/WVMDrmPlugIn( 3690): WVMDrmPlugin::onInitialize : 8188
D/WVMDrmPlugIn( 3690): WVMDrmPlugin::onSetOnInfoListener : add 8188
D/WVMDrmPlugIn( 3690): WVMDrmPlugin::onTerminate : 8188
I/FFmpegExtractor( 3691): android-source:0xb420dc40
I/FFMPEG  ( 3691): Input #0, ogg, from 'android-source:0xb420dc40':
I/FFMPEG  ( 3691):   Duration: 00:00:01.85, start: 0.000000, bitrate: 244 kb/s
I/FFMPEG  ( 3691):     Stream #0:0: Audio: vorbis, 44100 Hz, stereo, fltp, 450 kb/s
I/FFMPEG  ( 3691):     Metadata:
I/FFMPEG  ( 3691):       ENCODER         : FL Studio
D/FFmpegExtractor( 3691): FFmpegExtrator, url: android-source:0xb420dc40, format_name: ogg, format_long_name: Ogg
I/FFmpegExtractor( 3691): adjust mime(application/ogg -> audio/vorbis)
D/FFmpegExtractor( 3691): suppoted codec(vorbis) by official Stagefright
D/FFmpegExtractor( 3691): ffmpeg detected media content as 'audio/vorbis' with confidence 0.08
W/libprocessgroup( 4116): failed to open /acct/uid_10003/pid_5593/cgroup.procs: No such file or directory
D/WVMDrmPlugIn( 3690): WVMDrmPlugin::onInitialize : 7746
D/WVMDrmPlugIn( 3690): WVMDrmPlugin::onSetOnInfoListener : add 7746
D/WVMDrmPlugIn( 3690): WVMDrmPlugin::onTerminate : 7746
I/FFmpegExtractor( 3691): android-source:0xb0f9d6a0
I/FFMPEG  ( 3691): Input #0, ogg, from 'android-source:0xb0f9d6a0':
I/FFMPEG  ( 3691):   Duration: 00:00:01.92, start: 0.000000, bitrate: 77 kb/s
I/FFMPEG  ( 3691):     Stream #0:0: Audio: vorbis, 44100 Hz, mono, fltp, 80 kb/s
I/FFMPEG  ( 3691):     Metadata:
I/FFMPEG  ( 3691):       ARTIST          : Dr. MAD
I/FFMPEG  ( 3691):       TITLE           : Dear Deer
D/FFmpegExtractor( 3691): FFmpegExtrator, url: android-source:0xb0f9d6a0, format_name: ogg, format_long_name: Ogg
I/FFmpegExtractor( 3691): adjust mime(application/ogg -> audio/vorbis)
D/FFmpegExtractor( 3691): suppoted codec(vorbis) by official Stagefright
D/FFmpegExtractor( 3691): ffmpeg detected media content as 'audio/vorbis' with confidence 0.08
D/WVMDrmPlugIn( 3690): WVMDrmPlugin::onInitialize : 5849
D/WVMDrmPlugIn( 3690): WVMDrmPlugin::onSetOnInfoListener : add 5849
D/WVMDrmPlugIn( 3690): WVMDrmPlugin::onTerminate : 5849
I/FFmpegExtractor( 3691): android-source:0xb0f9d830
I/FFMPEG  ( 3691): Input #0, ogg, from 'android-source:0xb0f9d830':
I/FFMPEG  ( 3691):   Duration: 00:00:01.67, start: 0.000000, bitrate: 69 kb/s
I/FFMPEG  ( 3691):     Stream #0:0: Audio: vorbis, 44100 Hz, mono, fltp, 80 kb/s
I/FFMPEG  ( 3691):     Metadata:
I/FFMPEG  ( 3691):       ANDROID_LOOP    : false
I/FFMPEG  ( 3691):       track           : 2d209c
I/FFMPEG  ( 3691):       TITLE           : Deneb
I/FFMPEG  ( 3691):       ARTIST          : pdx
D/FFmpegExtractor( 3691): FFmpegExtrator, url: android-source:0xb0f9d830, format_name: ogg, format_long_name: Ogg
I/FFmpegExtractor( 3691): adjust mime(application/ogg -> audio/vorbis)
D/FFmpegExtractor( 3691): suppoted codec(vorbis) by official Stagefright
D/FFmpegExtractor( 3691): ffmpeg detected media content as 'audio/vorbis' with confidence 0.08
D/WVMDrmPlugIn( 3690): WVMDrmPlugin::onInitialize : 5572
D/WVMDrmPlugIn( 3690): WVMDrmPlugin::onSetOnInfoListener : add 5572
D/WVMDrmPlugIn( 3690): WVMDrmPlugin::onTerminate : 5572
I/FFmpegExtractor( 3691): android-source:0xb6055e70
I/FFMPEG  ( 3691): Input #0, ogg, from 'android-source:0xb6055e70':
I/FFMPEG  ( 3691):   Duration: 00:00:00.36, start: 0.000000, bitrate: 197 kb/s
I/FFMPEG  ( 3691):     Stream #0:0: Audio: vorbis, 44100 Hz, mono, fltp, 75 kb/s
I/FFMPEG  ( 3691):     Metadata:
I/FFMPEG  ( 3691):       COPYRIGHT       : Copyright (c) 2009 Android Open Source Project
I/FFMPEG  ( 3691):       TITLE           : Doink
I/FFMPEG  ( 3691):       ARTIST          : Dave Sparks
D/FFmpegExtractor( 3691): FFmpegExtrator, url: android-source:0xb6055e70, format_name: ogg, format_long_name: Ogg
I/FFmpegExtractor( 3691): adjust mime(application/ogg -> audio/vorbis)
D/FFmpegExtractor( 3691): suppoted codec(vorbis) by official Stagefright
D/FFmpegExtractor( 3691): ffmpeg detected media content as 'audio/vorbis' with confidence 0.08
D/WVMDrmPlugIn( 3690): WVMDrmPlugin::onInitialize : 7745
D/WVMDrmPlugIn( 3690): WVMDrmPlugin::onSetOnInfoListener : add 7745
D/WVMDrmPlugIn( 3690): WVMDrmPlugin::onTerminate : 7745
I/FFmpegExtractor( 3691): android-source:0xb45b41a0
I/FFMPEG  ( 3691): Input #0, ogg, from 'android-source:0xb45b41a0':
I/FFMPEG  ( 3691):   Duration: 00:00:01.92, start: 0.000000, bitrate: 70 kb/s
I/FFMPEG  ( 3691):     Stream #0:0: Audio: vorbis, 44100 Hz, mono, fltp, 80 kb/s
I/FFMPEG  ( 3691):     Metadata:
I/FFMPEG  ( 3691):       ARTIST          : Dr. MAD
I/FFMPEG  ( 3691):       TITLE           : Don't Panic
D/FFmpegExtractor( 3691): FFmpegExtrator, url: android-source:0xb45b41a0, format_name: ogg, format_long_name: Ogg
I/FFmpegExtractor( 3691): adjust mime(application/ogg -> audio/vorbis)
D/FFmpegExtractor( 3691): suppoted codec(vorbis) by official Stagefright
D/FFmpegExtractor( 3691): ffmpeg detected media content as 'audio/vorbis' with confidence 0.08
D/WVMDrmPlugIn( 3690): WVMDrmPlugin::onInitialize : 6492
D/WVMDrmPlugIn( 3690): WVMDrmPlugin::onSetOnInfoListener : add 6492
D/WVMDrmPlugIn( 3690): WVMDrmPlugin::onTerminate : 6492
I/FFmpegExtractor( 3691): android-source:0xb45b4330
I/FFMPEG  ( 3691): Input #0, ogg, from 'android-source:0xb45b4330':
I/FFMPEG  ( 3691):   Duration: 00:00:01.24, start: 0.000000, bitrate: 85 kb/s
I/FFMPEG  ( 3691):     Stream #0:0: Audio: vorbis, 44100 Hz, mono, fltp, 75 kb/s
I/FFMPEG  ( 3691):     Metadata:
I/FFMPEG  ( 3691):       COPYRIGHT       : Copyright (c) 2009 Android Open Source Project
I/FFMPEG  ( 3691):       TITLE           : Drip
I/FFMPEG  ( 3691):       ARTIST          : Dave Sparks
D/FFmpegExtractor( 3691): FFmpegExtrator, url: android-source:0xb45b4330, format_name: ogg, format_long_name: Ogg
I/FFmpegExtractor( 3691): adjust mime(application/ogg -> audio/vorbis)
D/FFmpegExtractor( 3691): suppoted codec(vorbis) by official Stagefright
D/FFmpegExtractor( 3691): ffmpeg detected media content as 'audio/vorbis' with confidence 0.08
D/WVMDrmPlugIn( 3690): WVMDrmPlugin::onInitialize : 4633
D/WVMDrmPlugIn( 3690): WVMDrmPlugin::onSetOnInfoListener : add 4633
D/WVMDrmPlugIn( 3690): WVMDrmPlugin::onTerminate : 4633
I/FFmpegExtractor( 3691): android-source:0xb45b44c0
I/FFMPEG  ( 3691): Input #0, ogg, from 'android-source:0xb45b44c0':
I/FFMPEG  ( 3691):   Duration: 00:00:00.96, start: 0.000000, bitrate: 307 kb/s
I/FFMPEG  ( 3691):     Stream #0:0: Audio: vorbis, 44100 Hz, stereo, fltp, 224 kb/s
I/FFMPEG  ( 3691):     Metadata:
I/FFMPEG  ( 3691):       TITLE           : Elara
D/FFmpegExtractor( 3691): FFmpegExtrator, url: android-source:0xb45b44c0, format_name: ogg, format_long_name: Ogg
I/FFmpegExtractor( 3691): adjust mime(application/ogg -> audio/vorbis)
D/FFmpegExtractor( 3691): suppoted codec(vorbis) by official Stagefright
D/FFmpegExtractor( 3691): ffmpeg detected media content as 'audio/vorbis' with confidence 0.08
D/WVMDrmPlugIn( 3690): WVMDrmPlugin::onInitialize : 5862
D/WVMDrmPlugIn( 3690): WVMDrmPlugin::onSetOnInfoListener : add 5862
D/WVMDrmPlugIn( 3690): WVMDrmPlugin::onTerminate : 5862
I/FFmpegExtractor( 3691): android-source:0xb45b46f0
I/FFMPEG  ( 3691): Input #0, ogg, from 'android-source:0xb45b46f0':
I/FFMPEG  ( 3691):   Duration: 00:00:02.09, start: 0.000000, bitrate: 58 kb/s
I/FFMPEG  ( 3691):     Stream #0:0: Audio: vorbis, 44100 Hz, mono, fltp, 80 kb/s
I/FFMPEG  ( 3691):     Metadata:
I/FFMPEG  ( 3691):       ANDROID_LOOP    : false
I/FFMPEG  ( 3691):       track           : 2d206a
I/FFMPEG  ( 3691):       TITLE           : Electra
I/FFMPEG  ( 3691):       ARTIST          : pdx
D/FFmpegExtractor( 3691): FFmpegExtrator, url: android-source:0xb45b46f0, format_name: ogg, format_long_name: Ogg
I/FFmpegExtractor( 3691): adjust mime(application/ogg -> audio/vorbis)
D/FFmpegExtractor( 3691): suppoted codec(vorbis) by official Stagefright
D/FFmpegExtractor( 3691): ffmpeg detected media content as 'audio/vorbis' with confidence 0.08
D/WVMDrmPlugIn( 3690): WVMDrmPlugin::onInitialize : 6634
D/WVMDrmPlugIn( 3690): WVMDrmPlugin::onSetOnInfoListener : add 6634
D/WVMDrmPlugIn( 3690): WVMDrmPlugin::onTerminate : 6634
I/FFmpegExtractor( 3691): android-source:0xb45b4790
I/FFMPEG  ( 3691): Input #0, ogg, from 'android-source:0xb45b4790':
I/FFMPEG  ( 3691):   Duration: 00:00:00.88, start: 0.000000, bitrate: 239 kb/s
I/FFMPEG  ( 3691):     Stream #0:0: Audio: vorbis, 44100 Hz, stereo, fltp, 224 kb/s
I/FFMPEG  ( 3691):     Metadata:
I/FFMPEG  ( 3691):       TITLE           : Europa
D/FFmpegExtractor( 3691): FFmpegExtrator, url: android-source:0xb45b4790, format_name: ogg, format_long_name: Ogg
I/FFmpegExtractor( 3691): adjust mime(application/ogg -> audio/vorbis)
D/FFmpegExtractor( 3691): suppoted codec(vorbis) by official Stagefright
D/FFmpegExtractor( 3691): ffmpeg detected media content as 'audio/vorbis' with confidence 0.08
D/WVMDrmPlugIn( 3690): WVMDrmPlugin::onInitialize : 4361
D/WVMDrmPlugIn( 3690): WVMDrmPlugin::onSetOnInfoListener : add 4361
D/WVMDrmPlugIn( 3690): WVMDrmPlugin::onTerminate : 4361
I/FFmpegExtractor( 3691): android-source:0xb45b49c0
I/FFMPEG  ( 3691): Input #0, ogg, from 'android-source:0xb45b49c0':
I/FFMPEG  ( 3691):   Duration: 00:00:00.71, start: 0.000000, bitrate: 135 kb/s
I/FFMPEG  ( 3691):     Stream #0:0: Audio: vorbis, 44100 Hz, stereo, fltp, 112 kb/s
I/FFMPEG  ( 3691):     Metadata:
I/FFMPEG  ( 3691):       TITLE           : Missed It
D/FFmpegExtractor( 3691): FFmpegExtrator, url: android-source:0xb45b49c0, format_name: ogg, format_long_name: Ogg
I/FFmpegExtractor( 3691): adjust mime(application/ogg -> audio/vorbis)
D/FFmpegExtractor( 3691): suppoted codec(vorbis) by official Stagefright
D/FFmpegExtractor( 3691): ffmpeg detected media content as 'audio/vorbis' with confidence 0.08
D/WVMDrmPlugIn( 3690): WVMDrmPlugin::onInitialize : 7208
D/WVMDrmPlugIn( 3690): WVMDrmPlugin::onSetOnInfoListener : add 7208
D/WVMDrmPlugIn( 3690): WVMDrmPlugin::onTerminate : 7208
I/FFmpegExtractor( 3691): android-source:0xb45b4ab0
I/FFMPEG  ( 3691): Input #0, ogg, from 'android-source:0xb45b4ab0':
I/FFMPEG  ( 3691):   Duration: 00:00:01.31, start: 0.000000, bitrate: 128 kb/s
I/FFMPEG  ( 3691):     Stream #0:0: Audio: vorbis, 44100 Hz, stereo, fltp, 112 kb/s
I/FFMPEG  ( 3691):     Metadata:
I/FFMPEG  ( 3691):       TITLE           : Captain's Log
D/FFmpegExtractor( 3691): FFmpegExtrator, url: android-source:0xb45b4ab0, format_name: ogg, format_long_name: Ogg
I/FFmpegExtractor( 3691): adjust mime(application/ogg -> audio/vorbis)
D/FFmpegExtractor( 3691): suppoted codec(vorbis) by official Stagefright
D/FFmpegExtractor( 3691): ffmpeg detected media content as 'audio/vorbis' with confidence 0.08
D/WVMDrmPlugIn( 3690): WVMDrmPlugin::onInitialize : 6436
D/WVMDrmPlugIn( 3690): WVMDrmPlugin::onSetOnInfoListener : add 6436
D/WVMDrmPlugIn( 3690): WVMDrmPlugin::onTerminate : 6436
I/FFmpegExtractor( 3691): android-source:0xb45b4fb0
I/FFMPEG  ( 3691): Input #0, ogg, from 'android-source:0xb45b4fb0':
I/FFMPEG  ( 3691):   Duration: 00:00:00.65, start: 0.000000, bitrate: 146 kb/s
I/FFMPEG  ( 3691):     Stream #0:0: Audio: vorbis, 44100 Hz, stereo, fltp, 112 kb/s
I/FFMPEG  ( 3691):     Metadata:
I/FFMPEG  ( 3691):       TITLE           : Look At Me
D/FFmpegExtractor( 3691): FFmpegExtrator, url: android-source:0xb45b4fb0, format_name: ogg, format_long_name: Ogg
I/FFmpegExtractor( 3691): adjust mime(application/ogg -> audio/vorbis)
D/FFmpegExtractor( 3691): suppoted codec(vorbis) by official Stagefright
D/FFmpegExtractor( 3691): ffmpeg detected media content as 'audio/vorbis' with confidence 0.08
D/WVMDrmPlugIn( 3690): WVMDrmPlugin::onInitialize : 4646
D/WVMDrmPlugIn( 3690): WVMDrmPlugin::onSetOnInfoListener : add 4646
D/WVMDrmPlugIn( 3690): WVMDrmPlugin::onTerminate : 4646
I/FFmpegExtractor( 3691): android-source:0xb6055bf0
I/FFMPEG  ( 3691): Input #0, ogg, from 'android-source:0xb6055bf0':
I/FFMPEG  ( 3691):   Duration: 00:00:01.60, start: 0.000000, bitrate: 93 kb/s
I/FFMPEG  ( 3691):     Stream #0:0: Audio: vorbis, 44100 Hz, stereo, fltp, 112 kb/s
D/FFmpegExtractor( 3691): FFmpegExtrator, url: android-source:0xb6055bf0, format_name: ogg, format_long_name: Ogg
I/FFmpegExtractor( 3691): adjust mime(application/ogg -> audio/vorbis)
D/FFmpegExtractor( 3691): suppoted codec(vorbis) by official Stagefright
D/FFmpegExtractor( 3691): ffmpeg detected media content as 'audio/vorbis' with confidence 0.08
D/WVMDrmPlugIn( 3690): WVMDrmPlugin::onInitialize : 5392
D/WVMDrmPlugIn( 3690): WVMDrmPlugin::onSetOnInfoListener : add 5392
D/WVMDrmPlugIn( 3690): WVMDrmPlugin::onTerminate : 5392
I/FFmpegExtractor( 3691): android-source:0xb45ea290
I/FFMPEG  ( 3691): Input #0, ogg, from 'android-source:0xb45ea290':
I/FFMPEG  ( 3691):   Duration: 00:00:02.30, start: 0.000000, bitrate: 76 kb/s
I/FFMPEG  ( 3691):     Stream #0:0: Audio: vorbis, 44100 Hz, mono, fltp, 80 kb/s
I/FFMPEG  ( 3691):     Metadata:
I/FFMPEG  ( 3691):       ANDROID_LOOP    : false
I/FFMPEG  ( 3691):       track           : 3d207b2
I/FFMPEG  ( 3691):       TITLE           : Fomalhaut
I/FFMPEG  ( 3691):       ARTIST          : pdx
D/FFmpegExtractor( 3691): FFmpegExtrator, url: android-source:0xb45ea290, format_name: ogg, format_long_name: Ogg
I/FFmpegExtractor( 3691): adjust mime(application/ogg -> audio/vorbis)
D/FFmpegExtractor( 3691): suppoted codec(vorbis) by official Stagefright
D/FFmpegExtractor( 3691): ffmpeg detected media content as 'audio/vorbis' with confidence 0.08
D/WVMDrmPlugIn( 3690): WVMDrmPlugin::onInitialize : 8112
D/WVMDrmPlugIn( 3690): WVMDrmPlugin::onSetOnInfoListener : add 8112
D/WVMDrmPlugIn( 3690): WVMDrmPlugin::onTerminate : 8112
I/FFmpegExtractor( 3691): android-source:0xb45ea6a0
I/FFMPEG  ( 3691): Input #0, ogg, from 'android-source:0xb45ea6a0':
I/FFMPEG  ( 3691):   Duration: 00:00:00.80, start: 0.000000, bitrate: 122 kb/s
I/FFMPEG  ( 3691):     Stream #0:0: Audio: vorbis, 44100 Hz, stereo, fltp, 112 kb/s
D/FFmpegExtractor( 3691): FFmpegExtrator, url: android-source:0xb45ea6a0, format_name: ogg, format_long_name: Ogg
I/FFmpegExtractor( 3691): adjust mime(application/ogg -> audio/vorbis)
D/FFmpegExtractor( 3691): suppoted codec(vorbis) by official Stagefright
D/FFmpegExtractor( 3691): ffmpeg detected media content as 'audio/vorbis' with confidence 0.08
D/WVMDrmPlugIn( 3690): WVMDrmPlugin::onInitialize : 5134
D/WVMDrmPlugIn( 3690): WVMDrmPlugin::onSetOnInfoListener : add 5134
D/WVMDrmPlugIn( 3690): WVMDrmPlugin::onTerminate : 5134
I/FFmpegExtractor( 3691): android-source:0xb45ea600
I/FFMPEG  ( 3691): Input #0, ogg, from 'android-source:0xb45ea600':
I/FFMPEG  ( 3691):   Duration: 00:00:02.01, start: 0.000000, bitrate: 153 kb/s
I/FFMPEG  ( 3691):     Stream #0:0: Audio: vorbis, 48000 Hz, stereo, fltp, 112 kb/s
I/FFMPEG  ( 3691):     Metadata:
I/FFMPEG  ( 3691):       TITLE           : Heaven
D/FFmpegExtractor( 3691): FFmpegExtrator, url: android-source:0xb45ea600, format_name: ogg, format_long_name: Ogg
I/FFmpegExtractor( 3691): adjust mime(application/ogg -> audio/vorbis)
D/FFmpegExtractor( 3691): suppoted codec(vorbis) by official Stagefright
D/FFmpegExtractor( 3691): ffmpeg detected media content as 'audio/vorbis' with confidence 0.08
D/WVMDrmPlugIn( 3690): WVMDrmPlugin::onInitialize : 6677
D/WVMDrmPlugIn( 3690): WVMDrmPlugin::onSetOnInfoListener : add 6677
D/WVMDrmPlugIn( 3690): WVMDrmPlugin::onTerminate : 6677
I/FFmpegExtractor( 3691): android-source:0xb45eabf0
I/FFMPEG  ( 3691): Input #0, ogg, from 'android-source:0xb45eabf0':
I/FFMPEG  ( 3691):   Duration: 00:00:00.30, start: 0.000000, bitrate: 198 kb/s
I/FFMPEG  ( 3691):     Stream #0:0: Audio: vorbis, 44100 Hz, stereo, fltp, 112 kb/s
I/FFMPEG  ( 3691):     Metadata:
I/FFMPEG  ( 3691):       ANDROID_LOOP    : false
I/FFMPEG  ( 3691):       TITLE           : Helium
D/FFmpegExtractor( 3691): FFmpegExtrator, url: android-source:0xb45eabf0, format_name: ogg, format_long_name: Ogg
I/FFmpegExtractor( 3691): adjust mime(application/ogg -> audio/vorbis)
D/FFmpegExtractor( 3691): suppoted codec(vorbis) by official Stagefright
D/FFmpegExtractor( 3691): ffmpeg detected media content as 'audio/vorbis' with confidence 0.08
D/WVMDrmPlugIn( 3690): WVMDrmPlugin::onInitialize : 5228
D/WVMDrmPlugIn( 3690): WVMDrmPlugin::onSetOnInfoListener : add 5228
D/WVMDrmPlugIn( 3690): WVMDrmPlugin::onTerminate : 5228
I/FFmpegExtractor( 3691): android-source:0xb45eac90
I/FFMPEG  ( 3691): Input #0, ogg, from 'android-source:0xb45eac90':
I/FFMPEG  ( 3691):   Duration: 00:00:01.92, start: 0.000000, bitrate: 76 kb/s
I/FFMPEG  ( 3691):     Stream #0:0: Audio: vorbis, 44100 Hz, mono, fltp, 80 kb/s
I/FFMPEG  ( 3691):     Metadata:
I/FFMPEG  ( 3691):       ARTIST          : Dr. MAD
I/FFMPEG  ( 3691):       TITLE           : Highwire
D/FFmpegExtractor( 3691): FFmpegExtrator, url: android-source:0xb45eac90, format_name: ogg, format_long_name: Ogg
I/FFmpegExtractor( 3691): adjust mime(application/ogg -> audio/vorbis)
D/FFmpegExtractor( 3691): suppoted codec(vorbis) by official Stagefright
D/FFmpegExtractor( 3691): ffmpeg detected media content as 'audio/vorbis' with confidence 0.08
D/WVMDrmPlugIn( 3690): WVMDrmPlugin::onInitialize : 5933
D/WVMDrmPlugIn( 3690): WVMDrmPlugin::onSetOnInfoListener : add 5933
D/WVMDrmPlugIn( 3690): WVMDrmPlugin::onTerminate : 5933
I/FFmpegExtractor( 3691): android-source:0xb45b4060
I/FFMPEG  ( 3691): Input #0, ogg, from 'android-source:0xb45b4060':
I/FFMPEG  ( 3691):   Duration: 00:00:01.20, start: 0.000000, bitrate: 93 kb/s
I/FFMPEG  ( 3691):     Stream #0:0: Audio: vorbis, 44100 Hz, stereo, fltp, 96 kb/s
I/FFMPEG  ( 3691):     Metadata:
I/FFMPEG  ( 3691):       TITLE           : Hojus
D/FFmpegExtractor( 3691): FFmpegExtrator, url: android-source:0xb45b4060, format_name: ogg, format_long_name: Ogg
I/FFmpegExtractor( 3691): adjust mime(application/ogg -> audio/vorbis)
D/FFmpegExtractor( 3691): suppoted codec(vorbis) by official Stagefright
D/FFmpegExtractor( 3691): ffmpeg detected media content as 'audio/vorbis' with confidence 0.08
D/WVMDrmPlugIn( 3690): WVMDrmPlugin::onInitialize : 7449
D/WVMDrmPlugIn( 3690): WVMDrmPlugin::onSetOnInfoListener : add 7449
D/WVMDrmPlugIn( 3690): WVMDrmPlugin::onTerminate : 7449
I/FFmpegExtractor( 3691): android-source:0xb6055ce0
I/FFMPEG  ( 3691): Input #0, ogg, from 'android-source:0xb6055ce0':
I/FFMPEG  ( 3691):   Duration: 00:00:01.75, start: 0.000000, bitrate: 205 kb/s
I/FFMPEG  ( 3691):     Stream #0:0: Audio: vorbis, 44100 Hz, stereo, fltp, 224 kb/s
I/FFMPEG  ( 3691):     Metadata:
I/FFMPEG  ( 3691):       TITLE           : Iapetus
D/FFmpegExtractor( 3691): FFmpegExtrator, url: android-source:0xb6055ce0, format_name: ogg, format_long_name: Ogg
I/FFmpegExtractor( 3691): adjust mime(application/ogg -> audio/vorbis)
D/FFmpegExtractor( 3691): suppoted codec(vorbis) by official Stagefright
D/FFmpegExtractor( 3691): ffmpeg detected media content as 'audio/vorbis' with confidence 0.08
D/WVMDrmPlugIn( 3690): WVMDrmPlugin::onInitialize : 5842
D/WVMDrmPlugIn( 3690): WVMDrmPlugin::onSetOnInfoListener : add 5842
D/WVMDrmPlugIn( 3690): WVMDrmPlugin::onTerminate : 5842
I/FFmpegExtractor( 3691): android-source:0xb4537100
I/FFMPEG  ( 3691): Input #0, ogg, from 'android-source:0xb4537100':
I/FFMPEG  ( 3691):   Duration: 00:00:01.18, start: 0.000000, bitrate: 272 kb/s
I/FFMPEG  ( 3691):     Stream #0:0: Audio: vorbis, 44100 Hz, stereo, fltp, 224 kb/s
I/FFMPEG  ( 3691):     Metadata:
I/FFMPEG  ( 3691):       TITLE           : Io
D/FFmpegExtractor( 3691): FFmpegExtrator, url: android-source:0xb4537100, format_name: ogg, format_long_name: Ogg
I/FFmpegExtractor( 3691): adjust mime(application/ogg -> audio/vorbis)
D/FFmpegExtractor( 3691): suppoted codec(vorbis) by official Stagefright
D/FFmpegExtractor( 3691): ffmpeg detected media content as 'audio/vorbis' with confidence 0.08
D/WVMDrmPlugIn( 3690): WVMDrmPlugin::onInitialize : 7879
D/WVMDrmPlugIn( 3690): WVMDrmPlugin::onSetOnInfoListener : add 7879
D/WVMDrmPlugIn( 3690): WVMDrmPlugin::onTerminate : 7879
I/FFmpegExtractor( 3691): android-source:0xb4537240
I/FFMPEG  ( 3691): Input #0, ogg, from 'android-source:0xb4537240':
I/FFMPEG  ( 3691):   Duration: 00:00:03.30, start: 0.000000, bitrate: 141 kb/s
I/FFMPEG  ( 3691):     Stream #0:0: Audio: vorbis, 44100 Hz, stereo, fltp, 160 kb/s
I/FFMPEG  ( 3691):     Metadata:
I/FFMPEG  ( 3691):       ANDROID_LOOP    : false
I/FFMPEG  ( 3691):       TITLE           : Iridium
D/FFmpegExtractor( 3691): FFmpegExtrator, url: android-source:0xb4537240, format_name: ogg, format_long_name: Ogg
I/FFmpegExtractor( 3691): adjust mime(application/ogg -> audio/vorbis)
D/FFmpegExtractor( 3691): suppoted codec(vorbis) by official Stagefright
D/FFmpegExtractor( 3691): ffmpeg detected media content as 'audio/vorbis' with confidence 0.08
D/WVMDrmPlugIn( 3690): WVMDrmPlugin::onInitialize : 5416
D/WVMDrmPlugIn( 3690): WVMDrmPlugin::onSetOnInfoListener : add 5416
D/WVMDrmPlugIn( 3690): WVMDrmPlugin::onTerminate : 5416
I/FFmpegExtractor( 3691): android-source:0xb4537420
I/FFMPEG  ( 3691): Input #0, ogg, from 'android-source:0xb4537420':
I/FFMPEG  ( 3691):   Duration: 00:00:00.67, start: 0.000000, bitrate: 138 kb/s
I/FFMPEG  ( 3691):     Stream #0:0: Audio: vorbis, 44100 Hz, stereo, fltp, 160 kb/s
I/FFMPEG  ( 3691):     Metadata:
I/FFMPEG  ( 3691):       ANDROID_LOOP    : false
I/FFMPEG  ( 3691):       TITLE           : Krypton
D/FFmpegExtractor( 3691): FFmpegExtrator, url: android-source:0xb4537420, format_name: ogg, format_long_name: Ogg
I/FFmpegExtractor( 3691): adjust mime(application/ogg -> audio/vorbis)
D/FFmpegExtractor( 3691): suppoted codec(vorbis) by official Stagefright
D/FFmpegExtractor( 3691): ffmpeg detected media content as 'audio/vorbis' with confidence 0.08
D/WVMDrmPlugIn( 3690): WVMDrmPlugin::onInitialize : 7182
D/WVMDrmPlugIn( 3690): WVMDrmPlugin::onSetOnInfoListener : add 7182
D/WVMDrmPlugIn( 3690): WVMDrmPlugin::onTerminate : 7182
I/FFmpegExtractor( 3691): android-source:0xb45ea6a0
I/FFMPEG  ( 3691): Input #0, ogg, from 'android-source:0xb45ea6a0':
I/FFMPEG  ( 3691):   Duration: 00:00:01.92, start: 0.000000, bitrate: 65 kb/s
I/FFMPEG  ( 3691):     Stream #0:0: Audio: vorbis, 44100 Hz, mono, fltp, 80 kb/s
I/FFMPEG  ( 3691):     Metadata:
I/FFMPEG  ( 3691):       ARTIST          : Dr. MAD
I/FFMPEG  ( 3691):       TITLE           : Kzurb Sonar
D/FFmpegExtractor( 3691): FFmpegExtrator, url: android-source:0xb45ea6a0, format_name: ogg, format_long_name: Ogg
I/FFmpegExtractor( 3691): adjust mime(application/ogg -> audio/vorbis)
D/FFmpegExtractor( 3691): suppoted codec(vorbis) by official Stagefright
D/FFmpegExtractor( 3691): ffmpeg detected media content as 'audio/vorbis' with confidence 0.08
D/WVMDrmPlugIn( 3690): WVMDrmPlugin::onInitialize : 5365
D/WVMDrmPlugIn( 3690): WVMDrmPlugin::onSetOnInfoListener : add 5365
D/WVMDrmPlugIn( 3690): WVMDrmPlugin::onTerminate : 5365
I/FFmpegExtractor( 3691): android-source:0xb45ea790
I/FFMPEG  ( 3691): Input #0, ogg, from 'android-source:0xb45ea790':
I/FFMPEG  ( 3691):   Duration: 00:00:01.60, start: 0.000000, bitrate: 90 kb/s
I/FFMPEG  ( 3691):     Stream #0:0: Audio: vorbis, 44100 Hz, stereo, fltp, 112 kb/s
I/FFMPEG  ( 3691):     Metadata:
I/FFMPEG  ( 3691):       TITLE           : Lalande
D/FFmpegExtractor( 3691): FFmpegExtrator, url: android-source:0xb45ea790, format_name: ogg, format_long_name: Ogg
I/FFmpegExtractor( 3691): adjust mime(application/ogg -> audio/vorbis)
D/FFmpegExtractor( 3691): suppoted codec(vorbis) by official Stagefright
D/FFmpegExtractor( 3691): ffmpeg detected media content as 'audio/vorbis' with confidence 0.08
D/WVMDrmPlugIn( 3690): WVMDrmPlugin::onInitialize : 6908
D/WVMDrmPlugIn( 3690): WVMDrmPlugin::onSetOnInfoListener : add 6908
D/WVMDrmPlugIn( 3690): WVMDrmPlugin::onTerminate : 6908
I/FFmpegExtractor( 3691): android-source:0xb45ea290
I/FFMPEG  ( 3691): Input #0, ogg, from 'android-source:0xb45ea290':
I/FFMPEG  ( 3691):   Duration: 00:00:01.85, start: 0.000000, bitrate: 50 kb/s
I/FFMPEG  ( 3691):     Stream #0:0: Audio: vorbis, 44100 Hz, stereo, fltp, 450 kb/s
I/FFMPEG  ( 3691):     Metadata:
I/FFMPEG  ( 3691):       ENCODER         : FL Studio
D/FFmpegExtractor( 3691): FFmpegExtrator, url: android-source:0xb45ea290, format_name: ogg, format_long_name: Ogg
I/FFmpegExtractor( 3691): adjust mime(application/ogg -> audio/vorbis)
D/FFmpegExtractor( 3691): suppoted codec(vorbis) by official Stagefright
D/FFmpegExtractor( 3691): ffmpeg detected media content as 'audio/vorbis' with confidence 0.08
D/WVMDrmPlugIn( 3690): WVMDrmPlugin::onInitialize : 5316
D/WVMDrmPlugIn( 3690): WVMDrmPlugin::onSetOnInfoListener : add 5316
D/WVMDrmPlugIn( 3690): WVMDrmPlugin::onTerminate : 5316
I/FFmpegExtractor( 3691): android-source:0xb45ea380
I/FFMPEG  ( 3691): Input #0, ogg, from 'android-source:0xb45ea380':
I/FFMPEG  ( 3691):   Duration: 00:00:01.10, start: 0.000000, bitrate: 137 kb/s
I/FFMPEG  ( 3691):     Stream #0:0: Audio: vorbis, 48000 Hz, stereo, fltp, 112 kb/s
I/FFMPEG  ( 3691):     Metadata:
I/FFMPEG  ( 3691):       TITLE           : Merope
D/FFmpegExtractor( 3691): FFmpegExtrator, url: android-source:0xb45ea380, format_name: ogg, format_long_name: Ogg
I/FFmpegExtractor( 3691): adjust mime(application/ogg -> audio/vorbis)
D/FFmpegExtractor( 3691): suppoted codec(vorbis) by official Stagefright
D/FFmpegExtractor( 3691): ffmpeg detected media content as 'audio/vorbis' with confidence 0.08
D/WVMDrmPlugIn( 3690): WVMDrmPlugin::onInitialize : 5384
D/WVMDrmPlugIn( 3690): WVMDrmPlugin::onSetOnInfoListener : add 5384
D/WVMDrmPlugIn( 3690): WVMDrmPlugin::onTerminate : 5384
I/FFmpegExtractor( 3691): android-source:0xb45b4d30
I/FFMPEG  ( 3691): Input #0, ogg, from 'android-source:0xb45b4d30':
I/FFMPEG  ( 3691):   Duration: 00:00:01.20, start: 0.000000, bitrate: 118 kb/s
I/FFMPEG  ( 3691):     Stream #0:0: Audio: vorbis, 44100 Hz, stereo, fltp, 112 kb/s
I/FFMPEG  ( 3691):     Metadata:
I/FFMPEG  ( 3691):       TITLE           : Mira
D/FFmpegExtractor( 3691): FFmpegExtrator, url: android-source:0xb45b4d30, format_name: ogg, format_long_name: Ogg
I/FFmpegExtractor( 3691): adjust mime(application/ogg -> audio/vorbis)
D/FFmpegExtractor( 3691): suppoted codec(vorbis) by official Stagefright
D/FFmpegExtractor( 3691): ffmpeg detected media content as 'audio/vorbis' with confidence 0.08
D/WVMDrmPlugIn( 3690): WVMDrmPlugin::onInitialize : 6165
D/WVMDrmPlugIn( 3690): WVMDrmPlugin::onSetOnInfoListener : add 6165
D/WVMDrmPlugIn( 3690): WVMDrmPlugin::onTerminate : 6165
I/FFmpegExtractor( 3691): android-source:0xb45b4ab0
I/FFMPEG  ( 3691): Input #0, ogg, from 'android-source:0xb45b4ab0':
I/FFMPEG  ( 3691):   Duration: 00:00:01.72, start: 0.000000, bitrate: 147 kb/s
I/FFMPEG  ( 3691):     Stream #0:0: Audio: vorbis, 44100 Hz, stereo, fltp, 320 kb/s
I/FFMPEG  ( 3691):     Metadata:
I/FFMPEG  ( 3691):       TITLE           : Naughty
I/FFMPEG  ( 3691):       ENCODER         : FL Studio
D/FFmpegExtractor( 3691): FFmpegExtrator, url: android-source:0xb45b4ab0, format_name: ogg, format_long_name: Ogg
I/FFmpegExtractor( 3691): adjust mime(application/ogg -> audio/vorbis)
D/FFmpegExtractor( 3691): suppoted codec(vorbis) by official Stagefright
D/FFmpegExtractor( 3691): ffmpeg detected media content as 'audio/vorbis' with confidence 0.08
D/WVMDrmPlugIn( 3690): WVMDrmPlugin::onInitialize : 4130
D/WVMDrmPlugIn( 3690): WVMDrmPlugin::onSetOnInfoListener : add 4130
D/WVMDrmPlugIn( 3690): WVMDrmPlugin::onTerminate : 4130
I/FFmpegExtractor( 3691): android-source:0xb45b4c90
I/FFMPEG  ( 3691): Input #0, ogg, from 'android-source:0xb45b4c90':
I/FFMPEG  ( 3691):   Duration: 00:00:01.92, start: 0.000000, bitrate: 83 kb/s
I/FFMPEG  ( 3691):     Stream #0:0: Audio: vorbis, 44100 Hz, mono, fltp, 80 kb/s
I/FFMPEG  ( 3691):     Metadata:
I/FFMPEG  ( 3691):       ARTIST          : Dr. MAD
I/FFMPEG  ( 3691):       TITLE           : On The Hunt
D/FFmpegExtractor( 3691): FFmpegExtrator, url: android-source:0xb45b4c90, format_name: ogg, format_long_name: Ogg
I/FFmpegExtractor( 3691): adjust mime(application/ogg -> audio/vorbis)
D/FFmpegExtractor( 3691): suppoted codec(vorbis) by official Stagefright
D/FFmpegExtractor( 3691): ffmpeg detected media content as 'audio/vorbis' with confidence 0.08
D/WVMDrmPlugIn( 3690): WVMDrmPlugin::onInitialize : 6754
D/WVMDrmPlugIn( 3690): WVMDrmPlugin::onSetOnInfoListener : add 6754
D/WVMDrmPlugIn( 3690): WVMDrmPlugin::onTerminate : 6754
I/FFmpegExtractor( 3691): android-source:0xb45b4b50
I/FFMPEG  ( 3691): Input #0, ogg, from 'android-source:0xb45b4b50':
I/FFMPEG  ( 3691):   Duration: 00:00:01.59, start: 0.000000, bitrate: 73 kb/s
I/FFMPEG  ( 3691):     Stream #0:0: Audio: vorbis, 44100 Hz, stereo, fltp, 112 kb/s
I/FFMPEG  ( 3691):     Metadata:
I/FFMPEG  ( 3691):       ANDROID_LOOP    : false
I/FFMPEG  ( 3691):       TITLE           : Palladium
D/FFmpegExtractor( 3691): FFmpegExtrator, url: android-source:0xb45b4b50, format_name: ogg, format_long_name: Ogg
I/FFmpegExtractor( 3691): adjust mime(application/ogg -> audio/vorbis)
D/FFmpegExtractor( 3691): suppoted codec(vorbis) by official Stagefright
D/FFmpegExtractor( 3691): ffmpeg detected media content as 'audio/vorbis' with confidence 0.08
I/InputReader( 4116): Reconfiguring input devices.  changes=0x00000020
I/InputReader( 4116): Reconfiguring input devices.  changes=0x00000020
W/Launcher.Model( 5296): Nobody to tell about the new app.  Launcher is probably loading.
W/Searchables( 4116): No global search activity found
E/cutils  ( 5914): Failed to mkdir(/mnt/shell/emulated/0): Read-only file system
W/Zygote  ( 5914): Failed to mount emulated storage: 30
I/ActivityManager( 4116): Start proc android.process.acore for broadcast com.android.providers.contacts/.PackageIntentReceiver: pid=5914 uid=10006 gids={50006, 9997, 3003, 1028, 1015} abi=armeabi-v7a
I/InputReader( 4116): Reconfiguring input devices.  changes=0x00000020
D/BackupManagerService( 4116): Received broadcast Intent { act=android.intent.action.PACKAGE_CHANGED dat=package:com.android.camera2 flg=0x4000010 (has extras) }
