--------- beginning of main
I/cm      (    0): Welcome to Android 5.0.2 / CyanogenMod-12-20150715-UNOFFICIAL-k3gxx 
W/auditd  ( 3697): type=2000 audit(0.0:1): initialized
W/auditd  ( 3697): type=1325 audit(0.0:2): table=filter family=2 entries=0
W/auditd  ( 3697): type=1325 audit(0.0:3): table=mangle family=2 entries=0
W/auditd  ( 3697): type=1325 audit(0.0:4): table=nat family=2 entries=0
W/auditd  ( 3697): type=1325 audit(0.0:5): table=raw family=2 entries=0
W/auditd  ( 3697): type=1325 audit(0.0:6): table=security family=2 entries=0
W/auditd  ( 3697): type=1325 audit(0.0:7): table=filter family=3 entries=0
W/auditd  ( 3697): type=1325 audit(0.0:8): table=filter family=10 entries=0
W/auditd  ( 3697): type=1325 audit(0.0:9): table=mangle family=10 entries=0
W/auditd  ( 3697): type=1325 audit(0.0:10): table=raw family=10 entries=0
I/McDaemon(    0): Daemon starting up...
I/McDaemon(    0): Socket interface version is 0.2
I/McDaemon(    0): *** t-base-300-Ares-2-Android-V004_P3 ###
I/McDaemon(    0): Build timestamp is Jan 20 2015 11:49:09
I/McDaemon(    0): Checking version of <t-base
I/McDaemon(    0): Product ID is tbase-300_EXYNOS_5422_V004_P3
I/McDaemon(    0): (null)
I/McDaemon(    0): (null)
I/McDaemon(    0): (null)
I/McDaemon(    0): (null)
W/auditd  ( 3697): type=1305 audit(0.0:11): audit_pid=3672 old=0 auid=4294967295 ses=4294967295
W/auditd  ( 3697):  res=1
W/auditd  ( 3697): type=1305 audit(0.0:12): audit_rate_limit=20 old=0 auid=4294967295 ses=4294967295
W/auditd  ( 3697):  res=1
I/lowmemorykiller( 3674): Using in-kernel low memory killer interface
--------- beginning of system
I/Vold    ( 3676): Vold 2.1 (the revenge) firing up
D/Vold    ( 3676): Volume extSdCard state changing -1 (Initializing) -> 0 (No-Media)
D/Vold    ( 3676): Volume UsbDriveA state changing -1 (Initializing) -> 0 (No-Media)
D/Vold    ( 3676): Volume UsbDriveB state changing -1 (Initializing) -> 0 (No-Media)
D/Vold    ( 3676): Volume UsbDriveC state changing -1 (Initializing) -> 0 (No-Media)
D/Vold    ( 3676): Volume UsbDriveD state changing -1 (Initializing) -> 0 (No-Media)
D/Vold    ( 3676): Volume UsbDriveE state changing -1 (Initializing) -> 0 (No-Media)
D/Vold    ( 3676): Volume UsbDriveF state changing -1 (Initializing) -> 0 (No-Media)
I/Cryptfs ( 3676): Check if PFE is activated on Boot
I/DEBUG   ( 3689): debuggerd: Jul  3 2015 03:58:19
E/Cryptfs ( 3676): Bad magic for real block device /dev/block/platform/12200000.dwmmc0/by-name/USERDATA
E/Cryptfs ( 3676): Error getting crypt footer and key
I/installd( 3696): installd firing up
I/Netd    ( 3688): Netd 1.0 starting
E/Netd    ( 3688): Failed to open /proc/sys/net/ipv6/conf/default/accept_ra_rt_table: No such file or directory
E/Netd    ( 3688): Failed to open /proc/sys/net/ipv6/conf/ip6tnl0/accept_ra_rt_table: No such file or directory
E/Netd    ( 3688): Failed to open /proc/sys/net/ipv6/conf/lo/accept_ra_rt_table: No such file or directory
E/Netd    ( 3688): Failed to open /proc/sys/net/ipv6/conf/rmnet0/accept_ra_rt_table: No such file or directory
E/Netd    ( 3688): Failed to open /proc/sys/net/ipv6/conf/rmnet1/accept_ra_rt_table: No such file or directory
E/Netd    ( 3688): Failed to open /proc/sys/net/ipv6/conf/rmnet2/accept_ra_rt_table: No such file or directory
E/Netd    ( 3688): Failed to open /proc/sys/net/ipv6/conf/rmnet3/accept_ra_rt_table: No such file or directory
E/Netd    ( 3688): Failed to open /proc/sys/net/ipv6/conf/sit0/accept_ra_rt_table: No such file or directory
E/sdcard  ( 3706): usage: sdcard [OPTIONS] <source_path> <dest_path>
E/sdcard  ( 3706):     -u: specify UID to run as
E/sdcard  ( 3706):     -g: specify GID to run as
E/sdcard  ( 3706):     -w: specify GID required to write (default sdcard_rw, requires -d or -l)
E/sdcard  ( 3706):     -t: specify number of threads to use (default 2)
E/sdcard  ( 3706):     -d: derive file permissions based on path
E/sdcard  ( 3706):     -l: derive file permissions based on legacy internal layout
E/sdcard  ( 3706):     -s: split derived permissions for pics, av
E/sdcard  ( 3706): 
I/macloader( 3704): Settting wifi type to wisol in /data/.cid.info
D/macloader( 3704): Change permissions of /data/.cid.info
I/PrProvisioning( 3720): successfully - provisioning start !
I/PrProvisioning( 3720): provisioning already done
D/SensorHubService( 3699): nuSensorHubService starting...
I/keystore( 3698): SELinux: Keystore SELinux is disabled.
I/SurfaceFlinger( 3691): SurfaceFlinger is starting
I/SurfaceFlinger( 3691): SurfaceFlinger's main thread ready to run. Initializing graphics H/W...
W/auditd  ( 3697): type=1325 audit(0.0:13): table=filter family=2 entries=4
W/iptables( 3780): type=1300 audit(0.0:13): arch=40000028 syscall=294 per=800000 success=yes exit=0 a0=5 a1=0 a2=40 a3=b6c29100 items=0 ppid=3688 auid=4294967295 uid=0 gid=0 euid=0 suid=0 fsuid=0 egid=0 sgid=0 fsgid=0 ses=4294967295 tty=(none) exe="/system/bin/iptables" key=(null)
W/auditd  ( 3697): type=1320 audit(0.0:13): 
W/auditd  ( 3697): type=1325 audit(0.0:14): table=filter family=10 entries=4
W/ip6tables( 3781): type=1300 audit(0.0:14): arch=40000028 syscall=294 per=800000 success=yes exit=0 a0=5 a1=29 a2=40 a3=b6c2b400 items=0 ppid=3688 auid=4294967295 uid=0 gid=0 euid=0 suid=0 fsuid=0 egid=0 sgid=0 fsgid=0 ses=4294967295 tty=(none) exe="/system/bin/ip6tables" key=(null)
W/auditd  ( 3697): type=1320 audit(0.0:14): 
W/auditd  ( 3697): type=1325 audit(0.0:15): table=filter family=2 entries=6
W/iptables( 3782): type=1300 audit(0.0:15): arch=40000028 syscall=294 per=800000 success=yes exit=0 a0=5 a1=0 a2=40 a3=b6c23100 items=0 ppid=3688 auid=4294967295 uid=0 gid=0 euid=0 suid=0 fsuid=0 egid=0 sgid=0 fsgid=0 ses=4294967295 tty=(none) exe="/system/bin/iptables" key=(null)
W/auditd  ( 3697): type=1320 audit(0.0:15): 
W/auditd  ( 3697): type=1325 audit(0.0:16): table=filter family=10 entries=6
W/ip6tables( 3783): type=1300 audit(0.0:16): arch=40000028 syscall=294 per=800000 success=yes exit=0 a0=5 a1=29 a2=40 a3=b6c36600 items=0 ppid=3688 auid=4294967295 uid=0 gid=0 euid=0 suid=0 fsuid=0 egid=0 sgid=0 fsgid=0 ses=4294967295 tty=(none) exe="/system/bin/ip6tables" key=(null)
W/auditd  ( 3697): type=1320 audit(0.0:16): 
D/gpsd    ( 3702): WakeLock(Release,GPSD)
W/auditd  ( 3697): type=1325 audit(0.0:17): table=filter family=2 entries=7
W/iptables( 3793): type=1300 audit(0.0:17): arch=40000028 syscall=294 per=800000 success=yes exit=0 a0=5 a1=0 a2=40 a3=b6c30400 items=0 ppid=3688 auid=4294967295 uid=0 gid=0 euid=0 suid=0 fsuid=0 egid=0 sgid=0 fsgid=0 ses=4294967295 tty=(none) exe="/system/bin/iptables" key=(null)
W/auditd  ( 3697): type=1320 audit(0.0:17): 
W/auditd  ( 3697): type=1325 audit(0.0:18): table=filter family=10 entries=7
W/ip6tables( 3796): type=1300 audit(0.0:18): arch=40000028 syscall=294 per=800000 success=yes exit=0 a0=5 a1=29 a2=40 a3=b6c32800 items=0 ppid=3688 auid=4294967295 uid=0 gid=0 euid=0 suid=0 fsuid=0 egid=0 sgid=0 fsgid=0 ses=4294967295 tty=(none) exe="/system/bin/ip6tables" key=(null)
W/auditd  ( 3697): type=1320 audit(0.0:18): 
D/gpsd    ( 3702): WakeLock(Release,SUPL)
I/gpsd_d  ( 3702): GNSS: 219420
D/wrapperGPS( 3702): wrapperOpenClient_RILD
E/wrapperGPS( 3702): wrapperOpenClient_RILD: RegisterUnsolicitedHandler() UNSOL_GPS_NOTI (20009)
D/wrapperGPS( 3702): wrapperRegisterRequestCompleteHandler
D/wrapperGPS( 3702): wrapperRegisterUnsolicitedHandler id(12009), handler(0xb6b996e9)
D/wrapperGPS( 3702): wrapperRegisterErrorCallback
D/wrapperGPS( 3702): wrapperConnect_RILD
W/auditd  ( 3697): type=1325 audit(0.0:19): table=filter family=2 entries=9
W/iptables( 3799): type=1300 audit(0.0:19): arch=40000028 syscall=294 per=800000 success=yes exit=0 a0=5 a1=0 a2=40 a3=b6c33600 items=0 ppid=3688 auid=4294967295 uid=0 gid=0 euid=0 suid=0 fsuid=0 egid=0 sgid=0 fsgid=0 ses=4294967295 tty=(none) exe="/system/bin/iptables" key=(null)
W/auditd  ( 3697): type=1320 audit(0.0:19): 
W/auditd  ( 3697): type=1325 audit(0.0:20): table=filter family=10 entries=9
W/ip6tables( 3800): type=1300 audit(0.0:20): arch=40000028 syscall=294 per=800000 success=yes exit=0 a0=5 a1=29 a2=40 a3=b6c47800 items=0 ppid=3688 auid=4294967295 uid=0 gid=0 euid=0 suid=0 fsuid=0 egid=0 sgid=0 fsgid=0 ses=4294967295 tty=(none) exe="/system/bin/ip6tables" key=(null)
W/auditd  ( 3697): type=1320 audit(0.0:20): 
D/libEGL  ( 3691): loaded /vendor/lib/egl/libGLES_mali.so
W/auditd  ( 3697): type=1325 audit(0.0:21): table=filter family=2 entries=10
W/iptables( 3808): type=1300 audit(0.0:21): arch=40000028 syscall=294 per=800000 success=yes exit=0 a0=5 a1=0 a2=40 a3=b6c31800 items=0 ppid=3688 auid=4294967295 uid=0 gid=0 euid=0 suid=0 fsuid=0 egid=0 sgid=0 fsgid=0 ses=4294967295 tty=(none) exe="/system/bin/iptables" key=(null)
W/auditd  ( 3697): type=1320 audit(0.0:21): 
I/        ( 3691): PLATFORM VERSION : JB-MR-2
I/gralloc ( 3691): using (id=)
I/gralloc ( 3691): xres         = 1080 px
I/gralloc ( 3691): yres         = 1920 px
I/gralloc ( 3691): width        = 65 mm (422.030762 dpi)
I/gralloc ( 3691): height       = 115 mm (424.069580 dpi)
I/gralloc ( 3691): refresh rate = 60.00 Hz
W/auditd  ( 3697): type=1325 audit(0.0:22): table=filter family=10 entries=10
W/ip6tables( 3820): type=1300 audit(0.0:22): arch=40000028 syscall=294 per=800000 success=yes exit=0 a0=5 a1=29 a2=40 a3=b6c42c00 items=0 ppid=3688 auid=4294967295 uid=0 gid=0 euid=0 suid=0 fsuid=0 egid=0 sgid=0 fsgid=0 ses=4294967295 tty=(none) exe="/system/bin/ip6tables" key=(null)
W/auditd  ( 3697): type=1320 audit(0.0:22): 
W/auditd  ( 3697): type=1325 audit(0.0:23): table=filter family=2 entries=12
W/iptables( 3821): type=1300 audit(0.0:23): arch=40000028 syscall=294 per=800000 success=yes exit=0 a0=5 a1=0 a2=40 a3=b6c44800 items=0 ppid=3688 auid=4294967295 uid=0 gid=0 euid=0 suid=0 fsuid=0 egid=0 sgid=0 fsgid=0 ses=4294967295 tty=(none) exe="/system/bin/iptables" key=(null)
W/auditd  ( 3697): type=1320 audit(0.0:23): 
W/auditd  ( 3697): type=1325 audit(0.0:24): table=filter family=10 entries=12
W/ip6tables( 3823): type=1300 audit(0.0:24): arch=40000028 syscall=294 per=800000 success=yes exit=0 a0=5 a1=29 a2=40 a3=b6c1d800 items=0 ppid=3688 auid=4294967295 uid=0 gid=0 euid=0 suid=0 fsuid=0 egid=0 sgid=0 fsgid=0 ses=4294967295 tty=(none) exe="/system/bin/ip6tables" key=(null)
W/auditd  ( 3697): type=1320 audit(0.0:24): 
D/WVMDrmPlugIn( 3693): WVMDrmPlugin::onGetSupportInfo : 0
I/mediaserver( 3694): ServiceManager: 0xb60500c0
I/AudioFlinger( 3694): Using default 3000 mSec as standby time.
I/ServiceManager( 3694): Waiting for service batterystats...
W/auditd  ( 3697): type=1325 audit(0.0:25): table=filter family=2 entries=13
W/iptables( 3843): type=1300 audit(0.0:25): arch=40000028 syscall=294 per=800000 success=yes exit=0 a0=5 a1=0 a2=40 a3=b6c1c200 items=0 ppid=3688 auid=4294967295 uid=0 gid=0 euid=0 suid=0 fsuid=0 egid=0 sgid=0 fsgid=0 ses=4294967295 tty=(none) exe="/system/bin/iptables" key=(null)
W/auditd  ( 3697): type=1320 audit(0.0:25): 
D/hwcomposer( 3691): using
D/hwcomposer( 3691): xres         = 1080 px
D/hwcomposer( 3691): yres         = 1920 px
D/hwcomposer( 3691): width        = 65 mm (422.030000 dpi)
D/hwcomposer( 3691): height       = 115 mm (424.069000 dpi)
D/hwcomposer( 3691): refresh rate = 60 Hz
D/libexynosv4l2-subdev( 3691): try node: /dev/v4l-subdev0
D/libexynosv4l2-subdev( 3691): try node: /dev/v4l-subdev1
D/libexynosv4l2-subdev( 3691): try node: /dev/v4l-subdev2
I/libexynosv4l2-subdev( 3691): node found for device s5p-mixer0: /dev/v4l-subdev2
I/libexynosv4l2-subdev( 3691): open subdev device /dev/v4l-subdev2
I/hwcomposer( 3691): PSR info devname = /sys/devices/14400000.fimd_fb/psr_info
I/hwcomposer( 3691): PSR mode is 2(0: video mode, 1: DP PSR mode, 2: MIPI-DSI command mode)
I/SurfaceFlinger( 3691): Using composer version 1.3
I/SurfaceFlinger( 3691): EGL information:
I/SurfaceFlinger( 3691): vendor    : Android
I/SurfaceFlinger( 3691): version   : 1.4 Android META-EGL
I/SurfaceFlinger( 3691): extensions: EGL_KHR_get_all_proc_addresses EGL_ANDROID_presentation_time EGL_KHR_image EGL_KHR_image_base EGL_KHR_gl_texture_2D_image EGL_KHR_gl_texture_cubemap_image EGL_KHR_gl_renderbuffer_image EGL_KHR_fence_sync EGL_KHR_create_context EGL_ANDROID_image_native_buffer EGL_KHR_wait_sync EGL_ANDROID_recordable 
I/SurfaceFlinger( 3691): Client API: OpenGL_ES
I/SurfaceFlinger( 3691): EGLSurface: 8-8-8-8, config=0xb69cf2ac
D/AndroidRuntime( 3705): 
D/AndroidRuntime( 3705): >>>>>> AndroidRuntime START com.android.internal.os.ZygoteInit <<<<<<
I/SurfaceFlinger( 3691): OpenGL ES informations:
I/SurfaceFlinger( 3691): vendor    : ARM
I/SurfaceFlinger( 3691): renderer  : Mali-T628
I/SurfaceFlinger( 3691): version   : OpenGL ES 3.0
I/SurfaceFlinger( 3691): extensions: GL_EXT_debug_marker GL_ARM_rgba8 GL_ARM_mali_shader_binary GL_OES_depth24 GL_OES_depth_texture GL_OES_depth_texture_cube_map GL_OES_packed_depth_stencil GL_OES_rgb8_rgba8 GL_EXT_read_format_bgra GL_OES_compressed_paletted_texture GL_OES_compressed_ETC1_RGB8_texture GL_OES_standard_derivatives GL_OES_EGL_image GL_OES_EGL_image_external GL_OES_EGL_sync GL_OES_texture_npot GL_OES_vertex_half_float GL_OES_required_internalformat GL_OES_vertex_array_object GL_OES_mapbuffer GL_EXT_texture_format_BGRA8888 GL_EXT_texture_rg GL_EXT_texture_type_2_10_10_10_REV GL_OES_fbo_render_mipmap GL_OES_element_index_uint GL_EXT_shadow_samplers GL_OES_texture_compression_astc GL_KHR_texture_compression_astc_ldr GL_KHR_texture_compression_astc_hdr GL_KHR_debug GL_EXT_occlusion_query_boolean GL_EXT_blend_minmax GL_EXT_discard_framebuffer GL_OES_get_program_binary GL_OES_texture_3D GL_EXT_texture_storage GL_EXT_multisampled_render_to_texture GL_OES_surfaceless_context GL_ARM_mali_program_binary 
I/SurfaceFlinger( 3691): GL_MAX_TEXTURE_SIZE = 8192
I/SurfaceFlinger( 3691): GL_MAX_VIEWPORT_DIMS = 8192
D/SurfaceFlinger( 3691): Set power mode=2, type=0 flinger=0xb6962000
I/hwcomposer( 3691): unblank ioctl failed (display already unblanked)
D/AndroidRuntime( 3705): CheckJNI is OFF
I/art     ( 3705): option[0]=-Xzygote
I/art     ( 3705): option[1]=-Xstacktracefile:/data/anr/traces.txt
I/art     ( 3705): option[2]=exit
I/art     ( 3705): option[3]=vfprintf
I/art     ( 3705): option[4]=sensitiveThread
I/art     ( 3705): option[5]=-verbose:gc
I/art     ( 3705): option[6]=-Xms16m
I/art     ( 3705): option[7]=-Xmx512m
I/art     ( 3705): option[8]=-XX:mainThreadStackSize=24K
I/art     ( 3705): option[9]=-XX:HeapGrowthLimit=192m
I/art     ( 3705): option[10]=-XX:HeapMinFree=2m
I/art     ( 3705): option[11]=-XX:HeapMaxFree=8m
I/art     ( 3705): option[12]=-XX:HeapTargetUtilization=0.75
I/art     ( 3705): option[13]=-agentlib:jdwp=transport=dt_android_adb,suspend=n,server=y
I/art     ( 3705): option[14]=-Xlockprofthreshold:500
I/art     ( 3705): option[15]=-Ximage-compiler-option
I/art     ( 3705): option[16]=--runtime-arg
I/art     ( 3705): option[17]=-Ximage-compiler-option
I/art     ( 3705): option[18]=-Xms64m
I/art     ( 3705): option[19]=-Ximage-compiler-option
I/art     ( 3705): option[20]=--runtime-arg
I/art     ( 3705): option[21]=-Ximage-compiler-option
I/art     ( 3705): option[22]=-Xmx64m
I/art     ( 3705): option[23]=-Ximage-compiler-option
I/art     ( 3705): option[24]=--image-classes-zip=/system/framework/framework.jar
I/art     ( 3705): option[25]=-Ximage-compiler-option
I/art     ( 3705): option[26]=--image-classes=preloaded-classes
I/art     ( 3705): option[27]=-Xcompiler-option
I/art     ( 3705): option[28]=--runtime-arg
I/art     ( 3705): option[29]=-Xcompiler-option
I/art     ( 3705): option[30]=-Xms64m
I/art     ( 3705): option[31]=-Xcompiler-option
I/art     ( 3705): option[32]=--runtime-arg
I/art     ( 3705): option[33]=-Xcompiler-option
I/art     ( 3705): option[34]=-Xmx512m
I/art     ( 3705): option[35]=-Duser.language=en
I/art     ( 3705): option[36]=-Duser.region=US
D/SurfaceFlinger( 3691): SF. shader cache generated - 26 shaders in 72.154129 ms
D/libEGL  ( 3864): loaded /vendor/lib/egl/libGLES_mali.so
I/        ( 3864): PLATFORM VERSION : JB-MR-2
E/BootAnimation( 3864): couldn't find audio_conf.txt
I/Sensorhubs( 3699): GestureSensor flags 1, mEnabled 0
E/Sensorhubs( 3699): Gesture old sensor_state 0, new sensor_state : 64 en : 1
I/Sensorhubs( 3699): GestureSensor flags 0, mEnabled 1
E/Sensorhubs( 3699): Gesture old sensor_state 64, new sensor_state : 0 en : 0
I/SensorHubService( 3699): HardwareSensorHub
I/SensorHubService( 3699): HardwareSensorHub
D/SensorHubService( 3699): nuSensorHubService thread starting...
I/sensorhubservice( 3699): SensorHubService is starting now........................................
W/BootAnimation( 3864): Audio service is not initiated.
D/BootAnimation( 3864): Use save memory method, maybe small fps in actual.
E/memtrack( 3705): Couldn't load memtrack module (No such file or directory)
E/android.os.Debug( 3705): failed to load memtrack module: -2
I/SamplingProfilerIntegration( 3705): Profiling disabled.
D/Zygote  ( 3705): begin preload
I/Zygote  ( 3705): Preloading classes...
I/art     ( 3705): Explicit concurrent mark sweep GC freed 994(55KB) AllocSpace objects, 0(0B) LOS objects, 98% free, 70KB/4MB, paused 124us total 17.818ms
I/art     ( 3705): Counter: 1
D/wrapperGPS( 3702): wrapperConnect_RILD
W/auditd  ( 3697): type=1325 audit(0.0:61): table=mangle family=2 entries=6
W/iptables( 3970): type=1300 audit(0.0:61): arch=40000028 syscall=294 per=800000 success=yes exit=0 a0=5 a1=0 a2=40 a3=b6c20400 items=0 ppid=3688 auid=4294967295 uid=0 gid=0 euid=0 suid=0 fsuid=0 egid=0 sgid=0 fsgid=0 ses=4294967295 tty=(none) exe="/system/bin/iptables" key=(null)
W/auditd  ( 3697): type=1320 audit(0.0:61): 
W/auditd  ( 3697): type=1325 audit(0.0:62): table=mangle family=10 entries=6
W/ip6tables( 3971): type=1300 audit(0.0:62): arch=40000028 syscall=294 per=800000 success=yes exit=0 a0=5 a1=29 a2=40 a3=b6c31800 items=0 ppid=3688 auid=4294967295 uid=0 gid=0 euid=0 suid=0 fsuid=0 egid=0 sgid=0 fsgid=0 ses=4294967295 tty=(none) exe="/system/bin/ip6tables" key=(null)
W/auditd  ( 3697): type=1320 audit(0.0:62): 
W/auditd  ( 3697): type=1325 audit(0.0:63): table=mangle family=2 entries=8
W/iptables( 3972): type=1300 audit(0.0:63): arch=40000028 syscall=294 per=800000 success=yes exit=0 a0=5 a1=0 a2=40 a3=b6c1ba00 items=0 ppid=3688 auid=4294967295 uid=0 gid=0 euid=0 suid=0 fsuid=0 egid=0 sgid=0 fsgid=0 ses=4294967295 tty=(none) exe="/system/bin/iptables" key=(null)
W/auditd  ( 3697): type=1320 audit(0.0:63): 
W/auditd  ( 3697): type=1325 audit(0.0:64): table=mangle family=10 entries=8
W/ip6tables( 3973): type=1300 audit(0.0:64): arch=40000028 syscall=294 per=800000 success=yes exit=0 a0=5 a1=29 a2=40 a3=b6c37800 items=0 ppid=3688 auid=4294967295 uid=0 gid=0 euid=0 suid=0 fsuid=0 egid=0 sgid=0 fsgid=0 ses=4294967295 tty=(none) exe="/system/bin/ip6tables" key=(null)
W/auditd  ( 3697): type=1320 audit(0.0:64): 
I/ServiceManager( 3694): Waiting for service batterystats...
W/auditd  ( 3697): type=1325 audit(0.0:65): table=mangle family=2 entries=9
W/iptables( 3980): type=1300 audit(0.0:65): arch=40000028 syscall=294 per=800000 success=yes exit=0 a0=5 a1=0 a2=40 a3=b6c30800 items=0 ppid=3688 auid=4294967295 uid=0 gid=0 euid=0 suid=0 fsuid=0 egid=0 sgid=0 fsgid=0 ses=4294967295 tty=(none) exe="/system/bin/iptables" key=(null)
W/auditd  ( 3697): type=1320 audit(0.0:65): 
W/auditd  ( 3697): type=1325 audit(0.0:66): table=mangle family=10 entries=9
W/ip6tables( 3981): type=1300 audit(0.0:66): arch=40000028 syscall=294 per=800000 success=yes exit=0 a0=5 a1=29 a2=40 a3=b6c42800 items=0 ppid=3688 auid=4294967295 uid=0 gid=0 euid=0 suid=0 fsuid=0 egid=0 sgid=0 fsgid=0 ses=4294967295 tty=(none) exe="/system/bin/ip6tables" key=(null)
W/auditd  ( 3697): type=1320 audit(0.0:66): 
W/auditd  ( 3697): type=1325 audit(0.0:67): table=mangle family=2 entries=11
W/iptables( 3982): type=1300 audit(0.0:67): arch=40000028 syscall=294 per=800000 success=yes exit=0 a0=5 a1=0 a2=40 a3=b6c34800 items=0 ppid=3688 auid=4294967295 uid=0 gid=0 euid=0 suid=0 fsuid=0 egid=0 sgid=0 fsgid=0 ses=4294967295 tty=(none) exe="/system/bin/iptables" key=(null)
E/Minikin ( 3705): addFont failed to create font /system/fonts/NotoSansGujarati-Regular.ttf
E/Minikin ( 3705): addFont failed to create font /system/fonts/NotoSansGujarati-Bold.ttf
E/Minikin ( 3705): addFont failed to create font /system/fonts/NotoSansGujaratiUI-Regular.ttf
E/Minikin ( 3705): addFont failed to create font /system/fonts/NotoSansGujaratiUI-Bold.ttf
E/Minikin ( 3705): addFont failed to create font /system/fonts/NotoSansGurmukhi-Regular.ttf
E/Minikin ( 3705): addFont failed to create font /system/fonts/NotoSansGurmukhi-Bold.ttf
E/Minikin ( 3705): addFont failed to create font /system/fonts/NotoSansGurmukhiUI-Regular.ttf
E/Minikin ( 3705): addFont failed to create font /system/fonts/NotoSansGurmukhiUI-Bold.ttf
E/Minikin ( 3705): addFont failed to create font /system/fonts/NotoSansSinhala-Regular.ttf
E/Minikin ( 3705): addFont failed to create font /system/fonts/NotoSansSinhala-Bold.ttf
E/Minikin ( 3705): addFont failed to create font /system/fonts/NotoSansCherokee-Regular.ttf
E/Minikin ( 3705): addFont failed to create font /system/fonts/NotoSansCanadianAboriginal-Regular.ttf
E/Minikin ( 3705): addFont failed to create font /system/fonts/NotoSansYi-Regular.ttf
E/Minikin ( 3705): addFont failed to create font /system/fonts/NotoSansHans-Regular.otf
E/Minikin ( 3705): addFont failed to create font /system/fonts/NotoSansHant-Regular.otf
E/Minikin ( 3705): addFont failed to create font /system/fonts/NotoSansJP-Regular.otf
E/Minikin ( 3705): addFont failed to create font /system/fonts/NotoSansKR-Regular.otf
I/art     ( 3705): Thread[1,tid=3705,WaitingForJniOnLoad,Thread*=0xb5107800,peer=0x12c330e0,"main"] recursive attempt to load library "/system/lib/libmedia_jni.so"
D/MtpDeviceJNI( 3705): register_android_mtp_MtpDevice
I/art     ( 3705): Thread[1,tid=3705,WaitingForJniOnLoad,Thread*=0xb5107800,peer=0x12c330e0,"main"] recursive attempt to load library "/system/lib/libmedia_jni.so"
I/art     ( 3705): Thread[1,tid=3705,WaitingForJniOnLoad,Thread*=0xb5107800,peer=0x12c330e0,"main"] recursive attempt to load library "/system/lib/libmedia_jni.so"
V/NatController( 3688): runCmd(/system/bin/iptables -F natctrl_FORWARD) res=0
V/NatController( 3688): runCmd(/system/bin/iptables -A natctrl_FORWARD -j DROP) res=0
V/NatController( 3688): runCmd(/system/bin/iptables -t nat -F natctrl_nat_POSTROUTING) res=0
V/NatController( 3688): runCmd(/system/bin/iptables -t nat -F natctrl_nat_PREROUTING) res=0
V/NatController( 3688): runCmd(/system/bin/iptables -F natctrl_tether_counters) res=1
V/NatController( 3688): runCmd(/system/bin/iptables -X natctrl_tether_counters) res=1
V/NatController( 3688): runCmd(/system/bin/iptables -N natctrl_tether_counters) res=0
V/NatController( 3688): runCmd(/system/bin/iptables -t mangle -A natctrl_mangle_FORWARD -p tcp --tcp-flags SYN SYN -j TCPMSS --clamp-mss-to-pmtu) res=0
D/wrapperGPS( 3702): wrapperConnect_RILD
W/auditd  ( 3697): type=1325 audit(0.0:115): table=filter family=2 entries=47
W/iptables( 4073): type=1300 audit(0.0:115): arch=40000028 syscall=294 per=800000 success=yes exit=0 a0=5 a1=0 a2=40 a3=b6c22000 items=0 ppid=3688 auid=4294967295 uid=0 gid=0 euid=0 suid=0 fsuid=0 egid=0 sgid=0 fsgid=0 ses=4294967295 tty=(none) exe="/system/bin/iptables" key=(null)
W/auditd  ( 3697): type=1320 audit(0.0:115): 
W/auditd  ( 3697): type=1325 audit(0.0:116): table=filter family=10 entries=44
W/ip6tables( 4074): type=1300 audit(0.0:116): arch=40000028 syscall=294 per=800000 success=yes exit=0 a0=5 a1=29 a2=40 a3=b6c24000 items=0 ppid=3688 auid=4294967295 uid=0 gid=0 euid=0 suid=0 fsuid=0 egid=0 sgid=0 fsgid=0 ses=4294967295 tty=(none) exe="/system/bin/ip6tables" key=(null)
W/auditd  ( 3697): type=1320 audit(0.0:116): 
I/System  ( 3705): Loaded time zone names for "" in 56ms (52ms in ICU)
W/auditd  ( 3697): type=1325 audit(0.0:117): table=filter family=2 entries=47
W/iptables( 4075): type=1300 audit(0.0:117): arch=40000028 syscall=294 per=800000 success=yes exit=0 a0=5 a1=0 a2=40 a3=b6c22000 items=0 ppid=3688 auid=4294967295 uid=0 gid=0 euid=0 suid=0 fsuid=0 egid=0 sgid=0 fsgid=0 ses=4294967295 tty=(none) exe="/system/bin/iptables" key=(null)
W/auditd  ( 3697): type=1320 audit(0.0:117): 
W/auditd  ( 3697): type=1325 audit(0.0:118): table=filter family=10 entries=44
W/ip6tables( 4076): type=1300 audit(0.0:118): arch=40000028 syscall=294 per=800000 success=yes exit=0 a0=5 a1=29 a2=40 a3=b6c24000 items=0 ppid=3688 auid=4294967295 uid=0 gid=0 euid=0 suid=0 fsuid=0 egid=0 sgid=0 fsgid=0 ses=4294967295 tty=(none) exe="/system/bin/ip6tables" key=(null)
W/auditd  ( 3697): type=1320 audit(0.0:118): 
W/auditd  ( 3697): type=1325 audit(0.0:119): table=filter family=2 entries=47
W/iptables( 4077): type=1300 audit(0.0:119): arch=40000028 syscall=294 per=800000 success=yes exit=0 a0=5 a1=0 a2=40 a3=b6c22000 items=0 ppid=3688 auid=4294967295 uid=0 gid=0 euid=0 suid=0 fsuid=0 egid=0 sgid=0 fsgid=0 ses=4294967295 tty=(none) exe="/system/bin/iptables" key=(null)
W/auditd  ( 3697): type=1320 audit(0.0:119): 
I/System  ( 3705): Loaded time zone names for "en_US" in 34ms (28ms in ICU)
W/auditd  ( 3697): type=1325 audit(0.0:120): table=filter family=10 entries=44
W/ip6tables( 4078): type=1300 audit(0.0:120): arch=40000028 syscall=294 per=800000 success=yes exit=0 a0=5 a1=29 a2=40 a3=b6c24000 items=0 ppid=3688 auid=4294967295 uid=0 gid=0 euid=0 suid=0 fsuid=0 egid=0 sgid=0 fsgid=0 ses=4294967295 tty=(none) exe="/system/bin/ip6tables" key=(null)
W/auditd  ( 3697): type=1320 audit(0.0:120): 
W/auditd  ( 3697): type=1325 audit(0.0:121): table=filter family=2 entries=47
W/iptables( 4079): type=1300 audit(0.0:121): arch=40000028 syscall=294 per=800000 success=yes exit=0 a0=5 a1=0 a2=40 a3=b6c22000 items=0 ppid=3688 auid=4294967295 uid=0 gid=0 euid=0 suid=0 fsuid=0 egid=0 sgid=0 fsgid=0 ses=4294967295 tty=(none) exe="/system/bin/iptables" key=(null)
I/ServiceManager( 3694): Waiting for service batterystats...
I/art     ( 3705): Explicit concurrent mark sweep GC freed 30145(1834KB) AllocSpace objects, 0(0B) LOS objects, 72% free, 1557KB/5MB, paused 132us total 14.685ms
I/Zygote  ( 3705): ...preloaded 3005 classes in 1216ms.
I/art     ( 3705): VMRuntime.preloadDexCaches starting
I/art     ( 3705): VMRuntime.preloadDexCaches strings total=217316 before=40338 after=40338
I/art     ( 3705): VMRuntime.preloadDexCaches types total=18704 before=6337 after=6380
I/art     ( 3705): VMRuntime.preloadDexCaches fields total=87408 before=32543 after=32871
I/art     ( 3705): VMRuntime.preloadDexCaches methods total=154031 before=66779 after=67657
I/art     ( 3705): VMRuntime.preloadDexCaches finished
I/art     ( 3705): Counter: 0
I/art     ( 3705): Counter: 1
I/art     ( 3705): Explicit concurrent mark sweep GC freed 159(19KB) AllocSpace objects, 0(0B) LOS objects, 72% free, 1538KB/5MB, paused 157us total 7.766ms
D/idmap   ( 4091): error: no read access to /vendor/overlay: No such file or directory
I/Zygote  ( 3705): Preloading resources...
D/MDnsDS  ( 3688): MDnsSdListener::Hander starting up
D/MDnsDS  ( 3688): MDnsSdListener starting to monitor
D/MDnsDS  ( 3688): Going to poll with pollCount 1
W/SurfaceFlinger( 3691): Ignoring duplicate VSYNC event from HWC (t=7758579375)
I/art     ( 3705): Explicit concurrent mark sweep GC freed 4419(155KB) AllocSpace objects, 0(0B) LOS objects, 40% free, 16MB/28MB, paused 236us total 10.011ms
I/Zygote  ( 3705): ...preloaded 430 resources in 445ms.
I/art     ( 3705): Explicit concurrent mark sweep GC freed 533(30KB) AllocSpace objects, 0(0B) LOS objects, 40% free, 16MB/28MB, paused 185us total 7.986ms
I/Zygote  ( 3705): ...preloaded 41 resources in 18ms.
I/art     ( 3705): Counter: 0
D/libEGL  ( 3705): loaded /vendor/lib/egl/libGLES_mali.so
I/Zygote  ( 3705): Preloading shared libraries...
D/Zygote  ( 3705): end preload
I/art     ( 3705): Explicit concurrent mark sweep GC freed 461(21KB) AllocSpace objects, 0(0B) LOS objects, 40% free, 16MB/28MB, paused 186us total 8.313ms
I/art     ( 3705): Explicit concurrent mark sweep GC freed 41(1568B) AllocSpace objects, 0(0B) LOS objects, 40% free, 16MB/28MB, paused 183us total 7.486ms
I/art     ( 3705): Explicit concurrent mark sweep GC freed 5(160B) AllocSpace objects, 0(0B) LOS objects, 40% free, 16MB/28MB, paused 211us total 7.583ms
I/Zygote  ( 3705): System server process 4122 has been created
I/Zygote  ( 3705): Accepting command socket connections
D/wrapperGPS( 3702): wrapperConnect_RILD
I/InstallerConnection( 4122): disconnecting...
I/SystemServer( 4122): Entered the Android system server!
V/Fingerprint-JNI( 4122): FingerprintManager JNI ready.
I/        ( 4122): System server: starting sensor init.
D/SensorService( 4122): nuSensorService starting...
E/Sensors ( 4122): GeoMagneticSensor, ERROR dev_num = -19
I/Sensors ( 4122): Proximity old sensor_state 0, new sensor_state : 128 en : 1
I/ServiceManager( 3694): Waiting for service batterystats...
I/SystemServiceManager( 4122): Starting com.android.server.pm.Installer
I/Installer( 4122): Waiting for installd to be ready.
I/InstallerConnection( 4122): connecting...
I/installd( 3696): new connection
I/Sensors ( 4122): Light old sensor_state 128, new sensor_state : 640 en : 1
I/SystemServiceManager( 4122): Starting com.android.server.am.ActivityManagerService$Lifecycle
E/Sensors ( 4122): UncalMagneticSensor, ERROR dev_num = -19
I/Sensors ( 4122): SigMotionSensor old sensor_state 640, new sensor_state : 8832 en : 1
E/Sensors ( 4122): UncalGyroSensor, ERROR dev_num = -19
E/Sensors ( 4122): GameRotationVector, ERROR dev_num = -19
I/Sensors ( 4122): StepCounterSensor old sensor_state 8832, new sensor_state : 139904 en : 1
D/Sensors ( 4122): HrmSpO2Sensor::HrmSpO2Sensor: Shared version Registered 
E/SensorService( 4122): >>>> WARNING <<< Upgrade sensor HAL to version 1_3
I/Sensors ( 4122): Proximity old sensor_state 139904, new sensor_state : 139776 en : 0
I/Sensors ( 4122): Light old sensor_state 139776, new sensor_state : 139264 en : 0
I/Sensors ( 4122): StepCounterSensor old sensor_state 139264, new sensor_state : 8192 en : 0
I/Sensors ( 4122): SigMotionSensor old sensor_state 8192, new sensor_state : 0 en : 0
I/Sensors ( 4122): HrmSpO2Sensor::enable, handle(16), en(0), what(1/0:aosphrm,1:sshrm, old enabled : 0)
I/Sensors ( 4122): HrmSpO2Sensor is already disabled or have to keep enabled, mEnabled : 0x0, en : 0
I/Sensors ( 4122): HrmSpO2Sensor::enable, handle(17), en(0), what(0/0:aosphrm,1:sshrm, old enabled : 0)
I/Sensors ( 4122): HrmSpO2Sensor is already disabled or have to keep enabled, mEnabled : 0x0, en : 0
I/Sensors ( 4122): HrmSpO2Sensor::enable, handle(18), en(0), what(2/0:aosphrm,1:sshrm, old enabled : 0)
I/Sensors ( 4122): HrmSpO2Sensor is already disabled or have to keep enabled, mEnabled : 0x0, en : 0
I/        ( 4122): System server: sensor init done.
D/SensorService( 4122): nuSensorService thread starting...
I/Sensors ( 4122): ProximitySensor - 8(cm)
D/SensorService( 4122): new thread SensorEventAckReceiver
I/ActivityManager( 4122): Memory class: 192
I/ServiceThread( 4122): Enabled StrictMode logging for ActivityManager looper.
D/BootAnimation( 3864): Use save memory method, maybe small fps in actual.
I/IntentFirewall( 4122): Read new rules (A:0 B:0 S:0)
I/ServiceThread( 4122): Enabled StrictMode logging for android.ui looper.
I/ServiceThread( 4122): Enabled StrictMode logging for android.display looper.
D/AppOps  ( 4122): AppOpsService published
I/SystemServiceManager( 4122): Starting com.android.server.power.PowerManagerService
I/ServiceThread( 4122): Enabled StrictMode logging for PowerManagerService looper.
D/SEC PowerHAL( 4122): sysfs_write +: /sys/devices/system/cpu/cpu0/cpufreq/interactive/multi_enter_load: 800
D/SEC PowerHAL( 4122): sysfs_write -: /sys/devices/system/cpu/cpu0/cpufreq/interactive/multi_enter_load: 800
D/SEC PowerHAL( 4122): sysfs_write +: /sys/devices/system/cpu/cpu0/cpufreq/interactive/single_enter_load: 200
D/SEC PowerHAL( 4122): sysfs_write -: /sys/devices/system/cpu/cpu0/cpufreq/interactive/single_enter_load: 200
D/SEC PowerHAL( 4122): sysfs_write +: /sys/devices/system/cpu/cpu0/cpufreq/interactive/param_index: 0
D/SEC PowerHAL( 4122): sysfs_write -: /sys/devices/system/cpu/cpu0/cpufreq/interactive/param_index: 0
D/SEC PowerHAL( 4122): sysfs_write +: /sys/devices/system/cpu/cpu0/cpufreq/interactive/timer_rate: 20000
D/SEC PowerHAL( 4122): sysfs_write -: /sys/devices/system/cpu/cpu0/cpufreq/interactive/timer_rate: 20000
D/SEC PowerHAL( 4122): sysfs_write +: /sys/devices/system/cpu/cpu0/cpufreq/interactive/timer_slack: 20000
D/SEC PowerHAL( 4122): sysfs_write -: /sys/devices/system/cpu/cpu0/cpufreq/interactive/timer_slack: 20000
D/SEC PowerHAL( 4122): sysfs_write +: /sys/devices/system/cpu/cpu0/cpufreq/interactive/min_sample_time: 40000
D/SEC PowerHAL( 4122): sysfs_write -: /sys/devices/system/cpu/cpu0/cpufreq/interactive/min_sample_time: 40000
D/SEC PowerHAL( 4122): sysfs_write +: /sys/devices/system/cpu/cpu0/cpufreq/interactive/hispeed_freq: 1000000
D/SEC PowerHAL( 4122): sysfs_write -: /sys/devices/system/cpu/cpu0/cpufreq/interactive/hispeed_freq: 1000000
D/SEC PowerHAL( 4122): sysfs_write +: /sys/devices/system/cpu/cpu0/cpufreq/interactive/go_hispeed_load: 99
D/SEC PowerHAL( 4122): sysfs_write -: /sys/devices/system/cpu/cpu0/cpufreq/interactive/go_hispeed_load: 99
D/SEC PowerHAL( 4122): sysfs_write +: /sys/devices/system/cpu/cpu0/cpufreq/interactive/target_loads: 70
D/SEC PowerHAL( 4122): sysfs_write -: /sys/devices/system/cpu/cpu0/cpufreq/interactive/target_loads: 70
D/SEC PowerHAL( 4122): sysfs_write +: /sys/devices/system/cpu/cpu0/cpufreq/interactive/above_hispeed_delay: 19000
D/SEC PowerHAL( 4122): sysfs_write -: /sys/devices/system/cpu/cpu0/cpufreq/interactive/above_hispeed_delay: 19000
D/SEC PowerHAL( 4122): sysfs_write +: /sys/devices/system/cpu/cpu0/cpufreq/interactive/boostpulse_duration: 40000
D/SEC PowerHAL( 4122): sysfs_write -: /sys/devices/system/cpu/cpu0/cpufreq/interactive/boostpulse_duration: 40000
D/SEC PowerHAL( 4122): sysfs_write +: /sys/devices/system/cpu/cpu4/cpufreq/interactive/multi_enter_load: 360
D/SEC PowerHAL( 4122): sysfs_write -: /sys/devices/system/cpu/cpu4/cpufreq/interactive/multi_enter_load: 360
D/SEC PowerHAL( 4122): sysfs_write +: /sys/devices/system/cpu/cpu4/cpufreq/interactive/multi_enter_time: 99000
D/SEC PowerHAL( 4122): sysfs_write -: /sys/devices/system/cpu/cpu4/cpufreq/interactive/multi_enter_time: 99000
D/SEC PowerHAL( 4122): sysfs_write +: /sys/devices/system/cpu/cpu4/cpufreq/interactive/multi_exit_load: 240
D/SEC PowerHAL( 4122): sysfs_write -: /sys/devices/system/cpu/cpu4/cpufreq/interactive/multi_exit_load: 240
D/SEC PowerHAL( 4122): sysfs_write +: /sys/devices/system/cpu/cpu4/cpufreq/interactive/multi_exit_time: 299000
D/SEC PowerHAL( 4122): sysfs_write -: /sys/devices/system/cpu/cpu4/cpufreq/interactive/multi_exit_time: 299000
D/SEC PowerHAL( 4122): sysfs_write +: /sys/devices/system/cpu/cpu4/cpufreq/interactive/single_enter_load: 95
D/SEC PowerHAL( 4122): sysfs_write -: /sys/devices/system/cpu/cpu4/cpufreq/interactive/single_enter_load: 95
D/SEC PowerHAL( 4122): sysfs_write +: /sys/devices/system/cpu/cpu4/cpufreq/interactive/single_enter_time: 199000
D/SEC PowerHAL( 4122): sysfs_write -: /sys/devices/system/cpu/cpu4/cpufreq/interactive/single_enter_time: 199000
D/SEC PowerHAL( 4122): sysfs_write +: /sys/devices/system/cpu/cpu4/cpufreq/interactive/single_exit_load: 60
D/SEC PowerHAL( 4122): sysfs_write -: /sys/devices/system/cpu/cpu4/cpufreq/interactive/single_exit_load: 60
D/SEC PowerHAL( 4122): sysfs_write +: /sys/devices/system/cpu/cpu4/cpufreq/interactive/single_exit_time: 99000
D/SEC PowerHAL( 4122): sysfs_write -: /sys/devices/system/cpu/cpu4/cpufreq/interactive/single_exit_time: 99000
D/SEC PowerHAL( 4122): sysfs_write +: /sys/devices/system/cpu/cpu4/cpufreq/interactive/param_index: 0
D/SEC PowerHAL( 4122): sysfs_write -: /sys/devices/system/cpu/cpu4/cpufreq/interactive/param_index: 0
D/SEC PowerHAL( 4122): sysfs_write +: /sys/devices/system/cpu/cpu4/cpufreq/interactive/timer_rate: 20000
D/SEC PowerHAL( 4122): sysfs_write -: /sys/devices/system/cpu/cpu4/cpufreq/interactive/timer_rate: 20000
D/SEC PowerHAL( 4122): sysfs_write +: /sys/devices/system/cpu/cpu4/cpufreq/interactive/timer_slack: 20000
D/SEC PowerHAL( 4122): sysfs_write -: /sys/devices/system/cpu/cpu4/cpufreq/interactive/timer_slack: 20000
D/SEC PowerHAL( 4122): sysfs_write +: /sys/devices/system/cpu/cpu4/cpufreq/interactive/min_sample_time: 40000
D/SEC PowerHAL( 4122): sysfs_write -: /sys/devices/system/cpu/cpu4/cpufreq/interactive/min_sample_time: 40000
D/SEC PowerHAL( 4122): sysfs_write +: /sys/devices/system/cpu/cpu4/cpufreq/interactive/hispeed_freq: 1000000
D/SEC PowerHAL( 4122): sysfs_write -: /sys/devices/system/cpu/cpu4/cpufreq/interactive/hispeed_freq: 1000000
D/SEC PowerHAL( 4122): sysfs_write +: /sys/devices/system/cpu/cpu4/cpufreq/interactive/go_hispeed_load: 99
D/SEC PowerHAL( 4122): sysfs_write -: /sys/devices/system/cpu/cpu4/cpufreq/interactive/go_hispeed_load: 99
D/SEC PowerHAL( 4122): sysfs_write +: /sys/devices/system/cpu/cpu4/cpufreq/interactive/target_loads: 75 1500000:80 1700000:85 1800000:90
D/SEC PowerHAL( 4122): sysfs_write -: /sys/devices/system/cpu/cpu4/cpufreq/interactive/target_loads: 75 1500000:80 1700000:85 1800000:90
D/SEC PowerHAL( 4122): sysfs_write +: /sys/devices/system/cpu/cpu4/cpufreq/interactive/above_hispeed_delay: 19000 1100000:99000 1200000:119000 1700000:19000
D/SEC PowerHAL( 4122): sysfs_write -: /sys/devices/system/cpu/cpu4/cpufreq/interactive/above_hispeed_delay: 19000 1100000:99000 1200000:119000 1700000:19000
D/SEC PowerHAL( 4122): sysfs_write +: /sys/devices/system/cpu/cpu4/cpufreq/interactive/boostpulse_duration: 40000
D/SEC PowerHAL( 4122): sysfs_write -: /sys/devices/system/cpu/cpu4/cpufreq/interactive/boostpulse_duration: 40000
D/SEC PowerHAL( 4122): sysfs_write +: /sys/devices/system/cpu/cpu4/cpufreq/interactive/param_index: 1
D/SEC PowerHAL( 4122): sysfs_write -: /sys/devices/system/cpu/cpu4/cpufreq/interactive/param_index: 1
D/SEC PowerHAL( 4122): sysfs_write +: /sys/devices/system/cpu/cpu4/cpufreq/interactive/timer_rate: 20000
D/SEC PowerHAL( 4122): sysfs_write -: /sys/devices/system/cpu/cpu4/cpufreq/interactive/timer_rate: 20000
D/SEC PowerHAL( 4122): sysfs_write +: /sys/devices/system/cpu/cpu4/cpufreq/interactive/min_sample_time: 59000
D/SEC PowerHAL( 4122): sysfs_write -: /sys/devices/system/cpu/cpu4/cpufreq/interactive/min_sample_time: 59000
D/SEC PowerHAL( 4122): sysfs_write +: /sys/devices/system/cpu/cpu4/cpufreq/interactive/hispeed_freq: 1200000
D/SEC PowerHAL( 4122): sysfs_write -: /sys/devices/system/cpu/cpu4/cpufreq/interactive/hispeed_freq: 1200000
D/SEC PowerHAL( 4122): sysfs_write +: /sys/devices/system/cpu/cpu4/cpufreq/interactive/go_hispeed_load: 95
D/SEC PowerHAL( 4122): sysfs_write -: /sys/devices/system/cpu/cpu4/cpufreq/interactive/go_hispeed_load: 95
D/SEC PowerHAL( 4122): sysfs_write +: /sys/devices/system/cpu/cpu4/cpufreq/interactive/target_loads: 65 1400000:68 1700000:73
D/SEC PowerHAL( 4122): sysfs_write -: /sys/devices/system/cpu/cpu4/cpufreq/interactive/target_loads: 65 1400000:68 1700000:73
D/SEC PowerHAL( 4122): sysfs_write +: /sys/devices/system/cpu/cpu4/cpufreq/interactive/above_hispeed_delay: 19000
D/SEC PowerHAL( 4122): sysfs_write -: /sys/devices/system/cpu/cpu4/cpufreq/interactive/above_hispeed_delay: 19000
D/SEC PowerHAL( 4122): sysfs_write +: /sys/devices/system/cpu/cpu4/cpufreq/interactive/param_index: 2
D/SEC PowerHAL( 4122): sysfs_write -: /sys/devices/system/cpu/cpu4/cpufreq/interactive/param_index: 2
D/SEC PowerHAL( 4122): sysfs_write +: /sys/devices/system/cpu/cpu4/cpufreq/interactive/timer_rate: 20000
D/SEC PowerHAL( 4122): sysfs_write -: /sys/devices/system/cpu/cpu4/cpufreq/interactive/timer_rate: 20000
D/SEC PowerHAL( 4122): sysfs_write +: /sys/devices/system/cpu/cpu4/cpufreq/interactive/min_sample_time: 79000
D/SEC PowerHAL( 4122): sysfs_write -: /sys/devices/system/cpu/cpu4/cpufreq/interactive/min_sample_time: 79000
D/SEC PowerHAL( 4122): sysfs_write +: /sys/devices/system/cpu/cpu4/cpufreq/interactive/hispeed_freq: 1400000
D/SEC PowerHAL( 4122): sysfs_write -: /sys/devices/system/cpu/cpu4/cpufreq/interactive/hispeed_freq: 1400000
D/SEC PowerHAL( 4122): sysfs_write +: /sys/devices/system/cpu/cpu4/cpufreq/interactive/go_hispeed_load: 90
D/SEC PowerHAL( 4122): sysfs_write -: /sys/devices/system/cpu/cpu4/cpufreq/interactive/go_hispeed_load: 90
D/SEC PowerHAL( 4122): sysfs_write +: /sys/devices/system/cpu/cpu4/cpufreq/interactive/target_loads: 60 1300000:63 1500000:65 1700000:70
D/SEC PowerHAL( 4122): sysfs_write -: /sys/devices/system/cpu/cpu4/cpufreq/interactive/target_loads: 60 1300000:63 1500000:65 1700000:70
D/SEC PowerHAL( 4122): sysfs_write +: /sys/devices/system/cpu/cpu4/cpufreq/interactive/above_hispeed_delay: 19000
D/SEC PowerHAL( 4122): sysfs_write -: /sys/devices/system/cpu/cpu4/cpufreq/interactive/above_hispeed_delay: 19000
D/SEC PowerHAL( 4122): sysfs_write +: /sys/devices/system/cpu/cpu4/cpufreq/interactive/param_index: 3
D/SEC PowerHAL( 4122): sysfs_write -: /sys/devices/system/cpu/cpu4/cpufreq/interactive/param_index: 3
D/SEC PowerHAL( 4122): sysfs_write +: /sys/devices/system/cpu/cpu4/cpufreq/interactive/timer_rate: 20000
D/SEC PowerHAL( 4122): sysfs_write -: /sys/devices/system/cpu/cpu4/cpufreq/interactive/timer_rate: 20000
D/SEC PowerHAL( 4122): sysfs_write +: /sys/devices/system/cpu/cpu4/cpufreq/interactive/min_sample_time: 99000
D/SEC PowerHAL( 4122): sysfs_write -: /sys/devices/system/cpu/cpu4/cpufreq/interactive/min_sample_time: 99000
D/SEC PowerHAL( 4122): sysfs_write +: /sys/devices/system/cpu/cpu4/cpufreq/interactive/hispeed_freq: 1600000
D/SEC PowerHAL( 4122): sysfs_write -: /sys/devices/system/cpu/cpu4/cpufreq/interactive/hispeed_freq: 1600000
D/SEC PowerHAL( 4122): sysfs_write +: /sys/devices/system/cpu/cpu4/cpufreq/interactive/go_hispeed_load: 85
D/SEC PowerHAL( 4122): sysfs_write -: /sys/devices/system/cpu/cpu4/cpufreq/interactive/go_hispeed_load: 85
D/SEC PowerHAL( 4122): sysfs_write +: /sys/devices/system/cpu/cpu4/cpufreq/interactive/target_loads: 60 1300000:63 1500000:65 1900000:70
D/SEC PowerHAL( 4122): sysfs_write -: /sys/devices/system/cpu/cpu4/cpufreq/interactive/target_loads: 60 1300000:63 1500000:65 1900000:70
D/SEC PowerHAL( 4122): sysfs_write +: /sys/devices/system/cpu/cpu4/cpufreq/interactive/above_hispeed_delay: 19000
D/SEC PowerHAL( 4122): sysfs_write -: /sys/devices/system/cpu/cpu4/cpufreq/interactive/above_hispeed_delay: 19000
D/SEC PowerHAL( 4122): sysfs_write +: /sys/devices/system/cpu/cpu4/cpufreq/interactive/param_index: 0
D/SEC PowerHAL( 4122): sysfs_write -: /sys/devices/system/cpu/cpu4/cpufreq/interactive/param_index: 0
W/libsuspend( 4122): Error writing 'on' to /sys/power/state: Invalid argument
I/libsuspend( 4122): Selected wakeup count
I/SystemServiceManager( 4122): Starting com.android.server.display.DisplayManagerService
I/SystemServiceManager( 4122): Starting phase 100
I/DisplayManagerService( 4122): Display device added: DisplayDeviceInfo{"Built-in Screen": 1080 x 1920, 60.000004 fps, supportedRefreshRates [60.000004], density 480, 422.03 x 424.069 dpi, appVsyncOff 0, presDeadline 17666666, touch INTERNAL, rotation 0, type BUILT_IN, state UNKNOWN, FLAG_DEFAULT_DISPLAY, FLAG_ROTATES_WITH_CONTENT, FLAG_SECURE, FLAG_SUPPORTS_PROTECTED_BUFFERS}
I/SystemServer( 4122): Package Manager
W/PackageManager( 4122): No security bridge jar found, using default
W/SystemConfig( 4122): No directory /system/etc/sysconfig, skipping
D/SELinuxMMAC( 4122): Using policy file /system/etc/security/mac_permissions.xml
E/art     ( 4122): DexFile_isDexOptNeeded file '/system/framework/com.android.nfc_extras.jar' does not exist
W/PackageManager( 4122): Library not found: /system/framework/com.android.nfc_extras.jar
D/PackageManager( 4122): No files in app dir /vendor/overlay
W/PackageManager( 4122): Failed to parse /system/framework/arm: Missing base APK in /system/framework/arm
W/ResourceType( 4122): Failure getting entry for 0x7f0b023e (t=10 e=574) (error -75)
W/PackageParser( 4122): No actions in intent filter at /system/priv-app/Contacts/Contacts.apk Binary XML file line #362
W/PackageParser( 4122): No actions in intent filter at /system/priv-app/Dialer/Dialer.apk Binary XML file line #185
D/wrapperGPS( 3702): wrapperConnect_RILD
E/MediaPlayerFactory( 3694): calling dlopen on FACTORY_LIB
E/MediaPlayerFactory( 3694): Failed to open FACTORY_LIB Error : dlopen failed: library "libdashplayer.so" not found 
I/CameraService( 3694): CameraService started (pid=3694)
E/HAL     ( 3694): load: module=/system/lib/hw/camera.universal5422.so
E/HAL     ( 3694): dlopen failed: could not load library "libexynoscamera.so" needed by "camera.universal5422.so"; caused by cannot locate symbol "_ZN7android16CameraParameters17EFFECT_POINT_BLUEE" referenced by "libexynoscamera.so"...
E/CameraService( 3694): Could not load camera HAL module
I/AudioPolicyService( 3694): AudioPolicyService CSTOR in new mode
I/AudioPolicyManager( 3694): loadAudioPolicyConfig() loaded /system/etc/audio_policy.conf
W/linker  ( 3694): lib_Samsung_AudioZoom_v102.so has text relocations. This is wasting memory and prevents security hardening. Please fix.
E/HAL     ( 3694): load: module=/system/lib/hw/audio.primary.universal5422.so
E/HAL     ( 3694): dlopen failed: cannot locate symbol "mixer_update" referenced by "audio.primary.universal5422.so"...
E/AudioFlinger( 3694): int android::load_audio_interface(const char*, audio_hw_device_t**) couldn't load audio hw module audio.primary (Invalid argument)
I/AudioFlinger( 3694): loadHwModule() error -22 loading module primary 
W/AudioPolicyManager( 3694): could not open HW module primary
I/audio_a2dp_hw( 3694): adev_open:  adev_open in A2dp_hw module
I/AudioFlinger( 3694): loadHwModule() Loaded a2dp audio interface from A2DP Audio HW HAL (audio) handle 1
I/AudioFlinger( 3694): loadHwModule() Loaded usb audio interface from USB audio HW HAL (audio) handle 2
I/r_submix( 3694): adev_open(name=audio_hw_if)
I/r_submix( 3694): adev_init_check()
I/AudioFlinger( 3694): loadHwModule() Loaded r_submix audio interface from Wifi Display audio HAL (audio) handle 3
D/r_submix( 3694): adev_open_input_stream()
D/r_submix( 3694): submix_audio_device_create_pipe()
E/MonoPipe( 3694): Failed to fetch local time frequency when constructing a MonoPipe (res = -32).  getNextWriteTimestamp calls will be non-functional
W/ResourceType( 4122): Failure getting entry for 0x7f08033e (t=7 e=830) (error -75)
W/PackageParser( 4122): No actions in intent filter at /system/app/Bluetooth/Bluetooth.apk Binary XML file line #229
W/PackageParser( 4122): No actions in intent filter at /system/app/CMFileManager/CMFileManager.apk Binary XML file line #155
W/PackageParser( 4122): Unknown element under <application>: permission at /system/app/Gallery2/Gallery2.apk Binary XML file line #273
W/PackageParser( 4122): Unknown element under <application>: permission at /system/app/Gallery2/Gallery2.apk Binary XML file line #276
D/wrapperGPS( 3702): wrapperConnect_RILD
W/PackageManager( 4122): Failed to parse /system/app/mcRegistry: Missing base APK in /system/app/mcRegistry
D/PackageManager( 4122): No files in app dir /system/vendor/app
D/PackageManager( 4122): No files in app dir /oem/app
D/PackageManager( 4122): No files in app dir /vendor/bundled-app
W/PackageManager( 4122): Failed to parse /data/app/mcRegistry: No packages found in split
D/PackageManager( 4122): No files in app dir /data/app-private
W/PackageManager( 4122): Package com.android.gallery3d desires unavailable shared library com.google.android.media.effects; ignoring!
W/PackageManager( 4122): Package com.android.gallery3d desires unavailable shared library com.google.android.media.effects; ignoring!
E/PackageManager( 4122): updateAllSharedLibrariesLPw failed: Package com.android.dialer requires unavailable shared library com.qualcomm.qti.smartsearch; failing!
W/PackageManager( 4122): Package com.android.calculator2 desires unavailable shared library com.sec.android.app.multiwindow; ignoring!
W/PackageManager( 4122): Package com.android.mms desires unavailable shared library com.qrd.wappush; ignoring!
I/PackageManager( 4122): Adjusting ABI for : com.cyanogenmod.setupwizard to armeabi-v7a
I/PackageManager( 4122): Adjusting ABI for : com.android.providers.settings to armeabi-v7a
I/PackageManager( 4122): Adjusting ABI for : com.android.inputdevices to armeabi-v7a
I/PackageManager( 4122): Adjusting ABI for : com.android.settings to armeabi-v7a
I/PackageManager( 4122): Adjusting ABI for : com.android.keychain to armeabi-v7a
I/PackageManager( 4122): Adjusting ABI for : com.android.development to armeabi-v7a
I/PackageManager( 4122): Adjusting ABI for : com.android.location.fused to armeabi-v7a
I/PackageManager( 4122): Time to scan packages: 1.631 seconds
W/PackageManager( 4122): Unknown permission com.google.android.googleapps.permission.GOOGLE_AUTH.mail in package com.android.calendar
W/PackageManager( 4122): Unknown permission com.qualcomm.permission.USE_PHONE_SERVICE in package com.android.dialer
W/PackageManager( 4122): Unknown permission android.permission.ACCESS_SUPERUSER in package com.cyanogenmod.filemanager
W/PackageManager( 4122): Unknown permission com.cyanogenmod.filemanager.permissions.READ_THEME in package com.cyanogenmod.filemanager
W/PackageManager( 4122): Unknown permission com.cyngn.cmstats.SEND_ANALYTICS in package com.cyanogenmod.setupwizard
W/PackageManager( 4122): Unknown permission com.google.android.gallery3d.permission.PICASA_STORE in package com.android.dreams.phototable
W/PackageManager( 4122): Unknown permission com.google.android.googleapps.permission.GOOGLE_AUTH in package com.android.settings
W/PackageManager( 4122): Unknown permission com.android.launcher.permission.READ_SETTINGS in package com.android.settings
W/PackageManager( 4122): Unknown permission com.android.launcher.permission.WRITE_SETTINGS in package com.android.settings
