I/FFMPEG  ( 3692):   Duration: 00:00:13.33, start: 0.000000, bitrate: 135 kb/s
I/FFMPEG  ( 3692):     Stream #0:0: Audio: vorbis, 44100 Hz, stereo, fltp, 192 kb/s
I/FFMPEG  ( 3692):     Metadata:
I/FFMPEG  ( 3692):       TITLE           : Argo Navis
D/FFmpegExtractor( 3692): FFmpegExtrator, url: android-source:0xb452c240, format_name: ogg, format_long_name: Ogg
I/FFmpegExtractor( 3692): adjust mime(application/ogg -> audio/vorbis)
D/FFmpegExtractor( 3692): suppoted codec(vorbis) by official Stagefright
D/FFmpegExtractor( 3692): ffmpeg detected media content as 'audio/vorbis' with confidence 0.08
D/WVMDrmPlugIn( 3691): WVMDrmPlugin::onInitialize : 5820
D/WVMDrmPlugIn( 3691): WVMDrmPlugin::onSetOnInfoListener : add 5820
D/WVMDrmPlugIn( 3691): WVMDrmPlugin::onTerminate : 5820
I/FFmpegExtractor( 3692): android-source:0xb0c984c0
I/FFMPEG  ( 3692): Input #0, ogg, from 'android-source:0xb0c984c0':
I/FFMPEG  ( 3692):   Duration: 00:00:07.29, start: 0.000000, bitrate: 252 kb/s
I/FFMPEG  ( 3692):     Stream #0:0: Audio: vorbis, 44100 Hz, stereo, fltp, 224 kb/s
I/FFMPEG  ( 3692):     Metadata:
I/FFMPEG  ( 3692):       ANDROID_LOOP    : true
I/FFMPEG  ( 3692):       TITLE           : Atria
D/FFmpegExtractor( 3692): FFmpegExtrator, url: android-source:0xb0c984c0, format_name: ogg, format_long_name: Ogg
I/FFmpegExtractor( 3692): adjust mime(application/ogg -> audio/vorbis)
D/FFmpegExtractor( 3692): suppoted codec(vorbis) by official Stagefright
D/FFmpegExtractor( 3692): ffmpeg detected media content as 'audio/vorbis' with confidence 0.08
D/WVMDrmPlugIn( 3691): WVMDrmPlugin::onInitialize : 4816
D/WVMDrmPlugIn( 3691): WVMDrmPlugin::onSetOnInfoListener : add 4816
D/WVMDrmPlugIn( 3691): WVMDrmPlugin::onTerminate : 4816
I/FFmpegExtractor( 3692): android-source:0xb0c986f0
I/FFMPEG  ( 3692): Input #0, ogg, from 'android-source:0xb0c986f0':
I/FFMPEG  ( 3692):   Duration: 00:00:03.00, start: 0.000000, bitrate: 70 kb/s
I/FFMPEG  ( 3692):     Stream #0:0: Audio: vorbis, 44100 Hz, mono, fltp, 80 kb/s
I/FFMPEG  ( 3692):     Metadata:
I/FFMPEG  ( 3692):       ANDROID_LOOP    : true
I/FFMPEG  ( 3692):       track           : 2d302cR
I/FFMPEG  ( 3692):       TITLE           : Bootes
I/FFMPEG  ( 3692):       ARTIST          : pdx
D/FFmpegExtractor( 3692): FFmpegExtrator, url: android-source:0xb0c986f0, format_name: ogg, format_long_name: Ogg
I/FFmpegExtractor( 3692): adjust mime(application/ogg -> audio/vorbis)
D/FFmpegExtractor( 3692): suppoted codec(vorbis) by official Stagefright
D/FFmpegExtractor( 3692): ffmpeg detected media content as 'audio/vorbis' with confidence 0.08
D/WVMDrmPlugIn( 3691): WVMDrmPlugin::onInitialize : 6343
D/WVMDrmPlugIn( 3691): WVMDrmPlugin::onSetOnInfoListener : add 6343
D/WVMDrmPlugIn( 3691): WVMDrmPlugin::onTerminate : 6343
I/FFmpegExtractor( 3692): android-source:0xb0c98a10
I/FFMPEG  ( 3692): Input #0, ogg, from 'android-source:0xb0c98a10':
I/FFMPEG  ( 3692):   Duration: 00:00:03.61, start: 0.000000, bitrate: 79 kb/s
I/FFMPEG  ( 3692):     Stream #0:0: Audio: vorbis, 44100 Hz, mono, fltp, 75 kb/s
I/FFMPEG  ( 3692):     Metadata:
I/FFMPEG  ( 3692):       ANDROID_LOOP    : true
I/FFMPEG  ( 3692):       COPYRIGHT       : (c) Copyright 2009 Android Open Source Project
I/FFMPEG  ( 3692):       TITLE           : Backroad
I/FFMPEG  ( 3692):       ARTIST          : Dr. Mad
D/FFmpegExtractor( 3692): FFmpegExtrator, url: android-source:0xb0c98a10, format_name: ogg, format_long_name: Ogg
I/FFmpegExtractor( 3692): adjust mime(application/ogg -> audio/vorbis)
D/FFmpegExtractor( 3692): suppoted codec(vorbis) by official Stagefright
D/FFmpegExtractor( 3692): ffmpeg detected media content as 'audio/vorbis' with confidence 0.08
D/WVMDrmPlugIn( 3691): WVMDrmPlugin::onInitialize : 4360
D/WVMDrmPlugIn( 3691): WVMDrmPlugin::onSetOnInfoListener : add 4360
D/WVMDrmPlugIn( 3691): WVMDrmPlugin::onTerminate : 4360
I/FFmpegExtractor( 3692): android-source:0xb0c98b50
I/FFMPEG  ( 3692): Input #0, ogg, from 'android-source:0xb0c98b50':
I/FFMPEG  ( 3692):   Duration: 00:00:04.00, start: 0.000000, bitrate: 56 kb/s
I/FFMPEG  ( 3692):     Stream #0:0: Audio: vorbis, 44100 Hz, mono, fltp, 48 kb/s
I/FFMPEG  ( 3692):     Metadata:
I/FFMPEG  ( 3692):       ARTIST          : Dr. MAD
I/FFMPEG  ( 3692):       TITLE           : Beat Plucker
I/FFMPEG  ( 3692):       ANDROID_LOOP    : true
D/FFmpegExtractor( 3692): FFmpegExtrator, url: android-source:0xb0c98b50, format_name: ogg, format_long_name: Ogg
I/FFmpegExtractor( 3692): adjust mime(application/ogg -> audio/vorbis)
D/FFmpegExtractor( 3692): suppoted codec(vorbis) by official Stagefright
D/FFmpegExtractor( 3692): ffmpeg detected media content as 'audio/vorbis' with confidence 0.08
D/WVMDrmPlugIn( 3691): WVMDrmPlugin::onInitialize : 4902
D/WVMDrmPlugIn( 3691): WVMDrmPlugin::onSetOnInfoListener : add 4902
D/WVMDrmPlugIn( 3691): WVMDrmPlugin::onTerminate : 4902
I/FFmpegExtractor( 3692): android-source:0xb0c98c40
I/FFMPEG  ( 3692): Input #0, ogg, from 'android-source:0xb0c98c40':
I/FFMPEG  ( 3692):   Duration: 00:00:04.44, start: 0.000000, bitrate: 55 kb/s
I/FFMPEG  ( 3692):     Stream #0:0: Audio: vorbis, 44100 Hz, mono, fltp, 48 kb/s
I/FFMPEG  ( 3692):     Metadata:
I/FFMPEG  ( 3692):       ARTIST          : Dr. MAD
I/FFMPEG  ( 3692):       TITLE           : Bentley Dubs
I/FFMPEG  ( 3692):       ANDROID_LOOP    : true
D/FFmpegExtractor( 3692): FFmpegExtrator, url: android-source:0xb0c98c40, format_name: ogg, format_long_name: Ogg
I/FFmpegExtractor( 3692): adjust mime(application/ogg -> audio/vorbis)
D/FFmpegExtractor( 3692): suppoted codec(vorbis) by official Stagefright
D/FFmpegExtractor( 3692): ffmpeg detected media content as 'audio/vorbis' with confidence 0.08
D/WVMDrmPlugIn( 3691): WVMDrmPlugin::onInitialize : 4373
D/WVMDrmPlugIn( 3691): WVMDrmPlugin::onSetOnInfoListener : add 4373
D/WVMDrmPlugIn( 3691): WVMDrmPlugin::onTerminate : 4373
I/FFmpegExtractor( 3692): android-source:0xb0c98d30
I/FFMPEG  ( 3692): Input #0, ogg, from 'android-source:0xb0c98d30':
I/FFMPEG  ( 3692):   Duration: 00:00:04.80, start: 0.000000, bitrate: 77 kb/s
I/FFMPEG  ( 3692):     Stream #0:0: Audio: vorbis, 44100 Hz, mono, fltp, 70 kb/s
I/FFMPEG  ( 3692):     Metadata:
I/FFMPEG  ( 3692):       ANDROID_LOOP    : true
I/FFMPEG  ( 3692):       TITLE           : Big Easy
I/FFMPEG  ( 3692):       ARTIST          : Dr. Mad
D/FFmpegExtractor( 3692): FFmpegExtrator, url: android-source:0xb0c98d30, format_name: ogg, format_long_name: Ogg
I/FFmpegExtractor( 3692): adjust mime(application/ogg -> audio/vorbis)
D/FFmpegExtractor( 3692): suppoted codec(vorbis) by official Stagefright
D/FFmpegExtractor( 3692): ffmpeg detected media content as 'audio/vorbis' with confidence 0.08
D/WVMDrmPlugIn( 3691): WVMDrmPlugin::onInitialize : 6720
D/WVMDrmPlugIn( 3691): WVMDrmPlugin::onSetOnInfoListener : add 6720
D/WVMDrmPlugIn( 3691): WVMDrmPlugin::onTerminate : 6720
I/FFmpegExtractor( 3692): android-source:0xb0c98e70
I/FFMPEG  ( 3692): Input #0, ogg, from 'android-source:0xb0c98e70':
I/FFMPEG  ( 3692):   Duration: 00:00:05.85, start: 0.000000, bitrate: 57 kb/s
I/FFMPEG  ( 3692):     Stream #0:0: Audio: vorbis, 44100 Hz, mono, fltp, 48 kb/s
I/FFMPEG  ( 3692):     Metadata:
I/FFMPEG  ( 3692):       ARTIST          : Dr. MAD
I/FFMPEG  ( 3692):       TITLE           : Bird Loop
I/FFMPEG  ( 3692):       ANDROID_LOOP    : true
D/FFmpegExtractor( 3692): FFmpegExtrator, url: android-source:0xb0c98e70, format_name: ogg, format_long_name: Ogg
I/FFmpegExtractor( 3692): adjust mime(application/ogg -> audio/vorbis)
D/FFmpegExtractor( 3692): suppoted codec(vorbis) by official Stagefright
D/FFmpegExtractor( 3692): ffmpeg detected media content as 'audio/vorbis' with confidence 0.08
D/WVMDrmPlugIn( 3691): WVMDrmPlugin::onInitialize : 4952
D/WVMDrmPlugIn( 3691): WVMDrmPlugin::onSetOnInfoListener : add 4952
D/WVMDrmPlugIn( 3691): WVMDrmPlugin::onTerminate : 4952
I/FFmpegExtractor( 3692): android-source:0xb0c98f60
I/FFMPEG  ( 3692): Input #0, ogg, from 'android-source:0xb0c98f60':
I/FFMPEG  ( 3692):   Duration: 00:00:04.21, start: 0.000000, bitrate: 74 kb/s
I/FFMPEG  ( 3692):     Stream #0:0: Audio: vorbis, 44100 Hz, mono, fltp, 70 kb/s
I/FFMPEG  ( 3692):     Metadata:
I/FFMPEG  ( 3692):       ANDROID_LOOP    : true
I/FFMPEG  ( 3692):       TITLE           : Bollywood
I/FFMPEG  ( 3692):       ARTIST          : Dr. Mad
D/FFmpegExtractor( 3692): FFmpegExtrator, url: android-source:0xb0c98f60, format_name: ogg, format_long_name: Ogg
I/FFmpegExtractor( 3692): adjust mime(application/ogg -> audio/vorbis)
D/FFmpegExtractor( 3692): suppoted codec(vorbis) by official Stagefright
D/FFmpegExtractor( 3692): ffmpeg detected media content as 'audio/vorbis' with confidence 0.08
D/WVMDrmPlugIn( 3691): WVMDrmPlugin::onInitialize : 7628
D/WVMDrmPlugIn( 3691): WVMDrmPlugin::onSetOnInfoListener : add 7628
D/WVMDrmPlugIn( 3691): WVMDrmPlugin::onTerminate : 7628
I/FFmpegExtractor( 3692): android-source:0xb0c98e70
I/FFMPEG  ( 3692): Input #0, ogg, from 'android-source:0xb0c98e70':
I/FFMPEG  ( 3692):   Duration: 00:00:29.15, start: 0.000000, bitrate: 195 kb/s
I/FFMPEG  ( 3692):     Stream #0:0: Audio: vorbis, 44100 Hz, stereo, fltp, 192 kb/s
I/FFMPEG  ( 3692):     Metadata:
I/FFMPEG  ( 3692):       TITLE           : Boxbeat
I/FFMPEG  ( 3692):       ENCODER         : FL Studio
D/FFmpegExtractor( 3692): FFmpegExtrator, url: android-source:0xb0c98e70, format_name: ogg, format_long_name: Ogg
I/FFmpegExtractor( 3692): adjust mime(application/ogg -> audio/vorbis)
D/FFmpegExtractor( 3692): suppoted codec(vorbis) by official Stagefright
D/FFmpegExtractor( 3692): ffmpeg detected media content as 'audio/vorbis' with confidence 0.08
D/WVMDrmPlugIn( 3691): WVMDrmPlugin::onInitialize : 7782
D/WVMDrmPlugIn( 3691): WVMDrmPlugin::onSetOnInfoListener : add 7782
D/WVMDrmPlugIn( 3691): WVMDrmPlugin::onTerminate : 7782
I/FFmpegExtractor( 3692): android-source:0xb0c98dd0
I/FFMPEG  ( 3692): Input #0, ogg, from 'android-source:0xb0c98dd0':
I/FFMPEG  ( 3692):   Duration: 00:00:04.90, start: 0.000000, bitrate: 79 kb/s
I/FFMPEG  ( 3692):     Stream #0:0: Audio: vorbis, 44100 Hz, mono, fltp, 75 kb/s
I/FFMPEG  ( 3692):     Metadata:
I/FFMPEG  ( 3692):       COPYRIGHT       : Copyright (c) 2009 Android Open Source Project
I/FFMPEG  ( 3692):       ANDROID_LOOP    : true
I/FFMPEG  ( 3692):       TITLE           : Bus' a Move
I/FFMPEG  ( 3692):       ARTIST          : Dr. Mad
D/FFmpegExtractor( 3692): FFmpegExtrator, url: android-source:0xb0c98dd0, format_name: ogg, format_long_name: Ogg
I/FFmpegExtractor( 3692): adjust mime(application/ogg -> audio/vorbis)
D/FFmpegExtractor( 3692): suppoted codec(vorbis) by official Stagefright
D/FFmpegExtractor( 3692): ffmpeg detected media content as 'audio/vorbis' with confidence 0.08
D/WVMDrmPlugIn( 3691): WVMDrmPlugin::onInitialize : 6415
D/WVMDrmPlugIn( 3691): WVMDrmPlugin::onSetOnInfoListener : add 6415
D/WVMDrmPlugIn( 3691): WVMDrmPlugin::onTerminate : 6415
I/FFmpegExtractor( 3692): android-source:0xb0c98c40
I/FFMPEG  ( 3692): Input #0, ogg, from 'android-source:0xb0c98c40':
I/FFMPEG  ( 3692):   Duration: 00:00:04.00, start: 0.000000, bitrate: 63 kb/s
I/FFMPEG  ( 3692):     Stream #0:0: Audio: vorbis, 44100 Hz, mono, fltp, 80 kb/s
I/FFMPEG  ( 3692):     Metadata:
I/FFMPEG  ( 3692):       ANDROID_LOOP    : true
I/FFMPEG  ( 3692):       track           : 2d_rr12_tonyStark
I/FFMPEG  ( 3692):       TITLE           : Cassiopeia
I/FFMPEG  ( 3692):       ARTIST          : pdx
D/FFmpegExtractor( 3692): FFmpegExtrator, url: android-source:0xb0c98c40, format_name: ogg, format_long_name: Ogg
I/FFmpegExtractor( 3692): adjust mime(application/ogg -> audio/vorbis)
D/FFmpegExtractor( 3692): suppoted codec(vorbis) by official Stagefright
D/FFmpegExtractor( 3692): ffmpeg detected media content as 'audio/vorbis' with confidence 0.08
D/WVMDrmPlugIn( 3691): WVMDrmPlugin::onInitialize : 6600
D/WVMDrmPlugIn( 3691): WVMDrmPlugin::onSetOnInfoListener : add 6600
D/WVMDrmPlugIn( 3691): WVMDrmPlugin::onTerminate : 6600
I/FFmpegExtractor( 3692): android-source:0xb0c98bf0
I/FFMPEG  ( 3692): Input #0, ogg, from 'android-source:0xb0c98bf0':
I/FFMPEG  ( 3692):   Duration: 00:00:04.17, start: 0.000000, bitrate: 72 kb/s
I/FFMPEG  ( 3692):     Stream #0:0: Audio: vorbis, 44100 Hz, mono, fltp, 70 kb/s
I/FFMPEG  ( 3692):     Metadata:
I/FFMPEG  ( 3692):       ANDROID_LOOP    : true
I/FFMPEG  ( 3692):       TITLE           : Cairo
I/FFMPEG  ( 3692):       ARTIST          : Dr. Mad
D/FFmpegExtractor( 3692): FFmpegExtrator, url: android-source:0xb0c98bf0, format_name: ogg, format_long_name: Ogg
I/FFmpegExtractor( 3692): adjust mime(application/ogg -> audio/vorbis)
D/FFmpegExtractor( 3692): suppoted codec(vorbis) by official Stagefright
D/FFmpegExtractor( 3692): ffmpeg detected media content as 'audio/vorbis' with confidence 0.08
D/WVMDrmPlugIn( 3691): WVMDrmPlugin::onInitialize : 4200
D/WVMDrmPlugIn( 3691): WVMDrmPlugin::onSetOnInfoListener : add 4200
D/WVMDrmPlugIn( 3691): WVMDrmPlugin::onTerminate : 4200
I/FFmpegExtractor( 3692): android-source:0xb452c240
I/FFMPEG  ( 3692): Input #0, ogg, from 'android-source:0xb452c240':
I/FFMPEG  ( 3692):   Duration: 00:00:12.79, start: 0.000000, bitrate: 253 kb/s
I/FFMPEG  ( 3692):     Stream #0:0: Audio: vorbis, 44100 Hz, stereo, fltp, 224 kb/s
I/FFMPEG  ( 3692):     Metadata:
I/FFMPEG  ( 3692):       ANDROID_LOOP    : true
I/FFMPEG  ( 3692):       TITLE           : Callisto
D/FFmpegExtractor( 3692): FFmpegExtrator, url: android-source:0xb452c240, format_name: ogg, format_long_name: Ogg
I/FFmpegExtractor( 3692): adjust mime(application/ogg -> audio/vorbis)
D/FFmpegExtractor( 3692): suppoted codec(vorbis) by official Stagefright
D/FFmpegExtractor( 3692): ffmpeg detected media content as 'audio/vorbis' with confidence 0.08
D/WVMDrmPlugIn( 3691): WVMDrmPlugin::onInitialize : 7890
D/WVMDrmPlugIn( 3691): WVMDrmPlugin::onSetOnInfoListener : add 7890
D/WVMDrmPlugIn( 3691): WVMDrmPlugin::onTerminate : 7890
I/FFmpegExtractor( 3692): android-source:0xb452c100
I/FFMPEG  ( 3692): Input #0, ogg, from 'android-source:0xb452c100':
I/FFMPEG  ( 3692):   Duration: 00:00:04.00, start: 0.000000, bitrate: 77 kb/s
I/FFMPEG  ( 3692):     Stream #0:0: Audio: vorbis, 44100 Hz, mono, fltp, 70 kb/s
I/FFMPEG  ( 3692):     Metadata:
I/FFMPEG  ( 3692):       ANDROID_LOOP    : true
I/FFMPEG  ( 3692):       TITLE           : Calypso Steel
I/FFMPEG  ( 3692):       ARTIST          : Dr. Mad
D/FFmpegExtractor( 3692): FFmpegExtrator, url: android-source:0xb452c100, format_name: ogg, format_long_name: Ogg
I/FFmpegExtractor( 3692): adjust mime(application/ogg -> audio/vorbis)
D/FFmpegExtractor( 3692): suppoted codec(vorbis) by official Stagefright
D/FFmpegExtractor( 3692): ffmpeg detected media content as 'audio/vorbis' with confidence 0.08
D/WVMDrmPlugIn( 3691): WVMDrmPlugin::onInitialize : 4214
D/WVMDrmPlugIn( 3691): WVMDrmPlugin::onSetOnInfoListener : add 4214
D/WVMDrmPlugIn( 3691): WVMDrmPlugin::onTerminate : 4214
I/FFmpegExtractor( 3692): android-source:0xb6055e70
I/FFMPEG  ( 3692): Input #0, ogg, from 'android-source:0xb6055e70':
I/FFMPEG  ( 3692):   Duration: 00:00:03.50, start: 0.000000, bitrate: 71 kb/s
I/FFMPEG  ( 3692):     Stream #0:0: Audio: vorbis, 44100 Hz, mono, fltp, 80 kb/s
I/FFMPEG  ( 3692):     Metadata:
I/FFMPEG  ( 3692):       ANDROID_LOOP    : true
I/FFMPEG  ( 3692):       TITLE           : Canis Major
D/FFmpegExtractor( 3692): FFmpegExtrator, url: android-source:0xb6055e70, format_name: ogg, format_long_name: Ogg
I/FFmpegExtractor( 3692): adjust mime(application/ogg -> audio/vorbis)
D/FFmpegExtractor( 3692): suppoted codec(vorbis) by official Stagefright
D/FFmpegExtractor( 3692): ffmpeg detected media content as 'audio/vorbis' with confidence 0.08
D/WVMDrmPlugIn( 3691): WVMDrmPlugin::onInitialize : 6116
D/WVMDrmPlugIn( 3691): WVMDrmPlugin::onSetOnInfoListener : add 6116
D/WVMDrmPlugIn( 3691): WVMDrmPlugin::onTerminate : 6116
I/FFmpegExtractor( 3692): android-source:0xb0dac240
I/FFMPEG  ( 3692): Input #0, ogg, from 'android-source:0xb0dac240':
I/FFMPEG  ( 3692):   Duration: 00:00:04.00, start: 0.000000, bitrate: 61 kb/s
I/FFMPEG  ( 3692):     Stream #0:0: Audio: vorbis, 44100 Hz, mono, fltp, 48 kb/s
I/FFMPEG  ( 3692):     Metadata:
I/FFMPEG  ( 3692):       ARTIST          : Dr. MAD
I/FFMPEG  ( 3692):       TITLE           : Caribbean Ice
D/FFmpegExtractor( 3692): FFmpegExtrator, url: android-source:0xb0dac240, format_name: ogg, format_long_name: Ogg
I/FFmpegExtractor( 3692): adjust mime(application/ogg -> audio/vorbis)
D/FFmpegExtractor( 3692): suppoted codec(vorbis) by official Stagefright
D/FFmpegExtractor( 3692): ffmpeg detected media content as 'audio/vorbis' with confidence 0.08
D/WVMDrmPlugIn( 3691): WVMDrmPlugin::onInitialize : 5685
D/WVMDrmPlugIn( 3691): WVMDrmPlugin::onSetOnInfoListener : add 5685
D/WVMDrmPlugIn( 3691): WVMDrmPlugin::onTerminate : 5685
I/FFmpegExtractor( 3692): android-source:0xb452c330
I/FFMPEG  ( 3692): Input #0, ogg, from 'android-source:0xb452c330':
I/FFMPEG  ( 3692):   Duration: 00:00:03.00, start: 0.000000, bitrate: 41 kb/s
I/FFMPEG  ( 3692):     Stream #0:0: Audio: vorbis, 44100 Hz, mono, fltp, 80 kb/s
I/FFMPEG  ( 3692):     Metadata:
I/FFMPEG  ( 3692):       ANDROID_LOOP    : true
I/FFMPEG  ( 3692):       TITLE           : Carina
D/FFmpegExtractor( 3692): FFmpegExtrator, url: android-source:0xb452c330, format_name: ogg, format_long_name: Ogg
I/FFmpegExtractor( 3692): adjust mime(application/ogg -> audio/vorbis)
D/FFmpegExtractor( 3692): suppoted codec(vorbis) by official Stagefright
D/FFmpegExtractor( 3692): ffmpeg detected media content as 'audio/vorbis' with confidence 0.08
D/WVMDrmPlugIn( 3691): WVMDrmPlugin::onInitialize : 5660
D/WVMDrmPlugIn( 3691): WVMDrmPlugin::onSetOnInfoListener : add 5660
D/WVMDrmPlugIn( 3691): WVMDrmPlugin::onTerminate : 5660
I/FFmpegExtractor( 3692): android-source:0xb0c98510
I/FFMPEG  ( 3692): Input #0, ogg, from 'android-source:0xb0c98510':
I/FFMPEG  ( 3692):   Duration: 00:00:04.00, start: 0.000000, bitrate: 55 kb/s
I/FFMPEG  ( 3692):     Stream #0:0: Audio: vorbis, 44100 Hz, mono, fltp, 80 kb/s
I/FFMPEG  ( 3692):     Metadata:
I/FFMPEG  ( 3692):       ANDROID_LOOP    : true
I/FFMPEG  ( 3692):       TITLE           : Centaurus
D/FFmpegExtractor( 3692): FFmpegExtrator, url: android-source:0xb0c98510, format_name: ogg, format_long_name: Ogg
I/FFmpegExtractor( 3692): adjust mime(application/ogg -> audio/vorbis)
D/FFmpegExtractor( 3692): suppoted codec(vorbis) by official Stagefright
D/FFmpegExtractor( 3692): ffmpeg detected media content as 'audio/vorbis' with confidence 0.08
D/WVMDrmPlugIn( 3691): WVMDrmPlugin::onInitialize : 7455
D/WVMDrmPlugIn( 3691): WVMDrmPlugin::onSetOnInfoListener : add 7455
D/WVMDrmPlugIn( 3691): WVMDrmPlugin::onTerminate : 7455
I/FFmpegExtractor( 3692): android-source:0xb420d1a0
I/FFMPEG  ( 3692): Input #0, ogg, from 'android-source:0xb420d1a0':
I/FFMPEG  ( 3692):   Duration: 00:00:04.36, start: 0.000000, bitrate: 73 kb/s
I/FFMPEG  ( 3692):     Stream #0:0: Audio: vorbis, 44100 Hz, mono, fltp, 70 kb/s
I/FFMPEG  ( 3692):     Metadata:
I/FFMPEG  ( 3692):       ANDROID_LOOP    : true
I/FFMPEG  ( 3692):       TITLE           : Champagne Edition
I/FFMPEG  ( 3692):       ARTIST          : Dr. Mad
D/FFmpegExtractor( 3692): FFmpegExtrator, url: android-source:0xb420d1a0, format_name: ogg, format_long_name: Ogg
I/FFmpegExtractor( 3692): adjust mime(application/ogg -> audio/vorbis)
D/FFmpegExtractor( 3692): suppoted codec(vorbis) by official Stagefright
D/FFmpegExtractor( 3692): ffmpeg detected media content as 'audio/vorbis' with confidence 0.08
D/WVMDrmPlugIn( 3691): WVMDrmPlugin::onInitialize : 6616
D/WVMDrmPlugIn( 3691): WVMDrmPlugin::onSetOnInfoListener : add 6616
D/WVMDrmPlugIn( 3691): WVMDrmPlugin::onTerminate : 6616
I/FFmpegExtractor( 3692): android-source:0xb452c8d0
I/FFMPEG  ( 3692): Input #0, ogg, from 'android-source:0xb452c8d0':
I/FFMPEG  ( 3692):   Duration: 00:00:04.00, start: 0.000000, bitrate: 74 kb/s
I/FFMPEG  ( 3692):     Stream #0:0: Audio: vorbis, 44100 Hz, mono, fltp, 70 kb/s
I/FFMPEG  ( 3692):     Metadata:
I/FFMPEG  ( 3692):       ANDROID_LOOP    : true
I/FFMPEG  ( 3692):       TITLE           : Club Cubano
I/FFMPEG  ( 3692):       ARTIST          : Dr. Mad
D/FFmpegExtractor( 3692): FFmpegExtrator, url: android-source:0xb452c8d0, format_name: ogg, format_long_name: Ogg
I/FFmpegExtractor( 3692): adjust mime(application/ogg -> audio/vorbis)
D/FFmpegExtractor( 3692): suppoted codec(vorbis) by official Stagefright
D/FFmpegExtractor( 3692): ffmpeg detected media content as 'audio/vorbis' with confidence 0.08
D/WVMDrmPlugIn( 3691): WVMDrmPlugin::onInitialize : 7568
D/WVMDrmPlugIn( 3691): WVMDrmPlugin::onSetOnInfoListener : add 7568
D/WVMDrmPlugIn( 3691): WVMDrmPlugin::onTerminate : 7568
I/FFmpegExtractor( 3692): android-source:0xb452cbf0
I/FFMPEG  ( 3692): Input #0, ogg, from 'android-source:0xb452cbf0':
I/FFMPEG  ( 3692):   Duration: 00:00:03.56, start: 0.000000, bitrate: 85 kb/s
I/FFMPEG  ( 3692):     Stream #0:0: Audio: vorbis, 44100 Hz, mono, fltp, 75 kb/s
I/FFMPEG  ( 3692):     Metadata:
I/FFMPEG  ( 3692):       COPYRIGHT       : Copyright (c) 2009 Android Open Source Project
I/FFMPEG  ( 3692):       ANDROID_LOOP    : true
I/FFMPEG  ( 3692):       TITLE           : Crayon Rock
I/FFMPEG  ( 3692):       ARTIST          : Dr. Mad
D/FFmpegExtractor( 3692): FFmpegExtrator, url: android-source:0xb452cbf0, format_name: ogg, format_long_name: Ogg
I/FFmpegExtractor( 3692): adjust mime(application/ogg -> audio/vorbis)
D/FFmpegExtractor( 3692): suppoted codec(vorbis) by official Stagefright
D/FFmpegExtractor( 3692): ffmpeg detected media content as 'audio/vorbis' with confidence 0.08
D/WVMDrmPlugIn( 3691): WVMDrmPlugin::onInitialize : 4803
D/WVMDrmPlugIn( 3691): WVMDrmPlugin::onSetOnInfoListener : add 4803
D/WVMDrmPlugIn( 3691): WVMDrmPlugin::onTerminate : 4803
I/FFmpegExtractor( 3692): android-source:0xb452cd30
I/FFMPEG  ( 3692): Input #0, ogg, from 'android-source:0xb452cd30':
I/FFMPEG  ( 3692):   Duration: 00:00:31.45, start: 0.000000, bitrate: 52 kb/s
I/FFMPEG  ( 3692):     Stream #0:0: Audio: vorbis, 44100 Hz, mono, fltp, 48 kb/s
I/FFMPEG  ( 3692):     Metadata:
I/FFMPEG  ( 3692):       ARTIST          : Dr. MAD
I/FFMPEG  ( 3692):       TITLE           : Crazy Dream
D/FFmpegExtractor( 3692): FFmpegExtrator, url: android-source:0xb452cd30, format_name: ogg, format_long_name: Ogg
I/FFmpegExtractor( 3692): adjust mime(application/ogg -> audio/vorbis)
D/FFmpegExtractor( 3692): suppoted codec(vorbis) by official Stagefright
D/FFmpegExtractor( 3692): ffmpeg detected media content as 'audio/vorbis' with confidence 0.08
D/WVMDrmPlugIn( 3691): WVMDrmPlugin::onInitialize : 6427
D/WVMDrmPlugIn( 3691): WVMDrmPlugin::onSetOnInfoListener : add 6427
D/WVMDrmPlugIn( 3691): WVMDrmPlugin::onTerminate : 6427
I/FFmpegExtractor( 3692): android-source:0xb452ce20
I/FFMPEG  ( 3692): Input #0, ogg, from 'android-source:0xb452ce20':
I/FFMPEG  ( 3692):   Duration: 00:00:04.00, start: 0.000000, bitrate: 61 kb/s
I/FFMPEG  ( 3692):     Stream #0:0: Audio: vorbis, 44100 Hz, mono, fltp, 48 kb/s
I/FFMPEG  ( 3692):     Metadata:
I/FFMPEG  ( 3692):       ARTIST          : Dr. MAD
I/FFMPEG  ( 3692):       TITLE           : Curve Ball Blend
I/FFMPEG  ( 3692):       ANDROID_LOOP    : true
D/FFmpegExtractor( 3692): FFmpegExtrator, url: android-source:0xb452ce20, format_name: ogg, format_long_name: Ogg
I/FFmpegExtractor( 3692): adjust mime(application/ogg -> audio/vorbis)
D/FFmpegExtractor( 3692): suppoted codec(vorbis) by official Stagefright
D/FFmpegExtractor( 3692): ffmpeg detected media content as 'audio/vorbis' with confidence 0.08
D/WVMDrmPlugIn( 3691): WVMDrmPlugin::onInitialize : 6323
D/WVMDrmPlugIn( 3691): WVMDrmPlugin::onSetOnInfoListener : add 6323
D/WVMDrmPlugIn( 3691): WVMDrmPlugin::onTerminate : 6323
I/FFmpegExtractor( 3692): android-source:0xb0dac4c0
I/FFMPEG  ( 3692): Input #0, ogg, from 'android-source:0xb0dac4c0':
I/FFMPEG  ( 3692):   Duration: 00:00:29.50, start: 0.000000, bitrate: 324 kb/s
I/FFMPEG  ( 3692):     Stream #0:0: Audio: vorbis, 44100 Hz, stereo, fltp, 320 kb/s
I/FFMPEG  ( 3692):     Metadata:
I/FFMPEG  ( 3692):       TITLE           : CyanTone
I/FFMPEG  ( 3692):       ENCODER         : FL Studio
D/FFmpegExtractor( 3692): FFmpegExtrator, url: android-source:0xb0dac4c0, format_name: ogg, format_long_name: Ogg
I/FFmpegExtractor( 3692): adjust mime(application/ogg -> audio/vorbis)
D/FFmpegExtractor( 3692): suppoted codec(vorbis) by official Stagefright
D/FFmpegExtractor( 3692): ffmpeg detected media content as 'audio/vorbis' with confidence 0.08
D/WVMDrmPlugIn( 3691): WVMDrmPlugin::onInitialize : 5045
D/WVMDrmPlugIn( 3691): WVMDrmPlugin::onSetOnInfoListener : add 5045
D/WVMDrmPlugIn( 3691): WVMDrmPlugin::onTerminate : 5045
I/FFmpegExtractor( 3692): android-source:0xb452cc90
I/FFMPEG  ( 3692): Input #0, ogg, from 'android-source:0xb452cc90':
E/WhisperPush( 5563): GcmRecurringRegistration
E/WhisperPush( 5563): java.io.IOException: SERVICE_NOT_AVAILABLE
E/WhisperPush( 5563): 	at com.google.android.gms.gcm.GoogleCloudMessaging.register(Unknown Source)
E/WhisperPush( 5563): 	at org.whispersystems.whisperpush.gcm.GcmHelper.getRegistrationId(GcmHelper.java:65)
E/WhisperPush( 5563): 	at org.whispersystems.whisperpush.WhisperPush$1.doInBackground(WhisperPush.java:52)
E/WhisperPush( 5563): 	at org.whispersystems.whisperpush.WhisperPush$1.doInBackground(WhisperPush.java:48)
E/WhisperPush( 5563): 	at android.os.AsyncTask$2.call(AsyncTask.java:288)
E/WhisperPush( 5563): 	at java.util.concurrent.FutureTask.run(FutureTask.java:237)
E/WhisperPush( 5563): 	at android.os.AsyncTask$SerialExecutor$1.run(AsyncTask.java:231)
E/WhisperPush( 5563): 	at java.util.concurrent.ThreadPoolExecutor.runWorker(ThreadPoolExecutor.java:1112)
E/WhisperPush( 5563): 	at java.util.concurrent.ThreadPoolExecutor$Worker.run(ThreadPoolExecutor.java:587)
E/WhisperPush( 5563): 	at java.lang.Thread.run(Thread.java:818)
I/FFMPEG  ( 3692):   Duration: 00:00:04.00, start: 0.000000, bitrate: 59 kb/s
I/FFMPEG  ( 3692):     Stream #0:0: Audio: vorbis, 44100 Hz, mono, fltp, 80 kb/s
I/FFMPEG  ( 3692):     Metadata:
I/FFMPEG  ( 3692):       ANDROID_LOOP    : true
I/FFMPEG  ( 3692):       TITLE           : Cygnus
D/FFmpegExtractor( 3692): FFmpegExtrator, url: android-source:0xb452cc90, format_name: ogg, format_long_name: Ogg
I/FFmpegExtractor( 3692): adjust mime(application/ogg -> audio/vorbis)
D/FFmpegExtractor( 3692): suppoted codec(vorbis) by official Stagefright
D/FFmpegExtractor( 3692): ffmpeg detected media content as 'audio/vorbis' with confidence 0.08
D/WVMDrmPlugIn( 3691): WVMDrmPlugin::onInitialize : 5942
D/WVMDrmPlugIn( 3691): WVMDrmPlugin::onSetOnInfoListener : add 5942
D/WVMDrmPlugIn( 3691): WVMDrmPlugin::onTerminate : 5942
I/FFmpegExtractor( 3692): android-source:0xb0b9d9c0
I/FFMPEG  ( 3692): Input #0, ogg, from 'android-source:0xb0b9d9c0':
I/FFMPEG  ( 3692):   Duration: 00:00:05.76, start: 0.000000, bitrate: 85 kb/s
I/FFMPEG  ( 3692):     Stream #0:0: Audio: vorbis, 44100 Hz, mono, fltp, 75 kb/s
I/FFMPEG  ( 3692):     Metadata:
I/FFMPEG  ( 3692):       COPYRIGHT       : Copyright (c) 2009 Android Open Source Project
I/FFMPEG  ( 3692):       ANDROID_LOOP    : true
I/FFMPEG  ( 3692):       TITLE           : Dancin' Fool
I/FFMPEG  ( 3692):       ARTIST          : Dr. Mad
D/FFmpegExtractor( 3692): FFmpegExtrator, url: android-source:0xb0b9d9c0, format_name: ogg, format_long_name: Ogg
I/FFmpegExtractor( 3692): adjust mime(application/ogg -> audio/vorbis)
D/FFmpegExtractor( 3692): suppoted codec(vorbis) by official Stagefright
D/FFmpegExtractor( 3692): ffmpeg detected media content as 'audio/vorbis' with confidence 0.08
D/WVMDrmPlugIn( 3691): WVMDrmPlugin::onInitialize : 4859
D/WVMDrmPlugIn( 3691): WVMDrmPlugin::onSetOnInfoListener : add 4859
D/WVMDrmPlugIn( 3691): WVMDrmPlugin::onTerminate : 4859
I/FFmpegExtractor( 3692): android-source:0xb6055f60
I/FFMPEG  ( 3692): Input #0, ogg, from 'android-source:0xb6055f60':
I/FFMPEG  ( 3692):   Duration: 00:00:12.00, start: 0.000000, bitrate: 229 kb/s
I/FFMPEG  ( 3692):     Stream #0:0: Audio: vorbis, 44100 Hz, stereo, fltp, 224 kb/s
I/FFMPEG  ( 3692):     Metadata:
I/FFMPEG  ( 3692):       ANDROID_LOOP    : true
I/FFMPEG  ( 3692):       TITLE           : Dione
D/FFmpegExtractor( 3692): FFmpegExtrator, url: android-source:0xb6055f60, format_name: ogg, format_long_name: Ogg
I/FFmpegExtractor( 3692): adjust mime(application/ogg -> audio/vorbis)
D/FFmpegExtractor( 3692): suppoted codec(vorbis) by official Stagefright
D/FFmpegExtractor( 3692): ffmpeg detected media content as 'audio/vorbis' with confidence 0.08
D/WVMDrmPlugIn( 3691): WVMDrmPlugin::onInitialize : 5082
D/WVMDrmPlugIn( 3691): WVMDrmPlugin::onSetOnInfoListener : add 5082
D/WVMDrmPlugIn( 3691): WVMDrmPlugin::onTerminate : 5082
I/FFmpegExtractor( 3692): android-source:0xb420d600
I/FFMPEG  ( 3692): Input #0, ogg, from 'android-source:0xb420d600':
I/FFMPEG  ( 3692):   Duration: 00:00:05.16, start: 0.000000, bitrate: 78 kb/s
I/FFMPEG  ( 3692):     Stream #0:0: Audio: vorbis, 44100 Hz, mono, fltp, 75 kb/s
I/FFMPEG  ( 3692):     Metadata:
I/FFMPEG  ( 3692):       COPYRIGHT       : Copyright (c) 2009 Android Open Source Project
I/FFMPEG  ( 3692):       ANDROID_LOOP    : true
I/FFMPEG  ( 3692):       TITLE           : Don' Mess Wiv It
I/FFMPEG  ( 3692):       ARTIST          : Dr. Mad
D/FFmpegExtractor( 3692): FFmpegExtrator, url: android-source:0xb420d600, format_name: ogg, format_long_name: Ogg
I/FFmpegExtractor( 3692): adjust mime(application/ogg -> audio/vorbis)
D/FFmpegExtractor( 3692): suppoted codec(vorbis) by official Stagefright
D/FFmpegExtractor( 3692): ffmpeg detected media content as 'audio/vorbis' with confidence 0.08
D/WVMDrmPlugIn( 3691): WVMDrmPlugin::onInitialize : 5985
D/WVMDrmPlugIn( 3691): WVMDrmPlugin::onSetOnInfoListener : add 5985
D/WVMDrmPlugIn( 3691): WVMDrmPlugin::onTerminate : 5985
I/FFmpegExtractor( 3692): android-source:0xb0c98e70
I/FFMPEG  ( 3692): Input #0, ogg, from 'android-source:0xb0c98e70':
I/FFMPEG  ( 3692):   Duration: 00:00:04.00, start: 0.000000, bitrate: 63 kb/s
I/FFMPEG  ( 3692):     Stream #0:0: Audio: vorbis, 44100 Hz, mono, fltp, 80 kb/s
I/FFMPEG  ( 3692):     Metadata:
I/FFMPEG  ( 3692):       ANDROID_LOOP    : true
I/FFMPEG  ( 3692):       TITLE           : Draco
D/FFmpegExtractor( 3692): FFmpegExtrator, url: android-source:0xb0c98e70, format_name: ogg, format_long_name: Ogg
I/FFmpegExtractor( 3692): adjust mime(application/ogg -> audio/vorbis)
D/FFmpegExtractor( 3692): suppoted codec(vorbis) by official Stagefright
D/FFmpegExtractor( 3692): ffmpeg detected media content as 'audio/vorbis' with confidence 0.08
D/WVMDrmPlugIn( 3691): WVMDrmPlugin::onInitialize : 5285
D/WVMDrmPlugIn( 3691): WVMDrmPlugin::onSetOnInfoListener : add 5285
D/WVMDrmPlugIn( 3691): WVMDrmPlugin::onTerminate : 5285
I/FFmpegExtractor( 3692): android-source:0xb0c98b50
I/FFMPEG  ( 3692): Input #0, ogg, from 'android-source:0xb0c98b50':
I/FFMPEG  ( 3692):   Duration: 00:00:26.67, start: 0.000000, bitrate: 52 kb/s
I/FFMPEG  ( 3692):     Stream #0:0: Audio: vorbis, 44100 Hz, mono, fltp, 48 kb/s
I/FFMPEG  ( 3692):     Metadata:
I/FFMPEG  ( 3692):       ARTIST          : Dr. MAD
I/FFMPEG  ( 3692):       TITLE           : Dream Theme
D/FFmpegExtractor( 3692): FFmpegExtrator, url: android-source:0xb0c98b50, format_name: ogg, format_long_name: Ogg
I/FFmpegExtractor( 3692): adjust mime(application/ogg -> audio/vorbis)
D/FFmpegExtractor( 3692): suppoted codec(vorbis) by official Stagefright
D/FFmpegExtractor( 3692): ffmpeg detected media content as 'audio/vorbis' with confidence 0.08
D/WVMDrmPlugIn( 3691): WVMDrmPlugin::onInitialize : 6476
D/WVMDrmPlugIn( 3691): WVMDrmPlugin::onSetOnInfoListener : add 6476
D/WVMDrmPlugIn( 3691): WVMDrmPlugin::onTerminate : 6476
I/FFmpegExtractor( 3692): android-source:0xb0c98380
I/FFMPEG  ( 3692): Input #0, ogg, from 'android-source:0xb0c98380':
I/FFMPEG  ( 3692):   Duration: 00:00:05.33, start: 0.000000, bitrate: 75 kb/s
I/FFMPEG  ( 3692):     Stream #0:0: Audio: vorbis, 44100 Hz, mono, fltp, 70 kb/s
I/FFMPEG  ( 3692):     Metadata:
I/FFMPEG  ( 3692):       ANDROID_LOOP    : true
I/FFMPEG  ( 3692):       TITLE           : Eastern Sky
I/FFMPEG  ( 3692):       ARTIST          : Dr. Mad
D/FFmpegExtractor( 3692): FFmpegExtrator, url: android-source:0xb0c98380, format_name: ogg, format_long_name: Ogg
I/FFmpegExtractor( 3692): adjust mime(application/ogg -> audio/vorbis)
D/FFmpegExtractor( 3692): suppoted codec(vorbis) by official Stagefright
D/FFmpegExtractor( 3692): ffmpeg detected media content as 'audio/vorbis' with confidence 0.08
I/GlobalDismissManager( 5208): no sender configured
D/AlertService( 5208): Beginning updateAlertNotification
D/AlertService( 5208): No fired or scheduled alerts
D/AlertService( 5208): Scheduling next alarm with AlarmScheduler. sEventReminderReceived: null
D/AlarmScheduler( 5208): No events found starting within 1 week.
D/WVMDrmPlugIn( 3691): WVMDrmPlugin::onInitialize : 7710
D/WVMDrmPlugIn( 3691): WVMDrmPlugin::onSetOnInfoListener : add 7710
D/WVMDrmPlugIn( 3691): WVMDrmPlugin::onTerminate : 7710
I/FFmpegExtractor( 3692): android-source:0xb420d510
I/FFMPEG  ( 3692): Input #0, ogg, from 'android-source:0xb420d510':
I/FFMPEG  ( 3692):   Duration: 00:00:06.62, start: 0.000000, bitrate: 74 kb/s
I/FFMPEG  ( 3692):     Stream #0:0: Audio: vorbis, 44100 Hz, mono, fltp, 75 kb/s
I/FFMPEG  ( 3692):     Metadata:
I/FFMPEG  ( 3692):       ANDROID_LOOP    : true
I/FFMPEG  ( 3692):       COPYRIGHT       : (c) Copyright 2009 Android Open Source Project
I/FFMPEG  ( 3692):       TITLE           : Enter the Nexus
I/FFMPEG  ( 3692):       ARTIST          : Dr. Mad
D/FFmpegExtractor( 3692): FFmpegExtrator, url: android-source:0xb420d510, format_name: ogg, format_long_name: Ogg
I/FFmpegExtractor( 3692): adjust mime(application/ogg -> audio/vorbis)
D/FFmpegExtractor( 3692): suppoted codec(vorbis) by official Stagefright
D/FFmpegExtractor( 3692): ffmpeg detected media content as 'audio/vorbis' with confidence 0.08
D/WVMDrmPlugIn( 3691): WVMDrmPlugin::onInitialize : 6005
D/WVMDrmPlugIn( 3691): WVMDrmPlugin::onSetOnInfoListener : add 6005
D/WVMDrmPlugIn( 3691): WVMDrmPlugin::onTerminate : 6005
I/FFmpegExtractor( 3692): android-source:0xb0b9d100
I/FFMPEG  ( 3692): Input #0, ogg, from 'android-source:0xb0b9d100':
I/FFMPEG  ( 3692):   Duration: 00:00:05.00, start: 0.000000, bitrate: 58 kb/s
I/FFMPEG  ( 3692):     Stream #0:0: Audio: vorbis, 44100 Hz, mono, fltp, 80 kb/s
I/FFMPEG  ( 3692):     Metadata:
I/FFMPEG  ( 3692):       ANDROID_LOOP    : true
I/FFMPEG  ( 3692):       TITLE           : Eridani
I/FFMPEG  ( 3692):       ARTIST          : Dr. MAD
D/FFmpegExtractor( 3692): FFmpegExtrator, url: android-source:0xb0b9d100, format_name: ogg, format_long_name: Ogg
I/FFmpegExtractor( 3692): adjust mime(application/ogg -> audio/vorbis)
D/FFmpegExtractor( 3692): suppoted codec(vorbis) by official Stagefright
D/FFmpegExtractor( 3692): ffmpeg detected media content as 'audio/vorbis' with confidence 0.08
D/WVMDrmPlugIn( 3691): WVMDrmPlugin::onInitialize : 4627
D/WVMDrmPlugIn( 3691): WVMDrmPlugin::onSetOnInfoListener : add 4627
D/WVMDrmPlugIn( 3691): WVMDrmPlugin::onTerminate : 4627
I/FFmpegExtractor( 3692): android-source:0xb452c8d0
I/FFMPEG  ( 3692): Input #0, ogg, from 'android-source:0xb452c8d0':
I/FFMPEG  ( 3692):   Duration: 00:00:04.00, start: 0.000000, bitrate: 63 kb/s
I/FFMPEG  ( 3692):     Stream #0:0: Audio: vorbis, 44100 Hz, mono, fltp, 48 kb/s
I/FFMPEG  ( 3692):     Metadata:
I/FFMPEG  ( 3692):       ARTIST          : Dr. MAD
I/FFMPEG  ( 3692):       TITLE           : Ether Shake
I/FFMPEG  ( 3692):       ANDROID_LOOP    : true
D/FFmpegExtractor( 3692): FFmpegExtrator, url: android-source:0xb452c8d0, format_name: ogg, format_long_name: Ogg
I/FFmpegExtractor( 3692): adjust mime(application/ogg -> audio/vorbis)
D/FFmpegExtractor( 3692): suppoted codec(vorbis) by official Stagefright
D/FFmpegExtractor( 3692): ffmpeg detected media content as 'audio/vorbis' with confidence 0.08
D/WVMDrmPlugIn( 3691): WVMDrmPlugin::onInitialize : 7974
D/WVMDrmPlugIn( 3691): WVMDrmPlugin::onSetOnInfoListener : add 7974
D/WVMDrmPlugIn( 3691): WVMDrmPlugin::onTerminate : 7974
I/FFmpegExtractor( 3692): android-source:0xb452c380
I/FFMPEG  ( 3692): Input #0, ogg, from 'android-source:0xb452c380':
I/FFMPEG  ( 3692):   Duration: 00:00:12.63, start: 0.000000, bitrate: 71 kb/s
I/FFMPEG  ( 3692):     Stream #0:0: Audio: vorbis, 44100 Hz, mono, fltp, 80 kb/s
I/FFMPEG  ( 3692):     Metadata:
I/FFMPEG  ( 3692):       COPYRIGHT       : (c) Copyright 2009 Android Open Source Project
I/FFMPEG  ( 3692):       ANDROID_LOOP    : true
I/FFMPEG  ( 3692):       TITLE           : Free Flight
I/FFMPEG  ( 3692):       ARTIST          : Dave Sparks
D/FFmpegExtractor( 3692): FFmpegExtrator, url: android-source:0xb452c380, format_name: ogg, format_long_name: Ogg
I/FFmpegExtractor( 3692): adjust mime(application/ogg -> audio/vorbis)
D/FFmpegExtractor( 3692): suppoted codec(vorbis) by official Stagefright
D/FFmpegExtractor( 3692): ffmpeg detected media content as 'audio/vorbis' with confidence 0.08
D/WVMDrmPlugIn( 3691): WVMDrmPlugin::onInitialize : 6811
D/WVMDrmPlugIn( 3691): WVMDrmPlugin::onSetOnInfoListener : add 6811
D/WVMDrmPlugIn( 3691): WVMDrmPlugin::onTerminate : 6811
I/FFmpegExtractor( 3692): android-source:0xb0c98d30
I/FFMPEG  ( 3692): Input #0, ogg, from 'android-source:0xb0c98d30':
I/FFMPEG  ( 3692):   Duration: 00:00:05.22, start: 0.000000, bitrate: 71 kb/s
I/FFMPEG  ( 3692):     Stream #0:0: Audio: vorbis, 44100 Hz, mono, fltp, 60 kb/s
I/FFMPEG  ( 3692):     Metadata:
I/FFMPEG  ( 3692):       ARTIST          : Dr. MAD
I/FFMPEG  ( 3692):       TITLE           : Friendly Ghost
I/FFMPEG  ( 3692):       ANDROID_LOOP    : true
D/FFmpegExtractor( 3692): FFmpegExtrator, url: android-source:0xb0c98d30, format_name: ogg, format_long_name: Ogg
I/FFmpegExtractor( 3692): adjust mime(application/ogg -> audio/vorbis)
D/FFmpegExtractor( 3692): suppoted codec(vorbis) by official Stagefright
D/FFmpegExtractor( 3692): ffmpeg detected media content as 'audio/vorbis' with confidence 0.08
D/WVMDrmPlugIn( 3691): WVMDrmPlugin::onInitialize : 4905
D/WVMDrmPlugIn( 3691): WVMDrmPlugin::onSetOnInfoListener : add 4905
D/WVMDrmPlugIn( 3691): WVMDrmPlugin::onTerminate : 4905
I/FFmpegExtractor( 3692): android-source:0xb6055bf0
I/FFMPEG  ( 3692): Input #0, ogg, from 'android-source:0xb6055bf0':
I/FFMPEG  ( 3692):   Duration: 00:00:04.10, start: 0.000000, bitrate: 77 kb/s
I/FFMPEG  ( 3692):     Stream #0:0: Audio: vorbis, 44100 Hz, mono, fltp, 70 kb/s
I/FFMPEG  ( 3692):     Metadata:
I/FFMPEG  ( 3692):       ANDROID_LOOP    : true
I/FFMPEG  ( 3692):       TITLE           : Funk Y'all
I/FFMPEG  ( 3692):       ARTIST          : Dr. Mad
D/FFmpegExtractor( 3692): FFmpegExtrator, url: android-source:0xb6055bf0, format_name: ogg, format_long_name: Ogg
I/FFmpegExtractor( 3692): adjust mime(application/ogg -> audio/vorbis)
D/FFmpegExtractor( 3692): suppoted codec(vorbis) by official Stagefright
D/FFmpegExtractor( 3692): ffmpeg detected media content as 'audio/vorbis' with confidence 0.08
D/WVMDrmPlugIn( 3691): WVMDrmPlugin::onInitialize : 6502
D/WVMDrmPlugIn( 3691): WVMDrmPlugin::onSetOnInfoListener : add 6502
D/WVMDrmPlugIn( 3691): WVMDrmPlugin::onTerminate : 6502
I/FFmpegExtractor( 3692): android-source:0xb452cf10
I/FFMPEG  ( 3692): Input #0, ogg, from 'android-source:0xb452cf10':
I/FFMPEG  ( 3692):   Duration: 00:00:06.00, start: 0.000000, bitrate: 66 kb/s
I/FFMPEG  ( 3692):     Stream #0:0: Audio: vorbis, 44100 Hz, mono, fltp, 60 kb/s
I/FFMPEG  ( 3692):     Metadata:
I/FFMPEG  ( 3692):       ARTIST          : Dr. MAD
I/FFMPEG  ( 3692):       TITLE           : Game Over Guitar
D/FFmpegExtractor( 3692): FFmpegExtrator, url: android-source:0xb452cf10, format_name: ogg, format_long_name: Ogg
I/FFmpegExtractor( 3692): adjust mime(application/ogg -> audio/vorbis)
D/FFmpegExtractor( 3692): suppoted codec(vorbis) by official Stagefright
D/FFmpegExtractor( 3692): ffmpeg detected media content as 'audio/vorbis' with confidence 0.08
D/WVMDrmPlugIn( 3691): WVMDrmPlugin::onInitialize : 7667
D/WVMDrmPlugIn( 3691): WVMDrmPlugin::onSetOnInfoListener : add 7667
D/WVMDrmPlugIn( 3691): WVMDrmPlugin::onTerminate : 7667
I/FFmpegExtractor( 3692): android-source:0xb6055ba0
I/FFMPEG  ( 3692): Input #0, ogg, from 'android-source:0xb6055ba0':
I/FFMPEG  ( 3692):   Duration: 00:00:04.98, start: 0.000000, bitrate: 217 kb/s
I/FFMPEG  ( 3692):     Stream #0:0: Audio: vorbis, 44100 Hz, stereo, fltp, 224 kb/s
I/FFMPEG  ( 3692):     Metadata:
I/FFMPEG  ( 3692):       ANDROID_LOOP    : true
I/FFMPEG  ( 3692):       TITLE           : Ganymede
D/FFmpegExtractor( 3692): FFmpegExtrator, url: android-source:0xb6055ba0, format_name: ogg, format_long_name: Ogg
I/FFmpegExtractor( 3692): adjust mime(application/ogg -> audio/vorbis)
D/FFmpegExtractor( 3692): suppoted codec(vorbis) by official Stagefright
D/FFmpegExtractor( 3692): ffmpeg detected media content as 'audio/vorbis' with confidence 0.08
D/WVMDrmPlugIn( 3691): WVMDrmPlugin::onInitialize : 4341
D/WVMDrmPlugIn( 3691): WVMDrmPlugin::onSetOnInfoListener : add 4341
D/WVMDrmPlugIn( 3691): WVMDrmPlugin::onTerminate : 4341
I/FFmpegExtractor( 3692): android-source:0xb6055d30
I/FFMPEG  ( 3692): Input #0, ogg, from 'android-source:0xb6055d30':
I/FFMPEG  ( 3692):   Duration: 00:00:04.00, start: 0.000000, bitrate: 77 kb/s
I/FFMPEG  ( 3692):     Stream #0:0: Audio: vorbis, 44100 Hz, mono, fltp, 70 kb/s
I/FFMPEG  ( 3692):     Metadata:
I/FFMPEG  ( 3692):       ANDROID_LOOP    : true
I/FFMPEG  ( 3692):       TITLE           : Gimme Mo' Town
I/FFMPEG  ( 3692):       ARTIST          : Dr. Mad
D/FFmpegExtractor( 3692): FFmpegExtrator, url: android-source:0xb6055d30, format_name: ogg, format_long_name: Ogg
I/FFmpegExtractor( 3692): adjust mime(application/ogg -> audio/vorbis)
D/FFmpegExtractor( 3692): suppoted codec(vorbis) by official Stagefright
D/FFmpegExtractor( 3692): ffmpeg detected media content as 'audio/vorbis' with confidence 0.08
D/WVMDrmPlugIn( 3691): WVMDrmPlugin::onInitialize : 6093
D/WVMDrmPlugIn( 3691): WVMDrmPlugin::onSetOnInfoListener : add 6093
D/WVMDrmPlugIn( 3691): WVMDrmPlugin::onTerminate : 6093
I/FFmpegExtractor( 3692): android-source:0xb0c98bf0
I/FFMPEG  ( 3692): Input #0, ogg, from 'android-source:0xb0c98bf0':
I/FFMPEG  ( 3692):   Duration: 00:00:03.45, start: 0.000000, bitrate: 102 kb/s
I/FFMPEG  ( 3692):     Stream #0:0: Audio: vorbis, 44100 Hz, stereo, fltp, 112 kb/s
I/FFMPEG  ( 3692):     Metadata:
I/FFMPEG  ( 3692):       ANDROID_LOOP    : true
I/FFMPEG  ( 3692):       TITLE           : Girtab
D/FFmpegExtractor( 3692): FFmpegExtrator, url: android-source:0xb0c98bf0, format_name: ogg, format_long_name: Ogg
I/FFmpegExtractor( 3692): adjust mime(application/ogg -> audio/vorbis)
D/FFmpegExtractor( 3692): suppoted codec(vorbis) by official Stagefright
D/FFmpegExtractor( 3692): ffmpeg detected media content as 'audio/vorbis' with confidence 0.08
D/WVMDrmPlugIn( 3691): WVMDrmPlugin::onInitialize : 5891
D/WVMDrmPlugIn( 3691): WVMDrmPlugin::onSetOnInfoListener : add 5891
D/WVMDrmPlugIn( 3691): WVMDrmPlugin::onTerminate : 5891
I/FFmpegExtractor( 3692): android-source:0xb0c98fb0
I/FFMPEG  ( 3692): Input #0, ogg, from 'android-source:0xb0c98fb0':
I/FFMPEG  ( 3692):   Duration: 00:00:05.10, start: 0.000000, bitrate: 86 kb/s
I/FFMPEG  ( 3692):     Stream #0:0: Audio: vorbis, 44100 Hz, mono, fltp, 70 kb/s
I/FFMPEG  ( 3692):     Metadata:
I/FFMPEG  ( 3692):       ANDROID_LOOP    : true
I/FFMPEG  ( 3692):       TITLE           : Glacial Groove
I/FFMPEG  ( 3692):       ARTIST          : Dr. Mad
D/FFmpegExtractor( 3692): FFmpegExtrator, url: android-source:0xb0c98fb0, format_name: ogg, format_long_name: Ogg
I/FFmpegExtractor( 3692): adjust mime(application/ogg -> audio/vorbis)
D/FFmpegExtractor( 3692): suppoted codec(vorbis) by official Stagefright
D/FFmpegExtractor( 3692): ffmpeg detected media content as 'audio/vorbis' with confidence 0.08
D/WVMDrmPlugIn( 3691): WVMDrmPlugin::onInitialize : 6845
D/WVMDrmPlugIn( 3691): WVMDrmPlugin::onSetOnInfoListener : add 6845
D/WVMDrmPlugIn( 3691): WVMDrmPlugin::onTerminate : 6845
I/FFmpegExtractor( 3692): android-source:0xb0c98830
I/FFMPEG  ( 3692): Input #0, ogg, from 'android-source:0xb0c98830':
I/FFMPEG  ( 3692):   Duration: 00:00:05.78, start: 0.000000, bitrate: 56 kb/s
I/FFMPEG  ( 3692):     Stream #0:0: Audio: vorbis, 44100 Hz, mono, fltp, 48 kb/s
I/FFMPEG  ( 3692):     Metadata:
I/FFMPEG  ( 3692):       ARTIST          : Dr. MAD
I/FFMPEG  ( 3692):       TITLE           : Growl
I/FFMPEG  ( 3692):       ANDROID_LOOP    : true
D/FFmpegExtractor( 3692): FFmpegExtrator, url: android-source:0xb0c98830, format_name: ogg, format_long_name: Ogg
I/FFmpegExtractor( 3692): adjust mime(application/ogg -> audio/vorbis)
D/FFmpegExtractor( 3692): suppoted codec(vorbis) by official Stagefright
D/FFmpegExtractor( 3692): ffmpeg detected media content as 'audio/vorbis' with confidence 0.08
D/WVMDrmPlugIn( 3691): WVMDrmPlugin::onInitialize : 6197
D/WVMDrmPlugIn( 3691): WVMDrmPlugin::onSetOnInfoListener : add 6197
D/WVMDrmPlugIn( 3691): WVMDrmPlugin::onTerminate : 6197
I/FFmpegExtractor( 3692): android-source:0xb452c420
I/FFMPEG  ( 3692): Input #0, ogg, from 'android-source:0xb452c420':
I/FFMPEG  ( 3692):   Duration: 00:00:07.11, start: 0.000000, bitrate: 77 kb/s
I/FFMPEG  ( 3692):     Stream #0:0: Audio: vorbis, 44100 Hz, mono, fltp, 75 kb/s
I/FFMPEG  ( 3692):     Metadata:
I/FFMPEG  ( 3692):       COPYRIGHT       : Copyright (c) 2009 Android Open Source Project
I/FFMPEG  ( 3692):       ANDROID_LOOP    : true
I/FFMPEG  ( 3692):       TITLE           : Halfway Home
I/FFMPEG  ( 3692):       ARTIST          : Dr. Mad
D/FFmpegExtractor( 3692): FFmpegExtrator, url: android-source:0xb452c420, format_name: ogg, format_long_name: Ogg
I/FFmpegExtractor( 3692): adjust mime(application/ogg -> audio/vorbis)
D/FFmpegExtractor( 3692): suppoted codec(vorbis) by official Stagefright
D/FFmpegExtractor( 3692): ffmpeg detected media content as 'audio/vorbis' with confidence 0.08
D/WVMDrmPlugIn( 3691): WVMDrmPlugin::onInitialize : 5589
D/WVMDrmPlugIn( 3691): WVMDrmPlugin::onSetOnInfoListener : add 5589
D/WVMDrmPlugIn( 3691): WVMDrmPlugin::onTerminate : 5589
I/FFmpegExtractor( 3692): android-source:0xb452c510
I/FFMPEG  ( 3692): Input #0, ogg, from 'android-source:0xb452c510':
I/FFMPEG  ( 3692):   Duration: 00:00:03.70, start: 0.000000, bitrate: 469 kb/s
I/FFMPEG  ( 3692):     Stream #0:0: Audio: vorbis, 44100 Hz, stereo, fltp, 450 kb/s
I/FFMPEG  ( 3692):     Metadata:
I/FFMPEG  ( 3692):       ENCODER         : FL Studio
D/FFmpegExtractor( 3692): FFmpegExtrator, url: android-source:0xb452c510, format_name: ogg, format_long_name: Ogg
I/FFmpegExtractor( 3692): adjust mime(application/ogg -> audio/vorbis)
D/FFmpegExtractor( 3692): suppoted codec(vorbis) by official Stagefright
D/FFmpegExtractor( 3692): ffmpeg detected media content as 'audio/vorbis' with confidence 0.08
D/WVMDrmPlugIn( 3691): WVMDrmPlugin::onInitialize : 6964
D/WVMDrmPlugIn( 3691): WVMDrmPlugin::onSetOnInfoListener : add 6964
D/WVMDrmPlugIn( 3691): WVMDrmPlugin::onTerminate : 6964
I/FFmpegExtractor( 3692): android-source:0xb452cf10
I/FFMPEG  ( 3692): Input #0, ogg, from 'android-source:0xb452cf10':
I/FFMPEG  ( 3692):   Duration: 00:00:05.00, start: 0.000000, bitrate: 36 kb/s
I/FFMPEG  ( 3692):     Stream #0:0: Audio: vorbis, 44100 Hz, mono, fltp, 80 kb/s
I/FFMPEG  ( 3692):     Metadata:
I/FFMPEG  ( 3692):       ANDROID_LOOP    : true
I/FFMPEG  ( 3692):       TITLE           : Hydra
D/FFmpegExtractor( 3692): FFmpegExtrator, url: android-source:0xb452cf10, format_name: ogg, format_long_name: Ogg
I/FFmpegExtractor( 3692): adjust mime(application/ogg -> audio/vorbis)
D/FFmpegExtractor( 3692): suppoted codec(vorbis) by official Stagefright
D/FFmpegExtractor( 3692): ffmpeg detected media content as 'audio/vorbis' with confidence 0.08
D/WVMDrmPlugIn( 3691): WVMDrmPlugin::onInitialize : 4121
D/WVMDrmPlugIn( 3691): WVMDrmPlugin::onSetOnInfoListener : add 4121
D/WVMDrmPlugIn( 3691): WVMDrmPlugin::onTerminate : 4121
I/FFmpegExtractor( 3692): android-source:0xb452c1a0
I/FFMPEG  ( 3692): Input #0, ogg, from 'android-source:0xb452c1a0':
I/FFMPEG  ( 3692):   Duration: 00:00:02.00, start: 0.000000, bitrate: 60 kb/s
I/FFMPEG  ( 3692):     Stream #0:0: Audio: vorbis, 44100 Hz, mono, fltp, 48 kb/s
I/FFMPEG  ( 3692):     Metadata:
I/FFMPEG  ( 3692):       ARTIST          : Dr. MAD
I/FFMPEG  ( 3692):       TITLE           : Insert Coin
D/FFmpegExtractor( 3692): FFmpegExtrator, url: android-source:0xb452c1a0, format_name: ogg, format_long_name: Ogg
I/FFmpegExtractor( 3692): adjust mime(application/ogg -> audio/vorbis)
D/FFmpegExtractor( 3692): suppoted codec(vorbis) by official Stagefright
D/FFmpegExtractor( 3692): ffmpeg detected media content as 'audio/vorbis' with confidence 0.08
D/WVMDrmPlugIn( 3691): WVMDrmPlugin::onInitialize : 7178
D/WVMDrmPlugIn( 3691): WVMDrmPlugin::onSetOnInfoListener : add 7178
D/WVMDrmPlugIn( 3691): WVMDrmPlugin::onTerminate : 7178
I/FFmpegExtractor( 3692): android-source:0xb6055c40
I/FFMPEG  ( 3692): Input #0, ogg, from 'android-source:0xb6055c40':
I/FFMPEG  ( 3692):   Duration: 00:00:23.53, start: 0.000000, bitrate: 56 kb/s
I/FFMPEG  ( 3692):     Stream #0:0: Audio: vorbis, 44100 Hz, mono, fltp, 70 kb/s
I/FFMPEG  ( 3692):     Metadata:
I/FFMPEG  ( 3692):       ANDROID_LOOP    : true
I/FFMPEG  ( 3692):       TITLE           : Kuma
D/FFmpegExtractor( 3692): FFmpegExtrator, url: android-source:0xb6055c40, format_name: ogg, format_long_name: Ogg
I/FFmpegExtractor( 3692): adjust mime(application/ogg -> audio/vorbis)
D/FFmpegExtractor( 3692): suppoted codec(vorbis) by official Stagefright
D/FFmpegExtractor( 3692): ffmpeg detected media content as 'audio/vorbis' with confidence 0.08
D/WVMDrmPlugIn( 3691): WVMDrmPlugin::onInitialize : 4432
D/WVMDrmPlugIn( 3691): WVMDrmPlugin::onSetOnInfoListener : add 4432
D/WVMDrmPlugIn( 3691): WVMDrmPlugin::onTerminate : 4432
I/FFmpegExtractor( 3692): android-source:0xb6055d30
