I/art     ( 4087): DexFile_isDexOptNeeded failed to open oat file '/data/dalvik-cache/arm/system@framework@settings.jar@classes.dex' for file location '/system/framework/settings.jar': Failed to open oat filename for reading: No such file or directory
I/art     ( 4087): DexFile_isDexOptNeeded failed to open oat file '/system/framework/arm/settings.odex' for file location '/system/framework/settings.jar': Failed to open oat filename for reading: No such file or directory
E/installd( 3690): DexInv: --- END '/system/framework/settings.jar' --- status=0x0100, process failed
I/art     ( 4087): DexFile_isDexOptNeeded failed to open oat file '/data/dalvik-cache/arm/system@framework@svc.jar@classes.dex' for file location '/system/framework/svc.jar': Failed to open oat filename for reading: No such file or directory
I/art     ( 4087): DexFile_isDexOptNeeded failed to open oat file '/system/framework/arm/svc.odex' for file location '/system/framework/svc.jar': Failed to open oat filename for reading: No such file or directory
E/installd( 3690): DexInv: --- END '/system/framework/svc.jar' --- status=0x0100, process failed
I/art     ( 4087): DexFile_isDexOptNeeded failed to open oat file '/data/dalvik-cache/arm/system@framework@tm.jar@classes.dex' for file location '/system/framework/tm.jar': Failed to open oat filename for reading: No such file or directory
I/art     ( 4087): DexFile_isDexOptNeeded failed to open oat file '/system/framework/arm/tm.odex' for file location '/system/framework/tm.jar': Failed to open oat filename for reading: No such file or directory
E/installd( 3690): DexInv: --- END '/system/framework/tm.jar' --- status=0x0100, process failed
I/art     ( 4087): DexFile_isDexOptNeeded failed to open oat file '/data/dalvik-cache/arm/system@framework@uiautomator.jar@classes.dex' for file location '/system/framework/uiautomator.jar': Failed to open oat filename for reading: No such file or directory
I/art     ( 4087): DexFile_isDexOptNeeded failed to open oat file '/system/framework/arm/uiautomator.odex' for file location '/system/framework/uiautomator.jar': Failed to open oat filename for reading: No such file or directory
E/installd( 3690): DexInv: --- END '/system/framework/uiautomator.jar' --- status=0x0100, process failed
I/art     ( 4087): DexFile_isDexOptNeeded failed to open oat file '/data/dalvik-cache/arm/system@framework@wm.jar@classes.dex' for file location '/system/framework/wm.jar': Failed to open oat filename for reading: No such file or directory
I/art     ( 4087): DexFile_isDexOptNeeded failed to open oat file '/system/framework/arm/wm.odex' for file location '/system/framework/wm.jar': Failed to open oat filename for reading: No such file or directory
E/installd( 3690): DexInv: --- END '/system/framework/wm.jar' --- status=0x0100, process failed
E/SQLiteLog( 4087): (283) recovered 945 frames from WAL file /data/data/com.android.providers.settings/databases/settings.db-wal
D/PackageManager( 4087): No files in app dir /vendor/overlay
I/PackageManager( 4087): /system/framework/framework-res.apk changed; collecting certs
W/SurfaceFlinger( 3670): Ignoring duplicate VSYNC event from HWC (t=23760177252)
W/SurfaceFlinger( 3670): Ignoring duplicate VSYNC event from HWC (t=24300072669)
W/PackageManager( 4087): Failed to parse /system/framework/framework-res.apk: Signature mismatch for shared user : SharedUserSetting{cb4a83a android.uid.system/1000}
I/PackageManager( 4087): /system/priv-app/AudioFX changed; collecting certs
I/art     ( 4087): DexFile_isDexOptNeeded failed to open oat file '/data/dalvik-cache/arm/system@priv-app@AudioFX@AudioFX.apk@classes.dex' for file location '/system/priv-app/AudioFX/AudioFX.apk': Failed to open oat filename for reading: No such file or directory
I/art     ( 4087): DexFile_isDexOptNeeded failed to open oat file '/system/priv-app/AudioFX/arm/AudioFX.odex' for file location '/system/priv-app/AudioFX/AudioFX.apk': Failed to open oat filename for reading: No such file or directory
I/PackageManager( 4087): /system/priv-app/BackupRestoreConfirmation changed; collecting certs
W/PackageManager( 4087): System package com.android.backupconfirm signature changed; retaining data.
I/PackageManager( 4087): SELinux relabeling of com.android.backupconfirm issued.
I/art     ( 4087): DexFile_isDexOptNeeded failed to open oat file '/data/dalvik-cache/arm/system@priv-app@BackupRestoreConfirmation@BackupRestoreConfirmation.apk@classes.dex' for file location '/system/priv-app/BackupRestoreConfirmation/BackupRestoreConfirmation.apk': Failed to open oat filename for reading: No such file or directory
I/art     ( 4087): DexFile_isDexOptNeeded failed to open oat file '/system/priv-app/BackupRestoreConfirmation/arm/BackupRestoreConfirmation.odex' for file location '/system/priv-app/BackupRestoreConfirmation/BackupRestoreConfirmation.apk': Failed to open oat filename for reading: No such file or directory
I/PackageManager( 4087): /system/priv-app/CMAccount changed; collecting certs
I/art     ( 4087): DexFile_isDexOptNeeded failed to open oat file '/data/dalvik-cache/arm/system@priv-app@CMAccount@CMAccount.apk@classes.dex' for file location '/system/priv-app/CMAccount/CMAccount.apk': Failed to open oat filename for reading: No such file or directory
I/art     ( 4087): DexFile_isDexOptNeeded failed to open oat file '/system/priv-app/CMAccount/arm/CMAccount.odex' for file location '/system/priv-app/CMAccount/CMAccount.apk': Failed to open oat filename for reading: No such file or directory
I/PackageManager( 4087): /system/priv-app/CMUpdater changed; collecting certs
I/art     ( 4087): DexFile_isDexOptNeeded failed to open oat file '/data/dalvik-cache/arm/system@priv-app@CMUpdater@CMUpdater.apk@classes.dex' for file location '/system/priv-app/CMUpdater/CMUpdater.apk': Failed to open oat filename for reading: No such file or directory
I/art     ( 4087): DexFile_isDexOptNeeded failed to open oat file '/system/priv-app/CMUpdater/arm/CMUpdater.odex' for file location '/system/priv-app/CMUpdater/CMUpdater.apk': Failed to open oat filename for reading: No such file or directory
I/PackageManager( 4087): /system/priv-app/CalendarProvider changed; collecting certs
W/PackageManager( 4087): Trying to update system app code path from /system/priv-app/SecCalendarProvider to /system/priv-app/CalendarProvider
W/PackageManager( 4087): Failed to parse /system/priv-app/CalendarProvider: Signature mismatch for shared user : SharedUserSetting{3dc933f2 android.uid.calendar/10046}
I/PackageManager( 4087): /system/priv-app/CellBroadcastReceiver changed; collecting certs
I/art     ( 4087): DexFile_isDexOptNeeded failed to open oat file '/data/dalvik-cache/arm/system@priv-app@CellBroadcastReceiver@CellBroadcastReceiver.apk@classes.dex' for file location '/system/priv-app/CellBroadcastReceiver/CellBroadcastReceiver.apk': Failed to open oat filename for reading: No such file or directory
I/art     ( 4087): DexFile_isDexOptNeeded failed to open oat file '/system/priv-app/CellBroadcastReceiver/arm/CellBroadcastReceiver.odex' for file location '/system/priv-app/CellBroadcastReceiver/CellBroadcastReceiver.apk': Failed to open oat filename for reading: No such file or directory
W/ResourceType( 4087): Failure getting entry for 0x7f0b023e (t=10 e=574) (error -75)
W/PackageParser( 4087): No actions in intent filter at /system/priv-app/Contacts/Contacts.apk Binary XML file line #362
I/PackageManager( 4087): /system/priv-app/Contacts changed; collecting certs
W/SurfaceFlinger( 3670): Ignoring duplicate VSYNC event from HWC (t=27285193002)
W/SurfaceFlinger( 3670): Ignoring duplicate VSYNC event from HWC (t=28415201503)
W/SurfaceFlinger( 3670): Ignoring duplicate VSYNC event from HWC (t=28955077128)
W/PackageManager( 4087): Trying to update system app code path from /system/priv-app/SecContacts to /system/priv-app/Contacts
W/PackageManager( 4087): Failed to parse /system/priv-app/Contacts: Signature mismatch for shared user : SharedUserSetting{1cded1ee android.uid.shared/10020}
I/PackageManager( 4087): /system/priv-app/ContactsProvider changed; collecting certs
W/PackageManager( 4087): Trying to update system app code path from /system/priv-app/SecContactsProvider to /system/priv-app/ContactsProvider
W/PackageManager( 4087): Failed to parse /system/priv-app/ContactsProvider: Signature mismatch for shared user : SharedUserSetting{1cded1ee android.uid.shared/10020}
I/PackageManager( 4087): /system/priv-app/CyanogenSetupWizard changed; collecting certs
W/PackageManager( 4087): Failed to parse /system/priv-app/CyanogenSetupWizard: Signature mismatch for shared user : SharedUserSetting{cb4a83a android.uid.system/1000}
I/PackageManager( 4087): /system/priv-app/DefaultContainerService changed; collecting certs
W/PackageManager( 4087): System package com.android.defcontainer signature changed; retaining data.
I/PackageManager( 4087): SELinux relabeling of com.android.defcontainer issued.
I/art     ( 4087): DexFile_isDexOptNeeded failed to open oat file '/data/dalvik-cache/arm/system@priv-app@DefaultContainerService@DefaultContainerService.apk@classes.dex' for file location '/system/priv-app/DefaultContainerService/DefaultContainerService.apk': Failed to open oat filename for reading: No such file or directory
I/art     ( 4087): DexFile_isDexOptNeeded failed to open oat file '/system/priv-app/DefaultContainerService/arm/DefaultContainerService.odex' for file location '/system/priv-app/DefaultContainerService/DefaultContainerService.apk': Failed to open oat filename for reading: No such file or directory
W/PackageParser( 4087): No actions in intent filter at /system/priv-app/Dialer/Dialer.apk Binary XML file line #185
I/PackageManager( 4087): /system/priv-app/Dialer changed; collecting certs
I/PackageManager( 4087): New shared user com.android.dialer: id=10215
I/art     ( 4087): DexFile_isDexOptNeeded failed to open oat file '/data/dalvik-cache/arm/system@priv-app@Dialer@Dialer.apk@classes.dex' for file location '/system/priv-app/Dialer/Dialer.apk': Failed to open oat filename for reading: No such file or directory
I/art     ( 4087): DexFile_isDexOptNeeded failed to open oat file '/system/priv-app/Dialer/arm/Dialer.odex' for file location '/system/priv-app/Dialer/Dialer.apk': Failed to open oat filename for reading: No such file or directory
I/PackageManager( 4087): /system/priv-app/DownloadProvider changed; collecting certs
W/PackageManager( 4087): Trying to update system app code path from /system/priv-app/SecDownloadProvider to /system/priv-app/DownloadProvider
W/PackageManager( 4087): Failed to parse /system/priv-app/DownloadProvider: Signature mismatch for shared user : SharedUserSetting{2aa09667 android.media/10047}
I/PackageManager( 4087): /system/priv-app/ExternalStorageProvider changed; collecting certs
W/PackageManager( 4087): System package com.android.externalstorage signature changed; retaining data.
I/PackageManager( 4087): SELinux relabeling of com.android.externalstorage issued.
I/art     ( 4087): DexFile_isDexOptNeeded failed to open oat file '/data/dalvik-cache/arm/system@priv-app@ExternalStorageProvider@ExternalStorageProvider.apk@classes.dex' for file location '/system/priv-app/ExternalStorageProvider/ExternalStorageProvider.apk': Failed to open oat filename for reading: No such file or directory
I/art     ( 4087): DexFile_isDexOptNeeded failed to open oat file '/system/priv-app/ExternalStorageProvider/arm/ExternalStorageProvider.odex' for file location '/system/priv-app/ExternalStorageProvider/ExternalStorageProvider.apk': Failed to open oat filename for reading: No such file or directory
I/PackageManager( 4087): /system/priv-app/FusedLocation changed; collecting certs
W/PackageManager( 4087): Failed to parse /system/priv-app/FusedLocation: Signature mismatch for shared user : SharedUserSetting{cb4a83a android.uid.system/1000}
I/PackageManager( 4087): /system/priv-app/InputDevices changed; collecting certs
W/PackageManager( 4087): Failed to parse /system/priv-app/InputDevices: Signature mismatch for shared user : SharedUserSetting{cb4a83a android.uid.system/1000}
I/PackageManager( 4087): /system/priv-app/ManagedProvisioning changed; collecting certs
W/PackageManager( 4087): System package com.android.managedprovisioning signature changed; retaining data.
I/PackageManager( 4087): SELinux relabeling of com.android.managedprovisioning issued.
I/art     ( 4087): DexFile_isDexOptNeeded failed to open oat file '/data/dalvik-cache/arm/system@priv-app@ManagedProvisioning@ManagedProvisioning.apk@classes.dex' for file location '/system/priv-app/ManagedProvisioning/ManagedProvisioning.apk': Failed to open oat filename for reading: No such file or directory
I/art     ( 4087): DexFile_isDexOptNeeded failed to open oat file '/system/priv-app/ManagedProvisioning/arm/ManagedProvisioning.odex' for file location '/system/priv-app/ManagedProvisioning/ManagedProvisioning.apk': Failed to open oat filename for reading: No such file or directory
I/PackageManager( 4087): /system/priv-app/MediaProvider changed; collecting certs
W/PackageManager( 4087): Trying to update system app code path from /system/priv-app/SecMediaProvider to /system/priv-app/MediaProvider
W/PackageManager( 4087): Failed to parse /system/priv-app/MediaProvider: Signature mismatch for shared user : SharedUserSetting{2aa09667 android.media/10047}
I/PackageManager( 4087): /system/priv-app/Mms changed; collecting certs
W/SurfaceFlinger( 3670): Ignoring duplicate VSYNC event from HWC (t=34555219628)
W/SurfaceFlinger( 3670): Ignoring duplicate VSYNC event from HWC (t=35365131878)
W/PackageManager( 4087): Trying to update system app code path from /system/priv-app/SecMms_Candy to /system/priv-app/Mms
W/PackageManager( 4087): System package com.android.mms signature changed; retaining data.
I/PackageManager( 4087): SELinux relabeling of com.android.mms issued.
I/art     ( 4087): DexFile_isDexOptNeeded failed to open oat file '/data/dalvik-cache/arm/system@priv-app@Mms@Mms.apk@classes.dex' for file location '/system/priv-app/Mms/Mms.apk': Failed to open oat filename for reading: No such file or directory
I/art     ( 4087): DexFile_isDexOptNeeded failed to open oat file '/system/priv-app/Mms/arm/Mms.odex' for file location '/system/priv-app/Mms/Mms.apk': Failed to open oat filename for reading: No such file or directory
W/PackageManager( 4087): Code path for pkg : com.android.mms changing from /system/priv-app/SecMms_Candy to /system/priv-app/Mms
W/PackageManager( 4087): Resource path for pkg : com.android.mms changing from /system/priv-app/SecMms_Candy to /system/priv-app/Mms
I/PackageManager( 4087): /system/priv-app/MmsService changed; collecting certs
W/PackageManager( 4087): Failed to parse /system/priv-app/MmsService: Signature mismatch for shared user : SharedUserSetting{8cf6958 android.uid.phone/1001}
I/PackageManager( 4087): /system/priv-app/OneTimeInitializer changed; collecting certs
I/art     ( 4087): DexFile_isDexOptNeeded failed to open oat file '/data/dalvik-cache/arm/system@priv-app@OneTimeInitializer@OneTimeInitializer.apk@classes.dex' for file location '/system/priv-app/OneTimeInitializer/OneTimeInitializer.apk': Failed to open oat filename for reading: No such file or directory
I/art     ( 4087): DexFile_isDexOptNeeded failed to open oat file '/system/priv-app/OneTimeInitializer/arm/OneTimeInitializer.odex' for file location '/system/priv-app/OneTimeInitializer/OneTimeInitializer.apk': Failed to open oat filename for reading: No such file or directory
I/PackageManager( 4087): /system/priv-app/ProxyHandler changed; collecting certs
W/PackageManager( 4087): System package com.android.proxyhandler signature changed; retaining data.
I/PackageManager( 4087): SELinux relabeling of com.android.proxyhandler issued.
I/art     ( 4087): DexFile_isDexOptNeeded failed to open oat file '/data/dalvik-cache/arm/system@priv-app@ProxyHandler@ProxyHandler.apk@classes.dex' for file location '/system/priv-app/ProxyHandler/ProxyHandler.apk': Failed to open oat filename for reading: No such file or directory
I/art     ( 4087): DexFile_isDexOptNeeded failed to open oat file '/system/priv-app/ProxyHandler/arm/ProxyHandler.odex' for file location '/system/priv-app/ProxyHandler/ProxyHandler.apk': Failed to open oat filename for reading: No such file or directory
I/PackageManager( 4087): /system/priv-app/Settings changed; collecting certs
W/PackageManager( 4087): Trying to update system app code path from /system/priv-app/SecSettings to /system/priv-app/Settings
W/PackageManager( 4087): Failed to parse /system/priv-app/Settings: Signature mismatch for shared user : SharedUserSetting{cb4a83a android.uid.system/1000}
I/PackageManager( 4087): /system/priv-app/SettingsProvider changed; collecting certs
W/PackageManager( 4087): Trying to update system app code path from /system/priv-app/SecSettingsProvider to /system/priv-app/SettingsProvider
W/PackageManager( 4087): Failed to parse /system/priv-app/SettingsProvider: Signature mismatch for shared user : SharedUserSetting{cb4a83a android.uid.system/1000}
I/PackageManager( 4087): /system/priv-app/SharedStorageBackup changed; collecting certs
W/PackageManager( 4087): System package com.android.sharedstoragebackup signature changed; retaining data.
I/PackageManager( 4087): SELinux relabeling of com.android.sharedstoragebackup issued.
I/art     ( 4087): DexFile_isDexOptNeeded failed to open oat file '/data/dalvik-cache/arm/system@priv-app@SharedStorageBackup@SharedStorageBackup.apk@classes.dex' for file location '/system/priv-app/SharedStorageBackup/SharedStorageBackup.apk': Failed to open oat filename for reading: No such file or directory
I/art     ( 4087): DexFile_isDexOptNeeded failed to open oat file '/system/priv-app/SharedStorageBackup/arm/SharedStorageBackup.odex' for file location '/system/priv-app/SharedStorageBackup/SharedStorageBackup.apk': Failed to open oat filename for reading: No such file or directory
I/PackageManager( 4087): /system/priv-app/Shell changed; collecting certs
W/PackageManager( 4087): Failed to parse /system/priv-app/Shell: Signature mismatch for shared user : SharedUserSetting{4922d15 android.uid.shell/2000}
I/PackageManager( 4087): /system/priv-app/SystemUI changed; collecting certs
W/SurfaceFlinger( 3670): Ignoring duplicate VSYNC event from HWC (t=39075194420)
W/PackageManager( 4087): Failed to parse /system/priv-app/SystemUI: Signature mismatch for shared user : SharedUserSetting{22623cf6 android.uid.systemui/10058}
I/PackageManager( 4087): /system/priv-app/TeleService changed; collecting certs
W/PackageManager( 4087): Failed to parse /system/priv-app/TeleService: Signature mismatch for shared user : SharedUserSetting{8cf6958 android.uid.phone/1001}
I/PackageManager( 4087): /system/priv-app/Telecom changed; collecting certs
W/PackageManager( 4087): Failed to parse /system/priv-app/Telecom: Signature mismatch for shared user : SharedUserSetting{8cf6958 android.uid.phone/1001}
I/PackageManager( 4087): /system/priv-app/TelephonyProvider changed; collecting certs
W/PackageManager( 4087): Trying to update system app code path from /system/priv-app/SecTelephonyProvider_Candy to /system/priv-app/TelephonyProvider
W/PackageManager( 4087): Failed to parse /system/priv-app/TelephonyProvider: Signature mismatch for shared user : SharedUserSetting{8cf6958 android.uid.phone/1001}
I/PackageManager( 4087): /system/priv-app/ThemeChooser changed; collecting certs
I/PackageManager( 4087): New shared user org.cyanogenmod.themes: id=10219
I/art     ( 4087): DexFile_isDexOptNeeded failed to open oat file '/data/dalvik-cache/arm/system@priv-app@ThemeChooser@ThemeChooser.apk@classes.dex' for file location '/system/priv-app/ThemeChooser/ThemeChooser.apk': Failed to open oat filename for reading: No such file or directory
I/art     ( 4087): DexFile_isDexOptNeeded failed to open oat file '/system/priv-app/ThemeChooser/arm/ThemeChooser.odex' for file location '/system/priv-app/ThemeChooser/ThemeChooser.apk': Failed to open oat filename for reading: No such file or directory
I/PackageManager( 4087): /system/priv-app/ThemesProvider changed; collecting certs
I/art     ( 4087): DexFile_isDexOptNeeded failed to open oat file '/data/dalvik-cache/arm/system@priv-app@ThemesProvider@ThemesProvider.apk@classes.dex' for file location '/system/priv-app/ThemesProvider/ThemesProvider.apk': Failed to open oat filename for reading: No such file or directory
I/art     ( 4087): DexFile_isDexOptNeeded failed to open oat file '/system/priv-app/ThemesProvider/arm/ThemesProvider.odex' for file location '/system/priv-app/ThemesProvider/ThemesProvider.apk': Failed to open oat filename for reading: No such file or directory
I/PackageManager( 4087): /system/priv-app/Trebuchet changed; collecting certs
W/PackageManager( 4087): Package com.cyanogenmod.trebuchet at /system/priv-app/Trebuchet reverting from /data/app/com.cyanogenmod.trebuchet-1: new version 1000 better than installed 1000
W/PackageManager( 4087): Couldn't remove dex file for package:  at location /data/app/com.cyanogenmod.trebuchet-1/base.apk, retcode=-1
I/PackageManager( 4087): Package com.cyanogenmod.trebuchet codePath changed from /data/app/com.cyanogenmod.trebuchet-1 to /system/priv-app/Trebuchet; Retaining data and using new
I/PackageManager( 4087): SELinux relabeling of com.cyanogenmod.trebuchet issued.
I/art     ( 4087): DexFile_isDexOptNeeded failed to open oat file '/data/dalvik-cache/arm/system@priv-app@Trebuchet@Trebuchet.apk@classes.dex' for file location '/system/priv-app/Trebuchet/Trebuchet.apk': Failed to open oat filename for reading: No such file or directory
I/art     ( 4087): DexFile_isDexOptNeeded failed to open oat file '/system/priv-app/Trebuchet/arm/Trebuchet.odex' for file location '/system/priv-app/Trebuchet/Trebuchet.apk': Failed to open oat filename for reading: No such file or directory
W/PackageManager( 4087): Code path for pkg : com.cyanogenmod.trebuchet changing from /data/app/com.cyanogenmod.trebuchet-1 to /system/priv-app/Trebuchet
W/PackageManager( 4087): Resource path for pkg : com.cyanogenmod.trebuchet changing from /data/app/com.cyanogenmod.trebuchet-1 to /system/priv-app/Trebuchet
W/PackageManager( 4087): Permission com.android.launcher.permission.INSTALL_SHORTCUT from package com.cyanogenmod.trebuchet ignored: no group null
W/PackageManager( 4087): Permission com.android.launcher.permission.UNINSTALL_SHORTCUT from package com.cyanogenmod.trebuchet ignored: no group null
W/PackageManager( 4087): Permission com.android.launcher3.permission.READ_SETTINGS from package com.cyanogenmod.trebuchet ignored: no group null
W/PackageManager( 4087): Permission com.android.launcher3.permission.WRITE_SETTINGS from package com.cyanogenmod.trebuchet ignored: no group null
I/PackageManager( 4087): /system/priv-app/VpnDialogs changed; collecting certs
W/PackageManager( 4087): System package com.android.vpndialogs signature changed; retaining data.
I/PackageManager( 4087): SELinux relabeling of com.android.vpndialogs issued.
I/art     ( 4087): DexFile_isDexOptNeeded failed to open oat file '/data/dalvik-cache/arm/system@priv-app@VpnDialogs@VpnDialogs.apk@classes.dex' for file location '/system/priv-app/VpnDialogs/VpnDialogs.apk': Failed to open oat filename for reading: No such file or directory
I/art     ( 4087): DexFile_isDexOptNeeded failed to open oat file '/system/priv-app/VpnDialogs/arm/VpnDialogs.odex' for file location '/system/priv-app/VpnDialogs/VpnDialogs.apk': Failed to open oat filename for reading: No such file or directory
I/PackageManager( 4087): /system/priv-app/WallpaperCropper changed; collecting certs
W/PackageManager( 4087): System package com.android.wallpapercropper signature changed; retaining data.
I/PackageManager( 4087): SELinux relabeling of com.android.wallpapercropper issued.
I/art     ( 4087): DexFile_isDexOptNeeded failed to open oat file '/data/dalvik-cache/arm/system@priv-app@WallpaperCropper@WallpaperCropper.apk@classes.dex' for file location '/system/priv-app/WallpaperCropper/WallpaperCropper.apk': Failed to open oat filename for reading: No such file or directory
I/art     ( 4087): DexFile_isDexOptNeeded failed to open oat file '/system/priv-app/WallpaperCropper/arm/WallpaperCropper.odex' for file location '/system/priv-app/WallpaperCropper/WallpaperCropper.apk': Failed to open oat filename for reading: No such file or directory
I/PackageManager( 4087): /system/app/BasicDreams changed; collecting certs
W/PackageManager( 4087): System package com.android.dreams.basic signature changed; retaining data.
I/PackageManager( 4087): SELinux relabeling of com.android.dreams.basic issued.
I/art     ( 4087): DexFile_isDexOptNeeded failed to open oat file '/data/dalvik-cache/arm/system@app@BasicDreams@BasicDreams.apk@classes.dex' for file location '/system/app/BasicDreams/BasicDreams.apk': Failed to open oat filename for reading: No such file or directory
I/art     ( 4087): DexFile_isDexOptNeeded failed to open oat file '/system/app/BasicDreams/arm/BasicDreams.odex' for file location '/system/app/BasicDreams/BasicDreams.apk': Failed to open oat filename for reading: No such file or directory
W/PackageParser( 4087): No actions in intent filter at /system/app/Bluetooth/Bluetooth.apk Binary XML file line #229
I/PackageManager( 4087): /system/app/Bluetooth changed; collecting certs
W/PackageManager( 4087): Failed to parse /system/app/Bluetooth: Signature mismatch for shared user : SharedUserSetting{920a69a android.uid.bluetooth/1002}
I/PackageManager( 4087): /system/app/Browser changed; collecting certs
I/art     ( 4087): DexFile_isDexOptNeeded failed to open oat file '/data/dalvik-cache/arm/system@app@Browser@Browser.apk@classes.dex' for file location '/system/app/Browser/Browser.apk': Failed to open oat filename for reading: No such file or directory
I/art     ( 4087): DexFile_isDexOptNeeded failed to open oat file '/system/app/Browser/arm/Browser.odex' for file location '/system/app/Browser/Browser.apk': Failed to open oat filename for reading: No such file or directory
W/PackageParser( 4087): No actions in intent filter at /system/app/CMFileManager/CMFileManager.apk Binary XML file line #155
I/PackageManager( 4087): /system/app/CMFileManager changed; collecting certs
I/art     ( 4087): DexFile_isDexOptNeeded failed to open oat file '/data/dalvik-cache/arm/system@app@CMFileManager@CMFileManager.apk@classes.dex' for file location '/system/app/CMFileManager/CMFileManager.apk': Failed to open oat filename for reading: No such file or directory
I/art     ( 4087): DexFile_isDexOptNeeded failed to open oat file '/system/app/CMFileManager/arm/CMFileManager.odex' for file location '/system/app/CMFileManager/CMFileManager.apk': Failed to open oat filename for reading: No such file or directory
I/PackageManager( 4087): /system/app/CMWallpapers changed; collecting certs
I/art     ( 4087): DexFile_isDexOptNeeded failed to open oat file '/data/dalvik-cache/arm/system@app@CMWallpapers@CMWallpapers.apk@classes.dex' for file location '/system/app/CMWallpapers/CMWallpapers.apk': Failed to open oat filename for reading: No such file or directory
I/art     ( 4087): DexFile_isDexOptNeeded failed to open oat file '/system/app/CMWallpapers/arm/CMWallpapers.odex' for file location '/system/app/CMWallpapers/CMWallpapers.apk': Failed to open oat filename for reading: No such file or directory
I/PackageManager( 4087): /system/app/Calculator changed; collecting certs
I/art     ( 4087): DexFile_isDexOptNeeded failed to open oat file '/data/dalvik-cache/arm/system@app@Calculator@Calculator.apk@classes.dex' for file location '/system/app/Calculator/Calculator.apk': Failed to open oat filename for reading: No such file or directory
I/art     ( 4087): DexFile_isDexOptNeeded failed to open oat file '/system/app/Calculator/arm/Calculator.odex' for file location '/system/app/Calculator/Calculator.apk': Failed to open oat filename for reading: No such file or directory
I/PackageManager( 4087): /system/app/Calendar changed; collecting certs
W/PackageManager( 4087): Trying to update system app code path from /system/app/SPlanner_OS_UPG to /system/app/Calendar
W/PackageManager( 4087): System package com.android.calendar signature changed; retaining data.
I/PackageManager( 4087): SELinux relabeling of com.android.calendar issued.
I/art     ( 4087): DexFile_isDexOptNeeded failed to open oat file '/data/dalvik-cache/arm/system@app@Calendar@Calendar.apk@classes.dex' for file location '/system/app/Calendar/Calendar.apk': Failed to open oat filename for reading: No such file or directory
I/art     ( 4087): DexFile_isDexOptNeeded failed to open oat file '/system/app/Calendar/arm/Calendar.odex' for file location '/system/app/Calendar/Calendar.apk': Failed to open oat filename for reading: No such file or directory
W/PackageManager( 4087): Code path for pkg : com.android.calendar changing from /system/app/SPlanner_OS_UPG to /system/app/Calendar
W/PackageManager( 4087): Resource path for pkg : com.android.calendar changing from /system/app/SPlanner_OS_UPG to /system/app/Calendar
I/PackageManager( 4087): /system/app/Camera2 changed; collecting certs
I/art     ( 4087): DexFile_isDexOptNeeded failed to open oat file '/data/dalvik-cache/arm/system@app@Camera2@Camera2.apk@classes.dex' for file location '/system/app/Camera2/Camera2.apk': Failed to open oat filename for reading: No such file or directory
I/art     ( 4087): DexFile_isDexOptNeeded failed to open oat file '/system/app/Camera2/arm/Camera2.odex' for file location '/system/app/Camera2/Camera2.apk': Failed to open oat filename for reading: No such file or directory
I/PackageManager( 4087): /system/app/CaptivePortalLogin changed; collecting certs
W/PackageManager( 4087): System package com.android.captiveportallogin signature changed; retaining data.
I/PackageManager( 4087): SELinux relabeling of com.android.captiveportallogin issued.
I/art     ( 4087): DexFile_isDexOptNeeded failed to open oat file '/data/dalvik-cache/arm/system@app@CaptivePortalLogin@CaptivePortalLogin.apk@classes.dex' for file location '/system/app/CaptivePortalLogin/CaptivePortalLogin.apk': Failed to open oat filename for reading: No such file or directory
I/art     ( 4087): DexFile_isDexOptNeeded failed to open oat file '/system/app/CaptivePortalLogin/arm/CaptivePortalLogin.odex' for file location '/system/app/CaptivePortalLogin/CaptivePortalLogin.apk': Failed to open oat filename for reading: No such file or directory
I/PackageManager( 4087): /system/app/CertInstaller changed; collecting certs
W/PackageManager( 4087): System package com.android.certinstaller signature changed; retaining data.
I/PackageManager( 4087): SELinux relabeling of com.android.certinstaller issued.
I/art     ( 4087): DexFile_isDexOptNeeded failed to open oat file '/data/dalvik-cache/arm/system@app@CertInstaller@CertInstaller.apk@classes.dex' for file location '/system/app/CertInstaller/CertInstaller.apk': Failed to open oat filename for reading: No such file or directory
I/art     ( 4087): DexFile_isDexOptNeeded failed to open oat file '/system/app/CertInstaller/arm/CertInstaller.odex' for file location '/system/app/CertInstaller/CertInstaller.apk': Failed to open oat filename for reading: No such file or directory
I/PackageManager( 4087): /system/app/DeskClock changed; collecting certs
I/art     ( 4087): DexFile_isDexOptNeeded failed to open oat file '/data/dalvik-cache/arm/system@app@DeskClock@DeskClock.apk@classes.dex' for file location '/system/app/DeskClock/DeskClock.apk': Failed to open oat filename for reading: No such file or directory
I/art     ( 4087): DexFile_isDexOptNeeded failed to open oat file '/system/app/DeskClock/arm/DeskClock.odex' for file location '/system/app/DeskClock/DeskClock.apk': Failed to open oat filename for reading: No such file or directory
I/PackageManager( 4087): /system/app/Development changed; collecting certs
W/PackageManager( 4087): Failed to parse /system/app/Development: Signature mismatch for shared user : SharedUserSetting{cb4a83a android.uid.system/1000}
I/PackageManager( 4087): /system/app/DocumentsUI changed; collecting certs
W/PackageManager( 4087): System package com.android.documentsui signature changed; retaining data.
I/PackageManager( 4087): SELinux relabeling of com.android.documentsui issued.
I/art     ( 4087): DexFile_isDexOptNeeded failed to open oat file '/data/dalvik-cache/arm/system@app@DocumentsUI@DocumentsUI.apk@classes.dex' for file location '/system/app/DocumentsUI/DocumentsUI.apk': Failed to open oat filename for reading: No such file or directory
I/art     ( 4087): DexFile_isDexOptNeeded failed to open oat file '/system/app/DocumentsUI/arm/DocumentsUI.odex' for file location '/system/app/DocumentsUI/DocumentsUI.apk': Failed to open oat filename for reading: No such file or directory
I/PackageManager( 4087): /system/app/DownloadProviderUi changed; collecting certs
W/PackageManager( 4087): Failed to parse /system/app/DownloadProviderUi: Signature mismatch for shared user : SharedUserSetting{2aa09667 android.media/10047}
I/PackageManager( 4087): /system/app/Eleven changed; collecting certs
I/art     ( 4087): DexFile_isDexOptNeeded failed to open oat file '/data/dalvik-cache/arm/system@app@Eleven@Eleven.apk@classes.dex' for file location '/system/app/Eleven/Eleven.apk': Failed to open oat filename for reading: No such file or directory
I/art     ( 4087): DexFile_isDexOptNeeded failed to open oat file '/system/app/Eleven/arm/Eleven.odex' for file location '/system/app/Eleven/Eleven.apk': Failed to open oat filename for reading: No such file or directory
I/PackageManager( 4087): /system/app/Email changed; collecting certs
W/PackageManager( 4087): Trying to update system app code path from /system/app/SecEmail_K to /system/app/Email
W/PackageManager( 4087): System package com.android.email signature changed; retaining data.
I/PackageManager( 4087): SELinux relabeling of com.android.email issued.
I/art     ( 4087): DexFile_isDexOptNeeded failed to open oat file '/data/dalvik-cache/arm/system@app@Email@Email.apk@classes.dex' for file location '/system/app/Email/Email.apk': Failed to open oat filename for reading: No such file or directory
I/art     ( 4087): DexFile_isDexOptNeeded failed to open oat file '/system/app/Email/arm/Email.odex' for file location '/system/app/Email/Email.apk': Failed to open oat filename for reading: No such file or directory
W/PackageManager( 4087): Code path for pkg : com.android.email changing from /system/app/SecEmail_K to /system/app/Email
W/PackageManager( 4087): Resource path for pkg : com.android.email changing from /system/app/SecEmail_K to /system/app/Email
W/PackageManager( 4087): Permission com.android.email.permission.READ_ATTACHMENT from package com.android.email ignored: no group null
I/PackageManager( 4087): /system/app/Exchange2 changed; collecting certs
W/PackageManager( 4087): Trying to update system app code path from /system/app/SecExchange to /system/app/Exchange2
W/PackageManager( 4087): System package com.android.exchange signature changed; retaining data.
I/PackageManager( 4087): SELinux relabeling of com.android.exchange issued.
I/art     ( 4087): DexFile_isDexOptNeeded failed to open oat file '/data/dalvik-cache/arm/system@app@Exchange2@Exchange2.apk@classes.dex' for file location '/system/app/Exchange2/Exchange2.apk': Failed to open oat filename for reading: No such file or directory
I/art     ( 4087): DexFile_isDexOptNeeded failed to open oat file '/system/app/Exchange2/arm/Exchange2.odex' for file location '/system/app/Exchange2/Exchange2.apk': Failed to open oat filename for reading: No such file or directory
W/PackageManager( 4087): Code path for pkg : com.android.exchange changing from /system/app/SecExchange to /system/app/Exchange2
W/PackageManager( 4087): Resource path for pkg : com.android.exchange changing from /system/app/SecExchange to /system/app/Exchange2
I/PackageManager( 4087): /system/app/Galaxy4 changed; collecting certs
I/art     ( 4087): DexFile_isDexOptNeeded failed to open oat file '/data/dalvik-cache/arm/system@app@Galaxy4@Galaxy4.apk@classes.dex' for file location '/system/app/Galaxy4/Galaxy4.apk': Failed to open oat filename for reading: No such file or directory
I/art     ( 4087): DexFile_isDexOptNeeded failed to open oat file '/system/app/Galaxy4/arm/Galaxy4.odex' for file location '/system/app/Galaxy4/Galaxy4.apk': Failed to open oat filename for reading: No such file or directory
W/PackageParser( 4087): Unknown element under <application>: permission at /system/app/Gallery2/Gallery2.apk Binary XML file line #273
W/PackageParser( 4087): Unknown element under <application>: permission at /system/app/Gallery2/Gallery2.apk Binary XML file line #276
I/PackageManager( 4087): /system/app/Gallery2 changed; collecting certs
I/art     ( 4087): DexFile_isDexOptNeeded failed to open oat file '/data/dalvik-cache/arm/system@app@Gallery2@Gallery2.apk@classes.dex' for file location '/system/app/Gallery2/Gallery2.apk': Failed to open oat filename for reading: No such file or directory
I/art     ( 4087): DexFile_isDexOptNeeded failed to open oat file '/system/app/Gallery2/arm/Gallery2.odex' for file location '/system/app/Gallery2/Gallery2.apk': Failed to open oat filename for reading: No such file or directory
I/PackageManager( 4087): /system/app/HTMLViewer changed; collecting certs
W/PackageManager( 4087): Trying to update system app code path from /system/app/SecHTMLViewer to /system/app/HTMLViewer
W/PackageManager( 4087): System package com.android.htmlviewer signature changed; retaining data.
I/PackageManager( 4087): SELinux relabeling of com.android.htmlviewer issued.
I/art     ( 4087): DexFile_isDexOptNeeded failed to open oat file '/data/dalvik-cache/arm/system@app@HTMLViewer@HTMLViewer.apk@classes.dex' for file location '/system/app/HTMLViewer/HTMLViewer.apk': Failed to open oat filename for reading: No such file or directory
I/art     ( 4087): DexFile_isDexOptNeeded failed to open oat file '/system/app/HTMLViewer/arm/HTMLViewer.odex' for file location '/system/app/HTMLViewer/HTMLViewer.apk': Failed to open oat filename for reading: No such file or directory
W/PackageManager( 4087): Code path for pkg : com.android.htmlviewer changing from /system/app/SecHTMLViewer to /system/app/HTMLViewer
W/PackageManager( 4087): Resource path for pkg : com.android.htmlviewer changing from /system/app/SecHTMLViewer to /system/app/HTMLViewer
I/PackageManager( 4087): /system/app/HoloSpiralWallpaper changed; collecting certs
I/art     ( 4087): DexFile_isDexOptNeeded failed to open oat file '/data/dalvik-cache/arm/system@app@HoloSpiralWallpaper@HoloSpiralWallpaper.apk@classes.dex' for file location '/system/app/HoloSpiralWallpaper/HoloSpiralWallpaper.apk': Failed to open oat filename for reading: No such file or directory
I/art     ( 4087): DexFile_isDexOptNeeded failed to open oat file '/system/app/HoloSpiralWallpaper/arm/HoloSpiralWallpaper.odex' for file location '/system/app/HoloSpiralWallpaper/HoloSpiralWallpaper.apk': Failed to open oat filename for reading: No such file or directory
I/PackageManager( 4087): /system/app/InCallUI changed; collecting certs
W/PackageManager( 4087): Trying to update system app code path from /system/app/LegacyInCallUI to /system/app/InCallUI
W/PackageManager( 4087): Package com.android.incallui shared user changed from android.uid.phone to com.android.dialer; replacing with new
W/PackageManager( 4087): System package com.android.incallui has changed from uid: 1001 to 10215; old data erased
I/PackageManager( 4087): SELinux relabeling of com.android.incallui issued.
I/PackageManager( 4087): /system/app/KeyChain changed; collecting certs
W/PackageManager( 4087): Failed to parse /system/app/KeyChain: Signature mismatch for shared user : SharedUserSetting{cb4a83a android.uid.system/1000}
I/PackageManager( 4087): /system/app/LatinIME changed; collecting certs
I/art     ( 4087): DexFile_isDexOptNeeded failed to open oat file '/data/dalvik-cache/arm/system@app@LatinIME@LatinIME.apk@classes.dex' for file location '/system/app/LatinIME/LatinIME.apk': Failed to open oat filename for reading: No such file or directory
I/art     ( 4087): DexFile_isDexOptNeeded failed to open oat file '/system/app/LatinIME/arm/LatinIME.odex' for file location '/system/app/LatinIME/LatinIME.apk': Failed to open oat filename for reading: No such file or directory
I/PackageManager( 4087): /system/app/LiveWallpapers changed; collecting certs
I/art     ( 4087): DexFile_isDexOptNeeded failed to open oat file '/data/dalvik-cache/arm/system@app@LiveWallpapers@LiveWallpapers.apk@classes.dex' for file location '/system/app/LiveWallpapers/LiveWallpapers.apk': Failed to open oat filename for reading: No such file or directory
I/art     ( 4087): DexFile_isDexOptNeeded failed to open oat file '/system/app/LiveWallpapers/arm/LiveWallpapers.odex' for file location '/system/app/LiveWallpapers/LiveWallpapers.apk': Failed to open oat filename for reading: No such file or directory
I/PackageManager( 4087): /system/app/LiveWallpapersPicker changed; collecting certs
W/PackageManager( 4087): Trying to update system app code path from /system/priv-app/SecLiveWallpapersPicker to /system/app/LiveWallpapersPicker
W/PackageManager( 4087): System package com.android.wallpaper.livepicker signature changed; retaining data.
I/PackageManager( 4087): SELinux relabeling of com.android.wallpaper.livepicker issued.
I/art     ( 4087): DexFile_isDexOptNeeded failed to open oat file '/data/dalvik-cache/arm/system@app@LiveWallpapersPicker@LiveWallpapersPicker.apk@classes.dex' for file location '/system/app/LiveWallpapersPicker/LiveWallpapersPicker.apk': Failed to open oat filename for reading: No such file or directory
I/art     ( 4087): DexFile_isDexOptNeeded failed to open oat file '/system/app/LiveWallpapersPicker/arm/LiveWallpapersPicker.odex' for file location '/system/app/LiveWallpapersPicker/LiveWallpapersPicker.apk': Failed to open oat filename for reading: No such file or directory
W/PackageManager( 4087): Code path for pkg : com.android.wallpaper.livepicker changing from /system/priv-app/SecLiveWallpapersPicker to /system/app/LiveWallpapersPicker
W/PackageManager( 4087): Resource path for pkg : com.android.wallpaper.livepicker changing from /system/priv-app/SecLiveWallpapersPicker to /system/app/LiveWallpapersPicker
I/PackageManager( 4087): /system/app/LockClock changed; collecting certs
I/art     ( 4087): DexFile_isDexOptNeeded failed to open oat file '/data/dalvik-cache/arm/system@app@LockClock@LockClock.apk@classes.dex' for file location '/system/app/LockClock/LockClock.apk': Failed to open oat filename for reading: No such file or directory
I/art     ( 4087): DexFile_isDexOptNeeded failed to open oat file '/system/app/LockClock/arm/LockClock.odex' for file location '/system/app/LockClock/LockClock.apk': Failed to open oat filename for reading: No such file or directory
I/PackageManager( 4087): /system/app/NoiseField changed; collecting certs
W/PackageManager( 4087): Trying to update system app code path from /system/priv-app/NoiseField to /system/app/NoiseField
W/PackageManager( 4087): System package com.android.noisefield signature changed; retaining data.
I/PackageManager( 4087): SELinux relabeling of com.android.noisefield issued.
I/art     ( 4087): DexFile_isDexOptNeeded failed to open oat file '/data/dalvik-cache/arm/system@app@NoiseField@NoiseField.apk@classes.dex' for file location '/system/app/NoiseField/NoiseField.apk': Failed to open oat filename for reading: No such file or directory
I/art     ( 4087): DexFile_isDexOptNeeded failed to open oat file '/system/app/NoiseField/arm/NoiseField.odex' for file location '/system/app/NoiseField/NoiseField.apk': Failed to open oat filename for reading: No such file or directory
W/PackageManager( 4087): Code path for pkg : com.android.noisefield changing from /system/priv-app/NoiseField to /system/app/NoiseField
W/PackageManager( 4087): Resource path for pkg : com.android.noisefield changing from /system/priv-app/NoiseField to /system/app/NoiseField
I/PackageManager( 4087): /system/app/PacProcessor changed; collecting certs
W/PackageManager( 4087): System package com.android.pacprocessor signature changed; retaining data.
I/PackageManager( 4087): SELinux relabeling of com.android.pacprocessor issued.
I/art     ( 4087): DexFile_isDexOptNeeded failed to open oat file '/data/dalvik-cache/arm/system@app@PacProcessor@PacProcessor.apk@classes.dex' for file location '/system/app/PacProcessor/PacProcessor.apk': Failed to open oat filename for reading: No such file or directory
I/art     ( 4087): DexFile_isDexOptNeeded failed to open oat file '/system/app/PacProcessor/arm/PacProcessor.odex' for file location '/system/app/PacProcessor/PacProcessor.apk': Failed to open oat filename for reading: No such file or directory
I/PackageManager( 4087): /system/app/PackageInstaller changed; collecting certs
W/PackageManager( 4087): System package com.android.packageinstaller signature changed; retaining data.
I/PackageManager( 4087): SELinux relabeling of com.android.packageinstaller issued.
I/art     ( 4087): DexFile_isDexOptNeeded failed to open oat file '/data/dalvik-cache/arm/system@app@PackageInstaller@PackageInstaller.apk@classes.dex' for file location '/system/app/PackageInstaller/PackageInstaller.apk': Failed to open oat filename for reading: No such file or directory
I/art     ( 4087): DexFile_isDexOptNeeded failed to open oat file '/system/app/PackageInstaller/arm/PackageInstaller.odex' for file location '/system/app/PackageInstaller/PackageInstaller.apk': Failed to open oat filename for reading: No such file or directory
I/PackageManager( 4087): /system/app/PhaseBeam changed; collecting certs
W/PackageManager( 4087): Trying to update system app code path from /system/priv-app/PhaseBeam to /system/app/PhaseBeam
W/PackageManager( 4087): System package com.android.phasebeam signature changed; retaining data.
I/PackageManager( 4087): SELinux relabeling of com.android.phasebeam issued.
I/art     ( 4087): DexFile_isDexOptNeeded failed to open oat file '/data/dalvik-cache/arm/system@app@PhaseBeam@PhaseBeam.apk@classes.dex' for file location '/system/app/PhaseBeam/PhaseBeam.apk': Failed to open oat filename for reading: No such file or directory
I/art     ( 4087): DexFile_isDexOptNeeded failed to open oat file '/system/app/PhaseBeam/arm/PhaseBeam.odex' for file location '/system/app/PhaseBeam/PhaseBeam.apk': Failed to open oat filename for reading: No such file or directory
W/PackageManager( 4087): Code path for pkg : com.android.phasebeam changing from /system/priv-app/PhaseBeam to /system/app/PhaseBeam
W/PackageManager( 4087): Resource path for pkg : com.android.phasebeam changing from /system/priv-app/PhaseBeam to /system/app/PhaseBeam
I/PackageManager( 4087): /system/app/PhotoPhase changed; collecting certs
I/art     ( 4087): DexFile_isDexOptNeeded failed to open oat file '/data/dalvik-cache/arm/system@app@PhotoPhase@PhotoPhase.apk@classes.dex' for file location '/system/app/PhotoPhase/PhotoPhase.apk': Failed to open oat filename for reading: No such file or directory
I/art     ( 4087): DexFile_isDexOptNeeded failed to open oat file '/system/app/PhotoPhase/arm/PhotoPhase.odex' for file location '/system/app/PhotoPhase/PhotoPhase.apk': Failed to open oat filename for reading: No such file or directory
I/PackageManager( 4087): /system/app/PhotoTable changed; collecting certs
W/PackageManager( 4087): System package com.android.dreams.phototable signature changed; retaining data.
I/PackageManager( 4087): SELinux relabeling of com.android.dreams.phototable issued.
I/art     ( 4087): DexFile_isDexOptNeeded failed to open oat file '/data/dalvik-cache/arm/system@app@PhotoTable@PhotoTable.apk@classes.dex' for file location '/system/app/PhotoTable/PhotoTable.apk': Failed to open oat filename for reading: No such file or directory
I/art     ( 4087): DexFile_isDexOptNeeded failed to open oat file '/system/app/PhotoTable/arm/PhotoTable.odex' for file location '/system/app/PhotoTable/PhotoTable.apk': Failed to open oat filename for reading: No such file or directory
I/PackageManager( 4087): /system/app/PicoTts changed; collecting certs
I/art     ( 4087): DexFile_isDexOptNeeded failed to open oat file '/data/dalvik-cache/arm/system@app@PicoTts@PicoTts.apk@classes.dex' for file location '/system/app/PicoTts/PicoTts.apk': Failed to open oat filename for reading: No such file or directory
I/art     ( 4087): DexFile_isDexOptNeeded failed to open oat file '/system/app/PicoTts/arm/PicoTts.odex' for file location '/system/app/PicoTts/PicoTts.apk': Failed to open oat filename for reading: No such file or directory
I/PackageManager( 4087): /system/app/PrintSpooler changed; collecting certs
W/PackageManager( 4087): Trying to update system app code path from /system/app/SPrintSpooler to /system/app/PrintSpooler
W/PackageManager( 4087): System package com.android.printspooler signature changed; retaining data.
I/PackageManager( 4087): SELinux relabeling of com.android.printspooler issued.
I/art     ( 4087): DexFile_isDexOptNeeded failed to open oat file '/data/dalvik-cache/arm/system@app@PrintSpooler@PrintSpooler.apk@classes.dex' for file location '/system/app/PrintSpooler/PrintSpooler.apk': Failed to open oat filename for reading: No such file or directory
I/art     ( 4087): DexFile_isDexOptNeeded failed to open oat file '/system/app/PrintSpooler/arm/PrintSpooler.odex' for file location '/system/app/PrintSpooler/PrintSpooler.apk': Failed to open oat filename for reading: No such file or directory
W/PackageManager( 4087): Code path for pkg : com.android.printspooler changing from /system/app/SPrintSpooler to /system/app/PrintSpooler
W/PackageManager( 4087): Resource path for pkg : com.android.printspooler changing from /system/app/SPrintSpooler to /system/app/PrintSpooler
I/PackageManager( 4087): /system/app/Provision changed; collecting certs
