I/gralloc ( 5127): yres_virtual = 3840 px
I/gralloc ( 5127): bpp          = 32
I/gralloc ( 5127): r            = 16:8
I/gralloc ( 5127): g            =  8:8
I/gralloc ( 5127): b            =  0:8
I/gralloc ( 5127): width        = 65 mm (422.030762 dpi)
I/gralloc ( 5127): height       = 115 mm (424.069580 dpi)
I/gralloc ( 5127): refresh rate = 60.00 Hz
W/art     ( 5130): Unexpected file type of 
W/art     ( 5130):  encountered.
W/art     ( 5130): Could not create image space with image file '/system/framework/boot.art'. Attempting to fall back to imageless running. Error was: Failed to generate image '/data/dalvik-cache/arm/system@framework@boot.art': Failed execv(/system/bin/dex2oat --image=/data/dalvik-cache/arm/system@framework@boot.art --dex-file=/system/framework/core-libart.jar --dex-file=/system/framework/conscrypt.jar --dex-file=/system/framework/okhttp.jar --dex-file=/system/framework/core-junit.jar --dex-file=/system/framework/bouncycastle.jar --dex-file=/system/framework/ext.jar --dex-file=/system/framework/framework.jar --dex-file=/system/framework/telephony-common.jar --dex-file=/system/framework/voip-common.jar --dex-file=/system/framework/ims-common.jar --dex-file=/system/framework/mms-common.jar --dex-file=/system/framework/android.policy.jar --dex-file=/system/framework/apache-xml.jar --oat-file=/data/dalvik-cache/arm/system@framework@boot.oat --instruction-set=arm --instruction-set-features=div --base=0x70b3b000 --runtime-arg -Xms64
D/hwcomposer( 5127): using
D/hwcomposer( 5127): xres         = 1080 px
D/hwcomposer( 5127): yres         = 1920 px
D/hwcomposer( 5127): width        = 65 mm (422.030000 dpi)
D/hwcomposer( 5127): height       = 115 mm (424.069000 dpi)
D/hwcomposer( 5127): refresh rate = 60 Hz
D/libexynosv4l2-subdev( 5127): try node: /dev/v4l-subdev0
D/libexynosv4l2-subdev( 5127): try node: /dev/v4l-subdev1
D/libexynosv4l2-subdev( 5127): try node: /dev/v4l-subdev2
I/libexynosv4l2-subdev( 5127): node found for device s5p-mixer0: /dev/v4l-subdev2
I/libexynosv4l2-subdev( 5127): open subdev device /dev/v4l-subdev2
I/hwcomposer( 5127): PSR info devname = /sys/devices/14400000.fimd_fb/psr_info
I/hwcomposer( 5127): PSR mode is 2(0: video mode, 1: DP PSR mode, 2: MIPI-DSI command mode)
I/SurfaceFlinger( 5127): Using composer version 1.3
I/SurfaceFlinger( 5127): EGL information:
I/SurfaceFlinger( 5127): vendor    : Android
I/SurfaceFlinger( 5127): version   : 1.4 Android META-EGL
I/SurfaceFlinger( 5127): extensions: EGL_KHR_get_all_proc_addresses EGL_ANDROID_presentation_time EGL_KHR_image EGL_KHR_image_base EGL_KHR_gl_texture_2D_image EGL_KHR_gl_texture_cubemap_image EGL_KHR_gl_renderbuffer_image EGL_KHR_fence_sync EGL_KHR_create_context EGL_ANDROID_image_native_buffer EGL_KHR_wait_sync EGL_ANDROID_recordable 
I/SurfaceFlinger( 5127): Client API: OpenGL_ES
I/SurfaceFlinger( 5127): EGLSurface: 8-8-8-8, config=0xb6acf2ac
I/SurfaceFlinger( 5127): OpenGL ES informations:
I/SurfaceFlinger( 5127): vendor    : ARM
I/SurfaceFlinger( 5127): renderer  : Mali-T628
I/SurfaceFlinger( 5127): version   : OpenGL ES 3.0
I/SurfaceFlinger( 5127): extensions: GL_EXT_debug_marker GL_ARM_rgba8 GL_ARM_mali_shader_binary GL_OES_depth24 GL_OES_depth_texture GL_OES_depth_texture_cube_map GL_OES_packed_depth_stencil GL_OES_rgb8_rgba8 GL_EXT_read_format_bgra GL_OES_compressed_paletted_texture GL_OES_compressed_ETC1_RGB8_texture GL_OES_standard_derivatives GL_OES_EGL_image GL_OES_EGL_image_external GL_OES_EGL_sync GL_OES_texture_npot GL_OES_vertex_half_float GL_OES_required_internalformat GL_OES_vertex_array_object GL_OES_mapbuffer GL_EXT_texture_format_BGRA8888 GL_EXT_texture_rg GL_EXT_texture_type_2_10_10_10_REV GL_OES_fbo_render_mipmap GL_OES_element_index_uint GL_EXT_shadow_samplers GL_OES_texture_compression_astc GL_KHR_texture_compression_astc_ldr GL_KHR_texture_compression_astc_hdr GL_KHR_debug GL_EXT_occlusion_query_boolean GL_EXT_blend_minmax GL_EXT_discard_framebuffer GL_OES_get_program_binary GL_OES_texture_3D GL_EXT_texture_storage GL_EXT_multisampled_render_to_texture GL_OES_surfaceless_context GL_ARM_mali_program_binary 
I/SurfaceFlinger( 5127): GL_MAX_TEXTURE_SIZE = 8192
I/SurfaceFlinger( 5127): GL_MAX_VIEWPORT_DIMS = 8192
E/libEGL  ( 5127): eglQuerySurface:607 error 300d (EGL_BAD_SURFACE)
E/libEGL  ( 5127): eglQuerySurface:607 error 300d (EGL_BAD_SURFACE)
E/libEGL  ( 5127): call to OpenGL ES API with no current context (logged once per thread)
D/SurfaceFlinger( 5127): Set power mode=2, type=0 flinger=0xb6a62000
I/hwcomposer( 5127): int exynos5_blank(hwc_composer_device_1*, int, int):: disp(0), blank(0)
I/hwcomposer( 5127): unblank ioctl failed (display already unblanked)
E/libEGL  ( 5127): eglSwapBuffers:1071 error 300d (EGL_BAD_SURFACE)
F/SurfaceFlinger( 5127): eglSwapBuffers(0x1, 0x0) failed with 0x0000300d
F/libc    ( 5127): Fatal signal 6 (SIGABRT), code -6 in tid 5127 (surfaceflinger)
I/DEBUG   ( 3586): property debug.db.uid not set; NOT waiting for gdb.
I/DEBUG   ( 3586): HINT: adb shell setprop debug.db.uid 100000
I/DEBUG   ( 3586): HINT: adb forward tcp:5039 tcp:5039
I/DEBUG   ( 3586): *** *** *** *** *** *** *** *** *** *** *** *** *** *** *** ***
I/DEBUG   ( 3586): Build fingerprint: 'samsung/cm_k3gxx/k3gxx:5.0.2/LRX22G/ca2fb2b51d:userdebug/test-keys'
I/DEBUG   ( 3586): Revision: '10'
I/DEBUG   ( 3586): ABI: 'arm'
I/DEBUG   ( 3586): pid: 5127, tid: 5127, name: surfaceflinger  >>> /system/bin/surfaceflinger <<<
I/DEBUG   ( 3586): signal 6 (SIGABRT), code -6 (SI_TKILL), fault addr --------
I/DEBUG   ( 3586): Abort message: 'eglSwapBuffers(0x1, 0x0) failed with 0x0000300d'
I/DEBUG   ( 3586):     r0 00000000  r1 00001407  r2 00000006  r3 00000000
I/DEBUG   ( 3586):     r4 b6f75114  r5 00000006  r6 0000000b  r7 0000010c
I/DEBUG   ( 3586):     r8 00000000  r9 beb0bbd0  sl b6a54210  fp beb0bbd0
I/DEBUG   ( 3586):     ip 00001407  sp beb0b650  lr b6eff7b9  pc b6f234e4  cpsr 600f0010
I/DEBUG   ( 3586): 
I/DEBUG   ( 3586): backtrace:
I/DEBUG   ( 3586):     #00 pc 000384e4  /system/lib/libc.so (tgkill+12)
I/DEBUG   ( 3586):     #01 pc 000147b5  /system/lib/libc.so (pthread_kill+52)
I/DEBUG   ( 3586):     #02 pc 0001550b  /system/lib/libc.so (raise+10)
I/DEBUG   ( 3586):     #03 pc 00011c35  /system/lib/libc.so (__libc_android_abort+36)
I/DEBUG   ( 3586):     #04 pc 0000fcb8  /system/lib/libc.so (abort+4)
I/DEBUG   ( 3586):     #05 pc 00007739  /system/lib/libcutils.so (__android_log_assert+88)
I/DEBUG   ( 3586):     #06 pc 0000f4df  /system/lib/libsurfaceflinger.so
I/DEBUG   ( 3586):     #07 pc 0001b9fd  /system/lib/libsurfaceflinger.so
I/DEBUG   ( 3586):     #08 pc 0001abe7  /system/lib/libsurfaceflinger.so
I/DEBUG   ( 3586):     #09 pc 00019fc3  /system/lib/libsurfaceflinger.so
I/DEBUG   ( 3586):     #10 pc 00019d49  /system/lib/libsurfaceflinger.so
I/DEBUG   ( 3586):     #11 pc 00010ed3  /system/lib/libutils.so (android::Looper::pollInner(int)+410)
I/DEBUG   ( 3586):     #12 pc 00010fc5  /system/lib/libutils.so (android::Looper::pollOnce(int, int*, int*, void**)+92)
I/DEBUG   ( 3586):     #13 pc 000174c5  /system/lib/libsurfaceflinger.so
I/DEBUG   ( 3586):     #14 pc 0001993d  /system/lib/libsurfaceflinger.so (android::SurfaceFlinger::run()+8)
I/DEBUG   ( 3586):     #15 pc 0000083d  /system/bin/surfaceflinger
I/DEBUG   ( 3586):     #16 pc 0000fb75  /system/lib/libc.so (__libc_init+44)
I/DEBUG   ( 3586):     #17 pc 000008d8  /system/bin/surfaceflinger
W/auditd  ( 3596): type=1325 audit(0.0:1308): table=filter family=10 entries=34
W/ip6tables( 5258): type=1300 audit(0.0:1308): arch=40000028 syscall=294 per=800000 success=yes exit=0 a0=4 a1=29 a2=40 a3=b6c28000 items=0 ppid=5125 auid=4294967295 uid=0 gid=0 euid=0 suid=0 fsuid=0 egid=0 sgid=0 fsgid=0 ses=4294967295 tty=(none) exe="/system/bin/ip6tables" subj=u:r:netd:s0 key=(null)
W/auditd  ( 3596): type=1320 audit(0.0:1308): 
W/auditd  ( 3596): type=1325 audit(0.0:1309): table=raw family=2 entries=9
W/iptables( 5259): type=1300 audit(0.0:1309): arch=40000028 syscall=294 per=800000 success=yes exit=0 a0=4 a1=0 a2=40 a3=b6c1ba00 items=0 ppid=5125 auid=4294967295 uid=0 gid=0 euid=0 suid=0 fsuid=0 egid=0 sgid=0 fsgid=0 ses=4294967295 tty=(none) exe="/system/bin/iptables" subj=u:r:netd:s0 key=(null)
W/auditd  ( 3596): type=1320 audit(0.0:1309): 
W/auditd  ( 3596): type=1325 audit(0.0:1310): table=raw family=10 entries=9
W/ip6tables( 5260): type=1300 audit(0.0:1310): arch=40000028 syscall=294 per=800000 success=yes exit=0 a0=4 a1=29 a2=40 a3=b6c1d000 items=0 ppid=5125 auid=4294967295 uid=0 gid=0 euid=0 suid=0 fsuid=0 egid=0 sgid=0 fsgid=0 ses=4294967295 tty=(none) exe="/system/bin/ip6tables" subj=u:r:netd:s0 key=(null)
W/auditd  ( 3596): type=1320 audit(0.0:1310): 
W/auditd  ( 3596): type=1325 audit(0.0:1311): table=raw family=2 entries=8
W/iptables( 5261): type=1300 audit(0.0:1311): arch=40000028 syscall=294 per=800000 success=yes exit=0 a0=4 a1=0 a2=40 a3=b6c1ba00 items=0 ppid=5125 auid=4294967295 uid=0 gid=0 euid=0 suid=0 fsuid=0 egid=0 sgid=0 fsgid=0 ses=4294967295 tty=(none) exe="/system/bin/iptables" subj=u:r:netd:s0 key=(null)
W/auditd  ( 3596): type=1320 audit(0.0:1311): 
W/auditd  ( 3596): type=1325 audit(0.0:1312): table=raw family=10 entries=8
W/ip6tables( 5262): type=1300 audit(0.0:1312): arch=40000028 syscall=294 per=800000 success=yes exit=0 a0=4 a1=29 a2=40 a3=b6c32800 items=0 ppid=5125 auid=4294967295 uid=0 gid=0 euid=0 suid=0 fsuid=0 egid=0 sgid=0 fsgid=0 ses=4294967295 tty=(none) exe="/system/bin/ip6tables" subj=u:r:netd:s0 key=(null)
W/auditd  ( 3596): type=1320 audit(0.0:1312): 
W/auditd  ( 3596): type=1325 audit(0.0:1313): table=raw family=2 entries=8
W/iptables( 5263): type=1300 audit(0.0:1313): arch=40000028 syscall=294 per=800000 success=yes exit=0 a0=4 a1=0 a2=40 a3=b6c30100 items=0 ppid=5125 auid=4294967295 uid=0 gid=0 euid=0 suid=0 fsuid=0 egid=0 sgid=0 fsgid=0 ses=4294967295 tty=(none) exe="/system/bin/iptables" subj=u:r:netd:s0 key=(null)
W/auditd  ( 3596): type=1320 audit(0.0:1313): 
W/auditd  ( 3596): type=1325 audit(0.0:1314): table=raw family=10 entries=8
W/ip6tables( 5264): type=1300 audit(0.0:1314): arch=40000028 syscall=294 per=800000 success=yes exit=0 a0=4 a1=29 a2=40 a3=b6c32400 items=0 ppid=5125 auid=4294967295 uid=0 gid=0 euid=0 suid=0 fsuid=0 egid=0 sgid=0 fsgid=0 ses=4294967295 tty=(none) exe="/system/bin/ip6tables" subj=u:r:netd:s0 key=(null)
I/ServiceManager( 5128): Waiting for service batterystats...
I/DEBUG   ( 3586): 
I/DEBUG   ( 3586): Tombstone written to: /data/tombstones/tombstone_07
I/ServiceManager( 3574): service 'SurfaceFlinger' died
I/ServiceManager( 3574): service 'Exynos.HWCService' died
I/ServiceManager( 3574): service 'media.wifi_display' died
I/ServiceManager( 3574): service 'media.audio_flinger' died
W/init    ( 5313): type=1400 audit(0.0:1360): avc: denied { entrypoint } for path="/system/bin/auditd" dev="mmcblk0p18" ino=173 scontext=u:r:logd:s0 tcontext=u:object_r:system_file:s0 tclass=file
W/init    ( 5313): type=1300 audit(0.0:1360): arch=40000028 syscall=11 per=800000 success=no exit=-13 a0=b6d80954 a1=b6d66770 a2=57e64 a3=ff0000 items=1 ppid=1 auid=4294967295 uid=0 gid=0 euid=0 suid=0 fsuid=0 egid=0 sgid=0 fsgid=0 ses=4294967295 tty=(none) exe="/init" subj=u:r:init:s0 key=(null)
W/auditd  ( 3596): type=1307 audit(0.0:1360): cwd="/"
W/auditd  ( 3596): type=1302 audit(0.0:1360): item=0 name="/system/bin/auditd" inode=173 dev=103:0a mode=0100755 ouid=0 ogid=2000 rdev=00:00 obj=u:object_r:system_file:s0
W/auditd  ( 3596): type=1320 audit(0.0:1360): 
I/Netd    ( 5314): Netd 1.0 starting
E/Netd    ( 5314): Failed to open /proc/sys/net/ipv6/conf/default/accept_ra_rt_table: No such file or directory
E/Netd    ( 5314): Failed to open /proc/sys/net/ipv6/conf/ip6tnl0/accept_ra_rt_table: No such file or directory
E/Netd    ( 5314): Failed to open /proc/sys/net/ipv6/conf/lo/accept_ra_rt_table: No such file or directory
E/Netd    ( 5314): Failed to open /proc/sys/net/ipv6/conf/rmnet0/accept_ra_rt_table: No such file or directory
E/Netd    ( 5314): Failed to open /proc/sys/net/ipv6/conf/rmnet1/accept_ra_rt_table: No such file or directory
E/Netd    ( 5314): Failed to open /proc/sys/net/ipv6/conf/rmnet2/accept_ra_rt_table: No such file or directory
E/Netd    ( 5314): Failed to open /proc/sys/net/ipv6/conf/rmnet3/accept_ra_rt_table: No such file or directory
E/Netd    ( 5314): Failed to open /proc/sys/net/ipv6/conf/sit0/accept_ra_rt_table: No such file or directory
W/auditd  ( 3596): type=1325 audit(0.0:1361): table=filter family=2 entries=39
W/iptables( 5320): type=1300 audit(0.0:1361): arch=40000028 syscall=294 per=800000 success=yes exit=0 a0=4 a1=0 a2=40 a3=b6c25000 items=0 ppid=5314 auid=4294967295 uid=0 gid=0 euid=0 suid=0 fsuid=0 egid=0 sgid=0 fsgid=0 ses=4294967295 tty=(none) exe="/system/bin/iptables" subj=u:r:netd:s0 key=(null)
W/auditd  ( 3596): type=1320 audit(0.0:1361): 
W/auditd  ( 3596): type=1325 audit(0.0:1362): table=filter family=10 entries=35
W/ip6tables( 5321): type=1300 audit(0.0:1362): arch=40000028 syscall=294 per=800000 success=yes exit=0 a0=4 a1=29 a2=40 a3=b6c28000 items=0 ppid=5314 auid=4294967295 uid=0 gid=0 euid=0 suid=0 fsuid=0 egid=0 sgid=0 fsgid=0 ses=4294967295 tty=(none) exe="/system/bin/ip6tables" subj=u:r:netd:s0 key=(null)
W/auditd  ( 3596): type=1320 audit(0.0:1362): 
W/auditd  ( 3596): type=1325 audit(0.0:1363): table=filter family=2 entries=38
W/iptables( 5322): type=1300 audit(0.0:1363): arch=40000028 syscall=294 per=800000 success=yes exit=0 a0=4 a1=0 a2=40 a3=b6c22000 items=0 ppid=5314 auid=4294967295 uid=0 gid=0 euid=0 suid=0 fsuid=0 egid=0 sgid=0 fsgid=0 ses=4294967295 tty=(none) exe="/system/bin/iptables" subj=u:r:netd:s0 key=(null)
W/auditd  ( 3596): type=1320 audit(0.0:1363): 
I/SurfaceFlinger( 5316): SurfaceFlinger is starting
I/SurfaceFlinger( 5316): SurfaceFlinger's main thread ready to run. Initializing graphics H/W...
W/auditd  ( 3596): type=1325 audit(0.0:1364): table=filter family=10 entries=34
W/ip6tables( 5324): type=1300 audit(0.0:1364): arch=40000028 syscall=294 per=800000 success=yes exit=0 a0=4 a1=29 a2=40 a3=b6c23000 items=0 ppid=5314 auid=4294967295 uid=0 gid=0 euid=0 suid=0 fsuid=0 egid=0 sgid=0 fsgid=0 ses=4294967295 tty=(none) exe="/system/bin/ip6tables" subj=u:r:netd:s0 key=(null)
W/auditd  ( 3596): type=1320 audit(0.0:1364): 
W/auditd  ( 3596): type=1325 audit(0.0:1365): table=filter family=2 entries=38
W/iptables( 5328): type=1300 audit(0.0:1365): arch=40000028 syscall=294 per=800000 success=yes exit=0 a0=4 a1=0 a2=40 a3=b6c22000 items=0 ppid=5314 auid=4294967295 uid=0 gid=0 euid=0 suid=0 fsuid=0 egid=0 sgid=0 fsgid=0 ses=4294967295 tty=(none) exe="/system/bin/iptables" subj=u:r:netd:s0 key=(null)
W/auditd  ( 3596): type=1320 audit(0.0:1365): 
D/libEGL  ( 5316): loaded /vendor/lib/egl/libGLES_mali.so
I/        ( 5316): PLATFORM VERSION : JB-MR-2
D/AndroidRuntime( 5319): 
D/AndroidRuntime( 5319): >>>>>> AndroidRuntime START com.android.internal.os.ZygoteInit <<<<<<
D/AndroidRuntime( 5319): CheckJNI is OFF
I/art     ( 5319): option[0]=-Xzygote
I/art     ( 5319): option[1]=-Xstacktracefile:/data/anr/traces.txt
I/art     ( 5319): option[2]=exit
I/art     ( 5319): option[3]=vfprintf
I/art     ( 5319): option[4]=sensitiveThread
I/art     ( 5319): option[5]=-verbose:gc
I/art     ( 5319): option[6]=-Xms8m
I/art     ( 5319): option[7]=-Xmx512m
I/art     ( 5319): option[8]=-XX:mainThreadStackSize=24K
I/art     ( 5319): option[9]=-XX:HeapGrowthLimit=128m
I/art     ( 5319): option[10]=-XX:HeapMinFree=2m
I/art     ( 5319): option[11]=-XX:HeapMaxFree=8m
I/art     ( 5319): option[12]=-XX:HeapTargetUtilization=0.75
I/art     ( 5319): option[13]=-agentlib:jdwp=transport=dt_android_adb,suspend=n,server=y
I/art     ( 5319): option[14]=-Xlockprofthreshold:500
I/art     ( 5319): option[15]=-Ximage-compiler-option
I/art     ( 5319): option[16]=--runtime-arg
I/art     ( 5319): option[17]=-Ximage-compiler-option
I/art     ( 5319): option[18]=-Xms64m
I/art     ( 5319): option[19]=-Ximage-compiler-option
I/art     ( 5319): option[20]=--runtime-arg
I/art     ( 5319): option[21]=-Ximage-compiler-option
I/art     ( 5319): option[22]=-Xmx64m
I/art     ( 5319): option[23]=-Ximage-compiler-option
I/art     ( 5319): option[24]=--image-classes-zip=/system/framework/framework.jar
I/art     ( 5319): option[25]=-Ximage-compiler-option
I/art     ( 5319): option[26]=--image-classes=preloaded-classes
I/art     ( 5319): option[27]=-Xcompiler-option
I/art     ( 5319): option[28]=--runtime-arg
I/art     ( 5319): option[29]=-Xcompiler-option
I/art     ( 5319): option[30]=-Xms64m
I/art     ( 5319): option[31]=-Xcompiler-option
I/art     ( 5319): option[32]=--runtime-arg
I/art     ( 5319): option[33]=-Xcompiler-option
I/art     ( 5319): option[34]=-Xmx512m
I/art     ( 5319): option[35]=-Duser.language=es
I/art     ( 5319): option[36]=-Duser.region=US
I/art     ( 5319): Pruning dalvik-cache since we are generating an image and will need to recompile
W/art     ( 5319): Unexpected file type of 
W/art     ( 5319):  encountered.
I/art     ( 5319): Using an offset of 0xff29f000 from default art base address of 0x70000000
I/art     ( 5319): GenerateImage: /system/bin/dex2oat --image=/data/dalvik-cache/arm/system@framework@boot.art --dex-file=/system/framework/core-libart.jar --dex-file=/system/framework/conscrypt.jar --dex-file=/system/framework/okhttp.jar --dex-file=/system/framework/core-junit.jar --dex-file=/system/framework/bouncycastle.jar --dex-file=/system/framework/ext.jar --dex-file=/system/framework/framework.jar --dex-file=/system/framework/telephony-common.jar --dex-file=/system/framework/voip-common.jar --dex-file=/system/framework/ims-common.jar --dex-file=/system/framework/mms-common.jar --dex-file=/system/framework/android.policy.jar --dex-file=/system/framework/apache-xml.jar --oat-file=/data/dalvik-cache/arm/system@framework@boot.oat --instruction-set=arm --instruction-set-features=div --base=0x6f29f000 --runtime-arg -Xms64m --runtime-arg -Xmx64m --image-classes-zip=/system/framework/framework.jar --image-classes=preloaded-classes
I/mediaserver( 5317): ServiceManager: 0xb60500c0
I/AudioFlinger( 5317): Using default 3000 mSec as standby time.
I/ServiceManager( 5317): Waiting for service batterystats...
I/gralloc ( 5316): using (fd=12)
I/gralloc ( 5316): id           = 
I/gralloc ( 5316): xres         = 1080 px
I/gralloc ( 5316): yres         = 1920 px
I/gralloc ( 5316): xres_virtual = 1080 px
I/gralloc ( 5316): yres_virtual = 3840 px
I/gralloc ( 5316): bpp          = 32
I/gralloc ( 5316): r            = 16:8
I/gralloc ( 5316): g            =  8:8
I/gralloc ( 5316): b            =  0:8
I/gralloc ( 5316): width        = 65 mm (422.030762 dpi)
I/gralloc ( 5316): height       = 115 mm (424.069580 dpi)
I/gralloc ( 5316): refresh rate = 60.00 Hz
W/art     ( 5319): Unexpected file type of 
W/art     ( 5319):  encountered.
W/art     ( 5319): Could not create image space with image file '/system/framework/boot.art'. Attempting to fall back to imageless running. Error was: Failed to generate image '/data/dalvik-cache/arm/system@framework@boot.art': Failed execv(/system/bin/dex2oat --image=/data/dalvik-cache/arm/system@framework@boot.art --dex-file=/system/framework/core-libart.jar --dex-file=/system/framework/conscrypt.jar --dex-file=/system/framework/okhttp.jar --dex-file=/system/framework/core-junit.jar --dex-file=/system/framework/bouncycastle.jar --dex-file=/system/framework/ext.jar --dex-file=/system/framework/framework.jar --dex-file=/system/framework/telephony-common.jar --dex-file=/system/framework/voip-common.jar --dex-file=/system/framework/ims-common.jar --dex-file=/system/framework/mms-common.jar --dex-file=/system/framework/android.policy.jar --dex-file=/system/framework/apache-xml.jar --oat-file=/data/dalvik-cache/arm/system@framework@boot.oat --instruction-set=arm --instruction-set-features=div --base=0x6f29f000 --runtime-arg -Xms64
D/hwcomposer( 5316): using
D/hwcomposer( 5316): xres         = 1080 px
D/hwcomposer( 5316): yres         = 1920 px
D/hwcomposer( 5316): width        = 65 mm (422.030000 dpi)
D/hwcomposer( 5316): height       = 115 mm (424.069000 dpi)
D/hwcomposer( 5316): refresh rate = 60 Hz
D/libexynosv4l2-subdev( 5316): try node: /dev/v4l-subdev0
D/libexynosv4l2-subdev( 5316): try node: /dev/v4l-subdev1
D/libexynosv4l2-subdev( 5316): try node: /dev/v4l-subdev2
I/libexynosv4l2-subdev( 5316): node found for device s5p-mixer0: /dev/v4l-subdev2
I/libexynosv4l2-subdev( 5316): open subdev device /dev/v4l-subdev2
I/hwcomposer( 5316): PSR info devname = /sys/devices/14400000.fimd_fb/psr_info
I/hwcomposer( 5316): PSR mode is 2(0: video mode, 1: DP PSR mode, 2: MIPI-DSI command mode)
I/SurfaceFlinger( 5316): Using composer version 1.3
I/SurfaceFlinger( 5316): EGL information:
I/SurfaceFlinger( 5316): vendor    : Android
I/SurfaceFlinger( 5316): version   : 1.4 Android META-EGL
I/SurfaceFlinger( 5316): extensions: EGL_KHR_get_all_proc_addresses EGL_ANDROID_presentation_time EGL_KHR_image EGL_KHR_image_base EGL_KHR_gl_texture_2D_image EGL_KHR_gl_texture_cubemap_image EGL_KHR_gl_renderbuffer_image EGL_KHR_fence_sync EGL_KHR_create_context EGL_ANDROID_image_native_buffer EGL_KHR_wait_sync EGL_ANDROID_recordable 
I/SurfaceFlinger( 5316): Client API: OpenGL_ES
I/SurfaceFlinger( 5316): EGLSurface: 8-8-8-8, config=0xb6acf2ac
I/SurfaceFlinger( 5316): OpenGL ES informations:
I/SurfaceFlinger( 5316): vendor    : ARM
I/SurfaceFlinger( 5316): renderer  : Mali-T628
I/SurfaceFlinger( 5316): version   : OpenGL ES 3.0
I/SurfaceFlinger( 5316): extensions: GL_EXT_debug_marker GL_ARM_rgba8 GL_ARM_mali_shader_binary GL_OES_depth24 GL_OES_depth_texture GL_OES_depth_texture_cube_map GL_OES_packed_depth_stencil GL_OES_rgb8_rgba8 GL_EXT_read_format_bgra GL_OES_compressed_paletted_texture GL_OES_compressed_ETC1_RGB8_texture GL_OES_standard_derivatives GL_OES_EGL_image GL_OES_EGL_image_external GL_OES_EGL_sync GL_OES_texture_npot GL_OES_vertex_half_float GL_OES_required_internalformat GL_OES_vertex_array_object GL_OES_mapbuffer GL_EXT_texture_format_BGRA8888 GL_EXT_texture_rg GL_EXT_texture_type_2_10_10_10_REV GL_OES_fbo_render_mipmap GL_OES_element_index_uint GL_EXT_shadow_samplers GL_OES_texture_compression_astc GL_KHR_texture_compression_astc_ldr GL_KHR_texture_compression_astc_hdr GL_KHR_debug GL_EXT_occlusion_query_boolean GL_EXT_blend_minmax GL_EXT_discard_framebuffer GL_OES_get_program_binary GL_OES_texture_3D GL_EXT_texture_storage GL_EXT_multisampled_render_to_texture GL_OES_surfaceless_context GL_ARM_mali_program_binary 
I/SurfaceFlinger( 5316): GL_MAX_TEXTURE_SIZE = 8192
I/SurfaceFlinger( 5316): GL_MAX_VIEWPORT_DIMS = 8192
E/libEGL  ( 5316): eglQuerySurface:607 error 300d (EGL_BAD_SURFACE)
E/libEGL  ( 5316): eglQuerySurface:607 error 300d (EGL_BAD_SURFACE)
E/libEGL  ( 5316): call to OpenGL ES API with no current context (logged once per thread)
D/SurfaceFlinger( 5316): Set power mode=2, type=0 flinger=0xb6a62000
I/hwcomposer( 5316): int exynos5_blank(hwc_composer_device_1*, int, int):: disp(0), blank(0)
I/hwcomposer( 5316): unblank ioctl failed (display already unblanked)
E/libEGL  ( 5316): eglSwapBuffers:1071 error 300d (EGL_BAD_SURFACE)
F/SurfaceFlinger( 5316): eglSwapBuffers(0x1, 0x0) failed with 0x0000300d
F/libc    ( 5316): Fatal signal 6 (SIGABRT), code -6 in tid 5316 (surfaceflinger)
I/DEBUG   ( 3586): property debug.db.uid not set; NOT waiting for gdb.
I/DEBUG   ( 3586): HINT: adb shell setprop debug.db.uid 100000
I/DEBUG   ( 3586): HINT: adb forward tcp:5039 tcp:5039
I/DEBUG   ( 3586): *** *** *** *** *** *** *** *** *** *** *** *** *** *** *** ***
I/DEBUG   ( 3586): Build fingerprint: 'samsung/cm_k3gxx/k3gxx:5.0.2/LRX22G/ca2fb2b51d:userdebug/test-keys'
I/DEBUG   ( 3586): Revision: '10'
I/DEBUG   ( 3586): ABI: 'arm'
I/DEBUG   ( 3586): pid: 5316, tid: 5316, name: surfaceflinger  >>> /system/bin/surfaceflinger <<<
I/DEBUG   ( 3586): signal 6 (SIGABRT), code -6 (SI_TKILL), fault addr --------
I/DEBUG   ( 3586): Abort message: 'eglSwapBuffers(0x1, 0x0) failed with 0x0000300d'
I/DEBUG   ( 3586):     r0 00000000  r1 000014c4  r2 00000006  r3 00000000
I/DEBUG   ( 3586):     r4 b6fb6114  r5 00000006  r6 0000000b  r7 0000010c
I/DEBUG   ( 3586):     r8 00000000  r9 be982bd0  sl b6a54210  fp be982bd0
I/DEBUG   ( 3586):     ip 000014c4  sp be982650  lr b6f407b9  pc b6f644e4  cpsr 600f0010
I/DEBUG   ( 3586): 
I/DEBUG   ( 3586): backtrace:
I/DEBUG   ( 3586):     #00 pc 000384e4  /system/lib/libc.so (tgkill+12)
I/DEBUG   ( 3586):     #01 pc 000147b5  /system/lib/libc.so (pthread_kill+52)
I/DEBUG   ( 3586):     #02 pc 0001550b  /system/lib/libc.so (raise+10)
I/DEBUG   ( 3586):     #03 pc 00011c35  /system/lib/libc.so (__libc_android_abort+36)
I/DEBUG   ( 3586):     #04 pc 0000fcb8  /system/lib/libc.so (abort+4)
I/DEBUG   ( 3586):     #05 pc 00007739  /system/lib/libcutils.so (__android_log_assert+88)
I/DEBUG   ( 3586):     #06 pc 0000f4df  /system/lib/libsurfaceflinger.so
I/DEBUG   ( 3586):     #07 pc 0001b9fd  /system/lib/libsurfaceflinger.so
I/DEBUG   ( 3586):     #08 pc 0001abe7  /system/lib/libsurfaceflinger.so
I/DEBUG   ( 3586):     #09 pc 00019fc3  /system/lib/libsurfaceflinger.so
I/DEBUG   ( 3586):     #10 pc 00019d49  /system/lib/libsurfaceflinger.so
I/DEBUG   ( 3586):     #11 pc 00010ed3  /system/lib/libutils.so (android::Looper::pollInner(int)+410)
I/DEBUG   ( 3586):     #12 pc 00010fc5  /system/lib/libutils.so (android::Looper::pollOnce(int, int*, int*, void**)+92)
I/DEBUG   ( 3586):     #13 pc 000174c5  /system/lib/libsurfaceflinger.so
I/DEBUG   ( 3586):     #14 pc 0001993d  /system/lib/libsurfaceflinger.so (android::SurfaceFlinger::run()+8)
I/DEBUG   ( 3586):     #15 pc 0000083d  /system/bin/surfaceflinger
I/DEBUG   ( 3586):     #16 pc 0000fb75  /system/lib/libc.so (__libc_init+44)
I/DEBUG   ( 3586):     #17 pc 000008d8  /system/bin/surfaceflinger
W/auditd  ( 3596): type=1325 audit(0.0:1481): table=raw family=10 entries=6
W/ip6tables( 5455): type=1300 audit(0.0:1481): arch=40000028 syscall=294 per=800000 success=yes exit=0 a0=4 a1=29 a2=40 a3=b6c31800 items=0 ppid=5314 auid=4294967295 uid=0 gid=0 euid=0 suid=0 fsuid=0 egid=0 sgid=0 fsgid=0 ses=4294967295 tty=(none) exe="/system/bin/ip6tables" subj=u:r:netd:s0 key=(null)
W/auditd  ( 3596): type=1320 audit(0.0:1481): 
W/auditd  ( 3596): type=1325 audit(0.0:1482): table=raw family=2 entries=8
W/iptables( 5456): type=1300 audit(0.0:1482): arch=40000028 syscall=294 per=800000 success=yes exit=0 a0=4 a1=0 a2=40 a3=b6c1ba00 items=0 ppid=5314 auid=4294967295 uid=0 gid=0 euid=0 suid=0 fsuid=0 egid=0 sgid=0 fsgid=0 ses=4294967295 tty=(none) exe="/system/bin/iptables" subj=u:r:netd:s0 key=(null)
W/auditd  ( 3596): type=1320 audit(0.0:1482): 
W/auditd  ( 3596): type=1325 audit(0.0:1483): table=raw family=10 entries=8
W/ip6tables( 5457): type=1300 audit(0.0:1483): arch=40000028 syscall=294 per=800000 success=yes exit=0 a0=4 a1=29 a2=40 a3=b6c37800 items=0 ppid=5314 auid=4294967295 uid=0 gid=0 euid=0 suid=0 fsuid=0 egid=0 sgid=0 fsgid=0 ses=4294967295 tty=(none) exe="/system/bin/ip6tables" subj=u:r:netd:s0 key=(null)
W/auditd  ( 3596): type=1320 audit(0.0:1483): 
W/auditd  ( 3596): type=1325 audit(0.0:1484): table=raw family=2 entries=9
W/iptables( 5458): type=1300 audit(0.0:1484): arch=40000028 syscall=294 per=800000 success=yes exit=0 a0=4 a1=0 a2=40 a3=b6c1ba00 items=0 ppid=5314 auid=4294967295 uid=0 gid=0 euid=0 suid=0 fsuid=0 egid=0 sgid=0 fsgid=0 ses=4294967295 tty=(none) exe="/system/bin/iptables" subj=u:r:netd:s0 key=(null)
W/auditd  ( 3596): type=1320 audit(0.0:1484): 
W/auditd  ( 3596): type=1325 audit(0.0:1485): table=raw family=10 entries=9
W/ip6tables( 5459): type=1300 audit(0.0:1485): arch=40000028 syscall=294 per=800000 success=yes exit=0 a0=4 a1=29 a2=40 a3=b6c1d000 items=0 ppid=5314 auid=4294967295 uid=0 gid=0 euid=0 suid=0 fsuid=0 egid=0 sgid=0 fsgid=0 ses=4294967295 tty=(none) exe="/system/bin/ip6tables" subj=u:r:netd:s0 key=(null)
W/auditd  ( 3596): type=1320 audit(0.0:1485): 
W/auditd  ( 3596): type=1325 audit(0.0:1486): table=raw family=2 entries=8
W/iptables( 5460): type=1300 audit(0.0:1486): arch=40000028 syscall=294 per=800000 success=yes exit=0 a0=4 a1=0 a2=40 a3=b6c1ba00 items=0 ppid=5314 auid=4294967295 uid=0 gid=0 euid=0 suid=0 fsuid=0 egid=0 sgid=0 fsgid=0 ses=4294967295 tty=(none) exe="/system/bin/iptables" subj=u:r:netd:s0 key=(null)
W/auditd  ( 3596): type=1320 audit(0.0:1486): 
W/auditd  ( 3596): type=1325 audit(0.0:1487): table=raw family=10 entries=8
W/ip6tables( 5461): type=1300 audit(0.0:1487): arch=40000028 syscall=294 per=800000 success=yes exit=0 a0=4 a1=29 a2=40 a3=b6c32800 items=0 ppid=5314 auid=4294967295 uid=0 gid=0 euid=0 suid=0 fsuid=0 egid=0 sgid=0 fsgid=0 ses=4294967295 tty=(none) exe="/system/bin/ip6tables" subj=u:r:netd:s0 key=(null)
I/ServiceManager( 5317): Waiting for service batterystats...
V/NatController( 5314): runCmd(/system/bin/iptables -F natctrl_FORWARD) res=0
V/NatController( 5314): runCmd(/system/bin/iptables -A natctrl_FORWARD -j DROP) res=0
V/NatController( 5314): runCmd(/system/bin/iptables -t nat -F natctrl_nat_POSTROUTING) res=0
I/DEBUG   ( 3586): 
I/DEBUG   ( 3586): Tombstone written to: /data/tombstones/tombstone_08
V/NatController( 5314): runCmd(/system/bin/iptables -F natctrl_tether_counters) res=0
V/NatController( 5314): runCmd(/system/bin/iptables -X natctrl_tether_counters) res=0
V/NatController( 5314): runCmd(/system/bin/iptables -N natctrl_tether_counters) res=0
V/NatController( 5314): runCmd(/system/bin/iptables -t mangle -A natctrl_mangle_FORWARD -p tcp --tcp-flags SYN SYN -j TCPMSS --clamp-mss-to-pmtu) res=0
I/ServiceManager( 3574): service 'SurfaceFlinger' died
I/ServiceManager( 3574): service 'Exynos.HWCService' died
I/ServiceManager( 3574): service 'media.wifi_display' died
I/ServiceManager( 3574): service 'media.audio_flinger' died
W/init    ( 5523): type=1400 audit(0.0:1542): avc: denied { entrypoint } for path="/system/bin/auditd" dev="mmcblk0p18" ino=173 scontext=u:r:logd:s0 tcontext=u:object_r:system_file:s0 tclass=file
W/init    ( 5523): type=1300 audit(0.0:1542): arch=40000028 syscall=11 per=800000 success=no exit=-13 a0=b6d80954 a1=b6d66770 a2=57e64 a3=ff0000 items=1 ppid=1 auid=4294967295 uid=0 gid=0 euid=0 suid=0 fsuid=0 egid=0 sgid=0 fsgid=0 ses=4294967295 tty=(none) exe="/init" subj=u:r:init:s0 key=(null)
W/auditd  ( 3596): type=1307 audit(0.0:1542): cwd="/"
W/auditd  ( 3596): type=1302 audit(0.0:1542): item=0 name="/system/bin/auditd" inode=173 dev=103:0a mode=0100755 ouid=0 ogid=2000 rdev=00:00 obj=u:object_r:system_file:s0
W/auditd  ( 3596): type=1320 audit(0.0:1542): 
I/Netd    ( 5524): Netd 1.0 starting
E/Netd    ( 5524): Failed to open /proc/sys/net/ipv6/conf/default/accept_ra_rt_table: No such file or directory
E/Netd    ( 5524): Failed to open /proc/sys/net/ipv6/conf/ip6tnl0/accept_ra_rt_table: No such file or directory
E/Netd    ( 5524): Failed to open /proc/sys/net/ipv6/conf/lo/accept_ra_rt_table: No such file or directory
E/Netd    ( 5524): Failed to open /proc/sys/net/ipv6/conf/rmnet0/accept_ra_rt_table: No such file or directory
E/Netd    ( 5524): Failed to open /proc/sys/net/ipv6/conf/rmnet1/accept_ra_rt_table: No such file or directory
E/Netd    ( 5524): Failed to open /proc/sys/net/ipv6/conf/rmnet2/accept_ra_rt_table: No such file or directory
E/Netd    ( 5524): Failed to open /proc/sys/net/ipv6/conf/rmnet3/accept_ra_rt_table: No such file or directory
E/Netd    ( 5524): Failed to open /proc/sys/net/ipv6/conf/sit0/accept_ra_rt_table: No such file or directory
W/auditd  ( 3596): type=1325 audit(0.0:1543): table=filter family=2 entries=40
W/iptables( 5530): type=1300 audit(0.0:1543): arch=40000028 syscall=294 per=800000 success=yes exit=0 a0=4 a1=0 a2=40 a3=b6c25000 items=0 ppid=5524 auid=4294967295 uid=0 gid=0 euid=0 suid=0 fsuid=0 egid=0 sgid=0 fsgid=0 ses=4294967295 tty=(none) exe="/system/bin/iptables" subj=u:r:netd:s0 key=(null)
W/auditd  ( 3596): type=1320 audit(0.0:1543): 
W/auditd  ( 3596): type=1325 audit(0.0:1544): table=filter family=10 entries=35
W/ip6tables( 5531): type=1300 audit(0.0:1544): arch=40000028 syscall=294 per=800000 success=yes exit=0 a0=4 a1=29 a2=40 a3=b6c28000 items=0 ppid=5524 auid=4294967295 uid=0 gid=0 euid=0 suid=0 fsuid=0 egid=0 sgid=0 fsgid=0 ses=4294967295 tty=(none) exe="/system/bin/ip6tables" subj=u:r:netd:s0 key=(null)
W/auditd  ( 3596): type=1320 audit(0.0:1544): 
W/auditd  ( 3596): type=1325 audit(0.0:1545): table=filter family=2 entries=39
W/iptables( 5532): type=1300 audit(0.0:1545): arch=40000028 syscall=294 per=800000 success=yes exit=0 a0=4 a1=0 a2=40 a3=b6c22000 items=0 ppid=5524 auid=4294967295 uid=0 gid=0 euid=0 suid=0 fsuid=0 egid=0 sgid=0 fsgid=0 ses=4294967295 tty=(none) exe="/system/bin/iptables" subj=u:r:netd:s0 key=(null)
W/auditd  ( 3596): type=1320 audit(0.0:1545): 
I/SurfaceFlinger( 5526): SurfaceFlinger is starting
I/SurfaceFlinger( 5526): SurfaceFlinger's main thread ready to run. Initializing graphics H/W...
W/auditd  ( 3596): type=1325 audit(0.0:1546): table=filter family=10 entries=34
W/ip6tables( 5533): type=1300 audit(0.0:1546): arch=40000028 syscall=294 per=800000 success=yes exit=0 a0=4 a1=29 a2=40 a3=b6c23000 items=0 ppid=5524 auid=4294967295 uid=0 gid=0 euid=0 suid=0 fsuid=0 egid=0 sgid=0 fsgid=0 ses=4294967295 tty=(none) exe="/system/bin/ip6tables" subj=u:r:netd:s0 key=(null)
W/auditd  ( 3596): type=1320 audit(0.0:1546): 
W/auditd  ( 3596): type=1325 audit(0.0:1547): table=filter family=2 entries=39
W/iptables( 5538): type=1300 audit(0.0:1547): arch=40000028 syscall=294 per=800000 success=yes exit=0 a0=4 a1=0 a2=40 a3=b6c22000 items=0 ppid=5524 auid=4294967295 uid=0 gid=0 euid=0 suid=0 fsuid=0 egid=0 sgid=0 fsgid=0 ses=4294967295 tty=(none) exe="/system/bin/iptables" subj=u:r:netd:s0 key=(null)
W/auditd  ( 3596): type=1320 audit(0.0:1547): 
D/libEGL  ( 5526): loaded /vendor/lib/egl/libGLES_mali.so
I/        ( 5526): PLATFORM VERSION : JB-MR-2
D/AndroidRuntime( 5529): 
D/AndroidRuntime( 5529): >>>>>> AndroidRuntime START com.android.internal.os.ZygoteInit <<<<<<
D/AndroidRuntime( 5529): CheckJNI is OFF
I/art     ( 5529): option[0]=-Xzygote
I/art     ( 5529): option[1]=-Xstacktracefile:/data/anr/traces.txt
I/art     ( 5529): option[2]=exit
I/art     ( 5529): option[3]=vfprintf
I/art     ( 5529): option[4]=sensitiveThread
I/art     ( 5529): option[5]=-verbose:gc
I/art     ( 5529): option[6]=-Xms8m
I/art     ( 5529): option[7]=-Xmx512m
I/art     ( 5529): option[8]=-XX:mainThreadStackSize=24K
I/art     ( 5529): option[9]=-XX:HeapGrowthLimit=128m
I/art     ( 5529): option[10]=-XX:HeapMinFree=2m
I/art     ( 5529): option[11]=-XX:HeapMaxFree=8m
I/art     ( 5529): option[12]=-XX:HeapTargetUtilization=0.75
I/art     ( 5529): option[13]=-agentlib:jdwp=transport=dt_android_adb,suspend=n,server=y
I/art     ( 5529): option[14]=-Xlockprofthreshold:500
I/art     ( 5529): option[15]=-Ximage-compiler-option
I/art     ( 5529): option[16]=--runtime-arg
I/art     ( 5529): option[17]=-Ximage-compiler-option
I/art     ( 5529): option[18]=-Xms64m
I/art     ( 5529): option[19]=-Ximage-compiler-option
I/art     ( 5529): option[20]=--runtime-arg
I/art     ( 5529): option[21]=-Ximage-compiler-option
I/art     ( 5529): option[22]=-Xmx64m
I/art     ( 5529): option[23]=-Ximage-compiler-option
I/art     ( 5529): option[24]=--image-classes-zip=/system/framework/framework.jar
I/art     ( 5529): option[25]=-Ximage-compiler-option
I/art     ( 5529): option[26]=--image-classes=preloaded-classes
I/art     ( 5529): option[27]=-Xcompiler-option
I/art     ( 5529): option[28]=--runtime-arg
I/art     ( 5529): option[29]=-Xcompiler-option
I/art     ( 5529): option[30]=-Xms64m
I/art     ( 5529): option[31]=-Xcompiler-option
I/art     ( 5529): option[32]=--runtime-arg
I/art     ( 5529): option[33]=-Xcompiler-option
I/art     ( 5529): option[34]=-Xmx512m
I/art     ( 5529): option[35]=-Duser.language=es
I/art     ( 5529): option[36]=-Duser.region=US
I/art     ( 5529): Pruning dalvik-cache since we are generating an image and will need to recompile
W/art     ( 5529): Unexpected file type of 
W/art     ( 5529):  encountered.
I/art     ( 5529): Using an offset of 0xaf000 from default art base address of 0x70000000
I/art     ( 5529): GenerateImage: /system/bin/dex2oat --image=/data/dalvik-cache/arm/system@framework@boot.art --dex-file=/system/framework/core-libart.jar --dex-file=/system/framework/conscrypt.jar --dex-file=/system/framework/okhttp.jar --dex-file=/system/framework/core-junit.jar --dex-file=/system/framework/bouncycastle.jar --dex-file=/system/framework/ext.jar --dex-file=/system/framework/framework.jar --dex-file=/system/framework/telephony-common.jar --dex-file=/system/framework/voip-common.jar --dex-file=/system/framework/ims-common.jar --dex-file=/system/framework/mms-common.jar --dex-file=/system/framework/android.policy.jar --dex-file=/system/framework/apache-xml.jar --oat-file=/data/dalvik-cache/arm/system@framework@boot.oat --instruction-set=arm --instruction-set-features=div --base=0x700af000 --runtime-arg -Xms64m --runtime-arg -Xmx64m --image-classes-zip=/system/framework/framework.jar --image-classes=preloaded-classes
I/mediaserver( 5527): ServiceManager: 0xb60500c0
I/AudioFlinger( 5527): Using default 3000 mSec as standby time.
I/ServiceManager( 5527): Waiting for service batterystats...
I/gralloc ( 5526): using (fd=12)
I/gralloc ( 5526): id           = 
I/gralloc ( 5526): xres         = 1080 px
I/gralloc ( 5526): yres         = 1920 px
I/gralloc ( 5526): xres_virtual = 1080 px
I/gralloc ( 5526): yres_virtual = 3840 px
I/gralloc ( 5526): bpp          = 32
I/gralloc ( 5526): r            = 16:8
I/gralloc ( 5526): g            =  8:8
I/gralloc ( 5526): b            =  0:8
I/gralloc ( 5526): width        = 65 mm (422.030762 dpi)
I/gralloc ( 5526): height       = 115 mm (424.069580 dpi)
I/gralloc ( 5526): refresh rate = 60.00 Hz
W/art     ( 5529): Unexpected file type of 
W/art     ( 5529):  encountered.
W/art     ( 5529): Could not create image space with image file '/system/framework/boot.art'. Attempting to fall back to imageless running. Error was: Failed to generate image '/data/dalvik-cache/arm/system@framework@boot.art': Failed execv(/system/bin/dex2oat --image=/data/dalvik-cache/arm/system@framework@boot.art --dex-file=/system/framework/core-libart.jar --dex-file=/system/framework/conscrypt.jar --dex-file=/system/framework/okhttp.jar --dex-file=/system/framework/core-junit.jar --dex-file=/system/framework/bouncycastle.jar --dex-file=/system/framework/ext.jar --dex-file=/system/framework/framework.jar --dex-file=/system/framework/telephony-common.jar --dex-file=/system/framework/voip-common.jar --dex-file=/system/framework/ims-common.jar --dex-file=/system/framework/mms-common.jar --dex-file=/system/framework/android.policy.jar --dex-file=/system/framework/apache-xml.jar --oat-file=/data/dalvik-cache/arm/system@framework@boot.oat --instruction-set=arm --instruction-set-features=div --base=0x700af000 --runtime-arg -Xms64
D/hwcomposer( 5526): using
D/hwcomposer( 5526): xres         = 1080 px
D/hwcomposer( 5526): yres         = 1920 px
D/hwcomposer( 5526): width        = 65 mm (422.030000 dpi)
D/hwcomposer( 5526): height       = 115 mm (424.069000 dpi)
D/hwcomposer( 5526): refresh rate = 60 Hz
D/libexynosv4l2-subdev( 5526): try node: /dev/v4l-subdev0
D/libexynosv4l2-subdev( 5526): try node: /dev/v4l-subdev1
D/libexynosv4l2-subdev( 5526): try node: /dev/v4l-subdev2
I/libexynosv4l2-subdev( 5526): node found for device s5p-mixer0: /dev/v4l-subdev2
I/libexynosv4l2-subdev( 5526): open subdev device /dev/v4l-subdev2
I/hwcomposer( 5526): PSR info devname = /sys/devices/14400000.fimd_fb/psr_info
I/hwcomposer( 5526): PSR mode is 2(0: video mode, 1: DP PSR mode, 2: MIPI-DSI command mode)
I/SurfaceFlinger( 5526): Using composer version 1.3
I/SurfaceFlinger( 5526): EGL information:
I/SurfaceFlinger( 5526): vendor    : Android
I/SurfaceFlinger( 5526): version   : 1.4 Android META-EGL
I/SurfaceFlinger( 5526): extensions: EGL_KHR_get_all_proc_addresses EGL_ANDROID_presentation_time EGL_KHR_image EGL_KHR_image_base EGL_KHR_gl_texture_2D_image EGL_KHR_gl_texture_cubemap_image EGL_KHR_gl_renderbuffer_image EGL_KHR_fence_sync EGL_KHR_create_context EGL_ANDROID_image_native_buffer EGL_KHR_wait_sync EGL_ANDROID_recordable 
I/SurfaceFlinger( 5526): Client API: OpenGL_ES
I/SurfaceFlinger( 5526): EGLSurface: 8-8-8-8, config=0xb69cf2ac
I/SurfaceFlinger( 5526): OpenGL ES informations:
I/SurfaceFlinger( 5526): vendor    : ARM
I/SurfaceFlinger( 5526): renderer  : Mali-T628
I/SurfaceFlinger( 5526): version   : OpenGL ES 3.0
I/SurfaceFlinger( 5526): extensions: GL_EXT_debug_marker GL_ARM_rgba8 GL_ARM_mali_shader_binary GL_OES_depth24 GL_OES_depth_texture GL_OES_depth_texture_cube_map GL_OES_packed_depth_stencil GL_OES_rgb8_rgba8 GL_EXT_read_format_bgra GL_OES_compressed_paletted_texture GL_OES_compressed_ETC1_RGB8_texture GL_OES_standard_derivatives GL_OES_EGL_image GL_OES_EGL_image_external GL_OES_EGL_sync GL_OES_texture_npot GL_OES_vertex_half_float GL_OES_required_internalformat GL_OES_vertex_array_object GL_OES_mapbuffer GL_EXT_texture_format_BGRA8888 GL_EXT_texture_rg GL_EXT_texture_type_2_10_10_10_REV GL_OES_fbo_render_mipmap GL_OES_element_index_uint GL_EXT_shadow_samplers GL_OES_texture_compression_astc GL_KHR_texture_compression_astc_ldr GL_KHR_texture_compression_astc_hdr GL_KHR_debug GL_EXT_occlusion_query_boolean GL_EXT_blend_minmax GL_EXT_discard_framebuffer GL_OES_get_program_binary GL_OES_texture_3D GL_EXT_texture_storage GL_EXT_multisampled_render_to_texture GL_OES_surfaceless_context GL_ARM_mali_program_binary 
I/SurfaceFlinger( 5526): GL_MAX_TEXTURE_SIZE = 8192
I/SurfaceFlinger( 5526): GL_MAX_VIEWPORT_DIMS = 8192
E/libEGL  ( 5526): eglQuerySurface:607 error 300d (EGL_BAD_SURFACE)
E/libEGL  ( 5526): eglQuerySurface:607 error 300d (EGL_BAD_SURFACE)
E/libEGL  ( 5526): call to OpenGL ES API with no current context (logged once per thread)
D/SurfaceFlinger( 5526): Set power mode=2, type=0 flinger=0xb6962000
I/hwcomposer( 5526): int exynos5_blank(hwc_composer_device_1*, int, int):: disp(0), blank(0)
I/hwcomposer( 5526): unblank ioctl failed (display already unblanked)
E/libEGL  ( 5526): eglSwapBuffers:1071 error 300d (EGL_BAD_SURFACE)
F/SurfaceFlinger( 5526): eglSwapBuffers(0x1, 0x0) failed with 0x0000300d
F/libc    ( 5526): Fatal signal 6 (SIGABRT), code -6 in tid 5526 (surfaceflinger)
I/DEBUG   ( 3586): property debug.db.uid not set; NOT waiting for gdb.
I/DEBUG   ( 3586): HINT: adb shell setprop debug.db.uid 100000
I/DEBUG   ( 3586): HINT: adb forward tcp:5039 tcp:5039
I/DEBUG   ( 3586): *** *** *** *** *** *** *** *** *** *** *** *** *** *** *** ***
I/DEBUG   ( 3586): Build fingerprint: 'samsung/cm_k3gxx/k3gxx:5.0.2/LRX22G/ca2fb2b51d:userdebug/test-keys'
I/DEBUG   ( 3586): Revision: '10'
I/DEBUG   ( 3586): ABI: 'arm'
I/DEBUG   ( 3586): pid: 5526, tid: 5526, name: surfaceflinger  >>> /system/bin/surfaceflinger <<<
I/DEBUG   ( 3586): signal 6 (SIGABRT), code -6 (SI_TKILL), fault addr --------
I/DEBUG   ( 3586): Abort message: 'eglSwapBuffers(0x1, 0x0) failed with 0x0000300d'
I/DEBUG   ( 3586):     r0 00000000  r1 00001596  r2 00000006  r3 00000000
I/DEBUG   ( 3586):     r4 b6f00114  r5 00000006  r6 0000000b  r7 0000010c
I/DEBUG   ( 3586):     r8 00000000  r9 bee3ebd0  sl b6954210  fp bee3ebd0
I/DEBUG   ( 3586):     ip 00001596  sp bee3e650  lr b6e8a7b9  pc b6eae4e4  cpsr 600f0010
I/DEBUG   ( 3586): 
I/DEBUG   ( 3586): backtrace:
I/DEBUG   ( 3586):     #00 pc 000384e4  /system/lib/libc.so (tgkill+12)
I/DEBUG   ( 3586):     #01 pc 000147b5  /system/lib/libc.so (pthread_kill+52)
I/DEBUG   ( 3586):     #02 pc 0001550b  /system/lib/libc.so (raise+10)
I/DEBUG   ( 3586):     #03 pc 00011c35  /system/lib/libc.so (__libc_android_abort+36)
I/DEBUG   ( 3586):     #04 pc 0000fcb8  /system/lib/libc.so (abort+4)
I/DEBUG   ( 3586):     #05 pc 00007739  /system/lib/libcutils.so (__android_log_assert+88)
I/DEBUG   ( 3586):     #06 pc 0000f4df  /system/lib/libsurfaceflinger.so
I/DEBUG   ( 3586):     #07 pc 0001b9fd  /system/lib/libsurfaceflinger.so
I/DEBUG   ( 3586):     #08 pc 0001abe7  /system/lib/libsurfaceflinger.so
I/DEBUG   ( 3586):     #09 pc 00019fc3  /system/lib/libsurfaceflinger.so
I/DEBUG   ( 3586):     #10 pc 00019d49  /system/lib/libsurfaceflinger.so
I/DEBUG   ( 3586):     #11 pc 00010ed3  /system/lib/libutils.so (android::Looper::pollInner(int)+410)
I/DEBUG   ( 3586):     #12 pc 00010fc5  /system/lib/libutils.so (android::Looper::pollOnce(int, int*, int*, void**)+92)
I/DEBUG   ( 3586):     #13 pc 000174c5  /system/lib/libsurfaceflinger.so
I/DEBUG   ( 3586):     #14 pc 0001993d  /system/lib/libsurfaceflinger.so (android::SurfaceFlinger::run()+8)
I/DEBUG   ( 3586):     #15 pc 0000083d  /system/bin/surfaceflinger
I/DEBUG   ( 3586):     #16 pc 0000fb75  /system/lib/libc.so (__libc_init+44)
I/DEBUG   ( 3586):     #17 pc 000008d8  /system/bin/surfaceflinger
W/auditd  ( 3596): type=1325 audit(0.0:1668): table=raw family=2 entries=8
W/iptables( 5670): type=1300 audit(0.0:1668): arch=40000028 syscall=294 per=800000 success=yes exit=0 a0=4 a1=0 a2=40 a3=b6c1ba00 items=0 ppid=5524 auid=4294967295 uid=0 gid=0 euid=0 suid=0 fsuid=0 egid=0 sgid=0 fsgid=0 ses=4294967295 tty=(none) exe="/system/bin/iptables" subj=u:r:netd:s0 key=(null)
W/auditd  ( 3596): type=1320 audit(0.0:1668): 
W/auditd  ( 3596): type=1325 audit(0.0:1669): table=raw family=10 entries=8
W/ip6tables( 5671): type=1300 audit(0.0:1669): arch=40000028 syscall=294 per=800000 success=yes exit=0 a0=4 a1=29 a2=40 a3=b6c32800 items=0 ppid=5524 auid=4294967295 uid=0 gid=0 euid=0 suid=0 fsuid=0 egid=0 sgid=0 fsgid=0 ses=4294967295 tty=(none) exe="/system/bin/ip6tables" subj=u:r:netd:s0 key=(null)
W/auditd  ( 3596): type=1320 audit(0.0:1669): 
W/auditd  ( 3596): type=1325 audit(0.0:1670): table=raw family=2 entries=8
W/iptables( 5672): type=1300 audit(0.0:1670): arch=40000028 syscall=294 per=800000 success=yes exit=0 a0=4 a1=0 a2=40 a3=b6c30100 items=0 ppid=5524 auid=4294967295 uid=0 gid=0 euid=0 suid=0 fsuid=0 egid=0 sgid=0 fsgid=0 ses=4294967295 tty=(none) exe="/system/bin/iptables" subj=u:r:netd:s0 key=(null)
W/auditd  ( 3596): type=1320 audit(0.0:1670): 
W/auditd  ( 3596): type=1325 audit(0.0:1671): table=raw family=10 entries=8
W/ip6tables( 5673): type=1300 audit(0.0:1671): arch=40000028 syscall=294 per=800000 success=yes exit=0 a0=4 a1=29 a2=40 a3=b6c32400 items=0 ppid=5524 auid=4294967295 uid=0 gid=0 euid=0 suid=0 fsuid=0 egid=0 sgid=0 fsgid=0 ses=4294967295 tty=(none) exe="/system/bin/ip6tables" subj=u:r:netd:s0 key=(null)
W/auditd  ( 3596): type=1320 audit(0.0:1671): 
W/auditd  ( 3596): type=1325 audit(0.0:1672): table=raw family=2 entries=6
W/iptables( 5674): type=1300 audit(0.0:1672): arch=40000028 syscall=294 per=800000 success=yes exit=0 a0=4 a1=0 a2=40 a3=b6c20400 items=0 ppid=5524 auid=4294967295 uid=0 gid=0 euid=0 suid=0 fsuid=0 egid=0 sgid=0 fsgid=0 ses=4294967295 tty=(none) exe="/system/bin/iptables" subj=u:r:netd:s0 key=(null)
W/auditd  ( 3596): type=1320 audit(0.0:1672): 
W/auditd  ( 3596): type=1325 audit(0.0:1673): table=raw family=10 entries=6
W/ip6tables( 5675): type=1300 audit(0.0:1673): arch=40000028 syscall=294 per=800000 success=yes exit=0 a0=4 a1=29 a2=40 a3=b6c31800 items=0 ppid=5524 auid=4294967295 uid=0 gid=0 euid=0 suid=0 fsuid=0 egid=0 sgid=0 fsgid=0 ses=4294967295 tty=(none) exe="/system/bin/ip6tables" subj=u:r:netd:s0 key=(null)
W/auditd  ( 3596): type=1320 audit(0.0:1673): 
W/auditd  ( 3596): type=1325 audit(0.0:1674): table=raw family=2 entries=8
W/iptables( 5676): type=1300 audit(0.0:1674): arch=40000028 syscall=294 per=800000 success=yes exit=0 a0=4 a1=0 a2=40 a3=b6c1ba00 items=0 ppid=5524 auid=4294967295 uid=0 gid=0 euid=0 suid=0 fsuid=0 egid=0 sgid=0 fsgid=0 ses=4294967295 tty=(none) exe="/system/bin/iptables" subj=u:r:netd:s0 key=(null)
I/ServiceManager( 5527): Waiting for service batterystats...
V/NatController( 5524): runCmd(/system/bin/iptables -F natctrl_FORWARD) res=0
V/NatController( 5524): runCmd(/system/bin/iptables -A natctrl_FORWARD -j DROP) res=0
V/NatController( 5524): runCmd(/system/bin/iptables -t nat -F natctrl_nat_POSTROUTING) res=0
V/NatController( 5524): runCmd(/system/bin/iptables -F natctrl_tether_counters) res=0
V/NatController( 5524): runCmd(/system/bin/iptables -X natctrl_tether_counters) res=0
V/NatController( 5524): runCmd(/system/bin/iptables -N natctrl_tether_counters) res=0
I/DEBUG   ( 3586): 
I/DEBUG   ( 3586): Tombstone written to: /data/tombstones/tombstone_09
V/NatController( 5524): runCmd(/system/bin/iptables -t mangle -A natctrl_mangle_FORWARD -p tcp --tcp-flags SYN SYN -j TCPMSS --clamp-mss-to-pmtu) res=0
I/ServiceManager( 3574): service 'SurfaceFlinger' died
I/ServiceManager( 3574): service 'Exynos.HWCService' died
I/ServiceManager( 3574): service 'media.wifi_display' died
I/ServiceManager( 3574): service 'media.audio_flinger' died
W/init    ( 5733): type=1400 audit(0.0:1726): avc: denied { entrypoint } for path="/system/bin/auditd" dev="mmcblk0p18" ino=173 scontext=u:r:logd:s0 tcontext=u:object_r:system_file:s0 tclass=file
W/init    ( 5733): type=1300 audit(0.0:1726): arch=40000028 syscall=11 per=800000 success=no exit=-13 a0=b6d80954 a1=b6d66770 a2=57e64 a3=ff0000 items=1 ppid=1 auid=4294967295 uid=0 gid=0 euid=0 suid=0 fsuid=0 egid=0 sgid=0 fsgid=0 ses=4294967295 tty=(none) exe="/init" subj=u:r:init:s0 key=(null)
W/auditd  ( 3596): type=1307 audit(0.0:1726): cwd="/"
W/auditd  ( 3596): type=1302 audit(0.0:1726): item=0 name="/system/bin/auditd" inode=173 dev=103:0a mode=0100755 ouid=0 ogid=2000 rdev=00:00 obj=u:object_r:system_file:s0
W/auditd  ( 3596): type=1320 audit(0.0:1726): 
I/Netd    ( 5734): Netd 1.0 starting
E/Netd    ( 5734): Failed to open /proc/sys/net/ipv6/conf/default/accept_ra_rt_table: No such file or directory
E/Netd    ( 5734): Failed to open /proc/sys/net/ipv6/conf/ip6tnl0/accept_ra_rt_table: No such file or directory
E/Netd    ( 5734): Failed to open /proc/sys/net/ipv6/conf/lo/accept_ra_rt_table: No such file or directory
