I/SurfaceFlinger( 3944): extensions: EGL_KHR_get_all_proc_addresses EGL_ANDROID_presentation_time EGL_KHR_image EGL_KHR_image_base EGL_KHR_gl_texture_2D_image EGL_KHR_gl_texture_cubemap_image EGL_KHR_gl_renderbuffer_image EGL_KHR_fence_sync EGL_KHR_create_context EGL_ANDROID_image_native_buffer EGL_KHR_wait_sync EGL_ANDROID_recordable 
I/SurfaceFlinger( 3944): Client API: OpenGL_ES
I/SurfaceFlinger( 3944): EGLSurface: 8-8-8-8, config=0xb6acf2ac
I/SurfaceFlinger( 3944): OpenGL ES informations:
I/SurfaceFlinger( 3944): vendor    : ARM
I/SurfaceFlinger( 3944): renderer  : Mali-T628
I/SurfaceFlinger( 3944): version   : OpenGL ES 3.0
I/SurfaceFlinger( 3944): extensions: GL_EXT_debug_marker GL_ARM_rgba8 GL_ARM_mali_shader_binary GL_OES_depth24 GL_OES_depth_texture GL_OES_depth_texture_cube_map GL_OES_packed_depth_stencil GL_OES_rgb8_rgba8 GL_EXT_read_format_bgra GL_OES_compressed_paletted_texture GL_OES_compressed_ETC1_RGB8_texture GL_OES_standard_derivatives GL_OES_EGL_image GL_OES_EGL_image_external GL_OES_EGL_sync GL_OES_texture_npot GL_OES_vertex_half_float GL_OES_required_internalformat GL_OES_vertex_array_object GL_OES_mapbuffer GL_EXT_texture_format_BGRA8888 GL_EXT_texture_rg GL_EXT_texture_type_2_10_10_10_REV GL_OES_fbo_render_mipmap GL_OES_element_index_uint GL_EXT_shadow_samplers GL_OES_texture_compression_astc GL_KHR_texture_compression_astc_ldr GL_KHR_texture_compression_astc_hdr GL_KHR_debug GL_EXT_occlusion_query_boolean GL_EXT_blend_minmax GL_EXT_discard_framebuffer GL_OES_get_program_binary GL_OES_texture_3D GL_EXT_texture_storage GL_EXT_multisampled_render_to_texture GL_OES_surfaceless_context GL_ARM_mali_program_binary 
I/SurfaceFlinger( 3944): GL_MAX_TEXTURE_SIZE = 8192
I/SurfaceFlinger( 3944): GL_MAX_VIEWPORT_DIMS = 8192
E/libEGL  ( 3944): eglQuerySurface:607 error 300d (EGL_BAD_SURFACE)
E/libEGL  ( 3944): eglQuerySurface:607 error 300d (EGL_BAD_SURFACE)
E/libEGL  ( 3944): call to OpenGL ES API with no current context (logged once per thread)
D/SurfaceFlinger( 3944): Set power mode=2, type=0 flinger=0xb6a62000
E/libEGL  ( 3944): eglSwapBuffers:1071 error 300d (EGL_BAD_SURFACE)
F/SurfaceFlinger( 3944): eglSwapBuffers(0x1, 0x0) failed with 0x0000300d
F/libc    ( 3944): Fatal signal 6 (SIGABRT), code -6 in tid 3944 (surfaceflinger)
I/DEBUG   ( 3582): property debug.db.uid not set; NOT waiting for gdb.
I/DEBUG   ( 3582): HINT: adb shell setprop debug.db.uid 100000
I/DEBUG   ( 3582): HINT: adb forward tcp:5039 tcp:5039
I/DEBUG   ( 3582): *** *** *** *** *** *** *** *** *** *** *** *** *** *** *** ***
I/DEBUG   ( 3582): Build fingerprint: 'samsung/cm_k3gxx/k3gxx:5.0.2/LRX22G/d4ad8f67ab:userdebug/test-keys'
I/DEBUG   ( 3582): Revision: '10'
I/DEBUG   ( 3582): ABI: 'arm'
I/DEBUG   ( 3582): pid: 3944, tid: 3944, name: surfaceflinger  >>> /system/bin/surfaceflinger <<<
I/DEBUG   ( 3582): signal 6 (SIGABRT), code -6 (SI_TKILL), fault addr --------
I/DEBUG   ( 3582): Abort message: 'eglSwapBuffers(0x1, 0x0) failed with 0x0000300d'
I/DEBUG   ( 3582):     r0 00000000  r1 00000f68  r2 00000006  r3 00000000
I/DEBUG   ( 3582):     r4 b6ffa114  r5 00000006  r6 0000000b  r7 0000010c
I/DEBUG   ( 3582):     r8 00000000  r9 be88dbd0  sl b6a540d0  fp be88dbd0
I/DEBUG   ( 3582):     ip 00000f68  sp be88d650  lr b6f847b9  pc b6fa84e4  cpsr 600f0010
I/DEBUG   ( 3582): 
I/DEBUG   ( 3582): backtrace:
I/DEBUG   ( 3582):     #00 pc 000384e4  /system/lib/libc.so (tgkill+12)
I/DEBUG   ( 3582):     #01 pc 000147b5  /system/lib/libc.so (pthread_kill+52)
I/DEBUG   ( 3582):     #02 pc 0001550b  /system/lib/libc.so (raise+10)
I/DEBUG   ( 3582):     #03 pc 00011c35  /system/lib/libc.so (__libc_android_abort+36)
I/DEBUG   ( 3582):     #04 pc 0000fcb8  /system/lib/libc.so (abort+4)
I/DEBUG   ( 3582):     #05 pc 00007739  /system/lib/libcutils.so (__android_log_assert+88)
I/DEBUG   ( 3582):     #06 pc 0000f4df  /system/lib/libsurfaceflinger.so
I/DEBUG   ( 3582):     #07 pc 0001b9fd  /system/lib/libsurfaceflinger.so
I/DEBUG   ( 3582):     #08 pc 0001abe7  /system/lib/libsurfaceflinger.so
I/DEBUG   ( 3582):     #09 pc 00019fc3  /system/lib/libsurfaceflinger.so
I/DEBUG   ( 3582):     #10 pc 00019d49  /system/lib/libsurfaceflinger.so
I/DEBUG   ( 3582):     #11 pc 00010ed3  /system/lib/libutils.so (android::Looper::pollInner(int)+410)
I/DEBUG   ( 3582):     #12 pc 00010fc5  /system/lib/libutils.so (android::Looper::pollOnce(int, int*, int*, void**)+92)
I/DEBUG   ( 3582):     #13 pc 000174c5  /system/lib/libsurfaceflinger.so
I/DEBUG   ( 3582):     #14 pc 0001993d  /system/lib/libsurfaceflinger.so (android::SurfaceFlinger::run()+8)
I/DEBUG   ( 3582):     #15 pc 0000083d  /system/bin/surfaceflinger
I/DEBUG   ( 3582):     #16 pc 0000fb75  /system/lib/libc.so (__libc_init+44)
I/DEBUG   ( 3582):     #17 pc 000008d8  /system/bin/surfaceflinger
I/DEBUG   ( 3582): 
I/DEBUG   ( 3582): Tombstone written to: /data/tombstones/tombstone_03
I/ServiceManager( 3571): service 'SurfaceFlinger' died
I/Netd    ( 3987): Netd 1.0 starting
E/Netd    ( 3987): Failed to open /proc/sys/net/ipv6/conf/default/accept_ra_rt_table: No such file or directory
E/Netd    ( 3987): Failed to open /proc/sys/net/ipv6/conf/ip6tnl0/accept_ra_rt_table: No such file or directory
E/Netd    ( 3987): Failed to open /proc/sys/net/ipv6/conf/lo/accept_ra_rt_table: No such file or directory
E/Netd    ( 3987): Failed to open /proc/sys/net/ipv6/conf/rmnet0/accept_ra_rt_table: No such file or directory
E/Netd    ( 3987): Failed to open /proc/sys/net/ipv6/conf/rmnet1/accept_ra_rt_table: No such file or directory
E/Netd    ( 3987): Failed to open /proc/sys/net/ipv6/conf/rmnet2/accept_ra_rt_table: No such file or directory
E/Netd    ( 3987): Failed to open /proc/sys/net/ipv6/conf/rmnet3/accept_ra_rt_table: No such file or directory
E/Netd    ( 3987): Failed to open /proc/sys/net/ipv6/conf/sit0/accept_ra_rt_table: No such file or directory
I/SurfaceFlinger( 3989): SurfaceFlinger is starting
I/SurfaceFlinger( 3989): SurfaceFlinger's main thread ready to run. Initializing graphics H/W...
D/libEGL  ( 3989): loaded /vendor/lib/egl/libGLES_mali.so
I/        ( 3989): PLATFORM VERSION : JB-MR-2
I/gralloc ( 3989): using (fd=12)
I/gralloc ( 3989): id           = 
I/gralloc ( 3989): xres         = 1080 px
I/gralloc ( 3989): yres         = 1920 px
I/gralloc ( 3989): xres_virtual = 1080 px
I/gralloc ( 3989): yres_virtual = 3840 px
I/gralloc ( 3989): bpp          = 32
I/gralloc ( 3989): r            = 16:8
I/gralloc ( 3989): g            =  8:8
I/gralloc ( 3989): b            =  0:8
I/gralloc ( 3989): width        = 65 mm (422.030762 dpi)
I/gralloc ( 3989): height       = 115 mm (424.069580 dpi)
I/gralloc ( 3989): refresh rate = 60.00 Hz
E/HAL     ( 3989): load: module=/system/lib/hw/hwcomposer.exynos5.so
E/HAL     ( 3989): dlopen failed: could not load library "libmedia.so" needed by "hwcomposer.exynos5.so"; caused by could not load library "libsamsungvad.so" needed by "libmedia.so"; caused by could not load library "lib_SamsungVAD_v01007.so" needed by "libsamsungvad.so"; caused by library "lib_SamsungVAD_v01007.so" not found
E/SurfaceFlinger( 3989): hwcomposer module not found
I/SurfaceFlinger( 3989): EGL information:
I/SurfaceFlinger( 3989): vendor    : Android
I/SurfaceFlinger( 3989): version   : 1.4 Android META-EGL
I/SurfaceFlinger( 3989): extensions: EGL_KHR_get_all_proc_addresses EGL_ANDROID_presentation_time EGL_KHR_image EGL_KHR_image_base EGL_KHR_gl_texture_2D_image EGL_KHR_gl_texture_cubemap_image EGL_KHR_gl_renderbuffer_image EGL_KHR_fence_sync EGL_KHR_create_context EGL_ANDROID_image_native_buffer EGL_KHR_wait_sync EGL_ANDROID_recordable 
I/SurfaceFlinger( 3989): Client API: OpenGL_ES
I/SurfaceFlinger( 3989): EGLSurface: 8-8-8-8, config=0xb6acf2ac
I/SurfaceFlinger( 3989): OpenGL ES informations:
I/SurfaceFlinger( 3989): vendor    : ARM
I/SurfaceFlinger( 3989): renderer  : Mali-T628
I/SurfaceFlinger( 3989): version   : OpenGL ES 3.0
I/SurfaceFlinger( 3989): extensions: GL_EXT_debug_marker GL_ARM_rgba8 GL_ARM_mali_shader_binary GL_OES_depth24 GL_OES_depth_texture GL_OES_depth_texture_cube_map GL_OES_packed_depth_stencil GL_OES_rgb8_rgba8 GL_EXT_read_format_bgra GL_OES_compressed_paletted_texture GL_OES_compressed_ETC1_RGB8_texture GL_OES_standard_derivatives GL_OES_EGL_image GL_OES_EGL_image_external GL_OES_EGL_sync GL_OES_texture_npot GL_OES_vertex_half_float GL_OES_required_internalformat GL_OES_vertex_array_object GL_OES_mapbuffer GL_EXT_texture_format_BGRA8888 GL_EXT_texture_rg GL_EXT_texture_type_2_10_10_10_REV GL_OES_fbo_render_mipmap GL_OES_element_index_uint GL_EXT_shadow_samplers GL_OES_texture_compression_astc GL_KHR_texture_compression_astc_ldr GL_KHR_texture_compression_astc_hdr GL_KHR_debug GL_EXT_occlusion_query_boolean GL_EXT_blend_minmax GL_EXT_discard_framebuffer GL_OES_get_program_binary GL_OES_texture_3D GL_EXT_texture_storage GL_EXT_multisampled_render_to_texture GL_OES_surfaceless_context GL_ARM_mali_program_binary 
I/SurfaceFlinger( 3989): GL_MAX_TEXTURE_SIZE = 8192
I/SurfaceFlinger( 3989): GL_MAX_VIEWPORT_DIMS = 8192
E/libEGL  ( 3989): eglQuerySurface:607 error 300d (EGL_BAD_SURFACE)
E/libEGL  ( 3989): eglQuerySurface:607 error 300d (EGL_BAD_SURFACE)
E/libEGL  ( 3989): call to OpenGL ES API with no current context (logged once per thread)
D/SurfaceFlinger( 3989): Set power mode=2, type=0 flinger=0xb6a62000
E/libEGL  ( 3989): eglSwapBuffers:1071 error 300d (EGL_BAD_SURFACE)
F/SurfaceFlinger( 3989): eglSwapBuffers(0x1, 0x0) failed with 0x0000300d
F/libc    ( 3989): Fatal signal 6 (SIGABRT), code -6 in tid 3989 (surfaceflinger)
I/DEBUG   ( 3582): property debug.db.uid not set; NOT waiting for gdb.
I/DEBUG   ( 3582): HINT: adb shell setprop debug.db.uid 100000
I/DEBUG   ( 3582): HINT: adb forward tcp:5039 tcp:5039
I/DEBUG   ( 3582): *** *** *** *** *** *** *** *** *** *** *** *** *** *** *** ***
I/DEBUG   ( 3582): Build fingerprint: 'samsung/cm_k3gxx/k3gxx:5.0.2/LRX22G/d4ad8f67ab:userdebug/test-keys'
I/DEBUG   ( 3582): Revision: '10'
I/DEBUG   ( 3582): ABI: 'arm'
I/DEBUG   ( 3582): pid: 3989, tid: 3989, name: surfaceflinger  >>> /system/bin/surfaceflinger <<<
I/DEBUG   ( 3582): signal 6 (SIGABRT), code -6 (SI_TKILL), fault addr --------
I/DEBUG   ( 3582): Abort message: 'eglSwapBuffers(0x1, 0x0) failed with 0x0000300d'
I/DEBUG   ( 3582):     r0 00000000  r1 00000f95  r2 00000006  r3 00000000
I/DEBUG   ( 3582):     r4 b6f73114  r5 00000006  r6 0000000b  r7 0000010c
I/DEBUG   ( 3582):     r8 00000000  r9 be8fbbd0  sl b6a540d0  fp be8fbbd0
I/DEBUG   ( 3582):     ip 00000f95  sp be8fb650  lr b6efd7b9  pc b6f214e4  cpsr 600f0010
I/DEBUG   ( 3582): 
I/DEBUG   ( 3582): backtrace:
I/DEBUG   ( 3582):     #00 pc 000384e4  /system/lib/libc.so (tgkill+12)
I/DEBUG   ( 3582):     #01 pc 000147b5  /system/lib/libc.so (pthread_kill+52)
I/DEBUG   ( 3582):     #02 pc 0001550b  /system/lib/libc.so (raise+10)
I/DEBUG   ( 3582):     #03 pc 00011c35  /system/lib/libc.so (__libc_android_abort+36)
I/DEBUG   ( 3582):     #04 pc 0000fcb8  /system/lib/libc.so (abort+4)
I/DEBUG   ( 3582):     #05 pc 00007739  /system/lib/libcutils.so (__android_log_assert+88)
I/DEBUG   ( 3582):     #06 pc 0000f4df  /system/lib/libsurfaceflinger.so
I/DEBUG   ( 3582):     #07 pc 0001b9fd  /system/lib/libsurfaceflinger.so
I/DEBUG   ( 3582):     #08 pc 0001abe7  /system/lib/libsurfaceflinger.so
I/DEBUG   ( 3582):     #09 pc 00019fc3  /system/lib/libsurfaceflinger.so
I/DEBUG   ( 3582):     #10 pc 00019d49  /system/lib/libsurfaceflinger.so
I/DEBUG   ( 3582):     #11 pc 00010ed3  /system/lib/libutils.so (android::Looper::pollInner(int)+410)
I/DEBUG   ( 3582):     #12 pc 00010fc5  /system/lib/libutils.so (android::Looper::pollOnce(int, int*, int*, void**)+92)
I/DEBUG   ( 3582):     #13 pc 000174c5  /system/lib/libsurfaceflinger.so
I/DEBUG   ( 3582):     #14 pc 0001993d  /system/lib/libsurfaceflinger.so (android::SurfaceFlinger::run()+8)
I/DEBUG   ( 3582):     #15 pc 0000083d  /system/bin/surfaceflinger
I/DEBUG   ( 3582):     #16 pc 0000fb75  /system/lib/libc.so (__libc_init+44)
I/DEBUG   ( 3582):     #17 pc 000008d8  /system/bin/surfaceflinger
I/DEBUG   ( 3582): 
I/DEBUG   ( 3582): Tombstone written to: /data/tombstones/tombstone_04
I/ServiceManager( 3571): service 'SurfaceFlinger' died
I/Netd    ( 4032): Netd 1.0 starting
E/Netd    ( 4032): Failed to open /proc/sys/net/ipv6/conf/default/accept_ra_rt_table: No such file or directory
E/Netd    ( 4032): Failed to open /proc/sys/net/ipv6/conf/ip6tnl0/accept_ra_rt_table: No such file or directory
E/Netd    ( 4032): Failed to open /proc/sys/net/ipv6/conf/lo/accept_ra_rt_table: No such file or directory
E/Netd    ( 4032): Failed to open /proc/sys/net/ipv6/conf/rmnet0/accept_ra_rt_table: No such file or directory
E/Netd    ( 4032): Failed to open /proc/sys/net/ipv6/conf/rmnet1/accept_ra_rt_table: No such file or directory
E/Netd    ( 4032): Failed to open /proc/sys/net/ipv6/conf/rmnet2/accept_ra_rt_table: No such file or directory
E/Netd    ( 4032): Failed to open /proc/sys/net/ipv6/conf/rmnet3/accept_ra_rt_table: No such file or directory
E/Netd    ( 4032): Failed to open /proc/sys/net/ipv6/conf/sit0/accept_ra_rt_table: No such file or directory
I/SurfaceFlinger( 4034): SurfaceFlinger is starting
I/SurfaceFlinger( 4034): SurfaceFlinger's main thread ready to run. Initializing graphics H/W...
D/libEGL  ( 4034): loaded /vendor/lib/egl/libGLES_mali.so
I/        ( 4034): PLATFORM VERSION : JB-MR-2
I/gralloc ( 4034): using (fd=12)
I/gralloc ( 4034): id           = 
I/gralloc ( 4034): xres         = 1080 px
I/gralloc ( 4034): yres         = 1920 px
I/gralloc ( 4034): xres_virtual = 1080 px
I/gralloc ( 4034): yres_virtual = 3840 px
I/gralloc ( 4034): bpp          = 32
I/gralloc ( 4034): r            = 16:8
I/gralloc ( 4034): g            =  8:8
I/gralloc ( 4034): b            =  0:8
I/gralloc ( 4034): width        = 65 mm (422.030762 dpi)
I/gralloc ( 4034): height       = 115 mm (424.069580 dpi)
I/gralloc ( 4034): refresh rate = 60.00 Hz
E/HAL     ( 4034): load: module=/system/lib/hw/hwcomposer.exynos5.so
E/HAL     ( 4034): dlopen failed: could not load library "libmedia.so" needed by "hwcomposer.exynos5.so"; caused by could not load library "libsamsungvad.so" needed by "libmedia.so"; caused by could not load library "lib_SamsungVAD_v01007.so" needed by "libsamsungvad.so"; caused by library "lib_SamsungVAD_v01007.so" not found
E/SurfaceFlinger( 4034): hwcomposer module not found
I/SurfaceFlinger( 4034): EGL information:
I/SurfaceFlinger( 4034): vendor    : Android
I/SurfaceFlinger( 4034): version   : 1.4 Android META-EGL
I/SurfaceFlinger( 4034): extensions: EGL_KHR_get_all_proc_addresses EGL_ANDROID_presentation_time EGL_KHR_image EGL_KHR_image_base EGL_KHR_gl_texture_2D_image EGL_KHR_gl_texture_cubemap_image EGL_KHR_gl_renderbuffer_image EGL_KHR_fence_sync EGL_KHR_create_context EGL_ANDROID_image_native_buffer EGL_KHR_wait_sync EGL_ANDROID_recordable 
I/SurfaceFlinger( 4034): Client API: OpenGL_ES
I/SurfaceFlinger( 4034): EGLSurface: 8-8-8-8, config=0xb6acf2ac
I/SurfaceFlinger( 4034): OpenGL ES informations:
I/SurfaceFlinger( 4034): vendor    : ARM
I/SurfaceFlinger( 4034): renderer  : Mali-T628
I/SurfaceFlinger( 4034): version   : OpenGL ES 3.0
I/SurfaceFlinger( 4034): extensions: GL_EXT_debug_marker GL_ARM_rgba8 GL_ARM_mali_shader_binary GL_OES_depth24 GL_OES_depth_texture GL_OES_depth_texture_cube_map GL_OES_packed_depth_stencil GL_OES_rgb8_rgba8 GL_EXT_read_format_bgra GL_OES_compressed_paletted_texture GL_OES_compressed_ETC1_RGB8_texture GL_OES_standard_derivatives GL_OES_EGL_image GL_OES_EGL_image_external GL_OES_EGL_sync GL_OES_texture_npot GL_OES_vertex_half_float GL_OES_required_internalformat GL_OES_vertex_array_object GL_OES_mapbuffer GL_EXT_texture_format_BGRA8888 GL_EXT_texture_rg GL_EXT_texture_type_2_10_10_10_REV GL_OES_fbo_render_mipmap GL_OES_element_index_uint GL_EXT_shadow_samplers GL_OES_texture_compression_astc GL_KHR_texture_compression_astc_ldr GL_KHR_texture_compression_astc_hdr GL_KHR_debug GL_EXT_occlusion_query_boolean GL_EXT_blend_minmax GL_EXT_discard_framebuffer GL_OES_get_program_binary GL_OES_texture_3D GL_EXT_texture_storage GL_EXT_multisampled_render_to_texture GL_OES_surfaceless_context GL_ARM_mali_program_binary 
I/SurfaceFlinger( 4034): GL_MAX_TEXTURE_SIZE = 8192
I/SurfaceFlinger( 4034): GL_MAX_VIEWPORT_DIMS = 8192
E/libEGL  ( 4034): eglQuerySurface:607 error 300d (EGL_BAD_SURFACE)
E/libEGL  ( 4034): eglQuerySurface:607 error 300d (EGL_BAD_SURFACE)
E/libEGL  ( 4034): call to OpenGL ES API with no current context (logged once per thread)
D/SurfaceFlinger( 4034): Set power mode=2, type=0 flinger=0xb6a62000
E/libEGL  ( 4034): eglSwapBuffers:1071 error 300d (EGL_BAD_SURFACE)
F/SurfaceFlinger( 4034): eglSwapBuffers(0x1, 0x0) failed with 0x0000300d
F/libc    ( 4034): Fatal signal 6 (SIGABRT), code -6 in tid 4034 (surfaceflinger)
I/DEBUG   ( 3582): property debug.db.uid not set; NOT waiting for gdb.
I/DEBUG   ( 3582): HINT: adb shell setprop debug.db.uid 100000
I/DEBUG   ( 3582): HINT: adb forward tcp:5039 tcp:5039
I/DEBUG   ( 3582): *** *** *** *** *** *** *** *** *** *** *** *** *** *** *** ***
I/DEBUG   ( 3582): Build fingerprint: 'samsung/cm_k3gxx/k3gxx:5.0.2/LRX22G/d4ad8f67ab:userdebug/test-keys'
I/DEBUG   ( 3582): Revision: '10'
I/DEBUG   ( 3582): ABI: 'arm'
I/DEBUG   ( 3582): pid: 4034, tid: 4034, name: surfaceflinger  >>> /system/bin/surfaceflinger <<<
I/DEBUG   ( 3582): signal 6 (SIGABRT), code -6 (SI_TKILL), fault addr --------
I/DEBUG   ( 3582): Abort message: 'eglSwapBuffers(0x1, 0x0) failed with 0x0000300d'
I/DEBUG   ( 3582):     r0 00000000  r1 00000fc2  r2 00000006  r3 00000000
I/DEBUG   ( 3582):     r4 b6f71114  r5 00000006  r6 0000000b  r7 0000010c
I/DEBUG   ( 3582):     r8 00000000  r9 bead9bd0  sl b6a540d0  fp bead9bd0
I/DEBUG   ( 3582):     ip 00000fc2  sp bead9650  lr b6efb7b9  pc b6f1f4e4  cpsr 600f0010
I/DEBUG   ( 3582): 
I/DEBUG   ( 3582): backtrace:
I/DEBUG   ( 3582):     #00 pc 000384e4  /system/lib/libc.so (tgkill+12)
I/DEBUG   ( 3582):     #01 pc 000147b5  /system/lib/libc.so (pthread_kill+52)
I/DEBUG   ( 3582):     #02 pc 0001550b  /system/lib/libc.so (raise+10)
I/DEBUG   ( 3582):     #03 pc 00011c35  /system/lib/libc.so (__libc_android_abort+36)
I/DEBUG   ( 3582):     #04 pc 0000fcb8  /system/lib/libc.so (abort+4)
I/DEBUG   ( 3582):     #05 pc 00007739  /system/lib/libcutils.so (__android_log_assert+88)
I/DEBUG   ( 3582):     #06 pc 0000f4df  /system/lib/libsurfaceflinger.so
I/DEBUG   ( 3582):     #07 pc 0001b9fd  /system/lib/libsurfaceflinger.so
I/DEBUG   ( 3582):     #08 pc 0001abe7  /system/lib/libsurfaceflinger.so
I/DEBUG   ( 3582):     #09 pc 00019fc3  /system/lib/libsurfaceflinger.so
I/DEBUG   ( 3582):     #10 pc 00019d49  /system/lib/libsurfaceflinger.so
I/DEBUG   ( 3582):     #11 pc 00010ed3  /system/lib/libutils.so (android::Looper::pollInner(int)+410)
I/DEBUG   ( 3582):     #12 pc 00010fc5  /system/lib/libutils.so (android::Looper::pollOnce(int, int*, int*, void**)+92)
I/DEBUG   ( 3582):     #13 pc 000174c5  /system/lib/libsurfaceflinger.so
I/DEBUG   ( 3582):     #14 pc 0001993d  /system/lib/libsurfaceflinger.so (android::SurfaceFlinger::run()+8)
I/DEBUG   ( 3582):     #15 pc 0000083d  /system/bin/surfaceflinger
I/DEBUG   ( 3582):     #16 pc 0000fb75  /system/lib/libc.so (__libc_init+44)
I/DEBUG   ( 3582):     #17 pc 000008d8  /system/bin/surfaceflinger
I/DEBUG   ( 3582): 
I/DEBUG   ( 3582): Tombstone written to: /data/tombstones/tombstone_05
I/ServiceManager( 3571): service 'SurfaceFlinger' died
I/Netd    ( 4077): Netd 1.0 starting
E/Netd    ( 4077): Failed to open /proc/sys/net/ipv6/conf/default/accept_ra_rt_table: No such file or directory
E/Netd    ( 4077): Failed to open /proc/sys/net/ipv6/conf/ip6tnl0/accept_ra_rt_table: No such file or directory
E/Netd    ( 4077): Failed to open /proc/sys/net/ipv6/conf/lo/accept_ra_rt_table: No such file or directory
E/Netd    ( 4077): Failed to open /proc/sys/net/ipv6/conf/rmnet0/accept_ra_rt_table: No such file or directory
E/Netd    ( 4077): Failed to open /proc/sys/net/ipv6/conf/rmnet1/accept_ra_rt_table: No such file or directory
E/Netd    ( 4077): Failed to open /proc/sys/net/ipv6/conf/rmnet2/accept_ra_rt_table: No such file or directory
E/Netd    ( 4077): Failed to open /proc/sys/net/ipv6/conf/rmnet3/accept_ra_rt_table: No such file or directory
E/Netd    ( 4077): Failed to open /proc/sys/net/ipv6/conf/sit0/accept_ra_rt_table: No such file or directory
I/SurfaceFlinger( 4079): SurfaceFlinger is starting
I/SurfaceFlinger( 4079): SurfaceFlinger's main thread ready to run. Initializing graphics H/W...
D/libEGL  ( 4079): loaded /vendor/lib/egl/libGLES_mali.so
I/        ( 4079): PLATFORM VERSION : JB-MR-2
I/gralloc ( 4079): using (fd=12)
I/gralloc ( 4079): id           = 
I/gralloc ( 4079): xres         = 1080 px
I/gralloc ( 4079): yres         = 1920 px
I/gralloc ( 4079): xres_virtual = 1080 px
I/gralloc ( 4079): yres_virtual = 3840 px
I/gralloc ( 4079): bpp          = 32
I/gralloc ( 4079): r            = 16:8
I/gralloc ( 4079): g            =  8:8
I/gralloc ( 4079): b            =  0:8
I/gralloc ( 4079): width        = 65 mm (422.030762 dpi)
I/gralloc ( 4079): height       = 115 mm (424.069580 dpi)
I/gralloc ( 4079): refresh rate = 60.00 Hz
E/HAL     ( 4079): load: module=/system/lib/hw/hwcomposer.exynos5.so
E/HAL     ( 4079): dlopen failed: could not load library "libmedia.so" needed by "hwcomposer.exynos5.so"; caused by could not load library "libsamsungvad.so" needed by "libmedia.so"; caused by could not load library "lib_SamsungVAD_v01007.so" needed by "libsamsungvad.so"; caused by library "lib_SamsungVAD_v01007.so" not found
E/SurfaceFlinger( 4079): hwcomposer module not found
I/SurfaceFlinger( 4079): EGL information:
I/SurfaceFlinger( 4079): vendor    : Android
I/SurfaceFlinger( 4079): version   : 1.4 Android META-EGL
I/SurfaceFlinger( 4079): extensions: EGL_KHR_get_all_proc_addresses EGL_ANDROID_presentation_time EGL_KHR_image EGL_KHR_image_base EGL_KHR_gl_texture_2D_image EGL_KHR_gl_texture_cubemap_image EGL_KHR_gl_renderbuffer_image EGL_KHR_fence_sync EGL_KHR_create_context EGL_ANDROID_image_native_buffer EGL_KHR_wait_sync EGL_ANDROID_recordable 
I/SurfaceFlinger( 4079): Client API: OpenGL_ES
I/SurfaceFlinger( 4079): EGLSurface: 8-8-8-8, config=0xb6acf2ac
I/SurfaceFlinger( 4079): OpenGL ES informations:
I/SurfaceFlinger( 4079): vendor    : ARM
I/SurfaceFlinger( 4079): renderer  : Mali-T628
I/SurfaceFlinger( 4079): version   : OpenGL ES 3.0
I/SurfaceFlinger( 4079): extensions: GL_EXT_debug_marker GL_ARM_rgba8 GL_ARM_mali_shader_binary GL_OES_depth24 GL_OES_depth_texture GL_OES_depth_texture_cube_map GL_OES_packed_depth_stencil GL_OES_rgb8_rgba8 GL_EXT_read_format_bgra GL_OES_compressed_paletted_texture GL_OES_compressed_ETC1_RGB8_texture GL_OES_standard_derivatives GL_OES_EGL_image GL_OES_EGL_image_external GL_OES_EGL_sync GL_OES_texture_npot GL_OES_vertex_half_float GL_OES_required_internalformat GL_OES_vertex_array_object GL_OES_mapbuffer GL_EXT_texture_format_BGRA8888 GL_EXT_texture_rg GL_EXT_texture_type_2_10_10_10_REV GL_OES_fbo_render_mipmap GL_OES_element_index_uint GL_EXT_shadow_samplers GL_OES_texture_compression_astc GL_KHR_texture_compression_astc_ldr GL_KHR_texture_compression_astc_hdr GL_KHR_debug GL_EXT_occlusion_query_boolean GL_EXT_blend_minmax GL_EXT_discard_framebuffer GL_OES_get_program_binary GL_OES_texture_3D GL_EXT_texture_storage GL_EXT_multisampled_render_to_texture GL_OES_surfaceless_context GL_ARM_mali_program_binary 
I/SurfaceFlinger( 4079): GL_MAX_TEXTURE_SIZE = 8192
I/SurfaceFlinger( 4079): GL_MAX_VIEWPORT_DIMS = 8192
E/libEGL  ( 4079): eglQuerySurface:607 error 300d (EGL_BAD_SURFACE)
E/libEGL  ( 4079): eglQuerySurface:607 error 300d (EGL_BAD_SURFACE)
E/libEGL  ( 4079): call to OpenGL ES API with no current context (logged once per thread)
D/SurfaceFlinger( 4079): Set power mode=2, type=0 flinger=0xb6a62000
E/libEGL  ( 4079): eglSwapBuffers:1071 error 300d (EGL_BAD_SURFACE)
F/SurfaceFlinger( 4079): eglSwapBuffers(0x1, 0x0) failed with 0x0000300d
F/libc    ( 4079): Fatal signal 6 (SIGABRT), code -6 in tid 4079 (surfaceflinger)
I/DEBUG   ( 3582): property debug.db.uid not set; NOT waiting for gdb.
I/DEBUG   ( 3582): HINT: adb shell setprop debug.db.uid 100000
I/DEBUG   ( 3582): HINT: adb forward tcp:5039 tcp:5039
I/DEBUG   ( 3582): *** *** *** *** *** *** *** *** *** *** *** *** *** *** *** ***
I/DEBUG   ( 3582): Build fingerprint: 'samsung/cm_k3gxx/k3gxx:5.0.2/LRX22G/d4ad8f67ab:userdebug/test-keys'
I/DEBUG   ( 3582): Revision: '10'
I/DEBUG   ( 3582): ABI: 'arm'
I/DEBUG   ( 3582): pid: 4079, tid: 4079, name: surfaceflinger  >>> /system/bin/surfaceflinger <<<
I/DEBUG   ( 3582): signal 6 (SIGABRT), code -6 (SI_TKILL), fault addr --------
I/DEBUG   ( 3582): Abort message: 'eglSwapBuffers(0x1, 0x0) failed with 0x0000300d'
I/DEBUG   ( 3582):     r0 00000000  r1 00000fef  r2 00000006  r3 00000000
I/DEBUG   ( 3582):     r4 b6fc5114  r5 00000006  r6 0000000b  r7 0000010c
I/DEBUG   ( 3582):     r8 00000000  r9 bebdebd0  sl b6a540d0  fp bebdebd0
I/DEBUG   ( 3582):     ip 00000fef  sp bebde650  lr b6f4f7b9  pc b6f734e4  cpsr 600f0010
I/DEBUG   ( 3582): 
I/DEBUG   ( 3582): backtrace:
I/DEBUG   ( 3582):     #00 pc 000384e4  /system/lib/libc.so (tgkill+12)
I/DEBUG   ( 3582):     #01 pc 000147b5  /system/lib/libc.so (pthread_kill+52)
I/DEBUG   ( 3582):     #02 pc 0001550b  /system/lib/libc.so (raise+10)
I/DEBUG   ( 3582):     #03 pc 00011c35  /system/lib/libc.so (__libc_android_abort+36)
I/DEBUG   ( 3582):     #04 pc 0000fcb8  /system/lib/libc.so (abort+4)
I/DEBUG   ( 3582):     #05 pc 00007739  /system/lib/libcutils.so (__android_log_assert+88)
I/DEBUG   ( 3582):     #06 pc 0000f4df  /system/lib/libsurfaceflinger.so
I/DEBUG   ( 3582):     #07 pc 0001b9fd  /system/lib/libsurfaceflinger.so
I/DEBUG   ( 3582):     #08 pc 0001abe7  /system/lib/libsurfaceflinger.so
I/DEBUG   ( 3582):     #09 pc 00019fc3  /system/lib/libsurfaceflinger.so
I/DEBUG   ( 3582):     #10 pc 00019d49  /system/lib/libsurfaceflinger.so
I/DEBUG   ( 3582):     #11 pc 00010ed3  /system/lib/libutils.so (android::Looper::pollInner(int)+410)
I/DEBUG   ( 3582):     #12 pc 00010fc5  /system/lib/libutils.so (android::Looper::pollOnce(int, int*, int*, void**)+92)
I/DEBUG   ( 3582):     #13 pc 000174c5  /system/lib/libsurfaceflinger.so
I/DEBUG   ( 3582):     #14 pc 0001993d  /system/lib/libsurfaceflinger.so (android::SurfaceFlinger::run()+8)
I/DEBUG   ( 3582):     #15 pc 0000083d  /system/bin/surfaceflinger
I/DEBUG   ( 3582):     #16 pc 0000fb75  /system/lib/libc.so (__libc_init+44)
I/DEBUG   ( 3582):     #17 pc 000008d8  /system/bin/surfaceflinger
I/DEBUG   ( 3582): 
I/DEBUG   ( 3582): Tombstone written to: /data/tombstones/tombstone_06
I/ServiceManager( 3571): service 'SurfaceFlinger' died
I/Netd    ( 4122): Netd 1.0 starting
E/Netd    ( 4122): Failed to open /proc/sys/net/ipv6/conf/default/accept_ra_rt_table: No such file or directory
E/Netd    ( 4122): Failed to open /proc/sys/net/ipv6/conf/ip6tnl0/accept_ra_rt_table: No such file or directory
E/Netd    ( 4122): Failed to open /proc/sys/net/ipv6/conf/lo/accept_ra_rt_table: No such file or directory
E/Netd    ( 4122): Failed to open /proc/sys/net/ipv6/conf/rmnet0/accept_ra_rt_table: No such file or directory
E/Netd    ( 4122): Failed to open /proc/sys/net/ipv6/conf/rmnet1/accept_ra_rt_table: No such file or directory
E/Netd    ( 4122): Failed to open /proc/sys/net/ipv6/conf/rmnet2/accept_ra_rt_table: No such file or directory
E/Netd    ( 4122): Failed to open /proc/sys/net/ipv6/conf/rmnet3/accept_ra_rt_table: No such file or directory
E/Netd    ( 4122): Failed to open /proc/sys/net/ipv6/conf/sit0/accept_ra_rt_table: No such file or directory
I/SurfaceFlinger( 4124): SurfaceFlinger is starting
I/SurfaceFlinger( 4124): SurfaceFlinger's main thread ready to run. Initializing graphics H/W...
D/libEGL  ( 4124): loaded /vendor/lib/egl/libGLES_mali.so
I/        ( 4124): PLATFORM VERSION : JB-MR-2
I/gralloc ( 4124): using (fd=12)
I/gralloc ( 4124): id           = 
I/gralloc ( 4124): xres         = 1080 px
I/gralloc ( 4124): yres         = 1920 px
I/gralloc ( 4124): xres_virtual = 1080 px
I/gralloc ( 4124): yres_virtual = 3840 px
I/gralloc ( 4124): bpp          = 32
I/gralloc ( 4124): r            = 16:8
I/gralloc ( 4124): g            =  8:8
I/gralloc ( 4124): b            =  0:8
I/gralloc ( 4124): width        = 65 mm (422.030762 dpi)
I/gralloc ( 4124): height       = 115 mm (424.069580 dpi)
I/gralloc ( 4124): refresh rate = 60.00 Hz
E/HAL     ( 4124): load: module=/system/lib/hw/hwcomposer.exynos5.so
E/HAL     ( 4124): dlopen failed: could not load library "libmedia.so" needed by "hwcomposer.exynos5.so"; caused by could not load library "libsamsungvad.so" needed by "libmedia.so"; caused by could not load library "lib_SamsungVAD_v01007.so" needed by "libsamsungvad.so"; caused by library "lib_SamsungVAD_v01007.so" not found
E/SurfaceFlinger( 4124): hwcomposer module not found
I/SurfaceFlinger( 4124): EGL information:
I/SurfaceFlinger( 4124): vendor    : Android
I/SurfaceFlinger( 4124): version   : 1.4 Android META-EGL
I/SurfaceFlinger( 4124): extensions: EGL_KHR_get_all_proc_addresses EGL_ANDROID_presentation_time EGL_KHR_image EGL_KHR_image_base EGL_KHR_gl_texture_2D_image EGL_KHR_gl_texture_cubemap_image EGL_KHR_gl_renderbuffer_image EGL_KHR_fence_sync EGL_KHR_create_context EGL_ANDROID_image_native_buffer EGL_KHR_wait_sync EGL_ANDROID_recordable 
I/SurfaceFlinger( 4124): Client API: OpenGL_ES
I/SurfaceFlinger( 4124): EGLSurface: 8-8-8-8, config=0xb6acf2ac
I/SurfaceFlinger( 4124): OpenGL ES informations:
I/SurfaceFlinger( 4124): vendor    : ARM
I/SurfaceFlinger( 4124): renderer  : Mali-T628
I/SurfaceFlinger( 4124): version   : OpenGL ES 3.0
I/SurfaceFlinger( 4124): extensions: GL_EXT_debug_marker GL_ARM_rgba8 GL_ARM_mali_shader_binary GL_OES_depth24 GL_OES_depth_texture GL_OES_depth_texture_cube_map GL_OES_packed_depth_stencil GL_OES_rgb8_rgba8 GL_EXT_read_format_bgra GL_OES_compressed_paletted_texture GL_OES_compressed_ETC1_RGB8_texture GL_OES_standard_derivatives GL_OES_EGL_image GL_OES_EGL_image_external GL_OES_EGL_sync GL_OES_texture_npot GL_OES_vertex_half_float GL_OES_required_internalformat GL_OES_vertex_array_object GL_OES_mapbuffer GL_EXT_texture_format_BGRA8888 GL_EXT_texture_rg GL_EXT_texture_type_2_10_10_10_REV GL_OES_fbo_render_mipmap GL_OES_element_index_uint GL_EXT_shadow_samplers GL_OES_texture_compression_astc GL_KHR_texture_compression_astc_ldr GL_KHR_texture_compression_astc_hdr GL_KHR_debug GL_EXT_occlusion_query_boolean GL_EXT_blend_minmax GL_EXT_discard_framebuffer GL_OES_get_program_binary GL_OES_texture_3D GL_EXT_texture_storage GL_EXT_multisampled_render_to_texture GL_OES_surfaceless_context GL_ARM_mali_program_binary 
I/SurfaceFlinger( 4124): GL_MAX_TEXTURE_SIZE = 8192
I/SurfaceFlinger( 4124): GL_MAX_VIEWPORT_DIMS = 8192
E/libEGL  ( 4124): eglQuerySurface:607 error 300d (EGL_BAD_SURFACE)
E/libEGL  ( 4124): eglQuerySurface:607 error 300d (EGL_BAD_SURFACE)
E/libEGL  ( 4124): call to OpenGL ES API with no current context (logged once per thread)
D/SurfaceFlinger( 4124): Set power mode=2, type=0 flinger=0xb6a62000
E/libEGL  ( 4124): eglSwapBuffers:1071 error 300d (EGL_BAD_SURFACE)
F/SurfaceFlinger( 4124): eglSwapBuffers(0x1, 0x0) failed with 0x0000300d
F/libc    ( 4124): Fatal signal 6 (SIGABRT), code -6 in tid 4124 (surfaceflinger)
I/DEBUG   ( 3582): property debug.db.uid not set; NOT waiting for gdb.
I/DEBUG   ( 3582): HINT: adb shell setprop debug.db.uid 100000
I/DEBUG   ( 3582): HINT: adb forward tcp:5039 tcp:5039
I/DEBUG   ( 3582): *** *** *** *** *** *** *** *** *** *** *** *** *** *** *** ***
I/DEBUG   ( 3582): Build fingerprint: 'samsung/cm_k3gxx/k3gxx:5.0.2/LRX22G/d4ad8f67ab:userdebug/test-keys'
I/DEBUG   ( 3582): Revision: '10'
I/DEBUG   ( 3582): ABI: 'arm'
I/DEBUG   ( 3582): pid: 4124, tid: 4124, name: surfaceflinger  >>> /system/bin/surfaceflinger <<<
I/DEBUG   ( 3582): signal 6 (SIGABRT), code -6 (SI_TKILL), fault addr --------
I/DEBUG   ( 3582): Abort message: 'eglSwapBuffers(0x1, 0x0) failed with 0x0000300d'
I/DEBUG   ( 3582):     r0 00000000  r1 0000101c  r2 00000006  r3 00000000
I/DEBUG   ( 3582):     r4 b6f4a114  r5 00000006  r6 0000000b  r7 0000010c
I/DEBUG   ( 3582):     r8 00000000  r9 befabbd0  sl b6a540d0  fp befabbd0
I/DEBUG   ( 3582):     ip 0000101c  sp befab650  lr b6ed47b9  pc b6ef84e4  cpsr 600f0010
I/DEBUG   ( 3582): 
I/DEBUG   ( 3582): backtrace:
I/DEBUG   ( 3582):     #00 pc 000384e4  /system/lib/libc.so (tgkill+12)
I/DEBUG   ( 3582):     #01 pc 000147b5  /system/lib/libc.so (pthread_kill+52)
I/DEBUG   ( 3582):     #02 pc 0001550b  /system/lib/libc.so (raise+10)
I/DEBUG   ( 3582):     #03 pc 00011c35  /system/lib/libc.so (__libc_android_abort+36)
I/DEBUG   ( 3582):     #04 pc 0000fcb8  /system/lib/libc.so (abort+4)
I/DEBUG   ( 3582):     #05 pc 00007739  /system/lib/libcutils.so (__android_log_assert+88)
I/DEBUG   ( 3582):     #06 pc 0000f4df  /system/lib/libsurfaceflinger.so
I/DEBUG   ( 3582):     #07 pc 0001b9fd  /system/lib/libsurfaceflinger.so
I/DEBUG   ( 3582):     #08 pc 0001abe7  /system/lib/libsurfaceflinger.so
I/DEBUG   ( 3582):     #09 pc 00019fc3  /system/lib/libsurfaceflinger.so
I/DEBUG   ( 3582):     #10 pc 00019d49  /system/lib/libsurfaceflinger.so
I/DEBUG   ( 3582):     #11 pc 00010ed3  /system/lib/libutils.so (android::Looper::pollInner(int)+410)
I/DEBUG   ( 3582):     #12 pc 00010fc5  /system/lib/libutils.so (android::Looper::pollOnce(int, int*, int*, void**)+92)
I/DEBUG   ( 3582):     #13 pc 000174c5  /system/lib/libsurfaceflinger.so
I/DEBUG   ( 3582):     #14 pc 0001993d  /system/lib/libsurfaceflinger.so (android::SurfaceFlinger::run()+8)
I/DEBUG   ( 3582):     #15 pc 0000083d  /system/bin/surfaceflinger
I/DEBUG   ( 3582):     #16 pc 0000fb75  /system/lib/libc.so (__libc_init+44)
I/DEBUG   ( 3582):     #17 pc 000008d8  /system/bin/surfaceflinger
I/DEBUG   ( 3582): 
I/DEBUG   ( 3582): Tombstone written to: /data/tombstones/tombstone_07
I/ServiceManager( 3571): service 'SurfaceFlinger' died
I/Netd    ( 4166): Netd 1.0 starting
E/Netd    ( 4166): Failed to open /proc/sys/net/ipv6/conf/default/accept_ra_rt_table: No such file or directory
E/Netd    ( 4166): Failed to open /proc/sys/net/ipv6/conf/ip6tnl0/accept_ra_rt_table: No such file or directory
E/Netd    ( 4166): Failed to open /proc/sys/net/ipv6/conf/lo/accept_ra_rt_table: No such file or directory
E/Netd    ( 4166): Failed to open /proc/sys/net/ipv6/conf/rmnet0/accept_ra_rt_table: No such file or directory
E/Netd    ( 4166): Failed to open /proc/sys/net/ipv6/conf/rmnet1/accept_ra_rt_table: No such file or directory
E/Netd    ( 4166): Failed to open /proc/sys/net/ipv6/conf/rmnet2/accept_ra_rt_table: No such file or directory
E/Netd    ( 4166): Failed to open /proc/sys/net/ipv6/conf/rmnet3/accept_ra_rt_table: No such file or directory
E/Netd    ( 4166): Failed to open /proc/sys/net/ipv6/conf/sit0/accept_ra_rt_table: No such file or directory
I/SurfaceFlinger( 4168): SurfaceFlinger is starting
I/SurfaceFlinger( 4168): SurfaceFlinger's main thread ready to run. Initializing graphics H/W...
D/libEGL  ( 4168): loaded /vendor/lib/egl/libGLES_mali.so
I/        ( 4168): PLATFORM VERSION : JB-MR-2
I/gralloc ( 4168): using (fd=12)
I/gralloc ( 4168): id           = 
I/gralloc ( 4168): xres         = 1080 px
I/gralloc ( 4168): yres         = 1920 px
I/gralloc ( 4168): xres_virtual = 1080 px
I/gralloc ( 4168): yres_virtual = 3840 px
I/gralloc ( 4168): bpp          = 32
I/gralloc ( 4168): r            = 16:8
I/gralloc ( 4168): g            =  8:8
I/gralloc ( 4168): b            =  0:8
I/gralloc ( 4168): width        = 65 mm (422.030762 dpi)
I/gralloc ( 4168): height       = 115 mm (424.069580 dpi)
I/gralloc ( 4168): refresh rate = 60.00 Hz
E/HAL     ( 4168): load: module=/system/lib/hw/hwcomposer.exynos5.so
E/HAL     ( 4168): dlopen failed: could not load library "libmedia.so" needed by "hwcomposer.exynos5.so"; caused by could not load library "libsamsungvad.so" needed by "libmedia.so"; caused by could not load library "lib_SamsungVAD_v01007.so" needed by "libsamsungvad.so"; caused by library "lib_SamsungVAD_v01007.so" not found
E/SurfaceFlinger( 4168): hwcomposer module not found
I/SurfaceFlinger( 4168): EGL information:
I/SurfaceFlinger( 4168): vendor    : Android
I/SurfaceFlinger( 4168): version   : 1.4 Android META-EGL
I/SurfaceFlinger( 4168): extensions: EGL_KHR_get_all_proc_addresses EGL_ANDROID_presentation_time EGL_KHR_image EGL_KHR_image_base EGL_KHR_gl_texture_2D_image EGL_KHR_gl_texture_cubemap_image EGL_KHR_gl_renderbuffer_image EGL_KHR_fence_sync EGL_KHR_create_context EGL_ANDROID_image_native_buffer EGL_KHR_wait_sync EGL_ANDROID_recordable 
I/SurfaceFlinger( 4168): Client API: OpenGL_ES
I/SurfaceFlinger( 4168): EGLSurface: 8-8-8-8, config=0xb6acf2ac
I/SurfaceFlinger( 4168): OpenGL ES informations:
I/SurfaceFlinger( 4168): vendor    : ARM
I/SurfaceFlinger( 4168): renderer  : Mali-T628
I/SurfaceFlinger( 4168): version   : OpenGL ES 3.0
I/SurfaceFlinger( 4168): extensions: GL_EXT_debug_marker GL_ARM_rgba8 GL_ARM_mali_shader_binary GL_OES_depth24 GL_OES_depth_texture GL_OES_depth_texture_cube_map GL_OES_packed_depth_stencil GL_OES_rgb8_rgba8 GL_EXT_read_format_bgra GL_OES_compressed_paletted_texture GL_OES_compressed_ETC1_RGB8_texture GL_OES_standard_derivatives GL_OES_EGL_image GL_OES_EGL_image_external GL_OES_EGL_sync GL_OES_texture_npot GL_OES_vertex_half_float GL_OES_required_internalformat GL_OES_vertex_array_object GL_OES_mapbuffer GL_EXT_texture_format_BGRA8888 GL_EXT_texture_rg GL_EXT_texture_type_2_10_10_10_REV GL_OES_fbo_render_mipmap GL_OES_element_index_uint GL_EXT_shadow_samplers GL_OES_texture_compression_astc GL_KHR_texture_compression_astc_ldr GL_KHR_texture_compression_astc_hdr GL_KHR_debug GL_EXT_occlusion_query_boolean GL_EXT_blend_minmax GL_EXT_discard_framebuffer GL_OES_get_program_binary GL_OES_texture_3D GL_EXT_texture_storage GL_EXT_multisampled_render_to_texture GL_OES_surfaceless_context GL_ARM_mali_program_binary 
I/SurfaceFlinger( 4168): GL_MAX_TEXTURE_SIZE = 8192
I/SurfaceFlinger( 4168): GL_MAX_VIEWPORT_DIMS = 8192
E/libEGL  ( 4168): eglQuerySurface:607 error 300d (EGL_BAD_SURFACE)
E/libEGL  ( 4168): eglQuerySurface:607 error 300d (EGL_BAD_SURFACE)
E/libEGL  ( 4168): call to OpenGL ES API with no current context (logged once per thread)
D/SurfaceFlinger( 4168): Set power mode=2, type=0 flinger=0xb6a62000
E/libEGL  ( 4168): eglSwapBuffers:1071 error 300d (EGL_BAD_SURFACE)
F/SurfaceFlinger( 4168): eglSwapBuffers(0x1, 0x0) failed with 0x0000300d
F/libc    ( 4168): Fatal signal 6 (SIGABRT), code -6 in tid 4168 (surfaceflinger)
I/DEBUG   ( 3582): property debug.db.uid not set; NOT waiting for gdb.
I/DEBUG   ( 3582): HINT: adb shell setprop debug.db.uid 100000
I/DEBUG   ( 3582): HINT: adb forward tcp:5039 tcp:5039
I/DEBUG   ( 3582): *** *** *** *** *** *** *** *** *** *** *** *** *** *** *** ***
I/DEBUG   ( 3582): Build fingerprint: 'samsung/cm_k3gxx/k3gxx:5.0.2/LRX22G/d4ad8f67ab:userdebug/test-keys'
I/DEBUG   ( 3582): Revision: '10'
I/DEBUG   ( 3582): ABI: 'arm'
I/DEBUG   ( 3582): pid: 4168, tid: 4168, name: surfaceflinger  >>> /system/bin/surfaceflinger <<<
I/DEBUG   ( 3582): signal 6 (SIGABRT), code -6 (SI_TKILL), fault addr --------
I/DEBUG   ( 3582): Abort message: 'eglSwapBuffers(0x1, 0x0) failed with 0x0000300d'
I/DEBUG   ( 3582):     r0 00000000  r1 00001048  r2 00000006  r3 00000000
I/DEBUG   ( 3582):     r4 b6fbd114  r5 00000006  r6 0000000b  r7 0000010c
I/DEBUG   ( 3582):     r8 00000000  r9 bee37bd0  sl b6a540d0  fp bee37bd0
I/DEBUG   ( 3582):     ip 00001048  sp bee37650  lr b6f477b9  pc b6f6b4e4  cpsr 600f0010
I/DEBUG   ( 3582): 
I/DEBUG   ( 3582): backtrace:
I/DEBUG   ( 3582):     #00 pc 000384e4  /system/lib/libc.so (tgkill+12)
I/DEBUG   ( 3582):     #01 pc 000147b5  /system/lib/libc.so (pthread_kill+52)
I/DEBUG   ( 3582):     #02 pc 0001550b  /system/lib/libc.so (raise+10)
I/DEBUG   ( 3582):     #03 pc 00011c35  /system/lib/libc.so (__libc_android_abort+36)
I/DEBUG   ( 3582):     #04 pc 0000fcb8  /system/lib/libc.so (abort+4)
I/DEBUG   ( 3582):     #05 pc 00007739  /system/lib/libcutils.so (__android_log_assert+88)
I/DEBUG   ( 3582):     #06 pc 0000f4df  /system/lib/libsurfaceflinger.so
I/DEBUG   ( 3582):     #07 pc 0001b9fd  /system/lib/libsurfaceflinger.so
I/DEBUG   ( 3582):     #08 pc 0001abe7  /system/lib/libsurfaceflinger.so
I/DEBUG   ( 3582):     #09 pc 00019fc3  /system/lib/libsurfaceflinger.so
I/DEBUG   ( 3582):     #10 pc 00019d49  /system/lib/libsurfaceflinger.so
I/DEBUG   ( 3582):     #11 pc 00010ed3  /system/lib/libutils.so (android::Looper::pollInner(int)+410)
I/DEBUG   ( 3582):     #12 pc 00010fc5  /system/lib/libutils.so (android::Looper::pollOnce(int, int*, int*, void**)+92)
I/DEBUG   ( 3582):     #13 pc 000174c5  /system/lib/libsurfaceflinger.so
I/DEBUG   ( 3582):     #14 pc 0001993d  /system/lib/libsurfaceflinger.so (android::SurfaceFlinger::run()+8)
I/DEBUG   ( 3582):     #15 pc 0000083d  /system/bin/surfaceflinger
I/DEBUG   ( 3582):     #16 pc 0000fb75  /system/lib/libc.so (__libc_init+44)
I/DEBUG   ( 3582):     #17 pc 000008d8  /system/bin/surfaceflinger
I/DEBUG   ( 3582): 
I/DEBUG   ( 3582): Tombstone written to: /data/tombstones/tombstone_08
I/ServiceManager( 3571): service 'SurfaceFlinger' died
I/Netd    ( 4213): Netd 1.0 starting
E/Netd    ( 4213): Failed to open /proc/sys/net/ipv6/conf/default/accept_ra_rt_table: No such file or directory
E/Netd    ( 4213): Failed to open /proc/sys/net/ipv6/conf/ip6tnl0/accept_ra_rt_table: No such file or directory
E/Netd    ( 4213): Failed to open /proc/sys/net/ipv6/conf/lo/accept_ra_rt_table: No such file or directory
E/Netd    ( 4213): Failed to open /proc/sys/net/ipv6/conf/rmnet0/accept_ra_rt_table: No such file or directory
E/Netd    ( 4213): Failed to open /proc/sys/net/ipv6/conf/rmnet1/accept_ra_rt_table: No such file or directory
E/Netd    ( 4213): Failed to open /proc/sys/net/ipv6/conf/rmnet2/accept_ra_rt_table: No such file or directory
E/Netd    ( 4213): Failed to open /proc/sys/net/ipv6/conf/rmnet3/accept_ra_rt_table: No such file or directory
E/Netd    ( 4213): Failed to open /proc/sys/net/ipv6/conf/sit0/accept_ra_rt_table: No such file or directory
I/SurfaceFlinger( 4215): SurfaceFlinger is starting
I/SurfaceFlinger( 4215): SurfaceFlinger's main thread ready to run. Initializing graphics H/W...
D/libEGL  ( 4215): loaded /vendor/lib/egl/libGLES_mali.so
I/        ( 4215): PLATFORM VERSION : JB-MR-2
I/gralloc ( 4215): using (fd=12)
I/gralloc ( 4215): id           = 
I/gralloc ( 4215): xres         = 1080 px
I/gralloc ( 4215): yres         = 1920 px
I/gralloc ( 4215): xres_virtual = 1080 px
I/gralloc ( 4215): yres_virtual = 3840 px
I/gralloc ( 4215): bpp          = 32
I/gralloc ( 4215): r            = 16:8
I/gralloc ( 4215): g            =  8:8
I/gralloc ( 4215): b            =  0:8
I/gralloc ( 4215): width        = 65 mm (422.030762 dpi)
I/gralloc ( 4215): height       = 115 mm (424.069580 dpi)
I/gralloc ( 4215): refresh rate = 60.00 Hz
E/HAL     ( 4215): load: module=/system/lib/hw/hwcomposer.exynos5.so
E/HAL     ( 4215): dlopen failed: could not load library "libmedia.so" needed by "hwcomposer.exynos5.so"; caused by could not load library "libsamsungvad.so" needed by "libmedia.so"; caused by could not load library "lib_SamsungVAD_v01007.so" needed by "libsamsungvad.so"; caused by library "lib_SamsungVAD_v01007.so" not found
E/SurfaceFlinger( 4215): hwcomposer module not found
I/SurfaceFlinger( 4215): EGL information:
I/SurfaceFlinger( 4215): vendor    : Android
I/SurfaceFlinger( 4215): version   : 1.4 Android META-EGL
I/SurfaceFlinger( 4215): extensions: EGL_KHR_get_all_proc_addresses EGL_ANDROID_presentation_time EGL_KHR_image EGL_KHR_image_base EGL_KHR_gl_texture_2D_image EGL_KHR_gl_texture_cubemap_image EGL_KHR_gl_renderbuffer_image EGL_KHR_fence_sync EGL_KHR_create_context EGL_ANDROID_image_native_buffer EGL_KHR_wait_sync EGL_ANDROID_recordable 
I/SurfaceFlinger( 4215): Client API: OpenGL_ES
I/SurfaceFlinger( 4215): EGLSurface: 8-8-8-8, config=0xb6acf2ac
I/SurfaceFlinger( 4215): OpenGL ES informations:
I/SurfaceFlinger( 4215): vendor    : ARM
I/SurfaceFlinger( 4215): renderer  : Mali-T628
I/SurfaceFlinger( 4215): version   : OpenGL ES 3.0
I/SurfaceFlinger( 4215): extensions: GL_EXT_debug_marker GL_ARM_rgba8 GL_ARM_mali_shader_binary GL_OES_depth24 GL_OES_depth_texture GL_OES_depth_texture_cube_map GL_OES_packed_depth_stencil GL_OES_rgb8_rgba8 GL_EXT_read_format_bgra GL_OES_compressed_paletted_texture GL_OES_compressed_ETC1_RGB8_texture GL_OES_standard_derivatives GL_OES_EGL_image GL_OES_EGL_image_external GL_OES_EGL_sync GL_OES_texture_npot GL_OES_vertex_half_float GL_OES_required_internalformat GL_OES_vertex_array_object GL_OES_mapbuffer GL_EXT_texture_format_BGRA8888 GL_EXT_texture_rg GL_EXT_texture_type_2_10_10_10_REV GL_OES_fbo_render_mipmap GL_OES_element_index_uint GL_EXT_shadow_samplers GL_OES_texture_compression_astc GL_KHR_texture_compression_astc_ldr GL_KHR_texture_compression_astc_hdr GL_KHR_debug GL_EXT_occlusion_query_boolean GL_EXT_blend_minmax GL_EXT_discard_framebuffer GL_OES_get_program_binary GL_OES_texture_3D GL_EXT_texture_storage GL_EXT_multisampled_render_to_texture GL_OES_surfaceless_context GL_ARM_mali_program_binary 
I/SurfaceFlinger( 4215): GL_MAX_TEXTURE_SIZE = 8192
I/SurfaceFlinger( 4215): GL_MAX_VIEWPORT_DIMS = 8192
E/libEGL  ( 4215): eglQuerySurface:607 error 300d (EGL_BAD_SURFACE)
E/libEGL  ( 4215): eglQuerySurface:607 error 300d (EGL_BAD_SURFACE)
E/libEGL  ( 4215): call to OpenGL ES API with no current context (logged once per thread)
D/SurfaceFlinger( 4215): Set power mode=2, type=0 flinger=0xb6a62000
E/libEGL  ( 4215): eglSwapBuffers:1071 error 300d (EGL_BAD_SURFACE)
F/SurfaceFlinger( 4215): eglSwapBuffers(0x1, 0x0) failed with 0x0000300d
F/libc    ( 4215): Fatal signal 6 (SIGABRT), code -6 in tid 4215 (surfaceflinger)
I/DEBUG   ( 3582): property debug.db.uid not set; NOT waiting for gdb.
I/DEBUG   ( 3582): HINT: adb shell setprop debug.db.uid 100000
I/DEBUG   ( 3582): HINT: adb forward tcp:5039 tcp:5039
I/DEBUG   ( 3582): *** *** *** *** *** *** *** *** *** *** *** *** *** *** *** ***
I/DEBUG   ( 3582): Build fingerprint: 'samsung/cm_k3gxx/k3gxx:5.0.2/LRX22G/d4ad8f67ab:userdebug/test-keys'
I/DEBUG   ( 3582): Revision: '10'
I/DEBUG   ( 3582): ABI: 'arm'
I/DEBUG   ( 3582): pid: 4215, tid: 4215, name: surfaceflinger  >>> /system/bin/surfaceflinger <<<
I/DEBUG   ( 3582): signal 6 (SIGABRT), code -6 (SI_TKILL), fault addr --------
I/DEBUG   ( 3582): Abort message: 'eglSwapBuffers(0x1, 0x0) failed with 0x0000300d'
I/DEBUG   ( 3582):     r0 00000000  r1 00001077  r2 00000006  r3 00000000
I/DEBUG   ( 3582):     r4 b6f83114  r5 00000006  r6 0000000b  r7 0000010c
I/DEBUG   ( 3582):     r8 00000000  r9 be946bd0  sl b6a540d0  fp be946bd0
I/DEBUG   ( 3582):     ip 00001077  sp be946650  lr b6f0d7b9  pc b6f314e4  cpsr 600f0010
I/DEBUG   ( 3582): 
I/DEBUG   ( 3582): backtrace:
I/DEBUG   ( 3582):     #00 pc 000384e4  /system/lib/libc.so (tgkill+12)
I/DEBUG   ( 3582):     #01 pc 000147b5  /system/lib/libc.so (pthread_kill+52)
I/DEBUG   ( 3582):     #02 pc 0001550b  /system/lib/libc.so (raise+10)
I/DEBUG   ( 3582):     #03 pc 00011c35  /system/lib/libc.so (__libc_android_abort+36)
I/DEBUG   ( 3582):     #04 pc 0000fcb8  /system/lib/libc.so (abort+4)
I/DEBUG   ( 3582):     #05 pc 00007739  /system/lib/libcutils.so (__android_log_assert+88)
I/DEBUG   ( 3582):     #06 pc 0000f4df  /system/lib/libsurfaceflinger.so
I/DEBUG   ( 3582):     #07 pc 0001b9fd  /system/lib/libsurfaceflinger.so
I/DEBUG   ( 3582):     #08 pc 0001abe7  /system/lib/libsurfaceflinger.so
I/DEBUG   ( 3582):     #09 pc 00019fc3  /system/lib/libsurfaceflinger.so
I/DEBUG   ( 3582):     #10 pc 00019d49  /system/lib/libsurfaceflinger.so
I/DEBUG   ( 3582):     #11 pc 00010ed3  /system/lib/libutils.so (android::Looper::pollInner(int)+410)
I/DEBUG   ( 3582):     #12 pc 00010fc5  /system/lib/libutils.so (android::Looper::pollOnce(int, int*, int*, void**)+92)
I/DEBUG   ( 3582):     #13 pc 000174c5  /system/lib/libsurfaceflinger.so
I/DEBUG   ( 3582):     #14 pc 0001993d  /system/lib/libsurfaceflinger.so (android::SurfaceFlinger::run()+8)
I/DEBUG   ( 3582):     #15 pc 0000083d  /system/bin/surfaceflinger
I/DEBUG   ( 3582):     #16 pc 0000fb75  /system/lib/libc.so (__libc_init+44)
I/DEBUG   ( 3582):     #17 pc 000008d8  /system/bin/surfaceflinger
I/DEBUG   ( 3582): 
I/DEBUG   ( 3582): Tombstone written to: /data/tombstones/tombstone_09
I/ServiceManager( 3571): service 'SurfaceFlinger' died
I/Netd    ( 4259): Netd 1.0 starting
E/Netd    ( 4259): Failed to open /proc/sys/net/ipv6/conf/default/accept_ra_rt_table: No such file or directory
E/Netd    ( 4259): Failed to open /proc/sys/net/ipv6/conf/ip6tnl0/accept_ra_rt_table: No such file or directory
E/Netd    ( 4259): Failed to open /proc/sys/net/ipv6/conf/lo/accept_ra_rt_table: No such file or directory
E/Netd    ( 4259): Failed to open /proc/sys/net/ipv6/conf/rmnet0/accept_ra_rt_table: No such file or directory
E/Netd    ( 4259): Failed to open /proc/sys/net/ipv6/conf/rmnet1/accept_ra_rt_table: No such file or directory
E/Netd    ( 4259): Failed to open /proc/sys/net/ipv6/conf/rmnet2/accept_ra_rt_table: No such file or directory
E/Netd    ( 4259): Failed to open /proc/sys/net/ipv6/conf/rmnet3/accept_ra_rt_table: No such file or directory
E/Netd    ( 4259): Failed to open /proc/sys/net/ipv6/conf/sit0/accept_ra_rt_table: No such file or directory
I/SurfaceFlinger( 4261): SurfaceFlinger is starting
I/SurfaceFlinger( 4261): SurfaceFlinger's main thread ready to run. Initializing graphics H/W...
D/libEGL  ( 4261): loaded /vendor/lib/egl/libGLES_mali.so
I/        ( 4261): PLATFORM VERSION : JB-MR-2
I/gralloc ( 4261): using (fd=12)
I/gralloc ( 4261): id           = 
I/gralloc ( 4261): xres         = 1080 px
I/gralloc ( 4261): yres         = 1920 px
I/gralloc ( 4261): xres_virtual = 1080 px
I/gralloc ( 4261): yres_virtual = 3840 px
I/gralloc ( 4261): bpp          = 32
I/gralloc ( 4261): r            = 16:8
