I/ServiceManager( 3658): service 'package' died
I/ServiceManager( 3658): service 'telephony.registry' died
I/ServiceManager( 3658): service 'entropy' died
I/ServiceManager( 3658): service 'activity' died
I/ServiceManager( 3658): service 'account' died
I/ServiceManager( 3658): service 'content' died
I/ServiceManager( 3658): service 'accessibility' died
I/ServiceManager( 3658): service 'mount' died
I/ServiceManager( 3658): service 'sensorservice' died
I/ServiceManager( 3658): service 'batterystats' died
I/ServiceManager( 3658): service 'appops' died
I/ServiceManager( 3658): service 'power' died
I/ServiceManager( 3658): service 'procstats' died
I/ServiceManager( 3658): service 'user' died
I/ServiceManager( 3658): service 'display' died
I/ServiceManager( 3658): service 'meminfo' died
I/ServiceManager( 3658): service 'gfxinfo' died
D/wrapperGPS( 3686): wrapperConnect_RILD
I/lowmemorykiller( 3657): ActivityManager disconnected
I/lowmemorykiller( 3657): Closing Activity Manager data connection
E/FrameworkListener( 3659): read() failed (Connection reset by peer)
E/Zygote  ( 3688): Exit zygote because system server (4097) has terminated
I/Netd    ( 4178): Netd 1.0 starting
E/Netd    ( 4178): Failed to open /proc/sys/net/ipv6/conf/default/accept_ra_rt_table: No such file or directory
E/Netd    ( 4178): Failed to open /proc/sys/net/ipv6/conf/ip6tnl0/accept_ra_rt_table: No such file or directory
E/Netd    ( 4178): Failed to open /proc/sys/net/ipv6/conf/lo/accept_ra_rt_table: No such file or directory
E/Netd    ( 4178): Failed to open /proc/sys/net/ipv6/conf/rmnet0/accept_ra_rt_table: No such file or directory
E/Netd    ( 4178): Failed to open /proc/sys/net/ipv6/conf/rmnet1/accept_ra_rt_table: No such file or directory
E/Netd    ( 4178): Failed to open /proc/sys/net/ipv6/conf/rmnet2/accept_ra_rt_table: No such file or directory
E/Netd    ( 4178): Failed to open /proc/sys/net/ipv6/conf/rmnet3/accept_ra_rt_table: No such file or directory
E/Netd    ( 4178): Failed to open /proc/sys/net/ipv6/conf/sit0/accept_ra_rt_table: No such file or directory
D/AndroidRuntime( 4177): 
D/AndroidRuntime( 4177): >>>>>> AndroidRuntime START com.android.internal.os.ZygoteInit <<<<<<
D/AndroidRuntime( 4177): CheckJNI is OFF
I/art     ( 4177): option[0]=-Xzygote
I/art     ( 4177): option[1]=-Xstacktracefile:/data/anr/traces.txt
I/art     ( 4177): option[2]=exit
I/art     ( 4177): option[3]=vfprintf
I/art     ( 4177): option[4]=sensitiveThread
I/art     ( 4177): option[5]=-verbose:gc
I/art     ( 4177): option[6]=-Xms16m
I/art     ( 4177): option[7]=-Xmx512m
I/art     ( 4177): option[8]=-XX:mainThreadStackSize=24K
I/art     ( 4177): option[9]=-XX:HeapGrowthLimit=192m
I/art     ( 4177): option[10]=-XX:HeapMinFree=2m
I/art     ( 4177): option[11]=-XX:HeapMaxFree=8m
I/art     ( 4177): option[12]=-XX:HeapTargetUtilization=0.75
I/art     ( 4177): option[13]=-agentlib:jdwp=transport=dt_android_adb,suspend=n,server=y
I/art     ( 4177): option[14]=-Xlockprofthreshold:500
I/art     ( 4177): option[15]=-Ximage-compiler-option
I/art     ( 4177): option[16]=--runtime-arg
I/art     ( 4177): option[17]=-Ximage-compiler-option
I/art     ( 4177): option[18]=-Xms64m
I/art     ( 4177): option[19]=-Ximage-compiler-option
I/art     ( 4177): option[20]=--runtime-arg
I/art     ( 4177): option[21]=-Ximage-compiler-option
I/art     ( 4177): option[22]=-Xmx64m
I/art     ( 4177): option[23]=-Ximage-compiler-option
I/art     ( 4177): option[24]=--image-classes-zip=/system/framework/framework.jar
I/art     ( 4177): option[25]=-Ximage-compiler-option
I/art     ( 4177): option[26]=--image-classes=preloaded-classes
I/art     ( 4177): option[27]=-Xcompiler-option
I/art     ( 4177): option[28]=--runtime-arg
I/art     ( 4177): option[29]=-Xcompiler-option
I/art     ( 4177): option[30]=-Xms64m
I/art     ( 4177): option[31]=-Xcompiler-option
I/art     ( 4177): option[32]=--runtime-arg
I/art     ( 4177): option[33]=-Xcompiler-option
I/art     ( 4177): option[34]=-Xmx512m
I/art     ( 4177): option[35]=-Duser.language=es
I/art     ( 4177): option[36]=-Duser.region=US
E/memtrack( 4177): Couldn't load memtrack module (No such file or directory)
E/android.os.Debug( 4177): failed to load memtrack module: -2
I/SamplingProfilerIntegration( 4177): Profiling disabled.
D/Zygote  ( 4177): begin preload
I/Zygote  ( 4177): Preloading classes...
I/art     ( 4177): Explicit concurrent mark sweep GC freed 994(55KB) AllocSpace objects, 0(0B) LOS objects, 98% free, 70KB/4MB, paused 123us total 3.836ms
I/art     ( 4177): Counter: 1
E/Minikin ( 4177): addFont failed to create font /system/fonts/NotoSansGujarati-Regular.ttf
E/Minikin ( 4177): addFont failed to create font /system/fonts/NotoSansGujarati-Bold.ttf
E/Minikin ( 4177): addFont failed to create font /system/fonts/NotoSansGujaratiUI-Regular.ttf
E/Minikin ( 4177): addFont failed to create font /system/fonts/NotoSansGujaratiUI-Bold.ttf
E/Minikin ( 4177): addFont failed to create font /system/fonts/NotoSansGurmukhi-Regular.ttf
E/Minikin ( 4177): addFont failed to create font /system/fonts/NotoSansGurmukhi-Bold.ttf
E/Minikin ( 4177): addFont failed to create font /system/fonts/NotoSansGurmukhiUI-Regular.ttf
E/Minikin ( 4177): addFont failed to create font /system/fonts/NotoSansGurmukhiUI-Bold.ttf
E/Minikin ( 4177): addFont failed to create font /system/fonts/NotoSansSinhala-Regular.ttf
E/Minikin ( 4177): addFont failed to create font /system/fonts/NotoSansSinhala-Bold.ttf
E/Minikin ( 4177): addFont failed to create font /system/fonts/NotoSansCherokee-Regular.ttf
E/Minikin ( 4177): addFont failed to create font /system/fonts/NotoSansCanadianAboriginal-Regular.ttf
E/Minikin ( 4177): addFont failed to create font /system/fonts/NotoSansYi-Regular.ttf
E/Minikin ( 4177): addFont failed to create font /system/fonts/NotoSansHans-Regular.otf
E/Minikin ( 4177): addFont failed to create font /system/fonts/NotoSansHant-Regular.otf
E/Minikin ( 4177): addFont failed to create font /system/fonts/NotoSansJP-Regular.otf
E/Minikin ( 4177): addFont failed to create font /system/fonts/NotoSansKR-Regular.otf
I/art     ( 4177): Thread[1,tid=4177,WaitingForJniOnLoad,Thread*=0xb5107800,peer=0x12c33140,"main"] recursive attempt to load library "/system/lib/libmedia_jni.so"
D/MtpDeviceJNI( 4177): register_android_mtp_MtpDevice
I/art     ( 4177): Thread[1,tid=4177,WaitingForJniOnLoad,Thread*=0xb5107800,peer=0x12c33140,"main"] recursive attempt to load library "/system/lib/libmedia_jni.so"
I/art     ( 4177): Thread[1,tid=4177,WaitingForJniOnLoad,Thread*=0xb5107800,peer=0x12c33140,"main"] recursive attempt to load library "/system/lib/libmedia_jni.so"
I/System  ( 4177): Loaded time zone names for "" in 40ms (35ms in ICU)
D/wrapperGPS( 3686): wrapperConnect_RILD
I/System  ( 4177): Loaded time zone names for "en_US" in 30ms (24ms in ICU)
I/System  ( 4177): Loaded time zone names for "es_US" in 33ms (28ms in ICU)
I/art     ( 4177): Explicit concurrent mark sweep GC freed 32378(1963KB) AllocSpace objects, 0(0B) LOS objects, 71% free, 1613KB/5MB, paused 143us total 14.086ms
I/Zygote  ( 4177): ...preloaded 3005 classes in 615ms.
I/art     ( 4177): VMRuntime.preloadDexCaches starting
I/art     ( 4177): VMRuntime.preloadDexCaches strings total=217316 before=40338 after=40338
I/art     ( 4177): VMRuntime.preloadDexCaches types total=18704 before=6337 after=6380
I/art     ( 4177): VMRuntime.preloadDexCaches fields total=87408 before=32543 after=32871
I/art     ( 4177): VMRuntime.preloadDexCaches methods total=154031 before=66779 after=67657
I/art     ( 4177): VMRuntime.preloadDexCaches finished
I/art     ( 4177): Counter: 0
I/art     ( 4177): Counter: 1
I/art     ( 4177): Explicit concurrent mark sweep GC freed 175(20KB) AllocSpace objects, 0(0B) LOS objects, 71% free, 1593KB/5MB, paused 139us total 7.607ms
D/idmap   ( 4279): error: no read access to /vendor/overlay: No such file or directory
I/Zygote  ( 4177): Preloading resources...
I/art     ( 4177): Explicit concurrent mark sweep GC freed 4549(160KB) AllocSpace objects, 0(0B) LOS objects, 40% free, 16MB/28MB, paused 334us total 11.440ms
I/Zygote  ( 4177): ...preloaded 430 resources in 385ms.
I/art     ( 4177): Explicit concurrent mark sweep GC freed 564(32KB) AllocSpace objects, 0(0B) LOS objects, 40% free, 16MB/28MB, paused 211us total 8.876ms
I/Zygote  ( 4177): ...preloaded 41 resources in 19ms.
I/art     ( 4177): Counter: 0
D/libEGL  ( 4177): loaded /vendor/lib/egl/libGLES_mali.so
I/Zygote  ( 4177): Preloading shared libraries...
D/Zygote  ( 4177): end preload
I/art     ( 4177): Explicit concurrent mark sweep GC freed 461(21KB) AllocSpace objects, 0(0B) LOS objects, 40% free, 16MB/28MB, paused 299us total 9.399ms
I/art     ( 4177): Explicit concurrent mark sweep GC freed 41(1568B) AllocSpace objects, 0(0B) LOS objects, 40% free, 16MB/28MB, paused 222us total 9.364ms
I/art     ( 4177): Explicit concurrent mark sweep GC freed 5(160B) AllocSpace objects, 0(0B) LOS objects, 40% free, 16MB/28MB, paused 220us total 8.971ms
I/Zygote  ( 4177): System server process 4342 has been created
I/Zygote  ( 4177): Accepting command socket connections
I/InstallerConnection( 4342): disconnecting...
I/SystemServer( 4342): Entered the Android system server!
V/Fingerprint-JNI( 4342): FingerprintManager JNI ready.
I/        ( 4342): System server: starting sensor init.
D/SensorService( 4342): nuSensorService starting...
E/Sensors ( 4342): GeoMagneticSensor, ERROR dev_num = -19
I/SystemServiceManager( 4342): Starting com.android.server.pm.Installer
I/Installer( 4342): Waiting for installd to be ready.
I/InstallerConnection( 4342): connecting...
I/installd( 3684): new connection
I/SystemServiceManager( 4342): Starting com.android.server.am.ActivityManagerService$Lifecycle
E/Sensors ( 4342): UncalMagneticSensor, ERROR dev_num = -19
E/Sensors ( 4342): UncalGyroSensor, ERROR dev_num = -19
E/Sensors ( 4342): GameRotationVector, ERROR dev_num = -19
D/Sensors ( 4342): HrmSpO2Sensor::HrmSpO2Sensor: Shared version Registered 
E/SensorService( 4342): >>>> WARNING <<< Upgrade sensor HAL to version 1_3
I/Sensors ( 4342): HrmSpO2Sensor::enable, handle(16), en(0), what(1/0:aosphrm,1:sshrm, old enabled : 0)
I/Sensors ( 4342): HrmSpO2Sensor is already disabled or have to keep enabled, mEnabled : 0x0, en : 0
I/Sensors ( 4342): HrmSpO2Sensor::enable, handle(17), en(0), what(0/0:aosphrm,1:sshrm, old enabled : 0)
I/Sensors ( 4342): HrmSpO2Sensor is already disabled or have to keep enabled, mEnabled : 0x0, en : 0
I/Sensors ( 4342): HrmSpO2Sensor::enable, handle(18), en(0), what(2/0:aosphrm,1:sshrm, old enabled : 0)
I/Sensors ( 4342): HrmSpO2Sensor is already disabled or have to keep enabled, mEnabled : 0x0, en : 0
I/        ( 4342): System server: sensor init done.
D/SensorService( 4342): nuSensorService thread starting...
D/SensorService( 4342): new thread SensorEventAckReceiver
I/ActivityManager( 4342): Memory class: 192
I/ServiceThread( 4342): Enabled StrictMode logging for ActivityManager looper.
D/wrapperGPS( 3686): wrapperConnect_RILD
W/ProcessCpuTracker( 4342): Skipping unknown process pid 4387
I/IntentFirewall( 4342): Read new rules (A:0 B:0 S:0)
I/ServiceThread( 4342): Enabled StrictMode logging for android.ui looper.
I/ServiceThread( 4342): Enabled StrictMode logging for android.display looper.
D/AppOps  ( 4342): AppOpsService published
I/SystemServiceManager( 4342): Starting com.android.server.power.PowerManagerService
I/ServiceThread( 4342): Enabled StrictMode logging for PowerManagerService looper.
E/SEC PowerHAL( 4342): sysfs_write : Error opening /sys/devices/system/cpu/cpu0/cpufreq/interactive/multi_enter_load: Permission denied
E/SEC PowerHAL( 4342): sysfs_write : Error opening /sys/devices/system/cpu/cpu0/cpufreq/interactive/single_enter_load: Permission denied
E/SEC PowerHAL( 4342): sysfs_write : Error opening /sys/devices/system/cpu/cpu0/cpufreq/interactive/param_index: Permission denied
E/SEC PowerHAL( 4342): sysfs_write : Error opening /sys/devices/system/cpu/cpu0/cpufreq/interactive/timer_rate: Permission denied
E/SEC PowerHAL( 4342): sysfs_write : Error opening /sys/devices/system/cpu/cpu0/cpufreq/interactive/timer_slack: Permission denied
E/SEC PowerHAL( 4342): sysfs_write : Error opening /sys/devices/system/cpu/cpu0/cpufreq/interactive/min_sample_time: Permission denied
E/SEC PowerHAL( 4342): sysfs_write : Error opening /sys/devices/system/cpu/cpu0/cpufreq/interactive/hispeed_freq: Permission denied
E/SEC PowerHAL( 4342): sysfs_write : Error opening /sys/devices/system/cpu/cpu0/cpufreq/interactive/go_hispeed_load: Permission denied
E/SEC PowerHAL( 4342): sysfs_write : Error opening /sys/devices/system/cpu/cpu0/cpufreq/interactive/target_loads: Permission denied
E/SEC PowerHAL( 4342): sysfs_write : Error opening /sys/devices/system/cpu/cpu0/cpufreq/interactive/above_hispeed_delay: Permission denied
E/SEC PowerHAL( 4342): sysfs_write : Error opening /sys/devices/system/cpu/cpu0/cpufreq/interactive/boostpulse_duration: Permission denied
E/SEC PowerHAL( 4342): sysfs_write : Error opening /sys/devices/system/cpu/cpu4/cpufreq/interactive/multi_enter_load: Permission denied
E/SEC PowerHAL( 4342): sysfs_write : Error opening /sys/devices/system/cpu/cpu4/cpufreq/interactive/multi_enter_time: Permission denied
E/SEC PowerHAL( 4342): sysfs_write : Error opening /sys/devices/system/cpu/cpu4/cpufreq/interactive/multi_exit_load: Permission denied
E/SEC PowerHAL( 4342): sysfs_write : Error opening /sys/devices/system/cpu/cpu4/cpufreq/interactive/multi_exit_time: Permission denied
E/SEC PowerHAL( 4342): sysfs_write : Error opening /sys/devices/system/cpu/cpu4/cpufreq/interactive/single_enter_load: Permission denied
E/SEC PowerHAL( 4342): sysfs_write : Error opening /sys/devices/system/cpu/cpu4/cpufreq/interactive/single_enter_time: Permission denied
E/SEC PowerHAL( 4342): sysfs_write : Error opening /sys/devices/system/cpu/cpu4/cpufreq/interactive/single_exit_load: Permission denied
E/SEC PowerHAL( 4342): sysfs_write : Error opening /sys/devices/system/cpu/cpu4/cpufreq/interactive/single_exit_time: Permission denied
E/SEC PowerHAL( 4342): sysfs_write : Error opening /sys/devices/system/cpu/cpu4/cpufreq/interactive/param_index: Permission denied
E/SEC PowerHAL( 4342): sysfs_write : Error opening /sys/devices/system/cpu/cpu4/cpufreq/interactive/timer_rate: Permission denied
E/SEC PowerHAL( 4342): sysfs_write : Error opening /sys/devices/system/cpu/cpu4/cpufreq/interactive/timer_slack: Permission denied
E/SEC PowerHAL( 4342): sysfs_write : Error opening /sys/devices/system/cpu/cpu4/cpufreq/interactive/min_sample_time: Permission denied
E/SEC PowerHAL( 4342): sysfs_write : Error opening /sys/devices/system/cpu/cpu4/cpufreq/interactive/hispeed_freq: Permission denied
E/SEC PowerHAL( 4342): sysfs_write : Error opening /sys/devices/system/cpu/cpu4/cpufreq/interactive/go_hispeed_load: Permission denied
E/SEC PowerHAL( 4342): sysfs_write : Error opening /sys/devices/system/cpu/cpu4/cpufreq/interactive/target_loads: Permission denied
E/SEC PowerHAL( 4342): sysfs_write : Error opening /sys/devices/system/cpu/cpu4/cpufreq/interactive/above_hispeed_delay: Permission denied
E/SEC PowerHAL( 4342): sysfs_write : Error opening /sys/devices/system/cpu/cpu4/cpufreq/interactive/boostpulse_duration: Permission denied
E/SEC PowerHAL( 4342): sysfs_write : Error opening /sys/devices/system/cpu/cpu4/cpufreq/interactive/param_index: Permission denied
E/SEC PowerHAL( 4342): sysfs_write : Error opening /sys/devices/system/cpu/cpu4/cpufreq/interactive/timer_rate: Permission denied
E/SEC PowerHAL( 4342): sysfs_write : Error opening /sys/devices/system/cpu/cpu4/cpufreq/interactive/min_sample_time: Permission denied
E/SEC PowerHAL( 4342): sysfs_write : Error opening /sys/devices/system/cpu/cpu4/cpufreq/interactive/hispeed_freq: Permission denied
E/SEC PowerHAL( 4342): sysfs_write : Error opening /sys/devices/system/cpu/cpu4/cpufreq/interactive/go_hispeed_load: Permission denied
E/SEC PowerHAL( 4342): sysfs_write : Error opening /sys/devices/system/cpu/cpu4/cpufreq/interactive/target_loads: Permission denied
E/SEC PowerHAL( 4342): sysfs_write : Error opening /sys/devices/system/cpu/cpu4/cpufreq/interactive/above_hispeed_delay: Permission denied
E/SEC PowerHAL( 4342): sysfs_write : Error opening /sys/devices/system/cpu/cpu4/cpufreq/interactive/param_index: Permission denied
E/SEC PowerHAL( 4342): sysfs_write : Error opening /sys/devices/system/cpu/cpu4/cpufreq/interactive/timer_rate: Permission denied
E/SEC PowerHAL( 4342): sysfs_write : Error opening /sys/devices/system/cpu/cpu4/cpufreq/interactive/min_sample_time: Permission denied
E/SEC PowerHAL( 4342): sysfs_write : Error opening /sys/devices/system/cpu/cpu4/cpufreq/interactive/hispeed_freq: Permission denied
E/SEC PowerHAL( 4342): sysfs_write : Error opening /sys/devices/system/cpu/cpu4/cpufreq/interactive/go_hispeed_load: Permission denied
E/SEC PowerHAL( 4342): sysfs_write : Error opening /sys/devices/system/cpu/cpu4/cpufreq/interactive/target_loads: Permission denied
E/SEC PowerHAL( 4342): sysfs_write : Error opening /sys/devices/system/cpu/cpu4/cpufreq/interactive/above_hispeed_delay: Permission denied
E/SEC PowerHAL( 4342): sysfs_write : Error opening /sys/devices/system/cpu/cpu4/cpufreq/interactive/param_index: Permission denied
E/SEC PowerHAL( 4342): sysfs_write : Error opening /sys/devices/system/cpu/cpu4/cpufreq/interactive/timer_rate: Permission denied
E/SEC PowerHAL( 4342): sysfs_write : Error opening /sys/devices/system/cpu/cpu4/cpufreq/interactive/min_sample_time: Permission denied
E/SEC PowerHAL( 4342): sysfs_write : Error opening /sys/devices/system/cpu/cpu4/cpufreq/interactive/hispeed_freq: Permission denied
E/SEC PowerHAL( 4342): sysfs_write : Error opening /sys/devices/system/cpu/cpu4/cpufreq/interactive/go_hispeed_load: Permission denied
E/SEC PowerHAL( 4342): sysfs_write : Error opening /sys/devices/system/cpu/cpu4/cpufreq/interactive/target_loads: Permission denied
E/SEC PowerHAL( 4342): sysfs_write : Error opening /sys/devices/system/cpu/cpu4/cpufreq/interactive/above_hispeed_delay: Permission denied
E/SEC PowerHAL( 4342): sysfs_write : Error opening /sys/devices/system/cpu/cpu4/cpufreq/interactive/param_index: Permission denied
W/libsuspend( 4342): Error writing 'on' to /sys/power/state: Invalid argument
I/libsuspend( 4342): Selected wakeup count
I/SystemServiceManager( 4342): Starting com.android.server.display.DisplayManagerService
I/SystemServiceManager( 4342): Starting phase 100
I/DisplayManagerService( 4342): Display device added: DisplayDeviceInfo{"Pantalla integrada": 1080 x 1920, 60.000004 fps, supportedRefreshRates [60.000004], density 480, 422.03 x 424.069 dpi, appVsyncOff 0, presDeadline 17666666, touch INTERNAL, rotation 0, type BUILT_IN, state UNKNOWN, FLAG_DEFAULT_DISPLAY, FLAG_ROTATES_WITH_CONTENT, FLAG_SECURE, FLAG_SUPPORTS_PROTECTED_BUFFERS}
I/SystemServer( 4342): Package Manager
V/NatController( 4178): runCmd(/system/bin/iptables -F natctrl_FORWARD) res=0
W/SELinuxMMAC( 4342): Error opening /data/system/seapp_hash. Assuming first boot.
W/PackageManager( 4342): No security bridge jar found, using default
V/NatController( 4178): runCmd(/system/bin/iptables -A natctrl_FORWARD -j DROP) res=0
W/SystemConfig( 4342): No directory /system/etc/sysconfig, skipping
V/NatController( 4178): runCmd(/system/bin/iptables -t nat -F natctrl_nat_POSTROUTING) res=0
V/NatController( 4178): runCmd(/system/bin/iptables -t nat -F natctrl_nat_PREROUTING) res=0
V/NatController( 4178): runCmd(/system/bin/iptables -F natctrl_tether_counters) res=0
V/NatController( 4178): runCmd(/system/bin/iptables -X natctrl_tether_counters) res=0
V/NatController( 4178): runCmd(/system/bin/iptables -N natctrl_tether_counters) res=0
D/SELinuxMMAC( 4342): Using policy file /system/etc/security/mac_permissions.xml
V/NatController( 4178): runCmd(/system/bin/iptables -t mangle -A natctrl_mangle_FORWARD -p tcp --tcp-flags SYN SYN -j TCPMSS --clamp-mss-to-pmtu) res=0
E/art     ( 4342): DexFile_isDexOptNeeded file '/system/framework/com.android.nfc_extras.jar' does not exist
W/PackageManager( 4342): Library not found: /system/framework/com.android.nfc_extras.jar
E/SQLiteLog( 4342): (14) cannot open file at line 30046 of [9491ba7d73]
E/SQLiteLog( 4342): (14) os_unix.c:30046: (2) open(/data/data/com.android.providers.settings/databases/settings.db) - 
E/SQLiteDatabase( 4342): Failed to open database '/data/data/com.android.providers.settings/databases/settings.db'.
E/SQLiteDatabase( 4342): android.database.sqlite.SQLiteCantOpenDatabaseException: unknown error (code 14): Could not open database
E/SQLiteDatabase( 4342): 	at android.database.sqlite.SQLiteConnection.nativeOpen(Native Method)
E/SQLiteDatabase( 4342): 	at android.database.sqlite.SQLiteConnection.open(SQLiteConnection.java:209)
E/SQLiteDatabase( 4342): 	at android.database.sqlite.SQLiteConnection.open(SQLiteConnection.java:193)
E/SQLiteDatabase( 4342): 	at android.database.sqlite.SQLiteConnectionPool.openConnectionLocked(SQLiteConnectionPool.java:463)
E/SQLiteDatabase( 4342): 	at android.database.sqlite.SQLiteConnectionPool.open(SQLiteConnectionPool.java:185)
E/SQLiteDatabase( 4342): 	at android.database.sqlite.SQLiteConnectionPool.open(SQLiteConnectionPool.java:177)
E/SQLiteDatabase( 4342): 	at android.database.sqlite.SQLiteDatabase.openInner(SQLiteDatabase.java:806)
E/SQLiteDatabase( 4342): 	at android.database.sqlite.SQLiteDatabase.open(SQLiteDatabase.java:791)
E/SQLiteDatabase( 4342): 	at android.database.sqlite.SQLiteDatabase.openDatabase(SQLiteDatabase.java:694)
E/SQLiteDatabase( 4342): 	at android.database.sqlite.SQLiteDatabase.openDatabase(SQLiteDatabase.java:669)
E/SQLiteDatabase( 4342): 	at android.content.pm.ThemeUtils.getBootThemeDirty(ThemeUtils.java:697)
E/SQLiteDatabase( 4342): 	at com.android.server.pm.PackageManagerService.<init>(PackageManagerService.java:1654)
E/SQLiteDatabase( 4342): 	at com.android.server.pm.PackageManagerService.main(PackageManagerService.java:1352)
E/SQLiteDatabase( 4342): 	at com.android.server.SystemServer.startBootstrapServices(SystemServer.java:376)
E/SQLiteDatabase( 4342): 	at com.android.server.SystemServer.run(SystemServer.java:282)
E/SQLiteDatabase( 4342): 	at com.android.server.SystemServer.main(SystemServer.java:185)
E/SQLiteDatabase( 4342): 	at java.lang.reflect.Method.invoke(Native Method)
E/SQLiteDatabase( 4342): 	at java.lang.reflect.Method.invoke(Method.java:372)
E/SQLiteDatabase( 4342): 	at com.android.internal.os.ZygoteInit$MethodAndArgsCaller.run(ZygoteInit.java:898)
E/SQLiteDatabase( 4342): 	at com.android.internal.os.ZygoteInit.main(ZygoteInit.java:693)
W/ThemeUtils( 4342): Unable to open /data/data/com.android.providers.settings/databases/settings.db
W/ThemeUtils( 4342): android.database.sqlite.SQLiteCantOpenDatabaseException: unknown error (code 14): Could not open database
W/ThemeUtils( 4342): 	at android.database.sqlite.SQLiteConnection.nativeOpen(Native Method)
W/ThemeUtils( 4342): 	at android.database.sqlite.SQLiteConnection.open(SQLiteConnection.java:209)
W/ThemeUtils( 4342): 	at android.database.sqlite.SQLiteConnection.open(SQLiteConnection.java:193)
W/ThemeUtils( 4342): 	at android.database.sqlite.SQLiteConnectionPool.openConnectionLocked(SQLiteConnectionPool.java:463)
W/ThemeUtils( 4342): 	at android.database.sqlite.SQLiteConnectionPool.open(SQLiteConnectionPool.java:185)
W/ThemeUtils( 4342): 	at android.database.sqlite.SQLiteConnectionPool.open(SQLiteConnectionPool.java:177)
W/ThemeUtils( 4342): 	at android.database.sqlite.SQLiteDatabase.openInner(SQLiteDatabase.java:806)
W/ThemeUtils( 4342): 	at android.database.sqlite.SQLiteDatabase.open(SQLiteDatabase.java:791)
W/ThemeUtils( 4342): 	at android.database.sqlite.SQLiteDatabase.openDatabase(SQLiteDatabase.java:694)
W/ThemeUtils( 4342): 	at android.database.sqlite.SQLiteDatabase.openDatabase(SQLiteDatabase.java:669)
W/ThemeUtils( 4342): 	at android.content.pm.ThemeUtils.getBootThemeDirty(ThemeUtils.java:697)
W/ThemeUtils( 4342): 	at com.android.server.pm.PackageManagerService.<init>(PackageManagerService.java:1654)
W/ThemeUtils( 4342): 	at com.android.server.pm.PackageManagerService.main(PackageManagerService.java:1352)
W/ThemeUtils( 4342): 	at com.android.server.SystemServer.startBootstrapServices(SystemServer.java:376)
W/ThemeUtils( 4342): 	at com.android.server.SystemServer.run(SystemServer.java:282)
W/ThemeUtils( 4342): 	at com.android.server.SystemServer.main(SystemServer.java:185)
W/ThemeUtils( 4342): 	at java.lang.reflect.Method.invoke(Native Method)
W/ThemeUtils( 4342): 	at java.lang.reflect.Method.invoke(Method.java:372)
W/ThemeUtils( 4342): 	at com.android.internal.os.ZygoteInit$MethodAndArgsCaller.run(ZygoteInit.java:898)
W/ThemeUtils( 4342): 	at com.android.internal.os.ZygoteInit.main(ZygoteInit.java:693)
D/PackageManager( 4342): No files in app dir /vendor/overlay
W/PackageManager( 4342): Failed to parse /system/framework/arm: Missing base APK in /system/framework/arm
I/PackageManager( 4342): /system/framework/framework-res.apk changed; collecting certs
I/iptables( 4178): iptables: Chain already exists.
I/iptables( 4178): iptables terminated by exit(1)
E/BandwidthController( 4178): runIptablesCmd(): res=1 status=256 failed /system/bin/iptables -N bw_VIDEOCALL
I/ip6tables( 4178): ip6tables: Chain already exists.
I/ip6tables( 4178): ip6tables terminated by exit(1)
E/BandwidthController( 4178): runIptablesCmd(): res=1 status=256 failed /system/bin/ip6tables -N bw_VIDEOCALL
W/PackageManager( 4342): Failed to parse /system/framework/framework-res.apk: Signature mismatch for shared user : SharedUserSetting{3761595a android.uid.system/1000}
I/PackageManager( 4342): SELinux relabeling of org.cyanogenmod.audiofx issued.
I/art     ( 4342): DexFile_isDexOptNeeded failed to open oat file '/data/dalvik-cache/arm/system@priv-app@AudioFX@AudioFX.apk@classes.dex' for file location '/system/priv-app/AudioFX/AudioFX.apk': Failed to open oat filename for reading: No such file or directory
I/art     ( 4342): DexFile_isDexOptNeeded file /system/priv-app/AudioFX/arm/AudioFX.odex needs to be relocated for /system/priv-app/AudioFX/AudioFX.apk
I/PackageManager( 4342): SELinux relabeling of com.android.backupconfirm issued.
I/art     ( 4342): DexFile_isDexOptNeeded failed to open oat file '/data/dalvik-cache/arm/system@priv-app@BackupRestoreConfirmation@BackupRestoreConfirmation.apk@classes.dex' for file location '/system/priv-app/BackupRestoreConfirmation/BackupRestoreConfirmation.apk': Failed to open oat filename for reading: No such file or directory
I/art     ( 4342): DexFile_isDexOptNeeded file /system/priv-app/BackupRestoreConfirmation/arm/BackupRestoreConfirmation.odex needs to be relocated for /system/priv-app/BackupRestoreConfirmation/BackupRestoreConfirmation.apk
I/PackageManager( 4342): SELinux relabeling of com.cyanogenmod.account issued.
I/art     ( 4342): DexFile_isDexOptNeeded failed to open oat file '/data/dalvik-cache/arm/system@priv-app@CMAccount@CMAccount.apk@classes.dex' for file location '/system/priv-app/CMAccount/CMAccount.apk': Failed to open oat filename for reading: No such file or directory
I/art     ( 4342): DexFile_isDexOptNeeded file /system/priv-app/CMAccount/arm/CMAccount.odex needs to be relocated for /system/priv-app/CMAccount/CMAccount.apk
I/PackageManager( 4342): SELinux relabeling of com.cyanogenmod.updater issued.
I/art     ( 4342): DexFile_isDexOptNeeded failed to open oat file '/data/dalvik-cache/arm/system@priv-app@CMUpdater@CMUpdater.apk@classes.dex' for file location '/system/priv-app/CMUpdater/CMUpdater.apk': Failed to open oat filename for reading: No such file or directory
I/art     ( 4342): DexFile_isDexOptNeeded file /system/priv-app/CMUpdater/arm/CMUpdater.odex needs to be relocated for /system/priv-app/CMUpdater/CMUpdater.apk
I/PackageManager( 4342): /system/priv-app/CalendarProvider changed; collecting certs
W/PackageManager( 4342): Failed to parse /system/priv-app/CalendarProvider: Signature mismatch for shared user : SharedUserSetting{9b7f912 android.uid.calendar/10046}
I/PackageManager( 4342): SELinux relabeling of com.android.cellbroadcastreceiver issued.
I/art     ( 4342): DexFile_isDexOptNeeded failed to open oat file '/data/dalvik-cache/arm/system@priv-app@CellBroadcastReceiver@CellBroadcastReceiver.apk@classes.dex' for file location '/system/priv-app/CellBroadcastReceiver/CellBroadcastReceiver.apk': Failed to open oat filename for reading: No such file or directory
I/art     ( 4342): DexFile_isDexOptNeeded file /system/priv-app/CellBroadcastReceiver/arm/CellBroadcastReceiver.odex needs to be relocated for /system/priv-app/CellBroadcastReceiver/CellBroadcastReceiver.apk
W/ResourceType( 4342): Failure getting entry for 0x7f0b023e (t=10 e=574) (error -75)
W/PackageParser( 4342): No actions in intent filter at /system/priv-app/Contacts/Contacts.apk Binary XML file line #362
I/PackageManager( 4342): /system/priv-app/Contacts changed; collecting certs
D/MDnsDS  ( 4178): MDnsSdListener::Hander starting up
D/MDnsDS  ( 4178): MDnsSdListener starting to monitor
D/MDnsDS  ( 4178): Going to poll with pollCount 1
D/wrapperGPS( 3686): wrapperConnect_RILD
W/PackageManager( 4342): Failed to parse /system/priv-app/Contacts: Signature mismatch for shared user : SharedUserSetting{35c0d10e android.uid.shared/10020}
I/PackageManager( 4342): /system/priv-app/ContactsProvider changed; collecting certs
W/PackageManager( 4342): Failed to parse /system/priv-app/ContactsProvider: Signature mismatch for shared user : SharedUserSetting{35c0d10e android.uid.shared/10020}
I/PackageManager( 4342): /system/priv-app/CyanogenSetupWizard changed; collecting certs
W/PackageManager( 4342): Failed to parse /system/priv-app/CyanogenSetupWizard: Signature mismatch for shared user : SharedUserSetting{3761595a android.uid.system/1000}
I/PackageManager( 4342): SELinux relabeling of com.android.defcontainer issued.
I/art     ( 4342): DexFile_isDexOptNeeded failed to open oat file '/data/dalvik-cache/arm/system@priv-app@DefaultContainerService@DefaultContainerService.apk@classes.dex' for file location '/system/priv-app/DefaultContainerService/DefaultContainerService.apk': Failed to open oat filename for reading: No such file or directory
I/art     ( 4342): DexFile_isDexOptNeeded file /system/priv-app/DefaultContainerService/arm/DefaultContainerService.odex needs to be relocated for /system/priv-app/DefaultContainerService/DefaultContainerService.apk
W/PackageParser( 4342): No actions in intent filter at /system/priv-app/Dialer/Dialer.apk Binary XML file line #185
I/PackageManager( 4342): SELinux relabeling of com.android.dialer issued.
I/art     ( 4342): DexFile_isDexOptNeeded failed to open oat file '/data/dalvik-cache/arm/system@priv-app@Dialer@Dialer.apk@classes.dex' for file location '/system/priv-app/Dialer/Dialer.apk': Failed to open oat filename for reading: No such file or directory
I/art     ( 4342): DexFile_isDexOptNeeded file /system/priv-app/Dialer/arm/Dialer.odex needs to be relocated for /system/priv-app/Dialer/Dialer.apk
I/PackageManager( 4342): /system/priv-app/DownloadProvider changed; collecting certs
W/PackageManager( 4342): Failed to parse /system/priv-app/DownloadProvider: Signature mismatch for shared user : SharedUserSetting{31b15d46 android.media/10047}
I/PackageManager( 4342): SELinux relabeling of com.android.externalstorage issued.
I/art     ( 4342): DexFile_isDexOptNeeded failed to open oat file '/data/dalvik-cache/arm/system@priv-app@ExternalStorageProvider@ExternalStorageProvider.apk@classes.dex' for file location '/system/priv-app/ExternalStorageProvider/ExternalStorageProvider.apk': Failed to open oat filename for reading: No such file or directory
I/art     ( 4342): DexFile_isDexOptNeeded file /system/priv-app/ExternalStorageProvider/arm/ExternalStorageProvider.odex needs to be relocated for /system/priv-app/ExternalStorageProvider/ExternalStorageProvider.apk
I/PackageManager( 4342): /system/priv-app/FusedLocation changed; collecting certs
W/PackageManager( 4342): Failed to parse /system/priv-app/FusedLocation: Signature mismatch for shared user : SharedUserSetting{3761595a android.uid.system/1000}
I/PackageManager( 4342): /system/priv-app/InputDevices changed; collecting certs
W/PackageManager( 4342): Failed to parse /system/priv-app/InputDevices: Signature mismatch for shared user : SharedUserSetting{3761595a android.uid.system/1000}
I/PackageManager( 4342): SELinux relabeling of com.android.managedprovisioning issued.
I/art     ( 4342): DexFile_isDexOptNeeded failed to open oat file '/data/dalvik-cache/arm/system@priv-app@ManagedProvisioning@ManagedProvisioning.apk@classes.dex' for file location '/system/priv-app/ManagedProvisioning/ManagedProvisioning.apk': Failed to open oat filename for reading: No such file or directory
I/art     ( 4342): DexFile_isDexOptNeeded file /system/priv-app/ManagedProvisioning/arm/ManagedProvisioning.odex needs to be relocated for /system/priv-app/ManagedProvisioning/ManagedProvisioning.apk
I/PackageManager( 4342): /system/priv-app/MediaProvider changed; collecting certs
W/PackageManager( 4342): Failed to parse /system/priv-app/MediaProvider: Signature mismatch for shared user : SharedUserSetting{31b15d46 android.media/10047}
I/PackageManager( 4342): SELinux relabeling of com.android.mms issued.
I/art     ( 4342): DexFile_isDexOptNeeded failed to open oat file '/data/dalvik-cache/arm/system@priv-app@Mms@Mms.apk@classes.dex' for file location '/system/priv-app/Mms/Mms.apk': Failed to open oat filename for reading: No such file or directory
I/art     ( 4342): DexFile_isDexOptNeeded file /system/priv-app/Mms/arm/Mms.odex needs to be relocated for /system/priv-app/Mms/Mms.apk
I/PackageManager( 4342): /system/priv-app/MmsService changed; collecting certs
W/PackageManager( 4342): Failed to parse /system/priv-app/MmsService: Signature mismatch for shared user : SharedUserSetting{50c20db android.uid.phone/1001}
I/PackageManager( 4342): SELinux relabeling of com.android.onetimeinitializer issued.
I/art     ( 4342): DexFile_isDexOptNeeded failed to open oat file '/data/dalvik-cache/arm/system@priv-app@OneTimeInitializer@OneTimeInitializer.apk@classes.dex' for file location '/system/priv-app/OneTimeInitializer/OneTimeInitializer.apk': Failed to open oat filename for reading: No such file or directory
I/art     ( 4342): DexFile_isDexOptNeeded file /system/priv-app/OneTimeInitializer/arm/OneTimeInitializer.odex needs to be relocated for /system/priv-app/OneTimeInitializer/OneTimeInitializer.apk
I/PackageManager( 4342): SELinux relabeling of com.android.proxyhandler issued.
I/art     ( 4342): DexFile_isDexOptNeeded failed to open oat file '/data/dalvik-cache/arm/system@priv-app@ProxyHandler@ProxyHandler.apk@classes.dex' for file location '/system/priv-app/ProxyHandler/ProxyHandler.apk': Failed to open oat filename for reading: No such file or directory
I/art     ( 4342): DexFile_isDexOptNeeded file /system/priv-app/ProxyHandler/arm/ProxyHandler.odex needs to be relocated for /system/priv-app/ProxyHandler/ProxyHandler.apk
I/PackageManager( 4342): /system/priv-app/Settings changed; collecting certs
W/PackageManager( 4342): Failed to parse /system/priv-app/Settings: Signature mismatch for shared user : SharedUserSetting{3761595a android.uid.system/1000}
I/PackageManager( 4342): /system/priv-app/SettingsProvider changed; collecting certs
W/PackageManager( 4342): Failed to parse /system/priv-app/SettingsProvider: Signature mismatch for shared user : SharedUserSetting{3761595a android.uid.system/1000}
I/PackageManager( 4342): SELinux relabeling of com.android.sharedstoragebackup issued.
I/art     ( 4342): DexFile_isDexOptNeeded failed to open oat file '/data/dalvik-cache/arm/system@priv-app@SharedStorageBackup@SharedStorageBackup.apk@classes.dex' for file location '/system/priv-app/SharedStorageBackup/SharedStorageBackup.apk': Failed to open oat filename for reading: No such file or directory
I/art     ( 4342): DexFile_isDexOptNeeded file /system/priv-app/SharedStorageBackup/arm/SharedStorageBackup.odex needs to be relocated for /system/priv-app/SharedStorageBackup/SharedStorageBackup.apk
I/PackageManager( 4342): /system/priv-app/Shell changed; collecting certs
W/PackageManager( 4342): Failed to parse /system/priv-app/Shell: Signature mismatch for shared user : SharedUserSetting{398122ec android.uid.shell/2000}
I/PackageManager( 4342): /system/priv-app/SystemUI changed; collecting certs
W/PackageManager( 4342): Failed to parse /system/priv-app/SystemUI: Signature mismatch for shared user : SharedUserSetting{2dae4931 android.uid.systemui/10058}
I/PackageManager( 4342): /system/priv-app/TeleService changed; collecting certs
W/PackageManager( 4342): Failed to parse /system/priv-app/TeleService: Signature mismatch for shared user : SharedUserSetting{50c20db android.uid.phone/1001}
I/PackageManager( 4342): /system/priv-app/Telecom changed; collecting certs
W/PackageManager( 4342): Failed to parse /system/priv-app/Telecom: Signature mismatch for shared user : SharedUserSetting{50c20db android.uid.phone/1001}
I/PackageManager( 4342): /system/priv-app/TelephonyProvider changed; collecting certs
W/PackageManager( 4342): Failed to parse /system/priv-app/TelephonyProvider: Signature mismatch for shared user : SharedUserSetting{50c20db android.uid.phone/1001}
I/PackageManager( 4342): SELinux relabeling of org.cyanogenmod.theme.chooser issued.
I/art     ( 4342): DexFile_isDexOptNeeded failed to open oat file '/data/dalvik-cache/arm/system@priv-app@ThemeChooser@ThemeChooser.apk@classes.dex' for file location '/system/priv-app/ThemeChooser/ThemeChooser.apk': Failed to open oat filename for reading: No such file or directory
I/art     ( 4342): DexFile_isDexOptNeeded file /system/priv-app/ThemeChooser/arm/ThemeChooser.odex needs to be relocated for /system/priv-app/ThemeChooser/ThemeChooser.apk
I/PackageManager( 4342): SELinux relabeling of org.cyanogenmod.themes.provider issued.
I/art     ( 4342): DexFile_isDexOptNeeded failed to open oat file '/data/dalvik-cache/arm/system@priv-app@ThemesProvider@ThemesProvider.apk@classes.dex' for file location '/system/priv-app/ThemesProvider/ThemesProvider.apk': Failed to open oat filename for reading: No such file or directory
I/art     ( 4342): DexFile_isDexOptNeeded file /system/priv-app/ThemesProvider/arm/ThemesProvider.odex needs to be relocated for /system/priv-app/ThemesProvider/ThemesProvider.apk
I/PackageManager( 4342): SELinux relabeling of com.cyanogenmod.trebuchet issued.
I/art     ( 4342): DexFile_isDexOptNeeded failed to open oat file '/data/dalvik-cache/arm/system@priv-app@Trebuchet@Trebuchet.apk@classes.dex' for file location '/system/priv-app/Trebuchet/Trebuchet.apk': Failed to open oat filename for reading: No such file or directory
I/art     ( 4342): DexFile_isDexOptNeeded file /system/priv-app/Trebuchet/arm/Trebuchet.odex needs to be relocated for /system/priv-app/Trebuchet/Trebuchet.apk
W/PackageManager( 4342): Permission com.android.launcher.permission.INSTALL_SHORTCUT from package com.cyanogenmod.trebuchet ignored: no group null
W/PackageManager( 4342): Permission com.android.launcher.permission.UNINSTALL_SHORTCUT from package com.cyanogenmod.trebuchet ignored: no group null
W/PackageManager( 4342): Permission com.android.launcher3.permission.READ_SETTINGS from package com.cyanogenmod.trebuchet ignored: no group null
W/PackageManager( 4342): Permission com.android.launcher3.permission.WRITE_SETTINGS from package com.cyanogenmod.trebuchet ignored: no group null
I/PackageManager( 4342): SELinux relabeling of com.android.vpndialogs issued.
I/art     ( 4342): DexFile_isDexOptNeeded failed to open oat file '/data/dalvik-cache/arm/system@priv-app@VpnDialogs@VpnDialogs.apk@classes.dex' for file location '/system/priv-app/VpnDialogs/VpnDialogs.apk': Failed to open oat filename for reading: No such file or directory
I/art     ( 4342): DexFile_isDexOptNeeded file /system/priv-app/VpnDialogs/arm/VpnDialogs.odex needs to be relocated for /system/priv-app/VpnDialogs/VpnDialogs.apk
I/PackageManager( 4342): SELinux relabeling of com.android.wallpapercropper issued.
I/art     ( 4342): DexFile_isDexOptNeeded failed to open oat file '/data/dalvik-cache/arm/system@priv-app@WallpaperCropper@WallpaperCropper.apk@classes.dex' for file location '/system/priv-app/WallpaperCropper/WallpaperCropper.apk': Failed to open oat filename for reading: No such file or directory
I/art     ( 4342): DexFile_isDexOptNeeded file /system/priv-app/WallpaperCropper/arm/WallpaperCropper.odex needs to be relocated for /system/priv-app/WallpaperCropper/WallpaperCropper.apk
I/PackageManager( 4342): SELinux relabeling of com.android.dreams.basic issued.
I/art     ( 4342): DexFile_isDexOptNeeded failed to open oat file '/data/dalvik-cache/arm/system@app@BasicDreams@BasicDreams.apk@classes.dex' for file location '/system/app/BasicDreams/BasicDreams.apk': Failed to open oat filename for reading: No such file or directory
I/art     ( 4342): DexFile_isDexOptNeeded file /system/app/BasicDreams/arm/BasicDreams.odex needs to be relocated for /system/app/BasicDreams/BasicDreams.apk
W/PackageParser( 4342): No actions in intent filter at /system/app/Bluetooth/Bluetooth.apk Binary XML file line #229
I/PackageManager( 4342): /system/app/Bluetooth changed; collecting certs
W/PackageManager( 4342): Failed to parse /system/app/Bluetooth: Signature mismatch for shared user : SharedUserSetting{c39ab29 android.uid.bluetooth/1002}
I/PackageManager( 4342): SELinux relabeling of com.android.browser issued.
I/art     ( 4342): DexFile_isDexOptNeeded failed to open oat file '/data/dalvik-cache/arm/system@app@Browser@Browser.apk@classes.dex' for file location '/system/app/Browser/Browser.apk': Failed to open oat filename for reading: No such file or directory
I/art     ( 4342): DexFile_isDexOptNeeded file /system/app/Browser/arm/Browser.odex needs to be relocated for /system/app/Browser/Browser.apk
W/PackageParser( 4342): No actions in intent filter at /system/app/CMFileManager/CMFileManager.apk Binary XML file line #155
I/PackageManager( 4342): SELinux relabeling of com.cyanogenmod.filemanager issued.
I/art     ( 4342): DexFile_isDexOptNeeded failed to open oat file '/data/dalvik-cache/arm/system@app@CMFileManager@CMFileManager.apk@classes.dex' for file location '/system/app/CMFileManager/CMFileManager.apk': Failed to open oat filename for reading: No such file or directory
I/art     ( 4342): DexFile_isDexOptNeeded file /system/app/CMFileManager/arm/CMFileManager.odex needs to be relocated for /system/app/CMFileManager/CMFileManager.apk
I/PackageManager( 4342): SELinux relabeling of com.cyanogenmod.wallpapers issued.
I/art     ( 4342): DexFile_isDexOptNeeded failed to open oat file '/data/dalvik-cache/arm/system@app@CMWallpapers@CMWallpapers.apk@classes.dex' for file location '/system/app/CMWallpapers/CMWallpapers.apk': Failed to open oat filename for reading: No such file or directory
I/art     ( 4342): DexFile_isDexOptNeeded file /system/app/CMWallpapers/arm/CMWallpapers.odex needs to be relocated for /system/app/CMWallpapers/CMWallpapers.apk
I/PackageManager( 4342): SELinux relabeling of com.android.calculator2 issued.
I/art     ( 4342): DexFile_isDexOptNeeded failed to open oat file '/data/dalvik-cache/arm/system@app@Calculator@Calculator.apk@classes.dex' for file location '/system/app/Calculator/Calculator.apk': Failed to open oat filename for reading: No such file or directory
I/art     ( 4342): DexFile_isDexOptNeeded file /system/app/Calculator/arm/Calculator.odex needs to be relocated for /system/app/Calculator/Calculator.apk
I/PackageManager( 4342): SELinux relabeling of com.android.calendar issued.
I/art     ( 4342): DexFile_isDexOptNeeded failed to open oat file '/data/dalvik-cache/arm/system@app@Calendar@Calendar.apk@classes.dex' for file location '/system/app/Calendar/Calendar.apk': Failed to open oat filename for reading: No such file or directory
I/art     ( 4342): DexFile_isDexOptNeeded file /system/app/Calendar/arm/Calendar.odex needs to be relocated for /system/app/Calendar/Calendar.apk
I/PackageManager( 4342): SELinux relabeling of com.android.camera2 issued.
I/art     ( 4342): DexFile_isDexOptNeeded failed to open oat file '/data/dalvik-cache/arm/system@app@Camera2@Camera2.apk@classes.dex' for file location '/system/app/Camera2/Camera2.apk': Failed to open oat filename for reading: No such file or directory
I/art     ( 4342): DexFile_isDexOptNeeded file /system/app/Camera2/arm/Camera2.odex needs to be relocated for /system/app/Camera2/Camera2.apk
I/PackageManager( 4342): SELinux relabeling of com.android.captiveportallogin issued.
I/art     ( 4342): DexFile_isDexOptNeeded failed to open oat file '/data/dalvik-cache/arm/system@app@CaptivePortalLogin@CaptivePortalLogin.apk@classes.dex' for file location '/system/app/CaptivePortalLogin/CaptivePortalLogin.apk': Failed to open oat filename for reading: No such file or directory
I/art     ( 4342): DexFile_isDexOptNeeded file /system/app/CaptivePortalLogin/arm/CaptivePortalLogin.odex needs to be relocated for /system/app/CaptivePortalLogin/CaptivePortalLogin.apk
I/PackageManager( 4342): SELinux relabeling of com.android.certinstaller issued.
I/art     ( 4342): DexFile_isDexOptNeeded failed to open oat file '/data/dalvik-cache/arm/system@app@CertInstaller@CertInstaller.apk@classes.dex' for file location '/system/app/CertInstaller/CertInstaller.apk': Failed to open oat filename for reading: No such file or directory
I/art     ( 4342): DexFile_isDexOptNeeded file /system/app/CertInstaller/arm/CertInstaller.odex needs to be relocated for /system/app/CertInstaller/CertInstaller.apk
I/PackageManager( 4342): SELinux relabeling of com.android.deskclock issued.
I/art     ( 4342): DexFile_isDexOptNeeded failed to open oat file '/data/dalvik-cache/arm/system@app@DeskClock@DeskClock.apk@classes.dex' for file location '/system/app/DeskClock/DeskClock.apk': Failed to open oat filename for reading: No such file or directory
I/art     ( 4342): DexFile_isDexOptNeeded file /system/app/DeskClock/arm/DeskClock.odex needs to be relocated for /system/app/DeskClock/DeskClock.apk
I/PackageManager( 4342): /system/app/Development changed; collecting certs
W/PackageManager( 4342): Failed to parse /system/app/Development: Signature mismatch for shared user : SharedUserSetting{3761595a android.uid.system/1000}
I/PackageManager( 4342): SELinux relabeling of com.android.documentsui issued.
I/art     ( 4342): DexFile_isDexOptNeeded failed to open oat file '/data/dalvik-cache/arm/system@app@DocumentsUI@DocumentsUI.apk@classes.dex' for file location '/system/app/DocumentsUI/DocumentsUI.apk': Failed to open oat filename for reading: No such file or directory
I/art     ( 4342): DexFile_isDexOptNeeded file /system/app/DocumentsUI/arm/DocumentsUI.odex needs to be relocated for /system/app/DocumentsUI/DocumentsUI.apk
I/PackageManager( 4342): /system/app/DownloadProviderUi changed; collecting certs
W/PackageManager( 4342): Failed to parse /system/app/DownloadProviderUi: Signature mismatch for shared user : SharedUserSetting{31b15d46 android.media/10047}
D/wrapperGPS( 3686): wrapperConnect_RILD
I/PackageManager( 4342): SELinux relabeling of com.cyanogenmod.eleven issued.
I/art     ( 4342): DexFile_isDexOptNeeded failed to open oat file '/data/dalvik-cache/arm/system@app@Eleven@Eleven.apk@classes.dex' for file location '/system/app/Eleven/Eleven.apk': Failed to open oat filename for reading: No such file or directory
I/art     ( 4342): DexFile_isDexOptNeeded file /system/app/Eleven/arm/Eleven.odex needs to be relocated for /system/app/Eleven/Eleven.apk
I/PackageManager( 4342): SELinux relabeling of com.android.email issued.
I/art     ( 4342): DexFile_isDexOptNeeded failed to open oat file '/data/dalvik-cache/arm/system@app@Email@Email.apk@classes.dex' for file location '/system/app/Email/Email.apk': Failed to open oat filename for reading: No such file or directory
I/art     ( 4342): DexFile_isDexOptNeeded file /system/app/Email/arm/Email.odex needs to be relocated for /system/app/Email/Email.apk
W/PackageManager( 4342): Permission com.android.email.permission.READ_ATTACHMENT from package com.android.email ignored: no group null
I/PackageManager( 4342): SELinux relabeling of com.android.exchange issued.
I/art     ( 4342): DexFile_isDexOptNeeded failed to open oat file '/data/dalvik-cache/arm/system@app@Exchange2@Exchange2.apk@classes.dex' for file location '/system/app/Exchange2/Exchange2.apk': Failed to open oat filename for reading: No such file or directory
I/art     ( 4342): DexFile_isDexOptNeeded file /system/app/Exchange2/arm/Exchange2.odex needs to be relocated for /system/app/Exchange2/Exchange2.apk
I/PackageManager( 4342): SELinux relabeling of com.android.galaxy4 issued.
I/art     ( 4342): DexFile_isDexOptNeeded failed to open oat file '/data/dalvik-cache/arm/system@app@Galaxy4@Galaxy4.apk@classes.dex' for file location '/system/app/Galaxy4/Galaxy4.apk': Failed to open oat filename for reading: No such file or directory
I/art     ( 4342): DexFile_isDexOptNeeded file /system/app/Galaxy4/arm/Galaxy4.odex needs to be relocated for /system/app/Galaxy4/Galaxy4.apk
W/PackageParser( 4342): Unknown element under <application>: permission at /system/app/Gallery2/Gallery2.apk Binary XML file line #273
W/PackageParser( 4342): Unknown element under <application>: permission at /system/app/Gallery2/Gallery2.apk Binary XML file line #276
I/PackageManager( 4342): SELinux relabeling of com.android.gallery3d issued.
I/art     ( 4342): DexFile_isDexOptNeeded failed to open oat file '/data/dalvik-cache/arm/system@app@Gallery2@Gallery2.apk@classes.dex' for file location '/system/app/Gallery2/Gallery2.apk': Failed to open oat filename for reading: No such file or directory
I/art     ( 4342): DexFile_isDexOptNeeded file /system/app/Gallery2/arm/Gallery2.odex needs to be relocated for /system/app/Gallery2/Gallery2.apk
I/PackageManager( 4342): SELinux relabeling of com.android.htmlviewer issued.
