--------- beginning of main
I/cm      (    0): ____ _   _ ____ _  _ ____ ____ ____ _  _ _  _ ____ ___ 
W/auditd  ( 3696): type=1325 audit(0.0:2): table=filter family=2 entries=0
W/auditd  ( 3696): type=1325 audit(0.0:3): table=mangle family=2 entries=0
W/auditd  ( 3696): type=1325 audit(0.0:4): table=nat family=2 entries=0
W/auditd  ( 3696): type=1325 audit(0.0:5): table=raw family=2 entries=0
W/auditd  ( 3696): type=1325 audit(0.0:6): table=security family=2 entries=0
W/auditd  ( 3696): type=1325 audit(0.0:7): table=filter family=3 entries=0
W/auditd  ( 3696): type=1325 audit(0.0:8): table=filter family=10 entries=0
W/auditd  ( 3696): type=1325 audit(0.0:9): table=mangle family=10 entries=0
W/auditd  ( 3696): type=1325 audit(0.0:10): table=raw family=10 entries=0
I/cm      (    0): |     \_/  |__| |\ | |  | | __ |___ |\ | |\/| |  | |  \ 
W/auditd  ( 3696): type=1305 audit(0.0:11): audit_pid=3665 old=0 auid=4294967295 ses=4294967295
W/auditd  ( 3696):  res=1
W/auditd  ( 3696): type=1305 audit(0.0:12): audit_rate_limit=20 old=0 auid=4294967295 ses=4294967295
W/auditd  ( 3696):  res=1
--------- beginning of system
I/auditd  ( 3674): Starting up
I/cm      ( 3675): |___   |   |  | | \| |__| |__] |___ | \| |  | |__| |__/ 
I/lowmemorykiller( 3667): Using in-kernel low memory killer interface
I/audit_log( 3674): Previous audit logfile detected, rotating
W/libaudit( 3674): Expected sequence number between user space and kernel space is out of skew, expected 2 got 0
E/audit_rules( 3674): Could not read audit rules /data/misc/audit/audit.rules: No such file or directory
I/installd( 3682): installd firing up
I/DEBUG   ( 3677): debuggerd: Jul  3 2015 03:58:19
I/Vold    ( 3670): Vold 2.1 (the revenge) firing up
D/Vold    ( 3670): Volume sdcard1 state changing -1 (Initializing) -> 0 (No-Media)
D/Vold    ( 3670): Volume usbdisk state changing -1 (Initializing) -> 0 (No-Media)
I/Cryptfs ( 3670): Check if PFE is activated on Boot
I/cm      ( 3699): Welcome to Android 5.0.2 / CyanogenMod-12-20150703-UNOFFICIAL-k3gxx 
E/Cryptfs ( 3670): Bad magic for real block device /dev/block/mmcblk0p21
E/Cryptfs ( 3670): Error getting crypt footer and key
I/Netd    ( 3676): Netd 1.0 starting
E/Netd    ( 3676): Failed to open /proc/sys/net/ipv6/conf/default/accept_ra_rt_table: No such file or directory
E/Netd    ( 3676): Failed to open /proc/sys/net/ipv6/conf/ip6tnl0/accept_ra_rt_table: No such file or directory
E/Netd    ( 3676): Failed to open /proc/sys/net/ipv6/conf/lo/accept_ra_rt_table: No such file or directory
E/Netd    ( 3676): Failed to open /proc/sys/net/ipv6/conf/rmnet0/accept_ra_rt_table: No such file or directory
E/Netd    ( 3676): Failed to open /proc/sys/net/ipv6/conf/rmnet1/accept_ra_rt_table: No such file or directory
E/Netd    ( 3676): Failed to open /proc/sys/net/ipv6/conf/rmnet2/accept_ra_rt_table: No such file or directory
E/Netd    ( 3676): Failed to open /proc/sys/net/ipv6/conf/rmnet3/accept_ra_rt_table: No such file or directory
E/Netd    ( 3676): Failed to open /proc/sys/net/ipv6/conf/sit0/accept_ra_rt_table: No such file or directory
I/keystore( 3683): SELinux: Keystore SELinux is disabled.
I/SurfaceFlinger( 3671): SurfaceFlinger is starting
I/SurfaceFlinger( 3671): SurfaceFlinger's main thread ready to run. Initializing graphics H/W...
D/gpsd    ( 3684): WakeLock(Release,GPSD)
D/gpsd    ( 3684): WakeLock(Release,SUPL)
I/gpsd_d  ( 3684): GNSS: 219420
D/wrapperGPS( 3684): wrapperOpenClient_RILD
E/wrapperGPS( 3684): wrapperOpenClient_RILD: RegisterUnsolicitedHandler() UNSOL_GPS_NOTI (20009)
D/wrapperGPS( 3684): wrapperRegisterRequestCompleteHandler
D/wrapperGPS( 3684): wrapperRegisterUnsolicitedHandler id(12009), handler(0xb6ae26e9)
D/wrapperGPS( 3684): wrapperRegisterErrorCallback
D/wrapperGPS( 3684): wrapperConnect_RILD
D/libEGL  ( 3671): loaded /vendor/lib/egl/libGLES_mali.so
I/        ( 3671): PLATFORM VERSION : JB-MR-2
D/WVMDrmPlugIn( 3680): WVMDrmPlugin::onGetSupportInfo : 0
I/gralloc ( 3671): using (fd=12)
I/gralloc ( 3671): id           = 
I/gralloc ( 3671): xres         = 1080 px
I/gralloc ( 3671): yres         = 1920 px
I/gralloc ( 3671): xres_virtual = 1080 px
I/gralloc ( 3671): yres_virtual = 3840 px
I/gralloc ( 3671): bpp          = 32
I/gralloc ( 3671): r            = 16:8
I/gralloc ( 3671): g            =  8:8
I/gralloc ( 3671): b            =  0:8
I/gralloc ( 3671): width        = 65 mm (422.030762 dpi)
I/gralloc ( 3671): height       = 115 mm (424.069580 dpi)
I/gralloc ( 3671): refresh rate = 60.00 Hz
D/AndroidRuntime( 3689): 
D/AndroidRuntime( 3689): >>>>>> AndroidRuntime START com.android.internal.os.ZygoteInit <<<<<<
D/AndroidRuntime( 3689): CheckJNI is OFF
I/art     ( 3689): option[0]=-Xzygote
I/art     ( 3689): option[1]=-Xstacktracefile:/data/anr/traces.txt
I/art     ( 3689): option[2]=exit
I/art     ( 3689): option[3]=vfprintf
I/art     ( 3689): option[4]=sensitiveThread
I/art     ( 3689): option[5]=-verbose:gc
I/art     ( 3689): option[6]=-Xms8m
I/art     ( 3689): option[7]=-Xmx512m
I/art     ( 3689): option[8]=-XX:mainThreadStackSize=24K
I/art     ( 3689): option[9]=-XX:HeapGrowthLimit=128m
I/art     ( 3689): option[10]=-XX:HeapMinFree=2m
I/art     ( 3689): option[11]=-XX:HeapMaxFree=8m
I/art     ( 3689): option[12]=-XX:HeapTargetUtilization=0.75
I/art     ( 3689): option[13]=-agentlib:jdwp=transport=dt_android_adb,suspend=n,server=y
I/art     ( 3689): option[14]=-Xlockprofthreshold:500
I/art     ( 3689): option[15]=-Ximage-compiler-option
I/art     ( 3689): option[16]=--runtime-arg
I/art     ( 3689): option[17]=-Ximage-compiler-option
I/art     ( 3689): option[18]=-Xms64m
I/art     ( 3689): option[19]=-Ximage-compiler-option
I/art     ( 3689): option[20]=--runtime-arg
I/art     ( 3689): option[21]=-Ximage-compiler-option
I/art     ( 3689): option[22]=-Xmx64m
I/art     ( 3689): option[23]=-Ximage-compiler-option
I/art     ( 3689): option[24]=--image-classes-zip=/system/framework/framework.jar
I/art     ( 3689): option[25]=-Ximage-compiler-option
I/art     ( 3689): option[26]=--image-classes=preloaded-classes
I/art     ( 3689): option[27]=-Xcompiler-option
I/art     ( 3689): option[28]=--runtime-arg
I/art     ( 3689): option[29]=-Xcompiler-option
I/art     ( 3689): option[30]=-Xms64m
I/art     ( 3689): option[31]=-Xcompiler-option
I/art     ( 3689): option[32]=--runtime-arg
I/art     ( 3689): option[33]=-Xcompiler-option
I/art     ( 3689): option[34]=-Xmx512m
I/art     ( 3689): option[35]=-Duser.language=es
I/art     ( 3689): option[36]=-Duser.region=US
I/art     ( 3689): Pruning dalvik-cache since we are generating an image and will need to recompile
W/art     ( 3689): Unexpected file type of 
W/art     ( 3689):  encountered.
I/art     ( 3689): Using an offset of 0xff1ff000 from default art base address of 0x70000000
I/art     ( 3689): GenerateImage: /system/bin/dex2oat --image=/data/dalvik-cache/arm/system@framework@boot.art --dex-file=/system/framework/core-libart.jar --dex-file=/system/framework/conscrypt.jar --dex-file=/system/framework/okhttp.jar --dex-file=/system/framework/core-junit.jar --dex-file=/system/framework/bouncycastle.jar --dex-file=/system/framework/ext.jar --dex-file=/system/framework/framework.jar --dex-file=/system/framework/telephony-common.jar --dex-file=/system/framework/voip-common.jar --dex-file=/system/framework/ims-common.jar --dex-file=/system/framework/mms-common.jar --dex-file=/system/framework/android.policy.jar --dex-file=/system/framework/apache-xml.jar --oat-file=/data/dalvik-cache/arm/system@framework@boot.oat --instruction-set=arm --instruction-set-features=div --base=0x6f1ff000 --runtime-arg -Xms64m --runtime-arg -Xmx64m --image-classes-zip=/system/framework/framework.jar --image-classes=preloaded-classes
D/hwcomposer( 3671): using
D/hwcomposer( 3671): xres         = 1080 px
D/hwcomposer( 3671): yres         = 1920 px
D/hwcomposer( 3671): width        = 65 mm (422.030000 dpi)
D/hwcomposer( 3671): height       = 115 mm (424.069000 dpi)
D/hwcomposer( 3671): refresh rate = 60 Hz
D/libexynosv4l2-subdev( 3671): try node: /dev/v4l-subdev0
D/libexynosv4l2-subdev( 3671): try node: /dev/v4l-subdev1
D/libexynosv4l2-subdev( 3671): try node: /dev/v4l-subdev2
I/libexynosv4l2-subdev( 3671): node found for device s5p-mixer0: /dev/v4l-subdev2
I/libexynosv4l2-subdev( 3671): open subdev device /dev/v4l-subdev2
I/hwcomposer( 3671): PSR info devname = /sys/devices/14400000.fimd_fb/psr_info
I/hwcomposer( 3671): PSR mode is 2(0: video mode, 1: DP PSR mode, 2: MIPI-DSI command mode)
I/SurfaceFlinger( 3671): Using composer version 1.3
I/SurfaceFlinger( 3671): EGL information:
I/SurfaceFlinger( 3671): vendor    : Android
I/SurfaceFlinger( 3671): version   : 1.4 Android META-EGL
I/SurfaceFlinger( 3671): extensions: EGL_KHR_get_all_proc_addresses EGL_ANDROID_presentation_time EGL_KHR_image EGL_KHR_image_base EGL_KHR_gl_texture_2D_image EGL_KHR_gl_texture_cubemap_image EGL_KHR_gl_renderbuffer_image EGL_KHR_fence_sync EGL_KHR_create_context EGL_ANDROID_image_native_buffer EGL_KHR_wait_sync EGL_ANDROID_recordable 
I/SurfaceFlinger( 3671): Client API: OpenGL_ES
I/SurfaceFlinger( 3671): EGLSurface: 8-8-8-8, config=0xb6acf2ac
E/dex2oat ( 3850): Failed to create oat file: /data/dalvik-cache/arm/system@framework@boot.oat: No such file or directory
I/SurfaceFlinger( 3671): OpenGL ES informations:
I/SurfaceFlinger( 3671): vendor    : ARM
I/SurfaceFlinger( 3671): renderer  : Mali-T628
I/SurfaceFlinger( 3671): version   : OpenGL ES 3.0
I/SurfaceFlinger( 3671): extensions: GL_EXT_debug_marker GL_ARM_rgba8 GL_ARM_mali_shader_binary GL_OES_depth24 GL_OES_depth_texture GL_OES_depth_texture_cube_map GL_OES_packed_depth_stencil GL_OES_rgb8_rgba8 GL_EXT_read_format_bgra GL_OES_compressed_paletted_texture GL_OES_compressed_ETC1_RGB8_texture GL_OES_standard_derivatives GL_OES_EGL_image GL_OES_EGL_image_external GL_OES_EGL_sync GL_OES_texture_npot GL_OES_vertex_half_float GL_OES_required_internalformat GL_OES_vertex_array_object GL_OES_mapbuffer GL_EXT_texture_format_BGRA8888 GL_EXT_texture_rg GL_EXT_texture_type_2_10_10_10_REV GL_OES_fbo_render_mipmap GL_OES_element_index_uint GL_EXT_shadow_samplers GL_OES_texture_compression_astc GL_KHR_texture_compression_astc_ldr GL_KHR_texture_compression_astc_hdr GL_KHR_debug GL_EXT_occlusion_query_boolean GL_EXT_blend_minmax GL_EXT_discard_framebuffer GL_OES_get_program_binary GL_OES_texture_3D GL_EXT_texture_storage GL_EXT_multisampled_render_to_texture GL_OES_surfaceless_context GL_ARM_mali_program_binary 
I/SurfaceFlinger( 3671): GL_MAX_TEXTURE_SIZE = 8192
I/SurfaceFlinger( 3671): GL_MAX_VIEWPORT_DIMS = 8192
E/libEGL  ( 3671): eglQuerySurface:607 error 300d (EGL_BAD_SURFACE)
E/libEGL  ( 3671): eglQuerySurface:607 error 300d (EGL_BAD_SURFACE)
E/libEGL  ( 3671): call to OpenGL ES API with no current context (logged once per thread)
D/SurfaceFlinger( 3671): Set power mode=2, type=0 flinger=0xb6a62000
I/hwcomposer( 3671): int exynos5_blank(hwc_composer_device_1*, int, int):: disp(0), blank(0)
W/art     ( 3689): Unexpected file type of 
W/art     ( 3689):  encountered.
W/art     ( 3689): Could not create image space with image file '/system/framework/boot.art'. Attempting to fall back to imageless running. Error was: Failed to generate image '/data/dalvik-cache/arm/system@framework@boot.art': Failed execv(/system/bin/dex2oat --image=/data/dalvik-cache/arm/system@framework@boot.art --dex-file=/system/framework/core-libart.jar --dex-file=/system/framework/conscrypt.jar --dex-file=/system/framework/okhttp.jar --dex-file=/system/framework/core-junit.jar --dex-file=/system/framework/bouncycastle.jar --dex-file=/system/framework/ext.jar --dex-file=/system/framework/framework.jar --dex-file=/system/framework/telephony-common.jar --dex-file=/system/framework/voip-common.jar --dex-file=/system/framework/ims-common.jar --dex-file=/system/framework/mms-common.jar --dex-file=/system/framework/android.policy.jar --dex-file=/system/framework/apache-xml.jar --oat-file=/data/dalvik-cache/arm/system@framework@boot.oat --instruction-set=arm --instruction-set-features=div --base=0x6f1ff000 --runtime-arg -Xms64
I/hwcomposer( 3671): unblank ioctl failed (display already unblanked)
E/libEGL  ( 3671): eglSwapBuffers:1071 error 300d (EGL_BAD_SURFACE)
F/SurfaceFlinger( 3671): eglSwapBuffers(0x1, 0x0) failed with 0x0000300d
--------- beginning of crash
F/libc    ( 3671): Fatal signal 6 (SIGABRT), code -6 in tid 3671 (surfaceflinger)
I/DEBUG   ( 3677): *** *** *** *** *** *** *** *** *** *** *** *** *** *** *** ***
I/DEBUG   ( 3677): Build fingerprint: 'samsung/cm_k3gxx/k3gxx:5.0.2/LRX22G/b62eaa6f78:userdebug/test-keys'
I/DEBUG   ( 3677): Revision: '10'
I/DEBUG   ( 3677): ABI: 'arm'
I/DEBUG   ( 3677): pid: 3671, tid: 3671, name: surfaceflinger  >>> /system/bin/surfaceflinger <<<
I/DEBUG   ( 3677): signal 6 (SIGABRT), code -6 (SI_TKILL), fault addr --------
I/DEBUG   ( 3677): Abort message: 'eglSwapBuffers(0x1, 0x0) failed with 0x0000300d'
I/DEBUG   ( 3677):     r0 00000000  r1 00000e57  r2 00000006  r3 00000000
I/DEBUG   ( 3677):     r4 b6ff3114  r5 00000006  r6 0000000b  r7 0000010c
I/DEBUG   ( 3677):     r8 00000000  r9 becc2bd0  sl b6a54210  fp becc2bd0
I/DEBUG   ( 3677):     ip 00000e57  sp becc2650  lr b6f7d7b9  pc b6fa14e4  cpsr 600f0010
I/DEBUG   ( 3677): 
I/DEBUG   ( 3677): backtrace:
I/DEBUG   ( 3677):     #00 pc 000384e4  /system/lib/libc.so (tgkill+12)
I/DEBUG   ( 3677):     #01 pc 000147b5  /system/lib/libc.so (pthread_kill+52)
I/DEBUG   ( 3677):     #02 pc 0001550b  /system/lib/libc.so (raise+10)
I/DEBUG   ( 3677):     #03 pc 00011c35  /system/lib/libc.so (__libc_android_abort+36)
I/DEBUG   ( 3677):     #04 pc 0000fcb8  /system/lib/libc.so (abort+4)
I/DEBUG   ( 3677):     #05 pc 00007739  /system/lib/libcutils.so (__android_log_assert+88)
I/DEBUG   ( 3677):     #06 pc 0000f4df  /system/lib/libsurfaceflinger.so
I/DEBUG   ( 3677):     #07 pc 0001b9fd  /system/lib/libsurfaceflinger.so
I/DEBUG   ( 3677):     #08 pc 0001abe7  /system/lib/libsurfaceflinger.so
I/DEBUG   ( 3677):     #09 pc 00019fc3  /system/lib/libsurfaceflinger.so
I/DEBUG   ( 3677):     #10 pc 00019d49  /system/lib/libsurfaceflinger.so
I/DEBUG   ( 3677):     #11 pc 00010ed3  /system/lib/libutils.so (android::Looper::pollInner(int)+410)
I/DEBUG   ( 3677):     #12 pc 00010fc5  /system/lib/libutils.so (android::Looper::pollOnce(int, int*, int*, void**)+92)
I/DEBUG   ( 3677):     #13 pc 000174c5  /system/lib/libsurfaceflinger.so
I/DEBUG   ( 3677):     #14 pc 0001993d  /system/lib/libsurfaceflinger.so (android::SurfaceFlinger::run()+8)
I/DEBUG   ( 3677):     #15 pc 0000083d  /system/bin/surfaceflinger
I/DEBUG   ( 3677):     #16 pc 0000fb75  /system/lib/libc.so (__libc_init+44)
I/DEBUG   ( 3677):     #17 pc 000008d8  /system/bin/surfaceflinger
I/DEBUG   ( 3677): 
I/DEBUG   ( 3677): Tombstone written to: /data/tombstones/tombstone_01
I/DEBUG   ( 3677): ********************************************************
I/DEBUG   ( 3677): * Process 3671 has been suspended while crashing.
I/DEBUG   ( 3677): * To attach gdbserver for a gdb connection on port 5039
I/DEBUG   ( 3677): * and start gdbclient:
I/DEBUG   ( 3677): *
I/DEBUG   ( 3677): *     gdbclient /system/bin/surfaceflinger :5039 3671
I/DEBUG   ( 3677): * or
I/DEBUG   ( 3677): *     dddclient /system/bin/surfaceflinger :5039 3671
I/DEBUG   ( 3677): *
I/DEBUG   ( 3677): * Wait for gdb to start, then press the VOLUME DOWN key
I/DEBUG   ( 3677): * to let the process continue crashing.
I/DEBUG   ( 3677): ********************************************************
D/wrapperGPS( 3684): wrapperConnect_RILD
V/NatController( 3676): runCmd(/system/bin/iptables -F natctrl_FORWARD) res=0
V/NatController( 3676): runCmd(/system/bin/iptables -A natctrl_FORWARD -j DROP) res=0
V/NatController( 3676): runCmd(/system/bin/iptables -t nat -F natctrl_nat_POSTROUTING) res=0
V/NatController( 3676): runCmd(/system/bin/iptables -F natctrl_tether_counters) res=1
V/NatController( 3676): runCmd(/system/bin/iptables -X natctrl_tether_counters) res=1
V/NatController( 3676): runCmd(/system/bin/iptables -N natctrl_tether_counters) res=0
V/NatController( 3676): runCmd(/system/bin/iptables -t mangle -A natctrl_mangle_FORWARD -p tcp --tcp-flags SYN SYN -j TCPMSS --clamp-mss-to-pmtu) res=0
D/MDnsDS  ( 3676): MDnsSdListener::Hander starting up
D/MDnsDS  ( 3676): MDnsSdListener starting to monitor
D/MDnsDS  ( 3676): Going to poll with pollCount 1
E/memtrack( 3689): Couldn't load memtrack module (No such file or directory)
E/android.os.Debug( 3689): failed to load memtrack module: -2
D/wrapperGPS( 3684): wrapperConnect_RILD
I/SamplingProfilerIntegration( 3689): Profiling disabled.
D/Zygote  ( 3689): begin preload
I/Zygote  ( 3689): Preloading classes...
I/art     ( 3689): Explicit concurrent mark sweep GC freed 4379(640KB) AllocSpace objects, 0(0B) LOS objects, 41% free, 5MB/9MB, paused 92us total 15.669ms
I/art     ( 3689): Counter: 1
D/wrapperGPS( 3684): wrapperConnect_RILD
E/Minikin ( 3689): addFont failed to create font /system/fonts/NotoSansGujarati-Regular.ttf
E/Minikin ( 3689): addFont failed to create font /system/fonts/NotoSansGujarati-Bold.ttf
E/Minikin ( 3689): addFont failed to create font /system/fonts/NotoSansGujaratiUI-Regular.ttf
E/Minikin ( 3689): addFont failed to create font /system/fonts/NotoSansGujaratiUI-Bold.ttf
E/Minikin ( 3689): addFont failed to create font /system/fonts/NotoSansGurmukhi-Regular.ttf
E/Minikin ( 3689): addFont failed to create font /system/fonts/NotoSansGurmukhi-Bold.ttf
E/Minikin ( 3689): addFont failed to create font /system/fonts/NotoSansGurmukhiUI-Regular.ttf
E/Minikin ( 3689): addFont failed to create font /system/fonts/NotoSansGurmukhiUI-Bold.ttf
E/Minikin ( 3689): addFont failed to create font /system/fonts/NotoSansSinhala-Regular.ttf
E/Minikin ( 3689): addFont failed to create font /system/fonts/NotoSansSinhala-Bold.ttf
E/Minikin ( 3689): addFont failed to create font /system/fonts/NotoSansCherokee-Regular.ttf
E/Minikin ( 3689): addFont failed to create font /system/fonts/NotoSansCanadianAboriginal-Regular.ttf
E/Minikin ( 3689): addFont failed to create font /system/fonts/NotoSansYi-Regular.ttf
E/Minikin ( 3689): addFont failed to create font /system/fonts/NotoSansHans-Regular.otf
E/Minikin ( 3689): addFont failed to create font /system/fonts/NotoSansHant-Regular.otf
E/Minikin ( 3689): addFont failed to create font /system/fonts/NotoSansJP-Regular.otf
E/Minikin ( 3689): addFont failed to create font /system/fonts/NotoSansKR-Regular.otf
E/art     ( 3689): dlopen("/system/lib/libmedia_jni.so", RTLD_LAZY) failed: dlopen failed: cannot locate symbol "_ZN7android11MediaPlayer6resumeEv" referenced by "libmedia_jni.so"...
W/Zygote  ( 3689): Problem preloading android.media.AmrInputStream: java.lang.UnsatisfiedLinkError: dlopen failed: cannot locate symbol "_ZN7android11MediaPlayer6resumeEv" referenced by "libmedia_jni.so"...
E/art     ( 3689): dlopen("/system/lib/libmedia_jni.so", RTLD_LAZY) failed: dlopen failed: cannot locate symbol "_ZN7android11MediaPlayer6resumeEv" referenced by "libmedia_jni.so"...
W/Zygote  ( 3689): Problem preloading android.media.CamcorderProfile: java.lang.UnsatisfiedLinkError: dlopen failed: cannot locate symbol "_ZN7android11MediaPlayer6resumeEv" referenced by "libmedia_jni.so"...
E/art     ( 3689): dlopen("/system/lib/libmedia_jni.so", RTLD_LAZY) failed: dlopen failed: cannot locate symbol "_ZN7android11MediaPlayer6resumeEv" referenced by "libmedia_jni.so"...
W/Zygote  ( 3689): Problem preloading android.media.CameraProfile: java.lang.UnsatisfiedLinkError: dlopen failed: cannot locate symbol "_ZN7android11MediaPlayer6resumeEv" referenced by "libmedia_jni.so"...
E/art     ( 3689): dlopen("/system/lib/libmedia_jni.so", RTLD_LAZY) failed: dlopen failed: cannot locate symbol "_ZN7android11MediaPlayer6resumeEv" referenced by "libmedia_jni.so"...
W/Zygote  ( 3689): Problem preloading android.media.DecoderCapabilities: java.lang.UnsatisfiedLinkError: dlopen failed: cannot locate symbol "_ZN7android11MediaPlayer6resumeEv" referenced by "libmedia_jni.so"...
E/art     ( 3689): dlopen("/system/lib/libmedia_jni.so", RTLD_LAZY) failed: dlopen failed: cannot locate symbol "_ZN7android11MediaPlayer6resumeEv" referenced by "libmedia_jni.so"...
W/Zygote  ( 3689): Problem preloading android.media.EncoderCapabilities: java.lang.UnsatisfiedLinkError: dlopen failed: cannot locate symbol "_ZN7android11MediaPlayer6resumeEv" referenced by "libmedia_jni.so"...
E/art     ( 3689): dlopen("/system/lib/libmedia_jni.so", RTLD_LAZY) failed: dlopen failed: cannot locate symbol "_ZN7android11MediaPlayer6resumeEv" referenced by "libmedia_jni.so"...
W/Zygote  ( 3689): Problem preloading android.media.ImageReader: java.lang.UnsatisfiedLinkError: dlopen failed: cannot locate symbol "_ZN7android11MediaPlayer6resumeEv" referenced by "libmedia_jni.so"...
E/art     ( 3689): dlopen("/system/lib/libmedia_jni.so", RTLD_LAZY) failed: dlopen failed: cannot locate symbol "_ZN7android11MediaPlayer6resumeEv" referenced by "libmedia_jni.so"...
W/Zygote  ( 3689): Problem preloading android.media.MediaCodec: java.lang.UnsatisfiedLinkError: dlopen failed: cannot locate symbol "_ZN7android11MediaPlayer6resumeEv" referenced by "libmedia_jni.so"...
E/art     ( 3689): dlopen("/system/lib/libmedia_jni.so", RTLD_LAZY) failed: dlopen failed: cannot locate symbol "_ZN7android11MediaPlayer6resumeEv" referenced by "libmedia_jni.so"...
W/Zygote  ( 3689): Problem preloading android.media.MediaCodecList: java.lang.UnsatisfiedLinkError: dlopen failed: cannot locate symbol "_ZN7android11MediaPlayer6resumeEv" referenced by "libmedia_jni.so"...
E/art     ( 3689): dlopen("/system/lib/libmedia_jni.so", RTLD_LAZY) failed: dlopen failed: cannot locate symbol "_ZN7android11MediaPlayer6resumeEv" referenced by "libmedia_jni.so"...
W/Zygote  ( 3689): Problem preloading android.media.MediaCrypto: java.lang.UnsatisfiedLinkError: dlopen failed: cannot locate symbol "_ZN7android11MediaPlayer6resumeEv" referenced by "libmedia_jni.so"...
E/art     ( 3689): dlopen("/system/lib/libmedia_jni.so", RTLD_LAZY) failed: dlopen failed: cannot locate symbol "_ZN7android11MediaPlayer6resumeEv" referenced by "libmedia_jni.so"...
W/Zygote  ( 3689): Problem preloading android.media.MediaDrm: java.lang.UnsatisfiedLinkError: dlopen failed: cannot locate symbol "_ZN7android11MediaPlayer6resumeEv" referenced by "libmedia_jni.so"...
E/art     ( 3689): dlopen("/system/lib/libmedia_jni.so", RTLD_LAZY) failed: dlopen failed: cannot locate symbol "_ZN7android11MediaPlayer6resumeEv" referenced by "libmedia_jni.so"...
W/Zygote  ( 3689): Problem preloading android.media.MediaExtractor: java.lang.UnsatisfiedLinkError: dlopen failed: cannot locate symbol "_ZN7android11MediaPlayer6resumeEv" referenced by "libmedia_jni.so"...
E/art     ( 3689): dlopen("/system/lib/libmedia_jni.so", RTLD_LAZY) failed: dlopen failed: cannot locate symbol "_ZN7android11MediaPlayer6resumeEv" referenced by "libmedia_jni.so"...
W/Zygote  ( 3689): Problem preloading android.media.MediaHTTPConnection: java.lang.UnsatisfiedLinkError: dlopen failed: cannot locate symbol "_ZN7android11MediaPlayer6resumeEv" referenced by "libmedia_jni.so"...
E/art     ( 3689): dlopen("/system/lib/libmedia_jni.so", RTLD_LAZY) failed: dlopen failed: cannot locate symbol "_ZN7android11MediaPlayer6resumeEv" referenced by "libmedia_jni.so"...
W/Zygote  ( 3689): Problem preloading android.media.MediaMetadataRetriever: java.lang.UnsatisfiedLinkError: dlopen failed: cannot locate symbol "_ZN7android11MediaPlayer6resumeEv" referenced by "libmedia_jni.so"...
E/art     ( 3689): dlopen("/system/lib/libmedia_jni.so", RTLD_LAZY) failed: dlopen failed: cannot locate symbol "_ZN7android11MediaPlayer6resumeEv" referenced by "libmedia_jni.so"...
W/Zygote  ( 3689): Problem preloading android.media.MediaMuxer: java.lang.UnsatisfiedLinkError: dlopen failed: cannot locate symbol "_ZN7android11MediaPlayer6resumeEv" referenced by "libmedia_jni.so"...
E/art     ( 3689): dlopen("/system/lib/libmedia_jni.so", RTLD_LAZY) failed: dlopen failed: cannot locate symbol "_ZN7android11MediaPlayer6resumeEv" referenced by "libmedia_jni.so"...
W/Zygote  ( 3689): Problem preloading android.media.MediaPlayer: java.lang.UnsatisfiedLinkError: dlopen failed: cannot locate symbol "_ZN7android11MediaPlayer6resumeEv" referenced by "libmedia_jni.so"...
I/art     ( 3689): Rejecting re-init on previously-failed class java.lang.Class<android.media.CamcorderProfile>
E/art     ( 3689): dlopen("/system/lib/libmedia_jni.so", RTLD_LAZY) failed: dlopen failed: cannot locate symbol "_ZN7android11MediaPlayer6resumeEv" referenced by "libmedia_jni.so"...
W/Zygote  ( 3689): Problem preloading android.media.MediaRecorder: java.lang.UnsatisfiedLinkError: dlopen failed: cannot locate symbol "_ZN7android11MediaPlayer6resumeEv" referenced by "libmedia_jni.so"...
E/art     ( 3689): dlopen("/system/lib/libmedia_jni.so", RTLD_LAZY) failed: dlopen failed: cannot locate symbol "_ZN7android11MediaPlayer6resumeEv" referenced by "libmedia_jni.so"...
W/Zygote  ( 3689): Problem preloading android.media.MediaScanner: java.lang.UnsatisfiedLinkError: dlopen failed: cannot locate symbol "_ZN7android11MediaPlayer6resumeEv" referenced by "libmedia_jni.so"...
E/art     ( 3689): dlopen("/system/lib/libmedia_jni.so", RTLD_LAZY) failed: dlopen failed: cannot locate symbol "_ZN7android11MediaPlayer6resumeEv" referenced by "libmedia_jni.so"...
W/Zygote  ( 3689): Problem preloading android.media.ResampleInputStream: java.lang.UnsatisfiedLinkError: dlopen failed: cannot locate symbol "_ZN7android11MediaPlayer6resumeEv" referenced by "libmedia_jni.so"...
E/art     ( 3689): dlopen("/system/lib/libaudioeffect_jni.so", RTLD_LAZY) failed: dlopen failed: cannot locate symbol "_ZN7android10Visualizer21cancelCaptureCallBackEv" referenced by "libaudioeffect_jni.so"...
W/Zygote  ( 3689): Problem preloading android.media.audiofx.AudioEffect: java.lang.UnsatisfiedLinkError: dlopen failed: cannot locate symbol "_ZN7android10Visualizer21cancelCaptureCallBackEv" referenced by "libaudioeffect_jni.so"...
F/art     ( 3689): art/runtime/class_linker.cc:4450] Check failed: super_class->IsResolved() 
F/art     ( 3689): art/runtime/runtime.cc:284] Runtime aborting...
F/art     ( 3689): art/runtime/runtime.cc:284] Aborting thread:
F/art     ( 3689): art/runtime/runtime.cc:284] "main" prio=5 tid=1 Runnable
F/art     ( 3689): art/runtime/runtime.cc:284]   | group="" sCount=0 dsCount=0 obj=0x12f06560 self=0xb5007800
F/art     ( 3689): art/runtime/runtime.cc:284]   | sysTid=3689 nice=0 cgrp=default sched=0/0 handle=0xb6f79ec8
F/art     ( 3689): art/runtime/runtime.cc:284]   | state=R schedstat=( 3290751971 26534291 774 ) utm=287 stm=42 core=4 HZ=100
F/art     ( 3689): art/runtime/runtime.cc:284]   | stack=0xbe600000-0xbe602000 stackSize=8MB
F/art     ( 3689): art/runtime/runtime.cc:284]   | held mutexes= "abort lock" "mutator lock"(shared held)
F/art     ( 3689): art/runtime/runtime.cc:284]   native: #00 pc 000045b4  /system/lib/libbacktrace_libc++.so (UnwindCurrent::Unwind(unsigned int, ucontext*)+23)
F/art     ( 3689): art/runtime/runtime.cc:284]   native: #01 pc 00002e1d  /system/lib/libbacktrace_libc++.so (Backtrace::Unwind(unsigned int, ucontext*)+8)
F/art     ( 3689): art/runtime/runtime.cc:284]   native: #02 pc 002516d5  /system/lib/libart.so (art::DumpNativeStack(std::__1::basic_ostream<char, std::__1::char_traits<char> >&, int, char const*, art::mirror::ArtMethod*)+84)
F/art     ( 3689): art/runtime/runtime.cc:284]   native: #03 pc 00235453  /system/lib/libart.so (art::Thread::Dump(std::__1::basic_ostream<char, std::__1::char_traits<char> >&) const+162)
F/art     ( 3689): art/runtime/runtime.cc:284]   native: #04 pc 00225111  /system/lib/libart.so (art::AbortState::DumpThread(std::__1::basic_ostream<char, std::__1::char_traits<char> >&, art::Thread*)+32)
F/art     ( 3689): art/runtime/runtime.cc:284]   native: #05 pc 0022537b  /system/lib/libart.so (art::AbortState::Dump(std::__1::basic_ostream<char, std::__1::char_traits<char> >&)+354)
F/art     ( 3689): art/runtime/runtime.cc:284]   native: #06 pc 00225573  /system/lib/libart.so (art::Runtime::Abort()+82)
F/art     ( 3689): art/runtime/runtime.cc:284]   native: #07 pc 000a6819  /system/lib/libart.so (art::LogMessage::~LogMessage()+1360)
F/art     ( 3689): art/runtime/runtime.cc:284]   native: #08 pc 000d88b5  /system/lib/libart.so (art::ClassLinker::LoadSuperAndInterfaces(art::Handle<art::mirror::Class>, art::DexFile const&)+712)
F/art     ( 3689): art/runtime/runtime.cc:284]   native: #09 pc 000d4303  /system/lib/libart.so (art::ClassLinker::DefineClass(char const*, art::Handle<art::mirror::ClassLoader>, art::DexFile const&, art::DexFile::ClassDef const&)+434)
F/art     ( 3689): art/runtime/runtime.cc:284]   native: #10 pc 000d4823  /system/lib/libart.so (art::ClassLinker::FindClassInPathClassLoader(art::ScopedObjectAccessAlreadyRunnable&, art::Thread*, char const*, art::Handle<art::mirror::ClassLoader>)+530)
F/art     ( 3689): art/runtime/runtime.cc:284]   native: #11 pc 000d4af7  /system/lib/libart.so (art::ClassLinker::FindClass(art::Thread*, char const*, art::Handle<art::mirror::ClassLoader>) (.part.401)+366)
F/art     ( 3689): art/runtime/runtime.cc:284]   native: #12 pc 00203567  /system/lib/libart.so (art::Class_classForName(_JNIEnv*, _jclass*, _jstring*, unsigned char, _jobject*)+194)
F/art     ( 3689): art/runtime/runtime.cc:284]   native: #13 pc 000a23b1  /system/lib/libart.so (art_quick_generic_jni_trampoline+32)
F/art     ( 3689): art/runtime/runtime.cc:284]   native: #14 pc 00002f04  /dev/ashmem/dalvik-non moving space (deleted) (???)
F/art     ( 3689): art/runtime/runtime.cc:284]   at java.lang.Class.classForName!(Native method)
F/art     ( 3689): art/runtime/runtime.cc:284]   at java.lang.Class.forName(Class.java:308)
F/art     ( 3689): art/runtime/runtime.cc:284]   at java.lang.Class.forName(Class.java:272)
F/art     ( 3689): art/runtime/runtime.cc:284]   at com.android.internal.os.ZygoteInit.preloadClasses(ZygoteInit.java:326)
F/art     ( 3689): art/runtime/runtime.cc:284]   at com.android.internal.os.ZygoteInit.preload(ZygoteInit.java:254)
F/art     ( 3689): art/runtime/runtime.cc:284]   at com.android.internal.os.ZygoteInit.main(ZygoteInit.java:670)
F/art     ( 3689): art/runtime/runtime.cc:284] Dumping all threads without appropriate locks held: thread list lock
F/art     ( 3689): art/runtime/runtime.cc:284] All threads:
F/art     ( 3689): art/runtime/runtime.cc:284] DALVIK THREADS (6):
F/art     ( 3689): art/runtime/runtime.cc:284] "main" prio=5 tid=1 Runnable
F/art     ( 3689): art/runtime/runtime.cc:284]   | group="" sCount=0 dsCount=0 obj=0x12f06560 self=0xb5007800
F/art     ( 3689): art/runtime/runtime.cc:284]   | sysTid=3689 nice=0 cgrp=default sched=0/0 handle=0xb6f79ec8
F/art     ( 3689): art/runtime/runtime.cc:284]   | state=R schedstat=( 3304954054 26546332 779 ) utm=287 stm=42 core=4 HZ=100
F/art     ( 3689): art/runtime/runtime.cc:284]   | stack=0xbe600000-0xbe602000 stackSize=8MB
F/art     ( 3689): art/runtime/runtime.cc:284]   | held mutexes= "abort lock" "mutator lock"(shared held)
F/art     ( 3689): art/runtime/runtime.cc:284]   native: #00 pc 000045b4  /system/lib/libbacktrace_libc++.so (UnwindCurrent::Unwind(unsigned int, ucontext*)+23)
F/art     ( 3689): art/runtime/runtime.cc:284]   native: #01 pc 00002e1d  /system/lib/libbacktrace_libc++.so (Backtrace::Unwind(unsigned int, ucontext*)+8)
F/art     ( 3689): art/runtime/runtime.cc:284]   native: #02 pc 002516d5  /system/lib/libart.so (art::DumpNativeStack(std::__1::basic_ostream<char, std::__1::char_traits<char> >&, int, char const*, art::mirror::ArtMethod*)+84)
F/art     ( 3689): art/runtime/runtime.cc:284]   native: #03 pc 00235453  /system/lib/libart.so (art::Thread::Dump(std::__1::basic_ostream<char, std::__1::char_traits<char> >&) const+162)
F/art     ( 3689): art/runtime/runtime.cc:284]   native: #04 pc 0023e345  /system/lib/libart.so (art::ThreadList::DumpLocked(std::__1::basic_ostream<char, std::__1::char_traits<char> >&)+120)
F/art     ( 3689): art/runtime/runtime.cc:284]   native: #05 pc 00225329  /system/lib/libart.so (art::AbortState::Dump(std::__1::basic_ostream<char, std::__1::char_traits<char> >&)+272)
F/art     ( 3689): art/runtime/runtime.cc:284]   native: #06 pc 00225573  /system/lib/libart.so (art::Runtime::Abort()+82)
F/art     ( 3689): art/runtime/runtime.cc:284]   native: #07 pc 000a6819  /system/lib/libart.so (art::LogMessage::~LogMessage()+1360)
F/art     ( 3689): art/runtime/runtime.cc:284]   native: #08 pc 000d88b5  /system/lib/libart.so (art::ClassLinker::LoadSuperAndInterfaces(art::Handle<art::mirror::Class>, art::DexFile const&)+712)
F/art     ( 3689): art/runtime/runtime.cc:284]   native: #09 pc 000d4303  /system/lib/libart.so (art::ClassLinker::DefineClass(char const*, art::Handle<art::mirror::ClassLoader>, art::DexFile const&, art::DexFile::ClassDef const&)+434)
F/art     ( 3689): art/runtime/runtime.cc:284]   native: #10 pc 000d4823  /system/lib/libart.so (art::ClassLinker::FindClassInPathClassLoader(art::ScopedObjectAccessAlreadyRunnable&, art::Thread*, char const*, art::Handle<art::mirror::ClassLoader>)+530)
F/art     ( 3689): art/runtime/runtime.cc:284]   native: #11 pc 000d4af7  /system/lib/libart.so (art::ClassLinker::FindClass(art::Thread*, char const*, art::Handle<art::mirror::ClassLoader>) (.part.401)+366)
F/art     ( 3689): art/runtime/runtime.cc:284]   native: #12 pc 00203567  /system/lib/libart.so (art::Class_classForName(_JNIEnv*, _jclass*, _jstring*, unsigned char, _jobject*)+194)
F/art     ( 3689): art/runtime/runtime.cc:284]   native: #13 pc 000a23b1  /system/lib/libart.so (art_quick_generic_jni_trampoline+32)
F/art     ( 3689): art/runtime/runtime.cc:284]   native: #14 pc 00002f04  /dev/ashmem/dalvik-non moving space (deleted) (???)
F/art     ( 3689): art/runtime/runtime.cc:284]   at java.lang.Class.classForName!(Native method)
F/art     ( 3689): art/runtime/runtime.cc:284]   at java.lang.Class.forName(Class.java:308)
F/art     ( 3689): art/runtime/runtime.cc:284]   at java.lang.Class.forName(Class.java:272)
F/art     ( 3689): art/runtime/runtime.cc:284]   at com.android.internal.os.ZygoteInit.preloadClasses(ZygoteInit.java:326)
F/art     ( 3689): art/runtime/runtime.cc:284]   at com.android.internal.os.ZygoteInit.preload(ZygoteInit.java:254)
F/art     ( 3689): art/runtime/runtime.cc:284]   at com.android.internal.os.ZygoteInit.main(ZygoteInit.java:670)
F/art     ( 3689): art/runtime/runtime.cc:284] 
F/art     ( 3689): art/runtime/runtime.cc:284] "ReferenceQueueDaemon" prio=5 tid=2 Waiting
F/art     ( 3689): art/runtime/runtime.cc:284]   | group="" sCount=0 dsCount=0 obj=0x12f068c0 self=0xb5008000
F/art     ( 3689): art/runtime/runtime.cc:284]   | sysTid=4034 nice=0 cgrp=default sched=0/0 handle=0xac721300
F/art     ( 3689): art/runtime/runtime.cc:284]   | state=S schedstat=( 9753335 0 53 ) utm=0 stm=0 core=6 HZ=100
F/art     ( 3689): art/runtime/runtime.cc:284]   | stack=0xa9e45000-0xa9e47000 stackSize=1036KB
F/art     ( 3689): art/runtime/runtime.cc:284]   | held mutexes=
F/art     ( 3689): art/runtime/runtime.cc:284]   kernel: (couldn't read /proc/self/task/4034/stack)
F/art     ( 3689): art/runtime/runtime.cc:284]   native: #00 pc 00010114  /system/lib/libc.so (syscall+28)
F/art     ( 3689): art/runtime/runtime.cc:284]   native: #01 pc 000a9553  /system/lib/libart.so (art::ConditionVariable::Wait(art::Thread*)+98)
F/art     ( 3689): art/runtime/runtime.cc:284]   native: #02 pc 001f4c89  /system/lib/libart.so (art::Monitor::Wait(art::Thread*, long long, int, bool, art::ThreadState)+1036)
F/art     ( 3689): art/runtime/runtime.cc:284]   native: #03 pc 001f634d  /system/lib/libart.so (art::Monitor::Wait(art::Thread*, art::mirror::Object*, long long, int, bool, art::ThreadState)+136)
F/art     ( 3689): art/runtime/runtime.cc:284]   native: #04 pc 002038ad  /system/lib/libart.so (art::Object_wait(_JNIEnv*, _jobject*)+40)
F/art     ( 3689): art/runtime/runtime.cc:284]   native: #05 pc 000a23b1  /system/lib/libart.so (art_quick_generic_jni_trampoline+32)
F/art     ( 3689): art/runtime/runtime.cc:284]   native: #06 pc 001e499d  /system/lib/libart.so (art::mirror::ArtMethod::Invoke(art::Thread*, unsigned int*, unsigned int, art::JValue*, char const*)+152)
F/art     ( 3689): art/runtime/runtime.cc:284]   at java.lang.Object.wait!(Native method)
F/art     ( 3689): art/runtime/runtime.cc:284]   - waiting on <0x358c5462> (a java.lang.Class<java.lang.ref.ReferenceQueue>)
F/art     ( 3689): art/runtime/runtime.cc:284]   at java.lang.Daemons$ReferenceQueueDaemon.run(Daemons.java:133)
F/art     ( 3689): art/runtime/runtime.cc:284]   - locked <0x358c5462> (a java.lang.Class<java.lang.ref.ReferenceQueue>)
F/art     ( 3689): art/runtime/runtime.cc:284]   at java.lang.Thread.run(Thread.java:818)
F/art     ( 3689): art/runtime/runtime.cc:284] 
F/art     ( 3689): art/runtime/runtime.cc:284] "FinalizerDaemon" prio=5 tid=3 Waiting
F/art     ( 3689): art/runtime/runtime.cc:284]   | group="" sCount=0 dsCount=0 obj=0x12f06980 self=0xb5007c00
F/art     ( 3689): art/runtime/runtime.cc:284]   | sysTid=4035 nice=0 cgrp=default sched=0/0 handle=0xac721080
F/art     ( 3689): art/runtime/runtime.cc:284]   | state=S schedstat=( 10759706 56083 53 ) utm=1 stm=0 core=7 HZ=100
F/art     ( 3689): art/runtime/runtime.cc:284]   | stack=0xa9bfe000-0xa9c00000 stackSize=1036KB
F/art     ( 3689): art/runtime/runtime.cc:284]   | held mutexes=
F/art     ( 3689): art/runtime/runtime.cc:284]   kernel: (couldn't read /proc/self/task/4035/stack)
F/art     ( 3689): art/runtime/runtime.cc:284]   native: #00 pc 00010114  /system/lib/libc.so (syscall+28)
F/art     ( 3689): art/runtime/runtime.cc:284]   native: #01 pc 000a9553  /system/lib/libart.so (art::ConditionVariable::Wait(art::Thread*)+98)
F/art     ( 3689): art/runtime/runtime.cc:284]   native: #02 pc 001f4c89  /system/lib/libart.so (art::Monitor::Wait(art::Thread*, long long, int, bool, art::ThreadState)+1036)
F/art     ( 3689): art/runtime/runtime.cc:284]   native: #03 pc 001f634d  /system/lib/libart.so (art::Monitor::Wait(art::Thread*, art::mirror::Object*, long long, int, bool, art::ThreadState)+136)
F/art     ( 3689): art/runtime/runtime.cc:284]   native: #04 pc 00203875  /system/lib/libart.so (art::Object_waitJI(_JNIEnv*, _jobject*, long long, int)+44)
F/art     ( 3689): art/runtime/runtime.cc:284]   native: #05 pc 000a23b1  /system/lib/libart.so (art_quick_generic_jni_trampoline+32)
F/art     ( 3689): art/runtime/runtime.cc:284]   native: #06 pc 00000934  /dev/ashmem/dalvik-non moving space (deleted) (???)
F/art     ( 3689): art/runtime/runtime.cc:284]   at java.lang.Object.wait!(Native method)
F/art     ( 3689): art/runtime/runtime.cc:284]   - waiting on <0x3441f9f3> (a java.lang.ref.ReferenceQueue)
F/art     ( 3689): art/runtime/runtime.cc:284]   at java.lang.Object.wait(Object.java:422)
F/art     ( 3689): art/runtime/runtime.cc:284]   at java.lang.ref.ReferenceQueue.remove(ReferenceQueue.java:101)
F/art     ( 3689): art/runtime/runtime.cc:284]   - locked <0x3441f9f3> (a java.lang.ref.ReferenceQueue)
F/art     ( 3689): art/runtime/runtime.cc:284]   at java.lang.ref.ReferenceQueue.remove(ReferenceQueue.java:72)
F/art     ( 3689): art/runtime/runtime.cc:284]   at java.lang.Daemons$FinalizerDaemon.run(Daemons.java:173)
F/art     ( 3689): art/runtime/runtime.cc:284]   at java.lang.Thread.run(Thread.java:818)
F/art     ( 3689): art/runtime/runtime.cc:284] 
F/art     ( 3689): art/runtime/runtime.cc:284] "FinalizerWatchdogDaemon" prio=5 tid=4 Sleeping
F/art     ( 3689): art/runtime/runtime.cc:284]   | group="" sCount=0 dsCount=0 obj=0x12f069e0 self=0xb5008400
F/art     ( 3689): art/runtime/runtime.cc:284]   | sysTid=4036 nice=0 cgrp=default sched=0/0 handle=0xac721580
F/art     ( 3689): art/runtime/runtime.cc:284]   | state=S schedstat=( 1245959 0 2 ) utm=0 stm=0 core=4 HZ=100
F/art     ( 3689): art/runtime/runtime.cc:284]   | stack=0xa98fe000-0xa9900000 stackSize=1036KB
F/art     ( 3689): art/runtime/runtime.cc:284]   | held mutexes=
F/art     ( 3689): art/runtime/runtime.cc:284]   kernel: (couldn't read /proc/self/task/4036/stack)
F/art     ( 3689): art/runtime/runtime.cc:284]   native: #00 pc 00010118  /system/lib/libc.so (syscall+32)
F/art     ( 3689): art/runtime/runtime.cc:284]   native: #01 pc 000a92df  /system/lib/libart.so (art::ConditionVariable::TimedWait(art::Thread*, long long, int)+118)
F/art     ( 3689): art/runtime/runtime.cc:284]   native: #02 pc 001f4a75  /system/lib/libart.so (art::Monitor::Wait(art::Thread*, long long, int, bool, art::ThreadState)+504)
F/art     ( 3689): art/runtime/runtime.cc:284]   native: #03 pc 001f634d  /system/lib/libart.so (art::Monitor::Wait(art::Thread*, art::mirror::Object*, long long, int, bool, art::ThreadState)+136)
F/art     ( 3689): art/runtime/runtime.cc:284]   native: #04 pc 000a23b1  /system/lib/libart.so (art_quick_generic_jni_trampoline+32)
F/art     ( 3689): art/runtime/runtime.cc:284]   native: #05 pc 00038154  /dev/ashmem/dalvik-non moving space (deleted) (???)
F/art     ( 3689): art/runtime/runtime.cc:284]   at java.lang.Thread.sleep!(Native method)
F/art     ( 3689): art/runtime/runtime.cc:284]   - sleeping on <0x1f31a6b0> (a java.lang.Object)
F/art     ( 3689): art/runtime/runtime.cc:284]   at java.lang.Thread.sleep(Thread.java:1031)
F/art     ( 3689): art/runtime/runtime.cc:284]   - locked <0x1f31a6b0> (a java.lang.Object)
F/art     ( 3689): art/runtime/runtime.cc:284]   at java.lang.Thread.sleep(Thread.java:985)
F/art     ( 3689): art/runtime/runtime.cc:284]   at java.lang.Daemons$FinalizerWatchdogDaemon.sleepFor(Daemons.java:257)
F/art     ( 3689): art/runtime/runtime.cc:284]   at java.lang.Daemons$FinalizerWatchdogDaemon.waitForFinalization(Daemons.java:268)
F/art     ( 3689): art/runtime/runtime.cc:284]   at java.lang.Daemons$FinalizerWatchdogDaemon.run(Daemons.java:216)
F/art     ( 3689): art/runtime/runtime.cc:284]   at java.lang.Thread.run(Thread.java:818)
F/art     ( 3689): art/runtime/runtime.cc:284] 
F/art     ( 3689): art/runtime/runtime.cc:284] "HeapTrimmerDaemon" prio=5 tid=5 Waiting
F/art     ( 3689): art/runtime/runtime.cc:284]   | group="" sCount=0 dsCount=0 obj=0x12f06a40 self=0xb5008800
F/art     ( 3689): art/runtime/runtime.cc:284]   | sysTid=4037 nice=0 cgrp=default sched=0/0 handle=0xac721800
F/art     ( 3689): art/runtime/runtime.cc:284]   | state=S schedstat=( 977709 0 1 ) utm=0 stm=0 core=4 HZ=100
F/art     ( 3689): art/runtime/runtime.cc:284]   | stack=0xa95fe000-0xa9600000 stackSize=1036KB
F/art     ( 3689): art/runtime/runtime.cc:284]   | held mutexes=
F/art     ( 3689): art/runtime/runtime.cc:284]   kernel: (couldn't read /proc/self/task/4037/stack)
F/art     ( 3689): art/runtime/runtime.cc:284]   native: #00 pc 00010114  /system/lib/libc.so (syscall+28)
F/art     ( 3689): art/runtime/runtime.cc:284]   native: #01 pc 000a9553  /system/lib/libart.so (art::ConditionVariable::Wait(art::Thread*)+98)
F/art     ( 3689): art/runtime/runtime.cc:284]   native: #02 pc 001f4c89  /system/lib/libart.so (art::Monitor::Wait(art::Thread*, long long, int, bool, art::ThreadState)+1036)
F/art     ( 3689): art/runtime/runtime.cc:284]   native: #03 pc 001f634d  /system/lib/libart.so (art::Monitor::Wait(art::Thread*, art::mirror::Object*, long long, int, bool, art::ThreadState)+136)
F/art     ( 3689): art/runtime/runtime.cc:284]   native: #04 pc 002038ad  /system/lib/libart.so (art::Object_wait(_JNIEnv*, _jobject*)+40)
F/art     ( 3689): art/runtime/runtime.cc:284]   native: #05 pc 000a23b1  /system/lib/libart.so (art_quick_generic_jni_trampoline+32)
F/art     ( 3689): art/runtime/runtime.cc:284]   native: #06 pc 002024d4  /dev/ashmem/dalvik-classes.dex extracted in memory from /system/framework/core-libart.jar (deleted) (???)
F/art     ( 3689): art/runtime/runtime.cc:284]   at java.lang.Object.wait!(Native method)
F/art     ( 3689): art/runtime/runtime.cc:284]   - waiting on <0x050dc929> (a java.lang.Daemons$HeapTrimmerDaemon)
F/art     ( 3689): art/runtime/runtime.cc:284]   at java.lang.Daemons$HeapTrimmerDaemon.run(Daemons.java:310)
F/art     ( 3689): art/runtime/runtime.cc:284]   - locked <0x050dc929> (a java.lang.Daemons$HeapTrimmerDaemon)
F/art     ( 3689): art/runtime/runtime.cc:284]   at java.lang.Thread.run(Thread.java:818)
F/art     ( 3689): art/runtime/runtime.cc:284] 
F/art     ( 3689): art/runtime/runtime.cc:284] "GCDaemon" prio=5 tid=6 Waiting
F/art     ( 3689): art/runtime/runtime.cc:284]   | group="" sCount=0 dsCount=0 obj=0x12f06aa0 self=0xb5008c00
F/art     ( 3689): art/runtime/runtime.cc:284]   | sysTid=4038 nice=0 cgrp=default sched=0/0 handle=0xac721a80
F/art     ( 3689): art/runtime/runtime.cc:284]   | state=S schedstat=( 24906665 0 17 ) utm=1 stm=0 core=5 HZ=100
F/art     ( 3689): art/runtime/runtime.cc:284]   | stack=0xa92fe000-0xa9300000 stackSize=1036KB
F/art     ( 3689): art/runtime/runtime.cc:284]   | held mutexes=
F/art     ( 3689): art/runtime/runtime.cc:284]   kernel: (couldn't read /proc/self/task/4038/stack)
F/art     ( 3689): art/runtime/runtime.cc:284]   native: #00 pc 00010114  /system/lib/libc.so (syscall+28)
F/art     ( 3689): art/runtime/runtime.cc:284]   native: #01 pc 000a9553  /system/lib/libart.so (art::ConditionVariable::Wait(art::Thread*)+98)
F/art     ( 3689): art/runtime/runtime.cc:284]   native: #02 pc 001f4c89  /system/lib/libart.so (art::Monitor::Wait(art::Thread*, long long, int, bool, art::ThreadState)+1036)
F/art     ( 3689): art/runtime/runtime.cc:284]   native: #03 pc 001f634d  /system/lib/libart.so (art::Monitor::Wait(art::Thread*, art::mirror::Object*, long long, int, bool, art::ThreadState)+136)
F/art     ( 3689): art/runtime/runtime.cc:284]   native: #04 pc 002038ad  /system/lib/libart.so (art::Object_wait(_JNIEnv*, _jobject*)+40)
F/art     ( 3689): art/runtime/runtime.cc:284]   native: #05 pc 000a23b1  /system/lib/libart.so (art_quick_generic_jni_trampoline+32)
F/art     ( 3689): art/runtime/runtime.cc:284]   native: #06 pc 002024d4  /dev/ashmem/dalvik-classes.dex extracted in memory from /system/framework/core-libart.jar (deleted) (???)
F/art     ( 3689): art/runtime/runtime.cc:284]   at java.lang.Object.wait!(Native method)
F/art     ( 3689): art/runtime/runtime.cc:284]   - waiting on <0x18df54ae> (a java.lang.Daemons$GCDaemon)
F/art     ( 3689): art/runtime/runtime.cc:284]   at java.lang.Daemons$GCDaemon.run(Daemons.java:341)
F/art     ( 3689): art/runtime/runtime.cc:284]   - locked <0x18df54ae> (a java.lang.Daemons$GCDaemon)
F/art     ( 3689): art/runtime/runtime.cc:284]   at java.lang.Thread.run(Thread.java:818)
F/art     ( 3689): art/runtime/runtime.cc:284] 
F/art     ( 3689): art/runtime/runtime.cc:284] 
F/libc    ( 3689): Fatal signal 6 (SIGABRT), code -6 in tid 3689 (main)
I/libc    ( 3689): Suppressing debuggerd output because prctl(PR_GET_DUMPABLE)==0
I/Netd    ( 4042): Netd 1.0 starting
E/Netd    ( 4042): Failed to open /proc/sys/net/ipv6/conf/default/accept_ra_rt_table: No such file or directory
E/Netd    ( 4042): Failed to open /proc/sys/net/ipv6/conf/ip6tnl0/accept_ra_rt_table: No such file or directory
E/Netd    ( 4042): Failed to open /proc/sys/net/ipv6/conf/lo/accept_ra_rt_table: No such file or directory
E/Netd    ( 4042): Failed to open /proc/sys/net/ipv6/conf/rmnet0/accept_ra_rt_table: No such file or directory
E/Netd    ( 4042): Failed to open /proc/sys/net/ipv6/conf/rmnet1/accept_ra_rt_table: No such file or directory
E/Netd    ( 4042): Failed to open /proc/sys/net/ipv6/conf/rmnet2/accept_ra_rt_table: No such file or directory
E/Netd    ( 4042): Failed to open /proc/sys/net/ipv6/conf/rmnet3/accept_ra_rt_table: No such file or directory
E/Netd    ( 4042): Failed to open /proc/sys/net/ipv6/conf/sit0/accept_ra_rt_table: No such file or directory
D/wrapperGPS( 3684): wrapperConnect_RILD
D/AndroidRuntime( 4041): 
D/AndroidRuntime( 4041): >>>>>> AndroidRuntime START com.android.internal.os.ZygoteInit <<<<<<
D/AndroidRuntime( 4041): CheckJNI is OFF
I/art     ( 4041): option[0]=-Xzygote
I/art     ( 4041): option[1]=-Xstacktracefile:/data/anr/traces.txt
I/art     ( 4041): option[2]=exit
I/art     ( 4041): option[3]=vfprintf
I/art     ( 4041): option[4]=sensitiveThread
I/art     ( 4041): option[5]=-verbose:gc
I/art     ( 4041): option[6]=-Xms8m
I/art     ( 4041): option[7]=-Xmx512m
I/art     ( 4041): option[8]=-XX:mainThreadStackSize=24K
I/art     ( 4041): option[9]=-XX:HeapGrowthLimit=128m
I/art     ( 4041): option[10]=-XX:HeapMinFree=2m
I/art     ( 4041): option[11]=-XX:HeapMaxFree=8m
I/art     ( 4041): option[12]=-XX:HeapTargetUtilization=0.75
I/art     ( 4041): option[13]=-agentlib:jdwp=transport=dt_android_adb,suspend=n,server=y
I/art     ( 4041): option[14]=-Xlockprofthreshold:500
I/art     ( 4041): option[15]=-Ximage-compiler-option
I/art     ( 4041): option[16]=--runtime-arg
I/art     ( 4041): option[17]=-Ximage-compiler-option
I/art     ( 4041): option[18]=-Xms64m
I/art     ( 4041): option[19]=-Ximage-compiler-option
I/art     ( 4041): option[20]=--runtime-arg
I/art     ( 4041): option[21]=-Ximage-compiler-option
I/art     ( 4041): option[22]=-Xmx64m
I/art     ( 4041): option[23]=-Ximage-compiler-option
I/art     ( 4041): option[24]=--image-classes-zip=/system/framework/framework.jar
I/art     ( 4041): option[25]=-Ximage-compiler-option
I/art     ( 4041): option[26]=--image-classes=preloaded-classes
I/art     ( 4041): option[27]=-Xcompiler-option
I/art     ( 4041): option[28]=--runtime-arg
I/art     ( 4041): option[29]=-Xcompiler-option
I/art     ( 4041): option[30]=-Xms64m
I/art     ( 4041): option[31]=-Xcompiler-option
I/art     ( 4041): option[32]=--runtime-arg
I/art     ( 4041): option[33]=-Xcompiler-option
I/art     ( 4041): option[34]=-Xmx512m
I/art     ( 4041): option[35]=-Duser.language=es
I/art     ( 4041): option[36]=-Duser.region=US
I/art     ( 4041): Pruning dalvik-cache since we are generating an image and will need to recompile
W/art     ( 4041): Unexpected file type of 
W/art     ( 4041):  encountered.
