I/art     ( 5214): option[33]=-Xcompiler-option
I/art     ( 5214): option[34]=-Xmx512m
I/art     ( 5214): option[35]=-Duser.language=es
I/art     ( 5214): option[36]=-Duser.region=US
I/art     ( 5214): Pruning dalvik-cache since we are generating an image and will need to recompile
W/art     ( 5214): Unexpected file type of 
W/art     ( 5214):  encountered.
I/art     ( 5214): Using an offset of 0x213000 from default art base address of 0x70000000
I/art     ( 5214): GenerateImage: /system/bin/dex2oat --image=/data/dalvik-cache/arm/system@framework@boot.art --dex-file=/system/framework/core-libart.jar --dex-file=/system/framework/conscrypt.jar --dex-file=/system/framework/okhttp.jar --dex-file=/system/framework/core-junit.jar --dex-file=/system/framework/bouncycastle.jar --dex-file=/system/framework/ext.jar --dex-file=/system/framework/framework.jar --dex-file=/system/framework/telephony-common.jar --dex-file=/system/framework/voip-common.jar --dex-file=/system/framework/ims-common.jar --dex-file=/system/framework/mms-common.jar --dex-file=/system/framework/android.policy.jar --dex-file=/system/framework/apache-xml.jar --oat-file=/data/dalvik-cache/arm/system@framework@boot.oat --instruction-set=arm --instruction-set-features=div --base=0x70213000 --runtime-arg -Xms64m --runtime-arg -Xmx64m --image-classes-zip=/system/framework/framework.jar --image-classes=preloaded-classes
I/mediaserver( 5212): ServiceManager: 0xb60500c0
I/AudioFlinger( 5212): Using default 3000 mSec as standby time.
I/ServiceManager( 5212): Waiting for service batterystats...
I/gralloc ( 5211): using (fd=12)
I/gralloc ( 5211): id           = 
I/gralloc ( 5211): xres         = 1080 px
I/gralloc ( 5211): yres         = 1920 px
I/gralloc ( 5211): xres_virtual = 1080 px
I/gralloc ( 5211): yres_virtual = 3840 px
I/gralloc ( 5211): bpp          = 32
I/gralloc ( 5211): r            = 16:8
I/gralloc ( 5211): g            =  8:8
I/gralloc ( 5211): b            =  0:8
I/gralloc ( 5211): width        = 65 mm (422.030762 dpi)
I/gralloc ( 5211): height       = 115 mm (424.069580 dpi)
I/gralloc ( 5211): refresh rate = 60.00 Hz
W/art     ( 5214): Unexpected file type of 
W/art     ( 5214):  encountered.
W/art     ( 5214): Could not create image space with image file '/system/framework/boot.art'. Attempting to fall back to imageless running. Error was: Failed to generate image '/data/dalvik-cache/arm/system@framework@boot.art': Failed execv(/system/bin/dex2oat --image=/data/dalvik-cache/arm/system@framework@boot.art --dex-file=/system/framework/core-libart.jar --dex-file=/system/framework/conscrypt.jar --dex-file=/system/framework/okhttp.jar --dex-file=/system/framework/core-junit.jar --dex-file=/system/framework/bouncycastle.jar --dex-file=/system/framework/ext.jar --dex-file=/system/framework/framework.jar --dex-file=/system/framework/telephony-common.jar --dex-file=/system/framework/voip-common.jar --dex-file=/system/framework/ims-common.jar --dex-file=/system/framework/mms-common.jar --dex-file=/system/framework/android.policy.jar --dex-file=/system/framework/apache-xml.jar --oat-file=/data/dalvik-cache/arm/system@framework@boot.oat --instruction-set=arm --instruction-set-features=div --base=0x70213000 --runtime-arg -Xms64
D/hwcomposer( 5211): using
D/hwcomposer( 5211): xres         = 1080 px
D/hwcomposer( 5211): yres         = 1920 px
D/hwcomposer( 5211): width        = 65 mm (422.030000 dpi)
D/hwcomposer( 5211): height       = 115 mm (424.069000 dpi)
D/hwcomposer( 5211): refresh rate = 60 Hz
D/libexynosv4l2-subdev( 5211): try node: /dev/v4l-subdev0
D/libexynosv4l2-subdev( 5211): try node: /dev/v4l-subdev1
D/libexynosv4l2-subdev( 5211): try node: /dev/v4l-subdev2
I/libexynosv4l2-subdev( 5211): node found for device s5p-mixer0: /dev/v4l-subdev2
I/libexynosv4l2-subdev( 5211): open subdev device /dev/v4l-subdev2
I/hwcomposer( 5211): PSR info devname = /sys/devices/14400000.fimd_fb/psr_info
I/hwcomposer( 5211): PSR mode is 2(0: video mode, 1: DP PSR mode, 2: MIPI-DSI command mode)
I/SurfaceFlinger( 5211): Using composer version 1.3
I/SurfaceFlinger( 5211): EGL information:
I/SurfaceFlinger( 5211): vendor    : Android
I/SurfaceFlinger( 5211): version   : 1.4 Android META-EGL
I/SurfaceFlinger( 5211): extensions: EGL_KHR_get_all_proc_addresses EGL_ANDROID_presentation_time EGL_KHR_image EGL_KHR_image_base EGL_KHR_gl_texture_2D_image EGL_KHR_gl_texture_cubemap_image EGL_KHR_gl_renderbuffer_image EGL_KHR_fence_sync EGL_KHR_create_context EGL_ANDROID_image_native_buffer EGL_KHR_wait_sync EGL_ANDROID_recordable 
I/SurfaceFlinger( 5211): Client API: OpenGL_ES
I/SurfaceFlinger( 5211): EGLSurface: 8-8-8-8, config=0xb6acf2ac
I/SurfaceFlinger( 5211): OpenGL ES informations:
I/SurfaceFlinger( 5211): vendor    : ARM
I/SurfaceFlinger( 5211): renderer  : Mali-T628
I/SurfaceFlinger( 5211): version   : OpenGL ES 3.0
I/SurfaceFlinger( 5211): extensions: GL_EXT_debug_marker GL_ARM_rgba8 GL_ARM_mali_shader_binary GL_OES_depth24 GL_OES_depth_texture GL_OES_depth_texture_cube_map GL_OES_packed_depth_stencil GL_OES_rgb8_rgba8 GL_EXT_read_format_bgra GL_OES_compressed_paletted_texture GL_OES_compressed_ETC1_RGB8_texture GL_OES_standard_derivatives GL_OES_EGL_image GL_OES_EGL_image_external GL_OES_EGL_sync GL_OES_texture_npot GL_OES_vertex_half_float GL_OES_required_internalformat GL_OES_vertex_array_object GL_OES_mapbuffer GL_EXT_texture_format_BGRA8888 GL_EXT_texture_rg GL_EXT_texture_type_2_10_10_10_REV GL_OES_fbo_render_mipmap GL_OES_element_index_uint GL_EXT_shadow_samplers GL_OES_texture_compression_astc GL_KHR_texture_compression_astc_ldr GL_KHR_texture_compression_astc_hdr GL_KHR_debug GL_EXT_occlusion_query_boolean GL_EXT_blend_minmax GL_EXT_discard_framebuffer GL_OES_get_program_binary GL_OES_texture_3D GL_EXT_texture_storage GL_EXT_multisampled_render_to_texture GL_OES_surfaceless_context GL_ARM_mali_program_binary 
I/SurfaceFlinger( 5211): GL_MAX_TEXTURE_SIZE = 8192
I/SurfaceFlinger( 5211): GL_MAX_VIEWPORT_DIMS = 8192
E/libEGL  ( 5211): eglQuerySurface:607 error 300d (EGL_BAD_SURFACE)
E/libEGL  ( 5211): eglQuerySurface:607 error 300d (EGL_BAD_SURFACE)
E/libEGL  ( 5211): call to OpenGL ES API with no current context (logged once per thread)
D/SurfaceFlinger( 5211): Set power mode=2, type=0 flinger=0xb6a62000
I/hwcomposer( 5211): int exynos5_blank(hwc_composer_device_1*, int, int):: disp(0), blank(0)
I/hwcomposer( 5211): unblank ioctl failed (display already unblanked)
E/libEGL  ( 5211): eglSwapBuffers:1071 error 300d (EGL_BAD_SURFACE)
F/SurfaceFlinger( 5211): eglSwapBuffers(0x1, 0x0) failed with 0x0000300d
F/libc    ( 5211): Fatal signal 6 (SIGABRT), code -6 in tid 5211 (surfaceflinger)
I/DEBUG   ( 3583): property debug.db.uid not set; NOT waiting for gdb.
I/DEBUG   ( 3583): HINT: adb shell setprop debug.db.uid 100000
I/DEBUG   ( 3583): HINT: adb forward tcp:5039 tcp:5039
I/DEBUG   ( 3583): *** *** *** *** *** *** *** *** *** *** *** *** *** *** *** ***
I/DEBUG   ( 3583): Build fingerprint: 'samsung/cm_k3gxx/k3gxx:5.0.2/LRX22G/ca2fb2b51d:userdebug/test-keys'
I/DEBUG   ( 3583): Revision: '10'
I/DEBUG   ( 3583): ABI: 'arm'
I/DEBUG   ( 3583): pid: 5211, tid: 5211, name: surfaceflinger  >>> /system/bin/surfaceflinger <<<
I/DEBUG   ( 3583): signal 6 (SIGABRT), code -6 (SI_TKILL), fault addr --------
I/DEBUG   ( 3583): Abort message: 'eglSwapBuffers(0x1, 0x0) failed with 0x0000300d'
I/DEBUG   ( 3583):     r0 00000000  r1 0000145b  r2 00000006  r3 00000000
I/DEBUG   ( 3583):     r4 b6fa5114  r5 00000006  r6 0000000b  r7 0000010c
I/DEBUG   ( 3583):     r8 00000000  r9 beb01bd0  sl b6a54210  fp beb01bd0
I/DEBUG   ( 3583):     ip 0000145b  sp beb01650  lr b6f2f7b9  pc b6f534e4  cpsr 600f0010
I/DEBUG   ( 3583): 
I/DEBUG   ( 3583): backtrace:
I/DEBUG   ( 3583):     #00 pc 000384e4  /system/lib/libc.so (tgkill+12)
I/DEBUG   ( 3583):     #01 pc 000147b5  /system/lib/libc.so (pthread_kill+52)
I/DEBUG   ( 3583):     #02 pc 0001550b  /system/lib/libc.so (raise+10)
I/DEBUG   ( 3583):     #03 pc 00011c35  /system/lib/libc.so (__libc_android_abort+36)
I/DEBUG   ( 3583):     #04 pc 0000fcb8  /system/lib/libc.so (abort+4)
I/DEBUG   ( 3583):     #05 pc 00007739  /system/lib/libcutils.so (__android_log_assert+88)
I/DEBUG   ( 3583):     #06 pc 0000f4df  /system/lib/libsurfaceflinger.so
I/DEBUG   ( 3583):     #07 pc 0001b9fd  /system/lib/libsurfaceflinger.so
I/DEBUG   ( 3583):     #08 pc 0001abe7  /system/lib/libsurfaceflinger.so
I/DEBUG   ( 3583):     #09 pc 00019fc3  /system/lib/libsurfaceflinger.so
I/DEBUG   ( 3583):     #10 pc 00019d49  /system/lib/libsurfaceflinger.so
I/DEBUG   ( 3583):     #11 pc 00010ed3  /system/lib/libutils.so (android::Looper::pollInner(int)+410)
I/DEBUG   ( 3583):     #12 pc 00010fc5  /system/lib/libutils.so (android::Looper::pollOnce(int, int*, int*, void**)+92)
I/DEBUG   ( 3583):     #13 pc 000174c5  /system/lib/libsurfaceflinger.so
I/DEBUG   ( 3583):     #14 pc 0001993d  /system/lib/libsurfaceflinger.so (android::SurfaceFlinger::run()+8)
I/DEBUG   ( 3583):     #15 pc 0000083d  /system/bin/surfaceflinger
I/DEBUG   ( 3583):     #16 pc 0000fb75  /system/lib/libc.so (__libc_init+44)
I/DEBUG   ( 3583):     #17 pc 000008d8  /system/bin/surfaceflinger
W/auditd  ( 3603): type=1325 audit(0.0:1376): table=raw family=2 entries=8
W/iptables( 5348): type=1300 audit(0.0:1376): arch=40000028 syscall=294 per=800000 success=yes exit=0 a0=4 a1=0 a2=40 a3=b6c1ba00 items=0 ppid=5209 auid=4294967295 uid=0 gid=0 euid=0 suid=0 fsuid=0 egid=0 sgid=0 fsgid=0 ses=4294967295 tty=(none) exe="/system/bin/iptables" subj=u:r:netd:s0 key=(null)
W/auditd  ( 3603): type=1320 audit(0.0:1376): 
W/auditd  ( 3603): type=1325 audit(0.0:1377): table=raw family=10 entries=8
W/ip6tables( 5349): type=1300 audit(0.0:1377): arch=40000028 syscall=294 per=800000 success=yes exit=0 a0=4 a1=29 a2=40 a3=b6c32800 items=0 ppid=5209 auid=4294967295 uid=0 gid=0 euid=0 suid=0 fsuid=0 egid=0 sgid=0 fsgid=0 ses=4294967295 tty=(none) exe="/system/bin/ip6tables" subj=u:r:netd:s0 key=(null)
W/auditd  ( 3603): type=1320 audit(0.0:1377): 
W/auditd  ( 3603): type=1325 audit(0.0:1378): table=raw family=2 entries=8
W/iptables( 5350): type=1300 audit(0.0:1378): arch=40000028 syscall=294 per=800000 success=yes exit=0 a0=4 a1=0 a2=40 a3=b6c30100 items=0 ppid=5209 auid=4294967295 uid=0 gid=0 euid=0 suid=0 fsuid=0 egid=0 sgid=0 fsgid=0 ses=4294967295 tty=(none) exe="/system/bin/iptables" subj=u:r:netd:s0 key=(null)
W/auditd  ( 3603): type=1320 audit(0.0:1378): 
W/auditd  ( 3603): type=1325 audit(0.0:1379): table=raw family=10 entries=8
W/ip6tables( 5351): type=1300 audit(0.0:1379): arch=40000028 syscall=294 per=800000 success=yes exit=0 a0=4 a1=29 a2=40 a3=b6c32400 items=0 ppid=5209 auid=4294967295 uid=0 gid=0 euid=0 suid=0 fsuid=0 egid=0 sgid=0 fsgid=0 ses=4294967295 tty=(none) exe="/system/bin/ip6tables" subj=u:r:netd:s0 key=(null)
W/auditd  ( 3603): type=1320 audit(0.0:1379): 
W/auditd  ( 3603): type=1325 audit(0.0:1380): table=raw family=2 entries=6
W/iptables( 5352): type=1300 audit(0.0:1380): arch=40000028 syscall=294 per=800000 success=yes exit=0 a0=4 a1=0 a2=40 a3=b6c20400 items=0 ppid=5209 auid=4294967295 uid=0 gid=0 euid=0 suid=0 fsuid=0 egid=0 sgid=0 fsgid=0 ses=4294967295 tty=(none) exe="/system/bin/iptables" subj=u:r:netd:s0 key=(null)
W/auditd  ( 3603): type=1320 audit(0.0:1380): 
W/auditd  ( 3603): type=1325 audit(0.0:1381): table=raw family=10 entries=6
W/ip6tables( 5353): type=1300 audit(0.0:1381): arch=40000028 syscall=294 per=800000 success=yes exit=0 a0=4 a1=29 a2=40 a3=b6c31800 items=0 ppid=5209 auid=4294967295 uid=0 gid=0 euid=0 suid=0 fsuid=0 egid=0 sgid=0 fsgid=0 ses=4294967295 tty=(none) exe="/system/bin/ip6tables" subj=u:r:netd:s0 key=(null)
W/auditd  ( 3603): type=1320 audit(0.0:1381): 
W/auditd  ( 3603): type=1325 audit(0.0:1382): table=raw family=2 entries=8
W/iptables( 5354): type=1300 audit(0.0:1382): arch=40000028 syscall=294 per=800000 success=yes exit=0 a0=4 a1=0 a2=40 a3=b6c1ba00 items=0 ppid=5209 auid=4294967295 uid=0 gid=0 euid=0 suid=0 fsuid=0 egid=0 sgid=0 fsgid=0 ses=4294967295 tty=(none) exe="/system/bin/iptables" subj=u:r:netd:s0 key=(null)
I/ServiceManager( 5212): Waiting for service batterystats...
I/DEBUG   ( 3583): 
I/DEBUG   ( 3583): Tombstone written to: /data/tombstones/tombstone_09
I/ServiceManager( 3574): service 'SurfaceFlinger' died
I/ServiceManager( 3574): service 'Exynos.HWCService' died
I/ServiceManager( 3574): service 'media.wifi_display' died
W/SurfaceComposerClient( 5273): ComposerService remote (surfaceflinger) died [0xb63591c0]
D/BootAnimation( 5273): SurfaceFlinger died, exiting...
V/NatController( 5209): runCmd(/system/bin/iptables -F natctrl_FORWARD) res=0
V/NatController( 5209): runCmd(/system/bin/iptables -A natctrl_FORWARD -j DROP) res=0
V/NatController( 5209): runCmd(/system/bin/iptables -t nat -F natctrl_nat_POSTROUTING) res=0
V/NatController( 5209): runCmd(/system/bin/iptables -F natctrl_tether_counters) res=0
V/NatController( 5209): runCmd(/system/bin/iptables -X natctrl_tether_counters) res=0
I/ServiceManager( 3574): service 'media.audio_flinger' died
W/init    ( 5412): type=1400 audit(0.0:1435): avc: denied { entrypoint } for path="/system/bin/auditd" dev="mmcblk0p18" ino=173 scontext=u:r:logd:s0 tcontext=u:object_r:system_file:s0 tclass=file
W/init    ( 5412): type=1300 audit(0.0:1435): arch=40000028 syscall=11 per=800000 success=no exit=-13 a0=b6d80954 a1=b6d69530 a2=57e64 a3=ff0000 items=1 ppid=1 auid=4294967295 uid=0 gid=0 euid=0 suid=0 fsuid=0 egid=0 sgid=0 fsgid=0 ses=4294967295 tty=(none) exe="/init" subj=u:r:init:s0 key=(null)
W/auditd  ( 3603): type=1307 audit(0.0:1435): cwd="/"
W/auditd  ( 3603): type=1302 audit(0.0:1435): item=0 name="/system/bin/auditd" inode=173 dev=103:0a mode=0100755 ouid=0 ogid=2000 rdev=00:00 obj=u:object_r:system_file:s0
W/auditd  ( 3603): type=1320 audit(0.0:1435): 
I/Netd    ( 5413): Netd 1.0 starting
E/Netd    ( 5413): Failed to open /proc/sys/net/ipv6/conf/default/accept_ra_rt_table: No such file or directory
E/Netd    ( 5413): Failed to open /proc/sys/net/ipv6/conf/ip6tnl0/accept_ra_rt_table: No such file or directory
E/Netd    ( 5413): Failed to open /proc/sys/net/ipv6/conf/lo/accept_ra_rt_table: No such file or directory
E/Netd    ( 5413): Failed to open /proc/sys/net/ipv6/conf/rmnet0/accept_ra_rt_table: No such file or directory
E/Netd    ( 5413): Failed to open /proc/sys/net/ipv6/conf/rmnet1/accept_ra_rt_table: No such file or directory
E/Netd    ( 5413): Failed to open /proc/sys/net/ipv6/conf/rmnet2/accept_ra_rt_table: No such file or directory
E/Netd    ( 5413): Failed to open /proc/sys/net/ipv6/conf/rmnet3/accept_ra_rt_table: No such file or directory
E/Netd    ( 5413): Failed to open /proc/sys/net/ipv6/conf/sit0/accept_ra_rt_table: No such file or directory
W/auditd  ( 3603): type=1325 audit(0.0:1436): table=filter family=2 entries=38
W/iptables( 5419): type=1300 audit(0.0:1436): arch=40000028 syscall=294 per=800000 success=yes exit=0 a0=4 a1=0 a2=40 a3=b6c25000 items=0 ppid=5413 auid=4294967295 uid=0 gid=0 euid=0 suid=0 fsuid=0 egid=0 sgid=0 fsgid=0 ses=4294967295 tty=(none) exe="/system/bin/iptables" subj=u:r:netd:s0 key=(null)
W/auditd  ( 3603): type=1320 audit(0.0:1436): 
W/auditd  ( 3603): type=1325 audit(0.0:1437): table=filter family=10 entries=37
W/ip6tables( 5420): type=1300 audit(0.0:1437): arch=40000028 syscall=294 per=800000 success=yes exit=0 a0=4 a1=29 a2=40 a3=b6c28000 items=0 ppid=5413 auid=4294967295 uid=0 gid=0 euid=0 suid=0 fsuid=0 egid=0 sgid=0 fsgid=0 ses=4294967295 tty=(none) exe="/system/bin/ip6tables" subj=u:r:netd:s0 key=(null)
W/auditd  ( 3603): type=1320 audit(0.0:1437): 
W/auditd  ( 3603): type=1325 audit(0.0:1438): table=filter family=2 entries=37
I/SurfaceFlinger( 5415): SurfaceFlinger is starting
I/SurfaceFlinger( 5415): SurfaceFlinger's main thread ready to run. Initializing graphics H/W...
W/iptables( 5421): type=1300 audit(0.0:1438): arch=40000028 syscall=294 per=800000 success=yes exit=0 a0=4 a1=0 a2=40 a3=b6c22000 items=0 ppid=5413 auid=4294967295 uid=0 gid=0 euid=0 suid=0 fsuid=0 egid=0 sgid=0 fsgid=0 ses=4294967295 tty=(none) exe="/system/bin/iptables" subj=u:r:netd:s0 key=(null)
W/auditd  ( 3603): type=1320 audit(0.0:1438): 
W/auditd  ( 3603): type=1325 audit(0.0:1439): table=filter family=10 entries=36
W/ip6tables( 5425): type=1300 audit(0.0:1439): arch=40000028 syscall=294 per=800000 success=yes exit=0 a0=4 a1=29 a2=40 a3=b6c23000 items=0 ppid=5413 auid=4294967295 uid=0 gid=0 euid=0 suid=0 fsuid=0 egid=0 sgid=0 fsgid=0 ses=4294967295 tty=(none) exe="/system/bin/ip6tables" subj=u:r:netd:s0 key=(null)
W/auditd  ( 3603): type=1320 audit(0.0:1439): 
W/auditd  ( 3603): type=1325 audit(0.0:1440): table=filter family=2 entries=37
W/iptables( 5427): type=1300 audit(0.0:1440): arch=40000028 syscall=294 per=800000 success=yes exit=0 a0=4 a1=0 a2=40 a3=b6c22000 items=0 ppid=5413 auid=4294967295 uid=0 gid=0 euid=0 suid=0 fsuid=0 egid=0 sgid=0 fsgid=0 ses=4294967295 tty=(none) exe="/system/bin/iptables" subj=u:r:netd:s0 key=(null)
W/auditd  ( 3603): type=1320 audit(0.0:1440): 
D/libEGL  ( 5415): loaded /vendor/lib/egl/libGLES_mali.so
I/        ( 5415): PLATFORM VERSION : JB-MR-2
I/mediaserver( 5416): ServiceManager: 0xb60500c0
I/AudioFlinger( 5416): Using default 3000 mSec as standby time.
I/ServiceManager( 5416): Waiting for service batterystats...
D/AndroidRuntime( 5418): 
D/AndroidRuntime( 5418): >>>>>> AndroidRuntime START com.android.internal.os.ZygoteInit <<<<<<
D/AndroidRuntime( 5418): CheckJNI is OFF
I/art     ( 5418): option[0]=-Xzygote
I/art     ( 5418): option[1]=-Xstacktracefile:/data/anr/traces.txt
I/art     ( 5418): option[2]=exit
I/art     ( 5418): option[3]=vfprintf
I/art     ( 5418): option[4]=sensitiveThread
I/art     ( 5418): option[5]=-verbose:gc
I/art     ( 5418): option[6]=-Xms8m
I/art     ( 5418): option[7]=-Xmx512m
I/art     ( 5418): option[8]=-XX:mainThreadStackSize=24K
I/art     ( 5418): option[9]=-XX:HeapGrowthLimit=128m
I/art     ( 5418): option[10]=-XX:HeapMinFree=2m
I/art     ( 5418): option[11]=-XX:HeapMaxFree=8m
I/art     ( 5418): option[12]=-XX:HeapTargetUtilization=0.75
I/art     ( 5418): option[13]=-agentlib:jdwp=transport=dt_android_adb,suspend=n,server=y
I/art     ( 5418): option[14]=-Xlockprofthreshold:500
I/art     ( 5418): option[15]=-Ximage-compiler-option
I/art     ( 5418): option[16]=--runtime-arg
I/art     ( 5418): option[17]=-Ximage-compiler-option
I/art     ( 5418): option[18]=-Xms64m
I/art     ( 5418): option[19]=-Ximage-compiler-option
I/art     ( 5418): option[20]=--runtime-arg
I/art     ( 5418): option[21]=-Ximage-compiler-option
I/art     ( 5418): option[22]=-Xmx64m
I/art     ( 5418): option[23]=-Ximage-compiler-option
I/art     ( 5418): option[24]=--image-classes-zip=/system/framework/framework.jar
I/art     ( 5418): option[25]=-Ximage-compiler-option
I/art     ( 5418): option[26]=--image-classes=preloaded-classes
I/art     ( 5418): option[27]=-Xcompiler-option
I/art     ( 5418): option[28]=--runtime-arg
I/art     ( 5418): option[29]=-Xcompiler-option
I/art     ( 5418): option[30]=-Xms64m
I/art     ( 5418): option[31]=-Xcompiler-option
I/art     ( 5418): option[32]=--runtime-arg
I/art     ( 5418): option[33]=-Xcompiler-option
I/art     ( 5418): option[34]=-Xmx512m
I/art     ( 5418): option[35]=-Duser.language=es
I/art     ( 5418): option[36]=-Duser.region=US
I/art     ( 5418): Pruning dalvik-cache since we are generating an image and will need to recompile
W/art     ( 5418): Unexpected file type of 
W/art     ( 5418):  encountered.
I/art     ( 5418): Using an offset of 0xffce3000 from default art base address of 0x70000000
I/art     ( 5418): GenerateImage: /system/bin/dex2oat --image=/data/dalvik-cache/arm/system@framework@boot.art --dex-file=/system/framework/core-libart.jar --dex-file=/system/framework/conscrypt.jar --dex-file=/system/framework/okhttp.jar --dex-file=/system/framework/core-junit.jar --dex-file=/system/framework/bouncycastle.jar --dex-file=/system/framework/ext.jar --dex-file=/system/framework/framework.jar --dex-file=/system/framework/telephony-common.jar --dex-file=/system/framework/voip-common.jar --dex-file=/system/framework/ims-common.jar --dex-file=/system/framework/mms-common.jar --dex-file=/system/framework/android.policy.jar --dex-file=/system/framework/apache-xml.jar --oat-file=/data/dalvik-cache/arm/system@framework@boot.oat --instruction-set=arm --instruction-set-features=div --base=0x6fce3000 --runtime-arg -Xms64m --runtime-arg -Xmx64m --image-classes-zip=/system/framework/framework.jar --image-classes=preloaded-classes
I/gralloc ( 5415): using (fd=12)
I/gralloc ( 5415): id           = 
I/gralloc ( 5415): xres         = 1080 px
I/gralloc ( 5415): yres         = 1920 px
I/gralloc ( 5415): xres_virtual = 1080 px
I/gralloc ( 5415): yres_virtual = 3840 px
I/gralloc ( 5415): bpp          = 32
I/gralloc ( 5415): r            = 16:8
I/gralloc ( 5415): g            =  8:8
I/gralloc ( 5415): b            =  0:8
I/gralloc ( 5415): width        = 65 mm (422.030762 dpi)
I/gralloc ( 5415): height       = 115 mm (424.069580 dpi)
I/gralloc ( 5415): refresh rate = 60.00 Hz
W/art     ( 5418): Unexpected file type of 
W/art     ( 5418):  encountered.
W/art     ( 5418): Could not create image space with image file '/system/framework/boot.art'. Attempting to fall back to imageless running. Error was: Failed to generate image '/data/dalvik-cache/arm/system@framework@boot.art': Failed execv(/system/bin/dex2oat --image=/data/dalvik-cache/arm/system@framework@boot.art --dex-file=/system/framework/core-libart.jar --dex-file=/system/framework/conscrypt.jar --dex-file=/system/framework/okhttp.jar --dex-file=/system/framework/core-junit.jar --dex-file=/system/framework/bouncycastle.jar --dex-file=/system/framework/ext.jar --dex-file=/system/framework/framework.jar --dex-file=/system/framework/telephony-common.jar --dex-file=/system/framework/voip-common.jar --dex-file=/system/framework/ims-common.jar --dex-file=/system/framework/mms-common.jar --dex-file=/system/framework/android.policy.jar --dex-file=/system/framework/apache-xml.jar --oat-file=/data/dalvik-cache/arm/system@framework@boot.oat --instruction-set=arm --instruction-set-features=div --base=0x6fce3000 --runtime-arg -Xms64
D/hwcomposer( 5415): using
D/hwcomposer( 5415): xres         = 1080 px
D/hwcomposer( 5415): yres         = 1920 px
D/hwcomposer( 5415): width        = 65 mm (422.030000 dpi)
D/hwcomposer( 5415): height       = 115 mm (424.069000 dpi)
D/hwcomposer( 5415): refresh rate = 60 Hz
D/libexynosv4l2-subdev( 5415): try node: /dev/v4l-subdev0
D/libexynosv4l2-subdev( 5415): try node: /dev/v4l-subdev1
D/libexynosv4l2-subdev( 5415): try node: /dev/v4l-subdev2
I/libexynosv4l2-subdev( 5415): node found for device s5p-mixer0: /dev/v4l-subdev2
I/libexynosv4l2-subdev( 5415): open subdev device /dev/v4l-subdev2
I/hwcomposer( 5415): PSR info devname = /sys/devices/14400000.fimd_fb/psr_info
I/hwcomposer( 5415): PSR mode is 2(0: video mode, 1: DP PSR mode, 2: MIPI-DSI command mode)
I/SurfaceFlinger( 5415): Using composer version 1.3
I/SurfaceFlinger( 5415): EGL information:
I/SurfaceFlinger( 5415): vendor    : Android
I/SurfaceFlinger( 5415): version   : 1.4 Android META-EGL
I/SurfaceFlinger( 5415): extensions: EGL_KHR_get_all_proc_addresses EGL_ANDROID_presentation_time EGL_KHR_image EGL_KHR_image_base EGL_KHR_gl_texture_2D_image EGL_KHR_gl_texture_cubemap_image EGL_KHR_gl_renderbuffer_image EGL_KHR_fence_sync EGL_KHR_create_context EGL_ANDROID_image_native_buffer EGL_KHR_wait_sync EGL_ANDROID_recordable 
I/SurfaceFlinger( 5415): Client API: OpenGL_ES
I/SurfaceFlinger( 5415): EGLSurface: 8-8-8-8, config=0xb69cf2ac
I/SurfaceFlinger( 5415): OpenGL ES informations:
I/SurfaceFlinger( 5415): vendor    : ARM
I/SurfaceFlinger( 5415): renderer  : Mali-T628
I/SurfaceFlinger( 5415): version   : OpenGL ES 3.0
I/SurfaceFlinger( 5415): extensions: GL_EXT_debug_marker GL_ARM_rgba8 GL_ARM_mali_shader_binary GL_OES_depth24 GL_OES_depth_texture GL_OES_depth_texture_cube_map GL_OES_packed_depth_stencil GL_OES_rgb8_rgba8 GL_EXT_read_format_bgra GL_OES_compressed_paletted_texture GL_OES_compressed_ETC1_RGB8_texture GL_OES_standard_derivatives GL_OES_EGL_image GL_OES_EGL_image_external GL_OES_EGL_sync GL_OES_texture_npot GL_OES_vertex_half_float GL_OES_required_internalformat GL_OES_vertex_array_object GL_OES_mapbuffer GL_EXT_texture_format_BGRA8888 GL_EXT_texture_rg GL_EXT_texture_type_2_10_10_10_REV GL_OES_fbo_render_mipmap GL_OES_element_index_uint GL_EXT_shadow_samplers GL_OES_texture_compression_astc GL_KHR_texture_compression_astc_ldr GL_KHR_texture_compression_astc_hdr GL_KHR_debug GL_EXT_occlusion_query_boolean GL_EXT_blend_minmax GL_EXT_discard_framebuffer GL_OES_get_program_binary GL_OES_texture_3D GL_EXT_texture_storage GL_EXT_multisampled_render_to_texture GL_OES_surfaceless_context GL_ARM_mali_program_binary 
I/SurfaceFlinger( 5415): GL_MAX_TEXTURE_SIZE = 8192
I/SurfaceFlinger( 5415): GL_MAX_VIEWPORT_DIMS = 8192
E/libEGL  ( 5415): eglQuerySurface:607 error 300d (EGL_BAD_SURFACE)
E/libEGL  ( 5415): eglQuerySurface:607 error 300d (EGL_BAD_SURFACE)
E/libEGL  ( 5415): call to OpenGL ES API with no current context (logged once per thread)
D/SurfaceFlinger( 5415): Set power mode=2, type=0 flinger=0xb6962000
I/hwcomposer( 5415): int exynos5_blank(hwc_composer_device_1*, int, int):: disp(0), blank(0)
I/hwcomposer( 5415): unblank ioctl failed (display already unblanked)
E/libEGL  ( 5415): eglSwapBuffers:1071 error 300d (EGL_BAD_SURFACE)
F/SurfaceFlinger( 5415): eglSwapBuffers(0x1, 0x0) failed with 0x0000300d
F/libc    ( 5415): Fatal signal 6 (SIGABRT), code -6 in tid 5415 (surfaceflinger)
I/DEBUG   ( 3583): property debug.db.uid not set; NOT waiting for gdb.
I/DEBUG   ( 3583): HINT: adb shell setprop debug.db.uid 100000
I/DEBUG   ( 3583): HINT: adb forward tcp:5039 tcp:5039
I/DEBUG   ( 3583): *** *** *** *** *** *** *** *** *** *** *** *** *** *** *** ***
I/DEBUG   ( 3583): Build fingerprint: 'samsung/cm_k3gxx/k3gxx:5.0.2/LRX22G/ca2fb2b51d:userdebug/test-keys'
I/DEBUG   ( 3583): Revision: '10'
I/DEBUG   ( 3583): ABI: 'arm'
I/DEBUG   ( 3583): pid: 5415, tid: 5415, name: surfaceflinger  >>> /system/bin/surfaceflinger <<<
I/DEBUG   ( 3583): signal 6 (SIGABRT), code -6 (SI_TKILL), fault addr --------
I/DEBUG   ( 3583): Abort message: 'eglSwapBuffers(0x1, 0x0) failed with 0x0000300d'
I/DEBUG   ( 3583):     r0 00000000  r1 00001527  r2 00000006  r3 00000000
I/DEBUG   ( 3583):     r4 b6f43114  r5 00000006  r6 0000000b  r7 0000010c
I/DEBUG   ( 3583):     r8 00000000  r9 be9a8bd0  sl b6954210  fp be9a8bd0
I/DEBUG   ( 3583):     ip 00001527  sp be9a8650  lr b6ecd7b9  pc b6ef14e4  cpsr 600f0010
I/DEBUG   ( 3583): 
I/DEBUG   ( 3583): backtrace:
I/DEBUG   ( 3583):     #00 pc 000384e4  /system/lib/libc.so (tgkill+12)
I/DEBUG   ( 3583):     #01 pc 000147b5  /system/lib/libc.so (pthread_kill+52)
I/DEBUG   ( 3583):     #02 pc 0001550b  /system/lib/libc.so (raise+10)
I/DEBUG   ( 3583):     #03 pc 00011c35  /system/lib/libc.so (__libc_android_abort+36)
I/DEBUG   ( 3583):     #04 pc 0000fcb8  /system/lib/libc.so (abort+4)
I/DEBUG   ( 3583):     #05 pc 00007739  /system/lib/libcutils.so (__android_log_assert+88)
I/DEBUG   ( 3583):     #06 pc 0000f4df  /system/lib/libsurfaceflinger.so
I/DEBUG   ( 3583):     #07 pc 0001b9fd  /system/lib/libsurfaceflinger.so
I/DEBUG   ( 3583):     #08 pc 0001abe7  /system/lib/libsurfaceflinger.so
I/DEBUG   ( 3583):     #09 pc 00019fc3  /system/lib/libsurfaceflinger.so
I/DEBUG   ( 3583):     #10 pc 00019d49  /system/lib/libsurfaceflinger.so
I/DEBUG   ( 3583):     #11 pc 00010ed3  /system/lib/libutils.so (android::Looper::pollInner(int)+410)
I/DEBUG   ( 3583):     #12 pc 00010fc5  /system/lib/libutils.so (android::Looper::pollOnce(int, int*, int*, void**)+92)
I/DEBUG   ( 3583):     #13 pc 000174c5  /system/lib/libsurfaceflinger.so
I/DEBUG   ( 3583):     #14 pc 0001993d  /system/lib/libsurfaceflinger.so (android::SurfaceFlinger::run()+8)
I/DEBUG   ( 3583):     #15 pc 0000083d  /system/bin/surfaceflinger
I/DEBUG   ( 3583):     #16 pc 0000fb75  /system/lib/libc.so (__libc_init+44)
I/DEBUG   ( 3583):     #17 pc 000008d8  /system/bin/surfaceflinger
W/auditd  ( 3603): type=1325 audit(0.0:1557): table=raw family=2 entries=8
W/iptables( 5558): type=1300 audit(0.0:1557): arch=40000028 syscall=294 per=800000 success=yes exit=0 a0=4 a1=0 a2=40 a3=b6c1ba00 items=0 ppid=5413 auid=4294967295 uid=0 gid=0 euid=0 suid=0 fsuid=0 egid=0 sgid=0 fsgid=0 ses=4294967295 tty=(none) exe="/system/bin/iptables" subj=u:r:netd:s0 key=(null)
W/auditd  ( 3603): type=1320 audit(0.0:1557): 
W/auditd  ( 3603): type=1325 audit(0.0:1558): table=raw family=10 entries=8
W/ip6tables( 5559): type=1300 audit(0.0:1558): arch=40000028 syscall=294 per=800000 success=yes exit=0 a0=4 a1=29 a2=40 a3=b6c37800 items=0 ppid=5413 auid=4294967295 uid=0 gid=0 euid=0 suid=0 fsuid=0 egid=0 sgid=0 fsgid=0 ses=4294967295 tty=(none) exe="/system/bin/ip6tables" subj=u:r:netd:s0 key=(null)
W/auditd  ( 3603): type=1320 audit(0.0:1558): 
W/auditd  ( 3603): type=1325 audit(0.0:1559): table=raw family=2 entries=9
W/iptables( 5560): type=1300 audit(0.0:1559): arch=40000028 syscall=294 per=800000 success=yes exit=0 a0=4 a1=0 a2=40 a3=b6c1ba00 items=0 ppid=5413 auid=4294967295 uid=0 gid=0 euid=0 suid=0 fsuid=0 egid=0 sgid=0 fsgid=0 ses=4294967295 tty=(none) exe="/system/bin/iptables" subj=u:r:netd:s0 key=(null)
W/auditd  ( 3603): type=1320 audit(0.0:1559): 
W/auditd  ( 3603): type=1325 audit(0.0:1560): table=raw family=10 entries=9
W/ip6tables( 5561): type=1300 audit(0.0:1560): arch=40000028 syscall=294 per=800000 success=yes exit=0 a0=4 a1=29 a2=40 a3=b6c1d000 items=0 ppid=5413 auid=4294967295 uid=0 gid=0 euid=0 suid=0 fsuid=0 egid=0 sgid=0 fsgid=0 ses=4294967295 tty=(none) exe="/system/bin/ip6tables" subj=u:r:netd:s0 key=(null)
W/auditd  ( 3603): type=1320 audit(0.0:1560): 
W/auditd  ( 3603): type=1325 audit(0.0:1561): table=raw family=2 entries=8
W/iptables( 5562): type=1300 audit(0.0:1561): arch=40000028 syscall=294 per=800000 success=yes exit=0 a0=4 a1=0 a2=40 a3=b6c1ba00 items=0 ppid=5413 auid=4294967295 uid=0 gid=0 euid=0 suid=0 fsuid=0 egid=0 sgid=0 fsgid=0 ses=4294967295 tty=(none) exe="/system/bin/iptables" subj=u:r:netd:s0 key=(null)
W/auditd  ( 3603): type=1320 audit(0.0:1561): 
W/auditd  ( 3603): type=1325 audit(0.0:1562): table=raw family=10 entries=8
W/ip6tables( 5563): type=1300 audit(0.0:1562): arch=40000028 syscall=294 per=800000 success=yes exit=0 a0=4 a1=29 a2=40 a3=b6c32800 items=0 ppid=5413 auid=4294967295 uid=0 gid=0 euid=0 suid=0 fsuid=0 egid=0 sgid=0 fsgid=0 ses=4294967295 tty=(none) exe="/system/bin/ip6tables" subj=u:r:netd:s0 key=(null)
W/auditd  ( 3603): type=1320 audit(0.0:1562): 
W/auditd  ( 3603): type=1325 audit(0.0:1563): table=raw family=2 entries=8
W/iptables( 5564): type=1300 audit(0.0:1563): arch=40000028 syscall=294 per=800000 success=yes exit=0 a0=4 a1=0 a2=40 a3=b6c30100 items=0 ppid=5413 auid=4294967295 uid=0 gid=0 euid=0 suid=0 fsuid=0 egid=0 sgid=0 fsgid=0 ses=4294967295 tty=(none) exe="/system/bin/iptables" subj=u:r:netd:s0 key=(null)
I/ServiceManager( 5416): Waiting for service batterystats...
V/NatController( 5413): runCmd(/system/bin/iptables -F natctrl_FORWARD) res=0
V/NatController( 5413): runCmd(/system/bin/iptables -A natctrl_FORWARD -j DROP) res=0
V/NatController( 5413): runCmd(/system/bin/iptables -t nat -F natctrl_nat_POSTROUTING) res=0
V/NatController( 5413): runCmd(/system/bin/iptables -F natctrl_tether_counters) res=1
V/NatController( 5413): runCmd(/system/bin/iptables -X natctrl_tether_counters) res=1
I/DEBUG   ( 3583): 
I/DEBUG   ( 3583): Tombstone written to: /data/tombstones/tombstone_00
V/NatController( 5413): runCmd(/system/bin/iptables -N natctrl_tether_counters) res=0
V/NatController( 5413): runCmd(/system/bin/iptables -t mangle -A natctrl_mangle_FORWARD -p tcp --tcp-flags SYN SYN -j TCPMSS --clamp-mss-to-pmtu) res=0
I/ServiceManager( 3574): service 'SurfaceFlinger' died
I/ServiceManager( 3574): service 'Exynos.HWCService' died
W/SurfaceComposerClient( 5483): ComposerService remote (surfaceflinger) died [0xb63591c0]
I/ServiceManager( 3574): service 'media.wifi_display' died
E/BootAnimation( 5483): linkToComposerDeath failed (Broken pipe) 
I/ServiceManager( 3574): service 'media.audio_flinger' died
W/init    ( 5630): type=1400 audit(0.0:1620): avc: denied { entrypoint } for path="/system/bin/auditd" dev="mmcblk0p18" ino=173 scontext=u:r:logd:s0 tcontext=u:object_r:system_file:s0 tclass=file
W/init    ( 5630): type=1300 audit(0.0:1620): arch=40000028 syscall=11 per=800000 success=no exit=-13 a0=b6d80954 a1=b6d69530 a2=57e64 a3=ff0000 items=1 ppid=1 auid=4294967295 uid=0 gid=0 euid=0 suid=0 fsuid=0 egid=0 sgid=0 fsgid=0 ses=4294967295 tty=(none) exe="/init" subj=u:r:init:s0 key=(null)
W/auditd  ( 3603): type=1307 audit(0.0:1620): cwd="/"
W/auditd  ( 3603): type=1302 audit(0.0:1620): item=0 name="/system/bin/auditd" inode=173 dev=103:0a mode=0100755 ouid=0 ogid=2000 rdev=00:00 obj=u:object_r:system_file:s0
W/auditd  ( 3603): type=1320 audit(0.0:1620): 
I/Netd    ( 5632): Netd 1.0 starting
E/Netd    ( 5632): Failed to open /proc/sys/net/ipv6/conf/default/accept_ra_rt_table: No such file or directory
E/Netd    ( 5632): Failed to open /proc/sys/net/ipv6/conf/ip6tnl0/accept_ra_rt_table: No such file or directory
E/Netd    ( 5632): Failed to open /proc/sys/net/ipv6/conf/lo/accept_ra_rt_table: No such file or directory
E/Netd    ( 5632): Failed to open /proc/sys/net/ipv6/conf/rmnet0/accept_ra_rt_table: No such file or directory
E/Netd    ( 5632): Failed to open /proc/sys/net/ipv6/conf/rmnet1/accept_ra_rt_table: No such file or directory
E/Netd    ( 5632): Failed to open /proc/sys/net/ipv6/conf/rmnet2/accept_ra_rt_table: No such file or directory
E/Netd    ( 5632): Failed to open /proc/sys/net/ipv6/conf/rmnet3/accept_ra_rt_table: No such file or directory
E/Netd    ( 5632): Failed to open /proc/sys/net/ipv6/conf/sit0/accept_ra_rt_table: No such file or directory
W/auditd  ( 3603): type=1325 audit(0.0:1621): table=filter family=2 entries=40
W/iptables( 5638): type=1300 audit(0.0:1621): arch=40000028 syscall=294 per=800000 success=yes exit=0 a0=4 a1=0 a2=40 a3=b6c25000 items=0 ppid=5632 auid=4294967295 uid=0 gid=0 euid=0 suid=0 fsuid=0 egid=0 sgid=0 fsgid=0 ses=4294967295 tty=(none) exe="/system/bin/iptables" subj=u:r:netd:s0 key=(null)
W/auditd  ( 3603): type=1320 audit(0.0:1621): 
I/SurfaceFlinger( 5634): SurfaceFlinger is starting
I/SurfaceFlinger( 5634): SurfaceFlinger's main thread ready to run. Initializing graphics H/W...
W/auditd  ( 3603): type=1325 audit(0.0:1622): table=filter family=10 entries=37
W/ip6tables( 5640): type=1300 audit(0.0:1622): arch=40000028 syscall=294 per=800000 success=yes exit=0 a0=4 a1=29 a2=40 a3=b6c28000 items=0 ppid=5632 auid=4294967295 uid=0 gid=0 euid=0 suid=0 fsuid=0 egid=0 sgid=0 fsgid=0 ses=4294967295 tty=(none) exe="/system/bin/ip6tables" subj=u:r:netd:s0 key=(null)
W/auditd  ( 3603): type=1320 audit(0.0:1622): 
W/auditd  ( 3603): type=1325 audit(0.0:1623): table=filter family=2 entries=39
W/iptables( 5644): type=1300 audit(0.0:1623): arch=40000028 syscall=294 per=800000 success=yes exit=0 a0=4 a1=0 a2=40 a3=b6c22000 items=0 ppid=5632 auid=4294967295 uid=0 gid=0 euid=0 suid=0 fsuid=0 egid=0 sgid=0 fsgid=0 ses=4294967295 tty=(none) exe="/system/bin/iptables" subj=u:r:netd:s0 key=(null)
W/auditd  ( 3603): type=1320 audit(0.0:1623): 
W/auditd  ( 3603): type=1325 audit(0.0:1624): table=filter family=10 entries=36
W/ip6tables( 5645): type=1300 audit(0.0:1624): arch=40000028 syscall=294 per=800000 success=yes exit=0 a0=4 a1=29 a2=40 a3=b6c23000 items=0 ppid=5632 auid=4294967295 uid=0 gid=0 euid=0 suid=0 fsuid=0 egid=0 sgid=0 fsgid=0 ses=4294967295 tty=(none) exe="/system/bin/ip6tables" subj=u:r:netd:s0 key=(null)
W/auditd  ( 3603): type=1320 audit(0.0:1624): 
D/libEGL  ( 5634): loaded /vendor/lib/egl/libGLES_mali.so
W/auditd  ( 3603): type=1325 audit(0.0:1625): table=filter family=2 entries=39
W/iptables( 5646): type=1300 audit(0.0:1625): arch=40000028 syscall=294 per=800000 success=yes exit=0 a0=4 a1=0 a2=40 a3=b6c22000 items=0 ppid=5632 auid=4294967295 uid=0 gid=0 euid=0 suid=0 fsuid=0 egid=0 sgid=0 fsgid=0 ses=4294967295 tty=(none) exe="/system/bin/iptables" subj=u:r:netd:s0 key=(null)
W/auditd  ( 3603): type=1320 audit(0.0:1625): 
I/        ( 5634): PLATFORM VERSION : JB-MR-2
D/AndroidRuntime( 5637): 
D/AndroidRuntime( 5637): >>>>>> AndroidRuntime START com.android.internal.os.ZygoteInit <<<<<<
D/AndroidRuntime( 5637): CheckJNI is OFF
I/art     ( 5637): option[0]=-Xzygote
I/art     ( 5637): option[1]=-Xstacktracefile:/data/anr/traces.txt
I/art     ( 5637): option[2]=exit
I/art     ( 5637): option[3]=vfprintf
I/art     ( 5637): option[4]=sensitiveThread
I/art     ( 5637): option[5]=-verbose:gc
I/art     ( 5637): option[6]=-Xms8m
I/art     ( 5637): option[7]=-Xmx512m
I/art     ( 5637): option[8]=-XX:mainThreadStackSize=24K
I/art     ( 5637): option[9]=-XX:HeapGrowthLimit=128m
I/art     ( 5637): option[10]=-XX:HeapMinFree=2m
I/art     ( 5637): option[11]=-XX:HeapMaxFree=8m
I/art     ( 5637): option[12]=-XX:HeapTargetUtilization=0.75
I/art     ( 5637): option[13]=-agentlib:jdwp=transport=dt_android_adb,suspend=n,server=y
I/art     ( 5637): option[14]=-Xlockprofthreshold:500
I/art     ( 5637): option[15]=-Ximage-compiler-option
I/art     ( 5637): option[16]=--runtime-arg
I/art     ( 5637): option[17]=-Ximage-compiler-option
I/art     ( 5637): option[18]=-Xms64m
I/art     ( 5637): option[19]=-Ximage-compiler-option
I/art     ( 5637): option[20]=--runtime-arg
I/art     ( 5637): option[21]=-Ximage-compiler-option
I/art     ( 5637): option[22]=-Xmx64m
I/art     ( 5637): option[23]=-Ximage-compiler-option
I/art     ( 5637): option[24]=--image-classes-zip=/system/framework/framework.jar
I/art     ( 5637): option[25]=-Ximage-compiler-option
I/art     ( 5637): option[26]=--image-classes=preloaded-classes
I/art     ( 5637): option[27]=-Xcompiler-option
I/art     ( 5637): option[28]=--runtime-arg
I/art     ( 5637): option[29]=-Xcompiler-option
I/art     ( 5637): option[30]=-Xms64m
I/art     ( 5637): option[31]=-Xcompiler-option
I/art     ( 5637): option[32]=--runtime-arg
I/art     ( 5637): option[33]=-Xcompiler-option
I/art     ( 5637): option[34]=-Xmx512m
I/art     ( 5637): option[35]=-Duser.language=es
I/art     ( 5637): option[36]=-Duser.region=US
I/art     ( 5637): Pruning dalvik-cache since we are generating an image and will need to recompile
W/art     ( 5637): Unexpected file type of 
W/art     ( 5637):  encountered.
I/art     ( 5637): Using an offset of 0xff1e1000 from default art base address of 0x70000000
I/art     ( 5637): GenerateImage: /system/bin/dex2oat --image=/data/dalvik-cache/arm/system@framework@boot.art --dex-file=/system/framework/core-libart.jar --dex-file=/system/framework/conscrypt.jar --dex-file=/system/framework/okhttp.jar --dex-file=/system/framework/core-junit.jar --dex-file=/system/framework/bouncycastle.jar --dex-file=/system/framework/ext.jar --dex-file=/system/framework/framework.jar --dex-file=/system/framework/telephony-common.jar --dex-file=/system/framework/voip-common.jar --dex-file=/system/framework/ims-common.jar --dex-file=/system/framework/mms-common.jar --dex-file=/system/framework/android.policy.jar --dex-file=/system/framework/apache-xml.jar --oat-file=/data/dalvik-cache/arm/system@framework@boot.oat --instruction-set=arm --instruction-set-features=div --base=0x6f1e1000 --runtime-arg -Xms64m --runtime-arg -Xmx64m --image-classes-zip=/system/framework/framework.jar --image-classes=preloaded-classes
I/mediaserver( 5635): ServiceManager: 0xb60500c0
I/AudioFlinger( 5635): Using default 3000 mSec as standby time.
I/ServiceManager( 5635): Waiting for service batterystats...
W/art     ( 5637): Unexpected file type of 
W/art     ( 5637):  encountered.
W/art     ( 5637): Could not create image space with image file '/system/framework/boot.art'. Attempting to fall back to imageless running. Error was: Failed to generate image '/data/dalvik-cache/arm/system@framework@boot.art': Failed execv(/system/bin/dex2oat --image=/data/dalvik-cache/arm/system@framework@boot.art --dex-file=/system/framework/core-libart.jar --dex-file=/system/framework/conscrypt.jar --dex-file=/system/framework/okhttp.jar --dex-file=/system/framework/core-junit.jar --dex-file=/system/framework/bouncycastle.jar --dex-file=/system/framework/ext.jar --dex-file=/system/framework/framework.jar --dex-file=/system/framework/telephony-common.jar --dex-file=/system/framework/voip-common.jar --dex-file=/system/framework/ims-common.jar --dex-file=/system/framework/mms-common.jar --dex-file=/system/framework/android.policy.jar --dex-file=/system/framework/apache-xml.jar --oat-file=/data/dalvik-cache/arm/system@framework@boot.oat --instruction-set=arm --instruction-set-features=div --base=0x6f1e1000 --runtime-arg -Xms64
I/gralloc ( 5634): using (fd=12)
I/gralloc ( 5634): id           = 
I/gralloc ( 5634): xres         = 1080 px
I/gralloc ( 5634): yres         = 1920 px
I/gralloc ( 5634): xres_virtual = 1080 px
I/gralloc ( 5634): yres_virtual = 3840 px
I/gralloc ( 5634): bpp          = 32
I/gralloc ( 5634): r            = 16:8
I/gralloc ( 5634): g            =  8:8
I/gralloc ( 5634): b            =  0:8
I/gralloc ( 5634): width        = 65 mm (422.030762 dpi)
I/gralloc ( 5634): height       = 115 mm (424.069580 dpi)
I/gralloc ( 5634): refresh rate = 60.00 Hz
D/hwcomposer( 5634): using
D/hwcomposer( 5634): xres         = 1080 px
D/hwcomposer( 5634): yres         = 1920 px
D/hwcomposer( 5634): width        = 65 mm (422.030000 dpi)
D/hwcomposer( 5634): height       = 115 mm (424.069000 dpi)
D/hwcomposer( 5634): refresh rate = 60 Hz
D/libexynosv4l2-subdev( 5634): try node: /dev/v4l-subdev0
D/libexynosv4l2-subdev( 5634): try node: /dev/v4l-subdev1
D/libexynosv4l2-subdev( 5634): try node: /dev/v4l-subdev2
I/libexynosv4l2-subdev( 5634): node found for device s5p-mixer0: /dev/v4l-subdev2
I/libexynosv4l2-subdev( 5634): open subdev device /dev/v4l-subdev2
I/hwcomposer( 5634): PSR info devname = /sys/devices/14400000.fimd_fb/psr_info
I/hwcomposer( 5634): PSR mode is 2(0: video mode, 1: DP PSR mode, 2: MIPI-DSI command mode)
I/SurfaceFlinger( 5634): Using composer version 1.3
I/SurfaceFlinger( 5634): EGL information:
I/SurfaceFlinger( 5634): vendor    : Android
I/SurfaceFlinger( 5634): version   : 1.4 Android META-EGL
I/SurfaceFlinger( 5634): extensions: EGL_KHR_get_all_proc_addresses EGL_ANDROID_presentation_time EGL_KHR_image EGL_KHR_image_base EGL_KHR_gl_texture_2D_image EGL_KHR_gl_texture_cubemap_image EGL_KHR_gl_renderbuffer_image EGL_KHR_fence_sync EGL_KHR_create_context EGL_ANDROID_image_native_buffer EGL_KHR_wait_sync EGL_ANDROID_recordable 
I/SurfaceFlinger( 5634): Client API: OpenGL_ES
I/SurfaceFlinger( 5634): EGLSurface: 8-8-8-8, config=0xb6acf2ac
I/SurfaceFlinger( 5634): OpenGL ES informations:
I/SurfaceFlinger( 5634): vendor    : ARM
I/SurfaceFlinger( 5634): renderer  : Mali-T628
I/SurfaceFlinger( 5634): version   : OpenGL ES 3.0
I/SurfaceFlinger( 5634): extensions: GL_EXT_debug_marker GL_ARM_rgba8 GL_ARM_mali_shader_binary GL_OES_depth24 GL_OES_depth_texture GL_OES_depth_texture_cube_map GL_OES_packed_depth_stencil GL_OES_rgb8_rgba8 GL_EXT_read_format_bgra GL_OES_compressed_paletted_texture GL_OES_compressed_ETC1_RGB8_texture GL_OES_standard_derivatives GL_OES_EGL_image GL_OES_EGL_image_external GL_OES_EGL_sync GL_OES_texture_npot GL_OES_vertex_half_float GL_OES_required_internalformat GL_OES_vertex_array_object GL_OES_mapbuffer GL_EXT_texture_format_BGRA8888 GL_EXT_texture_rg GL_EXT_texture_type_2_10_10_10_REV GL_OES_fbo_render_mipmap GL_OES_element_index_uint GL_EXT_shadow_samplers GL_OES_texture_compression_astc GL_KHR_texture_compression_astc_ldr GL_KHR_texture_compression_astc_hdr GL_KHR_debug GL_EXT_occlusion_query_boolean GL_EXT_blend_minmax GL_EXT_discard_framebuffer GL_OES_get_program_binary GL_OES_texture_3D GL_EXT_texture_storage GL_EXT_multisampled_render_to_texture GL_OES_surfaceless_context GL_ARM_mali_program_binary 
I/SurfaceFlinger( 5634): GL_MAX_TEXTURE_SIZE = 8192
I/SurfaceFlinger( 5634): GL_MAX_VIEWPORT_DIMS = 8192
E/libEGL  ( 5634): eglQuerySurface:607 error 300d (EGL_BAD_SURFACE)
E/libEGL  ( 5634): eglQuerySurface:607 error 300d (EGL_BAD_SURFACE)
E/libEGL  ( 5634): call to OpenGL ES API with no current context (logged once per thread)
D/SurfaceFlinger( 5634): Set power mode=2, type=0 flinger=0xb6a62000
I/hwcomposer( 5634): int exynos5_blank(hwc_composer_device_1*, int, int):: disp(0), blank(0)
I/hwcomposer( 5634): unblank ioctl failed (display already unblanked)
E/libEGL  ( 5634): eglSwapBuffers:1071 error 300d (EGL_BAD_SURFACE)
F/SurfaceFlinger( 5634): eglSwapBuffers(0x1, 0x0) failed with 0x0000300d
F/libc    ( 5634): Fatal signal 6 (SIGABRT), code -6 in tid 5634 (surfaceflinger)
I/DEBUG   ( 3583): property debug.db.uid not set; NOT waiting for gdb.
I/DEBUG   ( 3583): HINT: adb shell setprop debug.db.uid 100000
I/DEBUG   ( 3583): HINT: adb forward tcp:5039 tcp:5039
I/DEBUG   ( 3583): *** *** *** *** *** *** *** *** *** *** *** *** *** *** *** ***
I/DEBUG   ( 3583): Build fingerprint: 'samsung/cm_k3gxx/k3gxx:5.0.2/LRX22G/ca2fb2b51d:userdebug/test-keys'
I/DEBUG   ( 3583): Revision: '10'
I/DEBUG   ( 3583): ABI: 'arm'
I/DEBUG   ( 3583): pid: 5634, tid: 5634, name: surfaceflinger  >>> /system/bin/surfaceflinger <<<
I/DEBUG   ( 3583): signal 6 (SIGABRT), code -6 (SI_TKILL), fault addr --------
I/DEBUG   ( 3583): Abort message: 'eglSwapBuffers(0x1, 0x0) failed with 0x0000300d'
I/DEBUG   ( 3583):     r0 00000000  r1 00001602  r2 00000006  r3 00000000
I/DEBUG   ( 3583):     r4 b6fb1114  r5 00000006  r6 0000000b  r7 0000010c
I/DEBUG   ( 3583):     r8 00000000  r9 be858bd0  sl b6a54210  fp be858bd0
I/DEBUG   ( 3583):     ip 00001602  sp be858650  lr b6f3b7b9  pc b6f5f4e4  cpsr 600f0010
I/DEBUG   ( 3583): 
I/DEBUG   ( 3583): backtrace:
I/DEBUG   ( 3583):     #00 pc 000384e4  /system/lib/libc.so (tgkill+12)
I/DEBUG   ( 3583):     #01 pc 000147b5  /system/lib/libc.so (pthread_kill+52)
I/DEBUG   ( 3583):     #02 pc 0001550b  /system/lib/libc.so (raise+10)
I/DEBUG   ( 3583):     #03 pc 00011c35  /system/lib/libc.so (__libc_android_abort+36)
I/DEBUG   ( 3583):     #04 pc 0000fcb8  /system/lib/libc.so (abort+4)
I/DEBUG   ( 3583):     #05 pc 00007739  /system/lib/libcutils.so (__android_log_assert+88)
I/DEBUG   ( 3583):     #06 pc 0000f4df  /system/lib/libsurfaceflinger.so
I/DEBUG   ( 3583):     #07 pc 0001b9fd  /system/lib/libsurfaceflinger.so
I/DEBUG   ( 3583):     #08 pc 0001abe7  /system/lib/libsurfaceflinger.so
I/DEBUG   ( 3583):     #09 pc 00019fc3  /system/lib/libsurfaceflinger.so
I/DEBUG   ( 3583):     #10 pc 00019d49  /system/lib/libsurfaceflinger.so
I/DEBUG   ( 3583):     #11 pc 00010ed3  /system/lib/libutils.so (android::Looper::pollInner(int)+410)
I/DEBUG   ( 3583):     #12 pc 00010fc5  /system/lib/libutils.so (android::Looper::pollOnce(int, int*, int*, void**)+92)
I/DEBUG   ( 3583):     #13 pc 000174c5  /system/lib/libsurfaceflinger.so
I/DEBUG   ( 3583):     #14 pc 0001993d  /system/lib/libsurfaceflinger.so (android::SurfaceFlinger::run()+8)
I/DEBUG   ( 3583):     #15 pc 0000083d  /system/bin/surfaceflinger
I/DEBUG   ( 3583):     #16 pc 0000fb75  /system/lib/libc.so (__libc_init+44)
I/DEBUG   ( 3583):     #17 pc 000008d8  /system/bin/surfaceflinger
W/auditd  ( 3603): type=1325 audit(0.0:1742): table=raw family=2 entries=8
W/iptables( 5774): type=1300 audit(0.0:1742): arch=40000028 syscall=294 per=800000 success=yes exit=0 a0=4 a1=0 a2=40 a3=b6c1ba00 items=0 ppid=5632 auid=4294967295 uid=0 gid=0 euid=0 suid=0 fsuid=0 egid=0 sgid=0 fsgid=0 ses=4294967295 tty=(none) exe="/system/bin/iptables" subj=u:r:netd:s0 key=(null)
W/auditd  ( 3603): type=1320 audit(0.0:1742): 
W/auditd  ( 3603): type=1325 audit(0.0:1743): table=raw family=10 entries=8
W/ip6tables( 5775): type=1300 audit(0.0:1743): arch=40000028 syscall=294 per=800000 success=yes exit=0 a0=4 a1=29 a2=40 a3=b6c37800 items=0 ppid=5632 auid=4294967295 uid=0 gid=0 euid=0 suid=0 fsuid=0 egid=0 sgid=0 fsgid=0 ses=4294967295 tty=(none) exe="/system/bin/ip6tables" subj=u:r:netd:s0 key=(null)
W/auditd  ( 3603): type=1320 audit(0.0:1743): 
W/auditd  ( 3603): type=1325 audit(0.0:1744): table=raw family=2 entries=9
W/iptables( 5776): type=1300 audit(0.0:1744): arch=40000028 syscall=294 per=800000 success=yes exit=0 a0=4 a1=0 a2=40 a3=b6c1ba00 items=0 ppid=5632 auid=4294967295 uid=0 gid=0 euid=0 suid=0 fsuid=0 egid=0 sgid=0 fsgid=0 ses=4294967295 tty=(none) exe="/system/bin/iptables" subj=u:r:netd:s0 key=(null)
W/auditd  ( 3603): type=1320 audit(0.0:1744): 
W/auditd  ( 3603): type=1325 audit(0.0:1745): table=raw family=10 entries=9
W/ip6tables( 5777): type=1300 audit(0.0:1745): arch=40000028 syscall=294 per=800000 success=yes exit=0 a0=4 a1=29 a2=40 a3=b6c1d000 items=0 ppid=5632 auid=4294967295 uid=0 gid=0 euid=0 suid=0 fsuid=0 egid=0 sgid=0 fsgid=0 ses=4294967295 tty=(none) exe="/system/bin/ip6tables" subj=u:r:netd:s0 key=(null)
W/auditd  ( 3603): type=1320 audit(0.0:1745): 
W/auditd  ( 3603): type=1325 audit(0.0:1746): table=raw family=2 entries=8
W/iptables( 5778): type=1300 audit(0.0:1746): arch=40000028 syscall=294 per=800000 success=yes exit=0 a0=4 a1=0 a2=40 a3=b6c1ba00 items=0 ppid=5632 auid=4294967295 uid=0 gid=0 euid=0 suid=0 fsuid=0 egid=0 sgid=0 fsgid=0 ses=4294967295 tty=(none) exe="/system/bin/iptables" subj=u:r:netd:s0 key=(null)
W/auditd  ( 3603): type=1320 audit(0.0:1746): 
W/auditd  ( 3603): type=1325 audit(0.0:1747): table=raw family=10 entries=8
W/ip6tables( 5779): type=1300 audit(0.0:1747): arch=40000028 syscall=294 per=800000 success=yes exit=0 a0=4 a1=29 a2=40 a3=b6c32800 items=0 ppid=5632 auid=4294967295 uid=0 gid=0 euid=0 suid=0 fsuid=0 egid=0 sgid=0 fsgid=0 ses=4294967295 tty=(none) exe="/system/bin/ip6tables" subj=u:r:netd:s0 key=(null)
W/auditd  ( 3603): type=1320 audit(0.0:1747): 
W/auditd  ( 3603): type=1325 audit(0.0:1748): table=raw family=2 entries=8
