I/Sensors ( 4316): Light old sensor_state 128, new sensor_state : 640 en : 1
W/ResourceType( 4316): Failure getting entry for 0x7f020008 (t=1 e=8) (error -75)
D/PackagePrefetcher( 4316): put: /system/app/ChatON_MARKET
D/PackagePrefetcher( 4316): put: /system/app/DigitalClock
I/Sensors ( 4316): SigMotionSensor old sensor_state 640, new sensor_state : 8832 en : 1
D/PackagePrefetcher( 4316): put: /system/app/DigitalClockEasy
I/AudioPolicyManager( 3623): getAudioPolicyConfig: audioParam;outDevice
V/AudioPolicyManager( 3623): getNewOutputDevice() selected device 2
V/AudioPolicyManager( 3623): ### curdevice : 2
I/Sensors ( 4316): StepCounterSensor old sensor_state 8832, new sensor_state : 139904 en : 1
D/PackagePrefetcher( 4316): put: /system/app/DocumentsUI
W/PackageParser( 4316): Unknown element under <manifest>: meta-data at /system/app/DirectConnect/DirectConnect.apk Binary XML file line #9
D/Sensors ( 4316): HrmSpO2Sensor::HrmSpO2Sensor: Shared version Registered 
E/SensorService( 4316): >>>> WARNING <<< Upgrade sensor HAL to version 1_3
I/Sensors ( 4316): Proximity old sensor_state 139904, new sensor_state : 139776 en : 0
I/Sensors ( 4316): Light old sensor_state 139776, new sensor_state : 139264 en : 0
I/Sensors ( 4316): StepCounterSensor old sensor_state 139264, new sensor_state : 8192 en : 0
I/Sensors ( 4316): SigMotionSensor old sensor_state 8192, new sensor_state : 0 en : 0
I/Sensors ( 4316): HrmSpO2Sensor::enable, handle(16), en(0), what(1/0:aosphrm,1:sshrm, old enabled : 0)
I/Sensors ( 4316): HrmSpO2Sensor is already disabled or have to keep enabled, mEnabled : 0x0, en : 0
I/Sensors ( 4316): HrmSpO2Sensor::enable, handle(17), en(0), what(0/0:aosphrm,1:sshrm, old enabled : 0)
I/Sensors ( 4316): HrmSpO2Sensor is already disabled or have to keep enabled, mEnabled : 0x0, en : 0
I/Sensors ( 4316): HrmSpO2Sensor::enable, handle(18), en(0), what(2/0:aosphrm,1:sshrm, old enabled : 0)
I/Sensors ( 4316): HrmSpO2Sensor is already disabled or have to keep enabled, mEnabled : 0x0, en : 0
D/SensorService( 4316): [SO] ScreenOrientationSensor Registered!
D/SensorService( 4316): OrientationSensor2 Registered!!!!
D/SensorService( 4316): GravitySensor2 Registered!!!!
D/SensorService( 4316): GravitySensor2 Registered!!!!
D/SensorService( 4316): LinearAccelerationSensor2 Registered!!!!
D/PackagePrefetcher( 4316): put: /system/app/DirectConnect
D/PackagePrefetcher( 4316): put: /system/app/DriveLinkRemote
I/RemoteDesktopService( 4316): RemoteDesktopService started (pid=4316)
D/SensorService( 4316): nuSensorService thread starting...
W/ResourceType( 4316): Failure getting entry for 0x7f060003 (t=5 e=3) (error -75)
I/SurfaceFlinger( 3616): SurfaceFlinger::getDefaultHardwareDisplayInfo
I/SurfaceFlinger( 3616): SurfaceFlinger::getDefaultHardwareDisplayInfo PrimaryDisplay
D/SensorService( 4316): new thread SensorEventAckReceiver
I/RemoteDesktopService( 4316): RemoteDesktopService::initHardwareScreenInfo() w = 1080, h = 1920 format = 1
D/PackagePrefetcher( 4316): put: /system/app/ClockPackage
D/PackagePrefetcher( 4316): put: /system/app/DropboxOOBE
I/SystemServiceManager( 4316): Starting com.android.server.pm.Installer
I/installd( 3627): new connection
D/PackagePrefetcher( 4316): put: /system/app/ELMAgent
I/Installer( 4316): Waiting for installd to be ready.
I/InstallerConnection( 4316): connecting...
W/ResourceType( 4316): Failure getting entry for 0x7f020042 (t=1 e=66) (error -75)
I/SystemServiceManager( 4316): Starting com.android.server.am.ActivityManagerService$Lifecycle
D/PackagePrefetcher( 4316): put: /system/app/Dropbox
D/PackagePrefetcher( 4316): put: /system/app/DualClockDigital
D/PackagePrefetcher( 4316): put: /system/app/EasyOneHand2
D/PackagePrefetcher( 4316): put: /system/app/DriveLink
I/AudioPolicyManager( 3623): getAudioPolicyConfig: audioParam;outDevice
V/AudioPolicyManager( 3623): getNewOutputDevice() selected device 2
V/AudioPolicyManager( 3623): ### curdevice : 2
W/ResourceType( 4316): Failure getting entry for 0x7f020004 (t=1 e=4) (error -75)
D/PackagePrefetcher( 4316): put: /system/app/Drive
D/PackagePrefetcher( 4316): put: /system/app/EdmVpnServices
D/PackagePrefetcher( 4316): put: /system/app/EasySettings
D/PackagePrefetcher( 4316): put: /system/app/EdmSimPinService
D/PackagePrefetcher( 4316): put: /system/app/EasymodeContactsWidget
I/DHA_PROPERTY( 4316): DHA STEP 2
I/DHA_PROPERTY( 4316): DHA TH RATE 2.0
I/DHA_PROPERTY( 4316): DHA mSzDHAThreshold 230686720
I/DHA_PROPERTY( 4316): DHA mSzDHADefendThreshold 25165824
I/DHA_PROPERTY( 4316): DHA DHA_INCREASE_THRESHOLD 2097152
W/ResourceType( 4316): Failure getting entry for 0x7f020000 (t=1 e=0) (error -75)
D/PackagePrefetcher( 4316): put: /system/app/EmergencyProvider
W/ResourceType( 4316): Failure getting entry for 0x7f020000 (t=1 e=0) (error -75)
D/PackagePrefetcher( 4316): put: /system/app/FilterInstaller
D/PackagePrefetcher( 4316): put: /system/app/EmergencyLauncher
D/PackagePrefetcher( 4316): put: /system/app/EmergencyModeService
D/PackagePrefetcher( 4316): put: /system/app/FactoryCamera_FB
W/ResourceType( 4316): Failure getting entry for 0x7f020000 (t=1 e=0) (error -75)
D/PackagePrefetcher( 4316): put: /system/app/FilterManager
D/PackagePrefetcher( 4316): put: /system/app/FilterProvider
D/PackagePrefetcher( 4316): put: /system/app/FixmoISA
I/ActivityManager( 4316): Memory class: 128
D/AT_Distributor( 3644): try to connect RIL
E/AT_Distributor( 3644): connection fail & retry connect(2)
I/AudioPolicyManager( 3623): getAudioPolicyConfig: audioParam;outDevice
V/AudioPolicyManager( 3623): getNewOutputDevice() selected device 2
V/AudioPolicyManager( 3623): ### curdevice : 2
W/ResourceType( 4316): Failure getting entry for 0x7f020005 (t=1 e=5) (error -75)
I/ActivityManager( 4316): CPU_PRESENT =0-7
D/PackagePrefetcher( 4316): put: /system/app/GestureService
D/PackagePrefetcher( 4316): put: /system/app/GearManagerStub
W/PackageParser( 4316): Unknown element under <manifest>: meta-data at /system/app/Flipboard/Flipboard.apk Binary XML file line #36
D/PackagePrefetcher( 4316): put: /system/app/Flipboard
D/PackagePrefetcher( 4316): put: /system/app/GoogleContactsSyncAdapter
D/PackagePrefetcher( 4316): put: /system/app/GoogleCalendarSyncAdapter
D/PackagePrefetcher( 4316): put: /system/app/EditorsDocs
I/AudioPolicyManager( 3623): getAudioPolicyConfig: audioParam;outDevice
V/AudioPolicyManager( 3623): getNewOutputDevice() selected device 2
V/AudioPolicyManager( 3623): ### curdevice : 2
D/PackagePrefetcher( 4316): put: /system/app/GoogleTTS
W/PackageParser( 4316): No actions in intent filter at /system/app/Headlines/Headlines.apk Binary XML file line #119
W/PackageParser( 4316): No actions in intent filter at /system/app/Headlines/Headlines.apk Binary XML file line #129
D/PackagePrefetcher( 4316): put: /system/app/Headlines
D/PackagePrefetcher( 4316): put: /system/app/GeoLookout
W/PackageParser( 4316): Unknown element under <manifest>: users-library at /system/app/KeyChain/KeyChain.apk Binary XML file line #8
D/PackagePrefetcher( 4316): put: /system/app/KeyChain
D/PackagePrefetcher( 4316): put: /system/app/KnoxAttestationAgent
D/PackagePrefetcher( 4316): put: /system/app/Gmail2
D/PackagePrefetcher( 4316): put: /system/app/LocalFOTA
D/PackagePrefetcher( 4316): put: /system/app/MDMApp
D/PackagePrefetcher( 4316): put: /system/app/KnoxSetupWizardClient
D/PackagePrefetcher( 4316): put: /system/app/Hangouts
I/AudioPolicyManager( 3623): getAudioPolicyConfig: audioParam;outDevice
V/AudioPolicyManager( 3623): getNewOutputDevice() selected device 2
V/AudioPolicyManager( 3623): ### curdevice : 2
D/PackagePrefetcher( 4316): put: /system/app/MirrorLink
D/PackagePrefetcher( 4316): put: /system/app/MediaConverter_Trim
W/PackageParser( 4316): No actions in intent filter at /system/app/MobilePrintSvc_Samsung/MobilePrintSvc_Samsung.apk Binary XML file line #34
W/PackageParser( 4316): No actions in intent filter at /system/app/MobilePrintSvc_Samsung/MobilePrintSvc_Samsung.apk Binary XML file line #45
W/PackageParser( 4316): No actions in intent filter at /system/app/MobilePrintSvc_Samsung/MobilePrintSvc_Samsung.apk Binary XML file line #55
W/PackageParser( 4316): No actions in intent filter at /system/app/MobilePrintSvc_Samsung/MobilePrintSvc_Samsung.apk Binary XML file line #64
D/PackagePrefetcher( 4316): put: /system/app/MobilePrintSvc_Samsung
D/PackagePrefetcher( 4316): put: /system/app/InteractiveTutorial
I/PackageParser( 4316): com.sec.android.app.mt: compat added android.permission.WRITE_EXTERNAL_STORAGE
D/PackagePrefetcher( 4316): put: /system/app/MobileTrackerEngineTwo
D/wrapperGPS( 3641): wrapperConnect_RILD
W/ResourceType( 4316): Failure getting entry for 0x7f020055 (t=1 e=85) (error -75)
D/PackagePrefetcher( 4316): put: /system/app/MultiWindowTrayService
D/PackagePrefetcher( 4316): put: /system/app/LegacyInCallUI
D/PackagePrefetcher( 4316): put: /system/app/MusicLiveShare2
I/IntentFirewall( 4316): Read new rules (A:0 B:0 S:0)
I/AudioPolicyManager( 3623): getAudioPolicyConfig: audioParam;outDevice
V/AudioPolicyManager( 3623): getNewOutputDevice() selected device 2
V/AudioPolicyManager( 3623): ### curdevice : 2
D/PackagePrefetcher( 4316): put: /system/app/PacProcessor
W/PackageParser( 4316): Problem in package /system/app/Newsstand/Newsstand.apk:
W/PackageParser( 4316): Unknown element under <activity>: category at /system/app/Newsstand/Newsstand.apk Binary XML file line #74
W/PackageParser( 4316): Problem in package /system/app/Newsstand/Newsstand.apk:
W/PackageParser( 4316): Unknown element under <activity>: category at /system/app/Newsstand/Newsstand.apk Binary XML file line #75
D/PackagePrefetcher( 4316): put: /system/app/Newsstand
D/PackagePrefetcher( 4316): put: /system/app/PackageInstaller
D/PackagePrefetcher( 4316): put: /system/app/Music2
D/PackagePrefetcher( 4316): put: /system/app/PartnerBookmarksProvider
D/PackagePrefetcher( 4316): put: /system/app/NfcNci
D/PackagePrefetcher( 4316): put: /system/app/Panorama360Viewer_K
D/PackagePrefetcher( 4316): put: /system/app/Personalization
D/PackagePrefetcher( 4316): put: /system/app/PhotoTable
D/PackagePrefetcher( 4316): put: /system/app/Maps
I/AudioPolicyManager( 3623): getAudioPolicyConfig: audioParam;outDevice
V/AudioPolicyManager( 3623): getNewOutputDevice() selected device 2
V/AudioPolicyManager( 3623): ### curdevice : 2
D/PackagePrefetcher( 4316): put: /system/app/Preconfig
D/PackagePrefetcher( 4316): put: /system/app/PreloadInstaller
D/AppOps  ( 4316): AppOpsService published
I/SystemServiceManager( 4316): Starting com.android.server.power.PowerManagerService
D/PackagePrefetcher( 4316): put: /system/app/PlayGames
D/PackagePrefetcher( 4316): put: /system/app/PopupuiReceiver
I/PowerManagerService( 4316): [api] PowerManagerService()
D/PackagePrefetcher( 4316): put: /system/app/RCPComponents
D/PowerManagerService( 4316): [PWL] sb acquire: PowerManagerService.Display
D/PackagePrefetcher( 4316): put: /system/app/PolarisViewer5
D/PowerManagerService( 4316): [s] PowerManagerService() : WAKEFULNESS_AWAKE
D/PackagePrefetcher( 4316): put: /system/app/ResourceManager
D/PackagePrefetcher( 4316): put: /system/app/RootPA
D/SEC PowerHAL( 4316): sysfs_write +: /sys/devices/system/cpu/cpu0/cpufreq/interactive/multi_enter_load: 800
D/SEC PowerHAL( 4316): sysfs_write -: /sys/devices/system/cpu/cpu0/cpufreq/interactive/multi_enter_load: 800
D/SEC PowerHAL( 4316): sysfs_write +: /sys/devices/system/cpu/cpu0/cpufreq/interactive/single_enter_load: 200
D/SEC PowerHAL( 4316): sysfs_write -: /sys/devices/system/cpu/cpu0/cpufreq/interactive/single_enter_load: 200
D/SEC PowerHAL( 4316): sysfs_write +: /sys/devices/system/cpu/cpu0/cpufreq/interactive/param_index: 0
D/SEC PowerHAL( 4316): sysfs_write -: /sys/devices/system/cpu/cpu0/cpufreq/interactive/param_index: 0
D/SEC PowerHAL( 4316): sysfs_write +: /sys/devices/system/cpu/cpu0/cpufreq/interactive/timer_rate: 20000
D/SEC PowerHAL( 4316): sysfs_write -: /sys/devices/system/cpu/cpu0/cpufreq/interactive/timer_rate: 20000
D/SEC PowerHAL( 4316): sysfs_write +: /sys/devices/system/cpu/cpu0/cpufreq/interactive/timer_slack: 20000
D/SEC PowerHAL( 4316): sysfs_write -: /sys/devices/system/cpu/cpu0/cpufreq/interactive/timer_slack: 20000
D/SEC PowerHAL( 4316): sysfs_write +: /sys/devices/system/cpu/cpu0/cpufreq/interactive/min_sample_time: 40000
D/SEC PowerHAL( 4316): sysfs_write -: /sys/devices/system/cpu/cpu0/cpufreq/interactive/min_sample_time: 40000
D/SEC PowerHAL( 4316): sysfs_write +: /sys/devices/system/cpu/cpu0/cpufreq/interactive/hispeed_freq: 1000000
D/SEC PowerHAL( 4316): sysfs_write -: /sys/devices/system/cpu/cpu0/cpufreq/interactive/hispeed_freq: 1000000
D/SEC PowerHAL( 4316): sysfs_write +: /sys/devices/system/cpu/cpu0/cpufreq/interactive/go_hispeed_load: 99
D/SEC PowerHAL( 4316): sysfs_write -: /sys/devices/system/cpu/cpu0/cpufreq/interactive/go_hispeed_load: 99
D/SEC PowerHAL( 4316): sysfs_write +: /sys/devices/system/cpu/cpu0/cpufreq/interactive/target_loads: 70
D/SEC PowerHAL( 4316): sysfs_write -: /sys/devices/system/cpu/cpu0/cpufreq/interactive/target_loads: 70
D/SEC PowerHAL( 4316): sysfs_write +: /sys/devices/system/cpu/cpu0/cpufreq/interactive/above_hispeed_delay: 19000
D/SEC PowerHAL( 4316): sysfs_write -: /sys/devices/system/cpu/cpu0/cpufreq/interactive/above_hispeed_delay: 19000
D/SEC PowerHAL( 4316): sysfs_write +: /sys/devices/system/cpu/cpu0/cpufreq/interactive/boostpulse_duration: 40000
D/SEC PowerHAL( 4316): sysfs_write -: /sys/devices/system/cpu/cpu0/cpufreq/interactive/boostpulse_duration: 40000
D/SEC PowerHAL( 4316): sysfs_write +: /sys/devices/system/cpu/cpu4/cpufreq/interactive/multi_enter_load: 360
D/SEC PowerHAL( 4316): sysfs_write -: /sys/devices/system/cpu/cpu4/cpufreq/interactive/multi_enter_load: 360
D/SEC PowerHAL( 4316): sysfs_write +: /sys/devices/system/cpu/cpu4/cpufreq/interactive/multi_enter_time: 99000
D/SEC PowerHAL( 4316): sysfs_write -: /sys/devices/system/cpu/cpu4/cpufreq/interactive/multi_enter_time: 99000
D/SEC PowerHAL( 4316): sysfs_write +: /sys/devices/system/cpu/cpu4/cpufreq/interactive/multi_exit_load: 240
D/SEC PowerHAL( 4316): sysfs_write -: /sys/devices/system/cpu/cpu4/cpufreq/interactive/multi_exit_load: 240
D/SEC PowerHAL( 4316): sysfs_write +: /sys/devices/system/cpu/cpu4/cpufreq/interactive/multi_exit_time: 299000
D/SEC PowerHAL( 4316): sysfs_write -: /sys/devices/system/cpu/cpu4/cpufreq/interactive/multi_exit_time: 299000
D/SEC PowerHAL( 4316): sysfs_write +: /sys/devices/system/cpu/cpu4/cpufreq/interactive/single_enter_load: 95
D/SEC PowerHAL( 4316): sysfs_write -: /sys/devices/system/cpu/cpu4/cpufreq/interactive/single_enter_load: 95
D/SEC PowerHAL( 4316): sysfs_write +: /sys/devices/system/cpu/cpu4/cpufreq/interactive/single_enter_time: 199000
D/SEC PowerHAL( 4316): sysfs_write -: /sys/devices/system/cpu/cpu4/cpufreq/interactive/single_enter_time: 199000
D/SEC PowerHAL( 4316): sysfs_write +: /sys/devices/system/cpu/cpu4/cpufreq/interactive/single_exit_load: 60
D/SEC PowerHAL( 4316): sysfs_write -: /sys/devices/system/cpu/cpu4/cpufreq/interactive/single_exit_load: 60
D/SEC PowerHAL( 4316): sysfs_write +: /sys/devices/system/cpu/cpu4/cpufreq/interactive/single_exit_time: 99000
D/SEC PowerHAL( 4316): sysfs_write -: /sys/devices/system/cpu/cpu4/cpufreq/interactive/single_exit_time: 99000
D/SEC PowerHAL( 4316): sysfs_write +: /sys/devices/system/cpu/cpu4/cpufreq/interactive/param_index: 0
D/SEC PowerHAL( 4316): sysfs_write -: /sys/devices/system/cpu/cpu4/cpufreq/interactive/param_index: 0
D/SEC PowerHAL( 4316): sysfs_write +: /sys/devices/system/cpu/cpu4/cpufreq/interactive/timer_rate: 20000
D/SEC PowerHAL( 4316): sysfs_write -: /sys/devices/system/cpu/cpu4/cpufreq/interactive/timer_rate: 20000
D/SEC PowerHAL( 4316): sysfs_write +: /sys/devices/system/cpu/cpu4/cpufreq/interactive/timer_slack: 20000
D/SEC PowerHAL( 4316): sysfs_write -: /sys/devices/system/cpu/cpu4/cpufreq/interactive/timer_slack: 20000
D/SEC PowerHAL( 4316): sysfs_write +: /sys/devices/system/cpu/cpu4/cpufreq/interactive/min_sample_time: 40000
D/SEC PowerHAL( 4316): sysfs_write -: /sys/devices/system/cpu/cpu4/cpufreq/interactive/min_sample_time: 40000
D/SEC PowerHAL( 4316): sysfs_write +: /sys/devices/system/cpu/cpu4/cpufreq/interactive/hispeed_freq: 1000000
D/SEC PowerHAL( 4316): sysfs_write -: /sys/devices/system/cpu/cpu4/cpufreq/interactive/hispeed_freq: 1000000
D/SEC PowerHAL( 4316): sysfs_write +: /sys/devices/system/cpu/cpu4/cpufreq/interactive/go_hispeed_load: 99
D/SEC PowerHAL( 4316): sysfs_write -: /sys/devices/system/cpu/cpu4/cpufreq/interactive/go_hispeed_load: 99
D/SEC PowerHAL( 4316): sysfs_write +: /sys/devices/system/cpu/cpu4/cpufreq/interactive/target_loads: 75 1500000:80 1700000:85 1800000:90
D/SEC PowerHAL( 4316): sysfs_write -: /sys/devices/system/cpu/cpu4/cpufreq/interactive/target_loads: 75 1500000:80 1700000:85 1800000:90
D/SEC PowerHAL( 4316): sysfs_write +: /sys/devices/system/cpu/cpu4/cpufreq/interactive/above_hispeed_delay: 19000 1100000:99000 1200000:119000 1700000:19000
D/SEC PowerHAL( 4316): sysfs_write -: /sys/devices/system/cpu/cpu4/cpufreq/interactive/above_hispeed_delay: 19000 1100000:99000 1200000:119000 1700000:19000
D/SEC PowerHAL( 4316): sysfs_write +: /sys/devices/system/cpu/cpu4/cpufreq/interactive/boostpulse_duration: 40000
D/SEC PowerHAL( 4316): sysfs_write -: /sys/devices/system/cpu/cpu4/cpufreq/interactive/boostpulse_duration: 40000
D/SEC PowerHAL( 4316): sysfs_write +: /sys/devices/system/cpu/cpu4/cpufreq/interactive/param_index: 1
D/SEC PowerHAL( 4316): sysfs_write -: /sys/devices/system/cpu/cpu4/cpufreq/interactive/param_index: 1
D/SEC PowerHAL( 4316): sysfs_write +: /sys/devices/system/cpu/cpu4/cpufreq/interactive/timer_rate: 20000
D/SEC PowerHAL( 4316): sysfs_write -: /sys/devices/system/cpu/cpu4/cpufreq/interactive/timer_rate: 20000
D/SEC PowerHAL( 4316): sysfs_write +: /sys/devices/system/cpu/cpu4/cpufreq/interactive/min_sample_time: 59000
D/SEC PowerHAL( 4316): sysfs_write -: /sys/devices/system/cpu/cpu4/cpufreq/interactive/min_sample_time: 59000
D/SEC PowerHAL( 4316): sysfs_write +: /sys/devices/system/cpu/cpu4/cpufreq/interactive/hispeed_freq: 1200000
D/SEC PowerHAL( 4316): sysfs_write -: /sys/devices/system/cpu/cpu4/cpufreq/interactive/hispeed_freq: 1200000
D/SEC PowerHAL( 4316): sysfs_write +: /sys/devices/system/cpu/cpu4/cpufreq/interactive/go_hispeed_load: 95
D/SEC PowerHAL( 4316): sysfs_write -: /sys/devices/system/cpu/cpu4/cpufreq/interactive/go_hispeed_load: 95
D/SEC PowerHAL( 4316): sysfs_write +: /sys/devices/system/cpu/cpu4/cpufreq/interactive/target_loads: 65 1400000:68 1700000:73
D/SEC PowerHAL( 4316): sysfs_write -: /sys/devices/system/cpu/cpu4/cpufreq/interactive/target_loads: 65 1400000:68 1700000:73
D/SEC PowerHAL( 4316): sysfs_write +: /sys/devices/system/cpu/cpu4/cpufreq/interactive/above_hispeed_delay: 19000
D/SEC PowerHAL( 4316): sysfs_write -: /sys/devices/system/cpu/cpu4/cpufreq/interactive/above_hispeed_delay: 19000
D/SEC PowerHAL( 4316): sysfs_write +: /sys/devices/system/cpu/cpu4/cpufreq/interactive/param_index: 2
D/SEC PowerHAL( 4316): sysfs_write -: /sys/devices/system/cpu/cpu4/cpufreq/interactive/param_index: 2
D/SEC PowerHAL( 4316): sysfs_write +: /sys/devices/system/cpu/cpu4/cpufreq/interactive/timer_rate: 20000
D/SEC PowerHAL( 4316): sysfs_write -: /sys/devices/system/cpu/cpu4/cpufreq/interactive/timer_rate: 20000
D/SEC PowerHAL( 4316): sysfs_write +: /sys/devices/system/cpu/cpu4/cpufreq/interactive/min_sample_time: 79000
D/SEC PowerHAL( 4316): sysfs_write -: /sys/devices/system/cpu/cpu4/cpufreq/interactive/min_sample_time: 79000
D/SEC PowerHAL( 4316): sysfs_write +: /sys/devices/system/cpu/cpu4/cpufreq/interactive/hispeed_freq: 1400000
D/SEC PowerHAL( 4316): sysfs_write -: /sys/devices/system/cpu/cpu4/cpufreq/interactive/hispeed_freq: 1400000
D/SEC PowerHAL( 4316): sysfs_write +: /sys/devices/system/cpu/cpu4/cpufreq/interactive/go_hispeed_load: 90
D/SEC PowerHAL( 4316): sysfs_write -: /sys/devices/system/cpu/cpu4/cpufreq/interactive/go_hispeed_load: 90
D/SEC PowerHAL( 4316): sysfs_write +: /sys/devices/system/cpu/cpu4/cpufreq/interactive/target_loads: 60 1300000:63 1500000:65 1700000:70
D/SEC PowerHAL( 4316): sysfs_write -: /sys/devices/system/cpu/cpu4/cpufreq/interactive/target_loads: 60 1300000:63 1500000:65 1700000:70
D/SEC PowerHAL( 4316): sysfs_write +: /sys/devices/system/cpu/cpu4/cpufreq/interactive/above_hispeed_delay: 19000
D/SEC PowerHAL( 4316): sysfs_write -: /sys/devices/system/cpu/cpu4/cpufreq/interactive/above_hispeed_delay: 19000
D/SEC PowerHAL( 4316): sysfs_write +: /sys/devices/system/cpu/cpu4/cpufreq/interactive/param_index: 3
D/SEC PowerHAL( 4316): sysfs_write -: /sys/devices/system/cpu/cpu4/cpufreq/interactive/param_index: 3
D/SEC PowerHAL( 4316): sysfs_write +: /sys/devices/system/cpu/cpu4/cpufreq/interactive/timer_rate: 20000
D/SEC PowerHAL( 4316): sysfs_write -: /sys/devices/system/cpu/cpu4/cpufreq/interactive/timer_rate: 20000
D/SEC PowerHAL( 4316): sysfs_write +: /sys/devices/system/cpu/cpu4/cpufreq/interactive/min_sample_time: 99000
D/SEC PowerHAL( 4316): sysfs_write -: /sys/devices/system/cpu/cpu4/cpufreq/interactive/min_sample_time: 99000
D/PackagePrefetcher( 4316): put: /system/app/QuickConnect
D/SEC PowerHAL( 4316): sysfs_write +: /sys/devices/system/cpu/cpu4/cpufreq/interactive/hispeed_freq: 1600000
D/SEC PowerHAL( 4316): sysfs_write -: /sys/devices/system/cpu/cpu4/cpufreq/interactive/hispeed_freq: 1600000
D/SEC PowerHAL( 4316): sysfs_write +: /sys/devices/system/cpu/cpu4/cpufreq/interactive/go_hispeed_load: 85
D/SEC PowerHAL( 4316): sysfs_write -: /sys/devices/system/cpu/cpu4/cpufreq/interactive/go_hispeed_load: 85
D/SEC PowerHAL( 4316): sysfs_write +: /sys/devices/system/cpu/cpu4/cpufreq/interactive/target_loads: 60 1300000:63 1500000:65 1900000:70
D/SEC PowerHAL( 4316): sysfs_write -: /sys/devices/system/cpu/cpu4/cpufreq/interactive/target_loads: 60 1300000:63 1500000:65 1900000:70
D/SEC PowerHAL( 4316): sysfs_write +: /sys/devices/system/cpu/cpu4/cpufreq/interactive/above_hispeed_delay: 19000
D/SEC PowerHAL( 4316): sysfs_write -: /sys/devices/system/cpu/cpu4/cpufreq/interactive/above_hispeed_delay: 19000
D/SEC PowerHAL( 4316): sysfs_write +: /sys/devices/system/cpu/cpu4/cpufreq/interactive/param_index: 0
D/SEC PowerHAL( 4316): sysfs_write -: /sys/devices/system/cpu/cpu4/cpufreq/interactive/param_index: 0
W/libsuspend( 4316): Error writing 'on' to /sys/power/state: Invalid argument
I/libsuspend( 4316): Selected wakeup count
D/MISC PowerHAL( 4316): sysfs_write +: /sys/class/power_supply/battery/lcd: 1
D/MISC PowerHAL( 4316): sysfs_write -: /sys/class/power_supply/battery/lcd: 1
W/ResourceType( 4316): Failure getting entry for 0x7f020000 (t=1 e=0) (error -75)
I/SystemServiceManager( 4316): Starting com.android.server.display.DisplayManagerService
D/PackagePrefetcher( 4316): put: /system/app/RoseEUKor
D/PackagePrefetcher( 4316): put: /system/app/SCONE_Android_ProxyService_NoPersistent
I/SystemServiceManager( 4316): Starting phase 100
I/PowerManagerService( 4316): [api] onBootPhase() phase= 100
D/PackagePrefetcher( 4316): put: /system/app/SCParser
I/AudioPolicyManager( 3623): getAudioPolicyConfig: audioParam;outDevice
V/AudioPolicyManager( 3623): getNewOutputDevice() selected device 2
V/AudioPolicyManager( 3623): ### curdevice : 2
D/PackagePrefetcher( 4316): put: /system/app/SBrowserTry
D/PackagePrefetcher( 4316): put: /system/app/SLocation
I/DisplayManagerService( 4316): Display device added: DisplayDeviceInfo{"Pantalla integrada": 1080 x 1920, 60.000004 fps, supportedRefreshRates [60.000004], density 480, 422.03 x 424.069 dpi, appVsyncOff 0, presDeadline 17666666, touch INTERNAL, rotation 0, type BUILT_IN, state UNKNOWN, FLAG_DEFAULT_DISPLAY, FLAG_ROTATES_WITH_CONTENT, FLAG_SECURE, FLAG_SUPPORTS_PROTECTED_BUFFERS}
I/SystemServer( 4316): !@Boot: Start PackageManagerService
W/SELinuxMMAC( 4316): Error opening /data/system/seapp_hash. Assuming first boot.
W/ResourceType( 4316): Failure getting entry for 0x7f020027 (t=1 e=39) (error -75)
W/PackageParser( 4316): Unknown element under <manifest>: group at /system/app/SNameCard/SNameCard.apk Binary XML file line #27
W/ResourceType( 4316): Failure getting entry for 0x7f020027 (t=1 e=39) (error -75)
D/PackagePrefetcher( 4316): put: /system/app/SPenSdk3
W/ResourceType( 4316): Failure getting entry for 0x7f020000 (t=1 e=0) (error -75)
D/PackagePrefetcher( 4316): put: /system/app/SNameCard
D/PackagePrefetcher( 4316): put: /system/app/SPlannerWidget_OS_UPG
D/PackagePrefetcher( 4316): put: /system/app/SPrintSpooler
D/PackagePrefetcher( 4316): put: /system/app/SafetyInformation
D/PackagePrefetcher( 4316): put: /system/app/SBrowser
D/PackagePrefetcher( 4316): put: /system/app/SamsungAppsWidget_Phone
D/EnterprisePartitionManager( 4316): createConnector() for socket epm
I/AudioPolicyManager( 3623): getAudioPolicyConfig: audioParam;outDevice
V/AudioPolicyManager( 3623): getNewOutputDevice() selected device 2
V/AudioPolicyManager( 3623): ### curdevice : 2
W/ResourceType( 4316): Failure getting entry for 0x7f020000 (t=1 e=0) (error -75)
W/SEAMS   ( 4316): Service is null
W/SEAMS   ( 4316): Service is null
D/PackagePrefetcher( 4316): put: /system/app/SamsungCameraFilter
D/EnterprisePartitionManager( 4316): onDaemonConnected() for socket epm
D/PackagePrefetcher( 4316): put: /system/app/SamsungContentsAgent
E/PersonaManagerService( 4316): Unable to read user list
I/PersonaManagerService( 4316): Pruning of unwanted persona has started...
I/PersonaManagerService( 4316): Pruning mPersonas's size is 0
I/PersonaManagerService( 4316): <init> adding PersonaPolicyManagerService
W/ResourceType( 4316): Failure getting entry for 0x7f020000 (t=1 e=0) (error -75)
D/PackagePrefetcher( 4316): put: /system/app/SamsungSans
D/PackagePrefetcher( 4316): put: /system/app/SamsungTTS
D/PackagePrefetcher( 4316): put: /system/app/PlusOne
D/PackagePrefetcher( 4316): put: /system/app/SPlanner_OS_UPG
W/ResourceType( 4316): Failure getting entry for 0x7f02042a (t=1 e=1066) (error -75)
W/ResourceType( 4316): Failure getting entry for 0x7f020001 (t=1 e=1) (error -75)
W/ResourceType( 4316): Failure getting entry for 0x7f020001 (t=1 e=1) (error -75)
D/PackagePrefetcher( 4316): put: /system/app/SapaAudioConnectionService
D/PackagePrefetcher( 4316): put: /system/app/SamsungCamera3
D/PackagePrefetcher( 4316): put: /system/app/SamsungWidget_ActiveApplication
I/AudioPolicyManager( 3623): getAudioPolicyConfig: audioParam;outDevice
V/AudioPolicyManager( 3623): getNewOutputDevice() selected device 2
V/AudioPolicyManager( 3623): ### curdevice : 2
D/PackagePrefetcher( 4316): put: /system/app/SapaMonitor
D/PackagePrefetcher( 4316): put: /system/app/SamsungIME
W/Revision( 4316): File not found at: /data/security/sepolicy
W/Revision( 4316): File not found at: /data/security/spota/sepolicy_version
W/xxxxxxsetupresourcelist( 4316): entered setup resource list in selinuxmmac
W/SELinuxMMAC( 4316): Read and parse file: /system/etc/security/mac_permissions.xml
D/PackagePrefetcher( 4316): put: /system/app/SecCalculator2
D/PackagePrefetcher( 4316): put: /system/app/SecFactoryPhoneTest
D/PackagePrefetcher( 4316): put: /system/app/SecHTMLViewer
D/PackagePrefetcher( 4316): put: /system/app/SecExchange
D/PackagePrefetcher( 4316): put: /system/app/SecDict
D/PackagePrefetcher( 4316): put: /system/app/SecKidsModeInstaller
W/SELinuxMMAC( 4316): Read and parse file: /data/security/good/mac_permissions.xml
W/SELinuxMMAC( 4316): File not found exception: /data/security/good/mac_permissions.xml
W/SELinuxMMAC( 4316): Read and parse file: /data/security/mycontainer/mac_permissions.xml
W/SELinuxMMAC( 4316): File not found exception: /data/security/mycontainer/mac_permissions.xml
W/SELinuxMMAC( 4316): Read and parse file: /data/security/whitelist/mac_permissions.xml
W/SELinuxMMAC( 4316): File not found exception: /data/security/whitelist/mac_permissions.xml
I/PackageManager( 4316): Time to scan SELinux install policy: 0.058 seconds
W/PackageParser( 4316): No actions in intent filter at /system/app/SecurityManagerService/SecurityManagerService.apk Binary XML file line #44
D/PackagePrefetcher( 4316): put: /system/app/SecurityManagerService
W/ResourceType( 4316): Failure getting entry for 0x7f020000 (t=1 e=0) (error -75)
D/PackagePrefetcher( 4316): put: /system/app/SecSetupWizard2013
D/PackagePrefetcher( 4316): put: /system/app/SecurityProviderSEC
D/PackagePrefetcher( 4316): put: /system/app/SecurityLogAgent
D/PackagePrefetcher( 4316): put: /system/app/SetDefaultLauncher
W/PackageParser( 4316): No actions in intent filter at /system/app/SecMemoDL/SecMemoDL.apk Binary XML file line #239
W/PackageParser( 4316): No actions in intent filter at /system/app/SecMemoDL/SecMemoDL.apk Binary XML file line #251
D/PackagePrefetcher( 4316): put: /system/app/SecMemoDL
W/ResourceType( 4316): Failure getting entry for 0x7f020000 (t=1 e=0) (error -75)
I/AudioPolicyManager( 3623): getAudioPolicyConfig: audioParam;outDevice
V/AudioPolicyManager( 3623): getNewOutputDevice() selected device 2
V/AudioPolicyManager( 3623): ### curdevice : 2
D/PackagePrefetcher( 4316): put: /system/app/ShootingModeProvider
D/PackagePrefetcher( 4316): put: /system/app/SilentLog
D/PackagePrefetcher( 4316): put: /system/app/SettingSearchProvider
W/ResourceType( 4316): Failure getting entry for 0x7f020000 (t=1 e=0) (error -75)
D/PackagePrefetcher( 4316): put: /system/app/SnsImageCache
D/PackagePrefetcher( 4316): put: /system/app/SmartcardService
D/PackagePrefetcher( 4316): put: /system/app/SharingAccessibilitySettings
W/ResourceType( 4316): Failure getting entry for 0x7f030000 (t=2 e=0) (error -75)
W/ResourceType( 4316): Failure getting entry for 0x7f020335 (t=1 e=821) (error -75)
D/PackagePrefetcher( 4316): put: /system/app/SmartcardManager
W/ResourceType( 4316): Failure getting entry for 0x7f02024f (t=1 e=591) (error -75)
W/ResourceType( 4316): Failure getting entry for 0x7f02024f (t=1 e=591) (error -75)
D/PackagePrefetcher( 4316): put: /system/app/Stk
W/ResourceType( 4316): Failure getting entry for 0x7f020019 (t=1 e=25) (error -75)
D/PackagePrefetcher( 4316): put: /system/app/SoundDetector
D/PackagePrefetcher( 4316): put: /system/app/Street
W/ResourceType( 4316): Failure getting entry for 0x7f020000 (t=1 e=0) (error -75)
D/PackagePrefetcher( 4316): put: /system/app/TasksProvider
I/OMXCodec( 3623): [OMX.google.vorbis.decoder] End Of Stream
I/AudioPolicyManager( 3623): getAudioPolicyConfig: audioParam;outDevice
V/AudioPolicyManager( 3623): getNewOutputDevice() selected device 2
V/AudioPolicyManager( 3623): ### curdevice : 2
D/PackagePrefetcher( 4316): put: /system/app/TcpdumpService
D/PackagePrefetcher( 4316): put: /system/app/TaskManager
D/PackagePrefetcher( 4316): put: /system/app/SmartRemote_KL
D/PackagePrefetcher( 4316): put: /system/app/SecEmail_K
D/PackagePrefetcher( 4316): put: /system/app/SysScope
D/PackagePrefetcher( 4316): put: /system/app/TetheringAutomation
D/PackagePrefetcher( 4316): put: /system/app/USBSettings
D/PackagePrefetcher( 4316): put: /system/app/TravelService_K
I/art     ( 4316): Background sticky concurrent mark sweep GC freed 59902(6MB) AllocSpace objects, 103(1785KB) LOS objects, 22% free, 22MB/28MB, paused 2.342ms total 156.372ms
D/PackagePrefetcher( 4316): put: /system/app/UniversalMDMClient
I/art     ( 4316): DexFile_isDexOptNeeded failed to open oat file '/data/dalvik-cache/arm/system@framework@allshare.jar@classes.dex' for file location '/system/framework/allshare.jar': Failed to open oat filename for reading: No such file or directory
D/AT_Distributor( 3644): try to connect RIL
E/AT_Distributor( 3644): connection fail & retry connect(3)
I/art     ( 4316): DexFile_isDexOptNeeded failed to open oat file '/data/dalvik-cache/arm/system@framework@com.android.future.usb.accessory.jar@classes.dex' for file location '/system/framework/com.android.future.usb.accessory.jar': Failed to open oat filename for reading: No such file or directory
D/PackagePrefetcher( 4316): put: /system/app/UserDictionaryProvider
I/art     ( 4316): DexFile_isDexOptNeeded failed to open oat file '/data/dalvik-cache/arm/system@framework@multiwindow.jar@classes.dex' for file location '/system/framework/multiwindow.jar': Failed to open oat filename for reading: No such file or directory
I/AudioPolicyManager( 3623): getAudioPolicyConfig: audioParam;outDevice
V/AudioPolicyManager( 3623): getNewOutputDevice() selected device 2
V/AudioPolicyManager( 3623): ### curdevice : 2
D/PackagePrefetcher( 4316): put: /system/app/VideoEditor_Lite_K
I/art     ( 4316): DexFile_isDexOptNeeded failed to open oat file '/data/dalvik-cache/arm/system@framework@secimaging.jar@classes.dex' for file location '/system/framework/secimaging.jar': Failed to open oat filename for reading: No such file or directory
I/art     ( 4316): DexFile_isDexOptNeeded failed to open oat file '/data/dalvik-cache/arm/system@framework@minimode.jar@classes.dex' for file location '/system/framework/minimode.jar': Failed to open oat filename for reading: No such file or directory
I/AudioPlayer( 3623): getNumFramesPendingPlayout() mNumFramesPlayed (131712), numFramesPlayedOut (129622)
V/AwesomePlayer( 3623): postAudioEOS delayUs (220725)
I/art     ( 4316): DexFile_isDexOptNeeded failed to open oat file '/data/dalvik-cache/arm/system@framework@smatlib.jar@classes.dex' for file location '/system/framework/smatlib.jar': Failed to open oat filename for reading: No such file or directory
I/art     ( 4316): DexFile_isDexOptNeeded failed to open oat file '/data/dalvik-cache/arm/system@framework@com.gsma.services.nfc.jar@classes.dex' for file location '/system/framework/com.gsma.services.nfc.jar': Failed to open oat filename for reading: No such file or directory
I/art     ( 4316): DexFile_isDexOptNeeded failed to open oat file '/data/dalvik-cache/arm/system@framework@com.android.nfc_extras.jar@classes.dex' for file location '/system/framework/com.android.nfc_extras.jar': Failed to open oat filename for reading: No such file or directory
E/art     ( 4316): DexFile_isDexOptNeeded file '/system/framework/javax.btobex.jar' does not exist
I/art     ( 4316): DexFile_isDexOptNeeded failed to open oat file '/data/dalvik-cache/arm/system@framework@secmarcoa.jar@classes.dex' for file location '/system/framework/secmarcoa.jar': Failed to open oat filename for reading: No such file or directory
W/PackageManager( 4316): Library not found: /system/framework/javax.btobex.jar
I/art     ( 4316): DexFile_isDexOptNeeded failed to open oat file '/data/dalvik-cache/arm/system@framework@android.test.runner.jar@classes.dex' for file location '/system/framework/android.test.runner.jar': Failed to open oat filename for reading: No such file or directory
D/PackagePrefetcher( 4316): put: /system/app/WebManual
D/PackagePrefetcher( 4316): put: /system/app/Videos
D/PackagePrefetcher( 4316): put: /system/app/WebViewGoogle
I/art     ( 4316): DexFile_isDexOptNeeded failed to open oat file '/data/dalvik-cache/arm/system@framework@org.simalliance.openmobileapi.jar@classes.dex' for file location '/system/framework/org.simalliance.openmobileapi.jar': Failed to open oat filename for reading: No such file or directory
D/PackagePrefetcher( 4316): put: /system/app/WlanTest
D/PackagePrefetcher( 4316): put: /system/app/WfdBroker
D/PackagePrefetcher( 4316): put: /system/app/WeatherDaemon2014_LMR
I/art     ( 4316): DexFile_isDexOptNeeded failed to open oat file '/data/dalvik-cache/arm/system@framework@com.android.location.provider.jar@classes.dex' for file location '/system/framework/com.android.location.provider.jar': Failed to open oat filename for reading: No such file or directory
I/art     ( 4316): DexFile_isDexOptNeeded failed to open oat file '/data/dalvik-cache/arm/system@framework@SLinkNTSManager.jar@classes.dex' for file location '/system/framework/SLinkNTSManager.jar': Failed to open oat filename for reading: No such file or directory
I/art     ( 4316): DexFile_isDexOptNeeded failed to open oat file '/data/dalvik-cache/arm/system@framework@com.google.widevine.software.drm.jar@classes.dex' for file location '/system/framework/com.google.widevine.software.drm.jar': Failed to open oat filename for reading: No such file or directory
D/PackagePrefetcher( 4316): put: /system/app/minimode-res
D/PackagePrefetcher( 4316): put: /system/app/ringtoneBR
I/art     ( 4316): DexFile_isDexOptNeeded failed to open oat file '/data/dalvik-cache/arm/system@framework@javax.obex.jar@classes.dex' for file location '/system/framework/javax.obex.jar': Failed to open oat filename for reading: No such file or directory
D/PackagePrefetcher( 4316): put: /system/app/secvisualeffect-res
I/art     ( 4316): DexFile_isDexOptNeeded failed to open oat file '/data/dalvik-cache/arm/system@framework@com.dsi.ant.antradio_library.jar@classes.dex' for file location '/system/framework/com.dsi.ant.antradio_library.jar': Failed to open oat filename for reading: No such file or directory
D/PackagePrefetcher( 4316): put: /system/priv-app/3DTourViewer_WQHD_K
I/art     ( 4316): DexFile_isDexOptNeeded failed to open oat file '/data/dalvik-cache/arm/system@framework@com.broadcom.nfc.jar@classes.dex' for file location '/system/framework/com.broadcom.nfc.jar': Failed to open oat filename for reading: No such file or directory
I/AudioPolicyManager( 3623): getAudioPolicyConfig: audioParam;outDevice
V/AudioPolicyManager( 3623): getNewOutputDevice() selected device 2
V/AudioPolicyManager( 3623): ### curdevice : 2
D/PackagePrefetcher( 4316): put: /system/priv-app/BackupRestoreConfirmation
D/PackagePrefetcher( 4316): put: /system/priv-app/AutomationTest_FB
I/art     ( 4316): DexFile_isDexOptNeeded failed to open oat file '/data/dalvik-cache/arm/system@framework@com.android.mediadrm.signer.jar@classes.dex' for file location '/system/framework/com.android.mediadrm.signer.jar': Failed to open oat filename for reading: No such file or directory
I/art     ( 4316): DexFile_isDexOptNeeded failed to open oat file '/data/dalvik-cache/arm/system@framework@secmediarecorder.jar@classes.dex' for file location '/system/framework/secmediarecorder.jar': Failed to open oat filename for reading: No such file or directory
E/art     ( 4316): DexFile_isDexOptNeeded file '/system/framework/imsmanager-internal.jar' does not exist
I/art     ( 4316): DexFile_isDexOptNeeded failed to open oat file '/data/dalvik-cache/arm/system@framework@sechardware.jar@classes.dex' for file location '/system/framework/sechardware.jar': Failed to open oat filename for reading: No such file or directory
W/PackageManager( 4316): Library not found: /system/framework/imsmanager-internal.jar
D/PackagePrefetcher( 4316): put: /system/app/SuperSU
I/art     ( 4316): DexFile_isDexOptNeeded failed to open oat file '/data/dalvik-cache/arm/system@framework@com.android.media.remotedisplay.jar@classes.dex' for file location '/system/framework/com.android.media.remotedisplay.jar': Failed to open oat filename for reading: No such file or directory
D/PackagePrefetcher( 4316): put: /system/priv-app/CloudAgent
E/art     ( 4316): DexFile_isDexOptNeeded file '/system/framework/validity-sys.jar' does not exist
I/art     ( 4316): DexFile_isDexOptNeeded failed to open oat file '/data/dalvik-cache/arm/system@framework@secsmartcard.jar@classes.dex' for file location '/system/framework/secsmartcard.jar': Failed to open oat filename for reading: No such file or directory
D/PackagePrefetcher( 4316): put: /system/priv-app/CSC
W/PackageManager( 4316): Library not found: /system/framework/validity-sys.jar
D/PackagePrefetcher( 4316): put: /system/priv-app/DCMProvider
D/PackagePrefetcher( 4316): put: /system/app/talkback
D/PackagePrefetcher( 4316): put: /system/priv-app/ContextProvider
D/PackagePrefetcher( 4316): put: /system/app/YouTube
I/art     ( 4316): DexFile_isDexOptNeeded failed to open oat file '/data/dalvik-cache/arm/system@framework@sec_platform_library.jar@classes.dex' for file location '/system/framework/sec_platform_library.jar': Failed to open oat filename for reading: No such file or directory
I/art     ( 4316): DexFile_isDexOptNeeded failed to open oat file '/data/dalvik-cache/arm/system@framework@twframework.jar@classes.dex' for file location '/system/framework/twframework.jar': Failed to open oat filename for reading: No such file or directory
W/ResourceType( 4316): Failure getting entry for 0x7f020002 (t=1 e=2) (error -75)
I/PackageParser( 4316): com.sec.dsm.system: compat added android.permission.WRITE_EXTERNAL_STORAGE
D/PackagePrefetcher( 4316): put: /system/priv-app/DSMLawmo
D/PackagePrefetcher( 4316): put: /system/priv-app/DefaultContainerService
I/art     ( 4316): DexFile_isDexOptNeeded failed to open oat file '/data/dalvik-cache/arm/system@framework@sgi.jar@classes.dex' for file location '/system/framework/sgi.jar': Failed to open oat filename for reading: No such file or directory
D/PackagePrefetcher( 4316): put: /system/priv-app/DiagMonAgent
D/PackagePrefetcher( 4316): put: /system/priv-app/DeviceTest
D/PackagePrefetcher( 4316): put: /system/priv-app/DocumentService
I/art     ( 4316): DexFile_isDexOptNeeded failed to open oat file '/data/dalvik-cache/arm/system@framework@secvisualeffect.jar@classes.dex' for file location '/system/framework/secvisualeffect.jar': Failed to open oat filename for reading: No such file or directory
D/PackagePrefetcher( 4316): put: /system/priv-app/DirectShareManager
I/AudioPolicyManager( 3623): getAudioPolicyConfig: audioParam;outDevice
V/AudioPolicyManager( 3623): getNewOutputDevice() selected device 2
V/AudioPolicyManager( 3623): ### curdevice : 2
D/PackagePrefetcher( 4316): put: /system/priv-app/EasyLauncher2
D/PackagePrefetcher( 4316): put: /system/priv-app/ExternalStorageProvider
I/art     ( 4316): DexFile_isDexOptNeeded failed to open oat file '/data/dalvik-cache/arm/system@framework@sec_feature.jar@classes.dex' for file location '/system/framework/sec_feature.jar': Failed to open oat filename for reading: No such file or directory
D/PackagePrefetcher( 4316): put: /system/priv-app/DeviceKeystring
I/art     ( 4316): DexFile_isDexOptNeeded failed to open oat file '/data/dalvik-cache/arm/system@framework@libvtmanagerjar.jar@classes.dex' for file location '/system/framework/libvtmanagerjar.jar': Failed to open oat filename for reading: No such file or directory
I/art     ( 4316): DexFile_isDexOptNeeded failed to open oat file '/data/dalvik-cache/arm/system@framework@com.broadcom.bt.jar@classes.dex' for file location '/system/framework/com.broadcom.bt.jar': Failed to open oat filename for reading: No such file or directory
D/PackagePrefetcher( 4316): put: /system/priv-app/FmmDS
I/art     ( 4316): DexFile_isDexOptNeeded failed to open oat file '/data/dalvik-cache/arm/system@framework@secvision.jar@classes.dex' for file location '/system/framework/secvision.jar': Failed to open oat filename for reading: No such file or directory
D/PackagePrefetcher( 4316): put: /system/priv-app/FingerprintService
D/PackagePrefetcher( 4316): put: /system/priv-app/FmmDM
I/art     ( 4316): DexFile_isDexOptNeeded failed to open oat file '/data/dalvik-cache/arm/system@framework@sws.jar@classes.dex' for file location '/system/framework/sws.jar': Failed to open oat filename for reading: No such file or directory
D/PackagePrefetcher( 4316): put: /system/priv-app/FusedLocation
D/PackagePrefetcher( 4316): put: /system/priv-app/FotaClient
I/art     ( 4316): DexFile_isDexOptNeeded failed to open oat file '/data/dalvik-cache/arm/system@framework@SLinkNTSManager.jar@classes.dex' for file location '/system/framework/SLinkNTSManager.jar': Failed to open oat filename for reading: No such file or directory
I/art     ( 4316): DexFile_isDexOptNeeded failed to open oat file '/data/dalvik-cache/arm/system@framework@allshare.jar@classes.dex' for file location '/system/framework/allshare.jar': Failed to open oat filename for reading: No such file or directory
V/AwesomePlayer( 3623): onCheckAudioStatus
V/AwesomePlayer( 3623): onCheckAudioStatus() set AUDIO_AT_EOS flag
V/AwesomePlayer( 3623): onStreamDone
V/AwesomePlayer( 3623): MEDIA_PLAYBACK_COMPLETE
V/AwesomePlayer( 3623): notifyListner_l() msg (2-MEDIA_PLAYBACK_COMPLETE), ext1 (0), ext2 (0)
V/MediaPlayerService( 3623): [1] notify (0xb2a5d300, 2, 0, 0)
V/AwesomePlayer( 3623): notifyListner_l() msg (7-MEDIA_PAUSED), ext1 (0), ext2 (0)
V/MediaPlayerService( 3623): [1] notify (0xb2a5d300, 7, 0, 0)
V/AwesomePlayer( 3623): cancelPlayerEvents (keepNotifications=1)
V/AudioSink( 3623): stop
V/MediaPlayer( 3870): message received msg=2, ext1=0, ext2=0
V/AwesomePlayer( 3623): addBatteryData
D/PackagePrefetcher( 4316): put: /system/priv-app/GoogleBackupTransport
D/PackagePrefetcher( 4316): put: /system/priv-app/GoogleOneTimeInitializer
V/MediaPlayer( 3870): playback complete
V/MediaPlayer( 3870): callback application
V/SamsungPowerSound( 3870): Power sound playback complete
V/SamsungPowerSound( 3870): resetObserverDevice
V/SamsungPowerSound( 3870): requestExit() to Observer thread
V/MediaPlayer( 3870): setListener
V/MediaPlayer( 3870): disconnect
V/MediaPlayerService( 3623): disconnect(1) from pid 3870
V/StagefrightPlayer( 3623): reset
V/AwesomePlayer( 3623): reset_l()
V/AwesomePlayer( 3623): notifyListner_l() msg (8-MEDIA_STOPPED), ext1 (0), ext2 (0)
D/wrapperGPS( 3641): wrapperConnect_RILD
V/AwesomePlayer( 3623): cancelPlayerEvents (keepNotifications=0)
V/AwesomePlayer( 3623): mAudioTrackVector clear
V/AudioSink( 3623): stop
V/AudioSink( 3623): flush
V/AudioSink( 3623): +++ close
V/AudioSink( 3623): --- close
I/OMXCodec( 3623): [OMX.google.vorbis.decoder] stop mState=4
I/OMXCodec( 3623): [OMX.google.vorbis.decoder] stop() sendCommand(0x37, OMX_CommandStateSet, OMX_StateIdle)
I/OMXCodec( 3623): [OMX.google.vorbis.decoder] Now Idle. Component sends idle done Event 
I/art     ( 4316): DexFile_isDexOptNeeded failed to open oat file '/data/dalvik-cache/arm/system@framework@am.jar@classes.dex' for file location '/system/framework/am.jar': Failed to open oat filename for reading: No such file or directory
I/OMXCodec( 3623): [OMX.google.vorbis.decoder] stopOmxComponent_l() mstate = 1
I/OggExtractor( 3623): OggSource::stop() mExtractor ref count = 1
I/OggExtractor( 3623): OggSource::~OggSource() mExtractor !mStarted ref count = 1
I/OggExtractor( 3623): ~OggSource --
I/OggExtractor( 3623): ~OggExtractor ++
I/OggExtractor( 3623): ~MyVorbisExtractor ++ 
I/OggExtractor( 3623): ~MyVorbisExtractor --
I/OggExtractor( 3623): ~OggExtractor --
D/PackagePrefetcher( 4316): put: /system/priv-app/GoogleFeedback
I/AudioPlayer( 3623): reset out
V/AwesomePlayer( 3623): reset_l() mAudioPlayer successfully deleted
I/SecVideoCapture( 3623): SecVideoCapture destructor
I/SecVideoCapture( 3623): reset
V/AwesomePlayer( 3623): mSecCapture clear
I/SecMediaClock( 3623): SecMediaClock destructor
V/AwesomePlayer( 3623): mSecMediaClock clear
V/StagefrightPlayer( 3623): ~StagefrightPlayer
V/StagefrightPlayer( 3623): reset
V/AwesomePlayer( 3623): reset_l()
V/AwesomePlayer( 3623): notifyListner_l() msg (8-MEDIA_STOPPED), ext1 (0), ext2 (0)
V/AwesomePlayer( 3623): cancelPlayerEvents (keepNotifications=0)
V/AwesomePlayer( 3623): mAudioTrackVector clear
V/AwesomePlayer( 3623): reset_l() mAudioPlayer successfully deleted
V/AwesomePlayer( 3623): mSecCapture clear
V/AwesomePlayer( 3623): mSecMediaClock clear
V/AwesomePlayer( 3623): destructor
V/AwesomePlayer( 3623): reset_l()
V/AwesomePlayer( 3623): notifyListner_l() msg (8-MEDIA_STOPPED), ext1 (0), ext2 (0)
V/AwesomePlayer( 3623): cancelPlayerEvents (keepNotifications=0)
V/AwesomePlayer( 3623): mAudioTrackVector clear
V/AwesomePlayer( 3623): reset_l() mAudioPlayer successfully deleted
V/AwesomePlayer( 3623): mSecCapture clear
V/AwesomePlayer( 3623): mSecMediaClock clear
V/SamsungPowerSound( 3870): set bootsnd property to 0
V/MediaPlayer( 3870): back from callback
V/MediaPlayer( 3870): message received msg=7, ext1=0, ext2=0
V/MediaPlayerService( 3623): Client(1) destructor pid = 3870
V/AudioSink( 3623): +++ close
V/AudioSink( 3623): --- close
V/MediaPlayerService( 3623): disconnect(1) from pid 3870
D/PackagePrefetcher( 4316): put: /system/priv-app/GooglePartnerSetup
V/MediaPlayer( 3870): notify(7, 0, 0) callback on disconnected mediaplayer
V/MediaPlayer( 3870): destructor
V/MediaPlayer( 3870): disconnect
I/art     ( 4316): DexFile_isDexOptNeeded failed to open oat file '/data/dalvik-cache/arm/system@framework@android.test.runner.jar@classes.dex' for file location '/system/framework/android.test.runner.jar': Failed to open oat filename for reading: No such file or directory
I/art     ( 4316): DexFile_isDexOptNeeded failed to open oat file '/data/dalvik-cache/arm/system@framework@appops.jar@classes.dex' for file location '/system/framework/appops.jar': Failed to open oat filename for reading: No such file or directory
I/art     ( 4316): DexFile_isDexOptNeeded failed to open oat file '/data/dalvik-cache/arm/system@framework@appwidget.jar@classes.dex' for file location '/system/framework/appwidget.jar': Failed to open oat filename for reading: No such file or directory
I/art     ( 4316): DexFile_isDexOptNeeded failed to open oat file '/data/dalvik-cache/arm/system@framework@bmgr.jar@classes.dex' for file location '/system/framework/bmgr.jar': Failed to open oat filename for reading: No such file or directory
W/ResourceType( 4316): Failure getting entry for 0x7f030000 (t=2 e=0) (error -75)
D/PackagePrefetcher( 4316): put: /system/priv-app/HealthService
I/art     ( 4316): DexFile_isDexOptNeeded failed to open oat file '/data/dalvik-cache/arm/system@framework@bu.jar@classes.dex' for file location '/system/framework/bu.jar': Failed to open oat filename for reading: No such file or directory
W/ResourceType( 4316): Failure getting entry for 0x7f030000 (t=2 e=0) (error -75)
W/ResourceType( 4316): Failure getting entry for 0x7f030000 (t=2 e=0) (error -75)
D/PackagePrefetcher( 4316): put: /system/priv-app/GroupPlay_27
