I/art     ( 4046): DexFile_isDexOptNeeded failed to open oat file '/data/dalvik-cache/arm/system@priv-app@Trebuchet@Trebuchet.apk@classes.dex' for file location '/system/priv-app/Trebuchet/Trebuchet.apk': Failed to open oat filename for reading: No such file or directory
I/art     ( 4046): DexFile_isDexOptNeeded failed to open oat file '/system/priv-app/Trebuchet/arm/Trebuchet.odex' for file location '/system/priv-app/Trebuchet/Trebuchet.apk': Failed to open oat filename for reading: No such file or directory
I/PackageManager( 4046): Running dexopt on: /system/priv-app/Trebuchet/Trebuchet.apk pkg=com.cyanogenmod.trebuchet isa=arm vmSafeMode=false
I/dex2oat ( 5060): /system/bin/dex2oat --zip-fd=5 --zip-location=/system/priv-app/Trebuchet/Trebuchet.apk --oat-fd=6 --oat-location=/data/dalvik-cache/arm/system@priv-app@Trebuchet@Trebuchet.apk@classes.dex --instruction-set=arm --instruction-set-features=div --runtime-arg -Xms64m --runtime-arg -Xmx512m
W/SurfaceFlinger( 3661): Ignoring duplicate VSYNC event from HWC (t=70230184299)
I/dex2oat ( 5060): dex2oat took 2.507s (threads: 8)
I/art     ( 4046): DexFile_isDexOptNeeded failed to open oat file '/data/dalvik-cache/arm/system@app@Provision@Provision.apk@classes.dex' for file location '/system/app/Provision/Provision.apk': Failed to open oat filename for reading: No such file or directory
I/art     ( 4046): DexFile_isDexOptNeeded failed to open oat file '/system/app/Provision/arm/Provision.odex' for file location '/system/app/Provision/Provision.apk': Failed to open oat filename for reading: No such file or directory
I/PackageManager( 4046): Running dexopt on: /system/app/Provision/Provision.apk pkg=com.android.provision isa=arm vmSafeMode=false
I/dex2oat ( 5070): /system/bin/dex2oat --zip-fd=5 --zip-location=/system/app/Provision/Provision.apk --oat-fd=6 --oat-location=/data/dalvik-cache/arm/system@app@Provision@Provision.apk@classes.dex --instruction-set=arm --instruction-set-features=div --runtime-arg -Xms64m --runtime-arg -Xmx512m
I/dex2oat ( 5070): dex2oat took 59.260ms (threads: 8)
I/art     ( 4046): DexFile_isDexOptNeeded failed to open oat file '/data/dalvik-cache/arm/system@app@Calendar@Calendar.apk@classes.dex' for file location '/system/app/Calendar/Calendar.apk': Failed to open oat filename for reading: No such file or directory
I/art     ( 4046): DexFile_isDexOptNeeded failed to open oat file '/system/app/Calendar/arm/Calendar.odex' for file location '/system/app/Calendar/Calendar.apk': Failed to open oat filename for reading: No such file or directory
I/PackageManager( 4046): Running dexopt on: /system/app/Calendar/Calendar.apk pkg=com.android.calendar isa=arm vmSafeMode=false
I/dex2oat ( 5079): /system/bin/dex2oat --zip-fd=5 --zip-location=/system/app/Calendar/Calendar.apk --oat-fd=6 --oat-location=/data/dalvik-cache/arm/system@app@Calendar@Calendar.apk@classes.dex --instruction-set=arm --instruction-set-features=div --runtime-arg -Xms64m --runtime-arg -Xmx512m
I/dex2oat ( 5079): dex2oat took 821.336ms (threads: 8)
I/SystemServer( 4046): LockSettingsService
I/SystemServiceManager( 4046): Starting com.android.server.devicepolicy.DevicePolicyManagerService$Lifecycle
I/SystemServer( 4046): Status Bar
I/SystemServer( 4046): Clipboard Service
W/ClipboardService( 4046): No security bridge jar found, using default
I/SystemServer( 4046): TorchService
I/CameraManager( 4046): getCameraServiceLocked: Reconnecting to camera service
E/CameraManager( 4046): Camera service is unavailable
E/TorchService( 4046): Couldn't initialize.
E/TorchService( 4046): java.lang.NumberFormatException: Invalid int: "null"
E/TorchService( 4046): 	at java.lang.Integer.invalidInt(Integer.java:138)
E/TorchService( 4046): 	at java.lang.Integer.parseInt(Integer.java:358)
E/TorchService( 4046): 	at java.lang.Integer.parseInt(Integer.java:334)
E/TorchService( 4046): 	at java.lang.Integer.valueOf(Integer.java:525)
E/TorchService( 4046): 	at com.android.server.TorchService.initialize(TorchService.java:104)
E/TorchService( 4046): 	at com.android.server.TorchService.<init>(TorchService.java:99)
E/TorchService( 4046): 	at com.android.server.SystemServer.startOtherServices(SystemServer.java:656)
E/TorchService( 4046): 	at com.android.server.SystemServer.run(SystemServer.java:284)
E/TorchService( 4046): 	at com.android.server.SystemServer.main(SystemServer.java:185)
E/TorchService( 4046): 	at java.lang.reflect.Method.invoke(Native Method)
E/TorchService( 4046): 	at java.lang.reflect.Method.invoke(Method.java:372)
E/TorchService( 4046): 	at com.android.internal.os.ZygoteInit$MethodAndArgsCaller.run(ZygoteInit.java:898)
E/TorchService( 4046): 	at com.android.internal.os.ZygoteInit.main(ZygoteInit.java:693)
I/SystemServer( 4046): NetworkManagement Service
I/SystemServer( 4046): Text Service Manager Service
I/SystemServer( 4046): Network Score Service
I/SystemServer( 4046): NetworkStats Service
I/SystemServer( 4046): NetworkPolicy Service
I/SystemServiceManager( 4046): Starting com.android.server.wifi.p2p.WifiP2pService
I/WifiP2pService( 4046): Registering wifip2p
I/SystemServiceManager( 4046): Starting com.android.server.wifi.WifiService
E/WifiConfigStore( 4046): associatedPartialScanPeriodMilli set to 20000
D/WifiController( 4046): isAirplaneModeOn = false, isWifiEnabled = false, isScanningAvailable = false
I/WifiService( 4046): Registering wifi
I/SystemServiceManager( 4046): Starting com.android.server.wifi.WifiScanningService
I/WifiScanningService( 4046): Creating wifiscanner
I/WifiScanningService( 4046): Starting wifiscanner
I/SystemServiceManager( 4046): Starting com.android.server.wifi.RttService
I/RttService( 4046): Creating rttmanager
I/RttService( 4046): Starting rttmanager
I/SystemServer( 4046): Connectivity Service
D/ConnectivityService( 4046): ConnectivityService starting up
D/ConnectivityService( 4046): wifiOnly=true
D/ConnectivityService( 4046): networkAttributes - ignoring mobile as this dev is wifiOnly 0
D/ConnectivityService( 4046): networkAttributes - ignoring mobile as this dev is wifiOnly 2
D/ConnectivityService( 4046): networkAttributes - ignoring mobile as this dev is wifiOnly 3
D/ConnectivityService( 4046): networkAttributes - ignoring mobile as this dev is wifiOnly 4
D/ConnectivityService( 4046): networkAttributes - ignoring mobile as this dev is wifiOnly 5
E/ConnectivityService( 4046): Ignoring protectedNetwork 10
E/ConnectivityService( 4046): Ignoring protectedNetwork 11
E/ConnectivityService( 4046): Ignoring protectedNetwork 12
E/ConnectivityService( 4046): Ignoring protectedNetwork 14
E/ConnectivityService( 4046): Ignoring protectedNetwork 15
I/SystemServer( 4046): Network Service Discovery Service
D/NsdService( 4046): Network service discovery enabled true
I/SystemServer( 4046): DPM Service
I/SystemServer( 4046): DPM configuration set to 0
I/SystemServer( 4046): UpdateLock Service
I/SystemServiceManager( 4046): Starting com.android.server.notification.NotificationManagerService
I/SystemServiceManager( 4046): Starting com.android.server.storage.DeviceStorageMonitorService
I/SystemServer( 4046): Location Manager
I/SystemServer( 4046): Country Detector
I/SystemServer( 4046): Search Service
I/SystemServer( 4046): DropBox Service
I/SystemServer( 4046): Wallpaper Service
W/WallpaperManagerService( 4046): no current wallpaper -- first boot?
I/SystemServer( 4046): Profile Manager
D/WifiService( 4046): New client listening to asynchronous messages
V/ProfileTriggerHelper( 4046): Enabling
D/ProfileService( 4046): Found active: e6220b1f-6d36-4047-8f8c-0e06c0962d36
D/ProfileService( 4046): Set active profile to: e6220b1f-6d36-4047-8f8c-0e06c0962d36 - Por defecto
D/ProfileService( 4046): Saving profile data...
D/ProfileService( 4046): Save completed.
I/SystemServer( 4046): Audio Service
E/AudioService( 4046): Media server died.
I/ServiceManager( 4046): Waiting for service media.audio_policy...
W/TelecomManager( 4046): Telecom Service not found.
W/SurfaceFlinger( 3661): Ignoring duplicate VSYNC event from HWC (t=74125569049)
I/ServiceManager( 4046): Waiting for service media.audio_policy...
I/ServiceManager( 4046): Waiting for service media.audio_policy...
W/SurfaceFlinger( 3661): Ignoring duplicate VSYNC event from HWC (t=76031246799)
W/SurfaceFlinger( 3661): Ignoring duplicate VSYNC event from HWC (t=76435981716)
I/ServiceManager( 4046): Waiting for service media.audio_policy...
W/SurfaceFlinger( 3661): Ignoring duplicate VSYNC event from HWC (t=77110572299)
I/ServiceManager( 4046): Waiting for service media.audio_policy...
W/AudioSystem( 4046): AudioPolicyService not published, waiting...
