I/art     ( 5179): GenerateImage: /system/bin/dex2oat --image=/data/dalvik-cache/arm/system@framework@boot.art --dex-file=/system/framework/core-libart.jar --dex-file=/system/framework/conscrypt.jar --dex-file=/system/framework/okhttp.jar --dex-file=/system/framework/core-junit.jar --dex-file=/system/framework/bouncycastle.jar --dex-file=/system/framework/ext.jar --dex-file=/system/framework/framework.jar --dex-file=/system/framework/telephony-common.jar --dex-file=/system/framework/voip-common.jar --dex-file=/system/framework/ims-common.jar --dex-file=/system/framework/mms-common.jar --dex-file=/system/framework/android.policy.jar --dex-file=/system/framework/apache-xml.jar --oat-file=/data/dalvik-cache/arm/system@framework@boot.oat --instruction-set=arm --instruction-set-features=div --base=0x6f5c3000 --runtime-arg -Xms64m --runtime-arg -Xmx64m --image-classes-zip=/system/framework/framework.jar --image-classes=preloaded-classes
W/art     ( 5179): Unexpected file type of 
W/art     ( 5179):  encountered.
W/art     ( 5179): Could not create image space with image file '/system/framework/boot.art'. Attempting to fall back to imageless running. Error was: Failed to generate image '/data/dalvik-cache/arm/system@framework@boot.art': Failed execv(/system/bin/dex2oat --image=/data/dalvik-cache/arm/system@framework@boot.art --dex-file=/system/framework/core-libart.jar --dex-file=/system/framework/conscrypt.jar --dex-file=/system/framework/okhttp.jar --dex-file=/system/framework/core-junit.jar --dex-file=/system/framework/bouncycastle.jar --dex-file=/system/framework/ext.jar --dex-file=/system/framework/framework.jar --dex-file=/system/framework/telephony-common.jar --dex-file=/system/framework/voip-common.jar --dex-file=/system/framework/ims-common.jar --dex-file=/system/framework/mms-common.jar --dex-file=/system/framework/android.policy.jar --dex-file=/system/framework/apache-xml.jar --oat-file=/data/dalvik-cache/arm/system@framework@boot.oat --instruction-set=arm --instruction-set-features=div --base=0x6f5c3000 --runtime-arg -Xms64
D/hwcomposer( 5176): using
D/hwcomposer( 5176): xres         = 1080 px
D/hwcomposer( 5176): yres         = 1920 px
D/hwcomposer( 5176): width        = 65 mm (422.030000 dpi)
D/hwcomposer( 5176): height       = 115 mm (424.069000 dpi)
D/hwcomposer( 5176): refresh rate = 60 Hz
D/libexynosv4l2-subdev( 5176): try node: /dev/v4l-subdev0
D/libexynosv4l2-subdev( 5176): try node: /dev/v4l-subdev1
D/libexynosv4l2-subdev( 5176): try node: /dev/v4l-subdev2
I/libexynosv4l2-subdev( 5176): node found for device s5p-mixer0: /dev/v4l-subdev2
I/libexynosv4l2-subdev( 5176): open subdev device /dev/v4l-subdev2
I/hwcomposer( 5176): PSR info devname = /sys/devices/14400000.fimd_fb/psr_info
I/hwcomposer( 5176): PSR mode is 2(0: video mode, 1: DP PSR mode, 2: MIPI-DSI command mode)
I/SurfaceFlinger( 5176): Using composer version 1.3
I/SurfaceFlinger( 5176): EGL information:
I/SurfaceFlinger( 5176): vendor    : Android
I/SurfaceFlinger( 5176): version   : 1.4 Android META-EGL
I/SurfaceFlinger( 5176): extensions: EGL_KHR_get_all_proc_addresses EGL_ANDROID_presentation_time EGL_KHR_image EGL_KHR_image_base EGL_KHR_gl_texture_2D_image EGL_KHR_gl_texture_cubemap_image EGL_KHR_gl_renderbuffer_image EGL_KHR_fence_sync EGL_KHR_create_context EGL_ANDROID_image_native_buffer EGL_KHR_wait_sync EGL_ANDROID_recordable 
I/SurfaceFlinger( 5176): Client API: OpenGL_ES
I/SurfaceFlinger( 5176): EGLSurface: 8-8-8-8, config=0xb6acf2ac
I/SurfaceFlinger( 5176): OpenGL ES informations:
I/SurfaceFlinger( 5176): vendor    : ARM
I/SurfaceFlinger( 5176): renderer  : Mali-T628
I/SurfaceFlinger( 5176): version   : OpenGL ES 3.0
I/SurfaceFlinger( 5176): extensions: GL_EXT_debug_marker GL_ARM_rgba8 GL_ARM_mali_shader_binary GL_OES_depth24 GL_OES_depth_texture GL_OES_depth_texture_cube_map GL_OES_packed_depth_stencil GL_OES_rgb8_rgba8 GL_EXT_read_format_bgra GL_OES_compressed_paletted_texture GL_OES_compressed_ETC1_RGB8_texture GL_OES_standard_derivatives GL_OES_EGL_image GL_OES_EGL_image_external GL_OES_EGL_sync GL_OES_texture_npot GL_OES_vertex_half_float GL_OES_required_internalformat GL_OES_vertex_array_object GL_OES_mapbuffer GL_EXT_texture_format_BGRA8888 GL_EXT_texture_rg GL_EXT_texture_type_2_10_10_10_REV GL_OES_fbo_render_mipmap GL_OES_element_index_uint GL_EXT_shadow_samplers GL_OES_texture_compression_astc GL_KHR_texture_compression_astc_ldr GL_KHR_texture_compression_astc_hdr GL_KHR_debug GL_EXT_occlusion_query_boolean GL_EXT_blend_minmax GL_EXT_discard_framebuffer GL_OES_get_program_binary GL_OES_texture_3D GL_EXT_texture_storage GL_EXT_multisampled_render_to_texture GL_OES_surfaceless_context GL_ARM_mali_program_binary 
I/SurfaceFlinger( 5176): GL_MAX_TEXTURE_SIZE = 8192
I/SurfaceFlinger( 5176): GL_MAX_VIEWPORT_DIMS = 8192
E/libEGL  ( 5176): eglQuerySurface:607 error 300d (EGL_BAD_SURFACE)
E/libEGL  ( 5176): eglQuerySurface:607 error 300d (EGL_BAD_SURFACE)
E/libEGL  ( 5176): call to OpenGL ES API with no current context (logged once per thread)
D/SurfaceFlinger( 5176): Set power mode=2, type=0 flinger=0xb6a62000
I/hwcomposer( 5176): int exynos5_blank(hwc_composer_device_1*, int, int):: disp(0), blank(0)
I/hwcomposer( 5176): unblank ioctl failed (display already unblanked)
E/libEGL  ( 5176): eglSwapBuffers:1071 error 300d (EGL_BAD_SURFACE)
F/SurfaceFlinger( 5176): eglSwapBuffers(0x1, 0x0) failed with 0x0000300d
F/libc    ( 5176): Fatal signal 6 (SIGABRT), code -6 in tid 5176 (surfaceflinger)
I/DEBUG   ( 3585): property debug.db.uid not set; NOT waiting for gdb.
I/DEBUG   ( 3585): HINT: adb shell setprop debug.db.uid 100000
I/DEBUG   ( 3585): HINT: adb forward tcp:5039 tcp:5039
I/DEBUG   ( 3585): *** *** *** *** *** *** *** *** *** *** *** *** *** *** *** ***
I/DEBUG   ( 3585): Build fingerprint: 'samsung/cm_k3gxx/k3gxx:5.0.2/LRX22G/ca2fb2b51d:userdebug/test-keys'
I/DEBUG   ( 3585): Revision: '10'
I/DEBUG   ( 3585): ABI: 'arm'
I/DEBUG   ( 3585): pid: 5176, tid: 5176, name: surfaceflinger  >>> /system/bin/surfaceflinger <<<
I/DEBUG   ( 3585): signal 6 (SIGABRT), code -6 (SI_TKILL), fault addr --------
I/DEBUG   ( 3585): Abort message: 'eglSwapBuffers(0x1, 0x0) failed with 0x0000300d'
I/DEBUG   ( 3585):     r0 00000000  r1 00001438  r2 00000006  r3 00000000
I/DEBUG   ( 3585):     r4 b6ffc114  r5 00000006  r6 0000000b  r7 0000010c
I/DEBUG   ( 3585):     r8 00000000  r9 beb89bd0  sl b6a54210  fp beb89bd0
I/DEBUG   ( 3585):     ip 00001438  sp beb89650  lr b6f867b9  pc b6faa4e4  cpsr 600f0010
I/DEBUG   ( 3585): 
I/DEBUG   ( 3585): backtrace:
I/DEBUG   ( 3585):     #00 pc 000384e4  /system/lib/libc.so (tgkill+12)
I/DEBUG   ( 3585):     #01 pc 000147b5  /system/lib/libc.so (pthread_kill+52)
I/DEBUG   ( 3585):     #02 pc 0001550b  /system/lib/libc.so (raise+10)
I/DEBUG   ( 3585):     #03 pc 00011c35  /system/lib/libc.so (__libc_android_abort+36)
I/DEBUG   ( 3585):     #04 pc 0000fcb8  /system/lib/libc.so (abort+4)
I/DEBUG   ( 3585):     #05 pc 00007739  /system/lib/libcutils.so (__android_log_assert+88)
I/DEBUG   ( 3585):     #06 pc 0000f4df  /system/lib/libsurfaceflinger.so
I/DEBUG   ( 3585):     #07 pc 0001b9fd  /system/lib/libsurfaceflinger.so
I/DEBUG   ( 3585):     #08 pc 0001abe7  /system/lib/libsurfaceflinger.so
I/DEBUG   ( 3585):     #09 pc 00019fc3  /system/lib/libsurfaceflinger.so
I/DEBUG   ( 3585):     #10 pc 00019d49  /system/lib/libsurfaceflinger.so
I/DEBUG   ( 3585):     #11 pc 00010ed3  /system/lib/libutils.so (android::Looper::pollInner(int)+410)
I/DEBUG   ( 3585):     #12 pc 00010fc5  /system/lib/libutils.so (android::Looper::pollOnce(int, int*, int*, void**)+92)
I/DEBUG   ( 3585):     #13 pc 000174c5  /system/lib/libsurfaceflinger.so
I/DEBUG   ( 3585):     #14 pc 0001993d  /system/lib/libsurfaceflinger.so (android::SurfaceFlinger::run()+8)
I/DEBUG   ( 3585):     #15 pc 0000083d  /system/bin/surfaceflinger
I/DEBUG   ( 3585):     #16 pc 0000fb75  /system/lib/libc.so (__libc_init+44)
I/DEBUG   ( 3585):     #17 pc 000008d8  /system/bin/surfaceflinger
W/auditd  ( 3593): type=1325 audit(0.0:1364): table=raw family=2 entries=8
W/iptables( 5310): type=1300 audit(0.0:1364): arch=40000028 syscall=294 per=800000 success=yes exit=0 a0=4 a1=0 a2=40 a3=b6c1ba00 items=0 ppid=5174 auid=4294967295 uid=0 gid=0 euid=0 suid=0 fsuid=0 egid=0 sgid=0 fsgid=0 ses=4294967295 tty=(none) exe="/system/bin/iptables" subj=u:r:netd:s0 key=(null)
W/auditd  ( 3593): type=1320 audit(0.0:1364): 
W/auditd  ( 3593): type=1325 audit(0.0:1365): table=raw family=10 entries=8
W/ip6tables( 5311): type=1300 audit(0.0:1365): arch=40000028 syscall=294 per=800000 success=yes exit=0 a0=4 a1=29 a2=40 a3=b6c32800 items=0 ppid=5174 auid=4294967295 uid=0 gid=0 euid=0 suid=0 fsuid=0 egid=0 sgid=0 fsgid=0 ses=4294967295 tty=(none) exe="/system/bin/ip6tables" subj=u:r:netd:s0 key=(null)
W/auditd  ( 3593): type=1320 audit(0.0:1365): 
W/auditd  ( 3593): type=1325 audit(0.0:1366): table=raw family=2 entries=8
W/iptables( 5312): type=1300 audit(0.0:1366): arch=40000028 syscall=294 per=800000 success=yes exit=0 a0=4 a1=0 a2=40 a3=b6c30100 items=0 ppid=5174 auid=4294967295 uid=0 gid=0 euid=0 suid=0 fsuid=0 egid=0 sgid=0 fsgid=0 ses=4294967295 tty=(none) exe="/system/bin/iptables" subj=u:r:netd:s0 key=(null)
W/auditd  ( 3593): type=1320 audit(0.0:1366): 
W/auditd  ( 3593): type=1325 audit(0.0:1367): table=raw family=10 entries=8
W/ip6tables( 5313): type=1300 audit(0.0:1367): arch=40000028 syscall=294 per=800000 success=yes exit=0 a0=4 a1=29 a2=40 a3=b6c32400 items=0 ppid=5174 auid=4294967295 uid=0 gid=0 euid=0 suid=0 fsuid=0 egid=0 sgid=0 fsgid=0 ses=4294967295 tty=(none) exe="/system/bin/ip6tables" subj=u:r:netd:s0 key=(null)
W/auditd  ( 3593): type=1320 audit(0.0:1367): 
W/auditd  ( 3593): type=1325 audit(0.0:1368): table=raw family=2 entries=6
W/iptables( 5314): type=1300 audit(0.0:1368): arch=40000028 syscall=294 per=800000 success=yes exit=0 a0=4 a1=0 a2=40 a3=b6c20400 items=0 ppid=5174 auid=4294967295 uid=0 gid=0 euid=0 suid=0 fsuid=0 egid=0 sgid=0 fsgid=0 ses=4294967295 tty=(none) exe="/system/bin/iptables" subj=u:r:netd:s0 key=(null)
W/auditd  ( 3593): type=1320 audit(0.0:1368): 
W/auditd  ( 3593): type=1325 audit(0.0:1369): table=raw family=10 entries=6
W/ip6tables( 5315): type=1300 audit(0.0:1369): arch=40000028 syscall=294 per=800000 success=yes exit=0 a0=4 a1=29 a2=40 a3=b6c31800 items=0 ppid=5174 auid=4294967295 uid=0 gid=0 euid=0 suid=0 fsuid=0 egid=0 sgid=0 fsgid=0 ses=4294967295 tty=(none) exe="/system/bin/ip6tables" subj=u:r:netd:s0 key=(null)
W/auditd  ( 3593): type=1320 audit(0.0:1369): 
W/auditd  ( 3593): type=1325 audit(0.0:1370): table=raw family=2 entries=8
W/iptables( 5316): type=1300 audit(0.0:1370): arch=40000028 syscall=294 per=800000 success=yes exit=0 a0=4 a1=0 a2=40 a3=b6c1ba00 items=0 ppid=5174 auid=4294967295 uid=0 gid=0 euid=0 suid=0 fsuid=0 egid=0 sgid=0 fsgid=0 ses=4294967295 tty=(none) exe="/system/bin/iptables" subj=u:r:netd:s0 key=(null)
I/ServiceManager( 5177): Waiting for service batterystats...
I/DEBUG   ( 3585): 
I/DEBUG   ( 3585): Tombstone written to: /data/tombstones/tombstone_08
I/ServiceManager( 3573): service 'SurfaceFlinger' died
I/ServiceManager( 3573): service 'Exynos.HWCService' died
I/ServiceManager( 3573): service 'media.wifi_display' died
I/ServiceManager( 3573): service 'media.audio_flinger' died
W/init    ( 5363): type=1400 audit(0.0:1415): avc: denied { entrypoint } for path="/system/bin/auditd" dev="mmcblk0p18" ino=173 scontext=u:r:logd:s0 tcontext=u:object_r:system_file:s0 tclass=file
W/init    ( 5363): type=1300 audit(0.0:1415): arch=40000028 syscall=11 per=800000 success=no exit=-13 a0=b6d80954 a1=b6d69530 a2=57e64 a3=ff0000 items=1 ppid=1 auid=4294967295 uid=0 gid=0 euid=0 suid=0 fsuid=0 egid=0 sgid=0 fsgid=0 ses=4294967295 tty=(none) exe="/init" subj=u:r:init:s0 key=(null)
W/auditd  ( 3593): type=1307 audit(0.0:1415): cwd="/"
W/auditd  ( 3593): type=1302 audit(0.0:1415): item=0 name="/system/bin/auditd" inode=173 dev=103:0a mode=0100755 ouid=0 ogid=2000 rdev=00:00 obj=u:object_r:system_file:s0
W/auditd  ( 3593): type=1320 audit(0.0:1415): 
I/Netd    ( 5364): Netd 1.0 starting
E/Netd    ( 5364): Failed to open /proc/sys/net/ipv6/conf/default/accept_ra_rt_table: No such file or directory
E/Netd    ( 5364): Failed to open /proc/sys/net/ipv6/conf/ip6tnl0/accept_ra_rt_table: No such file or directory
E/Netd    ( 5364): Failed to open /proc/sys/net/ipv6/conf/lo/accept_ra_rt_table: No such file or directory
E/Netd    ( 5364): Failed to open /proc/sys/net/ipv6/conf/rmnet0/accept_ra_rt_table: No such file or directory
E/Netd    ( 5364): Failed to open /proc/sys/net/ipv6/conf/rmnet1/accept_ra_rt_table: No such file or directory
E/Netd    ( 5364): Failed to open /proc/sys/net/ipv6/conf/rmnet2/accept_ra_rt_table: No such file or directory
E/Netd    ( 5364): Failed to open /proc/sys/net/ipv6/conf/rmnet3/accept_ra_rt_table: No such file or directory
E/Netd    ( 5364): Failed to open /proc/sys/net/ipv6/conf/sit0/accept_ra_rt_table: No such file or directory
W/auditd  ( 3593): type=1325 audit(0.0:1416): table=filter family=2 entries=33
W/iptables( 5370): type=1300 audit(0.0:1416): arch=40000028 syscall=294 per=800000 success=yes exit=0 a0=4 a1=0 a2=40 a3=b6c25000 items=0 ppid=5364 auid=4294967295 uid=0 gid=0 euid=0 suid=0 fsuid=0 egid=0 sgid=0 fsgid=0 ses=4294967295 tty=(none) exe="/system/bin/iptables" subj=u:r:netd:s0 key=(null)
W/auditd  ( 3593): type=1320 audit(0.0:1416): 
W/auditd  ( 3593): type=1325 audit(0.0:1417): table=filter family=10 entries=33
W/ip6tables( 5371): type=1300 audit(0.0:1417): arch=40000028 syscall=294 per=800000 success=yes exit=0 a0=4 a1=29 a2=40 a3=b6c28000 items=0 ppid=5364 auid=4294967295 uid=0 gid=0 euid=0 suid=0 fsuid=0 egid=0 sgid=0 fsgid=0 ses=4294967295 tty=(none) exe="/system/bin/ip6tables" subj=u:r:netd:s0 key=(null)
W/auditd  ( 3593): type=1320 audit(0.0:1417): 
I/SurfaceFlinger( 5366): SurfaceFlinger is starting
I/SurfaceFlinger( 5366): SurfaceFlinger's main thread ready to run. Initializing graphics H/W...
W/auditd  ( 3593): type=1325 audit(0.0:1418): table=filter family=2 entries=32
W/iptables( 5375): type=1300 audit(0.0:1418): arch=40000028 syscall=294 per=800000 success=yes exit=0 a0=4 a1=0 a2=40 a3=b6c22000 items=0 ppid=5364 auid=4294967295 uid=0 gid=0 euid=0 suid=0 fsuid=0 egid=0 sgid=0 fsgid=0 ses=4294967295 tty=(none) exe="/system/bin/iptables" subj=u:r:netd:s0 key=(null)
W/auditd  ( 3593): type=1320 audit(0.0:1418): 
W/auditd  ( 3593): type=1325 audit(0.0:1419): table=filter family=10 entries=32
W/ip6tables( 5377): type=1300 audit(0.0:1419): arch=40000028 syscall=294 per=800000 success=yes exit=0 a0=4 a1=29 a2=40 a3=b6c23000 items=0 ppid=5364 auid=4294967295 uid=0 gid=0 euid=0 suid=0 fsuid=0 egid=0 sgid=0 fsgid=0 ses=4294967295 tty=(none) exe="/system/bin/ip6tables" subj=u:r:netd:s0 key=(null)
W/auditd  ( 3593): type=1320 audit(0.0:1419): 
D/libEGL  ( 5366): loaded /vendor/lib/egl/libGLES_mali.so
W/auditd  ( 3593): type=1325 audit(0.0:1420): table=filter family=2 entries=32
W/iptables( 5378): type=1300 audit(0.0:1420): arch=40000028 syscall=294 per=800000 success=yes exit=0 a0=4 a1=0 a2=40 a3=b6c22000 items=0 ppid=5364 auid=4294967295 uid=0 gid=0 euid=0 suid=0 fsuid=0 egid=0 sgid=0 fsgid=0 ses=4294967295 tty=(none) exe="/system/bin/iptables" subj=u:r:netd:s0 key=(null)
W/auditd  ( 3593): type=1320 audit(0.0:1420): 
I/        ( 5366): PLATFORM VERSION : JB-MR-2
D/AndroidRuntime( 5369): 
D/AndroidRuntime( 5369): >>>>>> AndroidRuntime START com.android.internal.os.ZygoteInit <<<<<<
D/AndroidRuntime( 5369): CheckJNI is OFF
I/art     ( 5369): option[0]=-Xzygote
I/art     ( 5369): option[1]=-Xstacktracefile:/data/anr/traces.txt
I/art     ( 5369): option[2]=exit
I/art     ( 5369): option[3]=vfprintf
I/art     ( 5369): option[4]=sensitiveThread
I/art     ( 5369): option[5]=-verbose:gc
I/art     ( 5369): option[6]=-Xms8m
I/art     ( 5369): option[7]=-Xmx512m
I/art     ( 5369): option[8]=-XX:mainThreadStackSize=24K
I/art     ( 5369): option[9]=-XX:HeapGrowthLimit=128m
I/art     ( 5369): option[10]=-XX:HeapMinFree=2m
I/art     ( 5369): option[11]=-XX:HeapMaxFree=8m
I/art     ( 5369): option[12]=-XX:HeapTargetUtilization=0.75
I/art     ( 5369): option[13]=-agentlib:jdwp=transport=dt_android_adb,suspend=n,server=y
I/art     ( 5369): option[14]=-Xlockprofthreshold:500
I/art     ( 5369): option[15]=-Ximage-compiler-option
I/art     ( 5369): option[16]=--runtime-arg
I/art     ( 5369): option[17]=-Ximage-compiler-option
I/art     ( 5369): option[18]=-Xms64m
I/art     ( 5369): option[19]=-Ximage-compiler-option
I/art     ( 5369): option[20]=--runtime-arg
I/art     ( 5369): option[21]=-Ximage-compiler-option
I/art     ( 5369): option[22]=-Xmx64m
I/art     ( 5369): option[23]=-Ximage-compiler-option
I/art     ( 5369): option[24]=--image-classes-zip=/system/framework/framework.jar
I/art     ( 5369): option[25]=-Ximage-compiler-option
I/art     ( 5369): option[26]=--image-classes=preloaded-classes
I/art     ( 5369): option[27]=-Xcompiler-option
I/art     ( 5369): option[28]=--runtime-arg
I/art     ( 5369): option[29]=-Xcompiler-option
I/art     ( 5369): option[30]=-Xms64m
I/art     ( 5369): option[31]=-Xcompiler-option
I/art     ( 5369): option[32]=--runtime-arg
I/art     ( 5369): option[33]=-Xcompiler-option
I/art     ( 5369): option[34]=-Xmx512m
I/art     ( 5369): option[35]=-Duser.language=es
I/art     ( 5369): option[36]=-Duser.region=US
I/art     ( 5369): Pruning dalvik-cache since we are generating an image and will need to recompile
W/art     ( 5369): Unexpected file type of 
W/art     ( 5369):  encountered.
I/art     ( 5369): Using an offset of 0xbf000 from default art base address of 0x70000000
I/art     ( 5369): GenerateImage: /system/bin/dex2oat --image=/data/dalvik-cache/arm/system@framework@boot.art --dex-file=/system/framework/core-libart.jar --dex-file=/system/framework/conscrypt.jar --dex-file=/system/framework/okhttp.jar --dex-file=/system/framework/core-junit.jar --dex-file=/system/framework/bouncycastle.jar --dex-file=/system/framework/ext.jar --dex-file=/system/framework/framework.jar --dex-file=/system/framework/telephony-common.jar --dex-file=/system/framework/voip-common.jar --dex-file=/system/framework/ims-common.jar --dex-file=/system/framework/mms-common.jar --dex-file=/system/framework/android.policy.jar --dex-file=/system/framework/apache-xml.jar --oat-file=/data/dalvik-cache/arm/system@framework@boot.oat --instruction-set=arm --instruction-set-features=div --base=0x700bf000 --runtime-arg -Xms64m --runtime-arg -Xmx64m --image-classes-zip=/system/framework/framework.jar --image-classes=preloaded-classes
I/mediaserver( 5367): ServiceManager: 0xb60500c0
I/AudioFlinger( 5367): Using default 3000 mSec as standby time.
I/ServiceManager( 5367): Waiting for service batterystats...
I/gralloc ( 5366): using (fd=12)
I/gralloc ( 5366): id           = 
I/gralloc ( 5366): xres         = 1080 px
I/gralloc ( 5366): yres         = 1920 px
I/gralloc ( 5366): xres_virtual = 1080 px
I/gralloc ( 5366): yres_virtual = 3840 px
I/gralloc ( 5366): bpp          = 32
I/gralloc ( 5366): r            = 16:8
I/gralloc ( 5366): g            =  8:8
I/gralloc ( 5366): b            =  0:8
I/gralloc ( 5366): width        = 65 mm (422.030762 dpi)
I/gralloc ( 5366): height       = 115 mm (424.069580 dpi)
I/gralloc ( 5366): refresh rate = 60.00 Hz
W/art     ( 5369): Unexpected file type of 
W/art     ( 5369):  encountered.
W/art     ( 5369): Could not create image space with image file '/system/framework/boot.art'. Attempting to fall back to imageless running. Error was: Failed to generate image '/data/dalvik-cache/arm/system@framework@boot.art': Failed execv(/system/bin/dex2oat --image=/data/dalvik-cache/arm/system@framework@boot.art --dex-file=/system/framework/core-libart.jar --dex-file=/system/framework/conscrypt.jar --dex-file=/system/framework/okhttp.jar --dex-file=/system/framework/core-junit.jar --dex-file=/system/framework/bouncycastle.jar --dex-file=/system/framework/ext.jar --dex-file=/system/framework/framework.jar --dex-file=/system/framework/telephony-common.jar --dex-file=/system/framework/voip-common.jar --dex-file=/system/framework/ims-common.jar --dex-file=/system/framework/mms-common.jar --dex-file=/system/framework/android.policy.jar --dex-file=/system/framework/apache-xml.jar --oat-file=/data/dalvik-cache/arm/system@framework@boot.oat --instruction-set=arm --instruction-set-features=div --base=0x700bf000 --runtime-arg -Xms64
D/hwcomposer( 5366): using
D/hwcomposer( 5366): xres         = 1080 px
D/hwcomposer( 5366): yres         = 1920 px
D/hwcomposer( 5366): width        = 65 mm (422.030000 dpi)
D/hwcomposer( 5366): height       = 115 mm (424.069000 dpi)
D/hwcomposer( 5366): refresh rate = 60 Hz
D/libexynosv4l2-subdev( 5366): try node: /dev/v4l-subdev0
D/libexynosv4l2-subdev( 5366): try node: /dev/v4l-subdev1
D/libexynosv4l2-subdev( 5366): try node: /dev/v4l-subdev2
I/libexynosv4l2-subdev( 5366): node found for device s5p-mixer0: /dev/v4l-subdev2
I/libexynosv4l2-subdev( 5366): open subdev device /dev/v4l-subdev2
I/hwcomposer( 5366): PSR info devname = /sys/devices/14400000.fimd_fb/psr_info
I/hwcomposer( 5366): PSR mode is 2(0: video mode, 1: DP PSR mode, 2: MIPI-DSI command mode)
I/SurfaceFlinger( 5366): Using composer version 1.3
I/SurfaceFlinger( 5366): EGL information:
I/SurfaceFlinger( 5366): vendor    : Android
I/SurfaceFlinger( 5366): version   : 1.4 Android META-EGL
I/SurfaceFlinger( 5366): extensions: EGL_KHR_get_all_proc_addresses EGL_ANDROID_presentation_time EGL_KHR_image EGL_KHR_image_base EGL_KHR_gl_texture_2D_image EGL_KHR_gl_texture_cubemap_image EGL_KHR_gl_renderbuffer_image EGL_KHR_fence_sync EGL_KHR_create_context EGL_ANDROID_image_native_buffer EGL_KHR_wait_sync EGL_ANDROID_recordable 
I/SurfaceFlinger( 5366): Client API: OpenGL_ES
I/SurfaceFlinger( 5366): EGLSurface: 8-8-8-8, config=0xb6acf2ac
I/SurfaceFlinger( 5366): OpenGL ES informations:
I/SurfaceFlinger( 5366): vendor    : ARM
I/SurfaceFlinger( 5366): renderer  : Mali-T628
I/SurfaceFlinger( 5366): version   : OpenGL ES 3.0
I/SurfaceFlinger( 5366): extensions: GL_EXT_debug_marker GL_ARM_rgba8 GL_ARM_mali_shader_binary GL_OES_depth24 GL_OES_depth_texture GL_OES_depth_texture_cube_map GL_OES_packed_depth_stencil GL_OES_rgb8_rgba8 GL_EXT_read_format_bgra GL_OES_compressed_paletted_texture GL_OES_compressed_ETC1_RGB8_texture GL_OES_standard_derivatives GL_OES_EGL_image GL_OES_EGL_image_external GL_OES_EGL_sync GL_OES_texture_npot GL_OES_vertex_half_float GL_OES_required_internalformat GL_OES_vertex_array_object GL_OES_mapbuffer GL_EXT_texture_format_BGRA8888 GL_EXT_texture_rg GL_EXT_texture_type_2_10_10_10_REV GL_OES_fbo_render_mipmap GL_OES_element_index_uint GL_EXT_shadow_samplers GL_OES_texture_compression_astc GL_KHR_texture_compression_astc_ldr GL_KHR_texture_compression_astc_hdr GL_KHR_debug GL_EXT_occlusion_query_boolean GL_EXT_blend_minmax GL_EXT_discard_framebuffer GL_OES_get_program_binary GL_OES_texture_3D GL_EXT_texture_storage GL_EXT_multisampled_render_to_texture GL_OES_surfaceless_context GL_ARM_mali_program_binary 
I/SurfaceFlinger( 5366): GL_MAX_TEXTURE_SIZE = 8192
I/SurfaceFlinger( 5366): GL_MAX_VIEWPORT_DIMS = 8192
E/libEGL  ( 5366): eglQuerySurface:607 error 300d (EGL_BAD_SURFACE)
E/libEGL  ( 5366): eglQuerySurface:607 error 300d (EGL_BAD_SURFACE)
E/libEGL  ( 5366): call to OpenGL ES API with no current context (logged once per thread)
D/SurfaceFlinger( 5366): Set power mode=2, type=0 flinger=0xb6a62000
I/hwcomposer( 5366): int exynos5_blank(hwc_composer_device_1*, int, int):: disp(0), blank(0)
I/hwcomposer( 5366): unblank ioctl failed (display already unblanked)
E/libEGL  ( 5366): eglSwapBuffers:1071 error 300d (EGL_BAD_SURFACE)
F/SurfaceFlinger( 5366): eglSwapBuffers(0x1, 0x0) failed with 0x0000300d
F/libc    ( 5366): Fatal signal 6 (SIGABRT), code -6 in tid 5366 (surfaceflinger)
I/DEBUG   ( 3585): property debug.db.uid not set; NOT waiting for gdb.
I/DEBUG   ( 3585): HINT: adb shell setprop debug.db.uid 100000
I/DEBUG   ( 3585): HINT: adb forward tcp:5039 tcp:5039
I/DEBUG   ( 3585): *** *** *** *** *** *** *** *** *** *** *** *** *** *** *** ***
I/DEBUG   ( 3585): Build fingerprint: 'samsung/cm_k3gxx/k3gxx:5.0.2/LRX22G/ca2fb2b51d:userdebug/test-keys'
I/DEBUG   ( 3585): Revision: '10'
I/DEBUG   ( 3585): ABI: 'arm'
I/DEBUG   ( 3585): pid: 5366, tid: 5366, name: surfaceflinger  >>> /system/bin/surfaceflinger <<<
I/DEBUG   ( 3585): signal 6 (SIGABRT), code -6 (SI_TKILL), fault addr --------
I/DEBUG   ( 3585): Abort message: 'eglSwapBuffers(0x1, 0x0) failed with 0x0000300d'
I/DEBUG   ( 3585):     r0 00000000  r1 000014f6  r2 00000006  r3 00000000
I/DEBUG   ( 3585):     r4 b6fa8114  r5 00000006  r6 0000000b  r7 0000010c
I/DEBUG   ( 3585):     r8 00000000  r9 be88abd0  sl b6a54210  fp be88abd0
I/DEBUG   ( 3585):     ip 000014f6  sp be88a650  lr b6f327b9  pc b6f564e4  cpsr 600f0010
I/DEBUG   ( 3585): 
I/DEBUG   ( 3585): backtrace:
I/DEBUG   ( 3585):     #00 pc 000384e4  /system/lib/libc.so (tgkill+12)
I/DEBUG   ( 3585):     #01 pc 000147b5  /system/lib/libc.so (pthread_kill+52)
I/DEBUG   ( 3585):     #02 pc 0001550b  /system/lib/libc.so (raise+10)
I/DEBUG   ( 3585):     #03 pc 00011c35  /system/lib/libc.so (__libc_android_abort+36)
I/DEBUG   ( 3585):     #04 pc 0000fcb8  /system/lib/libc.so (abort+4)
I/DEBUG   ( 3585):     #05 pc 00007739  /system/lib/libcutils.so (__android_log_assert+88)
I/DEBUG   ( 3585):     #06 pc 0000f4df  /system/lib/libsurfaceflinger.so
I/DEBUG   ( 3585):     #07 pc 0001b9fd  /system/lib/libsurfaceflinger.so
I/DEBUG   ( 3585):     #08 pc 0001abe7  /system/lib/libsurfaceflinger.so
I/DEBUG   ( 3585):     #09 pc 00019fc3  /system/lib/libsurfaceflinger.so
I/DEBUG   ( 3585):     #10 pc 00019d49  /system/lib/libsurfaceflinger.so
I/DEBUG   ( 3585):     #11 pc 00010ed3  /system/lib/libutils.so (android::Looper::pollInner(int)+410)
I/DEBUG   ( 3585):     #12 pc 00010fc5  /system/lib/libutils.so (android::Looper::pollOnce(int, int*, int*, void**)+92)
I/DEBUG   ( 3585):     #13 pc 000174c5  /system/lib/libsurfaceflinger.so
I/DEBUG   ( 3585):     #14 pc 0001993d  /system/lib/libsurfaceflinger.so (android::SurfaceFlinger::run()+8)
I/DEBUG   ( 3585):     #15 pc 0000083d  /system/bin/surfaceflinger
I/DEBUG   ( 3585):     #16 pc 0000fb75  /system/lib/libc.so (__libc_init+44)
I/DEBUG   ( 3585):     #17 pc 000008d8  /system/bin/surfaceflinger
W/auditd  ( 3593): type=1325 audit(0.0:1535): table=raw family=2 entries=6
W/iptables( 5504): type=1300 audit(0.0:1535): arch=40000028 syscall=294 per=800000 success=yes exit=0 a0=4 a1=0 a2=40 a3=b6c20400 items=0 ppid=5364 auid=4294967295 uid=0 gid=0 euid=0 suid=0 fsuid=0 egid=0 sgid=0 fsgid=0 ses=4294967295 tty=(none) exe="/system/bin/iptables" subj=u:r:netd:s0 key=(null)
W/auditd  ( 3593): type=1320 audit(0.0:1535): 
W/auditd  ( 3593): type=1325 audit(0.0:1536): table=raw family=10 entries=6
W/ip6tables( 5505): type=1300 audit(0.0:1536): arch=40000028 syscall=294 per=800000 success=yes exit=0 a0=4 a1=29 a2=40 a3=b6c31800 items=0 ppid=5364 auid=4294967295 uid=0 gid=0 euid=0 suid=0 fsuid=0 egid=0 sgid=0 fsgid=0 ses=4294967295 tty=(none) exe="/system/bin/ip6tables" subj=u:r:netd:s0 key=(null)
W/auditd  ( 3593): type=1320 audit(0.0:1536): 
W/auditd  ( 3593): type=1325 audit(0.0:1537): table=raw family=2 entries=8
W/iptables( 5506): type=1300 audit(0.0:1537): arch=40000028 syscall=294 per=800000 success=yes exit=0 a0=4 a1=0 a2=40 a3=b6c1ba00 items=0 ppid=5364 auid=4294967295 uid=0 gid=0 euid=0 suid=0 fsuid=0 egid=0 sgid=0 fsgid=0 ses=4294967295 tty=(none) exe="/system/bin/iptables" subj=u:r:netd:s0 key=(null)
W/auditd  ( 3593): type=1320 audit(0.0:1537): 
W/auditd  ( 3593): type=1325 audit(0.0:1538): table=raw family=10 entries=8
W/ip6tables( 5507): type=1300 audit(0.0:1538): arch=40000028 syscall=294 per=800000 success=yes exit=0 a0=4 a1=29 a2=40 a3=b6c37800 items=0 ppid=5364 auid=4294967295 uid=0 gid=0 euid=0 suid=0 fsuid=0 egid=0 sgid=0 fsgid=0 ses=4294967295 tty=(none) exe="/system/bin/ip6tables" subj=u:r:netd:s0 key=(null)
W/auditd  ( 3593): type=1320 audit(0.0:1538): 
W/auditd  ( 3593): type=1325 audit(0.0:1539): table=raw family=2 entries=9
W/iptables( 5508): type=1300 audit(0.0:1539): arch=40000028 syscall=294 per=800000 success=yes exit=0 a0=4 a1=0 a2=40 a3=b6c1ba00 items=0 ppid=5364 auid=4294967295 uid=0 gid=0 euid=0 suid=0 fsuid=0 egid=0 sgid=0 fsgid=0 ses=4294967295 tty=(none) exe="/system/bin/iptables" subj=u:r:netd:s0 key=(null)
W/auditd  ( 3593): type=1320 audit(0.0:1539): 
W/auditd  ( 3593): type=1325 audit(0.0:1540): table=raw family=10 entries=9
W/ip6tables( 5509): type=1300 audit(0.0:1540): arch=40000028 syscall=294 per=800000 success=yes exit=0 a0=4 a1=29 a2=40 a3=b6c1d000 items=0 ppid=5364 auid=4294967295 uid=0 gid=0 euid=0 suid=0 fsuid=0 egid=0 sgid=0 fsgid=0 ses=4294967295 tty=(none) exe="/system/bin/ip6tables" subj=u:r:netd:s0 key=(null)
W/auditd  ( 3593): type=1320 audit(0.0:1540): 
W/auditd  ( 3593): type=1325 audit(0.0:1541): table=raw family=2 entries=8
W/iptables( 5510): type=1300 audit(0.0:1541): arch=40000028 syscall=294 per=800000 success=yes exit=0 a0=4 a1=0 a2=40 a3=b6c1ba00 items=0 ppid=5364 auid=4294967295 uid=0 gid=0 euid=0 suid=0 fsuid=0 egid=0 sgid=0 fsgid=0 ses=4294967295 tty=(none) exe="/system/bin/iptables" subj=u:r:netd:s0 key=(null)
I/ServiceManager( 5367): Waiting for service batterystats...
V/NatController( 5364): runCmd(/system/bin/iptables -F natctrl_FORWARD) res=0
I/DEBUG   ( 3585): 
I/DEBUG   ( 3585): Tombstone written to: /data/tombstones/tombstone_09
V/NatController( 5364): runCmd(/system/bin/iptables -A natctrl_FORWARD -j DROP) res=0
V/NatController( 5364): runCmd(/system/bin/iptables -t nat -F natctrl_nat_POSTROUTING) res=0
V/NatController( 5364): runCmd(/system/bin/iptables -F natctrl_tether_counters) res=0
V/NatController( 5364): runCmd(/system/bin/iptables -X natctrl_tether_counters) res=0
V/NatController( 5364): runCmd(/system/bin/iptables -N natctrl_tether_counters) res=0
V/NatController( 5364): runCmd(/system/bin/iptables -t mangle -A natctrl_mangle_FORWARD -p tcp --tcp-flags SYN SYN -j TCPMSS --clamp-mss-to-pmtu) res=0
I/ServiceManager( 3573): service 'SurfaceFlinger' died
I/ServiceManager( 3573): service 'Exynos.HWCService' died
I/ServiceManager( 3573): service 'media.wifi_display' died
I/ServiceManager( 3573): service 'media.audio_flinger' died
W/init    ( 5573): type=1400 audit(0.0:1595): avc: denied { entrypoint } for path="/system/bin/auditd" dev="mmcblk0p18" ino=173 scontext=u:r:logd:s0 tcontext=u:object_r:system_file:s0 tclass=file
W/init    ( 5573): type=1300 audit(0.0:1595): arch=40000028 syscall=11 per=800000 success=no exit=-13 a0=b6d80954 a1=b6d69530 a2=57e64 a3=ff0000 items=1 ppid=1 auid=4294967295 uid=0 gid=0 euid=0 suid=0 fsuid=0 egid=0 sgid=0 fsgid=0 ses=4294967295 tty=(none) exe="/init" subj=u:r:init:s0 key=(null)
W/auditd  ( 3593): type=1307 audit(0.0:1595): cwd="/"
W/auditd  ( 3593): type=1302 audit(0.0:1595): item=0 name="/system/bin/auditd" inode=173 dev=103:0a mode=0100755 ouid=0 ogid=2000 rdev=00:00 obj=u:object_r:system_file:s0
W/auditd  ( 3593): type=1320 audit(0.0:1595): 
I/Netd    ( 5574): Netd 1.0 starting
E/Netd    ( 5574): Failed to open /proc/sys/net/ipv6/conf/default/accept_ra_rt_table: No such file or directory
E/Netd    ( 5574): Failed to open /proc/sys/net/ipv6/conf/ip6tnl0/accept_ra_rt_table: No such file or directory
E/Netd    ( 5574): Failed to open /proc/sys/net/ipv6/conf/lo/accept_ra_rt_table: No such file or directory
E/Netd    ( 5574): Failed to open /proc/sys/net/ipv6/conf/rmnet0/accept_ra_rt_table: No such file or directory
E/Netd    ( 5574): Failed to open /proc/sys/net/ipv6/conf/rmnet1/accept_ra_rt_table: No such file or directory
E/Netd    ( 5574): Failed to open /proc/sys/net/ipv6/conf/rmnet2/accept_ra_rt_table: No such file or directory
E/Netd    ( 5574): Failed to open /proc/sys/net/ipv6/conf/rmnet3/accept_ra_rt_table: No such file or directory
E/Netd    ( 5574): Failed to open /proc/sys/net/ipv6/conf/sit0/accept_ra_rt_table: No such file or directory
W/auditd  ( 3593): type=1325 audit(0.0:1596): table=filter family=2 entries=34
W/iptables( 5580): type=1300 audit(0.0:1596): arch=40000028 syscall=294 per=800000 success=yes exit=0 a0=4 a1=0 a2=40 a3=b6c25000 items=0 ppid=5574 auid=4294967295 uid=0 gid=0 euid=0 suid=0 fsuid=0 egid=0 sgid=0 fsgid=0 ses=4294967295 tty=(none) exe="/system/bin/iptables" subj=u:r:netd:s0 key=(null)
W/auditd  ( 3593): type=1320 audit(0.0:1596): 
W/auditd  ( 3593): type=1325 audit(0.0:1597): table=filter family=10 entries=33
W/ip6tables( 5581): type=1300 audit(0.0:1597): arch=40000028 syscall=294 per=800000 success=yes exit=0 a0=4 a1=29 a2=40 a3=b6c28000 items=0 ppid=5574 auid=4294967295 uid=0 gid=0 euid=0 suid=0 fsuid=0 egid=0 sgid=0 fsgid=0 ses=4294967295 tty=(none) exe="/system/bin/ip6tables" subj=u:r:netd:s0 key=(null)
W/auditd  ( 3593): type=1320 audit(0.0:1597): 
I/SurfaceFlinger( 5576): SurfaceFlinger is starting
I/SurfaceFlinger( 5576): SurfaceFlinger's main thread ready to run. Initializing graphics H/W...
W/auditd  ( 3593): type=1325 audit(0.0:1598): table=filter family=2 entries=33
W/iptables( 5585): type=1300 audit(0.0:1598): arch=40000028 syscall=294 per=800000 success=yes exit=0 a0=4 a1=0 a2=40 a3=b6c22000 items=0 ppid=5574 auid=4294967295 uid=0 gid=0 euid=0 suid=0 fsuid=0 egid=0 sgid=0 fsgid=0 ses=4294967295 tty=(none) exe="/system/bin/iptables" subj=u:r:netd:s0 key=(null)
W/auditd  ( 3593): type=1320 audit(0.0:1598): 
W/auditd  ( 3593): type=1325 audit(0.0:1599): table=filter family=10 entries=32
W/ip6tables( 5587): type=1300 audit(0.0:1599): arch=40000028 syscall=294 per=800000 success=yes exit=0 a0=4 a1=29 a2=40 a3=b6c23000 items=0 ppid=5574 auid=4294967295 uid=0 gid=0 euid=0 suid=0 fsuid=0 egid=0 sgid=0 fsgid=0 ses=4294967295 tty=(none) exe="/system/bin/ip6tables" subj=u:r:netd:s0 key=(null)
W/auditd  ( 3593): type=1320 audit(0.0:1599): 
D/libEGL  ( 5576): loaded /vendor/lib/egl/libGLES_mali.so
W/auditd  ( 3593): type=1325 audit(0.0:1600): table=filter family=2 entries=33
W/iptables( 5588): type=1300 audit(0.0:1600): arch=40000028 syscall=294 per=800000 success=yes exit=0 a0=4 a1=0 a2=40 a3=b6c22000 items=0 ppid=5574 auid=4294967295 uid=0 gid=0 euid=0 suid=0 fsuid=0 egid=0 sgid=0 fsgid=0 ses=4294967295 tty=(none) exe="/system/bin/iptables" subj=u:r:netd:s0 key=(null)
W/auditd  ( 3593): type=1320 audit(0.0:1600): 
I/        ( 5576): PLATFORM VERSION : JB-MR-2
I/mediaserver( 5577): ServiceManager: 0xb60500c0
I/AudioFlinger( 5577): Using default 3000 mSec as standby time.
I/ServiceManager( 5577): Waiting for service batterystats...
I/gralloc ( 5576): using (fd=12)
I/gralloc ( 5576): id           = 
I/gralloc ( 5576): xres         = 1080 px
I/gralloc ( 5576): yres         = 1920 px
I/gralloc ( 5576): xres_virtual = 1080 px
I/gralloc ( 5576): yres_virtual = 3840 px
I/gralloc ( 5576): bpp          = 32
I/gralloc ( 5576): r            = 16:8
I/gralloc ( 5576): g            =  8:8
I/gralloc ( 5576): b            =  0:8
I/gralloc ( 5576): width        = 65 mm (422.030762 dpi)
I/gralloc ( 5576): height       = 115 mm (424.069580 dpi)
I/gralloc ( 5576): refresh rate = 60.00 Hz
D/AndroidRuntime( 5579): 
D/AndroidRuntime( 5579): >>>>>> AndroidRuntime START com.android.internal.os.ZygoteInit <<<<<<
D/AndroidRuntime( 5579): CheckJNI is OFF
I/art     ( 5579): option[0]=-Xzygote
I/art     ( 5579): option[1]=-Xstacktracefile:/data/anr/traces.txt
I/art     ( 5579): option[2]=exit
I/art     ( 5579): option[3]=vfprintf
I/art     ( 5579): option[4]=sensitiveThread
I/art     ( 5579): option[5]=-verbose:gc
I/art     ( 5579): option[6]=-Xms8m
I/art     ( 5579): option[7]=-Xmx512m
I/art     ( 5579): option[8]=-XX:mainThreadStackSize=24K
I/art     ( 5579): option[9]=-XX:HeapGrowthLimit=128m
I/art     ( 5579): option[10]=-XX:HeapMinFree=2m
I/art     ( 5579): option[11]=-XX:HeapMaxFree=8m
I/art     ( 5579): option[12]=-XX:HeapTargetUtilization=0.75
I/art     ( 5579): option[13]=-agentlib:jdwp=transport=dt_android_adb,suspend=n,server=y
I/art     ( 5579): option[14]=-Xlockprofthreshold:500
I/art     ( 5579): option[15]=-Ximage-compiler-option
I/art     ( 5579): option[16]=--runtime-arg
I/art     ( 5579): option[17]=-Ximage-compiler-option
I/art     ( 5579): option[18]=-Xms64m
I/art     ( 5579): option[19]=-Ximage-compiler-option
I/art     ( 5579): option[20]=--runtime-arg
I/art     ( 5579): option[21]=-Ximage-compiler-option
I/art     ( 5579): option[22]=-Xmx64m
I/art     ( 5579): option[23]=-Ximage-compiler-option
I/art     ( 5579): option[24]=--image-classes-zip=/system/framework/framework.jar
I/art     ( 5579): option[25]=-Ximage-compiler-option
I/art     ( 5579): option[26]=--image-classes=preloaded-classes
I/art     ( 5579): option[27]=-Xcompiler-option
I/art     ( 5579): option[28]=--runtime-arg
I/art     ( 5579): option[29]=-Xcompiler-option
I/art     ( 5579): option[30]=-Xms64m
I/art     ( 5579): option[31]=-Xcompiler-option
I/art     ( 5579): option[32]=--runtime-arg
I/art     ( 5579): option[33]=-Xcompiler-option
I/art     ( 5579): option[34]=-Xmx512m
I/art     ( 5579): option[35]=-Duser.language=es
I/art     ( 5579): option[36]=-Duser.region=US
I/art     ( 5579): Pruning dalvik-cache since we are generating an image and will need to recompile
W/art     ( 5579): Unexpected file type of 
W/art     ( 5579):  encountered.
I/art     ( 5579): Using an offset of 0xfff82000 from default art base address of 0x70000000
I/art     ( 5579): GenerateImage: /system/bin/dex2oat --image=/data/dalvik-cache/arm/system@framework@boot.art --dex-file=/system/framework/core-libart.jar --dex-file=/system/framework/conscrypt.jar --dex-file=/system/framework/okhttp.jar --dex-file=/system/framework/core-junit.jar --dex-file=/system/framework/bouncycastle.jar --dex-file=/system/framework/ext.jar --dex-file=/system/framework/framework.jar --dex-file=/system/framework/telephony-common.jar --dex-file=/system/framework/voip-common.jar --dex-file=/system/framework/ims-common.jar --dex-file=/system/framework/mms-common.jar --dex-file=/system/framework/android.policy.jar --dex-file=/system/framework/apache-xml.jar --oat-file=/data/dalvik-cache/arm/system@framework@boot.oat --instruction-set=arm --instruction-set-features=div --base=0x6ff82000 --runtime-arg -Xms64m --runtime-arg -Xmx64m --image-classes-zip=/system/framework/framework.jar --image-classes=preloaded-classes
W/art     ( 5579): Unexpected file type of 
W/art     ( 5579):  encountered.
W/art     ( 5579): Could not create image space with image file '/system/framework/boot.art'. Attempting to fall back to imageless running. Error was: Failed to generate image '/data/dalvik-cache/arm/system@framework@boot.art': Failed execv(/system/bin/dex2oat --image=/data/dalvik-cache/arm/system@framework@boot.art --dex-file=/system/framework/core-libart.jar --dex-file=/system/framework/conscrypt.jar --dex-file=/system/framework/okhttp.jar --dex-file=/system/framework/core-junit.jar --dex-file=/system/framework/bouncycastle.jar --dex-file=/system/framework/ext.jar --dex-file=/system/framework/framework.jar --dex-file=/system/framework/telephony-common.jar --dex-file=/system/framework/voip-common.jar --dex-file=/system/framework/ims-common.jar --dex-file=/system/framework/mms-common.jar --dex-file=/system/framework/android.policy.jar --dex-file=/system/framework/apache-xml.jar --oat-file=/data/dalvik-cache/arm/system@framework@boot.oat --instruction-set=arm --instruction-set-features=div --base=0x6ff82000 --runtime-arg -Xms64
D/hwcomposer( 5576): using
D/hwcomposer( 5576): xres         = 1080 px
D/hwcomposer( 5576): yres         = 1920 px
D/hwcomposer( 5576): width        = 65 mm (422.030000 dpi)
D/hwcomposer( 5576): height       = 115 mm (424.069000 dpi)
D/hwcomposer( 5576): refresh rate = 60 Hz
D/libexynosv4l2-subdev( 5576): try node: /dev/v4l-subdev0
D/libexynosv4l2-subdev( 5576): try node: /dev/v4l-subdev1
D/libexynosv4l2-subdev( 5576): try node: /dev/v4l-subdev2
I/libexynosv4l2-subdev( 5576): node found for device s5p-mixer0: /dev/v4l-subdev2
I/libexynosv4l2-subdev( 5576): open subdev device /dev/v4l-subdev2
I/hwcomposer( 5576): PSR info devname = /sys/devices/14400000.fimd_fb/psr_info
I/hwcomposer( 5576): PSR mode is 2(0: video mode, 1: DP PSR mode, 2: MIPI-DSI command mode)
I/SurfaceFlinger( 5576): Using composer version 1.3
I/SurfaceFlinger( 5576): EGL information:
I/SurfaceFlinger( 5576): vendor    : Android
I/SurfaceFlinger( 5576): version   : 1.4 Android META-EGL
I/SurfaceFlinger( 5576): extensions: EGL_KHR_get_all_proc_addresses EGL_ANDROID_presentation_time EGL_KHR_image EGL_KHR_image_base EGL_KHR_gl_texture_2D_image EGL_KHR_gl_texture_cubemap_image EGL_KHR_gl_renderbuffer_image EGL_KHR_fence_sync EGL_KHR_create_context EGL_ANDROID_image_native_buffer EGL_KHR_wait_sync EGL_ANDROID_recordable 
I/SurfaceFlinger( 5576): Client API: OpenGL_ES
I/SurfaceFlinger( 5576): EGLSurface: 8-8-8-8, config=0xb6acf2ac
I/SurfaceFlinger( 5576): OpenGL ES informations:
I/SurfaceFlinger( 5576): vendor    : ARM
I/SurfaceFlinger( 5576): renderer  : Mali-T628
I/SurfaceFlinger( 5576): version   : OpenGL ES 3.0
I/SurfaceFlinger( 5576): extensions: GL_EXT_debug_marker GL_ARM_rgba8 GL_ARM_mali_shader_binary GL_OES_depth24 GL_OES_depth_texture GL_OES_depth_texture_cube_map GL_OES_packed_depth_stencil GL_OES_rgb8_rgba8 GL_EXT_read_format_bgra GL_OES_compressed_paletted_texture GL_OES_compressed_ETC1_RGB8_texture GL_OES_standard_derivatives GL_OES_EGL_image GL_OES_EGL_image_external GL_OES_EGL_sync GL_OES_texture_npot GL_OES_vertex_half_float GL_OES_required_internalformat GL_OES_vertex_array_object GL_OES_mapbuffer GL_EXT_texture_format_BGRA8888 GL_EXT_texture_rg GL_EXT_texture_type_2_10_10_10_REV GL_OES_fbo_render_mipmap GL_OES_element_index_uint GL_EXT_shadow_samplers GL_OES_texture_compression_astc GL_KHR_texture_compression_astc_ldr GL_KHR_texture_compression_astc_hdr GL_KHR_debug GL_EXT_occlusion_query_boolean GL_EXT_blend_minmax GL_EXT_discard_framebuffer GL_OES_get_program_binary GL_OES_texture_3D GL_EXT_texture_storage GL_EXT_multisampled_render_to_texture GL_OES_surfaceless_context GL_ARM_mali_program_binary 
I/SurfaceFlinger( 5576): GL_MAX_TEXTURE_SIZE = 8192
I/SurfaceFlinger( 5576): GL_MAX_VIEWPORT_DIMS = 8192
E/libEGL  ( 5576): eglQuerySurface:607 error 300d (EGL_BAD_SURFACE)
E/libEGL  ( 5576): eglQuerySurface:607 error 300d (EGL_BAD_SURFACE)
E/libEGL  ( 5576): call to OpenGL ES API with no current context (logged once per thread)
D/SurfaceFlinger( 5576): Set power mode=2, type=0 flinger=0xb6a62000
I/hwcomposer( 5576): int exynos5_blank(hwc_composer_device_1*, int, int):: disp(0), blank(0)
I/hwcomposer( 5576): unblank ioctl failed (display already unblanked)
E/libEGL  ( 5576): eglSwapBuffers:1071 error 300d (EGL_BAD_SURFACE)
F/SurfaceFlinger( 5576): eglSwapBuffers(0x1, 0x0) failed with 0x0000300d
F/libc    ( 5576): Fatal signal 6 (SIGABRT), code -6 in tid 5576 (surfaceflinger)
I/DEBUG   ( 3585): property debug.db.uid not set; NOT waiting for gdb.
I/DEBUG   ( 3585): HINT: adb shell setprop debug.db.uid 100000
I/DEBUG   ( 3585): HINT: adb forward tcp:5039 tcp:5039
I/DEBUG   ( 3585): *** *** *** *** *** *** *** *** *** *** *** *** *** *** *** ***
I/DEBUG   ( 3585): Build fingerprint: 'samsung/cm_k3gxx/k3gxx:5.0.2/LRX22G/ca2fb2b51d:userdebug/test-keys'
I/DEBUG   ( 3585): Revision: '10'
I/DEBUG   ( 3585): ABI: 'arm'
I/DEBUG   ( 3585): pid: 5576, tid: 5576, name: surfaceflinger  >>> /system/bin/surfaceflinger <<<
I/DEBUG   ( 3585): signal 6 (SIGABRT), code -6 (SI_TKILL), fault addr --------
I/DEBUG   ( 3585): Abort message: 'eglSwapBuffers(0x1, 0x0) failed with 0x0000300d'
I/DEBUG   ( 3585):     r0 00000000  r1 000015c8  r2 00000006  r3 00000000
I/DEBUG   ( 3585):     r4 b6f93114  r5 00000006  r6 0000000b  r7 0000010c
I/DEBUG   ( 3585):     r8 00000000  r9 be858bd0  sl b6a54210  fp be858bd0
I/DEBUG   ( 3585):     ip 000015c8  sp be858650  lr b6f1d7b9  pc b6f414e4  cpsr 600f0010
I/DEBUG   ( 3585): 
I/DEBUG   ( 3585): backtrace:
I/DEBUG   ( 3585):     #00 pc 000384e4  /system/lib/libc.so (tgkill+12)
I/DEBUG   ( 3585):     #01 pc 000147b5  /system/lib/libc.so (pthread_kill+52)
I/DEBUG   ( 3585):     #02 pc 0001550b  /system/lib/libc.so (raise+10)
I/DEBUG   ( 3585):     #03 pc 00011c35  /system/lib/libc.so (__libc_android_abort+36)
I/DEBUG   ( 3585):     #04 pc 0000fcb8  /system/lib/libc.so (abort+4)
I/DEBUG   ( 3585):     #05 pc 00007739  /system/lib/libcutils.so (__android_log_assert+88)
I/DEBUG   ( 3585):     #06 pc 0000f4df  /system/lib/libsurfaceflinger.so
I/DEBUG   ( 3585):     #07 pc 0001b9fd  /system/lib/libsurfaceflinger.so
I/DEBUG   ( 3585):     #08 pc 0001abe7  /system/lib/libsurfaceflinger.so
I/DEBUG   ( 3585):     #09 pc 00019fc3  /system/lib/libsurfaceflinger.so
I/DEBUG   ( 3585):     #10 pc 00019d49  /system/lib/libsurfaceflinger.so
I/DEBUG   ( 3585):     #11 pc 00010ed3  /system/lib/libutils.so (android::Looper::pollInner(int)+410)
I/DEBUG   ( 3585):     #12 pc 00010fc5  /system/lib/libutils.so (android::Looper::pollOnce(int, int*, int*, void**)+92)
I/DEBUG   ( 3585):     #13 pc 000174c5  /system/lib/libsurfaceflinger.so
I/DEBUG   ( 3585):     #14 pc 0001993d  /system/lib/libsurfaceflinger.so (android::SurfaceFlinger::run()+8)
I/DEBUG   ( 3585):     #15 pc 0000083d  /system/bin/surfaceflinger
I/DEBUG   ( 3585):     #16 pc 0000fb75  /system/lib/libc.so (__libc_init+44)
I/DEBUG   ( 3585):     #17 pc 000008d8  /system/bin/surfaceflinger
W/auditd  ( 3593): type=1325 audit(0.0:1723): table=raw family=2 entries=8
W/iptables( 5722): type=1300 audit(0.0:1723): arch=40000028 syscall=294 per=800000 success=yes exit=0 a0=4 a1=0 a2=40 a3=b6c30100 items=0 ppid=5574 auid=4294967295 uid=0 gid=0 euid=0 suid=0 fsuid=0 egid=0 sgid=0 fsgid=0 ses=4294967295 tty=(none) exe="/system/bin/iptables" subj=u:r:netd:s0 key=(null)
W/auditd  ( 3593): type=1320 audit(0.0:1723): 
W/auditd  ( 3593): type=1325 audit(0.0:1724): table=raw family=10 entries=8
W/ip6tables( 5723): type=1300 audit(0.0:1724): arch=40000028 syscall=294 per=800000 success=yes exit=0 a0=4 a1=29 a2=40 a3=b6c32400 items=0 ppid=5574 auid=4294967295 uid=0 gid=0 euid=0 suid=0 fsuid=0 egid=0 sgid=0 fsgid=0 ses=4294967295 tty=(none) exe="/system/bin/ip6tables" subj=u:r:netd:s0 key=(null)
W/auditd  ( 3593): type=1320 audit(0.0:1724): 
W/auditd  ( 3593): type=1325 audit(0.0:1725): table=raw family=2 entries=6
W/iptables( 5724): type=1300 audit(0.0:1725): arch=40000028 syscall=294 per=800000 success=yes exit=0 a0=4 a1=0 a2=40 a3=b6c20400 items=0 ppid=5574 auid=4294967295 uid=0 gid=0 euid=0 suid=0 fsuid=0 egid=0 sgid=0 fsgid=0 ses=4294967295 tty=(none) exe="/system/bin/iptables" subj=u:r:netd:s0 key=(null)
W/auditd  ( 3593): type=1320 audit(0.0:1725): 
W/auditd  ( 3593): type=1325 audit(0.0:1726): table=raw family=10 entries=6
W/ip6tables( 5725): type=1300 audit(0.0:1726): arch=40000028 syscall=294 per=800000 success=yes exit=0 a0=4 a1=29 a2=40 a3=b6c31800 items=0 ppid=5574 auid=4294967295 uid=0 gid=0 euid=0 suid=0 fsuid=0 egid=0 sgid=0 fsgid=0 ses=4294967295 tty=(none) exe="/system/bin/ip6tables" subj=u:r:netd:s0 key=(null)
W/auditd  ( 3593): type=1320 audit(0.0:1726): 
W/auditd  ( 3593): type=1325 audit(0.0:1727): table=raw family=2 entries=8
W/iptables( 5726): type=1300 audit(0.0:1727): arch=40000028 syscall=294 per=800000 success=yes exit=0 a0=4 a1=0 a2=40 a3=b6c1ba00 items=0 ppid=5574 auid=4294967295 uid=0 gid=0 euid=0 suid=0 fsuid=0 egid=0 sgid=0 fsgid=0 ses=4294967295 tty=(none) exe="/system/bin/iptables" subj=u:r:netd:s0 key=(null)
W/auditd  ( 3593): type=1320 audit(0.0:1727): 
W/auditd  ( 3593): type=1325 audit(0.0:1728): table=raw family=10 entries=8
W/ip6tables( 5727): type=1300 audit(0.0:1728): arch=40000028 syscall=294 per=800000 success=yes exit=0 a0=4 a1=29 a2=40 a3=b6c37800 items=0 ppid=5574 auid=4294967295 uid=0 gid=0 euid=0 suid=0 fsuid=0 egid=0 sgid=0 fsgid=0 ses=4294967295 tty=(none) exe="/system/bin/ip6tables" subj=u:r:netd:s0 key=(null)
W/auditd  ( 3593): type=1320 audit(0.0:1728): 
W/auditd  ( 3593): type=1325 audit(0.0:1729): table=mangle family=2 entries=16
W/iptables( 5728): type=1300 audit(0.0:1729): arch=40000028 syscall=294 per=800000 success=yes exit=0 a0=4 a1=0 a2=40 a3=b6c48800 items=0 ppid=5574 auid=4294967295 uid=0 gid=0 euid=0 suid=0 fsuid=0 egid=0 sgid=0 fsgid=0 ses=4294967295 tty=(none) exe="/system/bin/iptables" subj=u:r:netd:s0 key=(null)
I/ServiceManager( 5577): Waiting for service batterystats...
V/NatController( 5574): runCmd(/system/bin/iptables -F natctrl_FORWARD) res=0
V/NatController( 5574): runCmd(/system/bin/iptables -A natctrl_FORWARD -j DROP) res=0
V/NatController( 5574): runCmd(/system/bin/iptables -t nat -F natctrl_nat_POSTROUTING) res=0
V/NatController( 5574): runCmd(/system/bin/iptables -F natctrl_tether_counters) res=0
V/NatController( 5574): runCmd(/system/bin/iptables -X natctrl_tether_counters) res=0
V/NatController( 5574): runCmd(/system/bin/iptables -N natctrl_tether_counters) res=0
V/NatController( 5574): runCmd(/system/bin/iptables -t mangle -A natctrl_mangle_FORWARD -p tcp --tcp-flags SYN SYN -j TCPMSS --clamp-mss-to-pmtu) res=0
I/DEBUG   ( 3585): 
I/DEBUG   ( 3585): Tombstone written to: /data/tombstones/tombstone_00
I/ServiceManager( 3573): service 'SurfaceFlinger' died
I/ServiceManager( 3573): service 'Exynos.HWCService' died
I/ServiceManager( 3573): service 'media.wifi_display' died
I/ServiceManager( 3573): service 'media.audio_flinger' died
W/init    ( 5794): type=1400 audit(0.0:1781): avc: denied { entrypoint } for path="/system/bin/auditd" dev="mmcblk0p18" ino=173 scontext=u:r:logd:s0 tcontext=u:object_r:system_file:s0 tclass=file
W/init    ( 5794): type=1300 audit(0.0:1781): arch=40000028 syscall=11 per=800000 success=no exit=-13 a0=b6d80954 a1=b6d69530 a2=57e64 a3=ff0000 items=1 ppid=1 auid=4294967295 uid=0 gid=0 euid=0 suid=0 fsuid=0 egid=0 sgid=0 fsgid=0 ses=4294967295 tty=(none) exe="/init" subj=u:r:init:s0 key=(null)
W/auditd  ( 3593): type=1307 audit(0.0:1781): cwd="/"
