D/ActivityThread( 5596): Loading provider com.android.email.provider;com.android.email.notifier: com.android.email.provider.EmailProvider
D/ActivityThread( 5596): Loading provider com.android.email.provider;com.android.email.notifier: com.android.email.provider.EmailProvider
I/CalendarProvider2( 5452): Sending notification intent: Intent { act=android.intent.action.PROVIDER_CHANGED dat=content://com.android.calendar }
I/WifiNative-HAL( 4112): startHal
E/wifi    ( 4112): getStaticLongField sWifiHalHandle 0x9e2eb87c
D/wifi    ( 4112): halHandle = 0x0, mVM = 0xb505c280, mCls = 0x300efa
I/WifiNative-HAL( 4112): Could not start hal
W/ContentResolver( 5452): Failed to get type for: content://com.android.calendar (Unknown URL content://com.android.calendar)
D/EmailBroadcastReceiver( 5596): Received android.intent.action.BOOT_COMPLETED
I/ActivityManager( 4112): Start proc com.android.gallery3d for broadcast com.android.gallery3d/org.codeaurora.gallery3d.video.DmReceiver: pid=5637 uid=10036 gids={50036, 9997, 3003, 1028, 1015, 1023, 3002} abi=armeabi-v7a
I/WifiNative-HAL( 4112): startHal
E/wifi    ( 4112): getStaticLongField sWifiHalHandle 0x9e2eb87c
D/wifi    ( 4112): halHandle = 0x0, mVM = 0xb505c280, mCls = 0x100f1a
I/WifiNative-HAL( 4112): Could not start hal
W/art     ( 5596): Long monitor contention event with owner method=boolean libcore.io.Posix.access(java.lang.String, int) from Posix.java:4294967294 waiters=4 for 124ms
W/ActivityManager( 4112): Unable to start service Intent { cmp=com.android.email/.service.AttachmentService } U=0: not found
W/ActivityManager( 4112): Unable to start service Intent { cmp=com.android.email/.service.AttachmentService } U=0: not found
W/ActivityManager( 4112): Unable to start service Intent { cmp=com.android.email/.service.AttachmentService } U=0: not found
W/ActivityManager( 4112): Unable to start service Intent { cmp=com.android.email/.service.AttachmentService } U=0: not found
W/ActivityManager( 4112): Unable to start service Intent { cmp=com.android.email/.service.AttachmentService } U=0: not found
I/Email   ( 5596): Observing account changes for notifications
I/ActivityManager( 4112): Start proc com.android.exchange for service com.android.exchange/.service.EasService: pid=5663 uid=10034 gids={50034, 9997, 3003, 1028, 1015} abi=armeabi-v7a
W/ActivityManager( 4112): Unable to start service Intent { cmp=com.android.email/.service.AttachmentService } U=0: not found
W/ActivityManager( 4112): Unable to start service Intent { cmp=com.android.email/.service.AttachmentService } U=0: not found
W/art     ( 5596): Long monitor contention event with owner method=void com.google.common.collect.ImmutableCollection$EmptyImmutableCollection.<clinit>() from ImmutableCollection.java:192 waiters=3 for 120ms
I/art     ( 4112): Explicit concurrent mark sweep GC freed 13179(1174KB) AllocSpace objects, 6(281KB) LOS objects, 33% free, 22MB/34MB, paused 1.798ms total 83.161ms
E/ActivityThread( 5596): Service com.android.email.service.EmailBroadcastProcessorService has leaked ServiceConnection com.android.emailcommon.service.ServiceProxy$ProxyConnection@dedc782 that was originally bound here
E/ActivityThread( 5596): android.app.ServiceConnectionLeaked: Service com.android.email.service.EmailBroadcastProcessorService has leaked ServiceConnection com.android.emailcommon.service.ServiceProxy$ProxyConnection@dedc782 that was originally bound here
E/ActivityThread( 5596): 	at android.app.LoadedApk$ServiceDispatcher.<init>(LoadedApk.java:1073)
E/ActivityThread( 5596): 	at android.app.LoadedApk.getServiceDispatcher(LoadedApk.java:967)
E/ActivityThread( 5596): 	at android.app.ContextImpl.bindServiceCommon(ContextImpl.java:1808)
E/ActivityThread( 5596): 	at android.app.ContextImpl.bindService(ContextImpl.java:1791)
E/ActivityThread( 5596): 	at android.content.ContextWrapper.bindService(ContextWrapper.java:544)
E/ActivityThread( 5596): 	at com.android.emailcommon.service.ServiceProxy.setTask(ServiceProxy.java:184)
E/ActivityThread( 5596): 	at com.android.emailcommon.service.ServiceProxy.test(ServiceProxy.java:229)
E/ActivityThread( 5596): 	at com.android.email.service.EmailServiceUtils.isServiceAvailable(EmailServiceUtils.java:160)
E/ActivityThread( 5596): 	at com.android.email.provider.AccountReconciler.reconcileAccountsInternal(AccountReconciler.java:164)
E/ActivityThread( 5596): 	at com.android.email.provider.AccountReconciler.reconcileAccounts(AccountReconciler.java:113)
E/ActivityThread( 5596): 	at com.android.email.service.EmailBroadcastProcessorService.reconcileAndStartServices(EmailBroadcastProcessorService.java:305)
E/ActivityThread( 5596): 	at com.android.email.service.EmailBroadcastProcessorService.onBootCompleted(EmailBroadcastProcessorService.java:295)
E/ActivityThread( 5596): 	at com.android.email.service.EmailBroadcastProcessorService.onHandleIntent(EmailBroadcastProcessorService.java:130)
E/ActivityThread( 5596): 	at android.app.IntentService$ServiceHandler.handleMessage(IntentService.java:65)
E/ActivityThread( 5596): 	at android.os.Handler.dispatchMessage(Handler.java:102)
E/ActivityThread( 5596): 	at android.os.Looper.loop(Looper.java:135)
E/ActivityThread( 5596): 	at android.os.HandlerThread.run(HandlerThread.java:61)
W/art     ( 5596): Long monitor contention event with owner method=void com.google.common.collect.ImmutableCollection$EmptyImmutableCollection.<clinit>() from ImmutableCollection.java:192 waiters=5 for 191ms
I/SystemBroadcastReceiver( 5144): Boot has been completed
I/LauncherIconVisibilityManager( 5144): Activity has already been disabled: ComponentInfo{com.android.inputmethod.latin/com.android.inputmethod.latin.setup.SetupActivity}
I/ActivityManager( 4112): Start proc com.cyanogenmod.lockclock for broadcast com.cyanogenmod.lockclock/.ClockWidgetProvider: pid=5704 uid=10042 gids={50042, 9997, 3003} abi=armeabi-v7a
I/Exchange( 5663): PSS has no active accounts; stopping service.
D/MccTable( 4779): updateMccMncConfiguration mccmnc='722310' fromServiceState=true
D/MccTable( 4779): updateMccMncConfiguration defaultMccMnc=
D/MccTable( 4779): updateMccMncConfiguration: mcc=722, mnc=310
D/MccTable( 4779): getLocaleFromMcc to null_ar mcc=722
D/MccTable( 4779): getLocaleForLanguageCountry: skipping no language
D/MccTable( 4779): WIFI_COUNTRY_CODE set to ar
I/WifiService( 4112): WifiService trying to set country code to ar with persist set to true
D/WeatherUpdateService( 5704): Service started, but shouldn't update ... stopping
D/AlarmManagerService( 4112): Kernel timezone updated to 180 minutes west of GMT
I/ActivityManager( 4112): Killing 5262:com.android.deskclock/u0a30 (adj 15): empty #17
D/SurfaceFlinger( 3686): Set power mode=0, type=0 flinger=0xb6a62000
I/DisplayManagerService( 4112): Display device changed: DisplayDeviceInfo{"Pantalla integrada": 1080 x 1920, 60.000004 fps, supportedRefreshRates [60.000004], density 480, 422.03 x 424.069 dpi, appVsyncOff 0, presDeadline 17666666, touch INTERNAL, rotation 0, type BUILT_IN, state OFF, FLAG_DEFAULT_DISPLAY, FLAG_ROTATES_WITH_CONTENT, FLAG_SECURE, FLAG_SUPPORTS_PROTECTED_BUFFERS}
V/ActivityManager( 4112): Display changed displayId=0
W/art     ( 4112): Long monitor contention event with owner method=void com.android.server.am.ActivityManagerService.serviceDoneExecuting(android.os.IBinder, int, int, int) from ActivityManagerService.java:15134 waiters=0 for 108ms
W/art     ( 4112): Long monitor contention event with owner method=void com.android.server.am.ActivityManagerService.serviceDoneExecuting(android.os.IBinder, int, int, int) from ActivityManagerService.java:15134 waiters=1 for 108ms
W/libprocessgroup( 4112): failed to open /acct/uid_10030/pid_5262/cgroup.procs: No such file or directory
D/KeyguardUpdateMonitor( 4287): ACTION_SERVICE_STATE_CHANGED on sub: -1 mServiceState: 1 1 home null null 722310  GSM Unknown CSS not supported -1 -1 RoamInd=-1 DefRoamInd=-1 EmergOnly=true
I/ActivityManager( 4112): Start proc org.whispersystems.whisperpush for broadcast org.whispersystems.whisperpush/.service.DirectoryRefreshListener: pid=5733 uid=10056 gids={50056, 9997, 3003} abi=armeabi-v7a
I/art     ( 3698): Explicit concurrent mark sweep GC freed 706(30KB) AllocSpace objects, 0(0B) LOS objects, 39% free, 15MB/25MB, paused 214us total 10.412ms
D/SurfaceControl( 4112): Excessive delay in setPowerMode(): 183ms
I/art     ( 3698): Explicit concurrent mark sweep GC freed 5(160B) AllocSpace objects, 0(0B) LOS objects, 39% free, 15MB/25MB, paused 190us total 9.547ms
I/art     ( 3698): Explicit concurrent mark sweep GC freed 5(160B) AllocSpace objects, 0(0B) LOS objects, 39% free, 15MB/25MB, paused 173us total 9.185ms
I/ActivityManager( 4112): Killing 5240:com.android.keychain/1000 (adj 15): empty #17
W/art     ( 4112): Long monitor contention event with owner method=void com.android.server.am.BroadcastQueue.processNextBroadcast(boolean) from BroadcastQueue.java:553 waiters=0 for 106ms
W/libprocessgroup( 4112): failed to open /acct/uid_1000/pid_5240/cgroup.procs: No such file or directory
E/PhoneInterfaceManager( 4779): [PhoneIntfMgr] getIccId: ICC ID is null or empty.
W/ActivityManager( 4112): Unable to start service Intent { act=com.google.android.c2dm.intent.REGISTER pkg=com.google.android.gms (has extras) } U=0: not found
I/ActivityManager( 4112): Start proc com.android.cellbroadcastreceiver for broadcast com.android.cellbroadcastreceiver/.CellBroadcastReceiver: pid=5757 uid=10005 gids={50005, 9997} abi=armeabi-v7a
D/CellBroadcastReceiver( 5757): onReceive Intent { act=android.intent.action.SERVICE_STATE flg=0x10 cmp=com.android.cellbroadcastreceiver/.CellBroadcastReceiver (has extras) }
D/CellBroadcastReceiver( 5757): Intent ACTION_SERVICE_STATE_CHANGED
D/CellBroadcastReceiver( 5757): Service state changed! 3 Full: 3 3 home null null null  Unknown Unknown CSS not supported -1 -1 RoamInd=-1 DefRoamInd=-1 EmergOnly=false Current state=-1
I/ActivityManager( 4112): Killing 5320:com.android.dialer/u0a8 (adj 15): empty #17
W/libprocessgroup( 4112): failed to open /acct/uid_10008/pid_5320/cgroup.procs: No such file or directory
D/SIP     ( 4779): [SipSharedPreferences] isReceivingCallsEnabled, option not set; use default value, exception: android.provider.Settings$SettingNotFoundException: sip_receive_calls
D/CellBroadcastReceiver( 5757): onReceive Intent { act=android.intent.action.ACTION_SUBINFO_RECORD_UPDATED flg=0x10 cmp=com.android.cellbroadcastreceiver/.CellBroadcastReceiver (has extras) }
D/CellBroadcastReceiver( 5757): onReceive Intent { act=android.intent.action.SERVICE_STATE flg=0x10 cmp=com.android.cellbroadcastreceiver/.CellBroadcastReceiver (has extras) }
D/CellBroadcastReceiver( 5757): Intent ACTION_SERVICE_STATE_CHANGED
D/CellBroadcastReceiver( 5757): Service state changed! 1 Full: 1 1 home null null null  Unknown Unknown CSS not supported -1 -1 RoamInd=-1 DefRoamInd=-1 EmergOnly=false Current state=-1
V/Mms     ( 5505): onStart: #1 resultCode: -1 = Activity.RESULT_OK
D/AlertReceiver( 5568): onReceive: a=android.intent.action.PROVIDER_CHANGED Intent { act=android.intent.action.PROVIDER_CHANGED dat=content://com.android.calendar flg=0x10 cmp=com.android.calendar/.alerts.AlertReceiver }
D/AlertService( 5568): 0 Action = android.intent.action.PROVIDER_CHANGED
D/CellBroadcastReceiver( 5757): onReceive Intent { act=android.intent.action.SERVICE_STATE flg=0x10 cmp=com.android.cellbroadcastreceiver/.CellBroadcastReceiver (has extras) }
D/CellBroadcastReceiver( 5757): Intent ACTION_SERVICE_STATE_CHANGED
D/CellBroadcastReceiver( 5757): Service state changed! 1 Full: 1 1 home null null 722310  GSM Unknown CSS not supported -1 -1 RoamInd=-1 DefRoamInd=-1 EmergOnly=true Current state=-1
I/PowerManagerService( 4112): Waking up from sleep (uid 1000)...
V/KeyguardServiceDelegate( 4112): onScreenTurnedOn(showListener = com.android.internal.policy.impl.PhoneWindowManager$2@3c5659e)
V/KeyguardServiceDelegate( 4112): **** SHOWN CALLED ****
I/DisplayPowerController( 4112): Blocking screen on until initial contents have been drawn.
I/Sensors ( 4112): Acc old sensor_state 0, new sensor_state : 1 en : 1
I/WifiNative-HAL( 4112): startHal
E/wifi    ( 4112): getStaticLongField sWifiHalHandle 0x9e2eb87c
D/wifi    ( 4112): halHandle = 0x0, mVM = 0xb505c280, mCls = 0x400bbe
I/WifiNative-HAL( 4112): Could not start hal
D/SurfaceFlinger( 3686): Set power mode=2, type=0 flinger=0xb6a62000
I/DisplayManagerService( 4112): Display device changed: DisplayDeviceInfo{"Pantalla integrada": 1080 x 1920, 60.000004 fps, supportedRefreshRates [60.000004], density 480, 422.03 x 424.069 dpi, appVsyncOff 0, presDeadline 17666666, touch INTERNAL, rotation 0, type BUILT_IN, state ON, FLAG_DEFAULT_DISPLAY, FLAG_ROTATES_WITH_CONTENT, FLAG_SECURE, FLAG_SUPPORTS_PROTECTED_BUFFERS}
V/ActivityManager( 4112): Display changed displayId=0
I/DisplayPowerController( 4112): Unblocked screen on after 47 ms
E/libEGL  ( 4112): call to OpenGL ES API with no current context (logged once per thread)
D/SurfaceControl( 4112): Excessive delay in setPowerMode(): 243ms
E/SQLiteLog( 5452): (284) automatic index on view_events(_id)
E/WhisperPush( 5733): GcmRecurringRegistration
E/WhisperPush( 5733): java.io.IOException: SERVICE_NOT_AVAILABLE
E/WhisperPush( 5733): 	at com.google.android.gms.gcm.GoogleCloudMessaging.register(Unknown Source)
E/WhisperPush( 5733): 	at org.whispersystems.whisperpush.gcm.GcmHelper.getRegistrationId(GcmHelper.java:65)
E/WhisperPush( 5733): 	at org.whispersystems.whisperpush.WhisperPush$1.doInBackground(WhisperPush.java:52)
E/WhisperPush( 5733): 	at org.whispersystems.whisperpush.WhisperPush$1.doInBackground(WhisperPush.java:48)
E/WhisperPush( 5733): 	at android.os.AsyncTask$2.call(AsyncTask.java:288)
E/WhisperPush( 5733): 	at java.util.concurrent.FutureTask.run(FutureTask.java:237)
E/WhisperPush( 5733): 	at android.os.AsyncTask$SerialExecutor$1.run(AsyncTask.java:231)
E/WhisperPush( 5733): 	at java.util.concurrent.ThreadPoolExecutor.runWorker(ThreadPoolExecutor.java:1112)
E/WhisperPush( 5733): 	at java.util.concurrent.ThreadPoolExecutor$Worker.run(ThreadPoolExecutor.java:587)
E/WhisperPush( 5733): 	at java.lang.Thread.run(Thread.java:818)
I/GlobalDismissManager( 5568): no sender configured
D/AlertService( 5568): Beginning updateAlertNotification
D/AlertService( 5568): No fired or scheduled alerts
D/AlertService( 5568): Scheduling next alarm with AlarmScheduler. sEventReminderReceived: null
D/AlarmScheduler( 5568): No events found starting within 1 week.
I/ActivityManager( 4112): Start proc com.cyanogenmod.eleven:main for service com.cyanogenmod.eleven/.MusicPlaybackService: pid=5803 uid=10032 gids={50032, 9997, 1028, 1015, 3003} abi=armeabi-v7a
D/PhoneStatusBar( 4287): disable: < expand ICONS alerts SYSTEM_INFO back HOME RECENT clock SEARCH >
W/AudioPolicyManager( 3690): getOutput() could not find output for stream 1, samplingRate 0,format 0, channels 3, flags 0
W/AudioPolicyManager( 3690): getOutput() could not find output for stream 1, samplingRate 0,format 0, channels 3, flags 0
W/AudioPolicyManager( 3690): getOutput() could not find output for stream 1, samplingRate 44100,format 1, channels 3, flags 4
E/AudioTrack( 4287): Could not get audio output for stream type 1, usage 13, sample rate 44100, format 0x1, channel mask 0x3, flags 0x4
E/SoundPool( 4287): Error creating AudioTrack
D/PhoneStatusBar( 4287): disable: < expand icons* alerts system_info* back HOME RECENT clock SEARCH >
D/PhoneStatusBar( 4287): disable: < expand icons alerts system_info back home* recent* clock search* >
W/InputMethodManagerService( 4112): Window already focused, ignoring focus gain of: com.android.internal.view.IInputMethodClient$Stub$Proxy@99e3daa attribute=android.view.inputmethod.EditorInfo@2aa63d9b, token = android.os.BinderProxy@60c22aa
I/Timeline( 4801): Timeline: Activity_idle id: android.os.BinderProxy@1537ccc7 time:28825
V/RenderScript_jni( 5803): RS native mode
E/RenderScript( 5803): Failed loading RS driver: dlopen failed: cannot locate symbol "_ZN7android12renderscript15RsdCpuReference6createEPNS0_7ContextEjjPFPKNS1_9CpuSymbolES3_PKcEPFPNS1_9CpuScriptES3_PKNS0_6ScriptEEPFPN4llvm6ModuleEPN3bcc8RSScriptESK_SK_EPFS8_S8_jE" referenced by "libRSDriverArm.so"...
E/RenderScript( 5803): Failed to load runtime libRSDriverArm.so, loading default
V/RenderScript( 5803): 0xaf204800 Launching thread(s), CPUs 8
E/Vold    ( 3671): Failed to find mounted volume for /storage/extSdCard/Android/data/com.cyanogenmod.eleven/cache/
W/Vold    ( 3671): Returning OperationFailed - no handler for errno 0
W/ContextImpl( 5803): Failed to ensure directory: /storage/extSdCard/Android/data/com.cyanogenmod.eleven/cache
E/Vold    ( 3671): Failed to find mounted volume for /storage/extSdCard/Android/data/com.cyanogenmod.eleven/cache/
W/Vold    ( 3671): Returning OperationFailed - no handler for errno 0
W/ContextImpl( 5803): Failed to ensure directory: /storage/extSdCard/Android/data/com.cyanogenmod.eleven/cache
E/ExtMediaPlayer-JNI( 5803): QCMediaPlayer could not be located....
E/MediaPlayer-JNI( 5803): QCMediaPlayer mediaplayer NOT present
I/ActivityManager( 4112): Waited long enough for: ServiceRecord{1d176249 u0 com.cyanogenmod.eleven/.MusicPlaybackService}
I/ActivityManager( 4112): Waited long enough for: ServiceRecord{24f98bb5 u0 com.android.calendar/.alerts.InitAlarmsService}
D/InitAlarmsService( 5568): Clearing and rescheduling alarms.
I/ActivityManager( 4112): Killing 5181:android.process.acore/u0a6 (adj 15): empty #17
W/art     ( 4112): Long monitor contention event with owner method=void com.android.server.am.ActivityManagerService.serviceDoneExecuting(android.os.IBinder, int, int, int) from ActivityManagerService.java:15134 waiters=0 for 112ms
W/libprocessgroup( 4112): failed to open /acct/uid_10006/pid_5181/cgroup.procs: No such file or directory
