D/FFmpegExtractor( 3692): suppoted codec(vorbis) by official Stagefright
D/FFmpegExtractor( 3692): ffmpeg detected media content as 'audio/vorbis' with confidence 0.08
D/WVMDrmPlugIn( 3691): WVMDrmPlugin::onInitialize : 4577
D/WVMDrmPlugIn( 3691): WVMDrmPlugin::onSetOnInfoListener : add 4577
D/WVMDrmPlugIn( 3691): WVMDrmPlugin::onTerminate : 4577
I/FFmpegExtractor( 3692): android-source:0xb45e91a0
I/FFMPEG  ( 3692): Input #0, ogg, from 'android-source:0xb45e91a0':
I/FFMPEG  ( 3692):   Duration: 00:00:04.98, start: 0.000000, bitrate: 217 kb/s
I/FFMPEG  ( 3692):     Stream #0:0: Audio: vorbis, 44100 Hz, stereo, fltp, 224 kb/s
I/FFMPEG  ( 3692):     Metadata:
I/FFMPEG  ( 3692):       ANDROID_LOOP    : true
I/FFMPEG  ( 3692):       TITLE           : Ganymede
D/FFmpegExtractor( 3692): FFmpegExtrator, url: android-source:0xb45e91a0, format_name: ogg, format_long_name: Ogg
I/FFmpegExtractor( 3692): adjust mime(application/ogg -> audio/vorbis)
D/FFmpegExtractor( 3692): suppoted codec(vorbis) by official Stagefright
D/FFmpegExtractor( 3692): ffmpeg detected media content as 'audio/vorbis' with confidence 0.08
D/WVMDrmPlugIn( 3691): WVMDrmPlugin::onInitialize : 4277
D/WVMDrmPlugIn( 3691): WVMDrmPlugin::onSetOnInfoListener : add 4277
D/WVMDrmPlugIn( 3691): WVMDrmPlugin::onTerminate : 4277
I/FFmpegExtractor( 3692): android-source:0xb45e92e0
I/FFMPEG  ( 3692): Input #0, ogg, from 'android-source:0xb45e92e0':
I/FFMPEG  ( 3692):   Duration: 00:00:04.00, start: 0.000000, bitrate: 77 kb/s
I/FFMPEG  ( 3692):     Stream #0:0: Audio: vorbis, 44100 Hz, mono, fltp, 70 kb/s
I/FFMPEG  ( 3692):     Metadata:
I/FFMPEG  ( 3692):       ANDROID_LOOP    : true
I/FFMPEG  ( 3692):       TITLE           : Gimme Mo' Town
I/FFMPEG  ( 3692):       ARTIST          : Dr. Mad
D/FFmpegExtractor( 3692): FFmpegExtrator, url: android-source:0xb45e92e0, format_name: ogg, format_long_name: Ogg
I/FFmpegExtractor( 3692): adjust mime(application/ogg -> audio/vorbis)
D/FFmpegExtractor( 3692): suppoted codec(vorbis) by official Stagefright
D/FFmpegExtractor( 3692): ffmpeg detected media content as 'audio/vorbis' with confidence 0.08
D/WVMDrmPlugIn( 3691): WVMDrmPlugin::onInitialize : 5452
D/WVMDrmPlugIn( 3691): WVMDrmPlugin::onSetOnInfoListener : add 5452
D/WVMDrmPlugIn( 3691): WVMDrmPlugin::onTerminate : 5452
I/FFmpegExtractor( 3692): android-source:0xb45e9060
I/FFMPEG  ( 3692): Input #0, ogg, from 'android-source:0xb45e9060':
I/FFMPEG  ( 3692):   Duration: 00:00:03.45, start: 0.000000, bitrate: 102 kb/s
I/FFMPEG  ( 3692):     Stream #0:0: Audio: vorbis, 44100 Hz, stereo, fltp, 112 kb/s
I/FFMPEG  ( 3692):     Metadata:
I/FFMPEG  ( 3692):       ANDROID_LOOP    : true
I/FFMPEG  ( 3692):       TITLE           : Girtab
D/FFmpegExtractor( 3692): FFmpegExtrator, url: android-source:0xb45e9060, format_name: ogg, format_long_name: Ogg
I/FFmpegExtractor( 3692): adjust mime(application/ogg -> audio/vorbis)
D/FFmpegExtractor( 3692): suppoted codec(vorbis) by official Stagefright
D/FFmpegExtractor( 3692): ffmpeg detected media content as 'audio/vorbis' with confidence 0.08
D/WVMDrmPlugIn( 3691): WVMDrmPlugin::onInitialize : 4811
D/WVMDrmPlugIn( 3691): WVMDrmPlugin::onSetOnInfoListener : add 4811
D/WVMDrmPlugIn( 3691): WVMDrmPlugin::onTerminate : 4811
I/FFmpegExtractor( 3692): android-source:0xb1b019c0
I/FFMPEG  ( 3692): Input #0, ogg, from 'android-source:0xb1b019c0':
I/FFMPEG  ( 3692):   Duration: 00:00:05.10, start: 0.000000, bitrate: 86 kb/s
I/FFMPEG  ( 3692):     Stream #0:0: Audio: vorbis, 44100 Hz, mono, fltp, 70 kb/s
I/FFMPEG  ( 3692):     Metadata:
I/FFMPEG  ( 3692):       ANDROID_LOOP    : true
I/FFMPEG  ( 3692):       TITLE           : Glacial Groove
I/FFMPEG  ( 3692):       ARTIST          : Dr. Mad
D/FFmpegExtractor( 3692): FFmpegExtrator, url: android-source:0xb1b019c0, format_name: ogg, format_long_name: Ogg
I/FFmpegExtractor( 3692): adjust mime(application/ogg -> audio/vorbis)
D/FFmpegExtractor( 3692): suppoted codec(vorbis) by official Stagefright
D/FFmpegExtractor( 3692): ffmpeg detected media content as 'audio/vorbis' with confidence 0.08
D/WVMDrmPlugIn( 3691): WVMDrmPlugin::onInitialize : 7119
D/WVMDrmPlugIn( 3691): WVMDrmPlugin::onSetOnInfoListener : add 7119
D/WVMDrmPlugIn( 3691): WVMDrmPlugin::onTerminate : 7119
I/FFmpegExtractor( 3692): android-source:0xb1b01880
I/FFMPEG  ( 3692): Input #0, ogg, from 'android-source:0xb1b01880':
I/FFMPEG  ( 3692):   Duration: 00:00:05.78, start: 0.000000, bitrate: 56 kb/s
I/FFMPEG  ( 3692):     Stream #0:0: Audio: vorbis, 44100 Hz, mono, fltp, 48 kb/s
I/FFMPEG  ( 3692):     Metadata:
I/FFMPEG  ( 3692):       ARTIST          : Dr. MAD
I/FFMPEG  ( 3692):       TITLE           : Growl
I/FFMPEG  ( 3692):       ANDROID_LOOP    : true
D/FFmpegExtractor( 3692): FFmpegExtrator, url: android-source:0xb1b01880, format_name: ogg, format_long_name: Ogg
I/FFmpegExtractor( 3692): adjust mime(application/ogg -> audio/vorbis)
D/FFmpegExtractor( 3692): suppoted codec(vorbis) by official Stagefright
D/FFmpegExtractor( 3692): ffmpeg detected media content as 'audio/vorbis' with confidence 0.08
D/WVMDrmPlugIn( 3691): WVMDrmPlugin::onInitialize : 6503
D/WVMDrmPlugIn( 3691): WVMDrmPlugin::onSetOnInfoListener : add 6503
D/WVMDrmPlugIn( 3691): WVMDrmPlugin::onTerminate : 6503
I/FFmpegExtractor( 3692): android-source:0xb1b018d0
I/FFMPEG  ( 3692): Input #0, ogg, from 'android-source:0xb1b018d0':
I/FFMPEG  ( 3692):   Duration: 00:00:07.11, start: 0.000000, bitrate: 77 kb/s
I/FFMPEG  ( 3692):     Stream #0:0: Audio: vorbis, 44100 Hz, mono, fltp, 75 kb/s
I/FFMPEG  ( 3692):     Metadata:
I/FFMPEG  ( 3692):       COPYRIGHT       : Copyright (c) 2009 Android Open Source Project
I/FFMPEG  ( 3692):       ANDROID_LOOP    : true
I/FFMPEG  ( 3692):       TITLE           : Halfway Home
I/FFMPEG  ( 3692):       ARTIST          : Dr. Mad
D/FFmpegExtractor( 3692): FFmpegExtrator, url: android-source:0xb1b018d0, format_name: ogg, format_long_name: Ogg
I/FFmpegExtractor( 3692): adjust mime(application/ogg -> audio/vorbis)
D/FFmpegExtractor( 3692): suppoted codec(vorbis) by official Stagefright
D/FFmpegExtractor( 3692): ffmpeg detected media content as 'audio/vorbis' with confidence 0.08
D/WVMDrmPlugIn( 3691): WVMDrmPlugin::onInitialize : 7048
D/WVMDrmPlugIn( 3691): WVMDrmPlugin::onSetOnInfoListener : add 7048
D/WVMDrmPlugIn( 3691): WVMDrmPlugin::onTerminate : 7048
I/FFmpegExtractor( 3692): android-source:0xb1b30790
I/FFMPEG  ( 3692): Input #0, ogg, from 'android-source:0xb1b30790':
I/FFMPEG  ( 3692):   Duration: 00:00:03.70, start: 0.000000, bitrate: 469 kb/s
I/FFMPEG  ( 3692):     Stream #0:0: Audio: vorbis, 44100 Hz, stereo, fltp, 450 kb/s
I/FFMPEG  ( 3692):     Metadata:
I/FFMPEG  ( 3692):       ENCODER         : FL Studio
D/FFmpegExtractor( 3692): FFmpegExtrator, url: android-source:0xb1b30790, format_name: ogg, format_long_name: Ogg
I/FFmpegExtractor( 3692): adjust mime(application/ogg -> audio/vorbis)
D/FFmpegExtractor( 3692): suppoted codec(vorbis) by official Stagefright
D/FFmpegExtractor( 3692): ffmpeg detected media content as 'audio/vorbis' with confidence 0.08
D/WVMDrmPlugIn( 3691): WVMDrmPlugin::onInitialize : 6127
D/WVMDrmPlugIn( 3691): WVMDrmPlugin::onSetOnInfoListener : add 6127
D/WVMDrmPlugIn( 3691): WVMDrmPlugin::onTerminate : 6127
I/FFmpegExtractor( 3692): android-source:0xb420d1f0
I/FFMPEG  ( 3692): Input #0, ogg, from 'android-source:0xb420d1f0':
I/FFMPEG  ( 3692):   Duration: 00:00:05.00, start: 0.000000, bitrate: 36 kb/s
I/FFMPEG  ( 3692):     Stream #0:0: Audio: vorbis, 44100 Hz, mono, fltp, 80 kb/s
I/FFMPEG  ( 3692):     Metadata:
I/FFMPEG  ( 3692):       ANDROID_LOOP    : true
I/FFMPEG  ( 3692):       TITLE           : Hydra
D/FFmpegExtractor( 3692): FFmpegExtrator, url: android-source:0xb420d1f0, format_name: ogg, format_long_name: Ogg
I/FFmpegExtractor( 3692): adjust mime(application/ogg -> audio/vorbis)
D/FFmpegExtractor( 3692): suppoted codec(vorbis) by official Stagefright
D/FFmpegExtractor( 3692): ffmpeg detected media content as 'audio/vorbis' with confidence 0.08
D/WVMDrmPlugIn( 3691): WVMDrmPlugin::onInitialize : 4131
D/WVMDrmPlugIn( 3691): WVMDrmPlugin::onSetOnInfoListener : add 4131
D/WVMDrmPlugIn( 3691): WVMDrmPlugin::onTerminate : 4131
I/FFmpegExtractor( 3692): android-source:0xb1b015b0
I/FFMPEG  ( 3692): Input #0, ogg, from 'android-source:0xb1b015b0':
I/FFMPEG  ( 3692):   Duration: 00:00:02.00, start: 0.000000, bitrate: 60 kb/s
I/FFMPEG  ( 3692):     Stream #0:0: Audio: vorbis, 44100 Hz, mono, fltp, 48 kb/s
I/FFMPEG  ( 3692):     Metadata:
I/FFMPEG  ( 3692):       ARTIST          : Dr. MAD
I/FFMPEG  ( 3692):       TITLE           : Insert Coin
D/FFmpegExtractor( 3692): FFmpegExtrator, url: android-source:0xb1b015b0, format_name: ogg, format_long_name: Ogg
I/FFmpegExtractor( 3692): adjust mime(application/ogg -> audio/vorbis)
D/FFmpegExtractor( 3692): suppoted codec(vorbis) by official Stagefright
D/FFmpegExtractor( 3692): ffmpeg detected media content as 'audio/vorbis' with confidence 0.08
D/WVMDrmPlugIn( 3691): WVMDrmPlugin::onInitialize : 7309
D/WVMDrmPlugIn( 3691): WVMDrmPlugin::onSetOnInfoListener : add 7309
D/WVMDrmPlugIn( 3691): WVMDrmPlugin::onTerminate : 7309
I/FFmpegExtractor( 3692): android-source:0xb1b01740
I/FFMPEG  ( 3692): Input #0, ogg, from 'android-source:0xb1b01740':
I/FFMPEG  ( 3692):   Duration: 00:00:23.53, start: 0.000000, bitrate: 56 kb/s
I/FFMPEG  ( 3692):     Stream #0:0: Audio: vorbis, 44100 Hz, mono, fltp, 70 kb/s
I/FFMPEG  ( 3692):     Metadata:
I/FFMPEG  ( 3692):       ANDROID_LOOP    : true
I/FFMPEG  ( 3692):       TITLE           : Kuma
D/FFmpegExtractor( 3692): FFmpegExtrator, url: android-source:0xb1b01740, format_name: ogg, format_long_name: Ogg
I/FFmpegExtractor( 3692): adjust mime(application/ogg -> audio/vorbis)
D/FFmpegExtractor( 3692): suppoted codec(vorbis) by official Stagefright
D/FFmpegExtractor( 3692): ffmpeg detected media content as 'audio/vorbis' with confidence 0.08
D/WVMDrmPlugIn( 3691): WVMDrmPlugin::onInitialize : 6605
D/WVMDrmPlugIn( 3691): WVMDrmPlugin::onSetOnInfoListener : add 6605
D/WVMDrmPlugIn( 3691): WVMDrmPlugin::onTerminate : 6605
I/FFmpegExtractor( 3692): android-source:0xb1b30100
I/FFMPEG  ( 3692): Input #0, ogg, from 'android-source:0xb1b30100':
I/FFMPEG  ( 3692):   Duration: 00:00:05.10, start: 0.000000, bitrate: 60 kb/s
I/FFMPEG  ( 3692):     Stream #0:0: Audio: vorbis, 44100 Hz, mono, fltp, 48 kb/s
I/FFMPEG  ( 3692):     Metadata:
I/FFMPEG  ( 3692):       ARTIST          : Dr. MAD
I/FFMPEG  ( 3692):       TITLE           : Loopy Lounge
I/FFMPEG  ( 3692):       ANDROID_LOOP    : true
D/FFmpegExtractor( 3692): FFmpegExtrator, url: android-source:0xb1b30100, format_name: ogg, format_long_name: Ogg
I/FFmpegExtractor( 3692): adjust mime(application/ogg -> audio/vorbis)
D/FFmpegExtractor( 3692): suppoted codec(vorbis) by official Stagefright
D/FFmpegExtractor( 3692): ffmpeg detected media content as 'audio/vorbis' with confidence 0.08
D/WVMDrmPlugIn( 3691): WVMDrmPlugin::onInitialize : 7967
D/WVMDrmPlugIn( 3691): WVMDrmPlugin::onSetOnInfoListener : add 7967
D/WVMDrmPlugIn( 3691): WVMDrmPlugin::onTerminate : 7967
I/FFmpegExtractor( 3692): android-source:0xb1b301f0
I/FFMPEG  ( 3692): Input #0, ogg, from 'android-source:0xb1b301f0':
I/FFMPEG  ( 3692):   Duration: 00:00:04.80, start: 0.000000, bitrate: 57 kb/s
I/FFMPEG  ( 3692):     Stream #0:0: Audio: vorbis, 44100 Hz, mono, fltp, 48 kb/s
I/FFMPEG  ( 3692):     Metadata:
I/FFMPEG  ( 3692):       ARTIST          : Dr. MAD
I/FFMPEG  ( 3692):       TITLE           : Love Flute
I/FFMPEG  ( 3692):       ANDROID_LOOP    : true
D/FFmpegExtractor( 3692): FFmpegExtrator, url: android-source:0xb1b301f0, format_name: ogg, format_long_name: Ogg
I/FFmpegExtractor( 3692): adjust mime(application/ogg -> audio/vorbis)
D/FFmpegExtractor( 3692): suppoted codec(vorbis) by official Stagefright
D/FFmpegExtractor( 3692): ffmpeg detected media content as 'audio/vorbis' with confidence 0.08
D/WVMDrmPlugIn( 3691): WVMDrmPlugin::onInitialize : 4547
D/WVMDrmPlugIn( 3691): WVMDrmPlugin::onSetOnInfoListener : add 4547
D/WVMDrmPlugIn( 3691): WVMDrmPlugin::onTerminate : 4547
I/FFmpegExtractor( 3692): android-source:0xb1b302e0
I/FFMPEG  ( 3692): Input #0, ogg, from 'android-source:0xb1b302e0':
I/FFMPEG  ( 3692):   Duration: 00:00:04.86, start: 0.000000, bitrate: 188 kb/s
I/FFMPEG  ( 3692):     Stream #0:0: Audio: vorbis, 44100 Hz, stereo, fltp, 224 kb/s
I/FFMPEG  ( 3692):     Metadata:
I/FFMPEG  ( 3692):       ANDROID_LOOP    : true
I/FFMPEG  ( 3692):       TITLE           : Luna
D/FFmpegExtractor( 3692): FFmpegExtrator, url: android-source:0xb1b302e0, format_name: ogg, format_long_name: Ogg
I/FFmpegExtractor( 3692): adjust mime(application/ogg -> audio/vorbis)
D/FFmpegExtractor( 3692): suppoted codec(vorbis) by official Stagefright
D/FFmpegExtractor( 3692): ffmpeg detected media content as 'audio/vorbis' with confidence 0.08
D/WVMDrmPlugIn( 3691): WVMDrmPlugin::onInitialize : 7239
D/WVMDrmPlugIn( 3691): WVMDrmPlugin::onSetOnInfoListener : add 7239
D/WVMDrmPlugIn( 3691): WVMDrmPlugin::onTerminate : 7239
I/FFmpegExtractor( 3692): android-source:0xb1b30a60
I/FFMPEG  ( 3692): Input #0, ogg, from 'android-source:0xb1b30a60':
I/FFMPEG  ( 3692):   Duration: 00:00:01.86, start: 0.000000, bitrate: 477 kb/s
I/FFMPEG  ( 3692):     Stream #0:0: Audio: vorbis, 44100 Hz, stereo, fltp, 450 kb/s
I/FFMPEG  ( 3692):     Metadata:
I/FFMPEG  ( 3692):       ENCODER         : FL Studio
D/FFmpegExtractor( 3692): FFmpegExtrator, url: android-source:0xb1b30a60, format_name: ogg, format_long_name: Ogg
I/FFmpegExtractor( 3692): adjust mime(application/ogg -> audio/vorbis)
D/FFmpegExtractor( 3692): suppoted codec(vorbis) by official Stagefright
D/FFmpegExtractor( 3692): ffmpeg detected media content as 'audio/vorbis' with confidence 0.08
D/WVMDrmPlugIn( 3691): WVMDrmPlugin::onInitialize : 8140
D/WVMDrmPlugIn( 3691): WVMDrmPlugin::onSetOnInfoListener : add 8140
D/WVMDrmPlugIn( 3691): WVMDrmPlugin::onTerminate : 8140
I/FFmpegExtractor( 3692): android-source:0xb1b30ba0
I/FFMPEG  ( 3692): Input #0, ogg, from 'android-source:0xb1b30ba0':
I/FFMPEG  ( 3692):   Duration: 00:00:05.68, start: 0.000000, bitrate: 59 kb/s
I/FFMPEG  ( 3692):     Stream #0:0: Audio: vorbis, 44100 Hz, mono, fltp, 80 kb/s
I/FFMPEG  ( 3692):     Metadata:
I/FFMPEG  ( 3692):       ANDROID_LOOP    : true
I/FFMPEG  ( 3692):       track           : 2d201baR
I/FFMPEG  ( 3692):       TITLE           : Lyra
I/FFMPEG  ( 3692):       ARTIST          : pdx
D/FFmpegExtractor( 3692): FFmpegExtrator, url: android-source:0xb1b30ba0, format_name: ogg, format_long_name: Ogg
I/FFmpegExtractor( 3692): adjust mime(application/ogg -> audio/vorbis)
D/FFmpegExtractor( 3692): suppoted codec(vorbis) by official Stagefright
D/FFmpegExtractor( 3692): ffmpeg detected media content as 'audio/vorbis' with confidence 0.08
D/WVMDrmPlugIn( 3691): WVMDrmPlugin::onInitialize : 5972
D/WVMDrmPlugIn( 3691): WVMDrmPlugin::onSetOnInfoListener : add 5972
D/WVMDrmPlugIn( 3691): WVMDrmPlugin::onTerminate : 5972
I/FFmpegExtractor( 3692): android-source:0xb1b30c90
I/FFMPEG  ( 3692): Input #0, ogg, from 'android-source:0xb1b30c90':
I/FFMPEG  ( 3692):   Duration: 00:00:05.12, start: 0.000000, bitrate: 59 kb/s
I/FFMPEG  ( 3692):     Stream #0:0: Audio: vorbis, 44100 Hz, stereo, fltp, 112 kb/s
I/FFMPEG  ( 3692):     Metadata:
I/FFMPEG  ( 3692):       ANDROID_LOOP    : true
I/FFMPEG  ( 3692):       TITLE           : Machina
D/FFmpegExtractor( 3692): FFmpegExtrator, url: android-source:0xb1b30c90, format_name: ogg, format_long_name: Ogg
I/FFmpegExtractor( 3692): adjust mime(application/ogg -> audio/vorbis)
D/FFmpegExtractor( 3692): suppoted codec(vorbis) by official Stagefright
D/FFmpegExtractor( 3692): ffmpeg detected media content as 'audio/vorbis' with confidence 0.08
D/WVMDrmPlugIn( 3691): WVMDrmPlugin::onInitialize : 4402
D/WVMDrmPlugIn( 3691): WVMDrmPlugin::onSetOnInfoListener : add 4402
D/WVMDrmPlugIn( 3691): WVMDrmPlugin::onTerminate : 4402
I/FFmpegExtractor( 3692): android-source:0xb1b30f10
I/FFMPEG  ( 3692): Input #0, ogg, from 'android-source:0xb1b30f10':
I/FFMPEG  ( 3692):   Duration: 00:00:03.84, start: 0.000000, bitrate: 58 kb/s
I/FFMPEG  ( 3692):     Stream #0:0: Audio: vorbis, 44100 Hz, mono, fltp, 48 kb/s
I/FFMPEG  ( 3692):     Metadata:
I/FFMPEG  ( 3692):       ARTIST          : Dr. MAD
I/FFMPEG  ( 3692):       TITLE           : Medieval Jaunt
I/FFMPEG  ( 3692):       ANDROID_LOOP    : true
D/FFmpegExtractor( 3692): FFmpegExtrator, url: android-source:0xb1b30f10, format_name: ogg, format_long_name: Ogg
I/FFmpegExtractor( 3692): adjust mime(application/ogg -> audio/vorbis)
D/FFmpegExtractor( 3692): suppoted codec(vorbis) by official Stagefright
D/FFmpegExtractor( 3692): ffmpeg detected media content as 'audio/vorbis' with confidence 0.08
D/WVMDrmPlugIn( 3691): WVMDrmPlugin::onInitialize : 8021
D/WVMDrmPlugIn( 3691): WVMDrmPlugin::onSetOnInfoListener : add 8021
D/WVMDrmPlugIn( 3691): WVMDrmPlugin::onTerminate : 8021
I/FFmpegExtractor( 3692): android-source:0xb1beb060
I/FFMPEG  ( 3692): Input #0, ogg, from 'android-source:0xb1beb060':
I/FFMPEG  ( 3692):   Duration: 00:00:04.00, start: 0.000000, bitrate: 69 kb/s
I/FFMPEG  ( 3692):     Stream #0:0: Audio: vorbis, 44100 Hz, mono, fltp, 60 kb/s
I/FFMPEG  ( 3692):     Metadata:
I/FFMPEG  ( 3692):       ARTIST          : Dr. MAD
I/FFMPEG  ( 3692):       TITLE           : Mildly Alarming
D/FFmpegExtractor( 3692): FFmpegExtrator, url: android-source:0xb1beb060, format_name: ogg, format_long_name: Ogg
I/FFmpegExtractor( 3692): adjust mime(application/ogg -> audio/vorbis)
D/FFmpegExtractor( 3692): suppoted codec(vorbis) by official Stagefright
D/FFmpegExtractor( 3692): ffmpeg detected media content as 'audio/vorbis' with confidence 0.08
D/WVMDrmPlugIn( 3691): WVMDrmPlugin::onInitialize : 5118
D/WVMDrmPlugIn( 3691): WVMDrmPlugin::onSetOnInfoListener : add 5118
D/WVMDrmPlugIn( 3691): WVMDrmPlugin::onTerminate : 5118
I/FFmpegExtractor( 3692): android-source:0xb1b01060
I/FFMPEG  ( 3692): Input #0, ogg, from 'android-source:0xb1b01060':
I/FFMPEG  ( 3692):   Duration: 00:00:04.00, start: 0.000000, bitrate: 82 kb/s
I/FFMPEG  ( 3692):     Stream #0:0: Audio: vorbis, 44100 Hz, mono, fltp, 75 kb/s
I/FFMPEG  ( 3692):     Metadata:
I/FFMPEG  ( 3692):       ANDROID_LOOP    : true
I/FFMPEG  ( 3692):       COPYRIGHT       : (c) Copyright 2009 Android Open Source Project
I/FFMPEG  ( 3692):       TITLE           : Nairobi
I/FFMPEG  ( 3692):       ARTIST          : Dr. Mad
D/FFmpegExtractor( 3692): FFmpegExtrator, url: android-source:0xb1b01060, format_name: ogg, format_long_name: Ogg
I/FFmpegExtractor( 3692): adjust mime(application/ogg -> audio/vorbis)
D/FFmpegExtractor( 3692): suppoted codec(vorbis) by official Stagefright
D/FFmpegExtractor( 3692): ffmpeg detected media content as 'audio/vorbis' with confidence 0.08
D/WVMDrmPlugIn( 3691): WVMDrmPlugin::onInitialize : 7824
D/WVMDrmPlugIn( 3691): WVMDrmPlugin::onSetOnInfoListener : add 7824
D/WVMDrmPlugIn( 3691): WVMDrmPlugin::onTerminate : 7824
I/FFmpegExtractor( 3692): android-source:0xb1b011a0
I/FFMPEG  ( 3692): Input #0, ogg, from 'android-source:0xb1b011a0':
I/FFMPEG  ( 3692):   Duration: 00:00:04.36, start: 0.000000, bitrate: 80 kb/s
I/FFMPEG  ( 3692):     Stream #0:0: Audio: vorbis, 44100 Hz, mono, fltp, 75 kb/s
I/FFMPEG  ( 3692):     Metadata:
I/FFMPEG  ( 3692):       ANDROID_LOOP    : true
I/FFMPEG  ( 3692):       COPYRIGHT       : (c) Copyright 2009 Android Open Source Project
I/FFMPEG  ( 3692):       TITLE           : Nassau
I/FFMPEG  ( 3692):       ARTIST          : Dr. Mad
D/FFmpegExtractor( 3692): FFmpegExtrator, url: android-source:0xb1b011a0, format_name: ogg, format_long_name: Ogg
I/FFmpegExtractor( 3692): adjust mime(application/ogg -> audio/vorbis)
D/FFmpegExtractor( 3692): suppoted codec(vorbis) by official Stagefright
D/FFmpegExtractor( 3692): ffmpeg detected media content as 'audio/vorbis' with confidence 0.08
D/WVMDrmPlugIn( 3691): WVMDrmPlugin::onInitialize : 7203
D/WVMDrmPlugIn( 3691): WVMDrmPlugin::onSetOnInfoListener : add 7203
D/WVMDrmPlugIn( 3691): WVMDrmPlugin::onTerminate : 7203
I/FFmpegExtractor( 3692): android-source:0xb1beb060
I/FFMPEG  ( 3692): Input #0, ogg, from 'android-source:0xb1beb060':
I/FFMPEG  ( 3692):   Duration: 00:00:02.00, start: 0.000000, bitrate: 62 kb/s
I/FFMPEG  ( 3692):     Stream #0:0: Audio: vorbis, 44100 Hz, mono, fltp, 48 kb/s
I/FFMPEG  ( 3692):     Metadata:
I/FFMPEG  ( 3692):       ARTIST          : Dr. MAD
I/FFMPEG  ( 3692):       TITLE           : New Player
D/FFmpegExtractor( 3692): FFmpegExtrator, url: android-source:0xb1beb060, format_name: ogg, format_long_name: Ogg
I/FFmpegExtractor( 3692): adjust mime(application/ogg -> audio/vorbis)
D/FFmpegExtractor( 3692): suppoted codec(vorbis) by official Stagefright
D/FFmpegExtractor( 3692): ffmpeg detected media content as 'audio/vorbis' with confidence 0.08
D/WVMDrmPlugIn( 3691): WVMDrmPlugin::onInitialize : 6524
D/WVMDrmPlugIn( 3691): WVMDrmPlugin::onSetOnInfoListener : add 6524
D/WVMDrmPlugIn( 3691): WVMDrmPlugin::onTerminate : 6524
I/FFmpegExtractor( 3692): android-source:0xb1beb150
I/FFMPEG  ( 3692): Input #0, ogg, from 'android-source:0xb1beb150':
I/FFMPEG  ( 3692):   Duration: 00:00:03.58, start: 0.000000, bitrate: 73 kb/s
I/FFMPEG  ( 3692):     Stream #0:0: Audio: vorbis, 44100 Hz, mono, fltp, 70 kb/s
I/FFMPEG  ( 3692):     Metadata:
I/FFMPEG  ( 3692):       ANDROID_LOOP    : true
I/FFMPEG  ( 3692):       TITLE           : No Limits
I/FFMPEG  ( 3692):       ARTIST          : Dr. Mad
D/FFmpegExtractor( 3692): FFmpegExtrator, url: android-source:0xb1beb150, format_name: ogg, format_long_name: Ogg
I/FFmpegExtractor( 3692): adjust mime(application/ogg -> audio/vorbis)
D/FFmpegExtractor( 3692): suppoted codec(vorbis) by official Stagefright
D/FFmpegExtractor( 3692): ffmpeg detected media content as 'audio/vorbis' with confidence 0.08
D/WVMDrmPlugIn( 3691): WVMDrmPlugin::onInitialize : 6722
D/WVMDrmPlugIn( 3691): WVMDrmPlugin::onSetOnInfoListener : add 6722
D/WVMDrmPlugIn( 3691): WVMDrmPlugin::onTerminate : 6722
I/FFmpegExtractor( 3692): android-source:0xb1b30b00
I/FFMPEG  ( 3692): Input #0, ogg, from 'android-source:0xb1b30b00':
I/FFMPEG  ( 3692):   Duration: 00:00:04.00, start: 0.000000, bitrate: 78 kb/s
I/FFMPEG  ( 3692):     Stream #0:0: Audio: vorbis, 44100 Hz, mono, fltp, 70 kb/s
I/FFMPEG  ( 3692):     Metadata:
I/FFMPEG  ( 3692):       ARTIST          : Dr. MAD
I/FFMPEG  ( 3692):       TITLE           : Terrible Twos
D/FFmpegExtractor( 3692): FFmpegExtrator, url: android-source:0xb1b30b00, format_name: ogg, format_long_name: Ogg
I/FFmpegExtractor( 3692): adjust mime(application/ogg -> audio/vorbis)
D/FFmpegExtractor( 3692): suppoted codec(vorbis) by official Stagefright
D/FFmpegExtractor( 3692): ffmpeg detected media content as 'audio/vorbis' with confidence 0.08
D/WVMDrmPlugIn( 3691): WVMDrmPlugin::onInitialize : 7397
D/WVMDrmPlugIn( 3691): WVMDrmPlugin::onSetOnInfoListener : add 7397
D/WVMDrmPlugIn( 3691): WVMDrmPlugin::onTerminate : 7397
I/FFmpegExtractor( 3692): android-source:0xb1b30100
I/FFMPEG  ( 3692): Input #0, ogg, from 'android-source:0xb1b30100':
I/FFMPEG  ( 3692):   Duration: 00:00:03.97, start: 0.000000, bitrate: 53 kb/s
I/FFMPEG  ( 3692):     Stream #0:0: Audio: vorbis, 44100 Hz, mono, fltp, 48 kb/s
I/FFMPEG  ( 3692):     Metadata:
I/FFMPEG  ( 3692):       ARTIST          : Dr. MAD
I/FFMPEG  ( 3692):       TITLE           : Thriller Three
D/FFmpegExtractor( 3692): FFmpegExtrator, url: android-source:0xb1b30100, format_name: ogg, format_long_name: Ogg
I/FFmpegExtractor( 3692): adjust mime(application/ogg -> audio/vorbis)
D/FFmpegExtractor( 3692): suppoted codec(vorbis) by official Stagefright
D/FFmpegExtractor( 3692): ffmpeg detected media content as 'audio/vorbis' with confidence 0.08
D/WVMDrmPlugIn( 3691): WVMDrmPlugin::onInitialize : 4997
D/WVMDrmPlugIn( 3691): WVMDrmPlugin::onSetOnInfoListener : add 4997
D/WVMDrmPlugIn( 3691): WVMDrmPlugin::onTerminate : 4997
I/FFmpegExtractor( 3692): android-source:0xb1b018d0
I/FFMPEG  ( 3692): Input #0, ogg, from 'android-source:0xb1b018d0':
I/FFMPEG  ( 3692):   Duration: 00:00:16.00, start: 0.000000, bitrate: 232 kb/s
I/FFMPEG  ( 3692):     Stream #0:0: Audio: vorbis, 44100 Hz, stereo, fltp, 224 kb/s
I/FFMPEG  ( 3692):     Metadata:
I/FFMPEG  ( 3692):       ANDROID_LOOP    : true
I/FFMPEG  ( 3692):       TITLE           : Oberon
D/FFmpegExtractor( 3692): FFmpegExtrator, url: android-source:0xb1b018d0, format_name: ogg, format_long_name: Ogg
I/FFmpegExtractor( 3692): adjust mime(application/ogg -> audio/vorbis)
D/FFmpegExtractor( 3692): suppoted codec(vorbis) by official Stagefright
D/FFmpegExtractor( 3692): ffmpeg detected media content as 'audio/vorbis' with confidence 0.08
D/WVMDrmPlugIn( 3691): WVMDrmPlugin::onInitialize : 5990
D/WVMDrmPlugIn( 3691): WVMDrmPlugin::onSetOnInfoListener : add 5990
D/WVMDrmPlugIn( 3691): WVMDrmPlugin::onTerminate : 5990
I/FFmpegExtractor( 3692): android-source:0xb45e9060
I/FFMPEG  ( 3692): Input #0, ogg, from 'android-source:0xb45e9060':
I/FFMPEG  ( 3692):   Duration: 00:00:04.36, start: 0.000000, bitrate: 59 kb/s
I/FFMPEG  ( 3692):     Stream #0:0: Audio: vorbis, 44100 Hz, mono, fltp, 48 kb/s
I/FFMPEG  ( 3692):     Metadata:
I/FFMPEG  ( 3692):       ARTIST          : Dr. MAD
I/FFMPEG  ( 3692):       TITLE           : Organ Dub
I/FFMPEG  ( 3692):       ANDROID_LOOP    : true
D/FFmpegExtractor( 3692): FFmpegExtrator, url: android-source:0xb45e9060, format_name: ogg, format_long_name: Ogg
I/FFmpegExtractor( 3692): adjust mime(application/ogg -> audio/vorbis)
D/FFmpegExtractor( 3692): suppoted codec(vorbis) by official Stagefright
D/FFmpegExtractor( 3692): ffmpeg detected media content as 'audio/vorbis' with confidence 0.08
D/WVMDrmPlugIn( 3691): WVMDrmPlugin::onInitialize : 7365
D/WVMDrmPlugIn( 3691): WVMDrmPlugin::onSetOnInfoListener : add 7365
D/WVMDrmPlugIn( 3691): WVMDrmPlugin::onTerminate : 7365
I/FFmpegExtractor( 3692): android-source:0xb6155fb0
I/FFMPEG  ( 3692): Input #0, ogg, from 'android-source:0xb6155fb0':
I/FFMPEG  ( 3692):   Duration: 00:00:06.21, start: 0.000000, bitrate: 70 kb/s
I/FFMPEG  ( 3692):     Stream #0:0: Audio: vorbis, 44100 Hz, mono, fltp, 80 kb/s
I/FFMPEG  ( 3692):     Metadata:
I/FFMPEG  ( 3692):       ANDROID_LOOP    : true
I/FFMPEG  ( 3692):       TITLE           : Orion
D/FFmpegExtractor( 3692): FFmpegExtrator, url: android-source:0xb6155fb0, format_name: ogg, format_long_name: Ogg
I/FFmpegExtractor( 3692): adjust mime(application/ogg -> audio/vorbis)
D/FFmpegExtractor( 3692): suppoted codec(vorbis) by official Stagefright
D/FFmpegExtractor( 3692): ffmpeg detected media content as 'audio/vorbis' with confidence 0.08
D/WVMDrmPlugIn( 3691): WVMDrmPlugin::onInitialize : 4918
D/WVMDrmPlugIn( 3691): WVMDrmPlugin::onSetOnInfoListener : add 4918
D/WVMDrmPlugIn( 3691): WVMDrmPlugin::onTerminate : 4918
I/FFmpegExtractor( 3692): android-source:0xb6155e70
I/FFMPEG  ( 3692): Input #0, ogg, from 'android-source:0xb6155e70':
I/FFMPEG  ( 3692):   Duration: 00:00:04.14, start: 0.000000, bitrate: 75 kb/s
I/FFMPEG  ( 3692):     Stream #0:0: Audio: vorbis, 44100 Hz, mono, fltp, 70 kb/s
I/FFMPEG  ( 3692):     Metadata:
I/FFMPEG  ( 3692):       ANDROID_LOOP    : true
I/FFMPEG  ( 3692):       TITLE           : Paradise Island
I/FFMPEG  ( 3692):       ARTIST          : Dr. Mad
D/FFmpegExtractor( 3692): FFmpegExtrator, url: android-source:0xb6155e70, format_name: ogg, format_long_name: Ogg
I/FFmpegExtractor( 3692): adjust mime(application/ogg -> audio/vorbis)
D/FFmpegExtractor( 3692): suppoted codec(vorbis) by official Stagefright
D/FFmpegExtractor( 3692): ffmpeg detected media content as 'audio/vorbis' with confidence 0.08
D/WVMDrmPlugIn( 3691): WVMDrmPlugin::onInitialize : 8017
D/WVMDrmPlugIn( 3691): WVMDrmPlugin::onSetOnInfoListener : add 8017
D/WVMDrmPlugIn( 3691): WVMDrmPlugin::onTerminate : 8017
I/FFmpegExtractor( 3692): android-source:0xb1ae8420
I/FFMPEG  ( 3692): Input #0, ogg, from 'android-source:0xb1ae8420':
I/FFMPEG  ( 3692):   Duration: 00:00:09.62, start: 0.000000, bitrate: 72 kb/s
I/FFMPEG  ( 3692):     Stream #0:0: Audio: vorbis, 44100 Hz, mono, fltp, 80 kb/s
I/FFMPEG  ( 3692):     Metadata:
I/FFMPEG  ( 3692):       ANDROID_LOOP    : true
I/FFMPEG  ( 3692):       TITLE           : Pegasus
D/FFmpegExtractor( 3692): FFmpegExtrator, url: android-source:0xb1ae8420, format_name: ogg, format_long_name: Ogg
I/FFmpegExtractor( 3692): adjust mime(application/ogg -> audio/vorbis)
D/FFmpegExtractor( 3692): suppoted codec(vorbis) by official Stagefright
D/FFmpegExtractor( 3692): ffmpeg detected media content as 'audio/vorbis' with confidence 0.08
D/WVMDrmPlugIn( 3691): WVMDrmPlugin::onInitialize : 5523
D/WVMDrmPlugIn( 3691): WVMDrmPlugin::onSetOnInfoListener : add 5523
D/WVMDrmPlugIn( 3691): WVMDrmPlugin::onTerminate : 5523
I/FFmpegExtractor( 3692): android-source:0xb6155e70
I/FFMPEG  ( 3692): [ogg @ 0xb40ac400] 2048 bytes of comment header remain
I/FFMPEG  ( 3692): Input #0, ogg, from 'android-source:0xb6155e70':
I/FFMPEG  ( 3692):   Duration: 00:00:10.17, start: 0.000000, bitrate: 185 kb/s
I/FFMPEG  ( 3692):     Stream #0:0: Audio: vorbis, 44100 Hz, stereo, fltp, 192 kb/s
I/FFMPEG  ( 3692):     Metadata:
I/FFMPEG  ( 3692):       TITLE           : Perseus
D/FFmpegExtractor( 3692): FFmpegExtrator, url: android-source:0xb6155e70, format_name: ogg, format_long_name: Ogg
I/FFmpegExtractor( 3692): adjust mime(application/ogg -> audio/vorbis)
D/FFmpegExtractor( 3692): suppoted codec(vorbis) by official Stagefright
D/FFmpegExtractor( 3692): ffmpeg detected media content as 'audio/vorbis' with confidence 0.08
D/WVMDrmPlugIn( 3691): WVMDrmPlugin::onInitialize : 7320
D/WVMDrmPlugIn( 3691): WVMDrmPlugin::onSetOnInfoListener : add 7320
D/WVMDrmPlugIn( 3691): WVMDrmPlugin::onTerminate : 7320
I/FFmpegExtractor( 3692): android-source:0xb1ae8420
I/FFMPEG  ( 3692): Input #0, ogg, from 'android-source:0xb1ae8420':
I/FFMPEG  ( 3692):   Duration: 00:00:04.03, start: 0.000000, bitrate: 229 kb/s
I/FFMPEG  ( 3692):     Stream #0:0: Audio: vorbis, 44100 Hz, stereo, fltp, 224 kb/s
I/FFMPEG  ( 3692):     Metadata:
I/FFMPEG  ( 3692):       ANDROID_LOOP    : true
I/FFMPEG  ( 3692):       TITLE           : Phobos
D/FFmpegExtractor( 3692): FFmpegExtrator, url: android-source:0xb1ae8420, format_name: ogg, format_long_name: Ogg
I/FFmpegExtractor( 3692): adjust mime(application/ogg -> audio/vorbis)
D/FFmpegExtractor( 3692): suppoted codec(vorbis) by official Stagefright
D/FFmpegExtractor( 3692): ffmpeg detected media content as 'audio/vorbis' with confidence 0.08
D/WVMDrmPlugIn( 3691): WVMDrmPlugin::onInitialize : 4402
D/WVMDrmPlugIn( 3691): WVMDrmPlugin::onSetOnInfoListener : add 4402
D/WVMDrmPlugIn( 3691): WVMDrmPlugin::onTerminate : 4402
I/FFmpegExtractor( 3692): android-source:0xb1b01bf0
I/FFMPEG  ( 3692): Input #0, ogg, from 'android-source:0xb1b01bf0':
I/FFMPEG  ( 3692):   Duration: 00:00:05.85, start: 0.000000, bitrate: 77 kb/s
I/FFMPEG  ( 3692):     Stream #0:0: Audio: vorbis, 44100 Hz, mono, fltp, 75 kb/s
I/FFMPEG  ( 3692):     Metadata:
I/FFMPEG  ( 3692):       COPYRIGHT       : Copyright (c) 2009 Android Open Source Project
I/FFMPEG  ( 3692):       ANDROID_LOOP    : true
I/FFMPEG  ( 3692):       TITLE           : Playa
I/FFMPEG  ( 3692):       ARTIST          : Dr. Mad
D/FFmpegExtractor( 3692): FFmpegExtrator, url: android-source:0xb1b01bf0, format_name: ogg, format_long_name: Ogg
I/FFmpegExtractor( 3692): adjust mime(application/ogg -> audio/vorbis)
D/FFmpegExtractor( 3692): suppoted codec(vorbis) by official Stagefright
D/FFmpegExtractor( 3692): ffmpeg detected media content as 'audio/vorbis' with confidence 0.08
D/WVMDrmPlugIn( 3691): WVMDrmPlugin::onInitialize : 5705
D/WVMDrmPlugIn( 3691): WVMDrmPlugin::onSetOnInfoListener : add 5705
D/WVMDrmPlugIn( 3691): WVMDrmPlugin::onTerminate : 5705
I/FFmpegExtractor( 3692): android-source:0xb423bd80
I/FFMPEG  ( 3692): Input #0, ogg, from 'android-source:0xb423bd80':
I/FFMPEG  ( 3692):   Duration: 00:00:20.46, start: 0.000000, bitrate: 246 kb/s
I/FFMPEG  ( 3692):     Stream #0:0: Audio: vorbis, 44100 Hz, stereo, fltp, 224 kb/s
I/FFMPEG  ( 3692):     Metadata:
I/FFMPEG  ( 3692):       ANDROID_LOOP    : true
I/FFMPEG  ( 3692):       TITLE           : Pyxis
D/FFmpegExtractor( 3692): FFmpegExtrator, url: android-source:0xb423bd80, format_name: ogg, format_long_name: Ogg
I/FFmpegExtractor( 3692): adjust mime(application/ogg -> audio/vorbis)
D/FFmpegExtractor( 3692): suppoted codec(vorbis) by official Stagefright
D/FFmpegExtractor( 3692): ffmpeg detected media content as 'audio/vorbis' with confidence 0.08
D/WVMDrmPlugIn( 3691): WVMDrmPlugin::onInitialize : 4580
D/WVMDrmPlugIn( 3691): WVMDrmPlugin::onSetOnInfoListener : add 4580
D/WVMDrmPlugIn( 3691): WVMDrmPlugin::onTerminate : 4580
I/FFmpegExtractor( 3692): android-source:0xb1b01830
I/FFMPEG  ( 3692): Input #0, ogg, from 'android-source:0xb1b01830':
I/FFMPEG  ( 3692):   Duration: 00:00:25.53, start: 0.000000, bitrate: 56 kb/s
I/FFMPEG  ( 3692):     Stream #0:0: Audio: vorbis, 44100 Hz, mono, fltp, 70 kb/s
I/FFMPEG  ( 3692):     Metadata:
I/FFMPEG  ( 3692):       ANDROID_LOOP    : true
I/FFMPEG  ( 3692):       TITLE           : Rasalas
D/FFmpegExtractor( 3692): FFmpegExtrator, url: android-source:0xb1b01830, format_name: ogg, format_long_name: Ogg
I/FFmpegExtractor( 3692): adjust mime(application/ogg -> audio/vorbis)
D/FFmpegExtractor( 3692): suppoted codec(vorbis) by official Stagefright
D/FFmpegExtractor( 3692): ffmpeg detected media content as 'audio/vorbis' with confidence 0.08
D/WVMDrmPlugIn( 3691): WVMDrmPlugin::onInitialize : 5118
D/WVMDrmPlugIn( 3691): WVMDrmPlugin::onSetOnInfoListener : add 5118
D/WVMDrmPlugIn( 3691): WVMDrmPlugin::onTerminate : 5118
I/FFmpegExtractor( 3692): android-source:0xb1b30ba0
I/FFMPEG  ( 3692): Input #0, ogg, from 'android-source:0xb1b30ba0':
I/FFMPEG  ( 3692):   Duration: 00:00:05.94, start: 0.000000, bitrate: 70 kb/s
I/FFMPEG  ( 3692):     Stream #0:0: Audio: vorbis, 44100 Hz, mono, fltp, 70 kb/s
I/FFMPEG  ( 3692):     Metadata:
I/FFMPEG  ( 3692):       ANDROID_LOOP    : true
I/FFMPEG  ( 3692):       TITLE           : Revelation
I/FFMPEG  ( 3692):       ARTIST          : Dr. Mad
D/FFmpegExtractor( 3692): FFmpegExtrator, url: android-source:0xb1b30ba0, format_name: ogg, format_long_name: Ogg
I/FFmpegExtractor( 3692): adjust mime(application/ogg -> audio/vorbis)
D/FFmpegExtractor( 3692): suppoted codec(vorbis) by official Stagefright
D/FFmpegExtractor( 3692): ffmpeg detected media content as 'audio/vorbis' with confidence 0.08
D/WVMDrmPlugIn( 3691): WVMDrmPlugin::onInitialize : 4632
D/WVMDrmPlugIn( 3691): WVMDrmPlugin::onSetOnInfoListener : add 4632
D/WVMDrmPlugIn( 3691): WVMDrmPlugin::onTerminate : 4632
I/FFmpegExtractor( 3692): android-source:0xb1b01830
I/FFMPEG  ( 3692): [ogg @ 0xb42a5000] 93 bytes of comment header remain
I/FFMPEG  ( 3692): Input #0, ogg, from 'android-source:0xb1b01830':
I/FFMPEG  ( 3692):   Duration: 00:00:03.43, start: 0.000000, bitrate: 134 kb/s
I/FFMPEG  ( 3692):     Stream #0:0: Audio: vorbis, 44100 Hz, mono, fltp, 140 kb/s
I/FFMPEG  ( 3692):     Metadata:
I/FFMPEG  ( 3692):       CREATOR         : Amadeus Pro
I/FFMPEG  ( 3692):       ANDROID_LOOP    : true
I/FFMPEG  ( 3692):       TITLE           : Rigel
D/FFmpegExtractor( 3692): FFmpegExtrator, url: android-source:0xb1b01830, format_name: ogg, format_long_name: Ogg
I/FFmpegExtractor( 3692): adjust mime(application/ogg -> audio/vorbis)
D/FFmpegExtractor( 3692): suppoted codec(vorbis) by official Stagefright
D/FFmpegExtractor( 3692): ffmpeg detected media content as 'audio/vorbis' with confidence 0.08
D/WVMDrmPlugIn( 3691): WVMDrmPlugin::onInitialize : 6987
D/WVMDrmPlugIn( 3691): WVMDrmPlugin::onSetOnInfoListener : add 6987
D/WVMDrmPlugIn( 3691): WVMDrmPlugin::onTerminate : 6987
I/FFmpegExtractor( 3692): android-source:0xb45e9060
I/FFMPEG  ( 3692): Input #0, ogg, from 'android-source:0xb45e9060':
I/FFMPEG  ( 3692):   Duration: 00:00:05.09, start: 0.000000, bitrate: 92 kb/s
I/FFMPEG  ( 3692):     Stream #0:0: Audio: vorbis, 44100 Hz, stereo, fltp, 112 kb/s
I/FFMPEG  ( 3692):     Metadata:
I/FFMPEG  ( 3692):       TITLE           : Bell Phone
I/FFMPEG  ( 3692):       ANDROID_LOOP    : true
D/FFmpegExtractor( 3692): FFmpegExtrator, url: android-source:0xb45e9060, format_name: ogg, format_long_name: Ogg
I/FFmpegExtractor( 3692): adjust mime(application/ogg -> audio/vorbis)
D/FFmpegExtractor( 3692): suppoted codec(vorbis) by official Stagefright
D/FFmpegExtractor( 3692): ffmpeg detected media content as 'audio/vorbis' with confidence 0.08
D/WVMDrmPlugIn( 3691): WVMDrmPlugin::onInitialize : 8070
D/WVMDrmPlugIn( 3691): WVMDrmPlugin::onSetOnInfoListener : add 8070
D/WVMDrmPlugIn( 3691): WVMDrmPlugin::onTerminate : 8070
I/FFmpegExtractor( 3692): android-source:0xb1b01330
I/FFMPEG  ( 3692): [ogg @ 0xb40ad000] 2048 bytes of comment header remain
I/FFMPEG  ( 3692): Input #0, ogg, from 'android-source:0xb1b01330':
I/FFMPEG  ( 3692):   Duration: 00:00:03.71, start: 0.000000, bitrate: 49 kb/s
I/FFMPEG  ( 3692):     Stream #0:0: Audio: vorbis, 44100 Hz, stereo, fltp, 112 kb/s
I/FFMPEG  ( 3692):     Metadata:
I/FFMPEG  ( 3692):       ANDROID_LOOP    : true
I/FFMPEG  ( 3692):       TITLE           : Digital Phone
D/FFmpegExtractor( 3692): FFmpegExtrator, url: android-source:0xb1b01330, format_name: ogg, format_long_name: Ogg
I/FFmpegExtractor( 3692): adjust mime(application/ogg -> audio/vorbis)
D/FFmpegExtractor( 3692): suppoted codec(vorbis) by official Stagefright
D/FFmpegExtractor( 3692): ffmpeg detected media content as 'audio/vorbis' with confidence 0.08
I/PowerManagerService( 4110): Going to sleep due to screen timeout (uid 1000)...
I/PowerManagerService( 4110): Sleeping (uid 1000)...
I/Sensors ( 4110): Acc old sensor_state 1, new sensor_state : 0 en : 0
D/WVMDrmPlugIn( 3691): WVMDrmPlugin::onInitialize : 6663
D/WVMDrmPlugIn( 3691): WVMDrmPlugin::onSetOnInfoListener : add 6663
D/WVMDrmPlugIn( 3691): WVMDrmPlugin::onTerminate : 6663
I/FFmpegExtractor( 3692): android-source:0xb1b01470
I/FFMPEG  ( 3692): Input #0, ogg, from 'android-source:0xb1b01470':
I/FFMPEG  ( 3692):   Duration: 00:00:04.15, start: 0.000000, bitrate: 101 kb/s
I/FFMPEG  ( 3692):     Stream #0:0: Audio: vorbis, 44100 Hz, stereo, fltp, 112 kb/s
I/FFMPEG  ( 3692):     Metadata:
I/FFMPEG  ( 3692):       TITLE           : Chimey Phone
I/FFMPEG  ( 3692):       ANDROID_LOOP    : true
D/FFmpegExtractor( 3692): FFmpegExtrator, url: android-source:0xb1b01470, format_name: ogg, format_long_name: Ogg
I/FFmpegExtractor( 3692): adjust mime(application/ogg -> audio/vorbis)
D/FFmpegExtractor( 3692): suppoted codec(vorbis) by official Stagefright
D/FFmpegExtractor( 3692): ffmpeg detected media content as 'audio/vorbis' with confidence 0.08
D/PermissionCache( 3689): checking android.permission.READ_FRAME_BUFFER for uid=1000 => granted (136 us)
D/PhoneStatusBar( 4435): disable: < expand ICONS alerts SYSTEM_INFO back HOME RECENT clock SEARCH >
D/WVMDrmPlugIn( 3691): WVMDrmPlugin::onInitialize : 7023
D/WVMDrmPlugIn( 3691): WVMDrmPlugin::onSetOnInfoListener : add 7023
D/WVMDrmPlugIn( 3691): WVMDrmPlugin::onTerminate : 7023
I/FFmpegExtractor( 3692): android-source:0xb45e9060
I/FFMPEG  ( 3692): Input #0, ogg, from 'android-source:0xb45e9060':
I/FFMPEG  ( 3692):   Duration: 00:00:03.68, start: 0.000000, bitrate: 95 kb/s
I/FFMPEG  ( 3692):     Stream #0:0: Audio: vorbis, 44100 Hz, stereo, fltp, 112 kb/s
I/FFMPEG  ( 3692):     Metadata:
I/FFMPEG  ( 3692):       TITLE           : Flutey Phone
I/FFMPEG  ( 3692):       ANDROID_LOOP    : true
D/FFmpegExtractor( 3692): FFmpegExtrator, url: android-source:0xb45e9060, format_name: ogg, format_long_name: Ogg
I/FFmpegExtractor( 3692): adjust mime(application/ogg -> audio/vorbis)
D/FFmpegExtractor( 3692): suppoted codec(vorbis) by official Stagefright
D/FFmpegExtractor( 3692): ffmpeg detected media content as 'audio/vorbis' with confidence 0.08
I/WifiNative-HAL( 4110): startHal
E/wifi    ( 4110): getStaticLongField sWifiHalHandle 0x9e3ff87c
D/wifi    ( 4110): halHandle = 0x0, mVM = 0xb515c280, mCls = 0x500ef2
I/WifiNative-HAL( 4110): Could not start hal
I/WifiNative-HAL( 4110): startHal
E/wifi    ( 4110): getStaticLongField sWifiHalHandle 0x9e3ff87c
D/wifi    ( 4110): halHandle = 0x0, mVM = 0xb515c280, mCls = 0x500ee6
I/WifiNative-HAL( 4110): Could not start hal
D/WVMDrmPlugIn( 3691): WVMDrmPlugin::onInitialize : 7187
D/WVMDrmPlugIn( 3691): WVMDrmPlugin::onSetOnInfoListener : add 7187
D/WVMDrmPlugIn( 3691): WVMDrmPlugin::onTerminate : 7187
I/FFmpegExtractor( 3692): android-source:0xb1b01830
I/FFMPEG  ( 3692): Input #0, ogg, from 'android-source:0xb1b01830':
I/FFMPEG  ( 3692):   Duration: 00:00:05.49, start: 0.000000, bitrate: 71 kb/s
I/FFMPEG  ( 3692):     Stream #0:0: Audio: vorbis, 44100 Hz, mono, fltp, 70 kb/s
I/FFMPEG  ( 3692):     Metadata:
I/FFMPEG  ( 3692):       ANDROID_LOOP    : true
I/FFMPEG  ( 3692):       TITLE           : Road Trip
I/FFMPEG  ( 3692):       ARTIST          : Dr. Mad
D/FFmpegExtractor( 3692): FFmpegExtrator, url: android-source:0xb1b01830, format_name: ogg, format_long_name: Ogg
I/FFmpegExtractor( 3692): adjust mime(application/ogg -> audio/vorbis)
D/FFmpegExtractor( 3692): suppoted codec(vorbis) by official Stagefright
D/FFmpegExtractor( 3692): ffmpeg detected media content as 'audio/vorbis' with confidence 0.08
D/WVMDrmPlugIn( 3691): WVMDrmPlugin::onInitialize : 5077
D/WVMDrmPlugIn( 3691): WVMDrmPlugin::onSetOnInfoListener : add 5077
D/WVMDrmPlugIn( 3691): WVMDrmPlugin::onTerminate : 5077
I/FFmpegExtractor( 3692): android-source:0xb6155fb0
I/FFMPEG  ( 3692): Input #0, ogg, from 'android-source:0xb6155fb0':
I/FFMPEG  ( 3692):   Duration: 00:00:03.70, start: 0.000000, bitrate: 466 kb/s
I/FFMPEG  ( 3692):     Stream #0:0: Audio: vorbis, 44100 Hz, stereo, fltp, 450 kb/s
I/FFMPEG  ( 3692):     Metadata:
I/FFMPEG  ( 3692):       ENCODER         : FL Studio
D/FFmpegExtractor( 3692): FFmpegExtrator, url: android-source:0xb6155fb0, format_name: ogg, format_long_name: Ogg
I/FFmpegExtractor( 3692): adjust mime(application/ogg -> audio/vorbis)
D/FFmpegExtractor( 3692): suppoted codec(vorbis) by official Stagefright
D/FFmpegExtractor( 3692): ffmpeg detected media content as 'audio/vorbis' with confidence 0.08
D/WVMDrmPlugIn( 3691): WVMDrmPlugin::onInitialize : 6798
D/WVMDrmPlugIn( 3691): WVMDrmPlugin::onSetOnInfoListener : add 6798
D/WVMDrmPlugIn( 3691): WVMDrmPlugin::onTerminate : 6798
I/FFmpegExtractor( 3692): android-source:0xb45e90b0
I/FFMPEG  ( 3692): Input #0, ogg, from 'android-source:0xb45e90b0':
I/FFMPEG  ( 3692):   Duration: 00:00:04.57, start: 0.000000, bitrate: 55 kb/s
I/FFMPEG  ( 3692):     Stream #0:0: Audio: vorbis, 44100 Hz, mono, fltp, 48 kb/s
I/FFMPEG  ( 3692):     Metadata:
I/FFMPEG  ( 3692):       ARTIST          : Dr. MAD
I/FFMPEG  ( 3692):       TITLE           : Romancing The Tone
I/FFMPEG  ( 3692):       ANDROID_LOOP    : true
D/FFmpegExtractor( 3692): FFmpegExtrator, url: android-source:0xb45e90b0, format_name: ogg, format_long_name: Ogg
I/FFmpegExtractor( 3692): adjust mime(application/ogg -> audio/vorbis)
D/FFmpegExtractor( 3692): suppoted codec(vorbis) by official Stagefright
D/FFmpegExtractor( 3692): ffmpeg detected media content as 'audio/vorbis' with confidence 0.08
D/WVMDrmPlugIn( 3691): WVMDrmPlugin::onInitialize : 7638
D/WVMDrmPlugIn( 3691): WVMDrmPlugin::onSetOnInfoListener : add 7638
D/WVMDrmPlugIn( 3691): WVMDrmPlugin::onTerminate : 7638
I/FFmpegExtractor( 3692): android-source:0xb1b30d30
I/FFMPEG  ( 3692): Input #0, ogg, from 'android-source:0xb1b30d30':
I/FFMPEG  ( 3692):   Duration: 00:00:04.00, start: 0.000000, bitrate: 84 kb/s
I/FFMPEG  ( 3692):     Stream #0:0: Audio: vorbis, 44100 Hz, mono, fltp, 75 kb/s
I/FFMPEG  ( 3692):     Metadata:
I/FFMPEG  ( 3692):       ANDROID_LOOP    : true
I/FFMPEG  ( 3692):       COPYRIGHT       : (c) Copyright 2009 Android Open Source Project
I/FFMPEG  ( 3692):       TITLE           : Safari
I/FFMPEG  ( 3692):       ARTIST          : Dr. Mad
D/FFmpegExtractor( 3692): FFmpegExtrator, url: android-source:0xb1b30d30, format_name: ogg, format_long_name: Ogg
I/FFmpegExtractor( 3692): adjust mime(application/ogg -> audio/vorbis)
D/FFmpegExtractor( 3692): suppoted codec(vorbis) by official Stagefright
D/FFmpegExtractor( 3692): ffmpeg detected media content as 'audio/vorbis' with confidence 0.08
D/WVMDrmPlugIn( 3691): WVMDrmPlugin::onInitialize : 4124
D/WVMDrmPlugIn( 3691): WVMDrmPlugin::onSetOnInfoListener : add 4124
D/WVMDrmPlugIn( 3691): WVMDrmPlugin::onTerminate : 4124
I/FFmpegExtractor( 3692): android-source:0xb1b30fb0
I/FFMPEG  ( 3692): Input #0, ogg, from 'android-source:0xb1b30fb0':
I/FFMPEG  ( 3692):   Duration: 00:00:04.00, start: 0.000000, bitrate: 78 kb/s
I/FFMPEG  ( 3692):     Stream #0:0: Audio: vorbis, 44100 Hz, mono, fltp, 70 kb/s
I/FFMPEG  ( 3692):     Metadata:
I/FFMPEG  ( 3692):       ANDROID_LOOP    : true
I/FFMPEG  ( 3692):       TITLE           : Savannah
I/FFMPEG  ( 3692):       ARTIST          : Dr. Mad
D/FFmpegExtractor( 3692): FFmpegExtrator, url: android-source:0xb1b30fb0, format_name: ogg, format_long_name: Ogg
I/FFmpegExtractor( 3692): adjust mime(application/ogg -> audio/vorbis)
D/FFmpegExtractor( 3692): suppoted codec(vorbis) by official Stagefright
D/FFmpegExtractor( 3692): ffmpeg detected media content as 'audio/vorbis' with confidence 0.08
D/WVMDrmPlugIn( 3691): WVMDrmPlugin::onInitialize : 6747
D/WVMDrmPlugIn( 3691): WVMDrmPlugin::onSetOnInfoListener : add 6747
D/WVMDrmPlugIn( 3691): WVMDrmPlugin::onTerminate : 6747
I/FFmpegExtractor( 3692): android-source:0xb45e94c0
I/FFMPEG  ( 3692): Input #0, ogg, from 'android-source:0xb45e94c0':
I/FFMPEG  ( 3692):   Duration: 00:00:09.23, start: 0.000000, bitrate: 94 kb/s
I/FFMPEG  ( 3692):     Stream #0:0: Audio: vorbis, 44100 Hz, stereo, fltp, 112 kb/s
I/FFMPEG  ( 3692):     Metadata:
I/FFMPEG  ( 3692):       ANDROID_LOOP    : true
I/FFMPEG  ( 3692):       TITLE           : Scarabaeus
D/FFmpegExtractor( 3692): FFmpegExtrator, url: android-source:0xb45e94c0, format_name: ogg, format_long_name: Ogg
I/FFmpegExtractor( 3692): adjust mime(application/ogg -> audio/vorbis)
D/FFmpegExtractor( 3692): suppoted codec(vorbis) by official Stagefright
D/FFmpegExtractor( 3692): ffmpeg detected media content as 'audio/vorbis' with confidence 0.08
D/WVMDrmPlugIn( 3691): WVMDrmPlugin::onInitialize : 5418
D/WVMDrmPlugIn( 3691): WVMDrmPlugin::onSetOnInfoListener : add 5418
D/WVMDrmPlugIn( 3691): WVMDrmPlugin::onTerminate : 5418
I/FFmpegExtractor( 3692): android-source:0xb45e9150
I/FFMPEG  ( 3692): Input #0, ogg, from 'android-source:0xb45e9150':
I/FFMPEG  ( 3692):   Duration: 00:00:30.00, start: 0.000000, bitrate: 84 kb/s
I/FFMPEG  ( 3692):     Stream #0:0: Audio: vorbis, 44100 Hz, stereo, fltp, 112 kb/s
I/FFMPEG  ( 3692):     Metadata:
I/FFMPEG  ( 3692):       ANDROID_LOOP    : true
I/FFMPEG  ( 3692):       TITLE           : Sceptrum
D/FFmpegExtractor( 3692): FFmpegExtrator, url: android-source:0xb45e9150, format_name: ogg, format_long_name: Ogg
I/FFmpegExtractor( 3692): adjust mime(application/ogg -> audio/vorbis)
D/FFmpegExtractor( 3692): suppoted codec(vorbis) by official Stagefright
D/FFmpegExtractor( 3692): ffmpeg detected media content as 'audio/vorbis' with confidence 0.08
D/WVMDrmPlugIn( 3691): WVMDrmPlugin::onInitialize : 4430
D/WVMDrmPlugIn( 3691): WVMDrmPlugin::onSetOnInfoListener : add 4430
D/WVMDrmPlugIn( 3691): WVMDrmPlugin::onTerminate : 4430
I/FFmpegExtractor( 3692): android-source:0xb45e96f0
I/FFMPEG  ( 3692): Input #0, ogg, from 'android-source:0xb45e96f0':
I/FFMPEG  ( 3692):   Duration: 00:00:06.86, start: 0.000000, bitrate: 229 kb/s
I/FFMPEG  ( 3692):     Stream #0:0: Audio: vorbis, 44100 Hz, stereo, fltp, 224 kb/s
I/FFMPEG  ( 3692):     Metadata:
I/FFMPEG  ( 3692):       ANDROID_LOOP    : true
I/FFMPEG  ( 3692):       TITLE           : Sedna
D/FFmpegExtractor( 3692): FFmpegExtrator, url: android-source:0xb45e96f0, format_name: ogg, format_long_name: Ogg
I/FFmpegExtractor( 3692): adjust mime(application/ogg -> audio/vorbis)
D/FFmpegExtractor( 3692): suppoted codec(vorbis) by official Stagefright
D/FFmpegExtractor( 3692): ffmpeg detected media content as 'audio/vorbis' with confidence 0.08
D/WVMDrmPlugIn( 3691): WVMDrmPlugin::onInitialize : 6576
D/WVMDrmPlugIn( 3691): WVMDrmPlugin::onSetOnInfoListener : add 6576
D/WVMDrmPlugIn( 3691): WVMDrmPlugin::onTerminate : 6576
I/FFmpegExtractor( 3692): android-source:0xb45e9830
I/FFMPEG  ( 3692): Input #0, ogg, from 'android-source:0xb45e9830':
I/FFMPEG  ( 3692):   Duration: 00:00:04.80, start: 0.000000, bitrate: 74 kb/s
I/FFMPEG  ( 3692):     Stream #0:0: Audio: vorbis, 44100 Hz, mono, fltp, 70 kb/s
I/FFMPEG  ( 3692):     Metadata:
I/FFMPEG  ( 3692):       ANDROID_LOOP    : true
I/FFMPEG  ( 3692):       TITLE           : Seville
I/FFMPEG  ( 3692):       ARTIST          : Dr. Mad
D/FFmpegExtractor( 3692): FFmpegExtrator, url: android-source:0xb45e9830, format_name: ogg, format_long_name: Ogg
I/FFmpegExtractor( 3692): adjust mime(application/ogg -> audio/vorbis)
D/FFmpegExtractor( 3692): suppoted codec(vorbis) by official Stagefright
D/FFmpegExtractor( 3692): ffmpeg detected media content as 'audio/vorbis' with confidence 0.08
I/DisplayManagerService( 4110): Display device changed: DisplayDeviceInfo{"Built-in Screen": 1080 x 1920, 60.000004 fps, supportedRefreshRates [60.000004], density 480, 422.03 x 424.069 dpi, appVsyncOff 0, presDeadline 17666666, touch INTERNAL, rotation 0, type BUILT_IN, state OFF, FLAG_DEFAULT_DISPLAY, FLAG_ROTATES_WITH_CONTENT, FLAG_SECURE, FLAG_SUPPORTS_PROTECTED_BUFFERS}
D/SurfaceFlinger( 3689): Set power mode=0, type=0 flinger=0xb6a62000
V/ActivityManager( 4110): Display changed displayId=0
D/WVMDrmPlugIn( 3691): WVMDrmPlugin::onInitialize : 6441
D/WVMDrmPlugIn( 3691): WVMDrmPlugin::onSetOnInfoListener : add 6441
D/WVMDrmPlugIn( 3691): WVMDrmPlugin::onTerminate : 6441
I/FFmpegExtractor( 3692): android-source:0xb45e9970
I/FFMPEG  ( 3692): Input #0, mp3, from 'android-source:0xb45e9970':
I/FFMPEG  ( 3692):   Metadata:
I/FFMPEG  ( 3692):     Software        : <?xpacket begin="
