W/iptables( 5780): type=1300 audit(0.0:1748): arch=40000028 syscall=294 per=800000 success=yes exit=0 a0=4 a1=0 a2=40 a3=b6c30100 items=0 ppid=5632 auid=4294967295 uid=0 gid=0 euid=0 suid=0 fsuid=0 egid=0 sgid=0 fsgid=0 ses=4294967295 tty=(none) exe="/system/bin/iptables" subj=u:r:netd:s0 key=(null)
I/ServiceManager( 5635): Waiting for service batterystats...
V/NatController( 5632): runCmd(/system/bin/iptables -F natctrl_FORWARD) res=0
V/NatController( 5632): runCmd(/system/bin/iptables -A natctrl_FORWARD -j DROP) res=0
I/DEBUG   ( 3583): 
I/DEBUG   ( 3583): Tombstone written to: /data/tombstones/tombstone_01
V/NatController( 5632): runCmd(/system/bin/iptables -t nat -F natctrl_nat_POSTROUTING) res=0
V/NatController( 5632): runCmd(/system/bin/iptables -F natctrl_tether_counters) res=0
V/NatController( 5632): runCmd(/system/bin/iptables -X natctrl_tether_counters) res=0
V/NatController( 5632): runCmd(/system/bin/iptables -N natctrl_tether_counters) res=0
V/NatController( 5632): runCmd(/system/bin/iptables -t mangle -A natctrl_mangle_FORWARD -p tcp --tcp-flags SYN SYN -j TCPMSS --clamp-mss-to-pmtu) res=0
I/ServiceManager( 3574): service 'SurfaceFlinger' died
I/ServiceManager( 3574): service 'Exynos.HWCService' died
I/ServiceManager( 3574): service 'media.wifi_display' died
I/ServiceManager( 3574): service 'media.audio_flinger' died
W/init    ( 5844): type=1400 audit(0.0:1803): avc: denied { entrypoint } for path="/system/bin/auditd" dev="mmcblk0p18" ino=173 scontext=u:r:logd:s0 tcontext=u:object_r:system_file:s0 tclass=file
W/init    ( 5844): type=1300 audit(0.0:1803): arch=40000028 syscall=11 per=800000 success=no exit=-13 a0=b6d80954 a1=b6d69530 a2=57e64 a3=ff0000 items=1 ppid=1 auid=4294967295 uid=0 gid=0 euid=0 suid=0 fsuid=0 egid=0 sgid=0 fsgid=0 ses=4294967295 tty=(none) exe="/init" subj=u:r:init:s0 key=(null)
W/auditd  ( 3603): type=1307 audit(0.0:1803): cwd="/"
W/auditd  ( 3603): type=1302 audit(0.0:1803): item=0 name="/system/bin/auditd" inode=173 dev=103:0a mode=0100755 ouid=0 ogid=2000 rdev=00:00 obj=u:object_r:system_file:s0
W/auditd  ( 3603): type=1320 audit(0.0:1803): 
I/Netd    ( 5845): Netd 1.0 starting
E/Netd    ( 5845): Failed to open /proc/sys/net/ipv6/conf/default/accept_ra_rt_table: No such file or directory
E/Netd    ( 5845): Failed to open /proc/sys/net/ipv6/conf/ip6tnl0/accept_ra_rt_table: No such file or directory
E/Netd    ( 5845): Failed to open /proc/sys/net/ipv6/conf/lo/accept_ra_rt_table: No such file or directory
E/Netd    ( 5845): Failed to open /proc/sys/net/ipv6/conf/rmnet0/accept_ra_rt_table: No such file or directory
E/Netd    ( 5845): Failed to open /proc/sys/net/ipv6/conf/rmnet1/accept_ra_rt_table: No such file or directory
E/Netd    ( 5845): Failed to open /proc/sys/net/ipv6/conf/rmnet2/accept_ra_rt_table: No such file or directory
E/Netd    ( 5845): Failed to open /proc/sys/net/ipv6/conf/rmnet3/accept_ra_rt_table: No such file or directory
E/Netd    ( 5845): Failed to open /proc/sys/net/ipv6/conf/sit0/accept_ra_rt_table: No such file or directory
I/SurfaceFlinger( 5847): SurfaceFlinger is starting
I/SurfaceFlinger( 5847): SurfaceFlinger's main thread ready to run. Initializing graphics H/W...
W/auditd  ( 3603): type=1325 audit(0.0:1804): table=filter family=2 entries=40
W/iptables( 5851): type=1300 audit(0.0:1804): arch=40000028 syscall=294 per=800000 success=yes exit=0 a0=4 a1=0 a2=40 a3=b6c25000 items=0 ppid=5845 auid=4294967295 uid=0 gid=0 euid=0 suid=0 fsuid=0 egid=0 sgid=0 fsgid=0 ses=4294967295 tty=(none) exe="/system/bin/iptables" subj=u:r:netd:s0 key=(null)
W/auditd  ( 3603): type=1320 audit(0.0:1804): 
W/auditd  ( 3603): type=1325 audit(0.0:1805): table=filter family=10 entries=37
W/ip6tables( 5855): type=1300 audit(0.0:1805): arch=40000028 syscall=294 per=800000 success=yes exit=0 a0=4 a1=29 a2=40 a3=b6c28000 items=0 ppid=5845 auid=4294967295 uid=0 gid=0 euid=0 suid=0 fsuid=0 egid=0 sgid=0 fsgid=0 ses=4294967295 tty=(none) exe="/system/bin/ip6tables" subj=u:r:netd:s0 key=(null)
W/auditd  ( 3603): type=1320 audit(0.0:1805): 
W/auditd  ( 3603): type=1325 audit(0.0:1806): table=filter family=2 entries=39
W/iptables( 5856): type=1300 audit(0.0:1806): arch=40000028 syscall=294 per=800000 success=yes exit=0 a0=4 a1=0 a2=40 a3=b6c22000 items=0 ppid=5845 auid=4294967295 uid=0 gid=0 euid=0 suid=0 fsuid=0 egid=0 sgid=0 fsgid=0 ses=4294967295 tty=(none) exe="/system/bin/iptables" subj=u:r:netd:s0 key=(null)
W/auditd  ( 3603): type=1320 audit(0.0:1806): 
D/libEGL  ( 5847): loaded /vendor/lib/egl/libGLES_mali.so
W/auditd  ( 3603): type=1325 audit(0.0:1807): table=filter family=10 entries=36
W/ip6tables( 5858): type=1300 audit(0.0:1807): arch=40000028 syscall=294 per=800000 success=yes exit=0 a0=4 a1=29 a2=40 a3=b6c23000 items=0 ppid=5845 auid=4294967295 uid=0 gid=0 euid=0 suid=0 fsuid=0 egid=0 sgid=0 fsgid=0 ses=4294967295 tty=(none) exe="/system/bin/ip6tables" subj=u:r:netd:s0 key=(null)
W/auditd  ( 3603): type=1320 audit(0.0:1807): 
W/auditd  ( 3603): type=1325 audit(0.0:1808): table=filter family=2 entries=39
W/iptables( 5859): type=1300 audit(0.0:1808): arch=40000028 syscall=294 per=800000 success=yes exit=0 a0=4 a1=0 a2=40 a3=b6c22000 items=0 ppid=5845 auid=4294967295 uid=0 gid=0 euid=0 suid=0 fsuid=0 egid=0 sgid=0 fsgid=0 ses=4294967295 tty=(none) exe="/system/bin/iptables" subj=u:r:netd:s0 key=(null)
W/auditd  ( 3603): type=1320 audit(0.0:1808): 
I/        ( 5847): PLATFORM VERSION : JB-MR-2
I/gralloc ( 5847): using (fd=12)
I/gralloc ( 5847): id       