I/ActivityManager( 4135): START u0 {act=android.intent.action.CALL dat=tel:xxxxxxxxxxx-xxxx cmp=com.android.server.telecom/.CallActivity} from uid 10012 on display 0
I/Process ( 4135): Sending signal. PID: 4135 SIG: 3
I/art     ( 4135): Thread[9,tid=4148,WaitingInMainSignalCatcherLoop,Thread*=0xb3f06400,peer=0x12c02080,"Signal Catcher"]: reacting to signal 3
I/art     ( 4135): Wrote stack traces to '/data/anr/traces.txt'
I/ActivityManager( 4135): START u0 {act=android.intent.action.MAIN cat=[android.intent.category.HOME] flg=0x10200000 cmp=com.cyanogenmod.trebuchet/com.android.launcher3.Launcher} from uid 1000 on display 0
I/ActivityManager( 4135): START u0 {act=android.intent.action.MAIN cat=[android.intent.category.HOME] flg=0x10200000 cmp=com.cyanogenmod.trebuchet/com.android.launcher3.Launcher} from uid 1000 on display 0
I/ActivityManager( 4135): START u0 {act=android.intent.action.MAIN cat=[android.intent.category.HOME] flg=0x10200000 cmp=com.cyanogenmod.trebuchet/com.android.launcher3.Launcher} from uid 1000 on display 0
I/ActivityManager( 4135): START u0 {act=android.intent.action.MAIN cat=[android.intent.category.HOME] flg=0x10200000 cmp=com.cyanogenmod.trebuchet/com.android.launcher3.Launcher} from uid 1000 on display 0
I/ActivityManager( 4135): START u0 {act=android.intent.action.MAIN cat=[android.intent.category.HOME] flg=0x10200000 cmp=com.cyanogenmod.trebuchet/com.android.launcher3.Launcher} from uid 1000 on display 0
I/ActivityManager( 4135): START u0 {act=android.intent.action.MAIN cat=[android.intent.category.HOME] flg=0x10200000 cmp=com.cyanogenmod.trebuchet/com.android.launcher3.Launcher} from uid 1000 on display 0
I/PowerManagerService( 4135): Going to sleep due to power button (uid 1000)...
I/PowerManagerService( 4135): Sleeping (uid 1000)...
I/Sensors ( 4135): Acc old sensor_state 1, new sensor_state : 0 en : 0
D/PhoneStatusBar( 4314): disable: < expand ICONS* alerts SYSTEM_INFO* back home recent clock search >
W/Settings( 4314): Setting airplane_mode_on has moved from android.provider.Settings.System to android.provider.Settings.Global, returning read-only value.
W/Settings( 4314): Setting airplane_mode_on has moved from android.provider.Settings.System to android.provider.Settings.Global, returning read-only value.
D/LightsService( 4135): Excessive delay setting light: 57ms
I/DisplayManagerService( 4135): Display device changed: DisplayDeviceInfo{"Pantalla integrada": 1080 x 1920, 60.000004 fps, supportedRefreshRates [60.000004], density 480, 422.03 x 424.069 dpi, appVsyncOff 0, presDeadline 17666666, touch INTERNAL, rotation 0, type BUILT_IN, state OFF, FLAG_DEFAULT_DISPLAY, FLAG_ROTATES_WITH_CONTENT, FLAG_SECURE, FLAG_SUPPORTS_PROTECTED_BUFFERS}
V/ActivityManager( 4135): Display changed displayId=0
D/SurfaceFlinger( 3687): Set power mode=0, type=0 flinger=0xb6a62000
D/SurfaceControl( 4135): Excessive delay in setPowerMode(): 196ms
I/PowerManagerService( 4135): Waking up from sleep (uid 1000)...
V/KeyguardServiceDelegate( 4135): onScreenTurnedOn(showListener = com.android.internal.policy.impl.PhoneWindowManager$2@33dbe5f6)
I/DisplayPowerController( 4135): Blocking screen on until initial contents have been drawn.
I/Sensors ( 4135): Acc old sensor_state 0, new sensor_state : 1 en : 1
I/DisplayManagerService( 4135): Display device changed: DisplayDeviceInfo{"Pantalla integrada": 1080 x 1920, 60.000004 fps, supportedRefreshRates [60.000004], density 480, 422.03 x 424.069 dpi, appVsyncOff 0, presDeadline 17666666, touch INTERNAL, rotation 0, type BUILT_IN, state ON, FLAG_DEFAULT_DISPLAY, FLAG_ROTATES_WITH_CONTENT, FLAG_SECURE, FLAG_SUPPORTS_PROTECTED_BUFFERS}
V/ActivityManager( 4135): Display changed displayId=0
D/SurfaceFlinger( 3687): Set power mode=2, type=0 flinger=0xb6a62000
D/SurfaceControl( 4135): Excessive delay in setPowerMode(): 250ms
W/WindowManager( 4135): Keyguard drawn timeout. Setting mKeyguardDrawComplete
I/DisplayPowerController( 4135): Unblocked screen on after 961 ms
I/PowerManagerService( 4135): Going to sleep due to power button (uid 1000)...
I/PowerManagerService( 4135): Sleeping (uid 1000)...
I/Sensors ( 4135): Acc old sensor_state 1, new sensor_state : 0 en : 0
D/LightsService( 4135): Excessive delay setting light: 58ms
I/DisplayManagerService( 4135): Display device changed: DisplayDeviceInfo{"Pantalla integrada": 1080 x 1920, 60.000004 fps, supportedRefreshRates [60.000004], density 480, 422.03 x 424.069 dpi, appVsyncOff 0, presDeadline 17666666, touch INTERNAL, rotation 0, type BUILT_IN, state OFF, FLAG_DEFAULT_DISPLAY, FLAG_ROTATES_WITH_CONTENT, FLAG_SECURE, FLAG_SUPPORTS_PROTECTED_BUFFERS}
D/SurfaceFlinger( 3687): Set power mode=0, type=0 flinger=0xb6a62000
V/ActivityManager( 4135): Display changed displayId=0
D/SurfaceControl( 4135): Excessive delay in setPowerMode(): 194ms
I/PowerManagerService( 4135): Waking up from sleep (uid 1000)...
V/KeyguardServiceDelegate( 4135): onScreenTurnedOn(showListener = com.android.internal.policy.impl.PhoneWindowManager$2@33dbe5f6)
I/DisplayPowerController( 4135): Blocking screen on until initial contents have been drawn.
I/Sensors ( 4135): Acc old sensor_state 0, new sensor_state : 1 en : 1
I/DisplayManagerService( 4135): Display device changed: DisplayDeviceInfo{"Pantalla integrada": 1080 x 1920, 60.000004 fps, supportedRefreshRates [60.000004], density 480, 422.03 x 424.069 dpi, appVsyncOff 0, presDeadline 17666666, touch INTERNAL, rotation 0, type BUILT_IN, state ON, FLAG_DEFAULT_DISPLAY, FLAG_ROTATES_WITH_CONTENT, FLAG_SECURE, FLAG_SUPPORTS_PROTECTED_BUFFERS}
D/SurfaceFlinger( 3687): Set power mode=2, type=0 flinger=0xb6a62000
V/ActivityManager( 4135): Display changed displayId=0
D/SurfaceControl( 4135): Excessive delay in setPowerMode(): 254ms
W/WindowManager( 4135): Keyguard drawn timeout. Setting mKeyguardDrawComplete
I/DisplayPowerController( 4135): Unblocked screen on after 961 ms
V/ZoomGestureOverlayView( 5560): dispatchTouchEvent(MotionEvent { action=ACTION_DOWN, id[0]=0, x[0]=897.0, y[0]=1820.0, toolType[0]=TOOL_TYPE_FINGER, buttonState=0, metaState=0, flags=0x0, edgeFlags=0x0, pointerCount=1, historySize=0, eventTime=387830, downTime=387830, deviceId=20, source=0x5002 })
I/InputDispatcher( 4135): Dropped event because the current application is not responding and the user has started interacting with a different application.
I/InputDispatcher( 4135): Dropped event because the current application is not responding and the user has started interacting with a different application.
V/ZoomGestureOverlayView( 5560): dispatchTouchEvent(MotionEvent { action=ACTION_CANCEL, id[0]=0, x[0]=897.0, y[0]=1895.0, toolType[0]=TOOL_TYPE_FINGER, buttonState=0, metaState=0, flags=0x0, edgeFlags=0x0, pointerCount=1, historySize=0, eventTime=388896, downTime=387830, deviceId=20, source=0x5002 })
I/InputDispatcher( 4135): Dropped event because the current application is not responding and the user has started interacting with a different application.
I/InputDispatcher( 4135): Dropped event because the current application is not responding and the user has started interacting with a different application.
I/InputDispatcher( 4135): Dropped event because the current application is not responding and the user has started interacting with a different application.
I/InputDispatcher( 4135): Dropped event because the current application is not responding and the user has started interacting with a different application.
I/InputDispatcher( 4135): Application is not responding: Window{9ceb949 u0 StatusBar}.  It has been 5010.4ms since event, 5003.4ms since wait started.  Reason: Waiting to send non-key event because the touched window has not finished processing certain input events that were delivered to it over 500.0ms ago.  Wait queue length: 1.  Wait queue head age: 6071.4ms.
I/WindowManager( 4135): Input event dispatching timed out sending to StatusBar.  Reason: Waiting to send non-key event because the touched window has not finished processing certain input events that were delivered to it over 500.0ms ago.  Wait queue length: 1.  Wait queue head age: 6071.4ms.
I/InputDispatcher( 4135): Application is not responding: Window{9ceb949 u0 StatusBar}.  It has been 5040.1ms since event, 5033.1ms since wait started.  Reason: Waiting to send non-key event because the touched window has not finished processing certain input events that were delivered to it over 500.0ms ago.  Wait queue length: 1.  Wait queue head age: 6101.1ms.
I/WindowManager( 4135): Input event dispatching timed out sending to StatusBar.  Reason: Waiting to send non-key event because the touched window has not finished processing certain input events that were delivered to it over 500.0ms ago.  Wait queue length: 1.  Wait queue head age: 6101.1ms.
I/InputDispatcher( 4135): Application is not responding: Window{9ceb949 u0 StatusBar}.  It has been 5056.5ms since event, 5049.5ms since wait started.  Reason: Waiting to send non-key event because the touched window has not finished processing certain input events that were delivered to it over 500.0ms ago.  Wait queue length: 1.  Wait queue head age: 6117.6ms.
I/WindowManager( 4135): Input event dispatching timed out sending to StatusBar.  Reason: Waiting to send non-key event because the touched window has not finished processing certain input events that were delivered to it over 500.0ms ago.  Wait queue length: 1.  Wait queue head age: 6117.6ms.
I/InputDispatcher( 4135): Application is not responding: Window{9ceb949 u0 StatusBar}.  It has been 5071.2ms since event, 5064.2ms since wait started.  Reason: Waiting to send non-key event because the touched window has not finished processing certain input events that were delivered to it over 500.0ms ago.  Wait queue length: 1.  Wait queue head age: 6132.2ms.
I/WindowManager( 4135): Input event dispatching timed out sending to StatusBar.  Reason: Waiting to send non-key event because the touched window has not finished processing certain input events that were delivered to it over 500.0ms ago.  Wait queue length: 1.  Wait queue head age: 6132.2ms.
I/InputDispatcher( 4135): Application is not responding: Window{9ceb949 u0 StatusBar}.  It has been 5087.6ms since event, 5080.6ms since wait started.  Reason: Waiting to send non-key event because the touched window has not finished processing certain input events that were delivered to it over 500.0ms ago.  Wait queue length: 1.  Wait queue head age: 6148.6ms.
I/WindowManager( 4135): Input event dispatching timed out sending to StatusBar.  Reason: Waiting to send non-key event because the touched window has not finished processing certain input events that were delivered to it over 500.0ms ago.  Wait queue length: 1.  Wait queue head age: 6148.6ms.
I/InputDispatcher( 4135): Application is not responding: Window{9ceb949 u0 StatusBar}.  It has been 5102.0ms since event, 5095.0ms since wait started.  Reason: Waiting to send non-key event because the touched window has not finished processing certain input events that were delivered to it over 500.0ms ago.  Wait queue length: 1.  Wait queue head age: 6163.0ms.
I/WindowManager( 4135): Input event dispatching timed out sending to StatusBar.  Reason: Waiting to send non-key event because the touched window has not finished processing certain input events that were delivered to it over 500.0ms ago.  Wait queue length: 1.  Wait queue head age: 6163.0ms.
I/InputDispatcher( 4135): Application is not responding: Window{9ceb949 u0 StatusBar}.  It has been 5114.4ms since event, 5107.4ms since wait started.  Reason: Waiting to send non-key event because the touched window has not finished processing certain input events that were delivered to it over 500.0ms ago.  Wait queue length: 1.  Wait queue head age: 6175.4ms.
I/WindowManager( 4135): Input event dispatching timed out sending to StatusBar.  Reason: Waiting to send non-key event because the touched window has not finished processing certain input events that were delivered to it over 500.0ms ago.  Wait queue length: 1.  Wait queue head age: 6175.4ms.
I/InputDispatcher( 4135): Application is not responding: Window{9ceb949 u0 StatusBar}.  It has been 5125.8ms since event, 5118.8ms since wait started.  Reason: Waiting to send non-key event because the touched window has not finished processing certain input events that were delivered to it over 500.0ms ago.  Wait queue length: 1.  Wait queue head age: 6186.8ms.
I/WindowManager( 4135): Input event dispatching timed out sending to StatusBar.  Reason: Waiting to send non-key event because the touched window has not finished processing certain input events that were delivered to it over 500.0ms ago.  Wait queue length: 1.  Wait queue head age: 6186.8ms.
I/InputDispatcher( 4135): Application is not responding: Window{9ceb949 u0 StatusBar}.  It has been 5135.3ms since event, 5128.3ms since wait started.  Reason: Waiting to send non-key event because the touched window has not finished processing certain input events that were delivered to it over 500.0ms ago.  Wait queue length: 1.  Wait queue head age: 6196.3ms.
I/WindowManager( 4135): Input event dispatching timed out sending to StatusBar.  Reason: Waiting to send non-key event because the touched window has not finished processing certain input events that were delivered to it over 500.0ms ago.  Wait queue length: 1.  Wait queue head age: 6196.3ms.
I/InputDispatcher( 4135): Application is not responding: Window{9ceb949 u0 StatusBar}.  It has been 5144.2ms since event, 5137.2ms since wait started.  Reason: Waiting to send non-key event because the touched window has not finished processing certain input events that were delivered to it over 500.0ms ago.  Wait queue length: 1.  Wait queue head age: 6205.2ms.
I/WindowManager( 4135): Input event dispatching timed out sending to StatusBar.  Reason: Waiting to send non-key event because the touched window has not finished processing certain input events that were delivered to it over 500.0ms ago.  Wait queue length: 1.  Wait queue head age: 6205.2ms.
I/InputDispatcher( 4135): Application is not responding: Window{9ceb949 u0 StatusBar}.  It has been 5153.1ms since event, 5146.1ms since wait started.  Reason: Waiting to send non-key event because the touched window has not finished processing certain input events that were delivered to it over 500.0ms ago.  Wait queue length: 1.  Wait queue head age: 6214.1ms.
I/WindowManager( 4135): Input event dispatching timed out sending to StatusBar.  Reason: Waiting to send non-key event because the touched window has not finished processing certain input events that were delivered to it over 500.0ms ago.  Wait queue length: 1.  Wait queue head age: 6214.1ms.
I/InputDispatcher( 4135): Application is not responding: Window{9ceb949 u0 StatusBar}.  It has been 5161.9ms since event, 5155.0ms since wait started.  Reason: Waiting to send non-key event because the touched window has not finished processing certain input events that were delivered to it over 500.0ms ago.  Wait queue length: 1.  Wait queue head age: 6223.0ms.
I/WindowManager( 4135): Input event dispatching timed out sending to StatusBar.  Reason: Waiting to send non-key event because the touched window has not finished processing certain input events that were delivered to it over 500.0ms ago.  Wait queue length: 1.  Wait queue head age: 6223.0ms.
I/InputDispatcher( 4135): Application is not responding: Window{9ceb949 u0 StatusBar}.  It has been 5170.9ms since event, 5163.9ms since wait started.  Reason: Waiting to send non-key event because the touched window has not finished processing certain input events that were delivered to it over 500.0ms ago.  Wait queue length: 1.  Wait queue head age: 6231.9ms.
I/WindowManager( 4135): Input event dispatching timed out sending to StatusBar.  Reason: Waiting to send non-key event because the touched window has not finished processing certain input events that were delivered to it over 500.0ms ago.  Wait queue length: 1.  Wait queue head age: 6231.9ms.
I/InputDispatcher( 4135): Application is not responding: Window{9ceb949 u0 StatusBar}.  It has been 5179.8ms since event, 5172.8ms since wait started.  Reason: Waiting to send non-key event because the touched window has not finished processing certain input events that were delivered to it over 500.0ms ago.  Wait queue length: 1.  Wait queue head age: 6240.8ms.
I/WindowManager( 4135): Input event dispatching timed out sending to StatusBar.  Reason: Waiting to send non-key event because the touched window has not finished processing certain input events that were delivered to it over 500.0ms ago.  Wait queue length: 1.  Wait queue head age: 6240.8ms.
I/InputDispatcher( 4135): Application is not responding: Window{9ceb949 u0 StatusBar}.  It has been 5188.7ms since event, 5181.7ms since wait started.  Reason: Waiting to send non-key event because the touched window has not finished processing certain input events that were delivered to it over 500.0ms ago.  Wait queue length: 1.  Wait queue head age: 6249.8ms.
I/WindowManager( 4135): Input event dispatching timed out sending to StatusBar.  Reason: Waiting to send non-key event because the touched window has not finished processing certain input events that were delivered to it over 500.0ms ago.  Wait queue length: 1.  Wait queue head age: 6249.8ms.
I/InputDispatcher( 4135): Application is not responding: Window{9ceb949 u0 StatusBar}.  It has been 5197.6ms since event, 5190.6ms since wait started.  Reason: Waiting to send non-key event because the touched window has not finished processing certain input events that were delivered to it over 500.0ms ago.  Wait queue length: 1.  Wait queue head age: 6258.6ms.
I/WindowManager( 4135): Input event dispatching timed out sending to StatusBar.  Reason: Waiting to send non-key event because the touched window has not finished processing certain input events that were delivered to it over 500.0ms ago.  Wait queue length: 1.  Wait queue head age: 6258.6ms.
I/InputDispatcher( 4135): Application is not responding: Window{9ceb949 u0 StatusBar}.  It has been 5206.5ms since event, 5199.5ms since wait started.  Reason: Waiting to send non-key event because the touched window has not finished processing certain input events that were delivered to it over 500.0ms ago.  Wait queue length: 1.  Wait queue head age: 6267.5ms.
I/WindowManager( 4135): Input event dispatching timed out sending to StatusBar.  Reason: Waiting to send non-key event because the touched window has not finished processing certain input events that were delivered to it over 500.0ms ago.  Wait queue length: 1.  Wait queue head age: 6267.5ms.
I/InputDispatcher( 4135): Application is not responding: Window{9ceb949 u0 StatusBar}.  It has been 5215.4ms since event, 5208.4ms since wait started.  Reason: Waiting to send non-key event because the touched window has not finished processing certain input events that were delivered to it over 500.0ms ago.  Wait queue length: 1.  Wait queue head age: 6276.4ms.
I/WindowManager( 4135): Input event dispatching timed out sending to StatusBar.  Reason: Waiting to send non-key event because the touched window has not finished processing certain input events that were delivered to it over 500.0ms ago.  Wait queue length: 1.  Wait queue head age: 6276.4ms.
I/InputDispatcher( 4135): Application is not responding: Window{9ceb949 u0 StatusBar}.  It has been 5224.4ms since event, 5217.4ms since wait started.  Reason: Waiting to send non-key event because the touched window has not finished processing certain input events that were delivered to it over 500.0ms ago.  Wait queue length: 1.  Wait queue head age: 6285.4ms.
I/WindowManager( 4135): Input event dispatching timed out sending to StatusBar.  Reason: Waiting to send non-key event because the touched window has not finished processing certain input events that were delivered to it over 500.0ms ago.  Wait queue length: 1.  Wait queue head age: 6285.4ms.
I/InputDispatcher( 4135): Application is not responding: Window{9ceb949 u0 StatusBar}.  It has been 5233.4ms since event, 5226.4ms since wait started.  Reason: Waiting to send non-key event because the touched window has not finished processing certain input events that were delivered to it over 500.0ms ago.  Wait queue length: 1.  Wait queue head age: 6294.4ms.
I/WindowManager( 4135): Input event dispatching timed out sending to StatusBar.  Reason: Waiting to send non-key event because the touched window has not finished processing certain input events that were delivered to it over 500.0ms ago.  Wait queue length: 1.  Wait queue head age: 6294.4ms.
I/InputDispatcher( 4135): Application is not responding: Window{9ceb949 u0 StatusBar}.  It has been 5242.3ms since event, 5235.3ms since wait started.  Reason: Waiting to send non-key event because the touched window has not finished processing certain input events that were delivered to it over 500.0ms ago.  Wait queue length: 1.  Wait queue head age: 6303.4ms.
I/WindowManager( 4135): Input event dispatching timed out sending to StatusBar.  Reason: Waiting to send non-key event because the touched window has not finished processing certain input events that were delivered to it over 500.0ms ago.  Wait queue length: 1.  Wait queue head age: 6303.4ms.
I/InputDispatcher( 4135): Application is not responding: Window{9ceb949 u0 StatusBar}.  It has been 5251.6ms since event, 5244.7ms since wait started.  Reason: Waiting to send non-key event because the touched window has not finished processing certain input events that were delivered to it over 500.0ms ago.  Wait queue length: 1.  Wait queue head age: 6312.7ms.
I/WindowManager( 4135): Input event dispatching timed out sending to StatusBar.  Reason: Waiting to send non-key event because the touched window has not finished processing certain input events that were delivered to it over 500.0ms ago.  Wait queue length: 1.  Wait queue head age: 6312.7ms.
I/InputDispatcher( 4135): Application is not responding: Window{9ceb949 u0 StatusBar}.  It has been 5259.3ms since event, 5252.3ms since wait started.  Reason: Waiting to send non-key event because the touched window has not finished processing certain input events that were delivered to it over 500.0ms ago.  Wait queue length: 1.  Wait queue head age: 6320.3ms.
I/WindowManager( 4135): Input event dispatching timed out sending to StatusBar.  Reason: Waiting to send non-key event because the touched window has not finished processing certain input events that were delivered to it over 500.0ms ago.  Wait queue length: 1.  Wait queue head age: 6320.3ms.
I/InputDispatcher( 4135): Application is not responding: Window{9ceb949 u0 StatusBar}.  It has been 5266.8ms since event, 5259.8ms since wait started.  Reason: Waiting to send non-key event because the touched window has not finished processing certain input events that were delivered to it over 500.0ms ago.  Wait queue length: 1.  Wait queue head age: 6327.8ms.
I/WindowManager( 4135): Input event dispatching timed out sending to StatusBar.  Reason: Waiting to send non-key event because the touched window has not finished processing certain input events that were delivered to it over 500.0ms ago.  Wait queue length: 1.  Wait queue head age: 6327.8ms.
I/InputDispatcher( 4135): Application is not responding: Window{9ceb949 u0 StatusBar}.  It has been 5274.2ms since event, 5267.2ms since wait started.  Reason: Waiting to send non-key event because the touched window has not finished processing certain input events that were delivered to it over 500.0ms ago.  Wait queue length: 1.  Wait queue head age: 6335.2ms.
I/WindowManager( 4135): Input event dispatching timed out sending to StatusBar.  Reason: Waiting to send non-key event because the touched window has not finished processing certain input events that were delivered to it over 500.0ms ago.  Wait queue length: 1.  Wait queue head age: 6335.2ms.
I/InputDispatcher( 4135): Application is not responding: Window{9ceb949 u0 StatusBar}.  It has been 5281.1ms since event, 5274.1ms since wait started.  Reason: Waiting to send non-key event because the touched window has not finished processing certain input events that were delivered to it over 500.0ms ago.  Wait queue length: 1.  Wait queue head age: 6342.1ms.
I/WindowManager( 4135): Input event dispatching timed out sending to StatusBar.  Reason: Waiting to send non-key event because the touched window has not finished processing certain input events that were delivered to it over 500.0ms ago.  Wait queue length: 1.  Wait queue head age: 6342.1ms.
I/InputDispatcher( 4135): Application is not responding: Window{9ceb949 u0 StatusBar}.  It has been 5288.0ms since event, 5281.0ms since wait started.  Reason: Waiting to send non-key event because the touched window has not finished processing certain input events that were delivered to it over 500.0ms ago.  Wait queue length: 1.  Wait queue head age: 6349.0ms.
I/WindowManager( 4135): Input event dispatching timed out sending to StatusBar.  Reason: Waiting to send non-key event because the touched window has not finished processing certain input events that were delivered to it over 500.0ms ago.  Wait queue length: 1.  Wait queue head age: 6349.0ms.
I/InputDispatcher( 4135): Application is not responding: Window{9ceb949 u0 StatusBar}.  It has been 5294.9ms since event, 5288.0ms since wait started.  Reason: Waiting to send non-key event because the touched window has not finished processing certain input events that were delivered to it over 500.0ms ago.  Wait queue length: 1.  Wait queue head age: 6356.0ms.
I/WindowManager( 4135): Input event dispatching timed out sending to StatusBar.  Reason: Waiting to send non-key event because the touched window has not finished processing certain input events that were delivered to it over 500.0ms ago.  Wait queue length: 1.  Wait queue head age: 6356.0ms.
I/InputDispatcher( 4135): Application is not responding: Window{9ceb949 u0 StatusBar}.  It has been 5301.8ms since event, 5294.8ms since wait started.  Reason: Waiting to send non-key event because the touched window has not finished processing certain input events that were delivered to it over 500.0ms ago.  Wait queue length: 1.  Wait queue head age: 6362.8ms.
I/WindowManager( 4135): Input event dispatching timed out sending to StatusBar.  Reason: Waiting to send non-key event because the touched window has not finished processing certain input events that were delivered to it over 500.0ms ago.  Wait queue length: 1.  Wait queue head age: 6362.8ms.
I/InputDispatcher( 4135): Application is not responding: Window{9ceb949 u0 StatusBar}.  It has been 5308.7ms since event, 5301.7ms since wait started.  Reason: Waiting to send non-key event because the touched window has not finished processing certain input events that were delivered to it over 500.0ms ago.  Wait queue length: 1.  Wait queue head age: 6369.7ms.
I/WindowManager( 4135): Input event dispatching timed out sending to StatusBar.  Reason: Waiting to send non-key event because the touched window has not finished processing certain input events that were delivered to it over 500.0ms ago.  Wait queue length: 1.  Wait queue head age: 6369.7ms.
I/InputDispatcher( 4135): Application is not responding: Window{9ceb949 u0 StatusBar}.  It has been 5315.6ms since event, 5308.6ms since wait started.  Reason: Waiting to send non-key event because the touched window has not finished processing certain input events that were delivered to it over 500.0ms ago.  Wait queue length: 1.  Wait queue head age: 6376.6ms.
I/WindowManager( 4135): Input event dispatching timed out sending to StatusBar.  Reason: Waiting to send non-key event because the touched window has not finished processing certain input events that were delivered to it over 500.0ms ago.  Wait queue length: 1.  Wait queue head age: 6376.6ms.
I/InputDispatcher( 4135): Application is not responding: Window{9ceb949 u0 StatusBar}.  It has been 5322.4ms since event, 5315.5ms since wait started.  Reason: Waiting to send non-key event because the touched window has not finished processing certain input events that were delivered to it over 500.0ms ago.  Wait queue length: 1.  Wait queue head age: 6383.5ms.
I/WindowManager( 4135): Input event dispatching timed out sending to StatusBar.  Reason: Waiting to send non-key event because the touched window has not finished processing certain input events that were delivered to it over 500.0ms ago.  Wait queue length: 1.  Wait queue head age: 6383.5ms.
I/InputDispatcher( 4135): Application is not responding: Window{9ceb949 u0 StatusBar}.  It has been 5329.3ms since event, 5322.4ms since wait started.  Reason: Waiting to send non-key event because the touched window has not finished processing certain input events that were delivered to it over 500.0ms ago.  Wait queue length: 1.  Wait queue head age: 6390.4ms.
I/WindowManager( 4135): Input event dispatching timed out sending to StatusBar.  Reason: Waiting to send non-key event because the touched window has not finished processing certain input events that were delivered to it over 500.0ms ago.  Wait queue length: 1.  Wait queue head age: 6390.4ms.
I/InputDispatcher( 4135): Application is not responding: Window{9ceb949 u0 StatusBar}.  It has been 5336.2ms since event, 5329.2ms since wait started.  Reason: Waiting to send non-key event because the touched window has not finished processing certain input events that were delivered to it over 500.0ms ago.  Wait queue length: 1.  Wait queue head age: 6397.3ms.
I/WindowManager( 4135): Input event dispatching timed out sending to StatusBar.  Reason: Waiting to send non-key event because the touched window has not finished processing certain input events that were delivered to it over 500.0ms ago.  Wait queue length: 1.  Wait queue head age: 6397.3ms.
I/InputDispatcher( 4135): Application is not responding: Window{9ceb949 u0 StatusBar}.  It has been 5343.2ms since event, 5336.2ms since wait started.  Reason: Waiting to send non-key event because the touched window has not finished processing certain input events that were delivered to it over 500.0ms ago.  Wait queue length: 1.  Wait queue head age: 6404.2ms.
I/WindowManager( 4135): Input event dispatching timed out sending to StatusBar.  Reason: Waiting to send non-key event because the touched window has not finished processing certain input events that were delivered to it over 500.0ms ago.  Wait queue length: 1.  Wait queue head age: 6404.2ms.
I/InputDispatcher( 4135): Application is not responding: Window{9ceb949 u0 StatusBar}.  It has been 5350.2ms since event, 5343.2ms since wait started.  Reason: Waiting to send non-key event because the touched window has not finished processing certain input events that were delivered to it over 500.0ms ago.  Wait queue length: 1.  Wait queue head age: 6411.2ms.
I/WindowManager( 4135): Input event dispatching timed out sending to StatusBar.  Reason: Waiting to send non-key event because the touched window has not finished processing certain input events that were delivered to it over 500.0ms ago.  Wait queue length: 1.  Wait queue head age: 6411.2ms.
I/InputDispatcher( 4135): Application is not responding: Window{9ceb949 u0 StatusBar}.  It has been 5357.2ms since event, 5350.2ms since wait started.  Reason: Waiting to send non-key event because the touched window has not finished processing certain input events that were delivered to it over 500.0ms ago.  Wait queue length: 1.  Wait queue head age: 6418.2ms.
I/WindowManager( 4135): Input event dispatching timed out sending to StatusBar.  Reason: Waiting to send non-key event because the touched window has not finished processing certain input events that were delivered to it over 500.0ms ago.  Wait queue length: 1.  Wait queue head age: 6418.2ms.
I/InputDispatcher( 4135): Application is not responding: Window{9ceb949 u0 StatusBar}.  It has been 5364.1ms since event, 5357.1ms since wait started.  Reason: Waiting to send non-key event because the touched window has not finished processing certain input events that were delivered to it over 500.0ms ago.  Wait queue length: 1.  Wait queue head age: 6425.1ms.
I/WindowManager( 4135): Input event dispatching timed out sending to StatusBar.  Reason: Waiting to send non-key event because the touched window has not finished processing certain input events that were delivered to it over 500.0ms ago.  Wait queue length: 1.  Wait queue head age: 6425.1ms.
I/InputDispatcher( 4135): Application is not responding: Window{9ceb949 u0 StatusBar}.  It has been 5371.2ms since event, 5364.2ms since wait started.  Reason: Waiting to send non-key event because the touched window has not finished processing certain input events that were delivered to it over 500.0ms ago.  Wait queue length: 1.  Wait queue head age: 6432.2ms.
I/WindowManager( 4135): Input event dispatching timed out sending to StatusBar.  Reason: Waiting to send non-key event because the touched window has not finished processing certain input events that were delivered to it over 500.0ms ago.  Wait queue length: 1.  Wait queue head age: 6432.2ms.
I/InputDispatcher( 4135): Application is not responding: Window{9ceb949 u0 StatusBar}.  It has been 5383.4ms since event, 5376.4ms since wait started.  Reason: Waiting to send non-key event because the touched window has not finished processing certain input events that were delivered to it over 500.0ms ago.  Wait queue length: 1.  Wait queue head age: 6444.4ms.
I/WindowManager( 4135): Input event dispatching timed out sending to StatusBar.  Reason: Waiting to send non-key event because the touched window has not finished processing certain input events that were delivered to it over 500.0ms ago.  Wait queue length: 1.  Wait queue head age: 6444.4ms.
I/InputDispatcher( 4135): Application is not responding: Window{9ceb949 u0 StatusBar}.  It has been 5390.2ms since event, 5383.3ms since wait started.  Reason: Waiting to send non-key event because the touched window has not finished processing certain input events that were delivered to it over 500.0ms ago.  Wait queue length: 1.  Wait queue head age: 6451.3ms.
I/WindowManager( 4135): Input event dispatching timed out sending to StatusBar.  Reason: Waiting to send non-key event because the touched window has not finished processing certain input events that were delivered to it over 500.0ms ago.  Wait queue length: 1.  Wait queue head age: 6451.3ms.
I/InputDispatcher( 4135): Application is not responding: Window{9ceb949 u0 StatusBar}.  It has been 5397.1ms since event, 5390.1ms since wait started.  Reason: Waiting to send non-key event because the touched window has not finished processing certain input events that were delivered to it over 500.0ms ago.  Wait queue length: 1.  Wait queue head age: 6458.1ms.
I/WindowManager( 4135): Input event dispatching timed out sending to StatusBar.  Reason: Waiting to send non-key event because the touched window has not finished processing certain input events that were delivered to it over 500.0ms ago.  Wait queue length: 1.  Wait queue head age: 6458.1ms.
I/InputDispatcher( 4135): Application is not responding: Window{9ceb949 u0 StatusBar}.  It has been 5403.9ms since event, 5397.0ms since wait started.  Reason: Waiting to send non-key event because the touched window has not finished processing certain input events that were delivered to it over 500.0ms ago.  Wait queue length: 1.  Wait queue head age: 6465.0ms.
I/WindowManager( 4135): Input event dispatching timed out sending to StatusBar.  Reason: Waiting to send non-key event because the touched window has not finished processing certain input events that were delivered to it over 500.0ms ago.  Wait queue length: 1.  Wait queue head age: 6465.0ms.
I/InputDispatcher( 4135): Application is not responding: Window{9ceb949 u0 StatusBar}.  It has been 5410.7ms since event, 5403.8ms since wait started.  Reason: Waiting to send non-key event because the touched window has not finished processing certain input events that were delivered to it over 500.0ms ago.  Wait queue length: 1.  Wait queue head age: 6471.8ms.
I/WindowManager( 4135): Input event dispatching timed out sending to StatusBar.  Reason: Waiting to send non-key event because the touched window has not finished processing certain input events that were delivered to it over 500.0ms ago.  Wait queue length: 1.  Wait queue head age: 6471.8ms.
I/InputDispatcher( 4135): Application is not responding: Window{9ceb949 u0 StatusBar}.  It has been 5422.8ms since event, 5415.8ms since wait started.  Reason: Waiting to send non-key event because the touched window has not finished processing certain input events that were delivered to it over 500.0ms ago.  Wait queue length: 1.  Wait queue head age: 6483.8ms.
I/WindowManager( 4135): Input event dispatching timed out sending to StatusBar.  Reason: Waiting to send non-key event because the touched window has not finished processing certain input events that were delivered to it over 500.0ms ago.  Wait queue length: 1.  Wait queue head age: 6483.8ms.
I/InputDispatcher( 4135): Application is not responding: Window{9ceb949 u0 StatusBar}.  It has been 5430.3ms since event, 5423.4ms since wait started.  Reason: Waiting to send non-key event because the touched window has not finished processing certain input events that were delivered to it over 500.0ms ago.  Wait queue length: 1.  Wait queue head age: 6491.4ms.
I/WindowManager( 4135): Input event dispatching timed out sending to StatusBar.  Reason: Waiting to send non-key event because the touched window has not finished processing certain input events that were delivered to it over 500.0ms ago.  Wait queue length: 1.  Wait queue head age: 6491.4ms.
I/InputDispatcher( 4135): Application is not responding: Window{9ceb949 u0 StatusBar}.  It has been 5437.9ms since event, 5430.9ms since wait started.  Reason: Waiting to send non-key event because the touched window has not finished processing certain input events that were delivered to it over 500.0ms ago.  Wait queue length: 1.  Wait queue head age: 6498.9ms.
I/WindowManager( 4135): Input event dispatching timed out sending to StatusBar.  Reason: Waiting to send non-key event because the touched window has not finished processing certain input events that were delivered to it over 500.0ms ago.  Wait queue length: 1.  Wait queue head age: 6498.9ms.
I/InputDispatcher( 4135): Application is not responding: Window{9ceb949 u0 StatusBar}.  It has been 5444.7ms since event, 5437.7ms since wait started.  Reason: Waiting to send non-key event because the touched window has not finished processing certain input events that were delivered to it over 500.0ms ago.  Wait queue length: 1.  Wait queue head age: 6505.8ms.
I/WindowManager( 4135): Input event dispatching timed out sending to StatusBar.  Reason: Waiting to send non-key event because the touched window has not finished processing certain input events that were delivered to it over 500.0ms ago.  Wait queue length: 1.  Wait queue head age: 6505.8ms.
I/InputDispatcher( 4135): Application is not responding: Window{9ceb949 u0 StatusBar}.  It has been 5462.6ms since event, 5455.7ms since wait started.  Reason: Waiting to send non-key event because the touched window has not finished processing certain input events that were delivered to it over 500.0ms ago.  Wait queue length: 1.  Wait queue head age: 6523.7ms.
I/WindowManager( 4135): Input event dispatching timed out sending to StatusBar.  Reason: Waiting to send non-key event because the touched window has not finished processing certain input events that were delivered to it over 500.0ms ago.  Wait queue length: 1.  Wait queue head age: 6523.7ms.
I/InputDispatcher( 4135): Application is not responding: Window{9ceb949 u0 StatusBar}.  It has been 5469.5ms since event, 5462.6ms since wait started.  Reason: Waiting to send non-key event because the touched window has not finished processing certain input events that were delivered to it over 500.0ms ago.  Wait queue length: 1.  Wait queue head age: 6530.6ms.
I/WindowManager( 4135): Input event dispatching timed out sending to StatusBar.  Reason: Waiting to send non-key event because the touched window has not finished processing certain input events that were delivered to it over 500.0ms ago.  Wait queue length: 1.  Wait queue head age: 6530.6ms.
I/InputDispatcher( 4135): Application is not responding: Window{9ceb949 u0 StatusBar}.  It has been 5476.1ms since event, 5469.1ms since wait started.  Reason: Waiting to send non-key event because the touched window has not finished processing certain input events that were delivered to it over 500.0ms ago.  Wait queue length: 1.  Wait queue head age: 6537.1ms.
I/WindowManager( 4135): Input event dispatching timed out sending to StatusBar.  Reason: Waiting to send non-key event because the touched window has not finished processing certain input events that were delivered to it over 500.0ms ago.  Wait queue length: 1.  Wait queue head age: 6537.1ms.
I/InputDispatcher( 4135): Application is not responding: Window{9ceb949 u0 StatusBar}.  It has been 5482.6ms since event, 5475.6ms since wait started.  Reason: Waiting to send non-key event because the touched window has not finished processing certain input events that were delivered to it over 500.0ms ago.  Wait queue length: 1.  Wait queue head age: 6543.6ms.
I/WindowManager( 4135): Input event dispatching timed out sending to StatusBar.  Reason: Waiting to send non-key event because the touched window has not finished processing certain input events that were delivered to it over 500.0ms ago.  Wait queue length: 1.  Wait queue head age: 6543.6ms.
I/InputDispatcher( 4135): Application is not responding: Window{9ceb949 u0 StatusBar}.  It has been 5489.1ms since event, 5482.1ms since wait started.  Reason: Waiting to send non-key event because the touched window has not finished processing certain input events that were delivered to it over 500.0ms ago.  Wait queue length: 1.  Wait queue head age: 6550.1ms.
I/WindowManager( 4135): Input event dispatching timed out sending to StatusBar.  Reason: Waiting to send non-key event because the touched window has not finished processing certain input events that were delivered to it over 500.0ms ago.  Wait queue length: 1.  Wait queue head age: 6550.1ms.
I/InputDispatcher( 4135): Application is not responding: Window{9ceb949 u0 StatusBar}.  It has been 5495.6ms since event, 5488.6ms since wait started.  Reason: Waiting to send non-key event because the touched window has not finished processing certain input events that were delivered to it over 500.0ms ago.  Wait queue length: 1.  Wait queue head age: 6556.6ms.
I/WindowManager( 4135): Input event dispatching timed out sending to StatusBar.  Reason: Waiting to send non-key event because the touched window has not finished processing certain input events that were delivered to it over 500.0ms ago.  Wait queue length: 1.  Wait queue head age: 6556.6ms.
I/InputDispatcher( 4135): Application is not responding: Window{9ceb949 u0 StatusBar}.  It has been 5502.1ms since event, 5495.1ms since wait started.  Reason: Waiting to send non-key event because the touched window has not finished processing certain input events that were delivered to it over 500.0ms ago.  Wait queue length: 1.  Wait queue head age: 6563.1ms.
I/WindowManager( 4135): Input event dispatching timed out sending to StatusBar.  Reason: Waiting to send non-key event because the touched window has not finished processing certain input events that were delivered to it over 500.0ms ago.  Wait queue length: 1.  Wait queue head age: 6563.1ms.
I/InputDispatcher( 4135): Application is not responding: Window{9ceb949 u0 StatusBar}.  It has been 5508.5ms since event, 5501.6ms since wait started.  Reason: Waiting to send non-key event because the touched window has not finished processing certain input events that were delivered to it over 500.0ms ago.  Wait queue length: 1.  Wait queue head age: 6569.6ms.
I/WindowManager( 4135): Input event dispatching timed out sending to StatusBar.  Reason: Waiting to send non-key event because the touched window has not finished processing certain input events that were delivered to it over 500.0ms ago.  Wait queue length: 1.  Wait queue head age: 6569.6ms.
I/InputDispatcher( 4135): Application is not responding: Window{9ceb949 u0 StatusBar}.  It has been 5515.0ms since event, 5508.0ms since wait started.  Reason: Waiting to send non-key event because the touched window has not finished processing certain input events that were delivered to it over 500.0ms ago.  Wait queue length: 1.  Wait queue head age: 6576.0ms.
I/WindowManager( 4135): Input event dispatching timed out sending to StatusBar.  Reason: Waiting to send non-key event because the touched window has not finished processing certain input events that were delivered to it over 500.0ms ago.  Wait queue length: 1.  Wait queue head age: 6576.0ms.
I/InputDispatcher( 4135): Application is not responding: Window{9ceb949 u0 StatusBar}.  It has been 5521.4ms since event, 5514.5ms since wait started.  Reason: Waiting to send non-key event because the touched window has not finished processing certain input events that were delivered to it over 500.0ms ago.  Wait queue length: 1.  Wait queue head age: 6582.5ms.
I/WindowManager( 4135): Input event dispatching timed out sending to StatusBar.  Reason: Waiting to send non-key event because the touched window has not finished processing certain input events that were delivered to it over 500.0ms ago.  Wait queue length: 1.  Wait queue head age: 6582.5ms.
I/InputDispatcher( 4135): Application is not responding: Window{9ceb949 u0 StatusBar}.  It has been 5528.0ms since event, 5521.0ms since wait started.  Reason: Waiting to send non-key event because the touched window has not finished processing certain input events that were delivered to it over 500.0ms ago.  Wait queue length: 1.  Wait queue head age: 6589.0ms.
I/WindowManager( 4135): Input event dispatching timed out sending to StatusBar.  Reason: Waiting to send non-key event because the touched window has not finished processing certain input events that were delivered to it over 500.0ms ago.  Wait queue length: 1.  Wait queue head age: 6589.0ms.
I/InputDispatcher( 4135): Application is not responding: Window{9ceb949 u0 StatusBar}.  It has been 5534.4ms since event, 5527.5ms since wait started.  Reason: Waiting to send non-key event because the touched window has not finished processing certain input events that were delivered to it over 500.0ms ago.  Wait queue length: 1.  Wait queue head age: 6595.5ms.
I/WindowManager( 4135): Input event dispatching timed out sending to StatusBar.  Reason: Waiting to send non-key event because the touched window has not finished processing certain input events that were delivered to it over 500.0ms ago.  Wait queue length: 1.  Wait queue head age: 6595.5ms.
I/InputDispatcher( 4135): Application is not responding: Window{9ceb949 u0 StatusBar}.  It has been 5540.9ms since event, 5534.0ms since wait started.  Reason: Waiting to send non-key event because the touched window has not finished processing certain input events that were delivered to it over 500.0ms ago.  Wait queue length: 1.  Wait queue head age: 6602.0ms.
I/WindowManager( 4135): Input event dispatching timed out sending to StatusBar.  Reason: Waiting to send non-key event because the touched window has not finished processing certain input events that were delivered to it over 500.0ms ago.  Wait queue length: 1.  Wait queue head age: 6602.0ms.
I/InputDispatcher( 4135): Application is not responding: Window{9ceb949 u0 StatusBar}.  It has been 5547.5ms since event, 5540.5ms since wait started.  Reason: Waiting to send non-key event because the touched window has not finished processing certain input events that were delivered to it over 500.0ms ago.  Wait queue length: 1.  Wait queue head age: 6608.5ms.
I/WindowManager( 4135): Input event dispatching timed out sending to StatusBar.  Reason: Waiting to send non-key event because the touched window has not finished processing certain input events that were delivered to it over 500.0ms ago.  Wait queue length: 1.  Wait queue head age: 6608.5ms.
I/InputDispatcher( 4135): Application is not responding: Window{9ceb949 u0 StatusBar}.  It has been 5554.0ms since event, 5547.1ms since wait started.  Reason: Waiting to send non-key event because the touched window has not finished processing certain input events that were delivered to it over 500.0ms ago.  Wait queue length: 1.  Wait queue head age: 6615.1ms.
I/WindowManager( 4135): Input event dispatching timed out sending to StatusBar.  Reason: Waiting to send non-key event because the touched window has not finished processing certain input events that were delivered to it over 500.0ms ago.  Wait queue length: 1.  Wait queue head age: 6615.1ms.
I/InputDispatcher( 4135): Application is not responding: Window{9ceb949 u0 StatusBar}.  It has been 5560.5ms since event, 5553.6ms since wait started.  Reason: Waiting to send non-key event because the touched window has not finished processing certain input events that were delivered to it over 500.0ms ago.  Wait queue length: 1.  Wait queue head age: 6621.6ms.
I/WindowManager( 4135): Input event dispatching timed out sending to StatusBar.  Reason: Waiting to send non-key event because the touched window has not finished processing certain input events that were delivered to it over 500.0ms ago.  Wait queue length: 1.  Wait queue head age: 6621.6ms.
I/InputDispatcher( 4135): Application is not responding: Window{9ceb949 u0 StatusBar}.  It has been 5567.1ms since event, 5560.1ms since wait started.  Reason: Waiting to send non-key event because the touched window has not finished processing certain input events that were delivered to it over 500.0ms ago.  Wait queue length: 1.  Wait queue head age: 6628.1ms.
