I/SurfaceFlinger( 7545): extensions: GL_EXT_debug_marker GL_ARM_rgba8 GL_ARM_mali_shader_binary GL_OES_depth24 GL_OES_depth_texture GL_OES_depth_texture_cube_map GL_OES_packed_depth_stencil GL_OES_rgb8_rgba8 GL_EXT_read_format_bgra GL_OES_compressed_paletted_texture GL_OES_compressed_ETC1_RGB8_texture GL_OES_standard_derivatives GL_OES_EGL_image GL_OES_EGL_image_external GL_OES_EGL_sync GL_OES_texture_npot GL_OES_vertex_half_float GL_OES_required_internalformat GL_OES_vertex_array_object GL_OES_mapbuffer GL_EXT_texture_format_BGRA8888 GL_EXT_texture_rg GL_EXT_texture_type_2_10_10_10_REV GL_OES_fbo_render_mipmap GL_OES_element_index_uint GL_EXT_shadow_samplers GL_OES_texture_compression_astc GL_KHR_texture_compression_astc_ldr GL_KHR_texture_compression_astc_hdr GL_KHR_debug GL_EXT_occlusion_query_boolean GL_EXT_blend_minmax GL_EXT_discard_framebuffer GL_OES_get_program_binary GL_OES_texture_3D GL_EXT_texture_storage GL_EXT_multisampled_render_to_texture GL_OES_surfaceless_context GL_ARM_mali_program_binary 
I/SurfaceFlinger( 7545): GL_MAX_TEXTURE_SIZE = 8192
I/SurfaceFlinger( 7545): GL_MAX_VIEWPORT_DIMS = 8192
E/libEGL  ( 7545): eglQuerySurface:658 error 300d (EGL_BAD_SURFACE)
E/libEGL  ( 7545): eglQuerySurface:658 error 300d (EGL_BAD_SURFACE)
E/libEGL  ( 7545): call to OpenGL ES API with no current context (logged once per thread)
D/SurfaceFlinger( 7545): Set power mode=2, type=0 flinger=0xb6a62000
I/hwcomposer( 7545): int exynos5_blank(hwc_composer_device_1*, int, int):: disp(0), blank(0)
I/hwcomposer( 7545): unblank ioctl failed (display already unblanked)
E/libEGL  ( 7545): eglSwapBuffers:1228 error 300d (EGL_BAD_SURFACE)
F/SurfaceFlinger( 7545): eglSwapBuffers(0x1, 0x0) failed with 0x0000300d
F/libc    ( 7545): Fatal signal 6 (SIGABRT), code -6 in tid 7545 (surfaceflinger)
I/DEBUG   ( 3675): property debug.db.uid not set; NOT waiting for gdb.
I/DEBUG   ( 3675): HINT: adb shell setprop debug.db.uid 100000
I/DEBUG   ( 3675): HINT: adb forward tcp:5039 tcp:5039
I/DEBUG   ( 3675): *** *** *** *** *** *** *** *** *** *** *** *** *** *** *** ***
I/DEBUG   ( 3675): Build fingerprint: 'samsung/cm_k3gxx/k3gxx:5.0.2/LRX22G/ca2fb2b51d:userdebug/test-keys'
I/DEBUG   ( 3675): Revision: '10'
I/DEBUG   ( 3675): ABI: 'arm'
I/DEBUG   ( 3675): pid: 7545, tid: 7545, name: surfaceflinger  >>> /system/bin/surfaceflinger <<<
I/DEBUG   ( 3675): signal 6 (SIGABRT), code -6 (SI_TKILL), fault addr --------
I/DEBUG   ( 3675): Abort message: 'eglSwapBuffers(0x1, 0x0) failed with 0x0000300d'
I/DEBUG   ( 3675):     r0 00000000  r1 00001d79  r2 00000006  r3 00000000
I/DEBUG   ( 3675):     r4 b6f90114  r5 00000006  r6 0000000b  r7 0000010c
I/DEBUG   ( 3675):     r8 00000000  r9 bee84bd0  sl b6a54210  fp bee84bd0
I/DEBUG   ( 3675):     ip 00001d79  sp bee84650  lr b6f1a7b9  pc b6f3e4e4  cpsr 600f0010
I/DEBUG   ( 3675): 
I/DEBUG   ( 3675): backtrace:
I/DEBUG   ( 3675):     #00 pc 000384e4  /system/lib/libc.so (tgkill+12)
I/DEBUG   ( 3675):     #01 pc 000147b5  /system/lib/libc.so (pthread_kill+52)
I/DEBUG   ( 3675):     #02 pc 0001550b  /system/lib/libc.so (raise+10)
I/DEBUG   ( 3675):     #03 pc 00011c35  /system/lib/libc.so (__libc_android_abort+36)
I/DEBUG   ( 3675):     #04 pc 0000fcb8  /system/lib/libc.so (abort+4)
I/DEBUG   ( 3675):     #05 pc 00007739  /system/lib/libcutils.so (__android_log_assert+88)
I/DEBUG   ( 3675):     #06 pc 0000f4df  /system/lib/libsurfaceflinger.so
I/DEBUG   ( 3675):     #07 pc 0001b9fd  /system/lib/libsurfaceflinger.so
I/DEBUG   ( 3675):     #08 pc 0001abe7  /system/lib/libsurfaceflinger.so
I/DEBUG   ( 3675):     #09 pc 00019fc3  /system/lib/libsurfaceflinger.so
I/DEBUG   ( 3675):     #10 pc 00019d49  /system/lib/libsurfaceflinger.so
I/DEBUG   ( 3675):     #11 pc 00010ed3  /system/lib/libutils.so (android::Looper::pollInner(int)+410)
I/DEBUG   ( 3675):     #12 pc 00010fc5  /system/lib/libutils.so (android::Looper::pollOnce(int, int*, int*, void**)+92)
I/DEBUG   ( 3675):     #13 pc 000174c5  /system/lib/libsurfaceflinger.so
I/DEBUG   ( 3675):     #14 pc 0001993d  /system/lib/libsurfaceflinger.so (android::SurfaceFlinger::run()+8)
I/DEBUG   ( 3675):     #15 pc 0000083d  /system/bin/surfaceflinger
I/DEBUG   ( 3675):     #16 pc 0000fb75  /system/lib/libc.so (__libc_init+44)
I/DEBUG   ( 3675):     #17 pc 000008d8  /system/bin/surfaceflinger
I/ServiceManager( 7546): Waiting for service batterystats...
V/NatController( 7544): runCmd(/system/bin/iptables -F natctrl_FORWARD) res=0
V/NatController( 7544): runCmd(/system/bin/iptables -A natctrl_FORWARD -j DROP) res=0
V/NatController( 7544): runCmd(/system/bin/iptables -t nat -F natctrl_nat_POSTROUTING) res=0
V/NatController( 7544): runCmd(/system/bin/iptables -F natctrl_tether_counters) res=0
V/NatController( 7544): runCmd(/system/bin/iptables -X natctrl_tether_counters) res=0
I/DEBUG   ( 3675): 
I/DEBUG   ( 3675): Tombstone written to: /data/tombstones/tombstone_00
V/NatController( 7544): runCmd(/system/bin/iptables -N natctrl_tether_counters) res=0
V/NatController( 7544): runCmd(/system/bin/iptables -t mangle -A natctrl_mangle_FORWARD -p tcp --tcp-flags SYN SYN -j TCPMSS --clamp-mss-to-pmtu) res=0
I/ServiceManager( 3668): service 'SurfaceFlinger' died
I/ServiceManager( 3668): service 'Exynos.HWCService' died
I/ServiceManager( 3668): service 'media.wifi_display' died
I/ServiceManager( 3668): service 'media.audio_flinger' died
I/Netd    ( 7758): Netd 1.0 starting
E/Netd    ( 7758): Failed to open /proc/sys/net/ipv6/conf/default/accept_ra_rt_table: No such file or directory
E/Netd    ( 7758): Failed to open /proc/sys/net/ipv6/conf/ip6tnl0/accept_ra_rt_table: No such file or directory
E/Netd    ( 7758): Failed to open /proc/sys/net/ipv6/conf/lo/accept_ra_rt_table: No such file or directory
E/Netd    ( 7758): Failed to open /proc/sys/net/ipv6/conf/rmnet0/accept_ra_rt_table: No such file or directory
E/Netd    ( 7758): Failed to open /proc/sys/net/ipv6/conf/rmnet1/accept_ra_rt_table: No such file or directory
E/Netd    ( 7758): Failed to open /proc/sys/net/ipv6/conf/rmnet2/accept_ra_rt_table: No such file or directory
E/Netd    ( 7758): Failed to open /proc/sys/net/ipv6/conf/rmnet3/accept_ra_rt_table: No such file or directory
E/Netd    ( 7758): Failed to open /proc/sys/net/ipv6/conf/sit0/accept_ra_rt_table: No such file or directory
I/SurfaceFlinger( 7759): SurfaceFlinger is starting
I/SurfaceFlinger( 7759): SurfaceFlinger's main thread ready to run. Initializing graphics H/W...
D/libEGL  ( 7759): loaded /vendor/lib/egl/libGLES_mali.so
I/        ( 7759): PLATFORM VERSION : JB-MR-2
I/gralloc ( 7759): using (fd=12)
I/gralloc ( 7759): id           = 
I/gralloc ( 7759): xres         = 1080 px
I/gralloc ( 7759): yres         = 1920 px
I/gralloc ( 7759): xres_virtual = 1080 px
I/gralloc ( 7759): yres_virtual = 3840 px
I/gralloc ( 7759): bpp          = 32
I/gralloc ( 7759): r            = 16:8
I/gralloc ( 7759): g            =  8:8
I/gralloc ( 7759): b            =  0:8
I/gralloc ( 7759): width        = 65 mm (422.030762 dpi)
I/gralloc ( 7759): height       = 115 mm (424.069580 dpi)
I/gralloc ( 7759): refresh rate = 60.00 Hz
I/mediaserver( 7760): ServiceManager: 0xb60500c0
I/AudioFlinger( 7760): Using default 3000 mSec as standby time.
I/ServiceManager( 7760): Waiting for service batterystats...
D/AndroidRuntime( 7762): 
D/AndroidRuntime( 7762): >>>>>> AndroidRuntime START com.android.internal.os.ZygoteInit <<<<<<
D/AndroidRuntime( 7762): CheckJNI is OFF
I/art     ( 7762): option[0]=-Xzygote
I/art     ( 7762): option[1]=-Xstacktracefile:/data/anr/traces.txt
I/art     ( 7762): option[2]=exit
I/art     ( 7762): option[3]=vfprintf
I/art     ( 7762): option[4]=sensitiveThread
I/art     ( 7762): option[5]=-verbose:gc
I/art     ( 7762): option[6]=-Xms8m
I/art     ( 7762): option[7]=-Xmx512m
I/art     ( 7762): option[8]=-XX:mainThreadStackSize=24K
I/art     ( 7762): option[9]=-XX:HeapGrowthLimit=128m
I/art     ( 7762): option[10]=-XX:HeapMinFree=2m
I/art     ( 7762): option[11]=-XX:HeapMaxFree=8m
I/art     ( 7762): option[12]=-XX:HeapTargetUtilization=0.75
I/art     ( 7762): option[13]=-agentlib:jdwp=transport=dt_android_adb,suspend=n,server=y
I/art     ( 7762): option[14]=-Xlockprofthreshold:500
I/art     ( 7762): option[15]=-Ximage-compiler-option
I/art     ( 7762): option[16]=--runtime-arg
I/art     ( 7762): option[17]=-Ximage-compiler-option
I/art     ( 7762): option[18]=-Xms64m
I/art     ( 7762): option[19]=-Ximage-compiler-option
I/art     ( 7762): option[20]=--runtime-arg
I/art     ( 7762): option[21]=-Ximage-compiler-option
I/art     ( 7762): option[22]=-Xmx64m
I/art     ( 7762): option[23]=-Ximage-compiler-option
I/art     ( 7762): option[24]=--image-classes-zip=/system/framework/framework.jar
I/art     ( 7762): option[25]=-Ximage-compiler-option
I/art     ( 7762): option[26]=--image-classes=preloaded-classes
I/art     ( 7762): option[27]=-Xcompiler-option
I/art     ( 7762): option[28]=--runtime-arg
I/art     ( 7762): option[29]=-Xcompiler-option
I/art     ( 7762): option[30]=-Xms64m
I/art     ( 7762): option[31]=-Xcompiler-option
I/art     ( 7762): option[32]=--runtime-arg
I/art     ( 7762): option[33]=-Xcompiler-option
I/art     ( 7762): option[34]=-Xmx512m
I/art     ( 7762): option[35]=-Duser.language=es
I/art     ( 7762): option[36]=-Duser.region=US
I/art     ( 7762): Pruning dalvik-cache since we are generating an image and will need to recompile
W/art     ( 7762): Unexpected file type of 
W/art     ( 7762):  encountered.
I/art     ( 7762): Using an offset of 0xff813000 from default art base address of 0x70000000
I/art     ( 7762): GenerateImage: /system/bin/dex2oat --image=/data/dalvik-cache/arm/system@framework@boot.art --dex-file=/system/framework/core-libart.jar --dex-file=/system/framework/conscrypt.jar --dex-file=/system/framework/okhttp.jar --dex-file=/system/framework/core-junit.jar --dex-file=/system/framework/bouncycastle.jar --dex-file=/system/framework/ext.jar --dex-file=/system/framework/framework.jar --dex-file=/system/framework/telephony-common.jar --dex-file=/system/framework/voip-common.jar --dex-file=/system/framework/ims-common.jar --dex-file=/system/framework/mms-common.jar --dex-file=/system/framework/android.policy.jar --dex-file=/system/framework/apache-xml.jar --oat-file=/data/dalvik-cache/arm/system@framework@boot.oat --instruction-set=arm --instruction-set-features=div --base=0x6f813000 --runtime-arg -Xms64m --runtime-arg -Xmx64m --image-classes-zip=/system/framework/framework.jar --image-classes=preloaded-classes
W/art     ( 7762): Unexpected file type of 
W/art     ( 7762):  encountered.
W/art     ( 7762): Could not create image space with image file '/system/framework/boot.art'. Attempting to fall back to imageless running. Error was: Failed to generate image '/data/dalvik-cache/arm/system@framework@boot.art': Failed execv(/system/bin/dex2oat --image=/data/dalvik-cache/arm/system@framework@boot.art --dex-file=/system/framework/core-libart.jar --dex-file=/system/framework/conscrypt.jar --dex-file=/system/framework/okhttp.jar --dex-file=/system/framework/core-junit.jar --dex-file=/system/framework/bouncycastle.jar --dex-file=/system/framework/ext.jar --dex-file=/system/framework/framework.jar --dex-file=/system/framework/telephony-common.jar --dex-file=/system/framework/voip-common.jar --dex-file=/system/framework/ims-common.jar --dex-file=/system/framework/mms-common.jar --dex-file=/system/framework/android.policy.jar --dex-file=/system/framework/apache-xml.jar --oat-file=/data/dalvik-cache/arm/system@framework@boot.oat --instruction-set=arm --instruction-set-features=div --base=0x6f813000 --runtime-arg -Xms64
D/hwcomposer( 7759): using
D/hwcomposer( 7759): xres         = 1080 px
D/hwcomposer( 7759): yres         = 1920 px
D/hwcomposer( 7759): width        = 65 mm (422.030000 dpi)
D/hwcomposer( 7759): height       = 115 mm (424.069000 dpi)
D/hwcomposer( 7759): refresh rate = 60 Hz
D/libexynosv4l2-subdev( 7759): try node: /dev/v4l-subdev0
D/libexynosv4l2-subdev( 7759): try node: /dev/v4l-subdev1
D/libexynosv4l2-subdev( 7759): try node: /dev/v4l-subdev2
I/libexynosv4l2-subdev( 7759): node found for device s5p-mixer0: /dev/v4l-subdev2
I/libexynosv4l2-subdev( 7759): open subdev device /dev/v4l-subdev2
I/hwcomposer( 7759): PSR info devname = /sys/devices/14400000.fimd_fb/psr_info
I/hwcomposer( 7759): PSR mode is 2(0: video mode, 1: DP PSR mode, 2: MIPI-DSI command mode)
I/SurfaceFlinger( 7759): Using composer version 1.3
I/SurfaceFlinger( 7759): EGL information:
I/SurfaceFlinger( 7759): vendor    : Android
I/SurfaceFlinger( 7759): version   : 1.4 Android META-EGL
I/SurfaceFlinger( 7759): extensions: EGL_KHR_get_all_proc_addresses EGL_ANDROID_presentation_time EGL_KHR_image EGL_KHR_image_base EGL_KHR_gl_texture_2D_image EGL_KHR_gl_texture_cubemap_image EGL_KHR_gl_renderbuffer_image EGL_KHR_fence_sync EGL_KHR_create_context EGL_ANDROID_image_native_buffer EGL_KHR_wait_sync EGL_ANDROID_recordable 
I/SurfaceFlinger( 7759): Client API: OpenGL_ES
I/SurfaceFlinger( 7759): EGLSurface: 8-8-8-8, config=0xb6acf2ac
I/SurfaceFlinger( 7759): OpenGL ES informations:
I/SurfaceFlinger( 7759): vendor    : ARM
I/SurfaceFlinger( 7759): renderer  : Mali-T628
I/SurfaceFlinger( 7759): version   : OpenGL ES 3.0
I/SurfaceFlinger( 7759): extensions: GL_EXT_debug_marker GL_ARM_rgba8 GL_ARM_mali_shader_binary GL_OES_depth24 GL_OES_depth_texture GL_OES_depth_texture_cube_map GL_OES_packed_depth_stencil GL_OES_rgb8_rgba8 GL_EXT_read_format_bgra GL_OES_compressed_paletted_texture GL_OES_compressed_ETC1_RGB8_texture GL_OES_standard_derivatives GL_OES_EGL_image GL_OES_EGL_image_external GL_OES_EGL_sync GL_OES_texture_npot GL_OES_vertex_half_float GL_OES_required_internalformat GL_OES_vertex_array_object GL_OES_mapbuffer GL_EXT_texture_format_BGRA8888 GL_EXT_texture_rg GL_EXT_texture_type_2_10_10_10_REV GL_OES_fbo_render_mipmap GL_OES_element_index_uint GL_EXT_shadow_samplers GL_OES_texture_compression_astc GL_KHR_texture_compression_astc_ldr GL_KHR_texture_compression_astc_hdr GL_KHR_debug GL_EXT_occlusion_query_boolean GL_EXT_blend_minmax GL_EXT_discard_framebuffer GL_OES_get_program_binary GL_OES_texture_3D GL_EXT_texture_storage GL_EXT_multisampled_render_to_texture GL_OES_surfaceless_context GL_ARM_mali_program_binary 
I/SurfaceFlinger( 7759): GL_MAX_TEXTURE_SIZE = 8192
I/SurfaceFlinger( 7759): GL_MAX_VIEWPORT_DIMS = 8192
E/libEGL  ( 7759): eglQuerySurface:658 error 300d (EGL_BAD_SURFACE)
E/libEGL  ( 7759): eglQuerySurface:658 error 300d (EGL_BAD_SURFACE)
E/libEGL  ( 7759): call to OpenGL ES API with no current context (logged once per thread)
D/SurfaceFlinger( 7759): Set power mode=2, type=0 flinger=0xb6a62000
I/hwcomposer( 7759): int exynos5_blank(hwc_composer_device_1*, int, int):: disp(0), blank(0)
I/hwcomposer( 7759): unblank ioctl failed (display already unblanked)
E/libEGL  ( 7759): eglSwapBuffers:1228 error 300d (EGL_BAD_SURFACE)
F/SurfaceFlinger( 7759): eglSwapBuffers(0x1, 0x0) failed with 0x0000300d
F/libc    ( 7759): Fatal signal 6 (SIGABRT), code -6 in tid 7759 (surfaceflinger)
I/DEBUG   ( 3675): *** *** *** *** *** *** *** *** *** *** *** *** *** *** *** ***
I/DEBUG   ( 3675): Build fingerprint: 'samsung/cm_k3gxx/k3gxx:5.0.2/LRX22G/ca2fb2b51d:userdebug/test-keys'
I/DEBUG   ( 3675): Revision: '10'
I/DEBUG   ( 3675): ABI: 'arm'
I/DEBUG   ( 3675): pid: 7759, tid: 7759, name: surfaceflinger  >>> /system/bin/surfaceflinger <<<
I/DEBUG   ( 3675): signal 6 (SIGABRT), code -6 (SI_TKILL), fault addr --------
I/DEBUG   ( 3675): Abort message: 'eglSwapBuffers(0x1, 0x0) failed with 0x0000300d'
I/DEBUG   ( 3675):     r0 00000000  r1 00001e4f  r2 00000006  r3 00000000
I/DEBUG   ( 3675):     r4 b6f94114  r5 00000006  r6 0000000b  r7 0000010c
I/DEBUG   ( 3675):     r8 00000000  r9 bea17bd0  sl b6a54210  fp bea17bd0
I/DEBUG   ( 3675):     ip 00001e4f  sp bea17650  lr b6f1e7b9  pc b6f424e4  cpsr 600f0010
I/DEBUG   ( 3675): 
I/DEBUG   ( 3675): backtrace:
I/DEBUG   ( 3675):     #00 pc 000384e4  /system/lib/libc.so (tgkill+12)
I/DEBUG   ( 3675):     #01 pc 000147b5  /system/lib/libc.so (pthread_kill+52)
I/DEBUG   ( 3675):     #02 pc 0001550b  /system/lib/libc.so (raise+10)
I/DEBUG   ( 3675):     #03 pc 00011c35  /system/lib/libc.so (__libc_android_abort+36)
I/DEBUG   ( 3675):     #04 pc 0000fcb8  /system/lib/libc.so (abort+4)
I/DEBUG   ( 3675):     #05 pc 00007739  /system/lib/libcutils.so (__android_log_assert+88)
I/DEBUG   ( 3675):     #06 pc 0000f4df  /system/lib/libsurfaceflinger.so
I/DEBUG   ( 3675):     #07 pc 0001b9fd  /system/lib/libsurfaceflinger.so
I/DEBUG   ( 3675):     #08 pc 0001abe7  /system/lib/libsurfaceflinger.so
I/DEBUG   ( 3675):     #09 pc 00019fc3  /system/lib/libsurfaceflinger.so
I/DEBUG   ( 3675):     #10 pc 00019d49  /system/lib/libsurfaceflinger.so
I/DEBUG   ( 3675):     #11 pc 00010ed3  /system/lib/libutils.so (android::Looper::pollInner(int)+410)
I/DEBUG   ( 3675):     #12 pc 00010fc5  /system/lib/libutils.so (android::Looper::pollOnce(int, int*, int*, void**)+92)
I/DEBUG   ( 3675):     #13 pc 000174c5  /system/lib/libsurfaceflinger.so
I/DEBUG   ( 3675):     #14 pc 0001993d  /system/lib/libsurfaceflinger.so (android::SurfaceFlinger::run()+8)
I/DEBUG   ( 3675):     #15 pc 0000083d  /system/bin/surfaceflinger
I/DEBUG   ( 3675):     #16 pc 0000fb75  /system/lib/libc.so (__libc_init+44)
I/DEBUG   ( 3675):     #17 pc 000008d8  /system/bin/surfaceflinger
I/DEBUG   ( 3675): 
I/DEBUG   ( 3675): Tombstone written to: /data/tombstones/tombstone_01
I/DEBUG   ( 3675): ********************************************************
I/DEBUG   ( 3675): * Process 7759 has been suspended while crashing.
I/DEBUG   ( 3675): * To attach gdbserver for a gdb connection on port 5039
I/DEBUG   ( 3675): * and start gdbclient:
I/DEBUG   ( 3675): *
I/DEBUG   ( 3675): *     gdbclient /system/bin/surfaceflinger :5039 7759
I/DEBUG   ( 3675): * or
I/DEBUG   ( 3675): *     dddclient /system/bin/surfaceflinger :5039 7759
I/DEBUG   ( 3675): *
I/DEBUG   ( 3675): * Wait for gdb to start, then press the VOLUME DOWN key
I/DEBUG   ( 3675): * to let the process continue crashing.
I/DEBUG   ( 3675): ********************************************************
I/ServiceManager( 7760): Waiting for service batterystats...
V/NatController( 7758): runCmd(/system/bin/iptables -F natctrl_FORWARD) res=0
V/NatController( 7758): runCmd(/system/bin/iptables -A natctrl_FORWARD -j DROP) res=0
V/NatController( 7758): runCmd(/system/bin/iptables -t nat -F natctrl_nat_POSTROUTING) res=0
V/NatController( 7758): runCmd(/system/bin/iptables -F natctrl_tether_counters) res=0
V/NatController( 7758): runCmd(/system/bin/iptables -X natctrl_tether_counters) res=0
V/NatController( 7758): runCmd(/system/bin/iptables -N natctrl_tether_counters) res=0
V/NatController( 7758): runCmd(/system/bin/iptables -t mangle -A natctrl_mangle_FORWARD -p tcp --tcp-flags SYN SYN -j TCPMSS --clamp-mss-to-pmtu) res=0
E/memtrack( 7762): Couldn't load memtrack module (No such file or directory)
E/android.os.Debug( 7762): failed to load memtrack module: -2
D/MDnsDS  ( 7758): MDnsSdListener::Hander starting up
D/MDnsDS  ( 7758): MDnsSdListener starting to monitor
D/MDnsDS  ( 7758): Going to poll with pollCount 1
I/SamplingProfilerIntegration( 7762): Profiling disabled.
D/Zygote  ( 7762): begin preload
I/Zygote  ( 7762): Preloading classes...
I/art     ( 7762): Explicit concurrent mark sweep GC freed 4379(640KB) AllocSpace objects, 0(0B) LOS objects, 41% free, 5MB/9MB, paused 85us total 14.485ms
I/art     ( 7762): Counter: 1
I/ServiceManager( 7760): Waiting for service batterystats...
E/Minikin ( 7762): addFont failed to create font /system/fonts/NotoSansGujarati-Regular.ttf
E/Minikin ( 7762): addFont failed to create font /system/fonts/NotoSansGujarati-Bold.ttf
E/Minikin ( 7762): addFont failed to create font /system/fonts/NotoSansGujaratiUI-Regular.ttf
E/Minikin ( 7762): addFont failed to create font /system/fonts/NotoSansGujaratiUI-Bold.ttf
E/Minikin ( 7762): addFont failed to create font /system/fonts/NotoSansGurmukhi-Regular.ttf
E/Minikin ( 7762): addFont failed to create font /system/fonts/NotoSansGurmukhi-Bold.ttf
E/Minikin ( 7762): addFont failed to create font /system/fonts/NotoSansGurmukhiUI-Regular.ttf
E/Minikin ( 7762): addFont failed to create font /system/fonts/NotoSansGurmukhiUI-Bold.ttf
E/Minikin ( 7762): addFont failed to create font /system/fonts/NotoSansSinhala-Regular.ttf
E/Minikin ( 7762): addFont failed to create font /system/fonts/NotoSansSinhala-Bold.ttf
E/Minikin ( 7762): addFont failed to create font /system/fonts/NotoSansCherokee-Regular.ttf
E/Minikin ( 7762): addFont failed to create font /system/fonts/NotoSansCanadianAboriginal-Regular.ttf
E/Minikin ( 7762): addFont failed to create font /system/fonts/NotoSansYi-Regular.ttf
E/Minikin ( 7762): addFont failed to create font /system/fonts/NotoSansHans-Regular.otf
E/Minikin ( 7762): addFont failed to create font /system/fonts/NotoSansHant-Regular.otf
E/Minikin ( 7762): addFont failed to create font /system/fonts/NotoSansJP-Regular.otf
E/Minikin ( 7762): addFont failed to create font /system/fonts/NotoSansKR-Regular.otf
I/ServiceManager( 7760): Waiting for service batterystats...
E/art     ( 7762): ----- class 'Landroid/media/MediaPlayer;' cl=0x0 -----
E/art     ( 7762):   objectSize=876 (412 from super)
E/art     ( 7762):   access=0x8000.0001
E/art     ( 7762):   super='java.lang.Class<java.lang.Object>' (cl=0x0)
E/art     ( 7762):   interfaces (1):
E/art     ( 7762):      0: java.lang.Class<android.media.SubtitleController$Listener> (cl=0x0)
E/art     ( 7762):   vtable (64 entries, 11 in super):
E/art     ( 7762):      0: void android.media.MediaPlayer.addSubtitleSource(java.io.InputStream, android.media.MediaFormat)
E/art     ( 7762):      1: void android.media.MediaPlayer.addTimedTextSource(android.content.Context, android.net.Uri, java.lang.String)
E/art     ( 7762):      2: void android.media.MediaPlayer.addTimedTextSource(java.io.FileDescriptor, long, long, java.lang.String)
E/art     ( 7762):      3: void android.media.MediaPlayer.addTimedTextSource(java.io.FileDescriptor, java.lang.String)
E/art     ( 7762):      4: void android.media.MediaPlayer.addTimedTextSource(java.lang.String, java.lang.String)
E/art     ( 7762):      5: void android.media.MediaPlayer.attachAuxEffect(int)
E/art     ( 7762):      6: void android.media.MediaPlayer.deselectTrack(int)
E/art     ( 7762):      7: void android.media.MediaPlayer.finalize()
E/art     ( 7762):      8: int android.media.MediaPlayer.getAudioSessionId()
E/art     ( 7762):      9: int android.media.MediaPlayer.getCurrentPosition()
E/art     ( 7762):     10: int android.media.MediaPlayer.getDuration()
E/art     ( 7762):     11: android.media.MediaTimeProvider android.media.MediaPlayer.getMediaTimeProvider()
E/art     ( 7762):     12: android.media.Metadata android.media.MediaPlayer.getMetadata(boolean, boolean)
E/art     ( 7762):     13: int android.media.MediaPlayer.getSelectedTrack(int)
E/art     ( 7762):     14: android.media.MediaPlayer$TrackInfo[] android.media.MediaPlayer.getTrackInfo()
E/art     ( 7762):     15: int android.media.MediaPlayer.getVideoHeight()
E/art     ( 7762):     16: int android.media.MediaPlayer.getVideoWidth()
E/art     ( 7762):     17: void android.media.MediaPlayer.invoke(android.os.Parcel, android.os.Parcel)
E/art     ( 7762):     18: boolean android.media.MediaPlayer.isLooping()
E/art     ( 7762):     19: boolean android.media.MediaPlayer.isPlaying()
E/art     ( 7762):     20: android.os.Parcel android.media.MediaPlayer.newRequest()
E/art     ( 7762):     21: void android.media.MediaPlayer.onSubtitleTrackSelected(android.media.SubtitleTrack)
E/art     ( 7762):     22: void android.media.MediaPlayer.pause()
E/art     ( 7762):     23: void android.media.MediaPlayer.prepare()
E/art     ( 7762):     24: void android.media.MediaPlayer.prepareAsync()
E/art     ( 7762):     25: void android.media.MediaPlayer.release()
E/art     ( 7762):     26: void android.media.MediaPlayer.reset()
E/art     ( 7762):     27: boolean android.media.MediaPlayer.resume()
E/art     ( 7762):     28: void android.media.MediaPlayer.seekTo(int)
E/art     ( 7762):     29: void android.media.MediaPlayer.selectTrack(int)
E/art     ( 7762):     30: void android.media.MediaPlayer.setAudioAttributes(android.media.AudioAttributes)
E/art     ( 7762):     31: void android.media.MediaPlayer.setAudioSessionId(int)
E/art     ( 7762):     32: void android.media.MediaPlayer.setAudioStreamType(int)
E/art     ( 7762):     33: void android.media.MediaPlayer.setAuxEffectSendLevel(float)
E/art     ( 7762):     34: void android.media.MediaPlayer.setDataSource(android.content.Context, android.net.Uri)
E/art     ( 7762):     35: void android.media.MediaPlayer.setDataSource(android.content.Context, android.net.Uri, java.util.Map)
E/art     ( 7762):     36: void android.media.MediaPlayer.setDataSource(java.io.FileDescriptor)
E/art     ( 7762):     37: void android.media.MediaPlayer.setDataSource(java.io.FileDescriptor, long, long)
E/art     ( 7762):     38: void android.media.MediaPlayer.setDataSource(java.lang.String)
E/art     ( 7762):     39: void android.media.MediaPlayer.setDataSource(java.lang.String, java.util.Map)
E/art     ( 7762):     40: void android.media.MediaPlayer.setDisplay(android.view.SurfaceHolder)
E/art     ( 7762):     41: void android.media.MediaPlayer.setLooping(boolean)
E/art     ( 7762):     42: int android.media.MediaPlayer.setMetadataFilter(java.util.Set, java.util.Set)
E/art     ( 7762):     43: void android.media.MediaPlayer.setNextMediaPlayer(android.media.MediaPlayer)
E/art     ( 7762):     44: void android.media.MediaPlayer.setOnBufferingUpdateListener(android.media.MediaPlayer$OnBufferingUpdateListener)
E/art     ( 7762):     45: void android.media.MediaPlayer.setOnCompletionListener(android.media.MediaPlayer$OnCompletionListener)
E/art     ( 7762):     46: void android.media.MediaPlayer.setOnErrorListener(android.media.MediaPlayer$OnErrorListener)
E/art     ( 7762):     47: void android.media.MediaPlayer.setOnInfoListener(android.media.MediaPlayer$OnInfoListener)
E/art     ( 7762):     48: void android.media.MediaPlayer.setOnPreparedListener(android.media.MediaPlayer$OnPreparedListener)
E/art     ( 7762):     49: void android.media.MediaPlayer.setOnSeekCompleteListener(android.media.MediaPlayer$OnSeekCompleteListener)
E/art     ( 7762):     50: void android.media.MediaPlayer.setOnSubtitleDataListener(android.media.MediaPlayer$OnSubtitleDataListener)
E/art     ( 7762):     51: void android.media.MediaPlayer.setOnTimedTextListener(android.media.MediaPlayer$OnTimedTextListener)
E/art     ( 7762):     52: void android.media.MediaPlayer.setOnVideoSizeChangedListener(android.media.MediaPlayer$OnVideoSizeChangedListener)
E/art     ( 7762):     53: void android.media.MediaPlayer.setRetransmitEndpoint(java.net.InetSocketAddress)
E/art     ( 7762):     54: void android.media.MediaPlayer.setScreenOnWhilePlaying(boolean)
E/art     ( 7762):     55: void android.media.MediaPlayer.setSubtitleAnchor(android.media.SubtitleController, android.media.SubtitleController$Anchor)
E/art     ( 7762):     56: void android.media.MediaPlayer.setSurface(android.view.Surface)
E/art     ( 7762):     57: void android.media.MediaPlayer.setVideoScalingMode(int)
E/art     ( 7762):     58: void android.media.MediaPlayer.setVolume(float)
E/art     ( 7762):     59: void android.media.MediaPlayer.setVolume(float, float)
E/art     ( 7762):     60: void android.media.MediaPlayer.setWakeMode(android.content.Context, int)
E/art     ( 7762):     61: void android.media.MediaPlayer.start()
E/art     ( 7762):     62: void android.media.MediaPlayer.stop()
E/art     ( 7762):     63: boolean android.media.MediaPlayer.suspend()
E/art     ( 7762):   direct methods (61 entries):
E/art     ( 7762):      0: void android.media.MediaPlayer.<clinit>()
E/art     ( 7762):      1: void android.media.MediaPlayer.<init>()
E/art     ( 7762):      2: int android.media.MediaPlayer._getAudioStreamType()
E/art     ( 7762):      3: void android.media.MediaPlayer._pause()
E/art     ( 7762):      4: void android.media.MediaPlayer._prepare()
E/art     ( 7762):      5: void android.media.MediaPlayer._release()
E/art     ( 7762):      6: void android.media.MediaPlayer._reset()
E/art     ( 7762):      7: boolean android.media.MediaPlayer._resume()
E/art     ( 7762):      8: void android.media.MediaPlayer._setAudioStreamType(int)
E/art     ( 7762):      9: void android.media.MediaPlayer._setAuxEffectSendLevel(float)
E/art     ( 7762):     10: void android.media.MediaPlayer._setDataSource(java.io.FileDescriptor, long, long)
E/art     ( 7762):     11: void android.media.MediaPlayer._setVideoSurface(android.view.Surface)
E/art     ( 7762):     12: void android.media.MediaPlayer._setVolume(float, float)
E/art     ( 7762):     13: void android.media.MediaPlayer._start()
E/art     ( 7762):     14: void android.media.MediaPlayer._stop()
E/art     ( 7762):     15: boolean android.media.MediaPlayer._suspend()
E/art     ( 7762):     16: android.media.SubtitleTrack[] android.media.MediaPlayer.access$000(android.media.MediaPlayer)
E/art     ( 7762):     17: android.media.SubtitleController android.media.MediaPlayer.access$100(android.media.MediaPlayer)
E/art     ( 7762):     18: android.media.MediaPlayer$TimeProvider android.media.MediaPlayer.access$1000(android.media.MediaPlayer)
E/art     ( 7762):     19: android.media.MediaPlayer$OnBufferingUpdateListener android.media.MediaPlayer.access$1100(android.media.MediaPlayer)
E/art     ( 7762):     20: android.media.MediaPlayer$OnSeekCompleteListener android.media.MediaPlayer.access$1200(android.media.MediaPlayer)
E/art     ( 7762):     21: android.media.MediaPlayer$OnVideoSizeChangedListener android.media.MediaPlayer.access$1300(android.media.MediaPlayer)
E/art     ( 7762):     22: android.media.MediaPlayer$OnErrorListener android.media.MediaPlayer.access$1400(android.media.MediaPlayer)
E/art     ( 7762):     23: android.media.MediaPlayer$OnInfoListener android.media.MediaPlayer.access$1500(android.media.MediaPlayer)
E/art     ( 7762):     24: android.media.MediaPlayer$OnTimedTextListener android.media.MediaPlayer.access$1600(android.media.MediaPlayer)
E/art     ( 7762):     25: android.media.MediaPlayer$OnSubtitleDataListener android.media.MediaPlayer.access$1700(android.media.MediaPlayer)
E/art     ( 7762):     26: java.util.Vector android.media.MediaPlayer.access$200(android.media.MediaPlayer)
E/art     ( 7762):     27: java.util.Vector android.media.MediaPlayer.access$300(android.media.MediaPlayer)
E/art     ( 7762):     28: android.media.MediaPlayer$EventHandler android.media.MediaPlayer.access$400(android.media.MediaPlayer)
E/art     ( 7762):     29: long android.media.MediaPlayer.access$500(android.media.MediaPlayer)
E/art     ( 7762):     30: void android.media.MediaPlayer.access$600(android.media.MediaPlayer)
E/art     ( 7762):     31: android.media.MediaPlayer$OnPreparedListener android.media.MediaPlayer.access$700(android.media.MediaPlayer)
E/art     ( 7762):     32: android.media.MediaPlayer$OnCompletionListener android.media.MediaPlayer.access$800(android.media.MediaPlayer)
E/art     ( 7762):     33: void android.media.MediaPlayer.access$900(android.media.MediaPlayer, boolean)
E/art     ( 7762):     34: boolean android.media.MediaPlayer.availableMimeTypeForExternalSource(java.lang.String)
E/art     ( 7762):     35: android.media.MediaPlayer android.media.MediaPlayer.create(android.content.Context, int)
E/art     ( 7762):     36: android.media.MediaPlayer android.media.MediaPlayer.create(android.content.Context, int, android.media.AudioAttributes, int)
E/art     ( 7762):     37: android.media.MediaPlayer android.media.MediaPlayer.create(android.content.Context, android.net.Uri)
E/art     ( 7762):     38: android.media.MediaPlayer android.media.MediaPlayer.create(android.content.Context, android.net.Uri, android.view.SurfaceHolder)
E/art     ( 7762):     39: android.media.MediaPlayer android.media.MediaPlayer.create(android.content.Context, android.net.Uri, android.view.SurfaceHolder, android.media.AudioAttributes, int)
E/art     ( 7762):     40: int android.media.MediaPlayer.getAudioStreamType()
E/art     ( 7762):     41: android.media.MediaPlayer$TrackInfo[] android.media.MediaPlayer.getInbandTrackInfo()
E/art     ( 7762):     42: boolean android.media.MediaPlayer.isRestricted()
E/art     ( 7762):     43: boolean android.media.MediaPlayer.isVideoScalingModeSupported(int)
E/art     ( 7762):     44: void android.media.MediaPlayer.nativeSetDataSource(android.os.IBinder, java.lang.String, java.lang.String[], java.lang.String[])
E/art     ( 7762):     45: void android.media.MediaPlayer.native_finalize()
E/art     ( 7762):     46: boolean android.media.MediaPlayer.native_getMetadata(boolean, boolean, android.os.Parcel)
E/art     ( 7762):     47: void android.media.MediaPlayer.native_init()
E/art     ( 7762):     48: int android.media.MediaPlayer.native_invoke(android.os.Parcel, android.os.Parcel)
E/art     ( 7762):     49: int android.media.MediaPlayer.native_pullBatteryData(android.os.Parcel)
E/art     ( 7762):     50: int android.media.MediaPlayer.native_setMetadataFilter(android.os.Parcel)
E/art     ( 7762):     51: int android.media.MediaPlayer.native_setRetransmitEndpoint(java.lang.String, int)
E/art     ( 7762):     52: void android.media.MediaPlayer.native_setup(java.lang.Object)
E/art     ( 7762):     53: void android.media.MediaPlayer.postEventFromNative(java.lang.Object, int, int, int, java.lang.Object)
E/art     ( 7762):     54: void android.media.MediaPlayer.scanInternalSubtitleTracks()
E/art     ( 7762):     55: void android.media.MediaPlayer.selectOrDeselectInbandTrack(int, boolean)
E/art     ( 7762):     56: void android.media.MediaPlayer.selectOrDeselectTrack(int, boolean)
E/art     ( 7762):     57: void android.media.MediaPlayer.setDataSource(java.lang.String, java.lang.String[], java.lang.String[])
E/art     ( 7762):     58: boolean android.media.MediaPlayer.setParameter(int, android.os.Parcel)
E/art     ( 7762):     59: void android.media.MediaPlayer.stayAwake(boolean)
E/art     ( 7762):     60: void android.media.MediaPlayer.updateSurfaceScreenOn()
E/art     ( 7762):   static fields (53 entries):
E/art     ( 7762):      0: java.lang.String android.media.MediaPlayer.IMEDIA_PLAYER
E/art     ( 7762):      1: java.lang.String android.media.MediaPlayer.MEDIA_MIMETYPE_TEXT_CEA_608
E/art     ( 7762):      2: java.lang.String android.media.MediaPlayer.MEDIA_MIMETYPE_TEXT_SUBRIP
E/art     ( 7762):      3: java.lang.String android.media.MediaPlayer.MEDIA_MIMETYPE_TEXT_VTT
E/art     ( 7762):      4: java.lang.String android.media.MediaPlayer.TAG
E/art     ( 7762):      5: boolean android.media.MediaPlayer.APPLY_METADATA_FILTER
E/art     ( 7762):      6: boolean android.media.MediaPlayer.BYPASS_METADATA_FILTER
E/art     ( 7762):      7: int android.media.MediaPlayer.INVOKE_ID_ADD_EXTERNAL_SOURCE
E/art     ( 7762):      8: int android.media.MediaPlayer.INVOKE_ID_ADD_EXTERNAL_SOURCE_FD
E/art     ( 7762):      9: int android.media.MediaPlayer.INVOKE_ID_DESELECT_TRACK
E/art     ( 7762):     10: int android.media.MediaPlayer.INVOKE_ID_GET_SELECTED_TRACK
E/art     ( 7762):     11: int android.media.MediaPlayer.INVOKE_ID_GET_TRACK_INFO
E/art     ( 7762):     12: int android.media.MediaPlayer.INVOKE_ID_SELECT_TRACK
E/art     ( 7762):     13: int android.media.MediaPlayer.INVOKE_ID_SET_VIDEO_SCALE_MODE
E/art     ( 7762):     14: int android.media.MediaPlayer.KEY_PARAMETER_AUDIO_ATTRIBUTES
E/art     ( 7762):     15: int android.media.MediaPlayer.MEDIA_BUFFERING_UPDATE
E/art     ( 7762):     16: int android.media.MediaPlayer.MEDIA_ERROR
E/art     ( 7762):     17: int android.media.MediaPlayer.MEDIA_ERROR_IO
E/art     ( 7762):     18: int android.media.MediaPlayer.MEDIA_ERROR_MALFORMED
E/art     ( 7762):     19: int android.media.MediaPlayer.MEDIA_ERROR_NOT_VALID_FOR_PROGRESSIVE_PLAYBACK
E/art     ( 7762):     20: int android.media.MediaPlayer.MEDIA_ERROR_SERVER_DIED
E/art     ( 7762):     21: int android.media.MediaPlayer.MEDIA_ERROR_TIMED_OUT
E/art     ( 7762):     22: int android.media.MediaPlayer.MEDIA_ERROR_UNKNOWN
E/art     ( 7762):     23: int android.media.MediaPlayer.MEDIA_ERROR_UNSUPPORTED
E/art     ( 7762):     24: int android.media.MediaPlayer.MEDIA_INFO
E/art     ( 7762):     25: int android.media.MediaPlayer.MEDIA_INFO_BAD_INTERLEAVING
E/art     ( 7762):     26: int android.media.MediaPlayer.MEDIA_INFO_BUFFERING_END
E/art     ( 7762):     27: int android.media.MediaPlayer.MEDIA_INFO_BUFFERING_START
E/art     ( 7762):     28: int android.media.MediaPlayer.MEDIA_INFO_EXTERNAL_METADATA_UPDATE
E/art     ( 7762):     29: int android.media.MediaPlayer.MEDIA_INFO_METADATA_UPDATE
E/art     ( 7762):     30: int android.media.MediaPlayer.MEDIA_INFO_NOT_SEEKABLE
E/art     ( 7762):     31: int android.media.MediaPlayer.MEDIA_INFO_STARTED_AS_NEXT
E/art     ( 7762):     32: int android.media.MediaPlayer.MEDIA_INFO_SUBTITLE_TIMED_OUT
E/art     ( 7762):     33: int android.media.MediaPlayer.MEDIA_INFO_TIMED_TEXT_ERROR
E/art     ( 7762):     34: int android.media.MediaPlayer.MEDIA_INFO_UNKNOWN
E/art     ( 7762):     35: int android.media.MediaPlayer.MEDIA_INFO_UNSUPPORTED_SUBTITLE
E/art     ( 7762):     36: int android.media.MediaPlayer.MEDIA_INFO_VIDEO_RENDERING_START
E/art     ( 7762):     37: int android.media.MediaPlayer.MEDIA_INFO_VIDEO_TRACK_LAGGING
E/art     ( 7762):     38: int android.media.MediaPlayer.MEDIA_NOP
E/art     ( 7762):     39: int android.media.MediaPlayer.MEDIA_PAUSED
E/art     ( 7762):     40: int android.media.MediaPlayer.MEDIA_PLAYBACK_COMPLETE
E/art     ( 7762):     41: int android.media.MediaPlayer.MEDIA_PREPARED
E/art     ( 7762):     42: int android.media.MediaPlayer.MEDIA_SEEK_COMPLETE
E/art     ( 7762):     43: int android.media.MediaPlayer.MEDIA_SET_VIDEO_SIZE
E/art     ( 7762):     44: int android.media.MediaPlayer.MEDIA_SKIPPED
E/art     ( 7762):     45: int android.media.MediaPlayer.MEDIA_STARTED
E/art     ( 7762):     46: int android.media.MediaPlayer.MEDIA_STOPPED
E/art     ( 7762):     47: int android.media.MediaPlayer.MEDIA_SUBTITLE_DATA
E/art     ( 7762):     48: int android.media.MediaPlayer.MEDIA_TIMED_TEXT
E/art     ( 7762):     49: boolean android.media.MediaPlayer.METADATA_ALL
E/art     ( 7762):     50: boolean android.media.MediaPlayer.METADATA_UPDATE_ONLY
E/art     ( 7762):     51: int android.media.MediaPlayer.VIDEO_SCALING_MODE_SCALE_TO_FIT
E/art     ( 7762):     52: int android.media.MediaPlayer.VIDEO_SCALING_MODE_SCALE_TO_FIT_WITH_CROPPING
E/art     ( 7762):   instance fields (28 entries):
E/art     ( 7762):      0: com.android.internal.app.IAppOpsService android.media.MediaPlayer.mAppOps
E/art     ( 7762):      1: android.media.MediaPlayer$EventHandler android.media.MediaPlayer.mEventHandler
E/art     ( 7762):      2: java.lang.Object android.media.MediaPlayer.mInbandSubtitleLock
E/art     ( 7762):      3: android.media.SubtitleTrack[] android.media.MediaPlayer.mInbandSubtitleTracks
E/art     ( 7762):      4: android.media.MediaPlayer$OnBufferingUpdateListener android.media.MediaPlayer.mOnBufferingUpdateListener
E/art     ( 7762):      5: android.media.MediaPlayer$OnCompletionListener android.media.MediaPlayer.mOnCompletionListener
E/art     ( 7762):      6: android.media.MediaPlayer$OnErrorListener android.media.MediaPlayer.mOnErrorListener
E/art     ( 7762):      7: android.media.MediaPlayer$OnInfoListener android.media.MediaPlayer.mOnInfoListener
E/art     ( 7762):      8: android.media.MediaPlayer$OnPreparedListener android.media.MediaPlayer.mOnPreparedListener
E/art     ( 7762):      9: android.media.MediaPlayer$OnSeekCompleteListener android.media.MediaPlayer.mOnSeekCompleteListener
E/art     ( 7762):     10: android.media.MediaPlayer$OnSubtitleDataListener android.media.MediaPlayer.mOnSubtitleDataListener
E/art     ( 7762):     11: android.media.MediaPlayer$OnTimedTextListener android.media.MediaPlayer.mOnTimedTextListener
E/art     ( 7762):     12: android.media.MediaPlayer$OnVideoSizeChangedListener android.media.MediaPlayer.mOnVideoSizeChangedListener
E/art     ( 7762):     13: java.util.Vector android.media.MediaPlayer.mOpenSubtitleSources
E/art     ( 7762):     14: java.util.Vector android.media.MediaPlayer.mOutOfBandSubtitleTracks
E/art     ( 7762):     15: android.media.SubtitleController android.media.MediaPlayer.mSubtitleController
E/art     ( 7762):     16: android.media.MediaPlayer$OnSubtitleDataListener android.media.MediaPlayer.mSubtitleDataListener
E/art     ( 7762):     17: android.view.SurfaceHolder android.media.MediaPlayer.mSurfaceHolder
E/art     ( 7762):     18: android.media.MediaPlayer$TimeProvider android.media.MediaPlayer.mTimeProvider
E/art     ( 7762):     19: android.os.PowerManager$WakeLock android.media.MediaPlayer.mWakeLock
E/art     ( 7762):     20: long android.media.MediaPlayer.mNativeContext
E/art     ( 7762):     21: long android.media.MediaPlayer.mNativeSurfaceTexture
E/art     ( 7762):     22: int android.media.MediaPlayer.mListenerContext
E/art     ( 7762):     23: boolean android.media.MediaPlayer.mScreenOnWhilePlaying
E/art     ( 7762):     24: int android.media.MediaPlayer.mSelectedSubtitleTrackIndex
E/art     ( 7762):     25: boolean android.media.MediaPlayer.mStayAwake
E/art     ( 7762):     26: int android.media.MediaPlayer.mStreamType
E/art     ( 7762):     27: int android.media.MediaPlayer.mUsage
E/art     ( 7762): Failed to register native method android.media.MediaPlayer.getParameter(ILandroid/os/Parcel;)V in /system/framework/framework.jar
F/art     ( 7762): art/runtime/jni_internal.cc:771] JNI FatalError called: RegisterNatives failed for 'android/media/MediaPlayer'; aborting...
F/art     ( 7762): art/runtime/runtime.cc:284] Runtime aborting...
F/art     ( 7762): art/runtime/runtime.cc:284] Aborting thread:
F/art     ( 7762): art/runtime/runtime.cc:284] "main" prio=5 tid=1 Native
F/art     ( 7762): art/runtime/runtime.cc:284]   | group="" sCount=0 dsCount=0 obj=0x12f06500 self=0xb5007800
F/art     ( 7762): art/runtime/runtime.cc:284]   | sysTid=7762 nice=0 cgrp=default sched=0/0 handle=0xb6f23ec8
F/art     ( 7762): art/runtime/runtime.cc:284]   | state=R schedstat=( 3138062756 27374833 297 ) utm=272 stm=41 core=7 HZ=100
F/art     ( 7762): art/runtime/runtime.cc:284]   | stack=0xbe07a000-0xbe07c000 stackSize=8MB
F/art     ( 7762): art/runtime/runtime.cc:284]   | held mutexes= "abort lock" "mutator lock"(shared held)
F/art     ( 7762): art/runtime/runtime.cc:284]   native: #00 pc 000045b4  /system/lib/libbacktrace_libc++.so (UnwindCurrent::Unwind(unsigned int, ucontext*)+23)
F/art     ( 7762): art/runtime/runtime.cc:284]   native: #01 pc 00002e1d  /system/lib/libbacktrace_libc++.so (Backtrace::Unwind(unsigned int, ucontext*)+8)
F/art     ( 7762): art/runtime/runtime.cc:284]   native: #02 pc 002516d5  /system/lib/libart.so (art::DumpNativeStack(std::__1::basic_ostream<char, std::__1::char_traits<char> >&, int, char const*, art::mirror::ArtMethod*)+84)
F/art     ( 7762): art/runtime/runtime.cc:284]   native: #03 pc 00235453  /system/lib/libart.so (art::Thread::Dump(std::__1::basic_ostream<char, std::__1::char_traits<char> >&) const+162)
F/art     ( 7762): art/runtime/runtime.cc:284]   native: #04 pc 00225111  /system/lib/libart.so (art::AbortState::DumpThread(std::__1::basic_ostream<char, std::__1::char_traits<char> >&, art::Thread*)+32)
F/art     ( 7762): art/runtime/runtime.cc:284]   native: #05 pc 002253b3  /system/lib/libart.so (art::AbortState::Dump(std::__1::basic_ostream<char, std::__1::char_traits<char> >&)+410)
F/art     ( 7762): art/runtime/runtime.cc:284]   native: #06 pc 00225573  /system/lib/libart.so (art::Runtime::Abort()+82)
F/art     ( 7762): art/runtime/runtime.cc:284]   native: #07 pc 000a6819  /system/lib/libart.so (art::LogMessage::~LogMessage()+1360)
F/art     ( 7762): art/runtime/runtime.cc:284]   native: #08 pc 001bc0df  /system/lib/libart.so (art::JNI::FatalError(_JNIEnv*, char const*)+66)
F/art     ( 7762): art/runtime/runtime.cc:284]   native: #09 pc 00001f77  /system/lib/libnativehelper.so (jniRegisterNativeMethods+98)
F/art     ( 7762): art/runtime/runtime.cc:284]   native: #10 pc 0001e007  /system/lib/libmedia_jni.so (JNI_OnLoad+66)
F/art     ( 7762): art/runtime/runtime.cc:284]   native: #11 pc 001dcb89  /system/lib/libart.so (art::JavaVMExt::LoadNativeLibrary(std::__1::basic_string<char, std::__1::char_traits<char>, std::__1::allocator<char> > const&, art::Handle<art::mirror::ClassLoader>, std::__1::basic_string<char, std::__1::char_traits<char>, std::__1::allocator<char> >*)+1512)
F/art     ( 7762): art/runtime/runtime.cc:284]   native: #12 pc 00203d27  /system/lib/libart.so (art::Runtime_nativeLoad(_JNIEnv*, _jclass*, _jstring*, _jobject*, _jstring*)+534)
F/art     ( 7762): art/runtime/runtime.cc:284]   native: #13 pc 000a23b1  /system/lib/libart.so (art_quick_generic_jni_trampoline+32)
F/art     ( 7762): art/runtime/runtime.cc:284]   native: #14 pc 00073af4  /dev/ashmem/dalvik-non moving space (deleted) (???)
F/art     ( 7762): art/runtime/runtime.cc:284]   at java.lang.Runtime.nativeLoad(Native method)
F/art     ( 7762): art/runtime/runtime.cc:284]   at java.lang.Runtime.doLoad(Runtime.java:428)
F/art     ( 7762): art/runtime/runtime.cc:284]   - locked <0x26ebd7bc> (a java.lang.Runtime)
F/art     ( 7762): art/runtime/runtime.cc:284]   at java.lang.Runtime.loadLibrary(Runtime.java:384)
F/art     ( 7762): art/runtime/runtime.cc:284]   at java.lang.System.loadLibrary(System.java:989)
F/art     ( 7762): art/runtime/runtime.cc:284]   at android.media.AmrInputStream.<clinit>(AmrInputStream.java:30)
F/art     ( 7762): art/runtime/runtime.cc:284]   at java.lang.Class.classForName!(Native method)
F/art     ( 7762): art/runtime/runtime.cc:284]   at java.lang.Class.forName(Class.java:308)
F/art     ( 7762): art/runtime/runtime.cc:284]   at java.lang.Class.forName(Class.java:272)
F/art     ( 7762): art/runtime/runtime.cc:284]   at com.android.internal.os.ZygoteInit.preloadClasses(ZygoteInit.java:326)
F/art     ( 7762): art/runtime/runtime.cc:284]   at com.android.internal.os.ZygoteInit.preload(ZygoteInit.java:254)
F/art     ( 7762): art/runtime/runtime.cc:284]   at com.android.internal.os.ZygoteInit.main(ZygoteInit.java:670)
F/art     ( 7762): art/runtime/runtime.cc:284] Pending exception java.lang.NoSuchMethodError thrown by 'java.lang.String java.lang.Runtime.nativeLoad(java.lang.String, java.lang.ClassLoader, java.lang.String):-2'
F/art     ( 7762): art/runtime/runtime.cc:284] java.lang.NoSuchMethodError: no static or non-static method "Landroid/media/MediaPlayer;.getParameter(ILandroid/os/Parcel;)V"
F/art     ( 7762): art/runtime/runtime.cc:284]   at java.lang.String java.lang.Runtime.nativeLoad(java.lang.String, java.lang.ClassLoader, java.lang.String) (Runtime.java:-2)
F/art     ( 7762): art/runtime/runtime.cc:284]   at java.lang.String java.lang.Runtime.doLoad(java.lang.String, java.lang.ClassLoader) (Runtime.java:428)
F/art     ( 7762): art/runtime/runtime.cc:284]   at void java.lang.Runtime.loadLibrary(java.lang.String, java.lang.ClassLoader) (Runtime.java:384)
F/art     ( 7762): art/runtime/runtime.cc:284]   at void java.lang.System.loadLibrary(java.lang.String) (System.java:989)
F/art     ( 7762): art/runtime/runtime.cc:284]   at void android.media.AmrInputStream.<clinit>() (AmrInputStream.java:30)
F/art     ( 7762): art/runtime/runtime.cc:284]   at java.lang.Class java.lang.Class.classForName!(java.lang.String, boolean, java.lang.ClassLoader) (Class.java:-2)
F/art     ( 7762): art/runtime/runtime.cc:284]   at java.lang.Class java.lang.Class.forName(java.lang.String, boolean, java.lang.ClassLoader) (Class.java:308)
F/art     ( 7762): art/runtime/runtime.cc:284]   at java.lang.Class java.lang.Class.forName(java.lang.String) (Class.java:272)
F/art     ( 7762): art/runtime/runtime.cc:284]   at void com.android.internal.os.ZygoteInit.preloadClasses() (ZygoteInit.java:326)
F/art     ( 7762): art/runtime/runtime.cc:284]   at void com.android.internal.os.ZygoteInit.preload() (ZygoteInit.java:254)
F/art     ( 7762): art/runtime/runtime.cc:284]   at void com.android.internal.os.ZygoteInit.main(java.lang.String[]) (ZygoteInit.java:670)
F/art     ( 7762): art/runtime/runtime.cc:284] Dumping all threads without appropriate locks held: thread list lock mutator lock
F/art     ( 7762): art/runtime/runtime.cc:284] All threads:
F/art     ( 7762): art/runtime/runtime.cc:284] DALVIK THREADS (6):
F/art     ( 7762): art/runtime/runtime.cc:284] "main" prio=5 tid=1 Native
F/art     ( 7762): art/runtime/runtime.cc:284]   | group="" sCount=0 dsCount=0 obj=0x12f06500 self=0xb5007800
F/art     ( 7762): art/runtime/runtime.cc:284]   | sysTid=7762 nice=0 cgrp=default sched=0/0 handle=0xb6f23ec8
F/art     ( 7762): art/runtime/runtime.cc:284]   | state=R schedstat=( 3149761423 27430208 301 ) utm=273 stm=41 core=7 HZ=100
F/art     ( 7762): art/runtime/runtime.cc:284]   | stack=0xbe07a000-0xbe07c000 stackSize=8MB
F/art     ( 7762): art/runtime/runtime.cc:284]   | held mutexes= "abort lock"
F/art     ( 7762): art/runtime/runtime.cc:284]   native: #00 pc 000045b4  /system/lib/libbacktrace_libc++.so (UnwindCurrent::Unwind(unsigned int, ucontext*)+23)
F/art     ( 7762): art/runtime/runtime.cc:284]   native: #01 pc 00002e1d  /system/lib/libbacktrace_libc++.so (Backtrace::Unwind(unsigned int, ucontext*)+8)
F/art     ( 7762): art/runtime/runtime.cc:284]   native: #02 pc 002516d5  /system/lib/libart.so (art::DumpNativeStack(std::__1::basic_ostream<char, std::__1::char_traits<char> >&, int, char const*, art::mirror::ArtMethod*)+84)
F/art     ( 7762): art/runtime/runtime.cc:284]   native: #03 pc 00235453  /system/lib/libart.so (art::Thread::Dump(std::__1::basic_ostream<char, std::__1::char_traits<char> >&) const+162)
