--------- beginning of main
I/OggExtractor( 3624): OggSource::~OggSource() mExtractor !mStarted ref count = 1
I/OggExtractor( 3624): ~OggSource --
I/OggExtractor( 3624): ~OggExtractor ++
I/OggExtractor( 3624): ~MyVorbisExtractor ++ 
I/OggExtractor( 3624): ~MyVorbisExtractor --
I/OggExtractor( 3624): ~OggExtractor --
I/AudioPlayer( 3624): reset out
V/AwesomePlayer( 3624): reset_l() mAudioPlayer successfully deleted
I/SecVideoCapture( 3624): SecVideoCapture destructor
I/SecVideoCapture( 3624): reset
V/AwesomePlayer( 3624): mSecCapture clear
I/SecMediaClock( 3624): SecMediaClock destructor
V/AwesomePlayer( 3624): mSecMediaClock clear
V/StagefrightPlayer( 3624): ~StagefrightPlayer
V/StagefrightPlayer( 3624): reset
V/AwesomePlayer( 3624): reset_l()
V/AwesomePlayer( 3624): notifyListner_l() msg (8-MEDIA_STOPPED), ext1 (0), ext2 (0)
V/AwesomePlayer( 3624): cancelPlayerEvents (keepNotifications=0)
V/AwesomePlayer( 3624): mAudioTrackVector clear
V/AwesomePlayer( 3624): reset_l() mAudioPlayer successfully deleted
V/AwesomePlayer( 3624): mSecCapture clear
V/AwesomePlayer( 3624): mSecMediaClock clear
V/AwesomePlayer( 3624): destructor
V/AwesomePlayer( 3624): reset_l()
V/AwesomePlayer( 3624): notifyListner_l() msg (8-MEDIA_STOPPED), ext1 (0), ext2 (0)
V/AwesomePlayer( 3624): cancelPlayerEvents (keepNotifications=0)
V/AwesomePlayer( 3624): mAudioTrackVector clear
V/AwesomePlayer( 3624): reset_l() mAudioPlayer successfully deleted
V/AwesomePlayer( 3624): mSecCapture clear
V/AwesomePlayer( 3624): mSecMediaClock clear
D/comsamsungapp( 4665): [MSC_Daemon]>>> CCP:226 [0:0] CmaWeather Provider Created
D/comsamsungapp( 4665): [MSC_Daemon]>>> AOH:46 [0:0] OpenHelper : 67
E/Zygote  ( 4711): MountEmulatedStorage()
E/Zygote  ( 4711): v2
I/SELinux ( 4711): Function: selinux_compare_spd_ram, SPD-policy is existed. and_ver=SEPF_SM-G900H_5.0 ver=13
I/SELinux ( 4711): Function: selinux_compare_spd_ram , priority [1] , priority version is VE=SEPF_SM-G900H_5.0_0013
E/SELinux ( 4711): [DEBUG] get_category: variable seinfo: platform sensitivity: NULL, cateogry: NULL
D/TMNetworkReceiver( 4638): TMNetworkReceiver.onReceive() Exit 
D/comsamsungapp( 4665): [MSC_Daemon]>>> WNCP:216 [0:0] WeatherNewsJP Provider Created
D/comsamsungapp( 4665): [MSC_Daemon]>>> AOH:46 [0:0] OpenHelper : 67
D/TMSLogRemovalReceiver( 4638): TMLogRemovalReceiver.onReceive() Enter isCalled =false
D/TMSLogRemovalReceiver( 4638): TMLogRemovalReceiver.onReceive() action android.hardware.usb.action.USB_STATE
D/TMSLogRemovalReceiver( 4638): TMLogRemovalReceiver.onReceive() Exit
D/NtpTrustedTime( 4320): forceRefresh() from cache miss
D/comsamsungapp( 4665): [MSC_Daemon]>>> KWCP:221 [0:0] KWeather Provider Created
D/comsamsungapp( 4665): [MSC_Daemon]>>> AOH:46 [0:0] OpenHelper : 67
D/ResourcesManager( 4688): creating new AssetManager and set to /system/priv-app/Velvet/Velvet.apk
D/ResourcesManager( 4320): creating new AssetManager and set to /system/app/SamsungIME/SamsungIME.apk
D/NtpTrustedTime( 4320): forceRefresh Fail.
D/NetworkStatsFactory( 4320): UpdateStatsForKnox
D/comsamsungapp( 4665): [MSC_Daemon]>>> WCP:1122 [0:0] Provider Created
D/comsamsungapp( 4665): [MSC_Daemon]>>> AOH:46 [0:0] OpenHelper : 67
D/TimaKeyStoreProvider( 4711): TimaSignature is unavailable
D/ActivityThread( 4711): Added TimaKeyStore provider
D/NtpTrustedTime( 4320): forceRefresh() from cache miss
D/NtpTrustedTime( 4320): forceRefresh Fail.
D/Tethering( 4320): Boot not complete yet.
D/comsamsungapp( 4665): [MSC_Daemon]>>> WCP:1142 [0:0] Provider query : content://daemonappapaccuweatherprovider/settings
D/Tethering( 4320): sendTetherStateChangedBroadcast 1, 0, 0
D/ResourcesManager( 4711): creating new AssetManager and set to /system/priv-app/SystemUI/SystemUI.apk
D/NtpTrustedTime( 4320): forceRefresh() from cache miss
D/NtpTrustedTime( 4320): forceRefresh Fail.
D/comsamsungapp( 4665): [MSC_Daemon]>>> WU:262 [0:0] regintype : LA
D/comsamsungapp( 4665): [MSC_Daemon]>>> WU:318 [0:0] cp type is : cp_eng
D/LocationManagerService( 4320): systemReady()
D/NetworkStatsFactory( 4320): UpdateStatsForKnox
D/NtpTrustedTime( 4320): forceRefresh() from cache miss
D/NtpTrustedTime( 4320): forceRefresh Fail.
E/libgps  ( 4320): proxy__gps_get_extension: Unsupported GpsInterface extension: "gps_measurement"
E/libgps  ( 4320): Interface "gps_measurement" is not supported
E/libgps  ( 4320): proxy__gps_get_extension: Unsupported GpsInterface extension: "gps_navigation_message"
E/libgps  ( 4320): Interface "gps_navigation_message" is not supported
E/libgps  ( 4320): proxy__gps_get_extension: Unsupported GpsInterface extension: "gnss_configuration"
E/libgps  ( 4320): Interface "gnss_configuration" is not supported
D/comsamsungapp( 4665): [MSC_Daemon]>>> WU:262 [0:0] regintype : LA
D/comsamsungapp( 4665): [MSC_Daemon]>>> WU:318 [0:0] cp type is : cp_eng
D/comsamsungapp( 4665): [MSC_Daemon]>>> WCP:1142 [0:0] Provider query : content://daemonappapaccuweatherprovider/settings
D/comsamsungapp( 4665): [MSC_Daemon]>>> WCP:1142 [0:0] Provider query : content://daemonappapaccuweatherprovider/weatherinfo
I/wpa_supplicant( 4466): wlan0: Setting scan request: 0 sec 100000 usec
D/GpsLocationProvider( 4320): Reset GPS properties, previous size = 0
D/GpsLocationProvider( 4320): GpsParamsResource: SUPL_HOST=supl.google.com
D/GpsLocationProvider( 4320): GpsParamsResource: SUPL_PORT=7275
D/GpsLocationProvider( 4320): GpsParamsResource: NTP_SERVER=north-america.pool.ntp.org
D/GpsLocationProvider( 4320): GpsParamsResource: SUPL_VER=0x20000
D/GpsLocationProvider( 4320): GpsParamsResource: SUPL_MODE=1
D/AdaptiveEventManager( 4511): getCheckCurrent: result = 0
D/GpsLocationProvider( 4320): GPS properties reloaded, size = 7
D/GpsLocationProvider( 4320): final config = #Mon Jul 13 04:25:55 GMT-03:00 2015
D/GpsLocationProvider( 4320): XTRA_SERVER_2=http\://gllto2.glpals.com/4day/v4/latest/lto2.dat
D/GpsLocationProvider( 4320): SUPL_VER=0x20000
D/GpsLocationProvider( 4320): SUPL_HOST=supl.google.com
D/GpsLocationProvider( 4320): NTP_SERVER=north-america.pool.ntp.org
D/GpsLocationProvider( 4320): XTRA_SERVER_1=http\://gllto1.glpals.com/4day/v4/latest/lto2.dat
D/GpsLocationProvider( 4320): SUPL_PORT=7275
D/GpsLocationProvider( 4320): SUPL_MODE=1
D/AdaptiveEventContainerSmall( 4511): C updatePedoContainer()
D/comsamsungapp( 4665): [MSC_Daemon]>>> WDSM:41 [0:0] Act : widgetappapaccuweatherdaemonactionCHANGE_ICON_OF_DAEMON, run:false
E/CellGeofenceProvider( 4320): CELL_GEOFENCE: JNI com_samsung_location_CellGeofenceProvider_class_init_native : -2
D/LocationManagerService( 4320): certificates for location providers pulled from: [com.google.android.gms, com.android.location.fused]
D/LocationManagerService( 4320): Found fallback provider: com.android.location.fused
D/comsamsunglog( 4665): [MSC_Daemon]>>> ====================================================================================================================
D/comsamsunglog( 4665): [MSC_Daemon]>>> daemonapp [Version : 15010801 ] [ 2 ] 
D/comsamsunglog( 4665): [MSC_Daemon]>>> Header set to : ===> "daemonapp" <===
D/comsamsunglog( 4665): [MSC_Daemon]>>> ====================================================================================================================
D/daemonapp( 4665): [MSC_Daemon]>>> WDSM:45 [0:0] WeatherClockService start : 
D/daemonapp( 4665): [MSC_Daemon]>>> WDSM:82 [0:0] c:10001, r:3
D/daemonapp( 4665): [MSC_Daemon]>>> WDSM:433 [0:0] ====ACTION_SEC_CHANGE_ICON_OF_DAEMON===
D/daemonapp( 4665): [MSC_Daemon]>>> WU:1273 [0:0] cDayONight() ::: sunrise is null 
D/daemonapp( 4665): [MSC_Daemon]>>> WU:1293 [0:0] cDayONight() ::: sunset is null 
D/daemonapp( 4665): [MSC_Daemon]>>> WDSM:437 [0:0] checkDay:false, UtilgetIsDay():false
D/daemonapp( 4665): [MSC_Daemon]>>> WCS:39 [0:0] onStartcommand()
E/libflp  ( 4320): flp_proxy_get_extension: Unsupported FlpInterface extension: "flp_diagnostic"
E/libflp  ( 4320): Interface "flp_diagnostic" is not supported
E/libflp  ( 4320): flp_proxy_get_extension: Unsupported FlpInterface extension: "flp_device_context"
E/libflp  ( 4320): Interface "flp_device_context" is not supported
D/daemonapp( 4665): [MSC_Daemon]>>> WU:262 [0:0] regintype : LA
D/daemonapp( 4665): [MSC_Daemon]>>> WU:318 [0:0] cp type is : cp_eng
D/daemonapp( 4665): [MSC_Daemon]>>> WCS:62 [0:0] CP Name cp_eng
D/daemonapp( 4665): [MSC_Daemon]>>> WCP:1142 [0:0] Provider query : content://apaccuweatherprovider/weatherinfo
E/ActivityRecognitionHardware( 4320): Error hw_get_module: -2
E/LocationManagerService( 4320): sLocation is not null
D/LocationManagerService( 4320): request 42c3791 passive Request[POWER_NONE passive fastest=0] from android(1000)
D/LocationManagerService( 4320): provider request: passive ProviderRequest[ON interval=0]
D/LocationManagerService( 4320): request 34e2ed64 passive Request[POWER_NONE passive fastest=0] from android(1000)
D/LocationManagerService( 4320): provider request: passive ProviderRequest[ON interval=0]
E/LocationManagerService( 4320): FlpHardware is not supported
D/SLocation( 4320): setGpsGeofenceHardware
D/daemonapp( 4665): [MSC_Daemon]>>> WU:262 [0:0] regintype : LA
D/gpsd    ( 3644): WakeLock(Acquire,GPSD)
D/StatusBar-QSPanel( 4511): Button Number from DB :  = 10
V/FlpHardwareProvider( 4320): Callback thread attached: 0xab75d350
D/daemonapp( 4665): [MSC_Daemon]>>> WU:318 [0:0] cp type is : cp_eng
D/gpsd    ( 3644): WakeLock(Release,GPSD)
D/gpsd    ( 3644): WakeLock(Acquire,GPSD)
D/gpsd    ( 3644): WakeLock(Release,GPSD)
D/ResourcesManager( 4320): creating new AssetManager and set to /system/app/SLocation/SLocation.apk
D/daemonapp( 4665): [MSC_Daemon]>>> WCS:74 [0:0] WeatherIconNumConverter : GMT-3, 07:32 AM, 06:02 PM
D/StatusBar-QSPanel( 4511): updateButtonInfo mButtonWidth : 206 mColumns:5 orien: 1 displayWidth:1032
D/AnimatedBrightnessIconView( 4511): init
D/AnimatedBrightnessIconView( 4511): setIcon
D/AnimatedBrightnessIconView( 4511): setValue : 50
D/AnimatedBrightnessIconView( 4511): init
D/AnimatedBrightnessIconView( 4511): setIcon
D/AnimatedBrightnessIconView( 4511): setValue : 50
D/NtpTrustedTime( 4320): forceRefresh() from cache miss
D/NtpTrustedTime( 4320): forceRefresh Fail.
I/wpa_supplicant( 4466): wlan0: State: DISCONNECTED -> DISCONNECTED
I/CommonTimeManagementService( 4320): No common time service detected on this platform.  Common time services will be unavailable.
D/daemonapp( 4665): [MSC_Daemon]>>> WU:262 [0:0] regintype : LA
D/daemonapp( 4665): [MSC_Daemon]>>> WU:318 [0:0] cp type is : cp_eng
I/SecureStorage( 4466): [INFO]: SPID(0x00000000)Checking if this device supports Secure Storage
D/daemonapp( 4665): [MSC_Daemon]>>> WCP:1142 [0:0] Provider query : content://apaccuweatherprovider/settings
I/SecureStorage( 4466): [INFO]: SPID(0x00000000)This device supports Secure Storage
I/SecureStorage( 3663): [INFO]: SPID(0x00000002)Credentials: uid 1010, gid 1010, pid 4466
I/SecureStorage( 3663): [INFO]: SPID(0x00000002)Received function mask & code: 0x0000010C
I/InputReader( 4320): Reconfiguring input devices.  changes=0x00000020
I/SecureStorage( 4466): [INFO]: SPID(0x00000000)SS Daemon is running
I/wpa_supplicant( 4466): ssSupport state is = 1
D/ResourcesManager( 4320): creating new AssetManager and set to /system/priv-app/InputDevices/InputDevices.apk
D/daemonapp( 4665): [MSC_Daemon]>>> WCP:1142 [0:0] Provider query : content://apaccuweatherprovider/weatherinfo
I/SecureStorage( 4466): [INFO]: SPID(0x00000000)Checking if this device supports Secure Storage
I/SecureStorage( 4466): [INFO]: SPID(0x00000000)This device supports Secure Storage
I/SecureStorage( 3663): [INFO]: SPID(0x00000002)Credentials: uid 1010, gid 1010, pid 4466
I/SecureStorage( 3663): [INFO]: SPID(0x00000002)Received function mask & code: 0x0000010C
I/SecureStorage( 4466): [INFO]: SPID(0x00000000)SS Daemon is running
I/wpa_supplicant( 4466): ssSupport state is = 1
I/wpa_supplicant( 4466): [set_default_callid]: set_default_callid simnumber = 0,default_callid = 0
E/wpa_supplicant( 4466): getIMSI cannot open /data/misc/radio/kmem: No such file or directory
E/wpa_supplicant( 4466): SIM READ ERROR
I/wpa_supplicant( 4466): rfkill: Cannot open RFKILL control device
D/daemonapp( 4665): [MSC_Daemon]>>> WDSM:41 [0:0] Act : widgetappapaccuweatherdaemonactionCHANGE_ICON_OF_DAEMON, run:true
E/wpa_supplicant( 4466): nl80211: Could not configure driver mode
E/wpa_supplicant( 4466): p2p0: Failed to initialize driver interface
I/wpa_supplicant( 4466): Blacklist: Clear (all) 
D/comsamsunglog( 4665): [MSC_Daemon]>>> ====================================================================================================================
D/comsamsunglog( 4665): [MSC_Daemon]>>> daemonapp [Version : 15010801 ] [ 2 ] 
D/comsamsunglog( 4665): [MSC_Daemon]>>> Header set to : ===> "daemonapp" <===
D/comsamsunglog( 4665): [MSC_Daemon]>>> ====================================================================================================================
D/daemonapp( 4665): [MSC_Daemon]>>> WDSM:82 [0:0] c:10001, r:3
D/daemonapp( 4665): [MSC_Daemon]>>> WDSM:433 [0:0] ====ACTION_SEC_CHANGE_ICON_OF_DAEMON===
D/daemonapp( 4665): [MSC_Daemon]>>> WDSM:437 [0:0] checkDay:false, UtilgetIsDay():false
D/AnimatedBrightnessIconView( 4511): setValue : 0
D/AnimatedBrightnessIconView( 4511): setIcon
I/InputReader( 4320): Reconfiguring input devices.  changes=0x00000010
I/SecureStorage( 4466): [INFO]: SPID(0x00000000)Checking if this device supports Secure Storage
I/SecureStorage( 4466): [INFO]: SPID(0x00000000)This device supports Secure Storage
I/SecureStorage( 3663): [INFO]: SPID(0x00000002)Credentials: uid 1010, gid 1010, pid 4466
I/SecureStorage( 3663): [INFO]: SPID(0x00000002)Received function mask & code: 0x0000010C
I/SecureStorage( 4466): [INFO]: SPID(0x00000000)SS Daemon is running
I/wpa_supplicant( 4466): ssSupport state is = 1
I/SecureStorage( 4466): [INFO]: SPID(0x00000000)Checking if this device supports Secure Storage
I/SecureStorage( 4466): [INFO]: SPID(0x00000000)This device supports Secure Storage
I/SecureStorage( 3663): [INFO]: SPID(0x00000002)Credentials: uid 1010, gid 1010, pid 4466
I/SecureStorage( 3663): [INFO]: SPID(0x00000002)Received function mask & code: 0x0000010C
I/SecureStorage( 4466): [INFO]: SPID(0x00000000)SS Daemon is running
I/wpa_supplicant( 4466): ssSupport state is = 1
I/wpa_supplicant( 4466): [set_default_callid]: set_default_callid simnumber = 0,default_callid = 0
E/wpa_supplicant( 4466): getIMSI cannot open /data/misc/radio/kmem: No such file or directory
E/wpa_supplicant( 4466): SIM READ ERROR
I/wpa_supplicant( 4466): rfkill: Cannot open RFKILL control device
V/BitmapFactory( 4511): DecodeImagePath(decodeResourceStream3) : res/drawable-xxhdpi-v4/tw_quick_panel_quick_sfinder_button_image.png
V/BitmapFactory( 4511): DecodeImagePath(decodeResourceStream3) : res/drawable-xxhdpi-v4/tw_quick_panel_quick_qconnect_button_image.png
V/BitmapFactory( 4511): DecodeImagePath(decodeResourceStream3) : res/drawable-xxhdpi-v4/ic_notify_edit_normal.png
V/BitmapFactory( 4511): DecodeImagePath(decodeResourceStream3) : res/drawable-xxhdpi-v4/ic_notify_quicksettings_normal.png
I/wpa_supplicant( 4466): p2p0: State: DISCONNECTED -> INACTIVE
I/wpa_supplicant( 4466): CTRL-EVENT-STATE-CHANGE id=-1 state=2 BSSID=00.00.00 SSID=
V/BitmapFactory( 4511): DecodeImagePath(decodeResourceStream3) : res/drawable-xxhdpi-v4/ic_notify_settings_normal.png
V/BitmapFactory( 4511): DecodeImagePath(decodeResourceStream3) : res/drawable-xxhdpi-v4/ic_notify_open_normal.png
E/Zygote  ( 4734): MountEmulatedStorage()
E/Zygote  ( 4734): v2
I/SELinux ( 4734): Function: selinux_compare_spd_ram, SPD-policy is existed. and_ver=SEPF_SM-G900H_5.0 ver=13
I/SELinux ( 4734): Function: selinux_compare_spd_ram , priority [1] , priority version is VE=SEPF_SM-G900H_5.0_0013
E/SELinux ( 4734): [DEBUG] get_category: variable seinfo: release sensitivity: NULL, cateogry: NULL
D/SLocation( 4320): slocation feature_level < 2
E/SLocation( 4320): Fail to get instance of SCurrentLocationManager
D/SLocation( 4320): slocation feature_level < 2
D/SLocation( 4320): slocation feature_level < 2
E/SLocation( 4320): SLOCATION_VERSION v4.4g Initialized
D/daemonapp( 4665): [MSC_Daemon]>>> WU:262 [0:0] regintype : LA
D/daemonapp( 4665): [MSC_Daemon]>>> WU:318 [0:0] cp type is : cp_eng
D/daemonapp( 4665): [MSC_Daemon]>>> WCP:1142 [0:0] Provider query : content://apaccuweatherprovider/settings
D/daemonapp( 4665): [MSC_Daemon]>>> WCP:1142 [0:0] Provider query : content://apaccuweatherprovider/weatherinfo
D/daemonapp( 4665): [MSC_Daemon]>>> WDSM:41 [0:0] Act : widgetappapaccuweatherdaemonactionCHANGE_ICON_OF_DAEMON, run:true
D/comsamsunglog( 4665): [MSC_Daemon]>>> ====================================================================================================================
D/comsamsunglog( 4665): [MSC_Daemon]>>> daemonapp [Version : 15010801 ] [ 2 ] 
D/comsamsunglog( 4665): [MSC_Daemon]>>> Header set to : ===> "daemonapp" <===
D/comsamsunglog( 4665): [MSC_Daemon]>>> ====================================================================================================================
D/daemonapp( 4665): [MSC_Daemon]>>> WDSM:82 [0:0] c:10001, r:3
D/daemonapp( 4665): [MSC_Daemon]>>> WDSM:433 [0:0] ====ACTION_SEC_CHANGE_ICON_OF_DAEMON===
D/daemonapp( 4665): [MSC_Daemon]>>> WDSM:437 [0:0] checkDay:false, UtilgetIsDay():false
I/wpa_supplicant( 4466): p2p0: State: INACTIVE -> DISCONNECTED
I/wpa_supplicant( 4466): CTRL-EVENT-STATE-CHANGE id=-1 state=0 BSSID=00.00.00 SSID=
I/wpa_supplicant( 4466): Skip scan - bUseNetwork false
D/daemonapp( 4665): [MSC_Daemon]>>> WU:262 [0:0] regintype : LA
D/daemonapp( 4665): [MSC_Daemon]>>> WU:318 [0:0] cp type is : cp_eng
D/daemonapp( 4665): [MSC_Daemon]>>> WCP:1142 [0:0] Provider query : content://apaccuweatherprovider/settings
D/daemonapp( 4665): [MSC_Daemon]>>> WCP:1142 [0:0] Provider query : content://apaccuweatherprovider/weatherinfo
E/WifiStateMachine( 4320): skipWifiStateBroadcast:false, LastBroadcastedWifiState:1
V/BitmapFactory( 4511): DecodeImagePath(decodeResourceStream3) : res/drawable-xxhdpi-v4/quickpanel_edt_ic_back.png
D/daemonapp( 4665): [MSC_Daemon]>>> WDSM:41 [0:0] Act : widgetappapaccuweatherdaemonactionCHANGE_ICON_OF_DAEMON, run:true
D/WifiNative-HAL( 4320): callSECApiBoolean - ID [21]
I/wpa_supplicant( 4466): HOTSPOT20_ENABLE called
I/wpa_supplicant( 4466): [set_default_callid]: set_default_callid simnumber = 0,default_callid = 0
E/wpa_supplicant( 4466): getIMSI cannot open /data/misc/radio/kmem: No such file or directory
E/wpa_supplicant( 4466): SIM READ ERROR
I/wpa_supplicant( 4466): Blacklist: Clear (all) 
D/comsamsunglog( 4665): [MSC_Daemon]>>> ====================================================================================================================
D/comsamsunglog( 4665): [MSC_Daemon]>>> daemonapp [Version : 15010801 ] [ 2 ] 
D/comsamsunglog( 4665): [MSC_Daemon]>>> Header set to : ===> "daemonapp" <===
D/comsamsunglog( 4665): [MSC_Daemon]>>> ====================================================================================================================
D/daemonapp( 4665): [MSC_Daemon]>>> WDSM:82 [0:0] c:10001, r:3
D/daemonapp( 4665): [MSC_Daemon]>>> WDSM:433 [0:0] ====ACTION_SEC_CHANGE_ICON_OF_DAEMON===
D/daemonapp( 4665): [MSC_Daemon]>>> WDSM:437 [0:0] checkDay:false, UtilgetIsDay():false
D/VisualEffectCircleUnlockEffect( 4511): KeyguardEffectViewNone : Constructor
D/VisualEffectCircleUnlockEffect( 4511): screenWidth : 1080
D/TimaKeyStoreProvider( 4734): TimaSignature is unavailable
D/VisualEffectCircleUnlockEffect( 4511): screenHeight : 1920
D/VisualEffectCircleUnlockEffect( 4511): ratio : 1.0
D/ActivityThread( 4734): Added TimaKeyStore provider
D/VisualEffectCircleUnlockEffect( 4511): Constructor
I/wpa_supplicant( 4466): wlan0: Setting scan request: 0 sec 0 usec
V/BitmapFactory( 4511): DecodeImagePath(decodeResourceStream3) : res/drawable-xxhdpi-v4/keyguard_none_arrow.png
D/VisualEffectCircleUnlockEffect( 4511): arrowImageId = 2130837914
D/VisualEffectCircleUnlockEffect( 4511): circleUnlockMaxWidth = 864
D/VisualEffectCircleUnlockEffect( 4511): circleUnlockMinWidth = 260
D/VisualEffectCircleUnlockEffect( 4511): outerStrokeWidth = 4
D/VisualEffectCircleUnlockEffect( 4511): innerStrokeWidth = 6
D/VisualEffectCircleUnlockEffect( 4511): lockSequenceTotal = 30
V/BitmapFactory( 4511): DecodeImagePath(decodeResourceStream3) : res/drawable-xxhdpi-v4/keyguard_none_arrow.png
V/BitmapFactory( 4511): DecodeImagePath(decodeResourceStream3) : res/drawable-xxhdpi-v4/keyguard_none_arrow.png
V/BitmapFactory( 4511): DecodeImagePath(decodeResourceStream3) : res/drawable-xxhdpi-v4/keyguard_none_arrow.png
V/BitmapFactory( 4511): DecodeImagePath(decodeResourceStream3) : res/drawable-xxhdpi-v4/keyguard_none_lock_01.png
I/wpa_supplicant( 4466): Skip scan - bUseNetwork false
V/BitmapFactory( 4511): DecodeImagePath(decodeResourceStream3) : res/drawable-xxhdpi-v4/keyguard_none_lock_01.png
V/BitmapFactory( 4511): DecodeImagePath(decodeResourceStream3) : res/drawable-xxhdpi-v4/keyguard_none_lock_01.png
D/KeyguardEffectViewUtil( 4511): isPowerSavingMode() :false
D/KeyguardEffectViewUtil( 4511): isStrongPowerSavingMode() :false
D/KeyguardEffectViewController( 4511): isZoomPanningEffectEnabled() isZoomPanningEffect = false, isPowerSavingMode = false
D/KeyguardFestivalEffect( 4511): isEnabled false false
D/KeyguardFestivalEffect( 4511): isSupportXXVFestival TPA
D/KeyguardEffectViewController( 4511): reloadLockSound()
D/KeyguardEffectViewController( 4511): isFestivalActivated()false
D/KeyguardViewMediator( 4511): reloadLockSound()
D/KeyguardViewMediator( 4511): reloadLockSound() - run
V/MediaPlayer( 4511): decode(34, 0, 14086)
D/VisualEffectParticleEffect( 4511): KeyguardEffectViewParticleSpace : Constructor
V/MediaPlayerService( 3624): decode(26, 0, 14086)
D/VisualEffectParticleEffect( 4511): Constructor
D/VisualEffectParticleEffect( 4511): particleSpaceInit
D/VisualEffectParticleEffect( 4511): resetOrientation
D/VisualEffectParticleEffect( 4511): stage : 1080.0 x 1920.0
V/MediaPlayerService( 3624): player type = 3
V/AwesomePlayer( 3624): setDefault
V/AwesomePlayer( 3624): constructor
V/AwesomePlayer( 3624): setDefault
V/AwesomePlayer( 3624): reset_l()
V/AwesomePlayer( 3624): notifyListner_l() msg (8-MEDIA_STOPPED), ext1 (0), ext2 (0)
V/AwesomePlayer( 3624): cancelPlayerEvents (keepNotifications=0)
V/AwesomePlayer( 3624): mAudioTrackVector clear
V/AwesomePlayer( 3624): reset_l() mAudioPlayer successfully deleted
V/AwesomePlayer( 3624): mSecCapture clear
V/AwesomePlayer( 3624): mSecMediaClock clear
V/StagefrightPlayer( 3624): StagefrightPlayer
V/AwesomePlayer( 3624): setListener
V/StagefrightPlayer( 3624): initCheck
V/AwesomePlayer( 3624): setAudioSink
V/StagefrightPlayer( 3624): setDataSource(26, 0, 14086)
V/AwesomePlayer( 3624): reset_l()
V/AwesomePlayer( 3624): notifyListner_l() msg (8-MEDIA_STOPPED), ext1 (0), ext2 (0)
V/AudioCache( 3624): notify(0xb2908150, 8, 0, 0)
V/AudioCache( 3624): ignored
V/AwesomePlayer( 3624): cancelPlayerEvents (keepNotifications=0)
V/AwesomePlayer( 3624): mAudioTrackVector clear
V/AwesomePlayer( 3624): reset_l() mAudioPlayer successfully deleted
V/AwesomePlayer( 3624): mSecCapture clear
V/AwesomePlayer( 3624): mSecMediaClock clear
D/VisualEffectParticleEffect( 4511): ParticleEffect : Constructor, 1080 x 1920
D/VisualEffectParticleEffect( 4511): ParticleEffect : ratio = 1.0
V/AwesomePlayer( 3624): track of type 'audio/vorbis' does not publish bitrate
V/AwesomePlayer( 3624): mBitrate = -1 bits/sec
I/OggExtractor( 3624): OggSource::OggSource() mExtractor ref count = 4
V/AwesomePlayer( 3624): current audio track index (0) is added to vector
V/AwesomePlayer( 3624): setDataSource_l: Audio(1), Video(0)
I/AwesomePlayer( 3624): checkRightsStatus is not necessary - AwesomePlayer::setDataSource_l
V/MediaPlayerService( 3624): prepare
V/AwesomePlayer( 3624): prepareAsync
V/MediaPlayerService( 3624): wait for prepare
V/AwesomePlayer( 3624): onPrepareAsyncEvent
I/SecMediaClock( 3624): SecMediaClock constructor
I/SecMediaClock( 3624): reset
I/SecVideoCapture( 3624): SecVideoCapture constructor
I/SecVideoCapture( 3624): reset
V/AwesomePlayer( 3624): initAudioDecoder
V/AwesomePlayer( 3624): checkOffloadExceptions is true
V/AudioPolicyManager( 3624): isOffloadSupported: SR=44100, CM=0x3, Format=0x7000000, StreamType=-1, BitRate=4294967295, duration=562517 us, has_video=0
V/AudioPolicyManager( 3624): isOffloadSupported: stream_type != MUSIC, returning false
I/OMXCodec( 3624): Attempting to allocate OMX node 'OMX.google.vorbis.decoder'
I/OMXCodec( 3624): Successfully allocated OMX node 'OMX.google.vorbis.decoder'
I/OMXCodec( 3624): >>>UHQA initOutputFormat 16
I/AwesomePlayer( 3624): Could not offload audio decode, try pcm offload
V/AudioPolicyManager( 3624): isOffloadSupported: SR=44100, CM=0x1, Format=0x1, StreamType=-1, BitRate=4294967295, duration=562517 us, has_video=0
V/AudioPolicyManager( 3624): isOffloadSupported: stream_type != MUSIC, returning false
I/OMXCodec( 3624): [OMX.google.vorbis.decoder] OMXCodec::start mState=1
I/OMXCodec( 3624): [OMX.google.vorbis.decoder] allocating 4 buffers of size 8192 on input port
I/OMXCodec( 3624): [OMX.google.vorbis.decoder] allocating 4 buffers of size 32768 on output port
I/OMXCodec( 3624): [OMX.google.vorbis.decoder] Now Idle. Component sends idle done Event 
V/AwesomePlayer( 3624): finishAsyncPrepare_l
V/AwesomePlayer( 3624): notifyListner_l() msg (200-MEDIA_INFO), ext1 (973), ext2 (0)
V/AudioCache( 3624): notify(0xb2908150, 200, 973, 0)
V/AudioCache( 3624): ignored
V/AwesomePlayer( 3624): notifyListner_l() msg (5-MEDIA_SET_VIDEO_SIZE), ext1 (0), ext2 (0)
V/AudioCache( 3624): notify(0xb2908150, 5, 0, 0)
V/AudioCache( 3624): ignored
V/AwesomePlayer( 3624): notifyListner_l() msg (1-MEDIA_PREPARED), ext1 (0), ext2 (0)
V/AudioCache( 3624): notify(0xb2908150, 1, 0, 0)
V/AudioCache( 3624): prepared
V/AudioCache( 3624): wait - success
V/MediaPlayerService( 3624): start
V/StagefrightPlayer( 3624): start
V/AwesomePlayer( 3624): play
V/AwesomePlayer( 3624): AwesomePlayer::play_l():: This is not a DRM content
V/AwesomePlayer( 3624): startAudioPlayer_l, sendErrorNotification (0)
D/KeyguardEffectViewUtil( 4511): wallpaperType :1
D/WallpaperWidget( 4511): setLockScreenWallpaper()
D/KeyguardEffectViewUtil( 4511): getCurrentWallpaper() mWallpaperPath :null
I/OMXCodec( 3624): [OMX.google.vorbis.decoder] 0onCmdComplete  mState =  7
I/OMXCodec( 3624): [OMX.google.vorbis.decoder] PORT_DISABLED(1)
I/OMXCodec( 3624): >>>UHQA initOutputFormat 16
I/OMXCodec( 3624): [OMX.google.vorbis.decoder] allocating 4 buffers of size 32768 on output port
E/Zygote  ( 4754): MountEmulatedStorage()
E/Zygote  ( 4754): v2
I/AudioPlayer( 3624): Audio channels(2)
I/AudioPlayer( 3624): Audioplayer kKeyAudioPCMFormat:2, 1, 0
I/AudioPlayer( 3624): Audioplayer kKeyAudioPCMFormat read fail(2, 1)
V/AudioCache( 3624): open(44100, 2, 0x0, 1, 0)
I/SELinux ( 4754): Function: selinux_compare_spd_ram, SPD-policy is existed. and_ver=SEPF_SM-G900H_5.0 ver=13
V/AwesomePlayer( 3624): notifyListner_l() msg (6-MEDIA_STARTED), ext1 (0), ext2 (0)
V/AudioCache( 3624): notify(0xb2908150, 6, 0, 0)
V/AudioCache( 3624): ignored
V/AwesomePlayer( 3624): addBatteryData
I/AudioPlayer( 3624): First fillBuffer call!!
I/AudioPlayer( 3624): >>> setAudioEffect Read mAudioFormat : 1, event : 218893323, value : 252710414
E/AudioPlayer( 3624): >>> setAudioEffect Error mAudioFormat : 1, event : 218893323, value : 252710414
V/MediaPlayerService( 3624): wait for playback complete
I/SELinux ( 4754): Function: selinux_compare_spd_ram , priority [1] , priority version is VE=SEPF_SM-G900H_5.0_0013
E/SELinux ( 4754): [DEBUG] get_category: variable seinfo: untrusted sensitivity: NULL, cateogry: NULL
D/WifiNative-HAL( 4320): callSECApiInt - ID [210]
D/WifiConfigStore( 4320): Loading config and enabling all networks 
I/OMXCodec( 3624): [OMX.google.vorbis.decoder] End Of Stream
V/AwesomePlayer( 3624): postAudioEOS delayUs (0)
V/AwesomePlayer( 3624): onCheckAudioStatus
V/AwesomePlayer( 3624): onCheckAudioStatus() set AUDIO_AT_EOS flag
V/AwesomePlayer( 3624): onStreamDone
V/AwesomePlayer( 3624): MEDIA_PLAYBACK_COMPLETE
V/AwesomePlayer( 3624): notifyListner_l() msg (2-MEDIA_PLAYBACK_COMPLETE), ext1 (0), ext2 (0)
V/AudioCache( 3624): notify(0xb2908150, 2, 0, 0)
V/AudioCache( 3624): playback complete - thread will wake up later
V/AwesomePlayer( 3624): notifyListner_l() msg (7-MEDIA_PAUSED), ext1 (0), ext2 (0)
V/AudioCache( 3624): notify(0xb2908150, 7, 0, 0)
V/AudioCache( 3624): ignored
V/AwesomePlayer( 3624): cancelPlayerEvents (keepNotifications=1)
V/AwesomePlayer( 3624): addBatteryData
V/AudioCache( 3624): wait - success
V/StagefrightPlayer( 3624): reset
V/AwesomePlayer( 3624): reset_l()
V/AwesomePlayer( 3624): notifyListner_l() msg (8-MEDIA_STOPPED), ext1 (0), ext2 (0)
V/AudioCache( 3624): notify(0xb2908150, 8, 0, 0)
V/AudioCache( 3624): ignored
V/AwesomePlayer( 3624): cancelPlayerEvents (keepNotifications=0)
V/AwesomePlayer( 3624): mAudioTrackVector clear
I/OMXCodec( 3624): [OMX.google.vorbis.decoder] stop mState=4
I/OMXCodec( 3624): [OMX.google.vorbis.decoder] stop() sendCommand(0x42, OMX_CommandStateSet, OMX_StateIdle)
I/OMXCodec( 3624): [OMX.google.vorbis.decoder] Now Idle. Component sends idle done Event 
I/OMXCodec( 3624): [OMX.google.vorbis.decoder] stopOmxComponent_l() mstate = 1
I/OggExtractor( 3624): OggSource::stop() mExtractor ref count = 1
I/OggExtractor( 3624): OggSource::~OggSource() mExtractor !mStarted ref count = 1
I/OggExtractor( 3624): ~OggSource --
I/OggExtractor( 3624): ~OggExtractor ++
I/OggExtractor( 3624): ~MyVorbisExtractor ++ 
I/OggExtractor( 3624): ~MyVorbisExtractor --
I/OggExtractor( 3624): ~OggExtractor --
I/WifiConfigStore( 4320): "FevaX" is a captive portal!
I/WifiConfigStore( 4320): authenticated on previous connection
E/WifiConfigStore( 4320): Not a HS20
D/TimaKeyStoreProvider( 4754): TimaSignature is unavailable
D/ResourcesManager( 4734): creating new AssetManager and set to /system/app/EmergencyProvider/EmergencyProvider.apk
D/ActivityThread( 4754): Added TimaKeyStore provider
I/AudioPlayer( 3624): reset out
V/AwesomePlayer( 3624): reset_l() mAudioPlayer successfully deleted
I/SecVideoCapture( 3624): SecVideoCapture destructor
I/SecVideoCapture( 3624): reset
V/AwesomePlayer( 3624): mSecCapture clear
I/SecMediaClock( 3624): SecMediaClock destructor
V/AwesomePlayer( 3624): mSecMediaClock clear
V/StagefrightPlayer( 3624): ~StagefrightPlayer
V/StagefrightPlayer( 3624): reset
V/AwesomePlayer( 3624): reset_l()
V/AwesomePlayer( 3624): notifyListner_l() msg (8-MEDIA_STOPPED), ext1 (0), ext2 (0)
V/AwesomePlayer( 3624): cancelPlayerEvents (keepNotifications=0)
V/AwesomePlayer( 3624): mAudioTrackVector clear
V/AwesomePlayer( 3624): reset_l() mAudioPlayer successfully deleted
V/AwesomePlayer( 3624): mSecCapture clear
V/AwesomePlayer( 3624): mSecMediaClock clear
V/AwesomePlayer( 3624): destructor
V/AwesomePlayer( 3624): reset_l()
V/AwesomePlayer( 3624): notifyListner_l() msg (8-MEDIA_STOPPED), ext1 (0), ext2 (0)
V/AwesomePlayer( 3624): cancelPlayerEvents (keepNotifications=0)
V/AwesomePlayer( 3624): mAudioTrackVector clear
V/AwesomePlayer( 3624): reset_l() mAudioPlayer successfully deleted
V/AwesomePlayer( 3624): mSecCapture clear
V/AwesomePlayer( 3624): mSecMediaClock clear
V/MediaPlayer( 4511): decode(30, 0, 4407)
V/MediaPlayerService( 3624): decode(26, 0, 4407)
V/MediaPlayerService( 3624): player type = 3
V/AwesomePlayer( 3624): setDefault
V/AwesomePlayer( 3624): constructor
V/AwesomePlayer( 3624): setDefault
V/AwesomePlayer( 3624): reset_l()
V/AwesomePlayer( 3624): notifyListner_l() msg (8-MEDIA_STOPPED), ext1 (0), ext2 (0)
V/AwesomePlayer( 3624): cancelPlayerEvents (keepNotifications=0)
V/AwesomePlayer( 3624): mAudioTrackVector clear
V/AwesomePlayer( 3624): reset_l() mAudioPlayer successfully deleted
V/AwesomePlayer( 3624): mSecCapture clear
V/AwesomePlayer( 3624): mSecMediaClock clear
V/StagefrightPlayer( 3624): StagefrightPlayer
V/AwesomePlayer( 3624): setListener
V/StagefrightPlayer( 3624): initCheck
V/AwesomePlayer( 3624): setAudioSink
V/StagefrightPlayer( 3624): setDataSource(26, 0, 4407)
V/AwesomePlayer( 3624): reset_l()
V/AwesomePlayer( 3624): notifyListner_l() msg (8-MEDIA_STOPPED), ext1 (0), ext2 (0)
V/AudioCache( 3624): notify(0xb2908470, 8, 0, 0)
V/AudioCache( 3624): ignored
V/AwesomePlayer( 3624): cancelPlayerEvents (keepNotifications=0)
V/AwesomePlayer( 3624): mAudioTrackVector clear
V/AwesomePlayer( 3624): reset_l() mAudioPlayer successfully deleted
V/AwesomePlayer( 3624): mSecCapture clear
V/AwesomePlayer( 3624): mSecMediaClock clear
V/AwesomePlayer( 3624): track of type 'audio/vorbis' does not publish bitrate
V/AwesomePlayer( 3624): mBitrate = -1 bits/sec
I/OggExtractor( 3624): OggSource::OggSource() mExtractor ref count = 4
V/AwesomePlayer( 3624): current audio track index (0) is added to vector
V/AwesomePlayer( 3624): setDataSource_l: Audio(1), Video(0)
I/AwesomePlayer( 3624): checkRightsStatus is not necessary - AwesomePlayer::setDataSource_l
V/MediaPlayerService( 3624): prepare
V/AwesomePlayer( 3624): prepareAsync
V/MediaPlayerService( 3624): wait for prepare
E/WifiConfigStore( 4320): Error parsing configuration: java.io.FileNotFoundException: /data/misc/wifi/ipconfig.txt: open failed: ENOENT (No such file or directory)
I/KeyguardEffectViewUtil( 4511): set current wallpaper info
V/AwesomePlayer( 3624): onPrepareAsyncEvent
I/SecMediaClock( 3624): SecMediaClock constructor
I/SecMediaClock( 3624): reset
I/SecVideoCapture( 3624): SecVideoCapture constructor
I/SecVideoCapture( 3624): reset
V/AwesomePlayer( 3624): initAudioDecoder
V/AwesomePlayer( 3624): checkOffloadExceptions is true
V/AudioPolicyManager( 3624): isOffloadSupported: SR=44100, CM=0x3, Format=0x7000000, StreamType=-1, BitRate=4294967295, duration=100000 us, has_video=0
V/AudioPolicyManager( 3624): isOffloadSupported: stream_type != MUSIC, returning false
I/OMXCodec( 3624): Attempting to allocate OMX node 'OMX.google.vorbis.decoder'
D/SettingsProvider( 4320): name = keyguard_current_wallpaper_type
D/SettingsProvider( 4320): edmUri: content://com.sec.knox.provider/RestrictionPolicy3
D/SettingsProvider( 4320): projectionArgs: isSettingsChangesAllowed
D/SettingsProvider( 4320): selectionArgs: false
D/SettingsProvider( 4320): selectionArgs: 10058
D/SecContentProvider( 4320): uri = 17 selection = isSettingsChangesAllowed
D/SettingsProvider( 4320): ret = -1
I/OMXCodec( 3624): Successfully allocated OMX node 'OMX.google.vorbis.decoder'
I/OMXCodec( 3624): >>>UHQA initOutputFormat 16
I/AwesomePlayer( 3624): Could not offload audio decode, try pcm offload
V/AudioPolicyManager( 3624): isOffloadSupported: SR=44100, CM=0x1, Format=0x1, StreamType=-1, BitRate=4294967295, duration=100000 us, has_video=0
V/AudioPolicyManager( 3624): isOffloadSupported: stream_type != MUSIC, returning false
I/OMXCodec( 3624): [OMX.google.vorbis.decoder] OMXCodec::start mState=1
I/OMXCodec( 3624): [OMX.google.vorbis.decoder] allocating 4 buffers of size 8192 on input port
I/OMXCodec( 3624): [OMX.google.vorbis.decoder] allocating 4 buffers of size 32768 on output port
D/SettingsProvider( 4320): name = keyguard_current_wallpaper_file_path
D/SettingsProvider( 4320): edmUri: content://com.sec.knox.provider/RestrictionPolicy3
D/SettingsProvider( 4320): projectionArgs: isSettingsChangesAllowed
D/SettingsProvider( 4320): selectionArgs: false
D/SettingsProvider( 4320): selectionArgs: 10058
D/SecContentProvider( 4320): uri = 17 selection = isSettingsChangesAllowed
D/SettingsProvider( 4320): ret = -1
I/OMXCodec( 3624): [OMX.google.vorbis.decoder] Now Idle. Component sends idle done Event 
D/SettingsProvider( 4320): name = keyguard_current_wallpaper_res_id
D/SettingsProvider( 4320): edmUri: content://com.sec.knox.provider/RestrictionPolicy3
D/SettingsProvider( 4320): projectionArgs: isSettingsChangesAllowed
D/SettingsProvider( 4320): selectionArgs: false
D/SettingsProvider( 4320): selectionArgs: 10058
D/SecContentProvider( 4320): uri = 17 selection = isSettingsChangesAllowed
D/SettingsProvider( 4320): ret = -1
D/KeyguardEffectViewController( 4511): isPreloadedWallpaper=true
D/VisualEffectParticleEffect( 4511): KeyguardEffectViewParticleSpace : setLayers
D/VisualEffectParticleEffect( 4511): KeyguardEffectViewParticleSpace : widgetLayout = com.android.systemui.statusbar.phone.NotificationPanelView{2823ec61 G.E..... ......I. 0,0-0,0 #7f0d0170 app:id/notification_panel}
D/VisualEffectParticleEffect( 4511): KeyguardEffectViewParticleSpace : wallpaperWidget = com.android.keyguard.sec.KeyguardEffectViewWallpaper{3d576386 V.E..... ......I. 0,0-0,0}
D/VisualEffectParticleEffect( 4511): setInitValues : widgetLayout = com.android.systemui.statusbar.phone.NotificationPanelView{2823ec61 G.E..... ......I. 0,0-0,0 #7f0d0170 app:id/notification_panel}
D/VisualEffectParticleEffect( 4511): clearEffect
V/AwesomePlayer( 3624): finishAsyncPrepare_l
V/AwesomePlayer( 3624): notifyListner_l() msg (200-MEDIA_INFO), ext1 (973), ext2 (0)
V/AudioCache( 3624): notify(0xb2908470, 200, 973, 0)
V/AudioCache( 3624): ignored
V/AwesomePlayer( 3624): notifyListner_l() msg (5-MEDIA_SET_VIDEO_SIZE), ext1 (0), ext2 (0)
V/AudioCache( 3624): notify(0xb2908470, 5, 0, 0)
V/AudioCache( 3624): ignored
V/AwesomePlayer( 3624): notifyListner_l() msg (1-MEDIA_PREPARED), ext1 (0), ext2 (0)
V/AudioCache( 3624): notify(0xb2908470, 1, 0, 0)
V/AudioCache( 3624): prepared
V/AudioCache( 3624): wait - success
V/MediaPlayerService( 3624): start
V/StagefrightPlayer( 3624): start
V/AwesomePlayer( 3624): play
V/AwesomePlayer( 3624): AwesomePlayer::play_l():: This is not a DRM content
V/AwesomePlayer( 3624): startAudioPlayer_l, sendErrorNotification (0)
I/OMXCodec( 3624): [OMX.google.vorbis.decoder] 0onCmdComplete  mState =  7
I/OMXCodec( 3624): [OMX.google.vorbis.decoder] PORT_DISABLED(1)
I/OMXCodec( 3624): >>>UHQA initOutputFormat 16
I/OMXCodec( 3624): [OMX.google.vorbis.decoder] allocating 4 buffers of size 32768 on output port
I/AudioPlayer( 3624): Audio channels(2)
I/AudioPlayer( 3624): Audioplayer kKeyAudioPCMFormat:2, 1, 0
I/AudioPlayer( 3624): Audioplayer kKeyAudioPCMFormat read fail(2, 1)
V/AudioCache( 3624): open(44100, 2, 0x0, 1, 0)
I/OMXCodec( 3624): [OMX.google.vorbis.decoder] End Of Stream
V/AwesomePlayer( 3624): notifyListner_l() msg (6-MEDIA_STARTED), ext1 (0), ext2 (0)
V/AudioCache( 3624): notify(0xb2908470, 6, 0, 0)
V/AudioCache( 3624): ignored
V/AwesomePlayer( 3624): addBatteryData
D/WifiNative-HAL( 4320): callSECApiInt - ID [65]
I/AudioPlayer( 3624): First fillBuffer call!!
I/AudioPlayer( 3624): >>> setAudioEffect Read mAudioFormat : 1, event : 218893323, value : 252710414
E/AudioPlayer( 3624): >>> setAudioEffect Error mAudioFormat : 1, event : 218893323, value : 252710414
V/MediaPlayerService( 3624): wait for playback complete
V/AwesomePlayer( 3624): postAudioEOS delayUs (0)
V/AwesomePlayer( 3624): onCheckAudioStatus
V/AwesomePlayer( 3624): onCheckAudioStatus() set AUDIO_AT_EOS flag
V/AwesomePlayer( 3624): onStreamDone
V/AwesomePlayer( 3624): MEDIA_PLAYBACK_COMPLETE
V/AwesomePlayer( 3624): notifyListner_l() msg (2-MEDIA_PLAYBACK_COMPLETE), ext1 (0), ext2 (0)
V/AudioCache( 3624): notify(0xb2908470, 2, 0, 0)
V/AudioCache( 3624): playback complete - thread will wake up later
V/AwesomePlayer( 3624): notifyListner_l() msg (7-MEDIA_PAUSED), ext1 (0), ext2 (0)
V/AudioCache( 3624): notify(0xb2908470, 7, 0, 0)
V/AudioCache( 3624): ignored
V/AwesomePlayer( 3624): cancelPlayerEvents (keepNotifications=1)
V/AwesomePlayer( 3624): addBatteryData
V/AudioCache( 3624): wait - success
V/StagefrightPlayer( 3624): reset
V/AwesomePlayer( 3624): reset_l()
V/AwesomePlayer( 3624): notifyListner_l() msg (8-MEDIA_STOPPED), ext1 (0), ext2 (0)
V/AudioCache( 3624): notify(0xb2908470, 8, 0, 0)
V/AudioCache( 3624): ignored
V/AwesomePlayer( 3624): cancelPlayerEvents (keepNotifications=0)
V/AwesomePlayer( 3624): mAudioTrackVector clear
I/OMXCodec( 3624): [OMX.google.vorbis.decoder] stop mState=4
I/OMXCodec( 3624): [OMX.google.vorbis.decoder] stop() sendCommand(0x43, OMX_CommandStateSet, OMX_StateIdle)
I/OMXCodec( 3624): [OMX.google.vorbis.decoder] Now Idle. Component sends idle done Event 
I/OMXCodec( 3624): [OMX.google.vorbis.decoder] stopOmxComponent_l() mstate = 1
I/OggExtractor( 3624): OggSource::stop() mExtractor ref count = 1
I/OggExtractor( 3624): OggSource::~OggSource() mExtractor !mStarted ref count = 1
I/OggExtractor( 3624): ~OggSource --
I/OggExtractor( 3624): ~OggExtractor ++
I/OggExtractor( 3624): ~MyVorbisExtractor ++ 
I/OggExtractor( 3624): ~MyVorbisExtractor --
I/OggExtractor( 3624): ~OggExtractor --
D/AnimatedBrightnessIconView( 4511): init
D/AnimatedBrightnessIconView( 4511): setIcon
D/AnimatedBrightnessIconView( 4511): setValue : 50
D/AnimatedBrightnessIconView( 4511): init
D/AnimatedBrightnessIconView( 4511): setIcon
D/AnimatedBrightnessIconView( 4511): setValue : 50
D/ResourcesManager( 4754): creating new AssetManager and set to /data/app/com.google.android.gms-1/base.apk
D/WifiNative-HAL( 4320): callSECApiBoolean - ID [13]
I/wpa_supplicant( 4466): USE_NETWORK : USE_NETWORK ON
I/wpa_supplicant( 4466): wlan0: Setting scan request: 8 sec 0 usec
I/wpa_supplicant( 4466): reset timer : RESET_TIMER 0
I/wpa_supplicant( 4466): P2P: Current p2p state = IDLE
I/wpa_supplicant( 4466): wlan0: State: DISCONNECTED -> SCANNING
I/AudioPlayer( 3624): reset out
V/AwesomePlayer( 3624): reset_l() mAudioPlayer successfully deleted
I/SecVideoCapture( 3624): SecVideoCapture destructor
I/SecVideoCapture( 3624): reset
V/AwesomePlayer( 3624): mSecCapture clear
I/SecMediaClock( 3624): SecMediaClock destructor
V/AwesomePlayer( 3624): mSecMediaClock clear
V/StagefrightPlayer( 3624): ~StagefrightPlayer
I/wpa_supplicant( 4466): CTRL-EVENT-STATE-CHANGE id=-1 state=3 BSSID=00.00.00 SSID=
V/StagefrightPlayer( 3624): reset
V/AwesomePlayer( 3624): reset_l()
V/AwesomePlayer( 3624): notifyListner_l() msg (8-MEDIA_STOPPED), ext1 (0), ext2 (0)
I/wpa_supplicant( 4466): First Scan Start
V/AwesomePlayer( 3624): cancelPlayerEvents (keepNotifications=0)
V/AwesomePlayer( 3624): mAudioTrackVector clear
V/AwesomePlayer( 3624): reset_l() mAudioPlayer successfully deleted
V/AwesomePlayer( 3624): mSecCapture clear
V/AwesomePlayer( 3624): mSecMediaClock clear
V/AwesomePlayer( 3624): destructor
V/AwesomePlayer( 3624): reset_l()
V/AwesomePlayer( 3624): notifyListner_l() msg (8-MEDIA_STOPPED), ext1 (0), ext2 (0)
V/AwesomePlayer( 3624): cancelPlayerEvents (keepNotifications=0)
V/AwesomePlayer( 3624): mAudioTrackVector clear
V/AwesomePlayer( 3624): reset_l() mAudioPlayer successfully deleted
V/AwesomePlayer( 3624): mSecCapture clear
V/AwesomePlayer( 3624): mSecMediaClock clear
I/wpa_supplicant( 4466): Scan requested (ret=0) - scan timeout 30 seconds
D/WifiNative-HAL( 4320): Setting external_sim to 1
D/WifiStateMachine( 4320): Setting OUI to DA-A1-19
I/WifiNative-HAL( 4320): startHal
E/wifi    ( 4320): getStaticLongField sWifiHalHandle 0x933e185c
D/wifi    ( 4320): halHandle = 0x0, mVM = 0xb4d5c280, mCls = 0x1008ce
I/WifiNative-HAL( 4320): Could not start hal
V/BitmapFactory( 4511): DecodeImagePath(decodeResourceStream3) : res/drawable/tw_vertical_bar_mtrl_alpha.png
I/WifiNative-HAL( 4320): startHal
E/wifi    ( 4320): getStaticLongField sWifiHalHandle 0x933e17fc
D/wifi    ( 4320): halHandle = 0x0, mVM = 0xb4d5c280, mCls = 0x1008d2
I/WifiNative-HAL( 4320): Could not start hal
D/AnimatedBrightnessIconView( 4511): setValue : 0
D/AnimatedBrightnessIconView( 4511): setIcon
E/WifiStateMachine( 4320): skipWifiStateBroadcast:false, LastBroadcastedWifiState:3
D/CommandListener( 3615): Setting iface cfg
D/CommandListener( 3615): Trying to bring up p2p0
D/WifiMonitor( 4320): startMonitoring(p2p0) with mConnected = true
V/KeyguardUpdateMonitor( 4511): *** register callback for com.android.systemui.statusbar.phone.UnlockMethodCache$1@50f1ce6
V/KeyguardUpdateMonitor( 4511): *** unregister callback for null
I/wpa_supplicant( 4466): wlan0: CTRL-EVENT-REGDOM-CHANGE init=USER type=COUNTRY alpha2=AR
D/ConnectivityService( 4320): hsengiv:checkWhatTypeOfNetwork and the value is false
E/ConnectivityService( 4320): updateNetworkInfo()
E/CSLegacyTypeTracker( 4320): add() : Adding agent NetworkAgentInfo{ ni{[type: WIFI_P2P[] - WIFI_P2P, state: UNKNOWN/IDLE, reason: (unspecified), extra: (none), roaming: false, failover: false, isAvailable: true, isConnectedToProvisioningNetwork: false]}  network{501}  lp{{LinkAddresses: []  Routes: [] DnsAddresses: [] Domains: null MTU: 0}}  nc{[ Transports: WIFI Capabilities: WIFI_P2P&NOT_RESTRICTED&TRUSTED&NOT_VPN LinkUpBandwidth>=1048576Kbps LinkDnBandwidth>=1048576Kbps]}  Score{60} validated{false} created{false} explicitlySelected{false} } for legacy network type 13
I/wpa_supplicant( 4466): wlan0: CTRL-EVENT-REGDOM-CHANGE init=USER type=UNKNOWN
D/WifiNative-HAL( 4320): p2pGetDeviceAddress
D/WifiNative-HAL( 4320): p2pGetDeviceAddress returning 4a:5a:3f:30:7e:6e
E/native  ( 4320): do suspend false
I/wpa_supplicant( 4466): reset timer : RESET_TIMER 1
I/wpa_supplicant( 4466): wlan0: Setting scan request: 0 sec 0 usec
D/SecContentProvider2( 4320): uri = 20 selection = getPromptCredentialsEnabled
D/SecContentProvider2( 4320): mCursor = null
E/Zygote  ( 4777): MountEmulatedStorage()
E/Zygote  ( 4777): v2
I/SELinux ( 4777): Function: selinux_compare_spd_ram, SPD-policy is existed. and_ver=SEPF_SM-G900H_5.0 ver=13
I/SELinux ( 4777): Function: selinux_compare_spd_ram , priority [1] , priority version is VE=SEPF_SM-G900H_5.0_0013
E/SELinux ( 4777): [DEBUG] get_category: variable seinfo: platform sensitivity: NULL, cateogry: NULL
D/CoverManager( 4320): systemReady!!
D/CoverManager( 4320): updateCoverAttachState : attach=false, isBoot=true
D/CoverManager.CoverVerifier( 4320): onUpdateCoverAttachedLocked : mIsCoverVerified =false, attached=false, change=false
D/CoverManager( 4320): updateCoverVerfiedState : Returing attach state - it is same
D/CoverManager( 4320): updateCoverSwitchState : switchState=true, isBoot=true
D/CoverManager.CoverManagerUtils( 4320): getValueFromSysFS() =-1
D/CoverManager.CoverVerifier( 4320): updateCoverVerificationLocked : mIsCoverVerified =false, change=false
D/CoverManager.CoverVerifier( 4320): updateCoverPropertiesLocked : mIsCoverAttached =false, type=2, color=0, model=0
D/CoverManager( 4320): updateCoverSwitchState : Returing switch state - cover is not attached
D/SecContentProvider2( 4320): uri = 20 selection = getPromptCredentialsEnabled
D/SecContentProvider2( 4320): mCursor = null
I/MultiDex( 4754): VM with version 2.1.0 has multidex support
I/MultiDex( 4754): install
I/MultiDex( 4754): VM has multidex support, MultiDex support library is disabled.
D/ResourcesManager( 4320): creating new AssetManager and set to /system/app/MobilePrintSvc_Samsung/MobilePrintSvc_Samsung.apk
D/TimaKeyStoreProvider( 4777): TimaSignature is unavailable
D/ActivityThread( 4777): Added TimaKeyStore provider
I/art     ( 4320): Explicit concurrent mark sweep GC freed 97374(6MB) AllocSpace objects, 22(352KB) LOS objects, 33% free, 31MB/47MB, paused 2.842ms total 180.340ms
I/art     ( 4320): WaitForGcToComplete blocked for 92.199ms for cause Background
E/Zygote  ( 4793): MountEmulatedStorage()
E/Zygote  ( 4793): v2
I/SELinux ( 4793): Function: selinux_compare_spd_ram, SPD-policy is existed. and_ver=SEPF_SM-G900H_5.0 ver=13
I/SELinux ( 4793): Function: selinux_compare_spd_ram , priority [1] , priority version is VE=SEPF_SM-G900H_5.0_0013
E/SELinux ( 4793): [DEBUG] get_category: variable seinfo: platform sensitivity: NULL, cateogry: NULL
D/TimaKeyStoreProvider( 4793): TimaSignature is unavailable
D/ActivityThread( 4793): Added TimaKeyStore provider
E/Zygote  ( 4808): MountEmulatedStorage()
E/Zygote  ( 4808): v2
I/SELinux ( 4808): Function: selinux_compare_spd_ram, SPD-policy is existed. and_ver=SEPF_SM-G900H_5.0 ver=13
I/SELinux ( 4808): Function: selinux_compare_spd_ram , priority [1] , priority version is VE=SEPF_SM-G900H_5.0_0013
E/SELinux ( 4808): [DEBUG] get_category: variable seinfo: platform sensitivity: NULL, cateogry: NULL
D/TimaKeyStoreProvider( 4808): TimaSignature is unavailable
D/ActivityThread( 4808): Added TimaKeyStore provider
E/Zygote  ( 4823): MountEmulatedStorage()
E/Zygote  ( 4823): v2
I/SELinux ( 4823): Function: selinux_compare_spd_ram, SPD-policy is existed. and_ver=SEPF_SM-G900H_5.0 ver=13
I/SELinux ( 4823): Function: selinux_compare_spd_ram , priority [1] , priority version is VE=SEPF_SM-G900H_5.0_0013
E/SELinux ( 4823): [DEBUG] get_category: variable seinfo: platform sensitivity: NULL, cateogry: NULL
V/ApplicationPolicy( 4320): isApplicationStateBlocked userId 0 pkgname com.sec.android.app.launcher
D/ResourcesManager( 4320): creating new AssetManager and set to /system/priv-app/TouchWizHome_K/TouchWizHome_K.apk
D/TimaKeyStoreProvider( 4823): TimaSignature is unavailable
D/ActivityThread( 4823): Added TimaKeyStore provider
E/Zygote  ( 4840): MountEmulatedStorage()
E/Zygote  ( 4840): v2
I/SELinux ( 4840): Function: selinux_compare_spd_ram, SPD-policy is existed. and_ver=SEPF_SM-G900H_5.0 ver=13
I/SELinux ( 4840): Function: selinux_compare_spd_ram , priority [1] , priority version is VE=SEPF_SM-G900H_5.0_0013
E/SELinux ( 4840): [DEBUG] get_category: variable seinfo: shared sensitivity: NULL, cateogry: NULL
D/TimaKeyStoreProvider( 4840): TimaSignature is unavailable
D/ActivityThread( 4840): Added TimaKeyStore provider
D/ResourcesManager( 4777): creating new AssetManager and set to /system/app/EmergencyModeService/EmergencyModeService.apk
I/wpa_supplicant( 4466): p2p0: CTRL-EVENT-REGDOM-CHANGE init=USER type=COUNTRY alpha2=AR
E/ConnectivityService( 4320): updateNetworkInfo()
E/Zygote  ( 4857): MountEmulatedStorage()
E/Zygote  ( 4857): v2
I/wpa_supplicant( 4466): nl80211: Received scan results (1 BSSes)
I/SELinux ( 4857): Function: selinux_compare_spd_ram, SPD-policy is existed. and_ver=SEPF_SM-G900H_5.0 ver=13
I/wpa_supplicant( 4466): wlan0: Setting scan request: 0 sec 0 usec
I/wpa_supplicant( 4466): P2P: Current p2p state = IDLE
