I/SurfaceFlinger( 5155): extensions: GL_EXT_debug_marker GL_ARM_rgba8 GL_ARM_mali_shader_binary GL_OES_depth24 GL_OES_depth_texture GL_OES_depth_texture_cube_map GL_OES_packed_depth_stencil GL_OES_rgb8_rgba8 GL_EXT_read_format_bgra GL_OES_compressed_paletted_texture GL_OES_compressed_ETC1_RGB8_texture GL_OES_standard_derivatives GL_OES_EGL_image GL_OES_EGL_image_external GL_OES_EGL_sync GL_OES_texture_npot GL_OES_vertex_half_float GL_OES_required_internalformat GL_OES_vertex_array_object GL_OES_mapbuffer GL_EXT_texture_format_BGRA8888 GL_EXT_texture_rg GL_EXT_texture_type_2_10_10_10_REV GL_OES_fbo_render_mipmap GL_OES_element_index_uint GL_EXT_shadow_samplers GL_OES_texture_compression_astc GL_KHR_texture_compression_astc_ldr GL_KHR_texture_compression_astc_hdr GL_KHR_debug GL_EXT_occlusion_query_boolean GL_EXT_blend_minmax GL_EXT_discard_framebuffer GL_OES_get_program_binary GL_OES_texture_3D GL_EXT_texture_storage GL_EXT_multisampled_render_to_texture GL_OES_surfaceless_context GL_ARM_mali_program_binary 
I/SurfaceFlinger( 5155): GL_MAX_TEXTURE_SIZE = 8192
I/SurfaceFlinger( 5155): GL_MAX_VIEWPORT_DIMS = 8192
E/libEGL  ( 5155): eglQuerySurface:607 error 300d (EGL_BAD_SURFACE)
E/libEGL  ( 5155): eglQuerySurface:607 error 300d (EGL_BAD_SURFACE)
E/libEGL  ( 5155): call to OpenGL ES API with no current context (logged once per thread)
D/SurfaceFlinger( 5155): Set power mode=2, type=0 flinger=0xb6a62000
I/hwcomposer( 5155): int exynos5_blank(hwc_composer_device_1*, int, int):: disp(0), blank(0)
I/hwcomposer( 5155): unblank ioctl failed (display already unblanked)
E/libEGL  ( 5155): eglSwapBuffers:1071 error 300d (EGL_BAD_SURFACE)
F/SurfaceFlinger( 5155): eglSwapBuffers(0x1, 0x0) failed with 0x0000300d
F/libc    ( 5155): Fatal signal 6 (SIGABRT), code -6 in tid 5155 (surfaceflinger)
I/DEBUG   ( 3586): property debug.db.uid not set; NOT waiting for gdb.
I/DEBUG   ( 3586): HINT: adb shell setprop debug.db.uid 100000
I/DEBUG   ( 3586): HINT: adb forward tcp:5039 tcp:5039
I/DEBUG   ( 3586): *** *** *** *** *** *** *** *** *** *** *** *** *** *** *** ***
I/DEBUG   ( 3586): Build fingerprint: 'samsung/cm_k3gxx/k3gxx:5.0.2/LRX22G/88e55c58ed:userdebug/test-keys'
I/DEBUG   ( 3586): Revision: '10'
I/DEBUG   ( 3586): ABI: 'arm'
I/DEBUG   ( 3586): pid: 5155, tid: 5155, name: surfaceflinger  >>> /system/bin/surfaceflinger <<<
I/DEBUG   ( 3586): signal 6 (SIGABRT), code -6 (SI_TKILL), fault addr --------
I/DEBUG   ( 3586): Abort message: 'eglSwapBuffers(0x1, 0x0) failed with 0x0000300d'
I/DEBUG   ( 3586):     r0 00000000  r1 00001423  r2 00000006  r3 00000000
I/DEBUG   ( 3586):     r4 b6ff6114  r5 00000006  r6 0000000b  r7 0000010c
I/DEBUG   ( 3586):     r8 00000000  r9 bed57bd0  sl b6a54210  fp bed57bd0
I/DEBUG   ( 3586):     ip 00001423  sp bed57650  lr b6f807b9  pc b6fa44e4  cpsr 600f0010
I/DEBUG   ( 3586): 
I/DEBUG   ( 3586): backtrace:
I/DEBUG   ( 3586):     #00 pc 000384e4  /system/lib/libc.so (tgkill+12)
I/DEBUG   ( 3586):     #01 pc 000147b5  /system/lib/libc.so (pthread_kill+52)
I/DEBUG   ( 3586):     #02 pc 0001550b  /system/lib/libc.so (raise+10)
I/DEBUG   ( 3586):     #03 pc 00011c35  /system/lib/libc.so (__libc_android_abort+36)
I/DEBUG   ( 3586):     #04 pc 0000fcb8  /system/lib/libc.so (abort+4)
I/DEBUG   ( 3586):     #05 pc 00007739  /system/lib/libcutils.so (__android_log_assert+88)
I/DEBUG   ( 3586):     #06 pc 0000f4df  /system/lib/libsurfaceflinger.so
I/DEBUG   ( 3586):     #07 pc 0001b9fd  /system/lib/libsurfaceflinger.so
I/DEBUG   ( 3586):     #08 pc 0001abe7  /system/lib/libsurfaceflinger.so
I/DEBUG   ( 3586):     #09 pc 00019fc3  /system/lib/libsurfaceflinger.so
I/DEBUG   ( 3586):     #10 pc 00019d49  /system/lib/libsurfaceflinger.so
I/DEBUG   ( 3586):     #11 pc 00010ed3  /system/lib/libutils.so (android::Looper::pollInner(int)+410)
I/DEBUG   ( 3586):     #12 pc 00010fc5  /system/lib/libutils.so (android::Looper::pollOnce(int, int*, int*, void**)+92)
I/DEBUG   ( 3586):     #13 pc 000174c5  /system/lib/libsurfaceflinger.so
I/DEBUG   ( 3586):     #14 pc 0001993d  /system/lib/libsurfaceflinger.so (android::SurfaceFlinger::run()+8)
I/DEBUG   ( 3586):     #15 pc 0000083d  /system/bin/surfaceflinger
I/DEBUG   ( 3586):     #16 pc 0000fb75  /system/lib/libc.so (__libc_init+44)
I/DEBUG   ( 3586):     #17 pc 000008d8  /system/bin/surfaceflinger
W/auditd  ( 3581): type=1325 audit(0.0:1388): table=filter family=10 entries=34
W/ip6tables( 5285): type=1300 audit(0.0:1388): arch=40000028 syscall=294 per=800000 success=yes exit=0 a0=4 a1=29 a2=40 a3=b6c23000 items=0 ppid=5153 auid=4294967295 uid=0 gid=0 euid=0 suid=0 fsuid=0 egid=0 sgid=0 fsgid=0 ses=4294967295 tty=(none) exe="/system/bin/ip6tables" subj=u:r:netd:s0 key=(null)
W/auditd  ( 3581): type=1320 audit(0.0:1388): 
W/auditd  ( 3581): type=1325 audit(0.0:1389): table=filter family=2 entries=38
W/iptables( 5286): type=1300 audit(0.0:1389): arch=40000028 syscall=294 per=800000 success=yes exit=0 a0=4 a1=0 a2=40 a3=b6c25000 items=0 ppid=5153 auid=4294967295 uid=0 gid=0 euid=0 suid=0 fsuid=0 egid=0 sgid=0 fsgid=0 ses=4294967295 tty=(none) exe="/system/bin/iptables" subj=u:r:netd:s0 key=(null)
W/auditd  ( 3581): type=1320 audit(0.0:1389): 
W/auditd  ( 3581): type=1325 audit(0.0:1390): table=filter family=10 entries=36
W/ip6tables( 5287): type=1300 audit(0.0:1390): arch=40000028 syscall=294 per=800000 success=yes exit=0 a0=4 a1=29 a2=40 a3=b6c28000 items=0 ppid=5153 auid=4294967295 uid=0 gid=0 euid=0 suid=0 fsuid=0 egid=0 sgid=0 fsgid=0 ses=4294967295 tty=(none) exe="/system/bin/ip6tables" subj=u:r:netd:s0 key=(null)
W/auditd  ( 3581): type=1320 audit(0.0:1390): 
W/auditd  ( 3581): type=1325 audit(0.0:1391): table=raw family=2 entries=9
W/iptables( 5288): type=1300 audit(0.0:1391): arch=40000028 syscall=294 per=800000 success=yes exit=0 a0=4 a1=0 a2=40 a3=b6c1ba00 items=0 ppid=5153 auid=4294967295 uid=0 gid=0 euid=0 suid=0 fsuid=0 egid=0 sgid=0 fsgid=0 ses=4294967295 tty=(none) exe="/system/bin/iptables" subj=u:r:netd:s0 key=(null)
W/auditd  ( 3581): type=1320 audit(0.0:1391): 
W/auditd  ( 3581): type=1325 audit(0.0:1392): table=raw family=10 entries=9
W/ip6tables( 5289): type=1300 audit(0.0:1392): arch=40000028 syscall=294 per=800000 success=yes exit=0 a0=4 a1=29 a2=40 a3=b6c1d000 items=0 ppid=5153 auid=4294967295 uid=0 gid=0 euid=0 suid=0 fsuid=0 egid=0 sgid=0 fsgid=0 ses=4294967295 tty=(none) exe="/system/bin/ip6tables" subj=u:r:netd:s0 key=(null)
W/auditd  ( 3581): type=1320 audit(0.0:1392): 
W/auditd  ( 3581): type=1325 audit(0.0:1393): table=raw family=2 entries=8
W/iptables( 5290): type=1300 audit(0.0:1393): arch=40000028 syscall=294 per=800000 success=yes exit=0 a0=4 a1=0 a2=40 a3=b6c1ba00 items=0 ppid=5153 auid=4294967295 uid=0 gid=0 euid=0 suid=0 fsuid=0 egid=0 sgid=0 fsgid=0 ses=4294967295 tty=(none) exe="/system/bin/iptables" subj=u:r:netd:s0 key=(null)
W/auditd  ( 3581): type=1320 audit(0.0:1393): 
W/auditd  ( 3581): type=1325 audit(0.0:1394): table=raw family=10 entries=8
W/ip6tables( 5291): type=1300 audit(0.0:1394): arch=40000028 syscall=294 per=800000 success=yes exit=0 a0=4 a1=29 a2=40 a3=b6c32800 items=0 ppid=5153 auid=4294967295 uid=0 gid=0 euid=0 suid=0 fsuid=0 egid=0 sgid=0 fsgid=0 ses=4294967295 tty=(none) exe="/system/bin/ip6tables" subj=u:r:netd:s0 key=(null)
I/ServiceManager( 5156): Waiting for service batterystats...
I/DEBUG   ( 3586): 
I/DEBUG   ( 3586): Tombstone written to: /data/tombstones/tombstone_06
I/ServiceManager( 3570): service 'SurfaceFlinger' died
I/ServiceManager( 3570): service 'Exynos.HWCService' died
I/ServiceManager( 3570): service 'media.wifi_display' died
I/ServiceManager( 3570): service 'media.audio_flinger' died
W/init    ( 5333): type=1400 audit(0.0:1434): avc: denied { entrypoint } for path="/system/bin/auditd" dev="mmcblk0p18" ino=173 scontext=u:r:logd:s0 tcontext=u:object_r:system_file:s0 tclass=file
W/init    ( 5333): type=1300 audit(0.0:1434): arch=40000028 syscall=11 per=800000 success=no exit=-13 a0=b6d80954 a1=b6d65770 a2=57e64 a3=ff0000 items=1 ppid=1 auid=4294967295 uid=0 gid=0 euid=0 suid=0 fsuid=0 egid=0 sgid=0 fsgid=0 ses=4294967295 tty=(none) exe="/init" subj=u:r:init:s0 key=(null)
W/auditd  ( 3581): type=1307 audit(0.0:1434): cwd="/"
W/auditd  ( 3581): type=1302 audit(0.0:1434): item=0 name="/system/bin/auditd" inode=173 dev=103:0a mode=0100755 ouid=0 ogid=2000 rdev=00:00 obj=u:object_r:system_file:s0
W/auditd  ( 3581): type=1320 audit(0.0:1434): 
I/Netd    ( 5334): Netd 1.0 starting
E/Netd    ( 5334): Failed to open /proc/sys/net/ipv6/conf/default/accept_ra_rt_table: No such file or directory
E/Netd    ( 5334): Failed to open /proc/sys/net/ipv6/conf/ip6tnl0/accept_ra_rt_table: No such file or directory
E/Netd    ( 5334): Failed to open /proc/sys/net/ipv6/conf/lo/accept_ra_rt_table: No such file or directory
E/Netd    ( 5334): Failed to open /proc/sys/net/ipv6/conf/rmnet0/accept_ra_rt_table: No such file or directory
E/Netd    ( 5334): Failed to open /proc/sys/net/ipv6/conf/rmnet1/accept_ra_rt_table: No such file or directory
E/Netd    ( 5334): Failed to open /proc/sys/net/ipv6/conf/rmnet2/accept_ra_rt_table: No such file or directory
E/Netd    ( 5334): Failed to open /proc/sys/net/ipv6/conf/rmnet3/accept_ra_rt_table: No such file or directory
E/Netd    ( 5334): Failed to open /proc/sys/net/ipv6/conf/sit0/accept_ra_rt_table: No such file or directory
W/auditd  ( 3581): type=1325 audit(0.0:1435): table=filter family=2 entries=39
W/iptables( 5340): type=1300 audit(0.0:1435): arch=40000028 syscall=294 per=800000 success=yes exit=0 a0=4 a1=0 a2=40 a3=b6c25000 items=0 ppid=5334 auid=4294967295 uid=0 gid=0 euid=0 suid=0 fsuid=0 egid=0 sgid=0 fsgid=0 ses=4294967295 tty=(none) exe="/system/bin/iptables" subj=u:r:netd:s0 key=(null)
W/auditd  ( 3581): type=1320 audit(0.0:1435): 
I/SurfaceFlinger( 5336): SurfaceFlinger is starting
I/SurfaceFlinger( 5336): SurfaceFlinger's main thread ready to run. Initializing graphics H/W...
W/auditd  ( 3581): type=1325 audit(0.0:1436): table=filter family=10 entries=37
W/ip6tables( 5342): type=1300 audit(0.0:1436): arch=40000028 syscall=294 per=800000 success=yes exit=0 a0=4 a1=29 a2=40 a3=b6c28000 items=0 ppid=5334 auid=4294967295 uid=0 gid=0 euid=0 suid=0 fsuid=0 egid=0 sgid=0 fsgid=0 ses=4294967295 tty=(none) exe="/system/bin/ip6tables" subj=u:r:netd:s0 key=(null)
W/auditd  ( 3581): type=1320 audit(0.0:1436): 
W/auditd  ( 3581): type=1325 audit(0.0:1437): table=filter family=2 entries=38
W/iptables( 5346): type=1300 audit(0.0:1437): arch=40000028 syscall=294 per=800000 success=yes exit=0 a0=4 a1=0 a2=40 a3=b6c22000 items=0 ppid=5334 auid=4294967295 uid=0 gid=0 euid=0 suid=0 fsuid=0 egid=0 sgid=0 fsgid=0 ses=4294967295 tty=(none) exe="/system/bin/iptables" subj=u:r:netd:s0 key=(null)
W/auditd  ( 3581): type=1320 audit(0.0:1437): 
W/auditd  ( 3581): type=1325 audit(0.0:1438): table=filter family=10 entries=36
W/ip6tables( 5347): type=1300 audit(0.0:1438): arch=40000028 syscall=294 per=800000 success=yes exit=0 a0=4 a1=29 a2=40 a3=b6c23000 items=0 ppid=5334 auid=4294967295 uid=0 gid=0 euid=0 suid=0 fsuid=0 egid=0 sgid=0 fsgid=0 ses=4294967295 tty=(none) exe="/system/bin/ip6tables" subj=u:r:netd:s0 key=(null)
W/auditd  ( 3581): type=1320 audit(0.0:1438): 
D/libEGL  ( 5336): loaded /vendor/lib/egl/libGLES_mali.so
W/auditd  ( 3581): type=1325 audit(0.0:1439): table=filter family=2 entries=38
W/iptables( 5348): type=1300 audit(0.0:1439): arch=40000028 syscall=294 per=800000 success=yes exit=0 a0=4 a1=0 a2=40 a3=b6c22000 items=0 ppid=5334 auid=4294967295 uid=0 gid=0 euid=0 suid=0 fsuid=0 egid=0 sgid=0 fsgid=0 ses=4294967295 tty=(none) exe="/system/bin/iptables" subj=u:r:netd:s0 key=(null)
W/auditd  ( 3581): type=1320 audit(0.0:1439): 
I/        ( 5336): PLATFORM VERSION : JB-MR-2
D/AndroidRuntime( 5339): 
D/AndroidRuntime( 5339): >>>>>> AndroidRuntime START com.android.internal.os.ZygoteInit <<<<<<
D/AndroidRuntime( 5339): CheckJNI is OFF
I/art     ( 5339): option[0]=-Xzygote
I/art     ( 5339): option[1]=-Xstacktracefile:/data/anr/traces.txt
I/art     ( 5339): option[2]=exit
I/art     ( 5339): option[3]=vfprintf
I/art     ( 5339): option[4]=sensitiveThread
I/art     ( 5339): option[5]=-verbose:gc
I/art     ( 5339): option[6]=-Xms8m
I/art     ( 5339): option[7]=-Xmx512m
I/art     ( 5339): option[8]=-XX:mainThreadStackSize=24K
I/art     ( 5339): option[9]=-XX:HeapGrowthLimit=128m
I/art     ( 5339): option[10]=-XX:HeapMinFree=2m
I/art     ( 5339): option[11]=-XX:HeapMaxFree=8m
I/art     ( 5339): option[12]=-XX:HeapTargetUtilization=0.75
I/art     ( 5339): option[13]=-agentlib:jdwp=transport=dt_android_adb,suspend=n,server=y
I/art     ( 5339): option[14]=-Xlockprofthreshold:500
I/art     ( 5339): option[15]=-Ximage-compiler-option
I/art     ( 5339): option[16]=--runtime-arg
I/art     ( 5339): option[17]=-Ximage-compiler-option
I/art     ( 5339): option[18]=-Xms64m
I/art     ( 5339): option[19]=-Ximage-compiler-option
I/art     ( 5339): option[20]=--runtime-arg
I/art     ( 5339): option[21]=-Ximage-compiler-option
I/art     ( 5339): option[22]=-Xmx64m
I/art     ( 5339): option[23]=-Ximage-compiler-option
I/art     ( 5339): option[24]=--image-classes-zip=/system/framework/framework.jar
I/art     ( 5339): option[25]=-Ximage-compiler-option
I/art     ( 5339): option[26]=--image-classes=preloaded-classes
I/art     ( 5339): option[27]=-Xcompiler-option
I/art     ( 5339): option[28]=--runtime-arg
I/art     ( 5339): option[29]=-Xcompiler-option
I/art     ( 5339): option[30]=-Xms64m
I/art     ( 5339): option[31]=-Xcompiler-option
I/art     ( 5339): option[32]=--runtime-arg
I/art     ( 5339): option[33]=-Xcompiler-option
I/art     ( 5339): option[34]=-Xmx512m
I/art     ( 5339): option[35]=-Duser.language=es
I/art     ( 5339): option[36]=-Duser.region=US
I/art     ( 5339): Pruning dalvik-cache since we are generating an image and will need to recompile
W/art     ( 5339): Unexpected file type of 
W/art     ( 5339):  encountered.
I/art     ( 5339): Using an offset of 0xffb88000 from default art base address of 0x70000000
I/art     ( 5339): GenerateImage: /system/bin/dex2oat --image=/data/dalvik-cache/arm/system@framework@boot.art --dex-file=/system/framework/core-libart.jar --dex-file=/system/framework/conscrypt.jar --dex-file=/system/framework/okhttp.jar --dex-file=/system/framework/core-junit.jar --dex-file=/system/framework/bouncycastle.jar --dex-file=/system/framework/ext.jar --dex-file=/system/framework/framework.jar --dex-file=/system/framework/telephony-common.jar --dex-file=/system/framework/voip-common.jar --dex-file=/system/framework/ims-common.jar --dex-file=/system/framework/mms-common.jar --dex-file=/system/framework/android.policy.jar --dex-file=/system/framework/apache-xml.jar --oat-file=/data/dalvik-cache/arm/system@framework@boot.oat --instruction-set=arm --instruction-set-features=div --base=0x6fb88000 --runtime-arg -Xms64m --runtime-arg -Xmx64m --image-classes-zip=/system/framework/framework.jar --image-classes=preloaded-classes
I/mediaserver( 5337): ServiceManager: 0xb60500c0
I/AudioFlinger( 5337): Using default 3000 mSec as standby time.
I/ServiceManager( 5337): Waiting for service batterystats...
I/gralloc ( 5336): using (fd=12)
I/gralloc ( 5336): id           = 
I/gralloc ( 5336): xres         = 1080 px
I/gralloc ( 5336): yres         = 1920 px
I/gralloc ( 5336): xres_virtual = 1080 px
I/gralloc ( 5336): yres_virtual = 3840 px
I/gralloc ( 5336): bpp          = 32
I/gralloc ( 5336): r            = 16:8
I/gralloc ( 5336): g            =  8:8
I/gralloc ( 5336): b            =  0:8
I/gralloc ( 5336): width        = 65 mm (422.030762 dpi)
I/gralloc ( 5336): height       = 115 mm (424.069580 dpi)
I/gralloc ( 5336): refresh rate = 60.00 Hz
W/art     ( 5339): Unexpected file type of 
W/art     ( 5339):  encountered.
W/art     ( 5339): Could not create image space with image file '/system/framework/boot.art'. Attempting to fall back to imageless running. Error was: Failed to generate image '/data/dalvik-cache/arm/system@framework@boot.art': Failed execv(/system/bin/dex2oat --image=/data/dalvik-cache/arm/system@framework@boot.art --dex-file=/system/framework/core-libart.jar --dex-file=/system/framework/conscrypt.jar --dex-file=/system/framework/okhttp.jar --dex-file=/system/framework/core-junit.jar --dex-file=/system/framework/bouncycastle.jar --dex-file=/system/framework/ext.jar --dex-file=/system/framework/framework.jar --dex-file=/system/framework/telephony-common.jar --dex-file=/system/framework/voip-common.jar --dex-file=/system/framework/ims-common.jar --dex-file=/system/framework/mms-common.jar --dex-file=/system/framework/android.policy.jar --dex-file=/system/framework/apache-xml.jar --oat-file=/data/dalvik-cache/arm/system@framework@boot.oat --instruction-set=arm --instruction-set-features=div --base=0x6fb88000 --runtime-arg -Xms64
D/hwcomposer( 5336): using
D/hwcomposer( 5336): xres         = 1080 px
D/hwcomposer( 5336): yres         = 1920 px
D/hwcomposer( 5336): width        = 65 mm (422.030000 dpi)
D/hwcomposer( 5336): height       = 115 mm (424.069000 dpi)
D/hwcomposer( 5336): refresh rate = 60 Hz
E/libexynosv4l2-subdev( 5336): no subdev device found
E/hdmi    ( 5336): failed to open hdmi mixer0 subdev
E/hwcomposer( 5336): openHdmi fail
I/hwcomposer( 5336): PSR info devname = /sys/devices/14400000.fimd_fb/psr_info
I/hwcomposer( 5336): PSR mode is 2(0: video mode, 1: DP PSR mode, 2: MIPI-DSI command mode)
I/SurfaceFlinger( 5336): Using composer version 1.3
I/SurfaceFlinger( 5336): EGL information:
I/SurfaceFlinger( 5336): vendor    : Android
I/SurfaceFlinger( 5336): version   : 1.4 Android META-EGL
I/SurfaceFlinger( 5336): extensions: EGL_KHR_get_all_proc_addresses EGL_ANDROID_presentation_time EGL_KHR_image EGL_KHR_image_base EGL_KHR_gl_texture_2D_image EGL_KHR_gl_texture_cubemap_image EGL_KHR_gl_renderbuffer_image EGL_KHR_fence_sync EGL_KHR_create_context EGL_ANDROID_image_native_buffer EGL_KHR_wait_sync EGL_ANDROID_recordable 
I/SurfaceFlinger( 5336): Client API: OpenGL_ES
I/SurfaceFlinger( 5336): EGLSurface: 8-8-8-8, config=0xb69cf2ac
I/SurfaceFlinger( 5336): OpenGL ES informations:
I/SurfaceFlinger( 5336): vendor    : ARM
I/SurfaceFlinger( 5336): renderer  : Mali-T628
I/SurfaceFlinger( 5336): version   : OpenGL ES 3.0
I/SurfaceFlinger( 5336): extensions: GL_EXT_debug_marker GL_ARM_rgba8 GL_ARM_mali_shader_binary GL_OES_depth24 GL_OES_depth_texture GL_OES_depth_texture_cube_map GL_OES_packed_depth_stencil GL_OES_rgb8_rgba8 GL_EXT_read_format_bgra GL_OES_compressed_paletted_texture GL_OES_compressed_ETC1_RGB8_texture GL_OES_standard_derivatives GL_OES_EGL_image GL_OES_EGL_image_external GL_OES_EGL_sync GL_OES_texture_npot GL_OES_vertex_half_float GL_OES_required_internalformat GL_OES_vertex_array_object GL_OES_mapbuffer GL_EXT_texture_format_BGRA8888 GL_EXT_texture_rg GL_EXT_texture_type_2_10_10_10_REV GL_OES_fbo_render_mipmap GL_OES_element_index_uint GL_EXT_shadow_samplers GL_OES_texture_compression_astc GL_KHR_texture_compression_astc_ldr GL_KHR_texture_compression_astc_hdr GL_KHR_debug GL_EXT_occlusion_query_boolean GL_EXT_blend_minmax GL_EXT_discard_framebuffer GL_OES_get_program_binary GL_OES_texture_3D GL_EXT_texture_storage GL_EXT_multisampled_render_to_texture GL_OES_surfaceless_context GL_ARM_mali_program_binary 
I/SurfaceFlinger( 5336): GL_MAX_TEXTURE_SIZE = 8192
I/SurfaceFlinger( 5336): GL_MAX_VIEWPORT_DIMS = 8192
E/libEGL  ( 5336): eglQuerySurface:607 error 300d (EGL_BAD_SURFACE)
E/libEGL  ( 5336): eglQuerySurface:607 error 300d (EGL_BAD_SURFACE)
E/libEGL  ( 5336): call to OpenGL ES API with no current context (logged once per thread)
D/SurfaceFlinger( 5336): Set power mode=2, type=0 flinger=0xb6962000
I/hwcomposer( 5336): int exynos5_blank(hwc_composer_device_1*, int, int):: disp(0), blank(0)
I/hwcomposer( 5336): unblank ioctl failed (display already unblanked)
E/libEGL  ( 5336): eglSwapBuffers:1071 error 300d (EGL_BAD_SURFACE)
F/SurfaceFlinger( 5336): eglSwapBuffers(0x1, 0x0) failed with 0x0000300d
F/libc    ( 5336): Fatal signal 6 (SIGABRT), code -6 in tid 5336 (surfaceflinger)
I/DEBUG   ( 3586): property debug.db.uid not set; NOT waiting for gdb.
I/DEBUG   ( 3586): HINT: adb shell setprop debug.db.uid 100000
I/DEBUG   ( 3586): HINT: adb forward tcp:5039 tcp:5039
I/DEBUG   ( 3586): *** *** *** *** *** *** *** *** *** *** *** *** *** *** *** ***
I/DEBUG   ( 3586): Build fingerprint: 'samsung/cm_k3gxx/k3gxx:5.0.2/LRX22G/88e55c58ed:userdebug/test-keys'
I/DEBUG   ( 3586): Revision: '10'
I/DEBUG   ( 3586): ABI: 'arm'
I/DEBUG   ( 3586): pid: 5336, tid: 5336, name: surfaceflinger  >>> /system/bin/surfaceflinger <<<
I/DEBUG   ( 3586): signal 6 (SIGABRT), code -6 (SI_TKILL), fault addr --------
I/DEBUG   ( 3586): Abort message: 'eglSwapBuffers(0x1, 0x0) failed with 0x0000300d'
I/DEBUG   ( 3586):     r0 00000000  r1 000014d8  r2 00000006  r3 00000000
I/DEBUG   ( 3586):     r4 b6f05114  r5 00000006  r6 0000000b  r7 0000010c
I/DEBUG   ( 3586):     r8 00000000  r9 bec13bd0  sl b6954210  fp bec13bd0
I/DEBUG   ( 3586):     ip 000014d8  sp bec13650  lr b6e8f7b9  pc b6eb34e4  cpsr 600f0010
I/DEBUG   ( 3586): 
I/DEBUG   ( 3586): backtrace:
I/DEBUG   ( 3586):     #00 pc 000384e4  /system/lib/libc.so (tgkill+12)
I/DEBUG   ( 3586):     #01 pc 000147b5  /system/lib/libc.so (pthread_kill+52)
I/DEBUG   ( 3586):     #02 pc 0001550b  /system/lib/libc.so (raise+10)
I/DEBUG   ( 3586):     #03 pc 00011c35  /system/lib/libc.so (__libc_android_abort+36)
I/DEBUG   ( 3586):     #04 pc 0000fcb8  /system/lib/libc.so (abort+4)
I/DEBUG   ( 3586):     #05 pc 00007739  /system/lib/libcutils.so (__android_log_assert+88)
I/DEBUG   ( 3586):     #06 pc 0000f4df  /system/lib/libsurfaceflinger.so
I/DEBUG   ( 3586):     #07 pc 0001b9fd  /system/lib/libsurfaceflinger.so
I/DEBUG   ( 3586):     #08 pc 0001abe7  /system/lib/libsurfaceflinger.so
I/DEBUG   ( 3586):     #09 pc 00019fc3  /system/lib/libsurfaceflinger.so
I/DEBUG   ( 3586):     #10 pc 00019d49  /system/lib/libsurfaceflinger.so
I/DEBUG   ( 3586):     #11 pc 00010ed3  /system/lib/libutils.so (android::Looper::pollInner(int)+410)
I/DEBUG   ( 3586):     #12 pc 00010fc5  /system/lib/libutils.so (android::Looper::pollOnce(int, int*, int*, void**)+92)
I/DEBUG   ( 3586):     #13 pc 000174c5  /system/lib/libsurfaceflinger.so
I/DEBUG   ( 3586):     #14 pc 0001993d  /system/lib/libsurfaceflinger.so (android::SurfaceFlinger::run()+8)
I/DEBUG   ( 3586):     #15 pc 0000083d  /system/bin/surfaceflinger
I/DEBUG   ( 3586):     #16 pc 0000fb75  /system/lib/libc.so (__libc_init+44)
I/DEBUG   ( 3586):     #17 pc 000008d8  /system/bin/surfaceflinger
W/auditd  ( 3581): type=1325 audit(0.0:1566): table=raw family=10 entries=9
W/ip6tables( 5479): type=1300 audit(0.0:1566): arch=40000028 syscall=294 per=800000 success=yes exit=0 a0=4 a1=29 a2=40 a3=b6c1d000 items=0 ppid=5334 auid=4294967295 uid=0 gid=0 euid=0 suid=0 fsuid=0 egid=0 sgid=0 fsgid=0 ses=4294967295 tty=(none) exe="/system/bin/ip6tables" subj=u:r:netd:s0 key=(null)
W/auditd  ( 3581): type=1320 audit(0.0:1566): 
W/auditd  ( 3581): type=1325 audit(0.0:1567): table=raw family=2 entries=8
W/iptables( 5480): type=1300 audit(0.0:1567): arch=40000028 syscall=294 per=800000 success=yes exit=0 a0=4 a1=0 a2=40 a3=b6c1ba00 items=0 ppid=5334 auid=4294967295 uid=0 gid=0 euid=0 suid=0 fsuid=0 egid=0 sgid=0 fsgid=0 ses=4294967295 tty=(none) exe="/system/bin/iptables" subj=u:r:netd:s0 key=(null)
W/auditd  ( 3581): type=1320 audit(0.0:1567): 
W/auditd  ( 3581): type=1325 audit(0.0:1568): table=raw family=10 entries=8
W/ip6tables( 5481): type=1300 audit(0.0:1568): arch=40000028 syscall=294 per=800000 success=yes exit=0 a0=4 a1=29 a2=40 a3=b6c32800 items=0 ppid=5334 auid=4294967295 uid=0 gid=0 euid=0 suid=0 fsuid=0 egid=0 sgid=0 fsgid=0 ses=4294967295 tty=(none) exe="/system/bin/ip6tables" subj=u:r:netd:s0 key=(null)
W/auditd  ( 3581): type=1320 audit(0.0:1568): 
W/auditd  ( 3581): type=1325 audit(0.0:1569): table=raw family=2 entries=8
W/iptables( 5482): type=1300 audit(0.0:1569): arch=40000028 syscall=294 per=800000 success=yes exit=0 a0=4 a1=0 a2=40 a3=b6c30100 items=0 ppid=5334 auid=4294967295 uid=0 gid=0 euid=0 suid=0 fsuid=0 egid=0 sgid=0 fsgid=0 ses=4294967295 tty=(none) exe="/system/bin/iptables" subj=u:r:netd:s0 key=(null)
W/auditd  ( 3581): type=1320 audit(0.0:1569): 
W/auditd  ( 3581): type=1325 audit(0.0:1570): table=raw family=10 entries=8
W/ip6tables( 5483): type=1300 audit(0.0:1570): arch=40000028 syscall=294 per=800000 success=yes exit=0 a0=4 a1=29 a2=40 a3=b6c32400 items=0 ppid=5334 auid=4294967295 uid=0 gid=0 euid=0 suid=0 fsuid=0 egid=0 sgid=0 fsgid=0 ses=4294967295 tty=(none) exe="/system/bin/ip6tables" subj=u:r:netd:s0 key=(null)
W/auditd  ( 3581): type=1320 audit(0.0:1570): 
W/auditd  ( 3581): type=1325 audit(0.0:1571): table=raw family=2 entries=6
W/iptables( 5484): type=1300 audit(0.0:1571): arch=40000028 syscall=294 per=800000 success=yes exit=0 a0=4 a1=0 a2=40 a3=b6c20400 items=0 ppid=5334 auid=4294967295 uid=0 gid=0 euid=0 suid=0 fsuid=0 egid=0 sgid=0 fsgid=0 ses=4294967295 tty=(none) exe="/system/bin/iptables" subj=u:r:netd:s0 key=(null)
W/auditd  ( 3581): type=1320 audit(0.0:1571): 
W/auditd  ( 3581): type=1325 audit(0.0:1572): table=raw family=10 entries=6
W/ip6tables( 5485): type=1300 audit(0.0:1572): arch=40000028 syscall=294 per=800000 success=yes exit=0 a0=4 a1=29 a2=40 a3=b6c31800 items=0 ppid=5334 auid=4294967295 uid=0 gid=0 euid=0 suid=0 fsuid=0 egid=0 sgid=0 fsgid=0 ses=4294967295 tty=(none) exe="/system/bin/ip6tables" subj=u:r:netd:s0 key=(null)
I/ServiceManager( 5337): Waiting for service batterystats...
V/NatController( 5334): runCmd(/system/bin/iptables -F natctrl_FORWARD) res=0
V/NatController( 5334): runCmd(/system/bin/iptables -A natctrl_FORWARD -j DROP) res=0
V/NatController( 5334): runCmd(/system/bin/iptables -t nat -F natctrl_nat_POSTROUTING) res=0
V/NatController( 5334): runCmd(/system/bin/iptables -F natctrl_tether_counters) res=0
I/DEBUG   ( 3586): 
I/DEBUG   ( 3586): Tombstone written to: /data/tombstones/tombstone_07
V/NatController( 5334): runCmd(/system/bin/iptables -X natctrl_tether_counters) res=0
V/NatController( 5334): runCmd(/system/bin/iptables -N natctrl_tether_counters) res=0
V/NatController( 5334): runCmd(/system/bin/iptables -t mangle -A natctrl_mangle_FORWARD -p tcp --tcp-flags SYN SYN -j TCPMSS --clamp-mss-to-pmtu) res=0
I/ServiceManager( 3570): service 'SurfaceFlinger' died
I/ServiceManager( 3570): service 'Exynos.HWCService' died
I/ServiceManager( 3570): service 'media.wifi_display' died
I/ServiceManager( 3570): service 'media.audio_flinger' died
W/init    ( 5542): type=1400 audit(0.0:1626): avc: denied { entrypoint } for path="/system/bin/auditd" dev="mmcblk0p18" ino=173 scontext=u:r:logd:s0 tcontext=u:object_r:system_file:s0 tclass=file
W/init    ( 5542): type=1300 audit(0.0:1626): arch=40000028 syscall=11 per=800000 success=no exit=-13 a0=b6d80954 a1=b6d65770 a2=57e64 a3=ff0000 items=1 ppid=1 auid=4294967295 uid=0 gid=0 euid=0 suid=0 fsuid=0 egid=0 sgid=0 fsgid=0 ses=4294967295 tty=(none) exe="/init" subj=u:r:init:s0 key=(null)
W/auditd  ( 3581): type=1307 audit(0.0:1626): cwd="/"
W/auditd  ( 3581): type=1302 audit(0.0:1626): item=0 name="/system/bin/auditd" inode=173 dev=103:0a mode=0100755 ouid=0 ogid=2000 rdev=00:00 obj=u:object_r:system_file:s0
W/auditd  ( 3581): type=1320 audit(0.0:1626): 
I/Netd    ( 5543): Netd 1.0 starting
E/Netd    ( 5543): Failed to open /proc/sys/net/ipv6/conf/default/accept_ra_rt_table: No such file or directory
E/Netd    ( 5543): Failed to open /proc/sys/net/ipv6/conf/ip6tnl0/accept_ra_rt_table: No such file or directory
E/Netd    ( 5543): Failed to open /proc/sys/net/ipv6/conf/lo/accept_ra_rt_table: No such file or directory
E/Netd    ( 5543): Failed to open /proc/sys/net/ipv6/conf/rmnet0/accept_ra_rt_table: No such file or directory
E/Netd    ( 5543): Failed to open /proc/sys/net/ipv6/conf/rmnet1/accept_ra_rt_table: No such file or directory
E/Netd    ( 5543): Failed to open /proc/sys/net/ipv6/conf/rmnet2/accept_ra_rt_table: No such file or directory
E/Netd    ( 5543): Failed to open /proc/sys/net/ipv6/conf/rmnet3/accept_ra_rt_table: No such file or directory
E/Netd    ( 5543): Failed to open /proc/sys/net/ipv6/conf/sit0/accept_ra_rt_table: No such file or directory
I/SurfaceFlinger( 5545): SurfaceFlinger is starting
I/SurfaceFlinger( 5545): SurfaceFlinger's main thread ready to run. Initializing graphics H/W...
W/auditd  ( 3581): type=1325 audit(0.0:1627): table=filter family=2 entries=40
W/iptables( 5549): type=1300 audit(0.0:1627): arch=40000028 syscall=294 per=800000 success=yes exit=0 a0=4 a1=0 a2=40 a3=b6c25000 items=0 ppid=5543 auid=4294967295 uid=0 gid=0 euid=0 suid=0 fsuid=0 egid=0 sgid=0 fsgid=0 ses=4294967295 tty=(none) exe="/system/bin/iptables" subj=u:r:netd:s0 key=(null)
W/auditd  ( 3581): type=1320 audit(0.0:1627): 
W/auditd  ( 3581): type=1325 audit(0.0:1628): table=filter family=10 entries=37
W/ip6tables( 5553): type=1300 audit(0.0:1628): arch=40000028 syscall=294 per=800000 success=yes exit=0 a0=4 a1=29 a2=40 a3=b6c28000 items=0 ppid=5543 auid=4294967295 uid=0 gid=0 euid=0 suid=0 fsuid=0 egid=0 sgid=0 fsgid=0 ses=4294967295 tty=(none) exe="/system/bin/ip6tables" subj=u:r:netd:s0 key=(null)
W/auditd  ( 3581): type=1320 audit(0.0:1628): 
W/auditd  ( 3581): type=1325 audit(0.0:1629): table=filter family=2 entries=39
W/iptables( 5554): type=1300 audit(0.0:1629): arch=40000028 syscall=294 per=800000 success=yes exit=0 a0=4 a1=0 a2=40 a3=b6c22000 items=0 ppid=5543 auid=4294967295 uid=0 gid=0 euid=0 suid=0 fsuid=0 egid=0 sgid=0 fsgid=0 ses=4294967295 tty=(none) exe="/system/bin/iptables" subj=u:r:netd:s0 key=(null)
W/auditd  ( 3581): type=1320 audit(0.0:1629): 
D/libEGL  ( 5545): loaded /vendor/lib/egl/libGLES_mali.so
W/auditd  ( 3581): type=1325 audit(0.0:1630): table=filter family=10 entries=36
W/ip6tables( 5556): type=1300 audit(0.0:1630): arch=40000028 syscall=294 per=800000 success=yes exit=0 a0=4 a1=29 a2=40 a3=b6c23000 items=0 ppid=5543 auid=4294967295 uid=0 gid=0 euid=0 suid=0 fsuid=0 egid=0 sgid=0 fsgid=0 ses=4294967295 tty=(none) exe="/system/bin/ip6tables" subj=u:r:netd:s0 key=(null)
W/auditd  ( 3581): type=1320 audit(0.0:1630): 
W/auditd  ( 3581): type=1325 audit(0.0:1631): table=filter family=2 entries=39
W/iptables( 5557): type=1300 audit(0.0:1631): arch=40000028 syscall=294 per=800000 success=yes exit=0 a0=4 a1=0 a2=40 a3=b6c22000 items=0 ppid=5543 auid=4294967295 uid=0 gid=0 euid=0 suid=0 fsuid=0 egid=0 sgid=0 fsgid=0 ses=4294967295 tty=(none) exe="/system/bin/iptables" subj=u:r:netd:s0 key=(null)
W/auditd  ( 3581): type=1320 audit(0.0:1631): 
I/        ( 5545): PLATFORM VERSION : JB-MR-2
I/gralloc ( 5545): using (fd=12)
I/gralloc ( 5545): id           = 
I/gralloc ( 5545): xres         = 1080 px
I/gralloc ( 5545): yres         = 1920 px
I/gralloc ( 5545): xres_virtual = 1080 px
I/gralloc ( 5545): yres_virtual = 3840 px
I/gralloc ( 5545): bpp          = 32
I/gralloc ( 5545): r            = 16:8
I/gralloc ( 5545): g            =  8:8
I/gralloc ( 5545): b            =  0:8
I/gralloc ( 5545): width        = 65 mm (422.030762 dpi)
I/gralloc ( 5545): height       = 115 mm (424.069580 dpi)
I/gralloc ( 5545): refresh rate = 60.00 Hz
D/AndroidRuntime( 5548): 
D/AndroidRuntime( 5548): >>>>>> AndroidRuntime START com.android.internal.os.ZygoteInit <<<<<<
D/AndroidRuntime( 5548): CheckJNI is OFF
I/art     ( 5548): option[0]=-Xzygote
I/art     ( 5548): option[1]=-Xstacktracefile:/data/anr/traces.txt
I/art     ( 5548): option[2]=exit
I/art     ( 5548): option[3]=vfprintf
I/art     ( 5548): option[4]=sensitiveThread
I/art     ( 5548): option[5]=-verbose:gc
I/art     ( 5548): option[6]=-Xms8m
I/art     ( 5548): option[7]=-Xmx512m
I/art     ( 5548): option[8]=-XX:mainThreadStackSize=24K
I/art     ( 5548): option[9]=-XX:HeapGrowthLimit=128m
I/art     ( 5548): option[10]=-XX:HeapMinFree=2m
I/art     ( 5548): option[11]=-XX:HeapMaxFree=8m
I/art     ( 5548): option[12]=-XX:HeapTargetUtilization=0.75
I/art     ( 5548): option[13]=-agentlib:jdwp=transport=dt_android_adb,suspend=n,server=y
I/art     ( 5548): option[14]=-Xlockprofthreshold:500
I/art     ( 5548): option[15]=-Ximage-compiler-option
I/art     ( 5548): option[16]=--runtime-arg
I/art     ( 5548): option[17]=-Ximage-compiler-option
I/art     ( 5548): option[18]=-Xms64m
I/art     ( 5548): option[19]=-Ximage-compiler-option
I/art     ( 5548): option[20]=--runtime-arg
I/art     ( 5548): option[21]=-Ximage-compiler-option
I/art     ( 5548): option[22]=-Xmx64m
I/art     ( 5548): option[23]=-Ximage-compiler-option
I/art     ( 5548): option[24]=--image-classes-zip=/system/framework/framework.jar
I/art     ( 5548): option[25]=-Ximage-compiler-option
I/art     ( 5548): option[26]=--image-classes=preloaded-classes
I/art     ( 5548): option[27]=-Xcompiler-option
I/art     ( 5548): option[28]=--runtime-arg
I/art     ( 5548): option[29]=-Xcompiler-option
I/art     ( 5548): option[30]=-Xms64m
I/art     ( 5548): option[31]=-Xcompiler-option
I/art     ( 5548): option[32]=--runtime-arg
I/art     ( 5548): option[33]=-Xcompiler-option
I/art     ( 5548): option[34]=-Xmx512m
I/art     ( 5548): option[35]=-Duser.language=es
I/art     ( 5548): option[36]=-Duser.region=US
I/art     ( 5548): Pruning dalvik-cache since we are generating an image and will need to recompile
W/art     ( 5548): Unexpected file type of 
W/art     ( 5548):  encountered.
I/art     ( 5548): Using an offset of 0xffc8d000 from default art base address of 0x70000000
I/art     ( 5548): GenerateImage: /system/bin/dex2oat --image=/data/dalvik-cache/arm/system@framework@boot.art --dex-file=/system/framework/core-libart.jar --dex-file=/system/framework/conscrypt.jar --dex-file=/system/framework/okhttp.jar --dex-file=/system/framework/core-junit.jar --dex-file=/system/framework/bouncycastle.jar --dex-file=/system/framework/ext.jar --dex-file=/system/framework/framework.jar --dex-file=/system/framework/telephony-common.jar --dex-file=/system/framework/voip-common.jar --dex-file=/system/framework/ims-common.jar --dex-file=/system/framework/mms-common.jar --dex-file=/system/framework/android.policy.jar --dex-file=/system/framework/apache-xml.jar --oat-file=/data/dalvik-cache/arm/system@framework@boot.oat --instruction-set=arm --instruction-set-features=div --base=0x6fc8d000 --runtime-arg -Xms64m --runtime-arg -Xmx64m --image-classes-zip=/system/framework/framework.jar --image-classes=preloaded-classes
I/mediaserver( 5546): ServiceManager: 0xb60500c0
I/AudioFlinger( 5546): Using default 3000 mSec as standby time.
I/ServiceManager( 5546): Waiting for service batterystats...
W/art     ( 5548): Unexpected file type of 
W/art     ( 5548):  encountered.
W/art     ( 5548): Could not create image space with image file '/system/framework/boot.art'. Attempting to fall back to imageless running. Error was: Failed to generate image '/data/dalvik-cache/arm/system@framework@boot.art': Failed execv(/system/bin/dex2oat --image=/data/dalvik-cache/arm/system@framework@boot.art --dex-file=/system/framework/core-libart.jar --dex-file=/system/framework/conscrypt.jar --dex-file=/system/framework/okhttp.jar --dex-file=/system/framework/core-junit.jar --dex-file=/system/framework/bouncycastle.jar --dex-file=/system/framework/ext.jar --dex-file=/system/framework/framework.jar --dex-file=/system/framework/telephony-common.jar --dex-file=/system/framework/voip-common.jar --dex-file=/system/framework/ims-common.jar --dex-file=/system/framework/mms-common.jar --dex-file=/system/framework/android.policy.jar --dex-file=/system/framework/apache-xml.jar --oat-file=/data/dalvik-cache/arm/system@framework@boot.oat --instruction-set=arm --instruction-set-features=div --base=0x6fc8d000 --runtime-arg -Xms64
D/hwcomposer( 5545): using
D/hwcomposer( 5545): xres         = 1080 px
D/hwcomposer( 5545): yres         = 1920 px
D/hwcomposer( 5545): width        = 65 mm (422.030000 dpi)
D/hwcomposer( 5545): height       = 115 mm (424.069000 dpi)
D/hwcomposer( 5545): refresh rate = 60 Hz
E/libexynosv4l2-subdev( 5545): no subdev device found
E/hdmi    ( 5545): failed to open hdmi mixer0 subdev
E/hwcomposer( 5545): openHdmi fail
I/hwcomposer( 5545): PSR info devname = /sys/devices/14400000.fimd_fb/psr_info
I/hwcomposer( 5545): PSR mode is 2(0: video mode, 1: DP PSR mode, 2: MIPI-DSI command mode)
I/SurfaceFlinger( 5545): Using composer version 1.3
I/SurfaceFlinger( 5545): EGL information:
I/SurfaceFlinger( 5545): vendor    : Android
I/SurfaceFlinger( 5545): version   : 1.4 Android META-EGL
I/SurfaceFlinger( 5545): extensions: EGL_KHR_get_all_proc_addresses EGL_ANDROID_presentation_time EGL_KHR_image EGL_KHR_image_base EGL_KHR_gl_texture_2D_image EGL_KHR_gl_texture_cubemap_image EGL_KHR_gl_renderbuffer_image EGL_KHR_fence_sync EGL_KHR_create_context EGL_ANDROID_image_native_buffer EGL_KHR_wait_sync EGL_ANDROID_recordable 
I/SurfaceFlinger( 5545): Client API: OpenGL_ES
I/SurfaceFlinger( 5545): EGLSurface: 8-8-8-8, config=0xb6acf2ac
I/SurfaceFlinger( 5545): OpenGL ES informations:
I/SurfaceFlinger( 5545): vendor    : ARM
I/SurfaceFlinger( 5545): renderer  : Mali-T628
I/SurfaceFlinger( 5545): version   : OpenGL ES 3.0
I/SurfaceFlinger( 5545): extensions: GL_EXT_debug_marker GL_ARM_rgba8 GL_ARM_mali_shader_binary GL_OES_depth24 GL_OES_depth_texture GL_OES_depth_texture_cube_map GL_OES_packed_depth_stencil GL_OES_rgb8_rgba8 GL_EXT_read_format_bgra GL_OES_compressed_paletted_texture GL_OES_compressed_ETC1_RGB8_texture GL_OES_standard_derivatives GL_OES_EGL_image GL_OES_EGL_image_external GL_OES_EGL_sync GL_OES_texture_npot GL_OES_vertex_half_float GL_OES_required_internalformat GL_OES_vertex_array_object GL_OES_mapbuffer GL_EXT_texture_format_BGRA8888 GL_EXT_texture_rg GL_EXT_texture_type_2_10_10_10_REV GL_OES_fbo_render_mipmap GL_OES_element_index_uint GL_EXT_shadow_samplers GL_OES_texture_compression_astc GL_KHR_texture_compression_astc_ldr GL_KHR_texture_compression_astc_hdr GL_KHR_debug GL_EXT_occlusion_query_boolean GL_EXT_blend_minmax GL_EXT_discard_framebuffer GL_OES_get_program_binary GL_OES_texture_3D GL_EXT_texture_storage GL_EXT_multisampled_render_to_texture GL_OES_surfaceless_context GL_ARM_mali_program_binary 
I/SurfaceFlinger( 5545): GL_MAX_TEXTURE_SIZE = 8192
I/SurfaceFlinger( 5545): GL_MAX_VIEWPORT_DIMS = 8192
E/libEGL  ( 5545): eglQuerySurface:607 error 300d (EGL_BAD_SURFACE)
E/libEGL  ( 5545): eglQuerySurface:607 error 300d (EGL_BAD_SURFACE)
E/libEGL  ( 5545): call to OpenGL ES API with no current context (logged once per thread)
D/SurfaceFlinger( 5545): Set power mode=2, type=0 flinger=0xb6a62000
I/hwcomposer( 5545): int exynos5_blank(hwc_composer_device_1*, int, int):: disp(0), blank(0)
I/hwcomposer( 5545): unblank ioctl failed (display already unblanked)
E/libEGL  ( 5545): eglSwapBuffers:1071 error 300d (EGL_BAD_SURFACE)
F/SurfaceFlinger( 5545): eglSwapBuffers(0x1, 0x0) failed with 0x0000300d
F/libc    ( 5545): Fatal signal 6 (SIGABRT), code -6 in tid 5545 (surfaceflinger)
I/DEBUG   ( 3586): property debug.db.uid not set; NOT waiting for gdb.
I/DEBUG   ( 3586): HINT: adb shell setprop debug.db.uid 100000
I/DEBUG   ( 3586): HINT: adb forward tcp:5039 tcp:5039
I/DEBUG   ( 3586): *** *** *** *** *** *** *** *** *** *** *** *** *** *** *** ***
I/DEBUG   ( 3586): Build fingerprint: 'samsung/cm_k3gxx/k3gxx:5.0.2/LRX22G/88e55c58ed:userdebug/test-keys'
I/DEBUG   ( 3586): Revision: '10'
I/DEBUG   ( 3586): ABI: 'arm'
I/DEBUG   ( 3586): pid: 5545, tid: 5545, name: surfaceflinger  >>> /system/bin/surfaceflinger <<<
I/DEBUG   ( 3586): signal 6 (SIGABRT), code -6 (SI_TKILL), fault addr --------
I/DEBUG   ( 3586): Abort message: 'eglSwapBuffers(0x1, 0x0) failed with 0x0000300d'
I/DEBUG   ( 3586):     r0 00000000  r1 000015a9  r2 00000006  r3 00000000
I/DEBUG   ( 3586):     r4 b6fa8114  r5 00000006  r6 0000000b  r7 0000010c
I/DEBUG   ( 3586):     r8 00000000  r9 bef54bd0  sl b6a54210  fp bef54bd0
I/DEBUG   ( 3586):     ip 000015a9  sp bef54650  lr b6f327b9  pc b6f564e4  cpsr 600f0010
I/DEBUG   ( 3586): 
I/DEBUG   ( 3586): backtrace:
I/DEBUG   ( 3586):     #00 pc 000384e4  /system/lib/libc.so (tgkill+12)
I/DEBUG   ( 3586):     #01 pc 000147b5  /system/lib/libc.so (pthread_kill+52)
I/DEBUG   ( 3586):     #02 pc 0001550b  /system/lib/libc.so (raise+10)
I/DEBUG   ( 3586):     #03 pc 00011c35  /system/lib/libc.so (__libc_android_abort+36)
I/DEBUG   ( 3586):     #04 pc 0000fcb8  /system/lib/libc.so (abort+4)
I/DEBUG   ( 3586):     #05 pc 00007739  /system/lib/libcutils.so (__android_log_assert+88)
I/DEBUG   ( 3586):     #06 pc 0000f4df  /system/lib/libsurfaceflinger.so
I/DEBUG   ( 3586):     #07 pc 0001b9fd  /system/lib/libsurfaceflinger.so
I/DEBUG   ( 3586):     #08 pc 0001abe7  /system/lib/libsurfaceflinger.so
I/DEBUG   ( 3586):     #09 pc 00019fc3  /system/lib/libsurfaceflinger.so
I/DEBUG   ( 3586):     #10 pc 00019d49  /system/lib/libsurfaceflinger.so
I/DEBUG   ( 3586):     #11 pc 00010ed3  /system/lib/libutils.so (android::Looper::pollInner(int)+410)
I/DEBUG   ( 3586):     #12 pc 00010fc5  /system/lib/libutils.so (android::Looper::pollOnce(int, int*, int*, void**)+92)
I/DEBUG   ( 3586):     #13 pc 000174c5  /system/lib/libsurfaceflinger.so
I/DEBUG   ( 3586):     #14 pc 0001993d  /system/lib/libsurfaceflinger.so (android::SurfaceFlinger::run()+8)
I/DEBUG   ( 3586):     #15 pc 0000083d  /system/bin/surfaceflinger
I/DEBUG   ( 3586):     #16 pc 0000fb75  /system/lib/libc.so (__libc_init+44)
I/DEBUG   ( 3586):     #17 pc 000008d8  /system/bin/surfaceflinger
W/auditd  ( 3581): type=1325 audit(0.0:1757): table=raw family=2 entries=9
W/iptables( 5687): type=1300 audit(0.0:1757): arch=40000028 syscall=294 per=800000 success=yes exit=0 a0=4 a1=0 a2=40 a3=b6c1ba00 items=0 ppid=5543 auid=4294967295 uid=0 gid=0 euid=0 suid=0 fsuid=0 egid=0 sgid=0 fsgid=0 ses=4294967295 tty=(none) exe="/system/bin/iptables" subj=u:r:netd:s0 key=(null)
W/auditd  ( 3581): type=1320 audit(0.0:1757): 
W/auditd  ( 3581): type=1325 audit(0.0:1758): table=raw family=10 entries=9
W/ip6tables( 5688): type=1300 audit(0.0:1758): arch=40000028 syscall=294 per=800000 success=yes exit=0 a0=4 a1=29 a2=40 a3=b6c1d000 items=0 ppid=5543 auid=4294967295 uid=0 gid=0 euid=0 suid=0 fsuid=0 egid=0 sgid=0 fsgid=0 ses=4294967295 tty=(none) exe="/system/bin/ip6tables" subj=u:r:netd:s0 key=(null)
W/auditd  ( 3581): type=1320 audit(0.0:1758): 
W/auditd  ( 3581): type=1325 audit(0.0:1759): table=raw family=2 entries=8
W/iptables( 5689): type=1300 audit(0.0:1759): arch=40000028 syscall=294 per=800000 success=yes exit=0 a0=4 a1=0 a2=40 a3=b6c1ba00 items=0 ppid=5543 auid=4294967295 uid=0 gid=0 euid=0 suid=0 fsuid=0 egid=0 sgid=0 fsgid=0 ses=4294967295 tty=(none) exe="/system/bin/iptables" subj=u:r:netd:s0 key=(null)
W/auditd  ( 3581): type=1320 audit(0.0:1759): 
W/auditd  ( 3581): type=1325 audit(0.0:1760): table=raw family=10 entries=8
W/ip6tables( 5690): type=1300 audit(0.0:1760): arch=40000028 syscall=294 per=800000 success=yes exit=0 a0=4 a1=29 a2=40 a3=b6c32800 items=0 ppid=5543 auid=4294967295 uid=0 gid=0 euid=0 suid=0 fsuid=0 egid=0 sgid=0 fsgid=0 ses=4294967295 tty=(none) exe="/system/bin/ip6tables" subj=u:r:netd:s0 key=(null)
W/auditd  ( 3581): type=1320 audit(0.0:1760): 
W/auditd  ( 3581): type=1325 audit(0.0:1761): table=raw family=2 entries=8
W/iptables( 5691): type=1300 audit(0.0:1761): arch=40000028 syscall=294 per=800000 success=yes exit=0 a0=4 a1=0 a2=40 a3=b6c30100 items=0 ppid=5543 auid=4294967295 uid=0 gid=0 euid=0 suid=0 fsuid=0 egid=0 sgid=0 fsgid=0 ses=4294967295 tty=(none) exe="/system/bin/iptables" subj=u:r:netd:s0 key=(null)
W/auditd  ( 3581): type=1320 audit(0.0:1761): 
W/auditd  ( 3581): type=1325 audit(0.0:1762): table=raw family=10 entries=8
W/ip6tables( 5692): type=1300 audit(0.0:1762): arch=40000028 syscall=294 per=800000 success=yes exit=0 a0=4 a1=29 a2=40 a3=b6c32400 items=0 ppid=5543 auid=4294967295 uid=0 gid=0 euid=0 suid=0 fsuid=0 egid=0 sgid=0 fsgid=0 ses=4294967295 tty=(none) exe="/system/bin/ip6tables" subj=u:r:netd:s0 key=(null)
W/auditd  ( 3581): type=1320 audit(0.0:1762): 
W/auditd  ( 3581): type=1325 audit(0.0:1763): table=raw family=2 entries=6
W/iptables( 5693): type=1300 audit(0.0:1763): arch=40000028 syscall=294 per=800000 success=yes exit=0 a0=4 a1=0 a2=40 a3=b6c20400 items=0 ppid=5543 auid=4294967295 uid=0 gid=0 euid=0 suid=0 fsuid=0 egid=0 sgid=0 fsgid=0 ses=4294967295 tty=(none) exe="/system/bin/iptables" subj=u:r:netd:s0 key=(null)
I/ServiceManager( 5546): Waiting for service batterystats...
V/NatController( 5543): runCmd(/system/bin/iptables -F natctrl_FORWARD) res=0
V/NatController( 5543): runCmd(/system/bin/iptables -A natctrl_FORWARD -j DROP) res=0
I/DEBUG   ( 3586): 
I/DEBUG   ( 3586): Tombstone written to: /data/tombstones/tombstone_08
V/NatController( 5543): runCmd(/system/bin/iptables -t nat -F natctrl_nat_POSTROUTING) res=0
V/NatController( 5543): runCmd(/system/bin/iptables -F natctrl_tether_counters) res=0
V/NatController( 5543): runCmd(/system/bin/iptables -X natctrl_tether_counters) res=0
V/NatController( 5543): runCmd(/system/bin/iptables -N natctrl_tether_counters) res=0
V/NatController( 5543): runCmd(/system/bin/iptables -t mangle -A natctrl_mangle_FORWARD -p tcp --tcp-flags SYN SYN -j TCPMSS --clamp-mss-to-pmtu) res=0
I/ServiceManager( 3570): service 'SurfaceFlinger' died
I/ServiceManager( 3570): service 'Exynos.HWCService' died
I/ServiceManager( 3570): service 'media.wifi_display' died
I/ServiceManager( 3570): service 'media.audio_flinger' died
W/init    ( 5755): type=1400 audit(0.0:1819): avc: denied { entrypoint } for path="/system/bin/auditd" dev="mmcblk0p18" ino=173 scontext=u:r:logd:s0 tcontext=u:object_r:system_file:s0 tclass=file
W/init    ( 5755): type=1300 audit(0.0:1819): arch=40000028 syscall=11 per=800000 success=no exit=-13 a0=b6d80954 a1=b6d65770 a2=57e64 a3=ff0000 items=1 ppid=1 auid=4294967295 uid=0 gid=0 euid=0 suid=0 fsuid=0 egid=0 sgid=0 fsgid=0 ses=4294967295 tty=(none) exe="/init" subj=u:r:init:s0 key=(null)
W/auditd  ( 3581): type=1307 audit(0.0:1819): cwd="/"
W/auditd  ( 3581): type=1302 audit(0.0:1819): item=0 name="/system/bin/auditd" inode=173 dev=103:0a mode=0100755 ouid=0 ogid=2000 rdev=00:00 obj=u:object_r:system_file:s0
W/auditd  ( 3581): type=1320 audit(0.0:1819): 
I/Netd    ( 5756): Netd 1.0 starting
E/Netd    ( 5756): Failed to open /proc/sys/net/ipv6/conf/default/accept_ra_rt_table: No such file or directory
E/Netd    ( 5756): Failed to open /proc/sys/net/ipv6/conf/ip6tnl0/accept_ra_rt_table: No such file or directory
E/Netd    ( 5756): Failed to open /proc/sys/net/ipv6/conf/lo/accept_ra_rt_table: No such file or directory
E/Netd    ( 5756): Failed to open /proc/sys/net/ipv6/conf/rmnet0/accept_ra_rt_table: No such file or directory
E/Netd    ( 5756): Failed to open /proc/sys/net/ipv6/conf/rmnet1/accept_ra_rt_table: No such file or directory
E/Netd    ( 5756): Failed to open /proc/sys/net/ipv6/conf/rmnet2/accept_ra_rt_table: No such file or directory
E/Netd    ( 5756): Failed to open /proc/sys/net/ipv6/conf/rmnet3/accept_ra_rt_table: No such file or directory
E/Netd    ( 5756): Failed to open /proc/sys/net/ipv6/conf/sit0/accept_ra_rt_table: No such file or directory
W/auditd  ( 3581): type=1325 audit(0.0:1820): table=filter family=2 entries=40
W/iptables( 5762): type=1300 audit(0.0:1820): arch=40000028 syscall=294 per=800000 success=yes exit=0 a0=4 a1=0 a2=40 a3=b6c25000 items=0 ppid=5756 auid=4294967295 uid=0 gid=0 euid=0 suid=0 fsuid=0 egid=0 sgid=0 fsgid=0 ses=4294967295 tty=(none) exe="/system/bin/iptables" subj=u:r:netd:s0 key=(null)
W/auditd  ( 3581): type=1320 audit(0.0:1820): 
W/auditd  ( 3581): type=1325 audit(0.0:1821): table=filter family=10 entries=37
W/ip6tables( 5763): type=1300 audit(0.0:1821): arch=40000028 syscall=294 per=800000 success=yes exit=0 a0=4 a1=29 a2=40 a3=b6c28000 items=0 ppid=5756 auid=4294967295 uid=0 gid=0 euid=0 suid=0 fsuid=0 egid=0 sgid=0 fsgid=0 ses=4294967295 tty=(none) exe="/system/bin/ip6tables" subj=u:r:netd:s0 key=(null)
W/auditd  ( 3581): type=1320 audit(0.0:1821): 
W/auditd  ( 3581): type=1325 audit(0.0:1822): table=filter family=2 entries=39
W/iptables( 5764): type=1300 audit(0.0:1822): arch=40000028 syscall=294 per=800000 success=yes exit=0 a0=4 a1=0 a2=40 a3=b6c22000 items=0 ppid=5756 auid=4294967295 uid=0 gid=0 euid=0 suid=0 fsuid=0 egid=0 sgid=0 fsgid=0 ses=4294967295 tty=(none) exe="/system/bin/iptables" subj=u:r:netd:s0 key=(null)
W/auditd  ( 3581): type=1320 audit(0.0:1822): 
I/SurfaceFlinger( 5758): SurfaceFlinger is starting
I/SurfaceFlinger( 5758): SurfaceFlinger's main thread ready to run. Initializing graphics H/W...
W/auditd  ( 3581): type=1325 audit(0.0:1823): table=filter family=10 entries=36
W/ip6tables( 5767): type=1300 audit(0.0:1823): arch=40000028 syscall=294 per=800000 success=yes exit=0 a0=4 a1=29 a2=40 a3=b6c23000 items=0 ppid=5756 auid=4294967295 uid=0 gid=0 euid=0 suid=0 fsuid=0 egid=0 sgid=0 fsgid=0 ses=4294967295 tty=(none) exe="/system/bin/ip6tables" subj=u:r:netd:s0 key=(null)
W/auditd  ( 3581): type=1320 audit(0.0:1823): 
W/auditd  ( 3581): type=1325 audit(0.0:1824): table=filter family=2 entries=39
W/iptables( 5769): type=1300 audit(0.0:1824): arch=40000028 syscall=294 per=800000 success=yes exit=0 a0=4 a1=0 a2=40 a3=b6c22000 items=0 ppid=5756 auid=4294967295 uid=0 gid=0 euid=0 suid=0 fsuid=0 egid=0 sgid=0 fsgid=0 ses=4294967295 tty=(none) exe="/system/bin/iptables" subj=u:r:netd:s0 key=(null)
W/auditd  ( 3581): type=1320 audit(0.0:1824): 
D/libEGL  ( 5758): loaded /vendor/lib/egl/libGLES_mali.so
I/        ( 5758): PLATFORM VERSION : JB-MR-2
D/AndroidRuntime( 5761): 
D/AndroidRuntime( 5761): >>>>>> AndroidRuntime START com.android.internal.os.ZygoteInit <<<<<<
D/AndroidRuntime( 5761): CheckJNI is OFF
I/mediaserver( 5759): ServiceManager: 0xb60500c0
I/AudioFlinger( 5759): Using default 3000 mSec as standby time.
I/art     ( 5761): option[0]=-Xzygote
I/art     ( 5761): option[1]=-Xstacktracefile:/data/anr/traces.txt
I/art     ( 5761): option[2]=exit
I/art     ( 5761): option[3]=vfprintf
I/art     ( 5761): option[4]=sensitiveThread
I/art     ( 5761): option[5]=-verbose:gc
