D/CellBroadcastReceiver( 5509): Service state changed! 1 Full: 1 1 home null null null  Unknown Unknown CSS not supported -1 -1 RoamInd=-1 DefRoamInd=-1 EmergOnly=false Current state=-1
V/Mms     ( 5275): onStart: #1 resultCode: -1 = Activity.RESULT_OK
D/CellBroadcastReceiver( 5509): onReceive Intent { act=android.intent.action.SERVICE_STATE flg=0x10 cmp=com.android.cellbroadcastreceiver/.CellBroadcastReceiver (has extras) }
D/CellBroadcastReceiver( 5509): Intent ACTION_SERVICE_STATE_CHANGED
D/CellBroadcastReceiver( 5509): Service state changed! 1 Full: 1 1 home null null 722310  GSM Unknown CSS not supported -1 -1 RoamInd=-1 DefRoamInd=-1 EmergOnly=true Current state=-1
D/AlertReceiver( 5342): onReceive: a=android.intent.action.PROVIDER_CHANGED Intent { act=android.intent.action.PROVIDER_CHANGED dat=content://com.android.calendar flg=0x10 cmp=com.android.calendar/.alerts.AlertReceiver }
D/AlertService( 5342): 0 Action = android.intent.action.PROVIDER_CHANGED
W/SurfaceFlinger( 3685): Ignoring duplicate VSYNC event from HWC (t=24695143960)
E/SQLiteLog( 5223): (284) automatic index on view_events(_id)
E/WhisperPush( 5484): GcmRecurringRegistration
E/WhisperPush( 5484): java.io.IOException: SERVICE_NOT_AVAILABLE
E/WhisperPush( 5484): 	at com.google.android.gms.gcm.GoogleCloudMessaging.register(Unknown Source)
E/WhisperPush( 5484): 	at org.whispersystems.whisperpush.gcm.GcmHelper.getRegistrationId(GcmHelper.java:65)
E/WhisperPush( 5484): 	at org.whispersystems.whisperpush.WhisperPush$1.doInBackground(WhisperPush.java:52)
E/WhisperPush( 5484): 	at org.whispersystems.whisperpush.WhisperPush$1.doInBackground(WhisperPush.java:48)
E/WhisperPush( 5484): 	at android.os.AsyncTask$2.call(AsyncTask.java:288)
E/WhisperPush( 5484): 	at java.util.concurrent.FutureTask.run(FutureTask.java:237)
E/WhisperPush( 5484): 	at android.os.AsyncTask$SerialExecutor$1.run(AsyncTask.java:231)
E/WhisperPush( 5484): 	at java.util.concurrent.ThreadPoolExecutor.runWorker(ThreadPoolExecutor.java:1112)
E/WhisperPush( 5484): 	at java.util.concurrent.ThreadPoolExecutor$Worker.run(ThreadPoolExecutor.java:587)
E/WhisperPush( 5484): 	at java.lang.Thread.run(Thread.java:818)
I/GlobalDismissManager( 5342): no sender configured
D/AlertService( 5342): Beginning updateAlertNotification
D/AlertService( 5342): No fired or scheduled alerts
D/AlertService( 5342): Scheduling next alarm with AlarmScheduler. sEventReminderReceived: null
D/AlarmScheduler( 5342): No events found starting within 1 week.
I/PowerManagerService( 4110): Going to sleep due to screen timeout (uid 1000)...
I/PowerManagerService( 4110): Sleeping (uid 1000)...
I/Sensors ( 4110): Acc old sensor_state 1, new sensor_state : 0 en : 0
D/PermissionCache( 3685): checking android.permission.READ_FRAME_BUFFER for uid=1000 => granted (312 us)
D/PhoneStatusBar( 4283): disable: < expand ICONS alerts SYSTEM_INFO back HOME RECENT clock SEARCH >
I/WifiNative-HAL( 4110): startHal
E/wifi    ( 4110): getStaticLongField sWifiHalHandle 0x9e5e887c
D/wifi    ( 4110): halHandle = 0x0, mVM = 0xb515c280, mCls = 0x700f42
I/WifiNative-HAL( 4110): Could not start hal
I/WifiNative-HAL( 4110): startHal
E/wifi    ( 4110): getStaticLongField sWifiHalHandle 0x9e5e887c
D/wifi    ( 4110): halHandle = 0x0, mVM = 0xb515c280, mCls = 0x200f3a
I/WifiNative-HAL( 4110): Could not start hal
I/DisplayManagerService( 4110): Display device changed: DisplayDeviceInfo{"Built-in Screen": 1080 x 1920, 60.000004 fps, supportedRefreshRates [60.000004], density 480, 422.03 x 424.069 dpi, appVsyncOff 0, presDeadline 17666666, touch INTERNAL, rotation 0, type BUILT_IN, state OFF, FLAG_DEFAULT_DISPLAY, FLAG_ROTATES_WITH_CONTENT, FLAG_SECURE, FLAG_SUPPORTS_PROTECTED_BUFFERS}
D/SurfaceFlinger( 3685): Set power mode=0, type=0 flinger=0xb6a62000
V/ActivityManager( 4110): Display changed displayId=0
D/SurfaceControl( 4110): Excessive delay in setPowerMode(): 184ms
I/ActivityManager( 4110): Waited long enough for: ServiceRecord{af66c0b u0 com.cyanogenmod.eleven/.MusicPlaybackService}
D/BackupManagerService( 4110): Received broadcast Intent { act=android.intent.action.PACKAGE_CHANGED dat=package:com.android.stk flg=0x4000010 (has extras) }
I/InputReader( 4110): Reconfiguring input devices.  changes=0x00000020
I/Launcher( 4796): Deferring update until onResume
W/Launcher( 4796): setApplicationContext called twice! old=com.android.launcher3.LauncherApplication@23a9b195 new=com.android.launcher3.LauncherApplication@23a9b195
I/Launcher( 4796): Deferring update until onResume
W/Searchables( 4110): No global search activity found
I/ActivityManager( 4110): Waited long enough for: ServiceRecord{2d0482c5 u0 com.android.calendar/.alerts.InitAlarmsService}
I/PowerManagerService( 4110): Waking up from sleep (uid 1000)...
V/KeyguardServiceDelegate( 4110): onScreenTurnedOn(showListener = com.android.internal.policy.impl.PhoneWindowManager$2@3b1de4a3)
V/KeyguardServiceDelegate( 4110): **** SHOWN CALLED ****
I/DisplayPowerController( 4110): Blocking screen on until initial contents have been drawn.
I/Sensors ( 4110): Acc old sensor_state 0, new sensor_state : 1 en : 1
D/SurfaceFlinger( 3685): Set power mode=2, type=0 flinger=0xb6a62000
I/DisplayManagerService( 4110): Display device changed: DisplayDeviceInfo{"Built-in Screen": 1080 x 1920, 60.000004 fps, supportedRefreshRates [60.000004], density 480, 422.03 x 424.069 dpi, appVsyncOff 0, presDeadline 17666666, touch INTERNAL, rotation 0, type BUILT_IN, state ON, FLAG_DEFAULT_DISPLAY, FLAG_ROTATES_WITH_CONTENT, FLAG_SECURE, FLAG_SUPPORTS_PROTECTED_BUFFERS}
V/ActivityManager( 4110): Display changed displayId=0
I/DisplayPowerController( 4110): Unblocked screen on after 76 ms
E/libEGL  ( 4110): call to OpenGL ES API with no current context (logged once per thread)
I/WifiNative-HAL( 4110): startHal
E/wifi    ( 4110): getStaticLongField sWifiHalHandle 0x9e5e887c
D/wifi    ( 4110): halHandle = 0x0, mVM = 0xb515c280, mCls = 0x500e9e
I/WifiNative-HAL( 4110): Could not start hal
D/SurfaceControl( 4110): Excessive delay in setPowerMode(): 233ms
D/PhoneStatusBar( 4283): disable: < expand ICONS alerts SYSTEM_INFO back HOME RECENT clock SEARCH >
W/AudioPolicyManager( 3688): getOutput() could not find output for stream 1, samplingRate 0,format 0, channels 3, flags 0
W/AudioPolicyManager( 3688): getOutput() could not find output for stream 1, samplingRate 0,format 0, channels 3, flags 0
W/AudioPolicyManager( 3688): getOutput() could not find output for stream 1, samplingRate 44100,format 1, channels 3, flags 4
E/AudioTrack( 4283): Could not get audio output for stream type 1, usage 13, sample rate 44100, format 0x1, channel mask 0x3, flags 0x4
E/SoundPool( 4283): Error creating AudioTrack
D/PhoneStatusBar( 4283): disable: < expand icons* alerts system_info* back HOME RECENT clock SEARCH >
D/Launcher.Workspace( 4796): 11683562 - stripEmptyScreens()
D/PhoneStatusBar( 4283): disable: < expand icons alerts system_info back home* recent* clock search* >
W/InputMethodManagerService( 4110): Window already focused, ignoring focus gain of: com.android.internal.view.IInputMethodClient$Stub$Proxy@aa5831e attribute=null, token = android.os.BinderProxy@21cc1032
I/Timeline( 4796): Timeline: Activity_idle id: android.os.BinderProxy@30405a3c time:49176
D/PhoneStatusBar( 4283): disable: < expand ICONS* alerts SYSTEM_INFO* back home recent clock search >
D/BluetoothAdapter( 4283): 1011606464: getState() :  mService = null. Returning STATE_OFF
D/BluetoothAdapter( 4283): 1011606464: getState() :  mService = null. Returning STATE_OFF
D/BluetoothAdapter( 4283): 1011606464: getState() :  mService = null. Returning STATE_OFF
D/BluetoothAdapter( 4283): 1011606464: getState() :  mService = null. Returning STATE_OFF
D/BluetoothAdapter( 4283): 1011606464: getState() :  mService = null. Returning STATE_OFF
D/BluetoothAdapter( 4283): 1011606464: getState() :  mService = null. Returning STATE_OFF
D/InitAlarmsService( 5342): Clearing and rescheduling alarms.
I/ActivityManager( 4110): Killing 5192:com.cyanogenmod.updater/u0a3 (adj 15): empty #17
W/libprocessgroup( 4110): failed to open /acct/uid_10003/pid_5192/cgroup.procs: No such file or directory
W/AudioPolicyManager( 3688): getOutput() could not find output for stream 1, samplingRate 0,format 0, channels 3, flags 0
W/AudioPolicyManager( 3688): getOutput() could not find output for stream 1, samplingRate 0,format 0, channels 3, flags 0
W/AudioPolicyManager( 3688): getOutput() could not find output for stream 1, samplingRate 48000,format 1, channels 3, flags 4
E/AudioTrack( 4110): Could not get audio output for stream type 1, usage 13, sample rate 48000, format 0x1, channel mask 0x3, flags 0x4
E/SoundPool( 4110): Error creating AudioTrack
I/ActivityManager( 4110): START u0 {act=android.settings.SETTINGS flg=0x14000000 cmp=com.android.settings/.Settings} from uid 10016 on display 0
W/InputMethodManagerService( 4110): Window already focused, ignoring focus gain of: com.android.internal.view.IInputMethodClient$Stub$Proxy@1b2380cd attribute=null, token = android.os.BinderProxy@21cc1032
I/IndexDatabaseHelper( 4856): Using schema version: 118
I/IndexDatabaseHelper( 4856): Index is fine
D/Index   ( 4856): Locale 'en_US' is already indexed
D/OpenGLRenderer( 4856): Render dirty regions requested: true
D/Atlas   ( 4856): Validating map...
D/BluetoothAdapter( 4856): 598323605: getState() :  mService = null. Returning STATE_OFF
D/DashboardSummary( 4856): rebuildUI took: 188 ms
D/BluetoothAdapter( 4856): 598323605: getState() :  mService = null. Returning STATE_OFF
D/PhoneStatusBar( 4283): disable: < expand icons* alerts system_info* back home recent clock search >
I/        ( 4856): PLATFORM VERSION : JB-MR-2
I/OpenGLRenderer( 4856): Initialized EGL, version 1.4
D/OpenGLRenderer( 4856): Enabling debug mode 0
D/Index   ( 4856): Deleting data for locale 'en_US' took 16 millis
D/Index   ( 4856): Indexing locale 'en_US' took 22 millis
D/Index   ( 4856): Deleting data for locale 'en_US' took 4 millis
D/BluetoothAdapter( 4856): 598323605: getState() :  mService = null. Returning STATE_OFF
D/Index   ( 4856): Indexing locale 'en_US' took 4 millis
I/ActivityManager( 4110): Displayed com.android.settings/.Settings: +854ms
I/Timeline( 4110): Timeline: Activity_windows_visible id: ActivityRecord{32daa664 u0 com.android.settings/.Settings t16} time:53275
I/Timeline( 4856): Timeline: Activity_idle id: android.os.BinderProxy@2d8e1d80 time:53352
I/art     ( 4110): Explicit concurrent mark sweep GC freed 24059(1792KB) AllocSpace objects, 17(563KB) LOS objects, 33% free, 22MB/34MB, paused 2.762ms total 100.292ms
D/TaskPersister( 4110): removeObsoleteFile: deleting file=9_task.xml
D/TaskPersister( 4110): removeObsoleteFile: deleting file=9_task_thumbnail.png
I/Timeline( 4856): Timeline: Activity_launch_request id:com.android.settings time:58064
W/AudioPolicyManager( 3688): getOutput() could not find output for stream 1, samplingRate 0,format 0, channels 3, flags 0
I/ActivityManager( 4110): START u0 {act=android.intent.action.MAIN cmp=com.android.settings/.SubSettings (has extras)} from uid 1000 on display 0
W/AudioPolicyManager( 3688): getOutput() could not find output for stream 1, samplingRate 0,format 0, channels 3, flags 0
W/AudioPolicyManager( 3688): getOutput() could not find output for stream 1, samplingRate 48000,format 1, channels 3, flags 4
E/AudioTrack( 4110): Could not get audio output for stream type 1, usage 13, sample rate 48000, format 0x1, channel mask 0x3, flags 0x4
E/SoundPool( 4110): Error creating AudioTrack
D/SubSettings( 4856): Launching fragment com.android.settings.applications.ManageApplications
W/ContextImpl( 4856): Calling a method in the system process without a qualified user: android.app.ContextImpl.bindService:1790 android.content.ContextWrapper.bindService:544 com.android.settings.applications.ManageApplications.onCreate:903 android.app.Fragment.performCreate:2031 android.app.FragmentManagerImpl.moveToState:863 
I/ActivityManager( 4110): Start proc com.android.defcontainer for service com.android.defcontainer/.DefaultContainerService: pid=5695 uid=10007 gids={50007, 9997, 1028, 1015, 1023, 2001, 1035} abi=armeabi-v7a
I/art     ( 4856): Background partial concurrent mark sweep GC freed 12664(722KB) AllocSpace objects, 1(81KB) LOS objects, 39% free, 19MB/33MB, paused 6.410ms total 65.464ms
W/ResourceType( 4856): No package identifier when getting value for resource number 0x00000000
W/PackageManager( 4856): Failure retrieving resources for com.android.htmlviewer: Resource ID #0x0
W/ResourceType( 4856): No package identifier when getting value for resource number 0x00000000
W/PackageManager( 4856): Failure retrieving resources for com.android.location.fused: Resource ID #0x0
I/ActivityManager( 4110): Displayed com.android.settings/.SubSettings: +805ms
W/ResourceType( 4856): No package identifier when getting value for resource number 0x00000000
W/PackageManager( 4856): Failure retrieving resources for com.android.backupconfirm: Resource ID #0x0
W/ResourceType( 4856): No package identifier when getting value for resource number 0x00000000
W/PackageManager( 4856): Failure retrieving resources for com.android.packageinstaller: Resource ID #0x0
W/ResourceType( 4856): No package identifier when getting value for resource number 0x00000000
W/PackageManager( 4856): Failure retrieving resources for com.android.providers.userdictionary: Resource ID #0x0
W/ResourceType( 4856): No package identifier when getting value for resource number 0x00000000
W/PackageManager( 4856): Failure retrieving resources for com.android.externalstorage: Resource ID #0x0
D/OpenGLRenderer( 4856): endAllStagingAnimators on 0x9fc39580 (RippleDrawable) with handle 0x9fd174b0
I/Timeline( 4856): Timeline: Activity_idle id: android.os.BinderProxy@2cd5824e time:59033
W/ResourceType( 4856): No package identifier when getting value for resource number 0x00000000
W/PackageManager( 4856): Failure retrieving resources for com.android.documentsui: Resource ID #0x0
W/ResourceType( 4856): No package identifier when getting value for resource number 0x00000000
W/PackageManager( 4856): Failure retrieving resources for com.android.shell: Resource ID #0x0
W/ResourceType( 4856): No package identifier when getting value for resource number 0x00000000
W/PackageManager( 4856): Failure retrieving resources for com.android.sharedstoragebackup: Resource ID #0x0
W/ResourceType( 4856): No package identifier when getting value for resource number 0x00000000
W/PackageManager( 4856): Failure retrieving resources for com.android.managedprovisioning: Resource ID #0x0
W/ResourceType( 4856): No package identifier when getting value for resource number 0x00000000
W/PackageManager( 4856): Failure retrieving resources for com.android.proxyhandler: Resource ID #0x0
W/ResourceType( 4856): No package identifier when getting value for resource number 0x00000000
W/PackageManager( 4856): Failure retrieving resources for com.android.wallpapercropper: Resource ID #0x0
W/ResourceType( 4856): No package identifier when getting value for resource number 0x00000000
W/PackageManager( 4856): Failure retrieving resources for com.svox.pico: Resource ID #0x0
W/ResourceType( 4856): No package identifier when getting value for resource number 0x00000000
W/PackageManager( 4856): Failure retrieving resources for com.android.inputdevices: Resource ID #0x0
W/ResourceType( 4856): No package identifier when getting value for resource number 0x00000000
W/PackageManager( 4856): Failure retrieving resources for com.android.keychain: Resource ID #0x0
W/ResourceType( 4856): No package identifier when getting value for resource number 0x00000000
W/PackageManager( 4856): Failure retrieving resources for com.android.captiveportallogin: Resource ID #0x0
W/ResourceType( 4856): No package identifier when getting value for resource number 0x00000000
W/PackageManager( 4856): Failure retrieving resources for com.android.printspooler: Resource ID #0x0
W/ResourceType( 4856): No package identifier when getting value for resource number 0x00000000
W/PackageManager( 4856): Failure retrieving resources for com.android.onetimeinitializer: Resource ID #0x0
W/ResourceType( 4856): No package identifier when getting value for resource number 0x00000000
W/PackageManager( 4856): Failure retrieving resources for com.android.smspush: Resource ID #0x0
I/Timeline( 4110): Timeline: Activity_windows_visible id: ActivityRecord{14d88060 u0 com.android.settings/.SubSettings t16} time:59268
W/ResourceType( 4856): No package identifier when getting value for resource number 0x00000000
W/PackageManager( 4856): Failure retrieving resources for com.android.dreams.basic: Resource ID #0x0
W/ResourceType( 4856): No package identifier when getting value for resource number 0x00000000
W/PackageManager( 4856): Failure retrieving resources for com.android.vpndialogs: Resource ID #0x0
W/ResourceType( 4856): No package identifier when getting value for resource number 0x00000000
W/PackageManager( 4856): Failure retrieving resources for com.android.pacprocessor: Resource ID #0x0
W/ResourceType( 4856): No package identifier when getting value for resource number 0x00000000
W/PackageManager( 4856): Failure retrieving resources for com.android.provision: Resource ID #0x0
W/ResourceType( 4856): No package identifier when getting value for resource number 0x00000000
W/PackageManager( 4856): Failure retrieving resources for com.android.defcontainer: Resource ID #0x0
W/ResourceType( 4856): No package identifier when getting value for resource number 0x00000000
W/PackageManager( 4856): Failure retrieving resources for com.android.certinstaller: Resource ID #0x0
D/BluetoothAdapter( 4856): 598323605: getState() :  mService = null. Returning STATE_OFF
D/BluetoothAdapter( 4856): 598323605: getState() :  mService = null. Returning STATE_OFF
D/DashboardSummary( 4856): rebuildUI took: 141 ms
I/Timeline( 4856): Timeline: Activity_idle id: android.os.BinderProxy@2d8e1d80 time:60758
D/Index   ( 4856): Deleting data for locale 'en_US' took 4 millis
D/Index   ( 4856): Indexing locale 'en_US' took 10 millis
D/Index   ( 4856): Deleting data for locale 'en_US' took 4 millis
D/BluetoothAdapter( 4856): 598323605: getState() :  mService = null. Returning STATE_OFF
D/Index   ( 4856): Indexing locale 'en_US' took 2 millis
I/Timeline( 4110): Timeline: Activity_windows_visible id: ActivityRecord{32daa664 u0 com.android.settings/.Settings t16} time:61060
I/Timeline( 4856): Timeline: Activity_launch_request id:com.android.settings time:64565
W/AudioPolicyManager( 3688): getOutput() could not find output for stream 1, samplingRate 0,format 0, channels 3, flags 0
W/AudioPolicyManager( 3688): getOutput() could not find output for stream 1, samplingRate 0,format 0, channels 3, flags 0
I/ActivityManager( 4110): START u0 {act=android.intent.action.MAIN cmp=com.android.settings/.SubSettings (has extras)} from uid 1000 on display 0
W/AudioPolicyManager( 3688): getOutput() could not find output for stream 1, samplingRate 48000,format 1, channels 3, flags 4
E/AudioTrack( 4110): Could not get audio output for stream type 1, usage 13, sample rate 48000, format 0x1, channel mask 0x3, flags 0x4
E/SoundPool( 4110): Error creating AudioTrack
D/SubSettings( 4856): Launching fragment com.android.settings.cyanogenmod.PerformanceSettings
I/ActivityManager( 4110): Displayed com.android.settings/.SubSettings: +241ms
D/OpenGLRenderer( 4856): endAllStagingAnimators on 0x9d425c80 (RippleDrawable) with handle 0xa06619a0
I/Timeline( 4856): Timeline: Activity_idle id: android.os.BinderProxy@6d2d36d time:64877
I/Timeline( 4110): Timeline: Activity_windows_visible id: ActivityRecord{311fa4fa u0 com.android.settings/.SubSettings t16} time:65197
D/BluetoothAdapter( 4856): 598323605: getState() :  mService = null. Returning STATE_OFF
D/BluetoothAdapter( 4856): 598323605: getState() :  mService = null. Returning STATE_OFF
D/DashboardSummary( 4856): rebuildUI took: 166 ms
I/Timeline( 4856): Timeline: Activity_idle id: android.os.BinderProxy@2d8e1d80 time:66734
D/Index   ( 4856): Deleting data for locale 'en_US' took 4 millis
D/Index   ( 4856): Indexing locale 'en_US' took 12 millis
D/Index   ( 4856): Deleting data for locale 'en_US' took 4 millis
D/BluetoothAdapter( 4856): 598323605: getState() :  mService = null. Returning STATE_OFF
D/Index   ( 4856): Indexing locale 'en_US' took 2 millis
I/Timeline( 4110): Timeline: Activity_windows_visible id: ActivityRecord{32daa664 u0 com.android.settings/.Settings t16} time:67029
I/art     ( 4856): Explicit concurrent mark sweep GC freed 28491(1493KB) AllocSpace objects, 1(16KB) LOS objects, 37% free, 26MB/42MB, paused 1.820ms total 98.323ms
I/art     ( 4856): Explicit concurrent mark sweep GC freed 22069(1650KB) AllocSpace objects, 1(20KB) LOS objects, 39% free, 24MB/40MB, paused 1.473ms total 23.125ms
I/art     ( 4856): Explicit concurrent mark sweep GC freed 3(96B) AllocSpace objects, 0(0B) LOS objects, 39% free, 24MB/40MB, paused 1.724ms total 25.718ms
I/Timeline( 4856): Timeline: Activity_launch_request id:com.android.settings time:70601
W/AudioPolicyManager( 3688): getOutput() could not find output for stream 1, samplingRate 0,format 0, channels 3, flags 0
W/AudioPolicyManager( 3688): getOutput() could not find output for stream 1, samplingRate 0,format 0, channels 3, flags 0
W/AudioPolicyManager( 3688): getOutput() could not find output for stream 1, samplingRate 48000,format 1, channels 3, flags 4
I/ActivityManager( 4110): START u0 {act=android.intent.action.MAIN cmp=com.android.settings/.SubSettings (has extras)} from uid 1000 on display 0
E/AudioTrack( 4110): Could not get audio output for stream type 1, usage 13, sample rate 48000, format 0x1, channel mask 0x3, flags 0x4
E/SoundPool( 4110): Error creating AudioTrack
D/SubSettings( 4856): Launching fragment com.android.settings.deviceinfo.Memory
W/MemorySettings( 4856): Hardware has USB OTG not supported, Hiding OTG UI
W/StorageMeasurement( 4856): Problem in container service
W/StorageMeasurement( 4856): java.lang.IllegalStateException: android.system.ErrnoException: statvfs failed: ENOENT (No such file or directory)
W/StorageMeasurement( 4856): 	at android.os.Parcel.readException(Parcel.java:1548)
W/StorageMeasurement( 4856): 	at android.os.Parcel.readException(Parcel.java:1493)
W/StorageMeasurement( 4856): 	at com.android.internal.app.IMediaContainerService$Stub$Proxy.getFileSystemStats(IMediaContainerService.java:292)
W/StorageMeasurement( 4856): 	at com.android.settings.deviceinfo.StorageMeasurement$MeasurementHandler.measureApproximateStorage(StorageMeasurement.java:383)
W/StorageMeasurement( 4856): 	at com.android.settings.deviceinfo.StorageMeasurement$MeasurementHandler.handleMessage(StorageMeasurement.java:349)
W/StorageMeasurement( 4856): 	at android.os.Handler.dispatchMessage(Handler.java:102)
W/StorageMeasurement( 4856): 	at android.os.Looper.loop(Looper.java:135)
W/StorageMeasurement( 4856): 	at android.os.HandlerThread.run(HandlerThread.java:61)
D/StorageMeasurement( 4856): getDirectorySize(/storage/emulated/0/Ringtones) returned 118784
D/StorageMeasurement( 4856): getDirectorySize(/storage/emulated/0/Pictures) returned 3452928
D/StorageMeasurement( 4856): getDirectorySize(/storage/emulated/0/DCIM) returned 24997888
D/StorageMeasurement( 4856): getDirectorySize(/storage/emulated/0) returned 33058816
D/StorageMeasurement( 4856): getDirectorySize(/storage/emulated/0/Podcasts) returned 8192
D/StorageMeasurement( 4856): getDirectorySize(/storage/emulated/0/Notifications) returned 8192
D/StorageMeasurement( 4856): getDirectorySize(/storage/emulated/0/Music) returned 8192
D/StorageMeasurement( 4856): getDirectorySize(/storage/emulated/0/Movies) returned 8192
D/StorageMeasurement( 4856): getDirectorySize(/storage/emulated/0/Android) returned 1982464
D/StorageMeasurement( 4856): getDirectorySize(/storage/emulated/0/Download) returned 8192
D/StorageMeasurement( 4856): getDirectorySize(/storage/emulated/0/Alarms) returned 520192
I/ActivityManager( 4110): Displayed com.android.settings/.SubSettings: +234ms
D/StorageMeasurement( 4856): getDirectorySize(/storage/emulated/0/.face) returned 8192
D/StorageMeasurement( 4856): getDirectorySize(/storage/emulated/0/Playlists) returned 8192
D/StorageMeasurement( 4856): getDirectorySize(/storage/emulated/0/.SPenSDK30) returned 8192
D/StorageMeasurement( 4856): getDirectorySize(/storage/emulated/0/clockworkmod) returned 1769472
D/StorageMeasurement( 4856): getDirectorySize(/storage/emulated/0/TWRP) returned 36864
D/StorageMeasurement( 4856): getDirectorySize(/storage/emulated/0/storage) returned 8192
D/StorageMeasurement( 4856): getDirectorySize(/storage/emulated/0/aromafm) returned 12288
D/StorageMeasurement( 4856): getDirectorySize(/storage/emulated/0/SoundRecorder) returned 8192
D/StorageMeasurement( 4856): getDirectorySize(/storage/emulated/0) returned 33058816
D/OpenGLRenderer( 4856): endAllStagingAnimators on 0x9e7cfb00 (RippleDrawable) with handle 0xa06618e0
I/Timeline( 4856): Timeline: Activity_idle id: android.os.BinderProxy@2cbed065 time:70972
I/Timeline( 4110): Timeline: Activity_windows_visible id: ActivityRecord{28905dfe u0 com.android.settings/.SubSettings t16} time:71225
D/BluetoothAdapter( 4856): 598323605: getState() :  mService = null. Returning STATE_OFF
D/BluetoothAdapter( 4856): 598323605: getState() :  mService = null. Returning STATE_OFF
D/DashboardSummary( 4856): rebuildUI took: 181 ms
I/Timeline( 4856): Timeline: Activity_idle id: android.os.BinderProxy@2d8e1d80 time:76809
D/Index   ( 4856): Deleting data for locale 'en_US' took 3 millis
D/Index   ( 4856): Indexing locale 'en_US' took 12 millis
D/Index   ( 4856): Deleting data for locale 'en_US' took 3 millis
D/BluetoothAdapter( 4856): 598323605: getState() :  mService = null. Returning STATE_OFF
D/Index   ( 4856): Indexing locale 'en_US' took 2 millis
I/Timeline( 4110): Timeline: Activity_windows_visible id: ActivityRecord{32daa664 u0 com.android.settings/.Settings t16} time:77113
I/art     ( 4856): Explicit concurrent mark sweep GC freed 11319(603KB) AllocSpace objects, 0(0B) LOS objects, 36% free, 27MB/43MB, paused 1.923ms total 80.376ms
I/art     ( 4856): Explicit concurrent mark sweep GC freed 15208(1149KB) AllocSpace objects, 83(2MB) LOS objects, 39% free, 24MB/40MB, paused 1.567ms total 32.338ms
I/art     ( 4856): Explicit concurrent mark sweep GC freed 3(96B) AllocSpace objects, 0(0B) LOS objects, 39% free, 24MB/40MB, paused 1.423ms total 22.619ms
I/Timeline( 4856): Timeline: Activity_launch_request id:com.android.settings time:79874
W/AudioPolicyManager( 3688): getOutput() could not find output for stream 1, samplingRate 0,format 0, channels 3, flags 0
W/AudioPolicyManager( 3688): getOutput() could not find output for stream 1, samplingRate 0,format 0, channels 3, flags 0
W/AudioPolicyManager( 3688): getOutput() could not find output for stream 1, samplingRate 48000,format 1, channels 3, flags 4
E/AudioTrack( 4110): Could not get audio output for stream type 1, usage 13, sample rate 48000, format 0x1, channel mask 0x3, flags 0x4
E/SoundPool( 4110): Error creating AudioTrack
I/ActivityManager( 4110): START u0 {act=android.intent.action.MAIN cmp=com.android.settings/.SubSettings (has extras)} from uid 1000 on display 0
D/SubSettings( 4856): Launching fragment com.android.settings.cyanogenmod.PrivacySettings
I/ActivityManager( 4110): Displayed com.android.settings/.SubSettings: +153ms
D/OpenGLRenderer( 4856): endAllStagingAnimators on 0xad10b600 (RippleDrawable) with handle 0xacce6470
I/Timeline( 4856): Timeline: Activity_idle id: android.os.BinderProxy@1a77fa15 time:80105
I/Timeline( 4110): Timeline: Activity_windows_visible id: ActivityRecord{a5b1c28 u0 com.android.settings/.SubSettings t16} time:80416
D/BluetoothAdapter( 4856): 598323605: getState() :  mService = null. Returning STATE_OFF
D/BluetoothAdapter( 4856): 598323605: getState() :  mService = null. Returning STATE_OFF
D/DashboardSummary( 4856): rebuildUI took: 131 ms
I/Timeline( 4856): Timeline: Activity_idle id: android.os.BinderProxy@2d8e1d80 time:83611
D/Index   ( 4856): Deleting data for locale 'en_US' took 3 millis
D/Index   ( 4856): Indexing locale 'en_US' took 12 millis
D/Index   ( 4856): Deleting data for locale 'en_US' took 4 millis
D/BluetoothAdapter( 4856): 598323605: getState() :  mService = null. Returning STATE_OFF
D/Index   ( 4856): Indexing locale 'en_US' took 3 millis
I/Timeline( 4110): Timeline: Activity_windows_visible id: ActivityRecord{32daa664 u0 com.android.settings/.Settings t16} time:83909
I/art     ( 4856): Explicit concurrent mark sweep GC freed 4390(235KB) AllocSpace objects, 0(0B) LOS objects, 38% free, 25MB/41MB, paused 1.930ms total 73.502ms
I/art     ( 4856): Explicit concurrent mark sweep GC freed 9086(692KB) AllocSpace objects, 0(0B) LOS objects, 39% free, 24MB/40MB, paused 1.479ms total 45.195ms
I/art     ( 4856): Explicit concurrent mark sweep GC freed 3(96B) AllocSpace objects, 0(0B) LOS objects, 39% free, 24MB/40MB, paused 1.471ms total 33.312ms
W/AudioPolicyManager( 3688): getOutput() could not find output for stream 1, samplingRate 0,format 0, channels 3, flags 0
W/AudioPolicyManager( 3688): getOutput() could not find output for stream 1, samplingRate 0,format 0, channels 3, flags 0
I/Timeline( 4856): Timeline: Activity_launch_request id:com.android.settings time:85358
W/AudioPolicyManager( 3688): getOutput() could not find output for stream 1, samplingRate 48000,format 1, channels 3, flags 4
E/AudioTrack( 4110): Could not get audio output for stream type 1, usage 13, sample rate 48000, format 0x1, channel mask 0x3, flags 0x4
I/ActivityManager( 4110): START u0 {act=android.intent.action.MAIN cmp=com.android.settings/.SubSettings (has extras)} from uid 1000 on display 0
E/SoundPool( 4110): Error creating AudioTrack
D/SubSettings( 4856): Launching fragment com.android.settings.location.LocationSettings
I/LocationSettingsBase( 4856): Location mode has been changed
I/ActivityManager( 4110): Displayed com.android.settings/.SubSettings: +203ms
D/OpenGLRenderer( 4856): endAllStagingAnimators on 0x9d68be80 (RippleDrawable) with handle 0xa0661820
I/Timeline( 4856): Timeline: Activity_idle id: android.os.BinderProxy@1c01bcd9 time:85636
I/Timeline( 4110): Timeline: Activity_windows_visible id: ActivityRecord{d6ccccc u0 com.android.settings/.SubSettings t16} time:85951
D/BluetoothAdapter( 4856): 598323605: getState() :  mService = null. Returning STATE_OFF
D/BluetoothAdapter( 4856): 598323605: getState() :  mService = null. Returning STATE_OFF
D/DashboardSummary( 4856): rebuildUI took: 190 ms
D/Index   ( 4856): Deleting data for locale 'en_US' took 11 millis
I/Timeline( 4856): Timeline: Activity_idle id: android.os.BinderProxy@2d8e1d80 time:88911
D/Index   ( 4856): Indexing locale 'en_US' took 11 millis
D/Index   ( 4856): Deleting data for locale 'en_US' took 5 millis
D/BluetoothAdapter( 4856): 598323605: getState() :  mService = null. Returning STATE_OFF
D/Index   ( 4856): Indexing locale 'en_US' took 2 millis
I/Timeline( 4110): Timeline: Activity_windows_visible id: ActivityRecord{32daa664 u0 com.android.settings/.Settings t16} time:89170
I/art     ( 4856): Explicit concurrent mark sweep GC freed 4650(251KB) AllocSpace objects, 0(0B) LOS objects, 37% free, 26MB/42MB, paused 2.034ms total 72.132ms
I/art     ( 4856): Explicit concurrent mark sweep GC freed 13283(995KB) AllocSpace objects, 28(712KB) LOS objects, 39% free, 24MB/40MB, paused 1.769ms total 55.211ms
I/art     ( 4856): Explicit concurrent mark sweep GC freed 3(96B) AllocSpace objects, 0(0B) LOS objects, 39% free, 24MB/40MB, paused 1.300ms total 34.786ms
I/Timeline( 4856): Timeline: Activity_launch_request id:com.android.settings time:97686
W/AudioPolicyManager( 3688): getOutput() could not find output for stream 1, samplingRate 0,format 0, channels 3, flags 0
W/AudioPolicyManager( 3688): getOutput() could not find output for stream 1, samplingRate 0,format 0, channels 3, flags 0
I/ActivityManager( 4110): START u0 {act=android.intent.action.MAIN cmp=com.android.settings/.SubSettings (has extras)} from uid 1000 on display 0
W/AudioPolicyManager( 3688): getOutput() could not find output for stream 1, samplingRate 48000,format 1, channels 3, flags 4
E/AudioTrack( 4110): Could not get audio output for stream type 1, usage 13, sample rate 48000, format 0x1, channel mask 0x3, flags 0x4
E/SoundPool( 4110): Error creating AudioTrack
D/SubSettings( 4856): Launching fragment com.android.settings.WirelessSettings
D/WirelessSettings( 4856): onCreate: mManageMobilePlanMessage=null
E/NFC     ( 4856): could not retrieve NFC service
D/WirelessSettings( 4856): initSmsApplicationSetting:
E/ConnectivityService( 4110): Carrier Provisioning Urls file not found
D/ConnectivityService( 4110): getMobileProvisioningUrl: mobile_provisioining_url from resource =
D/WirelessSettings( 4856): initSmsApplicationSetting:
I/ActivityManager( 4110): Displayed com.android.settings/.SubSettings: +295ms
D/OpenGLRenderer( 4856): endAllStagingAnimators on 0x9d4bc800 (RippleDrawable) with handle 0x9fd17310
I/Timeline( 4856): Timeline: Activity_idle id: android.os.BinderProxy@154646df time:98040
I/Timeline( 4110): Timeline: Activity_windows_visible id: ActivityRecord{26de893a u0 com.android.settings/.SubSettings t16} time:98378
D/BluetoothAdapter( 4856): 598323605: getState() :  mService = null. Returning STATE_OFF
D/BluetoothAdapter( 4856): 598323605: getState() :  mService = null. Returning STATE_OFF
D/DashboardSummary( 4856): rebuildUI took: 171 ms
D/Index   ( 4856): Deleting data for locale 'en_US' took 4 millis
D/Index   ( 4856): Indexing locale 'en_US' took 19 millis
I/Timeline( 4856): Timeline: Activity_idle id: android.os.BinderProxy@2d8e1d80 time:100531
D/Index   ( 4856): Deleting data for locale 'en_US' took 6 millis
D/BluetoothAdapter( 4856): 598323605: getState() :  mService = null. Returning STATE_OFF
D/Index   ( 4856): Indexing locale 'en_US' took 3 millis
I/Timeline( 4110): Timeline: Activity_windows_visible id: ActivityRecord{32daa664 u0 com.android.settings/.Settings t16} time:100776
I/art     ( 4856): Explicit concurrent mark sweep GC freed 6820(404KB) AllocSpace objects, 0(0B) LOS objects, 37% free, 26MB/42MB, paused 1.973ms total 80.805ms
I/art     ( 4856): Explicit concurrent mark sweep GC freed 12531(909KB) AllocSpace objects, 1(20KB) LOS objects, 38% free, 25MB/41MB, paused 2.074ms total 35.180ms
I/art     ( 4856): Explicit concurrent mark sweep GC freed 3(96B) AllocSpace objects, 0(0B) LOS objects, 38% free, 25MB/41MB, paused 1.594ms total 25.548ms
I/Timeline( 4856): Timeline: Activity_launch_request id:com.android.settings time:107149
W/AudioPolicyManager( 3688): getOutput() could not find output for stream 1, samplingRate 0,format 0, channels 3, flags 0
I/ActivityManager( 4110): START u0 {act=android.intent.action.MAIN cmp=com.android.settings/.SubSettings (has extras)} from uid 1000 on display 0
W/AudioPolicyManager( 3688): getOutput() could not find output for stream 1, samplingRate 0,format 0, channels 3, flags 0
W/AudioPolicyManager( 3688): getOutput() could not find output for stream 1, samplingRate 48000,format 1, channels 3, flags 4
E/AudioTrack( 4110): Could not get audio output for stream type 1, usage 13, sample rate 48000, format 0x1, channel mask 0x3, flags 0x4
E/SoundPool( 4110): Error creating AudioTrack
D/SubSettings( 4856): Launching fragment com.android.settings.SecuritySettings
W/Resources( 4856): Converting to string: TypedValue{t=0x10/d=0x1e a=-1}
W/Settings( 4856): Setting install_non_market_apps has moved from android.provider.Settings.Global to android.provider.Settings.Secure, returning read-only value.
D/Index   ( 4856): Deleting data for locale 'en_US' took 14 millis
D/Index   ( 4856): Indexing locale 'en_US' took 60 millis
I/ActivityManager( 4110): Displayed com.android.settings/.SubSettings: +235ms
D/OpenGLRenderer( 4856): endAllStagingAnimators on 0x9d4a6500 (RippleDrawable) with handle 0xad90d5d0
I/Timeline( 4856): Timeline: Activity_idle id: android.os.BinderProxy@106cbe55 time:107461
I/Timeline( 4110): Timeline: Activity_windows_visible id: ActivityRecord{1c3f61b5 u0 com.android.settings/.SubSettings t16} time:107777
W/AudioPolicyManager( 3688): getOutput() could not find output for stream 1, samplingRate 0,format 0, channels 3, flags 0
W/AudioPolicyManager( 3688): getOutput() could not find output for stream 1, samplingRate 0,format 0, channels 3, flags 0
W/AudioPolicyManager( 3688): getOutput() could not find output for stream 1, samplingRate 48000,format 1, channels 3, flags 4
E/AudioTrack( 4110): Could not get audio output for stream type 1, usage 13, sample rate 48000, format 0x1, channel mask 0x3, flags 0x4
E/SoundPool( 4110): Error creating AudioTrack
W/AudioPolicyManager( 3688): getOutput() could not find output for stream 1, samplingRate 0,format 0, channels 3, flags 0
W/AudioPolicyManager( 3688): getOutput() could not find output for stream 1, samplingRate 0,format 0, channels 3, flags 0
W/AudioPolicyManager( 3688): getOutput() could not find output for stream 1, samplingRate 48000,format 1, channels 3, flags 4
E/AudioTrack( 4110): Could not get audio output for stream type 1, usage 13, sample rate 48000, format 0x1, channel mask 0x3, flags 0x4
E/SoundPool( 4110): Error creating AudioTrack
W/Settings( 4856): Setting install_non_market_apps has moved from android.provider.Settings.Global to android.provider.Settings.Secure, value is unchanged.
W/InputMethodManagerService( 4110): Window already focused, ignoring focus gain of: com.android.internal.view.IInputMethodClient$Stub$Proxy@be587 attribute=null, token = android.os.BinderProxy@2f723733
W/AudioPolicyManager( 3688): getOutput() could not find output for stream 1, samplingRate 0,format 0, channels 3, flags 0
W/AudioPolicyManager( 3688): getOutput() could not find output for stream 1, samplingRate 0,format 0, channels 3, flags 0
W/AudioPolicyManager( 3688): getOutput() could not find output for stream 1, samplingRate 48000,format 1, channels 3, flags 4
E/AudioTrack( 4110): Could not get audio output for stream type 1, usage 13, sample rate 48000, format 0x1, channel mask 0x3, flags 0x4
E/SoundPool( 4110): Error creating AudioTrack
W/AudioPolicyManager( 3688): getOutput() could not find output for stream 1, samplingRate 0,format 0, channels 3, flags 0
W/AudioPolicyManager( 3688): getOutput() could not find output for stream 1, samplingRate 0,format 0, channels 3, flags 0
W/AudioPolicyManager( 3688): getOutput() could not find output for stream 1, samplingRate 48000,format 1, channels 3, flags 4
E/AudioTrack( 4110): Could not get audio output for stream type 1, usage 13, sample rate 48000, format 0x1, channel mask 0x3, flags 0x4
E/SoundPool( 4110): Error creating AudioTrack
W/AudioPolicyManager( 3688): getOutput() could not find output for stream 1, samplingRate 0,format 0, channels 3, flags 0
W/AudioPolicyManager( 3688): getOutput() could not find output for stream 1, samplingRate 0,format 0, channels 3, flags 0
W/AudioPolicyManager( 3688): getOutput() could not find output for stream 1, samplingRate 48000,format 1, channels 3, flags 4
E/AudioTrack( 4110): Could not get audio output for stream type 1, usage 13, sample rate 48000, format 0x1, channel mask 0x3, flags 0x4
E/SoundPool( 4110): Error creating AudioTrack
D/BluetoothAdapter( 4856): 598323605: getState() :  mService = null. Returning STATE_OFF
D/BluetoothAdapter( 4856): 598323605: getState() :  mService = null. Returning STATE_OFF
D/DashboardSummary( 4856): rebuildUI took: 147 ms
D/Index   ( 4856): Deleting data for locale 'en_US' took 3 millis
D/Index   ( 4856): Indexing locale 'en_US' took 12 millis
I/Timeline( 4856): Timeline: Activity_idle id: android.os.BinderProxy@2d8e1d80 time:144200
D/Index   ( 4856): Deleting data for locale 'en_US' took 5 millis
D/BluetoothAdapter( 4856): 598323605: getState() :  mService = null. Returning STATE_OFF
D/Index   ( 4856): Indexing locale 'en_US' took 5 millis
I/Timeline( 4110): Timeline: Activity_windows_visible id: ActivityRecord{32daa664 u0 com.android.settings/.Settings t16} time:144462
I/art     ( 4856): Explicit concurrent mark sweep GC freed 11066(729KB) AllocSpace objects, 1(16KB) LOS objects, 36% free, 27MB/43MB, paused 1.603ms total 88.350ms
I/art     ( 4856): Explicit concurrent mark sweep GC freed 15533(1129KB) AllocSpace objects, 28(712KB) LOS objects, 38% free, 25MB/41MB, paused 2.200ms total 35.270ms
I/art     ( 4856): Explicit concurrent mark sweep GC freed 3(96B) AllocSpace objects, 0(0B) LOS objects, 38% free, 25MB/41MB, paused 1.329ms total 26.348ms
I/Timeline( 4856): Timeline: Activity_launch_request id:com.android.settings time:146231
W/AudioPolicyManager( 3688): getOutput() could not find output for stream 1, samplingRate 0,format 0, channels 3, flags 0
I/ActivityManager( 4110): START u0 {act=android.intent.action.MAIN cmp=com.android.settings/.SubSettings (has extras)} from uid 1000 on display 0
W/AudioPolicyManager( 3688): getOutput() could not find output for stream 1, samplingRate 0,format 0, channels 3, flags 0
W/AudioPolicyManager( 3688): getOutput() could not find output for stream 1, samplingRate 48000,format 1, channels 3, flags 4
E/AudioTrack( 4110): Could not get audio output for stream type 1, usage 13, sample rate 48000, format 0x1, channel mask 0x3, flags 0x4
E/SoundPool( 4110): Error creating AudioTrack
D/SubSettings( 4856): Launching fragment com.android.settings.profiles.ProfilesSettings
W/ContextImpl( 4856): Calling a method in the system process without a qualified user: android.app.ContextImpl.sendBroadcast:1361 android.content.ContextWrapper.sendBroadcast:382 com.android.settings.profiles.ProfilesSettings.onEnablerChanged:272 com.android.settings.cyanogenmod.BaseSystemSettingSwitchBar.setSwitchBarChecked:96 com.android.settings.cyanogenmod.BaseSystemSettingSwitchBar.setSwitchState:104 
I/ActivityManager( 4110): Displayed com.android.settings/.SubSettings: +281ms
D/OpenGLRenderer( 4856): endAllStagingAnimators on 0x9d45ae80 (RippleDrawable) with handle 0x9fd17460
I/Timeline( 4856): Timeline: Activity_idle id: android.os.BinderProxy@2c917013 time:146575
I/Timeline( 4110): Timeline: Activity_windows_visible id: ActivityRecord{2387098b u0 com.android.settings/.SubSettings t16} time:146907
W/AudioPolicyManager( 3688): getOutput() could not find output for stream 1, samplingRate 0,format 0, channels 3, flags 0
W/AudioPolicyManager( 3688): getOutput() could not find output for stream 1, samplingRate 0,format 0, channels 3, flags 0
I/Timeline( 4856): Timeline: Activity_launch_request id:com.android.settings time:147615
W/AudioPolicyManager( 3688): getOutput() could not find output for stream 1, samplingRate 48000,format 1, channels 3, flags 4
E/AudioTrack( 4110): Could not get audio output for stream type 1, usage 13, sample rate 48000, format 0x1, channel mask 0x3, flags 0x4
E/SoundPool( 4110): Error creating AudioTrack
I/ActivityManager( 4110): START u0 {act=android.intent.action.MAIN cmp=com.android.settings/.SubSettings (has extras)} from uid 1000 on display 0
D/SubSettings( 4856): Launching fragment com.android.settings.profiles.SetupActionsFragment
I/ActivityManager( 4110): Displayed com.android.settings/.SubSettings: +202ms
D/OpenGLRenderer( 4856): endAllStagingAnimators on 0x9ebde280 (RippleDrawable) with handle 0x9fd17720
I/Timeline( 4856): Timeline: Activity_idle id: android.os.BinderProxy@de16bc3 time:147876
I/Timeline( 4110): Timeline: Activity_windows_visible id: ActivityRecord{31e14457 u0 com.android.settings/.SubSettings t16} time:148224
W/ContextImpl( 4856): Calling a method in the system process without a qualified user: android.app.ContextImpl.sendBroadcast:1361 android.content.ContextWrapper.sendBroadcast:382 com.android.settings.profiles.ProfilesSettings.onEnablerChanged:272 com.android.settings.cyanogenmod.BaseSystemSettingSwitchBar.setSwitchBarChecked:96 com.android.settings.cyanogenmod.BaseSystemSettingSwitchBar.setSwitchState:104 
I/Timeline( 4856): Timeline: Activity_idle id: android.os.BinderProxy@2c917013 time:164076
I/Timeline( 4110): Timeline: Activity_windows_visible id: ActivityRecord{2387098b u0 com.android.settings/.SubSettings t16} time:164323
I/art     ( 4856): Explicit concurrent mark sweep GC freed 7030(408KB) AllocSpace objects, 0(0B) LOS objects, 36% free, 27MB/43MB, paused 1.909ms total 69.361ms
I/art     ( 4856): Explicit concurrent mark sweep GC freed 2685(189KB) AllocSpace objects, 0(0B) LOS objects, 36% free, 27MB/43MB, paused 2.504ms total 37.783ms
I/art     ( 4856): Explicit concurrent mark sweep GC freed 3(96B) AllocSpace objects, 0(0B) LOS objects, 36% free, 27MB/43MB, paused 1.293ms total 27.334ms
I/art     ( 4110): Explicit concurrent mark sweep GC freed 82726(4MB) AllocSpace objects, 22(423KB) LOS objects, 33% free, 22MB/34MB, paused 2.663ms total 104.135ms
E/AudioPolicyManager( 3688): getDeviceForStrategy() speaker device not found for STRATEGY_SONIFICATION
W/AudioPolicyManager( 3688): getOutput() could not find output for stream 2, samplingRate 0,format 0, channels 3, flags 0
E/ToneGenerator( 4283): Unable to marshal AudioFlinger
E/ToneGenerator( 4283): ToneGenerator init failed
E/AudioPolicyManager( 3688): getDeviceForStrategy() speaker device not found for STRATEGY_SONIFICATION
W/AudioPolicyManager( 3688): getOutput() could not find output for stream 2, samplingRate 0,format 0, channels 3, flags 0
E/ToneGenerator( 4283): Unable to marshal AudioFlinger
E/ToneGenerator( 4283): ToneGenerator init failed
D/BluetoothAdapter( 4856): 598323605: getState() :  mService = null. Returning STATE_OFF
D/BluetoothAdapter( 4856): 598323605: getState() :  mService = null. Returning STATE_OFF
D/DashboardSummary( 4856): rebuildUI took: 175 ms
I/Timeline( 4856): Timeline: Activity_idle id: android.os.BinderProxy@2d8e1d80 time:173945
D/Index   ( 4856): Deleting data for locale 'en_US' took 7 millis
D/Index   ( 4856): Indexing locale 'en_US' took 11 millis
D/Index   ( 4856): Deleting data for locale 'en_US' took 4 millis
D/BluetoothAdapter( 4856): 598323605: getState() :  mService = null. Returning STATE_OFF
D/Index   ( 4856): Indexing locale 'en_US' took 2 millis
I/Timeline( 4110): Timeline: Activity_windows_visible id: ActivityRecord{32daa664 u0 com.android.settings/.Settings t16} time:174244
I/art     ( 4856): Explicit concurrent mark sweep GC freed 2330(110KB) AllocSpace objects, 0(0B) LOS objects, 36% free, 28MB/44MB, paused 1.904ms total 77.925ms
I/art     ( 4856): Explicit concurrent mark sweep GC freed 16339(1194KB) AllocSpace objects, 2(56KB) LOS objects, 37% free, 26MB/42MB, paused 2.359ms total 34.371ms
I/art     ( 4856): Explicit concurrent mark sweep GC freed 3(96B) AllocSpace objects, 0(0B) LOS objects, 37% free, 26MB/42MB, paused 1.579ms total 24.947ms
I/Timeline( 4856): Timeline: Activity_launch_request id:com.android.settings time:176387
W/AudioPolicyManager( 3688): getOutput() could not find output for stream 1, samplingRate 0,format 0, channels 3, flags 0
I/ActivityManager( 4110): START u0 {act=android.intent.action.MAIN cmp=com.android.settings/.SubSettings (has extras)} from uid 1000 on display 0
W/AudioPolicyManager( 3688): getOutput() could not find output for stream 1, samplingRate 0,format 0, channels 3, flags 0
W/AudioPolicyManager( 3688): getOutput() could not find output for stream 1, samplingRate 48000,format 1, channels 3, flags 4
E/AudioTrack( 4110): Could not get audio output for stream type 1, usage 13, sample rate 48000, format 0x1, channel mask 0x3, flags 0x4
E/SoundPool( 4110): Error creating AudioTrack
D/SubSettings( 4856): Launching fragment com.android.settings.cyanogenmod.StatusBarSettings
I/ActivityManager( 4110): Displayed com.android.settings/.SubSettings: +322ms
D/OpenGLRenderer( 4856): endAllStagingAnimators on 0x9d4b0180 (RippleDrawable) with handle 0x9d40add0
I/Timeline( 4856): Timeline: Activity_idle id: android.os.BinderProxy@e94efaa time:176763
I/Timeline( 4110): Timeline: Activity_windows_visible id: ActivityRecord{a1ea017 u0 com.android.settings/.SubSettings t16} time:177115
W/AudioPolicyManager( 3688): getOutput() could not find output for stream 1, samplingRate 0,format 0, channels 3, flags 0
W/AudioPolicyManager( 3688): getOutput() could not find output for stream 1, samplingRate 0,format 0, channels 3, flags 0
W/AudioPolicyManager( 3688): getOutput() could not find output for stream 1, samplingRate 48000,format 1, channels 3, flags 4
E/AudioTrack( 4110): Could not get audio output for stream type 1, usage 13, sample rate 48000, format 0x1, channel mask 0x3, flags 0x4
E/SoundPool( 4110): Error creating AudioTrack
W/AudioPolicyManager( 3688): getOutput() could not find output for stream 1, samplingRate 0,format 0, channels 3, flags 0
W/AudioPolicyManager( 3688): getOutput() could not find output for stream 1, samplingRate 0,format 0, channels 3, flags 0
W/AudioPolicyManager( 3688): getOutput() could not find output for stream 1, samplingRate 48000,format 1, channels 3, flags 4
E/AudioTrack( 4110): Could not get audio output for stream type 1, usage 13, sample rate 48000, format 0x1, channel mask 0x3, flags 0x4
E/SoundPool( 4110): Error creating AudioTrack
W/InputMethodManagerService( 4110): Window already focused, ignoring focus gain of: com.android.internal.view.IInputMethodClient$Stub$Proxy@2d215959 attribute=null, token = android.os.BinderProxy@58a95a5
W/AudioPolicyManager( 3688): getOutput() could not find output for stream 1, samplingRate 0,format 0, channels 3, flags 0
W/AudioPolicyManager( 3688): getOutput() could not find output for stream 1, samplingRate 0,format 0, channels 3, flags 0
W/AudioPolicyManager( 3688): getOutput() could not find output for stream 1, samplingRate 48000,format 1, channels 3, flags 4
E/AudioTrack( 4110): Could not get audio output for stream type 1, usage 13, sample rate 48000, format 0x1, channel mask 0x3, flags 0x4
E/SoundPool( 4110): Error creating AudioTrack
