D/WVMDrmPlugIn( 3691): WVMDrmPlugin::onSetOnInfoListener : add 7529
D/WVMDrmPlugIn( 3691): WVMDrmPlugin::onTerminate : 7529
I/FFmpegExtractor( 3692): android-source:0xb55f3a60
I/FFMPEG  ( 3692): Input #0, ogg, from 'android-source:0xb55f3a60':
I/FFMPEG  ( 3692):   Duration: 00:00:03.61, start: 0.000000, bitrate: 79 kb/s
I/FFMPEG  ( 3692):     Stream #0:0: Audio: vorbis, 44100 Hz, mono, fltp, 75 kb/s
I/FFMPEG  ( 3692):     Metadata:
I/FFMPEG  ( 3692):       ANDROID_LOOP    : true
I/FFMPEG  ( 3692):       COPYRIGHT       : (c) Copyright 2009 Android Open Source Project
I/FFMPEG  ( 3692):       TITLE           : Backroad
I/FFMPEG  ( 3692):       ARTIST          : Dr. Mad
D/FFmpegExtractor( 3692): FFmpegExtrator, url: android-source:0xb55f3a60, format_name: ogg, format_long_name: Ogg
I/FFmpegExtractor( 3692): adjust mime(application/ogg -> audio/vorbis)
D/FFmpegExtractor( 3692): suppoted codec(vorbis) by official Stagefright
D/FFmpegExtractor( 3692): ffmpeg detected media content as 'audio/vorbis' with confidence 0.08
D/WVMDrmPlugIn( 3691): WVMDrmPlugin::onInitialize : 6647
D/WVMDrmPlugIn( 3691): WVMDrmPlugin::onSetOnInfoListener : add 6647
D/WVMDrmPlugIn( 3691): WVMDrmPlugin::onTerminate : 6647
I/FFmpegExtractor( 3692): android-source:0xb55f3ba0
I/FFMPEG  ( 3692): Input #0, ogg, from 'android-source:0xb55f3ba0':
I/FFMPEG  ( 3692):   Duration: 00:00:04.00, start: 0.000000, bitrate: 56 kb/s
I/FFMPEG  ( 3692):     Stream #0:0: Audio: vorbis, 44100 Hz, mono, fltp, 48 kb/s
I/FFMPEG  ( 3692):     Metadata:
I/FFMPEG  ( 3692):       ARTIST          : Dr. MAD
I/FFMPEG  ( 3692):       TITLE           : Beat Plucker
I/FFMPEG  ( 3692):       ANDROID_LOOP    : true
D/FFmpegExtractor( 3692): FFmpegExtrator, url: android-source:0xb55f3ba0, format_name: ogg, format_long_name: Ogg
I/FFmpegExtractor( 3692): adjust mime(application/ogg -> audio/vorbis)
D/FFmpegExtractor( 3692): suppoted codec(vorbis) by official Stagefright
D/FFmpegExtractor( 3692): ffmpeg detected media content as 'audio/vorbis' with confidence 0.08
D/WVMDrmPlugIn( 3691): WVMDrmPlugin::onInitialize : 4856
D/WVMDrmPlugIn( 3691): WVMDrmPlugin::onSetOnInfoListener : add 4856
D/WVMDrmPlugIn( 3691): WVMDrmPlugin::onTerminate : 4856
I/FFmpegExtractor( 3692): android-source:0xb55f3c90
I/FFMPEG  ( 3692): Input #0, ogg, from 'android-source:0xb55f3c90':
I/FFMPEG  ( 3692):   Duration: 00:00:04.44, start: 0.000000, bitrate: 55 kb/s
I/FFMPEG  ( 3692):     Stream #0:0: Audio: vorbis, 44100 Hz, mono, fltp, 48 kb/s
I/FFMPEG  ( 3692):     Metadata:
I/FFMPEG  ( 3692):       ARTIST          : Dr. MAD
I/FFMPEG  ( 3692):       TITLE           : Bentley Dubs
I/FFMPEG  ( 3692):       ANDROID_LOOP    : true
D/FFmpegExtractor( 3692): FFmpegExtrator, url: android-source:0xb55f3c90, format_name: ogg, format_long_name: Ogg
I/FFmpegExtractor( 3692): adjust mime(application/ogg -> audio/vorbis)
D/FFmpegExtractor( 3692): suppoted codec(vorbis) by official Stagefright
D/FFmpegExtractor( 3692): ffmpeg detected media content as 'audio/vorbis' with confidence 0.08
D/WVMDrmPlugIn( 3691): WVMDrmPlugin::onInitialize : 4856
D/WVMDrmPlugIn( 3691): WVMDrmPlugin::onSetOnInfoListener : add 4856
D/WVMDrmPlugIn( 3691): WVMDrmPlugin::onTerminate : 4856
I/FFmpegExtractor( 3692): android-source:0xb55f3830
I/FFMPEG  ( 3692): Input #0, ogg, from 'android-source:0xb55f3830':
I/FFMPEG  ( 3692):   Duration: 00:00:04.80, start: 0.000000, bitrate: 77 kb/s
I/FFMPEG  ( 3692):     Stream #0:0: Audio: vorbis, 44100 Hz, mono, fltp, 70 kb/s
I/FFMPEG  ( 3692):     Metadata:
I/FFMPEG  ( 3692):       ANDROID_LOOP    : true
I/FFMPEG  ( 3692):       TITLE           : Big Easy
I/FFMPEG  ( 3692):       ARTIST          : Dr. Mad
D/FFmpegExtractor( 3692): FFmpegExtrator, url: android-source:0xb55f3830, format_name: ogg, format_long_name: Ogg
I/FFmpegExtractor( 3692): adjust mime(application/ogg -> audio/vorbis)
D/FFmpegExtractor( 3692): suppoted codec(vorbis) by official Stagefright
D/FFmpegExtractor( 3692): ffmpeg detected media content as 'audio/vorbis' with confidence 0.08
D/WVMDrmPlugIn( 3691): WVMDrmPlugin::onInitialize : 6092
D/WVMDrmPlugIn( 3691): WVMDrmPlugin::onSetOnInfoListener : add 6092
D/WVMDrmPlugIn( 3691): WVMDrmPlugin::onTerminate : 6092
I/FFmpegExtractor( 3692): android-source:0xb55f37e0
I/FFMPEG  ( 3692): Input #0, ogg, from 'android-source:0xb55f37e0':
I/FFMPEG  ( 3692):   Duration: 00:00:05.85, start: 0.000000, bitrate: 57 kb/s
I/FFMPEG  ( 3692):     Stream #0:0: Audio: vorbis, 44100 Hz, mono, fltp, 48 kb/s
I/FFMPEG  ( 3692):     Metadata:
I/FFMPEG  ( 3692):       ARTIST          : Dr. MAD
I/FFMPEG  ( 3692):       TITLE           : Bird Loop
I/FFMPEG  ( 3692):       ANDROID_LOOP    : true
D/FFmpegExtractor( 3692): FFmpegExtrator, url: android-source:0xb55f37e0, format_name: ogg, format_long_name: Ogg
I/FFmpegExtractor( 3692): adjust mime(application/ogg -> audio/vorbis)
D/FFmpegExtractor( 3692): suppoted codec(vorbis) by official Stagefright
D/FFmpegExtractor( 3692): ffmpeg detected media content as 'audio/vorbis' with confidence 0.08
D/WVMDrmPlugIn( 3691): WVMDrmPlugin::onInitialize : 6026
D/WVMDrmPlugIn( 3691): WVMDrmPlugin::onSetOnInfoListener : add 6026
D/WVMDrmPlugIn( 3691): WVMDrmPlugin::onTerminate : 6026
I/FFmpegExtractor( 3692): android-source:0xb55f35b0
I/FFMPEG  ( 3692): Input #0, ogg, from 'android-source:0xb55f35b0':
I/FFMPEG  ( 3692):   Duration: 00:00:04.21, start: 0.000000, bitrate: 74 kb/s
I/FFMPEG  ( 3692):     Stream #0:0: Audio: vorbis, 44100 Hz, mono, fltp, 70 kb/s
I/FFMPEG  ( 3692):     Metadata:
I/FFMPEG  ( 3692):       ANDROID_LOOP    : true
I/FFMPEG  ( 3692):       TITLE           : Bollywood
I/FFMPEG  ( 3692):       ARTIST          : Dr. Mad
D/FFmpegExtractor( 3692): FFmpegExtrator, url: android-source:0xb55f35b0, format_name: ogg, format_long_name: Ogg
I/FFmpegExtractor( 3692): adjust mime(application/ogg -> audio/vorbis)
D/FFmpegExtractor( 3692): suppoted codec(vorbis) by official Stagefright
D/FFmpegExtractor( 3692): ffmpeg detected media content as 'audio/vorbis' with confidence 0.08
D/WVMDrmPlugIn( 3691): WVMDrmPlugin::onInitialize : 7523
D/WVMDrmPlugIn( 3691): WVMDrmPlugin::onSetOnInfoListener : add 7523
D/WVMDrmPlugIn( 3691): WVMDrmPlugin::onTerminate : 7523
I/FFmpegExtractor( 3692): android-source:0xb55f3380
I/FFMPEG  ( 3692): Input #0, ogg, from 'android-source:0xb55f3380':
I/FFMPEG  ( 3692):   Duration: 00:00:29.15, start: 0.000000, bitrate: 195 kb/s
I/FFMPEG  ( 3692):     Stream #0:0: Audio: vorbis, 44100 Hz, stereo, fltp, 192 kb/s
I/FFMPEG  ( 3692):     Metadata:
I/FFMPEG  ( 3692):       TITLE           : Boxbeat
I/FFMPEG  ( 3692):       ENCODER         : FL Studio
D/FFmpegExtractor( 3692): FFmpegExtrator, url: android-source:0xb55f3380, format_name: ogg, format_long_name: Ogg
I/FFmpegExtractor( 3692): adjust mime(application/ogg -> audio/vorbis)
D/FFmpegExtractor( 3692): suppoted codec(vorbis) by official Stagefright
D/FFmpegExtractor( 3692): ffmpeg detected media content as 'audio/vorbis' with confidence 0.08
D/WVMDrmPlugIn( 3691): WVMDrmPlugin::onInitialize : 7162
D/WVMDrmPlugIn( 3691): WVMDrmPlugin::onSetOnInfoListener : add 7162
D/WVMDrmPlugIn( 3691): WVMDrmPlugin::onTerminate : 7162
I/FFmpegExtractor( 3692): android-source:0xb55f32e0
I/FFMPEG  ( 3692): Input #0, ogg, from 'android-source:0xb55f32e0':
I/FFMPEG  ( 3692):   Duration: 00:00:04.90, start: 0.000000, bitrate: 79 kb/s
I/FFMPEG  ( 3692):     Stream #0:0: Audio: vorbis, 44100 Hz, mono, fltp, 75 kb/s
I/FFMPEG  ( 3692):     Metadata:
I/FFMPEG  ( 3692):       COPYRIGHT       : Copyright (c) 2009 Android Open Source Project
I/FFMPEG  ( 3692):       ANDROID_LOOP    : true
I/FFMPEG  ( 3692):       TITLE           : Bus' a Move
I/FFMPEG  ( 3692):       ARTIST          : Dr. Mad
D/FFmpegExtractor( 3692): FFmpegExtrator, url: android-source:0xb55f32e0, format_name: ogg, format_long_name: Ogg
I/FFmpegExtractor( 3692): adjust mime(application/ogg -> audio/vorbis)
D/FFmpegExtractor( 3692): suppoted codec(vorbis) by official Stagefright
D/FFmpegExtractor( 3692): ffmpeg detected media content as 'audio/vorbis' with confidence 0.08
D/WVMDrmPlugIn( 3691): WVMDrmPlugin::onInitialize : 7350
D/WVMDrmPlugIn( 3691): WVMDrmPlugin::onSetOnInfoListener : add 7350
D/WVMDrmPlugIn( 3691): WVMDrmPlugin::onTerminate : 7350
I/FFmpegExtractor( 3692): android-source:0xb55f35b0
I/FFMPEG  ( 3692): Input #0, ogg, from 'android-source:0xb55f35b0':
I/FFMPEG  ( 3692):   Duration: 00:00:04.00, start: 0.000000, bitrate: 63 kb/s
I/FFMPEG  ( 3692):     Stream #0:0: Audio: vorbis, 44100 Hz, mono, fltp, 80 kb/s
I/FFMPEG  ( 3692):     Metadata:
I/FFMPEG  ( 3692):       ANDROID_LOOP    : true
I/FFMPEG  ( 3692):       track           : 2d_rr12_tonyStark
I/FFMPEG  ( 3692):       TITLE           : Cassiopeia
I/FFMPEG  ( 3692):       ARTIST          : pdx
D/FFmpegExtractor( 3692): FFmpegExtrator, url: android-source:0xb55f35b0, format_name: ogg, format_long_name: Ogg
I/FFmpegExtractor( 3692): adjust mime(application/ogg -> audio/vorbis)
D/FFmpegExtractor( 3692): suppoted codec(vorbis) by official Stagefright
D/FFmpegExtractor( 3692): ffmpeg detected media content as 'audio/vorbis' with confidence 0.08
E/WhisperPush( 5815): GcmRecurringRegistration
E/WhisperPush( 5815): java.io.IOException: SERVICE_NOT_AVAILABLE
E/WhisperPush( 5815): 	at com.google.android.gms.gcm.GoogleCloudMessaging.register(Unknown Source)
E/WhisperPush( 5815): 	at org.whispersystems.whisperpush.gcm.GcmHelper.getRegistrationId(GcmHelper.java:65)
E/WhisperPush( 5815): 	at org.whispersystems.whisperpush.WhisperPush$1.doInBackground(WhisperPush.java:52)
E/WhisperPush( 5815): 	at org.whispersystems.whisperpush.WhisperPush$1.doInBackground(WhisperPush.java:48)
E/WhisperPush( 5815): 	at android.os.AsyncTask$2.call(AsyncTask.java:288)
E/WhisperPush( 5815): 	at java.util.concurrent.FutureTask.run(FutureTask.java:237)
E/WhisperPush( 5815): 	at android.os.AsyncTask$SerialExecutor$1.run(AsyncTask.java:231)
E/WhisperPush( 5815): 	at java.util.concurrent.ThreadPoolExecutor.runWorker(ThreadPoolExecutor.java:1112)
E/WhisperPush( 5815): 	at java.util.concurrent.ThreadPoolExecutor$Worker.run(ThreadPoolExecutor.java:587)
E/WhisperPush( 5815): 	at java.lang.Thread.run(Thread.java:818)
D/WVMDrmPlugIn( 3691): WVMDrmPlugin::onInitialize : 7367
D/WVMDrmPlugIn( 3691): WVMDrmPlugin::onSetOnInfoListener : add 7367
D/WVMDrmPlugIn( 3691): WVMDrmPlugin::onTerminate : 7367
I/FFmpegExtractor( 3692): android-source:0xb55f32e0
I/FFMPEG  ( 3692): Input #0, ogg, from 'android-source:0xb55f32e0':
I/FFMPEG  ( 3692):   Duration: 00:00:04.17, start: 0.000000, bitrate: 72 kb/s
I/FFMPEG  ( 3692):     Stream #0:0: Audio: vorbis, 44100 Hz, mono, fltp, 70 kb/s
I/FFMPEG  ( 3692):     Metadata:
I/FFMPEG  ( 3692):       ANDROID_LOOP    : true
I/FFMPEG  ( 3692):       TITLE           : Cairo
I/FFMPEG  ( 3692):       ARTIST          : Dr. Mad
D/FFmpegExtractor( 3692): FFmpegExtrator, url: android-source:0xb55f32e0, format_name: ogg, format_long_name: Ogg
I/FFmpegExtractor( 3692): adjust mime(application/ogg -> audio/vorbis)
D/FFmpegExtractor( 3692): suppoted codec(vorbis) by official Stagefright
D/FFmpegExtractor( 3692): ffmpeg detected media content as 'audio/vorbis' with confidence 0.08
D/WVMDrmPlugIn( 3691): WVMDrmPlugin::onInitialize : 6000
D/WVMDrmPlugIn( 3691): WVMDrmPlugin::onSetOnInfoListener : add 6000
D/WVMDrmPlugIn( 3691): WVMDrmPlugin::onTerminate : 6000
I/FFmpegExtractor( 3692): android-source:0xb55f3470
I/FFMPEG  ( 3692): Input #0, ogg, from 'android-source:0xb55f3470':
I/FFMPEG  ( 3692):   Duration: 00:00:12.79, start: 0.000000, bitrate: 253 kb/s
I/FFMPEG  ( 3692):     Stream #0:0: Audio: vorbis, 44100 Hz, stereo, fltp, 224 kb/s
I/FFMPEG  ( 3692):     Metadata:
I/FFMPEG  ( 3692):       ANDROID_LOOP    : true
I/FFMPEG  ( 3692):       TITLE           : Callisto
D/FFmpegExtractor( 3692): FFmpegExtrator, url: android-source:0xb55f3470, format_name: ogg, format_long_name: Ogg
I/FFmpegExtractor( 3692): adjust mime(application/ogg -> audio/vorbis)
D/FFmpegExtractor( 3692): suppoted codec(vorbis) by official Stagefright
D/FFmpegExtractor( 3692): ffmpeg detected media content as 'audio/vorbis' with confidence 0.08
D/WVMDrmPlugIn( 3691): WVMDrmPlugin::onInitialize : 6350
D/WVMDrmPlugIn( 3691): WVMDrmPlugin::onSetOnInfoListener : add 6350
D/WVMDrmPlugIn( 3691): WVMDrmPlugin::onTerminate : 6350
I/FFmpegExtractor( 3692): android-source:0xb55f3c40
I/FFMPEG  ( 3692): Input #0, ogg, from 'android-source:0xb55f3c40':
I/FFMPEG  ( 3692):   Duration: 00:00:04.00, start: 0.000000, bitrate: 77 kb/s
I/FFMPEG  ( 3692):     Stream #0:0: Audio: vorbis, 44100 Hz, mono, fltp, 70 kb/s
I/FFMPEG  ( 3692):     Metadata:
I/FFMPEG  ( 3692):       ANDROID_LOOP    : true
I/FFMPEG  ( 3692):       TITLE           : Calypso Steel
I/FFMPEG  ( 3692):       ARTIST          : Dr. Mad
D/FFmpegExtractor( 3692): FFmpegExtrator, url: android-source:0xb55f3c40, format_name: ogg, format_long_name: Ogg
I/FFmpegExtractor( 3692): adjust mime(application/ogg -> audio/vorbis)
D/FFmpegExtractor( 3692): suppoted codec(vorbis) by official Stagefright
D/FFmpegExtractor( 3692): ffmpeg detected media content as 'audio/vorbis' with confidence 0.08
D/WVMDrmPlugIn( 3691): WVMDrmPlugin::onInitialize : 5142
D/WVMDrmPlugIn( 3691): WVMDrmPlugin::onSetOnInfoListener : add 5142
D/WVMDrmPlugIn( 3691): WVMDrmPlugin::onTerminate : 5142
I/FFmpegExtractor( 3692): android-source:0xb55f3bf0
I/FFMPEG  ( 3692): Input #0, ogg, from 'android-source:0xb55f3bf0':
I/FFMPEG  ( 3692):   Duration: 00:00:03.50, start: 0.000000, bitrate: 71 kb/s
I/FFMPEG  ( 3692):     Stream #0:0: Audio: vorbis, 44100 Hz, mono, fltp, 80 kb/s
I/FFMPEG  ( 3692):     Metadata:
I/FFMPEG  ( 3692):       ANDROID_LOOP    : true
I/FFMPEG  ( 3692):       TITLE           : Canis Major
D/FFmpegExtractor( 3692): FFmpegExtrator, url: android-source:0xb55f3bf0, format_name: ogg, format_long_name: Ogg
I/FFmpegExtractor( 3692): adjust mime(application/ogg -> audio/vorbis)
D/FFmpegExtractor( 3692): suppoted codec(vorbis) by official Stagefright
D/FFmpegExtractor( 3692): ffmpeg detected media content as 'audio/vorbis' with confidence 0.08
D/WVMDrmPlugIn( 3691): WVMDrmPlugin::onInitialize : 6166
D/WVMDrmPlugIn( 3691): WVMDrmPlugin::onSetOnInfoListener : add 6166
D/WVMDrmPlugIn( 3691): WVMDrmPlugin::onTerminate : 6166
I/FFmpegExtractor( 3692): android-source:0xb55f39c0
I/FFMPEG  ( 3692): Input #0, ogg, from 'android-source:0xb55f39c0':
I/FFMPEG  ( 3692):   Duration: 00:00:04.00, start: 0.000000, bitrate: 61 kb/s
I/FFMPEG  ( 3692):     Stream #0:0: Audio: vorbis, 44100 Hz, mono, fltp, 48 kb/s
I/FFMPEG  ( 3692):     Metadata:
I/FFMPEG  ( 3692):       ARTIST          : Dr. MAD
I/FFMPEG  ( 3692):       TITLE           : Caribbean Ice
D/FFmpegExtractor( 3692): FFmpegExtrator, url: android-source:0xb55f39c0, format_name: ogg, format_long_name: Ogg
I/FFmpegExtractor( 3692): adjust mime(application/ogg -> audio/vorbis)
D/FFmpegExtractor( 3692): suppoted codec(vorbis) by official Stagefright
D/FFmpegExtractor( 3692): ffmpeg detected media content as 'audio/vorbis' with confidence 0.08
D/WVMDrmPlugIn( 3691): WVMDrmPlugin::onInitialize : 4461
D/WVMDrmPlugIn( 3691): WVMDrmPlugin::onSetOnInfoListener : add 4461
D/WVMDrmPlugIn( 3691): WVMDrmPlugin::onTerminate : 4461
I/FFmpegExtractor( 3692): android-source:0xb55f3bf0
I/FFMPEG  ( 3692): Input #0, ogg, from 'android-source:0xb55f3bf0':
I/FFMPEG  ( 3692):   Duration: 00:00:03.00, start: 0.000000, bitrate: 41 kb/s
I/FFMPEG  ( 3692):     Stream #0:0: Audio: vorbis, 44100 Hz, mono, fltp, 80 kb/s
I/FFMPEG  ( 3692):     Metadata:
I/FFMPEG  ( 3692):       ANDROID_LOOP    : true
I/FFMPEG  ( 3692):       TITLE           : Carina
D/FFmpegExtractor( 3692): FFmpegExtrator, url: android-source:0xb55f3bf0, format_name: ogg, format_long_name: Ogg
I/FFmpegExtractor( 3692): adjust mime(application/ogg -> audio/vorbis)
D/FFmpegExtractor( 3692): suppoted codec(vorbis) by official Stagefright
D/FFmpegExtractor( 3692): ffmpeg detected media content as 'audio/vorbis' with confidence 0.08
D/WVMDrmPlugIn( 3691): WVMDrmPlugin::onInitialize : 4589
D/WVMDrmPlugIn( 3691): WVMDrmPlugin::onSetOnInfoListener : add 4589
D/WVMDrmPlugIn( 3691): WVMDrmPlugin::onTerminate : 4589
I/FFmpegExtractor( 3692): android-source:0xb55f39c0
I/FFMPEG  ( 3692): Input #0, ogg, from 'android-source:0xb55f39c0':
I/FFMPEG  ( 3692):   Duration: 00:00:04.00, start: 0.000000, bitrate: 55 kb/s
I/FFMPEG  ( 3692):     Stream #0:0: Audio: vorbis, 44100 Hz, mono, fltp, 80 kb/s
I/FFMPEG  ( 3692):     Metadata:
I/FFMPEG  ( 3692):       ANDROID_LOOP    : true
I/FFMPEG  ( 3692):       TITLE           : Centaurus
D/FFmpegExtractor( 3692): FFmpegExtrator, url: android-source:0xb55f39c0, format_name: ogg, format_long_name: Ogg
I/FFmpegExtractor( 3692): adjust mime(application/ogg -> audio/vorbis)
D/FFmpegExtractor( 3692): suppoted codec(vorbis) by official Stagefright
D/FFmpegExtractor( 3692): ffmpeg detected media content as 'audio/vorbis' with confidence 0.08
D/WVMDrmPlugIn( 3691): WVMDrmPlugin::onInitialize : 6068
D/WVMDrmPlugIn( 3691): WVMDrmPlugin::onSetOnInfoListener : add 6068
D/WVMDrmPlugIn( 3691): WVMDrmPlugin::onTerminate : 6068
I/FFmpegExtractor( 3692): android-source:0xb55f3bf0
I/FFMPEG  ( 3692): Input #0, ogg, from 'android-source:0xb55f3bf0':
I/FFMPEG  ( 3692):   Duration: 00:00:04.36, start: 0.000000, bitrate: 73 kb/s
I/FFMPEG  ( 3692):     Stream #0:0: Audio: vorbis, 44100 Hz, mono, fltp, 70 kb/s
I/FFMPEG  ( 3692):     Metadata:
I/FFMPEG  ( 3692):       ANDROID_LOOP    : true
I/FFMPEG  ( 3692):       TITLE           : Champagne Edition
I/FFMPEG  ( 3692):       ARTIST          : Dr. Mad
D/FFmpegExtractor( 3692): FFmpegExtrator, url: android-source:0xb55f3bf0, format_name: ogg, format_long_name: Ogg
I/FFmpegExtractor( 3692): adjust mime(application/ogg -> audio/vorbis)
D/FFmpegExtractor( 3692): suppoted codec(vorbis) by official Stagefright
D/FFmpegExtractor( 3692): ffmpeg detected media content as 'audio/vorbis' with confidence 0.08
D/WVMDrmPlugIn( 3691): WVMDrmPlugin::onInitialize : 6333
D/WVMDrmPlugIn( 3691): WVMDrmPlugin::onSetOnInfoListener : add 6333
D/WVMDrmPlugIn( 3691): WVMDrmPlugin::onTerminate : 6333
I/FFmpegExtractor( 3692): android-source:0xb55f39c0
I/FFMPEG  ( 3692): Input #0, ogg, from 'android-source:0xb55f39c0':
I/FFMPEG  ( 3692):   Duration: 00:00:04.00, start: 0.000000, bitrate: 74 kb/s
I/FFMPEG  ( 3692):     Stream #0:0: Audio: vorbis, 44100 Hz, mono, fltp, 70 kb/s
I/FFMPEG  ( 3692):     Metadata:
I/FFMPEG  ( 3692):       ANDROID_LOOP    : true
I/FFMPEG  ( 3692):       TITLE           : Club Cubano
I/FFMPEG  ( 3692):       ARTIST          : Dr. Mad
D/FFmpegExtractor( 3692): FFmpegExtrator, url: android-source:0xb55f39c0, format_name: ogg, format_long_name: Ogg
I/FFmpegExtractor( 3692): adjust mime(application/ogg -> audio/vorbis)
D/FFmpegExtractor( 3692): suppoted codec(vorbis) by official Stagefright
D/FFmpegExtractor( 3692): ffmpeg detected media content as 'audio/vorbis' with confidence 0.08
D/WVMDrmPlugIn( 3691): WVMDrmPlugin::onInitialize : 6995
D/WVMDrmPlugIn( 3691): WVMDrmPlugin::onSetOnInfoListener : add 6995
D/WVMDrmPlugIn( 3691): WVMDrmPlugin::onTerminate : 6995
I/FFmpegExtractor( 3692): android-source:0xb55f3bf0
I/FFMPEG  ( 3692): Input #0, ogg, from 'android-source:0xb55f3bf0':
I/FFMPEG  ( 3692):   Duration: 00:00:03.56, start: 0.000000, bitrate: 85 kb/s
I/FFMPEG  ( 3692):     Stream #0:0: Audio: vorbis, 44100 Hz, mono, fltp, 75 kb/s
I/FFMPEG  ( 3692):     Metadata:
I/FFMPEG  ( 3692):       COPYRIGHT       : Copyright (c) 2009 Android Open Source Project
I/FFMPEG  ( 3692):       ANDROID_LOOP    : true
I/FFMPEG  ( 3692):       TITLE           : Crayon Rock
I/FFMPEG  ( 3692):       ARTIST          : Dr. Mad
D/FFmpegExtractor( 3692): FFmpegExtrator, url: android-source:0xb55f3bf0, format_name: ogg, format_long_name: Ogg
I/FFmpegExtractor( 3692): adjust mime(application/ogg -> audio/vorbis)
D/FFmpegExtractor( 3692): suppoted codec(vorbis) by official Stagefright
D/FFmpegExtractor( 3692): ffmpeg detected media content as 'audio/vorbis' with confidence 0.08
D/WVMDrmPlugIn( 3691): WVMDrmPlugin::onInitialize : 4949
D/WVMDrmPlugIn( 3691): WVMDrmPlugin::onSetOnInfoListener : add 4949
D/WVMDrmPlugIn( 3691): WVMDrmPlugin::onTerminate : 4949
I/FFmpegExtractor( 3692): android-source:0xb55f3ba0
I/FFMPEG  ( 3692): Input #0, ogg, from 'android-source:0xb55f3ba0':
I/FFMPEG  ( 3692):   Duration: 00:00:31.45, start: 0.000000, bitrate: 52 kb/s
I/FFMPEG  ( 3692):     Stream #0:0: Audio: vorbis, 44100 Hz, mono, fltp, 48 kb/s
I/FFMPEG  ( 3692):     Metadata:
I/FFMPEG  ( 3692):       ARTIST          : Dr. MAD
I/FFMPEG  ( 3692):       TITLE           : Crazy Dream
D/FFmpegExtractor( 3692): FFmpegExtrator, url: android-source:0xb55f3ba0, format_name: ogg, format_long_name: Ogg
I/FFmpegExtractor( 3692): adjust mime(application/ogg -> audio/vorbis)
D/FFmpegExtractor( 3692): suppoted codec(vorbis) by official Stagefright
D/FFmpegExtractor( 3692): ffmpeg detected media content as 'audio/vorbis' with confidence 0.08
D/WVMDrmPlugIn( 3691): WVMDrmPlugin::onInitialize : 4977
D/WVMDrmPlugIn( 3691): WVMDrmPlugin::onSetOnInfoListener : add 4977
D/WVMDrmPlugIn( 3691): WVMDrmPlugin::onTerminate : 4977
I/FFmpegExtractor( 3692): android-source:0xb55f39c0
I/FFMPEG  ( 3692): Input #0, ogg, from 'android-source:0xb55f39c0':
I/FFMPEG  ( 3692):   Duration: 00:00:04.00, start: 0.000000, bitrate: 61 kb/s
I/FFMPEG  ( 3692):     Stream #0:0: Audio: vorbis, 44100 Hz, mono, fltp, 48 kb/s
I/FFMPEG  ( 3692):     Metadata:
I/FFMPEG  ( 3692):       ARTIST          : Dr. MAD
I/FFMPEG  ( 3692):       TITLE           : Curve Ball Blend
I/FFMPEG  ( 3692):       ANDROID_LOOP    : true
D/FFmpegExtractor( 3692): FFmpegExtrator, url: android-source:0xb55f39c0, format_name: ogg, format_long_name: Ogg
I/FFmpegExtractor( 3692): adjust mime(application/ogg -> audio/vorbis)
D/FFmpegExtractor( 3692): suppoted codec(vorbis) by official Stagefright
D/FFmpegExtractor( 3692): ffmpeg detected media content as 'audio/vorbis' with confidence 0.08
D/WVMDrmPlugIn( 3691): WVMDrmPlugin::onInitialize : 6618
D/WVMDrmPlugIn( 3691): WVMDrmPlugin::onSetOnInfoListener : add 6618
D/WVMDrmPlugIn( 3691): WVMDrmPlugin::onTerminate : 6618
I/FFmpegExtractor( 3692): android-source:0xb55f3ce0
I/FFMPEG  ( 3692): Input #0, ogg, from 'android-source:0xb55f3ce0':
I/FFMPEG  ( 3692):   Duration: 00:00:29.50, start: 0.000000, bitrate: 324 kb/s
I/FFMPEG  ( 3692):     Stream #0:0: Audio: vorbis, 44100 Hz, stereo, fltp, 320 kb/s
I/FFMPEG  ( 3692):     Metadata:
I/FFMPEG  ( 3692):       TITLE           : CyanTone
I/FFMPEG  ( 3692):       ENCODER         : FL Studio
D/FFmpegExtractor( 3692): FFmpegExtrator, url: android-source:0xb55f3ce0, format_name: ogg, format_long_name: Ogg
I/FFmpegExtractor( 3692): adjust mime(application/ogg -> audio/vorbis)
D/FFmpegExtractor( 3692): suppoted codec(vorbis) by official Stagefright
D/FFmpegExtractor( 3692): ffmpeg detected media content as 'audio/vorbis' with confidence 0.08
I/GlobalDismissManager( 5516): no sender configured
D/AlertService( 5516): Beginning updateAlertNotification
D/WVMDrmPlugIn( 3691): WVMDrmPlugin::onInitialize : 7331
D/WVMDrmPlugIn( 3691): WVMDrmPlugin::onSetOnInfoListener : add 7331
D/AlertService( 5516): No fired or scheduled alerts
D/WVMDrmPlugIn( 3691): WVMDrmPlugin::onTerminate : 7331
I/FFmpegExtractor( 3692): android-source:0xb55f39c0
D/AlertService( 5516): Scheduling next alarm with AlarmScheduler. sEventReminderReceived: null
I/FFMPEG  ( 3692): Input #0, ogg, from 'android-source:0xb55f39c0':
I/FFMPEG  ( 3692):   Duration: 00:00:04.00, start: 0.000000, bitrate: 59 kb/s
I/FFMPEG  ( 3692):     Stream #0:0: Audio: vorbis, 44100 Hz, mono, fltp, 80 kb/s
I/FFMPEG  ( 3692):     Metadata:
I/FFMPEG  ( 3692):       ANDROID_LOOP    : true
I/FFMPEG  ( 3692):       TITLE           : Cygnus
D/FFmpegExtractor( 3692): FFmpegExtrator, url: android-source:0xb55f39c0, format_name: ogg, format_long_name: Ogg
I/FFmpegExtractor( 3692): adjust mime(application/ogg -> audio/vorbis)
D/FFmpegExtractor( 3692): suppoted codec(vorbis) by official Stagefright
D/FFmpegExtractor( 3692): ffmpeg detected media content as 'audio/vorbis' with confidence 0.08
D/AlarmScheduler( 5516): No events found starting within 1 week.
D/WVMDrmPlugIn( 3691): WVMDrmPlugin::onInitialize : 6827
D/WVMDrmPlugIn( 3691): WVMDrmPlugin::onSetOnInfoListener : add 6827
D/WVMDrmPlugIn( 3691): WVMDrmPlugin::onTerminate : 6827
I/FFmpegExtractor( 3692): android-source:0xb55f3ce0
I/FFMPEG  ( 3692): Input #0, ogg, from 'android-source:0xb55f3ce0':
I/FFMPEG  ( 3692):   Duration: 00:00:05.76, start: 0.000000, bitrate: 85 kb/s
I/FFMPEG  ( 3692):     Stream #0:0: Audio: vorbis, 44100 Hz, mono, fltp, 75 kb/s
I/FFMPEG  ( 3692):     Metadata:
I/FFMPEG  ( 3692):       COPYRIGHT       : Copyright (c) 2009 Android Open Source Project
I/FFMPEG  ( 3692):       ANDROID_LOOP    : true
I/FFMPEG  ( 3692):       TITLE           : Dancin' Fool
I/FFMPEG  ( 3692):       ARTIST          : Dr. Mad
D/FFmpegExtractor( 3692): FFmpegExtrator, url: android-source:0xb55f3ce0, format_name: ogg, format_long_name: Ogg
I/FFmpegExtractor( 3692): adjust mime(application/ogg -> audio/vorbis)
D/FFmpegExtractor( 3692): suppoted codec(vorbis) by official Stagefright
D/FFmpegExtractor( 3692): ffmpeg detected media content as 'audio/vorbis' with confidence 0.08
D/WVMDrmPlugIn( 3691): WVMDrmPlugin::onInitialize : 8042
D/WVMDrmPlugIn( 3691): WVMDrmPlugin::onSetOnInfoListener : add 8042
D/WVMDrmPlugIn( 3691): WVMDrmPlugin::onTerminate : 8042
I/FFmpegExtractor( 3692): android-source:0xb55f39c0
I/FFMPEG  ( 3692): Input #0, ogg, from 'android-source:0xb55f39c0':
I/FFMPEG  ( 3692):   Duration: 00:00:12.00, start: 0.000000, bitrate: 229 kb/s
I/FFMPEG  ( 3692):     Stream #0:0: Audio: vorbis, 44100 Hz, stereo, fltp, 224 kb/s
I/FFMPEG  ( 3692):     Metadata:
I/FFMPEG  ( 3692):       ANDROID_LOOP    : true
I/FFMPEG  ( 3692):       TITLE           : Dione
D/FFmpegExtractor( 3692): FFmpegExtrator, url: android-source:0xb55f39c0, format_name: ogg, format_long_name: Ogg
I/FFmpegExtractor( 3692): adjust mime(application/ogg -> audio/vorbis)
D/FFmpegExtractor( 3692): suppoted codec(vorbis) by official Stagefright
D/FFmpegExtractor( 3692): ffmpeg detected media content as 'audio/vorbis' with confidence 0.08
D/WVMDrmPlugIn( 3691): WVMDrmPlugin::onInitialize : 5689
D/WVMDrmPlugIn( 3691): WVMDrmPlugin::onSetOnInfoListener : add 5689
D/WVMDrmPlugIn( 3691): WVMDrmPlugin::onTerminate : 5689
I/FFmpegExtractor( 3692): android-source:0xb55f3d80
I/FFMPEG  ( 3692): Input #0, ogg, from 'android-source:0xb55f3d80':
I/FFMPEG  ( 3692):   Duration: 00:00:05.16, start: 0.000000, bitrate: 78 kb/s
I/FFMPEG  ( 3692):     Stream #0:0: Audio: vorbis, 44100 Hz, mono, fltp, 75 kb/s
I/FFMPEG  ( 3692):     Metadata:
I/FFMPEG  ( 3692):       COPYRIGHT       : Copyright (c) 2009 Android Open Source Project
I/FFMPEG  ( 3692):       ANDROID_LOOP    : true
I/FFMPEG  ( 3692):       TITLE           : Don' Mess Wiv It
I/FFMPEG  ( 3692):       ARTIST          : Dr. Mad
D/FFmpegExtractor( 3692): FFmpegExtrator, url: android-source:0xb55f3d80, format_name: ogg, format_long_name: Ogg
I/FFmpegExtractor( 3692): adjust mime(application/ogg -> audio/vorbis)
D/FFmpegExtractor( 3692): suppoted codec(vorbis) by official Stagefright
D/FFmpegExtractor( 3692): ffmpeg detected media content as 'audio/vorbis' with confidence 0.08
D/WVMDrmPlugIn( 3691): WVMDrmPlugin::onInitialize : 5285
D/WVMDrmPlugIn( 3691): WVMDrmPlugin::onSetOnInfoListener : add 5285
D/WVMDrmPlugIn( 3691): WVMDrmPlugin::onTerminate : 5285
I/FFmpegExtractor( 3692): android-source:0xb55f39c0
I/FFMPEG  ( 3692): Input #0, ogg, from 'android-source:0xb55f39c0':
I/FFMPEG  ( 3692):   Duration: 00:00:04.00, start: 0.000000, bitrate: 63 kb/s
I/FFMPEG  ( 3692):     Stream #0:0: Audio: vorbis, 44100 Hz, mono, fltp, 80 kb/s
I/FFMPEG  ( 3692):     Metadata:
I/FFMPEG  ( 3692):       ANDROID_LOOP    : true
I/FFMPEG  ( 3692):       TITLE           : Draco
D/FFmpegExtractor( 3692): FFmpegExtrator, url: android-source:0xb55f39c0, format_name: ogg, format_long_name: Ogg
I/FFmpegExtractor( 3692): adjust mime(application/ogg -> audio/vorbis)
D/FFmpegExtractor( 3692): suppoted codec(vorbis) by official Stagefright
D/FFmpegExtractor( 3692): ffmpeg detected media content as 'audio/vorbis' with confidence 0.08
D/WVMDrmPlugIn( 3691): WVMDrmPlugin::onInitialize : 6721
D/WVMDrmPlugIn( 3691): WVMDrmPlugin::onSetOnInfoListener : add 6721
D/WVMDrmPlugIn( 3691): WVMDrmPlugin::onTerminate : 6721
I/FFmpegExtractor( 3692): android-source:0xb55f3a10
I/FFMPEG  ( 3692): Input #0, ogg, from 'android-source:0xb55f3a10':
I/FFMPEG  ( 3692):   Duration: 00:00:26.67, start: 0.000000, bitrate: 52 kb/s
I/FFMPEG  ( 3692):     Stream #0:0: Audio: vorbis, 44100 Hz, mono, fltp, 48 kb/s
I/FFMPEG  ( 3692):     Metadata:
I/FFMPEG  ( 3692):       ARTIST          : Dr. MAD
I/FFMPEG  ( 3692):       TITLE           : Dream Theme
D/FFmpegExtractor( 3692): FFmpegExtrator, url: android-source:0xb55f3a10, format_name: ogg, format_long_name: Ogg
I/FFmpegExtractor( 3692): adjust mime(application/ogg -> audio/vorbis)
D/FFmpegExtractor( 3692): suppoted codec(vorbis) by official Stagefright
D/FFmpegExtractor( 3692): ffmpeg detected media content as 'audio/vorbis' with confidence 0.08
D/WVMDrmPlugIn( 3691): WVMDrmPlugin::onInitialize : 8032
D/WVMDrmPlugIn( 3691): WVMDrmPlugin::onSetOnInfoListener : add 8032
D/WVMDrmPlugIn( 3691): WVMDrmPlugin::onTerminate : 8032
I/FFmpegExtractor( 3692): android-source:0xb55f30b0
I/FFMPEG  ( 3692): Input #0, ogg, from 'android-source:0xb55f30b0':
I/FFMPEG  ( 3692):   Duration: 00:00:05.33, start: 0.000000, bitrate: 75 kb/s
I/FFMPEG  ( 3692):     Stream #0:0: Audio: vorbis, 44100 Hz, mono, fltp, 70 kb/s
I/FFMPEG  ( 3692):     Metadata:
I/FFMPEG  ( 3692):       ANDROID_LOOP    : true
I/FFMPEG  ( 3692):       TITLE           : Eastern Sky
I/FFMPEG  ( 3692):       ARTIST          : Dr. Mad
D/FFmpegExtractor( 3692): FFmpegExtrator, url: android-source:0xb55f30b0, format_name: ogg, format_long_name: Ogg
I/FFmpegExtractor( 3692): adjust mime(application/ogg -> audio/vorbis)
D/FFmpegExtractor( 3692): suppoted codec(vorbis) by official Stagefright
D/FFmpegExtractor( 3692): ffmpeg detected media content as 'audio/vorbis' with confidence 0.08
D/WVMDrmPlugIn( 3691): WVMDrmPlugin::onInitialize : 5781
D/WVMDrmPlugIn( 3691): WVMDrmPlugin::onSetOnInfoListener : add 5781
D/WVMDrmPlugIn( 3691): WVMDrmPlugin::onTerminate : 5781
I/FFmpegExtractor( 3692): android-source:0xb55f3560
I/FFMPEG  ( 3692): Input #0, ogg, from 'android-source:0xb55f3560':
I/FFMPEG  ( 3692):   Duration: 00:00:06.62, start: 0.000000, bitrate: 74 kb/s
I/FFMPEG  ( 3692):     Stream #0:0: Audio: vorbis, 44100 Hz, mono, fltp, 75 kb/s
I/FFMPEG  ( 3692):     Metadata:
I/FFMPEG  ( 3692):       ANDROID_LOOP    : true
I/FFMPEG  ( 3692):       COPYRIGHT       : (c) Copyright 2009 Android Open Source Project
I/FFMPEG  ( 3692):       TITLE           : Enter the Nexus
I/FFMPEG  ( 3692):       ARTIST          : Dr. Mad
D/FFmpegExtractor( 3692): FFmpegExtrator, url: android-source:0xb55f3560, format_name: ogg, format_long_name: Ogg
I/FFmpegExtractor( 3692): adjust mime(application/ogg -> audio/vorbis)
D/FFmpegExtractor( 3692): suppoted codec(vorbis) by official Stagefright
D/FFmpegExtractor( 3692): ffmpeg detected media content as 'audio/vorbis' with confidence 0.08
D/WVMDrmPlugIn( 3691): WVMDrmPlugin::onInitialize : 6999
D/WVMDrmPlugIn( 3691): WVMDrmPlugin::onSetOnInfoListener : add 6999
D/WVMDrmPlugIn( 3691): WVMDrmPlugin::onTerminate : 6999
I/FFmpegExtractor( 3692): android-source:0xb55f30b0
I/FFMPEG  ( 3692): Input #0, ogg, from 'android-source:0xb55f30b0':
I/FFMPEG  ( 3692):   Duration: 00:00:05.00, start: 0.000000, bitrate: 58 kb/s
I/FFMPEG  ( 3692):     Stream #0:0: Audio: vorbis, 44100 Hz, mono, fltp, 80 kb/s
I/FFMPEG  ( 3692):     Metadata:
I/FFMPEG  ( 3692):       ANDROID_LOOP    : true
I/FFMPEG  ( 3692):       TITLE           : Eridani
I/FFMPEG  ( 3692):       ARTIST          : Dr. MAD
D/FFmpegExtractor( 3692): FFmpegExtrator, url: android-source:0xb55f30b0, format_name: ogg, format_long_name: Ogg
I/FFmpegExtractor( 3692): adjust mime(application/ogg -> audio/vorbis)
D/FFmpegExtractor( 3692): suppoted codec(vorbis) by official Stagefright
D/FFmpegExtractor( 3692): ffmpeg detected media content as 'audio/vorbis' with confidence 0.08
D/WVMDrmPlugIn( 3691): WVMDrmPlugin::onInitialize : 7369
D/WVMDrmPlugIn( 3691): WVMDrmPlugin::onSetOnInfoListener : add 7369
D/WVMDrmPlugIn( 3691): WVMDrmPlugin::onTerminate : 7369
I/FFmpegExtractor( 3692): android-source:0xb55f3560
I/FFMPEG  ( 3692): Input #0, ogg, from 'android-source:0xb55f3560':
I/FFMPEG  ( 3692):   Duration: 00:00:04.00, start: 0.000000, bitrate: 63 kb/s
I/FFMPEG  ( 3692):     Stream #0:0: Audio: vorbis, 44100 Hz, mono, fltp, 48 kb/s
I/FFMPEG  ( 3692):     Metadata:
I/FFMPEG  ( 3692):       ARTIST          : Dr. MAD
I/FFMPEG  ( 3692):       TITLE           : Ether Shake
I/FFMPEG  ( 3692):       ANDROID_LOOP    : true
D/FFmpegExtractor( 3692): FFmpegExtrator, url: android-source:0xb55f3560, format_name: ogg, format_long_name: Ogg
I/FFmpegExtractor( 3692): adjust mime(application/ogg -> audio/vorbis)
D/FFmpegExtractor( 3692): suppoted codec(vorbis) by official Stagefright
D/FFmpegExtractor( 3692): ffmpeg detected media content as 'audio/vorbis' with confidence 0.08
D/WVMDrmPlugIn( 3691): WVMDrmPlugin::onInitialize : 4236
D/WVMDrmPlugIn( 3691): WVMDrmPlugin::onSetOnInfoListener : add 4236
D/WVMDrmPlugIn( 3691): WVMDrmPlugin::onTerminate : 4236
I/FFmpegExtractor( 3692): android-source:0xb55f30b0
I/FFMPEG  ( 3692): Input #0, ogg, from 'android-source:0xb55f30b0':
I/FFMPEG  ( 3692):   Duration: 00:00:12.63, start: 0.000000, bitrate: 71 kb/s
I/FFMPEG  ( 3692):     Stream #0:0: Audio: vorbis, 44100 Hz, mono, fltp, 80 kb/s
I/FFMPEG  ( 3692):     Metadata:
I/FFMPEG  ( 3692):       COPYRIGHT       : (c) Copyright 2009 Android Open Source Project
I/FFMPEG  ( 3692):       ANDROID_LOOP    : true
I/FFMPEG  ( 3692):       TITLE           : Free Flight
I/FFMPEG  ( 3692):       ARTIST          : Dave Sparks
D/FFmpegExtractor( 3692): FFmpegExtrator, url: android-source:0xb55f30b0, format_name: ogg, format_long_name: Ogg
I/FFmpegExtractor( 3692): adjust mime(application/ogg -> audio/vorbis)
D/FFmpegExtractor( 3692): suppoted codec(vorbis) by official Stagefright
D/FFmpegExtractor( 3692): ffmpeg detected media content as 'audio/vorbis' with confidence 0.08
D/WVMDrmPlugIn( 3691): WVMDrmPlugin::onInitialize : 7759
D/WVMDrmPlugIn( 3691): WVMDrmPlugin::onSetOnInfoListener : add 7759
D/WVMDrmPlugIn( 3691): WVMDrmPlugin::onTerminate : 7759
I/FFmpegExtractor( 3692): android-source:0xb55f3560
I/FFMPEG  ( 3692): Input #0, ogg, from 'android-source:0xb55f3560':
I/FFMPEG  ( 3692):   Duration: 00:00:05.22, start: 0.000000, bitrate: 71 kb/s
I/FFMPEG  ( 3692):     Stream #0:0: Audio: vorbis, 44100 Hz, mono, fltp, 60 kb/s
I/FFMPEG  ( 3692):     Metadata:
I/FFMPEG  ( 3692):       ARTIST          : Dr. MAD
I/FFMPEG  ( 3692):       TITLE           : Friendly Ghost
I/FFMPEG  ( 3692):       ANDROID_LOOP    : true
D/FFmpegExtractor( 3692): FFmpegExtrator, url: android-source:0xb55f3560, format_name: ogg, format_long_name: Ogg
I/FFmpegExtractor( 3692): adjust mime(application/ogg -> audio/vorbis)
D/FFmpegExtractor( 3692): suppoted codec(vorbis) by official Stagefright
D/FFmpegExtractor( 3692): ffmpeg detected media content as 'audio/vorbis' with confidence 0.08
D/WVMDrmPlugIn( 3691): WVMDrmPlugin::onInitialize : 8129
D/WVMDrmPlugIn( 3691): WVMDrmPlugin::onSetOnInfoListener : add 8129
D/WVMDrmPlugIn( 3691): WVMDrmPlugin::onTerminate : 8129
I/FFmpegExtractor( 3692): android-source:0xb55f30b0
I/FFMPEG  ( 3692): Input #0, ogg, from 'android-source:0xb55f30b0':
I/FFMPEG  ( 3692):   Duration: 00:00:04.10, start: 0.000000, bitrate: 77 kb/s
I/FFMPEG  ( 3692):     Stream #0:0: Audio: vorbis, 44100 Hz, mono, fltp, 70 kb/s
I/FFMPEG  ( 3692):     Metadata:
I/FFMPEG  ( 3692):       ANDROID_LOOP    : true
I/FFMPEG  ( 3692):       TITLE           : Funk Y'all
I/FFMPEG  ( 3692):       ARTIST          : Dr. Mad
D/FFmpegExtractor( 3692): FFmpegExtrator, url: android-source:0xb55f30b0, format_name: ogg, format_long_name: Ogg
I/FFmpegExtractor( 3692): adjust mime(application/ogg -> audio/vorbis)
D/FFmpegExtractor( 3692): suppoted codec(vorbis) by official Stagefright
D/FFmpegExtractor( 3692): ffmpeg detected media content as 'audio/vorbis' with confidence 0.08
D/WVMDrmPlugIn( 3691): WVMDrmPlugin::onInitialize : 6233
D/WVMDrmPlugIn( 3691): WVMDrmPlugin::onSetOnInfoListener : add 6233
D/WVMDrmPlugIn( 3691): WVMDrmPlugin::onTerminate : 6233
I/FFmpegExtractor( 3692): android-source:0xb55f3560
I/FFMPEG  ( 3692): Input #0, ogg, from 'android-source:0xb55f3560':
I/FFMPEG  ( 3692):   Duration: 00:00:06.00, start: 0.000000, bitrate: 66 kb/s
I/FFMPEG  ( 3692):     Stream #0:0: Audio: vorbis, 44100 Hz, mono, fltp, 60 kb/s
I/FFMPEG  ( 3692):     Metadata:
I/FFMPEG  ( 3692):       ARTIST          : Dr. MAD
I/FFMPEG  ( 3692):       TITLE           : Game Over Guitar
D/FFmpegExtractor( 3692): FFmpegExtrator, url: android-source:0xb55f3560, format_name: ogg, format_long_name: Ogg
I/FFmpegExtractor( 3692): adjust mime(application/ogg -> audio/vorbis)
D/FFmpegExtractor( 3692): suppoted codec(vorbis) by official Stagefright
D/FFmpegExtractor( 3692): ffmpeg detected media content as 'audio/vorbis' with confidence 0.08
D/WVMDrmPlugIn( 3691): WVMDrmPlugin::onInitialize : 5594
D/WVMDrmPlugIn( 3691): WVMDrmPlugin::onSetOnInfoListener : add 5594
D/WVMDrmPlugIn( 3691): WVMDrmPlugin::onTerminate : 5594
I/FFmpegExtractor( 3692): android-source:0xb55f30b0
I/FFMPEG  ( 3692): Input #0, ogg, from 'android-source:0xb55f30b0':
I/FFMPEG  ( 3692):   Duration: 00:00:04.98, start: 0.000000, bitrate: 217 kb/s
I/FFMPEG  ( 3692):     Stream #0:0: Audio: vorbis, 44100 Hz, stereo, fltp, 224 kb/s
I/FFMPEG  ( 3692):     Metadata:
I/FFMPEG  ( 3692):       ANDROID_LOOP    : true
I/FFMPEG  ( 3692):       TITLE           : Ganymede
D/FFmpegExtractor( 3692): FFmpegExtrator, url: android-source:0xb55f30b0, format_name: ogg, format_long_name: Ogg
I/FFmpegExtractor( 3692): adjust mime(application/ogg -> audio/vorbis)
D/FFmpegExtractor( 3692): suppoted codec(vorbis) by official Stagefright
D/FFmpegExtractor( 3692): ffmpeg detected media content as 'audio/vorbis' with confidence 0.08
D/WVMDrmPlugIn( 3691): WVMDrmPlugin::onInitialize : 7460
D/WVMDrmPlugIn( 3691): WVMDrmPlugin::onSetOnInfoListener : add 7460
D/WVMDrmPlugIn( 3691): WVMDrmPlugin::onTerminate : 7460
I/FFmpegExtractor( 3692): android-source:0xb55f3560
I/FFMPEG  ( 3692): Input #0, ogg, from 'android-source:0xb55f3560':
I/FFMPEG  ( 3692):   Duration: 00:00:04.00, start: 0.000000, bitrate: 77 kb/s
I/FFMPEG  ( 3692):     Stream #0:0: Audio: vorbis, 44100 Hz, mono, fltp, 70 kb/s
I/FFMPEG  ( 3692):     Metadata:
I/FFMPEG  ( 3692):       ANDROID_LOOP    : true
I/FFMPEG  ( 3692):       TITLE           : Gimme Mo' Town
I/FFMPEG  ( 3692):       ARTIST          : Dr. Mad
D/FFmpegExtractor( 3692): FFmpegExtrator, url: android-source:0xb55f3560, format_name: ogg, format_long_name: Ogg
I/FFmpegExtractor( 3692): adjust mime(application/ogg -> audio/vorbis)
D/FFmpegExtractor( 3692): suppoted codec(vorbis) by official Stagefright
D/FFmpegExtractor( 3692): ffmpeg detected media content as 'audio/vorbis' with confidence 0.08
D/WVMDrmPlugIn( 3691): WVMDrmPlugin::onInitialize : 5203
D/WVMDrmPlugIn( 3691): WVMDrmPlugin::onSetOnInfoListener : add 5203
D/WVMDrmPlugIn( 3691): WVMDrmPlugin::onTerminate : 5203
I/FFmpegExtractor( 3692): android-source:0xb55f30b0
I/FFMPEG  ( 3692): Input #0, ogg, from 'android-source:0xb55f30b0':
I/FFMPEG  ( 3692):   Duration: 00:00:03.45, start: 0.000000, bitrate: 102 kb/s
I/FFMPEG  ( 3692):     Stream #0:0: Audio: vorbis, 44100 Hz, stereo, fltp, 112 kb/s
I/FFMPEG  ( 3692):     Metadata:
I/FFMPEG  ( 3692):       ANDROID_LOOP    : true
I/FFMPEG  ( 3692):       TITLE           : Girtab
D/FFmpegExtractor( 3692): FFmpegExtrator, url: android-source:0xb55f30b0, format_name: ogg, format_long_name: Ogg
I/FFmpegExtractor( 3692): adjust mime(application/ogg -> audio/vorbis)
D/FFmpegExtractor( 3692): suppoted codec(vorbis) by official Stagefright
D/FFmpegExtractor( 3692): ffmpeg detected media content as 'audio/vorbis' with confidence 0.08
D/WVMDrmPlugIn( 3691): WVMDrmPlugin::onInitialize : 4752
D/WVMDrmPlugIn( 3691): WVMDrmPlugin::onSetOnInfoListener : add 4752
D/WVMDrmPlugIn( 3691): WVMDrmPlugin::onTerminate : 4752
I/FFmpegExtractor( 3692): android-source:0xb55f3560
I/FFMPEG  ( 3692): Input #0, ogg, from 'android-source:0xb55f3560':
I/FFMPEG  ( 3692):   Duration: 00:00:05.10, start: 0.000000, bitrate: 86 kb/s
I/FFMPEG  ( 3692):     Stream #0:0: Audio: vorbis, 44100 Hz, mono, fltp, 70 kb/s
I/FFMPEG  ( 3692):     Metadata:
I/FFMPEG  ( 3692):       ANDROID_LOOP    : true
I/FFMPEG  ( 3692):       TITLE           : Glacial Groove
I/FFMPEG  ( 3692):       ARTIST          : Dr. Mad
D/FFmpegExtractor( 3692): FFmpegExtrator, url: android-source:0xb55f3560, format_name: ogg, format_long_name: Ogg
I/FFmpegExtractor( 3692): adjust mime(application/ogg -> audio/vorbis)
D/FFmpegExtractor( 3692): suppoted codec(vorbis) by official Stagefright
D/FFmpegExtractor( 3692): ffmpeg detected media content as 'audio/vorbis' with confidence 0.08
D/WVMDrmPlugIn( 3691): WVMDrmPlugin::onInitialize : 6636
D/WVMDrmPlugIn( 3691): WVMDrmPlugin::onSetOnInfoListener : add 6636
D/WVMDrmPlugIn( 3691): WVMDrmPlugin::onTerminate : 6636
I/FFmpegExtractor( 3692): android-source:0xb55f3290
I/FFMPEG  ( 3692): Input #0, ogg, from 'android-source:0xb55f3290':
I/FFMPEG  ( 3692):   Duration: 00:00:05.78, start: 0.000000, bitrate: 56 kb/s
I/FFMPEG  ( 3692):     Stream #0:0: Audio: vorbis, 44100 Hz, mono, fltp, 48 kb/s
I/FFMPEG  ( 3692):     Metadata:
I/FFMPEG  ( 3692):       ARTIST          : Dr. MAD
I/FFMPEG  ( 3692):       TITLE           : Growl
I/FFMPEG  ( 3692):       ANDROID_LOOP    : true
D/FFmpegExtractor( 3692): FFmpegExtrator, url: android-source:0xb55f3290, format_name: ogg, format_long_name: Ogg
I/FFmpegExtractor( 3692): adjust mime(application/ogg -> audio/vorbis)
D/FFmpegExtractor( 3692): suppoted codec(vorbis) by official Stagefright
D/FFmpegExtractor( 3692): ffmpeg detected media content as 'audio/vorbis' with confidence 0.08
D/WVMDrmPlugIn( 3691): WVMDrmPlugin::onInitialize : 7108
D/WVMDrmPlugIn( 3691): WVMDrmPlugin::onSetOnInfoListener : add 7108
D/WVMDrmPlugIn( 3691): WVMDrmPlugin::onTerminate : 7108
I/FFmpegExtractor( 3692): android-source:0xb55f3560
I/FFMPEG  ( 3692): Input #0, ogg, from 'android-source:0xb55f3560':
I/FFMPEG  ( 3692):   Duration: 00:00:07.11, start: 0.000000, bitrate: 77 kb/s
I/FFMPEG  ( 3692):     Stream #0:0: Audio: vorbis, 44100 Hz, mono, fltp, 75 kb/s
I/FFMPEG  ( 3692):     Metadata:
I/FFMPEG  ( 3692):       COPYRIGHT       : Copyright (c) 2009 Android Open Source Project
I/FFMPEG  ( 3692):       ANDROID_LOOP    : true
I/FFMPEG  ( 3692):       TITLE           : Halfway Home
I/FFMPEG  ( 3692):       ARTIST          : Dr. Mad
D/FFmpegExtractor( 3692): FFmpegExtrator, url: android-source:0xb55f3560, format_name: ogg, format_long_name: Ogg
I/FFmpegExtractor( 3692): adjust mime(application/ogg -> audio/vorbis)
D/FFmpegExtractor( 3692): suppoted codec(vorbis) by official Stagefright
D/FFmpegExtractor( 3692): ffmpeg detected media content as 'audio/vorbis' with confidence 0.08
D/WVMDrmPlugIn( 3691): WVMDrmPlugin::onInitialize : 7007
D/WVMDrmPlugIn( 3691): WVMDrmPlugin::onSetOnInfoListener : add 7007
D/WVMDrmPlugIn( 3691): WVMDrmPlugin::onTerminate : 7007
I/FFmpegExtractor( 3692): android-source:0xb55f3290
I/FFMPEG  ( 3692): Input #0, ogg, from 'android-source:0xb55f3290':
I/FFMPEG  ( 3692):   Duration: 00:00:03.70, start: 0.000000, bitrate: 469 kb/s
I/FFMPEG  ( 3692):     Stream #0:0: Audio: vorbis, 44100 Hz, stereo, fltp, 450 kb/s
I/FFMPEG  ( 3692):     Metadata:
I/FFMPEG  ( 3692):       ENCODER         : FL Studio
D/FFmpegExtractor( 3692): FFmpegExtrator, url: android-source:0xb55f3290, format_name: ogg, format_long_name: Ogg
I/FFmpegExtractor( 3692): adjust mime(application/ogg -> audio/vorbis)
D/FFmpegExtractor( 3692): suppoted codec(vorbis) by official Stagefright
D/FFmpegExtractor( 3692): ffmpeg detected media content as 'audio/vorbis' with confidence 0.08
D/WVMDrmPlugIn( 3691): WVMDrmPlugin::onInitialize : 7682
D/WVMDrmPlugIn( 3691): WVMDrmPlugin::onSetOnInfoListener : add 7682
D/WVMDrmPlugIn( 3691): WVMDrmPlugin::onTerminate : 7682
I/FFmpegExtractor( 3692): android-source:0xb55f3560
I/FFMPEG  ( 3692): Input #0, ogg, from 'android-source:0xb55f3560':
I/FFMPEG  ( 3692):   Duration: 00:00:05.00, start: 0.000000, bitrate: 36 kb/s
I/FFMPEG  ( 3692):     Stream #0:0: Audio: vorbis, 44100 Hz, mono, fltp, 80 kb/s
I/FFMPEG  ( 3692):     Metadata:
I/FFMPEG  ( 3692):       ANDROID_LOOP    : true
I/FFMPEG  ( 3692):       TITLE           : Hydra
D/FFmpegExtractor( 3692): FFmpegExtrator, url: android-source:0xb55f3560, format_name: ogg, format_long_name: Ogg
I/FFmpegExtractor( 3692): adjust mime(application/ogg -> audio/vorbis)
D/FFmpegExtractor( 3692): suppoted codec(vorbis) by official Stagefright
D/FFmpegExtractor( 3692): ffmpeg detected media content as 'audio/vorbis' with confidence 0.08
D/WVMDrmPlugIn( 3691): WVMDrmPlugin::onInitialize : 5082
D/WVMDrmPlugIn( 3691): WVMDrmPlugin::onSetOnInfoListener : add 5082
D/WVMDrmPlugIn( 3691): WVMDrmPlugin::onTerminate : 5082
I/FFmpegExtractor( 3692): android-source:0xb55f3290
I/FFMPEG  ( 3692): Input #0, ogg, from 'android-source:0xb55f3290':
I/FFMPEG  ( 3692):   Duration: 00:00:02.00, start: 0.000000, bitrate: 60 kb/s
I/FFMPEG  ( 3692):     Stream #0:0: Audio: vorbis, 44100 Hz, mono, fltp, 48 kb/s
I/FFMPEG  ( 3692):     Metadata:
I/FFMPEG  ( 3692):       ARTIST          : Dr. MAD
I/FFMPEG  ( 3692):       TITLE           : Insert Coin
D/FFmpegExtractor( 3692): FFmpegExtrator, url: android-source:0xb55f3290, format_name: ogg, format_long_name: Ogg
I/FFmpegExtractor( 3692): adjust mime(application/ogg -> audio/vorbis)
D/FFmpegExtractor( 3692): suppoted codec(vorbis) by official Stagefright
D/FFmpegExtractor( 3692): ffmpeg detected media content as 'audio/vorbis' with confidence 0.08
D/WVMDrmPlugIn( 3691): WVMDrmPlugin::onInitialize : 7372
D/WVMDrmPlugIn( 3691): WVMDrmPlugin::onSetOnInfoListener : add 7372
D/WVMDrmPlugIn( 3691): WVMDrmPlugin::onTerminate : 7372
I/FFmpegExtractor( 3692): android-source:0xb55f3560
I/FFMPEG  ( 3692): Input #0, ogg, from 'android-source:0xb55f3560':
I/FFMPEG  ( 3692):   Duration: 00:00:23.53, start: 0.000000, bitrate: 56 kb/s
I/FFMPEG  ( 3692):     Stream #0:0: Audio: vorbis, 44100 Hz, mono, fltp, 70 kb/s
I/FFMPEG  ( 3692):     Metadata:
I/FFMPEG  ( 3692):       ANDROID_LOOP    : true
I/FFMPEG  ( 3692):       TITLE           : Kuma
D/FFmpegExtractor( 3692): FFmpegExtrator, url: android-source:0xb55f3560, format_name: ogg, format_long_name: Ogg
I/FFmpegExtractor( 3692): adjust mime(application/ogg -> audio/vorbis)
D/FFmpegExtractor( 3692): suppoted codec(vorbis) by official Stagefright
D/FFmpegExtractor( 3692): ffmpeg detected media content as 'audio/vorbis' with confidence 0.08
D/WVMDrmPlugIn( 3691): WVMDrmPlugin::onInitialize : 8176
D/WVMDrmPlugIn( 3691): WVMDrmPlugin::onSetOnInfoListener : add 8176
D/WVMDrmPlugIn( 3691): WVMDrmPlugin::onTerminate : 8176
I/FFmpegExtractor( 3692): android-source:0xb55f35b0
I/FFMPEG  ( 3692): Input #0, ogg, from 'android-source:0xb55f35b0':
I/FFMPEG  ( 3692):   Duration: 00:00:05.10, start: 0.000000, bitrate: 60 kb/s
I/FFMPEG  ( 3692):     Stream #0:0: Audio: vorbis, 44100 Hz, mono, fltp, 48 kb/s
I/FFMPEG  ( 3692):     Metadata:
I/FFMPEG  ( 3692):       ARTIST          : Dr. MAD
I/FFMPEG  ( 3692):       TITLE           : Loopy Lounge
I/FFMPEG  ( 3692):       ANDROID_LOOP    : true
D/FFmpegExtractor( 3692): FFmpegExtrator, url: android-source:0xb55f35b0, format_name: ogg, format_long_name: Ogg
I/FFmpegExtractor( 3692): adjust mime(application/ogg -> audio/vorbis)
D/FFmpegExtractor( 3692): suppoted codec(vorbis) by official Stagefright
D/FFmpegExtractor( 3692): ffmpeg detected media content as 'audio/vorbis' with confidence 0.08
D/WVMDrmPlugIn( 3691): WVMDrmPlugin::onInitialize : 7054
D/WVMDrmPlugIn( 3691): WVMDrmPlugin::onSetOnInfoListener : add 7054
D/WVMDrmPlugIn( 3691): WVMDrmPlugin::onTerminate : 7054
I/FFmpegExtractor( 3692): android-source:0xb55f3290
I/FFMPEG  ( 3692): Input #0, ogg, from 'android-source:0xb55f3290':
I/FFMPEG  ( 3692):   Duration: 00:00:04.80, start: 0.000000, bitrate: 57 kb/s
I/FFMPEG  ( 3692):     Stream #0:0: Audio: vorbis, 44100 Hz, mono, fltp, 48 kb/s
I/FFMPEG  ( 3692):     Metadata:
I/FFMPEG  ( 3692):       ARTIST          : Dr. MAD
I/FFMPEG  ( 3692):       TITLE           : Love Flute
I/FFMPEG  ( 3692):       ANDROID_LOOP    : true
D/FFmpegExtractor( 3692): FFmpegExtrator, url: android-source:0xb55f3290, format_name: ogg, format_long_name: Ogg
I/FFmpegExtractor( 3692): adjust mime(application/ogg -> audio/vorbis)
D/FFmpegExtractor( 3692): suppoted codec(vorbis) by official Stagefright
D/FFmpegExtractor( 3692): ffmpeg detected media content as 'audio/vorbis' with confidence 0.08
D/WVMDrmPlugIn( 3691): WVMDrmPlugin::onInitialize : 5513
D/WVMDrmPlugIn( 3691): WVMDrmPlugin::onSetOnInfoListener : add 5513
D/WVMDrmPlugIn( 3691): WVMDrmPlugin::onTerminate : 5513
I/FFmpegExtractor( 3692): android-source:0xb55f3dd0
I/FFMPEG  ( 3692): Input #0, ogg, from 'android-source:0xb55f3dd0':
I/FFMPEG  ( 3692):   Duration: 00:00:04.86, start: 0.000000, bitrate: 188 kb/s
I/FFMPEG  ( 3692):     Stream #0:0: Audio: vorbis, 44100 Hz, stereo, fltp, 224 kb/s
I/FFMPEG  ( 3692):     Metadata:
I/FFMPEG  ( 3692):       ANDROID_LOOP    : true
I/FFMPEG  ( 3692):       TITLE           : Luna
D/FFmpegExtractor( 3692): FFmpegExtrator, url: android-source:0xb55f3dd0, format_name: ogg, format_long_name: Ogg
I/FFmpegExtractor( 3692): adjust mime(application/ogg -> audio/vorbis)
D/FFmpegExtractor( 3692): suppoted codec(vorbis) by official Stagefright
