V/AudioPolicyManager( 3669): ====bluetoothVolume[12][9] = 0.000000
V/AudioPolicyManager( 3669): ====bluetoothVolume[12][10] = 0.000000
V/AudioPolicyManager( 3669): ====bluetoothVolume[12][11] = 0.000000
V/AudioPolicyManager( 3669): ====bluetoothVolume[12][12] = 0.000000
V/AudioPolicyManager( 3669): ====bluetoothVolume[12][13] = 0.000000
V/AudioPolicyManager( 3669): ====bluetoothVolume[12][14] = 0.000000
V/AudioPolicyManager( 3669): ====bluetoothVolume[12][15] = 0.000000
V/AudioPolicyManager( 3669): ====bluetoothVolume[12][16] = 0.000000
V/AudioPolicyManager( 3669): ==== situationVolume[0][0] = 0.300000
V/AudioPolicyManager( 3669): ==== situationVolume[0][1] = 1.000000
V/AudioPolicyManager( 3669): ==== situationVolume[1][0] = 1.000000
V/AudioPolicyManager( 3669): ==== situationVolume[1][1] = 0.600000
V/AudioPolicyManager( 3669): ==== situationVolume[2][0] = 0.500000
V/AudioPolicyManager( 3669): ==== situationVolume[2][1] = 1.000000
V/AudioPolicyManager( 3669): ==== situationVolume[3][0] = 0.400000
V/AudioPolicyManager( 3669): ==== situationVolume[3][1] = 0.500000
V/AudioPolicyManager( 3669): ==== situationVolume[4][0] = 0.330000
V/AudioPolicyManager( 3669): ==== situationVolume[4][1] = 1.000000
V/AudioPolicyManager( 3669): ==== situationVolume[5][0] = 1.000000
V/AudioPolicyManager( 3669): ==== situationVolume[5][1] = 0.300000
V/AudioPolicyManager( 3669): ==== situationVolume[6][0] = 1.000000
V/AudioPolicyManager( 3669): ==== situationVolume[6][1] = 0.050000
V/AudioPolicyManager( 3669): ==== situationVolume[7][0] = 0.900000
V/AudioPolicyManager( 3669): ==== situationVolume[7][1] = 1.000000
V/AudioPolicyManager( 3669): ==== situationVolume[8][0] = 1.000000
V/AudioPolicyManager( 3669): ==== situationVolume[8][1] = 0.900000
V/AudioPolicyManager( 3669): ==== situationVolume[9][0] = 0.500000
V/AudioPolicyManager( 3669): ==== situationVolume[9][1] = 0.500000
V/AudioPolicyManager( 3669): ==== situationVolume[10][0] = 0.500000
V/AudioPolicyManager( 3669): ==== situationVolume[10][1] = 0.500000
V/AudioPolicyManager( 3669): ==== situationVolume[11][0] = 1.000000
V/AudioPolicyManager( 3669): ==== situationVolume[11][1] = 1.000000
V/AudioPolicyManager( 3669): ==== situationVolume[12][0] = 0.500000
V/AudioPolicyManager( 3669): ==== situationVolume[12][1] = 1.000000
V/AudioPolicyManager( 3669): ==== situationVolume[13][0] = 0.500000
V/AudioPolicyManager( 3669): ==== situationVolume[13][1] = 1.000000
V/AudioPolicyManager( 3669): ==== situationVolume[14][0] = 0.500000
V/AudioPolicyManager( 3669): ==== situationVolume[14][1] = 1.000000
V/AudioPolicyManager( 3669): ==== situationVolume[15][0] = 0.500000
V/AudioPolicyManager( 3669): ==== situationVolume[15][1] = 1.000000
V/AudioPolicyManager( 3669): ==== situationVolume[16][0] = 0.500000
V/AudioPolicyManager( 3669): ==== situationVolume[16][1] = 1.000000
D/Audio_Control_CSC( 3669): get_CS_ISO_Code country_code = PA
D/Audio_Control_CSC( 3669): get_ShutterSound_Off
D/Audio_Control_CSC( 3669): getCameraShutterOn()_mbIsShutterOn = 0
I/AudioPolicyService( 3669): forced_val : 0
V/AudioPolicyManager( 3669): setSystemProperty() property ro.camera.sound.forced, value 0
I/AudioPolicyManager( 3669): ENFORCED_AUDIBLE can be muted
E/AudioPolicyEffects( 3669): inputSourceNameToEnum found source mic 0
E/AudioPolicyEffects( 3669): inputSourceNameToEnum found source camcorder 4
W/AudioPolicyEffects( 3669): loadInputSource() empty element camcorder
E/AudioPolicyEffects( 3669): inputSourceNameToEnum found source voice_communication 6
E/AudioPolicyEffects( 3669): inputSourceNameToEnum found source sec_voice_recognition 10
E/AudioPolicyEffects( 3669): inputSourceNameToEnum found source sec_bargein_driving 18
E/AudioPolicyEffects( 3669): inputSourceNameToEnum found source sec_voice_communication 11
V/TranscoderService( 3669): TranscoderService created
E/SoundTriggerHwService( 3669): couldn't load sound trigger module sound_trigger.primary (No such file or directory)
V/NatController( 3665): runCmd(/system/bin/iptables -F natctrl_FORWARD) res=0
V/NatController( 3665): runCmd(/system/bin/iptables -A natctrl_FORWARD -j DROP) res=0
V/NatController( 3665): runCmd(/system/bin/iptables -t nat -F natctrl_nat_POSTROUTING) res=0
V/NatController( 3665): runCmd(/system/bin/iptables -t nat -F natctrl_nat_PREROUTING) res=0
V/NatController( 3665): runCmd(/system/bin/iptables -F natctrl_tether_counters) res=1
V/NatController( 3665): runCmd(/system/bin/iptables -X natctrl_tether_counters) res=1
V/NatController( 3665): runCmd(/system/bin/iptables -N natctrl_tether_counters) res=0
V/NatController( 3665): runCmd(/system/bin/iptables -t mangle -A natctrl_mangle_FORWARD -p tcp --tcp-flags SYN SYN -j TCPMSS --clamp-mss-to-pmtu) res=0
D/wrapperGPS( 3677): wrapperConnect_RILD
E/memtrack( 3679): Couldn't load memtrack module (No such file or directory)
E/android.os.Debug( 3679): failed to load memtrack module: -2
E/AffinityControl( 3679): AffinityControl: registerfunction enter
I/SamplingProfilerIntegration( 3679): Profiling disabled.
I/Zygote  ( 3679): !@Boot: beginofpreloadClasses()
I/Zygote  ( 3679): !@Boot: beginofpreloadResources()
I/art     ( 3679): Counter: 1
I/Zygote  ( 3679): Preloading classes...
I/art     ( 3679): Explicit concurrent mark sweep GC freed 1165(96KB) AllocSpace objects, 0(0B) LOS objects, 98% free, 73KB/4MB, paused 449us total 27.188ms
I/art     ( 3679): WaitForGcToComplete blocked for 8.467ms for cause Explicit
I/art     ( 3679): Explicit concurrent mark sweep GC freed 15(544B) AllocSpace objects, 0(0B) LOS objects, 98% free, 73KB/4MB, paused 223us total 5.657ms
I/Zygote  ( 3679): Number of total Classes to prelaod: 3009
I/Zygote  ( 3679): Classes to load for thread1 0~709
I/Zygote  ( 3679): Classes to load for thread2 710~1409
I/Zygote  ( 3679): Classes to load for thread3 1410~3008
W/Zygote  ( 3679): Class not found for preloading: android.widget.ActionMenuPresenter$OverflowMenuButton$1
D/TypefaceImpl( 3679): makeFontCollection adding /system/fonts/Roboto-Regular.ttf
W/Zygote  ( 3679): Class not found for preloading: android.app.ContextImpl$2
W/Zygote  ( 3679): Class not found for preloading: android.app.ContextImpl$30
W/Zygote  ( 3679): Class not found for preloading: android.app.ContextImpl$49
W/Zygote  ( 3679): Class not found for preloading: android.app.ContextImpl$53
W/Zygote  ( 3679): Class not found for preloading: com.android.okhttp.ConfigAwareConnectionPool$1
I/art     ( 3679): Thread[10,tid=4054,WaitingForJniOnLoad,Thread*=0xb4d09800,peer=0x12cfca00,"Thread-10"] recursive attempt to load library "/system/lib/libmedia_jni.so"
D/MtpDeviceJNI( 3679): register_android_mtp_MtpDevice
I/art     ( 3679): Thread[10,tid=4054,WaitingForJniOnLoad,Thread*=0xb4d09800,peer=0x12cfca00,"Thread-10"] recursive attempt to load library "/system/lib/libmedia_jni.so"
I/art     ( 3679): Thread[10,tid=4054,WaitingForJniOnLoad,Thread*=0xb4d09800,peer=0x12cfca00,"Thread-10"] recursive attempt to load library "/system/lib/libmedia_jni.so"
I/System  ( 3679): Loaded time zone names for "" in 91ms (58ms in ICU)
I/System  ( 3679): Loaded time zone names for "en_US" in 72ms (40ms in ICU)
E/EmojiFactory_jni( 3679): Failed to load libemoji.so: dlopen failed: library "libemoji.so" not found
I/System  ( 3679): Loaded time zone names for "es_US" in 68ms (37ms in ICU)
V/Zygote  ( 3679): postpone android.database.CursorWindow
V/Zygote  ( 3679): postpone android.database.CursorWindow$1
W/Zygote  ( 3679): Class not found for preloading: android.util.secutil.LogSwticher
I/Zygote  ( 3679): !@prldclssM: 1599 classes in 488ms.
I/Zygote  ( 3679): !@prldclss2: 700 classes in 490ms.
D/idmap   ( 4092): error: no read access to /vendor/overlay: No such file or directory
I/Zygote  ( 3679): Wait PC Thread 1=true 2=false
W/SurfaceFlinger( 3658): Ignoring duplicate VSYNC event from HWC (t=7590093916)
I/Zygote  ( 3679): Wait PC Thread 1=true 2=false
I/Zygote  ( 3679): Wait PC Thread 1=true 2=false
I/Zygote  ( 3679): Wait PC Thread 1=true 2=false
E/Minikin ( 3679): addFont failed to create font /system/fonts/NotoSansGurmukhi-Regular.ttf
E/Minikin ( 3679): addFont failed to create font /system/fonts/NotoSansGurmukhi-Bold.ttf
E/Minikin ( 3679): addFont failed to create font /system/fonts/NotoSansGurmukhiUI-Regular.ttf
E/Minikin ( 3679): addFont failed to create font /system/fonts/NotoSansGurmukhiUI-Bold.ttf
I/Zygote  ( 3679): Wait PC Thread 1=true 2=false
I/Zygote  ( 3679): Preloading resources...
D/MDnsDS  ( 3665): MDnsSdListener::Hander starting up
D/MDnsDS  ( 3665): MDnsSdListener starting to monitor
D/MDnsDS  ( 3665): Going to poll with pollCount 1
V/BitmapFactory( 3679): DecodeImagePath(decodeResourceStream3) : res/drawable-xxhdpi-v4/btn_check_on_pressed_holo_light.png
V/BitmapFactory( 3679): DecodeImagePath(decodeResourceStream3) : res/drawable-xxhdpi-v4/btn_check_on_pressed_holo_dark.png
I/Zygote  ( 3679): Wait PC Thread 1=true 2=false
V/BitmapFactory( 3679): DecodeImagePath(decodeResourceStream3) : res/drawable-xxhdpi-v4/btn_check_on_holo_light.png
V/BitmapFactory( 3679): DecodeImagePath(decodeResourceStream3) : res/drawable-xxhdpi-v4/btn_check_on_holo_dark.png
V/BitmapFactory( 3679): DecodeImagePath(decodeResourceStream3) : res/drawable-xxhdpi-v4/btn_check_on_focused_holo_light.png
V/BitmapFactory( 3679): DecodeImagePath(decodeResourceStream3) : res/drawable-xxhdpi-v4/btn_check_on_focused_holo_dark.png
V/BitmapFactory( 3679): DecodeImagePath(decodeResourceStream3) : res/drawable-xxhdpi-v4/btn_check_on_disabled_holo_light.png
V/BitmapFactory( 3679): DecodeImagePath(decodeResourceStream3) : res/drawable-xxhdpi-v4/btn_check_on_disabled_holo_dark.png
V/BitmapFactory( 3679): DecodeImagePath(decodeResourceStream3) : res/drawable-xxhdpi-v4/btn_check_on_disabled_focused_holo_light.png
V/BitmapFactory( 3679): DecodeImagePath(decodeResourceStream3) : res/drawable-xxhdpi-v4/btn_check_on_disabled_focused_holo_dark.png
V/BitmapFactory( 3679): DecodeImagePath(decodeResourceStream3) : res/drawable-xxhdpi-v4/btn_check_off_pressed_holo_light.png
I/Zygote  ( 3679): Wait PC Thread 1=true 2=false
V/BitmapFactory( 3679): DecodeImagePath(decodeResourceStream3) : res/drawable-xxhdpi-v4/btn_check_off_pressed_holo_dark.png
V/BitmapFactory( 3679): DecodeImagePath(decodeResourceStream3) : res/drawable-xxhdpi-v4/btn_check_off_holo_light.png
V/BitmapFactory( 3679): DecodeImagePath(decodeResourceStream3) : res/drawable-xxhdpi-v4/btn_check_off_holo_dark.png
V/BitmapFactory( 3679): DecodeImagePath(decodeResourceStream3) : res/drawable-xxhdpi-v4/btn_check_off_focused_holo_light.png
V/BitmapFactory( 3679): DecodeImagePath(decodeResourceStream3) : res/drawable-xxhdpi-v4/btn_check_off_focused_holo_dark.png
V/BitmapFactory( 3679): DecodeImagePath(decodeResourceStream3) : res/drawable-xxhdpi-v4/btn_check_off_disabled_holo_light.png
V/BitmapFactory( 3679): DecodeImagePath(decodeResourceStream3) : res/drawable-xxhdpi-v4/btn_check_off_disabled_holo_dark.png
V/BitmapFactory( 3679): DecodeImagePath(decodeResourceStream3) : res/drawable-xxhdpi-v4/btn_check_off_disabled_focused_holo_light.png
V/BitmapFactory( 3679): DecodeImagePath(decodeResourceStream3) : res/drawable-xxhdpi-v4/btn_check_off_disabled_focused_holo_dark.png
I/Zygote  ( 3679): Wait PC Thread 1=true 2=false
E/Minikin ( 3679): addFont failed to create font /system/fonts/ZawgyiOne2008.ttf
E/Minikin ( 3679): addFont failed to create font /system/fonts/NotoSansCherokee-Regular.ttf
E/Minikin ( 3679): addFont failed to create font /system/fonts/NotoSansCanadianAboriginal-Regular.ttf
I/Zygote  ( 3679): Wait PC Thread 1=true 2=false
I/Zygote  ( 3679): Wait PC Thread 1=true 2=false
I/Zygote  ( 3679): Wait PC Thread 1=true 2=false
I/Zygote  ( 3679): Wait PC Thread 1=true 2=false
I/Zygote  ( 3679): Wait PC Thread 1=true 2=false
I/Zygote  ( 3679): Wait PC Thread 1=true 2=false
I/Zygote  ( 3679): Wait PC Thread 1=true 2=false
I/Zygote  ( 3679): Wait PC Thread 1=true 2=false
D/wrapperGPS( 3677): wrapperConnect_RILD
I/Zygote  ( 3679): Wait PC Thread 1=true 2=false
I/Zygote  ( 3679): Wait PC Thread 1=true 2=false
I/Zygote  ( 3679): !@prldclss1: 710 classes in 865ms.
V/BitmapFactory( 3679): DecodeImagePath(decodeResourceStream3) : res/drawable-xxhdpi-v4/btn_radio_on_pressed_holo_light.png
V/BitmapFactory( 3679): DecodeImagePath(decodeResourceStream3) : res/drawable-xxhdpi-v4/btn_radio_on_pressed_holo_dark.png
V/BitmapFactory( 3679): DecodeImagePath(decodeResourceStream3) : res/drawable-xxhdpi-v4/btn_radio_on_holo_light.png
V/BitmapFactory( 3679): DecodeImagePath(decodeResourceStream3) : res/drawable-xxhdpi-v4/btn_radio_on_holo_dark.png
V/BitmapFactory( 3679): DecodeImagePath(decodeResourceStream3) : res/drawable-xxhdpi-v4/btn_radio_on_focused_holo_light.png
I/Zygote  ( 3679): Wait PC Thread 1=false 2=false
V/Zygote  ( 3679): post pld=android.database.CursorWindow
V/Zygote  ( 3679): post pld=android.database.CursorWindow$1
V/BitmapFactory( 3679): DecodeImagePath(decodeResourceStream3) : res/drawable-xxhdpi-v4/btn_radio_on_focused_holo_dark.png
I/art     ( 3679): VMRuntime.preloadDexCaches starting
V/BitmapFactory( 3679): DecodeImagePath(decodeResourceStream3) : res/drawable-xxhdpi-v4/btn_radio_on_disabled_holo_light.png
V/BitmapFactory( 3679): DecodeImagePath(decodeResourceStream3) : res/drawable-xxhdpi-v4/btn_radio_on_disabled_holo_dark.png
V/BitmapFactory( 3679): DecodeImagePath(decodeResourceStream3) : res/drawable-xxhdpi-v4/btn_radio_on_disabled_focused_holo_light.png
V/BitmapFactory( 3679): DecodeImagePath(decodeResourceStream3) : res/drawable-xxhdpi-v4/btn_radio_on_disabled_focused_holo_dark.png
V/BitmapFactory( 3679): DecodeImagePath(decodeResourceStream3) : res/drawable-xxhdpi-v4/btn_radio_off_pressed_holo_light.png
V/BitmapFactory( 3679): DecodeImagePath(decodeResourceStream3) : res/drawable-xxhdpi-v4/btn_radio_off_pressed_holo_dark.png
V/BitmapFactory( 3679): DecodeImagePath(decodeResourceStream3) : res/drawable-xxhdpi-v4/btn_radio_off_holo_light.png
V/BitmapFactory( 3679): DecodeImagePath(decodeResourceStream3) : res/drawable-xxhdpi-v4/btn_radio_off_holo_dark.png
V/BitmapFactory( 3679): DecodeImagePath(decodeResourceStream3) : res/drawable-xxhdpi-v4/btn_radio_off_focused_holo_light.png
V/BitmapFactory( 3679): DecodeImagePath(decodeResourceStream3) : res/drawable-xxhdpi-v4/btn_radio_off_focused_holo_dark.png
V/BitmapFactory( 3679): DecodeImagePath(decodeResourceStream3) : res/drawable-xxhdpi-v4/btn_radio_off_disabled_holo_light.png
V/BitmapFactory( 3679): DecodeImagePath(decodeResourceStream3) : res/drawable-xxhdpi-v4/btn_radio_off_disabled_holo_dark.png
V/BitmapFactory( 3679): DecodeImagePath(decodeResourceStream3) : res/drawable-xxhdpi-v4/btn_radio_off_disabled_focused_holo_light.png
V/BitmapFactory( 3679): DecodeImagePath(decodeResourceStream3) : res/drawable-xxhdpi-v4/btn_radio_off_disabled_focused_holo_dark.png
V/BitmapFactory( 3679): DecodeImagePath(decodeResourceStream3) : res/drawable-xxhdpi-v4/btn_star_off_normal_holo_light.png
V/BitmapFactory( 3679): DecodeImagePath(decodeResourceStream3) : res/drawable-xxhdpi-v4/btn_star_on_normal_holo_light.png
V/BitmapFactory( 3679): DecodeImagePath(decodeResourceStream3) : res/drawable-xxhdpi-v4/btn_star_on_disabled_holo_light.png
V/BitmapFactory( 3679): DecodeImagePath(decodeResourceStream3) : res/drawable-xxhdpi-v4/btn_star_off_disabled_holo_light.png
V/BitmapFactory( 3679): DecodeImagePath(decodeResourceStream3) : res/drawable-xxhdpi-v4/btn_star_on_pressed_holo_light.png
V/BitmapFactory( 3679): DecodeImagePath(decodeResourceStream3) : res/drawable-xxhdpi-v4/btn_star_off_pressed_holo_light.png
V/BitmapFactory( 3679): DecodeImagePath(decodeResourceStream3) : res/drawable-xxhdpi-v4/btn_star_on_focused_holo_light.png
V/BitmapFactory( 3679): DecodeImagePath(decodeResourceStream3) : res/drawable-xxhdpi-v4/btn_star_off_focused_holo_light.png
V/BitmapFactory( 3679): DecodeImagePath(decodeResourceStream3) : res/drawable-xxhdpi-v4/btn_star_on_disabled_focused_holo_light.png
V/BitmapFactory( 3679): DecodeImagePath(decodeResourceStream3) : res/drawable-xxhdpi-v4/btn_star_off_disabled_focused_holo_light.png
V/BitmapFactory( 3679): DecodeImagePath(decodeResourceStream3) : res/drawable-xxhdpi-v4/btn_star_off_normal_holo_dark.png
V/BitmapFactory( 3679): DecodeImagePath(decodeResourceStream3) : res/drawable-xxhdpi-v4/btn_star_on_normal_holo_dark.png
V/BitmapFactory( 3679): DecodeImagePath(decodeResourceStream3) : res/drawable-xxhdpi-v4/btn_star_on_disabled_holo_dark.png
V/BitmapFactory( 3679): DecodeImagePath(decodeResourceStream3) : res/drawable-xxhdpi-v4/btn_star_off_disabled_holo_dark.png
V/BitmapFactory( 3679): DecodeImagePath(decodeResourceStream3) : res/drawable-xxhdpi-v4/btn_star_on_pressed_holo_dark.png
V/BitmapFactory( 3679): DecodeImagePath(decodeResourceStream3) : res/drawable-xxhdpi-v4/btn_star_off_pressed_holo_dark.png
V/BitmapFactory( 3679): DecodeImagePath(decodeResourceStream3) : res/drawable-xxhdpi-v4/btn_star_on_focused_holo_dark.png
V/BitmapFactory( 3679): DecodeImagePath(decodeResourceStream3) : res/drawable-xxhdpi-v4/btn_star_off_focused_holo_dark.png
V/BitmapFactory( 3679): DecodeImagePath(decodeResourceStream3) : res/drawable-xxhdpi-v4/btn_star_on_disabled_focused_holo_dark.png
V/BitmapFactory( 3679): DecodeImagePath(decodeResourceStream3) : res/drawable-xxhdpi-v4/btn_star_off_disabled_focused_holo_dark.png
V/BitmapFactory( 3679): DecodeImagePath(decodeResourceStream3) : res/drawable-xxhdpi-v4/text_select_handle_left.png
V/BitmapFactory( 3679): DecodeImagePath(decodeResourceStream3) : res/drawable-xxhdpi-v4/text_select_handle_right.png
V/BitmapFactory( 3679): DecodeImagePath(decodeResourceStream3) : res/drawable-xxhdpi-v4/spinner_16_outer_holo.png
V/BitmapFactory( 3679): DecodeImagePath(decodeResourceStream3) : res/drawable-xxhdpi-v4/spinner_16_inner_holo.png
V/BitmapFactory( 3679): DecodeImagePath(decodeResourceStream3) : res/drawable-xxhdpi-v4/spinner_48_outer_holo.png
V/BitmapFactory( 3679): DecodeImagePath(decodeResourceStream3) : res/drawable-xxhdpi-v4/spinner_48_inner_holo.png
V/BitmapFactory( 3679): DecodeImagePath(decodeResourceStream3) : res/drawable-xxhdpi-v4/spinner_76_outer_holo.png
V/BitmapFactory( 3679): DecodeImagePath(decodeResourceStream3) : res/drawable-xxhdpi-v4/spinner_76_inner_holo.png
V/BitmapFactory( 3679): DecodeImagePath(decodeResourceStream3) : res/drawable-xxhdpi-v4/progressbar_indeterminate_holo1.png
V/BitmapFactory( 3679): DecodeImagePath(decodeResourceStream3) : res/drawable-xxhdpi-v4/progressbar_indeterminate_holo2.png
V/BitmapFactory( 3679): DecodeImagePath(decodeResourceStream3) : res/drawable-xxhdpi-v4/progressbar_indeterminate_holo3.png
V/BitmapFactory( 3679): DecodeImagePath(decodeResourceStream3) : res/drawable-xxhdpi-v4/progressbar_indeterminate_holo4.png
V/BitmapFactory( 3679): DecodeImagePath(decodeResourceStream3) : res/drawable-xxhdpi-v4/progressbar_indeterminate_holo5.png
V/BitmapFactory( 3679): DecodeImagePath(decodeResourceStream3) : res/drawable-xxhdpi-v4/progressbar_indeterminate_holo6.png
V/BitmapFactory( 3679): DecodeImagePath(decodeResourceStream3) : res/drawable-xxhdpi-v4/progressbar_indeterminate_holo7.png
V/BitmapFactory( 3679): DecodeImagePath(decodeResourceStream3) : res/drawable-xxhdpi-v4/progressbar_indeterminate_holo8.png
V/BitmapFactory( 3679): DecodeImagePath(decodeResourceStream3) : res/drawable-xxhdpi-v4/ic_cab_done_holo_dark.png
I/art     ( 3679): VMRuntime.preloadDexCaches strings total=319531 before=63270 after=63270
I/art     ( 3679): VMRuntime.preloadDexCaches types total=26490 before=26490 after=26490
I/art     ( 3679): VMRuntime.preloadDexCaches fields total=127452 before=127421 after=127421
I/art     ( 3679): VMRuntime.preloadDexCaches methods total=214441 before=214397 after=214397
I/art     ( 3679): VMRuntime.preloadDexCaches finished
I/art     ( 3679): Counter: 0
I/Zygote  ( 3679): !@Boot: EndofpreloadClasses()
V/BitmapFactory( 3679): DecodeImagePath(decodeResourceStream3) : res/drawable-xxhdpi-v4/ic_cab_done_holo_light.png
I/art     ( 3679): Background sticky concurrent mark sweep GC freed 1973(108KB) AllocSpace objects, 0(0B) LOS objects, 0% free, 10MB/10MB, paused 417us total 190.470ms
V/BitmapFactory( 3679): DecodeImagePath(decodeResourceStream3) : res/drawable-xhdpi-v4/ic_menu_close_clear_cancel.png
V/BitmapFactory( 3679): DecodeImagePath(decodeResourceStream3) : res/drawable-xxhdpi-v4/ic_menu_copy_holo_dark.png
V/BitmapFactory( 3679): DecodeImagePath(decodeResourceStream3) : res/drawable-xxhdpi-v4/ic_menu_copy_holo_light.png
V/BitmapFactory( 3679): DecodeImagePath(decodeResourceStream3) : res/drawable-xxhdpi-v4/ic_menu_cut_holo_dark.png
V/BitmapFactory( 3679): DecodeImagePath(decodeResourceStream3) : res/drawable-xxhdpi-v4/ic_menu_cut_holo_light.png
V/BitmapFactory( 3679): DecodeImagePath(decodeResourceStream3) : res/drawable-xxhdpi-v4/ic_menu_more.png
V/BitmapFactory( 3679): DecodeImagePath(decodeResourceStream3) : res/drawable-xxhdpi-v4/ic_menu_moreoverflow_normal_holo_dark.png
V/BitmapFactory( 3679): DecodeImagePath(decodeResourceStream3) : res/drawable-xxhdpi-v4/ic_menu_moreoverflow_normal_holo_light.png
V/BitmapFactory( 3679): DecodeImagePath(decodeResourceStream3) : res/drawable-xxhdpi-v4/ic_menu_paste_holo_dark.png
V/BitmapFactory( 3679): DecodeImagePath(decodeResourceStream3) : res/drawable-xxhdpi-v4/ic_menu_paste_holo_light.png
V/BitmapFactory( 3679): DecodeImagePath(decodeResourceStream3) : res/drawable-xxhdpi-v4/ic_menu_selectall_holo_light.png
V/BitmapFactory( 3679): DecodeImagePath(decodeResourceStream3) : res/drawable-xxhdpi-v4/ic_menu_selectall_holo_dark.png
V/BitmapFactory( 3679): DecodeImagePath(decodeResourceStream3) : res/drawable-xhdpi-v4/ic_clear_disabled.png
V/BitmapFactory( 3679): DecodeImagePath(decodeResourceStream3) : res/drawable-hdpi-v4/ic_clear_normal.png
V/BitmapFactory( 3679): DecodeImagePath(decodeResourceStream3) : res/drawable-xxhdpi-v4/ic_search_api_holo_dark.png
V/BitmapFactory( 3679): DecodeImagePath(decodeResourceStream3) : res/drawable-xxhdpi-v4/ic_search_api_holo_light.png
V/BitmapFactory( 3679): DecodeImagePath(decodeResourceStream3) : res/drawable-xhdpi-v4/ic_go.png
V/BitmapFactory( 3679): DecodeImagePath(decodeResourceStream3) : res/drawable-xxhdpi-v4/ic_voice_search_api_holo_dark.png
V/BitmapFactory( 3679): DecodeImagePath(decodeResourceStream3) : res/drawable-xxhdpi-v4/ic_voice_search_api_holo_light.png
D/libEGL  ( 3679): loaded /vendor/lib/egl/libGLES_mali.so
V/BitmapFactory( 3679): DecodeImagePath(decodeResourceStream3) : res/drawable-xxhdpi-v4/ic_dialog_alert_holo_dark.png
V/BitmapFactory( 3679): DecodeImagePath(decodeResourceStream3) : res/drawable-xxhdpi-v4/ic_dialog_alert_holo_light.png
V/BitmapFactory( 3679): DecodeImagePath(decodeResourceStream3) : res/drawable-xxhdpi-v4/fastscroll_thumb_pressed_holo.png
I/Zygote  ( 3679): Preloading shared libraries...
W/Resources( 3679): Preloaded drawable resource #0x1080379 (android:drawable/fastscroll_thumb_pressed_holo) that varies with configuration!!
V/BitmapFactory( 3679): DecodeImagePath(decodeResourceStream3) : res/drawable-xxhdpi-v4/fastscroll_thumb_default_holo.png
W/Resources( 3679): Preloaded drawable resource #0x1080375 (android:drawable/fastscroll_thumb_default_holo) that varies with configuration!!
W/Resources( 3679): Preloaded drawable resource #0x1080376 (android:drawable/fastscroll_thumb_holo) that varies with configuration!!
V/BitmapFactory( 3679): DecodeImagePath(decodeResourceStream3) : res/drawable-xxhdpi-v4/fastscroll_thumb_pressed_holo.png
W/Resources( 3679): Preloaded drawable resource #0x1080379 (android:drawable/fastscroll_thumb_pressed_holo) that varies with configuration!!
V/BitmapFactory( 3679): DecodeImagePath(decodeResourceStream3) : res/drawable-xxhdpi-v4/fastscroll_thumb_default_holo.png
W/Resources( 3679): Preloaded drawable resource #0x1080375 (android:drawable/fastscroll_thumb_default_holo) that varies with configuration!!
W/Resources( 3679): Preloaded drawable resource #0x1080380 (android:drawable/fastscroll_track_pressed_holo_dark) that varies with configuration!!
W/Resources( 3679): Preloaded drawable resource #0x108037a (android:drawable/fastscroll_track_default_holo_dark) that varies with configuration!!
W/Resources( 3679): Preloaded drawable resource #0x108037c (android:drawable/fastscroll_track_holo_dark) that varies with configuration!!
I/Zygote  ( 3679): !@Boot: beginofpreparewebview()
W/Resources( 3679): Preloaded drawable resource #0x1080380 (android:drawable/fastscroll_track_pressed_holo_dark) that varies with configuration!!
W/Resources( 3679): Preloaded drawable resource #0x108037a (android:drawable/fastscroll_track_default_holo_dark) that varies with configuration!!
I/Zygote  ( 3679): !@Boot: endofpreparewebview()
E/Zygote  ( 3679): Waiting Preload Resource
W/Resources( 3679): Preloaded drawable resource #0x108036f (android:drawable/fastscroll_label_left_holo_dark) that varies with configuration!!
W/Resources( 3679): Preloaded drawable resource #0x1080372 (android:drawable/fastscroll_label_right_holo_dark) that varies with configuration!!
W/Resources( 3679): Preloaded drawable resource #0x1080381 (android:drawable/fastscroll_track_pressed_holo_light) that varies with configuration!!
W/Resources( 3679): Preloaded drawable resource #0x108037b (android:drawable/fastscroll_track_default_holo_light) that varies with configuration!!
W/Resources( 3679): Preloaded drawable resource #0x108037d (android:drawable/fastscroll_track_holo_light) that varies with configuration!!
W/Resources( 3679): Preloaded drawable resource #0x1080381 (android:drawable/fastscroll_track_pressed_holo_light) that varies with configuration!!
W/Resources( 3679): Preloaded drawable resource #0x108037b (android:drawable/fastscroll_track_default_holo_light) that varies with configuration!!
W/Resources( 3679): Preloaded drawable resource #0x1080370 (android:drawable/fastscroll_label_left_holo_light) that varies with configuration!!
W/Resources( 3679): Preloaded drawable resource #0x1080373 (android:drawable/fastscroll_label_right_holo_light) that varies with configuration!!
E/Zygote  ( 3679): Waiting Preload Resource
V/BitmapFactory( 3679): DecodeImagePath(decodeResourceStream3) : res/drawable-xxhdpi-v4/btn_check_to_off_mtrl_000.png
V/BitmapFactory( 3679): DecodeImagePath(decodeResourceStream3) : res/drawable-xxhdpi-v4/btn_check_to_off_mtrl_001.png
V/BitmapFactory( 3679): DecodeImagePath(decodeResourceStream3) : res/drawable-xxhdpi-v4/btn_check_to_off_mtrl_002.png
V/BitmapFactory( 3679): DecodeImagePath(decodeResourceStream3) : res/drawable-xxhdpi-v4/btn_check_to_off_mtrl_003.png
V/BitmapFactory( 3679): DecodeImagePath(decodeResourceStream3) : res/drawable-xxhdpi-v4/btn_check_to_off_mtrl_004.png
V/BitmapFactory( 3679): DecodeImagePath(decodeResourceStream3) : res/drawable-xxhdpi-v4/btn_check_to_off_mtrl_005.png
V/BitmapFactory( 3679): DecodeImagePath(decodeResourceStream3) : res/drawable-xxhdpi-v4/btn_check_to_off_mtrl_006.png
V/BitmapFactory( 3679): DecodeImagePath(decodeResourceStream3) : res/drawable-xxhdpi-v4/btn_check_to_off_mtrl_007.png
V/BitmapFactory( 3679): DecodeImagePath(decodeResourceStream3) : res/drawable-xxhdpi-v4/btn_check_to_off_mtrl_008.png
V/BitmapFactory( 3679): DecodeImagePath(decodeResourceStream3) : res/drawable-xxhdpi-v4/btn_check_to_off_mtrl_010.png
V/BitmapFactory( 3679): DecodeImagePath(decodeResourceStream3) : res/drawable-xxhdpi-v4/btn_check_to_off_mtrl_011.png
V/BitmapFactory( 3679): DecodeImagePath(decodeResourceStream3) : res/drawable-xxhdpi-v4/btn_check_to_off_mtrl_012.png
V/BitmapFactory( 3679): DecodeImagePath(decodeResourceStream3) : res/drawable-xxhdpi-v4/btn_check_to_off_mtrl_013.png
V/BitmapFactory( 3679): DecodeImagePath(decodeResourceStream3) : res/drawable-xxhdpi-v4/btn_check_to_off_mtrl_014.png
V/BitmapFactory( 3679): DecodeImagePath(decodeResourceStream3) : res/drawable-xxhdpi-v4/btn_check_to_off_mtrl_015.png
V/BitmapFactory( 3679): DecodeImagePath(decodeResourceStream3) : res/drawable-xxhdpi-v4/btn_check_to_on_mtrl_000.png
V/BitmapFactory( 3679): DecodeImagePath(decodeResourceStream3) : res/drawable-xxhdpi-v4/btn_check_to_on_mtrl_001.png
V/BitmapFactory( 3679): DecodeImagePath(decodeResourceStream3) : res/drawable-xxhdpi-v4/btn_check_to_on_mtrl_002.png
V/BitmapFactory( 3679): DecodeImagePath(decodeResourceStream3) : res/drawable-xxhdpi-v4/btn_check_to_on_mtrl_003.png
V/BitmapFactory( 3679): DecodeImagePath(decodeResourceStream3) : res/drawable-xxhdpi-v4/btn_check_to_on_mtrl_004.png
V/BitmapFactory( 3679): DecodeImagePath(decodeResourceStream3) : res/drawable-xxhdpi-v4/btn_check_to_on_mtrl_005.png
V/BitmapFactory( 3679): DecodeImagePath(decodeResourceStream3) : res/drawable-xxhdpi-v4/btn_check_to_on_mtrl_006.png
V/BitmapFactory( 3679): DecodeImagePath(decodeResourceStream3) : res/drawable-xxhdpi-v4/btn_check_to_on_mtrl_007.png
V/BitmapFactory( 3679): DecodeImagePath(decodeResourceStream3) : res/drawable-xxhdpi-v4/btn_check_to_on_mtrl_008.png
V/BitmapFactory( 3679): DecodeImagePath(decodeResourceStream3) : res/drawable-xxhdpi-v4/btn_check_to_on_mtrl_010.png
V/BitmapFactory( 3679): DecodeImagePath(decodeResourceStream3) : res/drawable-xxhdpi-v4/btn_check_to_on_mtrl_011.png
V/BitmapFactory( 3679): DecodeImagePath(decodeResourceStream3) : res/drawable-xxhdpi-v4/btn_check_to_on_mtrl_012.png
V/BitmapFactory( 3679): DecodeImagePath(decodeResourceStream3) : res/drawable-xxhdpi-v4/btn_check_to_on_mtrl_013.png
V/BitmapFactory( 3679): DecodeImagePath(decodeResourceStream3) : res/drawable-xxhdpi-v4/btn_check_to_on_mtrl_014.png
V/BitmapFactory( 3679): DecodeImagePath(decodeResourceStream3) : res/drawable-xxhdpi-v4/btn_check_to_on_mtrl_015.png
V/BitmapFactory( 3679): DecodeImagePath(decodeResourceStream3) : res/drawable-xxhdpi-v4/btn_radio_to_off_mtrl_000.png
V/BitmapFactory( 3679): DecodeImagePath(decodeResourceStream3) : res/drawable-xxhdpi-v4/btn_radio_to_off_mtrl_001.png
V/BitmapFactory( 3679): DecodeImagePath(decodeResourceStream3) : res/drawable-xxhdpi-v4/btn_radio_to_off_mtrl_002.png
V/BitmapFactory( 3679): DecodeImagePath(decodeResourceStream3) : res/drawable-xxhdpi-v4/btn_radio_to_off_mtrl_003.png
E/Zygote  ( 3679): Waiting Preload Resource
V/BitmapFactory( 3679): DecodeImagePath(decodeResourceStream3) : res/drawable-xxhdpi-v4/btn_radio_to_off_mtrl_004.png
V/BitmapFactory( 3679): DecodeImagePath(decodeResourceStream3) : res/drawable-xxhdpi-v4/btn_radio_to_off_mtrl_005.png
V/BitmapFactory( 3679): DecodeImagePath(decodeResourceStream3) : res/drawable-xxhdpi-v4/btn_radio_to_off_mtrl_006.png
V/BitmapFactory( 3679): DecodeImagePath(decodeResourceStream3) : res/drawable-xxhdpi-v4/btn_radio_to_off_mtrl_007.png
V/BitmapFactory( 3679): DecodeImagePath(decodeResourceStream3) : res/drawable-xxhdpi-v4/btn_radio_to_off_mtrl_008.png
V/BitmapFactory( 3679): DecodeImagePath(decodeResourceStream3) : res/drawable-xxhdpi-v4/btn_radio_to_off_mtrl_010.png
V/BitmapFactory( 3679): DecodeImagePath(decodeResourceStream3) : res/drawable-xxhdpi-v4/btn_radio_to_off_mtrl_011.png
V/BitmapFactory( 3679): DecodeImagePath(decodeResourceStream3) : res/drawable-xxhdpi-v4/btn_radio_to_off_mtrl_012.png
V/BitmapFactory( 3679): DecodeImagePath(decodeResourceStream3) : res/drawable-xxhdpi-v4/btn_radio_to_off_mtrl_013.png
V/BitmapFactory( 3679): DecodeImagePath(decodeResourceStream3) : res/drawable-xxhdpi-v4/btn_radio_to_off_mtrl_014.png
V/BitmapFactory( 3679): DecodeImagePath(decodeResourceStream3) : res/drawable-xxhdpi-v4/btn_radio_to_off_mtrl_015.png
V/BitmapFactory( 3679): DecodeImagePath(decodeResourceStream3) : res/drawable-xxhdpi-v4/btn_radio_to_on_mtrl_000.png
V/BitmapFactory( 3679): DecodeImagePath(decodeResourceStream3) : res/drawable-xxhdpi-v4/btn_radio_to_on_mtrl_001.png
V/BitmapFactory( 3679): DecodeImagePath(decodeResourceStream3) : res/drawable-xxhdpi-v4/btn_radio_to_on_mtrl_002.png
V/BitmapFactory( 3679): DecodeImagePath(decodeResourceStream3) : res/drawable-xxhdpi-v4/btn_radio_to_on_mtrl_003.png
V/BitmapFactory( 3679): DecodeImagePath(decodeResourceStream3) : res/drawable-xxhdpi-v4/btn_radio_to_on_mtrl_004.png
V/BitmapFactory( 3679): DecodeImagePath(decodeResourceStream3) : res/drawable-xxhdpi-v4/btn_radio_to_on_mtrl_005.png
V/BitmapFactory( 3679): DecodeImagePath(decodeResourceStream3) : res/drawable-xxhdpi-v4/btn_radio_to_on_mtrl_006.png
V/BitmapFactory( 3679): DecodeImagePath(decodeResourceStream3) : res/drawable-xxhdpi-v4/btn_radio_to_on_mtrl_007.png
V/BitmapFactory( 3679): DecodeImagePath(decodeResourceStream3) : res/drawable-xxhdpi-v4/btn_radio_to_on_mtrl_008.png
V/BitmapFactory( 3679): DecodeImagePath(decodeResourceStream3) : res/drawable-xxhdpi-v4/btn_radio_to_on_mtrl_010.png
V/BitmapFactory( 3679): DecodeImagePath(decodeResourceStream3) : res/drawable-xxhdpi-v4/btn_radio_to_on_mtrl_011.png
V/BitmapFactory( 3679): DecodeImagePath(decodeResourceStream3) : res/drawable-xxhdpi-v4/btn_radio_to_on_mtrl_012.png
V/BitmapFactory( 3679): DecodeImagePath(decodeResourceStream3) : res/drawable-xxhdpi-v4/btn_radio_to_on_mtrl_013.png
V/BitmapFactory( 3679): DecodeImagePath(decodeResourceStream3) : res/drawable-xxhdpi-v4/btn_radio_to_on_mtrl_014.png
V/BitmapFactory( 3679): DecodeImagePath(decodeResourceStream3) : res/drawable-xxhdpi-v4/btn_radio_to_on_mtrl_015.png
V/BitmapFactory( 3679): DecodeImagePath(decodeResourceStream3) : res/drawable-xxhdpi-v4/btn_rating_star_off_mtrl_alpha.png
V/BitmapFactory( 3679): DecodeImagePath(decodeResourceStream3) : res/drawable-xxhdpi-v4/btn_rating_star_on_mtrl_alpha.png
V/BitmapFactory( 3679): DecodeImagePath(decodeResourceStream3) : res/drawable-xxhdpi-v4/btn_star_mtrl_alpha.png
E/Zygote  ( 3679): Waiting Preload Resource
V/BitmapFactory( 3679): DecodeImagePath(decodeResourceStream3) : res/drawable-xxhdpi-v4/fastscroll_thumb_mtrl_alpha.png
E/Zygote  ( 3679): Waiting Preload Resource
V/BitmapFactory( 3679): DecodeImagePath(decodeResourceStream3) : res/drawable-xxhdpi-v4/ic_cab_done_mtrl_alpha.png
V/BitmapFactory( 3679): DecodeImagePath(decodeResourceStream3) : res/drawable-xxhdpi-v4/ic_clear_mtrl_alpha.png
V/BitmapFactory( 3679): DecodeImagePath(decodeResourceStream3) : res/drawable-xxhdpi-v4/ic_commit_search_api_mtrl_alpha.png
V/BitmapFactory( 3679): DecodeImagePath(decodeResourceStream3) : res/drawable-xxhdpi-v4/ic_find_next_mtrl_alpha.png
V/BitmapFactory( 3679): DecodeImagePath(decodeResourceStream3) : res/drawable-xxhdpi-v4/ic_find_previous_mtrl_alpha.png
V/BitmapFactory( 3679): DecodeImagePath(decodeResourceStream3) : res/drawable-xxhdpi-v4/ic_media_route_disabled_mtrl_alpha.png
V/BitmapFactory( 3679): DecodeImagePath(decodeResourceStream3) : res/drawable-xxhdpi-v4/ic_media_route_off_mtrl_alpha.png
V/BitmapFactory( 3679): DecodeImagePath(decodeResourceStream3) : res/drawable-xxhdpi-v4/ic_media_route_on_0_mtrl_alpha.png
V/BitmapFactory( 3679): DecodeImagePath(decodeResourceStream3) : res/drawable-xxhdpi-v4/ic_media_route_on_1_mtrl_alpha.png
V/BitmapFactory( 3679): DecodeImagePath(decodeResourceStream3) : res/drawable-xxhdpi-v4/ic_media_route_on_2_mtrl_alpha.png
V/BitmapFactory( 3679): DecodeImagePath(decodeResourceStream3) : res/drawable-xxhdpi-v4/ic_media_route_on_mtrl_alpha.png
V/BitmapFactory( 3679): DecodeImagePath(decodeResourceStream3) : res/drawable-xxhdpi-v4/ic_menu_find_mtrl_alpha.png
V/BitmapFactory( 3679): DecodeImagePath(decodeResourceStream3) : res/drawable-xxhdpi-v4/ic_menu_search_mtrl_alpha.png
E/Zygote  ( 3679): Waiting Preload Resource
V/BitmapFactory( 3679): DecodeImagePath(decodeResourceStream3) : res/drawable-xxhdpi-v4/scrubber_control_from_pressed_mtrl_000.png
V/BitmapFactory( 3679): DecodeImagePath(decodeResourceStream3) : res/drawable-xxhdpi-v4/scrubber_control_from_pressed_mtrl_001.png
V/BitmapFactory( 3679): DecodeImagePath(decodeResourceStream3) : res/drawable-xxhdpi-v4/scrubber_control_from_pressed_mtrl_002.png
V/BitmapFactory( 3679): DecodeImagePath(decodeResourceStream3) : res/drawable-xxhdpi-v4/scrubber_control_from_pressed_mtrl_003.png
V/BitmapFactory( 3679): DecodeImagePath(decodeResourceStream3) : res/drawable-xxhdpi-v4/scrubber_control_from_pressed_mtrl_004.png
V/BitmapFactory( 3679): DecodeImagePath(decodeResourceStream3) : res/drawable-xxhdpi-v4/scrubber_control_from_pressed_mtrl_005.png
V/BitmapFactory( 3679): DecodeImagePath(decodeResourceStream3) : res/drawable-xxhdpi-v4/scrubber_control_off_pressed_mtrl_alpha.png
V/BitmapFactory( 3679): DecodeImagePath(decodeResourceStream3) : res/drawable-xxhdpi-v4/scrubber_control_off_mtrl_alpha.png
V/BitmapFactory( 3679): DecodeImagePath(decodeResourceStream3) : res/drawable-xxhdpi-v4/scrubber_control_on_pressed_mtrl_alpha.png
V/BitmapFactory( 3679): DecodeImagePath(decodeResourceStream3) : res/drawable-xxhdpi-v4/scrubber_control_on_mtrl_alpha.png
V/BitmapFactory( 3679): DecodeImagePath(decodeResourceStream3) : res/drawable-xxhdpi-v4/scrubber_control_to_pressed_mtrl_000.png
V/BitmapFactory( 3679): DecodeImagePath(decodeResourceStream3) : res/drawable-xxhdpi-v4/scrubber_control_to_pressed_mtrl_001.png
V/BitmapFactory( 3679): DecodeImagePath(decodeResourceStream3) : res/drawable-xxhdpi-v4/scrubber_control_to_pressed_mtrl_002.png
V/BitmapFactory( 3679): DecodeImagePath(decodeResourceStream3) : res/drawable-xxhdpi-v4/scrubber_control_to_pressed_mtrl_003.png
V/BitmapFactory( 3679): DecodeImagePath(decodeResourceStream3) : res/drawable-xxhdpi-v4/scrubber_control_to_pressed_mtrl_004.png
V/BitmapFactory( 3679): DecodeImagePath(decodeResourceStream3) : res/drawable-xxhdpi-v4/scrubber_control_to_pressed_mtrl_005.png
V/BitmapFactory( 3679): DecodeImagePath(decodeResourceStream3) : res/drawable-xxhdpi-v4/text_select_handle_left_mtrl_alpha.png
V/BitmapFactory( 3679): DecodeImagePath(decodeResourceStream3) : res/drawable-xxhdpi-v4/text_select_handle_middle_mtrl_alpha.png
V/BitmapFactory( 3679): DecodeImagePath(decodeResourceStream3) : res/drawable-xxhdpi-v4/text_select_handle_right_mtrl_alpha.png
V/BitmapFactory( 3679): DecodeImagePath(decodeResourceStream3) : res/drawable-xxhdpi-v4/tw_btn_check_to_on_mtrl_015.png
V/BitmapFactory( 3679): DecodeImagePath(decodeResourceStream3) : res/drawable-xxhdpi-v4/tw_btn_check_to_on_mtrl_000.png
V/BitmapFactory( 3679): DecodeImagePath(decodeResourceStream3) : res/drawable-xxhdpi-v4/tw_btn_check_to_on_mtrl_015.png
V/BitmapFactory( 3679): DecodeImagePath(decodeResourceStream3) : res/drawable-xxhdpi-v4/tw_btn_check_to_on_mtrl_000.png
V/BitmapFactory( 3679): DecodeImagePath(decodeResourceStream3) : res/drawable-xxhdpi-v4/tw_btn_check_to_on_mtrl_000.png
V/BitmapFactory( 3679): DecodeImagePath(decodeResourceStream3) : res/drawable-xxhdpi-v4/tw_btn_check_to_on_mtrl_001.png
V/BitmapFactory( 3679): DecodeImagePath(decodeResourceStream3) : res/drawable-xxhdpi-v4/tw_btn_check_to_on_mtrl_002.png
V/BitmapFactory( 3679): DecodeImagePath(decodeResourceStream3) : res/drawable-xxhdpi-v4/tw_btn_check_to_on_mtrl_003.png
V/BitmapFactory( 3679): DecodeImagePath(decodeResourceStream3) : res/drawable-xxhdpi-v4/tw_btn_check_to_on_mtrl_004.png
V/BitmapFactory( 3679): DecodeImagePath(decodeResourceStream3) : res/drawable-xxhdpi-v4/tw_btn_check_to_on_mtrl_005.png
V/BitmapFactory( 3679): DecodeImagePath(decodeResourceStream3) : res/drawable-xxhdpi-v4/tw_btn_check_to_on_mtrl_006.png
E/Zygote  ( 3679): Waiting Preload Resource
V/BitmapFactory( 3679): DecodeImagePath(decodeResourceStream3) : res/drawable-xxhdpi-v4/tw_btn_check_to_on_mtrl_007.png
V/BitmapFactory( 3679): DecodeImagePath(decodeResourceStream3) : res/drawable-xxhdpi-v4/tw_btn_check_to_on_mtrl_008.png
V/BitmapFactory( 3679): DecodeImagePath(decodeResourceStream3) : res/drawable-xxhdpi-v4/tw_btn_check_to_on_mtrl_010.png
V/BitmapFactory( 3679): DecodeImagePath(decodeResourceStream3) : res/drawable-xxhdpi-v4/tw_btn_check_to_on_mtrl_011.png
V/BitmapFactory( 3679): DecodeImagePath(decodeResourceStream3) : res/drawable-xxhdpi-v4/tw_btn_check_to_on_mtrl_012.png
V/BitmapFactory( 3679): DecodeImagePath(decodeResourceStream3) : res/drawable-xxhdpi-v4/tw_btn_check_to_on_mtrl_013.png
V/BitmapFactory( 3679): DecodeImagePath(decodeResourceStream3) : res/drawable-xxhdpi-v4/tw_btn_check_to_on_mtrl_014.png
V/BitmapFactory( 3679): DecodeImagePath(decodeResourceStream3) : res/drawable-xxhdpi-v4/tw_btn_check_to_on_mtrl_015.png
V/BitmapFactory( 3679): DecodeImagePath(decodeResourceStream3) : res/drawable-xxhdpi-v4/tw_btn_check_to_off_mtrl_000.png
V/BitmapFactory( 3679): DecodeImagePath(decodeResourceStream3) : res/drawable-xxhdpi-v4/tw_btn_check_to_off_mtrl_001.png
V/BitmapFactory( 3679): DecodeImagePath(decodeResourceStream3) : res/drawable-xxhdpi-v4/tw_btn_check_to_off_mtrl_002.png
V/BitmapFactory( 3679): DecodeImagePath(decodeResourceStream3) : res/drawable-xxhdpi-v4/tw_btn_check_to_off_mtrl_003.png
V/BitmapFactory( 3679): DecodeImagePath(decodeResourceStream3) : res/drawable-xxhdpi-v4/tw_btn_check_to_off_mtrl_004.png
V/BitmapFactory( 3679): DecodeImagePath(decodeResourceStream3) : res/drawable-xxhdpi-v4/tw_btn_check_to_off_mtrl_005.png
V/BitmapFactory( 3679): DecodeImagePath(decodeResourceStream3) : res/drawable-xxhdpi-v4/tw_btn_check_to_off_mtrl_006.png
V/BitmapFactory( 3679): DecodeImagePath(decodeResourceStream3) : res/drawable-xxhdpi-v4/tw_btn_check_to_off_mtrl_007.png
V/BitmapFactory( 3679): DecodeImagePath(decodeResourceStream3) : res/drawable-xxhdpi-v4/tw_btn_check_to_off_mtrl_008.png
V/BitmapFactory( 3679): DecodeImagePath(decodeResourceStream3) : res/drawable-xxhdpi-v4/tw_btn_check_to_off_mtrl_010.png
E/Zygote  ( 3679): Waiting Preload Resource
V/BitmapFactory( 3679): DecodeImagePath(decodeResourceStream3) : res/drawable-xxhdpi-v4/tw_btn_check_to_off_mtrl_011.png
V/BitmapFactory( 3679): DecodeImagePath(decodeResourceStream3) : res/drawable-xxhdpi-v4/tw_btn_check_to_off_mtrl_012.png
V/BitmapFactory( 3679): DecodeImagePath(decodeResourceStream3) : res/drawable-xxhdpi-v4/tw_btn_check_to_off_mtrl_013.png
V/BitmapFactory( 3679): DecodeImagePath(decodeResourceStream3) : res/drawable-xxhdpi-v4/tw_btn_check_to_off_mtrl_014.png
V/BitmapFactory( 3679): DecodeImagePath(decodeResourceStream3) : res/drawable-xxhdpi-v4/tw_btn_check_to_off_mtrl_015.png
I/Zygote  ( 3679): ...preloaded 431 resources in 712ms.
I/Zygote  ( 3679): ...preloaded 41 resources in 13ms.
I/Zygote  ( 3679): !@Boot: End of preloadResources()
I/art     ( 3679): Explicit concurrent mark sweep GC freed 2820(889KB) AllocSpace objects, 0(0B) LOS objects, 39% free, 17MB/28MB, paused 295us total 10.565ms
I/art     ( 3679): Explicit concurrent mark sweep GC freed 428(19KB) AllocSpace objects, 0(0B) LOS objects, 39% free, 17MB/28MB, paused 281us total 8.046ms
I/art     ( 3679): Explicit concurrent mark sweep GC freed 5(160B) AllocSpace objects, 0(0B) LOS objects, 39% free, 17MB/28MB, paused 284us total 7.791ms
I/Zygote  ( 3679): Monitor End
I/Zygote  ( 3679): System server process 4113 has been created
I/SELinux ( 4113): Function: selinux_compare_spd_ram , priority [2] , priority version is 
I/Zygote  ( 3679): Accepting command socket connections
E/art     ( 4113): DexFile_isDexOptNeeded file '/system/framework/org.cyanogenmod.hardware.jar' does not exist
I/InstallerConnection( 4113): disconnecting...
E/Zygote  ( 4113): Zygote died with exception
E/Zygote  ( 4113): java.lang.RuntimeException: Error starting system_server
E/Zygote  ( 4113): 	at com.android.internal.os.ZygoteInit.performSystemServerDexOpt(ZygoteInit.java:1048)
E/Zygote  ( 4113): 	at com.android.internal.os.ZygoteInit.handleSystemServerProcess(ZygoteInit.java:990)
E/Zygote  ( 4113): 	at com.android.internal.os.ZygoteInit.startSystemServer(ZygoteInit.java:1114)
E/Zygote  ( 4113): 	at com.android.internal.os.ZygoteInit.main(ZygoteInit.java:1186)
E/Zygote  ( 4113): Caused by: java.io.FileNotFoundException: /system/framework/org.cyanogenmod.hardware.jar
E/Zygote  ( 4113): 	at dalvik.system.DexFile.isDexOptNeededInternal(Native Method)
E/Zygote  ( 4113): 	at com.android.internal.os.ZygoteInit.performSystemServerDexOpt(ZygoteInit.java:1035)
E/Zygote  ( 4113): 	... 3 more
D/AndroidRuntime( 4113): Shutting down VM
E/Zygote  ( 3679): Exit zygote because system server (4113) has terminated
I/ServiceManager( 3656): service 'media.audio_flinger' died
I/ServiceManager( 3656): service 'media.player' died
I/ServiceManager( 3656): service 'media.camera' died
I/ServiceManager( 3656): service 'media.audio_policy' died
I/ServiceManager( 3656): service 'media.sound_trigger_hw' died
I/ServiceManager( 3656): service 'media.transcoder' died
D/wrapperGPS( 3677): wrapperConnect_RILD
I/auditd  ( 4129): Starting up
E/audit_log( 4129): Could not stat audit logfile /data/misc/audit/audit.log: Permission denied
E/auditd  ( 4129): Failed on audit_log_open
I/auditd  ( 4129): Exiting
I/Netd    ( 4130): Netd 1.0 starting
E/Netd    ( 4130): Failed to open /proc/sys/net/ipv6/conf/default/accept_ra_rt_table: No such file or directory
E/Netd    ( 4130): Failed to open /proc/sys/net/ipv6/conf/ip6tnl0/accept_ra_rt_table: No such file or directory
E/Netd    ( 4130): Failed to open /proc/sys/net/ipv6/conf/lo/accept_ra_rt_table: No such file or directory
E/Netd    ( 4130): Failed to open /proc/sys/net/ipv6/conf/rmnet0/accept_ra_rt_table: No such file or directory
E/Netd    ( 4130): Failed to open /proc/sys/net/ipv6/conf/rmnet1/accept_ra_rt_table: No such file or directory
E/Netd    ( 4130): Failed to open /proc/sys/net/ipv6/conf/rmnet2/accept_ra_rt_table: No such file or directory
E/Netd    ( 4130): Failed to open /proc/sys/net/ipv6/conf/rmnet3/accept_ra_rt_table: No such file or directory
E/Netd    ( 4130): Failed to open /proc/sys/net/ipv6/conf/sit0/accept_ra_rt_table: No such file or directory
I/SecureStorage( 4132): [INFO]: SPID(0x00000001)Secure Storage Daemon is preparing to run
I/SecureStorage( 4132): [INFO]: SPID(0x00000001)Secure Storage Daemon successfully binded a socket
D/wrapperGPS( 3677): wrapperConnect_RILD
I/SecureStorage( 4132): [INFO]: SPID(0x00000001)Secure Storage Daemon successfully connected to TA or driver
I/SecureStorage( 4132): [INFO]: SPID(0x00000001)Secure Storage Daemon successfully read the config file
I/SecureStorage( 4132): [INFO]: SPID(0x00000001)Secure Storage Daemon is ready to send config to TA/driver
W/SecureStorage( 4132): [WARN]: SPID(0x00000001)TA return code: -1 (0xffffffff)
I/SecureStorage( 4132): [INFO]: SPID(0x00000001)Secure Storage Daemon sent config to TA/driver
W/SecureStorage( 4132): [WARN]: SPID(0x00000001)system error
E/SecureStorage( 4132): [ERROR]:SPID(0x00000001)
E/SecureStorage( 4132): [ERROR]:SPID(0x00000001)
E/SecureStorage( 4132): [ERROR]:SPID(0x00000001)===============================================================================
E/SecureStorage( 4132): [ERROR]:SPID(0x00000001)The kernel binary has been changed.
E/SecureStorage( 4132): [ERROR]:SPID(0x00000001)The platform/kernel binaries should be synchronized for running Secure Storage.
E/SecureStorage( 4132): [ERROR]:SPID(0x00000001)Please use the same version of platform/kernel binaries.
E/SecureStorage( 4132): [ERROR]:SPID(0x00000001)===============================================================================
E/SecureStorage( 4132): [ERROR]:SPID(0x00000001)
E/SecureStorage( 4132): [ERROR]:SPID(0x00000001)
W/SecureStorage( 4132): [WARN]: SPID(0x00000001)Error sending config file to TA/driver!
I/SecureStorage( 4132): [INFO]: SPID(0x00000001)Secure Storage Daemon stopped
W/linker  ( 4131): libarcsoft_magicshot_common_T.so has text relocations. This is wasting memory and prevents security hardening. Please fix.
W/linker  ( 4131): libarccamera.so has text relocations. This is wasting memory and prevents security hardening. Please fix.
D/AndroidRuntime( 4133): 
D/AndroidRuntime( 4133): >>>>>> AndroidRuntime START com.android.internal.os.ZygoteInit <<<<<<
W/linker  ( 4131): libarcsoft_selfie_camera_lite.so has text relocations. This is wasting memory and prevents security hardening. Please fix.
D/AndroidRuntime( 4133): CheckJNI is OFF
D/AndroidRuntime( 4133): setted country_code = PANAMA
D/AndroidRuntime( 4133): setted countryiso_code = PA
D/AndroidRuntime( 4133): setted sales_code = TPA
D/AndroidRuntime( 4133): readGMSProperty: start
D/AndroidRuntime( 4133): readGMSProperty: already setted!!
D/AndroidRuntime( 4133): readGMSProperty: end
D/AndroidRuntime( 4133): addProductProperty: start
I/art     ( 4133): option[0]=-Xzygote
I/art     ( 4133): option[1]=-Xstacktracefile:/data/anr/traces.txt
I/art     ( 4133): option[2]=exit
I/art     ( 4133): option[3]=vfprintf
I/art     ( 4133): option[4]=sensitiveThread
I/art     ( 4133): option[5]=-verbose:gc
I/art     ( 4133): option[6]=-Xms8m
I/art     ( 4133): option[7]=-Xmx512m
I/art     ( 4133): option[8]=-XX:mainThreadStackSize=24K
I/art     ( 4133): option[9]=-XX:HeapGrowthLimit=128m
I/art     ( 4133): option[10]=-XX:HeapMinFree=2m
I/art     ( 4133): option[11]=-XX:HeapMaxFree=8m
I/art     ( 4133): option[12]=-XX:HeapTargetUtilization=0.75
I/art     ( 4133): option[13]=-Xgenregmap
I/art     ( 4133): option[14]=-Xgc:precise
I/art     ( 4133): option[15]=-agentlib:jdwp=transport=dt_android_adb,suspend=n,server=y
I/art     ( 4133): option[16]=-Ximage-compiler-option
I/art     ( 4133): option[17]=--runtime-arg
I/art     ( 4133): option[18]=-Ximage-compiler-option
I/art     ( 4133): option[19]=-Xms64m
I/art     ( 4133): option[20]=-Ximage-compiler-option
I/art     ( 4133): option[21]=--runtime-arg
I/art     ( 4133): option[22]=-Ximage-compiler-option
I/art     ( 4133): option[23]=-Xmx64m
I/art     ( 4133): option[24]=-Ximage-compiler-option
I/art     ( 4133): option[25]=--image-classes-zip=/system/framework/framework.jar
I/art     ( 4133): option[26]=-Ximage-compiler-option
I/art     ( 4133): option[27]=--image-classes=preloaded-classes
I/art     ( 4133): option[28]=-Xcompiler-option
I/art     ( 4133): option[29]=--runtime-arg
I/art     ( 4133): option[30]=-Xcompiler-option
I/art     ( 4133): option[31]=-Xms64m
I/art     ( 4133): option[32]=-Xcompiler-option
I/art     ( 4133): option[33]=--runtime-arg
I/art     ( 4133): option[34]=-Xcompiler-option
I/art     ( 4133): option[35]=-Xmx512m
I/art     ( 4133): option[36]=-Duser.language=es
I/art     ( 4133): option[37]=-Duser.region=US
