W/PackageManager( 4316): Unknown permission com.samsung.android.hostmanager.SCloudProvider.access in package com.samsung.android.scloud.backup
W/PackageManager( 4316): Unknown permission com.samsung.android.email.permission.ACCESS_PROVIDER in package com.samsung.android.scloud.backup
W/PackageManager( 4316): Unknown permission com.samsung.android.scloud.backup.lib.read in package com.samsung.android.scloud.backup
W/PackageManager( 4316): Unknown permission com.samsung.android.scloud.backup.lib.write in package com.samsung.android.scloud.backup
W/PackageManager( 4316): Not granting permission android.permission.MANAGE_DOCUMENTS to package com.google.android.youtube (protectionLevel=2 flags=0x183e45)
W/PackageManager( 4316): Unknown permission com.sec.everglades.permission.ACCESS in package com.samsung.android.sdk.samsunglink
W/PackageManager( 4316): Unknown permission com.samsung.android.hostmanager.permission.CONTROL_WEARABLE_STATUS in package com.samsung.android.sdk.samsunglink
W/PackageManager( 4316): Unknown permission android.permission.LIGHT in package com.sec.android.automotive.drivelink
W/PackageManager( 4316): Unknown permission android.intent.action.ACTION_HEADSET_PLUG in package com.sec.android.automotive.drivelink
W/PackageManager( 4316): Unknown permission com.sec.android.widgetapp.q1_penmemo.permission.READ in package com.sec.android.automotive.drivelink
W/PackageManager( 4316): Unknown permission com.sec.android.widgetapp.q1_penmemo.permission.WRITE in package com.sec.android.automotive.drivelink
W/PackageManager( 4316): Unknown permission com.sec.android.permission.READ_MEMO in package com.sec.android.automotive.drivelink
W/PackageManager( 4316): Unknown permission com.sec.android.permission.WRITE_MEMO in package com.sec.android.automotive.drivelink
W/PackageManager( 4316): Unknown permission com.sec.android.app.twdvfs.DVFS_BOOSTER_PERMISSION in package com.sec.android.automotive.drivelink
W/PackageManager( 4316): Unknown permission android.Manifest.permission.DISABLE_KEYGUARD in package com.sec.android.automotive.drivelink
W/PackageManager( 4316): Unknown permission com.infraware.provider.SNoteProvider.permission.READ in package com.sec.android.automotive.drivelink
W/PackageManager( 4316): Unknown permission com.infraware.provider.SNoteProvider.permission.WRITE in package com.sec.android.automotive.drivelink
W/PackageManager( 4316): Unknown permission com.samsung.music.permission.READ_MUSIC_STORAGE in package com.sec.android.automotive.drivelink
W/PackageManager( 4316): Unknown permission com.samsung.musicplus.provider.permission.READ_MUSICPROVIDER in package com.sec.android.automotive.drivelink
W/PackageManager( 4316): Unknown permission com.samsung.musicplus.provider.permission.WRITE_MUSICPROVIDER in package com.sec.android.automotive.drivelink
W/PackageManager( 4316): Unknown permission com.sec.android.daemonapp.ap.yonhapnews.permission.YONHAP_DAEMON_ACCESS_PROVIDER in package com.sec.android.automotive.drivelink
W/PackageManager( 4316): Unknown permission com.sec.android.app.music.permission.READ_MUSICPROVIDER in package com.sec.android.automotive.drivelink
W/PackageManager( 4316): Unknown permission com.sec.android.automotive.drivelink.permission.MAPS_RECEIVE in package com.sec.android.automotive.drivelink
W/PackageManager( 4316): Unknown permission com.sec.android.app.automotive.carmoderemote.permission in package com.sec.android.automotive.drivelink
W/PackageManager( 4316): Unknown permission com.system.permission.READ_NOTIFICATIONS in package com.samsung.android.app.airwakeupview
W/AASAInstall( 4316):  shared   :com.samsung.android.scloud.proxy.memo uid:10066
W/AASAInstall( 4316):  sharedList :com.samsung.android.scloud.proxy.memo
W/AASAInstall( 4316):  shared   :com.android.providers.contacts uid:10020
W/AASAInstall( 4316):  sharedList :com.android.providers.contacts
W/PackageManager( 4316): Unknown permission com.sec.android.app.gallery3d.READ in package com.sec.android.mimage.photoretouching
W/PackageManager( 4316): Unknown permission com.sec.android.app.gallery3d.WRITE in package com.sec.android.mimage.photoretouching
W/PackageManager( 4316): Unknown permission com.samsung.android.permission.GET_SECRET_PACKAGE_LIST in package com.android.exchange
W/PackageManager( 4316): Unknown permission com.android.email.ACCOUNT_INTENT in package com.android.exchange
W/PackageManager( 4316): Unknown permission android.permission.READ_OWNER_DATA in package com.android.exchange
W/PackageManager( 4316): Unknown permission com.samsung.android.app.episodes.permission.IMPORT_STORYALBUM in package com.samsung.android.app.FileShareServer
W/AASAInstall( 4316):  shared   :com.samsung.android.scloud.proxy.calendar uid:10066
W/AASAInstall( 4316):  sharedList :com.samsung.android.scloud.proxy.calendar
W/PackageManager( 4316): Unknown permission android.permission.READ_OWNER_DATA in package com.google.android.setupwizard
W/PackageManager( 4316): Unknown permission android.permission.WRITE_OWNER_DATA in package com.google.android.setupwizard
W/PackageManager( 4316): Unknown permission com.samsung.commonimsinterface.PERMISSION in package com.android.incallui
W/PackageManager( 4316): Unknown permission com.cequint.ecid.CALLER_ID_LOOKUP in package com.android.incallui
W/PackageManager( 4316): Unknown permission com.samsung.rcs.cs.READ_PERMISSION in package com.android.incallui
W/PackageManager( 4316): Unknown permission com.samsung.rcs.cs.WRITE_PERMISSION in package com.android.incallui
W/PackageManager( 4316): Unknown permission com.samsung.rcs.serviceprovider.READ_PERMISSION in package com.android.incallui
W/PackageManager( 4316): Unknown permission com.samsung.rcs.serviceprovider.WRITE_PERMISSION in package com.android.incallui
W/PackageManager( 4316): Unknown permission com.samsung.rcs.permission.RCS_APP_PERMISSION in package com.android.incallui
W/PackageManager( 4316): Unknown permission com.sec.ims.android.PERMISSION in package com.android.incallui
W/PackageManager( 4316): Unknown permission com.samsung.tmowfc.wfcprovider.permission.READ_WFCPROVIDER in package com.android.incallui
W/PackageManager( 4316): Unknown permission android.permission.LOCATION in package com.samsung.android.app.mirrorlink
W/PackageManager( 4316): Unknown permission com.sec.android.app.gallery3d.READ in package com.sec.android.mimage.sstudio
W/PackageManager( 4316): Unknown permission com.sec.android.app.gallery3d.WRITE in package com.sec.android.mimage.sstudio
W/PackageManager( 4316): Unknown permission com.sec.knox.admin.permission.ACTION_REQUEST_REMOVE_CONTAINER in package com.sec.knox.containeragent2
W/PackageManager( 4316): Unknown permission android.permission.WRITE_INTERNAL_STORAGE in package com.sec.knox.containeragent2
W/AASAInstall( 4316):  shared   :com.samsung.android.scloud.proxy.contacts uid:10066
W/AASAInstall( 4316):  sharedList :com.samsung.android.scloud.proxy.contacts
W/AASAInstall( 4316):  shared   :com.google.android.gms uid:10012
W/AASAInstall( 4316):  sharedList :com.google.android.gms
W/PackageManager( 4316): Unknown permission com.google.android.apps.enterprise.dmagent.permission.AutoSyncPermission in package com.google.android.gms
W/PackageManager( 4316): Unknown permission com.google.android.wearable.READ_SETTINGS in package com.google.android.gms
W/PackageManager( 4316): Unknown permission android.permission.CALL in package com.sec.knox.bridge
W/PackageManager( 4316): Unknown permission android.Manifest.permission.GET_TASKS in package com.sec.knox.bridge
W/PackageManager( 4316): Unknown permission com.sec.knox.migrationagent.permission.RECEIVE_MIGRATION in package com.sec.knox.bridge
W/PackageManager( 4316): Unknown permission android.permission.ACCESS_SUPERUSER in package com.speedsoftware.rootexplorer
W/PackageManager( 4316): Unknown permission com.smlds.permission.WSSDS in package com.wsomacp
W/PackageManager( 4316): Unknown permission com.sec.android.app.browser.permission.Bookmark in package com.wsomacp
W/AASAInstall( 4316):  shared   :com.samsung.android.scloud.proxy.snote3 uid:10066
W/AASAInstall( 4316):  sharedList :com.samsung.android.scloud.proxy.snote3
W/PackageManager( 4316): Unknown permission android.permission.ACCESS_DEV_STORAGE in package com.sec.android.app.bcocr
W/PackageManager( 4316): Unknown permission com.sec.android.app.twdvfs.DVFS_BOOSTER_PERMISSION in package com.sec.android.app.bcocr
W/PackageManager( 4316): Not granting permission com.samsung.android.permission.SSRM_NOTIFICATION_PERMISSION to package com.sec.android.app.bcocr (protectionLevel=18 flags=0x18be45)
W/PackageManager( 4316): Not granting permission com.samsung.clipboardsaveservice.CLIPBOARDSAVESERVICE_PERMISSION to package com.infraware.polarisviewer5 (protectionLevel=18 flags=0x18be45)
W/PackageManager( 4316): Unknown permission com.sec.android.app.twdvfs.DVFS_BOOSTER_PERMISSION in package com.infraware.polarisviewer5
W/PackageManager( 4316): Not granting permission android.permission.INTERACT_ACROSS_USERS_FULL to package com.sec.android.app.billing (protectionLevel=2 flags=0x4008be45)
W/PackageManager( 4316): Unknown permission android.permission.READ_INTERNAL_STORAGE in package com.sec.android.app.billing
W/PackageManager( 4316): Unknown permission android.permission.WRITE_INTERNAL_STORAGE in package com.sec.android.app.billing
W/PackageManager( 4316): Unknown permission com.sec.spp.push.permission.ACCESS_SPP_SERVER in package com.sec.android.app.billing
W/AASAInstall( 4316):  shared   :com.sec.android.app.launcher uid:10008
W/AASAInstall( 4316):  sharedList :com.sec.android.app.launcher
W/PackageManager( 4316): Unknown permission com.dashwire.config.launcher.SEND_HOMESCREEN_RESULT in package com.sec.android.app.launcher
W/PackageManager( 4316): Unknown permission com.samsung.android.providers.context.permission.READ_APP_USAGE_DB in package com.sec.android.app.launcher
W/PackageManager( 4316): Unknown permission com.samsung.android.widgetapp.briefing4x2.permission.READ_APP_USAGE in package com.sec.android.app.launcher
W/PackageManager( 4316): Unknown permission com.samsung.android.app.storyalbumwidget.permission.ACCESS_STORYALBUM_WIDGET in package com.sec.android.app.launcher
W/PackageManager( 4316): Unknown permission com.samsung.android.tripwidget.permission.TRAVEL_WIDGET in package com.sec.android.app.launcher
W/PackageManager( 4316): Unknown permission com.sec.android.app.twdvfs.DVFS_BOOSTER_PERMISSION in package com.sec.android.app.launcher
W/PackageManager( 4316): Unknown permission com.sec.android.providers.insight.permission.READ_INSIGHT_DB in package com.sec.android.app.launcher
W/PackageManager( 4316): Unknown permission sstream.app.StoryProvider.Covers.READ_PERMISSION in package com.sec.android.app.launcher
W/PackageManager( 4316): Unknown permission com.sec.android.daemonapp.ap.accuweather.permission.ACCU_DAEMON_ACCESS_INTENT in package com.sec.android.app.clockpackage
W/PackageManager( 4316): Unknown permission com.sec.android.app.calendar.permission.CHANGE_CALENDAR_PREFERENCE in package com.sec.android.app.clockpackage
W/PackageManager( 4316): Unknown permission com.samsung.difactorycamera.permission.ACCESS in package com.sec.android.app.hwmoduletest
W/PackageManager( 4316): Unknown permission android.permission.sec.BARCODE_READ in package com.sec.android.app.hwmoduletest
W/PackageManager( 4316): Unknown permission android.permission.WRITE_OWNER_DATA in package com.sec.android.app.hwmoduletest
W/AASAInstall( 4316):  shared   :com.google.android.gsf.login uid:10012
W/AASAInstall( 4316):  sharedList :com.google.android.gsf.login
W/PackageManager( 4316): Not granting permission android.permission.CONTROL_KEYGUARD to package com.google.android.gsf.login (protectionLevel=2 flags=0x4048be45)
W/PackageManager( 4316): Unknown permission com.android.vending.billing.IBillingAccountService.BIND2 in package com.google.android.gsf.login
W/PackageManager( 4316): Unknown permission android.permission.READ_INTERNAL_STORAGE in package com.sec.android.app.voicenote
W/PackageManager( 4316): Unknown permission android.permission.ACCESS_DEV_STORAGE in package com.sec.android.app.voicenote
W/PackageManager( 4316): Unknown permission com.sec.android.app.twdvfs.DVFS_BOOSTER_PERMISSION in package com.sec.android.app.voicenote
W/PackageManager( 4316): Unknown permission com.sec.knox.containeragent.USE_CONTAINERAGENT in package com.sec.android.app.voicenote
W/PackageManager( 4316): Unknown permission com.sec.watchon.phone.BASIC_REMOCON in package com.samsung.android.sconnect
W/PackageManager( 4316): Unknown permission com.sec.android.app.alltogether.USE_SCONNECT in package com.samsung.android.sconnect
W/PackageManager( 4316): Unknown permission com.samsung.permission.wearable.CONNECT_ACCESS in package com.samsung.android.sconnect
W/PackageManager( 4316): Unknown permission com.samsung.android.sconnect.permission.ACCESS_QUICKCONNECT_SIDESYNC in package com.samsung.android.sconnect
W/PackageManager( 4316): Not granting permission android.permission.INTERACT_ACROSS_USERS_FULL to package com.sec.android.ofviewer (protectionLevel=2 flags=0x4018be45)
W/PackageManager( 4316): Unknown permission com.sec.android.app.sns3.permission.READ_SNSDB in package com.android.calendar
W/PackageManager( 4316): Unknown permission com.sec.android.app.sns3.sp.facebook.permission.READ_DB in package com.android.calendar
W/PackageManager( 4316): Unknown permission com.sec.permission.READ_CHINA_HOLIDAY in package com.android.calendar
W/PackageManager( 4316): Unknown permission sstream.app.StoryProvider.WRITE.PERMISSION in package com.android.calendar
W/PackageManager( 4316): Unknown permission com.samsung.android.service.hermes.permission.READ_PATTERN_LANG in package com.android.calendar
W/PackageManager( 4316): Unknown permission com.sec.android.app.sns3.sp.facebook.permission.READ_DB in package com.sec.android.gallery3d
W/PackageManager( 4316): Unknown permission com.sec.knox.containeragent.USE_CONTAINERAGENT in package com.sec.android.gallery3d
W/PackageManager( 4316): Unknown permission com.sec.android.app.twdvfs.DVFS_BOOSTER_PERMISSION in package com.sec.android.gallery3d
W/PackageManager( 4316): Unknown permission com.sec.chaton.TOKEN_28e9e5f8058dc2fc70dea61856a21d58ed9c7edc1c5d9a9b15c7dc5cd78e317999676ad8618d2d2d9e600ebb75e8aee96abd57bdc06c6fe733898c5657971f32cffed5885a2efef4d9fd10ff675339558c04ab9e8c3dbc90c0d6b5b2f1f4f4e2d6f3c3658fae505e42224b61c140e442cd2c9faebf23df274bb173c5876a6912 in package com.sec.android.gallery3d
W/PackageManager( 4316): Unknown permission com.sec.chaton.TOKEN_085376204d115cdd465b103094225633cb5e9707b4c76225285750054db230f38e719dd583e31939a616bac2e957cfb50beee4ff163f8c7903b2fdc7b6ef6f421570e4f459f9ebc0ac8c6cdd91cddf5c5945ddb36713571a55d279a9a711c785ec83dbe633884bbb80117461a05777408a335c9baa94f83d5da7b2acfb161fa1 in package com.sec.android.gallery3d
W/PackageManager( 4316): Unknown permission com.samsung.android.app.episodes.permission.SEND_MULTIPLE_TO_STORYALBUM in package com.sec.android.gallery3d
W/PackageManager( 4316): Unknown permission com.sec.android.spc.playerdb.READ_PLAYER_INFO in package com.sec.android.gallery3d
W/PackageManager( 4316): Unknown permission com.sec.android.gallery3d.mapfragment.permission.MAPS_RECEIVE in package com.sec.android.gallery3d
W/PackageManager( 4316): Unknown permission sidesync.app.action.permission.KMS_FILETRANSFER_DRAG_FILEINFO in package com.sec.android.gallery3d
W/PackageManager( 4316): Unknown permission com.sec.android.app.permission.ACCESS_FLASH_ANNOTATE in package com.sec.android.gallery3d
W/AASAInstall( 4316):  shared   :com.sec.android.widgetapp.easymodecontactswidget uid:10008
W/AASAInstall( 4316):  sharedList :com.sec.android.widgetapp.easymodecontactswidget
W/PackageManager( 4316): Unknown permission com.sec.android.app.twdvfs.DVFS_BOOSTER_PERMISSION in package com.sec.factory.camera
W/PackageManager( 4316): Unknown permission android.permission.READ_TASKS in package com.sec.android.providers.tasks
W/PackageManager( 4316): Unknown permission android.permission.WRITE_TASKS in package com.sec.android.providers.tasks
W/PackageManager( 4316): Unknown permission android.permission.WRITE_INTERNAL_STORAGE in package com.sec.android.app.samsungapps
W/PackageManager( 4316): Unknown permission android.permission.WIFI_LOCK in package com.sec.android.app.samsungapps
W/PackageManager( 4316): Unknown permission com.sec.android.provider.una.astore.permission.WRITE in package com.sec.android.app.samsungapps
W/PackageManager( 4316): Unknown permission com.sec.android.provider.una.astore.permission.READ in package com.sec.android.app.samsungapps
W/PackageManager( 4316): Unknown permission com.sec.spp.push.permission.ACCESS_SPP_SERVER in package com.sec.android.app.samsungapps
W/PackageManager( 4316): Unknown permission com.sec.android.wallet.permission in package com.sec.android.app.samsungapps
W/PackageManager( 4316): Unknown permission sstream.app.StoryProvider.WRITE.PERMISSION in package com.sec.android.app.samsungapps
W/PackageManager( 4316): Unknown permission com.samsung.android.permission.installApp in package com.sec.android.app.samsungapps
W/PackageManager( 4316): Unknown permission com.sec.spp.permission.TOKEN_2e584d01f317fdee32cc8e855153d01df2a62f8194c5c4e621bf45bcc3807f066f637c5329f12f95158279f36aae6250df4a72e8d51fc6e578e248fcf11e8339654d20216c79a9d36fed33741d7190e77939da234b8157e48c3cdde7bc93bffdba1de18b6415d62b81b8d2dd41756f099ecb13fc4d975077a6d8cde99df4405b in package com.sec.android.app.samsungapps
W/PackageManager( 4316): Unknown permission com.sec.android.permission.READ_MEMO in package com.sec.android.app.DataCreate
W/PackageManager( 4316): Unknown permission com.sec.android.permission.WRITE_MEMO in package com.sec.android.app.DataCreate
W/PackageManager( 4316): Unknown permission com.sec.android.widgetapp.q1_penmemo.permission.READ in package com.sec.android.app.DataCreate
W/PackageManager( 4316): Unknown permission com.sec.android.widgetapp.q1_penmemo.permission.WRITE in package com.sec.android.app.DataCreate
W/PackageManager( 4316): Unknown permission com.infraware.provider.SNoteProvider.permission.READ in package com.sec.android.app.DataCreate
W/PackageManager( 4316): Unknown permission com.infraware.provider.SNoteProvider.permission.WRITE in package com.sec.android.app.DataCreate
W/PackageManager( 4316): Unknown permission com.chrome.permission.DEVICE_EXTRAS in package com.android.chrome
W/PackageManager( 4316): Unknown permission com.sec.knox.containeragent.USE_KNOX_UI in package com.samsung.klmsagent
W/AASAInstall( 4316):  shared   :com.google.android.marvin.talkback uid:10188
W/AASAInstall( 4316):  sharedList :com.google.android.marvin.talkback
W/PackageManager( 4316): Unknown permission com.sec.android.permission.FWUPGRADE in package com.sec.android.app.wfdbroker
W/PackageManager( 4316): Unknown permission com.sec.android.homesync.EXCLUSIVE_APP in package com.osp.app.signin
W/PackageManager( 4316): Not granting permission android.permission.INTERACT_ACROSS_USERS_FULL to package com.osp.app.signin (protectionLevel=2 flags=0x4058be05)
W/PackageManager( 4316): Unknown permission android.permission.READ_SETTINGS in package com.osp.app.signin
W/PackageManager( 4316): Unknown permission com.sec.spp.permission.TOKEN_629e52d85fa91d200413707985ff2b21bb923206e41b8543e55c1d440a5edeb2e28d48d440dc7c7fb7f60eb39577517265b780609c8556eddbc673d21db4d7db6f17fe1b322387178eb0dc77b180f6154e4ad60bf64418c03ee0990b8783734fde37e5f82e089a04273b4650527a6b1335e2e99e94450386fd1c692106b58553 in package com.osp.app.signin
W/PackageManager( 4316): Unknown permission com.infraware.provider.SNoteProvider.permission.READ in package com.sec.android.directshare
W/PackageManager( 4316): Not granting permission android.permission.CONFIGURE_WIFI_DISPLAY to package com.sec.android.directshare (protectionLevel=2 flags=0x4058be45)
W/PackageManager( 4316): Not granting permission android.permission.sec.MDM_AUDIT_LOG to package com.sec.android.directshare (protectionLevel=2 flags=0x4058be45)
W/PackageManager( 4316): Unknown permission com.customermobile.demo.intent.action.DEMO_CONTROL in package com.sec.android.app.parser
W/PackageManager( 4316): Unknown permission com.sec.android.voltesettings.permission.KEYSTRING in package com.sec.android.app.parser
W/PackageManager( 4316): Unknown permission com.samsung.syncservice.permission.OMADM.KEYSTRING in package com.sec.android.app.parser
W/PackageManager( 4316): Unknown permission com.samsung.difactorycamera.permission.ACCESS in package com.sec.android.app.parser
W/PackageManager( 4316): Unknown permission com.samsung.dizoom.permission.ACCESS in package com.sec.android.app.parser
W/PackageManager( 4316): Unknown permission com.marvell.diagsetting.permission.KEYSTRING in package com.sec.android.app.parser
W/PackageManager( 4316): Unknown permission samsung.android.snoteprovider.permission.READ in package com.samsung.android.app.galaxyfinder
W/PackageManager( 4316): Unknown permission com.samsung.android.app.episodes.permission.LAUNCH_MAGAZINE in package com.samsung.android.app.galaxyfinder
W/PackageManager( 4316): Unknown permission com.samsung.android.app.episodes.permission.SEND_MULTIPLE_TO_STORYALBUM in package com.samsung.android.app.galaxyfinder
W/PackageManager( 4316): Unknown permission com.samsung.android.app.lifetimes.permission.READ_LOGS in package com.samsung.android.app.galaxyfinder
W/PackageManager( 4316): Unknown permission com.sec.android.app.twdvfs.DVFS_BOOSTER_PERMISSION in package com.samsung.android.app.galaxyfinder
W/PackageManager( 4316): Unknown permission com.sec.chaton.TOKEN_42796342bfa89776ee3a3370879ddfa35c6dc31678caab1b811180618cc7b18c96d9806a4b0b3bc5513fdddd567d413187e0693a1eddc65b1462b571ff1a7a71192936384285c76367d367c250181be518d4857a8318e294ec06e8899fe77ea028c888292da8dad2f908952a38a590cd9479e6a9a1433875b435e16c4b90bb3a in package com.samsung.android.app.galaxyfinder
W/PackageManager( 4316): Unknown permission com.sec.android.app.twdvfs.DVFS_BOOSTER_PERMISSION in package com.sec.factory
W/PackageManager( 4316): Unknown permission android.permission.sec.BARCODE_READ in package com.sec.factory
W/PackageManager( 4316): Unknown permission com.samsung.videohub.permission.CONTENT_READ in package com.samsung.everglades.video
W/PackageManager( 4316): Unknown permission com.samsung.videohub.permission.CONTENT_WRITE in package com.samsung.everglades.video
W/PackageManager( 4316): Unknown permission android.permission.ACCESS_DEV_STORAGE in package com.sec.android.app.myfiles
W/PackageManager( 4316): Unknown permission com.sec.android.app.twdvfs.DVFS_BOOSTER_PERMISSION in package com.sec.android.app.myfiles
W/PackageManager( 4316): Unknown permission com.sec.knox.containeragent.USE_CONTAINERAGENT in package com.sec.android.app.myfiles
W/PackageManager( 4316): Unknown permission sidesync.app.action.permission.KMS_FILETRANSFER_DRAG_FILEINFO in package com.sec.android.app.myfiles
W/PackageManager( 4316): Unknown permission com.sec.orca.remoteshare.permission.READ_MEDIA in package com.sec.android.app.myfiles
W/PackageManager( 4316): Unknown permission com.sec.orca.remoteshare.permission.WRITE_MEDIA in package com.sec.android.app.myfiles
W/PackageManager( 4316): Unknown permission com.wss.android.spdagent.permission.C2D_MESSAGE in package com.policydm
W/PackageManager( 4316): Unknown permission com.samsung.spd.SBA_RELOAD in package com.policydm
W/PackageManager( 4316): Unknown permission com.vzw.permission.ALLOW_VOLTE_PERMISSION in package com.android.phone
W/PackageManager( 4316): Unknown permission com.android.smspush.WAPPUSH_MANAGER_BIND in package com.android.phone
W/PackageManager( 4316): Unknown permission com.samsung.syncservice.permission.OMADM.KEYSTRING in package com.android.phone
W/PackageManager( 4316): Unknown permission com.samsung.commonimsinterface.PERMISSION in package com.android.phone
W/PackageManager( 4316): Unknown permission com.verizon.vzwavs.permission.READ in package com.android.phone
W/PackageManager( 4316): Unknown permission com.samsung.tmowfc.wfcprovider.permission.READ_WFCPROVIDER in package com.android.phone
W/PackageManager( 4316): Unknown permission com.samsung.tmowfc.wfcprovider.permission.WRITE_REGISTER in package com.android.phone
W/PackageManager( 4316): Unknown permission com.samsung.tmowfc.wfcprovider.permission.WRITE_SET_EMERGENCY in package com.android.phone
W/PackageManager( 4316): Unknown permission com.samsung.tmowfc.wfcprovider.permission.WRITE_SET_EMERGENCY_GSM_PHONE_CALL in package com.android.phone
W/PackageManager( 4316): Unknown permission com.carrieriq.iqagent.ClientAccess in package com.android.phone
W/AASAInstall( 4316):  shared   :com.sec.android.provider.logsprovider uid:10020
W/AASAInstall( 4316):  sharedList :com.sec.android.provider.logsprovider
W/PackageManager( 4316): Unknown permission com.google.android.gallery3d.permission.PICASA_STORE in package com.google.android.apps.plus
W/PackageManager( 4316): Unknown permission com.sec.knox.migrationagent.permission.RECEIVE_MIGRATION in package android
W/AASAInstall( 4316):  shared   :com.samsung.android.scloud.sync uid:10066
W/AASAInstall( 4316):  sharedList :com.samsung.android.scloud.sync
W/PackageManager( 4316): Unknown permission com.sec.android.widgetapp.q1_penmemo.permission.WRITE in package com.samsung.android.scloud.sync
W/PackageManager( 4316): Unknown permission com.sec.android.widgetapp.q1_penmemo.permission.READ in package com.samsung.android.scloud.sync
W/PackageManager( 4316): Unknown permission com.infraware.provider.SNoteProvider.permission.READ in package com.samsung.android.scloud.sync
W/PackageManager( 4316): Unknown permission com.infraware.provider.SNoteProvider.permission.WRITE in package com.samsung.android.scloud.sync
W/PackageManager( 4316): Unknown permission samsung.android.provider.snote2.permission.read in package com.samsung.android.scloud.sync
W/PackageManager( 4316): Unknown permission samsung.android.provider.snote2.permission.write in package com.samsung.android.scloud.sync
W/PackageManager( 4316): Unknown permission samsung.android.snoteprovider.permission.READ in package com.samsung.android.scloud.sync
W/PackageManager( 4316): Unknown permission samsung.android.snoteprovider.permission.WRITE in package com.samsung.android.scloud.sync
W/PackageManager( 4316): Unknown permission android.permission.WRITE_INTERNAL_STORAGE in package com.sec.android.app.wallpaperchooser
W/PackageManager( 4316): Unknown permission com.sec.knox.migrationagent.permission.RECEIVE_MIGRATION in package com.sec.knox.knoxsetupwizardclient
W/PackageManager( 4316): Not granting permission android.permission.INTERACT_ACROSS_USERS_FULL to package com.samsung.groupcast (protectionLevel=2 flags=0x4018be45)
W/PackageManager( 4316): Unknown permission com.TEDC.android.groupplay in package com.samsung.groupcast
W/PackageManager( 4316): Unknown permission com.samsung.android.app.pinboard.SCRAP_GATEWAY_PERMISSION in package com.samsung.android.clipboarduiservice
W/PackageManager( 4316): Unknown permission com.sec.kidsplat.parentalcontrol.PERMISSION in package com.sec.kidsplat.installer
W/PackageManager( 4316): Unknown permission com.sec.android.app.kidshome.permission.KIDS_HOME_MODE_CHANGE in package com.sec.kidsplat.installer
W/PackageManager( 4316): Unknown permission com.sec.kidsplat.installer.PERMISSION in package com.sec.kidsplat.installer
W/PackageManager( 4316): Not granting permission android.permission.WRITE_SECURE_SETTINGS to package com.sec.android.widgetapp.dualclockdigital (protectionLevel=50 flags=0x48be45)
W/AASAInstall( 4316):  shared   :com.samsung.android.scloud.proxy.sbrowser uid:10066
W/AASAInstall( 4316):  sharedList :com.samsung.android.scloud.proxy.sbrowser
W/PackageManager( 4316): Not granting permission android.permission.REBOOT to package eu.chainfire.supersu (protectionLevel=18 flags=0x83e05)
W/PackageManager( 4316): Unknown permission com.sec.android.widgetapp.q1_penmemo.permission.READ in package com.vlingo.midas
W/PackageManager( 4316): Unknown permission com.sec.android.widgetapp.q1_penmemo.permission.WRITE in package com.vlingo.midas
W/PackageManager( 4316): Unknown permission com.sec.android.permission.READ_MEMO in package com.vlingo.midas
W/PackageManager( 4316): Unknown permission com.sec.android.permission.WRITE_MEMO in package com.vlingo.midas
W/PackageManager( 4316): Unknown permission com.sec.android.app.twdvfs.DVFS_BOOSTER_PERMISSION in package com.vlingo.midas
W/PackageManager( 4316): Unknown permission android.Manifest.permission.DISABLE_KEYGUARD in package com.vlingo.midas
W/PackageManager( 4316): Unknown permission com.infraware.provider.SNoteProvider.permission.READ in package com.vlingo.midas
W/PackageManager( 4316): Unknown permission com.infraware.provider.SNoteProvider.permission.WRITE in package com.vlingo.midas
W/PackageManager( 4316): Unknown permission com.samsung.music.permission.READ_MUSIC_STORAGE in package com.vlingo.midas
W/PackageManager( 4316): Unknown permission com.sec.android.daemonapp.ap.yonhapnews.permission.YONHAP_DAEMON_ACCESS_PROVIDER in package com.vlingo.midas
W/PackageManager( 4316): Unknown permission com.sec.android.app.music.permission.READ_MUSICPROVIDER in package com.vlingo.midas
W/PackageManager( 4316): Unknown permission samsung.android.snoteprovider.permission.READ in package com.vlingo.midas
W/PackageManager( 4316): Not granting permission android.permission.INTERACT_ACROSS_USERS_FULL to package com.vlingo.midas (protectionLevel=2 flags=0x4018be45)
W/PackageManager( 4316): Unknown permission com.android.mms.permission.RECEIVE_MESSAGES_INFORMATION in package com.vlingo.midas
W/PackageManager( 4316): Unknown permission com.samsung.musicplus.provider.permission.READ_MUSICPROVIDER in package com.vlingo.midas
W/PackageManager( 4316): Unknown permission com.samsung.musicplus.provider.permission.WRITE_MUSICPROVIDER in package com.vlingo.midas
W/PackageManager( 4316): Unknown permission com.samsung.commonimsinterface.PERMISSION in package com.vlingo.midas
W/PackageManager( 4316): Unknown permission samsung.snote.permission.MEMO_CONTROL in package com.vlingo.midas
W/PackageManager( 4316): Unknown permission android.permission.ACCESS_DEV_STORAGE in package com.sec.android.app.camera
W/PackageManager( 4316): Unknown permission com.sec.android.app.twdvfs.DVFS_BOOSTER_PERMISSION in package com.sec.android.app.camera
W/PackageManager( 4316): Unknown permission android.permission.WRITE_INTERNAL_STORAGE in package com.android.settings
W/PackageManager( 4316): Unknown permission com.sec.android.app.twdvfs.DVFS_BOOSTER_PERMISSION in package com.android.settings
W/PackageManager( 4316): Unknown permission com.sec.android.spc.account.READ_ACCOUNT_INFO in package com.android.settings
W/PackageManager( 4316): Unknown permission com.sec.android.spc.account.WRITE_ACCOUNT_INFO in package com.android.settings
W/PackageManager( 4316): Unknown permission com.samsung.rcs.settings.READ_PERMISSION in package com.android.settings
W/PackageManager( 4316): Unknown permission com.samsung.rcs.settings.WRITE_PERMISSION in package com.android.settings
W/PackageManager( 4316): Unknown permission com.samsung.tmowfc.wfcprovider.permission.READ_WFCPROVIDER in package com.android.settings
W/PackageManager( 4316): Unknown permission com.samsung.tmowfc.wfcprovider.permission.WRITE_REGISTER in package com.android.settings
W/PackageManager( 4316): Unknown permission com.sec.android.spc.MEMBER_MANAGEMENT in package com.android.settings
W/PackageManager( 4316): Unknown permission com.sec.android.spc.service.BACKUP in package com.android.settings
W/PackageManager( 4316): Unknown permission provider.settingsearch.permission.READ in package com.android.settings
W/PackageManager( 4316): Unknown permission com.samsung.commonimsinterface.PERMISSION in package com.android.settings
W/PackageManager( 4316): Unknown permission com.samsung.android.permission.GET_SECRET_PACKAGE_LIST in package com.android.settings
W/PackageManager( 4316): Unknown permission com.samsung.android.sconnect.permission.ACCESS_QUICKCONNECT_WEARABLE in package com.android.settings
W/PackageManager( 4316): Unknown permission com.samsung.rcs.permission.RCS_APP_PERMISSION in package com.android.settings
W/PackageManager( 4316): Unknown permission com.samsung.rcs.permission.READ_FRAME_BUFFER in package com.android.settings
W/PackageManager( 4316): Unknown permission com.sec.android.app.reactive.permission.ACCESS_REACTIVE_SERVICE in package com.android.settings
W/PackageManager( 4316): Unknown permission com.android.nfc.permission.NFCEE_ADMIN in package org.simalliance.openmobileapi.service
W/PackageManager( 4316): Unknown permission com.samsung.permission.wearable.CONNECT_ACCESS in package com.samsung.android.app.watchmanagerstub
W/PackageManager( 4316): Unknown permission com.sec.android.app.sbrowser.operatorbookmarks.permission.READ_OPERATOR_BOOKMARKS in package com.samsung.sec.android.application.csc
W/PackageManager( 4316): Unknown permission com.sec.android.app.sbrowser.operatorbookmarks.permission.WRITE_OPERATOR_BOOKMARKS in package com.samsung.sec.android.application.csc
W/PackageManager( 4316): Unknown permission com.sec.android.permission.READ_MEMO in package com.samsung.sec.android.application.csc
W/PackageManager( 4316): Unknown permission com.sec.android.permission.WRITE_MEMO in package com.samsung.sec.android.application.csc
W/PackageManager( 4316): Unknown permission com.sec.android.widgetapp.q1_penmemo.permission.READ in package com.samsung.sec.android.application.csc
W/PackageManager( 4316): Unknown permission com.sec.android.widgetapp.q1_penmemo.permission.WRITE in package com.samsung.sec.android.application.csc
W/PackageManager( 4316): Not granting permission com.sec.android.widgetapp.ap.hero.accuweather.permission.READ_ACCU_DATA to package com.sec.android.daemonapp (protectionLevel=18 flags=0x48be45)
W/PackageManager( 4316): Not granting permission com.sec.android.widgetapp.ap.hero.accuweather.permission.WRITE_ACCU_DATA to package com.sec.android.daemonapp (protectionLevel=18 flags=0x48be45)
W/PackageManager( 4316): Unknown permission com.ubivelox.mc.activity.permission.STOCK_PROVIDER in package com.sec.android.daemonapp
W/PackageManager( 4316): Unknown permission com.sec.spp.permission.TOKEN_a1a30b694300dac6f59ae7b791d9eef52f677d5a5fe53412b7608126d463248f21f62f60c9bc92da81138bf6f292302d960c7273f648e5596bc9fea9ca594701e696c0917204658ac9f0e74745807472e9d3e9977f667274ee768334b7f9004f9a0046decafe7e068ad420d39e629d727f6b28195b118d7f7a4230be62243bd1 in package com.sec.spp.push
W/PackageManager( 4316): Unknown permission com.sec.spp.permission.TOKEN_93826e86cec89c5a525ae83ddf9ebd98ecc233c92e8756bc704afa2d0778c64fdb5fef0d4cf09b8d73963b6df482827430806db3a69e587adc1c167cc50e7207453c58ea58cad7caaef5646b8deb9556378af5867696aa51fbca0e2f918d7d12a6f0b7acd5bba2d48c6688ee2089b816ad6fb0bc395f6986b71129090f423d3d in package com.sec.spp.push
W/AASAInstall( 4316):  shared   :com.google.android.syncadapters.contacts uid:10012
W/AASAInstall( 4316):  sharedList :com.google.android.syncadapters.contacts
W/PackageManager( 4316): Unknown permission android.permission.READ_OWNER_DATA in package com.sec.android.app.SecSetupWizard
W/PackageManager( 4316): Unknown permission android.permission.WRITE_OWNER_DATA in package com.sec.android.app.SecSetupWizard
W/PackageManager( 4316): Unknown permission com.sec.android.app.reactive.permission.ACCESS_REACTIVE_SERVICE in package com.sec.android.app.SecSetupWizard
W/PackageManager( 4316): Unknown permission com.vodafone.vodafone360updates.permission.SHOW_SETUP_WIZARD in package com.sec.android.app.SecSetupWizard
W/AASAInstall( 4316):  shared   :com.google.android.syncadapters.calendar uid:10115
W/AASAInstall( 4316):  sharedList :com.google.android.syncadapters.calendar
W/PackageManager( 4316): Unknown permission tv.peel.smartremote.REMOTE_CONTROL in package tv.peel.smartremote
W/PackageManager( 4316): Unknown permission android.permission.NETWORK_STATE_CHANGED_ACTION in package tv.peel.smartremote
W/PackageManager( 4316): Not granting permission android.permission.DEVICE_POWER to package tv.peel.smartremote (protectionLevel=2 flags=0x582c45)
W/PackageManager( 4316): Unknown permission sstream.app.StoryProvider.WRITE.PERMISSION in package tv.peel.smartremote
W/PackageManager( 4316): Not granting permission com.samsung.android.internal.intelligence.useranalysis.permission.READ_PLACE to package tv.peel.smartremote (protectionLevel=18 flags=0x582c45)
W/PackageManager( 4316): Not granting permission com.samsung.android.internal.intelligence.useranalysis.permission.WRITE_PLACE to package tv.peel.smartremote (protectionLevel=18 flags=0x582c45)
W/PackageManager( 4316): Unknown permission tv.peel.smartremote.permission.C2D_MESSAGE in package tv.peel.smartremote
W/AASAInstall( 4316):  shared   :com.google.android.backuptransport uid:10012
W/AASAInstall( 4316):  sharedList :com.google.android.backuptransport
W/PackageManager( 4316): Unknown permission com.sec.android.permission.READ_MEMO in package com.wssnps
W/PackageManager( 4316): Unknown permission com.sec.android.permission.WRITE_MEMO in package com.wssnps
W/PackageManager( 4316): Unknown permission com.sec.android.widgetapp.q1_penmemo.permission.READ in package com.wssnps
W/PackageManager( 4316): Unknown permission com.sec.android.widgetapp.q1_penmemo.permission.WRITE in package com.wssnps
W/PackageManager( 4316): Unknown permission android.permission.READ_MMS in package com.wssnps
W/PackageManager( 4316): Unknown permission android.permission.WRITE_MMS in package com.wssnps
W/PackageManager( 4316): Unknown permission android.permission.READ_TASKS in package com.wssnps
W/PackageManager( 4316): Unknown permission android.permission.WRITE_TASKS in package com.wssnps
W/PackageManager( 4316): Unknown permission com.sec.android.app.fm.BROADCAST_DETECT in package com.wssnps
W/PackageManager( 4316): Unknown permission com.sec.mms.action.MMS_BNR in package com.wssnps
W/PackageManager( 4316): Unknown permission com.sec.android.app.minidiary.service.BROADCAST_DETECT in package com.wssnps
W/PackageManager( 4316): Unknown permission com.infraware.provider.SNoteProvider.permission.READ in package com.wssnps
W/PackageManager( 4316): Unknown permission com.infraware.provider.SNoteProvider.permission.WRITE in package com.wssnps
W/PackageManager( 4316): Unknown permission com.sec.permission.VZW_KIES_LOCATION_PERMISSION in package com.wssnps
W/PackageManager( 4316): Unknown permission android.permission.ACCESS_DRM in package com.sec.android.app.music
W/PackageManager( 4316): Unknown permission com.sec.pcw.provider.PCloudContentProvider.READ_CONTENT in package com.sec.android.app.music
W/PackageManager( 4316): Unknown permission com.sec.knox.containeragent.USE_CONTAINERAGENT in package com.sec.android.app.music
W/PackageManager( 4316): Unknown permission com.samsung.musicplus.service.permission.ACCESSS_MUSIC_SERVICE in package com.sec.android.app.music
W/PackageManager( 4316): Unknown permission com.sec.android.app.musiccontroller.broastcasting.permission in package com.sec.android.app.music
W/PackageManager( 4316): Unknown permission com.sec.android.app.twdvfs.DVFS_BOOSTER_PERMISSION in package com.sec.android.inputmethod
W/PackageManager( 4316): Unknown permission com.sec.android.gallery3d.permission.GALLERY_PROVIDER in package com.samsung.android.app.memo
W/PackageManager( 4316): Not granting permission android.permission.INTERACT_ACROSS_USERS to package com.samsung.android.app.memo (protectionLevel=50 flags=0x183e45)
W/PackageManager( 4316): Unknown permission android.permission.WRITE_SYNC_STATS in package com.google.android.apps.docs
W/PackageManager( 4316): Not granting permission android.permission.INTERACT_ACROSS_USERS_FULL to package com.sec.android.app.sns3 (protectionLevel=2 flags=0x4048be45)
W/PackageManager( 4316): Unknown permission com.twitter.android.permission.AUTH_APP in package com.sec.android.app.sns3
W/PackageManager( 4316): Unknown permission com.sec.permission.READ_CHINA_HOLIDAY in package com.sec.android.widgetapp.SPlannerAppWidget
W/PackageManager( 4316): Unknown permission android.permission.sec.BARCODE_READ in package com.mobeam.barcodeService
W/AASAInstall( 4316):  shared   :com.android.providers.media uid:10047
W/AASAInstall( 4316):  sharedList :com.android.providers.media
W/PackageManager( 4316): Unknown permission com.sec.android.app.shealth.HELP in package com.samsung.helphub
W/PackageManager( 4316): Unknown permission com.sec.android.emeeting.activities.HelpTryitActivity in package com.samsung.helphub
W/PackageManager( 4316): Unknown permission com.samsung.android.snote.permission.HELP in package com.samsung.helphub
W/PackageManager( 4316): Unknown permission com.samsung.android.chartbuilder.permission.HELP in package com.samsung.helphub
W/PackageManager( 4316): Unknown permission com.sec.android.systemui.PICKUP_TUTORIAL_PERMISSION in package com.samsung.helphub
W/PackageManager( 4316): Unknown permission com.sec.android.service.health.permission.SENSOR in package com.sec.android.app.shealth
W/PackageManager( 4316): Unknown permission com.samsung.accessory.permission.ACCESSORY_FRAMEWORK in package com.sec.android.app.shealth
W/PackageManager( 4316): Unknown permission com.samsung.android.sdk.samsunglink.permission.DB_READ_WRITE in package com.sec.android.app.shealth
W/PackageManager( 4316): Unknown permission com.samsung.android.sdk.samsunglink.permission.FILE_TRANSFER in package com.sec.android.app.shealth
W/PackageManager( 4316): Unknown permission com.samsung.android.sdk.samsunglink.permission.WAKE_LOCK in package com.sec.android.app.shealth
W/PackageManager( 4316): Unknown permission com.sec.spp.permission.TOKEN_c6bbae539f5994fc130a6ce9ba9b5fc4f54564bd01e0b1ccb8ffcdf3bef305faae4eec16a8316c02433cb3095486314842a58858641f71a1a5e0a8cb90344f0336d54728d000ba3967db09e0103bd8418b8bc885533d3aac74432897939464afedd9866e154eb0b718cad3da47370960d91d90dc826095e20de810fa71bef02e in package com.sec.android.app.shealth
W/PackageManager( 4316): Unknown permission com.felicanetworks.mfc.permission.MFC_ACCESS in package com.sec.android.app.shealth
W/AASAInstall( 4316):  shared   :com.samsung.android.intelligenceservice uid:10003
W/AASAInstall( 4316):  sharedList :com.samsung.android.intelligenceservice
W/PackageManager( 4316): Unknown permission com.android.launcher.permission.PRELOAD_WORKSPACE in package com.google.android.partnersetup
I/art     ( 4316): Explicit concurrent mark sweep GC freed 56430(3MB) AllocSpace objects, 14(345KB) LOS objects, 33% free, 25MB/37MB, paused 541us total 48.152ms
I/SystemServer( 4316): !@Boot: End PackageManagerService
I/SystemServer( 4316): User Service
I/lowmemorykiller( 3588): ActivityManager connected
I/SystemServiceManager( 4316): Starting com.android.server.lights.LightsService
E/LightsService( 4316): !@ USE_STATIC_LIGHTS_HAL
E/LightsService( 4316): !@ lights hal name : Samsung lights Module
D/lights  ( 4316): !@ initialize_fds : g_lights_file_paths[0][0] : /sys/class/leds/lcd-backlight/brightness 
D/lights  ( 4316): !@ initialize_fds : g_lights_fds Open error! : [2]
D/lights  ( 4316): !@ initialize_fds : g_lights_file_paths[0][1] : /sys/class/backlight/panel/brightness 
D/lights  ( 4316): !@ initialize_fds : FOUND! : 0x5f
D/lights  ( 4316): !@ initialize_fds : g_lights_file_paths[1][0] : /sys/class/sec/sec_touchkey/brightness 
D/lights  ( 4316): !@ initialize_fds : FOUND! : 0x62
D/lights  ( 4316): !@ initialize_fds : g_lights_file_paths[2][0] : /sys/class/sec/sec_keypad/brightness 
D/lights  ( 4316): !@ initialize_fds : g_lights_fds Open error! : [2]
D/lights  ( 4316): !@ initialize_fds : g_lights_file_paths[2][1] : /sys/class/leds/keyboard-backlight/brightness 
D/lights  ( 4316): !@ initialize_fds : g_lights_fds Open error! : [2]
D/lights  ( 4316): !@ initialize_fds : g_lights_file_paths[2][2] : (null) 
D/lights  ( 4316): !@ initialize_fds : g_lights_file_paths[3][0] : /sys/class/sec/led/led_pattern 
D/lights  ( 4316): !@ initialize_fds : FOUND! : 0x63
D/lights  ( 4316): !@ initialize_fds : g_lights_file_paths[4][0] : /sys/class/sec/led/led_blink 
D/lights  ( 4316): !@ initialize_fds : FOUND! : 0x64
D/LightsService( 4316): [SvcLED] SUPPORT_LED_INDICATOR : true  mUseSoftwareAutoBrightness : true  mUseLEDAutoBrightness : true  mDelayForcedSvcLEDTask : 700  mUsePatternLED true
E/ServiceManager( 3589): add_service('hardware',22) uid=1000 - ALREADY REGISTERED, OVERRIDE
I/ServiceManager( 3589): service 'hardware' died
I/SystemServiceManager( 4316): Starting com.android.server.BatteryService
D/BatteryService( 4316): Battery capacity = 280000
D/BatteryService( 4316): !@BatteryListener : batteryPropertiesChanged!
D/BatteryService( 4316): level:96, scale:100, status:2, health:2, present:true, voltage: 4290, temperature: 317, technology: Li-ion, AC powered:false, USB powered:true, Wireless powered:false, icon:17303743, invalid charger:0
D/BatteryService( 4316): online:4, current avg:450, charge type:1, power sharing:false, high voltage charger:false, capacity:280000
I/SystemServiceManager( 4316): Starting com.android.server.usage.UsageStatsService
I/SystemServiceManager( 4316): Starting com.android.server.webkit.WebViewUpdateService
I/SystemServer( 4316): Reading configuration...
I/SystemServer( 4316): Scheduling Policy
I/SystemServer( 4316): Telephony Registry
I/SystemServer( 4316): Entropy Mixer
I/EntropyMixer( 4316): Added HW RNG output to entropy pool
I/EntropyMixer( 4316): Writing entropy...
I/SystemServer( 4316): SEAMS
E/SQLiteLog( 4316): (283) recovered 5 frames from WAL file /data/system/enterprise.db-wal
I/SystemServer( 4316): Persona Service
I/SystemServer( 4316): Account Manager
I/SystemServer( 4316): Content Manager
I/SystemServer( 4316): Reactive Service
I/CSTORAGE( 4316): ================================================
I/CSTORAGE( 4316):  CSTORAGE_SKM_LIB v1.0.6
I/CSTORAGE( 4316): ================================================
I/SystemServer( 4316): System Content Providers
D/AT_Distributor( 3644): InitSocketMessageHandler(): ReactiveService, id(10), fd(19)
I/ReactiveServiceAt( 4316): Connected to daemon.
I/ReactiveServiceData( 4316): Connected to daemon.
D/ResourcesManager( 4316): creating new AssetManager and set to /system/priv-app/SecSettingsProvider/SecSettingsProvider.apk
W/ActivityManager( 4316): Can't addPackageDependency on system process
E/SQLiteLog( 4316): (283) recovered 305 frames from WAL file /data/data/com.android.providers.settings/databases/settings.db-wal
D/ResourcesManager( 4316): creating new AssetManager and set to /system/app/SecurityProviderSEC/SecurityProviderSEC.apk
W/ActivityManager( 4316): Can't addPackageDependency on system process
D/SecurityPoliciesProvider( 4316): Static initialization
W/CoreSettingsObserver( 4316): Cannot find setting "debug_view_attributes"
W/CoreSettingsObserver( 4316): android.provider.Settings$SettingNotFoundException: debug_view_attributes
W/CoreSettingsObserver( 4316): 	at android.provider.Settings$Global.getInt(Settings.java:11347)
W/CoreSettingsObserver( 4316): 	at com.android.server.am.CoreSettingsObserver.populateSettings(CoreSettingsObserver.java:129)
W/CoreSettingsObserver( 4316): 	at com.android.server.am.CoreSettingsObserver.sendCoreSettings(CoreSettingsObserver.java:82)
W/CoreSettingsObserver( 4316): 	at com.android.server.am.CoreSettingsObserver.<init>(CoreSettingsObserver.java:65)
W/CoreSettingsObserver( 4316): 	at com.android.server.am.ActivityManagerService.installSystemProviders(ActivityManagerService.java:12088)
W/CoreSettingsObserver( 4316): 	at com.android.server.SystemServer.startOtherServices(SystemServer.java:702)
W/CoreSettingsObserver( 4316): 	at com.android.server.SystemServer.run(SystemServer.java:411)
W/CoreSettingsObserver( 4316): 	at com.android.server.SystemServer.main(SystemServer.java:310)
W/CoreSettingsObserver( 4316): 	at java.lang.reflect.Method.invoke(Native Method)
W/CoreSettingsObserver( 4316): 	at java.lang.reflect.Method.invoke(Method.java:372)
W/CoreSettingsObserver( 4316): 	at com.android.internal.os.ZygoteInit$MethodAndArgsCaller.run(ZygoteInit.java:1399)
W/CoreSettingsObserver( 4316): 	at com.android.internal.os.ZygoteInit.main(ZygoteInit.java:1194)
D/SecurityLogAgent:SEDenialService( 4316): Started FileObserver
D/SystemServer( 4316): SEDenial service added
I/SystemServer( 4316): Vibrator Service
W/linker  ( 4316): libImmVibeJ.so has text relocations. This is wasting memory and prevents security hardening. Please fix.
I/ImmVibe ( 4316): JOEM_IMMVIBE: Version 3.7.10.5.
I/ImmVibe ( 4316): 
W/linker  ( 3596): libpparam.so has text relocations. This is wasting memory and prevents security hardening. Please fix.
I/SystemServer( 4316): Tw ToolBox Service
I/SystemServer( 4316): TIMA Service
D/TimaService( 4316): TIMA3: in ccmLoadServer
D/TimaService( 4316): TIMA: in getTimaVersion
D/TimaService( 4316): Start tlc_server for CCM done
D/TimaService( 4316): TIMA3: in tuiLoadServer
D/TimaService( 4316): TIMA: in getTimaVersion
D/TimaService( 4316): Start tlc_server for TUI
I/TZ_CCM_SERVER( 4412): CCM server started - checking def cert status
D/TimaService( 4316): Start tlc_server for TUI done
D/TimaService( 4316): TIMA: in initCCMDatabase
I/CSTORAGE( 4415): ================================================
I/CSTORAGE( 4415):  CSTORAGE_SKM_LIB v1.0.14
I/CSTORAGE( 4415): ================================================
D/TimaService( 4316): TIMA: in initCCMDatabase - creating CCM DB file
I/TZ_CCM: CCM_GEN_CERT: ( 4415): def cert exists - exiting ccm_gen_cert;647
D/TimaService( 4316): TIMA: Start TimaService
I/SystemServer( 4316): TIMA Observer
I/TZ_CCM_SERVER( 4412): IClientServer::IClientServer()
I/TZ_CCM_SERVER( 4412): ### CCM server is now ready
D/TimaObserver( 4316): TIMA: TIMA startObserving: DEVPATH=/devices/virtual/tima/tima_uevent
D/TimaKeyStoreProvider( 4316): TimaSignature is unavailable
D/SystemServer( 4316): Added TimaKesytore provider
I/SystemServer( 4316): CEP Proxy KS Service
I/TZ_CCM_SERVER( 4414): IClientServer::IClientServer()
