D/NuPlayerDriver( 3692): reset(0xb4212040)
I/FFMPEG  ( 3692): Input #0, ogg, from 'android-source:0xb0f06060':
I/FFMPEG  ( 3692):   Duration: 00:00:00.08, start: 0.000000, bitrate: 571 kb/s
I/FFMPEG  ( 3692):     Stream #0:0: Audio: vorbis, 48000 Hz, stereo, fltp, 160 kb/s
D/FFmpegExtractor( 3692): FFmpegExtrator, url: android-source:0xb0f06060, format_name: ogg, format_long_name: Ogg
I/FFmpegExtractor( 3692): adjust mime(application/ogg -> audio/vorbis)
D/FFmpegExtractor( 3692): suppoted codec(vorbis) by official Stagefright
D/FFmpegExtractor( 3692): ffmpeg detected media content as 'audio/vorbis' with confidence 0.08
D/NuPlayerDriver( 3692): notifyResetComplete(0xb4212040)
I/LatinIME( 4751): Hardware accelerated drawing: true
D/WVMDrmPlugIn( 3691): WVMDrmPlugin::onInitialize : 8166
D/WVMDrmPlugIn( 3691): WVMDrmPlugin::onSetOnInfoListener : add 8166
D/WVMDrmPlugIn( 3691): WVMDrmPlugin::onTerminate : 8166
I/FFmpegExtractor( 3692): android-source:0xb3c06060
I/FFMPEG  ( 3692): Input #0, ogg, from 'android-source:0xb3c06060':
I/FFMPEG  ( 3692):   Duration: 00:00:00.11, start: 0.000000, bitrate: 440 kb/s
I/FFMPEG  ( 3692):     Stream #0:0: Audio: vorbis, 48000 Hz, mono, fltp, 140 kb/s
D/FFmpegExtractor( 3692): FFmpegExtrator, url: android-source:0xb3c06060, format_name: ogg, format_long_name: Ogg
I/FFmpegExtractor( 3692): adjust mime(application/ogg -> audio/vorbis)
D/FFmpegExtractor( 3692): suppoted codec(vorbis) by official Stagefright
D/FFmpegExtractor( 3692): ffmpeg detected media content as 'audio/vorbis' with confidence 0.08
D/NuPlayerDriver( 3692): start(0xb1214040)
I/GenericSource( 3692): start
W/Utils   ( 3692): bool android::canOffloadStream(const android::sp<android::MetaData>&, bool, const android::sp<android::MetaData>&, bool, audio_stream_type_t) No sample bit depth info in meta data
E/AudioPolicyManager( 3692): isOffloadSupported: stream_type != MUSIC, returning false
W/Utils   ( 3692): bool android::canOffloadStream(const android::sp<android::MetaData>&, bool, const android::sp<android::MetaData>&, bool, audio_stream_type_t) No sample bit depth info in meta data
E/AudioPolicyManager( 3692): isOffloadSupported: stream_type != MUSIC, returning false
D/NuPlayerDriver( 3692): start(0xb6053d00)
I/GenericSource( 3692): start
W/Utils   ( 3692): bool android::canOffloadStream(const android::sp<android::MetaData>&, bool, const android::sp<android::MetaData>&, bool, audio_stream_type_t) No sample bit depth info in meta data
E/AudioPolicyManager( 3692): isOffloadSupported: stream_type != MUSIC, returning false
W/Utils   ( 3692): bool android::canOffloadStream(const android::sp<android::MetaData>&, bool, const android::sp<android::MetaData>&, bool, audio_stream_type_t) No sample bit depth info in meta data
E/AudioPolicyManager( 3692): isOffloadSupported: stream_type != MUSIC, returning false
W/SubtypeLocaleUtils( 4751): KeyboardLayoutSet not found, use QWERTY: locale=en_AU extraValue=TrySuppressingImeSwitcher,AsciiCapable,SupportTouchPositionCorrection,EmojiCapable
D/NuPlayerDriver( 3692): reset(0xb1214040)
I/ActivityManager( 4124): Start proc com.cyanogenmod.lockclock for content provider com.cyanogenmod.lockclock/.weather.WeatherContentProvider: pid=4811 uid=10042 gids={50042, 9997, 3003} abi=armeabi-v7a
D/NuPlayerDriver( 3692): notifyResetComplete(0xb1214040)
D/NuPlayerDriver( 3692): reset(0xb6053d00)
D/NuPlayerDriver( 3692): notifyResetComplete(0xb6053d00)
D/WVMDrmPlugIn( 3691): WVMDrmPlugin::onInitialize : 5242
D/WVMDrmPlugIn( 3691): WVMDrmPlugin::onSetOnInfoListener : add 5242
D/WVMDrmPlugIn( 3691): WVMDrmPlugin::onTerminate : 5242
I/FFmpegExtractor( 3692): android-source:0xb3c06060
I/FFMPEG  ( 3692): Input #0, ogg, from 'android-source:0xb3c06060':
I/FFMPEG  ( 3692):   Duration: 00:00:00.11, start: 0.000000, bitrate: 431 kb/s
I/FFMPEG  ( 3692):     Stream #0:0: Audio: vorbis, 48000 Hz, mono, fltp, 140 kb/s
D/FFmpegExtractor( 3692): FFmpegExtrator, url: android-source:0xb3c06060, format_name: ogg, format_long_name: Ogg
I/FFmpegExtractor( 3692): adjust mime(application/ogg -> audio/vorbis)
D/FFmpegExtractor( 3692): suppoted codec(vorbis) by official Stagefright
W/InputAttributes( 4751): No editor info for this field. Bug?
D/FFmpegExtractor( 3692): ffmpeg detected media content as 'audio/vorbis' with confidence 0.08
I/LatinIME:LogUtils( 4751): Dictionary info: dictionary = UserHistoryDictionary.en_US ; version = 1388758090 ; date = ?
I/LatinIME:LogUtils( 4751): Dictionary info: dictionary = PersonalizationDictionary.en_US ; version = 1388758090 ; date = ?
D/NuPlayerDriver( 3692): start(0xb400d040)
I/GenericSource( 3692): start
W/Utils   ( 3692): bool android::canOffloadStream(const android::sp<android::MetaData>&, bool, const android::sp<android::MetaData>&, bool, audio_stream_type_t) No sample bit depth info in meta data
E/AudioPolicyManager( 3692): isOffloadSupported: stream_type != MUSIC, returning false
I/LatinIME:LogUtils( 4751): Dictionary info: dictionary = userunigram.en_US ; version = 1388758090 ; date = ?
W/Utils   ( 3692): bool android::canOffloadStream(const android::sp<android::MetaData>&, bool, const android::sp<android::MetaData>&, bool, audio_stream_type_t) No sample bit depth info in meta data
E/AudioPolicyManager( 3692): isOffloadSupported: stream_type != MUSIC, returning false
I/LatinIME:LogUtils( 4751): Dictionary info: dictionary = contacts.en_US ; version = 1388758090 ; date = ?
I/LatinIME:LogUtils( 4751): Dictionary info: dictionary = ContextualDictionary.en_US ; version = 1388758090 ; date = ?
D/NuPlayerDriver( 3692): reset(0xb400d040)
D/NuPlayerDriver( 3692): notifyResetComplete(0xb400d040)
I/ActivityManager( 4124): Start proc android.process.acore for content provider com.android.providers.userdictionary/.UserDictionaryProvider: pid=4850 uid=10006 gids={50006, 9997, 3003, 1028, 1015} abi=armeabi-v7a
D/WVMDrmPlugIn( 3691): WVMDrmPlugin::onInitialize : 5442
D/WVMDrmPlugIn( 3691): WVMDrmPlugin::onSetOnInfoListener : add 5442
D/WeatherUpdateService( 4811): Service started, but shouldn't update ... stopping
D/WVMDrmPlugIn( 3691): WVMDrmPlugin::onTerminate : 5442
I/FFmpegExtractor( 3692): android-source:0xb3c06060
I/FFMPEG  ( 3692): Input #0, ogg, from 'android-source:0xb3c06060':
I/FFMPEG  ( 3692):   Duration: 00:00:00.11, start: 0.000000, bitrate: 462 kb/s
I/FFMPEG  ( 3692):     Stream #0:0: Audio: vorbis, 48000 Hz, mono, fltp, 140 kb/s
D/FFmpegExtractor( 3692): FFmpegExtrator, url: android-source:0xb3c06060, format_name: ogg, format_long_name: Ogg
I/FFmpegExtractor( 3692): adjust mime(application/ogg -> audio/vorbis)
D/FFmpegExtractor( 3692): suppoted codec(vorbis) by official Stagefright
D/FFmpegExtractor( 3692): ffmpeg detected media content as 'audio/vorbis' with confidence 0.08
D/BluetoothAdapter( 4544): 939568540: getState() :  mService = null. Returning STATE_OFF
D/BluetoothAdapter( 4544): 939568540: getState() :  mService = null. Returning STATE_OFF
D/BluetoothAdapter( 4544): 939568540: getState() :  mService = null. Returning STATE_OFF
D/BluetoothAdapter( 4544): 939568540: getState() :  mService = null. Returning STATE_OFF
D/NuPlayerDriver( 3692): start(0xb4212040)
I/GenericSource( 3692): start
W/Utils   ( 3692): bool android::canOffloadStream(const android::sp<android::MetaData>&, bool, const android::sp<android::MetaData>&, bool, audio_stream_type_t) No sample bit depth info in meta data
E/AudioPolicyManager( 3692): isOffloadSupported: stream_type != MUSIC, returning false
W/Utils   ( 3692): bool android::canOffloadStream(const android::sp<android::MetaData>&, bool, const android::sp<android::MetaData>&, bool, audio_stream_type_t) No sample bit depth info in meta data
E/AudioPolicyManager( 3692): isOffloadSupported: stream_type != MUSIC, returning false
D/PermissionCache( 3688): checking android.permission.ACCESS_SURFACE_FLINGER for uid=10016 => granted (260 us)
D/OpenGLRenderer( 4544): Render dirty regions requested: true
D/Atlas   ( 4544): Validating map...
D/NuPlayerDriver( 3692): reset(0xb4212040)
D/NuPlayerDriver( 3692): notifyResetComplete(0xb4212040)
D/PhoneStatusBar( 4544): disable: < expand icons alerts system_info back home recent clock search >
D/WVMDrmPlugIn( 3691): WVMDrmPlugin::onInitialize : 5407
D/WVMDrmPlugIn( 3691): WVMDrmPlugin::onSetOnInfoListener : add 5407
D/WVMDrmPlugIn( 3691): WVMDrmPlugin::onTerminate : 5407
I/FFmpegExtractor( 3692): android-source:0xb3c06060
I/FFMPEG  ( 3692): Input #0, ogg, from 'android-source:0xb3c06060':
I/FFMPEG  ( 3692):   Duration: 00:00:00.18, start: 0.000000, bitrate: 431 kb/s
I/FFMPEG  ( 3692):     Stream #0:0: Audio: vorbis, 44100 Hz, mono, fltp, 239 kb/s
I/FFMPEG  ( 3692):     Metadata:
I/FFMPEG  ( 3692):       ARTIST          : Copyright 2013 Android Open Source Project
D/FFmpegExtractor( 3692): FFmpegExtrator, url: android-source:0xb3c06060, format_name: ogg, format_long_name: Ogg
I/FFmpegExtractor( 3692): adjust mime(application/ogg -> audio/vorbis)
D/FFmpegExtractor( 3692): suppoted codec(vorbis) by official Stagefright
D/FFmpegExtractor( 3692): ffmpeg detected media content as 'audio/vorbis' with confidence 0.08
D/BluetoothAdapter( 4544): 939568540: getState() :  mService = null. Returning STATE_OFF
D/BluetoothAdapter( 4544): 939568540: getState() :  mService = null. Returning STATE_OFF
D/PhoneStatusBar( 4544): heads up is enabled
D/NuPlayerDriver( 3692): start(0xb6053d00)
I/GenericSource( 3692): start
W/Utils   ( 3692): bool android::canOffloadStream(const android::sp<android::MetaData>&, bool, const android::sp<android::MetaData>&, bool, audio_stream_type_t) No sample bit depth info in meta data
E/AudioPolicyManager( 3692): isOffloadSupported: stream_type != MUSIC, returning false
W/Utils   ( 3692): bool android::canOffloadStream(const android::sp<android::MetaData>&, bool, const android::sp<android::MetaData>&, bool, audio_stream_type_t) No sample bit depth info in meta data
E/AudioPolicyManager( 3692): isOffloadSupported: stream_type != MUSIC, returning false
D/NuPlayerDriver( 3692): reset(0xb6053d00)
D/NuPlayerDriver( 3692): notifyResetComplete(0xb6053d00)
I/art     ( 4124): Explicit concurrent mark sweep GC freed 33655(2MB) AllocSpace objects, 17(785KB) LOS objects, 33% free, 21MB/32MB, paused 2.363ms total 53.720ms
I/LatinIME:LogUtils( 4751): Dictionary info: dictionary = PersonalizationDictionary.en_US ; version = 1388758090 ; date = ?
D/StatusBar( 4544): user hasn't seen notification about hidden notifications
D/StatusBar( 4544): insecure lockscreen, skipping notification
I/LatinIME:LogUtils( 4751): Dictionary info: dictionary = PersonalizationDictionary.en_US ; version = 1388758090 ; date = ?
W/BackupManagerService( 4124): dataChanged but no participant pkg='com.android.providers.settings' uid=10016
I/Choreographer( 4544): Skipped 59 frames!  The application may be doing too much work on its main thread.
D/ViewRootImpl( 4544): changeCanvasOpacity: opaque=true
I/ContactLocale( 4850): AddressBook Labels [en-US]: [, A, B, C, D, E, F, G, H, I, J, K, L, M, N, O, P, Q, R, S, T, U, V, W, X, Y, Z, , , , , , , , , , , , , , , , , , , , , , , , , , , , , , , , , , , , , , , , , , , , , , , , , , , , , , , , , , , , , , , , , , , , , , , , , , , , , , , , , , , , , , , , , , , , , , , , , , , , , , , , , , , , , , , , , , , , , , , , , , , , , , , , , , , , , , , , , , , , , , , , , , , , , , , , , , , , , , , , , , , , , , , , , , , , , , , , , , , , , , , , , , , , #, ]
W/Settings( 4544): Setting airplane_mode_on has moved from android.provider.Settings.System to android.provider.Settings.Global, returning read-only value.
W/Settings( 4544): Setting airplane_mode_on has moved from android.provider.Settings.System to android.provider.Settings.Global, returning read-only value.
I/        ( 4544): PLATFORM VERSION : JB-MR-2
I/OpenGLRenderer( 4544): Initialized EGL, version 1.4
D/OpenGLRenderer( 4544): Enabling debug mode 0
D/WifiService( 4124): New client listening to asynchronous messages
I/LatinIME:LogUtils( 4751): Dictionary info: dictionary = ? ; version = 22 ; date = 1349321750
E/BinaryDictionaryFileDumper( 4751): Unexpected exception communicating with the dictionary pack
E/BinaryDictionaryFileDumper( 4751): java.lang.NullPointerException: Attempt to read from field 'java.util.Locale com.android.inputmethod.latin.utils.DictionaryInfoUtils$DictionaryInfo.mLocale' on a null object reference
E/BinaryDictionaryFileDumper( 4751): 	at com.android.inputmethod.latin.utils.DictionaryInfoUtils.getCurrentDictionaryFileNameAndVersionInfo(DictionaryInfoUtils.java:378)
E/BinaryDictionaryFileDumper( 4751): 	at com.android.inputmethod.latin.BinaryDictionaryFileDumper.reinitializeClientRecordInDictionaryContentProvider(BinaryDictionaryFileDumper.java:484)
E/BinaryDictionaryFileDumper( 4751): 	at com.android.inputmethod.latin.BinaryDictionaryFileDumper.getWordListWordListInfos(BinaryDictionaryFileDumper.java:160)
E/BinaryDictionaryFileDumper( 4751): 	at com.android.inputmethod.latin.BinaryDictionaryFileDumper.cacheWordListsFromContentProvider(BinaryDictionaryFileDumper.java:418)
E/BinaryDictionaryFileDumper( 4751): 	at com.android.inputmethod.latin.BinaryDictionaryGetter.getDictionaryFiles(BinaryDictionaryGetter.java:268)
E/BinaryDictionaryFileDumper( 4751): 	at com.android.inputmethod.latin.DictionaryFactory.createMainDictionaryFromManager(DictionaryFactory.java:58)
E/BinaryDictionaryFileDumper( 4751): 	at com.android.inputmethod.latin.DictionaryFactory.createMainDictionaryFromManager(DictionaryFactory.java:137)
E/BinaryDictionaryFileDumper( 4751): 	at com.android.inputmethod.latin.DictionaryFacilitator$1.run(DictionaryFacilitator.java:297)
E/BinaryDictionaryFileDumper( 4751): 	at java.util.concurrent.ThreadPoolExecutor.runWorker(ThreadPoolExecutor.java:1112)
E/BinaryDictionaryFileDumper( 4751): 	at java.util.concurrent.ThreadPoolExecutor$Worker.run(ThreadPoolExecutor.java:587)
E/BinaryDictionaryFileDumper( 4751): 	at java.lang.Thread.run(Thread.java:818)
I/LatinIME:LogUtils( 4751): Dictionary info: dictionary = ? ; version = 26 ; date = 1351062238
I/ActivityManager( 4124): Start proc com.android.exchange for content provider com.android.exchange/.provider.ExchangeDirectoryProvider: pid=4918 uid=10034 gids={50034, 9997, 3003, 1028, 1015} abi=armeabi-v7a
I/ActivityManager( 4124): Start proc com.android.email for content provider com.android.email/.provider.EmailProvider: pid=4940 uid=10033 gids={50033, 9997, 3003, 1028, 1015} abi=armeabi-v7a
I/ContactDirectoryManager( 4850): deleted 0 stale rows which don't have any relevant directory
I/ContactDirectoryManager( 4850): Discovered 0 contact directories in 273ms
I/ValidateNoPeople( 4124): mEvictionCount: 0
I/ContactsProvider( 4850): Upgrading aggregation algorithm
D/OpenGLRenderer( 4544): setting property extraRasterBucket to 0.95
D/OpenGLRenderer( 4544):     failed
D/OpenGLRenderer( 4544): setting property extraRasterBucket to 0.0
D/OpenGLRenderer( 4544):     failed
I/ContactAggregator( 4850): Marked all visible contacts for aggregation: 0 raw contacts, 2 ms
I/ContactsProvider( 4850): Aggregation algorithm upgraded for 0 raw contacts in 35ms
D/libgps  ( 4124): SendGpsExtensionMessage: Waiting for IPC connection - timeout
E/libgps  ( 4124): LIBGPS: Cannot communicate (write) with a GPSD
E/libgps  ( 4124): IPC Communication Error, /tmp/13632270_219420/customers/samsung/KGFEVOandroid/../../../proprietary/deliverables/android/gps_interface/../gps_interface/gpsi_client/GpsiClient.cpp:617 SendGpsExtensionMessage
D/libgps  ( 4124): agps_set_server: Waiting for IPC connection...
D/ActivityThread( 4940): Loading provider com.android.email.provider;com.android.email.notifier: com.android.email.provider.EmailProvider
I/ContactsFTS( 4850): Rebuild contact search index in 32ms, 0 contacts
D/ActivityThread( 4940): Loading provider com.android.email.provider;com.android.email.notifier: com.android.email.provider.EmailProvider
W/art     ( 4940): Long monitor contention event with owner method=boolean libcore.io.Posix.access(java.lang.String, int) from Posix.java:4294967294 waiters=3 for 166ms
W/ContextImpl( 4940): Implicit intents with startService are not safe: Intent { act=com.android.mail.action.BACKUP_DATA_CHANGED } android.content.ContextWrapper.startService:521 com.android.mail.MailIntentService.broadcastBackupDataChanged:123 com.android.mail.preferences.VersionedPrefs.notifyBackupPreferenceChanged:278 
W/ActivityManager( 4124): Unable to start service Intent { cmp=com.android.email/.service.AttachmentService } U=0: not found
W/ActivityManager( 4124): Unable to start service Intent { cmp=com.android.email/.service.AttachmentService } U=0: not found
W/ActivityManager( 4124): Unable to start service Intent { act=com.android.mail.action.BACKUP_DATA_CHANGED } U=0: not found
W/ActivityManager( 4124): Unable to start service Intent { cmp=com.android.email/.service.AttachmentService } U=0: not found
W/ContextImpl( 4940): Implicit intents with startService are not safe: Intent { act=com.android.mail.action.BACKUP_DATA_CHANGED } android.content.ContextWrapper.startService:521 com.android.mail.MailIntentService.broadcastBackupDataChanged:123 com.android.mail.preferences.VersionedPrefs.notifyBackupPreferenceChanged:278 
W/ActivityManager( 4124): Unable to start service Intent { act=com.android.mail.action.BACKUP_DATA_CHANGED } U=0: not found
W/ContextImpl( 4940): Implicit intents with startService are not safe: Intent { act=com.android.mail.action.BACKUP_DATA_CHANGED } android.content.ContextWrapper.startService:521 com.android.mail.MailIntentService.broadcastBackupDataChanged:123 com.android.mail.preferences.VersionedPrefs.notifyBackupPreferenceChanged:278 
W/ActivityManager( 4124): Unable to start service Intent { act=com.android.mail.action.BACKUP_DATA_CHANGED } U=0: not found
W/ContextImpl( 4940): Implicit intents with startService are not safe: Intent { act=com.android.mail.action.BACKUP_DATA_CHANGED } android.content.ContextWrapper.startService:521 com.android.mail.MailIntentService.broadcastBackupDataChanged:123 com.android.mail.preferences.VersionedPrefs.notifyBackupPreferenceChanged:278 
W/ActivityManager( 4124): Unable to start service Intent { act=com.android.mail.action.BACKUP_DATA_CHANGED } U=0: not found
I/Email   ( 4940): Observing account changes for notifications
W/ContextImpl( 4940): Implicit intents with startService are not safe: Intent { act=com.android.mail.action.BACKUP_DATA_CHANGED } android.content.ContextWrapper.startService:521 com.android.mail.MailIntentService.broadcastBackupDataChanged:123 com.android.mail.preferences.VersionedPrefs.notifyBackupPreferenceChanged:278 
W/ActivityManager( 4124): Unable to start service Intent { act=com.android.mail.action.BACKUP_DATA_CHANGED } U=0: not found
W/ContextImpl( 4940): Implicit intents with startService are not safe: Intent { act=com.android.mail.action.BACKUP_DATA_CHANGED } android.content.ContextWrapper.startService:521 com.android.mail.MailIntentService.broadcastBackupDataChanged:123 com.android.mail.preferences.VersionedPrefs.notifyBackupPreferenceChanged:278 
W/ActivityManager( 4124): Unable to start service Intent { act=com.android.mail.action.BACKUP_DATA_CHANGED } U=0: not found
W/ContextImpl( 4940): Implicit intents with startService are not safe: Intent { act=com.android.mail.action.BACKUP_DATA_CHANGED } android.content.ContextWrapper.startService:521 com.android.mail.MailIntentService.broadcastBackupDataChanged:123 com.android.mail.preferences.VersionedPrefs.notifyBackupPreferenceChanged:278 
W/ActivityManager( 4124): Unable to start service Intent { act=com.android.mail.action.BACKUP_DATA_CHANGED } U=0: not found
W/art     ( 4940): Long monitor contention event with owner method=boolean android.os.BinderProxy.transactNative(int, android.os.Parcel, android.os.Parcel, int) from Binder.java:4294967294 waiters=1 for 251ms
I/Exchange( 4918): PSS has no active accounts; stopping service.
I/Choreographer( 4544): Skipped 48 frames!  The application may be doing too much work on its main thread.
D/libgps  ( 4124): agps_set_server: Waiting for IPC connection - timeout
E/libgps  ( 4124): LIBGPS: Cannot communicate (write) with a GPSD
E/libgps  ( 4124): IPC Communication Error, /tmp/13632270_219420/customers/samsung/KGFEVOandroid/../../../proprietary/deliverables/android/gps_interface/../gps_interface/gpsi_client/GpsiClient.cpp:1556 agps_set_server
E/GpsLocationProvider( 4124): no GPS configuration interface in configuraiton_update
D/GpsLocationProvider( 4124): final config = #Fri Jan 03 14:08:12 GMT+00:00 2014
D/GpsLocationProvider( 4124): SUPL_HOST=supl.google.com
D/GpsLocationProvider( 4124): XTRA_SERVER_3=http\://xtrapath3.izatcloud.net/xtra2.bin
D/GpsLocationProvider( 4124): XTRA_SERVER_1=http\://xtrapath1.izatcloud.net/xtra2.bin
D/GpsLocationProvider( 4124): SUPL_PORT=7276
D/GpsLocationProvider( 4124): XTRA_VERSION_CHECK=0
D/GpsLocationProvider( 4124): DEBUG_LEVEL=2
D/GpsLocationProvider( 4124): XTRA_SERVER_2=http\://xtrapath2.izatcloud.net/xtra2.bin
D/GpsLocationProvider( 4124): SUPL_ES=1
D/GpsLocationProvider( 4124): NMEA_PROVIDER=1
D/GpsLocationProvider( 4124): CAPABILITIES=0x37
D/GpsLocationProvider( 4124): SUPL_VER=0x10000
D/GpsLocationProvider( 4124): ERR_ESTIMATE=0
D/GpsLocationProvider( 4124): A_GLONASS_POS_PROTOCOL_SELECT=0 \#Sensor R&D \: This will not be injected to MODEM
D/GpsLocationProvider( 4124): INTERMEDIATE_POS=0
D/GpsLocationProvider( 4124): SGLTE_TARGET=0
D/GpsLocationProvider( 4124): LPP_PROFILE=0 \# Sensor R&D \: This will not be injected to MODEM
D/GpsLocationProvider( 4124): NTP_SERVER=ru.pool.ntp.org
D/GpsLocationProvider( 4124): SUPL_MODE=1
W/ServiceWatcher( 4124): com.google.android.gms not found
W/ServiceWatcher( 4124): com.google.android.gms not found
W/LocationManagerService( 4124): no network location provider found
W/ServiceWatcher( 4124): com.google.android.gms not found
W/ServiceWatcher( 4124): com.google.android.gms not found
E/LocationManagerService( 4124): no geocoder provider found
E/FlpHardwareProvider( 4124): Error hw_get_module 'flp': -2
E/LocationManagerService( 4124): FLP HAL not supported
W/ServiceWatcher( 4124): com.google.android.gms not found
E/LocationManagerService( 4124): Unable to bind FLP Geofence proxy.
E/ActivityRecognitionHardware( 4124): Error hw_get_module: -2
E/LocationManagerService( 4124): Hardware Activity-Recognition not supported.
W/ResourcesManager( 4124): Asset path '/system/framework/com.android.location.provider.jar' does not exist or contains no resources.
D/gpsd    ( 3699): WakeLock(Acquire,GPSD)
D/gpsd    ( 3699): WakeLock(Release,GPSD)
D/libgps  ( 4124): SendGpsExtensionMessage: Waiting for IPC connection...
D/libgps  ( 4124): Restore last known AGPS server state
D/libgps  ( 4124): GeofenceControllerStateWaitForConnection: EXIT
D/libgps  ( 4124): GeofenceControllerStateConnected: ENTRY
D/gpsd    ( 3699): WakeLock(Acquire,GPSD)
D/gpsd    ( 3699): WakeLock(Release,GPSD)
D/gpsd    ( 3699): WakeLock(Acquire,GPSD)
D/GpsLocationProvider( 4124): set_capabilities_callback: 38u
I/CommonTimeManagementService( 4124): No common time service detected on this platform.  Common time services will be unavailable.
D/gpsd    ( 3699): WakeLock(Release,GPSD)
D/gpsd    ( 3699): WakeLock(Acquire,GPSD)
D/gpsd    ( 3699): WakeLock(Release,GPSD)
D/gpsd    ( 3699): WakeLock(Acquire,GPSD)
D/gpsd    ( 3699): WakeLock(Release,GPSD)
I/InputReader( 4124): Reconfiguring input devices.  changes=0x00000040
D/gpsd    ( 3699): WakeLock(Acquire,GPSD)
V/WiredAccessoryManager( 4124): init()
D/gpsd    ( 3699): WakeLock(Release,GPSD)
I/InputReader( 4124): Reconfiguring input devices.  changes=0x00000020
I/MmsServiceBroker( 4124): Connecting to MmsService
W/ContextImpl( 4124): Calling a method in the system process without a qualified user: android.app.ContextImpl.bindService:1790 com.android.server.MmsServiceBroker.tryConnecting:134 com.android.server.MmsServiceBroker.systemRunning:121 com.android.server.SystemServer$2.run:1345 com.android.server.am.ActivityManagerService.systemReady:11460 
I/ActivityManager( 4124): Start proc com.android.phone for service com.android.mms.service/.MmsService: pid=4988 uid=1001 gids={41001, 9997, 3002, 3001, 3003, 1028, 1015} abi=armeabi-v7a
D/com.android.server.ThemeService( 4124): Previous api level not found. First time booting?
D/com.android.server.ThemeService( 4124): Prev api level was: -1, api is now: 21
D/com.android.server.ThemeService( 4124): The system has been upgraded to a theme new api, checking if currently set theme is compatible
D/gpsd    ( 3699): WakeLock(Acquire,GPSD)
D/gpsd    ( 3699): WakeLock(Release,GPSD)
D/gpsd    ( 3699): WakeLock(Acquire,GPSD)
D/gpsd    ( 3699): WakeLock(Release,GPSD)
I/FusedLocation( 4124): engine started (com.android.location.fused)
I/ActivityManager( 4124): Start proc org.cyanogenmod.themes.provider for content provider org.cyanogenmod.themes.provider/.ThemesProvider: pid=5010 uid=10017 gids={50017, 9997, 3003} abi=armeabi-v7a
D/ThemesProvider( 5010): Deleted 0
D/com.android.server.ThemeService( 4124): Current overlay theme is same as default. Not doing anything for mods_status_bar
D/com.android.server.ThemeService( 4124): Current overlay theme is same as default. Not doing anything for mods_navigation_bar
D/com.android.server.ThemeService( 4124): Current overlay theme is same as default. Not doing anything for mods_overlays
D/com.android.server.ThemeService( 4124): Current theme is compatible with the system. Not unapplying anything
E/PackageManager( 4124): Unable to find icon pack: system
W/VoiceInteractionManagerService( 4124): no available voice interaction services found for user 0
W/VoiceInteractionManagerService( 4124): no available voice recognition services found for user 0
I/ActivityManager( 4124): Start proc com.android.incallui for added application com.android.incallui: pid=5035 uid=10008 gids={50008, 9997, 3003, 1028, 1015} abi=armeabi-v7a
I/ActivityManager( 4124): Start proc org.cyanogenmod.audiofx for added application org.cyanogenmod.audiofx: pid=5055 uid=10000 gids={50000, 9997, 3003, 3002} abi=armeabi-v7a
I/ActivityManager( 4124): Start proc com.android.server.telecom for added application com.android.server.telecom: pid=5077 uid=1001 gids={41001, 9997, 3002, 3001, 3003, 1028, 1015} abi=armeabi-v7a
I/ActivityManager( 4124): START u0 {act=android.intent.action.MAIN cat=[android.intent.category.HOME] flg=0x10000000 cmp=com.android.settings/.CryptKeeper} from uid 0 on display 0
I/ActivityManager( 4124): Start proc com.android.settings for activity com.android.settings/.CryptKeeper: pid=5101 uid=1000 gids={41000, 9997, 3003, 1028, 1015, 3002, 3001} abi=armeabi-v7a
W/art     ( 4124): Long monitor contention event with owner method=void com.android.server.am.ActivityManagerService.systemReady(java.lang.Runnable) from ActivityManagerService.java:11468 waiters=0 for 192ms
I/ActivityManager( 4124): Start proc com.android.printspooler for service com.android.printspooler/.model.PrintSpoolerService: pid=5131 uid=10050 gids={50050, 9997} abi=armeabi-v7a
W/art     ( 4124): Long monitor contention event with owner method=void com.android.server.am.ActivityManagerService.systemReady(java.lang.Runnable) from ActivityManagerService.java:11468 waiters=1 for 205ms
W/art     ( 4124): Long monitor contention event with owner method=void com.android.server.am.ActivityManagerService.systemReady(java.lang.Runnable) from ActivityManagerService.java:11468 waiters=2 for 135ms
I/art     ( 3704): Explicit concurrent mark sweep GC freed 709(30KB) AllocSpace objects, 0(0B) LOS objects, 40% free, 15MB/25MB, paused 319us total 11.849ms
D/MmsService( 4988): onCreate
I/art     ( 3704): Explicit concurrent mark sweep GC freed 5(160B) AllocSpace objects, 0(0B) LOS objects, 39% free, 15MB/25MB, paused 210us total 12.151ms
I/art     ( 3704): Explicit concurrent mark sweep GC freed 5(160B) AllocSpace objects, 0(0B) LOS objects, 40% free, 15MB/25MB, paused 229us total 10.804ms
D/GpsNetInitiatedHandler( 4124): location enabled :true
I/ActivityManager( 4124): Start proc android.process.media for broadcast com.android.providers.media/.MtpReceiver: pid=5157 uid=10009 gids={50009, 9997, 1028, 1015, 1023, 1024, 2001, 3003, 3007} abi=armeabi-v7a
I/MmsService( 4988): MmsConfigManager.loadInBackground(): mcc/mnc: 0/0
V/StatusBar( 4544): userId 0 is in the house
E/MmsService( 4988): MmsConfigManager.load -- empty getActiveSubInfoList
D/Telecom ( 5077): MissedCallNotifier: updateOnStartup()...
W/AppWidgetServiceImpl( 4124): Failed to read state: java.io.FileNotFoundException: /data/system/users/0/appwidgets.xml: open failed: ENOENT (No such file or directory)
V/AppWidgetServiceImpl( 4124): Upgrading widget database from 0 to 1
D/BluetoothManagerService( 4124): Message: 300
D/BluetoothManagerService( 4124): MESSAGE_USER_SWITCHED
E/AudioPolicyManager( 3692): getDeviceForStrategy() speaker device not found for STRATEGY_SONIFICATION
E/AudioPolicyManager( 3692): getDeviceForStrategy() speaker device not found for STRATEGY_SONIFICATION
E/AudioPolicyManager( 3692): getDeviceForStrategy() speaker device not found for STRATEGY_SONIFICATION
E/AudioPolicyManager( 3692): getDeviceForStrategy() speaker device not found for STRATEGY_SONIFICATION
I/PrintSpoolerService( 5131): No existing print spooler state.
D/BluetoothManagerService( 4124): Message: 20
D/BluetoothManagerService( 4124): Added callback: android.bluetooth.IBluetoothManagerCallback$Stub$Proxy@32800f2f:true
D/BluetoothManagerService( 4124): Message: 30
I/MmsServiceBroker( 4124): MmsService connected
I/ActivityManager( 4124): START u0 {act=android.intent.action.MAIN cat=[android.intent.category.HOME] flg=0x10000000 cmp=com.cyanogenmod.setupwizard/.ui.SetupWizardActivity} from uid 0 on display 0
E/Minikin ( 3704): addFont failed to create font /system/fonts/NotoSansGujarati-Regular.ttf
E/Minikin ( 3704): addFont failed to create font /system/fonts/NotoSansGujarati-Bold.ttf
E/Minikin ( 3704): addFont failed to create font /system/fonts/NotoSansGujaratiUI-Regular.ttf
E/Minikin ( 3704): addFont failed to create font /system/fonts/NotoSansGujaratiUI-Bold.ttf
E/Minikin ( 3704): addFont failed to create font /system/fonts/NotoSansGurmukhi-Regular.ttf
E/Minikin ( 3704): addFont failed to create font /system/fonts/NotoSansGurmukhi-Bold.ttf
E/Minikin ( 3704): addFont failed to create font /system/fonts/NotoSansGurmukhiUI-Regular.ttf
E/Minikin ( 3704): addFont failed to create font /system/fonts/NotoSansGurmukhiUI-Bold.ttf
E/Minikin ( 3704): addFont failed to create font /system/fonts/NotoSansSinhala-Regular.ttf
E/Minikin ( 3704): addFont failed to create font /system/fonts/NotoSansSinhala-Bold.ttf
E/Minikin ( 3704): addFont failed to create font /system/fonts/NotoSansCherokee-Regular.ttf
E/Minikin ( 3704): addFont failed to create font /system/fonts/NotoSansCanadianAboriginal-Regular.ttf
E/Minikin ( 3704): addFont failed to create font /system/fonts/NotoSansYi-Regular.ttf
E/Minikin ( 3704): addFont failed to create font /system/fonts/NotoSansHans-Regular.otf
E/Minikin ( 3704): addFont failed to create font /system/fonts/NotoSansHant-Regular.otf
E/Minikin ( 3704): addFont failed to create font /system/fonts/NotoSansJP-Regular.otf
E/Minikin ( 3704): addFont failed to create font /system/fonts/NotoSansKR-Regular.otf
I/ActivityManager( 4124): Start proc com.cyanogenmod.setupwizard for activity com.cyanogenmod.setupwizard/.ui.SetupWizardActivity: pid=5193 uid=1000 gids={41000, 9997, 3003, 1028, 1015, 3002, 3001} abi=armeabi-v7a
D/Telecom ( 5077): ProximitySensorManager: onCreate: mProximityWakeLock: 
D/Telecom ( 5077): MissedCallNotifier: onQueryComplete()...
D/Telecom ( 5077): BluetoothPhoneService: onCreate
D/BluetoothManagerService( 4124): Message: 30
I/MediaProvider( 5157): Upgrading media database from version 0 to 701, which will destroy all old data
I/ActivityManager( 4124): Config changes=300000 {1.0 ?mcc?mnc en_US ldltr sw360dp w360dp h615dp 480dpi nrml long port finger -keyb/v/h -nav/h s.7 themeResource=themes:{default=overlay:system, iconPack:system, fontPkg:system, com.android.systemui=overlay:system, com.android.systemui.navbar=overlay:system}}
D/ActivityManager( 4124): Storing locale en-US for decryption UI
E/Minikin ( 4124): addFont failed to create font /system/fonts/NotoSansGujarati-Regular.ttf
E/Minikin ( 4124): addFont failed to create font /system/fonts/NotoSansGujarati-Bold.ttf
E/Minikin ( 4124): addFont failed to create font /system/fonts/NotoSansGujaratiUI-Regular.ttf
E/Minikin ( 4124): addFont failed to create font /system/fonts/NotoSansGujaratiUI-Bold.ttf
E/Minikin ( 4124): addFont failed to create font /system/fonts/NotoSansGurmukhi-Regular.ttf
E/Minikin ( 4124): addFont failed to create font /system/fonts/NotoSansGurmukhi-Bold.ttf
E/Minikin ( 4124): addFont failed to create font /system/fonts/NotoSansGurmukhiUI-Regular.ttf
E/Minikin ( 4124): addFont failed to create font /system/fonts/NotoSansGurmukhiUI-Bold.ttf
D/com.android.server.ThemeService( 4124): Force stopping com.android.provision for theme change
I/ActivityManager( 4124): Force stopping com.android.provision appid=10051 user=0: from pid 4124
E/Minikin ( 4124): addFont failed to create font /system/fonts/NotoSansSinhala-Regular.ttf
E/Minikin ( 4124): addFont failed to create font /system/fonts/NotoSansSinhala-Bold.ttf
E/Minikin ( 5077): addFont failed to create font /system/fonts/NotoSansGujarati-Regular.ttf
E/Minikin ( 5077): addFont failed to create font /system/fonts/NotoSansGujarati-Bold.ttf
E/Minikin ( 5077): addFont failed to create font /system/fonts/NotoSansGujaratiUI-Regular.ttf
E/Minikin ( 5077): addFont failed to create font /system/fonts/NotoSansGujaratiUI-Bold.ttf
E/Minikin ( 5077): addFont failed to create font /system/fonts/NotoSansGurmukhi-Regular.ttf
E/Minikin ( 5077): addFont failed to create font /system/fonts/NotoSansGurmukhi-Bold.ttf
E/Minikin ( 5077): addFont failed to create font /system/fonts/NotoSansGurmukhiUI-Regular.ttf
E/Minikin ( 5077): addFont failed to create font /system/fonts/NotoSansGurmukhiUI-Bold.ttf
E/Minikin ( 5077): addFont failed to create font /system/fonts/NotoSansSinhala-Regular.ttf
E/Minikin ( 5077): addFont failed to create font /system/fonts/NotoSansSinhala-Bold.ttf
E/Minikin ( 5077): addFont failed to create font /system/fonts/NotoSansCherokee-Regular.ttf
E/Minikin ( 5077): addFont failed to create font /system/fonts/NotoSansCanadianAboriginal-Regular.ttf
E/Minikin ( 5077): addFont failed to create font /system/fonts/NotoSansYi-Regular.ttf
E/Minikin ( 5077): addFont failed to create font /system/fonts/NotoSansHans-Regular.otf
E/Minikin ( 5077): addFont failed to create font /system/fonts/NotoSansHant-Regular.otf
E/Minikin ( 5077): addFont failed to create font /system/fonts/NotoSansJP-Regular.otf
E/Minikin ( 5077): addFont failed to create font /system/fonts/NotoSansKR-Regular.otf
E/Minikin ( 4124): addFont failed to create font /system/fonts/NotoSansCherokee-Regular.ttf
E/Minikin ( 4124): addFont failed to create font /system/fonts/NotoSansCanadianAboriginal-Regular.ttf
E/Minikin ( 4124): addFont failed to create font /system/fonts/NotoSansYi-Regular.ttf
E/Minikin ( 4124): addFont failed to create font /system/fonts/NotoSansHans-Regular.otf
E/Minikin ( 4124): addFont failed to create font /system/fonts/NotoSansHant-Regular.otf
E/Minikin ( 4124): addFont failed to create font /system/fonts/NotoSansJP-Regular.otf
E/Minikin ( 4124): addFont failed to create font /system/fonts/NotoSansKR-Regular.otf
D/MediaProvider( 5157): Adjusting external storage paths to: /storage/emulated/0
E/Minikin ( 4940): addFont failed to create font /system/fonts/NotoSansGujarati-Regular.ttf
E/Minikin ( 4940): addFont failed to create font /system/fonts/NotoSansGujarati-Bold.ttf
E/Minikin ( 4940): addFont failed to create font /system/fonts/NotoSansGujaratiUI-Regular.ttf
E/Minikin ( 4940): addFont failed to create font /system/fonts/NotoSansGujaratiUI-Bold.ttf
E/Minikin ( 4940): addFont failed to create font /system/fonts/NotoSansGurmukhi-Regular.ttf
E/Minikin ( 4940): addFont failed to create font /system/fonts/NotoSansGurmukhi-Bold.ttf
E/Minikin ( 4940): addFont failed to create font /system/fonts/NotoSansGurmukhiUI-Regular.ttf
E/Minikin ( 4940): addFont failed to create font /system/fonts/NotoSansGurmukhiUI-Bold.ttf
E/Minikin ( 5131): addFont failed to create font /system/fonts/NotoSansGujarati-Regular.ttf
E/Minikin ( 5131): addFont failed to create font /system/fonts/NotoSansGujarati-Bold.ttf
E/Minikin ( 5131): addFont failed to create font /system/fonts/NotoSansGujaratiUI-Regular.ttf
E/Minikin ( 5131): addFont failed to create font /system/fonts/NotoSansGujaratiUI-Bold.ttf
E/Minikin ( 5131): addFont failed to create font /system/fonts/NotoSansGurmukhi-Regular.ttf
E/Minikin ( 5131): addFont failed to create font /system/fonts/NotoSansGurmukhi-Bold.ttf
E/Minikin ( 5131): addFont failed to create font /system/fonts/NotoSansGurmukhiUI-Regular.ttf
E/Minikin ( 5131): addFont failed to create font /system/fonts/NotoSansGurmukhiUI-Bold.ttf
E/Minikin ( 4940): addFont failed to create font /system/fonts/NotoSansSinhala-Regular.ttf
E/Minikin ( 4940): addFont failed to create font /system/fonts/NotoSansSinhala-Bold.ttf
E/Minikin ( 5131): addFont failed to create font /system/fonts/NotoSansSinhala-Regular.ttf
E/Minikin ( 5131): addFont failed to create font /system/fonts/NotoSansSinhala-Bold.ttf
E/Minikin ( 4940): addFont failed to create font /system/fonts/NotoSansCherokee-Regular.ttf
E/Minikin ( 4940): addFont failed to create font /system/fonts/NotoSansCanadianAboriginal-Regular.ttf
E/Minikin ( 4940): addFont failed to create font /system/fonts/NotoSansYi-Regular.ttf
E/Minikin ( 4940): addFont failed to create font /system/fonts/NotoSansHans-Regular.otf
E/Minikin ( 4940): addFont failed to create font /system/fonts/NotoSansHant-Regular.otf
E/Minikin ( 4940): addFont failed to create font /system/fonts/NotoSansJP-Regular.otf
E/Minikin ( 4940): addFont failed to create font /system/fonts/NotoSansKR-Regular.otf
E/Minikin ( 5131): addFont failed to create font /system/fonts/NotoSansCherokee-Regular.ttf
E/Minikin ( 5131): addFont failed to create font /system/fonts/NotoSansCanadianAboriginal-Regular.ttf
E/Minikin ( 5131): addFont failed to create font /system/fonts/NotoSansYi-Regular.ttf
E/Minikin ( 5131): addFont failed to create font /system/fonts/NotoSansHans-Regular.otf
E/Minikin ( 5131): addFont failed to create font /system/fonts/NotoSansHant-Regular.otf
E/Minikin ( 5131): addFont failed to create font /system/fonts/NotoSansJP-Regular.otf
E/Minikin ( 5131): addFont failed to create font /system/fonts/NotoSansKR-Regular.otf
E/Minikin ( 5035): addFont failed to create font /system/fonts/NotoSansGujarati-Regular.ttf
E/Minikin ( 5035): addFont failed to create font /system/fonts/NotoSansGujarati-Bold.ttf
E/Minikin ( 5035): addFont failed to create font /system/fonts/NotoSansGujaratiUI-Regular.ttf
E/Minikin ( 5035): addFont failed to create font /system/fonts/NotoSansGujaratiUI-Bold.ttf
E/Minikin ( 5035): addFont failed to create font /system/fonts/NotoSansGurmukhi-Regular.ttf
E/Minikin ( 5035): addFont failed to create font /system/fonts/NotoSansGurmukhi-Bold.ttf
E/Minikin ( 5035): addFont failed to create font /system/fonts/NotoSansGurmukhiUI-Regular.ttf
E/Minikin ( 5035): addFont failed to create font /system/fonts/NotoSansGurmukhiUI-Bold.ttf
E/Minikin ( 5035): addFont failed to create font /system/fonts/NotoSansSinhala-Regular.ttf
E/Minikin ( 5035): addFont failed to create font /system/fonts/NotoSansSinhala-Bold.ttf
E/Minikin ( 5035): addFont failed to create font /system/fonts/NotoSansCherokee-Regular.ttf
E/Minikin ( 5035): addFont failed to create font /system/fonts/NotoSansCanadianAboriginal-Regular.ttf
E/Minikin ( 5035): addFont failed to create font /system/fonts/NotoSansYi-Regular.ttf
E/Minikin ( 5035): addFont failed to create font /system/fonts/NotoSansHans-Regular.otf
E/Minikin ( 5035): addFont failed to create font /system/fonts/NotoSansHant-Regular.otf
E/Minikin ( 5035): addFont failed to create font /system/fonts/NotoSansJP-Regular.otf
E/Minikin ( 5035): addFont failed to create font /system/fonts/NotoSansKR-Regular.otf
E/Minikin ( 4918): addFont failed to create font /system/fonts/NotoSansGujarati-Regular.ttf
E/Minikin ( 4918): addFont failed to create font /system/fonts/NotoSansGujarati-Bold.ttf
E/Minikin ( 4918): addFont failed to create font /system/fonts/NotoSansGujaratiUI-Regular.ttf
E/Minikin ( 4918): addFont failed to create font /system/fonts/NotoSansGujaratiUI-Bold.ttf
E/Minikin ( 4918): addFont failed to create font /system/fonts/NotoSansGurmukhi-Regular.ttf
E/Minikin ( 4918): addFont failed to create font /system/fonts/NotoSansGurmukhi-Bold.ttf
E/Minikin ( 4918): addFont failed to create font /system/fonts/NotoSansGurmukhiUI-Regular.ttf
W/GooglePlayServicesUtil( 5193): Google Play services is missing.
E/Minikin ( 5055): addFont failed to create font /system/fonts/NotoSansGujarati-Regular.ttf
E/Minikin ( 5055): addFont failed to create font /system/fonts/NotoSansGujarati-Bold.ttf
E/Minikin ( 5055): addFont failed to create font /system/fonts/NotoSansGujaratiUI-Regular.ttf
E/Minikin ( 5055): addFont failed to create font /system/fonts/NotoSansGujaratiUI-Bold.ttf
E/Minikin ( 5055): addFont failed to create font /system/fonts/NotoSansGurmukhi-Regular.ttf
E/Minikin ( 5055): addFont failed to create font /system/fonts/NotoSansGurmukhi-Bold.ttf
E/Minikin ( 5055): addFont failed to create font /system/fonts/NotoSansGurmukhiUI-Regular.ttf
E/Minikin ( 5055): addFont failed to create font /system/fonts/NotoSansGurmukhiUI-Bold.ttf
E/Minikin ( 4850): addFont failed to create font /system/fonts/NotoSansGujarati-Regular.ttf
E/Minikin ( 4850): addFont failed to create font /system/fonts/NotoSansGujarati-Bold.ttf
E/Minikin ( 4850): addFont failed to create font /system/fonts/NotoSansGujaratiUI-Regular.ttf
E/Minikin ( 4850): addFont failed to create font /system/fonts/NotoSansGujaratiUI-Bold.ttf
E/Minikin ( 4850): addFont failed to create font /system/fonts/NotoSansGurmukhi-Regular.ttf
E/Minikin ( 4850): addFont failed to create font /system/fonts/NotoSansGurmukhi-Bold.ttf
E/Minikin ( 4850): addFont failed to create font /system/fonts/NotoSansGurmukhiUI-Regular.ttf
E/Minikin ( 4850): addFont failed to create font /system/fonts/NotoSansGurmukhiUI-Bold.ttf
E/Minikin ( 4850): addFont failed to create font /system/fonts/NotoSansSinhala-Regular.ttf
E/Minikin ( 4850): addFont failed to create font /system/fonts/NotoSansSinhala-Bold.ttf
E/Minikin ( 4850): addFont failed to create font /system/fonts/NotoSansCherokee-Regular.ttf
E/Minikin ( 4850): addFont failed to create font /system/fonts/NotoSansCanadianAboriginal-Regular.ttf
E/Minikin ( 4850): addFont failed to create font /system/fonts/NotoSansYi-Regular.ttf
E/Minikin ( 4850): addFont failed to create font /system/fonts/NotoSansHans-Regular.otf
E/Minikin ( 4850): addFont failed to create font /system/fonts/NotoSansHant-Regular.otf
E/Minikin ( 4850): addFont failed to create font /system/fonts/NotoSansJP-Regular.otf
E/Minikin ( 4850): addFont failed to create font /system/fonts/NotoSansKR-Regular.otf
E/Minikin ( 4988): addFont failed to create font /system/fonts/NotoSansGujarati-Regular.ttf
E/Minikin ( 4988): addFont failed to create font /system/fonts/NotoSansGujarati-Bold.ttf
E/Minikin ( 4988): addFont failed to create font /system/fonts/NotoSansGujaratiUI-Regular.ttf
E/Minikin ( 4988): addFont failed to create font /system/fonts/NotoSansGujaratiUI-Bold.ttf
E/Minikin ( 4988): addFont failed to create font /system/fonts/NotoSansGurmukhi-Regular.ttf
E/Minikin ( 4988): addFont failed to create font /system/fonts/NotoSansGurmukhi-Bold.ttf
E/Minikin ( 4988): addFont failed to create font /system/fonts/NotoSansGurmukhiUI-Regular.ttf
E/Minikin ( 4988): addFont failed to create font /system/fonts/NotoSansGurmukhiUI-Bold.ttf
E/Minikin ( 5055): addFont failed to create font /system/fonts/NotoSansSinhala-Regular.ttf
E/Minikin ( 5055): addFont failed to create font /system/fonts/NotoSansSinhala-Bold.ttf
W/ContextImpl( 5193): Calling a method in the system process without a qualified user: android.app.ContextImpl.bindService:1790 android.content.ContextWrapper.bindService:544 android.speech.tts.TextToSpeech.connectToEngine:800 android.speech.tts.TextToSpeech.initTts:770 android.speech.tts.TextToSpeech.<init>:723 
E/Minikin ( 4988): addFont failed to create font /system/fonts/NotoSansSinhala-Regular.ttf
E/Minikin ( 4988): addFont failed to create font /system/fonts/NotoSansSinhala-Bold.ttf
E/Minikin ( 4918): addFont failed to create font /system/fonts/NotoSansGurmukhiUI-Bold.ttf
E/Minikin ( 4988): addFont failed to create font /system/fonts/NotoSansCherokee-Regular.ttf
E/Minikin ( 4988): addFont failed to create font /system/fonts/NotoSansCanadianAboriginal-Regular.ttf
E/Minikin ( 4988): addFont failed to create font /system/fonts/NotoSansYi-Regular.ttf
E/Minikin ( 4988): addFont failed to create font /system/fonts/NotoSansHans-Regular.otf
E/Minikin ( 4988): addFont failed to create font /system/fonts/NotoSansHant-Regular.otf
E/Minikin ( 4988): addFont failed to create font /system/fonts/NotoSansJP-Regular.otf
E/Minikin ( 4988): addFont failed to create font /system/fonts/NotoSansKR-Regular.otf
E/Minikin ( 5055): addFont failed to create font /system/fonts/NotoSansCherokee-Regular.ttf
E/Minikin ( 5055): addFont failed to create font /system/fonts/NotoSansCanadianAboriginal-Regular.ttf
E/Minikin ( 5101): addFont failed to create font /system/fonts/NotoSansGujarati-Regular.ttf
E/Minikin ( 5101): addFont failed to create font /system/fonts/NotoSansGujarati-Bold.ttf
E/Minikin ( 5101): addFont failed to create font /system/fonts/NotoSansGujaratiUI-Regular.ttf
E/Minikin ( 5101): addFont failed to create font /system/fonts/NotoSansGujaratiUI-Bold.ttf
E/Minikin ( 5101): addFont failed to create font /system/fonts/NotoSansGurmukhi-Regular.ttf
E/Minikin ( 5101): addFont failed to create font /system/fonts/NotoSansGurmukhi-Bold.ttf
E/Minikin ( 5101): addFont failed to create font /system/fonts/NotoSansGurmukhiUI-Regular.ttf
E/Minikin ( 5101): addFont failed to create font /system/fonts/NotoSansGurmukhiUI-Bold.ttf
E/Minikin ( 5055): addFont failed to create font /system/fonts/NotoSansYi-Regular.ttf
E/Minikin ( 5055): addFont failed to create font /system/fonts/NotoSansHans-Regular.otf
E/Minikin ( 5055): addFont failed to create font /system/fonts/NotoSansHant-Regular.otf
E/Minikin ( 5055): addFont failed to create font /system/fonts/NotoSansJP-Regular.otf
E/Minikin ( 5055): addFont failed to create font /system/fonts/NotoSansKR-Regular.otf
E/Minikin ( 5101): addFont failed to create font /system/fonts/NotoSansSinhala-Regular.ttf
E/Minikin ( 5101): addFont failed to create font /system/fonts/NotoSansSinhala-Bold.ttf
E/Minikin ( 5101): addFont failed to create font /system/fonts/NotoSansCherokee-Regular.ttf
E/Minikin ( 5101): addFont failed to create font /system/fonts/NotoSansCanadianAboriginal-Regular.ttf
E/Minikin ( 5101): addFont failed to create font /system/fonts/NotoSansYi-Regular.ttf
E/Minikin ( 5101): addFont failed to create font /system/fonts/NotoSansHans-Regular.otf
E/Minikin ( 5101): addFont failed to create font /system/fonts/NotoSansHant-Regular.otf
E/Minikin ( 5101): addFont failed to create font /system/fonts/NotoSansJP-Regular.otf
E/Minikin ( 5101): addFont failed to create font /system/fonts/NotoSansKR-Regular.otf
E/Minikin ( 4811): addFont failed to create font /system/fonts/NotoSansGujarati-Regular.ttf
E/Minikin ( 4811): addFont failed to create font /system/fonts/NotoSansGujarati-Bold.ttf
E/Minikin ( 4811): addFont failed to create font /system/fonts/NotoSansGujaratiUI-Regular.ttf
E/Minikin ( 4811): addFont failed to create font /system/fonts/NotoSansGujaratiUI-Bold.ttf
E/Minikin ( 4811): addFont failed to create font /system/fonts/NotoSansGurmukhi-Regular.ttf
E/Minikin ( 4811): addFont failed to create font /system/fonts/NotoSansGurmukhi-Bold.ttf
E/Minikin ( 4811): addFont failed to create font /system/fonts/NotoSansGurmukhiUI-Regular.ttf
E/Minikin ( 4811): addFont failed to create font /system/fonts/NotoSansGurmukhiUI-Bold.ttf
E/Minikin ( 4811): addFont failed to create font /system/fonts/NotoSansSinhala-Regular.ttf
E/Minikin ( 4811): addFont failed to create font /system/fonts/NotoSansSinhala-Bold.ttf
E/Minikin ( 4811): addFont failed to create font /system/fonts/NotoSansCherokee-Regular.ttf
E/Minikin ( 4811): addFont failed to create font /system/fonts/NotoSansCanadianAboriginal-Regular.ttf
E/Minikin ( 4811): addFont failed to create font /system/fonts/NotoSansYi-Regular.ttf
E/Minikin ( 4811): addFont failed to create font /system/fonts/NotoSansHans-Regular.otf
E/Minikin ( 4811): addFont failed to create font /system/fonts/NotoSansHant-Regular.otf
E/Minikin ( 4811): addFont failed to create font /system/fonts/NotoSansJP-Regular.otf
E/Minikin ( 4811): addFont failed to create font /system/fonts/NotoSansKR-Regular.otf
E/Minikin ( 4918): addFont failed to create font /system/fonts/NotoSansSinhala-Regular.ttf
E/Minikin ( 4918): addFont failed to create font /system/fonts/NotoSansSinhala-Bold.ttf
E/Minikin ( 4751): addFont failed to create font /system/fonts/NotoSansGujarati-Regular.ttf
E/Minikin ( 4751): addFont failed to create font /system/fonts/NotoSansGujarati-Bold.ttf
E/Minikin ( 4751): addFont failed to create font /system/fonts/NotoSansGujaratiUI-Regular.ttf
E/Minikin ( 4751): addFont failed to create font /system/fonts/NotoSansGujaratiUI-Bold.ttf
E/Minikin ( 4751): addFont failed to create font /system/fonts/NotoSansGurmukhi-Regular.ttf
E/Minikin ( 4751): addFont failed to create font /system/fonts/NotoSansGurmukhi-Bold.ttf
E/Minikin ( 4751): addFont failed to create font /system/fonts/NotoSansGurmukhiUI-Regular.ttf
E/Minikin ( 4751): addFont failed to create font /system/fonts/NotoSansGurmukhiUI-Bold.ttf
E/Minikin ( 4751): addFont failed to create font /system/fonts/NotoSansSinhala-Regular.ttf
