E/Minikin ( 4850): addFont failed to create font /system/fonts/NotoSansSinhala-Bold.ttf
E/Minikin ( 4850): addFont failed to create font /system/fonts/NotoSansCherokee-Regular.ttf
E/Minikin ( 4850): addFont failed to create font /system/fonts/NotoSansCanadianAboriginal-Regular.ttf
E/Minikin ( 4850): addFont failed to create font /system/fonts/NotoSansYi-Regular.ttf
E/Minikin ( 4850): addFont failed to create font /system/fonts/NotoSansHans-Regular.otf
E/Minikin ( 4850): addFont failed to create font /system/fonts/NotoSansHant-Regular.otf
E/Minikin ( 4850): addFont failed to create font /system/fonts/NotoSansJP-Regular.otf
E/Minikin ( 4850): addFont failed to create font /system/fonts/NotoSansKR-Regular.otf
E/ExtMediaPlayer-JNI( 5193): QCMediaPlayer could not be located....
E/MediaPlayer-JNI( 5193): QCMediaPlayer mediaplayer NOT present
D/MediaPlayer( 5193): Couldn't open file on client side, trying server side
E/MediaPlayerService( 3692): Couldn't open fd for content://settings/system/notification_sound
E/MediaPlayer( 5193): Unable to create media player
D/Ringtone( 5193): Problem opening; delegating to remote player
E/ExtMediaPlayer-JNI( 5193): QCMediaPlayer could not be located....
E/MediaPlayer-JNI( 5193): QCMediaPlayer mediaplayer NOT present
D/MediaPlayer( 5193): Couldn't open file on client side, trying server side
E/Minikin ( 4917): addFont failed to create font /system/fonts/NotoSansGujarati-Regular.ttf
E/Minikin ( 4917): addFont failed to create font /system/fonts/NotoSansGujarati-Bold.ttf
E/Minikin ( 4917): addFont failed to create font /system/fonts/NotoSansGujaratiUI-Regular.ttf
E/Minikin ( 4917): addFont failed to create font /system/fonts/NotoSansGujaratiUI-Bold.ttf
E/Minikin ( 4917): addFont failed to create font /system/fonts/NotoSansGurmukhi-Regular.ttf
E/MediaPlayerService( 3692): Couldn't open fd for content://settings/system/notification_sound
E/Minikin ( 4917): addFont failed to create font /system/fonts/NotoSansGurmukhi-Bold.ttf
E/Minikin ( 4917): addFont failed to create font /system/fonts/NotoSansGurmukhiUI-Regular.ttf
E/MediaPlayer( 5193): Unable to create media player
E/Minikin ( 4917): addFont failed to create font /system/fonts/NotoSansGurmukhiUI-Bold.ttf
D/Ringtone( 5193): Problem opening; delegating to remote player
E/Minikin ( 4917): addFont failed to create font /system/fonts/NotoSansSinhala-Regular.ttf
E/Minikin ( 4917): addFont failed to create font /system/fonts/NotoSansSinhala-Bold.ttf
E/Minikin ( 4917): addFont failed to create font /system/fonts/NotoSansCherokee-Regular.ttf
E/Minikin ( 4917): addFont failed to create font /system/fonts/NotoSansCanadianAboriginal-Regular.ttf
E/Minikin ( 4917): addFont failed to create font /system/fonts/NotoSansYi-Regular.ttf
E/Minikin ( 4917): addFont failed to create font /system/fonts/NotoSansHans-Regular.otf
E/Minikin ( 4917): addFont failed to create font /system/fonts/NotoSansHant-Regular.otf
E/Minikin ( 4917): addFont failed to create font /system/fonts/NotoSansJP-Regular.otf
E/Minikin ( 4917): addFont failed to create font /system/fonts/NotoSansKR-Regular.otf
V/SynthProxy( 5222): About to load libttspico.so, applyFilter=true
I/SVOX Pico Engine( 5222): loaded en-US successfully
E/Minikin ( 5157): addFont failed to create font /system/fonts/NotoSansGujarati-Regular.ttf
E/Minikin ( 5157): addFont failed to create font /system/fonts/NotoSansGujarati-Bold.ttf
E/Minikin ( 5157): addFont failed to create font /system/fonts/NotoSansGujaratiUI-Regular.ttf
E/Minikin ( 5157): addFont failed to create font /system/fonts/NotoSansGujaratiUI-Bold.ttf
E/Minikin ( 5157): addFont failed to create font /system/fonts/NotoSansGurmukhi-Regular.ttf
E/Minikin ( 5157): addFont failed to create font /system/fonts/NotoSansGurmukhi-Bold.ttf
E/Minikin ( 5157): addFont failed to create font /system/fonts/NotoSansGurmukhiUI-Regular.ttf
E/Minikin ( 5157): addFont failed to create font /system/fonts/NotoSansGurmukhiUI-Bold.ttf
E/Minikin ( 5157): addFont failed to create font /system/fonts/NotoSansSinhala-Regular.ttf
E/Minikin ( 5157): addFont failed to create font /system/fonts/NotoSansSinhala-Bold.ttf
E/Minikin ( 5157): addFont failed to create font /system/fonts/NotoSansCherokee-Regular.ttf
E/Minikin ( 5157): addFont failed to create font /system/fonts/NotoSansCanadianAboriginal-Regular.ttf
E/Minikin ( 5157): addFont failed to create font /system/fonts/NotoSansYi-Regular.ttf
E/Minikin ( 5157): addFont failed to create font /system/fonts/NotoSansHans-Regular.otf
E/Minikin ( 5157): addFont failed to create font /system/fonts/NotoSansHant-Regular.otf
E/Minikin ( 5157): addFont failed to create font /system/fonts/NotoSansJP-Regular.otf
E/Minikin ( 5157): addFont failed to create font /system/fonts/NotoSansKR-Regular.otf
D/WifiService( 4122): New client listening to asynchronous messages
D/BluetoothManagerService( 4122): Message: 20
D/BluetoothManagerService( 4122): Added callback: android.bluetooth.IBluetoothManagerCallback$Stub$Proxy@3eab0bf:true
D/BluetoothAdapter( 5101): 221722179: getState() :  mService = null. Returning STATE_OFF
D/BluetoothManagerService( 4122): Message: 30
D/BluetoothManagerService( 4122): Message: 30
D/LocalBluetoothProfileManager( 5101): Adding local MAP profile
D/BluetoothMap( 5101): Create BluetoothMap proxy object
D/BluetoothManagerService( 4122): Message: 30
D/BluetoothManagerService( 4122): Message: 30
D/LocalBluetoothProfileManager( 5101): LocalBluetoothProfileManager construction complete
D/BluetoothAdapter( 5101): 221722179: getState() :  mService = null. Returning STATE_OFF
D/BluetoothAdapter( 5101): 221722179: getState() :  mService = null. Returning STATE_OFF
I/DownloadManager( 5157): Upgrading downloads database from version 0 to version 109, which will destroy all old data
I/ActivityManager( 4122): Start proc com.cyanogenmod.eleven for broadcast com.cyanogenmod.eleven/.MediaButtonIntentReceiver: pid=5250 uid=10032 gids={50032, 9997, 1028, 1015, 3003} abi=armeabi-v7a
D/OpenGLRenderer( 5193): Render dirty regions requested: true
D/Atlas   ( 5193): Validating map...
E/Minikin ( 5193): addFont failed to create font /system/fonts/NotoSansGujarati-Regular.ttf
E/Minikin ( 5193): addFont failed to create font /system/fonts/NotoSansGujarati-Bold.ttf
E/Minikin ( 5193): addFont failed to create font /system/fonts/NotoSansGujaratiUI-Regular.ttf
E/Minikin ( 5193): addFont failed to create font /system/fonts/NotoSansGujaratiUI-Bold.ttf
E/Minikin ( 5193): addFont failed to create font /system/fonts/NotoSansGurmukhi-Regular.ttf
E/Minikin ( 5193): addFont failed to create font /system/fonts/NotoSansGurmukhi-Bold.ttf
E/Minikin ( 5193): addFont failed to create font /system/fonts/NotoSansGurmukhiUI-Regular.ttf
E/Minikin ( 5193): addFont failed to create font /system/fonts/NotoSansGurmukhiUI-Bold.ttf
E/Minikin ( 5193): addFont failed to create font /system/fonts/NotoSansSinhala-Regular.ttf
E/Minikin ( 5193): addFont failed to create font /system/fonts/NotoSansSinhala-Bold.ttf
E/Minikin ( 5193): addFont failed to create font /system/fonts/NotoSansCherokee-Regular.ttf
E/Minikin ( 5193): addFont failed to create font /system/fonts/NotoSansCanadianAboriginal-Regular.ttf
E/Minikin ( 5193): addFont failed to create font /system/fonts/NotoSansYi-Regular.ttf
E/Minikin ( 5193): addFont failed to create font /system/fonts/NotoSansHans-Regular.otf
E/Minikin ( 5193): addFont failed to create font /system/fonts/NotoSansHant-Regular.otf
E/Minikin ( 5193): addFont failed to create font /system/fonts/NotoSansJP-Regular.otf
E/Minikin ( 5193): addFont failed to create font /system/fonts/NotoSansKR-Regular.otf
I/ActivityManager( 4122): Start proc com.cyanogenmod.eleven:main for service com.cyanogenmod.eleven/.MusicPlaybackService: pid=5274 uid=10032 gids={50032, 9997, 1028, 1015, 3003} abi=armeabi-v7a
I/ActivityManager( 4122): Start proc com.cyanogenmod.trebuchet for broadcast com.cyanogenmod.trebuchet/com.android.launcher3.ThemeChangedReceiver: pid=5296 uid=10018 gids={50018, 9997, 1028} abi=armeabi-v7a
I/TextToSpeech( 5193): Connected to ComponentInfo{com.svox.pico/com.svox.pico.PicoService}
I/TextToSpeech( 5193): Set up connection to ComponentInfo{com.svox.pico/com.svox.pico.PicoService}
V/RenderScript_jni( 5274): RS native mode
I/        ( 5193): PLATFORM VERSION : JB-MR-2
I/OpenGLRenderer( 5193): Initialized EGL, version 1.4
I/Choreographer( 5010): Skipped 52 frames!  The application may be doing too much work on its main thread.
E/RenderScript( 5274): Failed loading RS driver: dlopen failed: cannot locate symbol "_ZN7android12renderscript15RsdCpuReference6createEPNS0_7ContextEjjPFPKNS1_9CpuSymbolES3_PKcEPFPNS1_9CpuScriptES3_PKNS0_6ScriptEEPFPN4llvm6ModuleEPN3bcc8RSScriptESK_SK_EPFS8_S8_jE" referenced by "libRSDriverArm.so"...
E/RenderScript( 5274): Failed to load runtime libRSDriverArm.so, loading default
D/OpenGLRenderer( 5193): Enabling debug mode 0
V/RenderScript( 5274): 0xaf202c00 Launching thread(s), CPUs 8
E/Vold    ( 3670): Failed to find mounted volume for /storage/extSdCard/Android/data/com.cyanogenmod.eleven/cache/
W/Vold    ( 3670): Returning OperationFailed - no handler for errno 0
W/ContextImpl( 5274): Failed to ensure directory: /storage/extSdCard/Android/data/com.cyanogenmod.eleven/cache
E/Vold    ( 3670): Failed to find mounted volume for /storage/extSdCard/Android/data/com.cyanogenmod.eleven/cache/
W/Vold    ( 3670): Returning OperationFailed - no handler for errno 0
W/ContextImpl( 5274): Failed to ensure directory: /storage/extSdCard/Android/data/com.cyanogenmod.eleven/cache
E/ExtMediaPlayer-JNI( 5274): QCMediaPlayer could not be located....
E/MediaPlayer-JNI( 5274): QCMediaPlayer mediaplayer NOT present
V/Launcher( 5296): LauncherAppState inited
D/Launcher.Model( 5296): Old launcher provider: content://com.android.launcher2.settings/favorites?notify=true
D/Launcher.Model( 5296): Old launcher provider does not exist.
I/ActivityManager( 4122): Displayed com.cyanogenmod.setupwizard/.ui.SetupWizardActivity: +1s195ms (total +1s529ms)
I/Timeline( 4122): Timeline: Activity_windows_visible id: ActivityRecord{2bb856df u0 com.cyanogenmod.setupwizard/.ui.SetupWizardActivity t2} time:30709
I/Timeline( 5193): Timeline: Activity_idle id: android.os.BinderProxy@3113688b time:30727
I/SystemServiceManager( 4122): Starting phase 1000
E/SEC PowerHAL( 4122): Error opening /sys/devices/system/cpu/cpufreq/interactive/boostpulse: No such file or directory
D/LocaleSetManager( 5274): Locale Changed from: null to null
I/MusicLocale( 5274): AddressBook Labels [en-US]: [, A, B, C, D, E, F, G, H, I, J, K, L, M, N, O, P, Q, R, S, T, U, V, W, X, Y, Z, , , , , , , , , , , , , , , , , , , , , , , , , , , , , , , , , , , , , , , , , , , , , , , , , , , , , , , , , , , , , , , , , , , , , , , , , , , , , , , , , , , , , , , , , , , , , , , , , , , , , , , , , , , , , , , , , , , , , , , , , , , , , , , , , , , , , , , , , , , , , , , , , , , , , , , , , , , , , , , , , , , , , , , , , , , , , , , , , , , , , , , , , , , , #, ]
I/MusicLocale( 5274): AddressBook Labels [en-US]: [, A, B, C, D, E, F, G, H, I, J, K, L, M, N, O, P, Q, R, S, T, U, V, W, X, Y, Z, , , , , , , , , , , , , , , , , , , , , , , , , , , , , , , , , , , , , , , , , , , , , , , , , , , , , , , , , , , , , , , , , , , , , , , , , , , , , , , , , , , , , , , , , , , , , , , , , , , , , , , , , , , , , , , , , , , , , , , , , , , , , , , , , , , , , , , , , , , , , , , , , , , , , , , , , , , , , , , , , , , , , , , , , , , , , , , , , , , , , , , , , , , , #, ]
D/LocaleSetManager( 5274): Locale Changed from: null to en-US
D/lights  ( 4122): set_light_battery 0x140500 0 0
V/KeyguardServiceDelegate( 4122): *** Keyguard started
W/KeyguardServiceDelegate( 4122): onScreenTurnedOn(): no keyguard service!
V/KeyguardServiceDelegate( 4122): *** Keyguard connected (yay!)
I/Sensors ( 4122): Acc old sensor_state 0, new sensor_state : 1 en : 1
W/Settings( 4543): Setting airplane_mode_on has moved from android.provider.Settings.System to android.provider.Settings.Global, returning read-only value.
V/KeyguardServiceDelegate( 4122): **** SHOWN CALLED ****
W/SurfaceFlinger( 3688): Ignoring duplicate VSYNC event from HWC (t=30875204627)
I/BootReceiver( 5101): IOSched restore disabled by user preference.
D/InputMethodAndLanguageSettings( 5101): High touch sensitivity settings restored.
W/WakefulBroadcastReceiver( 5274): No active wake lock id #1
D/InputMethodAndLanguageSettings( 5101): Touch hovering settings restored.
D/BluetoothManagerService( 4122): Retrieving Bluetooth Adapter name and address...
D/BluetoothManagerService( 4122): getNameAndAddress(): mBluetooth = null mBinding = false
D/BluetoothManagerService( 4122): Message: 200
D/BluetoothManagerService( 4122): MESSAGE_GET_NAME_AND_ADDRESS
D/BluetoothManagerService( 4122): Binding to service to get name and address
I/RecoverySystem( 4122): Deleted: /cache/recovery/log
W/Searchables( 4122): No global search activity found
I/BootReceiver( 4122): Copying /proc/last_kmsg to DropBox (SYSTEM_LAST_KMSG)
E/SharedPreferencesImpl( 4122): Couldn't create directory for SharedPreferences file shared_prefs/log_files.xml
I/ActivityManager( 4122): Start proc com.android.bluetooth for service com.android.bluetooth/.btservice.AdapterService: pid=5368 uid=1002 gids={41002, 9997, 3003, 3002, 3001, 1028, 1015, 3005, 1016, 3008} abi=armeabi-v7a
I/BootReceiver( 4122): Copying audit failures to DropBox
E/SharedPreferencesImpl( 4122): Couldn't create directory for SharedPreferences file shared_prefs/log_files.xml
I/BootReceiver( 4122): Copied 0 worth of audits to DropBox
I/BootReceiver( 4122): Checking for fsck errors
I/ActivityManager( 4122): Start proc com.android.keychain for service com.android.keychain/.KeyChainService: pid=5390 uid=1000 gids={41000, 9997, 3003, 1028, 1015, 3002, 3001} abi=armeabi-v7a
W/ResourcesManager( 5368): Asset path '/system/framework/javax.btobex.jar' does not exist or contains no resources.
I/ActivityManager( 4122): Start proc com.android.deskclock for broadcast com.android.deskclock/.AlarmInitReceiver: pid=5412 uid=10030 gids={50030, 9997, 1028, 3003} abi=armeabi-v7a
D/AdapterServiceConfig( 5368): Adding HeadsetService
D/AdapterServiceConfig( 5368): Adding A2dpService
D/AdapterServiceConfig( 5368): Adding HidService
D/AdapterServiceConfig( 5368): Adding HealthService
D/AdapterServiceConfig( 5368): Adding PanService
D/AdapterServiceConfig( 5368): Adding GattService
D/AdapterServiceConfig( 5368): Adding BluetoothMapService
D/AdapterServiceConfig( 5368): Adding HidDevService
D/BluetoothManagerService( 4122): Message: 20
D/BluetoothManagerService( 4122): Added callback: android.bluetooth.IBluetoothManagerCallback$Stub$Proxy@357503:true
D/BluetoothAdapterState( 5368): make
I/bluedroid( 5368): init
I/BluetoothAdapterState( 5368): Entering OffState
E/bt-btif ( 5368): btif_config_get(L188): assert failed: section && *section && key && *key && name && *name && bytes && type
I/bte_conf( 5368): bte_load_conf attempt to load stack conf from /etc/bluetooth/bt_stack.conf
I/bte_conf( 5368): bte_load_ble_conf attempt to load ble stack conf from /etc/bluetooth/ble_stack.conf
E/bt_osi_config( 5368): config_new unable to open file '/etc/bluetooth/ble_stack.conf': No such file or directory
I/bte_conf( 5368): bte_load_ble_conf file >/etc/bluetooth/ble_stack.conf< not found
I/bluedroid( 5368): get_profile_interface socket
I/bluedroid( 5368): get_profile_interface map_client
I/GKI_LINUX( 5368): gki_task_entry task_id=1 [BTIF] starting
D/BluetoothAdapterProperties( 5368): Address is:14:B4:84:6F:66:79
D/BluetoothManagerService( 4122): BluetoothServiceConnection: com.android.bluetooth.btservice.AdapterService
D/BluetoothManagerService( 4122): Message: 40
D/BluetoothManagerService( 4122): MESSAGE_BLUETOOTH_SERVICE_CONNECTED: 1
D/BluetoothManagerService( 4122): Bluetooth Adapter name changed to SM-G900H
D/BluetoothAdapterProperties( 5368): Name is: SM-G900H
I/bluedroid( 5368): config_hci_snoop_log
D/BluetoothManagerService( 4122): Message: 200
D/BluetoothManagerService( 4122): MESSAGE_GET_NAME_AND_ADDRESS
D/BluetoothManagerService( 4122): Message: 201
D/BluetoothManagerService( 4122): MESSAGE_SAVE_NAME_AND_ADDRESS
D/BluetoothAdapterState( 5368): CURRENT_STATE=OFF, MESSAGE = USER_TURN_ON
D/BluetoothAdapterProperties( 5368): Setting state to 11
I/BluetoothAdapterState( 5368): Bluetooth adapter state changed: 10-> 11
D/BluetoothBondStateMachine( 5368): make
D/BluetoothAdapterService( 5368): checkA2dpState: isA2dpSinkEnabled = false
E/BluetoothAdapterService( 5368): checkA2dpState: returning
D/BluetoothAdapterService( 5368): checkHidState: isHidDev = false
E/BluetoothAdapterService( 5368): checkHidState: returning
D/BluetoothAdapterService( 5368): checkHfpState: isHfpClientEnabled = false
E/BluetoothAdapterService( 5368): checkHfpState: returning
I/BluetoothBondStateMachine( 5368): StableState(): Entering Off State
D/BluetoothManagerService( 4122): Stored Bluetooth name: SM-G900H
D/BluetoothHeadset( 4122): Proxy object connected
D/BluetoothHeadset( 5078): Proxy object connected
D/HeadsetService( 5368): Received start request. Starting profile...
D/BluetoothAdapter( 4122): 524486614: getState() :  mService = null. Returning STATE_OFF
I/BluetoothHeadsetServiceJni( 5368): classInitNative: succeeds
D/HeadsetStateMachine( 5368): Version 1.5
D/HeadsetStateMachine( 5368): make
D/BluetoothHeadset( 5078): Proxy object connected
I/BluetoothAdapterService( 5368): skipping com.android.bluetooth.hid.HidDevService (disabled)
I/BluetoothAdapterState( 5368): Entering PendingCommandState State: isTurningOn()=true, isTurningOff()=false
V/AlarmClock( 5412): AlarmInitReceiver android.intent.action.BOOT_COMPLETED
D/HeadsetStateMachine( 5368): max_hf_connections = 1
I/bluedroid( 5368): get_profile_interface handsfree
D/Telecom ( 5078): BluetoothPhoneService: Binding service
D/HeadsetStateMachine( 5368): Enter Disconnected: -2, size: 0
D/BluetoothAdapterService( 5368): getAdapterService() - returning com.android.bluetooth.btservice.AdapterService@1ad796fd
D/BluetoothA2dp( 4122): Proxy object connected
D/A2dpService( 5368): Received start request. Starting profile...
D/BluetoothAdapter( 4122): 524486614: getState() :  mService = null. Returning STATE_OFF
I/bluedroid( 5368): get_profile_interface avrcp
V/AlarmClock( 5412): AlarmInitReceiver - Reset timers and clear stopwatch data
V/AlarmClock( 5412): AlarmInitReceiver - resetting volume button default
V/AudioService( 4122): updateRemoteControllerOnExistingMediaPlayers: size of Player list: 0
E/AudioService( 4122): No RCC entry present to update
E/RemoteController( 5368): Cannot set synchronization mode on an unregistered RemoteController
I/BluetoothA2dpServiceJni( 5368): classInitNative: succeeds
D/A2dpStateMachine( 5368): make
I/bluedroid( 5368): get_profile_interface a2dp
I/GKI_LINUX( 5368): gki_task_entry task_id=2 [A2DP-MEDIA] starting
D/bt-btif ( 5368): btif_av_state_idle_handler event:BTIF_SM_ENTER_EVT flags 0
D/A2dpService( 5368): setA2dpService(): set to: null
D/BluetoothAdapterService( 5368): getAdapterService() - returning com.android.bluetooth.btservice.AdapterService@1ad796fd
D/A2dpStateMachine( 5368): Enter Disconnected: -2
I/BluetoothHidServiceJni( 5368): classInitNative: succeeds
D/BluetoothInputDevice( 5101): Proxy object connected
D/HidService( 5368): Received start request. Starting profile...
I/bluedroid( 5368): get_profile_interface hidhost
D/BluetoothAdapterService( 5368): getAdapterService() - returning com.android.bluetooth.btservice.AdapterService@1ad796fd
D/HidProfile( 5101): Bluetooth service connected
D/BluetoothAdapter( 5101): 221722179: getState() :  mService = null. Returning STATE_OFF
I/BluetoothHealthServiceJni( 5368): classInitNative: succeeds
D/HealthService( 5368): Received start request. Starting profile...
I/bluedroid( 5368): get_profile_interface health
D/BluetoothAdapterService( 5368): getAdapterService() - returning com.android.bluetooth.btservice.AdapterService@1ad796fd
I/BluetoothPanServiceJni( 5368): classInitNative(L105): succeeds
D/PanService( 5368): Received start request. Starting profile...
D/BluetoothPan( 5101): BluetoothPAN Proxy object connected
D/BluetoothPanServiceJni( 5368): initializeNative(L110): pan
I/bluedroid( 5368): get_profile_interface pan
D/PanProfile( 5101): Bluetooth service connected
D/BluetoothAdapterService( 5368): getAdapterService() - returning com.android.bluetooth.btservice.AdapterService@1ad796fd
D/BtGatt.GattService( 5368): classInitNative called
I/BtGatt.JNI( 5368): classInitNative(L863): classInitNative: Success!
D/BtGatt.DebugUtils( 5368): handleDebugAction() action=null
D/BtGatt.GattService( 5368): Received start request. Starting profile...
D/BtGatt.GattService( 5368): start()
I/bluedroid( 5368): get_profile_interface gatt
D/BtGatt.AdvertiseManager( 5368): advertise manager created
I/AlarmClock( 5412): Alarms Table created
I/AlarmClock( 5412): Instance table created
I/AlarmClock( 5412): Cities table created
I/AlarmClock( 5412): Inserting default alarms
D/BluetoothAdapterService( 5368): getAdapterService() - returning com.android.bluetooth.btservice.AdapterService@1ad796fd
D/BluetoothMapService( 5368): inside BluetoothMapObexConnection
D/BluetoothMapService( 5368): supportedMessageTypes 14
D/BluetoothMapService( 5368): masId 0
D/BluetoothMapService( 5368): inside BluetoothMapObexConnection
D/BluetoothMapService( 5368): supportedMessageTypes 1
D/BluetoothMapService( 5368): masId 1
D/BluetoothMapService( 5368): Inside initBinder
D/BluetoothMap( 5101): Proxy object connected
D/BluetoothMapService( 5368): Received start request. Starting profile...
D/BluetoothMapService( 5368): start()
D/MapProfile( 5101): Bluetooth service connected
D/BluetoothMap( 5101): getConnectedDevices()
D/BluetoothMapService( 5368): Registering observer
D/BluetoothAdapter( 5101): 221722179: getState() :  mService = null. Returning STATE_OFF
D/BluetoothMap( 5101): Bluetooth is Not enabled
D/BluetoothAdapterService( 5368): getAdapterService() - returning com.android.bluetooth.btservice.AdapterService@1ad796fd
I/Telecom ( 5078): BluetoothPhoneService: queryPhoneState
D/Telecom ( 5078): BluetoothPhoneService: handleMessage(7) w/ param 0
I/Telecom ( 5078): BluetoothPhoneService: updateHeadsetWithCallState numActive 0, numHeld 0, callState 6, ringing number [da39a3ee5e6b4b0d3255bfef95601890afd80709], ringing type 128
D/BluetoothAdapter( 5078): 914696485: getState() :  mService = null. Returning STATE_OFF
W/BluetoothHeadset( 5078): Proxy not attached to service
D/BluetoothHeadset( 5078): java.lang.Throwable
D/BluetoothHeadset( 5078): 	at android.bluetooth.BluetoothHeadset.phoneStateChanged(BluetoothHeadset.java:826)
D/BluetoothHeadset( 5078): 	at com.android.server.telecom.BluetoothPhoneService.updateHeadsetWithCallState(BluetoothPhoneService.java:789)
D/BluetoothHeadset( 5078): 	at com.android.server.telecom.BluetoothPhoneService.access$800(BluetoothPhoneService.java:51)
D/BluetoothHeadset( 5078): 	at com.android.server.telecom.BluetoothPhoneService$2.handleMessage(BluetoothPhoneService.java:311)
D/BluetoothHeadset( 5078): 	at android.os.Handler.dispatchMessage(Handler.java:102)
D/BluetoothHeadset( 5078): 	at android.os.Looper.loop(Looper.java:135)
D/BluetoothHeadset( 5078): 	at android.app.ActivityThread.main(ActivityThread.java:5254)
D/BluetoothHeadset( 5078): 	at java.lang.reflect.Method.invoke(Native Method)
D/BluetoothHeadset( 5078): 	at java.lang.reflect.Method.invoke(Method.java:372)
D/BluetoothHeadset( 5078): 	at com.android.internal.os.ZygoteInit$MethodAndArgsCaller.run(ZygoteInit.java:898)
D/BluetoothHeadset( 5078): 	at com.android.internal.os.ZygoteInit.main(ZygoteInit.java:693)
D/HeadsetStateMachine( 5368): Disconnected process message: 10, size: 0
V/BluetoothMapService( 5368): Handler(): got msg=1
D/HeadsetPhoneState( 5368): sendDeviceStateChanged. mService=0 mSignal=0 mRoam=0 mBatteryCharge=4
D/BluetoothAdapterState( 5368): CURRENT_STATE=PENDING, MESSAGE = STARTED, isTurningOn=true, isTurningOff=false
D/HeadsetStateMachine( 5368): Disconnected process message: 11, size: 0
I/bluedroid( 5368): enable
V/AlarmClock( 5412): AlarmInitReceiver finished
I/GKI_LINUX( 5368): gki_task_entry task_id=0 [BTU] starting
I/bt_hci_bdroid( 5368): init
I/bt-btu  ( 5368): btu_task pending for preload complete event
I/bt_vendor( 5368): init
I/bt_vnd_conf( 5368): Attempt to load conf from /etc/bluetooth/bt_vendor.conf
I/bt_vnd_conf( 5368): vnd_load_conf file >/etc/bluetooth/bt_vendor.conf< not found
D/bt_userial( 5368): userial_init
D/bt_vendor( 5368): op for 5
D/bt_vendor( 5368): op for 0
D/bt_upio ( 5368): upio_set_bluetooth_power(on: 1)
D/bt_upio ( 5368): is_emulator_context : 0
D/bt_upio ( 5368): is_rfkill_disabled ? [0]
D/bt_upio ( 5368): is_rfkill_disabled ? [0]
I/ActivityManager( 4122): Start proc com.android.dialer for broadcast com.android.dialer/.calllog.CallLogReceiver: pid=5458 uid=10008 gids={50008, 9997, 3003, 1028, 1015} abi=armeabi-v7a
D/bt_vendor( 5368): op for 3
I/bt_userial_vendor( 5368): userial vendor open: opening /dev/ttySAC0
I/bt_userial_vendor( 5368): userial_vendor_open():UART is setup
I/bt_userial_vendor( 5368): device fd = 56 open
D/bt_vendor( 5368): op for 1
E/bt_hwcfg( 5368): Start CFG HW, HCI reset
D/bt_userial( 5368): Entering userial_read_thread()
E/bt_hwcfg( 5368): Read Local Name after HCI reset
D/bt_hwcfg( 5368): Chipset BCM4350C0
D/bt_hwcfg( 5368): Target name = [BCM4350C0]
E/bt_hwcfg( 5368): patchram path ORG . BCM4350C0
E/bt_hwcfg( 5368): patchram path ORG .. BCM4350C0
E/bt_hwcfg( 5368): patchram path ORG bcm4350_V0301.0562.hcd BCM4350C0
E/bt_hwcfg( 5368): patchram path ORG bcm4350_V0301.0563_wisol.hcd BCM4350C0
E/bt_hwcfg( 5368): patchram path ORG companion_2p2_master_setfile.bin BCM4350C0
E/bt_hwcfg( 5368): patchram path ORG companion_2p2_mode_setfile.bin BCM4350C0
E/bt_hwcfg( 5368): patchram path ORG companion_default_coef.bin BCM4350C0
E/bt_hwcfg( 5368): patchram path ORG companion_default_lsc.bin BCM4350C0
E/bt_hwcfg( 5368): patchram path ORG companion_fw_2p2_evt1.bin BCM4350C0
E/bt_hwcfg( 5368): patchram path ORG companion_fw_evt0.bin BCM4350C0
E/bt_hwcfg( 5368): patchram path ORG fimc_is_fw2.bin BCM4350C0
E/bt_hwcfg( 5368): patchram path ORG fimc_is_fw2_2p2.bin BCM4350C0
E/bt_hwcfg( 5368): patchram path ORG libpn547_fw.so BCM4350C0
E/bt_hwcfg( 5368): patchram path ORG mfc_fw.bin BCM4350C0
E/bt_hwcfg( 5368): patchram path ORG setfile_2p2.bin BCM4350C0
E/bt_hwcfg( 5368): patchram path ORG setfile_6b2.bin BCM4350C0
E/bt_hwcfg( 5368): patchram path ORG setfile_8b1.bin BCM4350C0
E/bt_hwcfg( 5368): fw ver (org)0.0
E/bt_hwcfg( 5368): vendor lib preload failed to locate firmware patch file
E/bt_hwcfg( 5368): Remove module rev, try again BCM4350
D/bt_hwcfg( 5368): Target name = [BCM4350]
E/bt_hwcfg( 5368): patchram path ORG . BCM4350
E/bt_hwcfg( 5368): patchram path ORG .. BCM4350
E/bt_hwcfg( 5368): patchram path ORG bcm4350_V0301.0562.hcd BCM4350
E/bt_hwcfg( 5368): patchram path ORG bcm4350_V0301.0563_wisol.hcd BCM4350
I/bt_hwcfg( 5368): patch(org) : bcm4350_V0301.0563_wisol.hcd
I/bt_hwcfg( 5368): Found patchfile: /vendor/firmware/bcm4350_V0301.0563_wisol.hcd
E/bt_hwcfg( 5368): ORG patchram base 0301
E/bt_hwcfg( 5368): ORG patchram minor 0563
E/bt_hwcfg( 5368): fw ver (org)301.563
E/bt_hwcfg( 5368): Final Patchram is /vendor/firmware/bcm4350_V0301.0563_wisol.hcd
I/bt_hwcfg( 5368): Axi patch failure or not include AXI patching
I/bt_hwcfg( 5368): bt vendor lib: set UART baud 3000000
D/ConnectivityService( 4122): Got NetworkFactory Messenger for Telephony
D/TelephonyProvider( 4988): dbh.onCreate:+ db=SQLiteDatabase: /data/data/com.android.providers.telephony/databases/telephony.db
D/TelephonyProvider( 4988): dbh.createSimInfoTable:+
D/TelephonyProvider( 4988): dbh.createSimInfoTable:-
D/TelephonyProvider( 4988): dbh.createCarriersTable:+
D/TelephonyProvider( 4988): dbh.createCarriersTable:-
I/bt_hwcfg( 5368): bt vendor lib: set UART baud 115200
I/bt_hwcfg( 5368): FW Download delta = 576602
D/bt_hwcfg( 5368): Settlement delay -- 100 ms
I/bt_hwcfg( 5368): Setting fw settlement delay to 100 
I/bt_hwcfg( 5368): bt vendor lib: set UART baud 3000000
I/bt_hwcfg( 5368): vendor lib fwcfg completed
I/bt-btu  ( 5368): btu_task received preload complete event
W/bt-l2cap( 5368): L2CAP - L2CA_Register() called for PSM: 0x0001
W/bt-l2cap( 5368): L2CAP - L2CA_Register() called for PSM: 0x001f
W/bt-l2cap( 5368): L2CAP - L2CA_Register() called for PSM: 0x0003
W/bt-l2cap( 5368): L2CAP - L2CA_Register() called for PSM: 0x1487
I/        ( 5368): BTE_InitTraceLevels -- TRC_HCI
I/        ( 5368): BTE_InitTraceLevels -- TRC_L2CAP
I/        ( 5368): BTE_InitTraceLevels -- TRC_RFCOMM
I/        ( 5368): BTE_InitTraceLevels -- TRC_AVDT
I/        ( 5368): BTE_InitTraceLevels -- TRC_AVRC
I/        ( 5368): BTE_InitTraceLevels -- TRC_A2D
I/        ( 5368): BTE_InitTraceLevels -- TRC_BNEP
I/        ( 5368): BTE_InitTraceLevels -- TRC_BTM
I/        ( 5368): BTE_InitTraceLevels -- TRC_HID_HOST
I/        ( 5368): BTE_InitTraceLevels -- TRC_GAP
I/        ( 5368): BTE_InitTraceLevels -- TRC_PAN
I/        ( 5368): BTE_InitTraceLevels -- TRC_SDP
I/        ( 5368): BTE_InitTraceLevels -- TRC_GATT
I/        ( 5368): BTE_InitTraceLevels -- TRC_SMP
I/        ( 5368): BTE_InitTraceLevels -- TRC_HID_DEV
I/        ( 5368): BTE_InitTraceLevels -- TRC_BTAPP
I/        ( 5368): BTE_InitTraceLevels -- TRC_BTIF
I/        ( 5368): BTE_InitTraceLevels -- TRC_LATENCY_AUDIO
I/art     ( 4122): Explicit concurrent mark sweep GC freed 50458(5MB) AllocSpace objects, 51(3MB) LOS objects, 33% free, 22MB/33MB, paused 1.860ms total 53.897ms
W/bt-btm  ( 5368): btm_decode_ext_features_page Secure conn Host support Enabled
W/bt-btm  ( 5368): btm_decode_ext_features_page Secure conn Controller support Enabled
E/bt-btm  ( 5368): BTM_SecRegister:p_cb_info->p_le_callback == 0xa2008051 
E/bt-btm  ( 5368): BTM_SecRegister: btm_cb.api.p_le_callback = 0xa2008051 
D/TelephonyProvider( 4988): dbh.onCreate:- db=SQLiteDatabase: /data/data/com.android.providers.telephony/databases/telephony.db
D/TelephonyProvider( 4988): dbh.onOpen: ok, queried table=siminfo
D/TelephonyProvider( 4988): dbh.onOpen: ok, queried table=carriers
I/ActivityManager( 4122): Start proc com.android.smspush for service com.android.smspush/.WapPushManager: pid=5494 uid=10055 gids={50055, 9997} abi=armeabi-v7a
I/art     ( 3702): Explicit concurrent mark sweep GC freed 706(30KB) AllocSpace objects, 0(0B) LOS objects, 39% free, 15MB/25MB, paused 200us total 10.633ms
I/art     ( 3702): Explicit concurrent mark sweep GC freed 5(160B) AllocSpace objects, 0(0B) LOS objects, 39% free, 15MB/25MB, paused 184us total 10.095ms
D/GpsLocationProvider( 4122): received SIM realted action: android.intent.action.SIM_STATE_CHANGED
D/PhoneStatusBarPolicy( 4543): updateSimState for subId :-1
D/PhoneStatusBarPolicy( 4543): updateSimState for phoneId :0
D/GpsLocationProvider( 4122): SIM MCC/MNC is still not available
D/PhoneStatusBarPolicy( 4543): updateSimState for Slot :-1
I/art     ( 3702): Explicit concurrent mark sweep GC freed 5(160B) AllocSpace objects, 0(0B) LOS objects, 39% free, 15MB/25MB, paused 200us total 11.047ms
D/DcSwitchState( 4988): [DcSwitchState-0] DcSwitchState constructor E
D/DcSwitchState( 4988): [DcSwitchState-0] DcSwitchState constructor X
W/BackupManagerService( 4122): dataChanged but no participant pkg='com.android.providers.settings' uid=1001
I/PackageManager( 4122): Replacing preferred activity com.android.mms/.ui.ComposeMessageActivity for user 0:
I/PackageManager( 4122):   Action: "android.intent.action.SENDTO"
I/PackageManager( 4122):   Category: "android.intent.category.DEFAULT"
I/PackageManager( 4122):   Scheme: "sms"
I/PackageManager( 4122): Replacing preferred activity com.android.mms/.ui.ComposeMessageActivity for user 0:
I/PackageManager( 4122):   Action: "android.intent.action.SENDTO"
I/PackageManager( 4122):   Category: "android.intent.category.DEFAULT"
I/PackageManager( 4122):   Scheme: "smsto"
I/PackageManager( 4122): Replacing preferred activity com.android.mms/.ui.ComposeMessageActivity for user 0:
I/PackageManager( 4122):   Action: "android.intent.action.SENDTO"
I/PackageManager( 4122):   Category: "android.intent.category.DEFAULT"
I/PackageManager( 4122):   Scheme: "mms"
I/PackageManager( 4122): Replacing preferred activity com.android.mms/.ui.ComposeMessageActivity for user 0:
I/PackageManager( 4122):   Action: "android.intent.action.SENDTO"
I/PackageManager( 4122):   Category: "android.intent.category.DEFAULT"
I/PackageManager( 4122):   Scheme: "mmsto"
D/bt-btif ( 5368): AG evt (hdl 0x0001): State 0, Event 0x0500
E/bt-btif ( 5368): Calling BTA_HhEnable
E/bt-btif ( 5368): btif_config_get(L188): assert failed: section && *section && key && *key && name && *name && bytes && type
E/bt-btif ( 5368): L2CAP - L2CA_Register() called for PSM: 0x0019
W/bt-l2cap( 5368): L2CAP - L2CA_Register() called for PSM: 0x0019
E/bt-btif ( 5368): L2CAP - L2CA_Register() called for PSM: 0x0017
W/bt-l2cap( 5368): L2CAP - L2CA_Register() called for PSM: 0x0017
D/bt-btif ( 5368):  AVRC_Open AVRC_Open role: 1, control:3 status:0, handle:0
W/bt-l2cap( 5368): L2CAP - L2CA_Register() called for PSM: 0x0011
W/bt-l2cap( 5368): L2CAP - L2CA_Register() called for PSM: 0x0013
D/BluetoothAdapterProperties( 5368): Address is:14:B4:84:6F:66:79
W/bt-smp  ( 5368): Key(LSB ~ MSB) = f1 cc e1 44 82 1c 45 76 77 4e 1b 45 1d 1d 6c ce 
W/bt-smp  ( 5368): Plain text(LSB ~ MSB) = 03 00 00 00 00 00 00 00 00 00 00 00 00 00 00 00 
W/bt-smp  ( 5368): Encrypted text(LSB ~ MSB) = 4a f5 bf 49 ca 90 a5 73 6e 6e a8 5c a3 65 78 b4 
W/bt-smp  ( 5368): Key(LSB ~ MSB) = f1 cc e1 44 82 1c 45 76 77 4e 1b 45 1d 1d 6c ce 
W/bt-smp  ( 5368): Plain text(LSB ~ MSB) = 01 00 00 00 00 00 00 00 00 00 00 00 00 00 00 00 
W/bt-smp  ( 5368): Encrypted text(LSB ~ MSB) = 99 bf fc 4b 2a dd 89 da 0e 53 24 e4 b9 5a 54 ee 
D/BluetoothAdapterProperties( 5368): Name is: SM-G900H
D/BluetoothManagerService( 4122): Bluetooth Adapter name changed to SM-G900H
D/BluetoothManagerService( 4122): Stored Bluetooth name: SM-G900H
D/BluetoothAdapterProperties( 5368): Scan Mode:20
D/BluetoothAdapterProperties( 5368): Discoverable Timeout:120
D/bt_vendor( 5368): op for 2
D/bt_vendor( 5368): op for 6
W/bt-l2cap( 5368): L2CAP - L2CA_Register() called for PSM: 0x000f
D/bt_vendor( 5368): op for 7
D/bte_conf( 5368): Device ID record 1 : primary
D/bte_conf( 5368):   vendorId            = 001d
D/bte_conf( 5368):   vendorIdSource      = 0001
D/bte_conf( 5368):   product             = 1200
D/bte_conf( 5368):   version             = 1436
D/bte_conf( 5368):   clientExecutableURL = 
D/bte_conf( 5368):   serviceDescription  = 
D/bte_conf( 5368):   documentationURL    = 
D/bte_conf( 5368): bte_load_did_conf no section named DID2.
D/bt_vendor( 5368): op for 7
D/bt_upio ( 5368): BT_WAKE is asserted already
D/bt-btif ( 5368): btif_hf_upstreams_evt: event=BTA_AG_ENABLE_EVT
E/bt-btif ( 5368): btif_hf_upstreams_evt: Invalid index 17233
D/bt-btif ( 5368): btif_hf_upstreams_evt: event=BTA_AG_REGISTER_EVT
D/bt-btif ( 5368): btif_av_state_idle_handler event:BTA_AV_ENABLE_EVT flags 0
D/bt-btif ( 5368): btif_av_state_idle_handler event:BTA_AV_REGISTER_EVT flags 0
D/BluetoothAdapterState( 5368): CURRENT_STATE=PENDING, MESSAGE = ENABLE_READY, isTurningOn=true, isTurningOff=false
E/bt-btif ( 5368): btif_config_get(L188): assert failed: section && *section && key && *key && name && *name && bytes && type
E/bt-btif ( 5368): btif_config_get(L188): assert failed: section && *section && key && *key && name && *name && bytes && type
E/bt-btif ( 5368): btif_config_get(L188): assert failed: section && *section && key && *key && name && *name && bytes && type
D/BluetoothPanServiceJni( 5368): control_state_callback(L61): state:0, local_role:3, ifname:bt-pan
D/bt_vendor( 5368): op for 7
D/bt_upio ( 5368): BT_WAKE is asserted already
D/BluetoothAdapterProperties( 5368): ScanMode =  20
D/BluetoothAdapterProperties( 5368): State =  11
D/BluetoothAdapterProperties( 5368): Setting state to 12
I/BluetoothAdapterState( 5368): Bluetooth adapter state changed: 11-> 12
D/BluetoothAdapterProperties( 5368): Discoverable Timeout:120
I/BluetoothAdapterState( 5368): Entering On State
D/bt_vendor( 5368): op for 7
D/bt_upio ( 5368): BT_WAKE is asserted already
W/bt-smp  ( 5368): Key(LSB ~ MSB) = 99 bf fc 4b 2a dd 89 da 0e 53 24 e4 b9 5a 54 ee 
W/bt-smp  ( 5368): Plain text(LSB ~ MSB) = b9 b0 66 00 00 00 00 00 00 00 00 00 00 00 00 00 
W/bt-smp  ( 5368): Encrypted text(LSB ~ MSB) = b0 26 47 5b 44 4b 39 ec ff d5 3b d6 16 62 70 e5 
W/bt-btm  ( 5368): Stopping oneshot timer
E/bt_h4   ( 5368): vendor lib postload completed
D/bt_vendor( 5368): op for 7
D/bt_upio ( 5368): BT_WAKE is asserted already
D/bt_vendor( 5368): op for 7
D/bt_upio ( 5368): BT_WAKE is asserted already
D/bt_vendor( 5368): op for 7
D/bt_upio ( 5368): BT_WAKE is asserted already
D/bt_vendor( 5368): op for 7
D/bt_upio ( 5368): BT_WAKE is asserted already
D/bt_vendor( 5368): op for 7
D/bt_upio ( 5368): BT_WAKE is asserted already
D/bt_vendor( 5368): op for 7
D/bt_upio ( 5368): BT_WAKE is asserted already
D/bt_vendor( 5368): op for 7
D/bt_upio ( 5368): BT_WAKE is asserted already
D/bt_vendor( 5368): op for 7
D/bt_upio ( 5368): BT_WAKE is asserted already
D/bt_vendor( 5368): op for 7
D/bt_upio ( 5368): BT_WAKE is asserted already
W/bt-smp  ( 5368): Key(LSB ~ MSB) = 99 bf fc 4b 2a dd 89 da 0e 53 24 e4 b9 5a 54 ee 
W/bt-smp  ( 5368): Plain text(LSB ~ MSB) = ae 27 7e 00 00 00 00 00 00 00 00 00 00 00 00 00 
W/bt-smp  ( 5368): Encrypted text(LSB ~ MSB) = 03 2b 94 8f fe 21 04 b6 48 69 1e 4f 0d e9 d3 68 
W/bt-btm  ( 5368): Stopping oneshot timer
D/bt_vendor( 5368): op for 7
D/bt_upio ( 5368): BT_WAKE is asserted already
D/bt_vendor( 5368): op for 7
D/bt_upio ( 5368): BT_WAKE is asserted already
D/bt_vendor( 5368): op for 7
D/bt_upio ( 5368): BT_WAKE is asserted already
D/bt_vendor( 5368): op for 7
D/bt_upio ( 5368): BT_WAKE is asserted already
W/bt-smp  ( 5368): Key(LSB ~ MSB) = 99 bf fc 4b 2a dd 89 da 0e 53 24 e4 b9 5a 54 ee 
W/bt-smp  ( 5368): Plain text(LSB ~ MSB) = 2b 64 59 00 00 00 00 00 00 00 00 00 00 00 00 00 
W/bt-smp  ( 5368): Encrypted text(LSB ~ MSB) = a0 7d ca b0 01 b8 5d 40 a8 d8 8b 99 bb 45 fd 21 
W/bt-btm  ( 5368): Stopping oneshot timer
D/bt_vendor( 5368): op for 7
D/bt_upio ( 5368): BT_WAKE is asserted already
D/bt_vendor( 5368): op for 7
D/bt_upio ( 5368): BT_WAKE is asserted already
D/bt_vendor( 5368): op for 7
D/bt_upio ( 5368): BT_WAKE is asserted already
W/bt-smp  ( 5368): Key(LSB ~ MSB) = 99 bf fc 4b 2a dd 89 da 0e 53 24 e4 b9 5a 54 ee 
W/bt-smp  ( 5368): Plain text(LSB ~ MSB) = b3 6b 6a 00 00 00 00 00 00 00 00 00 00 00 00 00 
W/bt-smp  ( 5368): Encrypted text(LSB ~ MSB) = ba f8 d3 2f e3 d2 2b f3 2b 8a 21 df 3c b3 aa 26 
W/bt-btm  ( 5368): Stopping oneshot timer
D/bt_vendor( 5368): op for 7
D/bt_upio ( 5368): BT_WAKE is asserted already
D/bt_vendor( 5368): op for 7
D/bt_upio ( 5368): BT_WAKE is asserted already
D/bt_vendor( 5368): op for 7
D/bt_upio ( 5368): BT_WAKE is asserted already
D/bt_vendor( 5368): op for 7
D/bt_upio ( 5368): BT_WAKE is asserted already
W/bt-smp  ( 5368): Key(LSB ~ MSB) = 99 bf fc 4b 2a dd 89 da 0e 53 24 e4 b9 5a 54 ee 
W/bt-smp  ( 5368): Plain text(LSB ~ MSB) = 49 4f 78 00 00 00 00 00 00 00 00 00 00 00 00 00 
W/bt-smp  ( 5368): Encrypted text(LSB ~ MSB) = d8 f0 66 75 ee 81 dc 75 42 f5 07 54 3c 6d 4a 41 
W/bt-btm  ( 5368): Stopping oneshot timer
D/bt_vendor( 5368): op for 7
D/bt_upio ( 5368): BT_WAKE is asserted already
D/bt_vendor( 5368): op for 7
D/bt_upio ( 5368): BT_WAKE is asserted already
D/bt_vendor( 5368): op for 7
D/bt_upio ( 5368): BT_WAKE is asserted already
D/bt_vendor( 5368): op for 7
D/bt_upio ( 5368): BT_WAKE is asserted already
D/bt_vendor( 5368): op for 7
D/bt_upio ( 5368): BT_WAKE is asserted already
D/bt_vendor( 5368): op for 7
D/bt_upio ( 5368): BT_WAKE is asserted already
D/bt_vendor( 5368): op for 7
D/bt_upio ( 5368): BT_WAKE is asserted already
D/bt_vendor( 5368): op for 7
D/bt_upio ( 5368): BT_WAKE is asserted already
I/Telephony( 4988): TtyManager: updateUiTtyMode -1 -> 0
D/bt_vendor( 5368): op for 7
D/bt_upio ( 5368): BT_WAKE is asserted already
D/bt_vendor( 5368): op for 7
D/bt_upio ( 5368): BT_WAKE is asserted already
D/bt_vendor( 5368): op for 7
D/bt_upio ( 5368): BT_WAKE is asserted already
D/bt_vendor( 5368): op for 7
D/bt_upio ( 5368): BT_WAKE is asserted already
D/bt_vendor( 5368): op for 7
D/bt_upio ( 5368): BT_WAKE is asserted already
D/ConnectivityService( 4122): Got NetworkFactory Messenger for WIFI
D/WIFI    ( 4122): got request NetworkRequest [ id=1, legacyType=-1, [ Capabilities: INTERNET&NOT_RESTRICTED&TRUSTED&NOT_VPN] ] with score 0
I/ActivityManager( 4122): Start proc com.android.calendar for broadcast com.android.calendar/.UpgradeReceiver: pid=5536 uid=10026 gids={50026, 9997, 1028, 1015, 3003} abi=armeabi-v7a
D/BluetoothManagerService( 4122): Stored Bluetooth name: SM-G900H
D/KeyguardUpdateMonitor( 4543): ACTION_SERVICE_STATE_CHANGED on sub: -1 mServiceState: 3 3 home null null null  Unknown Unknown CSS not supported -1 -1 RoamInd=-1 DefRoamInd=-1 EmergOnly=false
D/BluetoothManagerService( 4122): Stored Bluetoothaddress: 14:B4:84:6F:66:79
D/BluetoothAdapterState( 5368): CURRENT_STATE=ON, MESSAGE = USER_TURN_OFF
D/BluetoothAdapterProperties( 5368): Setting state to 13
I/BluetoothAdapterState( 5368): Bluetooth adapter state changed: 12-> 13
D/BluetoothAdapterProperties( 5368): onBluetoothDisable()
I/BluetoothAdapterState( 5368): Entering PendingCommandState State: isTurningOn()=false, isTurningOff()=true
D/TelephonyNetworkFactory-1( 4988): got request NetworkRequest [ id=1, legacyType=-1, [ Capabilities: INTERNET&NOT_RESTRICTED&TRUSTED&NOT_VPN] ] with score 0
D/TelephonyDebugService( 4988): TelephonyDebugService()
W/Resources( 5536): Converting to string: TypedValue{t=0x10/d=0xfffffffe a=-1}
D/WifiService( 4122): New client listening to asynchronous messages
D/ExtensionsFactory( 5536): No custom extensions.
D/BluetoothHeadset( 4988): Proxy object connected
D/Telephony( 4988): TtyManager: setTTYMode exception: com.android.internal.telephony.CommandException: RADIO_NOT_AVAILABLE
V/OtaStartupReceiver( 4988): onOtaspChanged: mOtaspMode=1
I/HeadsetService( 5056): Starting service.
I/ActivityManager( 4122): Start proc com.cyanogenmod.account for broadcast com.cyanogenmod.account/.receiver.BootReceiver: pid=5565 uid=10002 gids={50002, 9997, 3003} abi=armeabi-v7a
D/Telephony( 4988): TtyManager: setting TTY mode to 0 succeeded
W/EffectsFactory( 3692): loadLibrary() failed to open /vendor/lib/liblvverx_3.20.03.so
W/EffectsFactory( 3692): loadLibrary() failed to open /vendor/lib/liblvvetx_3.20.03.so
D/GpsLocationProvider( 4122): received SIM realted action: android.intent.action.SIM_STATE_CHANGED
W/linker  ( 3692): lib_SoundAlive_play_ver125e.so has text relocations. This is wasting memory and prevents security hardening. Please fix.
W/EffectsFactory( 3692): loadEffect() could not get library pre_processing
W/EffectsFactory( 3692): loadEffect() could not get library pre_processing
W/EffectsFactory( 3692): loadEffect() could not get library pre_processing
W/EffectsFactory( 3692): loadEffect() could not get library output_processing
W/EffectsFactory( 3692): loadEffect() could not get library output_processing
E/AudioFlinger( 3692): createEffect() unknown output thread
D/GpsLocationProvider( 4122): SIM MCC/MNC is still not available
E/AudioEffect( 5056): set(): AudioFlinger could not create effect, status: -22
E/AudioEffects-JNI( 5056): AudioEffect initCheck failed -4
E/AudioEffect-JAVA( 5056): Error code -4 when initializing AudioEffect.
D/KeyguardUpdateMonitor( 4543): ACTION_SERVICE_STATE_CHANGED on sub: -1 mServiceState: 1 1 home null null null  Unknown Unknown CSS not supported -1 -1 RoamInd=-1 DefRoamInd=-1 EmergOnly=false
D/PhoneStatusBarPolicy( 4543): updateSimState for subId :-1
E/HeadsetService( 5056): Effect type: 0bed4300-ddd6-11db-8f34-0002a5d5c51b not supported.
E/HeadsetService( 5056): java.lang.IllegalArgumentException: Effect type: 0bed4300-ddd6-11db-8f34-0002a5d5c51b not supported.
E/HeadsetService( 5056): 	at android.media.audiofx.AudioEffect.<init>(AudioEffect.java:404)
E/HeadsetService( 5056): 	at android.media.audiofx.Equalizer.<init>(Equalizer.java:139)
E/HeadsetService( 5056): 	at org.cyanogenmod.audiofx.HeadsetService$EffectSet.<init>(HeadsetService.java:87)
E/HeadsetService( 5056): 	at org.cyanogenmod.audiofx.HeadsetService.saveDefaults(HeadsetService.java:414)
E/HeadsetService( 5056): 	at org.cyanogenmod.audiofx.HeadsetService.onCreate(HeadsetService.java:331)
E/HeadsetService( 5056): 	at android.app.ActivityThread.handleCreateService(ActivityThread.java:2760)
E/HeadsetService( 5056): 	at android.app.ActivityThread.access$1900(ActivityThread.java:147)
E/HeadsetService( 5056): 	at android.app.ActivityThread$H.handleMessage(ActivityThread.java:1379)
E/HeadsetService( 5056): 	at android.os.Handler.dispatchMessage(Handler.java:102)
E/HeadsetService( 5056): 	at android.os.Looper.loop(Looper.java:135)
E/HeadsetService( 5056): 	at android.app.ActivityThread.main(ActivityThread.java:5254)
E/HeadsetService( 5056): 	at java.lang.reflect.Method.invoke(Native Method)
E/HeadsetService( 5056): 	at java.lang.reflect.Method.invoke(Method.java:372)
E/HeadsetService( 5056): 	at com.android.internal.os.ZygoteInit$MethodAndArgsCaller.run(ZygoteInit.java:898)
E/HeadsetService( 5056): 	at com.android.internal.os.ZygoteInit.main(ZygoteInit.java:693)
D/PhoneStatusBarPolicy( 4543): updateSimState for phoneId :0
D/PhoneStatusBarPolicy( 4543): updateSimState for Slot :-1
I/HeadsetService( 5056): Stopping service.
D/GpsLocationProvider( 4122): received SIM realted action: android.intent.action.ACTION_SUBINFO_RECORD_UPDATED
D/GpsLocationProvider( 4122): SIM MCC/MNC is still not available
I/Telephony( 4988): : SUBINFO_RECORD_UPDATED : 4.
D/Telephony( 4988): TelecomAccountRegistry: Found 1 phones.  Attempting to register.
D/Telephony( 4988): TelecomAccountRegistry: Phone with subscription id -1
E/PhoneInterfaceManager( 4988): [PhoneIntfMgr] getIccId: ICC ID is null or empty.
D/Telephony( 4988): AccountEntry: Registered phoneAccount: android.telecom.PhoneAccount@aa87d6a with handle: ComponentInfo{com.android.phone/com.android.services.telephony.TelephonyConnectionService}, E
I/Telephony( 4988): PstnIncomingCallNotifier: Registering: Handler (com.android.internal.telephony.gsm.GSMPhone) {35e49b2d}
D/Telephony( 4988): PstnPhoneCapabilitiesNotifier: Registering: Handler (com.android.internal.telephony.gsm.GSMPhone) {35e49b2d}
D/CallNotifier( 4988): onReceive... 
D/TelephonyNetworkFactory-1( 4988): update networkCapabilites for subId = -1
D/TelephonyNetworkFactory-1( 4988): INTERNET capability is removed from subId = -1
D/TelephonyNetworkFactory-1( 4988): Ready to handle network requests
I/MmsService( 4988): mReceiver action: android.intent.action.ACTION_SUBINFO_RECORD_UPDATED
D/Telephony( 4988): PstnPhoneCapabilitiesNotifier: handleVideoCapabilitesChanged. Video capability - false
I/MmsService( 4988): MmsConfigManager.loadInBackground(): mcc/mnc: 0/0
D/Telephony( 4988): PstnPhoneCapabilitiesNotifier: handleVideoCapabilitesChanged. Exception=java.lang.NullPointerException: Attempt to invoke virtual method 'int android.telecom.PhoneAccount.getCapabilities()' on a null object reference
E/MmsService( 4988): MmsConfigManager.load -- empty getActiveSubInfoList
I/ActivityManager( 4122): Start proc com.cyanogenmod.updater for broadcast com.cyanogenmod.updater/.receiver.UpdateCheckReceiver: pid=5594 uid=10003 gids={50003, 9997, 3003, 1028, 1015, 2001} abi=armeabi-v7a
E/BluetoothAdapterService(450336509)( 5368): BT is not ON. Exiting autoConnect
I/UpdateCheckReceiver( 5594): Scheduling future, repeating update checks.
I/UpdateCheckService( 5594): Could not check for updates. Not connected to the network.
I/ActivityManager( 4122): Start proc com.android.providers.calendar for broadcast com.android.providers.calendar/.CalendarReceiver: pid=5624 uid=10004 gids={50004, 9997, 3003, 1028, 1015} abi=armeabi-v7a
W/ResourcesManager( 5624): Asset path '/system/framework/android.test.runner.jar' does not exist or contains no resources.
I/CalendarDatabaseHelper( 5624): Bootstrapping database
I/CalendarProvider2( 5624): Created com.android.providers.calendar.CalendarAlarmManager@268dd6a7(com.android.providers.calendar.CalendarProvider2@df57754)
I/ActivityManager( 4122): Start proc com.android.managedprovisioning for broadcast com.android.managedprovisioning/.BootReminder: pid=5650 uid=10011 gids={50011, 9997, 1028, 3003} abi=armeabi-v7a
I/ActivityManager( 4122): Start proc com.android.mms for broadcast com.android.mms/.transaction.MmsSystemEventReceiver: pid=5675 uid=10012 gids={50012, 9997, 3003, 1028, 1015} abi=armeabi-v7a
I/MediaProvider( 5157): Upgrading media database from version 0 to 701, which will destroy all old data
W/Resources( 5675): Converting to string: TypedValue{t=0x10/d=0x0 a=-1}
W/Resources( 5675): Converting to string: TypedValue{t=0x10/d=0xffffffff a=-1}
W/Resources( 5675): Converting to string: TypedValue{t=0x10/d=0xffffffff a=-1}
W/Resources( 5675): Converting to string: TypedValue{t=0x10/d=0xffffffff a=-1}
W/Resources( 5675): Converting to string: TypedValue{t=0x10/d=0x0 a=-1}
W/Resources( 5675): Converting to string: TypedValue{t=0x10/d=0x0 a=-1}
W/Resources( 5675): Converting to string: TypedValue{t=0x10/d=0x0 a=-1}
W/Resources( 5675): Converting to string: TypedValue{t=0x10/d=0x0 a=-1}
D/CountryDetector( 4122): The first listener is added
D/MediaProvider( 5157): Adjusting external storage paths to: /storage/emulated/0
D/WVMDrmPlugIn( 3691): WVMDrmPlugin::onInitialize : 1822
D/WVMDrmPlugIn( 3691): WVMDrmPlugin::onSetOnInfoListener : add 1822
V/Mms     ( 5675): mnc/mcc: 
V/Mms     ( 5675): tag: int value: maxMessageSize - 1045876
V/Mms     ( 5675): tag: int value: maxImageHeight - 2592
V/Mms     ( 5675): tag: int value: maxImageWidth - 2592
V/Mms     ( 5675): tag: bool value: enableMultipartSMS - true
