--------- beginning of main
I/cm      (    0): Welcome to Android 5.0.2 / CyanogenMod-12-20150717-UNOFFICIAL-k3gxx 
W/auditd  ( 3689): type=2000 audit(0.0:1): initialized
W/auditd  ( 3689): type=1325 audit(0.0:2): table=filter family=2 entries=0
W/auditd  ( 3689): type=1325 audit(0.0:3): table=mangle family=2 entries=0
W/auditd  ( 3689): type=1325 audit(0.0:4): table=nat family=2 entries=0
W/auditd  ( 3689): type=1325 audit(0.0:5): table=raw family=2 entries=0
W/auditd  ( 3689): type=1325 audit(0.0:6): table=security family=2 entries=0
W/auditd  ( 3689): type=1325 audit(0.0:7): table=filter family=3 entries=0
W/auditd  ( 3689): type=1325 audit(0.0:8): table=filter family=10 entries=0
W/auditd  ( 3689): type=1325 audit(0.0:9): table=mangle family=10 entries=0
W/auditd  ( 3689): type=1325 audit(0.0:10): table=raw family=10 entries=0
I/McDaemon(    0): Daemon starting up...
I/McDaemon(    0): Socket interface version is 0.2
I/McDaemon(    0): *** t-base-300-Ares-2-Android-V004_P3 ###
I/McDaemon(    0): Build timestamp is Jan 20 2015 11:49:09
W/auditd  ( 3689): type=1305 audit(0.0:11): audit_pid=3670 old=0 auid=4294967295 ses=4294967295
W/auditd  ( 3689):  res=1
W/auditd  ( 3689): type=1305 audit(0.0:12): audit_rate_limit=20 old=0 auid=4294967295 ses=4294967295
W/auditd  ( 3689):  res=1
I/McDaemon( 3675): Checking version of <t-base
I/McDaemon( 3675): Product ID is tbase-300_EXYNOS_5422_V004_P3
I/McDaemon( 3675): (null)
I/McDaemon( 3675): (null)
I/McDaemon( 3675): (null)
I/McDaemon( 3675): (null)
I/lowmemorykiller( 3672): Using in-kernel low memory killer interface
--------- beginning of system
I/Vold    ( 3674): Vold 2.1 (the revenge) firing up
D/Vold    ( 3674): Volume extSdCard state changing -1 (Initializing) -> 0 (No-Media)
D/Vold    ( 3674): Volume UsbDriveA state changing -1 (Initializing) -> 0 (No-Media)
D/Vold    ( 3674): Volume UsbDriveB state changing -1 (Initializing) -> 0 (No-Media)
D/Vold    ( 3674): Volume UsbDriveC state changing -1 (Initializing) -> 0 (No-Media)
D/Vold    ( 3674): Volume UsbDriveD state changing -1 (Initializing) -> 0 (No-Media)
D/Vold    ( 3674): Volume UsbDriveE state changing -1 (Initializing) -> 0 (No-Media)
D/Vold    ( 3674): Volume UsbDriveF state changing -1 (Initializing) -> 0 (No-Media)
I/Cryptfs ( 3674): Check if PFE is activated on Boot
E/Cryptfs ( 3674): Bad magic for real block device /dev/block/platform/12200000.dwmmc0/by-name/USERDATA
E/Cryptfs ( 3674): Error getting crypt footer and key
I/DEBUG   ( 3687): debuggerd: Jul 17 2015 15:16:32
I/installd( 3695): installd firing up
I/macloader( 3700): Settting wifi type to wisol in /data/.cid.info
D/macloader( 3700): Change permissions of /data/.cid.info
E/sdcard  ( 3706): usage: sdcard [OPTIONS] <source_path> <dest_path>
E/sdcard  ( 3706):     -u: specify UID to run as
E/sdcard  ( 3706):     -g: specify GID to run as
E/sdcard  ( 3706):     -w: specify GID required to write (default sdcard_rw, requires -d or -l)
E/sdcard  ( 3706):     -t: specify number of threads to use (default 2)
E/sdcard  ( 3706):     -d: derive file permissions based on path
E/sdcard  ( 3706):     -l: derive file permissions based on legacy internal layout
E/sdcard  ( 3706):     -s: split derived permissions for pics, av
E/sdcard  ( 3706): 
I/Netd    ( 3686): Netd 1.0 starting
E/Netd    ( 3686): Failed to open /proc/sys/net/ipv6/conf/default/accept_ra_rt_table: No such file or directory
E/Netd    ( 3686): Failed to open /proc/sys/net/ipv6/conf/ip6tnl0/accept_ra_rt_table: No such file or directory
E/Netd    ( 3686): Failed to open /proc/sys/net/ipv6/conf/lo/accept_ra_rt_table: No such file or directory
E/Netd    ( 3686): Failed to open /proc/sys/net/ipv6/conf/rmnet0/accept_ra_rt_table: No such file or directory
E/Netd    ( 3686): Failed to open /proc/sys/net/ipv6/conf/rmnet1/accept_ra_rt_table: No such file or directory
E/Netd    ( 3686): Failed to open /proc/sys/net/ipv6/conf/rmnet2/accept_ra_rt_table: No such file or directory
E/Netd    ( 3686): Failed to open /proc/sys/net/ipv6/conf/rmnet3/accept_ra_rt_table: No such file or directory
E/Netd    ( 3686): Failed to open /proc/sys/net/ipv6/conf/sit0/accept_ra_rt_table: No such file or directory
I/PrProvisioning( 3716): successfully - provisioning start !
I/PrProvisioning( 3716): provisioning already done
D/SensorHubService( 3697): nuSensorHubService starting...
I/keystore( 3696): SELinux: Keystore SELinux is disabled.
I/SurfaceFlinger( 3690): SurfaceFlinger is starting
I/SurfaceFlinger( 3690): SurfaceFlinger's main thread ready to run. Initializing graphics H/W...
W/auditd  ( 3689): type=1325 audit(0.0:13): table=filter family=2 entries=4
W/iptables( 3780): type=1300 audit(0.0:13): arch=40000028 syscall=294 per=800000 success=yes exit=0 a0=5 a1=0 a2=40 a3=b6c29100 items=0 ppid=3686 auid=4294967295 uid=0 gid=0 euid=0 suid=0 fsuid=0 egid=0 sgid=0 fsgid=0 ses=4294967295 tty=(none) exe="/system/bin/iptables" key=(null)
W/auditd  ( 3689): type=1320 audit(0.0:13): 
W/auditd  ( 3689): type=1325 audit(0.0:14): table=filter family=10 entries=4
W/ip6tables( 3781): type=1300 audit(0.0:14): arch=40000028 syscall=294 per=800000 success=yes exit=0 a0=5 a1=29 a2=40 a3=b6c2b400 items=0 ppid=3686 auid=4294967295 uid=0 gid=0 euid=0 suid=0 fsuid=0 egid=0 sgid=0 fsgid=0 ses=4294967295 tty=(none) exe="/system/bin/ip6tables" key=(null)
W/auditd  ( 3689): type=1320 audit(0.0:14): 
W/auditd  ( 3689): type=1325 audit(0.0:15): table=filter family=2 entries=6
W/iptables( 3782): type=1300 audit(0.0:15): arch=40000028 syscall=294 per=800000 success=yes exit=0 a0=5 a1=0 a2=40 a3=b6c23100 items=0 ppid=3686 auid=4294967295 uid=0 gid=0 euid=0 suid=0 fsuid=0 egid=0 sgid=0 fsgid=0 ses=4294967295 tty=(none) exe="/system/bin/iptables" key=(null)
W/auditd  ( 3689): type=1320 audit(0.0:15): 
W/auditd  ( 3689): type=1325 audit(0.0:16): table=filter family=10 entries=6
W/ip6tables( 3784): type=1300 audit(0.0:16): arch=40000028 syscall=294 per=800000 success=yes exit=0 a0=5 a1=29 a2=40 a3=b6c36600 items=0 ppid=3686 auid=4294967295 uid=0 gid=0 euid=0 suid=0 fsuid=0 egid=0 sgid=0 fsgid=0 ses=4294967295 tty=(none) exe="/system/bin/ip6tables" key=(null)
W/auditd  ( 3689): type=1320 audit(0.0:16): 
D/gpsd    ( 3699): WakeLock(Release,GPSD)
D/gpsd    ( 3699): WakeLock(Release,SUPL)
I/gpsd_d  ( 3699): GNSS: 219420
D/wrapperGPS( 3699): wrapperOpenClient_RILD
E/wrapperGPS( 3699): wrapperOpenClient_RILD: RegisterUnsolicitedHandler() UNSOL_GPS_NOTI (20009)
D/wrapperGPS( 3699): wrapperRegisterRequestCompleteHandler
D/wrapperGPS( 3699): wrapperRegisterUnsolicitedHandler id(12009), handler(0xb6bb36e9)
D/wrapperGPS( 3699): wrapperRegisterErrorCallback
D/wrapperGPS( 3699): wrapperConnect_RILD
W/auditd  ( 3689): type=1325 audit(0.0:17): table=filter family=2 entries=7
W/iptables( 3797): type=1300 audit(0.0:17): arch=40000028 syscall=294 per=800000 success=yes exit=0 a0=5 a1=0 a2=40 a3=b6c30400 items=0 ppid=3686 auid=4294967295 uid=0 gid=0 euid=0 suid=0 fsuid=0 egid=0 sgid=0 fsgid=0 ses=4294967295 tty=(none) exe="/system/bin/iptables" key=(null)
W/auditd  ( 3689): type=1320 audit(0.0:17): 
W/auditd  ( 3689): type=1325 audit(0.0:18): table=filter family=10 entries=7
W/ip6tables( 3798): type=1300 audit(0.0:18): arch=40000028 syscall=294 per=800000 success=yes exit=0 a0=5 a1=29 a2=40 a3=b6c32800 items=0 ppid=3686 auid=4294967295 uid=0 gid=0 euid=0 suid=0 fsuid=0 egid=0 sgid=0 fsgid=0 ses=4294967295 tty=(none) exe="/system/bin/ip6tables" key=(null)
W/auditd  ( 3689): type=1320 audit(0.0:18): 
W/auditd  ( 3689): type=1325 audit(0.0:19): table=filter family=2 entries=9
W/iptables( 3799): type=1300 audit(0.0:19): arch=40000028 syscall=294 per=800000 success=yes exit=0 a0=5 a1=0 a2=40 a3=b6c33600 items=0 ppid=3686 auid=4294967295 uid=0 gid=0 euid=0 suid=0 fsuid=0 egid=0 sgid=0 fsgid=0 ses=4294967295 tty=(none) exe="/system/bin/iptables" key=(null)
W/auditd  ( 3689): type=1320 audit(0.0:19): 
W/auditd  ( 3689): type=1325 audit(0.0:20): table=filter family=10 entries=9
W/ip6tables( 3800): type=1300 audit(0.0:20): arch=40000028 syscall=294 per=800000 success=yes exit=0 a0=5 a1=29 a2=40 a3=b6c47800 items=0 ppid=3686 auid=4294967295 uid=0 gid=0 euid=0 suid=0 fsuid=0 egid=0 sgid=0 fsgid=0 ses=4294967295 tty=(none) exe="/system/bin/ip6tables" key=(null)
W/auditd  ( 3689): type=1320 audit(0.0:20): 
D/libEGL  ( 3690): loaded /vendor/lib/egl/libGLES_mali.so
I/        ( 3690): PLATFORM VERSION : JB-MR-2
I/gralloc ( 3690): using (id=)
I/gralloc ( 3690): xres         = 1080 px
I/gralloc ( 3690): yres         = 1920 px
I/gralloc ( 3690): width        = 65 mm (422.030762 dpi)
I/gralloc ( 3690): height       = 115 mm (424.069580 dpi)
I/gralloc ( 3690): refresh rate = 60.00 Hz
W/auditd  ( 3689): type=1325 audit(0.0:21): table=filter family=2 entries=10
W/iptables( 3820): type=1300 audit(0.0:21): arch=40000028 syscall=294 per=800000 success=yes exit=0 a0=5 a1=0 a2=40 a3=b6c31800 items=0 ppid=3686 auid=4294967295 uid=0 gid=0 euid=0 suid=0 fsuid=0 egid=0 sgid=0 fsgid=0 ses=4294967295 tty=(none) exe="/system/bin/iptables" key=(null)
W/auditd  ( 3689): type=1320 audit(0.0:21): 
W/auditd  ( 3689): type=1325 audit(0.0:22): table=filter family=10 entries=10
W/ip6tables( 3821): type=1300 audit(0.0:22): arch=40000028 syscall=294 per=800000 success=yes exit=0 a0=5 a1=29 a2=40 a3=b6c42c00 items=0 ppid=3686 auid=4294967295 uid=0 gid=0 euid=0 suid=0 fsuid=0 egid=0 sgid=0 fsgid=0 ses=4294967295 tty=(none) exe="/system/bin/ip6tables" key=(null)
W/auditd  ( 3689): type=1320 audit(0.0:22): 
W/auditd  ( 3689): type=1325 audit(0.0:23): table=filter family=2 entries=12
W/iptables( 3823): type=1300 audit(0.0:23): arch=40000028 syscall=294 per=800000 success=yes exit=0 a0=5 a1=0 a2=40 a3=b6c44800 items=0 ppid=3686 auid=4294967295 uid=0 gid=0 euid=0 suid=0 fsuid=0 egid=0 sgid=0 fsgid=0 ses=4294967295 tty=(none) exe="/system/bin/iptables" key=(null)
W/auditd  ( 3689): type=1320 audit(0.0:23): 
W/auditd  ( 3689): type=1325 audit(0.0:24): table=filter family=10 entries=12
W/ip6tables( 3832): type=1300 audit(0.0:24): arch=40000028 syscall=294 per=800000 success=yes exit=0 a0=5 a1=29 a2=40 a3=b6c1d800 items=0 ppid=3686 auid=4294967295 uid=0 gid=0 euid=0 suid=0 fsuid=0 egid=0 sgid=0 fsgid=0 ses=4294967295 tty=(none) exe="/system/bin/ip6tables" key=(null)
W/auditd  ( 3689): type=1320 audit(0.0:24): 
D/WVMDrmPlugIn( 3692): WVMDrmPlugin::onGetSupportInfo : 0
I/mediaserver( 3693): ServiceManager: 0xb60500c0
I/AudioFlinger( 3693): Using default 3000 mSec as standby time.
I/ServiceManager( 3693): Waiting for service batterystats...
D/AndroidRuntime( 3704): 
D/AndroidRuntime( 3704): >>>>>> AndroidRuntime START com.android.internal.os.ZygoteInit <<<<<<
W/auditd  ( 3689): type=1325 audit(0.0:25): table=filter family=2 entries=13
W/iptables( 3843): type=1300 audit(0.0:25): arch=40000028 syscall=294 per=800000 success=yes exit=0 a0=5 a1=0 a2=40 a3=b6c1c200 items=0 ppid=3686 auid=4294967295 uid=0 gid=0 euid=0 suid=0 fsuid=0 egid=0 sgid=0 fsgid=0 ses=4294967295 tty=(none) exe="/system/bin/iptables" key=(null)
W/auditd  ( 3689): type=1320 audit(0.0:25): 
D/AndroidRuntime( 3704): CheckJNI is OFF
D/hwcomposer( 3690): using
D/hwcomposer( 3690): xres         = 1080 px
D/hwcomposer( 3690): yres         = 1920 px
D/hwcomposer( 3690): width        = 65 mm (422.030000 dpi)
D/hwcomposer( 3690): height       = 115 mm (424.069000 dpi)
D/hwcomposer( 3690): refresh rate = 60 Hz
D/libexynosv4l2-subdev( 3690): try node: /dev/v4l-subdev0
D/libexynosv4l2-subdev( 3690): try node: /dev/v4l-subdev1
D/libexynosv4l2-subdev( 3690): try node: /dev/v4l-subdev2
I/libexynosv4l2-subdev( 3690): node found for device s5p-mixer0: /dev/v4l-subdev2
I/libexynosv4l2-subdev( 3690): open subdev device /dev/v4l-subdev2
I/hwcomposer( 3690): PSR info devname = /sys/devices/14400000.fimd_fb/psr_info
I/hwcomposer( 3690): PSR mode is 2(0: video mode, 1: DP PSR mode, 2: MIPI-DSI command mode)
I/SurfaceFlinger( 3690): Using composer version 1.3
I/SurfaceFlinger( 3690): EGL information:
I/SurfaceFlinger( 3690): vendor    : Android
I/SurfaceFlinger( 3690): version   : 1.4 Android META-EGL
I/SurfaceFlinger( 3690): extensions: EGL_KHR_get_all_proc_addresses EGL_ANDROID_presentation_time EGL_KHR_image EGL_KHR_image_base EGL_KHR_gl_texture_2D_image EGL_KHR_gl_texture_cubemap_image EGL_KHR_gl_renderbuffer_image EGL_KHR_fence_sync EGL_KHR_create_context EGL_ANDROID_image_native_buffer EGL_KHR_wait_sync EGL_ANDROID_recordable 
I/SurfaceFlinger( 3690): Client API: OpenGL_ES
I/SurfaceFlinger( 3690): EGLSurface: 8-8-8-8, config=0xb69cf2ac
I/art     ( 3704): option[0]=-Xzygote
I/art     ( 3704): option[1]=-Xstacktracefile:/data/anr/traces.txt
I/art     ( 3704): option[2]=exit
I/art     ( 3704): option[3]=vfprintf
I/art     ( 3704): option[4]=sensitiveThread
I/art     ( 3704): option[5]=-verbose:gc
I/art     ( 3704): option[6]=-Xms16m
I/art     ( 3704): option[7]=-Xmx512m
I/art     ( 3704): option[8]=-XX:mainThreadStackSize=24K
I/art     ( 3704): option[9]=-XX:HeapGrowthLimit=192m
I/art     ( 3704): option[10]=-XX:HeapMinFree=2m
I/art     ( 3704): option[11]=-XX:HeapMaxFree=8m
I/art     ( 3704): option[12]=-XX:HeapTargetUtilization=0.75
I/art     ( 3704): option[13]=-agentlib:jdwp=transport=dt_android_adb,suspend=n,server=y
I/art     ( 3704): option[14]=-Xlockprofthreshold:500
I/art     ( 3704): option[15]=-Ximage-compiler-option
I/art     ( 3704): option[16]=--runtime-arg
I/art     ( 3704): option[17]=-Ximage-compiler-option
I/art     ( 3704): option[18]=-Xms64m
I/art     ( 3704): option[19]=-Ximage-compiler-option
I/art     ( 3704): option[20]=--runtime-arg
I/art     ( 3704): option[21]=-Ximage-compiler-option
I/art     ( 3704): option[22]=-Xmx64m
I/art     ( 3704): option[23]=-Ximage-compiler-option
I/art     ( 3704): option[24]=--image-classes-zip=/system/framework/framework.jar
I/art     ( 3704): option[25]=-Ximage-compiler-option
I/art     ( 3704): option[26]=--image-classes=preloaded-classes
I/art     ( 3704): option[27]=-Xcompiler-option
I/art     ( 3704): option[28]=--runtime-arg
I/art     ( 3704): option[29]=-Xcompiler-option
I/art     ( 3704): option[30]=-Xms64m
I/art     ( 3704): option[31]=-Xcompiler-option
I/art     ( 3704): option[32]=--runtime-arg
I/art     ( 3704): option[33]=-Xcompiler-option
I/art     ( 3704): option[34]=-Xmx512m
I/art     ( 3704): option[35]=-Duser.language=es
I/art     ( 3704): option[36]=-Duser.region=ES
I/SurfaceFlinger( 3690): OpenGL ES informations:
I/SurfaceFlinger( 3690): vendor    : ARM
I/SurfaceFlinger( 3690): renderer  : Mali-T628
I/SurfaceFlinger( 3690): version   : OpenGL ES 3.0
I/SurfaceFlinger( 3690): extensions: GL_EXT_debug_marker GL_ARM_rgba8 GL_ARM_mali_shader_binary GL_OES_depth24 GL_OES_depth_texture GL_OES_depth_texture_cube_map GL_OES_packed_depth_stencil GL_OES_rgb8_rgba8 GL_EXT_read_format_bgra GL_OES_compressed_paletted_texture GL_OES_compressed_ETC1_RGB8_texture GL_OES_standard_derivatives GL_OES_EGL_image GL_OES_EGL_image_external GL_OES_EGL_sync GL_OES_texture_npot GL_OES_vertex_half_float GL_OES_required_internalformat GL_OES_vertex_array_object GL_OES_mapbuffer GL_EXT_texture_format_BGRA8888 GL_EXT_texture_rg GL_EXT_texture_type_2_10_10_10_REV GL_OES_fbo_render_mipmap GL_OES_element_index_uint GL_EXT_shadow_samplers GL_OES_texture_compression_astc GL_KHR_texture_compression_astc_ldr GL_KHR_texture_compression_astc_hdr GL_KHR_debug GL_EXT_occlusion_query_boolean GL_EXT_blend_minmax GL_EXT_discard_framebuffer GL_OES_get_program_binary GL_OES_texture_3D GL_EXT_texture_storage GL_EXT_multisampled_render_to_texture GL_OES_surfaceless_context GL_ARM_mali_program_binary 
I/SurfaceFlinger( 3690): GL_MAX_TEXTURE_SIZE = 8192
I/SurfaceFlinger( 3690): GL_MAX_VIEWPORT_DIMS = 8192
D/SurfaceFlinger( 3690): Set power mode=2, type=0 flinger=0xb6962000
I/hwcomposer( 3690): unblank ioctl failed (display already unblanked)
D/SurfaceFlinger( 3690): SF. shader cache generated - 26 shaders in 72.416206 ms
D/libEGL  ( 3858): loaded /vendor/lib/egl/libGLES_mali.so
I/        ( 3858): PLATFORM VERSION : JB-MR-2
I/Sensorhubs( 3697): GestureSensor flags 1, mEnabled 0
E/Sensorhubs( 3697): Gesture old sensor_state 0, new sensor_state : 64 en : 1
I/Sensorhubs( 3697): GestureSensor flags 0, mEnabled 1
E/Sensorhubs( 3697): Gesture old sensor_state 64, new sensor_state : 0 en : 0
I/SensorHubService( 3697): HardwareSensorHub
I/SensorHubService( 3697): HardwareSensorHub
D/SensorHubService( 3697): nuSensorHubService thread starting...
I/sensorhubservice( 3697): SensorHubService is starting now........................................
E/BootAnimation( 3858): couldn't find audio_conf.txt
W/BootAnimation( 3858): Audio service is not initiated.
D/BootAnimation( 3858): Use save memory method, maybe small fps in actual.
E/memtrack( 3704): Couldn't load memtrack module (No such file or directory)
E/android.os.Debug( 3704): failed to load memtrack module: -2
I/SamplingProfilerIntegration( 3704): Profiling disabled.
D/Zygote  ( 3704): begin preload
I/Zygote  ( 3704): Preloading classes...
D/wrapperGPS( 3699): wrapperConnect_RILD
I/art     ( 3704): Explicit concurrent mark sweep GC freed 994(55KB) AllocSpace objects, 0(0B) LOS objects, 98% free, 70KB/4MB, paused 128us total 29.033ms
I/art     ( 3704): Counter: 1
W/auditd  ( 3689): type=1325 audit(0.0:61): table=mangle family=2 entries=6
W/iptables( 3969): type=1300 audit(0.0:61): arch=40000028 syscall=294 per=800000 success=yes exit=0 a0=5 a1=0 a2=40 a3=b6c20400 items=0 ppid=3686 auid=4294967295 uid=0 gid=0 euid=0 suid=0 fsuid=0 egid=0 sgid=0 fsgid=0 ses=4294967295 tty=(none) exe="/system/bin/iptables" key=(null)
W/auditd  ( 3689): type=1320 audit(0.0:61): 
W/auditd  ( 3689): type=1325 audit(0.0:62): table=mangle family=10 entries=6
W/ip6tables( 3970): type=1300 audit(0.0:62): arch=40000028 syscall=294 per=800000 success=yes exit=0 a0=5 a1=29 a2=40 a3=b6c31800 items=0 ppid=3686 auid=4294967295 uid=0 gid=0 euid=0 suid=0 fsuid=0 egid=0 sgid=0 fsgid=0 ses=4294967295 tty=(none) exe="/system/bin/ip6tables" key=(null)
W/auditd  ( 3689): type=1320 audit(0.0:62): 
W/auditd  ( 3689): type=1325 audit(0.0:63): table=mangle family=2 entries=8
W/iptables( 3971): type=1300 audit(0.0:63): arch=40000028 syscall=294 per=800000 success=yes exit=0 a0=5 a1=0 a2=40 a3=b6c1ba00 items=0 ppid=3686 auid=4294967295 uid=0 gid=0 euid=0 suid=0 fsuid=0 egid=0 sgid=0 fsgid=0 ses=4294967295 tty=(none) exe="/system/bin/iptables" key=(null)
W/auditd  ( 3689): type=1320 audit(0.0:63): 
W/auditd  ( 3689): type=1325 audit(0.0:64): table=mangle family=10 entries=8
W/ip6tables( 3972): type=1300 audit(0.0:64): arch=40000028 syscall=294 per=800000 success=yes exit=0 a0=5 a1=29 a2=40 a3=b6c37800 items=0 ppid=3686 auid=4294967295 uid=0 gid=0 euid=0 suid=0 fsuid=0 egid=0 sgid=0 fsgid=0 ses=4294967295 tty=(none) exe="/system/bin/ip6tables" key=(null)
W/auditd  ( 3689): type=1320 audit(0.0:64): 
I/ServiceManager( 3693): Waiting for service batterystats...
W/auditd  ( 3689): type=1325 audit(0.0:65): table=mangle family=2 entries=9
W/iptables( 3979): type=1300 audit(0.0:65): arch=40000028 syscall=294 per=800000 success=yes exit=0 a0=5 a1=0 a2=40 a3=b6c30800 items=0 ppid=3686 auid=4294967295 uid=0 gid=0 euid=0 suid=0 fsuid=0 egid=0 sgid=0 fsgid=0 ses=4294967295 tty=(none) exe="/system/bin/iptables" key=(null)
W/auditd  ( 3689): type=1320 audit(0.0:65): 
W/auditd  ( 3689): type=1325 audit(0.0:66): table=mangle family=10 entries=9
W/ip6tables( 3980): type=1300 audit(0.0:66): arch=40000028 syscall=294 per=800000 success=yes exit=0 a0=5 a1=29 a2=40 a3=b6c42800 items=0 ppid=3686 auid=4294967295 uid=0 gid=0 euid=0 suid=0 fsuid=0 egid=0 sgid=0 fsgid=0 ses=4294967295 tty=(none) exe="/system/bin/ip6tables" key=(null)
W/auditd  ( 3689): type=1320 audit(0.0:66): 
W/auditd  ( 3689): type=1325 audit(0.0:67): table=mangle family=2 entries=11
W/iptables( 3981): type=1300 audit(0.0:67): arch=40000028 syscall=294 per=800000 success=yes exit=0 a0=5 a1=0 a2=40 a3=b6c34800 items=0 ppid=3686 auid=4294967295 uid=0 gid=0 euid=0 suid=0 fsuid=0 egid=0 sgid=0 fsgid=0 ses=4294967295 tty=(none) exe="/system/bin/iptables" key=(null)
E/Minikin ( 3704): addFont failed to create font /system/fonts/NotoSansGujarati-Regular.ttf
E/Minikin ( 3704): addFont failed to create font /system/fonts/NotoSansGujarati-Bold.ttf
E/Minikin ( 3704): addFont failed to create font /system/fonts/NotoSansGujaratiUI-Regular.ttf
E/Minikin ( 3704): addFont failed to create font /system/fonts/NotoSansGujaratiUI-Bold.ttf
E/Minikin ( 3704): addFont failed to create font /system/fonts/NotoSansGurmukhi-Regular.ttf
E/Minikin ( 3704): addFont failed to create font /system/fonts/NotoSansGurmukhi-Bold.ttf
E/Minikin ( 3704): addFont failed to create font /system/fonts/NotoSansGurmukhiUI-Regular.ttf
E/Minikin ( 3704): addFont failed to create font /system/fonts/NotoSansGurmukhiUI-Bold.ttf
E/Minikin ( 3704): addFont failed to create font /system/fonts/NotoSansSinhala-Regular.ttf
E/Minikin ( 3704): addFont failed to create font /system/fonts/NotoSansSinhala-Bold.ttf
E/Minikin ( 3704): addFont failed to create font /system/fonts/NotoSansCherokee-Regular.ttf
E/Minikin ( 3704): addFont failed to create font /system/fonts/NotoSansCanadianAboriginal-Regular.ttf
E/Minikin ( 3704): addFont failed to create font /system/fonts/NotoSansYi-Regular.ttf
E/Minikin ( 3704): addFont failed to create font /system/fonts/NotoSansHans-Regular.otf
E/Minikin ( 3704): addFont failed to create font /system/fonts/NotoSansHant-Regular.otf
E/Minikin ( 3704): addFont failed to create font /system/fonts/NotoSansJP-Regular.otf
E/Minikin ( 3704): addFont failed to create font /system/fonts/NotoSansKR-Regular.otf
I/art     ( 3704): Thread[1,tid=3704,WaitingForJniOnLoad,Thread*=0xb5107800,peer=0x12c330e0,"main"] recursive attempt to load library "/system/lib/libmedia_jni.so"
D/MtpDeviceJNI( 3704): register_android_mtp_MtpDevice
I/art     ( 3704): Thread[1,tid=3704,WaitingForJniOnLoad,Thread*=0xb5107800,peer=0x12c330e0,"main"] recursive attempt to load library "/system/lib/libmedia_jni.so"
I/art     ( 3704): Thread[1,tid=3704,WaitingForJniOnLoad,Thread*=0xb5107800,peer=0x12c330e0,"main"] recursive attempt to load library "/system/lib/libmedia_jni.so"
V/NatController( 3686): runCmd(/system/bin/iptables -F natctrl_FORWARD) res=0
V/NatController( 3686): runCmd(/system/bin/iptables -A natctrl_FORWARD -j DROP) res=0
V/NatController( 3686): runCmd(/system/bin/iptables -t nat -F natctrl_nat_POSTROUTING) res=0
V/NatController( 3686): runCmd(/system/bin/iptables -t nat -F natctrl_nat_PREROUTING) res=0
V/NatController( 3686): runCmd(/system/bin/iptables -F natctrl_tether_counters) res=1
V/NatController( 3686): runCmd(/system/bin/iptables -X natctrl_tether_counters) res=1
V/NatController( 3686): runCmd(/system/bin/iptables -N natctrl_tether_counters) res=0
V/NatController( 3686): runCmd(/system/bin/iptables -t mangle -A natctrl_mangle_FORWARD -p tcp --tcp-flags SYN SYN -j TCPMSS --clamp-mss-to-pmtu) res=0
D/wrapperGPS( 3699): wrapperConnect_RILD
I/System  ( 3704): Loaded time zone names for "" in 57ms (51ms in ICU)
W/auditd  ( 3689): type=1325 audit(0.0:115): table=filter family=2 entries=47
W/iptables( 4072): type=1300 audit(0.0:115): arch=40000028 syscall=294 per=800000 success=yes exit=0 a0=5 a1=0 a2=40 a3=b6c22000 items=0 ppid=3686 auid=4294967295 uid=0 gid=0 euid=0 suid=0 fsuid=0 egid=0 sgid=0 fsgid=0 ses=4294967295 tty=(none) exe="/system/bin/iptables" key=(null)
W/auditd  ( 3689): type=1320 audit(0.0:115): 
W/auditd  ( 3689): type=1325 audit(0.0:116): table=filter family=10 entries=44
W/ip6tables( 4073): type=1300 audit(0.0:116): arch=40000028 syscall=294 per=800000 success=yes exit=0 a0=5 a1=29 a2=40 a3=b6c24000 items=0 ppid=3686 auid=4294967295 uid=0 gid=0 euid=0 suid=0 fsuid=0 egid=0 sgid=0 fsgid=0 ses=4294967295 tty=(none) exe="/system/bin/ip6tables" key=(null)
W/auditd  ( 3689): type=1320 audit(0.0:116): 
I/System  ( 3704): Loaded time zone names for "en_US" in 33ms (28ms in ICU)
W/auditd  ( 3689): type=1325 audit(0.0:117): table=filter family=2 entries=47
W/iptables( 4074): type=1300 audit(0.0:117): arch=40000028 syscall=294 per=800000 success=yes exit=0 a0=5 a1=0 a2=40 a3=b6c22000 items=0 ppid=3686 auid=4294967295 uid=0 gid=0 euid=0 suid=0 fsuid=0 egid=0 sgid=0 fsgid=0 ses=4294967295 tty=(none) exe="/system/bin/iptables" key=(null)
W/auditd  ( 3689): type=1320 audit(0.0:117): 
W/auditd  ( 3689): type=1325 audit(0.0:118): table=filter family=10 entries=44
W/ip6tables( 4075): type=1300 audit(0.0:118): arch=40000028 syscall=294 per=800000 success=yes exit=0 a0=5 a1=29 a2=40 a3=b6c24000 items=0 ppid=3686 auid=4294967295 uid=0 gid=0 euid=0 suid=0 fsuid=0 egid=0 sgid=0 fsgid=0 ses=4294967295 tty=(none) exe="/system/bin/ip6tables" key=(null)
W/auditd  ( 3689): type=1320 audit(0.0:118): 
I/System  ( 3704): Loaded time zone names for "es_ES" in 34ms (28ms in ICU)
W/auditd  ( 3689): type=1325 audit(0.0:119): table=filter family=2 entries=47
W/iptables( 4076): type=1300 audit(0.0:119): arch=40000028 syscall=294 per=800000 success=yes exit=0 a0=5 a1=0 a2=40 a3=b6c22000 items=0 ppid=3686 auid=4294967295 uid=0 gid=0 euid=0 suid=0 fsuid=0 egid=0 sgid=0 fsgid=0 ses=4294967295 tty=(none) exe="/system/bin/iptables" key=(null)
W/auditd  ( 3689): type=1320 audit(0.0:119): 
W/auditd  ( 3689): type=1325 audit(0.0:120): table=filter family=10 entries=44
W/ip6tables( 4077): type=1300 audit(0.0:120): arch=40000028 syscall=294 per=800000 success=yes exit=0 a0=5 a1=29 a2=40 a3=b6c24000 items=0 ppid=3686 auid=4294967295 uid=0 gid=0 euid=0 suid=0 fsuid=0 egid=0 sgid=0 fsgid=0 ses=4294967295 tty=(none) exe="/system/bin/ip6tables" key=(null)
W/auditd  ( 3689): type=1320 audit(0.0:120): 
W/auditd  ( 3689): type=1325 audit(0.0:121): table=filter family=2 entries=47
W/iptables( 4078): type=1300 audit(0.0:121): arch=40000028 syscall=294 per=800000 success=yes exit=0 a0=5 a1=0 a2=40 a3=b6c22000 items=0 ppid=3686 auid=4294967295 uid=0 gid=0 euid=0 suid=0 fsuid=0 egid=0 sgid=0 fsgid=0 ses=4294967295 tty=(none) exe="/system/bin/iptables" key=(null)
I/ServiceManager( 3693): Waiting for service batterystats...
I/art     ( 3704): Explicit concurrent mark sweep GC freed 32122(1932KB) AllocSpace objects, 0(0B) LOS objects, 71% free, 1612KB/5MB, paused 219us total 15.065ms
I/Zygote  ( 3704): ...preloaded 3005 classes in 1201ms.
I/art     ( 3704): VMRuntime.preloadDexCaches starting
I/art     ( 3704): VMRuntime.preloadDexCaches strings total=217316 before=40338 after=40338
I/art     ( 3704): VMRuntime.preloadDexCaches types total=18704 before=6337 after=6380
I/art     ( 3704): VMRuntime.preloadDexCaches fields total=87408 before=32543 after=32871
I/art     ( 3704): VMRuntime.preloadDexCaches methods total=154031 before=66779 after=67657
I/art     ( 3704): VMRuntime.preloadDexCaches finished
I/art     ( 3704): Counter: 0
I/art     ( 3704): Counter: 1
I/art     ( 3704): Explicit concurrent mark sweep GC freed 169(19KB) AllocSpace objects, 0(0B) LOS objects, 72% free, 1592KB/5MB, paused 181us total 7.758ms
D/idmap   ( 4091): error: no read access to /vendor/overlay: No such file or directory
I/Zygote  ( 3704): Preloading resources...
D/MDnsDS  ( 3686): MDnsSdListener::Hander starting up
D/MDnsDS  ( 3686): MDnsSdListener starting to monitor
D/MDnsDS  ( 3686): Going to poll with pollCount 1
I/art     ( 3704): Explicit concurrent mark sweep GC freed 4201(147KB) AllocSpace objects, 0(0B) LOS objects, 40% free, 16MB/28MB, paused 192us total 9.364ms
I/Zygote  ( 3704): ...preloaded 430 resources in 403ms.
I/art     ( 3704): Explicit concurrent mark sweep GC freed 483(28KB) AllocSpace objects, 0(0B) LOS objects, 40% free, 16MB/28MB, paused 189us total 8.231ms
I/Zygote  ( 3704): ...preloaded 41 resources in 17ms.
I/art     ( 3704): Counter: 0
D/libEGL  ( 3704): loaded /vendor/lib/egl/libGLES_mali.so
I/Zygote  ( 3704): Preloading shared libraries...
D/Zygote  ( 3704): end preload
I/art     ( 3704): Explicit concurrent mark sweep GC freed 461(21KB) AllocSpace objects, 0(0B) LOS objects, 40% free, 16MB/28MB, paused 193us total 7.763ms
I/art     ( 3704): Explicit concurrent mark sweep GC freed 41(1568B) AllocSpace objects, 0(0B) LOS objects, 40% free, 16MB/28MB, paused 188us total 7.849ms
I/art     ( 3704): Explicit concurrent mark sweep GC freed 5(160B) AllocSpace objects, 0(0B) LOS objects, 40% free, 16MB/28MB, paused 216us total 7.628ms
D/wrapperGPS( 3699): wrapperConnect_RILD
I/Zygote  ( 3704): System server process 4121 has been created
I/Zygote  ( 3704): Accepting command socket connections
I/InstallerConnection( 4121): disconnecting...
I/SystemServer( 4121): Entered the Android system server!
V/Fingerprint-JNI( 4121): FingerprintManager JNI ready.
I/        ( 4121): System server: starting sensor init.
D/SensorService( 4121): nuSensorService starting...
I/ServiceManager( 3693): Waiting for service batterystats...
E/Sensors ( 4121): GeoMagneticSensor, ERROR dev_num = -19
I/Sensors ( 4121): Proximity old sensor_state 0, new sensor_state : 128 en : 1
I/SystemServiceManager( 4121): Starting com.android.server.pm.Installer
I/Installer( 4121): Waiting for installd to be ready.
I/InstallerConnection( 4121): connecting...
I/installd( 3695): new connection
I/Sensors ( 4121): Light old sensor_state 128, new sensor_state : 640 en : 1
I/SystemServiceManager( 4121): Starting com.android.server.am.ActivityManagerService$Lifecycle
E/Sensors ( 4121): UncalMagneticSensor, ERROR dev_num = -19
I/Sensors ( 4121): SigMotionSensor old sensor_state 640, new sensor_state : 8832 en : 1
E/Sensors ( 4121): UncalGyroSensor, ERROR dev_num = -19
E/Sensors ( 4121): GameRotationVector, ERROR dev_num = -19
I/Sensors ( 4121): StepCounterSensor old sensor_state 8832, new sensor_state : 139904 en : 1
D/Sensors ( 4121): HrmSpO2Sensor::HrmSpO2Sensor: Shared version Registered 
E/SensorService( 4121): >>>> WARNING <<< Upgrade sensor HAL to version 1_3
I/Sensors ( 4121): Proximity old sensor_state 139904, new sensor_state : 139776 en : 0
I/Sensors ( 4121): Light old sensor_state 139776, new sensor_state : 139264 en : 0
I/Sensors ( 4121): StepCounterSensor old sensor_state 139264, new sensor_state : 8192 en : 0
I/Sensors ( 4121): SigMotionSensor old sensor_state 8192, new sensor_state : 0 en : 0
I/Sensors ( 4121): HrmSpO2Sensor::enable, handle(16), en(0), what(1/0:aosphrm,1:sshrm, old enabled : 0)
I/Sensors ( 4121): HrmSpO2Sensor is already disabled or have to keep enabled, mEnabled : 0x0, en : 0
I/Sensors ( 4121): HrmSpO2Sensor::enable, handle(17), en(0), what(0/0:aosphrm,1:sshrm, old enabled : 0)
I/Sensors ( 4121): HrmSpO2Sensor is already disabled or have to keep enabled, mEnabled : 0x0, en : 0
I/Sensors ( 4121): HrmSpO2Sensor::enable, handle(18), en(0), what(2/0:aosphrm,1:sshrm, old enabled : 0)
I/Sensors ( 4121): HrmSpO2Sensor is already disabled or have to keep enabled, mEnabled : 0x0, en : 0
I/        ( 4121): System server: sensor init done.
D/SensorService( 4121): nuSensorService thread starting...
I/Sensors ( 4121): ProximitySensor - 8(cm)
D/SensorService( 4121): new thread SensorEventAckReceiver
I/ActivityManager( 4121): Memory class: 192
I/ServiceThread( 4121): Enabled StrictMode logging for ActivityManager looper.
I/IntentFirewall( 4121): Read new rules (A:0 B:0 S:0)
I/ServiceThread( 4121): Enabled StrictMode logging for android.ui looper.
I/ServiceThread( 4121): Enabled StrictMode logging for android.display looper.
D/AppOps  ( 4121): AppOpsService published
I/SystemServiceManager( 4121): Starting com.android.server.power.PowerManagerService
I/ServiceThread( 4121): Enabled StrictMode logging for PowerManagerService looper.
E/Universal5422 PowerHAL( 4121): Error opening /sys/devices/system/cpu/cpufreq/interactive/timer_rate: No such file or directory
E/Universal5422 PowerHAL( 4121): Error opening /sys/devices/system/cpu/cpufreq/interactive/timer_slack: No such file or directory
E/Universal5422 PowerHAL( 4121): Error opening /sys/devices/system/cpu/cpufreq/interactive/min_sample_time: No such file or directory
E/Universal5422 PowerHAL( 4121): Error opening /sys/devices/system/cpu/cpufreq/interactive/hispeed_freq: No such file or directory
E/Universal5422 PowerHAL( 4121): Error opening /sys/devices/system/cpu/cpufreq/interactive/go_hispeed_load: No such file or directory
E/Universal5422 PowerHAL( 4121): Error opening /sys/devices/system/cpu/cpufreq/interactive/target_loads: No such file or directory
E/Universal5422 PowerHAL( 4121): Error opening /sys/devices/system/cpu/cpufreq/interactive/above_hispeed_delay: No such file or directory
E/Universal5422 PowerHAL( 4121): Error opening /sys/devices/system/cpu/cpufreq/interactive/boostpulse_duration: No such file or directory
E/Universal5422 PowerHAL( 4121): Error opening /sys/devices/system/cpu/cpufreq/interactive/io_is_busy: No such file or directory
W/libsuspend( 4121): Error writing 'on' to /sys/power/state: Invalid argument
I/libsuspend( 4121): Selected wakeup count
E/Universal5422 PowerHAL( 4121): Error opening /sys/class/input/input1/enabled: Permission denied
E/Universal5422 PowerHAL( 4121): Error opening /sys/class/input/input19/enabled: Permission denied
E/Universal5422 PowerHAL( 4121): Error opening /sys/class/input/input17/enabled: Permission denied
E/Universal5422 PowerHAL( 4121): Error opening /sys/class/input/input18/enabled: Permission denied
I/SystemServiceManager( 4121): Starting com.android.server.display.DisplayManagerService
I/SystemServiceManager( 4121): Starting phase 100
I/DisplayManagerService( 4121): Display device added: DisplayDeviceInfo{"Pantalla integrada": 1080 x 1920, 60.000004 fps, supportedRefreshRates [60.000004], density 480, 422.03 x 424.069 dpi, appVsyncOff 0, presDeadline 17666666, touch INTERNAL, rotation 0, type BUILT_IN, state UNKNOWN, FLAG_DEFAULT_DISPLAY, FLAG_ROTATES_WITH_CONTENT, FLAG_SECURE, FLAG_SUPPORTS_PROTECTED_BUFFERS}
I/SystemServer( 4121): Package Manager
W/PackageManager( 4121): No security bridge jar found, using default
W/SystemConfig( 4121): No directory /system/etc/sysconfig, skipping
D/SELinuxMMAC( 4121): Using policy file /system/etc/security/mac_permissions.xml
E/art     ( 4121): DexFile_isDexOptNeeded file '/system/framework/com.android.nfc_extras.jar' does not exist
W/PackageManager( 4121): Library not found: /system/framework/com.android.nfc_extras.jar
D/PackageManager( 4121): No files in app dir /vendor/overlay
W/PackageManager( 4121): Failed to parse /system/framework/arm: Missing base APK in /system/framework/arm
W/ResourceType( 4121): Failure getting entry for 0x7f0b023e (t=10 e=574) (error -75)
W/PackageParser( 4121): No actions in intent filter at /system/priv-app/Contacts/Contacts.apk Binary XML file line #362
D/wrapperGPS( 3699): wrapperConnect_RILD
W/PackageParser( 4121): No actions in intent filter at /system/priv-app/Dialer/Dialer.apk Binary XML file line #185
E/MediaPlayerFactory( 3693): calling dlopen on FACTORY_LIB
E/MediaPlayerFactory( 3693): Failed to open FACTORY_LIB Error : dlopen failed: library "libdashplayer.so" not found 
I/CameraService( 3693): CameraService started (pid=3693)
I/CameraService( 3693): Loaded "Exynos5422 Camera Wrapper" camera module
E/CameraWrapper( 3693): failed to open vendor camera module
I/AudioPolicyService( 3693): AudioPolicyService CSTOR in new mode
W/AudioPolicyManager( 3693): loadOutput() invalid supported devices
W/AudioPolicyManager( 3693): loadInput() invalid supported devices
I/AudioPolicyManager( 3693): loadAudioPolicyConfig() loaded /system/etc/audio_policy.conf
E/audio_route( 3693): Unable to open the mixer, aborting.
I/AudioFlinger( 3693): loadHwModule() Loaded primary audio interface from JA audio HW HAL (audio) handle 1
I/AudioFlinger( 3693): HAL output buffer size 240 frames, normal sink buffer size 960 frames
W/linker  ( 3693): lib_SoundAlive_play_ver125e.so has text relocations. This is wasting memory and prevents security hardening. Please fix.
I/AudioMixer( 3693): found effect "Multichannel Downmix To Stereo" from The Android Open Source Project
E/MonoPipe( 3693): Failed to fetch local time frequency when constructing a MonoPipe (res = -32).  getNextWriteTimestamp calls will be non-functional
W/PackageParser( 4121): No actions in intent filter at /system/app/Bluetooth/Bluetooth.apk Binary XML file line #229
W/PackageParser( 4121): No actions in intent filter at /system/app/CMFileManager/CMFileManager.apk Binary XML file line #155
W/PackageParser( 4121): Unknown element under <application>: permission at /system/app/Gallery2/Gallery2.apk Binary XML file line #273
W/PackageParser( 4121): Unknown element under <application>: permission at /system/app/Gallery2/Gallery2.apk Binary XML file line #276
D/wrapperGPS( 3699): wrapperConnect_RILD
W/PackageManager( 4121): Failed to parse /system/app/mcRegistry: Missing base APK in /system/app/mcRegistry
D/PackageManager( 4121): No files in app dir /system/vendor/app
D/PackageManager( 4121): No files in app dir /oem/app
D/PackageManager( 4121): No files in app dir /vendor/bundled-app
W/PackageManager( 4121): Failed to parse /data/app/mcRegistry: No packages found in split
D/PackageManager( 4121): No files in app dir /data/app-private
W/PackageManager( 4121): Package com.android.gallery3d desires unavailable shared library com.google.android.media.effects; ignoring!
W/PackageManager( 4121): Package com.android.gallery3d desires unavailable shared library com.google.android.media.effects; ignoring!
E/PackageManager( 4121): updateAllSharedLibrariesLPw failed: Package com.android.dialer requires unavailable shared library com.qualcomm.qti.smartsearch; failing!
W/PackageManager( 4121): Package com.android.calculator2 desires unavailable shared library com.sec.android.app.multiwindow; ignoring!
W/PackageManager( 4121): Package com.android.mms desires unavailable shared library com.qrd.wappush; ignoring!
I/PackageManager( 4121): Adjusting ABI for : com.android.inputdevices to armeabi-v7a
I/PackageManager( 4121): Adjusting ABI for : com.android.providers.settings to armeabi-v7a
I/PackageManager( 4121): Adjusting ABI for : com.android.settings to armeabi-v7a
I/PackageManager( 4121): Adjusting ABI for : com.cyanogenmod.setupwizard to armeabi-v7a
I/PackageManager( 4121): Adjusting ABI for : com.android.development to armeabi-v7a
I/PackageManager( 4121): Adjusting ABI for : com.android.keychain to armeabi-v7a
I/PackageManager( 4121): Adjusting ABI for : com.android.location.fused to armeabi-v7a
I/PackageManager( 4121): Time to scan packages: 1.756 seconds
W/PackageManager( 4121): Unknown permission com.google.android.googleapps.permission.GOOGLE_AUTH.mail in package com.android.calendar
W/PackageManager( 4121): Unknown permission com.qualcomm.permission.USE_PHONE_SERVICE in package com.android.dialer
W/PackageManager( 4121): Unknown permission android.permission.ACCESS_SUPERUSER in package com.cyanogenmod.filemanager
W/PackageManager( 4121): Unknown permission com.cyanogenmod.filemanager.permissions.READ_THEME in package com.cyanogenmod.filemanager
W/PackageManager( 4121): Unknown permission com.cyngn.cmstats.SEND_ANALYTICS in package com.cyanogenmod.setupwizard
W/PackageManager( 4121): Unknown permission com.google.android.gallery3d.permission.PICASA_STORE in package com.android.dreams.phototable
W/PackageManager( 4121): Unknown permission com.google.android.googleapps.permission.GOOGLE_AUTH in package com.android.settings
W/PackageManager( 4121): Unknown permission com.android.launcher.permission.READ_SETTINGS in package com.android.settings
W/PackageManager( 4121): Unknown permission com.android.launcher.permission.WRITE_SETTINGS in package com.android.settings
W/PackageManager( 4121): Not granting permission android.permission.DELETE_PACKAGES to package com.svox.pico (protectionLevel=18 flags=0x8be45)
W/PackageManager( 4121): Unknown permission com.google.android.c2dm.permission.RECEIVE in package org.whispersystems.whisperpush
W/PackageManager( 4121): Not granting permission android.permission.BIND_WALLPAPER to package com.android.camera2 (protectionLevel=18 flags=0x58bc45)
W/PackageManager( 4121): Unknown permission com.google.android.gallery3d.permission.GALLERY_PROVIDER in package com.android.bluetooth
W/PackageManager( 4121): Unknown permission com.android.launcher.permission.READ_SETTINGS in package com.android.onetimeinitializer
W/PackageManager( 4121): Unknown permission com.android.launcher.permission.WRITE_SETTINGS in package com.android.onetimeinitializer
W/PackageManager( 4121): Unknown permission com.google.android.c2dm.permission.RECEIVE in package com.cyanogenmod.account
W/PackageManager( 4121): Not granting permission android.permission.DEVICE_POWER to package com.android.deskclock (protectionLevel=2 flags=0x48be45)
W/PackageManager( 4121): Unknown permission com.android.deskclock.worldclock.permissions.WRITE_DATABASE in package com.android.deskclock
W/PackageManager( 4121): Unknown permission com.google.android.googleapps.permission.GOOGLE_AUTH in package com.android.providers.calendar
W/PackageManager( 4121): Unknown permission com.google.android.googleapps.permission.GOOGLE_AUTH.cl in package com.android.providers.calendar
W/PackageManager( 4121): Not granting permission android.permission.WRITE_MEDIA_STORAGE to package com.android.soundrecorder (protectionLevel=18 flags=0x8be45)
W/PackageManager( 4121): Unknown permission android.permission.INSTALL_DRM in package com.android.mms
W/PackageManager( 4121): Unknown permission com.qualcomm.permission.USE_PHONE_SERVICE in package com.android.mms
W/PackageManager( 4121): Not granting permission android.permission.MANAGE_DOCUMENTS to package com.android.mms (protectionLevel=2 flags=0x4049be65)
W/PackageManager( 4121): Not granting permission android.permission.ACCESS_DOWNLOAD_MANAGER to package com.android.browser (protectionLevel=18 flags=0x49be45)
W/PackageManager( 4121): Not granting permission android.permission.SEND_DOWNLOAD_COMPLETED_INTENTS to package com.android.browser (protectionLevel=2 flags=0x49be45)
W/PackageManager( 4121): Unknown permission com.google.android.googleapps.permission.ACCESS_GOOGLE_PASSWORD in package com.android.development
W/PackageManager( 4121): Unknown permission com.google.android.googleapps.permission.GOOGLE_AUTH in package com.android.development
W/PackageManager( 4121): Unknown permission com.google.android.googleapps.permission.GOOGLE_AUTH.ALL_SERVICES in package com.android.development
W/PackageManager( 4121): Unknown permission com.google.android.googleapps.permission.GOOGLE_AUTH.YouTubeUser in package com.android.development
W/PackageManager( 4121): Unknown permission com.android.launcher.permission.READ_SETTINGS in package com.cyanogenmod.trebuchet
W/PackageManager( 4121): Unknown permission com.android.launcher.permission.WRITE_SETTINGS in package com.cyanogenmod.trebuchet
W/PackageManager( 4121): Unknown permission android.permission.CANCEL_NOTIFICATIONS in package org.cyanogenmod.theme.chooser
V/PackageManager( 4121): Disabling com.google.android.gsf/com.google.android.gsf.update.SystemUpdateActivity
W/PackageManager( 4121): Unable to disable com.google.android.gsf/com.google.android.gsf.update.SystemUpdateActivity
V/PackageManager( 4121): Disabling com.google.android.gsf/com.google.android.gsf.update.SystemUpdateService$Receiver
W/PackageManager( 4121): Unable to disable com.google.android.gsf/com.google.android.gsf.update.SystemUpdateService$Receiver
V/PackageManager( 4121): Disabling com.google.android.gsf/com.google.android.gsf.update.SystemUpdateService$SecretCodeReceiver
W/PackageManager( 4121): Unable to disable com.google.android.gsf/com.google.android.gsf.update.SystemUpdateService$SecretCodeReceiver
V/PackageManager( 4121): Disabling com.google.android.gms/com.google.android.gms.update.SystemUpdateActivity
W/PackageManager( 4121): Unable to disable com.google.android.gms/com.google.android.gms.update.SystemUpdateActivity
V/PackageManager( 4121): Disabling com.google.android.gms/com.google.android.gms.update.SystemUpdateService$Receiver
W/PackageManager( 4121): Unable to disable com.google.android.gms/com.google.android.gms.update.SystemUpdateService$Receiver
V/PackageManager( 4121): Disabling com.google.android.gms/com.google.android.gms.update.SystemUpdateService$ActiveReceiver
W/PackageManager( 4121): Unable to disable com.google.android.gms/com.google.android.gms.update.SystemUpdateService$ActiveReceiver
V/PackageManager( 4121): Disabling com.google.android.gms/com.google.android.gms.update.SystemUpdateService$SecretCodeReceiver
W/PackageManager( 4121): Unable to disable com.google.android.gms/com.google.android.gms.update.SystemUpdateService$SecretCodeReceiver
V/PackageManager( 4121): Enabling com.google.android.gsf/com.google.android.gsf.update.SystemUpdateService
W/PackageManager( 4121): Unable to enable com.google.android.gsf/com.google.android.gsf.update.SystemUpdateService
V/PackageManager( 4121): Enabling com.google.android.gms/com.google.android.gms.update.SystemUpdateService
W/PackageManager( 4121): Unable to enable com.google.android.gms/com.google.android.gms.update.SystemUpdateService
I/art     ( 4121): Explicit concurrent mark sweep GC freed 114835(6MB) AllocSpace objects, 50(893KB) LOS objects, 33% free, 18MB/28MB, paused 1.276ms total 52.173ms
I/SystemServer( 4121): User Service
I/lowmemorykiller( 3672): ActivityManager connected
I/SystemServiceManager( 4121): Starting com.android.server.lights.LightsService
I/SystemServiceManager( 4121): Starting com.android.server.BatteryService
I/SystemServiceManager( 4121): Starting com.android.server.usage.UsageStatsService
I/SystemServiceManager( 4121): Starting com.android.server.webkit.WebViewUpdateService
I/SystemServer( 4121): Reading configuration...
I/SystemServer( 4121): Scheduling Policy
I/SystemServer( 4121): Telephony Registry
I/SystemServer( 4121): Entropy Mixer
I/EntropyMixer( 4121): Added HW RNG output to entropy pool
I/EntropyMixer( 4121): Writing entropy...
I/SystemServer( 4121): Account Manager
I/SystemServer( 4121): Content Manager
I/SystemServer( 4121): System Content Providers
W/ActivityManager( 4121): Can't addPackageDependency on system process
W/CoreSettingsObserver( 4121): Cannot find setting "debug_view_attributes"
W/CoreSettingsObserver( 4121): android.provider.Settings$SettingNotFoundException: debug_view_attributes
W/CoreSettingsObserver( 4121): 	at android.provider.Settings$Global.getInt(Settings.java:8060)
W/CoreSettingsObserver( 4121): 	at com.android.server.am.CoreSettingsObserver.populateSettings(CoreSettingsObserver.java:129)
W/CoreSettingsObserver( 4121): 	at com.android.server.am.CoreSettingsObserver.sendCoreSettings(CoreSettingsObserver.java:82)
W/CoreSettingsObserver( 4121): 	at com.android.server.am.CoreSettingsObserver.<init>(CoreSettingsObserver.java:65)
W/CoreSettingsObserver( 4121): 	at com.android.server.am.ActivityManagerService.installSystemProviders(ActivityManagerService.java:9976)
W/CoreSettingsObserver( 4121): 	at com.android.server.SystemServer.startOtherServices(SystemServer.java:482)
W/CoreSettingsObserver( 4121): 	at com.android.server.SystemServer.run(SystemServer.java:284)
W/CoreSettingsObserver( 4121): 	at com.android.server.SystemServer.main(SystemServer.java:185)
W/CoreSettingsObserver( 4121): 	at java.lang.reflect.Method.invoke(Native Method)
W/CoreSettingsObserver( 4121): 	at java.lang.reflect.Method.invoke(Method.java:372)
W/CoreSettingsObserver( 4121): 	at com.android.internal.os.ZygoteInit$MethodAndArgsCaller.run(ZygoteInit.java:898)
W/CoreSettingsObserver( 4121): 	at com.android.internal.os.ZygoteInit.main(ZygoteInit.java:693)
I/SystemServer( 4121): Vibrator Service
I/SystemServer( 4121): Consumer IR Service
I/SystemServiceManager( 4121): Starting com.android.server.AlarmManagerService
D/AlarmManagerService( 4121): Kernel timezone updated to 180 minutes west of GMT
I/SystemServer( 4121): Init Watchdog
I/SystemServer( 4121): Input Manager
I/InputManager( 4121): Initializing input manager, mUseDevInputEventForAudioJack=false
I/SystemServer( 4121): Window Manager
I/WindowManager( 4121): No existing display settings /data/system/display_settings.xml; starting empty
D/PermissionCache( 3690): checking android.permission.ACCESS_SURFACE_FLINGER for uid=1000 => granted (1420 us)
W/Settings( 4121): Setting dev_force_show_navbar has moved from android.provider.Settings.System to android.provider.Settings.Secure, returning Secure URI.
I/InputManager( 4121): Starting input manager
I/SystemServer( 4121): Bluetooth Manager Service
D/EventHub( 4121): No input device configuration file found for device 'hrm_sensor'.
D/BluetoothManagerService( 4121): Loading stored name and address
D/BluetoothManagerService( 4121): Stored bluetooth Name=SM-G900H,Address=14:B4:84:6F:66:79
I/SystemServer( 4121): Input Method Service
W/InputMethodManagerService( 4121): Couldn't create dir.: /data/system/inputmethod
I/SystemServer( 4121): Accessibility Manager
D/EventHub( 4121): No input device configuration file found for device 'ssp_context'.
I/ActivityManager( 4121): Config changes=1df8 {1.0 ?mcc?mnc es_ES ldltr sw360dp w360dp h640dp 480dpi nrml long port ?uimode ?night -touch -keyb/v/h -nav/h s.2 themeResource=null}
D/EventHub( 4121): No input device configuration file found for device 'meta_event'.
I/ActivityManager( 4121): Config changes=400 {1.0 ?mcc?mnc es_ES ldltr sw360dp w360dp h615dp 480dpi nrml long port ?uimode ?night -touch -keyb/v/h -nav/h s.3 themeResource=null}
I/SystemServer( 4121): Mount Service
D/MountService( 4121): got storage path: /storage/sdcard0 description: Almacenamiento interno primary: true removable: false emulated: true mtpReserve: 100 allowMassStorage: false maxFileSize: 0
I/UsageStatsService( 4121): User[0] Rollover scheduled @ 2015-07-17 21:00:00(1437177600000)
D/MountService( 4121): addVolumeLocked() StorageVolume:
D/MountService( 4121):     mStorageId=65537 mPath=/storage/emulated/0 mDescriptionId=17040999 
D/MountService( 4121):     mPrimary=true mRemovable=false mEmulated=true mMtpReserveSpace=100 
D/MountService( 4121):     mAllowMassStorage=false mMaxFileSize=0 mOwner=UserHandle{0} mUuid=null 
