I/art     ( 4125): option[25]=-Ximage-compiler-option
I/art     ( 4125): option[26]=--image-classes=preloaded-classes
I/art     ( 4125): option[27]=-Xcompiler-option
I/art     ( 4125): option[28]=--runtime-arg
I/art     ( 4125): option[29]=-Xcompiler-option
I/art     ( 4125): option[30]=-Xms64m
I/art     ( 4125): option[31]=-Xcompiler-option
I/art     ( 4125): option[32]=--runtime-arg
I/art     ( 4125): option[33]=-Xcompiler-option
I/art     ( 4125): option[34]=-Xmx512m
I/art     ( 4125): option[35]=-Duser.language=es
I/art     ( 4125): option[36]=-Duser.region=US
I/art     ( 4125): Pruning dalvik-cache since we are generating an image and will need to recompile
W/art     ( 4125): Unexpected file type of 
W/art     ( 4125):  encountered.
I/art     ( 4125): Using an offset of 0xff8bf000 from default art base address of 0x70000000
I/art     ( 4125): GenerateImage: /system/bin/dex2oat --image=/data/dalvik-cache/arm/system@framework@boot.art --dex-file=/system/framework/core-libart.jar --dex-file=/system/framework/conscrypt.jar --dex-file=/system/framework/okhttp.jar --dex-file=/system/framework/core-junit.jar --dex-file=/system/framework/bouncycastle.jar --dex-file=/system/framework/ext.jar --dex-file=/system/framework/framework.jar --dex-file=/system/framework/telephony-common.jar --dex-file=/system/framework/voip-common.jar --dex-file=/system/framework/ims-common.jar --dex-file=/system/framework/mms-common.jar --dex-file=/system/framework/android.policy.jar --dex-file=/system/framework/apache-xml.jar --oat-file=/data/dalvik-cache/arm/system@framework@boot.oat --instruction-set=arm --instruction-set-features=div --base=0x6f8bf000 --runtime-arg -Xms64m --runtime-arg -Xmx64m --image-classes-zip=/system/framework/framework.jar --image-classes=preloaded-classes
I/mediaserver( 4123): ServiceManager: 0xb61500c0
I/AudioFlinger( 4123): Using default 3000 mSec as standby time.
I/ServiceManager( 4123): Waiting for service batterystats...
W/art     ( 4125): Unexpected file type of 
W/art     ( 4125):  encountered.
W/art     ( 4125): Could not create image space with image file '/system/framework/boot.art'. Attempting to fall back to imageless running. Error was: Failed to generate image '/data/dalvik-cache/arm/system@framework@boot.art': Failed execv(/system/bin/dex2oat --image=/data/dalvik-cache/arm/system@framework@boot.art --dex-file=/system/framework/core-libart.jar --dex-file=/system/framework/conscrypt.jar --dex-file=/system/framework/okhttp.jar --dex-file=/system/framework/core-junit.jar --dex-file=/system/framework/bouncycastle.jar --dex-file=/system/framework/ext.jar --dex-file=/system/framework/framework.jar --dex-file=/system/framework/telephony-common.jar --dex-file=/system/framework/voip-common.jar --dex-file=/system/framework/ims-common.jar --dex-file=/system/framework/mms-common.jar --dex-file=/system/framework/android.policy.jar --dex-file=/system/framework/apache-xml.jar --oat-file=/data/dalvik-cache/arm/system@framework@boot.oat --instruction-set=arm --instruction-set-features=div --base=0x6f8bf000 --runtime-arg -Xms64
I/gralloc ( 4122): using (fd=12)
I/gralloc ( 4122): id           = 
I/gralloc ( 4122): xres         = 1080 px
I/gralloc ( 4122): yres         = 1920 px
I/gralloc ( 4122): xres_virtual = 1080 px
I/gralloc ( 4122): yres_virtual = 3840 px
I/gralloc ( 4122): bpp          = 32
I/gralloc ( 4122): r            = 16:8
I/gralloc ( 4122): g            =  8:8
I/gralloc ( 4122): b            =  0:8
I/gralloc ( 4122): width        = 65 mm (422.030762 dpi)
I/gralloc ( 4122): height       = 115 mm (424.069580 dpi)
I/gralloc ( 4122): refresh rate = 60.00 Hz
D/hwcomposer( 4122): using
D/hwcomposer( 4122): xres         = 1080 px
D/hwcomposer( 4122): yres         = 1920 px
D/hwcomposer( 4122): width        = 65 mm (422.030000 dpi)
D/hwcomposer( 4122): height       = 115 mm (424.069000 dpi)
D/hwcomposer( 4122): refresh rate = 60 Hz
E/libexynosv4l2-subdev( 4122): no subdev device found
E/hdmi    ( 4122): failed to open hdmi mixer0 subdev
E/hwcomposer( 4122): openHdmi fail
I/hwcomposer( 4122): PSR info devname = /sys/devices/14400000.fimd_fb/psr_info
I/hwcomposer( 4122): PSR mode is 2(0: video mode, 1: DP PSR mode, 2: MIPI-DSI command mode)
I/SurfaceFlinger( 4122): Using composer version 1.3
I/SurfaceFlinger( 4122): EGL information:
I/SurfaceFlinger( 4122): vendor    : Android
I/SurfaceFlinger( 4122): version   : 1.4 Android META-EGL
I/SurfaceFlinger( 4122): extensions: EGL_KHR_get_all_proc_addresses EGL_ANDROID_presentation_time EGL_KHR_image EGL_KHR_image_base EGL_KHR_gl_texture_2D_image EGL_KHR_gl_texture_cubemap_image EGL_KHR_gl_renderbuffer_image EGL_KHR_fence_sync EGL_KHR_create_context EGL_ANDROID_image_native_buffer EGL_KHR_wait_sync EGL_ANDROID_recordable 
I/SurfaceFlinger( 4122): Client API: OpenGL_ES
I/SurfaceFlinger( 4122): EGLSurface: 8-8-8-8, config=0xb69cf2ac
I/SurfaceFlinger( 4122): OpenGL ES informations:
I/SurfaceFlinger( 4122): vendor    : ARM
I/SurfaceFlinger( 4122): renderer  : Mali-T628
I/SurfaceFlinger( 4122): version   : OpenGL ES 3.0
I/SurfaceFlinger( 4122): extensions: GL_EXT_debug_marker GL_ARM_rgba8 GL_ARM_mali_shader_binary GL_OES_depth24 GL_OES_depth_texture GL_OES_depth_texture_cube_map GL_OES_packed_depth_stencil GL_OES_rgb8_rgba8 GL_EXT_read_format_bgra GL_OES_compressed_paletted_texture GL_OES_compressed_ETC1_RGB8_texture GL_OES_standard_derivatives GL_OES_EGL_image GL_OES_EGL_image_external GL_OES_EGL_sync GL_OES_texture_npot GL_OES_vertex_half_float GL_OES_required_internalformat GL_OES_vertex_array_object GL_OES_mapbuffer GL_EXT_texture_format_BGRA8888 GL_EXT_texture_rg GL_EXT_texture_type_2_10_10_10_REV GL_OES_fbo_render_mipmap GL_OES_element_index_uint GL_EXT_shadow_samplers GL_OES_texture_compression_astc GL_KHR_texture_compression_astc_ldr GL_KHR_texture_compression_astc_hdr GL_KHR_debug GL_EXT_occlusion_query_boolean GL_EXT_blend_minmax GL_EXT_discard_framebuffer GL_OES_get_program_binary GL_OES_texture_3D GL_EXT_texture_storage GL_EXT_multisampled_render_to_texture GL_OES_surfaceless_context GL_ARM_mali_program_binary 
I/SurfaceFlinger( 4122): GL_MAX_TEXTURE_SIZE = 8192
I/SurfaceFlinger( 4122): GL_MAX_VIEWPORT_DIMS = 8192
E/libEGL  ( 4122): eglQuerySurface:607 error 300d (EGL_BAD_SURFACE)
E/libEGL  ( 4122): eglQuerySurface:607 error 300d (EGL_BAD_SURFACE)
E/libEGL  ( 4122): call to OpenGL ES API with no current context (logged once per thread)
D/SurfaceFlinger( 4122): Set power mode=2, type=0 flinger=0xb6962000
I/hwcomposer( 4122): int exynos5_blank(hwc_composer_device_1*, int, int):: disp(0), blank(0)
I/hwcomposer( 4122): unblank ioctl failed (display already unblanked)
E/libEGL  ( 4122): eglSwapBuffers:1071 error 300d (EGL_BAD_SURFACE)
F/SurfaceFlinger( 4122): eglSwapBuffers(0x1, 0x0) failed with 0x0000300d
F/libc    ( 4122): Fatal signal 6 (SIGABRT), code -6 in tid 4122 (surfaceflinger)
I/DEBUG   ( 3586): property debug.db.uid not set; NOT waiting for gdb.
I/DEBUG   ( 3586): HINT: adb shell setprop debug.db.uid 100000
I/DEBUG   ( 3586): HINT: adb forward tcp:5039 tcp:5039
I/DEBUG   ( 3586): *** *** *** *** *** *** *** *** *** *** *** *** *** *** *** ***
I/DEBUG   ( 3586): Build fingerprint: 'samsung/cm_k3gxx/k3gxx:5.0.2/LRX22G/88e55c58ed:userdebug/test-keys'
I/DEBUG   ( 3586): Revision: '10'
I/DEBUG   ( 3586): ABI: 'arm'
I/DEBUG   ( 3586): pid: 4122, tid: 4122, name: surfaceflinger  >>> /system/bin/surfaceflinger <<<
I/DEBUG   ( 3586): signal 6 (SIGABRT), code -6 (SI_TKILL), fault addr --------
I/DEBUG   ( 3586): Abort message: 'eglSwapBuffers(0x1, 0x0) failed with 0x0000300d'
I/DEBUG   ( 3586):     r0 00000000  r1 0000101a  r2 00000006  r3 00000000
I/DEBUG   ( 3586):     r4 b6f02114  r5 00000006  r6 0000000b  r7 0000010c
I/DEBUG   ( 3586):     r8 00000000  r9 bec67bd0  sl b6954210  fp bec67bd0
I/DEBUG   ( 3586):     ip 0000101a  sp bec67650  lr b6e8c7b9  pc b6eb04e4  cpsr 600f0010
I/DEBUG   ( 3586): 
I/DEBUG   ( 3586): backtrace:
I/DEBUG   ( 3586):     #00 pc 000384e4  /system/lib/libc.so (tgkill+12)
I/DEBUG   ( 3586):     #01 pc 000147b5  /system/lib/libc.so (pthread_kill+52)
I/DEBUG   ( 3586):     #02 pc 0001550b  /system/lib/libc.so (raise+10)
I/DEBUG   ( 3586):     #03 pc 00011c35  /system/lib/libc.so (__libc_android_abort+36)
I/DEBUG   ( 3586):     #04 pc 0000fcb8  /system/lib/libc.so (abort+4)
I/DEBUG   ( 3586):     #05 pc 00007739  /system/lib/libcutils.so (__android_log_assert+88)
I/DEBUG   ( 3586):     #06 pc 0000f4df  /system/lib/libsurfaceflinger.so
I/DEBUG   ( 3586):     #07 pc 0001b9fd  /system/lib/libsurfaceflinger.so
I/DEBUG   ( 3586):     #08 pc 0001abe7  /system/lib/libsurfaceflinger.so
I/DEBUG   ( 3586):     #09 pc 00019fc3  /system/lib/libsurfaceflinger.so
I/DEBUG   ( 3586):     #10 pc 00019d49  /system/lib/libsurfaceflinger.so
I/DEBUG   ( 3586):     #11 pc 00010ed3  /system/lib/libutils.so (android::Looper::pollInner(int)+410)
I/DEBUG   ( 3586):     #12 pc 00010fc5  /system/lib/libutils.so (android::Looper::pollOnce(int, int*, int*, void**)+92)
I/DEBUG   ( 3586):     #13 pc 000174c5  /system/lib/libsurfaceflinger.so
I/DEBUG   ( 3586):     #14 pc 0001993d  /system/lib/libsurfaceflinger.so (android::SurfaceFlinger::run()+8)
I/DEBUG   ( 3586):     #15 pc 0000083d  /system/bin/surfaceflinger
I/DEBUG   ( 3586):     #16 pc 0000fb75  /system/lib/libc.so (__libc_init+44)
I/DEBUG   ( 3586):     #17 pc 000008d8  /system/bin/surfaceflinger
W/auditd  ( 3581): type=1325 audit(0.0:469): table=raw family=10 entries=8
W/ip6tables( 4270): type=1300 audit(0.0:469): arch=40000028 syscall=294 per=800000 success=yes exit=0 a0=4 a1=29 a2=40 a3=b6c32800 items=0 ppid=4120 auid=4294967295 uid=0 gid=0 euid=0 suid=0 fsuid=0 egid=0 sgid=0 fsgid=0 ses=4294967295 tty=(none) exe="/system/bin/ip6tables" subj=u:r:netd:s0 key=(null)
W/auditd  ( 3581): type=1320 audit(0.0:469): 
W/auditd  ( 3581): type=1325 audit(0.0:470): table=raw family=2 entries=8
W/iptables( 4271): type=1300 audit(0.0:470): arch=40000028 syscall=294 per=800000 success=yes exit=0 a0=4 a1=0 a2=40 a3=b6c30100 items=0 ppid=4120 auid=4294967295 uid=0 gid=0 euid=0 suid=0 fsuid=0 egid=0 sgid=0 fsgid=0 ses=4294967295 tty=(none) exe="/system/bin/iptables" subj=u:r:netd:s0 key=(null)
W/auditd  ( 3581): type=1320 audit(0.0:470): 
W/auditd  ( 3581): type=1325 audit(0.0:471): table=raw family=10 entries=8
W/ip6tables( 4272): type=1300 audit(0.0:471): arch=40000028 syscall=294 per=800000 success=yes exit=0 a0=4 a1=29 a2=40 a3=b6c32400 items=0 ppid=4120 auid=4294967295 uid=0 gid=0 euid=0 suid=0 fsuid=0 egid=0 sgid=0 fsgid=0 ses=4294967295 tty=(none) exe="/system/bin/ip6tables" subj=u:r:netd:s0 key=(null)
W/auditd  ( 3581): type=1320 audit(0.0:471): 
W/auditd  ( 3581): type=1325 audit(0.0:472): table=raw family=2 entries=6
W/iptables( 4273): type=1300 audit(0.0:472): arch=40000028 syscall=294 per=800000 success=yes exit=0 a0=4 a1=0 a2=40 a3=b6c20400 items=0 ppid=4120 auid=4294967295 uid=0 gid=0 euid=0 suid=0 fsuid=0 egid=0 sgid=0 fsgid=0 ses=4294967295 tty=(none) exe="/system/bin/iptables" subj=u:r:netd:s0 key=(null)
W/auditd  ( 3581): type=1320 audit(0.0:472): 
W/auditd  ( 3581): type=1325 audit(0.0:473): table=raw family=10 entries=6
W/ip6tables( 4274): type=1300 audit(0.0:473): arch=40000028 syscall=294 per=800000 success=yes exit=0 a0=4 a1=29 a2=40 a3=b6c31800 items=0 ppid=4120 auid=4294967295 uid=0 gid=0 euid=0 suid=0 fsuid=0 egid=0 sgid=0 fsgid=0 ses=4294967295 tty=(none) exe="/system/bin/ip6tables" subj=u:r:netd:s0 key=(null)
W/auditd  ( 3581): type=1320 audit(0.0:473): 
W/auditd  ( 3581): type=1325 audit(0.0:474): table=raw family=2 entries=8
W/iptables( 4275): type=1300 audit(0.0:474): arch=40000028 syscall=294 per=800000 success=yes exit=0 a0=4 a1=0 a2=40 a3=b6c1ba00 items=0 ppid=4120 auid=4294967295 uid=0 gid=0 euid=0 suid=0 fsuid=0 egid=0 sgid=0 fsgid=0 ses=4294967295 tty=(none) exe="/system/bin/iptables" subj=u:r:netd:s0 key=(null)
W/auditd  ( 3581): type=1320 audit(0.0:474): 
W/auditd  ( 3581): type=1325 audit(0.0:475): table=raw family=10 entries=8
W/ip6tables( 4276): type=1300 audit(0.0:475): arch=40000028 syscall=294 per=800000 success=yes exit=0 a0=4 a1=29 a2=40 a3=b6c37800 items=0 ppid=4120 auid=4294967295 uid=0 gid=0 euid=0 suid=0 fsuid=0 egid=0 sgid=0 fsgid=0 ses=4294967295 tty=(none) exe="/system/bin/ip6tables" subj=u:r:netd:s0 key=(null)
I/ServiceManager( 4123): Waiting for service batterystats...
I/DEBUG   ( 3586): 
I/DEBUG   ( 3586): Tombstone written to: /data/tombstones/tombstone_01
V/NatController( 4120): runCmd(/system/bin/iptables -F natctrl_FORWARD) res=0
V/NatController( 4120): runCmd(/system/bin/iptables -A natctrl_FORWARD -j DROP) res=0
V/NatController( 4120): runCmd(/system/bin/iptables -t nat -F natctrl_nat_POSTROUTING) res=0
I/ServiceManager( 3570): service 'SurfaceFlinger' died
I/ServiceManager( 3570): service 'Exynos.HWCService' died
I/ServiceManager( 3570): service 'media.wifi_display' died
W/SurfaceComposerClient( 4186): ComposerService remote (surfaceflinger) died [0xb63591c0]
D/BootAnimation( 4186): SurfaceFlinger died, exiting...
V/NatController( 4120): runCmd(/system/bin/iptables -F natctrl_tether_counters) res=0
V/NatController( 4120): runCmd(/system/bin/iptables -X natctrl_tether_counters) res=0
V/NatController( 4120): runCmd(/system/bin/iptables -N natctrl_tether_counters) res=0
V/NatController( 4120): runCmd(/system/bin/iptables -t mangle -A natctrl_mangle_FORWARD -p tcp --tcp-flags SYN SYN -j TCPMSS --clamp-mss-to-pmtu) res=0
I/ServiceManager( 3570): service 'media.audio_flinger' died
W/init    ( 4334): type=1400 audit(0.0:520): avc: denied { entrypoint } for path="/system/bin/auditd" dev="mmcblk0p18" ino=173 scontext=u:r:logd:s0 tcontext=u:object_r:system_file:s0 tclass=file
W/init    ( 4334): type=1300 audit(0.0:520): arch=40000028 syscall=11 per=800000 success=no exit=-13 a0=b6d80954 a1=b6d69530 a2=57e64 a3=ff0000 items=1 ppid=1 auid=4294967295 uid=0 gid=0 euid=0 suid=0 fsuid=0 egid=0 sgid=0 fsgid=0 ses=4294967295 tty=(none) exe="/init" subj=u:r:init:s0 key=(null)
W/auditd  ( 3581): type=1307 audit(0.0:520): cwd="/"
W/auditd  ( 3581): type=1302 audit(0.0:520): item=0 name="/system/bin/auditd" inode=173 dev=103:0a mode=0100755 ouid=0 ogid=2000 rdev=00:00 obj=u:object_r:system_file:s0
W/auditd  ( 3581): type=1320 audit(0.0:520): 
I/Netd    ( 4335): Netd 1.0 starting
E/Netd    ( 4335): Failed to open /proc/sys/net/ipv6/conf/default/accept_ra_rt_table: No such file or directory
E/Netd    ( 4335): Failed to open /proc/sys/net/ipv6/conf/ip6tnl0/accept_ra_rt_table: No such file or directory
E/Netd    ( 4335): Failed to open /proc/sys/net/ipv6/conf/lo/accept_ra_rt_table: No such file or directory
E/Netd    ( 4335): Failed to open /proc/sys/net/ipv6/conf/rmnet0/accept_ra_rt_table: No such file or directory
E/Netd    ( 4335): Failed to open /proc/sys/net/ipv6/conf/rmnet1/accept_ra_rt_table: No such file or directory
E/Netd    ( 4335): Failed to open /proc/sys/net/ipv6/conf/rmnet2/accept_ra_rt_table: No such file or directory
E/Netd    ( 4335): Failed to open /proc/sys/net/ipv6/conf/rmnet3/accept_ra_rt_table: No such file or directory
E/Netd    ( 4335): Failed to open /proc/sys/net/ipv6/conf/sit0/accept_ra_rt_table: No such file or directory
W/auditd  ( 3581): type=1325 audit(0.0:521): table=filter family=2 entries=40
W/iptables( 4341): type=1300 audit(0.0:521): arch=40000028 syscall=294 per=800000 success=yes exit=0 a0=4 a1=0 a2=40 a3=b6c25000 items=0 ppid=4335 auid=4294967295 uid=0 gid=0 euid=0 suid=0 fsuid=0 egid=0 sgid=0 fsgid=0 ses=4294967295 tty=(none) exe="/system/bin/iptables" subj=u:r:netd:s0 key=(null)
W/auditd  ( 3581): type=1320 audit(0.0:521): 
I/SurfaceFlinger( 4337): SurfaceFlinger is starting
I/SurfaceFlinger( 4337): SurfaceFlinger's main thread ready to run. Initializing graphics H/W...
W/auditd  ( 3581): type=1325 audit(0.0:522): table=filter family=10 entries=37
W/ip6tables( 4342): type=1300 audit(0.0:522): arch=40000028 syscall=294 per=800000 success=yes exit=0 a0=4 a1=29 a2=40 a3=b6c28000 items=0 ppid=4335 auid=4294967295 uid=0 gid=0 euid=0 suid=0 fsuid=0 egid=0 sgid=0 fsgid=0 ses=4294967295 tty=(none) exe="/system/bin/ip6tables" subj=u:r:netd:s0 key=(null)
W/auditd  ( 3581): type=1320 audit(0.0:522): 
W/auditd  ( 3581): type=1325 audit(0.0:523): table=filter family=2 entries=39
W/iptables( 4346): type=1300 audit(0.0:523): arch=40000028 syscall=294 per=800000 success=yes exit=0 a0=4 a1=0 a2=40 a3=b6c22000 items=0 ppid=4335 auid=4294967295 uid=0 gid=0 euid=0 suid=0 fsuid=0 egid=0 sgid=0 fsgid=0 ses=4294967295 tty=(none) exe="/system/bin/iptables" subj=u:r:netd:s0 key=(null)
W/auditd  ( 3581): type=1320 audit(0.0:523): 
D/libEGL  ( 4337): loaded /vendor/lib/egl/libGLES_mali.so
W/auditd  ( 3581): type=1325 audit(0.0:524): table=filter family=10 entries=36
W/ip6tables( 4348): type=1300 audit(0.0:524): arch=40000028 syscall=294 per=800000 success=yes exit=0 a0=4 a1=29 a2=40 a3=b6c23000 items=0 ppid=4335 auid=4294967295 uid=0 gid=0 euid=0 suid=0 fsuid=0 egid=0 sgid=0 fsgid=0 ses=4294967295 tty=(none) exe="/system/bin/ip6tables" subj=u:r:netd:s0 key=(null)
W/auditd  ( 3581): type=1320 audit(0.0:524): 
W/auditd  ( 3581): type=1325 audit(0.0:525): table=filter family=2 entries=39
W/iptables( 4349): type=1300 audit(0.0:525): arch=40000028 syscall=294 per=800000 success=yes exit=0 a0=4 a1=0 a2=40 a3=b6c22000 items=0 ppid=4335 auid=4294967295 uid=0 gid=0 euid=0 suid=0 fsuid=0 egid=0 sgid=0 fsgid=0 ses=4294967295 tty=(none) exe="/system/bin/iptables" subj=u:r:netd:s0 key=(null)
W/auditd  ( 3581): type=1320 audit(0.0:525): 
I/        ( 4337): PLATFORM VERSION : JB-MR-2
I/gralloc ( 4337): using (fd=12)
I/gralloc ( 4337): id           = 
I/gralloc ( 4337): xres         = 1080 px
I/gralloc ( 4337): yres         = 1920 px
I/gralloc ( 4337): xres_virtual = 1080 px
I/gralloc ( 4337): yres_virtual = 3840 px
I/gralloc ( 4337): bpp          = 32
I/gralloc ( 4337): r            = 16:8
I/gralloc ( 4337): g            =  8:8
I/gralloc ( 4337): b            =  0:8
I/gralloc ( 4337): width        = 65 mm (422.030762 dpi)
I/gralloc ( 4337): height       = 115 mm (424.069580 dpi)
I/gralloc ( 4337): refresh rate = 60.00 Hz
I/mediaserver( 4338): ServiceManager: 0xb60500c0
I/AudioFlinger( 4338): Using default 3000 mSec as standby time.
I/ServiceManager( 4338): Waiting for service batterystats...
D/AndroidRuntime( 4340): 
D/AndroidRuntime( 4340): >>>>>> AndroidRuntime START com.android.internal.os.ZygoteInit <<<<<<
D/AndroidRuntime( 4340): CheckJNI is OFF
I/art     ( 4340): option[0]=-Xzygote
I/art     ( 4340): option[1]=-Xstacktracefile:/data/anr/traces.txt
I/art     ( 4340): option[2]=exit
I/art     ( 4340): option[3]=vfprintf
I/art     ( 4340): option[4]=sensitiveThread
I/art     ( 4340): option[5]=-verbose:gc
I/art     ( 4340): option[6]=-Xms8m
I/art     ( 4340): option[7]=-Xmx512m
I/art     ( 4340): option[8]=-XX:mainThreadStackSize=24K
I/art     ( 4340): option[9]=-XX:HeapGrowthLimit=128m
I/art     ( 4340): option[10]=-XX:HeapMinFree=2m
I/art     ( 4340): option[11]=-XX:HeapMaxFree=8m
I/art     ( 4340): option[12]=-XX:HeapTargetUtilization=0.75
I/art     ( 4340): option[13]=-agentlib:jdwp=transport=dt_android_adb,suspend=n,server=y
I/art     ( 4340): option[14]=-Xlockprofthreshold:500
I/art     ( 4340): option[15]=-Ximage-compiler-option
I/art     ( 4340): option[16]=--runtime-arg
I/art     ( 4340): option[17]=-Ximage-compiler-option
I/art     ( 4340): option[18]=-Xms64m
I/art     ( 4340): option[19]=-Ximage-compiler-option
I/art     ( 4340): option[20]=--runtime-arg
I/art     ( 4340): option[21]=-Ximage-compiler-option
I/art     ( 4340): option[22]=-Xmx64m
I/art     ( 4340): option[23]=-Ximage-compiler-option
I/art     ( 4340): option[24]=--image-classes-zip=/system/framework/framework.jar
I/art     ( 4340): option[25]=-Ximage-compiler-option
I/art     ( 4340): option[26]=--image-classes=preloaded-classes
I/art     ( 4340): option[27]=-Xcompiler-option
I/art     ( 4340): option[28]=--runtime-arg
I/art     ( 4340): option[29]=-Xcompiler-option
I/art     ( 4340): option[30]=-Xms64m
I/art     ( 4340): option[31]=-Xcompiler-option
I/art     ( 4340): option[32]=--runtime-arg
I/art     ( 4340): option[33]=-Xcompiler-option
I/art     ( 4340): option[34]=-Xmx512m
I/art     ( 4340): option[35]=-Duser.language=es
I/art     ( 4340): option[36]=-Duser.region=US
I/art     ( 4340): Pruning dalvik-cache since we are generating an image and will need to recompile
W/art     ( 4340): Unexpected file type of 
W/art     ( 4340):  encountered.
I/art     ( 4340): Using an offset of 0xff6dc000 from default art base address of 0x70000000
I/art     ( 4340): GenerateImage: /system/bin/dex2oat --image=/data/dalvik-cache/arm/system@framework@boot.art --dex-file=/system/framework/core-libart.jar --dex-file=/system/framework/conscrypt.jar --dex-file=/system/framework/okhttp.jar --dex-file=/system/framework/core-junit.jar --dex-file=/system/framework/bouncycastle.jar --dex-file=/system/framework/ext.jar --dex-file=/system/framework/framework.jar --dex-file=/system/framework/telephony-common.jar --dex-file=/system/framework/voip-common.jar --dex-file=/system/framework/ims-common.jar --dex-file=/system/framework/mms-common.jar --dex-file=/system/framework/android.policy.jar --dex-file=/system/framework/apache-xml.jar --oat-file=/data/dalvik-cache/arm/system@framework@boot.oat --instruction-set=arm --instruction-set-features=div --base=0x6f6dc000 --runtime-arg -Xms64m --runtime-arg -Xmx64m --image-classes-zip=/system/framework/framework.jar --image-classes=preloaded-classes
W/art     ( 4340): Unexpected file type of 
W/art     ( 4340):  encountered.
W/art     ( 4340): Could not create image space with image file '/system/framework/boot.art'. Attempting to fall back to imageless running. Error was: Failed to generate image '/data/dalvik-cache/arm/system@framework@boot.art': Failed execv(/system/bin/dex2oat --image=/data/dalvik-cache/arm/system@framework@boot.art --dex-file=/system/framework/core-libart.jar --dex-file=/system/framework/conscrypt.jar --dex-file=/system/framework/okhttp.jar --dex-file=/system/framework/core-junit.jar --dex-file=/system/framework/bouncycastle.jar --dex-file=/system/framework/ext.jar --dex-file=/system/framework/framework.jar --dex-file=/system/framework/telephony-common.jar --dex-file=/system/framework/voip-common.jar --dex-file=/system/framework/ims-common.jar --dex-file=/system/framework/mms-common.jar --dex-file=/system/framework/android.policy.jar --dex-file=/system/framework/apache-xml.jar --oat-file=/data/dalvik-cache/arm/system@framework@boot.oat --instruction-set=arm --instruction-set-features=div --base=0x6f6dc000 --runtime-arg -Xms64
D/hwcomposer( 4337): using
D/hwcomposer( 4337): xres         = 1080 px
D/hwcomposer( 4337): yres         = 1920 px
D/hwcomposer( 4337): width        = 65 mm (422.030000 dpi)
D/hwcomposer( 4337): height       = 115 mm (424.069000 dpi)
D/hwcomposer( 4337): refresh rate = 60 Hz
E/libexynosv4l2-subdev( 4337): no subdev device found
E/hdmi    ( 4337): failed to open hdmi mixer0 subdev
E/hwcomposer( 4337): openHdmi fail
I/hwcomposer( 4337): PSR info devname = /sys/devices/14400000.fimd_fb/psr_info
I/hwcomposer( 4337): PSR mode is 2(0: video mode, 1: DP PSR mode, 2: MIPI-DSI command mode)
I/SurfaceFlinger( 4337): Using composer version 1.3
I/SurfaceFlinger( 4337): EGL information:
I/SurfaceFlinger( 4337): vendor    : Android
I/SurfaceFlinger( 4337): version   : 1.4 Android META-EGL
I/SurfaceFlinger( 4337): extensions: EGL_KHR_get_all_proc_addresses EGL_ANDROID_presentation_time EGL_KHR_image EGL_KHR_image_base EGL_KHR_gl_texture_2D_image EGL_KHR_gl_texture_cubemap_image EGL_KHR_gl_renderbuffer_image EGL_KHR_fence_sync EGL_KHR_create_context EGL_ANDROID_image_native_buffer EGL_KHR_wait_sync EGL_ANDROID_recordable 
I/SurfaceFlinger( 4337): Client API: OpenGL_ES
I/SurfaceFlinger( 4337): EGLSurface: 8-8-8-8, config=0xb69cf2ac
I/SurfaceFlinger( 4337): OpenGL ES informations:
I/SurfaceFlinger( 4337): vendor    : ARM
I/SurfaceFlinger( 4337): renderer  : Mali-T628
I/SurfaceFlinger( 4337): version   : OpenGL ES 3.0
I/SurfaceFlinger( 4337): extensions: GL_EXT_debug_marker GL_ARM_rgba8 GL_ARM_mali_shader_binary GL_OES_depth24 GL_OES_depth_texture GL_OES_depth_texture_cube_map GL_OES_packed_depth_stencil GL_OES_rgb8_rgba8 GL_EXT_read_format_bgra GL_OES_compressed_paletted_texture GL_OES_compressed_ETC1_RGB8_texture GL_OES_standard_derivatives GL_OES_EGL_image GL_OES_EGL_image_external GL_OES_EGL_sync GL_OES_texture_npot GL_OES_vertex_half_float GL_OES_required_internalformat GL_OES_vertex_array_object GL_OES_mapbuffer GL_EXT_texture_format_BGRA8888 GL_EXT_texture_rg GL_EXT_texture_type_2_10_10_10_REV GL_OES_fbo_render_mipmap GL_OES_element_index_uint GL_EXT_shadow_samplers GL_OES_texture_compression_astc GL_KHR_texture_compression_astc_ldr GL_KHR_texture_compression_astc_hdr GL_KHR_debug GL_EXT_occlusion_query_boolean GL_EXT_blend_minmax GL_EXT_discard_framebuffer GL_OES_get_program_binary GL_OES_texture_3D GL_EXT_texture_storage GL_EXT_multisampled_render_to_texture GL_OES_surfaceless_context GL_ARM_mali_program_binary 
I/SurfaceFlinger( 4337): GL_MAX_TEXTURE_SIZE = 8192
I/SurfaceFlinger( 4337): GL_MAX_VIEWPORT_DIMS = 8192
E/libEGL  ( 4337): eglQuerySurface:607 error 300d (EGL_BAD_SURFACE)
E/libEGL  ( 4337): eglQuerySurface:607 error 300d (EGL_BAD_SURFACE)
E/libEGL  ( 4337): call to OpenGL ES API with no current context (logged once per thread)
D/SurfaceFlinger( 4337): Set power mode=2, type=0 flinger=0xb6962000
I/hwcomposer( 4337): int exynos5_blank(hwc_composer_device_1*, int, int):: disp(0), blank(0)
I/hwcomposer( 4337): unblank ioctl failed (display already unblanked)
E/libEGL  ( 4337): eglSwapBuffers:1071 error 300d (EGL_BAD_SURFACE)
F/SurfaceFlinger( 4337): eglSwapBuffers(0x1, 0x0) failed with 0x0000300d
F/libc    ( 4337): Fatal signal 6 (SIGABRT), code -6 in tid 4337 (surfaceflinger)
I/DEBUG   ( 3586): property debug.db.uid not set; NOT waiting for gdb.
I/DEBUG   ( 3586): HINT: adb shell setprop debug.db.uid 100000
I/DEBUG   ( 3586): HINT: adb forward tcp:5039 tcp:5039
I/DEBUG   ( 3586): *** *** *** *** *** *** *** *** *** *** *** *** *** *** *** ***
I/DEBUG   ( 3586): Build fingerprint: 'samsung/cm_k3gxx/k3gxx:5.0.2/LRX22G/88e55c58ed:userdebug/test-keys'
I/DEBUG   ( 3586): Revision: '10'
I/DEBUG   ( 3586): ABI: 'arm'
I/DEBUG   ( 3586): pid: 4337, tid: 4337, name: surfaceflinger  >>> /system/bin/surfaceflinger <<<
I/DEBUG   ( 3586): signal 6 (SIGABRT), code -6 (SI_TKILL), fault addr --------
I/DEBUG   ( 3586): Abort message: 'eglSwapBuffers(0x1, 0x0) failed with 0x0000300d'
I/DEBUG   ( 3586):     r0 00000000  r1 000010f1  r2 00000006  r3 00000000
I/DEBUG   ( 3586):     r4 b6f17114  r5 00000006  r6 0000000b  r7 0000010c
I/DEBUG   ( 3586):     r8 00000000  r9 bed63bd0  sl b6954210  fp bed63bd0
I/DEBUG   ( 3586):     ip 000010f1  sp bed63650  lr b6ea17b9  pc b6ec54e4  cpsr 600f0010
I/DEBUG   ( 3586): 
I/DEBUG   ( 3586): backtrace:
I/DEBUG   ( 3586):     #00 pc 000384e4  /system/lib/libc.so (tgkill+12)
I/DEBUG   ( 3586):     #01 pc 000147b5  /system/lib/libc.so (pthread_kill+52)
I/DEBUG   ( 3586):     #02 pc 0001550b  /system/lib/libc.so (raise+10)
I/DEBUG   ( 3586):     #03 pc 00011c35  /system/lib/libc.so (__libc_android_abort+36)
I/DEBUG   ( 3586):     #04 pc 0000fcb8  /system/lib/libc.so (abort+4)
I/DEBUG   ( 3586):     #05 pc 00007739  /system/lib/libcutils.so (__android_log_assert+88)
I/DEBUG   ( 3586):     #06 pc 0000f4df  /system/lib/libsurfaceflinger.so
I/DEBUG   ( 3586):     #07 pc 0001b9fd  /system/lib/libsurfaceflinger.so
I/DEBUG   ( 3586):     #08 pc 0001abe7  /system/lib/libsurfaceflinger.so
I/DEBUG   ( 3586):     #09 pc 00019fc3  /system/lib/libsurfaceflinger.so
I/DEBUG   ( 3586):     #10 pc 00019d49  /system/lib/libsurfaceflinger.so
I/DEBUG   ( 3586):     #11 pc 00010ed3  /system/lib/libutils.so (android::Looper::pollInner(int)+410)
I/DEBUG   ( 3586):     #12 pc 00010fc5  /system/lib/libutils.so (android::Looper::pollOnce(int, int*, int*, void**)+92)
I/DEBUG   ( 3586):     #13 pc 000174c5  /system/lib/libsurfaceflinger.so
I/DEBUG   ( 3586):     #14 pc 0001993d  /system/lib/libsurfaceflinger.so (android::SurfaceFlinger::run()+8)
I/DEBUG   ( 3586):     #15 pc 0000083d  /system/bin/surfaceflinger
I/DEBUG   ( 3586):     #16 pc 0000fb75  /system/lib/libc.so (__libc_init+44)
I/DEBUG   ( 3586):     #17 pc 000008d8  /system/bin/surfaceflinger
W/auditd  ( 3581): type=1325 audit(0.0:650): table=raw family=10 entries=8
W/ip6tables( 4481): type=1300 audit(0.0:650): arch=40000028 syscall=294 per=800000 success=yes exit=0 a0=4 a1=29 a2=40 a3=b6c37800 items=0 ppid=4335 auid=4294967295 uid=0 gid=0 euid=0 suid=0 fsuid=0 egid=0 sgid=0 fsgid=0 ses=4294967295 tty=(none) exe="/system/bin/ip6tables" subj=u:r:netd:s0 key=(null)
W/auditd  ( 3581): type=1320 audit(0.0:650): 
W/auditd  ( 3581): type=1325 audit(0.0:651): table=raw family=2 entries=9
W/iptables( 4482): type=1300 audit(0.0:651): arch=40000028 syscall=294 per=800000 success=yes exit=0 a0=4 a1=0 a2=40 a3=b6c1ba00 items=0 ppid=4335 auid=4294967295 uid=0 gid=0 euid=0 suid=0 fsuid=0 egid=0 sgid=0 fsgid=0 ses=4294967295 tty=(none) exe="/system/bin/iptables" subj=u:r:netd:s0 key=(null)
W/auditd  ( 3581): type=1320 audit(0.0:651): 
W/auditd  ( 3581): type=1325 audit(0.0:652): table=raw family=10 entries=9
W/ip6tables( 4483): type=1300 audit(0.0:652): arch=40000028 syscall=294 per=800000 success=yes exit=0 a0=4 a1=29 a2=40 a3=b6c1d000 items=0 ppid=4335 auid=4294967295 uid=0 gid=0 euid=0 suid=0 fsuid=0 egid=0 sgid=0 fsgid=0 ses=4294967295 tty=(none) exe="/system/bin/ip6tables" subj=u:r:netd:s0 key=(null)
W/auditd  ( 3581): type=1320 audit(0.0:652): 
W/auditd  ( 3581): type=1325 audit(0.0:653): table=raw family=2 entries=8
W/iptables( 4484): type=1300 audit(0.0:653): arch=40000028 syscall=294 per=800000 success=yes exit=0 a0=4 a1=0 a2=40 a3=b6c1ba00 items=0 ppid=4335 auid=4294967295 uid=0 gid=0 euid=0 suid=0 fsuid=0 egid=0 sgid=0 fsgid=0 ses=4294967295 tty=(none) exe="/system/bin/iptables" subj=u:r:netd:s0 key=(null)
W/auditd  ( 3581): type=1320 audit(0.0:653): 
W/auditd  ( 3581): type=1325 audit(0.0:654): table=raw family=10 entries=8
W/ip6tables( 4485): type=1300 audit(0.0:654): arch=40000028 syscall=294 per=800000 success=yes exit=0 a0=4 a1=29 a2=40 a3=b6c32800 items=0 ppid=4335 auid=4294967295 uid=0 gid=0 euid=0 suid=0 fsuid=0 egid=0 sgid=0 fsgid=0 ses=4294967295 tty=(none) exe="/system/bin/ip6tables" subj=u:r:netd:s0 key=(null)
W/auditd  ( 3581): type=1320 audit(0.0:654): 
W/auditd  ( 3581): type=1325 audit(0.0:655): table=raw family=2 entries=8
W/iptables( 4486): type=1300 audit(0.0:655): arch=40000028 syscall=294 per=800000 success=yes exit=0 a0=4 a1=0 a2=40 a3=b6c30100 items=0 ppid=4335 auid=4294967295 uid=0 gid=0 euid=0 suid=0 fsuid=0 egid=0 sgid=0 fsgid=0 ses=4294967295 tty=(none) exe="/system/bin/iptables" subj=u:r:netd:s0 key=(null)
W/auditd  ( 3581): type=1320 audit(0.0:655): 
W/auditd  ( 3581): type=1325 audit(0.0:656): table=raw family=10 entries=8
W/ip6tables( 4487): type=1300 audit(0.0:656): arch=40000028 syscall=294 per=800000 success=yes exit=0 a0=4 a1=29 a2=40 a3=b6c32400 items=0 ppid=4335 auid=4294967295 uid=0 gid=0 euid=0 suid=0 fsuid=0 egid=0 sgid=0 fsgid=0 ses=4294967295 tty=(none) exe="/system/bin/ip6tables" subj=u:r:netd:s0 key=(null)
I/ServiceManager( 4338): Waiting for service batterystats...
I/DEBUG   ( 3586): 
I/DEBUG   ( 3586): Tombstone written to: /data/tombstones/tombstone_02
V/NatController( 4335): runCmd(/system/bin/iptables -F natctrl_FORWARD) res=0
V/NatController( 4335): runCmd(/system/bin/iptables -A natctrl_FORWARD -j DROP) res=0
V/NatController( 4335): runCmd(/system/bin/iptables -t nat -F natctrl_nat_POSTROUTING) res=0
V/NatController( 4335): runCmd(/system/bin/iptables -F natctrl_tether_counters) res=0
V/NatController( 4335): runCmd(/system/bin/iptables -X natctrl_tether_counters) res=0
V/NatController( 4335): runCmd(/system/bin/iptables -N natctrl_tether_counters) res=0
I/ServiceManager( 3570): service 'SurfaceFlinger' died
I/ServiceManager( 3570): service 'Exynos.HWCService' died
I/ServiceManager( 3570): service 'media.wifi_display' died
F/libc    ( 4398): Fatal signal 11 (SIGSEGV), code 1, fault addr 0x0 in tid 4531 (BootAnimation)
W/SurfaceComposerClient( 4398): ComposerService remote (surfaceflinger) died [0xb62591c0]
D/BootAnimation( 4398): SurfaceFlinger died, exiting...
E/DEBUG   ( 3586): tid 4531 does not exist in pid 4398. ignoring debug request
V/NatController( 4335): runCmd(/system/bin/iptables -t mangle -A natctrl_mangle_FORWARD -p tcp --tcp-flags SYN SYN -j TCPMSS --clamp-mss-to-pmtu) res=0
I/ServiceManager( 3570): service 'media.audio_flinger' died
W/init    ( 4543): type=1400 audit(0.0:704): avc: denied { entrypoint } for path="/system/bin/auditd" dev="mmcblk0p18" ino=173 scontext=u:r:logd:s0 tcontext=u:object_r:system_file:s0 tclass=file
W/init    ( 4543): type=1300 audit(0.0:704): arch=40000028 syscall=11 per=800000 success=no exit=-13 a0=b6d80954 a1=b6d69530 a2=57e64 a3=ff0000 items=1 ppid=1 auid=4294967295 uid=0 gid=0 euid=0 suid=0 fsuid=0 egid=0 sgid=0 fsgid=0 ses=4294967295 tty=(none) exe="/init" subj=u:r:init:s0 key=(null)
W/auditd  ( 3581): type=1307 audit(0.0:704): cwd="/"
W/auditd  ( 3581): type=1302 audit(0.0:704): item=0 name="/system/bin/auditd" inode=173 dev=103:0a mode=0100755 ouid=0 ogid=2000 rdev=00:00 obj=u:object_r:system_file:s0
W/auditd  ( 3581): type=1320 audit(0.0:704): 
I/Netd    ( 4544): Netd 1.0 starting
E/Netd    ( 4544): Failed to open /proc/sys/net/ipv6/conf/default/accept_ra_rt_table: No such file or directory
E/Netd    ( 4544): Failed to open /proc/sys/net/ipv6/conf/ip6tnl0/accept_ra_rt_table: No such file or directory
E/Netd    ( 4544): Failed to open /proc/sys/net/ipv6/conf/lo/accept_ra_rt_table: No such file or directory
E/Netd    ( 4544): Failed to open /proc/sys/net/ipv6/conf/rmnet0/accept_ra_rt_table: No such file or directory
E/Netd    ( 4544): Failed to open /proc/sys/net/ipv6/conf/rmnet1/accept_ra_rt_table: No such file or directory
E/Netd    ( 4544): Failed to open /proc/sys/net/ipv6/conf/rmnet2/accept_ra_rt_table: No such file or directory
E/Netd    ( 4544): Failed to open /proc/sys/net/ipv6/conf/rmnet3/accept_ra_rt_table: No such file or directory
E/Netd    ( 4544): Failed to open /proc/sys/net/ipv6/conf/sit0/accept_ra_rt_table: No such file or directory
W/auditd  ( 3581): type=1325 audit(0.0:705): table=filter family=2 entries=40
W/iptables( 4550): type=1300 audit(0.0:705): arch=40000028 syscall=294 per=800000 success=yes exit=0 a0=4 a1=0 a2=40 a3=b6c25000 items=0 ppid=4544 auid=4294967295 uid=0 gid=0 euid=0 suid=0 fsuid=0 egid=0 sgid=0 fsgid=0 ses=4294967295 tty=(none) exe="/system/bin/iptables" subj=u:r:netd:s0 key=(null)
W/auditd  ( 3581): type=1320 audit(0.0:705): 
I/SurfaceFlinger( 4546): SurfaceFlinger is starting
I/SurfaceFlinger( 4546): SurfaceFlinger's main thread ready to run. Initializing graphics H/W...
W/auditd  ( 3581): type=1325 audit(0.0:706): table=filter family=10 entries=37
W/ip6tables( 4551): type=1300 audit(0.0:706): arch=40000028 syscall=294 per=800000 success=yes exit=0 a0=4 a1=29 a2=40 a3=b6c28000 items=0 ppid=4544 auid=4294967295 uid=0 gid=0 euid=0 suid=0 fsuid=0 egid=0 sgid=0 fsgid=0 ses=4294967295 tty=(none) exe="/system/bin/ip6tables" subj=u:r:netd:s0 key=(null)
W/auditd  ( 3581): type=1320 audit(0.0:706): 
W/auditd  ( 3581): type=1325 audit(0.0:707): table=filter family=2 entries=39
W/iptables( 4554): type=1300 audit(0.0:707): arch=40000028 syscall=294 per=800000 success=yes exit=0 a0=4 a1=0 a2=40 a3=b6c22000 items=0 ppid=4544 auid=4294967295 uid=0 gid=0 euid=0 suid=0 fsuid=0 egid=0 sgid=0 fsgid=0 ses=4294967295 tty=(none) exe="/system/bin/iptables" subj=u:r:netd:s0 key=(null)
W/auditd  ( 3581): type=1320 audit(0.0:707): 
W/auditd  ( 3581): type=1325 audit(0.0:708): table=filter family=10 entries=36
W/ip6tables( 4557): type=1300 audit(0.0:708): arch=40000028 syscall=294 per=800000 success=yes exit=0 a0=4 a1=29 a2=40 a3=b6c23000 items=0 ppid=4544 auid=4294967295 uid=0 gid=0 euid=0 suid=0 fsuid=0 egid=0 sgid=0 fsgid=0 ses=4294967295 tty=(none) exe="/system/bin/ip6tables" subj=u:r:netd:s0 key=(null)
W/auditd  ( 3581): type=1320 audit(0.0:708): 
D/libEGL  ( 4546): loaded /vendor/lib/egl/libGLES_mali.so
W/auditd  ( 3581): type=1325 audit(0.0:709): table=filter family=2 entries=39
W/iptables( 4558): type=1300 audit(0.0:709): arch=40000028 syscall=294 per=800000 success=yes exit=0 a0=4 a1=0 a2=40 a3=b6c22000 items=0 ppid=4544 auid=4294967295 uid=0 gid=0 euid=0 suid=0 fsuid=0 egid=0 sgid=0 fsgid=0 ses=4294967295 tty=(none) exe="/system/bin/iptables" subj=u:r:netd:s0 key=(null)
W/auditd  ( 3581): type=1320 audit(0.0:709): 
I/        ( 4546): PLATFORM VERSION : JB-MR-2
I/mediaserver( 4547): ServiceManager: 0xb60500c0
I/AudioFlinger( 4547): Using default 3000 mSec as standby time.
I/ServiceManager( 4547): Waiting for service batterystats...
I/gralloc ( 4546): using (fd=12)
I/gralloc ( 4546): id           = 
I/gralloc ( 4546): xres         = 1080 px
I/gralloc ( 4546): yres         = 1920 px
I/gralloc ( 4546): xres_virtual = 1080 px
I/gralloc ( 4546): yres_virtual = 3840 px
I/gralloc ( 4546): bpp          = 32
I/gralloc ( 4546): r            = 16:8
I/gralloc ( 4546): g            =  8:8
I/gralloc ( 4546): b            =  0:8
I/gralloc ( 4546): width        = 65 mm (422.030762 dpi)
I/gralloc ( 4546): height       = 115 mm (424.069580 dpi)
I/gralloc ( 4546): refresh rate = 60.00 Hz
D/AndroidRuntime( 4549): 
D/AndroidRuntime( 4549): >>>>>> AndroidRuntime START com.android.internal.os.ZygoteInit <<<<<<
D/AndroidRuntime( 4549): CheckJNI is OFF
I/art     ( 4549): option[0]=-Xzygote
I/art     ( 4549): option[1]=-Xstacktracefile:/data/anr/traces.txt
I/art     ( 4549): option[2]=exit
I/art     ( 4549): option[3]=vfprintf
I/art     ( 4549): option[4]=sensitiveThread
I/art     ( 4549): option[5]=-verbose:gc
I/art     ( 4549): option[6]=-Xms8m
I/art     ( 4549): option[7]=-Xmx512m
I/art     ( 4549): option[8]=-XX:mainThreadStackSize=24K
I/art     ( 4549): option[9]=-XX:HeapGrowthLimit=128m
I/art     ( 4549): option[10]=-XX:HeapMinFree=2m
I/art     ( 4549): option[11]=-XX:HeapMaxFree=8m
I/art     ( 4549): option[12]=-XX:HeapTargetUtilization=0.75
I/art     ( 4549): option[13]=-agentlib:jdwp=transport=dt_android_adb,suspend=n,server=y
I/art     ( 4549): option[14]=-Xlockprofthreshold:500
I/art     ( 4549): option[15]=-Ximage-compiler-option
I/art     ( 4549): option[16]=--runtime-arg
I/art     ( 4549): option[17]=-Ximage-compiler-option
I/art     ( 4549): option[18]=-Xms64m
I/art     ( 4549): option[19]=-Ximage-compiler-option
I/art     ( 4549): option[20]=--runtime-arg
I/art     ( 4549): option[21]=-Ximage-compiler-option
I/art     ( 4549): option[22]=-Xmx64m
I/art     ( 4549): option[23]=-Ximage-compiler-option
I/art     ( 4549): option[24]=--image-classes-zip=/system/framework/framework.jar
I/art     ( 4549): option[25]=-Ximage-compiler-option
I/art     ( 4549): option[26]=--image-classes=preloaded-classes
I/art     ( 4549): option[27]=-Xcompiler-option
I/art     ( 4549): option[28]=--runtime-arg
I/art     ( 4549): option[29]=-Xcompiler-option
I/art     ( 4549): option[30]=-Xms64m
I/art     ( 4549): option[31]=-Xcompiler-option
I/art     ( 4549): option[32]=--runtime-arg
I/art     ( 4549): option[33]=-Xcompiler-option
I/art     ( 4549): option[34]=-Xmx512m
I/art     ( 4549): option[35]=-Duser.language=es
I/art     ( 4549): option[36]=-Duser.region=US
I/art     ( 4549): Pruning dalvik-cache since we are generating an image and will need to recompile
W/art     ( 4549): Unexpected file type of 
W/art     ( 4549):  encountered.
I/art     ( 4549): Using an offset of 0xff04f000 from default art base address of 0x70000000
I/art     ( 4549): GenerateImage: /system/bin/dex2oat --image=/data/dalvik-cache/arm/system@framework@boot.art --dex-file=/system/framework/core-libart.jar --dex-file=/system/framework/conscrypt.jar --dex-file=/system/framework/okhttp.jar --dex-file=/system/framework/core-junit.jar --dex-file=/system/framework/bouncycastle.jar --dex-file=/system/framework/ext.jar --dex-file=/system/framework/framework.jar --dex-file=/system/framework/telephony-common.jar --dex-file=/system/framework/voip-common.jar --dex-file=/system/framework/ims-common.jar --dex-file=/system/framework/mms-common.jar --dex-file=/system/framework/android.policy.jar --dex-file=/system/framework/apache-xml.jar --oat-file=/data/dalvik-cache/arm/system@framework@boot.oat --instruction-set=arm --instruction-set-features=div --base=0x6f04f000 --runtime-arg -Xms64m --runtime-arg -Xmx64m --image-classes-zip=/system/framework/framework.jar --image-classes=preloaded-classes
W/art     ( 4549): Unexpected file type of 
W/art     ( 4549):  encountered.
W/art     ( 4549): Could not create image space with image file '/system/framework/boot.art'. Attempting to fall back to imageless running. Error was: Failed to generate image '/data/dalvik-cache/arm/system@framework@boot.art': Failed execv(/system/bin/dex2oat --image=/data/dalvik-cache/arm/system@framework@boot.art --dex-file=/system/framework/core-libart.jar --dex-file=/system/framework/conscrypt.jar --dex-file=/system/framework/okhttp.jar --dex-file=/system/framework/core-junit.jar --dex-file=/system/framework/bouncycastle.jar --dex-file=/system/framework/ext.jar --dex-file=/system/framework/framework.jar --dex-file=/system/framework/telephony-common.jar --dex-file=/system/framework/voip-common.jar --dex-file=/system/framework/ims-common.jar --dex-file=/system/framework/mms-common.jar --dex-file=/system/framework/android.policy.jar --dex-file=/system/framework/apache-xml.jar --oat-file=/data/dalvik-cache/arm/system@framework@boot.oat --instruction-set=arm --instruction-set-features=div --base=0x6f04f000 --runtime-arg -Xms64
D/hwcomposer( 4546): using
D/hwcomposer( 4546): xres         = 1080 px
D/hwcomposer( 4546): yres         = 1920 px
D/hwcomposer( 4546): width        = 65 mm (422.030000 dpi)
D/hwcomposer( 4546): height       = 115 mm (424.069000 dpi)
D/hwcomposer( 4546): refresh rate = 60 Hz
E/libexynosv4l2-subdev( 4546): no subdev device found
E/hdmi    ( 4546): failed to open hdmi mixer0 subdev
E/hwcomposer( 4546): openHdmi fail
I/hwcomposer( 4546): PSR info devname = /sys/devices/14400000.fimd_fb/psr_info
I/hwcomposer( 4546): PSR mode is 2(0: video mode, 1: DP PSR mode, 2: MIPI-DSI command mode)
I/SurfaceFlinger( 4546): Using composer version 1.3
I/SurfaceFlinger( 4546): EGL information:
I/SurfaceFlinger( 4546): vendor    : Android
I/SurfaceFlinger( 4546): version   : 1.4 Android META-EGL
I/SurfaceFlinger( 4546): extensions: EGL_KHR_get_all_proc_addresses EGL_ANDROID_presentation_time EGL_KHR_image EGL_KHR_image_base EGL_KHR_gl_texture_2D_image EGL_KHR_gl_texture_cubemap_image EGL_KHR_gl_renderbuffer_image EGL_KHR_fence_sync EGL_KHR_create_context EGL_ANDROID_image_native_buffer EGL_KHR_wait_sync EGL_ANDROID_recordable 
I/SurfaceFlinger( 4546): Client API: OpenGL_ES
I/SurfaceFlinger( 4546): EGLSurface: 8-8-8-8, config=0xb6acf2ac
I/SurfaceFlinger( 4546): OpenGL ES informations:
I/SurfaceFlinger( 4546): vendor    : ARM
I/SurfaceFlinger( 4546): renderer  : Mali-T628
I/SurfaceFlinger( 4546): version   : OpenGL ES 3.0
I/SurfaceFlinger( 4546): extensions: GL_EXT_debug_marker GL_ARM_rgba8 GL_ARM_mali_shader_binary GL_OES_depth24 GL_OES_depth_texture GL_OES_depth_texture_cube_map GL_OES_packed_depth_stencil GL_OES_rgb8_rgba8 GL_EXT_read_format_bgra GL_OES_compressed_paletted_texture GL_OES_compressed_ETC1_RGB8_texture GL_OES_standard_derivatives GL_OES_EGL_image GL_OES_EGL_image_external GL_OES_EGL_sync GL_OES_texture_npot GL_OES_vertex_half_float GL_OES_required_internalformat GL_OES_vertex_array_object GL_OES_mapbuffer GL_EXT_texture_format_BGRA8888 GL_EXT_texture_rg GL_EXT_texture_type_2_10_10_10_REV GL_OES_fbo_render_mipmap GL_OES_element_index_uint GL_EXT_shadow_samplers GL_OES_texture_compression_astc GL_KHR_texture_compression_astc_ldr GL_KHR_texture_compression_astc_hdr GL_KHR_debug GL_EXT_occlusion_query_boolean GL_EXT_blend_minmax GL_EXT_discard_framebuffer GL_OES_get_program_binary GL_OES_texture_3D GL_EXT_texture_storage GL_EXT_multisampled_render_to_texture GL_OES_surfaceless_context GL_ARM_mali_program_binary 
I/SurfaceFlinger( 4546): GL_MAX_TEXTURE_SIZE = 8192
I/SurfaceFlinger( 4546): GL_MAX_VIEWPORT_DIMS = 8192
E/libEGL  ( 4546): eglQuerySurface:607 error 300d (EGL_BAD_SURFACE)
E/libEGL  ( 4546): eglQuerySurface:607 error 300d (EGL_BAD_SURFACE)
E/libEGL  ( 4546): call to OpenGL ES API with no current context (logged once per thread)
D/SurfaceFlinger( 4546): Set power mode=2, type=0 flinger=0xb6a62000
I/hwcomposer( 4546): int exynos5_blank(hwc_composer_device_1*, int, int):: disp(0), blank(0)
I/hwcomposer( 4546): unblank ioctl failed (display already unblanked)
E/libEGL  ( 4546): eglSwapBuffers:1071 error 300d (EGL_BAD_SURFACE)
F/SurfaceFlinger( 4546): eglSwapBuffers(0x1, 0x0) failed with 0x0000300d
F/libc    ( 4546): Fatal signal 6 (SIGABRT), code -6 in tid 4546 (surfaceflinger)
I/DEBUG   ( 3586): property debug.db.uid not set; NOT waiting for gdb.
I/DEBUG   ( 3586): HINT: adb shell setprop debug.db.uid 100000
I/DEBUG   ( 3586): HINT: adb forward tcp:5039 tcp:5039
I/DEBUG   ( 3586): *** *** *** *** *** *** *** *** *** *** *** *** *** *** *** ***
I/DEBUG   ( 3586): Build fingerprint: 'samsung/cm_k3gxx/k3gxx:5.0.2/LRX22G/88e55c58ed:userdebug/test-keys'
I/DEBUG   ( 3586): Revision: '10'
I/DEBUG   ( 3586): ABI: 'arm'
I/DEBUG   ( 3586): pid: 4546, tid: 4546, name: surfaceflinger  >>> /system/bin/surfaceflinger <<<
I/DEBUG   ( 3586): signal 6 (SIGABRT), code -6 (SI_TKILL), fault addr --------
I/DEBUG   ( 3586): Abort message: 'eglSwapBuffers(0x1, 0x0) failed with 0x0000300d'
I/DEBUG   ( 3586):     r0 00000000  r1 000011c2  r2 00000006  r3 00000000
I/DEBUG   ( 3586):     r4 b6f76114  r5 00000006  r6 0000000b  r7 0000010c
I/DEBUG   ( 3586):     r8 00000000  r9 bedd8bd0  sl b6a54210  fp bedd8bd0
I/DEBUG   ( 3586):     ip 000011c2  sp bedd8650  lr b6f007b9  pc b6f244e4  cpsr 600f0010
I/DEBUG   ( 3586): 
I/DEBUG   ( 3586): backtrace:
I/DEBUG   ( 3586):     #00 pc 000384e4  /system/lib/libc.so (tgkill+12)
I/DEBUG   ( 3586):     #01 pc 000147b5  /system/lib/libc.so (pthread_kill+52)
I/DEBUG   ( 3586):     #02 pc 0001550b  /system/lib/libc.so (raise+10)
I/DEBUG   ( 3586):     #03 pc 00011c35  /system/lib/libc.so (__libc_android_abort+36)
I/DEBUG   ( 3586):     #04 pc 0000fcb8  /system/lib/libc.so (abort+4)
I/DEBUG   ( 3586):     #05 pc 00007739  /system/lib/libcutils.so (__android_log_assert+88)
I/DEBUG   ( 3586):     #06 pc 0000f4df  /system/lib/libsurfaceflinger.so
I/DEBUG   ( 3586):     #07 pc 0001b9fd  /system/lib/libsurfaceflinger.so
I/DEBUG   ( 3586):     #08 pc 0001abe7  /system/lib/libsurfaceflinger.so
I/DEBUG   ( 3586):     #09 pc 00019fc3  /system/lib/libsurfaceflinger.so
I/DEBUG   ( 3586):     #10 pc 00019d49  /system/lib/libsurfaceflinger.so
I/DEBUG   ( 3586):     #11 pc 00010ed3  /system/lib/libutils.so (android::Looper::pollInner(int)+410)
I/DEBUG   ( 3586):     #12 pc 00010fc5  /system/lib/libutils.so (android::Looper::pollOnce(int, int*, int*, void**)+92)
I/DEBUG   ( 3586):     #13 pc 000174c5  /system/lib/libsurfaceflinger.so
I/DEBUG   ( 3586):     #14 pc 0001993d  /system/lib/libsurfaceflinger.so (android::SurfaceFlinger::run()+8)
I/DEBUG   ( 3586):     #15 pc 0000083d  /system/bin/surfaceflinger
I/DEBUG   ( 3586):     #16 pc 0000fb75  /system/lib/libc.so (__libc_init+44)
I/DEBUG   ( 3586):     #17 pc 000008d8  /system/bin/surfaceflinger
W/auditd  ( 3581): type=1325 audit(0.0:839): table=raw family=2 entries=8
W/iptables( 4695): type=1300 audit(0.0:839): arch=40000028 syscall=294 per=800000 success=yes exit=0 a0=4 a1=0 a2=40 a3=b6c30100 items=0 ppid=4544 auid=4294967295 uid=0 gid=0 euid=0 suid=0 fsuid=0 egid=0 sgid=0 fsgid=0 ses=4294967295 tty=(none) exe="/system/bin/iptables" subj=u:r:netd:s0 key=(null)
W/auditd  ( 3581): type=1320 audit(0.0:839): 
W/auditd  ( 3581): type=1325 audit(0.0:840): table=raw family=10 entries=8
W/ip6tables( 4696): type=1300 audit(0.0:840): arch=40000028 syscall=294 per=800000 success=yes exit=0 a0=4 a1=29 a2=40 a3=b6c32400 items=0 ppid=4544 auid=4294967295 uid=0 gid=0 euid=0 suid=0 fsuid=0 egid=0 sgid=0 fsgid=0 ses=4294967295 tty=(none) exe="/system/bin/ip6tables" subj=u:r:netd:s0 key=(null)
W/auditd  ( 3581): type=1320 audit(0.0:840): 
W/auditd  ( 3581): type=1325 audit(0.0:841): table=raw family=2 entries=6
W/iptables( 4697): type=1300 audit(0.0:841): arch=40000028 syscall=294 per=800000 success=yes exit=0 a0=4 a1=0 a2=40 a3=b6c20400 items=0 ppid=4544 auid=4294967295 uid=0 gid=0 euid=0 suid=0 fsuid=0 egid=0 sgid=0 fsgid=0 ses=4294967295 tty=(none) exe="/system/bin/iptables" subj=u:r:netd:s0 key=(null)
W/auditd  ( 3581): type=1320 audit(0.0:841): 
W/auditd  ( 3581): type=1325 audit(0.0:842): table=raw family=10 entries=6
W/ip6tables( 4698): type=1300 audit(0.0:842): arch=40000028 syscall=294 per=800000 success=yes exit=0 a0=4 a1=29 a2=40 a3=b6c31800 items=0 ppid=4544 auid=4294967295 uid=0 gid=0 euid=0 suid=0 fsuid=0 egid=0 sgid=0 fsgid=0 ses=4294967295 tty=(none) exe="/system/bin/ip6tables" subj=u:r:netd:s0 key=(null)
W/auditd  ( 3581): type=1320 audit(0.0:842): 
W/auditd  ( 3581): type=1325 audit(0.0:843): table=raw family=2 entries=8
W/iptables( 4699): type=1300 audit(0.0:843): arch=40000028 syscall=294 per=800000 success=yes exit=0 a0=4 a1=0 a2=40 a3=b6c1ba00 items=0 ppid=4544 auid=4294967295 uid=0 gid=0 euid=0 suid=0 fsuid=0 egid=0 sgid=0 fsgid=0 ses=4294967295 tty=(none) exe="/system/bin/iptables" subj=u:r:netd:s0 key=(null)
W/auditd  ( 3581): type=1320 audit(0.0:843): 
W/auditd  ( 3581): type=1325 audit(0.0:844): table=raw family=10 entries=8
W/ip6tables( 4700): type=1300 audit(0.0:844): arch=40000028 syscall=294 per=800000 success=yes exit=0 a0=4 a1=29 a2=40 a3=b6c37800 items=0 ppid=4544 auid=4294967295 uid=0 gid=0 euid=0 suid=0 fsuid=0 egid=0 sgid=0 fsgid=0 ses=4294967295 tty=(none) exe="/system/bin/ip6tables" subj=u:r:netd:s0 key=(null)
