E/Minikin ( 4110): addFont failed to create font /system/fonts/NotoSansGujaratiUI-Bold.ttf
E/Minikin ( 4110): addFont failed to create font /system/fonts/NotoSansGurmukhi-Regular.ttf
E/Minikin ( 4110): addFont failed to create font /system/fonts/NotoSansGurmukhi-Bold.ttf
E/Minikin ( 4110): addFont failed to create font /system/fonts/NotoSansGurmukhiUI-Regular.ttf
E/Minikin ( 4110): addFont failed to create font /system/fonts/NotoSansGurmukhiUI-Bold.ttf
E/Minikin ( 4974): addFont failed to create font /system/fonts/NotoSansGujarati-Regular.ttf
E/Minikin ( 4974): addFont failed to create font /system/fonts/NotoSansGujarati-Bold.ttf
E/Minikin ( 4974): addFont failed to create font /system/fonts/NotoSansGujaratiUI-Regular.ttf
E/Minikin ( 4974): addFont failed to create font /system/fonts/NotoSansGujaratiUI-Bold.ttf
E/Minikin ( 4974): addFont failed to create font /system/fonts/NotoSansGurmukhi-Regular.ttf
E/Minikin ( 4974): addFont failed to create font /system/fonts/NotoSansGurmukhi-Bold.ttf
E/Minikin ( 4974): addFont failed to create font /system/fonts/NotoSansGurmukhiUI-Regular.ttf
E/Minikin ( 4974): addFont failed to create font /system/fonts/NotoSansGurmukhiUI-Bold.ttf
E/Minikin ( 4110): addFont failed to create font /system/fonts/NotoSansSinhala-Regular.ttf
E/Minikin ( 4110): addFont failed to create font /system/fonts/NotoSansSinhala-Bold.ttf
E/Minikin ( 4974): addFont failed to create font /system/fonts/NotoSansSinhala-Regular.ttf
E/Minikin ( 4974): addFont failed to create font /system/fonts/NotoSansSinhala-Bold.ttf
E/Minikin ( 4110): addFont failed to create font /system/fonts/NotoSansCherokee-Regular.ttf
E/Minikin ( 4110): addFont failed to create font /system/fonts/NotoSansCanadianAboriginal-Regular.ttf
E/Minikin ( 4110): addFont failed to create font /system/fonts/NotoSansYi-Regular.ttf
E/Minikin ( 4110): addFont failed to create font /system/fonts/NotoSansHans-Regular.otf
E/Minikin ( 4110): addFont failed to create font /system/fonts/NotoSansHant-Regular.otf
E/Minikin ( 4110): addFont failed to create font /system/fonts/NotoSansJP-Regular.otf
E/Minikin ( 4110): addFont failed to create font /system/fonts/NotoSansKR-Regular.otf
E/Minikin ( 4974): addFont failed to create font /system/fonts/NotoSansCherokee-Regular.ttf
E/Minikin ( 4974): addFont failed to create font /system/fonts/NotoSansCanadianAboriginal-Regular.ttf
E/Minikin ( 4974): addFont failed to create font /system/fonts/NotoSansYi-Regular.ttf
E/Minikin ( 4974): addFont failed to create font /system/fonts/NotoSansHans-Regular.otf
E/Minikin ( 4974): addFont failed to create font /system/fonts/NotoSansHant-Regular.otf
E/Minikin ( 4974): addFont failed to create font /system/fonts/NotoSansJP-Regular.otf
E/Minikin ( 4974): addFont failed to create font /system/fonts/NotoSansKR-Regular.otf
E/Minikin ( 4890): addFont failed to create font /system/fonts/NotoSansGujarati-Regular.ttf
E/Minikin ( 4890): addFont failed to create font /system/fonts/NotoSansGujarati-Bold.ttf
E/Minikin ( 4890): addFont failed to create font /system/fonts/NotoSansGujaratiUI-Regular.ttf
E/Minikin ( 4890): addFont failed to create font /system/fonts/NotoSansGujaratiUI-Bold.ttf
E/Minikin ( 4890): addFont failed to create font /system/fonts/NotoSansGurmukhi-Regular.ttf
E/Minikin ( 4890): addFont failed to create font /system/fonts/NotoSansGurmukhi-Bold.ttf
E/Minikin ( 4890): addFont failed to create font /system/fonts/NotoSansGurmukhiUI-Regular.ttf
E/Minikin ( 4890): addFont failed to create font /system/fonts/NotoSansGurmukhiUI-Bold.ttf
E/Minikin ( 4826): addFont failed to create font /system/fonts/NotoSansGujarati-Regular.ttf
E/Minikin ( 4826): addFont failed to create font /system/fonts/NotoSansGujarati-Bold.ttf
E/Minikin ( 4826): addFont failed to create font /system/fonts/NotoSansGujaratiUI-Regular.ttf
E/Minikin ( 4826): addFont failed to create font /system/fonts/NotoSansGujaratiUI-Bold.ttf
E/Minikin ( 4826): addFont failed to create font /system/fonts/NotoSansGurmukhi-Regular.ttf
E/Minikin ( 4826): addFont failed to create font /system/fonts/NotoSansGurmukhi-Bold.ttf
E/Minikin ( 4826): addFont failed to create font /system/fonts/NotoSansGurmukhiUI-Regular.ttf
E/Minikin ( 4826): addFont failed to create font /system/fonts/NotoSansGurmukhiUI-Bold.ttf
E/Minikin ( 4848): addFont failed to create font /system/fonts/NotoSansGujarati-Regular.ttf
E/Minikin ( 4848): addFont failed to create font /system/fonts/NotoSansGujarati-Bold.ttf
E/Minikin ( 4848): addFont failed to create font /system/fonts/NotoSansGujaratiUI-Regular.ttf
E/Minikin ( 4848): addFont failed to create font /system/fonts/NotoSansGujaratiUI-Bold.ttf
E/Minikin ( 4848): addFont failed to create font /system/fonts/NotoSansGurmukhi-Regular.ttf
E/Minikin ( 4848): addFont failed to create font /system/fonts/NotoSansGurmukhi-Bold.ttf
E/Minikin ( 4848): addFont failed to create font /system/fonts/NotoSansGurmukhiUI-Regular.ttf
E/Minikin ( 4848): addFont failed to create font /system/fonts/NotoSansGurmukhiUI-Bold.ttf
E/Minikin ( 4890): addFont failed to create font /system/fonts/NotoSansSinhala-Regular.ttf
E/Minikin ( 4890): addFont failed to create font /system/fonts/NotoSansSinhala-Bold.ttf
E/Minikin ( 4848): addFont failed to create font /system/fonts/NotoSansSinhala-Regular.ttf
E/Minikin ( 4848): addFont failed to create font /system/fonts/NotoSansSinhala-Bold.ttf
E/Minikin ( 4890): addFont failed to create font /system/fonts/NotoSansCherokee-Regular.ttf
E/Minikin ( 4890): addFont failed to create font /system/fonts/NotoSansCanadianAboriginal-Regular.ttf
E/Minikin ( 4890): addFont failed to create font /system/fonts/NotoSansYi-Regular.ttf
E/Minikin ( 4890): addFont failed to create font /system/fonts/NotoSansHans-Regular.otf
E/Minikin ( 4890): addFont failed to create font /system/fonts/NotoSansHant-Regular.otf
E/Minikin ( 4890): addFont failed to create font /system/fonts/NotoSansJP-Regular.otf
E/Minikin ( 4890): addFont failed to create font /system/fonts/NotoSansKR-Regular.otf
E/Minikin ( 4826): addFont failed to create font /system/fonts/NotoSansSinhala-Regular.ttf
E/Minikin ( 4826): addFont failed to create font /system/fonts/NotoSansSinhala-Bold.ttf
E/Minikin ( 4848): addFont failed to create font /system/fonts/NotoSansCherokee-Regular.ttf
E/Minikin ( 4848): addFont failed to create font /system/fonts/NotoSansCanadianAboriginal-Regular.ttf
E/Minikin ( 4848): addFont failed to create font /system/fonts/NotoSansYi-Regular.ttf
E/Minikin ( 4848): addFont failed to create font /system/fonts/NotoSansHans-Regular.otf
E/Minikin ( 4848): addFont failed to create font /system/fonts/NotoSansHant-Regular.otf
E/Minikin ( 4848): addFont failed to create font /system/fonts/NotoSansJP-Regular.otf
E/Minikin ( 4848): addFont failed to create font /system/fonts/NotoSansKR-Regular.otf
E/Minikin ( 4826): addFont failed to create font /system/fonts/NotoSansCherokee-Regular.ttf
E/Minikin ( 4826): addFont failed to create font /system/fonts/NotoSansCanadianAboriginal-Regular.ttf
E/Minikin ( 4826): addFont failed to create font /system/fonts/NotoSansYi-Regular.ttf
E/Minikin ( 4826): addFont failed to create font /system/fonts/NotoSansHans-Regular.otf
E/Minikin ( 4826): addFont failed to create font /system/fonts/NotoSansHant-Regular.otf
E/Minikin ( 4826): addFont failed to create font /system/fonts/NotoSansJP-Regular.otf
E/Minikin ( 4826): addFont failed to create font /system/fonts/NotoSansKR-Regular.otf
E/Minikin ( 4435): addFont failed to create font /system/fonts/NotoSansGujarati-Regular.ttf
E/Minikin ( 4435): addFont failed to create font /system/fonts/NotoSansGujarati-Bold.ttf
E/Minikin ( 4435): addFont failed to create font /system/fonts/NotoSansGujaratiUI-Regular.ttf
E/Minikin ( 4868): addFont failed to create font /system/fonts/NotoSansGujarati-Regular.ttf
E/Minikin ( 4435): addFont failed to create font /system/fonts/NotoSansGujaratiUI-Bold.ttf
E/Minikin ( 4868): addFont failed to create font /system/fonts/NotoSansGujarati-Bold.ttf
E/Minikin ( 4435): addFont failed to create font /system/fonts/NotoSansGurmukhi-Regular.ttf
E/Minikin ( 4435): addFont failed to create font /system/fonts/NotoSansGurmukhi-Bold.ttf
E/Minikin ( 4435): addFont failed to create font /system/fonts/NotoSansGurmukhiUI-Regular.ttf
E/Minikin ( 4435): addFont failed to create font /system/fonts/NotoSansGurmukhiUI-Bold.ttf
E/Minikin ( 4868): addFont failed to create font /system/fonts/NotoSansGujaratiUI-Regular.ttf
E/Minikin ( 4868): addFont failed to create font /system/fonts/NotoSansGujaratiUI-Bold.ttf
E/Minikin ( 4868): addFont failed to create font /system/fonts/NotoSansGurmukhi-Regular.ttf
E/Minikin ( 4868): addFont failed to create font /system/fonts/NotoSansGurmukhi-Bold.ttf
E/Minikin ( 4868): addFont failed to create font /system/fonts/NotoSansGurmukhiUI-Regular.ttf
E/Minikin ( 4868): addFont failed to create font /system/fonts/NotoSansGurmukhiUI-Bold.ttf
E/Minikin ( 4868): addFont failed to create font /system/fonts/NotoSansSinhala-Regular.ttf
E/Minikin ( 4868): addFont failed to create font /system/fonts/NotoSansSinhala-Bold.ttf
E/Minikin ( 4435): addFont failed to create font /system/fonts/NotoSansSinhala-Regular.ttf
E/Minikin ( 4435): addFont failed to create font /system/fonts/NotoSansSinhala-Bold.ttf
E/Minikin ( 4868): addFont failed to create font /system/fonts/NotoSansCherokee-Regular.ttf
E/Minikin ( 4868): addFont failed to create font /system/fonts/NotoSansCanadianAboriginal-Regular.ttf
E/Minikin ( 4868): addFont failed to create font /system/fonts/NotoSansYi-Regular.ttf
E/Minikin ( 4868): addFont failed to create font /system/fonts/NotoSansHans-Regular.otf
E/Minikin ( 4868): addFont failed to create font /system/fonts/NotoSansHant-Regular.otf
E/Minikin ( 4868): addFont failed to create font /system/fonts/NotoSansJP-Regular.otf
E/Minikin ( 4868): addFont failed to create font /system/fonts/NotoSansKR-Regular.otf
E/Minikin ( 4435): addFont failed to create font /system/fonts/NotoSansCherokee-Regular.ttf
E/Minikin ( 4435): addFont failed to create font /system/fonts/NotoSansCanadianAboriginal-Regular.ttf
E/Minikin ( 4435): addFont failed to create font /system/fonts/NotoSansYi-Regular.ttf
E/Minikin ( 4435): addFont failed to create font /system/fonts/NotoSansHans-Regular.otf
E/Minikin ( 4435): addFont failed to create font /system/fonts/NotoSansHant-Regular.otf
E/Minikin ( 4435): addFont failed to create font /system/fonts/NotoSansJP-Regular.otf
E/Minikin ( 4435): addFont failed to create font /system/fonts/NotoSansKR-Regular.otf
D/LocaleSetManager( 4914): Locale Changed from: null to en-US
E/Minikin ( 4950): addFont failed to create font /system/fonts/NotoSansGujarati-Regular.ttf
E/Minikin ( 4950): addFont failed to create font /system/fonts/NotoSansGujarati-Bold.ttf
E/Minikin ( 4950): addFont failed to create font /system/fonts/NotoSansGujaratiUI-Regular.ttf
E/Minikin ( 4950): addFont failed to create font /system/fonts/NotoSansGujaratiUI-Bold.ttf
E/Minikin ( 4950): addFont failed to create font /system/fonts/NotoSansGurmukhi-Regular.ttf
E/Minikin ( 4950): addFont failed to create font /system/fonts/NotoSansGurmukhi-Bold.ttf
E/Minikin ( 4950): addFont failed to create font /system/fonts/NotoSansGurmukhiUI-Regular.ttf
E/Minikin ( 4950): addFont failed to create font /system/fonts/NotoSansGurmukhiUI-Bold.ttf
I/LauncherLocale( 4914): AddressBook Labels [en-US]: [, A, B, C, D, E, F, G, H, I, J, K, L, M, N, O, P, Q, R, S, T, U, V, W, X, Y, Z, , , , , , , , , , , , , , , , , , , , , , , , , , , , , , , , , , , , , , , , , , , , , , , , , , , , , , , , , , , , , , , , , , , , , , , , , , , , , , , , , , , , , , , , , , , , , , , , , , , , , , , , , , , , , , , , , , , , , , , , , , , , , , , , , , , , , , , , , , , , , , , , , , , , , , , , , , , , , , , , , , , , , , , , , , , , , , , , , , , , , , , , , , , , #, ]
E/Minikin ( 4950): addFont failed to create font /system/fonts/NotoSansSinhala-Regular.ttf
E/Minikin ( 4950): addFont failed to create font /system/fonts/NotoSansSinhala-Bold.ttf
E/Minikin ( 4950): addFont failed to create font /system/fonts/NotoSansCherokee-Regular.ttf
E/Minikin ( 4950): addFont failed to create font /system/fonts/NotoSansCanadianAboriginal-Regular.ttf
E/Minikin ( 4950): addFont failed to create font /system/fonts/NotoSansYi-Regular.ttf
E/Minikin ( 4950): addFont failed to create font /system/fonts/NotoSansHans-Regular.otf
E/Minikin ( 4950): addFont failed to create font /system/fonts/NotoSansHant-Regular.otf
E/Minikin ( 4950): addFont failed to create font /system/fonts/NotoSansJP-Regular.otf
E/Minikin ( 4950): addFont failed to create font /system/fonts/NotoSansKR-Regular.otf
E/Minikin ( 4736): addFont failed to create font /system/fonts/NotoSansGujarati-Regular.ttf
E/Minikin ( 4736): addFont failed to create font /system/fonts/NotoSansGujarati-Bold.ttf
E/Minikin ( 4736): addFont failed to create font /system/fonts/NotoSansGujaratiUI-Regular.ttf
E/Minikin ( 4736): addFont failed to create font /system/fonts/NotoSansGujaratiUI-Bold.ttf
E/Minikin ( 4736): addFont failed to create font /system/fonts/NotoSansGurmukhi-Regular.ttf
E/Minikin ( 4736): addFont failed to create font /system/fonts/NotoSansGurmukhi-Bold.ttf
E/Minikin ( 4736): addFont failed to create font /system/fonts/NotoSansGurmukhiUI-Regular.ttf
E/Minikin ( 4736): addFont failed to create font /system/fonts/NotoSansGurmukhiUI-Bold.ttf
E/Minikin ( 4736): addFont failed to create font /system/fonts/NotoSansSinhala-Regular.ttf
E/Minikin ( 4736): addFont failed to create font /system/fonts/NotoSansSinhala-Bold.ttf
D/Launcher.Model( 4914): 11683562 - loadWorkspace()
E/Minikin ( 5013): addFont failed to create font /system/fonts/NotoSansGujarati-Regular.ttf
E/Minikin ( 5013): addFont failed to create font /system/fonts/NotoSansGujarati-Bold.ttf
E/Minikin ( 5013): addFont failed to create font /system/fonts/NotoSansGujaratiUI-Regular.ttf
E/Minikin ( 5013): addFont failed to create font /system/fonts/NotoSansGujaratiUI-Bold.ttf
E/Minikin ( 5013): addFont failed to create font /system/fonts/NotoSansGurmukhi-Regular.ttf
E/Minikin ( 5013): addFont failed to create font /system/fonts/NotoSansGurmukhi-Bold.ttf
E/Minikin ( 5013): addFont failed to create font /system/fonts/NotoSansGurmukhiUI-Regular.ttf
E/Minikin ( 5013): addFont failed to create font /system/fonts/NotoSansGurmukhiUI-Bold.ttf
D/Launcher.Model( 4914): 11683562 -   loadedOldDb: false
E/Minikin ( 4736): addFont failed to create font /system/fonts/NotoSansCherokee-Regular.ttf
E/Minikin ( 4736): addFont failed to create font /system/fonts/NotoSansCanadianAboriginal-Regular.ttf
E/Minikin ( 4736): addFont failed to create font /system/fonts/NotoSansYi-Regular.ttf
E/Minikin ( 4736): addFont failed to create font /system/fonts/NotoSansHans-Regular.otf
E/Minikin ( 4736): addFont failed to create font /system/fonts/NotoSansHant-Regular.otf
E/Minikin ( 4736): addFont failed to create font /system/fonts/NotoSansJP-Regular.otf
E/Minikin ( 4736): addFont failed to create font /system/fonts/NotoSansKR-Regular.otf
E/Minikin ( 5013): addFont failed to create font /system/fonts/NotoSansSinhala-Regular.ttf
E/Minikin ( 5013): addFont failed to create font /system/fonts/NotoSansSinhala-Bold.ttf
E/Minikin ( 4608): addFont failed to create font /system/fonts/NotoSansGujarati-Regular.ttf
E/Minikin ( 4608): addFont failed to create font /system/fonts/NotoSansGujarati-Bold.ttf
E/Minikin ( 4608): addFont failed to create font /system/fonts/NotoSansGujaratiUI-Regular.ttf
E/Minikin ( 4608): addFont failed to create font /system/fonts/NotoSansGujaratiUI-Bold.ttf
E/Minikin ( 4608): addFont failed to create font /system/fonts/NotoSansGurmukhi-Regular.ttf
E/Minikin ( 4608): addFont failed to create font /system/fonts/NotoSansGurmukhi-Bold.ttf
E/Minikin ( 4608): addFont failed to create font /system/fonts/NotoSansGurmukhiUI-Regular.ttf
E/Minikin ( 4608): addFont failed to create font /system/fonts/NotoSansGurmukhiUI-Bold.ttf
W/Launcher( 4914): setApplicationContext called twice! old=com.android.launcher3.LauncherApplication@1b002378 new=com.android.launcher3.LauncherApplication@1b002378
E/Minikin ( 4702): addFont failed to create font /system/fonts/NotoSansGujarati-Regular.ttf
E/Minikin ( 5013): addFont failed to create font /system/fonts/NotoSansCherokee-Regular.ttf
E/Minikin ( 4702): addFont failed to create font /system/fonts/NotoSansGujarati-Bold.ttf
E/Minikin ( 5013): addFont failed to create font /system/fonts/NotoSansCanadianAboriginal-Regular.ttf
E/Minikin ( 5013): addFont failed to create font /system/fonts/NotoSansYi-Regular.ttf
E/Minikin ( 4702): addFont failed to create font /system/fonts/NotoSansGujaratiUI-Regular.ttf
E/Minikin ( 5013): addFont failed to create font /system/fonts/NotoSansHans-Regular.otf
E/Minikin ( 4702): addFont failed to create font /system/fonts/NotoSansGujaratiUI-Bold.ttf
E/Minikin ( 5013): addFont failed to create font /system/fonts/NotoSansHant-Regular.otf
E/Minikin ( 4702): addFont failed to create font /system/fonts/NotoSansGurmukhi-Regular.ttf
E/Minikin ( 5013): addFont failed to create font /system/fonts/NotoSansJP-Regular.otf
E/Minikin ( 4702): addFont failed to create font /system/fonts/NotoSansGurmukhi-Bold.ttf
E/Minikin ( 5013): addFont failed to create font /system/fonts/NotoSansKR-Regular.otf
E/Minikin ( 4702): addFont failed to create font /system/fonts/NotoSansGurmukhiUI-Regular.ttf
D/WifiService( 4110): New client listening to asynchronous messages
E/Minikin ( 4702): addFont failed to create font /system/fonts/NotoSansGurmukhiUI-Bold.ttf
E/Minikin ( 4608): addFont failed to create font /system/fonts/NotoSansSinhala-Regular.ttf
E/Minikin ( 4608): addFont failed to create font /system/fonts/NotoSansSinhala-Bold.ttf
E/Minikin ( 4608): addFont failed to create font /system/fonts/NotoSansCherokee-Regular.ttf
E/Minikin ( 4608): addFont failed to create font /system/fonts/NotoSansCanadianAboriginal-Regular.ttf
E/Minikin ( 4608): addFont failed to create font /system/fonts/NotoSansYi-Regular.ttf
E/Minikin ( 4608): addFont failed to create font /system/fonts/NotoSansHans-Regular.otf
E/Minikin ( 4608): addFont failed to create font /system/fonts/NotoSansHant-Regular.otf
E/Minikin ( 4608): addFont failed to create font /system/fonts/NotoSansJP-Regular.otf
E/Minikin ( 4608): addFont failed to create font /system/fonts/NotoSansKR-Regular.otf
D/BluetoothManagerService( 4110): Message: 20
D/OpenGLRenderer( 4914): Render dirty regions requested: true
D/BluetoothManagerService( 4110): Added callback: android.bluetooth.IBluetoothManagerCallback$Stub$Proxy@2a52ca74:true
E/Minikin ( 4702): addFont failed to create font /system/fonts/NotoSansSinhala-Regular.ttf
E/Minikin ( 4702): addFont failed to create font /system/fonts/NotoSansSinhala-Bold.ttf
E/Minikin ( 4702): addFont failed to create font /system/fonts/NotoSansCherokee-Regular.ttf
E/Minikin ( 4702): addFont failed to create font /system/fonts/NotoSansCanadianAboriginal-Regular.ttf
E/Minikin ( 4702): addFont failed to create font /system/fonts/NotoSansYi-Regular.ttf
E/Minikin ( 4702): addFont failed to create font /system/fonts/NotoSansHans-Regular.otf
D/Atlas   ( 4914): Validating map...
E/Minikin ( 4702): addFont failed to create font /system/fonts/NotoSansHant-Regular.otf
E/Minikin ( 4702): addFont failed to create font /system/fonts/NotoSansJP-Regular.otf
E/Minikin ( 4702): addFont failed to create font /system/fonts/NotoSansKR-Regular.otf
D/BluetoothAdapter( 5042): 816699985: getState() :  mService = null. Returning STATE_OFF
D/BluetoothManagerService( 4110): Message: 30
E/Minikin ( 4914): addFont failed to create font /system/fonts/NotoSansGujarati-Regular.ttf
E/Minikin ( 4914): addFont failed to create font /system/fonts/NotoSansGujarati-Bold.ttf
E/Minikin ( 4914): addFont failed to create font /system/fonts/NotoSansGujaratiUI-Regular.ttf
E/Minikin ( 4914): addFont failed to create font /system/fonts/NotoSansGujaratiUI-Bold.ttf
E/Minikin ( 4914): addFont failed to create font /system/fonts/NotoSansGurmukhi-Regular.ttf
E/Minikin ( 4914): addFont failed to create font /system/fonts/NotoSansGurmukhi-Bold.ttf
E/Minikin ( 4914): addFont failed to create font /system/fonts/NotoSansGurmukhiUI-Regular.ttf
E/Minikin ( 4914): addFont failed to create font /system/fonts/NotoSansGurmukhiUI-Bold.ttf
D/BluetoothManagerService( 4110): Message: 30
E/Minikin ( 4914): addFont failed to create font /system/fonts/NotoSansSinhala-Regular.ttf
E/Minikin ( 4914): addFont failed to create font /system/fonts/NotoSansSinhala-Bold.ttf
E/Minikin ( 4914): addFont failed to create font /system/fonts/NotoSansCherokee-Regular.ttf
E/Minikin ( 4914): addFont failed to create font /system/fonts/NotoSansCanadianAboriginal-Regular.ttf
E/Minikin ( 4914): addFont failed to create font /system/fonts/NotoSansYi-Regular.ttf
E/Minikin ( 4914): addFont failed to create font /system/fonts/NotoSansHans-Regular.otf
E/Minikin ( 4914): addFont failed to create font /system/fonts/NotoSansHant-Regular.otf
E/Minikin ( 4914): addFont failed to create font /system/fonts/NotoSansJP-Regular.otf
E/Minikin ( 4914): addFont failed to create font /system/fonts/NotoSansKR-Regular.otf
D/LocalBluetoothProfileManager( 5042): Adding local MAP profile
D/BluetoothMap( 5042): Create BluetoothMap proxy object
D/BluetoothManagerService( 4110): Message: 30
D/BluetoothManagerService( 4110): Message: 30
D/LocalBluetoothProfileManager( 5042): LocalBluetoothProfileManager construction complete
D/BluetoothAdapter( 5042): 816699985: getState() :  mService = null. Returning STATE_OFF
D/BluetoothAdapter( 5042): 816699985: getState() :  mService = null. Returning STATE_OFF
E/Minikin ( 5042): addFont failed to create font /system/fonts/NotoSansGujarati-Regular.ttf
E/Minikin ( 5042): addFont failed to create font /system/fonts/NotoSansGujarati-Bold.ttf
E/Minikin ( 5042): addFont failed to create font /system/fonts/NotoSansGujaratiUI-Regular.ttf
E/Minikin ( 5042): addFont failed to create font /system/fonts/NotoSansGujaratiUI-Bold.ttf
E/Minikin ( 5042): addFont failed to create font /system/fonts/NotoSansGurmukhi-Regular.ttf
E/Minikin ( 5042): addFont failed to create font /system/fonts/NotoSansGurmukhi-Bold.ttf
E/Minikin ( 5042): addFont failed to create font /system/fonts/NotoSansGurmukhiUI-Regular.ttf
E/Minikin ( 5042): addFont failed to create font /system/fonts/NotoSansGurmukhiUI-Bold.ttf
E/Minikin ( 5042): addFont failed to create font /system/fonts/NotoSansSinhala-Regular.ttf
E/Minikin ( 5042): addFont failed to create font /system/fonts/NotoSansSinhala-Bold.ttf
E/Minikin ( 5042): addFont failed to create font /system/fonts/NotoSansCherokee-Regular.ttf
E/Minikin ( 5042): addFont failed to create font /system/fonts/NotoSansCanadianAboriginal-Regular.ttf
E/Minikin ( 5042): addFont failed to create font /system/fonts/NotoSansYi-Regular.ttf
E/Minikin ( 5042): addFont failed to create font /system/fonts/NotoSansHans-Regular.otf
E/Minikin ( 5042): addFont failed to create font /system/fonts/NotoSansHant-Regular.otf
E/Minikin ( 5042): addFont failed to create font /system/fonts/NotoSansJP-Regular.otf
E/Minikin ( 5042): addFont failed to create font /system/fonts/NotoSansKR-Regular.otf
I/ActivityManager( 4110): Start proc com.cyanogenmod.eleven for broadcast com.cyanogenmod.eleven/.appwidgets.AppWidgetLarge: pid=5076 uid=10032 gids={50032, 9997, 1028, 1015, 3003} abi=armeabi-v7a
D/Launcher.Model( 4914): Desktop items loading interrupted
D/Launcher.Model( 4914): java.lang.NullPointerException: Attempt to invoke interface method 'boolean com.android.launcher3.LauncherModel$Callbacks.isAllAppsButtonRank(int)' on a null object reference
D/Launcher.Model( 4914): 	at com.android.launcher3.LauncherModel$LoaderTask.checkItemPlacement(LauncherModel.java:1843)
D/Launcher.Model( 4914): 	at com.android.launcher3.LauncherModel$LoaderTask.loadWorkspace(LauncherModel.java:2219)
D/Launcher.Model( 4914): 	at com.android.launcher3.LauncherModel$LoaderTask.loadAndBindWorkspace(LauncherModel.java:1612)
D/Launcher.Model( 4914): 	at com.android.launcher3.LauncherModel$LoaderTask.run(LauncherModel.java:1717)
D/Launcher.Model( 4914): 	at android.os.Handler.handleCallback(Handler.java:739)
D/Launcher.Model( 4914): 	at android.os.Handler.dispatchMessage(Handler.java:95)
D/Launcher.Model( 4914): 	at android.os.Looper.loop(Looper.java:135)
D/Launcher.Model( 4914): 	at android.os.HandlerThread.run(HandlerThread.java:61)
W/Launcher( 4914): setApplicationContext called twice! old=com.android.launcher3.LauncherApplication@1b002378 new=com.android.launcher3.LauncherApplication@1b002378
E/AppsCustomizePagedView( 4914): Create Res Apk Failed
D/LocaleSetManager( 4914): Locale Changed from: null to en-US
D/Launcher.Model( 4914): 11683562 - loadWorkspace()
D/Launcher.Model( 4914): 11683562 -   loadedOldDb: false
D/Launcher.Model( 4914): 11683562 - loadWorkspaceScreensDb()
D/Launcher.Model( 4914): 11683562 -   screens: { 0: 1 }, { 1: 2 }
D/Launcher.Model( 4914): 11683562 -   sBgWorkspaceScreens: 1, 2
I/        ( 4914): PLATFORM VERSION : JB-MR-2
I/OpenGLRenderer( 4914): Initialized EGL, version 1.4
D/OpenGLRenderer( 4914): Enabling debug mode 0
D/WeatherUpdateService( 4702): Service started, but shouldn't update ... stopping
W/InputMethodManagerService( 4110): Focus gain on non-focused client com.android.internal.view.IInputMethodClient$Stub$Proxy@2c4c4c3b (uid=10018 pid=4914)
I/ActivityManager( 4110): Start proc com.cyanogenmod.eleven:main for service com.cyanogenmod.eleven/.MusicPlaybackService: pid=5115 uid=10032 gids={50032, 9997, 1028, 1015, 3003} abi=armeabi-v7a
I/ActivityManager( 4110): Displayed com.cyanogenmod.trebuchet/com.android.launcher3.Launcher: +1s209ms
I/Timeline( 4110): Timeline: Activity_windows_visible id: ActivityRecord{23dca8fd u0 com.cyanogenmod.trebuchet/com.android.launcher3.Launcher t7} time:19998
I/Timeline( 4914): Timeline: Activity_idle id: android.os.BinderProxy@31e3ef68 time:20035
I/Timeline( 4914): Timeline: Activity_idle id: android.os.BinderProxy@31e3ef68 time:20036
V/KeyguardServiceDelegate( 4110): *** Keyguard started
W/KeyguardServiceDelegate( 4110): onScreenTurnedOn(): no keyguard service!
I/Sensors ( 4110): Acc old sensor_state 0, new sensor_state : 1 en : 1
V/KeyguardServiceDelegate( 4110): *** Keyguard connected (yay!)
W/Settings( 4435): Setting airplane_mode_on has moved from android.provider.Settings.System to android.provider.Settings.Global, returning read-only value.
D/PhoneStatusBar( 4435): disable: < expand icons alerts system_info back HOME* RECENT* clock SEARCH* >
D/VoldCmdListener( 3670): cryptfs getpw
I/SurfaceFlinger( 3689): Boot is finished (14964 ms)
D/VoldCmdListener( 3670): cryptfs clearpw
D/PhoneStatusBar( 4435): disable: < expand ICONS* alerts SYSTEM_INFO* back HOME RECENT clock SEARCH >
D/BluetoothAdapter( 4435): 535423199: getState() :  mService = null. Returning STATE_OFF
D/BluetoothAdapter( 4435): 535423199: getState() :  mService = null. Returning STATE_OFF
D/BluetoothAdapter( 4435): 535423199: getState() :  mService = null. Returning STATE_OFF
D/BluetoothAdapter( 4435): 535423199: getState() :  mService = null. Returning STATE_OFF
D/BluetoothAdapter( 4435): 535423199: getState() :  mService = null. Returning STATE_OFF
D/BluetoothAdapter( 4435): 535423199: getState() :  mService = null. Returning STATE_OFF
W/Settings( 4435): Setting airplane_mode_on has moved from android.provider.Settings.System to android.provider.Settings.Global, returning read-only value.
V/RenderScript_jni( 5115): RS native mode
W/Settings( 4435): Setting airplane_mode_on has moved from android.provider.Settings.System to android.provider.Settings.Global, returning read-only value.
D/PhoneStatusBar( 4435): disable: < expand ICONS alerts SYSTEM_INFO back HOME RECENT clock SEARCH >
E/RenderScript( 5115): Failed loading RS driver: dlopen failed: cannot locate symbol "_ZN7android12renderscript15RsdCpuReference6createEPNS0_7ContextEjjPFPKNS1_9CpuSymbolES3_PKcEPFPNS1_9CpuScriptES3_PKNS0_6ScriptEEPFPN4llvm6ModuleEPN3bcc8RSScriptESK_SK_EPFS8_S8_jE" referenced by "libRSDriverArm.so"...
E/RenderScript( 5115): Failed to load runtime libRSDriverArm.so, loading default
V/RenderScript( 5115): 0xaf215200 Launching thread(s), CPUs 8
E/Vold    ( 3670): Failed to find mounted volume for /storage/extSdCard/Android/data/com.cyanogenmod.eleven/cache/
W/Vold    ( 3670): Returning OperationFailed - no handler for errno 0
W/ContextImpl( 5115): Failed to ensure directory: /storage/extSdCard/Android/data/com.cyanogenmod.eleven/cache
E/Vold    ( 3670): Failed to find mounted volume for /storage/extSdCard/Android/data/com.cyanogenmod.eleven/cache/
W/Vold    ( 3670): Returning OperationFailed - no handler for errno 0
W/ContextImpl( 5115): Failed to ensure directory: /storage/extSdCard/Android/data/com.cyanogenmod.eleven/cache
D/Launcher.Model( 4914): 11683562 - loadWorkspace()
I/Launcher.Model( 4914): not binding apps: no Launcher activity
D/Launcher.Model( 4914): 11683562 -   loadedOldDb: false
E/ExtMediaPlayer-JNI( 5115): QCMediaPlayer could not be located....
E/MediaPlayer-JNI( 5115): QCMediaPlayer mediaplayer NOT present
D/Launcher.Model( 4914): 11683562 - loadWorkspaceScreensDb()
D/Launcher.Model( 4914): 11683562 -   screens: { 0: 1 }, { 1: 2 }
D/Launcher.Model( 4914): 11683562 -   sBgWorkspaceScreens: 1, 2
D/Launcher( 4914): 11683562 - bindAddScreens()
D/Launcher( 4914): 11683562 -   orderedScreenIds: 1, 2
D/Launcher.Workspace( 4914): 11683562 - insertNewWorkspaceScreen(): 1 at index: 0
D/Launcher.Workspace( 4914): 11683562 - insertNewWorkspaceScreen(): 2 at index: 1
D/BootAnimation( 3844): Use save memory method, maybe small fps in actual.
V/RenderScript( 4914): Application requested CPU execution
V/RenderScript( 4914): 0x9de58800 Launching thread(s), CPUs 8
I/art     ( 4914): Background partial concurrent mark sweep GC freed 18799(1683KB) AllocSpace objects, 10(956KB) LOS objects, 40% free, 22MB/37MB, paused 9.081ms total 42.694ms
D/android.widget.GridLayout( 4914): vertical constraints: y3-y0>=396, y3-y0<=372, y3-y2<=156, y2-y1<=3 are inconsistent; permanently removing: y3-y0<=372. 
D/Launcher.Workspace( 4914): 11683562 - stripEmptyScreens()
W/WakefulBroadcastReceiver( 5115): No active wake lock id #1
V/KeyguardServiceDelegate( 4110): **** SHOWN CALLED ****
I/SystemServiceManager( 4110): Starting phase 1000
E/SEC PowerHAL( 4110): Error opening /sys/devices/system/cpu/cpufreq/interactive/boostpulse: No such file or directory
D/lights  ( 4110): set_light_battery 0xd00 0 0
I/BootReceiver( 5042): IOSched restore disabled by user preference.
D/InputMethodAndLanguageSettings( 5042): High touch sensitivity settings restored.
D/InputMethodAndLanguageSettings( 5042): Touch hovering settings restored.
I/RecoverySystem( 4110): Deleted: /cache/recovery/log
I/BootReceiver( 4110): Copying /proc/last_kmsg to DropBox (SYSTEM_LAST_KMSG)
E/SharedPreferencesImpl( 4110): Couldn't create directory for SharedPreferences file shared_prefs/log_files.xml
I/ActivityManager( 4110): Start proc com.android.keychain for service com.android.keychain/.KeyChainService: pid=5172 uid=1000 gids={41000, 9997, 3003, 1028, 1015, 3002, 3001} abi=armeabi-v7a
I/BootReceiver( 4110): Copying audit failures to DropBox
E/SharedPreferencesImpl( 4110): Couldn't create directory for SharedPreferences file shared_prefs/log_files.xml
I/BootReceiver( 4110): Copied 0 worth of audits to DropBox
I/BootReceiver( 4110): Checking for fsck errors
I/ActivityManager( 4110): Start proc com.android.deskclock for broadcast com.android.deskclock/.AlarmInitReceiver: pid=5194 uid=10030 gids={50030, 9997, 1028, 3003} abi=armeabi-v7a
V/AlarmClock( 5194): AlarmInitReceiver android.intent.action.BOOT_COMPLETED
V/AlarmClock( 5194): AlarmInitReceiver - Reset timers and clear stopwatch data
V/AlarmClock( 5194): AlarmInitReceiver finished
I/ActivityManager( 4110): Start proc com.android.dialer for broadcast com.android.dialer/.calllog.CallLogReceiver: pid=5224 uid=10008 gids={50008, 9997, 3003, 1028, 1015} abi=armeabi-v7a
I/art     ( 4110): Explicit concurrent mark sweep GC freed 3544(208KB) AllocSpace objects, 3(247KB) LOS objects, 33% free, 22MB/34MB, paused 1.499ms total 41.246ms
D/ConnectivityService( 4110): Got NetworkFactory Messenger for Telephony
D/TelephonyProvider( 4890): dbh.onOpen: ok, queried table=siminfo
D/TelephonyProvider( 4890): dbh.onOpen: ok, queried table=carriers
I/ActivityManager( 4110): Start proc com.android.smspush for service com.android.smspush/.WapPushManager: pid=5255 uid=10055 gids={50055, 9997} abi=armeabi-v7a
D/GpsLocationProvider( 4110): received SIM realted action: android.intent.action.SIM_STATE_CHANGED
D/PhoneStatusBarPolicy( 4435): updateSimState for subId :-1
D/PhoneStatusBarPolicy( 4435): updateSimState for phoneId :0
D/PhoneStatusBarPolicy( 4435): updateSimState for Slot :-1
D/GpsLocationProvider( 4110): SIM MCC/MNC is still not available
D/DcSwitchState( 4890): [DcSwitchState-0] DcSwitchState constructor E
D/DcSwitchState( 4890): [DcSwitchState-0] DcSwitchState constructor X
D/BluetoothManagerService( 4110): Message: 20
D/BluetoothManagerService( 4110): Added callback: android.bluetooth.IBluetoothManagerCallback$Stub$Proxy@a96b743:true
D/BluetoothManagerService( 4110): Message: 30
I/Telephony( 4890): TtyManager: updateUiTtyMode -1 -> 0
D/ConnectivityService( 4110): Got NetworkFactory Messenger for WIFI
D/WIFI    ( 4110): got request NetworkRequest [ id=1, legacyType=-1, [ Capabilities: INTERNET&NOT_RESTRICTED&TRUSTED&NOT_VPN] ] with score 0
I/HeadsetService( 4848): Starting service.
I/ActivityManager( 4110): Start proc com.cyanogenmod.account for broadcast com.cyanogenmod.account/.receiver.BootReceiver: pid=5290 uid=10002 gids={50002, 9997, 3003} abi=armeabi-v7a
W/EffectsFactory( 3692): loadLibrary() failed to open /vendor/lib/liblvverx_3.20.03.so
W/EffectsFactory( 3692): loadLibrary() failed to open /vendor/lib/liblvvetx_3.20.03.so
D/KeyguardUpdateMonitor( 4435): ACTION_SERVICE_STATE_CHANGED on sub: -1 mServiceState: 1 1 home null null null  Unknown Unknown CSS not supported -1 -1 RoamInd=-1 DefRoamInd=-1 EmergOnly=false
W/linker  ( 3692): lib_SoundAlive_play_ver125e.so has text relocations. This is wasting memory and prevents security hardening. Please fix.
W/EffectsFactory( 3692): loadEffect() could not get library pre_processing
W/EffectsFactory( 3692): loadEffect() could not get library pre_processing
W/EffectsFactory( 3692): loadEffect() could not get library pre_processing
W/EffectsFactory( 3692): loadEffect() could not get library output_processing
W/EffectsFactory( 3692): loadEffect() could not get library output_processing
E/AudioFlinger( 3692): createEffect() unknown output thread
E/AudioEffect( 4848): set(): AudioFlinger could not create effect, status: -22
E/AudioEffects-JNI( 4848): AudioEffect initCheck failed -4
E/AudioEffect-JAVA( 4848): Error code -4 when initializing AudioEffect.
E/HeadsetService( 4848): Effect type: 0bed4300-ddd6-11db-8f34-0002a5d5c51b not supported.
E/HeadsetService( 4848): java.lang.IllegalArgumentException: Effect type: 0bed4300-ddd6-11db-8f34-0002a5d5c51b not supported.
E/HeadsetService( 4848): 	at android.media.audiofx.AudioEffect.<init>(AudioEffect.java:404)
E/HeadsetService( 4848): 	at android.media.audiofx.Equalizer.<init>(Equalizer.java:139)
E/HeadsetService( 4848): 	at org.cyanogenmod.audiofx.HeadsetService$EffectSet.<init>(HeadsetService.java:87)
E/HeadsetService( 4848): 	at org.cyanogenmod.audiofx.HeadsetService.saveDefaults(HeadsetService.java:414)
E/HeadsetService( 4848): 	at org.cyanogenmod.audiofx.HeadsetService.onCreate(HeadsetService.java:331)
E/HeadsetService( 4848): 	at android.app.ActivityThread.handleCreateService(ActivityThread.java:2760)
E/HeadsetService( 4848): 	at android.app.ActivityThread.access$1900(ActivityThread.java:147)
E/HeadsetService( 4848): 	at android.app.ActivityThread$H.handleMessage(ActivityThread.java:1379)
E/HeadsetService( 4848): 	at android.os.Handler.dispatchMessage(Handler.java:102)
E/HeadsetService( 4848): 	at android.os.Looper.loop(Looper.java:135)
E/HeadsetService( 4848): 	at android.app.ActivityThread.main(ActivityThread.java:5254)
E/HeadsetService( 4848): 	at java.lang.reflect.Method.invoke(Native Method)
E/HeadsetService( 4848): 	at java.lang.reflect.Method.invoke(Method.java:372)
E/HeadsetService( 4848): 	at com.android.internal.os.ZygoteInit$MethodAndArgsCaller.run(ZygoteInit.java:898)
E/HeadsetService( 4848): 	at com.android.internal.os.ZygoteInit.main(ZygoteInit.java:693)
I/HeadsetService( 4848): Stopping service.
D/TelephonyNetworkFactory-1( 4890): got request NetworkRequest [ id=1, legacyType=-1, [ Capabilities: INTERNET&NOT_RESTRICTED&TRUSTED&NOT_VPN] ] with score 0
D/TelephonyDebugService( 4890): TelephonyDebugService()
D/WifiService( 4110): New client listening to asynchronous messages
D/Telephony( 4890): TtyManager: setTTYMode exception: com.android.internal.telephony.CommandException: RADIO_NOT_AVAILABLE
V/OtaStartupReceiver( 4890): onOtaspChanged: mOtaspMode=1
D/GpsLocationProvider( 4110): received SIM realted action: android.intent.action.ACTION_SUBINFO_RECORD_UPDATED
D/GpsLocationProvider( 4110): SIM MCC/MNC is still not available
D/Telephony( 4890): TtyManager: queryTTYMode exception: com.android.internal.telephony.CommandException: RADIO_NOT_AVAILABLE
I/Telephony( 4890): : SUBINFO_RECORD_UPDATED : 4.
D/Telephony( 4890): TelecomAccountRegistry: Found 1 phones.  Attempting to register.
D/Telephony( 4890): TelecomAccountRegistry: Phone with subscription id -1
E/PhoneInterfaceManager( 4890): [PhoneIntfMgr] getIccId: No UICC
D/Telephony( 4890): AccountEntry: Registered phoneAccount: android.telecom.PhoneAccount@3bb296d6 with handle: ComponentInfo{com.android.phone/com.android.services.telephony.TelephonyConnectionService}, E
I/Telephony( 4890): PstnIncomingCallNotifier: Registering: Handler (com.android.internal.telephony.gsm.GSMPhone) {1a51928b}
D/Telephony( 4890): PstnPhoneCapabilitiesNotifier: Registering: Handler (com.android.internal.telephony.gsm.GSMPhone) {1a51928b}
I/ActivityManager( 4110): Start proc com.cyanogenmod.updater for broadcast com.cyanogenmod.updater/.receiver.UpdateCheckReceiver: pid=5321 uid=10003 gids={50003, 9997, 3003, 1028, 1015, 2001} abi=armeabi-v7a
D/CallNotifier( 4890): onReceive... 
D/TelephonyNetworkFactory-1( 4890): update networkCapabilites for subId = -1
D/TelephonyNetworkFactory-1( 4890): INTERNET capability is removed from subId = -1
D/TelephonyNetworkFactory-1( 4890): Ready to handle network requests
I/MmsService( 4890): mReceiver action: android.intent.action.ACTION_SUBINFO_RECORD_UPDATED
I/MmsService( 4890): MmsConfigManager.loadInBackground(): mcc/mnc: 0/0
E/MmsService( 4890): MmsConfigManager.load -- empty getActiveSubInfoList
D/Telephony( 4890): PstnPhoneCapabilitiesNotifier: handleVideoCapabilitesChanged. Video capability - false
D/Telephony( 4890): PstnPhoneCapabilitiesNotifier: handleVideoCapabilitesChanged. Exception=java.lang.NullPointerException: Attempt to invoke virtual method 'int android.telecom.PhoneAccount.getCapabilities()' on a null object reference
I/UpdateCheckReceiver( 5321): Scheduling future, repeating update checks.
I/ActivityManager( 4110): Start proc com.android.providers.calendar for broadcast com.android.providers.calendar/.CalendarReceiver: pid=5351 uid=10004 gids={50004, 9997, 3003, 1028, 1015} abi=armeabi-v7a
I/UpdateCheckService( 5321): Could not check for updates. Not connected to the network.
W/ResourcesManager( 5351): Asset path '/system/framework/android.test.runner.jar' does not exist or contains no resources.
I/CalendarProvider2( 5351): Created com.android.providers.calendar.CalendarAlarmManager@35ccccdb(com.android.providers.calendar.CalendarProvider2@1b002378)
I/ActivityManager( 4110): Start proc com.android.managedprovisioning for broadcast com.android.managedprovisioning/.BootReminder: pid=5378 uid=10011 gids={50011, 9997, 1028, 3003} abi=armeabi-v7a
I/art     ( 3702): Explicit concurrent mark sweep GC freed 706(30KB) AllocSpace objects, 0(0B) LOS objects, 39% free, 15MB/25MB, paused 305us total 10.819ms
I/art     ( 3702): Explicit concurrent mark sweep GC freed 5(160B) AllocSpace objects, 0(0B) LOS objects, 39% free, 15MB/25MB, paused 190us total 9.498ms
I/art     ( 3702): Explicit concurrent mark sweep GC freed 5(160B) AllocSpace objects, 0(0B) LOS objects, 39% free, 15MB/25MB, paused 169us total 9.094ms
I/ActivityManager( 4110): Start proc com.android.mms for broadcast com.android.mms/.transaction.MmsSystemEventReceiver: pid=5403 uid=10012 gids={50012, 9997, 3003, 1028, 1015} abi=armeabi-v7a
E/SQLiteLog( 4974): (283) recovered 85 frames from WAL file /data/data/com.android.providers.media/databases/internal.db-wal
D/CountryDetector( 4110): The first listener is added
D/WVMDrmPlugIn( 3691): WVMDrmPlugin::onInitialize : 7251
D/WVMDrmPlugIn( 3691): WVMDrmPlugin::onSetOnInfoListener : add 7251
D/WVMDrmPlugIn( 3691): WVMDrmPlugin::onTerminate : 7251
I/FFmpegExtractor( 3692): android-source:0xb6155b00
D/WVMDrmPlugIn( 3691): WVMDrmPlugin::onInitialize : 3517
D/WVMDrmPlugIn( 3691): WVMDrmPlugin::onSetOnInfoListener : add 3517
I/FFMPEG  ( 3692): Input #0, ogg, from 'android-source:0xb6155b00':
I/FFMPEG  ( 3692):   Duration: 00:00:02.11, start: 0.000000, bitrate: 61 kb/s
I/FFMPEG  ( 3692):     Stream #0:0: Audio: vorbis, 44100 Hz, mono, fltp, 54 kb/s
I/FFMPEG  ( 3692):     Metadata:
I/FFMPEG  ( 3692):       TITLE           : Piezo Alarm
D/FFmpegExtractor( 3692): FFmpegExtrator, url: android-source:0xb6155b00, format_name: ogg, format_long_name: Ogg
I/FFmpegExtractor( 3692): adjust mime(application/ogg -> audio/vorbis)
D/FFmpegExtractor( 3692): suppoted codec(vorbis) by official Stagefright
D/FFmpegExtractor( 3692): ffmpeg detected media content as 'audio/vorbis' with confidence 0.08
V/Mms     ( 5403): mnc/mcc: 
V/Mms     ( 5403): tag: int value: maxMessageSize - 1045876
V/Mms     ( 5403): tag: int value: maxImageHeight - 2592
V/Mms     ( 5403): tag: int value: maxImageWidth - 2592
V/Mms     ( 5403): tag: bool value: enableMultipartSMS - true
V/Mms     ( 5403): tag: bool value: enableSplitSMS - false
V/Mms     ( 5403): tag: string value: userAgent - SAMSUNG-SM-G900H-Mms
V/Mms     ( 5403): tag: string value: uaProfUrl - http://wap.samsungmobile.com/uaprof/SM-G900H.xml
I/ContactPhotoManager( 5403): Cache adj: 1.0
E/ContactPhotoManager( 5403): No contact photo service in context: com.android.mms.MmsApp@1e30d2b6
D/WVMDrmPlugIn( 3691): WVMDrmPlugin::onInitialize : 4676
D/WVMDrmPlugIn( 3691): WVMDrmPlugin::onSetOnInfoListener : add 4676
D/WVMDrmPlugIn( 3691): WVMDrmPlugin::onTerminate : 4676
I/FFmpegExtractor( 3692): android-source:0xb1995150
I/FFMPEG  ( 3692): Input #0, ogg, from 'android-source:0xb1995150':
I/FFMPEG  ( 3692):   Duration: 00:00:00.25, start: 0.000000, bitrate: 188 kb/s
I/FFMPEG  ( 3692):     Stream #0:0: Audio: vorbis, 44100 Hz, mono, fltp, 86 kb/s
I/FFMPEG  ( 3692):     Metadata:
I/FFMPEG  ( 3692):       TITLE           : BeeBeep Alarm
D/FFmpegExtractor( 3692): FFmpegExtrator, url: android-source:0xb1995150, format_name: ogg, format_long_name: Ogg
I/FFmpegExtractor( 3692): adjust mime(application/ogg -> audio/vorbis)
D/FFmpegExtractor( 3692): suppoted codec(vorbis) by official Stagefright
D/FFmpegExtractor( 3692): ffmpeg detected media content as 'audio/vorbis' with confidence 0.08
I/ActivityManager( 4110): Start proc com.android.onetimeinitializer for broadcast com.android.onetimeinitializer/.OneTimeInitializerReceiver: pid=5439 uid=10013 gids={50013, 9997} abi=armeabi-v7a
D/MmsSmsDatabaseHelper( 4890): [MmsSmsDb] tableName: threads hasAutoIncrement: CREATE TABLE threads (_id INTEGER PRIMARY KEY AUTOINCREMENT,date INTEGER DEFAULT 0,message_count INTEGER DEFAULT 0,recipient_ids TEXT,snippet TEXT,snippet_cs INTEGER DEFAULT 0,read INTEGER DEFAULT 1,archived INTEGER DEFAULT 0,type INTEGER DEFAULT 0,error INTEGER DEFAULT 0,has_attachment INTEGER DEFAULT 0) result: true
D/WVMDrmPlugIn( 3691): WVMDrmPlugin::onInitialize : 6289
D/WVMDrmPlugIn( 3691): WVMDrmPlugin::onSetOnInfoListener : add 6289
D/MmsSmsDatabaseHelper( 4890): [MmsSmsDb] tableName: canonical_addresses hasAutoIncrement: CREATE TABLE canonical_addresses (_id INTEGER PRIMARY KEY AUTOINCREMENT,address TEXT) result: true
D/WVMDrmPlugIn( 3691): WVMDrmPlugin::onTerminate : 6289
I/FFmpegExtractor( 3692): android-source:0xb420d100
D/MmsSmsDatabaseHelper( 4890): [MmsSmsDb] tableName: part hasAutoIncrement: CREATE TABLE part (_id INTEGER PRIMARY KEY AUTOINCREMENT,mid INTEGER,seq INTEGER DEFAULT 0,ct TEXT,name TEXT,chset INTEGER,cd TEXT,fn TEXT,cid TEXT,cl TEXT,ctt_s INTEGER,ctt_t TEXT,_data TEXT,text TEXT) result: true
D/MmsSmsDatabaseHelper( 4890): [MmsSmsDb] tableName: pdu hasAutoIncrement: CREATE TABLE pdu (_id INTEGER PRIMARY KEY AUTOINCREMENT,thread_id INTEGER,date INTEGER,date_sent INTEGER DEFAULT 0,msg_box INTEGER,read INTEGER DEFAULT 0,m_id TEXT,sub TEXT,sub_cs INTEGER,ct_t TEXT,ct_l TEXT,exp INTEGER,m_cls TEXT,m_type INTEGER,v INTEGER,m_size INTEGER,pri INTEGER,rr INTEGER,rpt_a INTEGER,resp_st INTEGER,st INTEGER,tr_id TEXT,retr_st INTEGER,retr_txt TEXT,retr_txt_cs INTEGER,read_status INTEGER,ct_cls INTEGER,resp_txt TEXT,d_tm INTEGER,d_rpt INTEGER,locked INTEGER DEFAULT 0,phone_id INTEGER DEFAULT -1, seen INTEGER DEFAULT 0,creator TEXT,text_only INTEGER DEFAULT 0) result: true
D/MmsSmsDatabaseHelper( 4890): [getWritableDatabase] hasAutoIncrementThreads: true hasAutoIncrementAddresses: true hasAutoIncrementPart: true hasAutoIncrementPdu: true
I/FFMPEG  ( 3692): Input #0, ogg, from 'android-source:0xb420d100':
I/FFMPEG  ( 3692):   Duration: 00:00:02.37, start: 0.000000, bitrate: 71 kb/s
I/FFMPEG  ( 3692):     Stream #0:0: Audio: vorbis, 44100 Hz, mono, fltp, 70 kb/s
I/FFMPEG  ( 3692):     Metadata:
I/FFMPEG  ( 3692):       TITLE           : Beep-Beep-Beep Alarm
D/FFmpegExtractor( 3692): FFmpegExtrator, url: android-source:0xb420d100, format_name: ogg, format_long_name: Ogg
I/FFmpegExtractor( 3692): adjust mime(application/ogg -> audio/vorbis)
D/FFmpegExtractor( 3692): suppoted codec(vorbis) by official Stagefright
D/FFmpegExtractor( 3692): ffmpeg detected media content as 'audio/vorbis' with confidence 0.08
D/Mms     ( 5403): cancelNotification
D/WVMDrmPlugIn( 3691): WVMDrmPlugin::onInitialize : 3204
D/WVMDrmPlugIn( 3691): WVMDrmPlugin::onSetOnInfoListener : add 3204
D/Mms     ( 5403): Cursor= >>>>> Dumping cursor android.content.ContentResolver$CursorWrapperInner@1a05be45
D/Mms     ( 5403): <<<<<
D/Mms     ( 5403): Cursor= >>>>> Dumping cursor android.content.ContentResolver$CursorWrapperInner@2c9399a
D/Mms     ( 5403): <<<<<
D/Mms     ( 5403): cancelNotification
V/OneTimeInitializerRece( 5439): OneTimeInitializerReceiver.onReceive
D/CMStats ( 5042): Next sync attempt in : 23 hours
D/WVMDrmPlugIn( 3691): WVMDrmPlugin::onInitialize : 5942
D/WVMDrmPlugIn( 3691): WVMDrmPlugin::onSetOnInfoListener : add 5942
D/WVMDrmPlugIn( 3691): WVMDrmPlugin::onTerminate : 5942
I/FFmpegExtractor( 3692): android-source:0xb420d290
I/FFMPEG  ( 3692): Input #0, ogg, from 'android-source:0xb420d290':
I/FFMPEG  ( 3692):   Duration: 00:00:01.10, start: 0.000000, bitrate: 82 kb/s
I/FFMPEG  ( 3692):     Stream #0:0: Audio: vorbis, 44100 Hz, mono, fltp, 54 kb/s
I/FFMPEG  ( 3692):     Metadata:
I/FFMPEG  ( 3692):       TITLE           : Buzzer Alarm
D/FFmpegExtractor( 3692): FFmpegExtrator, url: android-source:0xb420d290, format_name: ogg, format_long_name: Ogg
I/FFmpegExtractor( 3692): adjust mime(application/ogg -> audio/vorbis)
D/FFmpegExtractor( 3692): suppoted codec(vorbis) by official Stagefright
D/FFmpegExtractor( 3692): ffmpeg detected media content as 'audio/vorbis' with confidence 0.08
I/ActivityManager( 4110): Start proc com.android.calendar for broadcast com.android.calendar/.alerts.AlertReceiver: pid=5466 uid=10026 gids={50026, 9997, 1028, 1015, 3003} abi=armeabi-v7a
D/WVMDrmPlugIn( 3691): WVMDrmPlugin::onInitialize : 6792
D/WVMDrmPlugIn( 3691): WVMDrmPlugin::onSetOnInfoListener : add 6792
D/WVMDrmPlugIn( 3691): WVMDrmPlugin::onTerminate : 6792
I/FFmpegExtractor( 3692): android-source:0xb420d330
I/FFMPEG  ( 3692): Input #0, ogg, from 'android-source:0xb420d330':
I/FFMPEG  ( 3692):   Duration: 00:00:01.67, start: 0.000000, bitrate: 53 kb/s
I/FFMPEG  ( 3692):     Stream #0:0: Audio: vorbis, 44100 Hz, mono, fltp, 40 kb/s
I/FFMPEG  ( 3692):     Metadata:
I/FFMPEG  ( 3692):       TITLE           : Rooster Alarm
D/FFmpegExtractor( 3692): FFmpegExtrator, url: android-source:0xb420d330, format_name: ogg, format_long_name: Ogg
I/FFmpegExtractor( 3692): adjust mime(application/ogg -> audio/vorbis)
D/FFmpegExtractor( 3692): suppoted codec(vorbis) by official Stagefright
D/FFmpegExtractor( 3692): ffmpeg detected media content as 'audio/vorbis' with confidence 0.08
D/WVMDrmPlugIn( 3691): WVMDrmPlugin::onInitialize : 7344
D/WVMDrmPlugIn( 3691): WVMDrmPlugin::onSetOnInfoListener : add 7344
D/WVMDrmPlugIn( 3691): WVMDrmPlugin::onTerminate : 7344
I/FFmpegExtractor( 3692): android-source:0xb420d470
I/FFMPEG  ( 3692): Input #0, ogg, from 'android-source:0xb420d470':
I/FFMPEG  ( 3692):   Duration: 00:00:07.00, start: 0.000000, bitrate: 133 kb/s
I/FFMPEG  ( 3692):     Stream #0:0: Audio: vorbis, 48000 Hz, mono, fltp, 128 kb/s
I/FFMPEG  ( 3692):     Metadata:
I/FFMPEG  ( 3692):       ANDROID_LOOP    : true
I/FFMPEG  ( 3692):       TITLE           : Argon
D/FFmpegExtractor( 3692): FFmpegExtrator, url: android-source:0xb420d470, format_name: ogg, format_long_name: Ogg
I/FFmpegExtractor( 3692): adjust mime(application/ogg -> audio/vorbis)
D/FFmpegExtractor( 3692): suppoted codec(vorbis) by official Stagefright
D/FFmpegExtractor( 3692): ffmpeg detected media content as 'audio/vorbis' with confidence 0.08
I/art     ( 4110): Explicit concurrent mark sweep GC freed 6964(502KB) AllocSpace objects, 7(290KB) LOS objects, 33% free, 23MB/34MB, paused 1.892ms total 39.518ms
D/ExtensionsFactory( 5466): No custom extensions.
