D/TinyUCM ( 4496): scenario = WB Incall
D/TinyUCM ( 4496): parseDeviceScanrio:--
I/TinyUCM ( 4496): Got device SCO Headset Out
D/TinyUCM ( 4496): scenario = default
D/TinyUCM ( 4496): parseDeviceScanrio:--
V/BitmapFactory( 4498): DecodeImagePath(decodeResourceStream3) : res/drawable-xxhdpi-v4/ic_menu_selectall_holo_light.png
D/TinyUCM ( 4496): scenario = NB Incall
D/TinyUCM ( 4496): parseDeviceScanrio:--
D/TinyUCM ( 4496): scenario = WB Incall
D/TinyUCM ( 4496): parseDeviceScanrio:--
I/TinyUCM ( 4496): Got device SCO
D/TinyUCM ( 4496): scenario = default
V/BitmapFactory( 4498): DecodeImagePath(decodeResourceStream3) : res/drawable-xxhdpi-v4/ic_menu_selectall_holo_dark.png
D/TinyUCM ( 4496): parseDeviceScanrio:--
D/TinyUCM ( 4496): scenario = NB Incall
D/TinyUCM ( 4496): parseDeviceScanrio:--
D/TinyUCM ( 4496): scenario = WB Incall
D/TinyUCM ( 4496): parseDeviceScanrio:--
I/TinyUCM ( 4496): Got device SCO Carkit
D/TinyUCM ( 4496): scenario = default
V/BitmapFactory( 4498): DecodeImagePath(decodeResourceStream3) : res/drawable-xhdpi-v4/ic_clear_disabled.png
D/TinyUCM ( 4496): parseDeviceScanrio:--
D/TinyUCM ( 4496): scenario = NB Incall
D/TinyUCM ( 4496): parseDeviceScanrio:--
D/TinyUCM ( 4496): scenario = WB Incall
D/TinyUCM ( 4496): parseDeviceScanrio:--
I/TinyUCM ( 4496): Got device Analogue Dock Out
I/TinyUCM ( 4496): Got device AUX Digital Out
I/TinyUCM ( 4496): Got device Builtin Mic
D/TinyUCM ( 4496): scenario = default
D/TinyUCM ( 4496): parseDeviceScanrio:--
D/TinyUCM ( 4496): scenario = SecVoipin
D/TinyUCM ( 4496): parseDeviceScanrio:--
D/TinyUCM ( 4496): scenario = SecVoipin
D/TinyUCM ( 4496): parseDeviceScanrio:--
D/TinyUCM ( 4496): scenario = Interview
V/BitmapFactory( 4498): DecodeImagePath(decodeResourceStream3) : res/drawable-hdpi-v4/ic_clear_normal.png
D/TinyUCM ( 4496): parseDeviceScanrio:--
D/TinyUCM ( 4496): scenario = Conversation
D/TinyUCM ( 4496): parseDeviceScanrio:--
D/TinyUCM ( 4496): scenario = IncallInNBNSOn
D/TinyUCM ( 4496): parseDeviceScanrio:--
D/TinyUCM ( 4496): scenario = IncallInWBNSOn
V/BitmapFactory( 4498): DecodeImagePath(decodeResourceStream3) : res/drawable-xxhdpi-v4/ic_search_api_holo_dark.png
D/TinyUCM ( 4496): parseDeviceScanrio:--
D/TinyUCM ( 4496): scenario = IncallInNBNSOn
D/TinyUCM ( 4496): parseDeviceScanrio:--
D/TinyUCM ( 4496): scenario = IncallInWBNSOn
V/BitmapFactory( 4498): DecodeImagePath(decodeResourceStream3) : res/drawable-xxhdpi-v4/ic_search_api_holo_light.png
D/TinyUCM ( 4496): parseDeviceScanrio:--
D/TinyUCM ( 4496): scenario = IncallInNBNSOff
D/TinyUCM ( 4496): parseDeviceScanrio:--
D/TinyUCM ( 4496): scenario = IncallInWBNSOff
V/BitmapFactory( 4498): DecodeImagePath(decodeResourceStream3) : res/drawable-xhdpi-v4/ic_go.png
D/TinyUCM ( 4496): parseDeviceScanrio:--
D/TinyUCM ( 4496): scenario = IncallInNBNSOff
D/TinyUCM ( 4496): parseDeviceScanrio:--
D/TinyUCM ( 4496): scenario = IncallInWBNSOff
V/BitmapFactory( 4498): DecodeImagePath(decodeResourceStream3) : res/drawable-xxhdpi-v4/ic_voice_search_api_holo_dark.png
D/TinyUCM ( 4496): parseDeviceScanrio:--
D/TinyUCM ( 4496): scenario = LoopbackPacketIn
D/TinyUCM ( 4496): parseDeviceScanrio:--
D/TinyUCM ( 4496): scenario = LoopbackPacketIn
D/TinyUCM ( 4496): parseDeviceScanrio:--
D/TinyUCM ( 4496): scenario = VoiceControl
V/BitmapFactory( 4498): DecodeImagePath(decodeResourceStream3) : res/drawable-xxhdpi-v4/ic_voice_search_api_holo_light.png
D/TinyUCM ( 4496): parseDeviceScanrio:--
D/TinyUCM ( 4496): scenario = LpsdControl
D/TinyUCM ( 4496): parseDeviceScanrio:--
I/TinyUCM ( 4496): Got device Back Mic
D/TinyUCM ( 4496): scenario = default
D/TinyUCM ( 4496): parseDeviceScanrio:--
D/TinyUCM ( 4496): scenario = SecVoipin
D/TinyUCM ( 4496): parseDeviceScanrio:--
D/TinyUCM ( 4496): scenario = SecVoipin
D/TinyUCM ( 4496): parseDeviceScanrio:--
D/TinyUCM ( 4496): scenario = Interview
D/TinyUCM ( 4496): parseDeviceScanrio:--
D/TinyUCM ( 4496): scenario = Conversation
D/TinyUCM ( 4496): parseDeviceScanrio:--
D/TinyUCM ( 4496): scenario = IncallInNBNSOn
D/TinyUCM ( 4496): parseDeviceScanrio:--
D/TinyUCM ( 4496): scenario = IncallInWBNSOn
D/TinyUCM ( 4496): parseDeviceScanrio:--
D/TinyUCM ( 4496): scenario = IncallInNBNSOn
D/TinyUCM ( 4496): parseDeviceScanrio:--
D/TinyUCM ( 4496): scenario = IncallInWBNSOn
D/TinyUCM ( 4496): parseDeviceScanrio:--
D/TinyUCM ( 4496): scenario = IncallInNBNSOff
D/TinyUCM ( 4496): parseDeviceScanrio:--
D/TinyUCM ( 4496): scenario = IncallInWBNSOff
D/TinyUCM ( 4496): parseDeviceScanrio:--
D/TinyUCM ( 4496): scenario = IncallInNBNSOff
D/TinyUCM ( 4496): parseDeviceScanrio:--
D/TinyUCM ( 4496): scenario = IncallInWBNSOff
D/TinyUCM ( 4496): parseDeviceScanrio:--
D/TinyUCM ( 4496): scenario = LoopbackIn
D/TinyUCM ( 4496): parseDeviceScanrio:--
D/TinyUCM ( 4496): scenario = LoopbackPacketIn
D/TinyUCM ( 4496): parseDeviceScanrio:--
D/TinyUCM ( 4496): scenario = LoopbackPacketIn
D/TinyUCM ( 4496): parseDeviceScanrio:--
I/TinyUCM ( 4496): Got device Third Mic
D/TinyUCM ( 4496): scenario = default
D/TinyUCM ( 4496): parseDeviceScanrio:--
D/TinyUCM ( 4496): scenario = Interview
D/TinyUCM ( 4496): parseDeviceScanrio:--
D/TinyUCM ( 4496): scenario = Conversation
D/TinyUCM ( 4496): parseDeviceScanrio:--
D/TinyUCM ( 4496): scenario = IncallInNBNSOn
D/TinyUCM ( 4496): parseDeviceScanrio:--
D/TinyUCM ( 4496): scenario = IncallInWBNSOn
D/TinyUCM ( 4496): parseDeviceScanrio:--
D/TinyUCM ( 4496): scenario = IncallInNBNSOff
D/TinyUCM ( 4496): parseDeviceScanrio:--
D/TinyUCM ( 4496): scenario = IncallInWBNSOff
D/TinyUCM ( 4496): parseDeviceScanrio:--
D/TinyUCM ( 4496): scenario = LoopbackIn
D/TinyUCM ( 4496): parseDeviceScanrio:--
D/TinyUCM ( 4496): scenario = LoopbackPacketIn
D/TinyUCM ( 4496): parseDeviceScanrio:--
I/TinyUCM ( 4496): Got device Headset In
D/TinyUCM ( 4496): scenario = default
D/TinyUCM ( 4496): parseDeviceScanrio:--
D/TinyUCM ( 4496): scenario = IncallInNBNSOn
D/TinyUCM ( 4496): parseDeviceScanrio:--
D/TinyUCM ( 4496): scenario = IncallInWBNSOn
D/TinyUCM ( 4496): parseDeviceScanrio:--
D/TinyUCM ( 4496): scenario = IncallInNBNSOff
D/TinyUCM ( 4496): parseDeviceScanrio:--
D/TinyUCM ( 4496): scenario = IncallInWBNSOff
D/TinyUCM ( 4496): parseDeviceScanrio:--
I/TinyUCM ( 4496): Got device SCO Headset In
D/TinyUCM ( 4496): scenario = default
D/TinyUCM ( 4496): parseDeviceScanrio:--
D/TinyUCM ( 4496): scenario = IncallInNBNSOff
D/TinyUCM ( 4496): parseDeviceScanrio:--
D/TinyUCM ( 4496): scenario = IncallInWBNSOff
D/TinyUCM ( 4496): parseDeviceScanrio:--
I/TinyUCM ( 4496): Got device FMRadio In
I/TinyUCM ( 4496): Got verb Normal
I/TinyUCM ( 4496): Got verb Ringtone
I/TinyUCM ( 4496): Got verb Communication
I/TinyUCM ( 4496): Got verb Voicecall
I/TinyUCM ( 4496): Got verb FMRadio
I/TinyUCM ( 4496): Got verb Loopback
I/TinyUCM ( 4496): Got channel Left
I/TinyUCM ( 4496): Got channel Right
I/TinyUCM ( 4496): Got channel Stereo
I/TinyUCM ( 4496): Got channel None
D/TinyUCM ( 4496): modifier file = /etc/default_gain.conf
D/TinyUCM ( 4496): parseParam ++
D/TinyUCM ( 4496): param bytes = 200
D/TinyUCM ( 4496): param bytes = 296
D/TinyUCM ( 4496): parseParam ++
D/TinyUCM ( 4496): param bytes = 200
D/TinyUCM ( 4496): param bytes = 296
D/TinyUCM ( 4496): parseParam ++
D/TinyUCM ( 4496): param bytes = 200
D/TinyUCM ( 4496): param bytes = 296
D/TinyUCM ( 4496): parseParam ++
D/TinyUCM ( 4496): param bytes = 200
D/TinyUCM ( 4496): param bytes = 296
V/BitmapFactory( 4498): DecodeImagePath(decodeResourceStream3) : res/drawable-xxhdpi-v4/ic_dialog_alert_holo_dark.png
V/BitmapFactory( 4498): DecodeImagePath(decodeResourceStream3) : res/drawable-xxhdpi-v4/ic_dialog_alert_holo_light.png
D/TinyUCM ( 4496): parseParam ++
D/TinyUCM ( 4496): param bytes = 512
D/TinyUCM ( 4496): param bytes = 200
D/TinyUCM ( 4496): parseParam ++
D/TinyUCM ( 4496): param bytes = 512
D/TinyUCM ( 4496): param bytes = 200
D/TinyUCM ( 4496): parseParam ++
D/TinyUCM ( 4496): param bytes = 512
D/TinyUCM ( 4496): param bytes = 200
D/TinyUCM ( 4496): parseParam ++
D/TinyUCM ( 4496): param bytes = 512
D/TinyUCM ( 4496): param bytes = 200
D/TinyUCM ( 4496): parseParam ++
D/TinyUCM ( 4496): param bytes = 512
D/TinyUCM ( 4496): param bytes = 200
D/TinyUCM ( 4496): parseParam ++
V/BitmapFactory( 4498): DecodeImagePath(decodeResourceStream3) : res/drawable-xxhdpi-v4/fastscroll_thumb_pressed_holo.png
D/TinyUCM ( 4496): param bytes = 512
W/Resources( 4498): Preloaded drawable resource #0x1080379 (android:drawable/fastscroll_thumb_pressed_holo) that varies with configuration!!
D/TinyUCM ( 4496): param bytes = 200
D/TinyUCM ( 4496): parseParam ++
V/BitmapFactory( 4498): DecodeImagePath(decodeResourceStream3) : res/drawable-xxhdpi-v4/fastscroll_thumb_default_holo.png
W/Resources( 4498): Preloaded drawable resource #0x1080375 (android:drawable/fastscroll_thumb_default_holo) that varies with configuration!!
D/TinyUCM ( 4496): param bytes = 512
D/TinyUCM ( 4496): param bytes = 200
D/TinyUCM ( 4496): parseParam ++
W/Resources( 4498): Preloaded drawable resource #0x1080376 (android:drawable/fastscroll_thumb_holo) that varies with configuration!!
V/BitmapFactory( 4498): DecodeImagePath(decodeResourceStream3) : res/drawable-xxhdpi-v4/fastscroll_thumb_pressed_holo.png
D/TinyUCM ( 4496): param bytes = 512
D/TinyUCM ( 4496): param bytes = 200
W/Resources( 4498): Preloaded drawable resource #0x1080379 (android:drawable/fastscroll_thumb_pressed_holo) that varies with configuration!!
V/BitmapFactory( 4498): DecodeImagePath(decodeResourceStream3) : res/drawable-xxhdpi-v4/fastscroll_thumb_default_holo.png
D/TinyUCM ( 4496): parseParam ++
W/Resources( 4498): Preloaded drawable resource #0x1080375 (android:drawable/fastscroll_thumb_default_holo) that varies with configuration!!
I/art     ( 4498): VMRuntime.preloadDexCaches strings total=319531 before=63270 after=63270
I/art     ( 4498): VMRuntime.preloadDexCaches types total=26490 before=26490 after=26490
I/art     ( 4498): VMRuntime.preloadDexCaches fields total=127452 before=127421 after=127421
I/art     ( 4498): VMRuntime.preloadDexCaches methods total=214441 before=214397 after=214397
I/art     ( 4498): VMRuntime.preloadDexCaches finished
I/art     ( 4498): Counter: 0
I/Zygote  ( 4498): !@Boot: EndofpreloadClasses()
D/TinyUCM ( 4496): param bytes = 512
D/TinyUCM ( 4496): param bytes = 200
D/TinyUCM ( 4496): parseParam ++
W/Resources( 4498): Preloaded drawable resource #0x1080380 (android:drawable/fastscroll_track_pressed_holo_dark) that varies with configuration!!
W/Resources( 4498): Preloaded drawable resource #0x108037a (android:drawable/fastscroll_track_default_holo_dark) that varies with configuration!!
D/TinyUCM ( 4496): param bytes = 512
W/Resources( 4498): Preloaded drawable resource #0x108037c (android:drawable/fastscroll_track_holo_dark) that varies with configuration!!
D/TinyUCM ( 4496): param bytes = 200
W/Resources( 4498): Preloaded drawable resource #0x1080380 (android:drawable/fastscroll_track_pressed_holo_dark) that varies with configuration!!
W/Resources( 4498): Preloaded drawable resource #0x108037a (android:drawable/fastscroll_track_default_holo_dark) that varies with configuration!!
E/AudioRil( 4496): Connect_RILD() error
E/AudioRil( 4496): audio secril init failed.
I/AudioFlinger( 4496): loadHwModule() Loaded primary audio interface from Samsung SMDK54xx audio hw HAL (audio) handle 1
W/Resources( 4498): Preloaded drawable resource #0x108036f (android:drawable/fastscroll_label_left_holo_dark) that varies with configuration!!
D/SoundAliveResampler( 4496): [SoundAliveResampler] Init+++
D/AudioHardwareTinyALSA( 4496): Input	: format = 1, channels = 3, rate = 48000
D/AudioHardwareTinyALSA( 4496): default	: format = 0, channelCount = 2, rate = 48000
I/AudioHardwareTinyALSA( 4496): Setting ALSA device.
I/AudioFlinger( 4496): HAL output buffer size 960 frames, normal sink buffer size 960 frames
W/Resources( 4498): Preloaded drawable resource #0x1080372 (android:drawable/fastscroll_label_right_holo_dark) that varies with configuration!!
W/Resources( 4498): Preloaded drawable resource #0x1080381 (android:drawable/fastscroll_track_pressed_holo_light) that varies with configuration!!
W/Resources( 4498): Preloaded drawable resource #0x108037b (android:drawable/fastscroll_track_default_holo_light) that varies with configuration!!
W/Resources( 4498): Preloaded drawable resource #0x108037d (android:drawable/fastscroll_track_holo_light) that varies with configuration!!
W/Resources( 4498): Preloaded drawable resource #0x1080381 (android:drawable/fastscroll_track_pressed_holo_light) that varies with configuration!!
W/Resources( 4498): Preloaded drawable resource #0x108037b (android:drawable/fastscroll_track_default_holo_light) that varies with configuration!!
W/Resources( 4498): Preloaded drawable resource #0x1080370 (android:drawable/fastscroll_label_left_holo_light) that varies with configuration!!
W/linker  ( 4496): lib_SoundAlive_play_ver125e.so has text relocations. This is wasting memory and prevents security hardening. Please fix.
I/AudioMixer( 4496): found effect "Multichannel Downmix To Stereo" from The Android Open Source Project
W/Resources( 4498): Preloaded drawable resource #0x1080373 (android:drawable/fastscroll_label_right_holo_light) that varies with configuration!!
I/AudioFlinger( 4496): Using module 1 has the primary audio interface
D/AudioHardwareInterface( 4496): setMode(NORMAL)
D/AudioHardwareTinyALSA( 4496): setMode 0
D/AudioHardwareTinyALSA( 4496): Leaving IN_CALL state, in_call=0
I/art     ( 4498): Background sticky concurrent mark sweep GC freed 2733(388KB) AllocSpace objects, 0(0B) LOS objects, 0% free, 12MB/12MB, paused 1.286ms total 276.502ms
D/TinyUCM ( 4496): setverb Normal
D/AudioHardwareTinyALSA( 4496): setOutputVolume
D/TinyUCM ( 4496): setModifier Normal, en=1
V/AudioPolicyManager( 4496): setOutputDevice() output 2 device 0002 delayMs 0
V/AudioPolicyManager( 4496): setOutputDevice() prevDevice 0002
V/AudioPolicyManager( 4496): setOutputDevice() changing device
V/AudioPolicyManager( 4496): DeviceVector::refreshTypes() mDeviceTypes 00000002
V/AudioPolicyManager( 4496): DeviceVector::getDevicesFromType() for type 2 found 0xb2a5cf40
I/AudioFlinger( 4496): AudioFlinger's thread 0xb2101000 ready to run
W/AudioFlinger( 4496): Thread AudioOut_2 cannot connect to the power manager service
D/AudioHardwareTinyALSA( 4496): standby waiting for out autolock
D/AudioHardwareTinyALSA( 4496): Entering AudioStreamOutALSA standby mode nStreamOutputType:0
D/AudioHardwareTinyALSA( 4496): AudioStreamOutALSA::standby - close()
W/AudioFlinger( 4496): Thread AudioOut_2 cannot connect to the power manager service
I/AudioHardwareTinyALSA( 4496): AudioStreamOutALSA::setParameters() routing=2, outputtype:0
D/AudioHardwareTinyALSA( 4496): OutALSA::setDevice: mode = 0, newDevice=0x2, currentDevice=0x0 ,force= 0
D/AudioHardwareTinyALSA( 4496): OutALSA::setDevice: mDevice 0x0, newDevice = 0x2
D/AudioHardwareTinyALSA( 4496): getOutputScenario: scenario = Normal
D/AudioHardwareTinyALSA( 4496): getOutputScenario: scenario = Normal
D/TinyUCM ( 4496): Enable Output dev(0x2)
D/TinyUCM ( 4496): setScenario: Normal
D/TinyUCM ( 4496): dev_scenairo->name = Normal
D/TinyUCM ( 4496): Disable Output dev(0x0)
D/AudioHardwareTinyALSA( 4496): setPcmInterface: Stream=0x1, iSamplerate=16000++
D/AudioHardwareTinyALSA( 4496): setPcmInterface--
D/AudioHardwareTinyALSA( 4496): setOutputVolume
D/TinyUCM ( 4496): setModifier Normal, en=1
D/TinyUCM ( 4496): Normal doesn't have param
W/AudioFlinger( 4496): Thread AudioOut_2 cannot connect to the power manager service
E/AudioFlinger( 4496): no wake lock to update!
V/AudioPolicyManager( 4496): setOutputDevice() createAudioPatch returned 0 patchHandle 3num_sources 1 num_sinks 1
V/AudioPolicyManager( 4496): addAudioPatch() handle 4 af handle 0 num_sources 1 num_sinks 1 source handle 3sink handle 2
I/AudioHardwareTinyALSA( 4496): ### setVoiceVolume (0.000000)
V/AudioPolicyManager( 4496): checkAndSetVolume() cannot set stream 6 volume with force use = 0 for comm
E/AudioHardwareTinyALSA( 4496): AudioStreamInALSA userDefined 0, pSize 960, pCount 4, buffer 3840, latency 80000
D/AudioHardwareTinyALSA( 4496): Input	: format = 1, channels = 12, rate = 48000
D/AudioHardwareTinyALSA( 4496): default	: format = 0, channelCount = 2, rate = 48000
D/AudioHardwareTinyALSA( 4496): AudioStreamOps::set set IN_Channels : 10
D/AudioHardwareTinyALSA( 4496): mInputs.size : 1
I/AudioFlinger( 4496): AudioFlinger's thread 0xb2142000 ready to run
I/AudioHardwareTinyALSA( 4496): closeInputStream +
D/TinyUCM ( 4496): Disable Output dev(0x0)
D/AudioHardwareTinyALSA( 4496): Entering AudioStreamInALSA standby mode
I/audio_a2dp_hw( 4496): adev_open:  adev_open in A2dp_hw module
I/AudioFlinger( 4496): loadHwModule() Loaded a2dp audio interface from A2DP Audio HW HAL (audio) handle 5
I/AudioFlinger( 4496): loadHwModule() Loaded usb audio interface from USB audio HW HAL (audio) handle 6
I/AudioFlinger( 4496): loadHwModule() Loaded tms audio interface from TMS Audio HW HAL (audio) handle 7
E/tms_audio_hw/AudioTmsIpc( 4496): AudioTmsClientListen::bind error -1
I/r_submix( 4496): adev_open(name=audio_hw_if)
I/r_submix( 4496): adev_init_check()
I/AudioFlinger( 4496): loadHwModule() Loaded r_submix audio interface from Wifi Display audio HAL (audio) handle 8
D/r_submix( 4496): adev_open_input_stream()
D/r_submix( 4496): submix_audio_device_create_pipe()
E/MonoPipe( 4496): Failed to fetch local time frequency when constructing a MonoPipe (res = -32).  getNextWriteTimestamp calls will be non-functional
E/tms_audio_hw/AudioTmsIpc( 4496): AudioTmsServerListen bind error -1 Address already in use
I/AudioFlinger( 4496): AudioFlinger's thread 0xb2142000 ready to run
D/r_submix( 4496): adev_close_input_stream()
D/r_submix( 4496): submix_audio_device_release_pipe()
D/r_submix( 4496): submix_audio_device_destroy_pipe(): pipe destroyed
W/AudioPolicyManager( 4496): Input device 80080000 unreachable
V/AudioPolicyManager( 4496): DeviceVector::refreshTypes() mDeviceTypes 800001c4
W/VolumeCustomizer( 4496): createVolumeTable device=0
D/VolumeCustomizer( 4496): volume tuning file does NOT exist!!! use default VolumeTable
W/VolumeCustomizer( 4496): createVolumeTable device=1
D/VolumeCustomizer( 4496): volume tuning file does NOT exist!!! use default VolumeTable
W/VolumeCustomizer( 4496): createVolumeTable device=2
D/VolumeCustomizer( 4496): volume tuning file does NOT exist!!! use default VolumeTable
W/VolumeCustomizer( 4496): createVolumeTable device=3
D/VolumeCustomizer( 4496): volume tuning file does NOT exist!!! use default VolumeTable
W/VolumeCustomizer( 4496): createVolumeTable device=4
D/VolumeCustomizer( 4496): volume tuning file does NOT exist!!! use default VolumeTable
V/AudioPolicyManager( 4496): ====spkVolume[0][0] = 0.177828
V/AudioPolicyManager( 4496): ====spkVolume[0][1] = 0.251189
V/AudioPolicyManager( 4496): ====spkVolume[0][2] = 0.354813
V/AudioPolicyManager( 4496): ====spkVolume[0][3] = 0.501187
V/AudioPolicyManager( 4496): ====spkVolume[0][4] = 0.707946
V/AudioPolicyManager( 4496): ====spkVolume[0][5] = 1.000000
V/AudioPolicyManager( 4496): ====spkVolume[0][6] = 0.500000
V/AudioPolicyManager( 4496): ====spkVolume[0][7] = 0.000000
V/AudioPolicyManager( 4496): ====spkVolume[0][8] = 0.000000
V/AudioPolicyManager( 4496): ====spkVolume[0][9] = 0.000000
V/AudioPolicyManager( 4496): ====spkVolume[0][10] = 0.000000
V/AudioPolicyManager( 4496): ====spkVolume[0][11] = 0.000000
V/AudioPolicyManager( 4496): ====spkVolume[0][12] = 0.000000
V/AudioPolicyManager( 4496): ====spkVolume[0][13] = 0.000000
V/AudioPolicyManager( 4496): ====spkVolume[0][14] = 0.000000
V/AudioPolicyManager( 4496): ====spkVolume[0][15] = 0.000000
V/AudioPolicyManager( 4496): ====spkVolume[0][16] = 0.000000
V/AudioPolicyManager( 4496): ====spkVolume[1][0] = 0.000000
V/AudioPolicyManager( 4496): ====spkVolume[1][1] = 0.028184
V/AudioPolicyManager( 4496): ====spkVolume[1][2] = 0.035481
V/AudioPolicyManager( 4496): ====spkVolume[1][3] = 0.044668
V/AudioPolicyManager( 4496): ====spkVolume[1][4] = 0.056234
V/AudioPolicyManager( 4496): ====spkVolume[1][5] = 0.070795
V/AudioPolicyManager( 4496): ====spkVolume[1][6] = 0.089125
V/AudioPolicyManager( 4496): ====spkVolume[1][7] = 0.112202
V/AudioPolicyManager( 4496): ====spkVolume[1][8] = 0.141254
V/AudioPolicyManager( 4496): ====spkVolume[1][9] = 0.177828
V/AudioPolicyManager( 4496): ====spkVolume[1][10] = 0.223872
V/AudioPolicyManager( 4496): ====spkVolume[1][11] = 0.281838
V/AudioPolicyManager( 4496): ====spkVolume[1][12] = 0.354813
V/AudioPolicyManager( 4496): ====spkVolume[1][13] = 0.446684
V/AudioPolicyManager( 4496): ====spkVolume[1][14] = 0.630957
V/AudioPolicyManager( 4496): ====spkVolume[1][15] = 1.000000
V/AudioPolicyManager( 4496): ====spkVolume[1][16] = 1.000000
V/AudioPolicyManager( 4496): ====spkVolume[2][0] = 0.000000
V/AudioPolicyManager( 4496): ====spkVolume[2][1] = 0.019953
V/AudioPolicyManager( 4496): ====spkVolume[2][2] = 0.025119
V/AudioPolicyManager( 4496): ====spkVolume[2][3] = 0.031623
V/AudioPolicyManager( 4496): ====spkVolume[2][4] = 0.039811
V/AudioPolicyManager( 4496): ====spkVolume[2][5] = 0.050119
V/AudioPolicyManager( 4496): ====spkVolume[2][6] = 0.063096
V/AudioPolicyManager( 4496): ====spkVolume[2][7] = 0.079433
V/AudioPolicyManager( 4496): ====spkVolume[2][8] = 0.100000
V/AudioPolicyManager( 4496): ====spkVolume[2][9] = 0.125893
V/AudioPolicyManager( 4496): ====spkVolume[2][10] = 0.158489
V/AudioPolicyManager( 4496): ====spkVolume[2][11] = 0.199526
V/AudioPolicyManager( 4496): ====spkVolume[2][12] = 0.251189
V/AudioPolicyManager( 4496): ====spkVolume[2][13] = 0.316228
V/AudioPolicyManager( 4496): ====spkVolume[2][14] = 0.562341
V/AudioPolicyManager( 4496): ====spkVolume[2][15] = 1.000000
V/AudioPolicyManager( 4496): ====spkVolume[2][16] = 1.000000
V/AudioPolicyManager( 4496): ====spkVolume[3][0] = 0.000000
V/AudioPolicyManager( 4496): ====spkVolume[3][1] = 0.005623
V/AudioPolicyManager( 4496): ====spkVolume[3][2] = 0.007943
V/AudioPolicyManager( 4496): ====spkVolume[3][3] = 0.012589
V/AudioPolicyManager( 4496): ====spkVolume[3][4] = 0.017783
V/AudioPolicyManager( 4496): ====spkVolume[3][5] = 0.025119
V/AudioPolicyManager( 4496): ====spkVolume[3][6] = 0.039811
V/AudioPolicyManager( 4496): ====spkVolume[3][7] = 0.063096
V/AudioPolicyManager( 4496): ====spkVolume[3][8] = 0.089125
V/AudioPolicyManager( 4496): ====spkVolume[3][9] = 0.125893
V/AudioPolicyManager( 4496): ====spkVolume[3][10] = 0.177828
V/AudioPolicyManager( 4496): ====spkVolume[3][11] = 0.251189
V/AudioPolicyManager( 4496): ====spkVolume[3][12] = 0.354813
V/AudioPolicyManager( 4496): ====spkVolume[3][13] = 0.501187
V/AudioPolicyManager( 4496): ====spkVolume[3][14] = 0.707946
V/AudioPolicyManager( 4496): ====spkVolume[3][15] = 1.000000
V/AudioPolicyManager( 4496): ====spkVolume[3][16] = 1.000000
V/AudioPolicyManager( 4496): ====spkVolume[4][0] = 0.000000
V/AudioPolicyManager( 4496): ====spkVolume[4][1] = 0.019953
V/AudioPolicyManager( 4496): ====spkVolume[4][2] = 0.025119
V/AudioPolicyManager( 4496): ====spkVolume[4][3] = 0.031623
V/AudioPolicyManager( 4496): ====spkVolume[4][4] = 0.039811
V/AudioPolicyManager( 4496): ====spkVolume[4][5] = 0.050119
V/AudioPolicyManager( 4496): ====spkVolume[4][6] = 0.063096
V/AudioPolicyManager( 4496): ====spkVolume[4][7] = 0.079433
V/AudioPolicyManager( 4496): ====spkVolume[4][8] = 0.100000
V/AudioPolicyManager( 4496): ====spkVolume[4][9] = 0.125893
V/AudioPolicyManager( 4496): ====spkVolume[4][10] = 0.158489
V/AudioPolicyManager( 4496): ====spkVolume[4][11] = 0.199526
V/AudioPolicyManager( 4496): ====spkVolume[4][12] = 0.251189
V/AudioPolicyManager( 4496): ====spkVolume[4][13] = 0.316228
V/AudioPolicyManager( 4496): ====spkVolume[4][14] = 0.562341
V/AudioPolicyManager( 4496): ====spkVolume[4][15] = 1.000000
V/AudioPolicyManager( 4496): ====spkVolume[4][16] = 1.000000
V/AudioPolicyManager( 4496): ====spkVolume[5][0] = 0.000000
V/AudioPolicyManager( 4496): ====spkVolume[5][1] = 0.039811
V/AudioPolicyManager( 4496): ====spkVolume[5][2] = 0.050119
V/AudioPolicyManager( 4496): ====spkVolume[5][3] = 0.063096
V/AudioPolicyManager( 4496): ====spkVolume[5][4] = 0.079433
V/AudioPolicyManager( 4496): ====spkVolume[5][5] = 0.100000
V/AudioPolicyManager( 4496): ====spkVolume[5][6] = 0.125893
V/AudioPolicyManager( 4496): ====spkVolume[5][7] = 0.158489
V/AudioPolicyManager( 4496): ====spkVolume[5][8] = 0.199526
V/AudioPolicyManager( 4496): ====spkVolume[5][9] = 0.251189
V/AudioPolicyManager( 4496): ====spkVolume[5][10] = 0.316228
V/AudioPolicyManager( 4496): ====spkVolume[5][11] = 0.398107
V/AudioPolicyManager( 4496): ====spkVolume[5][12] = 0.501187
V/AudioPolicyManager( 4496): ====spkVolume[5][13] = 0.630957
V/AudioPolicyManager( 4496): ====spkVolume[5][14] = 0.794328
V/AudioPolicyManager( 4496): ====spkVolume[5][15] = 1.000000
V/AudioPolicyManager( 4496): ====spkVolume[5][16] = 1.000000
V/AudioPolicyManager( 4496): ====spkVolume[6][0] = 0.074989
V/AudioPolicyManager( 4496): ====spkVolume[6][1] = 0.089125
V/AudioPolicyManager( 4496): ====spkVolume[6][2] = 0.105925
V/AudioPolicyManager( 4496): ====spkVolume[6][3] = 0.125893
V/AudioPolicyManager( 4496): ====spkVolume[6][4] = 0.149624
V/AudioPolicyManager( 4496): ====spkVolume[6][5] = 0.177828
V/AudioPolicyManager( 4496): ====spkVolume[6][6] = 0.211349
V/AudioPolicyManager( 4496): ====spkVolume[6][7] = 0.251189
V/AudioPolicyManager( 4496): ====spkVolume[6][8] = 0.298538
V/AudioPolicyManager( 4496): ====spkVolume[6][9] = 0.354813
V/AudioPolicyManager( 4496): ====spkVolume[6][10] = 0.421696
V/AudioPolicyManager( 4496): ====spkVolume[6][11] = 0.501187
V/AudioPolicyManager( 4496): ====spkVolume[6][12] = 0.595662
V/AudioPolicyManager( 4496): ====spkVolume[6][13] = 0.707946
V/AudioPolicyManager( 4496): ====spkVolume[6][14] = 0.841395
V/AudioPolicyManager( 4496): ====spkVolume[6][15] = 1.000000
V/AudioPolicyManager( 4496): ====spkVolume[6][16] = 0.500000
V/AudioPolicyManager( 4496): ====spkVolume[7][0] = 0.000000
V/AudioPolicyManager( 4496): ====spkVolume[7][1] = 0.039811
V/AudioPolicyManager( 4496): ====spkVolume[7][2] = 0.050119
V/AudioPolicyManager( 4496): ====spkVolume[7][3] = 0.063096
V/AudioPolicyManager( 4496): ====spkVolume[7][4] = 0.079433
V/AudioPolicyManager( 4496): ====spkVolume[7][5] = 0.100000
V/AudioPolicyManager( 4496): ====spkVolume[7][6] = 0.125893
V/AudioPolicyManager( 4496): ====spkVolume[7][7] = 0.158489
V/AudioPolicyManager( 4496): ====spkVolume[7][8] = 0.199526
V/AudioPolicyManager( 4496): ====spkVolume[7][9] = 0.251189
V/AudioPolicyManager( 4496): ====spkVolume[7][10] = 0.316228
V/AudioPolicyManager( 4496): ====spkVolume[7][11] = 0.398107
V/AudioPolicyManager( 4496): ====spkVolume[7][12] = 0.501187
V/AudioPolicyManager( 4496): ====spkVolume[7][13] = 0.630957
V/AudioPolicyManager( 4496): ====spkVolume[7][14] = 0.794328
V/AudioPolicyManager( 4496): ====spkVolume[7][15] = 1.000000
V/AudioPolicyManager( 4496): ====spkVolume[7][16] = 1.000000
V/AudioPolicyManager( 4496): ====spkVolume[8][0] = 0.000000
V/AudioPolicyManager( 4496): ====spkVolume[8][1] = 0.003350
V/AudioPolicyManager( 4496): ====spkVolume[8][2] = 0.007943
V/AudioPolicyManager( 4496): ====spkVolume[8][3] = 0.014962
V/AudioPolicyManager( 4496): ====spkVolume[8][4] = 0.022387
V/AudioPolicyManager( 4496): ====spkVolume[8][5] = 0.031623
V/AudioPolicyManager( 4496): ====spkVolume[8][6] = 0.044668
V/AudioPolicyManager( 4496): ====spkVolume[8][7] = 0.063096
V/AudioPolicyManager( 4496): ====spkVolume[8][8] = 0.089125
V/AudioPolicyManager( 4496): ====spkVolume[8][9] = 0.125893
V/AudioPolicyManager( 4496): ====spkVolume[8][10] = 0.177828
V/AudioPolicyManager( 4496): ====spkVolume[8][11] = 0.251189
V/AudioPolicyManager( 4496): ====spkVolume[8][12] = 0.354813
V/AudioPolicyManager( 4496): ====spkVolume[8][13] = 0.501187
V/AudioPolicyManager( 4496): ====spkVolume[8][14] = 0.707946
V/AudioPolicyManager( 4496): ====spkVolume[8][15] = 1.000000
V/AudioPolicyManager( 4496): ====spkVolume[8][16] = 0.500000
V/AudioPolicyManager( 4496): ====spkVolume[9][0] = 0.000000
V/AudioPolicyManager( 4496): ====spkVolume[9][1] = 0.074989
V/AudioPolicyManager( 4496): ====spkVolume[9][2] = 0.089125
V/AudioPolicyManager( 4496): ====spkVolume[9][3] = 0.105925
V/AudioPolicyManager( 4496): ====spkVolume[9][4] = 0.125893
V/AudioPolicyManager( 4496): ====spkVolume[9][5] = 0.149624
V/AudioPolicyManager( 4496): ====spkVolume[9][6] = 0.177828
V/AudioPolicyManager( 4496): ====spkVolume[9][7] = 0.211349
V/AudioPolicyManager( 4496): ====spkVolume[9][8] = 0.251189
V/AudioPolicyManager( 4496): ====spkVolume[9][9] = 0.298538
V/AudioPolicyManager( 4496): ====spkVolume[9][10] = 0.354813
V/AudioPolicyManager( 4496): ====spkVolume[9][11] = 0.421696
V/AudioPolicyManager( 4496): ====spkVolume[9][12] = 0.501187
V/AudioPolicyManager( 4496): ====spkVolume[9][13] = 0.595662
V/AudioPolicyManager( 4496): ====spkVolume[9][14] = 0.707946
V/AudioPolicyManager( 4496): ====spkVolume[9][15] = 0.841395
V/AudioPolicyManager( 4496): ====spkVolume[9][16] = 0.500000
V/AudioPolicyManager( 4496): ====spkVolume[10][0] = 0.000000
V/AudioPolicyManager( 4496): ====spkVolume[10][1] = 0.003350
V/AudioPolicyManager( 4496): ====spkVolume[10][2] = 0.007943
V/AudioPolicyManager( 4496): ====spkVolume[10][3] = 0.014962
V/AudioPolicyManager( 4496): ====spkVolume[10][4] = 0.022387
V/AudioPolicyManager( 4496): ====spkVolume[10][5] = 0.031623
V/AudioPolicyManager( 4496): ====spkVolume[10][6] = 0.044668
V/AudioPolicyManager( 4496): ====spkVolume[10][7] = 0.063096
V/AudioPolicyManager( 4496): ====spkVolume[10][8] = 0.089125
V/AudioPolicyManager( 4496): ====spkVolume[10][9] = 0.125893
V/AudioPolicyManager( 4496): ====spkVolume[10][10] = 0.177828
V/AudioPolicyManager( 4496): ====spkVolume[10][11] = 0.251189
V/AudioPolicyManager( 4496): ====spkVolume[10][12] = 0.354813
V/AudioPolicyManager( 4496): ====spkVolume[10][13] = 0.501187
V/AudioPolicyManager( 4496): ====spkVolume[10][14] = 0.707946
V/AudioPolicyManager( 4496): ====spkVolume[10][15] = 1.000000
V/AudioPolicyManager( 4496): ====spkVolume[10][16] = 0.500000
V/AudioPolicyManager( 4496): ====spkVolume[11][0] = 0.177828
V/AudioPolicyManager( 4496): ====spkVolume[11][1] = 0.251189
V/AudioPolicyManager( 4496): ====spkVolume[11][2] = 0.354813
V/AudioPolicyManager( 4496): ====spkVolume[11][3] = 0.501187
V/AudioPolicyManager( 4496): ====spkVolume[11][4] = 0.707946
V/AudioPolicyManager( 4496): ====spkVolume[11][5] = 1.000000
V/AudioPolicyManager( 4496): ====spkVolume[11][6] = 0.500000
V/AudioPolicyManager( 4496): ====spkVolume[11][7] = 0.000000
V/AudioPolicyManager( 4496): ====spkVolume[11][8] = 0.000000
V/AudioPolicyManager( 4496): ====spkVolume[11][9] = 0.000000
V/AudioPolicyManager( 4496): ====spkVolume[11][10] = 0.000000
V/AudioPolicyManager( 4496): ====spkVolume[11][11] = 0.000000
V/AudioPolicyManager( 4496): ====spkVolume[11][12] = 0.000000
V/AudioPolicyManager( 4496): ====spkVolume[11][13] = 0.000000
V/AudioPolicyManager( 4496): ====spkVolume[11][14] = 0.000000
V/AudioPolicyManager( 4496): ====spkVolume[11][15] = 0.000000
V/AudioPolicyManager( 4496): ====spkVolume[11][16] = 0.000000
V/AudioPolicyManager( 4496): ====spkVolume[12][0] = 0.177828
V/AudioPolicyManager( 4496): ====spkVolume[12][1] = 0.251189
V/AudioPolicyManager( 4496): ====spkVolume[12][2] = 0.354813
V/AudioPolicyManager( 4496): ====spkVolume[12][3] = 0.501187
V/AudioPolicyManager( 4496): ====spkVolume[12][4] = 0.707946
V/AudioPolicyManager( 4496): ====spkVolume[12][5] = 1.000000
V/AudioPolicyManager( 4496): ====spkVolume[12][6] = 0.500000
V/AudioPolicyManager( 4496): ====spkVolume[12][7] = 0.000000
V/AudioPolicyManager( 4496): ====spkVolume[12][8] = 0.000000
V/AudioPolicyManager( 4496): ====spkVolume[12][9] = 0.000000
V/AudioPolicyManager( 4496): ====spkVolume[12][10] = 0.000000
V/AudioPolicyManager( 4496): ====spkVolume[12][11] = 0.000000
V/AudioPolicyManager( 4496): ====spkVolume[12][12] = 0.000000
V/AudioPolicyManager( 4496): ====spkVolume[12][13] = 0.000000
V/AudioPolicyManager( 4496): ====spkVolume[12][14] = 0.000000
V/AudioPolicyManager( 4496): ====spkVolume[12][15] = 0.000000
V/AudioPolicyManager( 4496): ====spkVolume[12][16] = 0.000000
V/AudioPolicyManager( 4496): ====headsetVolume[0][0] = 0.177828
V/AudioPolicyManager( 4496): ====headsetVolume[0][1] = 0.251189
V/AudioPolicyManager( 4496): ====headsetVolume[0][2] = 0.354813
V/AudioPolicyManager( 4496): ====headsetVolume[0][3] = 0.501187
V/AudioPolicyManager( 4496): ====headsetVolume[0][4] = 0.707946
V/AudioPolicyManager( 4496): ====headsetVolume[0][5] = 1.000000
V/AudioPolicyManager( 4496): ====headsetVolume[0][6] = 0.500000
V/AudioPolicyManager( 4496): ====headsetVolume[0][7] = 0.000000
V/AudioPolicyManager( 4496): ====headsetVolume[0][8] = 0.000000
V/AudioPolicyManager( 4496): ====headsetVolume[0][9] = 0.000000
V/AudioPolicyManager( 4496): ====headsetVolume[0][10] = 0.000000
V/AudioPolicyManager( 4496): ====headsetVolume[0][11] = 0.000000
V/AudioPolicyManager( 4496): ====headsetVolume[0][12] = 0.000000
V/AudioPolicyManager( 4496): ====headsetVolume[0][13] = 0.000000
V/AudioPolicyManager( 4496): ====headsetVolume[0][14] = 0.000000
V/AudioPolicyManager( 4496): ====headsetVolume[0][15] = 0.000000
V/AudioPolicyManager( 4496): ====headsetVolume[0][16] = 0.000000
V/AudioPolicyManager( 4496): ====headsetVolume[1][0] = 0.000000
V/AudioPolicyManager( 4496): ====headsetVolume[1][1] = 0.003981
V/AudioPolicyManager( 4496): ====headsetVolume[1][2] = 0.005012
V/AudioPolicyManager( 4496): ====headsetVolume[1][3] = 0.006310
V/AudioPolicyManager( 4496): ====headsetVolume[1][4] = 0.007943
V/AudioPolicyManager( 4496): ====headsetVolume[1][5] = 0.010000
V/AudioPolicyManager( 4496): ====headsetVolume[1][6] = 0.012589
V/AudioPolicyManager( 4496): ====headsetVolume[1][7] = 0.017783
V/AudioPolicyManager( 4496): ====headsetVolume[1][8] = 0.025119
V/AudioPolicyManager( 4496): ====headsetVolume[1][9] = 0.035481
V/AudioPolicyManager( 4496): ====headsetVolume[1][10] = 0.050119
V/AudioPolicyManager( 4496): ====headsetVolume[1][11] = 0.070795
V/AudioPolicyManager( 4496): ====headsetVolume[1][12] = 0.100000
V/AudioPolicyManager( 4496): ====headsetVolume[1][13] = 0.141254
V/AudioPolicyManager( 4496): ====headsetVolume[1][14] = 0.199526
V/AudioPolicyManager( 4496): ====headsetVolume[1][15] = 0.281838
V/AudioPolicyManager( 4496): ====headsetVolume[1][16] = 1.000000
V/AudioPolicyManager( 4496): ====headsetVolume[2][0] = 0.000000
V/AudioPolicyManager( 4496): ====headsetVolume[2][1] = 0.001496
V/AudioPolicyManager( 4496): ====headsetVolume[2][2] = 0.002600
V/AudioPolicyManager( 4496): ====headsetVolume[2][3] = 0.004624
V/AudioPolicyManager( 4496): ====headsetVolume[2][4] = 0.008222
V/AudioPolicyManager( 4496): ====headsetVolume[2][5] = 0.014622
V/AudioPolicyManager( 4496): ====headsetVolume[2][6] = 0.023174
V/AudioPolicyManager( 4496): ====headsetVolume[2][7] = 0.036728
V/AudioPolicyManager( 4496): ====headsetVolume[2][8] = 0.051880
V/AudioPolicyManager( 4496): ====headsetVolume[2][9] = 0.073282
V/AudioPolicyManager( 4496): ====headsetVolume[2][10] = 0.103514
V/AudioPolicyManager( 4496): ====headsetVolume[2][11] = 0.146218
V/AudioPolicyManager( 4496): ====headsetVolume[2][12] = 0.206538
V/AudioPolicyManager( 4496): ====headsetVolume[2][13] = 0.327341
V/AudioPolicyManager( 4496): ====headsetVolume[2][14] = 0.518800
V/AudioPolicyManager( 4496): ====headsetVolume[2][15] = 0.922572
V/AudioPolicyManager( 4496): ====headsetVolume[2][16] = 1.000000
V/AudioPolicyManager( 4496): ====headsetVolume[3][0] = 0.000000
V/AudioPolicyManager( 4496): ====headsetVolume[3][1] = 0.001496
V/AudioPolicyManager( 4496): ====headsetVolume[3][2] = 0.002239
V/AudioPolicyManager( 4496): ====headsetVolume[3][3] = 0.003273
V/AudioPolicyManager( 4496): ====headsetVolume[3][4] = 0.005188
V/AudioPolicyManager( 4496): ====headsetVolume[3][5] = 0.009226
V/AudioPolicyManager( 4496): ====headsetVolume[3][6] = 0.016406
V/AudioPolicyManager( 4496): ====headsetVolume[3][7] = 0.029174
V/AudioPolicyManager( 4496): ====headsetVolume[3][8] = 0.051880
V/AudioPolicyManager( 4496): ====headsetVolume[3][9] = 0.082224
V/AudioPolicyManager( 4496): ====headsetVolume[3][10] = 0.130317
V/AudioPolicyManager( 4496): ====headsetVolume[3][11] = 0.206538
V/AudioPolicyManager( 4496): ====headsetVolume[3][12] = 0.327341
V/AudioPolicyManager( 4496): ====headsetVolume[3][13] = 0.462381
V/AudioPolicyManager( 4496): ====headsetVolume[3][14] = 0.653131
V/AudioPolicyManager( 4496): ====headsetVolume[3][15] = 0.922572
V/AudioPolicyManager( 4496): ====headsetVolume[3][16] = 1.000000
V/AudioPolicyManager( 4496): ====headsetVolume[4][0] = 0.000000
V/AudioPolicyManager( 4496): ====headsetVolume[4][1] = 0.001462
V/AudioPolicyManager( 4496): ====headsetVolume[4][2] = 0.002600
V/AudioPolicyManager( 4496): ====headsetVolume[4][3] = 0.004624
V/AudioPolicyManager( 4496): ====headsetVolume[4][4] = 0.008222
V/AudioPolicyManager( 4496): ====headsetVolume[4][5] = 0.014622
V/AudioPolicyManager( 4496): ====headsetVolume[4][6] = 0.023174
V/AudioPolicyManager( 4496): ====headsetVolume[4][7] = 0.036728
V/AudioPolicyManager( 4496): ====headsetVolume[4][8] = 0.051880
V/AudioPolicyManager( 4496): ====headsetVolume[4][9] = 0.073282
V/AudioPolicyManager( 4496): ====headsetVolume[4][10] = 0.103514
V/AudioPolicyManager( 4496): ====headsetVolume[4][11] = 0.146218
V/AudioPolicyManager( 4496): ====headsetVolume[4][12] = 0.206538
V/AudioPolicyManager( 4496): ====headsetVolume[4][13] = 0.327341
V/AudioPolicyManager( 4496): ====headsetVolume[4][14] = 0.518800
V/AudioPolicyManager( 4496): ====headsetVolume[4][15] = 0.922572
V/AudioPolicyManager( 4496): ====headsetVolume[4][16] = 1.000000
V/AudioPolicyManager( 4496): ====headsetVolume[5][0] = 0.000000
V/AudioPolicyManager( 4496): ====headsetVolume[5][1] = 0.001462
V/AudioPolicyManager( 4496): ====headsetVolume[5][2] = 0.002600
V/AudioPolicyManager( 4496): ====headsetVolume[5][3] = 0.004624
V/AudioPolicyManager( 4496): ====headsetVolume[5][4] = 0.008222
V/AudioPolicyManager( 4496): ====headsetVolume[5][5] = 0.014622
V/AudioPolicyManager( 4496): ====headsetVolume[5][6] = 0.023174
V/AudioPolicyManager( 4496): ====headsetVolume[5][7] = 0.036728
V/AudioPolicyManager( 4496): ====headsetVolume[5][8] = 0.051880
V/AudioPolicyManager( 4496): ====headsetVolume[5][9] = 0.073282
V/AudioPolicyManager( 4496): ====headsetVolume[5][10] = 0.103514
V/AudioPolicyManager( 4496): ====headsetVolume[5][11] = 0.146218
V/AudioPolicyManager( 4496): ====headsetVolume[5][12] = 0.206538
V/AudioPolicyManager( 4496): ====headsetVolume[5][13] = 0.327341
V/AudioPolicyManager( 4496): ====headsetVolume[5][14] = 0.518800
V/AudioPolicyManager( 4496): ====headsetVolume[5][15] = 0.922572
V/AudioPolicyManager( 4496): ====headsetVolume[5][16] = 1.000000
V/AudioPolicyManager( 4496): ====headsetVolume[6][0] = 0.000000
V/AudioPolicyManager( 4496): ====headsetVolume[6][1] = 0.003350
V/AudioPolicyManager( 4496): ====headsetVolume[6][2] = 0.007943
V/AudioPolicyManager( 4496): ====headsetVolume[6][3] = 0.014962
V/AudioPolicyManager( 4496): ====headsetVolume[6][4] = 0.022387
V/AudioPolicyManager( 4496): ====headsetVolume[6][5] = 0.031623
V/AudioPolicyManager( 4496): ====headsetVolume[6][6] = 0.044668
V/AudioPolicyManager( 4496): ====headsetVolume[6][7] = 0.063096
V/AudioPolicyManager( 4496): ====headsetVolume[6][8] = 0.089125
V/AudioPolicyManager( 4496): ====headsetVolume[6][9] = 0.125893
V/AudioPolicyManager( 4496): ====headsetVolume[6][10] = 0.177828
V/AudioPolicyManager( 4496): ====headsetVolume[6][11] = 0.251189
V/AudioPolicyManager( 4496): ====headsetVolume[6][12] = 0.354813
V/AudioPolicyManager( 4496): ====headsetVolume[6][13] = 0.501187
V/AudioPolicyManager( 4496): ====headsetVolume[6][14] = 0.707946
V/AudioPolicyManager( 4496): ====headsetVolume[6][15] = 1.000000
V/AudioPolicyManager( 4496): ====headsetVolume[6][16] = 0.500000
V/AudioPolicyManager( 4496): ====headsetVolume[7][0] = 0.000000
V/AudioPolicyManager( 4496): ====headsetVolume[7][1] = 0.039811
V/AudioPolicyManager( 4496): ====headsetVolume[7][2] = 0.050119
V/AudioPolicyManager( 4496): ====headsetVolume[7][3] = 0.063096
V/AudioPolicyManager( 4496): ====headsetVolume[7][4] = 0.079433
V/AudioPolicyManager( 4496): ====headsetVolume[7][5] = 0.100000
V/AudioPolicyManager( 4496): ====headsetVolume[7][6] = 0.125893
V/AudioPolicyManager( 4496): ====headsetVolume[7][7] = 0.158489
V/AudioPolicyManager( 4496): ====headsetVolume[7][8] = 0.199526
V/AudioPolicyManager( 4496): ====headsetVolume[7][9] = 0.251189
V/AudioPolicyManager( 4496): ====headsetVolume[7][10] = 0.316228
V/AudioPolicyManager( 4496): ====headsetVolume[7][11] = 0.398107
V/AudioPolicyManager( 4496): ====headsetVolume[7][12] = 0.501187
V/AudioPolicyManager( 4496): ====headsetVolume[7][13] = 0.630957
V/AudioPolicyManager( 4496): ====headsetVolume[7][14] = 0.794328
V/AudioPolicyManager( 4496): ====headsetVolume[7][15] = 1.000000
V/AudioPolicyManager( 4496): ====headsetVolume[7][16] = 1.000000
V/AudioPolicyManager( 4496): ====headsetVolume[8][0] = 0.000000
V/AudioPolicyManager( 4496): ====headsetVolume[8][1] = 0.003350
V/AudioPolicyManager( 4496): ====headsetVolume[8][2] = 0.007499
V/AudioPolicyManager( 4496): ====headsetVolume[8][3] = 0.010000
V/AudioPolicyManager( 4496): ====headsetVolume[8][4] = 0.013335
V/AudioPolicyManager( 4496): ====headsetVolume[8][5] = 0.017783
V/AudioPolicyManager( 4496): ====headsetVolume[8][6] = 0.023714
V/AudioPolicyManager( 4496): ====headsetVolume[8][7] = 0.031623
V/AudioPolicyManager( 4496): ====headsetVolume[8][8] = 0.042170
V/AudioPolicyManager( 4496): ====headsetVolume[8][9] = 0.056234
V/AudioPolicyManager( 4496): ====headsetVolume[8][10] = 0.074989
V/AudioPolicyManager( 4496): ====headsetVolume[8][11] = 0.100000
V/AudioPolicyManager( 4496): ====headsetVolume[8][12] = 0.133352
V/AudioPolicyManager( 4496): ====headsetVolume[8][13] = 0.177828
V/AudioPolicyManager( 4496): ====headsetVolume[8][14] = 0.237137
V/AudioPolicyManager( 4496): ====headsetVolume[8][15] = 0.316228
V/AudioPolicyManager( 4496): ====headsetVolume[8][16] = 0.500000
V/AudioPolicyManager( 4496): ====headsetVolume[9][0] = 0.000000
V/AudioPolicyManager( 4496): ====headsetVolume[9][1] = 0.074989
V/AudioPolicyManager( 4496): ====headsetVolume[9][2] = 0.089125
V/AudioPolicyManager( 4496): ====headsetVolume[9][3] = 0.105925
V/AudioPolicyManager( 4496): ====headsetVolume[9][4] = 0.125893
V/AudioPolicyManager( 4496): ====headsetVolume[9][5] = 0.149624
V/AudioPolicyManager( 4496): ====headsetVolume[9][6] = 0.177828
V/AudioPolicyManager( 4496): ====headsetVolume[9][7] = 0.211349
V/AudioPolicyManager( 4496): ====headsetVolume[9][8] = 0.251189
V/AudioPolicyManager( 4496): ====headsetVolume[9][9] = 0.298538
V/AudioPolicyManager( 4496): ====headsetVolume[9][10] = 0.354813
V/AudioPolicyManager( 4496): ====headsetVolume[9][11] = 0.421696
V/AudioPolicyManager( 4496): ====headsetVolume[9][12] = 0.501187
V/AudioPolicyManager( 4496): ====headsetVolume[9][13] = 0.595662
V/AudioPolicyManager( 4496): ====headsetVolume[9][14] = 0.707946
V/AudioPolicyManager( 4496): ====headsetVolume[9][15] = 0.841395
V/AudioPolicyManager( 4496): ====headsetVolume[9][16] = 0.500000
V/AudioPolicyManager( 4496): ====headsetVolume[10][0] = 0.000000
V/AudioPolicyManager( 4496): ====headsetVolume[10][1] = 0.003350
V/AudioPolicyManager( 4496): ====headsetVolume[10][2] = 0.007943
V/AudioPolicyManager( 4496): ====headsetVolume[10][3] = 0.014962
V/AudioPolicyManager( 4496): ====headsetVolume[10][4] = 0.022387
V/AudioPolicyManager( 4496): ====headsetVolume[10][5] = 0.031623
V/AudioPolicyManager( 4496): ====headsetVolume