V/PackageManager( 4865): Enabling com.google.android.gms/com.google.android.gms.update.SystemUpdateService
W/PackageManager( 4865): Unable to enable com.google.android.gms/com.google.android.gms.update.SystemUpdateService
D/MDnsDS  ( 4707): MDnsSdListener::Hander starting up
D/MDnsDS  ( 4707): MDnsSdListener starting to monitor
D/MDnsDS  ( 4707): Going to poll with pollCount 1
I/art     ( 4865): Explicit concurrent mark sweep GC freed 113096(6MB) AllocSpace objects, 47(752KB) LOS objects, 33% free, 18MB/27MB, paused 1.134ms total 44.048ms
I/SystemServer( 4865): User Service
I/lowmemorykiller( 3668): ActivityManager connected
I/SystemServiceManager( 4865): Starting com.android.server.lights.LightsService
I/SystemServiceManager( 4865): Starting com.android.server.BatteryService
I/SystemServiceManager( 4865): Starting com.android.server.usage.UsageStatsService
I/SystemServiceManager( 4865): Starting com.android.server.webkit.WebViewUpdateService
I/SystemServer( 4865): Reading configuration...
I/SystemServer( 4865): Scheduling Policy
I/SystemServer( 4865): Telephony Registry
I/SystemServer( 4865): Entropy Mixer
I/EntropyMixer( 4865): Added HW RNG output to entropy pool
I/EntropyMixer( 4865): Writing entropy...
I/SystemServer( 4865): Account Manager
I/SystemServer( 4865): Content Manager
I/SystemServer( 4865): System Content Providers
W/ActivityManager( 4865): Can't addPackageDependency on system process
W/CoreSettingsObserver( 4865): Cannot find setting "debug_view_attributes"
W/CoreSettingsObserver( 4865): android.provider.Settings$SettingNotFoundException: debug_view_attributes
W/CoreSettingsObserver( 4865): 	at android.provider.Settings$Global.getInt(Settings.java:8060)
W/CoreSettingsObserver( 4865): 	at com.android.server.am.CoreSettingsObserver.populateSettings(CoreSettingsObserver.java:129)
W/CoreSettingsObserver( 4865): 	at com.android.server.am.CoreSettingsObserver.sendCoreSettings(CoreSettingsObserver.java:82)
W/CoreSettingsObserver( 4865): 	at com.android.server.am.CoreSettingsObserver.<init>(CoreSettingsObserver.java:65)
W/CoreSettingsObserver( 4865): 	at com.android.server.am.ActivityManagerService.installSystemProviders(ActivityManagerService.java:9976)
W/CoreSettingsObserver( 4865): 	at com.android.server.SystemServer.startOtherServices(SystemServer.java:482)
W/CoreSettingsObserver( 4865): 	at com.android.server.SystemServer.run(SystemServer.java:284)
W/CoreSettingsObserver( 4865): 	at com.android.server.SystemServer.main(SystemServer.java:185)
W/CoreSettingsObserver( 4865): 	at java.lang.reflect.Method.invoke(Native Method)
W/CoreSettingsObserver( 4865): 	at java.lang.reflect.Method.invoke(Method.java:372)
W/CoreSettingsObserver( 4865): 	at com.android.internal.os.ZygoteInit$MethodAndArgsCaller.run(ZygoteInit.java:898)
W/CoreSettingsObserver( 4865): 	at com.android.internal.os.ZygoteInit.main(ZygoteInit.java:693)
I/SystemServer( 4865): Vibrator Service
I/SystemServer( 4865): Consumer IR Service
I/SystemServiceManager( 4865): Starting com.android.server.AlarmManagerService
I/SystemServer( 4865): Init Watchdog
I/SystemServer( 4865): Input Manager
I/InputManager( 4865): Initializing input manager, mUseDevInputEventForAudioJack=false
I/SystemServer( 4865): Window Manager
I/WindowManager( 4865): No existing display settings /data/system/display_settings.xml; starting empty
W/Settings( 4865): Setting dev_force_show_navbar has moved from android.provider.Settings.System to android.provider.Settings.Secure, returning Secure URI.
I/InputManager( 4865): Starting input manager
I/SystemServer( 4865): Bluetooth Manager Service
D/EventHub( 4865): No input device configuration file found for device 'hrm_sensor'.
D/BluetoothManagerService( 4865): Loading stored name and address
D/BluetoothManagerService( 4865): Stored bluetooth Name=null,Address=null
I/SystemServer( 4865): Input Method Service
W/InputMethodManagerService( 4865): Couldn't create dir.: /data/system/inputmethod
W/InputMethodManagerService( 4865): No IME selected. Choose the most applicable IME.
I/InputMethodManagerService( 4865): No default found, using com.android.inputmethod.latin/.LatinIME
I/SystemServer( 4865): Accessibility Manager
I/ActivityManager( 4865): Config changes=1df8 {1.0 ?mcc?mnc en_US ldltr sw360dp w360dp h640dp 480dpi nrml long port ?uimode ?night -touch -keyb/h/h -nav/h s.2 themeResource=null}
I/ActivityManager( 4865): Config changes=400 {1.0 ?mcc?mnc en_US ldltr sw360dp w360dp h615dp 480dpi nrml long port ?uimode ?night -touch -keyb/h/h -nav/h s.3 themeResource=null}
D/EventHub( 4865): No input device configuration file found for device 'ssp_context'.
I/UsageStatsService( 4865): User[0] Rollover scheduled @ 2015-07-16 00:00:00(1437004800000)
I/SystemServer( 4865): Mount Service
D/MountService( 4865): got storage path: /storage/sdcard0 description: Internal storage primary: true removable: false emulated: true mtpReserve: 100 allowMassStorage: false maxFileSize: 0
D/MountService( 4865): addVolumeLocked() StorageVolume:
D/MountService( 4865):     mStorageId=65537 mPath=/storage/emulated/0 mDescriptionId=17040999 
D/MountService( 4865):     mPrimary=true mRemovable=false mEmulated=true mMtpReserveSpace=100 
D/MountService( 4865):     mAllowMassStorage=false mMaxFileSize=0 mOwner=UserHandle{0} mUuid=null 
D/MountService( 4865):     mUserLabel=null mState=null 
D/MountService( 4865): got storage path: /storage/sdcard1 description: SD card primary: false removable: true emulated: false mtpReserve: 0 allowMassStorage: true maxFileSize: 0
D/MountService( 4865): addVolumeLocked() StorageVolume:
D/MountService( 4865):     mStorageId=0 mPath=/storage/sdcard1 mDescriptionId=17041000 mPrimary=false 
D/MountService( 4865):     mRemovable=true mEmulated=false mMtpReserveSpace=0 mAllowMassStorage=true 
D/MountService( 4865):     mMaxFileSize=0 mOwner=null mUuid=null mUserLabel=null mState=null 
D/MountService( 4865): got storage path: /storage/usbdisk description: USB storage primary: false removable: true emulated: false mtpReserve: 0 allowMassStorage: false maxFileSize: 0
D/MountService( 4865): addVolumeLocked() StorageVolume:
D/MountService( 4865):     mStorageId=0 mPath=/storage/usbdisk mDescriptionId=17041001 mPrimary=false 
D/MountService( 4865):     mRemovable=true mEmulated=false mMtpReserveSpace=0 mAllowMassStorage=false 
D/MountService( 4865):     mMaxFileSize=0 mOwner=null mUuid=null mUserLabel=null mState=null 
I/SystemServer( 4865): LockSettingsService
I/SystemServiceManager( 4865): Starting com.android.server.devicepolicy.DevicePolicyManagerService$Lifecycle
E/MountService( 4865): Error processing initial volume state
E/MountService( 4865): java.lang.NullPointerException: Attempt to invoke virtual method 'java.lang.String android.os.storage.StorageVolume.getPath()' on a null object reference
E/MountService( 4865): 	at com.android.server.MountService.updatePublicVolumeState(MountService.java:752)
E/MountService( 4865): 	at com.android.server.MountService.access$1700(MountService.java:119)
E/MountService( 4865): 	at com.android.server.MountService$3.run(MountService.java:860)
I/PackageManager( 4865): No secure containers found
W/PackageManager( 4865): Unknown permission com.google.android.googleapps.permission.GOOGLE_AUTH.mail in package com.android.calendar
W/PackageManager( 4865): Unknown permission com.qualcomm.permission.USE_PHONE_SERVICE in package com.android.dialer
W/PackageManager( 4865): Unknown permission android.permission.ACCESS_SUPERUSER in package com.cyanogenmod.filemanager
W/PackageManager( 4865): Unknown permission com.cyanogenmod.filemanager.permissions.READ_THEME in package com.cyanogenmod.filemanager
W/PackageManager( 4865): Unknown permission com.cyngn.cmstats.SEND_ANALYTICS in package com.cyanogenmod.setupwizard
W/PackageManager( 4865): Unknown permission com.google.android.gallery3d.permission.PICASA_STORE in package com.android.dreams.phototable
W/PackageManager( 4865): Unknown permission com.google.android.googleapps.permission.GOOGLE_AUTH in package com.android.settings
W/PackageManager( 4865): Unknown permission com.android.launcher.permission.READ_SETTINGS in package com.android.settings
W/PackageManager( 4865): Unknown permission com.android.launcher.permission.WRITE_SETTINGS in package com.android.settings
W/PackageManager( 4865): Not granting permission android.permission.DELETE_PACKAGES to package com.svox.pico (protectionLevel=18 flags=0x8be45)
W/PackageManager( 4865): Unknown permission com.google.android.c2dm.permission.RECEIVE in package org.whispersystems.whisperpush
W/PackageManager( 4865): Not granting permission android.permission.BIND_WALLPAPER to package com.android.camera2 (protectionLevel=18 flags=0x58bc45)
W/PackageManager( 4865): Unknown permission com.google.android.gallery3d.permission.GALLERY_PROVIDER in package com.android.bluetooth
W/PackageManager( 4865): Unknown permission com.android.launcher.permission.READ_SETTINGS in package com.android.onetimeinitializer
W/PackageManager( 4865): Unknown permission com.android.launcher.permission.WRITE_SETTINGS in package com.android.onetimeinitializer
W/PackageManager( 4865): Unknown permission com.google.android.c2dm.permission.RECEIVE in package com.cyanogenmod.account
W/PackageManager( 4865): Not granting permission android.permission.DEVICE_POWER to package com.android.deskclock (protectionLevel=2 flags=0x48be45)
W/PackageManager( 4865): Unknown permission com.android.deskclock.worldclock.permissions.WRITE_DATABASE in package com.android.deskclock
W/PackageManager( 4865): Unknown permission com.google.android.googleapps.permission.GOOGLE_AUTH in package com.android.providers.calendar
W/PackageManager( 4865): Unknown permission com.google.android.googleapps.permission.GOOGLE_AUTH.cl in package com.android.providers.calendar
W/PackageManager( 4865): Not granting permission android.permission.WRITE_MEDIA_STORAGE to package com.android.soundrecorder (protectionLevel=18 flags=0x8be45)
W/PackageManager( 4865): Unknown permission android.permission.INSTALL_DRM in package com.android.mms
W/PackageManager( 4865): Unknown permission com.qualcomm.permission.USE_PHONE_SERVICE in package com.android.mms
W/PackageManager( 4865): Not granting permission android.permission.MANAGE_DOCUMENTS to package com.android.mms (protectionLevel=2 flags=0x4049be65)
W/PackageManager( 4865): Not granting permission android.permission.ACCESS_DOWNLOAD_MANAGER to package com.android.browser (protectionLevel=18 flags=0x49be45)
W/PackageManager( 4865): Not granting permission android.permission.SEND_DOWNLOAD_COMPLETED_INTENTS to package com.android.browser (protectionLevel=2 flags=0x49be45)
W/PackageManager( 4865): Unknown permission com.google.android.googleapps.permission.ACCESS_GOOGLE_PASSWORD in package com.android.development
W/PackageManager( 4865): Unknown permission com.google.android.googleapps.permission.GOOGLE_AUTH in package com.android.development
W/PackageManager( 4865): Unknown permission com.google.android.googleapps.permission.GOOGLE_AUTH.ALL_SERVICES in package com.android.development
W/PackageManager( 4865): Unknown permission com.google.android.googleapps.permission.GOOGLE_AUTH.YouTubeUser in package com.android.development
W/PackageManager( 4865): Unknown permission com.android.launcher.permission.READ_SETTINGS in package com.cyanogenmod.trebuchet
W/PackageManager( 4865): Unknown permission com.android.launcher.permission.WRITE_SETTINGS in package com.cyanogenmod.trebuchet
W/PackageManager( 4865): Unknown permission android.permission.CANCEL_NOTIFICATIONS in package org.cyanogenmod.theme.chooser
D/EventHub( 4865): No input device configuration file found for device 'meta_event'.
I/SystemServer( 4865): Status Bar
I/SystemServer( 4865): Clipboard Service
W/ClipboardService( 4865): No security bridge jar found, using default
I/SystemServer( 4865): TorchService
D/EventHub( 4865): No input device configuration file found for device 'step_cnt_sensor'.
D/EventHub( 4865): No input device configuration file found for device 'uncal_gyro_sensor'.
I/AudioFlinger( 4708): AudioFlinger's thread 0xb61ba000 ready to run
D/r_submix( 4708): adev_close_input_stream()
D/r_submix( 4708): submix_audio_device_release_pipe()
D/r_submix( 4708): submix_audio_device_destroy_pipe(): pipe destroyed
W/AudioPolicyManager( 4708): Input device 00000001 unreachable
W/AudioPolicyManager( 4708): Input device 00000002 unreachable
W/AudioPolicyManager( 4708): Input device 80000004 unreachable
W/AudioPolicyManager( 4708): Input device 80000080 unreachable
W/AudioPolicyManager( 4708): Input device 80000040 unreachable
E/AudioPolicyManager( 4708): Default device 00000002 is unreachable
E/AudioPolicyManager( 4708): Failed to open primary output
E/AudioPolicyManager( 4708): getDeviceForStrategy() speaker device not found for STRATEGY_SONIFICATION
E/AudioPolicyManager( 4708): getDeviceForStrategy() speaker device not found for STRATEGY_SONIFICATION
E/SoundTriggerHwService( 4708): couldn't load sound trigger module sound_trigger.primary (No such file or directory)
E/CameraService( 4708): getCameraVendorTagDescriptor: camera hardware module doesn't exist
E/CameraMetadata-JNI( 4865): CameraMetadata_setupGlobalVendorTagDescriptor: Failed to setup vendor tag descriptors, received error No such device (-19)
W/CameraManager( 4865): Failed to set up vendor tags: The camera device is removable and has been disconnected from the Android device, or the camera service has shut down the connection due to a higher-priority access request for the camera device.
E/TorchService( 4865): Couldn't initialize.
E/TorchService( 4865): java.lang.NumberFormatException: Invalid int: "null"
E/TorchService( 4865): 	at java.lang.Integer.invalidInt(Integer.java:138)
E/TorchService( 4865): 	at java.lang.Integer.parseInt(Integer.java:358)
E/TorchService( 4865): 	at java.lang.Integer.parseInt(Integer.java:334)
E/TorchService( 4865): 	at java.lang.Integer.valueOf(Integer.java:525)
E/TorchService( 4865): 	at com.android.server.TorchService.initialize(TorchService.java:104)
E/TorchService( 4865): 	at com.android.server.TorchService.<init>(TorchService.java:99)
E/TorchService( 4865): 	at com.android.server.SystemServer.startOtherServices(SystemServer.java:656)
E/TorchService( 4865): 	at com.android.server.SystemServer.run(SystemServer.java:284)
E/TorchService( 4865): 	at com.android.server.SystemServer.main(SystemServer.java:185)
E/TorchService( 4865): 	at java.lang.reflect.Method.invoke(Native Method)
E/TorchService( 4865): 	at java.lang.reflect.Method.invoke(Method.java:372)
E/TorchService( 4865): 	at com.android.internal.os.ZygoteInit$MethodAndArgsCaller.run(ZygoteInit.java:898)
E/TorchService( 4865): 	at com.android.internal.os.ZygoteInit.main(ZygoteInit.java:693)
I/SystemServer( 4865): NetworkManagement Service
I/SystemServer( 4865): Text Service Manager Service
I/SystemServer( 4865): Network Score Service
I/SystemServer( 4865): NetworkStats Service
I/SystemServer( 4865): NetworkPolicy Service
I/SystemServiceManager( 4865): Starting com.android.server.wifi.p2p.WifiP2pService
E/art     ( 4865): dlopen("/system/lib/libwifi-service.so", RTLD_LAZY) failed: dlopen failed: cannot locate symbol "wifi_stop_olsrd" referenced by "libwifi-service.so"...
E/System  ( 4865): ******************************************
E/System  ( 4865): ************ Failure starting system services
E/System  ( 4865): java.lang.RuntimeException: Failed to create service com.android.server.wifi.p2p.WifiP2pService: service constructor threw an exception
E/System  ( 4865): 	at com.android.server.SystemServiceManager.startService(SystemServiceManager.java:100)
E/System  ( 4865): 	at com.android.server.SystemServiceManager.startService(SystemServiceManager.java:65)
E/System  ( 4865): 	at com.android.server.SystemServer.startOtherServices(SystemServer.java:710)
E/System  ( 4865): 	at com.android.server.SystemServer.run(SystemServer.java:284)
E/System  ( 4865): 	at com.android.server.SystemServer.main(SystemServer.java:185)
E/System  ( 4865): 	at java.lang.reflect.Method.invoke(Native Method)
E/System  ( 4865): 	at java.lang.reflect.Method.invoke(Method.java:372)
E/System  ( 4865): 	at com.android.internal.os.ZygoteInit$MethodAndArgsCaller.run(ZygoteInit.java:898)
E/System  ( 4865): 	at com.android.internal.os.ZygoteInit.main(ZygoteInit.java:693)
E/System  ( 4865): Caused by: java.lang.reflect.InvocationTargetException
E/System  ( 4865): 	at java.lang.reflect.Constructor.newInstance(Native Method)
E/System  ( 4865): 	at java.lang.reflect.Constructor.newInstance(Constructor.java:288)
E/System  ( 4865): 	at com.android.server.SystemServiceManager.startService(SystemServiceManager.java:89)
E/System  ( 4865): 	... 8 more
E/System  ( 4865): Caused by: java.lang.UnsatisfiedLinkError: dlopen failed: cannot locate symbol "wifi_stop_olsrd" referenced by "libwifi-service.so"...
E/System  ( 4865): 	at java.lang.Runtime.loadLibrary(Runtime.java:371)
E/System  ( 4865): 	at java.lang.System.loadLibrary(System.java:989)
E/System  ( 4865): 	at com.android.server.wifi.WifiNative.<clinit>(WifiNative.java:72)
E/System  ( 4865): 	at com.android.server.wifi.p2p.WifiP2pServiceImpl$P2pStateMachine.<init>(WifiP2pServiceImpl.java:511)
E/System  ( 4865): 	at com.android.server.wifi.p2p.WifiP2pServiceImpl.<init>(WifiP2pServiceImpl.java:379)
E/System  ( 4865): 	at com.android.server.wifi.p2p.WifiP2pService.<init>(WifiP2pService.java:30)
E/System  ( 4865): 	... 11 more
D/AndroidRuntime( 4865): Shutting down VM
E/AndroidRuntime( 4865): *** FATAL EXCEPTION IN SYSTEM PROCESS: main
E/AndroidRuntime( 4865): java.lang.RuntimeException: Failed to create service com.android.server.wifi.p2p.WifiP2pService: service constructor threw an exception
E/AndroidRuntime( 4865): 	at com.android.server.SystemServiceManager.startService(SystemServiceManager.java:100)
E/AndroidRuntime( 4865): 	at com.android.server.SystemServiceManager.startService(SystemServiceManager.java:65)
E/AndroidRuntime( 4865): 	at com.android.server.SystemServer.startOtherServices(SystemServer.java:710)
E/AndroidRuntime( 4865): 	at com.android.server.SystemServer.run(SystemServer.java:284)
E/AndroidRuntime( 4865): 	at com.android.server.SystemServer.main(SystemServer.java:185)
E/AndroidRuntime( 4865): 	at java.lang.reflect.Method.invoke(Native Method)
E/AndroidRuntime( 4865): 	at java.lang.reflect.Method.invoke(Method.java:372)
E/AndroidRuntime( 4865): 	at com.android.internal.os.ZygoteInit$MethodAndArgsCaller.run(ZygoteInit.java:898)
E/AndroidRuntime( 4865): 	at com.android.internal.os.ZygoteInit.main(ZygoteInit.java:693)
E/AndroidRuntime( 4865): Caused by: java.lang.reflect.InvocationTargetException
E/AndroidRuntime( 4865): 	at java.lang.reflect.Constructor.newInstance(Native Method)
E/AndroidRuntime( 4865): 	at java.lang.reflect.Constructor.newInstance(Constructor.java:288)
E/AndroidRuntime( 4865): 	at com.android.server.SystemServiceManager.startService(SystemServiceManager.java:89)
E/AndroidRuntime( 4865): 	... 8 more
E/AndroidRuntime( 4865): Caused by: java.lang.UnsatisfiedLinkError: dlopen failed: cannot locate symbol "wifi_stop_olsrd" referenced by "libwifi-service.so"...
E/AndroidRuntime( 4865): 	at java.lang.Runtime.loadLibrary(Runtime.java:371)
E/AndroidRuntime( 4865): 	at java.lang.System.loadLibrary(System.java:989)
E/AndroidRuntime( 4865): 	at com.android.server.wifi.WifiNative.<clinit>(WifiNative.java:72)
E/AndroidRuntime( 4865): 	at com.android.server.wifi.p2p.WifiP2pServiceImpl$P2pStateMachine.<init>(WifiP2pServiceImpl.java:511)
E/AndroidRuntime( 4865): 	at com.android.server.wifi.p2p.WifiP2pServiceImpl.<init>(WifiP2pServiceImpl.java:379)
E/AndroidRuntime( 4865): 	at com.android.server.wifi.p2p.WifiP2pService.<init>(WifiP2pService.java:30)
E/AndroidRuntime( 4865): 	... 11 more
I/Process ( 4865): Sending signal. PID: 4865 SIG: 9
E/installd( 3694): eof
E/installd( 3694): failed to read size
I/installd( 3694): closing connection
I/ServiceManager( 3670): service 'accessibility' died
I/ServiceManager( 3670): service 'mount' died
I/ServiceManager( 3670): service 'lock_settings' died
I/ServiceManager( 3670): service 'device_policy' died
I/ServiceManager( 3670): service 'statusbar' died
I/ServiceManager( 3670): service 'clipboard' died
I/ServiceManager( 3670): service 'torch' died
I/ServiceManager( 3670): service 'network_management' died
I/ServiceManager( 3670): service 'textservices' died
I/ServiceManager( 3670): service 'network_score' died
I/ServiceManager( 3670): service 'netstats' died
I/ServiceManager( 3670): service 'netpolicy' died
I/ServiceManager( 3670): service 'sensorservice' died
I/ServiceManager( 3670): service 'display' died
I/ServiceManager( 3670): service 'batterystats' died
I/ServiceManager( 3670): service 'appops' died
I/ServiceManager( 3670): service 'power' died
I/ServiceManager( 3670): service 'hardware' died
I/ServiceManager( 3670): service 'permission' died
I/ServiceManager( 3670): service 'cpuinfo' died
I/ServiceManager( 3670): service 'dbinfo' died
I/ServiceManager( 3670): service 'gfxinfo' died
I/ServiceManager( 3670): service 'meminfo' died
I/ServiceManager( 3670): service 'procstats' died
I/ServiceManager( 3670): service 'user' died
I/ServiceManager( 3670): service 'activity' died
I/ServiceManager( 3670): service 'package' died
I/ServiceManager( 3670): service 'battery' died
I/ServiceManager( 3670): service 'usagestats' died
I/ServiceManager( 3670): service 'webviewupdate' died
I/ServiceManager( 3670): service 'scheduling_policy' died
I/ServiceManager( 3670): service 'telephony.registry' died
I/ServiceManager( 3670): service 'entropy' died
I/ServiceManager( 3670): service 'account' died
I/ServiceManager( 3670): service 'content' died
I/ServiceManager( 3670): service 'vibrator' died
I/ServiceManager( 3670): service 'consumer_ir' died
I/ServiceManager( 3670): service 'alarm' died
I/ServiceManager( 3670): service 'window' died
I/ServiceManager( 3670): service 'input' died
I/ServiceManager( 3670): service 'bluetooth_manager' died
I/ServiceManager( 3670): service 'input_method' died
I/lowmemorykiller( 3668): ActivityManager disconnected
I/lowmemorykiller( 3668): Closing Activity Manager data connection
E/Zygote  ( 4709): Exit zygote because system server (4865) has terminated
I/ServiceManager( 3670): service 'media.audio_flinger' died
I/ServiceManager( 3670): service 'media.player' died
I/ServiceManager( 3670): service 'media.audio_policy' died
I/ServiceManager( 3670): service 'media.camera' died
I/ServiceManager( 3670): service 'media.sound_trigger_hw' died
I/Netd    ( 5057): Netd 1.0 starting
E/Netd    ( 5057): Failed to open /proc/sys/net/ipv6/conf/default/accept_ra_rt_table: No such file or directory
E/Netd    ( 5057): Failed to open /proc/sys/net/ipv6/conf/ip6tnl0/accept_ra_rt_table: No such file or directory
E/Netd    ( 5057): Failed to open /proc/sys/net/ipv6/conf/lo/accept_ra_rt_table: No such file or directory
E/Netd    ( 5057): Failed to open /proc/sys/net/ipv6/conf/rmnet0/accept_ra_rt_table: No such file or directory
E/Netd    ( 5057): Failed to open /proc/sys/net/ipv6/conf/rmnet1/accept_ra_rt_table: No such file or directory
E/Netd    ( 5057): Failed to open /proc/sys/net/ipv6/conf/rmnet2/accept_ra_rt_table: No such file or directory
E/Netd    ( 5057): Failed to open /proc/sys/net/ipv6/conf/rmnet3/accept_ra_rt_table: No such file or directory
E/Netd    ( 5057): Failed to open /proc/sys/net/ipv6/conf/sit0/accept_ra_rt_table: No such file or directory
I/mediaserver( 5058): ServiceManager: 0xb61500c0
I/AudioFlinger( 5058): Using default 3000 mSec as standby time.
I/ServiceManager( 5058): Waiting for service batterystats...
D/AndroidRuntime( 5059): 
D/AndroidRuntime( 5059): >>>>>> AndroidRuntime START com.android.internal.os.ZygoteInit <<<<<<
D/AndroidRuntime( 5059): CheckJNI is OFF
I/art     ( 5059): option[0]=-Xzygote
I/art     ( 5059): option[1]=-Xstacktracefile:/data/anr/traces.txt
I/art     ( 5059): option[2]=exit
I/art     ( 5059): option[3]=vfprintf
I/art     ( 5059): option[4]=sensitiveThread
I/art     ( 5059): option[5]=-verbose:gc
I/art     ( 5059): option[6]=-Xms16m
I/art     ( 5059): option[7]=-Xmx512m
I/art     ( 5059): option[8]=-XX:mainThreadStackSize=24K
I/art     ( 5059): option[9]=-XX:HeapGrowthLimit=192m
I/art     ( 5059): option[10]=-XX:HeapMinFree=2m
I/art     ( 5059): option[11]=-XX:HeapMaxFree=8m
I/art     ( 5059): option[12]=-XX:HeapTargetUtilization=0.75
I/art     ( 5059): option[13]=-agentlib:jdwp=transport=dt_android_adb,suspend=n,server=y
I/art     ( 5059): option[14]=-Xlockprofthreshold:500
I/art     ( 5059): option[15]=-Ximage-compiler-option
I/art     ( 5059): option[16]=--runtime-arg
I/art     ( 5059): option[17]=-Ximage-compiler-option
I/art     ( 5059): option[18]=-Xms64m
I/art     ( 5059): option[19]=-Ximage-compiler-option
I/art     ( 5059): option[20]=--runtime-arg
I/art     ( 5059): option[21]=-Ximage-compiler-option
I/art     ( 5059): option[22]=-Xmx64m
I/art     ( 5059): option[23]=-Ximage-compiler-option
I/art     ( 5059): option[24]=--image-classes-zip=/system/framework/framework.jar
I/art     ( 5059): option[25]=-Ximage-compiler-option
I/art     ( 5059): option[26]=--image-classes=preloaded-classes
I/art     ( 5059): option[27]=-Xcompiler-option
I/art     ( 5059): option[28]=--runtime-arg
I/art     ( 5059): option[29]=-Xcompiler-option
I/art     ( 5059): option[30]=-Xms64m
I/art     ( 5059): option[31]=-Xcompiler-option
I/art     ( 5059): option[32]=--runtime-arg
I/art     ( 5059): option[33]=-Xcompiler-option
I/art     ( 5059): option[34]=-Xmx512m
I/art     ( 5059): option[35]=-Duser.language=en
I/art     ( 5059): option[36]=-Duser.region=US
E/memtrack( 5059): Couldn't load memtrack module (No such file or directory)
E/android.os.Debug( 5059): failed to load memtrack module: -2
I/SamplingProfilerIntegration( 5059): Profiling disabled.
D/Zygote  ( 5059): begin preload
I/Zygote  ( 5059): Preloading classes...
I/art     ( 5059): Explicit concurrent mark sweep GC freed 994(55KB) AllocSpace objects, 0(0B) LOS objects, 98% free, 70KB/4MB, paused 169us total 3.996ms
I/art     ( 5059): Counter: 1
E/Minikin ( 5059): addFont failed to create font /system/fonts/NotoSansGujarati-Regular.ttf
E/Minikin ( 5059): addFont failed to create font /system/fonts/NotoSansGujarati-Bold.ttf
E/Minikin ( 5059): addFont failed to create font /system/fonts/NotoSansGujaratiUI-Regular.ttf
E/Minikin ( 5059): addFont failed to create font /system/fonts/NotoSansGujaratiUI-Bold.ttf
E/Minikin ( 5059): addFont failed to create font /system/fonts/NotoSansGurmukhi-Regular.ttf
E/Minikin ( 5059): addFont failed to create font /system/fonts/NotoSansGurmukhi-Bold.ttf
E/Minikin ( 5059): addFont failed to create font /system/fonts/NotoSansGurmukhiUI-Regular.ttf
E/Minikin ( 5059): addFont failed to create font /system/fonts/NotoSansGurmukhiUI-Bold.ttf
E/Minikin ( 5059): addFont failed to create font /system/fonts/NotoSansSinhala-Regular.ttf
E/Minikin ( 5059): addFont failed to create font /system/fonts/NotoSansSinhala-Bold.ttf
E/Minikin ( 5059): addFont failed to create font /system/fonts/NotoSansCherokee-Regular.ttf
E/Minikin ( 5059): addFont failed to create font /system/fonts/NotoSansCanadianAboriginal-Regular.ttf
E/Minikin ( 5059): addFont failed to create font /system/fonts/NotoSansYi-Regular.ttf
E/Minikin ( 5059): addFont failed to create font /system/fonts/NotoSansHans-Regular.otf
E/Minikin ( 5059): addFont failed to create font /system/fonts/NotoSansHant-Regular.otf
E/Minikin ( 5059): addFont failed to create font /system/fonts/NotoSansJP-Regular.otf
E/Minikin ( 5059): addFont failed to create font /system/fonts/NotoSansKR-Regular.otf
I/art     ( 5059): Thread[1,tid=5059,WaitingForJniOnLoad,Thread*=0xb5107800,peer=0x12c330e0,"main"] recursive attempt to load library "/system/lib/libmedia_jni.so"
D/MtpDeviceJNI( 5059): register_android_mtp_MtpDevice
I/art     ( 5059): Thread[1,tid=5059,WaitingForJniOnLoad,Thread*=0xb5107800,peer=0x12c330e0,"main"] recursive attempt to load library "/system/lib/libmedia_jni.so"
I/art     ( 5059): Thread[1,tid=5059,WaitingForJniOnLoad,Thread*=0xb5107800,peer=0x12c330e0,"main"] recursive attempt to load library "/system/lib/libmedia_jni.so"
W/SurfaceFlinger( 3689): Ignoring duplicate VSYNC event from HWC (t=33845109545)
I/System  ( 5059): Loaded time zone names for "" in 41ms (35ms in ICU)
I/System  ( 5059): Loaded time zone names for "en_US" in 32ms (24ms in ICU)
I/art     ( 5059): Explicit concurrent mark sweep GC freed 30145(1834KB) AllocSpace objects, 0(0B) LOS objects, 72% free, 1557KB/5MB, paused 141us total 13.713ms
I/Zygote  ( 5059): ...preloaded 3005 classes in 588ms.
I/art     ( 5059): VMRuntime.preloadDexCaches starting
I/art     ( 5059): VMRuntime.preloadDexCaches strings total=217316 before=40338 after=40338
I/art     ( 5059): VMRuntime.preloadDexCaches types total=18704 before=6337 after=6380
I/art     ( 5059): VMRuntime.preloadDexCaches fields total=87408 before=32543 after=32871
I/art     ( 5059): VMRuntime.preloadDexCaches methods total=154031 before=66779 after=67657
I/art     ( 5059): VMRuntime.preloadDexCaches finished
I/art     ( 5059): Counter: 0
I/art     ( 5059): Counter: 1
I/art     ( 5059): Explicit concurrent mark sweep GC freed 159(19KB) AllocSpace objects, 0(0B) LOS objects, 72% free, 1538KB/5MB, paused 142us total 7.552ms
D/idmap   ( 5152): error: no read access to /vendor/overlay: No such file or directory
I/Zygote  ( 5059): Preloading resources...
W/SurfaceFlinger( 3689): Ignoring duplicate VSYNC event from HWC (t=34115149295)
I/ServiceManager( 5058): Waiting for service batterystats...
W/SurfaceFlinger( 3689): Ignoring duplicate VSYNC event from HWC (t=34250139087)
I/art     ( 5059): Explicit concurrent mark sweep GC freed 4566(160KB) AllocSpace objects, 0(0B) LOS objects, 40% free, 16MB/28MB, paused 224us total 9.838ms
I/Zygote  ( 5059): ...preloaded 430 resources in 398ms.
I/art     ( 5059): Explicit concurrent mark sweep GC freed 570(32KB) AllocSpace objects, 0(0B) LOS objects, 40% free, 16MB/28MB, paused 216us total 8.939ms
I/Zygote  ( 5059): ...preloaded 41 resources in 19ms.
I/art     ( 5059): Counter: 0
D/libEGL  ( 5059): loaded /vendor/lib/egl/libGLES_mali.so
I/Zygote  ( 5059): Preloading shared libraries...
D/Zygote  ( 5059): end preload
I/art     ( 5059): Explicit concurrent mark sweep GC freed 461(21KB) AllocSpace objects, 0(0B) LOS objects, 40% free, 16MB/28MB, paused 210us total 8.935ms
I/art     ( 5059): Explicit concurrent mark sweep GC freed 41(1568B) AllocSpace objects, 0(0B) LOS objects, 40% free, 16MB/28MB, paused 214us total 8.821ms
I/art     ( 5059): Explicit concurrent mark sweep GC freed 5(160B) AllocSpace objects, 0(0B) LOS objects, 40% free, 16MB/28MB, paused 207us total 8.608ms
I/Zygote  ( 5059): System server process 5214 has been created
I/Zygote  ( 5059): Accepting command socket connections
I/InstallerConnection( 5214): disconnecting...
I/SystemServer( 5214): Entered the Android system server!
V/Fingerprint-JNI( 5214): FingerprintManager JNI ready.
I/        ( 5214): System server: starting sensor init.
D/SensorService( 5214): nuSensorService starting...
E/Sensors ( 5214): GeoMagneticSensor, ERROR dev_num = -19
I/SystemServiceManager( 5214): Starting com.android.server.pm.Installer
I/Installer( 5214): Waiting for installd to be ready.
I/InstallerConnection( 5214): connecting...
I/installd( 3694): new connection
I/SystemServiceManager( 5214): Starting com.android.server.am.ActivityManagerService$Lifecycle
I/Sensors ( 5214): Proximity old sensor_state 0, new sensor_state : 128 en : 1
I/Sensors ( 5214): Light old sensor_state 128, new sensor_state : 640 en : 1
E/Sensors ( 5214): UncalMagneticSensor, ERROR dev_num = -19
I/Sensors ( 5214): SigMotionSensor old sensor_state 640, new sensor_state : 8832 en : 1
E/Sensors ( 5214): UncalGyroSensor, ERROR dev_num = -19
E/Sensors ( 5214): GameRotationVector, ERROR dev_num = -19
I/Sensors ( 5214): StepCounterSensor old sensor_state 8832, new sensor_state : 139904 en : 1
D/Sensors ( 5214): HrmSpO2Sensor::HrmSpO2Sensor: Shared version Registered 
E/SensorService( 5214): >>>> WARNING <<< Upgrade sensor HAL to version 1_3
I/Sensors ( 5214): Proximity old sensor_state 139904, new sensor_state : 139776 en : 0
I/ActivityManager( 5214): Memory class: 192
I/Sensors ( 5214): Light old sensor_state 139776, new sensor_state : 139264 en : 0
I/ServiceThread( 5214): Enabled StrictMode logging for ActivityManager looper.
I/Sensors ( 5214): StepCounterSensor old sensor_state 139264, new sensor_state : 8192 en : 0
I/Sensors ( 5214): SigMotionSensor old sensor_state 8192, new sensor_state : 0 en : 0
I/Sensors ( 5214): HrmSpO2Sensor::enable, handle(16), en(0), what(1/0:aosphrm,1:sshrm, old enabled : 0)
I/Sensors ( 5214): HrmSpO2Sensor is already disabled or have to keep enabled, mEnabled : 0x0, en : 0
I/Sensors ( 5214): HrmSpO2Sensor::enable, handle(17), en(0), what(0/0:aosphrm,1:sshrm, old enabled : 0)
I/Sensors ( 5214): HrmSpO2Sensor is already disabled or have to keep enabled, mEnabled : 0x0, en : 0
I/Sensors ( 5214): HrmSpO2Sensor::enable, handle(18), en(0), what(2/0:aosphrm,1:sshrm, old enabled : 0)
I/Sensors ( 5214): HrmSpO2Sensor is already disabled or have to keep enabled, mEnabled : 0x0, en : 0
I/        ( 5214): System server: sensor init done.
D/SensorService( 5214): nuSensorService thread starting...
D/SensorService( 5214): new thread SensorEventAckReceiver
I/AppOps  ( 5214): No existing app ops /data/system/appops.xml; starting empty
W/ProcessCpuTracker( 5214): Skipping unknown process pid 5255
I/IntentFirewall( 5214): Read new rules (A:0 B:0 S:0)
I/ServiceThread( 5214): Enabled StrictMode logging for android.ui looper.
I/ServiceThread( 5214): Enabled StrictMode logging for android.display looper.
D/AppOps  ( 5214): AppOpsService published
I/SystemServiceManager( 5214): Starting com.android.server.power.PowerManagerService
I/ServiceThread( 5214): Enabled StrictMode logging for PowerManagerService looper.
D/SEC PowerHAL( 5214): sysfs_write +: /sys/devices/system/cpu/cpu0/cpufreq/interactive/multi_enter_load: 800
D/SEC PowerHAL( 5214): sysfs_write -: /sys/devices/system/cpu/cpu0/cpufreq/interactive/multi_enter_load: 800
D/SEC PowerHAL( 5214): sysfs_write +: /sys/devices/system/cpu/cpu0/cpufreq/interactive/single_enter_load: 200
D/SEC PowerHAL( 5214): sysfs_write -: /sys/devices/system/cpu/cpu0/cpufreq/interactive/single_enter_load: 200
D/SEC PowerHAL( 5214): sysfs_write +: /sys/devices/system/cpu/cpu0/cpufreq/interactive/param_index: 0
D/SEC PowerHAL( 5214): sysfs_write -: /sys/devices/system/cpu/cpu0/cpufreq/interactive/param_index: 0
D/SEC PowerHAL( 5214): sysfs_write +: /sys/devices/system/cpu/cpu0/cpufreq/interactive/timer_rate: 20000
D/SEC PowerHAL( 5214): sysfs_write -: /sys/devices/system/cpu/cpu0/cpufreq/interactive/timer_rate: 20000
D/SEC PowerHAL( 5214): sysfs_write +: /sys/devices/system/cpu/cpu0/cpufreq/interactive/timer_slack: 20000
D/SEC PowerHAL( 5214): sysfs_write -: /sys/devices/system/cpu/cpu0/cpufreq/interactive/timer_slack: 20000
D/SEC PowerHAL( 5214): sysfs_write +: /sys/devices/system/cpu/cpu0/cpufreq/interactive/min_sample_time: 40000
D/SEC PowerHAL( 5214): sysfs_write -: /sys/devices/system/cpu/cpu0/cpufreq/interactive/min_sample_time: 40000
D/SEC PowerHAL( 5214): sysfs_write +: /sys/devices/system/cpu/cpu0/cpufreq/interactive/hispeed_freq: 1000000
D/SEC PowerHAL( 5214): sysfs_write -: /sys/devices/system/cpu/cpu0/cpufreq/interactive/hispeed_freq: 1000000
D/SEC PowerHAL( 5214): sysfs_write +: /sys/devices/system/cpu/cpu0/cpufreq/interactive/go_hispeed_load: 99
D/SEC PowerHAL( 5214): sysfs_write -: /sys/devices/system/cpu/cpu0/cpufreq/interactive/go_hispeed_load: 99
D/SEC PowerHAL( 5214): sysfs_write +: /sys/devices/system/cpu/cpu0/cpufreq/interactive/target_loads: 70
D/SEC PowerHAL( 5214): sysfs_write -: /sys/devices/system/cpu/cpu0/cpufreq/interactive/target_loads: 70
D/SEC PowerHAL( 5214): sysfs_write +: /sys/devices/system/cpu/cpu0/cpufreq/interactive/above_hispeed_delay: 19000
D/SEC PowerHAL( 5214): sysfs_write -: /sys/devices/system/cpu/cpu0/cpufreq/interactive/above_hispeed_delay: 19000
D/SEC PowerHAL( 5214): sysfs_write +: /sys/devices/system/cpu/cpu0/cpufreq/interactive/boostpulse_duration: 40000
D/SEC PowerHAL( 5214): sysfs_write -: /sys/devices/system/cpu/cpu0/cpufreq/interactive/boostpulse_duration: 40000
D/SEC PowerHAL( 5214): sysfs_write +: /sys/devices/system/cpu/cpu4/cpufreq/interactive/multi_enter_load: 360
D/SEC PowerHAL( 5214): sysfs_write -: /sys/devices/system/cpu/cpu4/cpufreq/interactive/multi_enter_load: 360
D/SEC PowerHAL( 5214): sysfs_write +: /sys/devices/system/cpu/cpu4/cpufreq/interactive/multi_enter_time: 99000
D/SEC PowerHAL( 5214): sysfs_write -: /sys/devices/system/cpu/cpu4/cpufreq/interactive/multi_enter_time: 99000
D/SEC PowerHAL( 5214): sysfs_write +: /sys/devices/system/cpu/cpu4/cpufreq/interactive/multi_exit_load: 240
D/SEC PowerHAL( 5214): sysfs_write -: /sys/devices/system/cpu/cpu4/cpufreq/interactive/multi_exit_load: 240
D/SEC PowerHAL( 5214): sysfs_write +: /sys/devices/system/cpu/cpu4/cpufreq/interactive/multi_exit_time: 299000
D/SEC PowerHAL( 5214): sysfs_write -: /sys/devices/system/cpu/cpu4/cpufreq/interactive/multi_exit_time: 299000
D/SEC PowerHAL( 5214): sysfs_write +: /sys/devices/system/cpu/cpu4/cpufreq/interactive/single_enter_load: 95
D/SEC PowerHAL( 5214): sysfs_write -: /sys/devices/system/cpu/cpu4/cpufreq/interactive/single_enter_load: 95
D/SEC PowerHAL( 5214): sysfs_write +: /sys/devices/system/cpu/cpu4/cpufreq/interactive/single_enter_time: 199000
D/SEC PowerHAL( 5214): sysfs_write -: /sys/devices/system/cpu/cpu4/cpufreq/interactive/single_enter_time: 199000
D/SEC PowerHAL( 5214): sysfs_write +: /sys/devices/system/cpu/cpu4/cpufreq/interactive/single_exit_load: 60
D/SEC PowerHAL( 5214): sysfs_write -: /sys/devices/system/cpu/cpu4/cpufreq/interactive/single_exit_load: 60
D/SEC PowerHAL( 5214): sysfs_write +: /sys/devices/system/cpu/cpu4/cpufreq/interactive/single_exit_time: 99000
D/SEC PowerHAL( 5214): sysfs_write -: /sys/devices/system/cpu/cpu4/cpufreq/interactive/single_exit_time: 99000
D/SEC PowerHAL( 5214): sysfs_write +: /sys/devices/system/cpu/cpu4/cpufreq/interactive/param_index: 0
D/SEC PowerHAL( 5214): sysfs_write -: /sys/devices/system/cpu/cpu4/cpufreq/interactive/param_index: 0
D/SEC PowerHAL( 5214): sysfs_write +: /sys/devices/system/cpu/cpu4/cpufreq/interactive/timer_rate: 20000
D/SEC PowerHAL( 5214): sysfs_write -: /sys/devices/system/cpu/cpu4/cpufreq/interactive/timer_rate: 20000
D/SEC PowerHAL( 5214): sysfs_write +: /sys/devices/system/cpu/cpu4/cpufreq/interactive/timer_slack: 20000
D/SEC PowerHAL( 5214): sysfs_write -: /sys/devices/system/cpu/cpu4/cpufreq/interactive/timer_slack: 20000
D/SEC PowerHAL( 5214): sysfs_write +: /sys/devices/system/cpu/cpu4/cpufreq/interactive/min_sample_time: 40000
D/SEC PowerHAL( 5214): sysfs_write -: /sys/devices/system/cpu/cpu4/cpufreq/interactive/min_sample_time: 40000
D/SEC PowerHAL( 5214): sysfs_write +: /sys/devices/system/cpu/cpu4/cpufreq/interactive/hispeed_freq: 1000000
D/SEC PowerHAL( 5214): sysfs_write -: /sys/devices/system/cpu/cpu4/cpufreq/interactive/hispeed_freq: 1000000
D/SEC PowerHAL( 5214): sysfs_write +: /sys/devices/system/cpu/cpu4/cpufreq/interactive/go_hispeed_load: 99
D/SEC PowerHAL( 5214): sysfs_write -: /sys/devices/system/cpu/cpu4/cpufreq/interactive/go_hispeed_load: 99
D/SEC PowerHAL( 5214): sysfs_write +: /sys/devices/system/cpu/cpu4/cpufreq/interactive/target_loads: 75 1500000:80 1700000:85 1800000:90
D/SEC PowerHAL( 5214): sysfs_write -: /sys/devices/system/cpu/cpu4/cpufreq/interactive/target_loads: 75 1500000:80 1700000:85 1800000:90
D/SEC PowerHAL( 5214): sysfs_write +: /sys/devices/system/cpu/cpu4/cpufreq/interactive/above_hispeed_delay: 19000 1100000:99000 1200000:119000 1700000:19000
D/SEC PowerHAL( 5214): sysfs_write -: /sys/devices/system/cpu/cpu4/cpufreq/interactive/above_hispeed_delay: 19000 1100000:99000 1200000:119000 1700000:19000
D/SEC PowerHAL( 5214): sysfs_write +: /sys/devices/system/cpu/cpu4/cpufreq/interactive/boostpulse_duration: 40000
D/SEC PowerHAL( 5214): sysfs_write -: /sys/devices/system/cpu/cpu4/cpufreq/interactive/boostpulse_duration: 40000
D/SEC PowerHAL( 5214): sysfs_write +: /sys/devices/system/cpu/cpu4/cpufreq/interactive/param_index: 1
D/SEC PowerHAL( 5214): sysfs_write -: /sys/devices/system/cpu/cpu4/cpufreq/interactive/param_index: 1
D/SEC PowerHAL( 5214): sysfs_write +: /sys/devices/system/cpu/cpu4/cpufreq/interactive/timer_rate: 20000
D/SEC PowerHAL( 5214): sysfs_write -: /sys/devices/system/cpu/cpu4/cpufreq/interactive/timer_rate: 20000
D/SEC PowerHAL( 5214): sysfs_write +: /sys/devices/system/cpu/cpu4/cpufreq/interactive/min_sample_time: 59000
D/SEC PowerHAL( 5214): sysfs_write -: /sys/devices/system/cpu/cpu4/cpufreq/interactive/min_sample_time: 59000
D/SEC PowerHAL( 5214): sysfs_write +: /sys/devices/system/cpu/cpu4/cpufreq/interactive/hispeed_freq: 1200000
D/SEC PowerHAL( 5214): sysfs_write -: /sys/devices/system/cpu/cpu4/cpufreq/interactive/hispeed_freq: 1200000
D/SEC PowerHAL( 5214): sysfs_write +: /sys/devices/system/cpu/cpu4/cpufreq/interactive/go_hispeed_load: 95
D/SEC PowerHAL( 5214): sysfs_write -: /sys/devices/system/cpu/cpu4/cpufreq/interactive/go_hispeed_load: 95
D/SEC PowerHAL( 5214): sysfs_write +: /sys/devices/system/cpu/cpu4/cpufreq/interactive/target_loads: 65 1400000:68 1700000:73
D/SEC PowerHAL( 5214): sysfs_write -: /sys/devices/system/cpu/cpu4/cpufreq/interactive/target_loads: 65 1400000:68 1700000:73
D/SEC PowerHAL( 5214): sysfs_write +: /sys/devices/system/cpu/cpu4/cpufreq/interactive/above_hispeed_delay: 19000
D/SEC PowerHAL( 5214): sysfs_write -: /sys/devices/system/cpu/cpu4/cpufreq/interactive/above_hispeed_delay: 19000
D/SEC PowerHAL( 5214): sysfs_write +: /sys/devices/system/cpu/cpu4/cpufreq/interactive/param_index: 2
D/SEC PowerHAL( 5214): sysfs_write -: /sys/devices/system/cpu/cpu4/cpufreq/interactive/param_index: 2
D/SEC PowerHAL( 5214): sysfs_write +: /sys/devices/system/cpu/cpu4/cpufreq/interactive/timer_rate: 20000
D/SEC PowerHAL( 5214): sysfs_write -: /sys/devices/system/cpu/cpu4/cpufreq/interactive/timer_rate: 20000
D/SEC PowerHAL( 5214): sysfs_write +: /sys/devices/system/cpu/cpu4/cpufreq/interactive/min_sample_time: 79000
D/SEC PowerHAL( 5214): sysfs_write -: /sys/devices/system/cpu/cpu4/cpufreq/interactive/min_sample_time: 79000
D/SEC PowerHAL( 5214): sysfs_write +: /sys/devices/system/cpu/cpu4/cpufreq/interactive/hispeed_freq: 1400000
D/SEC PowerHAL( 5214): sysfs_write -: /sys/devices/system/cpu/cpu4/cpufreq/interactive/hispeed_freq: 1400000
D/SEC PowerHAL( 5214): sysfs_write +: /sys/devices/system/cpu/cpu4/cpufreq/interactive/go_hispeed_load: 90
D/SEC PowerHAL( 5214): sysfs_write -: /sys/devices/system/cpu/cpu4/cpufreq/interactive/go_hispeed_load: 90
D/SEC PowerHAL( 5214): sysfs_write +: /sys/devices/system/cpu/cpu4/cpufreq/interactive/target_loads: 60 1300000:63 1500000:65 1700000:70
D/SEC PowerHAL( 5214): sysfs_write -: /sys/devices/system/cpu/cpu4/cpufreq/interactive/target_loads: 60 1300000:63 1500000:65 1700000:70
D/SEC PowerHAL( 5214): sysfs_write +: /sys/devices/system/cpu/cpu4/cpufreq/interactive/above_hispeed_delay: 19000
D/SEC PowerHAL( 5214): sysfs_write -: /sys/devices/system/cpu/cpu4/cpufreq/interactive/above_hispeed_delay: 19000
D/SEC PowerHAL( 5214): sysfs_write +: /sys/devices/system/cpu/cpu4/cpufreq/interactive/param_index: 3
D/SEC PowerHAL( 5214): sysfs_write -: /sys/devices/system/cpu/cpu4/cpufreq/interactive/param_index: 3
D/SEC PowerHAL( 5214): sysfs_write +: /sys/devices/system/cpu/cpu4/cpufreq/interactive/timer_rate: 20000
D/SEC PowerHAL( 5214): sysfs_write -: /sys/devices/system/cpu/cpu4/cpufreq/interactive/timer_rate: 20000
D/SEC PowerHAL( 5214): sysfs_write +: /sys/devices/system/cpu/cpu4/cpufreq/interactive/min_sample_time: 99000
D/SEC PowerHAL( 5214): sysfs_write -: /sys/devices/system/cpu/cpu4/cpufreq/interactive/min_sample_time: 99000
D/SEC PowerHAL( 5214): sysfs_write +: /sys/devices/system/cpu/cpu4/cpufreq/interactive/hispeed_freq: 1600000
D/SEC PowerHAL( 5214): sysfs_write -: /sys/devices/system/cpu/cpu4/cpufreq/interactive/hispeed_freq: 1600000
D/SEC PowerHAL( 5214): sysfs_write +: /sys/devices/system/cpu/cpu4/cpufreq/interactive/go_hispeed_load: 85
D/SEC PowerHAL( 5214): sysfs_write -: /sys/devices/system/cpu/cpu4/cpufreq/interactive/go_hispeed_load: 85
D/SEC PowerHAL( 5214): sysfs_write +: /sys/devices/system/cpu/cpu4/cpufreq/interactive/target_loads: 60 1300000:63 1500000:65 1900000:70
D/SEC PowerHAL( 5214): sysfs_write -: /sys/devices/system/cpu/cpu4/cpufreq/interactive/target_loads: 60 1300000:63 1500000:65 1900000:70
D/SEC PowerHAL( 5214): sysfs_write +: /sys/devices/system/cpu/cpu4/cpufreq/interactive/above_hispeed_delay: 19000
D/SEC PowerHAL( 5214): sysfs_write -: /sys/devices/system/cpu/cpu4/cpufreq/interactive/above_hispeed_delay: 19000
D/SEC PowerHAL( 5214): sysfs_write +: /sys/devices/system/cpu/cpu4/cpufreq/interactive/param_index: 0
D/SEC PowerHAL( 5214): sysfs_write -: /sys/devices/system/cpu/cpu4/cpufreq/interactive/param_index: 0
W/libsuspend( 5214): Error writing 'on' to /sys/power/state: Invalid argument
I/libsuspend( 5214): Selected wakeup count
I/SystemServiceManager( 5214): Starting com.android.server.display.DisplayManagerService
I/DisplayManagerService( 5214): Display device added: DisplayDeviceInfo{"Built-in Screen": 1080 x 1920, 60.000004 fps, supportedRefreshRates [60.000004], density 480, 422.03 x 424.069 dpi, appVsyncOff 0, presDeadline 17666666, touch INTERNAL, rotation 0, type BUILT_IN, state UNKNOWN, FLAG_DEFAULT_DISPLAY, FLAG_ROTATES_WITH_CONTENT, FLAG_SECURE, FLAG_SUPPORTS_PROTECTED_BUFFERS}
I/SystemServiceManager( 5214): Starting phase 100
I/SystemServer( 5214): Package Manager
W/PackageManager( 5214): No security bridge jar found, using default
W/SystemConfig( 5214): No directory /system/etc/sysconfig, skipping
D/SELinuxMMAC( 5214): Using policy file /system/etc/security/mac_permissions.xml
E/art     ( 5214): DexFile_isDexOptNeeded file '/system/framework/com.android.nfc_extras.jar' does not exist
W/PackageManager( 5214): Library not found: /system/framework/com.android.nfc_extras.jar
V/NatController( 5057): runCmd(/system/bin/iptables -F natctrl_FORWARD) res=0
D/PackageManager( 5214): No files in app dir /vendor/overlay
V/NatController( 5057): runCmd(/system/bin/iptables -A natctrl_FORWARD -j DROP) res=0
W/PackageManager( 5214): Failed to parse /system/framework/arm: Missing base APK in /system/framework/arm
V/NatController( 5057): runCmd(/system/bin/iptables -t nat -F natctrl_nat_POSTROUTING) res=0
E/MediaPlayerFactory( 5058): calling dlopen on FACTORY_LIB
E/MediaPlayerFactory( 5058): Failed to open FACTORY_LIB Error : dlopen failed: library "libdashplayer.so" not found 
I/CameraService( 5058): CameraService started (pid=5058)
V/NatController( 5057): runCmd(/system/bin/iptables -t nat -F natctrl_nat_PREROUTING) res=0
V/NatController( 5057): runCmd(/system/bin/iptables -F natctrl_tether_counters) res=0
V/NatController( 5057): runCmd(/system/bin/iptables -X natctrl_tether_counters) res=0
E/HAL     ( 5058): load: module=/system/lib/hw/camera.universal5422.so
E/HAL     ( 5058): dlopen failed: could not load library "libexynoscamera.so" needed by "camera.universal5422.so"; caused by cannot locate symbol "_ZN7android16CameraParameters17EFFECT_POINT_BLUEE" referenced by "libexynoscamera.so"...
E/CameraService( 5058): Could not load camera HAL module
V/NatController( 5057): runCmd(/system/bin/iptables -N natctrl_tether_counters) res=0
I/AudioPolicyService( 5058): AudioPolicyService CSTOR in new mode
I/AudioPolicyManager( 5058): loadAudioPolicyConfig() loaded /system/etc/audio_policy.conf
W/linker  ( 5058): lib_Samsung_AudioZoom_v102.so has text relocations. This is wasting memory and prevents security hardening. Please fix.
E/HAL     ( 5058): load: module=/system/lib/hw/audio.primary.universal5422.so
E/HAL     ( 5058): dlopen failed: cannot locate symbol "mixer_update" referenced by "audio.primary.universal5422.so"...
E/AudioFlinger( 5058): int android::load_audio_interface(const char*, audio_hw_device_t**) couldn't load audio hw module audio.primary (Invalid argument)
I/AudioFlinger( 5058): loadHwModule() error -22 loading module primary 
W/AudioPolicyManager( 5058): could not open HW module primary
I/audio_a2dp_hw( 5058): adev_open:  adev_open in A2dp_hw module
I/AudioFlinger( 5058): loadHwModule() Loaded a2dp audio interface from A2DP Audio HW HAL (audio) handle 1
I/AudioFlinger( 5058): loadHwModule() Loaded usb audio interface from USB audio HW HAL (audio) handle 2
I/r_submix( 5058): adev_open(name=audio_hw_if)
I/r_submix( 5058): adev_init_check()
I/AudioFlinger( 5058): loadHwModule() Loaded r_submix audio interface from Wifi Display audio HAL (audio) handle 3
D/r_submix( 5058): adev_open_input_stream()
D/r_submix( 5058): submix_audio_device_create_pipe()
V/NatController( 5057): runCmd(/system/bin/iptables -t mangle -A natctrl_mangle_FORWARD -p tcp --tcp-flags SYN SYN -j TCPMSS --clamp-mss-to-pmtu) res=0
E/MonoPipe( 5058): Failed to fetch local time frequency when constructing a MonoPipe (res = -32).  getNextWriteTimestamp calls will be non-functional
W/ResourceType( 5214): Failure getting entry for 0x7f0b023e (t=10 e=574) (error -75)
W/PackageParser( 5214): No actions in intent filter at /system/priv-app/Contacts/Contacts.apk Binary XML file line #362
W/PackageParser( 5214): No actions in intent filter at /system/priv-app/Dialer/Dialer.apk Binary XML file line #185
W/ResourceType( 5214): Failure getting entry for 0x7f08033e (t=7 e=830) (error -75)
I/iptables( 5057): iptables: Chain already exists.
I/iptables( 5057): iptables terminated by exit(1)
E/BandwidthController( 5057): runIptablesCmd(): res=1 status=256 failed /system/bin/iptables -N bw_VIDEOCALL
I/ip6tables( 5057): ip6tables: Chain already exists.
I/ip6tables( 5057): ip6tables terminated by exit(1)
E/BandwidthController( 5057): runIptablesCmd(): res=1 status=256 failed /system/bin/ip6tables -N bw_VIDEOCALL
