I/art     ( 4856): Explicit concurrent mark sweep GC freed 3(96B) AllocSpace objects, 0(0B) LOS objects, 35% free, 28MB/44MB, paused 1.208ms total 24.981ms
I/Timeline( 4856): Timeline: Activity_launch_request id:com.android.settings time:322210
W/AudioPolicyManager( 3688): getOutput() could not find output for stream 1, samplingRate 0,format 0, channels 3, flags 0
I/ActivityManager( 4110): START u0 {act=android.intent.action.MAIN cmp=com.android.settings/.SubSettings (has extras)} from uid 1000 on display 0
W/AudioPolicyManager( 3688): getOutput() could not find output for stream 1, samplingRate 0,format 0, channels 3, flags 0
W/AudioPolicyManager( 3688): getOutput() could not find output for stream 1, samplingRate 48000,format 1, channels 3, flags 4
E/AudioTrack( 4110): Could not get audio output for stream type 1, usage 13, sample rate 48000, format 0x1, channel mask 0x3, flags 0x4
E/SoundPool( 4110): Error creating AudioTrack
D/SubSettings( 4856): Launching fragment com.android.settings.DevelopmentSettings
W/Settings( 4856): Setting bugreport_in_power_menu has moved from android.provider.Settings.Secure to android.provider.Settings.Global.
W/Settings( 4856): Setting bugreport_in_power_menu has moved from android.provider.Settings.Secure to android.provider.Settings.Global.
I/ActivityManager( 4110): Displayed com.android.settings/.SubSettings: +442ms
D/OpenGLRenderer( 4856): endAllStagingAnimators on 0x9fcf4500 (RippleDrawable) with handle 0x9d4bfdb0
I/Timeline( 4856): Timeline: Activity_idle id: android.os.BinderProxy@2bf5f814 time:322724
I/Timeline( 4110): Timeline: Activity_windows_visible id: ActivityRecord{16d3864e u0 com.android.settings/.SubSettings t16} time:323039
W/AudioPolicyManager( 3688): getOutput() could not find output for stream 1, samplingRate 0,format 0, channels 3, flags 0
W/AudioPolicyManager( 3688): getOutput() could not find output for stream 1, samplingRate 0,format 0, channels 3, flags 0
W/AudioPolicyManager( 3688): getOutput() could not find output for stream 1, samplingRate 48000,format 1, channels 3, flags 4
E/AudioTrack( 4110): Could not get audio output for stream type 1, usage 13, sample rate 48000, format 0x1, channel mask 0x3, flags 0x4
E/SoundPool( 4110): Error creating AudioTrack
W/AudioPolicyManager( 3688): getOutput() could not find output for stream 1, samplingRate 0,format 0, channels 3, flags 0
W/AudioPolicyManager( 3688): getOutput() could not find output for stream 1, samplingRate 0,format 0, channels 3, flags 0
W/AudioPolicyManager( 3688): getOutput() could not find output for stream 1, samplingRate 48000,format 1, channels 3, flags 4
E/AudioTrack( 4110): Could not get audio output for stream type 1, usage 13, sample rate 48000, format 0x1, channel mask 0x3, flags 0x4
E/SoundPool( 4110): Error creating AudioTrack
W/AudioPolicyManager( 3688): getOutput() could not find output for stream 1, samplingRate 0,format 0, channels 3, flags 0
W/AudioPolicyManager( 3688): getOutput() could not find output for stream 1, samplingRate 0,format 0, channels 3, flags 0
W/AudioPolicyManager( 3688): getOutput() could not find output for stream 1, samplingRate 48000,format 1, channels 3, flags 4
E/AudioTrack( 4110): Could not get audio output for stream type 1, usage 13, sample rate 48000, format 0x1, channel mask 0x3, flags 0x4
E/SoundPool( 4110): Error creating AudioTrack
W/InputMethodManagerService( 4110): Window already focused, ignoring focus gain of: com.android.internal.view.IInputMethodClient$Stub$Proxy@ec19398 attribute=null, token = android.os.BinderProxy@5e5fb14
W/AudioPolicyManager( 3688): getOutput() could not find output for stream 1, samplingRate 0,format 0, channels 3, flags 0
W/AudioPolicyManager( 3688): getOutput() could not find output for stream 1, samplingRate 0,format 0, channels 3, flags 0
W/AudioPolicyManager( 3688): getOutput() could not find output for stream 1, samplingRate 48000,format 1, channels 3, flags 4
E/AudioTrack( 4110): Could not get audio output for stream type 1, usage 13, sample rate 48000, format 0x1, channel mask 0x3, flags 0x4
E/SoundPool( 4110): Error creating AudioTrack
W/InputMethodManagerService( 4110): Window already focused, ignoring focus gain of: com.android.internal.view.IInputMethodClient$Stub$Proxy@f7d2257 attribute=null, token = android.os.BinderProxy@5e5fb14
D/lights  ( 4110): set_light_battery 0x140500 0 0
I/EntropyMixer( 4110): Writing entropy...
W/AudioPolicyManager( 3688): getOutput() could not find output for stream 1, samplingRate 0,format 0, channels 3, flags 0
W/AudioPolicyManager( 3688): getOutput() could not find output for stream 1, samplingRate 0,format 0, channels 3, flags 0
W/AudioPolicyManager( 3688): getOutput() could not find output for stream 1, samplingRate 48000,format 1, channels 3, flags 4
E/AudioTrack( 4110): Could not get audio output for stream type 1, usage 13, sample rate 48000, format 0x1, channel mask 0x3, flags 0x4
E/SoundPool( 4110): Error creating AudioTrack
I/ValidateNoPeople( 4110): skipping global notification
D/MtpService( 4239): updating state; isCurrentUser=true, mMtpLocked=false
D/MtpService( 4239): addStorageLocked 65537 /storage/emulated/0
D/MtpService( 4239): updating state; isCurrentUser=true, mMtpLocked=false
D/MtpService( 4239): starting MTP server in MTP mode
E/MtpServerJNI( 4239): could not open MTP driver, errno: 2
D/MtpService( 4239): addStorageLocked 65537 /storage/emulated/0
E/MtpServerJNI( 4239): server is null in add_storage
E/MtpServerJNI( 4239): server is null in run
E/MtpServerJNI( 4239): server is null in cleanup
E/MtpServerJNI( 4239): server is null in send_object_removed
V/KeyguardTouchDelegate( 4283): Connected to keyguard
W/AudioPolicyManager( 3688): getOutput() could not find output for stream 1, samplingRate 0,format 0, channels 3, flags 0
W/AudioPolicyManager( 3688): getOutput() could not find output for stream 1, samplingRate 0,format 0, channels 3, flags 0
W/AudioPolicyManager( 3688): getOutput() could not find output for stream 1, samplingRate 48000,format 1, channels 3, flags 4
E/AudioTrack( 4110): Could not get audio output for stream type 1, usage 13, sample rate 48000, format 0x1, channel mask 0x3, flags 0x4
E/SoundPool( 4110): Error creating AudioTrack
W/AudioPolicyManager( 3688): getOutput() could not find output for stream 1, samplingRate 0,format 0, channels 3, flags 0
W/AudioPolicyManager( 3688): getOutput() could not find output for stream 1, samplingRate 0,format 0, channels 3, flags 0
W/AudioPolicyManager( 3688): getOutput() could not find output for stream 1, samplingRate 48000,format 1, channels 3, flags 4
E/AudioTrack( 4110): Could not get audio output for stream type 1, usage 13, sample rate 48000, format 0x1, channel mask 0x3, flags 0x4
E/SoundPool( 4110): Error creating AudioTrack
W/InputMethodManagerService( 4110): Window already focused, ignoring focus gain of: com.android.internal.view.IInputMethodClient$Stub$Proxy@38c1f655 attribute=null, token = android.os.BinderProxy@5e5fb14
I/ValidateNoPeople( 4110): skipping global notification
D/MtpService( 4239): updating state; isCurrentUser=true, mMtpLocked=false
D/MtpService( 4239): addStorageLocked 65537 /storage/emulated/0
D/MtpService( 4239): updating state; isCurrentUser=true, mMtpLocked=false
D/MtpService( 4239): starting MTP server in MTP mode
E/MtpServerJNI( 4239): could not open MTP driver, errno: 2
D/MtpService( 4239): addStorageLocked 65537 /storage/emulated/0
E/MtpServerJNI( 4239): server is null in add_storage
E/MtpServerJNI( 4239): server is null in run
E/MtpServerJNI( 4239): server is null in cleanup
E/MtpServerJNI( 4239): server is null in send_object_removed
E/MtpServerJNI( 4239): server is null in send_object_removed
I/PowerManagerService( 4110): Going to sleep due to screen timeout (uid 1000)...
I/PowerManagerService( 4110): Sleeping (uid 1000)...
I/Sensors ( 4110): Acc old sensor_state 1, new sensor_state : 0 en : 0
I/DisplayManagerService( 4110): Display device changed: DisplayDeviceInfo{"Built-in Screen": 1080 x 1920, 60.000004 fps, supportedRefreshRates [60.000004], density 480, 422.03 x 424.069 dpi, appVsyncOff 0, presDeadline 17666666, touch INTERNAL, rotation 0, type BUILT_IN, state OFF, FLAG_DEFAULT_DISPLAY, FLAG_ROTATES_WITH_CONTENT, FLAG_SECURE, FLAG_SUPPORTS_PROTECTED_BUFFERS}
D/SurfaceFlinger( 3685): Set power mode=0, type=0 flinger=0xb6a62000
