D/WVMDrmPlugIn( 3691): WVMDrmPlugin::onTerminate : 4133
I/FFmpegExtractor( 3692): android-source:0xb55f3970
I/FFMPEG  ( 3692): Input #0, ogg, from 'android-source:0xb55f3970':
I/FFMPEG  ( 3692):   Duration: 00:00:21.18, start: 0.000000, bitrate: 66 kb/s
I/FFMPEG  ( 3692):     Stream #0:0: Audio: vorbis, 44100 Hz, mono, fltp, 70 kb/s
I/FFMPEG  ( 3692):     Metadata:
I/FFMPEG  ( 3692):       ANDROID_LOOP    : true
I/FFMPEG  ( 3692):       TITLE           : Themos
D/FFmpegExtractor( 3692): FFmpegExtrator, url: android-source:0xb55f3970, format_name: ogg, format_long_name: Ogg
I/FFmpegExtractor( 3692): adjust mime(application/ogg -> audio/vorbis)
D/FFmpegExtractor( 3692): suppoted codec(vorbis) by official Stagefright
D/FFmpegExtractor( 3692): ffmpeg detected media content as 'audio/vorbis' with confidence 0.08
D/WVMDrmPlugIn( 3691): WVMDrmPlugin::onInitialize : 6538
D/WVMDrmPlugIn( 3691): WVMDrmPlugin::onSetOnInfoListener : add 6538
D/WVMDrmPlugIn( 3691): WVMDrmPlugin::onTerminate : 6538
I/FFmpegExtractor( 3692): android-source:0xb55f35b0
I/FFMPEG  ( 3692): Input #0, ogg, from 'android-source:0xb55f35b0':
I/FFMPEG  ( 3692):   Duration: 00:00:04.00, start: 0.000000, bitrate: 73 kb/s
I/FFMPEG  ( 3692):     Stream #0:0: Audio: vorbis, 44100 Hz, mono, fltp, 70 kb/s
I/FFMPEG  ( 3692):     Metadata:
I/FFMPEG  ( 3692):       ANDROID_LOOP    : true
I/FFMPEG  ( 3692):       TITLE           : Third Eye
I/FFMPEG  ( 3692):       ARTIST          : Dr. Mad
D/FFmpegExtractor( 3692): FFmpegExtrator, url: android-source:0xb55f35b0, format_name: ogg, format_long_name: Ogg
I/FFmpegExtractor( 3692): adjust mime(application/ogg -> audio/vorbis)
D/FFmpegExtractor( 3692): suppoted codec(vorbis) by official Stagefright
D/FFmpegExtractor( 3692): ffmpeg detected media content as 'audio/vorbis' with confidence 0.08
D/WVMDrmPlugIn( 3691): WVMDrmPlugin::onInitialize : 5947
D/WVMDrmPlugIn( 3691): WVMDrmPlugin::onSetOnInfoListener : add 5947
D/WVMDrmPlugIn( 3691): WVMDrmPlugin::onTerminate : 5947
I/FFmpegExtractor( 3692): android-source:0xb55f3c40
I/FFMPEG  ( 3692): Input #0, ogg, from 'android-source:0xb55f3c40':
I/FFMPEG  ( 3692):   Duration: 00:00:04.80, start: 0.000000, bitrate: 76 kb/s
I/FFMPEG  ( 3692):     Stream #0:0: Audio: vorbis, 44100 Hz, mono, fltp, 70 kb/s
I/FFMPEG  ( 3692):     Metadata:
I/FFMPEG  ( 3692):       ANDROID_LOOP    : true
I/FFMPEG  ( 3692):       TITLE           : Thunderfoot
I/FFMPEG  ( 3692):       ARTIST          : Dr. Mad
D/FFmpegExtractor( 3692): FFmpegExtrator, url: android-source:0xb55f3c40, format_name: ogg, format_long_name: Ogg
I/FFmpegExtractor( 3692): adjust mime(application/ogg -> audio/vorbis)
D/FFmpegExtractor( 3692): suppoted codec(vorbis) by official Stagefright
D/FFmpegExtractor( 3692): ffmpeg detected media content as 'audio/vorbis' with confidence 0.08
D/WVMDrmPlugIn( 3691): WVMDrmPlugin::onInitialize : 6901
D/WVMDrmPlugIn( 3691): WVMDrmPlugin::onSetOnInfoListener : add 6901
D/WVMDrmPlugIn( 3691): WVMDrmPlugin::onTerminate : 6901
I/FFmpegExtractor( 3692): android-source:0xb55f39c0
I/FFMPEG  ( 3692): Input #0, ogg, from 'android-source:0xb55f39c0':
I/FFMPEG  ( 3692):   Duration: 00:00:21.09, start: 0.000000, bitrate: 259 kb/s
I/FFMPEG  ( 3692):     Stream #0:0: Audio: vorbis, 44100 Hz, stereo, fltp, 224 kb/s
I/FFMPEG  ( 3692):     Metadata:
I/FFMPEG  ( 3692):       ANDROID_LOOP    : true
I/FFMPEG  ( 3692):       TITLE           : Titania
D/FFmpegExtractor( 3692): FFmpegExtrator, url: android-source:0xb55f39c0, format_name: ogg, format_long_name: Ogg
I/FFmpegExtractor( 3692): adjust mime(application/ogg -> audio/vorbis)
D/FFmpegExtractor( 3692): suppoted codec(vorbis) by official Stagefright
D/FFmpegExtractor( 3692): ffmpeg detected media content as 'audio/vorbis' with confidence 0.08
D/WVMDrmPlugIn( 3691): WVMDrmPlugin::onInitialize : 5539
D/WVMDrmPlugIn( 3691): WVMDrmPlugin::onSetOnInfoListener : add 5539
D/WVMDrmPlugIn( 3691): WVMDrmPlugin::onTerminate : 5539
I/FFmpegExtractor( 3692): android-source:0xb55f35b0
I/FFMPEG  ( 3692): Input #0, ogg, from 'android-source:0xb55f35b0':
I/FFMPEG  ( 3692):   Duration: 00:00:14.69, start: 0.000000, bitrate: 256 kb/s
I/FFMPEG  ( 3692):     Stream #0:0: Audio: vorbis, 44100 Hz, stereo, fltp, 224 kb/s
I/FFMPEG  ( 3692):     Metadata:
I/FFMPEG  ( 3692):       ANDROID_LOOP    : true
I/FFMPEG  ( 3692):       TITLE           : Triton
D/FFmpegExtractor( 3692): FFmpegExtrator, url: android-source:0xb55f35b0, format_name: ogg, format_long_name: Ogg
I/FFmpegExtractor( 3692): adjust mime(application/ogg -> audio/vorbis)
D/FFmpegExtractor( 3692): suppoted codec(vorbis) by official Stagefright
D/FFmpegExtractor( 3692): ffmpeg detected media content as 'audio/vorbis' with confidence 0.08
D/WVMDrmPlugIn( 3691): WVMDrmPlugin::onInitialize : 6166
D/WVMDrmPlugIn( 3691): WVMDrmPlugin::onSetOnInfoListener : add 6166
D/WVMDrmPlugIn( 3691): WVMDrmPlugin::onTerminate : 6166
I/FFmpegExtractor( 3692): android-source:0xb55f39c0
I/FFMPEG  ( 3692): Input #0, ogg, from 'android-source:0xb55f39c0':
I/FFMPEG  ( 3692):   Duration: 00:00:04.00, start: 0.000000, bitrate: 52 kb/s
I/FFMPEG  ( 3692):     Stream #0:0: Audio: vorbis, 44100 Hz, mono, fltp, 48 kb/s
I/FFMPEG  ( 3692):     Metadata:
I/FFMPEG  ( 3692):       ARTIST          : Dr. MAD
I/FFMPEG  ( 3692):       TITLE           : Twirl Away
I/FFMPEG  ( 3692):       ANDROID_LOOP    : true
D/FFmpegExtractor( 3692): FFmpegExtrator, url: android-source:0xb55f39c0, format_name: ogg, format_long_name: Ogg
I/FFmpegExtractor( 3692): adjust mime(application/ogg -> audio/vorbis)
D/FFmpegExtractor( 3692): suppoted codec(vorbis) by official Stagefright
D/FFmpegExtractor( 3692): ffmpeg detected media content as 'audio/vorbis' with confidence 0.08
D/WVMDrmPlugIn( 3691): WVMDrmPlugin::onInitialize : 8112
D/WVMDrmPlugIn( 3691): WVMDrmPlugin::onSetOnInfoListener : add 8112
D/WVMDrmPlugIn( 3691): WVMDrmPlugin::onTerminate : 8112
I/FFmpegExtractor( 3692): android-source:0xb55f35b0
I/FFMPEG  ( 3692): Input #0, ogg, from 'android-source:0xb55f35b0':
I/FFMPEG  ( 3692):   Duration: 00:00:08.22, start: 0.000000, bitrate: 240 kb/s
I/FFMPEG  ( 3692):     Stream #0:0: Audio: vorbis, 44100 Hz, stereo, fltp, 224 kb/s
I/FFMPEG  ( 3692):     Metadata:
I/FFMPEG  ( 3692):       ANDROID_LOOP    : true
I/FFMPEG  ( 3692):       TITLE           : Umbriel
D/FFmpegExtractor( 3692): FFmpegExtrator, url: android-source:0xb55f35b0, format_name: ogg, format_long_name: Ogg
I/FFmpegExtractor( 3692): adjust mime(application/ogg -> audio/vorbis)
D/FFmpegExtractor( 3692): suppoted codec(vorbis) by official Stagefright
D/FFmpegExtractor( 3692): ffmpeg detected media content as 'audio/vorbis' with confidence 0.08
D/WVMDrmPlugIn( 3691): WVMDrmPlugin::onInitialize : 7552
D/WVMDrmPlugIn( 3691): WVMDrmPlugin::onSetOnInfoListener : add 7552
D/WVMDrmPlugIn( 3691): WVMDrmPlugin::onTerminate : 7552
I/FFmpegExtractor( 3692): android-source:0xb55f39c0
I/FFMPEG  ( 3692): Input #0, ogg, from 'android-source:0xb55f39c0':
I/FFMPEG  ( 3692):   Duration: 00:00:12.80, start: 0.000000, bitrate: 115 kb/s
I/FFMPEG  ( 3692):     Stream #0:0: Audio: vorbis, 44100 Hz, stereo, fltp, 112 kb/s
I/FFMPEG  ( 3692):     Metadata:
I/FFMPEG  ( 3692):       ANDROID_LOOP    : true
I/FFMPEG  ( 3692):       TITLE           : UrsaMinor
D/FFmpegExtractor( 3692): FFmpegExtrator, url: android-source:0xb55f39c0, format_name: ogg, format_long_name: Ogg
I/FFmpegExtractor( 3692): adjust mime(application/ogg -> audio/vorbis)
D/FFmpegExtractor( 3692): suppoted codec(vorbis) by official Stagefright
D/FFmpegExtractor( 3692): ffmpeg detected media content as 'audio/vorbis' with confidence 0.08
D/WVMDrmPlugIn( 3691): WVMDrmPlugin::onInitialize : 5199
D/WVMDrmPlugIn( 3691): WVMDrmPlugin::onSetOnInfoListener : add 5199
D/WVMDrmPlugIn( 3691): WVMDrmPlugin::onTerminate : 5199
I/FFmpegExtractor( 3692): android-source:0xb55f35b0
I/FFMPEG  ( 3692): Input #0, ogg, from 'android-source:0xb55f35b0':
I/FFMPEG  ( 3692):   Duration: 00:00:04.00, start: 0.000000, bitrate: 57 kb/s
I/FFMPEG  ( 3692):     Stream #0:0: Audio: vorbis, 44100 Hz, mono, fltp, 48 kb/s
I/FFMPEG  ( 3692):     Metadata:
I/FFMPEG  ( 3692):       ARTIST          : Dr. MAD
I/FFMPEG  ( 3692):       TITLE           : Very Alarmed
D/FFmpegExtractor( 3692): FFmpegExtrator, url: android-source:0xb55f35b0, format_name: ogg, format_long_name: Ogg
I/FFmpegExtractor( 3692): adjust mime(application/ogg -> audio/vorbis)
D/FFmpegExtractor( 3692): suppoted codec(vorbis) by official Stagefright
D/FFmpegExtractor( 3692): ffmpeg detected media content as 'audio/vorbis' with confidence 0.08
D/WVMDrmPlugIn( 3691): WVMDrmPlugin::onInitialize : 4718
D/WVMDrmPlugIn( 3691): WVMDrmPlugin::onSetOnInfoListener : add 4718
D/WVMDrmPlugIn( 3691): WVMDrmPlugin::onTerminate : 4718
I/FFmpegExtractor( 3692): android-source:0xb55f39c0
I/FFMPEG  ( 3692): Input #0, ogg, from 'android-source:0xb55f39c0':
I/FFMPEG  ( 3692):   Duration: 00:00:06.86, start: 0.000000, bitrate: 21 kb/s
I/FFMPEG  ( 3692):     Stream #0:0: Audio: vorbis, 44100 Hz, stereo, fltp, 112 kb/s
I/FFMPEG  ( 3692):     Metadata:
I/FFMPEG  ( 3692):       ANDROID_LOOP    : true
I/FFMPEG  ( 3692):       ARTIST          : Ali Spagnola
I/FFMPEG  ( 3692):       TITLE           : Vespa
D/FFmpegExtractor( 3692): FFmpegExtrator, url: android-source:0xb55f39c0, format_name: ogg, format_long_name: Ogg
I/FFmpegExtractor( 3692): adjust mime(application/ogg -> audio/vorbis)
D/FFmpegExtractor( 3692): suppoted codec(vorbis) by official Stagefright
D/FFmpegExtractor( 3692): ffmpeg detected media content as 'audio/vorbis' with confidence 0.08
D/WVMDrmPlugIn( 3691): WVMDrmPlugin::onInitialize : 6455
D/WVMDrmPlugIn( 3691): WVMDrmPlugin::onSetOnInfoListener : add 6455
D/WVMDrmPlugIn( 3691): WVMDrmPlugin::onTerminate : 6455
I/FFmpegExtractor( 3692): android-source:0xb55f35b0
I/FFMPEG  ( 3692): Input #0, ogg, from 'android-source:0xb55f35b0':
I/FFMPEG  ( 3692):   Duration: 00:00:04.17, start: 0.000000, bitrate: 59 kb/s
I/FFMPEG  ( 3692):     Stream #0:0: Audio: vorbis, 44100 Hz, mono, fltp, 48 kb/s
I/FFMPEG  ( 3692):     Metadata:
I/FFMPEG  ( 3692):       ARTIST          : Dr. MAD
I/FFMPEG  ( 3692):       TITLE           : World
I/FFMPEG  ( 3692):       ANDROID_LOOP    : true
D/FFmpegExtractor( 3692): FFmpegExtrator, url: android-source:0xb55f35b0, format_name: ogg, format_long_name: Ogg
I/FFmpegExtractor( 3692): adjust mime(application/ogg -> audio/vorbis)
D/FFmpegExtractor( 3692): suppoted codec(vorbis) by official Stagefright
D/FFmpegExtractor( 3692): ffmpeg detected media content as 'audio/vorbis' with confidence 0.08
D/WVMDrmPlugIn( 3691): WVMDrmPlugin::onInitialize : 7509
D/WVMDrmPlugIn( 3691): WVMDrmPlugin::onSetOnInfoListener : add 7509
D/WVMDrmPlugIn( 3691): WVMDrmPlugin::onTerminate : 7509
I/FFmpegExtractor( 3692): android-source:0xb55f39c0
I/FFMPEG  ( 3692): Input #0, ogg, from 'android-source:0xb55f39c0':
I/FFMPEG  ( 3692):   Duration: 00:00:06.60, start: 0.000000, bitrate: 94 kb/s
I/FFMPEG  ( 3692):     Stream #0:0: Audio: vorbis, 44100 Hz, stereo, fltp, 112 kb/s
I/FFMPEG  ( 3692):     Metadata:
I/FFMPEG  ( 3692):       ANDROID_LOOP    : true
I/FFMPEG  ( 3692):       TITLE           : Zeta
D/FFmpegExtractor( 3692): FFmpegExtrator, url: android-source:0xb55f39c0, format_name: ogg, format_long_name: Ogg
I/FFmpegExtractor( 3692): adjust mime(application/ogg -> audio/vorbis)
D/FFmpegExtractor( 3692): suppoted codec(vorbis) by official Stagefright
D/FFmpegExtractor( 3692): ffmpeg detected media content as 'audio/vorbis' with confidence 0.08
D/WVMDrmPlugIn( 3691): WVMDrmPlugin::onInitialize : 5404
D/WVMDrmPlugIn( 3691): WVMDrmPlugin::onSetOnInfoListener : add 5404
D/WVMDrmPlugIn( 3691): WVMDrmPlugin::onTerminate : 5404
I/FFmpegExtractor( 3692): android-source:0xb55f35b0
I/FFMPEG  ( 3692): Input #0, ogg, from 'android-source:0xb55f35b0':
I/FFMPEG  ( 3692):   Duration: 00:00:00.30, start: 0.000000, bitrate: 168 kb/s
I/FFMPEG  ( 3692):     Stream #0:0: Audio: vorbis, 44100 Hz, stereo, fltp, 112 kb/s
I/FFMPEG  ( 3692):     Metadata:
I/FFMPEG  ( 3692):       TITLE           : Dock
D/FFmpegExtractor( 3692): FFmpegExtrator, url: android-source:0xb55f35b0, format_name: ogg, format_long_name: Ogg
I/FFmpegExtractor( 3692): adjust mime(application/ogg -> audio/vorbis)
D/FFmpegExtractor( 3692): suppoted codec(vorbis) by official Stagefright
D/FFmpegExtractor( 3692): ffmpeg detected media content as 'audio/vorbis' with confidence 0.08
D/WVMDrmPlugIn( 3691): WVMDrmPlugin::onInitialize : 4221
D/WVMDrmPlugIn( 3691): WVMDrmPlugin::onSetOnInfoListener : add 4221
D/WVMDrmPlugIn( 3691): WVMDrmPlugin::onTerminate : 4221
I/FFmpegExtractor( 3692): android-source:0xb55f39c0
I/FFMPEG  ( 3692): Input #0, ogg, from 'android-source:0xb55f39c0':
I/FFMPEG  ( 3692):   Duration: 00:00:00.09, start: 0.000000, bitrate: 437 kb/s
I/FFMPEG  ( 3692):     Stream #0:0: Audio: vorbis, 48000 Hz, stereo, fltp, 96 kb/s
D/FFmpegExtractor( 3692): FFmpegExtrator, url: android-source:0xb55f39c0, format_name: ogg, format_long_name: Ogg
I/FFmpegExtractor( 3692): adjust mime(application/ogg -> audio/vorbis)
D/FFmpegExtractor( 3692): suppoted codec(vorbis) by official Stagefright
D/FFmpegExtractor( 3692): ffmpeg detected media content as 'audio/vorbis' with confidence 0.08
D/WVMDrmPlugIn( 3691): WVMDrmPlugin::onInitialize : 7139
D/WVMDrmPlugIn( 3691): WVMDrmPlugin::onSetOnInfoListener : add 7139
D/WVMDrmPlugIn( 3691): WVMDrmPlugin::onTerminate : 7139
I/FFmpegExtractor( 3692): android-source:0xb55f35b0
I/FFMPEG  ( 3692): Input #0, ogg, from 'android-source:0xb55f35b0':
I/FFMPEG  ( 3692):   Duration: 00:00:00.11, start: 0.000000, bitrate: 431 kb/s
I/FFMPEG  ( 3692):     Stream #0:0: Audio: vorbis, 48000 Hz, mono, fltp, 140 kb/s
D/FFmpegExtractor( 3692): FFmpegExtrator, url: android-source:0xb55f35b0, format_name: ogg, format_long_name: Ogg
I/FFmpegExtractor( 3692): adjust mime(application/ogg -> audio/vorbis)
D/FFmpegExtractor( 3692): suppoted codec(vorbis) by official Stagefright
D/FFmpegExtractor( 3692): ffmpeg detected media content as 'audio/vorbis' with confidence 0.08
D/WVMDrmPlugIn( 3691): WVMDrmPlugin::onInitialize : 4878
D/WVMDrmPlugIn( 3691): WVMDrmPlugin::onSetOnInfoListener : add 4878
D/WVMDrmPlugIn( 3691): WVMDrmPlugin::onTerminate : 4878
I/FFmpegExtractor( 3692): android-source:0xb55f39c0
I/FFMPEG  ( 3692): Input #0, ogg, from 'android-source:0xb55f39c0':
I/FFMPEG  ( 3692):   Duration: 00:00:00.18, start: 0.000000, bitrate: 431 kb/s
I/FFMPEG  ( 3692):     Stream #0:0: Audio: vorbis, 44100 Hz, mono, fltp, 239 kb/s
I/FFMPEG  ( 3692):     Metadata:
I/FFMPEG  ( 3692):       ARTIST          : Copyright 2013 Android Open Source Project
D/FFmpegExtractor( 3692): FFmpegExtrator, url: android-source:0xb55f39c0, format_name: ogg, format_long_name: Ogg
I/FFmpegExtractor( 3692): adjust mime(application/ogg -> audio/vorbis)
D/FFmpegExtractor( 3692): suppoted codec(vorbis) by official Stagefright
D/FFmpegExtractor( 3692): ffmpeg detected media content as 'audio/vorbis' with confidence 0.08
D/WVMDrmPlugIn( 3691): WVMDrmPlugin::onInitialize : 5798
D/WVMDrmPlugIn( 3691): WVMDrmPlugin::onSetOnInfoListener : add 5798
D/WVMDrmPlugIn( 3691): WVMDrmPlugin::onTerminate : 5798
I/FFmpegExtractor( 3692): android-source:0xb55f35b0
I/FFMPEG  ( 3692): Input #0, ogg, from 'android-source:0xb55f35b0':
I/FFMPEG  ( 3692):   Duration: 00:00:00.11, start: 0.000000, bitrate: 462 kb/s
I/FFMPEG  ( 3692):     Stream #0:0: Audio: vorbis, 48000 Hz, mono, fltp, 140 kb/s
D/FFmpegExtractor( 3692): FFmpegExtrator, url: android-source:0xb55f35b0, format_name: ogg, format_long_name: Ogg
I/FFmpegExtractor( 3692): adjust mime(application/ogg -> audio/vorbis)
D/FFmpegExtractor( 3692): suppoted codec(vorbis) by official Stagefright
D/FFmpegExtractor( 3692): ffmpeg detected media content as 'audio/vorbis' with confidence 0.08
D/WVMDrmPlugIn( 3691): WVMDrmPlugin::onInitialize : 4972
D/WVMDrmPlugIn( 3691): WVMDrmPlugin::onSetOnInfoListener : add 4972
D/WVMDrmPlugIn( 3691): WVMDrmPlugin::onTerminate : 4972
I/FFmpegExtractor( 3692): android-source:0xb55f39c0
I/FFMPEG  ( 3692): Input #0, ogg, from 'android-source:0xb55f39c0':
I/FFMPEG  ( 3692):   Duration: 00:00:00.11, start: 0.000000, bitrate: 440 kb/s
I/FFMPEG  ( 3692):     Stream #0:0: Audio: vorbis, 48000 Hz, mono, fltp, 140 kb/s
D/FFmpegExtractor( 3692): FFmpegExtrator, url: android-source:0xb55f39c0, format_name: ogg, format_long_name: Ogg
I/FFmpegExtractor( 3692): adjust mime(application/ogg -> audio/vorbis)
D/FFmpegExtractor( 3692): suppoted codec(vorbis) by official Stagefright
D/FFmpegExtractor( 3692): ffmpeg detected media content as 'audio/vorbis' with confidence 0.08
D/WVMDrmPlugIn( 3691): WVMDrmPlugin::onInitialize : 5661
D/WVMDrmPlugIn( 3691): WVMDrmPlugin::onSetOnInfoListener : add 5661
D/WVMDrmPlugIn( 3691): WVMDrmPlugin::onTerminate : 5661
I/FFmpegExtractor( 3692): android-source:0xb55f35b0
I/FFMPEG  ( 3692): Input #0, ogg, from 'android-source:0xb55f35b0':
I/FFMPEG  ( 3692):   Duration: 00:00:00.11, start: 0.000000, bitrate: 431 kb/s
I/FFMPEG  ( 3692):     Stream #0:0: Audio: vorbis, 48000 Hz, mono, fltp, 140 kb/s
D/FFmpegExtractor( 3692): FFmpegExtrator, url: android-source:0xb55f35b0, format_name: ogg, format_long_name: Ogg
I/FFmpegExtractor( 3692): adjust mime(application/ogg -> audio/vorbis)
D/FFmpegExtractor( 3692): suppoted codec(vorbis) by official Stagefright
D/FFmpegExtractor( 3692): ffmpeg detected media content as 'audio/vorbis' with confidence 0.08
I/ActivityManager( 4115): Waited long enough for: ServiceRecord{2d916556 u0 com.cyanogenmod.eleven/.MusicPlaybackService}
D/WVMDrmPlugIn( 3691): WVMDrmPlugin::onInitialize : 6230
D/WVMDrmPlugIn( 3691): WVMDrmPlugin::onSetOnInfoListener : add 6230
D/WVMDrmPlugIn( 3691): WVMDrmPlugin::onTerminate : 6230
I/FFmpegExtractor( 3692): android-source:0xb55f39c0
I/FFMPEG  ( 3692): Input #0, ogg, from 'android-source:0xb55f39c0':
I/FFMPEG  ( 3692):   Duration: 00:00:00.23, start: 0.000000, bitrate: 293 kb/s
I/FFMPEG  ( 3692):     Stream #0:0: Audio: vorbis, 44100 Hz, stereo, fltp, 160 kb/s
D/FFmpegExtractor( 3692): FFmpegExtrator, url: android-source:0xb55f39c0, format_name: ogg, format_long_name: Ogg
I/FFmpegExtractor( 3692): adjust mime(application/ogg -> audio/vorbis)
D/FFmpegExtractor( 3692): suppoted codec(vorbis) by official Stagefright
D/FFmpegExtractor( 3692): ffmpeg detected media content as 'audio/vorbis' with confidence 0.08
D/WVMDrmPlugIn( 3691): WVMDrmPlugin::onInitialize : 7834
D/WVMDrmPlugIn( 3691): WVMDrmPlugin::onSetOnInfoListener : add 7834
D/WVMDrmPlugIn( 3691): WVMDrmPlugin::onTerminate : 7834
I/FFmpegExtractor( 3692): android-source:0xb55f35b0
I/FFMPEG  ( 3692): Input #0, ogg, from 'android-source:0xb55f35b0':
I/FFMPEG  ( 3692):   Duration: 00:00:01.27, start: 0.000000, bitrate: 78 kb/s
I/FFMPEG  ( 3692):     Stream #0:0: Audio: vorbis, 44100 Hz, mono, fltp, 70 kb/s
I/FFMPEG  ( 3692):     Metadata:
I/FFMPEG  ( 3692):       ANDROID_LOOP    : false
I/FFMPEG  ( 3692):       TITLE           : Low Battery
D/FFmpegExtractor( 3692): FFmpegExtrator, url: android-source:0xb55f35b0, format_name: ogg, format_long_name: Ogg
I/FFmpegExtractor( 3692): adjust mime(application/ogg -> audio/vorbis)
D/FFmpegExtractor( 3692): suppoted codec(vorbis) by official Stagefright
D/FFmpegExtractor( 3692): ffmpeg detected media content as 'audio/vorbis' with confidence 0.08
D/WVMDrmPlugIn( 3691): WVMDrmPlugin::onInitialize : 7605
D/WVMDrmPlugIn( 3691): WVMDrmPlugin::onSetOnInfoListener : add 7605
D/WVMDrmPlugIn( 3691): WVMDrmPlugin::onTerminate : 7605
I/FFmpegExtractor( 3692): android-source:0xb55f39c0
I/FFMPEG  ( 3692): Input #0, ogg, from 'android-source:0xb55f39c0':
I/FFMPEG  ( 3692):   Duration: 00:00:00.08, start: 0.000000, bitrate: 571 kb/s
I/FFMPEG  ( 3692):     Stream #0:0: Audio: vorbis, 48000 Hz, stereo, fltp, 160 kb/s
D/FFmpegExtractor( 3692): FFmpegExtrator, url: android-source:0xb55f39c0, format_name: ogg, format_long_name: Ogg
I/FFmpegExtractor( 3692): adjust mime(application/ogg -> audio/vorbis)
D/FFmpegExtractor( 3692): suppoted codec(vorbis) by official Stagefright
D/FFmpegExtractor( 3692): ffmpeg detected media content as 'audio/vorbis' with confidence 0.08
D/WVMDrmPlugIn( 3691): WVMDrmPlugin::onInitialize : 7110
D/WVMDrmPlugIn( 3691): WVMDrmPlugin::onSetOnInfoListener : add 7110
D/WVMDrmPlugIn( 3691): WVMDrmPlugin::onTerminate : 7110
I/FFmpegExtractor( 3692): android-source:0xb55f35b0
I/FFMPEG  ( 3692): Input #0, ogg, from 'android-source:0xb55f35b0':
I/FFMPEG  ( 3692):   Duration: 00:00:00.30, start: 0.000000, bitrate: 219 kb/s
I/FFMPEG  ( 3692):     Stream #0:0: Audio: vorbis, 44100 Hz, stereo, fltp, 112 kb/s
D/FFmpegExtractor( 3692): FFmpegExtrator, url: android-source:0xb55f35b0, format_name: ogg, format_long_name: Ogg
I/FFmpegExtractor( 3692): adjust mime(application/ogg -> audio/vorbis)
D/FFmpegExtractor( 3692): suppoted codec(vorbis) by official Stagefright
D/FFmpegExtractor( 3692): ffmpeg detected media content as 'audio/vorbis' with confidence 0.08
D/WVMDrmPlugIn( 3691): WVMDrmPlugin::onInitialize : 4626
D/WVMDrmPlugIn( 3691): WVMDrmPlugin::onSetOnInfoListener : add 4626
D/WVMDrmPlugIn( 3691): WVMDrmPlugin::onTerminate : 4626
I/FFmpegExtractor( 3692): android-source:0xb55f39c0
I/FFMPEG  ( 3692): Input #0, ogg, from 'android-source:0xb55f39c0':
I/FFMPEG  ( 3692):   Duration: 00:00:00.19, start: 0.000000, bitrate: 332 kb/s
I/FFMPEG  ( 3692):     Stream #0:0: Audio: vorbis, 44100 Hz, stereo, fltp, 160 kb/s
D/FFmpegExtractor( 3692): FFmpegExtrator, url: android-source:0xb55f39c0, format_name: ogg, format_long_name: Ogg
I/FFmpegExtractor( 3692): adjust mime(application/ogg -> audio/vorbis)
D/FFmpegExtractor( 3692): suppoted codec(vorbis) by official Stagefright
D/FFmpegExtractor( 3692): ffmpeg detected media content as 'audio/vorbis' with confidence 0.08
D/WVMDrmPlugIn( 3691): WVMDrmPlugin::onInitialize : 5142
D/WVMDrmPlugIn( 3691): WVMDrmPlugin::onSetOnInfoListener : add 5142
D/WVMDrmPlugIn( 3691): WVMDrmPlugin::onTerminate : 5142
I/FFmpegExtractor( 3692): android-source:0xb2effce0
I/FFMPEG  ( 3692): Input #0, ogg, from 'android-source:0xb2effce0':
I/FFMPEG  ( 3692):   Duration: 00:00:00.54, start: 0.000000, bitrate: 95 kb/s
I/FFMPEG  ( 3692):     Stream #0:0: Audio: vorbis, 48000 Hz, mono, fltp, 48 kb/s
I/FFMPEG  ( 3692):     Metadata:
I/FFMPEG  ( 3692):       TITLE           : Video Record
I/FFMPEG  ( 3692):       ARTIST          : (c) 2012 Android Open Source Project
D/FFmpegExtractor( 3692): FFmpegExtrator, url: android-source:0xb2effce0, format_name: ogg, format_long_name: Ogg
I/FFmpegExtractor( 3692): adjust mime(application/ogg -> audio/vorbis)
D/FFmpegExtractor( 3692): suppoted codec(vorbis) by official Stagefright
D/FFmpegExtractor( 3692): ffmpeg detected media content as 'audio/vorbis' with confidence 0.08
D/WVMDrmPlugIn( 3691): WVMDrmPlugin::onInitialize : 4183
D/WVMDrmPlugIn( 3691): WVMDrmPlugin::onSetOnInfoListener : add 4183
D/WVMDrmPlugIn( 3691): WVMDrmPlugin::onTerminate : 4183
I/FFmpegExtractor( 3692): android-source:0xb55f39c0
I/FFMPEG  ( 3692): Input #0, ogg, from 'android-source:0xb55f39c0':
I/FFMPEG  ( 3692):   Duration: 00:00:01.27, start: 0.000000, bitrate: 75 kb/s
I/FFMPEG  ( 3692):     Stream #0:0: Audio: vorbis, 44100 Hz, mono, fltp, 70 kb/s
I/FFMPEG  ( 3692):     Metadata:
I/FFMPEG  ( 3692):       ANDROID_LOOP    : false
D/FFmpegExtractor( 3692): FFmpegExtrator, url: android-source:0xb55f39c0, format_name: ogg, format_long_name: Ogg
I/FFmpegExtractor( 3692): adjust mime(application/ogg -> audio/vorbis)
D/FFmpegExtractor( 3692): suppoted codec(vorbis) by official Stagefright
D/FFmpegExtractor( 3692): ffmpeg detected media content as 'audio/vorbis' with confidence 0.08
D/WVMDrmPlugIn( 3691): WVMDrmPlugin::onInitialize : 5227
D/WVMDrmPlugIn( 3691): WVMDrmPlugin::onSetOnInfoListener : add 5227
D/WVMDrmPlugIn( 3691): WVMDrmPlugin::onTerminate : 5227
I/FFmpegExtractor( 3692): android-source:0xb2eff1f0
I/FFMPEG  ( 3692): Input #0, ogg, from 'android-source:0xb2eff1f0':
I/FFMPEG  ( 3692):   Duration: 00:00:00.42, start: 0.000000, bitrate: 113 kb/s
I/FFMPEG  ( 3692):     Stream #0:0: Audio: vorbis, 48000 Hz, mono, fltp, 48 kb/s
I/FFMPEG  ( 3692):     Metadata:
I/FFMPEG  ( 3692):       TITLE           : Camera Shutter
I/FFMPEG  ( 3692):       ARTIST          : (c) 2012 Android Open Source Project
D/FFmpegExtractor( 3692): FFmpegExtrator, url: android-source:0xb2eff1f0, format_name: ogg, format_long_name: Ogg
I/FFmpegExtractor( 3692): adjust mime(application/ogg -> audio/vorbis)
D/FFmpegExtractor( 3692): suppoted codec(vorbis) by official Stagefright
D/FFmpegExtractor( 3692): ffmpeg detected media content as 'audio/vorbis' with confidence 0.08
D/WVMDrmPlugIn( 3691): WVMDrmPlugin::onInitialize : 5271
D/WVMDrmPlugIn( 3691): WVMDrmPlugin::onSetOnInfoListener : add 5271
D/WVMDrmPlugIn( 3691): WVMDrmPlugin::onTerminate : 5271
I/FFmpegExtractor( 3692): android-source:0xb55f36f0
I/FFMPEG  ( 3692): Input #0, ogg, from 'android-source:0xb55f36f0':
I/FFMPEG  ( 3692):   Duration: 00:00:00.40, start: 0.000000, bitrate: 187 kb/s
I/FFMPEG  ( 3692):     Stream #0:0: Audio: vorbis, 44100 Hz, stereo, fltp, 112 kb/s
D/FFmpegExtractor( 3692): FFmpegExtrator, url: android-source:0xb55f36f0, format_name: ogg, format_long_name: Ogg
I/FFmpegExtractor( 3692): adjust mime(application/ogg -> audio/vorbis)
D/FFmpegExtractor( 3692): suppoted codec(vorbis) by official Stagefright
D/FFmpegExtractor( 3692): ffmpeg detected media content as 'audio/vorbis' with confidence 0.08
W/MediaScanner( 5140): Error opening directory '/oem/media/', skipping: No such file or directory.
D/WVMDrmPlugIn( 3691): WVMDrmPlugin::onInitialize : 4818
D/WVMDrmPlugIn( 3691): WVMDrmPlugin::onSetOnInfoListener : add 4818
D/WVMDrmPlugIn( 3691): WVMDrmPlugin::onTerminate : 4818
I/FFmpegExtractor( 3692): android-source:0xb55f3b00
I/FFMPEG  ( 3692): Input #0, ogg, from 'android-source:0xb55f3b00':
I/FFMPEG  ( 3692):   Duration: 00:00:00.30, start: 0.000000, bitrate: 168 kb/s
I/FFMPEG  ( 3692):     Stream #0:0: Audio: vorbis, 44100 Hz, stereo, fltp, 112 kb/s
I/FFMPEG  ( 3692):     Metadata:
I/FFMPEG  ( 3692):       TITLE           : Dock
D/FFmpegExtractor( 3692): FFmpegExtrator, url: android-source:0xb55f3b00, format_name: ogg, format_long_name: Ogg
I/FFmpegExtractor( 3692): adjust mime(application/ogg -> audio/vorbis)
D/FFmpegExtractor( 3692): suppoted codec(vorbis) by official Stagefright
D/FFmpegExtractor( 3692): ffmpeg detected media content as 'audio/vorbis' with confidence 0.08
E/MetadataRetrieverClient( 3692): failed to extract an album art
D/WVMDrmPlugIn( 3691): WVMDrmPlugin::onInitialize : 5680
D/WVMDrmPlugIn( 3691): WVMDrmPlugin::onSetOnInfoListener : add 5680
D/WVMDrmPlugIn( 3691): WVMDrmPlugin::onTerminate : 5680
I/FFmpegExtractor( 3692): android-source:0xb55f3290
I/FFMPEG  ( 3692): Input #0, ogg, from 'android-source:0xb55f3290':
I/FFMPEG  ( 3692):   Duration: 00:00:01.07, start: 0.000000, bitrate: 224 kb/s
I/FFMPEG  ( 3692):     Stream #0:0: Audio: vorbis, 48000 Hz, stereo, fltp, 256 kb/s
I/FFMPEG  ( 3692):     Metadata:
I/FFMPEG  ( 3692):       TITLE           : Hangouts Message
D/FFmpegExtractor( 3692): FFmpegExtrator, url: android-source:0xb55f3290, format_name: ogg, format_long_name: Ogg
I/FFmpegExtractor( 3692): adjust mime(application/ogg -> audio/vorbis)
D/FFmpegExtractor( 3692): suppoted codec(vorbis) by official Stagefright
D/FFmpegExtractor( 3692): ffmpeg detected media content as 'audio/vorbis' with confidence 0.08
D/WVMDrmPlugIn( 3691): WVMDrmPlugin::onInitialize : 7561
D/WVMDrmPlugIn( 3691): WVMDrmPlugin::onSetOnInfoListener : add 7561
D/WVMDrmPlugIn( 3691): WVMDrmPlugin::onTerminate : 7561
I/FFmpegExtractor( 3692): android-source:0xb2eff3d0
I/FFMPEG  ( 3692): Input #0, ogg, from 'android-source:0xb2eff3d0':
I/FFMPEG  ( 3692):   Duration: 00:00:05.00, start: 0.000000, bitrate: 122 kb/s
I/FFMPEG  ( 3692):     Stream #0:0: Audio: vorbis, 48000 Hz, stereo, fltp, 160 kb/s
I/FFMPEG  ( 3692):     Metadata:
I/FFMPEG  ( 3692):       TITLE           : Hangouts Call
D/FFmpegExtractor( 3692): FFmpegExtrator, url: android-source:0xb2eff3d0, format_name: ogg, format_long_name: Ogg
I/FFmpegExtractor( 3692): adjust mime(application/ogg -> audio/vorbis)
D/FFmpegExtractor( 3692): suppoted codec(vorbis) by official Stagefright
D/FFmpegExtractor( 3692): ffmpeg detected media content as 'audio/vorbis' with confidence 0.08
E/MetadataRetrieverClient( 3692): offset (0) bigger than file size (0)
E/MediaScannerJNI( 5140): An error occurred while scanning file '/data/media/0/SoundRecorder/recording20150715045319.amr'.
W/MediaScanner( 5140): Error opening directory '/storage/sdcard1/', skipping: No such file or directory.
W/MediaScanner( 5140): Error opening directory '/storage/usbdisk/', skipping: No such file or directory.
E/ELEVEN  ( 5253): calling refresh!
D/WVMDrmPlugIn( 3691): WVMDrmPlugin::onInitialize : 4855
D/WVMDrmPlugIn( 3691): WVMDrmPlugin::onSetOnInfoListener : add 4855
D/WVMDrmPlugIn( 3691): WVMDrmPlugin::onTerminate : 4855
I/FFmpegExtractor( 3692): android-source:0xb2eff3d0
I/FFMPEG  ( 3692): Input #0, ogg, from 'android-source:0xb2eff3d0':
I/FFMPEG  ( 3692):   Duration: 00:00:01.07, start: 0.000000, bitrate: 224 kb/s
I/FFMPEG  ( 3692):     Stream #0:0: Audio: vorbis, 48000 Hz, stereo, fltp, 256 kb/s
I/FFMPEG  ( 3692):     Metadata:
I/FFMPEG  ( 3692):       TITLE           : Hangouts Message
D/FFmpegExtractor( 3692): FFmpegExtrator, url: android-source:0xb2eff3d0, format_name: ogg, format_long_name: Ogg
I/FFmpegExtractor( 3692): adjust mime(application/ogg -> audio/vorbis)
D/FFmpegExtractor( 3692): suppoted codec(vorbis) by official Stagefright
D/FFmpegExtractor( 3692): ffmpeg detected media content as 'audio/vorbis' with confidence 0.08
E/MetadataRetrieverClient( 3692): failed to extract an album art
E/MetadataRetrieverClient( 3692): offset (0) bigger than file size (0)
V/MediaScanner( 5140): pruneDeadThumbnailFiles... android.database.sqlite.SQLiteCursor@de3bfeb
V/MediaScanner( 5140): /pruneDeadThumbnailFiles... android.database.sqlite.SQLiteCursor@de3bfeb
I/ActivityManager( 4115): Killing 5140:android.process.media/u0a9 (adj 15): empty #17
W/art     ( 4115): Long monitor contention event with owner method=void com.android.server.am.ActivityManagerService.serviceDoneExecuting(android.os.IBinder, int, int, int) from ActivityManagerService.java:15134 waiters=0 for 107ms
W/libprocessgroup( 4115): failed to open /acct/uid_10009/pid_5140/cgroup.procs: No such file or directory
E/ELEVEN  ( 5253): calling refresh!
I/ActivityManager( 4115): Waited long enough for: ServiceRecord{21ca6e59 u0 com.android.calendar/.alerts.InitAlarmsService}
I/ActivityManager( 4115): Config changes=2004 {1.0 ?mcc?mnc es_ES ldltr sw360dp w360dp h615dp 480dpi nrml long port finger -keyb/v/h -nav/h s.8 themeResource=themes:{default=overlay:system, iconPack:system, fontPkg:system, com.android.systemui=overlay:system, com.android.systemui.navbar=overlay:system}}
D/ActivityManager( 4115): Storing locale es-ES for decryption UI
E/Minikin ( 5060): addFont failed to create font /system/fonts/NotoSansGujarati-Regular.ttf
E/Minikin ( 5060): addFont failed to create font /system/fonts/NotoSansGujarati-Bold.ttf
E/Minikin ( 5060): addFont failed to create font /system/fonts/NotoSansGujaratiUI-Regular.ttf
E/Minikin ( 5060): addFont failed to create font /system/fonts/NotoSansGujaratiUI-Bold.ttf
E/Minikin ( 5060): addFont failed to create font /system/fonts/NotoSansGurmukhi-Regular.ttf
E/Minikin ( 5060): addFont failed to create font /system/fonts/NotoSansGurmukhi-Bold.ttf
E/Minikin ( 5060): addFont failed to create font /system/fonts/NotoSansGurmukhiUI-Regular.ttf
E/Minikin ( 5060): addFont failed to create font /system/fonts/NotoSansGurmukhiUI-Bold.ttf
E/Minikin ( 5204): addFont failed to create font /system/fonts/NotoSansGujarati-Regular.ttf
E/Minikin ( 5204): addFont failed to create font /system/fonts/NotoSansGujarati-Bold.ttf
E/Minikin ( 5204): addFont failed to create font /system/fonts/NotoSansGujaratiUI-Regular.ttf
E/Minikin ( 5204): addFont failed to create font /system/fonts/NotoSansGujaratiUI-Bold.ttf
E/Minikin ( 5204): addFont failed to create font /system/fonts/NotoSansGurmukhi-Regular.ttf
E/Minikin ( 5204): addFont failed to create font /system/fonts/NotoSansGurmukhi-Bold.ttf
E/Minikin ( 5204): addFont failed to create font /system/fonts/NotoSansGurmukhiUI-Regular.ttf
E/Minikin ( 5204): addFont failed to create font /system/fonts/NotoSansGurmukhiUI-Bold.ttf
E/Minikin ( 5060): addFont failed to create font /system/fonts/NotoSansSinhala-Regular.ttf
E/Minikin ( 5060): addFont failed to create font /system/fonts/NotoSansSinhala-Bold.ttf
E/Minikin ( 4115): addFont failed to create font /system/fonts/NotoSansGujarati-Regular.ttf
E/Minikin ( 4115): addFont failed to create font /system/fonts/NotoSansGujarati-Bold.ttf
E/Minikin ( 4115): addFont failed to create font /system/fonts/NotoSansGujaratiUI-Regular.ttf
E/Minikin ( 4115): addFont failed to create font /system/fonts/NotoSansGujaratiUI-Bold.ttf
E/Minikin ( 4115): addFont failed to create font /system/fonts/NotoSansGurmukhi-Regular.ttf
E/Minikin ( 4115): addFont failed to create font /system/fonts/NotoSansGurmukhi-Bold.ttf
E/Minikin ( 4115): addFont failed to create font /system/fonts/NotoSansGurmukhiUI-Regular.ttf
E/Minikin ( 4115): addFont failed to create font /system/fonts/NotoSansGurmukhiUI-Bold.ttf
E/Minikin ( 5060): addFont failed to create font /system/fonts/NotoSansCherokee-Regular.ttf
E/Minikin ( 5060): addFont failed to create font /system/fonts/NotoSansCanadianAboriginal-Regular.ttf
E/Minikin ( 5060): addFont failed to create font /system/fonts/NotoSansYi-Regular.ttf
E/Minikin ( 5060): addFont failed to create font /system/fonts/NotoSansHans-Regular.otf
E/Minikin ( 5060): addFont failed to create font /system/fonts/NotoSansHant-Regular.otf
E/Minikin ( 5060): addFont failed to create font /system/fonts/NotoSansJP-Regular.otf
E/Minikin ( 5060): addFont failed to create font /system/fonts/NotoSansKR-Regular.otf
E/Minikin ( 5204): addFont failed to create font /system/fonts/NotoSansSinhala-Regular.ttf
E/Minikin ( 5204): addFont failed to create font /system/fonts/NotoSansSinhala-Bold.ttf
E/Minikin ( 4115): addFont failed to create font /system/fonts/NotoSansSinhala-Regular.ttf
E/Minikin ( 4115): addFont failed to create font /system/fonts/NotoSansSinhala-Bold.ttf
E/Minikin ( 5204): addFont failed to create font /system/fonts/NotoSansCherokee-Regular.ttf
E/Minikin ( 5204): addFont failed to create font /system/fonts/NotoSansCanadianAboriginal-Regular.ttf
E/Minikin ( 5204): addFont failed to create font /system/fonts/NotoSansYi-Regular.ttf
E/Minikin ( 5204): addFont failed to create font /system/fonts/NotoSansHans-Regular.otf
E/Minikin ( 5204): addFont failed to create font /system/fonts/NotoSansHant-Regular.otf
E/Minikin ( 5204): addFont failed to create font /system/fonts/NotoSansJP-Regular.otf
E/Minikin ( 5204): addFont failed to create font /system/fonts/NotoSansKR-Regular.otf
E/Minikin ( 4115): addFont failed to create font /system/fonts/NotoSansCherokee-Regular.ttf
E/Minikin ( 4115): addFont failed to create font /system/fonts/NotoSansCanadianAboriginal-Regular.ttf
E/Minikin ( 4115): addFont failed to create font /system/fonts/NotoSansYi-Regular.ttf
E/Minikin ( 4115): addFont failed to create font /system/fonts/NotoSansHans-Regular.otf
E/Minikin ( 4115): addFont failed to create font /system/fonts/NotoSansHant-Regular.otf
E/Minikin ( 4115): addFont failed to create font /system/fonts/NotoSansJP-Regular.otf
E/Minikin ( 4115): addFont failed to create font /system/fonts/NotoSansKR-Regular.otf
E/Minikin ( 5608): addFont failed to create font /system/fonts/NotoSansGujarati-Regular.ttf
E/Minikin ( 5608): addFont failed to create font /system/fonts/NotoSansGujarati-Bold.ttf
E/Minikin ( 5608): addFont failed to create font /system/fonts/NotoSansGujaratiUI-Regular.ttf
E/Minikin ( 5608): addFont failed to create font /system/fonts/NotoSansGujaratiUI-Bold.ttf
E/Minikin ( 5608): addFont failed to create font /system/fonts/NotoSansGurmukhi-Regular.ttf
E/Minikin ( 5608): addFont failed to create font /system/fonts/NotoSansGurmukhi-Bold.ttf
E/Minikin ( 5608): addFont failed to create font /system/fonts/NotoSansGurmukhiUI-Regular.ttf
E/Minikin ( 5608): addFont failed to create font /system/fonts/NotoSansGurmukhiUI-Bold.ttf
E/Minikin ( 5018): addFont failed to create font /system/fonts/NotoSansGujarati-Regular.ttf
E/Minikin ( 5018): addFont failed to create font /system/fonts/NotoSansGujarati-Bold.ttf
E/Minikin ( 5018): addFont failed to create font /system/fonts/NotoSansGujaratiUI-Regular.ttf
E/Minikin ( 5018): addFont failed to create font /system/fonts/NotoSansGujaratiUI-Bold.ttf
E/Minikin ( 5018): addFont failed to create font /system/fonts/NotoSansGurmukhi-Regular.ttf
E/Minikin ( 5018): addFont failed to create font /system/fonts/NotoSansGurmukhi-Bold.ttf
E/Minikin ( 5018): addFont failed to create font /system/fonts/NotoSansGurmukhiUI-Regular.ttf
E/Minikin ( 5608): addFont failed to create font /system/fonts/NotoSansSinhala-Regular.ttf
E/Minikin ( 5018): addFont failed to create font /system/fonts/NotoSansGurmukhiUI-Bold.ttf
E/Minikin ( 5608): addFont failed to create font /system/fonts/NotoSansSinhala-Bold.ttf
E/Minikin ( 5608): addFont failed to create font /system/fonts/NotoSansCherokee-Regular.ttf
E/Minikin ( 5608): addFont failed to create font /system/fonts/NotoSansCanadianAboriginal-Regular.ttf
E/Minikin ( 5608): addFont failed to create font /system/fonts/NotoSansYi-Regular.ttf
E/Minikin ( 5608): addFont failed to create font /system/fonts/NotoSansHans-Regular.otf
E/Minikin ( 5608): addFont failed to create font /system/fonts/NotoSansHant-Regular.otf
E/Minikin ( 5608): addFont failed to create font /system/fonts/NotoSansJP-Regular.otf
E/Minikin ( 5608): addFont failed to create font /system/fonts/NotoSansKR-Regular.otf
E/Minikin ( 5018): addFont failed to create font /system/fonts/NotoSansSinhala-Regular.ttf
E/Minikin ( 5018): addFont failed to create font /system/fonts/NotoSansSinhala-Bold.ttf
E/Minikin ( 5018): addFont failed to create font /system/fonts/NotoSansCherokee-Regular.ttf
E/Minikin ( 5018): addFont failed to create font /system/fonts/NotoSansCanadianAboriginal-Regular.ttf
E/Minikin ( 5018): addFont failed to create font /system/fonts/NotoSansYi-Regular.ttf
E/Minikin ( 5018): addFont failed to create font /system/fonts/NotoSansHans-Regular.otf
E/Minikin ( 5018): addFont failed to create font /system/fonts/NotoSansHant-Regular.otf
E/Minikin ( 5018): addFont failed to create font /system/fonts/NotoSansJP-Regular.otf
E/Minikin ( 5018): addFont failed to create font /system/fonts/NotoSansKR-Regular.otf
E/Minikin ( 5659): addFont failed to create font /system/fonts/NotoSansGujarati-Regular.ttf
E/Minikin ( 5659): addFont failed to create font /system/fonts/NotoSansGujarati-Bold.ttf
E/Minikin ( 5659): addFont failed to create font /system/fonts/NotoSansGujaratiUI-Regular.ttf
E/Minikin ( 5659): addFont failed to create font /system/fonts/NotoSansGujaratiUI-Bold.ttf
E/Minikin ( 5659): addFont failed to create font /system/fonts/NotoSansGurmukhi-Regular.ttf
E/Minikin ( 5659): addFont failed to create font /system/fonts/NotoSansGurmukhi-Bold.ttf
E/Minikin ( 5659): addFont failed to create font /system/fonts/NotoSansGurmukhiUI-Regular.ttf
E/Minikin ( 5659): addFont failed to create font /system/fonts/NotoSansGurmukhiUI-Bold.ttf
E/Minikin ( 5116): addFont failed to create font /system/fonts/NotoSansGujarati-Regular.ttf
E/Minikin ( 5116): addFont failed to create font /system/fonts/NotoSansGujarati-Bold.ttf
E/Minikin ( 5116): addFont failed to create font /system/fonts/NotoSansGujaratiUI-Regular.ttf
E/Minikin ( 5116): addFont failed to create font /system/fonts/NotoSansGujaratiUI-Bold.ttf
E/Minikin ( 5116): addFont failed to create font /system/fonts/NotoSansGurmukhi-Regular.ttf
E/Minikin ( 5116): addFont failed to create font /system/fonts/NotoSansGurmukhi-Bold.ttf
E/Minikin ( 5116): addFont failed to create font /system/fonts/NotoSansGurmukhiUI-Regular.ttf
E/Minikin ( 5116): addFont failed to create font /system/fonts/NotoSansGurmukhiUI-Bold.ttf
E/Minikin ( 5659): addFont failed to create font /system/fonts/NotoSansSinhala-Regular.ttf
E/Minikin ( 5659): addFont failed to create font /system/fonts/NotoSansSinhala-Bold.ttf
E/Minikin ( 5116): addFont failed to create font /system/fonts/NotoSansSinhala-Regular.ttf
E/Minikin ( 5116): addFont failed to create font /system/fonts/NotoSansSinhala-Bold.ttf
E/Minikin ( 5659): addFont failed to create font /system/fonts/NotoSansCherokee-Regular.ttf
E/Minikin ( 5659): addFont failed to create font /system/fonts/NotoSansCanadianAboriginal-Regular.ttf
E/Minikin ( 5659): addFont failed to create font /system/fonts/NotoSansYi-Regular.ttf
E/Minikin ( 5659): addFont failed to create font /system/fonts/NotoSansHans-Regular.otf
E/Minikin ( 5659): addFont failed to create font /system/fonts/NotoSansHant-Regular.otf
E/Minikin ( 5659): addFont failed to create font /system/fonts/NotoSansJP-Regular.otf
E/Minikin ( 5659): addFont failed to create font /system/fonts/NotoSansKR-Regular.otf
E/Minikin ( 5116): addFont failed to create font /system/fonts/NotoSansCherokee-Regular.ttf
E/Minikin ( 5116): addFont failed to create font /system/fonts/NotoSansCanadianAboriginal-Regular.ttf
E/Minikin ( 5116): addFont failed to create font /system/fonts/NotoSansYi-Regular.ttf
E/Minikin ( 5116): addFont failed to create font /system/fonts/NotoSansHans-Regular.otf
E/Minikin ( 5116): addFont failed to create font /system/fonts/NotoSansHant-Regular.otf
E/Minikin ( 5116): addFont failed to create font /system/fonts/NotoSansJP-Regular.otf
E/Minikin ( 5116): addFont failed to create font /system/fonts/NotoSansKR-Regular.otf
E/Minikin ( 4533): addFont failed to create font /system/fonts/NotoSansGujarati-Regular.ttf
E/Minikin ( 4533): addFont failed to create font /system/fonts/NotoSansGujarati-Bold.ttf
E/Minikin ( 4533): addFont failed to create font /system/fonts/NotoSansGujaratiUI-Regular.ttf
E/Minikin ( 4533): addFont failed to create font /system/fonts/NotoSansGujaratiUI-Bold.ttf
E/Minikin ( 4533): addFont failed to create font /system/fonts/NotoSansGurmukhi-Regular.ttf
E/Minikin ( 4533): addFont failed to create font /system/fonts/NotoSansGurmukhi-Bold.ttf
E/Minikin ( 4533): addFont failed to create font /system/fonts/NotoSansGurmukhiUI-Regular.ttf
E/Minikin ( 4533): addFont failed to create font /system/fonts/NotoSansGurmukhiUI-Bold.ttf
E/Minikin ( 5477): addFont failed to create font /system/fonts/NotoSansGujarati-Regular.ttf
E/Minikin ( 5477): addFont failed to create font /system/fonts/NotoSansGujarati-Bold.ttf
E/Minikin ( 5477): addFont failed to create font /system/fonts/NotoSansGujaratiUI-Regular.ttf
E/Minikin ( 5477): addFont failed to create font /system/fonts/NotoSansGujaratiUI-Bold.ttf
E/Minikin ( 5477): addFont failed to create font /system/fonts/NotoSansGurmukhi-Regular.ttf
E/Minikin ( 5477): addFont failed to create font /system/fonts/NotoSansGurmukhi-Bold.ttf
E/Minikin ( 5477): addFont failed to create font /system/fonts/NotoSansGurmukhiUI-Regular.ttf
E/Minikin ( 5477): addFont failed to create font /system/fonts/NotoSansGurmukhiUI-Bold.ttf
E/Minikin ( 5477): addFont failed to create font /system/fonts/NotoSansSinhala-Regular.ttf
E/Minikin ( 5477): addFont failed to create font /system/fonts/NotoSansSinhala-Bold.ttf
E/Minikin ( 5477): addFont failed to create font /system/fonts/NotoSansCherokee-Regular.ttf
E/Minikin ( 5477): addFont failed to create font /system/fonts/NotoSansCanadianAboriginal-Regular.ttf
E/Minikin ( 5477): addFont failed to create font /system/fonts/NotoSansYi-Regular.ttf
E/Minikin ( 5477): addFont failed to create font /system/fonts/NotoSansHans-Regular.otf
E/Minikin ( 5477): addFont failed to create font /system/fonts/NotoSansHant-Regular.otf
E/Minikin ( 5477): addFont failed to create font /system/fonts/NotoSansJP-Regular.otf
E/Minikin ( 5477): addFont failed to create font /system/fonts/NotoSansKR-Regular.otf
E/Minikin ( 4533): addFont failed to create font /system/fonts/NotoSansSinhala-Regular.ttf
E/Minikin ( 4533): addFont failed to create font /system/fonts/NotoSansSinhala-Bold.ttf
E/Minikin ( 5815): addFont failed to create font /system/fonts/NotoSansGujarati-Regular.ttf
E/Minikin ( 5815): addFont failed to create font /system/fonts/NotoSansGujarati-Bold.ttf
E/Minikin ( 5815): addFont failed to create font /system/fonts/NotoSansGujaratiUI-Regular.ttf
E/Minikin ( 5815): addFont failed to create font /system/fonts/NotoSansGujaratiUI-Bold.ttf
E/Minikin ( 5815): addFont failed to create font /system/fonts/NotoSansGurmukhi-Regular.ttf
E/Minikin ( 5815): addFont failed to create font /system/fonts/NotoSansGurmukhi-Bold.ttf
E/Minikin ( 5815): addFont failed to create font /system/fonts/NotoSansGurmukhiUI-Regular.ttf
E/Minikin ( 5815): addFont failed to create font /system/fonts/NotoSansGurmukhiUI-Bold.ttf
E/Minikin ( 4533): addFont failed to create font /system/fonts/NotoSansCherokee-Regular.ttf
E/Minikin ( 4533): addFont failed to create font /system/fonts/NotoSansCanadianAboriginal-Regular.ttf
E/Minikin ( 4533): addFont failed to create font /system/fonts/NotoSansYi-Regular.ttf
E/Minikin ( 4533): addFont failed to create font /system/fonts/NotoSansHans-Regular.otf
E/Minikin ( 5815): addFont failed to create font /system/fonts/NotoSansSinhala-Regular.ttf
E/Minikin ( 4533): addFont failed to create font /system/fonts/NotoSansHant-Regular.otf
E/Minikin ( 5815): addFont failed to create font /system/fonts/NotoSansSinhala-Bold.ttf
E/Minikin ( 4533): addFont failed to create font /system/fonts/NotoSansJP-Regular.otf
E/Minikin ( 4533): addFont failed to create font /system/fonts/NotoSansKR-Regular.otf
E/Minikin ( 4992): addFont failed to create font /system/fonts/NotoSansGujarati-Regular.ttf
E/Minikin ( 4992): addFont failed to create font /system/fonts/NotoSansGujarati-Bold.ttf
E/Minikin ( 4992): addFont failed to create font /system/fonts/NotoSansGujaratiUI-Regular.ttf
E/Minikin ( 4992): addFont failed to create font /system/fonts/NotoSansGujaratiUI-Bold.ttf
E/Minikin ( 4992): addFont failed to create font /system/fonts/NotoSansGurmukhi-Regular.ttf
E/Minikin ( 4992): addFont failed to create font /system/fonts/NotoSansGurmukhi-Bold.ttf
E/Minikin ( 4992): addFont failed to create font /system/fonts/NotoSansGurmukhiUI-Regular.ttf
E/Minikin ( 4992): addFont failed to create font /system/fonts/NotoSansGurmukhiUI-Bold.ttf
E/Minikin ( 4992): addFont failed to create font /system/fonts/NotoSansSinhala-Regular.ttf
E/Minikin ( 4992): addFont failed to create font /system/fonts/NotoSansSinhala-Bold.ttf
E/Minikin ( 4992): addFont failed to create font /system/fonts/NotoSansCherokee-Regular.ttf
E/Minikin ( 4992): addFont failed to create font /system/fonts/NotoSansCanadianAboriginal-Regular.ttf
E/Minikin ( 4992): addFont failed to create font /system/fonts/NotoSansYi-Regular.ttf
E/Minikin ( 4992): addFont failed to create font /system/fonts/NotoSansHans-Regular.otf
E/Minikin ( 4992): addFont failed to create font /system/fonts/NotoSansHant-Regular.otf
E/Minikin ( 4992): addFont failed to create font /system/fonts/NotoSansJP-Regular.otf
E/Minikin ( 4992): addFont failed to create font /system/fonts/NotoSansKR-Regular.otf
E/Minikin ( 5815): addFont failed to create font /system/fonts/NotoSansCherokee-Regular.ttf
E/Minikin ( 5815): addFont failed to create font /system/fonts/NotoSansCanadianAboriginal-Regular.ttf
E/Minikin ( 5815): addFont failed to create font /system/fonts/NotoSansYi-Regular.ttf
E/Minikin ( 5815): addFont failed to create font /system/fonts/NotoSansHans-Regular.otf
E/Minikin ( 5815): addFont failed to create font /system/fonts/NotoSansHant-Regular.otf
E/Minikin ( 5815): addFont failed to create font /system/fonts/NotoSansJP-Regular.otf
E/Minikin ( 5815): addFont failed to create font /system/fonts/NotoSansKR-Regular.otf
E/Minikin ( 4970): addFont failed to create font /system/fonts/NotoSansGujarati-Regular.ttf
E/Minikin ( 4970): addFont failed to create font /system/fonts/NotoSansGujarati-Bold.ttf
E/Minikin ( 4970): addFont failed to create font /system/fonts/NotoSansGujaratiUI-Regular.ttf
E/Minikin ( 4970): addFont failed to create font /system/fonts/NotoSansGujaratiUI-Bold.ttf
E/Minikin ( 4970): addFont failed to create font /system/fonts/NotoSansGurmukhi-Regular.ttf
E/Minikin ( 4970): addFont failed to create font /system/fonts/NotoSansGurmukhi-Bold.ttf
E/Minikin ( 4970): addFont failed to create font /system/fonts/NotoSansGurmukhiUI-Regular.ttf
E/Minikin ( 4970): addFont failed to create font /system/fonts/NotoSansGurmukhiUI-Bold.ttf
E/Minikin ( 4970): addFont failed to create font /system/fonts/NotoSansSinhala-Regular.ttf
E/Minikin ( 4970): addFont failed to create font /system/fonts/NotoSansSinhala-Bold.ttf
E/Minikin ( 4970): addFont failed to create font /system/fonts/NotoSansCherokee-Regular.ttf
E/Minikin ( 4970): addFont failed to create font /system/fonts/NotoSansCanadianAboriginal-Regular.ttf
E/Minikin ( 4970): addFont failed to create font /system/fonts/NotoSansYi-Regular.ttf
E/Minikin ( 4970): addFont failed to create font /system/fonts/NotoSansHans-Regular.otf
E/Minikin ( 4970): addFont failed to create font /system/fonts/NotoSansHant-Regular.otf
E/Minikin ( 4970): addFont failed to create font /system/fonts/NotoSansJP-Regular.otf
E/Minikin ( 4970): addFont failed to create font /system/fonts/NotoSansKR-Regular.otf
E/Minikin ( 5040): addFont failed to create font /system/fonts/NotoSansGujarati-Regular.ttf
E/Minikin ( 5040): addFont failed to create font /system/fonts/NotoSansGujarati-Bold.ttf
E/Minikin ( 5040): addFont failed to create font /system/fonts/NotoSansGujaratiUI-Regular.ttf
E/Minikin ( 5040): addFont failed to create font /system/fonts/NotoSansGujaratiUI-Bold.ttf
E/Minikin ( 5040): addFont failed to create font /system/fonts/NotoSansGurmukhi-Regular.ttf
E/Minikin ( 5040): addFont failed to create font /system/fonts/NotoSansGurmukhi-Bold.ttf
