--------- beginning of main
I/McDaemon(    0): Daemon starting up...
W/auditd  ( 3694): type=1325 audit(0.0:2): table=filter family=2 entries=0
W/auditd  ( 3694): type=1325 audit(0.0:3): table=mangle family=2 entries=0
W/auditd  ( 3694): type=1325 audit(0.0:4): table=nat family=2 entries=0
W/auditd  ( 3694): type=1325 audit(0.0:5): table=raw family=2 entries=0
W/auditd  ( 3694): type=1325 audit(0.0:6): table=security family=2 entries=0
W/auditd  ( 3694): type=1325 audit(0.0:7): table=filter family=3 entries=0
W/auditd  ( 3694): type=1325 audit(0.0:8): table=filter family=10 entries=0
W/auditd  ( 3694): type=1325 audit(0.0:9): table=mangle family=10 entries=0
W/auditd  ( 3694): type=1325 audit(0.0:10): table=raw family=10 entries=0
I/McDaemon(    0): Socket interface version is 0.2
I/McDaemon(    0): *** t-base-300-Ares-2-Android-V004_P3 ###
I/McDaemon(    0): Build timestamp is Jan 20 2015 11:49:09
I/McDaemon(    0): Checking version of <t-base
I/McDaemon(    0): Product ID is tbase-300_EXYNOS_5422_V004_P3
I/McDaemon(    0): (null)
I/McDaemon(    0): (null)
I/McDaemon(    0): (null)
I/McDaemon(    0): (null)
I/cm      (    0): ____ _   _ ____ _  _ ____ ____ ____ _  _ _  _ ____ ___ 
W/auditd  ( 3694): type=1305 audit(0.0:11): audit_pid=3657 old=0 auid=4294967295 ses=4294967295
W/auditd  ( 3694):  res=1
W/auditd  ( 3694): type=1305 audit(0.0:12): audit_rate_limit=20 old=0 auid=4294967295 ses=4294967295
W/auditd  ( 3694):  res=1
I/lowmemorykiller(    0): Using in-kernel low memory killer interface
--------- beginning of system
I/auditd  ( 3669): Starting up
I/installd( 3675): installd firing up
I/cm      ( 3684): |     \_/  |__| |\ | |  | | __ |___ |\ | |\/| |  | |  \ 
I/DEBUG   ( 3671): debuggerd: Jul  3 2015 03:58:19
I/macloader( 3681): Settting wifi type to wisol in /data/.cid.info
D/macloader( 3681): Change permissions of /data/.cid.info
I/cm      ( 3695): |___   |   |  | | \| |__| |__] |___ | \| |  | |__| |__/ 
I/PrProvisioning( 3693): successfully - provisioning start !
I/audit_log( 3669): Previous audit logfile detected, rotating
E/audit_rules( 3669): Could not read audit rules /data/misc/audit/audit.rules: No such file or directory
I/PrProvisioning( 3693): provisioning already done
I/Vold    ( 3661): Vold 2.1 (the revenge) firing up
I/cm      ( 3700): Welcome to Android 5.0.2 / CyanogenMod-12-20150707-UNOFFICIAL-k3gxx 
D/Vold    ( 3661): Volume sdcard1 state changing -1 (Initializing) -> 0 (No-Media)
D/Vold    ( 3661): Volume usbdisk state changing -1 (Initializing) -> 0 (No-Media)
I/Cryptfs ( 3661): Check if PFE is activated on Boot
E/Cryptfs ( 3661): Bad magic for real block device /dev/block/platform/12200000.dwmmc0/by-name/USERDATA
E/Cryptfs ( 3661): Error getting crypt footer and key
I/Netd    ( 3670): Netd 1.0 starting
E/Netd    ( 3670): Failed to open /proc/sys/net/ipv6/conf/default/accept_ra_rt_table: No such file or directory
E/Netd    ( 3670): Failed to open /proc/sys/net/ipv6/conf/ip6tnl0/accept_ra_rt_table: No such file or directory
E/Netd    ( 3670): Failed to open /proc/sys/net/ipv6/conf/lo/accept_ra_rt_table: No such file or directory
E/Netd    ( 3670): Failed to open /proc/sys/net/ipv6/conf/rmnet0/accept_ra_rt_table: No such file or directory
E/Netd    ( 3670): Failed to open /proc/sys/net/ipv6/conf/rmnet1/accept_ra_rt_table: No such file or directory
E/Netd    ( 3670): Failed to open /proc/sys/net/ipv6/conf/rmnet2/accept_ra_rt_table: No such file or directory
E/Netd    ( 3670): Failed to open /proc/sys/net/ipv6/conf/rmnet3/accept_ra_rt_table: No such file or directory
E/Netd    ( 3670): Failed to open /proc/sys/net/ipv6/conf/sit0/accept_ra_rt_table: No such file or directory
I/keystore( 3676): SELinux: Keystore SELinux is disabled.
I/SurfaceFlinger( 3662): SurfaceFlinger is starting
I/SurfaceFlinger( 3662): SurfaceFlinger's main thread ready to run. Initializing graphics H/W...
D/gpsd    ( 3677): WakeLock(Release,GPSD)
D/gpsd    ( 3677): WakeLock(Release,SUPL)
I/gpsd_d  ( 3677): GNSS: 219420
D/wrapperGPS( 3677): wrapperOpenClient_RILD
E/wrapperGPS( 3677): wrapperOpenClient_RILD: RegisterUnsolicitedHandler() UNSOL_GPS_NOTI (20009)
D/wrapperGPS( 3677): wrapperRegisterRequestCompleteHandler
D/wrapperGPS( 3677): wrapperRegisterUnsolicitedHandler id(12009), handler(0xb6bcf6e9)
D/wrapperGPS( 3677): wrapperRegisterErrorCallback
D/wrapperGPS( 3677): wrapperConnect_RILD
D/libEGL  ( 3662): loaded /vendor/lib/egl/libGLES_mali.so
I/        ( 3662): PLATFORM VERSION : JB-MR-2
I/gralloc ( 3662): using (id=)
I/gralloc ( 3662): xres         = 1080 px
I/gralloc ( 3662): yres         = 1920 px
I/gralloc ( 3662): width        = 65 mm (422.030762 dpi)
I/gralloc ( 3662): height       = 115 mm (424.069580 dpi)
I/gralloc ( 3662): refresh rate = 60.00 Hz
D/WVMDrmPlugIn( 3673): WVMDrmPlugin::onGetSupportInfo : 0
D/hwcomposer( 3662): using
D/hwcomposer( 3662): xres         = 1080 px
D/hwcomposer( 3662): yres         = 1920 px
D/hwcomposer( 3662): width        = 65 mm (422.030000 dpi)
D/hwcomposer( 3662): height       = 115 mm (424.069000 dpi)
D/hwcomposer( 3662): refresh rate = 60 Hz
D/libexynosv4l2-subdev( 3662): try node: /dev/v4l-subdev0
D/libexynosv4l2-subdev( 3662): try node: /dev/v4l-subdev1
D/libexynosv4l2-subdev( 3662): try node: /dev/v4l-subdev2
I/libexynosv4l2-subdev( 3662): node found for device s5p-mixer0: /dev/v4l-subdev2
I/libexynosv4l2-subdev( 3662): open subdev device /dev/v4l-subdev2
I/hwcomposer( 3662): PSR info devname = /sys/devices/14400000.fimd_fb/psr_info
I/hwcomposer( 3662): PSR mode is 2(0: video mode, 1: DP PSR mode, 2: MIPI-DSI command mode)
I/SurfaceFlinger( 3662): Using composer version 1.3
I/SurfaceFlinger( 3662): EGL information:
I/SurfaceFlinger( 3662): vendor    : Android
I/SurfaceFlinger( 3662): version   : 1.4 Android META-EGL
I/SurfaceFlinger( 3662): extensions: EGL_KHR_get_all_proc_addresses EGL_ANDROID_presentation_time EGL_KHR_image EGL_KHR_image_base EGL_KHR_gl_texture_2D_image EGL_KHR_gl_texture_cubemap_image EGL_KHR_gl_renderbuffer_image EGL_KHR_fence_sync EGL_KHR_create_context EGL_ANDROID_image_native_buffer EGL_KHR_wait_sync EGL_ANDROID_recordable 
I/SurfaceFlinger( 3662): Client API: OpenGL_ES
I/SurfaceFlinger( 3662): EGLSurface: 8-8-8-8, config=0xb6acf2ac
D/AndroidRuntime( 3683): 
D/AndroidRuntime( 3683): >>>>>> AndroidRuntime START com.android.internal.os.ZygoteInit <<<<<<
I/SurfaceFlinger( 3662): OpenGL ES informations:
I/SurfaceFlinger( 3662): vendor    : ARM
I/SurfaceFlinger( 3662): renderer  : Mali-T628
I/SurfaceFlinger( 3662): version   : OpenGL ES 3.0
I/SurfaceFlinger( 3662): extensions: GL_EXT_debug_marker GL_ARM_rgba8 GL_ARM_mali_shader_binary GL_OES_depth24 GL_OES_depth_texture GL_OES_depth_texture_cube_map GL_OES_packed_depth_stencil GL_OES_rgb8_rgba8 GL_EXT_read_format_bgra GL_OES_compressed_paletted_texture GL_OES_compressed_ETC1_RGB8_texture GL_OES_standard_derivatives GL_OES_EGL_image GL_OES_EGL_image_external GL_OES_EGL_sync GL_OES_texture_npot GL_OES_vertex_half_float GL_OES_required_internalformat GL_OES_vertex_array_object GL_OES_mapbuffer GL_EXT_texture_format_BGRA8888 GL_EXT_texture_rg GL_EXT_texture_type_2_10_10_10_REV GL_OES_fbo_render_mipmap GL_OES_element_index_uint GL_EXT_shadow_samplers GL_OES_texture_compression_astc GL_KHR_texture_compression_astc_ldr GL_KHR_texture_compression_astc_hdr GL_KHR_debug GL_EXT_occlusion_query_boolean GL_EXT_blend_minmax GL_EXT_discard_framebuffer GL_OES_get_program_binary GL_OES_texture_3D GL_EXT_texture_storage GL_EXT_multisampled_render_to_texture GL_OES_surfaceless_context GL_ARM_mali_program_binary 
I/SurfaceFlinger( 3662): GL_MAX_TEXTURE_SIZE = 8192
I/SurfaceFlinger( 3662): GL_MAX_VIEWPORT_DIMS = 8192
D/SurfaceFlinger( 3662): Set power mode=2, type=0 flinger=0xb6a62000
I/hwcomposer( 3662): unblank ioctl failed (display already unblanked)
D/AndroidRuntime( 3683): CheckJNI is OFF
I/art     ( 3683): option[0]=-Xzygote
I/art     ( 3683): option[1]=-Xstacktracefile:/data/anr/traces.txt
I/art     ( 3683): option[2]=exit
I/art     ( 3683): option[3]=vfprintf
I/art     ( 3683): option[4]=sensitiveThread
I/art     ( 3683): option[5]=-verbose:gc
I/art     ( 3683): option[6]=-Xms16m
I/art     ( 3683): option[7]=-Xmx512m
I/art     ( 3683): option[8]=-XX:mainThreadStackSize=24K
I/art     ( 3683): option[9]=-XX:HeapGrowthLimit=192m
I/art     ( 3683): option[10]=-XX:HeapMinFree=2m
I/art     ( 3683): option[11]=-XX:HeapMaxFree=8m
I/art     ( 3683): option[12]=-XX:HeapTargetUtilization=0.75
I/art     ( 3683): option[13]=-agentlib:jdwp=transport=dt_android_adb,suspend=n,server=y
I/art     ( 3683): option[14]=-Xlockprofthreshold:500
I/art     ( 3683): option[15]=-Ximage-compiler-option
I/art     ( 3683): option[16]=--runtime-arg
I/art     ( 3683): option[17]=-Ximage-compiler-option
I/art     ( 3683): option[18]=-Xms64m
I/art     ( 3683): option[19]=-Ximage-compiler-option
I/art     ( 3683): option[20]=--runtime-arg
I/art     ( 3683): option[21]=-Ximage-compiler-option
I/art     ( 3683): option[22]=-Xmx64m
I/art     ( 3683): option[23]=-Ximage-compiler-option
I/art     ( 3683): option[24]=--image-classes-zip=/system/framework/framework.jar
I/art     ( 3683): option[25]=-Ximage-compiler-option
I/art     ( 3683): option[26]=--image-classes=preloaded-classes
I/art     ( 3683): option[27]=-Xcompiler-option
I/art     ( 3683): option[28]=--runtime-arg
I/art     ( 3683): option[29]=-Xcompiler-option
I/art     ( 3683): option[30]=-Xms64m
I/art     ( 3683): option[31]=-Xcompiler-option
I/art     ( 3683): option[32]=--runtime-arg
I/art     ( 3683): option[33]=-Xcompiler-option
I/art     ( 3683): option[34]=-Xmx512m
I/art     ( 3683): option[35]=-Duser.language=es
I/art     ( 3683): option[36]=-Duser.region=US
I/art     ( 3683): Pruning dalvik-cache since we are generating an image and will need to recompile
I/art     ( 3683): Using an offset of 0xbad000 from default art base address of 0x70000000
I/art     ( 3683): GenerateImage: /system/bin/dex2oat --image=/data/dalvik-cache/arm/system@framework@boot.art --dex-file=/system/framework/core-libart.jar --dex-file=/system/framework/conscrypt.jar --dex-file=/system/framework/okhttp.jar --dex-file=/system/framework/core-junit.jar --dex-file=/system/framework/bouncycastle.jar --dex-file=/system/framework/ext.jar --dex-file=/system/framework/framework.jar --dex-file=/system/framework/telephony-common.jar --dex-file=/system/framework/voip-common.jar --dex-file=/system/framework/ims-common.jar --dex-file=/system/framework/mms-common.jar --dex-file=/system/framework/android.policy.jar --dex-file=/system/framework/apache-xml.jar --oat-file=/data/dalvik-cache/arm/system@framework@boot.oat --instruction-set=arm --instruction-set-features=div --base=0x70bad000 --runtime-arg -Xms64m --runtime-arg -Xmx64m --image-classes-zip=/system/framework/framework.jar --image-classes=preloaded-classes
I/dex2oat ( 3840): /system/bin/dex2oat --image=/data/dalvik-cache/arm/system@framework@boot.art --dex-file=/system/framework/core-libart.jar --dex-file=/system/framework/conscrypt.jar --dex-file=/system/framework/okhttp.jar --dex-file=/system/framework/core-junit.jar --dex-file=/system/framework/bouncycastle.jar --dex-file=/system/framework/ext.jar --dex-file=/system/framework/framework.jar --dex-file=/system/framework/telephony-common.jar --dex-file=/system/framework/voip-common.jar --dex-file=/system/framework/ims-common.jar --dex-file=/system/framework/mms-common.jar --dex-file=/system/framework/android.policy.jar --dex-file=/system/framework/apache-xml.jar --oat-file=/data/dalvik-cache/arm/system@framework@boot.oat --instruction-set=arm --instruction-set-features=div --base=0x70bad000 --runtime-arg -Xms64m --runtime-arg -Xmx64m --image-classes-zip=/system/framework/framework.jar --image-classes=preloaded-classes
D/SurfaceFlinger( 3662): SF. shader cache generated - 26 shaders in 80.404999 ms
D/libEGL  ( 3835): loaded /vendor/lib/egl/libGLES_mali.so
I/        ( 3835): PLATFORM VERSION : JB-MR-2
E/BootAnimation( 3835): couldn't find audio_conf.txt
D/BootAnimation( 3835): Use save memory method, maybe small fps in actual.
D/wrapperGPS( 3677): wrapperConnect_RILD
V/NatController( 3670): runCmd(/system/bin/iptables -F natctrl_FORWARD) res=0
V/NatController( 3670): runCmd(/system/bin/iptables -A natctrl_FORWARD -j DROP) res=0
V/NatController( 3670): runCmd(/system/bin/iptables -t nat -F natctrl_nat_POSTROUTING) res=0
V/NatController( 3670): runCmd(/system/bin/iptables -t nat -F natctrl_nat_PREROUTING) res=0
V/NatController( 3670): runCmd(/system/bin/iptables -F natctrl_tether_counters) res=1
V/NatController( 3670): runCmd(/system/bin/iptables -X natctrl_tether_counters) res=1
V/NatController( 3670): runCmd(/system/bin/iptables -N natctrl_tether_counters) res=0
V/NatController( 3670): runCmd(/system/bin/iptables -t mangle -A natctrl_mangle_FORWARD -p tcp --tcp-flags SYN SYN -j TCPMSS --clamp-mss-to-pmtu) res=0
D/wrapperGPS( 3677): wrapperConnect_RILD
D/MDnsDS  ( 3670): MDnsSdListener::Hander starting up
D/MDnsDS  ( 3670): MDnsSdListener starting to monitor
D/MDnsDS  ( 3670): Going to poll with pollCount 1
D/wrapperGPS( 3677): wrapperConnect_RILD
D/BootAnimation( 3835): Use save memory method, maybe small fps in actual.
D/wrapperGPS( 3677): wrapperConnect_RILD
D/wrapperGPS( 3677): wrapperConnect_RILD
D/wrapperGPS( 3677): wrapperConnect_RILD
D/wrapperGPS( 3677): wrapperConnect_RILD
W/SurfaceFlinger( 3662): Ignoring duplicate VSYNC event from HWC (t=13730183251)
I/dex2oat ( 3840): Explicit concurrent mark sweep GC freed 49804(7MB) AllocSpace objects, 0(0B) LOS objects, 14% free, 24MB/28MB, paused 178us total 95.513ms
D/wrapperGPS( 3677): wrapperConnect_RILD
D/wrapperGPS( 3677): wrapperConnect_RILD
D/wrapperGPS( 3677): wrapperConnect_RILD
I/dex2oat ( 3840): Method exceeds compiler instruction limit: 21296 in void org.ccil.cowan.tagsoup.HTMLSchema.<init>()
W/dex2oat ( 3840): Compilation of boolean android.app.ActivityManagerNative.onTransact(int, android.os.Parcel, android.os.Parcel, int) took 111.829ms
D/wrapperGPS( 3677): wrapperConnect_RILD
D/wrapperGPS( 3677): wrapperConnect_RILD
D/wrapperGPS( 3677): wrapperConnect_RILD
D/wrapperGPS( 3677): wrapperConnect_RILD
D/wrapperGPS( 3677): wrapperConnect_RILD
D/wrapperGPS( 3677): wrapperConnect_RILD
D/wrapperGPS( 3677): wrapperConnect_RILD
D/wrapperGPS( 3677): wrapperConnect_RILD
D/wrapperGPS( 3677): wrapperConnect_RILD
I/dex2oat ( 3840): Explicit concurrent mark sweep GC freed 193256(15MB) AllocSpace objects, 0(0B) LOS objects, 23% free, 12MB/16MB, paused 329us total 62.162ms
D/wrapperGPS( 3677): wrapperConnect_RILD
I/dex2oat ( 3840): dex2oat took 19.455s (threads: 8)
D/wrapperGPS( 3677): wrapperConnect_RILD
E/memtrack( 3683): Couldn't load memtrack module (No such file or directory)
E/android.os.Debug( 3683): failed to load memtrack module: -2
I/SamplingProfilerIntegration( 3683): Profiling disabled.
D/Zygote  ( 3683): begin preload
I/Zygote  ( 3683): Preloading classes...
I/art     ( 3683): Explicit concurrent mark sweep GC freed 1001(56KB) AllocSpace objects, 0(0B) LOS objects, 98% free, 71KB/4MB, paused 127us total 4.577ms
I/art     ( 3683): Counter: 1
E/Minikin ( 3683): addFont failed to create font /system/fonts/NotoSansGujarati-Regular.ttf
E/Minikin ( 3683): addFont failed to create font /system/fonts/NotoSansGujarati-Bold.ttf
E/Minikin ( 3683): addFont failed to create font /system/fonts/NotoSansGujaratiUI-Regular.ttf
E/Minikin ( 3683): addFont failed to create font /system/fonts/NotoSansGujaratiUI-Bold.ttf
E/Minikin ( 3683): addFont failed to create font /system/fonts/NotoSansGurmukhi-Regular.ttf
E/Minikin ( 3683): addFont failed to create font /system/fonts/NotoSansGurmukhi-Bold.ttf
E/Minikin ( 3683): addFont failed to create font /system/fonts/NotoSansGurmukhiUI-Regular.ttf
E/Minikin ( 3683): addFont failed to create font /system/fonts/NotoSansGurmukhiUI-Bold.ttf
E/Minikin ( 3683): addFont failed to create font /system/fonts/NotoSansSinhala-Regular.ttf
E/Minikin ( 3683): addFont failed to create font /system/fonts/NotoSansSinhala-Bold.ttf
E/Minikin ( 3683): addFont failed to create font /system/fonts/NotoSansCherokee-Regular.ttf
E/Minikin ( 3683): addFont failed to create font /system/fonts/NotoSansCanadianAboriginal-Regular.ttf
E/Minikin ( 3683): addFont failed to create font /system/fonts/NotoSansYi-Regular.ttf
E/Minikin ( 3683): addFont failed to create font /system/fonts/NotoSansHans-Regular.otf
E/Minikin ( 3683): addFont failed to create font /system/fonts/NotoSansHant-Regular.otf
E/Minikin ( 3683): addFont failed to create font /system/fonts/NotoSansJP-Regular.otf
E/Minikin ( 3683): addFont failed to create font /system/fonts/NotoSansKR-Regular.otf
D/wrapperGPS( 3677): wrapperConnect_RILD
I/art     ( 3683): Thread[1,tid=3683,WaitingForJniOnLoad,Thread*=0xb5007800,peer=0x12c33140,"main"] recursive attempt to load library "/system/lib/libmedia_jni.so"
D/MtpDeviceJNI( 3683): register_android_mtp_MtpDevice
I/art     ( 3683): Thread[1,tid=3683,WaitingForJniOnLoad,Thread*=0xb5007800,peer=0x12c33140,"main"] recursive attempt to load library "/system/lib/libmedia_jni.so"
I/art     ( 3683): Thread[1,tid=3683,WaitingForJniOnLoad,Thread*=0xb5007800,peer=0x12c33140,"main"] recursive attempt to load library "/system/lib/libmedia_jni.so"
I/System  ( 3683): Loaded time zone names for "" in 46ms (42ms in ICU)
I/System  ( 3683): Loaded time zone names for "en_US" in 31ms (26ms in ICU)
I/System  ( 3683): Loaded time zone names for "es_US" in 36ms (30ms in ICU)
I/art     ( 3683): Explicit concurrent mark sweep GC freed 32378(1963KB) AllocSpace objects, 0(0B) LOS objects, 71% free, 1613KB/5MB, paused 140us total 14.037ms
I/Zygote  ( 3683): ...preloaded 3005 classes in 797ms.
I/art     ( 3683): VMRuntime.preloadDexCaches starting
I/art     ( 3683): VMRuntime.preloadDexCaches strings total=217316 before=40338 after=40338
I/art     ( 3683): VMRuntime.preloadDexCaches types total=18704 before=6337 after=6380
I/art     ( 3683): VMRuntime.preloadDexCaches fields total=87408 before=32543 after=32871
I/art     ( 3683): VMRuntime.preloadDexCaches methods total=154031 before=66779 after=67657
I/art     ( 3683): VMRuntime.preloadDexCaches finished
I/art     ( 3683): Counter: 0
I/art     ( 3683): Counter: 1
I/art     ( 3683): Explicit concurrent mark sweep GC freed 175(20KB) AllocSpace objects, 0(0B) LOS objects, 71% free, 1594KB/5MB, paused 141us total 7.812ms
D/idmap   ( 4116): error: no read access to /vendor/overlay: No such file or directory
I/Zygote  ( 3683): Preloading resources...
I/art     ( 3683): Explicit concurrent mark sweep GC freed 4495(158KB) AllocSpace objects, 0(0B) LOS objects, 40% free, 16MB/28MB, paused 268us total 10.993ms
I/Zygote  ( 3683): ...preloaded 430 resources in 409ms.
D/wrapperGPS( 3677): wrapperConnect_RILD
I/art     ( 3683): Explicit concurrent mark sweep GC freed 548(31KB) AllocSpace objects, 0(0B) LOS objects, 40% free, 16MB/28MB, paused 235us total 9.561ms
I/Zygote  ( 3683): ...preloaded 41 resources in 20ms.
I/art     ( 3683): Counter: 0
D/libEGL  ( 3683): loaded /vendor/lib/egl/libGLES_mali.so
I/Zygote  ( 3683): Preloading shared libraries...
D/Zygote  ( 3683): end preload
I/art     ( 3683): Explicit concurrent mark sweep GC freed 461(21KB) AllocSpace objects, 0(0B) LOS objects, 40% free, 16MB/28MB, paused 327us total 9.970ms
I/art     ( 3683): Explicit concurrent mark sweep GC freed 41(1568B) AllocSpace objects, 0(0B) LOS objects, 40% free, 16MB/28MB, paused 215us total 9.287ms
I/art     ( 3683): Explicit concurrent mark sweep GC freed 5(160B) AllocSpace objects, 0(0B) LOS objects, 40% free, 16MB/28MB, paused 227us total 9.270ms
I/Zygote  ( 3683): System server process 4117 has been created
I/Zygote  ( 3683): Accepting command socket connections
I/art     ( 4117): DexFile_isDexOptNeeded failed to open oat file '/data/dalvik-cache/arm/system@framework@org.cyanogenmod.hardware.jar@classes.dex' for file location '/system/framework/org.cyanogenmod.hardware.jar': Failed to open oat filename for reading: No such file or directory
I/art     ( 4117): DexFile_isDexOptNeeded failed to open oat file '/system/framework/arm/org.cyanogenmod.hardware.odex' for file location '/system/framework/org.cyanogenmod.hardware.jar': Failed to open oat filename for reading: No such file or directory
I/InstallerConnection( 4117): connecting...
I/installd( 3675): new connection
I/dex2oat ( 4137): /system/bin/dex2oat --zip-fd=5 --zip-location=/system/framework/org.cyanogenmod.hardware.jar --oat-fd=6 --oat-location=/data/dalvik-cache/arm/system@framework@org.cyanogenmod.hardware.jar@classes.dex --instruction-set=arm --instruction-set-features=div --runtime-arg -Xms64m --runtime-arg -Xmx512m
I/dex2oat ( 4137): dex2oat took 45.620ms (threads: 8)
I/art     ( 4117): DexFile_isDexOptNeeded failed to open oat file '/data/dalvik-cache/arm/system@framework@services.jar@classes.dex' for file location '/system/framework/services.jar': Failed to open oat filename for reading: No such file or directory
I/art     ( 4117): DexFile_isDexOptNeeded failed to open oat file '/system/framework/arm/services.odex' for file location '/system/framework/services.jar': Failed to open oat filename for reading: No such file or directory
I/dex2oat ( 4146): /system/bin/dex2oat --zip-fd=5 --zip-location=/system/framework/services.jar --oat-fd=6 --oat-location=/data/dalvik-cache/arm/system@framework@services.jar@classes.dex --instruction-set=arm --instruction-set-features=div --runtime-arg -Xms64m --runtime-arg -Xmx512m
D/wrapperGPS( 3677): wrapperConnect_RILD
D/wrapperGPS( 3677): wrapperCloseClient_RILD
W/dex2oat ( 4146): Compilation of android.content.pm.PackageParser$Package com.android.server.pm.PackageManagerService.scanPackageDirtyLI(android.content.pm.PackageParser$Package, int, int, long, android.os.UserHandle) took 150.240ms
I/dex2oat ( 4146): dex2oat took 3.496s (threads: 8)
I/art     ( 4117): DexFile_isDexOptNeeded failed to open oat file '/data/dalvik-cache/arm/system@framework@ethernet-service.jar@classes.dex' for file location '/system/framework/ethernet-service.jar': Failed to open oat filename for reading: No such file or directory
I/art     ( 4117): DexFile_isDexOptNeeded failed to open oat file '/system/framework/arm/ethernet-service.odex' for file location '/system/framework/ethernet-service.jar': Failed to open oat filename for reading: No such file or directory
I/dex2oat ( 4156): /system/bin/dex2oat --zip-fd=5 --zip-location=/system/framework/ethernet-service.jar --oat-fd=6 --oat-location=/data/dalvik-cache/arm/system@framework@ethernet-service.jar@classes.dex --instruction-set=arm --instruction-set-features=div --runtime-arg -Xms64m --runtime-arg -Xmx512m
I/dex2oat ( 4156): dex2oat took 49.749ms (threads: 8)
I/art     ( 4117): DexFile_isDexOptNeeded failed to open oat file '/data/dalvik-cache/arm/system@framework@wifi-service.jar@classes.dex' for file location '/system/framework/wifi-service.jar': Failed to open oat filename for reading: No such file or directory
I/art     ( 4117): DexFile_isDexOptNeeded failed to open oat file '/system/framework/arm/wifi-service.odex' for file location '/system/framework/wifi-service.jar': Failed to open oat filename for reading: No such file or directory
I/dex2oat ( 4165): /system/bin/dex2oat --zip-fd=5 --zip-location=/system/framework/wifi-service.jar --oat-fd=6 --oat-location=/data/dalvik-cache/arm/system@framework@wifi-service.jar@classes.dex --instruction-set=arm --instruction-set-features=div --runtime-arg -Xms64m --runtime-arg -Xmx512m
I/dex2oat ( 4165): dex2oat took 618.564ms (threads: 8)
I/InstallerConnection( 4117): disconnecting...
E/installd( 3675): eof
E/installd( 3675): failed to read size
I/installd( 3675): closing connection
I/SystemServer( 4117): Entered the Android system server!
V/Fingerprint-JNI( 4117): FingerprintManager JNI ready.
I/        ( 4117): System server: starting sensor init.
D/SensorService( 4117): nuSensorService starting...
I/SystemServiceManager( 4117): Starting com.android.server.pm.Installer
I/Installer( 4117): Waiting for installd to be ready.
I/InstallerConnection( 4117): connecting...
E/Sensors ( 4117): GeoMagneticSensor, ERROR dev_num = -19
I/installd( 3675): new connection
I/SystemServiceManager( 4117): Starting com.android.server.am.ActivityManagerService$Lifecycle
E/Sensors ( 4117): UncalMagneticSensor, ERROR dev_num = -19
E/Sensors ( 4117): UncalGyroSensor, ERROR dev_num = -19
E/Sensors ( 4117): GameRotationVector, ERROR dev_num = -19
D/Sensors ( 4117): HrmSpO2Sensor::HrmSpO2Sensor: Shared version Registered 
E/SensorService( 4117): >>>> WARNING <<< Upgrade sensor HAL to version 1_3
I/Sensors ( 4117): HrmSpO2Sensor::enable, handle(16), en(0), what(1/0:aosphrm,1:sshrm, old enabled : 0)
I/Sensors ( 4117): HrmSpO2Sensor is already disabled or have to keep enabled, mEnabled : 0x0, en : 0
I/Sensors ( 4117): HrmSpO2Sensor::enable, handle(17), en(0), what(0/0:aosphrm,1:sshrm, old enabled : 0)
I/Sensors ( 4117): HrmSpO2Sensor is already disabled or have to keep enabled, mEnabled : 0x0, en : 0
I/Sensors ( 4117): HrmSpO2Sensor::enable, handle(18), en(0), what(2/0:aosphrm,1:sshrm, old enabled : 0)
I/Sensors ( 4117): HrmSpO2Sensor is already disabled or have to keep enabled, mEnabled : 0x0, en : 0
I/        ( 4117): System server: sensor init done.
D/SensorService( 4117): nuSensorService thread starting...
D/SensorService( 4117): new thread SensorEventAckReceiver
I/ActivityManager( 4117): Memory class: 192
I/ServiceThread( 4117): Enabled StrictMode logging for ActivityManager looper.
I/IntentFirewall( 4117): Read new rules (A:0 B:0 S:0)
I/ServiceThread( 4117): Enabled StrictMode logging for android.ui looper.
I/ServiceThread( 4117): Enabled StrictMode logging for android.display looper.
D/AppOps  ( 4117): AppOpsService published
I/SystemServiceManager( 4117): Starting com.android.server.power.PowerManagerService
I/ServiceThread( 4117): Enabled StrictMode logging for PowerManagerService looper.
E/Universal5422 PowerHAL( 4117): Error opening /sys/devices/system/cpu/cpufreq/interactive/timer_rate: No such file or directory
E/Universal5422 PowerHAL( 4117): Error opening /sys/devices/system/cpu/cpufreq/interactive/timer_slack: No such file or directory
E/Universal5422 PowerHAL( 4117): Error opening /sys/devices/system/cpu/cpufreq/interactive/min_sample_time: No such file or directory
E/Universal5422 PowerHAL( 4117): Error opening /sys/devices/system/cpu/cpufreq/interactive/hispeed_freq: No such file or directory
E/Universal5422 PowerHAL( 4117): Error opening /sys/devices/system/cpu/cpufreq/interactive/go_hispeed_load: No such file or directory
E/Universal5422 PowerHAL( 4117): Error opening /sys/devices/system/cpu/cpufreq/interactive/target_loads: No such file or directory
E/Universal5422 PowerHAL( 4117): Error opening /sys/devices/system/cpu/cpufreq/interactive/above_hispeed_delay: No such file or directory
E/Universal5422 PowerHAL( 4117): Error opening /sys/devices/system/cpu/cpufreq/interactive/boostpulse_duration: No such file or directory
E/Universal5422 PowerHAL( 4117): Error opening /sys/devices/system/cpu/cpufreq/interactive/io_is_busy: No such file or directory
W/libsuspend( 4117): Error writing 'on' to /sys/power/state: Invalid argument
I/libsuspend( 4117): Selected wakeup count
E/Universal5422 PowerHAL( 4117): Error opening /sys/class/input/input1/enabled: Permission denied
E/Universal5422 PowerHAL( 4117): Error opening /sys/class/input/input19/enabled: Permission denied
E/Universal5422 PowerHAL( 4117): Error opening /sys/class/input/input17/enabled: Permission denied
E/Universal5422 PowerHAL( 4117): Error opening /sys/class/input/input18/enabled: Permission denied
I/SystemServiceManager( 4117): Starting com.android.server.display.DisplayManagerService
I/SystemServiceManager( 4117): Starting phase 100
I/DisplayManagerService( 4117): Display device added: DisplayDeviceInfo{"Pantalla integrada": 1080 x 1920, 60.000004 fps, supportedRefreshRates [60.000004], density 480, 422.03 x 424.069 dpi, appVsyncOff 0, presDeadline 17666666, touch INTERNAL, rotation 0, type BUILT_IN, state UNKNOWN, FLAG_DEFAULT_DISPLAY, FLAG_ROTATES_WITH_CONTENT, FLAG_SECURE, FLAG_SUPPORTS_PROTECTED_BUFFERS}
I/SystemServer( 4117): Package Manager
W/SELinuxMMAC( 4117): Error opening /data/system/seapp_hash. Assuming first boot.
W/PackageManager( 4117): No security bridge jar found, using default
W/SystemConfig( 4117): No directory /system/etc/sysconfig, skipping
D/SELinuxMMAC( 4117): Using policy file /system/etc/security/mac_permissions.xml
I/art     ( 4117): DexFile_isDexOptNeeded failed to open oat file '/data/dalvik-cache/arm/system@framework@android.test.runner.jar@classes.dex' for file location '/system/framework/android.test.runner.jar': Failed to open oat filename for reading: No such file or directory
I/art     ( 4117): DexFile_isDexOptNeeded failed to open oat file '/system/framework/arm/android.test.runner.odex' for file location '/system/framework/android.test.runner.jar': Failed to open oat filename for reading: No such file or directory
I/dex2oat ( 4191): /system/bin/dex2oat --zip-fd=5 --zip-location=/system/framework/android.test.runner.jar --oat-fd=6 --oat-location=/data/dalvik-cache/arm/system@framework@android.test.runner.jar@classes.dex --instruction-set=arm --instruction-set-features=div --runtime-arg -Xms64m --runtime-arg -Xmx512m
I/dex2oat ( 4191): dex2oat took 163.698ms (threads: 8)
I/art     ( 4117): DexFile_isDexOptNeeded failed to open oat file '/data/dalvik-cache/arm/system@framework@com.android.future.usb.accessory.jar@classes.dex' for file location '/system/framework/com.android.future.usb.accessory.jar': Failed to open oat filename for reading: No such file or directory
I/art     ( 4117): DexFile_isDexOptNeeded failed to open oat file '/system/framework/arm/com.android.future.usb.accessory.odex' for file location '/system/framework/com.android.future.usb.accessory.jar': Failed to open oat filename for reading: No such file or directory
I/dex2oat ( 4200): /system/bin/dex2oat --zip-fd=5 --zip-location=/system/framework/com.android.future.usb.accessory.jar --oat-fd=6 --oat-location=/data/dalvik-cache/arm/system@framework@com.android.future.usb.accessory.jar@classes.dex --instruction-set=arm --instruction-set-features=div --runtime-arg -Xms64m --runtime-arg -Xmx512m
I/dex2oat ( 4200): dex2oat took 50.014ms (threads: 8)
I/art     ( 4117): DexFile_isDexOptNeeded failed to open oat file '/data/dalvik-cache/arm/system@framework@com.android.media.remotedisplay.jar@classes.dex' for file location '/system/framework/com.android.media.remotedisplay.jar': Failed to open oat filename for reading: No such file or directory
I/art     ( 4117): DexFile_isDexOptNeeded failed to open oat file '/system/framework/arm/com.android.media.remotedisplay.odex' for file location '/system/framework/com.android.media.remotedisplay.jar': Failed to open oat filename for reading: No such file or directory
I/dex2oat ( 4209): /system/bin/dex2oat --zip-fd=5 --zip-location=/system/framework/com.android.media.remotedisplay.jar --oat-fd=6 --oat-location=/data/dalvik-cache/arm/system@framework@com.android.media.remotedisplay.jar@classes.dex --instruction-set=arm --instruction-set-features=div --runtime-arg -Xms64m --runtime-arg -Xmx512m
I/dex2oat ( 4209): dex2oat took 48.048ms (threads: 8)
I/art     ( 4117): DexFile_isDexOptNeeded failed to open oat file '/data/dalvik-cache/arm/system@framework@com.android.location.provider.jar@classes.dex' for file location '/system/framework/com.android.location.provider.jar': Failed to open oat filename for reading: No such file or directory
I/art     ( 4117): DexFile_isDexOptNeeded failed to open oat file '/system/framework/arm/com.android.location.provider.odex' for file location '/system/framework/com.android.location.provider.jar': Failed to open oat filename for reading: No such file or directory
I/dex2oat ( 4218): /system/bin/dex2oat --zip-fd=5 --zip-location=/system/framework/com.android.location.provider.jar --oat-fd=6 --oat-location=/data/dalvik-cache/arm/system@framework@com.android.location.provider.jar@classes.dex --instruction-set=arm --instruction-set-features=div --runtime-arg -Xms64m --runtime-arg -Xmx512m
I/dex2oat ( 4218): dex2oat took 52.641ms (threads: 8)
I/art     ( 4117): DexFile_isDexOptNeeded failed to open oat file '/data/dalvik-cache/arm/system@framework@javax.obex.jar@classes.dex' for file location '/system/framework/javax.obex.jar': Failed to open oat filename for reading: No such file or directory
I/art     ( 4117): DexFile_isDexOptNeeded failed to open oat file '/system/framework/arm/javax.obex.odex' for file location '/system/framework/javax.obex.jar': Failed to open oat filename for reading: No such file or directory
I/dex2oat ( 4227): /system/bin/dex2oat --zip-fd=5 --zip-location=/system/framework/javax.obex.jar --oat-fd=6 --oat-location=/data/dalvik-cache/arm/system@framework@javax.obex.jar@classes.dex --instruction-set=arm --instruction-set-features=div --runtime-arg -Xms64m --runtime-arg -Xmx512m
I/dex2oat ( 4227): dex2oat took 81.888ms (threads: 8)
E/art     ( 4117): DexFile_isDexOptNeeded file '/system/framework/com.android.nfc_extras.jar' does not exist
W/PackageManager( 4117): Library not found: /system/framework/com.android.nfc_extras.jar
I/art     ( 4117): DexFile_isDexOptNeeded failed to open oat file '/data/dalvik-cache/arm/system@framework@com.android.mediadrm.signer.jar@classes.dex' for file location '/system/framework/com.android.mediadrm.signer.jar': Failed to open oat filename for reading: No such file or directory
I/art     ( 4117): DexFile_isDexOptNeeded failed to open oat file '/system/framework/arm/com.android.mediadrm.signer.odex' for file location '/system/framework/com.android.mediadrm.signer.jar': Failed to open oat filename for reading: No such file or directory
I/dex2oat ( 4236): /system/bin/dex2oat --zip-fd=5 --zip-location=/system/framework/com.android.mediadrm.signer.jar --oat-fd=6 --oat-location=/data/dalvik-cache/arm/system@framework@com.android.mediadrm.signer.jar@classes.dex --instruction-set=arm --instruction-set-features=div --runtime-arg -Xms64m --runtime-arg -Xmx512m
I/dex2oat ( 4236): dex2oat took 42.534ms (threads: 8)
I/art     ( 4117): DexFile_isDexOptNeeded failed to open oat file '/data/dalvik-cache/arm/system@framework@javax.btobex.jar@classes.dex' for file location '/system/framework/javax.btobex.jar': Failed to open oat filename for reading: No such file or directory
I/art     ( 4117): DexFile_isDexOptNeeded failed to open oat file '/system/framework/arm/javax.btobex.odex' for file location '/system/framework/javax.btobex.jar': Failed to open oat filename for reading: No such file or directory
I/dex2oat ( 4247): /system/bin/dex2oat --zip-fd=5 --zip-location=/system/framework/javax.btobex.jar --oat-fd=6 --oat-location=/data/dalvik-cache/arm/system@framework@javax.btobex.jar@classes.dex --instruction-set=arm --instruction-set-features=div --runtime-arg -Xms64m --runtime-arg -Xmx512m
I/dex2oat ( 4247): dex2oat took 97.320ms (threads: 8)
I/art     ( 4117): DexFile_isDexOptNeeded failed to open oat file '/data/dalvik-cache/arm/system@framework@am.jar@classes.dex' for file location '/system/framework/am.jar': Failed to open oat filename for reading: No such file or directory
I/art     ( 4117): DexFile_isDexOptNeeded failed to open oat file '/system/framework/arm/am.odex' for file location '/system/framework/am.jar': Failed to open oat filename for reading: No such file or directory
I/dex2oat ( 4256): /system/bin/dex2oat --zip-fd=5 --zip-location=/system/framework/am.jar --oat-fd=6 --oat-location=/data/dalvik-cache/arm/system@framework@am.jar@classes.dex --instruction-set=arm --instruction-set-features=div --runtime-arg -Xms64m --runtime-arg -Xmx512m
I/dex2oat ( 4256): dex2oat took 91.053ms (threads: 8)
I/art     ( 4117): DexFile_isDexOptNeeded failed to open oat file '/data/dalvik-cache/arm/system@framework@appops.jar@classes.dex' for file location '/system/framework/appops.jar': Failed to open oat filename for reading: No such file or directory
I/art     ( 4117): DexFile_isDexOptNeeded failed to open oat file '/system/framework/arm/appops.odex' for file location '/system/framework/appops.jar': Failed to open oat filename for reading: No such file or directory
I/dex2oat ( 4265): /system/bin/dex2oat --zip-fd=5 --zip-location=/system/framework/appops.jar --oat-fd=6 --oat-location=/data/dalvik-cache/arm/system@framework@appops.jar@classes.dex --instruction-set=arm --instruction-set-features=div --runtime-arg -Xms64m --runtime-arg -Xmx512m
I/dex2oat ( 4265): dex2oat took 42.081ms (threads: 8)
I/art     ( 4117): DexFile_isDexOptNeeded failed to open oat file '/data/dalvik-cache/arm/system@framework@appwidget.jar@classes.dex' for file location '/system/framework/appwidget.jar': Failed to open oat filename for reading: No such file or directory
I/art     ( 4117): DexFile_isDexOptNeeded failed to open oat file '/system/framework/arm/appwidget.odex' for file location '/system/framework/appwidget.jar': Failed to open oat filename for reading: No such file or directory
I/dex2oat ( 4274): /system/bin/dex2oat --zip-fd=5 --zip-location=/system/framework/appwidget.jar --oat-fd=6 --oat-location=/data/dalvik-cache/arm/system@framework@appwidget.jar@classes.dex --instruction-set=arm --instruction-set-features=div --runtime-arg -Xms64m --runtime-arg -Xmx512m
I/dex2oat ( 4274): dex2oat took 42.090ms (threads: 8)
I/art     ( 4117): DexFile_isDexOptNeeded failed to open oat file '/data/dalvik-cache/arm/system@framework@bmgr.jar@classes.dex' for file location '/system/framework/bmgr.jar': Failed to open oat filename for reading: No such file or directory
I/art     ( 4117): DexFile_isDexOptNeeded failed to open oat file '/system/framework/arm/bmgr.odex' for file location '/system/framework/bmgr.jar': Failed to open oat filename for reading: No such file or directory
I/dex2oat ( 4283): /system/bin/dex2oat --zip-fd=5 --zip-location=/system/framework/bmgr.jar --oat-fd=6 --oat-location=/data/dalvik-cache/arm/system@framework@bmgr.jar@classes.dex --instruction-set=arm --instruction-set-features=div --runtime-arg -Xms64m --runtime-arg -Xmx512m
I/dex2oat ( 4283): dex2oat took 52.024ms (threads: 8)
I/art     ( 4117): DexFile_isDexOptNeeded failed to open oat file '/data/dalvik-cache/arm/system@framework@bu.jar@classes.dex' for file location '/system/framework/bu.jar': Failed to open oat filename for reading: No such file or directory
I/art     ( 4117): DexFile_isDexOptNeeded failed to open oat file '/system/framework/arm/bu.odex' for file location '/system/framework/bu.jar': Failed to open oat filename for reading: No such file or directory
I/dex2oat ( 4292): /system/bin/dex2oat --zip-fd=5 --zip-location=/system/framework/bu.jar --oat-fd=6 --oat-location=/data/dalvik-cache/arm/system@framework@bu.jar@classes.dex --instruction-set=arm --instruction-set-features=div --runtime-arg -Xms64m --runtime-arg -Xmx512m
I/dex2oat ( 4292): dex2oat took 45.332ms (threads: 8)
I/art     ( 4117): DexFile_isDexOptNeeded failed to open oat file '/data/dalvik-cache/arm/system@framework@content.jar@classes.dex' for file location '/system/framework/content.jar': Failed to open oat filename for reading: No such file or directory
I/art     ( 4117): DexFile_isDexOptNeeded failed to open oat file '/system/framework/arm/content.odex' for file location '/system/framework/content.jar': Failed to open oat filename for reading: No such file or directory
I/dex2oat ( 4301): /system/bin/dex2oat --zip-fd=5 --zip-location=/system/framework/content.jar --oat-fd=6 --oat-location=/data/dalvik-cache/arm/system@framework@content.jar@classes.dex --instruction-set=arm --instruction-set-features=div --runtime-arg -Xms64m --runtime-arg -Xmx512m
I/dex2oat ( 4301): dex2oat took 52.414ms (threads: 8)
I/art     ( 4117): DexFile_isDexOptNeeded failed to open oat file '/data/dalvik-cache/arm/system@framework@dpm.jar@classes.dex' for file location '/system/framework/dpm.jar': Failed to open oat filename for reading: No such file or directory
I/art     ( 4117): DexFile_isDexOptNeeded failed to open oat file '/system/framework/arm/dpm.odex' for file location '/system/framework/dpm.jar': Failed to open oat filename for reading: No such file or directory
I/dex2oat ( 4310): /system/bin/dex2oat --zip-fd=5 --zip-location=/system/framework/dpm.jar --oat-fd=6 --oat-location=/data/dalvik-cache/arm/system@framework@dpm.jar@classes.dex --instruction-set=arm --instruction-set-features=div --runtime-arg -Xms64m --runtime-arg -Xmx512m
I/dex2oat ( 4310): dex2oat took 44.461ms (threads: 8)
I/art     ( 4117): DexFile_isDexOptNeeded failed to open oat file '/data/dalvik-cache/arm/system@framework@ime.jar@classes.dex' for file location '/system/framework/ime.jar': Failed to open oat filename for reading: No such file or directory
I/art     ( 4117): DexFile_isDexOptNeeded failed to open oat file '/system/framework/arm/ime.odex' for file location '/system/framework/ime.jar': Failed to open oat filename for reading: No such file or directory
I/dex2oat ( 4319): /system/bin/dex2oat --zip-fd=5 --zip-location=/system/framework/ime.jar --oat-fd=6 --oat-location=/data/dalvik-cache/arm/system@framework@ime.jar@classes.dex --instruction-set=arm --instruction-set-features=div --runtime-arg -Xms64m --runtime-arg -Xmx512m
I/dex2oat ( 4319): dex2oat took 47.465ms (threads: 8)
I/art     ( 4117): DexFile_isDexOptNeeded failed to open oat file '/data/dalvik-cache/arm/system@framework@input.jar@classes.dex' for file location '/system/framework/input.jar': Failed to open oat filename for reading: No such file or directory
I/art     ( 4117): DexFile_isDexOptNeeded failed to open oat file '/system/framework/arm/input.odex' for file location '/system/framework/input.jar': Failed to open oat filename for reading: No such file or directory
I/dex2oat ( 4328): /system/bin/dex2oat --zip-fd=5 --zip-location=/system/framework/input.jar --oat-fd=6 --oat-location=/data/dalvik-cache/arm/system@framework@input.jar@classes.dex --instruction-set=arm --instruction-set-features=div --runtime-arg -Xms64m --runtime-arg -Xmx512m
I/dex2oat ( 4328): dex2oat took 48.589ms (threads: 8)
I/art     ( 4117): DexFile_isDexOptNeeded failed to open oat file '/data/dalvik-cache/arm/system@framework@media_cmd.jar@classes.dex' for file location '/system/framework/media_cmd.jar': Failed to open oat filename for reading: No such file or directory
I/art     ( 4117): DexFile_isDexOptNeeded failed to open oat file '/system/framework/arm/media_cmd.odex' for file location '/system/framework/media_cmd.jar': Failed to open oat filename for reading: No such file or directory
I/dex2oat ( 4337): /system/bin/dex2oat --zip-fd=5 --zip-location=/system/framework/media_cmd.jar --oat-fd=6 --oat-location=/data/dalvik-cache/arm/system@framework@media_cmd.jar@classes.dex --instruction-set=arm --instruction-set-features=div --runtime-arg -Xms64m --runtime-arg -Xmx512m
I/dex2oat ( 4337): dex2oat took 49.557ms (threads: 8)
I/art     ( 4117): DexFile_isDexOptNeeded failed to open oat file '/data/dalvik-cache/arm/system@framework@monkey.jar@classes.dex' for file location '/system/framework/monkey.jar': Failed to open oat filename for reading: No such file or directory
I/art     ( 4117): DexFile_isDexOptNeeded failed to open oat file '/system/framework/arm/monkey.odex' for file location '/system/framework/monkey.jar': Failed to open oat filename for reading: No such file or directory
I/dex2oat ( 4347): /system/bin/dex2oat --zip-fd=5 --zip-location=/system/framework/monkey.jar --oat-fd=6 --oat-location=/data/dalvik-cache/arm/system@framework@monkey.jar@classes.dex --instruction-set=arm --instruction-set-features=div --runtime-arg -Xms64m --runtime-arg -Xmx512m
I/dex2oat ( 4347): dex2oat took 141.160ms (threads: 8)
I/art     ( 4117): DexFile_isDexOptNeeded failed to open oat file '/data/dalvik-cache/arm/system@framework@pm.jar@classes.dex' for file location '/system/framework/pm.jar': Failed to open oat filename for reading: No such file or directory
I/art     ( 4117): DexFile_isDexOptNeeded failed to open oat file '/system/framework/arm/pm.odex' for file location '/system/framework/pm.jar': Failed to open oat filename for reading: No such file or directory
I/dex2oat ( 4356): /system/bin/dex2oat --zip-fd=5 --zip-location=/system/framework/pm.jar --oat-fd=6 --oat-location=/data/dalvik-cache/arm/system@framework@pm.jar@classes.dex --instruction-set=arm --instruction-set-features=div --runtime-arg -Xms64m --runtime-arg -Xmx512m
I/dex2oat ( 4356): dex2oat took 111.355ms (threads: 8)
I/art     ( 4117): DexFile_isDexOptNeeded failed to open oat file '/data/dalvik-cache/arm/system@framework@requestsync.jar@classes.dex' for file location '/system/framework/requestsync.jar': Failed to open oat filename for reading: No such file or directory
I/art     ( 4117): DexFile_isDexOptNeeded failed to open oat file '/system/framework/arm/requestsync.odex' for file location '/system/framework/requestsync.jar': Failed to open oat filename for reading: No such file or directory
I/dex2oat ( 4365): /system/bin/dex2oat --zip-fd=5 --zip-location=/system/framework/requestsync.jar --oat-fd=6 --oat-location=/data/dalvik-cache/arm/system@framework@requestsync.jar@classes.dex --instruction-set=arm --instruction-set-features=div --runtime-arg -Xms64m --runtime-arg -Xmx512m
I/dex2oat ( 4365): dex2oat took 45.698ms (threads: 8)
I/art     ( 4117): DexFile_isDexOptNeeded failed to open oat file '/data/dalvik-cache/arm/system@framework@settings.jar@classes.dex' for file location '/system/framework/settings.jar': Failed to open oat filename for reading: No such file or directory
I/art     ( 4117): DexFile_isDexOptNeeded failed to open oat file '/system/framework/arm/settings.odex' for file location '/system/framework/settings.jar': Failed to open oat filename for reading: No such file or directory
I/dex2oat ( 4374): /system/bin/dex2oat --zip-fd=5 --zip-location=/system/framework/settings.jar --oat-fd=6 --oat-location=/data/dalvik-cache/arm/system@framework@settings.jar@classes.dex --instruction-set=arm --instruction-set-features=div --runtime-arg -Xms64m --runtime-arg -Xmx512m
I/dex2oat ( 4374): dex2oat took 45.311ms (threads: 8)
I/art     ( 4117): DexFile_isDexOptNeeded failed to open oat file '/data/dalvik-cache/arm/system@framework@svc.jar@classes.dex' for file location '/system/framework/svc.jar': Failed to open oat filename for reading: No such file or directory
I/art     ( 4117): DexFile_isDexOptNeeded failed to open oat file '/system/framework/arm/svc.odex' for file location '/system/framework/svc.jar': Failed to open oat filename for reading: No such file or directory
I/dex2oat ( 4383): /system/bin/dex2oat --zip-fd=5 --zip-location=/system/framework/svc.jar --oat-fd=6 --oat-location=/data/dalvik-cache/arm/system@framework@svc.jar@classes.dex --instruction-set=arm --instruction-set-features=div --runtime-arg -Xms64m --runtime-arg -Xmx512m
I/dex2oat ( 4383): dex2oat took 50.501ms (threads: 8)
I/art     ( 4117): DexFile_isDexOptNeeded failed to open oat file '/data/dalvik-cache/arm/system@framework@tm.jar@classes.dex' for file location '/system/framework/tm.jar': Failed to open oat filename for reading: No such file or directory
I/art     ( 4117): DexFile_isDexOptNeeded failed to open oat file '/system/framework/arm/tm.odex' for file location '/system/framework/tm.jar': Failed to open oat filename for reading: No such file or directory
I/dex2oat ( 4392): /system/bin/dex2oat --zip-fd=5 --zip-location=/system/framework/tm.jar --oat-fd=6 --oat-location=/data/dalvik-cache/arm/system@framework@tm.jar@classes.dex --instruction-set=arm --instruction-set-features=div --runtime-arg -Xms64m --runtime-arg -Xmx512m
I/dex2oat ( 4392): dex2oat took 50.349ms (threads: 8)
I/art     ( 4117): DexFile_isDexOptNeeded failed to open oat file '/data/dalvik-cache/arm/system@framework@uiautomator.jar@classes.dex' for file location '/system/framework/uiautomator.jar': Failed to open oat filename for reading: No such file or directory
I/art     ( 4117): DexFile_isDexOptNeeded failed to open oat file '/system/framework/arm/uiautomator.odex' for file location '/system/framework/uiautomator.jar': Failed to open oat filename for reading: No such file or directory
I/dex2oat ( 4401): /system/bin/dex2oat --zip-fd=5 --zip-location=/system/framework/uiautomator.jar --oat-fd=6 --oat-location=/data/dalvik-cache/arm/system@framework@uiautomator.jar@classes.dex --instruction-set=arm --instruction-set-features=div --runtime-arg -Xms64m --runtime-arg -Xmx512m
I/dex2oat ( 4401): dex2oat took 115.333ms (threads: 8)
I/art     ( 4117): DexFile_isDexOptNeeded failed to open oat file '/data/dalvik-cache/arm/system@framework@wm.jar@classes.dex' for file location '/system/framework/wm.jar': Failed to open oat filename for reading: No such file or directory
I/art     ( 4117): DexFile_isDexOptNeeded failed to open oat file '/system/framework/arm/wm.odex' for file location '/system/framework/wm.jar': Failed to open oat filename for reading: No such file or directory
I/dex2oat ( 4410): /system/bin/dex2oat --zip-fd=5 --zip-location=/system/framework/wm.jar --oat-fd=6 --oat-location=/data/dalvik-cache/arm/system@framework@wm.jar@classes.dex --instruction-set=arm --instruction-set-features=div --runtime-arg -Xms64m --runtime-arg -Xmx512m
I/dex2oat ( 4410): dex2oat took 54.747ms (threads: 8)
E/SQLiteLog( 4117): (283) recovered 305 frames from WAL file /data/data/com.android.providers.settings/databases/settings.db-wal
D/PackageManager( 4117): No files in app dir /vendor/overlay
I/PackageManager( 4117): /system/framework/framework-res.apk changed; collecting certs
W/PackageManager( 4117): Failed to parse /system/framework/framework-res.apk: Signature mismatch for shared user : SharedUserSetting{123ab089 android.uid.system/1000}
I/PackageManager( 4117): /system/priv-app/AudioFX changed; collecting certs
