I/        ( 5058): BTE_InitTraceLevels -- TRC_L2CAP
I/        ( 5058): BTE_InitTraceLevels -- TRC_RFCOMM
I/        ( 5058): BTE_InitTraceLevels -- TRC_AVDT
I/        ( 5058): BTE_InitTraceLevels -- TRC_AVRC
I/        ( 5058): BTE_InitTraceLevels -- TRC_A2D
I/        ( 5058): BTE_InitTraceLevels -- TRC_BNEP
I/        ( 5058): BTE_InitTraceLevels -- TRC_BTM
I/        ( 5058): BTE_InitTraceLevels -- TRC_HID_HOST
I/        ( 5058): BTE_InitTraceLevels -- TRC_GAP
I/        ( 5058): BTE_InitTraceLevels -- TRC_PAN
I/        ( 5058): BTE_InitTraceLevels -- TRC_SDP
I/        ( 5058): BTE_InitTraceLevels -- TRC_GATT
I/        ( 5058): BTE_InitTraceLevels -- TRC_SMP
I/        ( 5058): BTE_InitTraceLevels -- TRC_HID_DEV
I/        ( 5058): BTE_InitTraceLevels -- TRC_BTAPP
I/        ( 5058): BTE_InitTraceLevels -- TRC_BTIF
I/        ( 5058): BTE_InitTraceLevels -- TRC_LATENCY_AUDIO
I/CalendarProvider2( 5294): Created com.android.providers.calendar.CalendarAlarmManager@25d3ad1f(com.android.providers.calendar.CalendarProvider2@1eda586c)
I/art     ( 4122): Explicit concurrent mark sweep GC freed 15466(1629KB) AllocSpace objects, 37(4MB) LOS objects, 33% free, 22MB/34MB, paused 1.350ms total 42.401ms
I/ActivityManager( 4122): Start proc com.android.managedprovisioning for broadcast com.android.managedprovisioning/.BootReminder: pid=5322 uid=10011 gids={50011, 9997, 1028, 3003} abi=armeabi-v7a
W/bt-btm  ( 5058): btm_decode_ext_features_page Secure conn Host support Enabled
W/bt-btm  ( 5058): btm_decode_ext_features_page Secure conn Controller support Enabled
E/bt-btm  ( 5058): BTM_SecRegister:p_cb_info->p_le_callback == 0xa1f08051 
E/bt-btm  ( 5058): BTM_SecRegister: btm_cb.api.p_le_callback = 0xa1f08051 
I/ActivityManager( 4122): Start proc com.android.mms for broadcast com.android.mms/.transaction.MmsSystemEventReceiver: pid=5347 uid=10012 gids={50012, 9997, 3003, 1028, 1015} abi=armeabi-v7a
D/MtpService( 4245): updating state; isCurrentUser=true, mMtpLocked=false
D/MtpService( 4245): addStorageLocked 65537 /storage/emulated/0
D/MtpService( 4245): updating state; isCurrentUser=true, mMtpLocked=false
D/MtpService( 4245): starting MTP server in MTP mode
E/MtpServerJNI( 4245): could not open MTP driver, errno: 2
E/SQLiteLog( 4245): (283) recovered 91 frames from WAL file /data/data/com.android.providers.media/databases/internal.db-wal
D/MtpService( 4245): addStorageLocked 65537 /storage/emulated/0
E/MtpServerJNI( 4245): server is null in add_storage
E/MtpServerJNI( 4245): server is null in run
E/MtpServerJNI( 4245): server is null in cleanup
E/MtpServerJNI( 4245): server is null in send_object_removed
E/bt-btif ( 5058): Calling BTA_HhEnable
E/bt-btif ( 5058): btif_storage_get_adapter_property service_mask:0x2140040
D/bt-btif ( 5058): AG evt (hdl 0x0001): State 0, Event 0x0500
W/bt-l2cap( 5058): L2CAP - L2CA_Register() called for PSM: 0x0019
W/bt-l2cap( 5058): L2CAP - L2CA_Register() called for PSM: 0x0017
D/BluetoothAdapterProperties( 5058): Address is:14:B4:84:6F:66:79
D/bt-btif ( 5058):  AVRC_Open AVRC_Open role: 1, control:3 status:0, handle:0
W/bt-l2cap( 5058): L2CAP - L2CA_Register() called for PSM: 0x0011
W/bt-l2cap( 5058): L2CAP - L2CA_Register() called for PSM: 0x0013
D/BluetoothAdapterProperties( 5058): Name is: SM-G900H
D/BluetoothManagerService( 4122): Bluetooth Adapter name changed to SM-G900H
D/BluetoothManagerService( 4122): Stored Bluetooth name: SM-G900H
D/BluetoothAdapterProperties( 5058): Scan Mode:21
D/BluetoothAdapterProperties( 5058): Discoverable Timeout:120
D/bt_vendor( 5058): op for 2
D/bt_vendor( 5058): op for 6
W/bt-l2cap( 5058): L2CAP - L2CA_Register() called for PSM: 0x000f
D/bt_vendor( 5058): op for 7
D/bte_conf( 5058): Device ID record 1 : primary
D/bte_conf( 5058):   vendorId            = 001d
D/bt_vendor( 5058): op for 7
D/bte_conf( 5058):   vendorIdSource      = 0001
D/bt_upio ( 5058): BT_WAKE is asserted already
D/bte_conf( 5058):   product             = 1200
D/bte_conf( 5058):   version             = 1436
D/bte_conf( 5058):   clientExecutableURL = 
D/bte_conf( 5058):   serviceDescription  = 
D/bte_conf( 5058):   documentationURL    = 
D/bte_conf( 5058): bte_load_did_conf no section named DID2.
D/bt-btif ( 5058): btif_hf_upstreams_evt: event=BTA_AG_ENABLE_EVT
E/bt-btif ( 5058): btif_hf_upstreams_evt: Invalid index 21342
D/bt-btif ( 5058): btif_hf_upstreams_evt: event=BTA_AG_REGISTER_EVT
D/bt-btif ( 5058): btif_av_state_idle_handler event:BTA_AV_ENABLE_EVT flags 0
D/bt-btif ( 5058): btif_av_state_idle_handler event:BTA_AV_REGISTER_EVT flags 0
D/BluetoothPanServiceJni( 5058): control_state_callback(L61): state:0, local_role:3, ifname:bt-pan
D/BluetoothAdapterState( 5058): CURRENT_STATE=PENDING, MESSAGE = ENABLE_READY, isTurningOn=true, isTurningOff=false
D/BluetoothAdapterProperties( 5058): ScanMode =  21
D/BluetoothAdapterProperties( 5058): State =  11
D/BluetoothAdapterProperties( 5058): Setting state to 12
I/BluetoothAdapterState( 5058): Bluetooth adapter state changed: 11-> 12
D/BluetoothAdapterProperties( 5058): Discoverable Timeout:120
D/bt_vendor( 5058): op for 7
D/bt_upio ( 5058): BT_WAKE is asserted already
D/BluetoothManagerService( 4122): Message: 60
D/BluetoothManagerService( 4122): MESSAGE_BLUETOOTH_STATE_CHANGE: prevState = 11, newState=12
I/BluetoothAdapterState( 5058): Entering On State
D/BluetoothManagerService( 4122): Broadcasting onBluetoothStateChange(true) to 9 receivers.
D/BluetoothA2dp( 4122): onBluetoothStateChange: up=true
D/BluetoothInputDevice( 4867): onBluetoothStateChange: up=true
D/BluetoothPbap( 4867): onBluetoothStateChange: up=true
D/BluetoothPan( 4867): onBluetoothStateChange on: true
D/BluetoothHeadset( 4762): onBluetoothStateChange: up=true
D/BluetoothMap( 4867): onBluetoothStateChange: up=true
D/BluetoothHeadset( 4122): onBluetoothStateChange: up=true
D/BluetoothHeadset( 4762): onBluetoothStateChange: up=true
D/BluetoothHeadset( 4782): onBluetoothStateChange: up=true
D/BluetoothManagerService( 4122): Bluetooth State Change Intent: 11 -> 12
D/BluetoothManagerService( 4122): BluetoothServiceConnection: com.android.bluetooth.gatt.GattService
D/BluetoothManagerService( 4122): Message: 40
D/BluetoothManagerService( 4122): MESSAGE_BLUETOOTH_SERVICE_CONNECTED: 2
I/QBluetoothAdapterService( 5058): REFCOUNT: CREATED. INSTANCE_COUNT1
D/Telecom ( 4762): BluetoothPhoneService: Bluetooth Adapter state: 12
I/bluedroid( 5058): initq
I/Telecom ( 4762): BluetoothPhoneService: handleMessage: request is null
D/BluetoothManagerService( 4122): BluetoothServiceConnection: com.android.bluetooth.btservice.QAdapterService
E/BluetoothManagerService( 4122): Bluetooth Q service connected: com.android.bluetooth.btservice.QAdapterService
D/BluetoothManagerService( 4122): Message: 40
D/BluetoothMapService( 5058): onReceive
D/BluetoothManagerService( 4122): MESSAGE_BLUETOOTH_SERVICE_CONNECTED: 3
D/BluetoothMapService( 5058): onReceive, action android.bluetooth.adapter.action.STATE_CHANGED
D/BluetoothMapService( 5058): STATE_ON
V/BluetoothMapService( 5058): Handler(): got msg=1
D/BluetoothManagerService( 4122): mQBluetooth: android.bluetooth.IQBluetooth$Stub$Proxy@69ea331
D/BluetoothManagerService( 4122): Calling onQBluetoothServiceUp callbacks
D/BluetoothManagerService( 4122): Broadcasting onQBluetoothServiceUp() to 0 receivers.
D/LocalBluetoothProfileManager( 4867): Adding local A2DP SRC profile
D/BluetoothManagerService( 4122): checkIfCallerIsForegroundUser: valid=true callingUser=0 foregroundUser=0
D/BluetoothManagerService( 4122): Message: 30
W/BluetoothAdapter( 5058): getBluetoothService() called with no BluetoothManagerCallback
D/bt_vendor( 5058): op for 7
D/bt_upio ( 5058): BT_WAKE is asserted already
W/bt-smp  ( 5058): Key(LSB ~ MSB) = 98 25 02 c9 70 e1 e2 c7 89 98 49 c8 4e 33 52 ec 
W/bt-smp  ( 5058): Plain text(LSB ~ MSB) = 74 2d 41 00 00 00 00 00 00 00 00 00 00 00 00 00 
D/BluetoothMapService( 5058): inside SocketAcceptThread
W/bt-smp  ( 5058): Encrypted text(LSB ~ MSB) = f7 d8 a7 4f a0 fc ef 36 51 1b 45 5f 2a 34 54 10 
D/CountryDetector( 4122): The first listener is added
W/bt-btm  ( 5058): Stopping oneshot timer
D/BluetoothAdapterProperties( 5058): Scan Mode:21
E/bt_h4   ( 5058): vendor lib postload completed
D/bt_vendor( 5058): op for 7
D/bt_upio ( 5058): BT_WAKE is asserted already
D/LocalBluetoothProfileManager( 4867): Adding local HEADSET profile
D/bt_vendor( 5058): op for 7
D/bt_upio ( 5058): BT_WAKE is asserted already
D/BluetoothMapService( 5058): Removing from the list, masid 0
D/BluetoothMapService( 5058): Accepting socket connection...
D/bt_vendor( 5058): op for 7
D/bt_upio ( 5058): BT_WAKE is asserted already
D/bt_vendor( 5058): op for 7
D/bt_upio ( 5058): BT_WAKE is asserted already
D/BluetoothManagerService( 4122): Message: 30
D/bt_vendor( 5058): op for 7
D/bt_upio ( 5058): BT_WAKE is asserted already
D/bt_vendor( 5058): op for 7
D/bt_upio ( 5058): BT_WAKE is asserted already
D/bt_vendor( 5058): op for 7
D/bt_upio ( 5058): BT_WAKE is asserted already
D/bt_vendor( 5058): op for 7
D/bt_upio ( 5058): BT_WAKE is asserted already
W/bt-smp  ( 5058): Key(LSB ~ MSB) = 98 25 02 c9 70 e1 e2 c7 89 98 49 c8 4e 33 52 ec 
W/bt-smp  ( 5058): Plain text(LSB ~ MSB) = 59 1c 4a 00 00 00 00 00 00 00 00 00 00 00 00 00 
W/bt-smp  ( 5058): Encrypted text(LSB ~ MSB) = a4 5a 34 08 e8 56 34 3e 80 39 12 ed d1 12 70 13 
W/bt-btm  ( 5058): Stopping oneshot timer
D/bt_vendor( 5058): op for 7
D/bt_upio ( 5058): BT_WAKE is asserted already
D/bt_vendor( 5058): op for 7
D/bt_upio ( 5058): BT_WAKE is asserted already
D/bt_vendor( 5058): op for 7
D/bt_upio ( 5058): BT_WAKE is asserted already
D/bt_vendor( 5058): op for 7
D/bt_upio ( 5058): BT_WAKE is asserted already
W/bt-smp  ( 5058): Key(LSB ~ MSB) = 98 25 02 c9 70 e1 e2 c7 89 98 49 c8 4e 33 52 ec 
W/bt-smp  ( 5058): Plain text(LSB ~ MSB) = 5c 88 59 00 00 00 00 00 00 00 00 00 00 00 00 00 
W/bt-smp  ( 5058): Encrypted text(LSB ~ MSB) = a0 06 9d 30 e3 03 2e 3c d6 30 5c 22 51 07 23 73 
W/bt-btm  ( 5058): Stopping oneshot timer
D/bt_vendor( 5058): op for 7
D/bt_upio ( 5058): BT_WAKE is asserted already
D/bt_vendor( 5058): op for 7
D/bt_upio ( 5058): BT_WAKE is asserted already
D/bt_vendor( 5058): op for 7
D/bt_upio ( 5058): BT_WAKE is asserted already
W/bt-smp  ( 5058): Key(LSB ~ MSB) = 98 25 02 c9 70 e1 e2 c7 89 98 49 c8 4e 33 52 ec 
W/bt-smp  ( 5058): Plain text(LSB ~ MSB) = 3f e4 60 00 00 00 00 00 00 00 00 00 00 00 00 00 
W/bt-smp  ( 5058): Encrypted text(LSB ~ MSB) = b7 81 41 ca e8 fa 22 4b 03 af b0 92 82 1e 09 ff 
W/bt-btm  ( 5058): Stopping oneshot timer
D/bt_vendor( 5058): op for 7
D/bt_upio ( 5058): BT_WAKE is asserted already
D/bt_vendor( 5058): op for 7
D/bt_upio ( 5058): BT_WAKE is asserted already
D/bt_vendor( 5058): op for 7
D/bt_upio ( 5058): BT_WAKE is asserted already
D/bt_vendor( 5058): op for 7
D/bt_upio ( 5058): BT_WAKE is asserted already
W/bt-smp  ( 5058): Key(LSB ~ MSB) = 98 25 02 c9 70 e1 e2 c7 89 98 49 c8 4e 33 52 ec 
W/bt-smp  ( 5058): Plain text(LSB ~ MSB) = 98 d6 53 00 00 00 00 00 00 00 00 00 00 00 00 00 
W/bt-smp  ( 5058): Encrypted text(LSB ~ MSB) = 8b ee 1f 8d 98 9b 02 27 97 f9 36 9f 88 d8 e7 d3 
W/bt-btm  ( 5058): Stopping oneshot timer
D/bt_vendor( 5058): op for 7
D/bt_upio ( 5058): BT_WAKE is asserted already
D/bt_vendor( 5058): op for 7
D/bt_upio ( 5058): BT_WAKE is asserted already
D/WVMDrmPlugIn( 3690): WVMDrmPlugin::onInitialize : 59
D/WVMDrmPlugIn( 3690): WVMDrmPlugin::onSetOnInfoListener : add 59
D/bt_vendor( 5058): op for 7
D/bt_upio ( 5058): BT_WAKE is asserted already
D/bt_vendor( 5058): op for 7
D/bt_upio ( 5058): BT_WAKE is asserted already
D/bt_vendor( 5058): op for 7
D/bt_upio ( 5058): BT_WAKE is asserted already
D/bt_vendor( 5058): op for 7
D/bt_upio ( 5058): BT_WAKE is asserted already
D/bt_vendor( 5058): op for 7
D/bt_upio ( 5058): BT_WAKE is asserted already
V/Mms     ( 5347): mnc/mcc: 
D/bt_vendor( 5058): op for 7
D/bt_upio ( 5058): BT_WAKE is asserted already
V/Mms     ( 5347): tag: int value: maxMessageSize - 1045876
V/Mms     ( 5347): tag: int value: maxImageHeight - 2592
V/Mms     ( 5347): tag: int value: maxImageWidth - 2592
V/Mms     ( 5347): tag: bool value: enableMultipartSMS - true
W/bt-smp  ( 5058): Key(LSB ~ MSB) = 98 25 02 c9 70 e1 e2 c7 89 98 49 c8 4e 33 52 ec 
W/bt-smp  ( 5058): Plain text(LSB ~ MSB) = 70 7c 4f 00 00 00 00 00 00 00 00 00 00 00 00 00 
W/bt-smp  ( 5058): Encrypted text(LSB ~ MSB) = 2a bc 33 9b b8 1c c3 d9 b7 19 43 5e aa 40 15 81 
V/Mms     ( 5347): tag: bool value: enableSplitSMS - false
W/bt-btm  ( 5058): Stopping oneshot timer
D/bt_vendor( 5058): op for 7
D/bt_upio ( 5058): BT_WAKE is asserted already
V/Mms     ( 5347): tag: string value: userAgent - SAMSUNG-SM-G900H-Mms
V/Mms     ( 5347): tag: string value: uaProfUrl - http://wap.samsungmobile.com/uaprof/SM-G900H.xml
D/bt_vendor( 5058): op for 7
D/bt_upio ( 5058): BT_WAKE is asserted already
D/bt_vendor( 5058): op for 7
D/bt_upio ( 5058): BT_WAKE is asserted already
D/bt_vendor( 5058): op for 7
D/bt_upio ( 5058): BT_WAKE is asserted already
W/bt-smp  ( 5058): Key(LSB ~ MSB) = 98 25 02 c9 70 e1 e2 c7 89 98 49 c8 4e 33 52 ec 
W/bt-smp  ( 5058): Plain text(LSB ~ MSB) = 1c 1f 49 00 00 00 00 00 00 00 00 00 00 00 00 00 
W/bt-smp  ( 5058): Encrypted text(LSB ~ MSB) = 33 ff f2 77 20 9f 56 b6 98 0c 1f 24 f9 4b 9a 62 
W/bt-btm  ( 5058): Stopping oneshot timer
D/bt_vendor( 5058): op for 7
D/bt_upio ( 5058): BT_WAKE is asserted already
D/bt_vendor( 5058): op for 7
D/bt_upio ( 5058): BT_WAKE is asserted already
D/bt_vendor( 5058): op for 7
D/bt_upio ( 5058): BT_WAKE is asserted already
D/bt_vendor( 5058): op for 7
D/bt_upio ( 5058): BT_WAKE is asserted already
D/bt_vendor( 5058): op for 7
D/bt_upio ( 5058): BT_WAKE is asserted already
D/bt_vendor( 5058): op for 7
D/bt_upio ( 5058): BT_WAKE is asserted already
D/bt_vendor( 5058): op for 7
D/bt_upio ( 5058): BT_WAKE is asserted already
D/bt_vendor( 5058): op for 7
D/bt_upio ( 5058): BT_WAKE is asserted already
I/ContactPhotoManager( 5347): Cache adj: 1.0
D/bt_vendor( 5058): op for 7
E/ContactPhotoManager( 5347): No contact photo service in context: com.android.mms.MmsApp@20f352ca
D/bt_upio ( 5058): BT_WAKE is asserted already
D/bt_vendor( 5058): op for 7
D/bt_upio ( 5058): BT_WAKE is asserted already
I/ActivityManager( 4122): Start proc com.android.email for content provider com.android.email/.provider.EmailProvider: pid=5378 uid=10033 gids={50033, 9997, 3003, 1028, 1015} abi=armeabi-v7a
W/ContextImpl( 4867): Calling a method in the system process without a qualified user: android.app.ContextImpl.startService:1726 android.content.ContextWrapper.startService:521 android.content.ContextWrapper.startService:521 com.android.settings.bluetooth.DockEventReceiver.beginStartingService:134 com.android.settings.bluetooth.DockEventReceiver.onReceive:115 
D/BluetoothA2dp( 4867): Proxy object connected
D/A2dpProfile( 4867): Bluetooth service connected
D/BluetoothHeadset( 4867): Proxy object connected
D/HeadsetProfile( 4867): Bluetooth service connected
D/DockEventReceiver( 4867): finishStartingService: stopping service
I/ActivityManager( 4122): Start proc com.android.onetimeinitializer for broadcast com.android.onetimeinitializer/.OneTimeInitializerReceiver: pid=5413 uid=10013 gids={50013, 9997} abi=armeabi-v7a
W/MediaScanner( 4245): Error opening directory '/oem/media/', skipping: No such file or directory.
D/MmsSmsDatabaseHelper( 4782): [MmsSmsDb] tableName: threads hasAutoIncrement: CREATE TABLE threads (_id INTEGER PRIMARY KEY AUTOINCREMENT,date INTEGER DEFAULT 0,message_count INTEGER DEFAULT 0,recipient_ids TEXT,snippet TEXT,snippet_cs INTEGER DEFAULT 0,read INTEGER DEFAULT 1,archived INTEGER DEFAULT 0,type INTEGER DEFAULT 0,error INTEGER DEFAULT 0,has_attachment INTEGER DEFAULT 0) result: true
D/MmsSmsDatabaseHelper( 4782): [MmsSmsDb] tableName: canonical_addresses hasAutoIncrement: CREATE TABLE canonical_addresses (_id INTEGER PRIMARY KEY AUTOINCREMENT,address TEXT) result: true
D/MmsSmsDatabaseHelper( 4782): [MmsSmsDb] tableName: part hasAutoIncrement: CREATE TABLE part (_id INTEGER PRIMARY KEY AUTOINCREMENT,mid INTEGER,seq INTEGER DEFAULT 0,ct TEXT,name TEXT,chset INTEGER,cd TEXT,fn TEXT,cid TEXT,cl TEXT,ctt_s INTEGER,ctt_t TEXT,_data TEXT,text TEXT) result: true
D/MmsSmsDatabaseHelper( 4782): [MmsSmsDb] tableName: pdu hasAutoIncrement: CREATE TABLE pdu (_id INTEGER PRIMARY KEY AUTOINCREMENT,thread_id INTEGER,date INTEGER,date_sent INTEGER DEFAULT 0,msg_box INTEGER,read INTEGER DEFAULT 0,m_id TEXT,sub TEXT,sub_cs INTEGER,ct_t TEXT,ct_l TEXT,exp INTEGER,m_cls TEXT,m_type INTEGER,v INTEGER,m_size INTEGER,pri INTEGER,rr INTEGER,rpt_a INTEGER,resp_st INTEGER,st INTEGER,tr_id TEXT,retr_st INTEGER,retr_txt TEXT,retr_txt_cs INTEGER,read_status INTEGER,ct_cls INTEGER,resp_txt TEXT,d_tm INTEGER,d_rpt INTEGER,locked INTEGER DEFAULT 0,phone_id INTEGER DEFAULT -1, seen INTEGER DEFAULT 0,creator TEXT,text_only INTEGER DEFAULT 0) result: true
D/MmsSmsDatabaseHelper( 4782): [getWritableDatabase] hasAutoIncrementThreads: true hasAutoIncrementAddresses: true hasAutoIncrementPart: true hasAutoIncrementPdu: true
D/Mms     ( 5347): cancelNotification
D/WVMDrmPlugIn( 3690): WVMDrmPlugin::onInitialize : 746
D/WVMDrmPlugIn( 3690): WVMDrmPlugin::onSetOnInfoListener : add 746
D/Mms     ( 5347): Cursor= >>>>> Dumping cursor android.content.ContentResolver$CursorWrapperInner@187a1ce9
D/Mms     ( 5347): <<<<<
D/Mms     ( 5347): Cursor= >>>>> Dumping cursor android.content.ContentResolver$CursorWrapperInner@26037d6e
D/Mms     ( 5347): <<<<<
D/Mms     ( 5347): cancelNotification
D/ActivityThread( 5378): Loading provider com.android.email.provider;com.android.email.notifier: com.android.email.provider.EmailProvider
D/ActivityThread( 5378): Loading provider com.android.email.provider;com.android.email.notifier: com.android.email.provider.EmailProvider
V/OneTimeInitializerRece( 5413): OneTimeInitializerReceiver.onReceive
D/ActivityThread( 5378): Loading provider com.android.email.provider;com.android.email.notifier: com.android.email.provider.EmailProvider
D/CMStats ( 4867): Next sync attempt in : 22 hours
D/ActivityThread( 5378): Loading provider com.android.email.provider;com.android.email.notifier: com.android.email.provider.EmailProvider
D/ActivityThread( 5378): Loading provider com.android.email.provider;com.android.email.notifier: com.android.email.provider.EmailProvider
I/ActivityManager( 4122): Start proc com.android.calendar for broadcast com.android.calendar/.alerts.AlertReceiver: pid=5454 uid=10026 gids={50026, 9997, 1028, 1015, 3003} abi=armeabi-v7a
I/art     ( 3704): Explicit concurrent mark sweep GC freed 706(30KB) AllocSpace objects, 0(0B) LOS objects, 39% free, 15MB/25MB, paused 208us total 11.098ms
I/art     ( 3704): Explicit concurrent mark sweep GC freed 5(160B) AllocSpace objects, 0(0B) LOS objects, 39% free, 15MB/25MB, paused 194us total 11.216ms
W/ActivityManager( 4122): Unable to start service Intent { cmp=com.android.email/.service.AttachmentService } U=0: not found
W/ActivityManager( 4122): Unable to start service Intent { cmp=com.android.email/.service.AttachmentService } U=0: not found
W/ActivityManager( 4122): Unable to start service Intent { cmp=com.android.email/.service.AttachmentService } U=0: not found
W/ActivityManager( 4122): Unable to start service Intent { cmp=com.android.email/.service.AttachmentService } U=0: not found
I/art     ( 3704): Explicit concurrent mark sweep GC freed 5(160B) AllocSpace objects, 0(0B) LOS objects, 39% free, 15MB/25MB, paused 216us total 10.798ms
W/ActivityManager( 4122): Unable to start service Intent { cmp=com.android.email/.service.AttachmentService } U=0: not found
W/ActivityManager( 4122): Unable to start service Intent { cmp=com.android.email/.service.AttachmentService } U=0: not found
I/Email   ( 5378): Observing account changes for notifications
W/MediaScanner( 4245): Error opening directory '/storage/sdcard1/', skipping: No such file or directory.
W/MediaScanner( 4245): Error opening directory '/storage/usbdisk/', skipping: No such file or directory.
E/MtpServerJNI( 4245): server is null in send_object_added
E/MtpServerJNI( 4245): server is null in send_object_added
E/MtpServerJNI( 4245): server is null in send_object_added
V/MediaScanner( 4245): pruneDeadThumbnailFiles... android.database.sqlite.SQLiteCursor@1fac7e88
V/MediaScanner( 4245): /pruneDeadThumbnailFiles... android.database.sqlite.SQLiteCursor@1fac7e88
I/ActivityManager( 4122): Start proc com.android.exchange for service com.android.exchange/.service.EasService: pid=5478 uid=10034 gids={50034, 9997, 3003, 1028, 1015} abi=armeabi-v7a
D/BluetoothPbap( 4867): Proxy object connected
D/PbapServerProfile( 4867): Bluetooth service connected
D/BluetoothManagerService( 4122): checkIfCallerIsForegroundUser: valid=true callingUser=0 foregroundUser=0
W/BluetoothAdapter( 5058): getBluetoothService() called with no BluetoothManagerCallback
W/art     ( 5378): Long monitor contention event with owner method=void com.google.common.collect.ImmutableCollection$EmptyImmutableCollection.<clinit>() from ImmutableCollection.java:192 waiters=2 for 161ms
D/bt_vendor( 5058): op for 7
D/bt_upio ( 5058): BT_WAKE is asserted already
I/art     ( 4122): Explicit concurrent mark sweep GC freed 5698(320KB) AllocSpace objects, 3(188KB) LOS objects, 33% free, 22MB/34MB, paused 1.780ms total 42.675ms
E/BTEventHandler( 5058): A4WP is not supported
D/BtOppService( 5058): insertShare parsed URI: content://media/external/audio/media/30
D/BluetoothManagerService( 4122): checkIfCallerIsForegroundUser: valid=true callingUser=0 foregroundUser=0
D/A2dpService( 5058): getA2DPService(): returning com.android.bluetooth.a2dp.A2dpService@8e2fd5d
V/BtOppL2CapListener( 5058): Starting L2cap listener....
D/A2dpSinkService( 5058): getA2dpSinkService(): service is NULL
D/BluetoothManagerService( 4122): checkIfCallerIsForegroundUser: valid=true callingUser=0 foregroundUser=0
W/BluetoothAdapter( 5058): getBluetoothService() called with no BluetoothManagerCallback
W/BluetoothAdapter( 5058): getBluetoothService() called with no BluetoothManagerCallback
D/bt_vendor( 5058): op for 7
D/bt_upio ( 5058): BT_WAKE is asserted already
I/BtOppRfcommListener( 5058): Accept thread started.
D/ExtensionsFactory( 5454): No custom extensions.
V/BtOppL2CapListener( 5058): Started L2Cap listener....
I/BtOppL2CapListener( 5058): Accept thread started 
V/BtOppL2CapListener( 5058): Accepting connection...
D/AlertReceiver( 5454): onReceive: a=android.intent.action.BOOT_COMPLETED Intent { act=android.intent.action.BOOT_COMPLETED flg=0x8000010 cmp=com.android.calendar/.alerts.AlertReceiver (has extras) }
I/Exchange( 5478): PSS has no active accounts; stopping service.
D/EmailBroadcastReceiver( 5378): Received android.intent.action.BOOT_COMPLETED
I/ActivityManager( 4122): Start proc com.android.gallery3d for broadcast com.android.gallery3d/org.codeaurora.gallery3d.video.DmReceiver: pid=5519 uid=10036 gids={50036, 9997, 3003, 1028, 1015, 1023, 3002} abi=armeabi-v7a
D/AlertService( 5454): 0 Action = android.intent.action.BOOT_COMPLETED
D/AlertService( 5454): Scheduling next alarm with AlarmScheduler. sEventReminderReceived: null
E/ActivityThread( 5378): Service com.android.email.service.EmailBroadcastProcessorService has leaked ServiceConnection com.android.emailcommon.service.ServiceProxy$ProxyConnection@488341b that was originally bound here
E/ActivityThread( 5378): android.app.ServiceConnectionLeaked: Service com.android.email.service.EmailBroadcastProcessorService has leaked ServiceConnection com.android.emailcommon.service.ServiceProxy$ProxyConnection@488341b that was originally bound here
E/ActivityThread( 5378): 	at android.app.LoadedApk$ServiceDispatcher.<init>(LoadedApk.java:1073)
E/ActivityThread( 5378): 	at android.app.LoadedApk.getServiceDispatcher(LoadedApk.java:967)
E/ActivityThread( 5378): 	at android.app.ContextImpl.bindServiceCommon(ContextImpl.java:1808)
E/ActivityThread( 5378): 	at android.app.ContextImpl.bindService(ContextImpl.java:1791)
E/ActivityThread( 5378): 	at android.content.ContextWrapper.bindService(ContextWrapper.java:544)
E/ActivityThread( 5378): 	at com.android.emailcommon.service.ServiceProxy.setTask(ServiceProxy.java:184)
E/ActivityThread( 5378): 	at com.android.emailcommon.service.ServiceProxy.test(ServiceProxy.java:229)
E/ActivityThread( 5378): 	at com.android.email.service.EmailServiceUtils.isServiceAvailable(EmailServiceUtils.java:160)
E/ActivityThread( 5378): 	at com.android.email.provider.AccountReconciler.reconcileAccountsInternal(AccountReconciler.java:164)
E/ActivityThread( 5378): 	at com.android.email.provider.AccountReconciler.reconcileAccounts(AccountReconciler.java:113)
E/ActivityThread( 5378): 	at com.android.email.service.EmailBroadcastProcessorService.reconcileAndStartServices(EmailBroadcastProcessorService.java:305)
E/ActivityThread( 5378): 	at com.android.email.service.EmailBroadcastProcessorService.onBootCompleted(EmailBroadcastProcessorService.java:295)
E/ActivityThread( 5378): 	at com.android.email.service.EmailBroadcastProcessorService.onHandleIntent(EmailBroadcastProcessorService.java:130)
E/ActivityThread( 5378): 	at android.app.IntentService$ServiceHandler.handleMessage(IntentService.java:65)
E/ActivityThread( 5378): 	at android.os.Handler.dispatchMessage(Handler.java:102)
E/ActivityThread( 5378): 	at android.os.Looper.loop(Looper.java:135)
E/ActivityThread( 5378): 	at android.os.HandlerThread.run(HandlerThread.java:61)
E/EmailServiceProxy( 5378): RuntimeException when trying to unbind from service
E/EmailServiceProxy( 5378): java.lang.IllegalArgumentException: Service not registered: com.android.emailcommon.service.ServiceProxy$ProxyConnection@488341b
E/EmailServiceProxy( 5378): 	at android.app.LoadedApk.forgetServiceDispatcher(LoadedApk.java:1025)
E/EmailServiceProxy( 5378): 	at android.app.ContextImpl.unbindService(ContextImpl.java:1842)
E/EmailServiceProxy( 5378): 	at android.content.ContextWrapper.unbindService(ContextWrapper.java:556)
E/EmailServiceProxy( 5378): 	at com.android.emailcommon.service.ServiceProxy$ProxyConnection$1.doInBackground(ServiceProxy.java:123)
E/EmailServiceProxy( 5378): 	at com.android.emailcommon.service.ServiceProxy$ProxyConnection$1.doInBackground(ServiceProxy.java:113)
E/EmailServiceProxy( 5378): 	at android.os.AsyncTask$2.call(AsyncTask.java:288)
E/EmailServiceProxy( 5378): 	at java.util.concurrent.FutureTask.run(FutureTask.java:237)
E/EmailServiceProxy( 5378): 	at android.os.AsyncTask$SerialExecutor$1.run(AsyncTask.java:231)
E/EmailServiceProxy( 5378): 	at java.util.concurrent.ThreadPoolExecutor.runWorker(ThreadPoolExecutor.java:1112)
E/EmailServiceProxy( 5378): 	at java.util.concurrent.ThreadPoolExecutor$Worker.run(ThreadPoolExecutor.java:587)
E/EmailServiceProxy( 5378): 	at java.lang.Thread.run(Thread.java:818)
I/Exchange( 5478): PSS has no active accounts; stopping service.
D/AlarmScheduler( 5454): No events found starting within 1 week.
I/CalendarProvider2( 5294): Sending notification intent: Intent { act=android.intent.action.PROVIDER_CHANGED dat=content://com.android.calendar }
W/ContentResolver( 5294): Failed to get type for: content://com.android.calendar (Unknown URL content://com.android.calendar)
I/ActivityManager( 4122): Killing 4918:org.cyanogenmod.themes.provider/u0a17 (adj 15): empty #17
W/libprocessgroup( 4122): failed to open /acct/uid_10017/pid_4918/cgroup.procs: No such file or directory
E/ELEVEN  ( 4992): calling refresh!
W/WindowManager( 4122): App freeze timeout expired.
I/ActivityManager( 4122): Killing 4629:com.cyanogenmod.lockclock/u0a42 (adj 15): empty #17
W/libprocessgroup( 4122): failed to open /acct/uid_10042/pid_4629/cgroup.procs: No such file or directory
I/SystemBroadcastReceiver( 4448): Boot has been completed
I/LauncherIconVisibilityManager( 4448): Activity has already been disabled: ComponentInfo{com.android.inputmethod.latin/com.android.inputmethod.latin.setup.SetupActivity}
I/ActivityManager( 4122): Start proc com.cyanogenmod.lockclock for broadcast com.cyanogenmod.lockclock/.ClockWidgetProvider: pid=5545 uid=10042 gids={50042, 9997, 3003} abi=armeabi-v7a
D/WeatherUpdateService( 5545): Service started, but shouldn't update ... stopping
I/ActivityManager( 4122): Killing 4947:com.cyanogenmod.eleven/u0a32 (adj 15): empty #17
W/libprocessgroup( 4122): failed to open /acct/uid_10032/pid_4947/cgroup.procs: No such file or directory
I/ActivityManager( 4122): Start proc org.whispersystems.whisperpush for broadcast org.whispersystems.whisperpush/.service.DirectoryRefreshListener: pid=5570 uid=10056 gids={50056, 9997, 3003} abi=armeabi-v7a
I/ActivityManager( 4122): Killing 5104:com.android.deskclock/u0a30 (adj 15): empty #17
W/libprocessgroup( 4122): failed to open /acct/uid_10030/pid_5104/cgroup.procs: No such file or directory
W/ActivityManager( 4122): Unable to start service Intent { act=com.google.android.c2dm.intent.REGISTER pkg=com.google.android.gms (has extras) } U=0: not found
D/MtpService( 4245): updating state; isCurrentUser=true, mMtpLocked=false
E/PhoneInterfaceManager( 4782): [PhoneIntfMgr] getIccId: No UICC
I/ActivityManager( 4122): Start proc com.android.cellbroadcastreceiver for broadcast com.android.cellbroadcastreceiver/.CellBroadcastReceiver: pid=5594 uid=10005 gids={50005, 9997} abi=armeabi-v7a
D/CellBroadcastReceiver( 5594): onReceive Intent { act=android.intent.action.SERVICE_STATE flg=0x10 cmp=com.android.cellbroadcastreceiver/.CellBroadcastReceiver (has extras) }
D/CellBroadcastReceiver( 5594): Intent ACTION_SERVICE_STATE_CHANGED
D/CellBroadcastReceiver( 5594): Service state changed! 1 Full: 1 1 home null null null  Unknown Unknown CSS not supported -1 -1 RoamInd=-1 DefRoamInd=-1 EmergOnly=false Current state=-1
I/ActivityManager( 4122): Killing 5082:com.android.keychain/1000 (adj 15): empty #17
W/libprocessgroup( 4122): failed to open /acct/uid_1000/pid_5082/cgroup.procs: No such file or directory
D/SIP     ( 4782): [SipSharedPreferences] isReceivingCallsEnabled, option not set; use default value, exception: android.provider.Settings$SettingNotFoundException: sip_receive_calls
D/CellBroadcastReceiver( 5594): onReceive Intent { act=android.intent.action.ACTION_SUBINFO_RECORD_UPDATED flg=0x10 cmp=com.android.cellbroadcastreceiver/.CellBroadcastReceiver (has extras) }
V/Mms     ( 5347): onStart: #1 resultCode: -1 = Activity.RESULT_OK
D/AlertReceiver( 5454): onReceive: a=android.intent.action.PROVIDER_CHANGED Intent { act=android.intent.action.PROVIDER_CHANGED dat=content://com.android.calendar flg=0x10 cmp=com.android.calendar/.alerts.AlertReceiver }
D/AlertService( 5454): 0 Action = android.intent.action.PROVIDER_CHANGED
D/bt_vendor( 5058): op for 7
D/HeadsetStateMachine( 5058): Disconnected process message: 10, size: 0
E/SQLiteLog( 5294): (284) automatic index on view_events(_id)
E/WhisperPush( 5570): GcmRecurringRegistration
E/WhisperPush( 5570): java.io.IOException: SERVICE_NOT_AVAILABLE
E/WhisperPush( 5570): 	at com.google.android.gms.gcm.GoogleCloudMessaging.register(Unknown Source)
E/WhisperPush( 5570): 	at org.whispersystems.whisperpush.gcm.GcmHelper.getRegistrationId(GcmHelper.java:65)
E/WhisperPush( 5570): 	at org.whispersystems.whisperpush.WhisperPush$1.doInBackground(WhisperPush.java:52)
E/WhisperPush( 5570): 	at org.whispersystems.whisperpush.WhisperPush$1.doInBackground(WhisperPush.java:48)
E/WhisperPush( 5570): 	at android.os.AsyncTask$2.call(AsyncTask.java:288)
E/WhisperPush( 5570): 	at java.util.concurrent.FutureTask.run(FutureTask.java:237)
E/WhisperPush( 5570): 	at android.os.AsyncTask$SerialExecutor$1.run(AsyncTask.java:231)
E/WhisperPush( 5570): 	at java.util.concurrent.ThreadPoolExecutor.runWorker(ThreadPoolExecutor.java:1112)
E/WhisperPush( 5570): 	at java.util.concurrent.ThreadPoolExecutor$Worker.run(ThreadPoolExecutor.java:587)
E/WhisperPush( 5570): 	at java.lang.Thread.run(Thread.java:818)
I/GlobalDismissManager( 5454): no sender configured
D/AlertService( 5454): Beginning updateAlertNotification
D/AlertService( 5454): No fired or scheduled alerts
D/AlertService( 5454): Scheduling next alarm with AlarmScheduler. sEventReminderReceived: null
D/AlarmScheduler( 5454): No events found starting within 1 week.
I/PowerManagerService( 4122): Going to sleep due to screen timeout (uid 1000)...
I/PowerManagerService( 4122): Sleeping (uid 1000)...
I/Sensors ( 4122): Acc old sensor_state 1, new sensor_state : 0 en : 0
D/PermissionCache( 3688): checking android.permission.READ_FRAME_BUFFER for uid=1000 => granted (202 us)
D/PhoneStatusBar( 4290): disable: < expand ICONS alerts SYSTEM_INFO back HOME RECENT clock SEARCH >
I/WifiNative-HAL( 4122): startHal
E/wifi    ( 4122): getStaticLongField sWifiHalHandle 0x9e5eb87c
D/wifi    ( 4122): halHandle = 0x0, mVM = 0xb515c280, mCls = 0x40106a
I/WifiNative-HAL( 4122): Could not start hal
I/WifiNative-HAL( 4122): startHal
E/wifi    ( 4122): getStaticLongField sWifiHalHandle 0x9e5eb87c
D/wifi    ( 4122): halHandle = 0x0, mVM = 0xb515c280, mCls = 0x301066
I/WifiNative-HAL( 4122): Could not start hal
W/SurfaceFlinger( 3688): Ignoring duplicate VSYNC event from HWC (t=28885125003)
I/DisplayManagerService( 4122): Display device changed: DisplayDeviceInfo{"Built-in Screen": 1080 x 1920, 60.000004 fps, supportedRefreshRates [60.000004], density 480, 422.03 x 424.069 dpi, appVsyncOff 0, presDeadline 17666666, touch INTERNAL, rotation 0, type BUILT_IN, state OFF, FLAG_DEFAULT_DISPLAY, FLAG_ROTATES_WITH_CONTENT, FLAG_SECURE, FLAG_SUPPORTS_PROTECTED_BUFFERS}
D/SurfaceFlinger( 3688): Set power mode=0, type=0 flinger=0xb6a62000
V/ActivityManager( 4122): Display changed displayId=0
D/SurfaceControl( 4122): Excessive delay in setPowerMode(): 184ms
I/ActivityManager( 4122): Waited long enough for: ServiceRecord{177107fa u0 com.cyanogenmod.eleven/.MusicPlaybackService}
D/HeadsetStateMachine( 5058): Disconnected process message: 10, size: 0
I/ActivityManager( 4122): Waited long enough for: ServiceRecord{296d3d7c u0 com.android.calendar/.alerts.InitAlarmsService}
D/HeadsetStateMachine( 5058): Disconnected process message: 10, size: 0
I/PowerManagerService( 4122): Waking up from sleep (uid 1000)...
V/KeyguardServiceDelegate( 4122): onScreenTurnedOn(showListener = com.android.internal.policy.impl.PhoneWindowManager$2@2673e6b2)
V/KeyguardServiceDelegate( 4122): **** SHOWN CALLED ****
I/DisplayPowerController( 4122): Blocking screen on until initial contents have been drawn.
I/Sensors ( 4122): Acc old sensor_state 0, new sensor_state : 1 en : 1
D/SurfaceFlinger( 3688): Set power mode=2, type=0 flinger=0xb6a62000
I/DisplayManagerService( 4122): Display device changed: DisplayDeviceInfo{"Built-in Screen": 1080 x 1920, 60.000004 fps, supportedRefreshRates [60.000004], density 480, 422.03 x 424.069 dpi, appVsyncOff 0, presDeadline 17666666, touch INTERNAL, rotation 0, type BUILT_IN, state ON, FLAG_DEFAULT_DISPLAY, FLAG_ROTATES_WITH_CONTENT, FLAG_SECURE, FLAG_SUPPORTS_PROTECTED_BUFFERS}
V/ActivityManager( 4122): Display changed displayId=0
I/WifiNative-HAL( 4122): startHal
E/wifi    ( 4122): getStaticLongField sWifiHalHandle 0x9e5eb87c
D/wifi    ( 4122): halHandle = 0x0, mVM = 0xb515c280, mCls = 0x201016
I/WifiNative-HAL( 4122): Could not start hal
D/SurfaceControl( 4122): Excessive delay in setPowerMode(): 235ms
I/DisplayPowerController( 4122): Unblocked screen on after 247 ms
E/libEGL  ( 4122): call to OpenGL ES API with no current context (logged once per thread)
I/ActivityManager( 4122): START u0 {act=android.intent.action.DIAL flg=0x14000000 cmp=com.android.dialer/.DialtactsActivity} from uid 10016 on display 0
I/Timeline( 4806): Timeline: Activity_idle id: android.os.BinderProxy@77fefcf time:48751
I/ContactPhotoManager( 5143): Cache adj: 1.0
W/AudioPolicyManager( 3694): getOutput() could not find output for stream 8, samplingRate 0,format 0, channels 3, flags 0
E/ToneGenerator( 5143): Unable to marshal AudioFlinger
E/ToneGenerator( 5143): ToneGenerator init failed
W/DialpadFragment( 5143): Exception caught while creating local tone generator: java.lang.RuntimeException: Init failed
I/DialpadFragment( 5143): Displaying normal Dialer UI.
I/DialpadFragment( 5143): Displaying normal Dialer UI.
D/OpenGLRenderer( 5143): Render dirty regions requested: true
D/Atlas   ( 5143): Validating map...
E/SQLiteLog( 4595): (284) automatic index on sqlite_sq_A2D18BA0(STAT_DATA_ID)
E/SQLiteLog( 4595): (284) automatic index on sqlite_sq_A2D181A0(STAT_DATA_ID)
I/art     ( 5143): Background sticky concurrent mark sweep GC freed 16899(1660KB) AllocSpace objects, 9(137KB) LOS objects, 4% free, 19MB/20MB, paused 7.606ms total 70.037ms
I/        ( 5143): PLATFORM VERSION : JB-MR-2
I/OpenGLRenderer( 5143): Initialized EGL, version 1.4
D/OpenGLRenderer( 5143): Enabling debug mode 0
W/Settings( 5143): Setting airplane_mode_on has moved from android.provider.Settings.System to android.provider.Settings.Global, returning read-only value.
I/ActivityManager( 4122): Displayed com.android.dialer/.DialtactsActivity: +844ms
I/Timeline( 4122): Timeline: Activity_windows_visible id: ActivityRecord{f4fa603 u0 com.android.dialer/.DialtactsActivity t16} time:49584
I/Timeline( 5143): Timeline: Activity_idle id: android.os.BinderProxy@16b9dbfb time:49683
E/WindowAnimator( 4122): Timeout waiting for animation to startup
W/AudioPolicyManager( 3694): getOutput() could not find output for stream 1, samplingRate 0,format 0, channels 3, flags 0
W/AudioPolicyManager( 3694): getOutput() could not find output for stream 1, samplingRate 0,format 0, channels 3, flags 0
W/AudioPolicyManager( 3694): getOutput() could not find output for stream 1, samplingRate 44100,format 1, channels 3, flags 4
E/AudioTrack( 4290): Could not get audio output for stream type 1, usage 13, sample rate 44100, format 0x1, channel mask 0x3, flags 0x4
E/SoundPool( 4290): Error creating AudioTrack
D/PhoneStatusBar( 4290): disable: < expand icons* alerts system_info* back home* recent* clock search* >
I/ActivityManager( 4122): START u0 {act=android.intent.action.MAIN cat=[android.intent.category.HOME] flg=0x10200000 cmp=com.cyanogenmod.trebuchet/com.android.launcher3.Launcher} from uid 1000 on display 0
W/DialpadFragment( 5143): stopTone: mToneGenerator == null
I/Timeline( 4806): Timeline: Activity_idle id: android.os.BinderProxy@77fefcf time:50388
D/PhoneStatusBar( 4290): disable: < expand icons alerts system_info back home recent clock search >
W/InputMethodManagerService( 4122): Window already focused, ignoring focus gain of: com.android.internal.view.IInputMethodClient$Stub$Proxy@2b13115e attribute=null, token = android.os.BinderProxy@1e3a98dd
I/Timeline( 4122): Timeline: Activity_windows_visible id: ActivityRecord{23782aca u0 com.cyanogenmod.trebuchet/com.android.launcher3.Launcher t15} time:50646
W/OpenGLRenderer( 4806): Incorrectly called buildLayer on View: ShortcutAndWidgetContainer, destroying layer...
W/OpenGLRenderer( 4806): Incorrectly called buildLayer on View: ShortcutAndWidgetContainer, destroying layer...
D/InitAlarmsService( 5454): Clearing and rescheduling alarms.
D/HeadsetStateMachine( 5058): Disconnected process message: 10, size: 0
