I/FFMPEG  ( 3692):   Duration: 00:00:01.92, start: 0.000000, bitrate: 76 kb/s
I/FFMPEG  ( 3692):     Stream #0:0: Audio: vorbis, 44100 Hz, mono, fltp, 80 kb/s
I/FFMPEG  ( 3692):     Metadata:
I/FFMPEG  ( 3692):       ARTIST          : Dr. MAD
I/FFMPEG  ( 3692):       TITLE           : Highwire
D/FFmpegExtractor( 3692): FFmpegExtrator, url: android-source:0xb400d3d0, format_name: ogg, format_long_name: Ogg
I/FFmpegExtractor( 3692): adjust mime(application/ogg -> audio/vorbis)
D/FFmpegExtractor( 3692): suppoted codec(vorbis) by official Stagefright
D/FFmpegExtractor( 3692): ffmpeg detected media content as 'audio/vorbis' with confidence 0.08
D/WVMDrmPlugIn( 3691): WVMDrmPlugin::onInitialize : 6893
D/WVMDrmPlugIn( 3691): WVMDrmPlugin::onSetOnInfoListener : add 6893
D/WVMDrmPlugIn( 3691): WVMDrmPlugin::onTerminate : 6893
I/FFmpegExtractor( 3692): android-source:0xb400d100
I/FFMPEG  ( 3692): Input #0, ogg, from 'android-source:0xb400d100':
I/FFMPEG  ( 3692):   Duration: 00:00:01.20, start: 0.000000, bitrate: 93 kb/s
I/FFMPEG  ( 3692):     Stream #0:0: Audio: vorbis, 44100 Hz, stereo, fltp, 96 kb/s
I/FFMPEG  ( 3692):     Metadata:
I/FFMPEG  ( 3692):       TITLE           : Hojus
D/FFmpegExtractor( 3692): FFmpegExtrator, url: android-source:0xb400d100, format_name: ogg, format_long_name: Ogg
I/FFmpegExtractor( 3692): adjust mime(application/ogg -> audio/vorbis)
D/FFmpegExtractor( 3692): suppoted codec(vorbis) by official Stagefright
D/FFmpegExtractor( 3692): ffmpeg detected media content as 'audio/vorbis' with confidence 0.08
D/WVMDrmPlugIn( 3691): WVMDrmPlugin::onInitialize : 5509
D/WVMDrmPlugIn( 3691): WVMDrmPlugin::onSetOnInfoListener : add 5509
D/WVMDrmPlugIn( 3691): WVMDrmPlugin::onTerminate : 5509
I/FFmpegExtractor( 3692): android-source:0xb0e2ef10
I/FFMPEG  ( 3692): Input #0, ogg, from 'android-source:0xb0e2ef10':
I/FFMPEG  ( 3692):   Duration: 00:00:01.75, start: 0.000000, bitrate: 205 kb/s
I/FFMPEG  ( 3692):     Stream #0:0: Audio: vorbis, 44100 Hz, stereo, fltp, 224 kb/s
I/FFMPEG  ( 3692):     Metadata:
I/FFMPEG  ( 3692):       TITLE           : Iapetus
D/FFmpegExtractor( 3692): FFmpegExtrator, url: android-source:0xb0e2ef10, format_name: ogg, format_long_name: Ogg
I/FFmpegExtractor( 3692): adjust mime(application/ogg -> audio/vorbis)
D/FFmpegExtractor( 3692): suppoted codec(vorbis) by official Stagefright
D/FFmpegExtractor( 3692): ffmpeg detected media content as 'audio/vorbis' with confidence 0.08
D/WVMDrmPlugIn( 3691): WVMDrmPlugin::onInitialize : 8004
D/WVMDrmPlugIn( 3691): WVMDrmPlugin::onSetOnInfoListener : add 8004
D/WVMDrmPlugIn( 3691): WVMDrmPlugin::onTerminate : 8004
I/FFmpegExtractor( 3692): android-source:0xb0e2eec0
I/FFMPEG  ( 3692): Input #0, ogg, from 'android-source:0xb0e2eec0':
I/FFMPEG  ( 3692):   Duration: 00:00:01.18, start: 0.000000, bitrate: 272 kb/s
I/FFMPEG  ( 3692):     Stream #0:0: Audio: vorbis, 44100 Hz, stereo, fltp, 224 kb/s
I/FFMPEG  ( 3692):     Metadata:
I/FFMPEG  ( 3692):       TITLE           : Io
D/FFmpegExtractor( 3692): FFmpegExtrator, url: android-source:0xb0e2eec0, format_name: ogg, format_long_name: Ogg
I/FFmpegExtractor( 3692): adjust mime(application/ogg -> audio/vorbis)
D/FFmpegExtractor( 3692): suppoted codec(vorbis) by official Stagefright
D/FFmpegExtractor( 3692): ffmpeg detected media content as 'audio/vorbis' with confidence 0.08
D/WVMDrmPlugIn( 3691): WVMDrmPlugin::onInitialize : 7643
D/WVMDrmPlugIn( 3691): WVMDrmPlugin::onSetOnInfoListener : add 7643
D/WVMDrmPlugIn( 3691): WVMDrmPlugin::onTerminate : 7643
I/FFmpegExtractor( 3692): android-source:0xb0e2e060
I/FFMPEG  ( 3692): Input #0, ogg, from 'android-source:0xb0e2e060':
I/FFMPEG  ( 3692):   Duration: 00:00:03.30, start: 0.000000, bitrate: 141 kb/s
I/FFMPEG  ( 3692):     Stream #0:0: Audio: vorbis, 44100 Hz, stereo, fltp, 160 kb/s
I/FFMPEG  ( 3692):     Metadata:
I/FFMPEG  ( 3692):       ANDROID_LOOP    : false
I/FFMPEG  ( 3692):       TITLE           : Iridium
D/FFmpegExtractor( 3692): FFmpegExtrator, url: android-source:0xb0e2e060, format_name: ogg, format_long_name: Ogg
I/FFmpegExtractor( 3692): adjust mime(application/ogg -> audio/vorbis)
D/FFmpegExtractor( 3692): suppoted codec(vorbis) by official Stagefright
D/FFmpegExtractor( 3692): ffmpeg detected media content as 'audio/vorbis' with confidence 0.08
D/WVMDrmPlugIn( 3691): WVMDrmPlugin::onInitialize : 4107
D/WVMDrmPlugIn( 3691): WVMDrmPlugin::onSetOnInfoListener : add 4107
D/WVMDrmPlugIn( 3691): WVMDrmPlugin::onTerminate : 4107
I/FFmpegExtractor( 3692): android-source:0xb0e2ec90
I/FFMPEG  ( 3692): Input #0, ogg, from 'android-source:0xb0e2ec90':
I/FFMPEG  ( 3692):   Duration: 00:00:00.67, start: 0.000000, bitrate: 138 kb/s
I/FFMPEG  ( 3692):     Stream #0:0: Audio: vorbis, 44100 Hz, stereo, fltp, 160 kb/s
I/FFMPEG  ( 3692):     Metadata:
I/FFMPEG  ( 3692):       ANDROID_LOOP    : false
I/FFMPEG  ( 3692):       TITLE           : Krypton
D/FFmpegExtractor( 3692): FFmpegExtrator, url: android-source:0xb0e2ec90, format_name: ogg, format_long_name: Ogg
I/FFmpegExtractor( 3692): adjust mime(application/ogg -> audio/vorbis)
D/FFmpegExtractor( 3692): suppoted codec(vorbis) by official Stagefright
D/FFmpegExtractor( 3692): ffmpeg detected media content as 'audio/vorbis' with confidence 0.08
D/WVMDrmPlugIn( 3691): WVMDrmPlugin::onInitialize : 6835
D/WVMDrmPlugIn( 3691): WVMDrmPlugin::onSetOnInfoListener : add 6835
D/WVMDrmPlugIn( 3691): WVMDrmPlugin::onTerminate : 6835
I/FFmpegExtractor( 3692): android-source:0xb0e2ee70
I/FFMPEG  ( 3692): Input #0, ogg, from 'android-source:0xb0e2ee70':
I/FFMPEG  ( 3692):   Duration: 00:00:01.92, start: 0.000000, bitrate: 65 kb/s
I/FFMPEG  ( 3692):     Stream #0:0: Audio: vorbis, 44100 Hz, mono, fltp, 80 kb/s
I/FFMPEG  ( 3692):     Metadata:
I/FFMPEG  ( 3692):       ARTIST          : Dr. MAD
I/FFMPEG  ( 3692):       TITLE           : Kzurb Sonar
D/FFmpegExtractor( 3692): FFmpegExtrator, url: android-source:0xb0e2ee70, format_name: ogg, format_long_name: Ogg
I/FFmpegExtractor( 3692): adjust mime(application/ogg -> audio/vorbis)
D/FFmpegExtractor( 3692): suppoted codec(vorbis) by official Stagefright
D/FFmpegExtractor( 3692): ffmpeg detected media content as 'audio/vorbis' with confidence 0.08
D/WVMDrmPlugIn( 3691): WVMDrmPlugin::onInitialize : 5498
D/WVMDrmPlugIn( 3691): WVMDrmPlugin::onSetOnInfoListener : add 5498
D/WVMDrmPlugIn( 3691): WVMDrmPlugin::onTerminate : 5498
I/FFmpegExtractor( 3692): android-source:0xb0e2e380
I/FFMPEG  ( 3692): Input #0, ogg, from 'android-source:0xb0e2e380':
I/FFMPEG  ( 3692):   Duration: 00:00:01.60, start: 0.000000, bitrate: 90 kb/s
I/FFMPEG  ( 3692):     Stream #0:0: Audio: vorbis, 44100 Hz, stereo, fltp, 112 kb/s
I/FFMPEG  ( 3692):     Metadata:
I/FFMPEG  ( 3692):       TITLE           : Lalande
D/FFmpegExtractor( 3692): FFmpegExtrator, url: android-source:0xb0e2e380, format_name: ogg, format_long_name: Ogg
I/FFmpegExtractor( 3692): adjust mime(application/ogg -> audio/vorbis)
D/FFmpegExtractor( 3692): suppoted codec(vorbis) by official Stagefright
D/FFmpegExtractor( 3692): ffmpeg detected media content as 'audio/vorbis' with confidence 0.08
D/WVMDrmPlugIn( 3691): WVMDrmPlugin::onInitialize : 4513
D/WVMDrmPlugIn( 3691): WVMDrmPlugin::onSetOnInfoListener : add 4513
D/WVMDrmPlugIn( 3691): WVMDrmPlugin::onTerminate : 4513
I/FFmpegExtractor( 3692): android-source:0xb400d330
I/FFMPEG  ( 3692): Input #0, ogg, from 'android-source:0xb400d330':
I/FFMPEG  ( 3692):   Duration: 00:00:01.85, start: 0.000000, bitrate: 50 kb/s
I/FFMPEG  ( 3692):     Stream #0:0: Audio: vorbis, 44100 Hz, stereo, fltp, 450 kb/s
I/FFMPEG  ( 3692):     Metadata:
I/FFMPEG  ( 3692):       ENCODER         : FL Studio
D/FFmpegExtractor( 3692): FFmpegExtrator, url: android-source:0xb400d330, format_name: ogg, format_long_name: Ogg
I/FFmpegExtractor( 3692): adjust mime(application/ogg -> audio/vorbis)
D/FFmpegExtractor( 3692): suppoted codec(vorbis) by official Stagefright
D/FFmpegExtractor( 3692): ffmpeg detected media content as 'audio/vorbis' with confidence 0.08
D/WVMDrmPlugIn( 3691): WVMDrmPlugin::onInitialize : 7927
D/WVMDrmPlugIn( 3691): WVMDrmPlugin::onSetOnInfoListener : add 7927
D/WVMDrmPlugIn( 3691): WVMDrmPlugin::onTerminate : 7927
I/FFmpegExtractor( 3692): android-source:0xb0dac0b0
I/FFMPEG  ( 3692): Input #0, ogg, from 'android-source:0xb0dac0b0':
I/FFMPEG  ( 3692):   Duration: 00:00:01.10, start: 0.000000, bitrate: 137 kb/s
I/FFMPEG  ( 3692):     Stream #0:0: Audio: vorbis, 48000 Hz, stereo, fltp, 112 kb/s
I/FFMPEG  ( 3692):     Metadata:
I/FFMPEG  ( 3692):       TITLE           : Merope
D/FFmpegExtractor( 3692): FFmpegExtrator, url: android-source:0xb0dac0b0, format_name: ogg, format_long_name: Ogg
I/FFmpegExtractor( 3692): adjust mime(application/ogg -> audio/vorbis)
D/FFmpegExtractor( 3692): suppoted codec(vorbis) by official Stagefright
D/FFmpegExtractor( 3692): ffmpeg detected media content as 'audio/vorbis' with confidence 0.08
D/WVMDrmPlugIn( 3691): WVMDrmPlugin::onInitialize : 7615
D/WVMDrmPlugIn( 3691): WVMDrmPlugin::onSetOnInfoListener : add 7615
D/WVMDrmPlugIn( 3691): WVMDrmPlugin::onTerminate : 7615
I/FFmpegExtractor( 3692): android-source:0xb0dac240
I/FFMPEG  ( 3692): Input #0, ogg, from 'android-source:0xb0dac240':
I/FFMPEG  ( 3692):   Duration: 00:00:01.20, start: 0.000000, bitrate: 118 kb/s
I/FFMPEG  ( 3692):     Stream #0:0: Audio: vorbis, 44100 Hz, stereo, fltp, 112 kb/s
I/FFMPEG  ( 3692):     Metadata:
I/FFMPEG  ( 3692):       TITLE           : Mira
D/FFmpegExtractor( 3692): FFmpegExtrator, url: android-source:0xb0dac240, format_name: ogg, format_long_name: Ogg
I/FFmpegExtractor( 3692): adjust mime(application/ogg -> audio/vorbis)
D/FFmpegExtractor( 3692): suppoted codec(vorbis) by official Stagefright
D/FFmpegExtractor( 3692): ffmpeg detected media content as 'audio/vorbis' with confidence 0.08
D/WVMDrmPlugIn( 3691): WVMDrmPlugin::onInitialize : 7231
D/WVMDrmPlugIn( 3691): WVMDrmPlugin::onSetOnInfoListener : add 7231
D/WVMDrmPlugIn( 3691): WVMDrmPlugin::onTerminate : 7231
I/FFmpegExtractor( 3692): android-source:0xb0dac510
I/FFMPEG  ( 3692): Input #0, ogg, from 'android-source:0xb0dac510':
I/FFMPEG  ( 3692):   Duration: 00:00:01.72, start: 0.000000, bitrate: 147 kb/s
I/FFMPEG  ( 3692):     Stream #0:0: Audio: vorbis, 44100 Hz, stereo, fltp, 320 kb/s
I/FFMPEG  ( 3692):     Metadata:
I/FFMPEG  ( 3692):       TITLE           : Naughty
I/FFMPEG  ( 3692):       ENCODER         : FL Studio
D/FFmpegExtractor( 3692): FFmpegExtrator, url: android-source:0xb0dac510, format_name: ogg, format_long_name: Ogg
I/FFmpegExtractor( 3692): adjust mime(application/ogg -> audio/vorbis)
D/FFmpegExtractor( 3692): suppoted codec(vorbis) by official Stagefright
D/FFmpegExtractor( 3692): ffmpeg detected media content as 'audio/vorbis' with confidence 0.08
D/WVMDrmPlugIn( 3691): WVMDrmPlugin::onInitialize : 4558
D/WVMDrmPlugIn( 3691): WVMDrmPlugin::onSetOnInfoListener : add 4558
D/WVMDrmPlugIn( 3691): WVMDrmPlugin::onTerminate : 4558
I/FFmpegExtractor( 3692): android-source:0xb0e2ece0
I/FFMPEG  ( 3692): Input #0, ogg, from 'android-source:0xb0e2ece0':
I/FFMPEG  ( 3692):   Duration: 00:00:01.92, start: 0.000000, bitrate: 83 kb/s
I/FFMPEG  ( 3692):     Stream #0:0: Audio: vorbis, 44100 Hz, mono, fltp, 80 kb/s
I/FFMPEG  ( 3692):     Metadata:
I/FFMPEG  ( 3692):       ARTIST          : Dr. MAD
I/FFMPEG  ( 3692):       TITLE           : On The Hunt
D/FFmpegExtractor( 3692): FFmpegExtrator, url: android-source:0xb0e2ece0, format_name: ogg, format_long_name: Ogg
I/FFmpegExtractor( 3692): adjust mime(application/ogg -> audio/vorbis)
D/FFmpegExtractor( 3692): suppoted codec(vorbis) by official Stagefright
D/FFmpegExtractor( 3692): ffmpeg detected media content as 'audio/vorbis' with confidence 0.08
D/WVMDrmPlugIn( 3691): WVMDrmPlugin::onInitialize : 4200
D/WVMDrmPlugIn( 3691): WVMDrmPlugin::onSetOnInfoListener : add 4200
D/WVMDrmPlugIn( 3691): WVMDrmPlugin::onTerminate : 4200
I/FFmpegExtractor( 3692): android-source:0xb0e2e880
I/FFMPEG  ( 3692): Input #0, ogg, from 'android-source:0xb0e2e880':
I/FFMPEG  ( 3692):   Duration: 00:00:01.59, start: 0.000000, bitrate: 73 kb/s
I/FFMPEG  ( 3692):     Stream #0:0: Audio: vorbis, 44100 Hz, stereo, fltp, 112 kb/s
I/FFMPEG  ( 3692):     Metadata:
I/FFMPEG  ( 3692):       ANDROID_LOOP    : false
I/FFMPEG  ( 3692):       TITLE           : Palladium
D/FFmpegExtractor( 3692): FFmpegExtrator, url: android-source:0xb0e2e880, format_name: ogg, format_long_name: Ogg
I/FFmpegExtractor( 3692): adjust mime(application/ogg -> audio/vorbis)
D/FFmpegExtractor( 3692): suppoted codec(vorbis) by official Stagefright
D/FFmpegExtractor( 3692): ffmpeg detected media content as 'audio/vorbis' with confidence 0.08
D/WVMDrmPlugIn( 3691): WVMDrmPlugin::onInitialize : 7072
D/WVMDrmPlugIn( 3691): WVMDrmPlugin::onSetOnInfoListener : add 7072
D/WVMDrmPlugIn( 3691): WVMDrmPlugin::onTerminate : 7072
I/FFmpegExtractor( 3692): android-source:0xb0e2ea60
I/FFMPEG  ( 3692): Input #0, ogg, from 'android-source:0xb0e2ea60':
I/FFMPEG  ( 3692):   Duration: 00:00:00.40, start: 0.000000, bitrate: 134 kb/s
I/FFMPEG  ( 3692):     Stream #0:0: Audio: vorbis, 44100 Hz, mono, fltp, 75 kb/s
I/FFMPEG  ( 3692):     Metadata:
I/FFMPEG  ( 3692):       COPYRIGHT       : (c) Copyright 2009 Android Open Source Project
I/FFMPEG  ( 3692):       TITLE           : Plastic Pipe
D/FFmpegExtractor( 3692): FFmpegExtrator, url: android-source:0xb0e2ea60, format_name: ogg, format_long_name: Ogg
I/FFmpegExtractor( 3692): adjust mime(application/ogg -> audio/vorbis)
D/FFmpegExtractor( 3692): suppoted codec(vorbis) by official Stagefright
D/FFmpegExtractor( 3692): ffmpeg detected media content as 'audio/vorbis' with confidence 0.08
D/WVMDrmPlugIn( 3691): WVMDrmPlugin::onInitialize : 5039
D/WVMDrmPlugIn( 3691): WVMDrmPlugin::onSetOnInfoListener : add 5039
D/WVMDrmPlugIn( 3691): WVMDrmPlugin::onTerminate : 5039
I/FFmpegExtractor( 3692): android-source:0xb0b9d240
I/FFMPEG  ( 3692): Input #0, ogg, from 'android-source:0xb0b9d240':
I/FFMPEG  ( 3692):   Duration: 00:00:02.36, start: 0.000000, bitrate: 69 kb/s
I/FFMPEG  ( 3692):     Stream #0:0: Audio: vorbis, 44100 Hz, mono, fltp, 80 kb/s
I/FFMPEG  ( 3692):     Metadata:
I/FFMPEG  ( 3692):       ANDROID_LOOP    : false
I/FFMPEG  ( 3692):       TITLE           : Polaris
D/FFmpegExtractor( 3692): FFmpegExtrator, url: android-source:0xb0b9d240, format_name: ogg, format_long_name: Ogg
I/FFmpegExtractor( 3692): adjust mime(application/ogg -> audio/vorbis)
D/FFmpegExtractor( 3692): suppoted codec(vorbis) by official Stagefright
D/FFmpegExtractor( 3692): ffmpeg detected media content as 'audio/vorbis' with confidence 0.08
D/WVMDrmPlugIn( 3691): WVMDrmPlugin::onInitialize : 6991
D/WVMDrmPlugIn( 3691): WVMDrmPlugin::onSetOnInfoListener : add 6991
D/WVMDrmPlugIn( 3691): WVMDrmPlugin::onTerminate : 6991
I/FFmpegExtractor( 3692): android-source:0xb0b9ddd0
I/FFMPEG  ( 3692): Input #0, ogg, from 'android-source:0xb0b9ddd0':
I/FFMPEG  ( 3692):   Duration: 00:00:02.59, start: 0.000000, bitrate: 72 kb/s
I/FFMPEG  ( 3692):     Stream #0:0: Audio: vorbis, 44100 Hz, mono, fltp, 80 kb/s
I/FFMPEG  ( 3692):     Metadata:
I/FFMPEG  ( 3692):       ARTIST          : pdx
I/FFMPEG  ( 3692):       ALBUM           : Unknown
I/FFMPEG  ( 3692):       GENRE           : Unknown
I/FFMPEG  ( 3692):       ANDROID_LOOP    : false
I/FFMPEG  ( 3692):       TITLE           : Pollux
D/FFmpegExtractor( 3692): FFmpegExtrator, url: android-source:0xb0b9ddd0, format_name: ogg, format_long_name: Ogg
I/FFmpegExtractor( 3692): adjust mime(application/ogg -> audio/vorbis)
D/FFmpegExtractor( 3692): suppoted codec(vorbis) by official Stagefright
D/FFmpegExtractor( 3692): ffmpeg detected media content as 'audio/vorbis' with confidence 0.08
D/WVMDrmPlugIn( 3691): WVMDrmPlugin::onInitialize : 7896
D/WVMDrmPlugIn( 3691): WVMDrmPlugin::onSetOnInfoListener : add 7896
D/WVMDrmPlugIn( 3691): WVMDrmPlugin::onTerminate : 7896
I/FFmpegExtractor( 3692): android-source:0xb0b9dce0
I/FFMPEG  ( 3692): Input #0, ogg, from 'android-source:0xb0b9dce0':
I/FFMPEG  ( 3692):   Duration: 00:00:01.72, start: 0.000000, bitrate: 170 kb/s
I/FFMPEG  ( 3692):     Stream #0:0: Audio: vorbis, 44100 Hz, stereo, fltp, 320 kb/s
I/FFMPEG  ( 3692):     Metadata:
I/FFMPEG  ( 3692):       TITLE           : Pong
I/FFMPEG  ( 3692):       ENCODER         : FL Studio
D/FFmpegExtractor( 3692): FFmpegExtrator, url: android-source:0xb0b9dce0, format_name: ogg, format_long_name: Ogg
I/FFmpegExtractor( 3692): adjust mime(application/ogg -> audio/vorbis)
D/FFmpegExtractor( 3692): suppoted codec(vorbis) by official Stagefright
D/FFmpegExtractor( 3692): ffmpeg detected media content as 'audio/vorbis' with confidence 0.08
D/WVMDrmPlugIn( 3691): WVMDrmPlugin::onInitialize : 7973
D/WVMDrmPlugIn( 3691): WVMDrmPlugin::onSetOnInfoListener : add 7973
D/WVMDrmPlugIn( 3691): WVMDrmPlugin::onTerminate : 7973
I/FFmpegExtractor( 3692): android-source:0xb0b9db50
I/FFMPEG  ( 3692): Input #0, ogg, from 'android-source:0xb0b9db50':
I/FFMPEG  ( 3692):   Duration: 00:00:02.62, start: 0.000000, bitrate: 68 kb/s
I/FFMPEG  ( 3692):     Stream #0:0: Audio: vorbis, 44100 Hz, mono, fltp, 80 kb/s
I/FFMPEG  ( 3692):     Metadata:
I/FFMPEG  ( 3692):       ANDROID_LOOP    : false
I/FFMPEG  ( 3692):       TITLE           : Procyon
D/FFmpegExtractor( 3692): FFmpegExtrator, url: android-source:0xb0b9db50, format_name: ogg, format_long_name: Ogg
I/FFmpegExtractor( 3692): adjust mime(application/ogg -> audio/vorbis)
D/FFmpegExtractor( 3692): suppoted codec(vorbis) by official Stagefright
D/FFmpegExtractor( 3692): ffmpeg detected media content as 'audio/vorbis' with confidence 0.08
D/WVMDrmPlugIn( 3691): WVMDrmPlugin::onInitialize : 7986
D/WVMDrmPlugIn( 3691): WVMDrmPlugin::onSetOnInfoListener : add 7986
D/WVMDrmPlugIn( 3691): WVMDrmPlugin::onTerminate : 7986
I/FFmpegExtractor( 3692): android-source:0xb0b9da10
I/FFMPEG  ( 3692): Input #0, ogg, from 'android-source:0xb0b9da10':
I/FFMPEG  ( 3692):   Duration: 00:00:01.00, start: 0.000000, bitrate: 105 kb/s
I/FFMPEG  ( 3692):     Stream #0:0: Audio: vorbis, 44100 Hz, stereo, fltp, 112 kb/s
I/FFMPEG  ( 3692):     Metadata:
I/FFMPEG  ( 3692):       TITLE           : Proxima
D/FFmpegExtractor( 3692): FFmpegExtrator, url: android-source:0xb0b9da10, format_name: ogg, format_long_name: Ogg
I/FFmpegExtractor( 3692): adjust mime(application/ogg -> audio/vorbis)
D/FFmpegExtractor( 3692): suppoted codec(vorbis) by official Stagefright
D/FFmpegExtractor( 3692): ffmpeg detected media content as 'audio/vorbis' with confidence 0.08
D/WVMDrmPlugIn( 3691): WVMDrmPlugin::onInitialize : 4624
D/WVMDrmPlugIn( 3691): WVMDrmPlugin::onSetOnInfoListener : add 4624
D/WVMDrmPlugIn( 3691): WVMDrmPlugin::onTerminate : 4624
I/FFmpegExtractor( 3692): android-source:0xb0b9d9c0
I/FFMPEG  ( 3692): Input #0, ogg, from 'android-source:0xb0b9d9c0':
I/FFMPEG  ( 3692):   Duration: 00:00:01.80, start: 0.000000, bitrate: 112 kb/s
I/FFMPEG  ( 3692):     Stream #0:0: Audio: vorbis, 44100 Hz, stereo, fltp, 112 kb/s
D/FFmpegExtractor( 3692): FFmpegExtrator, url: android-source:0xb0b9d9c0, format_name: ogg, format_long_name: Ogg
I/FFmpegExtractor( 3692): adjust mime(application/ogg -> audio/vorbis)
D/FFmpegExtractor( 3692): suppoted codec(vorbis) by official Stagefright
D/FFmpegExtractor( 3692): ffmpeg detected media content as 'audio/vorbis' with confidence 0.08
D/WVMDrmPlugIn( 3691): WVMDrmPlugin::onInitialize : 5986
D/WVMDrmPlugIn( 3691): WVMDrmPlugin::onSetOnInfoListener : add 5986
D/WVMDrmPlugIn( 3691): WVMDrmPlugin::onTerminate : 5986
I/FFmpegExtractor( 3692): android-source:0xb6055e70
I/FFMPEG  ( 3692): Input #0, ogg, from 'android-source:0xb6055e70':
I/FFMPEG  ( 3692):   Duration: 00:00:01.72, start: 0.000000, bitrate: 443 kb/s
I/FFMPEG  ( 3692):     Stream #0:0: Audio: vorbis, 44100 Hz, stereo, fltp, 450 kb/s
I/FFMPEG  ( 3692):     Metadata:
I/FFMPEG  ( 3692):       TITLE           : Rang
I/FFMPEG  ( 3692):       ENCODER         : FL Studio
D/FFmpegExtractor( 3692): FFmpegExtrator, url: android-source:0xb6055e70, format_name: ogg, format_long_name: Ogg
I/FFmpegExtractor( 3692): adjust mime(application/ogg -> audio/vorbis)
D/FFmpegExtractor( 3692): suppoted codec(vorbis) by official Stagefright
D/FFmpegExtractor( 3692): ffmpeg detected media content as 'audio/vorbis' with confidence 0.08
D/WVMDrmPlugIn( 3691): WVMDrmPlugin::onInitialize : 5454
D/WVMDrmPlugIn( 3691): WVMDrmPlugin::onSetOnInfoListener : add 5454
D/WVMDrmPlugIn( 3691): WVMDrmPlugin::onTerminate : 5454
I/FFmpegExtractor( 3692): android-source:0xb6055fb0
I/FFMPEG  ( 3692): Input #0, ogg, from 'android-source:0xb6055fb0':
I/FFMPEG  ( 3692):   Duration: 00:00:00.81, start: 0.000000, bitrate: 222 kb/s
I/FFMPEG  ( 3692):     Stream #0:0: Audio: vorbis, 44100 Hz, stereo, fltp, 224 kb/s
I/FFMPEG  ( 3692):     Metadata:
I/FFMPEG  ( 3692):       TITLE           : Rhea
D/FFmpegExtractor( 3692): FFmpegExtrator, url: android-source:0xb6055fb0, format_name: ogg, format_long_name: Ogg
I/FFmpegExtractor( 3692): adjust mime(application/ogg -> audio/vorbis)
D/FFmpegExtractor( 3692): suppoted codec(vorbis) by official Stagefright
D/FFmpegExtractor( 3692): ffmpeg detected media content as 'audio/vorbis' with confidence 0.08
D/WVMDrmPlugIn( 3691): WVMDrmPlugin::onInitialize : 5777
D/WVMDrmPlugIn( 3691): WVMDrmPlugin::onSetOnInfoListener : add 5777
D/WVMDrmPlugIn( 3691): WVMDrmPlugin::onTerminate : 5777
I/FFmpegExtractor( 3692): android-source:0xb452c150
I/FFMPEG  ( 3692): Input #0, ogg, from 'android-source:0xb452c150':
I/FFMPEG  ( 3692):   Duration: 00:00:01.80, start: 0.000000, bitrate: 94 kb/s
I/FFMPEG  ( 3692):     Stream #0:0: Audio: vorbis, 44100 Hz, stereo, fltp, 112 kb/s
I/FFMPEG  ( 3692):     Metadata:
I/FFMPEG  ( 3692):       ANDROID_LOOP    : false
I/FFMPEG  ( 3692):       TITLE           : Rubidium
D/FFmpegExtractor( 3692): FFmpegExtrator, url: android-source:0xb452c150, format_name: ogg, format_long_name: Ogg
I/FFmpegExtractor( 3692): adjust mime(application/ogg -> audio/vorbis)
D/FFmpegExtractor( 3692): suppoted codec(vorbis) by official Stagefright
D/FFmpegExtractor( 3692): ffmpeg detected media content as 'audio/vorbis' with confidence 0.08
D/WVMDrmPlugIn( 3691): WVMDrmPlugin::onInitialize : 4390
D/WVMDrmPlugIn( 3691): WVMDrmPlugin::onSetOnInfoListener : add 4390
W/SurfaceFlinger( 3689): Ignoring duplicate VSYNC event from HWC (t=25125119835)
D/WVMDrmPlugIn( 3691): WVMDrmPlugin::onTerminate : 4390
I/FFmpegExtractor( 3692): android-source:0xb452c1f0
I/FFMPEG  ( 3692): Input #0, ogg, from 'android-source:0xb452c1f0':
I/FFMPEG  ( 3692):   Duration: 00:00:01.49, start: 0.000000, bitrate: 217 kb/s
I/FFMPEG  ( 3692):     Stream #0:0: Audio: vorbis, 44100 Hz, stereo, fltp, 224 kb/s
I/FFMPEG  ( 3692):     Metadata:
I/FFMPEG  ( 3692):       TITLE           : Salacia
D/FFmpegExtractor( 3692): FFmpegExtrator, url: android-source:0xb452c1f0, format_name: ogg, format_long_name: Ogg
I/FFmpegExtractor( 3692): adjust mime(application/ogg -> audio/vorbis)
D/FFmpegExtractor( 3692): suppoted codec(vorbis) by official Stagefright
D/FFmpegExtractor( 3692): ffmpeg detected media content as 'audio/vorbis' with confidence 0.08
D/WVMDrmPlugIn( 3691): WVMDrmPlugin::onInitialize : 4948
D/WVMDrmPlugIn( 3691): WVMDrmPlugin::onSetOnInfoListener : add 4948
D/WVMDrmPlugIn( 3691): WVMDrmPlugin::onTerminate : 4948
I/FFmpegExtractor( 3692): android-source:0xb452c560
I/FFMPEG  ( 3692): Input #0, ogg, from 'android-source:0xb452c560':
I/FFMPEG  ( 3692):   Duration: 00:00:01.00, start: 0.000000, bitrate: 87 kb/s
I/FFMPEG  ( 3692):     Stream #0:0: Audio: vorbis, 44100 Hz, stereo, fltp, 112 kb/s
D/FFmpegExtractor( 3692): FFmpegExtrator, url: android-source:0xb452c560, format_name: ogg, format_long_name: Ogg
I/FFmpegExtractor( 3692): adjust mime(application/ogg -> audio/vorbis)
D/FFmpegExtractor( 3692): suppoted codec(vorbis) by official Stagefright
D/FFmpegExtractor( 3692): ffmpeg detected media content as 'audio/vorbis' with confidence 0.08
D/WVMDrmPlugIn( 3691): WVMDrmPlugin::onInitialize : 6731
D/WVMDrmPlugIn( 3691): WVMDrmPlugin::onSetOnInfoListener : add 6731
D/WVMDrmPlugIn( 3691): WVMDrmPlugin::onTerminate : 6731
I/FFmpegExtractor( 3692): android-source:0xb452c4c0
I/FFMPEG  ( 3692): Input #0, ogg, from 'android-source:0xb452c4c0':
I/FFMPEG  ( 3692):   Duration: 00:00:01.37, start: 0.000000, bitrate: 141 kb/s
I/FFMPEG  ( 3692):     Stream #0:0: Audio: vorbis, 44100 Hz, stereo, fltp, 112 kb/s
I/FFMPEG  ( 3692):     Metadata:
I/FFMPEG  ( 3692):       TITLE           : Shaula
D/FFmpegExtractor( 3692): FFmpegExtrator, url: android-source:0xb452c4c0, format_name: ogg, format_long_name: Ogg
I/FFmpegExtractor( 3692): adjust mime(application/ogg -> audio/vorbis)
D/FFmpegExtractor( 3692): suppoted codec(vorbis) by official Stagefright
D/FFmpegExtractor( 3692): ffmpeg detected media content as 'audio/vorbis' with confidence 0.08
D/WVMDrmPlugIn( 3691): WVMDrmPlugin::onInitialize : 4182
D/WVMDrmPlugIn( 3691): WVMDrmPlugin::onSetOnInfoListener : add 4182
D/WVMDrmPlugIn( 3691): WVMDrmPlugin::onTerminate : 4182
I/FFmpegExtractor( 3692): android-source:0xb0dac470
E/SQLiteLog( 5300): (284) automatic index on view_events(_id)
I/FFMPEG  ( 3692): Input #0, ogg, from 'android-source:0xb0dac470':
I/FFMPEG  ( 3692):   Duration: 00:00:01.31, start: 0.000000, bitrate: 128 kb/s
I/FFMPEG  ( 3692):     Stream #0:0: Audio: vorbis, 44100 Hz, stereo, fltp, 112 kb/s
I/FFMPEG  ( 3692):     Metadata:
I/FFMPEG  ( 3692):       TITLE           : Sirrah
D/FFmpegExtractor( 3692): FFmpegExtrator, url: android-source:0xb0dac470, format_name: ogg, format_long_name: Ogg
I/FFmpegExtractor( 3692): adjust mime(application/ogg -> audio/vorbis)
D/FFmpegExtractor( 3692): suppoted codec(vorbis) by official Stagefright
D/FFmpegExtractor( 3692): ffmpeg detected media content as 'audio/vorbis' with confidence 0.08
D/WVMDrmPlugIn( 3691): WVMDrmPlugin::onInitialize : 6222
D/WVMDrmPlugIn( 3691): WVMDrmPlugin::onSetOnInfoListener : add 6222
D/WVMDrmPlugIn( 3691): WVMDrmPlugin::onTerminate : 6222
I/FFmpegExtractor( 3692): android-source:0xb6055ba0
I/FFMPEG  ( 3692): Input #0, ogg, from 'android-source:0xb6055ba0':
I/FFMPEG  ( 3692):   Duration: 00:00:02.88, start: 0.000000, bitrate: 72 kb/s
I/FFMPEG  ( 3692):     Stream #0:0: Audio: vorbis, 44100 Hz, mono, fltp, 75 kb/s
I/FFMPEG  ( 3692):     Metadata:
I/FFMPEG  ( 3692):       COPYRIGHT       : Copyright (c) 2009 Android Open Source Project
I/FFMPEG  ( 3692):       TITLE           : Space Seed
I/FFMPEG  ( 3692):       ARTIST          : Dave Sparks
D/FFmpegExtractor( 3692): FFmpegExtrator, url: android-source:0xb6055ba0, format_name: ogg, format_long_name: Ogg
I/FFmpegExtractor( 3692): adjust mime(application/ogg -> audio/vorbis)
D/FFmpegExtractor( 3692): suppoted codec(vorbis) by official Stagefright
D/FFmpegExtractor( 3692): ffmpeg detected media content as 'audio/vorbis' with confidence 0.08
D/WVMDrmPlugIn( 3691): WVMDrmPlugin::onInitialize : 6456
D/WVMDrmPlugIn( 3691): WVMDrmPlugin::onSetOnInfoListener : add 6456
D/WVMDrmPlugIn( 3691): WVMDrmPlugin::onTerminate : 6456
I/FFmpegExtractor( 3692): android-source:0xb0b9db00
I/FFMPEG  ( 3692): Input #0, ogg, from 'android-source:0xb0b9db00':
I/FFMPEG  ( 3692):   Duration: 00:00:00.90, start: 0.000000, bitrate: 80 kb/s
I/FFMPEG  ( 3692):     Stream #0:0: Audio: vorbis, 44100 Hz, stereo, fltp, 112 kb/s
I/FFMPEG  ( 3692):     Metadata:
I/FFMPEG  ( 3692):       TITLE           : Spica
D/FFmpegExtractor( 3692): FFmpegExtrator, url: android-source:0xb0b9db00, format_name: ogg, format_long_name: Ogg
I/FFmpegExtractor( 3692): adjust mime(application/ogg -> audio/vorbis)
D/FFmpegExtractor( 3692): suppoted codec(vorbis) by official Stagefright
D/FFmpegExtractor( 3692): ffmpeg detected media content as 'audio/vorbis' with confidence 0.08
D/WVMDrmPlugIn( 3691): WVMDrmPlugin::onInitialize : 4146
D/WVMDrmPlugIn( 3691): WVMDrmPlugin::onSetOnInfoListener : add 4146
D/WVMDrmPlugIn( 3691): WVMDrmPlugin::onTerminate : 4146
I/FFmpegExtractor( 3692): android-source:0xb0b9d330
I/FFMPEG  ( 3692): Input #0, ogg, from 'android-source:0xb0b9d330':
I/FFMPEG  ( 3692):   Duration: 00:00:01.88, start: 0.000000, bitrate: 239 kb/s
I/FFMPEG  ( 3692):     Stream #0:0: Audio: vorbis, 44100 Hz, stereo, fltp, 450 kb/s
I/FFMPEG  ( 3692):     Metadata:
I/FFMPEG  ( 3692):       TITLE           : Stone
I/FFMPEG  ( 3692):       ENCODER         : FL Studio
D/FFmpegExtractor( 3692): FFmpegExtrator, url: android-source:0xb0b9d330, format_name: ogg, format_long_name: Ogg
I/FFmpegExtractor( 3692): adjust mime(application/ogg -> audio/vorbis)
D/FFmpegExtractor( 3692): suppoted codec(vorbis) by official Stagefright
D/FFmpegExtractor( 3692): ffmpeg detected media content as 'audio/vorbis' with confidence 0.08
D/WVMDrmPlugIn( 3691): WVMDrmPlugin::onInitialize : 7351
D/WVMDrmPlugIn( 3691): WVMDrmPlugin::onSetOnInfoListener : add 7351
D/WVMDrmPlugIn( 3691): WVMDrmPlugin::onTerminate : 7351
I/FFmpegExtractor( 3692): android-source:0xb420de20
I/FFMPEG  ( 3692): Input #0, ogg, from 'android-source:0xb420de20':
I/FFMPEG  ( 3692):   Duration: 00:00:03.00, start: 0.000000, bitrate: 104 kb/s
I/FFMPEG  ( 3692):     Stream #0:0: Audio: vorbis, 44100 Hz, stereo, fltp, 112 kb/s
I/FFMPEG  ( 3692):     Metadata:
I/FFMPEG  ( 3692):       ANDROID_LOOP    : false
I/FFMPEG  ( 3692):       TITLE           : Strontium
D/FFmpegExtractor( 3692): FFmpegExtrator, url: android-source:0xb420de20, format_name: ogg, format_long_name: Ogg
I/FFmpegExtractor( 3692): adjust mime(application/ogg -> audio/vorbis)
D/FFmpegExtractor( 3692): suppoted codec(vorbis) by official Stagefright
D/FFmpegExtractor( 3692): ffmpeg detected media content as 'audio/vorbis' with confidence 0.08
D/WVMDrmPlugIn( 3691): WVMDrmPlugin::onInitialize : 5158
D/WVMDrmPlugIn( 3691): WVMDrmPlugin::onSetOnInfoListener : add 5158
D/WVMDrmPlugIn( 3691): WVMDrmPlugin::onTerminate : 5158
I/FFmpegExtractor( 3692): android-source:0xb0b9d970
I/FFMPEG  ( 3692): Input #0, ogg, from 'android-source:0xb0b9d970':
I/FFMPEG  ( 3692):   Duration: 00:00:00.75, start: 0.000000, bitrate: 90 kb/s
I/FFMPEG  ( 3692):     Stream #0:0: Audio: vorbis, 44100 Hz, mono, fltp, 70 kb/s
I/FFMPEG  ( 3692):     Metadata:
I/FFMPEG  ( 3692):       ANDROID_LOOP    : false
I/FFMPEG  ( 3692):       TITLE           : Syrma
D/FFmpegExtractor( 3692): FFmpegExtrator, url: android-source:0xb0b9d970, format_name: ogg, format_long_name: Ogg
I/FFmpegExtractor( 3692): adjust mime(application/ogg -> audio/vorbis)
D/FFmpegExtractor( 3692): suppoted codec(vorbis) by official Stagefright
D/FFmpegExtractor( 3692): ffmpeg detected media content as 'audio/vorbis' with confidence 0.08
D/WVMDrmPlugIn( 3691): WVMDrmPlugin::onInitialize : 5559
D/WVMDrmPlugIn( 3691): WVMDrmPlugin::onSetOnInfoListener : add 5559
D/WVMDrmPlugIn( 3691): WVMDrmPlugin::onTerminate : 5559
I/FFmpegExtractor( 3692): android-source:0xb0e2e6f0
I/FFMPEG  ( 3692): Input #0, ogg, from 'android-source:0xb0e2e6f0':
I/FFMPEG  ( 3692):   Duration: 00:00:03.29, start: 0.000000, bitrate: 105 kb/s
I/FFMPEG  ( 3692):     Stream #0:0: Audio: vorbis, 48000 Hz, stereo, fltp, 112 kb/s
I/FFMPEG  ( 3692):     Metadata:
I/FFMPEG  ( 3692):       TITLE           : Ta Da
D/FFmpegExtractor( 3692): FFmpegExtrator, url: android-source:0xb0e2e6f0, format_name: ogg, format_long_name: Ogg
I/FFmpegExtractor( 3692): adjust mime(application/ogg -> audio/vorbis)
D/FFmpegExtractor( 3692): suppoted codec(vorbis) by official Stagefright
D/FFmpegExtractor( 3692): ffmpeg detected media content as 'audio/vorbis' with confidence 0.08
D/WVMDrmPlugIn( 3691): WVMDrmPlugin::onInitialize : 7163
D/WVMDrmPlugIn( 3691): WVMDrmPlugin::onSetOnInfoListener : add 7163
D/WVMDrmPlugIn( 3691): WVMDrmPlugin::onTerminate : 7163
I/FFmpegExtractor( 3692): android-source:0xb0e2efb0
I/FFMPEG  ( 3692): Input #0, ogg, from 'android-source:0xb0e2efb0':
I/FFMPEG  ( 3692):   Duration: 00:00:01.13, start: 0.000000, bitrate: 74 kb/s
I/FFMPEG  ( 3692):     Stream #0:0: Audio: vorbis, 44100 Hz, mono, fltp, 70 kb/s
I/FFMPEG  ( 3692):     Metadata:
I/FFMPEG  ( 3692):       ANDROID_LOOP    : false
I/FFMPEG  ( 3692):       TITLE           : Talitha
D/FFmpegExtractor( 3692): FFmpegExtrator, url: android-source:0xb0e2efb0, format_name: ogg, format_long_name: Ogg
I/FFmpegExtractor( 3692): adjust mime(application/ogg -> audio/vorbis)
D/FFmpegExtractor( 3692): suppoted codec(vorbis) by official Stagefright
D/FFmpegExtractor( 3692): ffmpeg detected media content as 'audio/vorbis' with confidence 0.08
D/WVMDrmPlugIn( 3691): WVMDrmPlugin::onInitialize : 4609
D/WVMDrmPlugIn( 3691): WVMDrmPlugin::onSetOnInfoListener : add 4609
D/WVMDrmPlugIn( 3691): WVMDrmPlugin::onTerminate : 4609
I/FFmpegExtractor( 3692): android-source:0xb0e2ea10
I/FFMPEG  ( 3692): Input #0, ogg, from 'android-source:0xb0e2ea10':
I/FFMPEG  ( 3692):   Duration: 00:00:01.20, start: 0.000000, bitrate: 105 kb/s
I/FFMPEG  ( 3692):     Stream #0:0: Audio: vorbis, 44100 Hz, stereo, fltp, 112 kb/s
I/FFMPEG  ( 3692):     Metadata:
I/FFMPEG  ( 3692):       TITLE           : Tejat
D/FFmpegExtractor( 3692): FFmpegExtrator, url: android-source:0xb0e2ea10, format_name: ogg, format_long_name: Ogg
I/FFmpegExtractor( 3692): adjust mime(application/ogg -> audio/vorbis)
D/FFmpegExtractor( 3692): suppoted codec(vorbis) by official Stagefright
D/FFmpegExtractor( 3692): ffmpeg detected media content as 'audio/vorbis' with confidence 0.08
D/WVMDrmPlugIn( 3691): WVMDrmPlugin::onInitialize : 5570
D/WVMDrmPlugIn( 3691): WVMDrmPlugin::onSetOnInfoListener : add 5570
D/WVMDrmPlugIn( 3691): WVMDrmPlugin::onTerminate : 5570
I/FFmpegExtractor( 3692): android-source:0xb0e65150
I/FFMPEG  ( 3692): Input #0, ogg, from 'android-source:0xb0e65150':
I/FFMPEG  ( 3692):   Duration: 00:00:01.26, start: 0.000000, bitrate: 254 kb/s
I/FFMPEG  ( 3692):     Stream #0:0: Audio: vorbis, 44100 Hz, stereo, fltp, 224 kb/s
I/FFMPEG  ( 3692):     Metadata:
I/FFMPEG  ( 3692):       TITLE           : Tethys
D/FFmpegExtractor( 3692): FFmpegExtrator, url: android-source:0xb0e65150, format_name: ogg, format_long_name: Ogg
I/FFmpegExtractor( 3692): adjust mime(application/ogg -> audio/vorbis)
D/FFmpegExtractor( 3692): suppoted codec(vorbis) by official Stagefright
D/FFmpegExtractor( 3692): ffmpeg detected media content as 'audio/vorbis' with confidence 0.08
D/WVMDrmPlugIn( 3691): WVMDrmPlugin::onInitialize : 5806
D/WVMDrmPlugIn( 3691): WVMDrmPlugin::onSetOnInfoListener : add 5806
D/WVMDrmPlugIn( 3691): WVMDrmPlugin::onTerminate : 5806
I/FFmpegExtractor( 3692): android-source:0xb420d240
I/FFMPEG  ( 3692): Input #0, ogg, from 'android-source:0xb420d240':
I/FFMPEG  ( 3692):   Duration: 00:00:01.37, start: 0.000000, bitrate: 106 kb/s
I/FFMPEG  ( 3692):     Stream #0:0: Audio: vorbis, 44100 Hz, stereo, fltp, 112 kb/s
I/FFMPEG  ( 3692):     Metadata:
I/FFMPEG  ( 3692):       ANDROID_LOOP    : false
I/FFMPEG  ( 3692):       TITLE           : Thallium
D/FFmpegExtractor( 3692): FFmpegExtrator, url: android-source:0xb420d240, format_name: ogg, format_long_name: Ogg
I/FFmpegExtractor( 3692): adjust mime(application/ogg -> audio/vorbis)
D/FFmpegExtractor( 3692): suppoted codec(vorbis) by official Stagefright
D/FFmpegExtractor( 3692): ffmpeg detected media content as 'audio/vorbis' with confidence 0.08
D/WVMDrmPlugIn( 3691): WVMDrmPlugin::onInitialize : 6012
D/WVMDrmPlugIn( 3691): WVMDrmPlugin::onSetOnInfoListener : add 6012
D/WVMDrmPlugIn( 3691): WVMDrmPlugin::onTerminate : 6012
I/FFmpegExtractor( 3692): android-source:0xb420d2e0
I/FFMPEG  ( 3692): Input #0, ogg, from 'android-source:0xb420d2e0':
I/FFMPEG  ( 3692):   Duration: 00:00:01.10, start: 0.000000, bitrate: 137 kb/s
I/FFMPEG  ( 3692):     Stream #0:0: Audio: vorbis, 48000 Hz, stereo, fltp, 112 kb/s
I/FFMPEG  ( 3692):     Metadata:
I/FFMPEG  ( 3692):       TITLE           : Tinkerbell
D/FFmpegExtractor( 3692): FFmpegExtrator, url: android-source:0xb420d2e0, format_name: ogg, format_long_name: Ogg
I/FFmpegExtractor( 3692): adjust mime(application/ogg -> audio/vorbis)
D/FFmpegExtractor( 3692): suppoted codec(vorbis) by official Stagefright
D/FFmpegExtractor( 3692): ffmpeg detected media content as 'audio/vorbis' with confidence 0.08
D/WVMDrmPlugIn( 3691): WVMDrmPlugin::onInitialize : 5987
D/WVMDrmPlugIn( 3691): WVMDrmPlugin::onSetOnInfoListener : add 5987
D/WVMDrmPlugIn( 3691): WVMDrmPlugin::onTerminate : 5987
I/FFmpegExtractor( 3692): android-source:0xb420d560
I/FFMPEG  ( 3692): Input #0, ogg, from 'android-source:0xb420d560':
I/FFMPEG  ( 3692):   Duration: 00:00:01.02, start: 0.000000, bitrate: 253 kb/s
I/FFMPEG  ( 3692):     Stream #0:0: Audio: vorbis, 44100 Hz, stereo, fltp, 224 kb/s
I/FFMPEG  ( 3692):     Metadata:
I/FFMPEG  ( 3692):       TITLE           : Titan
D/FFmpegExtractor( 3692): FFmpegExtrator, url: android-source:0xb420d560, format_name: ogg, format_long_name: Ogg
I/FFmpegExtractor( 3692): adjust mime(application/ogg -> audio/vorbis)
D/FFmpegExtractor( 3692): suppoted codec(vorbis) by official Stagefright
D/FFmpegExtractor( 3692): ffmpeg detected media content as 'audio/vorbis' with confidence 0.08
D/WVMDrmPlugIn( 3691): WVMDrmPlugin::onInitialize : 5542
D/WVMDrmPlugIn( 3691): WVMDrmPlugin::onSetOnInfoListener : add 5542
D/WVMDrmPlugIn( 3691): WVMDrmPlugin::onTerminate : 5542
I/FFmpegExtractor( 3692): android-source:0xb0b9d0b0
I/FFMPEG  ( 3692): Input #0, ogg, from 'android-source:0xb0b9d0b0':
I/FFMPEG  ( 3692):   Duration: 00:00:01.60, start: 0.000000, bitrate: 120 kb/s
I/FFMPEG  ( 3692):     Stream #0:0: Audio: vorbis, 44100 Hz, stereo, fltp, 112 kb/s
I/FFMPEG  ( 3692):     Metadata:
I/FFMPEG  ( 3692):       TITLE           : Upsilon
D/FFmpegExtractor( 3692): FFmpegExtrator, url: android-source:0xb0b9d0b0, format_name: ogg, format_long_name: Ogg
I/FFmpegExtractor( 3692): adjust mime(application/ogg -> audio/vorbis)
D/FFmpegExtractor( 3692): suppoted codec(vorbis) by official Stagefright
D/FFmpegExtractor( 3692): ffmpeg detected media content as 'audio/vorbis' with confidence 0.08
D/WVMDrmPlugIn( 3691): WVMDrmPlugin::onInitialize : 5435
D/WVMDrmPlugIn( 3691): WVMDrmPlugin::onSetOnInfoListener : add 5435
D/WVMDrmPlugIn( 3691): WVMDrmPlugin::onTerminate : 5435
I/FFmpegExtractor( 3692): android-source:0xb0c98380
I/FFMPEG  ( 3692): Input #0, ogg, from 'android-source:0xb0c98380':
I/FFMPEG  ( 3692):   Duration: 00:00:04.38, start: 0.000000, bitrate: 53 kb/s
I/FFMPEG  ( 3692):     Stream #0:0: Audio: vorbis, 44100 Hz, mono, fltp, 96 kb/s
I/FFMPEG  ( 3692):     Metadata:
I/FFMPEG  ( 3692):       ARTIST          : Unknown
I/FFMPEG  ( 3692):       TITLE           : Vega
I/FFMPEG  ( 3692):       REPLAYGAIN_TRACK_PEAK: 0.000000
I/FFMPEG  ( 3692):       REPLAYGAIN_ALBUM_GAIN: 0.000000
I/FFMPEG  ( 3692):       REPLAYGAIN_ALBUM_PEAK: 0.000000
I/FFMPEG  ( 3692):       disc            : 0
I/FFMPEG  ( 3692):       REPLAYGAIN_TRACK_GAIN: 0.000000
I/FFMPEG  ( 3692):       ANDROID_LOOP    : false
I/FFMPEG  ( 3692):     Side data:
I/FFMPEG  ( 3692):       replaygain: track gain - 0.000000, track peak - unknown, album gain - 0.000000, album peak - unknown, 
D/FFmpegExtractor( 3692): FFmpegExtrator, url: android-source:0xb0c98380, format_name: ogg, format_long_name: Ogg
I/FFmpegExtractor( 3692): adjust mime(application/ogg -> audio/vorbis)
D/FFmpegExtractor( 3692): suppoted codec(vorbis) by official Stagefright
D/FFmpegExtractor( 3692): ffmpeg detected media content as 'audio/vorbis' with confidence 0.08
D/WVMDrmPlugIn( 3691): WVMDrmPlugin::onInitialize : 5026
D/WVMDrmPlugIn( 3691): WVMDrmPlugin::onSetOnInfoListener : add 5026
D/WVMDrmPlugIn( 3691): WVMDrmPlugin::onTerminate : 5026
I/FFmpegExtractor( 3692): android-source:0xb0c984c0
I/FFMPEG  ( 3692): Input #0, ogg, from 'android-source:0xb0c984c0':
I/FFMPEG  ( 3692):   Duration: 00:00:01.92, start: 0.000000, bitrate: 68 kb/s
I/FFMPEG  ( 3692):     Stream #0:0: Audio: vorbis, 44100 Hz, mono, fltp, 80 kb/s
I/FFMPEG  ( 3692):     Metadata:
I/FFMPEG  ( 3692):       ARTIST          : Dr. MAD
I/FFMPEG  ( 3692):       TITLE           : Voila
D/FFmpegExtractor( 3692): FFmpegExtrator, url: android-source:0xb0c984c0, format_name: ogg, format_long_name: Ogg
I/FFmpegExtractor( 3692): adjust mime(application/ogg -> audio/vorbis)
D/FFmpegExtractor( 3692): suppoted codec(vorbis) by official Stagefright
D/FFmpegExtractor( 3692): ffmpeg detected media content as 'audio/vorbis' with confidence 0.08
D/WVMDrmPlugIn( 3691): WVMDrmPlugin::onInitialize : 6004
D/WVMDrmPlugIn( 3691): WVMDrmPlugin::onSetOnInfoListener : add 6004
D/WVMDrmPlugIn( 3691): WVMDrmPlugin::onTerminate : 6004
I/FFmpegExtractor( 3692): android-source:0xb0c98560
I/FFMPEG  ( 3692): Input #0, ogg, from 'android-source:0xb0c98560':
I/FFMPEG  ( 3692):   Duration: 00:00:02.00, start: 0.000000, bitrate: 111 kb/s
I/FFMPEG  ( 3692):     Stream #0:0: Audio: vorbis, 44100 Hz, stereo, fltp, 112 kb/s
I/FFMPEG  ( 3692):     Metadata:
I/FFMPEG  ( 3692):       ANDROID_LOOP    : false
I/FFMPEG  ( 3692):       TITLE           : Xenon
D/FFmpegExtractor( 3692): FFmpegExtrator, url: android-source:0xb0c98560, format_name: ogg, format_long_name: Ogg
I/FFmpegExtractor( 3692): adjust mime(application/ogg -> audio/vorbis)
D/FFmpegExtractor( 3692): suppoted codec(vorbis) by official Stagefright
D/FFmpegExtractor( 3692): ffmpeg detected media content as 'audio/vorbis' with confidence 0.08
D/WVMDrmPlugIn( 3691): WVMDrmPlugin::onInitialize : 5539
D/WVMDrmPlugIn( 3691): WVMDrmPlugin::onSetOnInfoListener : add 5539
D/WVMDrmPlugIn( 3691): WVMDrmPlugin::onTerminate : 5539
I/FFmpegExtractor( 3692): android-source:0xb420d6f0
I/FFMPEG  ( 3692): Input #0, ogg, from 'android-source:0xb420d6f0':
I/FFMPEG  ( 3692):   Duration: 00:00:01.20, start: 0.000000, bitrate: 84 kb/s
I/FFMPEG  ( 3692):     Stream #0:0: Audio: vorbis, 44100 Hz, stereo, fltp, 112 kb/s
D/FFmpegExtractor( 3692): FFmpegExtrator, url: android-source:0xb420d6f0, format_name: ogg, format_long_name: Ogg
I/FFmpegExtractor( 3692): adjust mime(application/ogg -> audio/vorbis)
D/FFmpegExtractor( 3692): suppoted codec(vorbis) by official Stagefright
D/FFmpegExtractor( 3692): ffmpeg detected media content as 'audio/vorbis' with confidence 0.08
D/WVMDrmPlugIn( 3691): WVMDrmPlugin::onInitialize : 8003
D/WVMDrmPlugIn( 3691): WVMDrmPlugin::onSetOnInfoListener : add 8003
D/WVMDrmPlugIn( 3691): WVMDrmPlugin::onTerminate : 8003
I/FFmpegExtractor( 3692): android-source:0xb0c98290
I/FFMPEG  ( 3692): Input #0, ogg, from 'android-source:0xb0c98290':
I/FFMPEG  ( 3692):   Duration: 00:00:01.87, start: 0.000000, bitrate: 69 kb/s
I/FFMPEG  ( 3692):     Stream #0:0: Audio: vorbis, 48000 Hz, mono, fltp, 70 kb/s
I/FFMPEG  ( 3692):     Metadata:
I/FFMPEG  ( 3692):       TITLE           : Moonbeam
D/FFmpegExtractor( 3692): FFmpegExtrator, url: android-source:0xb0c98290, format_name: ogg, format_long_name: Ogg
I/FFmpegExtractor( 3692): adjust mime(application/ogg -> audio/vorbis)
D/FFmpegExtractor( 3692): suppoted codec(vorbis) by official Stagefright
D/FFmpegExtractor( 3692): ffmpeg detected media content as 'audio/vorbis' with confidence 0.08
D/WVMDrmPlugIn( 3691): WVMDrmPlugin::onInitialize : 6947
D/WVMDrmPlugIn( 3691): WVMDrmPlugin::onSetOnInfoListener : add 6947
D/WVMDrmPlugIn( 3691): WVMDrmPlugin::onTerminate : 6947
I/FFmpegExtractor( 3692): android-source:0xb0c981f0
I/FFMPEG  ( 3692): Input #0, ogg, from 'android-source:0xb0c981f0':
I/FFMPEG  ( 3692):   Duration: 00:00:01.73, start: 0.000000, bitrate: 78 kb/s
I/FFMPEG  ( 3692):     Stream #0:0: Audio: vorbis, 48000 Hz, mono, fltp, 70 kb/s
I/FFMPEG  ( 3692):     Metadata:
I/FFMPEG  ( 3692):       TITLE           : Pixie Dust
D/FFmpegExtractor( 3692): FFmpegExtrator, url: android-source:0xb0c981f0, format_name: ogg, format_long_name: Ogg
I/FFmpegExtractor( 3692): adjust mime(application/ogg -> audio/vorbis)
D/FFmpegExtractor( 3692): suppoted codec(vorbis) by official Stagefright
D/FFmpegExtractor( 3692): ffmpeg detected media content as 'audio/vorbis' with confidence 0.08
D/WVMDrmPlugIn( 3691): WVMDrmPlugin::onInitialize : 4338
D/WVMDrmPlugIn( 3691): WVMDrmPlugin::onSetOnInfoListener : add 4338
D/WVMDrmPlugIn( 3691): WVMDrmPlugin::onTerminate : 4338
I/FFmpegExtractor( 3692): android-source:0xb0c982e0
I/FFMPEG  ( 3692): Input #0, ogg, from 'android-source:0xb0c982e0':
I/FFMPEG  ( 3692):   Duration: 00:00:02.00, start: 0.000000, bitrate: 75 kb/s
I/FFMPEG  ( 3692):     Stream #0:0: Audio: vorbis, 48000 Hz, mono, fltp, 70 kb/s
I/FFMPEG  ( 3692):     Metadata:
I/FFMPEG  ( 3692):       TITLE           : Pizzicato
D/FFmpegExtractor( 3692): FFmpegExtrator, url: android-source:0xb0c982e0, format_name: ogg, format_long_name: Ogg
I/FFmpegExtractor( 3692): adjust mime(application/ogg -> audio/vorbis)
D/FFmpegExtractor( 3692): suppoted codec(vorbis) by official Stagefright
D/FFmpegExtractor( 3692): ffmpeg detected media content as 'audio/vorbis' with confidence 0.08
D/WVMDrmPlugIn( 3691): WVMDrmPlugin::onInitialize : 7707
D/WVMDrmPlugIn( 3691): WVMDrmPlugin::onSetOnInfoListener : add 7707
D/WVMDrmPlugIn( 3691): WVMDrmPlugin::onTerminate : 7707
I/FFmpegExtractor( 3692): android-source:0xb452c830
I/FFMPEG  ( 3692): Input #0, ogg, from 'android-source:0xb452c830':
I/FFMPEG  ( 3692):   Duration: 00:00:03.28, start: 0.000000, bitrate: 67 kb/s
I/FFMPEG  ( 3692):     Stream #0:0: Audio: vorbis, 44100 Hz, mono, fltp, 80 kb/s
I/FFMPEG  ( 3692):     Metadata:
I/FFMPEG  ( 3692):       ANDROID_LOOP    : false
I/FFMPEG  ( 3692):       track           : 3dB101b2
I/FFMPEG  ( 3692):       TITLE           : Regulus
I/FFMPEG  ( 3692):       ARTIST          : pdx
D/FFmpegExtractor( 3692): FFmpegExtrator, url: android-source:0xb452c830, format_name: ogg, format_long_name: Ogg
I/FFmpegExtractor( 3692): adjust mime(application/ogg -> audio/vorbis)
D/FFmpegExtractor( 3692): suppoted codec(vorbis) by official Stagefright
D/FFmpegExtractor( 3692): ffmpeg detected media content as 'audio/vorbis' with confidence 0.08
D/WVMDrmPlugIn( 3691): WVMDrmPlugin::onInitialize : 6728
D/WVMDrmPlugIn( 3691): WVMDrmPlugin::onSetOnInfoListener : add 6728
D/WVMDrmPlugIn( 3691): WVMDrmPlugin::onTerminate : 6728
I/FFmpegExtractor( 3692): android-source:0xb452c6f0
I/FFMPEG  ( 3692): Input #0, ogg, from 'android-source:0xb452c6f0':
I/FFMPEG  ( 3692):   Duration: 00:00:04.30, start: 0.000000, bitrate: 49 kb/s
I/FFMPEG  ( 3692):     Stream #0:0: Audio: vorbis, 44100 Hz, mono, fltp, 80 kb/s
I/FFMPEG  ( 3692):     Metadata:
I/FFMPEG  ( 3692):       ANDROID_LOOP    : false
I/FFMPEG  ( 3692):       track           : 2d317b
I/FFMPEG  ( 3692):       TITLE           : Sirius
I/FFMPEG  ( 3692):       ARTIST          : pdx
D/FFmpegExtractor( 3692): FFmpegExtrator, url: android-source:0xb452c6f0, format_name: ogg, format_long_name: Ogg
I/FFmpegExtractor( 3692): adjust mime(application/ogg -> audio/vorbis)
D/FFmpegExtractor( 3692): suppoted codec(vorbis) by official Stagefright
D/FFmpegExtractor( 3692): ffmpeg detected media content as 'audio/vorbis' with confidence 0.08
D/WVMDrmPlugIn( 3691): WVMDrmPlugin::onInitialize : 4132
D/WVMDrmPlugIn( 3691): WVMDrmPlugin::onSetOnInfoListener : add 4132
D/WVMDrmPlugIn( 3691): WVMDrmPlugin::onTerminate : 4132
I/FFmpegExtractor( 3692): android-source:0xb452c790
I/FFMPEG  ( 3692): Input #0, ogg, from 'android-source:0xb452c790':
I/FFMPEG  ( 3692):   Duration: 00:00:00.79, start: 0.000000, bitrate: 105 kb/s
I/FFMPEG  ( 3692):     Stream #0:0: Audio: vorbis, 48000 Hz, mono, fltp, 70 kb/s
I/FFMPEG  ( 3692):     Metadata:
I/FFMPEG  ( 3692):       TITLE           : Tweeters
D/FFmpegExtractor( 3692): FFmpegExtrator, url: android-source:0xb452c790, format_name: ogg, format_long_name: Ogg
I/FFmpegExtractor( 3692): adjust mime(application/ogg -> audio/vorbis)
D/FFmpegExtractor( 3692): suppoted codec(vorbis) by official Stagefright
D/FFmpegExtractor( 3692): ffmpeg detected media content as 'audio/vorbis' with confidence 0.08
D/WVMDrmPlugIn( 3691): WVMDrmPlugin::onInitialize : 4139
D/WVMDrmPlugIn( 3691): WVMDrmPlugin::onSetOnInfoListener : add 4139
D/WVMDrmPlugIn( 3691): WVMDrmPlugin::onTerminate : 4139
I/FFmpegExtractor( 3692): android-source:0xb0dac5b0
I/FFMPEG  ( 3692): Input #0, ogg, from 'android-source:0xb0dac5b0':
I/FFMPEG  ( 3692):   Duration: 00:00:03.00, start: 0.000000, bitrate: 66 kb/s
I/FFMPEG  ( 3692):     Stream #0:0: Audio: vorbis, 44100 Hz, mono, fltp, 80 kb/s
I/FFMPEG  ( 3692):     Metadata:
I/FFMPEG  ( 3692):       ANDROID_LOOP    : true
I/FFMPEG  ( 3692):       TITLE           : Andromeda
D/FFmpegExtractor( 3692): FFmpegExtrator, url: android-source:0xb0dac5b0, format_name: ogg, format_long_name: Ogg
I/FFmpegExtractor( 3692): adjust mime(application/ogg -> audio/vorbis)
D/FFmpegExtractor( 3692): suppoted codec(vorbis) by official Stagefright
D/FFmpegExtractor( 3692): ffmpeg detected media content as 'audio/vorbis' with confidence 0.08
D/WVMDrmPlugIn( 3691): WVMDrmPlugin::onInitialize : 4522
D/WVMDrmPlugIn( 3691): WVMDrmPlugin::onSetOnInfoListener : add 4522
D/WVMDrmPlugIn( 3691): WVMDrmPlugin::onTerminate : 4522
I/FFmpegExtractor( 3692): android-source:0xb452c3d0
I/FFMPEG  ( 3692): Input #0, ogg, from 'android-source:0xb452c3d0':
I/FFMPEG  ( 3692):   Duration: 00:00:03.00, start: 0.000000, bitrate: 57 kb/s
I/FFMPEG  ( 3692):     Stream #0:0: Audio: vorbis, 44100 Hz, mono, fltp, 80 kb/s
I/FFMPEG  ( 3692):     Metadata:
I/FFMPEG  ( 3692):       ANDROID_LOOP    : true
I/FFMPEG  ( 3692):       TITLE           : Aquila
D/FFmpegExtractor( 3692): FFmpegExtrator, url: android-source:0xb452c3d0, format_name: ogg, format_long_name: Ogg
I/FFmpegExtractor( 3692): adjust mime(application/ogg -> audio/vorbis)
D/FFmpegExtractor( 3692): suppoted codec(vorbis) by official Stagefright
D/FFmpegExtractor( 3692): ffmpeg detected media content as 'audio/vorbis' with confidence 0.08
D/WVMDrmPlugIn( 3691): WVMDrmPlugin::onInitialize : 5490
D/WVMDrmPlugIn( 3691): WVMDrmPlugin::onSetOnInfoListener : add 5490
D/WVMDrmPlugIn( 3691): WVMDrmPlugin::onTerminate : 5490
I/FFmpegExtractor( 3692): android-source:0xb452c240
I/FFMPEG  ( 3692): [ogg @ 0xb45a5800] 2048 bytes of comment header remain
I/FFMPEG  ( 3692): Input #0, ogg, from 'android-source:0xb452c240':
