I/dex2oat ( 4618): /system/bin/dex2oat --zip-fd=5 --zip-location=/system/priv-app/OneTimeInitializer/OneTimeInitializer.apk --oat-fd=6 --oat-location=/data/dalvik-cache/arm/system@priv-app@OneTimeInitializer@OneTimeInitializer.apk@classes.dex --instruction-set=arm --instruction-set-features=div --runtime-arg -Xms64m --runtime-arg -Xmx512m
I/dex2oat ( 4618): dex2oat took 113.773ms (threads: 8)
I/art     ( 4046): DexFile_isDexOptNeeded failed to open oat file '/data/dalvik-cache/arm/system@app@WhisperPush@WhisperPush.apk@classes.dex' for file location '/system/app/WhisperPush/WhisperPush.apk': Failed to open oat filename for reading: No such file or directory
I/art     ( 4046): DexFile_isDexOptNeeded failed to open oat file '/system/app/WhisperPush/arm/WhisperPush.odex' for file location '/system/app/WhisperPush/WhisperPush.apk': Failed to open oat filename for reading: No such file or directory
I/PackageManager( 4046): Running dexopt on: /system/app/WhisperPush/WhisperPush.apk pkg=org.whispersystems.whisperpush isa=arm vmSafeMode=false
I/dex2oat ( 4627): /system/bin/dex2oat --zip-fd=5 --zip-location=/system/app/WhisperPush/WhisperPush.apk --oat-fd=6 --oat-location=/data/dalvik-cache/arm/system@app@WhisperPush@WhisperPush.apk@classes.dex --instruction-set=arm --instruction-set-features=div --runtime-arg -Xms64m --runtime-arg -Xmx512m
W/SurfaceFlinger( 3661): Ignoring duplicate VSYNC event from HWC (t=44885083462)
W/SurfaceFlinger( 3661): Ignoring duplicate VSYNC event from HWC (t=45930521921)
I/dex2oat ( 4627): dex2oat took 2.937s (threads: 8)
I/art     ( 4046): DexFile_isDexOptNeeded failed to open oat file '/data/dalvik-cache/arm/system@app@HoloSpiralWallpaper@HoloSpiralWallpaper.apk@classes.dex' for file location '/system/app/HoloSpiralWallpaper/HoloSpiralWallpaper.apk': Failed to open oat filename for reading: No such file or directory
I/art     ( 4046): DexFile_isDexOptNeeded failed to open oat file '/system/app/HoloSpiralWallpaper/arm/HoloSpiralWallpaper.odex' for file location '/system/app/HoloSpiralWallpaper/HoloSpiralWallpaper.apk': Failed to open oat filename for reading: No such file or directory
I/PackageManager( 4046): Running dexopt on: /system/app/HoloSpiralWallpaper/HoloSpiralWallpaper.apk pkg=com.android.wallpaper.holospiral isa=arm vmSafeMode=false
I/dex2oat ( 4639): /system/bin/dex2oat --zip-fd=5 --zip-location=/system/app/HoloSpiralWallpaper/HoloSpiralWallpaper.apk --oat-fd=6 --oat-location=/data/dalvik-cache/arm/system@app@HoloSpiralWallpaper@HoloSpiralWallpaper.apk@classes.dex --instruction-set=arm --instruction-set-features=div --runtime-arg -Xms64m --runtime-arg -Xmx512m
I/dex2oat ( 4639): dex2oat took 81.122ms (threads: 8)
I/art     ( 4046): DexFile_isDexOptNeeded failed to open oat file '/data/dalvik-cache/arm/system@app@DeskClock@DeskClock.apk@classes.dex' for file location '/system/app/DeskClock/DeskClock.apk': Failed to open oat filename for reading: No such file or directory
I/art     ( 4046): DexFile_isDexOptNeeded failed to open oat file '/system/app/DeskClock/arm/DeskClock.odex' for file location '/system/app/DeskClock/DeskClock.apk': Failed to open oat filename for reading: No such file or directory
I/PackageManager( 4046): Running dexopt on: /system/app/DeskClock/DeskClock.apk pkg=com.android.deskclock isa=arm vmSafeMode=false
I/dex2oat ( 4648): /system/bin/dex2oat --zip-fd=5 --zip-location=/system/app/DeskClock/DeskClock.apk --oat-fd=6 --oat-location=/data/dalvik-cache/arm/system@app@DeskClock@DeskClock.apk@classes.dex --instruction-set=arm --instruction-set-features=div --runtime-arg -Xms64m --runtime-arg -Xmx512m
W/SurfaceFlinger( 3661): Ignoring duplicate VSYNC event from HWC (t=46470173837)
I/dex2oat ( 4648): dex2oat took 514.543ms (threads: 8)
I/art     ( 4046): DexFile_isDexOptNeeded failed to open oat file '/data/dalvik-cache/arm/system@app@BasicDreams@BasicDreams.apk@classes.dex' for file location '/system/app/BasicDreams/BasicDreams.apk': Failed to open oat filename for reading: No such file or directory
I/art     ( 4046): DexFile_isDexOptNeeded failed to open oat file '/system/app/BasicDreams/arm/BasicDreams.odex' for file location '/system/app/BasicDreams/BasicDreams.apk': Failed to open oat filename for reading: No such file or directory
I/PackageManager( 4046): Running dexopt on: /system/app/BasicDreams/BasicDreams.apk pkg=com.android.dreams.basic isa=arm vmSafeMode=false
I/dex2oat ( 4657): /system/bin/dex2oat --zip-fd=5 --zip-location=/system/app/BasicDreams/BasicDreams.apk --oat-fd=6 --oat-location=/data/dalvik-cache/arm/system@app@BasicDreams@BasicDreams.apk@classes.dex --instruction-set=arm --instruction-set-features=div --runtime-arg -Xms64m --runtime-arg -Xmx512m
I/dex2oat ( 4657): dex2oat took 84.358ms (threads: 8)
I/art     ( 4046): DexFile_isDexOptNeeded failed to open oat file '/data/dalvik-cache/arm/system@app@Bluetooth@Bluetooth.apk@classes.dex' for file location '/system/app/Bluetooth/Bluetooth.apk': Failed to open oat filename for reading: No such file or directory
I/art     ( 4046): DexFile_isDexOptNeeded failed to open oat file '/system/app/Bluetooth/arm/Bluetooth.odex' for file location '/system/app/Bluetooth/Bluetooth.apk': Failed to open oat filename for reading: No such file or directory
I/PackageManager( 4046): Running dexopt on: /system/app/Bluetooth/Bluetooth.apk pkg=com.android.bluetooth isa=arm vmSafeMode=false
I/dex2oat ( 4666): /system/bin/dex2oat --zip-fd=5 --zip-location=/system/app/Bluetooth/Bluetooth.apk --oat-fd=6 --oat-location=/data/dalvik-cache/arm/system@app@Bluetooth@Bluetooth.apk@classes.dex --instruction-set=arm --instruction-set-features=div --runtime-arg -Xms64m --runtime-arg -Xmx512m
W/SurfaceFlinger( 3661): Ignoring duplicate VSYNC event from HWC (t=47735079546)
I/dex2oat ( 4666): dex2oat took 2.543s (threads: 8)
I/art     ( 4046): DexFile_isDexOptNeeded failed to open oat file '/data/dalvik-cache/arm/system@priv-app@ThemeChooser@ThemeChooser.apk@classes.dex' for file location '/system/priv-app/ThemeChooser/ThemeChooser.apk': Failed to open oat filename for reading: No such file or directory
I/art     ( 4046): DexFile_isDexOptNeeded failed to open oat file '/system/priv-app/ThemeChooser/arm/ThemeChooser.odex' for file location '/system/priv-app/ThemeChooser/ThemeChooser.apk': Failed to open oat filename for reading: No such file or directory
I/PackageManager( 4046): Running dexopt on: /system/priv-app/ThemeChooser/ThemeChooser.apk pkg=org.cyanogenmod.theme.chooser isa=arm vmSafeMode=false
I/dex2oat ( 4675): /system/bin/dex2oat --zip-fd=5 --zip-location=/system/priv-app/ThemeChooser/ThemeChooser.apk --oat-fd=6 --oat-location=/data/dalvik-cache/arm/system@priv-app@ThemeChooser@ThemeChooser.apk@classes.dex --instruction-set=arm --instruction-set-features=div --runtime-arg -Xms64m --runtime-arg -Xmx512m
I/dex2oat ( 4675): dex2oat took 287.181ms (threads: 8)
I/art     ( 4046): DexFile_isDexOptNeeded failed to open oat file '/data/dalvik-cache/arm/system@app@HTMLViewer@HTMLViewer.apk@classes.dex' for file location '/system/app/HTMLViewer/HTMLViewer.apk': Failed to open oat filename for reading: No such file or directory
I/art     ( 4046): DexFile_isDexOptNeeded failed to open oat file '/system/app/HTMLViewer/arm/HTMLViewer.odex' for file location '/system/app/HTMLViewer/HTMLViewer.apk': Failed to open oat filename for reading: No such file or directory
I/PackageManager( 4046): Running dexopt on: /system/app/HTMLViewer/HTMLViewer.apk pkg=com.android.htmlviewer isa=arm vmSafeMode=false
I/dex2oat ( 4684): /system/bin/dex2oat --zip-fd=5 --zip-location=/system/app/HTMLViewer/HTMLViewer.apk --oat-fd=6 --oat-location=/data/dalvik-cache/arm/system@app@HTMLViewer@HTMLViewer.apk@classes.dex --instruction-set=arm --instruction-set-features=div --runtime-arg -Xms64m --runtime-arg -Xmx512m
I/dex2oat ( 4684): dex2oat took 81.314ms (threads: 8)
I/art     ( 4046): DexFile_isDexOptNeeded failed to open oat file '/data/dalvik-cache/arm/system@priv-app@AudioFX@AudioFX.apk@classes.dex' for file location '/system/priv-app/AudioFX/AudioFX.apk': Failed to open oat filename for reading: No such file or directory
I/art     ( 4046): DexFile_isDexOptNeeded failed to open oat file '/system/priv-app/AudioFX/arm/AudioFX.odex' for file location '/system/priv-app/AudioFX/AudioFX.apk': Failed to open oat filename for reading: No such file or directory
I/PackageManager( 4046): Running dexopt on: /system/priv-app/AudioFX/AudioFX.apk pkg=org.cyanogenmod.audiofx isa=arm vmSafeMode=false
I/dex2oat ( 4693): /system/bin/dex2oat --zip-fd=5 --zip-location=/system/priv-app/AudioFX/AudioFX.apk --oat-fd=6 --oat-location=/data/dalvik-cache/arm/system@priv-app@AudioFX@AudioFX.apk@classes.dex --instruction-set=arm --instruction-set-features=div --runtime-arg -Xms64m --runtime-arg -Xmx512m
I/dex2oat ( 4693): dex2oat took 119.771ms (threads: 8)
I/art     ( 4046): DexFile_isDexOptNeeded failed to open oat file '/data/dalvik-cache/arm/system@priv-app@CMAccount@CMAccount.apk@classes.dex' for file location '/system/priv-app/CMAccount/CMAccount.apk': Failed to open oat filename for reading: No such file or directory
I/art     ( 4046): DexFile_isDexOptNeeded failed to open oat file '/system/priv-app/CMAccount/arm/CMAccount.odex' for file location '/system/priv-app/CMAccount/CMAccount.apk': Failed to open oat filename for reading: No such file or directory
I/PackageManager( 4046): Running dexopt on: /system/priv-app/CMAccount/CMAccount.apk pkg=com.cyanogenmod.account isa=arm vmSafeMode=false
I/dex2oat ( 4702): /system/bin/dex2oat --zip-fd=5 --zip-location=/system/priv-app/CMAccount/CMAccount.apk --oat-fd=6 --oat-location=/data/dalvik-cache/arm/system@priv-app@CMAccount@CMAccount.apk@classes.dex --instruction-set=arm --instruction-set-features=div --runtime-arg -Xms64m --runtime-arg -Xmx512m
I/dex2oat ( 4702): dex2oat took 707.952ms (threads: 8)
I/art     ( 4046): DexFile_isDexOptNeeded failed to open oat file '/data/dalvik-cache/arm/system@priv-app@CMUpdater@CMUpdater.apk@classes.dex' for file location '/system/priv-app/CMUpdater/CMUpdater.apk': Failed to open oat filename for reading: No such file or directory
I/art     ( 4046): DexFile_isDexOptNeeded failed to open oat file '/system/priv-app/CMUpdater/arm/CMUpdater.odex' for file location '/system/priv-app/CMUpdater/CMUpdater.apk': Failed to open oat filename for reading: No such file or directory
I/PackageManager( 4046): Running dexopt on: /system/priv-app/CMUpdater/CMUpdater.apk pkg=com.cyanogenmod.updater isa=arm vmSafeMode=false
I/dex2oat ( 4712): /system/bin/dex2oat --zip-fd=5 --zip-location=/system/priv-app/CMUpdater/CMUpdater.apk --oat-fd=6 --oat-location=/data/dalvik-cache/arm/system@priv-app@CMUpdater@CMUpdater.apk@classes.dex --instruction-set=arm --instruction-set-features=div --runtime-arg -Xms64m --runtime-arg -Xmx512m
I/dex2oat ( 4712): dex2oat took 122.433ms (threads: 8)
I/art     ( 4046): DexFile_isDexOptNeeded failed to open oat file '/data/dalvik-cache/arm/system@app@Browser@Browser.apk@classes.dex' for file location '/system/app/Browser/Browser.apk': Failed to open oat filename for reading: No such file or directory
I/art     ( 4046): DexFile_isDexOptNeeded failed to open oat file '/system/app/Browser/arm/Browser.odex' for file location '/system/app/Browser/Browser.apk': Failed to open oat filename for reading: No such file or directory
I/PackageManager( 4046): Running dexopt on: /system/app/Browser/Browser.apk pkg=com.android.browser isa=arm vmSafeMode=false
I/dex2oat ( 4721): /system/bin/dex2oat --zip-fd=5 --zip-location=/system/app/Browser/Browser.apk --oat-fd=6 --oat-location=/data/dalvik-cache/arm/system@app@Browser@Browser.apk@classes.dex --instruction-set=arm --instruction-set-features=div --runtime-arg -Xms64m --runtime-arg -Xmx512m
I/dex2oat ( 4721): dex2oat took 662.563ms (threads: 8)
I/art     ( 4046): DexFile_isDexOptNeeded failed to open oat file '/data/dalvik-cache/arm/system@app@PacProcessor@PacProcessor.apk@classes.dex' for file location '/system/app/PacProcessor/PacProcessor.apk': Failed to open oat filename for reading: No such file or directory
I/art     ( 4046): DexFile_isDexOptNeeded failed to open oat file '/system/app/PacProcessor/arm/PacProcessor.odex' for file location '/system/app/PacProcessor/PacProcessor.apk': Failed to open oat filename for reading: No such file or directory
I/PackageManager( 4046): Running dexopt on: /system/app/PacProcessor/PacProcessor.apk pkg=com.android.pacprocessor isa=arm vmSafeMode=false
I/dex2oat ( 4730): /system/bin/dex2oat --zip-fd=5 --zip-location=/system/app/PacProcessor/PacProcessor.apk --oat-fd=6 --oat-location=/data/dalvik-cache/arm/system@app@PacProcessor@PacProcessor.apk@classes.dex --instruction-set=arm --instruction-set-features=div --runtime-arg -Xms64m --runtime-arg -Xmx512m
I/dex2oat ( 4730): dex2oat took 59.792ms (threads: 8)
I/art     ( 4046): DexFile_isDexOptNeeded failed to open oat file '/data/dalvik-cache/arm/system@priv-app@ExternalStorageProvider@ExternalStorageProvider.apk@classes.dex' for file location '/system/priv-app/ExternalStorageProvider/ExternalStorageProvider.apk': Failed to open oat filename for reading: No such file or directory
I/art     ( 4046): DexFile_isDexOptNeeded failed to open oat file '/system/priv-app/ExternalStorageProvider/arm/ExternalStorageProvider.odex' for file location '/system/priv-app/ExternalStorageProvider/ExternalStorageProvider.apk': Failed to open oat filename for reading: No such file or directory
I/PackageManager( 4046): Running dexopt on: /system/priv-app/ExternalStorageProvider/ExternalStorageProvider.apk pkg=com.android.externalstorage isa=arm vmSafeMode=false
I/dex2oat ( 4739): /system/bin/dex2oat --zip-fd=5 --zip-location=/system/priv-app/ExternalStorageProvider/ExternalStorageProvider.apk --oat-fd=6 --oat-location=/data/dalvik-cache/arm/system@priv-app@ExternalStorageProvider@ExternalStorageProvider.apk@classes.dex --instruction-set=arm --instruction-set-features=div --runtime-arg -Xms64m --runtime-arg -Xmx512m
I/dex2oat ( 4739): dex2oat took 91.091ms (threads: 8)
I/art     ( 4046): DexFile_isDexOptNeeded failed to open oat file '/data/dalvik-cache/arm/system@app@LockClock@LockClock.apk@classes.dex' for file location '/system/app/LockClock/LockClock.apk': Failed to open oat filename for reading: No such file or directory
I/art     ( 4046): DexFile_isDexOptNeeded failed to open oat file '/system/app/LockClock/arm/LockClock.odex' for file location '/system/app/LockClock/LockClock.apk': Failed to open oat filename for reading: No such file or directory
I/PackageManager( 4046): Running dexopt on: /system/app/LockClock/LockClock.apk pkg=com.cyanogenmod.lockclock isa=arm vmSafeMode=false
I/dex2oat ( 4748): /system/bin/dex2oat --zip-fd=5 --zip-location=/system/app/LockClock/LockClock.apk --oat-fd=6 --oat-location=/data/dalvik-cache/arm/system@app@LockClock@LockClock.apk@classes.dex --instruction-set=arm --instruction-set-features=div --runtime-arg -Xms64m --runtime-arg -Xmx512m
I/dex2oat ( 4748): dex2oat took 352.326ms (threads: 8)
I/art     ( 4046): DexFile_isDexOptNeeded failed to open oat file '/data/dalvik-cache/arm/system@app@SoundRecorder@SoundRecorder.apk@classes.dex' for file location '/system/app/SoundRecorder/SoundRecorder.apk': Failed to open oat filename for reading: No such file or directory
I/art     ( 4046): DexFile_isDexOptNeeded failed to open oat file '/system/app/SoundRecorder/arm/SoundRecorder.odex' for file location '/system/app/SoundRecorder/SoundRecorder.apk': Failed to open oat filename for reading: No such file or directory
I/PackageManager( 4046): Running dexopt on: /system/app/SoundRecorder/SoundRecorder.apk pkg=com.android.soundrecorder isa=arm vmSafeMode=false
I/dex2oat ( 4757): /system/bin/dex2oat --zip-fd=5 --zip-location=/system/app/SoundRecorder/SoundRecorder.apk --oat-fd=6 --oat-location=/data/dalvik-cache/arm/system@app@SoundRecorder@SoundRecorder.apk@classes.dex --instruction-set=arm --instruction-set-features=div --runtime-arg -Xms64m --runtime-arg -Xmx512m
I/dex2oat ( 4757): dex2oat took 97.603ms (threads: 8)
I/art     ( 4046): DexFile_isDexOptNeeded failed to open oat file '/data/dalvik-cache/arm/system@app@Galaxy4@Galaxy4.apk@classes.dex' for file location '/system/app/Galaxy4/Galaxy4.apk': Failed to open oat filename for reading: No such file or directory
I/art     ( 4046): DexFile_isDexOptNeeded failed to open oat file '/system/app/Galaxy4/arm/Galaxy4.odex' for file location '/system/app/Galaxy4/Galaxy4.apk': Failed to open oat filename for reading: No such file or directory
I/PackageManager( 4046): Running dexopt on: /system/app/Galaxy4/Galaxy4.apk pkg=com.android.galaxy4 isa=arm vmSafeMode=false
I/dex2oat ( 4766): /system/bin/dex2oat --zip-fd=5 --zip-location=/system/app/Galaxy4/Galaxy4.apk --oat-fd=6 --oat-location=/data/dalvik-cache/arm/system@app@Galaxy4@Galaxy4.apk@classes.dex --instruction-set=arm --instruction-set-features=div --runtime-arg -Xms64m --runtime-arg -Xmx512m
I/dex2oat ( 4766): dex2oat took 74.485ms (threads: 8)
I/art     ( 4046): DexFile_isDexOptNeeded failed to open oat file '/data/dalvik-cache/arm/system@app@CaptivePortalLogin@CaptivePortalLogin.apk@classes.dex' for file location '/system/app/CaptivePortalLogin/CaptivePortalLogin.apk': Failed to open oat filename for reading: No such file or directory
I/art     ( 4046): DexFile_isDexOptNeeded failed to open oat file '/system/app/CaptivePortalLogin/arm/CaptivePortalLogin.odex' for file location '/system/app/CaptivePortalLogin/CaptivePortalLogin.apk': Failed to open oat filename for reading: No such file or directory
I/PackageManager( 4046): Running dexopt on: /system/app/CaptivePortalLogin/CaptivePortalLogin.apk pkg=com.android.captiveportallogin isa=arm vmSafeMode=false
I/dex2oat ( 4775): /system/bin/dex2oat --zip-fd=5 --zip-location=/system/app/CaptivePortalLogin/CaptivePortalLogin.apk --oat-fd=6 --oat-location=/data/dalvik-cache/arm/system@app@CaptivePortalLogin@CaptivePortalLogin.apk@classes.dex --instruction-set=arm --instruction-set-features=div --runtime-arg -Xms64m --runtime-arg -Xmx512m
I/dex2oat ( 4775): dex2oat took 119.501ms (threads: 8)
I/art     ( 4046): DexFile_isDexOptNeeded failed to open oat file '/data/dalvik-cache/arm/system@priv-app@SharedStorageBackup@SharedStorageBackup.apk@classes.dex' for file location '/system/priv-app/SharedStorageBackup/SharedStorageBackup.apk': Failed to open oat filename for reading: No such file or directory
I/art     ( 4046): DexFile_isDexOptNeeded failed to open oat file '/system/priv-app/SharedStorageBackup/arm/SharedStorageBackup.odex' for file location '/system/priv-app/SharedStorageBackup/SharedStorageBackup.apk': Failed to open oat filename for reading: No such file or directory
I/PackageManager( 4046): Running dexopt on: /system/priv-app/SharedStorageBackup/SharedStorageBackup.apk pkg=com.android.sharedstoragebackup isa=arm vmSafeMode=false
I/dex2oat ( 4784): /system/bin/dex2oat --zip-fd=5 --zip-location=/system/priv-app/SharedStorageBackup/SharedStorageBackup.apk --oat-fd=6 --oat-location=/data/dalvik-cache/arm/system@priv-app@SharedStorageBackup@SharedStorageBackup.apk@classes.dex --instruction-set=arm --instruction-set-features=div --runtime-arg -Xms64m --runtime-arg -Xmx512m
I/dex2oat ( 4784): dex2oat took 68.202ms (threads: 8)
I/art     ( 4046): DexFile_isDexOptNeeded failed to open oat file '/data/dalvik-cache/arm/system@app@PicoTts@PicoTts.apk@classes.dex' for file location '/system/app/PicoTts/PicoTts.apk': Failed to open oat filename for reading: No such file or directory
I/art     ( 4046): DexFile_isDexOptNeeded failed to open oat file '/system/app/PicoTts/arm/PicoTts.odex' for file location '/system/app/PicoTts/PicoTts.apk': Failed to open oat filename for reading: No such file or directory
I/PackageManager( 4046): Running dexopt on: /system/app/PicoTts/PicoTts.apk pkg=com.svox.pico isa=arm vmSafeMode=false
I/dex2oat ( 4793): /system/bin/dex2oat --zip-fd=5 --zip-location=/system/app/PicoTts/PicoTts.apk --oat-fd=6 --oat-location=/data/dalvik-cache/arm/system@app@PicoTts@PicoTts.apk@classes.dex --instruction-set=arm --instruction-set-features=div --runtime-arg -Xms64m --runtime-arg -Xmx512m
I/dex2oat ( 4793): dex2oat took 73.448ms (threads: 8)
I/art     ( 4046): DexFile_isDexOptNeeded failed to open oat file '/data/dalvik-cache/arm/system@app@CertInstaller@CertInstaller.apk@classes.dex' for file location '/system/app/CertInstaller/CertInstaller.apk': Failed to open oat filename for reading: No such file or directory
I/art     ( 4046): DexFile_isDexOptNeeded failed to open oat file '/system/app/CertInstaller/arm/CertInstaller.odex' for file location '/system/app/CertInstaller/CertInstaller.apk': Failed to open oat filename for reading: No such file or directory
I/PackageManager( 4046): Running dexopt on: /system/app/CertInstaller/CertInstaller.apk pkg=com.android.certinstaller isa=arm vmSafeMode=false
I/dex2oat ( 4802): /system/bin/dex2oat --zip-fd=5 --zip-location=/system/app/CertInstaller/CertInstaller.apk --oat-fd=6 --oat-location=/data/dalvik-cache/arm/system@app@CertInstaller@CertInstaller.apk@classes.dex --instruction-set=arm --instruction-set-features=div --runtime-arg -Xms64m --runtime-arg -Xmx512m
I/dex2oat ( 4802): dex2oat took 91.482ms (threads: 8)
I/art     ( 4046): DexFile_isDexOptNeeded failed to open oat file '/data/dalvik-cache/arm/system@app@PhotoPhase@PhotoPhase.apk@classes.dex' for file location '/system/app/PhotoPhase/PhotoPhase.apk': Failed to open oat filename for reading: No such file or directory
I/art     ( 4046): DexFile_isDexOptNeeded failed to open oat file '/system/app/PhotoPhase/arm/PhotoPhase.odex' for file location '/system/app/PhotoPhase/PhotoPhase.apk': Failed to open oat filename for reading: No such file or directory
I/PackageManager( 4046): Running dexopt on: /system/app/PhotoPhase/PhotoPhase.apk pkg=org.cyanogenmod.wallpapers.photophase isa=arm vmSafeMode=false
I/dex2oat ( 4811): /system/bin/dex2oat --zip-fd=5 --zip-location=/system/app/PhotoPhase/PhotoPhase.apk --oat-fd=6 --oat-location=/data/dalvik-cache/arm/system@app@PhotoPhase@PhotoPhase.apk@classes.dex --instruction-set=arm --instruction-set-features=div --runtime-arg -Xms64m --runtime-arg -Xmx512m
I/dex2oat ( 4811): dex2oat took 205.372ms (threads: 8)
I/art     ( 4046): DexFile_isDexOptNeeded failed to open oat file '/data/dalvik-cache/arm/system@app@CMFileManager@CMFileManager.apk@classes.dex' for file location '/system/app/CMFileManager/CMFileManager.apk': Failed to open oat filename for reading: No such file or directory
I/art     ( 4046): DexFile_isDexOptNeeded failed to open oat file '/system/app/CMFileManager/arm/CMFileManager.odex' for file location '/system/app/CMFileManager/CMFileManager.apk': Failed to open oat filename for reading: No such file or directory
I/PackageManager( 4046): Running dexopt on: /system/app/CMFileManager/CMFileManager.apk pkg=com.cyanogenmod.filemanager isa=arm vmSafeMode=false
I/dex2oat ( 4820): /system/bin/dex2oat --zip-fd=5 --zip-location=/system/app/CMFileManager/CMFileManager.apk --oat-fd=6 --oat-location=/data/dalvik-cache/arm/system@app@CMFileManager@CMFileManager.apk@classes.dex --instruction-set=arm --instruction-set-features=div --runtime-arg -Xms64m --runtime-arg -Xmx512m
W/SurfaceFlinger( 3661): Ignoring duplicate VSYNC event from HWC (t=54210210130)
I/dex2oat ( 4820): dex2oat took 990.639ms (threads: 8)
W/SurfaceFlinger( 3661): Ignoring duplicate VSYNC event from HWC (t=54345385880)
I/art     ( 4046): DexFile_isDexOptNeeded failed to open oat file '/data/dalvik-cache/arm/system@app@Exchange2@Exchange2.apk@classes.dex' for file location '/system/app/Exchange2/Exchange2.apk': Failed to open oat filename for reading: No such file or directory
I/art     ( 4046): DexFile_isDexOptNeeded failed to open oat file '/system/app/Exchange2/arm/Exchange2.odex' for file location '/system/app/Exchange2/Exchange2.apk': Failed to open oat filename for reading: No such file or directory
I/PackageManager( 4046): Running dexopt on: /system/app/Exchange2/Exchange2.apk pkg=com.android.exchange isa=arm vmSafeMode=false
I/dex2oat ( 4831): /system/bin/dex2oat --zip-fd=5 --zip-location=/system/app/Exchange2/Exchange2.apk --oat-fd=6 --oat-location=/data/dalvik-cache/arm/system@app@Exchange2@Exchange2.apk@classes.dex --instruction-set=arm --instruction-set-features=div --runtime-arg -Xms64m --runtime-arg -Xmx512m
W/SurfaceFlinger( 3661): Ignoring duplicate VSYNC event from HWC (t=55425100088)
I/dex2oat ( 4831): dex2oat took 1.473s (threads: 8)
I/art     ( 4046): DexFile_isDexOptNeeded failed to open oat file '/data/dalvik-cache/arm/system@app@Gallery2@Gallery2.apk@classes.dex' for file location '/system/app/Gallery2/Gallery2.apk': Failed to open oat filename for reading: No such file or directory
I/art     ( 4046): DexFile_isDexOptNeeded failed to open oat file '/system/app/Gallery2/arm/Gallery2.odex' for file location '/system/app/Gallery2/Gallery2.apk': Failed to open oat filename for reading: No such file or directory
I/PackageManager( 4046): Running dexopt on: /system/app/Gallery2/Gallery2.apk pkg=com.android.gallery3d isa=arm vmSafeMode=false
I/dex2oat ( 4841): /system/bin/dex2oat --zip-fd=5 --zip-location=/system/app/Gallery2/Gallery2.apk --oat-fd=6 --oat-location=/data/dalvik-cache/arm/system@app@Gallery2@Gallery2.apk@classes.dex --instruction-set=arm --instruction-set-features=div --runtime-arg -Xms64m --runtime-arg -Xmx512m
I/dex2oat ( 4841): dex2oat took 1.439s (threads: 8)
I/art     ( 4046): DexFile_isDexOptNeeded failed to open oat file '/data/dalvik-cache/arm/system@priv-app@CellBroadcastReceiver@CellBroadcastReceiver.apk@classes.dex' for file location '/system/priv-app/CellBroadcastReceiver/CellBroadcastReceiver.apk': Failed to open oat filename for reading: No such file or directory
I/art     ( 4046): DexFile_isDexOptNeeded failed to open oat file '/system/priv-app/CellBroadcastReceiver/arm/CellBroadcastReceiver.odex' for file location '/system/priv-app/CellBroadcastReceiver/CellBroadcastReceiver.apk': Failed to open oat filename for reading: No such file or directory
I/PackageManager( 4046): Running dexopt on: /system/priv-app/CellBroadcastReceiver/CellBroadcastReceiver.apk pkg=com.android.cellbroadcastreceiver isa=arm vmSafeMode=false
W/SurfaceFlinger( 3661): Ignoring duplicate VSYNC event from HWC (t=57380425297)
I/dex2oat ( 4850): /system/bin/dex2oat --zip-fd=5 --zip-location=/system/priv-app/CellBroadcastReceiver/CellBroadcastReceiver.apk --oat-fd=6 --oat-location=/data/dalvik-cache/arm/system@priv-app@CellBroadcastReceiver@CellBroadcastReceiver.apk@classes.dex --instruction-set=arm --instruction-set-features=div --runtime-arg -Xms64m --runtime-arg -Xmx512m
I/dex2oat ( 4850): dex2oat took 112.346ms (threads: 8)
I/art     ( 4046): DexFile_isDexOptNeeded failed to open oat file '/data/dalvik-cache/arm/system@app@webview@webview.apk@classes.dex' for file location '/system/app/webview/webview.apk': Failed to open oat filename for reading: No such file or directory
I/art     ( 4046): DexFile_isDexOptNeeded failed to open oat file '/system/app/webview/arm/webview.odex' for file location '/system/app/webview/webview.apk': Failed to open oat filename for reading: No such file or directory
I/PackageManager( 4046): Running dexopt on: /system/app/webview/webview.apk pkg=com.android.webview isa=arm vmSafeMode=false
I/dex2oat ( 4859): /system/bin/dex2oat --zip-fd=5 --zip-location=/system/app/webview/webview.apk --oat-fd=6 --oat-location=/data/dalvik-cache/arm/system@app@webview@webview.apk@classes.dex --instruction-set=arm --instruction-set-features=div --runtime-arg -Xms64m --runtime-arg -Xmx512m
W/SurfaceFlinger( 3661): Ignoring duplicate VSYNC event from HWC (t=58055083755)
I/dex2oat ( 4859): dex2oat took 541.555ms (threads: 8)
I/art     ( 4046): DexFile_isDexOptNeeded failed to open oat file '/data/dalvik-cache/arm/system@app@Email@Email.apk@classes.dex' for file location '/system/app/Email/Email.apk': Failed to open oat filename for reading: No such file or directory
I/art     ( 4046): DexFile_isDexOptNeeded failed to open oat file '/system/app/Email/arm/Email.odex' for file location '/system/app/Email/Email.apk': Failed to open oat filename for reading: No such file or directory
I/PackageManager( 4046): Running dexopt on: /system/app/Email/Email.apk pkg=com.android.email isa=arm vmSafeMode=false
I/dex2oat ( 4868): /system/bin/dex2oat --zip-fd=5 --zip-location=/system/app/Email/Email.apk --oat-fd=6 --oat-location=/data/dalvik-cache/arm/system@app@Email@Email.apk@classes.dex --instruction-set=arm --instruction-set-features=div --runtime-arg -Xms64m --runtime-arg -Xmx512m
W/SurfaceFlinger( 3661): Ignoring duplicate VSYNC event from HWC (t=58510213714)
W/SurfaceFlinger( 3661): Ignoring duplicate VSYNC event from HWC (t=58780252172)
I/dex2oat ( 4868): dex2oat took 2.199s (threads: 8)
I/art     ( 4046): DexFile_isDexOptNeeded failed to open oat file '/data/dalvik-cache/arm/system@priv-app@DownloadProvider@DownloadProvider.apk@classes.dex' for file location '/system/priv-app/DownloadProvider/DownloadProvider.apk': Failed to open oat filename for reading: No such file or directory
I/art     ( 4046): DexFile_isDexOptNeeded failed to open oat file '/system/priv-app/DownloadProvider/arm/DownloadProvider.odex' for file location '/system/priv-app/DownloadProvider/DownloadProvider.apk': Failed to open oat filename for reading: No such file or directory
I/PackageManager( 4046): Running dexopt on: /system/priv-app/DownloadProvider/DownloadProvider.apk pkg=com.android.providers.downloads isa=arm vmSafeMode=false
I/dex2oat ( 4877): /system/bin/dex2oat --zip-fd=5 --zip-location=/system/priv-app/DownloadProvider/DownloadProvider.apk --oat-fd=6 --oat-location=/data/dalvik-cache/arm/system@priv-app@DownloadProvider@DownloadProvider.apk@classes.dex --instruction-set=arm --instruction-set-features=div --runtime-arg -Xms64m --runtime-arg -Xmx512m
I/dex2oat ( 4877): dex2oat took 243.542ms (threads: 8)
I/art     ( 4046): DexFile_isDexOptNeeded failed to open oat file '/data/dalvik-cache/arm/system@priv-app@WallpaperCropper@WallpaperCropper.apk@classes.dex' for file location '/system/priv-app/WallpaperCropper/WallpaperCropper.apk': Failed to open oat filename for reading: No such file or directory
I/art     ( 4046): DexFile_isDexOptNeeded failed to open oat file '/system/priv-app/WallpaperCropper/arm/WallpaperCropper.odex' for file location '/system/priv-app/WallpaperCropper/WallpaperCropper.apk': Failed to open oat filename for reading: No such file or directory
I/PackageManager( 4046): Running dexopt on: /system/priv-app/WallpaperCropper/WallpaperCropper.apk pkg=com.android.wallpapercropper isa=arm vmSafeMode=false
I/dex2oat ( 4887): /system/bin/dex2oat --zip-fd=5 --zip-location=/system/priv-app/WallpaperCropper/WallpaperCropper.apk --oat-fd=6 --oat-location=/data/dalvik-cache/arm/system@priv-app@WallpaperCropper@WallpaperCropper.apk@classes.dex --instruction-set=arm --instruction-set-features=div --runtime-arg -Xms64m --runtime-arg -Xmx512m
I/dex2oat ( 4887): dex2oat took 243.957ms (threads: 8)
I/art     ( 4046): DexFile_isDexOptNeeded failed to open oat file '/data/dalvik-cache/arm/system@priv-app@ThemesProvider@ThemesProvider.apk@classes.dex' for file location '/system/priv-app/ThemesProvider/ThemesProvider.apk': Failed to open oat filename for reading: No such file or directory
I/art     ( 4046): DexFile_isDexOptNeeded failed to open oat file '/system/priv-app/ThemesProvider/arm/ThemesProvider.odex' for file location '/system/priv-app/ThemesProvider/ThemesProvider.apk': Failed to open oat filename for reading: No such file or directory
I/PackageManager( 4046): Running dexopt on: /system/priv-app/ThemesProvider/ThemesProvider.apk pkg=org.cyanogenmod.themes.provider isa=arm vmSafeMode=false
I/dex2oat ( 4896): /system/bin/dex2oat --zip-fd=5 --zip-location=/system/priv-app/ThemesProvider/ThemesProvider.apk --oat-fd=6 --oat-location=/data/dalvik-cache/arm/system@priv-app@ThemesProvider@ThemesProvider.apk@classes.dex --instruction-set=arm --instruction-set-features=div --runtime-arg -Xms64m --runtime-arg -Xmx512m
I/dex2oat ( 4896): dex2oat took 108.943ms (threads: 8)
I/art     ( 4046): DexFile_isDexOptNeeded failed to open oat file '/data/dalvik-cache/arm/system@app@DownloadProviderUi@DownloadProviderUi.apk@classes.dex' for file location '/system/app/DownloadProviderUi/DownloadProviderUi.apk': Failed to open oat filename for reading: No such file or directory
I/art     ( 4046): DexFile_isDexOptNeeded failed to open oat file '/system/app/DownloadProviderUi/arm/DownloadProviderUi.odex' for file location '/system/app/DownloadProviderUi/DownloadProviderUi.apk': Failed to open oat filename for reading: No such file or directory
I/PackageManager( 4046): Running dexopt on: /system/app/DownloadProviderUi/DownloadProviderUi.apk pkg=com.android.providers.downloads.ui isa=arm vmSafeMode=false
I/dex2oat ( 4905): /system/bin/dex2oat --zip-fd=5 --zip-location=/system/app/DownloadProviderUi/DownloadProviderUi.apk --oat-fd=6 --oat-location=/data/dalvik-cache/arm/system@app@DownloadProviderUi@DownloadProviderUi.apk@classes.dex --instruction-set=arm --instruction-set-features=div --runtime-arg -Xms64m --runtime-arg -Xmx512m
I/dex2oat ( 4905): dex2oat took 75.710ms (threads: 8)
I/art     ( 4046): DexFile_isDexOptNeeded failed to open oat file '/data/dalvik-cache/arm/system@app@UserDictionaryProvider@UserDictionaryProvider.apk@classes.dex' for file location '/system/app/UserDictionaryProvider/UserDictionaryProvider.apk': Failed to open oat filename for reading: No such file or directory
I/art     ( 4046): DexFile_isDexOptNeeded failed to open oat file '/system/app/UserDictionaryProvider/arm/UserDictionaryProvider.odex' for file location '/system/app/UserDictionaryProvider/UserDictionaryProvider.apk': Failed to open oat filename for reading: No such file or directory
I/PackageManager( 4046): Running dexopt on: /system/app/UserDictionaryProvider/UserDictionaryProvider.apk pkg=com.android.providers.userdictionary isa=arm vmSafeMode=false
I/dex2oat ( 4914): /system/bin/dex2oat --zip-fd=5 --zip-location=/system/app/UserDictionaryProvider/UserDictionaryProvider.apk --oat-fd=6 --oat-location=/data/dalvik-cache/arm/system@app@UserDictionaryProvider@UserDictionaryProvider.apk@classes.dex --instruction-set=arm --instruction-set-features=div --runtime-arg -Xms64m --runtime-arg -Xmx512m
I/dex2oat ( 4914): dex2oat took 78.697ms (threads: 8)
I/art     ( 4046): DexFile_isDexOptNeeded failed to open oat file '/data/dalvik-cache/arm/system@app@Camera2@Camera2.apk@classes.dex' for file location '/system/app/Camera2/Camera2.apk': Failed to open oat filename for reading: No such file or directory
I/art     ( 4046): DexFile_isDexOptNeeded failed to open oat file '/system/app/Camera2/arm/Camera2.odex' for file location '/system/app/Camera2/Camera2.apk': Failed to open oat filename for reading: No such file or directory
I/PackageManager( 4046): Running dexopt on: /system/app/Camera2/Camera2.apk pkg=com.android.camera2 isa=arm vmSafeMode=false
I/dex2oat ( 4923): /system/bin/dex2oat --zip-fd=5 --zip-location=/system/app/Camera2/Camera2.apk --oat-fd=6 --oat-location=/data/dalvik-cache/arm/system@app@Camera2@Camera2.apk@classes.dex --instruction-set=arm --instruction-set-features=div --runtime-arg -Xms64m --runtime-arg -Xmx512m
I/dex2oat ( 4923): dex2oat took 873.713ms (threads: 8)
I/art     ( 4046): DexFile_isDexOptNeeded failed to open oat file '/data/dalvik-cache/arm/system@priv-app@BackupRestoreConfirmation@BackupRestoreConfirmation.apk@classes.dex' for file location '/system/priv-app/BackupRestoreConfirmation/BackupRestoreConfirmation.apk': Failed to open oat filename for reading: No such file or directory
I/art     ( 4046): DexFile_isDexOptNeeded failed to open oat file '/system/priv-app/BackupRestoreConfirmation/arm/BackupRestoreConfirmation.odex' for file location '/system/priv-app/BackupRestoreConfirmation/BackupRestoreConfirmation.apk': Failed to open oat filename for reading: No such file or directory
I/PackageManager( 4046): Running dexopt on: /system/priv-app/BackupRestoreConfirmation/BackupRestoreConfirmation.apk pkg=com.android.backupconfirm isa=arm vmSafeMode=false
I/dex2oat ( 4932): /system/bin/dex2oat --zip-fd=5 --zip-location=/system/priv-app/BackupRestoreConfirmation/BackupRestoreConfirmation.apk --oat-fd=6 --oat-location=/data/dalvik-cache/arm/system@priv-app@BackupRestoreConfirmation@BackupRestoreConfirmation.apk@classes.dex --instruction-set=arm --instruction-set-features=div --runtime-arg -Xms64m --runtime-arg -Xmx512m
I/dex2oat ( 4932): dex2oat took 74.448ms (threads: 8)
I/art     ( 4046): DexFile_isDexOptNeeded failed to open oat file '/data/dalvik-cache/arm/system@app@PackageInstaller@PackageInstaller.apk@classes.dex' for file location '/system/app/PackageInstaller/PackageInstaller.apk': Failed to open oat filename for reading: No such file or directory
I/art     ( 4046): DexFile_isDexOptNeeded failed to open oat file '/system/app/PackageInstaller/arm/PackageInstaller.odex' for file location '/system/app/PackageInstaller/PackageInstaller.apk': Failed to open oat filename for reading: No such file or directory
I/PackageManager( 4046): Running dexopt on: /system/app/PackageInstaller/PackageInstaller.apk pkg=com.android.packageinstaller isa=arm vmSafeMode=false
I/dex2oat ( 4941): /system/bin/dex2oat --zip-fd=5 --zip-location=/system/app/PackageInstaller/PackageInstaller.apk --oat-fd=6 --oat-location=/data/dalvik-cache/arm/system@app@PackageInstaller@PackageInstaller.apk@classes.dex --instruction-set=arm --instruction-set-features=div --runtime-arg -Xms64m --runtime-arg -Xmx512m
I/dex2oat ( 4941): dex2oat took 270.308ms (threads: 8)
I/art     ( 4046): DexFile_isDexOptNeeded failed to open oat file '/data/dalvik-cache/arm/system@app@VisualizationWallpapers@VisualizationWallpapers.apk@classes.dex' for file location '/system/app/VisualizationWallpapers/VisualizationWallpapers.apk': Failed to open oat filename for reading: No such file or directory
I/art     ( 4046): DexFile_isDexOptNeeded failed to open oat file '/system/app/VisualizationWallpapers/arm/VisualizationWallpapers.odex' for file location '/system/app/VisualizationWallpapers/VisualizationWallpapers.apk': Failed to open oat filename for reading: No such file or directory
I/PackageManager( 4046): Running dexopt on: /system/app/VisualizationWallpapers/VisualizationWallpapers.apk pkg=com.android.musicvis isa=arm vmSafeMode=false
I/dex2oat ( 4950): /system/bin/dex2oat --zip-fd=5 --zip-location=/system/app/VisualizationWallpapers/VisualizationWallpapers.apk --oat-fd=6 --oat-location=/data/dalvik-cache/arm/system@app@VisualizationWallpapers@VisualizationWallpapers.apk@classes.dex --instruction-set=arm --instruction-set-features=div --runtime-arg -Xms64m --runtime-arg -Xmx512m
I/dex2oat ( 4950): dex2oat took 68.276ms (threads: 8)
I/art     ( 4046): DexFile_isDexOptNeeded failed to open oat file '/data/dalvik-cache/arm/system@app@Stk@Stk.apk@classes.dex' for file location '/system/app/Stk/Stk.apk': Failed to open oat filename for reading: No such file or directory
I/art     ( 4046): DexFile_isDexOptNeeded failed to open oat file '/system/app/Stk/arm/Stk.odex' for file location '/system/app/Stk/Stk.apk': Failed to open oat filename for reading: No such file or directory
I/PackageManager( 4046): Running dexopt on: /system/app/Stk/Stk.apk pkg=com.android.stk isa=arm vmSafeMode=false
I/dex2oat ( 4959): /system/bin/dex2oat --zip-fd=5 --zip-location=/system/app/Stk/Stk.apk --oat-fd=6 --oat-location=/data/dalvik-cache/arm/system@app@Stk@Stk.apk@classes.dex --instruction-set=arm --instruction-set-features=div --runtime-arg -Xms64m --runtime-arg -Xmx512m
I/dex2oat ( 4959): dex2oat took 82.196ms (threads: 8)
I/art     ( 4046): DexFile_isDexOptNeeded failed to open oat file '/data/dalvik-cache/arm/system@app@PrintSpooler@PrintSpooler.apk@classes.dex' for file location '/system/app/PrintSpooler/PrintSpooler.apk': Failed to open oat filename for reading: No such file or directory
I/art     ( 4046): DexFile_isDexOptNeeded failed to open oat file '/system/app/PrintSpooler/arm/PrintSpooler.odex' for file location '/system/app/PrintSpooler/PrintSpooler.apk': Failed to open oat filename for reading: No such file or directory
I/PackageManager( 4046): Running dexopt on: /system/app/PrintSpooler/PrintSpooler.apk pkg=com.android.printspooler isa=arm vmSafeMode=false
I/dex2oat ( 4968): /system/bin/dex2oat --zip-fd=5 --zip-location=/system/app/PrintSpooler/PrintSpooler.apk --oat-fd=6 --oat-location=/data/dalvik-cache/arm/system@app@PrintSpooler@PrintSpooler.apk@classes.dex --instruction-set=arm --instruction-set-features=div --runtime-arg -Xms64m --runtime-arg -Xmx512m
I/dex2oat ( 4968): dex2oat took 412.544ms (threads: 8)
I/art     ( 4046): DexFile_isDexOptNeeded failed to open oat file '/data/dalvik-cache/arm/system@app@PhotoTable@PhotoTable.apk@classes.dex' for file location '/system/app/PhotoTable/PhotoTable.apk': Failed to open oat filename for reading: No such file or directory
I/art     ( 4046): DexFile_isDexOptNeeded failed to open oat file '/system/app/PhotoTable/arm/PhotoTable.odex' for file location '/system/app/PhotoTable/PhotoTable.apk': Failed to open oat filename for reading: No such file or directory
I/PackageManager( 4046): Running dexopt on: /system/app/PhotoTable/PhotoTable.apk pkg=com.android.dreams.phototable isa=arm vmSafeMode=false
I/dex2oat ( 4977): /system/bin/dex2oat --zip-fd=5 --zip-location=/system/app/PhotoTable/PhotoTable.apk --oat-fd=6 --oat-location=/data/dalvik-cache/arm/system@app@PhotoTable@PhotoTable.apk@classes.dex --instruction-set=arm --instruction-set-features=div --runtime-arg -Xms64m --runtime-arg -Xmx512m
I/dex2oat ( 4977): dex2oat took 134.349ms (threads: 8)
I/art     ( 4046): DexFile_isDexOptNeeded failed to open oat file '/data/dalvik-cache/arm/system@app@DocumentsUI@DocumentsUI.apk@classes.dex' for file location '/system/app/DocumentsUI/DocumentsUI.apk': Failed to open oat filename for reading: No such file or directory
I/art     ( 4046): DexFile_isDexOptNeeded failed to open oat file '/system/app/DocumentsUI/arm/DocumentsUI.odex' for file location '/system/app/DocumentsUI/DocumentsUI.apk': Failed to open oat filename for reading: No such file or directory
I/PackageManager( 4046): Running dexopt on: /system/app/DocumentsUI/DocumentsUI.apk pkg=com.android.documentsui isa=arm vmSafeMode=false
I/dex2oat ( 4986): /system/bin/dex2oat --zip-fd=5 --zip-location=/system/app/DocumentsUI/DocumentsUI.apk --oat-fd=6 --oat-location=/data/dalvik-cache/arm/system@app@DocumentsUI@DocumentsUI.apk@classes.dex --instruction-set=arm --instruction-set-features=div --runtime-arg -Xms64m --runtime-arg -Xmx512m
I/dex2oat ( 4986): dex2oat took 410.833ms (threads: 8)
I/art     ( 4046): DexFile_isDexOptNeeded failed to open oat file '/data/dalvik-cache/arm/system@app@NoiseField@NoiseField.apk@classes.dex' for file location '/system/app/NoiseField/NoiseField.apk': Failed to open oat filename for reading: No such file or directory
I/art     ( 4046): DexFile_isDexOptNeeded failed to open oat file '/system/app/NoiseField/arm/NoiseField.odex' for file location '/system/app/NoiseField/NoiseField.apk': Failed to open oat filename for reading: No such file or directory
I/PackageManager( 4046): Running dexopt on: /system/app/NoiseField/NoiseField.apk pkg=com.android.noisefield isa=arm vmSafeMode=false
I/dex2oat ( 4996): /system/bin/dex2oat --zip-fd=5 --zip-location=/system/app/NoiseField/NoiseField.apk --oat-fd=6 --oat-location=/data/dalvik-cache/arm/system@app@NoiseField@NoiseField.apk@classes.dex --instruction-set=arm --instruction-set-features=div --runtime-arg -Xms64m --runtime-arg -Xmx512m
I/dex2oat ( 4996): dex2oat took 81.488ms (threads: 8)
I/art     ( 4046): DexFile_isDexOptNeeded failed to open oat file '/data/dalvik-cache/arm/system@priv-app@Contacts@Contacts.apk@classes.dex' for file location '/system/priv-app/Contacts/Contacts.apk': Failed to open oat filename for reading: No such file or directory
I/art     ( 4046): DexFile_isDexOptNeeded failed to open oat file '/system/priv-app/Contacts/arm/Contacts.odex' for file location '/system/priv-app/Contacts/Contacts.apk': Failed to open oat filename for reading: No such file or directory
I/PackageManager( 4046): Running dexopt on: /system/priv-app/Contacts/Contacts.apk pkg=com.android.contacts isa=arm vmSafeMode=false
I/dex2oat ( 5005): /system/bin/dex2oat --zip-fd=5 --zip-location=/system/priv-app/Contacts/Contacts.apk --oat-fd=6 --oat-location=/data/dalvik-cache/arm/system@priv-app@Contacts@Contacts.apk@classes.dex --instruction-set=arm --instruction-set-features=div --runtime-arg -Xms64m --runtime-arg -Xmx512m
I/dex2oat ( 5005): dex2oat took 1.065s (threads: 8)
I/art     ( 4046): DexFile_isDexOptNeeded failed to open oat file '/data/dalvik-cache/arm/system@app@PhaseBeam@PhaseBeam.apk@classes.dex' for file location '/system/app/PhaseBeam/PhaseBeam.apk': Failed to open oat filename for reading: No such file or directory
I/art     ( 4046): DexFile_isDexOptNeeded failed to open oat file '/system/app/PhaseBeam/arm/PhaseBeam.odex' for file location '/system/app/PhaseBeam/PhaseBeam.apk': Failed to open oat filename for reading: No such file or directory
I/PackageManager( 4046): Running dexopt on: /system/app/PhaseBeam/PhaseBeam.apk pkg=com.android.phasebeam isa=arm vmSafeMode=false
I/dex2oat ( 5014): /system/bin/dex2oat --zip-fd=5 --zip-location=/system/app/PhaseBeam/PhaseBeam.apk --oat-fd=6 --oat-location=/data/dalvik-cache/arm/system@app@PhaseBeam@PhaseBeam.apk@classes.dex --instruction-set=arm --instruction-set-features=div --runtime-arg -Xms64m --runtime-arg -Xmx512m
I/dex2oat ( 5014): dex2oat took 74.575ms (threads: 8)
I/art     ( 4046): DexFile_isDexOptNeeded failed to open oat file '/data/dalvik-cache/arm/system@priv-app@Mms@Mms.apk@classes.dex' for file location '/system/priv-app/Mms/Mms.apk': Failed to open oat filename for reading: No such file or directory
I/art     ( 4046): DexFile_isDexOptNeeded failed to open oat file '/system/priv-app/Mms/arm/Mms.odex' for file location '/system/priv-app/Mms/Mms.apk': Failed to open oat filename for reading: No such file or directory
I/PackageManager( 4046): Running dexopt on: /system/priv-app/Mms/Mms.apk pkg=com.android.mms isa=arm vmSafeMode=false
I/dex2oat ( 5023): /system/bin/dex2oat --zip-fd=5 --zip-location=/system/priv-app/Mms/Mms.apk --oat-fd=6 --oat-location=/data/dalvik-cache/arm/system@priv-app@Mms@Mms.apk@classes.dex --instruction-set=arm --instruction-set-features=div --runtime-arg -Xms64m --runtime-arg -Xmx512m
I/dex2oat ( 5023): dex2oat took 1.168s (threads: 8)
I/art     ( 4046): DexFile_isDexOptNeeded failed to open oat file '/data/dalvik-cache/arm/system@app@WAPPushManager@WAPPushManager.apk@classes.dex' for file location '/system/app/WAPPushManager/WAPPushManager.apk': Failed to open oat filename for reading: No such file or directory
I/art     ( 4046): DexFile_isDexOptNeeded failed to open oat file '/system/app/WAPPushManager/arm/WAPPushManager.odex' for file location '/system/app/WAPPushManager/WAPPushManager.apk': Failed to open oat filename for reading: No such file or directory
I/PackageManager( 4046): Running dexopt on: /system/app/WAPPushManager/WAPPushManager.apk pkg=com.android.smspush isa=arm vmSafeMode=false
I/dex2oat ( 5033): /system/bin/dex2oat --zip-fd=5 --zip-location=/system/app/WAPPushManager/WAPPushManager.apk --oat-fd=6 --oat-location=/data/dalvik-cache/arm/system@app@WAPPushManager@WAPPushManager.apk@classes.dex --instruction-set=arm --instruction-set-features=div --runtime-arg -Xms64m --runtime-arg -Xmx512m
I/dex2oat ( 5033): dex2oat took 104.043ms (threads: 8)
I/art     ( 4046): DexFile_isDexOptNeeded failed to open oat file '/data/dalvik-cache/arm/system@app@Eleven@Eleven.apk@classes.dex' for file location '/system/app/Eleven/Eleven.apk': Failed to open oat filename for reading: No such file or directory
I/art     ( 4046): DexFile_isDexOptNeeded failed to open oat file '/system/app/Eleven/arm/Eleven.odex' for file location '/system/app/Eleven/Eleven.apk': Failed to open oat filename for reading: No such file or directory
I/PackageManager( 4046): Running dexopt on: /system/app/Eleven/Eleven.apk pkg=com.cyanogenmod.eleven isa=arm vmSafeMode=false
I/dex2oat ( 5042): /system/bin/dex2oat --zip-fd=5 --zip-location=/system/app/Eleven/Eleven.apk --oat-fd=6 --oat-location=/data/dalvik-cache/arm/system@app@Eleven@Eleven.apk@classes.dex --instruction-set=arm --instruction-set-features=div --runtime-arg -Xms64m --runtime-arg -Xmx512m
W/SurfaceFlinger( 3661): Ignoring duplicate VSYNC event from HWC (t=68325130757)
W/SurfaceFlinger( 3661): Ignoring duplicate VSYNC event from HWC (t=68460190548)
I/dex2oat ( 5042): dex2oat took 2.111s (threads: 8)
I/art     ( 4046): DexFile_isDexOptNeeded failed to open oat file '/data/dalvik-cache/arm/system@app@Terminal@Terminal.apk@classes.dex' for file location '/system/app/Terminal/Terminal.apk': Failed to open oat filename for reading: No such file or directory
I/art     ( 4046): DexFile_isDexOptNeeded failed to open oat file '/system/app/Terminal/arm/Terminal.odex' for file location '/system/app/Terminal/Terminal.apk': Failed to open oat filename for reading: No such file or directory
I/PackageManager( 4046): Running dexopt on: /system/app/Terminal/Terminal.apk pkg=com.android.terminal isa=arm vmSafeMode=false
I/dex2oat ( 5051): /system/bin/dex2oat --zip-fd=5 --zip-location=/system/app/Terminal/Terminal.apk --oat-fd=6 --oat-location=/data/dalvik-cache/arm/system@app@Terminal@Terminal.apk@classes.dex --instruction-set=arm --instruction-set-features=div --runtime-arg -Xms64m --runtime-arg -Xmx512m
I/dex2oat ( 5051): dex2oat took 626.330ms (threads: 8)
