E/installd( 3688): Couldn't opendir /data/data/com.samsung.safetyinformation: No such file or directory
W/PackageManager( 4088): System package com.sec.setdefaultlauncher no longer exists; wiping its data
E/installd( 3688): Couldn't opendir /data/data/com.sec.setdefaultlauncher: No such file or directory
W/PackageManager( 4088): System package eu.chainfire.supersu no longer exists; wiping its data
E/installd( 3688): Couldn't opendir /data/data/eu.chainfire.supersu: No such file or directory
W/PackageManager( 4088): System package com.sec.android.app.popupcalculator no longer exists; wiping its data
E/installd( 3688): Couldn't opendir /data/data/com.sec.android.app.popupcalculator: No such file or directory
W/PackageManager( 4088): System package com.sec.android.widgetapp.webmanual no longer exists; wiping its data
E/installd( 3688): Couldn't opendir /data/data/com.sec.android.widgetapp.webmanual: No such file or directory
W/PackageManager( 4088): System package com.sec.android.soagent no longer exists; wiping its data
E/installd( 3688): Couldn't opendir /data/data/com.sec.android.soagent: No such file or directory
W/PackageManager( 4088): System package com.vlingo.midas no longer exists; wiping its data
E/installd( 3688): Couldn't opendir /data/data/com.vlingo.midas: No such file or directory
W/PackageManager( 4088): System package com.sec.android.app.camera no longer exists; wiping its data
E/installd( 3688): Couldn't opendir /data/data/com.sec.android.app.camera: No such file or directory
W/PackageManager( 4088): System package com.android.settings no longer exists; wiping its data
E/installd( 3688): Couldn't opendir /data/data/com.android.settings: No such file or directory
W/PackageManager( 4088): System package org.simalliance.openmobileapi.service no longer exists; wiping its data
E/installd( 3688): Couldn't opendir /data/data/org.simalliance.openmobileapi.service: No such file or directory
W/PackageManager( 4088): System package com.samsung.android.app.watchmanagerstub no longer exists; wiping its data
E/installd( 3688): Couldn't opendir /data/data/com.samsung.android.app.watchmanagerstub: No such file or directory
W/PackageManager( 4088): System package com.samsung.android.allshare.service.fileshare no longer exists; wiping its data
E/installd( 3688): Couldn't opendir /data/data/com.samsung.android.allshare.service.fileshare: No such file or directory
W/PackageManager( 4088): System package com.samsung.sec.android.application.csc no longer exists; wiping its data
E/installd( 3688): Couldn't opendir /data/data/com.samsung.sec.android.application.csc: No such file or directory
W/PackageManager( 4088): System package com.sec.msc.nts.android.proxy no longer exists; wiping its data
E/installd( 3688): Couldn't opendir /data/data/com.sec.msc.nts.android.proxy: No such file or directory
W/PackageManager( 4088): System package com.sec.android.daemonapp no longer exists; wiping its data
E/installd( 3688): Couldn't opendir /data/data/com.sec.android.daemonapp: No such file or directory
W/PackageManager( 4088): System package com.LocalFota no longer exists; wiping its data
E/installd( 3688): Couldn't opendir /data/data/com.LocalFota: No such file or directory
W/PackageManager( 4088): System package com.sec.android.app.SamsungContentsAgent no longer exists; wiping its data
E/installd( 3688): Couldn't opendir /data/data/com.sec.android.app.SamsungContentsAgent: No such file or directory
W/PackageManager( 4088): System package com.google.android.syncadapters.contacts no longer exists; wiping its data
E/installd( 3688): Couldn't opendir /data/data/com.google.android.syncadapters.contacts: No such file or directory
W/PackageManager( 4088): System package com.android.providers.settings no longer exists; wiping its data
E/installd( 3688): Couldn't opendir /data/data/com.android.providers.settings: No such file or directory
W/PackageManager( 4088): System package com.sec.android.app.SecSetupWizard no longer exists; wiping its data
E/installd( 3688): Couldn't opendir /data/data/com.sec.android.app.SecSetupWizard: No such file or directory
W/PackageManager( 4088): System package com.google.android.syncadapters.calendar no longer exists; wiping its data
E/installd( 3688): Couldn't opendir /data/data/com.google.android.syncadapters.calendar: No such file or directory
W/PackageManager( 4088): System package com.sec.enterprise.mdm.vpn no longer exists; wiping its data
E/installd( 3688): Couldn't opendir /data/data/com.sec.enterprise.mdm.vpn: No such file or directory
W/PackageManager( 4088): System package com.google.android.backuptransport no longer exists; wiping its data
E/installd( 3688): Couldn't opendir /data/data/com.google.android.backuptransport: No such file or directory
W/PackageManager( 4088): System package com.sec.android.cloudagent.dropboxoobe no longer exists; wiping its data
E/installd( 3688): Couldn't opendir /data/data/com.sec.android.cloudagent.dropboxoobe: No such file or directory
W/PackageManager( 4088): System package com.wssnps no longer exists; wiping its data
E/installd( 3688): Couldn't opendir /data/data/com.wssnps: No such file or directory
W/PackageManager( 4088): System package com.sec.android.app.music no longer exists; wiping its data
E/installd( 3688): Couldn't opendir /data/data/com.sec.android.app.music: No such file or directory
W/PackageManager( 4088): System package com.sec.android.inputmethod no longer exists; wiping its data
E/installd( 3688): Couldn't opendir /data/data/com.sec.android.inputmethod: No such file or directory
W/PackageManager( 4088): System package com.samsung.android.app.memo no longer exists; wiping its data
E/installd( 3688): Couldn't opendir /data/data/com.samsung.android.app.memo: No such file or directory
W/PackageManager( 4088): System package com.sec.android.automotive.drivelinkremote no longer exists; wiping its data
E/installd( 3688): Couldn't opendir /data/data/com.sec.android.automotive.drivelinkremote: No such file or directory
W/PackageManager( 4088): System package com.monotype.android.font.chococooky no longer exists; wiping its data
E/installd( 3688): Couldn't opendir /data/data/com.monotype.android.font.chococooky: No such file or directory
W/PackageManager( 4088): System package com.sec.android.app.sns3 no longer exists; wiping its data
E/installd( 3688): Couldn't opendir /data/data/com.sec.android.app.sns3: No such file or directory
W/PackageManager( 4088): System package com.samsung.android.app.accesscontrol no longer exists; wiping its data
E/installd( 3688): Couldn't opendir /data/data/com.samsung.android.app.accesscontrol: No such file or directory
W/PackageManager( 4088): System package com.samsung.android.sdk.professionalaudio.utility.jammonitor no longer exists; wiping its data
E/installd( 3688): Couldn't opendir /data/data/com.samsung.android.sdk.professionalaudio.utility.jammonitor: No such file or directory
W/PackageManager( 4088): System package com.sec.android.widgetapp.SPlannerAppWidget no longer exists; wiping its data
E/installd( 3688): Couldn't opendir /data/data/com.sec.android.widgetapp.SPlannerAppWidget: No such file or directory
W/PackageManager( 4088): System package com.visionobjects.resourcemanager no longer exists; wiping its data
E/installd( 3688): Couldn't opendir /data/data/com.visionobjects.resourcemanager: No such file or directory
W/PackageManager( 4088): System package com.samsung.dcm no longer exists; wiping its data
E/installd( 3688): Couldn't opendir /data/data/com.samsung.dcm: No such file or directory
W/PackageManager( 4088): System package com.android.mms.service no longer exists; wiping its data
E/installd( 3688): Couldn't opendir /data/data/com.android.mms.service: No such file or directory
W/PackageManager( 4088): System package com.sec.modem.settings no longer exists; wiping its data
E/installd( 3688): Couldn't opendir /data/data/com.sec.modem.settings: No such file or directory
W/PackageManager( 4088): System package com.android.providers.media no longer exists; wiping its data
E/installd( 3688): Couldn't opendir /data/data/com.android.providers.media: No such file or directory
W/PackageManager( 4088): System package com.fmm.ds no longer exists; wiping its data
E/installd( 3688): Couldn't opendir /data/data/com.fmm.ds: No such file or directory
W/PackageManager( 4088): System package com.samsung.helphub no longer exists; wiping its data
E/installd( 3688): Couldn't opendir /data/data/com.samsung.helphub: No such file or directory
W/PackageManager( 4088): System package com.samsung.android.intelligenceservice no longer exists; wiping its data
E/installd( 3688): Couldn't opendir /data/data/com.samsung.android.intelligenceservice: No such file or directory
W/PackageManager( 4088): System package com.sec.android.widgetapp.ap.hero.accuweather no longer exists; wiping its data
E/installd( 3688): Couldn't opendir /data/data/com.sec.android.widgetapp.ap.hero.accuweather: No such file or directory
W/PackageManager( 4088): System package com.google.android.partnersetup no longer exists; wiping its data
E/installd( 3688): Couldn't opendir /data/data/com.google.android.partnersetup: No such file or directory
W/PackageManager( 4088): System package com.samsung.indexservice no longer exists; wiping its data
E/installd( 3688): Couldn't opendir /data/data/com.samsung.indexservice: No such file or directory
I/PackageManager( 4088): /data/app/com.mobeam.barcodeService-1 changed; collecting certs
W/PackageManager( 4088): Failed to parse /data/app/com.mobeam.barcodeService-1: Cannot install platform packages to user storage!
I/PackageManager( 4088): /data/app/ar.com.personal-2 changed; collecting certs
W/SurfaceFlinger( 3670): Ignoring duplicate VSYNC event from HWC (t=63515137090)
I/PackageManager( 4088): SELinux relabeling of ar.com.personal issued.
I/art     ( 4088): DexFile_isDexOptNeeded failed to open oat file '/data/dalvik-cache/arm/data@app@ar.com.personal-2@base.apk@classes.dex' for file location '/data/app/ar.com.personal-2/base.apk': Failed to open oat filename for reading: No such file or directory
I/art     ( 4088): DexFile_isDexOptNeeded failed to open oat file '/data/app/ar.com.personal-2/arm/base.odex' for file location '/data/app/ar.com.personal-2/base.apk': Failed to open oat filename for reading: No such file or directory
I/art     ( 4088): DexFile_isDexOptNeeded failed to open oat file '/data/dalvik-cache/arm/data@app@ar.com.personal-2@base.apk@classes.dex' for file location '/data/app/ar.com.personal-2/base.apk': Failed to open oat filename for reading: No such file or directory
I/art     ( 4088): DexFile_isDexOptNeeded failed to open oat file '/data/app/ar.com.personal-2/arm/base.odex' for file location '/data/app/ar.com.personal-2/base.apk': Failed to open oat filename for reading: No such file or directory
I/PackageManager( 4088): /data/app/com.cgollner.flashify-1 changed; collecting certs
I/PackageManager( 4088): SELinux relabeling of com.cgollner.flashify issued.
I/art     ( 4088): DexFile_isDexOptNeeded failed to open oat file '/data/dalvik-cache/arm/data@app@com.cgollner.flashify-1@base.apk@classes.dex' for file location '/data/app/com.cgollner.flashify-1/base.apk': Failed to open oat filename for reading: No such file or directory
I/art     ( 4088): DexFile_isDexOptNeeded failed to open oat file '/data/app/com.cgollner.flashify-1/arm/base.odex' for file location '/data/app/com.cgollner.flashify-1/base.apk': Failed to open oat filename for reading: No such file or directory
I/art     ( 4088): DexFile_isDexOptNeeded failed to open oat file '/data/dalvik-cache/arm/data@app@com.cgollner.flashify-1@base.apk@classes.dex' for file location '/data/app/com.cgollner.flashify-1/base.apk': Failed to open oat filename for reading: No such file or directory
I/art     ( 4088): DexFile_isDexOptNeeded failed to open oat file '/data/app/com.cgollner.flashify-1/arm/base.odex' for file location '/data/app/com.cgollner.flashify-1/base.apk': Failed to open oat filename for reading: No such file or directory
I/PackageManager( 4088): /data/app/com.oasisfeng.greenify-2 changed; collecting certs
I/PackageManager( 4088): SELinux relabeling of com.oasisfeng.greenify issued.
I/art     ( 4088): DexFile_isDexOptNeeded failed to open oat file '/data/dalvik-cache/arm/data@app@com.oasisfeng.greenify-2@base.apk@classes.dex' for file location '/data/app/com.oasisfeng.greenify-2/base.apk': Failed to open oat filename for reading: No such file or directory
I/art     ( 4088): DexFile_isDexOptNeeded failed to open oat file '/data/app/com.oasisfeng.greenify-2/arm/base.odex' for file location '/data/app/com.oasisfeng.greenify-2/base.apk': Failed to open oat filename for reading: No such file or directory
I/art     ( 4088): DexFile_isDexOptNeeded failed to open oat file '/data/dalvik-cache/arm/data@app@com.oasisfeng.greenify-2@base.apk@classes.dex' for file location '/data/app/com.oasisfeng.greenify-2/base.apk': Failed to open oat filename for reading: No such file or directory
I/art     ( 4088): DexFile_isDexOptNeeded failed to open oat file '/data/app/com.oasisfeng.greenify-2/arm/base.odex' for file location '/data/app/com.oasisfeng.greenify-2/base.apk': Failed to open oat filename for reading: No such file or directory
I/PackageManager( 4088): /data/app/com.google.android.marvin.talkback-2 changed; collecting certs
I/PackageManager( 4088): SELinux relabeling of com.google.android.marvin.talkback issued.
I/art     ( 4088): DexFile_isDexOptNeeded failed to open oat file '/data/dalvik-cache/arm/data@app@com.google.android.marvin.talkback-2@base.apk@classes.dex' for file location '/data/app/com.google.android.marvin.talkback-2/base.apk': Failed to open oat filename for reading: No such file or directory
I/art     ( 4088): DexFile_isDexOptNeeded failed to open oat file '/data/app/com.google.android.marvin.talkback-2/arm/base.odex' for file location '/data/app/com.google.android.marvin.talkback-2/base.apk': Failed to open oat filename for reading: No such file or directory
I/art     ( 4088): DexFile_isDexOptNeeded failed to open oat file '/data/dalvik-cache/arm/data@app@com.google.android.marvin.talkback-2@base.apk@classes.dex' for file location '/data/app/com.google.android.marvin.talkback-2/base.apk': Failed to open oat filename for reading: No such file or directory
I/art     ( 4088): DexFile_isDexOptNeeded failed to open oat file '/data/app/com.google.android.marvin.talkback-2/arm/base.odex' for file location '/data/app/com.google.android.marvin.talkback-2/base.apk': Failed to open oat filename for reading: No such file or directory
I/PackageManager( 4088): /data/app/com.tumblr-2 changed; collecting certs
I/PackageManager( 4088): SELinux relabeling of com.tumblr issued.
