W/iptables( 4557): type=1300 audit(0.0:410): arch=40000028 syscall=294 per=800000 success=yes exit=0 a0=5 a1=0 a2=40 a3=b6c27000 items=0 ppid=4553 auid=4294967295 uid=0 gid=0 euid=0 suid=0 fsuid=0 egid=0 sgid=0 fsgid=0 ses=4294967295 tty=(none) exe="/system/bin/iptables" key=(null)
W/auditd  ( 3705): type=1320 audit(0.0:410): 
W/auditd  ( 3705): type=1325 audit(0.0:411): table=filter family=10 entries=48
W/ip6tables( 4558): type=1300 audit(0.0:411): arch=40000028 syscall=294 per=800000 success=yes exit=0 a0=5 a1=29 a2=40 a3=b6c29000 items=0 ppid=4553 auid=4294967295 uid=0 gid=0 euid=0 suid=0 fsuid=0 egid=0 sgid=0 fsgid=0 ses=4294967295 tty=(none) exe="/system/bin/ip6tables" key=(null)
W/auditd  ( 3705): type=1320 audit(0.0:411): 
W/auditd  ( 3705): type=1325 audit(0.0:412): table=filter family=2 entries=50
W/iptables( 4559): type=1300 audit(0.0:412): arch=40000028 syscall=294 per=800000 success=yes exit=0 a0=5 a1=0 a2=40 a3=b6c26000 items=0 ppid=4553 auid=4294967295 uid=0 gid=0 euid=0 suid=0 fsuid=0 egid=0 sgid=0 fsgid=0 ses=4294967295 tty=(none) exe="/system/bin/iptables" key=(null)
W/auditd  ( 3705): type=1320 audit(0.0:412): 
W/auditd  ( 3705): type=1325 audit(0.0:413): table=filter family=10 entries=47
W/ip6tables( 4560): type=1300 audit(0.0:413): arch=40000028 syscall=294 per=800000 success=yes exit=0 a0=5 a1=29 a2=40 a3=b6c29000 items=0 ppid=4553 auid=4294967295 uid=0 gid=0 euid=0 suid=0 fsuid=0 egid=0 sgid=0 fsgid=0 ses=4294967295 tty=(none) exe="/system/bin/ip6tables" key=(null)
W/auditd  ( 3705): type=1320 audit(0.0:413): 
W/auditd  ( 3705): type=1325 audit(0.0:414): table=filter family=2 entries=48
W/iptables( 4562): type=1300 audit(0.0:414): arch=40000028 syscall=294 per=800000 success=yes exit=0 a0=5 a1=0 a2=40 a3=b6c26000 items=0 ppid=4553 auid=4294967295 uid=0 gid=0 euid=0 suid=0 fsuid=0 egid=0 sgid=0 fsgid=0 ses=4294967295 tty=(none) exe="/system/bin/iptables" key=(null)
I/mediaserver( 4554): ServiceManager: 0xb60500c0
I/AudioFlinger( 4554): Using default 3000 mSec as standby time.
I/ServiceManager( 4554): Waiting for service batterystats...
D/AndroidRuntime( 4552): 
D/AndroidRuntime( 4552): >>>>>> AndroidRuntime START com.android.internal.os.ZygoteInit <<<<<<
D/AndroidRuntime( 4552): CheckJNI is OFF
I/art     ( 4552): option[0]=-Xzygote
I/art     ( 4552): option[1]=-Xstacktracefile:/data/anr/traces.txt
I/art     ( 4552): option[2]=exit
I/art     ( 4552): option[3]=vfprintf
I/art     ( 4552): option[4]=sensitiveThread
I/art     ( 4552): option[5]=-verbose:gc
I/art     ( 4552): option[6]=-Xms16m
I/art     ( 4552): option[7]=-Xmx512m
I/art     ( 4552): option[8]=-XX:mainThreadStackSize=24K
I/art     ( 4552): option[9]=-XX:HeapGrowthLimit=192m
I/art     ( 4552): option[10]=-XX:HeapMinFree=2m
I/art     ( 4552): option[11]=-XX:HeapMaxFree=8m
I/art     ( 4552): option[12]=-XX:HeapTargetUtilization=0.75
I/art     ( 4552): option[13]=-agentlib:jdwp=transport=dt_android_adb,suspend=n,server=y
I/art     ( 4552): option[14]=-Xlockprofthreshold:500
I/art     ( 4552): option[15]=-Ximage-compiler-option
I/art     ( 4552): option[16]=--runtime-arg
I/art     ( 4552): option[17]=-Ximage-compiler-option
I/art     ( 4552): option[18]=-Xms64m
I/art     ( 4552): option[19]=-Ximage-compiler-option
I/art     ( 4552): option[20]=--runtime-arg
I/art     ( 4552): option[21]=-Ximage-compiler-option
I/art     ( 4552): option[22]=-Xmx64m
I/art     ( 4552): option[23]=-Ximage-compiler-option
I/art     ( 4552): option[24]=--image-classes-zip=/system/framework/framework.jar
I/art     ( 4552): option[25]=-Ximage-compiler-option
I/art     ( 4552): option[26]=--image-classes=preloaded-classes
I/art     ( 4552): option[27]=-Xcompiler-option
I/art     ( 4552): option[28]=--runtime-arg
I/art     ( 4552): option[29]=-Xcompiler-option
I/art     ( 4552): option[30]=-Xms64m
I/art     ( 4552): option[31]=-Xcompiler-option
I/art     ( 4552): option[32]=--runtime-arg
I/art     ( 4552): option[33]=-Xcompiler-option
I/art     ( 4552): option[34]=-Xmx512m
I/art     ( 4552): option[35]=-Duser.language=es
I/art     ( 4552): option[36]=-Duser.region=US
E/memtrack( 4552): Couldn't load memtrack module (No such file or directory)
E/android.os.Debug( 4552): failed to load memtrack module: -2
I/SamplingProfilerIntegration( 4552): Profiling disabled.
D/Zygote  ( 4552): begin preload
I/Zygote  ( 4552): Preloading classes...
I/art     ( 4552): Explicit concurrent mark sweep GC freed 994(55KB) AllocSpace objects, 0(0B) LOS objects, 98% free, 70KB/4MB, paused 118us total 3.992ms
I/art     ( 4552): Counter: 1
E/Minikin ( 4552): addFont failed to create font /system/fonts/NotoSansGujarati-Regular.ttf
E/Minikin ( 4552): addFont failed to create font /system/fonts/NotoSansGujarati-Bold.ttf
E/Minikin ( 4552): addFont failed to create font /system/fonts/NotoSansGujaratiUI-Regular.ttf
E/Minikin ( 4552): addFont failed to create font /system/fonts/NotoSansGujaratiUI-Bold.ttf
E/Minikin ( 4552): addFont failed to create font /system/fonts/NotoSansGurmukhi-Regular.ttf
E/Minikin ( 4552): addFont failed to create font /system/fonts/NotoSansGurmukhi-Bold.ttf
E/Minikin ( 4552): addFont failed to create font /system/fonts/NotoSansGurmukhiUI-Regular.ttf
E/Minikin ( 4552): addFont failed to create font /system/fonts/NotoSansGurmukhiUI-Bold.ttf
E/Minikin ( 4552): addFont failed to create font /system/fonts/NotoSansSinhala-Regular.ttf
E/Minikin ( 4552): addFont failed to create font /system/fonts/NotoSansSinhala-Bold.ttf
E/Minikin ( 4552): addFont failed to create font /system/fonts/NotoSansCherokee-Regular.ttf
E/Minikin ( 4552): addFont failed to create font /system/fonts/NotoSansCanadianAboriginal-Regular.ttf
E/Minikin ( 4552): addFont failed to create font /system/fonts/NotoSansYi-Regular.ttf
E/Minikin ( 4552): addFont failed to create font /system/fonts/NotoSansHans-Regular.otf
E/Minikin ( 4552): addFont failed to create font /system/fonts/NotoSansHant-Regular.otf
E/Minikin ( 4552): addFont failed to create font /system/fonts/NotoSansJP-Regular.otf
E/Minikin ( 4552): addFont failed to create font /system/fonts/NotoSansKR-Regular.otf
I/art     ( 4552): Thread[1,tid=4552,WaitingForJniOnLoad,Thread*=0xb5007800,peer=0x12c330e0,"main"] recursive attempt to load library "/system/lib/libmedia_jni.so"
D/MtpDeviceJNI( 4552): register_android_mtp_MtpDevice
I/art     ( 4552): Thread[1,tid=4552,WaitingForJniOnLoad,Thread*=0xb5007800,peer=0x12c330e0,"main"] recursive attempt to load library "/system/lib/libmedia_jni.so"
I/art     ( 4552): Thread[1,tid=4552,WaitingForJniOnLoad,Thread*=0xb5007800,peer=0x12c330e0,"main"] recursive attempt to load library "/system/lib/libmedia_jni.so"
I/System  ( 4552): Loaded time zone names for "" in 40ms (35ms in ICU)
I/System  ( 4552): Loaded time zone names for "en_US" in 30ms (24ms in ICU)
I/System  ( 4552): Loaded time zone names for "es_US" in 33ms (27ms in ICU)
I/art     ( 4552): Explicit concurrent mark sweep GC freed 32368(1940KB) AllocSpace objects, 0(0B) LOS objects, 71% free, 1612KB/5MB, paused 147us total 14.546ms
I/Zygote  ( 4552): ...preloaded 3005 classes in 615ms.
I/art     ( 4552): VMRuntime.preloadDexCaches starting
I/art     ( 4552): VMRuntime.preloadDexCaches strings total=217392 before=40345 after=40345
I/art     ( 4552): VMRuntime.preloadDexCaches types total=18702 before=6336 after=6379
I/art     ( 4552): VMRuntime.preloadDexCaches fields total=87484 before=32543 after=32871
I/art     ( 4552): VMRuntime.preloadDexCaches methods total=154056 before=66777 after=67655
I/art     ( 4552): VMRuntime.preloadDexCaches finished
I/art     ( 4552): Counter: 0
I/art     ( 4552): Counter: 1
I/art     ( 4552): Explicit concurrent mark sweep GC freed 169(19KB) AllocSpace objects, 0(0B) LOS objects, 71% free, 1593KB/5MB, paused 135us total 7.646ms
D/idmap   ( 4654): error: no read access to /vendor/overlay: No such file or directory
I/Zygote  ( 4552): Preloading resources...
W/auditd  ( 3705): type=1325 audit(0.0:506): table=filter family=2 entries=48
W/iptables( 4661): type=1300 audit(0.0:506): arch=40000028 syscall=294 per=800000 success=yes exit=0 a0=5 a1=0 a2=40 a3=b6c25000 items=0 ppid=4553 auid=4294967295 uid=0 gid=0 euid=0 suid=0 fsuid=0 egid=0 sgid=0 fsgid=0 ses=4294967295 tty=(none) exe="/system/bin/iptables" key=(null)
W/auditd  ( 3705): type=1320 audit(0.0:506): 
W/auditd  ( 3705): type=1325 audit(0.0:507): table=filter family=10 entries=46
W/ip6tables( 4662): type=1300 audit(0.0:507): arch=40000028 syscall=294 per=800000 success=yes exit=0 a0=5 a1=29 a2=40 a3=b6c29000 items=0 ppid=4553 auid=4294967295 uid=0 gid=0 euid=0 suid=0 fsuid=0 egid=0 sgid=0 fsgid=0 ses=4294967295 tty=(none) exe="/system/bin/ip6tables" key=(null)
W/auditd  ( 3705): type=1320 audit(0.0:507): 
W/auditd  ( 3705): type=1325 audit(0.0:508): table=raw family=2 entries=10
W/iptables( 4663): type=1300 audit(0.0:508): arch=40000028 syscall=294 per=800000 success=yes exit=0 a0=5 a1=0 a2=40 a3=b6c1bd00 items=0 ppid=4553 auid=4294967295 uid=0 gid=0 euid=0 suid=0 fsuid=0 egid=0 sgid=0 fsgid=0 ses=4294967295 tty=(none) exe="/system/bin/iptables" key=(null)
W/auditd  ( 3705): type=1320 audit(0.0:508): 
W/auditd  ( 3705): type=1325 audit(0.0:509): table=raw family=10 entries=10
W/ip6tables( 4664): type=1300 audit(0.0:509): arch=40000028 syscall=294 per=800000 success=yes exit=0 a0=5 a1=29 a2=40 a3=b6c1d200 items=0 ppid=4553 auid=4294967295 uid=0 gid=0 euid=0 suid=0 fsuid=0 egid=0 sgid=0 fsgid=0 ses=4294967295 tty=(none) exe="/system/bin/ip6tables" key=(null)
W/auditd  ( 3705): type=1320 audit(0.0:509): 
W/auditd  ( 3705): type=1325 audit(0.0:510): table=raw family=2 entries=9
W/iptables( 4665): type=1300 audit(0.0:510): arch=40000028 syscall=294 per=800000 success=yes exit=0 a0=5 a1=0 a2=40 a3=b6c1ba00 items=0 ppid=4553 auid=4294967295 uid=0 gid=0 euid=0 suid=0 fsuid=0 egid=0 sgid=0 fsgid=0 ses=4294967295 tty=(none) exe="/system/bin/iptables" key=(null)
W/auditd  ( 3705): type=1320 audit(0.0:510): 
W/auditd  ( 3705): type=1325 audit(0.0:511): table=raw family=10 entries=9
W/ip6tables( 4666): type=1300 audit(0.0:511): arch=40000028 syscall=294 per=800000 success=yes exit=0 a0=5 a1=29 a2=40 a3=b6c1c000 items=0 ppid=4553 auid=4294967295 uid=0 gid=0 euid=0 suid=0 fsuid=0 egid=0 sgid=0 fsgid=0 ses=4294967295 tty=(none) exe="/system/bin/ip6tables" key=(null)
W/auditd  ( 3705): type=1320 audit(0.0:511): 
W/auditd  ( 3705): type=1325 audit(0.0:512): table=raw family=2 entries=8
W/iptables( 4667): type=1300 audit(0.0:512): arch=40000028 syscall=294 per=800000 success=yes exit=0 a0=5 a1=0 a2=40 a3=b6c30100 items=0 ppid=4553 auid=4294967295 uid=0 gid=0 euid=0 suid=0 fsuid=0 egid=0 sgid=0 fsgid=0 ses=4294967295 tty=(none) exe="/system/bin/iptables" key=(null)
I/ServiceManager( 4554): Waiting for service batterystats...
I/art     ( 4552): Explicit concurrent mark sweep GC freed 4427(155KB) AllocSpace objects, 0(0B) LOS objects, 40% free, 16MB/28MB, paused 459us total 10.665ms
I/Zygote  ( 4552): ...preloaded 430 resources in 375ms.
I/art     ( 4552): Explicit concurrent mark sweep GC freed 548(31KB) AllocSpace objects, 0(0B) LOS objects, 40% free, 16MB/28MB, paused 223us total 9.311ms
I/Zygote  ( 4552): ...preloaded 41 resources in 19ms.
I/art     ( 4552): Counter: 0
D/libEGL  ( 4552): loaded /vendor/lib/egl/libGLES_mali.so
I/Zygote  ( 4552): Preloading shared libraries...
D/Zygote  ( 4552): end preload
I/art     ( 4552): Explicit concurrent mark sweep GC freed 461(21KB) AllocSpace objects, 0(0B) LOS objects, 40% free, 16MB/28MB, paused 228us total 8.752ms
I/art     ( 4552): Explicit concurrent mark sweep GC freed 41(1568B) AllocSpace objects, 0(0B) LOS objects, 40% free, 16MB/28MB, paused 266us total 9.693ms
I/art     ( 4552): Explicit concurrent mark sweep GC freed 5(160B) AllocSpace objects, 0(0B) LOS objects, 40% free, 16MB/28MB, paused 212us total 8.864ms
I/Zygote  ( 4552): System server process 4713 has been created
I/Zygote  ( 4552): Accepting command socket connections
I/InstallerConnection( 4713): disconnecting...
I/SystemServer( 4713): Entered the Android system server!
V/Fingerprint-JNI( 4713): FingerprintManager JNI ready.
I/        ( 4713): System server: starting sensor init.
D/SensorService( 4713): nuSensorService starting...
E/Sensors ( 4713): GeoMagneticSensor, ERROR dev_num = -19
I/SystemServiceManager( 4713): Starting com.android.server.pm.Installer
I/Installer( 4713): Waiting for installd to be ready.
I/InstallerConnection( 4713): connecting...
I/installd( 3695): new connection
I/Sensors ( 4713): Proximity old sensor_state 0, new sensor_state : 128 en : 1
I/SystemServiceManager( 4713): Starting com.android.server.am.ActivityManagerService$Lifecycle
I/Sensors ( 4713): Light old sensor_state 128, new sensor_state : 640 en : 1
E/Sensors ( 4713): UncalMagneticSensor, ERROR dev_num = -19
I/Sensors ( 4713): SigMotionSensor old sensor_state 640, new sensor_state : 8832 en : 1
E/Sensors ( 4713): UncalGyroSensor, ERROR dev_num = -19
E/Sensors ( 4713): GameRotationVector, ERROR dev_num = -19
I/Sensors ( 4713): StepCounterSensor old sensor_state 8832, new sensor_state : 139904 en : 1
I/ActivityManager( 4713): Memory class: 192
D/Sensors ( 4713): HrmSpO2Sensor::HrmSpO2Sensor: Shared version Registered 
E/SensorService( 4713): >>>> WARNING <<< Upgrade sensor HAL to version 1_3
I/Sensors ( 4713): Proximity old sensor_state 139904, new sensor_state : 139776 en : 0
I/ServiceThread( 4713): Enabled StrictMode logging for ActivityManager looper.
I/Sensors ( 4713): Light old sensor_state 139776, new sensor_state : 139264 en : 0
I/Sensors ( 4713): StepCounterSensor old sensor_state 139264, new sensor_state : 8192 en : 0
I/Sensors ( 4713): SigMotionSensor old sensor_state 8192, new sensor_state : 0 en : 0
I/Sensors ( 4713): HrmSpO2Sensor::enable, handle(16), en(0), what(1/0:aosphrm,1:sshrm, old enabled : 0)
I/Sensors ( 4713): HrmSpO2Sensor is already disabled or have to keep enabled, mEnabled : 0x0, en : 0
I/Sensors ( 4713): HrmSpO2Sensor::enable, handle(17), en(0), what(0/0:aosphrm,1:sshrm, old enabled : 0)
I/Sensors ( 4713): HrmSpO2Sensor is already disabled or have to keep enabled, mEnabled : 0x0, en : 0
I/Sensors ( 4713): HrmSpO2Sensor::enable, handle(18), en(0), what(2/0:aosphrm,1:sshrm, old enabled : 0)
I/Sensors ( 4713): HrmSpO2Sensor is already disabled or have to keep enabled, mEnabled : 0x0, en : 0
I/        ( 4713): System server: sensor init done.
D/SensorService( 4713): nuSensorService thread starting...
D/SensorService( 4713): new thread SensorEventAckReceiver
W/ProcessCpuTracker( 4713): Skipping unknown process pid 4759
I/IntentFirewall( 4713): Read new rules (A:0 B:0 S:0)
I/ServiceThread( 4713): Enabled StrictMode logging for android.ui looper.
I/ServiceThread( 4713): Enabled StrictMode logging for android.display looper.
D/AppOps  ( 4713): AppOpsService published
I/SystemServiceManager( 4713): Starting com.android.server.power.PowerManagerService
I/ServiceThread( 4713): Enabled StrictMode logging for PowerManagerService looper.
E/Universal5422 PowerHAL( 4713): Error writing to /sys/devices/system/cpu/cpu0/cpufreq/interactive/boostpulse_duration: Invalid argument
W/libsuspend( 4713): Error writing 'on' to /sys/power/state: Invalid argument
I/libsuspend( 4713): Selected wakeup count
E/Universal5422 PowerHAL( 4713): Error opening /sys/class/input/input2/enabled: Permission denied
E/Universal5422 PowerHAL( 4713): Error opening /sys/class/input/input14/enabled: Permission denied
E/Universal5422 PowerHAL( 4713): Error opening /sys/class/input/input1/enabled: Permission denied
I/SystemServiceManager( 4713): Starting com.android.server.display.DisplayManagerService
I/SystemServiceManager( 4713): Starting phase 100
I/DisplayManagerService( 4713): Display device added: DisplayDeviceInfo{"Pantalla integrada": 1080 x 1920, 60.000004 fps, supportedRefreshRates [60.000004], density 480, 422.03 x 424.069 dpi, appVsyncOff 0, presDeadline 17666666, touch INTERNAL, rotation 0, type BUILT_IN, state UNKNOWN, FLAG_DEFAULT_DISPLAY, FLAG_ROTATES_WITH_CONTENT, FLAG_SECURE, FLAG_SUPPORTS_PROTECTED_BUFFERS}
I/SystemServer( 4713): Package Manager
W/SELinuxMMAC( 4713): Error opening /data/system/seapp_hash. Assuming first boot.
W/PackageManager( 4713): No security bridge jar found, using default
W/SystemConfig( 4713): No directory /system/etc/sysconfig, skipping
V/NatController( 4553): runCmd(/system/bin/iptables -F natctrl_FORWARD) res=0
V/NatController( 4553): runCmd(/system/bin/iptables -A natctrl_FORWARD -j DROP) res=0
V/NatController( 4553): runCmd(/system/bin/iptables -t nat -F natctrl_nat_POSTROUTING) res=0
D/SELinuxMMAC( 4713): Using policy file /system/etc/security/mac_permissions.xml
V/NatController( 4553): runCmd(/system/bin/iptables -t nat -F natctrl_nat_PREROUTING) res=0
V/NatController( 4553): runCmd(/system/bin/iptables -F natctrl_tether_counters) res=0
V/NatController( 4553): runCmd(/system/bin/iptables -X natctrl_tether_counters) res=0
W/auditd  ( 3705): type=1325 audit(0.0:599): table=filter family=2 entries=48
E/art     ( 4713): DexFile_isDexOptNeeded file '/system/framework/com.android.nfc_extras.jar' does not exist
W/PackageManager( 4713): Library not found: /system/framework/com.android.nfc_extras.jar
W/iptables( 4791): type=1300 audit(0.0:599): arch=40000028 syscall=294 per=800000 success=yes exit=0 a0=5 a1=0 a2=40 a3=b6c22000 items=0 ppid=4553 auid=4294967295 uid=0 gid=0 euid=0 suid=0 fsuid=0 egid=0 sgid=0 fsgid=0 ses=4294967295 tty=(none) exe="/system/bin/iptables" key=(null)
W/auditd  ( 3705): type=1320 audit(0.0:599): 
V/NatController( 4553): runCmd(/system/bin/iptables -N natctrl_tether_counters) res=0
W/auditd  ( 3705): type=1325 audit(0.0:600): table=mangle family=2 entries=21
W/iptables( 4792): type=1300 audit(0.0:600): arch=40000028 syscall=294 per=800000 success=yes exit=0 a0=5 a1=0 a2=40 a3=b6c56000 items=0 ppid=4553 auid=4294967295 uid=0 gid=0 euid=0 suid=0 fsuid=0 egid=0 sgid=0 fsgid=0 ses=4294967295 tty=(none) exe="/system/bin/iptables" key=(null)
W/auditd  ( 3705): type=1320 audit(0.0:600): 
V/NatController( 4553): runCmd(/system/bin/iptables -t mangle -A natctrl_mangle_FORWARD -p tcp --tcp-flags SYN SYN -j TCPMSS --clamp-mss-to-pmtu) res=0
E/SQLiteLog( 4713): (14) cannot open file at line 30046 of [9491ba7d73]
E/SQLiteLog( 4713): (14) os_unix.c:30046: (2) open(/data/data/com.android.providers.settings/databases/settings.db) - 
E/SQLiteDatabase( 4713): Failed to open database '/data/data/com.android.providers.settings/databases/settings.db'.
E/SQLiteDatabase( 4713): android.database.sqlite.SQLiteCantOpenDatabaseException: unknown error (code 14): Could not open database
E/SQLiteDatabase( 4713): 	at android.database.sqlite.SQLiteConnection.nativeOpen(Native Method)
E/SQLiteDatabase( 4713): 	at android.database.sqlite.SQLiteConnection.open(SQLiteConnection.java:209)
E/SQLiteDatabase( 4713): 	at android.database.sqlite.SQLiteConnection.open(SQLiteConnection.java:193)
E/SQLiteDatabase( 4713): 	at android.database.sqlite.SQLiteConnectionPool.openConnectionLocked(SQLiteConnectionPool.java:463)
E/SQLiteDatabase( 4713): 	at android.database.sqlite.SQLiteConnectionPool.open(SQLiteConnectionPool.java:185)
E/SQLiteDatabase( 4713): 	at android.database.sqlite.SQLiteConnectionPool.open(SQLiteConnectionPool.java:177)
E/SQLiteDatabase( 4713): 	at android.database.sqlite.SQLiteDatabase.openInner(SQLiteDatabase.java:806)
E/SQLiteDatabase( 4713): 	at android.database.sqlite.SQLiteDatabase.open(SQLiteDatabase.java:791)
E/SQLiteDatabase( 4713): 	at android.database.sqlite.SQLiteDatabase.openDatabase(SQLiteDatabase.java:694)
E/SQLiteDatabase( 4713): 	at android.database.sqlite.SQLiteDatabase.openDatabase(SQLiteDatabase.java:669)
E/SQLiteDatabase( 4713): 	at android.content.pm.ThemeUtils.getBootThemeDirty(ThemeUtils.java:697)
E/SQLiteDatabase( 4713): 	at com.android.server.pm.PackageManagerService.<init>(PackageManagerService.java:1654)
E/SQLiteDatabase( 4713): 	at com.android.server.pm.PackageManagerService.main(PackageManagerService.java:1352)
E/SQLiteDatabase( 4713): 	at com.android.server.SystemServer.startBootstrapServices(SystemServer.java:376)
E/SQLiteDatabase( 4713): 	at com.android.server.SystemServer.run(SystemServer.java:282)
E/SQLiteDatabase( 4713): 	at com.android.server.SystemServer.main(SystemServer.java:185)
E/SQLiteDatabase( 4713): 	at java.lang.reflect.Method.invoke(Native Method)
E/SQLiteDatabase( 4713): 	at java.lang.reflect.Method.invoke(Method.java:372)
E/SQLiteDatabase( 4713): 	at com.android.internal.os.ZygoteInit$MethodAndArgsCaller.run(ZygoteInit.java:898)
E/SQLiteDatabase( 4713): 	at com.android.internal.os.ZygoteInit.main(ZygoteInit.java:693)
W/ThemeUtils( 4713): Unable to open /data/data/com.android.providers.settings/databases/settings.db
W/ThemeUtils( 4713): android.database.sqlite.SQLiteCantOpenDatabaseException: unknown error (code 14): Could not open database
W/ThemeUtils( 4713): 	at android.database.sqlite.SQLiteConnection.nativeOpen(Native Method)
W/ThemeUtils( 4713): 	at android.database.sqlite.SQLiteConnection.open(SQLiteConnection.java:209)
W/ThemeUtils( 4713): 	at android.database.sqlite.SQLiteConnection.open(SQLiteConnection.java:193)
W/ThemeUtils( 4713): 	at android.database.sqlite.SQLiteConnectionPool.openConnectionLocked(SQLiteConnectionPool.java:463)
W/ThemeUtils( 4713): 	at android.database.sqlite.SQLiteConnectionPool.open(SQLiteConnectionPool.java:185)
W/ThemeUtils( 4713): 	at android.database.sqlite.SQLiteConnectionPool.open(SQLiteConnectionPool.java:177)
W/ThemeUtils( 4713): 	at android.database.sqlite.SQLiteDatabase.openInner(SQLiteDatabase.java:806)
W/ThemeUtils( 4713): 	at android.database.sqlite.SQLiteDatabase.open(SQLiteDatabase.java:791)
W/ThemeUtils( 4713): 	at android.database.sqlite.SQLiteDatabase.openDatabase(SQLiteDatabase.java:694)
W/ThemeUtils( 4713): 	at android.database.sqlite.SQLiteDatabase.openDatabase(SQLiteDatabase.java:669)
W/ThemeUtils( 4713): 	at android.content.pm.ThemeUtils.getBootThemeDirty(ThemeUtils.java:697)
W/ThemeUtils( 4713): 	at com.android.server.pm.PackageManagerService.<init>(PackageManagerService.java:1654)
W/ThemeUtils( 4713): 	at com.android.server.pm.PackageManagerService.main(PackageManagerService.java:1352)
W/ThemeUtils( 4713): 	at com.android.server.SystemServer.startBootstrapServices(SystemServer.java:376)
W/ThemeUtils( 4713): 	at com.android.server.SystemServer.run(SystemServer.java:282)
W/ThemeUtils( 4713): 	at com.android.server.SystemServer.main(SystemServer.java:185)
W/ThemeUtils( 4713): 	at java.lang.reflect.Method.invoke(Native Method)
W/ThemeUtils( 4713): 	at java.lang.reflect.Method.invoke(Method.java:372)
W/ThemeUtils( 4713): 	at com.android.internal.os.ZygoteInit$MethodAndArgsCaller.run(ZygoteInit.java:898)
W/ThemeUtils( 4713): 	at com.android.internal.os.ZygoteInit.main(ZygoteInit.java:693)
D/PackageManager( 4713): No files in app dir /vendor/overlay
W/PackageManager( 4713): Failed to parse /system/framework/arm: Missing base APK in /system/framework/arm
W/auditd  ( 3705): type=1325 audit(0.0:601): table=filter family=2 entries=50
W/iptables( 4794): type=1300 audit(0.0:601): arch=40000028 syscall=294 per=800000 success=yes exit=0 a0=5 a1=0 a2=40 a3=b6c22000 items=0 ppid=4553 auid=4294967295 uid=0 gid=0 euid=0 suid=0 fsuid=0 egid=0 sgid=0 fsgid=0 ses=4294967295 tty=(none) exe="/system/bin/iptables" key=(null)
W/auditd  ( 3705): type=1320 audit(0.0:601): 
W/auditd  ( 3705): type=1325 audit(0.0:602): table=filter family=10 entries=47
W/ip6tables( 4795): type=1300 audit(0.0:602): arch=40000028 syscall=294 per=800000 success=yes exit=0 a0=5 a1=29 a2=40 a3=b6c24000 items=0 ppid=4553 auid=4294967295 uid=0 gid=0 euid=0 suid=0 fsuid=0 egid=0 sgid=0 fsgid=0 ses=4294967295 tty=(none) exe="/system/bin/ip6tables" key=(null)
W/auditd  ( 3705): type=1320 audit(0.0:602): 
W/auditd  ( 3705): type=1325 audit(0.0:603): table=filter family=2 entries=50
W/iptables( 4796): type=1300 audit(0.0:603): arch=40000028 syscall=294 per=800000 success=yes exit=0 a0=5 a1=0 a2=40 a3=b6c22000 items=0 ppid=4553 auid=4294967295 uid=0 gid=0 euid=0 suid=0 fsuid=0 egid=0 sgid=0 fsgid=0 ses=4294967295 tty=(none) exe="/system/bin/iptables" key=(null)
W/auditd  ( 3705): type=1320 audit(0.0:603): 
W/auditd  ( 3705): type=1325 audit(0.0:604): table=filter family=10 entries=47
W/ip6tables( 4797): type=1300 audit(0.0:604): arch=40000028 syscall=294 per=800000 success=yes exit=0 a0=5 a1=29 a2=40 a3=b6c24000 items=0 ppid=4553 auid=4294967295 uid=0 gid=0 euid=0 suid=0 fsuid=0 egid=0 sgid=0 fsgid=0 ses=4294967295 tty=(none) exe="/system/bin/ip6tables" key=(null)
W/auditd  ( 3705): type=1320 audit(0.0:604): 
I/PackageManager( 4713): /system/framework/framework-res.apk changed; collecting certs
W/auditd  ( 3705): type=1325 audit(0.0:605): table=filter family=2 entries=50
W/iptables( 4798): type=1300 audit(0.0:605): arch=40000028 syscall=294 per=800000 success=yes exit=0 a0=5 a1=0 a2=40 a3=b6c22000 items=0 ppid=4553 auid=4294967295 uid=0 gid=0 euid=0 suid=0 fsuid=0 egid=0 sgid=0 fsgid=0 ses=4294967295 tty=(none) exe="/system/bin/iptables" key=(null)
E/MediaPlayerFactory( 4554): calling dlopen on FACTORY_LIB
E/MediaPlayerFactory( 4554): Failed to open FACTORY_LIB Error : dlopen failed: library "libdashplayer.so" not found 
I/CameraService( 4554): CameraService started (pid=4554)
E/HAL     ( 4554): load: module=/system/lib/hw/camera.universal5422.so
E/HAL     ( 4554): dlopen failed: could not load library "libexynoscamera.so" needed by "camera.universal5422.so"; caused by cannot locate symbol "_ZN7android16CameraParameters17EFFECT_POINT_BLUEE" referenced by "libexynoscamera.so"...
E/CameraService( 4554): Could not load camera HAL module
I/AudioPolicyService( 4554): AudioPolicyService CSTOR in new mode
W/AudioPolicyManager( 4554): loadOutput() invalid supported devices
W/AudioPolicyManager( 4554): loadInput() invalid supported devices
I/AudioPolicyManager( 4554): loadAudioPolicyConfig() loaded /system/etc/audio_policy.conf
W/linker  ( 4554): lib_Samsung_AudioZoom_v102.so has text relocations. This is wasting memory and prevents security hardening. Please fix.
E/HAL     ( 4554): load: module=/system/lib/hw/audio.primary.universal5422.so
E/HAL     ( 4554): dlopen failed: cannot locate symbol "mixer_update" referenced by "audio.primary.universal5422.so"...
E/AudioFlinger( 4554): int android::load_audio_interface(const char*, audio_hw_device_t**) couldn't load audio hw module audio.primary (Invalid argument)
I/AudioFlinger( 4554): loadHwModule() error -22 loading module primary 
W/AudioPolicyManager( 4554): could not open HW module primary
I/audio_a2dp_hw( 4554): adev_open:  adev_open in A2dp_hw module
I/AudioFlinger( 4554): loadHwModule() Loaded a2dp audio interface from A2DP Audio HW HAL (audio) handle 1
I/AudioFlinger( 4554): loadHwModule() Loaded usb audio interface from USB audio HW HAL (audio) handle 2
I/r_submix( 4554): adev_open(name=audio_hw_if)
I/r_submix( 4554): adev_init_check()
I/AudioFlinger( 4554): loadHwModule() Loaded r_submix audio interface from Wifi Display audio HAL (audio) handle 3
D/r_submix( 4554): adev_open_input_stream()
D/r_submix( 4554): submix_audio_device_create_pipe()
E/MonoPipe( 4554): Failed to fetch local time frequency when constructing a MonoPipe (res = -32).  getNextWriteTimestamp calls will be non-functional
I/iptables( 4553): iptables: Chain already exists.
I/iptables( 4553): iptables terminated by exit(1)
E/BandwidthController( 4553): runIptablesCmd(): res=1 status=256 failed /system/bin/iptables -N bw_VIDEOCALL
I/ip6tables( 4553): ip6tables: Chain already exists.
I/ip6tables( 4553): ip6tables terminated by exit(1)
E/BandwidthController( 4553): runIptablesCmd(): res=1 status=256 failed /system/bin/ip6tables -N bw_VIDEOCALL
I/PackageManager( 4713): SELinux relabeling of org.cyanogenmod.audiofx issued.
I/art     ( 4713): DexFile_isDexOptNeeded failed to open oat file '/data/dalvik-cache/arm/system@priv-app@AudioFX@AudioFX.apk@classes.dex' for file location '/system/priv-app/AudioFX/AudioFX.apk': Failed to open oat filename for reading: No such file or directory
I/art     ( 4713): DexFile_isDexOptNeeded file /system/priv-app/AudioFX/arm/AudioFX.odex needs to be relocated for /system/priv-app/AudioFX/AudioFX.apk
I/PackageManager( 4713): SELinux relabeling of com.android.backupconfirm issued.
I/art     ( 4713): DexFile_isDexOptNeeded failed to open oat file '/data/dalvik-cache/arm/system@priv-app@BackupRestoreConfirmation@BackupRestoreConfirmation.apk@classes.dex' for file location '/system/priv-app/BackupRestoreConfirmation/BackupRestoreConfirmation.apk': Failed to open oat filename for reading: No such file or directory
I/art     ( 4713): DexFile_isDexOptNeeded file /system/priv-app/BackupRestoreConfirmation/arm/BackupRestoreConfirmation.odex needs to be relocated for /system/priv-app/BackupRestoreConfirmation/BackupRestoreConfirmation.apk
I/PackageManager( 4713): SELinux relabeling of com.cyanogenmod.account issued.
I/art     ( 4713): DexFile_isDexOptNeeded failed to open oat file '/data/dalvik-cache/arm/system@priv-app@CMAccount@CMAccount.apk@classes.dex' for file location '/system/priv-app/CMAccount/CMAccount.apk': Failed to open oat filename for reading: No such file or directory
I/art     ( 4713): DexFile_isDexOptNeeded file /system/priv-app/CMAccount/arm/CMAccount.odex needs to be relocated for /system/priv-app/CMAccount/CMAccount.apk
I/PackageManager( 4713): SELinux relabeling of com.cyanogenmod.updater issued.
I/art     ( 4713): DexFile_isDexOptNeeded failed to open oat file '/data/dalvik-cache/arm/system@priv-app@CMUpdater@CMUpdater.apk@classes.dex' for file location '/system/priv-app/CMUpdater/CMUpdater.apk': Failed to open oat filename for reading: No such file or directory
I/art     ( 4713): DexFile_isDexOptNeeded file /system/priv-app/CMUpdater/arm/CMUpdater.odex needs to be relocated for /system/priv-app/CMUpdater/CMUpdater.apk
I/PackageManager( 4713): /system/priv-app/CalendarProvider changed; collecting certs
I/PackageManager( 4713): New shared user android.uid.calendar: id=10000
I/art     ( 4713): DexFile_isDexOptNeeded failed to open oat file '/data/dalvik-cache/arm/system@priv-app@CalendarProvider@CalendarProvider.apk@classes.dex' for file location '/system/priv-app/CalendarProvider/CalendarProvider.apk': Failed to open oat filename for reading: No such file or directory
I/art     ( 4713): DexFile_isDexOptNeeded file /system/priv-app/CalendarProvider/arm/CalendarProvider.odex needs to be relocated for /system/priv-app/CalendarProvider/CalendarProvider.apk
I/PackageManager( 4713): SELinux relabeling of com.android.cellbroadcastreceiver issued.
I/art     ( 4713): DexFile_isDexOptNeeded failed to open oat file '/data/dalvik-cache/arm/system@priv-app@CellBroadcastReceiver@CellBroadcastReceiver.apk@classes.dex' for file location '/system/priv-app/CellBroadcastReceiver/CellBroadcastReceiver.apk': Failed to open oat filename for reading: No such file or directory
I/art     ( 4713): DexFile_isDexOptNeeded file /system/priv-app/CellBroadcastReceiver/arm/CellBroadcastReceiver.odex needs to be relocated for /system/priv-app/CellBroadcastReceiver/CellBroadcastReceiver.apk
W/ResourceType( 4713): Failure getting entry for 0x7f0b023e (t=10 e=574) (error -75)
W/PackageParser( 4713): No actions in intent filter at /system/priv-app/Contacts/Contacts.apk Binary XML file line #362
I/PackageManager( 4713): /system/priv-app/Contacts changed; collecting certs
I/PackageManager( 4713): New shared user android.uid.shared: id=10002
I/art     ( 4713): DexFile_isDexOptNeeded failed to open oat file '/data/dalvik-cache/arm/system@priv-app@Contacts@Contacts.apk@classes.dex' for file location '/system/priv-app/Contacts/Contacts.apk': Failed to open oat filename for reading: No such file or directory
I/art     ( 4713): DexFile_isDexOptNeeded file /system/priv-app/Contacts/arm/Contacts.odex needs to be relocated for /system/priv-app/Contacts/Contacts.apk
I/PackageManager( 4713): /system/priv-app/ContactsProvider changed; collecting certs
D/MDnsDS  ( 4553): MDnsSdListener::Hander starting up
D/MDnsDS  ( 4553): MDnsSdListener starting to monitor
D/MDnsDS  ( 4553): Going to poll with pollCount 1
I/art     ( 4713): DexFile_isDexOptNeeded failed to open oat file '/data/dalvik-cache/arm/system@priv-app@ContactsProvider@ContactsProvider.apk@classes.dex' for file location '/system/priv-app/ContactsProvider/ContactsProvider.apk': Failed to open oat filename for reading: No such file or directory
I/art     ( 4713): DexFile_isDexOptNeeded file /system/priv-app/ContactsProvider/arm/ContactsProvider.odex needs to be relocated for /system/priv-app/ContactsProvider/ContactsProvider.apk
I/PackageManager( 4713): /system/priv-app/CyanogenSetupWizard changed; collecting certs
I/art     ( 4713): DexFile_isDexOptNeeded failed to open oat file '/data/dalvik-cache/arm/system@priv-app@CyanogenSetupWizard@CyanogenSetupWizard.apk@classes.dex' for file location '/system/priv-app/CyanogenSetupWizard/CyanogenSetupWizard.apk': Failed to open oat filename for reading: No such file or directory
I/art     ( 4713): DexFile_isDexOptNeeded file /system/priv-app/CyanogenSetupWizard/arm/CyanogenSetupWizard.odex needs to be relocated for /system/priv-app/CyanogenSetupWizard/CyanogenSetupWizard.apk
W/PackageManager( 4713): New decl Package{152915bd com.cyanogenmod.setupwizard} of permission  org.whispersystems.whisperpush.permissions.REGISTER is system; overriding org.whispersystems.whisperpush
I/PackageManager( 4713): SELinux relabeling of com.android.defcontainer issued.
I/art     ( 4713): DexFile_isDexOptNeeded failed to open oat file '/data/dalvik-cache/arm/system@priv-app@DefaultContainerService@DefaultContainerService.apk@classes.dex' for file location '/system/priv-app/DefaultContainerService/DefaultContainerService.apk': Failed to open oat filename for reading: No such file or directory
I/art     ( 4713): DexFile_isDexOptNeeded file /system/priv-app/DefaultContainerService/arm/DefaultContainerService.odex needs to be relocated for /system/priv-app/DefaultContainerService/DefaultContainerService.apk
W/PackageParser( 4713): No actions in intent filter at /system/priv-app/Dialer/Dialer.apk Binary XML file line #185
I/PackageManager( 4713): SELinux relabeling of com.android.dialer issued.
I/art     ( 4713): DexFile_isDexOptNeeded failed to open oat file '/data/dalvik-cache/arm/system@priv-app@Dialer@Dialer.apk@classes.dex' for file location '/system/priv-app/Dialer/Dialer.apk': Failed to open oat filename for reading: No such file or directory
I/art     ( 4713): DexFile_isDexOptNeeded file /system/priv-app/Dialer/arm/Dialer.odex needs to be relocated for /system/priv-app/Dialer/Dialer.apk
I/PackageManager( 4713): /system/priv-app/DownloadProvider changed; collecting certs
I/PackageManager( 4713): New shared user android.media: id=10003
I/art     ( 4713): DexFile_isDexOptNeeded failed to open oat file '/data/dalvik-cache/arm/system@priv-app@DownloadProvider@DownloadProvider.apk@classes.dex' for file location '/system/priv-app/DownloadProvider/DownloadProvider.apk': Failed to open oat filename for reading: No such file or directory
I/art     ( 4713): DexFile_isDexOptNeeded file /system/priv-app/DownloadProvider/arm/DownloadProvider.odex needs to be relocated for /system/priv-app/DownloadProvider/DownloadProvider.apk
I/PackageManager( 4713): SELinux relabeling of com.android.externalstorage issued.
I/art     ( 4713): DexFile_isDexOptNeeded failed to open oat file '/data/dalvik-cache/arm/system@priv-app@ExternalStorageProvider@ExternalStorageProvider.apk@classes.dex' for file location '/system/priv-app/ExternalStorageProvider/ExternalStorageProvider.apk': Failed to open oat filename for reading: No such file or directory
I/art     ( 4713): DexFile_isDexOptNeeded file /system/priv-app/ExternalStorageProvider/arm/ExternalStorageProvider.odex needs to be relocated for /system/priv-app/ExternalStorageProvider/ExternalStorageProvider.apk
I/PackageManager( 4713): /system/priv-app/FusedLocation changed; collecting certs
I/art     ( 4713): DexFile_isDexOptNeeded failed to open oat file '/data/dalvik-cache/arm/system@priv-app@FusedLocation@FusedLocation.apk@classes.dex' for file location '/system/priv-app/FusedLocation/FusedLocation.apk': Failed to open oat filename for reading: No such file or directory
I/art     ( 4713): DexFile_isDexOptNeeded file /system/priv-app/FusedLocation/arm/FusedLocation.odex needs to be relocated for /system/priv-app/FusedLocation/FusedLocation.apk
I/PackageManager( 4713): /system/priv-app/InputDevices changed; collecting certs
I/art     ( 4713): DexFile_isDexOptNeeded failed to open oat file '/data/dalvik-cache/arm/system@priv-app@InputDevices@InputDevices.apk@classes.dex' for file location '/system/priv-app/InputDevices/InputDevices.apk': Failed to open oat filename for reading: No such file or directory
I/art     ( 4713): DexFile_isDexOptNeeded file /system/priv-app/InputDevices/arm/InputDevices.odex needs to be relocated for /system/priv-app/InputDevices/InputDevices.apk
I/PackageManager( 4713): SELinux relabeling of com.android.managedprovisioning issued.
I/art     ( 4713): DexFile_isDexOptNeeded failed to open oat file '/data/dalvik-cache/arm/system@priv-app@ManagedProvisioning@ManagedProvisioning.apk@classes.dex' for file location '/system/priv-app/ManagedProvisioning/ManagedProvisioning.apk': Failed to open oat filename for reading: No such file or directory
I/art     ( 4713): DexFile_isDexOptNeeded file /system/priv-app/ManagedProvisioning/arm/ManagedProvisioning.odex needs to be relocated for /system/priv-app/ManagedProvisioning/ManagedProvisioning.apk
I/PackageManager( 4713): /system/priv-app/MediaProvider changed; collecting certs
I/art     ( 4713): DexFile_isDexOptNeeded failed to open oat file '/data/dalvik-cache/arm/system@priv-app@MediaProvider@MediaProvider.apk@classes.dex' for file location '/system/priv-app/MediaProvider/MediaProvider.apk': Failed to open oat filename for reading: No such file or directory
I/art     ( 4713): DexFile_isDexOptNeeded file /system/priv-app/MediaProvider/arm/MediaProvider.odex needs to be relocated for /system/priv-app/MediaProvider/MediaProvider.apk
I/PackageManager( 4713): SELinux relabeling of com.android.mms issued.
I/art     ( 4713): DexFile_isDexOptNeeded failed to open oat file '/data/dalvik-cache/arm/system@priv-app@Mms@Mms.apk@classes.dex' for file location '/system/priv-app/Mms/Mms.apk': Failed to open oat filename for reading: No such file or directory
I/art     ( 4713): DexFile_isDexOptNeeded file /system/priv-app/Mms/arm/Mms.odex needs to be relocated for /system/priv-app/Mms/Mms.apk
I/PackageManager( 4713): /system/priv-app/MmsService changed; collecting certs
I/art     ( 4713): DexFile_isDexOptNeeded failed to open oat file '/data/dalvik-cache/arm/system@priv-app@MmsService@MmsService.apk@classes.dex' for file location '/system/priv-app/MmsService/MmsService.apk': Failed to open oat filename for reading: No such file or directory
I/art     ( 4713): DexFile_isDexOptNeeded file /system/priv-app/MmsService/arm/MmsService.odex needs to be relocated for /system/priv-app/MmsService/MmsService.apk
I/PackageManager( 4713): SELinux relabeling of com.android.onetimeinitializer issued.
I/art     ( 4713): DexFile_isDexOptNeeded failed to open oat file '/data/dalvik-cache/arm/system@priv-app@OneTimeInitializer@OneTimeInitializer.apk@classes.dex' for file location '/system/priv-app/OneTimeInitializer/OneTimeInitializer.apk': Failed to open oat filename for reading: No such file or directory
I/art     ( 4713): DexFile_isDexOptNeeded file /system/priv-app/OneTimeInitializer/arm/OneTimeInitializer.odex needs to be relocated for /system/priv-app/OneTimeInitializer/OneTimeInitializer.apk
I/PackageManager( 4713): SELinux relabeling of com.android.proxyhandler issued.
I/art     ( 4713): DexFile_isDexOptNeeded failed to open oat file '/data/dalvik-cache/arm/system@priv-app@ProxyHandler@ProxyHandler.apk@classes.dex' for file location '/system/priv-app/ProxyHandler/ProxyHandler.apk': Failed to open oat filename for reading: No such file or directory
I/art     ( 4713): DexFile_isDexOptNeeded file /system/priv-app/ProxyHandler/arm/ProxyHandler.odex needs to be relocated for /system/priv-app/ProxyHandler/ProxyHandler.apk
I/PackageManager( 4713): /system/priv-app/Settings changed; collecting certs
I/art     ( 4713): DexFile_isDexOptNeeded failed to open oat file '/data/dalvik-cache/arm/system@priv-app@Settings@Settings.apk@classes.dex' for file location '/system/priv-app/Settings/Settings.apk': Failed to open oat filename for reading: No such file or directory
I/art     ( 4713): DexFile_isDexOptNeeded file /system/priv-app/Settings/arm/Settings.odex needs to be relocated for /system/priv-app/Settings/Settings.apk
I/PackageManager( 4713): /system/priv-app/SettingsProvider changed; collecting certs
I/art     ( 4713): DexFile_isDexOptNeeded failed to open oat file '/data/dalvik-cache/arm/system@priv-app@SettingsProvider@SettingsProvider.apk@classes.dex' for file location '/system/priv-app/SettingsProvider/SettingsProvider.apk': Failed to open oat filename for reading: No such file or directory
I/art     ( 4713): DexFile_isDexOptNeeded file /system/priv-app/SettingsProvider/arm/SettingsProvider.odex needs to be relocated for /system/priv-app/SettingsProvider/SettingsProvider.apk
I/PackageManager( 4713): SELinux relabeling of com.android.sharedstoragebackup issued.
I/art     ( 4713): DexFile_isDexOptNeeded failed to open oat file '/data/dalvik-cache/arm/system@priv-app@SharedStorageBackup@SharedStorageBackup.apk@classes.dex' for file location '/system/priv-app/SharedStorageBackup/SharedStorageBackup.apk': Failed to open oat filename for reading: No such file or directory
I/art     ( 4713): DexFile_isDexOptNeeded file /system/priv-app/SharedStorageBackup/arm/SharedStorageBackup.odex needs to be relocated for /system/priv-app/SharedStorageBackup/SharedStorageBackup.apk
I/PackageManager( 4713): /system/priv-app/Shell changed; collecting certs
I/art     ( 4713): DexFile_isDexOptNeeded failed to open oat file '/data/dalvik-cache/arm/system@priv-app@Shell@Shell.apk@classes.dex' for file location '/system/priv-app/Shell/Shell.apk': Failed to open oat filename for reading: No such file or directory
I/art     ( 4713): DexFile_isDexOptNeeded file /system/priv-app/Shell/arm/Shell.odex needs to be relocated for /system/priv-app/Shell/Shell.apk
I/PackageManager( 4713): /system/priv-app/SystemUI changed; collecting certs
I/PackageManager( 4713): New shared user android.uid.systemui: id=10004
I/art     ( 4713): DexFile_isDexOptNeeded failed to open oat file '/data/dalvik-cache/arm/system@priv-app@SystemUI@SystemUI.apk@classes.dex' for file location '/system/priv-app/SystemUI/SystemUI.apk': Failed to open oat filename for reading: No such file or directory
I/art     ( 4713): DexFile_isDexOptNeeded file /system/priv-app/SystemUI/arm/SystemUI.odex needs to be relocated for /system/priv-app/SystemUI/SystemUI.apk
I/PackageManager( 4713): /system/priv-app/TeleService changed; collecting certs
I/art     ( 4713): DexFile_isDexOptNeeded failed to open oat file '/data/dalvik-cache/arm/system@priv-app@TeleService@TeleService.apk@classes.dex' for file location '/system/priv-app/TeleService/TeleService.apk': Failed to open oat filename for reading: No such file or directory
I/art     ( 4713): DexFile_isDexOptNeeded file /system/priv-app/TeleService/arm/TeleService.odex needs to be relocated for /system/priv-app/TeleService/TeleService.apk
I/PackageManager( 4713): /system/priv-app/Telecom changed; collecting certs
I/art     ( 4713): DexFile_isDexOptNeeded failed to open oat file '/data/dalvik-cache/arm/system@priv-app@Telecom@Telecom.apk@classes.dex' for file location '/system/priv-app/Telecom/Telecom.apk': Failed to open oat filename for reading: No such file or directory
I/art     ( 4713): DexFile_isDexOptNeeded file /system/priv-app/Telecom/arm/Telecom.odex needs to be relocated for /system/priv-app/Telecom/Telecom.apk
I/PackageManager( 4713): /system/priv-app/TelephonyProvider changed; collecting certs
I/art     ( 4713): DexFile_isDexOptNeeded failed to open oat file '/data/dalvik-cache/arm/system@priv-app@TelephonyProvider@TelephonyProvider.apk@classes.dex' for file location '/system/priv-app/TelephonyProvider/TelephonyProvider.apk': Failed to open oat filename for reading: No such file or directory
I/art     ( 4713): DexFile_isDexOptNeeded file /system/priv-app/TelephonyProvider/arm/TelephonyProvider.odex needs to be relocated for /system/priv-app/TelephonyProvider/TelephonyProvider.apk
I/PackageManager( 4713): SELinux relabeling of org.cyanogenmod.theme.chooser issued.
I/art     ( 4713): DexFile_isDexOptNeeded failed to open oat file '/data/dalvik-cache/arm/system@priv-app@ThemeChooser@ThemeChooser.apk@classes.dex' for file location '/system/priv-app/ThemeChooser/ThemeChooser.apk': Failed to open oat filename for reading: No such file or directory
I/art     ( 4713): DexFile_isDexOptNeeded file /system/priv-app/ThemeChooser/arm/ThemeChooser.odex needs to be relocated for /system/priv-app/ThemeChooser/ThemeChooser.apk
I/PackageManager( 4713): SELinux relabeling of org.cyanogenmod.themes.provider issued.
I/art     ( 4713): DexFile_isDexOptNeeded failed to open oat file '/data/dalvik-cache/arm/system@priv-app@ThemesProvider@ThemesProvider.apk@classes.dex' for file location '/system/priv-app/ThemesProvider/ThemesProvider.apk': Failed to open oat filename for reading: No such file or directory
I/art     ( 4713): DexFile_isDexOptNeeded file /system/priv-app/ThemesProvider/arm/ThemesProvider.odex needs to be relocated for /system/priv-app/ThemesProvider/ThemesProvider.apk
I/PackageManager( 4713): SELinux relabeling of com.cyanogenmod.trebuchet issued.
I/art     ( 4713): DexFile_isDexOptNeeded failed to open oat file '/data/dalvik-cache/arm/system@priv-app@Trebuchet@Trebuchet.apk@classes.dex' for file location '/system/priv-app/Trebuchet/Trebuchet.apk': Failed to open oat filename for reading: No such file or directory
I/art     ( 4713): DexFile_isDexOptNeeded file /system/priv-app/Trebuchet/arm/Trebuchet.odex needs to be relocated for /system/priv-app/Trebuchet/Trebuchet.apk
I/PackageManager( 4713): SELinux relabeling of com.android.vpndialogs issued.
I/art     ( 4713): DexFile_isDexOptNeeded failed to open oat file '/data/dalvik-cache/arm/system@priv-app@VpnDialogs@VpnDialogs.apk@classes.dex' for file location '/system/priv-app/VpnDialogs/VpnDialogs.apk': Failed to open oat fi