E/Minikin ( 4939): addFont failed to create font /system/fonts/NotoSansKR-Regular.otf
E/Minikin ( 4816): addFont failed to create font /system/fonts/NotoSansGujarati-Regular.ttf
E/Minikin ( 4816): addFont failed to create font /system/fonts/NotoSansGujarati-Bold.ttf
E/Minikin ( 4816): addFont failed to create font /system/fonts/NotoSansGujaratiUI-Regular.ttf
E/Minikin ( 4816): addFont failed to create font /system/fonts/NotoSansGujaratiUI-Bold.ttf
E/Minikin ( 4816): addFont failed to create font /system/fonts/NotoSansGurmukhi-Regular.ttf
E/Minikin ( 4816): addFont failed to create font /system/fonts/NotoSansGurmukhi-Bold.ttf
E/Minikin ( 4816): addFont failed to create font /system/fonts/NotoSansGurmukhiUI-Regular.ttf
E/Minikin ( 4816): addFont failed to create font /system/fonts/NotoSansGurmukhiUI-Bold.ttf
E/Minikin ( 4816): addFont failed to create font /system/fonts/NotoSansSinhala-Regular.ttf
E/Minikin ( 4816): addFont failed to create font /system/fonts/NotoSansSinhala-Bold.ttf
E/Minikin ( 4816): addFont failed to create font /system/fonts/NotoSansCherokee-Regular.ttf
E/Minikin ( 4816): addFont failed to create font /system/fonts/NotoSansCanadianAboriginal-Regular.ttf
E/Minikin ( 4816): addFont failed to create font /system/fonts/NotoSansYi-Regular.ttf
E/Minikin ( 4816): addFont failed to create font /system/fonts/NotoSansHans-Regular.otf
E/Minikin ( 4816): addFont failed to create font /system/fonts/NotoSansHant-Regular.otf
E/Minikin ( 4816): addFont failed to create font /system/fonts/NotoSansJP-Regular.otf
E/Minikin ( 4816): addFont failed to create font /system/fonts/NotoSansKR-Regular.otf
E/SQLiteLog( 5155): (1) no such table: album_info
E/Minikin ( 4841): addFont failed to create font /system/fonts/NotoSansGujarati-Regular.ttf
E/Minikin ( 4841): addFont failed to create font /system/fonts/NotoSansGujarati-Bold.ttf
E/Minikin ( 4841): addFont failed to create font /system/fonts/NotoSansGujaratiUI-Regular.ttf
E/Minikin ( 4841): addFont failed to create font /system/fonts/NotoSansGujaratiUI-Bold.ttf
E/Minikin ( 4841): addFont failed to create font /system/fonts/NotoSansGurmukhi-Regular.ttf
E/Minikin ( 4841): addFont failed to create font /system/fonts/NotoSansGurmukhi-Bold.ttf
E/Minikin ( 4841): addFont failed to create font /system/fonts/NotoSansGurmukhiUI-Regular.ttf
E/Minikin ( 4841): addFont failed to create font /system/fonts/NotoSansGurmukhiUI-Bold.ttf
E/Minikin ( 4841): addFont failed to create font /system/fonts/NotoSansSinhala-Regular.ttf
E/Minikin ( 4841): addFont failed to create font /system/fonts/NotoSansSinhala-Bold.ttf
E/Minikin ( 4841): addFont failed to create font /system/fonts/NotoSansCherokee-Regular.ttf
E/Minikin ( 4841): addFont failed to create font /system/fonts/NotoSansCanadianAboriginal-Regular.ttf
E/Minikin ( 4841): addFont failed to create font /system/fonts/NotoSansYi-Regular.ttf
E/Minikin ( 4841): addFont failed to create font /system/fonts/NotoSansHans-Regular.otf
E/Minikin ( 4841): addFont failed to create font /system/fonts/NotoSansHant-Regular.otf
E/Minikin ( 4841): addFont failed to create font /system/fonts/NotoSansJP-Regular.otf
E/Minikin ( 4841): addFont failed to create font /system/fonts/NotoSansKR-Regular.otf
W/GooglePlayServicesUtil( 5192): Google Play services is missing.
W/ContextImpl( 5192): Calling a method in the system process without a qualified user: android.app.ContextImpl.bindService:1790 android.content.ContextWrapper.bindService:544 android.speech.tts.TextToSpeech.connectToEngine:800 android.speech.tts.TextToSpeech.initTts:770 android.speech.tts.TextToSpeech.<init>:723 
E/Minikin ( 5155): addFont failed to create font /system/fonts/NotoSansGujarati-Regular.ttf
E/Minikin ( 5155): addFont failed to create font /system/fonts/NotoSansGujarati-Bold.ttf
E/Minikin ( 5155): addFont failed to create font /system/fonts/NotoSansGujaratiUI-Regular.ttf
E/Minikin ( 5155): addFont failed to create font /system/fonts/NotoSansGujaratiUI-Bold.ttf
E/Minikin ( 5155): addFont failed to create font /system/fonts/NotoSansGurmukhi-Regular.ttf
E/Minikin ( 5155): addFont failed to create font /system/fonts/NotoSansGurmukhi-Bold.ttf
E/Minikin ( 5155): addFont failed to create font /system/fonts/NotoSansGurmukhiUI-Regular.ttf
E/Minikin ( 5155): addFont failed to create font /system/fonts/NotoSansGurmukhiUI-Bold.ttf
E/Minikin ( 5155): addFont failed to create font /system/fonts/NotoSansSinhala-Regular.ttf
E/Minikin ( 5155): addFont failed to create font /system/fonts/NotoSansSinhala-Bold.ttf
E/Minikin ( 5155): addFont failed to create font /system/fonts/NotoSansCherokee-Regular.ttf
E/Minikin ( 5155): addFont failed to create font /system/fonts/NotoSansCanadianAboriginal-Regular.ttf
E/Minikin ( 5155): addFont failed to create font /system/fonts/NotoSansYi-Regular.ttf
E/Minikin ( 5155): addFont failed to create font /system/fonts/NotoSansHans-Regular.otf
E/Minikin ( 5155): addFont failed to create font /system/fonts/NotoSansHant-Regular.otf
E/Minikin ( 5155): addFont failed to create font /system/fonts/NotoSansJP-Regular.otf
E/Minikin ( 5155): addFont failed to create font /system/fonts/NotoSansKR-Regular.otf
E/cutils  ( 5221): Failed to mkdir(/mnt/shell/emulated/0): Read-only file system
W/Zygote  ( 5221): Failed to mount emulated storage: 30
I/ActivityManager( 4122): Start proc com.svox.pico for service com.svox.pico/.PicoService: pid=5221 uid=10049 gids={50049, 9997, 1028, 1015} abi=armeabi-v7a
I/TextToSpeech( 5192): Sucessfully bound to com.svox.pico
D/PhoneStatusBar( 4545): disable: < EXPAND* icons ALERTS* system_info back HOME* RECENT* clock SEARCH* >
D/PhoneStatusBar( 4545): heads up is disabled
D/PhoneStatusBar( 4545): dismissing any existing heads up notification on disable event
D/WifiService( 4122): New client listening to asynchronous messages
D/BluetoothManagerService( 4122): Message: 20
D/BluetoothManagerService( 4122): Added callback: android.bluetooth.IBluetoothManagerCallback$Stub$Proxy@360299ed:true
D/BluetoothAdapter( 5099): 7984077: getState() :  mService = null. Returning STATE_OFF
D/BluetoothManagerService( 4122): Message: 30
D/BluetoothManagerService( 4122): Message: 30
E/ExtMediaPlayer-JNI( 5192): QCMediaPlayer could not be located....
E/MediaPlayer-JNI( 5192): QCMediaPlayer mediaplayer NOT present
D/MediaPlayer( 5192): Couldn't open file on client side, trying server side
E/MediaPlayerService( 3697): Couldn't open fd for content://settings/system/notification_sound
E/MediaPlayer( 5192): Unable to create media player
D/LocalBluetoothProfileManager( 5099): Adding local MAP profile
D/Ringtone( 5192): Problem opening; delegating to remote player
D/BluetoothMap( 5099): Create BluetoothMap proxy object
D/BluetoothManagerService( 4122): Message: 30
E/ExtMediaPlayer-JNI( 5192): QCMediaPlayer could not be located....
E/MediaPlayer-JNI( 5192): QCMediaPlayer mediaplayer NOT present
D/MediaPlayer( 5192): Couldn't open file on client side, trying server side
E/MediaPlayerService( 3697): Couldn't open fd for content://settings/system/notification_sound
E/MediaPlayer( 5192): Unable to create media player
D/Ringtone( 5192): Problem opening; delegating to remote player
D/BluetoothManagerService( 4122): Message: 30
D/LocalBluetoothProfileManager( 5099): LocalBluetoothProfileManager construction complete
D/BluetoothAdapter( 5099): 7984077: getState() :  mService = null. Returning STATE_OFF
D/BluetoothAdapter( 5099): 7984077: getState() :  mService = null. Returning STATE_OFF
E/cutils  ( 5246): Failed to mkdir(/mnt/shell/emulated/0): Read-only file system
W/Zygote  ( 5246): Failed to mount emulated storage: 30
I/ActivityManager( 4122): Start proc com.cyanogenmod.eleven for broadcast com.cyanogenmod.eleven/.MediaButtonIntentReceiver: pid=5246 uid=10032 gids={50032, 9997, 1028, 1015, 3003} abi=armeabi-v7a
V/SynthProxy( 5221): About to load libttspico.so, applyFilter=true
I/DownloadManager( 5155): Upgrading downloads database from version 0 to version 109, which will destroy all old data
I/SVOX Pico Engine( 5221): loaded en-US successfully
E/cutils  ( 5271): Failed to mkdir(/mnt/shell/emulated/0): Read-only file system
W/Zygote  ( 5271): Failed to mount emulated storage: 30
I/ActivityManager( 4122): Start proc com.cyanogenmod.eleven:main for service com.cyanogenmod.eleven/.MusicPlaybackService: pid=5271 uid=10032 gids={50032, 9997, 1028, 1015, 3003} abi=armeabi-v7a
E/cutils  ( 5292): Failed to mkdir(/mnt/shell/emulated/0): Read-only file system
W/Zygote  ( 5292): Failed to mount emulated storage: 30
I/ActivityManager( 4122): Start proc com.cyanogenmod.trebuchet for broadcast com.cyanogenmod.trebuchet/com.android.launcher3.ThemeChangedReceiver: pid=5292 uid=10018 gids={50018, 9997, 1028} abi=armeabi-v7a
D/OpenGLRenderer( 5192): Render dirty regions requested: true
D/Atlas   ( 5192): Validating map...
I/TextToSpeech( 5192): Connected to ComponentInfo{com.svox.pico/com.svox.pico.PicoService}
I/TextToSpeech( 5192): Set up connection to ComponentInfo{com.svox.pico/com.svox.pico.PicoService}
I/        ( 5192): PLATFORM VERSION : JB-MR-2
I/OpenGLRenderer( 5192): Initialized EGL, version 1.4
D/OpenGLRenderer( 5192): Enabling debug mode 0
V/RenderScript_jni( 5271): RS native mode
E/RenderScript( 5271): Failed loading RS driver: dlopen failed: cannot locate symbol "_ZN7android12renderscript15RsdCpuReference6createEPNS0_7ContextEjjPFPKNS1_9CpuSymbolES3_PKcEPFPNS1_9CpuScriptES3_PKNS0_6ScriptEEPFPN4llvm6ModuleEPN3bcc8RSScriptESK_SK_EPFS8_S8_jE" referenced by "libRSDriverArm.so"...
E/RenderScript( 5271): Failed to load runtime libRSDriverArm.so, loading default
W/SurfaceFlinger( 3693): Ignoring duplicate VSYNC event from HWC (t=30786100753)
V/RenderScript( 5271): 0xaf302c00 Launching thread(s), CPUs 8
E/cutils  ( 3675): Failed to mkdirat(/mnt/shell/emulated/0): Read-only file system
W/Vold    ( 3675): Returning OperationFailed - no handler for errno 30
W/ContextImpl( 5271): Failed to ensure directory: /storage/emulated/0/Android/data/com.cyanogenmod.eleven/cache
E/Vold    ( 3675): Failed to find mounted volume for /storage/extSdCard/Android/data/com.cyanogenmod.eleven/cache/
W/Vold    ( 3675): Returning OperationFailed - no handler for errno 0
W/ContextImpl( 5271): Failed to ensure directory: /storage/extSdCard/Android/data/com.cyanogenmod.eleven/cache
V/Launcher( 5292): LauncherAppState inited
D/Launcher.Model( 5292): Old launcher provider: content://com.android.launcher2.settings/favorites?notify=true
D/Launcher.Model( 5292): Old launcher provider does not exist.
E/ExtMediaPlayer-JNI( 5271): QCMediaPlayer could not be located....
E/MediaPlayer-JNI( 5271): QCMediaPlayer mediaplayer NOT present
I/ActivityManager( 4122): Displayed com.cyanogenmod.setupwizard/.ui.SetupWizardActivity: +1s677ms (total +2s195ms)
I/Timeline( 4122): Timeline: Activity_windows_visible id: ActivityRecord{26d1dd4b u0 com.cyanogenmod.setupwizard/.ui.SetupWizardActivity t2} time:30984
I/Timeline( 5192): Timeline: Activity_idle id: android.os.BinderProxy@2eb220d5 time:31012
I/SystemServiceManager( 4122): Starting phase 1000
E/SEC PowerHAL( 4122): Error opening /sys/devices/system/cpu/cpufreq/interactive/boostpulse: No such file or directory
D/lights  ( 4122): set_light_battery 0x140500 0 0
D/LocaleSetManager( 5271): Locale Changed from: null to null
I/MusicLocale( 5271): AddressBook Labels [en-US]: [, A, B, C, D, E, F, G, H, I, J, K, L, M, N, O, P, Q, R, S, T, U, V, W, X, Y, Z, , , , , , , , , , , , , , , , , , , , , , , , , , , , , , , , , , , , , , , , , , , , , , , , , , , , , , , , , , , , , , , , , , , , , , , , , , , , , , , , , , , , , , , , , , , , , , , , , , , , , , , , , , , , , , , , , , , , , , , , , , , , , , , , , , , , , , , , , , , , , , , , , , , , , , , , , , , , , , , , , , , , , , , , , , , , , , , , , , , , , , , , , , , , #, ]
I/MusicLocale( 5271): AddressBook Labels [en-US]: [, A, B, C, D, E, F, G, H, I, J, K, L, M, N, O, P, Q, R, S, T, U, V, W, X, Y, Z, , , , , , , , , , , , , , , , , , , , , , , , , , , , , , , , , , , , , , , , , , , , , , , , , , , , , , , , , , , , , , , , , , , , , , , , , , , , , , , , , , , , , , , , , , , , , , , , , , , , , , , , , , , , , , , , , , , , , , , , , , , , , , , , , , , , , , , , , , , , , , , , , , , , , , , , , , , , , , , , , , , , , , , , , , , , , , , , , , , , , , , , , , , , #, ]
D/LocaleSetManager( 5271): Locale Changed from: null to en-US
V/KeyguardServiceDelegate( 4122): *** Keyguard started
W/KeyguardServiceDelegate( 4122): onScreenTurnedOn(): no keyguard service!
I/Sensors ( 4122): Acc old sensor_state 0, new sensor_state : 1 en : 1
V/KeyguardServiceDelegate( 4122): *** Keyguard connected (yay!)
W/Settings( 4545): Setting airplane_mode_on has moved from android.provider.Settings.System to android.provider.Settings.Global, returning read-only value.
V/KeyguardServiceDelegate( 4122): **** SHOWN CALLED ****
I/BootReceiver( 5099): IOSched restore disabled by user preference.
D/InputMethodAndLanguageSettings( 5099): High touch sensitivity settings restored.
D/InputMethodAndLanguageSettings( 5099): Touch hovering settings restored.
D/BluetoothManagerService( 4122): Retrieving Bluetooth Adapter name and address...
D/BluetoothManagerService( 4122): getNameAndAddress(): mBluetooth = null mBinding = false
D/BluetoothManagerService( 4122): Message: 200
D/BluetoothManagerService( 4122): MESSAGE_GET_NAME_AND_ADDRESS
D/BluetoothManagerService( 4122): Binding to service to get name and address
I/RecoverySystem( 4122): Deleted: /cache/recovery/log
I/BootReceiver( 4122): Copying /proc/last_kmsg to DropBox (SYSTEM_LAST_KMSG)
E/SharedPreferencesImpl( 4122): Couldn't create directory for SharedPreferences file shared_prefs/log_files.xml
E/cutils  ( 5365): Failed to mkdir(/mnt/shell/emulated/0): Read-only file system
W/Zygote  ( 5365): Failed to mount emulated storage: 30
I/ActivityManager( 4122): Start proc com.android.bluetooth for service com.android.bluetooth/.btservice.AdapterService: pid=5365 uid=1002 gids={41002, 9997, 3003, 3002, 3001, 1028, 1015, 3005, 1016, 3008} abi=armeabi-v7a
W/Searchables( 4122): No global search activity found
I/BootReceiver( 4122): Copying audit failures to DropBox
E/SharedPreferencesImpl( 4122): Couldn't create directory for SharedPreferences file shared_prefs/log_files.xml
I/BootReceiver( 4122): Copied 0 worth of audits to DropBox
I/BootReceiver( 4122): Checking for fsck errors
E/cutils  ( 5387): Failed to mkdir(/mnt/shell/emulated/0): Read-only file system
W/Zygote  ( 5387): Failed to mount emulated storage: 30
I/ActivityManager( 4122): Start proc com.android.deskclock for broadcast com.android.deskclock/.AlarmInitReceiver: pid=5387 uid=10030 gids={50030, 9997, 1028, 3003} abi=armeabi-v7a
E/cutils  ( 5410): Failed to mkdir(/mnt/shell/emulated/0): Read-only file system
W/Zygote  ( 5410): Failed to mount emulated storage: 30
I/ActivityManager( 4122): Start proc com.android.keychain for service com.android.keychain/.KeyChainService: pid=5410 uid=1000 gids={41000, 9997, 3003, 1028, 1015, 3002, 3001} abi=armeabi-v7a
W/WakefulBroadcastReceiver( 5271): No active wake lock id #1
W/ResourcesManager( 5365): Asset path '/system/framework/javax.btobex.jar' does not exist or contains no resources.
V/AlarmClock( 5387): AlarmInitReceiver android.intent.action.BOOT_COMPLETED
V/AlarmClock( 5387): AlarmInitReceiver - Reset timers and clear stopwatch data
V/AlarmClock( 5387): AlarmInitReceiver - resetting volume button default
D/AdapterServiceConfig( 5365): Adding HeadsetService
D/AdapterServiceConfig( 5365): Adding A2dpService
D/AdapterServiceConfig( 5365): Adding HidService
D/AdapterServiceConfig( 5365): Adding HealthService
D/AdapterServiceConfig( 5365): Adding PanService
D/AdapterServiceConfig( 5365): Adding GattService
D/AdapterServiceConfig( 5365): Adding BluetoothMapService
D/AdapterServiceConfig( 5365): Adding HidDevService
D/BluetoothManagerService( 4122): Message: 20
D/BluetoothManagerService( 4122): Added callback: android.bluetooth.IBluetoothManagerCallback$Stub$Proxy@22bc2642:true
D/BluetoothAdapterState( 5365): make
I/bluedroid( 5365): init
I/BluetoothAdapterState( 5365): Entering OffState
E/bt-btif ( 5365): btif_config_get(L188): assert failed: section && *section && key && *key && name && *name && bytes && type
I/bte_conf( 5365): bte_load_conf attempt to load stack conf from /etc/bluetooth/bt_stack.conf
I/bte_conf( 5365): bte_load_ble_conf attempt to load ble stack conf from /etc/bluetooth/ble_stack.conf
E/bt_osi_config( 5365): config_new unable to open file '/etc/bluetooth/ble_stack.conf': No such file or directory
I/bte_conf( 5365): bte_load_ble_conf file >/etc/bluetooth/ble_stack.conf< not found
I/AlarmClock( 5387): Alarms Table created
I/bluedroid( 5365): get_profile_interface socket
I/bluedroid( 5365): get_profile_interface map_client
I/AlarmClock( 5387): Instance table created
I/AlarmClock( 5387): Cities table created
I/AlarmClock( 5387): Inserting default alarms
I/GKI_LINUX( 5365): gki_task_entry task_id=1 [BTIF] starting
D/BluetoothManagerService( 4122): BluetoothServiceConnection: com.android.bluetooth.btservice.AdapterService
D/BluetoothManagerService( 4122): Message: 40
D/BluetoothManagerService( 4122): MESSAGE_BLUETOOTH_SERVICE_CONNECTED: 1
D/BluetoothAdapterProperties( 5365): Address is:14:B4:84:6F:66:79
D/BluetoothAdapterProperties( 5365): Name is: SM-G900H
D/BluetoothManagerService( 4122): Bluetooth Adapter name changed to SM-G900H
I/bluedroid( 5365): config_hci_snoop_log
D/BluetoothManagerService( 4122): Message: 200
D/BluetoothManagerService( 4122): MESSAGE_GET_NAME_AND_ADDRESS
D/BluetoothManagerService( 4122): Message: 201
D/BluetoothManagerService( 4122): MESSAGE_SAVE_NAME_AND_ADDRESS
D/BluetoothAdapterState( 5365): CURRENT_STATE=OFF, MESSAGE = USER_TURN_ON
D/BluetoothAdapterProperties( 5365): Setting state to 11
I/BluetoothAdapterState( 5365): Bluetooth adapter state changed: 10-> 11
D/BluetoothBondStateMachine( 5365): make
D/BluetoothAdapterService( 5365): checkA2dpState: isA2dpSinkEnabled = false
E/BluetoothAdapterService( 5365): checkA2dpState: returning
D/BluetoothAdapterService( 5365): checkHidState: isHidDev = false
E/BluetoothAdapterService( 5365): checkHidState: returning
D/BluetoothAdapterService( 5365): checkHfpState: isHfpClientEnabled = false
E/BluetoothAdapterService( 5365): checkHfpState: returning
I/BluetoothBondStateMachine( 5365): StableState(): Entering Off State
D/BluetoothHeadset( 5076): Proxy object connected
D/HeadsetService( 5365): Received start request. Starting profile...
D/BluetoothHeadset( 5076): Proxy object connected
I/BluetoothHeadsetServiceJni( 5365): classInitNative: succeeds
D/BluetoothManagerService( 4122): Stored Bluetooth name: SM-G900H
D/HeadsetStateMachine( 5365): Version 1.5
D/HeadsetStateMachine( 5365): make
V/AlarmClock( 5387): AlarmInitReceiver finished
D/BluetoothHeadset( 4122): Proxy object connected
D/BluetoothAdapter( 4122): 240261799: getState() :  mService = null. Returning STATE_OFF
E/cutils  ( 5447): Failed to mkdir(/mnt/shell/emulated/0): Read-only file system
W/Zygote  ( 5447): Failed to mount emulated storage: 30
I/ActivityManager( 4122): Start proc com.android.dialer for broadcast com.android.dialer/.calllog.CallLogReceiver: pid=5447 uid=10008 gids={50008, 9997, 3003, 1028, 1015} abi=armeabi-v7a
D/HeadsetStateMachine( 5365): max_hf_connections = 1
I/bluedroid( 5365): get_profile_interface handsfree
D/Telecom ( 5076): BluetoothPhoneService: Binding service
I/Choreographer( 5006): Skipped 105 frames!  The application may be doing too much work on its main thread.
I/BluetoothAdapterService( 5365): skipping com.android.bluetooth.hid.HidDevService (disabled)
I/BluetoothAdapterState( 5365): Entering PendingCommandState State: isTurningOn()=true, isTurningOff()=false
D/HeadsetStateMachine( 5365): Enter Disconnected: -2, size: 0
D/BluetoothAdapterService( 5365): getAdapterService() - returning com.android.bluetooth.btservice.AdapterService@223872f7
D/BluetoothA2dp( 4122): Proxy object connected
D/A2dpService( 5365): Received start request. Starting profile...
D/BluetoothAdapter( 4122): 240261799: getState() :  mService = null. Returning STATE_OFF
I/bluedroid( 5365): get_profile_interface avrcp
V/AudioService( 4122): updateRemoteControllerOnExistingMediaPlayers: size of Player list: 0
E/AudioService( 4122): No RCC entry present to update
E/RemoteController( 5365): Cannot set synchronization mode on an unregistered RemoteController
I/BluetoothA2dpServiceJni( 5365): classInitNative: succeeds
D/A2dpStateMachine( 5365): make
I/bluedroid( 5365): get_profile_interface a2dp
I/GKI_LINUX( 5365): gki_task_entry task_id=2 [A2DP-MEDIA] starting
D/bt-btif ( 5365): btif_av_state_idle_handler event:BTIF_SM_ENTER_EVT flags 0
D/A2dpService( 5365): setA2dpService(): set to: null
D/BluetoothAdapterService( 5365): getAdapterService() - returning com.android.bluetooth.btservice.AdapterService@223872f7
D/A2dpStateMachine( 5365): Enter Disconnected: -2
I/BluetoothHidServiceJni( 5365): classInitNative: succeeds
D/BluetoothInputDevice( 5099): Proxy object connected
D/HidService( 5365): Received start request. Starting profile...
I/bluedroid( 5365): get_profile_interface hidhost
D/BluetoothAdapterService( 5365): getAdapterService() - returning com.android.bluetooth.btservice.AdapterService@223872f7
D/HidProfile( 5099): Bluetooth service connected
D/BluetoothAdapter( 5099): 7984077: getState() :  mService = null. Returning STATE_OFF
I/BluetoothHealthServiceJni( 5365): classInitNative: succeeds
D/HealthService( 5365): Received start request. Starting profile...
I/bluedroid( 5365): get_profile_interface health
D/BluetoothAdapterService( 5365): getAdapterService() - returning com.android.bluetooth.btservice.AdapterService@223872f7
I/BluetoothPanServiceJni( 5365): classInitNative(L105): succeeds
D/BluetoothPan( 5099): BluetoothPAN Proxy object connected
D/PanService( 5365): Received start request. Starting profile...
D/BluetoothPanServiceJni( 5365): initializeNative(L110): pan
I/bluedroid( 5365): get_profile_interface pan
D/PanProfile( 5099): Bluetooth service connected
D/BluetoothAdapterService( 5365): getAdapterService() - returning com.android.bluetooth.btservice.AdapterService@223872f7
D/BtGatt.GattService( 5365): classInitNative called
I/BtGatt.JNI( 5365): classInitNative(L863): classInitNative: Success!
D/BtGatt.DebugUtils( 5365): handleDebugAction() action=null
D/BtGatt.GattService( 5365): Received start request. Starting profile...
D/BtGatt.GattService( 5365): start()
I/bluedroid( 5365): get_profile_interface gatt
D/BtGatt.AdvertiseManager( 5365): advertise manager created
D/BluetoothAdapterService( 5365): getAdapterService() - returning com.android.bluetooth.btservice.AdapterService@223872f7
D/BluetoothMapService( 5365): inside BluetoothMapObexConnection
D/BluetoothMapService( 5365): supportedMessageTypes 14
D/BluetoothMapService( 5365): masId 0
D/BluetoothMapService( 5365): inside BluetoothMapObexConnection
D/BluetoothMapService( 5365): supportedMessageTypes 1
D/BluetoothMapService( 5365): masId 1
D/BluetoothMapService( 5365): Inside initBinder
D/BluetoothMapService( 5365): Received start request. Starting profile...
D/BluetoothMapService( 5365): start()
D/BluetoothMap( 5099): Proxy object connected
D/MapProfile( 5099): Bluetooth service connected
D/BluetoothMap( 5099): getConnectedDevices()
D/BluetoothAdapter( 5099): 7984077: getState() :  mService = null. Returning STATE_OFF
D/BluetoothMapService( 5365): Registering observer
D/BluetoothMap( 5099): Bluetooth is Not enabled
D/BluetoothAdapterService( 5365): getAdapterService() - returning com.android.bluetooth.btservice.AdapterService@223872f7
I/Telecom ( 5076): BluetoothPhoneService: queryPhoneState
D/Telecom ( 5076): BluetoothPhoneService: handleMessage(7) w/ param 0
I/Telecom ( 5076): BluetoothPhoneService: updateHeadsetWithCallState numActive 0, numHeld 0, callState 6, ringing number [da39a3ee5e6b4b0d3255bfef95601890afd80709], ringing type 128
D/BluetoothAdapter( 5076): 283249887: getState() :  mService = null. Returning STATE_OFF
W/BluetoothHeadset( 5076): Proxy not attached to service
I/art     ( 4122): Explicit concurrent mark sweep GC freed 48736(4MB) AllocSpace objects, 46(3MB) LOS objects, 33% free, 22MB/33MB, paused 2.741ms total 85.974ms
D/BluetoothHeadset( 5076): java.lang.Throwable
D/BluetoothHeadset( 5076): 	at android.bluetooth.BluetoothHeadset.phoneStateChanged(BluetoothHeadset.java:826)
D/BluetoothHeadset( 5076): 	at com.android.server.telecom.BluetoothPhoneService.updateHeadsetWithCallState(BluetoothPhoneService.java:789)
D/BluetoothHeadset( 5076): 	at com.android.server.telecom.BluetoothPhoneService.access$800(BluetoothPhoneService.java:51)
D/BluetoothHeadset( 5076): 	at com.android.server.telecom.BluetoothPhoneService$2.handleMessage(BluetoothPhoneService.java:311)
D/BluetoothHeadset( 5076): 	at android.os.Handler.dispatchMessage(Handler.java:102)
D/BluetoothHeadset( 5076): 	at android.os.Looper.loop(Looper.java:135)
D/BluetoothHeadset( 5076): 	at android.app.ActivityThread.main(ActivityThread.java:5254)
D/BluetoothHeadset( 5076): 	at java.lang.reflect.Method.invoke(Native Method)
D/BluetoothHeadset( 5076): 	at java.lang.reflect.Method.invoke(Method.java:372)
D/BluetoothHeadset( 5076): 	at com.android.internal.os.ZygoteInit$MethodAndArgsCaller.run(ZygoteInit.java:898)
D/BluetoothHeadset( 5076): 	at com.android.internal.os.ZygoteInit.main(ZygoteInit.java:693)
D/HeadsetStateMachine( 5365): Disconnected process message: 10, size: 0
V/BluetoothMapService( 5365): Handler(): got msg=1
D/HeadsetPhoneState( 5365): sendDeviceStateChanged. mService=0 mSignal=0 mRoam=0 mBatteryCharge=3
D/BluetoothAdapterState( 5365): CURRENT_STATE=PENDING, MESSAGE = STARTED, isTurningOn=true, isTurningOff=false
I/bluedroid( 5365): enable
D/HeadsetStateMachine( 5365): Disconnected process message: 11, size: 0
I/bt_hci_bdroid( 5365): init
I/GKI_LINUX( 5365): gki_task_entry task_id=0 [BTU] starting
I/bt-btu  ( 5365): btu_task pending for preload complete event
I/bt_vendor( 5365): init
I/bt_vnd_conf( 5365): Attempt to load conf from /etc/bluetooth/bt_vendor.conf
I/bt_vnd_conf( 5365): vnd_load_conf file >/etc/bluetooth/bt_vendor.conf< not found
D/bt_userial( 5365): userial_init
D/bt_vendor( 5365): op for 5
D/bt_vendor( 5365): op for 0
D/bt_upio ( 5365): upio_set_bluetooth_power(on: 1)
D/bt_upio ( 5365): is_emulator_context : 0
D/bt_upio ( 5365): is_rfkill_disabled ? [0]
D/bt_upio ( 5365): is_rfkill_disabled ? [0]
D/bt_vendor( 5365): op for 3
I/bt_userial_vendor( 5365): userial vendor open: opening /dev/ttySAC0
I/bt_userial_vendor( 5365): userial_vendor_open():UART is setup
I/bt_userial_vendor( 5365): device fd = 56 open
D/bt_vendor( 5365): op for 1
E/bt_hwcfg( 5365): Start CFG HW, HCI reset
D/bt_userial( 5365): Entering userial_read_thread()
E/bt_hwcfg( 5365): Read Local Name after HCI reset
D/ConnectivityService( 4122): Got NetworkFactory Messenger for Telephony
D/bt_hwcfg( 5365): Chipset BCM4350C0
D/bt_hwcfg( 5365): Target name = [BCM4350C0]
E/bt_hwcfg( 5365): patchram path ORG . BCM4350C0
E/bt_hwcfg( 5365): patchram path ORG .. BCM4350C0
E/bt_hwcfg( 5365): patchram path ORG bcm4350_V0301.0562.hcd BCM4350C0
E/bt_hwcfg( 5365): patchram path ORG bcm4350_V0301.0563_wisol.hcd BCM4350C0
E/bt_hwcfg( 5365): patchram path ORG companion_2p2_master_setfile.bin BCM4350C0
E/bt_hwcfg( 5365): patchram path ORG companion_2p2_mode_setfile.bin BCM4350C0
E/bt_hwcfg( 5365): patchram path ORG companion_default_coef.bin BCM4350C0
E/bt_hwcfg( 5365): patchram path ORG companion_default_lsc.bin BCM4350C0
E/bt_hwcfg( 5365): patchram path ORG companion_fw_2p2_evt1.bin BCM4350C0
E/bt_hwcfg( 5365): patchram path ORG companion_fw_evt0.bin BCM4350C0
E/bt_hwcfg( 5365): patchram path ORG fimc_is_fw2.bin BCM4350C0
E/bt_hwcfg( 5365): patchram path ORG fimc_is_fw2_2p2.bin BCM4350C0
E/bt_hwcfg( 5365): patchram path ORG libpn547_fw.so BCM4350C0
E/bt_hwcfg( 5365): patchram path ORG mfc_fw.bin BCM4350C0
E/bt_hwcfg( 5365): patchram path ORG setfile_2p2.bin BCM4350C0
E/bt_hwcfg( 5365): patchram path ORG setfile_6b2.bin BCM4350C0
E/bt_hwcfg( 5365): patchram path ORG setfile_8b1.bin BCM4350C0
E/bt_hwcfg( 5365): fw ver (org)0.0
E/bt_hwcfg( 5365): vendor lib preload failed to locate firmware patch file
E/bt_hwcfg( 5365): Remove module rev, try again BCM4350
D/bt_hwcfg( 5365): Target name = [BCM4350]
E/bt_hwcfg( 5365): patchram path ORG . BCM4350
E/bt_hwcfg( 5365): patchram path ORG .. BCM4350
E/bt_hwcfg( 5365): patchram path ORG bcm4350_V0301.0562.hcd BCM4350
E/bt_hwcfg( 5365): patchram path ORG bcm4350_V0301.0563_wisol.hcd BCM4350
I/bt_hwcfg( 5365): patch(org) : bcm4350_V0301.0563_wisol.hcd
I/bt_hwcfg( 5365): Found patchfile: /vendor/firmware/bcm4350_V0301.0563_wisol.hcd
E/bt_hwcfg( 5365): ORG patchram base 0301
E/bt_hwcfg( 5365): ORG patchram minor 0563
E/bt_hwcfg( 5365): fw ver (org)301.563
E/bt_hwcfg( 5365): Final Patchram is /vendor/firmware/bcm4350_V0301.0563_wisol.hcd
I/bt_hwcfg( 5365): Axi patch failure or not include AXI patching
I/bt_hwcfg( 5365): bt vendor lib: set UART baud 3000000
D/TelephonyProvider( 4985): dbh.onCreate:+ db=SQLiteDatabase: /data/data/com.android.providers.telephony/databases/telephony.db
D/TelephonyProvider( 4985): dbh.createSimInfoTable:+
D/TelephonyProvider( 4985): dbh.createSimInfoTable:-
D/TelephonyProvider( 4985): dbh.createCarriersTable:+
D/TelephonyProvider( 4985): dbh.createCarriersTable:-
I/bt_hwcfg( 5365): bt vendor lib: set UART baud 115200
I/bt_hwcfg( 5365): FW Download delta = 587922
D/bt_hwcfg( 5365): Settlement delay -- 100 ms
I/bt_hwcfg( 5365): Setting fw settlement delay to 100 
I/bt_hwcfg( 5365): bt vendor lib: set UART baud 3000000
I/bt_hwcfg( 5365): vendor lib fwcfg completed
I/bt-btu  ( 5365): btu_task received preload complete event
W/bt-l2cap( 5365): L2CAP - L2CA_Register() called for PSM: 0x0001
W/bt-l2cap( 5365): L2CAP - L2CA_Register() called for PSM: 0x001f
W/bt-l2cap( 5365): L2CAP - L2CA_Register() called for PSM: 0x0003
W/bt-l2cap( 5365): L2CAP - L2CA_Register() called for PSM: 0x1487
I/        ( 5365): BTE_InitTraceLevels -- TRC_HCI
I/        ( 5365): BTE_InitTraceLevels -- TRC_L2CAP
I/        ( 5365): BTE_InitTraceLevels -- TRC_RFCOMM
I/        ( 5365): BTE_InitTraceLevels -- TRC_AVDT
I/        ( 5365): BTE_InitTraceLevels -- TRC_AVRC
I/        ( 5365): BTE_InitTraceLevels -- TRC_A2D
I/        ( 5365): BTE_InitTraceLevels -- TRC_BNEP
I/        ( 5365): BTE_InitTraceLevels -- TRC_BTM
I/        ( 5365): BTE_InitTraceLevels -- TRC_HID_HOST
I/        ( 5365): BTE_InitTraceLevels -- TRC_GAP
I/        ( 5365): BTE_InitTraceLevels -- TRC_PAN
I/        ( 5365): BTE_InitTraceLevels -- TRC_SDP
I/        ( 5365): BTE_InitTraceLevels -- TRC_GATT
I/        ( 5365): BTE_InitTraceLevels -- TRC_SMP
I/        ( 5365): BTE_InitTraceLevels -- TRC_HID_DEV
I/        ( 5365): BTE_InitTraceLevels -- TRC_BTAPP
I/        ( 5365): BTE_InitTraceLevels -- TRC_BTIF
I/        ( 5365): BTE_InitTraceLevels -- TRC_LATENCY_AUDIO
D/TelephonyProvider( 4985): dbh.onCreate:- db=SQLiteDatabase: /data/data/com.android.providers.telephony/databases/telephony.db
D/TelephonyProvider( 4985): dbh.onOpen: ok, queried table=siminfo
D/TelephonyProvider( 4985): dbh.onOpen: ok, queried table=carriers
W/bt-btm  ( 5365): btm_decode_ext_features_page Secure conn Host support Enabled
W/bt-btm  ( 5365): btm_decode_ext_features_page Secure conn Controller support Enabled
E/bt-btm  ( 5365): BTM_SecRegister:p_cb_info->p_le_callback == 0xa1f08051 
E/bt-btm  ( 5365): BTM_SecRegister: btm_cb.api.p_le_callback = 0xa1f08051 
E/cutils  ( 5496): Failed to mkdir(/mnt/shell/emulated/0): Read-only file system
W/Zygote  ( 5496): Failed to mount emulated storage: 30
I/ActivityManager( 4122): Start proc com.android.smspush for service com.android.smspush/.WapPushManager: pid=5496 uid=10055 gids={50055, 9997} abi=armeabi-v7a
I/art     ( 3708): Explicit concurrent mark sweep GC freed 706(30KB) AllocSpace objects, 0(0B) LOS objects, 39% free, 15MB/25MB, paused 229us total 10.654ms
I/art     ( 3708): Explicit concurrent mark sweep GC freed 5(160B) AllocSpace objects, 0(0B) LOS objects, 39% free, 15MB/25MB, paused 222us total 10.124ms
D/GpsLocationProvider( 4122): received SIM realted action: android.intent.action.SIM_STATE_CHANGED
D/PhoneStatusBarPolicy( 4545): updateSimState for subId :-1
D/PhoneStatusBarPolicy( 4545): updateSimState for phoneId :0
D/PhoneStatusBarPolicy( 4545): updateSimState for Slot :-1
D/GpsLocationProvider( 4122): SIM MCC/MNC is still not available
D/DcSwitchState( 4985): [DcSwitchState-0] DcSwitchState constructor E
D/DcSwitchState( 4985): [DcSwitchState-0] DcSwitchState constructor X
I/art     ( 3708): Explicit concurrent mark sweep GC freed 5(160B) AllocSpace objects, 0(0B) LOS objects, 39% free, 15MB/25MB, paused 199us total 10.896ms
W/BackupManagerService( 4122): dataChanged but no participant pkg='com.android.providers.settings' uid=1001
I/PackageManager( 4122): Replacing preferred activity com.android.mms/.ui.ComposeMessageActivity for user 0:
I/PackageManager( 4122):   Action: "android.intent.action.SENDTO"
I/PackageManager( 4122):   Category: "android.intent.category.DEFAULT"
I/PackageManager( 4122):   Scheme: "sms"
I/PackageManager( 4122): Replacing preferred activity com.android.mms/.ui.ComposeMessageActivity for user 0:
I/PackageManager( 4122):   Action: "android.intent.action.SENDTO"
I/PackageManager( 4122):   Category: "android.intent.category.DEFAULT"
I/PackageManager( 4122):   Scheme: "smsto"
I/PackageManager( 4122): Replacing preferred activity com.android.mms/.ui.ComposeMessageActivity for user 0:
I/PackageManager( 4122):   Action: "android.intent.action.SENDTO"
I/PackageManager( 4122):   Category: "android.intent.category.DEFAULT"
I/PackageManager( 4122):   Scheme: "mms"
I/PackageManager( 4122): Replacing preferred activity com.android.mms/.ui.ComposeMessageActivity for user 0:
I/PackageManager( 4122):   Action: "android.intent.action.SENDTO"
I/PackageManager( 4122):   Category: "android.intent.category.DEFAULT"
I/PackageManager( 4122):   Scheme: "mmsto"
E/bt-btif ( 5365): AG evt (hdl 0x0001):
D/bt-btif ( 5365): AG evt (hdl 0x0001): State 0, Event 0x0500
E/bt-btif ( 5365): btif_config_get(L188): assert failed: section && *section && key && *key && name && *name && bytes && type
E/bt-btif ( 5365): btif_config_get(L188): assert failed: section && *section && key && *key && name && *name && bytes && type
E/bt-btif ( 5365): btif_storage_get_adapter_property service_mask:0x2140040
W/bt-l2cap( 5365): L2CAP - L2CA_Register() called for PSM: 0x0019
W/bt-l2cap( 5365): L2CAP - L2CA_Register() called for PSM: 0x0017
D/bt-btif ( 5365):  AVRC_Open AVRC_Open role: 1, control:3 status:0, handle:0
D/BluetoothAdapterProperties( 5365): Address is:14:B4:84:6F:66:79
W/bt-l2cap( 5365): L2CAP - L2CA_Register() called for PSM: 0x0011
W/bt-l2cap( 5365): L2CAP - L2CA_Register() called for PSM: 0x0013
D/BluetoothAdapterProperties( 5365): Name is: SM-G900H
W/bt-smp  ( 5365): Key(LSB ~ MSB) = 22 f1 5f e5 38 e5 c6 9c d1 72 d8 a9 8d 9f e6 fd 
W/bt-smp  ( 5365): Plain text(LSB ~ MSB) = 03 00 00 00 00 00 00 00 00 00 00 00 00 00 00 00 
W/bt-smp  ( 5365): Encrypted text(LSB ~ MSB) = 5b b0 b0 6e 37 fe 1c 1d 0e 77 04 fe 07 3d d5 cf 
W/bt-smp  ( 5365): Key(LSB ~ MSB) = 22 f1 5f e5 38 e5 c6 9c d1 72 d8 a9 8d 9f e6 fd 
W/bt-smp  ( 5365): Plain text(LSB ~ MSB) = 01 00 00 00 00 00 00 00 00 00 00 00 00 00 00 00 
W/bt-smp  ( 5365): Encrypted text(LSB ~ MSB) = 28 f0 a7 f1 5b b0 16 50 45 78 b7 f9 02 16 25 79 
D/BluetoothManagerService( 4122): Bluetooth Adapter name changed to SM-G900H
D/BluetoothManagerService( 4122): Stored Bluetooth name: SM-G900H
D/BluetoothAdapterProperties( 5365): Scan Mode:20
D/BluetoothAdapterProperties( 5365): Discoverable Timeout:120
D/bt_vendor( 5365): op for 2
D/bt_vendor( 5365): op for 6
W/bt-l2cap( 5365): L2CAP - L2CA_Register() called for PSM: 0x000f
D/bt_vendor( 5365): op for 7
D/bte_conf( 5365): Device ID record 1 : primary
D/bte_conf( 5365):   vendorId            = 001d
D/bte_conf( 5365):   vendorIdSource      = 0001
D/bte_conf( 5365):   product             = 1200
D/bte_conf( 5365):   version             = 1436
D/bte_conf( 5365):   clientExecutableURL = 
D/bte_conf( 5365):   serviceDescription  = 
D/bte_conf( 5365):   documentationURL    = 
D/bte_conf( 5365): bte_load_did_conf no section named DID2.
D/bt-btif ( 5365): btif_hf_upstreams_evt: event=BTA_AG_ENABLE_EVT
E/bt-btif ( 5365): btif_hf_upstreams_evt: Invalid index 17233
D/bt-btif ( 5365): btif_hf_upstreams_evt: event=BTA_AG_REGISTER_EVT
D/bt-btif ( 5365): btif_av_state_idle_handler event:BTA_AV_ENABLE_EVT flags 0
D/bt-btif ( 5365): btif_av_state_idle_handler event:BTA_AV_REGISTER_EVT flags 0
E/bt-btif ( 5365): btif_config_get(L188): assert failed: section && *section && key && *key && name && *name && bytes && type
E/bt-btif ( 5365): btif_config_get(L188): assert failed: section && *section && key && *key && name && *name && bytes && type
E/bt-btif ( 5365): btif_config_get(L188): assert failed: section && *section && key && *key && name && *name && bytes && type
D/BluetoothPanServiceJni( 5365): control_state_callback(L61): state:0, local_role:3, ifname:bt-pan
D/BluetoothAdapterState( 5365): CURRENT_STATE=PENDING, MESSAGE = ENABLE_READY, isTurningOn=true, isTurningOff=false
D/BluetoothAdapterProperties( 5365): ScanMode =  20
D/BluetoothAdapterProperties( 5365): State =  11
D/BluetoothAdapterProperties( 5365): Setting state to 12
I/BluetoothAdapterState( 5365): Bluetooth adapter state changed: 11-> 12
I/BluetoothAdapterState( 5365): Entering On State
D/BluetoothAdapterProperties( 5365): Discoverable Timeout:120
D/bt_vendor( 5365): op for 7
D/bt_upio ( 5365): BT_WAKE is asserted already
D/bt_vendor( 5365): op for 7
D/bt_upio ( 5365): BT_WAKE is asserted already
D/bt_vendor( 5365): op for 7
D/bt_upio ( 5365): BT_WAKE is asserted already
W/bt-smp  ( 5365): Key(LSB ~ MSB) = 28 f0 a7 f1 5b b0 16 50 45 78 b7 f9 02 16 25 79 
W/bt-smp  ( 5365): Plain text(LSB ~ MSB) = 9b f7 79 00 00 00 00 00 00 00 00 00 00 00 00 00 
W/bt-smp  ( 5365): Encrypted text(LSB ~ MSB) = 8c f8 1e 7f e3 e8 88 92 c6 c5 e2 13 62 d5 37 f8 
W/bt-btm  ( 5365): Stopping oneshot timer
E/bt_h4   ( 5365): vendor lib postload completed
D/bt_vendor( 5365): op for 7
D/bt_upio ( 5365): BT_WAKE is asserted already
D/bt_vendor( 5365): op for 7
D/bt_upio ( 5365): BT_WAKE is asserted already
D/bt_vendor( 5365): op for 7
D/bt_upio ( 5365): BT_WAKE is asserted already
D/bt_vendor( 5365): op for 7
D/bt_upio ( 5365): BT_WAKE is asserted already
D/bt_vendor( 5365): op for 7
D/bt_upio ( 5365): BT_WAKE is asserted already
D/bt_vendor( 5365): op for 7
D/bt_upio ( 5365): BT_WAKE is asserted already
D/bt_vendor( 5365): op for 7
D/bt_upio ( 5365): BT_WAKE is asserted already
D/bt_vendor( 5365): op for 7
D/bt_upio ( 5365): BT_WAKE is asserted already
D/bt_vendor( 5365): op for 7
D/bt_upio ( 5365): BT_WAKE is asserted already
W/bt-smp  ( 5365): Key(LSB ~ MSB) = 28 f0 a7 f1 5b b0 16 50 45 78 b7 f9 02 16 25 79 
W/bt-smp  ( 5365): Plain text(LSB ~ MSB) = ae 38 5e 00 00 00 00 00 00 00 00 00 00 00 00 00 
W/bt-smp  ( 5365): Encrypted text(LSB ~ MSB) = 08 55 4a f7 2a 1a 87 75 3a 0b 77 d5 75 e5 e0 d2 
W/bt-btm  ( 5365): Stopping oneshot timer
D/bt_vendor( 5365): op for 7
D/bt_upio ( 5365): BT_WAKE is asserted already
D/bt_vendor( 5365): op for 7
D/bt_upio ( 5365): BT_WAKE is asserted already
D/bt_vendor( 5365): op for 7
D/bt_upio ( 5365): BT_WAKE is asserted already
D/BluetoothManagerService( 4122): Stored Bluetooth name: SM-G900H
D/bt_vendor( 5365): op for 7
D/bt_upio ( 5365): BT_WAKE is asserted already
W/bt-smp  ( 5365): Key(LSB ~ MSB) = 28 f0 a7 f1 5b b0 16 50 45 78 b7 f9 02 16 25 79 
W/bt-smp  ( 5365): Plain text(LSB ~ MSB) = 21 c8 69 00 00 00 00 00 00 00 00 00 00 00 00 00 
W/bt-smp  ( 5365): Encrypted text(LSB ~ MSB) = 6c 13 4a bf 6d 6a 3a 97 9d 03 d3 f0 5a 9a ae e3 
W/bt-btm  ( 5365): Stopping oneshot timer
D/bt_vendor( 5365): op for 7
D/bt_upio ( 5365): BT_WAKE is asserted already
D/bt_vendor( 5365): op for 7
D/bt_upio ( 5365): BT_WAKE is asserted already
D/bt_vendor( 5365): op for 7
D/bt_upio ( 5365): BT_WAKE is asserted already
W/bt-smp  ( 5365): Key(LSB ~ MSB) = 28 f0 a7 f1 5b b0 16 50 45 78 b7 f9 02 16 25 79 
W/bt-smp  ( 5365): Plain text(LSB ~ MSB) = 4c d3 40 00 00 00 00 00 00 00 00 00 00 00 00 00 
W/bt-smp  ( 5365): Encrypted text(LSB ~ MSB) = 4e 66 99 21 4b 5e f5 76 c5 ca 88 04 9c 06 8a ea 
W/bt-btm  ( 5365): Stopping oneshot timer
D/bt_vendor( 5365): op for 7
I/Telephony( 4985): TtyManager: updateUiTtyMode -1 -> 0
D/bt_upio ( 5365): BT_WAKE is asserted already
D/bt_vendor( 5365): op for 7
D/bt_upio ( 5365): BT_WAKE is asserted already
D/bt_vendor( 5365): op for 7
D/bt_upio ( 5365): BT_WAKE is asserted already
D/bt_vendor( 5365): op for 7
D/bt_upio ( 5365): BT_WAKE is asserted already
W/bt-smp  ( 5365): Key(LSB ~ MSB) = 28 f0 a7 f1 5b b0 16 50 45 78 b7 f9 02 16 25 79 
W/bt-smp  ( 5365): Plain text(LSB ~ MSB) = 13 d4 5d 00 00 00 00 00 00 00 00 00 00 00 00 00 
W/bt-smp  ( 5365): Encrypted text(LSB ~ MSB) = 0c aa a5 a8 74 ff 1c 64 d1 df 2c ed 3b da 69 b1 
W/bt-btm  ( 5365): Stopping oneshot timer
D/bt_vendor( 5365): op for 7
D/bt_upio ( 5365): BT_WAKE is asserted already
D/bt_vendor( 5365): op for 7
D/bt_upio ( 5365): BT_WAKE is asserted already
D/bt_vendor( 5365): op for 7
D/bt_upio ( 5365): BT_WAKE is asserted already
D/BluetoothManagerService( 4122): Stored Bluetoothaddress: 14:B4:84:6F:66:79
D/bt_vendor( 5365): op for 7
D/bt_upio ( 5365): BT_WAKE is asserted already
D/bt_vendor( 5365): op for 7
D/ConnectivityService( 4122): Got NetworkFactory Messenger for WIFI
D/bt_upio ( 5365): BT_WAKE is asserted already
D/WIFI    ( 4122): got request NetworkRequest [ id=1, legacyType=-1, [ Capabilities: INTERNET&NOT_RESTRICTED&TRUSTED&NOT_VPN] ] with score 0
D/bt_vendor( 5365): op for 7
D/bt_upio ( 5365): BT_WAKE is asserted already
D/bt_vendor( 5365): op for 7
D/bt_upio ( 5365): BT_WAKE is asserted already
D/bt_vendor( 5365): op for 7
D/bt_upio ( 5365): BT_WAKE is asserted already
D/bt_vendor( 5365): op for 7
D/bt_upio ( 5365): BT_WAKE is asserted already
D/bt_vendor( 5365): op for 7
D/bt_upio ( 5365): BT_WAKE is asserted already
D/BluetoothAdapterState( 5365): CURRENT_STATE=ON, MESSAGE = USER_TURN_OFF
D/BluetoothAdapterProperties( 5365): Setting state to 13
I/BluetoothAdapterState( 5365): Bluetooth adapter state changed: 12-> 13
D/BluetoothAdapterProperties( 5365): onBluetoothDisable()
I/BluetoothAdapterState( 5365): Entering PendingCommandState State: isTurningOn()=false, isTurningOff()=true
D/bt_vendor( 5365): op for 7
D/bt_upio ( 5365): BT_WAKE is asserted already
D/bt_vendor( 5365): op for 7
D/bt_upio ( 5365): BT_WAKE is asserted already
D/bt_vendor( 5365): op for 7
D/bt_upio ( 5365): BT_WAKE is asserted already
E/cutils  ( 5537): Failed to mkdir(/mnt/shell/emulated/0): Read-only file system
W/Zygote  ( 5537): Failed to mount emulated storage: 30
I/ActivityManager( 4122): Start proc com.android.calendar for broadcast com.android.calendar/.UpgradeReceiver: pid=5537 uid=10026 gids={50026, 9997, 1028, 1015, 3003} abi=armeabi-v7a
D/KeyguardUpdateMonitor( 4545): ACTION_SERVICE_STATE_CHANGED on sub: -1 mServiceState: 1 1 home null null null  Unknown Unknown CSS not supported -1 -1 RoamInd=-1 DefRoamInd=-1 EmergOnly=false
D/TelephonyNetworkFactory-1( 4985): got request NetworkRequest [ id=1, legacyType=-1, [ Capabilities: INTERNET&NOT_RESTRICTED&TRUSTED&NOT_VPN] ] with score 0
D/TelephonyDebugService( 4985): TelephonyDebugService()
W/Resources( 5537): Converting to string: TypedValue{t=0x10/d=0xfffffffe a=-1}
D/WifiService( 4122): New client listening to asynchronous messages
D/BluetoothHeadset( 4985): Proxy object connected
D/ExtensionsFactory( 5537): No custom extensions.
D/Telephony( 4985): TtyManager: setTTYMode exception: com.android.internal.telephony.CommandException: RADIO_NOT_AVAILABLE
V/OtaStartupReceiver( 4985): onOtaspChanged: mOtaspMode=1
D/GpsLocationProvider( 4122): received SIM realted action: android.intent.action.ACTION_SUBINFO_RECORD_UPDATED
D/GpsLocationProvider( 4122): SIM MCC/MNC is still not available
I/HeadsetService( 5053): Starting service.
D/Telephony( 4985): TtyManager: queryTTYMode exception: com.android.internal.telephony.CommandException: RADIO_NOT_AVAILABLE
I/Telephony( 4985): : SUBINFO_RECORD_UPDATED : 4.
D/Telephony( 4985): TelecomAccountRegistry: Found 1 phones.  Attempting to register.
D/Telephony( 4985): TelecomAccountRegistry: Phone with subscription id -1
E/PhoneInterfaceManager( 4985): [PhoneIntfMgr] getIccId: No UICC
D/Telephony( 4985): AccountEntry: Registered phoneAccount: android.telecom.PhoneAccount@398f76f0 with handle: ComponentInfo{com.android.phone/com.android.services.telephony.TelephonyConnectionService}, E
I/Telephony( 4985): PstnIncomingCallNotifier: Registering: Handler (com.android.internal.telephony.gsm.GSMPhone) {3d2973a7}
E/cutils  ( 5565): Failed to mkdir(/mnt/shell/emulated/0): Read-only file system
W/Zygote  ( 5565): Failed to mount emulated storage: 30
I/ActivityManager( 4122): Start proc com.cyanogenmod.account for broadcast com.cyanogenmod.account/.receiver.BootReceiver: pid=5565 uid=10002 gids={50002, 9997, 3003} abi=armeabi-v7a
D/Telephony( 4985): PstnPhoneCapabilitiesNotifier: Registering: Handler (com.android.internal.telephony.gsm.GSMPhone) {3d2973a7}
D/CallNotifier( 4985): onReceive... 
D/TelephonyNetworkFactory-1( 4985): update networkCapabilites for subId = -1
D/TelephonyNetworkFactory-1( 4985): INTERNET capability is removed from subId = -1
D/TelephonyNetworkFactory-1( 4985): Ready to handle network requests
I/MmsService( 4985): mReceiver action: android.intent.action.ACTION_SUBINFO_RECORD_UPDATED
I/MmsService( 4985): MmsConfigManager.loadInBackground(): mcc/mnc: 0/0
E/MmsService( 4985): MmsConfigManager.load -- empty getActiveSubInfoList
W/EffectsFactory( 3697): loadLibrary() failed to open /vendor/lib/liblvverx_3.20.03.so
W/EffectsFactory( 3697): loadLibrary() failed to open /vendor/lib/liblvvetx_3.20.03.so
D/Telephony( 4985): PstnPhoneCapabilitiesNotifier: handleVideoCapabilitesChanged. Video capability - false
D/Telephony( 4985): PstnPhoneCapabilitiesNotifier: handleVideoCapabilitesChanged. Exception=java.lang.NullPointerException: Attempt to invoke virtual method 'int android.telecom.PhoneAccount.getCapabilities()' on a null object reference
W/linker  ( 3697): lib_SoundAlive_play_ver125e.so has text relocations. This is wasting memory and prevents security hardening. Please fix.
W/EffectsFactory( 3697): loadEffect() could not get library pre_processing
W/EffectsFactory( 3697): loadEffect() could not get library pre_processing
W/EffectsFactory( 3697): loadEffect() could not get library pre_processing
W/EffectsFactory( 3697): loadEffect() could not get library output_processing
W/EffectsFactory( 3697): loadEffect() could not get library output_processing
E/AudioFlinger( 3697): createEffect() unknown output thread
E/AudioEffect( 5053): set(): AudioFlinger could not create effect, status: -22
E/AudioEffects-JNI( 5053): AudioEffect initCheck failed -4
E/AudioEffect-JAVA( 5053): Error code -4 when initializing AudioEffect.
E/HeadsetService( 5053): Effect type: 0bed4300-ddd6-11db-8f34-0002a5d5c51b not supported.
E/HeadsetService( 5053): java.lang.IllegalArgumentException: Effect type: 0bed4300-ddd6-11db-8f34-0002a5d5c51b not supported.
E/HeadsetService( 5053): 	at android.media.audiofx.AudioEffect.<init>(AudioEffect.java:404)
E/HeadsetService( 5053): 	at android.media.audiofx.Equalizer.<init>(Equalizer.java:139)
E/HeadsetService( 5053): 	at org.cyanogenmod.audiofx.HeadsetService$EffectSet.<init>(HeadsetService.java:87)
E/HeadsetService( 5053): 	at org.cyanogenmod.audiofx.HeadsetService.saveDefaults(HeadsetService.java:414)
E/HeadsetService( 5053): 	at org.cyanogenmod.audiofx.HeadsetService.onCreate(HeadsetService.java:331)
E/HeadsetService( 5053): 	at android.app.ActivityThread.handleCreateService(ActivityThread.java:2760)
E/HeadsetService( 5053): 	at android.app.ActivityThread.access$1900(ActivityThread.java:147)
E/HeadsetService( 5053): 	at android.app.ActivityThread$H.handleMessage(ActivityThread.java:1379)
E/HeadsetService( 5053): 	at android.os.Handler.dispatchMessage(Handler.java:102)
E/HeadsetService( 5053): 	at android.os.Looper.loop(Looper.java:135)
E/HeadsetService( 5053): 	at android.app.ActivityThread.main(ActivityThread.java:5254)
E/HeadsetService( 5053): 	at java.lang.reflect.Method.invoke(Native Method)
E/HeadsetService( 5053): 	at java.lang.reflect.Method.invoke(Method.java:372)
E/HeadsetService( 5053): 	at com.android.internal.os.ZygoteInit$MethodAndArgsCaller.run(ZygoteInit.java:898)
E/HeadsetService( 5053): 	at com.android.internal.os.ZygoteInit.main(ZygoteInit.java:693)
I/HeadsetService( 5053): Stopping service.
E/cutils  ( 5594): Failed to mkdir(/mnt/shell/emulated/0): Read-only file system
W/Zygote  ( 5594): Failed to mount emulated storage: 30
I/ActivityManager( 4122): Start proc com.cyanogenmod.updater for broadcast com.cyanogenmod.updater/.receiver.UpdateCheckReceiver: pid=5594 uid=10003 gids={50003, 9997, 3003, 1028, 1015, 2001} abi=armeabi-v7a
E/BluetoothAdapterService(574124791)( 5365): BT is not ON. Exiting autoConnect
I/UpdateCheckReceiver( 5594): Scheduling future, repeating update checks.
I/UpdateCheckService( 5594): Could not check for updates. Not connected to the network.
E/cutils  ( 5625): Failed to mkdir(/mnt/shell/emulated/0): Read-only file system
W/Zygote  ( 5625): Failed to mount emulated storage: 30
I/ActivityManager( 4122): Start proc com.android.providers.calendar for broadcast com.android.providers.calendar/.CalendarReceiver: pid=5625 uid=10004 gids={50004, 9997, 3003, 1028, 1015} abi=armeabi-v7a
W/ResourcesManager( 5625): Asset path '/system/framework/android.test.runner.jar' does not exist or contains no resources.
I/CalendarDatabaseHelper( 5625): Bootstrapping database
D/HeadsetStateMachine( 5365): Disconnected process message: 10, size: 0
I/CalendarProvider2( 5625): Created com.android.providers.calendar.CalendarAlarmManager@2d28cf91(com.android.providers.calendar.CalendarProvider2@4c4bef6)
