I/DisplayPowerController( 4135): Unblocked screen on after 270 ms
E/libEGL  ( 4135): call to OpenGL ES API with no current context (logged once per thread)
D/CellBroadcastReceiver( 5786): onReceive Intent { act=android.intent.action.ACTION_SUBINFO_RECORD_UPDATED flg=0x10 cmp=com.android.cellbroadcastreceiver/.CellBroadcastReceiver (has extras) }
D/AlertReceiver( 5676): onReceive: a=android.intent.action.PROVIDER_CHANGED Intent { act=android.intent.action.PROVIDER_CHANGED dat=content://com.android.calendar flg=0x10 cmp=com.android.calendar/.alerts.AlertReceiver }
V/Mms     ( 5560): onStart: #1 resultCode: -1 = Activity.RESULT_OK
D/AlertService( 5676): 0 Action = android.intent.action.PROVIDER_CHANGED
D/PhoneStatusBar( 4314): disable: < expand ICONS alerts SYSTEM_INFO back HOME RECENT clock SEARCH >
W/AudioPolicyManager( 3690): getOutput() could not find output for stream 1, samplingRate 0,format 0, channels 3, flags 0
W/AudioPolicyManager( 3690): getOutput() could not find output for stream 1, samplingRate 0,format 0, channels 3, flags 0
W/AudioPolicyManager( 3690): getOutput() could not find output for stream 1, samplingRate 44100,format 1, channels 3, flags 4
E/AudioTrack( 4314): Could not get audio output for stream type 1, usage 13, sample rate 44100, format 0x1, channel mask 0x3, flags 0x4
E/SoundPool( 4314): Error creating AudioTrack
D/PhoneStatusBar( 4314): disable: < expand icons* alerts system_info* back HOME RECENT clock SEARCH >
D/Launcher.Model( 4822): 11683562 - loadWorkspace()
D/Launcher.Model( 4822): 11683562 -   loadedOldDb: false
I/ActivityManager( 4135): Start proc eu.chainfire.supersu for broadcast eu.chainfire.supersu/.UserPresentReceiver: pid=5845 uid=10058 gids={50058, 9997} abi=armeabi-v7a
I/Timeline( 4822): Timeline: Activity_idle id: android.os.BinderProxy@775633e time:24465
D/PhoneStatusBar( 4314): disable: < expand icons alerts system_info back home* recent* clock search* >
D/Launcher.Model( 4822): 11683562 - loadWorkspaceScreensDb()
D/Launcher.Model( 4822): 11683562 -   screens: { 0: 1 }, { 1: 2 }
D/Launcher.Model( 4822): 11683562 -   sBgWorkspaceScreens: 1, 2
D/Launcher( 4822): 11683562 - bindAddScreens()
D/Launcher( 4822): 11683562 -   orderedScreenIds: 1, 2
D/Launcher.Workspace( 4822): 11683562 - insertNewWorkspaceScreen(): 1 at index: 0
D/Launcher.Workspace( 4822): 11683562 - insertNewWorkspaceScreen(): 2 at index: 1
I/ActivityManager( 4135): Killing 5398:com.cyanogenmod.updater/u0a3 (adj 15): empty #17
W/art     ( 4135): Long monitor contention event with owner method=void com.android.server.am.BroadcastQueue.processNextBroadcast(boolean) from BroadcastQueue.java:553 waiters=0 for 108ms
W/libprocessgroup( 4135): failed to open /acct/uid_10003/pid_5398/cgroup.procs: No such file or directory
D/android.widget.GridLayout( 4822): vertical constraints: y3-y0>=396, y3-y0<=372, y3-y2<=156, y2-y1<=3 are inconsistent; permanently removing: y3-y0<=372. 
D/Launcher.Workspace( 4822): 11683562 - stripEmptyScreens()
E/SQLiteLog( 5448): (284) automatic index on view_events(_id)
W/WindowManager( 4135): App freeze timeout expired.
E/WhisperPush( 5762): GcmRecurringRegistration
E/WhisperPush( 5762): java.io.IOException: SERVICE_NOT_AVAILABLE
E/WhisperPush( 5762): 	at com.google.android.gms.gcm.GoogleCloudMessaging.register(Unknown Source)
E/WhisperPush( 5762): 	at org.whispersystems.whisperpush.gcm.GcmHelper.getRegistrationId(GcmHelper.java:65)
E/WhisperPush( 5762): 	at org.whispersystems.whisperpush.WhisperPush$1.doInBackground(WhisperPush.java:52)
E/WhisperPush( 5762): 	at org.whispersystems.whisperpush.WhisperPush$1.doInBackground(WhisperPush.java:48)
E/WhisperPush( 5762): 	at android.os.AsyncTask$2.call(AsyncTask.java:288)
E/WhisperPush( 5762): 	at java.util.concurrent.FutureTask.run(FutureTask.java:237)
E/WhisperPush( 5762): 	at android.os.AsyncTask$SerialExecutor$1.run(AsyncTask.java:231)
E/WhisperPush( 5762): 	at java.util.concurrent.ThreadPoolExecutor.runWorker(ThreadPoolExecutor.java:1112)
E/WhisperPush( 5762): 	at java.util.concurrent.ThreadPoolExecutor$Worker.run(ThreadPoolExecutor.java:587)
E/WhisperPush( 5762): 	at java.lang.Thread.run(Thread.java:818)
I/GlobalDismissManager( 5676): no sender configured
D/AlertService( 5676): Beginning updateAlertNotification
D/AlertService( 5676): No fired or scheduled alerts
D/AlertService( 5676): Scheduling next alarm with AlarmScheduler. sEventReminderReceived: null
D/AlarmScheduler( 5676): No events found starting within 1 week.
D/PhoneStatusBar( 4314): disable: < expand ICONS* alerts SYSTEM_INFO* back home recent clock search >
I/art     ( 4135): Explicit concurrent mark sweep GC freed 18871(1866KB) AllocSpace objects, 29(1516KB) LOS objects, 33% free, 22MB/33MB, paused 1.680ms total 44.049ms
D/BackupManagerService( 4135): Received broadcast Intent { act=android.intent.action.PACKAGE_CHANGED dat=package:com.android.stk flg=0x4000010 (has extras) }
I/InputReader( 4135): Reconfiguring input devices.  changes=0x00000020
W/Searchables( 4135): No global search activity found
W/Launcher( 4822): setApplicationContext called twice! old=com.android.launcher3.LauncherApplication@39e1aeef new=com.android.launcher3.LauncherApplication@39e1aeef
W/AudioPolicyManager( 3690): getOutput() could not find output for stream 1, samplingRate 0,format 0, channels 3, flags 0
W/AudioPolicyManager( 3690): getOutput() could not find output for stream 1, samplingRate 0,format 0, channels 3, flags 0
W/AudioPolicyManager( 3690): getOutput() could not find output for stream 1, samplingRate 48000,format 1, channels 3, flags 4
E/AudioTrack( 4135): Could not get audio output for stream type 1, usage 13, sample rate 48000, format 0x1, channel mask 0x3, flags 0x4
E/SoundPool( 4135): Error creating AudioTrack
D/HeadsetStateMachine( 5103): Disconnected process message: 10, size: 0
W/AudioPolicyManager( 3690): getOutput() could not find output for stream 1, samplingRate 0,format 0, channels 3, flags 0
W/AudioPolicyManager( 3690): getOutput() could not find output for stream 1, samplingRate 0,format 0, channels 3, flags 0
W/AudioPolicyManager( 3690): getOutput() could not find output for stream 1, samplingRate 48000,format 1, channels 3, flags 4
E/AudioTrack( 4135): Could not get audio output for stream type 1, usage 13, sample rate 48000, format 0x1, channel mask 0x3, flags 0x4
E/SoundPool( 4135): Error creating AudioTrack
I/ActivityManager( 4135): START u0 {flg=0x14000000 cmp=com.android.settings/.Settings$DataUsageSummaryActivity} from uid 10016 on display 0
D/OpenGLRenderer( 5072): Render dirty regions requested: true
D/Atlas   ( 5072): Validating map...
I/        ( 5072): PLATFORM VERSION : JB-MR-2
I/OpenGLRenderer( 5072): Initialized EGL, version 1.4
D/OpenGLRenderer( 5072): Enabling debug mode 0
W/OpenGLRenderer( 4314): Incorrectly called buildLayer on View: LinearLayout, destroying layer...
I/ActivityManager( 4135): Displayed com.android.settings/.Settings$DataUsageSummaryActivity: +511ms
D/PhoneStatusBar( 4314): disable: < expand icons* alerts system_info* back home recent clock search >
I/Timeline( 5072): Timeline: Activity_idle id: android.os.BinderProxy@2c602a74 time:36236
I/Timeline( 4135): Timeline: Activity_windows_visible id: ActivityRecord{328ba1bf u0 com.android.settings/.Settings$DataUsageSummaryActivity t7} time:36498
I/ActivityManager( 4135): Waited long enough for: ServiceRecord{36440634 u0 com.android.calendar/.alerts.InitAlarmsService}
W/AudioPolicyManager( 3690): getOutput() could not find output for stream 1, samplingRate 0,format 0, channels 3, flags 0
W/AudioPolicyManager( 3690): getOutput() could not find output for stream 1, samplingRate 0,format 0, channels 3, flags 0
W/AudioPolicyManager( 3690): getOutput() could not find output for stream 1, samplingRate 48000,format 1, channels 3, flags 4
E/AudioTrack( 4135): Could not get audio output for stream type 1, usage 13, sample rate 48000, format 0x1, channel mask 0x3, flags 0x4
E/SoundPool( 4135): Error creating AudioTrack
W/AudioPolicyManager( 3690): getOutput() could not find output for stream 1, samplingRate 0,format 0, channels 3, flags 0
W/AudioPolicyManager( 3690): getOutput() could not find output for stream 1, samplingRate 0,format 0, channels 3, flags 0
W/AudioPolicyManager( 3690): getOutput() could not find output for stream 1, samplingRate 48000,format 1, channels 3, flags 4
E/AudioTrack( 4135): Could not get audio output for stream type 1, usage 13, sample rate 48000, format 0x1, channel mask 0x3, flags 0x4
E/SoundPool( 4135): Error creating AudioTrack
I/Timeline( 5072): Timeline: Activity_launch_request id:com.android.phone time:39707
I/ActivityManager( 4135): START u0 {act=android.intent.action.MAIN cmp=com.android.phone/.MobileNetworkSettings} from uid 1000 on display 0
D/NetworkSettings( 4800): Settings onCreate phoneId =0
D/GsmUmtsOptions( 4800): GsmUmtsOptions onCreate, phoneId = 0
D/GsmUmtsOptions( 4800): Not a CDMA phone
D/GsmUmtsOptions( 4800): updateOperatorSelectionVisibility. mPhone = GSM
D/NetworkSettings( 4800): settingsNetworkMode: 0
D/OpenGLRenderer( 4800): Render dirty regions requested: true
D/Atlas   ( 4800): Validating map...
I/        ( 4800): PLATFORM VERSION : JB-MR-2
I/OpenGLRenderer( 4800): Initialized EGL, version 1.4
D/OpenGLRenderer( 4800): Enabling debug mode 0
I/ActivityManager( 4135): Displayed com.android.phone/.MobileNetworkSettings: +276ms
I/Timeline( 4800): Timeline: Activity_idle id: android.os.BinderProxy@3eb0c86c time:40025
I/Timeline( 4135): Timeline: Activity_windows_visible id: ActivityRecord{6d8a16 u0 com.android.phone/.MobileNetworkSettings t7} time:40377
D/GsmUmtsOptions( 4800): preferenceTreeClick: return false
I/Timeline( 4800): Timeline: Activity_launch_request id:com.android.phone time:42616
W/AudioPolicyManager( 3690): getOutput() could not find output for stream 1, samplingRate 0,format 0, channels 3, flags 0
W/AudioPolicyManager( 3690): getOutput() could not find output for stream 1, samplingRate 0,format 0, channels 3, flags 0
I/ActivityManager( 4135): START u0 {act=android.intent.action.MAIN cmp=com.android.phone/.NetworkSetting (has extras)} from uid 1001 on display 0
W/AudioPolicyManager( 3690): getOutput() could not find output for stream 1, samplingRate 48000,format 1, channels 3, flags 4
E/AudioTrack( 4135): Could not get audio output for stream type 1, usage 13, sample rate 48000, format 0x1, channel mask 0x3, flags 0x4
E/SoundPool( 4135): Error creating AudioTrack
D/phone   ( 4800): [NetworksList] onCreate subId :1
D/phone   ( 4800): [NetworkSettingDataManager]  Create NetworkSettingDataManager
I/art     ( 4800): Explicit concurrent mark sweep GC freed 58092(5MB) AllocSpace objects, 9(205KB) LOS objects, 39% free, 18MB/30MB, paused 1.997ms total 66.239ms
D/NetworkQuery( 4800): onStart phoneId :0
I/ActivityManager( 4135): Displayed com.android.phone/.NetworkSetting: +244ms
D/phone   ( 4800): [NetworksList] EVENT_NETWORK_DATA_MANAGER_DONE: 1
D/OpenGLRenderer( 4800): endAllStagingAnimators on 0x9e51ec00 (ListView) with handle 0xb3d17c00
I/Timeline( 4800): Timeline: Activity_idle id: android.os.BinderProxy@10fb9cb time:43077
I/Timeline( 4135): Timeline: Activity_windows_visible id: ActivityRecord{1cfaa4c6 u0 com.android.phone/.NetworkSetting t7} time:43265
D/InitAlarmsService( 5676): Clearing and rescheduling alarms.
D/MccTable( 4800): updateMccMncConfiguration mccmnc='72234' fromServiceState=true
D/MccTable( 4800): updateMccMncConfiguration defaultMccMnc=72234
D/MccTable( 4800): updateMccMncConfiguration: mcc=722, mnc=34
D/MccTable( 4800): getLocaleFromMcc to null_ar mcc=722
D/MccTable( 4800): getLocaleForLanguageCountry: skipping no language
D/MccTable( 4800): WIFI_COUNTRY_CODE set to ar
I/WifiService( 4135): WifiService trying to set country code to ar with persist set to true
D/AlarmManagerService( 4135): Kernel timezone updated to 180 minutes west of GMT
D/AlarmManagerService( 4135): Kernel timezone updated to 180 minutes west of GMT
D/CellBroadcastReceiver( 5786): onReceive Intent { act=android.intent.action.SERVICE_STATE flg=0x10 cmp=com.android.cellbroadcastreceiver/.CellBroadcastReceiver (has extras) }
D/CellBroadcastReceiver( 5786): Intent ACTION_SERVICE_STATE_CHANGED
D/NetworkSettings( 4800): handleGetPreferredNetworkTypeResponse: modemNetworkMode = 0
D/NetworkSettings( 4800): handleGetPreferredNetworkTypeReponse: settingsNetworkMode = 0
D/CellBroadcastReceiver( 5786): Service state changed! 0 Full: 0 0 home PERSONAL AR TP 72234  UMTS UMTS CSS not supported -1 -1 RoamInd=-1 DefRoamInd=-1 EmergOnly=false Current state=-1
D/NetworkSettings( 4800): handleGetPreferredNetworkTypeResponse: if 1: modemNetworkMode = 0
D/KeyguardUpdateMonitor( 4314): ACTION_SERVICE_STATE_CHANGED on sub: 1 mServiceState: 0 0 home PERSONAL AR TP 72234  UMTS UMTS CSS not supported -1 -1 RoamInd=-1 DefRoamInd=-1 EmergOnly=false
I/Telephony( 4800): PstnIncomingCallNotifier: Unregistering: Handler (com.android.internal.telephony.gsm.GSMPhone) {775633e}
D/Telephony( 4800): PstnPhoneCapabilitiesNotifier: Unregistering: Handler (com.android.internal.telephony.gsm.GSMPhone) {775633e}
D/Telephony( 4800): TelecomAccountRegistry: Found 1 phones.  Attempting to register.
D/Telephony( 4800): TelecomAccountRegistry: Phone with subscription id 1
D/CellBroadcastConfigService( 5786): enabling emergency cell broadcast channels
D/Telephony( 4800): AccountEntry: Registered phoneAccount: android.telecom.PhoneAccount@18625e4c with handle: ComponentInfo{com.android.phone/com.android.services.telephony.TelephonyConnectionService}, 1
I/Telephony( 4800): PstnIncomingCallNotifier: Registering: Handler (com.android.internal.telephony.gsm.GSMPhone) {775633e}
D/Telephony( 4800): PstnPhoneCapabilitiesNotifier: Registering: Handler (com.android.internal.telephony.gsm.GSMPhone) {775633e}
D/TelephonyProvider( 4800): subIdString = 1 subId = 1
D/TelephonyProvider( 4800): Preferred APN: -1
D/DcSwitchState( 4800): [DcSwitchState-0] IdleState: REQ_CONNECT/EVENT_CONNECT(278528) type=default
D/DcSwitchState( 4800): [DcSwitchState-0] Setting default DDS on 1 primary Sub featurefalse
D/DcSwitchState( 4800): [DcSwitchState-0] DcSwitchState:setupConnection type = default
D/DcSwitchAsyncChannel( 4800): [DcSwitchAsyncChannel-0]: rspConnect=1
D/Telephony( 4800): PstnPhoneCapabilitiesNotifier: handleVideoCapabilitesChanged. Video capability - false
D/TelephonyProvider( 4800): subIdString = 1 subId = 1
D/TelephonyProvider( 4800): Preferred APN: -1
D/CellBroadcastConfigService( 5786): enabled emergency cell broadcast channels
D/CellBroadcastConfigService( 5786): disabling cell broadcast channel 50
D/IccSmsInterfaceManager( 4800): [IccSmsInterfaceManager] Failed to remove cell broadcast subscription for MID range 50 to 50 from client com.android.cellbroadcastreceiver
D/CellBroadcastConfigService( 5786): disabling channels 919-928
D/IccSmsInterfaceManager( 4800): [IccSmsInterfaceManager] Failed to remove cell broadcast subscription for MID range 919 to 928 from client com.android.cellbroadcastreceiver
D/CellBroadcastConfigService( 5786): disabling cell broadcast ETWS test messages
D/IccSmsInterfaceManager( 4800): [IccSmsInterfaceManager] Failed to remove cell broadcast subscription for MID range 4355 to 4355 from client com.android.cellbroadcastreceiver
D/CellBroadcastConfigService( 5786): disabling cell broadcast CMAS test messages
D/IccSmsInterfaceManager( 4800): [IccSmsInterfaceManager] Failed to remove cell broadcast subscription for MID range 4380 to 4382 from client com.android.cellbroadcastreceiver
D/HeadsetStateMachine( 5103): Disconnected process message: 10, size: 0
D/TelephonyNetworkFactory1( 4800): update networkCapabilites for subId = 1
D/TelephonyNetworkFactory1( 4800): INTERNET capability is with subId = 1
D/TelephonyNetworkFactory1( 4800): Ready to handle network requests
W/InputMethodManagerService( 4135): Window already focused, ignoring focus gain of: com.android.internal.view.IInputMethodClient$Stub$Proxy@14f4e08b attribute=null, token = android.os.BinderProxy@2c10ab20
V/RenderScript( 4800): Application requested CPU execution
V/RenderScript( 4800): 0xad81f600 Launching thread(s), CPUs 8
D/TelephonyProvider( 4800): subIdString = 1 subId = 1
D/TelephonyProvider( 4800): subIdString = 1 subId = 1
D/ConnectivityService( 4135): setProvNotificationVisible: E visible=false networkType=0 action=com.android.internal.telephony.PROVISION0
D/ConnectivityService( 4135): setProvNotificationVisibleIntent: E visible=false networkType=0 extraInfo=null
D/ConnectivityService( 4135): registerNetworkAgent NetworkAgentInfo{ ni{[type: MOBILE[UMTS], state: CONNECTED/CONNECTED, reason: connected, extra: datos.personal.com, roaming: false, failover: false, isAvailable: true, isConnectedToProvisioningNetwork: false]}  network{null}  lp{{InterfaceName: rmnet0 LinkAddresses: [100.70.204.54/32,]  Routes: [0.0.0.0/0 -> 100.70.204.54 rmnet0,] DnsAddresses: [190.136.29.10,200.43.139.38,] Domains: null MTU: 1500 TcpBufferSizes: 4094,87380,110208,4096,16384,110208}}  nc{[ Transports: CELLULAR Capabilities: SUPL&INTERNET&NOT_RESTRICTED&TRUSTED&NOT_VPN LinkUpBandwidth>=384Kbps LinkDnBandwidth>=384Kbps Specifier: <1>]}  Score{10} validated{false} created{false} explicitlySelected{false} }
D/ConnectivityService( 4135): NetworkAgentInfo [MOBILE (UMTS) - 100] EVENT_NETWORK_INFO_CHANGED, going from null to CONNECTED
E/Netd    ( 3683): invalid netId 100
E/ConnectivityService( 4135): Error creating network 100: command '20 network create 100' failed with '400 20 createPhysicalNetwork() failed (Invalid argument)'
W/AudioPolicyManager( 3690): getOutput() could not find output for stream 1, samplingRate 0,format 0, channels 3, flags 0
W/AudioPolicyManager( 3690): getOutput() could not find output for stream 1, samplingRate 0,format 0, channels 3, flags 0
W/AudioPolicyManager( 3690): getOutput() could not find output for stream 1, samplingRate 48000,format 1, channels 3, flags 4
E/AudioTrack( 4135): Could not get audio output for stream type 1, usage 13, sample rate 48000, format 0x1, channel mask 0x3, flags 0x4
E/SoundPool( 4135): Error creating AudioTrack
I/NotificationService( 4135): cancelToast pkg=com.android.phone callback=android.app.ITransientNotification$Stub$Proxy@131945f3
W/NotificationService( 4135): Toast already cancelled. pkg=com.android.phone callback=android.app.ITransientNotification$Stub$Proxy@131945f3
W/InputMethodManagerService( 4135): Window already focused, ignoring focus gain of: com.android.internal.view.IInputMethodClient$Stub$Proxy@220502b0 attribute=null, token = android.os.BinderProxy@2c10ab20
I/ActivityManager( 4135): START u0 {act=android.intent.action.MAIN cat=[android.intent.category.HOME] flg=0x10200000 cmp=com.cyanogenmod.trebuchet/com.android.launcher3.Launcher} from uid 1000 on display 0
I/Timeline( 4822): Timeline: Activity_idle id: android.os.BinderProxy@775633e time:90085
I/Timeline( 4135): Timeline: Activity_windows_visible id: ActivityRecord{8410156 u0 com.cyanogenmod.trebuchet/com.android.launcher3.Launcher t6} time:90351
W/OpenGLRenderer( 4822): Incorrectly called buildLayer on View: ShortcutAndWidgetContainer, destroying layer...
W/OpenGLRenderer( 4822): Incorrectly called buildLayer on View: ShortcutAndWidgetContainer, destroying layer...
D/HeadsetStateMachine( 5103): Disconnected process message: 10, size: 0
W/AudioPolicyManager( 3690): getOutput() could not find output for stream 1, samplingRate 0,format 0, channels 3, flags 0
W/AudioPolicyManager( 3690): getOutput() could not find output for stream 1, samplingRate 0,format 0, channels 3, flags 0
W/AudioPolicyManager( 3690): getOutput() could not find output for stream 1, samplingRate 48000,format 1, channels 3, flags 4
E/AudioTrack( 4135): Could not get audio output for stream type 1, usage 13, sample rate 48000, format 0x1, channel mask 0x3, flags 0x4
E/SoundPool( 4135): Error creating AudioTrack
I/Timeline( 4822): Timeline: Activity_launch_request id:com.android.mms time:93649
I/ActivityManager( 4135): START u0 {act=android.intent.action.MAIN cat=[android.intent.category.LAUNCHER] flg=0x10200000 cmp=com.android.mms/.ui.ConversationList bnds=[253,1697][454,1937] (has extras)} from uid 10018 on display 0
E/ActionBarOverlayLayout( 5560): Requested split action bar with incompatible window decor! Ignoring request.
D/Mms     ( 5560): cancelNotification
D/OpenGLRenderer( 5560): Render dirty regions requested: true
D/Atlas   ( 5560): Validating map...
E/SQLiteLog( 4800): (284) automatic index on pending_msgs(msg_id)
D/Mms     ( 5560): cancelNotification
I/        ( 5560): PLATFORM VERSION : JB-MR-2
I/OpenGLRenderer( 5560): Initialized EGL, version 1.4
D/Mms     ( 5560): cancelNotification
D/OpenGLRenderer( 5560): Enabling debug mode 0
D/Mms     ( 5560): [1] mDeleteObsoleteThreadsRunnable calling asyncDeleteObsoleteThreads
I/ActivityManager( 4135): Displayed com.android.mms/.ui.ConversationList: +492ms
D/Mms     ( 5560): cancelNotification
D/Mms     ( 5560): [1] onQueryComplete finished DELETE_OBSOLETE_THREADS_TOKEN
I/Timeline( 4135): Timeline: Activity_windows_visible id: ActivityRecord{26334874 u0 com.android.mms/.ui.ConversationList t8} time:94208
I/Timeline( 5560): Timeline: Activity_idle id: android.os.BinderProxy@3be0bbf time:94213
W/AudioPolicyManager( 3690): getOutput() could not find output for stream 1, samplingRate 0,format 0, channels 3, flags 0
W/AudioPolicyManager( 3690): getOutput() could not find output for stream 1, samplingRate 0,format 0, channels 3, flags 0
W/AudioPolicyManager( 3690): getOutput() could not find output for stream 1, samplingRate 48000,format 1, channels 3, flags 4
E/AudioTrack( 4135): Could not get audio output for stream type 1, usage 13, sample rate 48000, format 0x1, channel mask 0x3, flags 0x4
E/SoundPool( 4135): Error creating AudioTrack
I/System.out( 5560): URI content://mms-sms/conversations/type
I/Timeline( 5560): Timeline: Activity_launch_request id:com.android.mms time:97082
I/ActivityManager( 4135): START u0 {cmp=com.android.mms/.ui.ComposeMessageActivity} from uid 10012 on display 0
D/Mms     ( 5560): [1] [initialize] savedInstanceState = null intent = Intent { cmp=com.android.mms/.ui.ComposeMessageActivity } mConversation = [] (tid 0)
D/Mms     ( 5560): [MsgUtils] isIccCardActivated subscription 5
D/Mms     ( 5560): [MsgUtils] isIccCardActivated subscription 5
D/Mms     ( 5560): cancelNotification
D/Mms     ( 5560): cancelNotification
D/Mms     ( 5560): [MsgUtils] isIccCardActivated subscription 5
D/Mms     ( 5560): [MsgUtils] isIccCardActivated subscription 5
D/Mms     ( 5560): cancelNotification
I/ActivityManager( 4135): Displayed com.android.mms/.ui.ComposeMessageActivity: +307ms
D/OpenGLRenderer( 5560): endAllStagingAnimators on 0xad20a300 (RippleDrawable) with handle 0xa07172e0
I/Timeline( 5560): Timeline: Activity_idle id: android.os.BinderProxy@3dd7dd76 time:97460
W/SubtypeLocaleUtils( 4514): KeyboardLayoutSet not found, use QWERTY: locale=en_AU extraValue=TrySuppressingImeSwitcher,AsciiCapable,SupportTouchPositionCorrection,EmojiCapable
W/SubtypeSwitcher( 4514): Can't find emoji subtype
W/SubtypeSwitcher( 4514): No input method subtype found; returning dummy subtype: android.view.inputmethod.InputMethodSubtype@d78b2ed0
D/Mms     ( 5560): [1] [startMsgListQuery] ##### startMsgListQuery: conversationUri is null, bail!
D/Mms     ( 5560): [1] [startMsgListQuery] ##### startMsgListQuery: conversationUri is null, bail!
W/ViewPager( 4514): Requested offscreen page limit 0 too small; defaulting to 1
I/LatinIME( 4514): Starting input. Cursor position = 0,0
D/Mms     ( 5560): [MsgUtils] isIccCardActivated subscription 5
D/Mms     ( 5560): [MsgUtils] isIccCardActivated subscription 5
I/Timeline( 4135): Timeline: Activity_windows_visible id: ActivityRecord{3043904b u0 com.android.mms/.ui.ComposeMessageActivity t8} time:97781
D/Mms     ( 5560): [MsgUtils] isIccCardActivated subscription 5
D/OpenGLRenderer( 4514): Render dirty regions requested: true
D/Atlas   ( 4514): Validating map...
I/        ( 4514): PLATFORM VERSION : JB-MR-2
I/OpenGLRenderer( 4514): Initialized EGL, version 1.4
D/OpenGLRenderer( 4514): Enabling debug mode 0
D/TelephonyNetworkFactory1( 4800): update networkCapabilites for subId = 1
D/TelephonyNetworkFactory1( 4800): INTERNET capability is with subId = 1
D/TelephonyNetworkFactory1( 4800): Ready to handle network requests
D/AlarmManagerService( 4135): Kernel timezone updated to 180 minutes west of GMT
D/CellBroadcastReceiver( 5786): onReceive Intent { act=android.intent.action.SERVICE_STATE flg=0x10 cmp=com.android.cellbroadcastreceiver/.CellBroadcastReceiver (has extras) }
D/CellBroadcastReceiver( 5786): Intent ACTION_SERVICE_STATE_CHANGED
D/CellBroadcastReceiver( 5786): Service state changed! 0 Full: 0 0 home PERSONAL AR TP 72234  UMTS HSPAP CSS not supported -1 -1 RoamInd=-1 DefRoamInd=-1 EmergOnly=false Current state=-1
D/ConnectivityService( 4135): notifyType CAP_CHANGED for NetworkAgentInfo [MOBILE (UMTS) - 100]
D/KeyguardUpdateMonitor( 4314): ACTION_SERVICE_STATE_CHANGED on sub: 1 mServiceState: 0 0 home PERSONAL AR TP 72234  UMTS HSPAP CSS not supported -1 -1 RoamInd=-1 DefRoamInd=-1 EmergOnly=false
D/CellBroadcastConfigService( 5786): enabling emergency cell broadcast channels
D/CellBroadcastConfigService( 5786): enabled emergency cell broadcast channels
D/CellBroadcastConfigService( 5786): disabling cell broadcast channel 50
D/IccSmsInterfaceManager( 4800): [IccSmsInterfaceManager] Failed to remove cell broadcast subscription for MID range 50 to 50 from client com.android.cellbroadcastreceiver
D/CellBroadcastConfigService( 5786): disabling channels 919-928
D/IccSmsInterfaceManager( 4800): [IccSmsInterfaceManager] Failed to remove cell broadcast subscription for MID range 919 to 928 from client com.android.cellbroadcastreceiver
D/CellBroadcastConfigService( 5786): disabling cell broadcast ETWS test messages
D/IccSmsInterfaceManager( 4800): [IccSmsInterfaceManager] Failed to remove cell broadcast subscription for MID range 4355 to 4355 from client com.android.cellbroadcastreceiver
D/CellBroadcastConfigService( 5786): disabling cell broadcast CMAS test messages
D/IccSmsInterfaceManager( 4800): [IccSmsInterfaceManager] Failed to remove cell broadcast subscription for MID range 4380 to 4382 from client com.android.cellbroadcastreceiver
D/AlarmManagerService( 4135): Kernel timezone updated to 180 minutes west of GMT
D/CellBroadcastReceiver( 5786): onReceive Intent { act=android.intent.action.SERVICE_STATE flg=0x10 cmp=com.android.cellbroadcastreceiver/.CellBroadcastReceiver (has extras) }
D/CellBroadcastReceiver( 5786): Intent ACTION_SERVICE_STATE_CHANGED
D/CellBroadcastReceiver( 5786): Service state changed! 0 Full: 0 0 home PERSONAL AR TP 72234  UMTS UMTS CSS not supported -1 -1 RoamInd=-1 DefRoamInd=-1 EmergOnly=false Current state=-1
D/ConnectivityService( 4135): notifyType CAP_CHANGED for NetworkAgentInfo [MOBILE (HSPA+) - 100]
D/KeyguardUpdateMonitor( 4314): ACTION_SERVICE_STATE_CHANGED on sub: 1 mServiceState: 0 0 home PERSONAL AR TP 72234  UMTS UMTS CSS not supported -1 -1 RoamInd=-1 DefRoamInd=-1 EmergOnly=false
D/CellBroadcastConfigService( 5786): enabling emergency cell broadcast channels
D/CellBroadcastConfigService( 5786): enabled emergency cell broadcast channels
D/CellBroadcastConfigService( 5786): disabling cell broadcast channel 50
D/IccSmsInterfaceManager( 4800): [IccSmsInterfaceManager] Failed to remove cell broadcast subscription for MID range 50 to 50 from client com.android.cellbroadcastreceiver
D/CellBroadcastConfigService( 5786): disabling channels 919-928
D/IccSmsInterfaceManager( 4800): [IccSmsInterfaceManager] Failed to remove cell broadcast subscription for MID range 919 to 928 from client com.android.cellbroadcastreceiver
D/CellBroadcastConfigService( 5786): disabling cell broadcast ETWS test messages
D/IccSmsInterfaceManager( 4800): [IccSmsInterfaceManager] Failed to remove cell broadcast subscription for MID range 4355 to 4355 from client com.android.cellbroadcastreceiver
D/CellBroadcastConfigService( 5786): disabling cell broadcast CMAS test messages
D/IccSmsInterfaceManager( 4800): [IccSmsInterfaceManager] Failed to remove cell broadcast subscription for MID range 4380 to 4382 from client com.android.cellbroadcastreceiver
D/HeadsetStateMachine( 5103): Disconnected process message: 10, size: 0
I/art     ( 4135): Explicit concurrent mark sweep GC freed 30211(2MB) AllocSpace objects, 36(992KB) LOS objects, 33% free, 25MB/38MB, paused 2.237ms total 61.955ms
D/PhoneStatusBar( 4314): disable: < expand ICONS* alerts SYSTEM_INFO* back home recent clock search >
D/PhoneStatusBar( 4314): disable: < expand icons* alerts system_info* back home recent clock search >
W/InputMethodManagerService( 4135): Window already focused, ignoring focus gain of: com.android.internal.view.IInputMethodClient$Stub$Proxy@35153c1e attribute=null, token = android.os.BinderProxy@267b6640
D/PhoneStatusBar( 4314): disable: < expand ICONS* alerts SYSTEM_INFO* back home recent clock search >
W/AudioPolicyManager( 3690): getOutput() could not find output for stream 1, samplingRate 0,format 0, channels 3, flags 0
W/AudioPolicyManager( 3690): getOutput() could not find output for stream 1, samplingRate 0,format 0, channels 3, flags 0
W/AudioPolicyManager( 3690): getOutput() could not find output for stream 1, samplingRate 48000,format 1, channels 3, flags 4
E/AudioTrack( 4135): Could not get audio output for stream type 1, usage 13, sample rate 48000, format 0x1, channel mask 0x3, flags 0x4
E/SoundPool( 4135): Error creating AudioTrack
W/InputMethodManagerService( 4135): Window already focused, ignoring focus gain of: com.android.internal.view.IInputMethodClient$Stub$Proxy@2a92a764 attribute=null, token = android.os.BinderProxy@267b6640
D/PhoneStatusBar( 4314): disable: < expand icons* alerts system_info* back home recent clock search >
W/OpenGLRenderer( 4314): Incorrectly called buildLayer on View: TextView, destroying layer...
W/OpenGLRenderer( 4314): Incorrectly called buildLayer on View: DismissViewImageButton, destroying layer...
V/ZoomGestureOverlayView( 5560): dispatchTouchEvent(MotionEvent { action=ACTION_DOWN, id[0]=0, x[0]=84.0, y[0]=137.0, toolType[0]=TOOL_TYPE_FINGER, buttonState=0, metaState=0, flags=0x0, edgeFlags=0x0, pointerCount=1, historySize=0, eventTime=152020, downTime=152020, deviceId=20, source=0x5002 })
V/ZoomGestureOverlayView( 5560): dispatchTouchEvent(MotionEvent { action=ACTION_MOVE, id[0]=0, x[0]=81.38225, y[0]=132.38225, toolType[0]=TOOL_TYPE_FINGER, buttonState=0, metaState=0, flags=0x0, edgeFlags=0x0, pointerCount=1, historySize=4, eventTime=152070, downTime=152020, deviceId=20, source=0x5002 })
V/ZoomGestureOverlayView( 5560): dispatchTouchEvent(MotionEvent { action=ACTION_MOVE, id[0]=0, x[0]=81.0, y[0]=130.86786, toolType[0]=TOOL_TYPE_FINGER, buttonState=0, metaState=0, flags=0x0, edgeFlags=0x0, pointerCount=1, historySize=2, eventTime=152087, downTime=152020, deviceId=20, source=0x5002 })
V/ZoomGestureOverlayView( 5560): dispatchTouchEvent(MotionEvent { action=ACTION_MOVE, id[0]=0, x[0]=81.0, y[0]=126.62482, toolType[0]=TOOL_TYPE_FINGER, buttonState=0, metaState=0, flags=0x0, edgeFlags=0x0, pointerCount=1, historySize=1, eventTime=152102, downTime=152020, deviceId=20, source=0x5002 })
V/ZoomGestureOverlayView( 5560): dispatchTouchEvent(MotionEvent { action=ACTION_MOVE, id[0]=0, x[0]=87.840034, y[0]=119.15997, toolType[0]=TOOL_TYPE_FINGER, buttonState=0, metaState=0, flags=0x0, edgeFlags=0x0, pointerCount=1, historySize=1, eventTime=152119, downTime=152020, deviceId=20, source=0x5002 })
V/ZoomGestureOverlayView( 5560): dispatchTouchEvent(MotionEvent { action=ACTION_MOVE, id[0]=0, x[0]=88.0, y[0]=119.0, toolType[0]=TOOL_TYPE_FINGER, buttonState=0, metaState=0, flags=0x0, edgeFlags=0x0, pointerCount=1, historySize=0, eventTime=152119, downTime=152020, deviceId=20, source=0x5002 })
V/ZoomGestureOverlayView( 5560): dispatchTouchEvent(MotionEvent { action=ACTION_UP, id[0]=0, x[0]=88.0, y[0]=119.0, toolType[0]=TOOL_TYPE_FINGER, buttonState=0, metaState=0, flags=0x0, edgeFlags=0x0, pointerCount=1, historySize=0, eventTime=152130, downTime=152020, deviceId=20, source=0x5002 })
W/AudioPolicyManager( 3690): getOutput() could not find output for stream 1, samplingRate 0,format 0, channels 3, flags 0
W/AudioPolicyManager( 3690): getOutput() could not find output for stream 1, samplingRate 0,format 0, channels 3, flags 0
W/AudioPolicyManager( 3690): getOutput() could not find output for stream 1, samplingRate 48000,format 1, channels 3, flags 4
E/AudioTrack( 4135): Could not get audio output for stream type 1, usage 13, sample rate 48000, format 0x1, channel mask 0x3, flags 0x4
E/SoundPool( 4135): Error creating AudioTrack
I/Timeline( 5560): Timeline: Activity_launch_request id:com.android.mms time:152150
I/ActivityManager( 4135): START u0 {cmp=com.android.mms/.ui.ConversationList} from uid 10012 on display 0
W/ActivityManager( 4135): startActivity called from finishing ActivityRecord{3043904b u0 com.android.mms/.ui.ComposeMessageActivity t8 f}; forcing Intent.FLAG_ACTIVITY_NEW_TASK for: Intent { cmp=com.android.mms/.ui.ConversationList }
D/Mms     ( 5560): cancelNotification
D/Mms     ( 5560): [1] mDeleteObsoleteThreadsRunnable calling asyncDeleteObsoleteThreads
D/Mms     ( 5560): [1] onQueryComplete finished DELETE_OBSOLETE_THREADS_TOKEN
D/Mms     ( 5560): cancelNotification
D/OpenGLRenderer( 5560): endAllStagingAnimators on 0xaf97e400 (RippleDrawable) with handle 0xaf997690
D/Mms     ( 5560): cancelNotification
D/Mms     ( 5560): cancelNotification
I/Timeline( 5560): Timeline: Activity_idle id: android.os.BinderProxy@3be0bbf time:152298
I/Timeline( 4135): Timeline: Activity_windows_visible id: ActivityRecord{26334874 u0 com.android.mms/.ui.ConversationList t8} time:152531
D/Mms     ( 5560): cancelNotification
D/Mms     ( 5560): cancelNotification
D/Mms     ( 5560): cancelNotification
D/HeadsetStateMachine( 5103): Disconnected process message: 10, size: 0
I/Timeline( 5560): Timeline: Activity_launch_request id:com.android.mms time:153979
W/AudioPolicyManager( 3690): getOutput() could not find output for stream 1, samplingRate 0,format 0, channels 3, flags 0
I/ActivityManager( 4135): START u0 {cmp=com.android.mms/.ui.ComposeMessageActivity} from uid 10012 on display 0
W/AudioPolicyManager( 3690): getOutput() could not find output for stream 1, samplingRate 0,format 0, channels 3, flags 0
W/AudioPolicyManager( 3690): getOutput() could not find output for stream 1, samplingRate 48000,format 1, channels 3, flags 4
E/AudioTrack( 4135): Could not get audio output for stream type 1, usage 13, sample rate 48000, format 0x1, channel mask 0x3, flags 0x4
E/SoundPool( 4135): Error creating AudioTrack
D/Mms     ( 5560): [1] [initialize] savedInstanceState = null intent = Intent { cmp=com.android.mms/.ui.ComposeMessageActivity } mConversation = [] (tid 0)
D/Mms     ( 5560): [MsgUtils] isIccCardActivated subscription 5
D/Mms     ( 5560): [MsgUtils] isIccCardActivated subscription 5
D/Mms     ( 5560): cancelNotification
D/Mms     ( 5560): cancelNotification
D/Mms     ( 5560): [MsgUtils] isIccCardActivated subscription 5
D/Mms     ( 5560): [MsgUtils] isIccCardActivated subscription 5
D/Mms     ( 5560): cancelNotification
I/LatinIME( 4514): Starting input. Cursor position = 0,0
I/ActivityManager( 4135): Displayed com.android.mms/.ui.ComposeMessageActivity: +207ms
D/OpenGLRenderer( 5560): endAllStagingAnimators on 0xad20a300 (RippleDrawable) with handle 0xa07173d0
I/Timeline( 5560): Timeline: Activity_idle id: android.os.BinderProxy@bf984b0 time:154283
D/Mms     ( 5560): [1] [startMsgListQuery] ##### startMsgListQuery: conversationUri is null, bail!
D/Mms     ( 5560): [1] [startMsgListQuery] ##### startMsgListQuery: conversationUri is null, bail!
D/Mms     ( 5560): [MsgUtils] isIccCardActivated subscription 5
D/Mms     ( 5560): [MsgUtils] isIccCardActivated subscription 5
D/Mms     ( 5560): [MsgUtils] isIccCardActivated subscription 5
I/Timeline( 4135): Timeline: Activity_windows_visible id: ActivityRecord{2dbcc3da u0 com.android.mms/.ui.ComposeMessageActivity t8} time:154573
D/Mms     ( 5560): [MsgUtils] isIccCardActivated subscription 5
D/Mms     ( 5560): [MsgUtils] isIccCardActivated subscription 5
D/Mms     ( 5560): [MsgUtils] isIccCardActivated subscription 5
D/Mms     ( 5560): [MsgUtils] isIccCardActivated subscription 5
D/Mms     ( 5560): [MsgUtils] isIccCardActivated subscription 5
D/Mms     ( 5560): [MsgUtils] isIccCardActivated subscription 5
D/Mms     ( 5560): [MsgUtils] isIccCardActivated subscription 5
D/Mms     ( 5560): [MsgUtils] isIccCardActivated subscription 5
D/Mms     ( 5560): [MsgUtils] isIccCardActivated subscription 5
D/Mms     ( 5560): [MsgUtils] isIccCardActivated subscription 5
D/Mms     ( 5560): [MsgUtils] isIccCardActivated subscription 5
D/Mms     ( 5560): [MsgUtils] isIccCardActivated subscription 5
D/Mms     ( 5560): [MsgUtils] isIccCardActivated subscription 5
D/Mms     ( 5560): [MsgUtils] isIccCardActivated subscription 5
I/art     ( 5560): Explicit concurrent mark sweep GC freed 24966(1526KB) AllocSpace objects, 2(28KB) LOS objects, 40% free, 18MB/30MB, paused 4.337ms total 49.987ms
D/Mms     ( 5560): [MsgUtils] isIccCardActivated subscription 5
W/CursorWrapperInner( 5560): Cursor finalized without prior close()
W/CursorWrapperInner( 5560): Cursor finalized without prior close()
W/CursorWrapperInner( 5560): Cursor finalized without prior close()
W/CursorWrapperInner( 5560): Cursor finalized without prior close()
W/CursorWrapperInner( 5560): Cursor finalized without prior close()
W/CursorWrapperInner( 5560): Cursor finalized without prior close()
W/CursorWrapperInner( 5560): Cursor finalized without prior close()
W/CursorWrapperInner( 5560): Cursor finalized without prior close()
W/CursorWrapperInner( 5560): Cursor finalized without prior close()
W/CursorWrapperInner( 5560): Cursor finalized without prior close()
W/CursorWrapperInner( 5560): Cursor finalized without prior close()
W/CursorWrapperInner( 5560): Cursor finalized without prior close()
W/CursorWrapperInner( 5560): Cursor finalized without prior close()
D/Mms     ( 5560): [MsgUtils] isIccCardActivated subscription 5
D/Mms     ( 5560): [MsgUtils] isIccCardActivated subscription 5
I/art     ( 4135): Explicit concurrent mark sweep GC freed 16250(989KB) AllocSpace objects, 7(194KB) LOS objects, 33% free, 25MB/37MB, paused 2.368ms total 89.566ms
D/Mms     ( 5560): [MsgUtils] isIccCardActivated subscription 5
D/Mms     ( 5560): [MsgUtils] isIccCardActivated subscription 5
D/Mms     ( 5560): [MsgUtils] isIccCardActivated subscription 5
D/Mms     ( 5560): [MsgUtils] isIccCardActivated subscription 5
D/Mms     ( 5560): [MsgUtils] isIccCardActivated subscription 5
D/Mms     ( 5560): [MsgUtils] isIccCardActivated subscription 5
D/Mms     ( 5560): [MsgUtils] isIccCardActivated subscription 5
D/Mms     ( 5560): [MsgUtils] isIccCardActivated subscription 5
D/Mms     ( 5560): [MsgUtils] isIccCardActivated subscription 5
D/Mms     ( 5560): [MsgUtils] isIccCardActivated subscription 5
I/art     ( 5027): Explicit concurrent mark sweep GC freed 5064(493KB) AllocSpace objects, 0(0B) LOS objects, 39% free, 15MB/26MB, paused 3.264ms total 41.739ms
D/Mms     ( 5560): [MsgUtils] isIccCardActivated subscription 5
D/Mms     ( 5560): [MsgUtils] isIccCardActivated subscription 5
D/Mms     ( 5560): [MsgUtils] isIccCardActivated subscription 5
V/ZoomGestureOverlayView( 5560): dispatchTouchEvent(MotionEvent { action=ACTION_DOWN, id[0]=0, x[0]=60.0, y[0]=42.0, toolType[0]=TOOL_TYPE_FINGER, buttonState=0, metaState=0, flags=0x0, edgeFlags=0x0, pointerCount=1, historySize=0, eventTime=159644, downTime=159644, deviceId=20, source=0x5002 })
V/ZoomGestureOverlayView( 5560): dispatchTouchEvent(MotionEvent { action=ACTION_MOVE, id[0]=0, x[0]=58.81911, y[0]=42.0, toolType[0]=TOOL_TYPE_FINGER, buttonState=0, metaState=0, flags=0x0, edgeFlags=0x0, pointerCount=1, historySize=1, eventTime=159657, downTime=159644, deviceId=20, source=0x5002 })
V/ZoomGestureOverlayView( 5560): dispatchTouchEvent(MotionEvent { action=ACTION_MOVE, id[0]=0, x[0]=57.5, y[0]=42.0, toolType[0]=TOOL_TYPE_FINGER, buttonState=0, metaState=0, flags=0x0, edgeFlags=0x0, pointerCount=1, historySize=1, eventTime=159671, downTime=159644, deviceId=20, source=0x5002 })
V/ZoomGestureOverlayView( 5560): dispatchTouchEvent(MotionEvent { action=ACTION_MOVE, id[0]=0, x[0]=58.0, y[0]=44.22821, toolType[0]=TOOL_TYPE_FINGER, buttonState=0, metaState=0, flags=0x0, edgeFlags=0x0, pointerCount=1, historySize=1, eventTime=159690, downTime=159644, deviceId=20, source=0x5002 })
V/ZoomGestureOverlayView( 5560): dispatchTouchEvent(MotionEvent { action=ACTION_MOVE, id[0]=0, x[0]=59.494446, y[0]=51.736115, toolType[0]=TOOL_TYPE_FINGER, buttonState=0, metaState=0, flags=0x0, edgeFlags=0x0, pointerCount=1, historySize=1, eventTime=159707, downTime=159644, deviceId=20, source=0x5002 })
V/ZoomGestureOverlayView( 5560): dispatchTouchEvent(MotionEvent { action=ACTION_MOVE, id[0]=0, x[0]=60.0, y[0]=53.0, toolType[0]=TOOL_TYPE_FINGER, buttonState=0, metaState=0, flags=0x0, edgeFlags=0x0, pointerCount=1, historySize=0, eventTime=159710, downTime=159644, deviceId=20, source=0x5002 })
V/ZoomGestureOverlayView( 5560): dispatchTouchEvent(MotionEvent { action=ACTION_UP, id[0]=0, x[0]=60.0, y[0]=53.0, toolType[0]=TOOL_TYPE_FINGER, buttonState=0, metaState=0, flags=0x0, edgeFlags=0x0, pointerCount=1, historySize=0, eventTime=159721, downTime=159644, deviceId=20, source=0x5002 })
W/AudioPolicyManager( 3690): getOutput() could not find output for stream 1, samplingRate 0,format 0, channels 3, flags 0
W/AudioPolicyManager( 3690): getOutput() could not find output for stream 1, samplingRate 0,format 0, channels 3, flags 0
W/AudioPolicyManager( 3690): getOutput() could not find output for stream 1, samplingRate 48000,format 1, channels 3, flags 4
E/AudioTrack( 4135): Could not get audio output for stream type 1, usage 13, sample rate 48000, format 0x1, channel mask 0x3, flags 0x4
E/SoundPool( 4135): Error creating AudioTrack
I/Timeline( 5560): Timeline: Activity_launch_request id:com.android.mms time:159738
I/ActivityManager( 4135): START u0 {cmp=com.android.mms/.ui.ConversationList} from uid 10012 on display 0
W/ActivityManager( 4135): startActivity called from finishing ActivityRecord{2dbcc3da u0 com.android.mms/.ui.ComposeMessageActivity t8 f}; forcing Intent.FLAG_ACTIVITY_NEW_TASK for: Intent { cmp=com.android.mms/.ui.ConversationList }
D/Mms     ( 5560): cancelNotification
D/Mms     ( 5560): [1] mDeleteObsoleteThreadsRunnable calling asyncDeleteObsoleteThreads
D/Mms     ( 5560): [1] onQueryComplete finished DELETE_OBSOLETE_THREADS_TOKEN
D/Mms     ( 5560): cancelNotification
D/OpenGLRenderer( 5560): endAllStagingAnimators on 0xaf9dd780 (RippleDrawable) with handle 0xaf997800
D/Mms     ( 5560): cancelNotification
D/Mms     ( 5560): cancelNotification
I/Timeline( 5560): Timeline: Activity_idle id: android.os.BinderProxy@3be0bbf time:159868
I/Timeline( 4135): Timeline: Activity_windows_visible id: ActivityRecord{26334874 u0 com.android.mms/.ui.ConversationList t8} time:160102
I/art     ( 5560): Explicit concurrent mark sweep GC freed 16648(1212KB) AllocSpace objects, 0(0B) LOS objects, 39% free, 18MB/30MB, paused 1.775ms total 55.742ms
W/CursorWrapperInner( 5560): Cursor finalized without prior close()
W/CursorWrapperInner( 5560): Cursor finalized without prior close()
W/CursorWrapperInner( 5560): Cursor finalized without prior close()
W/CursorWrapperInner( 5560): Cursor finalized without prior close()
I/art     ( 4800): Explicit concurrent mark sweep GC freed 50957(5MB) AllocSpace objects, 3(48KB) LOS objects, 39% free, 18MB/31MB, paused 2.287ms total 79.128ms
W/CursorWrapperInner( 5560): Cursor finalized without prior close()
W/CursorWrapperInner( 5560): Cursor finalized without prior close()
D/Mms     ( 5560): cancelNotification
W/CursorWrapperInner( 5560): Cursor finalized without prior close()
D/Mms     ( 5560): cancelNotification
W/CursorWrapperInner( 5560): Cursor finalized without prior close()
W/CursorWrapperInner( 5560): Cursor finalized without prior close()
W/CursorWrapperInner( 5560): Cursor finalized without prior close()
W/CursorWrapperInner( 5560): Cursor finalized without prior close()
W/CursorWrapperInner( 5560): Cursor finalized without prior close()
W/CursorWrapperInner( 5560): Cursor finalized without prior close()
W/CursorWrapperInner( 5560): Cursor finalized without prior close()
W/CursorWrapperInner( 5560): Cursor finalized without prior close()
I/art     ( 5560): Explicit concurrent mark sweep GC freed 9452(881KB) AllocSpace objects, 0(0B) LOS objects, 40% free, 18MB/30MB, paused 1.607ms total 38.547ms
I/art     ( 5560): Explicit concurrent mark sweep GC freed 570(24KB) AllocSpace objects, 0(0B) LOS objects, 39% free, 18MB/30MB, paused 1.780ms total 31.824ms
D/Mms     ( 5560): cancelNotification
D/HeadsetStateMachine( 5103): Disconnected process message: 10, size: 0
V/BlacklistProvider( 4800): Query uri=content://blacklist/bynumber/%2B543512282698, match=2
V/Mms     ( 5560): onStart: #1 resultCode: -1 = Activity.RESULT_OK
V/BlacklistProvider( 4800): Query uri=content://blacklist/bynumber/%2B543512282698, match=2
D/Mms     ( 5560): cancelNotification
E/SQLiteLog( 5027): (284) automatic index on sqlite_sq_A2B28EC0(STAT_DATA_ID)
E/SQLiteLog( 5027): (284) automatic index on sqlite_sq_A2617740(STAT_DATA_ID)
D/MmsSmsProvider( 4800): getSingleAddressId: insert new canonical_address for xxxxxx, _id=1
D/MmsSmsProvider( 4800): getThreadId: create new thread_id for recipients xxxxxxxx
D/MmsSmsProvider( 4800): insertThread: created new thread_id 1 for recipientIds xxxxxxx
W/Mms     ( 5560): RecipientId 1 not in cache!
D/Mms     ( 5560): cancelNotification
D/Mms     ( 5560): handleSmsReceived messageUri: content://sms/1 threadId: 1
D/CMMmsDatabaseHelper( 5560): Creating db
D/Mms     ( 5560): updateNotification: new message, adding sound to the notification
W/ActivityManager( 4135): getTasks: caller 10012 is using old GET_TASKS but privileged; allowing
D/Mms     ( 5560): checkIsFullScreenMode: the top activity is: com.android.mms.ui.ConversationList
I/ValidateNoPeople( 4135): Validating: 0|com.android.mms|123|null|10012
I/ValidateNoPeople( 4135): Executing: validation for: 0|com.android.mms|123|null|10012
E/ExtMediaPlayer-JNI( 4314): QCMediaPlayer could not be located....
E/MediaPlayer-JNI( 4314): QCMediaPlayer mediaplayer NOT present
D/WVMDrmPlugIn( 3689): WVMDrmPlugin::onInitialize : 5899
D/WVMDrmPlugIn( 3689): WVMDrmPlugin::onSetOnInfoListener : add 5899
D/WVMDrmPlugIn( 3689): WVMDrmPlugin::onTerminate : 5899
I/FFmpegExtractor( 3690): android-source:0xb5106060
I/FFMPEG  ( 3690): Input #0, ogg, from 'android-source:0xb5106060':
I/FFMPEG  ( 3690):   Duration: 00:00:01.20, start: 0.000000, bitrate: 105 kb/s
I/FFMPEG  ( 3690):     Stream #0:0: Audio: vorbis, 44100 Hz, stereo, fltp, 112 kb/s
D/FFmpegExtractor( 3690): FFmpegExtrator, url: android-source:0xb5106060, format_name: ogg, format_long_name: Ogg
I/FFmpegExtractor( 3690): adjust mime(application/ogg -> audio/vorbis)
D/FFmpegExtractor( 3690): suppoted codec(vorbis) by official Stagefright
D/FFmpegExtractor( 3690): ffmpeg detected media content as 'audio/vorbis' with confidence 0.08
I/ValidateNoPeople( 4135): final affinity: 0.0
E/MediaPlayer( 4314): Should have subtitle controller already set
I/MediaFocusControl( 4135):  AudioFocus  requestAudioFocus() from android.media.AudioManager@30c1791e
D/NuPlayerDriver( 3690): start(0xb2b06040)
I/GenericSource( 3690): start
E/MediaPlayer( 4314): Should have subtitle controller already set
W/Utils   ( 3690): bool android::canOffloadStream(const android::sp<android::MetaData>&, bool, const android::sp<android::MetaData>&, bool, audio_stream_type_t) No sample bit depth info in meta data
I/str_params( 3690): key: 'SND_CARD_STATUS' value: ''
W/Utils   ( 3690): bool android::canOffloadStream(const android::sp<android::MetaData>&, bool, const android::sp<android::MetaData>&, bool, audio_stream_type_t) No sample bit depth info in meta data
I/str_params( 3690): key: 'SND_CARD_STATUS' value: ''
W/AudioPolicyManager( 3690): getOutput() could not find output for stream 3, samplingRate 0,format 0, channels 3, flags 0
F/NuPlayerRenderer( 3690): frameworks/av/media/libmediaplayerservice/nuplayer/NuPlayerRenderer.cpp:1559 CHECK_EQ( mAudioSink->open( sampleRate, numChannels, (audio_channel_mask_t)channelMask, bitsPerSample > 16 ? AUDIO_FORMAT_PCM_32_BIT : AUDIO_FORMAT_PCM_16_BIT, 8 , __null, __null, (audio_output_flags_t)flags),(status_t)OK) failed: -19 vs. 0
--------- beginning of crash
F/libc    ( 3690): Fatal signal 6 (SIGABRT), code -6 in tid 6143 (NuPlayerRendere)
I/DEBUG   ( 3684): *** *** *** *** *** *** *** *** *** *** *** *** *** *** *** ***
I/DEBUG   ( 3684): Build fingerprint: 'samsung/cm_k3gxx/k3gxx:5.0.2/LRX22G/9269c3e27e:userdebug/test-keys'
I/DEBUG   ( 3684): Revision: '10'
I/DEBUG   ( 3684): ABI: 'arm'
I/DEBUG   ( 3684): pid: 3690, tid: 6143, name: NuPlayerRendere  >>> /system/bin/mediaserver <<<
I/DEBUG   ( 3684): signal 6 (SIGABRT), code -6 (SI_TKILL), fault addr --------
W/NativeCrashListener( 4135): Couldn't find ProcessRecord for pid 3690
W/OpenGLRenderer( 4314): Incorrectly called buildLayer on View: TextView, destroying layer...
I/DEBUG   ( 3684): Abort message: 'frameworks/av/media/libmediaplayerservice/nuplayer/NuPlayerRenderer.cpp:1559 CHECK_EQ( mAudioSink->open( sampleRate, numChannels, (audio_channel_mask_t)channelMask, bitsPerSample > 16 ? AUDIO_FORMAT_PCM_32_BIT : AUDIO_FORMAT_PCM_16_BIT, 8 , __null, __null, (audio_output_flags_t)flags),(status_t)OK) failed: -19 vs. 0'
E/DEBUG   ( 3684): AM write failure (32 / Broken pipe)
I/DEBUG   ( 3684):     r0 00000000  r1 000017ff  r2 00000006  r3 00000000
I/DEBUG   ( 3684):     r4 b39ffdb8  r5 00000006  r6 00000016  r7 0000010c
I/DEBUG   ( 3684):     r8 00000000  r9 00000000  sl b39ffc4c  fp b53383d0
