I/DEBUG   ( 3674):     #08 pc 00230695  /system/lib/libart.so (art::Runtime::Init(std::__1::vector<std::__1::pair<std::__1::basic_string<char, std::__1::char_traits<char>, std::__1::allocator<char> >, void const*>, std::__1::allocator<std::__1::pair<std::__1::basic_string<char, std::__1::char_traits<char>, std::__1::allocator<char> >, void const*> > > const&, bool)+3076)
I/DEBUG   ( 3674):     #09 pc 00231b63  /system/lib/libart.so (art::Runtime::Create(std::__1::vector<std::__1::pair<std::__1::basic_string<char, std::__1::char_traits<char>, std::__1::allocator<char> >, void const*>, std::__1::allocator<std::__1::pair<std::__1::basic_string<char, std::__1::char_traits<char>, std::__1::allocator<char> >, void const*> > > const&, bool)+58)
I/DEBUG   ( 3674):     #10 pc 001e4047  /system/lib/libart.so (JNI_CreateJavaVM+470)
I/DEBUG   ( 3674):     #11 pc 0005ad93  /system/lib/libandroid_runtime.so (android::AndroidRuntime::startVm(_JavaVM**, _JNIEnv**)+2174)
I/DEBUG   ( 3674):     #12 pc 0005b3bf  /system/lib/libandroid_runtime.so (android::AndroidRuntime::start(char const*, android::Vector<android::String8> const&)+250)
I/DEBUG   ( 3674):     #13 pc 00001655  /system/bin/app_process32
I/DEBUG   ( 3674):     #14 pc 0000fb75  /system/lib/libc.so (__libc_init+44)
I/DEBUG   ( 3674):     #15 pc 00001770  /system/bin/app_process32
E/display ( 3669): invalid gralloc handle (at 0x0)
V/NatController( 4366): runCmd(/system/bin/iptables -F natctrl_FORWARD) res=0
V/NatController( 4366): runCmd(/system/bin/iptables -A natctrl_FORWARD -j DROP) res=0
V/NatController( 4366): runCmd(/system/bin/iptables -t nat -F natctrl_nat_POSTROUTING) res=0
E/display ( 3669): invalid gralloc handle (at 0x0)
I/DEBUG   ( 3674): 
I/DEBUG   ( 3674): Tombstone written to: /data/tombstones/tombstone_02
V/NatController( 4366): runCmd(/system/bin/iptables -F natctrl_tether_counters) res=0
V/NatController( 4366): runCmd(/system/bin/iptables -X natctrl_tether_counters) res=0
I/ServiceManager( 3667): service 'media.audio_flinger' died
E/display ( 3669): invalid gralloc handle (at 0x0)
E/display ( 3669): invalid gralloc handle (at 0x0)
E/display ( 3669): invalid gralloc handle (at 0x0)
E/display ( 3669): invalid gralloc handle (at 0x0)
E/display ( 3669): invalid gralloc handle (at 0x0)
E/display ( 3669): invalid gralloc handle (at 0x0)
E/display ( 3669): invalid gralloc handle (at 0x0)
E/display ( 3669): invalid gralloc handle (at 0x0)
E/display ( 3669): invalid gralloc handle (at 0x0)
E/display ( 3669): invalid gralloc handle (at 0x0)
E/display ( 3669): invalid gralloc handle (at 0x0)
E/display ( 3669): invalid gralloc handle (at 0x0)
E/display ( 3669): invalid gralloc handle (at 0x0)
E/display ( 3669): invalid gralloc handle (at 0x0)
E/display ( 3669): invalid gralloc handle (at 0x0)
E/display ( 3669): invalid gralloc handle (at 0x0)
E/display ( 3669): invalid gralloc handle (at 0x0)
E/display ( 3669): invalid gralloc handle (at 0x0)
E/display ( 3669): invalid gralloc handle (at 0x0)
E/display ( 3669): invalid gralloc handle (at 0x0)
E/display ( 3669): invalid gralloc handle (at 0x0)
E/display ( 3669): invalid gralloc handle (at 0x0)
E/display ( 3669): invalid gralloc handle (at 0x0)
E/display ( 3669): invalid gralloc handle (at 0x0)
E/display ( 3669): invalid gralloc handle (at 0x0)
E/display ( 3669): invalid gralloc handle (at 0x0)
E/display ( 3669): invalid gralloc handle (at 0x0)
E/display ( 3669): invalid gralloc handle (at 0x0)
E/display ( 3669): invalid gralloc handle (at 0x0)
E/display ( 3669): invalid gralloc handle (at 0x0)
E/display ( 3669): invalid gralloc handle (at 0x0)
E/display ( 3669): invalid gralloc handle (at 0x0)
E/display ( 3669): invalid gralloc handle (at 0x0)
E/display ( 3669): invalid gralloc handle (at 0x0)
E/display ( 3669): invalid gralloc handle (at 0x0)
E/display ( 3669): invalid gralloc handle (at 0x0)
E/display ( 3669): invalid gralloc handle (at 0x0)
E/display ( 3669): invalid gralloc handle (at 0x0)
E/display ( 3669): invalid gralloc handle (at 0x0)
E/display ( 3669): invalid gralloc handle (at 0x0)
E/display ( 3669): invalid gralloc handle (at 0x0)
E/display ( 3669): invalid gralloc handle (at 0x0)
E/display ( 3669): invalid gralloc handle (at 0x0)
E/display ( 3669): invalid gralloc handle (at 0x0)
E/display ( 3669): invalid gralloc handle (at 0x0)
E/display ( 3669): invalid gralloc handle (at 0x0)
E/display ( 3669): invalid gralloc handle (at 0x0)
E/display ( 3669): invalid gralloc handle (at 0x0)
E/display ( 3669): invalid gralloc handle (at 0x0)
E/display ( 3669): invalid gralloc handle (at 0x0)
E/display ( 3669): invalid gralloc handle (at 0x0)
E/display ( 3669): invalid gralloc handle (at 0x0)
E/display ( 3669): invalid gralloc handle (at 0x0)
E/display ( 3669): invalid gralloc handle (at 0x0)
E/display ( 3669): invalid gralloc handle (at 0x0)
E/display ( 3669): invalid gralloc handle (at 0x0)
E/display ( 3669): invalid gralloc handle (at 0x0)
E/display ( 3669): invalid gralloc handle (at 0x0)
E/display ( 3669): invalid gralloc handle (at 0x0)
E/display ( 3669): invalid gralloc handle (at 0x0)
E/display ( 3669): invalid gralloc handle (at 0x0)
E/display ( 3669): invalid gralloc handle (at 0x0)
E/display ( 3669): invalid gralloc handle (at 0x0)
E/display ( 3669): invalid gralloc handle (at 0x0)
E/display ( 3669): invalid gralloc handle (at 0x0)
E/display ( 3669): invalid gralloc handle (at 0x0)
E/display ( 3669): invalid gralloc handle (at 0x0)
E/display ( 3669): invalid gralloc handle (at 0x0)
E/display ( 3669): invalid gralloc handle (at 0x0)
E/display ( 3669): invalid gralloc handle (at 0x0)
E/display ( 3669): invalid gralloc handle (at 0x0)
E/display ( 3669): invalid gralloc handle (at 0x0)
E/display ( 3669): invalid gralloc handle (at 0x0)
E/display ( 3669): invalid gralloc handle (at 0x0)
E/display ( 3669): invalid gralloc handle (at 0x0)
E/display ( 3669): invalid gralloc handle (at 0x0)
E/display ( 3669): invalid gralloc handle (at 0x0)
E/display ( 3669): invalid gralloc handle (at 0x0)
E/display ( 3669): invalid gralloc handle (at 0x0)
E/display ( 3669): invalid gralloc handle (at 0x0)
E/display ( 3669): invalid gralloc handle (at 0x0)
E/display ( 3669): invalid gralloc handle (at 0x0)
E/display ( 3669): invalid gralloc handle (at 0x0)
E/display ( 3669): invalid gralloc handle (at 0x0)
E/display ( 3669): invalid gralloc handle (at 0x0)
E/display ( 3669): invalid gralloc handle (at 0x0)
E/display ( 3669): invalid gralloc handle (at 0x0)
E/display ( 3669): invalid gralloc handle (at 0x0)
E/display ( 3669): invalid gralloc handle (at 0x0)
E/display ( 3669): invalid gralloc handle (at 0x0)
E/display ( 3669): invalid gralloc handle (at 0x0)
E/display ( 3669): invalid gralloc handle (at 0x0)
E/display ( 3669): invalid gralloc handle (at 0x0)
E/display ( 3669): invalid gralloc handle (at 0x0)
E/display ( 3669): invalid gralloc handle (at 0x0)
E/display ( 3669): invalid gralloc handle (at 0x0)
E/display ( 3669): invalid gralloc handle (at 0x0)
E/display ( 3669): invalid gralloc handle (at 0x0)
E/display ( 3669): invalid gralloc handle (at 0x0)
E/display ( 3669): invalid gralloc handle (at 0x0)
E/display ( 3669): invalid gralloc handle (at 0x0)
E/display ( 3669): invalid gralloc handle (at 0x0)
E/display ( 3669): invalid gralloc handle (at 0x0)
E/display ( 3669): invalid gralloc handle (at 0x0)
E/display ( 3669): invalid gralloc handle (at 0x0)
E/display ( 3669): invalid gralloc handle (at 0x0)
E/display ( 3669): invalid gralloc handle (at 0x0)
I/Netd    ( 4529): Netd 1.0 starting
E/Netd    ( 4529): Failed to open /proc/sys/net/ipv6/conf/default/accept_ra_rt_table: No such file or directory
E/Netd    ( 4529): Failed to open /proc/sys/net/ipv6/conf/ip6tnl0/accept_ra_rt_table: No such file or directory
E/Netd    ( 4529): Failed to open /proc/sys/net/ipv6/conf/lo/accept_ra_rt_table: No such file or directory
E/Netd    ( 4529): Failed to open /proc/sys/net/ipv6/conf/rmnet0/accept_ra_rt_table: No such file or directory
E/Netd    ( 4529): Failed to open /proc/sys/net/ipv6/conf/rmnet1/accept_ra_rt_table: No such file or directory
E/Netd    ( 4529): Failed to open /proc/sys/net/ipv6/conf/rmnet2/accept_ra_rt_table: No such file or directory
E/Netd    ( 4529): Failed to open /proc/sys/net/ipv6/conf/rmnet3/accept_ra_rt_table: No such file or directory
E/Netd    ( 4529): Failed to open /proc/sys/net/ipv6/conf/sit0/accept_ra_rt_table: No such file or directory
E/display ( 3669): invalid gralloc handle (at 0x0)
E/display ( 3669): invalid gralloc handle (at 0x0)
D/AndroidRuntime( 4532): 
D/AndroidRuntime( 4532): >>>>>> AndroidRuntime START com.android.internal.os.ZygoteInit <<<<<<
D/AndroidRuntime( 4532): CheckJNI is OFF
I/art     ( 4532): option[0]=-Xzygote
I/art     ( 4532): option[1]=-Xstacktracefile:/data/anr/traces.txt
I/art     ( 4532): option[2]=exit
I/art     ( 4532): option[3]=vfprintf
I/art     ( 4532): option[4]=sensitiveThread
I/art     ( 4532): option[5]=-verbose:gc
I/art     ( 4532): option[6]=-Xms8m
I/art     ( 4532): option[7]=-Xmx512m
I/art     ( 4532): option[8]=-XX:mainThreadStackSize=24K
I/art     ( 4532): option[9]=-XX:HeapGrowthLimit=128m
I/art     ( 4532): option[10]=-XX:HeapMinFree=2m
I/art     ( 4532): option[11]=-XX:HeapMaxFree=8m
I/art     ( 4532): option[12]=-XX:HeapTargetUtilization=0.75
I/art     ( 4532): option[13]=-agentlib:jdwp=transport=dt_android_adb,suspend=n,server=y
I/art     ( 4532): option[14]=-Xlockprofthreshold:500
I/art     ( 4532): option[15]=-Ximage-compiler-option
I/art     ( 4532): option[16]=--runtime-arg
I/art     ( 4532): option[17]=-Ximage-compiler-option
I/art     ( 4532): option[18]=-Xms64m
I/art     ( 4532): option[19]=-Ximage-compiler-option
I/art     ( 4532): option[20]=--runtime-arg
I/art     ( 4532): option[21]=-Ximage-compiler-option
I/art     ( 4532): option[22]=-Xmx64m
I/art     ( 4532): option[23]=-Ximage-compiler-option
I/art     ( 4532): option[24]=--image-classes-zip=/system/framework/framework.jar
I/art     ( 4532): option[25]=-Ximage-compiler-option
I/art     ( 4532): option[26]=--image-classes=preloaded-classes
I/art     ( 4532): option[27]=-Xcompiler-option
I/art     ( 4532): option[28]=--runtime-arg
I/art     ( 4532): option[29]=-Xcompiler-option
I/art     ( 4532): option[30]=-Xms64m
I/art     ( 4532): option[31]=-Xcompiler-option
I/art     ( 4532): option[32]=--runtime-arg
I/art     ( 4532): option[33]=-Xcompiler-option
I/art     ( 4532): option[34]=-Xmx512m
I/art     ( 4532): option[35]=-Duser.language=es
I/art     ( 4532): option[36]=-Duser.region=US
E/display ( 3669): invalid gralloc handle (at 0x0)
I/art     ( 4532): Pruning dalvik-cache since we are generating an image and will need to recompile
W/art     ( 4532): Prune Dex Cache
I/mediaserver( 4530): ServiceManager: 0xb60500c0
I/art     ( 4532): Using an offset of 0x39a000 from default art base address of 0x70000000
I/AudioFlinger( 4530): Using default 3000 mSec as standby time.
I/art     ( 4532): GenerateImage: /system/bin/dex2oat --image=/data/dalvik-cache/arm/system@framework@boot.art --dex-file=/system/framework/core-libart.jar --dex-file=/system/framework/conscrypt.jar --dex-file=/system/framework/okhttp.jar --dex-file=/system/framework/core-junit.jar --dex-file=/system/framework/bouncycastle.jar --dex-file=/system/framework/ext.jar --dex-file=/system/framework/framework.jar --dex-file=/system/framework/telephony-common.jar --dex-file=/system/framework/voip-common.jar --dex-file=/system/framework/ims-common.jar --dex-file=/system/framework/mms-common.jar --dex-file=/system/framework/android.policy.jar --dex-file=/system/framework/apache-xml.jar --oat-file=/data/dalvik-cache/arm/system@framework@boot.oat --instruction-set=arm --instruction-set-features=div --base=0x7039a000 --runtime-arg -Xms64m --runtime-arg -Xmx64m --image-classes-zip=/system/framework/framework.jar --image-classes=preloaded-classes
I/ServiceManager( 4530): Waiting for service batterystats...
W/art     ( 4532): Prune Dex Cache
W/art     ( 4532): Could not create image space with image file '/system/framework/boot.art'. Attempting to fall back to imageless running. Error was: Failed to generate image '/data/dalvik-cache/arm/system@framework@boot.art': Failed execv(/system/bin/dex2oat --image=/data/dalvik-cache/arm/system@framework@boot.art --dex-file=/system/framework/core-libart.jar --dex-file=/system/framework/conscrypt.jar --dex-file=/system/framework/okhttp.jar --dex-file=/system/framework/core-junit.jar --dex-file=/system/framework/bouncycastle.jar --dex-file=/system/framework/ext.jar --dex-file=/system/framework/framework.jar --dex-file=/system/framework/telephony-common.jar --dex-file=/system/framework/voip-common.jar --dex-file=/system/framework/ims-common.jar --dex-file=/system/framework/mms-common.jar --dex-file=/system/framework/android.policy.jar --dex-file=/system/framework/apache-xml.jar --oat-file=/data/dalvik-cache/arm/system@framework@boot.oat --instruction-set=arm --instruction-set-features=div --base=0x7039a000 --runtime-arg -Xms64
E/display ( 3669): invalid gralloc handle (at 0x0)
E/display ( 3669): invalid gralloc handle (at 0x0)
E/display ( 3669): invalid gralloc handle (at 0x0)
E/display ( 3669): invalid gralloc handle (at 0x0)
E/display ( 3669): invalid gralloc handle (at 0x0)
E/display ( 3669): invalid gralloc handle (at 0x0)
E/display ( 3669): invalid gralloc handle (at 0x0)
E/display ( 3669): invalid gralloc handle (at 0x0)
E/display ( 3669): invalid gralloc handle (at 0x0)
E/display ( 3669): invalid gralloc handle (at 0x0)
E/display ( 3669): invalid gralloc handle (at 0x0)
E/display ( 3669): invalid gralloc handle (at 0x0)
E/display ( 3669): invalid gralloc handle (at 0x0)
E/display ( 3669): invalid gralloc handle (at 0x0)
E/display ( 3669): invalid gralloc handle (at 0x0)
E/display ( 3669): invalid gralloc handle (at 0x0)
E/display ( 3669): invalid gralloc handle (at 0x0)
E/display ( 3669): invalid gralloc handle (at 0x0)
E/display ( 3669): invalid gralloc handle (at 0x0)
E/display ( 3669): invalid gralloc handle (at 0x0)
E/display ( 3669): invalid gralloc handle (at 0x0)
E/display ( 3669): invalid gralloc handle (at 0x0)
E/display ( 3669): invalid gralloc handle (at 0x0)
I/ServiceManager( 4530): Waiting for service batterystats...
E/display ( 3669): invalid gralloc handle (at 0x0)
E/display ( 3669): invalid gralloc handle (at 0x0)
E/display ( 3669): invalid gralloc handle (at 0x0)
F/art     ( 4532): sart/runtime/class_linker.cc:398] Check failed: java_lang_String.Get() == String_class (java_lang_String.Get()=0x12c0a400, String_class=0x12c0b400) ----- class 'Ljava/lang/String;' cl=0x0 -----
F/art     ( 4532): sart/runtime/class_linker.cc:398]   objectSize=640 (412 from super)
F/art     ( 4532): sart/runtime/class_linker.cc:398]   access=0x0000.0011
F/art     ( 4532): sart/runtime/class_linker.cc:398]   super='java.lang.Class<java.lang.Object>' (cl=0x0)
F/art     ( 4532): sart/runtime/class_linker.cc:398]   interfaces (3):
F/art     ( 4532): sart/runtime/class_linker.cc:398]      0: java.lang.Class<java.io.Serializable> (cl=0x0)
F/art     ( 4532): sart/runtime/class_linker.cc:398]      1: java.lang.Class<java.lang.Comparable> (cl=0x0)
F/art     ( 4532): sart/runtime/class_linker.cc:398]      2: java.lang.Class<java.lang.CharSequence> (cl=0x0)
F/art     ( 4532): sart/runtime/class_linker.cc:398]   class not yet loaded
F/art     ( 4532): sart/runtime/class_linker.cc:398] 
F/art     ( 4532): sart/runtime/class_linker.cc:398] ----- class 'Ljava/lang/String;' cl=0x0 -----
F/art     ( 4532): sart/runtime/class_linker.cc:398]   objectSize=636 (412 from super)
F/art     ( 4532): sart/runtime/class_linker.cc:398]   access=0x0000.0011
F/art     ( 4532): sart/runtime/class_linker.cc:398]   super='java.lang.Class<java.lang.Object>' (cl=0x0)
F/art     ( 4532): sart/runtime/class_linker.cc:398]   interfaces (3):
F/art     ( 4532): sart/runtime/class_linker.cc:398]      0: java.lang.Class<java.io.Serializable> (cl=0x0)
F/art     ( 4532): sart/runtime/class_linker.cc:398]      1: java.lang.Class<java.lang.Comparable> (cl=0x0)
F/art     ( 4532): sart/runtime/class_linker.cc:398]      2: java.lang.Class<java.lang.CharSequence> (cl=0x0)
F/art     ( 4532): sart/runtime/class_linker.cc:398]   vtable (54 entries, 11 in super):
F/art     ( 4532): sart/runtime/class_linker.cc:398]      0: void java.lang.String._getChars(int, int, char[], int)
F/art     ( 4532): sart/runtime/class_linker.cc:398]      1: char java.lang.String.charAt(int)
F/art     ( 4532): sart/runtime/class_linker.cc:398]      2: int java.lang.String.codePointAt(int)
F/art     ( 4532): sart/runtime/class_linker.cc:398]      3: int java.lang.String.codePointBefore(int)
F/art     ( 4532): sart/runtime/class_linker.cc:398]      4: int java.lang.String.codePointCount(int, int)
F/art     ( 4532): sart/runtime/class_linker.cc:398]      5: int java.lang.String.compareTo(java.lang.Object)
F/art     ( 4532): sart/runtime/class_linker.cc:398]      6: int java.lang.String.compareTo(java.lang.String)
F/art     ( 4532): sart/runtime/class_linker.cc:398]      7: int java.lang.String.compareToIgnoreCase(java.lang.String)
F/art     ( 4532): sart/runtime/class_linker.cc:398]      8: java.lang.String java.lang.String.concat(java.lang.String)
F/art     ( 4532): sart/runtime/class_linker.cc:398]      9: boolean java.lang.String.contains(java.lang.CharSequence)
F/art     ( 4532): sart/runtime/class_linker.cc:398]     10: boolean java.lang.String.contentEquals(java.lang.CharSequence)
F/art     ( 4532): sart/runtime/class_linker.cc:398]     11: boolean java.lang.String.contentEquals(java.lang.StringBuffer)
F/art     ( 4532): sart/runtime/class_linker.cc:398]     12: boolean java.lang.String.endsWith(java.lang.String)
F/art     ( 4532): sart/runtime/class_linker.cc:398]     13: boolean java.lang.String.equals(java.lang.Object)
F/art     ( 4532): sart/runtime/class_linker.cc:398]     14: boolean java.lang.String.equalsIgnoreCase(java.lang.String)
F/art     ( 4532): sart/runtime/class_linker.cc:398]     15: void java.lang.String.getBytes(int, int, byte[], int)
F/art     ( 4532): sart/runtime/class_linker.cc:398]     16: byte[] java.lang.String.getBytes()
F/art     ( 4532): sart/runtime/class_linker.cc:398]     17: byte[] java.lang.String.getBytes(java.lang.String)
F/art     ( 4532): sart/runtime/class_linker.cc:398]     18: byte[] java.lang.String.getBytes(java.nio.charset.Charset)
F/art     ( 4532): sart/runtime/class_linker.cc:398]     19: void java.lang.String.getChars(int, int, char[], int)
F/art     ( 4532): sart/runtime/class_linker.cc:398]     20: int java.lang.String.hashCode()
F/art     ( 4532): sart/runtime/class_linker.cc:398]     21: int java.lang.String.indexOf(int)
F/art     ( 4532): sart/runtime/class_linker.cc:398]     22: int java.lang.String.indexOf(int, int)
F/art     ( 4532): sart/runtime/class_linker.cc:398]     23: int java.lang.String.indexOf(java.lang.String)
F/art     ( 4532): sart/runtime/class_linker.cc:398]     24: int java.lang.String.indexOf(java.lang.String, int)
F/art     ( 4532): sart/runtime/class_linker.cc:398]     25: java.lang.String java.lang.String.intern()
F/art     ( 4532): sart/runtime/class_linker.cc:398]     26: boolean java.lang.String.isEmpty()
F/art     ( 4532): sart/runtime/class_linker.cc:398]     27: int java.lang.String.lastIndexOf(int)
F/art     ( 4532): sart/runtime/class_linker.cc:398]     28: int java.lang.String.lastIndexOf(int, int)
F/art     ( 4532): sart/runtime/class_linker.cc:398]     29: int java.lang.String.lastIndexOf(java.lang.String)
F/art     ( 4532): sart/runtime/class_linker.cc:398]     30: int java.lang.String.lastIndexOf(java.lang.String, int)
F/art     ( 4532): sart/runtime/class_linker.cc:398]     31: int java.lang.String.length()
F/art     ( 4532): sart/runtime/class_linker.cc:398]     32: boolean java.lang.String.matches(java.lang.String)
F/art     ( 4532): sart/runtime/class_linker.cc:398]     33: int java.lang.String.offsetByCodePoints(int, int)
F/art     ( 4532): sart/runtime/class_linker.cc:398]     34: boolean java.lang.String.regionMatches(int, java.lang.String, int, int)
F/art     ( 4532): sart/runtime/class_linker.cc:398]     35: boolean java.lang.String.regionMatches(boolean, int, java.lang.String, int, int)
F/art     ( 4532): sart/runtime/class_linker.cc:398]     36: java.lang.String java.lang.String.replace(char, char)
F/art     ( 4532): sart/runtime/class_linker.cc:398]     37: java.lang.String java.lang.String.replace(java.lang.CharSequence, java.lang.CharSequence)
F/art     ( 4532): sart/runtime/class_linker.cc:398]     38: java.lang.String java.lang.String.replaceAll(java.lang.String, java.lang.String)
F/art     ( 4532): sart/runtime/class_linker.cc:398]     39: java.lang.String java.lang.String.replaceFirst(java.lang.String, java.lang.String)
F/art     ( 4532): sart/runtime/class_linker.cc:398]     40: java.lang.String[] java.lang.String.split(java.lang.String)
F/art     ( 4532): sart/runtime/class_linker.cc:398]     41: java.lang.String[] java.lang.String.split(java.lang.String, int)
F/art     ( 4532): sart/runtime/class_linker.cc:398]     42: boolean java.lang.String.startsWith(java.lang.String)
F/art     ( 4532): sart/runtime/class_linker.cc:398]     43: boolean java.lang.String.startsWith(java.lang.String, int)
F/art     ( 4532): sart/runtime/class_linker.cc:398]     44: java.lang.CharSequence java.lang.String.subSequence(int, int)
F/art     ( 4532): sart/runtime/class_linker.cc:398]     45: java.lang.String java.lang.String.substring(int)
F/art     ( 4532): sart/runtime/class_linker.cc:398]     46: java.lang.String java.lang.String.substring(int, int)
F/art     ( 4532): sart/runtime/class_linker.cc:398]     47: char[] java.lang.String.toCharArray()
F/art     ( 4532): sart/runtime/class_linker.cc:398]     48: java.lang.String java.lang.String.toLowerCase()
F/art     ( 4532): sart/runtime/class_linker.cc:398]     49: java.lang.String java.lang.String.toLowerCase(java.util.Locale)
F/art     ( 4532): sart/runtime/class_linker.cc:398]     50: java.lang.String java.lang.String.toString()
F/art     ( 4532): sart/runtime/class_linker.cc:398]     51: java.lang.String java.lang.String.toUpperCase()
F/art     ( 4532): sart/runtime/class_linker.cc:398]     52: java.lang.String java.lang.String.toUpperCase(java.util.Locale)
F/art     ( 4532): sart/runtime/class_linker.cc:398]     53: java.lang.String java.lang.String.trim()
F/art     ( 4532): sart/runtime/class_linker.cc:398]   direct methods (38 entries):
F/art     ( 4532): sart/runtime/class_linker.cc:398]      0: void java.lang.String.<clinit>()
F/art     ( 4532): sart/runtime/class_linker.cc:398]      1: void java.lang.String.<init>()
F/art     ( 4532): sart/runtime/class_linker.cc:398]      2: void java.lang.String.<init>(int, int, char[])
F/art     ( 4532): sart/runtime/class_linker.cc:398]      3: void java.lang.String.<init>(java.lang.String)
F/art     ( 4532): sart/runtime/class_linker.cc:398]      4: void java.lang.String.<init>(java.lang.StringBuffer)
F/art     ( 4532): sart/runtime/class_linker.cc:398]      5: void java.lang.String.<init>(java.lang.StringBuilder)
F/art     ( 4532): sart/runtime/class_linker.cc:398]      6: void java.lang.String.<init>(byte[])
F/art     ( 4532): sart/runtime/class_linker.cc:398]      7: void java.lang.String.<init>(byte[], int)
F/art     ( 4532): sart/runtime/class_linker.cc:398]      8: void java.lang.String.<init>(byte[], int, int)
F/art     ( 4532): sart/runtime/class_linker.cc:398]      9: void java.lang.String.<init>(byte[], int, int, int)
F/art     ( 4532): sart/runtime/class_linker.cc:398]     10: void java.lang.String.<init>(byte[], int, int, java.lang.String)
F/art     ( 4532): sart/runtime/class_linker.cc:398]     11: void java.lang.String.<init>(byte[], int, int, java.nio.charset.Charset)
F/art     ( 4532): sart/runtime/class_linker.cc:398]     12: void java.lang.String.<init>(byte[], java.lang.String)
F/art     ( 4532): sart/runtime/class_linker.cc:398]     13: void java.lang.String.<init>(byte[], java.nio.charset.Charset)
F/art     ( 4532): sart/runtime/class_linker.cc:398]     14: void java.lang.String.<init>(char[])
F/art     ( 4532): sart/runtime/class_linker.cc:398]     15: void java.lang.String.<init>(char[], int, int)
F/art     ( 4532): sart/runtime/class_linker.cc:398]     16: void java.lang.String.<init>(int[], int, int)
F/art     ( 4532): sart/runtime/class_linker.cc:398]     17: java.lang.String java.lang.String.copyValueOf(char[])
F/art     ( 4532): sart/runtime/class_linker.cc:398]     18: java.lang.String java.lang.String.copyValueOf(char[], int, int)
F/art     ( 4532): sart/runtime/class_linker.cc:398]     19: java.lang.StringIndexOutOfBoundsException java.lang.String.failedBoundsCheck(int, int, int)
F/art     ( 4532): sart/runtime/class_linker.cc:398]     20: int java.lang.String.fastIndexOf(int, int)
F/art     ( 4532): sart/runtime/class_linker.cc:398]     21: char java.lang.String.foldCase(char)
F/art     ( 4532): sart/runtime/class_linker.cc:398]     22: java.lang.String java.lang.String.format(java.lang.String, java.lang.Object[])
F/art     ( 4532): sart/runtime/class_linker.cc:398]     23: java.lang.String java.lang.String.format(java.util.Locale, java.lang.String, java.lang.Object[])
F/art     ( 4532): sart/runtime/class_linker.cc:398]     24: java.lang.StringIndexOutOfBoundsException java.lang.String.indexAndLength(int)
F/art     ( 4532): sart/runtime/class_linker.cc:398]     25: int java.lang.String.indexOf(java.lang.String, java.lang.String, int, int, char)
F/art     ( 4532): sart/runtime/class_linker.cc:398]     26: int java.lang.String.indexOfSupplementary(int, int)
F/art     ( 4532): sart/runtime/class_linker.cc:398]     27: int java.lang.String.lastIndexOfSupplementary(int, int)
F/art     ( 4532): sart/runtime/class_linker.cc:398]     28: java.lang.StringIndexOutOfBoundsException java.lang.String.startEndAndLength(int, int)
F/art     ( 4532): sart/runtime/class_linker.cc:398]     29: java.lang.String java.lang.String.valueOf(char)
F/art     ( 4532): sart/runtime/class_linker.cc:398]     30: java.lang.String java.lang.String.valueOf(double)
F/art     ( 4532): sart/runtime/class_linker.cc:398]     31: java.lang.String java.lang.String.valueOf(float)
F/art     ( 4532): sart/runtime/class_linker.cc:398]     32: java.lang.String java.lang.String.valueOf(int)
F/art     ( 4532): sart/runtime/class_linker.cc:398]     33: java.lang.String java.lang.String.valueOf(long)
F/art     ( 4532): sart/runtime/class_linker.cc:398]     34: java.lang.String java.lang.String.valueOf(java.lang.Object)
F/art     ( 4532): sart/runtime/class_linker.cc:398]     35: java.lang.String java.lang.String.valueOf(boolean)
F/art     ( 4532): sart/runtime/class_linker.cc:398]     36: java.lang.String java.lang.String.valueOf(char[])
F/art     ( 4532): sart/runtime/class_linker.cc:398]     37: java.lang.String java.lang.String.valueOf(char[], int, int)
F/art     ( 4532): sart/runtime/class_linker.cc:398]   static fields (4 entries):
F/art     ( 4532): sart/runtime/class_linker.cc:398]      0: char[] java.lang.String.ASCII
F/art     ( 4532): sart/runtime/class_linker.cc:398]      1: java.util.Comparator java.lang.String.CASE_INSENSITIVE_ORDER
F/art     ( 4532): sart/runtime/class_linker.cc:398]      2: long java.lang.String.serialVersionUID
F/art     ( 4532): sart/runtime/class_linker.cc:398]      3: char java.lang.String.REPLACEMENT_CHAR
F/art     ( 4532): sart/runtime/class_linker.cc:398]   instance fields (4 entries):
F/art     ( 4532): sart/runtime/class_linker.cc:398]      0: char[] java.lang.String.value
F/art     ( 4532): sart/runtime/class_linker.cc:398]      1: int java.lang.String.count
F/art     ( 4532): sart/runtime/class_linker.cc:398]      2: int java.lang.String.hashCode
F/art     ( 4532): sart/runtime/class_linker.cc:398]      3: int java.lang.String.offset
F/art     ( 4532): sart/runtime/class_linker.cc:398] 
F/art     ( 4532): sart/runtime/runtime.cc:286] Runtime aborting...
F/art     ( 4532): sart/runtime/runtime.cc:286] Aborting thread:
F/art     ( 4532): sart/runtime/runtime.cc:286] "main" prio=5 tid=1 Runnable (still starting up)
F/art     ( 4532): sart/runtime/runtime.cc:286]   | group="" sCount=0 dsCount=0 obj=0x0 self=0xb5007800
F/art     ( 4532): sart/runtime/runtime.cc:286]   | sysTid=4532 nice=0 cgrp=default sched=0/0 handle=0xb6f2dec8
F/art     ( 4532): sart/runtime/runtime.cc:286]   | state=R schedstat=( 1245266503 1078497 15 ) utm=104 stm=20 core=6 HZ=100
F/art     ( 4532): sart/runtime/runtime.cc:286]   | stack=0xbe79c000-0xbe79e000 stackSize=8MB
F/art     ( 4532): sart/runtime/runtime.cc:286]   | held mutexes= "abort lock" "mutator lock"(shared held)
F/art     ( 4532): sart/runtime/runtime.cc:286]   native: #00 pc 000045b4  /system/lib/libbacktrace_libc++.so (UnwindCurrent::Unwind(unsigned int, ucontext*)+23)
F/art     ( 4532): sart/runtime/runtime.cc:286]   native: #01 pc 00002e1d  /system/lib/libbacktrace_libc++.so (Backtrace::Unwind(unsigned int, ucontext*)+8)
F/art     ( 4532): sart/runtime/runtime.cc:286]   native: #02 pc 0025ba7d  /system/lib/libart.so (art::DumpNativeStack(std::__1::basic_ostream<char, std::__1::char_traits<char> >&, int, char const*, art::mirror::ArtMethod*)+84)
F/art     ( 4532): sart/runtime/runtime.cc:286]   native: #03 pc 0023ed1b  /system/lib/libart.so (art::Thread::Dump(std::__1::basic_ostream<char, std::__1::char_traits<char> >&) const+162)
F/art     ( 4532): sart/runtime/runtime.cc:286]   native: #04 pc 0022e579  /system/lib/libart.so (art::AbortState::DumpThread(std::__1::basic_ostream<char, std::__1::char_traits<char> >&, art::Thread*)+32)
F/art     ( 4532): sart/runtime/runtime.cc:286]   native: #05 pc 0022e7e3  /system/lib/libart.so (art::AbortState::Dump(std::__1::basic_ostream<char, std::__1::char_traits<char> >&)+354)
F/art     ( 4532): sart/runtime/runtime.cc:286]   native: #06 pc 0022e9db  /system/lib/libart.so (art::Runtime::Abort()+82)
F/art     ( 4532): sart/runtime/runtime.cc:286]   native: #07 pc 000a9395  /system/lib/libart.so (art::LogMessage::~LogMessage()+1360)
F/art     ( 4532): sart/runtime/runtime.cc:286]   native: #08 pc 000e0a15  /system/lib/libart.so (art::ClassLinker::InitWithoutImage(std::__1::vector<art::DexFile const*, std::__1::allocator<art::DexFile const*> > const&)+10180)
F/art     ( 4532): sart/runtime/runtime.cc:286]   native: #09 pc 00230695  /system/lib/libart.so (art::Runtime::Init(std::__1::vector<std::__1::pair<std::__1::basic_string<char, std::__1::char_traits<char>, std::__1::allocator<char> >, void const*>, std::__1::allocator<std::__1::pair<std::__1::basic_string<char, std::__1::char_traits<char>, std::__1::allocator<char> >, void const*> > > const&, bool)+3076)
F/art     ( 4532): sart/runtime/runtime.cc:286]   native: #10 pc 00231b63  /system/lib/libart.so (art::Runtime::Create(std::__1::vector<std::__1::pair<std::__1::basic_string<char, std::__1::char_traits<char>, std::__1::allocator<char> >, void const*>, std::__1::allocator<std::__1::pair<std::__1::basic_string<char, std::__1::char_traits<char>, std::__1::allocator<char> >, void const*> > > const&, bool)+58)
F/art     ( 4532): sart/runtime/runtime.cc:286]   native: #11 pc 001e4047  /system/lib/libart.so (JNI_CreateJavaVM+470)
F/art     ( 4532): sart/runtime/runtime.cc:286]   native: #12 pc 0005ad93  /system/lib/libandroid_runtime.so (android::AndroidRuntime::startVm(_JavaVM**, _JNIEnv**)+2174)
F/art     ( 4532): sart/runtime/runtime.cc:286]   native: #13 pc 0005b3bf  /system/lib/libandroid_runtime.so (android::AndroidRuntime::start(char const*, android::Vector<android::String8> const&)+250)
F/art     ( 4532): sart/runtime/runtime.cc:286]   native: #14 pc 00001655  /system/bin/app_process32 (???)
F/art     ( 4532): sart/runtime/runtime.cc:286]   native: #15 pc 0000fb75  /system/lib/libc.so (__libc_init+44)
F/art     ( 4532): sart/runtime/runtime.cc:286]   native: #16 pc 00001770  /system/bin/app_process32 (???)
F/art     ( 4532): sart/runtime/runtime.cc:286]   (no managed stack frames)
F/art     ( 4532): sart/runtime/runtime.cc:286] Dumping all threads without appropriate locks held: thread list lock
F/art     ( 4532): sart/runtime/runtime.cc:286] All threads:
F/art     ( 4532): sart/runtime/runtime.cc:286] DALVIK THREADS (1):
F/art     ( 4532): sart/runtime/runtime.cc:286] "main" prio=5 tid=1 Runnable (still starting up)
F/art     ( 4532): sart/runtime/runtime.cc:286]   | group="" sCount=0 dsCount=0 obj=0x0 self=0xb5007800
F/art     ( 4532): sart/runtime/runtime.cc:286]   | sysTid=4532 nice=0 cgrp=default sched=0/0 handle=0xb6f2dec8
F/art     ( 4532): sart/runtime/runtime.cc:286]   | state=R schedstat=( 1255268128 1078497 15 ) utm=104 stm=21 core=6 HZ=100
F/art     ( 4532): sart/runtime/runtime.cc:286]   | stack=0xbe79c000-0xbe79e000 stackSize=8MB
F/art     ( 4532): sart/runtime/runtime.cc:286]   | held mutexes= "abort lock" "mutator lock"(shared held)
F/art     ( 4532): sart/runtime/runtime.cc:286]   native: #00 pc 000045b4  /system/lib/libbacktrace_libc++.so (UnwindCurrent::Unwind(unsigned int, ucontext*)+23)
F/art     ( 4532): sart/runtime/runtime.cc:286]   native: #01 pc 00002e1d  /system/lib/libbacktrace_libc++.so (Backtrace::Unwind(unsigned int, ucontext*)+8)
F/art     ( 4532): sart/runtime/runtime.cc:286]   native: #02 pc 0025ba7d  /system/lib/libart.so (art::DumpNativeStack(std::__1::basic_ostream<char, std::__1::char_traits<char> >&, int, char const*, art::mirror::ArtMethod*)+84)
F/art     ( 4532): sart/runtime/runtime.cc:286]   native: #03 pc 0023ed1b  /system/lib/libart.so (art::Thread::Dump(std::__1::basic_ostream<char, std::__1::char_traits<char> >&) const+162)
F/art     ( 4532): sart/runtime/runtime.cc:286]   native: #04 pc 00247e3d  /system/lib/libart.so (art::ThreadList::DumpLocked(std::__1::basic_ostream<char, std::__1::char_traits<char> >&)+120)
F/art     ( 4532): sart/runtime/runtime.cc:286]   native: #05 pc 0022e791  /system/lib/libart.so (art::AbortState::Dump(std::__1::basic_ostream<char, std::__1::char_traits<char> >&)+272)
F/art     ( 4532): sart/runtime/runtime.cc:286]   native: #06 pc 0022e9db  /system/lib/libart.so (art::Runtime::Abort()+82)
F/art     ( 4532): sart/runtime/runtime.cc:286]   native: #07 pc 000a9395  /system/lib/libart.so (art::LogMessage::~LogMessage()+1360)
F/art     ( 4532): sart/runtime/runtime.cc:286]   native: #08 pc 000e0a15  /system/lib/libart.so (art::ClassLinker::InitWithoutImage(std::__1::vector<art::DexFile const*, std::__1::allocator<art::DexFile const*> > const&)+10180)
F/art     ( 4532): sart/runtime/runtime.cc:286]   native: #09 pc 00230695  /system/lib/libart.so (art::Runtime::Init(std::__1::vector<std::__1::pair<std::__1::basic_string<char, std::__1::char_traits<char>, std::__1::allocator<char> >, void const*>, std::__1::allocator<std::__1::pair<std::__1::basic_string<char, std::__1::char_traits<char>, std::__1::allocator<char> >, void const*> > > const&, bool)+3076)
F/art     ( 4532): sart/runtime/runtime.cc:286]   native: #10 pc 00231b63  /system/lib/libart.so (art::Runtime::Create(std::__1::vector<std::__1::pair<std::__1::basic_string<char, std::__1::char_traits<char>, std::__1::allocator<char> >, void const*>, std::__1::allocator<std::__1::pair<std::__1::basic_string<char, std::__1::char_traits<char>, std::__1::allocator<char> >, void const*> > > const&, bool)+58)
F/art     ( 4532): sart/runtime/runtime.cc:286]   native: #11 pc 001e4047  /system/lib/libart.so (JNI_CreateJavaVM+470)
F/art     ( 4532): sart/runtime/runtime.cc:286]   native: #12 pc 0005ad93  /system/lib/libandroid_runtime.so (android::AndroidRuntime::startVm(_JavaVM**, _JNIEnv**)+2174)
F/art     ( 4532): sart/runtime/runtime.cc:286]   native: #13 pc 0005b3bf  /system/lib/libandroid_runtime.so (android::AndroidRuntime::start(char const*, android::Vector<android::String8> const&)+250)
F/art     ( 4532): sart/runtime/runtime.cc:286]   native: #14 pc 00001655  /system/bin/app_process32 (???)
F/art     ( 4532): sart/runtime/runtime.cc:286]   native: #15 pc 0000fb75  /system/lib/libc.so (__libc_init+44)
F/art     ( 4532): sart/runtime/runtime.cc:286]   native: #16 pc 00001770  /system/bin/app_process32 (???)
F/art     ( 4532): sart/runtime/runtime.cc:286]   (no managed stack frames)
F/art     ( 4532): sart/runtime/runtime.cc:286] 
F/art     ( 4532): sart/runtime/runtime.cc:286] 
F/libc    ( 4532): Fatal signal 6 (SIGABRT), code -6 in tid 4532 (main)
I/DEBUG   ( 3674): property debug.db.uid not set; NOT waiting for gdb.
I/DEBUG   ( 3674): HINT: adb shell setprop debug.db.uid 100000
I/DEBUG   ( 3674): HINT: adb forward tcp:5039 tcp:5039
E/display ( 3669): invalid gralloc handle (at 0x0)
E/display ( 3669): invalid gralloc handle (at 0x0)
E/display ( 3669): invalid gralloc handle (at 0x0)
I/DEBUG   ( 3674): *** *** *** *** *** *** *** *** *** *** *** *** *** *** *** ***
I/DEBUG   ( 3674): Build fingerprint: 'samsung/cm_k3gxx/k3gxx:5.0.2/LRX22G/f127bc35ef:userdebug/test-keys'
I/DEBUG   ( 3674): Revision: '10'
I/DEBUG   ( 3674): ABI: 'arm'
I/DEBUG   ( 3674): pid: 4532, tid: 4532, name: main  >>> zygote <<<
I/DEBUG   ( 3674): signal 6 (SIGABRT), code -6 (SI_TKILL), fault addr --------
V/NatController( 4529): runCmd(/system/bin/iptables -F natctrl_FORWARD) res=0
E/display ( 3669): invalid gralloc handle (at 0x0)
V/NatController( 4529): runCmd(/system/bin/iptables -A natctrl_FORWARD -j DROP) res=0
I/DEBUG   ( 3674): Abort message: 'sart/runtime/class_linker.cc:398] Check failed: java_lang_String.Get() == String_class (java_lang_String.Get()=0x12c0a400, String_class=0x12c0b400) ----- class 'Ljava/lang/String;' cl=0x0 -----'
I/DEBUG   ( 3674):     r0 00000000  r1 000011b4  r2 00000006  r3 00000000
I/DEBUG   ( 3674):     r4 b6f2e114  r5 00000006  r6 00000002  r7 0000010c
I/DEBUG   ( 3674):     r8 00000000  r9 b504f520  sl b5007800  fp 00000001
I/DEBUG   ( 3674):     ip 000011b4  sp bef99218  lr b6eb87b9  pc b6edc4e4  cpsr 600f0010
I/DEBUG   ( 3674): 
I/DEBUG   ( 3674): backtrace:
V/NatController( 4529): runCmd(/system/bin/iptables -t nat -F natctrl_nat_POSTROUTING) res=0
I/DEBUG   ( 3674):     #00 pc 000384e4  /system/lib/libc.so (tgkill+12)
I/DEBUG   ( 3674):     #01 pc 000147b5  /system/lib/libc.so (pthread_kill+52)
I/DEBUG   ( 3674):     #02 pc 0001550b  /system/lib/libc.so (raise+10)
I/DEBUG   ( 3674):     #03 pc 00011c35  /system/lib/libc.so (__libc_android_abort+36)
I/DEBUG   ( 3674):     #04 pc 0000fcb8  /system/lib/libc.so (abort+4)
I/DEBUG   ( 3674):     #05 pc 0022ea33  /system/lib/libart.so (art::Runtime::Abort()+170)
I/DEBUG   ( 3674):     #06 pc 000a9395  /system/lib/libart.so (art::LogMessage::~LogMessage()+1360)
I/DEBUG   ( 3674):     #07 pc 000e0a15  /system/lib/libart.so (art::ClassLinker::InitWithoutImage(std::__1::vector<art::DexFile const*, std::__1::allocator<art::DexFile const*> > const&)+10180)
I/DEBUG   ( 3674):     #08 pc 00230695  /system/lib/libart.so (art::Runtime::Init(std::__1::vector<std::__1::pair<std::__1::basic_string<char, std::__1::char_traits<char>, std::__1::allocator<char> >, void const*>, std::__1::allocator<std::__1::pair<std::__1::basic_string<char, std::__1::char_traits<char>, std::__1::allocator<char> >, void const*> > > const&, bool)+3076)
I/DEBUG   ( 3674):     #09 pc 00231b63  /system/lib/libart.so (art::Runtime::Create(std::__1::vector<std::__1::pair<std::__1::basic_string<char, std::__1::char_traits<char>, std::__1::allocator<char> >, void const*>, std::__1::allocator<std::__1::pair<std::__1::basic_string<char, std::__1::char_traits<char>, std::__1::allocator<char> >, void const*> > > const&, bool)+58)
I/DEBUG   ( 3674):     #10 pc 001e4047  /system/lib/libart.so (JNI_CreateJavaVM+470)
I/DEBUG   ( 3674):     #11 pc 0005ad93  /system/lib/libandroid_runtime.so (android::AndroidRuntime::startVm(_JavaVM**, _JNIEnv**)+2174)
I/DEBUG   ( 3674):     #12 pc 0005b3bf  /system/lib/libandroid_runtime.so (android::AndroidRuntime::start(char const*, android::Vector<android::String8> const&)+250)
I/DEBUG   ( 3674):     #13 pc 00001655  /system/bin/app_process32
I/DEBUG   ( 3674):     #14 pc 0000fb75  /system/lib/libc.so (__libc_init+44)
I/DEBUG   ( 3674):     #15 pc 00001770  /system/bin/app_process32
V/NatController( 4529): runCmd(/system/bin/iptables -F natctrl_tether_counters) res=1
V/NatController( 4529): runCmd(/system/bin/iptables -X natctrl_tether_counters) res=1
E/display ( 3669): invalid gralloc handle (at 0x0)
V/NatController( 4529): runCmd(/system/bin/iptables -N natctrl_tether_counters) res=0
V/NatController( 4529): runCmd(/system/bin/iptables -t mangle -A natctrl_mangle_FORWARD -p tcp --tcp-flags SYN SYN -j TCPMSS --clamp-mss-to-pmtu) res=0
I/DEBUG   ( 3674): 
I/DEBUG   ( 3674): Tombstone written to: /data/tombstones/tombstone_03
E/display ( 3669): invalid gralloc handle (at 0x0)
I/ServiceManager( 3667): service 'media.audio_flinger' died
E/display ( 3669): invalid gralloc handle (at 0x0)
E/display ( 3669): invalid gralloc handle (at 0x0)
E/display ( 3669): invalid gralloc handle (at 0x0)
E/display ( 3669): invalid gralloc handle (at 0x0)
E/display ( 3669): invalid gralloc handle (at 0x0)
E/display ( 3669): invalid gralloc handle (at 0x0)
E/display ( 3669): invalid gralloc handle (at 0x0)
E/display ( 3669): invalid gralloc handle (at 0x0)
E/display ( 3669): invalid gralloc handle (at 0x0)
E/display ( 3669): invalid gralloc handle (at 0x0)
E/display ( 3669): invalid gralloc handle (at 0x0)
E/display ( 3669): invalid gralloc handle (at 0x0)
E/display ( 3669): invalid gralloc handle (at 0x0)
E/display ( 3669): invalid gralloc handle (at 0x0)
E/display ( 3669): invalid gralloc handle (at 0x0)
E/display ( 3669): invalid gralloc handle (at 0x0)
E/display ( 3669): invalid gralloc handle (at 0x0)
E/display ( 3669): invalid gralloc handle (at 0x0)
E/display ( 3669): invalid gralloc handle (at 0x0)
E/display ( 3669): invalid gralloc handle (at 0x0)
E/display ( 3669): invalid gralloc handle (at 0x0)
E/display ( 3669): invalid gralloc handle (at 0x0)
E/display ( 3669): invalid gralloc handle (at 0x0)
E/display ( 3669): invalid gralloc handle (at 0x0)
E/display ( 3669): invalid gralloc handle (at 0x0)
E/display ( 3669): invalid gralloc handle (at 0x0)
E/display ( 3669): invalid gralloc handle (at 0x0)
E/display ( 3669): invalid gralloc handle (at 0x0)
E/display ( 3669): invalid gralloc handle (at 0x0)
E/display ( 3669): invalid gralloc handle (at 0x0)
E/display ( 3669): invalid gralloc handle (at 0x0)
E/display ( 3669): invalid gralloc handle (at 0x0)
E/display ( 3669): invalid gralloc handle (at 0x0)
E/display ( 3669): invalid gralloc handle (at 0x0)
E/display ( 3669): invalid gralloc handle (at 0x0)
E/display ( 3669): invalid gralloc handle (at 0x0)
E/display ( 3669): invalid gralloc handle (at 0x0)
E/display ( 3669): invalid gralloc handle (at 0x0)
E/display ( 3669): invalid gralloc handle (at 0x0)
E/display ( 3669): invalid gralloc handle (at 0x0)
E/display ( 3669): invalid gralloc handle (at 0x0)
E/display ( 3669): invalid gralloc handle (at 0x0)
E/display ( 3669): invalid gralloc handle (at 0x0)
E/display ( 3669): invalid gralloc handle (at 0x0)
E/display ( 3669): invalid gralloc handle (at 0x0)
E/display ( 3669): invalid gralloc handle (at 0x0)
E/display ( 3669): invalid gralloc handle (at 0x0)
E/display ( 3669): invalid gralloc handle (at 0x0)
E/display ( 3669): invalid gralloc handle (at 0x0)
E/display ( 3669): invalid gralloc handle (at 0x0)
E/display ( 3669): invalid gralloc handle (at 0x0)
E/display ( 3669): invalid gralloc handle (at 0x0)
E/display ( 3669): invalid gralloc handle (at 0x0)
E/display ( 3669): invalid gralloc handle (at 0x0)
E/display ( 3669): invalid gralloc handle (at 0x0)
E/display ( 3669): invalid gralloc handle (at 0x0)
E/display ( 3669): invalid gralloc handle (at 0x0)
E/display ( 3669): invalid gralloc handle (at 0x0)
E/display ( 3669): invalid gralloc handle (at 0x0)
E/display ( 3669): invalid gralloc handle (at 0x0)
E/display ( 3669): invalid gralloc handle (at 0x0)
E/display ( 3669): invalid gralloc handle (at 0x0)
E/display ( 3669): invalid gralloc handle (at 0x0)
E/display ( 3669): invalid gralloc handle (at 0x0)
E/display ( 3669): invalid gralloc handle (at 0x0)
E/display ( 3669): invalid gralloc handle (at 0x0)
E/display ( 3669): invalid gralloc handle (at 0x0)
E/display ( 3669): invalid gralloc handle (at 0x0)
E/display ( 3669): invalid gralloc handle (at 0x0)
E/display ( 3669): invalid gralloc handle (at 0x0)
E/display ( 3669): invalid gralloc handle (at 0x0)
E/display ( 3669): invalid gralloc handle (at 0x0)
E/display ( 3669): invalid gralloc handle (at 0x0)
E/display ( 3669): invalid gralloc handle (at 0x0)
E/display ( 3669): invalid gralloc handle (at 0x0)
E/display ( 3669): invalid gralloc handle (at 0x0)
E/display ( 3669): invalid gralloc handle (at 0x0)
E/display ( 3669): invalid gralloc handle (at 0x0)
E/display ( 3669): invalid gralloc handle (at 0x0)
E/display ( 3669): invalid gralloc handle (at 0x0)
I/Netd    ( 4695): Netd 1.0 starting
E/Netd    ( 4695): Failed to open /proc/sys/net/ipv6/conf/default/accept_ra_rt_table: No such file or directory
E/Netd    ( 4695): Failed to open /proc/sys/net/ipv6/conf/ip6tnl0/accept_ra_rt_table: No such file or directory
E/Netd    ( 4695): Failed to open /proc/sys/net/ipv6/conf/lo/accept_ra_rt_table: No such file or directory
E/Netd    ( 4695): Failed to open /proc/sys/net/ipv6/conf/rmnet0/accept_ra_rt_table: No such file or directory
E/Netd    ( 4695): Failed to open /proc/sys/net/ipv6/conf/rmnet1/accept_ra_rt_table: No such file or directory
E/Netd    ( 4695): Failed to open /proc/sys/net/ipv6/conf/rmnet2/accept_ra_rt_table: No such file or directory
E/Netd    ( 4695): Failed to open /proc/sys/net/ipv6/conf/rmnet3/accept_ra_rt_table: No such file or directory
E/Netd    ( 4695): Failed to open /proc/sys/net/ipv6/conf/sit0/accept_ra_rt_table: No such file or directory
E/display ( 3669): invalid gralloc handle (at 0x0)
E/display ( 3669): invalid gralloc handle (at 0x0)
D/AndroidRuntime( 4698): 
D/AndroidRuntime( 4698): >>>>>> AndroidRuntime START com.android.internal.os.ZygoteInit <<<<<<
D/AndroidRuntime( 4698): CheckJNI is OFF
I/art     ( 4698): option[0]=-Xzygote
I/art     ( 4698): option[1]=-Xstacktracefile:/data/anr/traces.txt
I/art     ( 4698): option[2]=exit
I/art     ( 4698): option[3]=vfprintf
I/art     ( 4698): option[4]=sensitiveThread
I/art     ( 4698): option[5]=-verbose:gc
I/art     ( 4698): option[6]=-Xms8m
I/art     ( 4698): option[7]=-Xmx512m
I/art     ( 4698): option[8]=-XX:mainThreadStackSize=24K
I/art     ( 4698): option[9]=-XX:HeapGrowthLimit=128m
I/art     ( 4698): option[10]=-XX:HeapMinFree=2m
I/art     ( 4698): option[11]=-XX:HeapMaxFree=8m
I/art     ( 4698): option[12]=-XX:HeapTargetUtilization=0.75
I/art     ( 4698): option[13]=-agentlib:jdwp=transport=dt_android_adb,suspend=n,server=y
I/art     ( 4698): option[14]=-Xlockprofthreshold:500
I/art     ( 4698): option[15]=-Ximage-compiler-option
I/art     ( 4698): option[16]=--runtime-arg
I/art     ( 4698): option[17]=-Ximage-compiler-option
I/art     ( 4698): option[18]=-Xms64m
I/art     ( 4698): option[19]=-Ximage-compiler-option
I/art     ( 4698): option[20]=--runtime-arg
I/art     ( 4698): option[21]=-Ximage-compiler-option
I/art     ( 4698): option[22]=-Xmx64m
I/art     ( 4698): option[23]=-Ximage-compiler-option
I/art     ( 4698): option[24]=--image-classes-zip=/system/framework/framework.jar
I/art     ( 4698): option[25]=-Ximage-compiler-option
I/art     ( 4698): option[26]=--image-classes=preloaded-classes
I/art     ( 4698): option[27]=-Xcompiler-option
I/art     ( 4698): option[28]=--runtime-arg
I/art     ( 4698): option[29]=-Xcompiler-option
I/art     ( 4698): option[30]=-Xms64m
I/art     ( 4698): option[31]=-Xcompiler-option
I/art     ( 4698): option[32]=--runtime-arg
I/art     ( 4698): option[33]=-Xcompiler-option
I/art     ( 4698): option[34]=-Xmx512m
I/art     ( 4698): option[35]=-Duser.language=es
I/art     ( 4698): option[36]=-Duser.region=US
I/art     ( 4698): Pruning dalvik-cache since we are generating an image and will need to recompile
W/art     ( 4698): Prune Dex Cache
I/art     ( 4698): Using an offset of 0xffebb000 from default art base address of 0x70000000
I/art     ( 4698): GenerateImage: /system/bin/dex2oat --image=/data/dalvik-cache/arm/system@framework@boot.art --dex-file=/system/framework/core-libart.jar --dex-file=/system/framework/conscrypt.jar --dex-file=/system/framework/okhttp.jar --dex-file=/system/framework/core-junit.jar --dex-file=/system/framework/bouncycastle.jar --dex-file=/system/framework/ext.jar --dex-file=/system/framework/framework.jar --dex-file=/system/framework/telephony-common.jar --dex-file=/system/framework/voip-common.jar --dex-file=/system/framework/ims-common.jar --dex-file=/system/framework/mms-common.jar --dex-file=/system/framework/android.policy.jar --dex-file=/system/framework/apache-xml.jar --oat-file=/data/dalvik-cache/arm/system@framework@boot.oat --instruction-set=arm --instruction-set-features=div --base=0x6febb000 --runtime-arg -Xms64m --runtime-arg -Xmx64m --image-classes-zip=/system/framework/framework.jar --image-classes=preloaded-classes
I/mediaserver( 4696): ServiceManager: 0xb60500c0
I/AudioFlinger( 4696): Using default 3000 mSec as standby time.
E/display ( 3669): invalid gralloc handle (at 0x0)
I/ServiceManager( 4696): Waiting for service batterystats...
W/art     ( 4698): Prune Dex Cache
