I/PackageManager( 4916): SELinux relabeling of com.android.packageinstaller issued.
I/art     ( 4916): DexFile_isDexOptNeeded failed to open oat file '/data/dalvik-cache/arm/system@app@PackageInstaller@PackageInstaller.apk@classes.dex' for file location '/system/app/PackageInstaller/PackageInstaller.apk': Failed to open oat filename for reading: No such file or directory
I/art     ( 4916): DexFile_isDexOptNeeded failed to open oat file '/system/app/PackageInstaller/arm/PackageInstaller.odex' for file location '/system/app/PackageInstaller/PackageInstaller.apk': Failed to open oat filename for reading: No such file or directory
I/PackageManager( 4916): SELinux relabeling of com.android.phasebeam issued.
I/art     ( 4916): DexFile_isDexOptNeeded failed to open oat file '/data/dalvik-cache/arm/system@app@PhaseBeam@PhaseBeam.apk@classes.dex' for file location '/system/app/PhaseBeam/PhaseBeam.apk': Failed to open oat filename for reading: No such file or directory
I/art     ( 4916): DexFile_isDexOptNeeded failed to open oat file '/system/app/PhaseBeam/arm/PhaseBeam.odex' for file location '/system/app/PhaseBeam/PhaseBeam.apk': Failed to open oat filename for reading: No such file or directory
I/PackageManager( 4916): SELinux relabeling of org.cyanogenmod.wallpapers.photophase issued.
I/art     ( 4916): DexFile_isDexOptNeeded failed to open oat file '/data/dalvik-cache/arm/system@app@PhotoPhase@PhotoPhase.apk@classes.dex' for file location '/system/app/PhotoPhase/PhotoPhase.apk': Failed to open oat filename for reading: No such file or directory
I/art     ( 4916): DexFile_isDexOptNeeded failed to open oat file '/system/app/PhotoPhase/arm/PhotoPhase.odex' for file location '/system/app/PhotoPhase/PhotoPhase.apk': Failed to open oat filename for reading: No such file or directory
I/PackageManager( 4916): SELinux relabeling of com.android.dreams.phototable issued.
I/art     ( 4916): DexFile_isDexOptNeeded failed to open oat file '/data/dalvik-cache/arm/system@app@PhotoTable@PhotoTable.apk@classes.dex' for file location '/system/app/PhotoTable/PhotoTable.apk': Failed to open oat filename for reading: No such file or directory
I/art     ( 4916): DexFile_isDexOptNeeded failed to open oat file '/system/app/PhotoTable/arm/PhotoTable.odex' for file location '/system/app/PhotoTable/PhotoTable.apk': Failed to open oat filename for reading: No such file or directory
I/PackageManager( 4916): SELinux relabeling of com.svox.pico issued.
I/art     ( 4916): DexFile_isDexOptNeeded failed to open oat file '/data/dalvik-cache/arm/system@app@PicoTts@PicoTts.apk@classes.dex' for file location '/system/app/PicoTts/PicoTts.apk': Failed to open oat filename for reading: No such file or directory
I/art     ( 4916): DexFile_isDexOptNeeded failed to open oat file '/system/app/PicoTts/arm/PicoTts.odex' for file location '/system/app/PicoTts/PicoTts.apk': Failed to open oat filename for reading: No such file or directory
I/PackageManager( 4916): SELinux relabeling of com.android.printspooler issued.
I/art     ( 4916): DexFile_isDexOptNeeded failed to open oat file '/data/dalvik-cache/arm/system@app@PrintSpooler@PrintSpooler.apk@classes.dex' for file location '/system/app/PrintSpooler/PrintSpooler.apk': Failed to open oat filename for reading: No such file or directory
I/art     ( 4916): DexFile_isDexOptNeeded failed to open oat file '/system/app/PrintSpooler/arm/PrintSpooler.odex' for file location '/system/app/PrintSpooler/PrintSpooler.apk': Failed to open oat filename for reading: No such file or directory
I/PackageManager( 4916): SELinux relabeling of com.android.provision issued.
I/art     ( 4916): DexFile_isDexOptNeeded failed to open oat file '/data/dalvik-cache/arm/system@app@Provision@Provision.apk@classes.dex' for file location '/system/app/Provision/Provision.apk': Failed to open oat filename for reading: No such file or directory
I/art     ( 4916): DexFile_isDexOptNeeded failed to open oat file '/system/app/Provision/arm/Provision.odex' for file location '/system/app/Provision/Provision.apk': Failed to open oat filename for reading: No such file or directory
I/PackageManager( 4916): SELinux relabeling of com.android.soundrecorder issued.
I/art     ( 4916): DexFile_isDexOptNeeded failed to open oat file '/data/dalvik-cache/arm/system@app@SoundRecorder@SoundRecorder.apk@classes.dex' for file location '/system/app/SoundRecorder/SoundRecorder.apk': Failed to open oat filename for reading: No such file or directory
I/art     ( 4916): DexFile_isDexOptNeeded failed to open oat file '/system/app/SoundRecorder/arm/SoundRecorder.odex' for file location '/system/app/SoundRecorder/SoundRecorder.apk': Failed to open oat filename for reading: No such file or directory
I/PackageManager( 4916): /system/app/Stk changed; collecting certs
I/art     ( 4916): DexFile_isDexOptNeeded failed to open oat file '/data/dalvik-cache/arm/system@app@Stk@Stk.apk@classes.dex' for file location '/system/app/Stk/Stk.apk': Failed to open oat filename for reading: No such file or directory
I/art     ( 4916): DexFile_isDexOptNeeded failed to open oat file '/system/app/Stk/arm/Stk.odex' for file location '/system/app/Stk/Stk.apk': Failed to open oat filename for reading: No such file or directory
I/PackageManager( 4916): SELinux relabeling of com.android.terminal issued.
I/art     ( 4916): DexFile_isDexOptNeeded failed to open oat file '/data/dalvik-cache/arm/system@app@Terminal@Terminal.apk@classes.dex' for file location '/system/app/Terminal/Terminal.apk': Failed to open oat filename for reading: No such file or directory
I/art     ( 4916): DexFile_isDexOptNeeded failed to open oat file '/system/app/Terminal/arm/Terminal.odex' for file location '/system/app/Terminal/Terminal.apk': Failed to open oat filename for reading: No such file or directory
I/PackageManager( 4916): /system/app/UserDictionaryProvider changed; collecting certs
I/art     ( 4916): DexFile_isDexOptNeeded failed to open oat file '/data/dalvik-cache/arm/system@app@UserDictionaryProvider@UserDictionaryProvider.apk@classes.dex' for file location '/system/app/UserDictionaryProvider/UserDictionaryProvider.apk': Failed to open oat filename for reading: No such file or directory
I/art     ( 4916): DexFile_isDexOptNeeded failed to open oat file '/system/app/UserDictionaryProvider/arm/UserDictionaryProvider.odex' for file location '/system/app/UserDictionaryProvider/UserDictionaryProvider.apk': Failed to open oat filename for reading: No such file or directory
I/PackageManager( 4916): SELinux relabeling of com.android.musicvis issued.
I/art     ( 4916): DexFile_isDexOptNeeded failed to open oat file '/data/dalvik-cache/arm/system@app@VisualizationWallpapers@VisualizationWallpapers.apk@classes.dex' for file location '/system/app/VisualizationWallpapers/VisualizationWallpapers.apk': Failed to open oat filename for reading: No such file or directory
I/art     ( 4916): DexFile_isDexOptNeeded failed to open oat file '/system/app/VisualizationWallpapers/arm/VisualizationWallpapers.odex' for file location '/system/app/VisualizationWallpapers/VisualizationWallpapers.apk': Failed to open oat filename for reading: No such file or directory
I/PackageManager( 4916): SELinux relabeling of com.android.smspush issued.
I/art     ( 4916): DexFile_isDexOptNeeded failed to open oat file '/data/dalvik-cache/arm/system@app@WAPPushManager@WAPPushManager.apk@classes.dex' for file location '/system/app/WAPPushManager/WAPPushManager.apk': Failed to open oat filename for reading: No such file or directory
I/art     ( 4916): DexFile_isDexOptNeeded failed to open oat file '/system/app/WAPPushManager/arm/WAPPushManager.odex' for file location '/system/app/WAPPushManager/WAPPushManager.apk': Failed to open oat filename for reading: No such file or directory
I/PackageManager( 4916): SELinux relabeling of org.whispersystems.whisperpush issued.
I/art     ( 4916): DexFile_isDexOptNeeded failed to open oat file '/data/dalvik-cache/arm/system@app@WhisperPush@WhisperPush.apk@classes.dex' for file location '/system/app/WhisperPush/WhisperPush.apk': Failed to open oat filename for reading: No such file or directory
I/art     ( 4916): DexFile_isDexOptNeeded failed to open oat file '/system/app/WhisperPush/arm/WhisperPush.odex' for file location '/system/app/WhisperPush/WhisperPush.apk': Failed to open oat filename for reading: No such file or directory
W/PackageManager( 4916): Failed to parse /system/app/mcRegistry: Missing base APK in /system/app/mcRegistry
I/PackageManager( 4916): SELinux relabeling of com.android.webview issued.
I/art     ( 4916): DexFile_isDexOptNeeded failed to open oat file '/data/dalvik-cache/arm/system@app@webview@webview.apk@classes.dex' for file location '/system/app/webview/webview.apk': Failed to open oat filename for reading: No such file or directory
I/art     ( 4916): DexFile_isDexOptNeeded failed to open oat file '/system/app/webview/arm/webview.odex' for file location '/system/app/webview/webview.apk': Failed to open oat filename for reading: No such file or directory
D/PackageManager( 4916): No files in app dir /system/vendor/app
D/PackageManager( 4916): No files in app dir /oem/app
D/PackageManager( 4916): No files in app dir /vendor/bundled-app
W/PackageManager( 4916): Failed to parse /data/app/mcRegistry: No packages found in split
W/PackageManager( 4916): Package com.speedsoftware.rootexplorer desires unavailable shared library com.sec.android.app.multiwindow; ignoring!
I/PackageManager( 4916): SELinux relabeling of com.speedsoftware.rootexplorer issued.
I/art     ( 4916): DexFile_isDexOptNeeded failed to open oat file '/data/dalvik-cache/arm/data@app@com.speedsoftware.rootexplorer-1@base.apk@classes.dex' for file location '/data/app/com.speedsoftware.rootexplorer-1/base.apk': Failed to open oat filename for reading: No such file or directory
I/art     ( 4916): DexFile_isDexOptNeeded failed to open oat file '/data/app/com.speedsoftware.rootexplorer-1/arm/base.odex' for file location '/data/app/com.speedsoftware.rootexplorer-1/base.apk': Failed to open oat filename for reading: No such file or directory
I/art     ( 4916): DexFile_isDexOptNeeded failed to open oat file '/data/dalvik-cache/arm/data@app@com.speedsoftware.rootexplorer-1@base.apk@classes.dex' for file location '/data/app/com.speedsoftware.rootexplorer-1/base.apk': Failed to open oat filename for reading: No such file or directory
I/art     ( 4916): DexFile_isDexOptNeeded failed to open oat file '/data/app/com.speedsoftware.rootexplorer-1/arm/base.odex' for file location '/data/app/com.speedsoftware.rootexplorer-1/base.apk': Failed to open oat filename for reading: No such file or directory
D/PackageManager( 4916): No files in app dir /data/app-private
W/PackageManager( 4916): Package com.android.gallery3d desires unavailable shared library com.google.android.media.effects; ignoring!
W/PackageManager( 4916): Package com.android.gallery3d desires unavailable shared library com.google.android.media.effects; ignoring!
E/PackageManager( 4916): updateAllSharedLibrariesLPw failed: Package com.android.dialer requires unavailable shared library com.qualcomm.qti.smartsearch; failing!
W/PackageManager( 4916): Package com.android.calculator2 desires unavailable shared library com.sec.android.app.multiwindow; ignoring!
W/PackageManager( 4916): Package com.speedsoftware.rootexplorer desires unavailable shared library com.sec.android.app.multiwindow; ignoring!
W/PackageManager( 4916): Package com.android.mms desires unavailable shared library com.qrd.wappush; ignoring!
I/PackageManager( 4916): Adjusting ABI for : com.android.inputdevices to armeabi-v7a
I/art     ( 4916): DexFile_isDexOptNeeded failed to open oat file '/data/dalvik-cache/arm/system@priv-app@InputDevices@InputDevices.apk@classes.dex' for file location '/system/priv-app/InputDevices/InputDevices.apk': Failed to open oat filename for reading: No such file or directory
I/art     ( 4916): DexFile_isDexOptNeeded failed to open oat file '/system/priv-app/InputDevices/arm/InputDevices.odex' for file location '/system/priv-app/InputDevices/InputDevices.apk': Failed to open oat filename for reading: No such file or directory
I/PackageManager( 4916): Running dexopt on: /system/priv-app/InputDevices/InputDevices.apk pkg=com.android.inputdevices isa=arm vmSafeMode=false
I/dex2oat ( 5068): /system/bin/dex2oat --zip-fd=5 --zip-location=/system/priv-app/InputDevices/InputDevices.apk --oat-fd=6 --oat-location=/data/dalvik-cache/arm/system@priv-app@InputDevices@InputDevices.apk@classes.dex --instruction-set=arm --instruction-set-features=div --runtime-arg -Xms64m --runtime-arg -Xmx512m
I/dex2oat ( 5068): dex2oat took 49.052ms (threads: 8)
I/PackageManager( 4916): Adjusting ABI for : com.cyanogenmod.setupwizard to armeabi-v7a
I/art     ( 4916): DexFile_isDexOptNeeded failed to open oat file '/data/dalvik-cache/arm/system@priv-app@CyanogenSetupWizard@CyanogenSetupWizard.apk@classes.dex' for file location '/system/priv-app/CyanogenSetupWizard/CyanogenSetupWizard.apk': Failed to open oat filename for reading: No such file or directory
I/art     ( 4916): DexFile_isDexOptNeeded failed to open oat file '/system/priv-app/CyanogenSetupWizard/arm/CyanogenSetupWizard.odex' for file location '/system/priv-app/CyanogenSetupWizard/CyanogenSetupWizard.apk': Failed to open oat filename for reading: No such file or directory
I/PackageManager( 4916): Running dexopt on: /system/priv-app/CyanogenSetupWizard/CyanogenSetupWizard.apk pkg=com.cyanogenmod.setupwizard isa=arm vmSafeMode=false
I/dex2oat ( 5077): /system/bin/dex2oat --zip-fd=5 --zip-location=/system/priv-app/CyanogenSetupWizard/CyanogenSetupWizard.apk --oat-fd=6 --oat-location=/data/dalvik-cache/arm/system@priv-app@CyanogenSetupWizard@CyanogenSetupWizard.apk@classes.dex --instruction-set=arm --instruction-set-features=div --runtime-arg -Xms64m --runtime-arg -Xmx512m
I/dex2oat ( 5077): dex2oat took 728.377ms (threads: 8)
I/PackageManager( 4916): Adjusting ABI for : com.android.settings to armeabi-v7a
I/art     ( 4916): DexFile_isDexOptNeeded failed to open oat file '/data/dalvik-cache/arm/system@priv-app@Settings@Settings.apk@classes.dex' for file location '/system/priv-app/Settings/Settings.apk': Failed to open oat filename for reading: No such file or directory
I/art     ( 4916): DexFile_isDexOptNeeded failed to open oat file '/system/priv-app/Settings/arm/Settings.odex' for file location '/system/priv-app/Settings/Settings.apk': Failed to open oat filename for reading: No such file or directory
I/PackageManager( 4916): Running dexopt on: /system/priv-app/Settings/Settings.apk pkg=com.android.settings isa=arm vmSafeMode=false
I/dex2oat ( 5087): /system/bin/dex2oat --zip-fd=5 --zip-location=/system/priv-app/Settings/Settings.apk --oat-fd=6 --oat-location=/data/dalvik-cache/arm/system@priv-app@Settings@Settings.apk@classes.dex --instruction-set=arm --instruction-set-features=div --runtime-arg -Xms64m --runtime-arg -Xmx512m
I/dex2oat ( 5087): dex2oat took 2.071s (threads: 8)
I/PackageManager( 4916): Adjusting ABI for : com.android.keychain to armeabi-v7a
I/art     ( 4916): DexFile_isDexOptNeeded failed to open oat file '/data/dalvik-cache/arm/system@app@KeyChain@KeyChain.apk@classes.dex' for file location '/system/app/KeyChain/KeyChain.apk': Failed to open oat filename for reading: No such file or directory
I/art     ( 4916): DexFile_isDexOptNeeded failed to open oat file '/system/app/KeyChain/arm/KeyChain.odex' for file location '/system/app/KeyChain/KeyChain.apk': Failed to open oat filename for reading: No such file or directory
I/PackageManager( 4916): Running dexopt on: /system/app/KeyChain/KeyChain.apk pkg=com.android.keychain isa=arm vmSafeMode=false
I/dex2oat ( 5097): /system/bin/dex2oat --zip-fd=5 --zip-location=/system/app/KeyChain/KeyChain.apk --oat-fd=6 --oat-location=/data/dalvik-cache/arm/system@app@KeyChain@KeyChain.apk@classes.dex --instruction-set=arm --instruction-set-features=div --runtime-arg -Xms64m --runtime-arg -Xmx512m
I/dex2oat ( 5097): dex2oat took 81.079ms (threads: 8)
I/PackageManager( 4916): Adjusting ABI for : com.android.location.fused to armeabi-v7a
I/art     ( 4916): DexFile_isDexOptNeeded failed to open oat file '/data/dalvik-cache/arm/system@priv-app@FusedLocation@FusedLocation.apk@classes.dex' for file location '/system/priv-app/FusedLocation/FusedLocation.apk': Failed to open oat filename for reading: No such file or directory
I/art     ( 4916): DexFile_isDexOptNeeded failed to open oat file '/system/priv-app/FusedLocation/arm/FusedLocation.odex' for file location '/system/priv-app/FusedLocation/FusedLocation.apk': Failed to open oat filename for reading: No such file or directory
I/PackageManager( 4916): Running dexopt on: /system/priv-app/FusedLocation/FusedLocation.apk pkg=com.android.location.fused isa=arm vmSafeMode=false
I/dex2oat ( 5106): /system/bin/dex2oat --zip-fd=5 --zip-location=/system/priv-app/FusedLocation/FusedLocation.apk --oat-fd=6 --oat-location=/data/dalvik-cache/arm/system@priv-app@FusedLocation@FusedLocation.apk@classes.dex --instruction-set=arm --instruction-set-features=div --runtime-arg -Xms64m --runtime-arg -Xmx512m
I/dex2oat ( 5106): dex2oat took 58.299ms (threads: 8)
I/PackageManager( 4916): Adjusting ABI for : com.android.providers.settings to armeabi-v7a
I/art     ( 4916): DexFile_isDexOptNeeded failed to open oat file '/data/dalvik-cache/arm/system@priv-app@SettingsProvider@SettingsProvider.apk@classes.dex' for file location '/system/priv-app/SettingsProvider/SettingsProvider.apk': Failed to open oat filename for reading: No such file or directory
I/art     ( 4916): DexFile_isDexOptNeeded failed to open oat file '/system/priv-app/SettingsProvider/arm/SettingsProvider.odex' for file location '/system/priv-app/SettingsProvider/SettingsProvider.apk': Failed to open oat filename for reading: No such file or directory
I/PackageManager( 4916): Running dexopt on: /system/priv-app/SettingsProvider/SettingsProvider.apk pkg=com.android.providers.settings isa=arm vmSafeMode=false
I/dex2oat ( 5115): /system/bin/dex2oat --zip-fd=5 --zip-location=/system/priv-app/SettingsProvider/SettingsProvider.apk --oat-fd=6 --oat-location=/data/dalvik-cache/arm/system@priv-app@SettingsProvider@SettingsProvider.apk@classes.dex --instruction-set=arm --instruction-set-features=div --runtime-arg -Xms64m --runtime-arg -Xmx512m
I/dex2oat ( 5115): dex2oat took 182.484ms (threads: 8)
I/PackageManager( 4916): Adjusting ABI for : com.android.development to armeabi-v7a
I/art     ( 4916): DexFile_isDexOptNeeded failed to open oat file '/data/dalvik-cache/arm/system@app@Development@Development.apk@classes.dex' for file location '/system/app/Development/Development.apk': Failed to open oat filename for reading: No such file or directory
I/art     ( 4916): DexFile_isDexOptNeeded failed to open oat file '/system/app/Development/arm/Development.odex' for file location '/system/app/Development/Development.apk': Failed to open oat filename for reading: No such file or directory
I/PackageManager( 4916): Running dexopt on: /system/app/Development/Development.apk pkg=com.android.development isa=arm vmSafeMode=false
I/dex2oat ( 5124): /system/bin/dex2oat --zip-fd=5 --zip-location=/system/app/Development/Development.apk --oat-fd=6 --oat-location=/data/dalvik-cache/arm/system@app@Development@Development.apk@classes.dex --instruction-set=arm --instruction-set-features=div --runtime-arg -Xms64m --runtime-arg -Xmx512m
I/dex2oat ( 5124): dex2oat took 145.720ms (threads: 8)
I/PackageManager( 4916): Time to scan packages: 6.015 seconds
W/PackageManager( 4916): Unknown permission com.google.android.googleapps.permission.GOOGLE_AUTH.mail in package com.android.calendar
W/PackageManager( 4916): Unknown permission com.qualcomm.permission.USE_PHONE_SERVICE in package com.android.dialer
W/PackageManager( 4916): Unknown permission android.permission.ACCESS_SUPERUSER in package com.cyanogenmod.filemanager
W/PackageManager( 4916): Unknown permission com.cyanogenmod.filemanager.permissions.READ_THEME in package com.cyanogenmod.filemanager
W/PackageManager( 4916): Unknown permission com.cyngn.cmstats.SEND_ANALYTICS in package com.cyanogenmod.setupwizard
W/PackageManager( 4916): Unknown permission com.google.android.gallery3d.permission.PICASA_STORE in package com.android.dreams.phototable
W/PackageManager( 4916): Unknown permission com.google.android.googleapps.permission.GOOGLE_AUTH in package com.android.settings
W/PackageManager( 4916): Unknown permission com.android.launcher.permission.READ_SETTINGS in package com.android.settings
W/PackageManager( 4916): Unknown permission com.android.launcher.permission.WRITE_SETTINGS in package com.android.settings
W/PackageManager( 4916): Not granting permission android.permission.DELETE_PACKAGES to package com.svox.pico (protectionLevel=18 flags=0x8be45)
W/PackageManager( 4916): Unknown permission com.google.android.c2dm.permission.RECEIVE in package org.whispersystems.whisperpush
W/PackageManager( 4916): Not granting permission android.permission.BIND_WALLPAPER to package com.android.camera2 (protectionLevel=18 flags=0x58bc45)
W/PackageManager( 4916): Unknown permission com.google.android.gallery3d.permission.GALLERY_PROVIDER in package com.android.bluetooth
W/PackageManager( 4916): Unknown permission com.android.launcher.permission.READ_SETTINGS in package com.android.onetimeinitializer
W/PackageManager( 4916): Unknown permission com.android.launcher.permission.WRITE_SETTINGS in package com.android.onetimeinitializer
W/PackageManager( 4916): Unknown permission com.google.android.c2dm.permission.RECEIVE in package com.cyanogenmod.account
W/PackageManager( 4916): Unknown permission android.permission.ACCESS_SUPERUSER in package com.speedsoftware.rootexplorer
W/PackageManager( 4916): Unknown permission com.android.vending.CHECK_LICENSE in package com.speedsoftware.rootexplorer
W/PackageManager( 4916): Not granting permission android.permission.DEVICE_POWER to package com.android.deskclock (protectionLevel=2 flags=0x48be45)
W/PackageManager( 4916): Unknown permission com.android.deskclock.worldclock.permissions.WRITE_DATABASE in package com.android.deskclock
W/PackageManager( 4916): Unknown permission com.google.android.googleapps.permission.GOOGLE_AUTH in package com.android.providers.calendar
W/PackageManager( 4916): Unknown permission com.google.android.googleapps.permission.GOOGLE_AUTH.cl in package com.android.providers.calendar
W/PackageManager( 4916): Not granting permission android.permission.WRITE_MEDIA_STORAGE to package com.android.soundrecorder (protectionLevel=18 flags=0x8be45)
W/PackageManager( 4916): Unknown permission android.permission.INSTALL_DRM in package com.android.mms
W/PackageManager( 4916): Unknown permission com.qualcomm.permission.USE_PHONE_SERVICE in package com.android.mms
W/PackageManager( 4916): Not granting permission android.permission.MANAGE_DOCUMENTS to package com.android.mms (protectionLevel=2 flags=0x4049be65)
W/PackageManager( 4916): Not granting permission android.permission.ACCESS_DOWNLOAD_MANAGER to package com.android.browser (protectionLevel=18 flags=0x49be45)
W/PackageManager( 4916): Not granting permission android.permission.SEND_DOWNLOAD_COMPLETED_INTENTS to package com.android.browser (protectionLevel=2 flags=0x49be45)
W/PackageManager( 4916): Unknown permission com.google.android.googleapps.permission.ACCESS_GOOGLE_PASSWORD in package com.android.development
W/PackageManager( 4916): Unknown permission com.google.android.googleapps.permission.GOOGLE_AUTH in package com.android.development
W/PackageManager( 4916): Unknown permission com.google.android.googleapps.permission.GOOGLE_AUTH.ALL_SERVICES in package com.android.development
W/PackageManager( 4916): Unknown permission com.google.android.googleapps.permission.GOOGLE_AUTH.YouTubeUser in package com.android.development
W/PackageManager( 4916): Unknown permission com.android.launcher.permission.READ_SETTINGS in package com.cyanogenmod.trebuchet
W/PackageManager( 4916): Unknown permission com.android.launcher.permission.WRITE_SETTINGS in package com.cyanogenmod.trebuchet
W/PackageManager( 4916): Unknown permission android.permission.CANCEL_NOTIFICATIONS in package org.cyanogenmod.theme.chooser
V/PackageManager( 4916): Disabling com.google.android.gsf/com.google.android.gsf.update.SystemUpdateActivity
W/PackageManager( 4916): Unable to disable com.google.android.gsf/com.google.android.gsf.update.SystemUpdateActivity
V/PackageManager( 4916): Disabling com.google.android.gsf/com.google.android.gsf.update.SystemUpdateService$Receiver
W/PackageManager( 4916): Unable to disable com.google.android.gsf/com.google.android.gsf.update.SystemUpdateService$Receiver
V/PackageManager( 4916): Disabling com.google.android.gsf/com.google.android.gsf.update.SystemUpdateService$SecretCodeReceiver
W/PackageManager( 4916): Unable to disable com.google.android.gsf/com.google.android.gsf.update.SystemUpdateService$SecretCodeReceiver
V/PackageManager( 4916): Disabling com.google.android.gms/com.google.android.gms.update.SystemUpdateActivity
W/PackageManager( 4916): Unable to disable com.google.android.gms/com.google.android.gms.update.SystemUpdateActivity
V/PackageManager( 4916): Disabling com.google.android.gms/com.google.android.gms.update.SystemUpdateService$Receiver
W/PackageManager( 4916): Unable to disable com.google.android.gms/com.google.android.gms.update.SystemUpdateService$Receiver
V/PackageManager( 4916): Disabling com.google.android.gms/com.google.android.gms.update.SystemUpdateService$ActiveReceiver
W/PackageManager( 4916): Unable to disable com.google.android.gms/com.google.android.gms.update.SystemUpdateService$ActiveReceiver
V/PackageManager( 4916): Disabling com.google.android.gms/com.google.android.gms.update.SystemUpdateService$SecretCodeReceiver
W/PackageManager( 4916): Unable to disable com.google.android.gms/com.google.android.gms.update.SystemUpdateService$SecretCodeReceiver
V/PackageManager( 4916): Enabling com.google.android.gsf/com.google.android.gsf.update.SystemUpdateService
W/PackageManager( 4916): Unable to enable com.google.android.gsf/com.google.android.gsf.update.SystemUpdateService
V/PackageManager( 4916): Enabling com.google.android.gms/com.google.android.gms.update.SystemUpdateService
W/PackageManager( 4916): Unable to enable com.google.android.gms/com.google.android.gms.update.SystemUpdateService
I/art     ( 4916): Explicit concurrent mark sweep GC freed 76016(5MB) AllocSpace objects, 12(192KB) LOS objects, 33% free, 18MB/27MB, paused 1.385ms total 53.127ms
I/SystemServer( 4916): User Service
I/lowmemorykiller( 3659): ActivityManager connected
I/SystemServiceManager( 4916): Starting com.android.server.lights.LightsService
I/SystemServiceManager( 4916): Starting com.android.server.BatteryService
I/SystemServiceManager( 4916): Starting com.android.server.usage.UsageStatsService
I/SystemServiceManager( 4916): Starting com.android.server.webkit.WebViewUpdateService
I/SystemServer( 4916): Reading configuration...
I/SystemServer( 4916): Scheduling Policy
I/SystemServer( 4916): Telephony Registry
I/SystemServer( 4916): Entropy Mixer
I/EntropyMixer( 4916): Added HW RNG output to entropy pool
I/EntropyMixer( 4916): Writing entropy...
I/SystemServer( 4916): Account Manager
I/SystemServer( 4916): Content Manager
I/SystemServer( 4916): System Content Providers
W/ActivityManager( 4916): Can't addPackageDependency on system process
D/SettingsProvider( 4916): Generated and saved new ANDROID_ID [6d13f495177e89d] for user 0
W/CoreSettingsObserver( 4916): Cannot find setting "debug_view_attributes"
W/CoreSettingsObserver( 4916): android.provider.Settings$SettingNotFoundException: debug_view_attributes
W/CoreSettingsObserver( 4916): 	at android.provider.Settings$Global.getInt(Settings.java:8060)
W/CoreSettingsObserver( 4916): 	at com.android.server.am.CoreSettingsObserver.populateSettings(CoreSettingsObserver.java:129)
W/CoreSettingsObserver( 4916): 	at com.android.server.am.CoreSettingsObserver.sendCoreSettings(CoreSettingsObserver.java:82)
W/CoreSettingsObserver( 4916): 	at com.android.server.am.CoreSettingsObserver.<init>(CoreSettingsObserver.java:65)
W/CoreSettingsObserver( 4916): 	at com.android.server.am.ActivityManagerService.installSystemProviders(ActivityManagerService.java:9976)
W/CoreSettingsObserver( 4916): 	at com.android.server.SystemServer.startOtherServices(SystemServer.java:482)
W/CoreSettingsObserver( 4916): 	at com.android.server.SystemServer.run(SystemServer.java:284)
W/CoreSettingsObserver( 4916): 	at com.android.server.SystemServer.main(SystemServer.java:185)
W/CoreSettingsObserver( 4916): 	at java.lang.reflect.Method.invoke(Native Method)
W/CoreSettingsObserver( 4916): 	at java.lang.reflect.Method.invoke(Method.java:372)
W/CoreSettingsObserver( 4916): 	at com.android.internal.os.ZygoteInit$MethodAndArgsCaller.run(ZygoteInit.java:898)
W/CoreSettingsObserver( 4916): 	at com.android.internal.os.ZygoteInit.main(ZygoteInit.java:693)
I/SystemServer( 4916): Vibrator Service
I/SystemServer( 4916): Consumer IR Service
I/SystemServiceManager( 4916): Starting com.android.server.AlarmManagerService
D/AlarmManagerService( 4916): Kernel timezone updated to 180 minutes west of GMT
I/SystemServer( 4916): Init Watchdog
I/SystemServer( 4916): Input Manager
I/InputManager( 4916): Initializing input manager, mUseDevInputEventForAudioJack=false
I/SystemServer( 4916): Window Manager
I/WindowManager( 4916): No existing display settings /data/system/display_settings.xml; starting empty
D/PermissionCache( 3662): checking android.permission.ACCESS_SURFACE_FLINGER for uid=1000 => granted (1001 us)
W/Settings( 4916): Setting dev_force_show_navbar has moved from android.provider.Settings.System to android.provider.Settings.Secure, returning Secure URI.
I/InputManager( 4916): Starting input manager
D/EventHub( 4916): No input device configuration file found for device 'hrm_sensor'.
I/SystemServer( 4916): Bluetooth Manager Service
D/BluetoothManagerService( 4916): Loading stored name and address
D/BluetoothManagerService( 4916): Stored bluetooth Name=null,Address=null
I/SystemServer( 4916): Input Method Service
W/InputMethodManagerService( 4916): Couldn't create dir.: /data/system/inputmethod
W/InputMethodManagerService( 4916): No IME selected. Choose the most applicable IME.
I/InputMethodManagerService( 4916): No default found, using com.android.inputmethod.latin/.LatinIME
D/EventHub( 4916): No input device configuration file found for device 'ssp_context'.
I/SystemServer( 4916): Accessibility Manager
I/ActivityManager( 4916): Config changes=1df8 {1.0 ?mcc?mnc es_US ldltr sw360dp w360dp h640dp 480dpi nrml long port ?uimode ?night -touch -keyb/h/h -nav/h s.2 themeResource=null}
I/ActivityManager( 4916): Config changes=400 {1.0 ?mcc?mnc es_US ldltr sw360dp w360dp h615dp 480dpi nrml long port ?uimode ?night -touch -keyb/h/h -nav/h s.3 themeResource=null}
I/SystemServer( 4916): Mount Service
D/MountService( 4916): got storage path: /storage/sdcard0 description: Almacenamiento interno primary: true removable: false emulated: true mtpReserve: 100 allowMassStorage: false maxFileSize: 0
D/MountService( 4916): addVolumeLocked() StorageVolume:
D/MountService( 4916):     mStorageId=65537 mPath=/storage/emulated/0 mDescriptionId=17040999 
D/MountService( 4916):     mPrimary=true mRemovable=false mEmulated=true mMtpReserveSpace=100 
D/MountService( 4916):     mAllowMassStorage=false mMaxFileSize=0 mOwner=UserHandle{0} mUuid=null 
D/MountService( 4916):     mUserLabel=null mState=null 
D/MountService( 4916): got storage path: /storage/sdcard1 description: Tarjeta SD primary: false removable: true emulated: false mtpReserve: 0 allowMassStorage: true maxFileSize: 0
D/MountService( 4916): addVolumeLocked() StorageVolume:
D/MountService( 4916):     mStorageId=0 mPath=/storage/sdcard1 mDescriptionId=17041000 mPrimary=false 
D/MountService( 4916):     mRemovable=true mEmulated=false mMtpReserveSpace=0 mAllowMassStorage=true 
D/MountService( 4916):     mMaxFileSize=0 mOwner=null mUuid=null mUserLabel=null mState=null 
D/MountService( 4916): got storage path: /storage/usbdisk description: Almacenamiento USB primary: false removable: true emulated: false mtpReserve: 0 allowMassStorage: false maxFileSize: 0
D/MountService( 4916): addVolumeLocked() StorageVolume:
D/MountService( 4916):     mStorageId=0 mPath=/storage/usbdisk mDescriptionId=17041001 mPrimary=false 
D/MountService( 4916):     mRemovable=true mEmulated=false mMtpReserveSpace=0 mAllowMassStorage=false 
D/MountService( 4916):     mMaxFileSize=0 mOwner=null mUuid=null mUserLabel=null mState=null 
I/art     ( 4916): DexFile_isDexOptNeeded failed to open oat file '/data/dalvik-cache/arm/system@priv-app@TelephonyProvider@TelephonyProvider.apk@classes.dex' for file location '/system/priv-app/TelephonyProvider/TelephonyProvider.apk': Failed to open oat filename for reading: No such file or directory
I/art     ( 4916): DexFile_isDexOptNeeded failed to open oat file '/system/priv-app/TelephonyProvider/arm/TelephonyProvider.odex' for file location '/system/priv-app/TelephonyProvider/TelephonyProvider.apk': Failed to open oat filename for reading: No such file or directory
I/PackageManager( 4916): Running dexopt on: /system/priv-app/TelephonyProvider/TelephonyProvider.apk pkg=com.android.providers.telephony isa=arm vmSafeMode=false
D/MountService( 4916): volume state changed for /storage/sdcard1 (unmounted -> removed)
D/MountService( 4916): volume state changed for /storage/usbdisk (unmounted -> removed)
I/PackageManager( 4916): No secure containers found
W/PackageManager( 4916): Unknown permission com.google.android.googleapps.permission.GOOGLE_AUTH.mail in package com.android.calendar
W/PackageManager( 4916): Unknown permission com.qualcomm.permission.USE_PHONE_SERVICE in package com.android.dialer
W/PackageManager( 4916): Unknown permission android.permission.ACCESS_SUPERUSER in package com.cyanogenmod.filemanager
W/PackageManager( 4916): Unknown permission com.cyanogenmod.filemanager.permissions.READ_THEME in package com.cyanogenmod.filemanager
W/PackageManager( 4916): Unknown permission com.cyngn.cmstats.SEND_ANALYTICS in package com.cyanogenmod.setupwizard
W/PackageManager( 4916): Unknown permission com.google.android.gallery3d.permission.PICASA_STORE in package com.android.dreams.phototable
W/PackageManager( 4916): Unknown permission com.google.android.googleapps.permission.GOOGLE_AUTH in package com.android.settings
W/PackageManager( 4916): Unknown permission com.android.launcher.permission.READ_SETTINGS in package com.android.settings
W/PackageManager( 4916): Unknown permission com.android.launcher.permission.WRITE_SETTINGS in package com.android.settings
W/PackageManager( 4916): Not granting permission android.permission.DELETE_PACKAGES to package com.svox.pico (protectionLevel=18 flags=0x8be45)
W/PackageManager( 4916): Unknown permission com.google.android.c2dm.permission.RECEIVE in package org.whispersystems.whisperpush
W/PackageManager( 4916): Not granting permission android.permission.BIND_WALLPAPER to package com.android.camera2 (protectionLevel=18 flags=0x58bc45)
W/PackageManager( 4916): Unknown permission com.google.android.gallery3d.permission.GALLERY_PROVIDER in package com.android.bluetooth
W/PackageManager( 4916): Unknown permission com.android.launcher.permission.READ_SETTINGS in package com.android.onetimeinitializer
W/PackageManager( 4916): Unknown permission com.android.launcher.permission.WRITE_SETTINGS in package com.android.onetimeinitializer
W/PackageManager( 4916): Unknown permission com.google.android.c2dm.permission.RECEIVE in package com.cyanogenmod.account
W/PackageManager( 4916): Unknown permission android.permission.ACCESS_SUPERUSER in package com.speedsoftware.rootexplorer
W/PackageManager( 4916): Unknown permission com.android.vending.CHECK_LICENSE in package com.speedsoftware.rootexplorer
W/PackageManager( 4916): Not granting permission android.permission.DEVICE_POWER to package com.android.deskclock (protectionLevel=2 flags=0x48be45)
W/PackageManager( 4916): Unknown permission com.android.deskclock.worldclock.permissions.WRITE_DATABASE in package com.android.deskclock
W/PackageManager( 4916): Unknown permission com.google.android.googleapps.permission.GOOGLE_AUTH in package com.android.providers.calendar
W/PackageManager( 4916): Unknown permission com.google.android.googleapps.permission.GOOGLE_AUTH.cl in package com.android.providers.calendar
W/PackageManager( 4916): Not granting permission android.permission.WRITE_MEDIA_STORAGE to package com.android.soundrecorder (protectionLevel=18 flags=0x8be45)
W/PackageManager( 4916): Unknown permission android.permission.INSTALL_DRM in package com.android.mms
W/PackageManager( 4916): Unknown permission com.qualcomm.permission.USE_PHONE_SERVICE in package com.android.mms
W/PackageManager( 4916): Not granting permission android.permission.MANAGE_DOCUMENTS to package com.android.mms (protectionLevel=2 flags=0x4049be65)
W/PackageManager( 4916): Not granting permission android.permission.ACCESS_DOWNLOAD_MANAGER to package com.android.browser (protectionLevel=18 flags=0x49be45)
W/PackageManager( 4916): Not granting permission android.permission.SEND_DOWNLOAD_COMPLETED_INTENTS to package com.android.browser (protectionLevel=2 flags=0x49be45)
W/PackageManager( 4916): Unknown permission com.google.android.googleapps.permission.ACCESS_GOOGLE_PASSWORD in package com.android.development
W/PackageManager( 4916): Unknown permission com.google.android.googleapps.permission.GOOGLE_AUTH in package com.android.development
W/PackageManager( 4916): Unknown permission com.google.android.googleapps.permission.GOOGLE_AUTH.ALL_SERVICES in package com.android.development
W/PackageManager( 4916): Unknown permission com.google.android.googleapps.permission.GOOGLE_AUTH.YouTubeUser in package com.android.development
W/PackageManager( 4916): Unknown permission com.android.launcher.permission.READ_SETTINGS in package com.cyanogenmod.trebuchet
W/PackageManager( 4916): Unknown permission com.android.launcher.permission.WRITE_SETTINGS in package com.cyanogenmod.trebuchet
W/PackageManager( 4916): Unknown permission android.permission.CANCEL_NOTIFICATIONS in package org.cyanogenmod.theme.chooser
D/EventHub( 4916): No input device configuration file found for device 'meta_event'.
I/dex2oat ( 5151): /system/bin/dex2oat --zip-fd=5 --zip-location=/system/priv-app/TelephonyProvider/TelephonyProvider.apk --oat-fd=6 --oat-location=/data/dalvik-cache/arm/system@priv-app@TelephonyProvider@TelephonyProvider.apk@classes.dex --instruction-set=arm --instruction-set-features=div --runtime-arg -Xms64m --runtime-arg -Xmx512m
I/UsageStatsService( 4916): User[0] Rollover scheduled @ 2015-07-07 21:00:00(1436313600000)
D/OpenGLRenderer( 4916): Render dirty regions requested: true
D/EventHub( 4916): No input device configuration file found for device 'step_cnt_sensor'.
D/EventHub( 4916): No input device configuration file found for device 'uncal_gyro_sensor'.
I/        ( 4916): PLATFORM VERSION : JB-MR-2
I/OpenGLRenderer( 4916): Initialized EGL, version 1.4
D/OpenGLRenderer( 4916): Enabling debug mode 0
D/EventHub( 4916): No input device configuration file found for device 'sig_motion_sensor'.
D/EventHub( 4916): No input device configuration file found for device 'uncal_geomagnetic_sensor'.
I/dex2oat ( 5151): dex2oat took 198.890ms (threads: 8)
I/art     ( 4916): DexFile_isDexOptNeeded failed to open oat file '/data/dalvik-cache/arm/system@priv-app@TeleService@TeleService.apk@classes.dex' for file location '/system/priv-app/TeleService/TeleService.apk': Failed to open oat filename for reading: No such file or directory
I/art     ( 4916): DexFile_isDexOptNeeded failed to open oat file '/system/priv-app/TeleService/arm/TeleService.odex' for file location '/system/priv-app/TeleService/TeleService.apk': Failed to open oat filename for reading: No such file or directory
I/PackageManager( 4916): Running dexopt on: /system/priv-app/TeleService/TeleService.apk pkg=com.android.phone isa=arm vmSafeMode=false
D/EventHub( 4916): No input device configuration file found for device 'geomagnetic_sensor'.
I/dex2oat ( 5176): /system/bin/dex2oat --zip-fd=5 --zip-location=/system/priv-app/TeleService/TeleService.apk --oat-fd=6 --oat-location=/data/dalvik-cache/arm/system@priv-app@TeleService@TeleService.apk@classes.dex --instruction-set=arm --instruction-set-features=div --runtime-arg -Xms64m --runtime-arg -Xmx512m
I/SurfaceFlinger( 3662): Boot is finished (52956 ms)
D/EventHub( 4916): No input device configuration file found for device 'gesture_sensor'.
D/EventHub( 4916): No input device configuration file found for device 'temp_humidity_sensor'.
D/EventHub( 4916): No input device configuration file found for device 'proximity_sensor'.
D/EventHub( 4916): No input device configuration file found for device 'light_sensor'.
D/EventHub( 4916): No input device configuration file found for device 'sii8240_rcp'.
W/EventHub( 4916): Unable to disable kernel key repeat for /dev/input/event0: Function not implemented
I/EventHub( 4916): New device: id=13, fd=105, path='/dev/input/event0', name='sii8240_rcp', classes=0x1, configuration='', keyLayout='/system/usr/keylayout/Generic.kl', keyCharacterMap='/system/usr/keychars/Generic.kcm', builtinKeyboard=false, wakeMechanism=EPOLLWAKEUP, usingClockIoctl=true
E/EventHub( 4916): could not get driver version for /dev/input/mice, Not a typewriter
D/EventHub( 4916): No input device configuration file found for device 'hall'.
D/EventHub( 4916): No input device configuration file found for device 'gpio_keys.16'.
W/EventHub( 4916): Unable to disable kernel key repeat for /dev/input/event16: Function not implemented
I/EventHub( 4916): New device: id=15, fd=108, path='/dev/input/event16', name='gpio_keys.16', classes=0x1, configuration='', keyLayout='/system/usr/keylayout/Generic.kl', keyCharacterMap='/system/usr/keychars/Generic.kcm', builtinKeyboard=false, wakeMechanism=EPOLLWAKEUP, usingClockIoctl=true
D/EventHub( 4916): No input device configuration file found for device 'voicecontrol'.
W/EventHub( 4916): Unable to disable kernel key repeat for /dev/input/event14: Function not implemented
I/EventHub( 4916): New device: id=16, fd=112, path='/dev/input/event14', name='voicecontrol', classes=0x1, configuration='', keyLayout='/system/usr/keylayout/Generic.kl', keyCharacterMap='/system/usr/keychars/Generic.kcm', builtinKeyboard=false, wakeMechanism=EPOLLWAKEUP, usingClockIoctl=true
D/EventHub( 4916): No input device configuration file found for device 'Headset'.
W/EventHub( 4916): Unable to disable kernel key repeat for /dev/input/event15: Function not implemented
I/EventHub( 4916): New device: id=17, fd=111, path='/dev/input/event15', name='Headset', classes=0x1, configuration='', keyLayout='/system/usr/keylayout/Generic.kl', keyCharacterMap='/system/usr/keychars/Generic.kcm', builtinKeyboard=false, wakeMechanism=EPOLLWAKEUP, usingClockIoctl=true
D/EventHub( 4916): No input device configuration file found for device 'sec_touchkey'.
W/EventHub( 4916): Unable to disable kernel key repeat for /dev/input/event17: Function not implemented
I/EventHub( 4916): New device: id=18, fd=113, path='/dev/input/event17', name='sec_touchkey', classes=0x1, configuration='', keyLayout='/system/usr/keylayout/sec_touchkey.kl', keyCharacterMap='/system/usr/keychars/Generic.kcm', builtinKeyboard=false, wakeMechanism=EPOLLWAKEUP, usingClockIoctl=true
D/EventHub( 4916): No input device configuration file found for device 'w1'.
I/dex2oat ( 5176): dex2oat took 788.182ms (threads: 8)
I/art     ( 4916): DexFile_isDexOptNeeded failed to open oat file '/data/dalvik-cache/arm/system@priv-app@DefaultContainerService@DefaultContainerService.apk@classes.dex' for file location '/system/priv-app/DefaultContainerService/DefaultContainerService.apk': Failed to open oat filename for reading: No such file or directory
I/art     ( 4916): DexFile_isDexOptNeeded failed to open oat file '/system/priv-app/DefaultContainerService/arm/DefaultContainerService.odex' for file location '/system/priv-app/DefaultContainerService/DefaultContainerService.apk': Failed to open oat filename for reading: No such file or directory
I/PackageManager( 4916): Running dexopt on: /system/priv-app/DefaultContainerService/DefaultContainerService.apk pkg=com.android.defcontainer isa=arm vmSafeMode=false
I/dex2oat ( 5186): /system/bin/dex2oat --zip-fd=5 --zip-location=/system/priv-app/DefaultContainerService/DefaultContainerService.apk --oat-fd=6 --oat-location=/data/dalvik-cache/arm/system@priv-app@DefaultContainerService@DefaultContainerService.apk@classes.dex --instruction-set=arm --instruction-set-features=div --runtime-arg -Xms64m --runtime-arg -Xmx512m
E/EventHub( 4916): could not get driver version for /dev/input/mouse0, Not a typewriter
I/dex2oat ( 5186): dex2oat took 63.747ms (threads: 8)
I/art     ( 4916): DexFile_isDexOptNeeded failed to open oat file '/data/dalvik-cache/arm/system@priv-app@Telecom@Telecom.apk@classes.dex' for file location '/system/priv-app/Telecom/Telecom.apk': Failed to open oat filename for reading: No such file or directory
I/art     ( 4916): DexFile_isDexOptNeeded failed to open oat file '/system/priv-app/Telecom/arm/Telecom.odex' for file location '/system/priv-app/Telecom/Telecom.apk': Failed to open oat filename for reading: No such file or directory
I/PackageManager( 4916): Running dexopt on: /system/priv-app/Telecom/Telecom.apk pkg=com.android.server.telecom isa=arm vmSafeMode=false
I/dex2oat ( 5195): /system/bin/dex2oat --zip-fd=5 --zip-location=/system/priv-app/Telecom/Telecom.apk --oat-fd=6 --oat-location=/data/dalvik-cache/arm/system@priv-app@Telecom@Telecom.apk@classes.dex --instruction-set=arm --instruction-set-features=div --runtime-arg -Xms64m --runtime-arg -Xmx512m
D/EventHub( 4916): No input device configuration file found for device 'sec_touchscreen'.
W/EventHub( 4916): Unable to disable kernel key repeat for /dev/input/event1: Function not implemented
I/EventHub( 4916): New device: id=20, fd=117, path='/dev/input/event1', name='sec_touchscreen', classes=0x15, configuration='', keyLayout='/system/usr/keylayout/Generic.kl', keyCharacterMap='/system/usr/keychars/Generic.kcm', builtinKeyboard=false, wakeMechanism=EPOLLWAKEUP, usingClockIoctl=true
I/InputReader( 4916): Device added: id=-1, name='Virtual', sources=0x00000301
I/InputReader( 4916):   Touch device 'sec_touchscreen' could not query the properties of its associated display.  The device will be inoperable until the display size becomes available.
I/InputReader( 4916): Device added: id=20, name='sec_touchscreen', sources=0x00005103
I/InputReader( 4916): Device added