--------- beginning of main
I/McDaemon(    0): Daemon starting up...
W/auditd  ( 3676): type=2000 audit(0.0:1): initialized
W/auditd  ( 3676): type=1325 audit(0.0:2): table=filter family=2 entries=0
W/auditd  ( 3676): type=1325 audit(0.0:3): table=mangle family=2 entries=0
W/auditd  ( 3676): type=1325 audit(0.0:4): table=nat family=2 entries=0
W/auditd  ( 3676): type=1325 audit(0.0:5): table=raw family=2 entries=0
W/auditd  ( 3676): type=1325 audit(0.0:6): table=security family=2 entries=0
W/auditd  ( 3676): type=1325 audit(0.0:7): table=filter family=3 entries=0
W/auditd  ( 3676): type=1325 audit(0.0:8): table=filter family=10 entries=0
W/auditd  ( 3676): type=1325 audit(0.0:9): table=mangle family=10 entries=0
W/auditd  ( 3676): type=1325 audit(0.0:10): table=raw family=10 entries=0
I/McDaemon(    0): Socket interface version is 0.2
I/McDaemon(    0): *** t-base-300-Ares-2-Android-V004_P3 ###
I/McDaemon(    0): Build timestamp is Jan 20 2015 11:49:09
I/McDaemon(    0): Checking version of <t-base
I/McDaemon(    0): Product ID is tbase-300_EXYNOS_5422_V004_P3
I/McDaemon(    0): (null)
I/McDaemon(    0): (null)
I/McDaemon(    0): (null)
I/McDaemon(    0): (null)
I/cm      (    0): ____ _   _ ____ _  _ ____ ____ ____ _  _ _  _ ____ ___ 
W/auditd  ( 3676): type=1305 audit(0.0:11): audit_pid=3655 old=0 auid=4294967295 ses=4294967295
W/auditd  ( 3676):  res=1
W/auditd  ( 3676): type=1305 audit(0.0:12): audit_rate_limit=20 old=0 auid=4294967295 ses=4294967295
W/auditd  ( 3676):  res=1
I/lowmemorykiller( 3657): Using in-kernel low memory killer interface
I/cm      ( 3668): |     \_/  |__| |\ | |  | | __ |___ |\ | |\/| |  | |  \ 
I/cm      ( 3675): |___   |   |  | | \| |__| |__] |___ | \| |  | |__| |__/ 
--------- beginning of system
I/auditd  ( 3677): Starting up
I/Vold    ( 3659): Vold 2.1 (the revenge) firing up
D/Vold    ( 3659): Volume sdcard1 state changing -1 (Initializing) -> 0 (No-Media)
D/Vold    ( 3659): Volume usbdisk state changing -1 (Initializing) -> 0 (No-Media)
I/Cryptfs ( 3659): Check if PFE is activated on Boot
E/Cryptfs ( 3659): Bad magic for real block device /dev/block/platform/12200000.dwmmc0/by-name/USERDATA
E/Cryptfs ( 3659): Error getting crypt footer and key
I/DEBUG   ( 3679): debuggerd: Jul  3 2015 03:58:19
I/audit_log( 3677): Previous audit logfile detected, rotating
E/audit_rules( 3677): Could not read audit rules /data/misc/audit/audit.rules: No such file or directory
I/PrProvisioning( 3690): successfully - provisioning start !
I/installd( 3684): installd firing up
I/Netd    ( 3678): Netd 1.0 starting
E/Netd    ( 3678): Failed to open /proc/sys/net/ipv6/conf/default/accept_ra_rt_table: No such file or directory
E/Netd    ( 3678): Failed to open /proc/sys/net/ipv6/conf/ip6tnl0/accept_ra_rt_table: No such file or directory
E/Netd    ( 3678): Failed to open /proc/sys/net/ipv6/conf/lo/accept_ra_rt_table: No such file or directory
E/Netd    ( 3678): Failed to open /proc/sys/net/ipv6/conf/rmnet0/accept_ra_rt_table: No such file or directory
E/Netd    ( 3678): Failed to open /proc/sys/net/ipv6/conf/rmnet1/accept_ra_rt_table: No such file or directory
E/Netd    ( 3678): Failed to open /proc/sys/net/ipv6/conf/rmnet2/accept_ra_rt_table: No such file or directory
E/Netd    ( 3678): Failed to open /proc/sys/net/ipv6/conf/rmnet3/accept_ra_rt_table: No such file or directory
E/Netd    ( 3678): Failed to open /proc/sys/net/ipv6/conf/sit0/accept_ra_rt_table: No such file or directory
I/PrProvisioning( 3690): provisioning already done
I/macloader( 3687): Settting wifi type to wisol in /data/.cid.info
D/macloader( 3687): Change permissions of /data/.cid.info
I/cm      ( 3706): Welcome to Android 5.0.2 / CyanogenMod-12-20150711-UNOFFICIAL-k3gxx 
I/SurfaceFlinger( 3660): SurfaceFlinger is starting
I/SurfaceFlinger( 3660): SurfaceFlinger's main thread ready to run. Initializing graphics H/W...
I/keystore( 3685): SELinux: Keystore SELinux is disabled.
D/gpsd    ( 3686): WakeLock(Release,GPSD)
D/gpsd    ( 3686): WakeLock(Release,SUPL)
I/gpsd_d  ( 3686): GNSS: 219420
D/wrapperGPS( 3686): wrapperOpenClient_RILD
E/wrapperGPS( 3686): wrapperOpenClient_RILD: RegisterUnsolicitedHandler() UNSOL_GPS_NOTI (20009)
D/wrapperGPS( 3686): wrapperRegisterRequestCompleteHandler
D/wrapperGPS( 3686): wrapperRegisterUnsolicitedHandler id(12009), handler(0xb6bc36e9)
D/wrapperGPS( 3686): wrapperRegisterErrorCallback
D/wrapperGPS( 3686): wrapperConnect_RILD
D/libEGL  ( 3660): loaded /vendor/lib/egl/libGLES_mali.so
I/        ( 3660): PLATFORM VERSION : JB-MR-2
I/gralloc ( 3660): using (id=)
I/gralloc ( 3660): xres         = 1080 px
I/gralloc ( 3660): yres         = 1920 px
I/gralloc ( 3660): width        = 65 mm (422.030762 dpi)
I/gralloc ( 3660): height       = 115 mm (424.069580 dpi)
I/gralloc ( 3660): refresh rate = 60.00 Hz
D/WVMDrmPlugIn( 3682): WVMDrmPlugin::onGetSupportInfo : 0
D/hwcomposer( 3660): using
D/hwcomposer( 3660): xres         = 1080 px
D/hwcomposer( 3660): yres         = 1920 px
D/hwcomposer( 3660): width        = 65 mm (422.030000 dpi)
D/hwcomposer( 3660): height       = 115 mm (424.069000 dpi)
D/hwcomposer( 3660): refresh rate = 60 Hz
D/libexynosv4l2-subdev( 3660): try node: /dev/v4l-subdev0
D/libexynosv4l2-subdev( 3660): try node: /dev/v4l-subdev1
D/libexynosv4l2-subdev( 3660): try node: /dev/v4l-subdev2
I/libexynosv4l2-subdev( 3660): node found for device s5p-mixer0: /dev/v4l-subdev2
I/libexynosv4l2-subdev( 3660): open subdev device /dev/v4l-subdev2
I/hwcomposer( 3660): PSR info devname = /sys/devices/14400000.fimd_fb/psr_info
I/hwcomposer( 3660): PSR mode is 2(0: video mode, 1: DP PSR mode, 2: MIPI-DSI command mode)
I/SurfaceFlinger( 3660): Using composer version 1.3
I/SurfaceFlinger( 3660): EGL information:
I/SurfaceFlinger( 3660): vendor    : Android
I/SurfaceFlinger( 3660): version   : 1.4 Android META-EGL
I/SurfaceFlinger( 3660): extensions: EGL_KHR_get_all_proc_addresses EGL_ANDROID_presentation_time EGL_KHR_image EGL_KHR_image_base EGL_KHR_gl_texture_2D_image EGL_KHR_gl_texture_cubemap_image EGL_KHR_gl_renderbuffer_image EGL_KHR_fence_sync EGL_KHR_create_context EGL_ANDROID_image_native_buffer EGL_KHR_wait_sync EGL_ANDROID_recordable 
I/SurfaceFlinger( 3660): Client API: OpenGL_ES
I/SurfaceFlinger( 3660): EGLSurface: 8-8-8-8, config=0xb6acf2ac
I/SurfaceFlinger( 3660): OpenGL ES informations:
I/SurfaceFlinger( 3660): vendor    : ARM
I/SurfaceFlinger( 3660): renderer  : Mali-T628
I/SurfaceFlinger( 3660): version   : OpenGL ES 3.0
I/SurfaceFlinger( 3660): extensions: GL_EXT_debug_marker GL_ARM_rgba8 GL_ARM_mali_shader_binary GL_OES_depth24 GL_OES_depth_texture GL_OES_depth_texture_cube_map GL_OES_packed_depth_stencil GL_OES_rgb8_rgba8 GL_EXT_read_format_bgra GL_OES_compressed_paletted_texture GL_OES_compressed_ETC1_RGB8_texture GL_OES_standard_derivatives GL_OES_EGL_image GL_OES_EGL_image_external GL_OES_EGL_sync GL_OES_texture_npot GL_OES_vertex_half_float GL_OES_required_internalformat GL_OES_vertex_array_object GL_OES_mapbuffer GL_EXT_texture_format_BGRA8888 GL_EXT_texture_rg GL_EXT_texture_type_2_10_10_10_REV GL_OES_fbo_render_mipmap GL_OES_element_index_uint GL_EXT_shadow_samplers GL_OES_texture_compression_astc GL_KHR_texture_compression_astc_ldr GL_KHR_texture_compression_astc_hdr GL_KHR_debug GL_EXT_occlusion_query_boolean GL_EXT_blend_minmax GL_EXT_discard_framebuffer GL_OES_get_program_binary GL_OES_texture_3D GL_EXT_texture_storage GL_EXT_multisampled_render_to_texture GL_OES_surfaceless_context GL_ARM_mali_program_binary 
I/SurfaceFlinger( 3660): GL_MAX_TEXTURE_SIZE = 8192
I/SurfaceFlinger( 3660): GL_MAX_VIEWPORT_DIMS = 8192
D/SurfaceFlinger( 3660): Set power mode=2, type=0 flinger=0xb6a62000
I/hwcomposer( 3660): unblank ioctl failed (display already unblanked)
D/AndroidRuntime( 3688): 
D/AndroidRuntime( 3688): >>>>>> AndroidRuntime START com.android.internal.os.ZygoteInit <<<<<<
D/AndroidRuntime( 3688): CheckJNI is OFF
I/art     ( 3688): option[0]=-Xzygote
I/art     ( 3688): option[1]=-Xstacktracefile:/data/anr/traces.txt
I/art     ( 3688): option[2]=exit
I/art     ( 3688): option[3]=vfprintf
I/art     ( 3688): option[4]=sensitiveThread
I/art     ( 3688): option[5]=-verbose:gc
I/art     ( 3688): option[6]=-Xms16m
I/art     ( 3688): option[7]=-Xmx512m
I/art     ( 3688): option[8]=-XX:mainThreadStackSize=24K
I/art     ( 3688): option[9]=-XX:HeapGrowthLimit=192m
I/art     ( 3688): option[10]=-XX:HeapMinFree=2m
I/art     ( 3688): option[11]=-XX:HeapMaxFree=8m
I/art     ( 3688): option[12]=-XX:HeapTargetUtilization=0.75
I/art     ( 3688): option[13]=-agentlib:jdwp=transport=dt_android_adb,suspend=n,server=y
I/art     ( 3688): option[14]=-Xlockprofthreshold:500
I/art     ( 3688): option[15]=-Ximage-compiler-option
I/art     ( 3688): option[16]=--runtime-arg
I/art     ( 3688): option[17]=-Ximage-compiler-option
I/art     ( 3688): option[18]=-Xms64m
I/art     ( 3688): option[19]=-Ximage-compiler-option
I/art     ( 3688): option[20]=--runtime-arg
I/art     ( 3688): option[21]=-Ximage-compiler-option
I/art     ( 3688): option[22]=-Xmx64m
I/art     ( 3688): option[23]=-Ximage-compiler-option
I/art     ( 3688): option[24]=--image-classes-zip=/system/framework/framework.jar
I/art     ( 3688): option[25]=-Ximage-compiler-option
I/art     ( 3688): option[26]=--image-classes=preloaded-classes
I/art     ( 3688): option[27]=-Xcompiler-option
I/art     ( 3688): option[28]=--runtime-arg
I/art     ( 3688): option[29]=-Xcompiler-option
I/art     ( 3688): option[30]=-Xms64m
I/art     ( 3688): option[31]=-Xcompiler-option
I/art     ( 3688): option[32]=--runtime-arg
I/art     ( 3688): option[33]=-Xcompiler-option
I/art     ( 3688): option[34]=-Xmx512m
I/art     ( 3688): option[35]=-Duser.language=es
I/art     ( 3688): option[36]=-Duser.region=US
I/art     ( 3688): Pruning dalvik-cache since we are relocating an image and will need to recompile
W/art     ( 3688): Unexpected file type of 
W/art     ( 3688):  encountered.
D/SurfaceFlinger( 3660): SF. shader cache generated - 26 shaders in 79.587456 ms
D/libEGL  ( 3831): loaded /vendor/lib/egl/libGLES_mali.so
I/        ( 3831): PLATFORM VERSION : JB-MR-2
E/BootAnimation( 3831): couldn't find audio_conf.txt
I/art     ( 3688): RelocateImage: /system/bin/patchoat --input-image-location=/system/framework/boot.art --output-image-file=/data/dalvik-cache/arm/system@framework@boot.art --input-oat-location=/system/framework/boot.oat --output-oat-file=/data/dalvik-cache/arm/system@framework@boot.oat --instruction-set=arm --base-offset-delta=-6017024
D/BootAnimation( 3831): Use save memory method, maybe small fps in actual.
D/wrapperGPS( 3686): wrapperConnect_RILD
V/NatController( 3678): runCmd(/system/bin/iptables -F natctrl_FORWARD) res=0
V/NatController( 3678): runCmd(/system/bin/iptables -A natctrl_FORWARD -j DROP) res=0
V/NatController( 3678): runCmd(/system/bin/iptables -t nat -F natctrl_nat_POSTROUTING) res=0
V/NatController( 3678): runCmd(/system/bin/iptables -t nat -F natctrl_nat_PREROUTING) res=0
V/NatController( 3678): runCmd(/system/bin/iptables -F natctrl_tether_counters) res=1
V/NatController( 3678): runCmd(/system/bin/iptables -X natctrl_tether_counters) res=1
V/NatController( 3678): runCmd(/system/bin/iptables -N natctrl_tether_counters) res=0
V/NatController( 3678): runCmd(/system/bin/iptables -t mangle -A natctrl_mangle_FORWARD -p tcp --tcp-flags SYN SYN -j TCPMSS --clamp-mss-to-pmtu) res=0
D/wrapperGPS( 3686): wrapperConnect_RILD
E/memtrack( 3688): Couldn't load memtrack module (No such file or directory)
E/android.os.Debug( 3688): failed to load memtrack module: -2
I/SamplingProfilerIntegration( 3688): Profiling disabled.
D/Zygote  ( 3688): begin preload
I/Zygote  ( 3688): Preloading classes...
I/art     ( 3688): Explicit concurrent mark sweep GC freed 994(55KB) AllocSpace objects, 0(0B) LOS objects, 98% free, 70KB/4MB, paused 130us total 4.735ms
I/art     ( 3688): Counter: 1
E/Minikin ( 3688): addFont failed to create font /system/fonts/NotoSansGujarati-Regular.ttf
E/Minikin ( 3688): addFont failed to create font /system/fonts/NotoSansGujarati-Bold.ttf
E/Minikin ( 3688): addFont failed to create font /system/fonts/NotoSansGujaratiUI-Regular.ttf
E/Minikin ( 3688): addFont failed to create font /system/fonts/NotoSansGujaratiUI-Bold.ttf
E/Minikin ( 3688): addFont failed to create font /system/fonts/NotoSansGurmukhi-Regular.ttf
E/Minikin ( 3688): addFont failed to create font /system/fonts/NotoSansGurmukhi-Bold.ttf
E/Minikin ( 3688): addFont failed to create font /system/fonts/NotoSansGurmukhiUI-Regular.ttf
E/Minikin ( 3688): addFont failed to create font /system/fonts/NotoSansGurmukhiUI-Bold.ttf
D/MDnsDS  ( 3678): MDnsSdListener::Hander starting up
D/MDnsDS  ( 3678): MDnsSdListener starting to monitor
D/MDnsDS  ( 3678): Going to poll with pollCount 1
E/Minikin ( 3688): addFont failed to create font /system/fonts/NotoSansSinhala-Regular.ttf
E/Minikin ( 3688): addFont failed to create font /system/fonts/NotoSansSinhala-Bold.ttf
E/Minikin ( 3688): addFont failed to create font /system/fonts/NotoSansCherokee-Regular.ttf
E/Minikin ( 3688): addFont failed to create font /system/fonts/NotoSansCanadianAboriginal-Regular.ttf
E/Minikin ( 3688): addFont failed to create font /system/fonts/NotoSansYi-Regular.ttf
E/Minikin ( 3688): addFont failed to create font /system/fonts/NotoSansHans-Regular.otf
E/Minikin ( 3688): addFont failed to create font /system/fonts/NotoSansHant-Regular.otf
E/Minikin ( 3688): addFont failed to create font /system/fonts/NotoSansJP-Regular.otf
E/Minikin ( 3688): addFont failed to create font /system/fonts/NotoSansKR-Regular.otf
I/art     ( 3688): Thread[1,tid=3688,WaitingForJniOnLoad,Thread*=0xb5107800,peer=0x12c33140,"main"] recursive attempt to load library "/system/lib/libmedia_jni.so"
D/MtpDeviceJNI( 3688): register_android_mtp_MtpDevice
I/art     ( 3688): Thread[1,tid=3688,WaitingForJniOnLoad,Thread*=0xb5107800,peer=0x12c33140,"main"] recursive attempt to load library "/system/lib/libmedia_jni.so"
I/art     ( 3688): Thread[1,tid=3688,WaitingForJniOnLoad,Thread*=0xb5107800,peer=0x12c33140,"main"] recursive attempt to load library "/system/lib/libmedia_jni.so"
D/wrapperGPS( 3686): wrapperConnect_RILD
I/System  ( 3688): Loaded time zone names for "" in 45ms (40ms in ICU)
I/System  ( 3688): Loaded time zone names for "en_US" in 28ms (24ms in ICU)
I/System  ( 3688): Loaded time zone names for "es_US" in 33ms (28ms in ICU)
I/art     ( 3688): Explicit concurrent mark sweep GC freed 32378(1963KB) AllocSpace objects, 0(0B) LOS objects, 71% free, 1613KB/5MB, paused 128us total 12.636ms
I/Zygote  ( 3688): ...preloaded 3005 classes in 800ms.
I/art     ( 3688): VMRuntime.preloadDexCaches starting
I/art     ( 3688): VMRuntime.preloadDexCaches strings total=217316 before=40338 after=40338
I/art     ( 3688): VMRuntime.preloadDexCaches types total=18704 before=6337 after=6380
I/art     ( 3688): VMRuntime.preloadDexCaches fields total=87408 before=32543 after=32871
I/art     ( 3688): VMRuntime.preloadDexCaches methods total=154031 before=66779 after=67657
I/art     ( 3688): VMRuntime.preloadDexCaches finished
I/art     ( 3688): Counter: 0
I/art     ( 3688): Counter: 1
I/art     ( 3688): Explicit concurrent mark sweep GC freed 175(20KB) AllocSpace objects, 0(0B) LOS objects, 71% free, 1593KB/5MB, paused 128us total 7.116ms
D/idmap   ( 4096): error: no read access to /vendor/overlay: No such file or directory
I/Zygote  ( 3688): Preloading resources...
D/BootAnimation( 3831): Use save memory method, maybe small fps in actual.
I/art     ( 3688): Explicit concurrent mark sweep GC freed 4546(159KB) AllocSpace objects, 0(0B) LOS objects, 40% free, 16MB/28MB, paused 188us total 8.657ms
I/Zygote  ( 3688): ...preloaded 430 resources in 369ms.
I/art     ( 3688): Explicit concurrent mark sweep GC freed 564(32KB) AllocSpace objects, 0(0B) LOS objects, 40% free, 16MB/28MB, paused 191us total 9.023ms
I/Zygote  ( 3688): ...preloaded 41 resources in 17ms.
I/art     ( 3688): Counter: 0
D/libEGL  ( 3688): loaded /vendor/lib/egl/libGLES_mali.so
I/Zygote  ( 3688): Preloading shared libraries...
D/Zygote  ( 3688): end preload
I/art     ( 3688): Explicit concurrent mark sweep GC freed 461(21KB) AllocSpace objects, 0(0B) LOS objects, 40% free, 16MB/28MB, paused 186us total 7.761ms
I/art     ( 3688): Explicit concurrent mark sweep GC freed 41(1568B) AllocSpace objects, 0(0B) LOS objects, 40% free, 16MB/28MB, paused 319us total 8.310ms
I/art     ( 3688): Explicit concurrent mark sweep GC freed 5(160B) AllocSpace objects, 0(0B) LOS objects, 40% free, 16MB/28MB, paused 238us total 8.421ms
I/Zygote  ( 3688): System server process 4097 has been created
I/Zygote  ( 3688): Accepting command socket connections
I/art     ( 4097): DexFile_isDexOptNeeded failed to open oat file '/data/dalvik-cache/arm/system@framework@org.cyanogenmod.hardware.jar@classes.dex' for file location '/system/framework/org.cyanogenmod.hardware.jar': Failed to open oat filename for reading: No such file or directory
I/art     ( 4097): DexFile_isDexOptNeeded file /system/framework/arm/org.cyanogenmod.hardware.odex needs to be relocated for /system/framework/org.cyanogenmod.hardware.jar
I/InstallerConnection( 4097): connecting...
I/installd( 3684): new connection
E/installd( 4117): Running /system/bin/patchoat isa=arm in-fd=5 (/system/framework/arm/org.cyanogenmod.hardware.odex) out-fd=6 (/data/dalvik-cache/arm/system@framework@org.cyanogenmod.hardware.jar@classes.dex)
I/art     ( 4097): DexFile_isDexOptNeeded failed to open oat file '/data/dalvik-cache/arm/system@framework@services.jar@classes.dex' for file location '/system/framework/services.jar': Failed to open oat filename for reading: No such file or directory
I/art     ( 4097): DexFile_isDexOptNeeded file /system/framework/arm/services.odex needs to be relocated for /system/framework/services.jar
E/installd( 4118): Running /system/bin/patchoat isa=arm in-fd=5 (/system/framework/arm/services.odex) out-fd=6 (/data/dalvik-cache/arm/system@framework@services.jar@classes.dex)
D/wrapperGPS( 3686): wrapperConnect_RILD
I/art     ( 4097): DexFile_isDexOptNeeded failed to open oat file '/data/dalvik-cache/arm/system@framework@ethernet-service.jar@classes.dex' for file location '/system/framework/ethernet-service.jar': Failed to open oat filename for reading: No such file or directory
I/art     ( 4097): DexFile_isDexOptNeeded file /system/framework/arm/ethernet-service.odex needs to be relocated for /system/framework/ethernet-service.jar
E/installd( 4119): Running /system/bin/patchoat isa=arm in-fd=5 (/system/framework/arm/ethernet-service.odex) out-fd=6 (/data/dalvik-cache/arm/system@framework@ethernet-service.jar@classes.dex)
I/art     ( 4097): DexFile_isDexOptNeeded failed to open oat file '/data/dalvik-cache/arm/system@framework@wifi-service.jar@classes.dex' for file location '/system/framework/wifi-service.jar': Failed to open oat filename for reading: No such file or directory
I/art     ( 4097): DexFile_isDexOptNeeded file /system/framework/arm/wifi-service.odex needs to be relocated for /system/framework/wifi-service.jar
E/installd( 4120): Running /system/bin/patchoat isa=arm in-fd=5 (/system/framework/arm/wifi-service.odex) out-fd=6 (/data/dalvik-cache/arm/system@framework@wifi-service.jar@classes.dex)
I/InstallerConnection( 4097): disconnecting...
E/installd( 3684): eof
E/installd( 3684): failed to read size
I/installd( 3684): closing connection
I/SystemServer( 4097): Entered the Android system server!
V/Fingerprint-JNI( 4097): FingerprintManager JNI ready.
I/        ( 4097): System server: starting sensor init.
D/SensorService( 4097): nuSensorService starting...
I/SystemServiceManager( 4097): Starting com.android.server.pm.Installer
I/Installer( 4097): Waiting for installd to be ready.
I/InstallerConnection( 4097): connecting...
I/installd( 3684): new connection
I/SystemServiceManager( 4097): Starting com.android.server.am.ActivityManagerService$Lifecycle
I/ActivityManager( 4097): Memory class: 192
E/Sensors ( 4097): GeoMagneticSensor, ERROR dev_num = -19
I/ServiceThread( 4097): Enabled StrictMode logging for ActivityManager looper.
E/Sensors ( 4097): UncalMagneticSensor, ERROR dev_num = -19
E/Sensors ( 4097): UncalGyroSensor, ERROR dev_num = -19
E/Sensors ( 4097): GameRotationVector, ERROR dev_num = -19
D/Sensors ( 4097): HrmSpO2Sensor::HrmSpO2Sensor: Shared version Registered 
E/SensorService( 4097): >>>> WARNING <<< Upgrade sensor HAL to version 1_3
I/Sensors ( 4097): HrmSpO2Sensor::enable, handle(16), en(0), what(1/0:aosphrm,1:sshrm, old enabled : 0)
I/Sensors ( 4097): HrmSpO2Sensor is already disabled or have to keep enabled, mEnabled : 0x0, en : 0
I/Sensors ( 4097): HrmSpO2Sensor::enable, handle(17), en(0), what(0/0:aosphrm,1:sshrm, old enabled : 0)
I/Sensors ( 4097): HrmSpO2Sensor is already disabled or have to keep enabled, mEnabled : 0x0, en : 0
I/Sensors ( 4097): HrmSpO2Sensor::enable, handle(18), en(0), what(2/0:aosphrm,1:sshrm, old enabled : 0)
I/Sensors ( 4097): HrmSpO2Sensor is already disabled or have to keep enabled, mEnabled : 0x0, en : 0
I/        ( 4097): System server: sensor init done.
D/SensorService( 4097): nuSensorService thread starting...
D/SensorService( 4097): new thread SensorEventAckReceiver
I/IntentFirewall( 4097): Read new rules (A:0 B:0 S:0)
I/ServiceThread( 4097): Enabled StrictMode logging for android.ui looper.
I/ServiceThread( 4097): Enabled StrictMode logging for android.display looper.
D/AppOps  ( 4097): AppOpsService published
I/SystemServiceManager( 4097): Starting com.android.server.power.PowerManagerService
I/ServiceThread( 4097): Enabled StrictMode logging for PowerManagerService looper.
E/SEC PowerHAL( 4097): sysfs_write : Error opening /sys/devices/system/cpu/cpu0/cpufreq/interactive/multi_enter_load: Permission denied
E/SEC PowerHAL( 4097): sysfs_write : Error opening /sys/devices/system/cpu/cpu0/cpufreq/interactive/single_enter_load: Permission denied
E/SEC PowerHAL( 4097): sysfs_write : Error opening /sys/devices/system/cpu/cpu0/cpufreq/interactive/param_index: Permission denied
E/SEC PowerHAL( 4097): sysfs_write : Error opening /sys/devices/system/cpu/cpu0/cpufreq/interactive/timer_rate: Permission denied
E/SEC PowerHAL( 4097): sysfs_write : Error opening /sys/devices/system/cpu/cpu0/cpufreq/interactive/timer_slack: Permission denied
E/SEC PowerHAL( 4097): sysfs_write : Error opening /sys/devices/system/cpu/cpu0/cpufreq/interactive/min_sample_time: Permission denied
E/SEC PowerHAL( 4097): sysfs_write : Error opening /sys/devices/system/cpu/cpu0/cpufreq/interactive/hispeed_freq: Permission denied
E/SEC PowerHAL( 4097): sysfs_write : Error opening /sys/devices/system/cpu/cpu0/cpufreq/interactive/go_hispeed_load: Permission denied
E/SEC PowerHAL( 4097): sysfs_write : Error opening /sys/devices/system/cpu/cpu0/cpufreq/interactive/target_loads: Permission denied
E/SEC PowerHAL( 4097): sysfs_write : Error opening /sys/devices/system/cpu/cpu0/cpufreq/interactive/above_hispeed_delay: Permission denied
E/SEC PowerHAL( 4097): sysfs_write : Error opening /sys/devices/system/cpu/cpu0/cpufreq/interactive/boostpulse_duration: Permission denied
E/SEC PowerHAL( 4097): sysfs_write : Error opening /sys/devices/system/cpu/cpu4/cpufreq/interactive/multi_enter_load: Permission denied
E/SEC PowerHAL( 4097): sysfs_write : Error opening /sys/devices/system/cpu/cpu4/cpufreq/interactive/multi_enter_time: Permission denied
E/SEC PowerHAL( 4097): sysfs_write : Error opening /sys/devices/system/cpu/cpu4/cpufreq/interactive/multi_exit_load: Permission denied
E/SEC PowerHAL( 4097): sysfs_write : Error opening /sys/devices/system/cpu/cpu4/cpufreq/interactive/multi_exit_time: Permission denied
E/SEC PowerHAL( 4097): sysfs_write : Error opening /sys/devices/system/cpu/cpu4/cpufreq/interactive/single_enter_load: Permission denied
E/SEC PowerHAL( 4097): sysfs_write : Error opening /sys/devices/system/cpu/cpu4/cpufreq/interactive/single_enter_time: Permission denied
E/SEC PowerHAL( 4097): sysfs_write : Error opening /sys/devices/system/cpu/cpu4/cpufreq/interactive/single_exit_load: Permission denied
E/SEC PowerHAL( 4097): sysfs_write : Error opening /sys/devices/system/cpu/cpu4/cpufreq/interactive/single_exit_time: Permission denied
E/SEC PowerHAL( 4097): sysfs_write : Error opening /sys/devices/system/cpu/cpu4/cpufreq/interactive/param_index: Permission denied
E/SEC PowerHAL( 4097): sysfs_write : Error opening /sys/devices/system/cpu/cpu4/cpufreq/interactive/timer_rate: Permission denied
E/SEC PowerHAL( 4097): sysfs_write : Error opening /sys/devices/system/cpu/cpu4/cpufreq/interactive/timer_slack: Permission denied
E/SEC PowerHAL( 4097): sysfs_write : Error opening /sys/devices/system/cpu/cpu4/cpufreq/interactive/min_sample_time: Permission denied
E/SEC PowerHAL( 4097): sysfs_write : Error opening /sys/devices/system/cpu/cpu4/cpufreq/interactive/hispeed_freq: Permission denied
E/SEC PowerHAL( 4097): sysfs_write : Error opening /sys/devices/system/cpu/cpu4/cpufreq/interactive/go_hispeed_load: Permission denied
E/SEC PowerHAL( 4097): sysfs_write : Error opening /sys/devices/system/cpu/cpu4/cpufreq/interactive/target_loads: Permission denied
E/SEC PowerHAL( 4097): sysfs_write : Error opening /sys/devices/system/cpu/cpu4/cpufreq/interactive/above_hispeed_delay: Permission denied
E/SEC PowerHAL( 4097): sysfs_write : Error opening /sys/devices/system/cpu/cpu4/cpufreq/interactive/boostpulse_duration: Permission denied
E/SEC PowerHAL( 4097): sysfs_write : Error opening /sys/devices/system/cpu/cpu4/cpufreq/interactive/param_index: Permission denied
E/SEC PowerHAL( 4097): sysfs_write : Error opening /sys/devices/system/cpu/cpu4/cpufreq/interactive/timer_rate: Permission denied
E/SEC PowerHAL( 4097): sysfs_write : Error opening /sys/devices/system/cpu/cpu4/cpufreq/interactive/min_sample_time: Permission denied
E/SEC PowerHAL( 4097): sysfs_write : Error opening /sys/devices/system/cpu/cpu4/cpufreq/interactive/hispeed_freq: Permission denied
E/SEC PowerHAL( 4097): sysfs_write : Error opening /sys/devices/system/cpu/cpu4/cpufreq/interactive/go_hispeed_load: Permission denied
E/SEC PowerHAL( 4097): sysfs_write : Error opening /sys/devices/system/cpu/cpu4/cpufreq/interactive/target_loads: Permission denied
E/SEC PowerHAL( 4097): sysfs_write : Error opening /sys/devices/system/cpu/cpu4/cpufreq/interactive/above_hispeed_delay: Permission denied
E/SEC PowerHAL( 4097): sysfs_write : Error opening /sys/devices/system/cpu/cpu4/cpufreq/interactive/param_index: Permission denied
E/SEC PowerHAL( 4097): sysfs_write : Error opening /sys/devices/system/cpu/cpu4/cpufreq/interactive/timer_rate: Permission denied
E/SEC PowerHAL( 4097): sysfs_write : Error opening /sys/devices/system/cpu/cpu4/cpufreq/interactive/min_sample_time: Permission denied
E/SEC PowerHAL( 4097): sysfs_write : Error opening /sys/devices/system/cpu/cpu4/cpufreq/interactive/hispeed_freq: Permission denied
E/SEC PowerHAL( 4097): sysfs_write : Error opening /sys/devices/system/cpu/cpu4/cpufreq/interactive/go_hispeed_load: Permission denied
E/SEC PowerHAL( 4097): sysfs_write : Error opening /sys/devices/system/cpu/cpu4/cpufreq/interactive/target_loads: Permission denied
E/SEC PowerHAL( 4097): sysfs_write : Error opening /sys/devices/system/cpu/cpu4/cpufreq/interactive/above_hispeed_delay: Permission denied
E/SEC PowerHAL( 4097): sysfs_write : Error opening /sys/devices/system/cpu/cpu4/cpufreq/interactive/param_index: Permission denied
E/SEC PowerHAL( 4097): sysfs_write : Error opening /sys/devices/system/cpu/cpu4/cpufreq/interactive/timer_rate: Permission denied
E/SEC PowerHAL( 4097): sysfs_write : Error opening /sys/devices/system/cpu/cpu4/cpufreq/interactive/min_sample_time: Permission denied
E/SEC PowerHAL( 4097): sysfs_write : Error opening /sys/devices/system/cpu/cpu4/cpufreq/interactive/hispeed_freq: Permission denied
E/SEC PowerHAL( 4097): sysfs_write : Error opening /sys/devices/system/cpu/cpu4/cpufreq/interactive/go_hispeed_load: Permission denied
E/SEC PowerHAL( 4097): sysfs_write : Error opening /sys/devices/system/cpu/cpu4/cpufreq/interactive/target_loads: Permission denied
E/SEC PowerHAL( 4097): sysfs_write : Error opening /sys/devices/system/cpu/cpu4/cpufreq/interactive/above_hispeed_delay: Permission denied
E/SEC PowerHAL( 4097): sysfs_write : Error opening /sys/devices/system/cpu/cpu4/cpufreq/interactive/param_index: Permission denied
W/libsuspend( 4097): Error writing 'on' to /sys/power/state: Invalid argument
I/libsuspend( 4097): Selected wakeup count
I/SystemServiceManager( 4097): Starting com.android.server.display.DisplayManagerService
I/SystemServiceManager( 4097): Starting phase 100
I/DisplayManagerService( 4097): Display device added: DisplayDeviceInfo{"Pantalla integrada": 1080 x 1920, 60.000004 fps, supportedRefreshRates [60.000004], density 480, 422.03 x 424.069 dpi, appVsyncOff 0, presDeadline 17666666, touch INTERNAL, rotation 0, type BUILT_IN, state UNKNOWN, FLAG_DEFAULT_DISPLAY, FLAG_ROTATES_WITH_CONTENT, FLAG_SECURE, FLAG_SUPPORTS_PROTECTED_BUFFERS}
I/SystemServer( 4097): Package Manager
W/SELinuxMMAC( 4097): Error opening /data/system/seapp_hash. Assuming first boot.
W/PackageManager( 4097): No security bridge jar found, using default
W/SystemConfig( 4097): No directory /system/etc/sysconfig, skipping
D/SELinuxMMAC( 4097): Using policy file /system/etc/security/mac_permissions.xml
D/wrapperGPS( 3686): wrapperConnect_RILD
I/art     ( 4097): DexFile_isDexOptNeeded failed to open oat file '/data/dalvik-cache/arm/system@framework@android.test.runner.jar@classes.dex' for file location '/system/framework/android.test.runner.jar': Failed to open oat filename for reading: No such file or directory
I/art     ( 4097): DexFile_isDexOptNeeded file /system/framework/arm/android.test.runner.odex needs to be relocated for /system/framework/android.test.runner.jar
E/installd( 4139): Running /system/bin/patchoat isa=arm in-fd=5 (/system/framework/arm/android.test.runner.odex) out-fd=6 (/data/dalvik-cache/arm/system@framework@android.test.runner.jar@classes.dex)
I/art     ( 4097): DexFile_isDexOptNeeded failed to open oat file '/data/dalvik-cache/arm/system@framework@com.android.future.usb.accessory.jar@classes.dex' for file location '/system/framework/com.android.future.usb.accessory.jar': Failed to open oat filename for reading: No such file or directory
I/art     ( 4097): DexFile_isDexOptNeeded file /system/framework/arm/com.android.future.usb.accessory.odex needs to be relocated for /system/framework/com.android.future.usb.accessory.jar
E/installd( 4140): Running /system/bin/patchoat isa=arm in-fd=5 (/system/framework/arm/com.android.future.usb.accessory.odex) out-fd=6 (/data/dalvik-cache/arm/system@framework@com.android.future.usb.accessory.jar@classes.dex)
I/art     ( 4097): DexFile_isDexOptNeeded failed to open oat file '/data/dalvik-cache/arm/system@framework@com.android.media.remotedisplay.jar@classes.dex' for file location '/system/framework/com.android.media.remotedisplay.jar': Failed to open oat filename for reading: No such file or directory
I/art     ( 4097): DexFile_isDexOptNeeded file /system/framework/arm/com.android.media.remotedisplay.odex needs to be relocated for /system/framework/com.android.media.remotedisplay.jar
E/installd( 4141): Running /system/bin/patchoat isa=arm in-fd=5 (/system/framework/arm/com.android.media.remotedisplay.odex) out-fd=6 (/data/dalvik-cache/arm/system@framework@com.android.media.remotedisplay.jar@classes.dex)
I/art     ( 4097): DexFile_isDexOptNeeded failed to open oat file '/data/dalvik-cache/arm/system@framework@com.android.location.provider.jar@classes.dex' for file location '/system/framework/com.android.location.provider.jar': Failed to open oat filename for reading: No such file or directory
I/art     ( 4097): DexFile_isDexOptNeeded file /system/framework/arm/com.android.location.provider.odex needs to be relocated for /system/framework/com.android.location.provider.jar
E/installd( 4142): Running /system/bin/patchoat isa=arm in-fd=5 (/system/framework/arm/com.android.location.provider.odex) out-fd=6 (/data/dalvik-cache/arm/system@framework@com.android.location.provider.jar@classes.dex)
I/art     ( 4097): DexFile_isDexOptNeeded failed to open oat file '/data/dalvik-cache/arm/system@framework@javax.obex.jar@classes.dex' for file location '/system/framework/javax.obex.jar': Failed to open oat filename for reading: No such file or directory
I/art     ( 4097): DexFile_isDexOptNeeded file /system/framework/arm/javax.obex.odex needs to be relocated for /system/framework/javax.obex.jar
E/installd( 4143): Running /system/bin/patchoat isa=arm in-fd=5 (/system/framework/arm/javax.obex.odex) out-fd=6 (/data/dalvik-cache/arm/system@framework@javax.obex.jar@classes.dex)
E/art     ( 4097): DexFile_isDexOptNeeded file '/system/framework/com.android.nfc_extras.jar' does not exist
W/PackageManager( 4097): Library not found: /system/framework/com.android.nfc_extras.jar
I/art     ( 4097): DexFile_isDexOptNeeded failed to open oat file '/data/dalvik-cache/arm/system@framework@com.android.mediadrm.signer.jar@classes.dex' for file location '/system/framework/com.android.mediadrm.signer.jar': Failed to open oat filename for reading: No such file or directory
I/art     ( 4097): DexFile_isDexOptNeeded file /system/framework/arm/com.android.mediadrm.signer.odex needs to be relocated for /system/framework/com.android.mediadrm.signer.jar
E/installd( 4144): Running /system/bin/patchoat isa=arm in-fd=5 (/system/framework/arm/com.android.mediadrm.signer.odex) out-fd=6 (/data/dalvik-cache/arm/system@framework@com.android.mediadrm.signer.jar@classes.dex)
I/art     ( 4097): DexFile_isDexOptNeeded failed to open oat file '/data/dalvik-cache/arm/system@framework@javax.btobex.jar@classes.dex' for file location '/system/framework/javax.btobex.jar': Failed to open oat filename for reading: No such file or directory
I/art     ( 4097): DexFile_isDexOptNeeded file /system/framework/arm/javax.btobex.odex needs to be relocated for /system/framework/javax.btobex.jar
E/installd( 4145): Running /system/bin/patchoat isa=arm in-fd=5 (/system/framework/arm/javax.btobex.odex) out-fd=6 (/data/dalvik-cache/arm/system@framework@javax.btobex.jar@classes.dex)
I/art     ( 4097): DexFile_isDexOptNeeded failed to open oat file '/data/dalvik-cache/arm/system@framework@am.jar@classes.dex' for file location '/system/framework/am.jar': Failed to open oat filename for reading: No such file or directory
I/art     ( 4097): DexFile_isDexOptNeeded file /system/framework/arm/am.odex needs to be relocated for /system/framework/am.jar
E/installd( 4146): Running /system/bin/patchoat isa=arm in-fd=5 (/system/framework/arm/am.odex) out-fd=6 (/data/dalvik-cache/arm/system@framework@am.jar@classes.dex)
I/art     ( 4097): DexFile_isDexOptNeeded failed to open oat file '/data/dalvik-cache/arm/system@framework@appops.jar@classes.dex' for file location '/system/framework/appops.jar': Failed to open oat filename for reading: No such file or directory
I/art     ( 4097): DexFile_isDexOptNeeded file /system/framework/arm/appops.odex needs to be relocated for /system/framework/appops.jar
E/installd( 4147): Running /system/bin/patchoat isa=arm in-fd=5 (/system/framework/arm/appops.odex) out-fd=6 (/data/dalvik-cache/arm/system@framework@appops.jar@classes.dex)
I/art     ( 4097): DexFile_isDexOptNeeded failed to open oat file '/data/dalvik-cache/arm/system@framework@appwidget.jar@classes.dex' for file location '/system/framework/appwidget.jar': Failed to open oat filename for reading: No such file or directory
I/art     ( 4097): DexFile_isDexOptNeeded file /system/framework/arm/appwidget.odex needs to be relocated for /system/framework/appwidget.jar
E/installd( 4148): Running /system/bin/patchoat isa=arm in-fd=5 (/system/framework/arm/appwidget.odex) out-fd=6 (/data/dalvik-cache/arm/system@framework@appwidget.jar@classes.dex)
I/art     ( 4097): DexFile_isDexOptNeeded failed to open oat file '/data/dalvik-cache/arm/system@framework@bmgr.jar@classes.dex' for file location '/system/framework/bmgr.jar': Failed to open oat filename for reading: No such file or directory
I/art     ( 4097): DexFile_isDexOptNeeded file /system/framework/arm/bmgr.odex needs to be relocated for /system/framework/bmgr.jar
E/installd( 4149): Running /system/bin/patchoat isa=arm in-fd=5 (/system/framework/arm/bmgr.odex) out-fd=6 (/data/dalvik-cache/arm/system@framework@bmgr.jar@classes.dex)
I/art     ( 4097): DexFile_isDexOptNeeded failed to open oat file '/data/dalvik-cache/arm/system@framework@bu.jar@classes.dex' for file location '/system/framework/bu.jar': Failed to open oat filename for reading: No such file or directory
I/art     ( 4097): DexFile_isDexOptNeeded file /system/framework/arm/bu.odex needs to be relocated for /system/framework/bu.jar
E/installd( 4150): Running /system/bin/patchoat isa=arm in-fd=5 (/system/framework/arm/bu.odex) out-fd=6 (/data/dalvik-cache/arm/system@framework@bu.jar@classes.dex)
I/art     ( 4097): DexFile_isDexOptNeeded failed to open oat file '/data/dalvik-cache/arm/system@framework@content.jar@classes.dex' for file location '/system/framework/content.jar': Failed to open oat filename for reading: No such file or directory
I/art     ( 4097): DexFile_isDexOptNeeded file /system/framework/arm/content.odex needs to be relocated for /system/framework/content.jar
E/installd( 4151): Running /system/bin/patchoat isa=arm in-fd=5 (/system/framework/arm/content.odex) out-fd=6 (/data/dalvik-cache/arm/system@framework@content.jar@classes.dex)
I/art     ( 4097): DexFile_isDexOptNeeded failed to open oat file '/data/dalvik-cache/arm/system@framework@dpm.jar@classes.dex' for file location '/system/framework/dpm.jar': Failed to open oat filename for reading: No such file or directory
I/art     ( 4097): DexFile_isDexOptNeeded file /system/framework/arm/dpm.odex needs to be relocated for /system/framework/dpm.jar
E/installd( 4152): Running /system/bin/patchoat isa=arm in-fd=5 (/system/framework/arm/dpm.odex) out-fd=6 (/data/dalvik-cache/arm/system@framework@dpm.jar@classes.dex)
I/art     ( 4097): DexFile_isDexOptNeeded failed to open oat file '/data/dalvik-cache/arm/system@framework@ime.jar@classes.dex' for file location '/system/framework/ime.jar': Failed to open oat filename for reading: No such file or directory
I/art     ( 4097): DexFile_isDexOptNeeded file /system/framework/arm/ime.odex needs to be relocated for /system/framework/ime.jar
E/installd( 4153): Running /system/bin/patchoat isa=arm in-fd=5 (/system/framework/arm/ime.odex) out-fd=6 (/data/dalvik-cache/arm/system@framework@ime.jar@classes.dex)
I/art     ( 4097): DexFile_isDexOptNeeded failed to open oat file '/data/dalvik-cache/arm/system@framework@input.jar@classes.dex' for file location '/system/framework/input.jar': Failed to open oat filename for reading: No such file or directory
I/art     ( 4097): DexFile_isDexOptNeeded file /system/framework/arm/input.odex needs to be relocated for /system/framework/input.jar
E/installd( 4154): Running /system/bin/patchoat isa=arm in-fd=5 (/system/framework/arm/input.odex) out-fd=6 (/data/dalvik-cache/arm/system@framework@input.jar@classes.dex)
I/art     ( 4097): DexFile_isDexOptNeeded failed to open oat file '/data/dalvik-cache/arm/system@framework@media_cmd.jar@classes.dex' for file location '/system/framework/media_cmd.jar': Failed to open oat filename for reading: No such file or directory
I/art     ( 4097): DexFile_isDexOptNeeded file /system/framework/arm/media_cmd.odex needs to be relocated for /system/framework/media_cmd.jar
E/installd( 4155): Running /system/bin/patchoat isa=arm in-fd=5 (/system/framework/arm/media_cmd.odex) out-fd=6 (/data/dalvik-cache/arm/system@framework@media_cmd.jar@classes.dex)
I/art     ( 4097): DexFile_isDexOptNeeded failed to open oat file '/data/dalvik-cache/arm/system@framework@monkey.jar@classes.dex' for file location '/system/framework/monkey.jar': Failed to open oat filename for reading: No such file or directory
I/art     ( 4097): DexFile_isDexOptNeeded file /system/framework/arm/monkey.odex needs to be relocated for /system/framework/monkey.jar
E/installd( 4156): Running /system/bin/patchoat isa=arm in-fd=5 (/system/framework/arm/monkey.odex) out-fd=6 (/data/dalvik-cache/arm/system@framework@monkey.jar@classes.dex)
I/art     ( 4097): DexFile_isDexOptNeeded failed to open oat file '/data/dalvik-cache/arm/system@framework@pm.jar@classes.dex' for file location '/system/framework/pm.jar': Failed to open oat filename for reading: No such file or directory
I/art     ( 4097): DexFile_isDexOptNeeded file /system/framework/arm/pm.odex needs to be relocated for /system/framework/pm.jar
E/installd( 4157): Running /system/bin/patchoat isa=arm in-fd=5 (/system/framework/arm/pm.odex) out-fd=6 (/data/dalvik-cache/arm/system@framework@pm.jar@classes.dex)
I/art     ( 4097): DexFile_isDexOptNeeded failed to open oat file '/data/dalvik-cache/arm/system@framework@requestsync.jar@classes.dex' for file location '/system/framework/requestsync.jar': Failed to open oat filename for reading: No such file or directory
I/art     ( 4097): DexFile_isDexOptNeeded file /system/framework/arm/requestsync.odex needs to be relocated for /system/framework/requestsync.jar
E/installd( 4158): Running /system/bin/patchoat isa=arm in-fd=5 (/system/framework/arm/requestsync.odex) out-fd=6 (/data/dalvik-cache/arm/system@framework@requestsync.jar@classes.dex)
I/art     ( 4097): DexFile_isDexOptNeeded failed to open oat file '/data/dalvik-cache/arm/system@framework@settings.jar@classes.dex' for file location '/system/framework/settings.jar': Failed to open oat filename for reading: No such file or directory
I/art     ( 4097): DexFile_isDexOptNeeded file /system/framework/arm/settings.odex needs to be relocated for /system/framework/settings.jar
E/installd( 4159): Running /system/bin/patchoat isa=arm in-fd=5 (/system/framework/arm/settings.odex) out-fd=6 (/data/dalvik-cache/arm/system@framework@settings.jar@classes.dex)
I/art     ( 4097): DexFile_isDexOptNeeded failed to open oat file '/data/dalvik-cache/arm/system@framework@svc.jar@classes.dex' for file location '/system/framework/svc.jar': Failed to open oat filename for reading: No such file or directory
I/art     ( 4097): DexFile_isDexOptNeeded file /system/framework/arm/svc.odex needs to be relocated for /system/framework/svc.jar
E/installd( 4160): Running /system/bin/patchoat isa=arm in-fd=5 (/system/framework/arm/svc.odex) out-fd=6 (/data/dalvik-cache/arm/system@framework@svc.jar@classes.dex)
I/art     ( 4097): DexFile_isDexOptNeeded failed to open oat file '/data/dalvik-cache/arm/system@framework@tm.jar@classes.dex' for file location '/system/framework/tm.jar': Failed to open oat filename for reading: No such file or directory
I/art     ( 4097): DexFile_isDexOptNeeded file /system/framework/arm/tm.odex needs to be relocated for /system/framework/tm.jar
E/installd( 4161): Running /system/bin/patchoat isa=arm in-fd=5 (/system/framework/arm/tm.odex) out-fd=6 (/data/dalvik-cache/arm/system@framework@tm.jar@classes.dex)
I/art     ( 4097): DexFile_isDexOptNeeded failed to open oat file '/data/dalvik-cache/arm/system@framework@uiautomator.jar@classes.dex' for file location '/system/framework/uiautomator.jar': Failed to open oat filename for reading: No such file or directory
I/art     ( 4097): DexFile_isDexOptNeeded file /system/framework/arm/uiautomator.odex needs to be relocated for /system/framework/uiautomator.jar
E/installd( 4162): Running /system/bin/patchoat isa=arm in-fd=5 (/system/framework/arm/uiautomator.odex) out-fd=6 (/data/dalvik-cache/arm/system@framework@uiautomator.jar@classes.dex)
I/art     ( 4097): DexFile_isDexOptNeeded failed to open oat file '/data/dalvik-cache/arm/system@framework@wm.jar@classes.dex' for file location '/system/framework/wm.jar': Failed to open oat filename for reading: No such file or directory
I/art     ( 4097): DexFile_isDexOptNeeded file /system/framework/arm/wm.odex needs to be relocated for /system/framework/wm.jar
E/installd( 4163): Running /system/bin/patchoat isa=arm in-fd=5 (/system/framework/arm/wm.odex) out-fd=6 (/data/dalvik-cache/arm/system@framework@wm.jar@classes.dex)
E/SQLiteLog( 4097): (283) recovered 927 frames from WAL file /data/data/com.android.providers.settings/databases/settings.db-wal
D/PackageManager( 4097): No files in app dir /vendor/overlay
W/PackageManager( 4097): Failed to parse /system/framework/arm: Missing base APK in /system/framework/arm
I/PackageManager( 4097): /system/framework/framework-res.apk changed; collecting certs
W/PackageManager( 4097): Failed to parse /system/framework/framework-res.apk: Signature mismatch for shared user : SharedUserSetting{3ad6e806 android.uid.system/1000}
I/PackageManager( 4097): /system/priv-app/AudioFX changed; collecting certs
D/wrapperGPS( 3686): wrapperConnect_RILD
I/art     ( 4097): DexFile_isDexOptNeeded failed to open oat file '/data/dalvik-cache/arm/system@priv-app@AudioFX@AudioFX.apk@classes.dex' for file location '/system/priv-app/AudioFX/AudioFX.apk': Failed to open oat filename for reading: No such file or directory
I/art     ( 4097): DexFile_isDexOptNeeded file /system/priv-app/AudioFX/arm/AudioFX.odex needs to be relocated for /system/priv-app/AudioFX/AudioFX.apk
I/PackageManager( 4097): /system/priv-app/BackupRestoreConfirmation changed; collecting certs
W/PackageManager( 4097): System package com.android.backupconfirm signature changed; retaining data.
I/PackageManager( 4097): SELinux relabeling of com.android.backupconfirm issued.
I/art     ( 4097): DexFile_isDexOptNeeded failed to open oat file '/data/dalvik-cache/arm/system@priv-app@BackupRestoreConfirmation@BackupRestoreConfirmation.apk@classes.dex' for file location '/system/priv-app/BackupRestoreConfirmation/BackupRestoreConfirmation.apk': Failed to open oat filename for reading: No such file or directory
I/art     ( 4097): DexFile_isDexOptNeeded file /system/priv-app/BackupRestoreConfirmation/arm/BackupRestoreConfirmation.odex needs to be relocated for /system/priv-app/BackupRestoreConfirmation/BackupRestoreConfirmation.apk
I/PackageManager( 4097): /system/priv-app/CMAccount changed; collecting certs
I/art     ( 4097): DexFile_isDexOptNeeded failed to open oat file '/data/dalvik-cache/arm/system@priv-app@CMAccount@CMAccount.apk@classes.dex' for file location '/system/priv-app/CMAccount/CMAccount.apk': Failed to open oat filename for reading: No such file or directory
I/art     ( 4097): DexFile_isDexOptNeeded file /system/priv-app/CMAccount/arm/CMAccount.odex needs to be relocated for /system/priv-app/CMAccount/CMAccount.apk
I/PackageManager( 4097): /system/priv-app/CMUpdater changed; collecting certs
I/art     ( 4097): DexFile_isDexOptNeeded failed to open oat file '/data/dalvik-cache/arm/system@priv-app@CMUpdater@CMUpdater.apk@classes.dex' for file location '/system/priv-app/CMUpdater/CMUpdater.apk': Failed to open oat filename for reading: No such file or directory
I/art     ( 4097): DexFile_isDexOptNeeded file /system/priv-app/CMUpdater/arm/CMUpdater.odex needs to be relocated for /system/priv-app/CMUpdater/CMUpdater.apk
I/PackageManager( 4097): /system/priv-app/CalendarProvider changed; collecting certs
W/PackageManager( 4097): Trying to update system app code path from /system/priv-app/SecCalendarProvider to /system/priv-app/CalendarProvider
W/PackageManager( 4097): Failed to parse /system/priv-app/CalendarProvider: Signature mismatch for shared user : SharedUserSetting{338ab73e android.uid.calendar/10046}
I/PackageManager( 4097): /system/priv-app/CellBroadcastReceiver changed; collecting certs
I/art     ( 4097): DexFile_isDexOptNeeded failed to open oat file '/data/dalvik-cache/arm/system@priv-app@CellBroadcastReceiver@CellBroadcastReceiver.apk@classes.dex' for file location '/system/priv-app/CellBroadcastReceiver/CellBroadcastReceiver.apk': Failed to open oat filename for reading: No such file or directory
I/art     ( 4097): DexFile_isDexOptNeeded file /system/priv-app/CellBroadcastReceiver/arm/CellBroadcastReceiver.odex needs to be relocated for /system/priv-app/CellBroadcastReceiver/CellBroadcastReceiver.apk
W/ResourceType( 4097): Failure getting entry for 0x7f0b023e (t=10 e=574) (error -75)
W/PackageParser( 4097): No actions in intent filter at /system/priv-app/Contacts/Contacts.apk Binary XML file line #362
I/PackageManager( 4097): /system/priv-app/Contacts changed; collecting certs
W/PackageManager( 4097): Trying to update system app code path from /system/priv-app/SecContacts to /system/priv-app/Contacts
W/PackageManager( 4097): Failed to parse /system/priv-app/Contacts: Signature mismatch for shared user : SharedUserSetting{40c58fa android.uid.shared/10020}
I/PackageManager( 4097): /system/priv-app/ContactsProvider changed; collecting certs
W/PackageManager( 4097): Trying to update system app code path from /system/priv-app/SecContactsProvider to /system/priv-app/ContactsProvider
W/PackageManager( 4097): Failed to parse /system/priv-app/ContactsProvider: Signature mismatch for shared user : SharedUserSetting{40c58fa android.uid.shared/10020}
I/PackageManager( 4097): /system/priv-app/CyanogenSetupWizard changed; collecting certs
W/PackageManager( 4097): Failed to parse /system/priv-app/CyanogenSetupWizard: Signature mismatch for shared user : SharedUserSetting{3ad6e806 android.uid.system/1000}
I/PackageManager( 4097): /system/priv-app/DefaultContainerService changed; collecting certs
W/PackageManager( 4097): System package com.android.defcontainer signature changed; retaining data.
I/PackageManager( 4097): SELinux relabeling of com.android.defcontainer issued.
I/art     ( 4097): DexFile_isDexOptNeeded failed to open oat file '/data/dalvik-cache/arm/system@priv-app@DefaultContainerService@DefaultContainerService.apk@classes.dex' for file location '/system/priv-app/DefaultContainerService/DefaultContainerService.apk': Failed to open oat filename for reading: No such file or directory
