E/Minikin ( 4934): addFont failed to create font /system/fonts/NotoSansKR-Regular.otf
E/Minikin ( 4845): addFont failed to create font /system/fonts/NotoSansGujarati-Regular.ttf
E/Minikin ( 4845): addFont failed to create font /system/fonts/NotoSansGujarati-Bold.ttf
E/Minikin ( 4845): addFont failed to create font /system/fonts/NotoSansGujaratiUI-Regular.ttf
E/Minikin ( 4845): addFont failed to create font /system/fonts/NotoSansGujaratiUI-Bold.ttf
E/Minikin ( 4845): addFont failed to create font /system/fonts/NotoSansGurmukhi-Regular.ttf
E/Minikin ( 4845): addFont failed to create font /system/fonts/NotoSansGurmukhi-Bold.ttf
E/Minikin ( 4845): addFont failed to create font /system/fonts/NotoSansGurmukhiUI-Regular.ttf
E/Minikin ( 4845): addFont failed to create font /system/fonts/NotoSansGurmukhiUI-Bold.ttf
E/Minikin ( 4820): addFont failed to create font /system/fonts/NotoSansGujarati-Regular.ttf
E/Minikin ( 4820): addFont failed to create font /system/fonts/NotoSansGujarati-Bold.ttf
E/Minikin ( 4820): addFont failed to create font /system/fonts/NotoSansGujaratiUI-Regular.ttf
E/Minikin ( 4820): addFont failed to create font /system/fonts/NotoSansGujaratiUI-Bold.ttf
E/Minikin ( 4820): addFont failed to create font /system/fonts/NotoSansGurmukhi-Regular.ttf
E/Minikin ( 4820): addFont failed to create font /system/fonts/NotoSansGurmukhi-Bold.ttf
E/Minikin ( 4820): addFont failed to create font /system/fonts/NotoSansGurmukhiUI-Regular.ttf
E/Minikin ( 4820): addFont failed to create font /system/fonts/NotoSansGurmukhiUI-Bold.ttf
E/Minikin ( 4820): addFont failed to create font /system/fonts/NotoSansSinhala-Regular.ttf
E/Minikin ( 4820): addFont failed to create font /system/fonts/NotoSansSinhala-Bold.ttf
E/Minikin ( 4845): addFont failed to create font /system/fonts/NotoSansSinhala-Regular.ttf
E/Minikin ( 4845): addFont failed to create font /system/fonts/NotoSansSinhala-Bold.ttf
E/Minikin ( 4820): addFont failed to create font /system/fonts/NotoSansCherokee-Regular.ttf
E/Minikin ( 4820): addFont failed to create font /system/fonts/NotoSansCanadianAboriginal-Regular.ttf
E/Minikin ( 4820): addFont failed to create font /system/fonts/NotoSansYi-Regular.ttf
E/Minikin ( 4820): addFont failed to create font /system/fonts/NotoSansHans-Regular.otf
E/Minikin ( 4820): addFont failed to create font /system/fonts/NotoSansHant-Regular.otf
E/Minikin ( 4820): addFont failed to create font /system/fonts/NotoSansJP-Regular.otf
E/Minikin ( 4820): addFont failed to create font /system/fonts/NotoSansKR-Regular.otf
E/Minikin ( 5004): addFont failed to create font /system/fonts/NotoSansGujarati-Regular.ttf
E/Minikin ( 5004): addFont failed to create font /system/fonts/NotoSansGujarati-Bold.ttf
E/Minikin ( 5004): addFont failed to create font /system/fonts/NotoSansGujaratiUI-Regular.ttf
E/Minikin ( 5004): addFont failed to create font /system/fonts/NotoSansGujaratiUI-Bold.ttf
E/Minikin ( 5004): addFont failed to create font /system/fonts/NotoSansGurmukhi-Regular.ttf
E/Minikin ( 5004): addFont failed to create font /system/fonts/NotoSansGurmukhi-Bold.ttf
E/Minikin ( 5004): addFont failed to create font /system/fonts/NotoSansGurmukhiUI-Regular.ttf
E/Minikin ( 5004): addFont failed to create font /system/fonts/NotoSansGurmukhiUI-Bold.ttf
E/Minikin ( 4845): addFont failed to create font /system/fonts/NotoSansCherokee-Regular.ttf
E/Minikin ( 4845): addFont failed to create font /system/fonts/NotoSansCanadianAboriginal-Regular.ttf
E/Minikin ( 4845): addFont failed to create font /system/fonts/NotoSansYi-Regular.ttf
E/Minikin ( 4845): addFont failed to create font /system/fonts/NotoSansHans-Regular.otf
E/Minikin ( 4845): addFont failed to create font /system/fonts/NotoSansHant-Regular.otf
E/Minikin ( 4845): addFont failed to create font /system/fonts/NotoSansJP-Regular.otf
E/Minikin ( 4845): addFont failed to create font /system/fonts/NotoSansKR-Regular.otf
E/cutils  ( 5213): Failed to mkdir(/mnt/shell/emulated/0): Read-only file system
W/Zygote  ( 5213): Failed to mount emulated storage: 30
I/ActivityManager( 4116): Start proc com.svox.pico for service com.svox.pico/.PicoService: pid=5213 uid=10049 gids={50049, 9997, 1028, 1015} abi=armeabi-v7a
I/TextToSpeech( 5188): Sucessfully bound to com.svox.pico
E/SQLiteLog( 5151): (1) no such table: album_info
E/Minikin ( 5004): addFont failed to create font /system/fonts/NotoSansSinhala-Regular.ttf
E/Minikin ( 5004): addFont failed to create font /system/fonts/NotoSansSinhala-Bold.ttf
E/Minikin ( 5004): addFont failed to create font /system/fonts/NotoSansCherokee-Regular.ttf
E/Minikin ( 5004): addFont failed to create font /system/fonts/NotoSansCanadianAboriginal-Regular.ttf
E/Minikin ( 5004): addFont failed to create font /system/fonts/NotoSansYi-Regular.ttf
E/Minikin ( 5004): addFont failed to create font /system/fonts/NotoSansHans-Regular.otf
E/Minikin ( 5004): addFont failed to create font /system/fonts/NotoSansHant-Regular.otf
E/Minikin ( 5004): addFont failed to create font /system/fonts/NotoSansJP-Regular.otf
E/Minikin ( 5004): addFont failed to create font /system/fonts/NotoSansKR-Regular.otf
D/PhoneStatusBar( 4541): disable: < EXPAND* icons ALERTS* system_info back HOME* RECENT* clock SEARCH* >
D/PhoneStatusBar( 4541): heads up is disabled
D/PhoneStatusBar( 4541): dismissing any existing heads up notification on disable event
E/ExtMediaPlayer-JNI( 5188): QCMediaPlayer could not be located....
E/MediaPlayer-JNI( 5188): QCMediaPlayer mediaplayer NOT present
D/MediaPlayer( 5188): Couldn't open file on client side, trying server side
E/MediaPlayerService( 3692): Couldn't open fd for content://settings/system/notification_sound
E/MediaPlayer( 5188): Unable to create media player
D/Ringtone( 5188): Problem opening; delegating to remote player
E/ExtMediaPlayer-JNI( 5188): QCMediaPlayer could not be located....
E/MediaPlayer-JNI( 5188): QCMediaPlayer mediaplayer NOT present
D/MediaPlayer( 5188): Couldn't open file on client side, trying server side
E/MediaPlayerService( 3692): Couldn't open fd for content://settings/system/notification_sound
E/MediaPlayer( 5188): Unable to create media player
D/Ringtone( 5188): Problem opening; delegating to remote player
V/SynthProxy( 5213): About to load libttspico.so, applyFilter=true
I/SVOX Pico Engine( 5213): loaded en-US successfully
E/Minikin ( 5151): addFont failed to create font /system/fonts/NotoSansGujarati-Regular.ttf
E/Minikin ( 5151): addFont failed to create font /system/fonts/NotoSansGujarati-Bold.ttf
E/Minikin ( 5151): addFont failed to create font /system/fonts/NotoSansGujaratiUI-Regular.ttf
E/Minikin ( 5151): addFont failed to create font /system/fonts/NotoSansGujaratiUI-Bold.ttf
E/Minikin ( 5151): addFont failed to create font /system/fonts/NotoSansGurmukhi-Regular.ttf
E/Minikin ( 5151): addFont failed to create font /system/fonts/NotoSansGurmukhi-Bold.ttf
E/Minikin ( 5151): addFont failed to create font /system/fonts/NotoSansGurmukhiUI-Regular.ttf
E/Minikin ( 5151): addFont failed to create font /system/fonts/NotoSansGurmukhiUI-Bold.ttf
E/Minikin ( 5151): addFont failed to create font /system/fonts/NotoSansSinhala-Regular.ttf
E/Minikin ( 5151): addFont failed to create font /system/fonts/NotoSansSinhala-Bold.ttf
E/Minikin ( 5151): addFont failed to create font /system/fonts/NotoSansCherokee-Regular.ttf
E/Minikin ( 5151): addFont failed to create font /system/fonts/NotoSansCanadianAboriginal-Regular.ttf
E/Minikin ( 5151): addFont failed to create font /system/fonts/NotoSansYi-Regular.ttf
E/Minikin ( 5151): addFont failed to create font /system/fonts/NotoSansHans-Regular.otf
E/Minikin ( 5151): addFont failed to create font /system/fonts/NotoSansHant-Regular.otf
E/Minikin ( 5151): addFont failed to create font /system/fonts/NotoSansJP-Regular.otf
E/Minikin ( 5151): addFont failed to create font /system/fonts/NotoSansKR-Regular.otf
D/WifiService( 4116): New client listening to asynchronous messages
D/BluetoothManagerService( 4116): Message: 20
D/BluetoothManagerService( 4116): Added callback: android.bluetooth.IBluetoothManagerCallback$Stub$Proxy@3372ca87:true
D/BluetoothAdapter( 5095): 393129089: getState() :  mService = null. Returning STATE_OFF
D/BluetoothManagerService( 4116): Message: 30
D/BluetoothManagerService( 4116): Message: 30
D/LocalBluetoothProfileManager( 5095): Adding local MAP profile
D/BluetoothMap( 5095): Create BluetoothMap proxy object
D/BluetoothManagerService( 4116): Message: 30
D/BluetoothManagerService( 4116): Message: 30
D/LocalBluetoothProfileManager( 5095): LocalBluetoothProfileManager construction complete
D/BluetoothAdapter( 5095): 393129089: getState() :  mService = null. Returning STATE_OFF
D/BluetoothAdapter( 5095): 393129089: getState() :  mService = null. Returning STATE_OFF
E/cutils  ( 5241): Failed to mkdir(/mnt/shell/emulated/0): Read-only file system
W/Zygote  ( 5241): Failed to mount emulated storage: 30
I/ActivityManager( 4116): Start proc com.cyanogenmod.eleven for broadcast com.cyanogenmod.eleven/.MediaButtonIntentReceiver: pid=5241 uid=10032 gids={50032, 9997, 1028, 1015, 3003} abi=armeabi-v7a
I/DownloadManager( 5151): Upgrading downloads database from version 0 to version 109, which will destroy all old data
E/cutils  ( 5264): Failed to mkdir(/mnt/shell/emulated/0): Read-only file system
W/Zygote  ( 5264): Failed to mount emulated storage: 30
I/ActivityManager( 4116): Start proc com.cyanogenmod.eleven:main for service com.cyanogenmod.eleven/.MusicPlaybackService: pid=5264 uid=10032 gids={50032, 9997, 1028, 1015, 3003} abi=armeabi-v7a
D/OpenGLRenderer( 5188): Render dirty regions requested: true
D/Atlas   ( 5188): Validating map...
E/cutils  ( 5287): Failed to mkdir(/mnt/shell/emulated/0): Read-only file system
W/Zygote  ( 5287): Failed to mount emulated storage: 30
I/ActivityManager( 4116): Start proc com.cyanogenmod.trebuchet for broadcast com.cyanogenmod.trebuchet/com.android.launcher3.ThemeChangedReceiver: pid=5287 uid=10018 gids={50018, 9997, 1028} abi=armeabi-v7a
E/Minikin ( 5188): addFont failed to create font /system/fonts/NotoSansGujarati-Regular.ttf
E/Minikin ( 5188): addFont failed to create font /system/fonts/NotoSansGujarati-Bold.ttf
E/Minikin ( 5188): addFont failed to create font /system/fonts/NotoSansGujaratiUI-Regular.ttf
E/Minikin ( 5188): addFont failed to create font /system/fonts/NotoSansGujaratiUI-Bold.ttf
E/Minikin ( 5188): addFont failed to create font /system/fonts/NotoSansGurmukhi-Regular.ttf
E/Minikin ( 5188): addFont failed to create font /system/fonts/NotoSansGurmukhi-Bold.ttf
E/Minikin ( 5188): addFont failed to create font /system/fonts/NotoSansGurmukhiUI-Regular.ttf
E/Minikin ( 5188): addFont failed to create font /system/fonts/NotoSansGurmukhiUI-Bold.ttf
E/Minikin ( 5188): addFont failed to create font /system/fonts/NotoSansSinhala-Regular.ttf
E/Minikin ( 5188): addFont failed to create font /system/fonts/NotoSansSinhala-Bold.ttf
E/Minikin ( 5188): addFont failed to create font /system/fonts/NotoSansCherokee-Regular.ttf
E/Minikin ( 5188): addFont failed to create font /system/fonts/NotoSansCanadianAboriginal-Regular.ttf
E/Minikin ( 5188): addFont failed to create font /system/fonts/NotoSansYi-Regular.ttf
E/Minikin ( 5188): addFont failed to create font /system/fonts/NotoSansHans-Regular.otf
E/Minikin ( 5188): addFont failed to create font /system/fonts/NotoSansHant-Regular.otf
E/Minikin ( 5188): addFont failed to create font /system/fonts/NotoSansJP-Regular.otf
E/Minikin ( 5188): addFont failed to create font /system/fonts/NotoSansKR-Regular.otf
V/RenderScript_jni( 5264): RS native mode
I/TextToSpeech( 5188): Connected to ComponentInfo{com.svox.pico/com.svox.pico.PicoService}
E/RenderScript( 5264): Failed loading RS driver: dlopen failed: cannot locate symbol "_ZN7android12renderscript15RsdCpuReference6createEPNS0_7ContextEjjPFPKNS1_9CpuSymbolES3_PKcEPFPNS1_9CpuScriptES3_PKNS0_6ScriptEEPFPN4llvm6ModuleEPN3bcc8RSScriptESK_SK_EPFS8_S8_jE" referenced by "libRSDriverArm.so"...
E/RenderScript( 5264): Failed to load runtime libRSDriverArm.so, loading default
V/RenderScript( 5264): 0xaf202c00 Launching thread(s), CPUs 8
I/TextToSpeech( 5188): Set up connection to ComponentInfo{com.svox.pico/com.svox.pico.PicoService}
E/cutils  ( 3671): Failed to mkdirat(/mnt/shell/emulated/0): Read-only file system
W/Vold    ( 3671): Returning OperationFailed - no handler for errno 30
W/ContextImpl( 5264): Failed to ensure directory: /storage/emulated/0/Android/data/com.cyanogenmod.eleven/cache
E/Vold    ( 3671): Failed to find mounted volume for /storage/extSdCard/Android/data/com.cyanogenmod.eleven/cache/
W/Vold    ( 3671): Returning OperationFailed - no handler for errno 0
W/ContextImpl( 5264): Failed to ensure directory: /storage/extSdCard/Android/data/com.cyanogenmod.eleven/cache
I/        ( 5188): PLATFORM VERSION : JB-MR-2
I/OpenGLRenderer( 5188): Initialized EGL, version 1.4
I/Choreographer( 5004): Skipped 53 frames!  The application may be doing too much work on its main thread.
D/OpenGLRenderer( 5188): Enabling debug mode 0
V/Launcher( 5287): LauncherAppState inited
D/Launcher.Model( 5287): Old launcher provider: content://com.android.launcher2.settings/favorites?notify=true
D/Launcher.Model( 5287): Old launcher provider does not exist.
E/ExtMediaPlayer-JNI( 5264): QCMediaPlayer could not be located....
E/MediaPlayer-JNI( 5264): QCMediaPlayer mediaplayer NOT present
D/LocaleSetManager( 5264): Locale Changed from: null to null
I/MusicLocale( 5264): AddressBook Labels [en-US]: [, A, B, C, D, E, F, G, H, I, J, K, L, M, N, O, P, Q, R, S, T, U, V, W, X, Y, Z, , , , , , , , , , , , , , , , , , , , , , , , , , , , , , , , , , , , , , , , , , , , , , , , , , , , , , , , , , , , , , , , , , , , , , , , , , , , , , , , , , , , , , , , , , , , , , , , , , , , , , , , , , , , , , , , , , , , , , , , , , , , , , , , , , , , , , , , , , , , , , , , , , , , , , , , , , , , , , , , , , , , , , , , , , , , , , , , , , , , , , , , , , , , #, ]
I/MusicLocale( 5264): AddressBook Labels [en-US]: [, A, B, C, D, E, F, G, H, I, J, K, L, M, N, O, P, Q, R, S, T, U, V, W, X, Y, Z, , , , , , , , , , , , , , , , , , , , , , , , , , , , , , , , , , , , , , , , , , , , , , , , , , , , , , , , , , , , , , , , , , , , , , , , , , , , , , , , , , , , , , , , , , , , , , , , , , , , , , , , , , , , , , , , , , , , , , , , , , , , , , , , , , , , , , , , , , , , , , , , , , , , , , , , , , , , , , , , , , , , , , , , , , , , , , , , , , , , , , , , , , , , #, ]
D/LocaleSetManager( 5264): Locale Changed from: null to en-US
I/ActivityManager( 4116): Displayed com.cyanogenmod.setupwizard/.ui.SetupWizardActivity: +1s248ms (total +1s588ms)
I/Timeline( 4116): Timeline: Activity_windows_visible id: ActivityRecord{cd1eca7 u0 com.cyanogenmod.setupwizard/.ui.SetupWizardActivity t2} time:30151
I/Timeline( 5188): Timeline: Activity_idle id: android.os.BinderProxy@314e3b09 time:30168
I/SystemServiceManager( 4116): Starting phase 1000
E/SEC PowerHAL( 4116): Error opening /sys/devices/system/cpu/cpufreq/interactive/boostpulse: No such file or directory
D/lights  ( 4116): set_light_battery 0xd00 0 0
V/KeyguardServiceDelegate( 4116): *** Keyguard started
W/KeyguardServiceDelegate( 4116): onScreenTurnedOn(): no keyguard service!
I/Sensors ( 4116): Acc old sensor_state 0, new sensor_state : 1 en : 1
V/KeyguardServiceDelegate( 4116): *** Keyguard connected (yay!)
W/Settings( 4541): Setting airplane_mode_on has moved from android.provider.Settings.System to android.provider.Settings.Global, returning read-only value.
V/KeyguardServiceDelegate( 4116): **** SHOWN CALLED ****
W/WakefulBroadcastReceiver( 5264): No active wake lock id #1
I/BootReceiver( 5095): IOSched restore disabled by user preference.
D/InputMethodAndLanguageSettings( 5095): High touch sensitivity settings restored.
D/InputMethodAndLanguageSettings( 5095): Touch hovering settings restored.
D/BluetoothManagerService( 4116): Retrieving Bluetooth Adapter name and address...
D/BluetoothManagerService( 4116): getNameAndAddress(): mBluetooth = null mBinding = false
D/BluetoothManagerService( 4116): Message: 200
D/BluetoothManagerService( 4116): MESSAGE_GET_NAME_AND_ADDRESS
D/BluetoothManagerService( 4116): Binding to service to get name and address
W/Searchables( 4116): No global search activity found
E/cutils  ( 5358): Failed to mkdir(/mnt/shell/emulated/0): Read-only file system
W/Zygote  ( 5358): Failed to mount emulated storage: 30
I/ActivityManager( 4116): Start proc com.android.bluetooth for service com.android.bluetooth/.btservice.AdapterService: pid=5358 uid=1002 gids={41002, 9997, 3003, 3002, 3001, 1028, 1015, 3005, 1016, 3008} abi=armeabi-v7a
I/RecoverySystem( 4116): Deleted: /cache/recovery/log
I/BootReceiver( 4116): Copying /proc/last_kmsg to DropBox (SYSTEM_LAST_KMSG)
E/SharedPreferencesImpl( 4116): Couldn't create directory for SharedPreferences file shared_prefs/log_files.xml
E/cutils  ( 5384): Failed to mkdir(/mnt/shell/emulated/0): Read-only file system
W/Zygote  ( 5384): Failed to mount emulated storage: 30
I/ActivityManager( 4116): Start proc com.android.keychain for service com.android.keychain/.KeyChainService: pid=5384 uid=1000 gids={41000, 9997, 3003, 1028, 1015, 3002, 3001} abi=armeabi-v7a
I/BootReceiver( 4116): Copying audit failures to DropBox
E/SharedPreferencesImpl( 4116): Couldn't create directory for SharedPreferences file shared_prefs/log_files.xml
I/BootReceiver( 4116): Copied 0 worth of audits to DropBox
I/BootReceiver( 4116): Checking for fsck errors
E/cutils  ( 5407): Failed to mkdir(/mnt/shell/emulated/0): Read-only file system
W/Zygote  ( 5407): Failed to mount emulated storage: 30
I/ActivityManager( 4116): Start proc com.android.deskclock for broadcast com.android.deskclock/.AlarmInitReceiver: pid=5407 uid=10030 gids={50030, 9997, 1028, 3003} abi=armeabi-v7a
W/ResourcesManager( 5358): Asset path '/system/framework/javax.btobex.jar' does not exist or contains no resources.
D/AdapterServiceConfig( 5358): Adding HeadsetService
D/AdapterServiceConfig( 5358): Adding A2dpService
D/AdapterServiceConfig( 5358): Adding HidService
D/AdapterServiceConfig( 5358): Adding HealthService
D/AdapterServiceConfig( 5358): Adding PanService
D/AdapterServiceConfig( 5358): Adding GattService
D/AdapterServiceConfig( 5358): Adding BluetoothMapService
D/AdapterServiceConfig( 5358): Adding HidDevService
V/AlarmClock( 5407): AlarmInitReceiver android.intent.action.BOOT_COMPLETED
D/BluetoothManagerService( 4116): Message: 20
D/BluetoothManagerService( 4116): Added callback: android.bluetooth.IBluetoothManagerCallback$Stub$Proxy@3e84ce4b:true
D/BluetoothAdapterState( 5358): make
I/bluedroid( 5358): init
I/BluetoothAdapterState( 5358): Entering OffState
E/bt-btif ( 5358): btif_config_get(L188): assert failed: section && *section && key && *key && name && *name && bytes && type
I/bte_conf( 5358): bte_load_conf attempt to load stack conf from /etc/bluetooth/bt_stack.conf
V/AlarmClock( 5407): AlarmInitReceiver - Reset timers and clear stopwatch data
I/bte_conf( 5358): bte_load_ble_conf attempt to load ble stack conf from /etc/bluetooth/ble_stack.conf
E/bt_osi_config( 5358): config_new unable to open file '/etc/bluetooth/ble_stack.conf': No such file or directory
I/bte_conf( 5358): bte_load_ble_conf file >/etc/bluetooth/ble_stack.conf< not found
I/bluedroid( 5358): get_profile_interface socket
I/bluedroid( 5358): get_profile_interface map_client
V/AlarmClock( 5407): AlarmInitReceiver - resetting volume button default
I/GKI_LINUX( 5358): gki_task_entry task_id=1 [BTIF] starting
D/BluetoothAdapterProperties( 5358): Address is:14:B4:84:6F:66:79
D/BluetoothAdapterProperties( 5358): Name is: SM-G900H
D/BluetoothManagerService( 4116): Bluetooth Adapter name changed to SM-G900H
D/BluetoothManagerService( 4116): Stored Bluetooth name: SM-G900H
D/BluetoothManagerService( 4116): BluetoothServiceConnection: com.android.bluetooth.btservice.AdapterService
D/BluetoothManagerService( 4116): Message: 40
D/BluetoothManagerService( 4116): MESSAGE_BLUETOOTH_SERVICE_CONNECTED: 1
I/bluedroid( 5358): config_hci_snoop_log
D/BluetoothManagerService( 4116): Message: 200
D/BluetoothManagerService( 4116): MESSAGE_GET_NAME_AND_ADDRESS
D/BluetoothManagerService( 4116): Message: 201
D/BluetoothManagerService( 4116): MESSAGE_SAVE_NAME_AND_ADDRESS
D/BluetoothAdapterState( 5358): CURRENT_STATE=OFF, MESSAGE = USER_TURN_ON
D/BluetoothAdapterProperties( 5358): Setting state to 11
I/BluetoothAdapterState( 5358): Bluetooth adapter state changed: 10-> 11
D/BluetoothBondStateMachine( 5358): make
I/BluetoothBondStateMachine( 5358): StableState(): Entering Off State
D/BluetoothAdapterService( 5358): checkA2dpState: isA2dpSinkEnabled = false
E/BluetoothAdapterService( 5358): checkA2dpState: returning
D/BluetoothAdapterService( 5358): checkHidState: isHidDev = false
E/BluetoothAdapterService( 5358): checkHidState: returning
D/BluetoothAdapterService( 5358): checkHfpState: isHfpClientEnabled = false
E/BluetoothAdapterService( 5358): checkHfpState: returning
D/BluetoothHeadset( 5071): Proxy object connected
D/BluetoothHeadset( 4116): Proxy object connected
D/HeadsetService( 5358): Received start request. Starting profile...
D/BluetoothAdapter( 4116): 363404478: getState() :  mService = null. Returning STATE_OFF
I/AlarmClock( 5407): Alarms Table created
I/BluetoothHeadsetServiceJni( 5358): classInitNative: succeeds
D/BluetoothHeadset( 5071): Proxy object connected
D/HeadsetStateMachine( 5358): Version 1.5
D/HeadsetStateMachine( 5358): make
I/AlarmClock( 5407): Instance table created
I/AlarmClock( 5407): Cities table created
I/AlarmClock( 5407): Inserting default alarms
I/BluetoothAdapterService( 5358): skipping com.android.bluetooth.hid.HidDevService (disabled)
I/BluetoothAdapterState( 5358): Entering PendingCommandState State: isTurningOn()=true, isTurningOff()=false
V/AlarmClock( 5407): AlarmInitReceiver finished
E/cutils  ( 5443): Failed to mkdir(/mnt/shell/emulated/0): Read-only file system
W/Zygote  ( 5443): Failed to mount emulated storage: 30
I/ActivityManager( 4116): Start proc com.android.dialer for broadcast com.android.dialer/.calllog.CallLogReceiver: pid=5443 uid=10008 gids={50008, 9997, 3003, 1028, 1015} abi=armeabi-v7a
D/HeadsetStateMachine( 5358): max_hf_connections = 1
I/bluedroid( 5358): get_profile_interface handsfree
D/Telecom ( 5071): BluetoothPhoneService: Binding service
D/HeadsetStateMachine( 5358): Enter Disconnected: -2, size: 0
D/BluetoothAdapterService( 5358): getAdapterService() - returning com.android.bluetooth.btservice.AdapterService@35d4e78b
D/BluetoothA2dp( 4116): Proxy object connected
D/BluetoothAdapter( 4116): 363404478: getState() :  mService = null. Returning STATE_OFF
D/A2dpService( 5358): Received start request. Starting profile...
I/bluedroid( 5358): get_profile_interface avrcp
V/AudioService( 4116): updateRemoteControllerOnExistingMediaPlayers: size of Player list: 0
E/AudioService( 4116): No RCC entry present to update
E/RemoteController( 5358): Cannot set synchronization mode on an unregistered RemoteController
I/BluetoothA2dpServiceJni( 5358): classInitNative: succeeds
D/A2dpStateMachine( 5358): make
I/bluedroid( 5358): get_profile_interface a2dp
I/GKI_LINUX( 5358): gki_task_entry task_id=2 [A2DP-MEDIA] starting
D/bt-btif ( 5358): btif_av_state_idle_handler event:BTIF_SM_ENTER_EVT flags 0
D/A2dpService( 5358): setA2dpService(): set to: null
D/BluetoothAdapterService( 5358): getAdapterService() - returning com.android.bluetooth.btservice.AdapterService@35d4e78b
D/A2dpStateMachine( 5358): Enter Disconnected: -2
I/BluetoothHidServiceJni( 5358): classInitNative: succeeds
D/HidService( 5358): Received start request. Starting profile...
D/BluetoothInputDevice( 5095): Proxy object connected
I/bluedroid( 5358): get_profile_interface hidhost
D/BluetoothAdapterService( 5358): getAdapterService() - returning com.android.bluetooth.btservice.AdapterService@35d4e78b
I/BluetoothHealthServiceJni( 5358): classInitNative: succeeds
D/HidProfile( 5095): Bluetooth service connected
D/BluetoothAdapter( 5095): 393129089: getState() :  mService = null. Returning STATE_OFF
D/HealthService( 5358): Received start request. Starting profile...
I/bluedroid( 5358): get_profile_interface health
D/BluetoothAdapterService( 5358): getAdapterService() - returning com.android.bluetooth.btservice.AdapterService@35d4e78b
I/BluetoothPanServiceJni( 5358): classInitNative(L105): succeeds
D/PanService( 5358): Received start request. Starting profile...
D/BluetoothPanServiceJni( 5358): initializeNative(L110): pan
I/bluedroid( 5358): get_profile_interface pan
D/BluetoothPan( 5095): BluetoothPAN Proxy object connected
D/PanProfile( 5095): Bluetooth service connected
D/BluetoothAdapterService( 5358): getAdapterService() - returning com.android.bluetooth.btservice.AdapterService@35d4e78b
D/BtGatt.GattService( 5358): classInitNative called
I/BtGatt.JNI( 5358): classInitNative(L863): classInitNative: Success!
D/BtGatt.DebugUtils( 5358): handleDebugAction() action=null
D/BtGatt.GattService( 5358): Received start request. Starting profile...
D/BtGatt.GattService( 5358): start()
I/bluedroid( 5358): get_profile_interface gatt
D/BtGatt.AdvertiseManager( 5358): advertise manager created
D/BluetoothAdapterService( 5358): getAdapterService() - returning com.android.bluetooth.btservice.AdapterService@35d4e78b
D/BluetoothMapService( 5358): inside BluetoothMapObexConnection
D/BluetoothMapService( 5358): supportedMessageTypes 14
D/BluetoothMapService( 5358): masId 0
D/BluetoothMapService( 5358): inside BluetoothMapObexConnection
D/BluetoothMapService( 5358): supportedMessageTypes 1
D/BluetoothMapService( 5358): masId 1
D/BluetoothMapService( 5358): Inside initBinder
D/BluetoothMap( 5095): Proxy object connected
D/BluetoothMapService( 5358): Received start request. Starting profile...
D/BluetoothMapService( 5358): start()
D/MapProfile( 5095): Bluetooth service connected
D/BluetoothMap( 5095): getConnectedDevices()
D/BluetoothAdapter( 5095): 393129089: getState() :  mService = null. Returning STATE_OFF
D/BluetoothMap( 5095): Bluetooth is Not enabled
D/BluetoothMapService( 5358): Registering observer
D/BluetoothAdapterService( 5358): getAdapterService() - returning com.android.bluetooth.btservice.AdapterService@35d4e78b
I/Telecom ( 5071): BluetoothPhoneService: queryPhoneState
D/Telecom ( 5071): BluetoothPhoneService: handleMessage(7) w/ param 0
I/Telecom ( 5071): BluetoothPhoneService: updateHeadsetWithCallState numActive 0, numHeld 0, callState 6, ringing number [da39a3ee5e6b4b0d3255bfef95601890afd80709], ringing type 128
D/BluetoothAdapter( 5071): 316337395: getState() :  mService = null. Returning STATE_OFF
W/BluetoothHeadset( 5071): Proxy not attached to service
D/BluetoothHeadset( 5071): java.lang.Throwable
D/BluetoothHeadset( 5071): 	at android.bluetooth.BluetoothHeadset.phoneStateChanged(BluetoothHeadset.java:826)
D/BluetoothHeadset( 5071): 	at com.android.server.telecom.BluetoothPhoneService.updateHeadsetWithCallState(BluetoothPhoneService.java:789)
D/BluetoothHeadset( 5071): 	at com.android.server.telecom.BluetoothPhoneService.access$800(BluetoothPhoneService.java:51)
D/BluetoothHeadset( 5071): 	at com.android.server.telecom.BluetoothPhoneService$2.handleMessage(BluetoothPhoneService.java:311)
D/BluetoothHeadset( 5071): 	at android.os.Handler.dispatchMessage(Handler.java:102)
D/BluetoothHeadset( 5071): 	at android.os.Looper.loop(Looper.java:135)
D/BluetoothHeadset( 5071): 	at android.app.ActivityThread.main(ActivityThread.java:5254)
D/BluetoothHeadset( 5071): 	at java.lang.reflect.Method.invoke(Native Method)
D/BluetoothHeadset( 5071): 	at java.lang.reflect.Method.invoke(Method.java:372)
D/BluetoothHeadset( 5071): 	at com.android.internal.os.ZygoteInit$MethodAndArgsCaller.run(ZygoteInit.java:898)
D/BluetoothHeadset( 5071): 	at com.android.internal.os.ZygoteInit.main(ZygoteInit.java:693)
D/HeadsetStateMachine( 5358): Disconnected process message: 10, size: 0
D/HeadsetPhoneState( 5358): sendDeviceStateChanged. mService=0 mSignal=0 mRoam=0 mBatteryCharge=4
V/BluetoothMapService( 5358): Handler(): got msg=1
D/HeadsetStateMachine( 5358): Disconnected process message: 11, size: 0
D/BluetoothAdapterState( 5358): CURRENT_STATE=PENDING, MESSAGE = STARTED, isTurningOn=true, isTurningOff=false
I/bluedroid( 5358): enable
I/bt_hci_bdroid( 5358): init
I/GKI_LINUX( 5358): gki_task_entry task_id=0 [BTU] starting
I/bt-btu  ( 5358): btu_task pending for preload complete event
I/bt_vendor( 5358): init
I/bt_vnd_conf( 5358): Attempt to load conf from /etc/bluetooth/bt_vendor.conf
I/bt_vnd_conf( 5358): vnd_load_conf file >/etc/bluetooth/bt_vendor.conf< not found
D/bt_userial( 5358): userial_init
D/bt_vendor( 5358): op for 5
D/bt_vendor( 5358): op for 0
D/bt_upio ( 5358): upio_set_bluetooth_power(on: 1)
D/bt_upio ( 5358): is_emulator_context : 0
D/bt_upio ( 5358): is_rfkill_disabled ? [0]
D/bt_upio ( 5358): is_rfkill_disabled ? [0]
D/ConnectivityService( 4116): Got NetworkFactory Messenger for Telephony
D/bt_vendor( 5358): op for 3
I/bt_userial_vendor( 5358): userial vendor open: opening /dev/ttySAC0
I/bt_userial_vendor( 5358): userial_vendor_open():UART is setup
I/bt_userial_vendor( 5358): device fd = 56 open
D/bt_vendor( 5358): op for 1
E/bt_hwcfg( 5358): Start CFG HW, HCI reset
D/bt_userial( 5358): Entering userial_read_thread()
D/TelephonyProvider( 4979): dbh.onCreate:+ db=SQLiteDatabase: /data/data/com.android.providers.telephony/databases/telephony.db
D/TelephonyProvider( 4979): dbh.createSimInfoTable:+
D/TelephonyProvider( 4979): dbh.createSimInfoTable:-
E/bt_hwcfg( 5358): Read Local Name after HCI reset
D/TelephonyProvider( 4979): dbh.createCarriersTable:+
D/TelephonyProvider( 4979): dbh.createCarriersTable:-
D/bt_hwcfg( 5358): Chipset BCM4350C0
D/bt_hwcfg( 5358): Target name = [BCM4350C0]
E/bt_hwcfg( 5358): patchram path ORG . BCM4350C0
E/bt_hwcfg( 5358): patchram path ORG .. BCM4350C0
E/bt_hwcfg( 5358): patchram path ORG bcm4350_V0301.0562.hcd BCM4350C0
E/bt_hwcfg( 5358): patchram path ORG bcm4350_V0301.0563_wisol.hcd BCM4350C0
E/bt_hwcfg( 5358): patchram path ORG companion_2p2_master_setfile.bin BCM4350C0
E/bt_hwcfg( 5358): patchram path ORG companion_2p2_mode_setfile.bin BCM4350C0
E/bt_hwcfg( 5358): patchram path ORG companion_default_coef.bin BCM4350C0
E/bt_hwcfg( 5358): patchram path ORG companion_default_lsc.bin BCM4350C0
E/bt_hwcfg( 5358): patchram path ORG companion_fw_2p2_evt1.bin BCM4350C0
E/bt_hwcfg( 5358): patchram path ORG companion_fw_evt0.bin BCM4350C0
E/bt_hwcfg( 5358): patchram path ORG fimc_is_fw2.bin BCM4350C0
E/bt_hwcfg( 5358): patchram path ORG fimc_is_fw2_2p2.bin BCM4350C0
E/bt_hwcfg( 5358): patchram path ORG libpn547_fw.so BCM4350C0
E/bt_hwcfg( 5358): patchram path ORG mfc_fw.bin BCM4350C0
E/bt_hwcfg( 5358): patchram path ORG setfile_2p2.bin BCM4350C0
E/bt_hwcfg( 5358): patchram path ORG setfile_6b2.bin BCM4350C0
E/bt_hwcfg( 5358): patchram path ORG setfile_8b1.bin BCM4350C0
E/bt_hwcfg( 5358): fw ver (org)0.0
E/bt_hwcfg( 5358): vendor lib preload failed to locate firmware patch file
E/bt_hwcfg( 5358): Remove module rev, try again BCM4350
D/bt_hwcfg( 5358): Target name = [BCM4350]
E/bt_hwcfg( 5358): patchram path ORG . BCM4350
E/bt_hwcfg( 5358): patchram path ORG .. BCM4350
E/bt_hwcfg( 5358): patchram path ORG bcm4350_V0301.0562.hcd BCM4350
E/bt_hwcfg( 5358): patchram path ORG bcm4350_V0301.0563_wisol.hcd BCM4350
I/bt_hwcfg( 5358): patch(org) : bcm4350_V0301.0563_wisol.hcd
I/bt_hwcfg( 5358): Found patchfile: /vendor/firmware/bcm4350_V0301.0563_wisol.hcd
E/bt_hwcfg( 5358): ORG patchram base 0301
E/bt_hwcfg( 5358): ORG patchram minor 0563
E/bt_hwcfg( 5358): fw ver (org)301.563
E/bt_hwcfg( 5358): Final Patchram is /vendor/firmware/bcm4350_V0301.0563_wisol.hcd
I/bt_hwcfg( 5358): Axi patch failure or not include AXI patching
I/bt_hwcfg( 5358): bt vendor lib: set UART baud 3000000
I/bt_hwcfg( 5358): bt vendor lib: set UART baud 115200
I/bt_hwcfg( 5358): FW Download delta = 582968
D/bt_hwcfg( 5358): Settlement delay -- 100 ms
I/bt_hwcfg( 5358): Setting fw settlement delay to 100 
I/bt_hwcfg( 5358): bt vendor lib: set UART baud 3000000
I/bt_hwcfg( 5358): vendor lib fwcfg completed
I/bt-btu  ( 5358): btu_task received preload complete event
I/art     ( 4116): Explicit concurrent mark sweep GC freed 49591(4MB) AllocSpace objects, 47(3MB) LOS objects, 33% free, 22MB/33MB, paused 1.904ms total 55.443ms
W/bt-l2cap( 5358): L2CAP - L2CA_Register() called for PSM: 0x0001
W/bt-l2cap( 5358): L2CAP - L2CA_Register() called for PSM: 0x001f
W/bt-l2cap( 5358): L2CAP - L2CA_Register() called for PSM: 0x0003
W/bt-l2cap( 5358): L2CAP - L2CA_Register() called for PSM: 0x1487
I/        ( 5358): BTE_InitTraceLevels -- TRC_HCI
I/        ( 5358): BTE_InitTraceLevels -- TRC_L2CAP
I/        ( 5358): BTE_InitTraceLevels -- TRC_RFCOMM
I/        ( 5358): BTE_InitTraceLevels -- TRC_AVDT
I/        ( 5358): BTE_InitTraceLevels -- TRC_AVRC
I/        ( 5358): BTE_InitTraceLevels -- TRC_A2D
I/        ( 5358): BTE_InitTraceLevels -- TRC_BNEP
I/        ( 5358): BTE_InitTraceLevels -- TRC_BTM
I/        ( 5358): BTE_InitTraceLevels -- TRC_HID_HOST
I/        ( 5358): BTE_InitTraceLevels -- TRC_GAP
I/        ( 5358): BTE_InitTraceLevels -- TRC_PAN
I/        ( 5358): BTE_InitTraceLevels -- TRC_SDP
I/        ( 5358): BTE_InitTraceLevels -- TRC_GATT
I/        ( 5358): BTE_InitTraceLevels -- TRC_SMP
I/        ( 5358): BTE_InitTraceLevels -- TRC_HID_DEV
I/        ( 5358): BTE_InitTraceLevels -- TRC_BTAPP
I/        ( 5358): BTE_InitTraceLevels -- TRC_BTIF
I/        ( 5358): BTE_InitTraceLevels -- TRC_LATENCY_AUDIO
D/TelephonyProvider( 4979): dbh.onCreate:- db=SQLiteDatabase: /data/data/com.android.providers.telephony/databases/telephony.db
D/TelephonyProvider( 4979): dbh.onOpen: ok, queried table=siminfo
D/TelephonyProvider( 4979): dbh.onOpen: ok, queried table=carriers
E/cutils  ( 5492): Failed to mkdir(/mnt/shell/emulated/0): Read-only file system
W/Zygote  ( 5492): Failed to mount emulated storage: 30
I/ActivityManager( 4116): Start proc com.android.smspush for service com.android.smspush/.WapPushManager: pid=5492 uid=10055 gids={50055, 9997} abi=armeabi-v7a
I/art     ( 3702): Explicit concurrent mark sweep GC freed 706(30KB) AllocSpace objects, 0(0B) LOS objects, 39% free, 15MB/25MB, paused 228us total 11.028ms
I/art     ( 3702): Explicit concurrent mark sweep GC freed 5(160B) AllocSpace objects, 0(0B) LOS objects, 39% free, 15MB/25MB, paused 216us total 10.641ms
D/GpsLocationProvider( 4116): received SIM realted action: android.intent.action.SIM_STATE_CHANGED
D/PhoneStatusBarPolicy( 4541): updateSimState for subId :-1
D/PhoneStatusBarPolicy( 4541): updateSimState for phoneId :0
W/bt-btm  ( 5358): btm_decode_ext_features_page Secure conn Host support Enabled
W/bt-btm  ( 5358): btm_decode_ext_features_page Secure conn Controller support Enabled
E/bt-btm  ( 5358): BTM_SecRegister:p_cb_info->p_le_callback == 0xa2008051 
E/bt-btm  ( 5358): BTM_SecRegister: btm_cb.api.p_le_callback = 0xa2008051 
D/PhoneStatusBarPolicy( 4541): updateSimState for Slot :-1
I/art     ( 3702): Explicit concurrent mark sweep GC freed 5(160B) AllocSpace objects, 0(0B) LOS objects, 39% free, 15MB/25MB, paused 255us total 10.713ms
D/GpsLocationProvider( 4116): SIM MCC/MNC is still not available
D/DcSwitchState( 4979): [DcSwitchState-0] DcSwitchState constructor E
D/DcSwitchState( 4979): [DcSwitchState-0] DcSwitchState constructor X
W/BackupManagerService( 4116): dataChanged but no participant pkg='com.android.providers.settings' uid=1001
I/PackageManager( 4116): Replacing preferred activity com.android.mms/.ui.ComposeMessageActivity for user 0:
I/PackageManager( 4116):   Action: "android.intent.action.SENDTO"
I/PackageManager( 4116):   Category: "android.intent.category.DEFAULT"
I/PackageManager( 4116):   Scheme: "sms"
I/PackageManager( 4116): Replacing preferred activity com.android.mms/.ui.ComposeMessageActivity for user 0:
I/PackageManager( 4116):   Action: "android.intent.action.SENDTO"
I/PackageManager( 4116):   Category: "android.intent.category.DEFAULT"
I/PackageManager( 4116):   Scheme: "smsto"
I/PackageManager( 4116): Replacing preferred activity com.android.mms/.ui.ComposeMessageActivity for user 0:
I/PackageManager( 4116):   Action: "android.intent.action.SENDTO"
I/PackageManager( 4116):   Category: "android.intent.category.DEFAULT"
I/PackageManager( 4116):   Scheme: "mms"
I/PackageManager( 4116): Replacing preferred activity com.android.mms/.ui.ComposeMessageActivity for user 0:
I/PackageManager( 4116):   Action: "android.intent.action.SENDTO"
I/PackageManager( 4116):   Category: "android.intent.category.DEFAULT"
I/PackageManager( 4116):   Scheme: "mmsto"
I/Telephony( 4979): TtyManager: updateUiTtyMode -1 -> 0
D/ConnectivityService( 4116): Got NetworkFactory Messenger for WIFI
D/WIFI    ( 4116): got request NetworkRequest [ id=1, legacyType=-1, [ Capabilities: INTERNET&NOT_RESTRICTED&TRUSTED&NOT_VPN] ] with score 0
E/cutils  ( 5530): Failed to mkdir(/mnt/shell/emulated/0): Read-only file system
W/Zygote  ( 5530): Failed to mount emulated storage: 30
I/ActivityManager( 4116): Start proc com.android.calendar for broadcast com.android.calendar/.UpgradeReceiver: pid=5530 uid=10026 gids={50026, 9997, 1028, 1015, 3003} abi=armeabi-v7a
E/bt-btif ( 5358): Calling BTA_HhEnable
D/bt-btif ( 5358): AG evt (hdl 0x0001): State 0, Event 0x0500
E/bt-btif ( 5358): btif_config_get(L188): assert failed: section && *section && key && *key && name && *name && bytes && type
E/bt-btif ( 5358): btif_config_get(L188): assert failed: section && *section && key && *key && name && *name && bytes && type
E/bt-btif ( 5358): btif_storage_get_adapter_property service_mask:0x2140040
W/bt-l2cap( 5358): L2CAP - L2CA_Register() called for PSM: 0x0019
W/bt-l2cap( 5358): L2CAP - L2CA_Register() called for PSM: 0x0017
D/bt-btif ( 5358):  AVRC_Open AVRC_Open role: 1, control:3 status:0, handle:0
W/bt-l2cap( 5358): L2CAP - L2CA_Register() called for PSM: 0x0011
W/bt-l2cap( 5358): L2CAP - L2CA_Register() called for PSM: 0x0013
D/BluetoothAdapterProperties( 5358): Address is:14:B4:84:6F:66:79
D/BluetoothAdapterProperties( 5358): Name is: SM-G900H
D/BluetoothManagerService( 4116): Bluetooth Adapter name changed to SM-G900H
D/BluetoothManagerService( 4116): Stored Bluetooth name: SM-G900H
W/bt-smp  ( 5358): Key(LSB ~ MSB) = 57 12 88 6c 25 a0 25 43 ab e0 de 5e b2 b1 e0 ee 
W/bt-smp  ( 5358): Plain text(LSB ~ MSB) = 03 00 00 00 00 00 00 00 00 00 00 00 00 00 00 00 
W/bt-smp  ( 5358): Encrypted text(LSB ~ MSB) = 3d ac 7e 2d 66 4a c8 da 9b 9c 81 0c c7 53 12 cd 
W/bt-smp  ( 5358): Key(LSB ~ MSB) = 57 12 88 6c 25 a0 25 43 ab e0 de 5e b2 b1 e0 ee 
W/bt-smp  ( 5358): Plain text(LSB ~ MSB) = 01 00 00 00 00 00 00 00 00 00 00 00 00 00 00 00 
W/bt-smp  ( 5358): Encrypted text(LSB ~ MSB) = bf ea 8d 16 1c 66 31 cc 69 89 e1 8f 10 92 2e 47 
D/BluetoothAdapterProperties( 5358): Scan Mode:20
D/BluetoothAdapterProperties( 5358): Discoverable Timeout:120
W/bt-smp  ( 5358): Key(LSB ~ MSB) = bf ea 8d 16 1c 66 31 cc 69 89 e1 8f 10 92 2e 47 
W/bt-smp  ( 5358): Plain text(LSB ~ MSB) = 78 80 7d 00 00 00 00 00 00 00 00 00 00 00 00 00 
W/bt-smp  ( 5358): Encrypted text(LSB ~ MSB) = 28 e3 c1 84 18 2f fa d8 0c ff 31 8c d5 c6 c4 d3 
W/bt-btm  ( 5358): Stopping oneshot timer
D/bt_vendor( 5358): op for 2
D/bt_vendor( 5358): op for 6
D/bt_vendor( 5358): op for 7
W/bt-l2cap( 5358): L2CAP - L2CA_Register() called for PSM: 0x000f
D/bt_vendor( 5358): op for 7
D/bt_upio ( 5358): BT_WAKE is asserted already
D/bt_vendor( 5358): op for 7
D/bt_upio ( 5358): BT_WAKE is asserted already
D/bte_conf( 5358): Device ID record 1 : primary
D/bte_conf( 5358):   vendorId            = 001d
D/bte_conf( 5358):   vendorIdSource      = 0001
D/bte_conf( 5358):   product             = 1200
D/bte_conf( 5358):   version             = 1436
D/bte_conf( 5358):   clientExecutableURL = 
D/bte_conf( 5358):   serviceDescription  = 
D/bte_conf( 5358):   documentationURL    = 
D/bte_conf( 5358): bte_load_did_conf no section named DID2.
D/bt-btif ( 5358): btif_hf_upstreams_evt: event=BTA_AG_ENABLE_EVT
E/bt-btif ( 5358): btif_hf_upstreams_evt: Invalid index 17233
D/bt-btif ( 5358): btif_hf_upstreams_evt: event=BTA_AG_REGISTER_EVT
D/bt-btif ( 5358): btif_av_state_idle_handler event:BTA_AV_ENABLE_EVT flags 0
D/bt-btif ( 5358): btif_av_state_idle_handler event:BTA_AV_REGISTER_EVT flags 0
E/bt-btif ( 5358): btif_config_get(L188): assert failed: section && *section && key && *key && name && *name && bytes && type
E/bt-btif ( 5358): btif_config_get(L188): assert failed: section && *section && key && *key && name && *name && bytes && type
E/bt-btif ( 5358): btif_config_get(L188): assert failed: section && *section && key && *key && name && *name && bytes && type
D/BluetoothAdapterState( 5358): CURRENT_STATE=PENDING, MESSAGE = ENABLE_READY, isTurningOn=true, isTurningOff=false
D/BluetoothPanServiceJni( 5358): control_state_callback(L61): state:0, local_role:3, ifname:bt-pan
D/BluetoothAdapterProperties( 5358): ScanMode =  20
D/BluetoothAdapterProperties( 5358): State =  11
D/BluetoothAdapterProperties( 5358): Setting state to 12
I/BluetoothAdapterState( 5358): Bluetooth adapter state changed: 11-> 12
D/BluetoothAdapterProperties( 5358): Discoverable Timeout:120
I/BluetoothAdapterState( 5358): Entering On State
D/KeyguardUpdateMonitor( 4541): ACTION_SERVICE_STATE_CHANGED on sub: -1 mServiceState: 1 1 home null null null  Unknown Unknown CSS not supported -1 -1 RoamInd=-1 DefRoamInd=-1 EmergOnly=false
D/bt_vendor( 5358): op for 7
D/bt_upio ( 5358): BT_WAKE is asserted already
E/bt_h4   ( 5358): vendor lib postload completed
D/bt_vendor( 5358): op for 7
D/bt_upio ( 5358): BT_WAKE is asserted already
D/bt_vendor( 5358): op for 7
D/bt_upio ( 5358): BT_WAKE is asserted already
D/bt_vendor( 5358): op for 7
D/bt_upio ( 5358): BT_WAKE is asserted already
D/bt_vendor( 5358): op for 7
D/bt_upio ( 5358): BT_WAKE is asserted already
D/bt_vendor( 5358): op for 7
D/bt_upio ( 5358): BT_WAKE is asserted already
D/bt_vendor( 5358): op for 7
D/bt_upio ( 5358): BT_WAKE is asserted already
D/bt_vendor( 5358): op for 7
D/bt_upio ( 5358): BT_WAKE is asserted already
D/bt_vendor( 5358): op for 7
D/bt_upio ( 5358): BT_WAKE is asserted already
D/bt_vendor( 5358): op for 7
D/bt_upio ( 5358): BT_WAKE is asserted already
D/bt_vendor( 5358): op for 7
D/bt_upio ( 5358): BT_WAKE is asserted already
D/bt_vendor( 5358): op for 7
D/bt_upio ( 5358): BT_WAKE is asserted already
D/bt_vendor( 5358): op for 7
D/bt_upio ( 5358): BT_WAKE is asserted already
D/bt_vendor( 5358): op for 7
D/bt_upio ( 5358): BT_WAKE is asserted already
D/bt_vendor( 5358): op for 7
D/bt_upio ( 5358): BT_WAKE is asserted already
D/bt_vendor( 5358): op for 7
D/bt_upio ( 5358): BT_WAKE is asserted already
D/BluetoothManagerService( 4116): Stored Bluetooth name: SM-G900H
D/BluetoothManagerService( 4116): Stored Bluetoothaddress: 14:B4:84:6F:66:79
D/TelephonyNetworkFactory-1( 4979): got request NetworkRequest [ id=1, legacyType=-1, [ Capabilities: INTERNET&NOT_RESTRICTED&TRUSTED&NOT_VPN] ] with score 0
W/Resources( 5530): Converting to string: TypedValue{t=0x10/d=0xfffffffe a=-1}
D/TelephonyDebugService( 4979): TelephonyDebugService()
D/BluetoothAdapterState( 5358): CURRENT_STATE=ON, MESSAGE = USER_TURN_OFF
D/BluetoothAdapterProperties( 5358): Setting state to 13
I/BluetoothAdapterState( 5358): Bluetooth adapter state changed: 12-> 13
D/BluetoothAdapterProperties( 5358): onBluetoothDisable()
I/BluetoothAdapterState( 5358): Entering PendingCommandState State: isTurningOn()=false, isTurningOff()=true
D/WifiService( 4116): New client listening to asynchronous messages
D/ExtensionsFactory( 5530): No custom extensions.
D/BluetoothHeadset( 4979): Proxy object connected
D/Telephony( 4979): TtyManager: setTTYMode exception: com.android.internal.telephony.CommandException: RADIO_NOT_AVAILABLE
V/OtaStartupReceiver( 4979): onOtaspChanged: mOtaspMode=1
I/HeadsetService( 5049): Starting service.
E/cutils  ( 5563): Failed to mkdir(/mnt/shell/emulated/0): Read-only file system
W/Zygote  ( 5563): Failed to mount emulated storage: 30
I/ActivityManager( 4116): Start proc com.cyanogenmod.account for broadcast com.cyanogenmod.account/.receiver.BootReceiver: pid=5563 uid=10002 gids={50002, 9997, 3003} abi=armeabi-v7a
D/GpsLocationProvider( 4116): received SIM realted action: android.intent.action.ACTION_SUBINFO_RECORD_UPDATED
D/GpsLocationProvider( 4116): SIM MCC/MNC is still not available
D/Telephony( 4979): TtyManager: queryTTYMode exception: com.android.internal.telephony.CommandException: RADIO_NOT_AVAILABLE
I/Telephony( 4979): : SUBINFO_RECORD_UPDATED : 4.
D/Telephony( 4979): TelecomAccountRegistry: Found 1 phones.  Attempting to register.
D/Telephony( 4979): TelecomAccountRegistry: Phone with subscription id -1
E/PhoneInterfaceManager( 4979): [PhoneIntfMgr] getIccId: No UICC
W/EffectsFactory( 3692): loadLibrary() failed to open /vendor/lib/liblvverx_3.20.03.so
W/EffectsFactory( 3692): loadLibrary() failed to open /vendor/lib/liblvvetx_3.20.03.so
W/linker  ( 3692): lib_SoundAlive_play_ver125e.so has text relocations. This is wasting memory and prevents security hardening. Please fix.
W/EffectsFactory( 3692): loadEffect() could not get library pre_processing
D/Telephony( 4979): AccountEntry: Registered phoneAccount: android.telecom.PhoneAccount@fa2c25d with handle: ComponentInfo{com.android.phone/com.android.services.telephony.TelephonyConnectionService}, E
W/EffectsFactory( 3692): loadEffect() could not get library pre_processing
W/EffectsFactory( 3692): loadEffect() could not get library pre_processing
W/EffectsFactory( 3692): loadEffect() could not get library output_processing
W/EffectsFactory( 3692): loadEffect() could not get library output_processing
E/AudioFlinger( 3692): createEffect() unknown output thread
E/AudioEffect( 5049): set(): AudioFlinger could not create effect, status: -22
E/AudioEffects-JNI( 5049): AudioEffect initCheck failed -4
E/AudioEffect-JAVA( 5049): Error code -4 when initializing AudioEffect.
I/Telephony( 4979): PstnIncomingCallNotifier: Registering: Handler (com.android.internal.telephony.gsm.GSMPhone) {4447858}
E/HeadsetService( 5049): Effect type: 0bed4300-ddd6-11db-8f34-0002a5d5c51b not supported.
E/HeadsetService( 5049): java.lang.IllegalArgumentException: Effect type: 0bed4300-ddd6-11db-8f34-0002a5d5c51b not supported.
E/HeadsetService( 5049): 	at android.media.audiofx.AudioEffect.<init>(AudioEffect.java:404)
E/HeadsetService( 5049): 	at android.media.audiofx.Equalizer.<init>(Equalizer.java:139)
E/HeadsetService( 5049): 	at org.cyanogenmod.audiofx.HeadsetService$EffectSet.<init>(HeadsetService.java:87)
E/HeadsetService( 5049): 	at org.cyanogenmod.audiofx.HeadsetService.saveDefaults(HeadsetService.java:414)
E/HeadsetService( 5049): 	at org.cyanogenmod.audiofx.HeadsetService.onCreate(HeadsetService.java:331)
E/HeadsetService( 5049): 	at android.app.ActivityThread.handleCreateService(ActivityThread.java:2760)
E/HeadsetService( 5049): 	at android.app.ActivityThread.access$1900(ActivityThread.java:147)
E/HeadsetService( 5049): 	at android.app.ActivityThread$H.handleMessage(ActivityThread.java:1379)
E/HeadsetService( 5049): 	at android.os.Handler.dispatchMessage(Handler.java:102)
E/HeadsetService( 5049): 	at android.os.Looper.loop(Looper.java:135)
E/HeadsetService( 5049): 	at android.app.ActivityThread.main(ActivityThread.java:5254)
E/HeadsetService( 5049): 	at java.lang.reflect.Method.invoke(Native Method)
E/HeadsetService( 5049): 	at java.lang.reflect.Method.invoke(Method.java:372)
E/HeadsetService( 5049): 	at com.android.internal.os.ZygoteInit$MethodAndArgsCaller.run(ZygoteInit.java:898)
E/HeadsetService( 5049): 	at com.android.internal.os.ZygoteInit.main(ZygoteInit.java:693)
I/HeadsetService( 5049): Stopping service.
D/Telephony( 4979): PstnPhoneCapabilitiesNotifier: Registering: Handler (com.android.internal.telephony.gsm.GSMPhone) {4447858}
D/CallNotifier( 4979): onReceive... 
D/TelephonyNetworkFactory-1( 4979): update networkCapabilites for subId = -1
D/TelephonyNetworkFactory-1( 4979): INTERNET capability is removed from subId = -1
D/TelephonyNetworkFactory-1( 4979): Ready to handle network requests
I/MmsService( 4979): mReceiver action: android.intent.action.ACTION_SUBINFO_RECORD_UPDATED
I/MmsService( 4979): MmsConfigManager.loadInBackground(): mcc/mnc: 0/0
E/MmsService( 4979): MmsConfigManager.load -- empty getActiveSubInfoList
D/Telephony( 4979): PstnPhoneCapabilitiesNotifier: handleVideoCapabilitesChanged. Video capability - false
D/Telephony( 4979): PstnPhoneCapabilitiesNotifier: handleVideoCapabilitesChanged. Exception=java.lang.NullPointerException: Attempt to invoke virtual method 'int android.telecom.PhoneAccount.getCapabilities()' on a null object reference
E/cutils  ( 5592): Failed to mkdir(/mnt/shell/emulated/0): Read-only file system
W/Zygote  ( 5592): Failed to mount emulated storage: 30
I/ActivityManager( 4116): Start proc com.cyanogenmod.updater for broadcast com.cyanogenmod.updater/.receiver.UpdateCheckReceiver: pid=5592 uid=10003 gids={50003, 9997, 3003, 1028, 1015, 2001} abi=armeabi-v7a
I/UpdateCheckReceiver( 5592): Scheduling future, repeating update checks.
I/UpdateCheckService( 5592): Could not check for updates. Not connected to the network.
E/cutils  ( 5622): Failed to mkdir(/mnt/shell/emulated/0): Read-only file system
W/Zygote  ( 5622): Failed to mount emulated storage: 30
I/ActivityManager( 4116): Start proc com.android.providers.calendar for broadcast com.android.providers.calendar/.CalendarReceiver: pid=5622 uid=10004 gids={50004, 9997, 3003, 1028, 1015} abi=armeabi-v7a
W/ResourcesManager( 5622): Asset path '/system/framework/android.test.runner.jar' does not exist or contains no resources.
E/BluetoothAdapterService(903145355)( 5358): BT is not ON. Exiting autoConnect
I/CalendarDatabaseHelper( 5622): Bootstrapping database
I/CalendarProvider2( 5622): Created com.android.providers.calendar.CalendarAlarmManager@3b11c505(com.android.providers.calendar.CalendarProvider2@3776995a)
E/cutils  ( 5648): Failed to mkdir(/mnt/shell/emulated/0): Read-only file system
