F/art     ( 4780): sart/runtime/runtime.cc:286]   native: #02 pc 0025ba7d  /system/lib/libart.so (art::DumpNativeStack(std::__1::basic_ostream<char, std::__1::char_traits<char> >&, int, char const*, art::mirror::ArtMethod*)+84)
F/art     ( 4780): sart/runtime/runtime.cc:286]   native: #03 pc 0023ed1b  /system/lib/libart.so (art::Thread::Dump(std::__1::basic_ostream<char, std::__1::char_traits<char> >&) const+162)
F/art     ( 4780): sart/runtime/runtime.cc:286]   native: #04 pc 00247e3d  /system/lib/libart.so (art::ThreadList::DumpLocked(std::__1::basic_ostream<char, std::__1::char_traits<char> >&)+120)
F/art     ( 4780): sart/runtime/runtime.cc:286]   native: #05 pc 0022e791  /system/lib/libart.so (art::AbortState::Dump(std::__1::basic_ostream<char, std::__1::char_traits<char> >&)+272)
F/art     ( 4780): sart/runtime/runtime.cc:286]   native: #06 pc 0022e9db  /system/lib/libart.so (art::Runtime::Abort()+82)
F/art     ( 4780): sart/runtime/runtime.cc:286]   native: #07 pc 000a9395  /system/lib/libart.so (art::LogMessage::~LogMessage()+1360)
F/art     ( 4780): sart/runtime/runtime.cc:286]   native: #08 pc 000e0a15  /system/lib/libart.so (art::ClassLinker::InitWithoutImage(std::__1::vector<art::DexFile const*, std::__1::allocator<art::DexFile const*> > const&)+10180)
F/art     ( 4780): sart/runtime/runtime.cc:286]   native: #09 pc 00230695  /system/lib/libart.so (art::Runtime::Init(std::__1::vector<std::__1::pair<std::__1::basic_string<char, std::__1::char_traits<char>, std::__1::allocator<char> >, void const*>, std::__1::allocator<std::__1::pair<std::__1::basic_string<char, std::__1::char_traits<char>, std::__1::allocator<char> >, void const*> > > const&, bool)+3076)
F/art     ( 4780): sart/runtime/runtime.cc:286]   native: #10 pc 00231b63  /system/lib/libart.so (art::Runtime::Create(std::__1::vector<std::__1::pair<std::__1::basic_string<char, std::__1::char_traits<char>, std::__1::allocator<char> >, void const*>, std::__1::allocator<std::__1::pair<std::__1::basic_string<char, std::__1::char_traits<char>, std::__1::allocator<char> >, void const*> > > const&, bool)+58)
F/art     ( 4780): sart/runtime/runtime.cc:286]   native: #11 pc 001e4047  /system/lib/libart.so (JNI_CreateJavaVM+470)
F/art     ( 4780): sart/runtime/runtime.cc:286]   native: #12 pc 0005ad93  /system/lib/libandroid_runtime.so (android::AndroidRuntime::startVm(_JavaVM**, _JNIEnv**)+2174)
F/art     ( 4780): sart/runtime/runtime.cc:286]   native: #13 pc 0005b3bf  /system/lib/libandroid_runtime.so (android::AndroidRuntime::start(char const*, android::Vector<android::String8> const&)+250)
F/art     ( 4780): sart/runtime/runtime.cc:286]   native: #14 pc 00001655  /system/bin/app_process32 (???)
F/art     ( 4780): sart/runtime/runtime.cc:286]   native: #15 pc 0000fb75  /system/lib/libc.so (__libc_init+44)
F/art     ( 4780): sart/runtime/runtime.cc:286]   native: #16 pc 00001770  /system/bin/app_process32 (???)
F/art     ( 4780): sart/runtime/runtime.cc:286]   (no managed stack frames)
F/art     ( 4780): sart/runtime/runtime.cc:286] 
F/art     ( 4780): sart/runtime/runtime.cc:286] 
F/libc    ( 4780): Fatal signal 6 (SIGABRT), code -6 in tid 4780 (main)
E/display ( 4779): invalid gralloc handle (at 0x0)
E/display ( 4779): invalid gralloc handle (at 0x0)
E/display ( 4779): invalid gralloc handle (at 0x0)
E/display ( 4779): invalid gralloc handle (at 0x0)
E/display ( 4779): invalid gralloc handle (at 0x0)
V/NatController( 4781): runCmd(/system/bin/iptables -F natctrl_FORWARD) res=0
V/NatController( 4781): runCmd(/system/bin/iptables -A natctrl_FORWARD -j DROP) res=0
V/NatController( 4781): runCmd(/system/bin/iptables -t nat -F natctrl_nat_POSTROUTING) res=0
V/NatController( 4781): runCmd(/system/bin/iptables -F natctrl_tether_counters) res=0
E/display ( 4779): invalid gralloc handle (at 0x0)
V/NatController( 4781): runCmd(/system/bin/iptables -X natctrl_tether_counters) res=0
V/NatController( 4781): runCmd(/system/bin/iptables -N natctrl_tether_counters) res=0
V/NatController( 4781): runCmd(/system/bin/iptables -t mangle -A natctrl_mangle_FORWARD -p tcp --tcp-flags SYN SYN -j TCPMSS --clamp-mss-to-pmtu) res=0
E/display ( 4779): invalid gralloc handle (at 0x0)
E/display ( 4779): invalid gralloc handle (at 0x0)
E/display ( 4779): invalid gralloc handle (at 0x0)
E/display ( 4779): invalid gralloc handle (at 0x0)
E/display ( 4779): invalid gralloc handle (at 0x0)
E/display ( 4779): invalid gralloc handle (at 0x0)
E/display ( 4779): invalid gralloc handle (at 0x0)
E/display ( 4779): invalid gralloc handle (at 0x0)
E/display ( 4779): invalid gralloc handle (at 0x0)
E/display ( 4779): invalid gralloc handle (at 0x0)
E/display ( 4779): invalid gralloc handle (at 0x0)
E/display ( 4779): invalid gralloc handle (at 0x0)
E/display ( 4779): invalid gralloc handle (at 0x0)
D/MDnsDS  ( 4781): MDnsSdListener::Hander starting up
D/MDnsDS  ( 4781): MDnsSdListener starting to monitor
D/MDnsDS  ( 4781): Going to poll with pollCount 1
E/display ( 4779): invalid gralloc handle (at 0x0)
E/display ( 4779): invalid gralloc handle (at 0x0)
E/display ( 4779): invalid gralloc handle (at 0x0)
E/display ( 4779): invalid gralloc handle (at 0x0)
E/display ( 4779): invalid gralloc handle (at 0x0)
E/display ( 4779): invalid gralloc handle (at 0x0)
I/ServiceManager( 4782): Waiting for service batterystats...
E/display ( 4779): invalid gralloc handle (at 0x0)
E/display ( 4779): invalid gralloc handle (at 0x0)
E/display ( 4779): invalid gralloc handle (at 0x0)
E/display ( 4779): invalid gralloc handle (at 0x0)
E/display ( 4779): invalid gralloc handle (at 0x0)
E/display ( 4779): invalid gralloc handle (at 0x0)
E/display ( 4779): invalid gralloc handle (at 0x0)
E/display ( 4779): invalid gralloc handle (at 0x0)
E/display ( 4779): invalid gralloc handle (at 0x0)
E/display ( 4779): invalid gralloc handle (at 0x0)
E/display ( 4779): invalid gralloc handle (at 0x0)
E/display ( 4779): invalid gralloc handle (at 0x0)
E/display ( 4779): invalid gralloc handle (at 0x0)
E/display ( 4779): invalid gralloc handle (at 0x0)
E/display ( 4779): invalid gralloc handle (at 0x0)
E/display ( 4779): invalid gralloc handle (at 0x0)
D/BootAnimation( 4828): Use save memory method, maybe small fps in actual.
E/display ( 4779): invalid gralloc handle (at 0x0)
E/display ( 4779): invalid gralloc handle (at 0x0)
E/display ( 4779): invalid gralloc handle (at 0x0)
E/display ( 4779): invalid gralloc handle (at 0x0)
E/display ( 4779): invalid gralloc handle (at 0x0)
E/display ( 4779): invalid gralloc handle (at 0x0)
E/display ( 4779): invalid gralloc handle (at 0x0)
E/display ( 4779): invalid gralloc handle (at 0x0)
E/display ( 4779): invalid gralloc handle (at 0x0)
E/display ( 4779): invalid gralloc handle (at 0x0)
E/display ( 4779): invalid gralloc handle (at 0x0)
E/display ( 4779): invalid gralloc handle (at 0x0)
I/ServiceManager( 4782): Waiting for service batterystats...
E/display ( 4779): invalid gralloc handle (at 0x0)
E/display ( 4779): invalid gralloc handle (at 0x0)
E/display ( 4779): invalid gralloc handle (at 0x0)
E/display ( 4779): invalid gralloc handle (at 0x0)
E/display ( 4779): invalid gralloc handle (at 0x0)
E/display ( 4779): invalid gralloc handle (at 0x0)
E/display ( 4779): invalid gralloc handle (at 0x0)
E/display ( 4779): invalid gralloc handle (at 0x0)
E/display ( 4779): invalid gralloc handle (at 0x0)
E/display ( 4779): invalid gralloc handle (at 0x0)
E/display ( 4779): invalid gralloc handle (at 0x0)
E/display ( 4779): invalid gralloc handle (at 0x0)
E/display ( 4779): invalid gralloc handle (at 0x0)
E/display ( 4779): invalid gralloc handle (at 0x0)
E/display ( 4779): invalid gralloc handle (at 0x0)
E/display ( 4779): invalid gralloc handle (at 0x0)
E/display ( 4779): invalid gralloc handle (at 0x0)
E/display ( 4779): invalid gralloc handle (at 0x0)
E/display ( 4779): invalid gralloc handle (at 0x0)
E/display ( 4779): invalid gralloc handle (at 0x0)
E/display ( 4779): invalid gralloc handle (at 0x0)
E/display ( 4779): invalid gralloc handle (at 0x0)
E/display ( 4779): invalid gralloc handle (at 0x0)
E/display ( 4779): invalid gralloc handle (at 0x0)
E/display ( 4779): invalid gralloc handle (at 0x0)
E/display ( 4779): invalid gralloc handle (at 0x0)
E/display ( 4779): invalid gralloc handle (at 0x0)
E/display ( 4779): invalid gralloc handle (at 0x0)
E/display ( 4779): invalid gralloc handle (at 0x0)
I/ServiceManager( 4782): Waiting for service batterystats...
E/display ( 4779): invalid gralloc handle (at 0x0)
E/display ( 4779): invalid gralloc handle (at 0x0)
E/display ( 4779): invalid gralloc handle (at 0x0)
E/display ( 4779): invalid gralloc handle (at 0x0)
E/display ( 4779): invalid gralloc handle (at 0x0)
E/display ( 4779): invalid gralloc handle (at 0x0)
E/display ( 4779): invalid gralloc handle (at 0x0)
E/display ( 4779): invalid gralloc handle (at 0x0)
E/display ( 4779): invalid gralloc handle (at 0x0)
E/display ( 4779): invalid gralloc handle (at 0x0)
E/display ( 4779): invalid gralloc handle (at 0x0)
E/display ( 4779): invalid gralloc handle (at 0x0)
E/display ( 4779): invalid gralloc handle (at 0x0)
E/display ( 4779): 