W/PackageManager( 4117): Unknown permission android.permission.WAKE_LOCK in package com.android.soundrecorder
W/PackageManager( 4117): Unknown permission android.permission.WRITE_EXTERNAL_STORAGE in package com.android.soundrecorder
W/PackageManager( 4117): Unknown permission android.permission.READ_PHONE_STATE in package com.android.soundrecorder
W/PackageManager( 4117): Unknown permission android.permission.RECEIVE_BOOT_COMPLETED in package com.android.mms
W/PackageManager( 4117): Unknown permission android.permission.READ_CONTACTS in package com.android.mms
W/PackageManager( 4117): Unknown permission android.permission.READ_PROFILE in package com.android.mms
W/PackageManager( 4117): Unknown permission android.permission.RECEIVE_MMS in package com.android.mms
W/PackageManager( 4117): Unknown permission android.permission.SEND_SMS in package com.android.mms
W/PackageManager( 4117): Unknown permission android.permission.INTERNET in package com.android.mms
W/PackageManager( 4117): Unknown permission android.permission.CHANGE_NETWORK_STATE in package com.android.mms
W/PackageManager( 4117): Unknown permission android.permission.WAKE_LOCK in package com.android.mms
W/PackageManager( 4117): Unknown permission android.permission.INSTALL_DRM in package com.android.mms
W/PackageManager( 4117): Unknown permission android.permission.WRITE_APN_SETTINGS in package com.android.mms
W/PackageManager( 4117): Unknown permission android.permission.READ_PHONE_BLACKLIST in package com.android.mms
W/PackageManager( 4117): Unknown permission com.android.browser.permission.WRITE_HISTORY_BOOKMARKS in package com.android.mms
W/PackageManager( 4117): Unknown permission android.permission.GET_TASKS in package com.android.mms
W/PackageManager( 4117): Unknown permission android.permission.RECEIVE_WAP_PUSH in package com.android.mms
W/PackageManager( 4117): Unknown permission android.permission.READ_EXTERNAL_STORAGE in package com.android.mms
W/PackageManager( 4117): Unknown permission android.permission.ACCESS_DOWNLOAD_MANAGER in package com.android.browser
W/PackageManager( 4117): Unknown permission android.permission.ACCESS_NETWORK_STATE in package com.android.browser
W/PackageManager( 4117): Unknown permission android.permission.USE_CREDENTIALS in package com.android.browser
W/PackageManager( 4117): Unknown permission android.permission.NFC in package com.android.browser
W/PackageManager( 4117): Unknown permission android.permission.SET_WALLPAPER in package com.android.browser
W/PackageManager( 4117): Unknown permission android.permission.WRITE_EXTERNAL_STORAGE in package com.android.browser
W/PackageManager( 4117): Unknown permission android.permission.WRITE_SETTINGS in package com.android.browser
W/PackageManager( 4117): Unknown permission android.permission.WRITE_SYNC_SETTINGS in package com.android.browser
W/PackageManager( 4117): Unknown permission android.permission.READ_PROFILE in package com.android.browser
W/PackageManager( 4117): Unknown permission com.android.browser.permission.READ_HISTORY_BOOKMARKS in package com.android.browser
W/PackageManager( 4117): Unknown permission com.android.launcher.permission.INSTALL_SHORTCUT in package com.android.browser
W/PackageManager( 4117): Unknown permission android.permission.CAMERA in package com.android.browser
W/PackageManager( 4117): Unknown permission android.permission.READ_EXTERNAL_STORAGE in package com.android.browser
W/PackageManager( 4117): Unknown permission android.permission.SET_WALLPAPER in package com.cyanogenmod.trebuchet
W/PackageManager( 4117): Unknown permission android.permission.VIBRATE in package com.cyanogenmod.trebuchet
W/PackageManager( 4117): Unknown permission android.permission.BIND_APPWIDGET in package com.cyanogenmod.trebuchet
W/PackageManager( 4117): Unknown permission android.permission.READ_EXTERNAL_STORAGE in package com.cyanogenmod.trebuchet
W/PackageManager( 4117): Unknown permission android.permission.RECEIVE_BOOT_COMPLETED in package com.cyanogenmod.trebuchet
W/PackageManager( 4117): Unknown permission com.android.launcher.permission.WRITE_SETTINGS in package com.cyanogenmod.trebuchet
W/PackageManager( 4117): Unknown permission com.android.launcher3.permission.WRITE_SETTINGS in package com.cyanogenmod.trebuchet
W/PackageManager( 4117): Unknown permission cyanogenmod.permission.PROTECTED_APP in package com.cyanogenmod.trebuchet
W/PackageManager( 4117): Unknown permission android.permission.ACCESS_THEME_MANAGER in package org.cyanogenmod.theme.chooser
W/PackageManager( 4117): Unknown permission android.permission.READ_THEMES in package org.cyanogenmod.theme.chooser
W/PackageManager( 4117): Unknown permission android.permission.CANCEL_NOTIFICATIONS in package org.cyanogenmod.theme.chooser
W/PackageManager( 4117): Unknown permission android.permission.WRITE_SETTINGS in package org.cyanogenmod.theme.chooser
V/PackageManager( 4117): Disabling com.google.android.gsf/com.google.android.gsf.update.SystemUpdateActivity
W/PackageManager( 4117): Unable to disable com.google.android.gsf/com.google.android.gsf.update.SystemUpdateActivity
V/PackageManager( 4117): Disabling com.google.android.gsf/com.google.android.gsf.update.SystemUpdateService$Receiver
W/PackageManager( 4117): Unable to disable com.google.android.gsf/com.google.android.gsf.update.SystemUpdateService$Receiver
V/PackageManager( 4117): Disabling com.google.android.gsf/com.google.android.gsf.update.SystemUpdateService$SecretCodeReceiver
W/PackageManager( 4117): Unable to disable com.google.android.gsf/com.google.android.gsf.update.SystemUpdateService$SecretCodeReceiver
V/PackageManager( 4117): Disabling com.google.android.gms/com.google.android.gms.update.SystemUpdateActivity
W/PackageManager( 4117): Unable to disable com.google.android.gms/com.google.android.gms.update.SystemUpdateActivity
V/PackageManager( 4117): Disabling com.google.android.gms/com.google.android.gms.update.SystemUpdateService$Receiver
W/PackageManager( 4117): Unable to disable com.google.android.gms/com.google.android.gms.update.SystemUpdateService$Receiver
V/PackageManager( 4117): Disabling com.google.android.gms/com.google.android.gms.update.SystemUpdateService$ActiveReceiver
W/PackageManager( 4117): Unable to disable com.google.android.gms/com.google.android.gms.update.SystemUpdateService$ActiveReceiver
V/PackageManager( 4117): Disabling com.google.android.gms/com.google.android.gms.update.SystemUpdateService$SecretCodeReceiver
W/PackageManager( 4117): Unable to disable com.google.android.gms/com.google.android.gms.update.SystemUpdateService$SecretCodeReceiver
V/PackageManager( 4117): Enabling com.google.android.gsf/com.google.android.gsf.update.SystemUpdateService
W/PackageManager( 4117): Unable to enable com.google.android.gsf/com.google.android.gsf.update.SystemUpdateService
V/PackageManager( 4117): Enabling com.google.android.gms/com.google.android.gms.update.SystemUpdateService
W/PackageManager( 4117): Unable to enable com.google.android.gms/com.google.android.gms.update.SystemUpdateService
I/PackageManager( 4117): Build fingerprint changed; clearing code caches
I/art     ( 4117): Explicit concurrent mark sweep GC freed 19455(1834KB) AllocSpace objects, 5(80KB) LOS objects, 33% free, 18MB/27MB, paused 1.956ms total 56.718ms
I/SystemServer( 4117): User Service
I/lowmemorykiller( 3659): ActivityManager connected
I/SystemServiceManager( 4117): Starting com.android.server.lights.LightsService
I/SystemServiceManager( 4117): Starting com.android.server.BatteryService
I/SystemServiceManager( 4117): Starting com.android.server.usage.UsageStatsService
I/SystemServiceManager( 4117): Starting com.android.server.webkit.WebViewUpdateService
I/SystemServer( 4117): Reading configuration...
I/SystemServer( 4117): Scheduling Policy
I/SystemServer( 4117): Telephony Registry
I/SystemServer( 4117): Entropy Mixer
I/EntropyMixer( 4117): Added HW RNG output to entropy pool
I/EntropyMixer( 4117): Writing entropy...
I/SystemServer( 4117): Account Manager
I/SystemServer( 4117): Content Manager
I/SystemServer( 4117): System Content Providers
E/ActivityThread( 4117): Failed to find provider info for settings
E/System  ( 4117): ******************************************
E/System  ( 4117): ************ Failure starting core service
E/System  ( 4117): java.lang.NullPointerException: Attempt to invoke interface method 'android.os.Bundle android.content.IContentProvider.call(java.lang.String, java.lang.String, java.lang.String, android.os.Bundle)' on a null object reference
E/System  ( 4117): 	at android.provider.Settings$NameValueCache.getStringForUser(Settings.java:1144)
E/System  ( 4117): 	at android.provider.Settings$Secure.getStringForUser(Settings.java:4086)
E/System  ( 4117): 	at android.provider.Settings$Secure.getIntForUser(Settings.java:4195)
E/System  ( 4117): 	at android.provider.Settings$Secure.getInt(Settings.java:4184)
E/System  ( 4117): 	at com.android.server.am.CoreSettingsObserver.populateSettings(CoreSettingsObserver.java:125)
E/System  ( 4117): 	at com.android.server.am.CoreSettingsObserver.sendCoreSettings(CoreSettingsObserver.java:80)
E/System  ( 4117): 	at com.android.server.am.CoreSettingsObserver.<init>(CoreSettingsObserver.java:65)
E/System  ( 4117): 	at com.android.server.am.ActivityManagerService.installSystemProviders(ActivityManagerService.java:9976)
E/System  ( 4117): 	at com.android.server.SystemServer.startOtherServices(SystemServer.java:482)
E/System  ( 4117): 	at com.android.server.SystemServer.run(SystemServer.java:284)
E/System  ( 4117): 	at com.android.server.SystemServer.main(SystemServer.java:185)
E/System  ( 4117): 	at java.lang.reflect.Method.invoke(Native Method)
E/System  ( 4117): 	at java.lang.reflect.Method.invoke(Method.java:372)
E/System  ( 4117): 	at com.android.internal.os.ZygoteInit$MethodAndArgsCaller.run(ZygoteInit.java:898)
E/System  ( 4117): 	at com.android.internal.os.ZygoteInit.main(ZygoteInit.java:693)
I/SystemServer( 4117): Input Method Service
W/InputMethodManagerService( 4117): Couldn't create dir.: /data/system/inputmethod
E/ActivityThread( 4117): Failed to find provider info for settings
W/SystemServer( 4117): ***********************************************
F/SystemServer( 4117): BOOT FAILURE starting Input Manager Service
F/SystemServer( 4117): java.lang.NullPointerException: Attempt to invoke interface method 'android.os.Bundle android.content.IContentProvider.call(java.lang.String, java.lang.String, java.lang.String, android.os.Bundle)' on a null object reference
F/SystemServer( 4117): 	at android.provider.Settings$NameValueCache.getStringForUser(Settings.java:1144)
F/SystemServer( 4117): 	at android.provider.Settings$Secure.getStringForUser(Settings.java:4086)
F/SystemServer( 4117): 	at com.android.internal.inputmethod.InputMethodUtils$InputMethodSettings.getEnabledInputMethodsStr(InputMethodUtils.java:898)
F/SystemServer( 4117): 	at com.android.internal.inputmethod.InputMethodUtils$InputMethodSettings.getEnabledInputMethodsAndSubtypeListLocked(InputMethodUtils.java:797)
F/SystemServer( 4117): 	at com.android.internal.inputmethod.InputMethodUtils$InputMethodSettings.getEnabledInputMethodListLocked(InputMethodUtils.java:731)
F/SystemServer( 4117): 	at com.android.internal.inputmethod.InputMethodUtils$InputMethodSettings.getExplicitlyOrImplicitlyEnabledInputMethodsAndSubtypeListLocked(InputMethodUtils.java:1168)
F/SystemServer( 4117): 	at com.android.internal.inputmethod.InputMethodSubtypeSwitchingController$InputMethodAndSubtypeList.getSortedInputMethodAndSubtypeList(InputMethodSubtypeSwitchingController.java:202)
F/SystemServer( 4117): 	at com.android.internal.inputmethod.InputMethodSubtypeSwitchingController$InputMethodAndSubtypeList.getSortedInputMethodAndSubtypeList(InputMethodSubtypeSwitchingController.java:195)
F/SystemServer( 4117): 	at com.android.internal.inputmethod.InputMethodSubtypeSwitchingController.resetCircularListLocked(InputMethodSubtypeSwitchingController.java:503)
F/SystemServer( 4117): 	at com.android.internal.inputmethod.InputMethodSubtypeSwitchingController.<init>(InputMethodSubtypeSwitchingController.java:483)
F/SystemServer( 4117): 	at com.android.internal.inputmethod.InputMethodSubtypeSwitchingController.createInstanceLocked(InputMethodSubtypeSwitchingController.java:488)
F/SystemServer( 4117): 	at com.android.server.InputMethodManagerService.<init>(InputMethodManagerService.java:721)
F/SystemServer( 4117): 	at com.android.server.SystemServer.startOtherServices(SystemServer.java:561)
F/SystemServer( 4117): 	at com.android.server.SystemServer.run(SystemServer.java:284)
F/SystemServer( 4117): 	at com.android.server.SystemServer.main(SystemServer.java:185)
F/SystemServer( 4117): 	at java.lang.reflect.Method.invoke(Native Method)
F/SystemServer( 4117): 	at java.lang.reflect.Method.invoke(Method.java:372)
F/SystemServer( 4117): 	at com.android.internal.os.ZygoteInit$MethodAndArgsCaller.run(ZygoteInit.java:898)
F/SystemServer( 4117): 	at com.android.internal.os.ZygoteInit.main(ZygoteInit.java:693)
I/SystemServer( 4117): Accessibility Manager
W/SystemServer( 4117): ***********************************************
F/SystemServer( 4117): BOOT FAILURE making display ready
F/SystemServer( 4117): java.lang.NullPointerException: Attempt to invoke virtual method 'void com.android.server.wm.WindowManagerService.displayReady()' on a null object reference
F/SystemServer( 4117): 	at com.android.server.SystemServer.startOtherServices(SystemServer.java:578)
F/SystemServer( 4117): 	at com.android.server.SystemServer.run(SystemServer.java:284)
F/SystemServer( 4117): 	at com.android.server.SystemServer.main(SystemServer.java:185)
F/SystemServer( 4117): 	at java.lang.reflect.Method.invoke(Native Method)
F/SystemServer( 4117): 	at java.lang.reflect.Method.invoke(Method.java:372)
F/SystemServer( 4117): 	at com.android.internal.os.ZygoteInit$MethodAndArgsCaller.run(ZygoteInit.java:898)
F/SystemServer( 4117): 	at com.android.internal.os.ZygoteInit.main(ZygoteInit.java:693)
I/SystemServer( 4117): Mount Service
D/MountService( 4117): got storage path: /storage/sdcard0 description: Almacenamiento interno primary: true removable: false emulated: true mtpReserve: 100 allowMassStorage: false maxFileSize: 0
D/MountService( 4117): addVolumeLocked() StorageVolume:
D/MountService( 4117):     mStorageId=65537 mPath=/storage/emulated/0 mDescriptionId=17040999 
D/MountService( 4117):     mPrimary=true mRemovable=false mEmulated=true mMtpReserveSpace=100 
D/MountService( 4117):     mAllowMassStorage=false mMaxFileSize=0 mOwner=UserHandle{0} mUuid=null 
D/MountService( 4117):     mUserLabel=null mState=null 
D/MountService( 4117): got storage path: /storage/sdcard1 description: Tarjeta SD primary: false removable: true emulated: false mtpReserve: 0 allowMassStorage: true maxFileSize: 0
D/MountService( 4117): addVolumeLocked() StorageVolume:
D/MountService( 4117):     mStorageId=0 mPath=/storage/sdcard1 mDescriptionId=17041000 mPrimary=false 
D/MountService( 4117):     mRemovable=true mEmulated=false mMtpReserveSpace=0 mAllowMassStorage=true 
D/MountService( 4117):     mMaxFileSize=0 mOwner=null mUuid=null mUserLabel=null mState=null 
D/MountService( 4117): got storage path: /storage/usbdisk description: Almacenamiento USB primary: false removable: true emulated: false mtpReserve: 0 allowMassStorage: false maxFileSize: 0
D/MountService( 4117): addVolumeLocked() StorageVolume:
D/MountService( 4117):     mStorageId=0 mPath=/storage/usbdisk mDescriptionId=17041001 mPrimary=false 
D/MountService( 4117):     mRemovable=true mEmulated=false mMtpReserveSpace=0 mAllowMassStorage=false 
D/MountService( 4117):     mMaxFileSize=0 mOwner=null mUuid=null mUserLabel=null mState=null 
E/ActivityThread( 4117): Failed to find provider info for settings
W/SystemServer( 4117): ***********************************************
F/SystemServer( 4117): BOOT FAILURE performing boot dexopt
F/SystemServer( 4117): java.lang.NullPointerException: Attempt to invoke interface method 'android.os.Bundle android.content.IContentProvider.call(java.lang.String, java.lang.String, java.lang.String, android.os.Bundle)' on a null object reference
F/SystemServer( 4117): 	at android.provider.Settings$NameValueCache.getStringForUser(Settings.java:1144)
F/SystemServer( 4117): 	at android.provider.Settings$Global.getStringForUser(Settings.java:7966)
F/SystemServer( 4117): 	at android.provider.Settings$Global.getString(Settings.java:7955)
F/SystemServer( 4117): 	at android.provider.Settings$Global.getLong(Settings.java:8096)
F/SystemServer( 4117): 	at com.android.server.pm.PackageManagerService.performBootDexOpt(PackageManagerService.java:4802)
F/SystemServer( 4117): 	at com.android.server.SystemServer.startOtherServices(SystemServer.java:601)
F/SystemServer( 4117): 	at com.android.server.SystemServer.run(SystemServer.java:284)
F/SystemServer( 4117): 	at com.android.server.SystemServer.main(SystemServer.java:185)
F/SystemServer( 4117): 	at java.lang.reflect.Method.invoke(Native Method)
F/SystemServer( 4117): 	at java.lang.reflect.Method.invoke(Method.java:372)
F/SystemServer( 4117): 	at com.android.internal.os.ZygoteInit$MethodAndArgsCaller.run(ZygoteInit.java:898)
F/SystemServer( 4117): 	at com.android.internal.os.ZygoteInit.main(ZygoteInit.java:693)
E/System  ( 4117): ******************************************
E/System  ( 4117): ************ Failure starting system services
E/System  ( 4117): java.lang.NullPointerException: Attempt to invoke virtual method 'void com.android.server.wm.WindowManagerService.showBootMessage(java.lang.CharSequence, boolean)' on a null object reference
E/System  ( 4117): 	at com.android.server.am.ActivityManagerService.showBootMessage(ActivityManagerService.java:6406)
E/System  ( 4117): 	at com.android.server.SystemServer.startOtherServices(SystemServer.java:607)
E/System  ( 4117): 	at com.android.server.SystemServer.run(SystemServer.java:284)
E/System  ( 4117): 	at com.android.server.SystemServer.main(SystemServer.java:185)
E/System  ( 4117): 	at java.lang.reflect.Method.invoke(Native Method)
E/System  ( 4117): 	at java.lang.reflect.Method.invoke(Method.java:372)
E/System  ( 4117): 	at com.android.internal.os.ZygoteInit$MethodAndArgsCaller.run(ZygoteInit.java:898)
E/System  ( 4117): 	at com.android.internal.os.ZygoteInit.main(ZygoteInit.java:693)
D/AndroidRuntime( 4117): Shutting down VM
--------- beginning of crash
E/AndroidRuntime( 4117): *** FATAL EXCEPTION IN SYSTEM PROCESS: main
E/AndroidRuntime( 4117): java.lang.NullPointerException: Attempt to invoke virtual method 'void com.android.server.wm.WindowManagerService.showBootMessage(java.lang.CharSequence, boolean)' on a null object reference
E/AndroidRuntime( 4117): 	at com.android.server.am.ActivityManagerService.showBootMessage(ActivityManagerService.java:6406)
E/AndroidRuntime( 4117): 	at com.android.server.SystemServer.startOtherServices(SystemServer.java:607)
E/AndroidRuntime( 4117): 	at com.android.server.SystemServer.run(SystemServer.java:284)
E/AndroidRuntime( 4117): 	at com.android.server.SystemServer.main(SystemServer.java:185)
E/AndroidRuntime( 4117): 	at java.lang.reflect.Method.invoke(Native Method)
E/AndroidRuntime( 4117): 	at java.lang.reflect.Method.invoke(Method.java:372)
E/AndroidRuntime( 4117): 	at com.android.internal.os.ZygoteInit$MethodAndArgsCaller.run(ZygoteInit.java:898)
E/AndroidRuntime( 4117): 	at com.android.internal.os.ZygoteInit.main(ZygoteInit.java:693)
I/Process ( 4117): Sending signal. PID: 4117 SIG: 9
E/installd( 3675): eof
E/installd( 3675): failed to read size
I/installd( 3675): closing connection
I/ServiceManager( 3660): service 'hardware' died
I/ServiceManager( 3660): service 'permission' died
I/ServiceManager( 3660): service 'cpuinfo' died
I/ServiceManager( 3660): service 'dbinfo' died
I/ServiceManager( 3660): service 'gfxinfo' died
I/ServiceManager( 3660): service 'battery' died
I/ServiceManager( 3660): service 'usagestats' died
I/ServiceManager( 3660): service 'webviewupdate' died
I/ServiceManager( 3660): service 'scheduling_policy' died
I/ServiceManager( 3660): service 'telephony.registry' died
I/ServiceManager( 3660): service 'entropy' died
I/ServiceManager( 3660): service 'account' died
I/ServiceManager( 3660): service 'content' died
I/ServiceManager( 3660): service 'accessibility' died
I/ServiceManager( 3660): service 'mount' died
I/ServiceManager( 3660): service 'activity' died
I/ServiceManager( 3660): service 'sensorservice' died
I/ServiceManager( 3660): service 'batterystats' died
I/ServiceManager( 3660): service 'appops' died
I/ServiceManager( 3660): service 'power' died
I/ServiceManager( 3660): service 'display' died
I/ServiceManager( 3660): service 'meminfo' died
I/ServiceManager( 3660): service 'procstats' died
I/ServiceManager( 3660): service 'user' died
I/ServiceManager( 3660): service 'package' died
I/lowmemorykiller( 3659): ActivityManager disconnected
I/lowmemorykiller( 3659): Closing Activity Manager data connection
E/Zygote  ( 3683): Exit zygote because system server (4117) has terminated
I/Netd    ( 4425): Netd 1.0 starting
E/Netd    ( 4425): Failed to open /proc/sys/net/ipv6/conf/default/accept_ra_rt_table: No such file or directory
E/Netd    ( 4425): Failed to open /proc/sys/net/ipv6/conf/ip6tnl0/accept_ra_rt_table: No such file or directory
E/Netd    ( 4425): Failed to open /proc/sys/net/ipv6/conf/lo/accept_ra_rt_table: No such file or directory
E/Netd    ( 4425): Failed to open /proc/sys/net/ipv6/conf/rmnet0/accept_ra_rt_table: No such file or directory
E/Netd    ( 4425): Failed to open /proc/sys/net/ipv6/conf/rmnet1/accept_ra_rt_table: No such file or directory
E/Netd    ( 4425): Failed to open /proc/sys/net/ipv6/conf/rmnet2/accept_ra_rt_table: No such file or directory
E/Netd    ( 4425): Failed to open /proc/sys/net/ipv6/conf/rmnet3/accept_ra_rt_table: No such file or directory
E/Netd    ( 4425): Failed to open /proc/sys/net/ipv6/conf/sit0/accept_ra_rt_table: No such file or directory
D/AndroidRuntime( 4424): 
D/AndroidRuntime( 4424): >>>>>> AndroidRuntime START com.android.internal.os.ZygoteInit <<<<<<
D/AndroidRuntime( 4424): CheckJNI is OFF
I/art     ( 4424): option[0]=-Xzygote
I/art     ( 4424): option[1]=-Xstacktracefile:/data/anr/traces.txt
I/art     ( 4424): option[2]=exit
I/art     ( 4424): option[3]=vfprintf
I/art     ( 4424): option[4]=sensitiveThread
I/art     ( 4424): option[5]=-verbose:gc
I/art     ( 4424): option[6]=-Xms16m
I/art     ( 4424): option[7]=-Xmx512m
I/art     ( 4424): option[8]=-XX:mainThreadStackSize=24K
I/art     ( 4424): option[9]=-XX:HeapGrowthLimit=192m
I/art     ( 4424): option[10]=-XX:HeapMinFree=2m
I/art     ( 4424): option[11]=-XX:HeapMaxFree=8m
I/art     ( 4424): option[12]=-XX:HeapTargetUtilization=0.75
I/art     ( 4424): option[13]=-agentlib:jdwp=transport=dt_android_adb,suspend=n,server=y
I/art     ( 4424): option[14]=-Xlockprofthreshold:500
I/art     ( 4424): option[15]=-Ximage-compiler-option
I/art     ( 4424): option[16]=--runtime-arg
I/art     ( 4424): option[17]=-Ximage-compiler-option
I/art     ( 4424): option[18]=-Xms64m
I/art     ( 4424): option[19]=-Ximage-compiler-option
I/art     ( 4424): option[20]=--runtime-arg
I/art     ( 4424): option[21]=-Ximage-compiler-option
I/art     ( 4424): option[22]=-Xmx64m
I/art     ( 4424): option[23]=-Ximage-compiler-option
I/art     ( 4424): option[24]=--image-classes-zip=/system/framework/framework.jar
I/art     ( 4424): option[25]=-Ximage-compiler-option
I/art     ( 4424): option[26]=--image-classes=preloaded-classes
I/art     ( 4424): option[27]=-Xcompiler-option
I/art     ( 4424): option[28]=--runtime-arg
I/art     ( 4424): option[29]=-Xcompiler-option
I/art     ( 4424): option[30]=-Xms64m
I/art     ( 4424): option[31]=-Xcompiler-option
I/art     ( 4424): option[32]=--runtime-arg
I/art     ( 4424): option[33]=-Xcompiler-option
I/art     ( 4424): option[34]=-Xmx512m
I/art     ( 4424): option[35]=-Duser.language=es
I/art     ( 4424): option[36]=-Duser.region=US
E/memtrack( 4424): Couldn't load memtrack module (No such file or directory)
E/android.os.Debug( 4424): failed to load memtrack module: -2
I/SamplingProfilerIntegration( 4424): Profiling disabled.
D/Zygote  ( 4424): begin preload
I/Zygote  ( 4424): Preloading classes...
I/art     ( 4424): Explicit concurrent mark sweep GC freed 1001(56KB) AllocSpace objects, 0(0B) LOS objects, 98% free, 71KB/4MB, paused 158us total 4.937ms
I/art     ( 4424): Counter: 1
E/Minikin ( 4424): addFont failed to create font /system/fonts/NotoSansGujarati-Regular.ttf
E/Minikin ( 4424): addFont failed to create font /system/fonts/NotoSansGujarati-Bold.ttf
E/Minikin ( 4424): addFont failed to create font /system/fonts/NotoSansGujaratiUI-Regular.ttf
E/Minikin ( 4424): addFont failed to create font /system/fonts/NotoSansGujaratiUI-Bold.ttf
E/Minikin ( 4424): addFont failed to create font /system/fonts/NotoSansGurmukhi-Regular.ttf
E/Minikin ( 4424): addFont failed to create font /system/fonts/NotoSansGurmukhi-Bold.ttf
E/Minikin ( 4424): addFont failed to create font /system/fonts/NotoSansGurmukhiUI-Regular.ttf
E/Minikin ( 4424): addFont failed to create font /system/fonts/NotoSansGurmukhiUI-Bold.ttf
E/Minikin ( 4424): addFont failed to create font /system/fonts/NotoSansSinhala-Regular.ttf
E/Minikin ( 4424): addFont failed to create font /system/fonts/NotoSansSinhala-Bold.ttf
E/Minikin ( 4424): addFont failed to create font /system/fonts/NotoSansCherokee-Regular.ttf
E/Minikin ( 4424): addFont failed to create font /system/fonts/NotoSansCanadianAboriginal-Regular.ttf
E/Minikin ( 4424): addFont failed to create font /system/fonts/NotoSansYi-Regular.ttf
E/Minikin ( 4424): addFont failed to create font /system/fonts/NotoSansHans-Regular.otf
E/Minikin ( 4424): addFont failed to create font /system/fonts/NotoSansHant-Regular.otf
E/Minikin ( 4424): addFont failed to create font /system/fonts/NotoSansJP-Regular.otf
E/Minikin ( 4424): addFont failed to create font /system/fonts/NotoSansKR-Regular.otf
I/art     ( 4424): Thread[1,tid=4424,WaitingForJniOnLoad,Thread*=0xb5107800,peer=0x12c33140,"main"] recursive attempt to load library "/system/lib/libmedia_jni.so"
D/MtpDeviceJNI( 4424): register_android_mtp_MtpDevice
I/art     ( 4424): Thread[1,tid=4424,WaitingForJniOnLoad,Thread*=0xb5107800,peer=0x12c33140,"main"] recursive attempt to load library "/system/lib/libmedia_jni.so"
I/art     ( 4424): Thread[1,tid=4424,WaitingForJniOnLoad,Thread*=0xb5107800,peer=0x12c33140,"main"] recursive attempt to load library "/system/lib/libmedia_jni.so"
W/SurfaceFlinger( 3662): Ignoring duplicate VSYNC event from HWC (t=45220185588)
I/System  ( 4424): Loaded time zone names for "" in 59ms (53ms in ICU)
W/SurfaceFlinger( 3662): Ignoring duplicate VSYNC event from HWC (t=45355184254)
I/System  ( 4424): Loaded time zone names for "en_US" in 42ms (35ms in ICU)
I/System  ( 4424): Loaded time zone names for "es_US" in 48ms (41ms in ICU)
I/art     ( 4424): Explicit concurrent mark sweep GC freed 32378(1963KB) AllocSpace objects, 0(0B) LOS objects, 71% free, 1613KB/5MB, paused 211us total 20.311ms
I/Zygote  ( 4424): ...preloaded 3005 classes in 842ms.
I/art     ( 4424): VMRuntime.preloadDexCaches starting
I/art     ( 4424): VMRuntime.preloadDexCaches strings total=217316 before=40338 after=40338
I/art     ( 4424): VMRuntime.preloadDexCaches types total=18704 before=6337 after=6380
I/art     ( 4424): VMRuntime.preloadDexCaches fields total=87408 before=32543 after=32871
I/art     ( 4424): VMRuntime.preloadDexCaches methods total=154031 before=66779 after=67657
I/art     ( 4424): VMRuntime.preloadDexCaches finished
I/art     ( 4424): Counter: 0
I/art     ( 4424): Counter: 1
I/art     ( 4424): Explicit concurrent mark sweep GC freed 175(20KB) AllocSpace objects, 0(0B) LOS objects, 71% free, 1594KB/5MB, paused 236us total 11.068ms
D/idmap   ( 4540): error: no read access to /vendor/overlay: No such file or directory
I/Zygote  ( 4424): Preloading resources...
I/art     ( 4424): Explicit concurrent mark sweep GC freed 4752(171KB) AllocSpace objects, 0(0B) LOS objects, 40% free, 16MB/28MB, paused 284us total 12.620ms
I/Zygote  ( 4424): ...preloaded 430 resources in 511ms.
I/art     ( 4424): Explicit concurrent mark sweep GC freed 526(30KB) AllocSpace objects, 0(0B) LOS objects, 40% free, 16MB/28MB, paused 289us total 11.961ms
I/Zygote  ( 4424): ...preloaded 41 resources in 24ms.
I/art     ( 4424): Counter: 0
D/libEGL  ( 4424): loaded /vendor/lib/egl/libGLES_mali.so
I/Zygote  ( 4424): Preloading shared libraries...
D/Zygote  ( 4424): end preload
I/art     ( 4424): Explicit concurrent mark sweep GC freed 461(21KB) AllocSpace objects, 0(0B) LOS objects, 40% free, 16MB/28MB, paused 284us total 10.851ms
I/art     ( 4424): Explicit concurrent mark sweep GC freed 41(1568B) AllocSpace objects, 0(0B) LOS objects, 40% free, 16MB/28MB, paused 278us total 10.476ms
I/art     ( 4424): Explicit concurrent mark sweep GC freed 5(160B) AllocSpace objects, 0(0B) LOS objects, 40% free, 16MB/28MB, paused 269us total 11.350ms
I/Zygote  ( 4424): System server process 4609 has been created
I/Zygote  ( 4424): Accepting command socket connections
I/InstallerConnection( 4609): disconnecting...
I/SystemServer( 4609): Entered the Android system server!
V/Fingerprint-JNI( 4609): FingerprintManager JNI ready.
I/        ( 4609): System server: starting sensor init.
D/SensorService( 4609): nuSensorService starting...
V/NatController( 4425): runCmd(/system/bin/iptables -F natctrl_FORWARD) res=0
E/Sensors ( 4609): GeoMagneticSensor, ERROR dev_num = -19
V/NatController( 4425): runCmd(/system/bin/iptables -A natctrl_FORWARD -j DROP) res=0
I/SystemServiceManager( 4609): Starting com.android.server.pm.Installer
I/Installer( 4609): Waiting for installd to be ready.
I/InstallerConnection( 4609): connecting...
I/installd( 3675): new connection
I/SystemServiceManager( 4609): Starting com.android.server.am.ActivityManagerService$Lifecycle
E/Sensors ( 4609): UncalMagneticSensor, ERROR dev_num = -19
V/NatController( 4425): runCmd(/system/bin/iptables -t nat -F natctrl_nat_POSTROUTING) res=0
E/Sensors ( 4609): UncalGyroSensor, ERROR dev_num = -19
E/Sensors ( 4609): GameRotationVector, ERROR dev_num = -19
D/Sensors ( 4609): HrmSpO2Sensor::HrmSpO2Sensor: Shared version Registered 
E/SensorService( 4609): >>>> WARNING <<< Upgrade sensor HAL to version 1_3
I/Sensors ( 4609): HrmSpO2Sensor::enable, handle(16), en(0), what(1/0:aosphrm,1:sshrm, old enabled : 0)
I/Sensors ( 4609): HrmSpO2Sensor is already disabled or have to keep enabled, mEnabled : 0x0, en : 0
I/Sensors ( 4609): HrmSpO2Sensor::enable, handle(17), en(0), what(0/0:aosphrm,1:sshrm, old enabled : 0)
I/Sensors ( 4609): HrmSpO2Sensor is already disabled or have to keep enabled, mEnabled : 0x0, en : 0
I/Sensors ( 4609): HrmSpO2Sensor::enable, handle(18), en(0), what(2/0:aosphrm,1:sshrm, old enabled : 0)
I/Sensors ( 4609): HrmSpO2Sensor is already disabled or have to keep enabled, mEnabled : 0x0, en : 0
V/NatController( 4425): runCmd(/system/bin/iptables -t nat -F natctrl_nat_PREROUTING) res=0
I/        ( 4609): System server: sensor init done.
D/SensorService( 4609): nuSensorService thread starting...
D/SensorService( 4609): new thread SensorEventAckReceiver
V/NatController( 4425): runCmd(/system/bin/iptables -F natctrl_tether_counters) res=0
V/NatController( 4425): runCmd(/system/bin/iptables -X natctrl_tether_counters) res=0
I/ActivityManager( 4609): Memory class: 192
V/NatController( 4425): runCmd(/system/bin/iptables -N natctrl_tether_counters) res=0
I/ServiceThread( 4609): Enabled StrictMode logging for ActivityManager looper.
V/NatController( 4425): runCmd(/system/bin/iptables -t mangle -A natctrl_mangle_FORWARD -p tcp --tcp-flags SYN SYN -j TCPMSS --clamp-mss-to-pmtu) res=0
W/ProcessCpuTracker( 4609): Skipping unknown process pid 4658
I/IntentFirewall( 4609): Read new rules (A:0 B:0 S:0)
I/ServiceThread( 4609): Enabled StrictMode logging for android.ui looper.
I/ServiceThread( 4609): Enabled StrictMode logging for android.display looper.
D/AppOps  ( 4609): AppOpsService published
I/SystemServiceManager( 4609): Starting com.android.server.power.PowerManagerService
I/ServiceThread( 4609): Enabled StrictMode logging for PowerManagerService looper.
E/Universal5422 PowerHAL( 4609): Error opening /sys/devices/system/cpu/cpufreq/interactive/timer_rate: No such file or directory
E/Universal5422 PowerHAL( 4609): Error opening /sys/devices/system/cpu/cpufreq/interactive/timer_slack: No such file or directory
E/Universal5422 PowerHAL( 4609): Error opening /sys/devices/system/cpu/cpufreq/interactive/min_sample_time: No such file or directory
E/Universal5422 PowerHAL( 4609): Error opening /sys/devices/system/cpu/cpufreq/interactive/hispeed_freq: No such file or directory
E/Universal5422 PowerHAL( 4609): Error opening /sys/devices/system/cpu/cpufreq/interactive/go_hispeed_load: No such file or directory
E/Universal5422 PowerHAL( 4609): Error opening /sys/devices/system/cpu/cpufreq/interactive/target_loads: No such file or directory
E/Universal5422 PowerHAL( 4609): Error opening /sys/devices/system/cpu/cpufreq/interactive/above_hispeed_delay: No such file or directory
E/Universal5422 PowerHAL( 4609): Error opening /sys/devices/system/cpu/cpufreq/interactive/boostpulse_duration: No such file or directory
E/Universal5422 PowerHAL( 4609): Error opening /sys/devices/system/cpu/cpufreq/interactive/io_is_busy: No such file or directory
W/libsuspend( 4609): Error writing 'on' to /sys/power/state: Invalid argument
I/libsuspend( 4609): Selected wakeup count
E/Universal5422 PowerHAL( 4609): Error opening /sys/class/input/input1/enabled: Permission denied
E/Universal5422 PowerHAL( 4609): Error opening /sys/class/input/input19/enabled: Permission denied
E/Universal5422 PowerHAL( 4609): Error opening /sys/class/input/input17/enabled: Permission denied
E/Universal5422 PowerHAL( 4609): Error opening /sys/class/input/input18/enabled: Permission denied
I/SystemServiceManager( 4609): Starting com.android.server.display.DisplayManagerService
I/SystemServiceManager( 4609): Starting phase 100
I/DisplayManagerService( 4609): Display device added: DisplayDeviceInfo{"Pantalla integrada": 1080 x 1920, 60.000004 fps, supportedRefreshRates [60.000004], density 480, 422.03 x 424.069 dpi, appVsyncOff 0, presDeadline 17666666, touch INTERNAL, rotation 0, type BUILT_IN, state UNKNOWN, FLAG_DEFAULT_DISPLAY, FLAG_ROTATES_WITH_CONTENT, FLAG_SECURE, FLAG_SUPPORTS_PROTECTED_BUFFERS}
I/SystemServer( 4609): Package Manager
W/SELinuxMMAC( 4609): Error opening /data/system/seapp_hash. Assuming first boot.
W/PackageManager( 4609): No security bridge jar found, using default
W/SystemConfig( 4609): No directory /system/etc/sysconfig, skipping
D/SELinuxMMAC( 4609): Using policy file /system/etc/security/mac_permissions.xml
I/iptables( 4425): iptables: Chain already exists.
I/iptables( 4425): iptables terminated by exit(1)
E/BandwidthController( 4425): runIptablesCmd(): res=1 status=256 failed /system/bin/iptables -N bw_VIDEOCALL
E/art     ( 4609): DexFile_isDexOptNeeded file '/system/framework/com.android.nfc_extras.jar' does not exist
W/PackageManager( 4609): Library not found: /system/framework/com.android.nfc_extras.jar
I/ip6tables( 4425): ip6tables: Chain already exists.
I/ip6tables( 4425): ip6tables terminated by exit(1)
E/BandwidthController( 4425): runIptablesCmd(): res=1 status=256 failed /system/bin/ip6tables -N bw_VIDEOCALL
E/SQLiteLog( 4609): (14) cannot open file at line 30046 of [9491ba7d73]
E/SQLiteLog( 4609): (14) os_unix.c:30046: (2) open(/data/data/com.android.providers.settings/databases/settings.db) - 
E/SQLiteDatabase( 4609): Failed to open database '/data/data/com.android.providers.settings/databases/settings.db'.
E/SQLiteDatabase( 4609): android.database.sqlite.SQLiteCantOpenDatabaseException: unknown error (code 14): Could not open database
E/SQLiteDatabase( 4609): 	at android.database.sqlite.SQLiteConnection.nativeOpen(Native Method)
E/SQLiteDatabase( 4609): 	at android.database.sqlite.SQLiteConnection.open(SQLiteConnection.java:209)
E/SQLiteDatabase( 4609): 	at android.database.sqlite.SQLiteConnection.open(SQLiteConnection.java:193)
E/SQLiteDatabase( 4609): 	at android.database.sqlite.SQLiteConnectionPool.openConnectionLocked(SQLiteConnectionPool.java:463)
E/SQLiteDatabase( 4609): 	at android.database.sqlite.SQLiteConnectionPool.open(SQLiteConnectionPool.java:185)
E/SQLiteDatabase( 4609): 	at android.database.sqlite.SQLiteConnectionPool.open(SQLiteConnectionPool.java:177)
E/SQLiteDatabase( 4609): 	at android.database.sqlite.SQLiteDatabase.openInner(SQLiteDatabase.java:806)
E/SQLiteDatabase( 4609): 	at android.database.sqlite.SQLiteDatabase.open(SQLiteDatabase.java:791)
E/SQLiteDatabase( 4609): 	at android.database.sqlite.SQLiteDatabase.openDatabase(SQLiteDatabase.java:694)
E/SQLiteDatabase( 4609): 	at android.database.sqlite.SQLiteDatabase.openDatabase(SQLiteDatabase.java:669)
E/SQLiteDatabase( 4609): 	at android.content.pm.ThemeUtils.getBootThemeDirty(ThemeUtils.java:697)
E/SQLiteDatabase( 4609): 	at com.android.server.pm.PackageManagerService.<init>(PackageManagerService.java:1654)
E/SQLiteDatabase( 4609): 	at com.android.server.pm.PackageManagerService.main(PackageManagerService.java:1352)
E/SQLiteDatabase( 4609): 	at com.android.server.SystemServer.startBootstrapServices(SystemServer.java:376)
E/SQLiteDatabase( 4609): 	at com.android.server.SystemServer.run(SystemServer.java:282)
E/SQLiteDatabase( 4609): 	at com.android.server.SystemServer.main(SystemServer.java:185)
E/SQLiteDatabase( 4609): 	at java.lang.reflect.Method.invoke(Native Method)
E/SQLiteDatabase( 4609): 	at java.lang.reflect.Method.invoke(Method.java:372)
E/SQLiteDatabase( 4609): 	at com.android.internal.os.ZygoteInit$MethodAndArgsCaller.run(ZygoteInit.java:898)
E/SQLiteDatabase( 4609): 	at com.android.internal.os.ZygoteInit.main(ZygoteInit.java:693)
W/ThemeUtils( 4609): Unable to open /data/data/com.android.providers.settings/databases/settings.db
W/ThemeUtils( 4609): android.database.sqlite.SQLiteCantOpenDatabaseException: unknown error (code 14): Could not open database
W/ThemeUtils( 4609): 	at android.database.sqlite.SQLiteConnection.nativeOpen(Native Method)
W/ThemeUtils( 4609): 	at android.database.sqlite.SQLiteConnection.open(SQLiteConnection.java:209)
W/ThemeUtils( 4609): 	at android.database.sqlite.SQLiteConnection.open(SQLiteConnection.java:193)
W/ThemeUtils( 4609): 	at android.database.sqlite.SQLiteConnectionPool.openConnectionLocked(SQLiteConnectionPool.java:463)
W/ThemeUtils( 4609): 	at android.database.sqlite.SQLiteConnectionPool.open(SQLiteConnectionPool.java:185)
W/ThemeUtils( 4609): 	at android.database.sqlite.SQLiteConnectionPool.open(SQLiteConnectionPool.java:177)
W/ThemeUtils( 4609): 	at android.database.sqlite.SQLiteDatabase.openInner(SQLiteDatabase.java:806)
W/ThemeUtils( 4609): 	at android.database.sqlite.SQLiteDatabase.open(SQLiteDatabase.java:791)
W/ThemeUtils( 4609): 	at android.database.sqlite.SQLiteDatabase.openDatabase(SQLiteDatabase.java:694)
W/ThemeUtils( 4609): 	at android.database.sqlite.SQLiteDatabase.openDatabase(SQLiteDatabase.java:669)
W/ThemeUtils( 4609): 	at android.content.pm.ThemeUtils.getBootThemeDirty(ThemeUtils.java:697)
W/ThemeUtils( 4609): 	at com.android.server.pm.PackageManagerService.<init>(PackageManagerService.java:1654)
W/ThemeUtils( 4609): 	at com.android.server.pm.PackageManagerService.main(PackageManagerService.java:1352)
W/ThemeUtils( 4609): 	at com.android.server.SystemServer.startBootstrapServices(SystemServer.java:376)
W/ThemeUtils( 4609): 	at com.android.server.SystemServer.run(SystemServer.java:282)
W/ThemeUtils( 4609): 	at com.android.server.SystemServer.main(SystemServer.java:185)
W/ThemeUtils( 4609): 	at java.lang.reflect.Method.invoke(Native Method)
W/ThemeUtils( 4609): 	at java.lang.reflect.Method.invoke(Method.java:372)
W/ThemeUtils( 4609): 	at com.android.internal.os.ZygoteInit$MethodAndArgsCaller.run(ZygoteInit.java:898)
W/ThemeUtils( 4609): 	at com.android.internal.os.ZygoteInit.main(ZygoteInit.java:693)
D/PackageManager( 4609): No files in app dir /vendor/overlay
I/PackageManager( 4609): /system/framework/framework-res.apk changed; collecting certs
D/MDnsDS  ( 4425): MDnsSdListener::Hander starting up
D/MDnsDS  ( 4425): MDnsSdListener starting to monitor
D/MDnsDS  ( 4425): Going to poll with pollCount 1
W/PackageManager( 4609): Failed to parse /system/framework/framework-res.apk: Signature mismatch for shared user : SharedUserSetting{2f913bcb android.uid.system/1000}
I/PackageManager( 4609): SELinux relabeling of org.cyanogenmod.audiofx issued.
I/art     ( 4609): DexFile_isDexOptNeeded failed to open oat file '/data/dalvik-cache/arm/system@priv-app@AudioFX@AudioFX.apk@classes.dex' for file location '/system/priv-app/AudioFX/AudioFX.apk': Failed to open oat filename for reading: No such file or directory
I/art     ( 4609): DexFile_isDexOptNeeded failed to open oat file '/system/priv-app/AudioFX/arm/AudioFX.odex' for file location '/system/priv-app/AudioFX/AudioFX.apk': Failed to open oat filename for reading: No such file or directory
I/PackageManager( 4609): SELinux relabeling of com.android.backupconfirm issued.
I/art     ( 4609): DexFile_isDexOptNeeded failed to open oat file '/data/dalvik-cache/arm/system@priv-app@BackupRestoreConfirmation@BackupRestoreConfirmation.apk@classes.dex' for file location '/system/priv-app/BackupRestoreConfirmation/BackupRestoreConfirmation.apk': Failed to open oat filename for reading: No such file or directory
I/art     ( 4609): DexFile_isDexOptNeeded failed to open oat file '/system/priv-app/BackupRestoreConfirmation/arm/BackupRestoreConfirmation.odex' for file location '/system/priv-app/BackupRestoreConfirmation/BackupRestoreConfirmation.apk': Failed to open oat filename for reading: No such file or directory
I/PackageManager( 4609): SELinux relabeling of com.cyanogenmod.account issued.
I/art     ( 4609): DexFile_isDexOptNeeded failed to open oat file '/data/dalvik-cache/arm/system@priv-app@CMAccount@CMAccount.apk@classes.dex' for file location '/system/priv-app/CMAccount/CMAccount.apk': Failed to open oat filename for reading: No such file or directory
I/art     ( 4609): DexFile_isDexOptNeeded failed to open oat file '/system/priv-app/CMAccount/arm/CMAccount.odex' for file location '/system/priv-app/CMAccount/CMAccount.apk': Failed to open oat filename for reading: No such file or directory
I/PackageManager( 4609): SELinux relabeling of com.cyanogenmod.updater issued.
I/art     ( 4609): DexFile_isDexOptNeeded failed to open oat file '/data/dalvik-cache/arm/system@priv-app@CMUpdater@CMUpdater.apk@classes.dex' for file location '/system/priv-app/CMUpdater/CMUpdater.apk': Failed to open oat filename for reading: No such file or directory
I/art     ( 4609): DexFile_isDexOptNeeded failed to open oat file '/system/priv-app/CMUpdater/arm/CMUpdater.odex' for file location '/system/priv-app/CMUpdater/CMUpdater.apk': Failed to open oat filename for reading: No such file or directory
I/PackageManager( 4609): /system/priv-app/CalendarProvider changed; collecting certs
W/PackageManager( 4609): Failed to parse /system/priv-app/CalendarProvider: Signature mismatch for shared user : SharedUserSetting{3d06b523 android.uid.calendar/10046}
I/PackageManager( 4609): SELinux relabeling of com.android.cellbroadcastreceiver issued.
I/art     ( 4609): DexFile_isDexOptNeeded failed to open oat file '/data/dalvik-cache/arm/system@priv-app@CellBroadcastReceiver@CellBroadcastReceiver.apk@classes.dex' for file location '/system/priv-app/CellBroadcastReceiver/CellBroadcastReceiver.apk': Failed to open oat filename for reading: No such file or directory
I/art     ( 4609): DexFile_isDexOptNeeded failed to open oat file '/system/priv-app/CellBroadcastReceiver/arm/CellBroadcastReceiver.odex' for file location '/system/priv-app/CellBroadcastReceiver/CellBroadcastReceiver.apk': Failed to open oat filename for reading: No such file or directory
W/ResourceType( 4609): Failure getting entry for 0x7f0b023e (t=10 e=574) (error -75)
W/PackageParser( 4609): No actions in intent filter at /system/priv-app/Contacts/Contacts.apk Binary XML file line #362
I/PackageManager( 4609): /system/priv-app/Contacts changed; collecting certs
W/PackageManager( 4609): Failed to parse /system/priv-app/Contacts: Signature mismatch for shared user : SharedUserSetting{2cc5876f android.uid.shared/10020}
I/PackageManager( 4609): /system/priv-app/ContactsProvider changed; collecting certs
W/PackageManager( 4609): Failed to parse /system/priv-app/ContactsProvider: Signature mismatch for shared user : SharedUserSetting{2cc5876f android.uid.shared/10020}
I/PackageManager( 4609): /system/priv-app/CyanogenSetupWizard changed; collecting certs
W/PackageManager( 4609): Failed to parse /system/priv-app/CyanogenSetupWizard: Signature mismatch for shared user : SharedUserSetting{2f913bcb android.uid.system/1000}
I/PackageManager( 4609): SELinux relabeling of com.android.defcontainer issued.
I/art     ( 4609): DexFile_isDexOptNeeded failed to open oat file '/data/dalvik-cache/arm/system@priv-app@DefaultContainerService@DefaultContainerService.apk@classes.dex' for file location '/system/priv-app/DefaultContainerService/DefaultContainerService.apk': Failed to open oat filename for reading: No such file or directory
I/art     ( 4609): DexFile_isDexOptNeeded failed to open oat file '/system/priv-app/DefaultContainerService/arm/DefaultContainerService.odex' for file location '/system/priv-app/DefaultContainerService/DefaultContainerService.apk': Failed to open oat filename for reading: No such file or directory
W/PackageParser( 4609): No actions in intent filter at /system/priv-app/Dialer/Dialer.apk Binary XML file line #185
I/PackageManager( 4609): SELinux relabeling of com.android.dialer issued.
I/art     ( 4609): DexFile_isDexOptNeeded failed to open oat file '/data/dalvik-cache/arm/system@priv-app@Dialer@Dialer.apk@classes.dex' for file location '/system/priv-app/Dialer/Dialer.apk': Failed to open oat filename for reading: No such file or directory
I/art     ( 4609): DexFile_isDexOptNeeded failed to open oat file '/system/priv-app/Dialer/arm/Dialer.odex' for file location '/system/priv-app/Dialer/Dialer.apk': Failed to open oat filename for reading: No such file or directory
I/PackageManager( 4609): /system/priv-app/DownloadProvider changed; collecting certs
W/PackageManager( 4609): Failed to parse /system/priv-app/DownloadProvider: Signature mismatch for shared user : SharedUserSetting{3cb53347 android.media/10047}
I/PackageManager( 4609): SELinux relabeling of com.android.externalstorage issued.
I/art     ( 4609): DexFile_isDexOptNeeded failed to open oat file '/data/dalvik-cache/arm/system@priv-app@ExternalStorageProvider@ExternalStorageProvider.apk@classes.dex' for file location '/system/priv-app/ExternalStorageProvider/ExternalStorageProvider.apk': Failed to open oat filename for reading: No such file or directory
I/art     ( 4609): DexFile_isDexOptNeeded failed to open oat file '/system/priv-app/ExternalStorageProvider/arm/ExternalStorageProvider.odex' for file location '/system/priv-app/ExternalStorageProvider/ExternalStorageProvider.apk': Failed to open oat filename for reading: No such file or directory
I/PackageManager( 4609): /system/priv-app/FusedLocation changed; collecting certs
W/PackageManager( 4609): Failed to parse /system/priv-app/FusedLocation: Signature mismatch for shared user : SharedUserSetting{2f913bcb android.uid.system/1000}
I/PackageManager( 4609): /system/priv-app/InputDevices changed; collecting certs
W/PackageManager( 4609): Failed to parse /system/priv-app/InputDevices: Signature mismatch for shared user : SharedUserSetting{2f913bcb android.uid.system/1000}
I/PackageManager( 4609): SELinux relabeling of com.android.managedprovisioning issued.
I/art     ( 4609): DexFile_isDexOptNeeded failed to open oat file '/data/dalvik-cache/arm/system@priv-app@ManagedProvisioning@ManagedProvisioning.apk@classes.dex' for file location '/system/priv-app/ManagedProvisioning/ManagedProvisioning.apk': Failed to open oat filename for reading: No such file or directory
I/art     ( 4609): DexFile_isDexOptNeeded failed to open oat file '/system/priv-app/ManagedProvisioning/arm/ManagedProvisioning.odex' for file location '/system/priv-app/ManagedProvisioning/ManagedProvisioning.apk': Failed to open oat filename for reading: No such file or directory
I/PackageManager( 4609): /system/priv-app/MediaProvider changed; collecting certs
W/PackageManager( 4609): Failed to parse /system/priv-app/MediaProvider: Signature mismatch for shared user : SharedUserSetting{3cb53347 android.media/10047}
I/PackageManager( 4609): SELinux relabeling of com.android.mms issued.
I/art     ( 4609): DexFile_isDexOptNeeded failed to open oat file '/data/dalvik-cache/arm/system@priv-app@Mms@Mms.apk@classes.dex' for file location '/system/priv-app/Mms/Mms.apk': Failed to open oat filename for reading: No such file or directory
I/art     ( 4609): DexFile_isDexOptNeeded failed to open oat file '/system/priv-app/Mms/arm/Mms.odex' for file location '/system/priv-app/Mms/Mms.apk': Failed to open oat filename for reading: No such file or directory
I/PackageManager( 4609): /system/priv-app/MmsService changed; collecting certs
W/PackageManager( 4609): Failed to parse /system/priv-app/MmsService: Signature mismatch for shared user : SharedUserSetting{1812f6b8 android.uid.phone/1001}
I/PackageManager( 4609): SELinux relabeling of com.android.onetimeinitializer issued.
I/art     ( 4609): DexFile_isDexOptNeeded failed to open oat file '/data/dalvik-cache/arm/system@priv-app@OneTimeInitializer@OneTimeInitializer.apk@classes.dex' for file location '/system/priv-app/OneTimeInitializer/OneTimeInitializer.apk': Failed to open oat filename for reading: No such file or directory
