I/art     ( 4104): option[23]=-Ximage-compiler-option
I/art     ( 4104): option[24]=--image-classes-zip=/system/framework/framework.jar
I/art     ( 4104): option[25]=-Ximage-compiler-option
I/art     ( 4104): option[26]=--image-classes=preloaded-classes
I/art     ( 4104): option[27]=-Xcompiler-option
I/art     ( 4104): option[28]=--runtime-arg
I/art     ( 4104): option[29]=-Xcompiler-option
I/art     ( 4104): option[30]=-Xms64m
I/art     ( 4104): option[31]=-Xcompiler-option
I/art     ( 4104): option[32]=--runtime-arg
I/art     ( 4104): option[33]=-Xcompiler-option
I/art     ( 4104): option[34]=-Xmx512m
I/art     ( 4104): option[35]=-Duser.language=es
I/art     ( 4104): option[36]=-Duser.region=US
I/art     ( 4104): Pruning dalvik-cache since we are generating an image and will need to recompile
W/art     ( 4104): Unexpected file type of 
W/art     ( 4104):  encountered.
I/art     ( 4104): Using an offset of 0xffb1f000 from default art base address of 0x70000000
I/art     ( 4104): GenerateImage: /system/bin/dex2oat --image=/data/dalvik-cache/arm/system@framework@boot.art --dex-file=/system/framework/core-libart.jar --dex-file=/system/framework/conscrypt.jar --dex-file=/system/framework/okhttp.jar --dex-file=/system/framework/core-junit.jar --dex-file=/system/framework/bouncycastle.jar --dex-file=/system/framework/ext.jar --dex-file=/system/framework/framework.jar --dex-file=/system/framework/telephony-common.jar --dex-file=/system/framework/voip-common.jar --dex-file=/system/framework/ims-common.jar --dex-file=/system/framework/mms-common.jar --dex-file=/system/framework/android.policy.jar --dex-file=/system/framework/apache-xml.jar --oat-file=/data/dalvik-cache/arm/system@framework@boot.oat --instruction-set=arm --instruction-set-features=div --base=0x6fb1f000 --runtime-arg -Xms64m --runtime-arg -Xmx64m --image-classes-zip=/system/framework/framework.jar --image-classes=preloaded-classes
I/mediaserver( 4102): ServiceManager: 0xb60500c0
I/AudioFlinger( 4102): Using default 3000 mSec as standby time.
I/ServiceManager( 4102): Waiting for service batterystats...
W/art     ( 4104): Unexpected file type of 
W/art     ( 4104):  encountered.
W/art     ( 4104): Could not create image space with image file '/system/framework/boot.art'. Attempting to fall back to imageless running. Error was: Failed to generate image '/data/dalvik-cache/arm/system@framework@boot.art': Failed execv(/system/bin/dex2oat --image=/data/dalvik-cache/arm/system@framework@boot.art --dex-file=/system/framework/core-libart.jar --dex-file=/system/framework/conscrypt.jar --dex-file=/system/framework/okhttp.jar --dex-file=/system/framework/core-junit.jar --dex-file=/system/framework/bouncycastle.jar --dex-file=/system/framework/ext.jar --dex-file=/system/framework/framework.jar --dex-file=/system/framework/telephony-common.jar --dex-file=/system/framework/voip-common.jar --dex-file=/system/framework/ims-common.jar --dex-file=/system/framework/mms-common.jar --dex-file=/system/framework/android.policy.jar --dex-file=/system/framework/apache-xml.jar --oat-file=/data/dalvik-cache/arm/system@framework@boot.oat --instruction-set=arm --instruction-set-features=div --base=0x6fb1f000 --runtime-arg -Xms64
I/gralloc ( 4101): using (fd=12)
I/gralloc ( 4101): id           = 
I/gralloc ( 4101): xres         = 1080 px
I/gralloc ( 4101): yres         = 1920 px
I/gralloc ( 4101): xres_virtual = 1080 px
I/gralloc ( 4101): yres_virtual = 3840 px
I/gralloc ( 4101): bpp          = 32
I/gralloc ( 4101): r            = 16:8
I/gralloc ( 4101): g            =  8:8
I/gralloc ( 4101): b            =  0:8
I/gralloc ( 4101): width        = 65 mm (422.030762 dpi)
I/gralloc ( 4101): height       = 115 mm (424.069580 dpi)
I/gralloc ( 4101): refresh rate = 60.00 Hz
D/hwcomposer( 4101): using
D/hwcomposer( 4101): xres         = 1080 px
D/hwcomposer( 4101): yres         = 1920 px
D/hwcomposer( 4101): width        = 65 mm (422.030000 dpi)
D/hwcomposer( 4101): height       = 115 mm (424.069000 dpi)
D/hwcomposer( 4101): refresh rate = 60 Hz
E/libexynosv4l2-subdev( 4101): no subdev device found
E/hdmi    ( 4101): failed to open hdmi mixer0 subdev
E/hwcomposer( 4101): openHdmi fail
I/hwcomposer( 4101): PSR info devname = /sys/devices/14400000.fimd_fb/psr_info
I/hwcomposer( 4101): PSR mode is 2(0: video mode, 1: DP PSR mode, 2: MIPI-DSI command mode)
I/SurfaceFlinger( 4101): Using composer version 1.3
I/SurfaceFlinger( 4101): EGL information:
I/SurfaceFlinger( 4101): vendor    : Android
I/SurfaceFlinger( 4101): version   : 1.4 Android META-EGL
I/SurfaceFlinger( 4101): extensions: EGL_KHR_get_all_proc_addresses EGL_ANDROID_presentation_time EGL_KHR_image EGL_KHR_image_base EGL_KHR_gl_texture_2D_image EGL_KHR_gl_texture_cubemap_image EGL_KHR_gl_renderbuffer_image EGL_KHR_fence_sync EGL_KHR_create_context EGL_ANDROID_image_native_buffer EGL_KHR_wait_sync EGL_ANDROID_recordable 
I/SurfaceFlinger( 4101): Client API: OpenGL_ES
I/SurfaceFlinger( 4101): EGLSurface: 8-8-8-8, config=0xb6acf2ac
I/SurfaceFlinger( 4101): OpenGL ES informations:
I/SurfaceFlinger( 4101): vendor    : ARM
I/SurfaceFlinger( 4101): renderer  : Mali-T628
I/SurfaceFlinger( 4101): version   : OpenGL ES 3.0
I/SurfaceFlinger( 4101): extensions: GL_EXT_debug_marker GL_ARM_rgba8 GL_ARM_mali_shader_binary GL_OES_depth24 GL_OES_depth_texture GL_OES_depth_texture_cube_map GL_OES_packed_depth_stencil GL_OES_rgb8_rgba8 GL_EXT_read_format_bgra GL_OES_compressed_paletted_texture GL_OES_compressed_ETC1_RGB8_texture GL_OES_standard_derivatives GL_OES_EGL_image GL_OES_EGL_image_external GL_OES_EGL_sync GL_OES_texture_npot GL_OES_vertex_half_float GL_OES_required_internalformat GL_OES_vertex_array_object GL_OES_mapbuffer GL_EXT_texture_format_BGRA8888 GL_EXT_texture_rg GL_EXT_texture_type_2_10_10_10_REV GL_OES_fbo_render_mipmap GL_OES_element_index_uint GL_EXT_shadow_samplers GL_OES_texture_compression_astc GL_KHR_texture_compression_astc_ldr GL_KHR_texture_compression_astc_hdr GL_KHR_debug GL_EXT_occlusion_query_boolean GL_EXT_blend_minmax GL_EXT_discard_framebuffer GL_OES_get_program_binary GL_OES_texture_3D GL_EXT_texture_storage GL_EXT_multisampled_render_to_texture GL_OES_surfaceless_context GL_ARM_mali_program_binary 
I/SurfaceFlinger( 4101): GL_MAX_TEXTURE_SIZE = 8192
I/SurfaceFlinger( 4101): GL_MAX_VIEWPORT_DIMS = 8192
E/libEGL  ( 4101): eglQuerySurface:607 error 300d (EGL_BAD_SURFACE)
E/libEGL  ( 4101): eglQuerySurface:607 error 300d (EGL_BAD_SURFACE)
E/libEGL  ( 4101): call to OpenGL ES API with no current context (logged once per thread)
D/SurfaceFlinger( 4101): Set power mode=2, type=0 flinger=0xb6a62000
I/hwcomposer( 4101): int exynos5_blank(hwc_composer_device_1*, int, int):: disp(0), blank(0)
I/hwcomposer( 4101): unblank ioctl failed (display already unblanked)
W/SurfaceFlinger( 4101): Ignoring duplicate VSYNC event from HWC (t=17055155584)
E/libEGL  ( 4101): eglSwapBuffers:1071 error 300d (EGL_BAD_SURFACE)
F/SurfaceFlinger( 4101): eglSwapBuffers(0x1, 0x0) failed with 0x0000300d
F/libc    ( 4101): Fatal signal 6 (SIGABRT), code -6 in tid 4101 (surfaceflinger)
I/DEBUG   ( 3582): property debug.db.uid not set; NOT waiting for gdb.
I/DEBUG   ( 3582): HINT: adb shell setprop debug.db.uid 100000
I/DEBUG   ( 3582): HINT: adb forward tcp:5039 tcp:5039
I/DEBUG   ( 3582): *** *** *** *** *** *** *** *** *** *** *** *** *** *** *** ***
I/DEBUG   ( 3582): Build fingerprint: 'samsung/cm_k3gxx/k3gxx:5.0.2/LRX22G/88e55c58ed:userdebug/test-keys'
I/DEBUG   ( 3582): Revision: '10'
I/DEBUG   ( 3582): ABI: 'arm'
I/DEBUG   ( 3582): pid: 4101, tid: 4101, name: surfaceflinger  >>> /system/bin/surfaceflinger <<<
I/DEBUG   ( 3582): signal 6 (SIGABRT), code -6 (SI_TKILL), fault addr --------
I/DEBUG   ( 3582): Abort message: 'eglSwapBuffers(0x1, 0x0) failed with 0x0000300d'
I/DEBUG   ( 3582):     r0 00000000  r1 00001005  r2 00000006  r3 00000000
I/DEBUG   ( 3582):     r4 b6f6f114  r5 00000006  r6 0000000b  r7 0000010c
I/DEBUG   ( 3582):     r8 00000000  r9 bea24bd0  sl b6a54210  fp bea24bd0
I/DEBUG   ( 3582):     ip 00001005  sp bea24650  lr b6ef97b9  pc b6f1d4e4  cpsr 600f0010
I/DEBUG   ( 3582): 
I/DEBUG   ( 3582): backtrace:
I/DEBUG   ( 3582):     #00 pc 000384e4  /system/lib/libc.so (tgkill+12)
I/DEBUG   ( 3582):     #01 pc 000147b5  /system/lib/libc.so (pthread_kill+52)
I/DEBUG   ( 3582):     #02 pc 0001550b  /system/lib/libc.so (raise+10)
I/DEBUG   ( 3582):     #03 pc 00011c35  /system/lib/libc.so (__libc_android_abort+36)
I/DEBUG   ( 3582):     #04 pc 0000fcb8  /system/lib/libc.so (abort+4)
I/DEBUG   ( 3582):     #05 pc 00007739  /system/lib/libcutils.so (__android_log_assert+88)
I/DEBUG   ( 3582):     #06 pc 0000f4df  /system/lib/libsurfaceflinger.so
I/DEBUG   ( 3582):     #07 pc 0001b9fd  /system/lib/libsurfaceflinger.so
I/DEBUG   ( 3582):     #08 pc 0001abe7  /system/lib/libsurfaceflinger.so
I/DEBUG   ( 3582):     #09 pc 00019fc3  /system/lib/libsurfaceflinger.so
I/DEBUG   ( 3582):     #10 pc 00019d49  /system/lib/libsurfaceflinger.so
I/DEBUG   ( 3582):     #11 pc 00010ed3  /system/lib/libutils.so (android::Looper::pollInner(int)+410)
I/DEBUG   ( 3582):     #12 pc 00010fc5  /system/lib/libutils.so (android::Looper::pollOnce(int, int*, int*, void**)+92)
I/DEBUG   ( 3582):     #13 pc 000174c5  /system/lib/libsurfaceflinger.so
I/DEBUG   ( 3582):     #14 pc 0001993d  /system/lib/libsurfaceflinger.so (android::SurfaceFlinger::run()+8)
I/DEBUG   ( 3582):     #15 pc 0000083d  /system/bin/surfaceflinger
I/DEBUG   ( 3582):     #16 pc 0000fb75  /system/lib/libc.so (__libc_init+44)
I/DEBUG   ( 3582):     #17 pc 000008d8  /system/bin/surfaceflinger
W/auditd  ( 3593): type=1325 audit(0.0:454): table=raw family=10 entries=8
W/ip6tables( 4251): type=1300 audit(0.0:454): arch=40000028 syscall=294 per=800000 success=yes exit=0 a0=4 a1=29 a2=40 a3=b6c32400 items=0 ppid=4099 auid=4294967295 uid=0 gid=0 euid=0 suid=0 fsuid=0 egid=0 sgid=0 fsgid=0 ses=4294967295 tty=(none) exe="/system/bin/ip6tables" subj=u:r:netd:s0 key=(null)
W/auditd  ( 3593): type=1320 audit(0.0:454): 
W/auditd  ( 3593): type=1325 audit(0.0:455): table=raw family=2 entries=6
W/iptables( 4252): type=1300 audit(0.0:455): arch=40000028 syscall=294 per=800000 success=yes exit=0 a0=4 a1=0 a2=40 a3=b6c20400 items=0 ppid=4099 auid=4294967295 uid=0 gid=0 euid=0 suid=0 fsuid=0 egid=0 sgid=0 fsgid=0 ses=4294967295 tty=(none) exe="/system/bin/iptables" subj=u:r:netd:s0 key=(null)
W/auditd  ( 3593): type=1320 audit(0.0:455): 
W/auditd  ( 3593): type=1325 audit(0.0:456): table=raw family=10 entries=6
W/ip6tables( 4253): type=1300 audit(0.0:456): arch=40000028 syscall=294 per=800000 success=yes exit=0 a0=4 a1=29 a2=40 a3=b6c31800 items=0 ppid=4099 auid=4294967295 uid=0 gid=0 euid=0 suid=0 fsuid=0 egid=0 sgid=0 fsgid=0 ses=4294967295 tty=(none) exe="/system/bin/ip6tables" subj=u:r:netd:s0 key=(null)
W/auditd  ( 3593): type=1320 audit(0.0:456): 
W/auditd  ( 3593): type=1325 audit(0.0:457): table=raw family=2 entries=8
W/iptables( 4254): type=1300 audit(0.0:457): arch=40000028 syscall=294 per=800000 success=yes exit=0 a0=4 a1=0 a2=40 a3=b6c1ba00 items=0 ppid=4099 auid=4294967295 uid=0 gid=0 euid=0 suid=0 fsuid=0 egid=0 sgid=0 fsgid=0 ses=4294967295 tty=(none) exe="/system/bin/iptables" subj=u:r:netd:s0 key=(null)
W/auditd  ( 3593): type=1320 audit(0.0:457): 
W/auditd  ( 3593): type=1325 audit(0.0:458): table=raw family=10 entries=8
W/ip6tables( 4255): type=1300 audit(0.0:458): arch=40000028 syscall=294 per=800000 success=yes exit=0 a0=4 a1=29 a2=40 a3=b6c37800 items=0 ppid=4099 auid=4294967295 uid=0 gid=0 euid=0 suid=0 fsuid=0 egid=0 sgid=0 fsgid=0 ses=4294967295 tty=(none) exe="/system/bin/ip6tables" subj=u:r:netd:s0 key=(null)
W/auditd  ( 3593): type=1320 audit(0.0:458): 
W/auditd  ( 3593): type=1325 audit(0.0:459): table=mangle family=2 entries=16
W/iptables( 4256): type=1300 audit(0.0:459): arch=40000028 syscall=294 per=800000 success=yes exit=0 a0=4 a1=0 a2=40 a3=b6c48800 items=0 ppid=4099 auid=4294967295 uid=0 gid=0 euid=0 suid=0 fsuid=0 egid=0 sgid=0 fsgid=0 ses=4294967295 tty=(none) exe="/system/bin/iptables" subj=u:r:netd:s0 key=(null)
W/auditd  ( 3593): type=1320 audit(0.0:459): 
W/auditd  ( 3593): type=1325 audit(0.0:460): table=mangle family=10 entries=12
W/ip6tables( 4257): type=1300 audit(0.0:460): arch=40000028 syscall=294 per=800000 success=yes exit=0 a0=4 a1=29 a2=40 a3=b6c47800 items=0 ppid=4099 auid=4294967295 uid=0 gid=0 euid=0 suid=0 fsuid=0 egid=0 sgid=0 fsgid=0 ses=4294967295 tty=(none) exe="/system/bin/ip6tables" subj=u:r:netd:s0 key=(null)
I/ServiceManager( 4102): Waiting for service batterystats...
V/NatController( 4099): runCmd(/system/bin/iptables -F natctrl_FORWARD) res=0
V/NatController( 4099): runCmd(/system/bin/iptables -A natctrl_FORWARD -j DROP) res=0
V/NatController( 4099): runCmd(/system/bin/iptables -t nat -F natctrl_nat_POSTROUTING) res=0
V/NatController( 4099): runCmd(/system/bin/iptables -F natctrl_tether_counters) res=0
V/NatController( 4099): runCmd(/system/bin/iptables -X natctrl_tether_counters) res=0
V/NatController( 4099): runCmd(/system/bin/iptables -N natctrl_tether_counters) res=0
I/DEBUG   ( 3582): 
I/DEBUG   ( 3582): Tombstone written to: /data/tombstones/tombstone_06
V/NatController( 4099): runCmd(/system/bin/iptables -t mangle -A natctrl_mangle_FORWARD -p tcp --tcp-flags SYN SYN -j TCPMSS --clamp-mss-to-pmtu) res=0
I/ServiceManager( 3569): service 'SurfaceFlinger' died
I/ServiceManager( 3569): service 'Exynos.HWCService' died
I/ServiceManager( 3569): service 'media.wifi_display' died
W/SurfaceComposerClient( 4171): ComposerService remote (surfaceflinger) died [0xb63591c0]
D/BootAnimation( 4171): SurfaceFlinger died, exiting...
I/ServiceManager( 3569): service 'media.audio_flinger' died
W/init    ( 4322): type=1400 audit(0.0:511): avc: denied { entrypoint } for path="/system/bin/auditd" dev="mmcblk0p18" ino=173 scontext=u:r:logd:s0 tcontext=u:object_r:system_file:s0 tclass=file
W/init    ( 4322): type=1300 audit(0.0:511): arch=40000028 syscall=11 per=800000 success=no exit=-13 a0=b6d80954 a1=b6d68530 a2=57e64 a3=ff0000 items=1 ppid=1 auid=4294967295 uid=0 gid=0 euid=0 suid=0 fsuid=0 egid=0 sgid=0 fsgid=0 ses=4294967295 tty=(none) exe="/init" subj=u:r:init:s0 key=(null)
W/auditd  ( 3593): type=1307 audit(0.0:511): cwd="/"
W/auditd  ( 3593): type=1302 audit(0.0:511): item=0 name="/system/bin/auditd" inode=173 dev=103:0a mode=0100755 ouid=0 ogid=2000 rdev=00:00 obj=u:object_r:system_file:s0
W/auditd  ( 3593): type=1320 audit(0.0:511): 
I/Netd    ( 4323): Netd 1.0 starting
E/Netd    ( 4323): Failed to open /proc/sys/net/ipv6/conf/default/accept_ra_rt_table: No such file or directory
E/Netd    ( 4323): Failed to open /proc/sys/net/ipv6/conf/ip6tnl0/accept_ra_rt_table: No such file or directory
E/Netd    ( 4323): Failed to open /proc/sys/net/ipv6/conf/lo/accept_ra_rt_table: No such file or directory
E/Netd    ( 4323): Failed to open /proc/sys/net/ipv6/conf/rmnet0/accept_ra_rt_table: No such file or directory
E/Netd    ( 4323): Failed to open /proc/sys/net/ipv6/conf/rmnet1/accept_ra_rt_table: No such file or directory
E/Netd    ( 4323): Failed to open /proc/sys/net/ipv6/conf/rmnet2/accept_ra_rt_table: No such file or directory
E/Netd    ( 4323): Failed to open /proc/sys/net/ipv6/conf/rmnet3/accept_ra_rt_table: No such file or directory
E/Netd    ( 4323): Failed to open /proc/sys/net/ipv6/conf/sit0/accept_ra_rt_table: No such file or directory
I/SurfaceFlinger( 4325): SurfaceFlinger is starting
I/SurfaceFlinger( 4325): SurfaceFlinger's main thread ready to run. Initializing graphics H/W...
W/auditd  ( 3593): type=1325 audit(0.0:512): table=filter family=2 entries=40
W/iptables( 4329): type=1300 audit(0.0:512): arch=40000028 syscall=294 per=800000 success=yes exit=0 a0=4 a1=0 a2=40 a3=b6c25000 items=0 ppid=4323 auid=4294967295 uid=0 gid=0 euid=0 suid=0 fsuid=0 egid=0 sgid=0 fsgid=0 ses=4294967295 tty=(none) exe="/system/bin/iptables" subj=u:r:netd:s0 key=(null)
W/auditd  ( 3593): type=1320 audit(0.0:512): 
W/auditd  ( 3593): type=1325 audit(0.0:513): table=filter family=10 entries=37
W/ip6tables( 4333): type=1300 audit(0.0:513): arch=40000028 syscall=294 per=800000 success=yes exit=0 a0=4 a1=29 a2=40 a3=b6c28000 items=0 ppid=4323 auid=4294967295 uid=0 gid=0 euid=0 suid=0 fsuid=0 egid=0 sgid=0 fsgid=0 ses=4294967295 tty=(none) exe="/system/bin/ip6tables" subj=u:r:netd:s0 key=(null)
W/auditd  ( 3593): type=1320 audit(0.0:513): 
W/auditd  ( 3593): type=1325 audit(0.0:514): table=filter family=2 entries=39
W/iptables( 4335): type=1300 audit(0.0:514): arch=40000028 syscall=294 per=800000 success=yes exit=0 a0=4 a1=0 a2=40 a3=b6c22000 items=0 ppid=4323 auid=4294967295 uid=0 gid=0 euid=0 suid=0 fsuid=0 egid=0 sgid=0 fsgid=0 ses=4294967295 tty=(none) exe="/system/bin/iptables" subj=u:r:netd:s0 key=(null)
W/auditd  ( 3593): type=1320 audit(0.0:514): 
D/libEGL  ( 4325): loaded /vendor/lib/egl/libGLES_mali.so
W/auditd  ( 3593): type=1325 audit(0.0:515): table=filter family=10 entries=36
W/ip6tables( 4336): type=1300 audit(0.0:515): arch=40000028 syscall=294 per=800000 success=yes exit=0 a0=4 a1=29 a2=40 a3=b6c23000 items=0 ppid=4323 auid=4294967295 uid=0 gid=0 euid=0 suid=0 fsuid=0 egid=0 sgid=0 fsgid=0 ses=4294967295 tty=(none) exe="/system/bin/ip6tables" subj=u:r:netd:s0 key=(null)
W/auditd  ( 3593): type=1320 audit(0.0:515): 
W/auditd  ( 3593): type=1325 audit(0.0:516): table=filter family=2 entries=39
W/iptables( 4345): type=1300 audit(0.0:516): arch=40000028 syscall=294 per=800000 success=yes exit=0 a0=4 a1=0 a2=40 a3=b6c22000 items=0 ppid=4323 auid=4294967295 uid=0 gid=0 euid=0 suid=0 fsuid=0 egid=0 sgid=0 fsgid=0 ses=4294967295 tty=(none) exe="/system/bin/iptables" subj=u:r:netd:s0 key=(null)
W/auditd  ( 3593): type=1320 audit(0.0:516): 
I/        ( 4325): PLATFORM VERSION : JB-MR-2
D/AndroidRuntime( 4328): 
D/AndroidRuntime( 4328): >>>>>> AndroidRuntime START com.android.internal.os.ZygoteInit <<<<<<
D/AndroidRuntime( 4328): CheckJNI is OFF
I/art     ( 4328): option[0]=-Xzygote
I/art     ( 4328): option[1]=-Xstacktracefile:/data/anr/traces.txt
I/art     ( 4328): option[2]=exit
I/art     ( 4328): option[3]=vfprintf
I/art     ( 4328): option[4]=sensitiveThread
I/art     ( 4328): option[5]=-verbose:gc
I/art     ( 4328): option[6]=-Xms8m
I/art     ( 4328): option[7]=-Xmx512m
I/art     ( 4328): option[8]=-XX:mainThreadStackSize=24K
I/art     ( 4328): option[9]=-XX:HeapGrowthLimit=128m
I/art     ( 4328): option[10]=-XX:HeapMinFree=2m
I/art     ( 4328): option[11]=-XX:HeapMaxFree=8m
I/art     ( 4328): option[12]=-XX:HeapTargetUtilization=0.75
I/art     ( 4328): option[13]=-agentlib:jdwp=transport=dt_android_adb,suspend=n,server=y
I/art     ( 4328): option[14]=-Xlockprofthreshold:500
I/art     ( 4328): option[15]=-Ximage-compiler-option
I/art     ( 4328): option[16]=--runtime-arg
I/art     ( 4328): option[17]=-Ximage-compiler-option
I/mediaserver( 4326): ServiceManager: 0xb60500c0
I/art     ( 4328): option[18]=-Xms64m
I/art     ( 4328): option[19]=-Ximage-compiler-option
I/art     ( 4328): option[20]=--runtime-arg
I/art     ( 4328): option[21]=-Ximage-compiler-option
I/art     ( 4328): option[22]=-Xmx64m
I/AudioFlinger( 4326): Using default 3000 mSec as standby time.
I/art     ( 4328): option[23]=-Ximage-compiler-option
I/art     ( 4328): option[24]=--image-classes-zip=/system/framework/framework.jar
I/art     ( 4328): option[25]=-Ximage-compiler-option
I/art     ( 4328): option[26]=--image-classes=preloaded-classes
I/art     ( 4328): option[27]=-Xcompiler-option
I/art     ( 4328): option[28]=--runtime-arg
I/art     ( 4328): option[29]=-Xcompiler-option
I/art     ( 4328): option[30]=-Xms64m
I/art     ( 4328): option[31]=-Xcompiler-option
I/art     ( 4328): option[32]=--runtime-arg
I/art     ( 4328): option[33]=-Xcompiler-option
I/art     ( 4328): option[34]=-Xmx512m
I/art     ( 4328): option[35]=-Duser.language=es
I/art     ( 4328): option[36]=-Duser.region=US
I/ServiceManager( 4326): Waiting for service batterystats...
I/art     ( 4328): Pruning dalvik-cache since we are generating an image and will need to recompile
W/art     ( 4328): Unexpected file type of 
W/art     ( 4328):  encountered.
I/art     ( 4328): Using an offset of 0x9c6000 from default art base address of 0x70000000
I/art     ( 4328): GenerateImage: /system/bin/dex2oat --image=/data/dalvik-cache/arm/system@framework@boot.art --dex-file=/system/framework/core-libart.jar --dex-file=/system/framework/conscrypt.jar --dex-file=/system/framework/okhttp.jar --dex-file=/system/framework/core-junit.jar --dex-file=/system/framework/bouncycastle.jar --dex-file=/system/framework/ext.jar --dex-file=/system/framework/framework.jar --dex-file=/system/framework/telephony-common.jar --dex-file=/system/framework/voip-common.jar --dex-file=/system/framework/ims-common.jar --dex-file=/system/framework/mms-common.jar --dex-file=/system/framework/android.policy.jar --dex-file=/system/framework/apache-xml.jar --oat-file=/data/dalvik-cache/arm/system@framework@boot.oat --instruction-set=arm --instruction-set-features=div --base=0x709c6000 --runtime-arg -Xms64m --runtime-arg -Xmx64m --image-classes-zip=/system/framework/framework.jar --image-classes=preloaded-classes
I/gralloc ( 4325): using (fd=12)
I/gralloc ( 4325): id           = 
I/gralloc ( 4325): xres         = 1080 px
I/gralloc ( 4325): yres         = 1920 px
I/gralloc ( 4325): xres_virtual = 1080 px
I/gralloc ( 4325): yres_virtual = 3840 px
I/gralloc ( 4325): bpp          = 32
I/gralloc ( 4325): r            = 16:8
I/gralloc ( 4325): g            =  8:8
I/gralloc ( 4325): b            =  0:8
I/gralloc ( 4325): width        = 65 mm (422.030762 dpi)
I/gralloc ( 4325): height       = 115 mm (424.069580 dpi)
I/gralloc ( 4325): refresh rate = 60.00 Hz
W/art     ( 4328): Unexpected file type of 
W/art     ( 4328):  encountered.
W/art     ( 4328): Could not create image space with image file '/system/framework/boot.art'. Attempting to fall back to imageless running. Error was: Failed to generate image '/data/dalvik-cache/arm/system@framework@boot.art': Failed execv(/system/bin/dex2oat --image=/data/dalvik-cache/arm/system@framework@boot.art --dex-file=/system/framework/core-libart.jar --dex-file=/system/framework/conscrypt.jar --dex-file=/system/framework/okhttp.jar --dex-file=/system/framework/core-junit.jar --dex-file=/system/framework/bouncycastle.jar --dex-file=/system/framework/ext.jar --dex-file=/system/framework/framework.jar --dex-file=/system/framework/telephony-common.jar --dex-file=/system/framework/voip-common.jar --dex-file=/system/framework/ims-common.jar --dex-file=/system/framework/mms-common.jar --dex-file=/system/framework/android.policy.jar --dex-file=/system/framework/apache-xml.jar --oat-file=/data/dalvik-cache/arm/system@framework@boot.oat --instruction-set=arm --instruction-set-features=div --base=0x709c6000 --runtime-arg -Xms64
D/hwcomposer( 4325): using
D/hwcomposer( 4325): xres         = 1080 px
D/hwcomposer( 4325): yres         = 1920 px
D/hwcomposer( 4325): width        = 65 mm (422.030000 dpi)
D/hwcomposer( 4325): height       = 115 mm (424.069000 dpi)
D/hwcomposer( 4325): refresh rate = 60 Hz
E/libexynosv4l2-subdev( 4325): no subdev device found
E/hdmi    ( 4325): failed to open hdmi mixer0 subdev
E/hwcomposer( 4325): openHdmi fail
I/hwcomposer( 4325): PSR info devname = /sys/devices/14400000.fimd_fb/psr_info
I/hwcomposer( 4325): PSR mode is 2(0: video mode, 1: DP PSR mode, 2: MIPI-DSI command mode)
I/SurfaceFlinger( 4325): Using composer version 1.3
I/SurfaceFlinger( 4325): EGL information:
I/SurfaceFlinger( 4325): vendor    : Android
I/SurfaceFlinger( 4325): version   : 1.4 Android META-EGL
I/SurfaceFlinger( 4325): extensions: EGL_KHR_get_all_proc_addresses EGL_ANDROID_presentation_time EGL_KHR_image EGL_KHR_image_base EGL_KHR_gl_texture_2D_image EGL_KHR_gl_texture_cubemap_image EGL_KHR_gl_renderbuffer_image EGL_KHR_fence_sync EGL_KHR_create_context EGL_ANDROID_image_native_buffer EGL_KHR_wait_sync EGL_ANDROID_recordable 
I/SurfaceFlinger( 4325): Client API: OpenGL_ES
I/SurfaceFlinger( 4325): EGLSurface: 8-8-8-8, config=0xb69cf2ac
I/SurfaceFlinger( 4325): OpenGL ES informations:
I/SurfaceFlinger( 4325): vendor    : ARM
I/SurfaceFlinger( 4325): renderer  : Mali-T628
I/SurfaceFlinger( 4325): version   : OpenGL ES 3.0
I/SurfaceFlinger( 4325): extensions: GL_EXT_debug_marker GL_ARM_rgba8 GL_ARM_mali_shader_binary GL_OES_depth24 GL_OES_depth_texture GL_OES_depth_texture_cube_map GL_OES_packed_depth_stencil GL_OES_rgb8_rgba8 GL_EXT_read_format_bgra GL_OES_compressed_paletted_texture GL_OES_compressed_ETC1_RGB8_texture GL_OES_standard_derivatives GL_OES_EGL_image GL_OES_EGL_image_external GL_OES_EGL_sync GL_OES_texture_npot GL_OES_vertex_half_float GL_OES_required_internalformat GL_OES_vertex_array_object GL_OES_mapbuffer GL_EXT_texture_format_BGRA8888 GL_EXT_texture_rg GL_EXT_texture_type_2_10_10_10_REV GL_OES_fbo_render_mipmap GL_OES_element_index_uint GL_EXT_shadow_samplers GL_OES_texture_compression_astc GL_KHR_texture_compression_astc_ldr GL_KHR_texture_compression_astc_hdr GL_KHR_debug GL_EXT_occlusion_query_boolean GL_EXT_blend_minmax GL_EXT_discard_framebuffer GL_OES_get_program_binary GL_OES_texture_3D GL_EXT_texture_storage GL_EXT_multisampled_render_to_texture GL_OES_surfaceless_context GL_ARM_mali_program_binary 
I/SurfaceFlinger( 4325): GL_MAX_TEXTURE_SIZE = 8192
I/SurfaceFlinger( 4325): GL_MAX_VIEWPORT_DIMS = 8192
E/libEGL  ( 4325): eglQuerySurface:607 error 300d (EGL_BAD_SURFACE)
E/libEGL  ( 4325): eglQuerySurface:607 error 300d (EGL_BAD_SURFACE)
E/libEGL  ( 4325): call to OpenGL ES API with no current context (logged once per thread)
D/SurfaceFlinger( 4325): Set power mode=2, type=0 flinger=0xb6962000
I/hwcomposer( 4325): int exynos5_blank(hwc_composer_device_1*, int, int):: disp(0), blank(0)
I/hwcomposer( 4325): unblank ioctl failed (display already unblanked)
E/libEGL  ( 4325): eglSwapBuffers:1071 error 300d (EGL_BAD_SURFACE)
F/SurfaceFlinger( 4325): eglSwapBuffers(0x1, 0x0) failed with 0x0000300d
F/libc    ( 4325): Fatal signal 6 (SIGABRT), code -6 in tid 4325 (surfaceflinger)
I/DEBUG   ( 3582): property debug.db.uid not set; NOT waiting for gdb.
I/DEBUG   ( 3582): HINT: adb shell setprop debug.db.uid 100000
I/DEBUG   ( 3582): HINT: adb forward tcp:5039 tcp:5039
I/DEBUG   ( 3582): *** *** *** *** *** *** *** *** *** *** *** *** *** *** *** ***
I/DEBUG   ( 3582): Build fingerprint: 'samsung/cm_k3gxx/k3gxx:5.0.2/LRX22G/88e55c58ed:userdebug/test-keys'
I/DEBUG   ( 3582): Revision: '10'
I/DEBUG   ( 3582): ABI: 'arm'
I/DEBUG   ( 3582): pid: 4325, tid: 4325, name: surfaceflinger  >>> /system/bin/surfaceflinger <<<
I/DEBUG   ( 3582): signal 6 (SIGABRT), code -6 (SI_TKILL), fault addr --------
I/DEBUG   ( 3582): Abort message: 'eglSwapBuffers(0x1, 0x0) failed with 0x0000300d'
I/DEBUG   ( 3582):     r0 00000000  r1 000010e5  r2 00000006  r3 00000000
I/DEBUG   ( 3582):     r4 b6f2c114  r5 00000006  r6 0000000b  r7 0000010c
I/DEBUG   ( 3582):     r8 00000000  r9 beb4ebd0  sl b6954210  fp beb4ebd0
I/DEBUG   ( 3582):     ip 000010e5  sp beb4e650  lr b6eb67b9  pc b6eda4e4  cpsr 600f0010
I/DEBUG   ( 3582): 
I/DEBUG   ( 3582): backtrace:
I/DEBUG   ( 3582):     #00 pc 000384e4  /system/lib/libc.so (tgkill+12)
I/DEBUG   ( 3582):     #01 pc 000147b5  /system/lib/libc.so (pthread_kill+52)
I/DEBUG   ( 3582):     #02 pc 0001550b  /system/lib/libc.so (raise+10)
I/DEBUG   ( 3582):     #03 pc 00011c35  /system/lib/libc.so (__libc_android_abort+36)
I/DEBUG   ( 3582):     #04 pc 0000fcb8  /system/lib/libc.so (abort+4)
I/DEBUG   ( 3582):     #05 pc 00007739  /system/lib/libcutils.so (__android_log_assert+88)
I/DEBUG   ( 3582):     #06 pc 0000f4df  /system/lib/libsurfaceflinger.so
I/DEBUG   ( 3582):     #07 pc 0001b9fd  /system/lib/libsurfaceflinger.so
I/DEBUG   ( 3582):     #08 pc 0001abe7  /system/lib/libsurfaceflinger.so
I/DEBUG   ( 3582):     #09 pc 00019fc3  /system/lib/libsurfaceflinger.so
I/DEBUG   ( 3582):     #10 pc 00019d49  /system/lib/libsurfaceflinger.so
I/DEBUG   ( 3582):     #11 pc 00010ed3  /system/lib/libutils.so (android::Looper::pollInner(int)+410)
I/DEBUG   ( 3582):     #12 pc 00010fc5  /system/lib/libutils.so (android::Looper::pollOnce(int, int*, int*, void**)+92)
I/DEBUG   ( 3582):     #13 pc 000174c5  /system/lib/libsurfaceflinger.so
I/DEBUG   ( 3582):     #14 pc 0001993d  /system/lib/libsurfaceflinger.so (android::SurfaceFlinger::run()+8)
I/DEBUG   ( 3582):     #15 pc 0000083d  /system/bin/surfaceflinger
I/DEBUG   ( 3582):     #16 pc 0000fb75  /system/lib/libc.so (__libc_init+44)
I/DEBUG   ( 3582):     #17 pc 000008d8  /system/bin/surfaceflinger
W/auditd  ( 3593): type=1325 audit(0.0:644): table=raw family=2 entries=8
W/iptables( 4472): type=1300 audit(0.0:644): arch=40000028 syscall=294 per=800000 success=yes exit=0 a0=4 a1=0 a2=40 a3=b6c1ba00 items=0 ppid=4323 auid=4294967295 uid=0 gid=0 euid=0 suid=0 fsuid=0 egid=0 sgid=0 fsgid=0 ses=4294967295 tty=(none) exe="/system/bin/iptables" subj=u:r:netd:s0 key=(null)
W/auditd  ( 3593): type=1320 audit(0.0:644): 
W/auditd  ( 3593): type=1325 audit(0.0:645): table=raw family=10 entries=8
W/ip6tables( 4473): type=1300 audit(0.0:645): arch=40000028 syscall=294 per=800000 success=yes exit=0 a0=4 a1=29 a2=40 a3=b6c32800 items=0 ppid=4323 auid=4294967295 uid=0 gid=0 euid=0 suid=0 fsuid=0 egid=0 sgid=0 fsgid=0 ses=4294967295 tty=(none) exe="/system/bin/ip6tables" subj=u:r:netd:s0 key=(null)
W/auditd  ( 3593): type=1320 audit(0.0:645): 
W/auditd  ( 3593): type=1325 audit(0.0:646): table=raw family=2 entries=8
W/iptables( 4474): type=1300 audit(0.0:646): arch=40000028 syscall=294 per=800000 success=yes exit=0 a0=4 a1=0 a2=40 a3=b6b30100 items=0 ppid=4323 auid=4294967295 uid=0 gid=0 euid=0 suid=0 fsuid=0 egid=0 sgid=0 fsgid=0 ses=4294967295 tty=(none) exe="/system/bin/iptables" subj=u:r:netd:s0 key=(null)
W/auditd  ( 3593): type=1320 audit(0.0:646): 
W/auditd  ( 3593): type=1325 audit(0.0:647): table=raw family=10 entries=8
W/ip6tables( 4475): type=1300 audit(0.0:647): arch=40000028 syscall=294 per=800000 success=yes exit=0 a0=4 a1=29 a2=40 a3=b6c32400 items=0 ppid=4323 auid=4294967295 uid=0 gid=0 euid=0 suid=0 fsuid=0 egid=0 sgid=0 fsgid=0 ses=4294967295 tty=(none) exe="/system/bin/ip6tables" subj=u:r:netd:s0 key=(null)
W/auditd  ( 3593): type=1320 audit(0.0:647): 
W/auditd  ( 3593): type=1325 audit(0.0:648): table=raw family=2 entries=6
W/iptables( 4476): type=1300 audit(0.0:648): arch=40000028 syscall=294 per=800000 success=yes exit=0 a0=4 a1=0 a2=40 a3=b6c20400 items=0 ppid=4323 auid=4294967295 uid=0 gid=0 euid=0 suid=0 fsuid=0 egid=0 sgid=0 fsgid=0 ses=4294967295 tty=(none) exe="/system/bin/iptables" subj=u:r:netd:s0 key=(null)
W/auditd  ( 3593): type=1320 audit(0.0:648): 
W/auditd  ( 3593): type=1325 audit(0.0:649): table=raw family=10 entries=6
W/ip6tables( 4477): type=1300 audit(0.0:649): arch=40000028 syscall=294 per=800000 success=yes exit=0 a0=4 a1=29 a2=40 a3=b6c31800 items=0 ppid=4323 auid=4294967295 uid=0 gid=0 euid=0 suid=0 fsuid=0 egid=0 sgid=0 fsgid=0 ses=4294967295 tty=(none) exe="/system/bin/ip6tables" subj=u:r:netd:s0 key=(null)
W/auditd  ( 3593): type=1320 audit(0.0:649): 
W/auditd  ( 3593): type=1325 audit(0.0:650): table=raw family=2 entries=8
W/iptables( 4478): type=1300 audit(0.0:650): arch=40000028 syscall=294 per=800000 success=yes exit=0 a0=4 a1=0 a2=40 a3=b6c1ba00 items=0 ppid=4323 auid=4294967295 uid=0 gid=0 euid=0 suid=0 fsuid=0 egid=0 sgid=0 fsgid=0 ses=4294967295 tty=(none) exe="/system/bin/iptables" subj=u:r:netd:s0 key=(null)
I/ServiceManager( 4326): Waiting for service batterystats...
V/NatController( 4323): runCmd(/system/bin/iptables -F natctrl_FORWARD) res=0
V/NatController( 4323): runCmd(/system/bin/iptables -A natctrl_FORWARD -j DROP) res=0
I/DEBUG   ( 3582): 
I/DEBUG   ( 3582): Tombstone written to: /data/tombstones/tombstone_07
V/NatController( 4323): runCmd(/system/bin/iptables -t nat -F natctrl_nat_POSTROUTING) res=0
V/NatController( 4323): runCmd(/system/bin/iptables -F natctrl_tether_counters) res=0
V/NatController( 4323): runCmd(/system/bin/iptables -X natctrl_tether_counters) res=0
V/NatController( 4323): runCmd(/system/bin/iptables -N natctrl_tether_counters) res=0
V/NatController( 4323): runCmd(/system/bin/iptables -t mangle -A natctrl_mangle_FORWARD -p tcp --tcp-flags SYN SYN -j TCPMSS --clamp-mss-to-pmtu) res=0
I/ServiceManager( 3569): service 'SurfaceFlinger' died
I/ServiceManager( 3569): service 'Exynos.HWCService' died
I/ServiceManager( 3569): service 'media.wifi_display' died
W/SurfaceComposerClient( 4390): ComposerService remote (surfaceflinger) died [0xb63591c0]
E/BootAnimation( 4390): linkToComposerDeath failed (Broken pipe) 
I/ServiceManager( 3569): service 'media.audio_flinger' died
W/init    ( 4530): type=1400 audit(0.0:695): avc: denied { entrypoint } for path="/system/bin/auditd" dev="mmcblk0p18" ino=173 scontext=u:r:logd:s0 tcontext=u:object_r:system_file:s0 tclass=file
W/init    ( 4530): type=1300 audit(0.0:695): arch=40000028 syscall=11 per=800000 success=no exit=-13 a0=b6d80954 a1=b6d68530 a2=57e64 a3=ff0000 items=1 ppid=1 auid=4294967295 uid=0 gid=0 euid=0 suid=0 fsuid=0 egid=0 sgid=0 fsgid=0 ses=4294967295 tty=(none) exe="/init" subj=u:r:init:s0 key=(null)
W/auditd  ( 3593): type=1307 audit(0.0:695): cwd="/"
W/auditd  ( 3593): type=1302 audit(0.0:695): item=0 name="/system/bin/auditd" inode=173 dev=103:0a mode=0100755 ouid=0 ogid=2000 rdev=00:00 obj=u:object_r:system_file:s0
W/auditd  ( 3593): type=1320 audit(0.0:695): 
I/Netd    ( 4531): Netd 1.0 starting
E/Netd    ( 4531): Failed to open /proc/sys/net/ipv6/conf/default/accept_ra_rt_table: No such file or directory
E/Netd    ( 4531): Failed to open /proc/sys/net/ipv6/conf/ip6tnl0/accept_ra_rt_table: No such file or directory
E/Netd    ( 4531): Failed to open /proc/sys/net/ipv6/conf/lo/accept_ra_rt_table: No such file or directory
E/Netd    ( 4531): Failed to open /proc/sys/net/ipv6/conf/rmnet0/accept_ra_rt_table: No such file or directory
E/Netd    ( 4531): Failed to open /proc/sys/net/ipv6/conf/rmnet1/accept_ra_rt_table: No such file or directory
E/Netd    ( 4531): Failed to open /proc/sys/net/ipv6/conf/rmnet2/accept_ra_rt_table: No such file or directory
E/Netd    ( 4531): Failed to open /proc/sys/net/ipv6/conf/rmnet3/accept_ra_rt_table: No such file or directory
E/Netd    ( 4531): Failed to open /proc/sys/net/ipv6/conf/sit0/accept_ra_rt_table: No such file or directory
W/auditd  ( 3593): type=1325 audit(0.0:696): table=filter family=2 entries=40
W/iptables( 4537): type=1300 audit(0.0:696): arch=40000028 syscall=294 per=800000 success=yes exit=0 a0=4 a1=0 a2=40 a3=b6b25000 items=0 ppid=4531 auid=4294967295 uid=0 gid=0 euid=0 suid=0 fsuid=0 egid=0 sgid=0 fsgid=0 ses=4294967295 tty=(none) exe="/system/bin/iptables" subj=u:r:netd:s0 key=(null)
W/auditd  ( 3593): type=1320 audit(0.0:696): 
W/auditd  ( 3593): type=1325 audit(0.0:697): table=filter family=10 entries=37
W/ip6tables( 4538): type=1300 audit(0.0:697): arch=40000028 syscall=294 per=800000 success=yes exit=0 a0=4 a1=29 a2=40 a3=b6c28000 items=0 ppid=4531 auid=4294967295 uid=0 gid=0 euid=0 suid=0 fsuid=0 egid=0 sgid=0 fsgid=0 ses=4294967295 tty=(none) exe="/system/bin/ip6tables" subj=u:r:netd:s0 key=(null)
W/auditd  ( 3593): type=1320 audit(0.0:697): 
I/SurfaceFlinger( 4533): SurfaceFlinger is starting
I/SurfaceFlinger( 4533): SurfaceFlinger's main thread ready to run. Initializing graphics H/W...
W/auditd  ( 3593): type=1325 audit(0.0:698): table=filter family=2 entries=39
W/iptables( 4542): type=1300 audit(0.0:698): arch=40000028 syscall=294 per=800000 success=yes exit=0 a0=4 a1=0 a2=40 a3=b6c22000 items=0 ppid=4531 auid=4294967295 uid=0 gid=0 euid=0 suid=0 fsuid=0 egid=0 sgid=0 fsgid=0 ses=4294967295 tty=(none) exe="/system/bin/iptables" subj=u:r:netd:s0 key=(null)
W/auditd  ( 3593): type=1320 audit(0.0:698): 
D/libEGL  ( 4533): loaded /vendor/lib/egl/libGLES_mali.so
W/auditd  ( 3593): type=1325 audit(0.0:699): table=filter family=10 entries=36
W/ip6tables( 4544): type=1300 audit(0.0:699): arch=40000028 syscall=294 per=800000 success=yes exit=0 a0=4 a1=29 a2=40 a3=b6c23000 items=0 ppid=4531 auid=4294967295 uid=0 gid=0 euid=0 suid=0 fsuid=0 egid=0 sgid=0 fsgid=0 ses=4294967295 tty=(none) exe="/system/bin/ip6tables" subj=u:r:netd:s0 key=(null)
W/auditd  ( 3593): type=1320 audit(0.0:699): 
W/auditd  ( 3593): type=1325 audit(0.0:700): table=filter family=2 entries=39
W/iptables( 4545): type=1300 audit(0.0:700): arch=40000028 syscall=294 per=800000 success=yes exit=0 a0=4 a1=0 a2=40 a3=b6c22000 items=0 ppid=4531 auid=4294967295 uid=0 gid=0 euid=0 suid=0 fsuid=0 egid=0 sgid=0 fsgid=0 ses=4294967295 tty=(none) exe="/system/bin/iptables" subj=u:r:netd:s0 key=(null)
W/auditd  ( 3593): type=1320 audit(0.0:700): 
I/        ( 4533): PLATFORM VERSION : JB-MR-2
I/mediaserver( 4534): ServiceManager: 0xb60500c0
I/AudioFlinger( 4534): Using default 3000 mSec as standby time.
I/ServiceManager( 4534): Waiting for service batterystats...
D/AndroidRuntime( 4536): 
D/AndroidRuntime( 4536): >>>>>> AndroidRuntime START com.android.internal.os.ZygoteInit <<<<<<
D/AndroidRuntime( 4536): CheckJNI is OFF
I/art     ( 4536): option[0]=-Xzygote
I/art     ( 4536): option[1]=-Xstacktracefile:/data/anr/traces.txt
I/art     ( 4536): option[2]=exit
I/art     ( 4536): option[3]=vfprintf
I/art     ( 4536): option[4]=sensitiveThread
I/art     ( 4536): option[5]=-verbose:gc
I/art     ( 4536): option[6]=-Xms8m
I/art     ( 4536): option[7]=-Xmx512m
I/art     ( 4536): option[8]=-XX:mainThreadStackSize=24K
I/art     ( 4536): option[9]=-XX:HeapGrowthLimit=128m
I/art     ( 4536): option[10]=-XX:HeapMinFree=2m
I/art     ( 4536): option[11]=-XX:HeapMaxFree=8m
I/art     ( 4536): option[12]=-XX:HeapTargetUtilization=0.75
I/art     ( 4536): option[13]=-agentlib:jdwp=transport=dt_android_adb,suspend=n,server=y
I/art     ( 4536): option[14]=-Xlockprofthreshold:500
I/art     ( 4536): option[15]=-Ximage-compiler-option
I/art     ( 4536): option[16]=--runtime-arg
I/art     ( 4536): option[17]=-Ximage-compiler-option
I/art     ( 4536): option[18]=-Xms64m
I/art     ( 4536): option[19]=-Ximage-compiler-option
I/art     ( 4536): option[20]=--runtime-arg
I/art     ( 4536): option[21]=-Ximage-compiler-option
I/art     ( 4536): option[22]=-Xmx64m
I/art     ( 4536): option[23]=-Ximage-compiler-option
I/art     ( 4536): option[24]=--image-classes-zip=/system/framework/framework.jar
I/art     ( 4536): option[25]=-Ximage-compiler-option
I/art     ( 4536): option[26]=--image-classes=preloaded-classes
I/art     ( 4536): option[27]=-Xcompiler-option
I/art     ( 4536): option[28]=--runtime-arg
I/art     ( 4536): option[29]=-Xcompiler-option
I/art     ( 4536): option[30]=-Xms64m
I/art     ( 4536): option[31]=-Xcompiler-option
I/art     ( 4536): option[32]=--runtime-arg
I/art     ( 4536): option[33]=-Xcompiler-option
I/art     ( 4536): option[34]=-Xmx512m
I/art     ( 4536): option[35]=-Duser.language=es
I/art     ( 4536): option[36]=-Duser.region=US
I/art     ( 4536): Pruning dalvik-cache since we are generating an image and will need to recompile
W/art     ( 4536): Unexpected file type of 
W/art     ( 4536):  encountered.
I/art     ( 4536): Using an offset of 0xffa96000 from default art base address of 0x70000000
I/art     ( 4536): GenerateImage: /system/bin/dex2oat --image=/data/dalvik-cache/arm/system@framework@boot.art --dex-file=/system/framework/core-libart.jar --dex-file=/system/framework/conscrypt.jar --dex-file=/system/framework/okhttp.jar --dex-file=/system/framework/core-junit.jar --dex-file=/system/framework/bouncycastle.jar --dex-file=/system/framework/ext.jar --dex-file=/system/framework/framework.jar --dex-file=/system/framework/telephony-common.jar --dex-file=/system/framework/voip-common.jar --dex-file=/system/framework/ims-common.jar --dex-file=/system/framework/mms-common.jar --dex-file=/system/framework/android.policy.jar --dex-file=/system/framework/apache-xml.jar --oat-file=/data/dalvik-cache/arm/system@framework@boot.oat --instruction-set=arm --instruction-set-features=div --base=0x6fa96000 --runtime-arg -Xms64m --runtime-arg -Xmx64m --image-classes-zip=/system/framework/framework.jar --image-classes=preloaded-classes
W/art     ( 4536): Unexpected file type of 
W/art     ( 4536):  encountered.
W/art     ( 4536): Could not create image space with image file '/system/framework/boot.art'. Attempting to fall back to imageless running. Error was: Failed to generate image '/data/dalvik-cache/arm/system@framework@boot.art': Failed execv(/system/bin/dex2oat --image=/data/dalvik-cache/arm/system@framework@boot.art --dex-file=/system/framework/core-libart.jar --dex-file=/system/framework/conscrypt.jar --dex-file=/system/framework/okhttp.jar --dex-file=/system/framework/core-junit.jar --dex-file=/system/framework/bouncycastle.jar --dex-file=/system/framework/ext.jar --dex-file=/system/framework/framework.jar --dex-file=/system/framework/telephony-common.jar --dex-file=/system/framework/voip-common.jar --dex-file=/system/framework/ims-common.jar --dex-file=/system/framework/mms-common.jar --dex-file=/system/framework/android.policy.jar --dex-file=/system/framework/apache-xml.jar --oat-file=/data/dalvik-cache/arm/system@framework@boot.oat --instruction-set=arm --instruction-set-features=div --base=0x6fa96000 --runtime-arg -Xms64
I/gralloc ( 4533): using (fd=12)
I/gralloc ( 4533): id           = 
I/gralloc ( 4533): xres         = 1080 px
I/gralloc ( 4533): yres         = 1920 px
I/gralloc ( 4533): xres_virtual = 1080 px
I/gralloc ( 4533): yres_virtual = 3840 px
I/gralloc ( 4533): bpp          = 32
I/gralloc ( 4533): r            = 16:8
I/gralloc ( 4533): g            =  8:8
I/gralloc ( 4533): b            =  0:8
I/gralloc ( 4533): width        = 65 mm (422.030762 dpi)
I/gralloc ( 4533): height       = 115 mm (424.069580 dpi)
I/gralloc ( 4533): refresh rate = 60.00 Hz
D/hwcomposer( 4533): using
D/hwcomposer( 4533): xres         = 1080 px
D/hwcomposer( 4533): yres         = 1920 px
D/hwcomposer( 4533): width        = 65 mm (422.030000 dpi)
D/hwcomposer( 4533): height       = 115 mm (424.069000 dpi)
D/hwcomposer( 4533): refresh rate = 60 Hz
E/libexynosv4l2-subdev( 4533): no subdev device found
E/hdmi    ( 4533): failed to open hdmi mixer0 subdev
E/hwcomposer( 4533): openHdmi fail
I/hwcomposer( 4533): PSR info devname = /sys/devices/14400000.fimd_fb/psr_info
I/hwcomposer( 4533): PSR mode is 2(0: video mode, 1: DP PSR mode, 2: MIPI-DSI command mode)
I/SurfaceFlinger( 4533): Using composer version 1.3
I/SurfaceFlinger( 4533): EGL information:
I/SurfaceFlinger( 4533): vendor    : Android
I/SurfaceFlinger( 4533): version   : 1.4 Android META-EGL
I/SurfaceFlinger( 4533): extensions: EGL_KHR_get_all_proc_addresses EGL_ANDROID_presentation_time EGL_KHR_image EGL_KHR_image_base EGL_KHR_gl_texture_2D_image EGL_KHR_gl_texture_cubemap_image EGL_KHR_gl_renderbuffer_image EGL_KHR_fence_sync EGL_KHR_create_context EGL_ANDROID_image_native_buffer EGL_KHR_wait_sync EGL_ANDROID_recordable 
I/SurfaceFlinger( 4533): Client API: OpenGL_ES
I/SurfaceFlinger( 4533): EGLSurface: 8-8-8-8, config=0xb6acf2ac
I/SurfaceFlinger( 4533): OpenGL ES informations:
I/SurfaceFlinger( 4533): vendor    : ARM
I/SurfaceFlinger( 4533): renderer  : Mali-T628
I/SurfaceFlinger( 4533): version   : OpenGL ES 3.0
I/SurfaceFlinger( 4533): extensions: GL_EXT_debug_marker GL_ARM_rgba8 GL_ARM_mali_shader_binary GL_OES_depth24 GL_OES_depth_texture GL_OES_depth_texture_cube_map GL_OES_packed_depth_stencil GL_OES_rgb8_rgba8 GL_EXT_read_format_bgra GL_OES_compressed_paletted_texture GL_OES_compressed_ETC1_RGB8_texture GL_OES_standard_derivatives GL_OES_EGL_image GL_OES_EGL_image_external GL_OES_EGL_sync GL_OES_texture_npot GL_OES_vertex_half_float GL_OES_required_internalformat GL_OES_vertex_array_object GL_OES_mapbuffer GL_EXT_texture_format_BGRA8888 GL_EXT_texture_rg GL_EXT_texture_type_2_10_10_10_REV GL_OES_fbo_render_mipmap GL_OES_element_index_uint GL_EXT_shadow_samplers GL_OES_texture_compression_astc GL_KHR_texture_compression_astc_ldr GL_KHR_texture_compression_astc_hdr GL_KHR_debug GL_EXT_occlusion_query_boolean GL_EXT_blend_minmax GL_EXT_discard_framebuffer GL_OES_get_program_binary GL_OES_texture_3D GL_EXT_texture_storage GL_EXT_multisampled_render_to_texture GL_OES_surfaceless_context GL_ARM_mali_program_binary 
I/SurfaceFlinger( 4533): GL_MAX_TEXTURE_SIZE = 8192
I/SurfaceFlinger( 4533): GL_MAX_VIEWPORT_DIMS = 8192
E/libEGL  ( 4533): eglQuerySurface:607 error 300d (EGL_BAD_SURFACE)
E/libEGL  ( 4533): eglQuerySurface:607 error 300d (EGL_BAD_SURFACE)
E/libEGL  ( 4533): call to OpenGL ES API with no current context (logged once per thread)
D/SurfaceFlinger( 4533): Set power mode=2, type=0 flinger=0xb6a62000
I/hwcomposer( 4533): int exynos5_blank(hwc_composer_device_1*, int, int):: disp(0), blank(0)
I/hwcomposer( 4533): unblank ioctl failed (display already unblanked)
E/libEGL  ( 4533): eglSwapBuffers:1071 error 300d (EGL_BAD_SURFACE)
F/SurfaceFlinger( 4533): eglSwapBuffers(0x1, 0x0) failed with 0x0000300d
F/libc    ( 4533): Fatal signal 6 (SIGABRT), code -6 in tid 4533 (surfaceflinger)
I/DEBUG   ( 3582): property debug.db.uid not set; NOT waiting for gdb.
I/DEBUG   ( 3582): HINT: adb shell setprop debug.db.uid 100000
I/DEBUG   ( 3582): HINT: adb forward tcp:5039 tcp:5039
I/DEBUG   ( 3582): *** *** *** *** *** *** *** *** *** *** *** *** *** *** *** ***
I/DEBUG   ( 3582): Build fingerprint: 'samsung/cm_k3gxx/k3gxx:5.0.2/LRX22G/88e55c58ed:userdebug/test-keys'
I/DEBUG   ( 3582): Revision: '10'
I/DEBUG   ( 3582): ABI: 'arm'
I/DEBUG   ( 3582): pid: 4533, tid: 4533, name: surfaceflinger  >>> /system/bin/surfaceflinger <<<
I/DEBUG   ( 3582): signal 6 (SIGABRT), code -6 (SI_TKILL), fault addr --------
I/DEBUG   ( 3582): Abort message: 'eglSwapBuffers(0x1, 0x0) failed with 0x0000300d'
I/DEBUG   ( 3582):     r0 00000000  r1 000011b5  r2 00000006  r3 00000000
I/DEBUG   ( 3582):     r4 b6fd2114  r5 00000006  r6 0000000b  r7 0000010c
I/DEBUG   ( 3582):     r8 00000000  r9 be916bd0  sl b6a54210  fp be916bd0
I/DEBUG   ( 3582):     ip 000011b5  sp be916650  lr b6f5c7b9  pc b6f804e4  cpsr 600f0010
I/DEBUG   ( 3582): 
I/DEBUG   ( 3582): backtrace:
I/DEBUG   ( 3582):     #00 pc 000384e4  /system/lib/libc.so (tgkill+12)
I/DEBUG   ( 3582):     #01 pc 000147b5  /system/lib/libc.so (pthread_kill+52)
I/DEBUG   ( 3582):     #02 pc 0001550b  /system/lib/libc.so (raise+10)
I/DEBUG   ( 3582):     #03 pc 00011c35  /system/lib/libc.so (__libc_android_abort+36)
I/DEBUG   ( 3582):     #04 pc 0000fcb8  /system/lib/libc.so (abort+4)
I/DEBUG   ( 3582):     #05 pc 00007739  /system/lib/libcutils.so (__android_log_assert+88)
I/DEBUG   ( 3582):     #06 pc 0000f4df  /system/lib/libsurfaceflinger.so
I/DEBUG   ( 3582):     #07 pc 0001b9fd  /system/lib/libsurfaceflinger.so
I/DEBUG   ( 3582):     #08 pc 0001abe7  /system/lib/libsurfaceflinger.so
I/DEBUG   ( 3582):     #09 pc 00019fc3  /system/lib/libsurfaceflinger.so
I/DEBUG   ( 3582):     #10 pc 00019d49  /system/lib/libsurfaceflinger.so
I/DEBUG   ( 3582):     #11 pc 00010ed3  /system/lib/libutils.so (android::Looper::pollInner(int)+410)
I/DEBUG   ( 3582):     #12 pc 00010fc5  /system/lib/libutils.so (android::Looper::pollOnce(int, int*, int*, void**)+92)
I/DEBUG   ( 3582):     #13 pc 000174c5  /system/lib/libsurfaceflinger.so
I/DEBUG   ( 3582):     #14 pc 0001993d  /system/lib/libsurfaceflinger.so (android::SurfaceFlinger::run()+8)
I/DEBUG   ( 3582):     #15 pc 0000083d  /system/bin/surfaceflinger
I/DEBUG   ( 3582):     #16 pc 0000fb75  /system/lib/libc.so (__libc_init+44)
I/DEBUG   ( 3582):     #17 pc 000008d8  /system/bin/surfaceflinger
W/auditd  ( 3593): type=1325 audit(0.0:830): table=raw family=2 entries=8
W/iptables( 4679): type=1300 audit(0.0:830): arch=40000028 syscall=294 per=800000 success=yes exit=0 a0=4 a1=0 a2=40 a3=b6c30100 items=0 ppid=4531 auid=4294967295 uid=0 gid=0 euid=0 suid=0 fsuid=0 egid=0 sgid=0 fsgid=0 ses=4294967295 tty=(none) exe="/system/bin/iptables" subj=u:r:netd:s0 key=(null)
W/auditd  ( 3593): type=1320 audit(0.0:830): 
W/auditd  ( 3593): type=1325 audit(0.0:831): table=raw family=10 entries=8
W/ip6tables( 4680): type=1300 audit(0.0:831): arch=40000028 syscall=294 per=800000 success=yes exit=0 a0=4 a1=29 a2=40 a3=b6c32400 items=0 ppid=4531 auid=4294967295 uid=0 gid=0 euid=0 suid=0 fsuid=0 egid=0 sgid=0 fsgid=0 ses=4294967295 tty=(none) exe="/system/bin/ip6tables" subj=u:r:netd:s0 key=(null)
W/auditd  ( 3593): type=1320 audit(0.0:831): 
W/auditd  ( 3593): type=1325 audit(0.0:832): table=raw family=2 entries=6
W/iptables( 4681): type=1300 audit(0.0:832): arch=40000028 syscall=294 per=800000 success=yes exit=0 a0=4 a1=0 a2=40 a3=b6c20400 items=0 ppid=4531 auid=4294967295 uid=0 gid=0 euid=0 suid=0 fsuid=0 egid=0 sgid=0 fsgid=0 ses=4294967295 tty=(none) exe="/system/bin/iptables" subj=u:r:netd:s0 key=(null)
W/auditd  ( 3593): type=1320 audit(0.0:832): 
W/auditd  ( 3593): type=1325 audit(0.0:833): table=raw family=10 entries=6
W/ip6tables( 4682): type=1300 audit(0.0:833): arch=40000028 syscall=294 per=800000 success=yes exit=0 a0=4 a1=29 a2=40 a3=b6c31800 items=0 ppid=4531 auid=4294967295 uid=0 gid=0 euid=0 suid=0 fsuid=0 egid=0 sgid=0 fsgid=0 ses=4294967295 tty=(none) exe="/system/bin/ip6tables" subj=u:r:netd:s0 key=(null)
W/auditd  ( 3593): type=1320 audit(0.0:833): 
W/auditd  ( 3593): type=1325 audit(0.0:834): table=raw family=2 entries=8
W/iptables( 4683): type=1300 audit(0.0:834): arch=40000028 syscall=294 per=800000 success=yes exit=0 a0=4 a1=0 a2=40 a3=b6c1ba00 items=0 ppid=4531 auid=4294967295 uid=0 gid=0 euid=0 suid=0 fsuid=0 egid=0 sgid=0 fsgid=0 ses=4294967295 tty=(none) exe="/system/bin/iptables" subj=u:r:netd:s0 key=(null)
W/auditd  ( 3593): type=1320 audit(0.0:834): 
W/auditd  ( 3593): type=1325 audit(0.0:835): table=raw family=10 entries=8
