W/Resources( 5677): Converting to string: TypedValue{t=0x10/d=0x0 a=-1}
W/Resources( 5677): Converting to string: TypedValue{t=0x10/d=0x0 a=-1}
D/CountryDetector( 4124): The first listener is added
D/MediaProvider( 5157): Adjusting external storage paths to: /storage/emulated/0
D/WVMDrmPlugIn( 3691): WVMDrmPlugin::onInitialize : 1965
D/WVMDrmPlugIn( 3691): WVMDrmPlugin::onSetOnInfoListener : add 1965
V/Mms     ( 5677): mnc/mcc: 
V/Mms     ( 5677): tag: int value: maxMessageSize - 1045876
V/Mms     ( 5677): tag: int value: maxImageHeight - 2592
V/Mms     ( 5677): tag: int value: maxImageWidth - 2592
V/Mms     ( 5677): tag: bool value: enableMultipartSMS - true
V/Mms     ( 5677): tag: bool value: enableSplitSMS - false
V/Mms     ( 5677): tag: string value: userAgent - SAMSUNG-SM-G900H-Mms
V/Mms     ( 5677): tag: string value: uaProfUrl - http://wap.samsungmobile.com/uaprof/SM-G900H.xml
I/ContactPhotoManager( 5677): Cache adj: 1.0
E/ContactPhotoManager( 5677): No contact photo service in context: com.android.mms.MmsApp@322dfedf
E/SQLiteLog( 5157): (1) no such table: files
D/WVMDrmPlugIn( 3691): WVMDrmPlugin::onInitialize : 6592
D/WVMDrmPlugIn( 3691): WVMDrmPlugin::onSetOnInfoListener : add 6592
D/WVMDrmPlugIn( 3691): WVMDrmPlugin::onTerminate : 6592
I/FFmpegExtractor( 3692): android-source:0xb40a1100
D/HeadsetStateMachine( 5368): Disconnected process message: 10, size: 0
I/FFMPEG  ( 3692): Input #0, ogg, from 'android-source:0xb40a1100':
I/FFMPEG  ( 3692):   Duration: 00:00:02.11, start: 0.000000, bitrate: 61 kb/s
I/FFMPEG  ( 3692):     Stream #0:0: Audio: vorbis, 44100 Hz, mono, fltp, 54 kb/s
I/FFMPEG  ( 3692):     Metadata:
I/FFMPEG  ( 3692):       TITLE           : Piezo Alarm
D/FFmpegExtractor( 3692): FFmpegExtrator, url: android-source:0xb40a1100, format_name: ogg, format_long_name: Ogg
I/FFmpegExtractor( 3692): adjust mime(application/ogg -> audio/vorbis)
D/FFmpegExtractor( 3692): suppoted codec(vorbis) by official Stagefright
D/FFmpegExtractor( 3692): ffmpeg detected media content as 'audio/vorbis' with confidence 0.08
D/WVMDrmPlugIn( 3691): WVMDrmPlugin::onInitialize : 7462
D/WVMDrmPlugIn( 3691): WVMDrmPlugin::onSetOnInfoListener : add 7462
D/WVMDrmPlugIn( 3691): WVMDrmPlugin::onTerminate : 7462
I/FFmpegExtractor( 3692): android-source:0xb40a11f0
I/FFMPEG  ( 3692): Input #0, ogg, from 'android-source:0xb40a11f0':
I/FFMPEG  ( 3692):   Duration: 00:00:00.25, start: 0.000000, bitrate: 188 kb/s
I/FFMPEG  ( 3692):     Stream #0:0: Audio: vorbis, 44100 Hz, mono, fltp, 86 kb/s
I/FFMPEG  ( 3692):     Metadata:
I/FFMPEG  ( 3692):       TITLE           : BeeBeep Alarm
D/FFmpegExtractor( 3692): FFmpegExtrator, url: android-source:0xb40a11f0, format_name: ogg, format_long_name: Ogg
I/FFmpegExtractor( 3692): adjust mime(application/ogg -> audio/vorbis)
D/FFmpegExtractor( 3692): suppoted codec(vorbis) by official Stagefright
D/FFmpegExtractor( 3692): ffmpeg detected media content as 'audio/vorbis' with confidence 0.08
I/ActivityManager( 4124): Start proc com.android.onetimeinitializer for broadcast com.android.onetimeinitializer/.OneTimeInitializerReceiver: pid=5712 uid=10013 gids={50013, 9997} abi=armeabi-v7a
D/Mms     ( 5677): cancelNotification
D/MmsSmsDatabaseHelper( 4988): [MmsSmsDb] tableName: threads hasAutoIncrement: CREATE TABLE threads (_id INTEGER PRIMARY KEY AUTOINCREMENT,date INTEGER DEFAULT 0,message_count INTEGER DEFAULT 0,recipient_ids TEXT,snippet TEXT,snippet_cs INTEGER DEFAULT 0,read INTEGER DEFAULT 1,archived INTEGER DEFAULT 0,type INTEGER DEFAULT 0,error INTEGER DEFAULT 0,has_attachment INTEGER DEFAULT 0) result: true
D/MmsSmsDatabaseHelper( 4988): [MmsSmsDb] tableName: canonical_addresses hasAutoIncrement: CREATE TABLE canonical_addresses (_id INTEGER PRIMARY KEY AUTOINCREMENT,address TEXT) result: true
D/MmsSmsDatabaseHelper( 4988): [MmsSmsDb] tableName: part hasAutoIncrement: CREATE TABLE part (_id INTEGER PRIMARY KEY AUTOINCREMENT,mid INTEGER,seq INTEGER DEFAULT 0,ct TEXT,name TEXT,chset INTEGER,cd TEXT,fn TEXT,cid TEXT,cl TEXT,ctt_s INTEGER,ctt_t TEXT,_data TEXT,text TEXT) result: true
D/MmsSmsDatabaseHelper( 4988): [MmsSmsDb] tableName: pdu hasAutoIncrement: CREATE TABLE pdu (_id INTEGER PRIMARY KEY AUTOINCREMENT,thread_id INTEGER,date INTEGER,date_sent INTEGER DEFAULT 0,msg_box INTEGER,read INTEGER DEFAULT 0,m_id TEXT,sub TEXT,sub_cs INTEGER,ct_t TEXT,ct_l TEXT,exp INTEGER,m_cls TEXT,m_type INTEGER,v INTEGER,m_size INTEGER,pri INTEGER,rr INTEGER,rpt_a INTEGER,resp_st INTEGER,st INTEGER,tr_id TEXT,retr_st INTEGER,retr_txt TEXT,retr_txt_cs INTEGER,read_status INTEGER,ct_cls INTEGER,resp_txt TEXT,d_tm INTEGER,d_rpt INTEGER,locked INTEGER DEFAULT 0,phone_id INTEGER DEFAULT -1, seen INTEGER DEFAULT 0,creator TEXT,text_only INTEGER DEFAULT 0) result: true
D/MmsSmsDatabaseHelper( 4988): [getWritableDatabase] hasAutoIncrementThreads: true hasAutoIncrementAddresses: true hasAutoIncrementPart: true hasAutoIncrementPdu: true
D/WVMDrmPlugIn( 3691): WVMDrmPlugin::onInitialize : 1007
D/WVMDrmPlugIn( 3691): WVMDrmPlugin::onSetOnInfoListener : add 1007
D/Mms     ( 5677): Cursor= >>>>> Dumping cursor android.content.ContentResolver$CursorWrapperInner@2f5515e2
D/Mms     ( 5677): <<<<<
D/WVMDrmPlugIn( 3691): WVMDrmPlugin::onInitialize : 7473
D/WVMDrmPlugIn( 3691): WVMDrmPlugin::onSetOnInfoListener : add 7473
D/WVMDrmPlugIn( 3691): WVMDrmPlugin::onTerminate : 7473
I/FFmpegExtractor( 3692): android-source:0xb40a1240
I/FFMPEG  ( 3692): Input #0, ogg, from 'android-source:0xb40a1240':
I/FFMPEG  ( 3692):   Duration: 00:00:02.37, start: 0.000000, bitrate: 71 kb/s
I/FFMPEG  ( 3692):     Stream #0:0: Audio: vorbis, 44100 Hz, mono, fltp, 70 kb/s
I/FFMPEG  ( 3692):     Metadata:
I/FFMPEG  ( 3692):       TITLE           : Beep-Beep-Beep Alarm
D/FFmpegExtractor( 3692): FFmpegExtrator, url: android-source:0xb40a1240, format_name: ogg, format_long_name: Ogg
I/FFmpegExtractor( 3692): adjust mime(application/ogg -> audio/vorbis)
D/FFmpegExtractor( 3692): suppoted codec(vorbis) by official Stagefright
D/FFmpegExtractor( 3692): ffmpeg detected media content as 'audio/vorbis' with confidence 0.08
D/Mms     ( 5677): Cursor= >>>>> Dumping cursor android.content.ContentResolver$CursorWrapperInner@22b15d73
D/Mms     ( 5677): <<<<<
D/Mms     ( 5677): cancelNotification
V/OneTimeInitializerRece( 5712): OneTimeInitializerReceiver.onReceive
I/OneTimeInitializerServ( 5712): Updating to version 1.
E/ActivityThread( 5712): Failed to find provider info for com.android.launcher2.settings
D/CMStats ( 5101): Set alarm for first sync.
D/CMStats ( 5101): Next sync attempt in : 23 hours
D/WVMDrmPlugIn( 3691): WVMDrmPlugin::onInitialize : 8039
D/WVMDrmPlugIn( 3691): WVMDrmPlugin::onSetOnInfoListener : add 8039
D/WVMDrmPlugIn( 3691): WVMDrmPlugin::onTerminate : 8039
I/FFmpegExtractor( 3692): android-source:0xb420d1f0
I/FFMPEG  ( 3692): Input #0, ogg, from 'android-source:0xb420d1f0':
I/FFMPEG  ( 3692):   Duration: 00:00:01.10, start: 0.000000, bitrate: 82 kb/s
I/FFMPEG  ( 3692):     Stream #0:0: Audio: vorbis, 44100 Hz, mono, fltp, 54 kb/s
I/FFMPEG  ( 3692):     Metadata:
I/FFMPEG  ( 3692):       TITLE           : Buzzer Alarm
D/FFmpegExtractor( 3692): FFmpegExtrator, url: android-source:0xb420d1f0, format_name: ogg, format_long_name: Ogg
I/FFmpegExtractor( 3692): adjust mime(application/ogg -> audio/vorbis)
D/FFmpegExtractor( 3692): suppoted codec(vorbis) by official Stagefright
D/FFmpegExtractor( 3692): ffmpeg detected media content as 'audio/vorbis' with confidence 0.08
D/AlertReceiver( 5534): onReceive: a=android.intent.action.BOOT_COMPLETED Intent { act=android.intent.action.BOOT_COMPLETED flg=0x8000010 cmp=com.android.calendar/.alerts.AlertReceiver (has extras) }
D/AlertUtils( 5534): Flushing old alerts from shared prefs table
D/WVMDrmPlugIn( 3691): WVMDrmPlugin::onInitialize : 4501
D/WVMDrmPlugIn( 3691): WVMDrmPlugin::onSetOnInfoListener : add 4501
D/WVMDrmPlugIn( 3691): WVMDrmPlugin::onTerminate : 4501
I/FFmpegExtractor( 3692): android-source:0xb420d290
I/FFMPEG  ( 3692): Input #0, ogg, from 'android-source:0xb420d290':
I/FFMPEG  ( 3692):   Duration: 00:00:01.67, start: 0.000000, bitrate: 53 kb/s
I/FFMPEG  ( 3692):     Stream #0:0: Audio: vorbis, 44100 Hz, mono, fltp, 40 kb/s
I/FFMPEG  ( 3692):     Metadata:
I/FFMPEG  ( 3692):       TITLE           : Rooster Alarm
D/FFmpegExtractor( 3692): FFmpegExtrator, url: android-source:0xb420d290, format_name: ogg, format_long_name: Ogg
I/FFmpegExtractor( 3692): adjust mime(application/ogg -> audio/vorbis)
D/FFmpegExtractor( 3692): suppoted codec(vorbis) by official Stagefright
D/FFmpegExtractor( 3692): ffmpeg detected media content as 'audio/vorbis' with confidence 0.08
I/ActivityManager( 4124): Start proc com.android.camera2 for broadcast com.android.camera2/com.android.camera.DisableCameraReceiver: pid=5746 uid=10027 gids={50027, 9997, 3003, 1028, 1015} abi=armeabi-v7a
D/AlertService( 5534): 0 Action = android.intent.action.BOOT_COMPLETED
D/AlertService( 5534): Scheduling next alarm with AlarmScheduler. sEventReminderReceived: null
D/WVMDrmPlugIn( 3691): WVMDrmPlugin::onInitialize : 5370
D/WVMDrmPlugIn( 3691): WVMDrmPlugin::onSetOnInfoListener : add 5370
D/WVMDrmPlugIn( 3691): WVMDrmPlugin::onTerminate : 5370
I/FFmpegExtractor( 3692): android-source:0xb420d2e0
D/AlarmScheduler( 5534): No events found starting within 1 week.
I/FFMPEG  ( 3692): Input #0, ogg, from 'android-source:0xb420d2e0':
I/FFMPEG  ( 3692):   Duration: 00:00:07.00, start: 0.000000, bitrate: 133 kb/s
I/FFMPEG  ( 3692):     Stream #0:0: Audio: vorbis, 48000 Hz, mono, fltp, 128 kb/s
I/FFMPEG  ( 3692):     Metadata:
I/FFMPEG  ( 3692):       ANDROID_LOOP    : true
I/FFMPEG  ( 3692):       TITLE           : Argon
D/FFmpegExtractor( 3692): FFmpegExtrator, url: android-source:0xb420d2e0, format_name: ogg, format_long_name: Ogg
I/FFmpegExtractor( 3692): adjust mime(application/ogg -> audio/vorbis)
D/FFmpegExtractor( 3692): suppoted codec(vorbis) by official Stagefright
D/FFmpegExtractor( 3692): ffmpeg detected media content as 'audio/vorbis' with confidence 0.08
D/WVMDrmPlugIn( 3691): WVMDrmPlugin::onInitialize : 7154
D/WVMDrmPlugIn( 3691): WVMDrmPlugin::onSetOnInfoListener : add 7154
D/WVMDrmPlugIn( 3691): WVMDrmPlugin::onTerminate : 7154
I/FFmpegExtractor( 3692): android-source:0xb420d290
I/FFMPEG  ( 3692): Input #0, ogg, from 'android-source:0xb420d290':
I/FFMPEG  ( 3692):   Duration: 00:00:01.95, start: 0.000000, bitrate: 211 kb/s
I/FFMPEG  ( 3692):     Stream #0:0: Audio: vorbis, 44100 Hz, stereo, fltp, 256 kb/s
I/FFMPEG  ( 3692):     Metadata:
I/FFMPEG  ( 3692):       ANDROID_LOOP    : true
I/FFMPEG  ( 3692):       TITLE           : Barium
D/FFmpegExtractor( 3692): FFmpegExtrator, url: android-source:0xb420d290, format_name: ogg, format_long_name: Ogg
I/FFmpegExtractor( 3692): adjust mime(application/ogg -> audio/vorbis)
D/FFmpegExtractor( 3692): suppoted codec(vorbis) by official Stagefright
D/FFmpegExtractor( 3692): ffmpeg detected media content as 'audio/vorbis' with confidence 0.08
E/Vold    ( 3671): Failed to find mounted volume for /storage/extSdCard/Android/data/com.android.camera2/cache/
W/Vold    ( 3671): Returning OperationFailed - no handler for errno 0
W/ContextImpl( 5746): Failed to ensure directory: /storage/extSdCard/Android/data/com.android.camera2/cache
D/WVMDrmPlugIn( 3691): WVMDrmPlugin::onInitialize : 4790
D/WVMDrmPlugIn( 3691): WVMDrmPlugin::onSetOnInfoListener : add 4790
E/Vold    ( 3671): Failed to find mounted volume for /storage/extSdCard/Android/data/com.android.camera2/files/
W/Vold    ( 3671): Returning OperationFailed - no handler for errno 0
W/ContextImpl( 5746): Failed to ensure directory: /storage/extSdCard/Android/data/com.android.camera2/files
D/WVMDrmPlugIn( 3691): WVMDrmPlugin::onTerminate : 4790
I/FFmpegExtractor( 3692): android-source:0xb40a1060
I/FFMPEG  ( 3692): Input #0, ogg, from 'android-source:0xb40a1060':
I/FFMPEG  ( 3692):   Duration: 00:00:05.95, start: 0.000000, bitrate: 131 kb/s
I/FFMPEG  ( 3692):     Stream #0:0: Audio: vorbis, 48000 Hz, mono, fltp, 128 kb/s
I/FFMPEG  ( 3692):     Metadata:
I/FFMPEG  ( 3692):       ANDROID_LOOP    : true
I/FFMPEG  ( 3692):       TITLE           : Carbon
D/FFmpegExtractor( 3692): FFmpegExtrator, url: android-source:0xb40a1060, format_name: ogg, format_long_name: Ogg
I/FFmpegExtractor( 3692): adjust mime(application/ogg -> audio/vorbis)
D/FFmpegExtractor( 3692): suppoted codec(vorbis) by official Stagefright
D/FFmpegExtractor( 3692): ffmpeg detected media content as 'audio/vorbis' with confidence 0.08
I/CAM_DisableCamRcver( 5746): number of camera: 0
I/CAM_DisableCamRcver( 5746): disable all camera activities
D/EmailBroadcastReceiver( 4940): Received android.intent.action.BOOT_COMPLETED
D/WVMDrmPlugIn( 3691): WVMDrmPlugin::onInitialize : 4121
D/WVMDrmPlugIn( 3691): WVMDrmPlugin::onSetOnInfoListener : add 4121
D/WVMDrmPlugIn( 3691): WVMDrmPlugin::onTerminate : 4121
I/FFmpegExtractor( 3692): android-source:0xb6055c90
I/FFMPEG  ( 3692): Input #0, ogg, from 'android-source:0xb6055c90':
I/FFMPEG  ( 3692):   Duration: 00:00:01.85, start: 0.000000, bitrate: 447 kb/s
I/FFMPEG  ( 3692):     Stream #0:0: Audio: vorbis, 44100 Hz, stereo, fltp, 450 kb/s
I/FFMPEG  ( 3692):     Metadata:
I/FFMPEG  ( 3692):       ENCODER         : FL Studio
D/FFmpegExtractor( 3692): FFmpegExtrator, url: android-source:0xb6055c90, format_name: ogg, format_long_name: Ogg
I/FFmpegExtractor( 3692): adjust mime(application/ogg -> audio/vorbis)
D/FFmpegExtractor( 3692): suppoted codec(vorbis) by official Stagefright
D/FFmpegExtractor( 3692): ffmpeg detected media content as 'audio/vorbis' with confidence 0.08
I/ActivityManager( 4124): Start proc com.android.gallery3d for broadcast com.android.gallery3d/com.android.camera.DisableCameraReceiver: pid=5771 uid=10036 gids={50036, 9997, 3003, 1028, 1015, 1023, 3002} abi=armeabi-v7a
D/WVMDrmPlugIn( 3691): WVMDrmPlugin::onInitialize : 5503
D/WVMDrmPlugIn( 3691): WVMDrmPlugin::onSetOnInfoListener : add 5503
D/WVMDrmPlugIn( 3691): WVMDrmPlugin::onTerminate : 5503
I/FFmpegExtractor( 3692): android-source:0xb40a1060
I/Email   ( 4940): Onetime initialization: 1
I/Email   ( 4940): Onetime initialization: 2
I/FFMPEG  ( 3692): Input #0, ogg, from 'android-source:0xb40a1060':
I/FFMPEG  ( 3692):   Duration: 00:00:07.00, start: 0.000000, bitrate: 133 kb/s
I/FFMPEG  ( 3692):     Stream #0:0: Audio: vorbis, 48000 Hz, mono, fltp, 128 kb/s
I/FFMPEG  ( 3692):     Metadata:
I/FFMPEG  ( 3692):       ANDROID_LOOP    : true
I/FFMPEG  ( 3692):       TITLE           : Fermium
D/FFmpegExtractor( 3692): FFmpegExtrator, url: android-source:0xb40a1060, format_name: ogg, format_long_name: Ogg
I/FFmpegExtractor( 3692): adjust mime(application/ogg -> audio/vorbis)
D/FFmpegExtractor( 3692): suppoted codec(vorbis) by official Stagefright
D/FFmpegExtractor( 3692): ffmpeg detected media content as 'audio/vorbis' with confidence 0.08
I/Email   ( 4940): Onetime initialization: completed.
E/ActivityThread( 4940): Service com.android.email.service.EmailBroadcastProcessorService has leaked ServiceConnection com.android.emailcommon.service.ServiceProxy$ProxyConnection@1f391665 that was originally bound here
E/ActivityThread( 4940): android.app.ServiceConnectionLeaked: Service com.android.email.service.EmailBroadcastProcessorService has leaked ServiceConnection com.android.emailcommon.service.ServiceProxy$ProxyConnection@1f391665 that was originally bound here
E/ActivityThread( 4940): 	at android.app.LoadedApk$ServiceDispatcher.<init>(LoadedApk.java:1073)
E/ActivityThread( 4940): 	at android.app.LoadedApk.getServiceDispatcher(LoadedApk.java:967)
E/ActivityThread( 4940): 	at android.app.ContextImpl.bindServiceCommon(ContextImpl.java:1808)
E/ActivityThread( 4940): 	at android.app.ContextImpl.bindService(ContextImpl.java:1791)
E/ActivityThread( 4940): 	at android.content.ContextWrapper.bindService(ContextWrapper.java:544)
E/ActivityThread( 4940): 	at com.android.emailcommon.service.ServiceProxy.setTask(ServiceProxy.java:184)
E/ActivityThread( 4940): 	at com.android.emailcommon.service.ServiceProxy.test(ServiceProxy.java:229)
E/ActivityThread( 4940): 	at com.android.email.service.EmailServiceUtils.isServiceAvailable(EmailServiceUtils.java:160)
E/ActivityThread( 4940): 	at com.android.email.provider.AccountReconciler.reconcileAccountsInternal(AccountReconciler.java:164)
E/ActivityThread( 4940): 	at com.android.email.provider.AccountReconciler.reconcileAccounts(AccountReconciler.java:113)
E/ActivityThread( 4940): 	at com.android.email.service.EmailBroadcastProcessorService.reconcileAndStartServices(EmailBroadcastProcessorService.java:305)
E/ActivityThread( 4940): 	at com.android.email.service.EmailBroadcastProcessorService.onBootCompleted(EmailBroadcastProcessorService.java:295)
E/ActivityThread( 4940): 	at com.android.email.service.EmailBroadcastProcessorService.onHandleIntent(EmailBroadcastProcessorService.java:130)
E/ActivityThread( 4940): 	at android.app.IntentService$ServiceHandler.handleMessage(IntentService.java:65)
E/ActivityThread( 4940): 	at android.os.Handler.dispatchMessage(Handler.java:102)
E/ActivityThread( 4940): 	at android.os.Looper.loop(Looper.java:135)
E/ActivityThread( 4940): 	at android.os.HandlerThread.run(HandlerThread.java:61)
D/WVMDrmPlugIn( 3691): WVMDrmPlugin::onInitialize : 5531
D/WVMDrmPlugIn( 3691): WVMDrmPlugin::onSetOnInfoListener : add 5531
D/WVMDrmPlugIn( 3691): WVMDrmPlugin::onTerminate : 5531
I/FFmpegExtractor( 3692): android-source:0xb420d290
I/FFMPEG  ( 3692): Input #0, ogg, from 'android-source:0xb420d290':
I/FFMPEG  ( 3692):   Duration: 00:00:08.83, start: 0.000000, bitrate: 133 kb/s
I/FFMPEG  ( 3692):     Stream #0:0: Audio: vorbis, 48000 Hz, mono, fltp, 128 kb/s
I/FFMPEG  ( 3692):     Metadata:
I/FFMPEG  ( 3692):       ANDROID_LOOP    : true
I/FFMPEG  ( 3692):       TITLE           : Helium
D/FFmpegExtractor( 3692): FFmpegExtrator, url: android-source:0xb420d290, format_name: ogg, format_long_name: Ogg
I/FFmpegExtractor( 3692): adjust mime(application/ogg -> audio/vorbis)
D/FFmpegExtractor( 3692): suppoted codec(vorbis) by official Stagefright
D/FFmpegExtractor( 3692): ffmpeg detected media content as 'audio/vorbis' with confidence 0.08
I/art     ( 4124): Explicit concurrent mark sweep GC freed 27542(2MB) AllocSpace objects, 29(1056KB) LOS objects, 33% free, 22MB/33MB, paused 1.355ms total 53.280ms
I/Exchange( 4918): PSS has no active accounts; stopping service.
D/WVMDrmPlugIn( 3691): WVMDrmPlugin::onInitialize : 7552
D/WVMDrmPlugIn( 3691): WVMDrmPlugin::onSetOnInfoListener : add 7552
D/WVMDrmPlugIn( 3691): WVMDrmPlugin::onTerminate : 7552
I/FFmpegExtractor( 3692): android-source:0xb420d470
I/FFMPEG  ( 3692): Input #0, ogg, from 'android-source:0xb420d470':
I/FFMPEG  ( 3692):   Duration: 00:00:02.11, start: 0.000000, bitrate: 61 kb/s
I/FFMPEG  ( 3692):     Stream #0:0: Audio: vorbis, 44100 Hz, mono, fltp, 54 kb/s
I/FFMPEG  ( 3692):     Metadata:
I/FFMPEG  ( 3692):       TITLE           : Piezo Alarm
D/FFmpegExtractor( 3692): FFmpegExtrator, url: android-source:0xb420d470, format_name: ogg, format_long_name: Ogg
I/FFmpegExtractor( 3692): adjust mime(application/ogg -> audio/vorbis)
D/FFmpegExtractor( 3692): suppoted codec(vorbis) by official Stagefright
D/FFmpegExtractor( 3692): ffmpeg detected media content as 'audio/vorbis' with confidence 0.08
E/MetadataRetrieverClient( 3692): failed to extract an album art
I/G:DisableCameraReceiver( 5771): no back camera
I/G:DisableCameraReceiver( 5771): disable all camera activities
D/bt_vendor( 5368): op for 7
W/BackupManagerService( 4124): dataChanged but no participant pkg='com.android.providers.settings' uid=10009
I/CalendarProvider2( 5625): Sending notification intent: Intent { act=android.intent.action.PROVIDER_CHANGED dat=content://com.android.calendar }
W/ContentResolver( 5625): Failed to get type for: content://com.android.calendar (Unknown URL content://com.android.calendar)
I/ActivityManager( 4124): Killing 4811:com.cyanogenmod.lockclock/u0a42 (adj 15): empty #17
W/BackupManagerService( 4124): dataChanged but no participant pkg='com.android.providers.settings' uid=10036
D/WVMDrmPlugIn( 3691): WVMDrmPlugin::onInitialize : 8045
D/WVMDrmPlugIn( 3691): WVMDrmPlugin::onSetOnInfoListener : add 8045
D/WVMDrmPlugIn( 3691): WVMDrmPlugin::onTerminate : 8045
I/FFmpegExtractor( 3692): android-source:0xb420d470
W/BackupManagerService( 4124): dataChanged but no participant pkg='com.android.providers.settings' uid=10036
I/FFMPEG  ( 3692): Input #0, ogg, from 'android-source:0xb420d470':
I/FFMPEG  ( 3692):   Duration: 00:00:04.96, start: 0.000000, bitrate: 166 kb/s
I/FFMPEG  ( 3692):     Stream #0:0: Audio: vorbis, 44100 Hz, stereo, fltp, 256 kb/s
I/FFMPEG  ( 3692):     Metadata:
I/FFMPEG  ( 3692):       ANDROID_LOOP    : true
I/FFMPEG  ( 3692):       TITLE           : Krypton
D/FFmpegExtractor( 3692): FFmpegExtrator, url: android-source:0xb420d470, format_name: ogg, format_long_name: Ogg
I/FFmpegExtractor( 3692): adjust mime(application/ogg -> audio/vorbis)
D/FFmpegExtractor( 3692): suppoted codec(vorbis) by official Stagefright
D/FFmpegExtractor( 3692): ffmpeg detected media content as 'audio/vorbis' with confidence 0.08
W/BackupManagerService( 4124): dataChanged but no participant pkg='com.android.providers.settings' uid=10036
D/WVMDrmPlugIn( 3691): WVMDrmPlugin::onInitialize : 4661
D/WVMDrmPlugIn( 3691): WVMDrmPlugin::onSetOnInfoListener : add 4661
D/WVMDrmPlugIn( 3691): WVMDrmPlugin::onTerminate : 4661
I/FFmpegExtractor( 3692): android-source:0xb6055c90
I/FFMPEG  ( 3692): Input #0, ogg, from 'android-source:0xb6055c90':
I/FFMPEG  ( 3692):   Duration: 00:00:20.40, start: 0.000000, bitrate: 69 kb/s
I/FFMPEG  ( 3692):     Stream #0:0: Audio: vorbis, 44100 Hz, stereo, fltp, 112 kb/s
I/FFMPEG  ( 3692):     Metadata:
I/FFMPEG  ( 3692):       ANDROID_LOOP    : true
I/FFMPEG  ( 3692):       TITLE           : Neon
D/FFmpegExtractor( 3692): FFmpegExtrator, url: android-source:0xb6055c90, format_name: ogg, format_long_name: Ogg
I/FFmpegExtractor( 3692): adjust mime(application/ogg -> audio/vorbis)
D/FFmpegExtractor( 3692): suppoted codec(vorbis) by official Stagefright
D/FFmpegExtractor( 3692): ffmpeg detected media content as 'audio/vorbis' with confidence 0.08
I/ActivityManager( 4124): Killing 5250:com.cyanogenmod.eleven/u0a32 (adj 15): empty #17
D/WVMDrmPlugIn( 3691): WVMDrmPlugin::onInitialize : 7510
D/WVMDrmPlugIn( 3691): WVMDrmPlugin::onSetOnInfoListener : add 7510
D/WVMDrmPlugIn( 3691): WVMDrmPlugin::onTerminate : 7510
I/FFmpegExtractor( 3692): android-source:0xb6055dd0
I/FFMPEG  ( 3692): Input #0, ogg, from 'android-source:0xb6055dd0':
I/FFMPEG  ( 3692):   Duration: 00:00:20.40, start: 0.000000, bitrate: 69 kb/s
I/FFMPEG  ( 3692):     Stream #0:0: Audio: vorbis, 44100 Hz, stereo, fltp, 112 kb/s
I/FFMPEG  ( 3692):     Metadata:
I/FFMPEG  ( 3692):       ANDROID_LOOP    : true
I/FFMPEG  ( 3692):       TITLE           : Nobelium
D/FFmpegExtractor( 3692): FFmpegExtrator, url: android-source:0xb6055dd0, format_name: ogg, format_long_name: Ogg
I/FFmpegExtractor( 3692): adjust mime(application/ogg -> audio/vorbis)
D/FFmpegExtractor( 3692): suppoted codec(vorbis) by official Stagefright
D/FFmpegExtractor( 3692): ffmpeg detected media content as 'audio/vorbis' with confidence 0.08
D/WVMDrmPlugIn( 3691): WVMDrmPlugin::onInitialize : 8102
D/WVMDrmPlugIn( 3691): WVMDrmPlugin::onSetOnInfoListener : add 8102
D/WVMDrmPlugIn( 3691): WVMDrmPlugin::onTerminate : 8102
I/FFmpegExtractor( 3692): android-source:0xb45cb0b0
I/FFMPEG  ( 3692): Input #0, ogg, from 'android-source:0xb45cb0b0':
I/FFMPEG  ( 3692):   Duration: 00:00:01.50, start: 0.000000, bitrate: 348 kb/s
I/FFMPEG  ( 3692):     Stream #0:0: Audio: vorbis, 44100 Hz, stereo, fltp, 320 kb/s
I/FFMPEG  ( 3692):     Metadata:
I/FFMPEG  ( 3692):       ENCODER         : FL Studio
I/FFMPEG  ( 3692):       TITLE           : Nuclear Launch
D/FFmpegExtractor( 3692): FFmpegExtrator, url: android-source:0xb45cb0b0, format_name: ogg, format_long_name: Ogg
I/FFmpegExtractor( 3692): adjust mime(application/ogg -> audio/vorbis)
D/FFmpegExtractor( 3692): suppoted codec(vorbis) by official Stagefright
D/FFmpegExtractor( 3692): ffmpeg detected media content as 'audio/vorbis' with confidence 0.08
D/WVMDrmPlugIn( 3691): WVMDrmPlugin::onInitialize : 7473
D/WVMDrmPlugIn( 3691): WVMDrmPlugin::onSetOnInfoListener : add 7473
D/WVMDrmPlugIn( 3691): WVMDrmPlugin::onTerminate : 7473
I/FFmpegExtractor( 3692): android-source:0xb45cb1f0
I/FFMPEG  ( 3692): Input #0, ogg, from 'android-source:0xb45cb1f0':
I/FFMPEG  ( 3692):   Duration: 00:00:02.45, start: 0.000000, bitrate: 138 kb/s
I/FFMPEG  ( 3692):     Stream #0:0: Audio: vorbis, 48000 Hz, mono, fltp, 128 kb/s
I/FFMPEG  ( 3692):     Metadata:
I/FFMPEG  ( 3692):       ANDROID_LOOP    : true
I/FFMPEG  ( 3692):       TITLE           : Osmium
D/FFmpegExtractor( 3692): FFmpegExtrator, url: android-source:0xb45cb1f0, format_name: ogg, format_long_name: Ogg
I/FFmpegExtractor( 3692): adjust mime(application/ogg -> audio/vorbis)
D/FFmpegExtractor( 3692): suppoted codec(vorbis) by official Stagefright
D/FFmpegExtractor( 3692): ffmpeg detected media content as 'audio/vorbis' with confidence 0.08
W/art     ( 4124): Long monitor contention event with owner method=void com.android.server.am.ActivityManagerService.removeContentProvider(android.os.IBinder, boolean) from ActivityManagerService.java:9709 waiters=3 for 147ms
W/libprocessgroup( 4124): failed to open /acct/uid_10042/pid_4811/cgroup.procs: No such file or directory
I/SystemBroadcastReceiver( 4751): Boot has been completed
W/libprocessgroup( 4124): failed to open /acct/uid_10032/pid_5250/cgroup.procs: No such file or directory
D/WVMDrmPlugIn( 3691): WVMDrmPlugin::onInitialize : 6080
D/WVMDrmPlugIn( 3691): WVMDrmPlugin::onSetOnInfoListener : add 6080
D/WVMDrmPlugIn( 3691): WVMDrmPlugin::onTerminate : 6080
I/FFmpegExtractor( 3692): android-source:0xb45cb330
I/LauncherIconVisibilityManager( 4751): Disable activity: ComponentInfo{com.android.inputmethod.latin/com.android.inputmethod.latin.setup.SetupActivity}
I/FFMPEG  ( 3692): Input #0, ogg, from 'android-source:0xb45cb330':
I/FFMPEG  ( 3692):   Duration: 00:00:02.07, start: 0.000000, bitrate: 104 kb/s
I/FFMPEG  ( 3692):     Stream #0:0: Audio: vorbis, 44100 Hz, stereo, fltp, 256 kb/s
I/FFMPEG  ( 3692):     Metadata:
I/FFMPEG  ( 3692):       ANDROID_LOOP    : true
I/FFMPEG  ( 3692):       TITLE           : Oxygen
D/FFmpegExtractor( 3692): FFmpegExtrator, url: android-source:0xb45cb330, format_name: ogg, format_long_name: Ogg
I/FFmpegExtractor( 3692): adjust mime(application/ogg -> audio/vorbis)
D/FFmpegExtractor( 3692): suppoted codec(vorbis) by official Stagefright
D/FFmpegExtractor( 3692): ffmpeg detected media content as 'audio/vorbis' with confidence 0.08
I/ActivityManager( 4124): Start proc com.cyanogenmod.lockclock for broadcast com.cyanogenmod.lockclock/.ClockWidgetProvider: pid=5803 uid=10042 gids={50042, 9997, 3003} abi=armeabi-v7a
I/ActivityManager( 4124): Killing 5412:com.android.deskclock/u0a30 (adj 15): empty #17
D/WVMDrmPlugIn( 3691): WVMDrmPlugin::onInitialize : 7579
D/WVMDrmPlugIn( 3691): WVMDrmPlugin::onSetOnInfoListener : add 7579
D/WVMDrmPlugIn( 3691): WVMDrmPlugin::onTerminate : 7579
I/FFmpegExtractor( 3692): android-source:0xb45cb470
I/FFMPEG  ( 3692): Input #0, ogg, from 'android-source:0xb45cb470':
I/FFMPEG  ( 3692):   Duration: 00:00:06.71, start: 0.000000, bitrate: 134 kb/s
I/FFMPEG  ( 3692):     Stream #0:0: Audio: vorbis, 48000 Hz, mono, fltp, 128 kb/s
I/FFMPEG  ( 3692):     Metadata:
I/FFMPEG  ( 3692):       ANDROID_LOOP    : true
I/FFMPEG  ( 3692):       TITLE           : Platinum
D/FFmpegExtractor( 3692): FFmpegExtrator, url: android-source:0xb45cb470, format_name: ogg, format_long_name: Ogg
I/FFmpegExtractor( 3692): adjust mime(application/ogg -> audio/vorbis)
D/FFmpegExtractor( 3692): suppoted codec(vorbis) by official Stagefright
D/FFmpegExtractor( 3692): ffmpeg detected media content as 'audio/vorbis' with confidence 0.08
W/libprocessgroup( 4124): failed to open /acct/uid_10030/pid_5412/cgroup.procs: No such file or directory
D/WVMDrmPlugIn( 3691): WVMDrmPlugin::onInitialize : 6945
D/WVMDrmPlugIn( 3691): WVMDrmPlugin::onSetOnInfoListener : add 6945
D/WVMDrmPlugIn( 3691): WVMDrmPlugin::onTerminate : 6945
I/FFmpegExtractor( 3692): android-source:0xb45cb5b0
I/FFMPEG  ( 3692): Input #0, ogg, from 'android-source:0xb45cb5b0':
I/FFMPEG  ( 3692):   Duration: 00:00:03.94, start: 0.000000, bitrate: 97 kb/s
I/FFMPEG  ( 3692):     Stream #0:0: Audio: vorbis, 44100 Hz, stereo, fltp, 256 kb/s
I/FFMPEG  ( 3692):     Metadata:
I/FFMPEG  ( 3692):       ANDROID_LOOP    : true
I/FFMPEG  ( 3692):       TITLE           : Scandium
D/FFmpegExtractor( 3692): FFmpegExtrator, url: android-source:0xb45cb5b0, format_name: ogg, format_long_name: Ogg
I/FFmpegExtractor( 3692): adjust mime(application/ogg -> audio/vorbis)
D/FFmpegExtractor( 3692): suppoted codec(vorbis) by official Stagefright
D/FFmpegExtractor( 3692): ffmpeg detected media content as 'audio/vorbis' with confidence 0.08
I/PowerManagerService( 4124): Going to sleep due to power button (uid 1000)...
I/Sensors ( 4124): Acc old sensor_state 1, new sensor_state : 0 en : 0
D/WeatherUpdateService( 5803): Service started, but shouldn't update ... stopping
I/PowerManagerService( 4124): Sleeping (uid 1000)...
I/ActivityManager( 4124): Killing 5390:com.android.keychain/1000 (adj 15): empty #17
D/PermissionCache( 3688): checking android.permission.READ_FRAME_BUFFER for uid=1000 => granted (223 us)
D/WVMDrmPlugIn( 3691): WVMDrmPlugin::onInitialize : 7269
D/WVMDrmPlugIn( 3691): WVMDrmPlugin::onSetOnInfoListener : add 7269
D/WVMDrmPlugIn( 3691): WVMDrmPlugin::onTerminate : 7269
I/FFmpegExtractor( 3692): android-source:0xb45cb6f0
E/ELEVEN  ( 5274): calling refresh!
I/FFMPEG  ( 3692): Input #0, ogg, from 'android-source:0xb45cb6f0':
I/FFMPEG  ( 3692):   Duration: 00:00:00.60, start: 0.000000, bitrate: 138 kb/s
I/FFMPEG  ( 3692):     Stream #0:0: Audio: vorbis, 44100 Hz, stereo, fltp, 112 kb/s
I/FFMPEG  ( 3692):     Metadata:
I/FFMPEG  ( 3692):       TITLE           : Adara
D/FFmpegExtractor( 3692): FFmpegExtrator, url: android-source:0xb45cb6f0, format_name: ogg, format_long_name: Ogg
I/FFmpegExtractor( 3692): adjust mime(application/ogg -> audio/vorbis)
D/FFmpegExtractor( 3692): suppoted codec(vorbis) by official Stagefright
D/FFmpegExtractor( 3692): ffmpeg detected media content as 'audio/vorbis' with confidence 0.08
W/BluetoothAdapterState( 5368): Timeout will setting scan mode..Continuing with disable...
D/BluetoothAdapterState( 5368): CURRENT_STATE=PENDING, MESSAGE = BEGIN_DISABLE, isTurningOn=false, isTurningOff=true
E/bt-btif ( 5368): cmd socket is not created
D/btif_config_util( 5368): btif_config_save_file(L188): in file name:/data/misc/bluedroid/bt_config.new
D/bt_vendor( 5368): op for 7
W/bt-l2cap( 5368): L2CAP - L2CA_Deregister() called for PSM: 0x000f
W/bt-btif ( 5368): bta_dm_disable BTA_DISABLE_DELAY set to 200 ms
D/bt-btif ( 5368): AG evt (hdl 0x0001): State 0, Event 0x0501
D/bt-btif ( 5368): AV Sevent(0x41)=0x120a(API_CLOSE) state=0(INIT)
D/bt-btif ( 5368): btif_hf_upstreams_evta(API_CLOSE) state=0(INIT)
E/bt-btif ( 5368): btif_hf_upstreams_evt: Invalid index 513
W/bt-l2cap( 5368): L2CAP - L2CA_Deregister() called for PSM: 0x0019
W/bt-l2cap( 5368): L2CAP - L2CA_Deregister() called for PSM: 0x0017
W/bt-l2cap( 5368): L2CAP - L2CA_Deregister() called for PSM: 0x0019
W/bt-l2cap( 5368): L2CAP - PSM: 0x0019 not found for deregistration
W/bt-l2cap( 5368): L2CAP - L2CA_Deregister() called for PSM: 0x0017
W/bt-l2cap( 5368): L2CAP - PSM: 0x0017 not found for deregistration
W/bt-l2cap( 5368): L2CAP - L2CA_Deregister() called for PSM: 0x0011
W/bt-l2cap( 5368): L2CAP - L2CA_Deregister() called for PSM: 0x0013
E/bt-btif ( 5368): bta_gattc_deregister Deregister Failedm unknown client cif
D/bt_vendor( 5368): op for 7
D/bt_upio ( 5368): BT_WAKE is asserted already
D/bt_vendor( 5368): op for 7
D/bt_upio ( 5368): BT_WAKE is asserted already
D/bt_vendor( 5368): op for 7
D/bt_upio ( 5368): BT_WAKE is asserted already
D/bt_vendor( 5368): op for 7
D/bt_upio ( 5368): BT_WAKE is asserted already
D/bt_vendor( 5368): op for 7
D/bt_upio ( 5368): BT_WAKE is asserted already
D/bt_vendor( 5368): op for 7
D/bt_upio ( 5368): BT_WAKE is asserted already
D/bt_vendor( 5368): op for 7
D/bt_upio ( 5368): BT_WAKE is asserted already
D/bt_vendor( 5368): op for 7
D/bt_upio ( 5368): BT_WAKE is asserted already
D/bt_vendor( 5368): op for 7
D/bt_upio ( 5368): BT_WAKE is asserted already
D/bt_vendor( 5368): op for 7
D/bt_upio ( 5368): BT_WAKE is asserted already
D/bt_vendor( 5368): op for 7
D/bt_upio ( 5368): BT_WAKE is asserted already
W/libprocessgroup( 4124): failed to open /acct/uid_1000/pid_5390/cgroup.procs: No such file or directory
D/WVMDrmPlugIn( 3691): WVMDrmPlugin::onInitialize : 5648
D/WVMDrmPlugIn( 3691): WVMDrmPlugin::onSetOnInfoListener : add 5648
D/WVMDrmPlugIn( 3691): WVMDrmPlugin::onTerminate : 5648
I/FFmpegExtractor( 3692): android-source:0xb45cb790
I/FFMPEG  ( 3692): Input #0, ogg, from 'android-source:0xb45cb790':
I/FFMPEG  ( 3692):   Duration: 00:00:00.60, start: 0.000000, bitrate: 100 kb/s
I/FFMPEG  ( 3692):     Stream #0:0: Audio: vorbis, 44100 Hz, mono, fltp, 96 kb/s
I/FFMPEG  ( 3692):     Metadata:
I/FFMPEG  ( 3692):       ANDROID_LOOP    : false
I/FFMPEG  ( 3692):       track           : 2d105c
I/FFMPEG  ( 3692):       TITLE           : Aldebaran
I/FFMPEG  ( 3692):       ARTIST          : pdx
D/FFmpegExtractor( 3692): FFmpegExtrator, url: android-source:0xb45cb790, format_name: ogg, format_long_name: Ogg
I/FFmpegExtractor( 3692): adjust mime(application/ogg -> audio/vorbis)
D/FFmpegExtractor( 3692): suppoted codec(vorbis) by official Stagefright
D/FFmpegExtractor( 3692): ffmpeg detected media content as 'audio/vorbis' with confidence 0.08
I/ActivityManager( 4124): Start proc org.whispersystems.whisperpush for broadcast org.whispersystems.whisperpush/.service.DirectoryRefreshListener: pid=5831 uid=10056 gids={50056, 9997, 3003} abi=armeabi-v7a
I/art     ( 3704): Explicit concurrent mark sweep GC freed 706(30KB) AllocSpace objects, 0(0B) LOS objects, 39% free, 15MB/25MB, paused 232us total 11.537ms
D/bt_vendor( 5368): op for 6
D/bt_vendor( 5368): op for 7
D/bt_upio ( 5368): BT_WAKE is asserted already
W/bt-btif ( 5368): ag scb idx 1 not allocated
E/bt-btif ( 5368): BTA AG is already disabled, ignoring ...
W/bt-l2cap( 5368): L2CAP - L2CA_Deregister() called for PSM: 0x0019
W/bt-l2cap( 5368): L2CAP - PSM: 0x0019 not found for deregistration
D/bt_userial( 5368): RX termination
W/bt-l2cap( 5368): L2CAP - L2CA_Deregister() called for PSM: 0x0017
W/bt_userial( 5368): select_read return size <=0:-1, exiting userial_read_thread
W/bt-l2cap( 5368): L2CAP - PSM: 0x0017 not found for deregistration
D/bt_userial( 5368): Leaving userial_read_thread()
W/bt-l2cap( 5368): L2CAP - L2CA_Deregister() called for PSM: 0x0019
W/bt-l2cap( 5368): L2CAP - PSM: 0x0019 not found for deregistration
W/bt-l2cap( 5368): L2CAP - L2CA_Deregister() called for PSM: 0x0017
W/bt-l2cap( 5368): L2CAP - PSM: 0x0017 not found for deregistration
W/bt-l2cap( 5368): L2CAP - L2CA_Deregister() called for PSM: 0x0019
W/bt-l2cap( 5368): L2CAP - PSM: 0x0019 not found for deregistration
W/bt-l2cap( 5368): L2CAP - L2CA_Deregister() called for PSM: 0x0017
W/bt-l2cap( 5368): L2CAP - PSM: 0x0017 not found for deregistration
E/bt-btif ( 5368): bta_gattc_deregister Deregister Failedm unknown client cif
D/bt_userial( 5368): userial_close_reader Joined userial reader thread: 0
D/bt_vendor( 5368): op for 9
D/bt_hwcfg( 5368): hw_epilog_process
D/WVMDrmPlugIn( 3691): WVMDrmPlugin::onInitialize : 4340
D/WVMDrmPlugIn( 3691): WVMDrmPlugin::onSetOnInfoListener : add 4340
D/bt_vendor( 5368): op for 4
I/bt_userial_vendor( 5368): device fd = 56 close
D/bt_vendor( 5368): op for 0
D/bt_upio ( 5368): upio_set_bluetooth_power(on: 0)
D/bt_upio ( 5368): is_emulator_context : 0
D/bt_upio ( 5368): is_rfkill_disabled ? [0]
D/bt_vendor( 5368): cleanup
I/GKI_LINUX( 5368): gki_task task_id=0 [BTU] terminating
D/WVMDrmPlugIn( 3691): WVMDrmPlugin::onTerminate : 4340
I/GKI_LINUX( 5368): GKI_exit_task 0 done
I/GKI_LINUX( 5368): GKI_shutdown(): task [BTU] terminated
I/art     ( 3704): Explicit concurrent mark sweep GC freed 5(160B) AllocSpace objects, 0(0B) LOS objects, 39% free, 15MB/25MB, paused 214us total 11.178ms
D/BluetoothAdapterState( 5368): CURRENT_STATE=PENDING, MESSAGE = DISABLED, isTurningOn=false, isTurningOff=true
D/BluetoothAdapterService( 5368): mProfilesStarted : true supportedProfileServices.length : 8
I/FFmpegExtractor( 3692): android-source:0xb45cba60
D/HeadsetService( 5368): Received stop request...Stopping profile...
I/FFMPEG  ( 3692): Input #0, ogg, from 'android-source:0xb45cba60':
I/FFMPEG  ( 3692):   Duration: 00:00:00.73, start: 0.000000, bitrate: 76 kb/s
I/FFMPEG  ( 3692):     Stream #0:0: Audio: vorbis, 44100 Hz, mono, fltp, 80 kb/s
I/FFMPEG  ( 3692):     Metadata:
D/BluetoothAdapterService( 5368): getAdapterService() - returning com.android.bluetooth.btservice.AdapterService@340ea80b
I/FFMPEG  ( 3692):       ANDROID_LOOP    : false
I/FFMPEG  ( 3692):       track           : 2dB214b
I/FFMPEG  ( 3692):       TITLE           : Altair
I/FFMPEG  ( 3692):       ARTIST          : pdx
D/FFmpegExtractor( 3692): FFmpegExtrator, url: android-source:0xb45cba60, format_name: ogg, format_long_name: Ogg
I/FFmpegExtractor( 3692): adjust mime(application/ogg -> audio/vorbis)
D/FFmpegExtractor( 3692): suppoted codec(vorbis) by official Stagefright
D/FFmpegExtractor( 3692): ffmpeg detected media content as 'audio/vorbis' with confidence 0.08
D/HeadsetStateMachine( 5368): Exit Disconnected: -1
D/BluetoothHeadset( 4988): Proxy object disconnected
I/art     ( 3704): Explicit concurrent mark sweep GC freed 5(160B) AllocSpace objects, 0(0B) LOS objects, 39% free, 15MB/25MB, paused 210us total 11.328ms
D/A2dpService( 5368): Received stop request...Stopping profile...
D/A2dpStateMachine( 5368): Exit Disconnected: -1
D/BluetoothHeadset( 5077): Proxy object disconnected
D/BluetoothHeadset( 5077): Proxy object disconnected
D/BluetoothHeadset( 4124): Proxy object disconnected
D/AudioService( 4124): onServiceDisconnected: Bluetooth profile: 1
D/BluetoothAdapterService( 5368): getAdapterService() - returning com.android.bluetooth.btservice.AdapterService@340ea80b
I/WifiNative-HAL( 4124): startHal
E/wifi    ( 4124): getStaticLongField sWifiHalHandle 0x9c6ef87c
D/wifi    ( 4124): halHandle = 0x0, mVM = 0xb505c280, mCls = 0x200fae
I/WifiNative-HAL( 4124): Could not start hal
D/BluetoothAdapterState( 5368): Stopping profile services that were post enabled
D/HidService( 5368): Received stop request...Stopping profile...
D/BluetoothAdapterService( 5368): getAdapterService() - returning com.android.bluetooth.btservice.AdapterService@340ea80b
D/BluetoothA2dp( 4124): Proxy object disconnected
D/AudioService( 4124): onServiceDisconnected: Bluetooth profile: 2
D/HealthService( 5368): Received stop request...Stopping profile...
D/BluetoothAdapterService( 5368): getAdapterService() - returning com.android.bluetooth.btservice.AdapterService@340ea80b
D/BluetoothInputDevice( 5101): Proxy object disconnected
D/HidProfile( 5101): Bluetooth service disconnected
W/BluetoothHeadsetServiceJni( 5368): Cleaning up Bluetooth Handsfree Interface...
W/BluetoothHeadsetServiceJni( 5368): Cleaning up Bluetooth Handsfree callback object
D/PanService( 5368): Received stop request...Stopping profile...
D/BluetoothAdapterService( 5368): getAdapterService() - returning com.android.bluetooth.btservice.AdapterService@340ea80b
D/BluetoothPan( 5101): BluetoothPAN Proxy object disconnected
D/PanProfile( 5101): Bluetooth service disconnected
D/BtGatt.DebugUtils( 5368): handleDebugAction() action=null
D/BtGatt.GattService( 5368): Received stop request...Stopping profile...
D/BtGatt.GattService( 5368): stop()
D/BtGatt.AdvertiseManager( 5368): advertise clients cleared
D/BluetoothAdapterService( 5368): getAdapterService() - returning com.android.bluetooth.btservice.AdapterService@340ea80b
I/GKI_LINUX( 5368): gki_task task_id=2 [A2DP-MEDIA] terminating
I/GKI_LINUX( 5368): GKI_exit_task 2 done
I/GKI_LINUX( 5368): GKI_shutdown(): task [A2DP-MEDIA] terminated
D/BluetoothMapService( 5368): Received stop request...Stopping profile...
D/BluetoothMapService( 5368): stop()
D/BluetoothMapService( 5368): MAP Service closeService in
D/BluetoothMapService( 5368): MAP Service closeService in
D/BluetoothMapService( 5368): Unregistering Email account observer
D/BluetoothAdapterService( 5368): getAdapterService() - returning com.android.bluetooth.btservice.AdapterService@340ea80b
W/BluetoothHidServiceJni( 5368): Cleaning up Bluetooth HID Interface...
W/BluetoothHidServiceJni( 5368): Cleaning up Bluetooth GID callback object
W/BluetoothHealthServiceJni( 5368): Cleaning up Bluetooth Health Interface...
D/BluetoothMap( 5101): Proxy object disconnected
D/MapProfile( 5101): Bluetooth service disconnected
W/BluetoothHealthServiceJni( 5368): Cleaning up Bluetooth Health object
W/BluetoothPanServiceJni( 5368): Cleaning up Bluetooth PAN Interface...
W/BluetoothPanServiceJni( 5368): Cleaning up Bluetooth PAN callback object
D/BtGatt.GattService( 5368): cleanup()
W/bt-btif ( 5368): GATTC Module not enabled/already disabled
W/bt-btif ( 5368): GATTS Module not enabled/already disabled
D/BtGatt.AdvertiseManager( 5368): advertise clients cleared
D/BluetoothMapService( 5368): cleanup()
D/BluetoothMapService( 5368): MAP Service closeService in
D/BluetoothMapService( 5368): MAP Service closeService in
D/BluetoothAdapterState( 5368): CURRENT_STATE=PENDING, MESSAGE = STOPPED, isTurningOn=false, isTurningOff=true
D/BluetoothAdapterProperties( 5368): Setting state to 10
I/BluetoothAdapterState( 5368): Bluetooth adapter state changed: 13-> 10
I/BluetoothAdapterState( 5368): Entering OffState
I/WifiNative-HAL( 4124): startHal
E/wifi    ( 4124): getStaticLongField sWifiHalHandle 0x9c6ef87c
D/wifi    ( 4124): halHandle = 0x0, mVM = 0xb505c280, mCls = 0x200f42
I/WifiNative-HAL( 4124): Could not start hal
D/WVMDrmPlugIn( 3691): WVMDrmPlugin::onInitialize : 5458
D/WVMDrmPlugIn( 3691): WVMDrmPlugin::onSetOnInfoListener : add 5458
D/WVMDrmPlugIn( 3691): WVMDrmPlugin::onTerminate : 5458
I/FFmpegExtractor( 3692): android-source:0xb6055c90
I/FFMPEG  ( 3692): Input #0, ogg, from 'android-source:0xb6055c90':
I/FFMPEG  ( 3692):   Duration: 00:00:01.00, start: 0.000000, bitrate: 71 kb/s
I/FFMPEG  ( 3692):     Stream #0:0: Audio: vorbis, 44100 Hz, mono, fltp, 70 kb/s
I/FFMPEG  ( 3692):     Metadata:
I/FFMPEG  ( 3692):       ANDROID_LOOP    : false
I/FFMPEG  ( 3692):       TITLE           : Alya
D/FFmpegExtractor( 3692): FFmpegExtrator, url: android-source:0xb6055c90, format_name: ogg, format_long_name: Ogg
I/FFmpegExtractor( 3692): adjust mime(application/ogg -> audio/vorbis)
D/FFmpegExtractor( 3692): suppoted codec(vorbis) by official Stagefright
D/FFmpegExtractor( 3692): ffmpeg detected media content as 'audio/vorbis' with confidence 0.08
I/ActivityManager( 4124): Killing 5449:com.android.dialer/u0a8 (adj 15): empty #17
D/WVMDrmPlugIn( 3691): WVMDrmPlugin::onInitialize : 4409
D/WVMDrmPlugIn( 3691): WVMDrmPlugin::onSetOnInfoListener : add 4409
D/WVMDrmPlugIn( 3691): WVMDrmPlugin::onTerminate : 4409
I/FFmpegExtractor( 3692): android-source:0xb40a1150
I/FFMPEG  ( 3692): Input #0, ogg, from 'android-source:0xb40a1150':
I/FFMPEG  ( 3692):   Duration: 00:00:00.91, start: 0.000000, bitrate: 91 kb/s
I/FFMPEG  ( 3692):     Stream #0:0: Audio: vorbis, 44100 Hz, mono, fltp, 96 kb/s
I/FFMPEG  ( 3692):     Metadata:
I/FFMPEG  ( 3692):       ANDROID_LOOP    : false
I/FFMPEG  ( 3692):       track           : 2d331b
I/FFMPEG  ( 3692):       TITLE           : Antares
I/FFMPEG  ( 3692):       ARTIST          : pdx
D/FFmpegExtractor( 3692): FFmpegExtrator, url: android-source:0xb40a1150, format_name: ogg, format_long_name: Ogg
I/FFmpegExtractor( 3692): adjust mime(application/ogg -> audio/vorbis)
D/FFmpegExtractor( 3692): suppoted codec(vorbis) by official Stagefright
D/FFmpegExtractor( 3692): ffmpeg detected media content as 'audio/vorbis' with confidence 0.08
D/WVMDrmPlugIn( 3691): WVMDrmPlugin::onInitialize : 4314
D/WVMDrmPlugIn( 3691): WVMDrmPlugin::onSetOnInfoListener : add 4314
D/WVMDrmPlugIn( 3691): WVMDrmPlugin::onTerminate : 4314
I/FFmpegExtractor( 3692): android-source:0xb420d470
I/FFMPEG  ( 3692): Input #0, ogg, from 'android-source:0xb420d470':
I/FFMPEG  ( 3692):   Duration: 00:00:01.69, start: 0.000000, bitrate: 131 kb/s
I/FFMPEG  ( 3692):     Stream #0:0: Audio: vorbis, 44100 Hz, stereo, fltp, 160 kb/s
I/FFMPEG  ( 3692):     Metadata:
I/FFMPEG  ( 3692):       ANDROID_LOOP    : false
I/FFMPEG  ( 3692):       TITLE           : Antimony
D/FFmpegExtractor( 3692): FFmpegExtrator, url: android-source:0xb420d470, format_name: ogg, format_long_name: Ogg
I/FFmpegExtractor( 3692): adjust mime(application/ogg -> audio/vorbis)
D/FFmpegExtractor( 3692): suppoted codec(vorbis) by official Stagefright
D/FFmpegExtractor( 3692): ffmpeg detected media content as 'audio/vorbis' with confidence 0.08
W/art     ( 4124): Long monitor contention event with owner method=void com.android.server.am.BroadcastQueue.processNextBroadcast(boolean) from BroadcastQueue.java:553 waiters=2 for 102ms
W/libprocessgroup( 4124): failed to open /acct/uid_10008/pid_5449/cgroup.procs: No such file or directory
E/PhoneInterfaceManager( 4988): [PhoneIntfMgr] getIccId: No UICC
W/ActivityManager( 4124): Unable to start service Intent { act=com.google.android.c2dm.intent.REGISTER pkg=com.google.android.gms (has extras) } U=0: not found
D/WVMDrmPlugIn( 3691): WVMDrmPlugin::onInitialize : 6604
D/WVMDrmPlugIn( 3691): WVMDrmPlugin::onSetOnInfoListener : add 6604
D/WVMDrmPlugIn( 3691): WVMDrmPlugin::onTerminate : 6604
I/FFmpegExtractor( 3692): android-source:0xb45cbbf0
I/FFMPEG  ( 3692): Input #0, ogg, from 'android-source:0xb45cbbf0':
I/FFMPEG  ( 3692):   Duration: 00:00:01.00, start: 0.000000, bitrate: 63 kb/s
I/FFMPEG  ( 3692):     Stream #0:0: Audio: vorbis, 44100 Hz, mono, fltp, 80 kb/s
I/FFMPEG  ( 3692):     Metadata:
I/FFMPEG  ( 3692):       ARTIST          : Unknown
I/FFMPEG  ( 3692):       GENRE           : Unknown
I/FFMPEG  ( 3692):       ANDROID_LOOP    : false
I/FFMPEG  ( 3692):       TITLE           : Arcturus
D/FFmpegExtractor( 3692): FFmpegExtrator, url: android-source:0xb45cbbf0, format_name: ogg, format_long_name: Ogg
I/FFmpegExtractor( 3692): adjust mime(application/ogg -> audio/vorbis)
D/FFmpegExtractor( 3692): suppoted codec(vorbis) by official Stagefright
D/FFmpegExtractor( 3692): ffmpeg detected media content as 'audio/vorbis' with confidence 0.08
I/ActivityManager( 4124): Start proc com.android.cellbroadcastreceiver for broadcast com.android.cellbroadcastreceiver/.CellBroadcastReceiver: pid=5857 uid=10005 gids={50005, 9997} abi=armeabi-v7a
D/WVMDrmPlugIn( 3691): WVMDrmPlugin::onInitialize : 5755
D/WVMDrmPlugIn( 3691): WVMDrmPlugin::onSetOnInfoListener : add 5755
D/BluetoothManagerService( 4124): unbindAndFinish(): android.bluetooth.IBluetooth$Stub$Proxy@435e421 mBinding = false
D/BluetoothManagerService( 4124): Sending unbind request.
D/BluetoothManagerService( 4124): Message: 20
D/BluetoothManagerService( 4124): Added callback: android.bluetooth.IBluetoothManagerCallback$Stub$Proxy@18148207:true
D/BluetoothManagerService( 4124): Message: 30
D/WVMDrmPlugIn( 3691): WVMDrmPlugin::onTerminate : 5755
I/GKI_LINUX( 5368): gki_task task_id=1 [BTIF] terminating
I/FFmpegExtractor( 3692): android-source:0xb45cbd80
I/GKI_LINUX( 5368): GKI_exit_task 1 done
I/GKI_LINUX( 5368): GKI_shutdown(): task [BTIF] terminated
I/BluetoothServiceJni( 5368): cleanupNative: return from cleanup
I/FFMPEG  ( 3692): Input #0, ogg, from 'android-source:0xb45cbd80':
I/FFMPEG  ( 3692):   Duration: 00:00:01.20, start: 0.000000, bitrate: 105 kb/s
I/FFMPEG  ( 3692):     Stream #0:0: Audio: vorbis, 44100 Hz, stereo, fltp, 112 kb/s
D/FFmpegExtractor( 3692): FFmpegExtrator, url: android-source:0xb45cbd80, format_name: ogg, format_long_name: Ogg
I/FFmpegExtractor( 3692): adjust mime(application/ogg -> audio/vorbis)
D/FFmpegExtractor( 3692): suppoted codec(vorbis) by official Stagefright
D/FFmpegExtractor( 3692): ffmpeg detected media content as 'audio/vorbis' with confidence 0.08
I/art     ( 5368): System.exit called, status: 0
I/AndroidRuntime( 5368): VM exiting with result code 0, cleanup skipped.
W/Resources( 5857): Converting to string: TypedValue{t=0x10/d=0x4 a=-1}
W/Resources( 5857): Converting to string: TypedValue{t=0x10/d=0x0 a=-1}
D/CellBroadcastReceiver( 5857): onReceive Intent { act=android.intent.action.SERVICE_STATE flg=0x10 cmp=com.android.cellbroadcastreceiver/.CellBroadcastReceiver (has extras) }
D/CellBroadcastReceiver( 5857): Intent ACTION_SERVICE_STATE_CHANGED
D/CellBroadcastReceiver( 5857): Service state changed! 1 Full: 1 1 home null null null  Unknown Unknown CSS not supported -1 -1 RoamInd=-1 DefRoamInd=-1 EmergOnly=false Current state=-1
I/ActivityManager( 4124): Process com.android.bluetooth (pid 5368) has died
I/ActivityManager( 4124): Killing 4850:android.process.acore/u0a6 (adj 15): empty #17
I/DisplayManagerService( 4124): Display device changed: DisplayDeviceInfo{"Built-in Screen": 1080 x 1920, 60.000004 fps, supportedRefreshRates [60.000004], density 480, 422.03 x 424.069 dpi, appVsyncOff 0, presDeadline 17666666, touch INTERNAL, rotation 0, type BUILT_IN, state OFF, FLAG_DEFAULT_DISPLAY, FLAG_ROTATES_WITH_CONTENT, FLAG_SECURE, FLAG_SUPPORTS_PROTECTED_BUFFERS}
D/SurfaceFlinger( 3688): Set power mode=0, type=0 flinger=0xb6a62000
V/ActivityManager( 4124): Display changed displayId=0
D/WVMDrmPlugIn( 3691): WVMDrmPlugin::onInitialize : 5625
D/WVMDrmPlugIn( 3691): WVMDrmPlugin::onSetOnInfoListener : add 5625
D/WVMDrmPlugIn( 3691): WVMDrmPlugin::onTerminate : 5625
I/FFmpegExtractor( 3692): android-source:0xb420d470
I/FFMPEG  ( 3692): Input #0, ogg, from 'android-source:0xb420d470':
I/FFMPEG  ( 3692):   Duration: 00:00:00.60, start: 0.000000, bitrate: 138 kb/s
