D/SEC PowerHAL( 4703): sysfs_write +: /sys/devices/system/cpu/cpu4/cpufreq/interactive/timer_rate: 20000
D/SEC PowerHAL( 4703): sysfs_write -: /sys/devices/system/cpu/cpu4/cpufreq/interactive/timer_rate: 20000
D/SEC PowerHAL( 4703): sysfs_write +: /sys/devices/system/cpu/cpu4/cpufreq/interactive/timer_slack: 20000
D/SEC PowerHAL( 4703): sysfs_write -: /sys/devices/system/cpu/cpu4/cpufreq/interactive/timer_slack: 20000
D/SEC PowerHAL( 4703): sysfs_write +: /sys/devices/system/cpu/cpu4/cpufreq/interactive/min_sample_time: 40000
D/SEC PowerHAL( 4703): sysfs_write -: /sys/devices/system/cpu/cpu4/cpufreq/interactive/min_sample_time: 40000
D/SEC PowerHAL( 4703): sysfs_write +: /sys/devices/system/cpu/cpu4/cpufreq/interactive/hispeed_freq: 1000000
D/SEC PowerHAL( 4703): sysfs_write -: /sys/devices/system/cpu/cpu4/cpufreq/interactive/hispeed_freq: 1000000
D/SEC PowerHAL( 4703): sysfs_write +: /sys/devices/system/cpu/cpu4/cpufreq/interactive/go_hispeed_load: 99
D/SEC PowerHAL( 4703): sysfs_write -: /sys/devices/system/cpu/cpu4/cpufreq/interactive/go_hispeed_load: 99
D/SEC PowerHAL( 4703): sysfs_write +: /sys/devices/system/cpu/cpu4/cpufreq/interactive/target_loads: 75 1500000:80 1700000:85 1800000:90
D/SEC PowerHAL( 4703): sysfs_write -: /sys/devices/system/cpu/cpu4/cpufreq/interactive/target_loads: 75 1500000:80 1700000:85 1800000:90
D/SEC PowerHAL( 4703): sysfs_write +: /sys/devices/system/cpu/cpu4/cpufreq/interactive/above_hispeed_delay: 19000 1100000:99000 1200000:119000 1700000:19000
D/SEC PowerHAL( 4703): sysfs_write -: /sys/devices/system/cpu/cpu4/cpufreq/interactive/above_hispeed_delay: 19000 1100000:99000 1200000:119000 1700000:19000
D/SEC PowerHAL( 4703): sysfs_write +: /sys/devices/system/cpu/cpu4/cpufreq/interactive/boostpulse_duration: 40000
D/SEC PowerHAL( 4703): sysfs_write -: /sys/devices/system/cpu/cpu4/cpufreq/interactive/boostpulse_duration: 40000
D/SEC PowerHAL( 4703): sysfs_write +: /sys/devices/system/cpu/cpu4/cpufreq/interactive/param_index: 1
D/SEC PowerHAL( 4703): sysfs_write -: /sys/devices/system/cpu/cpu4/cpufreq/interactive/param_index: 1
D/SEC PowerHAL( 4703): sysfs_write +: /sys/devices/system/cpu/cpu4/cpufreq/interactive/timer_rate: 20000
D/SEC PowerHAL( 4703): sysfs_write -: /sys/devices/system/cpu/cpu4/cpufreq/interactive/timer_rate: 20000
D/SEC PowerHAL( 4703): sysfs_write +: /sys/devices/system/cpu/cpu4/cpufreq/interactive/min_sample_time: 59000
D/SEC PowerHAL( 4703): sysfs_write -: /sys/devices/system/cpu/cpu4/cpufreq/interactive/min_sample_time: 59000
D/SEC PowerHAL( 4703): sysfs_write +: /sys/devices/system/cpu/cpu4/cpufreq/interactive/hispeed_freq: 1200000
D/SEC PowerHAL( 4703): sysfs_write -: /sys/devices/system/cpu/cpu4/cpufreq/interactive/hispeed_freq: 1200000
D/SEC PowerHAL( 4703): sysfs_write +: /sys/devices/system/cpu/cpu4/cpufreq/interactive/go_hispeed_load: 95
D/SEC PowerHAL( 4703): sysfs_write -: /sys/devices/system/cpu/cpu4/cpufreq/interactive/go_hispeed_load: 95
D/SEC PowerHAL( 4703): sysfs_write +: /sys/devices/system/cpu/cpu4/cpufreq/interactive/target_loads: 65 1400000:68 1700000:73
D/SEC PowerHAL( 4703): sysfs_write -: /sys/devices/system/cpu/cpu4/cpufreq/interactive/target_loads: 65 1400000:68 1700000:73
D/SEC PowerHAL( 4703): sysfs_write +: /sys/devices/system/cpu/cpu4/cpufreq/interactive/above_hispeed_delay: 19000
D/SEC PowerHAL( 4703): sysfs_write -: /sys/devices/system/cpu/cpu4/cpufreq/interactive/above_hispeed_delay: 19000
D/SEC PowerHAL( 4703): sysfs_write +: /sys/devices/system/cpu/cpu4/cpufreq/interactive/param_index: 2
D/SEC PowerHAL( 4703): sysfs_write -: /sys/devices/system/cpu/cpu4/cpufreq/interactive/param_index: 2
D/SEC PowerHAL( 4703): sysfs_write +: /sys/devices/system/cpu/cpu4/cpufreq/interactive/timer_rate: 20000
D/SEC PowerHAL( 4703): sysfs_write -: /sys/devices/system/cpu/cpu4/cpufreq/interactive/timer_rate: 20000
D/SEC PowerHAL( 4703): sysfs_write +: /sys/devices/system/cpu/cpu4/cpufreq/interactive/min_sample_time: 79000
D/SEC PowerHAL( 4703): sysfs_write -: /sys/devices/system/cpu/cpu4/cpufreq/interactive/min_sample_time: 79000
D/SEC PowerHAL( 4703): sysfs_write +: /sys/devices/system/cpu/cpu4/cpufreq/interactive/hispeed_freq: 1400000
D/SEC PowerHAL( 4703): sysfs_write -: /sys/devices/system/cpu/cpu4/cpufreq/interactive/hispeed_freq: 1400000
D/SEC PowerHAL( 4703): sysfs_write +: /sys/devices/system/cpu/cpu4/cpufreq/interactive/go_hispeed_load: 90
D/SEC PowerHAL( 4703): sysfs_write -: /sys/devices/system/cpu/cpu4/cpufreq/interactive/go_hispeed_load: 90
D/SEC PowerHAL( 4703): sysfs_write +: /sys/devices/system/cpu/cpu4/cpufreq/interactive/target_loads: 60 1300000:63 1500000:65 1700000:70
D/SEC PowerHAL( 4703): sysfs_write -: /sys/devices/system/cpu/cpu4/cpufreq/interactive/target_loads: 60 1300000:63 1500000:65 1700000:70
D/SEC PowerHAL( 4703): sysfs_write +: /sys/devices/system/cpu/cpu4/cpufreq/interactive/above_hispeed_delay: 19000
D/SEC PowerHAL( 4703): sysfs_write -: /sys/devices/system/cpu/cpu4/cpufreq/interactive/above_hispeed_delay: 19000
D/SEC PowerHAL( 4703): sysfs_write +: /sys/devices/system/cpu/cpu4/cpufreq/interactive/param_index: 3
D/SEC PowerHAL( 4703): sysfs_write -: /sys/devices/system/cpu/cpu4/cpufreq/interactive/param_index: 3
D/SEC PowerHAL( 4703): sysfs_write +: /sys/devices/system/cpu/cpu4/cpufreq/interactive/timer_rate: 20000
D/SEC PowerHAL( 4703): sysfs_write -: /sys/devices/system/cpu/cpu4/cpufreq/interactive/timer_rate: 20000
D/SEC PowerHAL( 4703): sysfs_write +: /sys/devices/system/cpu/cpu4/cpufreq/interactive/min_sample_time: 99000
D/SEC PowerHAL( 4703): sysfs_write -: /sys/devices/system/cpu/cpu4/cpufreq/interactive/min_sample_time: 99000
D/SEC PowerHAL( 4703): sysfs_write +: /sys/devices/system/cpu/cpu4/cpufreq/interactive/hispeed_freq: 1600000
D/SEC PowerHAL( 4703): sysfs_write -: /sys/devices/system/cpu/cpu4/cpufreq/interactive/hispeed_freq: 1600000
D/SEC PowerHAL( 4703): sysfs_write +: /sys/devices/system/cpu/cpu4/cpufreq/interactive/go_hispeed_load: 85
D/SEC PowerHAL( 4703): sysfs_write -: /sys/devices/system/cpu/cpu4/cpufreq/interactive/go_hispeed_load: 85
D/SEC PowerHAL( 4703): sysfs_write +: /sys/devices/system/cpu/cpu4/cpufreq/interactive/target_loads: 60 1300000:63 1500000:65 1900000:70
D/SEC PowerHAL( 4703): sysfs_write -: /sys/devices/system/cpu/cpu4/cpufreq/interactive/target_loads: 60 1300000:63 1500000:65 1900000:70
D/SEC PowerHAL( 4703): sysfs_write +: /sys/devices/system/cpu/cpu4/cpufreq/interactive/above_hispeed_delay: 19000
D/SEC PowerHAL( 4703): sysfs_write -: /sys/devices/system/cpu/cpu4/cpufreq/interactive/above_hispeed_delay: 19000
D/SEC PowerHAL( 4703): sysfs_write +: /sys/devices/system/cpu/cpu4/cpufreq/interactive/param_index: 0
D/SEC PowerHAL( 4703): sysfs_write -: /sys/devices/system/cpu/cpu4/cpufreq/interactive/param_index: 0
W/libsuspend( 4703): Error writing 'on' to /sys/power/state: Invalid argument
I/libsuspend( 4703): Selected wakeup count
I/SystemServiceManager( 4703): Starting com.android.server.display.DisplayManagerService
I/SystemServiceManager( 4703): Starting phase 100
V/NatController( 4542): runCmd(/system/bin/iptables -F natctrl_FORWARD) res=0
I/DisplayManagerService( 4703): Display device added: DisplayDeviceInfo{"Pantalla integrada": 1080 x 1920, 60.000004 fps, supportedRefreshRates [60.000004], density 480, 422.03 x 424.069 dpi, appVsyncOff 0, presDeadline 17666666, touch INTERNAL, rotation 0, type BUILT_IN, state UNKNOWN, FLAG_DEFAULT_DISPLAY, FLAG_ROTATES_WITH_CONTENT, FLAG_SECURE, FLAG_SUPPORTS_PROTECTED_BUFFERS}
I/SystemServer( 4703): Package Manager
V/NatController( 4542): runCmd(/system/bin/iptables -A natctrl_FORWARD -j DROP) res=0
W/SELinuxMMAC( 4703): Error opening /data/system/seapp_hash. Assuming first boot.
W/PackageManager( 4703): No security bridge jar found, using default
V/NatController( 4542): runCmd(/system/bin/iptables -t nat -F natctrl_nat_POSTROUTING) res=0
W/SystemConfig( 4703): No directory /system/etc/sysconfig, skipping
V/NatController( 4542): runCmd(/system/bin/iptables -t nat -F natctrl_nat_PREROUTING) res=0
V/NatController( 4542): runCmd(/system/bin/iptables -F natctrl_tether_counters) res=0
V/NatController( 4542): runCmd(/system/bin/iptables -X natctrl_tether_counters) res=0
V/NatController( 4542): runCmd(/system/bin/iptables -N natctrl_tether_counters) res=0
V/NatController( 4542): runCmd(/system/bin/iptables -t mangle -A natctrl_mangle_FORWARD -p tcp --tcp-flags SYN SYN -j TCPMSS --clamp-mss-to-pmtu) res=0
D/SELinuxMMAC( 4703): Using policy file /system/etc/security/mac_permissions.xml
W/auditd  ( 3693): type=1325 audit(0.0:602): table=filter family=10 entries=47
W/ip6tables( 4782): type=1300 audit(0.0:602): arch=40000028 syscall=294 per=800000 success=yes exit=0 a0=5 a1=29 a2=40 a3=b6c24000 items=0 ppid=4542 auid=4294967295 uid=0 gid=0 euid=0 suid=0 fsuid=0 egid=0 sgid=0 fsgid=0 ses=4294967295 tty=(none) exe="/system/bin/ip6tables" key=(null)
W/auditd  ( 3693): type=1320 audit(0.0:602): 
W/auditd  ( 3693): type=1325 audit(0.0:603): table=filter family=2 entries=50
W/iptables( 4783): type=1300 audit(0.0:603): arch=40000028 syscall=294 per=800000 success=yes exit=0 a0=5 a1=0 a2=40 a3=b6c22000 items=0 ppid=4542 auid=4294967295 uid=0 gid=0 euid=0 suid=0 fsuid=0 egid=0 sgid=0 fsgid=0 ses=4294967295 tty=(none) exe="/system/bin/iptables" key=(null)
W/auditd  ( 3693): type=1320 audit(0.0:603): 
E/art     ( 4703): DexFile_isDexOptNeeded file '/system/framework/com.android.nfc_extras.jar' does not exist
W/PackageManager( 4703): Library not found: /system/framework/com.android.nfc_extras.jar
W/auditd  ( 3693): type=1325 audit(0.0:604): table=filter family=10 entries=47
W/ip6tables( 4784): type=1300 audit(0.0:604): arch=40000028 syscall=294 per=800000 success=yes exit=0 a0=5 a1=29 a2=40 a3=b6c24000 items=0 ppid=4542 auid=4294967295 uid=0 gid=0 euid=0 suid=0 fsuid=0 egid=0 sgid=0 fsgid=0 ses=4294967295 tty=(none) exe="/system/bin/ip6tables" key=(null)
W/auditd  ( 3693): type=1320 audit(0.0:604): 
W/auditd  ( 3693): type=1325 audit(0.0:605): table=filter family=2 entries=50
W/iptables( 4785): type=1300 audit(0.0:605): arch=40000028 syscall=294 per=800000 success=yes exit=0 a0=5 a1=0 a2=40 a3=b6c22000 items=0 ppid=4542 auid=4294967295 uid=0 gid=0 euid=0 suid=0 fsuid=0 egid=0 sgid=0 fsgid=0 ses=4294967295 tty=(none) exe="/system/bin/iptables" key=(null)
W/auditd  ( 3693): type=1320 audit(0.0:605): 
E/SQLiteLog( 4703): (14) cannot open file at line 30046 of [9491ba7d73]
E/SQLiteLog( 4703): (14) os_unix.c:30046: (2) open(/data/data/com.android.providers.settings/databases/settings.db) - 
W/auditd  ( 3693): type=1325 audit(0.0:606): table=filter family=10 entries=47
W/ip6tables( 4786): type=1300 audit(0.0:606): arch=40000028 syscall=294 per=800000 success=yes exit=0 a0=5 a1=29 a2=40 a3=b6c24000 items=0 ppid=4542 auid=4294967295 uid=0 gid=0 euid=0 suid=0 fsuid=0 egid=0 sgid=0 fsgid=0 ses=4294967295 tty=(none) exe="/system/bin/ip6tables" key=(null)
W/auditd  ( 3693): type=1320 audit(0.0:606): 
E/SQLiteDatabase( 4703): Failed to open database '/data/data/com.android.providers.settings/databases/settings.db'.
E/SQLiteDatabase( 4703): android.database.sqlite.SQLiteCantOpenDatabaseException: unknown error (code 14): Could not open database
E/SQLiteDatabase( 4703): 	at android.database.sqlite.SQLiteConnection.nativeOpen(Native Method)
E/SQLiteDatabase( 4703): 	at android.database.sqlite.SQLiteConnection.open(SQLiteConnection.java:209)
E/SQLiteDatabase( 4703): 	at android.database.sqlite.SQLiteConnection.open(SQLiteConnection.java:193)
E/SQLiteDatabase( 4703): 	at android.database.sqlite.SQLiteConnectionPool.openConnectionLocked(SQLiteConnectionPool.java:463)
E/SQLiteDatabase( 4703): 	at android.database.sqlite.SQLiteConnectionPool.open(SQLiteConnectionPool.java:185)
E/SQLiteDatabase( 4703): 	at android.database.sqlite.SQLiteConnectionPool.open(SQLiteConnectionPool.java:177)
E/SQLiteDatabase( 4703): 	at android.database.sqlite.SQLiteDatabase.openInner(SQLiteDatabase.java:806)
E/SQLiteDatabase( 4703): 	at android.database.sqlite.SQLiteDatabase.open(SQLiteDatabase.java:791)
E/SQLiteDatabase( 4703): 	at android.database.sqlite.SQLiteDatabase.openDatabase(SQLiteDatabase.java:694)
E/SQLiteDatabase( 4703): 	at android.database.sqlite.SQLiteDatabase.openDatabase(SQLiteDatabase.java:669)
E/SQLiteDatabase( 4703): 	at android.content.pm.ThemeUtils.getBootThemeDirty(ThemeUtils.java:697)
E/SQLiteDatabase( 4703): 	at com.android.server.pm.PackageManagerService.<init>(PackageManagerService.java:1654)
E/SQLiteDatabase( 4703): 	at com.android.server.pm.PackageManagerService.main(PackageManagerService.java:1352)
E/SQLiteDatabase( 4703): 	at com.android.server.SystemServer.startBootstrapServices(SystemServer.java:376)
E/SQLiteDatabase( 4703): 	at com.android.server.SystemServer.run(SystemServer.java:282)
E/SQLiteDatabase( 4703): 	at com.android.server.SystemServer.main(SystemServer.java:185)
E/SQLiteDatabase( 4703): 	at java.lang.reflect.Method.invoke(Native Method)
E/SQLiteDatabase( 4703): 	at java.lang.reflect.Method.invoke(Method.java:372)
E/SQLiteDatabase( 4703): 	at com.android.internal.os.ZygoteInit$MethodAndArgsCaller.run(ZygoteInit.java:898)
E/SQLiteDatabase( 4703): 	at com.android.internal.os.ZygoteInit.main(ZygoteInit.java:693)
W/ThemeUtils( 4703): Unable to open /data/data/com.android.providers.settings/databases/settings.db
W/ThemeUtils( 4703): android.database.sqlite.SQLiteCantOpenDatabaseException: unknown error (code 14): Could not open database
W/ThemeUtils( 4703): 	at android.database.sqlite.SQLiteConnection.nativeOpen(Native Method)
W/ThemeUtils( 4703): 	at android.database.sqlite.SQLiteConnection.open(SQLiteConnection.java:209)
W/ThemeUtils( 4703): 	at android.database.sqlite.SQLiteConnection.open(SQLiteConnection.java:193)
W/ThemeUtils( 4703): 	at android.database.sqlite.SQLiteConnectionPool.openConnectionLocked(SQLiteConnectionPool.java:463)
W/ThemeUtils( 4703): 	at android.database.sqlite.SQLiteConnectionPool.open(SQLiteConnectionPool.java:185)
W/ThemeUtils( 4703): 	at android.database.sqlite.SQLiteConnectionPool.open(SQLiteConnectionPool.java:177)
W/ThemeUtils( 4703): 	at android.database.sqlite.SQLiteDatabase.openInner(SQLiteDatabase.java:806)
W/ThemeUtils( 4703): 	at android.database.sqlite.SQLiteDatabase.open(SQLiteDatabase.java:791)
W/ThemeUtils( 4703): 	at android.database.sqlite.SQLiteDatabase.openDatabase(SQLiteDatabase.java:694)
W/ThemeUtils( 4703): 	at android.database.sqlite.SQLiteDatabase.openDatabase(SQLiteDatabase.java:669)
W/ThemeUtils( 4703): 	at android.content.pm.ThemeUtils.getBootThemeDirty(ThemeUtils.java:697)
W/ThemeUtils( 4703): 	at com.android.server.pm.PackageManagerService.<init>(PackageManagerService.java:1654)
W/ThemeUtils( 4703): 	at com.android.server.pm.PackageManagerService.main(PackageManagerService.java:1352)
W/ThemeUtils( 4703): 	at com.android.server.SystemServer.startBootstrapServices(SystemServer.java:376)
W/ThemeUtils( 4703): 	at com.android.server.SystemServer.run(SystemServer.java:282)
W/ThemeUtils( 4703): 	at com.android.server.SystemServer.main(SystemServer.java:185)
W/ThemeUtils( 4703): 	at java.lang.reflect.Method.invoke(Native Method)
W/ThemeUtils( 4703): 	at java.lang.reflect.Method.invoke(Method.java:372)
W/ThemeUtils( 4703): 	at com.android.internal.os.ZygoteInit$MethodAndArgsCaller.run(ZygoteInit.java:898)
W/ThemeUtils( 4703): 	at com.android.internal.os.ZygoteInit.main(ZygoteInit.java:693)
D/PackageManager( 4703): No files in app dir /vendor/overlay
W/PackageManager( 4703): Failed to parse /system/framework/arm: Missing base APK in /system/framework/arm
W/auditd  ( 3693): type=1325 audit(0.0:607): table=filter family=2 entries=50
W/iptables( 4787): type=1300 audit(0.0:607): arch=40000028 syscall=294 per=800000 success=yes exit=0 a0=5 a1=0 a2=40 a3=b6c22000 items=0 ppid=4542 auid=4294967295 uid=0 gid=0 euid=0 suid=0 fsuid=0 egid=0 sgid=0 fsgid=0 ses=4294967295 tty=(none) exe="/system/bin/iptables" key=(null)
W/auditd  ( 3693): type=1320 audit(0.0:607): 
W/auditd  ( 3693): type=1325 audit(0.0:608): table=filter family=10 entries=47
W/ip6tables( 4788): type=1300 audit(0.0:608): arch=40000028 syscall=294 per=800000 success=yes exit=0 a0=5 a1=29 a2=40 a3=b6c24000 items=0 ppid=4542 auid=4294967295 uid=0 gid=0 euid=0 suid=0 fsuid=0 egid=0 sgid=0 fsgid=0 ses=4294967295 tty=(none) exe="/system/bin/ip6tables" key=(null)
I/PackageManager( 4703): /system/framework/framework-res.apk changed; collecting certs
I/iptables( 4542): iptables: Chain already exists.
I/iptables( 4542): iptables terminated by exit(1)
E/BandwidthController( 4542): runIptablesCmd(): res=1 status=256 failed /system/bin/iptables -N bw_VIDEOCALL
I/ip6tables( 4542): ip6tables: Chain already exists.
I/ip6tables( 4542): ip6tables terminated by exit(1)
E/BandwidthController( 4542): runIptablesCmd(): res=1 status=256 failed /system/bin/ip6tables -N bw_VIDEOCALL
I/PackageManager( 4703): SELinux relabeling of org.cyanogenmod.audiofx issued.
I/art     ( 4703): DexFile_isDexOptNeeded failed to open oat file '/data/dalvik-cache/arm/system@priv-app@AudioFX@AudioFX.apk@classes.dex' for file location '/system/priv-app/AudioFX/AudioFX.apk': Failed to open oat filename for reading: No such file or directory
I/art     ( 4703): DexFile_isDexOptNeeded file /system/priv-app/AudioFX/arm/AudioFX.odex needs to be relocated for /system/priv-app/AudioFX/AudioFX.apk
I/PackageManager( 4703): SELinux relabeling of com.android.backupconfirm issued.
I/art     ( 4703): DexFile_isDexOptNeeded failed to open oat file '/data/dalvik-cache/arm/system@priv-app@BackupRestoreConfirmation@BackupRestoreConfirmation.apk@classes.dex' for file location '/system/priv-app/BackupRestoreConfirmation/BackupRestoreConfirmation.apk': Failed to open oat filename for reading: No such file or directory
I/art     ( 4703): DexFile_isDexOptNeeded file /system/priv-app/BackupRestoreConfirmation/arm/BackupRestoreConfirmation.odex needs to be relocated for /system/priv-app/BackupRestoreConfirmation/BackupRestoreConfirmation.apk
I/PackageManager( 4703): SELinux relabeling of com.cyanogenmod.account issued.
I/art     ( 4703): DexFile_isDexOptNeeded failed to open oat file '/data/dalvik-cache/arm/system@priv-app@CMAccount@CMAccount.apk@classes.dex' for file location '/system/priv-app/CMAccount/CMAccount.apk': Failed to open oat filename for reading: No such file or directory
I/art     ( 4703): DexFile_isDexOptNeeded file /system/priv-app/CMAccount/arm/CMAccount.odex needs to be relocated for /system/priv-app/CMAccount/CMAccount.apk
I/PackageManager( 4703): SELinux relabeling of com.cyanogenmod.updater issued.
I/art     ( 4703): DexFile_isDexOptNeeded failed to open oat file '/data/dalvik-cache/arm/system@priv-app@CMUpdater@CMUpdater.apk@classes.dex' for file location '/system/priv-app/CMUpdater/CMUpdater.apk': Failed to open oat filename for reading: No such file or directory
I/art     ( 4703): DexFile_isDexOptNeeded file /system/priv-app/CMUpdater/arm/CMUpdater.odex needs to be relocated for /system/priv-app/CMUpdater/CMUpdater.apk
I/PackageManager( 4703): /system/priv-app/CalendarProvider changed; collecting certs
I/PackageManager( 4703): New shared user android.uid.calendar: id=10000
I/art     ( 4703): DexFile_isDexOptNeeded failed to open oat file '/data/dalvik-cache/arm/system@priv-app@CalendarProvider@CalendarProvider.apk@classes.dex' for file location '/system/priv-app/CalendarProvider/CalendarProvider.apk': Failed to open oat filename for reading: No such file or directory
I/art     ( 4703): DexFile_isDexOptNeeded file /system/priv-app/CalendarProvider/arm/CalendarProvider.odex needs to be relocated for /system/priv-app/CalendarProvider/CalendarProvider.apk
I/PackageManager( 4703): SELinux relabeling of com.android.cellbroadcastreceiver issued.
I/art     ( 4703): DexFile_isDexOptNeeded failed to open oat file '/data/dalvik-cache/arm/system@priv-app@CellBroadcastReceiver@CellBroadcastReceiver.apk@classes.dex' for file location '/system/priv-app/CellBroadcastReceiver/CellBroadcastReceiver.apk': Failed to open oat filename for reading: No such file or directory
I/art     ( 4703): DexFile_isDexOptNeeded file /system/priv-app/CellBroadcastReceiver/arm/CellBroadcastReceiver.odex needs to be relocated for /system/priv-app/CellBroadcastReceiver/CellBroadcastReceiver.apk
W/ResourceType( 4703): Failure getting entry for 0x7f0b023e (t=10 e=574) (error -75)
W/PackageParser( 4703): No actions in intent filter at /system/priv-app/Contacts/Contacts.apk Binary XML file line #362
I/PackageManager( 4703): /system/priv-app/Contacts changed; collecting certs
D/MDnsDS  ( 4542): MDnsSdListener::Hander starting up
D/MDnsDS  ( 4542): MDnsSdListener starting to monitor
I/PackageManager( 4703): New shared user android.uid.shared: id=10002
D/MDnsDS  ( 4542): Going to poll with pollCount 1
I/art     ( 4703): DexFile_isDexOptNeeded failed to open oat file '/data/dalvik-cache/arm/system@priv-app@Contacts@Contacts.apk@classes.dex' for file location '/system/priv-app/Contacts/Contacts.apk': Failed to open oat filename for reading: No such file or directory
I/art     ( 4703): DexFile_isDexOptNeeded file /system/priv-app/Contacts/arm/Contacts.odex needs to be relocated for /system/priv-app/Contacts/Contacts.apk
I/PackageManager( 4703): /system/priv-app/ContactsProvider changed; collecting certs
I/art     ( 4703): DexFile_isDexOptNeeded failed to open oat file '/data/dalvik-cache/arm/system@priv-app@ContactsProvider@ContactsProvider.apk@classes.dex' for file location '/system/priv-app/ContactsProvider/ContactsProvider.apk': Failed to open oat filename for reading: No such file or directory
I/art     ( 4703): DexFile_isDexOptNeeded file /system/priv-app/ContactsProvider/arm/ContactsProvider.odex needs to be relocated for /system/priv-app/ContactsProvider/ContactsProvider.apk
I/PackageManager( 4703): /system/priv-app/CyanogenSetupWizard changed; collecting certs
I/art     ( 4703): DexFile_isDexOptNeeded failed to open oat file '/data/dalvik-cache/arm/system@priv-app@CyanogenSetupWizard@CyanogenSetupWizard.apk@classes.dex' for file location '/system/priv-app/CyanogenSetupWizard/CyanogenSetupWizard.apk': Failed to open oat filename for reading: No such file or directory
I/art     ( 4703): DexFile_isDexOptNeeded file /system/priv-app/CyanogenSetupWizard/arm/CyanogenSetupWizard.odex needs to be relocated for /system/priv-app/CyanogenSetupWizard/CyanogenSetupWizard.apk
W/PackageManager( 4703): New decl Package{2147d7a4 com.cyanogenmod.setupwizard} of permission  org.whispersystems.whisperpush.permissions.REGISTER is system; overriding org.whispersystems.whisperpush
I/PackageManager( 4703): SELinux relabeling of com.android.defcontainer issued.
I/art     ( 4703): DexFile_isDexOptNeeded failed to open oat file '/data/dalvik-cache/arm/system@priv-app@DefaultContainerService@DefaultContainerService.apk@classes.dex' for file location '/system/priv-app/DefaultContainerService/DefaultContainerService.apk': Failed to open oat filename for reading: No such file or directory
I/art     ( 4703): DexFile_isDexOptNeeded file /system/priv-app/DefaultContainerService/arm/DefaultContainerService.odex needs to be relocated for /system/priv-app/DefaultContainerService/DefaultContainerService.apk
W/PackageParser( 4703): No actions in intent filter at /system/priv-app/Dialer/Dialer.apk Binary XML file line #185
I/PackageManager( 4703): SELinux relabeling of com.android.dialer issued.
I/art     ( 4703): DexFile_isDexOptNeeded failed to open oat file '/data/dalvik-cache/arm/system@priv-app@Dialer@Dialer.apk@classes.dex' for file location '/system/priv-app/Dialer/Dialer.apk': Failed to open oat filename for reading: No such file or directory
I/art     ( 4703): DexFile_isDexOptNeeded file /system/priv-app/Dialer/arm/Dialer.odex needs to be relocated for /system/priv-app/Dialer/Dialer.apk
I/PackageManager( 4703): /system/priv-app/DownloadProvider changed; collecting certs
I/PackageManager( 4703): New shared user android.media: id=10003
I/art     ( 4703): DexFile_isDexOptNeeded failed to open oat file '/data/dalvik-cache/arm/system@priv-app@DownloadProvider@DownloadProvider.apk@classes.dex' for file location '/system/priv-app/DownloadProvider/DownloadProvider.apk': Failed to open oat filename for reading: No such file or directory
I/art     ( 4703): DexFile_isDexOptNeeded file /system/priv-app/DownloadProvider/arm/DownloadProvider.odex needs to be relocated for /system/priv-app/DownloadProvider/DownloadProvider.apk
I/PackageManager( 4703): SELinux relabeling of com.android.externalstorage issued.
I/art     ( 4703): DexFile_isDexOptNeeded failed to open oat file '/data/dalvik-cache/arm/system@priv-app@ExternalStorageProvider@ExternalStorageProvider.apk@classes.dex' for file location '/system/priv-app/ExternalStorageProvider/ExternalStorageProvider.apk': Failed to open oat filename for reading: No such file or directory
I/art     ( 4703): DexFile_isDexOptNeeded file /system/priv-app/ExternalStorageProvider/arm/ExternalStorageProvider.odex needs to be relocated for /system/priv-app/ExternalStorageProvider/ExternalStorageProvider.apk
I/PackageManager( 4703): /system/priv-app/FusedLocation changed; collecting certs
I/art     ( 4703): DexFile_isDexOptNeeded failed to open oat file '/data/dalvik-cache/arm/system@priv-app@FusedLocation@FusedLocation.apk@classes.dex' for file location '/system/priv-app/FusedLocation/FusedLocation.apk': Failed to open oat filename for reading: No such file or directory
I/art     ( 4703): DexFile_isDexOptNeeded file /system/priv-app/FusedLocation/arm/FusedLocation.odex needs to be relocated for /system/priv-app/FusedLocation/FusedLocation.apk
I/PackageManager( 4703): /system/priv-app/InputDevices changed; collecting certs
I/art     ( 4703): DexFile_isDexOptNeeded failed to open oat file '/data/dalvik-cache/arm/system@priv-app@InputDevices@InputDevices.apk@classes.dex' for file location '/system/priv-app/InputDevices/InputDevices.apk': Failed to open oat filename for reading: No such file or directory
I/art     ( 4703): DexFile_isDexOptNeeded file /system/priv-app/InputDevices/arm/InputDevices.odex needs to be relocated for /system/priv-app/InputDevices/InputDevices.apk
I/PackageManager( 4703): SELinux relabeling of com.android.managedprovisioning issued.
I/art     ( 4703): DexFile_isDexOptNeeded failed to open oat file '/data/dalvik-cache/arm/system@priv-app@ManagedProvisioning@ManagedProvisioning.apk@classes.dex' for file location '/system/priv-app/ManagedProvisioning/ManagedProvisioning.apk': Failed to open oat filename for reading: No such file or directory
I/art     ( 4703): DexFile_isDexOptNeeded file /system/priv-app/ManagedProvisioning/arm/ManagedProvisioning.odex needs to be relocated for /system/priv-app/ManagedProvisioning/ManagedProvisioning.apk
I/PackageManager( 4703): /system/priv-app/MediaProvider changed; collecting certs
I/art     ( 4703): DexFile_isDexOptNeeded failed to open oat file '/data/dalvik-cache/arm/system@priv-app@MediaProvider@MediaProvider.apk@classes.dex' for file location '/system/priv-app/MediaProvider/MediaProvider.apk': Failed to open oat filename for reading: No such file or directory
I/art     ( 4703): DexFile_isDexOptNeeded file /system/priv-app/MediaProvider/arm/MediaProvider.odex needs to be relocated for /system/priv-app/MediaProvider/MediaProvider.apk
I/PackageManager( 4703): SELinux relabeling of com.android.mms issued.
I/art     ( 4703): DexFile_isDexOptNeeded failed to open oat file '/data/dalvik-cache/arm/system@priv-app@Mms@Mms.apk@classes.dex' for file location '/system/priv-app/Mms/Mms.apk': Failed to open oat filename for reading: No such file or directory
I/art     ( 4703): DexFile_isDexOptNeeded file /system/priv-app/Mms/arm/Mms.odex needs to be relocated for /system/priv-app/Mms/Mms.apk
I/PackageManager( 4703): /system/priv-app/MmsService changed; collecting certs
I/art     ( 4703): DexFile_isDexOptNeeded failed to open oat file '/data/dalvik-cache/arm/system@priv-app@MmsService@MmsService.apk@classes.dex' for file location '/system/priv-app/MmsService/MmsService.apk': Failed to open oat filename for reading: No such file or directory
I/art     ( 4703): DexFile_isDexOptNeeded file /system/priv-app/MmsService/arm/MmsService.odex needs to be relocated for /system/priv-app/MmsService/MmsService.apk
I/PackageManager( 4703): SELinux relabeling of com.android.onetimeinitializer issued.
I/art     ( 4703): DexFile_isDexOptNeeded failed to open oat file '/data/dalvik-cache/arm/system@priv-app@OneTimeInitializer@OneTimeInitializer.apk@classes.dex' for file location '/system/priv-app/OneTimeInitializer/OneTimeInitializer.apk': Failed to open oat filename for reading: No such file or directory
I/art     ( 4703): DexFile_isDexOptNeeded file /system/priv-app/OneTimeInitializer/arm/OneTimeInitializer.odex needs to be relocated for /system/priv-app/OneTimeInitializer/OneTimeInitializer.apk
I/PackageManager( 4703): SELinux relabeling of com.android.proxyhandler issued.
I/art     ( 4703): DexFile_isDexOptNeeded failed to open oat file '/data/dalvik-cache/arm/system@priv-app@ProxyHandler@ProxyHandler.apk@classes.dex' for file location '/system/priv-app/ProxyHandler/ProxyHandler.apk': Failed to open oat filename for reading: No such file or directory
I/art     ( 4703): DexFile_isDexOptNeeded file /system/priv-app/ProxyHandler/arm/ProxyHandler.odex needs to be relocated for /system/priv-app/ProxyHandler/ProxyHandler.apk
I/PackageManager( 4703): /system/priv-app/Settings changed; collecting certs
I/art     ( 4703): DexFile_isDexOptNeeded failed to open oat file '/data/dalvik-cache/arm/system@priv-app@Settings@Settings.apk@classes.dex' for file location '/system/priv-app/Settings/Settings.apk': Failed to open oat filename for reading: No such file or directory
I/art     ( 4703): DexFile_isDexOptNeeded file /system/priv-app/Settings/arm/Settings.odex needs to be relocated for /system/priv-app/Settings/Settings.apk
I/PackageManager( 4703): /system/priv-app/SettingsProvider changed; collecting certs
I/art     ( 4703): DexFile_isDexOptNeeded failed to open oat file '/data/dalvik-cache/arm/system@priv-app@SettingsProvider@SettingsProvider.apk@classes.dex' for file location '/system/priv-app/SettingsProvider/SettingsProvider.apk': Failed to open oat filename for reading: No such file or directory
I/art     ( 4703): DexFile_isDexOptNeeded file /system/priv-app/SettingsProvider/arm/SettingsProvider.odex needs to be relocated for /system/priv-app/SettingsProvider/SettingsProvider.apk
I/PackageManager( 4703): SELinux relabeling of com.android.sharedstoragebackup issued.
I/art     ( 4703): DexFile_isDexOptNeeded failed to open oat file '/data/dalvik-cache/arm/system@priv-app@SharedStorageBackup@SharedStorageBackup.apk@classes.dex' for file location '/system/priv-app/SharedStorageBackup/SharedStorageBackup.apk': Failed to open oat filename for reading: No such file or directory
I/art     ( 4703): DexFile_isDexOptNeeded file /system/priv-app/SharedStorageBackup/arm/SharedStorageBackup.odex needs to be relocated for /system/priv-app/SharedStorageBackup/SharedStorageBackup.apk
I/PackageManager( 4703): /system/priv-app/Shell changed; collecting certs
I/art     ( 4703): DexFile_isDexOptNeeded failed to open oat file '/data/dalvik-cache/arm/system@priv-app@Shell@Shell.apk@classes.dex' for file location '/system/priv-app/Shell/Shell.apk': Failed to open oat filename for reading: No such file or directory
I/art     ( 4703): DexFile_isDexOptNeeded file /system/priv-app/Shell/arm/Shell.odex needs to be relocated for /system/priv-app/Shell/Shell.apk
I/PackageManager( 4703): /system/priv-app/SystemUI changed; collecting certs
W/SurfaceFlinger( 3678): Ignoring duplicate VSYNC event from HWC (t=30300147335)
I/PackageManager( 4703): New shared user android.uid.systemui: id=10004
I/art     ( 4703): DexFile_isDexOptNeeded failed to open oat file '/data/dalvik-cache/arm/system@priv-app@SystemUI@SystemUI.apk@classes.dex' for file location '/system/priv-app/SystemUI/SystemUI.apk': Failed to open oat filename for reading: No such file or directory
I/art     ( 4703): DexFile_isDexOptNeeded file /system/priv-app/SystemUI/arm/SystemUI.odex needs to be relocated for /system/priv-app/SystemUI/SystemUI.apk
I/PackageManager( 4703): /system/priv-app/TeleService changed; collecting certs
I/art     ( 4703): DexFile_isDexOptNeeded failed to open oat file '/data/dalvik-cache/arm/system@priv-app@TeleService@TeleService.apk@classes.dex' for file location '/system/priv-app/TeleService/TeleService.apk': Failed to open oat filename for reading: No such file or directory
I/art     ( 4703): DexFile_isDexOptNeeded file /system/priv-app/TeleService/arm/TeleService.odex needs to be relocated for /system/priv-app/TeleService/TeleService.apk
I/PackageManager( 4703): /system/priv-app/Telecom changed; collecting certs
I/art     ( 4703): DexFile_isDexOptNeeded failed to open oat file '/data/dalvik-cache/arm/system@priv-app@Telecom@Telecom.apk@classes.dex' for file location '/system/priv-app/Telecom/Telecom.apk': Failed to open oat filename for reading: No such file or directory
I/art     ( 4703): DexFile_isDexOptNeeded file /system/priv-app/Telecom/arm/Telecom.odex needs to be relocated for /system/priv-app/Telecom/Telecom.apk
I/PackageManager( 4703): /system/priv-app/TelephonyProvider changed; collecting certs
I/art     ( 4703): DexFile_isDexOptNeeded failed to open oat file '/data/dalvik-cache/arm/system@priv-app@TelephonyProvider@TelephonyProvider.apk@classes.dex' for file location '/system/priv-app/TelephonyProvider/TelephonyProvider.apk': Failed to open oat filename for reading: No such file or directory
I/art     ( 4703): DexFile_isDexOptNeeded file /system/priv-app/TelephonyProvider/arm/TelephonyProvider.odex needs to be relocated for /system/priv-app/TelephonyProvider/TelephonyProvider.apk
I/PackageManager( 4703): SELinux relabeling of org.cyanogenmod.theme.chooser issued.
I/art     ( 4703): DexFile_isDexOptNeeded failed to open oat file '/data/dalvik-cache/arm/system@priv-app@ThemeChooser@ThemeChooser.apk@classes.dex' for file location '/system/priv-app/ThemeChooser/ThemeChooser.apk': Failed to open oat filename for reading: No such file or directory
I/art     ( 4703): DexFile_isDexOptNeeded file /system/priv-app/ThemeChooser/arm/ThemeChooser.odex needs to be relocated for /system/priv-app/ThemeChooser/ThemeChooser.apk
I/PackageManager( 4703): SELinux relabeling of org.cyanogenmod.themes.provider issued.
I/art     ( 4703): DexFile_isDexOptNeeded failed to open oat file '/data/dalvik-cache/arm/system@priv-app@ThemesProvider@ThemesProvider.apk@classes.dex' for file location '/system/priv-app/ThemesProvider/ThemesProvider.apk': Failed to open oat filename for reading: No such file or directory
I/art     ( 4703): DexFile_isDexOptNeeded file /system/priv-app/ThemesProvider/arm/ThemesProvider.odex needs to be relocated for /system/priv-app/ThemesProvider/ThemesProvider.apk
I/PackageManager( 4703): SELinux relabeling of com.cyanogenmod.trebuchet issued.
I/art     ( 4703): DexFile_isDexOptNeeded failed to open oat file '/data/dalvik-cache/arm/system@priv-app@Trebuchet@Trebuchet.apk@classes.dex' for file location '/system/priv-app/Trebuchet/Trebuchet.apk': Failed to open oat filename for reading: No such file or directory
I/art     ( 4703): DexFile_isDexOptNeeded file /system/priv-app/Trebuchet/arm/Trebuchet.odex needs to be relocated for /system/priv-app/Trebuchet/Trebuchet.apk
I/PackageManager( 4703): SELinux relabeling of com.android.vpndialogs issued.
I/art     ( 4703): DexFile_isDexOptNeeded failed to open oat file '/data/dalvik-cache/arm/system@priv-app@VpnDialogs@VpnDialogs.apk@classes.dex' for file location '/system/priv-app/VpnDialogs/VpnDialogs.apk': Failed to open oat filename for reading: No such file or directory
I/art     ( 4703): DexFile_isDexOptNeeded file /system/priv-app/VpnDialogs/arm/VpnDialogs.odex needs to be relocated for /system/priv-app/VpnDialogs/VpnDialogs.apk
I/PackageManager( 4703): SELinux relabeling of com.android.wallpapercropper issued.
I/art     ( 4703): DexFile_isDexOptNeeded failed to open oat file '/data/dalvik-cache/arm/system@priv-app@WallpaperCropper@WallpaperCropper.apk@classes.dex' for file location '/system/priv-app/WallpaperCropper/WallpaperCropper.apk': Failed to open oat filename for reading: No such file or directory
I/art     ( 4703): DexFile_isDexOptNeeded file /system/priv-app/WallpaperCropper/arm/WallpaperCropper.odex needs to be relocated for /system/priv-app/WallpaperCropper/WallpaperCropper.apk
I/PackageManager( 4703): SELinux relabeling of com.android.dreams.basic issued.
I/art     ( 4703): DexFile_isDexOptNeeded failed to open oat file '/data/dalvik-cache/arm/system@app@BasicDreams@BasicDreams.apk@classes.dex' for file location '/system/app/BasicDreams/BasicDreams.apk': Failed to open oat filename for reading: No such file or directory
I/art     ( 4703): DexFile_isDexOptNeeded file /system/app/BasicDreams/arm/BasicDreams.odex needs to be relocated for /system/app/BasicDreams/BasicDreams.apk
W/PackageParser( 4703): No actions in intent filter at /system/app/Bluetooth/Bluetooth.apk Binary XML file line #229
I/PackageManager( 4703): /system/app/Bluetooth changed; collecting certs
I/art     ( 4703): DexFile_isDexOptNeeded failed to open oat file '/data/dalvik-cache/arm/system@app@Bluetooth@Bluetooth.apk@classes.dex' for file location '/system/app/Bluetooth/Bluetooth.apk': Failed to open oat filename for reading: No such file or directory
I/art     ( 4703): DexFile_isDexOptNeeded file /system/app/Bluetooth/arm/Bluetooth.odex needs to be relocated for /system/app/Bluetooth/Bluetooth.apk
I/PackageManager( 4703): SELinux relabeling of com.android.browser issued.
I/art     ( 4703): DexFile_isDexOptNeeded failed to open oat file '/data/dalvik-cache/arm/system@app@Browser@Browser.apk@classes.dex' for file location '/system/app/Browser/Browser.apk': Failed to open oat filename for reading: No such file or directory
I/art     ( 4703): DexFile_isDexOptNeeded file /system/app/Browser/arm/Browser.odex needs to be relocated for /system/app/Browser/Browser.apk
W/PackageParser( 4703): No actions in intent filter at /system/app/CMFileManager/CMFileManager.apk Binary XML file line #155
I/PackageManager( 4703): SELinux relabeling of com.cyanogenmod.filemanager issued.
I/art     ( 4703): DexFile_isDexOptNeeded failed to open oat file '/data/dalvik-cache/arm/system@app@CMFileManager@CMFileManager.apk@classes.dex' for file location '/system/app/CMFileManager/CMFileManager.apk': Failed to open oat filename for reading: No such file or directory
I/art     ( 4703): DexFile_isDexOptNeeded file /system/app/CMFileManager/arm/CMFileManager.odex needs to be relocated for /system/app/CMFileManager/CMFileManager.apk
I/PackageManager( 4703): SELinux relabeling of com.cyanogenmod.wallpapers issued.
I/art     ( 4703): DexFile_isDexOptNeeded failed to open oat file '/data/dalvik-cache/arm/system@app@CMWallpapers@CMWallpapers.apk@classes.dex' for file location '/system/app/CMWallpapers/CMWallpapers.apk': Failed to open oat filename for reading: No such file or directory
I/art     ( 4703): DexFile_isDexOptNeeded file /system/app/CMWallpapers/arm/CMWallpapers.odex needs to be relocated for /system/app/CMWallpapers/CMWallpapers.apk
I/PackageManager( 4703): SELinux relabeling of com.android.calculator2 issued.
I/art     ( 4703): DexFile_isDexOptNeeded failed to open oat file '/data/dalvik-cache/arm/system@app@Calculator@Calculator.apk@classes.dex' for file location '/system/app/Calculator/Calculator.apk': Failed to open oat filename for reading: No such file or directory
I/art     ( 4703): DexFile_isDexOptNeeded file /system/app/Calculator/arm/Calculator.odex needs to be relocated for /system/app/Calculator/Calculator.apk
I/PackageManager( 4703): SELinux relabeling of com.android.calendar issued.
I/art     ( 4703): DexFile_isDexOptNeeded failed to open oat file '/data/dalvik-cache/arm/system@app@Calendar@Calendar.apk@classes.dex' for file location '/system/app/Calendar/Calendar.apk': Failed to open oat filename for reading: No such file or directory
I/art     ( 4703): DexFile_isDexOptNeeded file /system/app/Calendar/arm/Calendar.odex needs to be relocated for /system/app/Calendar/Calendar.apk
I/PackageManager( 4703): SELinux relabeling of com.android.camera2 issued.
I/art     ( 4703): DexFile_isDexOptNeeded failed to open oat file '/data/dalvik-cache/arm/system@app@Camera2@Camera2.apk@classes.dex' for file location '/system/app/Camera2/Camera2.apk': Failed to open oat filename for reading: No such file or directory
I/art     ( 4703): DexFile_isDexOptNeeded file /system/app/Camera2/arm/Camera2.odex needs to be relocated for /system/app/Camera2/Camera2.apk
I/PackageManager( 4703): SELinux relabeling of com.android.captiveportallogin issued.
I/art     ( 4703): DexFile_isDexOptNeeded failed to open oat file '/data/dalvik-cache/arm/system@app@CaptivePortalLogin@CaptivePortalLogin.apk@classes.dex' for file location '/system/app/CaptivePortalLogin/CaptivePortalLogin.apk': Failed to open oat filename for reading: No such file or directory
I/art     ( 4703): DexFile_isDexOptNeeded file /system/app/CaptivePortalLogin/arm/CaptivePortalLogin.odex needs to be relocated for /system/app/CaptivePortalLogin/CaptivePortalLogin.apk
I/PackageManager( 4703): SELinux relabeling of com.android.certinstaller issued.
I/art     ( 4703): DexFile_isDexOptNeeded failed to open oat file '/data/dalvik-cache/arm/system@app@CertInstaller@CertInstaller.apk@classes.dex' for file location '/system/app/CertInstaller/CertInstaller.apk': Failed to open oat filename for reading: No such file or directory
I/art     ( 4703): DexFile_isDexOptNeeded file /system/app/CertInstaller/arm/CertInstaller.odex needs to be relocated for /system/app/CertInstaller/CertInstaller.apk
I/PackageManager( 4703): SELinux relabeling of com.android.deskclock issued.
I/art     ( 4703): DexFile_isDexOptNeeded failed to open oat file '/data/dalvik-cache/arm/system@app@DeskClock@DeskClock.apk@classes.dex' for file location '/system/app/DeskClock/DeskClock.apk': Failed to open oat filename for reading: No such file or directory
I/art     ( 4703): DexFile_isDexOptNeeded file /system/app/DeskClock/arm/DeskClock.odex needs to be relocated for /system/app/DeskClock/DeskClock.apk
I/PackageManager( 4703): /system/app/Development changed; collecting certs
I/art     ( 4703): DexFile_isDexOptNeeded failed to open oat file '/data/dalvik-cache/arm/system@app@Development@Development.apk@classes.dex' for file location '/system/app/Development/Development.apk': Failed to open oat filename for reading: No such file or directory
I/art     ( 4703): DexFile_isDexOptNeeded file /system/app/Development/arm/Development.odex needs to be relocated for /system/app/Development/Development.apk
I/PackageManager( 4703): SELinux relabeling of com.android.documentsui issued.
I/art     ( 4703): DexFile_isDexOptNeeded failed to open oat file '/data/dalvik-cache/arm/system@app@DocumentsUI@DocumentsUI.apk@classes.dex' for file location '/system/app/DocumentsUI/DocumentsUI.apk': Failed to open oat filename for reading: No such file or directory
I/art     ( 4703): DexFile_isDexOptNeeded file /system/app/DocumentsUI/arm/DocumentsUI.odex needs to be relocated for /system/app/DocumentsUI/DocumentsUI.apk
I/PackageManager( 4703): /system/app/DownloadProviderUi changed; collecting certs
I/art     ( 4703): DexFile_isDexOptNeeded failed to open oat file '/data/dalvik-cache/arm/system@app@DownloadProviderUi@DownloadProviderUi.apk@classes.dex' for file location '/system/app/DownloadProviderUi/DownloadProviderUi.apk': Failed to open oat filename for reading: No such file or directory
I/art     ( 4703): DexFile_isDexOptNeeded file /system/app/DownloadProviderUi/arm/DownloadProviderUi.odex needs to be relocated for /system/app/DownloadProviderUi/DownloadProviderUi.apk
I/PackageManager( 4703): SELinux relabeling of com.cyanogenmod.eleven issued.
I/art     ( 4703): DexFile_isDexOptNeeded failed to open oat file '/data/dalvik-cache/arm/system@app@Eleven@Eleven.apk@classes.dex' for file location '/system/app/Eleven/Eleven.apk': Failed to open oat filename for reading: No such file or directory
I/art     ( 4703): DexFile_isDexOptNeeded file /system/app/Eleven/arm/Eleven.odex needs to be relocated for /system/app/Eleven/Eleven.apk
I/PackageManager( 4703): SELinux relabeling of com.android.email issued.
I/art     ( 4703): DexFile_isDexOptNeeded failed to open oat file '/data/dalvik-cache/arm/system@app@Email@Email.apk@classes.dex' for file location '/system/app/Email/Email.apk': Failed to open oat filename for reading: No such file or directory
I/art     ( 4703): DexFile_isDexOptNeeded file /system/app/Email/arm/Email.odex needs to be relocated for /system/app/Email/Email.apk
I/PackageManager( 4703): SELinux relabeling of com.android.exchange issued.
I/art     ( 4703): DexFile_isDexOptNeeded failed to open oat file '/data/dalvik-cache/arm/system@app@Exchange2@Exchange2.apk@classes.dex' for file location '/system/app/Exchange2/Exchange2.apk': Failed to open oat filename for reading: No such file or directory
I/art     ( 4703): DexFile_isDexOptNeeded file /system/app/Exchange2/arm/Exchange2.odex needs to be relocated for /system/app/Exchange2/Exchange2.apk
I/PackageManager( 4703): SELinux relabeling of com.android.galaxy4 issued.
I/art     ( 4703): DexFile_isDexOptNeeded failed to open oat file '/data/dalvik-cache/arm/system@app@Galaxy4@Galaxy4.apk@classes.dex' for file location '/system/app/Galaxy4/Galaxy4.apk': Failed to open oat filename for reading: No such file or directory
I/art     ( 4703): DexFile_isDexOptNeeded file /system/app/Galaxy4/arm/Galaxy4.odex needs to be relocated for /system/app/Galaxy4/Galaxy4.apk
W/PackageParser( 4703): Unknown element under <application>: permission at /system/app/Gallery2/Gallery2.apk Binary XML file line #273
W/PackageParser( 4703): Unknown element under <application>: permission at /system/app/Gallery2/Gallery2.apk Binary XML file line #276
I/PackageManager( 4703): SELinux relabeling of com.android.gallery3d issued.
I/art     ( 4703): DexFile_isDexOptNeeded failed to open oat file '/data/dalvik-cache/arm/system@app@Gallery2@Gallery2.apk@classes.dex' for file location '/system/app/Gallery2/Gallery2.apk': Failed to open oat filename for reading: No such file or directory
I/art     ( 4703): DexFile_isDexOptNeeded file /system/app/Gallery2/arm/Gallery2.odex needs to be relocated for /system/app/Gallery2/Gallery2.apk
I/PackageManager( 4703): SELinux relabeling of com.android.htmlviewer issued.
I/art     ( 4703): DexFile_isDexOptNeeded failed to