E/ActivityThread( 5385): Service com.android.email.service.EmailBroadcastProcessorService has leaked ServiceConnection com.android.emailcommon.service.ServiceProxy$ProxyConnection@2907a741 that was originally bound here
E/ActivityThread( 5385): android.app.ServiceConnectionLeaked: Service com.android.email.service.EmailBroadcastProcessorService has leaked ServiceConnection com.android.emailcommon.service.ServiceProxy$ProxyConnection@2907a741 that was originally bound here
E/ActivityThread( 5385): 	at android.app.LoadedApk$ServiceDispatcher.<init>(LoadedApk.java:1073)
E/ActivityThread( 5385): 	at android.app.LoadedApk.getServiceDispatcher(LoadedApk.java:967)
E/ActivityThread( 5385): 	at android.app.ContextImpl.bindServiceCommon(ContextImpl.java:1808)
E/ActivityThread( 5385): 	at android.app.ContextImpl.bindService(ContextImpl.java:1791)
E/ActivityThread( 5385): 	at android.content.ContextWrapper.bindService(ContextWrapper.java:544)
E/ActivityThread( 5385): 	at com.android.emailcommon.service.ServiceProxy.setTask(ServiceProxy.java:184)
E/ActivityThread( 5385): 	at com.android.emailcommon.service.ServiceProxy.test(ServiceProxy.java:229)
E/ActivityThread( 5385): 	at com.android.email.service.EmailServiceUtils.isServiceAvailable(EmailServiceUtils.java:160)
E/ActivityThread( 5385): 	at com.android.email.provider.AccountReconciler.reconcileAccountsInternal(AccountReconciler.java:164)
E/ActivityThread( 5385): 	at com.android.email.provider.AccountReconciler.reconcileAccounts(AccountReconciler.java:113)
E/ActivityThread( 5385): 	at com.android.email.service.EmailBroadcastProcessorService.reconcileAndStartServices(EmailBroadcastProcessorService.java:305)
E/ActivityThread( 5385): 	at com.android.email.service.EmailBroadcastProcessorService.onBootCompleted(EmailBroadcastProcessorService.java:295)
E/ActivityThread( 5385): 	at com.android.email.service.EmailBroadcastProcessorService.onHandleIntent(EmailBroadcastProcessorService.java:130)
E/ActivityThread( 5385): 	at android.app.IntentService$ServiceHandler.handleMessage(IntentService.java:65)
E/ActivityThread( 5385): 	at android.os.Handler.dispatchMessage(Handler.java:102)
E/ActivityThread( 5385): 	at android.os.Looper.loop(Looper.java:135)
E/ActivityThread( 5385): 	at android.os.HandlerThread.run(HandlerThread.java:61)
W/libprocessgroup( 4122): failed to open /acct/uid_10017/pid_4913/cgroup.procs: No such file or directory
W/art     ( 5385): Long monitor contention event with owner method=void com.google.common.collect.ImmutableCollection$EmptyImmutableCollection.<clinit>() from ImmutableCollection.java:192 waiters=6 for 171ms
I/ActivityManager( 4122): Killing 4628:com.cyanogenmod.lockclock/u0a42 (adj 15): empty #17
I/SystemBroadcastReceiver( 4472): Boot has been completed
W/libprocessgroup( 4122): failed to open /acct/uid_10042/pid_4628/cgroup.procs: No such file or directory
I/LauncherIconVisibilityManager( 4472): Activity has already been disabled: ComponentInfo{com.android.inputmethod.latin/com.android.inputmethod.latin.setup.SetupActivity}
I/ActivityManager( 4122): Start proc com.cyanogenmod.lockclock for broadcast com.cyanogenmod.lockclock/.ClockWidgetProvider: pid=5471 uid=10042 gids={50042, 9997, 3003} abi=armeabi-v7a
I/Exchange( 5445): PSS has no active accounts; stopping service.
I/ActivityManager( 4122): Killing 4945:com.cyanogenmod.eleven/u0a32 (adj 15): empty #17
W/libprocessgroup( 4122): failed to open /acct/uid_10032/pid_4945/cgroup.procs: No such file or directory
D/WeatherUpdateService( 5471): Service started, but shouldn't update ... stopping
I/ActivityManager( 4122): Killing 5081:com.android.deskclock/u0a30 (adj 15): empty #17
W/WindowManager( 4122): App freeze timeout expired.
E/ELEVEN  ( 4987): calling refresh!
W/art     ( 4122): Long monitor contention event with owner method=void com.android.server.am.ActivityManagerService.serviceDoneExecuting(android.os.IBinder, int, int, int) from ActivityManagerService.java:15134 waiters=0 for 106ms
W/libprocessgroup( 4122): failed to open /acct/uid_10030/pid_5081/cgroup.procs: No such file or directory
I/ActivityManager( 4122): Start proc org.whispersystems.whisperpush for broadcast org.whispersystems.whisperpush/.service.DirectoryRefreshListener: pid=5498 uid=10056 gids={50056, 9997, 3003} abi=armeabi-v7a
I/ActivityManager( 4122): Killing 5057:com.android.keychain/1000 (adj 15): empty #17
W/libprocessgroup( 4122): failed to open /acct/uid_1000/pid_5057/cgroup.procs: No such file or directory
W/ActivityManager( 4122): Unable to start service Intent { act=com.google.android.c2dm.intent.REGISTER pkg=com.google.android.gms (has extras) } U=0: not found
E/PhoneInterfaceManager( 4784): [PhoneIntfMgr] getIccId: No UICC
I/ActivityManager( 4122): Start proc com.android.cellbroadcastreceiver for broadcast com.android.cellbroadcastreceiver/.CellBroadcastReceiver: pid=5522 uid=10005 gids={50005, 9997} abi=armeabi-v7a
D/CellBroadcastReceiver( 5522): onReceive Intent { act=android.intent.action.SERVICE_STATE flg=0x10 cmp=com.android.cellbroadcastreceiver/.CellBroadcastReceiver (has extras) }
D/CellBroadcastReceiver( 5522): Intent ACTION_SERVICE_STATE_CHANGED
D/CellBroadcastReceiver( 5522): Service state changed! 1 Full: 1 1 home null null null  Unknown Unknown CSS not supported -1 -1 RoamInd=-1 DefRoamInd=-1 EmergOnly=false Current state=-1
I/ActivityManager( 4122): Killing 5107:com.android.dialer/u0a8 (adj 15): empty #17
W/libprocessgroup( 4122): failed to open /acct/uid_10008/pid_5107/cgroup.procs: No such file or directory
D/CellBroadcastReceiver( 5522): onReceive Intent { act=android.intent.action.ACTION_SUBINFO_RECORD_UPDATED flg=0x10 cmp=com.android.cellbroadcastreceiver/.CellBroadcastReceiver (has extras) }
D/SIP     ( 4784): [SipSharedPreferences] isReceivingCallsEnabled, option not set; use default value, exception: android.provider.Settings$SettingNotFoundException: sip_receive_calls
V/Mms     ( 5293): onStart: #1 resultCode: -1 = Activity.RESULT_OK
D/AlertReceiver( 5357): onReceive: a=android.intent.action.PROVIDER_CHANGED Intent { act=android.intent.action.PROVIDER_CHANGED dat=content://com.android.calendar flg=0x10 cmp=com.android.calendar/.alerts.AlertReceiver }
D/AlertService( 5357): 0 Action = android.intent.action.PROVIDER_CHANGED
W/SurfaceFlinger( 3691): Ignoring duplicate VSYNC event from HWC (t=24145138752)
E/SQLiteLog( 5241): (284) automatic index on view_events(_id)
E/WhisperPush( 5498): GcmRecurringRegistration
E/WhisperPush( 5498): java.io.IOException: SERVICE_NOT_AVAILABLE
E/WhisperPush( 5498): 	at com.google.android.gms.gcm.GoogleCloudMessaging.register(Unknown Source)
E/WhisperPush( 5498): 	at org.whispersystems.whisperpush.gcm.GcmHelper.getRegistrationId(GcmHelper.java:65)
E/WhisperPush( 5498): 	at org.whispersystems.whisperpush.WhisperPush$1.doInBackground(WhisperPush.java:52)
E/WhisperPush( 5498): 	at org.whispersystems.whisperpush.WhisperPush$1.doInBackground(WhisperPush.java:48)
E/WhisperPush( 5498): 	at android.os.AsyncTask$2.call(AsyncTask.java:288)
E/WhisperPush( 5498): 	at java.util.concurrent.FutureTask.run(FutureTask.java:237)
E/WhisperPush( 5498): 	at android.os.AsyncTask$SerialExecutor$1.run(AsyncTask.java:231)
E/WhisperPush( 5498): 	at java.util.concurrent.ThreadPoolExecutor.runWorker(ThreadPoolExecutor.java:1112)
E/WhisperPush( 5498): 	at java.util.concurrent.ThreadPoolExecutor$Worker.run(ThreadPoolExecutor.java:587)
E/WhisperPush( 5498): 	at java.lang.Thread.run(Thread.java:818)
I/GlobalDismissManager( 5357): no sender configured
D/AlertService( 5357): Beginning updateAlertNotification
D/AlertService( 5357): No fired or scheduled alerts
D/AlertService( 5357): Scheduling next alarm with AlarmScheduler. sEventReminderReceived: null
D/AlarmScheduler( 5357): No events found starting within 1 week.
I/PowerManagerService( 4122): Going to sleep due to screen timeout (uid 1000)...
I/PowerManagerService( 4122): Sleeping (uid 1000)...
I/Sensors ( 4122): Acc old sensor_state 1, new sensor_state : 0 en : 0
D/PhoneStatusBar( 4292): disable: < expand ICONS alerts SYSTEM_INFO back HOME RECENT clock SEARCH >
D/PermissionCache( 3691): checking android.permission.READ_FRAME_BUFFER for uid=1000 => granted (205 us)
I/WifiNative-HAL( 4122): startHal
E/wifi    ( 4122): getStaticLongField sWifiHalHandle 0x9e3eb87c
D/wifi    ( 4122): halHandle = 0x0, mVM = 0xb515c280, mCls = 0x300f66
I/WifiNative-HAL( 4122): Could not start hal
I/WifiNative-HAL( 4122): startHal
E/wifi    ( 4122): getStaticLongField sWifiHalHandle 0x9e3eb87c
D/wifi    ( 4122): halHandle = 0x0, mVM = 0xb515c280, mCls = 0x200f5e
I/WifiNative-HAL( 4122): Could not start hal
I/DisplayManagerService( 4122): Display device changed: DisplayDeviceInfo{"Built-in Screen": 1080 x 1920, 60.000004 fps, supportedRefreshRates [60.000004], density 480, 422.03 x 424.069 dpi, appVsyncOff 0, presDeadline 17666666, touch INTERNAL, rotation 0, type BUILT_IN, state OFF, FLAG_DEFAULT_DISPLAY, FLAG_ROTATES_WITH_CONTENT, FLAG_SECURE, FLAG_SUPPORTS_PROTECTED_BUFFERS}
D/SurfaceFlinger( 3691): Set power mode=0, type=0 flinger=0xb6962000
V/ActivityManager( 4122): Display changed displayId=0
D/SurfaceControl( 4122): Excessive delay in setPowerMode(): 182ms
I/ActivityManager( 4122): Waited long enough for: ServiceRecord{ce6b8d u0 com.cyanogenmod.eleven/.MusicPlaybackService}
I/ActivityManager( 4122): Waited long enough for: ServiceRecord{3c6cac85 u0 com.android.calendar/.alerts.InitAlarmsService}
I/PowerManagerService( 4122): Waking up from sleep (uid 1000)...
V/KeyguardServiceDelegate( 4122): onScreenTurnedOn(showListener = com.android.internal.policy.impl.PhoneWindowManager$2@2bb15d2e)
I/DisplayPowerController( 4122): Blocking screen on until initial contents have been drawn.
I/Sensors ( 4122): Acc old sensor_state 0, new sensor_state : 1 en : 1
V/KeyguardServiceDelegate( 4122): **** SHOWN CALLED ****
D/SurfaceFlinger( 3691): Set power mode=2, type=0 flinger=0xb6962000
I/DisplayManagerService( 4122): Display device changed: DisplayDeviceInfo{"Built-in Screen": 1080 x 1920, 60.000004 fps, supportedRefreshRates [60.000004], density 480, 422.03 x 424.069 dpi, appVsyncOff 0, presDeadline 17666666, touch INTERNAL, rotation 0, type BUILT_IN, state ON, FLAG_DEFAULT_DISPLAY, FLAG_ROTATES_WITH_CONTENT, FLAG_SECURE, FLAG_SUPPORTS_PROTECTED_BUFFERS}
V/ActivityManager( 4122): Display changed displayId=0
D/SurfaceControl( 4122): Excessive delay in setPowerMode(): 251ms
I/WifiNative-HAL( 4122): startHal
E/wifi    ( 4122): getStaticLongField sWifiHalHandle 0x9e3eb87c
D/wifi    ( 4122): halHandle = 0x0, mVM = 0xb515c280, mCls = 0x500ed2
I/WifiNative-HAL( 4122): Could not start hal
I/DisplayPowerController( 4122): Unblocked screen on after 318 ms
E/libEGL  ( 4122): call to OpenGL ES API with no current context (logged once per thread)
D/PhoneStatusBar( 4292): disable: < expand ICONS alerts SYSTEM_INFO back HOME RECENT clock SEARCH >
W/AudioPolicyManager( 3694): getOutput() could not find output for stream 1, samplingRate 0,format 0, channels 3, flags 0
W/AudioPolicyManager( 3694): getOutput() could not find output for stream 1, samplingRate 0,format 0, channels 3, flags 0
W/AudioPolicyManager( 3694): getOutput() could not find output for stream 1, samplingRate 44100,format 1, channels 3, flags 4
E/AudioTrack( 4292): Could not get audio output for stream type 1, usage 13, sample rate 44100, format 0x1, channel mask 0x3, flags 0x4
E/SoundPool( 4292): Error creating AudioTrack
D/PhoneStatusBar( 4292): disable: < expand icons* alerts system_info* back HOME RECENT clock SEARCH >
D/PhoneStatusBar( 4292): disable: < expand icons alerts system_info back home* recent* clock search* >
W/InputMethodManagerService( 4122): Window already focused, ignoring focus gain of: com.android.internal.view.IInputMethodClient$Stub$Proxy@b4ed165 attribute=android.view.inputmethod.EditorInfo@2d7a1e3a, token = android.os.BinderProxy@12c533bc
I/Timeline( 4806): Timeline: Activity_idle id: android.os.BinderProxy@b02fe1b time:46937
D/InitAlarmsService( 5357): Clearing and rescheduling alarms.
I/ActivityManager( 4122): Killing 4596:android.process.acore/u0a6 (adj 15): empty #17
W/libprocessgroup( 4122): failed to open /acct/uid_10006/pid_4596/cgroup.procs: No such file or directory
W/AudioPolicyManager( 3694): getOutput() could not find output for stream 1, samplingRate 0,format 0, channels 3, flags 0
W/AudioPolicyManager( 3694): getOutput() could not find output for stream 1, samplingRate 0,format 0, channels 3, flags 0
W/AudioPolicyManager( 3694): getOutput() could not find output for stream 1, samplingRate 48000,format 1, channels 3, flags 4
E/AudioTrack( 4122): Could not get audio output for stream type 1, usage 13, sample rate 48000, format 0x1, channel mask 0x3, flags 0x4
E/SoundPool( 4122): Error creating AudioTrack
W/AudioPolicyManager( 3694): getOutput() could not find output for stream 1, samplingRate 0,format 0, channels 3, flags 0
W/AudioPolicyManager( 3694): getOutput() could not find output for stream 1, samplingRate 0,format 0, channels 3, flags 0
W/AudioPolicyManager( 3694): getOutput() could not find output for stream 1, samplingRate 48000,format 1, channels 3, flags 4
E/AudioTrack( 4122): Could not get audio output for stream type 1, usage 13, sample rate 48000, format 0x1, channel mask 0x3, flags 0x4
E/SoundPool( 4122): Error creating AudioTrack
I/Timeline( 4806): Timeline: Activity_launch_request id:com.cyanogenmod.filemanager time:53165
I/ActivityManager( 4122): START u0 {act=android.intent.action.MAIN cat=[android.intent.category.LAUNCHER] flg=0x10200000 cmp=com.cyanogenmod.filemanager/.activities.NavigationActivity (has extras)} from uid 10018 on display 0
I/ActivityManager( 4122): Start proc com.cyanogenmod.filemanager for activity com.cyanogenmod.filemanager/.activities.NavigationActivity: pid=5668 uid=10023 gids={50023, 9997, 1028, 1015, 1023} abi=armeabi-v7a
E/Vold    ( 3676): Failed to find mounted volume for /storage/extSdCard/Android/data/com.cyanogenmod.filemanager/files/
W/Vold    ( 3676): Returning OperationFailed - no handler for errno 0
W/ContextImpl( 5668): Failed to ensure directory: /storage/extSdCard/Android/data/com.cyanogenmod.filemanager/files
E/NFC     ( 5668): could not retrieve NFC service
W/NavigationActivity( 5668): Ignoring '/storage/sdcard1' with state of 'unmounted'
W/NavigationActivity( 5668): Ignoring '/storage/usbdisk' with state of 'unmounted'
D/OpenGLRenderer( 5668): Render dirty regions requested: true
D/Atlas   ( 5668): Validating map...
V/MimeTypeIndexService( 5668): onHandleIntent(Intent { act=com.cyanogenmod.filemanager.ACTION_START_INDEX cmp=com.cyanogenmod.filemanager/.service.MimeTypeIndexService (has extras) })
D/MimeTypeIndexService( 5668): Action: com.cyanogenmod.filemanager.ACTION_START_INDEX
V/MimeTypeIndexService( 5668): performIndexAction(/storage/emulated/0)
I/MimeTypeIndexService( 5668): Starting mime type usage indexing on '/storage/emulated/0'
D/MimeTypeIndexService( 5668): TEXT = 22396
D/MimeTypeIndexService( 5668): AUDIO = 106481
D/MimeTypeIndexService( 5668): NONE = 1574467
D/MimeTypeIndexService( 5668): COMPRESS = 1718679
D/MimeTypeIndexService( 5668): IMAGE = 24950427
I/        ( 5668): PLATFORM VERSION : JB-MR-2
I/OpenGLRenderer( 5668): Initialized EGL, version 1.4
D/OpenGLRenderer( 5668): Enabling debug mode 0
V/MimeTypeIndexService( 5668): onHandleIntent(Intent { act=com.cyanogenmod.filemanager.ACTION_START_INDEX cmp=com.cyanogenmod.filemanager/.service.MimeTypeIndexService (has extras) })
D/MimeTypeIndexService( 5668): Action: com.cyanogenmod.filemanager.ACTION_START_INDEX
V/MimeTypeIndexService( 5668): performIndexAction(/system)
I/MimeTypeIndexService( 5668): Starting mime type usage indexing on '/system'
I/ActivityManager( 4122): Displayed com.cyanogenmod.filemanager/.activities.NavigationActivity: +1s420ms
I/Timeline( 4122): Timeline: Activity_windows_visible id: ActivityRecord{2d10baeb u0 com.cyanogenmod.filemanager/.activities.NavigationActivity t9} time:54637
I/Timeline( 5668): Timeline: Activity_idle id: android.os.BinderProxy@2a637b89 time:54914
D/MimeTypeIndexService( 5668): AUDIO = 15658667
D/MimeTypeIndexService( 5668): TEXT = 2387861
D/MimeTypeIndexService( 5668): EXEC = 1540
D/MimeTypeIndexService( 5668): BINARY = 186664126
D/MimeTypeIndexService( 5668): FONT = 19571980
D/MimeTypeIndexService( 5668): COMPRESS = 5524427
D/MimeTypeIndexService( 5668): SECURITY = 41274
D/MimeTypeIndexService( 5668): APP = 174346915
D/MimeTypeIndexService( 5668): NONE = 380936209
I/art     ( 4122): Explicit concurrent mark sweep GC freed 22007(1680KB) AllocSpace objects, 15(587KB) LOS objects, 33% free, 22MB/34MB, paused 4.120ms total 110.528ms
D/TaskPersister( 4122): removeObsoleteFile: deleting file=7_task.xml
D/TaskPersister( 4122): removeObsoleteFile: deleting file=7_task_thumbnail.png
I/ActivityManager( 4122): START u0 {act=android.intent.action.MAIN cat=[android.intent.category.HOME] flg=0x10200000 cmp=com.cyanogenmod.trebuchet/com.android.launcher3.Launcher} from uid 1000 on display 0
I/Timeline( 4806): Timeline: Activity_idle id: android.os.BinderProxy@b02fe1b time:62149
I/Timeline( 4122): Timeline: Activity_windows_visible id: ActivityRecord{38881d9d u0 com.cyanogenmod.trebuchet/com.android.launcher3.Launcher t8} time:62424
W/OpenGLRenderer( 4806): Incorrectly called buildLayer on View: ShortcutAndWidgetContainer, destroying layer...
W/OpenGLRenderer( 4806): Incorrectly called buildLayer on View: ShortcutAndWidgetContainer, destroying layer...
W/AudioPolicyManager( 3694): getOutput() could not find output for stream 1, samplingRate 0,format 0, channels 3, flags 0
W/AudioPolicyManager( 3694): getOutput() could not find output for stream 1, samplingRate 0,format 0, channels 3, flags 0
W/AudioPolicyManager( 3694): getOutput() could not find output for stream 1, samplingRate 48000,format 1, channels 3, flags 4
E/AudioTrack( 4122): Could not get audio output for stream type 1, usage 13, sample rate 48000, format 0x1, channel mask 0x3, flags 0x4
E/SoundPool( 4122): Error creating AudioTrack
W/OpenGLRenderer( 4806): Incorrectly called buildLayer on View: SlidingUpPanelLayout, destroying layer...
W/AudioPolicyManager( 3694): getOutput() could not find output for stream 1, samplingRate 0,format 0, channels 3, flags 0
W/AudioPolicyManager( 3694): getOutput() could not find output for stream 1, samplingRate 0,format 0, channels 3, flags 0
W/AudioPolicyManager( 3694): getOutput() could not find output for stream 1, samplingRate 48000,format 1, channels 3, flags 4
E/AudioTrack( 4122): Could not get audio output for stream type 1, usage 13, sample rate 48000, format 0x1, channel mask 0x3, flags 0x4
E/SoundPool( 4122): Error creating AudioTrack
I/Timeline( 4806): Timeline: Activity_launch_request id:com.android.settings time:64461
I/ActivityManager( 4122): START u0 {act=android.intent.action.MAIN cat=[android.intent.category.LAUNCHER] flg=0x10200000 cmp=com.android.settings/.Settings (has extras)} from uid 10018 on display 0
I/IndexDatabaseHelper( 4865): Using schema version: 118
I/IndexDatabaseHelper( 4865): Index is fine
D/Index   ( 4865): Locale 'en_US' is already indexed
D/OpenGLRenderer( 4865): Render dirty regions requested: true
D/Atlas   ( 4865): Validating map...
D/BluetoothAdapter( 4865): 446899307: getState() :  mService = null. Returning STATE_OFF
D/DashboardSummary( 4865): rebuildUI took: 232 ms
D/BluetoothAdapter( 4865): 446899307: getState() :  mService = null. Returning STATE_OFF
I/        ( 4865): PLATFORM VERSION : JB-MR-2
I/OpenGLRenderer( 4865): Initialized EGL, version 1.4
D/OpenGLRenderer( 4865): Enabling debug mode 0
D/Index   ( 4865): Deleting data for locale 'en_US' took 15 millis
D/Index   ( 4865): Indexing locale 'en_US' took 22 millis
I/ActivityManager( 4122): Displayed com.android.settings/.Settings: +866ms
I/Timeline( 4122): Timeline: Activity_windows_visible id: ActivityRecord{633e59f u0 com.android.settings/.Settings t10} time:65367
D/Index   ( 4865): Deleting data for locale 'en_US' took 14 millis
D/BluetoothAdapter( 4865): 446899307: getState() :  mService = null. Returning STATE_OFF
D/Index   ( 4865): Indexing locale 'en_US' took 6 millis
I/Timeline( 4865): Timeline: Activity_idle id: android.os.BinderProxy@1a7d0009 time:65485
D/TaskPersister( 4122): removeObsoleteFile: deleting file=5_task.xml
D/TaskPersister( 4122): removeObsoleteFile: deleting file=5_task_thumbnail.png
I/Timeline( 4865): Timeline: Activity_launch_request id:com.android.settings time:69176
W/AudioPolicyManager( 3694): getOutput() could not find output for stream 1, samplingRate 0,format 0, channels 3, flags 0
W/AudioPolicyManager( 3694): getOutput() could not find output for stream 1, samplingRate 0,format 0, channels 3, flags 0
I/ActivityManager( 4122): START u0 {act=android.intent.action.MAIN cmp=com.android.settings/.SubSettings (has extras)} from uid 1000 on display 0
W/AudioPolicyManager( 3694): getOutput() could not find output for stream 1, samplingRate 48000,format 1, channels 3, flags 4
E/AudioTrack( 4122): Could not get audio output for stream type 1, usage 13, sample rate 48000, format 0x1, channel mask 0x3, flags 0x4
E/SoundPool( 4122): Error creating AudioTrack
D/SubSettings( 4865): Launching fragment com.android.settings.DeviceInfoSettings
I/ActivityManager( 4122): Displayed com.android.settings/.SubSettings: +319ms
D/OpenGLRenderer( 4865): endAllStagingAnimators on 0x9ea97600 (RippleDrawable) with handle 0x9fe17280
I/Timeline( 4865): Timeline: Activity_idle id: android.os.BinderProxy@3be7f927 time:69564
I/Timeline( 4122): Timeline: Activity_windows_visible id: ActivityRecord{32850849 u0 com.android.settings/.SubSettings t10} time:69898
E/Vold    ( 3676): Failed to find mounted volume for /storage/extSdCard/Android/data/com.cyanogenmod.filemanager/cache/
W/Vold    ( 3676): Returning OperationFailed - no handler for errno 0
W/ContextImpl( 5668): Failed to ensure directory: /storage/extSdCard/Android/data/com.cyanogenmod.filemanager/cache
D/OpenGLRenderer( 4122): Render dirty regions requested: true
D/Atlas   ( 4122): Validating map...
I/OpenGLRenderer( 4122): Initialized EGL, version 1.4
D/OpenGLRenderer( 4122): Enabling debug mode 0
D/PhoneStatusBar( 4292): disable: < EXPAND* icons alerts system_info back home recent clock search >
W/AudioPolicyManager( 3694): getOutput() could not find output for stream 1, samplingRate 0,format 0, channels 3, flags 0
W/AudioPolicyManager( 3694): getOutput() could not find output for stream 1, samplingRate 0,format 0, channels 3, flags 0
W/AudioPolicyManager( 3694): getOutput() could not find output for stream 1, samplingRate 48000,format 1, channels 3, flags 4
E/AudioTrack( 4122): Could not get audio output for stream type 1, usage 13, sample rate 48000, format 0x1, channel mask 0x3, flags 0x4
E/SoundPool( 4122): Error creating AudioTrack
W/InputMethodManagerService( 4122): Window already focused, ignoring focus gain of: com.android.internal.view.IInputMethodClient$Stub$Proxy@2087a2e6 attribute=null, token = android.os.BinderProxy@1212b467
I/ActivityManager( 4122): Start proc com.android.systemui:screenshot for service com.android.systemui/.screenshot.TakeScreenshotService: pid=5798 uid=10016 gids={50016, 9997, 1028, 1015, 1035, 3002, 3001, 3006} abi=armeabi-v7a
D/PhoneStatusBar( 4292): disable: < expand* icons alerts system_info back home recent clock search >
D/PermissionCache( 3691): checking android.permission.READ_FRAME_BUFFER for uid=10016 => granted (525 us)
D/WVMDrmPlugIn( 3693): WVMDrmPlugin::onInitialize : 6604
D/WVMDrmPlugIn( 3693): WVMDrmPlugin::onSetOnInfoListener : add 6604
D/WVMDrmPlugIn( 3693): WVMDrmPlugin::onTerminate : 6604
I/FFmpegExtractor( 3694): android-source:0xb3c06060
I/FFMPEG  ( 3694): Input #0, ogg, from 'android-source:0xb3c06060':
I/FFMPEG  ( 3694):   Duration: 00:00:00.42, start: 0.000000, bitrate: 113 kb/s
I/FFMPEG  ( 3694):     Stream #0:0: Audio: vorbis, 48000 Hz, mono, fltp, 48 kb/s
I/FFMPEG  ( 3694):     Metadata:
I/FFMPEG  ( 3694):       TITLE           : Camera Shutter
I/FFMPEG  ( 3694):       ARTIST          : (c) 2012 Android Open Source Project
D/FFmpegExtractor( 3694): FFmpegExtrator, url: android-source:0xb3c06060, format_name: ogg, format_long_name: Ogg
I/FFmpegExtractor( 3694): adjust mime(application/ogg -> audio/vorbis)
D/FFmpegExtractor( 3694): suppoted codec(vorbis) by official Stagefright
D/FFmpegExtractor( 3694): ffmpeg detected media content as 'audio/vorbis' with confidence 0.08
D/NuPlayerDriver( 3694): start(0xb1d0d160)
I/GenericSource( 3694): start
W/Utils   ( 3694): bool android::canOffloadStream(const android::sp<android::MetaData>&, bool, const android::sp<android::MetaData>&, bool, audio_stream_type_t) No sample bit depth info in meta data
E/AudioPolicyManager( 3694): isOffloadSupported: stream_type != MUSIC, returning false
W/Utils   ( 3694): bool android::canOffloadStream(const android::sp<android::MetaData>&, bool, const android::sp<android::MetaData>&, bool, audio_stream_type_t) No sample bit depth info in meta data
E/AudioPolicyManager( 3694): isOffloadSupported: stream_type != MUSIC, returning false
D/OpenGLRenderer( 5798): Render dirty regions requested: true
D/Atlas   ( 5798): Validating map...
D/NuPlayerDriver( 3694): reset(0xb1d0d160)
D/NuPlayerDriver( 3694): notifyResetComplete(0xb1d0d160)
I/        ( 5798): PLATFORM VERSION : JB-MR-2
I/OpenGLRenderer( 5798): Initialized EGL, version 1.4
D/OpenGLRenderer( 5798): Enabling debug mode 0
W/AudioPolicyManager( 3694): getOutput() could not find output for stream 7, samplingRate 0,format 0, channels 3, flags 0
W/AudioPolicyManager( 3694): getOutput() could not find output for stream 7, samplingRate 0,format 0, channels 3, flags 0
W/AudioPolicyManager( 3694): getOutput() could not find output for stream 7, samplingRate 48000,format 1, channels 1, flags 4
E/AudioTrack( 5798): Could not get audio output for stream type 7, usage 13, sample rate 48000, format 0x1, channel mask 0x1, flags 0x4
E/SoundPool( 5798): Error creating AudioTrack
