F/art     ( 5777): art/runtime/runtime.cc:284]   at java.lang.Class.forName(Class.java:272)
F/art     ( 5777): art/runtime/runtime.cc:284]   at com.android.internal.os.ZygoteInit.preloadClasses(ZygoteInit.java:326)
F/art     ( 5777): art/runtime/runtime.cc:284]   at com.android.internal.os.ZygoteInit.preload(ZygoteInit.java:254)
F/art     ( 5777): art/runtime/runtime.cc:284]   at com.android.internal.os.ZygoteInit.main(ZygoteInit.java:670)
F/art     ( 5777): art/runtime/runtime.cc:284] 
F/art     ( 5777): art/runtime/runtime.cc:284] "ReferenceQueueDaemon" prio=5 tid=2 Waiting
F/art     ( 5777): art/runtime/runtime.cc:284]   | group="" sCount=0 dsCount=0 obj=0x12f06860 self=0xb5108000
F/art     ( 5777): art/runtime/runtime.cc:284]   | sysTid=5835 nice=0 cgrp=default sched=0/0 handle=0xac721300
F/art     ( 5777): art/runtime/runtime.cc:284]   | state=S schedstat=( 10049379 115042 52 ) utm=0 stm=0 core=7 HZ=100
F/art     ( 5777): art/runtime/runtime.cc:284]   | stack=0xa9e7c000-0xa9e7e000 stackSize=1036KB
F/art     ( 5777): art/runtime/runtime.cc:284]   | held mutexes=
F/art     ( 5777): art/runtime/runtime.cc:284]   kernel: (couldn't read /proc/self/task/5835/stack)
F/art     ( 5777): art/runtime/runtime.cc:284]   native: #00 pc 00010114  /system/lib/libc.so (syscall+28)
F/art     ( 5777): art/runtime/runtime.cc:284]   native: #01 pc 000a9553  /system/lib/libart.so (art::ConditionVariable::Wait(art::Thread*)+98)
F/art     ( 5777): art/runtime/runtime.cc:284]   native: #02 pc 001f4c89  /system/lib/libart.so (art::Monitor::Wait(art::Thread*, long long, int, bool, art::ThreadState)+1036)
F/art     ( 5777): art/runtime/runtime.cc:284]   native: #03 pc 001f634d  /system/lib/libart.so (art::Monitor::Wait(art::Thread*, art::mirror::Object*, long long, int, bool, art::ThreadState)+136)
F/art     ( 5777): art/runtime/runtime.cc:284]   native: #04 pc 002038ad  /system/lib/libart.so (art::Object_wait(_JNIEnv*, _jobject*)+40)
F/art     ( 5777): art/runtime/runtime.cc:284]   native: #05 pc 000a23b1  /system/lib/libart.so (art_quick_generic_jni_trampoline+32)
W/main    ( 5777): type=1701 audit(0.0:1708): auid=4294967295 uid=0 gid=0 ses=4294967295 subj=u:r:zygote:s0 reason="memory violation" sig=6
F/art     ( 5777): art/runtime/runtime.cc:284]   native: #06 pc 001e499d  /system/lib/libart.so (art::mirror::ArtMethod::Invoke(art::Thread*, unsigned int*, unsigned int, art::JValue*, char const*)+152)
F/art     ( 5777): art/runtime/runtime.cc:284]   at java.lang.Object.wait!(Native method)
F/art     ( 5777): art/runtime/runtime.cc:284]   - waiting on <0x078111f6> (a java.lang.Class<java.lang.ref.ReferenceQueue>)
F/art     ( 5777): art/runtime/runtime.cc:284]   at java.lang.Daemons$ReferenceQueueDaemon.run(Daemons.java:133)
F/art     ( 5777): art/runtime/runtime.cc:284]   - locked <0x078111f6> (a java.lang.Class<java.lang.ref.ReferenceQueue>)
F/art     ( 5777): art/runtime/runtime.cc:284]   at java.lang.Thread.run(Thread.java:818)
F/art     ( 5777): art/runtime/runtime.cc:284] 
F/art     ( 5777): art/runtime/runtime.cc:284] "FinalizerDaemon" prio=5 tid=3 Waiting
F/art     ( 5777): art/runtime/runtime.cc:284]   | group="" sCount=0 dsCount=0 obj=0x12f06920 self=0xb5107c00
F/art     ( 5777): art/runtime/runtime.cc:284]   | sysTid=5836 nice=0 cgrp=default sched=0/0 handle=0xac721080
F/art     ( 5777): art/runtime/runtime.cc:284]   | state=S schedstat=( 10678999 64417 52 ) utm=0 stm=1 core=4 HZ=100
F/art     ( 5777): art/runtime/runtime.cc:284]   | stack=0xa9bfe000-0xa9c00000 stackSize=1036KB
F/art     ( 5777): art/runtime/runtime.cc:284]   | held mutexes=
F/art     ( 5777): art/runtime/runtime.cc:284]   kernel: (couldn't read /proc/self/task/5836/stack)
F/art     ( 5777): art/runtime/runtime.cc:284]   native: #00 pc 00010114  /system/lib/libc.so (syscall+28)
F/art     ( 5777): art/runtime/runtime.cc:284]   native: #01 pc 000a9553  /system/lib/libart.so (art::ConditionVariable::Wait(art::Thread*)+98)
F/art     ( 5777): art/runtime/runtime.cc:284]   native: #02 pc 001f4c89  /system/lib/libart.so (art::Monitor::Wait(art::Thread*, long long, int, bool, art::ThreadState)+1036)
F/art     ( 5777): art/runtime/runtime.cc:284]   native: #03 pc 001f634d  /system/lib/libart.so (art::Monitor::Wait(art::Thread*, art::mirror::Object*, long long, int, bool, art::ThreadState)+136)
F/art     ( 5777): art/runtime/runtime.cc:284]   native: #04 pc 00203875  /system/lib/libart.so (art::Object_waitJI(_JNIEnv*, _jobject*, long long, int)+44)
F/art     ( 5777): art/runtime/runtime.cc:284]   native: #05 pc 000a23b1  /system/lib/libart.so (art_quick_generic_jni_trampoline+32)
F/art     ( 5777): art/runtime/runtime.cc:284]   native: #06 pc 00000934  /dev/ashmem/dalvik-non moving space (deleted) (???)
F/art     ( 5777): art/runtime/runtime.cc:284]   at java.lang.Object.wait!(Native method)
F/art     ( 5777): art/runtime/runtime.cc:284]   - waiting on <0x1fb1c9f7> (a java.lang.ref.ReferenceQueue)
F/art     ( 5777): art/runtime/runtime.cc:284]   at java.lang.Object.wait(Object.java:422)
F/art     ( 5777): art/runtime/runtime.cc:284]   at java.lang.ref.ReferenceQueue.remove(ReferenceQueue.java:101)
F/art     ( 5777): art/runtime/runtime.cc:284]   - locked <0x1fb1c9f7> (a java.lang.ref.ReferenceQueue)
F/art     ( 5777): art/runtime/runtime.cc:284]   at java.lang.ref.ReferenceQueue.remove(ReferenceQueue.java:72)
F/art     ( 5777): art/runtime/runtime.cc:284]   at java.lang.Daemons$FinalizerDaemon.run(Daemons.java:173)
F/art     ( 5777): art/runtime/runtime.cc:284]   at java.lang.Thread.run(Thread.java:818)
F/art     ( 5777): art/runtime/runtime.cc:284] 
F/art     ( 5777): art/runtime/runtime.cc:284] "FinalizerWatchdogDaemon" prio=5 tid=4 Sleeping
F/art     ( 5777): art/runtime/runtime.cc:284]   | group="" sCount=0 dsCount=0 obj=0x12f06980 self=0xb5108400
F/art     ( 5777): art/runtime/runtime.cc:284]   | sysTid=5837 nice=0 cgrp=default sched=0/0 handle=0xac721580
F/art     ( 5777): art/runtime/runtime.cc:284]   | state=S schedstat=( 1149500 128625 2 ) utm=0 stm=0 core=6 HZ=100
F/art     ( 5777): art/runtime/runtime.cc:284]   | stack=0xa98fe000-0xa9900000 stackSize=1036KB
F/art     ( 5777): art/runtime/runtime.cc:284]   | held mutexes=
F/art     ( 5777): art/runtime/runtime.cc:284]   kernel: (couldn't read /proc/self/task/5837/stack)
F/art     ( 5777): art/runtime/runtime.cc:284]   native: #00 pc 00010118  /system/lib/libc.so (syscall+32)
F/art     ( 5777): art/runtime/runtime.cc:284]   native: #01 pc 000a92df  /system/lib/libart.so (art::ConditionVariable::TimedWait(art::Thread*, long long, int)+118)
F/art     ( 5777): art/runtime/runtime.cc:284]   native: #02 pc 001f4a75  /system/lib/libart.so (art::Monitor::Wait(art::Thread*, long long, int, bool, art::ThreadState)+504)
F/art     ( 5777): art/runtime/runtime.cc:284]   native: #03 pc 001f634d  /system/lib/libart.so (art::Monitor::Wait(art::Thread*, art::mirror::Object*, long long, int, bool, art::ThreadState)+136)
F/art     ( 5777): art/runtime/runtime.cc:284]   native: #04 pc 000a23b1  /system/lib/libart.so (art_quick_generic_jni_trampoline+32)
F/art     ( 5777): art/runtime/runtime.cc:284]   native: #05 pc 00038154  /dev/ashmem/dalvik-non moving space (deleted) (???)
F/art     ( 5777): art/runtime/runtime.cc:284]   at java.lang.Thread.sleep!(Native method)
F/art     ( 5777): art/runtime/runtime.cc:284]   - sleeping on <0x16467064> (a java.lang.Object)
F/art     ( 5777): art/runtime/runtime.cc:284]   at java.lang.Thread.sleep(Thread.java:1031)
F/art     ( 5777): art/runtime/runtime.cc:284]   - locked <0x16467064> (a java.lang.Object)
F/art     ( 5777): art/runtime/runtime.cc:284]   at java.lang.Thread.sleep(Thread.java:985)
F/art     ( 5777): art/runtime/runtime.cc:284]   at java.lang.Daemons$FinalizerWatchdogDaemon.sleepFor(Daemons.java:257)
F/art     ( 5777): art/runtime/runtime.cc:284]   at java.lang.Daemons$FinalizerWatchdogDaemon.waitForFinalization(Daemons.java:268)
F/art     ( 5777): art/runtime/runtime.cc:284]   at java.lang.Daemons$FinalizerWatchdogDaemon.run(Daemons.java:216)
F/art     ( 5777): art/runtime/runtime.cc:284]   at java.lang.Thread.run(Thread.java:818)
F/art     ( 5777): art/runtime/runtime.cc:284] 
F/art     ( 5777): art/runtime/runtime.cc:284] "HeapTrimmerDaemon" prio=5 tid=5 Waiting
F/art     ( 5777): art/runtime/runtime.cc:284]   | group="" sCount=0 dsCount=0 obj=0x12f069e0 self=0xb5108800
F/art     ( 5777): art/runtime/runtime.cc:284]   | sysTid=5838 nice=0 cgrp=default sched=0/0 handle=0xac721800
F/art     ( 5777): art/runtime/runtime.cc:284]   | state=S schedstat=( 1090500 0 1 ) utm=0 stm=0 core=4 HZ=100
F/art     ( 5777): art/runtime/runtime.cc:284]   | stack=0xa95fe000-0xa9600000 stackSize=1036KB
F/art     ( 5777): art/runtime/runtime.cc:284]   | held mutexes=
F/art     ( 5777): art/runtime/runtime.cc:284]   kernel: (couldn't read /proc/self/task/5838/stack)
F/art     ( 5777): art/runtime/runtime.cc:284]   native: #00 pc 00010114  /system/lib/libc.so (syscall+28)
F/art     ( 5777): art/runtime/runtime.cc:284]   native: #01 pc 000a9553  /system/lib/libart.so (art::ConditionVariable::Wait(art::Thread*)+98)
F/art     ( 5777): art/runtime/runtime.cc:284]   native: #02 pc 001f4c89  /system/lib/libart.so (art::Monitor::Wait(art::Thread*, long long, int, bool, art::ThreadState)+1036)
F/art     ( 5777): art/runtime/runtime.cc:284]   native: #03 pc 001f634d  /system/lib/libart.so (art::Monitor::Wait(art::Thread*, art::mirror::Object*, long long, int, bool, art::ThreadState)+136)
F/art     ( 5777): art/runtime/runtime.cc:284]   native: #04 pc 002038ad  /system/lib/libart.so (art::Object_wait(_JNIEnv*, _jobject*)+40)
F/art     ( 5777): art/runtime/runtime.cc:284]   native: #05 pc 000a23b1  /system/lib/libart.so (art_quick_generic_jni_trampoline+32)
F/art     ( 5777): art/runtime/runtime.cc:284]   native: #06 pc 002024d4  /dev/ashmem/dalvik-classes.dex extracted in memory from /system/framework/core-libart.jar (deleted) (???)
F/art     ( 5777): art/runtime/runtime.cc:284]   at java.lang.Object.wait!(Native method)
F/art     ( 5777): art/runtime/runtime.cc:284]   - waiting on <0x039482cd> (a java.lang.Daemons$HeapTrimmerDaemon)
F/art     ( 5777): art/runtime/runtime.cc:284]   at java.lang.Daemons$HeapTrimmerDaemon.run(Daemons.java:310)
F/art     ( 5777): art/runtime/runtime.cc:284]   - locked <0x039482cd> (a java.lang.Daemons$HeapTrimmerDaemon)
F/art     ( 5777): art/runtime/runtime.cc:284]   at java.lang.Thread.run(Thread.java:818)
F/art     ( 5777): art/runtime/runtime.cc:284] 
F/art     ( 5777): art/runtime/runtime.cc:284] "GCDaemon" prio=5 tid=6 Waiting
F/art     ( 5777): art/runtime/runtime.cc:284]   | group="" sCount=0 dsCount=0 obj=0x12f06a40 self=0xb5108c00
F/art     ( 5777): art/runtime/runtime.cc:284]   | sysTid=5839 nice=0 cgrp=default sched=0/0 handle=0xac721a80
F/art     ( 5777): art/runtime/runtime.cc:284]   | state=S schedstat=( 24098373 106542 20 ) utm=2 stm=0 core=4 HZ=100
F/art     ( 5777): art/runtime/runtime.cc:284]   | stack=0xa92fe000-0xa9300000 stackSize=1036KB
F/art     ( 5777): art/runtime/runtime.cc:284]   | held mutexes=
F/art     ( 5777): art/runtime/runtime.cc:284]   kernel: (couldn't read /proc/self/task/5839/stack)
F/art     ( 5777): art/runtime/runtime.cc:284]   native: #00 pc 00010114  /system/lib/libc.so (syscall+28)
F/art     ( 5777): art/runtime/runtime.cc:284]   native: #01 pc 000a9553  /system/lib/libart.so (art::ConditionVariable::Wait(art::Thread*)+98)
F/art     ( 5777): art/runtime/runtime.cc:284]   native: #02 pc 001f4c89  /system/lib/libart.so (art::Monitor::Wait(art::Thread*, long long, int, bool, art::ThreadState)+1036)
F/art     ( 5777): art/runtime/runtime.cc:284]   native: #03 pc 001f634d  /system/lib/libart.so (art::Monitor::Wait(art::Thread*, art::mirror::Object*, long long, int, bool, art::ThreadState)+136)
F/art     ( 5777): art/runtime/runtime.cc:284]   native: #04 pc 002038ad  /system/lib/libart.so (art::Object_wait(_JNIEnv*, _jobject*)+40)
F/art     ( 5777): art/runtime/runtime.cc:284]   native: #05 pc 000a23b1  /system/lib/libart.so (art_quick_generic_jni_trampoline+32)
F/art     ( 5777): art/runtime/runtime.cc:284]   native: #06 pc 002024d4  /dev/ashmem/dalvik-classes.dex extracted in memory from /system/framework/core-libart.jar (deleted) (???)
F/art     ( 5777): art/runtime/runtime.cc:284]   at java.lang.Object.wait!(Native method)
F/art     ( 5777): art/runtime/runtime.cc:284]   - waiting on <0x3da45782> (a java.lang.Daemons$GCDaemon)
F/art     ( 5777): art/runtime/runtime.cc:284]   at java.lang.Daemons$GCDaemon.run(Daemons.java:341)
F/art     ( 5777): art/runtime/runtime.cc:284]   - locked <0x3da45782> (a java.lang.Daemons$GCDaemon)
F/art     ( 5777): art/runtime/runtime.cc:284]   at java.lang.Thread.run(Thread.java:818)
F/art     ( 5777): art/runtime/runtime.cc:284] 
F/art     ( 5777): art/runtime/runtime.cc:284] 
F/libc    ( 5777): Fatal signal 6 (SIGABRT), code -6 in tid 5777 (main)
I/libc    ( 5777): Suppressing debuggerd output because prctl(PR_GET_DUMPABLE)==0
W/init    ( 5840): type=1400 audit(0.0:1709): avc: denied { entrypoint } for path="/system/bin/auditd" dev="mmcblk0p18" ino=173 scontext=u:r:logd:s0 tcontext=u:object_r:system_file:s0 tclass=file
W/init    ( 5840): type=1300 audit(0.0:1709): arch=40000028 syscall=11 per=800000 success=no exit=-13 a0=b6c80954 a1=b6c69530 a2=57e64 a3=ff0000 items=1 ppid=1 auid=4294967295 uid=0 gid=0 euid=0 suid=0 fsuid=0 egid=0 sgid=0 fsgid=0 ses=4294967295 tty=(none) exe="/init" subj=u:r:init:s0 key=(null)
W/auditd  ( 3586): type=1307 audit(0.0:1709): cwd="/"
W/auditd  ( 3586): type=1302 audit(0.0:1709): item=0 name="/system/bin/auditd" inode=173 dev=103:0a mode=0100755 ouid=0 ogid=2000 rdev=00:00 obj=u:object_r:system_file:s0
W/auditd  ( 3586): type=1320 audit(0.0:1709): 
I/SurfaceFlinger( 5841): SurfaceFlinger is starting
I/SurfaceFlinger( 5841): SurfaceFlinger's main thread ready to run. Initializing graphics H/W...
D/libEGL  ( 5841): loaded /vendor/lib/egl/libGLES_mali.so
I/        ( 5841): PLATFORM VERSION : JB-MR-2
I/gralloc ( 5841): using (fd=12)
I/gralloc ( 5841): id           = 
I/gralloc ( 5841): xres         = 1080 px
I/gralloc ( 5841): yres         = 1920 px
I/gralloc ( 5841): xres_virtual = 1080 px
I/gralloc ( 5841): yres_virtual = 3840 px
I/gralloc ( 5841): bpp          = 32
I/gralloc ( 5841): r            = 16:8
I/gralloc ( 5841): g            =  8:8
I/gralloc ( 5841): b            =  0:8
I/gralloc ( 5841): width        = 65 mm (422.030762 dpi)
I/gralloc ( 5841): height       = 115 mm (424.069580 dpi)
I/gralloc ( 5841): refresh rate = 60.00 Hz
D/hwcomposer( 5841): using
D/hwcomposer( 5841): xres         = 1080 px
D/hwcomposer( 5841): yres         = 1920 px
D/hwcomposer( 5841): width        = 65 mm (422.030000 dpi)
D/hwcomposer( 5841): height       = 115 mm (424.069000 dpi)
D/hwcomposer( 5841): refresh rate = 60 Hz
D/libexynosv4l2-subdev( 5841): try node: /dev/v4l-subdev0
D/libexynosv4l2-subdev( 5841): try node: /dev/v4l-subdev1
D/libexynosv4l2-subdev( 5841): try node: /dev/v4l-subdev2
I/libexynosv4l2-subdev( 5841): node found for device s5p-mixer0: /dev/v4l-subdev2
I/libexynosv4l2-subdev( 5841): open subdev device /dev/v4l-subdev2
I/hwcomposer( 5841): PSR info devname = /sys/devices/14400000.fimd_fb/psr_info
I/hwcomposer( 5841): PSR mode is 2(0: video mode, 1: DP PSR mode, 2: MIPI-DSI command mode)
I/SurfaceFlinger( 5841): Using composer version 1.3
I/SurfaceFlinger( 5841): EGL information:
I/SurfaceFlinger( 5841): vendor    : Android
I/SurfaceFlinger( 5841): version   : 1.4 Android META-EGL
I/SurfaceFlinger( 5841): extensions: EGL_KHR_get_all_proc_addresses EGL_ANDROID_presentation_time EGL_KHR_image EGL_KHR_image_base EGL_KHR_gl_texture_2D_image EGL_KHR_gl_texture_cubemap_image EGL_KHR_gl_renderbuffer_image EGL_KHR_fence_sync EGL_KHR_create_context EGL_ANDROID_image_native_buffer EGL_KHR_wait_sync EGL_ANDROID_recordable 
I/SurfaceFlinger( 5841): Client API: OpenGL_ES
I/SurfaceFlinger( 5841): EGLSurface: 8-8-8-8, config=0xb6acf2ac
I/SurfaceFlinger( 5841): OpenGL ES informations:
I/SurfaceFlinger( 5841): vendor    : ARM
I/SurfaceFlinger( 5841): renderer  : Mali-T628
I/SurfaceFlinger( 5841): version   : OpenGL ES 3.0
I/SurfaceFlinger( 5841): extensions: GL_EXT_debug_marker GL_ARM_rgba8 GL_ARM_mali_shader_binary GL_OES_depth24 GL_OES_depth_texture GL_OES_depth_texture_cube_map GL_OES_packed_depth_stencil GL_OES_rgb8_rgba8 GL_EXT_read_format_bgra GL_OES_compressed_paletted_texture GL_OES_compressed_ETC1_RGB8_texture GL_OES_standard_derivatives GL_OES_EGL_image GL_OES_EGL_image_external GL_OES_EGL_sync GL_OES_texture_npot GL_OES_vertex_half_float GL_OES_required_internalformat GL_OES_vertex_array_object GL_OES_mapbuffer GL_EXT_texture_format_BGRA8888 GL_EXT_texture_rg GL_EXT_texture_type_2_10_10_10_REV GL_OES_fbo_render_mipmap GL_OES_element_index_uint GL_EXT_shadow_samplers GL_OES_texture_compression_astc GL_KHR_texture_compression_astc_ldr GL_KHR_texture_compression_astc_hdr GL_KHR_debug GL_EXT_occlusion_query_boolean GL_EXT_blend_minmax GL_EXT_discard_framebuffer GL_OES_get_program_binary GL_OES_texture_3D GL_EXT_texture_storage GL_EXT_multisampled_render_to_texture GL_OES_surfaceless_context GL_ARM_mali_program_binary 
I/SurfaceFlinger( 5841): GL_MAX_TEXTURE_SIZE = 8192
I/SurfaceFlinger( 5841): GL_MAX_VIEWPORT_DIMS = 8192
E/libEGL  ( 5841): eglQuerySurface:607 error 300d (EGL_BAD_SURFACE)
E/libEGL  ( 5841): eglQuerySurface:607 error 300d (EGL_BAD_SURFACE)
E/libEGL  ( 5841): call to OpenGL ES API with no current context (logged once per thread)
D/SurfaceFlinger( 5841): Set power mode=2, type=0 flinger=0xb6a62000
I/hwcomposer( 5841): int exynos5_blank(hwc_composer_device_1*, int, int):: disp(0), blank(0)
I/hwcomposer( 5841): unblank ioctl failed (display already unblanked)
E/libEGL  ( 5841): eglSwapBuffers:1071 error 300d (EGL_BAD_SURFACE)
F/SurfaceFlinger( 5841): eglSwapBuffers(0x1, 0x0) failed with 0x0000300d
F/libc    ( 5841): Fatal signal 6 (SIGABRT), code -6 in tid 5841 (surfaceflinger)
I/DEBUG   ( 3589): property debug.db.uid not set; NOT waiting for gdb.
I/DEBUG   ( 3589): HINT: adb shell setprop debug.db.uid 100000
I/DEBUG   ( 3589): HINT: adb forward tcp:5039 tcp:5039
I/Netd    ( 5872): Netd 1.0 starting
E/Netd    ( 5872): Failed to open /proc/sys/net/ipv6/conf/default/accept_ra_rt_table: No such file or directory
E/Netd    ( 5872): Failed to open /proc/sys/net/ipv6/conf/ip6tnl0/accept_ra_rt_table: No such file or directory
E/Netd    ( 5872): Failed to open /proc/sys/net/ipv6/conf/lo/accept_ra_rt_table: No such file or directory
E/Netd    ( 5872): Failed to open /proc/sys/net/ipv6/conf/rmnet0/accept_ra_rt_table: No such file or directory
E/Netd    ( 5872): Failed to open /proc/sys/net/ipv6/conf/rmnet1/accept_ra_rt_table: No such file or directory
E/Netd    ( 5872): Failed to open /proc/sys/net/ipv6/conf/rmnet2/accept_ra_rt_table: No such file or directory
E/Netd    ( 5872): Failed to open /proc/sys/net/ipv6/conf/rmnet3/accept_ra_rt_table: No such file or directory
E/Netd    ( 5872): Failed to open /proc/sys/net/ipv6/conf/sit0/accept_ra_rt_table: No such file or directory
W/auditd  ( 3586): type=1325 audit(0.0:1710): table=filter family=2 entries=43
W/iptables( 5873): type=1300 audit(0.0:1710): arch=40000028 syscall=294 per=800000 success=yes exit=0 a0=4 a1=0 a2=40 a3=b6c29000 items=0 ppid=5872 auid=4294967295 uid=0 gid=0 euid=0 suid=0 fsuid=0 egid=0 sgid=0 fsgid=0 ses=4294967295 tty=(none) exe="/system/bin/iptables" subj=u:r:netd:s0 key=(null)
W/auditd  ( 3586): type=1320 audit(0.0:1710): 
W/auditd  ( 3586): type=1325 audit(0.0:1711): table=filter family=10 entries=40
W/ip6tables( 5874): type=1300 audit(0.0:1711): arch=40000028 syscall=294 per=800000 success=yes exit=0 a0=4 a1=29 a2=40 a3=b6c2e000 items=0 ppid=5872 auid=4294967295 uid=0 gid=0 euid=0 suid=0 fsuid=0 egid=0 sgid=0 fsgid=0 ses=4294967295 tty=(none) exe="/system/bin/ip6tables" subj=u:r:netd:s0 key=(null)
W/auditd  ( 3586): type=1320 audit(0.0:1711): 
W/debuggerd( 3589): type=1400 audit(0.0:1712): avc: denied { write } for name="ndebugsocket" dev="mmcblk0p21" ino=671131 scontext=u:r:debuggerd:s0 tcontext=u:object_r:system_ndebug_socket:s0 tclass=fifo_file
I/DEBUG   ( 3589): *** *** *** *** *** *** *** *** *** *** *** *** *** *** *** ***
I/DEBUG   ( 3589): Build fingerprint: 'samsung/cm_k3gxx/k3gxx:5.0.2/LRX22G/ca2fb2b51d:userdebug/test-keys'
I/DEBUG   ( 3589): Revision: '10'
I/DEBUG   ( 3589): ABI: 'arm'
W/debuggerd( 3589): type=1300 audit(0.0:1712): arch=40000028 syscall=283 per=800000 success=no exit=-13 a0=6 a1=beaf03ec a2=6e a3=b6ec685c items=1 ppid=1 auid=4294967295 uid=0 gid=0 euid=0 suid=0 fsuid=0 egid=0 sgid=0 fsgid=0 ses=4294967295 tty=(none) exe="/system/bin/debuggerd" subj=u:r:debuggerd:s0 key=(null)
W/auditd  ( 3586): type=1306 audit(0.0:1712): saddr=01002F646174612F73797374656D2F6E6465627567736F636B65740000000000000000000000000000000000000000000000000000000000000000000000000000000000000000000000000000000000000000000000000000000000000000000000000000000000000000000000
I/DEBUG   ( 3589): pid: 5841, tid: 5841, name: surfaceflinger  >>> /system/bin/surfaceflinger <<<
I/DEBUG   ( 3589): signal 6 (SIGABRT), code -6 (SI_TKILL), fault addr --------
W/auditd  ( 3586): type=1302 audit(0.0:1712): item=0 name=(null) inode=671131 dev=103:0d mode=010700 ouid=1000 ogid=1000 rdev=00:00 obj=u:object_r:system_ndebug_socket:s0
W/auditd  ( 3586): type=1320 audit(0.0:1712): 
W/auditd  ( 3586): type=1325 audit(0.0:1713): table=filter family=2 entries=42
W/iptables( 5875): type=1300 audit(0.0:1713): arch=40000028 syscall=294 per=800000 success=yes exit=0 a0=4 a1=0 a2=40 a3=b6c26000 items=0 ppid=5872 auid=4294967295 uid=0 gid=0 euid=0 suid=0 fsuid=0 egid=0 sgid=0 fsgid=0 ses=4294967295 tty=(none) exe="/system/bin/iptables" subj=u:r:netd:s0 key=(null)
W/auditd  ( 3586): type=1320 audit(0.0:1713): 
I/DEBUG   ( 3589): Abort message: 'eglSwapBuffers(0x1, 0x0) failed with 0x0000300d'
I/DEBUG   ( 3589):     r0 00000000  r1 000016d1  r2 00000006  r3 00000000
I/DEBUG   ( 3589):     r4 b6f91114  r5 00000006  r6 0000000b  r7 0000010c
I/DEBUG   ( 3589):     r8 00000000  r9 bebf9bd0  sl b6a54210  fp bebf9bd0
I/DEBUG   ( 3589):     ip 000016d1  sp bebf9650  lr b6f1b7b9  pc b6f3f4e4  cpsr 600f0010
I/DEBUG   ( 3589): 
I/DEBUG   ( 3589): backtrace:
I/DEBUG   ( 3589):     #00 pc 000384e4  /system/lib/libc.so (tgkill+12)
I/DEBUG   ( 3589):     #01 pc 000147b5  /system/lib/libc.so (pthread_kill+52)
I/DEBUG   ( 3589):     #02 pc 0001550b  /system/lib/libc.so (raise+10)
I/DEBUG   ( 3589):     #03 pc 00011c35  /system/lib/libc.so (__libc_android_abort+36)
I/DEBUG   ( 3589):     #04 pc 0000fcb8  /system/lib/libc.so (abort+4)
I/DEBUG   ( 3589):     #05 pc 00007739  /system/lib/libcutils.so (__android_log_assert+88)
I/DEBUG   ( 3589):     #06 pc 0000f4df  /system/lib/libsurfaceflinger.so
I/DEBUG   ( 3589):     #07 pc 0001b9fd  /system/lib/libsurfaceflinger.so
I/DEBUG   ( 3589):     #08 pc 0001abe7  /system/lib/libsurfaceflinger.so
I/DEBUG   ( 3589):     #09 pc 00019fc3  /system/lib/libsurfaceflinger.so
I/DEBUG   ( 3589):     #10 pc 00019d49  /system/lib/libsurfaceflinger.so
I/DEBUG   ( 3589):     #11 pc 00010ed3  /system/lib/libutils.so (android::Looper::pollInner(int)+410)
I/DEBUG   ( 3589):     #12 pc 00010fc5  /system/lib/libutils.so (android::Looper::pollOnce(int, int*, int*, void**)+92)
I/DEBUG   ( 3589):     #13 pc 000174c5  /system/lib/libsurfaceflinger.so
I/DEBUG   ( 3589):     #14 pc 0001993d  /system/lib/libsurfaceflinger.so (android::SurfaceFlinger::run()+8)
I/DEBUG   ( 3589):     #15 pc 0000083d  /system/bin/surfaceflinger
I/DEBUG   ( 3589):     #16 pc 0000fb75  /system/lib/libc.so (__libc_init+44)
I/DEBUG   ( 3589):     #17 pc 000008d8  /system/bin/surfaceflinger
W/auditd  ( 3586): type=1325 audit(0.0:1777): table=filter family=2 entries=38
W/iptables( 5941): type=1300 audit(0.0:1777): arch=40000028 syscall=294 per=800000 success=yes exit=0 a0=4 a1=0 a2=40 a3=b6c26000 items=0 ppid=5872 auid=4294967295 uid=0 gid=0 euid=0 suid=0 fsuid=0 egid=0 sgid=0 fsgid=0 ses=4294967295 tty=(none) exe="/system/bin/iptables" subj=u:r:netd:s0 key=(null)
W/auditd  ( 3586): type=1320 audit(0.0:1777): 
W/auditd  ( 3586): type=1325 audit(0.0:1778): table=filter family=10 entries=36
W/ip6tables( 5942): type=1300 audit(0.0:1778): arch=40000028 syscall=294 per=800000 success=yes exit=0 a0=4 a1=29 a2=40 a3=b6c28000 items=0 ppid=5872 auid=4294967295 uid=0 gid=0 euid=0 suid=0 fsuid=0 egid=0 sgid=0 fsgid=0 ses=4294967295 tty=(none) exe="/system/bin/ip6tables" subj=u:r:netd:s0 key=(null)
W/auditd  ( 3586): type=1320 audit(0.0:1778): 
W/auditd  ( 3586): type=1325 audit(0.0:1779): table=filter family=2 entries=40
W/iptables( 5943): type=1300 audit(0.0:1779): arch=40000028 syscall=294 per=800000 success=yes exit=0 a0=4 a1=0 a2=40 a3=b6c29000 items=0 ppid=5872 auid=4294967295 uid=0 gid=0 euid=0 suid=0 fsuid=0 egid=0 sgid=0 fsgid=0 ses=4294967295 tty=(none) exe="/system/bin/iptables" subj=u:r:netd:s0 key=(null)
W/auditd  ( 3586): type=1320 audit(0.0:1779): 
W/auditd  ( 3586): type=1325 audit(0.0:1780): table=filter family=10 entries=38
W/ip6tables( 5944): type=1300 audit(0.0:1780): arch=40000028 syscall=294 per=800000 success=yes exit=0 a0=4 a1=29 a2=40 a3=b6c2e000 items=0 ppid=5872 auid=4294967295 uid=0 gid=0 euid=0 suid=0 fsuid=0 egid=0 sgid=0 fsgid=0 ses=4294967295 tty=(none) exe="/system/bin/ip6tables" subj=u:r:netd:s0 key=(null)
W/auditd  ( 3586): type=1320 audit(0.0:1780): 
W/auditd  ( 3586): type=1325 audit(0.0:1781): table=filter family=2 entries=41
W/iptables( 5945): type=1300 audit(0.0:1781): arch=40000028 syscall=294 per=800000 success=yes exit=0 a0=4 a1=0 a2=40 a3=b6c29000 items=0 ppid=5872 auid=4294967295 uid=0 gid=0 euid=0 suid=0 fsuid=0 egid=0 sgid=0 fsgid=0 ses=4294967295 tty=(none) exe="/system/bin/iptables" subj=u:r:netd:s0 key=(null)
W/auditd  ( 3586): type=1320 audit(0.0:1781): 
W/auditd  ( 3586): type=1325 audit(0.0:1782): table=filter family=10 entries=39
W/ip6tables( 5946): type=1300 audit(0.0:1782): arch=40000028 syscall=294 per=800000 success=yes exit=0 a0=4 a1=29 a2=40 a3=b6c2e000 items=0 ppid=5872 auid=4294967295 uid=0 gid=0 euid=0 suid=0 fsuid=0 egid=0 sgid=0 fsgid=0 ses=4294967295 tty=(none) exe="/system/bin/ip6tables" subj=u:r:netd:s0 key=(null)
W/auditd  ( 3586): type=1320 audit(0.0:1782): 
W/auditd  ( 3586): type=1325 audit(0.0:1783): table=filter family=2 entries=40
W/iptables( 5947): type=1300 audit(0.0:1783): arch=40000028 syscall=294 per=800000 success=yes exit=0 a0=4 a1=0 a2=40 a3=b6c26000 items=0 ppid=5872 auid=4294967295 uid=0 gid=0 euid=0 suid=0 fsuid=0 egid=0 sgid=0 fsgid=0 ses=4294967295 tty=(none) exe="/system/bin/iptables" subj=u:r:netd:s0 key=(null)
I/DEBUG   ( 3589): 
I/DEBUG   ( 3589): Tombstone written to: /data/tombstones/tombstone_05
I/ServiceManager( 3575): service 'SurfaceFlinger' died
I/ServiceManager( 3575): service 'Exynos.HWCService' died
I/ServiceManager( 3575): service 'media.wifi_display' died
W/init    ( 5997): type=1400 audit(0.0:1829): avc: denied { entrypoint } for path="/system/bin/auditd" dev="mmcblk0p18" ino=173 scontext=u:r:logd:s0 tcontext=u:object_r:system_file:s0 tclass=file
W/init    ( 5997): type=1300 audit(0.0:1829): arch=40000028 syscall=11 per=800000 success=no exit=-13 a0=b6c80954 a1=b6c69530 a2=57e64 a3=ff0000 items=1 ppid=1 auid=4294967295 uid=0 gid=0 euid=0 suid=0 fsuid=0 egid=0 sgid=0 fsgid=0 ses=4294967295 tty=(none) exe="/init" subj=u:r:init:s0 key=(null)
W/auditd  ( 3586): type=1307 audit(0.0:1829): cwd="/"
W/auditd  ( 3586): type=1302 audit(0.0:1829): item=0 name="/system/bin/auditd" inode=173 dev=103:0a mode=0100755 ouid=0 ogid=2000 rdev=00:00 obj=u:object_r:system_file:s0
W/auditd  ( 3586): type=1320 audit(0.0:1829): 
I/SurfaceFlinger( 5998): SurfaceFlinger is starting
I/SurfaceFlinger( 5998): SurfaceFlinger's main thread ready to run. Initializing graphics H/W...
D/libEGL  ( 5998): loaded /vendor/lib/egl/libGLES_mali.so
I/        ( 5998): PLATFORM VERSION : JB-MR-2
I/gralloc ( 5998): using (fd=12)
I/gralloc ( 5998): id           = 
I/gralloc ( 5998): xres         = 1080 px
I/gralloc ( 5998): yres         = 1920 px
I/gralloc ( 5998): xres_virtual = 1080 px
I/gralloc ( 5998): yres_virtual = 3840 px
I/gralloc ( 5998): bpp          = 32
I/gralloc ( 5998): r            = 16:8
I/gralloc ( 5998): g            =  8:8
I/gralloc ( 5998): b            =  0:8
I/gralloc ( 5998): width        = 65 mm (422.030762 dpi)
I/gralloc ( 5998): height       = 115 mm (424.069580 dpi)
I/gralloc ( 5998): refresh rate = 60.00 Hz
I/mediaserver( 5999): ServiceManager: 0xb60500c0
I/AudioFlinger( 5999): Using default 3000 mSec as standby time.
I/ServiceManager( 5999): Waiting for service batterystats...
D/hwcomposer( 5998): using
D/hwcomposer( 5998): xres         = 1080 px
D/hwcomposer( 5998): yres         = 1920 px
D/hwcomposer( 5998): width        = 65 mm (422.030000 dpi)
D/hwcomposer( 5998): height       = 115 mm (424.069000 dpi)
D/hwcomposer( 5998): refresh rate = 60 Hz
D/libexynosv4l2-subdev( 5998): try node: /dev/v4l-subdev0
D/libexynosv4l2-subdev( 5998): try node: /dev/v4l-subdev1
D/libexynosv4l2-subdev( 5998): try node: /dev/v4l-subdev2
I/libexynosv4l2-subdev( 5998): node found for device s5p-mixer0: /dev/v4l-subdev2
I/libexynosv4l2-subdev( 5998): open subdev device /dev/v4l-subdev2
I/hwcomposer( 5998): PSR info devname = /sys/devices/14400000.fimd_fb/psr_info
I/hwcomposer( 5998): PSR mode is 2(0: video mode, 1: DP PSR mode, 2: MIPI-DSI command mode)
I/SurfaceFlinger( 5998): Using composer version 1.3
I/SurfaceFlinger( 5998): EGL information:
I/SurfaceFlinger( 5998): vendor    : Android
I/SurfaceFlinger( 5998): version   : 1.4 Android META-EGL
I/SurfaceFlinger( 5998): extensions: EGL_KHR_get_all_proc_addresses EGL_ANDROID_presentation_time EGL_KHR_image EGL_KHR_image_base EGL_KHR_gl_texture_2D_image EGL_KHR_gl_texture_cubemap_image EGL_KHR_gl_renderbuffer_image EGL_KHR_fence_sync EGL_KHR_create_context EGL_ANDROID_image_native_buffer EGL_KHR_wait_sync EGL_ANDROID_recordable 
I/SurfaceFlinger( 5998): Client API: OpenGL_ES
I/SurfaceFlinger( 5998): EGLSurface: 8-8-8-8, config=0xb6acf2ac
I/SurfaceFlinger( 5998): OpenGL ES informations:
I/SurfaceFlinger( 5998): vendor    : ARM
I/SurfaceFlinger( 5998): renderer  : Mali-T628
I/SurfaceFlinger( 5998): version   : OpenGL ES 3.0
I/SurfaceFlinger( 5998): extensions: GL_EXT_debug_marker GL_ARM_rgba8 GL_ARM_mali_shader_binary GL_OES_depth24 GL_OES_depth_texture GL_OES_depth_texture_cube_map GL_OES_packed_depth_stencil GL_OES_rgb8_rgba8 GL_EXT_read_format_bgra GL_OES_compressed_paletted_texture GL_OES_compressed_ETC1_RGB8_texture GL_OES_standard_derivatives GL_OES_EGL_image GL_OES_EGL_image_external GL_OES_EGL_sync GL_OES_texture_npot GL_OES_vertex_half_float GL_OES_required_internalformat GL_OES_vertex_array_object GL_OES_mapbuffer GL_EXT_texture_format_BGRA8888 GL_EXT_texture_rg GL_EXT_texture_type_2_10_10_10_REV GL_OES_fbo_render_mipmap GL_OES_element_index_uint GL_EXT_shadow_samplers GL_OES_texture_compression_astc GL_KHR_texture_compression_astc_ldr GL_KHR_texture_compression_astc_hdr GL_KHR_debug GL_EXT_occlusion_query_boolean GL_EXT_blend_minmax GL_EXT_discard_framebuffer GL_OES_get_program_binary GL_OES_texture_3D GL_EXT_texture_storage GL_EXT_multisampled_render_to_texture GL_OES_surfaceless_context GL_ARM_mali_program_binary 
I/SurfaceFlinger( 5998): GL_MAX_TEXTURE_SIZE = 8192
I/SurfaceFlinger( 5998): GL_MAX_VIEWPORT_DIMS = 8192
E/libEGL  ( 5998): eglQuerySurface:607 error 300d (EGL_BAD_SURFACE)
E/libEGL  ( 5998): eglQuerySurface:607 error 300d (EGL_BAD_SURFACE)
E/libEGL  ( 5998): call to OpenGL ES API with no current context (logged once per thread)
D/SurfaceFlinger( 5998): Set power mode=2, type=0 flinger=0xb6a62000
I/hwcomposer( 5998): int exynos5_blank(hwc_composer_device_1*, int, int):: disp(0), blank(0)
I/hwcomposer( 5998): unblank ioctl failed (display already unblanked)
E/libEGL  ( 5998): eglSwapBuffers:1071 error 300d (EGL_BAD_SURFACE)
F/SurfaceFlinger( 5998): eglSwapBuffers(0x1, 0x0) failed with 0x0000300d
F/libc    ( 5998): Fatal signal 6 (SIGABRT), code -6 in tid 5998 (surfaceflinger)
I/DEBUG   ( 3589): property debug.db.uid not set; NOT waiting for gdb.
I/DEBUG   ( 3589): HINT: adb shell setprop debug.db.uid 100000
I/DEBUG   ( 3589): HINT: adb forward tcp:5039 tcp:5039
W/debuggerd( 3589): type=1400 audit(0.0:1830): avc: denied { write } for name="ndebugsocket" dev="mmcblk0p21" ino=671131 scontext=u:r:debuggerd:s0 tcontext=u:object_r:system_ndebug_socket:s0 tclass=fifo_file
I/DEBUG   ( 3589): *** *** *** *** *** *** *** *** *** *** *** *** *** *** *** ***
I/DEBUG   ( 3589): Build fingerprint: 'samsung/cm_k3gxx/k3gxx:5.0.2/LRX22G/ca2fb2b51d:userdebug/test-keys'
I/DEBUG   ( 3589): Revision: '10'
W/debuggerd( 3589): type=1300 audit(0.0:1830): arch=40000028 syscall=283 per=800000 success=no exit=-13 a0=6 a1=beaf03ec a2=6e a3=b6ec685c items=1 ppid=1 auid=4294967295 uid=0 gid=0 euid=0 suid=0 fsuid=0 egid=0 sgid=0 fsgid=0 ses=4294967295 tty=(none) exe="/system/bin/debuggerd" subj=u:r:debuggerd:s0 key=(null)
W/auditd  ( 3586): type=1306 audit(0.0:1830): saddr=01002F646174612F73797374656D2F6E6465627567736F636B65740000000000000000000000000000000000000000000000000000000000000000000000000000000000000000000000000000000000000000000000000000000000000000000000000000000000000000000000
W/auditd  ( 3586): type=1302 audit(0.0:1830): item=0 name=(null) inode=671131 dev=103:0d mode=010700 ouid=1000 ogid=1000 rdev=00:00 obj=u:object_r:system_ndebug_socket:s0
W/auditd  ( 3586): type=1320 audit(0.0:1830): 
I/DEBUG   ( 3589): ABI: 'arm'
I/DEBUG   ( 3589): pid: 5998, tid: 5998, name: surfaceflinger  >>> /system/bin/surfaceflinger <<<
I/DEBUG   ( 3589): signal 6 (SIGABRT), code -6 (SI_TKILL), fault addr --------
I/DEBUG   ( 3589): Abort message: 'eglSwapBuffers(0x1, 0x0) failed with 0x0000300d'
I/DEBUG   ( 3589):     r0 00000000  r1 0000176e  r2 00000006  r3 00000000
I/DEBUG   ( 3589):     r4 b6fd0114  r5 00000006  r6 0000000b  r7 0000010c
I/DEBUG   ( 3589):     r8 00000000  r9 befadbd0  sl b6a54210  fp befadbd0
I/DEBUG   ( 3589):     ip 0000176e  sp befad650  lr b6f5a7b9  pc b6f7e4e4  cpsr 600f0010
I/DEBUG   ( 3589): 
I/DEBUG   ( 3589): backtrace:
I/DEBUG   ( 3589):     #00 pc 000384e4  /system/lib/libc.so (tgkill+12)
I/DEBUG   ( 3589):     #01 pc 000147b5  /system/lib/libc.so (pthread_kill+52)
I/DEBUG   ( 3589):     #02 pc 0001550b  /system/lib/libc.so (raise+10)
I/DEBUG   ( 3589):     #03 pc 00011c35  /system/lib/libc.so (__libc_android_abort+36)
I/DEBUG   ( 3589):     #04 pc 0000fcb8  /system/lib/libc.so (abort+4)
I/DEBUG   ( 3589):     #05 pc 00007739  /system/lib/libcutils.so (__android_log_assert+88)
I/DEBUG   ( 3589):     #06 pc 0000f4df  /system/lib/libsurfaceflinger.so
I/DEBUG   ( 3589):     #07 pc 0001b9fd  /system/lib/libsurfaceflinger.so
I/DEBUG   ( 3589):     #08 pc 0001abe7  /system/lib/libsurfaceflinger.so
I/DEBUG   ( 3589):     #09 pc 00019fc3  /system/lib/libsurfaceflinger.so
I/DEBUG   ( 3589):     #10 pc 00019d49  /system/lib/libsurfaceflinger.so
I/DEBUG   ( 3589):     #11 pc 00010ed3  /system/lib/libutils.so (android::Looper::pollInner(int)+410)
I/DEBUG   ( 3589):     #12 pc 00010fc5  /system/lib/libutils.so (android::Looper::pollOnce(int, int*, int*, void**)+92)
I/DEBUG   ( 3589):     #13 pc 000174c5  /system/lib/libsurfaceflinger.so
I/DEBUG   ( 3589):     #14 pc 0001993d  /system/lib/libsurfaceflinger.so (android::SurfaceFlinger::run()+8)
I/DEBUG   ( 3589):     #15 pc 0000083d  /system/bin/surfaceflinger
I/DEBUG   ( 3589):     #16 pc 0000fb75  /system/lib/libc.so (__libc_init+44)
I/DEBUG   ( 3589):     #17 pc 000008d8  /system/bin/surfaceflinger
I/ServiceManager( 5999): Waiting for service batterystats...
I/DEBUG   ( 3589): 
I/DEBUG   ( 3589): Tombstone written to: /data/tombstones/tombstone_06
W/surfaceflinger( 5998): type=1701 audit(0.0:1831): auid=4294967295 uid=1000 gid=1003 ses=4294967295 subj=u:r:surfaceflinger:s0 reason="memory violation" sig=6
I/ServiceManager( 3575): service 'SurfaceFlinger' died
I/ServiceManager( 3575): service 'Exynos.HWCService' died
I/ServiceManager( 3575): service 'media.wifi_display' died
I/Netd    ( 6033): Netd 1.0 starting
E/Netd    ( 6033): Failed to open /proc/sys/net/ipv6/conf/default/accept_ra_rt_table: No such file or directory
E/Netd    ( 6033): Failed to open /proc/sys/net/ipv6/conf/ip6tnl0/accept_ra_rt_table: No such file or directory
E/Netd    ( 6033): Failed to open /proc/sys/net/ipv6/conf/lo/accept_ra_rt_table: No such file or directory
E/Netd    ( 6033): Failed to open /proc/sys/net/ipv6/conf/rmnet0/accept_ra_rt_table: No such file or directory
E/Netd    ( 6033): Failed to open /proc/sys/net/ipv6/conf/rmnet1/accept_ra_rt_table: No such file or directory
E/Netd    ( 6033): Failed to open /proc/sys/net/ipv6/conf/rmnet2/accept_ra_rt_table: No such file or directory
E/Netd    ( 6033): Failed to open /proc/sys/net/ipv6/conf/rmnet3/accept_ra_rt_table: No such file or directory
E/Netd    ( 6033): Failed to open /proc/sys/net/ipv6/conf/sit0/accept_ra_rt_table: No such file or directory
W/auditd  ( 3586): type=1325 audit(0.0:1832): table=filter family=2 entries=40
W/iptables( 6034): type=1300 audit(0.0:1832): arch=40000028 syscall=294 per=800000 success=yes exit=0 a0=4 a1=0 a2=40 a3=b6c25000 items=0 ppid=6033 auid=4294967295 uid=0 gid=0 euid=0 suid=0 fsuid=0 egid=0 sgid=0 fsgid=0 ses=4294967295 tty=(none) exe="/system/bin/iptables" subj=u:r:netd:s0 key=(null)
W/auditd  ( 3586): type=1320 audit(0.0:1832): 
W/auditd  ( 3586): type=1325 audit(0.0:1833): table=filter family=10 entries=38
W/ip6tables( 6035): type=1300 audit(0.0:1833): arch=40000028 syscall=294 per=800000 success=yes exit=0 a0=4 a1=29 a2=40 a3=b6c29000 items=0 ppid=6033 auid=4294967295 uid=0 gid=0 euid=0 suid=0 fsuid=0 egid=0 sgid=0 fsgid=0 ses=4294967295 tty=(none) exe="/system/bin/ip6tables" subj=u:r:netd:s0 key=(null)
W/auditd  ( 3586): type=1320 audit(0.0:1833): 
W/auditd  ( 3586): type=1325 audit(0.0:1834): table=filter family=2 entries=39
W/iptables( 6036): type=1300 audit(0.0:1834): arch=40000028 syscall=294 per=800000 success=yes exit=0 a0=4 a1=0 a2=40 a3=b6c22000 items=0 ppid=6033 auid=4294967295 uid=0 gid=0 euid=0 suid=0 fsuid=0 egid=0 sgid=0 fsgid=0 ses=4294967295 tty=(none) exe="/system/bin/iptables" subj=u:r:netd:s0 key=(null)
W/auditd  ( 3586): type=1320 audit(0.0:1834): 
W/auditd  ( 3586): type=1325 audit(0.0:1835): table=filter family=10 entries=37
W/ip6tables( 6037): type=1300 audit(0.0:1835): arch=40000028 syscall=294 per=800000 success=yes exit=0 a0=4 a1=29 a2=40 a3=b6c23000 items=0 ppid=6033 auid=4294967295 uid=0 gid=0 euid=0 suid=0 fsuid=0 egid=0 sgid=0 fsgid=0 ses=4294967295 tty=(none) exe="/system/bin/ip6tables" subj=u:r:netd:s0 key=(null)
W/auditd  ( 3586): type=1320 audit(0.0:1835): 
W/auditd  ( 3586): type=1325 audit(0.0:1836): table=filter family=2 entries=39
W/iptables( 6038): type=1300 audit(0.0:1836): arch=40000028 syscall=294 per=800000 success=yes exit=0 a0=4 a1=0 a2=40 a3=b6c22000 items=0 ppid=6033 auid=4294967295 uid=0 gid=0 euid=0 suid=0 fsuid=0 egid=0 sgid=0 fsgid=0 ses=4294967295 tty=(none) exe="/system/bin/iptables" subj=u:r:netd:s0 key=(null)
W/auditd  ( 3586): type=1320 audit(0.0:1836): 
W/auditd  ( 3586): type=1325 audit(0.0:1837): table=filter family=10 entries=37
W/ip6tables( 6039): type=1300 audit(0.0:1837): arch=40000028 syscall=294 per=800000 success=yes exit=0 a0=4 a1=29 a2=40 a3=b6c23000 items=0 ppid=6033 auid=4294967295 uid=0 gid=0 euid=0 suid=0 fsuid=0 egid=0 sgid=0 fsgid=0 ses=4294967295 tty=(none) exe="/system/bin/ip6tables" subj=u:r:netd:s0 key=(null)
W/auditd  ( 3586): type=1320 audit(0.0:1837): 
W/auditd  ( 3586): type=1325 audit(0.0:1838): table=filter family=2 entries=37
W/iptables( 6040): type=1300 audit(0.0:1838): arch=40000028 syscall=294 per=800000 success=yes exit=0 a0=4 a1=0 a2=40 a3=b6c22000 items=0 ppid=6033 auid=4294967295 uid=0 gid=0 euid=0 suid=0 fsuid=0 egid=0 sgid=0 fsgid=0 ses=4294967295 tty=(none) exe="/system/bin/iptables" subj=u:r:netd:s0 key=(null)
W/auditd  ( 3586): type=1320 audit(0.0:1838): 
W/auditd  ( 3586): type=1325 audit(0.0:1839): table=filter family=10 entries=35
W/ip6tables( 6041): type=1300 audit(0.0:1839): arch=40000028 syscall=294 per=800000 success=yes exit=0 a0=4 a1=29 a2=40 a3=b6c23000 items=0 ppid=6033 auid=4294967295 uid=0 gid=0 euid=0 suid=0 fsuid=0 egid=0 sgid=0 fsgid=0 ses=4294967295 tty=(none) exe="/system/bin/ip6tables" subj=u:r:netd:s0 key=(null)
W/auditd  ( 3586): type=1320 audit(0.0:1839): 
W/auditd  ( 3586): type=1325 audit(0.0:1840): table=filter family=2 entries=39
W/iptables( 6042): type=1300 audit(0.0:1840): arch=40000028 syscall=294 per=800000 success=yes exit=0 a0=4 a1=0 a2=40 a3=b6c25000 items=0 ppid=6033 auid=4294967295 uid=0 gid=0 euid=0 suid=0 fsuid=0 egid=0 sgid=0 fsgid=0 ses=4294967295 tty=(none) exe="/system/bin/iptables" subj=u:r:netd:s0 key=(null)
W/auditd  ( 3586): type=1320 audit(0.0:1840): 
W/auditd  ( 3586): type=1325 audit(0.0:1841): table=filter family=10 entries=37
W/ip6tables( 6043): type=1300 audit(0.0:1841): arch=40000028 syscall=294 per=800000 success=yes exit=0 a0=4 a1=29 a2=40 a3=b6c28000 items=0 ppid=6033 auid=4294967295 uid=0 gid=0 euid=0 suid=0 fsuid=0 egid=0 sgid=0 fsgid=0 ses=4294967295 tty=(none) exe="/system/bin/ip6tables" subj=u:r:netd:s0 key=(null)
I/ServiceManager( 5999): Waiting for service batterystats...
W/auditd  ( 3586): type=1325 audit(0.0:1914): table=filter family=2 entries=39
W/iptables( 6118): type=1300 audit(0.0:1914): arch=40000028 syscall=294 per=800000 success=yes exit=0 a0=4 a1=0 a2=40 a3=b6c22000 items=0 ppid=6033 auid=4294967295 uid=0 gid=0 euid=0 suid=0 fsuid=0 egid=0 sgid=0 fsgid=0 ses=4294967295 tty=(none) exe="/system/bin/iptables" subj=u:r:netd:s0 key=(null)
W/auditd  ( 3586): type=1320 audit(0.0:1914): 
W/auditd  ( 3586): type=1325 audit(0.0:1915): table=filter family=10 entries=37
W/ip6tables( 6119): type=1300 audit(0.0:1915): arch=40000028 syscall=294 per=800000 success=yes exit=0 a0=4 a1=29 a2=40 a3=b6c23000 items=0 ppid=6033 auid=4294967295 uid=0 gid=0 euid=0 suid=0 fsuid=0 egid=0 sgid=0 fsgid=0 ses=4294967295 tty=(none) exe="/system/bin/ip6tables" subj=u:r:netd:s0 key=(null)
W/auditd  ( 3586): type=1320 audit(0.0:1915): 
W/auditd  ( 3586): type=1325 audit(0.0:1916): table=filter family=2 entries=39
W/iptables( 6120): type=1300 audit(0.0:1916): arch=40000028 syscall=294 per=800000 success=yes exit=0 a0=4 a1=0 a2=40 a3=b6c22000 items=0 ppid=6033 auid=4294967295 uid=0 gid=0 euid=0 suid=0 fsuid=0 egid=0 sgid=0 fsgid=0 ses=4294967295 tty=(none) exe="/system/bin/iptables" subj=u:r:netd:s0 key=(null)
W/auditd  ( 3586): type=1320 audit(0.0:1916): 
W/auditd  ( 3586): type=1325 audit(0.0:1917): table=filter family=10 entries=37
W/ip6tables( 6121): type=1300 audit(0.0:1917): arch=40000028 syscall=294 per=800000 success=yes exit=0 a0=4 a1=29 a2=40 a3=b6c23000 items=0 ppid=6033 auid=4294967295 uid=0 gid=0 euid=0 suid=0 fsuid=0 egid=0 sgid=0 fsgid=0 ses=4294967295 tty=(none) exe="/system/bin/ip6tables" subj=u:r:netd:s0 key=(null)
W/auditd  ( 3586): type=1320 audit(0.0:1917): 
W/auditd  ( 3586): type=1325 audit(0.0:1918): table=filter family=2 entries=37
W/iptables( 6122): type=1300 audit(0.0:1918): arch=40000028 syscall=294 per=800000 success=yes exit=0 a0=4 a1=0 a2=40 a3=b6c22000 items=0 ppid=6033 auid=4294967295 uid=0 gid=0 euid=0 suid=0 fsuid=0 egid=0 sgid=0 fsgid=0 ses=4294967295 tty=(none) exe="/system/bin/iptables" subj=u:r:netd:s0 key=(null)
W/auditd  ( 3586): type=1320 audit(0.0:1918): 
D/AndroidRuntime( 6110): 
D/AndroidRuntime( 6110): >>>>>> AndroidRuntime START com.android.internal.os.ZygoteInit <<<<<<
D/AndroidRuntime( 6110): CheckJNI is OFF
I/art     ( 6110): option[0]=-Xzygote
I/art     ( 6110): option[1]=-Xstacktracefile:/data/anr/traces.txt
I/art     ( 6110): option[2]=exit
I/art     ( 6110): option[3]=vfprintf
I/art     ( 6110): option[4]=sensitiveThread
I/art     ( 6110): option[5]=-verbose:gc
I/art     ( 6110): option[6]=-Xms8m
I/art     ( 6110): option[7]=-Xmx512m
I/art     ( 6110): option[8]=-XX:mainThreadStackSize=24K
I/art     ( 6110): option[9]=-XX:HeapGrowthLimit=128m
I/art     ( 6110): option[10]=-XX:HeapMinFree=2m
I/art     ( 6110): option[11]=-XX:HeapMaxFree=8m
I/art     ( 6110): option[12]=-XX:HeapTargetUtilization=0.75
I/art     ( 6110): option[13]=-agentlib:jdwp=transport=dt_android_adb,suspend=n,server=y
I/art     ( 6110): option[14]=-Xlockprofthreshold:500
I/art     ( 6110): option[15]=-Ximage-compiler-option
I/art     ( 6110): option[16]=--runtime-arg
I/art     ( 6110): option[17]=-Ximage-compiler-option
I/art     ( 6110): option[18]=-Xms64m
I/art     ( 6110): option[19]=-Ximage-compiler-option
I/art     ( 6110): option[20]=--runtime-arg
I/art     ( 6110): option[21]=-Ximage-compiler-option
I/art     ( 6110): option[22]=-Xmx64m
I/art     ( 6110): option[23]=-Ximage-compiler-option
I/art     ( 6110): option[24]=--image-classes-zip=/system/framework/framework.jar
I/art     ( 6110): option[25]=-Ximage-compiler-option
I/art     ( 6110): option[26]=--image-classes=preloaded-classes
I/art     ( 6110): option[27]=-Xcompiler-option
I/art     ( 6110): option[28]=--runtime-arg
I/art     ( 6110): option[29]=-Xcompiler-option
I/art     ( 6110): option[30]=-Xms64m
I/art     ( 6110): option[31]=-Xcompiler-option
I/art     ( 6110): option[32]=--runtime-arg
I/art     ( 6110): option[33]=-Xcompiler-option
W/auditd  ( 3586): type=1325 audit(0.0:1919): table=filter family=10 entries=35
I/art     ( 6110): option[34]=-Xmx512m
I/art     ( 6110): option[35]=-Duser.language=es
I/art     ( 6110): option[36]=-Duser.region=US
I/art     ( 6110): Pruning dalvik-cache since we are generating an image and will need to recompile
W/art     ( 6110): Unexpected file type of 
W/art     ( 6110):  encountered.
W/ip6tables( 6123): type=1300 audit(0.0:1919): arch=40000028 syscall=294 per=800000 success=yes exit=0 a0=4 a1=29 a2=40 a3=b6c23000 items=0 ppid=6033 auid=4294967295 uid=0 gid=0 euid=0 suid=0 fsuid=0 egid=0 sgid=0 fsgid=0 ses=4294967295 tty=(none) exe="/system/bin/ip6tables" subj=u:r:netd:s0 key=(null)
I/art     ( 6110): Using an offset of 0xfffb5000 from default art base address of 0x70000000
I/art     ( 6110): GenerateImage: /system/bin/dex2oat --image=/data/dalvik-cache/arm/system@framework@boot.art --dex-file=/system/framework/core-libart.jar --dex-file=/system/framework/conscrypt.jar --dex-file=/system/framework/okhttp.jar --dex-file=/system/framework/core-junit.jar --dex-file=/system/framework/bouncycastle.jar --dex-file=/system/framework/ext.jar --dex-file=/system/framework/framework.jar --dex-file=/system/framework/telephony-common.jar --dex-file=/system/framework/voip-common.jar --dex-file=/system/framework/ims-common.jar --dex-file=/system/framework/mms-common.jar --dex-file=/system/framework/android.policy.jar --dex-file=/system/framework/apache-xml.jar --oat-file=/data/dalvik-cache/arm/system@framework@boot.oat --instruction-set=arm --instruction-set-features=div --base=0x6ffb5000 --runtime-arg -Xms64m --runtime-arg -Xmx64m --image-classes-zip=/system/framework/framework.jar --image-classes=preloaded-classes
W/auditd  ( 3586): type=1320 audit(0.0:1919): 
W/auditd  ( 3586): type=1325 audit(0.0:1920): table=filter family=2 entries=39
W/iptables( 6125): type=1300 audit(0.0:1920): arch=40000028 syscall=294 per=800000 success=yes exit=0 a0=4 a1=0 a2=40 a3=b6c25000 items=0 ppid=6033 auid=4294967295 uid=0 gid=0 euid=0 suid=0 fsuid=0 egid=0 sgid=0 fsgid=0 ses=4294967295 tty=(none) exe="/system/bin/iptables" subj=u:r:netd:s0 key=(null)
W/art     ( 6110): Unexpected file type of 
W/art     ( 6110):  encountered.
W/art     ( 6110): Could not create image space with image file '/system/framework/boot.art'. Attempting to fall back to imageless running. Error was: Failed to generate image '/data/dalvik-cache/arm/system@framework@boot.art': Failed execv(/system/bin/dex2oat --image=/data/dalvik-cache/arm/system@framework@boot.art --dex-file=/system/framework/core-libart.jar --dex-file=/system/framework/conscrypt.jar --dex-file=/system/framework/okhttp.jar --dex-file=/system/framework/core-junit.jar --dex-file=/system/framework/bouncycastle.jar --dex-file=/system/framework/ext.jar --dex-file=/system/framework/framework.jar --dex-file=/system/framework/telephony-common.jar --dex-file=/system/framework/voip-common.jar --dex-file=/system/framework/ims-common.jar --dex-file=/system/framework/mms-common.jar --dex-file=/system/framework/android.policy.jar --dex-file=/system/framework/apache-xml.jar --oat-file=/data/dalvik-cache/arm/system@framework@boot.oat --instruction-set=arm --instruction-set-features=div --base=0x6ffb5000 --runtime-arg -Xms64
V/NatController( 6033): runCmd(/system/bin/iptables -F natctrl_FORWARD) res=0
V/NatController( 6033): runCmd(/system/bin/iptables -A natctrl_FORWARD -j DROP) res=0
V/NatController( 6033): runCmd(/system/bin/iptables -t nat -F natctrl_nat_POSTROUTING) res=0
V/NatController( 6033): runCmd(/system/bin/iptables -F natctrl_tether_counters) res=0
V/NatController( 6033): runCmd(/system/bin/iptables -X natctrl_tether_counters) res=0
V/NatController( 6033): runCmd(/system/bin/iptables -N natctrl_tether_counters) res=0
V/NatController( 6033): runCmd(/system/bin/iptables -t mangle -A natctrl_mangle_FORWARD -p tcp --tcp-flags SYN SYN -j TCPMSS --clamp-mss-to-pmtu) res=0
I/ServiceManager( 5999): Waiting for service batterystats...
D/MDnsDS  ( 6033): MDnsSdListener::Hander starting up
D/MDnsDS  ( 6033): MDnsSdListener starting to monitor
D/MDnsDS  ( 6033): Going to poll with pollCount 1
E/memtrack( 6110): Couldn't load memtrack module (No such file or directory)
E/android.os.Debug( 6110): failed to load memtrack module: -2
I/SamplingProfilerIntegration( 6110): Profiling disabled.
D/Zygote  ( 6110): begin preload
I/Zygote  ( 6110): Preloading classes...
I/art     ( 6110): Explicit concurrent mark sweep GC freed 4379(640KB) AllocSpace objects, 0(0B) LOS objects, 41% free, 5MB/9MB, paused 87us total 14.468ms
I/art     ( 6110): Counter: 1
I/ServiceManager( 5999): Waiting for service batterystats...
