F/art     ( 8483): art/runtime/jni_internal.cc:771] JNI FatalError called: RegisterNatives failed for 'android/media/MediaPlayer'; aborting...
F/art     ( 8483): art/runtime/runtime.cc:284] Runtime aborting...
F/art     ( 8483): art/runtime/runtime.cc:284] Aborting thread:
F/art     ( 8483): art/runtime/runtime.cc:284] "main" prio=5 tid=1 Native
F/art     ( 8483): art/runtime/runtime.cc:284]   | group="" sCount=0 dsCount=0 obj=0x12f06500 self=0xb5107800
F/art     ( 8483): art/runtime/runtime.cc:284]   | sysTid=8483 nice=0 cgrp=default sched=0/0 handle=0xb6fefec8
F/art     ( 8483): art/runtime/runtime.cc:284]   | state=R schedstat=( 2907299630 23526914 86 ) utm=262 stm=28 core=6 HZ=100
F/art     ( 8483): art/runtime/runtime.cc:284]   | stack=0xbe3f0000-0xbe3f2000 stackSize=8MB
F/art     ( 8483): art/runtime/runtime.cc:284]   | held mutexes= "abort lock" "mutator lock"(shared held)
F/art     ( 8483): art/runtime/runtime.cc:284]   native: #00 pc 000045b4  /system/lib/libbacktrace_libc++.so (UnwindCurrent::Unwind(unsigned int, ucontext*)+23)
F/art     ( 8483): art/runtime/runtime.cc:284]   native: #01 pc 00002e1d  /system/lib/libbacktrace_libc++.so (Backtrace::Unwind(unsigned int, ucontext*)+8)
F/art     ( 8483): art/runtime/runtime.cc:284]   native: #02 pc 002516d5  /system/lib/libart.so (art::DumpNativeStack(std::__1::basic_ostream<char, std::__1::char_traits<char> >&, int, char const*, art::mirror::ArtMethod*)+84)
F/art     ( 8483): art/runtime/runtime.cc:284]   native: #03 pc 00235453  /system/lib/libart.so (art::Thread::Dump(std::__1::basic_ostream<char, std::__1::char_traits<char> >&) const+162)
F/art     ( 8483): art/runtime/runtime.cc:284]   native: #04 pc 00225111  /system/lib/libart.so (art::AbortState::DumpThread(std::__1::basic_ostream<char, std::__1::char_traits<char> >&, art::Thread*)+32)
F/art     ( 8483): art/runtime/runtime.cc:284]   native: #05 pc 002253b3  /system/lib/libart.so (art::AbortState::Dump(std::__1::basic_ostream<char, std::__1::char_traits<char> >&)+410)
F/art     ( 8483): art/runtime/runtime.cc:284]   native: #06 pc 00225573  /system/lib/libart.so (art::Runtime::Abort()+82)
F/art     ( 8483): art/runtime/runtime.cc:284]   native: #07 pc 000a6819  /system/lib/libart.so (art::LogMessage::~LogMessage()+1360)
F/art     ( 8483): art/runtime/runtime.cc:284]   native: #08 pc 001bc0df  /system/lib/libart.so (art::JNI::FatalError(_JNIEnv*, char const*)+66)
F/art     ( 8483): art/runtime/runtime.cc:284]   native: #09 pc 00001f77  /system/lib/libnativehelper.so (jniRegisterNativeMethods+98)
F/art     ( 8483): art/runtime/runtime.cc:284]   native: #10 pc 0001e007  /system/lib/libmedia_jni.so (JNI_OnLoad+66)
F/art     ( 8483): art/runtime/runtime.cc:284]   native: #11 pc 001dcb89  /system/lib/libart.so (art::JavaVMExt::LoadNativeLibrary(std::__1::basic_string<char, std::__1::char_traits<char>, std::__1::allocator<char> > const&, art::Handle<art::mirror::ClassLoader>, std::__1::basic_string<char, std::__1::char_traits<char>, std::__1::allocator<char> >*)+1512)
F/art     ( 8483): art/runtime/runtime.cc:284]   native: #12 pc 00203d27  /system/lib/libart.so (art::Runtime_nativeLoad(_JNIEnv*, _jclass*, _jstring*, _jobject*, _jstring*)+534)
F/art     ( 8483): art/runtime/runtime.cc:284]   native: #13 pc 000a23b1  /system/lib/libart.so (art_quick_generic_jni_trampoline+32)
F/art     ( 8483): art/runtime/runtime.cc:284]   native: #14 pc 00073af4  /dev/ashmem/dalvik-non moving space (deleted) (???)
F/art     ( 8483): art/runtime/runtime.cc:284]   at java.lang.Runtime.nativeLoad(Native method)
F/art     ( 8483): art/runtime/runtime.cc:284]   at java.lang.Runtime.doLoad(Runtime.java:428)
F/art     ( 8483): art/runtime/runtime.cc:284]   - locked <0x1764f143> (a java.lang.Runtime)
F/art     ( 8483): art/runtime/runtime.cc:284]   at java.lang.Runtime.loadLibrary(Runtime.java:384)
F/art     ( 8483): art/runtime/runtime.cc:284]   at java.lang.System.loadLibrary(System.java:989)
F/art     ( 8483): art/runtime/runtime.cc:284]   at android.media.AmrInputStream.<clinit>(AmrInputStream.java:30)
F/art     ( 8483): art/runtime/runtime.cc:284]   at java.lang.Class.classForName!(Native method)
F/art     ( 8483): art/runtime/runtime.cc:284]   at java.lang.Class.forName(Class.java:308)
F/art     ( 8483): art/runtime/runtime.cc:284]   at java.lang.Class.forName(Class.java:272)
F/art     ( 8483): art/runtime/runtime.cc:284]   at com.android.internal.os.ZygoteInit.preloadClasses(ZygoteInit.java:326)
F/art     ( 8483): art/runtime/runtime.cc:284]   at com.android.internal.os.ZygoteInit.preload(ZygoteInit.java:254)
F/art     ( 8483): art/runtime/runtime.cc:284]   at com.android.internal.os.ZygoteInit.main(ZygoteInit.java:670)
F/art     ( 8483): art/runtime/runtime.cc:284] Pending exception java.lang.NoSuchMethodError thrown by 'java.lang.String java.lang.Runtime.nativeLoad(java.lang.String, java.lang.ClassLoader, java.lang.String):-2'
F/art     ( 8483): art/runtime/runtime.cc:284] java.lang.NoSuchMethodError: no static or non-static method "Landroid/media/MediaPlayer;.getParameter(ILandroid/os/Parcel;)V"
F/art     ( 8483): art/runtime/runtime.cc:284]   at java.lang.String java.lang.Runtime.nativeLoad(java.lang.String, java.lang.ClassLoader, java.lang.String) (Runtime.java:-2)
F/art     ( 8483): art/runtime/runtime.cc:284]   at java.lang.String java.lang.Runtime.doLoad(java.lang.String, java.lang.ClassLoader) (Runtime.java:428)
F/art     ( 8483): art/runtime/runtime.cc:284]   at void java.lang.Runtime.loadLibrary(java.lang.String, java.lang.ClassLoader) (Runtime.java:384)
F/art     ( 8483): art/runtime/runtime.cc:284]   at void java.lang.System.loadLibrary(java.lang.String) (System.java:989)
F/art     ( 8483): art/runtime/runtime.cc:284]   at void android.media.AmrInputStream.<clinit>() (AmrInputStream.java:30)
F/art     ( 8483): art/runtime/runtime.cc:284]   at java.lang.Class java.lang.Class.classForName!(java.lang.String, boolean, java.lang.ClassLoader) (Class.java:-2)
F/art     ( 8483): art/runtime/runtime.cc:284]   at java.lang.Class java.lang.Class.forName(java.lang.String, boolean, java.lang.ClassLoader) (Class.java:308)
F/art     ( 8483): art/runtime/runtime.cc:284]   at java.lang.Class java.lang.Class.forName(java.lang.String) (Class.java:272)
F/art     ( 8483): art/runtime/runtime.cc:284]   at void com.android.internal.os.ZygoteInit.preloadClasses() (ZygoteInit.java:326)
F/art     ( 8483): art/runtime/runtime.cc:284]   at void com.android.internal.os.ZygoteInit.preload() (ZygoteInit.java:254)
F/art     ( 8483): art/runtime/runtime.cc:284]   at void com.android.internal.os.ZygoteInit.main(java.lang.String[]) (ZygoteInit.java:670)
F/art     ( 8483): art/runtime/runtime.cc:284] Dumping all threads without appropriate locks held: thread list lock mutator lock
F/art     ( 8483): art/runtime/runtime.cc:284] All threads:
F/art     ( 8483): art/runtime/runtime.cc:284] DALVIK THREADS (6):
F/art     ( 8483): art/runtime/runtime.cc:284] "main" prio=5 tid=1 Native
F/art     ( 8483): art/runtime/runtime.cc:284]   | group="" sCount=0 dsCount=0 obj=0x12f06500 self=0xb5107800
F/art     ( 8483): art/runtime/runtime.cc:284]   | sysTid=8483 nice=0 cgrp=default sched=0/0 handle=0xb6fefec8
F/art     ( 8483): art/runtime/runtime.cc:284]   | state=R schedstat=( 2922317296 23526914 86 ) utm=263 stm=28 core=6 HZ=100
F/art     ( 8483): art/runtime/runtime.cc:284]   | stack=0xbe3f0000-0xbe3f2000 stackSize=8MB
F/art     ( 8483): art/runtime/runtime.cc:284]   | held mutexes= "abort lock"
F/art     ( 8483): art/runtime/runtime.cc:284]   native: #00 pc 000045b4  /system/lib/libbacktrace_libc++.so (UnwindCurrent::Unwind(unsigned int, ucontext*)+23)
F/art     ( 8483): art/runtime/runtime.cc:284]   native: #01 pc 00002e1d  /system/lib/libbacktrace_libc++.so (Backtrace::Unwind(unsigned int, ucontext*)+8)
F/art     ( 8483): art/runtime/runtime.cc:284]   native: #02 pc 002516d5  /system/lib/libart.so (art::DumpNativeStack(std::__1::basic_ostream<char, std::__1::char_traits<char> >&, int, char const*, art::mirror::ArtMethod*)+84)
F/art     ( 8483): art/runtime/runtime.cc:284]   native: #03 pc 00235453  /system/lib/libart.so (art::Thread::Dump(std::__1::basic_ostream<char, std::__1::char_traits<char> >&) const+162)
F/art     ( 8483): art/runtime/runtime.cc:284]   native: #04 pc 0023e345  /system/lib/libart.so (art::ThreadList::DumpLocked(std::__1::basic_ostream<char, std::__1::char_traits<char> >&)+120)
F/art     ( 8483): art/runtime/runtime.cc:284]   native: #05 pc 00225329  /system/lib/libart.so (art::AbortState::Dump(std::__1::basic_ostream<char, std::__1::char_traits<char> >&)+272)
F/art     ( 8483): art/runtime/runtime.cc:284]   native: #06 pc 00225573  /system/lib/libart.so (art::Runtime::Abort()+82)
F/art     ( 8483): art/runtime/runtime.cc:284]   native: #07 pc 000a6819  /system/lib/libart.so (art::LogMessage::~LogMessage()+1360)
F/art     ( 8483): art/runtime/runtime.cc:284]   native: #08 pc 001bc0df  /system/lib/libart.so (art::JNI::FatalError(_JNIEnv*, char const*)+66)
F/art     ( 8483): art/runtime/runtime.cc:284]   native: #09 pc 00001f77  /system/lib/libnativehelper.so (jniRegisterNativeMethods+98)
F/art     ( 8483): art/runtime/runtime.cc:284]   native: #10 pc 0001e007  /system/lib/libmedia_jni.so (JNI_OnLoad+66)
F/art     ( 8483): art/runtime/runtime.cc:284]   native: #11 pc 001dcb89  /system/lib/libart.so (art::JavaVMExt::LoadNativeLibrary(std::__1::basic_string<char, std::__1::char_traits<char>, std::__1::allocator<char> > const&, art::Handle<art::mirror::ClassLoader>, std::__1::basic_string<char, std::__1::char_traits<char>, std::__1::allocator<char> >*)+1512)
F/art     ( 8483): art/runtime/runtime.cc:284]   native: #12 pc 00203d27  /system/lib/libart.so (art::Runtime_nativeLoad(_JNIEnv*, _jclass*, _jstring*, _jobject*, _jstring*)+534)
F/art     ( 8483): art/runtime/runtime.cc:284]   native: #13 pc 000a23b1  /system/lib/libart.so (art_quick_generic_jni_trampoline+32)
F/art     ( 8483): art/runtime/runtime.cc:284]   native: #14 pc 00073af4  /dev/ashmem/dalvik-non moving space (deleted) (???)
F/art     ( 8483): art/runtime/runtime.cc:284]   at java.lang.Runtime.nativeLoad(Native method)
F/art     ( 8483): art/runtime/runtime.cc:284]   at java.lang.Runtime.doLoad(Runtime.java:428)
F/art     ( 8483): art/runtime/runtime.cc:284]   - locked <0x1764f143> (a java.lang.Runtime)
F/art     ( 8483): art/runtime/runtime.cc:284]   at java.lang.Runtime.loadLibrary(Runtime.java:384)
F/art     ( 8483): art/runtime/runtime.cc:284]   at java.lang.System.loadLibrary(System.java:989)
F/art     ( 8483): art/runtime/runtime.cc:284]   at android.media.AmrInputStream.<clinit>(AmrInputStream.java:30)
F/art     ( 8483): art/runtime/runtime.cc:284]   at java.lang.Class.classForName!(Native method)
F/art     ( 8483): art/runtime/runtime.cc:284]   at java.lang.Class.forName(Class.java:308)
F/art     ( 8483): art/runtime/runtime.cc:284]   at java.lang.Class.forName(Class.java:272)
F/art     ( 8483): art/runtime/runtime.cc:284]   at com.android.internal.os.ZygoteInit.preloadClasses(ZygoteInit.java:326)
F/art     ( 8483): art/runtime/runtime.cc:284]   at com.android.internal.os.ZygoteInit.preload(ZygoteInit.java:254)
F/art     ( 8483): art/runtime/runtime.cc:284]   at com.android.internal.os.ZygoteInit.main(ZygoteInit.java:670)
F/art     ( 8483): art/runtime/runtime.cc:284] 
F/art     ( 8483): art/runtime/runtime.cc:284] "ReferenceQueueDaemon" prio=5 tid=2 Waiting
F/art     ( 8483): art/runtime/runtime.cc:284]   | group="" sCount=0 dsCount=0 obj=0x12f06860 self=0xb5108000
F/art     ( 8483): art/runtime/runtime.cc:284]   | sysTid=8650 nice=0 cgrp=default sched=0/0 handle=0xac721300
F/art     ( 8483): art/runtime/runtime.cc:284]   | state=S schedstat=( 8459666 0 46 ) utm=0 stm=0 core=7 HZ=100
F/art     ( 8483): art/runtime/runtime.cc:284]   | stack=0xa9e7c000-0xa9e7e000 stackSize=1036KB
F/art     ( 8483): art/runtime/runtime.cc:284]   | held mutexes=
F/art     ( 8483): art/runtime/runtime.cc:284]   kernel: (couldn't read /proc/self/task/8650/stack)
F/art     ( 8483): art/runtime/runtime.cc:284]   native: #00 pc 00010114  /system/lib/libc.so (syscall+28)
F/art     ( 8483): art/runtime/runtime.cc:284]   native: #01 pc 000a9553  /system/lib/libart.so (art::ConditionVariable::Wait(art::Thread*)+98)
F/art     ( 8483): art/runtime/runtime.cc:284]   native: #02 pc 001f4c89  /system/lib/libart.so (art::Monitor::Wait(art::Thread*, long long, int, bool, art::ThreadState)+1036)
F/art     ( 8483): art/runtime/runtime.cc:284]   native: #03 pc 001f634d  /system/lib/libart.so (art::Monitor::Wait(art::Thread*, art::mirror::Object*, long long, int, bool, art::ThreadState)+136)
F/art     ( 8483): art/runtime/runtime.cc:284]   native: #04 pc 002038ad  /system/lib/libart.so (art::Object_wait(_JNIEnv*, _jobject*)+40)
F/art     ( 8483): art/runtime/runtime.cc:284]   native: #05 pc 000a23b1  /system/lib/libart.so (art_quick_generic_jni_trampoline+32)
F/art     ( 8483): art/runtime/runtime.cc:284]   native: #06 pc 001e499d  /system/lib/libart.so (art::mirror::ArtMethod::Invoke(art::Thread*, unsigned int*, unsigned int, art::JValue*, char const*)+152)
F/art     ( 8483): art/runtime/runtime.cc:284]   at java.lang.Object.wait!(Native method)
F/art     ( 8483): art/runtime/runtime.cc:284]   - waiting on <0x144f53c0> (a java.lang.Class<java.lang.ref.ReferenceQueue>)
F/art     ( 8483): art/runtime/runtime.cc:284]   at java.lang.Daemons$ReferenceQueueDaemon.run(Daemons.java:133)
F/art     ( 8483): art/runtime/runtime.cc:284]   - locked <0x144f53c0> (a java.lang.Class<java.lang.ref.ReferenceQueue>)
F/art     ( 8483): art/runtime/runtime.cc:284]   at java.lang.Thread.run(Thread.java:818)
F/art     ( 8483): art/runtime/runtime.cc:284] 
F/art     ( 8483): art/runtime/runtime.cc:284] "FinalizerDaemon" prio=5 tid=3 Waiting
F/art     ( 8483): art/runtime/runtime.cc:284]   | group="" sCount=0 dsCount=0 obj=0x12f06920 self=0xb5107c00
F/art     ( 8483): art/runtime/runtime.cc:284]   | sysTid=8652 nice=0 cgrp=default sched=0/0 handle=0xac721080
F/art     ( 8483): art/runtime/runtime.cc:284]   | state=S schedstat=( 8937079 0 45 ) utm=0 stm=0 core=5 HZ=100
F/art     ( 8483): art/runtime/runtime.cc:284]   | stack=0xa9bfe000-0xa9c00000 stackSize=1036KB
F/art     ( 8483): art/runtime/runtime.cc:284]   | held mutexes=
F/art     ( 8483): art/runtime/runtime.cc:284]   kernel: (couldn't read /proc/self/task/8652/stack)
F/art     ( 8483): art/runtime/runtime.cc:284]   native: #00 pc 00010114  /system/lib/libc.so (syscall+28)
F/art     ( 8483): art/runtime/runtime.cc:284]   native: #01 pc 000a9553  /system/lib/libart.so (art::ConditionVariable::Wait(art::Thread*)+98)
F/art     ( 8483): art/runtime/runtime.cc:284]   native: #02 pc 001f4c89  /system/lib/libart.so (art::Monitor::Wait(art::Thread*, long long, int, bool, art::ThreadState)+1036)
F/art     ( 8483): art/runtime/runtime.cc:284]   native: #03 pc 001f634d  /system/lib/libart.so (art::Monitor::Wait(art::Thread*, art::mirror::Object*, long long, int, bool, art::ThreadState)+136)
F/art     ( 8483): art/runtime/runtime.cc:284]   native: #04 pc 00203875  /system/lib/libart.so (art::Object_waitJI(_JNIEnv*, _jobject*, long long, int)+44)
F/art     ( 8483): art/runtime/runtime.cc:284]   native: #05 pc 000a23b1  /system/lib/libart.so (art_quick_generic_jni_trampoline+32)
F/art     ( 8483): art/runtime/runtime.cc:284]   native: #06 pc 00000934  /dev/ashmem/dalvik-non moving space (deleted) (???)
F/art     ( 8483): art/runtime/runtime.cc:284]   at java.lang.Object.wait!(Native method)
F/art     ( 8483): art/runtime/runtime.cc:284]   - waiting on <0x17cb58f9> (a java.lang.ref.ReferenceQueue)
F/art     ( 8483): art/runtime/runtime.cc:284]   at java.lang.Object.wait(Object.java:422)
F/art     ( 8483): art/runtime/runtime.cc:284]   at java.lang.ref.ReferenceQueue.remove(ReferenceQueue.java:101)
F/art     ( 8483): art/runtime/runtime.cc:284]   - locked <0x17cb58f9> (a java.lang.ref.ReferenceQueue)
F/art     ( 8483): art/runtime/runtime.cc:284]   at java.lang.ref.ReferenceQueue.remove(ReferenceQueue.java:72)
F/art     ( 8483): art/runtime/runtime.cc:284]   at java.lang.Daemons$FinalizerDaemon.run(Daemons.java:173)
F/art     ( 8483): art/runtime/runtime.cc:284]   at java.lang.Thread.run(Thread.java:818)
F/art     ( 8483): art/runtime/runtime.cc:284] 
F/art     ( 8483): art/runtime/runtime.cc:284] "FinalizerWatchdogDaemon" prio=5 tid=4 Sleeping
F/art     ( 8483): art/runtime/runtime.cc:284]   | group="" sCount=0 dsCount=0 obj=0x12f06980 self=0xb5108400
F/art     ( 8483): art/runtime/runtime.cc:284]   | sysTid=8654 nice=0 cgrp=default sched=0/0 handle=0xac721580
F/art     ( 8483): art/runtime/runtime.cc:284]   | state=S schedstat=( 1517458 27625 3 ) utm=0 stm=0 core=6 HZ=100
F/art     ( 8483): art/runtime/runtime.cc:284]   | stack=0xa98fe000-0xa9900000 stackSize=1036KB
F/art     ( 8483): art/runtime/runtime.cc:284]   | held mutexes=
F/art     ( 8483): art/runtime/runtime.cc:284]   kernel: (couldn't read /proc/self/task/8654/stack)
F/art     ( 8483): art/runtime/runtime.cc:284]   native: #00 pc 00010118  /system/lib/libc.so (syscall+32)
F/art     ( 8483): art/runtime/runtime.cc:284]   native: #01 pc 000a92df  /system/lib/libart.so (art::ConditionVariable::TimedWait(art::Thread*, long long, int)+118)
F/art     ( 8483): art/runtime/runtime.cc:284]   native: #02 pc 001f4a75  /system/lib/libart.so (art::Monitor::Wait(art::Thread*, long long, int, bool, art::ThreadState)+504)
F/art     ( 8483): art/runtime/runtime.cc:284]   native: #03 pc 001f634d  /system/lib/libart.so (art::Monitor::Wait(art::Thread*, art::mirror::Object*, long long, int, bool, art::ThreadState)+136)
F/art     ( 8483): art/runtime/runtime.cc:284]   native: #04 pc 000a23b1  /system/lib/libart.so (art_quick_generic_jni_trampoline+32)
F/art     ( 8483): art/runtime/runtime.cc:284]   native: #05 pc 00038154  /dev/ashmem/dalvik-non moving space (deleted) (???)
F/art     ( 8483): art/runtime/runtime.cc:284]   at java.lang.Thread.sleep!(Native method)
F/art     ( 8483): art/runtime/runtime.cc:284]   - sleeping on <0x2046f03e> (a java.lang.Object)
F/art     ( 8483): art/runtime/runtime.cc:284]   at java.lang.Thread.sleep(Thread.java:1031)
F/art     ( 8483): art/runtime/runtime.cc:284]   - locked <0x2046f03e> (a java.lang.Object)
F/art     ( 8483): art/runtime/runtime.cc:284]   at java.lang.Thread.sleep(Thread.java:985)
F/art     ( 8483): art/runtime/runtime.cc:284]   at java.lang.Daemons$FinalizerWatchdogDaemon.sleepFor(Daemons.java:257)
F/art     ( 8483): art/runtime/runtime.cc:284]   at java.lang.Daemons$FinalizerWatchdogDaemon.waitForFinalization(Daemons.java:268)
F/art     ( 8483): art/runtime/runtime.cc:284]   at java.lang.Daemons$FinalizerWatchdogDaemon.run(Daemons.java:216)
F/art     ( 8483): art/runtime/runtime.cc:284]   at java.lang.Thread.run(Thread.java:818)
F/art     ( 8483): art/runtime/runtime.cc:284] 
F/art     ( 8483): art/runtime/runtime.cc:284] "HeapTrimmerDaemon" prio=5 tid=5 Waiting
F/art     ( 8483): art/runtime/runtime.cc:284]   | group="" sCount=0 dsCount=0 obj=0x12f069e0 self=0xb5108800
F/art     ( 8483): art/runtime/runtime.cc:284]   | sysTid=8656 nice=0 cgrp=default sched=0/0 handle=0xac721800
F/art     ( 8483): art/runtime/runtime.cc:284]   | state=S schedstat=( 1258833 0 1 ) utm=0 stm=0 core=7 HZ=100
F/art     ( 8483): art/runtime/runtime.cc:284]   | stack=0xa95fe000-0xa9600000 stackSize=1036KB
F/art     ( 8483): art/runtime/runtime.cc:284]   | held mutexes=
F/art     ( 8483): art/runtime/runtime.cc:284]   kernel: (couldn't read /proc/self/task/8656/stack)
F/art     ( 8483): art/runtime/runtime.cc:284]   native: #00 pc 00010114  /system/lib/libc.so (syscall+28)
F/art     ( 8483): art/runtime/runtime.cc:284]   native: #01 pc 000a9553  /system/lib/libart.so (art::ConditionVariable::Wait(art::Thread*)+98)
F/art     ( 8483): art/runtime/runtime.cc:284]   native: #02 pc 001f4c89  /system/lib/libart.so (art::Monitor::Wait(art::Thread*, long long, int, bool, art::ThreadState)+1036)
F/art     ( 8483): art/runtime/runtime.cc:284]   native: #03 pc 001f634d  /system/lib/libart.so (art::Monitor::Wait(art::Thread*, art::mirror::Object*, long long, int, bool, art::ThreadState)+136)
F/art     ( 8483): art/runtime/runtime.cc:284]   native: #04 pc 002038ad  /system/lib/libart.so (art::Object_wait(_JNIEnv*, _jobject*)+40)
F/art     ( 8483): art/runtime/runtime.cc:284]   native: #05 pc 000a23b1  /system/lib/libart.so (art_quick_generic_jni_trampoline+32)
F/art     ( 8483): art/runtime/runtime.cc:284]   native: #06 pc 002024d4  /dev/ashmem/dalvik-classes.dex extracted in memory from /system/framework/core-libart.jar (deleted) (???)
F/art     ( 8483): art/runtime/runtime.cc:284]   at java.lang.Object.wait!(Native method)
F/art     ( 8483): art/runtime/runtime.cc:284]   - waiting on <0x295b5e9f> (a java.lang.Daemons$HeapTrimmerDaemon)
F/art     ( 8483): art/runtime/runtime.cc:284]   at java.lang.Daemons$HeapTrimmerDaemon.run(Daemons.java:310)
F/art     ( 8483): art/runtime/runtime.cc:284]   - locked <0x295b5e9f> (a java.lang.Daemons$HeapTrimmerDaemon)
F/art     ( 8483): art/runtime/runtime.cc:284]   at java.lang.Thread.run(Thread.java:818)
F/art     ( 8483): art/runtime/runtime.cc:284] 
F/art     ( 8483): art/runtime/runtime.cc:284] "GCDaemon" prio=5 tid=6 Waiting
F/art     ( 8483): art/runtime/runtime.cc:284]   | group="" sCount=0 dsCount=0 obj=0x12f06a40 self=0xb5108c00
F/art     ( 8483): art/runtime/runtime.cc:284]   | sysTid=8658 nice=0 cgrp=default sched=0/0 handle=0xac721a80
F/art     ( 8483): art/runtime/runtime.cc:284]   | state=S schedstat=( 1365458 0 3 ) utm=0 stm=0 core=7 HZ=100
F/art     ( 8483): art/runtime/runtime.cc:284]   | stack=0xa92fe000-0xa9300000 stackSize=1036KB
F/art     ( 8483): art/runtime/runtime.cc:284]   | held mutexes=
F/art     ( 8483): art/runtime/runtime.cc:284]   kernel: (couldn't read /proc/self/task/8658/stack)
F/art     ( 8483): art/runtime/runtime.cc:284]   native: #00 pc 00010114  /system/lib/libc.so (syscall+28)
F/art     ( 8483): art/runtime/runtime.cc:284]   native: #01 pc 000a9553  /system/lib/libart.so (art::ConditionVariable::Wait(art::Thread*)+98)
F/art     ( 8483): art/runtime/runtime.cc:284]   native: #02 pc 001f4c89  /system/lib/libart.so (art::Monitor::Wait(art::Thread*, long long, int, bool, art::ThreadState)+1036)
F/art     ( 8483): art/runtime/runtime.cc:284]   native: #03 pc 001f634d  /system/lib/libart.so (art::Monitor::Wait(art::Thread*, art::mirror::Object*, long long, int, bool, art::ThreadState)+136)
F/art     ( 8483): art/runtime/runtime.cc:284]   native: #04 pc 002038ad  /system/lib/libart.so (art::Object_wait(_JNIEnv*, _jobject*)+40)
F/art     ( 8483): art/runtime/runtime.cc:284]   native: #05 pc 000a23b1  /system/lib/libart.so (art_quick_generic_jni_trampoline+32)
F/art     ( 8483): art/runtime/runtime.cc:284]   native: #06 pc 002024d4  /dev/ashmem/dalvik-classes.dex extracted in memory from /system/framework/core-libart.jar (deleted) (???)
F/art     ( 8483): art/runtime/runtime.cc:284]   at java.lang.Object.wait!(Native method)
F/art     ( 8483): art/runtime/runtime.cc:284]   - waiting on <0x00b5ebec> (a java.lang.Daemons$GCDaemon)
F/art     ( 8483): art/runtime/runtime.cc:284]   at java.lang.Daemons$GCDaemon.run(Daemons.java:341)
F/art     ( 8483): art/runtime/runtime.cc:284]   - locked <0x00b5ebec> (a java.lang.Daemons$GCDaemon)
F/art     ( 8483): art/runtime/runtime.cc:284]   at java.lang.Thread.run(Thread.java:818)
F/art     ( 8483): art/runtime/runtime.cc:284] 
F/art     ( 8483): art/runtime/runtime.cc:284] 
F/libc    ( 8483): Fatal signal 6 (SIGABRT), code -6 in tid 8483 (main)
I/libc    ( 8483): Suppressing debuggerd output because prctl(PR_GET_DUMPABLE)==0
I/ServiceManager( 3668): service 'media.audio_flinger' died
I/Netd    ( 8709): Netd 1.0 starting
E/Netd    ( 8709): Failed to open /proc/sys/net/ipv6/conf/default/accept_ra_rt_table: No such file or directory
E/Netd    ( 8709): Failed to open /proc/sys/net/ipv6/conf/ip6tnl0/accept_ra_rt_table: No such file or directory
E/Netd    ( 8709): Failed to open /proc/sys/net/ipv6/conf/lo/accept_ra_rt_table: No such file or directory
E/Netd    ( 8709): Failed to open /proc/sys/net/ipv6/conf/rmnet0/accept_ra_rt_table: No such file or directory
E/Netd    ( 8709): Failed to open /proc/sys/net/ipv6/conf/rmnet1/accept_ra_rt_table: No such file or directory
E/Netd    ( 8709): Failed to open /proc/sys/net/ipv6/conf/rmnet2/accept_ra_rt_table: No such file or directory
E/Netd    ( 8709): Failed to open /proc/sys/net/ipv6/conf/rmnet3/accept_ra_rt_table: No such file or directory
E/Netd    ( 8709): Failed to open /proc/sys/net/ipv6/conf/sit0/accept_ra_rt_table: No such file or directory
D/AndroidRuntime( 8712): 
D/AndroidRuntime( 8712): >>>>>> AndroidRuntime START com.android.internal.os.ZygoteInit <<<<<<
D/AndroidRuntime( 8712): CheckJNI is OFF
I/art     ( 8712): option[0]=-Xzygote
I/art     ( 8712): option[1]=-Xstacktracefile:/data/anr/traces.txt
I/art     ( 8712): option[2]=exit
I/art     ( 8712): option[3]=vfprintf
I/art     ( 8712): option[4]=sensitiveThread
I/art     ( 8712): option[5]=-verbose:gc
I/art     ( 8712): option[6]=-Xms8m
I/mediaserver( 8710): ServiceManager: 0xb60500c0
I/art     ( 8712): option[7]=-Xmx512m
I/art     ( 8712): option[8]=-XX:mainThreadStackSize=24K
I/art     ( 8712): option[9]=-XX:HeapGrowthLimit=128m
I/art     ( 8712): option[10]=-XX:HeapMinFree=2m
I/AudioFlinger( 8710): Using default 3000 mSec as standby time.
I/art     ( 8712): option[11]=-XX:HeapMaxFree=8m
I/art     ( 8712): option[12]=-XX:HeapTargetUtilization=0.75
I/art     ( 8712): option[13]=-agentlib:jdwp=transport=dt_android_adb,suspend=n,server=y
I/art     ( 8712): option[14]=-Xlockprofthreshold:500
I/art     ( 8712): option[15]=-Ximage-compiler-option
I/art     ( 8712): option[16]=--runtime-arg
I/art     ( 8712): option[17]=-Ximage-compiler-option
I/art     ( 8712): option[18]=-Xms64m
I/art     ( 8712): option[19]=-Ximage-compiler-option
I/art     ( 8712): option[20]=--runtime-arg
I/art     ( 8712): option[21]=-Ximage-compiler-option
I/art     ( 8712): option[22]=-Xmx64m
I/art     ( 8712): option[23]=-Ximage-compiler-option
I/art     ( 8712): option[24]=--image-classes-zip=/system/framework/framework.jar
I/art     ( 8712): option[25]=-Ximage-compiler-option
I/art     ( 8712): option[26]=--image-classes=preloaded-classes
I/art     ( 8712): option[27]=-Xcompiler-option
I/art     ( 8712): option[28]=--runtime-arg
I/art     ( 8712): option[29]=-Xcompiler-option
I/art     ( 8712): option[30]=-Xms64m
I/art     ( 8712): option[31]=-Xcompiler-option
I/art     ( 8712): option[32]=--runtime-arg
I/art     ( 8712): option[33]=-Xcompiler-option
I/art     ( 8712): option[34]=-Xmx512m
I/art     ( 8712): option[35]=-Duser.language=es
I/art     ( 8712): option[36]=-Duser.region=US
I/ServiceManager( 8710): Waiting for service batterystats...
I/art     ( 8712): Pruning dalvik-cache since we are generating an image and will need to recompile
W/art     ( 8712): Unexpected file type of 
W/art     ( 8712):  encountered.
I/art     ( 8712): Using an offset of 0xff2a2000 from default art base address of 0x70000000
I/art     ( 8712): GenerateImage: /system/bin/dex2oat --image=/data/dalvik-cache/arm/system@framework@boot.art --dex-file=/system/framework/core-libart.jar --dex-file=/system/framework/conscrypt.jar --dex-file=/system/framework/okhttp.jar --dex-file=/system/framework/core-junit.jar --dex-file=/system/framework/bouncycastle.jar --dex-file=/system/framework/ext.jar --dex-file=/system/framework/framework.jar --dex-file=/system/framework/telephony-common.jar --dex-file=/system/framework/voip-common.jar --dex-file=/system/framework/ims-common.jar --dex-file=/system/framework/mms-common.jar --dex-file=/system/framework/android.policy.jar --dex-file=/system/framework/apache-xml.jar --oat-file=/data/dalvik-cache/arm/system@framework@boot.oat --instruction-set=arm --instruction-set-features=div --base=0x6f2a2000 --runtime-arg -Xms64m --runtime-arg -Xmx64m --image-classes-zip=/system/framework/framework.jar --image-classes=preloaded-classes
W/art     ( 8712): Unexpected file type of 
W/art     ( 8712):  encountered.
W/art     ( 8712): Could not create image space with image file '/system/framework/boot.art'. Attempting to fall back to imageless running. Error was: Failed to generate image '/data/dalvik-cache/arm/system@framework@boot.art': Failed execv(/system/bin/dex2oat --image=/data/dalvik-cache/arm/system@framework@boot.art --dex-file=/system/framework/core-libart.jar --dex-file=/system/framework/conscrypt.jar --dex-file=/system/framework/okhttp.jar --dex-file=/system/framework/core-junit.jar --dex-file=/system/framework/bouncycastle.jar --dex-file=/system/framework/ext.jar --dex-file=/system/framework/framework.jar --dex-file=/system/framework/telephony-common.jar --dex-file=/system/framework/voip-common.jar --dex-file=/system/framework/ims-common.jar --dex-file=/system/framework/mms-common.jar --dex-file=/system/framework/android.policy.jar --dex-file=/system/framework/apache-xml.jar --oat-file=/data/dalvik-cache/arm/system@framework@boot.oat --instruction-set=arm --instruction-set-features=div --base=0x6f2a2000 --runtime-arg -Xms64
I/ServiceManager( 8710): Waiting for service batterystats...
V/NatController( 8709): runCmd(/system/bin/iptables -F natctrl_FORWARD) res=0
V/NatController( 8709): runCmd(/system/bin/iptables -A natctrl_FORWARD -j DROP) res=0
V/NatController( 8709): runCmd(/system/bin/iptables -t nat -F natctrl_nat_POSTROUTING) res=0
V/NatController( 8709): runCmd(/system/bin/iptables -F natctrl_tether_counters) res=0
V/NatController( 8709): runCmd(/system/bin/iptables -X natctrl_tether_counters) res=0
V/NatController( 8709): runCmd(/system/bin/iptables -N natctrl_tether_counters) res=0
V/NatController( 8709): runCmd(/system/bin/iptables -t mangle -A natctrl_mangle_FORWARD -p tcp --tcp-flags SYN SYN -j TCPMSS --clamp-mss-to-pmtu) res=0
E/memtrack( 8712): Couldn't load memtrack module (No such file or directory)
E/android.os.Debug( 8712): failed to load memtrack module: -2
D/MDnsDS  ( 8709): MDnsSdListener::Hander starting up
D/MDnsDS  ( 8709): MDnsSdListener starting to monitor
D/MDnsDS  ( 8709): Going to poll with pollCount 1
I/SamplingProfilerIntegration( 8712): Profiling disabled.
D/Zygote  ( 8712): begin preload
I/Zygote  ( 8712): Preloading classes...
I/art     ( 8712): Explicit concurrent mark sweep GC freed 4379(640KB) AllocSpace objects, 0(0B) LOS objects, 41% free, 5MB/9MB, paused 86us total 14.528ms
I/art     ( 8712): Counter: 1
I/ServiceManager( 8710): Waiting for service batterystats...
E/Minikin ( 8712): addFont failed to create font /system/fonts/NotoSansGujarati-Regular.ttf
E/Minikin ( 8712): addFont failed to create font /system/fonts/NotoSansGujarati-Bold.ttf
E/Minikin ( 8712): addFont failed to create font /system/fonts/NotoSansGujaratiUI-Regular.ttf
E/Minikin ( 8712): addFont failed to create font /system/fonts/NotoSansGujaratiUI-Bold.ttf
E/Minikin ( 8712): addFont failed to create font /system/fonts/NotoSansGurmukhi-Regular.ttf
E/Minikin ( 8712): addFont failed to create font /system/fonts/NotoSansGurmukhi-Bold.ttf
E/Minikin ( 8712): addFont failed to create font /system/fonts/NotoSansGurmukhiUI-Regular.ttf
E/Minikin ( 8712): addFont failed to create font /system/fonts/NotoSansGurmukhiUI-Bold.ttf
E/Minikin ( 8712): addFont failed to create font /system/fonts/NotoSansSinhala-Regular.ttf
E/Minikin ( 8712): addFont failed to create font /system/fonts/NotoSansSinhala-Bold.ttf
E/Minikin ( 8712): addFont failed to create font /system/fonts/NotoSansCherokee-Regular.ttf
E/Minikin ( 8712): addFont failed to create font /system/fonts/NotoSansCanadianAboriginal-Regular.ttf
E/Minikin ( 8712): addFont failed to create font /system/fonts/NotoSansYi-Regular.ttf
E/Minikin ( 8712): addFont failed to create font /system/fonts/NotoSansHans-Regular.otf
E/Minikin ( 8712): addFont failed to create font /system/fonts/NotoSansHant-Regular.otf
E/Minikin ( 8712): addFont failed to create font /system/fonts/NotoSansJP-Regular.otf
E/Minikin ( 8712): addFont failed to create font /system/fonts/NotoSansKR-Regular.otf
E/art     ( 8712): ----- class 'Landroid/media/MediaPlayer;' cl=0x0 -----
E/art     ( 8712):   objectSize=876 (412 from super)
E/art     ( 8712):   access=0x8000.0001
E/art     ( 8712):   super='java.lang.Class<java.lang.Object>' (cl=0x0)
E/art     ( 8712):   interfaces (1):
E/art     ( 8712):      0: java.lang.Class<android.media.SubtitleController$Listener> (cl=0x0)
E/art     ( 8712):   vtable (64 entries, 11 in super):
E/art     ( 8712):      0: void android.media.MediaPlayer.addSubtitleSource(java.io.InputStream, android.media.MediaFormat)
E/art     ( 8712):      1: void android.media.MediaPlayer.addTimedTextSource(android.content.Context, android.net.Uri, java.lang.String)
E/art     ( 8712):      2: void android.media.MediaPlayer.addTimedTextSource(java.io.FileDescriptor, long, long, java.lang.String)
E/art     ( 8712):      3: void android.media.MediaPlayer.addTimedTextSource(java.io.FileDescriptor, java.lang.String)
E/art     ( 8712):      4: void android.media.MediaPlayer.addTimedTextSource(java.lang.String, java.lang.String)
E/art     ( 8712):      5: void android.media.MediaPlayer.attachAuxEffect(int)
E/art     ( 8712):      6: void android.media.MediaPlayer.deselectTrack(int)
E/art     ( 8712):      7: void android.media.MediaPlayer.finalize()
E/art     ( 8712):      8: int android.media.MediaPlayer.getAudioSessionId()
E/art     ( 8712):      9: int android.media.MediaPlayer.getCurrentPosition()
E/art     ( 8712):     10: int android.media.MediaPlayer.getDuration()
E/art     ( 8712):     11: android.media.MediaTimeProvider android.media.MediaPlayer.getMediaTimeProvider()
E/art     ( 8712):     12: android.media.Metadata android.media.MediaPlayer.getMetadata(boolean, boolean)
E/art     ( 8712):     13: int android.media.MediaPlayer.getSelectedTrack(int)
E/art     ( 8712):     14: android.media.MediaPlayer$TrackInfo[] android.media.MediaPlayer.getTrackInfo()
E/art     ( 8712):     15: int android.media.MediaPlayer.getVideoHeight()
E/art     ( 8712):     16: int android.media.MediaPlayer.getVideoWidth()
E/art     ( 8712):     17: void android.media.MediaPlayer.invoke(android.os.Parcel, android.os.Parcel)
E/art     ( 8712):     18: boolean android.media.MediaPlayer.isLooping()
E/art     ( 8712):     19: boolean android.media.MediaPlayer.isPlaying()
E/art     ( 8712):     20: android.os.Parcel android.media.MediaPlayer.newRequest()
E/art     ( 8712):     21: void android.media.MediaPlayer.onSubtitleTrackSelected(android.media.SubtitleTrack)
E/art     ( 8712):     22: void android.media.MediaPlayer.pause()
E/art     ( 8712):     23: void android.media.MediaPlayer.prepare()
E/art     ( 8712):     24: void android.media.MediaPlayer.prepareAsync()
E/art     ( 8712):     25: void android.media.MediaPlayer.release()
E/art     ( 8712):     26: void android.media.MediaPlayer.reset()
E/art     ( 8712):     27: boolean android.media.MediaPlayer.resume()
E/art     ( 8712):     28: void android.media.MediaPlayer.seekTo(int)
E/art     ( 8712):     29: void android.media.MediaPlayer.selectTrack(int)
E/art     ( 8712):     30: void android.media.MediaPlayer.setAudioAttributes(android.media.AudioAttributes)
E/art     ( 8712):     31: void android.media.MediaPlayer.setAudioSessionId(int)
E/art     ( 8712):     32: void android.media.MediaPlayer.setAudioStreamType(int)
E/art     ( 8712):     33: void android.media.MediaPlayer.setAuxEffectSendLevel(float)
E/art     ( 8712):     34: void android.media.MediaPlayer.setDataSource(android.content.Context, android.net.Uri)
E/art     ( 8712):     35: void android.media.MediaPlayer.setDataSource(android.content.Context, android.net.Uri, java.util.Map)
E/art     ( 8712):     36: void android.media.MediaPlayer.setDataSource(java.io.FileDescriptor)
E/art     ( 8712):     37: void android.media.MediaPlayer.setDataSource(java.io.FileDescriptor, long, long)
E/art     ( 8712):     38: void android.media.MediaPlayer.setDataSource(java.lang.String)
E/art     ( 8712):     39: void android.media.MediaPlayer.setDataSource(java.lang.String, java.util.Map)
E/art     ( 8712):     40: void android.media.MediaPlayer.setDisplay(android.view.SurfaceHolder)
E/art     ( 8712):     41: void android.media.MediaPlayer.setLooping(boolean)
E/art     ( 8712):     42: int android.media.MediaPlayer.setMetadataFilter(java.util.Set, java.util.Set)
E/art     ( 8712):     43: void android.media.MediaPlayer.setNextMediaPlayer(android.media.MediaPlayer)
E/art     ( 8712):     44: void android.media.MediaPlayer.setOnBufferingUpdateListener(android.media.MediaPlayer$OnBufferingUpdateListener)
E/art     ( 8712):     45: void android.media.MediaPlayer.setOnCompletionListener(android.media.MediaPlayer$OnCompletionListener)
E/art     ( 8712):     46: void android.media.MediaPlayer.setOnErrorListener(android.media.MediaPlayer$OnErrorListener)
E/art     ( 8712):     47: void android.media.MediaPlayer.setOnInfoListener(android.media.MediaPlayer$OnInfoListener)
E/art     ( 8712):     48: void android.media.MediaPlayer.setOnPreparedListener(android.media.MediaPlayer$OnPreparedListener)
E/art     ( 8712):     49: void android.media.MediaPlayer.setOnSeekCompleteListener(android.media.MediaPlayer$OnSeekCompleteListener)
E/art     ( 8712):     50: void android.media.MediaPlayer.setOnSubtitleDataListener(android.media.MediaPlayer$OnSubtitleDataListener)
E/art     ( 8712):     51: void android.media.MediaPlayer.setOnTimedTextListener(android.media.MediaPlayer$OnTimedTextListener)
E/art     ( 8712):     52: void android.media.MediaPlayer.setOnVideoSizeChangedListener(android.media.MediaPlayer$OnVideoSizeChangedListener)
E/art     ( 8712):     53: void android.media.MediaPlayer.setRetransmitEndpoint(java.net.InetSocketAddress)
E/art     ( 8712):     54: void android.media.MediaPlayer.setScreenOnWhilePlaying(boolean)
E/art     ( 8712):     55: void android.media.MediaPlayer.setSubtitleAnchor(android.media.SubtitleController, android.media.SubtitleController$Anchor)
E/art     ( 8712):     56: void android.media.MediaPlayer.setSurface(android.view.Surface)
E/art     ( 8712):     57: void android.media.MediaPlayer.setVideoScalingMode(int)
E/art     ( 8712):     58: void android.media.MediaPlayer.setVolume(float)
E/art     ( 8712):     59: void android.media.MediaPlayer.setVolume(float, float)
E/art     ( 8712):     60: void android.media.MediaPlayer.setWakeMode(android.content.Context, int)
E/art     ( 8712):     61: void android.media.MediaPlayer.start()
E/art     ( 8712):     62: void android.media.MediaPlayer.stop()
E/art     ( 8712):     63: boolean android.media.MediaPlayer.suspend()
E/art     ( 8712):   direct methods (61 entries):
E/art     ( 8712):      0: void android.media.MediaPlayer.<clinit>()
E/art     ( 8712):      1: void android.media.MediaPlayer.<init>()
E/art     ( 8712):      2: int android.media.MediaPlayer._getAudioStreamType()
E/art     ( 8712):      3: void android.media.MediaPlayer._pause()
E/art     ( 8712):      4: void android.media.MediaPlayer._prepare()
E/art     ( 8712):      5: void android.media.MediaPlayer._release()
E/art     ( 8712):      6: void android.media.MediaPlayer._reset()
E/art     ( 8712):      7: boolean android.media.MediaPlayer._resume()
E/art     ( 8712):      8: void android.media.MediaPlayer._setAudioStreamType(int)
E/art     ( 8712):      9: void android.media.MediaPlayer._setAuxEffectSendLevel(float)
E/art     ( 8712):     10: void android.media.MediaPlayer._setDataSource(java.io.FileDescriptor, long, long)
E/art     ( 8712):     11: void android.media.MediaPlayer._setVideoSurface(android.view.Surface)
E/art     ( 8712):     12: void android.media.MediaPlayer._setVolume(float, float)
E/art     ( 8712):     13: void android.media.MediaPlayer._start()
E/art     ( 8712):     14: void android.media.MediaPlayer._stop()
E/art     ( 8712):     15: boolean android.media.MediaPlayer._suspend()
E/art     ( 8712):     16: android.media.SubtitleTrack[] android.media.MediaPlayer.access$000(android.media.MediaPlayer)
E/art     ( 8712):     17: android.media.SubtitleController android.media.MediaPlayer.access$100(android.media.MediaPlayer)
E/art     ( 8712):     18: android.media.MediaPlayer$TimeProvider android.media.MediaPlayer.access$1000(android.media.MediaPlayer)
E/art     ( 8712):     19: android.media.MediaPlayer$OnBufferingUpdateListener android.media.MediaPlayer.access$1100(android.media.MediaPlayer)
E/art     ( 8712):     20: android.media.MediaPlayer$OnSeekCompleteListener android.media.MediaPlayer.access$1200(android.media.MediaPlayer)
E/art     ( 8712):     21: android.media.MediaPlayer$OnVideoSizeChangedListener android.media.MediaPlayer.access$1300(android.media.MediaPlayer)
E/art     ( 8712):     22: android.media.MediaPlayer$OnErrorListener android.media.MediaPlayer.access$1400(android.media.MediaPlayer)
E/art     ( 8712):     23: android.media.MediaPlayer$OnInfoListener android.media.MediaPlayer.access$1500(android.media.MediaPlayer)
E/art     ( 8712):     24: android.media.MediaPlayer$OnTimedTextListener android.media.MediaPlayer.access$1600(android.media.MediaPlayer)
E/art     ( 8712):     25: android.media.MediaPlayer$OnSubtitleDataListener android.media.MediaPlayer.access$1700(android.media.MediaPlayer)
E/art     ( 8712):     26: java.util.Vector android.media.MediaPlayer.access$200(android.media.MediaPlayer)
E/art     ( 8712):     27: java.util.Vector android.media.MediaPlayer.access$300(android.media.MediaPlayer)
E/art     ( 8712):     28: android.media.MediaPlayer$EventHandler android.media.MediaPlayer.access$400(android.media.MediaPlayer)
E/art     ( 8712):     29: long android.media.MediaPlayer.access$500(android.media.MediaPlayer)
E/art     ( 8712):     30: void android.media.MediaPlayer.access$600(android.media.MediaPlayer)
E/art     ( 8712):     31: android.media.MediaPlayer$OnPreparedListener android.media.MediaPlayer.access$700(android.media.MediaPlayer)
E/art     ( 8712):     32: android.media.MediaPlayer$OnCompletionListener android.media.MediaPlayer.access$800(android.media.MediaPlayer)
E/art     ( 8712):     33: void android.media.MediaPlayer.access$900(android.media.MediaPlayer, boolean)
E/art     ( 8712):     34: boolean android.media.MediaPlayer.availableMimeTypeForExternalSource(java.lang.String)
E/art     ( 8712):     35: android.media.MediaPlayer android.media.MediaPlayer.create(android.content.Context, int)
E/art     ( 8712):     36: android.media.MediaPlayer android.media.MediaPlayer.create(android.content.Context, int, android.media.AudioAttributes, int)
E/art     ( 8712):     37: android.media.MediaPlayer android.media.MediaPlayer.create(android.content.Context, android.net.Uri)
E/art     ( 8712):     38: android.media.MediaPlayer android.media.MediaPlayer.create(android.content.Context, android.net.Uri, android.view.SurfaceHolder)
E/art     ( 8712):     39: android.media.MediaPlayer android.media.MediaPlayer.create(android.content.Context, android.net.Uri, android.view.SurfaceHolder, android.media.AudioAttributes, int)
E/art     ( 8712):     40: int android.media.MediaPlayer.getAudioStreamType()
E/art     ( 8712):     41: android.media.MediaPlayer$TrackInfo[] android.media.MediaPlayer.getInbandTrackInfo()
E/art     ( 8712):     42: boolean android.media.MediaPlayer.isRestricted()
E/art     ( 8712):     43: boolean android.media.MediaPlayer.isVideoScalingModeSupported(int)
E/art     ( 8712):     44: void android.media.MediaPlayer.nativeSetDataSource(android.os.IBinder, java.lang.String, java.lang.String[], java.lang.String[])
E/art     ( 8712):     45: void android.media.MediaPlayer.native_finalize()
E/art     ( 8712):     46: boolean android.media.MediaPlayer.native_getMetadata(boolean, boolean, android.os.Parcel)
E/art     ( 8712):     47: void android.media.MediaPlayer.native_init()
E/art     ( 8712):     48: int android.media.MediaPlayer.native_invoke(android.os.Parcel, android.os.Parcel)
E/art     ( 8712):     49: int android.media.MediaPlayer.native_pullBatteryData(android.os.Parcel)
E/art     ( 8712):     50: int android.media.MediaPlayer.native_setMetadataFilter(android.os.Parcel)
E/art     ( 8712):     51: int android.media.MediaPlayer.native_setRetransmitEndpoint(java.lang.String, int)
E/art     ( 8712):     52: void android.media.MediaPlayer.native_setup(java.lang.Object)
E/art     ( 8712):     53: void android.media.MediaPlayer.postEventFromNative(java.lang.Object, int, int, int, java.lang.Object)
E/art     ( 8712):     54: void android.media.MediaPlayer.scanInternalSubtitleTracks()
E/art     ( 8712):     55: void android.media.MediaPlayer.selectOrDeselectInbandTrack(int, boolean)
E/art     ( 8712):     56: void android.media.MediaPlayer.selectOrDeselectTrack(int, boolean)
E/art     ( 8712):     57: void android.media.MediaPlayer.setDataSource(java.lang.String, java.lang.String[], java.lang.String[])
E/art     ( 8712):     58: boolean android.media.MediaPlayer.setParameter(int, android.os.Parcel)
E/art     ( 8712):     59: void android.media.MediaPlayer.stayAwake(boolean)
E/art     ( 8712):     60: void android.media.MediaPlayer.updateSurfaceScreenOn()
E/art     ( 8712):   static fields (53 entries):
E/art     ( 8712):      0: java.lang.String android.media.MediaPlayer.IMEDIA_PLAYER
E/art     ( 8712):      1: java.lang.String android.media.MediaPlayer.MEDIA_MIMETYPE_TEXT_CEA_608
E/art     ( 8712):      2: java.lang.String android.media.MediaPlayer.MEDIA_MIMETYPE_TEXT_SUBRIP
E/art     ( 8712):      3: java.lang.String android.media.MediaPlayer.MEDIA_MIMETYPE_TEXT_VTT
E/art     ( 8712):      4: java.lang.String android.media.MediaPlayer.TAG
E/art     ( 8712):      5: boolean android.media.MediaPlayer.APPLY_METADATA_FILTER
E/art     ( 8712):      6: boolean android.media.MediaPlayer.BYPASS_METADATA_FILTER
E/art     ( 8712):      7: int android.media.MediaPlayer.INVOKE_ID_ADD_EXTERNAL_SOURCE
E/art     ( 8712):      8: int android.media.MediaPlayer.INVOKE_ID_ADD_EXTERNAL_SOURCE_FD
E/art