F/art     ( 6254): sart/runtime/runtime.cc:286]   native: #03 pc 0023ed1b  /system/lib/libart.so (art::Thread::Dump(std::__1::basic_ostream<char, std::__1::char_traits<char> >&) const+162)
F/art     ( 6254): sart/runtime/runtime.cc:286]   native: #04 pc 0022e579  /system/lib/libart.so (art::AbortState::DumpThread(std::__1::basic_ostream<char, std::__1::char_traits<char> >&, art::Thread*)+32)
F/art     ( 6254): sart/runtime/runtime.cc:286]   native: #05 pc 0022e7e3  /system/lib/libart.so (art::AbortState::Dump(std::__1::basic_ostream<char, std::__1::char_traits<char> >&)+354)
F/art     ( 6254): sart/runtime/runtime.cc:286]   native: #06 pc 0022e9db  /system/lib/libart.so (art::Runtime::Abort()+82)
F/art     ( 6254): sart/runtime/runtime.cc:286]   native: #07 pc 000a9395  /system/lib/libart.so (art::LogMessage::~LogMessage()+1360)
F/art     ( 6254): sart/runtime/runtime.cc:286]   native: #08 pc 000e0a15  /system/lib/libart.so (art::ClassLinker::InitWithoutImage(std::__1::vector<art::DexFile const*, std::__1::allocator<art::DexFile const*> > const&)+10180)
F/art     ( 6254): sart/runtime/runtime.cc:286]   native: #09 pc 00230695  /system/lib/libart.so (art::Runtime::Init(std::__1::vector<std::__1::pair<std::__1::basic_string<char, std::__1::char_traits<char>, std::__1::allocator<char> >, void const*>, std::__1::allocator<std::__1::pair<std::__1::basic_string<char, std::__1::char_traits<char>, std::__1::allocator<char> >, void const*> > > const&, bool)+3076)
F/art     ( 6254): sart/runtime/runtime.cc:286]   native: #10 pc 00231b63  /system/lib/libart.so (art::Runtime::Create(std::__1::vector<std::__1::pair<std::__1::basic_string<char, std::__1::char_traits<char>, std::__1::allocator<char> >, void const*>, std::__1::allocator<std::__1::pair<std::__1::basic_string<char, std::__1::char_traits<char>, std::__1::allocator<char> >, void const*> > > const&, bool)+58)
F/art     ( 6254): sart/runtime/runtime.cc:286]   native: #11 pc 001e4047  /system/lib/libart.so (JNI_CreateJavaVM+470)
F/art     ( 6254): sart/runtime/runtime.cc:286]   native: #12 pc 0005ad93  /system/lib/libandroid_runtime.so (android::AndroidRuntime::startVm(_JavaVM**, _JNIEnv**)+2174)
F/art     ( 6254): sart/runtime/runtime.cc:286]   native: #13 pc 0005b3bf  /system/lib/libandroid_runtime.so (android::AndroidRuntime::start(char const*, android::Vector<android::String8> const&)+250)
F/art     ( 6254): sart/runtime/runtime.cc:286]   native: #14 pc 00001655  /system/bin/app_process32 (???)
F/art     ( 6254): sart/runtime/runtime.cc:286]   native: #15 pc 0000fb75  /system/lib/libc.so (__libc_init+44)
F/art     ( 6254): sart/runtime/runtime.cc:286]   native: #16 pc 00001770  /system/bin/app_process32 (???)
F/art     ( 6254): sart/runtime/runtime.cc:286]   (no managed stack frames)
F/art     ( 6254): sart/runtime/runtime.cc:286] Dumping all threads without appropriate locks held: thread list lock
F/art     ( 6254): sart/runtime/runtime.cc:286] All threads:
F/art     ( 6254): sart/runtime/runtime.cc:286] DALVIK THREADS (1):
F/art     ( 6254): sart/runtime/runtime.cc:286] "main" prio=5 tid=1 Runnable (still starting up)
F/art     ( 6254): sart/runtime/runtime.cc:286]   | group="" sCount=0 dsCount=0 obj=0x0 self=0xb5107800
F/art     ( 6254): sart/runtime/runtime.cc:286]   | sysTid=6254 nice=0 cgrp=default sched=0/0 handle=0xb6fefec8
F/art     ( 6254): sart/runtime/runtime.cc:286]   | state=R schedstat=( 1099392046 1244746 28 ) utm=90 stm=19 core=4 HZ=100
F/art     ( 6254): sart/runtime/runtime.cc:286]   | stack=0xbe2c3000-0xbe2c5000 stackSize=8MB
F/art     ( 6254): sart/runtime/runtime.cc:286]   | held mutexes= "abort lock" "mutator lock"(shared held)
F/art     ( 6254): sart/runtime/runtime.cc:286]   native: #00 pc 000045b4  /system/lib/libbacktrace_libc++.so (UnwindCurrent::Unwind(unsigned int, ucontext*)+23)
F/art     ( 6254): sart/runtime/runtime.cc:286]   native: #01 pc 00002e1d  /system/lib/libbacktrace_libc++.so (Backtrace::Unwind(unsigned int, ucontext*)+8)
F/art     ( 6254): sart/runtime/runtime.cc:286]   native: #02 pc 0025ba7d  /system/lib/libart.so (art::DumpNativeStack(std::__1::basic_ostream<char, std::__1::char_traits<char> >&, int, char const*, art::mirror::ArtMethod*)+84)
F/art     ( 6254): sart/runtime/runtime.cc:286]   native: #03 pc 0023ed1b  /system/lib/libart.so (art::Thread::Dump(std::__1::basic_ostream<char, std::__1::char_traits<char> >&) const+162)
F/art     ( 6254): sart/runtime/runtime.cc:286]   native: #04 pc 00247e3d  /system/lib/libart.so (art::ThreadList::DumpLocked(std::__1::basic_ostream<char, std::__1::char_traits<char> >&)+120)
F/art     ( 6254): sart/runtime/runtime.cc:286]   native: #05 pc 0022e791  /system/lib/libart.so (art::AbortState::Dump(std::__1::basic_ostream<char, std::__1::char_traits<char> >&)+272)
F/art     ( 6254): sart/runtime/runtime.cc:286]   native: #06 pc 0022e9db  /system/lib/libart.so (art::Runtime::Abort()+82)
F/art     ( 6254): sart/runtime/runtime.cc:286]   native: #07 pc 000a9395  /system/lib/libart.so (art::LogMessage::~LogMessage()+1360)
F/art     ( 6254): sart/runtime/runtime.cc:286]   native: #08 pc 000e0a15  /system/lib/libart.so (art::ClassLinker::InitWithoutImage(std::__1::vector<art::DexFile const*, std::__1::allocator<art::DexFile const*> > const&)+10180)
F/art     ( 6254): sart/runtime/runtime.cc:286]   native: #09 pc 00230695  /system/lib/libart.so (art::Runtime::Init(std::__1::vector<std::__1::pair<std::__1::basic_string<char, std::__1::char_traits<char>, std::__1::allocator<char> >, void const*>, std::__1::allocator<std::__1::pair<std::__1::basic_string<char, std::__1::char_traits<char>, std::__1::allocator<char> >, void const*> > > const&, bool)+3076)
F/art     ( 6254): sart/runtime/runtime.cc:286]   native: #10 pc 00231b63  /system/lib/libart.so (art::Runtime::Create(std::__1::vector<std::__1::pair<std::__1::basic_string<char, std::__1::char_traits<char>, std::__1::allocator<char> >, void const*>, std::__1::allocator<std::__1::pair<std::__1::basic_string<char, std::__1::char_traits<char>, std::__1::allocator<char> >, void const*> > > const&, bool)+58)
F/art     ( 6254): sart/runtime/runtime.cc:286]   native: #11 pc 001e4047  /system/lib/libart.so (JNI_CreateJavaVM+470)
F/art     ( 6254): sart/runtime/runtime.cc:286]   native: #12 pc 0005ad93  /system/lib/libandroid_runtime.so (android::AndroidRuntime::startVm(_JavaVM**, _JNIEnv**)+2174)
F/art     ( 6254): sart/runtime/runtime.cc:286]   native: #13 pc 0005b3bf  /system/lib/libandroid_runtime.so (android::AndroidRuntime::start(char const*, android::Vector<android::String8> const&)+250)
F/art     ( 6254): sart/runtime/runtime.cc:286]   native: #14 pc 00001655  /system/bin/app_process32 (???)
F/art     ( 6254): sart/runtime/runtime.cc:286]   native: #15 pc 0000fb75  /system/lib/libc.so (__libc_init+44)
F/art     ( 6254): sart/runtime/runtime.cc:286]   native: #16 pc 00001770  /system/bin/app_process32 (???)
F/art     ( 6254): sart/runtime/runtime.cc:286]   (no managed stack frames)
F/art     ( 6254): sart/runtime/runtime.cc:286] 
F/art     ( 6254): sart/runtime/runtime.cc:286] 
F/libc    ( 6254): Fatal signal 6 (SIGABRT), code -6 in tid 6254 (main)
I/DEBUG   ( 5413): property debug.db.uid not set; NOT waiting for gdb.
I/DEBUG   ( 5413): HINT: adb shell setprop debug.db.uid 100000
I/DEBUG   ( 5413): HINT: adb forward tcp:5039 tcp:5039
V/NatController( 6251): runCmd(/system/bin/iptables -A natctrl_FORWARD -j DROP) res=0
V/NatController( 6251): runCmd(/system/bin/iptables -t nat -F natctrl_nat_POSTROUTING) res=0
V/NatController( 6251): runCmd(/system/bin/iptables -F natctrl_tether_counters) res=0
V/NatController( 6251): runCmd(/system/bin/iptables -X natctrl_tether_counters) res=0
V/NatController( 6251): runCmd(/system/bin/iptables -N natctrl_tether_counters) res=0
V/NatController( 6251): runCmd(/system/bin/iptables -t mangle -A natctrl_mangle_FORWARD -p tcp --tcp-flags SYN SYN -j TCPMSS --clamp-mss-to-pmtu) res=0
I/DEBUG   ( 5413): *** *** *** *** *** *** *** *** *** *** *** *** *** *** *** ***
I/DEBUG   ( 5413): Build fingerprint: 'samsung/cm_k3gxx/k3gxx:5.0.2/LRX22G/f6367390ba:userdebug/test-keys'
I/DEBUG   ( 5413): Revision: '10'
I/DEBUG   ( 5413): ABI: 'arm'
I/DEBUG   ( 5413): pid: 6254, tid: 6254, name: main  >>> zygote <<<
I/DEBUG   ( 5413): signal 6 (SIGABRT), code -6 (SI_TKILL), fault addr --------
I/DEBUG   ( 5413): Abort message: 'sart/runtime/class_linker.cc:398] Check failed: java_lang_String.Get() == String_class (java_lang_String.Get()=0x12c0a400, String_class=0x12c0b400) ----- class 'Ljava/lang/String;' cl=0x0 -----'
I/DEBUG   ( 5413):     r0 00000000  r1 0000186e  r2 00000006  r3 00000000
I/DEBUG   ( 5413):     r4 b6ff0114  r5 00000006  r6 00000002  r7 0000010c
I/DEBUG   ( 5413):     r8 00000000  r9 b514f520  sl b5107800  fp 00000001
I/DEBUG   ( 5413):     ip 0000186e  sp beac0218  lr b6f7a7b9  pc b6f9e4e4  cpsr 600f0010
I/DEBUG   ( 5413): 
I/DEBUG   ( 5413): backtrace:
I/DEBUG   ( 5413):     #00 pc 000384e4  /system/lib/libc.so (tgkill+12)
I/DEBUG   ( 5413):     #01 pc 000147b5  /system/lib/libc.so (pthread_kill+52)
I/DEBUG   ( 5413):     #02 pc 0001550b  /system/lib/libc.so (raise+10)
I/DEBUG   ( 5413):     #03 pc 00011c35  /system/lib/libc.so (__libc_android_abort+36)
I/DEBUG   ( 5413):     #04 pc 0000fcb8  /system/lib/libc.so (abort+4)
I/DEBUG   ( 5413):     #05 pc 0022ea33  /system/lib/libart.so (art::Runtime::Abort()+170)
I/DEBUG   ( 5413):     #06 pc 000a9395  /system/lib/libart.so (art::LogMessage::~LogMessage()+1360)
I/DEBUG   ( 5413):     #07 pc 000e0a15  /system/lib/libart.so (art::ClassLinker::InitWithoutImage(std::__1::vector<art::DexFile const*, std::__1::allocator<art::DexFile const*> > const&)+10180)
I/DEBUG   ( 5413):     #08 pc 00230695  /system/lib/libart.so (art::Runtime::Init(std::__1::vector<std::__1::pair<std::__1::basic_string<char, std::__1::char_traits<char>, std::__1::allocator<char> >, void const*>, std::__1::allocator<std::__1::pair<std::__1::basic_string<char, std::__1::char_traits<char>, std::__1::allocator<char> >, void const*> > > const&, bool)+3076)
I/DEBUG   ( 5413):     #09 pc 00231b63  /system/lib/libart.so (art::Runtime::Create(std::__1::vector<std::__1::pair<std::__1::basic_string<char, std::__1::char_traits<char>, std::__1::allocator<char> >, void const*>, std::__1::allocator<std::__1::pair<std::__1::basic_string<char, std::__1::char_traits<char>, std::__1::allocator<char> >, void const*> > > const&, bool)+58)
I/DEBUG   ( 5413):     #10 pc 001e4047  /system/lib/libart.so (JNI_CreateJavaVM+470)
I/DEBUG   ( 5413):     #11 pc 0005ad93  /system/lib/libandroid_runtime.so (android::AndroidRuntime::startVm(_JavaVM**, _JNIEnv**)+2174)
I/DEBUG   ( 5413):     #12 pc 0005b3bf  /system/lib/libandroid_runtime.so (android::AndroidRuntime::start(char const*, android::Vector<android::String8> const&)+250)
I/DEBUG   ( 5413):     #13 pc 00001655  /system/bin/app_process32
I/DEBUG   ( 5413):     #14 pc 0000fb75  /system/lib/libc.so (__libc_init+44)
I/DEBUG   ( 5413):     #15 pc 00001770  /system/bin/app_process32
I/DEBUG   ( 5413): 
I/DEBUG   ( 5413): Tombstone written to: /data/tombstones/tombstone_04
I/ServiceManager( 3666): service 'media.audio_flinger' died
I/SurfaceFlinger( 6438): SurfaceFlinger is starting
I/SurfaceFlinger( 6438): SurfaceFlinger's main thread ready to run. Initializing graphics H/W...
D/libEGL  ( 6438): loaded /vendor/lib/egl/libGLES_mali.so
I/        ( 6438): PLATFORM VERSION : JB-MR-2
I/gralloc ( 6438): using (fd=12)
I/gralloc ( 6438): id           = 
I/gralloc ( 6438): xres         = 1080 px
I/gralloc ( 6438): yres         = 1920 px
I/gralloc ( 6438): xres_virtual = 1080 px
I/gralloc ( 6438): yres_virtual = 3840 px
I/gralloc ( 6438): bpp          = 32
I/gralloc ( 6438): r            = 16:8
I/gralloc ( 6438): g            =  8:8
I/gralloc ( 6438): b            =  0:8
I/gralloc ( 6438): width        = 65 mm (422.030762 dpi)
I/gralloc ( 6438): height       = 115 mm (424.069580 dpi)
I/gralloc ( 6438): refresh rate = 60.00 Hz
D/hwcomposer( 6438): using
D/hwcomposer( 6438): xres         = 1080 px
D/hwcomposer( 6438): yres         = 1920 px
D/hwcomposer( 6438): width        = 65 mm (422.030000 dpi)
D/hwcomposer( 6438): height       = 115 mm (424.069000 dpi)
D/hwcomposer( 6438): refresh rate = 60 Hz
D/libexynosv4l2-subdev( 6438): try node: /dev/v4l-subdev0
D/libexynosv4l2-subdev( 6438): try node: /dev/v4l-subdev1
D/libexynosv4l2-subdev( 6438): try node: /dev/v4l-subdev2
I/libexynosv4l2-subdev( 6438): node found for device s5p-mixer0: /dev/v4l-subdev2
I/libexynosv4l2-subdev( 6438): open subdev device /dev/v4l-subdev2
I/hwcomposer( 6438): PSR info devname = /sys/devices/14400000.fimd_fb/psr_info
I/hwcomposer( 6438): PSR mode is 2(0: video mode, 1: DP PSR mode, 2: MIPI-DSI command mode)
I/SurfaceFlinger( 6438): Using composer version 1.3
I/SurfaceFlinger( 6438): EGL information:
I/SurfaceFlinger( 6438): vendor    : Android
I/SurfaceFlinger( 6438): version   : 1.4 Android META-EGL
I/SurfaceFlinger( 6438): extensions: EGL_KHR_get_all_proc_addresses EGL_ANDROID_presentation_time EGL_KHR_image EGL_KHR_image_base EGL_KHR_gl_texture_2D_image EGL_KHR_gl_texture_cubemap_image EGL_KHR_gl_renderbuffer_image EGL_KHR_fence_sync EGL_KHR_create_context EGL_ANDROID_image_native_buffer EGL_KHR_wait_sync EGL_ANDROID_recordable 
I/SurfaceFlinger( 6438): Client API: OpenGL_ES
I/SurfaceFlinger( 6438): EGLSurface: 8-8-8-8, config=0xb6acf2ac
I/SurfaceFlinger( 6438): OpenGL ES informations:
I/SurfaceFlinger( 6438): vendor    : ARM
I/SurfaceFlinger( 6438): renderer  : Mali-T628
I/SurfaceFlinger( 6438): version   : OpenGL ES 3.0
I/SurfaceFlinger( 6438): extensions: GL_EXT_debug_marker GL_ARM_rgba8 GL_ARM_mali_shader_binary GL_OES_depth24 GL_OES_depth_texture GL_OES_depth_texture_cube_map GL_OES_packed_depth_stencil GL_OES_rgb8_rgba8 GL_EXT_read_format_bgra GL_OES_compressed_paletted_texture GL_OES_compressed_ETC1_RGB8_texture GL_OES_standard_derivatives GL_OES_EGL_image GL_OES_EGL_image_external GL_OES_EGL_sync GL_OES_texture_npot GL_OES_vertex_half_float GL_OES_required_internalformat GL_OES_vertex_array_object GL_OES_mapbuffer GL_EXT_texture_format_BGRA8888 GL_EXT_texture_rg GL_EXT_texture_type_2_10_10_10_REV GL_OES_fbo_render_mipmap GL_OES_element_index_uint GL_EXT_shadow_samplers GL_OES_texture_compression_astc GL_KHR_texture_compression_astc_ldr GL_KHR_texture_compression_astc_hdr GL_KHR_debug GL_EXT_occlusion_query_boolean GL_EXT_blend_minmax GL_EXT_discard_framebuffer GL_OES_get_program_binary GL_OES_texture_3D GL_EXT_texture_storage GL_EXT_multisampled_render_to_texture GL_OES_surfaceless_context GL_ARM_mali_program_binary 
I/SurfaceFlinger( 6438): GL_MAX_TEXTURE_SIZE = 8192
I/SurfaceFlinger( 6438): GL_MAX_VIEWPORT_DIMS = 8192
E/libEGL  ( 6438): eglQuerySurface:658 error 300d (EGL_BAD_SURFACE)
E/libEGL  ( 6438): eglQuerySurface:658 error 300d (EGL_BAD_SURFACE)
E/libEGL  ( 6438): call to OpenGL ES API with no current context (logged once per thread)
D/SurfaceFlinger( 6438): Set power mode=2, type=0 flinger=0xb6a62000
I/hwcomposer( 6438): int exynos5_blank(hwc_composer_device_1*, int, int):: disp(0), blank(0)
I/hwcomposer( 6438): unblank ioctl failed (display already unblanked)
I/Netd    ( 6468): Netd 1.0 starting
E/libEGL  ( 6438): eglSwapBuffers:1228 error 300d (EGL_BAD_SURFACE)
F/SurfaceFlinger( 6438): eglSwapBuffers(0x1, 0x0) failed with 0x0000300d
F/libc    ( 6438): Fatal signal 6 (SIGABRT), code -6 in tid 6438 (surfaceflinger)
I/DEBUG   ( 5413): property debug.db.uid not set; NOT waiting for gdb.
I/DEBUG   ( 5413): HINT: adb shell setprop debug.db.uid 100000
I/DEBUG   ( 5413): HINT: adb forward tcp:5039 tcp:5039
E/Netd    ( 6468): Failed to open /proc/sys/net/ipv6/conf/default/accept_ra_rt_table: No such file or directory
E/Netd    ( 6468): Failed to open /proc/sys/net/ipv6/conf/ip6tnl0/accept_ra_rt_table: No such file or directory
E/Netd    ( 6468): Failed to open /proc/sys/net/ipv6/conf/lo/accept_ra_rt_table: No such file or directory
E/Netd    ( 6468): Failed to open /proc/sys/net/ipv6/conf/rmnet0/accept_ra_rt_table: No such file or directory
E/Netd    ( 6468): Failed to open /proc/sys/net/ipv6/conf/rmnet1/accept_ra_rt_table: No such file or directory
E/Netd    ( 6468): Failed to open /proc/sys/net/ipv6/conf/rmnet2/accept_ra_rt_table: No such file or directory
E/Netd    ( 6468): Failed to open /proc/sys/net/ipv6/conf/rmnet3/accept_ra_rt_table: No such file or directory
E/Netd    ( 6468): Failed to open /proc/sys/net/ipv6/conf/sit0/accept_ra_rt_table: No such file or directory
I/DEBUG   ( 5413): *** *** *** *** *** *** *** *** *** *** *** *** *** *** *** ***
I/DEBUG   ( 5413): Build fingerprint: 'samsung/cm_k3gxx/k3gxx:5.0.2/LRX22G/f6367390ba:userdebug/test-keys'
I/DEBUG   ( 5413): Revision: '10'
I/DEBUG   ( 5413): ABI: 'arm'
I/DEBUG   ( 5413): pid: 6438, tid: 6438, name: surfaceflinger  >>> /system/bin/surfaceflinger <<<
I/DEBUG   ( 5413): signal 6 (SIGABRT), code -6 (SI_TKILL), fault addr --------
I/DEBUG   ( 5413): Abort message: 'eglSwapBuffers(0x1, 0x0) failed with 0x0000300d'
I/DEBUG   ( 5413):     r0 00000000  r1 00001926  r2 00000006  r3 00000000
I/DEBUG   ( 5413):     r4 b6f6f114  r5 00000006  r6 0000000b  r7 0000010c
I/DEBUG   ( 5413):     r8 00000000  r9 be9abbd0  sl b6a54210  fp be9abbd0
I/DEBUG   ( 5413):     ip 00001926  sp be9ab650  lr b6ef97b9  pc b6f1d4e4  cpsr 600f0010
I/DEBUG   ( 5413): 
I/DEBUG   ( 5413): backtrace:
I/DEBUG   ( 5413):     #00 pc 000384e4  /system/lib/libc.so (tgkill+12)
I/DEBUG   ( 5413):     #01 pc 000147b5  /system/lib/libc.so (pthread_kill+52)
I/DEBUG   ( 5413):     #02 pc 0001550b  /system/lib/libc.so (raise+10)
I/DEBUG   ( 5413):     #03 pc 00011c35  /system/lib/libc.so (__libc_android_abort+36)
I/DEBUG   ( 5413):     #04 pc 0000fcb8  /system/lib/libc.so (abort+4)
I/DEBUG   ( 5413):     #05 pc 00007739  /system/lib/libcutils.so (__android_log_assert+88)
I/DEBUG   ( 5413):     #06 pc 0000f4df  /system/lib/libsurfaceflinger.so
I/DEBUG   ( 5413):     #07 pc 0001b9fd  /system/lib/libsurfaceflinger.so
I/DEBUG   ( 5413):     #08 pc 0001abe7  /system/lib/libsurfaceflinger.so
I/DEBUG   ( 5413):     #09 pc 00019fc3  /system/lib/libsurfaceflinger.so
I/DEBUG   ( 5413):     #10 pc 00019d49  /system/lib/libsurfaceflinger.so
I/DEBUG   ( 5413):     #11 pc 00010ed3  /system/lib/libutils.so (android::Looper::pollInner(int)+410)
I/DEBUG   ( 5413):     #12 pc 00010fc5  /system/lib/libutils.so (android::Looper::pollOnce(int, int*, int*, void**)+92)
I/DEBUG   ( 5413):     #13 pc 000174c5  /system/lib/libsurfaceflinger.so
I/DEBUG   ( 5413):     #14 pc 0001993d  /system/lib/libsurfaceflinger.so (android::SurfaceFlinger::run()+8)
I/DEBUG   ( 5413):     #15 pc 0000083d  /system/bin/surfaceflinger
I/DEBUG   ( 5413):     #16 pc 0000fb75  /system/lib/libc.so (__libc_init+44)
I/DEBUG   ( 5413):     #17 pc 000008d8  /system/bin/surfaceflinger
D/AndroidRuntime( 6471): 
D/AndroidRuntime( 6471): >>>>>> AndroidRuntime START com.android.internal.os.ZygoteInit <<<<<<
D/AndroidRuntime( 6471): CheckJNI is OFF
I/art     ( 6471): option[0]=-Xzygote
I/art     ( 6471): option[1]=-Xstacktracefile:/data/anr/traces.txt
I/art     ( 6471): option[2]=exit
I/art     ( 6471): option[3]=vfprintf
I/art     ( 6471): option[4]=sensitiveThread
I/art     ( 6471): option[5]=-verbose:gc
I/art     ( 6471): option[6]=-Xms8m
I/art     ( 6471): option[7]=-Xmx512m
I/art     ( 6471): option[8]=-XX:mainThreadStackSize=24K
I/art     ( 6471): option[9]=-XX:HeapGrowthLimit=128m
I/art     ( 6471): option[10]=-XX:HeapMinFree=2m
I/art     ( 6471): option[11]=-XX:HeapMaxFree=8m
I/art     ( 6471): option[12]=-XX:HeapTargetUtilization=0.75
I/art     ( 6471): option[13]=-agentlib:jdwp=transport=dt_android_adb,suspend=n,server=y
I/art     ( 6471): option[14]=-Xlockprofthreshold:500
I/art     ( 6471): option[15]=-Ximage-compiler-option
I/art     ( 6471): option[16]=--runtime-arg
I/art     ( 6471): option[17]=-Ximage-compiler-option
I/art     ( 6471): option[18]=-Xms64m
I/art     ( 6471): option[19]=-Ximage-compiler-option
I/art     ( 6471): option[20]=--runtime-arg
I/art     ( 6471): option[21]=-Ximage-compiler-option
I/art     ( 6471): option[22]=-Xmx64m
I/art     ( 6471): option[23]=-Ximage-compiler-option
I/art     ( 6471): option[24]=--image-classes-zip=/system/framework/framework.jar
I/art     ( 6471): option[25]=-Ximage-compiler-option
I/art     ( 6471): option[26]=--image-classes=preloaded-classes
I/art     ( 6471): option[27]=-Xcompiler-option
I/art     ( 6471): option[28]=--runtime-arg
I/art     ( 6471): option[29]=-Xcompiler-option
I/art     ( 6471): option[30]=-Xms64m
I/art     ( 6471): option[31]=-Xcompiler-option
I/art     ( 6471): option[32]=--runtime-arg
I/art     ( 6471): option[33]=-Xcompiler-option
I/art     ( 6471): option[34]=-Xmx512m
I/art     ( 6471): option[35]=-Duser.language=es
I/art     ( 6471): option[36]=-Duser.region=US
I/mediaserver( 6469): ServiceManager: 0xb60500c0
I/AudioFlinger( 6469): Using default 3000 mSec as standby time.
I/art     ( 6471): Pruning dalvik-cache since we are generating an image and will need to recompile
W/art     ( 6471): Prune Dex Cache
I/ServiceManager( 6469): Waiting for service batterystats...
I/art     ( 6471): Using an offset of 0x37c000 from default art base address of 0x70000000
I/art     ( 6471): GenerateImage: /system/bin/dex2oat --image=/data/dalvik-cache/arm/system@framework@boot.art --dex-file=/system/framework/core-libart.jar --dex-file=/system/framework/conscrypt.jar --dex-file=/system/framework/okhttp.jar --dex-file=/system/framework/core-junit.jar --dex-file=/system/framework/bouncycastle.jar --dex-file=/system/framework/ext.jar --dex-file=/system/framework/framework.jar --dex-file=/system/framework/telephony-common.jar --dex-file=/system/framework/voip-common.jar --dex-file=/system/framework/ims-common.jar --dex-file=/system/framework/mms-common.jar --dex-file=/system/framework/android.policy.jar --dex-file=/system/framework/apache-xml.jar --oat-file=/data/dalvik-cache/arm/system@framework@boot.oat --instruction-set=arm --instruction-set-features=div --base=0x7037c000 --runtime-arg -Xms64m --runtime-arg -Xmx64m --image-classes-zip=/system/framework/framework.jar --image-classes=preloaded-classes
W/art     ( 6471): Prune Dex Cache
W/art     ( 6471): Could not create image space with image file '/system/framework/boot.art'. Attempting to fall back to imageless running. Error was: Failed to generate image '/data/dalvik-cache/arm/system@framework@boot.art': Failed execv(/system/bin/dex2oat --image=/data/dalvik-cache/arm/system@framework@boot.art --dex-file=/system/framework/core-libart.jar --dex-file=/system/framework/conscrypt.jar --dex-file=/system/framework/okhttp.jar --dex-file=/system/framework/core-junit.jar --dex-file=/system/framework/bouncycastle.jar --dex-file=/system/framework/ext.jar --dex-file=/system/framework/framework.jar --dex-file=/system/framework/telephony-common.jar --dex-file=/system/framework/voip-common.jar --dex-file=/system/framework/ims-common.jar --dex-file=/system/framework/mms-common.jar --dex-file=/system/framework/android.policy.jar --dex-file=/system/framework/apache-xml.jar --oat-file=/data/dalvik-cache/arm/system@framework@boot.oat --instruction-set=arm --instruction-set-features=div --base=0x7037c000 --runtime-arg -Xms64
I/DEBUG   ( 5413): 
I/DEBUG   ( 5413): Tombstone written to: /data/tombstones/tombstone_05
I/ServiceManager( 6469): Waiting for service batterystats...
I/ServiceManager( 3666): service 'SurfaceFlinger' died
I/ServiceManager( 3666): service 'Exynos.HWCService' died
I/ServiceManager( 3666): service 'media.wifi_display' died
I/ServiceManager( 3666): service 'media.audio_flinger' died
