D/libexynosv4l2( 3698): try node: /dev/video7
I/libexynosv4l2( 3698): node found for device s5p-mfc-enc: /dev/video7
I/libexynosv4l2( 3698): open video device /dev/video7
E/OMXNodeInstance( 3698): getParameter(100663311) ERROR: 0x8000100e
W/ACodec  ( 3698): do not know color format 0x7f000011 = 2130706449
W/ACodec  ( 3698): do not know color format 0x10 = 16
W/ACodec  ( 3698): do not know color format 0x7f000013 = 2130706451
W/ACodec  ( 3698): do not know color format 0x7f000789 = 2130708361
W/ACodec  ( 3698): do not know color format 0x7f000012 = 2130706450
W/ACodec  ( 3698): do not know color format 0xf = 15
E/OMXNodeInstance( 3698): getParameter(100663297) ERROR: 0x8000100e
D/libexynosv4l2( 3698): try node: /dev/video6
D/libexynosv4l2( 3698): try node: /dev/video7
I/libexynosv4l2( 3698): node found for device s5p-mfc-enc: /dev/video7
E/WifiStateMachine( 4135): Failed to start supplicant!
I/libexynosv4l2( 3698): open video device /dev/video7
E/OMXNodeInstance( 3698): getParameter(100663311) ERROR: 0x8000100e
W/ACodec  ( 3698): do not know color format 0x7f000011 = 2130706449
W/ACodec  ( 3698): do not know color format 0x10 = 16
W/ACodec  ( 3698): do not know color format 0x7f000013 = 2130706451
W/ACodec  ( 3698): do not know color format 0x7f000789 = 2130708361
W/ACodec  ( 3698): do not know color format 0x7f000012 = 2130706450
W/ACodec  ( 3698): do not know color format 0xf = 15
E/OMXNodeInstance( 3698): getParameter(100663297) ERROR: 0x8000100e
E/OMXNodeInstance( 3698): getParameter(100663311) ERROR: 0x8000101a
E/OMXNodeInstance( 3698): getParameter(100663297) ERROR: 0x8000101a
E/OMXNodeInstance( 3698): getParameter(100663311) ERROR: 0x8000101a
E/OMXNodeInstance( 3698): getParameter(100663297) ERROR: 0x8000101a
E/OMXNodeInstance( 3698): getParameter(100663311) ERROR: 0x8000101a
E/OMXNodeInstance( 3698): getParameter(100663297) ERROR: 0x8000101a
E/OMXNodeInstance( 3698): getParameter(100663311) ERROR: 0x8000101a
E/OMXNodeInstance( 3698): getParameter(100663297) ERROR: 0x8000101a
E/OMXNodeInstance( 3698): getParameter(100663311) ERROR: 0x8000101a
E/OMXNodeInstance( 3698): getParameter(100663297) ERROR: 0x8000101a
E/OMXNodeInstance( 3698): getParameter(100663311) ERROR: 0x8000101a
E/OMXNodeInstance( 3698): getParameter(100663297) ERROR: 0x8000101a
E/OMXNodeInstance( 3698): getParameter(100663311) ERROR: 0x8000101a
E/OMXNodeInstance( 3698): getParameter(100663297) ERROR: 0x8000101a
E/OMXNodeInstance( 3698): getParameter(100663311) ERROR: 0x8000101a
E/OMXNodeInstance( 3698): getParameter(100663297) ERROR: 0x8000101a
E/OMXNodeInstance( 3698): getParameter(100663311) ERROR: 0x8000101a
E/OMXNodeInstance( 3698): getParameter(100663297) ERROR: 0x8000101a
E/OMXNodeInstance( 3698): getParameter(100663311) ERROR: 0x8000101a
E/OMXNodeInstance( 3698): getParameter(100663297) ERROR: 0x8000101a
E/OMXNodeInstance( 3698): getParameter(100663311) ERROR: 0x8000101a
E/OMXNodeInstance( 3698): getParameter(100663297) ERROR: 0x8000101a
D/PermissionMonitor( 4135): Monitoring
D/PermissionMonitor( 4135): Users: 1, Apps: 63
E/OMXNodeInstance( 3698): getParameter(100663311) ERROR: 0x8000101a
E/OMXNodeInstance( 3698): getParameter(100663297) ERROR: 0x8000101a
I/SystemServiceManager( 4135): Starting phase 600
D/BluetoothManagerService( 4135): Message: 20
D/BluetoothManagerService( 4135): Added callback: android.bluetooth.BluetoothAdapter$1@39d90b30:true
D/BluetoothManagerService( 4135): Message: 30
E/OMXNodeInstance( 3698): getParameter(100663311) ERROR: 0x8000101a
E/OMXNodeInstance( 3698): getParameter(100663297) ERROR: 0x8000101a
D/ConditionProviders( 4135): onServiceAdded ManagedServiceInfo[component=ComponentInfo{android/com.android.server.notification.CountdownConditionProvider},userid=0,isSystem=true,targetSdkVersion=21,connection=null,service=android.service.notification.ConditionProviderService$Provider@282050cf]
D/ConditionProviders( 4135): onServiceAdded ManagedServiceInfo[component=ComponentInfo{android/com.android.server.notification.DowntimeConditionProvider},userid=0,isSystem=true,targetSdkVersion=21,connection=null,service=android.service.notification.ConditionProviderService$Provider@3d7baa5c]
D/BluetoothManagerService( 4135): Message: 30
E/OMXNodeInstance( 3698): getParameter(100663311) ERROR: 0x8000101a
E/OMXNodeInstance( 3698): getParameter(100663297) ERROR: 0x8000101a
I/BackupManagerService( 4135): Backup enabled => false
I/BackupManagerService( 4135): Opting out of backup
E/OMXNodeInstance( 3698): getParameter(100663311) ERROR: 0x8000100e
E/OMXNodeInstance( 3698): getParameter(100663297) ERROR: 0x8000100e
E/OMXNodeInstance( 3698): OMX_GetExtensionIndex OMX.google.android.index.storeMetaDataInBuffers failed
E/OMXNodeInstance( 3698): getParameter(100663311) ERROR: 0x8000100e
E/OMXNodeInstance( 3698): getParameter(100663297) ERROR: 0x8000100e
E/OMXNodeInstance( 3698): OMX_GetExtensionIndex OMX.google.android.index.storeMetaDataInBuffers failed
E/InputMethodManagerService( 4135): Ignoring setImeWindowStatus due to an invalid token. uid:1000 token:null
W/MediaCodecList( 3698): ignoring Limit specified outside of a Type
W/MediaCodecList( 3698): ignoring Limit specified outside of a Type
W/MediaCodecList( 3698): ignoring Limit specified outside of a Type
W/MediaCodecList( 3698): ignoring Limit specified outside of a Type
W/MediaCodecList( 3698): ignoring Limit specified outside of a Type
W/MediaCodecList( 3698): ignoring Feature specified outside of a Type
E/OMXNodeInstance( 3698): getParameter(100663311) ERROR: 0x8000100e
E/OMXNodeInstance( 3698): getParameter(100663297) ERROR: 0x8000100e
E/OMXNodeInstance( 3698): OMX_GetExtensionIndex OMX.google.android.index.storeMetaDataInBuffers failed
E/OMXNodeInstance( 3698): getParameter(100663311) ERROR: 0x8000100e
E/OMXNodeInstance( 3698): getParameter(100663297) ERROR: 0x8000100e
E/OMXNodeInstance( 3698): OMX_GetExtensionIndex OMX.google.android.index.storeMetaDataInBuffers failed
D/SoftHEVC( 3698): Number of CPU cores: 8
D/WVMDrmPlugIn( 3696): WVMDrmPlugin::onInitialize : 5896
D/WVMDrmPlugIn( 3696): WVMDrmPlugin::onSetOnInfoListener : add 5896
D/SoftHEVC( 3698): Initializing decoder
D/SoftHEVC( 3698): Set number of cores to 4
D/SoftHEVC( 3698): Ittiam decoder version number: @(#)Id:HEVCDEC_production Ver:04.01 Released by ITTIAM Build: Jul  3 2015 @ 03:59:22
E/OMXNodeInstance( 3698): getParameter(100663311) ERROR: 0x8000100e
E/OMXNodeInstance( 3698): getParameter(100663297) ERROR: 0x8000100e
E/OMXNodeInstance( 3698): OMX_GetExtensionIndex OMX.google.android.index.storeMetaDataInBuffers failed
D/SoftHEVC( 3698): Freeing codec memory
D/WVMDrmPlugIn( 3696): WVMDrmPlugin::onTerminate : 5896
I/FFmpegExtractor( 3698): android-source:0xb3306060
D/SoftHEVC( 3698): Number of CPU cores: 8
D/SoftHEVC( 3698): Initializing decoder
D/SoftHEVC( 3698): Set number of cores to 4
D/SoftHEVC( 3698): Ittiam decoder version number: @(#)Id:HEVCDEC_production Ver:04.01 Released by ITTIAM Build: Jul  3 2015 @ 03:59:22
D/SoftHEVC( 3698): In SoftHEVC::~SoftHEVC
D/SoftHEVC( 3698): Freeing codec memory
I/FFMPEG  ( 3698): Input #0, ogg, from 'android-source:0xb3306060':
I/FFMPEG  ( 3698):   Duration: 00:00:00.09, start: 0.000000, bitrate: 437 kb/s
I/FFMPEG  ( 3698):     Stream #0:0: Audio: vorbis, 48000 Hz, stereo, fltp, 96 kb/s
D/FFmpegExtractor( 3698): FFmpegExtrator, url: android-source:0xb3306060, format_name: ogg, format_long_name: Ogg
I/FFmpegExtractor( 3698): adjust mime(application/ogg -> audio/vorbis)
D/FFmpegExtractor( 3698): suppoted codec(vorbis) by official Stagefright
D/FFmpegExtractor( 3698): ffmpeg detected media content as 'audio/vorbis' with confidence 0.08
E/OMXNodeInstance( 3698): getParameter(100663311) ERROR: 0x8000100e
E/OMXNodeInstance( 3698): getParameter(100663297) ERROR: 0x8000100e
E/OMXNodeInstance( 3698): OMX_GetExtensionIndex OMX.google.android.index.storeMetaDataInBuffers failed
E/OMXNodeInstance( 3698): getParameter(100663311) ERROR: 0x8000100e
E/OMXNodeInstance( 3698): getParameter(100663297) ERROR: 0x8000100e
E/OMXNodeInstance( 3698): OMX_GetExtensionIndex OMX.google.android.index.storeMetaDataInBuffers failed
I/SoftMPEG4Encoder( 3698): Construct SoftMPEG4Encoder
E/OMXNodeInstance( 3698): getParameter(100663311) ERROR: 0x8000100e
W/ACodec  ( 3698): do not know color format 0x7f000789 = 2130708361
E/OMXNodeInstance( 3698): getParameter(100663297) ERROR: 0x8000100e
I/SoftAVCEncoder( 3698): Construct SoftAVCEncoder
E/OMXNodeInstance( 3698): getParameter(100663311) ERROR: 0x8000100e
W/ACodec  ( 3698): do not know color format 0x7f000789 = 2130708361
E/OMXNodeInstance( 3698): getParameter(100663297) ERROR: 0x8000100e
I/SoftMPEG4Encoder( 3698): Construct SoftMPEG4Encoder
E/OMXNodeInstance( 3698): getParameter(100663311) ERROR: 0x8000100e
W/ACodec  ( 3698): do not know color format 0x7f000789 = 2130708361
E/OMXNodeInstance( 3698): getParameter(100663297) ERROR: 0x8000100e
D/NuPlayerDriver( 3698): start(0xb6053d00)
I/GenericSource( 3698): start
W/Utils   ( 3698): bool android::canOffloadStream(const android::sp<android::MetaData>&, bool, const android::sp<android::MetaData>&, bool, audio_stream_type_t) No sample bit depth info in meta data
E/AudioPolicyManager( 3698): isOffloadSupported: stream_type != MUSIC, returning false
W/Utils   ( 3698): bool android::canOffloadStream(const android::sp<android::MetaData>&, bool, const android::sp<android::MetaData>&, bool, audio_stream_type_t) No sample bit depth info in meta data
E/AudioPolicyManager( 3698): isOffloadSupported: stream_type != MUSIC, returning false
E/OMXNodeInstance( 3698): getParameter(100663311) ERROR: 0x8000100e
W/ACodec  ( 3698): do not know color format 0x7f000789 = 2130708361
E/OMXNodeInstance( 3698): getParameter(100663297) ERROR: 0x8000100e
I/ActivityManager( 4135): Start proc com.android.inputmethod.latin for service com.android.inputmethod.latin/.LatinIME: pid=4513 uid=10039 gids={50039, 9997, 1028, 1015} abi=armeabi-v7a
V/InputMethodManagerService( 4135): Adding window token: android.os.Binder@195386bc
D/SoftFFmpegAudio( 3698): SoftFFmpegAudio component: OMX.ffmpeg.aac.decoder mMode: 1 mHighResAudioEnabled: 1
E/OMXNodeInstance( 3698): getParameter(100663311) ERROR: 0x8000101a
E/OMXNodeInstance( 3698): getParameter(100663297) ERROR: 0x8000101a
D/SoftFFmpegAudio( 3698): SoftFFmpegAudio component: OMX.ffmpeg.wma.decoder mMode: 4 mHighResAudioEnabled: 1
E/OMXNodeInstance( 3698): getParameter(100663311) ERROR: 0x8000101a
E/OMXNodeInstance( 3698): getParameter(100663297) ERROR: 0x8000101a
D/SoftFFmpegAudio( 3698): SoftFFmpegAudio component: OMX.ffmpeg.ra.decoder mMode: 5 mHighResAudioEnabled: 1
E/OMXNodeInstance( 3698): getParameter(100663311) ERROR: 0x8000101a
E/OMXNodeInstance( 3698): getParameter(100663297) ERROR: 0x8000101a
D/SoftFFmpegAudio( 3698): SoftFFmpegAudio component: OMX.ffmpeg.flac.decoder mMode: 6 mHighResAudioEnabled: 1
E/OMXNodeInstance( 3698): getParameter(100663311) ERROR: 0x8000101a
E/OMXNodeInstance( 3698): getParameter(100663297) ERROR: 0x8000101a
D/SoftFFmpegAudio( 3698): SoftFFmpegAudio component: OMX.ffmpeg.mp2.decoder mMode: 7 mHighResAudioEnabled: 1
E/OMXNodeInstance( 3698): getParameter(100663311) ERROR: 0x8000101a
E/OMXNodeInstance( 3698): getParameter(100663297) ERROR: 0x8000101a
W/Settings( 4312): Setting airplane_mode_on has moved from android.provider.Settings.System to android.provider.Settings.Global, returning read-only value.
D/SoftFFmpegAudio( 3698): SoftFFmpegAudio component: OMX.ffmpeg.ac3.decoder mMode: 8 mHighResAudioEnabled: 1
E/OMXNodeInstance( 3698): getParameter(100663311) ERROR: 0x8000101a
E/OMXNodeInstance( 3698): getParameter(100663297) ERROR: 0x8000101a
D/SoftFFmpegAudio( 3698): SoftFFmpegAudio component: OMX.ffmpeg.ape.decoder mMode: 9 mHighResAudioEnabled: 1
E/OMXNodeInstance( 3698): getParameter(100663311) ERROR: 0x8000101a
E/OMXNodeInstance( 3698): getParameter(100663297) ERROR: 0x8000101a
E/libgps  ( 4135): proxy__gps_get_extension: Unsupported GpsInterface extension: "gps_measurement"
E/libgps  ( 4135): Interface "gps_measurement" is not supported
E/libgps  ( 4135): proxy__gps_get_extension: Unsupported GpsInterface extension: "gps_navigation_message"
E/libgps  ( 4135): Interface "gps_navigation_message" is not supported
E/libgps  ( 4135): proxy__gps_get_extension: Unsupported GpsInterface extension: "gnss_configuration"
E/libgps  ( 4135): Interface "gnss_configuration" is not supported
D/SoftFFmpegAudio( 3698): SoftFFmpegAudio component: OMX.ffmpeg.dts.decoder mMode: 10 mHighResAudioEnabled: 1
E/OMXNodeInstance( 3698): getParameter(100663311) ERROR: 0x8000101a
E/OMXNodeInstance( 3698): getParameter(100663297) ERROR: 0x8000101a
D/GpsLocationProvider( 4135): Reset GPS properties, previous size = 0
W/Settings( 4312): Setting airplane_mode_on has moved from android.provider.Settings.System to android.provider.Settings.Global, returning read-only value.
D/SoftFFmpegAudio( 3698): SoftFFmpegAudio component: OMX.ffmpeg.atrial.decoder mMode: 11 mHighResAudioEnabled: 1
D/GpsLocationProvider( 4135): GpsParamsResource: SUPL_HOST=supl.google.com
D/GpsLocationProvider( 4135): GpsParamsResource: SUPL_PORT=7275
D/GpsLocationProvider( 4135): GpsParamsResource: NTP_SERVER=north-america.pool.ntp.org
D/GpsLocationProvider( 4135): GpsParamsResource: SUPL_VER=0x20000
E/OMXNodeInstance( 3698): getParameter(100663311) ERROR: 0x8000101a
D/GpsLocationProvider( 4135): GpsParamsResource: SUPL_MODE=1
E/OMXNodeInstance( 3698): getParameter(100663297) ERROR: 0x8000101a
D/GpsLocationProvider( 4135): GPS properties reloaded, size = 18
D/libgps  ( 4135): SendGpsExtensionMessage: Waiting for IPC connection...
D/SoftFFmpegVideo( 3698): SoftFFmpegVideo component: OMX.ffmpeg.mpeg2.decoder mMode: 0 appData: 0xb3a98468
E/OMXNodeInstance( 3698): getParameter(100663311) ERROR: 0x8000101a
E/OMXNodeInstance( 3698): getParameter(100663297) ERROR: 0x8000100e
E/OMXNodeInstance( 3698): OMX_GetExtensionIndex OMX.google.android.index.storeMetaDataInBuffers failed
W/OMXNodeInstance( 3698): OMX_GetExtensionIndex OMX.google.android.index.prepareForAdaptivePlayback failed
D/SoftFFmpegVideo( 3698): SoftFFmpegVideo component: OMX.ffmpeg.wmv.decoder mMode: 0 appData: 0xb3a98510
E/OMXNodeInstance( 3698): getParameter(100663311) ERROR: 0x8000101a
E/OMXNodeInstance( 3698): getParameter(100663297) ERROR: 0x8000100e
E/OMXNodeInstance( 3698): OMX_GetExtensionIndex OMX.google.android.index.storeMetaDataInBuffers failed
W/OMXNodeInstance( 3698): OMX_GetExtensionIndex OMX.google.android.index.prepareForAdaptivePlayback failed
D/SoftFFmpegVideo( 3698): SoftFFmpegVideo component: OMX.ffmpeg.rv.decoder mMode: 0 appData: 0xb3a98740
E/OMXNodeInstance( 3698): getParameter(100663311) ERROR: 0x8000101a
E/OMXNodeInstance( 3698): getParameter(100663297) ERROR: 0x8000100e
E/OMXNodeInstance( 3698): OMX_GetExtensionIndex OMX.google.android.index.storeMetaDataInBuffers failed
W/OMXNodeInstance( 3698): OMX_GetExtensionIndex OMX.google.android.index.prepareForAdaptivePlayback failed
D/SoftFFmpegVideo( 3698): SoftFFmpegVideo component: OMX.ffmpeg.flv1.decoder mMode: 0 appData: 0xb3a98778
E/OMXNodeInstance( 3698): getParameter(100663311) ERROR: 0x8000101a
E/OMXNodeInstance( 3698): getParameter(100663297) ERROR: 0x8000100e
E/OMXNodeInstance( 3698): OMX_GetExtensionIndex OMX.google.android.index.storeMetaDataInBuffers failed
W/OMXNodeInstance( 3698): OMX_GetExtensionIndex OMX.google.android.index.prepareForAdaptivePlayback failed
D/SoftFFmpegVideo( 3698): SoftFFmpegVideo component: OMX.ffmpeg.vtrial.decoder mMode: 0 appData: 0xb3a98a88
E/OMXNodeInstance( 3698): getParameter(100663311) ERROR: 0x8000101a
E/OMXNodeInstance( 3698): getParameter(100663297) ERROR: 0x8000100e
E/OMXNodeInstance( 3698): OMX_GetExtensionIndex OMX.google.android.index.storeMetaDataInBuffers failed
W/OMXNodeInstance( 3698): OMX_GetExtensionIndex OMX.google.android.index.prepareForAdaptivePlayback failed
D/NuPlayerDriver( 3698): reset(0xb6053d00)
D/NuPlayerDriver( 3698): notifyResetComplete(0xb6053d00)
D/NuPlayerDriver( 3698): reset(0xb5712040)
D/NuPlayerDriver( 3698): notifyResetComplete(0xb5712040)
D/WVMDrmPlugIn( 3696): WVMDrmPlugin::onInitialize : 7893
D/WVMDrmPlugIn( 3696): WVMDrmPlugin::onSetOnInfoListener : add 7893
D/WVMDrmPlugIn( 3696): WVMDrmPlugin::onTerminate : 7893
I/FFmpegExtractor( 3698): android-source:0xb3390060
I/FFMPEG  ( 3698): Input #0, ogg, from 'android-source:0xb3390060':
I/FFMPEG  ( 3698):   Duration: 00:00:00.11, start: 0.000000, bitrate: 431 kb/s
I/FFMPEG  ( 3698):     Stream #0:0: Audio: vorbis, 48000 Hz, mono, fltp, 140 kb/s
D/FFmpegExtractor( 3698): FFmpegExtrator, url: android-source:0xb3390060, format_name: ogg, format_long_name: Ogg
I/FFmpegExtractor( 3698): adjust mime(application/ogg -> audio/vorbis)
D/FFmpegExtractor( 3698): suppoted codec(vorbis) by official Stagefright
D/FFmpegExtractor( 3698): ffmpeg detected media content as 'audio/vorbis' with confidence 0.08
D/WVMDrmPlugIn( 3696): WVMDrmPlugin::onInitialize : 6615
D/WVMDrmPlugIn( 3696): WVMDrmPlugin::onSetOnInfoListener : add 6615
D/WVMDrmPlugIn( 3696): WVMDrmPlugin::onTerminate : 6615
I/FFmpegExtractor( 3698): android-source:0xb5106060
I/FFMPEG  ( 3698): Input #0, ogg, from 'android-source:0xb5106060':
I/FFMPEG  ( 3698):   Duration: 00:00:00.19, start: 0.000000, bitrate: 332 kb/s
I/FFMPEG  ( 3698):     Stream #0:0: Audio: vorbis, 44100 Hz, stereo, fltp, 160 kb/s
D/FFmpegExtractor( 3698): FFmpegExtrator, url: android-source:0xb5106060, format_name: ogg, format_long_name: Ogg
I/FFmpegExtractor( 3698): adjust mime(application/ogg -> audio/vorbis)
D/FFmpegExtractor( 3698): suppoted codec(vorbis) by official Stagefright
D/FFmpegExtractor( 3698): ffmpeg detected media content as 'audio/vorbis' with confidence 0.08
D/NuPlayerDriver( 3698): start(0xb6053d00)
I/GenericSource( 3698): start
W/Utils   ( 3698): bool android::canOffloadStream(const android::sp<android::MetaData>&, bool, const android::sp<android::MetaData>&, bool, audio_stream_type_t) No sample bit depth info in meta data
E/AudioPolicyManager( 3698): isOffloadSupported: stream_type != MUSIC, returning false
W/Utils   ( 3698): bool android::canOffloadStream(const android::sp<android::MetaData>&, bool, const android::sp<android::MetaData>&, bool, audio_stream_type_t) No sample bit depth info in meta data
E/AudioPolicyManager( 3698): isOffloadSupported: stream_type != MUSIC, returning false
D/NuPlayerDriver( 3698): start(0xb550d040)
I/GenericSource( 3698): start
W/Utils   ( 3698): bool android::canOffloadStream(const android::sp<android::MetaData>&, bool, const android::sp<android::MetaData>&, bool, audio_stream_type_t) No sample bit depth info in meta data
E/AudioPolicyManager( 3698): isOffloadSupported: stream_type != MUSIC, returning false
W/Utils   ( 3698): bool android::canOffloadStream(const android::sp<android::MetaData>&, bool, const android::sp<android::MetaData>&, bool, audio_stream_type_t) No sample bit depth info in meta data
E/AudioPolicyManager( 3698): isOffloadSupported: stream_type != MUSIC, returning false
E/CameraService( 3698): getCameraVendorTagDescriptor: camera hardware module doesn't exist
E/CameraMetadata-JNI( 4312): CameraMetadata_setupGlobalVendorTagDescriptor: Failed to setup vendor tag descriptors, received error No such device (-19)
W/CameraManager( 4312): Failed to set up vendor tags: The camera device is removable and has been disconnected from the Android device, or the camera service has shut down the connection due to a higher-priority access request for the camera device.
D/NuPlayerDriver( 3698): reset(0xb550d040)
D/NuPlayerDriver( 3698): reset(0xb6053d00)
D/NuPlayerDriver( 3698): notifyResetComplete(0xb550d040)
D/NuPlayerDriver( 3698): notifyResetComplete(0xb6053d00)
I/LatinIME( 4513): Hardware accelerated drawing: true
D/WVMDrmPlugIn( 3696): WVMDrmPlugin::onInitialize : 7782
D/WVMDrmPlugIn( 3696): WVMDrmPlugin::onSetOnInfoListener : add 7782
D/WVMDrmPlugIn( 3696): WVMDrmPlugin::onTerminate : 7782
I/FFmpegExtractor( 3698): android-source:0xb5106060
D/WVMDrmPlugIn( 3696): WVMDrmPlugin::onInitialize : 5024
D/WVMDrmPlugIn( 3696): WVMDrmPlugin::onSetOnInfoListener : add 5024
D/WVMDrmPlugIn( 3696): WVMDrmPlugin::onTerminate : 5024
I/FFmpegExtractor( 3698): android-source:0xb3606060
I/FFMPEG  ( 3698): Input #0, ogg, from 'android-source:0xb5106060':
I/FFMPEG  ( 3698):   Duration: 00:00:00.11, start: 0.000000, bitrate: 440 kb/s
I/FFMPEG  ( 3698):     Stream #0:0: Audio: vorbis, 48000 Hz, mono, fltp, 140 kb/s
D/FFmpegExtractor( 3698): FFmpegExtrator, url: android-source:0xb5106060, format_name: ogg, format_long_name: Ogg
I/FFmpegExtractor( 3698): adjust mime(application/ogg -> audio/vorbis)
D/FFmpegExtractor( 3698): suppoted codec(vorbis) by official Stagefright
D/FFmpegExtractor( 3698): ffmpeg detected media content as 'audio/vorbis' with confidence 0.08
I/FFMPEG  ( 3698): Input #0, ogg, from 'android-source:0xb3606060':
I/FFMPEG  ( 3698):   Duration: 00:00:00.08, start: 0.000000, bitrate: 571 kb/s
I/FFMPEG  ( 3698):     Stream #0:0: Audio: vorbis, 48000 Hz, stereo, fltp, 160 kb/s
D/FFmpegExtractor( 3698): FFmpegExtrator, url: android-source:0xb3606060, format_name: ogg, format_long_name: Ogg
I/FFmpegExtractor( 3698): adjust mime(application/ogg -> audio/vorbis)
D/FFmpegExtractor( 3698): suppoted codec(vorbis) by official Stagefright
D/FFmpegExtractor( 3698): ffmpeg detected media content as 'audio/vorbis' with confidence 0.08
W/Settings( 4312): Setting airplane_mode_on has moved from android.provider.Settings.System to android.provider.Settings.Global, returning read-only value.
D/NuPlayerDriver( 3698): start(0xb270d040)
I/GenericSource( 3698): start
W/Utils   ( 3698): bool android::canOffloadStream(const android::sp<android::MetaData>&, bool, const android::sp<android::MetaData>&, bool, audio_stream_type_t) No sample bit depth info in meta data
E/AudioPolicyManager( 3698): isOffloadSupported: stream_type != MUSIC, returning false
W/Utils   ( 3698): bool android::canOffloadStream(const android::sp<android::MetaData>&, bool, const android::sp<android::MetaData>&, bool, audio_stream_type_t) No sample bit depth info in meta data
E/AudioPolicyManager( 3698): isOffloadSupported: stream_type != MUSIC, returning false
D/NuPlayerDriver( 3698): start(0xb5712040)
I/GenericSource( 3698): start
W/Utils   ( 3698): bool android::canOffloadStream(const android::sp<android::MetaData>&, bool, const android::sp<android::MetaData>&, bool, audio_stream_type_t) No sample bit depth info in meta data
E/AudioPolicyManager( 3698): isOffloadSupported: stream_type != MUSIC, returning false
W/Utils   ( 3698): bool android::canOffloadStream(const android::sp<android::MetaData>&, bool, const android::sp<android::MetaData>&, bool, audio_stream_type_t) No sample bit depth info in meta data
E/AudioPolicyManager( 3698): isOffloadSupported: stream_type != MUSIC, returning false
D/NuPlayerDriver( 3698): reset(0xb5712040)
D/NuPlayerDriver( 3698): reset(0xb270d040)
D/WifiService( 4135): New client listening to asynchronous messages
W/SubtypeLocaleUtils( 4513): KeyboardLayoutSet not found, use QWERTY: locale=en_AU extraValue=TrySuppressingImeSwitcher,AsciiCapable,SupportTouchPositionCorrection,EmojiCapable
D/NuPlayerDriver( 3698): notifyResetComplete(0xb5712040)
D/BluetoothManagerService( 4135): Message: 20
D/BluetoothManagerService( 4135): Added callback: android.bluetooth.IBluetoothManagerCallback$Stub$Proxy@4bfab6d:true
D/BluetoothAdapter( 4312): 603236744: getState() :  mService = null. Returning STATE_OFF
D/BluetoothAdapter( 4312): 603236744: getState() :  mService = null. Returning STATE_OFF
D/NuPlayerDriver( 3698): notifyResetComplete(0xb270d040)
D/ConnectivityService( 4135): listenForNetwork for NetworkRequest [ id=2, legacyType=-1, [] ]
D/WVMDrmPlugIn( 3696): WVMDrmPlugin::onInitialize : 4319
D/WVMDrmPlugIn( 3696): WVMDrmPlugin::onSetOnInfoListener : add 4319
D/WVMDrmPlugIn( 3696): WVMDrmPlugin::onTerminate : 4319
I/FFmpegExtractor( 3698): android-source:0xb5106060
I/FFMPEG  ( 3698): Input #0, ogg, from 'android-source:0xb5106060':
I/FFMPEG  ( 3698):   Duration: 00:00:00.11, start: 0.000000, bitrate: 431 kb/s
I/FFMPEG  ( 3698):     Stream #0:0: Audio: vorbis, 48000 Hz, mono, fltp, 140 kb/s
D/FFmpegExtractor( 3698): FFmpegExtrator, url: android-source:0xb5106060, format_name: ogg, format_long_name: Ogg
I/FFmpegExtractor( 3698): adjust mime(application/ogg -> audio/vorbis)
D/FFmpegExtractor( 3698): suppoted codec(vorbis) by official Stagefright
D/FFmpegExtractor( 3698): ffmpeg detected media content as 'audio/vorbis' with confidence 0.08
W/InputAttributes( 4513): No editor info for this field. Bug?
D/NuPlayerDriver( 3698): start(0xb550d040)
I/GenericSource( 3698): start
W/Utils   ( 3698): bool android::canOffloadStream(const android::sp<android::MetaData>&, bool, const android::sp<android::MetaData>&, bool, audio_stream_type_t) No sample bit depth info in meta data
E/AudioPolicyManager( 3698): isOffloadSupported: stream_type != MUSIC, returning false
W/Utils   ( 3698): bool android::canOffloadStream(const android::sp<android::MetaData>&, bool, const android::sp<android::MetaData>&, bool, audio_stream_type_t) No sample bit depth info in meta data
E/AudioPolicyManager( 3698): isOffloadSupported: stream_type != MUSIC, returning false
I/LatinIME:LogUtils( 4513): Dictionary info: dictionary = UserHistoryDictionary.es ; version = 1437086516 ; date = ?
I/LatinIME:LogUtils( 4513): Dictionary info: dictionary = PersonalizationDictionary.es ; version = 1437086516 ; date = ?
I/LatinIME:LogUtils( 4513): Dictionary info: dictionary = userunigram.es ; version = 1437086516 ; date = ?
D/NuPlayerDriver( 3698): reset(0xb550d040)
I/LatinIME:LogUtils( 4513): Dictionary info: dictionary = contacts.es ; version = 1437086516 ; date = ?
I/LatinIME:LogUtils( 4513): Dictionary info: dictionary = ContextualDictionary.es ; version = 1437086516 ; date = ?
D/NuPlayerDriver( 3698): notifyResetComplete(0xb550d040)
I/ActivityManager( 4135): Start proc com.cyanogenmod.lockclock for content provider com.cyanogenmod.lockclock/.weather.WeatherContentProvider: pid=4622 uid=10042 gids={50042, 9997, 3003} abi=armeabi-v7a
D/WVMDrmPlugIn( 3696): WVMDrmPlugin::onInitialize : 5945
D/WVMDrmPlugIn( 3696): WVMDrmPlugin::onSetOnInfoListener : add 5945
D/WVMDrmPlugIn( 3696): WVMDrmPlugin::onTerminate : 5945
I/FFmpegExtractor( 3698): android-source:0xb5106060
I/FFMPEG  ( 3698): Input #0, ogg, from 'android-source:0xb5106060':
I/FFMPEG  ( 3698):   Duration: 00:00:00.11, start: 0.000000, bitrate: 462 kb/s
I/FFMPEG  ( 3698):     Stream #0:0: Audio: vorbis, 48000 Hz, mono, fltp, 140 kb/s
D/FFmpegExtractor( 3698): FFmpegExtrator, url: android-source:0xb5106060, format_name: ogg, format_long_name: Ogg
I/FFmpegExtractor( 3698): adjust mime(application/ogg -> audio/vorbis)
D/FFmpegExtractor( 3698): suppoted codec(vorbis) by official Stagefright
D/FFmpegExtractor( 3698): ffmpeg detected media content as 'audio/vorbis' with confidence 0.08
D/NuPlayerDriver( 3698): start(0xb6053d00)
I/GenericSource( 3698): start
W/Utils   ( 3698): bool android::canOffloadStream(const android::sp<android::MetaData>&, bool, const android::sp<android::MetaData>&, bool, audio_stream_type_t) No sample bit depth info in meta data
E/AudioPolicyManager( 3698): isOffloadSupported: stream_type != MUSIC, returning false
W/Utils   ( 3698): bool android::canOffloadStream(const android::sp<android::MetaData>&, bool, const android::sp<android::MetaData>&, bool, audio_stream_type_t) No sample bit depth info in meta data
E/AudioPolicyManager( 3698): isOffloadSupported: stream_type != MUSIC, returning false
I/ActivityManager( 4135): Start proc android.process.acore for content provider com.android.providers.userdictionary/.UserDictionaryProvider: pid=4652 uid=10006 gids={50006, 9997, 3003, 1028, 1015} abi=armeabi-v7a
D/NuPlayerDriver( 3698): reset(0xb6053d00)
D/NuPlayerDriver( 3698): notifyResetComplete(0xb6053d00)
D/WVMDrmPlugIn( 3696): WVMDrmPlugin::onInitialize : 5163
D/WVMDrmPlugIn( 3696): WVMDrmPlugin::onSetOnInfoListener : add 5163
D/WVMDrmPlugIn( 3696): WVMDrmPlugin::onTerminate : 5163
I/FFmpegExtractor( 3698): android-source:0xb5106060
I/FFMPEG  ( 3698): Input #0, ogg, from 'android-source:0xb5106060':
I/FFMPEG  ( 3698):   Duration: 00:00:00.18, start: 0.000000, bitrate: 431 kb/s
I/FFMPEG  ( 3698):     Stream #0:0: Audio: vorbis, 44100 Hz, mono, fltp, 239 kb/s
I/FFMPEG  ( 3698):     Metadata:
I/FFMPEG  ( 3698):       ARTIST          : Copyright 2013 Android Open Source Project
D/FFmpegExtractor( 3698): FFmpegExtrator, url: android-source:0xb5106060, format_name: ogg, format_long_name: Ogg
I/FFmpegExtractor( 3698): adjust mime(application/ogg -> audio/vorbis)
D/FFmpegExtractor( 3698): suppoted codec(vorbis) by official Stagefright
D/FFmpegExtractor( 3698): ffmpeg detected media content as 'audio/vorbis' with confidence 0.08
D/NuPlayerDriver( 3698): start(0xb5712040)
I/GenericSource( 3698): start
W/Utils   ( 3698): bool android::canOffloadStream(const android::sp<android::MetaData>&, bool, const android::sp<android::MetaData>&, bool, audio_stream_type_t) No sample bit depth info in meta data
E/AudioPolicyManager( 3698): isOffloadSupported: stream_type != MUSIC, returning false
D/WeatherUpdateService( 4622): Service started, but shouldn't update ... stopping
W/Utils   ( 3698): bool android::canOffloadStream(const android::sp<android::MetaData>&, bool, const android::sp<android::MetaData>&, bool, audio_stream_type_t) No sample bit depth info in meta data
E/AudioPolicyManager( 3698): isOffloadSupported: stream_type != MUSIC, returning false
D/NuPlayerDriver( 3698): reset(0xb5712040)
D/NuPlayerDriver( 3698): notifyResetComplete(0xb5712040)
D/BluetoothAdapter( 4312): 603236744: getState() :  mService = null. Returning STATE_OFF
D/BluetoothAdapter( 4312): 603236744: getState() :  mService = null. Returning STATE_OFF
D/BluetoothAdapter( 4312): 603236744: getState() :  mService = null. Returning STATE_OFF
D/BluetoothAdapter( 4312): 603236744: getState() :  mService = null. Returning STATE_OFF
D/PermissionCache( 3693): checking android.permission.ACCESS_SURFACE_FLINGER for uid=10016 => granted (256 us)
D/OpenGLRenderer( 4312): Render dirty regions requested: true
D/Atlas   ( 4312): Validating map...
D/PhoneStatusBar( 4312): disable: < expand icons alerts system_info back home recent clock search >
D/BluetoothAdapter( 4312): 603236744: getState() :  mService = null. Returning STATE_OFF
D/BluetoothAdapter( 4312): 603236744: getState() :  mService = null. Returning STATE_OFF
D/PhoneStatusBar( 4312): heads up is enabled
I/LatinIME:LogUtils( 4513): Dictionary info: dictionary = PersonalizationDictionary.es ; version = 1437086516 ; date = ?
I/Choreographer( 4312): Skipped 43 frames!  The application may be doing too much work on its main thread.
I/LatinIME:LogUtils( 4513): Dictionary info: dictionary = PersonalizationDictionary.es ; version = 1437086516 ; date = ?
D/ViewRootImpl( 4312): changeCanvasOpacity: opaque=true
W/Settings( 4312): Setting airplane_mode_on has moved from android.provider.Settings.System to android.provider.Settings.Global, returning read-only value.
W/Settings( 4312): Setting airplane_mode_on has moved from android.provider.Settings.System to android.provider.Settings.Global, returning read-only value.
I/LatinIME:LogUtils( 4513): Dictionary info: dictionary = main:es ; version = 49 ; date = 1404131686
I/        ( 4312): PLATFORM VERSION : JB-MR-2
I/OpenGLRenderer( 4312): Initialized EGL, version 1.4
I/ContactLocale( 4652): AddressBook Labels [es-ES]: [, A, B, C, D, E, F, G, H, I, J, K, L, M, N, , O, P, Q, R, S, T, U, V, W, X, Y, Z, , , , , , , , , , , , , , , , , , , , , , , , , , , , , , , , , , , , , , , , , , , , , , , , , , , , , , , , , , , , , , , , , , , , , , , , , , , , , , , , , , , , , , , , , , , , , , , , , , , , , , , , , , , , , , , , , , , , , , , , , , , , , , , , , , , , , , , , , , , , , , , , , , , , , , , , , , , , , , , , , , , , , , , , , , , , , , , , , , , , , , , , , , , , #, ]
D/OpenGLRenderer( 4312): Enabling debug mode 0
D/WifiService( 4135): New client listening to asynchronous messages
D/OpenGLRenderer( 4312): setting property extraRasterBucket to 0.95
D/OpenGLRenderer( 4312):     failed
D/OpenGLRenderer( 4312): setting property extraRasterBucket to 0.0
D/OpenGLRenderer( 4312):     failed
D/libgps  ( 4135): SendGpsExtensionMessage: Waiting for IPC connection - timeout
E/libgps  ( 4135): LIBGPS: Cannot communicate (write) with a GPSD
E/libgps  ( 4135): IPC Communication Error, /tmp/13632270_219420/customers/samsung/KGFEVOandroid/../../../proprietary/deliverables/android/gps_interface/../gps_interface/gpsi_client/GpsiClient.cpp:617 SendGpsExtensionMessage
D/libgps  ( 4135): agps_set_server: Waiting for IPC connection...
W/SurfaceFlinger( 3693): Ignoring duplicate VSYNC event from HWC (t=15005941126)
W/SurfaceFlinger( 3693): Ignoring duplicate VSYNC event from HWC (t=15275852334)
W/SurfaceFlinger( 3693): Ignoring duplicate VSYNC event from HWC (t=15580158709)
D/libgps  ( 4135): agps_set_server: Waiting for IPC connection - timeout
E/libgps  ( 4135): LIBGPS: Cannot communicate (write) with a GPSD
E/libgps  ( 4135): IPC Communication Error, /tmp/13632270_219420/customers/samsung/KGFEVOandroid/../../../proprietary/deliverables/android/gps_interface/../gps_interface/gpsi_client/GpsiClient.cpp:1556 agps_set_server
E/GpsLocationProvider( 4135): no GPS configuration interface in configuraiton_update
D/GpsLocationProvider( 4135): final config = #Thu Jul 16 19:41:58 GMT-03:00 2015
D/GpsLocationProvider( 4135): SUPL_HOST=supl.google.com
D/GpsLocationProvider( 4135): XTRA_SERVER_3=http\://xtrapath3.izatcloud.net/xtra2.bin
D/GpsLocationProvider( 4135): XTRA_SERVER_1=http\://xtrapath1.izatcloud.net/xtra2.bin
D/GpsLocationProvider( 4135): SUPL_PORT=7276
D/GpsLocationProvider( 4135): XTRA_VERSION_CHECK=0
D/GpsLocationProvider( 4135): DEBUG_LEVEL=2
D/GpsLocationProvider( 4135): XTRA_SERVER_2=http\://xtrapath2.izatcloud.net/xtra2.bin
D/GpsLocationProvider( 4135): SUPL_ES=1
D/GpsLocationProvider( 4135): NMEA_PROVIDER=1
D/GpsLocationProvider( 4135): CAPABILITIES=0x37
D/GpsLocationProvider( 4135): SUPL_VER=0x10000
D/GpsLocationProvider( 4135): ERR_ESTIMATE=0
D/GpsLocationProvider( 4135): A_GLONASS_POS_PROTOCOL_SELECT=0 \#Sensor R&D \: This will not be injected to MODEM
D/GpsLocationProvider( 4135): INTERMEDIATE_POS=0
D/GpsLocationProvider( 4135): SGLTE_TARGET=0
D/GpsLocationProvider( 4135): LPP_PROFILE=0 \# Sensor R&D \: This will not be injected to MODEM
D/GpsLocationProvider( 4135): NTP_SERVER=ru.pool.ntp.org
D/GpsLocationProvider( 4135): SUPL_MODE=1
W/ServiceWatcher( 4135): com.google.android.gms not found
W/ServiceWatcher( 4135): com.google.android.gms not found
W/LocationManagerService( 4135): no network location provider found
W/ServiceWatcher( 4135): com.google.android.gms not found
W/ServiceWatcher( 4135): com.google.android.gms not found
E/LocationManagerService( 4135): no geocoder provider found
E/FlpHardwareProvider( 4135): Error hw_get_module 'flp': -2
E/LocationManagerService( 4135): FLP HAL not supported
W/ServiceWatcher( 4135): com.google.android.gms not found
E/LocationManagerService( 4135): Unable to bind FLP Geofence proxy.
E/ActivityRecognitionHardware( 4135): Error hw_get_module: -2
E/LocationManagerService( 4135): Hardware Activity-Recognition not supported.
D/gpsd    ( 3705): WakeLock(Acquire,GPSD)
D/gpsd    ( 3705): WakeLock(Release,GPSD)
D/libgps  ( 4135): SendGpsExtensionMessage: Waiting for IPC connection...
I/CommonTimeManagementService( 4135): No common time service detected on this platform.  Common time services will be unavailable.
D/libgps  ( 4135): Restore last known AGPS server state
D/libgps  ( 4135): GeofenceControllerStateWaitForConnection: EXIT
D/libgps  ( 4135): GeofenceControllerStateConnected: ENTRY
D/gpsd    ( 3705): WakeLock(Acquire,GPSD)
D/gpsd    ( 3705): WakeLock(Release,GPSD)
D/GpsLocationProvider( 4135): set_capabilities_callback: 38u
D/gpsd    ( 3705): WakeLock(Acquire,GPSD)
D/gpsd    ( 3705): WakeLock(Release,GPSD)
D/gpsd    ( 3705): WakeLock(Acquire,GPSD)
D/gpsd    ( 3705): WakeLock(Release,GPSD)
D/gpsd    ( 3705): WakeLock(Acquire,GPSD)
I/InputReader( 4135): Reconfiguring input devices.  changes=0x00000040
D/gpsd    ( 3705): WakeLock(Release,GPSD)
I/MmsServiceBroker( 4135): Connecting to MmsService
W/ContextImpl( 4135): Calling a method in the system process without a qualified user: android.app.ContextImpl.bindService:1790 com.android.server.MmsServiceBroker.tryConnecting:134 com.android.server.MmsServiceBroker.systemRunning:121 com.android.server.SystemServer$2.run:1345 com.android.server.am.ActivityManagerService.systemReady:11460 
D/gpsd    ( 3705): WakeLock(Acquire,GPSD)
D/gpsd    ( 3705): WakeLock(Release,GPSD)
I/InputReader( 4135): Reconfiguring input devices.  changes=0x00000020
I/ActivityManager( 4135): Start proc com.android.phone for service com.android.mms.service/.MmsService: pid=4713 uid=1001 gids={41001, 9997, 3002, 3001, 3003, 1028, 1015} abi=armeabi-v7a
D/com.android.server.ThemeService( 4135): Prev api level was: 21, api is now: 21
E/PackageManager( 4135): Unable to find icon pack: system
W/VoiceInteractionManagerService( 4135): no available voice interaction services found for user 0
W/VoiceInteractionManagerService( 4135): no available voice recognition services found for user 0
D/gpsd    ( 3705): WakeLock(Acquire,GPSD)
D/gpsd    ( 3705): WakeLock(Release,GPSD)
D/gpsd    ( 3705): WakeLock(Acquire,GPSD)
D/gpsd    ( 3705): WakeLock(Release,GPSD)
I/ActivityManager( 4135): Start proc com.android.incallui for added application com.android.incallui: pid=4735 uid=10008 gids={50008, 9997, 3003, 1028, 1015} abi=armeabi-v7a
I/art     ( 3707): Explicit concurrent mark sweep GC freed 706(30KB) AllocSpace objects, 0(0B) LOS objects, 40% free, 15MB/25MB, paused 207us total 9.688ms
I/art     ( 3707): Explicit concurrent mark sweep GC freed 5(160B) AllocSpace objects, 0(0B) LOS objects, 40% free, 15MB/25MB, paused 187us total 9.349ms
I/art     ( 3707): Explicit concurrent mark sweep GC freed 5(160B) AllocSpace objects, 0(0B) LOS objects, 40% free, 15MB/25MB, paused 167us total 8.671ms
I/ActivityManager( 4135): Start proc org.cyanogenmod.audiofx for added application org.cyanogenmod.audiofx: pid=4757 uid=10000 gids={50000, 9997, 3003, 3002} abi=armeabi-v7a
I/ActivityManager( 4135): Start proc com.android.server.telecom for added application com.android.server.telecom: pid=4779 uid=1001 gids={41001, 9997, 3002, 3001, 3003, 1028, 1015} abi=armeabi-v7a
I/ActivityManager( 4135): Start proc com.android.phone for added application com.android.phone: pid=4801 uid=1001 gids={41001, 9997, 3002, 3001, 3003, 1028, 1015} abi=armeabi-v7a
I/ActivityManager( 4135): START u0 {act=android.intent.action.MAIN cat=[android.intent.category.HOME] flg=0x10000000 cmp=com.cyanogenmod.trebuchet/com.android.launcher3.Launcher} from uid 0 on display 0
I/ActivityManager( 4135): Start proc com.cyanogenmod.trebuchet for activity com.cyanogenmod.trebuchet/com.android.launcher3.Launcher: pid=4823 uid=10018 gids={50018, 9997, 1028} abi=armeabi-v7a
I/SystemServer( 4135): Enabled StrictMode for system server main thread.
I/ActivityManager( 4135): Start proc com.android.printspooler for service com.android.printspooler/.model.PrintSpoolerService: pid=4845 uid=10050 gids={50050, 9997} abi=armeabi-v7a
W/ActivityManager( 4135): No pending application record for pid 4713 (IApplicationThread android.app.ApplicationThreadProxy@13921f06); dropping process
W/art     ( 4135): Long monitor contention event with owner method=void com.android.server.am.ActivityManagerService.systemReady(java.lang.Runnable) from ActivityManagerService.java:11468 waiters=2 for 192ms
V/StatusBar( 4312): userId 0 is in the house
V/ActivityManager( 4135): Display changed displayId=0
E/Minikin ( 4135): addFont failed to create font /system/fonts/NotoSansGujarati-Regular.ttf
E/Minikin ( 4135): addFont failed to create font /system/fonts/NotoSansGujarati-Bold.ttf
E/Minikin ( 4135): addFont failed to create font /system/fonts/NotoSansGujaratiUI-Regular.ttf
E/Minikin ( 4135): addFont failed to create font /system/fonts/NotoSansGujaratiUI-Bold.ttf
E/Minikin ( 4135): addFont failed to create font /system/fonts/NotoSansGurmukhi-Regular.ttf
E/Minikin ( 4135): addFont failed to create font /system/fonts/NotoSansGurmukhi-Bold.ttf
E/Minikin ( 4135): addFont failed to create font /system/fonts/NotoSansGurmukhiUI-Regular.ttf
E/Minikin ( 4135): addFont failed to create font /system/fonts/NotoSansGurmukhiUI-Bold.ttf
E/Minikin ( 4135): addFont failed to create font /system/fonts/NotoSansSinhala-Regular.ttf
E/Minikin ( 4135): addFont failed to create font /system/fonts/NotoSansSinhala-Bold.ttf
E/Minikin ( 4135): addFont failed to create font /system/fonts/NotoSansCherokee-Regular.ttf
E/Minikin ( 4135): addFont failed to create font /system/fonts/NotoSansCanadianAboriginal-Regular.ttf
E/Minikin ( 4135): addFont failed to create font /system/fonts/NotoSansYi-Regular.ttf
E/Minikin ( 4135): addFont failed to create font /system/fonts/NotoSansHans-Regular.otf
E/Minikin ( 4135): addFont failed to create font /system/fonts/NotoSansHant-Regular.otf
E/Minikin ( 4135): addFont failed to create font /system/fonts/NotoSansJP-Regular.otf
E/Minikin ( 4135): addFont failed to create font /system/fonts/NotoSansKR-Regular.otf
D/Telecom ( 4779): MissedCallNotifier: updateOnStartup()...
V/ActivityManager( 4135): Display changed displayId=0
V/ActivityManager( 4135): Display changed displayId=0
D/WifiScanningService( 4135): SCAN_AVAILABLE : 1
D/RttService( 4135): SCAN_AVAILABLE : 1
D/WifiScanningService( 4135): DefaultState got{ when=0 what=160007 target=com.android.internal.util.StateMachine$SmHandler }
D/RttService( 4135): DefaultState got{ when=0 what=160513 target=com.android.internal.util.StateMachine$SmHandler }
I/Choreographer( 4135): Skipped 198 frames!  The application may be doing too much work on its main thread.
W/InputMethodManagerService( 4135): Focus gain on non-focused client android.view.inputmethod.InputMethodManager$1@142876f (uid=1000 pid=4135)
V/ActivityManager( 4135): Display changed displayId=0
D/BluetoothManagerService( 4135): Message: 20
D/BluetoothManagerService( 4135): Added callback: android.bluetooth.IBluetoothManagerCallback$Stub$Proxy@3d5123db:true
I/PrintSpoolerService( 4845): No existing print spooler state.
D/BluetoothManagerService( 4135): Message: 30
D/Launcher.LauncherProvider( 4823): 11683562 - initializeMaxScreenId(): 2
I/ActivityManager( 4135): Start proc com.android.settings for broadcast com.android.settings/.widget.SettingsAppWidgetProvider: pid=4881 uid=1000 gids={41000, 9997, 3003, 1028, 1015, 3002, 3001} abi=armeabi-v7a
V/Launcher( 4823): LauncherAppState inited
D/Telecom ( 4779): ProximitySensorManager: onCreate: mProximityWakeLock: 
D/MmsService( 4801): onCreate
I/MmsService( 4801): MmsConfigManager.loadInBackground(): mcc/mnc: 0/0
E/MmsService( 4801): MmsConfigManager.load -- empty getActiveSubInfoList
D/Telecom ( 4779): MissedCallNotifier: onQueryComplete()...
D/Telecom ( 4779): BluetoothPhoneService: onCreate
D/BluetoothManagerService( 4135): Message: 30
W/ResourcesManager( 4135): Asset path '/system/framework/com.android.location.provider.jar' does not exist or contains no resources.
D/GpsNetInitiatedHandler( 4135): location enabled :true
V/WiredAccessoryManager( 4135): init()
D/Launcher.Model( 4823): Old launcher provider: content://com.android.launcher2.settings/favorites?notify=true
D/Launcher.Model( 4823): Old launcher provider does not exist.
W/Launcher( 4823): setApplicationContext called twice! old=com.android.launcher3.LauncherApplication@3570ce32 new=com.android.launcher3.LauncherApplication@3570ce32
D/BluetoothManagerService( 4135): Message: 300
D/BluetoothManagerService( 4135): MESSAGE_USER_SWITCHED
W/Searchables( 4135): No global search activity found
E/AudioPolicyManager( 3698): getDeviceForStrategy() speaker device not found for STRATEGY_SONIFICATION
E/AudioPolicyManager( 3698): getDeviceForStrategy() speaker device not found for STRATEGY_SONIFICATION
E/AudioPolicyManager( 3698): getDeviceForStrategy() speaker device not found for STRATEGY_SONIFICATION
E/AudioPolicyManager( 3698): getDeviceForStrategy() speaker device not found for STRATEGY_SONIFICATION
E/Minikin ( 3707): addFont failed to create font /system/fonts/NotoSansGujarati-Regular.ttf
E/Minikin ( 3707): addFont failed to create font /system/fonts/NotoSansGujarati-Bold.ttf
E/Minikin ( 3707): addFont failed to create font /system/fonts/NotoSansGujaratiUI-Regular.ttf
E/Minikin ( 3707): addFont failed to create font /system/fonts/NotoSansGujaratiUI-Bold.ttf
E/Minikin ( 3707): addFont failed to create font /system/fonts/NotoSansGurmukhi-Regular.ttf
E/Minikin ( 3707): addFont failed to create font /system/fonts/NotoSansGurmukhi-Bold.ttf
E/Minikin ( 3707): addFont failed to create font /system/fonts/NotoSansGurmukhiUI-Regular.ttf
E/Minikin ( 3707): addFont failed to create font /system/fonts/NotoSansGurmukhiUI-Bold.ttf
E/Minikin ( 3707): addFont failed to create font /system/fonts/NotoSansSinhala-Regular.ttf
E/Minikin ( 3707): addFont failed to create font /system/fonts/NotoSansSinhala-Bold.ttf
E/Minikin ( 3707): addFont failed to create font /system/fonts/NotoSansCherokee-Regular.ttf
E/Minikin ( 3707): addFont failed to create font /system/fonts/NotoSansCanadianAboriginal-Regular.ttf
E/Minikin ( 3707): addFont failed to create font /system/fonts/NotoSansYi-Regular.ttf
E/Minikin ( 3707): addFont failed to create font /system/fonts/NotoSansHans-Regular.otf
E/Minikin ( 3707): addFont failed to create font /system/fonts/NotoSansHant-Regular.otf
E/Minikin ( 3707): addFont failed to create font /system/fonts/NotoSansJP-Regular.otf
E/Minikin ( 3707): addFont failed to create font /system/fonts/NotoSansKR-Regular.otf
I/ActivityManager( 4135): Start proc org.cyanogenmod.themes.provider for content provider org.cyanogenmod.themes.provider/.ThemesProvider: pid=4931 uid=10017 gids={50017, 9997, 3003} abi=armeabi-v7a
V/BackupManagerService( 4135): Connected to transport ComponentInfo{android/com.android.internal.backup.LocalTransportService}
V/BackupManagerService( 4135): Registering transport android/com.android.internal.backup.LocalTransportService::android/com.android.internal.backup.LocalTransport = android.app.backup.BackupTransport$TransportImpl@3488a98b
I/MmsServiceBroker( 4135): MmsService connected
I/FusedLocation( 4135): engine started (com.android.location.fused)
D/WifiService( 4135): New client listening to asynchronous messages
D/BluetoothManagerService( 4135): Message: 20
D/BluetoothManagerService( 4135): Added callback: android.bluetooth.IBluetoothManagerCallback$Stub$Proxy@35dd3e81:true
D/BluetoothAdapter( 4881): 896585266: getState() :  mService = null. Returning STATE_OFF
D/BluetoothManagerService( 4135): Message: 30
E/AppsCustomizePagedView( 4823): Create Res Apk Failed
D/BluetoothManagerService( 4135): Message: 30
D/LocalBluetoothProfileManager( 4881): Adding local MAP profile
D/BluetoothMap( 4881): Create BluetoothMap proxy object
D/BluetoothManagerService( 4135): Message: 30
D/BluetoothManagerService( 4135): Message: 30
D/LocalBluetoothProfileManager( 4881): LocalBluetoothProfileManager construction complete
D/BluetoothAdapter( 4881): 896585266: getState() :  mService = null. Returning STATE_OFF
D/BluetoothAdapter( 4881): 896585266: getState() :  mService = null. Returning STATE_OFF
D/ThemesProvider( 4931): Deleted 0
I/ActivityManager( 4135): Start proc com.cyanogenmod.eleven for broadcast com.cyanogenmod.eleven/.appwidgets.AppWidgetLarge: pid=4963 uid=10032 gids={50032, 9997, 1028, 1015, 3003} abi=armeabi-v7a
D/LocaleSetManager( 4823): Locale Changed from: null to es-ES
I/LauncherLocale( 4823): AddressBook Labels [es-ES]: [, A, B, C, D, E, F, G, H, I, J, K, L, M, N, , O, P, Q, R, S, T, U, V, W, X, Y, Z, , , , , , , , , , , , , , , , , , , , , , , , , , , , , , , , , , , , , , , , , , , , , , , , , , , , , , , , , , , , , , , , , , , , , , , , , , , , , , , , , , , , , , , , , , , , , , , , , , , , , , , , , , , , , , , , , , , , , , , , , , , , , , , , , , , , , , , , , , , , , , , , , , , , , , , , , , , , , , , , , , , , , , , , , , , , , , , , , , , , , , , , , , , , #, ]
D/Launcher.Model( 4823): 11683562 - loadWorkspace()
D/Launcher.Model( 4823): 11683562 -   loadedOldDb: false
W/Launcher( 4823): setApplicationContext called twice! old=com.android.launcher3.LauncherApplication@3570ce32 new=com.android.launcher3.LauncherApplication@3570ce32
D/OpenGLRenderer( 4823): Render dirty regions requested: true
D/Atlas   ( 4823): Validating map...
D/ActivityManager( 4135): Storing locale es-ES for decryption UI
I/ActivityManager( 4135): Config changes=300000 {1.0 ?mcc?mnc es_ES ldltr sw360dp w360dp h615dp 480dpi nrml long port finger -keyb/v/h -nav/h s.6 themeResource=themes:{default=overlay:system, iconPack:system, fontPkg:system, com.android.systemui=overlay:system, com.android.systemui.navbar=overlay:system}}
E/Minikin ( 4845): addFont failed to create font /system/fonts/NotoSansGujarati-Regular.ttf
E/Minikin ( 4845): addFont failed to create font /system/fonts/NotoSansGujarati-Bold.ttf
E/Minikin ( 4845): addFont failed to create font /system/fonts/NotoSansGujaratiUI-Regular.ttf
E/Minikin ( 4845): addFont failed to create font /system/fonts/NotoSansGujaratiUI-Bold.ttf
E/Minikin ( 4845): addFont failed to create font /system/fonts/NotoSansGurmukhi-Regular.ttf
E/Minikin ( 4845): addFont failed to create font /system/fonts/NotoSansGurmukhi-Bold.ttf
E/Minikin ( 4845): addFont failed to create font /system/fonts/NotoSansGurmukhiUI-Regular.ttf
E/Minikin ( 4845): addFont failed to create font /system/fonts/NotoSansGurmukhiUI-Bold.ttf
E/Minikin ( 4845): addFont failed to create font /system/fonts/NotoSansSinhala-Regular.ttf
E/Minikin ( 4845): addFont failed to create font /system/fonts/NotoSansSinhala-Bold.ttf
E/Minikin ( 4135): addFont failed to create font /system/fonts/NotoSansGujarati-Regular.ttf
