I/SurfaceFlinger( 5138): extensions: GL_EXT_debug_marker GL_ARM_rgba8 GL_ARM_mali_shader_binary GL_OES_depth24 GL_OES_depth_texture GL_OES_depth_texture_cube_map GL_OES_packed_depth_stencil GL_OES_rgb8_rgba8 GL_EXT_read_format_bgra GL_OES_compressed_paletted_texture GL_OES_compressed_ETC1_RGB8_texture GL_OES_standard_derivatives GL_OES_EGL_image GL_OES_EGL_image_external GL_OES_EGL_sync GL_OES_texture_npot GL_OES_vertex_half_float GL_OES_required_internalformat GL_OES_vertex_array_object GL_OES_mapbuffer GL_EXT_texture_format_BGRA8888 GL_EXT_texture_rg GL_EXT_texture_type_2_10_10_10_REV GL_OES_fbo_render_mipmap GL_OES_element_index_uint GL_EXT_shadow_samplers GL_OES_texture_compression_astc GL_KHR_texture_compression_astc_ldr GL_KHR_texture_compression_astc_hdr GL_KHR_debug GL_EXT_occlusion_query_boolean GL_EXT_blend_minmax GL_EXT_discard_framebuffer GL_OES_get_program_binary GL_OES_texture_3D GL_EXT_texture_storage GL_EXT_multisampled_render_to_texture GL_OES_surfaceless_context GL_ARM_mali_program_binary 
I/SurfaceFlinger( 5138): GL_MAX_TEXTURE_SIZE = 8192
I/SurfaceFlinger( 5138): GL_MAX_VIEWPORT_DIMS = 8192
E/libEGL  ( 5138): eglQuerySurface:607 error 300d (EGL_BAD_SURFACE)
E/libEGL  ( 5138): eglQuerySurface:607 error 300d (EGL_BAD_SURFACE)
E/libEGL  ( 5138): call to OpenGL ES API with no current context (logged once per thread)
D/SurfaceFlinger( 5138): Set power mode=2, type=0 flinger=0xb6a62000
I/hwcomposer( 5138): int exynos5_blank(hwc_composer_device_1*, int, int):: disp(0), blank(0)
I/hwcomposer( 5138): unblank ioctl failed (display already unblanked)
E/libEGL  ( 5138): eglSwapBuffers:1071 error 300d (EGL_BAD_SURFACE)
F/SurfaceFlinger( 5138): eglSwapBuffers(0x1, 0x0) failed with 0x0000300d
F/libc    ( 5138): Fatal signal 6 (SIGABRT), code -6 in tid 5138 (surfaceflinger)
I/DEBUG   ( 3582): property debug.db.uid not set; NOT waiting for gdb.
I/DEBUG   ( 3582): HINT: adb shell setprop debug.db.uid 100000
I/DEBUG   ( 3582): HINT: adb forward tcp:5039 tcp:5039
I/DEBUG   ( 3582): *** *** *** *** *** *** *** *** *** *** *** *** *** *** *** ***
I/DEBUG   ( 3582): Build fingerprint: 'samsung/cm_k3gxx/k3gxx:5.0.2/LRX22G/88e55c58ed:userdebug/test-keys'
I/DEBUG   ( 3582): Revision: '10'
I/DEBUG   ( 3582): ABI: 'arm'
I/DEBUG   ( 3582): pid: 5138, tid: 5138, name: surfaceflinger  >>> /system/bin/surfaceflinger <<<
I/DEBUG   ( 3582): signal 6 (SIGABRT), code -6 (SI_TKILL), fault addr --------
I/DEBUG   ( 3582): Abort message: 'eglSwapBuffers(0x1, 0x0) failed with 0x0000300d'
I/DEBUG   ( 3582):     r0 00000000  r1 00001412  r2 00000006  r3 00000000
I/DEBUG   ( 3582):     r4 b6fe4114  r5 00000006  r6 0000000b  r7 0000010c
I/DEBUG   ( 3582):     r8 00000000  r9 bec91bd0  sl b6a54210  fp bec91bd0
I/DEBUG   ( 3582):     ip 00001412  sp bec91650  lr b6f6e7b9  pc b6f924e4  cpsr 600f0010
I/DEBUG   ( 3582): 
I/DEBUG   ( 3582): backtrace:
I/DEBUG   ( 3582):     #00 pc 000384e4  /system/lib/libc.so (tgkill+12)
I/DEBUG   ( 3582):     #01 pc 000147b5  /system/lib/libc.so (pthread_kill+52)
I/DEBUG   ( 3582):     #02 pc 0001550b  /system/lib/libc.so (raise+10)
I/DEBUG   ( 3582):     #03 pc 00011c35  /system/lib/libc.so (__libc_android_abort+36)
I/DEBUG   ( 3582):     #04 pc 0000fcb8  /system/lib/libc.so (abort+4)
I/DEBUG   ( 3582):     #05 pc 00007739  /system/lib/libcutils.so (__android_log_assert+88)
I/DEBUG   ( 3582):     #06 pc 0000f4df  /system/lib/libsurfaceflinger.so
I/DEBUG   ( 3582):     #07 pc 0001b9fd  /system/lib/libsurfaceflinger.so
I/DEBUG   ( 3582):     #08 pc 0001abe7  /system/lib/libsurfaceflinger.so
I/DEBUG   ( 3582):     #09 pc 00019fc3  /system/lib/libsurfaceflinger.so
I/DEBUG   ( 3582):     #10 pc 00019d49  /system/lib/libsurfaceflinger.so
I/DEBUG   ( 3582):     #11 pc 00010ed3  /system/lib/libutils.so (android::Looper::pollInner(int)+410)
I/DEBUG   ( 3582):     #12 pc 00010fc5  /system/lib/libutils.so (android::Looper::pollOnce(int, int*, int*, void**)+92)
I/DEBUG   ( 3582):     #13 pc 000174c5  /system/lib/libsurfaceflinger.so
I/DEBUG   ( 3582):     #14 pc 0001993d  /system/lib/libsurfaceflinger.so (android::SurfaceFlinger::run()+8)
I/DEBUG   ( 3582):     #15 pc 0000083d  /system/bin/surfaceflinger
I/DEBUG   ( 3582):     #16 pc 0000fb75  /system/lib/libc.so (__libc_init+44)
I/DEBUG   ( 3582):     #17 pc 000008d8  /system/bin/surfaceflinger
W/auditd  ( 3593): type=1325 audit(0.0:1369): table=filter family=2 entries=36
W/iptables( 5268): type=1300 audit(0.0:1369): arch=40000028 syscall=294 per=800000 success=yes exit=0 a0=4 a1=0 a2=40 a3=b6c25000 items=0 ppid=5136 auid=4294967295 uid=0 gid=0 euid=0 suid=0 fsuid=0 egid=0 sgid=0 fsgid=0 ses=4294967295 tty=(none) exe="/system/bin/iptables" subj=u:r:netd:s0 key=(null)
W/auditd  ( 3593): type=1320 audit(0.0:1369): 
W/auditd  ( 3593): type=1325 audit(0.0:1370): table=filter family=10 entries=36
W/ip6tables( 5269): type=1300 audit(0.0:1370): arch=40000028 syscall=294 per=800000 success=yes exit=0 a0=4 a1=29 a2=40 a3=b6c28000 items=0 ppid=5136 auid=4294967295 uid=0 gid=0 euid=0 suid=0 fsuid=0 egid=0 sgid=0 fsgid=0 ses=4294967295 tty=(none) exe="/system/bin/ip6tables" subj=u:r:netd:s0 key=(null)
W/auditd  ( 3593): type=1320 audit(0.0:1370): 
W/auditd  ( 3593): type=1325 audit(0.0:1371): table=raw family=2 entries=9
W/iptables( 5270): type=1300 audit(0.0:1371): arch=40000028 syscall=294 per=800000 success=yes exit=0 a0=4 a1=0 a2=40 a3=b6c1ba00 items=0 ppid=5136 auid=4294967295 uid=0 gid=0 euid=0 suid=0 fsuid=0 egid=0 sgid=0 fsgid=0 ses=4294967295 tty=(none) exe="/system/bin/iptables" subj=u:r:netd:s0 key=(null)
W/auditd  ( 3593): type=1320 audit(0.0:1371): 
W/auditd  ( 3593): type=1325 audit(0.0:1372): table=raw family=10 entries=9
W/ip6tables( 5271): type=1300 audit(0.0:1372): arch=40000028 syscall=294 per=800000 success=yes exit=0 a0=4 a1=29 a2=40 a3=b6c1d000 items=0 ppid=5136 auid=4294967295 uid=0 gid=0 euid=0 suid=0 fsuid=0 egid=0 sgid=0 fsgid=0 ses=4294967295 tty=(none) exe="/system/bin/ip6tables" subj=u:r:netd:s0 key=(null)
W/auditd  ( 3593): type=1320 audit(0.0:1372): 
W/auditd  ( 3593): type=1325 audit(0.0:1373): table=raw family=2 entries=8
W/iptables( 5272): type=1300 audit(0.0:1373): arch=40000028 syscall=294 per=800000 success=yes exit=0 a0=4 a1=0 a2=40 a3=b6c1ba00 items=0 ppid=5136 auid=4294967295 uid=0 gid=0 euid=0 suid=0 fsuid=0 egid=0 sgid=0 fsgid=0 ses=4294967295 tty=(none) exe="/system/bin/iptables" subj=u:r:netd:s0 key=(null)
W/auditd  ( 3593): type=1320 audit(0.0:1373): 
W/auditd  ( 3593): type=1325 audit(0.0:1374): table=raw family=10 entries=8
W/ip6tables( 5273): type=1300 audit(0.0:1374): arch=40000028 syscall=294 per=800000 success=yes exit=0 a0=4 a1=29 a2=40 a3=b6c32800 items=0 ppid=5136 auid=4294967295 uid=0 gid=0 euid=0 suid=0 fsuid=0 egid=0 sgid=0 fsgid=0 ses=4294967295 tty=(none) exe="/system/bin/ip6tables" subj=u:r:netd:s0 key=(null)
W/auditd  ( 3593): type=1320 audit(0.0:1374): 
W/auditd  ( 3593): type=1325 audit(0.0:1375): table=raw family=2 entries=8
W/iptables( 5274): type=1300 audit(0.0:1375): arch=40000028 syscall=294 per=800000 success=yes exit=0 a0=4 a1=0 a2=40 a3=b6c30100 items=0 ppid=5136 auid=4294967295 uid=0 gid=0 euid=0 suid=0 fsuid=0 egid=0 sgid=0 fsgid=0 ses=4294967295 tty=(none) exe="/system/bin/iptables" subj=u:r:netd:s0 key=(null)
I/ServiceManager( 5139): Waiting for service batterystats...
I/DEBUG   ( 3582): 
I/DEBUG   ( 3582): Tombstone written to: /data/tombstones/tombstone_01
I/ServiceManager( 3569): service 'SurfaceFlinger' died
I/ServiceManager( 3569): service 'Exynos.HWCService' died
I/ServiceManager( 3569): service 'media.wifi_display' died
I/ServiceManager( 3569): service 'media.audio_flinger' died
W/init    ( 5318): type=1400 audit(0.0:1416): avc: denied { entrypoint } for path="/system/bin/auditd" dev="mmcblk0p18" ino=173 scontext=u:r:logd:s0 tcontext=u:object_r:system_file:s0 tclass=file
W/init    ( 5318): type=1300 audit(0.0:1416): arch=40000028 syscall=11 per=800000 success=no exit=-13 a0=b6d80954 a1=b6d68530 a2=57e64 a3=ff0000 items=1 ppid=1 auid=4294967295 uid=0 gid=0 euid=0 suid=0 fsuid=0 egid=0 sgid=0 fsgid=0 ses=4294967295 tty=(none) exe="/init" subj=u:r:init:s0 key=(null)
W/auditd  ( 3593): type=1307 audit(0.0:1416): cwd="/"
W/auditd  ( 3593): type=1302 audit(0.0:1416): item=0 name="/system/bin/auditd" inode=173 dev=103:0a mode=0100755 ouid=0 ogid=2000 rdev=00:00 obj=u:object_r:system_file:s0
W/auditd  ( 3593): type=1320 audit(0.0:1416): 
I/Netd    ( 5319): Netd 1.0 starting
E/Netd    ( 5319): Failed to open /proc/sys/net/ipv6/conf/default/accept_ra_rt_table: No such file or directory
E/Netd    ( 5319): Failed to open /proc/sys/net/ipv6/conf/ip6tnl0/accept_ra_rt_table: No such file or directory
E/Netd    ( 5319): Failed to open /proc/sys/net/ipv6/conf/lo/accept_ra_rt_table: No such file or directory
E/Netd    ( 5319): Failed to open /proc/sys/net/ipv6/conf/rmnet0/accept_ra_rt_table: No such file or directory
E/Netd    ( 5319): Failed to open /proc/sys/net/ipv6/conf/rmnet1/accept_ra_rt_table: No such file or directory
E/Netd    ( 5319): Failed to open /proc/sys/net/ipv6/conf/rmnet2/accept_ra_rt_table: No such file or directory
E/Netd    ( 5319): Failed to open /proc/sys/net/ipv6/conf/rmnet3/accept_ra_rt_table: No such file or directory
E/Netd    ( 5319): Failed to open /proc/sys/net/ipv6/conf/sit0/accept_ra_rt_table: No such file or directory
W/auditd  ( 3593): type=1325 audit(0.0:1417): table=filter family=2 entries=37
W/iptables( 5325): type=1300 audit(0.0:1417): arch=40000028 syscall=294 per=800000 success=yes exit=0 a0=4 a1=0 a2=40 a3=b6c25000 items=0 ppid=5319 auid=4294967295 uid=0 gid=0 euid=0 suid=0 fsuid=0 egid=0 sgid=0 fsgid=0 ses=4294967295 tty=(none) exe="/system/bin/iptables" subj=u:r:netd:s0 key=(null)
W/auditd  ( 3593): type=1320 audit(0.0:1417): 
W/auditd  ( 3593): type=1325 audit(0.0:1418): table=filter family=10 entries=37
W/ip6tables( 5326): type=1300 audit(0.0:1418): arch=40000028 syscall=294 per=800000 success=yes exit=0 a0=4 a1=29 a2=40 a3=b6c28000 items=0 ppid=5319 auid=4294967295 uid=0 gid=0 euid=0 suid=0 fsuid=0 egid=0 sgid=0 fsgid=0 ses=4294967295 tty=(none) exe="/system/bin/ip6tables" subj=u:r:netd:s0 key=(null)
W/auditd  ( 3593): type=1320 audit(0.0:1418): 
W/auditd  ( 3593): type=1325 audit(0.0:1419): table=filter family=2 entries=36
W/iptables( 5327): type=1300 audit(0.0:1419): arch=40000028 syscall=294 per=800000 success=yes exit=0 a0=4 a1=0 a2=40 a3=b6c22000 items=0 ppid=5319 auid=4294967295 uid=0 gid=0 euid=0 suid=0 fsuid=0 egid=0 sgid=0 fsgid=0 ses=4294967295 tty=(none) exe="/system/bin/iptables" subj=u:r:netd:s0 key=(null)
W/auditd  ( 3593): type=1320 audit(0.0:1419): 
I/SurfaceFlinger( 5321): SurfaceFlinger is starting
I/SurfaceFlinger( 5321): SurfaceFlinger's main thread ready to run. Initializing graphics H/W...
W/auditd  ( 3593): type=1325 audit(0.0:1420): table=filter family=10 entries=36
W/ip6tables( 5328): type=1300 audit(0.0:1420): arch=40000028 syscall=294 per=800000 success=yes exit=0 a0=4 a1=29 a2=40 a3=b6c23000 items=0 ppid=5319 auid=4294967295 uid=0 gid=0 euid=0 suid=0 fsuid=0 egid=0 sgid=0 fsgid=0 ses=4294967295 tty=(none) exe="/system/bin/ip6tables" subj=u:r:netd:s0 key=(null)
W/auditd  ( 3593): type=1320 audit(0.0:1420): 
W/auditd  ( 3593): type=1325 audit(0.0:1421): table=filter family=2 entries=36
W/iptables( 5333): type=1300 audit(0.0:1421): arch=40000028 syscall=294 per=800000 success=yes exit=0 a0=4 a1=0 a2=40 a3=b6c22000 items=0 ppid=5319 auid=4294967295 uid=0 gid=0 euid=0 suid=0 fsuid=0 egid=0 sgid=0 fsgid=0 ses=4294967295 tty=(none) exe="/system/bin/iptables" subj=u:r:netd:s0 key=(null)
W/auditd  ( 3593): type=1320 audit(0.0:1421): 
D/libEGL  ( 5321): loaded /vendor/lib/egl/libGLES_mali.so
I/        ( 5321): PLATFORM VERSION : JB-MR-2
I/mediaserver( 5322): ServiceManager: 0xb60500c0
I/AudioFlinger( 5322): Using default 3000 mSec as standby time.
I/ServiceManager( 5322): Waiting for service batterystats...
D/AndroidRuntime( 5324): 
D/AndroidRuntime( 5324): >>>>>> AndroidRuntime START com.android.internal.os.ZygoteInit <<<<<<
D/AndroidRuntime( 5324): CheckJNI is OFF
I/art     ( 5324): option[0]=-Xzygote
I/art     ( 5324): option[1]=-Xstacktracefile:/data/anr/traces.txt
I/art     ( 5324): option[2]=exit
I/art     ( 5324): option[3]=vfprintf
I/art     ( 5324): option[4]=sensitiveThread
I/art     ( 5324): option[5]=-verbose:gc
I/art     ( 5324): option[6]=-Xms8m
I/art     ( 5324): option[7]=-Xmx512m
I/art     ( 5324): option[8]=-XX:mainThreadStackSize=24K
I/art     ( 5324): option[9]=-XX:HeapGrowthLimit=128m
I/art     ( 5324): option[10]=-XX:HeapMinFree=2m
I/art     ( 5324): option[11]=-XX:HeapMaxFree=8m
I/art     ( 5324): option[12]=-XX:HeapTargetUtilization=0.75
I/art     ( 5324): option[13]=-agentlib:jdwp=transport=dt_android_adb,suspend=n,server=y
I/art     ( 5324): option[14]=-Xlockprofthreshold:500
I/art     ( 5324): option[15]=-Ximage-compiler-option
I/art     ( 5324): option[16]=--runtime-arg
I/art     ( 5324): option[17]=-Ximage-compiler-option
I/art     ( 5324): option[18]=-Xms64m
I/art     ( 5324): option[19]=-Ximage-compiler-option
I/art     ( 5324): option[20]=--runtime-arg
I/art     ( 5324): option[21]=-Ximage-compiler-option
I/art     ( 5324): option[22]=-Xmx64m
I/art     ( 5324): option[23]=-Ximage-compiler-option
I/art     ( 5324): option[24]=--image-classes-zip=/system/framework/framework.jar
I/art     ( 5324): option[25]=-Ximage-compiler-option
I/art     ( 5324): option[26]=--image-classes=preloaded-classes
I/art     ( 5324): option[27]=-Xcompiler-option
I/art     ( 5324): option[28]=--runtime-arg
I/art     ( 5324): option[29]=-Xcompiler-option
I/art     ( 5324): option[30]=-Xms64m
I/art     ( 5324): option[31]=-Xcompiler-option
I/art     ( 5324): option[32]=--runtime-arg
I/art     ( 5324): option[33]=-Xcompiler-option
I/art     ( 5324): option[34]=-Xmx512m
I/art     ( 5324): option[35]=-Duser.language=es
I/art     ( 5324): option[36]=-Duser.region=US
I/art     ( 5324): Pruning dalvik-cache since we are generating an image and will need to recompile
W/art     ( 5324): Unexpected file type of 
W/art     ( 5324):  encountered.
I/art     ( 5324): Using an offset of 0xff22e000 from default art base address of 0x70000000
I/art     ( 5324): GenerateImage: /system/bin/dex2oat --image=/data/dalvik-cache/arm/system@framework@boot.art --dex-file=/system/framework/core-libart.jar --dex-file=/system/framework/conscrypt.jar --dex-file=/system/framework/okhttp.jar --dex-file=/system/framework/core-junit.jar --dex-file=/system/framework/bouncycastle.jar --dex-file=/system/framework/ext.jar --dex-file=/system/framework/framework.jar --dex-file=/system/framework/telephony-common.jar --dex-file=/system/framework/voip-common.jar --dex-file=/system/framework/ims-common.jar --dex-file=/system/framework/mms-common.jar --dex-file=/system/framework/android.policy.jar --dex-file=/system/framework/apache-xml.jar --oat-file=/data/dalvik-cache/arm/system@framework@boot.oat --instruction-set=arm --instruction-set-features=div --base=0x6f22e000 --runtime-arg -Xms64m --runtime-arg -Xmx64m --image-classes-zip=/system/framework/framework.jar --image-classes=preloaded-classes
I/gralloc ( 5321): using (fd=12)
I/gralloc ( 5321): id           = 
I/gralloc ( 5321): xres         = 1080 px
I/gralloc ( 5321): yres         = 1920 px
I/gralloc ( 5321): xres_virtual = 1080 px
I/gralloc ( 5321): yres_virtual = 3840 px
I/gralloc ( 5321): bpp          = 32
I/gralloc ( 5321): r            = 16:8
I/gralloc ( 5321): g            =  8:8
I/gralloc ( 5321): b            =  0:8
I/gralloc ( 5321): width        = 65 mm (422.030762 dpi)
I/gralloc ( 5321): height       = 115 mm (424.069580 dpi)
I/gralloc ( 5321): refresh rate = 60.00 Hz
W/art     ( 5324): Unexpected file type of 
W/art     ( 5324):  encountered.
W/art     ( 5324): Could not create image space with image file '/system/framework/boot.art'. Attempting to fall back to imageless running. Error was: Failed to generate image '/data/dalvik-cache/arm/system@framework@boot.art': Failed execv(/system/bin/dex2oat --image=/data/dalvik-cache/arm/system@framework@boot.art --dex-file=/system/framework/core-libart.jar --dex-file=/system/framework/conscrypt.jar --dex-file=/system/framework/okhttp.jar --dex-file=/system/framework/core-junit.jar --dex-file=/system/framework/bouncycastle.jar --dex-file=/system/framework/ext.jar --dex-file=/system/framework/framework.jar --dex-file=/system/framework/telephony-common.jar --dex-file=/system/framework/voip-common.jar --dex-file=/system/framework/ims-common.jar --dex-file=/system/framework/mms-common.jar --dex-file=/system/framework/android.policy.jar --dex-file=/system/framework/apache-xml.jar --oat-file=/data/dalvik-cache/arm/system@framework@boot.oat --instruction-set=arm --instruction-set-features=div --base=0x6f22e000 --runtime-arg -Xms64
D/hwcomposer( 5321): using
D/hwcomposer( 5321): xres         = 1080 px
D/hwcomposer( 5321): yres         = 1920 px
D/hwcomposer( 5321): width        = 65 mm (422.030000 dpi)
D/hwcomposer( 5321): height       = 115 mm (424.069000 dpi)
D/hwcomposer( 5321): refresh rate = 60 Hz
E/libexynosv4l2-subdev( 5321): no subdev device found
E/hdmi    ( 5321): failed to open hdmi mixer0 subdev
E/hwcomposer( 5321): openHdmi fail
I/hwcomposer( 5321): PSR info devname = /sys/devices/14400000.fimd_fb/psr_info
I/hwcomposer( 5321): PSR mode is 2(0: video mode, 1: DP PSR mode, 2: MIPI-DSI command mode)
I/SurfaceFlinger( 5321): Using composer version 1.3
I/SurfaceFlinger( 5321): EGL information:
I/SurfaceFlinger( 5321): vendor    : Android
I/SurfaceFlinger( 5321): version   : 1.4 Android META-EGL
I/SurfaceFlinger( 5321): extensions: EGL_KHR_get_all_proc_addresses EGL_ANDROID_presentation_time EGL_KHR_image EGL_KHR_image_base EGL_KHR_gl_texture_2D_image EGL_KHR_gl_texture_cubemap_image EGL_KHR_gl_renderbuffer_image EGL_KHR_fence_sync EGL_KHR_create_context EGL_ANDROID_image_native_buffer EGL_KHR_wait_sync EGL_ANDROID_recordable 
I/SurfaceFlinger( 5321): Client API: OpenGL_ES
I/SurfaceFlinger( 5321): EGLSurface: 8-8-8-8, config=0xb6acf2ac
I/SurfaceFlinger( 5321): OpenGL ES informations:
I/SurfaceFlinger( 5321): vendor    : ARM
I/SurfaceFlinger( 5321): renderer  : Mali-T628
I/SurfaceFlinger( 5321): version   : OpenGL ES 3.0
I/SurfaceFlinger( 5321): extensions: GL_EXT_debug_marker GL_ARM_rgba8 GL_ARM_mali_shader_binary GL_OES_depth24 GL_OES_depth_texture GL_OES_depth_texture_cube_map GL_OES_packed_depth_stencil GL_OES_rgb8_rgba8 GL_EXT_read_format_bgra GL_OES_compressed_paletted_texture GL_OES_compressed_ETC1_RGB8_texture GL_OES_standard_derivatives GL_OES_EGL_image GL_OES_EGL_image_external GL_OES_EGL_sync GL_OES_texture_npot GL_OES_vertex_half_float GL_OES_required_internalformat GL_OES_vertex_array_object GL_OES_mapbuffer GL_EXT_texture_format_BGRA8888 GL_EXT_texture_rg GL_EXT_texture_type_2_10_10_10_REV GL_OES_fbo_render_mipmap GL_OES_element_index_uint GL_EXT_shadow_samplers GL_OES_texture_compression_astc GL_KHR_texture_compression_astc_ldr GL_KHR_texture_compression_astc_hdr GL_KHR_debug GL_EXT_occlusion_query_boolean GL_EXT_blend_minmax GL_EXT_discard_framebuffer GL_OES_get_program_binary GL_OES_texture_3D GL_EXT_texture_storage GL_EXT_multisampled_render_to_texture GL_OES_surfaceless_context GL_ARM_mali_program_binary 
I/SurfaceFlinger( 5321): GL_MAX_TEXTURE_SIZE = 8192
I/SurfaceFlinger( 5321): GL_MAX_VIEWPORT_DIMS = 8192
E/libEGL  ( 5321): eglQuerySurface:607 error 300d (EGL_BAD_SURFACE)
E/libEGL  ( 5321): eglQuerySurface:607 error 300d (EGL_BAD_SURFACE)
E/libEGL  ( 5321): call to OpenGL ES API with no current context (logged once per thread)
D/SurfaceFlinger( 5321): Set power mode=2, type=0 flinger=0xb6a62000
I/hwcomposer( 5321): int exynos5_blank(hwc_composer_device_1*, int, int):: disp(0), blank(0)
I/hwcomposer( 5321): unblank ioctl failed (display already unblanked)
E/libEGL  ( 5321): eglSwapBuffers:1071 error 300d (EGL_BAD_SURFACE)
F/SurfaceFlinger( 5321): eglSwapBuffers(0x1, 0x0) failed with 0x0000300d
F/libc    ( 5321): Fatal signal 6 (SIGABRT), code -6 in tid 5321 (surfaceflinger)
I/DEBUG   ( 3582): property debug.db.uid not set; NOT waiting for gdb.
I/DEBUG   ( 3582): HINT: adb shell setprop debug.db.uid 100000
I/DEBUG   ( 3582): HINT: adb forward tcp:5039 tcp:5039
I/DEBUG   ( 3582): *** *** *** *** *** *** *** *** *** *** *** *** *** *** *** ***
I/DEBUG   ( 3582): Build fingerprint: 'samsung/cm_k3gxx/k3gxx:5.0.2/LRX22G/88e55c58ed:userdebug/test-keys'
I/DEBUG   ( 3582): Revision: '10'
I/DEBUG   ( 3582): ABI: 'arm'
I/DEBUG   ( 3582): pid: 5321, tid: 5321, name: surfaceflinger  >>> /system/bin/surfaceflinger <<<
I/DEBUG   ( 3582): signal 6 (SIGABRT), code -6 (SI_TKILL), fault addr --------
I/DEBUG   ( 3582): Abort message: 'eglSwapBuffers(0x1, 0x0) failed with 0x0000300d'
I/DEBUG   ( 3582):     r0 00000000  r1 000014c9  r2 00000006  r3 00000000
I/DEBUG   ( 3582):     r4 b6fb4114  r5 00000006  r6 0000000b  r7 0000010c
I/DEBUG   ( 3582):     r8 00000000  r9 bef14bd0  sl b6a54210  fp bef14bd0
I/DEBUG   ( 3582):     ip 000014c9  sp bef14650  lr b6f3e7b9  pc b6f624e4  cpsr 600f0010
I/DEBUG   ( 3582): 
I/DEBUG   ( 3582): backtrace:
I/DEBUG   ( 3582):     #00 pc 000384e4  /system/lib/libc.so (tgkill+12)
I/DEBUG   ( 3582):     #01 pc 000147b5  /system/lib/libc.so (pthread_kill+52)
I/DEBUG   ( 3582):     #02 pc 0001550b  /system/lib/libc.so (raise+10)
I/DEBUG   ( 3582):     #03 pc 00011c35  /system/lib/libc.so (__libc_android_abort+36)
I/DEBUG   ( 3582):     #04 pc 0000fcb8  /system/lib/libc.so (abort+4)
I/DEBUG   ( 3582):     #05 pc 00007739  /system/lib/libcutils.so (__android_log_assert+88)
I/DEBUG   ( 3582):     #06 pc 0000f4df  /system/lib/libsurfaceflinger.so
I/DEBUG   ( 3582):     #07 pc 0001b9fd  /system/lib/libsurfaceflinger.so
I/DEBUG   ( 3582):     #08 pc 0001abe7  /system/lib/libsurfaceflinger.so
I/DEBUG   ( 3582):     #09 pc 00019fc3  /system/lib/libsurfaceflinger.so
I/DEBUG   ( 3582):     #10 pc 00019d49  /system/lib/libsurfaceflinger.so
I/DEBUG   ( 3582):     #11 pc 00010ed3  /system/lib/libutils.so (android::Looper::pollInner(int)+410)
I/DEBUG   ( 3582):     #12 pc 00010fc5  /system/lib/libutils.so (android::Looper::pollOnce(int, int*, int*, void**)+92)
I/DEBUG   ( 3582):     #13 pc 000174c5  /system/lib/libsurfaceflinger.so
I/DEBUG   ( 3582):     #14 pc 0001993d  /system/lib/libsurfaceflinger.so (android::SurfaceFlinger::run()+8)
I/DEBUG   ( 3582):     #15 pc 0000083d  /system/bin/surfaceflinger
I/DEBUG   ( 3582):     #16 pc 0000fb75  /system/lib/libc.so (__libc_init+44)
I/DEBUG   ( 3582):     #17 pc 000008d8  /system/bin/surfaceflinger
W/auditd  ( 3593): type=1325 audit(0.0:1545): table=raw family=2 entries=8
W/iptables( 5461): type=1300 audit(0.0:1545): arch=40000028 syscall=294 per=800000 success=yes exit=0 a0=4 a1=0 a2=40 a3=b6b1ba00 items=0 ppid=5319 auid=4294967295 uid=0 gid=0 euid=0 suid=0 fsuid=0 egid=0 sgid=0 fsgid=0 ses=4294967295 tty=(none) exe="/system/bin/iptables" subj=u:r:netd:s0 key=(null)
W/auditd  ( 3593): type=1320 audit(0.0:1545): 
W/auditd  ( 3593): type=1325 audit(0.0:1546): table=raw family=10 entries=8
W/ip6tables( 5462): type=1300 audit(0.0:1546): arch=40000028 syscall=294 per=800000 success=yes exit=0 a0=4 a1=29 a2=40 a3=b6c37800 items=0 ppid=5319 auid=4294967295 uid=0 gid=0 euid=0 suid=0 fsuid=0 egid=0 sgid=0 fsgid=0 ses=4294967295 tty=(none) exe="/system/bin/ip6tables" subj=u:r:netd:s0 key=(null)
W/auditd  ( 3593): type=1320 audit(0.0:1546): 
W/auditd  ( 3593): type=1325 audit(0.0:1547): table=raw family=2 entries=9
W/iptables( 5463): type=1300 audit(0.0:1547): arch=40000028 syscall=294 per=800000 success=yes exit=0 a0=4 a1=0 a2=40 a3=b6c1ba00 items=0 ppid=5319 auid=4294967295 uid=0 gid=0 euid=0 suid=0 fsuid=0 egid=0 sgid=0 fsgid=0 ses=4294967295 tty=(none) exe="/system/bin/iptables" subj=u:r:netd:s0 key=(null)
W/auditd  ( 3593): type=1320 audit(0.0:1547): 
W/auditd  ( 3593): type=1325 audit(0.0:1548): table=raw family=10 entries=9
W/ip6tables( 5464): type=1300 audit(0.0:1548): arch=40000028 syscall=294 per=800000 success=yes exit=0 a0=4 a1=29 a2=40 a3=b6c1d000 items=0 ppid=5319 auid=4294967295 uid=0 gid=0 euid=0 suid=0 fsuid=0 egid=0 sgid=0 fsgid=0 ses=4294967295 tty=(none) exe="/system/bin/ip6tables" subj=u:r:netd:s0 key=(null)
W/auditd  ( 3593): type=1320 audit(0.0:1548): 
W/auditd  ( 3593): type=1325 audit(0.0:1549): table=raw family=2 entries=8
W/iptables( 5465): type=1300 audit(0.0:1549): arch=40000028 syscall=294 per=800000 success=yes exit=0 a0=4 a1=0 a2=40 a3=b6c1ba00 items=0 ppid=5319 auid=4294967295 uid=0 gid=0 euid=0 suid=0 fsuid=0 egid=0 sgid=0 fsgid=0 ses=4294967295 tty=(none) exe="/system/bin/iptables" subj=u:r:netd:s0 key=(null)
W/auditd  ( 3593): type=1320 audit(0.0:1549): 
W/auditd  ( 3593): type=1325 audit(0.0:1550): table=raw family=10 entries=8
W/ip6tables( 5466): type=1300 audit(0.0:1550): arch=40000028 syscall=294 per=800000 success=yes exit=0 a0=4 a1=29 a2=40 a3=b6c32800 items=0 ppid=5319 auid=4294967295 uid=0 gid=0 euid=0 suid=0 fsuid=0 egid=0 sgid=0 fsgid=0 ses=4294967295 tty=(none) exe="/system/bin/ip6tables" subj=u:r:netd:s0 key=(null)
W/auditd  ( 3593): type=1320 audit(0.0:1550): 
W/auditd  ( 3593): type=1325 audit(0.0:1551): table=raw family=2 entries=8
W/iptables( 5467): type=1300 audit(0.0:1551): arch=40000028 syscall=294 per=800000 success=yes exit=0 a0=4 a1=0 a2=40 a3=b6c30100 items=0 ppid=5319 auid=4294967295 uid=0 gid=0 euid=0 suid=0 fsuid=0 egid=0 sgid=0 fsgid=0 ses=4294967295 tty=(none) exe="/system/bin/iptables" subj=u:r:netd:s0 key=(null)
I/ServiceManager( 5322): Waiting for service batterystats...
I/DEBUG   ( 3582): 
I/DEBUG   ( 3582): Tombstone written to: /data/tombstones/tombstone_02
V/NatController( 5319): runCmd(/system/bin/iptables -F natctrl_FORWARD) res=0
V/NatController( 5319): runCmd(/system/bin/iptables -A natctrl_FORWARD -j DROP) res=0
V/NatController( 5319): runCmd(/system/bin/iptables -t nat -F natctrl_nat_POSTROUTING) res=0
V/NatController( 5319): runCmd(/system/bin/iptables -F natctrl_tether_counters) res=1
V/NatController( 5319): runCmd(/system/bin/iptables -X natctrl_tether_counters) res=1
I/ServiceManager( 3569): service 'SurfaceFlinger' died
I/ServiceManager( 3569): service 'Exynos.HWCService' died
I/ServiceManager( 3569): service 'media.wifi_display' died
V/NatController( 5319): runCmd(/system/bin/iptables -N natctrl_tether_counters) res=0
V/NatController( 5319): runCmd(/system/bin/iptables -t mangle -A natctrl_mangle_FORWARD -p tcp --tcp-flags SYN SYN -j TCPMSS --clamp-mss-to-pmtu) res=0
I/ServiceManager( 3569): service 'media.audio_flinger' died
W/init    ( 5524): type=1400 audit(0.0:1601): avc: denied { entrypoint } for path="/system/bin/auditd" dev="mmcblk0p18" ino=173 scontext=u:r:logd:s0 tcontext=u:object_r:system_file:s0 tclass=file
W/init    ( 5524): type=1300 audit(0.0:1601): arch=40000028 syscall=11 per=800000 success=no exit=-13 a0=b6d80954 a1=b6d68530 a2=57e64 a3=ff0000 items=1 ppid=1 auid=4294967295 uid=0 gid=0 euid=0 suid=0 fsuid=0 egid=0 sgid=0 fsgid=0 ses=4294967295 tty=(none) exe="/init" subj=u:r:init:s0 key=(null)
W/auditd  ( 3593): type=1307 audit(0.0:1601): cwd="/"
W/auditd  ( 3593): type=1302 audit(0.0:1601): item=0 name="/system/bin/auditd" inode=173 dev=103:0a mode=0100755 ouid=0 ogid=2000 rdev=00:00 obj=u:object_r:system_file:s0
W/auditd  ( 3593): type=1320 audit(0.0:1601): 
I/Netd    ( 5525): Netd 1.0 starting
E/Netd    ( 5525): Failed to open /proc/sys/net/ipv6/conf/default/accept_ra_rt_table: No such file or directory
E/Netd    ( 5525): Failed to open /proc/sys/net/ipv6/conf/ip6tnl0/accept_ra_rt_table: No such file or directory
E/Netd    ( 5525): Failed to open /proc/sys/net/ipv6/conf/lo/accept_ra_rt_table: No such file or directory
E/Netd    ( 5525): Failed to open /proc/sys/net/ipv6/conf/rmnet0/accept_ra_rt_table: No such file or directory
E/Netd    ( 5525): Failed to open /proc/sys/net/ipv6/conf/rmnet1/accept_ra_rt_table: No such file or directory
E/Netd    ( 5525): Failed to open /proc/sys/net/ipv6/conf/rmnet2/accept_ra_rt_table: No such file or directory
E/Netd    ( 5525): Failed to open /proc/sys/net/ipv6/conf/rmnet3/accept_ra_rt_table: No such file or directory
E/Netd    ( 5525): Failed to open /proc/sys/net/ipv6/conf/sit0/accept_ra_rt_table: No such file or directory
W/auditd  ( 3593): type=1325 audit(0.0:1602): table=filter family=2 entries=40
W/iptables( 5531): type=1300 audit(0.0:1602): arch=40000028 syscall=294 per=800000 success=yes exit=0 a0=4 a1=0 a2=40 a3=b6c25000 items=0 ppid=5525 auid=4294967295 uid=0 gid=0 euid=0 suid=0 fsuid=0 egid=0 sgid=0 fsgid=0 ses=4294967295 tty=(none) exe="/system/bin/iptables" subj=u:r:netd:s0 key=(null)
W/auditd  ( 3593): type=1320 audit(0.0:1602): 
W/auditd  ( 3593): type=1325 audit(0.0:1603): table=filter family=10 entries=37
W/ip6tables( 5532): type=1300 audit(0.0:1603): arch=40000028 syscall=294 per=800000 success=yes exit=0 a0=4 a1=29 a2=40 a3=b6c28000 items=0 ppid=5525 auid=4294967295 uid=0 gid=0 euid=0 suid=0 fsuid=0 egid=0 sgid=0 fsgid=0 ses=4294967295 tty=(none) exe="/system/bin/ip6tables" subj=u:r:netd:s0 key=(null)
W/auditd  ( 3593): type=1320 audit(0.0:1603): 
I/SurfaceFlinger( 5527): SurfaceFlinger is starting
I/SurfaceFlinger( 5527): SurfaceFlinger's main thread ready to run. Initializing graphics H/W...
W/auditd  ( 3593): type=1325 audit(0.0:1604): table=filter family=2 entries=39
W/iptables( 5533): type=1300 audit(0.0:1604): arch=40000028 syscall=294 per=800000 success=yes exit=0 a0=4 a1=0 a2=40 a3=b6c22000 items=0 ppid=5525 auid=4294967295 uid=0 gid=0 euid=0 suid=0 fsuid=0 egid=0 sgid=0 fsgid=0 ses=4294967295 tty=(none) exe="/system/bin/iptables" subj=u:r:netd:s0 key=(null)
W/auditd  ( 3593): type=1320 audit(0.0:1604): 
W/auditd  ( 3593): type=1325 audit(0.0:1605): table=filter family=10 entries=36
W/ip6tables( 5537): type=1300 audit(0.0:1605): arch=40000028 syscall=294 per=800000 success=yes exit=0 a0=4 a1=29 a2=40 a3=b6c23000 items=0 ppid=5525 auid=4294967295 uid=0 gid=0 euid=0 suid=0 fsuid=0 egid=0 sgid=0 fsgid=0 ses=4294967295 tty=(none) exe="/system/bin/ip6tables" subj=u:r:netd:s0 key=(null)
W/auditd  ( 3593): type=1320 audit(0.0:1605): 
W/auditd  ( 3593): type=1325 audit(0.0:1606): table=filter family=2 entries=39
W/iptables( 5539): type=1300 audit(0.0:1606): arch=40000028 syscall=294 per=800000 success=yes exit=0 a0=4 a1=0 a2=40 a3=b6c22000 items=0 ppid=5525 auid=4294967295 uid=0 gid=0 euid=0 suid=0 fsuid=0 egid=0 sgid=0 fsgid=0 ses=4294967295 tty=(none) exe="/system/bin/iptables" subj=u:r:netd:s0 key=(null)
W/auditd  ( 3593): type=1320 audit(0.0:1606): 
D/libEGL  ( 5527): loaded /vendor/lib/egl/libGLES_mali.so
I/        ( 5527): PLATFORM VERSION : JB-MR-2
D/AndroidRuntime( 5530): 
D/AndroidRuntime( 5530): >>>>>> AndroidRuntime START com.android.internal.os.ZygoteInit <<<<<<
D/AndroidRuntime( 5530): CheckJNI is OFF
I/mediaserver( 5528): ServiceManager: 0xb60500c0
I/AudioFlinger( 5528): Using default 3000 mSec as standby time.
I/art     ( 5530): option[0]=-Xzygote
I/art     ( 5530): option[1]=-Xstacktracefile:/data/anr/traces.txt
I/art     ( 5530): option[2]=exit
I/art     ( 5530): option[3]=vfprintf
I/art     ( 5530): option[4]=sensitiveThread
I/art     ( 5530): option[5]=-verbose:gc
I/art     ( 5530): option[6]=-Xms8m
I/art     ( 5530): option[7]=-Xmx512m
I/art     ( 5530): option[8]=-XX:mainThreadStackSize=24K
I/art     ( 5530): option[9]=-XX:HeapGrowthLimit=128m
I/art     ( 5530): option[10]=-XX:HeapMinFree=2m
I/art     ( 5530): option[11]=-XX:HeapMaxFree=8m
I/art     ( 5530): option[12]=-XX:HeapTargetUtilization=0.75
I/art     ( 5530): option[13]=-agentlib:jdwp=transport=dt_android_adb,suspend=n,server=y
I/art     ( 5530): option[14]=-Xlockprofthreshold:500
I/ServiceManager( 5528): Waiting for service batterystats...
I/art     ( 5530): option[15]=-Ximage-compiler-option
I/art     ( 5530): option[16]=--runtime-arg
I/art     ( 5530): option[17]=-Ximage-compiler-option
I/art     ( 5530): option[18]=-Xms64m
I/art     ( 5530): option[19]=-Ximage-compiler-option
I/art     ( 5530): option[20]=--runtime-arg
I/art     ( 5530): option[21]=-Ximage-compiler-option
I/art     ( 5530): option[22]=-Xmx64m
I/art     ( 5530): option[23]=-Ximage-compiler-option
I/art     ( 5530): option[24]=--image-classes-zip=/system/framework/framework.jar
I/art     ( 5530): option[25]=-Ximage-compiler-option
I/art     ( 5530): option[26]=--image-classes=preloaded-classes
I/art     ( 5530): option[27]=-Xcompiler-option
I/art     ( 5530): option[28]=--runtime-arg
I/art     ( 5530): option[29]=-Xcompiler-option
I/art     ( 5530): option[30]=-Xms64m
I/art     ( 5530): option[31]=-Xcompiler-option
I/art     ( 5530): option[32]=--runtime-arg
I/art     ( 5530): option[33]=-Xcompiler-option
I/art     ( 5530): option[34]=-Xmx512m
I/art     ( 5530): option[35]=-Duser.language=es
I/art     ( 5530): option[36]=-Duser.region=US
I/art     ( 5530): Pruning dalvik-cache since we are generating an image and will need to recompile
W/art     ( 5530): Unexpected file type of 
W/art     ( 5530):  encountered.
I/art     ( 5530): Using an offset of 0xffe62000 from default art base address of 0x70000000
I/art     ( 5530): GenerateImage: /system/bin/dex2oat --image=/data/dalvik-cache/arm/system@framework@boot.art --dex-file=/system/framework/core-libart.jar --dex-file=/system/framework/conscrypt.jar --dex-file=/system/framework/okhttp.jar --dex-file=/system/framework/core-junit.jar --dex-file=/system/framework/bouncycastle.jar --dex-file=/system/framework/ext.jar --dex-file=/system/framework/framework.jar --dex-file=/system/framework/telephony-common.jar --dex-file=/system/framework/voip-common.jar --dex-file=/system/framework/ims-common.jar --dex-file=/system/framework/mms-common.jar --dex-file=/system/framework/android.policy.jar --dex-file=/system/framework/apache-xml.jar --oat-file=/data/dalvik-cache/arm/system@framework@boot.oat --instruction-set=arm --instruction-set-features=div --base=0x6fe62000 --runtime-arg -Xms64m --runtime-arg -Xmx64m --image-classes-zip=/system/framework/framework.jar --image-classes=preloaded-classes
I/gralloc ( 5527): using (fd=12)
I/gralloc ( 5527): id           = 
I/gralloc ( 5527): xres         = 1080 px
I/gralloc ( 5527): yres         = 1920 px
I/gralloc ( 5527): xres_virtual = 1080 px
I/gralloc ( 5527): yres_virtual = 3840 px
I/gralloc ( 5527): bpp          = 32
I/gralloc ( 5527): r            = 16:8
I/gralloc ( 5527): g            =  8:8
I/gralloc ( 5527): b            =  0:8
I/gralloc ( 5527): width        = 65 mm (422.030762 dpi)
I/gralloc ( 5527): height       = 115 mm (424.069580 dpi)
I/gralloc ( 5527): refresh rate = 60.00 Hz
W/art     ( 5530): Unexpected file type of 
W/art     ( 5530):  encountered.
W/art     ( 5530): Could not create image space with image file '/system/framework/boot.art'. Attempting to fall back to imageless running. Error was: Failed to generate image '/data/dalvik-cache/arm/system@framework@boot.art': Failed execv(/system/bin/dex2oat --image=/data/dalvik-cache/arm/system@framework@boot.art --dex-file=/system/framework/core-libart.jar --dex-file=/system/framework/conscrypt.jar --dex-file=/system/framework/okhttp.jar --dex-file=/system/framework/core-junit.jar --dex-file=/system/framework/bouncycastle.jar --dex-file=/system/framework/ext.jar --dex-file=/system/framework/framework.jar --dex-file=/system/framework/telephony-common.jar --dex-file=/system/framework/voip-common.jar --dex-file=/system/framework/ims-common.jar --dex-file=/system/framework/mms-common.jar --dex-file=/system/framework/android.policy.jar --dex-file=/system/framework/apache-xml.jar --oat-file=/data/dalvik-cache/arm/system@framework@boot.oat --instruction-set=arm --instruction-set-features=div --base=0x6fe62000 --runtime-arg -Xms64
D/hwcomposer( 5527): using
D/hwcomposer( 5527): xres         = 1080 px
D/hwcomposer( 5527): yres         = 1920 px
D/hwcomposer( 5527): width        = 65 mm (422.030000 dpi)
D/hwcomposer( 5527): height       = 115 mm (424.069000 dpi)
D/hwcomposer( 5527): refresh rate = 60 Hz
E/libexynosv4l2-subdev( 5527): no subdev device found
E/hdmi    ( 5527): failed to open hdmi mixer0 subdev
E/hwcomposer( 5527): openHdmi fail
I/hwcomposer( 5527): PSR info devname = /sys/devices/14400000.fimd_fb/psr_info
I/hwcomposer( 5527): PSR mode is 2(0: video mode, 1: DP PSR mode, 2: MIPI-DSI command mode)
I/SurfaceFlinger( 5527): Using composer version 1.3
I/SurfaceFlinger( 5527): EGL information:
I/SurfaceFlinger( 5527): vendor    : Android
I/SurfaceFlinger( 5527): version   : 1.4 Android META-EGL
I/SurfaceFlinger( 5527): extensions: EGL_KHR_get_all_proc_addresses EGL_ANDROID_presentation_time EGL_KHR_image EGL_KHR_image_base EGL_KHR_gl_texture_2D_image EGL_KHR_gl_texture_cubemap_image EGL_KHR_gl_renderbuffer_image EGL_KHR_fence_sync EGL_KHR_create_context EGL_ANDROID_image_native_buffer EGL_KHR_wait_sync EGL_ANDROID_recordable 
I/SurfaceFlinger( 5527): Client API: OpenGL_ES
I/SurfaceFlinger( 5527): EGLSurface: 8-8-8-8, config=0xb6acf2ac
I/SurfaceFlinger( 5527): OpenGL ES informations:
I/SurfaceFlinger( 5527): vendor    : ARM
I/SurfaceFlinger( 5527): renderer  : Mali-T628
I/SurfaceFlinger( 5527): version   : OpenGL ES 3.0
I/SurfaceFlinger( 5527): extensions: GL_EXT_debug_marker GL_ARM_rgba8 GL_ARM_mali_shader_binary GL_OES_depth24 GL_OES_depth_texture GL_OES_depth_texture_cube_map GL_OES_packed_depth_stencil GL_OES_rgb8_rgba8 GL_EXT_read_format_bgra GL_OES_compressed_paletted_texture GL_OES_compressed_ETC1_RGB8_texture GL_OES_standard_derivatives GL_OES_EGL_image GL_OES_EGL_image_external GL_OES_EGL_sync GL_OES_texture_npot GL_OES_vertex_half_float GL_OES_required_internalformat GL_OES_vertex_array_object GL_OES_mapbuffer GL_EXT_texture_format_BGRA8888 GL_EXT_texture_rg GL_EXT_texture_type_2_10_10_10_REV GL_OES_fbo_render_mipmap GL_OES_element_index_uint GL_EXT_shadow_samplers GL_OES_texture_compression_astc GL_KHR_texture_compression_astc_ldr GL_KHR_texture_compression_astc_hdr GL_KHR_debug GL_EXT_occlusion_query_boolean GL_EXT_blend_minmax GL_EXT_discard_framebuffer GL_OES_get_program_binary GL_OES_texture_3D GL_EXT_texture_storage GL_EXT_multisampled_render_to_texture GL_OES_surfaceless_context GL_ARM_mali_program_binary 
I/SurfaceFlinger( 5527): GL_MAX_TEXTURE_SIZE = 8192
I/SurfaceFlinger( 5527): GL_MAX_VIEWPORT_DIMS = 8192
E/libEGL  ( 5527): eglQuerySurface:607 error 300d (EGL_BAD_SURFACE)
E/libEGL  ( 5527): eglQuerySurface:607 error 300d (EGL_BAD_SURFACE)
E/libEGL  ( 5527): call to OpenGL ES API with no current context (logged once per thread)
D/SurfaceFlinger( 5527): Set power mode=2, type=0 flinger=0xb6a62000
I/hwcomposer( 5527): int exynos5_blank(hwc_composer_device_1*, int, int):: disp(0), blank(0)
I/hwcomposer( 5527): unblank ioctl failed (display already unblanked)
E/libEGL  ( 5527): eglSwapBuffers:1071 error 300d (EGL_BAD_SURFACE)
F/SurfaceFlinger( 5527): eglSwapBuffers(0x1, 0x0) failed with 0x0000300d
F/libc    ( 5527): Fatal signal 6 (SIGABRT), code -6 in tid 5527 (surfaceflinger)
I/DEBUG   ( 3582): property debug.db.uid not set; NOT waiting for gdb.
I/DEBUG   ( 3582): HINT: adb shell setprop debug.db.uid 100000
I/DEBUG   ( 3582): HINT: adb forward tcp:5039 tcp:5039
I/DEBUG   ( 3582): *** *** *** *** *** *** *** *** *** *** *** *** *** *** *** ***
I/DEBUG   ( 3582): Build fingerprint: 'samsung/cm_k3gxx/k3gxx:5.0.2/LRX22G/88e55c58ed:userdebug/test-keys'
I/DEBUG   ( 3582): Revision: '10'
I/DEBUG   ( 3582): ABI: 'arm'
I/DEBUG   ( 3582): pid: 5527, tid: 5527, name: surfaceflinger  >>> /system/bin/surfaceflinger <<<
I/DEBUG   ( 3582): signal 6 (SIGABRT), code -6 (SI_TKILL), fault addr --------
I/DEBUG   ( 3582): Abort message: 'eglSwapBuffers(0x1, 0x0) failed with 0x0000300d'
I/DEBUG   ( 3582):     r0 00000000  r1 00001597  r2 00000006  r3 00000000
I/DEBUG   ( 3582):     r4 b6f75114  r5 00000006  r6 0000000b  r7 0000010c
I/DEBUG   ( 3582):     r8 00000000  r9 bee05bd0  sl b6a54210  fp bee05bd0
I/DEBUG   ( 3582):     ip 00001597  sp bee05650  lr b6eff7b9  pc b6f234e4  cpsr 600f0010
I/DEBUG   ( 3582): 
I/DEBUG   ( 3582): backtrace:
I/DEBUG   ( 3582):     #00 pc 000384e4  /system/lib/libc.so (tgkill+12)
I/DEBUG   ( 3582):     #01 pc 000147b5  /system/lib/libc.so (pthread_kill+52)
I/DEBUG   ( 3582):     #02 pc 0001550b  /system/lib/libc.so (raise+10)
I/DEBUG   ( 3582):     #03 pc 00011c35  /system/lib/libc.so (__libc_android_abort+36)
I/DEBUG   ( 3582):     #04 pc 0000fcb8  /system/lib/libc.so (abort+4)
I/DEBUG   ( 3582):     #05 pc 00007739  /system/lib/libcutils.so (__android_log_assert+88)
I/DEBUG   ( 3582):     #06 pc 0000f4df  /system/lib/libsurfaceflinger.so
I/DEBUG   ( 3582):     #07 pc 0001b9fd  /system/lib/libsurfaceflinger.so
I/DEBUG   ( 3582):     #08 pc 0001abe7  /system/lib/libsurfaceflinger.so
I/DEBUG   ( 3582):     #09 pc 00019fc3  /system/lib/libsurfaceflinger.so
I/DEBUG   ( 3582):     #10 pc 00019d49  /system/lib/libsurfaceflinger.so
I/DEBUG   ( 3582):     #11 pc 00010ed3  /system/lib/libutils.so (android::Looper::pollInner(int)+410)
I/DEBUG   ( 3582):     #12 pc 00010fc5  /system/lib/libutils.so (android::Looper::pollOnce(int, int*, int*, void**)+92)
I/DEBUG   ( 3582):     #13 pc 000174c5  /system/lib/libsurfaceflinger.so
I/DEBUG   ( 3582):     #14 pc 0001993d  /system/lib/libsurfaceflinger.so (android::SurfaceFlinger::run()+8)
I/DEBUG   ( 3582):     #15 pc 0000083d  /system/bin/surfaceflinger
I/DEBUG   ( 3582):     #16 pc 0000fb75  /system/lib/libc.so (__libc_init+44)
I/DEBUG   ( 3582):     #17 pc 000008d8  /system/bin/surfaceflinger
W/auditd  ( 3593): type=1325 audit(0.0:1732): table=raw family=2 entries=9
W/iptables( 5669): type=1300 audit(0.0:1732): arch=40000028 syscall=294 per=800000 success=yes exit=0 a0=4 a1=0 a2=40 a3=b6c1ba00 items=0 ppid=5525 auid=4294967295 uid=0 gid=0 euid=0 suid=0 fsuid=0 egid=0 sgid=0 fsgid=0 ses=4294967295 tty=(none) exe="/system/bin/iptables" subj=u:r:netd:s0 key=(null)
W/auditd  ( 3593): type=1320 audit(0.0:1732): 
W/auditd  ( 3593): type=1325 audit(0.0:1733): table=raw family=10 entries=9
W/ip6tables( 5670): type=1300 audit(0.0:1733): arch=40000028 syscall=294 per=800000 success=yes exit=0 a0=4 a1=29 a2=40 a3=b6c1d000 items=0 ppid=5525 auid=4294967295 uid=0 gid=0 euid=0 suid=0 fsuid=0 egid=0 sgid=0 fsgid=0 ses=4294967295 tty=(none) exe="/system/bin/ip6tables" subj=u:r:netd:s0 key=(null)
W/auditd  ( 3593): type=1320 audit(0.0:1733): 
W/auditd  ( 3593): type=1325 audit(0.0:1734): table=raw family=2 entries=8
W/iptables( 5671): type=1300 audit(0.0:1734): arch=40000028 syscall=294 per=800000 success=yes exit=0 a0=4 a1=0 a2=40 a3=b6c1ba00 items=0 ppid=5525 auid=4294967295 uid=0 gid=0 euid=0 suid=0 fsuid=0 egid=0 sgid=0 fsgid=0 ses=4294967295 tty=(none) exe="/system/bin/iptables" subj=u:r:netd:s0 key=(null)
W/auditd  ( 3593): type=1320 audit(0.0:1734): 
W/auditd  ( 3593): type=1325 audit(0.0:1735): table=raw family=10 entries=8
W/ip6tables( 5672): type=1300 audit(0.0:1735): arch=40000028 syscall=294 per=800000 success=yes exit=0 a0=4 a1=29 a2=40 a3=b6c32800 items=0 ppid=5525 auid=4294967295 uid=0 gid=0 euid=0 suid=0 fsuid=0 egid=0 sgid=0 fsgid=0 ses=4294967295 tty=(none) exe="/system/bin/ip6tables" subj=u:r:netd:s0 key=(null)
W/auditd  ( 3593): type=1320 audit(0.0:1735): 
W/auditd  ( 3593): type=1325 audit(0.0:1736): table=raw family=2 entries=8
W/iptables( 5673): type=1300 audit(0.0:1736): arch=40000028 syscall=294 per=800000 success=yes exit=0 a0=4 a1=0 a2=40 a3=b6c30100 items=0 ppid=5525 auid=4294967295 uid=0 gid=0 euid=0 suid=0 fsuid=0 egid=0 sgid=0 fsgid=0 ses=4294967295 tty=(none) exe="/system/bin/iptables" subj=u:r:netd:s0 key=(null)
W/auditd  ( 3593): type=1320 audit(0.0:1736): 
W/auditd  ( 3593): type=1325 audit(0.0:1737): table=raw family=10 entries=8
W/ip6tables( 5674): type=1300 audit(0.0:1737): arch=40000028 syscall=294 per=800000 success=yes exit=0 a0=4 a1=29 a2=40 a3=b6c32400 items=0 ppid=5525 auid=4294967295 uid=0 gid=0 euid=0 suid=0 fsuid=0 egid=0 sgid=0 fsgid=0 ses=4294967295 tty=(none) exe="/system/bin/ip6tables" subj=u:r:netd:s0 key=(null)
W/auditd  ( 3593): type=1320 audit(0.0:1737): 
W/auditd  ( 3593): type=1325 audit(0.0:1738): table=raw family=2 entries=6
W/iptables( 5675): type=1300 audit(0.0:1738): arch=40000028 syscall=294 per=800000 success=yes exit=0 a0=4 a1=0 a2=40 a3=b6c20400 items=0 ppid=5525 auid=4294967295 uid=0 gid=0 euid=0 suid=0 fsuid=0 egid=0 sgid=0 fsgid=0 ses=4294967295 tty=(none) exe="/system/bin/iptables" subj=u:r:netd:s0 key=(null)
I/ServiceManager( 5528): Waiting for service batterystats...
V/NatController( 5525): runCmd(/system/bin/iptables -F natctrl_FORWARD) res=0
I/DEBUG   ( 3582): 
I/DEBUG   ( 3582): Tombstone written to: /data/tombstones/tombstone_03
V/NatController( 5525): runCmd(/system/bin/iptables -A natctrl_FORWARD -j DROP) res=0
V/NatController( 5525): runCmd(/system/bin/iptables -t nat -F natctrl_nat_POSTROUTING) res=0
V/NatController( 5525): runCmd(/system/bin/iptables -F natctrl_tether_counters) res=0
V/NatController( 5525): runCmd(/system/bin/iptables -X natctrl_tether_counters) res=0
I/ServiceManager( 3569): service 'SurfaceFlinger' died
I/ServiceManager( 3569): service 'Exynos.HWCService' died
I/ServiceManager( 3569): service 'media.wifi_display' died
V/NatController( 5525): runCmd(/system/bin/iptables -N natctrl_tether_counters) res=0
V/NatController( 5525): runCmd(/system/bin/iptables -t mangle -A natctrl_mangle_FORWARD -p tcp --tcp-flags SYN SYN -j TCPMSS --clamp-mss-to-pmtu) res=0
I/ServiceManager( 3569): service 'media.audio_flinger' died
W/init    ( 5729): type=1400 audit(0.0:1788): avc: denied { entrypoint } for path="/system/bin/auditd" dev="mmcblk0p18" ino=173 scontext=u:r:logd:s0 tcontext=u:object_r:system_file:s0 tclass=file
W/init    ( 5729): type=1300 audit(0.0:1788): arch=40000028 syscall=11 per=800000 success=no exit=-13 a0=b6d80954 a1=b6d68530 a2=57e64 a3=ff0000 items=1 ppid=1 auid=4294967295 uid=0 gid=0 euid=0 suid=0 fsuid=0 egid=0 sgid=0 fsgid=0 ses=4294967295 tty=(none) exe="/init" subj=u:r:init:s0 key=(null)
W/auditd  ( 3593): type=1307 audit(0.0:1788): cwd="/"
W/auditd  ( 3593): type=1302 audit(0.0:1788): item=0 name="/system/bin/auditd" inode=173 dev=103:0a mode=0100755 ouid=0 ogid=2000 rdev=00:00 obj=u:object_r:system_file:s0
W/auditd  ( 3593): type=1320 audit(0.0:1788): 
I/Netd    ( 5730): Netd 1.0 starting
E/Netd    ( 5730): Failed to open /proc/sys/net/ipv6/conf/default/accept_ra_rt_table: No such file or directory
E/Netd    ( 5730): Failed to open /proc/sys/net/ipv6/conf/ip6tnl0/accept_ra_rt_table: No such file or directory
E/Netd    ( 5730): Failed to open /proc/sys/net/ipv6/conf/lo/accept_ra_rt_table: No such file or directory
E/Netd    ( 5730): Failed to open /proc/sys/net/ipv6/conf/rmnet0/accept_ra_rt_table: No such file or directory
E/Netd    ( 5730): Failed to open /proc/sys/net/ipv6/conf/rmnet1/accept_ra_rt_table: No such file or directory
E/Netd    ( 5730): Failed to open /proc/sys/net/ipv6/conf/rmnet2/accept_ra_rt_table: No such file or directory
E/Netd    ( 5730): Failed to open /proc/sys/net/ipv6/conf/rmnet3/accept_ra_rt_table: No such file or directory
E/Netd    ( 5730): Failed to open /proc/sys/net/ipv6/conf/sit0/accept_ra_rt_table: No such file or directory
I/SurfaceFlinger( 5732): SurfaceFlinger is starting
W/auditd  ( 3593): type=1325 audit(0.0:1789): table=filter family=2 entries=40
W/iptables( 5736): type=1300 audit(0.0:1789): arch=40000028 syscall=294 per=800000 success=yes exit=0 a0=4 a1=0 a2=40 a3=b6c25000 items=0 ppid=5730 auid=4294967295 uid=0 gid=0 euid=0 suid=0 fsuid=0 egid=0 sgid=0 fsgid=0 ses=4294967295 tty=(none) exe="/system/bin/iptables" subj=u:r:netd:s0 key=(null)
W/auditd  ( 3593): type=1320 audit(0.0:1789): 
I/SurfaceFlinger( 5732): SurfaceFlinger's main thread ready to run. Initializing graphics H/W...
W/auditd  ( 3593): type=1325 audit(0.0:1790): table=filter family=10 entries=37
W/ip6tables( 5740): type=1300 audit(0.0:1790): arch=40000028 syscall=294 per=800000 success=yes exit=0 a0=4 a1=29 a2=40 a3=b6c28000 items=0 ppid=5730 auid=4294967295 uid=0 gid=0 euid=0 suid=0 fsuid=0 egid=0 sgid=0 fsgid=0 ses=4294967295 tty=(none) exe="/system/bin/ip6tables" subj=u:r:netd:s0 key=(null)
W/auditd  ( 3593): type=1320 audit(0.0:1790): 
W/auditd  ( 3593): type=1325 audit(0.0:1791): table=filter family=2 entries=39
W/iptables( 5742): type=1300 audit(0.0:1791): arch=40000028 syscall=294 per=800000 success=yes exit=0 a0=4 a1=0 a2=40 a3=b6c22000 items=0 ppid=5730 auid=4294967295 uid=0 gid=0 euid=0 suid=0 fsuid=0 egid=0 sgid=0 fsgid=0 ses=4294967295 tty=(none) exe="/system/bin/iptables" subj=u:r:netd:s0 key=(null)
W/auditd  ( 3593): type=1320 audit(0.0:1791): 
W/auditd  ( 3593): type=1325 audit(0.0:1792): table=filter family=10 entries=36
D/libEGL  ( 5732): loaded /vendor/lib/egl/libGLES_mali.so
W/ip6tables( 5743): type=1300 audit(0.0:1792): arch=40000028 syscall=294 per=800000 success=yes exit=0 a0=4 a1=29 a2=40 a3=b6c23000 items=0 ppid=5730 auid=4294967295 uid=0 gid=0 euid=0 suid=0 fsuid=0 egid=0 sgid=0 fsgid=0 ses=4294967295 tty=(none) exe="/system/bin/ip6tables" subj=u:r:netd:s0 key=(null)
W/auditd  ( 3593): type=1320 audit(0.0:1792): 
W/auditd  ( 3593): type=1325 audit(0.0:1793): table=filter family=2 entries=39
W/iptables( 5744): type=1300 audit(0.0:1793): arch=40000028 syscall=294 per=800000 success=yes exit=0 a0=4 a1=0 a2=40 a3=b6c22000 items=0 ppid=5730 auid=4294967295 uid=0 gid=0 euid=0 suid=0 fsuid=0 egid=0 sgid=0 fsgid=0 ses=4294967295 tty=(none) exe="/system/bin/iptables" subj=u:r:netd:s0 key=(null)
W/auditd  ( 3593): type=1320 audit(0.0:1793): 
I/        ( 5732): PLATFORM VERSION : JB-MR-2
I/gralloc ( 5732): using (fd=12)
I/gralloc ( 5732): id           = 
I/gralloc ( 5732): xres         = 1080 px
I/gralloc ( 5732): yres         = 1920 px
I/gralloc ( 5732): xres_virtual = 1080 px
I/gralloc ( 5732): yres_virtual = 3840 px
I/gralloc ( 5732): bpp          = 32
I/gralloc ( 5732): r            = 16:8
I/gralloc ( 5732): g            =  8:8
I/gralloc ( 5732): b            =  0:8
I/gralloc ( 5732): width        = 65 mm (422.030762 dpi)
I/gralloc ( 5732): height       = 115 mm (424.069580 dpi)
I/gralloc ( 5732): refresh rate = 60.00 Hz
