F/SystemServer( 4342): 	at android.provider.Settings$Global.getLong(Settings.java:8096)
F/SystemServer( 4342): 	at com.android.server.pm.PackageManagerService.performBootDexOpt(PackageManagerService.java:4802)
F/SystemServer( 4342): 	at com.android.server.SystemServer.startOtherServices(SystemServer.java:601)
F/SystemServer( 4342): 	at com.android.server.SystemServer.run(SystemServer.java:284)
F/SystemServer( 4342): 	at com.android.server.SystemServer.main(SystemServer.java:185)
F/SystemServer( 4342): 	at java.lang.reflect.Method.invoke(Native Method)
F/SystemServer( 4342): 	at java.lang.reflect.Method.invoke(Method.java:372)
F/SystemServer( 4342): 	at com.android.internal.os.ZygoteInit$MethodAndArgsCaller.run(ZygoteInit.java:898)
F/SystemServer( 4342): 	at com.android.internal.os.ZygoteInit.main(ZygoteInit.java:693)
E/System  ( 4342): ******************************************
E/System  ( 4342): ************ Failure starting system services
E/System  ( 4342): java.lang.NullPointerException: Attempt to invoke virtual method 'void com.android.server.wm.WindowManagerService.showBootMessage(java.lang.CharSequence, boolean)' on a null object reference
E/System  ( 4342): 	at com.android.server.am.ActivityManagerService.showBootMessage(ActivityManagerService.java:6406)
E/System  ( 4342): 	at com.android.server.SystemServer.startOtherServices(SystemServer.java:607)
E/System  ( 4342): 	at com.android.server.SystemServer.run(SystemServer.java:284)
E/System  ( 4342): 	at com.android.server.SystemServer.main(SystemServer.java:185)
E/System  ( 4342): 	at java.lang.reflect.Method.invoke(Native Method)
E/System  ( 4342): 	at java.lang.reflect.Method.invoke(Method.java:372)
E/System  ( 4342): 	at com.android.internal.os.ZygoteInit$MethodAndArgsCaller.run(ZygoteInit.java:898)
E/System  ( 4342): 	at com.android.internal.os.ZygoteInit.main(ZygoteInit.java:693)
D/AndroidRuntime( 4342): Shutting down VM
E/AndroidRuntime( 4342): *** FATAL EXCEPTION IN SYSTEM PROCESS: main
E/AndroidRuntime( 4342): java.lang.NullPointerException: Attempt to invoke virtual method 'void com.android.server.wm.WindowManagerService.showBootMessage(java.lang.CharSequence, boolean)' on a null object reference
E/AndroidRuntime( 4342): 	at com.android.server.am.ActivityManagerService.showBootMessage(ActivityManagerService.java:6406)
E/AndroidRuntime( 4342): 	at com.android.server.SystemServer.startOtherServices(SystemServer.java:607)
E/AndroidRuntime( 4342): 	at com.android.server.SystemServer.run(SystemServer.java:284)
E/AndroidRuntime( 4342): 	at com.android.server.SystemServer.main(SystemServer.java:185)
E/AndroidRuntime( 4342): 	at java.lang.reflect.Method.invoke(Native Method)
E/AndroidRuntime( 4342): 	at java.lang.reflect.Method.invoke(Method.java:372)
E/AndroidRuntime( 4342): 	at com.android.internal.os.ZygoteInit$MethodAndArgsCaller.run(ZygoteInit.java:898)
E/AndroidRuntime( 4342): 	at com.android.internal.os.ZygoteInit.main(ZygoteInit.java:693)
I/Process ( 4342): Sending signal. PID: 4342 SIG: 9
E/installd( 3684): eof
I/ServiceManager( 3658): service 'accessibility' died
E/installd( 3684): failed to read size
I/installd( 3684): closing connection
I/ServiceManager( 3658): service 'mount' died
I/ServiceManager( 3658): service 'procstats' died
I/ServiceManager( 3658): service 'user' died
I/ServiceManager( 3658): service 'telephony.registry' died
I/ServiceManager( 3658): service 'entropy' died
I/ServiceManager( 3658): service 'account' died
I/ServiceManager( 3658): service 'content' died
I/ServiceManager( 3658): service 'sensorservice' died
I/ServiceManager( 3658): service 'batterystats' died
I/ServiceManager( 3658): service 'appops' died
I/ServiceManager( 3658): service 'power' died
I/ServiceManager( 3658): service 'cpuinfo' died
I/ServiceManager( 3658): service 'permission' died
I/ServiceManager( 3658): service 'dbinfo' died
I/ServiceManager( 3658): service 'hardware' died
I/ServiceManager( 3658): service 'activity' died
I/ServiceManager( 3658): service 'meminfo' died
I/ServiceManager( 3658): service 'package' died
I/ServiceManager( 3658): service 'gfxinfo' died
I/ServiceManager( 3658): service 'display' died
I/ServiceManager( 3658): service 'battery' died
I/ServiceManager( 3658): service 'usagestats' died
I/ServiceManager( 3658): service 'webviewupdate' died
I/ServiceManager( 3658): service 'scheduling_policy' died
D/wrapperGPS( 3686): wrapperConnect_RILD
I/lowmemorykiller( 3657): ActivityManager disconnected
I/lowmemorykiller( 3657): Closing Activity Manager data connection
E/Zygote  ( 4177): Exit zygote because system server (4342) has terminated
I/Netd    ( 4505): Netd 1.0 starting
E/Netd    ( 4505): Failed to open /proc/sys/net/ipv6/conf/default/accept_ra_rt_table: No such file or directory
E/Netd    ( 4505): Failed to open /proc/sys/net/ipv6/conf/ip6tnl0/accept_ra_rt_table: No such file or directory
E/Netd    ( 4505): Failed to open /proc/sys/net/ipv6/conf/lo/accept_ra_rt_table: No such file or directory
E/Netd    ( 4505): Failed to open /proc/sys/net/ipv6/conf/rmnet0/accept_ra_rt_table: No such file or directory
E/Netd    ( 4505): Failed to open /proc/sys/net/ipv6/conf/rmnet1/accept_ra_rt_table: No such file or directory
E/Netd    ( 4505): Failed to open /proc/sys/net/ipv6/conf/rmnet2/accept_ra_rt_table: No such file or directory
E/Netd    ( 4505): Failed to open /proc/sys/net/ipv6/conf/rmnet3/accept_ra_rt_table: No such file or directory
E/Netd    ( 4505): Failed to open /proc/sys/net/ipv6/conf/sit0/accept_ra_rt_table: No such file or directory
D/AndroidRuntime( 4504): 
D/AndroidRuntime( 4504): >>>>>> AndroidRuntime START com.android.internal.os.ZygoteInit <<<<<<
D/AndroidRuntime( 4504): CheckJNI is OFF
I/art     ( 4504): option[0]=-Xzygote
I/art     ( 4504): option[1]=-Xstacktracefile:/data/anr/traces.txt
I/art     ( 4504): option[2]=exit
I/art     ( 4504): option[3]=vfprintf
I/art     ( 4504): option[4]=sensitiveThread
I/art     ( 4504): option[5]=-verbose:gc
I/art     ( 4504): option[6]=-Xms16m
I/art     ( 4504): option[7]=-Xmx512m
I/art     ( 4504): option[8]=-XX:mainThreadStackSize=24K
I/art     ( 4504): option[9]=-XX:HeapGrowthLimit=192m
I/art     ( 4504): option[10]=-XX:HeapMinFree=2m
I/art     ( 4504): option[11]=-XX:HeapMaxFree=8m
I/art     ( 4504): option[12]=-XX:HeapTargetUtilization=0.75
I/art     ( 4504): option[13]=-agentlib:jdwp=transport=dt_android_adb,suspend=n,server=y
I/art     ( 4504): option[14]=-Xlockprofthreshold:500
I/art     ( 4504): option[15]=-Ximage-compiler-option
I/art     ( 4504): option[16]=--runtime-arg
I/art     ( 4504): option[17]=-Ximage-compiler-option
I/art     ( 4504): option[18]=-Xms64m
I/art     ( 4504): option[19]=-Ximage-compiler-option
I/art     ( 4504): option[20]=--runtime-arg
I/art     ( 4504): option[21]=-Ximage-compiler-option
I/art     ( 4504): option[22]=-Xmx64m
I/art     ( 4504): option[23]=-Ximage-compiler-option
I/art     ( 4504): option[24]=--image-classes-zip=/system/framework/framework.jar
I/art     ( 4504): option[25]=-Ximage-compiler-option
I/art     ( 4504): option[26]=--image-classes=preloaded-classes
I/art     ( 4504): option[27]=-Xcompiler-option
I/art     ( 4504): option[28]=--runtime-arg
I/art     ( 4504): option[29]=-Xcompiler-option
I/art     ( 4504): option[30]=-Xms64m
I/art     ( 4504): option[31]=-Xcompiler-option
I/art     ( 4504): option[32]=--runtime-arg
I/art     ( 4504): option[33]=-Xcompiler-option
I/art     ( 4504): option[34]=-Xmx512m
I/art     ( 4504): option[35]=-Duser.language=es
I/art     ( 4504): option[36]=-Duser.region=US
E/memtrack( 4504): Couldn't load memtrack module (No such file or directory)
E/android.os.Debug( 4504): failed to load memtrack module: -2
I/SamplingProfilerIntegration( 4504): Profiling disabled.
D/Zygote  ( 4504): begin preload
I/Zygote  ( 4504): Preloading classes...
I/art     ( 4504): Explicit concurrent mark sweep GC freed 994(55KB) AllocSpace objects, 0(0B) LOS objects, 98% free, 70KB/4MB, paused 123us total 3.821ms
I/art     ( 4504): Counter: 1
E/Minikin ( 4504): addFont failed to create font /system/fonts/NotoSansGujarati-Regular.ttf
E/Minikin ( 4504): addFont failed to create font /system/fonts/NotoSansGujarati-Bold.ttf
E/Minikin ( 4504): addFont failed to create font /system/fonts/NotoSansGujaratiUI-Regular.ttf
E/Minikin ( 4504): addFont failed to create font /system/fonts/NotoSansGujaratiUI-Bold.ttf
E/Minikin ( 4504): addFont failed to create font /system/fonts/NotoSansGurmukhi-Regular.ttf
E/Minikin ( 4504): addFont failed to create font /system/fonts/NotoSansGurmukhi-Bold.ttf
E/Minikin ( 4504): addFont failed to create font /system/fonts/NotoSansGurmukhiUI-Regular.ttf
E/Minikin ( 4504): addFont failed to create font /system/fonts/NotoSansGurmukhiUI-Bold.ttf
E/Minikin ( 4504): addFont failed to create font /system/fonts/NotoSansSinhala-Regular.ttf
E/Minikin ( 4504): addFont failed to create font /system/fonts/NotoSansSinhala-Bold.ttf
E/Minikin ( 4504): addFont failed to create font /system/fonts/NotoSansCherokee-Regular.ttf
E/Minikin ( 4504): addFont failed to create font /system/fonts/NotoSansCanadianAboriginal-Regular.ttf
E/Minikin ( 4504): addFont failed to create font /system/fonts/NotoSansYi-Regular.ttf
E/Minikin ( 4504): addFont failed to create font /system/fonts/NotoSansHans-Regular.otf
E/Minikin ( 4504): addFont failed to create font /system/fonts/NotoSansHant-Regular.otf
E/Minikin ( 4504): addFont failed to create font /system/fonts/NotoSansJP-Regular.otf
E/Minikin ( 4504): addFont failed to create font /system/fonts/NotoSansKR-Regular.otf
I/art     ( 4504): Thread[1,tid=4504,WaitingForJniOnLoad,Thread*=0xb5107800,peer=0x12c33140,"main"] recursive attempt to load library "/system/lib/libmedia_jni.so"
D/MtpDeviceJNI( 4504): register_android_mtp_MtpDevice
I/art     ( 4504): Thread[1,tid=4504,WaitingForJniOnLoad,Thread*=0xb5107800,peer=0x12c33140,"main"] recursive attempt to load library "/system/lib/libmedia_jni.so"
I/art     ( 4504): Thread[1,tid=4504,WaitingForJniOnLoad,Thread*=0xb5107800,peer=0x12c33140,"main"] recursive attempt to load library "/system/lib/libmedia_jni.so"
D/wrapperGPS( 3686): wrapperConnect_RILD
I/System  ( 4504): Loaded time zone names for "" in 41ms (36ms in ICU)
I/System  ( 4504): Loaded time zone names for "en_US" in 30ms (24ms in ICU)
I/System  ( 4504): Loaded time zone names for "es_US" in 33ms (27ms in ICU)
I/art     ( 4504): Explicit concurrent mark sweep GC freed 32378(1963KB) AllocSpace objects, 0(0B) LOS objects, 71% free, 1613KB/5MB, paused 161us total 13.757ms
I/Zygote  ( 4504): ...preloaded 3005 classes in 620ms.
I/art     ( 4504): VMRuntime.preloadDexCaches starting
I/art     ( 4504): VMRuntime.preloadDexCaches strings total=217316 before=40338 after=40338
I/art     ( 4504): VMRuntime.preloadDexCaches types total=18704 before=6337 after=6380
I/art     ( 4504): VMRuntime.preloadDexCaches fields total=87408 before=32543 after=32871
I/art     ( 4504): VMRuntime.preloadDexCaches methods total=154031 before=66779 after=67657
I/art     ( 4504): VMRuntime.preloadDexCaches finished
I/art     ( 4504): Counter: 0
I/art     ( 4504): Counter: 1
I/art     ( 4504): Explicit concurrent mark sweep GC freed 175(20KB) AllocSpace objects, 0(0B) LOS objects, 71% free, 1593KB/5MB, paused 288us total 8.536ms
D/idmap   ( 4604): error: no read access to /vendor/overlay: No such file or directory
I/Zygote  ( 4504): Preloading resources...
I/art     ( 4504): Explicit concurrent mark sweep GC freed 4544(159KB) AllocSpace objects, 0(0B) LOS objects, 40% free, 16MB/28MB, paused 236us total 10.326ms
I/Zygote  ( 4504): ...preloaded 430 resources in 396ms.
I/art     ( 4504): Explicit concurrent mark sweep GC freed 560(31KB) AllocSpace objects, 0(0B) LOS objects, 40% free, 16MB/28MB, paused 272us total 9.480ms
I/Zygote  ( 4504): ...preloaded 41 resources in 20ms.
I/art     ( 4504): Counter: 0
D/libEGL  ( 4504): loaded /vendor/lib/egl/libGLES_mali.so
I/Zygote  ( 4504): Preloading shared libraries...
D/Zygote  ( 4504): end preload
I/art     ( 4504): Explicit concurrent mark sweep GC freed 461(21KB) AllocSpace objects, 0(0B) LOS objects, 40% free, 16MB/28MB, paused 218us total 9.137ms
I/art     ( 4504): Explicit concurrent mark sweep GC freed 41(1568B) AllocSpace objects, 0(0B) LOS objects, 40% free, 16MB/28MB, paused 206us total 8.715ms
I/art     ( 4504): Explicit concurrent mark sweep GC freed 5(160B) AllocSpace objects, 0(0B) LOS objects, 40% free, 16MB/28MB, paused 214us total 8.608ms
I/Zygote  ( 4504): System server process 4662 has been created
I/Zygote  ( 4504): Accepting command socket connections
I/InstallerConnection( 4662): disconnecting...
D/wrapperGPS( 3686): wrapperConnect_RILD
I/SystemServer( 4662): Entered the Android system server!
V/Fingerprint-JNI( 4662): FingerprintManager JNI ready.
I/        ( 4662): System server: starting sensor init.
D/SensorService( 4662): nuSensorService starting...
E/Sensors ( 4662): GeoMagneticSensor, ERROR dev_num = -19
I/SystemServiceManager( 4662): Starting com.android.server.pm.Installer
I/Installer( 4662): Waiting for installd to be ready.
I/InstallerConnection( 4662): connecting...
I/installd( 3684): new connection
I/SystemServiceManager( 4662): Starting com.android.server.am.ActivityManagerService$Lifecycle
E/Sensors ( 4662): UncalMagneticSensor, ERROR dev_num = -19
E/Sensors ( 4662): UncalGyroSensor, ERROR dev_num = -19
E/Sensors ( 4662): GameRotationVector, ERROR dev_num = -19
D/Sensors ( 4662): HrmSpO2Sensor::HrmSpO2Sensor: Shared version Registered 
E/SensorService( 4662): >>>> WARNING <<< Upgrade sensor HAL to version 1_3
I/Sensors ( 4662): HrmSpO2Sensor::enable, handle(16), en(0), what(1/0:aosphrm,1:sshrm, old enabled : 0)
I/Sensors ( 4662): HrmSpO2Sensor is already disabled or have to keep enabled, mEnabled : 0x0, en : 0
I/Sensors ( 4662): HrmSpO2Sensor::enable, handle(17), en(0), what(0/0:aosphrm,1:sshrm, old enabled : 0)
I/Sensors ( 4662): HrmSpO2Sensor is already disabled or have to keep enabled, mEnabled : 0x0, en : 0
I/Sensors ( 4662): HrmSpO2Sensor::enable, handle(18), en(0), what(2/0:aosphrm,1:sshrm, old enabled : 0)
I/Sensors ( 4662): HrmSpO2Sensor is already disabled or have to keep enabled, mEnabled : 0x0, en : 0
I/        ( 4662): System server: sensor init done.
D/SensorService( 4662): nuSensorService thread starting...
D/SensorService( 4662): new thread SensorEventAckReceiver
I/ActivityManager( 4662): Memory class: 192
I/ServiceThread( 4662): Enabled StrictMode logging for ActivityManager looper.
W/ProcessCpuTracker( 4662): Skipping unknown process pid 4708
I/IntentFirewall( 4662): Read new rules (A:0 B:0 S:0)
I/ServiceThread( 4662): Enabled StrictMode logging for android.ui looper.
I/ServiceThread( 4662): Enabled StrictMode logging for android.display looper.
D/AppOps  ( 4662): AppOpsService published
I/SystemServiceManager( 4662): Starting com.android.server.power.PowerManagerService
I/ServiceThread( 4662): Enabled StrictMode logging for PowerManagerService looper.
E/SEC PowerHAL( 4662): sysfs_write : Error opening /sys/devices/system/cpu/cpu0/cpufreq/interactive/multi_enter_load: Permission denied
E/SEC PowerHAL( 4662): sysfs_write : Error opening /sys/devices/system/cpu/cpu0/cpufreq/interactive/single_enter_load: Permission denied
E/SEC PowerHAL( 4662): sysfs_write : Error opening /sys/devices/system/cpu/cpu0/cpufreq/interactive/param_index: Permission denied
E/SEC PowerHAL( 4662): sysfs_write : Error opening /sys/devices/system/cpu/cpu0/cpufreq/interactive/timer_rate: Permission denied
E/SEC PowerHAL( 4662): sysfs_write : Error opening /sys/devices/system/cpu/cpu0/cpufreq/interactive/timer_slack: Permission denied
E/SEC PowerHAL( 4662): sysfs_write : Error opening /sys/devices/system/cpu/cpu0/cpufreq/interactive/min_sample_time: Permission denied
E/SEC PowerHAL( 4662): sysfs_write : Error opening /sys/devices/system/cpu/cpu0/cpufreq/interactive/hispeed_freq: Permission denied
E/SEC PowerHAL( 4662): sysfs_write : Error opening /sys/devices/system/cpu/cpu0/cpufreq/interactive/go_hispeed_load: Permission denied
E/SEC PowerHAL( 4662): sysfs_write : Error opening /sys/devices/system/cpu/cpu0/cpufreq/interactive/target_loads: Permission denied
E/SEC PowerHAL( 4662): sysfs_write : Error opening /sys/devices/system/cpu/cpu0/cpufreq/interactive/above_hispeed_delay: Permission denied
E/SEC PowerHAL( 4662): sysfs_write : Error opening /sys/devices/system/cpu/cpu0/cpufreq/interactive/boostpulse_duration: Permission denied
E/SEC PowerHAL( 4662): sysfs_write : Error opening /sys/devices/system/cpu/cpu4/cpufreq/interactive/multi_enter_load: Permission denied
E/SEC PowerHAL( 4662): sysfs_write : Error opening /sys/devices/system/cpu/cpu4/cpufreq/interactive/multi_enter_time: Permission denied
E/SEC PowerHAL( 4662): sysfs_write : Error opening /sys/devices/system/cpu/cpu4/cpufreq/interactive/multi_exit_load: Permission denied
E/SEC PowerHAL( 4662): sysfs_write : Error opening /sys/devices/system/cpu/cpu4/cpufreq/interactive/multi_exit_time: Permission denied
E/SEC PowerHAL( 4662): sysfs_write : Error opening /sys/devices/system/cpu/cpu4/cpufreq/interactive/single_enter_load: Permission denied
E/SEC PowerHAL( 4662): sysfs_write : Error opening /sys/devices/system/cpu/cpu4/cpufreq/interactive/single_enter_time: Permission denied
E/SEC PowerHAL( 4662): sysfs_write : Error opening /sys/devices/system/cpu/cpu4/cpufreq/interactive/single_exit_load: Permission denied
E/SEC PowerHAL( 4662): sysfs_write : Error opening /sys/devices/system/cpu/cpu4/cpufreq/interactive/single_exit_time: Permission denied
E/SEC PowerHAL( 4662): sysfs_write : Error opening /sys/devices/system/cpu/cpu4/cpufreq/interactive/param_index: Permission denied
E/SEC PowerHAL( 4662): sysfs_write : Error opening /sys/devices/system/cpu/cpu4/cpufreq/interactive/timer_rate: Permission denied
E/SEC PowerHAL( 4662): sysfs_write : Error opening /sys/devices/system/cpu/cpu4/cpufreq/interactive/timer_slack: Permission denied
E/SEC PowerHAL( 4662): sysfs_write : Error opening /sys/devices/system/cpu/cpu4/cpufreq/interactive/min_sample_time: Permission denied
E/SEC PowerHAL( 4662): sysfs_write : Error opening /sys/devices/system/cpu/cpu4/cpufreq/interactive/hispeed_freq: Permission denied
E/SEC PowerHAL( 4662): sysfs_write : Error opening /sys/devices/system/cpu/cpu4/cpufreq/interactive/go_hispeed_load: Permission denied
E/SEC PowerHAL( 4662): sysfs_write : Error opening /sys/devices/system/cpu/cpu4/cpufreq/interactive/target_loads: Permission denied
E/SEC PowerHAL( 4662): sysfs_write : Error opening /sys/devices/system/cpu/cpu4/cpufreq/interactive/above_hispeed_delay: Permission denied
E/SEC PowerHAL( 4662): sysfs_write : Error opening /sys/devices/system/cpu/cpu4/cpufreq/interactive/boostpulse_duration: Permission denied
E/SEC PowerHAL( 4662): sysfs_write : Error opening /sys/devices/system/cpu/cpu4/cpufreq/interactive/param_index: Permission denied
E/SEC PowerHAL( 4662): sysfs_write : Error opening /sys/devices/system/cpu/cpu4/cpufreq/interactive/timer_rate: Permission denied
E/SEC PowerHAL( 4662): sysfs_write : Error opening /sys/devices/system/cpu/cpu4/cpufreq/interactive/min_sample_time: Permission denied
E/SEC PowerHAL( 4662): sysfs_write : Error opening /sys/devices/system/cpu/cpu4/cpufreq/interactive/hispeed_freq: Permission denied
E/SEC PowerHAL( 4662): sysfs_write : Error opening /sys/devices/system/cpu/cpu4/cpufreq/interactive/go_hispeed_load: Permission denied
E/SEC PowerHAL( 4662): sysfs_write : Error opening /sys/devices/system/cpu/cpu4/cpufreq/interactive/target_loads: Permission denied
E/SEC PowerHAL( 4662): sysfs_write : Error opening /sys/devices/system/cpu/cpu4/cpufreq/interactive/above_hispeed_delay: Permission denied
E/SEC PowerHAL( 4662): sysfs_write : Error opening /sys/devices/system/cpu/cpu4/cpufreq/interactive/param_index: Permission denied
E/SEC PowerHAL( 4662): sysfs_write : Error opening /sys/devices/system/cpu/cpu4/cpufreq/interactive/timer_rate: Permission denied
E/SEC PowerHAL( 4662): sysfs_write : Error opening /sys/devices/system/cpu/cpu4/cpufreq/interactive/min_sample_time: Permission denied
E/SEC PowerHAL( 4662): sysfs_write : Error opening /sys/devices/system/cpu/cpu4/cpufreq/interactive/hispeed_freq: Permission denied
E/SEC PowerHAL( 4662): sysfs_write : Error opening /sys/devices/system/cpu/cpu4/cpufreq/interactive/go_hispeed_load: Permission denied
E/SEC PowerHAL( 4662): sysfs_write : Error opening /sys/devices/system/cpu/cpu4/cpufreq/interactive/target_loads: Permission denied
E/SEC PowerHAL( 4662): sysfs_write : Error opening /sys/devices/system/cpu/cpu4/cpufreq/interactive/above_hispeed_delay: Permission denied
E/SEC PowerHAL( 4662): sysfs_write : Error opening /sys/devices/system/cpu/cpu4/cpufreq/interactive/param_index: Permission denied
E/SEC PowerHAL( 4662): sysfs_write : Error opening /sys/devices/system/cpu/cpu4/cpufreq/interactive/timer_rate: Permission denied
E/SEC PowerHAL( 4662): sysfs_write : Error opening /sys/devices/system/cpu/cpu4/cpufreq/interactive/min_sample_time: Permission denied
E/SEC PowerHAL( 4662): sysfs_write : Error opening /sys/devices/system/cpu/cpu4/cpufreq/interactive/hispeed_freq: Permission denied
E/SEC PowerHAL( 4662): sysfs_write : Error opening /sys/devices/system/cpu/cpu4/cpufreq/interactive/go_hispeed_load: Permission denied
E/SEC PowerHAL( 4662): sysfs_write : Error opening /sys/devices/system/cpu/cpu4/cpufreq/interactive/target_loads: Permission denied
E/SEC PowerHAL( 4662): sysfs_write : Error opening /sys/devices/system/cpu/cpu4/cpufreq/interactive/above_hispeed_delay: Permission denied
E/SEC PowerHAL( 4662): sysfs_write : Error opening /sys/devices/system/cpu/cpu4/cpufreq/interactive/param_index: Permission denied
W/libsuspend( 4662): Error writing 'on' to /sys/power/state: Invalid argument
I/libsuspend( 4662): Selected wakeup count
I/SystemServiceManager( 4662): Starting com.android.server.display.DisplayManagerService
I/SystemServiceManager( 4662): Starting phase 100
I/DisplayManagerService( 4662): Display device added: DisplayDeviceInfo{"Pantalla integrada": 1080 x 1920, 60.000004 fps, supportedRefreshRates [60.000004], density 480, 422.03 x 424.069 dpi, appVsyncOff 0, presDeadline 17666666, touch INTERNAL, rotation 0, type BUILT_IN, state UNKNOWN, FLAG_DEFAULT_DISPLAY, FLAG_ROTATES_WITH_CONTENT, FLAG_SECURE, FLAG_SUPPORTS_PROTECTED_BUFFERS}
I/SystemServer( 4662): Package Manager
W/SELinuxMMAC( 4662): Error opening /data/system/seapp_hash. Assuming first boot.
W/PackageManager( 4662): No security bridge jar found, using default
W/SystemConfig( 4662): No directory /system/etc/sysconfig, skipping
V/NatController( 4505): runCmd(/system/bin/iptables -F natctrl_FORWARD) res=0
V/NatController( 4505): runCmd(/system/bin/iptables -A natctrl_FORWARD -j DROP) res=0
V/NatController( 4505): runCmd(/system/bin/iptables -t nat -F natctrl_nat_POSTROUTING) res=0
V/NatController( 4505): runCmd(/system/bin/iptables -t nat -F natctrl_nat_PREROUTING) res=0
V/NatController( 4505): runCmd(/system/bin/iptables -F natctrl_tether_counters) res=0
D/SELinuxMMAC( 4662): Using policy file /system/etc/security/mac_permissions.xml
V/NatController( 4505): runCmd(/system/bin/iptables -X natctrl_tether_counters) res=0
V/NatController( 4505): runCmd(/system/bin/iptables -N natctrl_tether_counters) res=0
V/NatController( 4505): runCmd(/system/bin/iptables -t mangle -A natctrl_mangle_FORWARD -p tcp --tcp-flags SYN SYN -j TCPMSS --clamp-mss-to-pmtu) res=0
E/art     ( 4662): DexFile_isDexOptNeeded file '/system/framework/com.android.nfc_extras.jar' does not exist
W/PackageManager( 4662): Library not found: /system/framework/com.android.nfc_extras.jar
E/SQLiteLog( 4662): (14) cannot open file at line 30046 of [9491ba7d73]
E/SQLiteLog( 4662): (14) os_unix.c:30046: (2) open(/data/data/com.android.providers.settings/databases/settings.db) - 
E/SQLiteDatabase( 4662): Failed to open database '/data/data/com.android.providers.settings/databases/settings.db'.
E/SQLiteDatabase( 4662): android.database.sqlite.SQLiteCantOpenDatabaseException: unknown error (code 14): Could not open database
E/SQLiteDatabase( 4662): 	at android.database.sqlite.SQLiteConnection.nativeOpen(Native Method)
E/SQLiteDatabase( 4662): 	at android.database.sqlite.SQLiteConnection.open(SQLiteConnection.java:209)
E/SQLiteDatabase( 4662): 	at android.database.sqlite.SQLiteConnection.open(SQLiteConnection.java:193)
E/SQLiteDatabase( 4662): 	at android.database.sqlite.SQLiteConnectionPool.openConnectionLocked(SQLiteConnectionPool.java:463)
E/SQLiteDatabase( 4662): 	at android.database.sqlite.SQLiteConnectionPool.open(SQLiteConnectionPool.java:185)
E/SQLiteDatabase( 4662): 	at android.database.sqlite.SQLiteConnectionPool.open(SQLiteConnectionPool.java:177)
E/SQLiteDatabase( 4662): 	at android.database.sqlite.SQLiteDatabase.openInner(SQLiteDatabase.java:806)
E/SQLiteDatabase( 4662): 	at android.database.sqlite.SQLiteDatabase.open(SQLiteDatabase.java:791)
E/SQLiteDatabase( 4662): 	at android.database.sqlite.SQLiteDatabase.openDatabase(SQLiteDatabase.java:694)
E/SQLiteDatabase( 4662): 	at android.database.sqlite.SQLiteDatabase.openDatabase(SQLiteDatabase.java:669)
E/SQLiteDatabase( 4662): 	at android.content.pm.ThemeUtils.getBootThemeDirty(ThemeUtils.java:697)
E/SQLiteDatabase( 4662): 	at com.android.server.pm.PackageManagerService.<init>(PackageManagerService.java:1654)
E/SQLiteDatabase( 4662): 	at com.android.server.pm.PackageManagerService.main(PackageManagerService.java:1352)
E/SQLiteDatabase( 4662): 	at com.android.server.SystemServer.startBootstrapServices(SystemServer.java:376)
E/SQLiteDatabase( 4662): 	at com.android.server.SystemServer.run(SystemServer.java:282)
E/SQLiteDatabase( 4662): 	at com.android.server.SystemServer.main(SystemServer.java:185)
E/SQLiteDatabase( 4662): 	at java.lang.reflect.Method.invoke(Native Method)
E/SQLiteDatabase( 4662): 	at java.lang.reflect.Method.invoke(Method.java:372)
E/SQLiteDatabase( 4662): 	at com.android.internal.os.ZygoteInit$MethodAndArgsCaller.run(ZygoteInit.java:898)
E/SQLiteDatabase( 4662): 	at com.android.internal.os.ZygoteInit.main(ZygoteInit.java:693)
W/ThemeUtils( 4662): Unable to open /data/data/com.android.providers.settings/databases/settings.db
W/ThemeUtils( 4662): android.database.sqlite.SQLiteCantOpenDatabaseException: unknown error (code 14): Could not open database
W/ThemeUtils( 4662): 	at android.database.sqlite.SQLiteConnection.nativeOpen(Native Method)
W/ThemeUtils( 4662): 	at android.database.sqlite.SQLiteConnection.open(SQLiteConnection.java:209)
W/ThemeUtils( 4662): 	at android.database.sqlite.SQLiteConnection.open(SQLiteConnection.java:193)
W/ThemeUtils( 4662): 	at android.database.sqlite.SQLiteConnectionPool.openConnectionLocked(SQLiteConnectionPool.java:463)
W/ThemeUtils( 4662): 	at android.database.sqlite.SQLiteConnectionPool.open(SQLiteConnectionPool.java:185)
W/ThemeUtils( 4662): 	at android.database.sqlite.SQLiteConnectionPool.open(SQLiteConnectionPool.java:177)
W/ThemeUtils( 4662): 	at android.database.sqlite.SQLiteDatabase.openInner(SQLiteDatabase.java:806)
W/ThemeUtils( 4662): 	at android.database.sqlite.SQLiteDatabase.open(SQLiteDatabase.java:791)
W/ThemeUtils( 4662): 	at android.database.sqlite.SQLiteDatabase.openDatabase(SQLiteDatabase.java:694)
W/ThemeUtils( 4662): 	at android.database.sqlite.SQLiteDatabase.openDatabase(SQLiteDatabase.java:669)
W/ThemeUtils( 4662): 	at android.content.pm.ThemeUtils.getBootThemeDirty(ThemeUtils.java:697)
W/ThemeUtils( 4662): 	at com.android.server.pm.PackageManagerService.<init>(PackageManagerService.java:1654)
W/ThemeUtils( 4662): 	at com.android.server.pm.PackageManagerService.main(PackageManagerService.java:1352)
W/ThemeUtils( 4662): 	at com.android.server.SystemServer.startBootstrapServices(SystemServer.java:376)
W/ThemeUtils( 4662): 	at com.android.server.SystemServer.run(SystemServer.java:282)
W/ThemeUtils( 4662): 	at com.android.server.SystemServer.main(SystemServer.java:185)
W/ThemeUtils( 4662): 	at java.lang.reflect.Method.invoke(Native Method)
W/ThemeUtils( 4662): 	at java.lang.reflect.Method.invoke(Method.java:372)
W/ThemeUtils( 4662): 	at com.android.internal.os.ZygoteInit$MethodAndArgsCaller.run(ZygoteInit.java:898)
W/ThemeUtils( 4662): 	at com.android.internal.os.ZygoteInit.main(ZygoteInit.java:693)
D/PackageManager( 4662): No files in app dir /vendor/overlay
W/PackageManager( 4662): Failed to parse /system/framework/arm: Missing base APK in /system/framework/arm
I/PackageManager( 4662): /system/framework/framework-res.apk changed; collecting certs
I/iptables( 4505): iptables: Chain already exists.
I/iptables( 4505): iptables terminated by exit(1)
E/BandwidthController( 4505): runIptablesCmd(): res=1 status=256 failed /system/bin/iptables -N bw_VIDEOCALL
I/ip6tables( 4505): ip6tables: Chain already exists.
I/ip6tables( 4505): ip6tables terminated by exit(1)
E/BandwidthController( 4505): runIptablesCmd(): res=1 status=256 failed /system/bin/ip6tables -N bw_VIDEOCALL
I/PackageManager( 4662): SELinux relabeling of org.cyanogenmod.audiofx issued.
I/art     ( 4662): DexFile_isDexOptNeeded failed to open oat file '/data/dalvik-cache/arm/system@priv-app@AudioFX@AudioFX.apk@classes.dex' for file location '/system/priv-app/AudioFX/AudioFX.apk': Failed to open oat filename for reading: No such file or directory
I/art     ( 4662): DexFile_isDexOptNeeded file /system/priv-app/AudioFX/arm/AudioFX.odex needs to be relocated for /system/priv-app/AudioFX/AudioFX.apk
I/PackageManager( 4662): SELinux relabeling of com.android.backupconfirm issued.
I/art     ( 4662): DexFile_isDexOptNeeded failed to open oat file '/data/dalvik-cache/arm/system@priv-app@BackupRestoreConfirmation@BackupRestoreConfirmation.apk@classes.dex' for file location '/system/priv-app/BackupRestoreConfirmation/BackupRestoreConfirmation.apk': Failed to open oat filename for reading: No such file or directory
I/art     ( 4662): DexFile_isDexOptNeeded file /system/priv-app/BackupRestoreConfirmation/arm/BackupRestoreConfirmation.odex needs to be relocated for /system/priv-app/BackupRestoreConfirmation/BackupRestoreConfirmation.apk
I/PackageManager( 4662): SELinux relabeling of com.cyanogenmod.account issued.
I/art     ( 4662): DexFile_isDexOptNeeded failed to open oat file '/data/dalvik-cache/arm/system@priv-app@CMAccount@CMAccount.apk@classes.dex' for file location '/system/priv-app/CMAccount/CMAccount.apk': Failed to open oat filename for reading: No such file or directory
I/art     ( 4662): DexFile_isDexOptNeeded file /system/priv-app/CMAccount/arm/CMAccount.odex needs to be relocated for /system/priv-app/CMAccount/CMAccount.apk
I/PackageManager( 4662): SELinux relabeling of com.cyanogenmod.updater issued.
I/art     ( 4662): DexFile_isDexOptNeeded failed to open oat file '/data/dalvik-cache/arm/system@priv-app@CMUpdater@CMUpdater.apk@classes.dex' for file location '/system/priv-app/CMUpdater/CMUpdater.apk': Failed to open oat filename for reading: No such file or directory
I/art     ( 4662): DexFile_isDexOptNeeded file /system/priv-app/CMUpdater/arm/CMUpdater.odex needs to be relocated for /system/priv-app/CMUpdater/CMUpdater.apk
I/PackageManager( 4662): /system/priv-app/CalendarProvider changed; collecting certs
I/PackageManager( 4662): New shared user android.uid.calendar: id=10000
I/art     ( 4662): DexFile_isDexOptNeeded failed to open oat file '/data/dalvik-cache/arm/system@priv-app@CalendarProvider@CalendarProvider.apk@classes.dex' for file location '/system/priv-app/CalendarProvider/CalendarProvider.apk': Failed to open oat filename for reading: No such file or directory
I/art     ( 4662): DexFile_isDexOptNeeded file /system/priv-app/CalendarProvider/arm/CalendarProvider.odex needs to be relocated for /system/priv-app/CalendarProvider/CalendarProvider.apk
I/PackageManager( 4662): SELinux relabeling of com.android.cellbroadcastreceiver issued.
I/art     ( 4662): DexFile_isDexOptNeeded failed to open oat file '/data/dalvik-cache/arm/system@priv-app@CellBroadcastReceiver@CellBroadcastReceiver.apk@classes.dex' for file location '/system/priv-app/CellBroadcastReceiver/CellBroadcastReceiver.apk': Failed to open oat filename for reading: No such file or directory
I/art     ( 4662): DexFile_isDexOptNeeded file /system/priv-app/CellBroadcastReceiver/arm/CellBroadcastReceiver.odex needs to be relocated for /system/priv-app/CellBroadcastReceiver/CellBroadcastReceiver.apk
D/wrapperGPS( 3686): wrapperConnect_RILD
W/ResourceType( 4662): Failure getting entry for 0x7f0b023e (t=10 e=574) (error -75)
W/PackageParser( 4662): No actions in intent filter at /system/priv-app/Contacts/Contacts.apk Binary XML file line #362
I/PackageManager( 4662): /system/priv-app/Contacts changed; collecting certs
I/PackageManager( 4662): New shared user android.uid.shared: id=10002
I/art     ( 4662): DexFile_isDexOptNeeded failed to open oat file '/data/dalvik-cache/arm/system@priv-app@Contacts@Contacts.apk@classes.dex' for file location '/system/priv-app/Contacts/Contacts.apk': Failed to open oat filename for reading: No such file or directory
D/MDnsDS  ( 4505): MDnsSdListener::Hander starting up
D/MDnsDS  ( 4505): MDnsSdListener starting to monitor
D/MDnsDS  ( 4505): Going to poll with pollCount 1
I/art     ( 4662): DexFile_isDexOptNeeded file /system/priv-app/Contacts/arm/Contacts.odex needs to be relocated for /system/priv-app/Contacts/Contacts.apk
I/PackageManager( 4662): /system/priv-app/ContactsProvider changed; collecting certs
I/art     ( 4662): DexFile_isDexOptNeeded failed to open oat file '/data/dalvik-cache/arm/system@priv-app@ContactsProvider@ContactsProvider.apk@classes.dex' for file location '/system/priv-app/ContactsProvider/ContactsProvider.apk': Failed to open oat filename for reading: No such file or directory
I/art     ( 4662): DexFile_isDexOptNeeded file /system/priv-app/ContactsProvider/arm/ContactsProvider.odex needs to be relocated for /system/priv-app/ContactsProvider/ContactsProvider.apk
I/PackageManager( 4662): /system/priv-app/CyanogenSetupWizard changed; collecting certs
I/art     ( 4662): DexFile_isDexOptNeeded failed to open oat file '/data/dalvik-cache/arm/system@priv-app@CyanogenSetupWizard@CyanogenSetupWizard.apk@classes.dex' for file location '/system/priv-app/CyanogenSetupWizard/CyanogenSetupWizard.apk': Failed to open oat filename for reading: No such file or directory
I/art     ( 4662): DexFile_isDexOptNeeded file /system/priv-app/CyanogenSetupWizard/arm/CyanogenSetupWizard.odex needs to be relocated for /system/priv-app/CyanogenSetupWizard/CyanogenSetupWizard.apk
W/PackageManager( 4662): New decl Package{288359d7 com.cyanogenmod.setupwizard} of permission  org.whispersystems.whisperpush.permissions.REGISTER is system; overriding org.whispersystems.whisperpush
I/PackageManager( 4662): SELinux relabeling of com.android.defcontainer issued.
I/art     ( 4662): DexFile_isDexOptNeeded failed to open oat file '/data/dalvik-cache/arm/system@priv-app@DefaultContainerService@DefaultContainerService.apk@classes.dex' for file location '/system/priv-app/DefaultContainerService/DefaultContainerService.apk': Failed to open oat filename for reading: No such file or directory
I/art     ( 4662): DexFile_isDexOptNeeded file /system/priv-app/DefaultContainerService/arm/DefaultContainerService.odex needs to be relocated for /system/priv-app/DefaultContainerService/DefaultContainerService.apk
W/PackageParser( 4662): No actions in intent filter at /system/priv-app/Dialer/Dialer.apk Binary XML file line #185
I/PackageManager( 4662): SELinux relabeling of com.android.dialer issued.
I/art     ( 4662): DexFile_isDexOptNeeded failed to open oat file '/data/dalvik-cache/arm/system@priv-app@Dialer@Dialer.apk@classes.dex' for file location '/system/priv-app/Dialer/Dialer.apk': Failed to open oat filename for reading: No such file or directory
I/art     ( 4662): DexFile_isDexOptNeeded file /system/priv-app/Dialer/arm/Dialer.odex needs to be relocated for /system/priv-app/Dialer/Dialer.apk
I/PackageManager( 4662): /system/priv-app/DownloadProvider changed; collecting certs
I/PackageManager( 4662): New shared user android.media: id=10003
I/art     ( 4662): DexFile_isDexOptNeeded failed to open oat file '/data/dalvik-cache/arm/system@priv-app@DownloadProvider@DownloadProvider.apk@classes.dex' for file location '/system/priv-app/DownloadProvider/DownloadProvider.apk': Failed to open oat filename for reading: No such file or directory
I/art     ( 4662): DexFile_isDexOptNeeded file /system/priv-app/DownloadProvider/arm/DownloadProvider.odex needs to be relocated for /system/priv-app/DownloadProvider/DownloadProvider.apk
I/PackageManager( 4662): SELinux relabeling of com.android.externalstorage issued.
I/art     ( 4662): DexFile_isDexOptNeeded failed to open oat file '/data/dalvik-cache/arm/system@priv-app@ExternalStorageProvider@ExternalStorageProvider.apk@classes.dex' for file location '/system/priv-app/ExternalStorageProvider/ExternalStorageProvider.apk': Failed to open oat filename for reading: No such file or directory
I/art     ( 4662): DexFile_isDexOptNeeded file /system/priv-app/ExternalStorageProvider/arm/ExternalStorageProvider.odex needs to be relocated for /system/priv-app/ExternalStorageProvider/ExternalStorageProvider.apk
I/PackageManager( 4662): /system/priv-app/FusedLocation changed; collecting certs
I/art     ( 4662): DexFile_isDexOptNeeded failed to open oat file '/data/dalvik-cache/arm/system@priv-app@FusedLocation@FusedLocation.apk@classes.dex' for file location '/system/priv-app/FusedLocation/FusedLocation.apk': Failed to open oat filename for reading: No such file or directory
I/art     ( 4662): DexFile_isDexOptNeeded file /system/priv-app/FusedLocation/arm/FusedLocation.odex needs to be relocated for /system/priv-app/FusedLocation/FusedLocation.apk
I/PackageManager( 4662): /system/priv-app/InputDevices changed; collecting certs
I/art     ( 4662): DexFile_isDexOptNeeded failed to open oat file '/data/dalvik-cache/arm/system@priv-app@InputDevices@InputDevices.apk@classes.dex' for file location '/system/priv-app/InputDevices/InputDevices.apk': Failed to open oat filename for reading: No such file or directory
I/art     ( 4662): DexFile_isDexOptNeeded file /system/priv-app/InputDevices/arm/InputDevices.odex needs to be relocated for /system/priv-app/InputDevices/InputDevices.apk
I/PackageManager( 4662): SELinux relabeling of com.android.managedprovisioning issued.
I/art     ( 4662): DexFile_isDexOptNeeded failed to open oat file '/data/dalvik-cache/arm/system@priv-app@ManagedProvisioning@ManagedProvisioning.apk@classes.dex' for file location '/system/priv-app/ManagedProvisioning/ManagedProvisioning.apk': Failed to open oat filename for reading: No such file or directory
I/art     ( 4662): DexFile_isDexOptNeeded file /system/priv-app/ManagedProvisioning/arm/ManagedProvisioning.odex needs to be relocated for /system/priv-app/ManagedProvisioning/ManagedProvisioning.apk
I/PackageManager( 4662): /system/priv-app/MediaProvider changed; collecting certs
I/art     ( 4662): DexFile_isDexOptNeeded failed to open oat file '/data/dalvik-cache/arm/system@priv-app@MediaProvider@MediaProvider.apk@classes.dex' for file location '/system/priv-app/MediaProvider/MediaProvider.apk': Failed to open oat filename for reading: No such file or directory
I/art     ( 4662): DexFile_isDexOptNeeded file /system/priv-app/MediaProvider/arm/MediaProvider.odex needs to be relocated for /system/priv-app/MediaProvider/MediaProvider.apk
I/PackageManager( 4662): SELinux relabeling of com.android.mms issued.
I/art     ( 4662): DexFile_isDexOptNeeded failed to open oat file '/data/dalvik-cache/arm/system@priv-app@Mms@Mms.apk@classes.dex' for file location '/system/priv-app/Mms/Mms.apk': Failed to open oat filename for reading: No such file or directory
I/art     ( 4662): DexFile_isDexOptNeeded file /system/priv-app/Mms/arm/Mms.odex needs to be relocated for /system/priv-app/Mms/Mms.apk
I/PackageManager( 4662): /system/priv-app/MmsService changed; collecting certs
I/art     ( 4662): DexFile_isDexOptNeeded failed to open oat file '/data/dalvik-cache/arm/system@priv-app@MmsService@MmsService.apk@classes.dex' for file location '/system/priv-app/MmsService/MmsService.apk': Failed to open oat filename for reading: No such file or directory
I/art     ( 4662): DexFile_isDexOptNeeded file /system/priv-app/MmsService/arm/MmsService.odex needs to be relocated for /system/priv-app/MmsService/MmsService.apk
I/PackageManager( 4662): SELinux relabeling of com.android.onetimeinitializer issued.
I/art     ( 4662): DexFile_isDexOptNeeded failed to open oat file '/data/dalvik-cache/arm/system@priv-app@OneTimeInitializer@OneTimeInitializer.apk@classes.dex' for file location '/system/priv-app/OneTimeInitializer/OneTimeInitializer.apk': Failed to open oat filename for reading: No such file or directory
I/art     ( 4662): DexFile_isDexOptNeeded file /system/priv-app/OneTimeInitializer/arm/OneTimeInitializer.odex needs to be relocated for /system/priv-app/OneTimeInitializer/OneTimeInitializer.apk
I/PackageManager( 4662): SELinux relabeling of com.android.proxyhandler issued.
I/art     ( 4662): DexFile_isDexOptNeeded failed to open oat file '/data/dalvik-cache/arm/system@priv-app@ProxyHandler@ProxyHandler.apk@classes.dex' for file location '/system/priv-app/ProxyHandler/ProxyHandler.apk': Failed to open oat filename for reading: No such file or directory
I/art     ( 4662): DexFile_isDexOptNeeded file /system/priv-app/ProxyHandler/arm/ProxyHandler.odex needs to be relocated for /system/priv-app/ProxyHandler/ProxyHandler.apk
I/PackageManager( 4662): /system/priv-app/Settings changed; collecting certs
I/art     ( 4662): DexFile_isDexOptNeeded failed to open oat file '/data/dalvik-cache/arm/system@priv-app@Settings@Settings.apk@classes.dex' for file location '/system/priv-app/Settings/Settings.apk': Failed to open oat filename for reading: No such file or directory
I/art     ( 4662): DexFile_isDexOptNeeded file /system/priv-app/Settings/arm/Settings.odex needs to be relocated for /system/priv-app/Settings/Settings.apk
I/PackageManager( 4662): /system/priv-app/SettingsProvider changed; collecting certs
I/art     ( 4662): DexFile_isDexOptNeeded failed to open oat file '/data/dalvik-cache/arm/system@priv-app@SettingsProvider@SettingsProvider.apk@classes.dex' for file location '/system/priv-app/SettingsProvider/SettingsProvider.apk': Failed to open oat filename for reading: No such file or directory
I/art     ( 4662): DexFile_isDexOptNeeded file /system/priv-app/SettingsProvider/arm/SettingsProvider.odex needs to be relocated for /system/priv-app/SettingsProvider/SettingsProvider.apk
I/PackageManager( 4662): SELinux relabeling of com.android.sharedstoragebackup issued.
I/art     ( 4662): DexFile_isDexOptNeeded failed to open oat file '/data/dalvik-cache/arm/system@priv-app@SharedStorageBackup@SharedStorageBackup.apk@classes.dex' for file location '/system/priv-app/SharedStorageBackup/SharedStorageBackup.apk': Failed to open oat filename for reading: No such file or directory
I/art     ( 4662): DexFile_isDexOptNeeded file /system/priv-app/SharedStorageBackup/arm/SharedStorageBackup.odex needs to be relocated for /system/priv-app/SharedStorageBackup/SharedStorageBackup.apk
I/PackageManager( 4662): /system/priv-app/Shell changed; collecting certs
I/art     ( 4662): DexFile_isDexOptNeeded failed to open oat file '/data/dalvik-cache/arm/system@priv-app@Shell@Shell.apk@classes.dex' for file location '/system/priv-app/Shell/Shell.apk': Failed to open oat filename for reading: No such file or directory
I/art     ( 4662): DexFile_isDexOptNeeded file /system/priv-app/Shell/arm/Shell.odex needs to be relocated for /system/priv-app/Shell/Shell.apk
I/PackageManager( 4662): /system/priv-app/SystemUI changed; collecting certs
I/PackageManager( 4662): New shared user android.uid.systemui: id=10004
I/art     ( 4662): DexFile_isDexOptNeeded failed to open oat file '/data/dalvik-cache/arm/system@priv-app@SystemUI@SystemUI.apk@classes.dex' for file location '/system/priv-app/SystemUI/SystemUI.apk': Failed to open oat filename for reading: No such file or directory
I/art     ( 4662): DexFile_isDexOptNeeded file /system/priv-app/SystemUI/arm/SystemUI.odex needs to be relocated for /system/priv-app/SystemUI/SystemUI.apk
D/wrapperGPS( 3686): wrapperConnect_RILD
I/PackageManager( 4662): /system/priv-app/TeleService changed; collecting certs
I/art     ( 4662): DexFile_isDexOptNeeded failed to open oat file '/data/dalvik-cache/arm/system@priv-app@TeleService@TeleService.apk@classes.dex' for file location '/system/priv-app/TeleService/TeleService.apk': Failed to open oat filename for reading: No such file or directory
I/art     ( 4662): DexFile_isDexOptNeeded file /system/priv-app/TeleService/arm/TeleService.odex needs to be relocated for /system/priv-app/TeleService/TeleService.apk
I/PackageManager( 4662): /system/priv-app/Telecom changed; collecting certs
I/art     ( 4662): DexFile_isDexOptNeeded failed to open oat file '/data/dalvik-cache/arm/system@priv-app@Telecom@Telecom.apk@classes.dex' for file location '/system/priv-app/Telecom/Telecom.apk': Failed to open oat filename for reading: No such file or directory
I/art     ( 4662): DexFile_isDexOptNeeded file /system/priv-app/Telecom/arm/Telecom.odex needs to be relocated for /system/priv-app/Telecom/Telecom.apk
I/PackageManager( 4662): /system/priv-app/TelephonyProvider changed; collecting certs
I/art     ( 4662): DexFile_isDexOptNeeded failed to open oat file '/data/dalvik-cache/arm/system@priv-app@TelephonyProvider@TelephonyProvider.apk@classes.dex' for file location '/system/priv-app/TelephonyProvider/TelephonyProvider.apk': Failed to open oat filename for reading: No such file or directory
I/art     ( 4662): DexFile_isDexOptNeeded file /system/priv-app/TelephonyProvider/arm/TelephonyProvider.odex needs to be relocated for /system/priv-app/TelephonyProvider/TelephonyProvider.apk
I/PackageManager( 4662): SELinux relabeling of org.cyanogenmod.theme.chooser issued.
I/art     ( 4662): DexFile_isDexOptNeeded failed to open oat file '/data/dalvik-cache/arm/system@priv-app@ThemeChooser@ThemeChooser.apk@classes.dex' for file location '/system/priv-app/ThemeChooser/ThemeChooser.apk': Failed to open oat filename for reading: No such file or directory
I/art     ( 4662): DexFile_isDexOptNeeded file /system/priv-app/ThemeChooser/arm/ThemeChooser.odex needs to be relocated for /system/priv-app/ThemeChooser/ThemeChooser.apk
I/PackageManager( 4662): SELinux relabeling of org.cyanogenmod.themes.provider issued.
I/art     ( 4662): DexFile_isDexOptNeeded failed to open oat file '/data/dalvik-cache/