W/PackageManager( 4508): Unknown permission com.google.android.gallery3d.permission.GALLERY_PROVIDER in package com.android.bluetooth
W/PackageManager( 4508): Unknown permission com.android.launcher.permission.READ_SETTINGS in package com.android.onetimeinitializer
W/PackageManager( 4508): Unknown permission com.android.launcher.permission.WRITE_SETTINGS in package com.android.onetimeinitializer
W/PackageManager( 4508): Unknown permission com.google.android.c2dm.permission.RECEIVE in package com.cyanogenmod.account
W/PackageManager( 4508): Not granting permission android.permission.DEVICE_POWER to package com.android.deskclock (protectionLevel=2 flags=0x48be45)
W/PackageManager( 4508): Unknown permission com.android.deskclock.worldclock.permissions.WRITE_DATABASE in package com.android.deskclock
W/PackageManager( 4508): Unknown permission com.google.android.googleapps.permission.GOOGLE_AUTH in package com.android.providers.calendar
W/PackageManager( 4508): Unknown permission com.google.android.googleapps.permission.GOOGLE_AUTH.cl in package com.android.providers.calendar
W/PackageManager( 4508): Not granting permission android.permission.WRITE_MEDIA_STORAGE to package com.android.soundrecorder (protectionLevel=18 flags=0x8be45)
W/PackageManager( 4508): Unknown permission android.permission.INSTALL_DRM in package com.android.mms
W/PackageManager( 4508): Unknown permission com.qualcomm.permission.USE_PHONE_SERVICE in package com.android.mms
W/PackageManager( 4508): Not granting permission android.permission.MANAGE_DOCUMENTS to package com.android.mms (protectionLevel=2 flags=0x4049be65)
W/PackageManager( 4508): Not granting permission android.permission.ACCESS_DOWNLOAD_MANAGER to package com.android.browser (protectionLevel=18 flags=0x49be45)
W/PackageManager( 4508): Not granting permission android.permission.SEND_DOWNLOAD_COMPLETED_INTENTS to package com.android.browser (protectionLevel=2 flags=0x49be45)
W/PackageManager( 4508): Unknown permission com.google.android.googleapps.permission.ACCESS_GOOGLE_PASSWORD in package com.android.development
W/PackageManager( 4508): Unknown permission com.google.android.googleapps.permission.GOOGLE_AUTH in package com.android.development
W/PackageManager( 4508): Unknown permission com.google.android.googleapps.permission.GOOGLE_AUTH.ALL_SERVICES in package com.android.development
W/PackageManager( 4508): Unknown permission com.google.android.googleapps.permission.GOOGLE_AUTH.YouTubeUser in package com.android.development
W/PackageManager( 4508): Unknown permission com.android.launcher.permission.READ_SETTINGS in package com.cyanogenmod.trebuchet
W/PackageManager( 4508): Unknown permission com.android.launcher.permission.WRITE_SETTINGS in package com.cyanogenmod.trebuchet
W/PackageManager( 4508): Unknown permission android.permission.CANCEL_NOTIFICATIONS in package org.cyanogenmod.theme.chooser
D/EventHub( 4508): No input device configuration file found for device 'meta_event'.
W/ClipboardService( 4508): No security bridge jar found, using default
I/SystemServer( 4508): TorchService
D/EventHub( 4508): No input device configuration file found for device 'step_cnt_sensor'.
D/EventHub( 4508): No input device configuration file found for device 'uncal_gyro_sensor'.
I/AudioFlinger( 4359): AudioFlinger's thread 0xb60ba000 ready to run
D/r_submix( 4359): adev_close_input_stream()
D/r_submix( 4359): submix_audio_device_release_pipe()
D/r_submix( 4359): submix_audio_device_destroy_pipe(): pipe destroyed
W/AudioPolicyManager( 4359): Input device 00000001 unreachable
W/AudioPolicyManager( 4359): Input device 00000002 unreachable
W/AudioPolicyManager( 4359): Input device 80000004 unreachable
W/AudioPolicyManager( 4359): Input device 80000080 unreachable
W/AudioPolicyManager( 4359): Input device 80000040 unreachable
E/AudioPolicyManager( 4359): Default device 00000002 is unreachable
E/AudioPolicyManager( 4359): Failed to open primary output
E/AudioPolicyManager( 4359): getDeviceForStrategy() speaker device not found for STRATEGY_SONIFICATION
E/AudioPolicyManager( 4359): getDeviceForStrategy() speaker device not found for STRATEGY_SONIFICATION
E/SoundTriggerHwService( 4359): couldn't load sound trigger module sound_trigger.primary (No such file or directory)
E/CameraService( 4359): getCameraVendorTagDescriptor: camera hardware module doesn't exist
E/CameraMetadata-JNI( 4508): CameraMetadata_setupGlobalVendorTagDescriptor: Failed to setup vendor tag descriptors, received error No such device (-19)
W/CameraManager( 4508): Failed to set up vendor tags: The camera device is removable and has been disconnected from the Android device, or the camera service has shut down the connection due to a higher-priority access request for the camera device.
E/TorchService( 4508): Couldn't initialize.
E/TorchService( 4508): java.lang.NumberFormatException: Invalid int: "null"
E/TorchService( 4508): 	at java.lang.Integer.invalidInt(Integer.java:138)
E/TorchService( 4508): 	at java.lang.Integer.parseInt(Integer.java:358)
E/TorchService( 4508): 	at java.lang.Integer.parseInt(Integer.java:334)
E/TorchService( 4508): 	at java.lang.Integer.valueOf(Integer.java:525)
E/TorchService( 4508): 	at com.android.server.TorchService.initialize(TorchService.java:104)
E/TorchService( 4508): 	at com.android.server.TorchService.<init>(TorchService.java:99)
E/TorchService( 4508): 	at com.android.server.SystemServer.startOtherServices(SystemServer.java:656)
E/TorchService( 4508): 	at com.android.server.SystemServer.run(SystemServer.java:284)
E/TorchService( 4508): 	at com.android.server.SystemServer.main(SystemServer.java:185)
E/TorchService( 4508): 	at java.lang.reflect.Method.invoke(Native Method)
E/TorchService( 4508): 	at java.lang.reflect.Method.invoke(Method.java:372)
E/TorchService( 4508): 	at com.android.internal.os.ZygoteInit$MethodAndArgsCaller.run(ZygoteInit.java:898)
E/TorchService( 4508): 	at com.android.internal.os.ZygoteInit.main(ZygoteInit.java:693)
I/SystemServer( 4508): NetworkManagement Service
I/SystemServer( 4508): Text Service Manager Service
D/EventHub( 4508): No input device configuration file found for device 'sig_motion_sensor'.
D/EventHub( 4508): No input device configuration file found for device 'uncal_geomagnetic_sensor'.
D/EventHub( 4508): No input device configuration file found for device 'geomagnetic_sensor'.
I/SystemServer( 4508): Network Score Service
I/SystemServer( 4508): NetworkStats Service
I/SystemServer( 4508): NetworkPolicy Service
D/EventHub( 4508): No input device configuration file found for device 'gesture_sensor'.
I/SystemServiceManager( 4508): Starting com.android.server.wifi.p2p.WifiP2pService
E/art     ( 4508): dlopen("/system/lib/libwifi-service.so", RTLD_LAZY) failed: dlopen failed: cannot locate symbol "wifi_stop_olsrd" referenced by "libwifi-service.so"...
E/System  ( 4508): ******************************************
E/System  ( 4508): ************ Failure starting system services
E/System  ( 4508): java.lang.RuntimeException: Failed to create service com.android.server.wifi.p2p.WifiP2pService: service constructor threw an exception
E/System  ( 4508): 	at com.android.server.SystemServiceManager.startService(SystemServiceManager.java:100)
E/System  ( 4508): 	at com.android.server.SystemServiceManager.startService(SystemServiceManager.java:65)
E/System  ( 4508): 	at com.android.server.SystemServer.startOtherServices(SystemServer.java:710)
E/System  ( 4508): 	at com.android.server.SystemServer.run(SystemServer.java:284)
E/System  ( 4508): 	at com.android.server.SystemServer.main(SystemServer.java:185)
E/System  ( 4508): 	at java.lang.reflect.Method.invoke(Native Method)
E/System  ( 4508): 	at java.lang.reflect.Method.invoke(Method.java:372)
E/System  ( 4508): 	at com.android.internal.os.ZygoteInit$MethodAndArgsCaller.run(ZygoteInit.java:898)
E/System  ( 4508): 	at com.android.internal.os.ZygoteInit.main(ZygoteInit.java:693)
E/System  ( 4508): Caused by: java.lang.reflect.InvocationTargetException
E/System  ( 4508): 	at java.lang.reflect.Constructor.newInstance(Native Method)
E/System  ( 4508): 	at java.lang.reflect.Constructor.newInstance(Constructor.java:288)
E/System  ( 4508): 	at com.android.server.SystemServiceManager.startService(SystemServiceManager.java:89)
E/System  ( 4508): 	... 8 more
E/System  ( 4508): Caused by: java.lang.UnsatisfiedLinkError: dlopen failed: cannot locate symbol "wifi_stop_olsrd" referenced by "libwifi-service.so"...
E/System  ( 4508): 	at java.lang.Runtime.loadLibrary(Runtime.java:371)
E/System  ( 4508): 	at java.lang.System.loadLibrary(System.java:989)
E/System  ( 4508): 	at com.android.server.wifi.WifiNative.<clinit>(WifiNative.java:72)
E/System  ( 4508): 	at com.android.server.wifi.p2p.WifiP2pServiceImpl$P2pStateMachine.<init>(WifiP2pServiceImpl.java:511)
E/System  ( 4508): 	at com.android.server.wifi.p2p.WifiP2pServiceImpl.<init>(WifiP2pServiceImpl.java:379)
E/System  ( 4508): 	at com.android.server.wifi.p2p.WifiP2pService.<init>(WifiP2pService.java:30)
E/System  ( 4508): 	... 11 more
D/AndroidRuntime( 4508): Shutting down VM
E/AndroidRuntime( 4508): *** FATAL EXCEPTION IN SYSTEM PROCESS: main
E/AndroidRuntime( 4508): java.lang.RuntimeException: Failed to create service com.android.server.wifi.p2p.WifiP2pService: service constructor threw an exception
E/AndroidRuntime( 4508): 	at com.android.server.SystemServiceManager.startService(SystemServiceManager.java:100)
E/AndroidRuntime( 4508): 	at com.android.server.SystemServiceManager.startService(SystemServiceManager.java:65)
E/AndroidRuntime( 4508): 	at com.android.server.SystemServer.startOtherServices(SystemServer.java:710)
E/AndroidRuntime( 4508): 	at com.android.server.SystemServer.run(SystemServer.java:284)
E/AndroidRuntime( 4508): 	at com.android.server.SystemServer.main(SystemServer.java:185)
E/AndroidRuntime( 4508): 	at java.lang.reflect.Method.invoke(Native Method)
E/AndroidRuntime( 4508): 	at java.lang.reflect.Method.invoke(Method.java:372)
E/AndroidRuntime( 4508): 	at com.android.internal.os.ZygoteInit$MethodAndArgsCaller.run(ZygoteInit.java:898)
E/AndroidRuntime( 4508): 	at com.android.internal.os.ZygoteInit.main(ZygoteInit.java:693)
E/AndroidRuntime( 4508): Caused by: java.lang.reflect.InvocationTargetException
E/AndroidRuntime( 4508): 	at java.lang.reflect.Constructor.newInstance(Native Method)
E/AndroidRuntime( 4508): 	at java.lang.reflect.Constructor.newInstance(Constructor.java:288)
E/AndroidRuntime( 4508): 	at com.android.server.SystemServiceManager.startService(SystemServiceManager.java:89)
E/AndroidRuntime( 4508): 	... 8 more
E/AndroidRuntime( 4508): Caused by: java.lang.UnsatisfiedLinkError: dlopen failed: cannot locate symbol "wifi_stop_olsrd" referenced by "libwifi-service.so"...
E/AndroidRuntime( 4508): 	at java.lang.Runtime.loadLibrary(Runtime.java:371)
E/AndroidRuntime( 4508): 	at java.lang.System.loadLibrary(System.java:989)
E/AndroidRuntime( 4508): 	at com.android.server.wifi.WifiNative.<clinit>(WifiNative.java:72)
E/AndroidRuntime( 4508): 	at com.android.server.wifi.p2p.WifiP2pServiceImpl$P2pStateMachine.<init>(WifiP2pServiceImpl.java:511)
E/AndroidRuntime( 4508): 	at com.android.server.wifi.p2p.WifiP2pServiceImpl.<init>(WifiP2pServiceImpl.java:379)
E/AndroidRuntime( 4508): 	at com.android.server.wifi.p2p.WifiP2pService.<init>(WifiP2pService.java:30)
E/AndroidRuntime( 4508): 	... 11 more
I/Process ( 4508): Sending signal. PID: 4508 SIG: 9
I/ServiceManager( 3671): service 'sensorservice' died
I/ServiceManager( 3671): service 'display' died
I/ServiceManager( 3671): service 'batterystats' died
I/ServiceManager( 3671): service 'appops' died
I/ServiceManager( 3671): service 'power' died
I/ServiceManager( 3671): service 'hardware' died
I/ServiceManager( 3671): service 'permission' died
I/ServiceManager( 3671): service 'cpuinfo' died
I/ServiceManager( 3671): service 'dbinfo' died
I/ServiceManager( 3671): service 'gfxinfo' died
I/ServiceManager( 3671): service 'meminfo' died
I/ServiceManager( 3671): service 'procstats' died
I/ServiceManager( 3671): service 'user' died
I/ServiceManager( 3671): service 'activity' died
I/ServiceManager( 3671): service 'package' died
I/ServiceManager( 3671): service 'battery' died
I/ServiceManager( 3671): service 'usagestats' died
I/ServiceManager( 3671): service 'webviewupdate' died
I/ServiceManager( 3671): service 'scheduling_policy' died
I/ServiceManager( 3671): service 'telephony.registry' died
I/ServiceManager( 3671): service 'entropy' died
I/ServiceManager( 3671): service 'account' died
I/ServiceManager( 3671): service 'content' died
I/ServiceManager( 3671): service 'vibrator' died
I/ServiceManager( 3671): service 'consumer_ir' died
I/ServiceManager( 3671): service 'alarm' died
I/ServiceManager( 3671): service 'window' died
I/ServiceManager( 3671): service 'input' died
I/ServiceManager( 3671): service 'bluetooth_manager' died
I/ServiceManager( 3671): service 'input_method' died
I/ServiceManager( 3671): service 'accessibility' died
I/ServiceManager( 3671): service 'mount' died
I/ServiceManager( 3671): service 'lock_settings' died
I/ServiceManager( 3671): service 'device_policy' died
I/ServiceManager( 3671): service 'statusbar' died
I/ServiceManager( 3671): service 'clipboard' died
I/ServiceManager( 3671): service 'torch' died
I/ServiceManager( 3671): service 'network_management' died
I/ServiceManager( 3671): service 'textservices' died
I/ServiceManager( 3671): service 'network_score' died
I/ServiceManager( 3671): service 'netstats' died
I/ServiceManager( 3671): service 'netpolicy' died
E/installd( 3694): eof
E/installd( 3694): failed to read size
I/installd( 3694): closing connection
I/lowmemorykiller( 3670): ActivityManager disconnected
I/lowmemorykiller( 3670): Closing Activity Manager data connection
E/Zygote  ( 4357): Exit zygote because system server (4508) has terminated
I/ServiceManager( 3671): service 'media.audio_flinger' died
I/ServiceManager( 3671): service 'media.player' died
I/ServiceManager( 3671): service 'media.audio_policy' died
I/ServiceManager( 3671): service 'media.camera' died
I/ServiceManager( 3671): service 'media.sound_trigger_hw' died
I/Netd    ( 4707): Netd 1.0 starting
E/Netd    ( 4707): Failed to open /proc/sys/net/ipv6/conf/default/accept_ra_rt_table: No such file or directory
E/Netd    ( 4707): Failed to open /proc/sys/net/ipv6/conf/ip6tnl0/accept_ra_rt_table: No such file or directory
E/Netd    ( 4707): Failed to open /proc/sys/net/ipv6/conf/lo/accept_ra_rt_table: No such file or directory
E/Netd    ( 4707): Failed to open /proc/sys/net/ipv6/conf/rmnet0/accept_ra_rt_table: No such file or directory
E/Netd    ( 4707): Failed to open /proc/sys/net/ipv6/conf/rmnet1/accept_ra_rt_table: No such file or directory
E/Netd    ( 4707): Failed to open /proc/sys/net/ipv6/conf/rmnet2/accept_ra_rt_table: No such file or directory
E/Netd    ( 4707): Failed to open /proc/sys/net/ipv6/conf/rmnet3/accept_ra_rt_table: No such file or directory
E/Netd    ( 4707): Failed to open /proc/sys/net/ipv6/conf/sit0/accept_ra_rt_table: No such file or directory
I/mediaserver( 4708): ServiceManager: 0xb61500c0
I/AudioFlinger( 4708): Using default 3000 mSec as standby time.
I/ServiceManager( 4708): Waiting for service batterystats...
D/AndroidRuntime( 4709): 
D/AndroidRuntime( 4709): >>>>>> AndroidRuntime START com.android.internal.os.ZygoteInit <<<<<<
D/AndroidRuntime( 4709): CheckJNI is OFF
I/art     ( 4709): option[0]=-Xzygote
I/art     ( 4709): option[1]=-Xstacktracefile:/data/anr/traces.txt
I/art     ( 4709): option[2]=exit
I/art     ( 4709): option[3]=vfprintf
I/art     ( 4709): option[4]=sensitiveThread
I/art     ( 4709): option[5]=-verbose:gc
I/art     ( 4709): option[6]=-Xms16m
I/art     ( 4709): option[7]=-Xmx512m
I/art     ( 4709): option[8]=-XX:mainThreadStackSize=24K
I/art     ( 4709): option[9]=-XX:HeapGrowthLimit=192m
I/art     ( 4709): option[10]=-XX:HeapMinFree=2m
I/art     ( 4709): option[11]=-XX:HeapMaxFree=8m
I/art     ( 4709): option[12]=-XX:HeapTargetUtilization=0.75
I/art     ( 4709): option[13]=-agentlib:jdwp=transport=dt_android_adb,suspend=n,server=y
I/art     ( 4709): option[14]=-Xlockprofthreshold:500
I/art     ( 4709): option[15]=-Ximage-compiler-option
I/art     ( 4709): option[16]=--runtime-arg
I/art     ( 4709): option[17]=-Ximage-compiler-option
I/art     ( 4709): option[18]=-Xms64m
I/art     ( 4709): option[19]=-Ximage-compiler-option
I/art     ( 4709): option[20]=--runtime-arg
I/art     ( 4709): option[21]=-Ximage-compiler-option
I/art     ( 4709): option[22]=-Xmx64m
I/art     ( 4709): option[23]=-Ximage-compiler-option
I/art     ( 4709): option[24]=--image-classes-zip=/system/framework/framework.jar
I/art     ( 4709): option[25]=-Ximage-compiler-option
I/art     ( 4709): option[26]=--image-classes=preloaded-classes
I/art     ( 4709): option[27]=-Xcompiler-option
I/art     ( 4709): option[28]=--runtime-arg
I/art     ( 4709): option[29]=-Xcompiler-option
I/art     ( 4709): option[30]=-Xms64m
I/art     ( 4709): option[31]=-Xcompiler-option
I/art     ( 4709): option[32]=--runtime-arg
I/art     ( 4709): option[33]=-Xcompiler-option
I/art     ( 4709): option[34]=-Xmx512m
I/art     ( 4709): option[35]=-Duser.language=en
I/art     ( 4709): option[36]=-Duser.region=US
E/memtrack( 4709): Couldn't load memtrack module (No such file or directory)
E/android.os.Debug( 4709): failed to load memtrack module: -2
I/SamplingProfilerIntegration( 4709): Profiling disabled.
D/Zygote  ( 4709): begin preload
I/Zygote  ( 4709): Preloading classes...
I/art     ( 4709): Explicit concurrent mark sweep GC freed 994(55KB) AllocSpace objects, 0(0B) LOS objects, 98% free, 70KB/4MB, paused 126us total 4.076ms
I/art     ( 4709): Counter: 1
E/Minikin ( 4709): addFont failed to create font /system/fonts/NotoSansGujarati-Regular.ttf
E/Minikin ( 4709): addFont failed to create font /system/fonts/NotoSansGujarati-Bold.ttf
E/Minikin ( 4709): addFont failed to create font /system/fonts/NotoSansGujaratiUI-Regular.ttf
E/Minikin ( 4709): addFont failed to create font /system/fonts/NotoSansGujaratiUI-Bold.ttf
E/Minikin ( 4709): addFont failed to create font /system/fonts/NotoSansGurmukhi-Regular.ttf
E/Minikin ( 4709): addFont failed to create font /system/fonts/NotoSansGurmukhi-Bold.ttf
E/Minikin ( 4709): addFont failed to create font /system/fonts/NotoSansGurmukhiUI-Regular.ttf
E/Minikin ( 4709): addFont failed to create font /system/fonts/NotoSansGurmukhiUI-Bold.ttf
E/Minikin ( 4709): addFont failed to create font /system/fonts/NotoSansSinhala-Regular.ttf
E/Minikin ( 4709): addFont failed to create font /system/fonts/NotoSansSinhala-Bold.ttf
E/Minikin ( 4709): addFont failed to create font /system/fonts/NotoSansCherokee-Regular.ttf
E/Minikin ( 4709): addFont failed to create font /system/fonts/NotoSansCanadianAboriginal-Regular.ttf
E/Minikin ( 4709): addFont failed to create font /system/fonts/NotoSansYi-Regular.ttf
E/Minikin ( 4709): addFont failed to create font /system/fonts/NotoSansHans-Regular.otf
E/Minikin ( 4709): addFont failed to create font /system/fonts/NotoSansHant-Regular.otf
E/Minikin ( 4709): addFont failed to create font /system/fonts/NotoSansJP-Regular.otf
E/Minikin ( 4709): addFont failed to create font /system/fonts/NotoSansKR-Regular.otf
I/art     ( 4709): Thread[1,tid=4709,WaitingForJniOnLoad,Thread*=0xb5107800,peer=0x12c330e0,"main"] recursive attempt to load library "/system/lib/libmedia_jni.so"
D/MtpDeviceJNI( 4709): register_android_mtp_MtpDevice
I/art     ( 4709): Thread[1,tid=4709,WaitingForJniOnLoad,Thread*=0xb5107800,peer=0x12c330e0,"main"] recursive attempt to load library "/system/lib/libmedia_jni.so"
I/art     ( 4709): Thread[1,tid=4709,WaitingForJniOnLoad,Thread*=0xb5107800,peer=0x12c330e0,"main"] recursive attempt to load library "/system/lib/libmedia_jni.so"
I/System  ( 4709): Loaded time zone names for "" in 42ms (36ms in ICU)
I/System  ( 4709): Loaded time zone names for "en_US" in 30ms (25ms in ICU)
I/art     ( 4709): Explicit concurrent mark sweep GC freed 30145(1834KB) AllocSpace objects, 0(0B) LOS objects, 72% free, 1557KB/5MB, paused 175us total 14.045ms
I/Zygote  ( 4709): ...preloaded 3005 classes in 579ms.
I/art     ( 4709): VMRuntime.preloadDexCaches starting
I/art     ( 4709): VMRuntime.preloadDexCaches strings total=217316 before=40338 after=40338
I/art     ( 4709): VMRuntime.preloadDexCaches types total=18704 before=6337 after=6380
I/art     ( 4709): VMRuntime.preloadDexCaches fields total=87408 before=32543 after=32871
I/art     ( 4709): VMRuntime.preloadDexCaches methods total=154031 before=66779 after=67657
I/art     ( 4709): VMRuntime.preloadDexCaches finished
I/art     ( 4709): Counter: 0
I/art     ( 4709): Counter: 1
I/art     ( 4709): Explicit concurrent mark sweep GC freed 159(19KB) AllocSpace objects, 0(0B) LOS objects, 72% free, 1537KB/5MB, paused 146us total 7.572ms
D/idmap   ( 4805): error: no read access to /vendor/overlay: No such file or directory
I/Zygote  ( 4709): Preloading resources...
I/ServiceManager( 4708): Waiting for service batterystats...
I/art     ( 4709): Explicit concurrent mark sweep GC freed 4551(160KB) AllocSpace objects, 0(0B) LOS objects, 40% free, 16MB/28MB, paused 250us total 9.906ms
I/Zygote  ( 4709): ...preloaded 430 resources in 380ms.
I/art     ( 4709): Explicit concurrent mark sweep GC freed 564(32KB) AllocSpace objects, 0(0B) LOS objects, 40% free, 16MB/28MB, paused 214us total 8.917ms
I/Zygote  ( 4709): ...preloaded 41 resources in 19ms.
I/art     ( 4709): Counter: 0
D/libEGL  ( 4709): loaded /vendor/lib/egl/libGLES_mali.so
I/Zygote  ( 4709): Preloading shared libraries...
D/Zygote  ( 4709): end preload
I/art     ( 4709): Explicit concurrent mark sweep GC freed 461(21KB) AllocSpace objects, 0(0B) LOS objects, 40% free, 16MB/28MB, paused 329us total 10.184ms
I/art     ( 4709): Explicit concurrent mark sweep GC freed 41(1568B) AllocSpace objects, 0(0B) LOS objects, 40% free, 16MB/28MB, paused 198us total 8.545ms
I/art     ( 4709): Explicit concurrent mark sweep GC freed 5(160B) AllocSpace objects, 0(0B) LOS objects, 40% free, 16MB/28MB, paused 215us total 8.693ms
I/Zygote  ( 4709): System server process 4863 has been created
I/Zygote  ( 4709): Accepting command socket connections
I/InstallerConnection( 4863): disconnecting...
I/SystemServer( 4863): Entered the Android system server!
V/Fingerprint-JNI( 4863): FingerprintManager JNI ready.
I/        ( 4863): System server: starting sensor init.
D/SensorService( 4863): nuSensorService starting...
E/Sensors ( 4863): GeoMagneticSensor, ERROR dev_num = -19
I/SystemServiceManager( 4863): Starting com.android.server.pm.Installer
I/Installer( 4863): Waiting for installd to be ready.
I/InstallerConnection( 4863): connecting...
I/Sensors ( 4863): Proximity old sensor_state 0, new sensor_state : 128 en : 1
I/installd( 3694): new connection
I/SystemServiceManager( 4863): Starting com.android.server.am.ActivityManagerService$Lifecycle
I/Sensors ( 4863): Light old sensor_state 128, new sensor_state : 640 en : 1
E/Sensors ( 4863): UncalMagneticSensor, ERROR dev_num = -19
I/Sensors ( 4863): SigMotionSensor old sensor_state 640, new sensor_state : 8832 en : 1
E/Sensors ( 4863): UncalGyroSensor, ERROR dev_num = -19
E/Sensors ( 4863): GameRotationVector, ERROR dev_num = -19
I/Sensors ( 4863): StepCounterSensor old sensor_state 8832, new sensor_state : 139904 en : 1
D/Sensors ( 4863): HrmSpO2Sensor::HrmSpO2Sensor: Shared version Registered 
E/SensorService( 4863): >>>> WARNING <<< Upgrade sensor HAL to version 1_3
I/Sensors ( 4863): Proximity old sensor_state 139904, new sensor_state : 139776 en : 0
I/ActivityManager( 4863): Memory class: 192
I/Sensors ( 4863): Light old sensor_state 139776, new sensor_state : 139264 en : 0
I/ServiceThread( 4863): Enabled StrictMode logging for ActivityManager looper.
I/Sensors ( 4863): StepCounterSensor old sensor_state 139264, new sensor_state : 8192 en : 0
I/Sensors ( 4863): SigMotionSensor old sensor_state 8192, new sensor_state : 0 en : 0
I/AppOps  ( 4863): No existing app ops /data/system/appops.xml; starting empty
I/Sensors ( 4863): HrmSpO2Sensor::enable, handle(16), en(0), what(1/0:aosphrm,1:sshrm, old enabled : 0)
I/Sensors ( 4863): HrmSpO2Sensor is already disabled or have to keep enabled, mEnabled : 0x0, en : 0
I/Sensors ( 4863): HrmSpO2Sensor::enable, handle(17), en(0), what(0/0:aosphrm,1:sshrm, old enabled : 0)
I/Sensors ( 4863): HrmSpO2Sensor is already disabled or have to keep enabled, mEnabled : 0x0, en : 0
I/Sensors ( 4863): HrmSpO2Sensor::enable, handle(18), en(0), what(2/0:aosphrm,1:sshrm, old enabled : 0)
I/Sensors ( 4863): HrmSpO2Sensor is already disabled or have to keep enabled, mEnabled : 0x0, en : 0
I/        ( 4863): System server: sensor init done.
D/SensorService( 4863): nuSensorService thread starting...
D/SensorService( 4863): new thread SensorEventAckReceiver
I/IntentFirewall( 4863): Read new rules (A:0 B:0 S:0)
I/ServiceThread( 4863): Enabled StrictMode logging for android.ui looper.
I/ServiceThread( 4863): Enabled StrictMode logging for android.display looper.
D/AppOps  ( 4863): AppOpsService published
I/SystemServiceManager( 4863): Starting com.android.server.power.PowerManagerService
I/ServiceThread( 4863): Enabled StrictMode logging for PowerManagerService looper.
D/SEC PowerHAL( 4863): sysfs_write +: /sys/devices/system/cpu/cpu0/cpufreq/interactive/multi_enter_load: 800
D/SEC PowerHAL( 4863): sysfs_write -: /sys/devices/system/cpu/cpu0/cpufreq/interactive/multi_enter_load: 800
D/SEC PowerHAL( 4863): sysfs_write +: /sys/devices/system/cpu/cpu0/cpufreq/interactive/single_enter_load: 200
D/SEC PowerHAL( 4863): sysfs_write -: /sys/devices/system/cpu/cpu0/cpufreq/interactive/single_enter_load: 200
D/SEC PowerHAL( 4863): sysfs_write +: /sys/devices/system/cpu/cpu0/cpufreq/interactive/param_index: 0
D/SEC PowerHAL( 4863): sysfs_write -: /sys/devices/system/cpu/cpu0/cpufreq/interactive/param_index: 0
D/SEC PowerHAL( 4863): sysfs_write +: /sys/devices/system/cpu/cpu0/cpufreq/interactive/timer_rate: 20000
D/SEC PowerHAL( 4863): sysfs_write -: /sys/devices/system/cpu/cpu0/cpufreq/interactive/timer_rate: 20000
D/SEC PowerHAL( 4863): sysfs_write +: /sys/devices/system/cpu/cpu0/cpufreq/interactive/timer_slack: 20000
D/SEC PowerHAL( 4863): sysfs_write -: /sys/devices/system/cpu/cpu0/cpufreq/interactive/timer_slack: 20000
D/SEC PowerHAL( 4863): sysfs_write +: /sys/devices/system/cpu/cpu0/cpufreq/interactive/min_sample_time: 40000
D/SEC PowerHAL( 4863): sysfs_write -: /sys/devices/system/cpu/cpu0/cpufreq/interactive/min_sample_time: 40000
D/SEC PowerHAL( 4863): sysfs_write +: /sys/devices/system/cpu/cpu0/cpufreq/interactive/hispeed_freq: 1000000
D/SEC PowerHAL( 4863): sysfs_write -: /sys/devices/system/cpu/cpu0/cpufreq/interactive/hispeed_freq: 1000000
D/SEC PowerHAL( 4863): sysfs_write +: /sys/devices/system/cpu/cpu0/cpufreq/interactive/go_hispeed_load: 99
D/SEC PowerHAL( 4863): sysfs_write -: /sys/devices/system/cpu/cpu0/cpufreq/interactive/go_hispeed_load: 99
D/SEC PowerHAL( 4863): sysfs_write +: /sys/devices/system/cpu/cpu0/cpufreq/interactive/target_loads: 70
D/SEC PowerHAL( 4863): sysfs_write -: /sys/devices/system/cpu/cpu0/cpufreq/interactive/target_loads: 70
D/SEC PowerHAL( 4863): sysfs_write +: /sys/devices/system/cpu/cpu0/cpufreq/interactive/above_hispeed_delay: 19000
D/SEC PowerHAL( 4863): sysfs_write -: /sys/devices/system/cpu/cpu0/cpufreq/interactive/above_hispeed_delay: 19000
D/SEC PowerHAL( 4863): sysfs_write +: /sys/devices/system/cpu/cpu0/cpufreq/interactive/boostpulse_duration: 40000
D/SEC PowerHAL( 4863): sysfs_write -: /sys/devices/system/cpu/cpu0/cpufreq/interactive/boostpulse_duration: 40000
D/SEC PowerHAL( 4863): sysfs_write +: /sys/devices/system/cpu/cpu4/cpufreq/interactive/multi_enter_load: 360
D/SEC PowerHAL( 4863): sysfs_write -: /sys/devices/system/cpu/cpu4/cpufreq/interactive/multi_enter_load: 360
D/SEC PowerHAL( 4863): sysfs_write +: /sys/devices/system/cpu/cpu4/cpufreq/interactive/multi_enter_time: 99000
D/SEC PowerHAL( 4863): sysfs_write -: /sys/devices/system/cpu/cpu4/cpufreq/interactive/multi_enter_time: 99000
D/SEC PowerHAL( 4863): sysfs_write +: /sys/devices/system/cpu/cpu4/cpufreq/interactive/multi_exit_load: 240
D/SEC PowerHAL( 4863): sysfs_write -: /sys/devices/system/cpu/cpu4/cpufreq/interactive/multi_exit_load: 240
D/SEC PowerHAL( 4863): sysfs_write +: /sys/devices/system/cpu/cpu4/cpufreq/interactive/multi_exit_time: 299000
D/SEC PowerHAL( 4863): sysfs_write -: /sys/devices/system/cpu/cpu4/cpufreq/interactive/multi_exit_time: 299000
D/SEC PowerHAL( 4863): sysfs_write +: /sys/devices/system/cpu/cpu4/cpufreq/interactive/single_enter_load: 95
D/SEC PowerHAL( 4863): sysfs_write -: /sys/devices/system/cpu/cpu4/cpufreq/interactive/single_enter_load: 95
D/SEC PowerHAL( 4863): sysfs_write +: /sys/devices/system/cpu/cpu4/cpufreq/interactive/single_enter_time: 199000
D/SEC PowerHAL( 4863): sysfs_write -: /sys/devices/system/cpu/cpu4/cpufreq/interactive/single_enter_time: 199000
D/SEC PowerHAL( 4863): sysfs_write +: /sys/devices/system/cpu/cpu4/cpufreq/interactive/single_exit_load: 60
D/SEC PowerHAL( 4863): sysfs_write -: /sys/devices/system/cpu/cpu4/cpufreq/interactive/single_exit_load: 60
D/SEC PowerHAL( 4863): sysfs_write +: /sys/devices/system/cpu/cpu4/cpufreq/interactive/single_exit_time: 99000
D/SEC PowerHAL( 4863): sysfs_write -: /sys/devices/system/cpu/cpu4/cpufreq/interactive/single_exit_time: 99000
D/SEC PowerHAL( 4863): sysfs_write +: /sys/devices/system/cpu/cpu4/cpufreq/interactive/param_index: 0
D/SEC PowerHAL( 4863): sysfs_write -: /sys/devices/system/cpu/cpu4/cpufreq/interactive/param_index: 0
D/SEC PowerHAL( 4863): sysfs_write +: /sys/devices/system/cpu/cpu4/cpufreq/interactive/timer_rate: 20000
D/SEC PowerHAL( 4863): sysfs_write -: /sys/devices/system/cpu/cpu4/cpufreq/interactive/timer_rate: 20000
D/SEC PowerHAL( 4863): sysfs_write +: /sys/devices/system/cpu/cpu4/cpufreq/interactive/timer_slack: 20000
D/SEC PowerHAL( 4863): sysfs_write -: /sys/devices/system/cpu/cpu4/cpufreq/interactive/timer_slack: 20000
D/SEC PowerHAL( 4863): sysfs_write +: /sys/devices/system/cpu/cpu4/cpufreq/interactive/min_sample_time: 40000
D/SEC PowerHAL( 4863): sysfs_write -: /sys/devices/system/cpu/cpu4/cpufreq/interactive/min_sample_time: 40000
D/SEC PowerHAL( 4863): sysfs_write +: /sys/devices/system/cpu/cpu4/cpufreq/interactive/hispeed_freq: 1000000
D/SEC PowerHAL( 4863): sysfs_write -: /sys/devices/system/cpu/cpu4/cpufreq/interactive/hispeed_freq: 1000000
D/SEC PowerHAL( 4863): sysfs_write +: /sys/devices/system/cpu/cpu4/cpufreq/interactive/go_hispeed_load: 99
D/SEC PowerHAL( 4863): sysfs_write -: /sys/devices/system/cpu/cpu4/cpufreq/interactive/go_hispeed_load: 99
D/SEC PowerHAL( 4863): sysfs_write +: /sys/devices/system/cpu/cpu4/cpufreq/interactive/target_loads: 75 1500000:80 1700000:85 1800000:90
D/SEC PowerHAL( 4863): sysfs_write -: /sys/devices/system/cpu/cpu4/cpufreq/interactive/target_loads: 75 1500000:80 1700000:85 1800000:90
D/SEC PowerHAL( 4863): sysfs_write +: /sys/devices/system/cpu/cpu4/cpufreq/interactive/above_hispeed_delay: 19000 1100000:99000 1200000:119000 1700000:19000
D/SEC PowerHAL( 4863): sysfs_write -: /sys/devices/system/cpu/cpu4/cpufreq/interactive/above_hispeed_delay: 19000 1100000:99000 1200000:119000 1700000:19000
D/SEC PowerHAL( 4863): sysfs_write +: /sys/devices/system/cpu/cpu4/cpufreq/interactive/boostpulse_duration: 40000
D/SEC PowerHAL( 4863): sysfs_write -: /sys/devices/system/cpu/cpu4/cpufreq/interactive/boostpulse_duration: 40000
D/SEC PowerHAL( 4863): sysfs_write +: /sys/devices/system/cpu/cpu4/cpufreq/interactive/param_index: 1
D/SEC PowerHAL( 4863): sysfs_write -: /sys/devices/system/cpu/cpu4/cpufreq/interactive/param_index: 1
D/SEC PowerHAL( 4863): sysfs_write +: /sys/devices/system/cpu/cpu4/cpufreq/interactive/timer_rate: 20000
D/SEC PowerHAL( 4863): sysfs_write -: /sys/devices/system/cpu/cpu4/cpufreq/interactive/timer_rate: 20000
D/SEC PowerHAL( 4863): sysfs_write +: /sys/devices/system/cpu/cpu4/cpufreq/interactive/min_sample_time: 59000
D/SEC PowerHAL( 4863): sysfs_write -: /sys/devices/system/cpu/cpu4/cpufreq/interactive/min_sample_time: 59000
D/SEC PowerHAL( 4863): sysfs_write +: /sys/devices/system/cpu/cpu4/cpufreq/interactive/hispeed_freq: 1200000
D/SEC PowerHAL( 4863): sysfs_write -: /sys/devices/system/cpu/cpu4/cpufreq/interactive/hispeed_freq: 1200000
D/SEC PowerHAL( 4863): sysfs_write +: /sys/devices/system/cpu/cpu4/cpufreq/interactive/go_hispeed_load: 95
D/SEC PowerHAL( 4863): sysfs_write -: /sys/devices/system/cpu/cpu4/cpufreq/interactive/go_hispeed_load: 95
D/SEC PowerHAL( 4863): sysfs_write +: /sys/devices/system/cpu/cpu4/cpufreq/interactive/target_loads: 65 1400000:68 1700000:73
D/SEC PowerHAL( 4863): sysfs_write -: /sys/devices/system/cpu/cpu4/cpufreq/interactive/target_loads: 65 1400000:68 1700000:73
D/SEC PowerHAL( 4863): sysfs_write +: /sys/devices/system/cpu/cpu4/cpufreq/interactive/above_hispeed_delay: 19000
D/SEC PowerHAL( 4863): sysfs_write -: /sys/devices/system/cpu/cpu4/cpufreq/interactive/above_hispeed_delay: 19000
D/SEC PowerHAL( 4863): sysfs_write +: /sys/devices/system/cpu/cpu4/cpufreq/interactive/param_index: 2
D/SEC PowerHAL( 4863): sysfs_write -: /sys/devices/system/cpu/cpu4/cpufreq/interactive/param_index: 2
D/SEC PowerHAL( 4863): sysfs_write +: /sys/devices/system/cpu/cpu4/cpufreq/interactive/timer_rate: 20000
D/SEC PowerHAL( 4863): sysfs_write -: /sys/devices/system/cpu/cpu4/cpufreq/interactive/timer_rate: 20000
D/SEC PowerHAL( 4863): sysfs_write +: /sys/devices/system/cpu/cpu4/cpufreq/interactive/min_sample_time: 79000
D/SEC PowerHAL( 4863): sysfs_write -: /sys/devices/system/cpu/cpu4/cpufreq/interactive/min_sample_time: 79000
D/SEC PowerHAL( 4863): sysfs_write +: /sys/devices/system/cpu/cpu4/cpufreq/interactive/hispeed_freq: 1400000
D/SEC PowerHAL( 4863): sysfs_write -: /sys/devices/system/cpu/cpu4/cpufreq/interactive/hispeed_freq: 1400000
D/SEC PowerHAL( 4863): sysfs_write +: /sys/devices/system/cpu/cpu4/cpufreq/interactive/go_hispeed_load: 90
D/SEC PowerHAL( 4863): sysfs_write -: /sys/devices/system/cpu/cpu4/cpufreq/interactive/go_hispeed_load: 90
D/SEC PowerHAL( 4863): sysfs_write +: /sys/devices/system/cpu/cpu4/cpufreq/interactive/target_loads: 60 1300000:63 1500000:65 1700000:70
D/SEC PowerHAL( 4863): sysfs_write -: /sys/devices/system/cpu/cpu4/cpufreq/interactive/target_loads: 60 1300000:63 1500000:65 1700000:70
D/SEC PowerHAL( 4863): sysfs_write +: /sys/devices/system/cpu/cpu4/cpufreq/interactive/above_hispeed_delay: 19000
D/SEC PowerHAL( 4863): sysfs_write -: /sys/devices/system/cpu/cpu4/cpufreq/interactive/above_hispeed_delay: 19000
D/SEC PowerHAL( 4863): sysfs_write +: /sys/devices/system/cpu/cpu4/cpufreq/interactive/param_index: 3
D/SEC PowerHAL( 4863): sysfs_write -: /sys/devices/system/cpu/cpu4/cpufreq/interactive/param_index: 3
D/SEC PowerHAL( 4863): sysfs_write +: /sys/devices/system/cpu/cpu4/cpufreq/interactive/timer_rate: 20000
D/SEC PowerHAL( 4863): sysfs_write -: /sys/devices/system/cpu/cpu4/cpufreq/interactive/timer_rate: 20000
D/SEC PowerHAL( 4863): sysfs_write +: /sys/devices/system/cpu/cpu4/cpufreq/interactive/min_sample_time: 99000
D/SEC PowerHAL( 4863): sysfs_write -: /sys/devices/system/cpu/cpu4/cpufreq/interactive/min_sample_time: 99000
D/SEC PowerHAL( 4863): sysfs_write +: /sys/devices/system/cpu/cpu4/cpufreq/interactive/hispeed_freq: 1600000
D/SEC PowerHAL( 4863): sysfs_write -: /sys/devices/system/cpu/cpu4/cpufreq/interactive/hispeed_freq: 1600000
D/SEC PowerHAL( 4863): sysfs_write +: /sys/devices/system/cpu/cpu4/cpufreq/interactive/go_hispeed_load: 85
D/SEC PowerHAL( 4863): sysfs_write -: /sys/devices/system/cpu/cpu4/cpufreq/interactive/go_hispeed_load: 85
D/SEC PowerHAL( 4863): sysfs_write +: /sys/devices/system/cpu/cpu4/cpufreq/interactive/target_loads: 60 1300000:63 1500000:65 1900000:70
D/SEC PowerHAL( 4863): sysfs_write -: /sys/devices/system/cpu/cpu4/cpufreq/interactive/target_loads: 60 1300000:63 1500000:65 1900000:70
D/SEC PowerHAL( 4863): sysfs_write +: /sys/devices/system/cpu/cpu4/cpufreq/interactive/above_hispeed_delay: 19000
D/SEC PowerHAL( 4863): sysfs_write -: /sys/devices/system/cpu/cpu4/cpufreq/interactive/above_hispeed_delay: 19000
D/SEC PowerHAL( 4863): sysfs_write +: /sys/devices/system/cpu/cpu4/cpufreq/interactive/param_index: 0
D/SEC PowerHAL( 4863): sysfs_write -: /sys/devices/system/cpu/cpu4/cpufreq/interactive/param_index: 0
W/libsuspend( 4863): Error writing 'on' to /sys/power/state: Invalid argument
I/libsuspend( 4863): Selected wakeup count
I/SystemServiceManager( 4863): Starting com.android.server.display.DisplayManagerService
I/SystemServiceManager( 4863): Starting phase 100
I/DisplayManagerService( 4863): Display device added: DisplayDeviceInfo{"Built-in Screen": 1080 x 1920, 60.000004 fps, supportedRefreshRates [60.000004], density 480, 422.03 x 424.069 dpi, appVsyncOff 0, presDeadline 17666666, touch INTERNAL, rotation 0, type BUILT_IN, state UNKNOWN, FLAG_DEFAULT_DISPLAY, FLAG_ROTATES_WITH_CONTENT, FLAG_SECURE, FLAG_SUPPORTS_PROTECTED_BUFFERS}
I/SystemServer( 4863): Package Manager
W/PackageManager( 4863): No security bridge jar found, using default
W/SystemConfig( 4863): No directory /system/etc/sysconfig, skipping
D/SELinuxMMAC( 4863): Using policy file /system/etc/security/mac_permissions.xml
V/NatController( 4707): runCmd(/system/bin/iptables -F natctrl_FORWARD) res=0
E/art     ( 4863): DexFile_isDexOptNeeded file '/system/framework/com.android.nfc_extras.jar' does not exist
W/PackageManager( 4863): Library not found: /system/framework/com.android.nfc_extras.jar
V/NatController( 4707): runCmd(/system/bin/iptables -A natctrl_FORWARD -j DROP) res=0
V/NatController( 4707): runCmd(/system/bin/iptables -t nat -F natctrl_nat_POSTROUTING) res=0
V/NatController( 4707): runCmd(/system/bin/iptables -t nat -F natctrl_nat_PREROUTING) res=0
D/PackageManager( 4863): No files in app dir /vendor/overlay
W/PackageManager( 4863): Failed to parse /system/framework/arm: Missing base APK in /system/framework/arm
V/NatController( 4707): runCmd(/system/bin/iptables -F natctrl_tether_counters) res=0
V/NatController( 4707): runCmd(/system/bin/iptables -X natctrl_tether_counters) res=0
V/NatController( 4707): runCmd(/system/bin/iptables -N natctrl_tether_counters) res=0
V/NatController( 4707): runCmd(/system/bin/iptables -t mangle -A natctrl_mangle_FORWARD -p tcp --tcp-flags SYN SYN -j TCPMSS --clamp-mss-to-pmtu) res=0
W/ResourceType( 4863): Failure getting entry for 0x7f0b023e (t=10 e=574) (error -75)
W/PackageParser( 4863): No actions in intent filter at /system/priv-app/Contacts/Contacts.apk Binary XML file line #362
E/MediaPlayerFactory( 4708): calling dlopen on FACTORY_LIB
E/MediaPlayerFactory( 4708): Failed to open FACTORY_LIB Error : dlopen failed: library "libdashplayer.so" not found 
I/CameraService( 4708): CameraService started (pid=4708)
W/PackageParser( 4863): No actions in intent filter at /system/priv-app/Dialer/Dialer.apk Binary XML file line #185
E/HAL     ( 4708): load: module=/system/lib/hw/camera.universal5422.so
E/HAL     ( 4708): dlopen failed: could not load library "libexynoscamera.so" needed by "camera.universal5422.so"; caused by cannot locate symbol "_ZN7android16CameraParameters17EFFECT_POINT_BLUEE" referenced by "libexynoscamera.so"...
E/CameraService( 4708): Could not load camera HAL module
I/AudioPolicyService( 4708): AudioPolicyService CSTOR in new mode
I/AudioPolicyManager( 4708): loadAudioPolicyConfig() loaded /system/etc/audio_policy.conf
W/linker  ( 4708): lib_Samsung_AudioZoom_v102.so has text relocations. This is wasting memory and prevents security hardening. Please fix.
E/HAL     ( 4708): load: module=/system/lib/hw/audio.primary.universal5422.so
E/HAL     ( 4708): dlopen failed: cannot locate symbol "mixer_update" referenced by "audio.primary.universal5422.so"...
E/AudioFlinger( 4708): int android::load_audio_interface(const char*, audio_hw_device_t**) couldn't load audio hw module audio.primary (Invalid argument)
I/AudioFlinger( 4708): loadHwModule() error -22 loading module primary 
W/AudioPolicyManager( 4708): could not open HW module primary
I/audio_a2dp_hw( 4708): adev_open:  adev_open in A2dp_hw module
I/AudioFlinger( 4708): loadHwModule() Loaded a2dp audio interface from A2DP Audio HW HAL (audio) handle 1
I/AudioFlinger( 4708): loadHwModule() Loaded usb audio interface from USB audio HW HAL (audio) handle 2
I/r_submix( 4708): adev_open(name=audio_hw_if)
I/r_submix( 4708): adev_init_check()
I/AudioFlinger( 4708): loadHwModule() Loaded r_submix audio interface from Wifi Display audio HAL (audio) handle 3
D/r_submix( 4708): adev_open_input_stream()
D/r_submix( 4708): submix_audio_device_create_pipe()
E/MonoPipe( 4708): Failed to fetch local time frequency when constructing a MonoPipe (res = -32).  getNextWriteTimestamp calls will be non-functional
W/ResourceType( 4863): Failure getting entry for 0x7f08033e (t=7 e=830) (error -75)
I/iptables( 4707): iptables: Chain already exists.
I/iptables( 4707): iptables terminated by exit(1)
E/BandwidthController( 4707): runIptablesCmd(): res=1 status=256 failed /system/bin/iptables -N bw_VIDEOCALL
I/ip6tables( 4707): ip6tables: Chain already exists.
I/ip6tables( 4707): ip6tables terminated by exit(1)
E/BandwidthController( 4707): runIptablesCmd(): res=1 status=256 failed /system/bin/ip6tables -N bw_VIDEOCALL
W/PackageParser( 4863): No actions in intent filter at /system/app/Bluetooth/Bluetooth.apk Binary XML file line #229
W/PackageParser( 4863): No actions in intent filter at /system/app/CMFileManager/CMFileManager.apk Binary XML file line #155
W/PackageParser( 4863): Unknown element under <application>: permission at /system/app/Gallery2/Gallery2.apk Binary XML file line #273
W/PackageParser( 4863): Unknown element under <application>: permission at /system/app/Gallery2/Gallery2.apk Binary XML file line #276
W/PackageManager( 4863): Failed to parse /system/app/mcRegistry: Missing base APK in /system/app/mcRegistry
D/PackageManager( 4863): No files in app dir /system/vendor/app
D/PackageManager( 4863): No files in app dir /oem/app
D/PackageManager( 4863): No files in app dir /vendor/bundled-app
W/PackageManager( 4863): Failed to parse /data/app/mcRegistry: No packages found in split
D/PackageManager( 4863): No files in app dir /data/app-private
W/PackageManager( 4863): Package com.android.gallery3d desires unavailable shared library com.google.android.media.effects; ignoring!
W/PackageManager( 4863): Package com.android.gallery3d desires unavailable shared library com.google.android.media.effects; ignoring!
E/PackageManager( 4863): updateAllSharedLibrariesLPw failed: Package com.android.dialer requires unavailable shared library com.qualcomm.qti.smartsearch; failing!
W/PackageManager( 4863): Package com.android.calculator2 desires unavailable shared library com.sec.android.app.multiwindow; ignoring!
W/PackageManager( 4863): Package com.android.mms desires unavailable shared library com.qrd.wappush; ignoring!
I/PackageManager( 4863): Adjusting ABI for : com.android.development to armeabi-v7a
I/PackageManager( 4863): Adjusting ABI for : com.android.providers.settings to armeabi-v7a
I/PackageManager( 4863): Adjusting ABI for : com.cyanogenmod.setupwizard to armeabi-v7a
I/PackageManager( 4863): Adjusting ABI for : com.android.settings to armeabi-v7a
I/PackageManager( 4863): Adjusting ABI for : com.android.inputdevices to armeabi-v7a
I/PackageManager( 4863): Adjusting ABI for : com.android.keychain to armeabi-v7a
I/PackageManager( 4863): Adjusting ABI for : com.android.location.fused to armeabi-v7a
I/PackageManager( 4863): Time to scan packages: 0.812 seconds
W/PackageManager( 4863): Unknown permission com.google.android.googleapps.permission.GOOGLE_AUTH.mail in package com.android.calendar
W/PackageManager( 4863): Unknown permission com.qualcomm.permission.USE_PHONE_SERVICE in package com.android.dialer
W/PackageManager( 4863): Unknown permission android.permission.ACCESS_SUPERUSER in package com.cyanogenmod.filemanager
W/PackageManager( 4863): Unknown permission com.cyanogenmod.filemanager.permissions.READ_THEME in package com.cyanogenmod.filemanager
W/PackageManager( 4863): Unknown permission com.cyngn.cmstats.SEND_ANALYTICS in package com.cyanogenmod.setupwizard
W/PackageManager( 4863): Unknown permission com.google.android.gallery3d.permission.PICASA_STORE in package com.android.dreams.phototable
W/PackageManager( 4863): Unknown permission com.google.android.googleapps.permission.GOOGLE_AUTH in package com.android.settings
W/PackageManager( 4863): Unknown permission com.android.launcher.permission.READ_SETTINGS in package com.android.settings
W/PackageManager( 4863): Unknown permission com.android.launcher.permission.WRITE_SETTINGS in package com.android.settings
W/PackageManager( 4863): Not granting permission android.permission.DELETE_PACKAGES to package com.svox.pico (protectionLevel=18 flags=0x8be45)
W/PackageManager( 4863): Unknown permission com.google.android.c2dm.permission.RECEIVE in package org.whispersystems.whisperpush
W/PackageManager( 4863): Not granting permission android.permission.BIND_WALLPAPER to package com.android.camera2 (protectionLevel=18 flags=0x58bc45)
W/PackageManager( 4863): Unknown permission com.google.android.gallery3d.permission.GALLERY_PROVIDER in package com.android.bluetooth
W/PackageManager( 4863): Unknown permission com.android.launcher.permission.READ_SETTINGS in package com.android.onetimeinitializer
W/PackageManager( 4863): Unknown permission com.android.launcher.permission.WRITE_SETTINGS in package com.android.onetimeinitializer
W/PackageManager( 4863): Unknown permission com.google.android.c2dm.permission.RECEIVE in package com.cyanogenmod.account
W/PackageManager( 4863): Not granting permission android.permission.DEVICE_POWER to package com.android.deskclock (protectionLevel=2 flags=0x48be45)
W/PackageManager( 4863): Unknown permission com.android.deskclock.worldclock.permissions.WRITE_DATABASE in package com.android.deskclock
W/PackageManager( 4863): Unknown permission com.google.android.googleapps.permission.GOOGLE_AUTH in package com.android.providers.calendar
W/PackageManager( 4863): Unknown permission com.google.android.googleapps.permission.GOOGLE_AUTH.cl in package com.android.providers.calendar
W/PackageManager( 4863): Not granting permission android.permission.WRITE_MEDIA_STORAGE to package com.android.soundrecorder (protectionLevel=18 flags=0x8be45)
W/PackageManager( 4863): Unknown permission android.permission.INSTALL_DRM in package com.android.mms
W/PackageManager( 4863): Unknown permission com.qualcomm.permission.USE_PHONE_SERVICE in package com.android.mms
W/PackageManager( 4863): Not granting permission android.permission.MANAGE_DOCUMENTS to package com.android.mms (protectionLevel=2 flags=0x4049be65)
W/PackageManager( 4863): Not granting permission android.permission.ACCESS_DOWNLOAD_MANAGER to package com.android.browser (protectionLevel=18 flags=0x49be45)
W/PackageManager( 4863): Not granting permission android.permission.SEND_DOWNLOAD_COMPLETED_INTENTS to package com.android.browser (protectionLevel=2 flags=0x49be45)
W/PackageManager( 4863): Unknown permission com.google.android.googleapps.permission.ACCESS_GOOGLE_PASSWORD in package com.android.development
W/PackageManager( 4863): Unknown permission com.google.android.googleapps.permission.GOOGLE_AUTH in package com.android.development
W/PackageManager( 4863): Unknown permission com.google.android.googleapps.permission.GOOGLE_AUTH.ALL_SERVICES in package com.android.development
W/PackageManager( 4863): Unknown permission com.google.android.googleapps.permission.GOOGLE_AUTH.YouTubeUser in package com.android.development
W/PackageManager( 4863): Unknown permission com.android.launcher.permission.READ_SETTINGS in package com.cyanogenmod.trebuchet
W/PackageManager( 4863): Unknown permission com.android.launcher.permission.WRITE_SETTINGS in package com.cyanogenmod.trebuchet
W/PackageManager( 4863): Unknown permission android.permission.CANCEL_NOTIFICATIONS in package org.cyanogenmod.theme.chooser
V/PackageManager( 4863): Disabling com.google.android.gsf/com.google.android.gsf.update.SystemUpdateActivity
W/PackageManager( 4863): Unable to disable com.google.android.gsf/com.google.android.gsf.update.SystemUpdateActivity
V/PackageManager( 4863): Disabling com.google.android.gsf/com.google.android.gsf.update.SystemUpdateService$Receiver
W/PackageManager( 4863): Unable to disable com.google.android.gsf/com.google.android.gsf.update.SystemUpdateService$Receiver
V/PackageManager( 4863): Disabling com.google.android.gsf/com.google.android.gsf.update.SystemUpdateService$SecretCodeReceiver
W/PackageManager( 4863): Unable to disable com.google.android.gsf/com.google.android.gsf.update.SystemUpdateService$SecretCodeReceiver
V/PackageManager( 4863): Disabling com.google.android.gms/com.google.android.gms.update.SystemUpdateActivity
W/PackageManager( 4863): Unable to disable com.google.android.gms/com.google.android.gms.update.SystemUpdateActivity
V/PackageManager( 4863): Disabling com.google.android.gms/com.google.android.gms.update.SystemUpdateService$Receiver
W/PackageManager( 4863): Unable to disable com.google.android.gms/com.google.android.gms.update.SystemUpdateService$Receiver
V/PackageManager( 4863): Disabling com.google.android.gms/com.google.android.gms.update.SystemUpdateService$ActiveReceiver
W/PackageManager( 4863): Unable to disable com.google.android.gms/com.google.android.gms.update.SystemUpdateService$ActiveReceiver
V/PackageManager( 4863): Disabling com.google.android.gms/com.google.android.gms.update.SystemUpdateService$SecretCodeReceiver
W/PackageManager( 4863): Unable to disable com.google.android.gms/com.google.android.gms.update.SystemUpdateService$SecretCodeReceiver
V/PackageManager( 4863): Enabling com.google.android.gsf/com.google.android.gsf.update.SystemUpdateService
W/PackageManager( 4863): Unable to enable com.google.android.gsf/com.google.android.gsf.update.SystemUpdateService
