I/art     ( 3823): DexFile_isDexOptNeeded file /system/priv-app/CMUpdater/arm/CMUpdater.odex needs to be relocated for /system/priv-app/CMUpdater/CMUpdater.apk
I/PackageManager( 3823): Running patchoat on: com.cyanogenmod.updater
E/installd( 3987): Running /system/bin/patchoat isa=arm in-fd=5 (/system/priv-app/CMUpdater/arm/CMUpdater.odex) out-fd=6 (/data/dalvik-cache/arm/system@priv-app@CMUpdater@CMUpdater.apk@classes.dex)
I/art     ( 3823): DexFile_isDexOptNeeded failed to open oat file '/data/dalvik-cache/arm/system@app@HTMLViewer@HTMLViewer.apk@classes.dex' for file location '/system/app/HTMLViewer/HTMLViewer.apk': Failed to open oat filename for reading: No such file or directory
I/art     ( 3823): DexFile_isDexOptNeeded file /system/app/HTMLViewer/arm/HTMLViewer.odex needs to be relocated for /system/app/HTMLViewer/HTMLViewer.apk
I/PackageManager( 3823): Running patchoat on: com.android.htmlviewer
E/installd( 3988): Running /system/bin/patchoat isa=arm in-fd=5 (/system/app/HTMLViewer/arm/HTMLViewer.odex) out-fd=6 (/data/dalvik-cache/arm/system@app@HTMLViewer@HTMLViewer.apk@classes.dex)
I/art     ( 3823): DexFile_isDexOptNeeded failed to open oat file '/data/dalvik-cache/arm/system@app@Bluetooth@Bluetooth.apk@classes.dex' for file location '/system/app/Bluetooth/Bluetooth.apk': Failed to open oat filename for reading: No such file or directory
I/art     ( 3823): DexFile_isDexOptNeeded file /system/app/Bluetooth/arm/Bluetooth.odex needs to be relocated for /system/app/Bluetooth/Bluetooth.apk
I/PackageManager( 3823): Running patchoat on: com.android.bluetooth
E/installd( 3989): Running /system/bin/patchoat isa=arm in-fd=5 (/system/app/Bluetooth/arm/Bluetooth.odex) out-fd=6 (/data/dalvik-cache/arm/system@app@Bluetooth@Bluetooth.apk@classes.dex)
I/art     ( 3823): DexFile_isDexOptNeeded failed to open oat file '/data/dalvik-cache/arm/system@priv-app@ExternalStorageProvider@ExternalStorageProvider.apk@classes.dex' for file location '/system/priv-app/ExternalStorageProvider/ExternalStorageProvider.apk': Failed to open oat filename for reading: No such file or directory
I/art     ( 3823): DexFile_isDexOptNeeded file /system/priv-app/ExternalStorageProvider/arm/ExternalStorageProvider.odex needs to be relocated for /system/priv-app/ExternalStorageProvider/ExternalStorageProvider.apk
I/PackageManager( 3823): Running patchoat on: com.android.externalstorage
E/installd( 3990): Running /system/bin/patchoat isa=arm in-fd=5 (/system/priv-app/ExternalStorageProvider/arm/ExternalStorageProvider.odex) out-fd=6 (/data/dalvik-cache/arm/system@priv-app@ExternalStorageProvider@ExternalStorageProvider.apk@classes.dex)
I/art     ( 3823): DexFile_isDexOptNeeded failed to open oat file '/data/dalvik-cache/arm/system@app@DownloadProviderUi@DownloadProviderUi.apk@classes.dex' for file location '/system/app/DownloadProviderUi/DownloadProviderUi.apk': Failed to open oat filename for reading: No such file or directory
I/art     ( 3823): DexFile_isDexOptNeeded file /system/app/DownloadProviderUi/arm/DownloadProviderUi.odex needs to be relocated for /system/app/DownloadProviderUi/DownloadProviderUi.apk
I/PackageManager( 3823): Running patchoat on: com.android.providers.downloads.ui
E/installd( 3991): Running /system/bin/patchoat isa=arm in-fd=5 (/system/app/DownloadProviderUi/arm/DownloadProviderUi.odex) out-fd=6 (/data/dalvik-cache/arm/system@app@DownloadProviderUi@DownloadProviderUi.apk@classes.dex)
I/art     ( 3823): DexFile_isDexOptNeeded failed to open oat file '/data/dalvik-cache/arm/system@app@DeskClock@DeskClock.apk@classes.dex' for file location '/system/app/DeskClock/DeskClock.apk': Failed to open oat filename for reading: No such file or directory
I/art     ( 3823): DexFile_isDexOptNeeded file /system/app/DeskClock/arm/DeskClock.odex needs to be relocated for /system/app/DeskClock/DeskClock.apk
I/PackageManager( 3823): Running patchoat on: com.android.deskclock
E/installd( 3992): Running /system/bin/patchoat isa=arm in-fd=5 (/system/app/DeskClock/arm/DeskClock.odex) out-fd=6 (/data/dalvik-cache/arm/system@app@DeskClock@DeskClock.apk@classes.dex)
W/SurfaceFlinger( 3691): Ignoring duplicate VSYNC event from HWC (t=18505125043)
I/art     ( 3823): DexFile_isDexOptNeeded failed to open oat file '/data/dalvik-cache/arm/system@app@UserDictionaryProvider@UserDictionaryProvider.apk@classes.dex' for file location '/system/app/UserDictionaryProvider/UserDictionaryProvider.apk': Failed to open oat filename for reading: No such file or directory
I/art     ( 3823): DexFile_isDexOptNeeded file /system/app/UserDictionaryProvider/arm/UserDictionaryProvider.odex needs to be relocated for /system/app/UserDictionaryProvider/UserDictionaryProvider.apk
I/PackageManager( 3823): Running patchoat on: com.android.providers.userdictionary
E/installd( 3993): Running /system/bin/patchoat isa=arm in-fd=5 (/system/app/UserDictionaryProvider/arm/UserDictionaryProvider.odex) out-fd=6 (/data/dalvik-cache/arm/system@app@UserDictionaryProvider@UserDictionaryProvider.apk@classes.dex)
I/art     ( 3823): DexFile_isDexOptNeeded failed to open oat file '/data/dalvik-cache/arm/system@app@CaptivePortalLogin@CaptivePortalLogin.apk@classes.dex' for file location '/system/app/CaptivePortalLogin/CaptivePortalLogin.apk': Failed to open oat filename for reading: No such file or directory
I/art     ( 3823): DexFile_isDexOptNeeded file /system/app/CaptivePortalLogin/arm/CaptivePortalLogin.odex needs to be relocated for /system/app/CaptivePortalLogin/CaptivePortalLogin.apk
I/PackageManager( 3823): Running patchoat on: com.android.captiveportallogin
E/installd( 3994): Running /system/bin/patchoat isa=arm in-fd=5 (/system/app/CaptivePortalLogin/arm/CaptivePortalLogin.odex) out-fd=6 (/data/dalvik-cache/arm/system@app@CaptivePortalLogin@CaptivePortalLogin.apk@classes.dex)
I/art     ( 3823): DexFile_isDexOptNeeded failed to open oat file '/data/dalvik-cache/arm/system@app@PrintSpooler@PrintSpooler.apk@classes.dex' for file location '/system/app/PrintSpooler/PrintSpooler.apk': Failed to open oat filename for reading: No such file or directory
I/art     ( 3823): DexFile_isDexOptNeeded file /system/app/PrintSpooler/arm/PrintSpooler.odex needs to be relocated for /system/app/PrintSpooler/PrintSpooler.apk
I/PackageManager( 3823): Running patchoat on: com.android.printspooler
E/installd( 3995): Running /system/bin/patchoat isa=arm in-fd=5 (/system/app/PrintSpooler/arm/PrintSpooler.odex) out-fd=6 (/data/dalvik-cache/arm/system@app@PrintSpooler@PrintSpooler.apk@classes.dex)
I/art     ( 3823): DexFile_isDexOptNeeded failed to open oat file '/data/dalvik-cache/arm/system@app@PackageInstaller@PackageInstaller.apk@classes.dex' for file location '/system/app/PackageInstaller/PackageInstaller.apk': Failed to open oat filename for reading: No such file or directory
I/art     ( 3823): DexFile_isDexOptNeeded file /system/app/PackageInstaller/arm/PackageInstaller.odex needs to be relocated for /system/app/PackageInstaller/PackageInstaller.apk
I/PackageManager( 3823): Running patchoat on: com.android.packageinstaller
E/installd( 3996): Running /system/bin/patchoat isa=arm in-fd=5 (/system/app/PackageInstaller/arm/PackageInstaller.odex) out-fd=6 (/data/dalvik-cache/arm/system@app@PackageInstaller@PackageInstaller.apk@classes.dex)
I/art     ( 3823): DexFile_isDexOptNeeded failed to open oat file '/data/dalvik-cache/arm/system@app@PacProcessor@PacProcessor.apk@classes.dex' for file location '/system/app/PacProcessor/PacProcessor.apk': Failed to open oat filename for reading: No such file or directory
I/art     ( 3823): DexFile_isDexOptNeeded file /system/app/PacProcessor/arm/PacProcessor.odex needs to be relocated for /system/app/PacProcessor/PacProcessor.apk
I/PackageManager( 3823): Running patchoat on: com.android.pacprocessor
E/installd( 3999): Running /system/bin/patchoat isa=arm in-fd=5 (/system/app/PacProcessor/arm/PacProcessor.odex) out-fd=6 (/data/dalvik-cache/arm/system@app@PacProcessor@PacProcessor.apk@classes.dex)
I/auditd  ( 3997): Starting up
I/audit_log( 3997): Previous audit logfile detected, rotating
W/libaudit( 3997): Expected sequence number between user space and kernel space is out of skew, expected 2 got 0
E/audit_rules( 3997): Could not read audit rules /data/misc/audit/audit.rules: No such file or directory
I/art     ( 3823): DexFile_isDexOptNeeded failed to open oat file '/data/dalvik-cache/arm/system@priv-app@ThemesProvider@ThemesProvider.apk@classes.dex' for file location '/system/priv-app/ThemesProvider/ThemesProvider.apk': Failed to open oat filename for reading: No such file or directory
I/art     ( 3823): DexFile_isDexOptNeeded file /system/priv-app/ThemesProvider/arm/ThemesProvider.odex needs to be relocated for /system/priv-app/ThemesProvider/ThemesProvider.apk
I/PackageManager( 3823): Running patchoat on: org.cyanogenmod.themes.provider
E/installd( 4000): Running /system/bin/patchoat isa=arm in-fd=5 (/system/priv-app/ThemesProvider/arm/ThemesProvider.odex) out-fd=6 (/data/dalvik-cache/arm/system@priv-app@ThemesProvider@ThemesProvider.apk@classes.dex)
I/art     ( 3823): DexFile_isDexOptNeeded failed to open oat file '/data/dalvik-cache/arm/system@app@CertInstaller@CertInstaller.apk@classes.dex' for file location '/system/app/CertInstaller/CertInstaller.apk': Failed to open oat filename for reading: No such file or directory
I/art     ( 3823): DexFile_isDexOptNeeded file /system/app/CertInstaller/arm/CertInstaller.odex needs to be relocated for /system/app/CertInstaller/CertInstaller.apk
I/PackageManager( 3823): Running patchoat on: com.android.certinstaller
E/installd( 4001): Running /system/bin/patchoat isa=arm in-fd=5 (/system/app/CertInstaller/arm/CertInstaller.odex) out-fd=6 (/data/dalvik-cache/arm/system@app@CertInstaller@CertInstaller.apk@classes.dex)
I/art     ( 3823): DexFile_isDexOptNeeded failed to open oat file '/data/dalvik-cache/arm/system@app@HoloSpiralWallpaper@HoloSpiralWallpaper.apk@classes.dex' for file location '/system/app/HoloSpiralWallpaper/HoloSpiralWallpaper.apk': Failed to open oat filename for reading: No such file or directory
I/art     ( 3823): DexFile_isDexOptNeeded file /system/app/HoloSpiralWallpaper/arm/HoloSpiralWallpaper.odex needs to be relocated for /system/app/HoloSpiralWallpaper/HoloSpiralWallpaper.apk
I/PackageManager( 3823): Running patchoat on: com.android.wallpaper.holospiral
E/installd( 4002): Running /system/bin/patchoat isa=arm in-fd=5 (/system/app/HoloSpiralWallpaper/arm/HoloSpiralWallpaper.odex) out-fd=6 (/data/dalvik-cache/arm/system@app@HoloSpiralWallpaper@HoloSpiralWallpaper.apk@classes.dex)
I/art     ( 3823): DexFile_isDexOptNeeded failed to open oat file '/data/dalvik-cache/arm/system@app@webview@webview.apk@classes.dex' for file location '/system/app/webview/webview.apk': Failed to open oat filename for reading: No such file or directory
I/art     ( 3823): DexFile_isDexOptNeeded file /system/app/webview/arm/webview.odex needs to be relocated for /system/app/webview/webview.apk
I/PackageManager( 3823): Running patchoat on: com.android.webview
E/installd( 4003): Running /system/bin/patchoat isa=arm in-fd=5 (/system/app/webview/arm/webview.odex) out-fd=6 (/data/dalvik-cache/arm/system@app@webview@webview.apk@classes.dex)
I/art     ( 3823): DexFile_isDexOptNeeded failed to open oat file '/data/dalvik-cache/arm/system@app@VisualizationWallpapers@VisualizationWallpapers.apk@classes.dex' for file location '/system/app/VisualizationWallpapers/VisualizationWallpapers.apk': Failed to open oat filename for reading: No such file or directory
I/art     ( 3823): DexFile_isDexOptNeeded file /system/app/VisualizationWallpapers/arm/VisualizationWallpapers.odex needs to be relocated for /system/app/VisualizationWallpapers/VisualizationWallpapers.apk
I/PackageManager( 3823): Running patchoat on: com.android.musicvis
E/installd( 4006): Running /system/bin/patchoat isa=arm in-fd=5 (/system/app/VisualizationWallpapers/arm/VisualizationWallpapers.odex) out-fd=6 (/data/dalvik-cache/arm/system@app@VisualizationWallpapers@VisualizationWallpapers.apk@classes.dex)
I/art     ( 3823): DexFile_isDexOptNeeded failed to open oat file '/data/dalvik-cache/arm/system@priv-app@CellBroadcastReceiver@CellBroadcastReceiver.apk@classes.dex' for file location '/system/priv-app/CellBroadcastReceiver/CellBroadcastReceiver.apk': Failed to open oat filename for reading: No such file or directory
I/art     ( 3823): DexFile_isDexOptNeeded file /system/priv-app/CellBroadcastReceiver/arm/CellBroadcastReceiver.odex needs to be relocated for /system/priv-app/CellBroadcastReceiver/CellBroadcastReceiver.apk
I/PackageManager( 3823): Running patchoat on: com.android.cellbroadcastreceiver
E/installd( 4007): Running /system/bin/patchoat isa=arm in-fd=5 (/system/priv-app/CellBroadcastReceiver/arm/CellBroadcastReceiver.odex) out-fd=6 (/data/dalvik-cache/arm/system@priv-app@CellBroadcastReceiver@CellBroadcastReceiver.apk@classes.dex)
I/art     ( 3823): DexFile_isDexOptNeeded failed to open oat file '/data/dalvik-cache/arm/system@app@WhisperPush@WhisperPush.apk@classes.dex' for file location '/system/app/WhisperPush/WhisperPush.apk': Failed to open oat filename for reading: No such file or directory
I/art     ( 3823): DexFile_isDexOptNeeded file /system/app/WhisperPush/arm/WhisperPush.odex needs to be relocated for /system/app/WhisperPush/WhisperPush.apk
I/PackageManager( 3823): Running patchoat on: org.whispersystems.whisperpush
E/installd( 4008): Running /system/bin/patchoat isa=arm in-fd=5 (/system/app/WhisperPush/arm/WhisperPush.odex) out-fd=6 (/data/dalvik-cache/arm/system@app@WhisperPush@WhisperPush.apk@classes.dex)
I/art     ( 3823): DexFile_isDexOptNeeded failed to open oat file '/data/dalvik-cache/arm/system@priv-app@CMAccount@CMAccount.apk@classes.dex' for file location '/system/priv-app/CMAccount/CMAccount.apk': Failed to open oat filename for reading: No such file or directory
I/art     ( 3823): DexFile_isDexOptNeeded file /system/priv-app/CMAccount/arm/CMAccount.odex needs to be relocated for /system/priv-app/CMAccount/CMAccount.apk
I/PackageManager( 3823): Running patchoat on: com.cyanogenmod.account
E/installd( 4009): Running /system/bin/patchoat isa=arm in-fd=5 (/system/priv-app/CMAccount/arm/CMAccount.odex) out-fd=6 (/data/dalvik-cache/arm/system@priv-app@CMAccount@CMAccount.apk@classes.dex)
I/art     ( 3823): DexFile_isDexOptNeeded failed to open oat file '/data/dalvik-cache/arm/system@priv-app@Contacts@Contacts.apk@classes.dex' for file location '/system/priv-app/Contacts/Contacts.apk': Failed to open oat filename for reading: No such file or directory
I/art     ( 3823): DexFile_isDexOptNeeded file /system/priv-app/Contacts/arm/Contacts.odex needs to be relocated for /system/priv-app/Contacts/Contacts.apk
I/PackageManager( 3823): Running patchoat on: com.android.contacts
E/installd( 4010): Running /system/bin/patchoat isa=arm in-fd=5 (/system/priv-app/Contacts/arm/Contacts.odex) out-fd=6 (/data/dalvik-cache/arm/system@priv-app@Contacts@Contacts.apk@classes.dex)
I/art     ( 3823): DexFile_isDexOptNeeded failed to open oat file '/data/dalvik-cache/arm/system@app@CMWallpapers@CMWallpapers.apk@classes.dex' for file location '/system/app/CMWallpapers/CMWallpapers.apk': Failed to open oat filename for reading: No such file or directory
I/art     ( 3823): DexFile_isDexOptNeeded file /system/app/CMWallpapers/arm/CMWallpapers.odex needs to be relocated for /system/app/CMWallpapers/CMWallpapers.apk
I/PackageManager( 3823): Running patchoat on: com.cyanogenmod.wallpapers
E/installd( 4011): Running /system/bin/patchoat isa=arm in-fd=5 (/system/app/CMWallpapers/arm/CMWallpapers.odex) out-fd=6 (/data/dalvik-cache/arm/system@app@CMWallpapers@CMWallpapers.apk@classes.dex)
I/art     ( 3823): DexFile_isDexOptNeeded failed to open oat file '/data/dalvik-cache/arm/system@app@LockClock@LockClock.apk@classes.dex' for file location '/system/app/LockClock/LockClock.apk': Failed to open oat filename for reading: No such file or directory
I/art     ( 3823): DexFile_isDexOptNeeded file /system/app/LockClock/arm/LockClock.odex needs to be relocated for /system/app/LockClock/LockClock.apk
I/PackageManager( 3823): Running patchoat on: com.cyanogenmod.lockclock
E/installd( 4012): Running /system/bin/patchoat isa=arm in-fd=5 (/system/app/LockClock/arm/LockClock.odex) out-fd=6 (/data/dalvik-cache/arm/system@app@LockClock@LockClock.apk@classes.dex)
I/art     ( 3823): DexFile_isDexOptNeeded failed to open oat file '/data/dalvik-cache/arm/system@app@Camera2@Camera2.apk@classes.dex' for file location '/system/app/Camera2/Camera2.apk': Failed to open oat filename for reading: No such file or directory
I/art     ( 3823): DexFile_isDexOptNeeded file /system/app/Camera2/arm/Camera2.odex needs to be relocated for /system/app/Camera2/Camera2.apk
I/PackageManager( 3823): Running patchoat on: com.android.camera2
E/installd( 4013): Running /system/bin/patchoat isa=arm in-fd=5 (/system/app/Camera2/arm/Camera2.odex) out-fd=6 (/data/dalvik-cache/arm/system@app@Camera2@Camera2.apk@classes.dex)
I/art     ( 3823): DexFile_isDexOptNeeded failed to open oat file '/data/dalvik-cache/arm/system@app@CMFileManager@CMFileManager.apk@classes.dex' for file location '/system/app/CMFileManager/CMFileManager.apk': Failed to open oat filename for reading: No such file or directory
I/art     ( 3823): DexFile_isDexOptNeeded file /system/app/CMFileManager/arm/CMFileManager.odex needs to be relocated for /system/app/CMFileManager/CMFileManager.apk
I/PackageManager( 3823): Running patchoat on: com.cyanogenmod.filemanager
E/installd( 4014): Running /system/bin/patchoat isa=arm in-fd=5 (/system/app/CMFileManager/arm/CMFileManager.odex) out-fd=6 (/data/dalvik-cache/arm/system@app@CMFileManager@CMFileManager.apk@classes.dex)
I/art     ( 3823): DexFile_isDexOptNeeded failed to open oat file '/data/dalvik-cache/arm/system@app@WAPPushManager@WAPPushManager.apk@classes.dex' for file location '/system/app/WAPPushManager/WAPPushManager.apk': Failed to open oat filename for reading: No such file or directory
I/art     ( 3823): DexFile_isDexOptNeeded file /system/app/WAPPushManager/arm/WAPPushManager.odex needs to be relocated for /system/app/WAPPushManager/WAPPushManager.apk
I/PackageManager( 3823): Running patchoat on: com.android.smspush
E/installd( 4015): Running /system/bin/patchoat isa=arm in-fd=5 (/system/app/WAPPushManager/arm/WAPPushManager.odex) out-fd=6 (/data/dalvik-cache/arm/system@app@WAPPushManager@WAPPushManager.apk@classes.dex)
I/art     ( 3823): DexFile_isDexOptNeeded failed to open oat file '/data/dalvik-cache/arm/system@app@Galaxy4@Galaxy4.apk@classes.dex' for file location '/system/app/Galaxy4/Galaxy4.apk': Failed to open oat filename for reading: No such file or directory
I/art     ( 3823): DexFile_isDexOptNeeded file /system/app/Galaxy4/arm/Galaxy4.odex needs to be relocated for /system/app/Galaxy4/Galaxy4.apk
I/PackageManager( 3823): Running patchoat on: com.android.galaxy4
E/installd( 4016): Running /system/bin/patchoat isa=arm in-fd=5 (/system/app/Galaxy4/arm/Galaxy4.odex) out-fd=6 (/data/dalvik-cache/arm/system@app@Galaxy4@Galaxy4.apk@classes.dex)
I/art     ( 3823): DexFile_isDexOptNeeded failed to open oat file '/data/dalvik-cache/arm/system@priv-app@DownloadProvider@DownloadProvider.apk@classes.dex' for file location '/system/priv-app/DownloadProvider/DownloadProvider.apk': Failed to open oat filename for reading: No such file or directory
I/art     ( 3823): DexFile_isDexOptNeeded file /system/priv-app/DownloadProvider/arm/DownloadProvider.odex needs to be relocated for /system/priv-app/DownloadProvider/DownloadProvider.apk
I/PackageManager( 3823): Running patchoat on: com.android.providers.downloads
E/installd( 4017): Running /system/bin/patchoat isa=arm in-fd=5 (/system/priv-app/DownloadProvider/arm/DownloadProvider.odex) out-fd=6 (/data/dalvik-cache/arm/system@priv-app@DownloadProvider@DownloadProvider.apk@classes.dex)
I/art     ( 3823): DexFile_isDexOptNeeded failed to open oat file '/data/dalvik-cache/arm/system@priv-app@Mms@Mms.apk@classes.dex' for file location '/system/priv-app/Mms/Mms.apk': Failed to open oat filename for reading: No such file or directory
I/art     ( 3823): DexFile_isDexOptNeeded file /system/priv-app/Mms/arm/Mms.odex needs to be relocated for /system/priv-app/Mms/Mms.apk
I/PackageManager( 3823): Running patchoat on: com.android.mms
E/installd( 4025): Running /system/bin/patchoat isa=arm in-fd=5 (/system/priv-app/Mms/arm/Mms.odex) out-fd=6 (/data/dalvik-cache/arm/system@priv-app@Mms@Mms.apk@classes.dex)
I/art     ( 3823): DexFile_isDexOptNeeded failed to open oat file '/data/dalvik-cache/arm/system@app@NoiseField@NoiseField.apk@classes.dex' for file location '/system/app/NoiseField/NoiseField.apk': Failed to open oat filename for reading: No such file or directory
I/art     ( 3823): DexFile_isDexOptNeeded file /system/app/NoiseField/arm/NoiseField.odex needs to be relocated for /system/app/NoiseField/NoiseField.apk
I/PackageManager( 3823): Running patchoat on: com.android.noisefield
E/installd( 4027): Running /system/bin/patchoat isa=arm in-fd=5 (/system/app/NoiseField/arm/NoiseField.odex) out-fd=6 (/data/dalvik-cache/arm/system@app@NoiseField@NoiseField.apk@classes.dex)
I/art     ( 3823): DexFile_isDexOptNeeded failed to open oat file '/data/dalvik-cache/arm/system@app@BasicDreams@BasicDreams.apk@classes.dex' for file location '/system/app/BasicDreams/BasicDreams.apk': Failed to open oat filename for reading: No such file or directory
I/art     ( 3823): DexFile_isDexOptNeeded file /system/app/BasicDreams/arm/BasicDreams.odex needs to be relocated for /system/app/BasicDreams/BasicDreams.apk
I/PackageManager( 3823): Running patchoat on: com.android.dreams.basic
E/installd( 4028): Running /system/bin/patchoat isa=arm in-fd=5 (/system/app/BasicDreams/arm/BasicDreams.odex) out-fd=6 (/data/dalvik-cache/arm/system@app@BasicDreams@BasicDreams.apk@classes.dex)
I/art     ( 3823): DexFile_isDexOptNeeded failed to open oat file '/data/dalvik-cache/arm/system@priv-app@BackupRestoreConfirmation@BackupRestoreConfirmation.apk@classes.dex' for file location '/system/priv-app/BackupRestoreConfirmation/BackupRestoreConfirmation.apk': Failed to open oat filename for reading: No such file or directory
I/art     ( 3823): DexFile_isDexOptNeeded file /system/priv-app/BackupRestoreConfirmation/arm/BackupRestoreConfirmation.odex needs to be relocated for /system/priv-app/BackupRestoreConfirmation/BackupRestoreConfirmation.apk
I/PackageManager( 3823): Running patchoat on: com.android.backupconfirm
E/installd( 4029): Running /system/bin/patchoat isa=arm in-fd=5 (/system/priv-app/BackupRestoreConfirmation/arm/BackupRestoreConfirmation.odex) out-fd=6 (/data/dalvik-cache/arm/system@priv-app@BackupRestoreConfirmation@BackupRestoreConfirmation.apk@classes.dex)
I/art     ( 3823): DexFile_isDexOptNeeded failed to open oat file '/data/dalvik-cache/arm/system@app@Exchange2@Exchange2.apk@classes.dex' for file location '/system/app/Exchange2/Exchange2.apk': Failed to open oat filename for reading: No such file or directory
I/art     ( 3823): DexFile_isDexOptNeeded file /system/app/Exchange2/arm/Exchange2.odex needs to be relocated for /system/app/Exchange2/Exchange2.apk
I/PackageManager( 3823): Running patchoat on: com.android.exchange
E/installd( 4030): Running /system/bin/patchoat isa=arm in-fd=5 (/system/app/Exchange2/arm/Exchange2.odex) out-fd=6 (/data/dalvik-cache/arm/system@app@Exchange2@Exchange2.apk@classes.dex)
I/art     ( 3823): DexFile_isDexOptNeeded failed to open oat file '/data/dalvik-cache/arm/system@app@PhotoPhase@PhotoPhase.apk@classes.dex' for file location '/system/app/PhotoPhase/PhotoPhase.apk': Failed to open oat filename for reading: No such file or directory
I/art     ( 3823): DexFile_isDexOptNeeded file /system/app/PhotoPhase/arm/PhotoPhase.odex needs to be relocated for /system/app/PhotoPhase/PhotoPhase.apk
I/PackageManager( 3823): Running patchoat on: org.cyanogenmod.wallpapers.photophase
E/installd( 4033): Running /system/bin/patchoat isa=arm in-fd=5 (/system/app/PhotoPhase/arm/PhotoPhase.odex) out-fd=6 (/data/dalvik-cache/arm/system@app@PhotoPhase@PhotoPhase.apk@classes.dex)
I/art     ( 3823): DexFile_isDexOptNeeded failed to open oat file '/data/dalvik-cache/arm/system@app@Calendar@Calendar.apk@classes.dex' for file location '/system/app/Calendar/Calendar.apk': Failed to open oat filename for reading: No such file or directory
I/art     ( 3823): DexFile_isDexOptNeeded file /system/app/Calendar/arm/Calendar.odex needs to be relocated for /system/app/Calendar/Calendar.apk
I/PackageManager( 3823): Running patchoat on: com.android.calendar
E/installd( 4034): Running /system/bin/patchoat isa=arm in-fd=5 (/system/app/Calendar/arm/Calendar.odex) out-fd=6 (/data/dalvik-cache/arm/system@app@Calendar@Calendar.apk@classes.dex)
I/art     ( 3823): DexFile_isDexOptNeeded failed to open oat file '/data/dalvik-cache/arm/system@priv-app@SharedStorageBackup@SharedStorageBackup.apk@classes.dex' for file location '/system/priv-app/SharedStorageBackup/SharedStorageBackup.apk': Failed to open oat filename for reading: No such file or directory
I/art     ( 3823): DexFile_isDexOptNeeded file /system/priv-app/SharedStorageBackup/arm/SharedStorageBackup.odex needs to be relocated for /system/priv-app/SharedStorageBackup/SharedStorageBackup.apk
I/PackageManager( 3823): Running patchoat on: com.android.sharedstoragebackup
E/installd( 4035): Running /system/bin/patchoat isa=arm in-fd=5 (/system/priv-app/SharedStorageBackup/arm/SharedStorageBackup.odex) out-fd=6 (/data/dalvik-cache/arm/system@priv-app@SharedStorageBackup@SharedStorageBackup.apk@classes.dex)
I/art     ( 3823): DexFile_isDexOptNeeded failed to open oat file '/data/dalvik-cache/arm/system@app@Calculator@Calculator.apk@classes.dex' for file location '/system/app/Calculator/Calculator.apk': Failed to open oat filename for reading: No such file or directory
I/art     ( 3823): DexFile_isDexOptNeeded file /system/app/Calculator/arm/Calculator.odex needs to be relocated for /system/app/Calculator/Calculator.apk
I/PackageManager( 3823): Running patchoat on: com.android.calculator2
E/installd( 4036): Running /system/bin/patchoat isa=arm in-fd=5 (/system/app/Calculator/arm/Calculator.odex) out-fd=6 (/data/dalvik-cache/arm/system@app@Calculator@Calculator.apk@classes.dex)
I/SystemServer( 3823): LockSettingsService
I/SystemServiceManager( 3823): Starting com.android.server.devicepolicy.DevicePolicyManagerService$Lifecycle
I/SystemServer( 3823): Status Bar
I/SystemServer( 3823): Clipboard Service
W/ClipboardService( 3823): No security bridge jar found, using default
I/SystemServer( 3823): TorchService
W/SurfaceFlinger( 3691): Ignoring duplicate VSYNC event from HWC (t=20480088126)
W/SurfaceFlinger( 3691): Ignoring duplicate VSYNC event from HWC (t=20750102460)
W/SurfaceFlinger( 3691): Ignoring duplicate VSYNC event from HWC (t=20885128835)
W/SurfaceFlinger( 3691): Ignoring duplicate VSYNC event from HWC (t=21425197793)
W/SurfaceFlinger( 3691): Ignoring duplicate VSYNC event from HWC (t=21965285751)
W/SurfaceFlinger( 3691): Ignoring duplicate VSYNC event from HWC (t=22235317126)
W/SurfaceFlinger( 3691): Ignoring duplicate VSYNC event from HWC (t=26405123919)
W/SurfaceFlinger( 3691): Ignoring duplicate VSYNC event from HWC (t=26540174627)
W/SurfaceFlinger( 3691): Ignoring duplicate VSYNC event from HWC (t=33545140003)
W/SurfaceFlinger( 3691): Ignoring duplicate VSYNC event from HWC (t=34625204003)
W/SurfaceFlinger( 3691): Ignoring duplicate VSYNC event from HWC (t=34760265211)
W/SurfaceFlinger( 3691): Ignoring duplicate VSYNC event from HWC (t=38255071503)
W/SurfaceFlinger( 3691): Ignoring duplicate VSYNC event from HWC (t=38525162128)
W/SurfaceFlinger( 3691): Ignoring duplicate VSYNC event from HWC (t=46205436879)
W/SurfaceFlinger( 3691): Ignoring duplicate VSYNC event from HWC (t=46745595463)
W/SurfaceFlinger( 3691): Ignoring duplicate VSYNC event from HWC (t=54020520630)
W/SurfaceFlinger( 3691): Ignoring duplicate VSYNC event from HWC (t=54425565547)
W/SurfaceFlinger( 3691): Ignoring duplicate VSYNC event from HWC (t=54560641339)
W/SurfaceFlinger( 3691): Ignoring duplicate VSYNC event from HWC (t=59810442214)
W/SurfaceFlinger( 3691): Ignoring duplicate VSYNC event from HWC (t=59945440798)
W/SurfaceFlinger( 3691): Ignoring duplicate VSYNC event from HWC (t=61160539464)
W/SurfaceFlinger( 3691): Ignoring duplicate VSYNC event from HWC (t=61565637589)
W/SurfaceFlinger( 3691): Ignoring duplicate VSYNC event from HWC (t=61700626381)
W/SurfaceFlinger( 3691): Ignoring duplicate VSYNC event from HWC (t=61835644131)
W/SurfaceFlinger( 3691): Ignoring duplicate VSYNC event from HWC (t=65211333465)
W/SurfaceFlinger( 3691): Ignoring duplicate VSYNC event from HWC (t=92330596801)
W/SurfaceFlinger( 3691): Ignoring duplicate VSYNC event from HWC (t=100820514552)
W/SurfaceFlinger( 3691): Ignoring duplicate VSYNC event from HWC (t=100955489177)
W/SurfaceFlinger( 3691): Ignoring duplicate VSYNC event from HWC (t=101630467886)
W/SurfaceFlinger( 3691): Ignoring duplicate VSYNC event from HWC (t=105800486886)
W/SurfaceFlinger( 3691): Ignoring duplicate VSYNC event from HWC (t=108635685845)
W/SurfaceFlinger( 3691): Ignoring duplicate VSYNC event from HWC (t=110930710470)
W/SurfaceFlinger( 3691): Ignoring duplicate VSYNC event from HWC (t=119470474513)
W/SurfaceFlinger( 3691): Ignoring duplicate VSYNC event from HWC (t=120145562305)
W/SurfaceFlinger( 3691): Ignoring duplicate VSYNC event from HWC (t=121090631888)
W/SurfaceFlinger( 3691): Ignoring duplicate VSYNC event from HWC (t=121225632180)
W/SurfaceFlinger( 3691): Ignoring duplicate VSYNC event from HWC (t=126475575306)
W/SurfaceFlinger( 3691): Ignoring duplicate VSYNC event from HWC (t=131185495514)
W/SurfaceFlinger( 3691): Ignoring duplicate VSYNC event from HWC (t=131320553848)
W/SurfaceFlinger( 3691): Ignoring duplicate VSYNC event from HWC (t=131725537223)
W/SurfaceFlinger( 3691): Ignoring duplicate VSYNC event from HWC (t=137785519640)
W/SurfaceFlinger( 3691): Ignoring duplicate VSYNC event from HWC (t=138460525265)
W/SurfaceFlinger( 3691): Ignoring duplicate VSYNC event from HWC (t=138730550140)
