W/PackageManager( 3823): Unknown permission com.google.android.googleapps.permission.GOOGLE_AUTH in package com.android.settings
W/PackageManager( 3823): Unknown permission com.android.launcher.permission.READ_SETTINGS in package com.android.settings
W/PackageManager( 3823): Unknown permission com.android.launcher.permission.WRITE_SETTINGS in package com.android.settings
W/PackageManager( 3823): Not granting permission android.permission.DELETE_PACKAGES to package com.svox.pico (protectionLevel=18 flags=0x8be45)
W/PackageManager( 3823): Unknown permission com.google.android.c2dm.permission.RECEIVE in package org.whispersystems.whisperpush
W/PackageManager( 3823): Not granting permission android.permission.BIND_WALLPAPER to package com.android.camera2 (protectionLevel=18 flags=0x58bc45)
W/PackageManager( 3823): Unknown permission com.google.android.gallery3d.permission.GALLERY_PROVIDER in package com.android.bluetooth
W/PackageManager( 3823): Unknown permission com.android.launcher.permission.READ_SETTINGS in package com.android.onetimeinitializer
W/PackageManager( 3823): Unknown permission com.android.launcher.permission.WRITE_SETTINGS in package com.android.onetimeinitializer
W/PackageManager( 3823): Unknown permission com.google.android.c2dm.permission.RECEIVE in package com.cyanogenmod.account
W/PackageManager( 3823): Not granting permission android.permission.DEVICE_POWER to package com.android.deskclock (protectionLevel=2 flags=0x48be45)
W/PackageManager( 3823): Unknown permission com.android.deskclock.worldclock.permissions.WRITE_DATABASE in package com.android.deskclock
W/PackageManager( 3823): Unknown permission com.google.android.googleapps.permission.GOOGLE_AUTH in package com.android.providers.calendar
W/PackageManager( 3823): Unknown permission com.google.android.googleapps.permission.GOOGLE_AUTH.cl in package com.android.providers.calendar
W/PackageManager( 3823): Not granting permission android.permission.WRITE_MEDIA_STORAGE to package com.android.soundrecorder (protectionLevel=18 flags=0x8be45)
W/PackageManager( 3823): Unknown permission android.permission.INSTALL_DRM in package com.android.mms
W/PackageManager( 3823): Unknown permission com.qualcomm.permission.USE_PHONE_SERVICE in package com.android.mms
W/PackageManager( 3823): Not granting permission android.permission.MANAGE_DOCUMENTS to package com.android.mms (protectionLevel=2 flags=0x4049be65)
W/PackageManager( 3823): Not granting permission android.permission.ACCESS_DOWNLOAD_MANAGER to package com.android.browser (protectionLevel=18 flags=0x49be45)
W/PackageManager( 3823): Not granting permission android.permission.SEND_DOWNLOAD_COMPLETED_INTENTS to package com.android.browser (protectionLevel=2 flags=0x49be45)
W/PackageManager( 3823): Unknown permission com.google.android.googleapps.permission.ACCESS_GOOGLE_PASSWORD in package com.android.development
W/PackageManager( 3823): Unknown permission com.google.android.googleapps.permission.GOOGLE_AUTH in package com.android.development
W/PackageManager( 3823): Unknown permission com.google.android.googleapps.permission.GOOGLE_AUTH.ALL_SERVICES in package com.android.development
W/PackageManager( 3823): Unknown permission com.google.android.googleapps.permission.GOOGLE_AUTH.YouTubeUser in package com.android.development
W/PackageManager( 3823): Unknown permission com.android.launcher.permission.READ_SETTINGS in package com.cyanogenmod.trebuchet
W/PackageManager( 3823): Unknown permission com.android.launcher.permission.WRITE_SETTINGS in package com.cyanogenmod.trebuchet
W/PackageManager( 3823): Unknown permission android.permission.CANCEL_NOTIFICATIONS in package org.cyanogenmod.theme.chooser
V/PackageManager( 3823): Disabling com.google.android.gsf/com.google.android.gsf.update.SystemUpdateActivity
W/PackageManager( 3823): Unable to disable com.google.android.gsf/com.google.android.gsf.update.SystemUpdateActivity
V/PackageManager( 3823): Disabling com.google.android.gsf/com.google.android.gsf.update.SystemUpdateService$Receiver
W/PackageManager( 3823): Unable to disable com.google.android.gsf/com.google.android.gsf.update.SystemUpdateService$Receiver
V/PackageManager( 3823): Disabling com.google.android.gsf/com.google.android.gsf.update.SystemUpdateService$SecretCodeReceiver
W/PackageManager( 3823): Unable to disable com.google.android.gsf/com.google.android.gsf.update.SystemUpdateService$SecretCodeReceiver
V/PackageManager( 3823): Disabling com.google.android.gms/com.google.android.gms.update.SystemUpdateActivity
W/PackageManager( 3823): Unable to disable com.google.android.gms/com.google.android.gms.update.SystemUpdateActivity
V/PackageManager( 3823): Disabling com.google.android.gms/com.google.android.gms.update.SystemUpdateService$Receiver
W/PackageManager( 3823): Unable to disable com.google.android.gms/com.google.android.gms.update.SystemUpdateService$Receiver
V/PackageManager( 3823): Disabling com.google.android.gms/com.google.android.gms.update.SystemUpdateService$ActiveReceiver
W/PackageManager( 3823): Unable to disable com.google.android.gms/com.google.android.gms.update.SystemUpdateService$ActiveReceiver
V/PackageManager( 3823): Disabling com.google.android.gms/com.google.android.gms.update.SystemUpdateService$SecretCodeReceiver
W/PackageManager( 3823): Unable to disable com.google.android.gms/com.google.android.gms.update.SystemUpdateService$SecretCodeReceiver
V/PackageManager( 3823): Enabling com.google.android.gsf/com.google.android.gsf.update.SystemUpdateService
W/PackageManager( 3823): Unable to enable com.google.android.gsf/com.google.android.gsf.update.SystemUpdateService
V/PackageManager( 3823): Enabling com.google.android.gms/com.google.android.gms.update.SystemUpdateService
W/PackageManager( 3823): Unable to enable com.google.android.gms/com.google.android.gms.update.SystemUpdateService
I/PackageManager( 3823): Build fingerprint changed; clearing code caches
I/art     ( 3823): Explicit concurrent mark sweep GC freed 75326(4MB) AllocSpace objects, 39(1073KB) LOS objects, 33% free, 18MB/27MB, paused 1.241ms total 30.717ms
I/SystemServer( 3823): User Service
I/lowmemorykiller( 3673): ActivityManager connected
I/SystemServiceManager( 3823): Starting com.android.server.lights.LightsService
I/SystemServiceManager( 3823): Starting com.android.server.BatteryService
I/SystemServiceManager( 3823): Starting com.android.server.usage.UsageStatsService
I/SystemServiceManager( 3823): Starting com.android.server.webkit.WebViewUpdateService
I/SystemServer( 3823): Reading configuration...
I/SystemServer( 3823): Scheduling Policy
I/SystemServer( 3823): Telephony Registry
I/SystemServer( 3823): Entropy Mixer
I/EntropyMixer( 3823): Added HW RNG output to entropy pool
I/EntropyMixer( 3823): Writing entropy...
I/SystemServer( 3823): Account Manager
I/SystemServer( 3823): Content Manager
I/SystemServer( 3823): System Content Providers
W/ActivityManager( 3823): Can't addPackageDependency on system process
W/CoreSettingsObserver( 3823): Cannot find setting "debug_view_attributes"
W/CoreSettingsObserver( 3823): android.provider.Settings$SettingNotFoundException: debug_view_attributes
W/CoreSettingsObserver( 3823): 	at android.provider.Settings$Global.getInt(Settings.java:8060)
W/CoreSettingsObserver( 3823): 	at com.android.server.am.CoreSettingsObserver.populateSettings(CoreSettingsObserver.java:129)
W/CoreSettingsObserver( 3823): 	at com.android.server.am.CoreSettingsObserver.sendCoreSettings(CoreSettingsObserver.java:82)
W/CoreSettingsObserver( 3823): 	at com.android.server.am.CoreSettingsObserver.<init>(CoreSettingsObserver.java:65)
W/CoreSettingsObserver( 3823): 	at com.android.server.am.ActivityManagerService.installSystemProviders(ActivityManagerService.java:9976)
W/CoreSettingsObserver( 3823): 	at com.android.server.SystemServer.startOtherServices(SystemServer.java:482)
W/CoreSettingsObserver( 3823): 	at com.android.server.SystemServer.run(SystemServer.java:284)
W/CoreSettingsObserver( 3823): 	at com.android.server.SystemServer.main(SystemServer.java:185)
W/CoreSettingsObserver( 3823): 	at java.lang.reflect.Method.invoke(Native Method)
W/CoreSettingsObserver( 3823): 	at java.lang.reflect.Method.invoke(Method.java:372)
W/CoreSettingsObserver( 3823): 	at com.android.internal.os.ZygoteInit$MethodAndArgsCaller.run(ZygoteInit.java:898)
W/CoreSettingsObserver( 3823): 	at com.android.internal.os.ZygoteInit.main(ZygoteInit.java:693)
I/SystemServer( 3823): Vibrator Service
I/SystemServer( 3823): Consumer IR Service
I/SystemServiceManager( 3823): Starting com.android.server.AlarmManagerService
D/AlarmManagerService( 3823): Kernel timezone updated to 180 minutes west of GMT
I/SystemServer( 3823): Init Watchdog
I/SystemServer( 3823): Input Manager
I/InputManager( 3823): Initializing input manager, mUseDevInputEventForAudioJack=false
I/SystemServer( 3823): Window Manager
I/WindowManager( 3823): No existing display settings /data/system/display_settings.xml; starting empty
D/PermissionCache( 3691): checking android.permission.ACCESS_SURFACE_FLINGER for uid=1000 => granted (640 us)
W/Settings( 3823): Setting dev_force_show_navbar has moved from android.provider.Settings.System to android.provider.Settings.Secure, returning Secure URI.
I/InputManager( 3823): Starting input manager
I/SystemServer( 3823): Bluetooth Manager Service
D/EventHub( 3823): No input device configuration file found for device 'hrm_sensor'.
D/BluetoothManagerService( 3823): Loading stored name and address
D/BluetoothManagerService( 3823): Stored bluetooth Name=SM-G900H,Address=14:B4:84:6F:66:79
I/SystemServer( 3823): Input Method Service
W/InputMethodManagerService( 3823): Couldn't create dir.: /data/system/inputmethod
I/SystemServer( 3823): Accessibility Manager
I/ActivityManager( 3823): Config changes=1df8 {1.0 ?mcc?mnc es_ES ldltr sw360dp w360dp h640dp 480dpi nrml long port ?uimode ?night -touch -keyb/v/h -nav/h s.2 themeResource=null}
I/ActivityManager( 3823): Config changes=400 {1.0 ?mcc?mnc es_ES ldltr sw360dp w360dp h615dp 480dpi nrml long port ?uimode ?night -touch -keyb/v/h -nav/h s.3 themeResource=null}
D/EventHub( 3823): No input device configuration file found for device 'ssp_context'.
I/SystemServer( 3823): Mount Service
D/MountService( 3823): got storage path: /storage/sdcard0 description: Almacenamiento interno primary: true removable: false emulated: true mtpReserve: 100 allowMassStorage: false maxFileSize: 0
D/MountService( 3823): addVolumeLocked() StorageVolume:
D/MountService( 3823):     mStorageId=65537 mPath=/storage/emulated/0 mDescriptionId=17040999 
D/MountService( 3823):     mPrimary=true mRemovable=false mEmulated=true mMtpReserveSpace=100 
D/MountService( 3823):     mAllowMassStorage=false mMaxFileSize=0 mOwner=UserHandle{0} mUuid=null 
D/MountService( 3823):     mUserLabel=null mState=null 
D/MountService( 3823): got storage path: /storage/sdcard1 description: Tarjeta SD primary: false removable: true emulated: false mtpReserve: 0 allowMassStorage: true maxFileSize: 0
D/MountService( 3823): addVolumeLocked() StorageVolume:
D/MountService( 3823):     mStorageId=0 mPath=/storage/sdcard1 mDescriptionId=17041000 mPrimary=false 
D/MountService( 3823):     mRemovable=true mEmulated=false mMtpReserveSpace=0 mAllowMassStorage=true 
D/MountService( 3823):     mMaxFileSize=0 mOwner=null mUuid=null mUserLabel=null mState=null 
D/MountService( 3823): got storage path: /storage/usbdisk description: Almacenamiento USB primary: false removable: true emulated: false mtpReserve: 0 allowMassStorage: false maxFileSize: 0
D/MountService( 3823): addVolumeLocked() StorageVolume:
D/MountService( 3823):     mStorageId=0 mPath=/storage/usbdisk mDescriptionId=17041001 mPrimary=false 
D/MountService( 3823):     mRemovable=true mEmulated=false mMtpReserveSpace=0 mAllowMassStorage=false 
D/MountService( 3823):     mMaxFileSize=0 mOwner=null mUuid=null mUserLabel=null mState=null 
I/UsageStatsService( 3823): User[0] Rollover scheduled @ 2015-07-17 21:00:00(1437177600000)
I/art     ( 3823): DexFile_isDexOptNeeded failed to open oat file '/data/dalvik-cache/arm/system@priv-app@Telecom@Telecom.apk@classes.dex' for file location '/system/priv-app/Telecom/Telecom.apk': Failed to open oat filename for reading: No such file or directory
I/art     ( 3823): DexFile_isDexOptNeeded file /system/priv-app/Telecom/arm/Telecom.odex needs to be relocated for /system/priv-app/Telecom/Telecom.apk
I/PackageManager( 3823): Running patchoat on: com.android.server.telecom
E/MountService( 3823): Error processing initial volume state
E/MountService( 3823): java.lang.NullPointerException: Attempt to invoke virtual method 'java.lang.String android.os.storage.StorageVolume.getPath()' on a null object reference
E/MountService( 3823): 	at com.android.server.MountService.updatePublicVolumeState(MountService.java:752)
E/MountService( 3823): 	at com.android.server.MountService.access$1700(MountService.java:119)
E/MountService( 3823): 	at com.android.server.MountService$3.run(MountService.java:860)
E/installd( 3930): Running /system/bin/patchoat isa=arm in-fd=5 (/system/priv-app/Telecom/arm/Telecom.odex) out-fd=6 (/data/dalvik-cache/arm/system@priv-app@Telecom@Telecom.apk@classes.dex)
I/PackageManager( 3823): No secure containers found
W/PackageManager( 3823): Unknown permission com.google.android.googleapps.permission.GOOGLE_AUTH.mail in package com.android.calendar
W/PackageManager( 3823): Unknown permission com.qualcomm.permission.USE_PHONE_SERVICE in package com.android.dialer
W/PackageManager( 3823): Unknown permission android.permission.ACCESS_SUPERUSER in package com.cyanogenmod.filemanager
W/PackageManager( 3823): Unknown permission com.cyanogenmod.filemanager.permissions.READ_THEME in package com.cyanogenmod.filemanager
W/PackageManager( 3823): Unknown permission com.cyngn.cmstats.SEND_ANALYTICS in package com.cyanogenmod.setupwizard
W/PackageManager( 3823): Unknown permission com.google.android.gallery3d.permission.PICASA_STORE in package com.android.dreams.phototable
W/PackageManager( 3823): Unknown permission com.google.android.googleapps.permission.GOOGLE_AUTH in package com.android.settings
W/PackageManager( 3823): Unknown permission com.android.launcher.permission.READ_SETTINGS in package com.android.settings
W/PackageManager( 3823): Unknown permission com.android.launcher.permission.WRITE_SETTINGS in package com.android.settings
W/PackageManager( 3823): Not granting permission android.permission.DELETE_PACKAGES to package com.svox.pico (protectionLevel=18 flags=0x8be45)
W/PackageManager( 3823): Unknown permission com.google.android.c2dm.permission.RECEIVE in package org.whispersystems.whisperpush
W/PackageManager( 3823): Not granting permission android.permission.BIND_WALLPAPER to package com.android.camera2 (protectionLevel=18 flags=0x58bc45)
W/PackageManager( 3823): Unknown permission com.google.android.gallery3d.permission.GALLERY_PROVIDER in package com.android.bluetooth
W/PackageManager( 3823): Unknown permission com.android.launcher.permission.READ_SETTINGS in package com.android.onetimeinitializer
W/PackageManager( 3823): Unknown permission com.android.launcher.permission.WRITE_SETTINGS in package com.android.onetimeinitializer
W/PackageManager( 3823): Unknown permission com.google.android.c2dm.permission.RECEIVE in package com.cyanogenmod.account
W/PackageManager( 3823): Not granting permission android.permission.DEVICE_POWER to package com.android.deskclock (protectionLevel=2 flags=0x48be45)
W/PackageManager( 3823): Unknown permission com.android.deskclock.worldclock.permissions.WRITE_DATABASE in package com.android.deskclock
W/PackageManager( 3823): Unknown permission com.google.android.googleapps.permission.GOOGLE_AUTH in package com.android.providers.calendar
W/PackageManager( 3823): Unknown permission com.google.android.googleapps.permission.GOOGLE_AUTH.cl in package com.android.providers.calendar
W/PackageManager( 3823): Not granting permission android.permission.WRITE_MEDIA_STORAGE to package com.android.soundrecorder (protectionLevel=18 flags=0x8be45)
W/PackageManager( 3823): Unknown permission android.permission.INSTALL_DRM in package com.android.mms
W/PackageManager( 3823): Unknown permission com.qualcomm.permission.USE_PHONE_SERVICE in package com.android.mms
W/PackageManager( 3823): Not granting permission android.permission.MANAGE_DOCUMENTS to package com.android.mms (protectionLevel=2 flags=0x4049be65)
W/PackageManager( 3823): Not granting permission android.permission.ACCESS_DOWNLOAD_MANAGER to package com.android.browser (protectionLevel=18 flags=0x49be45)
W/PackageManager( 3823): Not granting permission android.permission.SEND_DOWNLOAD_COMPLETED_INTENTS to package com.android.browser (protectionLevel=2 flags=0x49be45)
W/PackageManager( 3823): Unknown permission com.google.android.googleapps.permission.ACCESS_GOOGLE_PASSWORD in package com.android.development
W/PackageManager( 3823): Unknown permission com.google.android.googleapps.permission.GOOGLE_AUTH in package com.android.development
W/PackageManager( 3823): Unknown permission com.google.android.googleapps.permission.GOOGLE_AUTH.ALL_SERVICES in package com.android.development
W/PackageManager( 3823): Unknown permission com.google.android.googleapps.permission.GOOGLE_AUTH.YouTubeUser in package com.android.development
W/PackageManager( 3823): Unknown permission com.android.launcher.permission.READ_SETTINGS in package com.cyanogenmod.trebuchet
W/PackageManager( 3823): Unknown permission com.android.launcher.permission.WRITE_SETTINGS in package com.cyanogenmod.trebuchet
W/PackageManager( 3823): Unknown permission android.permission.CANCEL_NOTIFICATIONS in package org.cyanogenmod.theme.chooser
D/EventHub( 3823): No input device configuration file found for device 'meta_event'.
D/OpenGLRenderer( 3823): Render dirty regions requested: true
I/art     ( 3823): DexFile_isDexOptNeeded failed to open oat file '/data/dalvik-cache/arm/system@priv-app@ProxyHandler@ProxyHandler.apk@classes.dex' for file location '/system/priv-app/ProxyHandler/ProxyHandler.apk': Failed to open oat filename for reading: No such file or directory
I/art     ( 3823): DexFile_isDexOptNeeded file /system/priv-app/ProxyHandler/arm/ProxyHandler.odex needs to be relocated for /system/priv-app/ProxyHandler/ProxyHandler.apk
I/PackageManager( 3823): Running patchoat on: com.android.proxyhandler
E/installd( 3932): Running /system/bin/patchoat isa=arm in-fd=5 (/system/priv-app/ProxyHandler/arm/ProxyHandler.odex) out-fd=6 (/data/dalvik-cache/arm/system@priv-app@ProxyHandler@ProxyHandler.apk@classes.dex)
D/EventHub( 3823): No input device configuration file found for device 'step_cnt_sensor'.
D/EventHub( 3823): No input device configuration file found for device 'uncal_gyro_sensor'.
W/SurfaceFlinger( 3691): Ignoring duplicate VSYNC event from HWC (t=15771022084)
I/art     ( 3823): DexFile_isDexOptNeeded failed to open oat file '/data/dalvik-cache/arm/system@priv-app@TeleService@TeleService.apk@classes.dex' for file location '/system/priv-app/TeleService/TeleService.apk': Failed to open oat filename for reading: No such file or directory
I/art     ( 3823): DexFile_isDexOptNeeded file /system/priv-app/TeleService/arm/TeleService.odex needs to be relocated for /system/priv-app/TeleService/TeleService.apk
I/PackageManager( 3823): Running patchoat on: com.android.phone
E/installd( 3933): Running /system/bin/patchoat isa=arm in-fd=5 (/system/priv-app/TeleService/arm/TeleService.odex) out-fd=6 (/data/dalvik-cache/arm/system@priv-app@TeleService@TeleService.apk@classes.dex)
D/EventHub( 3823): No input device configuration file found for device 'sig_motion_sensor'.
D/EventHub( 3823): No input device configuration file found for device 'uncal_geomagnetic_sensor'.
I/        ( 3823): PLATFORM VERSION : JB-MR-2
I/OpenGLRenderer( 3823): Initialized EGL, version 1.4
I/art     ( 3823): DexFile_isDexOptNeeded failed to open oat file '/data/dalvik-cache/arm/system@priv-app@Shell@Shell.apk@classes.dex' for file location '/system/priv-app/Shell/Shell.apk': Failed to open oat filename for reading: No such file or directory
I/art     ( 3823): DexFile_isDexOptNeeded file /system/priv-app/Shell/arm/Shell.odex needs to be relocated for /system/priv-app/Shell/Shell.apk
I/PackageManager( 3823): Running patchoat on: com.android.shell
E/installd( 3946): Running /system/bin/patchoat isa=arm in-fd=5 (/system/priv-app/Shell/arm/Shell.odex) out-fd=6 (/data/dalvik-cache/arm/system@priv-app@Shell@Shell.apk@classes.dex)
D/OpenGLRenderer( 3823): Enabling debug mode 0
D/EventHub( 3823): No input device configuration file found for device 'geomagnetic_sensor'.
I/art     ( 3823): DexFile_isDexOptNeeded failed to open oat file '/data/dalvik-cache/arm/system@priv-app@TelephonyProvider@TelephonyProvider.apk@classes.dex' for file location '/system/priv-app/TelephonyProvider/TelephonyProvider.apk': Failed to open oat filename for reading: No such file or directory
I/art     ( 3823): DexFile_isDexOptNeeded file /system/priv-app/TelephonyProvider/arm/TelephonyProvider.odex needs to be relocated for /system/priv-app/TelephonyProvider/TelephonyProvider.apk
I/PackageManager( 3823): Running patchoat on: com.android.providers.telephony
E/installd( 3949): Running /system/bin/patchoat isa=arm in-fd=5 (/system/priv-app/TelephonyProvider/arm/TelephonyProvider.odex) out-fd=6 (/data/dalvik-cache/arm/system@priv-app@TelephonyProvider@TelephonyProvider.apk@classes.dex)
I/art     ( 3823): DexFile_isDexOptNeeded failed to open oat file '/data/dalvik-cache/arm/system@priv-app@MmsService@MmsService.apk@classes.dex' for file location '/system/priv-app/MmsService/MmsService.apk': Failed to open oat filename for reading: No such file or directory
I/art     ( 3823): DexFile_isDexOptNeeded file /system/priv-app/MmsService/arm/MmsService.odex needs to be relocated for /system/priv-app/MmsService/MmsService.apk
I/PackageManager( 3823): Running patchoat on: com.android.mms.service
E/installd( 3951): Running /system/bin/patchoat isa=arm in-fd=5 (/system/priv-app/MmsService/arm/MmsService.odex) out-fd=6 (/data/dalvik-cache/arm/system@priv-app@MmsService@MmsService.apk@classes.dex)
I/art     ( 3823): DexFile_isDexOptNeeded failed to open oat file '/data/dalvik-cache/arm/system@priv-app@Dialer@Dialer.apk@classes.dex' for file location '/system/priv-app/Dialer/Dialer.apk': Failed to open oat filename for reading: No such file or directory
I/art     ( 3823): DexFile_isDexOptNeeded file /system/priv-app/Dialer/arm/Dialer.odex needs to be relocated for /system/priv-app/Dialer/Dialer.apk
I/PackageManager( 3823): Running patchoat on: com.android.dialer
E/installd( 3952): Running /system/bin/patchoat isa=arm in-fd=5 (/system/priv-app/Dialer/arm/Dialer.odex) out-fd=6 (/data/dalvik-cache/arm/system@priv-app@Dialer@Dialer.apk@classes.dex)
I/SurfaceFlinger( 3691): Boot is finished (10896 ms)
D/EventHub( 3823): No input device configuration file found for device 'gesture_sensor'.
I/art     ( 3823): DexFile_isDexOptNeeded failed to open oat file '/data/dalvik-cache/arm/system@app@LatinIME@LatinIME.apk@classes.dex' for file location '/system/app/LatinIME/LatinIME.apk': Failed to open oat filename for reading: No such file or directory
I/art     ( 3823): DexFile_isDexOptNeeded file /system/app/LatinIME/arm/LatinIME.odex needs to be relocated for /system/app/LatinIME/LatinIME.apk
I/PackageManager( 3823): Running patchoat on: com.android.inputmethod.latin
E/installd( 3954): Running /system/bin/patchoat isa=arm in-fd=5 (/system/app/LatinIME/arm/LatinIME.odex) out-fd=6 (/data/dalvik-cache/arm/system@app@LatinIME@LatinIME.apk@classes.dex)
D/EventHub( 3823): No input device configuration file found for device 'temp_humidity_sensor'.
D/EventHub( 3823): No input device configuration file found for device 'proximity_sensor'.
D/EventHub( 3823): No input device configuration file found for device 'light_sensor'.
I/art     ( 3823): DexFile_isDexOptNeeded failed to open oat file '/data/dalvik-cache/arm/system@priv-app@DefaultContainerService@DefaultContainerService.apk@classes.dex' for file location '/system/priv-app/DefaultContainerService/DefaultContainerService.apk': Failed to open oat filename for reading: No such file or directory
I/art     ( 3823): DexFile_isDexOptNeeded file /system/priv-app/DefaultContainerService/arm/DefaultContainerService.odex needs to be relocated for /system/priv-app/DefaultContainerService/DefaultContainerService.apk
I/PackageManager( 3823): Running patchoat on: com.android.defcontainer
E/installd( 3955): Running /system/bin/patchoat isa=arm in-fd=5 (/system/priv-app/DefaultContainerService/arm/DefaultContainerService.odex) out-fd=6 (/data/dalvik-cache/arm/system@priv-app@DefaultContainerService@DefaultContainerService.apk@classes.dex)
D/EventHub( 3823): No input device configuration file found for device 'sii8240_rcp'.
W/EventHub( 3823): Unable to disable kernel key repeat for /dev/input/event0: Function not implemented
I/EventHub( 3823): New device: id=13, fd=108, path='/dev/input/event0', name='sii8240_rcp', classes=0x1, configuration='', keyLayout='/system/usr/keylayout/Generic.kl', keyCharacterMap='/system/usr/keychars/Generic.kcm', builtinKeyboard=false, wakeMechanism=EPOLLWAKEUP, usingClockIoctl=true
I/art     ( 3823): DexFile_isDexOptNeeded failed to open oat file '/data/dalvik-cache/arm/system@priv-app@SystemUI@SystemUI.apk@classes.dex' for file location '/system/priv-app/SystemUI/SystemUI.apk': Failed to open oat filename for reading: No such file or directory
I/art     ( 3823): DexFile_isDexOptNeeded file /system/priv-app/SystemUI/arm/SystemUI.odex needs to be relocated for /system/priv-app/SystemUI/SystemUI.apk
I/PackageManager( 3823): Running patchoat on: com.android.systemui
E/installd( 3956): Running /system/bin/patchoat isa=arm in-fd=5 (/system/priv-app/SystemUI/arm/SystemUI.odex) out-fd=6 (/data/dalvik-cache/arm/system@priv-app@SystemUI@SystemUI.apk@classes.dex)
I/art     ( 3823): DexFile_isDexOptNeeded failed to open oat file '/data/dalvik-cache/arm/system@priv-app@ManagedProvisioning@ManagedProvisioning.apk@classes.dex' for file location '/system/priv-app/ManagedProvisioning/ManagedProvisioning.apk': Failed to open oat filename for reading: No such file or directory
I/art     ( 3823): DexFile_isDexOptNeeded file /system/priv-app/ManagedProvisioning/arm/ManagedProvisioning.odex needs to be relocated for /system/priv-app/ManagedProvisioning/ManagedProvisioning.apk
I/PackageManager( 3823): Running patchoat on: com.android.managedprovisioning
E/installd( 3957): Running /system/bin/patchoat isa=arm in-fd=5 (/system/priv-app/ManagedProvisioning/arm/ManagedProvisioning.odex) out-fd=6 (/data/dalvik-cache/arm/system@priv-app@ManagedProvisioning@ManagedProvisioning.apk@classes.dex)
E/EventHub( 3823): could not get driver version for /dev/input/mice, Not a typewriter
I/AudioFlinger( 3694): Using module 1 has the primary audio interface
I/AudioFlinger( 3694): AudioFlinger's thread 0xb60bc000 ready to run
V/audio_hw_primary( 3694): do_out_standby: output standby: 1
V/audio_hw_primary( 3694): out_set_parameters: key value pairs: routing=2
--------- beginning of crash
F/libc    ( 3694): Fatal signal 11 (SIGSEGV), code 1, fault addr 0x4 in tid 3958 (AudioOut_2)
D/EventHub( 3823): No input device configuration file found for device 'hall'.
I/DEBUG   ( 3688): *** *** *** *** *** *** *** *** *** *** *** *** *** *** *** ***
I/DEBUG   ( 3688): Build fingerprint: 'samsung/cm_k3gxx/k3gxx:5.0.2/LRX22G/cebecded7a:userdebug/test-keys'
I/DEBUG   ( 3688): Revision: '10'
I/DEBUG   ( 3688): ABI: 'arm'
I/DEBUG   ( 3688): pid: 3694, tid: 3958, name: AudioOut_2  >>> /system/bin/mediaserver <<<
I/DEBUG   ( 3688): signal 11 (SIGSEGV), code 1 (SEGV_MAPERR), fault addr 0x4
I/art     ( 3823): DexFile_isDexOptNeeded failed to open oat file '/data/dalvik-cache/arm/system@priv-app@ContactsProvider@ContactsProvider.apk@classes.dex' for file location '/system/priv-app/ContactsProvider/ContactsProvider.apk': Failed to open oat filename for reading: No such file or directory
I/art     ( 3823): DexFile_isDexOptNeeded file /system/priv-app/ContactsProvider/arm/ContactsProvider.odex needs to be relocated for /system/priv-app/ContactsProvider/ContactsProvider.apk
I/PackageManager( 3823): Running patchoat on: com.android.providers.contacts
E/installd( 3960): Running /system/bin/patchoat isa=arm in-fd=5 (/system/priv-app/ContactsProvider/arm/ContactsProvider.odex) out-fd=6 (/data/dalvik-cache/arm/system@priv-app@ContactsProvider@ContactsProvider.apk@classes.dex)
I/DEBUG   ( 3688):     r0 00000000  r1 00000000  r2 00000020  r3 00000000
I/DEBUG   ( 3688):     r4 00000000  r5 00000000  r6 00000006  r7 00000014
I/DEBUG   ( 3688):     r8 b60731e4  r9 00000001  sl b580f050  fp b6ef4e04
I/DEBUG   ( 3688):     ip b6267f70  sp b5a01b80  lr b6263f8f  pc b625a368  cpsr 20070030
I/DEBUG   ( 3688): 
I/DEBUG   ( 3688): backtrace:
I/DEBUG   ( 3688):     #00 pc 00001368  /system/lib/libaudioroute.so (audio_route_reset+7)
I/DEBUG   ( 3688):     #01 pc 00001f8b  /system/lib/hw/audio.primary.universal5422.so
I/DEBUG   ( 3688):     #02 pc 00002f2f  /system/lib/hw/audio.primary.universal5422.so
I/DEBUG   ( 3688):     #03 pc 0002a9bb  /system/lib/libaudioflinger.so
I/DEBUG   ( 3688):     #04 pc 00024a0b  /system/lib/libaudioflinger.so
I/DEBUG   ( 3688):     #05 pc 0002644d  /system/lib/libaudioflinger.so
I/DEBUG   ( 3688):     #06 pc 0000eeb5  /system/lib/libutils.so (android::Thread::_threadLoop(void*)+112)
I/DEBUG   ( 3688):     #07 pc 0000ea25  /system/lib/libutils.so
I/DEBUG   ( 3688):     #08 pc 00013fa3  /system/lib/libc.so (__pthread_start(void*)+30)
I/DEBUG   ( 3688):     #09 pc 00011f93  /system/lib/libc.so (__start_thread+6)
I/DEBUG   ( 3688): 
I/DEBUG   ( 3688): Tombstone written to: /data/tombstones/tombstone_00
I/DEBUG   ( 3688): ********************************************************
I/DEBUG   ( 3688): * Process 3694 has been suspended while crashing.
I/DEBUG   ( 3688): * To attach gdbserver for a gdb connection on port 5039
I/DEBUG   ( 3688): * and start gdbclient:
I/DEBUG   ( 3688): *
I/DEBUG   ( 3688): *     gdbclient /system/bin/mediaserver :5039 3958
I/DEBUG   ( 3688): * or
I/DEBUG   ( 3688): *     dddclient /system/bin/mediaserver :5039 3958
I/DEBUG   ( 3688): *
I/DEBUG   ( 3688): * Wait for gdb to start, then press the VOLUME DOWN key
I/DEBUG   ( 3688): * to let the process continue crashing.
I/DEBUG   ( 3688): ********************************************************
I/art     ( 3823): DexFile_isDexOptNeeded failed to open oat file '/data/dalvik-cache/arm/system@priv-app@CalendarProvider@CalendarProvider.apk@classes.dex' for file location '/system/priv-app/CalendarProvider/CalendarProvider.apk': Failed to open oat filename for reading: No such file or directory
I/art     ( 3823): DexFile_isDexOptNeeded file /system/priv-app/CalendarProvider/arm/CalendarProvider.odex needs to be relocated for /system/priv-app/CalendarProvider/CalendarProvider.apk
I/PackageManager( 3823): Running patchoat on: com.android.providers.calendar
E/installd( 3965): Running /system/bin/patchoat isa=arm in-fd=5 (/system/priv-app/CalendarProvider/arm/CalendarProvider.odex) out-fd=6 (/data/dalvik-cache/arm/system@priv-app@CalendarProvider@CalendarProvider.apk@classes.dex)
D/EventHub( 3823): No input device configuration file found for device 'gpio_keys.16'.
W/EventHub( 3823): Unable to disable kernel key repeat for /dev/input/event16: Function not implemented
I/EventHub( 3823): New device: id=15, fd=105, path='/dev/input/event16', name='gpio_keys.16', classes=0x1, configuration='', keyLayout='/system/usr/keylayout/Generic.kl', keyCharacterMap='/system/usr/keychars/Generic.kcm', builtinKeyboard=false, wakeMechanism=EPOLLWAKEUP, usingClockIoctl=true
D/EventHub( 3823): No input device configuration file found for device 'voicecontrol'.
W/EventHub( 3823): Unable to disable kernel key repeat for /dev/input/event14: Function not implemented
I/EventHub( 3823): New device: id=16, fd=112, path='/dev/input/event14', name='voicecontrol', classes=0x1, configuration='', keyLayout='/system/usr/keylayout/Generic.kl', keyCharacterMap='/system/usr/keychars/Generic.kcm', builtinKeyboard=false, wakeMechanism=EPOLLWAKEUP, usingClockIoctl=true
D/EventHub( 3823): No input device configuration file found for device 'Headset'.
W/EventHub( 3823): Unable to disable kernel key repeat for /dev/input/event15: Function not implemented
I/EventHub( 3823): New device: id=17, fd=113, path='/dev/input/event15', name='Headset', classes=0x1, configuration='', keyLayout='/system/usr/keylayout/Generic.kl', keyCharacterMap='/system/usr/keychars/Generic.kcm', builtinKeyboard=false, wakeMechanism=EPOLLWAKEUP, usingClockIoctl=true
D/EventHub( 3823): No input device configuration file found for device 'sec_touchkey'.
W/EventHub( 3823): Unable to disable kernel key repeat for /dev/input/event17: Function not implemented
I/EventHub( 3823): New device: id=18, fd=114, path='/dev/input/event17', name='sec_touchkey', classes=0x1, configuration='', keyLayout='/system/usr/keylayout/sec_touchkey.kl', keyCharacterMap='/system/usr/keychars/Generic.kcm', builtinKeyboard=false, wakeMechanism=EPOLLWAKEUP, usingClockIoctl=true
D/EventHub( 3823): No input device configuration file found for device 'w1'.
I/art     ( 3823): DexFile_isDexOptNeeded failed to open oat file '/data/dalvik-cache/arm/system@priv-app@MediaProvider@MediaProvider.apk@classes.dex' for file location '/system/priv-app/MediaProvider/MediaProvider.apk': Failed to open oat filename for reading: No such file or directory
I/art     ( 3823): DexFile_isDexOptNeeded file /system/priv-app/MediaProvider/arm/MediaProvider.odex needs to be relocated for /system/priv-app/MediaProvider/MediaProvider.apk
I/PackageManager( 3823): Running patchoat on: com.android.providers.media
E/installd( 3966): Running /system/bin/patchoat isa=arm in-fd=5 (/system/priv-app/MediaProvider/arm/MediaProvider.odex) out-fd=6 (/data/dalvik-cache/arm/system@priv-app@MediaProvider@MediaProvider.apk@classes.dex)
I/art     ( 3823): DexFile_isDexOptNeeded failed to open oat file '/data/dalvik-cache/arm/system@priv-app@Trebuchet@Trebuchet.apk@classes.dex' for file location '/system/priv-app/Trebuchet/Trebuchet.apk': Failed to open oat filename for reading: No such file or directory
I/art     ( 3823): DexFile_isDexOptNeeded file /system/priv-app/Trebuchet/arm/Trebuchet.odex needs to be relocated for /system/priv-app/Trebuchet/Trebuchet.apk
I/PackageManager( 3823): Running patchoat on: com.cyanogenmod.trebuchet
E/installd( 3967): Running /system/bin/patchoat isa=arm in-fd=5 (/system/priv-app/Trebuchet/arm/Trebuchet.odex) out-fd=6 (/data/dalvik-cache/arm/system@priv-app@Trebuchet@Trebuchet.apk@classes.dex)
E/EventHub( 3823): could not get driver version for /dev/input/mouse0, Not a typewriter
W/EventHub( 3823): Unable to disable kernel key repeat for /dev/input/event1: Function not implemented
I/EventHub( 3823): New device: id=20, fd=115, path='/dev/input/event1', name='sec_touchscreen', classes=0x15, configuration='/system/usr/idc/sec_touchscreen.idc', keyLayout='/system/usr/keylayout/Generic.kl', keyCharacterMap='/system/usr/keychars/Generic.kcm', builtinKeyboard=false, wakeMechanism=EPOLLWAKEUP, usingClockIoctl=true
I/InputReader( 3823): Device added: id=-1, name='Virtual', sources=0x00000301
I/InputReader( 3823):   Touch device 'sec_touchscreen' could not query the properties of its associated display.  The device will be inoperable until the display size becomes available.
I/InputReader( 3823): Device added: id=20, name='sec_touchscreen', sources=0x00005103
I/InputReader( 3823): Device added: id=18, name='sec_touchkey', sources=0x00000101
I/InputReader( 3823): Device added: id=17, name='Headset', sources=0x00000101
I/InputReader( 3823): Device added: id=16, name='voicecontrol', sources=0x00000101
I/InputReader( 3823): Device added: id=15, name='gpio_keys.16', sources=0x00000101
I/InputReader( 3823): Device added: id=13, name='sii8240_rcp', sources=0x00000101
I/InputReader( 3823): Reconfiguring input devices.  changes=0x00000004
I/InputReader( 3823): Device reconfigured: id=20, name='sec_touchscreen', size 1080x1920, orientation 0, mode 1, display id 0
I/ActivityManager( 3823): Config changes=8 {1.0 ?mcc?mnc es_ES ldltr sw360dp w360dp h615dp 480dpi nrml long port ?uimode ?night finger -keyb/v/h -nav/h s.4 themeResource=null}
I/art     ( 3823): DexFile_isDexOptNeeded failed to open oat file '/data/dalvik-cache/arm/system@app@Gallery2@Gallery2.apk@classes.dex' for file location '/system/app/Gallery2/Gallery2.apk': Failed to open oat filename for reading: No such file or directory
I/art     ( 3823): DexFile_isDexOptNeeded file /system/app/Gallery2/arm/Gallery2.odex needs to be relocated for /system/app/Gallery2/Gallery2.apk
I/PackageManager( 3823): Running patchoat on: com.android.gallery3d
E/installd( 3968): Running /system/bin/patchoat isa=arm in-fd=5 (/system/app/Gallery2/arm/Gallery2.odex) out-fd=6 (/data/dalvik-cache/arm/system@app@Gallery2@Gallery2.apk@classes.dex)
I/art     ( 3823): DexFile_isDexOptNeeded failed to open oat file '/data/dalvik-cache/arm/system@app@LiveWallpapers@LiveWallpapers.apk@classes.dex' for file location '/system/app/LiveWallpapers/LiveWallpapers.apk': Failed to open oat filename for reading: No such file or directory
I/art     ( 3823): DexFile_isDexOptNeeded file /system/app/LiveWallpapers/arm/LiveWallpapers.odex needs to be relocated for /system/app/LiveWallpapers/LiveWallpapers.apk
I/PackageManager( 3823): Running patchoat on: com.android.wallpaper
E/installd( 3969): Running /system/bin/patchoat isa=arm in-fd=5 (/system/app/LiveWallpapers/arm/LiveWallpapers.odex) out-fd=6 (/data/dalvik-cache/arm/system@app@LiveWallpapers@LiveWallpapers.apk@classes.dex)
I/art     ( 3823): DexFile_isDexOptNeeded failed to open oat file '/data/dalvik-cache/arm/system@app@SoundRecorder@SoundRecorder.apk@classes.dex' for file location '/system/app/SoundRecorder/SoundRecorder.apk': Failed to open oat filename for reading: No such file or directory
I/art     ( 3823): DexFile_isDexOptNeeded file /system/app/SoundRecorder/arm/SoundRecorder.odex needs to be relocated for /system/app/SoundRecorder/SoundRecorder.apk
I/PackageManager( 3823): Running patchoat on: com.android.soundrecorder
E/installd( 3970): Running /system/bin/patchoat isa=arm in-fd=5 (/system/app/SoundRecorder/arm/SoundRecorder.odex) out-fd=6 (/data/dalvik-cache/arm/system@app@SoundRecorder@SoundRecorder.apk@classes.dex)
I/art     ( 3823): DexFile_isDexOptNeeded failed to open oat file '/data/dalvik-cache/arm/system@app@Provision@Provision.apk@classes.dex' for file location '/system/app/Provision/Provision.apk': Failed to open oat filename for reading: No such file or directory
I/art     ( 3823): DexFile_isDexOptNeeded file /system/app/Provision/arm/Provision.odex needs to be relocated for /system/app/Provision/Provision.apk
I/PackageManager( 3823): Running patchoat on: com.android.provision
E/installd( 3971): Running /system/bin/patchoat isa=arm in-fd=5 (/system/app/Provision/arm/Provision.odex) out-fd=6 (/data/dalvik-cache/arm/system@app@Provision@Provision.apk@classes.dex)
I/art     ( 3823): DexFile_isDexOptNeeded failed to open oat file '/data/dalvik-cache/arm/system@app@LiveWallpapersPicker@LiveWallpapersPicker.apk@classes.dex' for file location '/system/app/LiveWallpapersPicker/LiveWallpapersPicker.apk': Failed to open oat filename for reading: No such file or directory
I/art     ( 3823): DexFile_isDexOptNeeded file /system/app/LiveWallpapersPicker/arm/LiveWallpapersPicker.odex needs to be relocated for /system/app/LiveWallpapersPicker/LiveWallpapersPicker.apk
I/PackageManager( 3823): Running patchoat on: com.android.wallpaper.livepicker
E/installd( 3972): Running /system/bin/patchoat isa=arm in-fd=5 (/system/app/LiveWallpapersPicker/arm/LiveWallpapersPicker.odex) out-fd=6 (/data/dalvik-cache/arm/system@app@LiveWallpapersPicker@LiveWallpapersPicker.apk@classes.dex)
I/art     ( 3823): DexFile_isDexOptNeeded failed to open oat file '/data/dalvik-cache/arm/system@app@DocumentsUI@DocumentsUI.apk@classes.dex' for file location '/system/app/DocumentsUI/DocumentsUI.apk': Failed to open oat filename for reading: No such file or directory
I/art     ( 3823): DexFile_isDexOptNeeded file /system/app/DocumentsUI/arm/DocumentsUI.odex needs to be relocated for /system/app/DocumentsUI/DocumentsUI.apk
I/PackageManager( 3823): Running patchoat on: com.android.documentsui
E/installd( 3973): Running /system/bin/patchoat isa=arm in-fd=5 (/system/app/DocumentsUI/arm/DocumentsUI.odex) out-fd=6 (/data/dalvik-cache/arm/system@app@DocumentsUI@DocumentsUI.apk@classes.dex)
I/art     ( 3823): DexFile_isDexOptNeeded failed to open oat file '/data/dalvik-cache/arm/system@app@PhaseBeam@PhaseBeam.apk@classes.dex' for file location '/system/app/PhaseBeam/PhaseBeam.apk': Failed to open oat filename for reading: No such file or directory
I/art     ( 3823): DexFile_isDexOptNeeded file /system/app/PhaseBeam/arm/PhaseBeam.odex needs to be relocated for /system/app/PhaseBeam/PhaseBeam.apk
I/PackageManager( 3823): Running patchoat on: com.android.phasebeam
E/installd( 3974): Running /system/bin/patchoat isa=arm in-fd=5 (/system/app/PhaseBeam/arm/PhaseBeam.odex) out-fd=6 (/data/dalvik-cache/arm/system@app@PhaseBeam@PhaseBeam.apk@classes.dex)
I/art     ( 3823): DexFile_isDexOptNeeded failed to open oat file '/data/dalvik-cache/arm/system@priv-app@OneTimeInitializer@OneTimeInitializer.apk@classes.dex' for file location '/system/priv-app/OneTimeInitializer/OneTimeInitializer.apk': Failed to open oat filename for reading: No such file or directory
I/art     ( 3823): DexFile_isDexOptNeeded file /system/priv-app/OneTimeInitializer/arm/OneTimeInitializer.odex needs to be relocated for /system/priv-app/OneTimeInitializer/OneTimeInitializer.apk
I/PackageManager( 3823): Running patchoat on: com.android.onetimeinitializer
E/installd( 3975): Running /system/bin/patchoat isa=arm in-fd=5 (/system/priv-app/OneTimeInitializer/arm/OneTimeInitializer.odex) out-fd=6 (/data/dalvik-cache/arm/system@priv-app@OneTimeInitializer@OneTimeInitializer.apk@classes.dex)
I/art     ( 3823): DexFile_isDexOptNeeded failed to open oat file '/data/dalvik-cache/arm/system@app@Eleven@Eleven.apk@classes.dex' for file location '/system/app/Eleven/Eleven.apk': Failed to open oat filename for reading: No such file or directory
I/art     ( 3823): DexFile_isDexOptNeeded file /system/app/Eleven/arm/Eleven.odex needs to be relocated for /system/app/Eleven/Eleven.apk
I/PackageManager( 3823): Running patchoat on: com.cyanogenmod.eleven
E/installd( 3976): Running /system/bin/patchoat isa=arm in-fd=5 (/system/app/Eleven/arm/Eleven.odex) out-fd=6 (/data/dalvik-cache/arm/system@app@Eleven@Eleven.apk@classes.dex)
W/SurfaceFlinger( 3691): Ignoring duplicate VSYNC event from HWC (t=17205358084)
I/art     ( 3823): DexFile_isDexOptNeeded failed to open oat file '/data/dalvik-cache/arm/system@app@PicoTts@PicoTts.apk@classes.dex' for file location '/system/app/PicoTts/PicoTts.apk': Failed to open oat filename for reading: No such file or directory
I/art     ( 3823): DexFile_isDexOptNeeded file /system/app/PicoTts/arm/PicoTts.odex needs to be relocated for /system/app/PicoTts/PicoTts.apk
I/PackageManager( 3823): Running patchoat on: com.svox.pico
E/installd( 3977): Running /system/bin/patchoat isa=arm in-fd=5 (/system/app/PicoTts/arm/PicoTts.odex) out-fd=6 (/data/dalvik-cache/arm/system@app@PicoTts@PicoTts.apk@classes.dex)
I/art     ( 3823): DexFile_isDexOptNeeded failed to open oat file '/data/dalvik-cache/arm/system@app@Stk@Stk.apk@classes.dex' for file location '/system/app/Stk/Stk.apk': Failed to open oat filename for reading: No such file or directory
I/art     ( 3823): DexFile_isDexOptNeeded file /system/app/Stk/arm/Stk.odex needs to be relocated for /system/app/Stk/Stk.apk
I/PackageManager( 3823): Running patchoat on: com.android.stk
E/installd( 3978): Running /system/bin/patchoat isa=arm in-fd=5 (/system/app/Stk/arm/Stk.odex) out-fd=6 (/data/dalvik-cache/arm/system@app@Stk@Stk.apk@classes.dex)
I/art     ( 3823): DexFile_isDexOptNeeded failed to open oat file '/data/dalvik-cache/arm/system@priv-app@WallpaperCropper@WallpaperCropper.apk@classes.dex' for file location '/system/priv-app/WallpaperCropper/WallpaperCropper.apk': Failed to open oat filename for reading: No such file or directory
I/art     ( 3823): DexFile_isDexOptNeeded file /system/priv-app/WallpaperCropper/arm/WallpaperCropper.odex needs to be relocated for /system/priv-app/WallpaperCropper/WallpaperCropper.apk
I/PackageManager( 3823): Running patchoat on: com.android.wallpapercropper
E/installd( 3979): Running /system/bin/patchoat isa=arm in-fd=5 (/system/priv-app/WallpaperCropper/arm/WallpaperCropper.odex) out-fd=6 (/data/dalvik-cache/arm/system@priv-app@WallpaperCropper@WallpaperCropper.apk@classes.dex)
D/BootAnimation( 3795): Use save memory method, maybe small fps in actual.
I/art     ( 3823): DexFile_isDexOptNeeded failed to open oat file '/data/dalvik-cache/arm/system@priv-app@VpnDialogs@VpnDialogs.apk@classes.dex' for file location '/system/priv-app/VpnDialogs/VpnDialogs.apk': Failed to open oat filename for reading: No such file or directory
I/art     ( 3823): DexFile_isDexOptNeeded file /system/priv-app/VpnDialogs/arm/VpnDialogs.odex needs to be relocated for /system/priv-app/VpnDialogs/VpnDialogs.apk
I/PackageManager( 3823): Running patchoat on: com.android.vpndialogs
E/installd( 3980): Running /system/bin/patchoat isa=arm in-fd=5 (/system/priv-app/VpnDialogs/arm/VpnDialogs.odex) out-fd=6 (/data/dalvik-cache/arm/system@priv-app@VpnDialogs@VpnDialogs.apk@classes.dex)
I/art     ( 3823): DexFile_isDexOptNeeded failed to open oat file '/data/dalvik-cache/arm/system@priv-app@AudioFX@AudioFX.apk@classes.dex' for file location '/system/priv-app/AudioFX/AudioFX.apk': Failed to open oat filename for reading: No such file or directory
I/art     ( 3823): DexFile_isDexOptNeeded file /system/priv-app/AudioFX/arm/AudioFX.odex needs to be relocated for /system/priv-app/AudioFX/AudioFX.apk
I/PackageManager( 3823): Running patchoat on: org.cyanogenmod.audiofx
E/installd( 3981): Running /system/bin/patchoat isa=arm in-fd=5 (/system/priv-app/AudioFX/arm/AudioFX.odex) out-fd=6 (/data/dalvik-cache/arm/system@priv-app@AudioFX@AudioFX.apk@classes.dex)
I/art     ( 3823): DexFile_isDexOptNeeded failed to open oat file '/data/dalvik-cache/arm/system@priv-app@ThemeChooser@ThemeChooser.apk@classes.dex' for file location '/system/priv-app/ThemeChooser/ThemeChooser.apk': Failed to open oat filename for reading: No such file or directory
I/art     ( 3823): DexFile_isDexOptNeeded file /system/priv-app/ThemeChooser/arm/ThemeChooser.odex needs to be relocated for /system/priv-app/ThemeChooser/ThemeChooser.apk
I/PackageManager( 3823): Running patchoat on: org.cyanogenmod.theme.chooser
E/installd( 3982): Running /system/bin/patchoat isa=arm in-fd=5 (/system/priv-app/ThemeChooser/arm/ThemeChooser.odex) out-fd=6 (/data/dalvik-cache/arm/system@priv-app@ThemeChooser@ThemeChooser.apk@classes.dex)
I/art     ( 3823): DexFile_isDexOptNeeded failed to open oat file '/data/dalvik-cache/arm/system@app@Browser@Browser.apk@classes.dex' for file location '/system/app/Browser/Browser.apk': Failed to open oat filename for reading: No such file or directory
I/art     ( 3823): DexFile_isDexOptNeeded file /system/app/Browser/arm/Browser.odex needs to be relocated for /system/app/Browser/Browser.apk
I/PackageManager( 3823): Running patchoat on: com.android.browser
E/installd( 3983): Running /system/bin/patchoat isa=arm in-fd=5 (/system/app/Browser/arm/Browser.odex) out-fd=6 (/data/dalvik-cache/arm/system@app@Browser@Browser.apk@classes.dex)
I/art     ( 3823): DexFile_isDexOptNeeded failed to open oat file '/data/dalvik-cache/arm/system@app@Terminal@Terminal.apk@classes.dex' for file location '/system/app/Terminal/Terminal.apk': Failed to open oat filename for reading: No such file or directory
I/art     ( 3823): DexFile_isDexOptNeeded file /system/app/Terminal/arm/Terminal.odex needs to be relocated for /system/app/Terminal/Terminal.apk
I/PackageManager( 3823): Running patchoat on: com.android.terminal
E/installd( 3984): Running /system/bin/patchoat isa=arm in-fd=5 (/system/app/Terminal/arm/Terminal.odex) out-fd=6 (/data/dalvik-cache/arm/system@app@Terminal@Terminal.apk@classes.dex)
I/art     ( 3823): DexFile_isDexOptNeeded failed to open oat file '/data/dalvik-cache/arm/system@app@Email@Email.apk@classes.dex' for file location '/system/app/Email/Email.apk': Failed to open oat filename for reading: No such file or directory
I/art     ( 3823): DexFile_isDexOptNeeded file /system/app/Email/arm/Email.odex needs to be relocated for /system/app/Email/Email.apk
I/PackageManager( 3823): Running patchoat on: com.android.email
E/installd( 3985): Running /system/bin/patchoat isa=arm in-fd=5 (/system/app/Email/arm/Email.odex) out-fd=6 (/data/dalvik-cache/arm/system@app@Email@Email.apk@classes.dex)
I/art     ( 3823): DexFile_isDexOptNeeded failed to open oat file '/data/dalvik-cache/arm/system@app@PhotoTable@PhotoTable.apk@classes.dex' for file location '/system/app/PhotoTable/PhotoTable.apk': Failed to open oat filename for reading: No such file or directory
I/art     ( 3823): DexFile_isDexOptNeeded file /system/app/PhotoTable/arm/PhotoTable.odex needs to be relocated for /system/app/PhotoTable/PhotoTable.apk
I/PackageManager( 3823): Running patchoat on: com.android.dreams.phototable
E/installd( 3986): Running /system/bin/patchoat isa=arm in-fd=5 (/system/app/PhotoTable/arm/PhotoTable.odex) out-fd=6 (/data/dalvik-cache/arm/system@app@PhotoTable@PhotoTable.apk@classes.dex)
I/art     ( 3823): DexFile_isDexOptNeeded failed to open oat file '/data/dalvik-cache/arm/system@priv-app@CMUpdater@CMUpdater.apk@classes.dex' for file location '/system/priv-app/CMUpdater/CMUpdater.apk': Failed to open oat filename for reading: No such file or directory
