D/CellBroadcastReceiver( 5807): Intent ACTION_SERVICE_STATE_CHANGED
D/CellBroadcastReceiver( 5807): Service state changed! 1 Full: 1 1 home null null 72234  UMTS Unknown CSS not supported -1 -1 RoamInd=-1 DefRoamInd=-1 EmergOnly=true Current state=-1
W/BroadcastQueue( 4135): Timeout of broadcast BroadcastRecord{1d299191 u-1 android.intent.action.SCREEN_ON} - receiver=android.app.LoadedApk$ReceiverDispatcher$InnerReceiver@19c90cca, started 10000ms ago
W/BroadcastQueue( 4135): Receiver during timeout: BroadcastFilter{4d7d958 u0 ReceiverList{2abc2e3b 4135 system/1000/u0 local:19c90cca}}
I/ActivityManager( 4135): START u0 {act=android.media.action.STILL_IMAGE_CAMERA flg=0x14000000 cmp=com.android.camera2/com.android.camera.CameraActivity} from uid 10016 on display 0
I/ActivityManager( 4135): Start proc com.android.camera2 for activity com.android.camera2/com.android.camera.CameraActivity: pid=5942 uid=10027 gids={50027, 9997, 3003, 1028, 1015} abi=armeabi-v7a
I/art     ( 3707): Explicit concurrent mark sweep GC freed 709(30KB) AllocSpace objects, 0(0B) LOS objects, 39% free, 15MB/25MB, paused 237us total 11.201ms
I/art     ( 3707): Explicit concurrent mark sweep GC freed 5(160B) AllocSpace objects, 0(0B) LOS objects, 39% free, 15MB/25MB, paused 196us total 10.042ms
I/art     ( 3707): Explicit concurrent mark sweep GC freed 5(160B) AllocSpace objects, 0(0B) LOS objects, 39% free, 15MB/25MB, paused 207us total 11.761ms
E/Vold    ( 3672): Failed to find mounted volume for /storage/extSdCard/Android/data/com.android.camera2/cache/
W/Vold    ( 3672): Returning OperationFailed - no handler for errno 0
W/ContextImpl( 5942): Failed to ensure directory: /storage/extSdCard/Android/data/com.android.camera2/cache
E/Vold    ( 3672): Failed to find mounted volume for /storage/extSdCard/Android/data/com.android.camera2/files/
W/Vold    ( 3672): Returning OperationFailed - no handler for errno 0
W/ContextImpl( 5942): Failed to ensure directory: /storage/extSdCard/Android/data/com.android.camera2/files
W/ActivityManager( 4135): Activity pause timeout for ActivityRecord{3c3358f6 u0 com.android.camera2/com.android.camera.CameraActivity t12}
I/PowerManagerService( 4135): Going to sleep due to power button (uid 1000)...
I/PowerManagerService( 4135): Sleeping (uid 1000)...
I/DisplayManagerService( 4135): Display device changed: DisplayDeviceInfo{"Pantalla integrada": 1080 x 1920, 60.000004 fps, supportedRefreshRates [60.000004], density 480, 422.03 x 424.069 dpi, appVsyncOff 0, presDeadline 17666666, touch INTERNAL, rotation 0, type BUILT_IN, state OFF, FLAG_DEFAULT_DISPLAY, FLAG_ROTATES_WITH_CONTENT, FLAG_SECURE, FLAG_SUPPORTS_PROTECTED_BUFFERS}
D/SurfaceFlinger( 3693): Set power mode=0, type=0 flinger=0xb6a62000
D/SurfaceControl( 4135): Excessive delay in setPowerMode(): 214ms
I/PowerManagerService( 4135): Waking up from sleep (uid 1000)...
I/DisplayPowerController( 4135): Blocking screen on until initial contents have been drawn.
D/SurfaceFlinger( 3693): Set power mode=2, type=0 flinger=0xb6a62000
I/DisplayManagerService( 4135): Display device changed: DisplayDeviceInfo{"Pantalla integrada": 1080 x 1920, 60.000004 fps, supportedRefreshRates [60.000004], density 480, 422.03 x 424.069 dpi, appVsyncOff 0, presDeadline 17666666, touch INTERNAL, rotation 0, type BUILT_IN, state ON, FLAG_DEFAULT_DISPLAY, FLAG_ROTATES_WITH_CONTENT, FLAG_SECURE, FLAG_SUPPORTS_PROTECTED_BUFFERS}
I/DisplayPowerController( 4135): Unblocked screen on after 72 ms
D/SurfaceControl( 4135): Excessive delay in setPowerMode(): 246ms
D/LightsService( 4135): Excessive delay setting light: 51ms
W/BroadcastQueue( 4135): Timeout of broadcast BroadcastRecord{1d299191 u-1 android.intent.action.SCREEN_ON} - receiver=android.app.LoadedApk$ReceiverDispatcher$InnerReceiver@2b7f0d9d, started 10001ms ago
W/BroadcastQueue( 4135): Receiver during timeout: BroadcastFilter{30831de3 u0 ReceiverList{1facd212 4135 system/1000/u0 local:2b7f0d9d}}
W/ActivityManager( 4135): Activity stop timeout for ActivityRecord{3c3358f6 u0 com.android.camera2/com.android.camera.CameraActivity t12}
D/InitAlarmsService( 5681): Clearing and rescheduling alarms.
I/ActivityManager( 4135): Killing 5426:com.cyanogenmod.updater/u0a3 (adj 15): empty #17
W/libprocessgroup( 4135): failed to open /acct/uid_10003/pid_5426/cgroup.procs: No such file or directory
I/PowerManagerService( 4135): Going to sleep due to screen timeout (uid 1000)...
I/PowerManagerService( 4135): Sleeping (uid 1000)...
I/DisplayManagerService( 4135): Display device changed: DisplayDeviceInfo{"Pantalla integrada": 1080 x 1920, 60.000004 fps, supportedRefreshRates [60.000004], density 480, 422.03 x 424.069 dpi, appVsyncOff 0, presDeadline 17666666, touch INTERNAL, rotation 0, type BUILT_IN, state OFF, FLAG_DEFAULT_DISPLAY, FLAG_ROTATES_WITH_CONTENT, FLAG_SECURE, FLAG_SUPPORTS_PROTECTED_BUFFERS}
D/SurfaceFlinger( 3693): Set power mode=0, type=0 flinger=0xb6a62000
D/lights  ( 4135): set_light_battery 0x140500 0 0
D/SurfaceControl( 4135): Excessive delay in setPowerMode(): 234ms
W/BroadcastQueue( 4135): Timeout of broadcast BroadcastRecord{1d299191 u-1 android.intent.action.SCREEN_ON} - receiver=android.app.LoadedApk$ReceiverDispatcher$InnerReceiver@32f92530, started 10003ms ago
W/BroadcastQueue( 4135): Receiver during timeout: BroadcastFilter{4cb372e u0 ReceiverList{1089a5a9 4135 system/1000/u0 local:32f92530}}
W/BroadcastQueue( 4135): Timeout of broadcast BroadcastRecord{1d299191 u-1 android.intent.action.SCREEN_ON} - receiver=android.app.LoadedApk$ReceiverDispatcher$InnerReceiver@25f8cd0b, started 10010ms ago
W/BroadcastQueue( 4135): Receiver during timeout: BroadcastFilter{2936ce01 u0 ReceiverList{1aead7e8 4135 system/1000/u0 local:25f8cd0b}}
I/Process ( 4135): Sending signal. PID: 4135 SIG: 3
I/art     ( 4135): Thread[9,tid=4148,WaitingInMainSignalCatcherLoop,Thread*=0xb3f06400,peer=0x12c02080,"Signal Catcher"]: reacting to signal 3
I/art     ( 4135): Wrote stack traces to '/data/anr/traces.txt'
W/BroadcastQueue( 4135): Timeout of broadcast BroadcastRecord{1d299191 u-1 android.intent.action.SCREEN_ON} - receiver=android.app.LoadedApk$ReceiverDispatcher$InnerReceiver@265eb8d1, started 10002ms ago
W/BroadcastQueue( 4135): Receiver during timeout: BroadcastFilter{22259e37 u0 ReceiverList{354a8f36 4135 system/1000/u0 local:265eb8d1}}
W/BroadcastQueue( 4135): Timeout of broadcast BroadcastRecord{38d4ea18 u-1 android.intent.action.TIME_TICK} - receiver=android.app.LoadedApk$ReceiverDispatcher$InnerReceiver@f08cf4d, started 10000ms ago
W/BroadcastQueue( 4135): Receiver during timeout: BroadcastFilter{13e76f13 u0 ReceiverList{3877ea02 4135 system/1000/u0 local:f08cf4d}}
W/BroadcastQueue( 4135): Timeout of broadcast BroadcastRecord{388b2c71 u0 android.net.ConnectivityService.action.PKT_CNT_SAMPLE_INTERVAL_ELAPSED} - receiver=android.app.LoadedApk$ReceiverDispatcher$InnerReceiver@3f372aaa, started 60047ms ago
W/BroadcastQueue( 4135): Receiver during timeout: BroadcastFilter{4bada38 u0 ReceiverList{22f9269b 4135 system/1000/u0 local:3f372aaa}}
W/BroadcastQueue( 4135): Timeout of broadcast BroadcastRecord{b328a56 u0 com.android.server.NetworkTimeUpdateService.action.POLL} - receiver=android.app.LoadedApk$ReceiverDispatcher$InnerReceiver@17393b93, started 60060ms ago
W/BroadcastQueue( 4135): Receiver during timeout: BroadcastFilter{2131f3c9 u0 ReceiverList{3a3757d0 4135 system/1000/u0 local:17393b93}}
I/PowerManagerService( 4135): Waking up from sleep (uid 1000)...
I/DisplayPowerController( 4135): Blocking screen on until initial contents have been drawn.
D/SurfaceFlinger( 3693): Set power mode=2, type=0 flinger=0xb6a62000
I/DisplayManagerService( 4135): Display device changed: DisplayDeviceInfo{"Pantalla integrada": 1080 x 1920, 60.000004 fps, supportedRefreshRates [60.000004], density 480, 422.03 x 424.069 dpi, appVsyncOff 0, presDeadline 17666666, touch INTERNAL, rotation 0, type BUILT_IN, state ON, FLAG_DEFAULT_DISPLAY, FLAG_ROTATES_WITH_CONTENT, FLAG_SECURE, FLAG_SUPPORTS_PROTECTED_BUFFERS}
D/SurfaceControl( 4135): Excessive delay in setPowerMode(): 259ms
I/DisplayPowerController( 4135): Unblocked screen on after 299 ms
I/PowerManagerService( 4135): Going to sleep due to screen timeout (uid 1000)...
I/PowerManagerService( 4135): Sleeping (uid 1000)...
I/DisplayManagerService( 4135): Display device changed: DisplayDeviceInfo{"Pantalla integrada": 1080 x 1920, 60.000004 fps, supportedRefreshRates [60.000004], density 480, 422.03 x 424.069 dpi, appVsyncOff 0, presDeadline 17666666, touch INTERNAL, rotation 0, type BUILT_IN, state OFF, FLAG_DEFAULT_DISPLAY, FLAG_ROTATES_WITH_CONTENT, FLAG_SECURE, FLAG_SUPPORTS_PROTECTED_BUFFERS}
D/SurfaceFlinger( 3693): Set power mode=0, type=0 flinger=0xb6a62000
D/SurfaceControl( 4135): Excessive delay in setPowerMode(): 232ms
I/MediaFocusControl( 4135):  AudioFocus  abandonAudioFocus() from android.media.AudioManager@110ff4d7com.cyanogenmod.eleven.MusicPlaybackService$5@15aef1c4
W/ActivityManager( 4135): Timeout executing service: ServiceRecord{35268d09 u0 com.cyanogenmod.eleven/.MusicPlaybackService}
I/Process ( 4135): Sending signal. PID: 5034 SIG: 3
I/art     ( 5034): Thread[9,tid=5047,WaitingInMainSignalCatcherLoop,Thread*=0xade06400,peer=0x32c07080,"Signal Catcher"]: reacting to signal 3
I/Process ( 4135): Sending signal. PID: 4135 SIG: 3
I/art     ( 4135): Thread[9,tid=4148,WaitingInMainSignalCatcherLoop,Thread*=0xb3f06400,peer=0x12c02080,"Signal Catcher"]: reacting to signal 3
I/art     ( 5034): Wrote stack traces to '/data/anr/traces.txt'
I/Process ( 4135): Sending signal. PID: 4801 SIG: 3
I/Process ( 4135): Sending signal. PID: 4779 SIG: 3
I/art     ( 4801): Thread[9,tid=4814,WaitingInMainSignalCatcherLoop,Thread*=0xb3f06400,peer=0x12c00080,"Signal Catcher"]: reacting to signal 3
I/art     ( 4779): Thread[9,tid=4792,WaitingInMainSignalCatcherLoop,Thread*=0xb3f06400,peer=0x12c00080,"Signal Catcher"]: reacting to signal 3
I/art     ( 4135): Wrote stack traces to '/data/anr/traces.txt'
I/Process ( 4135): Sending signal. PID: 4757 SIG: 3
I/art     ( 4757): Thread[9,tid=4770,WaitingInMainSignalCatcherLoop,Thread*=0xb3f06400,peer=0x12c00080,"Signal Catcher"]: reacting to signal 3
I/Process ( 4135): Sending signal. PID: 4735 SIG: 3
I/art     ( 4735): Thread[9,tid=4748,WaitingInMainSignalCatcherLoop,Thread*=0xb3f06400,peer=0x12c00080,"Signal Catcher"]: reacting to signal 3
I/art     ( 4757): Wrote stack traces to '/data/anr/traces.txt'
I/Process ( 4135): Sending signal. PID: 4312 SIG: 3
I/art     ( 4312): Thread[9,tid=4326,WaitingInMainSignalCatcherLoop,Thread*=0xb3f06400,peer=0x12c00080,"Signal Catcher"]: reacting to signal 3
I/art     ( 4779): Wrote stack traces to '/data/anr/traces.txt'
I/art     ( 4735): Wrote stack traces to '/data/anr/traces.txt'
I/art     ( 4801): Wrote stack traces to '/data/anr/traces.txt'
I/art     ( 4312): Wrote stack traces to '/data/anr/traces.txt'
D/lights  ( 4135): set_light_battery 0xd00 0 0
I/UsageStatsService( 4135): User[0] Flushing usage stats to disk
I/PowerManagerService( 4135): Waking up from sleep (uid 1000)...
I/DisplayPowerController( 4135): Blocking screen on until initial contents have been drawn.
D/SurfaceFlinger( 3693): Set power mode=2, type=0 flinger=0xb6a62000
I/DisplayManagerService( 4135): Display device changed: DisplayDeviceInfo{"Pantalla integrada": 1080 x 1920, 60.000004 fps, supportedRefreshRates [60.000004], density 480, 422.03 x 424.069 dpi, appVsyncOff 0, presDeadline 17666666, touch INTERNAL, rotation 0, type BUILT_IN, state ON, FLAG_DEFAULT_DISPLAY, FLAG_ROTATES_WITH_CONTENT, FLAG_SECURE, FLAG_SUPPORTS_PROTECTED_BUFFERS}
I/DisplayPowerController( 4135): Unblocked screen on after 101 ms
D/SurfaceControl( 4135): Excessive delay in setPowerMode(): 258ms
