I/art     ( 4089): DexFile_isDexOptNeeded failed to open oat file '/system/framework/arm/settings.odex' for file location '/system/framework/settings.jar': Failed to open oat filename for reading: No such file or directory
E/installd( 3689): DexInv: --- END '/system/framework/settings.jar' --- status=0x0100, process failed
I/art     ( 4089): DexFile_isDexOptNeeded failed to open oat file '/data/dalvik-cache/arm/system@framework@svc.jar@classes.dex' for file location '/system/framework/svc.jar': Failed to open oat filename for reading: No such file or directory
I/art     ( 4089): DexFile_isDexOptNeeded failed to open oat file '/system/framework/arm/svc.odex' for file location '/system/framework/svc.jar': Failed to open oat filename for reading: No such file or directory
E/installd( 3689): DexInv: --- END '/system/framework/svc.jar' --- status=0x0100, process failed
I/art     ( 4089): DexFile_isDexOptNeeded failed to open oat file '/data/dalvik-cache/arm/system@framework@tm.jar@classes.dex' for file location '/system/framework/tm.jar': Failed to open oat filename for reading: No such file or directory
I/art     ( 4089): DexFile_isDexOptNeeded failed to open oat file '/system/framework/arm/tm.odex' for file location '/system/framework/tm.jar': Failed to open oat filename for reading: No such file or directory
E/installd( 3689): DexInv: --- END '/system/framework/tm.jar' --- status=0x0100, process failed
I/art     ( 4089): DexFile_isDexOptNeeded failed to open oat file '/data/dalvik-cache/arm/system@framework@uiautomator.jar@classes.dex' for file location '/system/framework/uiautomator.jar': Failed to open oat filename for reading: No such file or directory
I/art     ( 4089): DexFile_isDexOptNeeded failed to open oat file '/system/framework/arm/uiautomator.odex' for file location '/system/framework/uiautomator.jar': Failed to open oat filename for reading: No such file or directory
E/installd( 3689): DexInv: --- END '/system/framework/uiautomator.jar' --- status=0x0100, process failed
I/art     ( 4089): DexFile_isDexOptNeeded failed to open oat file '/data/dalvik-cache/arm/system@framework@wm.jar@classes.dex' for file location '/system/framework/wm.jar': Failed to open oat filename for reading: No such file or directory
I/art     ( 4089): DexFile_isDexOptNeeded failed to open oat file '/system/framework/arm/wm.odex' for file location '/system/framework/wm.jar': Failed to open oat filename for reading: No such file or directory
E/installd( 3689): DexInv: --- END '/system/framework/wm.jar' --- status=0x0100, process failed
E/SQLiteLog( 4089): (14) cannot open file at line 30046 of [9491ba7d73]
E/SQLiteLog( 4089): (14) os_unix.c:30046: (2) open(/data/data/com.android.providers.settings/databases/settings.db) - 
E/SQLiteDatabase( 4089): Failed to open database '/data/data/com.android.providers.settings/databases/settings.db'.
E/SQLiteDatabase( 4089): android.database.sqlite.SQLiteCantOpenDatabaseException: unknown error (code 14): Could not open database
E/SQLiteDatabase( 4089): 	at android.database.sqlite.SQLiteConnection.nativeOpen(Native Method)
E/SQLiteDatabase( 4089): 	at android.database.sqlite.SQLiteConnection.open(SQLiteConnection.java:209)
E/SQLiteDatabase( 4089): 	at android.database.sqlite.SQLiteConnection.open(SQLiteConnection.java:193)
E/SQLiteDatabase( 4089): 	at android.database.sqlite.SQLiteConnectionPool.openConnectionLocked(SQLiteConnectionPool.java:463)
E/SQLiteDatabase( 4089): 	at android.database.sqlite.SQLiteConnectionPool.open(SQLiteConnectionPool.java:185)
E/SQLiteDatabase( 4089): 	at android.database.sqlite.SQLiteConnectionPool.open(SQLiteConnectionPool.java:177)
E/SQLiteDatabase( 4089): 	at android.database.sqlite.SQLiteDatabase.openInner(SQLiteDatabase.java:806)
E/SQLiteDatabase( 4089): 	at android.database.sqlite.SQLiteDatabase.open(SQLiteDatabase.java:791)
E/SQLiteDatabase( 4089): 	at android.database.sqlite.SQLiteDatabase.openDatabase(SQLiteDatabase.java:694)
E/SQLiteDatabase( 4089): 	at android.database.sqlite.SQLiteDatabase.openDatabase(SQLiteDatabase.java:669)
E/SQLiteDatabase( 4089): 	at android.content.pm.ThemeUtils.getBootThemeDirty(ThemeUtils.java:697)
E/SQLiteDatabase( 4089): 	at com.android.server.pm.PackageManagerService.<init>(PackageManagerService.java:1654)
E/SQLiteDatabase( 4089): 	at com.android.server.pm.PackageManagerService.main(PackageManagerService.java:1352)
E/SQLiteDatabase( 4089): 	at com.android.server.SystemServer.startBootstrapServices(SystemServer.java:376)
E/SQLiteDatabase( 4089): 	at com.android.server.SystemServer.run(SystemServer.java:282)
E/SQLiteDatabase( 4089): 	at com.android.server.SystemServer.main(SystemServer.java:185)
E/SQLiteDatabase( 4089): 	at java.lang.reflect.Method.invoke(Native Method)
E/SQLiteDatabase( 4089): 	at java.lang.reflect.Method.invoke(Method.java:372)
E/SQLiteDatabase( 4089): 	at com.android.internal.os.ZygoteInit$MethodAndArgsCaller.run(ZygoteInit.java:898)
E/SQLiteDatabase( 4089): 	at com.android.internal.os.ZygoteInit.main(ZygoteInit.java:693)
W/ThemeUtils( 4089): Unable to open /data/data/com.android.providers.settings/databases/settings.db
W/ThemeUtils( 4089): android.database.sqlite.SQLiteCantOpenDatabaseException: unknown error (code 14): Could not open database
W/ThemeUtils( 4089): 	at android.database.sqlite.SQLiteConnection.nativeOpen(Native Method)
W/ThemeUtils( 4089): 	at android.database.sqlite.SQLiteConnection.open(SQLiteConnection.java:209)
W/ThemeUtils( 4089): 	at android.database.sqlite.SQLiteConnection.open(SQLiteConnection.java:193)
W/ThemeUtils( 4089): 	at android.database.sqlite.SQLiteConnectionPool.openConnectionLocked(SQLiteConnectionPool.java:463)
W/ThemeUtils( 4089): 	at android.database.sqlite.SQLiteConnectionPool.open(SQLiteConnectionPool.java:185)
W/ThemeUtils( 4089): 	at android.database.sqlite.SQLiteConnectionPool.open(SQLiteConnectionPool.java:177)
W/ThemeUtils( 4089): 	at android.database.sqlite.SQLiteDatabase.openInner(SQLiteDatabase.java:806)
W/ThemeUtils( 4089): 	at android.database.sqlite.SQLiteDatabase.open(SQLiteDatabase.java:791)
W/ThemeUtils( 4089): 	at android.database.sqlite.SQLiteDatabase.openDatabase(SQLiteDatabase.java:694)
W/ThemeUtils( 4089): 	at android.database.sqlite.SQLiteDatabase.openDatabase(SQLiteDatabase.java:669)
W/ThemeUtils( 4089): 	at android.content.pm.ThemeUtils.getBootThemeDirty(ThemeUtils.java:697)
W/ThemeUtils( 4089): 	at com.android.server.pm.PackageManagerService.<init>(PackageManagerService.java:1654)
W/ThemeUtils( 4089): 	at com.android.server.pm.PackageManagerService.main(PackageManagerService.java:1352)
W/ThemeUtils( 4089): 	at com.android.server.SystemServer.startBootstrapServices(SystemServer.java:376)
W/ThemeUtils( 4089): 	at com.android.server.SystemServer.run(SystemServer.java:282)
W/ThemeUtils( 4089): 	at com.android.server.SystemServer.main(SystemServer.java:185)
W/ThemeUtils( 4089): 	at java.lang.reflect.Method.invoke(Native Method)
W/ThemeUtils( 4089): 	at java.lang.reflect.Method.invoke(Method.java:372)
W/ThemeUtils( 4089): 	at com.android.internal.os.ZygoteInit$MethodAndArgsCaller.run(ZygoteInit.java:898)
W/ThemeUtils( 4089): 	at com.android.internal.os.ZygoteInit.main(ZygoteInit.java:693)
D/PackageManager( 4089): No files in app dir /vendor/overlay
I/PackageManager( 4089): /system/framework/framework-res.apk changed; collecting certs
W/SurfaceFlinger( 3671): Ignoring duplicate VSYNC event from HWC (t=22270105043)
W/SurfaceFlinger( 3671): Ignoring duplicate VSYNC event from HWC (t=22540085668)
W/PackageManager( 4089): Failed to parse /system/framework/framework-res.apk: Signature mismatch for shared user : SharedUserSetting{af6856c android.uid.system/1000}
I/PackageManager( 4089): SELinux relabeling of org.cyanogenmod.audiofx issued.
I/art     ( 4089): DexFile_isDexOptNeeded failed to open oat file '/data/dalvik-cache/arm/system@priv-app@AudioFX@AudioFX.apk@classes.dex' for file location '/system/priv-app/AudioFX/AudioFX.apk': Failed to open oat filename for reading: No such file or directory
I/art     ( 4089): DexFile_isDexOptNeeded failed to open oat file '/system/priv-app/AudioFX/arm/AudioFX.odex' for file location '/system/priv-app/AudioFX/AudioFX.apk': Failed to open oat filename for reading: No such file or directory
I/PackageManager( 4089): SELinux relabeling of com.android.backupconfirm issued.
I/art     ( 4089): DexFile_isDexOptNeeded failed to open oat file '/data/dalvik-cache/arm/system@priv-app@BackupRestoreConfirmation@BackupRestoreConfirmation.apk@classes.dex' for file location '/system/priv-app/BackupRestoreConfirmation/BackupRestoreConfirmation.apk': Failed to open oat filename for reading: No such file or directory
I/art     ( 4089): DexFile_isDexOptNeeded failed to open oat file '/system/priv-app/BackupRestoreConfirmation/arm/BackupRestoreConfirmation.odex' for file location '/system/priv-app/BackupRestoreConfirmation/BackupRestoreConfirmation.apk': Failed to open oat filename for reading: No such file or directory
I/PackageManager( 4089): SELinux relabeling of com.cyanogenmod.account issued.
I/art     ( 4089): DexFile_isDexOptNeeded failed to open oat file '/data/dalvik-cache/arm/system@priv-app@CMAccount@CMAccount.apk@classes.dex' for file location '/system/priv-app/CMAccount/CMAccount.apk': Failed to open oat filename for reading: No such file or directory
I/art     ( 4089): DexFile_isDexOptNeeded failed to open oat file '/system/priv-app/CMAccount/arm/CMAccount.odex' for file location '/system/priv-app/CMAccount/CMAccount.apk': Failed to open oat filename for reading: No such file or directory
I/PackageManager( 4089): SELinux relabeling of com.cyanogenmod.updater issued.
I/art     ( 4089): DexFile_isDexOptNeeded failed to open oat file '/data/dalvik-cache/arm/system@priv-app@CMUpdater@CMUpdater.apk@classes.dex' for file location '/system/priv-app/CMUpdater/CMUpdater.apk': Failed to open oat filename for reading: No such file or directory
I/art     ( 4089): DexFile_isDexOptNeeded failed to open oat file '/system/priv-app/CMUpdater/arm/CMUpdater.odex' for file location '/system/priv-app/CMUpdater/CMUpdater.apk': Failed to open oat filename for reading: No such file or directory
I/PackageManager( 4089): /system/priv-app/CalendarProvider changed; collecting certs
W/PackageManager( 4089): Failed to parse /system/priv-app/CalendarProvider: Signature mismatch for shared user : SharedUserSetting{3300e664 android.uid.calendar/10046}
I/PackageManager( 4089): SELinux relabeling of com.android.cellbroadcastreceiver issued.
I/art     ( 4089): DexFile_isDexOptNeeded failed to open oat file '/data/dalvik-cache/arm/system@priv-app@CellBroadcastReceiver@CellBroadcastReceiver.apk@classes.dex' for file location '/system/priv-app/CellBroadcastReceiver/CellBroadcastReceiver.apk': Failed to open oat filename for reading: No such file or directory
I/art     ( 4089): DexFile_isDexOptNeeded failed to open oat file '/system/priv-app/CellBroadcastReceiver/arm/CellBroadcastReceiver.odex' for file location '/system/priv-app/CellBroadcastReceiver/CellBroadcastReceiver.apk': Failed to open oat filename for reading: No such file or directory
W/ResourceType( 4089): Failure getting entry for 0x7f0b023e (t=10 e=574) (error -75)
W/PackageParser( 4089): No actions in intent filter at /system/priv-app/Contacts/Contacts.apk Binary XML file line #362
I/PackageManager( 4089): /system/priv-app/Contacts changed; collecting certs
W/PackageManager( 4089): Failed to parse /system/priv-app/Contacts: Signature mismatch for shared user : SharedUserSetting{5de4200 android.uid.shared/10020}
I/PackageManager( 4089): /system/priv-app/ContactsProvider changed; collecting certs
W/PackageManager( 4089): Failed to parse /system/priv-app/ContactsProvider: Signature mismatch for shared user : SharedUserSetting{5de4200 android.uid.shared/10020}
I/PackageManager( 4089): /system/priv-app/CyanogenSetupWizard changed; collecting certs
W/PackageManager( 4089): Failed to parse /system/priv-app/CyanogenSetupWizard: Signature mismatch for shared user : SharedUserSetting{af6856c android.uid.system/1000}
I/PackageManager( 4089): SELinux relabeling of com.android.defcontainer issued.
I/art     ( 4089): DexFile_isDexOptNeeded failed to open oat file '/data/dalvik-cache/arm/system@priv-app@DefaultContainerService@DefaultContainerService.apk@classes.dex' for file location '/system/priv-app/DefaultContainerService/DefaultContainerService.apk': Failed to open oat filename for reading: No such file or directory
I/art     ( 4089): DexFile_isDexOptNeeded failed to open oat file '/system/priv-app/DefaultContainerService/arm/DefaultContainerService.odex' for file location '/system/priv-app/DefaultContainerService/DefaultContainerService.apk': Failed to open oat filename for reading: No such file or directory
W/SurfaceFlinger( 3671): Ignoring duplicate VSYNC event from HWC (t=27010201627)
W/PackageParser( 4089): No actions in intent filter at /system/priv-app/Dialer/Dialer.apk Binary XML file line #185
I/PackageManager( 4089): SELinux relabeling of com.android.dialer issued.
I/art     ( 4089): DexFile_isDexOptNeeded failed to open oat file '/data/dalvik-cache/arm/system@priv-app@Dialer@Dialer.apk@classes.dex' for file location '/system/priv-app/Dialer/Dialer.apk': Failed to open oat filename for reading: No such file or directory
I/art     ( 4089): DexFile_isDexOptNeeded failed to open oat file '/system/priv-app/Dialer/arm/Dialer.odex' for file location '/system/priv-app/Dialer/Dialer.apk': Failed to open oat filename for reading: No such file or directory
I/PackageManager( 4089): /system/priv-app/DownloadProvider changed; collecting certs
W/PackageManager( 4089): Failed to parse /system/priv-app/DownloadProvider: Signature mismatch for shared user : SharedUserSetting{323c3b78 android.media/10047}
I/PackageManager( 4089): SELinux relabeling of com.android.externalstorage issued.
I/art     ( 4089): DexFile_isDexOptNeeded failed to open oat file '/data/dalvik-cache/arm/system@priv-app@ExternalStorageProvider@ExternalStorageProvider.apk@classes.dex' for file location '/system/priv-app/ExternalStorageProvider/ExternalStorageProvider.apk': Failed to open oat filename for reading: No such file or directory
I/art     ( 4089): DexFile_isDexOptNeeded failed to open oat file '/system/priv-app/ExternalStorageProvider/arm/ExternalStorageProvider.odex' for file location '/system/priv-app/ExternalStorageProvider/ExternalStorageProvider.apk': Failed to open oat filename for reading: No such file or directory
I/PackageManager( 4089): /system/priv-app/FusedLocation changed; collecting certs
W/PackageManager( 4089): Failed to parse /system/priv-app/FusedLocation: Signature mismatch for shared user : SharedUserSetting{af6856c android.uid.system/1000}
I/PackageManager( 4089): /system/priv-app/InputDevices changed; collecting certs
W/PackageManager( 4089): Failed to parse /system/priv-app/InputDevices: Signature mismatch for shared user : SharedUserSetting{af6856c android.uid.system/1000}
I/PackageManager( 4089): SELinux relabeling of com.android.managedprovisioning issued.
I/art     ( 4089): DexFile_isDexOptNeeded failed to open oat file '/data/dalvik-cache/arm/system@priv-app@ManagedProvisioning@ManagedProvisioning.apk@classes.dex' for file location '/system/priv-app/ManagedProvisioning/ManagedProvisioning.apk': Failed to open oat filename for reading: No such file or directory
I/art     ( 4089): DexFile_isDexOptNeeded failed to open oat file '/system/priv-app/ManagedProvisioning/arm/ManagedProvisioning.odex' for file location '/system/priv-app/ManagedProvisioning/ManagedProvisioning.apk': Failed to open oat filename for reading: No such file or directory
I/PackageManager( 4089): /system/priv-app/MediaProvider changed; collecting certs
W/PackageManager( 4089): Failed to parse /system/priv-app/MediaProvider: Signature mismatch for shared user : SharedUserSetting{323c3b78 android.media/10047}
I/PackageManager( 4089): SELinux relabeling of com.android.mms issued.
I/art     ( 4089): DexFile_isDexOptNeeded failed to open oat file '/data/dalvik-cache/arm/system@priv-app@Mms@Mms.apk@classes.dex' for file location '/system/priv-app/Mms/Mms.apk': Failed to open oat filename for reading: No such file or directory
I/art     ( 4089): DexFile_isDexOptNeeded failed to open oat file '/system/priv-app/Mms/arm/Mms.odex' for file location '/system/priv-app/Mms/Mms.apk': Failed to open oat filename for reading: No such file or directory
I/PackageManager( 4089): /system/priv-app/MmsService changed; collecting certs
W/PackageManager( 4089): Failed to parse /system/priv-app/MmsService: Signature mismatch for shared user : SharedUserSetting{94e7005 android.uid.phone/1001}
I/PackageManager( 4089): SELinux relabeling of com.android.onetimeinitializer issued.
I/art     ( 4089): DexFile_isDexOptNeeded failed to open oat file '/data/dalvik-cache/arm/system@priv-app@OneTimeInitializer@OneTimeInitializer.apk@classes.dex' for file location '/system/priv-app/OneTimeInitializer/OneTimeInitializer.apk': Failed to open oat filename for reading: No such file or directory
I/art     ( 4089): DexFile_isDexOptNeeded failed to open oat file '/system/priv-app/OneTimeInitializer/arm/OneTimeInitializer.odex' for file location '/system/priv-app/OneTimeInitializer/OneTimeInitializer.apk': Failed to open oat filename for reading: No such file or directory
I/PackageManager( 4089): SELinux relabeling of com.android.proxyhandler issued.
I/art     ( 4089): DexFile_isDexOptNeeded failed to open oat file '/data/dalvik-cache/arm/system@priv-app@ProxyHandler@ProxyHandler.apk@classes.dex' for file location '/system/priv-app/ProxyHandler/ProxyHandler.apk': Failed to open oat filename for reading: No such file or directory
I/art     ( 4089): DexFile_isDexOptNeeded failed to open oat file '/system/priv-app/ProxyHandler/arm/ProxyHandler.odex' for file location '/system/priv-app/ProxyHandler/ProxyHandler.apk': Failed to open oat filename for reading: No such file or directory
I/PackageManager( 4089): /system/priv-app/Settings changed; collecting certs
W/PackageManager( 4089): Failed to parse /system/priv-app/Settings: Signature mismatch for shared user : SharedUserSetting{af6856c android.uid.system/1000}
I/PackageManager( 4089): /system/priv-app/SettingsProvider changed; collecting certs
W/PackageManager( 4089): Failed to parse /system/priv-app/SettingsProvider: Signature mismatch for shared user : SharedUserSetting{af6856c android.uid.system/1000}
I/PackageManager( 4089): SELinux relabeling of com.android.sharedstoragebackup issued.
I/art     ( 4089): DexFile_isDexOptNeeded failed to open oat file '/data/dalvik-cache/arm/system@priv-app@SharedStorageBackup@SharedStorageBackup.apk@classes.dex' for file location '/system/priv-app/SharedStorageBackup/SharedStorageBackup.apk': Failed to open oat filename for reading: No such file or directory
I/art     ( 4089): DexFile_isDexOptNeeded failed to open oat file '/system/priv-app/SharedStorageBackup/arm/SharedStorageBackup.odex' for file location '/system/priv-app/SharedStorageBackup/SharedStorageBackup.apk': Failed to open oat filename for reading: No such file or directory
I/PackageManager( 4089): /system/priv-app/Shell changed; collecting certs
W/PackageManager( 4089): Failed to parse /system/priv-app/Shell: Signature mismatch for shared user : SharedUserSetting{2b2282ae android.uid.shell/2000}
I/PackageManager( 4089): /system/priv-app/SystemUI changed; collecting certs
W/PackageManager( 4089): Failed to parse /system/priv-app/SystemUI: Signature mismatch for shared user : SharedUserSetting{3312aa6b android.uid.systemui/10058}
I/PackageManager( 4089): /system/priv-app/TeleService changed; collecting certs
W/PackageManager( 4089): Failed to parse /system/priv-app/TeleService: Signature mismatch for shared user : SharedUserSetting{94e7005 android.uid.phone/1001}
I/PackageManager( 4089): /system/priv-app/Telecom changed; collecting certs
W/PackageManager( 4089): Failed to parse /system/priv-app/Telecom: Signature mismatch for shared user : SharedUserSetting{94e7005 android.uid.phone/1001}
I/PackageManager( 4089): /system/priv-app/TelephonyProvider changed; collecting certs
W/PackageManager( 4089): Failed to parse /system/priv-app/TelephonyProvider: Signature mismatch for shared user : SharedUserSetting{94e7005 android.uid.phone/1001}
I/PackageManager( 4089): SELinux relabeling of org.cyanogenmod.theme.chooser issued.
I/art     ( 4089): DexFile_isDexOptNeeded failed to open oat file '/data/dalvik-cache/arm/system@priv-app@ThemeChooser@ThemeChooser.apk@classes.dex' for file location '/system/priv-app/ThemeChooser/ThemeChooser.apk': Failed to open oat filename for reading: No such file or directory
I/art     ( 4089): DexFile_isDexOptNeeded failed to open oat file '/system/priv-app/ThemeChooser/arm/ThemeChooser.odex' for file location '/system/priv-app/ThemeChooser/ThemeChooser.apk': Failed to open oat filename for reading: No such file or directory
I/PackageManager( 4089): SELinux relabeling of org.cyanogenmod.themes.provider issued.
I/art     ( 4089): DexFile_isDexOptNeeded failed to open oat file '/data/dalvik-cache/arm/system@priv-app@ThemesProvider@ThemesProvider.apk@classes.dex' for file location '/system/priv-app/ThemesProvider/ThemesProvider.apk': Failed to open oat filename for reading: No such file or directory
I/art     ( 4089): DexFile_isDexOptNeeded failed to open oat file '/system/priv-app/ThemesProvider/arm/ThemesProvider.odex' for file location '/system/priv-app/ThemesProvider/ThemesProvider.apk': Failed to open oat filename for reading: No such file or directory
I/PackageManager( 4089): SELinux relabeling of com.cyanogenmod.trebuchet issued.
I/art     ( 4089): DexFile_isDexOptNeeded failed to open oat file '/data/dalvik-cache/arm/system@priv-app@Trebuchet@Trebuchet.apk@classes.dex' for file location '/system/priv-app/Trebuchet/Trebuchet.apk': Failed to open oat filename for reading: No such file or directory
I/art     ( 4089): DexFile_isDexOptNeeded failed to open oat file '/system/priv-app/Trebuchet/arm/Trebuchet.odex' for file location '/system/priv-app/Trebuchet/Trebuchet.apk': Failed to open oat filename for reading: No such file or directory
W/PackageManager( 4089): Permission com.android.launcher.permission.INSTALL_SHORTCUT from package com.cyanogenmod.trebuchet ignored: no group null
W/PackageManager( 4089): Permission com.android.launcher.permission.UNINSTALL_SHORTCUT from package com.cyanogenmod.trebuchet ignored: no group null
W/PackageManager( 4089): Permission com.android.launcher3.permission.READ_SETTINGS from package com.cyanogenmod.trebuchet ignored: no group null
W/PackageManager( 4089): Permission com.android.launcher3.permission.WRITE_SETTINGS from package com.cyanogenmod.trebuchet ignored: no group null
I/PackageManager( 4089): SELinux relabeling of com.android.vpndialogs issued.
I/art     ( 4089): DexFile_isDexOptNeeded failed to open oat file '/data/dalvik-cache/arm/system@priv-app@VpnDialogs@VpnDialogs.apk@classes.dex' for file location '/system/priv-app/VpnDialogs/VpnDialogs.apk': Failed to open oat filename for reading: No such file or directory
I/art     ( 4089): DexFile_isDexOptNeeded failed to open oat file '/system/priv-app/VpnDialogs/arm/VpnDialogs.odex' for file location '/system/priv-app/VpnDialogs/VpnDialogs.apk': Failed to open oat filename for reading: No such file or directory
I/PackageManager( 4089): SELinux relabeling of com.android.wallpapercropper issued.
I/art     ( 4089): DexFile_isDexOptNeeded failed to open oat file '/data/dalvik-cache/arm/system@priv-app@WallpaperCropper@WallpaperCropper.apk@classes.dex' for file location '/system/priv-app/WallpaperCropper/WallpaperCropper.apk': Failed to open oat filename for reading: No such file or directory
I/art     ( 4089): DexFile_isDexOptNeeded failed to open oat file '/system/priv-app/WallpaperCropper/arm/WallpaperCropper.odex' for file location '/system/priv-app/WallpaperCropper/WallpaperCropper.apk': Failed to open oat filename for reading: No such file or directory
I/PackageManager( 4089): SELinux relabeling of com.android.dreams.basic issued.
I/art     ( 4089): DexFile_isDexOptNeeded failed to open oat file '/data/dalvik-cache/arm/system@app@BasicDreams@BasicDreams.apk@classes.dex' for file location '/system/app/BasicDreams/BasicDreams.apk': Failed to open oat filename for reading: No such file or directory
I/art     ( 4089): DexFile_isDexOptNeeded failed to open oat file '/system/app/BasicDreams/arm/BasicDreams.odex' for file location '/system/app/BasicDreams/BasicDreams.apk': Failed to open oat filename for reading: No such file or directory
W/PackageParser( 4089): No actions in intent filter at /system/app/Bluetooth/Bluetooth.apk Binary XML file line #229
I/PackageManager( 4089): /system/app/Bluetooth changed; collecting certs
W/PackageManager( 4089): Failed to parse /system/app/Bluetooth: Signature mismatch for shared user : SharedUserSetting{19ddc3a3 android.uid.bluetooth/1002}
I/PackageManager( 4089): SELinux relabeling of com.android.browser issued.
I/art     ( 4089): DexFile_isDexOptNeeded failed to open oat file '/data/dalvik-cache/arm/system@app@Browser@Browser.apk@classes.dex' for file location '/system/app/Browser/Browser.apk': Failed to open oat filename for reading: No such file or directory
I/art     ( 4089): DexFile_isDexOptNeeded failed to open oat file '/system/app/Browser/arm/Browser.odex' for file location '/system/app/Browser/Browser.apk': Failed to open oat filename for reading: No such file or directory
W/PackageParser( 4089): No actions in intent filter at /system/app/CMFileManager/CMFileManager.apk Binary XML file line #155
I/PackageManager( 4089): SELinux relabeling of com.cyanogenmod.filemanager issued.
I/art     ( 4089): DexFile_isDexOptNeeded failed to open oat file '/data/dalvik-cache/arm/system@app@CMFileManager@CMFileManager.apk@classes.dex' for file location '/system/app/CMFileManager/CMFileManager.apk': Failed to open oat filename for reading: No such file or directory
I/art     ( 4089): DexFile_isDexOptNeeded failed to open oat file '/system/app/CMFileManager/arm/CMFileManager.odex' for file location '/system/app/CMFileManager/CMFileManager.apk': Failed to open oat filename for reading: No such file or directory
I/PackageManager( 4089): SELinux relabeling of com.cyanogenmod.wallpapers issued.
I/art     ( 4089): DexFile_isDexOptNeeded failed to open oat file '/data/dalvik-cache/arm/system@app@CMWallpapers@CMWallpapers.apk@classes.dex' for file location '/system/app/CMWallpapers/CMWallpapers.apk': Failed to open oat filename for reading: No such file or directory
I/art     ( 4089): DexFile_isDexOptNeeded failed to open oat file '/system/app/CMWallpapers/arm/CMWallpapers.odex' for file location '/system/app/CMWallpapers/CMWallpapers.apk': Failed to open oat filename for reading: No such file or directory
W/SurfaceFlinger( 3671): Ignoring duplicate VSYNC event from HWC (t=33775078586)
I/PackageManager( 4089): SELinux relabeling of com.android.calculator2 issued.
I/art     ( 4089): DexFile_isDexOptNeeded failed to open oat file '/data/dalvik-cache/arm/system@app@Calculator@Calculator.apk@classes.dex' for file location '/system/app/Calculator/Calculator.apk': Failed to open oat filename for reading: No such file or directory
I/art     ( 4089): DexFile_isDexOptNeeded failed to open oat file '/system/app/Calculator/arm/Calculator.odex' for file location '/system/app/Calculator/Calculator.apk': Failed to open oat filename for reading: No such file or directory
I/PackageManager( 4089): SELinux relabeling of com.android.calendar issued.
I/art     ( 4089): DexFile_isDexOptNeeded failed to open oat file '/data/dalvik-cache/arm/system@app@Calendar@Calendar.apk@classes.dex' for file location '/system/app/Calendar/Calendar.apk': Failed to open oat filename for reading: No such file or directory
I/art     ( 4089): DexFile_isDexOptNeeded failed to open oat file '/system/app/Calendar/arm/Calendar.odex' for file location '/system/app/Calendar/Calendar.apk': Failed to open oat filename for reading: No such file or directory
I/PackageManager( 4089): SELinux relabeling of com.android.camera2 issued.
I/art     ( 4089): DexFile_isDexOptNeeded failed to open oat file '/data/dalvik-cache/arm/system@app@Camera2@Camera2.apk@classes.dex' for file location '/system/app/Camera2/Camera2.apk': Failed to open oat filename for reading: No such file or directory
I/art     ( 4089): DexFile_isDexOptNeeded failed to open oat file '/system/app/Camera2/arm/Camera2.odex' for file location '/system/app/Camera2/Camera2.apk': Failed to open oat filename for reading: No such file or directory
I/PackageManager( 4089): SELinux relabeling of com.android.captiveportallogin issued.
I/art     ( 4089): DexFile_isDexOptNeeded failed to open oat file '/data/dalvik-cache/arm/system@app@CaptivePortalLogin@CaptivePortalLogin.apk@classes.dex' for file location '/system/app/CaptivePortalLogin/CaptivePortalLogin.apk': Failed to open oat filename for reading: No such file or directory
I/art     ( 4089): DexFile_isDexOptNeeded failed to open oat file '/system/app/CaptivePortalLogin/arm/CaptivePortalLogin.odex' for file location '/system/app/CaptivePortalLogin/CaptivePortalLogin.apk': Failed to open oat filename for reading: No such file or directory
I/PackageManager( 4089): SELinux relabeling of com.android.certinstaller issued.
I/art     ( 4089): DexFile_isDexOptNeeded failed to open oat file '/data/dalvik-cache/arm/system@app@CertInstaller@CertInstaller.apk@classes.dex' for file location '/system/app/CertInstaller/CertInstaller.apk': Failed to open oat filename for reading: No such file or directory
I/art     ( 4089): DexFile_isDexOptNeeded failed to open oat file '/system/app/CertInstaller/arm/CertInstaller.odex' for file location '/system/app/CertInstaller/CertInstaller.apk': Failed to open oat filename for reading: No such file or directory
I/PackageManager( 4089): SELinux relabeling of com.android.deskclock issued.
I/art     ( 4089): DexFile_isDexOptNeeded failed to open oat file '/data/dalvik-cache/arm/system@app@DeskClock@DeskClock.apk@classes.dex' for file location '/system/app/DeskClock/DeskClock.apk': Failed to open oat filename for reading: No such file or directory
I/art     ( 4089): DexFile_isDexOptNeeded failed to open oat file '/system/app/DeskClock/arm/DeskClock.odex' for file location '/system/app/DeskClock/DeskClock.apk': Failed to open oat filename for reading: No such file or directory
I/PackageManager( 4089): /system/app/Development changed; collecting certs
W/PackageManager( 4089): Failed to parse /system/app/Development: Signature mismatch for shared user : SharedUserSetting{af6856c android.uid.system/1000}
I/PackageManager( 4089): SELinux relabeling of com.android.documentsui issued.
I/art     ( 4089): DexFile_isDexOptNeeded failed to open oat file '/data/dalvik-cache/arm/system@app@DocumentsUI@DocumentsUI.apk@classes.dex' for file location '/system/app/DocumentsUI/DocumentsUI.apk': Failed to open oat filename for reading: No such file or directory
I/art     ( 4089): DexFile_isDexOptNeeded failed to open oat file '/system/app/DocumentsUI/arm/DocumentsUI.odex' for file location '/system/app/DocumentsUI/DocumentsUI.apk': Failed to open oat filename for reading: No such file or directory
I/PackageManager( 4089): /system/app/DownloadProviderUi changed; collecting certs
W/PackageManager( 4089): Failed to parse /system/app/DownloadProviderUi: Signature mismatch for shared user : SharedUserSetting{323c3b78 android.media/10047}
I/PackageManager( 4089): SELinux relabeling of com.cyanogenmod.eleven issued.
I/art     ( 4089): DexFile_isDexOptNeeded failed to open oat file '/data/dalvik-cache/arm/system@app@Eleven@Eleven.apk@classes.dex' for file location '/system/app/Eleven/Eleven.apk': Failed to open oat filename for reading: No such file or directory
I/art     ( 4089): DexFile_isDexOptNeeded failed to open oat file '/system/app/Eleven/arm/Eleven.odex' for file location '/system/app/Eleven/Eleven.apk': Failed to open oat filename for reading: No such file or directory
I/PackageManager( 4089): SELinux relabeling of com.android.email issued.
I/art     ( 4089): DexFile_isDexOptNeeded failed to open oat file '/data/dalvik-cache/arm/system@app@Email@Email.apk@classes.dex' for file location '/system/app/Email/Email.apk': Failed to open oat filename for reading: No such file or directory
I/art     ( 4089): DexFile_isDexOptNeeded failed to open oat file '/system/app/Email/arm/Email.odex' for file location '/system/app/Email/Email.apk': Failed to open oat filename for reading: No such file or directory
W/PackageManager( 4089): Permission com.android.email.permission.READ_ATTACHMENT from package com.android.email ignored: no group null
I/PackageManager( 4089): SELinux relabeling of com.android.exchange issued.
I/art     ( 4089): DexFile_isDexOptNeeded failed to open oat file '/data/dalvik-cache/arm/system@app@Exchange2@Exchange2.apk@classes.dex' for file location '/system/app/Exchange2/Exchange2.apk': Failed to open oat filename for reading: No such file or directory
I/art     ( 4089): DexFile_isDexOptNeeded failed to open oat file '/system/app/Exchange2/arm/Exchange2.odex' for file location '/system/app/Exchange2/Exchange2.apk': Failed to open oat filename for reading: No such file or directory
I/PackageManager( 4089): SELinux relabeling of com.android.galaxy4 issued.
I/art     ( 4089): DexFile_isDexOptNeeded failed to open oat file '/data/dalvik-cache/arm/system@app@Galaxy4@Galaxy4.apk@classes.dex' for file location '/system/app/Galaxy4/Galaxy4.apk': Failed to open oat filename for reading: No such file or directory
I/art     ( 4089): DexFile_isDexOptNeeded failed to open oat file '/system/app/Galaxy4/arm/Galaxy4.odex' for file location '/system/app/Galaxy4/Galaxy4.apk': Failed to open oat filename for reading: No such file or directory
W/PackageParser( 4089): Unknown element under <application>: permission at /system/app/Gallery2/Gallery2.apk Binary XML file line #273
W/PackageParser( 4089): Unknown element under <application>: permission at /system/app/Gallery2/Gallery2.apk Binary XML file line #276
I/PackageManager( 4089): SELinux relabeling of com.android.gallery3d issued.
I/art     ( 4089): DexFile_isDexOptNeeded failed to open oat file '/data/dalvik-cache/arm/system@app@Gallery2@Gallery2.apk@classes.dex' for file location '/system/app/Gallery2/Gallery2.apk': Failed to open oat filename for reading: No such file or directory
I/art     ( 4089): DexFile_isDexOptNeeded failed to open oat file '/system/app/Gallery2/arm/Gallery2.odex' for file location '/system/app/Gallery2/Gallery2.apk': Failed to open oat filename for reading: No such file or directory
I/PackageManager( 4089): SELinux relabeling of com.android.htmlviewer issued.
I/art     ( 4089): DexFile_isDexOptNeeded failed to open oat file '/data/dalvik-cache/arm/system@app@HTMLViewer@HTMLViewer.apk@classes.dex' for file location '/system/app/HTMLViewer/HTMLViewer.apk': Failed to open oat filename for reading: No such file or directory
I/art     ( 4089): DexFile_isDexOptNeeded failed to open oat file '/system/app/HTMLViewer/arm/HTMLViewer.odex' for file location '/system/app/HTMLViewer/HTMLViewer.apk': Failed to open oat filename for reading: No such file or directory
I/PackageManager( 4089): SELinux relabeling of com.android.wallpaper.holospiral issued.
I/art     ( 4089): DexFile_isDexOptNeeded failed to open oat file '/data/dalvik-cache/arm/system@app@HoloSpiralWallpaper@HoloSpiralWallpaper.apk@classes.dex' for file location '/system/app/HoloSpiralWallpaper/HoloSpiralWallpaper.apk': Failed to open oat filename for reading: No such file or directory
I/art     ( 4089): DexFile_isDexOptNeeded failed to open oat file '/system/app/HoloSpiralWallpaper/arm/HoloSpiralWallpaper.odex' for file location '/system/app/HoloSpiralWallpaper/HoloSpiralWallpaper.apk': Failed to open oat filename for reading: No such file or directory
I/PackageManager( 4089): SELinux relabeling of com.android.incallui issued.
I/PackageManager( 4089): /system/app/KeyChain changed; collecting certs
W/PackageManager( 4089): Failed to parse /system/app/KeyChain: Signature mismatch for shared user : SharedUserSetting{af6856c android.uid.system/1000}
I/PackageManager( 4089): SELinux relabeling of com.android.inputmethod.latin issued.
I/art     ( 4089): DexFile_isDexOptNeeded failed to open oat file '/data/dalvik-cache/arm/system@app@LatinIME@LatinIME.apk@classes.dex' for file location '/system/app/LatinIME/LatinIME.apk': Failed to open oat filename for reading: No such file or directory
I/art     ( 4089): DexFile_isDexOptNeeded failed to open oat file '/system/app/LatinIME/arm/LatinIME.odex' for file location '/system/app/LatinIME/LatinIME.apk': Failed to open oat filename for reading: No such file or directory
I/PackageManager( 4089): SELinux relabeling of com.android.wallpaper issued.
I/art     ( 4089): DexFile_isDexOptNeeded failed to open oat file '/data/dalvik-cache/arm/system@app@LiveWallpapers@LiveWallpapers.apk@classes.dex' for file location '/system/app/LiveWallpapers/LiveWallpapers.apk': Failed to open oat filename for reading: No such file or directory
I/art     ( 4089): DexFile_isDexOptNeeded failed to open oat file '/system/app/LiveWallpapers/arm/LiveWallpapers.odex' for file location '/system/app/LiveWallpapers/LiveWallpapers.apk': Failed to open oat filename for reading: No such file or directory
I/PackageManager( 4089): SELinux relabeling of com.android.wallpaper.livepicker issued.
I/art     ( 4089): DexFile_isDexOptNeeded failed to open oat file '/data/dalvik-cache/arm/system@app@LiveWallpapersPicker@LiveWallpapersPicker.apk@classes.dex' for file location '/system/app/LiveWallpapersPicker/LiveWallpapersPicker.apk': Failed to open oat filename for reading: No such file or directory
I/art     ( 4089): DexFile_isDexOptNeeded failed to open oat file '/system/app/LiveWallpapersPicker/arm/LiveWallpapersPicker.odex' for file location '/system/app/LiveWallpapersPicker/LiveWallpapersPicker.apk': Failed to open oat filename for reading: No such file or directory
I/PackageManager( 4089): SELinux relabeling of com.cyanogenmod.lockclock issued.
I/art     ( 4089): DexFile_isDexOptNeeded failed to open oat file '/data/dalvik-cache/arm/system@app@LockClock@LockClock.apk@classes.dex' for file location '/system/app/LockClock/LockClock.apk': Failed to open oat filename for reading: No such file or directory
I/art     ( 4089): DexFile_isDexOptNeeded failed to open oat file '/system/app/LockClock/arm/LockClock.odex' for file location '/system/app/LockClock/LockClock.apk': Failed to open oat filename for reading: No such file or directory
I/PackageManager( 4089): SELinux relabeling of com.android.noisefield issued.
I/art     ( 4089): DexFile_isDexOptNeeded failed to open oat file '/data/dalvik-cache/arm/system@app@NoiseField@NoiseField.apk@classes.dex' for file location '/system/app/NoiseField/NoiseField.apk': Failed to open oat filename for reading: No such file or directory
I/art     ( 4089): DexFile_isDexOptNeeded failed to open oat file '/system/app/NoiseField/arm/NoiseField.odex' for file location '/system/app/NoiseField/NoiseField.apk': Failed to open oat filename for reading: No such file or directory
I/PackageManager( 4089): SELinux relabeling of com.android.pacprocessor issued.
I/art     ( 4089): DexFile_isDexOptNeeded failed to open oat file '/data/dalvik-cache/arm/system@app@PacProcessor@PacProcessor.apk@classes.dex' for file location '/system/app/PacProcessor/PacProcessor.apk': Failed to open oat filename for reading: No such file or directory
I/art     ( 4089): DexFile_isDexOptNeeded failed to open oat file '/system/app/PacProcessor/arm/PacProcessor.odex' for file location '/system/app/PacProcessor/PacProcessor.apk': Failed to open oat filename for reading: No such file or directory
I/PackageManager( 4089): SELinux relabeling of com.android.packageinstaller issued.
I/art     ( 4089): DexFile_isDexOptNeeded failed to open oat file '/data/dalvik-cache/arm/system@app@PackageInstaller@PackageInstaller.apk@classes.dex' for file location '/system/app/PackageInstaller/PackageInstaller.apk': Failed to open oat filename for reading: No such file or directory
I/art     ( 4089): DexFile_isDexOptNeeded failed to open oat file '/system/app/PackageInstaller/arm/PackageInstaller.odex' for file location '/system/app/PackageInstaller/PackageInstaller.apk': Failed to open oat filename for reading: No such file or directory
I/PackageManager( 4089): SELinux relabeling of com.android.phasebeam issued.
I/art     ( 4089): DexFile_isDexOptNeeded failed to open oat file '/data/dalvik-cache/arm/system@app@PhaseBeam@PhaseBeam.apk@classes.dex' for file location '/system/app/PhaseBeam/PhaseBeam.apk': Failed to open oat filename for reading: No such file or directory
I/art     ( 4089): DexFile_isDexOptNeeded failed to open oat file '/system/app/PhaseBeam/arm/PhaseBeam.odex' for file location '/system/app/PhaseBeam/PhaseBeam.apk': Failed to open oat filename for reading: No such file or directory
I/PackageManager( 4089): SELinux relabeling of org.cyanogenmod.wallpapers.photophase issued.
I/art     ( 4089): DexFile_isDexOptNeeded failed to open oat file '/data/dalvik-cache/arm/system@app@PhotoPhase@PhotoPhase.apk@classes.dex' for file location '/system/app/PhotoPhase/PhotoPhase.apk': Failed to open oat filename for reading: No such file or directory
I/art     ( 4089): DexFile_isDexOptNeeded failed to open oat file '/system/app/PhotoPhase/arm/PhotoPhase.odex' for file location '/system/app/PhotoPhase/PhotoPhase.apk': Failed to open oat filename for reading: No such file or directory
I/PackageManager( 4089): SELinux relabeling of com.android.dreams.phototable issued.
I/art     ( 4089): DexFile_isDexOptNeeded failed to open oat file '/data/dalvik-cache/arm/system@app@PhotoTable@PhotoTable.apk@classes.dex' for file location '/system/app/PhotoTable/PhotoTable.apk': Failed to open oat filename for reading: No such file or directory
I/art     ( 4089): DexFile_isDexOptNeeded failed to open oat file '/system/app/PhotoTable/arm/PhotoTable.odex' for file location '/system/app/PhotoTable/PhotoTable.apk': Failed to open oat filename for reading: No such file or directory
I/PackageManager( 4089): SELinux relabeling of com.svox.pico issued.
I/art     ( 4089): DexFile_isDexOptNeeded failed to open oat file '/data/dalvik-cache/arm/system@app@PicoTts@PicoTts.apk@classes.dex' for file location '/system/app/PicoTts/PicoTts.apk': Failed to open oat filename for reading: No such file or directory
I/art     ( 4089): DexFile_isDexOptNeeded failed to open oat file '/system/app/PicoTts/arm/PicoTts.odex' for file location '/system/app/PicoTts/PicoTts.apk': Failed to open oat filename for reading: No such file or directory
I/PackageManager( 4089): SELinux relabeling of com.android.printspooler issued.
I/art     ( 4089): DexFile_isDexOptNeeded failed to open oat file '/data/dalvik-cache/arm/system@app@PrintSpooler@PrintSpooler.apk@classes.dex' for file location '/system/app/PrintSpooler/PrintSpooler.apk': Failed to open oat filename for reading: No such file or directory
I/art     ( 4089): DexFile_isDexOptNeeded failed to open oat file '/system/app/PrintSpooler/arm/PrintSpooler.odex' for file location '/system/app/PrintSpooler/PrintSpooler.apk': Failed to open oat filename for reading: No such file or directory
I/PackageManager( 4089): SELinux relabeling of com.android.provision issued.
I/art     ( 4089): DexFile_isDexOptNeeded failed to open oat file '/data/dalvik-cache/arm/system@app@Provision@Provision.apk@classes.dex' for file location '/system/app/Provision/Provision.apk': Failed to open oat filename for reading: No such file or directory
I/art     ( 4089): DexFile_isDexOptNeeded failed to open oat file '/system/app/Provision/arm/Provision.odex' for file location '/system/app/Provision/Provision.apk': Failed to open oat filename for reading: No such file or directory
I/PackageManager( 4089): SELinux relabeling of com.android.soundrecorder issued.
I/art     ( 4089): DexFile_isDexOptNeeded failed to open oat file '/data/dalvik-cache/arm/system@app@SoundRecorder@SoundRecorder.apk@classes.dex' for file location '/system/app/SoundRecorder/SoundRecorder.apk': Failed to open oat filename for reading: No such file or directory
I/art     ( 4089): DexFile_isDexOptNeeded failed to open oat file '/system/app/SoundRecorder/arm/SoundRecorder.odex' for file location '/system/app/SoundRecorder/SoundRecorder.apk': Failed to open oat filename for reading: No such file or directory
I/PackageManager( 4089): /system/app/Stk changed; collecting certs
W/PackageManager( 4089): Failed to parse /system/app/Stk: Signature mismatch for shared user : SharedUserSetting{94e7005 android.uid.phone/1001}
I/PackageManager( 4089): SELinux relabeling of com.android.terminal issued.
I/art     ( 4089): DexFile_isDexOptNeeded failed to open oat file '/data/dalvik-cache/arm/system@app@Terminal@Terminal.apk@classes.dex' for file location '/system/app/Terminal/Terminal.apk': Failed to open oat filename for reading: No such file or directory
I/art     ( 4089): DexFile_isDexOptNeeded failed to open oat file '/system/app/Terminal/arm/Terminal.odex' for file location '/system/app/Terminal/Terminal.apk': Failed to open oat filename for reading: No such file or directory
I/PackageManager( 4089): /system/app/UserDictionaryProvider changed; collecting certs
W/PackageManager( 4089): Failed to parse /system/app/UserDictionaryProvider: Signature mismatch for shared user : SharedUserSetting{5de4200 android.uid.shared/10020}
I/PackageManager( 4089): SELinux relabeling of com.android.musicvis issued.
I/art     ( 4089): DexFile_isDexOptNeeded failed to open oat file '/data/dalvik-cache/arm/system@app@VisualizationWallpapers@VisualizationWallpapers.apk@classes.dex' for file location '/system/app/VisualizationWallpapers/VisualizationWallpapers.apk': Failed to open oat filename for reading: No such file or directory
I/art     ( 4089): DexFile_isDexOptNeeded failed to open oat file '/system/app/VisualizationWallpapers/arm/VisualizationWallpapers.odex' for file location '/system/app/VisualizationWallpapers/VisualizationWallpapers.apk': Failed to open oat filename for reading: No such file or directory
I/PackageManager( 4089): SELinux relabeling of com.android.smspush issued.
I/art     ( 4089): DexFile_isDexOptNeeded failed to open oat file '/data/dalvik-cache/arm/system@app@WAPPushManager@WAPPushManager.apk@classes.dex' for file location '/system/app/WAPPushManager/WAPPushManager.apk': Failed to open oat filename for reading: No such file or directory
I/art     ( 4089): DexFile_isDexOptNeeded failed to open oat file '/system/app/WAPPushManager/arm/WAPPushManager.odex' for file location '/system/app/WAPPushManager/WAPPushManager.apk': Failed to open oat filename for reading: No such file or directory
I/PackageManager( 4089): SELinux relabeling of org.whispersystems.whisperpush issued.
I/art     ( 4089): DexFile_isDexOptNeeded failed to open oat file '/data/dalvik-cache/arm/system@app@WhisperPush@WhisperPush.apk@classes.dex' for file location '/system/app/WhisperPush/WhisperPush.apk': Failed to open oat filename for reading: No such file or directory
I/art     ( 4089): DexFile_isDexOptNeeded failed to open oat file '/system/app/WhisperPush/arm/WhisperPush.odex' for file location '/system/app/WhisperPush/WhisperPush.apk': Failed to open oat filename for reading: No such file or directory
W/PackageManager( 4089): Failed to parse /system/app/mcRegistry: Missing base APK in /system/app/mcRegistry
I/PackageManager( 4089): SELinux relabeling of com.android.webview issued.
I/art     ( 4089): DexFile_isDexOptNeeded failed to open oat file '/data/dalvik-cache/arm/system@app@webview@webview.apk@classes.dex' for file location '/system/app/webview/webview.apk': Failed to open oat filename for reading: No such file or directory
I/art     ( 4089): DexFile_isDexOptNeeded failed to open oat file '/system/app/webview/arm/webview.odex' for file location '/system/app/webview/webview.apk': Failed to open oat filename for reading: No such file or directory
D/PackageManager( 4089): No files in app dir /system/vendor/app
D/PackageManager( 4089): No files in app dir /oem/app
D/PackageManager( 4089): No files in app dir /vendor/bundled-app
W/PackageManager( 4089): System package com.samsung.SMT no longer exists; wiping its data
E/installd( 3689): Couldn't opendir /data/data/com.samsung.SMT: No such file or directory
W/PackageManager( 4089): System package com.samsung.android.sdk.samsunglink no longer exists; wiping its data
E/installd( 3689): Couldn't opendir /data/data/com.samsung.android.sdk.samsunglink: No such file or directory
W/PackageManager( 4089): System package com.samsung.android.app.mirrorlink no longer exists; wiping its data
E/installd( 3689): Couldn't opendir /data/data/com.samsung.android.app.mirrorlink: No such file or directory
W/PackageManager( 4089): System package com.mobeam.barcodeService no longer exists; wiping its data
E/installd( 3689): Couldn't opendir /data/data/com.mobeam.barcodeService: No such file or directory
I/PackageManager( 4089): /data/app/com.mobeam.barcodeService-1 changed; collecting certs
W/PackageManager( 4089): Failed to parse /data/app/com.mobeam.barcodeService-1: Cannot install platform packages to user storage!
I/PackageManager( 4089): SELinux relabeling of ar.com.personal issued.
I/art     ( 4089): DexFile_isDexOptNeeded failed to open oat file '/data/dalvik-cache/arm/data@app@ar.com.personal-2@base.apk@classes.dex' for file location '/data/app/ar.com.personal-2/base.apk': Failed to open oat filename for reading: No such file or directory
I/art     ( 4089): DexFile_isDexOptNeeded failed to open oat file '/data/app/ar.com.personal-2/arm/base.odex' for file location '/data/app/ar.com.personal-2/base.apk': Failed to open oat filename for reading: No such file or directory
