--------- beginning of main
I/cm      (    0): Welcome to Android 5.0.2 / CyanogenMod-12-20150717-UNOFFICIAL-k3gxx 
W/auditd  ( 3689): type=1325 audit(0.0:2): table=filter family=2 entries=0
W/auditd  ( 3689): type=1325 audit(0.0:3): table=mangle family=2 entries=0
W/auditd  ( 3689): type=1325 audit(0.0:4): table=nat family=2 entries=0
W/auditd  ( 3689): type=1325 audit(0.0:5): table=raw family=2 entries=0
W/auditd  ( 3689): type=1325 audit(0.0:6): table=security family=2 entries=0
W/auditd  ( 3689): type=1325 audit(0.0:7): table=filter family=3 entries=0
W/auditd  ( 3689): type=1325 audit(0.0:8): table=filter family=10 entries=0
W/auditd  ( 3689): type=1325 audit(0.0:9): table=mangle family=10 entries=0
W/auditd  ( 3689): type=1325 audit(0.0:10): table=raw family=10 entries=0
I/McDaemon(    0): Daemon starting up...
I/McDaemon(    0): Socket interface version is 0.2
I/McDaemon(    0): *** t-base-300-Ares-2-Android-V004_P3 ###
I/McDaemon(    0): Build timestamp is Jan 20 2015 11:49:09
I/McDaemon(    0): Checking version of <t-base
I/McDaemon(    0): Product ID is tbase-300_EXYNOS_5422_V004_P3
I/McDaemon(    0): (null)
I/McDaemon(    0): (null)
I/McDaemon(    0): (null)
I/McDaemon(    0): (null)
W/auditd  ( 3689): type=1305 audit(0.0:11): audit_pid=3671 old=0 auid=4294967295 ses=4294967295
W/auditd  ( 3689):  res=1
W/auditd  ( 3689): type=1305 audit(0.0:12): audit_rate_limit=20 old=0 auid=4294967295 ses=4294967295
W/auditd  ( 3689):  res=1
I/lowmemorykiller( 3673): Using in-kernel low memory killer interface
I/DEBUG   ( 3688): debuggerd: Jul 17 2015 15:16:32
--------- beginning of system
I/Vold    ( 3675): Vold 2.1 (the revenge) firing up
D/Vold    ( 3675): Volume extSdCard state changing -1 (Initializing) -> 0 (No-Media)
D/Vold    ( 3675): Volume UsbDriveA state changing -1 (Initializing) -> 0 (No-Media)
D/Vold    ( 3675): Volume UsbDriveB state changing -1 (Initializing) -> 0 (No-Media)
D/Vold    ( 3675): Volume UsbDriveC state changing -1 (Initializing) -> 0 (No-Media)
D/Vold    ( 3675): Volume UsbDriveD state changing -1 (Initializing) -> 0 (No-Media)
D/Vold    ( 3675): Volume UsbDriveE state changing -1 (Initializing) -> 0 (No-Media)
D/Vold    ( 3675): Volume UsbDriveF state changing -1 (Initializing) -> 0 (No-Media)
I/Cryptfs ( 3675): Check if PFE is activated on Boot
E/Cryptfs ( 3675): Bad magic for real block device /dev/block/platform/12200000.dwmmc0/by-name/USERDATA
E/Cryptfs ( 3675): Error getting crypt footer and key
I/installd( 3696): installd firing up
I/PrProvisioning( 3711): successfully - provisioning start !
I/PrProvisioning( 3711): provisioning already done
E/sdcard  ( 3706): usage: sdcard [OPTIONS] <source_path> <dest_path>
E/sdcard  ( 3706):     -u: specify UID to run as
E/sdcard  ( 3706):     -g: specify GID to run as
E/sdcard  ( 3706):     -w: specify GID required to write (default sdcard_rw, requires -d or -l)
E/sdcard  ( 3706):     -t: specify number of threads to use (default 2)
E/sdcard  ( 3706):     -d: derive file permissions based on path
E/sdcard  ( 3706):     -l: derive file permissions based on legacy internal layout
E/sdcard  ( 3706):     -s: split derived permissions for pics, av
E/sdcard  ( 3706): 
I/macloader( 3703): Settting wifi type to wisol in /data/.cid.info
D/macloader( 3703): Change permissions of /data/.cid.info
I/keystore( 3697): SELinux: Keystore SELinux is disabled.
D/SensorHubService( 3700): nuSensorHubService starting...
I/SurfaceFlinger( 3691): SurfaceFlinger is starting
I/SurfaceFlinger( 3691): SurfaceFlinger's main thread ready to run. Initializing graphics H/W...
D/libEGL  ( 3691): loaded /vendor/lib/egl/libGLES_mali.so
I/        ( 3691): PLATFORM VERSION : JB-MR-2
I/gralloc ( 3691): using (id=)
I/gralloc ( 3691): xres         = 1080 px
I/gralloc ( 3691): yres         = 1920 px
I/gralloc ( 3691): width        = 65 mm (422.030762 dpi)
I/gralloc ( 3691): height       = 115 mm (424.069580 dpi)
I/gralloc ( 3691): refresh rate = 60.00 Hz
D/hwcomposer( 3691): using
D/hwcomposer( 3691): xres         = 1080 px
D/hwcomposer( 3691): yres         = 1920 px
D/hwcomposer( 3691): width        = 65 mm (422.030000 dpi)
D/hwcomposer( 3691): height       = 115 mm (424.069000 dpi)
D/hwcomposer( 3691): refresh rate = 60 Hz
D/libexynosv4l2-subdev( 3691): try node: /dev/v4l-subdev0
D/libexynosv4l2-subdev( 3691): try node: /dev/v4l-subdev1
D/libexynosv4l2-subdev( 3691): try node: /dev/v4l-subdev2
I/libexynosv4l2-subdev( 3691): node found for device s5p-mixer0: /dev/v4l-subdev2
I/libexynosv4l2-subdev( 3691): open subdev device /dev/v4l-subdev2
I/hwcomposer( 3691): PSR info devname = /sys/devices/14400000.fimd_fb/psr_info
I/hwcomposer( 3691): PSR mode is 2(0: video mode, 1: DP PSR mode, 2: MIPI-DSI command mode)
I/SurfaceFlinger( 3691): Using composer version 1.3
I/SurfaceFlinger( 3691): EGL information:
I/SurfaceFlinger( 3691): vendor    : Android
I/SurfaceFlinger( 3691): version   : 1.4 Android META-EGL
I/SurfaceFlinger( 3691): extensions: EGL_KHR_get_all_proc_addresses EGL_ANDROID_presentation_time EGL_KHR_image EGL_KHR_image_base EGL_KHR_gl_texture_2D_image EGL_KHR_gl_texture_cubemap_image EGL_KHR_gl_renderbuffer_image EGL_KHR_fence_sync EGL_KHR_create_context EGL_ANDROID_image_native_buffer EGL_KHR_wait_sync EGL_ANDROID_recordable 
I/SurfaceFlinger( 3691): Client API: OpenGL_ES
I/SurfaceFlinger( 3691): EGLSurface: 8-8-8-8, config=0xb6acf2ac
I/mediaserver( 3694): ServiceManager: 0xb60500c0
I/AudioFlinger( 3694): Using default 3000 mSec as standby time.
I/ServiceManager( 3694): Waiting for service batterystats...
I/SurfaceFlinger( 3691): OpenGL ES informations:
I/SurfaceFlinger( 3691): vendor    : ARM
I/SurfaceFlinger( 3691): renderer  : Mali-T628
I/SurfaceFlinger( 3691): version   : OpenGL ES 3.0
I/SurfaceFlinger( 3691): extensions: GL_EXT_debug_marker GL_ARM_rgba8 GL_ARM_mali_shader_binary GL_OES_depth24 GL_OES_depth_texture GL_OES_depth_texture_cube_map GL_OES_packed_depth_stencil GL_OES_rgb8_rgba8 GL_EXT_read_format_bgra GL_OES_compressed_paletted_texture GL_OES_compressed_ETC1_RGB8_texture GL_OES_standard_derivatives GL_OES_EGL_image GL_OES_EGL_image_external GL_OES_EGL_sync GL_OES_texture_npot GL_OES_vertex_half_float GL_OES_required_internalformat GL_OES_vertex_array_object GL_OES_mapbuffer GL_EXT_texture_format_BGRA8888 GL_EXT_texture_rg GL_EXT_texture_type_2_10_10_10_REV GL_OES_fbo_render_mipmap GL_OES_element_index_uint GL_EXT_shadow_samplers GL_OES_texture_compression_astc GL_KHR_texture_compression_astc_ldr GL_KHR_texture_compression_astc_hdr GL_KHR_debug GL_EXT_occlusion_query_boolean GL_EXT_blend_minmax GL_EXT_discard_framebuffer GL_OES_get_program_binary GL_OES_texture_3D GL_EXT_texture_storage GL_EXT_multisampled_render_to_texture GL_OES_surfaceless_context GL_ARM_mali_program_binary 
I/SurfaceFlinger( 3691): GL_MAX_TEXTURE_SIZE = 8192
I/SurfaceFlinger( 3691): GL_MAX_VIEWPORT_DIMS = 8192
D/SurfaceFlinger( 3691): Set power mode=2, type=0 flinger=0xb6a62000
I/hwcomposer( 3691): unblank ioctl failed (display already unblanked)
D/WVMDrmPlugIn( 3693): WVMDrmPlugin::onGetSupportInfo : 0
D/AndroidRuntime( 3705): 
D/AndroidRuntime( 3705): >>>>>> AndroidRuntime START com.android.internal.os.ZygoteInit <<<<<<
D/AndroidRuntime( 3705): CheckJNI is OFF
I/art     ( 3705): option[0]=-Xzygote
I/art     ( 3705): option[1]=-Xstacktracefile:/data/anr/traces.txt
I/art     ( 3705): option[2]=exit
I/art     ( 3705): option[3]=vfprintf
I/art     ( 3705): option[4]=sensitiveThread
I/art     ( 3705): option[5]=-verbose:gc
I/art     ( 3705): option[6]=-Xms16m
I/art     ( 3705): option[7]=-Xmx512m
I/art     ( 3705): option[8]=-XX:mainThreadStackSize=24K
I/art     ( 3705): option[9]=-XX:HeapGrowthLimit=192m
I/art     ( 3705): option[10]=-XX:HeapMinFree=2m
I/art     ( 3705): option[11]=-XX:HeapMaxFree=8m
I/art     ( 3705): option[12]=-XX:HeapTargetUtilization=0.75
I/art     ( 3705): option[13]=-agentlib:jdwp=transport=dt_android_adb,suspend=n,server=y
I/art     ( 3705): option[14]=-Xlockprofthreshold:500
I/art     ( 3705): option[15]=-Ximage-compiler-option
I/art     ( 3705): option[16]=--runtime-arg
I/art     ( 3705): option[17]=-Ximage-compiler-option
I/art     ( 3705): option[18]=-Xms64m
I/art     ( 3705): option[19]=-Ximage-compiler-option
I/art     ( 3705): option[20]=--runtime-arg
I/art     ( 3705): option[21]=-Ximage-compiler-option
I/art     ( 3705): option[22]=-Xmx64m
I/art     ( 3705): option[23]=-Ximage-compiler-option
I/art     ( 3705): option[24]=--image-classes-zip=/system/framework/framework.jar
I/art     ( 3705): option[25]=-Ximage-compiler-option
I/art     ( 3705): option[26]=--image-classes=preloaded-classes
I/art     ( 3705): option[27]=-Xcompiler-option
I/art     ( 3705): option[28]=--runtime-arg
I/art     ( 3705): option[29]=-Xcompiler-option
I/art     ( 3705): option[30]=-Xms64m
I/art     ( 3705): option[31]=-Xcompiler-option
I/art     ( 3705): option[32]=--runtime-arg
I/art     ( 3705): option[33]=-Xcompiler-option
I/art     ( 3705): option[34]=-Xmx512m
I/art     ( 3705): option[35]=-Duser.language=es
I/art     ( 3705): option[36]=-Duser.region=ES
I/art     ( 3705): Pruning dalvik-cache since we are relocating an image and will need to recompile
D/SurfaceFlinger( 3691): SF. shader cache generated - 26 shaders in 60.243793 ms
I/art     ( 3705): RelocateImage: /system/bin/patchoat --input-image-location=/system/framework/boot.art --output-image-file=/data/dalvik-cache/arm/system@framework@boot.art --input-oat-location=/system/framework/boot.oat --output-oat-file=/data/dalvik-cache/arm/system@framework@boot.oat --instruction-set=arm --base-offset-delta=-7168000
D/libEGL  ( 3795): loaded /vendor/lib/egl/libGLES_mali.so
I/        ( 3795): PLATFORM VERSION : JB-MR-2
E/BootAnimation( 3795): couldn't find audio_conf.txt
W/BootAnimation( 3795): Audio service is not initiated.
D/BootAnimation( 3795): Use save memory method, maybe small fps in actual.
W/SurfaceFlinger( 3691): Ignoring duplicate VSYNC event from HWC (t=5660246374)
I/Sensorhubs( 3700): GestureSensor flags 1, mEnabled 0
E/Sensorhubs( 3700): Gesture old sensor_state 0, new sensor_state : 64 en : 1
I/Sensorhubs( 3700): GestureSensor flags 0, mEnabled 1
E/Sensorhubs( 3700): Gesture old sensor_state 64, new sensor_state : 0 en : 0
I/SensorHubService( 3700): HardwareSensorHub
I/SensorHubService( 3700): HardwareSensorHub
D/SensorHubService( 3700): nuSensorHubService thread starting...
I/sensorhubservice( 3700): SensorHubService is starting now........................................
I/ServiceManager( 3694): Waiting for service batterystats...
E/memtrack( 3705): Couldn't load memtrack module (No such file or directory)
E/android.os.Debug( 3705): failed to load memtrack module: -2
I/SamplingProfilerIntegration( 3705): Profiling disabled.
D/Zygote  ( 3705): begin preload
I/Zygote  ( 3705): Preloading classes...
I/art     ( 3705): Explicit concurrent mark sweep GC freed 994(55KB) AllocSpace objects, 0(0B) LOS objects, 98% free, 70KB/4MB, paused 146us total 3.814ms
I/art     ( 3705): Counter: 1
E/Minikin ( 3705): addFont failed to create font /system/fonts/NotoSansGujarati-Regular.ttf
E/Minikin ( 3705): addFont failed to create font /system/fonts/NotoSansGujarati-Bold.ttf
E/Minikin ( 3705): addFont failed to create font /system/fonts/NotoSansGujaratiUI-Regular.ttf
E/Minikin ( 3705): addFont failed to create font /system/fonts/NotoSansGujaratiUI-Bold.ttf
E/Minikin ( 3705): addFont failed to create font /system/fonts/NotoSansGurmukhi-Regular.ttf
E/Minikin ( 3705): addFont failed to create font /system/fonts/NotoSansGurmukhi-Bold.ttf
E/Minikin ( 3705): addFont failed to create font /system/fonts/NotoSansGurmukhiUI-Regular.ttf
E/Minikin ( 3705): addFont failed to create font /system/fonts/NotoSansGurmukhiUI-Bold.ttf
E/Minikin ( 3705): addFont failed to create font /system/fonts/NotoSansSinhala-Regular.ttf
E/Minikin ( 3705): addFont failed to create font /system/fonts/NotoSansSinhala-Bold.ttf
E/Minikin ( 3705): addFont failed to create font /system/fonts/NotoSansCherokee-Regular.ttf
E/Minikin ( 3705): addFont failed to create font /system/fonts/NotoSansCanadianAboriginal-Regular.ttf
E/Minikin ( 3705): addFont failed to create font /system/fonts/NotoSansYi-Regular.ttf
E/Minikin ( 3705): addFont failed to create font /system/fonts/NotoSansHans-Regular.otf
E/Minikin ( 3705): addFont failed to create font /system/fonts/NotoSansHant-Regular.otf
E/Minikin ( 3705): addFont failed to create font /system/fonts/NotoSansJP-Regular.otf
E/Minikin ( 3705): addFont failed to create font /system/fonts/NotoSansKR-Regular.otf
I/ServiceManager( 3694): Waiting for service batterystats...
I/art     ( 3705): Thread[1,tid=3705,WaitingForJniOnLoad,Thread*=0xb5007800,peer=0x12c330e0,"main"] recursive attempt to load library "/system/lib/libmedia_jni.so"
D/MtpDeviceJNI( 3705): register_android_mtp_MtpDevice
I/art     ( 3705): Thread[1,tid=3705,WaitingForJniOnLoad,Thread*=0xb5007800,peer=0x12c330e0,"main"] recursive attempt to load library "/system/lib/libmedia_jni.so"
I/art     ( 3705): Thread[1,tid=3705,WaitingForJniOnLoad,Thread*=0xb5007800,peer=0x12c330e0,"main"] recursive attempt to load library "/system/lib/libmedia_jni.so"
I/System  ( 3705): Loaded time zone names for "" in 44ms (40ms in ICU)
I/System  ( 3705): Loaded time zone names for "en_US" in 28ms (23ms in ICU)
I/System  ( 3705): Loaded time zone names for "es_ES" in 29ms (24ms in ICU)
I/art     ( 3705): Explicit concurrent mark sweep GC freed 32122(1932KB) AllocSpace objects, 0(0B) LOS objects, 71% free, 1612KB/5MB, paused 129us total 12.252ms
I/Zygote  ( 3705): ...preloaded 3005 classes in 817ms.
I/art     ( 3705): VMRuntime.preloadDexCaches starting
I/art     ( 3705): VMRuntime.preloadDexCaches strings total=217316 before=40338 after=40338
I/art     ( 3705): VMRuntime.preloadDexCaches types total=18704 before=6337 after=6380
I/art     ( 3705): VMRuntime.preloadDexCaches fields total=87408 before=32543 after=32871
I/art     ( 3705): VMRuntime.preloadDexCaches methods total=154031 before=66779 after=67657
I/art     ( 3705): VMRuntime.preloadDexCaches finished
I/art     ( 3705): Counter: 0
I/art     ( 3705): Counter: 1
I/art     ( 3705): Explicit concurrent mark sweep GC freed 169(19KB) AllocSpace objects, 0(0B) LOS objects, 72% free, 1592KB/5MB, paused 167us total 7.147ms
D/idmap   ( 3822): error: no read access to /vendor/overlay: No such file or directory
I/Zygote  ( 3705): Preloading resources...
I/ServiceManager( 3694): Waiting for service batterystats...
I/art     ( 3705): Explicit concurrent mark sweep GC freed 4224(148KB) AllocSpace objects, 0(0B) LOS objects, 40% free, 16MB/28MB, paused 210us total 9.851ms
I/Zygote  ( 3705): ...preloaded 430 resources in 435ms.
I/art     ( 3705): Explicit concurrent mark sweep GC freed 487(28KB) AllocSpace objects, 0(0B) LOS objects, 40% free, 16MB/28MB, paused 190us total 8.989ms
I/Zygote  ( 3705): ...preloaded 41 resources in 20ms.
I/art     ( 3705): Counter: 0
D/libEGL  ( 3705): loaded /vendor/lib/egl/libGLES_mali.so
I/Zygote  ( 3705): Preloading shared libraries...
D/Zygote  ( 3705): end preload
I/art     ( 3705): Explicit concurrent mark sweep GC freed 461(21KB) AllocSpace objects, 0(0B) LOS objects, 40% free, 16MB/28MB, paused 194us total 8.945ms
I/art     ( 3705): Explicit concurrent mark sweep GC freed 41(1568B) AllocSpace objects, 0(0B) LOS objects, 40% free, 16MB/28MB, paused 251us total 8.232ms
I/art     ( 3705): Explicit concurrent mark sweep GC freed 5(160B) AllocSpace objects, 0(0B) LOS objects, 40% free, 16MB/28MB, paused 184us total 8.232ms
W/SurfaceFlinger( 3691): Ignoring duplicate VSYNC event from HWC (t=8530149833)
I/Zygote  ( 3705): System server process 3823 has been created
I/Zygote  ( 3705): Accepting command socket connections
I/art     ( 3823): DexFile_isDexOptNeeded failed to open oat file '/data/dalvik-cache/arm/system@framework@org.cyanogenmod.hardware.jar@classes.dex' for file location '/system/framework/org.cyanogenmod.hardware.jar': Failed to open oat filename for reading: No such file or directory
I/art     ( 3823): DexFile_isDexOptNeeded file /system/framework/arm/org.cyanogenmod.hardware.odex needs to be relocated for /system/framework/org.cyanogenmod.hardware.jar
I/InstallerConnection( 3823): connecting...
I/installd( 3696): new connection
E/installd( 3843): Running /system/bin/patchoat isa=arm in-fd=5 (/system/framework/arm/org.cyanogenmod.hardware.odex) out-fd=6 (/data/dalvik-cache/arm/system@framework@org.cyanogenmod.hardware.jar@classes.dex)
I/art     ( 3823): DexFile_isDexOptNeeded failed to open oat file '/data/dalvik-cache/arm/system@framework@services.jar@classes.dex' for file location '/system/framework/services.jar': Failed to open oat filename for reading: No such file or directory
I/art     ( 3823): DexFile_isDexOptNeeded file /system/framework/arm/services.odex needs to be relocated for /system/framework/services.jar
E/installd( 3844): Running /system/bin/patchoat isa=arm in-fd=5 (/system/framework/arm/services.odex) out-fd=6 (/data/dalvik-cache/arm/system@framework@services.jar@classes.dex)
I/art     ( 3823): DexFile_isDexOptNeeded failed to open oat file '/data/dalvik-cache/arm/system@framework@ethernet-service.jar@classes.dex' for file location '/system/framework/ethernet-service.jar': Failed to open oat filename for reading: No such file or directory
I/ServiceManager( 3694): Waiting for service batterystats...
I/art     ( 3823): DexFile_isDexOptNeeded file /system/framework/arm/ethernet-service.odex needs to be relocated for /system/framework/ethernet-service.jar
E/installd( 3850): Running /system/bin/patchoat isa=arm in-fd=5 (/system/framework/arm/ethernet-service.odex) out-fd=6 (/data/dalvik-cache/arm/system@framework@ethernet-service.jar@classes.dex)
I/art     ( 3823): DexFile_isDexOptNeeded failed to open oat file '/data/dalvik-cache/arm/system@framework@wifi-service.jar@classes.dex' for file location '/system/framework/wifi-service.jar': Failed to open oat filename for reading: No such file or directory
I/art     ( 3823): DexFile_isDexOptNeeded file /system/framework/arm/wifi-service.odex needs to be relocated for /system/framework/wifi-service.jar
E/installd( 3851): Running /system/bin/patchoat isa=arm in-fd=5 (/system/framework/arm/wifi-service.odex) out-fd=6 (/data/dalvik-cache/arm/system@framework@wifi-service.jar@classes.dex)
I/InstallerConnection( 3823): disconnecting...
E/installd( 3696): eof
E/installd( 3696): failed to read size
I/installd( 3696): closing connection
I/SystemServer( 3823): Entered the Android system server!
V/Fingerprint-JNI( 3823): FingerprintManager JNI ready.
I/        ( 3823): System server: starting sensor init.
D/SensorService( 3823): nuSensorService starting...
E/Sensors ( 3823): GeoMagneticSensor, ERROR dev_num = -19
I/SystemServiceManager( 3823): Starting com.android.server.pm.Installer
I/Installer( 3823): Waiting for installd to be ready.
I/InstallerConnection( 3823): connecting...
I/installd( 3696): new connection
I/SystemServiceManager( 3823): Starting com.android.server.am.ActivityManagerService$Lifecycle
I/Sensors ( 3823): Proximity old sensor_state 0, new sensor_state : 128 en : 1
I/Sensors ( 3823): Light old sensor_state 128, new sensor_state : 640 en : 1
E/Sensors ( 3823): UncalMagneticSensor, ERROR dev_num = -19
I/Sensors ( 3823): SigMotionSensor old sensor_state 640, new sensor_state : 8832 en : 1
I/ActivityManager( 3823): Memory class: 192
E/Sensors ( 3823): UncalGyroSensor, ERROR dev_num = -19
I/ServiceThread( 3823): Enabled StrictMode logging for ActivityManager looper.
E/Sensors ( 3823): GameRotationVector, ERROR dev_num = -19
I/Sensors ( 3823): StepCounterSensor old sensor_state 8832, new sensor_state : 139904 en : 1
D/Sensors ( 3823): HrmSpO2Sensor::HrmSpO2Sensor: Shared version Registered 
E/SensorService( 3823): >>>> WARNING <<< Upgrade sensor HAL to version 1_3
I/Sensors ( 3823): Proximity old sensor_state 139904, new sensor_state : 139776 en : 0
I/Sensors ( 3823): Light old sensor_state 139776, new sensor_state : 139264 en : 0
I/Sensors ( 3823): StepCounterSensor old sensor_state 139264, new sensor_state : 8192 en : 0
I/Sensors ( 3823): SigMotionSensor old sensor_state 8192, new sensor_state : 0 en : 0
I/Sensors ( 3823): HrmSpO2Sensor::enable, handle(16), en(0), what(1/0:aosphrm,1:sshrm, old enabled : 0)
I/Sensors ( 3823): HrmSpO2Sensor is already disabled or have to keep enabled, mEnabled : 0x0, en : 0
I/Sensors ( 3823): HrmSpO2Sensor::enable, handle(17), en(0), what(0/0:aosphrm,1:sshrm, old enabled : 0)
I/Sensors ( 3823): HrmSpO2Sensor is already disabled or have to keep enabled, mEnabled : 0x0, en : 0
I/Sensors ( 3823): HrmSpO2Sensor::enable, handle(18), en(0), what(2/0:aosphrm,1:sshrm, old enabled : 0)
I/Sensors ( 3823): HrmSpO2Sensor is already disabled or have to keep enabled, mEnabled : 0x0, en : 0
I/        ( 3823): System server: sensor init done.
D/SensorService( 3823): nuSensorService thread starting...
I/Sensors ( 3823): ProximitySensor - 8(cm)
D/SensorService( 3823): new thread SensorEventAckReceiver
I/IntentFirewall( 3823): Read new rules (A:0 B:0 S:0)
I/ServiceThread( 3823): Enabled StrictMode logging for android.ui looper.
I/ServiceThread( 3823): Enabled StrictMode logging for android.display looper.
D/AppOps  ( 3823): AppOpsService published
I/SystemServiceManager( 3823): Starting com.android.server.power.PowerManagerService
I/ServiceThread( 3823): Enabled StrictMode logging for PowerManagerService looper.
D/SEC PowerHAL( 3823): sysfs_write +: /sys/devices/system/cpu/cpu0/cpufreq/interactive/multi_enter_load: 800
D/SEC PowerHAL( 3823): sysfs_write -: /sys/devices/system/cpu/cpu0/cpufreq/interactive/multi_enter_load: 800
D/SEC PowerHAL( 3823): sysfs_write +: /sys/devices/system/cpu/cpu0/cpufreq/interactive/single_enter_load: 200
D/SEC PowerHAL( 3823): sysfs_write -: /sys/devices/system/cpu/cpu0/cpufreq/interactive/single_enter_load: 200
D/SEC PowerHAL( 3823): sysfs_write +: /sys/devices/system/cpu/cpu0/cpufreq/interactive/param_index: 0
D/SEC PowerHAL( 3823): sysfs_write -: /sys/devices/system/cpu/cpu0/cpufreq/interactive/param_index: 0
D/SEC PowerHAL( 3823): sysfs_write +: /sys/devices/system/cpu/cpu0/cpufreq/interactive/timer_rate: 20000
D/SEC PowerHAL( 3823): sysfs_write -: /sys/devices/system/cpu/cpu0/cpufreq/interactive/timer_rate: 20000
D/SEC PowerHAL( 3823): sysfs_write +: /sys/devices/system/cpu/cpu0/cpufreq/interactive/timer_slack: 20000
D/SEC PowerHAL( 3823): sysfs_write -: /sys/devices/system/cpu/cpu0/cpufreq/interactive/timer_slack: 20000
D/SEC PowerHAL( 3823): sysfs_write +: /sys/devices/system/cpu/cpu0/cpufreq/interactive/min_sample_time: 40000
D/SEC PowerHAL( 3823): sysfs_write -: /sys/devices/system/cpu/cpu0/cpufreq/interactive/min_sample_time: 40000
D/SEC PowerHAL( 3823): sysfs_write +: /sys/devices/system/cpu/cpu0/cpufreq/interactive/hispeed_freq: 1000000
D/SEC PowerHAL( 3823): sysfs_write -: /sys/devices/system/cpu/cpu0/cpufreq/interactive/hispeed_freq: 1000000
D/SEC PowerHAL( 3823): sysfs_write +: /sys/devices/system/cpu/cpu0/cpufreq/interactive/go_hispeed_load: 99
D/SEC PowerHAL( 3823): sysfs_write -: /sys/devices/system/cpu/cpu0/cpufreq/interactive/go_hispeed_load: 99
D/SEC PowerHAL( 3823): sysfs_write +: /sys/devices/system/cpu/cpu0/cpufreq/interactive/target_loads: 70
D/SEC PowerHAL( 3823): sysfs_write -: /sys/devices/system/cpu/cpu0/cpufreq/interactive/target_loads: 70
D/SEC PowerHAL( 3823): sysfs_write +: /sys/devices/system/cpu/cpu0/cpufreq/interactive/above_hispeed_delay: 19000
D/SEC PowerHAL( 3823): sysfs_write -: /sys/devices/system/cpu/cpu0/cpufreq/interactive/above_hispeed_delay: 19000
D/SEC PowerHAL( 3823): sysfs_write +: /sys/devices/system/cpu/cpu0/cpufreq/interactive/boostpulse_duration: 40000
D/SEC PowerHAL( 3823): sysfs_write -: /sys/devices/system/cpu/cpu0/cpufreq/interactive/boostpulse_duration: 40000
D/SEC PowerHAL( 3823): sysfs_write +: /sys/devices/system/cpu/cpu4/cpufreq/interactive/multi_enter_load: 360
D/SEC PowerHAL( 3823): sysfs_write -: /sys/devices/system/cpu/cpu4/cpufreq/interactive/multi_enter_load: 360
D/SEC PowerHAL( 3823): sysfs_write +: /sys/devices/system/cpu/cpu4/cpufreq/interactive/multi_enter_time: 99000
D/SEC PowerHAL( 3823): sysfs_write -: /sys/devices/system/cpu/cpu4/cpufreq/interactive/multi_enter_time: 99000
D/SEC PowerHAL( 3823): sysfs_write +: /sys/devices/system/cpu/cpu4/cpufreq/interactive/multi_exit_load: 240
D/SEC PowerHAL( 3823): sysfs_write -: /sys/devices/system/cpu/cpu4/cpufreq/interactive/multi_exit_load: 240
D/SEC PowerHAL( 3823): sysfs_write +: /sys/devices/system/cpu/cpu4/cpufreq/interactive/multi_exit_time: 299000
D/SEC PowerHAL( 3823): sysfs_write -: /sys/devices/system/cpu/cpu4/cpufreq/interactive/multi_exit_time: 299000
D/SEC PowerHAL( 3823): sysfs_write +: /sys/devices/system/cpu/cpu4/cpufreq/interactive/single_enter_load: 95
D/SEC PowerHAL( 3823): sysfs_write -: /sys/devices/system/cpu/cpu4/cpufreq/interactive/single_enter_load: 95
D/SEC PowerHAL( 3823): sysfs_write +: /sys/devices/system/cpu/cpu4/cpufreq/interactive/single_enter_time: 199000
D/SEC PowerHAL( 3823): sysfs_write -: /sys/devices/system/cpu/cpu4/cpufreq/interactive/single_enter_time: 199000
D/SEC PowerHAL( 3823): sysfs_write +: /sys/devices/system/cpu/cpu4/cpufreq/interactive/single_exit_load: 60
D/SEC PowerHAL( 3823): sysfs_write -: /sys/devices/system/cpu/cpu4/cpufreq/interactive/single_exit_load: 60
D/SEC PowerHAL( 3823): sysfs_write +: /sys/devices/system/cpu/cpu4/cpufreq/interactive/single_exit_time: 99000
D/SEC PowerHAL( 3823): sysfs_write -: /sys/devices/system/cpu/cpu4/cpufreq/interactive/single_exit_time: 99000
D/SEC PowerHAL( 3823): sysfs_write +: /sys/devices/system/cpu/cpu4/cpufreq/interactive/param_index: 0
D/SEC PowerHAL( 3823): sysfs_write -: /sys/devices/system/cpu/cpu4/cpufreq/interactive/param_index: 0
D/SEC PowerHAL( 3823): sysfs_write +: /sys/devices/system/cpu/cpu4/cpufreq/interactive/timer_rate: 20000
D/SEC PowerHAL( 3823): sysfs_write -: /sys/devices/system/cpu/cpu4/cpufreq/interactive/timer_rate: 20000
D/SEC PowerHAL( 3823): sysfs_write +: /sys/devices/system/cpu/cpu4/cpufreq/interactive/timer_slack: 20000
D/SEC PowerHAL( 3823): sysfs_write -: /sys/devices/system/cpu/cpu4/cpufreq/interactive/timer_slack: 20000
D/SEC PowerHAL( 3823): sysfs_write +: /sys/devices/system/cpu/cpu4/cpufreq/interactive/min_sample_time: 40000
D/SEC PowerHAL( 3823): sysfs_write -: /sys/devices/system/cpu/cpu4/cpufreq/interactive/min_sample_time: 40000
D/SEC PowerHAL( 3823): sysfs_write +: /sys/devices/system/cpu/cpu4/cpufreq/interactive/hispeed_freq: 1000000
D/SEC PowerHAL( 3823): sysfs_write -: /sys/devices/system/cpu/cpu4/cpufreq/interactive/hispeed_freq: 1000000
D/SEC PowerHAL( 3823): sysfs_write +: /sys/devices/system/cpu/cpu4/cpufreq/interactive/go_hispeed_load: 99
D/SEC PowerHAL( 3823): sysfs_write -: /sys/devices/system/cpu/cpu4/cpufreq/interactive/go_hispeed_load: 99
D/SEC PowerHAL( 3823): sysfs_write +: /sys/devices/system/cpu/cpu4/cpufreq/interactive/target_loads: 75 1500000:80 1700000:85 1800000:90
D/SEC PowerHAL( 3823): sysfs_write -: /sys/devices/system/cpu/cpu4/cpufreq/interactive/target_loads: 75 1500000:80 1700000:85 1800000:90
D/SEC PowerHAL( 3823): sysfs_write +: /sys/devices/system/cpu/cpu4/cpufreq/interactive/above_hispeed_delay: 19000 1100000:99000 1200000:119000 1700000:19000
D/SEC PowerHAL( 3823): sysfs_write -: /sys/devices/system/cpu/cpu4/cpufreq/interactive/above_hispeed_delay: 19000 1100000:99000 1200000:119000 1700000:19000
D/SEC PowerHAL( 3823): sysfs_write +: /sys/devices/system/cpu/cpu4/cpufreq/interactive/boostpulse_duration: 40000
D/SEC PowerHAL( 3823): sysfs_write -: /sys/devices/system/cpu/cpu4/cpufreq/interactive/boostpulse_duration: 40000
D/SEC PowerHAL( 3823): sysfs_write +: /sys/devices/system/cpu/cpu4/cpufreq/interactive/param_index: 1
D/SEC PowerHAL( 3823): sysfs_write -: /sys/devices/system/cpu/cpu4/cpufreq/interactive/param_index: 1
D/SEC PowerHAL( 3823): sysfs_write +: /sys/devices/system/cpu/cpu4/cpufreq/interactive/timer_rate: 20000
D/SEC PowerHAL( 3823): sysfs_write -: /sys/devices/system/cpu/cpu4/cpufreq/interactive/timer_rate: 20000
D/SEC PowerHAL( 3823): sysfs_write +: /sys/devices/system/cpu/cpu4/cpufreq/interactive/min_sample_time: 59000
D/SEC PowerHAL( 3823): sysfs_write -: /sys/devices/system/cpu/cpu4/cpufreq/interactive/min_sample_time: 59000
D/SEC PowerHAL( 3823): sysfs_write +: /sys/devices/system/cpu/cpu4/cpufreq/interactive/hispeed_freq: 1200000
D/SEC PowerHAL( 3823): sysfs_write -: /sys/devices/system/cpu/cpu4/cpufreq/interactive/hispeed_freq: 1200000
D/SEC PowerHAL( 3823): sysfs_write +: /sys/devices/system/cpu/cpu4/cpufreq/interactive/go_hispeed_load: 95
D/SEC PowerHAL( 3823): sysfs_write -: /sys/devices/system/cpu/cpu4/cpufreq/interactive/go_hispeed_load: 95
D/SEC PowerHAL( 3823): sysfs_write +: /sys/devices/system/cpu/cpu4/cpufreq/interactive/target_loads: 65 1400000:68 1700000:73
D/SEC PowerHAL( 3823): sysfs_write -: /sys/devices/system/cpu/cpu4/cpufreq/interactive/target_loads: 65 1400000:68 1700000:73
D/SEC PowerHAL( 3823): sysfs_write +: /sys/devices/system/cpu/cpu4/cpufreq/interactive/above_hispeed_delay: 19000
D/SEC PowerHAL( 3823): sysfs_write -: /sys/devices/system/cpu/cpu4/cpufreq/interactive/above_hispeed_delay: 19000
D/SEC PowerHAL( 3823): sysfs_write +: /sys/devices/system/cpu/cpu4/cpufreq/interactive/param_index: 2
D/SEC PowerHAL( 3823): sysfs_write -: /sys/devices/system/cpu/cpu4/cpufreq/interactive/param_index: 2
D/SEC PowerHAL( 3823): sysfs_write +: /sys/devices/system/cpu/cpu4/cpufreq/interactive/timer_rate: 20000
D/SEC PowerHAL( 3823): sysfs_write -: /sys/devices/system/cpu/cpu4/cpufreq/interactive/timer_rate: 20000
D/SEC PowerHAL( 3823): sysfs_write +: /sys/devices/system/cpu/cpu4/cpufreq/interactive/min_sample_time: 79000
D/SEC PowerHAL( 3823): sysfs_write -: /sys/devices/system/cpu/cpu4/cpufreq/interactive/min_sample_time: 79000
D/SEC PowerHAL( 3823): sysfs_write +: /sys/devices/system/cpu/cpu4/cpufreq/interactive/hispeed_freq: 1400000
D/SEC PowerHAL( 3823): sysfs_write -: /sys/devices/system/cpu/cpu4/cpufreq/interactive/hispeed_freq: 1400000
D/SEC PowerHAL( 3823): sysfs_write +: /sys/devices/system/cpu/cpu4/cpufreq/interactive/go_hispeed_load: 90
D/SEC PowerHAL( 3823): sysfs_write -: /sys/devices/system/cpu/cpu4/cpufreq/interactive/go_hispeed_load: 90
D/SEC PowerHAL( 3823): sysfs_write +: /sys/devices/system/cpu/cpu4/cpufreq/interactive/target_loads: 60 1300000:63 1500000:65 1700000:70
D/SEC PowerHAL( 3823): sysfs_write -: /sys/devices/system/cpu/cpu4/cpufreq/interactive/target_loads: 60 1300000:63 1500000:65 1700000:70
D/SEC PowerHAL( 3823): sysfs_write +: /sys/devices/system/cpu/cpu4/cpufreq/interactive/above_hispeed_delay: 19000
D/SEC PowerHAL( 3823): sysfs_write -: /sys/devices/system/cpu/cpu4/cpufreq/interactive/above_hispeed_delay: 19000
D/SEC PowerHAL( 3823): sysfs_write +: /sys/devices/system/cpu/cpu4/cpufreq/interactive/param_index: 3
D/SEC PowerHAL( 3823): sysfs_write -: /sys/devices/system/cpu/cpu4/cpufreq/interactive/param_index: 3
D/SEC PowerHAL( 3823): sysfs_write +: /sys/devices/system/cpu/cpu4/cpufreq/interactive/timer_rate: 20000
D/SEC PowerHAL( 3823): sysfs_write -: /sys/devices/system/cpu/cpu4/cpufreq/interactive/timer_rate: 20000
D/SEC PowerHAL( 3823): sysfs_write +: /sys/devices/system/cpu/cpu4/cpufreq/interactive/min_sample_time: 99000
D/SEC PowerHAL( 3823): sysfs_write -: /sys/devices/system/cpu/cpu4/cpufreq/interactive/min_sample_time: 99000
D/SEC PowerHAL( 3823): sysfs_write +: /sys/devices/system/cpu/cpu4/cpufreq/interactive/hispeed_freq: 1600000
D/SEC PowerHAL( 3823): sysfs_write -: /sys/devices/system/cpu/cpu4/cpufreq/interactive/hispeed_freq: 1600000
D/SEC PowerHAL( 3823): sysfs_write +: /sys/devices/system/cpu/cpu4/cpufreq/interactive/go_hispeed_load: 85
D/SEC PowerHAL( 3823): sysfs_write -: /sys/devices/system/cpu/cpu4/cpufreq/interactive/go_hispeed_load: 85
D/SEC PowerHAL( 3823): sysfs_write +: /sys/devices/system/cpu/cpu4/cpufreq/interactive/target_loads: 60 1300000:63 1500000:65 1900000:70
D/SEC PowerHAL( 3823): sysfs_write -: /sys/devices/system/cpu/cpu4/cpufreq/interactive/target_loads: 60 1300000:63 1500000:65 1900000:70
D/SEC PowerHAL( 3823): sysfs_write +: /sys/devices/system/cpu/cpu4/cpufreq/interactive/above_hispeed_delay: 19000
D/SEC PowerHAL( 3823): sysfs_write -: /sys/devices/system/cpu/cpu4/cpufreq/interactive/above_hispeed_delay: 19000
D/SEC PowerHAL( 3823): sysfs_write +: /sys/devices/system/cpu/cpu4/cpufreq/interactive/param_index: 0
D/SEC PowerHAL( 3823): sysfs_write -: /sys/devices/system/cpu/cpu4/cpufreq/interactive/param_index: 0
W/libsuspend( 3823): Error writing 'on' to /sys/power/state: Invalid argument
I/libsuspend( 3823): Selected wakeup count
I/SystemServiceManager( 3823): Starting com.android.server.display.DisplayManagerService
I/SystemServiceManager( 3823): Starting phase 100
I/DisplayManagerService( 3823): Display device added: DisplayDeviceInfo{"Pantalla integrada": 1080 x 1920, 60.000004 fps, supportedRefreshRates [60.000004], density 480, 422.03 x 424.069 dpi, appVsyncOff 0, presDeadline 17666666, touch INTERNAL, rotation 0, type BUILT_IN, state UNKNOWN, FLAG_DEFAULT_DISPLAY, FLAG_ROTATES_WITH_CONTENT, FLAG_SECURE, FLAG_SUPPORTS_PROTECTED_BUFFERS}
I/SystemServer( 3823): Package Manager
W/PackageManager( 3823): No security bridge jar found, using default
W/SystemConfig( 3823): No directory /system/etc/sysconfig, skipping
D/SELinuxMMAC( 3823): Using policy file /system/etc/security/mac_permissions.xml
I/art     ( 3823): DexFile_isDexOptNeeded failed to open oat file '/data/dalvik-cache/arm/system@framework@android.test.runner.jar@classes.dex' for file location '/system/framework/android.test.runner.jar': Failed to open oat filename for reading: No such file or directory
I/art     ( 3823): DexFile_isDexOptNeeded file /system/framework/arm/android.test.runner.odex needs to be relocated for /system/framework/android.test.runner.jar
E/installd( 3869): Running /system/bin/patchoat isa=arm in-fd=5 (/system/framework/arm/android.test.runner.odex) out-fd=6 (/data/dalvik-cache/arm/system@framework@android.test.runner.jar@classes.dex)
I/art     ( 3823): DexFile_isDexOptNeeded failed to open oat file '/data/dalvik-cache/arm/system@framework@com.android.future.usb.accessory.jar@classes.dex' for file location '/system/framework/com.android.future.usb.accessory.jar': Failed to open oat filename for reading: No such file or directory
I/art     ( 3823): DexFile_isDexOptNeeded file /system/framework/arm/com.android.future.usb.accessory.odex needs to be relocated for /system/framework/com.android.future.usb.accessory.jar
E/installd( 3870): Running /system/bin/patchoat isa=arm in-fd=5 (/system/framework/arm/com.android.future.usb.accessory.odex) out-fd=6 (/data/dalvik-cache/arm/system@framework@com.android.future.usb.accessory.jar@classes.dex)
I/art     ( 3823): DexFile_isDexOptNeeded failed to open oat file '/data/dalvik-cache/arm/system@framework@com.android.media.remotedisplay.jar@classes.dex' for file location '/system/framework/com.android.media.remotedisplay.jar': Failed to open oat filename for reading: No such file or directory
I/art     ( 3823): DexFile_isDexOptNeeded file /system/framework/arm/com.android.media.remotedisplay.odex needs to be relocated for /system/framework/com.android.media.remotedisplay.jar
E/installd( 3871): Running /system/bin/patchoat isa=arm in-fd=5 (/system/framework/arm/com.android.media.remotedisplay.odex) out-fd=6 (/data/dalvik-cache/arm/system@framework@com.android.media.remotedisplay.jar@classes.dex)
I/art     ( 3823): DexFile_isDexOptNeeded failed to open oat file '/data/dalvik-cache/arm/system@framework@com.android.location.provider.jar@classes.dex' for file location '/system/framework/com.android.location.provider.jar': Failed to open oat filename for reading: No such file or directory
I/art     ( 3823): DexFile_isDexOptNeeded file /system/framework/arm/com.android.location.provider.odex needs to be relocated for /system/framework/com.android.location.provider.jar
E/installd( 3872): Running /system/bin/patchoat isa=arm in-fd=5 (/system/framework/arm/com.android.location.provider.odex) out-fd=6 (/data/dalvik-cache/arm/system@framework@com.android.location.provider.jar@classes.dex)
I/art     ( 3823): DexFile_isDexOptNeeded failed to open oat file '/data/dalvik-cache/arm/system@framework@javax.obex.jar@classes.dex' for file location '/system/framework/javax.obex.jar': Failed to open oat filename for reading: No such file or directory
I/art     ( 3823): DexFile_isDexOptNeeded file /system/framework/arm/javax.obex.odex needs to be relocated for /system/framework/javax.obex.jar
E/installd( 3873): Running /system/bin/patchoat isa=arm in-fd=5 (/system/framework/arm/javax.obex.odex) out-fd=6 (/data/dalvik-cache/arm/system@framework@javax.obex.jar@classes.dex)
E/art     ( 3823): DexFile_isDexOptNeeded file '/system/framework/com.android.nfc_extras.jar' does not exist
W/PackageManager( 3823): Library not found: /system/framework/com.android.nfc_extras.jar
I/art     ( 3823): DexFile_isDexOptNeeded failed to open oat file '/data/dalvik-cache/arm/system@framework@com.android.mediadrm.signer.jar@classes.dex' for file location '/system/framework/com.android.mediadrm.signer.jar': Failed to open oat filename for reading: No such file or directory
I/art     ( 3823): DexFile_isDexOptNeeded file /system/framework/arm/com.android.mediadrm.signer.odex needs to be relocated for /system/framework/com.android.mediadrm.signer.jar
E/installd( 3874): Running /system/bin/patchoat isa=arm in-fd=5 (/system/framework/arm/com.android.mediadrm.signer.odex) out-fd=6 (/data/dalvik-cache/arm/system@framework@com.android.mediadrm.signer.jar@classes.dex)
I/art     ( 3823): DexFile_isDexOptNeeded failed to open oat file '/data/dalvik-cache/arm/system@framework@javax.btobex.jar@classes.dex' for file location '/system/framework/javax.btobex.jar': Failed to open oat filename for reading: No such file or directory
I/art     ( 3823): DexFile_isDexOptNeeded file /system/framework/arm/javax.btobex.odex needs to be relocated for /system/framework/javax.btobex.jar
E/installd( 3875): Running /system/bin/patchoat isa=arm in-fd=5 (/system/framework/arm/javax.btobex.odex) out-fd=6 (/data/dalvik-cache/arm/system@framework@javax.btobex.jar@classes.dex)
I/art     ( 3823): DexFile_isDexOptNeeded failed to open oat file '/data/dalvik-cache/arm/system@framework@am.jar@classes.dex' for file location '/system/framework/am.jar': Failed to open oat filename for reading: No such file or directory
I/art     ( 3823): DexFile_isDexOptNeeded file /system/framework/arm/am.odex needs to be relocated for /system/framework/am.jar
E/installd( 3876): Running /system/bin/patchoat isa=arm in-fd=5 (/system/framework/arm/am.odex) out-fd=6 (/data/dalvik-cache/arm/system@framework@am.jar@classes.dex)
I/art     ( 3823): DexFile_isDexOptNeeded failed to open oat file '/data/dalvik-cache/arm/system@framework@appops.jar@classes.dex' for file location '/system/framework/appops.jar': Failed to open oat filename for reading: No such file or directory
I/art     ( 3823): DexFile_isDexOptNeeded file /system/framework/arm/appops.odex needs to be relocated for /system/framework/appops.jar
E/installd( 3877): Running /system/bin/patchoat isa=arm in-fd=5 (/system/framework/arm/appops.odex) out-fd=6 (/data/dalvik-cache/arm/system@framework@appops.jar@classes.dex)
I/art     ( 3823): DexFile_isDexOptNeeded failed to open oat file '/data/dalvik-cache/arm/system@framework@appwidget.jar@classes.dex' for file location '/system/framework/appwidget.jar': Failed to open oat filename for reading: No such file or directory
I/art     ( 3823): DexFile_isDexOptNeeded file /system/framework/arm/appwidget.odex needs to be relocated for /system/framework/appwidget.jar
E/installd( 3878): Running /system/bin/patchoat isa=arm in-fd=5 (/system/framework/arm/appwidget.odex) out-fd=6 (/data/dalvik-cache/arm/system@framework@appwidget.jar@classes.dex)
I/art     ( 3823): DexFile_isDexOptNeeded failed to open oat file '/data/dalvik-cache/arm/system@framework@bmgr.jar@classes.dex' for file location '/system/framework/bmgr.jar': Failed to open oat filename for reading: No such file or directory
I/art     ( 3823): DexFile_isDexOptNeeded file /system/framework/arm/bmgr.odex needs to be relocated for /system/framework/bmgr.jar
E/installd( 3879): Running /system/bin/patchoat isa=arm in-fd=5 (/system/framework/arm/bmgr.odex) out-fd=6 (/data/dalvik-cache/arm/system@framework@bmgr.jar@classes.dex)
I/art     ( 3823): DexFile_isDexOptNeeded failed to open oat file '/data/dalvik-cache/arm/system@framework@bu.jar@classes.dex' for file location '/system/framework/bu.jar': Failed to open oat filename for reading: No such file or directory
I/art     ( 3823): DexFile_isDexOptNeeded file /system/framework/arm/bu.odex needs to be relocated for /system/framework/bu.jar
E/installd( 3880): Running /system/bin/patchoat isa=arm in-fd=5 (/system/framework/arm/bu.odex) out-fd=6 (/data/dalvik-cache/arm/system@framework@bu.jar@classes.dex)
I/art     ( 3823): DexFile_isDexOptNeeded failed to open oat file '/data/dalvik-cache/arm/system@framework@content.jar@classes.dex' for file location '/system/framework/content.jar': Failed to open oat filename for reading: No such file or directory
I/art     ( 3823): DexFile_isDexOptNeeded file /system/framework/arm/content.odex needs to be relocated for /system/framework/content.jar
E/installd( 3881): Running /system/bin/patchoat isa=arm in-fd=5 (/system/framework/arm/content.odex) out-fd=6 (/data/dalvik-cache/arm/system@framework@content.jar@classes.dex)
E/MediaPlayerFactory( 3694): calling dlopen on FACTORY_LIB
E/MediaPlayerFactory( 3694): Failed to open FACTORY_LIB Error : dlopen failed: library "libdashplayer.so" not found 
I/CameraService( 3694): CameraService started (pid=3694)
E/CameraService( 3694): Could not load camera HAL module
I/AudioPolicyService( 3694): AudioPolicyService CSTOR in new mode
I/art     ( 3823): DexFile_isDexOptNeeded failed to open oat file '/data/dalvik-cache/arm/system@framework@dpm.jar@classes.dex' for file location '/system/framework/dpm.jar': Failed to open oat filename for reading: No such file or directory
I/AudioPolicyManager( 3694): loadAudioPolicyConfig() loaded /system/etc/audio_policy.conf
I/art     ( 3823): DexFile_isDexOptNeeded file /system/framework/arm/dpm.odex needs to be relocated for /system/framework/dpm.jar
E/installd( 3885): Running /system/bin/patchoat isa=arm in-fd=5 (/system/framework/arm/dpm.odex) out-fd=6 (/data/dalvik-cache/arm/system@framework@dpm.jar@classes.dex)
E/audio_route( 3694): Unable to open the mixer, aborting.
I/AudioFlinger( 3694): loadHwModule() Loaded primary audio interface from JA audio HW HAL (audio) handle 1
I/AudioFlinger( 3694): HAL output buffer size 240 frames, normal sink buffer size 960 frames
W/EffectsFactory( 3694): loadLibrary() failed to open /vendor/lib/liblvverx_3.20.03.so
W/EffectsFactory( 3694): loadLibrary() failed to open /vendor/lib/liblvvetx_3.20.03.so
W/EffectsFactory( 3694): loadLibrary() failed to open /system/lib/libmysound.so
W/EffectsFactory( 3694): loadLibrary() failed to open /system/lib/libaudiosa.so
W/EffectsFactory( 3694): loadLibrary() failed to open /system/lib/soundfx/libaudiosa_sec.so
W/EffectsFactory( 3694): loadEffect() could not get library soundalive_sec
W/EffectsFactory( 3694): loadEffect() could not get library soundalive
W/EffectsFactory( 3694): loadEffect() could not get library soundalive
W/EffectsFactory( 3694): loadEffect() could not get library soundalive
W/EffectsFactory( 3694): loadEffect() could not get library pre_processing
W/EffectsFactory( 3694): loadEffect() could not get library pre_processing
W/EffectsFactory( 3694): loadEffect() could not get library pre_processing
W/EffectsFactory( 3694): loadEffect() could not get library output_processing
W/EffectsFactory( 3694): loadEffect() could not get library output_processing
W/EffectsFactory( 3694): loadEffect() could not get library mysound
I/AudioMixer( 3694): found effect "Multichannel Downmix To Stereo" from The Android Open Source Project
E/MonoPipe( 3694): Failed to fetch local time frequency when constructing a MonoPipe (res = -32).  getNextWriteTimestamp calls will be non-functional
I/art     ( 3823): DexFile_isDexOptNeeded failed to open oat file '/data/dalvik-cache/arm/system@framework@ime.jar@classes.dex' for file location '/system/framework/ime.jar': Failed to open oat filename for reading: No such file or directory
I/art     ( 3823): DexFile_isDexOptNeeded file /system/framework/arm/ime.odex needs to be relocated for /system/framework/ime.jar
E/installd( 3887): Running /system/bin/patchoat isa=arm in-fd=5 (/system/framework/arm/ime.odex) out-fd=6 (/data/dalvik-cache/arm/system@framework@ime.jar@classes.dex)
I/art     ( 3823): DexFile_isDexOptNeeded failed to open oat file '/data/dalvik-cache/arm/system@framework@input.jar@classes.dex' for file location '/system/framework/input.jar': Failed to open oat filename for reading: No such file or directory
I/art     ( 3823): DexFile_isDexOptNeeded file /system/framework/arm/input.odex needs to be relocated for /system/framework/input.jar
E/installd( 3888): Running /system/bin/patchoat isa=arm in-fd=5 (/system/framework/arm/input.odex) out-fd=6 (/data/dalvik-cache/arm/system@framework@input.jar@classes.dex)
I/art     ( 3823): DexFile_isDexOptNeeded failed to open oat file '/data/dalvik-cache/arm/system@framework@media_cmd.jar@classes.dex' for file location '/system/framework/media_cmd.jar': Failed to open oat filename for reading: No such file or directory
I/art     ( 3823): DexFile_isDexOptNeeded file /system/framework/arm/media_cmd.odex needs to be relocated for /system/framework/media_cmd.jar
E/installd( 3889): Running /system/bin/patchoat isa=arm in-fd=5 (/system/framework/arm/media_cmd.odex) out-fd=6 (/data/dalvik-cache/arm/system@framework@media_cmd.jar@classes.dex)
I/art     ( 3823): DexFile_isDexOptNeeded failed to open oat file '/data/dalvik-cache/arm/system@framework@monkey.jar@classes.dex' for file location '/system/framework/monkey.jar': Failed to open oat filename for reading: No such file or directory
I/art     ( 3823): DexFile_isDexOptNeeded file /system/framework/arm/monkey.odex needs to be relocated for /system/framework/monkey.jar
E/installd( 3890): Running /system/bin/patchoat isa=arm in-fd=5 (/system/framework/arm/monkey.odex) out-fd=6 (/data/dalvik-cache/arm/system@framework@monkey.jar@classes.dex)
I/art     ( 3823): DexFile_isDexOptNeeded failed to open oat file '/data/dalvik-cache/arm/system@framework@pm.jar@classes.dex' for file location '/system/framework/pm.jar': Failed to open oat filename for reading: No such file or directory
I/art     ( 3823): DexFile_isDexOptNeeded file /system/framework/arm/pm.odex needs to be relocated for /system/framework/pm.jar
E/installd( 3891): Running /system/bin/patchoat isa=arm in-fd=5 (/system/framework/arm/pm.odex) out-fd=6 (/data/dalvik-cache/arm/system@framework@pm.jar@classes.dex)
I/art     ( 3823): DexFile_isDexOptNeeded failed to open oat file '/data/dalvik-cache/arm/system@framework@requestsync.jar@classes.dex' for file location '/system/framework/requestsync.jar': Failed to open oat filename for reading: No such file or directory
I/art     ( 3823): DexFile_isDexOptNeeded file /system/framework/arm/requestsync.odex needs to be relocated for /system/framework/requestsync.jar
E/installd( 3892): Running /system/bin/patchoat isa=arm in-fd=5 (/system/framework/arm/requestsync.odex) out-fd=6 (/data/dalvik-cache/arm/system@framework@requestsync.jar@classes.dex)
I/art     ( 3823): DexFile_isDexOptNeeded failed to open oat file '/data/dalvik-cache/arm/system@framework@settings.jar@classes.dex' for file location '/system/framework/settings.jar': Failed to open oat filename for reading: No such file or directory
I/art     ( 3823): DexFile_isDexOptNeeded file /system/framework/arm/settings.odex needs to be relocated for /system/framework/settings.jar
E/installd( 3893): Running /system/bin/patchoat isa=arm in-fd=5 (/system/framework/arm/settings.odex) out-fd=6 (/data/dalvik-cache/arm/system@framework@settings.jar@classes.dex)
I/art     ( 3823): DexFile_isDexOptNeeded failed to open oat file '/data/dalvik-cache/arm/system@framework@svc.jar@classes.dex' for file location '/system/framework/svc.jar': Failed to open oat filename for reading: No such file or directory
I/art     ( 3823): DexFile_isDexOptNeeded file /system/framework/arm/svc.odex needs to be relocated for /system/framework/svc.jar
E/installd( 3894): Running /system/bin/patchoat isa=arm in-fd=5 (/system/framework/arm/svc.odex) out-fd=6 (/data/dalvik-cache/arm/system@framework@svc.jar@classes.dex)
I/art     ( 3823): DexFile_isDexOptNeeded failed to open oat file '/data/dalvik-cache/arm/system@framework@tm.jar@classes.dex' for file location '/system/framework/tm.jar': Failed to open oat filename for reading: No such file or directory
I/art     ( 3823): DexFile_isDexOptNeeded file /system/framework/arm/tm.odex needs to be relocated for /system/framework/tm.jar
E/installd( 3895): Running /system/bin/patchoat isa=arm in-fd=5 (/system/framework/arm/tm.odex) out-fd=6 (/data/dalvik-cache/arm/system@framework@tm.jar@classes.dex)
I/art     ( 3823): DexFile_isDexOptNeeded failed to open oat file '/data/dalvik-cache/arm/system@framework@uiautomator.jar@classes.dex' for file location '/system/framework/uiautomator.jar': Failed to open oat filename for reading: No such file or directory
I/art     ( 3823): DexFile_isDexOptNeeded file /system/framework/arm/uiautomator.odex needs to be relocated for /system/framework/uiautomator.jar
E/installd( 3896): Running /system/bin/patchoat isa=arm in-fd=5 (/system/framework/arm/uiautomator.odex) out-fd=6 (/data/dalvik-cache/arm/system@framework@uiautomator.jar@classes.dex)
