W/auditd  ( 3593): type=1325 audit(0.0:2374): table=raw family=10 entries=8
W/ip6tables( 6389): type=1300 audit(0.0:2374): arch=40000028 syscall=294 per=800000 success=yes exit=0 a0=4 a1=29 a2=40 a3=b6c32400 items=0 ppid=6240 auid=4294967295 uid=0 gid=0 euid=0 suid=0 fsuid=0 egid=0 sgid=0 fsgid=0 ses=4294967295 tty=(none) exe="/system/bin/ip6tables" subj=u:r:netd:s0 key=(null)
W/auditd  ( 3593): type=1320 audit(0.0:2374): 
W/auditd  ( 3593): type=1325 audit(0.0:2375): table=raw family=2 entries=6
W/iptables( 6390): type=1300 audit(0.0:2375): arch=40000028 syscall=294 per=800000 success=yes exit=0 a0=4 a1=0 a2=40 a3=b6c20400 items=0 ppid=6240 auid=4294967295 uid=0 gid=0 euid=0 suid=0 fsuid=0 egid=0 sgid=0 fsgid=0 ses=4294967295 tty=(none) exe="/system/bin/iptables" subj=u:r:netd:s0 key=(null)
W/auditd  ( 3593): type=1320 audit(0.0:2375): 
W/auditd  ( 3593): type=1325 audit(0.0:2376): table=raw family=10 entries=6
W/ip6tables( 6391): type=1300 audit(0.0:2376): arch=40000028 syscall=294 per=800000 success=yes exit=0 a0=4 a1=29 a2=40 a3=b6c31800 items=0 ppid=6240 auid=4294967295 uid=0 gid=0 euid=0 suid=0 fsuid=0 egid=0 sgid=0 fsgid=0 ses=4294967295 tty=(none) exe="/system/bin/ip6tables" subj=u:r:netd:s0 key=(null)
W/auditd  ( 3593): type=1320 audit(0.0:2376): 
W/auditd  ( 3593): type=1325 audit(0.0:2377): table=raw family=2 entries=8
W/iptables( 6392): type=1300 audit(0.0:2377): arch=40000028 syscall=294 per=800000 success=yes exit=0 a0=4 a1=0 a2=40 a3=b6c1ba00 items=0 ppid=6240 auid=4294967295 uid=0 gid=0 euid=0 suid=0 fsuid=0 egid=0 sgid=0 fsgid=0 ses=4294967295 tty=(none) exe="/system/bin/iptables" subj=u:r:netd:s0 key=(null)
W/auditd  ( 3593): type=1320 audit(0.0:2377): 
W/auditd  ( 3593): type=1325 audit(0.0:2378): table=raw family=10 entries=8
W/ip6tables( 6393): type=1300 audit(0.0:2378): arch=40000028 syscall=294 per=800000 success=yes exit=0 a0=4 a1=29 a2=40 a3=b6c37800 items=0 ppid=6240 auid=4294967295 uid=0 gid=0 euid=0 suid=0 fsuid=0 egid=0 sgid=0 fsgid=0 ses=4294967295 tty=(none) exe="/system/bin/ip6tables" subj=u:r:netd:s0 key=(null)
W/auditd  ( 3593): type=1320 audit(0.0:2378): 
W/auditd  ( 3593): type=1325 audit(0.0:2379): table=mangle family=2 entries=16
W/iptables( 6394): type=1300 audit(0.0:2379): arch=40000028 syscall=294 per=800000 success=yes exit=0 a0=4 a1=0 a2=40 a3=b6c48800 items=0 ppid=6240 auid=4294967295 uid=0 gid=0 euid=0 suid=0 fsuid=0 egid=0 sgid=0 fsgid=0 ses=4294967295 tty=(none) exe="/system/bin/iptables" subj=u:r:netd:s0 key=(null)
I/ServiceManager( 6243): Waiting for service batterystats...
V/NatController( 6240): runCmd(/system/bin/iptables -F natctrl_FORWARD) res=0
V/NatController( 6240): runCmd(/system/bin/iptables -A natctrl_FORWARD -j DROP) res=0
V/NatController( 6240): runCmd(/system/bin/iptables -t nat -F natctrl_nat_POSTROUTING) res=0
V/NatController( 6240): runCmd(/system/bin/iptables -F natctrl_tether_counters) res=0
V/NatController( 6240): runCmd(/system/bin/iptables -X natctrl_tether_counters) res=0
V/NatController( 6240): runCmd(/system/bin/iptables -N natctrl_tether_counters) res=0
V/NatController( 6240): runCmd(/system/bin/iptables -t mangle -A natctrl_mangle_FORWARD -p tcp --tcp-flags SYN SYN -j TCPMSS --clamp-mss-to-pmtu) res=0
I/DEBUG   ( 3582): 
I/DEBUG   ( 3582): Tombstone written to: /data/tombstones/tombstone_04
I/ServiceManager( 3569): service 'SurfaceFlinger' died
I/ServiceManager( 3569): service 'Exynos.HWCService' died
I/ServiceManager( 3569): service 'media.wifi_display' died
I/ServiceManager( 3569): service 'media.audio_flinger' died
W/init    ( 6462): type=1400 audit(0.0:2436): avc: denied { entrypoint } for path="/system/bin/auditd" dev="mmcblk0p18" ino=173 scontext=u:r:logd:s0 tcontext=u:object_r:system_file:s0 tclass=file
W/init    ( 6462): type=1300 audit(0.0:2436): arch=40000028 syscall=11 per=800000 success=no exit=-13 a0=b6d80954 a1=b6d69530 a2=57e64 a3=ff0000 items=1 ppid=1 auid=4294967295 uid=0 gid=0 euid=0 suid=0 fsuid=0 egid=0 sgid=0 fsgid=0 ses=4294967295 tty=(none) exe="/init" subj=u:r:init:s0 key=(null)
W/auditd  ( 3593): type=1307 audit(0.0:2436): cwd="/"
W/auditd  ( 3593): type=1302 audit(0.0:2436): item=0 name="/system/bin/auditd" inode=173 dev=103:0a mode=0100755 ouid=0 ogid=2000 rdev=00:00 obj=u:object_r:system_file:s0
W/auditd  ( 3593): type=1320 audit(0.0:2436): 
I/Netd    ( 6463): Netd 1.0 starting
E/Netd    ( 6463): Failed to open /proc/sys/net/ipv6/conf/default/accept_ra_rt_table: No such file or directory
E/Netd    ( 6463): Failed to open /proc/sys/net/ipv6/conf/ip6tnl0/accept_ra_rt_table: No such file or directory
E/Netd    ( 6463): Failed to open /proc/sys/net/ipv6/conf/lo/accept_ra_rt_table: No such file or directory
E/Netd    ( 6463): Failed to open /proc/sys/net/ipv6/conf/rmnet0/accept_ra_rt_table: No such file or directory
E/Netd    ( 6463): Failed to open /proc/sys/net/ipv6/conf/rmnet1/accept_ra_rt_table: No such file or directory
E/Netd    ( 6463): Failed to open /proc/sys/net/ipv6/conf/rmnet2/accept_ra_rt_table: No such file or directory
E/Netd    ( 6463): Failed to open /proc/sys/net/ipv6/conf/rmnet3/accept_ra_rt_table: No such file or directory
E/Netd    ( 6463): Failed to open /proc/sys/net/ipv6/conf/sit0/accept_ra_rt_table: No such file or directory
W/auditd  ( 3593): type=1325 audit(0.0:2437): table=filter family=2 entries=38
W/iptables( 6469): type=1300 audit(0.0:2437): arch=40000028 syscall=294 per=800000 success=yes exit=0 a0=4 a1=0 a2=40 a3=b6c25000 items=0 ppid=6463 auid=4294967295 uid=0 gid=0 euid=0 suid=0 fsuid=0 egid=0 sgid=0 fsgid=0 ses=4294967295 tty=(none) exe="/system/bin/iptables" subj=u:r:netd:s0 key=(null)
W/auditd  ( 3593): type=1320 audit(0.0:2437): 
W/auditd  ( 3593): type=1325 audit(0.0:2438): table=filter family=10 entries=35
W/ip6tables( 6470): type=1300 audit(0.0:2438): arch=40000028 syscall=294 per=800000 success=yes exit=0 a0=4 a1=29 a2=40 a3=b6c28000 items=0 ppid=6463 auid=4294967295 uid=0 gid=0 euid=0 suid=0 fsuid=0 egid=0 sgid=0 fsgid=0 ses=4294967295 tty=(none) exe="/system/bin/ip6tables" subj=u:r:netd:s0 key=(null)
W/auditd  ( 3593): type=1320 audit(0.0:2438): 
W/auditd  ( 3593): type=1325 audit(0.0:2439): table=filter family=2 entries=37
W/iptables( 6471): type=1300 audit(0.0:2439): arch=40000028 syscall=294 per=800000 success=yes exit=0 a0=4 a1=0 a2=40 a3=b6c22000 items=0 ppid=6463 auid=4294967295 uid=0 gid=0 euid=0 suid=0 fsuid=0 egid=0 sgid=0 fsgid=0 ses=4294967295 tty=(none) exe="/system/bin/iptables" subj=u:r:netd:s0 key=(null)
W/auditd  ( 3593): type=1320 audit(0.0:2439): 
I/SurfaceFlinger( 6465): SurfaceFlinger is starting
I/SurfaceFlinger( 6465): SurfaceFlinger's main thread ready to run. Initializing graphics H/W...
W/auditd  ( 3593): type=1325 audit(0.0:2440): table=filter family=10 entries=34
W/ip6tables( 6472): type=1300 audit(0.0:2440): arch=40000028 syscall=294 per=800000 success=yes exit=0 a0=4 a1=29 a2=40 a3=b6c23000 items=0 ppid=6463 auid=4294967295 uid=0 gid=0 euid=0 suid=0 fsuid=0 egid=0 sgid=0 fsgid=0 ses=4294967295 tty=(none) exe="/system/bin/ip6tables" subj=u:r:netd:s0 key=(null)
W/auditd  ( 3593): type=1320 audit(0.0:2440): 
W/auditd  ( 3593): type=1325 audit(0.0:2441): table=filter family=2 entries=37
W/iptables( 6475): type=1300 audit(0.0:2441): arch=40000028 syscall=294 per=800000 success=yes exit=0 a0=4 a1=0 a2=40 a3=b6c22000 items=0 ppid=6463 auid=4294967295 uid=0 gid=0 euid=0 suid=0 fsuid=0 egid=0 sgid=0 fsgid=0 ses=4294967295 tty=(none) exe="/system/bin/iptables" subj=u:r:netd:s0 key=(null)
W/auditd  ( 3593): type=1320 audit(0.0:2441): 
D/libEGL  ( 6465): loaded /vendor/lib/egl/libGLES_mali.so
I/        ( 6465): PLATFORM VERSION : JB-MR-2
I/mediaserver( 6466): ServiceManager: 0xb60500c0
I/AudioFlinger( 6466): Using default 3000 mSec as standby time.
I/ServiceManager( 6466): Waiting for service batterystats...
D/AndroidRuntime( 6468): 
D/AndroidRuntime( 6468): >>>>>> AndroidRuntime START com.android.internal.os.ZygoteInit <<<<<<
D/AndroidRuntime( 6468): CheckJNI is OFF
I/art     ( 6468): option[0]=-Xzygote
I/art     ( 6468): option[1]=-Xstacktracefile:/data/anr/traces.txt
I/art     ( 6468): option[2]=exit
I/art     ( 6468): option[3]=vfprintf
I/art     ( 6468): option[4]=sensitiveThread
I/art     ( 6468): option[5]=-verbose:gc
I/art     ( 6468): option[6]=-Xms8m
I/art     ( 6468): option[7]=-Xmx512m
I/art     ( 6468): option[8]=-XX:mainThreadStackSize=24K
I/art     ( 6468): option[9]=-XX:HeapGrowthLimit=128m
I/art     ( 6468): option[10]=-XX:HeapMinFree=2m
I/art     ( 6468): option[11]=-XX:HeapMaxFree=8m
I/art     ( 6468): option[12]=-XX:HeapTargetUtilization=0.75
I/art     ( 6468): option[13]=-agentlib:jdwp=transport=dt_android_adb,suspend=n,server=y
I/art     ( 6468): option[14]=-Xlockprofthreshold:500
I/art     ( 6468): option[15]=-Ximage-compiler-option
I/art     ( 6468): option[16]=--runtime-arg
I/art     ( 6468): option[17]=-Ximage-compiler-option
I/art     ( 6468): option[18]=-Xms64m
I/art     ( 6468): option[19]=-Ximage-compiler-option
I/art     ( 6468): option[20]=--runtime-arg
I/art     ( 6468): option[21]=-Ximage-compiler-option
I/art     ( 6468): option[22]=-Xmx64m
I/art     ( 6468): option[23]=-Ximage-compiler-option
I/art     ( 6468): option[24]=--image-classes-zip=/system/framework/framework.jar
I/art     ( 6468): option[25]=-Ximage-compiler-option
I/art     ( 6468): option[26]=--image-classes=preloaded-classes
I/art     ( 6468): option[27]=-Xcompiler-option
I/art     ( 6468): option[28]=--runtime-arg
I/art     ( 6468): option[29]=-Xcompiler-option
I/art     ( 6468): option[30]=-Xms64m
I/art     ( 6468): option[31]=-Xcompiler-option
I/art     ( 6468): option[32]=--runtime-arg
I/art     ( 6468): option[33]=-Xcompiler-option
I/art     ( 6468): option[34]=-Xmx512m
I/art     ( 6468): option[35]=-Duser.language=es
I/art     ( 6468): option[36]=-Duser.region=US
I/art     ( 6468): Pruning dalvik-cache since we are generating an image and will need to recompile
W/art     ( 6468): Unexpected file type of 
W/art     ( 6468):  encountered.
I/art     ( 6468): Using an offset of 0xff245000 from default art base address of 0x70000000
I/art     ( 6468): GenerateImage: /system/bin/dex2oat --image=/data/dalvik-cache/arm/system@framework@boot.art --dex-file=/system/framework/core-libart.jar --dex-file=/system/framework/conscrypt.jar --dex-file=/system/framework/okhttp.jar --dex-file=/system/framework/core-junit.jar --dex-file=/system/framework/bouncycastle.jar --dex-file=/system/framework/ext.jar --dex-file=/system/framework/framework.jar --dex-file=/system/framework/telephony-common.jar --dex-file=/system/framework/voip-common.jar --dex-file=/system/framework/ims-common.jar --dex-file=/system/framework/mms-common.jar --dex-file=/system/framework/android.policy.jar --dex-file=/system/framework/apache-xml.jar --oat-file=/data/dalvik-cache/arm/system@framework@boot.oat --instruction-set=arm --instruction-set-features=div --base=0x6f245000 --runtime-arg -Xms64m --runtime-arg -Xmx64m --image-classes-zip=/system/framework/framework.jar --image-classes=preloaded-classes
I/gralloc ( 6465): using (fd=12)
I/gralloc ( 6465): id           = 
I/gralloc ( 6465): xres         = 1080 px
I/gralloc ( 6465): yres         = 1920 px
I/gralloc ( 6465): xres_virtual = 1080 px
I/gralloc ( 6465): yres_virtual = 3840 px
I/gralloc ( 6465): bpp          = 32
I/gralloc ( 6465): r            = 16:8
I/gralloc ( 6465): g            =  8:8
I/gralloc ( 6465): b            =  0:8
I/gralloc ( 6465): width        = 65 mm (422.030762 dpi)
I/gralloc ( 6465): height       = 115 mm (424.069580 dpi)
I/gralloc ( 6465): refresh rate = 60.00 Hz
W/art     ( 6468): Unexpected file type of 
W/art     ( 6468):  encountered.
W/art     ( 6468): Could not create image space with image file '/system/framework/boot.art'. Attempting to fall back to imageless running. Error was: Failed to generate image '/data/dalvik-cache/arm/system@framework@boot.art': Failed execv(/system/bin/dex2oat --image=/data/dalvik-cache/arm/system@framework@boot.art --dex-file=/system/framework/core-libart.jar --dex-file=/system/framework/conscrypt.jar --dex-file=/system/framework/okhttp.jar --dex-file=/system/framework/core-junit.jar --dex-file=/system/framework/bouncycastle.jar --dex-file=/system/framework/ext.jar --dex-file=/system/framework/framework.jar --dex-file=/system/framework/telephony-common.jar --dex-file=/system/framework/voip-common.jar --dex-file=/system/framework/ims-common.jar --dex-file=/system/framework/mms-common.jar --dex-file=/system/framework/android.policy.jar --dex-file=/system/framework/apache-xml.jar --oat-file=/data/dalvik-cache/arm/system@framework@boot.oat --instruction-set=arm --instruction-set-features=div --base=0x6f245000 --runtime-arg -Xms64
D/hwcomposer( 6465): using
D/hwcomposer( 6465): xres         = 1080 px
D/hwcomposer( 6465): yres         = 1920 px
D/hwcomposer( 6465): width        = 65 mm (422.030000 dpi)
D/hwcomposer( 6465): height       = 115 mm (424.069000 dpi)
D/hwcomposer( 6465): refresh rate = 60 Hz
E/libexynosv4l2-subdev( 6465): no subdev device found
E/hdmi    ( 6465): failed to open hdmi mixer0 subdev
E/hwcomposer( 6465): openHdmi fail
I/hwcomposer( 6465): PSR info devname = /sys/devices/14400000.fimd_fb/psr_info
I/hwcomposer( 6465): PSR mode is 2(0: video mode, 1: DP PSR mode, 2: MIPI-DSI command mode)
I/SurfaceFlinger( 6465): Using composer version 1.3
I/SurfaceFlinger( 6465): EGL information:
I/SurfaceFlinger( 6465): vendor    : Android
I/SurfaceFlinger( 6465): version   : 1.4 Android META-EGL
I/SurfaceFlinger( 6465): extensions: EGL_KHR_get_all_proc_addresses EGL_ANDROID_presentation_time EGL_KHR_image EGL_KHR_image_base EGL_KHR_gl_texture_2D_image EGL_KHR_gl_texture_cubemap_image EGL_KHR_gl_renderbuffer_image EGL_KHR_fence_sync EGL_KHR_create_context EGL_ANDROID_image_native_buffer EGL_KHR_wait_sync EGL_ANDROID_recordable 
I/SurfaceFlinger( 6465): Client API: OpenGL_ES
I/SurfaceFlinger( 6465): EGLSurface: 8-8-8-8, config=0xb6acf2ac
I/SurfaceFlinger( 6465): OpenGL ES informations:
I/SurfaceFlinger( 6465): vendor    : ARM
I/SurfaceFlinger( 6465): renderer  : Mali-T628
I/SurfaceFlinger( 6465): version   : OpenGL ES 3.0
I/SurfaceFlinger( 6465): extensions: GL_EXT_debug_marker GL_ARM_rgba8 GL_ARM_mali_shader_binary GL_OES_depth24 GL_OES_depth_texture GL_OES_depth_texture_cube_map GL_OES_packed_depth_stencil GL_OES_rgb8_rgba8 GL_EXT_read_format_bgra GL_OES_compressed_paletted_texture GL_OES_compressed_ETC1_RGB8_texture GL_OES_standard_derivatives GL_OES_EGL_image GL_OES_EGL_image_external GL_OES_EGL_sync GL_OES_texture_npot GL_OES_vertex_half_float GL_OES_required_internalformat GL_OES_vertex_array_object GL_OES_mapbuffer GL_EXT_texture_format_BGRA8888 GL_EXT_texture_rg GL_EXT_texture_type_2_10_10_10_REV GL_OES_fbo_render_mipmap GL_OES_element_index_uint GL_EXT_shadow_samplers GL_OES_texture_compression_astc GL_KHR_texture_compression_astc_ldr GL_KHR_texture_compression_astc_hdr GL_KHR_debug GL_EXT_occlusion_query_boolean GL_EXT_blend_minmax GL_EXT_discard_framebuffer GL_OES_get_program_binary GL_OES_texture_3D GL_EXT_texture_storage GL_EXT_multisampled_render_to_texture GL_OES_surfaceless_context GL_ARM_mali_program_binary 
I/SurfaceFlinger( 6465): GL_MAX_TEXTURE_SIZE = 8192
I/SurfaceFlinger( 6465): GL_MAX_VIEWPORT_DIMS = 8192
E/libEGL  ( 6465): eglQuerySurface:607 error 300d (EGL_BAD_SURFACE)
E/libEGL  ( 6465): eglQuerySurface:607 error 300d (EGL_BAD_SURFACE)
E/libEGL  ( 6465): call to OpenGL ES API with no current context (logged once per thread)
D/SurfaceFlinger( 6465): Set power mode=2, type=0 flinger=0xb6a62000
I/hwcomposer( 6465): int exynos5_blank(hwc_composer_device_1*, int, int):: disp(0), blank(0)
I/hwcomposer( 6465): unblank ioctl failed (display already unblanked)
E/libEGL  ( 6465): eglSwapBuffers:1071 error 300d (EGL_BAD_SURFACE)
F/SurfaceFlinger( 6465): eglSwapBuffers(0x1, 0x0) failed with 0x0000300d
F/libc    ( 6465): Fatal signal 6 (SIGABRT), code -6 in tid 6465 (surfaceflinger)
I/DEBUG   ( 3582): property debug.db.uid not set; NOT waiting for gdb.
I/DEBUG   ( 3582): HINT: adb shell setprop debug.db.uid 100000
I/DEBUG   ( 3582): HINT: adb forward tcp:5039 tcp:5039
I/DEBUG   ( 3582): *** *** *** *** *** *** *** *** *** *** *** *** *** *** *** ***
I/DEBUG   ( 3582): Build fingerprint: 'samsung/cm_k3gxx/k3gxx:5.0.2/LRX22G/88e55c58ed:userdebug/test-keys'
I/DEBUG   ( 3582): Revision: '10'
I/DEBUG   ( 3582): ABI: 'arm'
I/DEBUG   ( 3582): pid: 6465, tid: 6465, name: surfaceflinger  >>> /system/bin/surfaceflinger <<<
I/DEBUG   ( 3582): signal 6 (SIGABRT), code -6 (SI_TKILL), fault addr --------
I/DEBUG   ( 3582): Abort message: 'eglSwapBuffers(0x1, 0x0) failed with 0x0000300d'
I/DEBUG   ( 3582):     r0 00000000  r1 00001941  r2 00000006  r3 00000000
I/DEBUG   ( 3582):     r4 b6ffb114  r5 00000006  r6 0000000b  r7 0000010c
I/DEBUG   ( 3582):     r8 00000000  r9 bee6abd0  sl b6a54210  fp bee6abd0
I/DEBUG   ( 3582):     ip 00001941  sp bee6a650  lr b6f857b9  pc b6fa94e4  cpsr 600f0010
I/DEBUG   ( 3582): 
I/DEBUG   ( 3582): backtrace:
I/DEBUG   ( 3582):     #00 pc 000384e4  /system/lib/libc.so (tgkill+12)
I/DEBUG   ( 3582):     #01 pc 000147b5  /system/lib/libc.so (pthread_kill+52)
I/DEBUG   ( 3582):     #02 pc 0001550b  /system/lib/libc.so (raise+10)
I/DEBUG   ( 3582):     #03 pc 00011c35  /system/lib/libc.so (__libc_android_abort+36)
I/DEBUG   ( 3582):     #04 pc 0000fcb8  /system/lib/libc.so (abort+4)
I/DEBUG   ( 3582):     #05 pc 00007739  /system/lib/libcutils.so (__android_log_assert+88)
I/DEBUG   ( 3582):     #06 pc 0000f4df  /system/lib/libsurfaceflinger.so
I/DEBUG   ( 3582):     #07 pc 0001b9fd  /system/lib/libsurfaceflinger.so
I/DEBUG   ( 3582):     #08 pc 0001abe7  /system/lib/libsurfaceflinger.so
I/DEBUG   ( 3582):     #09 pc 00019fc3  /system/lib/libsurfaceflinger.so
I/DEBUG   ( 3582):     #10 pc 00019d49  /system/lib/libsurfaceflinger.so
I/DEBUG   ( 3582):     #11 pc 00010ed3  /system/lib/libutils.so (android::Looper::pollInner(int)+410)
I/DEBUG   ( 3582):     #12 pc 00010fc5  /system/lib/libutils.so (android::Looper::pollOnce(int, int*, int*, void**)+92)
I/DEBUG   ( 3582):     #13 pc 000174c5  /system/lib/libsurfaceflinger.so
I/DEBUG   ( 3582):     #14 pc 0001993d  /system/lib/libsurfaceflinger.so (android::SurfaceFlinger::run()+8)
I/DEBUG   ( 3582):     #15 pc 0000083d  /system/bin/surfaceflinger
I/DEBUG   ( 3582):     #16 pc 0000fb75  /system/lib/libc.so (__libc_init+44)
I/DEBUG   ( 3582):     #17 pc 000008d8  /system/bin/surfaceflinger
W/auditd  ( 3593): type=1325 audit(0.0:2567): table=raw family=2 entries=9
W/iptables( 6607): type=1300 audit(0.0:2567): arch=40000028 syscall=294 per=800000 success=yes exit=0 a0=4 a1=0 a2=40 a3=b6c1ba00 items=0 ppid=6463 auid=4294967295 uid=0 gid=0 euid=0 suid=0 fsuid=0 egid=0 sgid=0 fsgid=0 ses=4294967295 tty=(none) exe="/system/bin/iptables" subj=u:r:netd:s0 key=(null)
W/auditd  ( 3593): type=1320 audit(0.0:2567): 
W/auditd  ( 3593): type=1325 audit(0.0:2568): table=raw family=10 entries=9
W/ip6tables( 6608): type=1300 audit(0.0:2568): arch=40000028 syscall=294 per=800000 success=yes exit=0 a0=4 a1=29 a2=40 a3=b6c1d000 items=0 ppid=6463 auid=4294967295 uid=0 gid=0 euid=0 suid=0 fsuid=0 egid=0 sgid=0 fsgid=0 ses=4294967295 tty=(none) exe="/system/bin/ip6tables" subj=u:r:netd:s0 key=(null)
W/auditd  ( 3593): type=1320 audit(0.0:2568): 
W/auditd  ( 3593): type=1325 audit(0.0:2569): table=raw family=2 entries=8
W/iptables( 6609): type=1300 audit(0.0:2569): arch=40000028 syscall=294 per=800000 success=yes exit=0 a0=4 a1=0 a2=40 a3=b6c1ba00 items=0 ppid=6463 auid=4294967295 uid=0 gid=0 euid=0 suid=0 fsuid=0 egid=0 sgid=0 fsgid=0 ses=4294967295 tty=(none) exe="/system/bin/iptables" subj=u:r:netd:s0 key=(null)
W/auditd  ( 3593): type=1320 audit(0.0:2569): 
W/auditd  ( 3593): type=1325 audit(0.0:2570): table=raw family=10 entries=8
W/ip6tables( 6610): type=1300 audit(0.0:2570): arch=40000028 syscall=294 per=800000 success=yes exit=0 a0=4 a1=29 a2=40 a3=b6c32800 items=0 ppid=6463 auid=4294967295 uid=0 gid=0 euid=0 suid=0 fsuid=0 egid=0 sgid=0 fsgid=0 ses=4294967295 tty=(none) exe="/system/bin/ip6tables" subj=u:r:netd:s0 key=(null)
W/auditd  ( 3593): type=1320 audit(0.0:2570): 
W/auditd  ( 3593): type=1325 audit(0.0:2571): table=raw family=2 entries=8
W/iptables( 6611): type=1300 audit(0.0:2571): arch=40000028 syscall=294 per=800000 success=yes exit=0 a0=4 a1=0 a2=40 a3=b6c30100 items=0 ppid=6463 auid=4294967295 uid=0 gid=0 euid=0 suid=0 fsuid=0 egid=0 sgid=0 fsgid=0 ses=4294967295 tty=(none) exe="/system/bin/iptables" subj=u:r:netd:s0 key=(null)
W/auditd  ( 3593): type=1320 audit(0.0:2571): 
W/auditd  ( 3593): type=1325 audit(0.0:2572): table=raw family=10 entries=8
W/ip6tables( 6612): type=1300 audit(0.0:2572): arch=40000028 syscall=294 per=800000 success=yes exit=0 a0=4 a1=29 a2=40 a3=b6c32400 items=0 ppid=6463 auid=4294967295 uid=0 gid=0 euid=0 suid=0 fsuid=0 egid=0 sgid=0 fsgid=0 ses=4294967295 tty=(none) exe="/system/bin/ip6tables" subj=u:r:netd:s0 key=(null)
W/auditd  ( 3593): type=1320 audit(0.0:2572): 
W/auditd  ( 3593): type=1325 audit(0.0:2573): table=raw family=2 entries=6
W/iptables( 6613): type=1300 audit(0.0:2573): arch=40000028 syscall=294 per=800000 success=yes exit=0 a0=4 a1=0 a2=40 a3=b6c20400 items=0 ppid=6463 auid=4294967295 uid=0 gid=0 euid=0 suid=0 fsuid=0 egid=0 sgid=0 fsgid=0 ses=4294967295 tty=(none) exe="/system/bin/iptables" subj=u:r:netd:s0 key=(null)
I/ServiceManager( 6466): Waiting for service batterystats...
V/NatController( 6463): runCmd(/system/bin/iptables -F natctrl_FORWARD) res=0
V/NatController( 6463): runCmd(/system/bin/iptables -A natctrl_FORWARD -j DROP) res=0
V/NatController( 6463): runCmd(/system/bin/iptables -t nat -F natctrl_nat_POSTROUTING) res=0
V/NatController( 6463): runCmd(/system/bin/iptables -F natctrl_tether_counters) res=0
V/NatController( 6463): runCmd(/system/bin/iptables -X natctrl_tether_counters) res=0
V/NatController( 6463): runCmd(/system/bin/iptables -N natctrl_tether_counters) res=0
I/DEBUG   ( 3582): 
I/DEBUG   ( 3582): Tombstone written to: /data/tombstones/tombstone_05
V/NatController( 6463): runCmd(/system/bin/iptables -t mangle -A natctrl_mangle_FORWARD -p tcp --tcp-flags SYN SYN -j TCPMSS --clamp-mss-to-pmtu) res=0
I/ServiceManager( 3569): service 'SurfaceFlinger' died
I/ServiceManager( 3569): service 'Exynos.HWCService' died
I/ServiceManager( 3569): service 'media.wifi_display' died
I/ServiceManager( 3569): service 'media.audio_flinger' died
W/init    ( 6677): type=1400 audit(0.0:2626): avc: denied { entrypoint } for path="/system/bin/auditd" dev="mmcblk0p18" ino=173 scontext=u:r:logd:s0 tcontext=u:object_r:system_file:s0 tclass=file
W/init    ( 6677): type=1300 audit(0.0:2626): arch=40000028 syscall=11 per=800000 success=no exit=-13 a0=b6d80954 a1=b6d69530 a2=57e64 a3=ff0000 items=1 ppid=1 auid=4294967295 uid=0 gid=0 euid=0 suid=0 fsuid=0 egid=0 sgid=0 fsgid=0 ses=4294967295 tty=(none) exe="/init" subj=u:r:init:s0 key=(null)
W/auditd  ( 3593): type=1307 audit(0.0:2626): cwd="/"
W/auditd  ( 3593): type=1302 audit(0.0:2626): item=0 name="/system/bin/auditd" inode=173 dev=103:0a mode=0100755 ouid=0 ogid=2000 rdev=00:00 obj=u:object_r:system_file:s0
W/auditd  ( 3593): type=1320 audit(0.0:2626): 
I/Netd    ( 6678): Netd 1.0 starting
E/Netd    ( 6678): Failed to open /proc/sys/net/ipv6/conf/default/accept_ra_rt_table: No such file or directory
E/Netd    ( 6678): Failed to open /proc/sys/net/ipv6/conf/ip6tnl0/accept_ra_rt_table: No such file or directory
E/Netd    ( 6678): Failed to open /proc/sys/net/ipv6/conf/lo/accept_ra_rt_table: No such file or directory
E/Netd    ( 6678): Failed to open /proc/sys/net/ipv6/conf/rmnet0/accept_ra_rt_table: No such file or directory
E/Netd    ( 6678): Failed to open /proc/sys/net/ipv6/conf/rmnet1/accept_ra_rt_table: No such file or directory
E/Netd    ( 6678): Failed to open /proc/sys/net/ipv6/conf/rmnet2/accept_ra_rt_table: No such file or directory
E/Netd    ( 6678): Failed to open /proc/sys/net/ipv6/conf/rmnet3/accept_ra_rt_table: No such file or directory
E/Netd    ( 6678): Failed to open /proc/sys/net/ipv6/conf/sit0/accept_ra_rt_table: No such file or directory
W/auditd  ( 3593): type=1325 audit(0.0:2627): table=filter family=2 entries=38
W/iptables( 6684): type=1300 audit(0.0:2627): arch=40000028 syscall=294 per=800000 success=yes exit=0 a0=4 a1=0 a2=40 a3=b6c25000 items=0 ppid=6678 auid=4294967295 uid=0 gid=0 euid=0 suid=0 fsuid=0 egid=0 sgid=0 fsgid=0 ses=4294967295 tty=(none) exe="/system/bin/iptables" subj=u:r:netd:s0 key=(null)
W/auditd  ( 3593): type=1320 audit(0.0:2627): 
I/SurfaceFlinger( 6680): SurfaceFlinger is starting
I/SurfaceFlinger( 6680): SurfaceFlinger's main thread ready to run. Initializing graphics H/W...
W/auditd  ( 3593): type=1325 audit(0.0:2628): table=filter family=10 entries=35
W/ip6tables( 6685): type=1300 audit(0.0:2628): arch=40000028 syscall=294 per=800000 success=yes exit=0 a0=4 a1=29 a2=40 a3=b6c28000 items=0 ppid=6678 auid=4294967295 uid=0 gid=0 euid=0 suid=0 fsuid=0 egid=0 sgid=0 fsgid=0 ses=4294967295 tty=(none) exe="/system/bin/ip6tables" subj=u:r:netd:s0 key=(null)
W/auditd  ( 3593): type=1320 audit(0.0:2628): 
W/auditd  ( 3593): type=1325 audit(0.0:2629): table=filter family=2 entries=37
W/iptables( 6690): type=1300 audit(0.0:2629): arch=40000028 syscall=294 per=800000 success=yes exit=0 a0=4 a1=0 a2=40 a3=b6c22000 items=0 ppid=6678 auid=4294967295 uid=0 gid=0 euid=0 suid=0 fsuid=0 egid=0 sgid=0 fsgid=0 ses=4294967295 tty=(none) exe="/system/bin/iptables" subj=u:r:netd:s0 key=(null)
W/auditd  ( 3593): type=1320 audit(0.0:2629): 
W/auditd  ( 3593): type=1325 audit(0.0:2630): table=filter family=10 entries=34
W/ip6tables( 6691): type=1300 audit(0.0:2630): arch=40000028 syscall=294 per=800000 success=yes exit=0 a0=4 a1=29 a2=40 a3=b6c23000 items=0 ppid=6678 auid=4294967295 uid=0 gid=0 euid=0 suid=0 fsuid=0 egid=0 sgid=0 fsgid=0 ses=4294967295 tty=(none) exe="/system/bin/ip6tables" subj=u:r:netd:s0 key=(null)
W/auditd  ( 3593): type=1320 audit(0.0:2630): 
D/libEGL  ( 6680): loaded /vendor/lib/egl/libGLES_mali.so
W/auditd  ( 3593): type=1325 audit(0.0:2631): table=filter family=2 entries=37
W/iptables( 6692): type=1300 audit(0.0:2631): arch=40000028 syscall=294 per=800000 success=yes exit=0 a0=4 a1=0 a2=40 a3=b6c22000 items=0 ppid=6678 auid=4294967295 uid=0 gid=0 euid=0 suid=0 fsuid=0 egid=0 sgid=0 fsgid=0 ses=4294967295 tty=(none) exe="/system/bin/iptables" subj=u:r:netd:s0 key=(null)
W/auditd  ( 3593): type=1320 audit(0.0:2631): 
I/        ( 6680): PLATFORM VERSION : JB-MR-2
D/AndroidRuntime( 6683): 
D/AndroidRuntime( 6683): >>>>>> AndroidRuntime START com.android.internal.os.ZygoteInit <<<<<<
I/mediaserver( 6681): ServiceManager: 0xb60500c0
I/AudioFlinger( 6681): Using default 3000 mSec as standby time.
I/gralloc ( 6680): using (fd=12)
I/gralloc ( 6680): id           = 
I/gralloc ( 6680): xres         = 1080 px
I/gralloc ( 6680): yres         = 1920 px
I/gralloc ( 6680): xres_virtual = 1080 px
I/gralloc ( 6680): yres_virtual = 3840 px
I/gralloc ( 6680): bpp          = 32
I/gralloc ( 6680): r            = 16:8
I/gralloc ( 6680): g            =  8:8
I/gralloc ( 6680): b            =  0:8
I/gralloc ( 6680): width        = 65 mm (422.030762 dpi)
I/gralloc ( 6680): height       = 115 mm (424.069580 dpi)
I/gralloc ( 6680): refresh rate = 60.00 Hz
I/ServiceManager( 6681): Waiting for service batterystats...
D/AndroidRuntime( 6683): CheckJNI is OFF
I/art     ( 6683): option[0]=-Xzygote
I/art     ( 6683): option[1]=-Xstacktracefile:/data/anr/traces.txt
I/art     ( 6683): option[2]=exit
I/art     ( 6683): option[3]=vfprintf
I/art     ( 6683): option[4]=sensitiveThread
I/art     ( 6683): option[5]=-verbose:gc
I/art     ( 6683): option[6]=-Xms8m
I/art     ( 6683): option[7]=-Xmx512m
I/art     ( 6683): option[8]=-XX:mainThreadStackSize=24K
I/art     ( 6683): option[9]=-XX:HeapGrowthLimit=128m
I/art     ( 6683): option[10]=-XX:HeapMinFree=2m
I/art     ( 6683): option[11]=-XX:HeapMaxFree=8m
I/art     ( 6683): option[12]=-XX:HeapTargetUtilization=0.75
I/art     ( 6683): option[13]=-agentlib:jdwp=transport=dt_android_adb,suspend=n,server=y
I/art     ( 6683): option[14]=-Xlockprofthreshold:500
I/art     ( 6683): option[15]=-Ximage-compiler-option
I/art     ( 6683): option[16]=--runtime-arg
I/art     ( 6683): option[17]=-Ximage-compiler-option
I/art     ( 6683): option[18]=-Xms64m
I/art     ( 6683): option[19]=-Ximage-compiler-option
I/art     ( 6683): option[20]=--runtime-arg
I/art     ( 6683): option[21]=-Ximage-compiler-option
I/art     ( 6683): option[22]=-Xmx64m
I/art     ( 6683): option[23]=-Ximage-compiler-option
I/art     ( 6683): option[24]=--image-classes-zip=/system/framework/framework.jar
I/art     ( 6683): option[25]=-Ximage-compiler-option
I/art     ( 6683): option[26]=--image-classes=preloaded-classes
I/art     ( 6683): option[27]=-Xcompiler-option
I/art     ( 6683): option[28]=--runtime-arg
I/art     ( 6683): option[29]=-Xcompiler-option
I/art     ( 6683): option[30]=-Xms64m
I/art     ( 6683): option[31]=-Xcompiler-option
I/art     ( 6683): option[32]=--runtime-arg
I/art     ( 6683): option[33]=-Xcompiler-option
I/art     ( 6683): option[34]=-Xmx512m
I/art     ( 6683): option[35]=-Duser.language=es
I/art     ( 6683): option[36]=-Duser.region=US
I/art     ( 6683): Pruning dalvik-cache since we are generating an image and will need to recompile
W/art     ( 6683): Unexpected file type of 
W/art     ( 6683):  encountered.
I/art     ( 6683): Using an offset of 0x390000 from default art base address of 0x70000000
I/art     ( 6683): GenerateImage: /system/bin/dex2oat --image=/data/dalvik-cache/arm/system@framework@boot.art --dex-file=/system/framework/core-libart.jar --dex-file=/system/framework/conscrypt.jar --dex-file=/system/framework/okhttp.jar --dex-file=/system/framework/core-junit.jar --dex-file=/system/framework/bouncycastle.jar --dex-file=/system/framework/ext.jar --dex-file=/system/framework/framework.jar --dex-file=/system/framework/telephony-common.jar --dex-file=/system/framework/voip-common.jar --dex-file=/system/framework/ims-common.jar --dex-file=/system/framework/mms-common.jar --dex-file=/system/framework/android.policy.jar --dex-file=/system/framework/apache-xml.jar --oat-file=/data/dalvik-cache/arm/system@framework@boot.oat --instruction-set=arm --instruction-set-features=div --base=0x70390000 --runtime-arg -Xms64m --runtime-arg -Xmx64m --image-classes-zip=/system/framework/framework.jar --image-classes=preloaded-classes
W/art     ( 6683): Unexpected file type of 
W/art     ( 6683):  encountered.
W/art     ( 6683): Could not create image space with image file '/system/framework/boot.art'. Attempting to fall back to imageless running. Error was: Failed to generate image '/data/dalvik-cache/arm/system@framework@boot.art': Failed execv(/system/bin/dex2oat --image=/data/dalvik-cache/arm/system@framework@boot.art --dex-file=/system/framework/core-libart.jar --dex-file=/system/framework/conscrypt.jar --dex-file=/system/framework/okhttp.jar --dex-file=/system/framework/core-junit.jar --dex-file=/system/framework/bouncycastle.jar --dex-file=/system/framework/ext.jar --dex-file=/system/framework/framework.jar --dex-file=/system/framework/telephony-common.jar --dex-file=/system/framework/voip-common.jar --dex-file=/system/framework/ims-common.jar --dex-file=/system/framework/mms-common.jar --dex-file=/system/framework/android.policy.jar --dex-file=/system/framework/apache-xml.jar --oat-file=/data/dalvik-cache/arm/system@framework@boot.oat --instruction-set=arm --instruction-set-features=div --base=0x70390000 --runtime-arg -Xms64
D/hwcomposer( 6680): using
D/hwcomposer( 6680): xres         = 1080 px
D/hwcomposer( 6680): yres         = 1920 px
D/hwcomposer( 6680): width        = 65 mm (422.030000 dpi)
D/hwcomposer( 6680): height       = 115 mm (424.069000 dpi)
D/hwcomposer( 6680): refresh rate = 60 Hz
E/libexynosv4l2-subdev( 6680): no subdev device found
E/hdmi    ( 6680): failed to open hdmi mixer0 subdev
E/hwcomposer( 6680): openHdmi fail
I/hwcomposer( 6680): PSR info devname = /sys/devices/14400000.fimd_fb/psr_info
I/hwcomposer( 6680): PSR mode is 2(0: video mode, 1: DP PSR mode, 2: MIPI-DSI command mode)
I/SurfaceFlinger( 6680): Using composer version 1.3
I/SurfaceFlinger( 6680): EGL information:
I/SurfaceFlinger( 6680): vendor    : Android
I/SurfaceFlinger( 6680): version   : 1.4 Android META-EGL
I/SurfaceFlinger( 6680): extensions: EGL_KHR_get_all_proc_addresses EGL_ANDROID_presentation_time EGL_KHR_image EGL_KHR_image_base EGL_KHR_gl_texture_2D_image EGL_KHR_gl_texture_cubemap_image EGL_KHR_gl_renderbuffer_image EGL_KHR_fence_sync EGL_KHR_create_context EGL_ANDROID_image_native_buffer EGL_KHR_wait_sync EGL_ANDROID_recordable 
I/SurfaceFlinger( 6680): Client API: OpenGL_ES
I/SurfaceFlinger( 6680): EGLSurface: 8-8-8-8, config=0xb69cf2ac
I/SurfaceFlinger( 6680): OpenGL ES informations:
I/SurfaceFlinger( 6680): vendor    : ARM
I/SurfaceFlinger( 6680): renderer  : Mali-T628
I/SurfaceFlinger( 6680): version   : OpenGL ES 3.0
I/SurfaceFlinger( 6680): extensions: GL_EXT_debug_marker GL_ARM_rgba8 GL_ARM_mali_shader_binary GL_OES_depth24 GL_OES_depth_texture GL_OES_depth_texture_cube_map GL_OES_packed_depth_stencil GL_OES_rgb8_rgba8 GL_EXT_read_format_bgra GL_OES_compressed_paletted_texture GL_OES_compressed_ETC1_RGB8_texture GL_OES_standard_derivatives GL_OES_EGL_image GL_OES_EGL_image_external GL_OES_EGL_sync GL_OES_texture_npot GL_OES_vertex_half_float GL_OES_required_internalformat GL_OES_vertex_array_object GL_OES_mapbuffer GL_EXT_texture_format_BGRA8888 GL_EXT_texture_rg GL_EXT_texture_type_2_10_10_10_REV GL_OES_fbo_render_mipmap GL_OES_element_index_uint GL_EXT_shadow_samplers GL_OES_texture_compression_astc GL_KHR_texture_compression_astc_ldr GL_KHR_texture_compression_astc_hdr GL_KHR_debug GL_EXT_occlusion_query_boolean GL_EXT_blend_minmax GL_EXT_discard_framebuffer GL_OES_get_program_binary GL_OES_texture_3D GL_EXT_texture_storage GL_EXT_multisampled_render_to_texture GL_OES_surfaceless_context GL_ARM_mali_program_binary 
I/SurfaceFlinger( 6680): GL_MAX_TEXTURE_SIZE = 8192
I/SurfaceFlinger( 6680): GL_MAX_VIEWPORT_DIMS = 8192
E/libEGL  ( 6680): eglQuerySurface:607 error 300d (EGL_BAD_SURFACE)
E/libEGL  ( 6680): eglQuerySurface:607 error 300d (EGL_BAD_SURFACE)
E/libEGL  ( 6680): call to OpenGL ES API with no current context (logged once per thread)
D/SurfaceFlinger( 6680): Set power mode=2, type=0 flinger=0xb6962000
I/hwcomposer( 6680): int exynos5_blank(hwc_composer_device_1*, int, int):: disp(0), blank(0)
I/hwcomposer( 6680): unblank ioctl failed (display already unblanked)
E/libEGL  ( 6680): eglSwapBuffers:1071 error 300d (EGL_BAD_SURFACE)
F/SurfaceFlinger( 6680): eglSwapBuffers(0x1, 0x0) failed with 0x0000300d
F/libc    ( 6680): Fatal signal 6 (SIGABRT), code -6 in tid 6680 (surfaceflinger)
I/DEBUG   ( 3582): property debug.db.uid not set; NOT waiting for gdb.
I/DEBUG   ( 3582): HINT: adb shell setprop debug.db.uid 100000
I/DEBUG   ( 3582): HINT: adb forward tcp:5039 tcp:5039
I/DEBUG   ( 3582): *** *** *** *** *** *** *** *** *** *** *** *** *** *** *** ***
I/DEBUG   ( 3582): Build fingerprint: 'samsung/cm_k3gxx/k3gxx:5.0.2/LRX22G/88e55c58ed:userdebug/test-keys'
I/DEBUG   ( 3582): Revision: '10'
I/DEBUG   ( 3582): ABI: 'arm'
I/DEBUG   ( 3582): pid: 6680, tid: 6680, name: surfaceflinger  >>> /system/bin/surfaceflinger <<<
I/DEBUG   ( 3582): signal 6 (SIGABRT), code -6 (SI_TKILL), fault addr --------
I/DEBUG   ( 3582): Abort message: 'eglSwapBuffers(0x1, 0x0) failed with 0x0000300d'
I/DEBUG   ( 3582):     r0 00000000  r1 00001a18  r2 00000006  r3 00000000
I/DEBUG   ( 3582):     r4 b6f38114  r5 00000006  r6 0000000b  r7 0000010c
I/DEBUG   ( 3582):     r8 00000000  r9 bef77bd0  sl b6954210  fp bef77bd0
I/DEBUG   ( 3582):     ip 00001a18  sp bef77650  lr b6ec27b9  pc b6ee64e4  cpsr 600f0010
I/DEBUG   ( 3582): 
I/DEBUG   ( 3582): backtrace:
I/DEBUG   ( 3582):     #00 pc 000384e4  /system/lib/libc.so (tgkill+12)
I/DEBUG   ( 3582):     #01 pc 000147b5  /system/lib/libc.so (pthread_kill+52)
I/DEBUG   ( 3582):     #02 pc 0001550b  /system/lib/libc.so (raise+10)
I/DEBUG   ( 3582):     #03 pc 00011c35  /system/lib/libc.so (__libc_android_abort+36)
I/DEBUG   ( 3582):     #04 pc 0000fcb8  /system/lib/libc.so (abort+4)
I/DEBUG   ( 3582):     #05 pc 00007739  /system/lib/libcutils.so (__android_log_assert+88)
I/DEBUG   ( 3582):     #06 pc 0000f4df  /system/lib/libsurfaceflinger.so
I/DEBUG   ( 3582):     #07 pc 0001b9fd  /system/lib/libsurfaceflinger.so
I/DEBUG   ( 3582):     #08 pc 0001abe7  /system/lib/libsurfaceflinger.so
I/DEBUG   ( 3582):     #09 pc 00019fc3  /system/lib/libsurfaceflinger.so
I/DEBUG   ( 3582):     #10 pc 00019d49  /system/lib/libsurfaceflinger.so
I/DEBUG   ( 3582):     #11 pc 00010ed3  /system/lib/libutils.so (android::Looper::pollInner(int)+410)
I/DEBUG   ( 3582):     #12 pc 00010fc5  /system/lib/libutils.so (android::Looper::pollOnce(int, int*, int*, void**)+92)
I/DEBUG   ( 3582):     #13 pc 000174c5  /system/lib/libsurfaceflinger.so
I/DEBUG   ( 3582):     #14 pc 0001993d  /system/lib/libsurfaceflinger.so (android::SurfaceFlinger::run()+8)
I/DEBUG   ( 3582):     #15 pc 0000083d  /system/bin/surfaceflinger
I/DEBUG   ( 3582):     #16 pc 0000fb75  /system/lib/libc.so (__libc_init+44)
I/DEBUG   ( 3582):     #17 pc 000008d8  /system/bin/surfaceflinger
W/iptables( 6816): type=1300 audit(0.0:2751): arch=40000028 syscall=294 per=800000 success=yes exit=0 a0=4 a1=0 a2=40 a3=b6c30100 items=0 ppid=6678 auid=4294967295 uid=0 gid=0 euid=0 suid=0 fsuid=0 egid=0 sgid=0 fsgid=0 ses=4294967295 tty=(none) exe="/system/bin/iptables" subj=u:r:netd:s0 key=(null)
W/auditd  ( 3593): type=1320 audit(0.0:2751): 
W/auditd  ( 3593): type=1325 audit(0.0:2752): table=raw family=10 entries=8
W/ip6tables( 6817): type=1300 audit(0.0:2752): arch=40000028 syscall=294 per=800000 success=yes exit=0 a0=4 a1=29 a2=40 a3=b6c32400 items=0 ppid=6678 auid=4294967295 uid=0 gid=0 euid=0 suid=0 fsuid=0 egid=0 sgid=0 fsgid=0 ses=4294967295 tty=(none) exe="/system/bin/ip6tables" subj=u:r:netd:s0 key=(null)
W/auditd  ( 3593): type=1320 audit(0.0:2752): 
W/auditd  ( 3593): type=1325 audit(0.0:2753): table=raw family=2 entries=6
W/iptables( 6818): type=1300 audit(0.0:2753): arch=40000028 syscall=294 per=800000 success=yes exit=0 a0=4 a1=0 a2=40 a3=b6c20400 items=0 ppid=6678 auid=4294967295 uid=0 gid=0 euid=0 suid=0 fsuid=0 egid=0 sgid=0 fsgid=0 ses=4294967295 tty=(none) exe="/system/bin/iptables" subj=u:r:netd:s0 key=(null)
W/auditd  ( 3593): type=1320 audit(0.0:2753): 
W/auditd  ( 3593): type=1325 audit(0.0:2754): table=raw family=10 entries=6
W/ip6tables( 6819): type=1300 audit(0.0:2754): arch=40000028 syscall=294 per=800000 success=yes exit=0 a0=4 a1=29 a2=40 a3=b6c31800 items=0 ppid=6678 auid=4294967295 uid=0 gid=0 euid=0 suid=0 fsuid=0 egid=0 sgid=0 fsgid=0 ses=4294967295 tty=(none) exe="/system/bin/ip6tables" subj=u:r:netd:s0 key=(null)
W/auditd  ( 3593): type=1320 audit(0.0:2754): 
W/auditd  ( 3593): type=1325 audit(0.0:2755): table=raw family=2 entries=8
W/iptables( 6820): type=1300 audit(0.0:2755): arch=40000028 syscall=294 per=800000 success=yes exit=0 a0=4 a1=0 a2=40 a3=b6c1ba00 items=0 ppid=6678 auid=4294967295 uid=0 gid=0 euid=0 suid=0 fsuid=0 egid=0 sgid=0 fsgid=0 ses=4294967295 tty=(none) exe="/system/bin/iptables" subj=u:r:netd:s0 key=(null)
W/auditd  ( 3593): type=1320 audit(0.0:2755): 
W/auditd  ( 3593): type=1325 audit(0.0:2756): table=raw family=10 entries=8
W/ip6tables( 6821): type=1300 audit(0.0:2756): arch=40000028 syscall=294 per=800000 success=yes exit=0 a0=4 a1=29 a2=40 a3=b6c37800 items=0 ppid=6678 auid=4294967295 uid=0 gid=0 euid=0 suid=0 fsuid=0 egid=0 sgid=0 fsgid=0 ses=4294967295 tty=(none) exe="/system/bin/ip6tables" subj=u:r:netd:s0 key=(null)
W/auditd  ( 3593): type=1320 audit(0.0:2756): 
W/auditd  ( 3593): type=1325 audit(0.0:2757): table=raw family=2 entries=9
W/iptables( 6822): type=1300 audit(0.0:2757): arch=40000028 syscall=294 per=800000 success=yes exit=0 a0=4 a1=0 a2=40 a3=b6c1ba00 items=0 ppid=6678 auid=4294967295 uid=0 gid=0 euid=0 suid=0 fsuid=0 egid=0 sgid=0 fsgid=0 ses=4294967295 tty=(none) exe="/system/bin/iptables" subj=u:r:netd:s0 key=(null)
W/auditd  ( 3593): type=1320 audit(0.0:2757): 
I/ServiceManager( 6681): Waiting for service batterystats...
I/DEBUG   ( 3582): 
I/DEBUG   ( 3582): Tombstone written to: /data/tombstones/tombstone_06
V/NatController( 6678): runCmd(/system/bin/iptables -F natctrl_FORWARD) res=0
V/NatController( 6678): runCmd(/system/bin/iptables -A natctrl_FORWARD -j DROP) res=0
V/NatController( 6678): runCmd(/system/bin/iptables -t nat -F natctrl_nat_POSTROUTING) res=0
V/NatController( 6678): runCmd(/system/bin/iptables -F natctrl_tether_counters) res=0
V/NatController( 6678): runCmd(/system/bin/iptables -X natctrl_tether_counters) res=0
I/ServiceManager( 3569): service 'SurfaceFlinger' died
I/ServiceManager( 3569): service 'Exynos.HWCService' died
I/ServiceManager( 3569): service 'media.wifi_display' died
V/NatController( 6678): runCmd(/system/bin/iptables -N natctrl_tether_counters) res=0
V/NatController( 6678): runCmd(/system/bin/iptables -t mangle -A natctrl_mangle_FORWARD -p tcp --tcp-flags SYN SYN -j TCPMSS --clamp-mss-to-pmtu) res=0
I/ServiceManager( 3569): service 'media.audio_flinger' died
