W/Utils   ( 3691): bool android::canOffloadStream(const android::sp<android::MetaData>&, bool, const android::sp<android::MetaData>&, bool, audio_stream_type_t) No sample bit depth info in meta data
E/AudioPolicyManager( 3691): isOffloadSupported: stream_type != MUSIC, returning false
W/Utils   ( 3691): bool android::canOffloadStream(const android::sp<android::MetaData>&, bool, const android::sp<android::MetaData>&, bool, audio_stream_type_t) No sample bit depth info in meta data
E/AudioPolicyManager( 3691): isOffloadSupported: stream_type != MUSIC, returning false
D/NuPlayerDriver( 3691): start(0xb4212040)
I/GenericSource( 3691): start
W/Utils   ( 3691): bool android::canOffloadStream(const android::sp<android::MetaData>&, bool, const android::sp<android::MetaData>&, bool, audio_stream_type_t) No sample bit depth info in meta data
E/AudioPolicyManager( 3691): isOffloadSupported: stream_type != MUSIC, returning false
W/Utils   ( 3691): bool android::canOffloadStream(const android::sp<android::MetaData>&, bool, const android::sp<android::MetaData>&, bool, audio_stream_type_t) No sample bit depth info in meta data
E/AudioPolicyManager( 3691): isOffloadSupported: stream_type != MUSIC, returning false
D/NuPlayerDriver( 3691): reset(0xb6053d00)
W/InputAttributes( 4730): No editor info for this field. Bug?
D/NuPlayerDriver( 3691): notifyResetComplete(0xb6053d00)
E/cutils  ( 4812): Failed to mkdir(/mnt/shell/emulated/0): Read-only file system
W/Zygote  ( 4812): Failed to mount emulated storage: 30
I/LatinIME:LogUtils( 4730): Dictionary info: dictionary = PersonalizationDictionary.en_US ; version = 1436944071 ; date = ?
I/ActivityManager( 4116): Start proc com.cyanogenmod.lockclock for content provider com.cyanogenmod.lockclock/.weather.WeatherContentProvider: pid=4812 uid=10042 gids={50042, 9997, 3003} abi=armeabi-v7a
D/NuPlayerDriver( 3691): reset(0xb4212040)
I/LatinIME:LogUtils( 4730): Dictionary info: dictionary = UserHistoryDictionary.en_US ; version = 1436944071 ; date = ?
I/LatinIME:LogUtils( 4730): Dictionary info: dictionary = userunigram.en_US ; version = 1436944071 ; date = ?
D/NuPlayerDriver( 3691): notifyResetComplete(0xb4212040)
I/LatinIME:LogUtils( 4730): Dictionary info: dictionary = contacts.en_US ; version = 1436944071 ; date = ?
I/LatinIME:LogUtils( 4730): Dictionary info: dictionary = ContextualDictionary.en_US ; version = 1436944071 ; date = ?
D/WVMDrmPlugIn( 3690): WVMDrmPlugin::onInitialize : 4652
D/WVMDrmPlugIn( 3690): WVMDrmPlugin::onSetOnInfoListener : add 4652
D/WVMDrmPlugIn( 3690): WVMDrmPlugin::onTerminate : 4652
I/FFmpegExtractor( 3691): android-source:0xb3e06060
I/FFMPEG  ( 3691): Input #0, ogg, from 'android-source:0xb3e06060':
I/FFMPEG  ( 3691):   Duration: 00:00:00.11, start: 0.000000, bitrate: 431 kb/s
I/FFMPEG  ( 3691):     Stream #0:0: Audio: vorbis, 48000 Hz, mono, fltp, 140 kb/s
D/FFmpegExtractor( 3691): FFmpegExtrator, url: android-source:0xb3e06060, format_name: ogg, format_long_name: Ogg
I/FFmpegExtractor( 3691): adjust mime(application/ogg -> audio/vorbis)
D/FFmpegExtractor( 3691): suppoted codec(vorbis) by official Stagefright
D/FFmpegExtractor( 3691): ffmpeg detected media content as 'audio/vorbis' with confidence 0.08
E/cutils  ( 4838): Failed to mkdir(/mnt/shell/emulated/0): Read-only file system
W/Zygote  ( 4838): Failed to mount emulated storage: 30
I/ActivityManager( 4116): Start proc android.process.acore for content provider com.android.providers.userdictionary/.UserDictionaryProvider: pid=4838 uid=10006 gids={50006, 9997, 3003, 1028, 1015} abi=armeabi-v7a
D/NuPlayerDriver( 3691): start(0xb2318040)
I/GenericSource( 3691): start
W/Utils   ( 3691): bool android::canOffloadStream(const android::sp<android::MetaData>&, bool, const android::sp<android::MetaData>&, bool, audio_stream_type_t) No sample bit depth info in meta data
E/AudioPolicyManager( 3691): isOffloadSupported: stream_type != MUSIC, returning false
W/Utils   ( 3691): bool android::canOffloadStream(const android::sp<android::MetaData>&, bool, const android::sp<android::MetaData>&, bool, audio_stream_type_t) No sample bit depth info in meta data
E/AudioPolicyManager( 3691): isOffloadSupported: stream_type != MUSIC, returning false
D/NuPlayerDriver( 3691): reset(0xb2318040)
D/NuPlayerDriver( 3691): notifyResetComplete(0xb2318040)
D/WVMDrmPlugIn( 3690): WVMDrmPlugin::onInitialize : 5029
D/WVMDrmPlugIn( 3690): WVMDrmPlugin::onSetOnInfoListener : add 5029
D/WeatherUpdateService( 4812): Service started, but shouldn't update ... stopping
D/WVMDrmPlugIn( 3690): WVMDrmPlugin::onTerminate : 5029
I/FFmpegExtractor( 3691): android-source:0xb3e06060
I/FFMPEG  ( 3691): Input #0, ogg, from 'android-source:0xb3e06060':
I/FFMPEG  ( 3691):   Duration: 00:00:00.11, start: 0.000000, bitrate: 462 kb/s
I/FFMPEG  ( 3691):     Stream #0:0: Audio: vorbis, 48000 Hz, mono, fltp, 140 kb/s
D/FFmpegExtractor( 3691): FFmpegExtrator, url: android-source:0xb3e06060, format_name: ogg, format_long_name: Ogg
I/FFmpegExtractor( 3691): adjust mime(application/ogg -> audio/vorbis)
D/FFmpegExtractor( 3691): suppoted codec(vorbis) by official Stagefright
D/FFmpegExtractor( 3691): ffmpeg detected media content as 'audio/vorbis' with confidence 0.08
D/BluetoothAdapter( 4538): 349973197: getState() :  mService = null. Returning STATE_OFF
D/BluetoothAdapter( 4538): 349973197: getState() :  mService = null. Returning STATE_OFF
D/BluetoothAdapter( 4538): 349973197: getState() :  mService = null. Returning STATE_OFF
D/BluetoothAdapter( 4538): 349973197: getState() :  mService = null. Returning STATE_OFF
D/NuPlayerDriver( 3691): start(0xb0f0d040)
I/GenericSource( 3691): start
W/Utils   ( 3691): bool android::canOffloadStream(const android::sp<android::MetaData>&, bool, const android::sp<android::MetaData>&, bool, audio_stream_type_t) No sample bit depth info in meta data
E/AudioPolicyManager( 3691): isOffloadSupported: stream_type != MUSIC, returning false
W/Utils   ( 3691): bool android::canOffloadStream(const android::sp<android::MetaData>&, bool, const android::sp<android::MetaData>&, bool, audio_stream_type_t) No sample bit depth info in meta data
E/AudioPolicyManager( 3691): isOffloadSupported: stream_type != MUSIC, returning false
D/PermissionCache( 3688): checking android.permission.ACCESS_SURFACE_FLINGER for uid=10016 => granted (322 us)
D/OpenGLRenderer( 4538): Render dirty regions requested: true
D/Atlas   ( 4538): Validating map...
D/NuPlayerDriver( 3691): reset(0xb0f0d040)
D/PhoneStatusBar( 4538): disable: < expand icons alerts system_info back home recent clock search >
D/NuPlayerDriver( 3691): notifyResetComplete(0xb0f0d040)
D/WVMDrmPlugIn( 3690): WVMDrmPlugin::onInitialize : 5970
D/WVMDrmPlugIn( 3690): WVMDrmPlugin::onSetOnInfoListener : add 5970
D/BluetoothAdapter( 4538): 349973197: getState() :  mService = null. Returning STATE_OFF
D/BluetoothAdapter( 4538): 349973197: getState() :  mService = null. Returning STATE_OFF
D/WVMDrmPlugIn( 3690): WVMDrmPlugin::onTerminate : 5970
I/FFmpegExtractor( 3691): android-source:0xb3e06060
I/FFMPEG  ( 3691): Input #0, ogg, from 'android-source:0xb3e06060':
I/FFMPEG  ( 3691):   Duration: 00:00:00.18, start: 0.000000, bitrate: 431 kb/s
I/FFMPEG  ( 3691):     Stream #0:0: Audio: vorbis, 44100 Hz, mono, fltp, 239 kb/s
I/FFMPEG  ( 3691):     Metadata:
I/FFMPEG  ( 3691):       ARTIST          : Copyright 2013 Android Open Source Project
D/FFmpegExtractor( 3691): FFmpegExtrator, url: android-source:0xb3e06060, format_name: ogg, format_long_name: Ogg
I/FFmpegExtractor( 3691): adjust mime(application/ogg -> audio/vorbis)
D/FFmpegExtractor( 3691): suppoted codec(vorbis) by official Stagefright
D/FFmpegExtractor( 3691): ffmpeg detected media content as 'audio/vorbis' with confidence 0.08
D/NuPlayerDriver( 3691): start(0xb4212040)
I/GenericSource( 3691): start
I/art     ( 4116): Explicit concurrent mark sweep GC freed 33799(2MB) AllocSpace objects, 17(785KB) LOS objects, 33% free, 21MB/32MB, paused 2.325ms total 56.023ms
W/Utils   ( 3691): bool android::canOffloadStream(const android::sp<android::MetaData>&, bool, const android::sp<android::MetaData>&, bool, audio_stream_type_t) No sample bit depth info in meta data
E/AudioPolicyManager( 3691): isOffloadSupported: stream_type != MUSIC, returning false
W/Utils   ( 3691): bool android::canOffloadStream(const android::sp<android::MetaData>&, bool, const android::sp<android::MetaData>&, bool, audio_stream_type_t) No sample bit depth info in meta data
E/AudioPolicyManager( 3691): isOffloadSupported: stream_type != MUSIC, returning false
D/PhoneStatusBar( 4538): heads up is enabled
I/LatinIME:LogUtils( 4730): Dictionary info: dictionary = PersonalizationDictionary.en_US ; version = 1436944071 ; date = ?
I/LatinIME:LogUtils( 4730): Dictionary info: dictionary = PersonalizationDictionary.en_US ; version = 1436944071 ; date = ?
D/StatusBar( 4538): user hasn't seen notification about hidden notifications
D/StatusBar( 4538): insecure lockscreen, skipping notification
D/NuPlayerDriver( 3691): reset(0xb4212040)
D/NuPlayerDriver( 3691): notifyResetComplete(0xb4212040)
D/libgps  ( 4116): SendGpsExtensionMessage: Waiting for IPC connection - timeout
E/libgps  ( 4116): LIBGPS: Cannot communicate (write) with a GPSD
E/libgps  ( 4116): IPC Communication Error, /tmp/13632270_219420/customers/samsung/KGFEVOandroid/../../../proprietary/deliverables/android/gps_interface/../gps_interface/gpsi_client/GpsiClient.cpp:617 SendGpsExtensionMessage
D/libgps  ( 4116): agps_set_server: Waiting for IPC connection...
W/BackupManagerService( 4116): dataChanged but no participant pkg='com.android.providers.settings' uid=10016
I/ContactLocale( 4838): AddressBook Labels [en-US]: [, A, B, C, D, E, F, G, H, I, J, K, L, M, N, O, P, Q, R, S, T, U, V, W, X, Y, Z, , , , , , , , , , , , , , , , , , , , , , , , , , , , , , , , , , , , , , , , , , , , , , , , , , , , , , , , , , , , , , , , , , , , , , , , , , , , , , , , , , , , , , , , , , , , , , , , , , , , , , , , , , , , , , , , , , , , , , , , , , , , , , , , , , , , , , , , , , , , , , , , , , , , , , , , , , , , , , , , , , , , , , , , , , , , , , , , , , , , , , , , , , , , #, ]
I/Choreographer( 4538): Skipped 87 frames!  The application may be doing too much work on its main thread.
D/ViewRootImpl( 4538): changeCanvasOpacity: opaque=true
W/Settings( 4538): Setting airplane_mode_on has moved from android.provider.Settings.System to android.provider.Settings.Global, returning read-only value.
W/Settings( 4538): Setting airplane_mode_on has moved from android.provider.Settings.System to android.provider.Settings.Global, returning read-only value.
I/        ( 4538): PLATFORM VERSION : JB-MR-2
I/OpenGLRenderer( 4538): Initialized EGL, version 1.4
D/OpenGLRenderer( 4538): Enabling debug mode 0
D/WifiService( 4116): New client listening to asynchronous messages
I/LatinIME:LogUtils( 4730): Dictionary info: dictionary = ? ; version = 22 ; date = 1349321750
E/BinaryDictionaryFileDumper( 4730): Unexpected exception communicating with the dictionary pack
E/BinaryDictionaryFileDumper( 4730): java.lang.NullPointerException: Attempt to read from field 'java.util.Locale com.android.inputmethod.latin.utils.DictionaryInfoUtils$DictionaryInfo.mLocale' on a null object reference
E/BinaryDictionaryFileDumper( 4730): 	at com.android.inputmethod.latin.utils.DictionaryInfoUtils.getCurrentDictionaryFileNameAndVersionInfo(DictionaryInfoUtils.java:378)
E/BinaryDictionaryFileDumper( 4730): 	at com.android.inputmethod.latin.BinaryDictionaryFileDumper.reinitializeClientRecordInDictionaryContentProvider(BinaryDictionaryFileDumper.java:484)
E/BinaryDictionaryFileDumper( 4730): 	at com.android.inputmethod.latin.BinaryDictionaryFileDumper.getWordListWordListInfos(BinaryDictionaryFileDumper.java:160)
E/BinaryDictionaryFileDumper( 4730): 	at com.android.inputmethod.latin.BinaryDictionaryFileDumper.cacheWordListsFromContentProvider(BinaryDictionaryFileDumper.java:418)
E/BinaryDictionaryFileDumper( 4730): 	at com.android.inputmethod.latin.BinaryDictionaryGetter.getDictionaryFiles(BinaryDictionaryGetter.java:268)
E/BinaryDictionaryFileDumper( 4730): 	at com.android.inputmethod.latin.DictionaryFactory.createMainDictionaryFromManager(DictionaryFactory.java:58)
E/BinaryDictionaryFileDumper( 4730): 	at com.android.inputmethod.latin.DictionaryFactory.createMainDictionaryFromManager(DictionaryFactory.java:137)
E/BinaryDictionaryFileDumper( 4730): 	at com.android.inputmethod.latin.DictionaryFacilitator$1.run(DictionaryFacilitator.java:297)
E/BinaryDictionaryFileDumper( 4730): 	at java.util.concurrent.ThreadPoolExecutor.runWorker(ThreadPoolExecutor.java:1112)
E/BinaryDictionaryFileDumper( 4730): 	at java.util.concurrent.ThreadPoolExecutor$Worker.run(ThreadPoolExecutor.java:587)
E/BinaryDictionaryFileDumper( 4730): 	at java.lang.Thread.run(Thread.java:818)
I/LatinIME:LogUtils( 4730): Dictionary info: dictionary = ? ; version = 26 ; date = 1351062238
E/cutils  ( 4916): Failed to mkdir(/mnt/shell/emulated/0): Read-only file system
W/Zygote  ( 4916): Failed to mount emulated storage: 30
I/ActivityManager( 4116): Start proc com.android.exchange for content provider com.android.exchange/.provider.ExchangeDirectoryProvider: pid=4916 uid=10034 gids={50034, 9997, 3003, 1028, 1015} abi=armeabi-v7a
E/cutils  ( 4938): Failed to mkdir(/mnt/shell/emulated/0): Read-only file system
W/Zygote  ( 4938): Failed to mount emulated storage: 30
I/ActivityManager( 4116): Start proc com.android.email for content provider com.android.email/.provider.EmailProvider: pid=4938 uid=10033 gids={50033, 9997, 3003, 1028, 1015} abi=armeabi-v7a
I/ContactDirectoryManager( 4838): deleted 0 stale rows which don't have any relevant directory
D/OpenGLRenderer( 4538): setting property extraRasterBucket to 0.95
D/OpenGLRenderer( 4538):     failed
D/OpenGLRenderer( 4538): setting property extraRasterBucket to 0.0
D/OpenGLRenderer( 4538):     failed
I/ContactDirectoryManager( 4838): Discovered 0 contact directories in 229ms
I/ValidateNoPeople( 4116): mEvictionCount: 0
I/ContactsProvider( 4838): Upgrading aggregation algorithm
I/ContactAggregator( 4838): Marked all visible contacts for aggregation: 0 raw contacts, 2 ms
I/ContactsProvider( 4838): Aggregation algorithm upgraded for 0 raw contacts in 48ms
I/ContactsFTS( 4838): Rebuild contact search index in 25ms, 0 contacts
D/ActivityThread( 4938): Loading provider com.android.email.provider;com.android.email.notifier: com.android.email.provider.EmailProvider
D/ActivityThread( 4938): Loading provider com.android.email.provider;com.android.email.notifier: com.android.email.provider.EmailProvider
W/art     ( 4938): Long monitor contention event with owner method=boolean libcore.io.Posix.access(java.lang.String, int) from Posix.java:4294967294 waiters=3 for 159ms
W/ActivityManager( 4116): Unable to start service Intent { cmp=com.android.email/.service.AttachmentService } U=0: not found
W/ContextImpl( 4938): Implicit intents with startService are not safe: Intent { act=com.android.mail.action.BACKUP_DATA_CHANGED } android.content.ContextWrapper.startService:521 com.android.mail.MailIntentService.broadcastBackupDataChanged:123 com.android.mail.preferences.VersionedPrefs.notifyBackupPreferenceChanged:278 
W/ActivityManager( 4116): Unable to start service Intent { cmp=com.android.email/.service.AttachmentService } U=0: not found
W/ActivityManager( 4116): Unable to start service Intent { act=com.android.mail.action.BACKUP_DATA_CHANGED } U=0: not found
W/ActivityManager( 4116): Unable to start service Intent { cmp=com.android.email/.service.AttachmentService } U=0: not found
W/ContextImpl( 4938): Implicit intents with startService are not safe: Intent { act=com.android.mail.action.BACKUP_DATA_CHANGED } android.content.ContextWrapper.startService:521 com.android.mail.MailIntentService.broadcastBackupDataChanged:123 com.android.mail.preferences.VersionedPrefs.notifyBackupPreferenceChanged:278 
W/ActivityManager( 4116): Unable to start service Intent { act=com.android.mail.action.BACKUP_DATA_CHANGED } U=0: not found
W/ContextImpl( 4938): Implicit intents with startService are not safe: Intent { act=com.android.mail.action.BACKUP_DATA_CHANGED } android.content.ContextWrapper.startService:521 com.android.mail.MailIntentService.broadcastBackupDataChanged:123 com.android.mail.preferences.VersionedPrefs.notifyBackupPreferenceChanged:278 
W/ActivityManager( 4116): Unable to start service Intent { act=com.android.mail.action.BACKUP_DATA_CHANGED } U=0: not found
W/ContextImpl( 4938): Implicit intents with startService are not safe: Intent { act=com.android.mail.action.BACKUP_DATA_CHANGED } android.content.ContextWrapper.startService:521 com.android.mail.MailIntentService.broadcastBackupDataChanged:123 com.android.mail.preferences.VersionedPrefs.notifyBackupPreferenceChanged:278 
I/Email   ( 4938): Observing account changes for notifications
W/ActivityManager( 4116): Unable to start service Intent { act=com.android.mail.action.BACKUP_DATA_CHANGED } U=0: not found
W/ContextImpl( 4938): Implicit intents with startService are not safe: Intent { act=com.android.mail.action.BACKUP_DATA_CHANGED } android.content.ContextWrapper.startService:521 com.android.mail.MailIntentService.broadcastBackupDataChanged:123 com.android.mail.preferences.VersionedPrefs.notifyBackupPreferenceChanged:278 
W/ActivityManager( 4116): Unable to start service Intent { act=com.android.mail.action.BACKUP_DATA_CHANGED } U=0: not found
W/ContextImpl( 4938): Implicit intents with startService are not safe: Intent { act=com.android.mail.action.BACKUP_DATA_CHANGED } android.content.ContextWrapper.startService:521 com.android.mail.MailIntentService.broadcastBackupDataChanged:123 com.android.mail.preferences.VersionedPrefs.notifyBackupPreferenceChanged:278 
W/ActivityManager( 4116): Unable to start service Intent { act=com.android.mail.action.BACKUP_DATA_CHANGED } U=0: not found
W/ContextImpl( 4938): Implicit intents with startService are not safe: Intent { act=com.android.mail.action.BACKUP_DATA_CHANGED } android.content.ContextWrapper.startService:521 com.android.mail.MailIntentService.broadcastBackupDataChanged:123 com.android.mail.preferences.VersionedPrefs.notifyBackupPreferenceChanged:278 
W/ActivityManager( 4116): Unable to start service Intent { act=com.android.mail.action.BACKUP_DATA_CHANGED } U=0: not found
I/Exchange( 4916): PSS has no active accounts; stopping service.
D/libgps  ( 4116): agps_set_server: Waiting for IPC connection - timeout
E/libgps  ( 4116): LIBGPS: Cannot communicate (write) with a GPSD
E/libgps  ( 4116): IPC Communication Error, /tmp/13632270_219420/customers/samsung/KGFEVOandroid/../../../proprietary/deliverables/android/gps_interface/../gps_interface/gpsi_client/GpsiClient.cpp:1556 agps_set_server
E/GpsLocationProvider( 4116): no GPS configuration interface in configuraiton_update
D/GpsLocationProvider( 4116): final config = #Wed Jul 15 07:07:53 GMT+00:00 2015
D/GpsLocationProvider( 4116): SUPL_HOST=supl.google.com
D/GpsLocationProvider( 4116): XTRA_SERVER_3=http\://xtrapath3.izatcloud.net/xtra2.bin
D/GpsLocationProvider( 4116): XTRA_SERVER_1=http\://xtrapath1.izatcloud.net/xtra2.bin
D/GpsLocationProvider( 4116): SUPL_PORT=7276
D/GpsLocationProvider( 4116): XTRA_VERSION_CHECK=0
D/GpsLocationProvider( 4116): DEBUG_LEVEL=2
D/GpsLocationProvider( 4116): XTRA_SERVER_2=http\://xtrapath2.izatcloud.net/xtra2.bin
D/GpsLocationProvider( 4116): SUPL_ES=1
D/GpsLocationProvider( 4116): NMEA_PROVIDER=1
D/GpsLocationProvider( 4116): CAPABILITIES=0x37
D/GpsLocationProvider( 4116): SUPL_VER=0x10000
D/GpsLocationProvider( 4116): ERR_ESTIMATE=0
D/GpsLocationProvider( 4116): A_GLONASS_POS_PROTOCOL_SELECT=0 \#Sensor R&D \: This will not be injected to MODEM
D/GpsLocationProvider( 4116): INTERMEDIATE_POS=0
D/GpsLocationProvider( 4116): SGLTE_TARGET=0
D/GpsLocationProvider( 4116): LPP_PROFILE=0 \# Sensor R&D \: This will not be injected to MODEM
D/GpsLocationProvider( 4116): NTP_SERVER=ru.pool.ntp.org
D/GpsLocationProvider( 4116): SUPL_MODE=1
W/ServiceWatcher( 4116): com.google.android.gms not found
W/ServiceWatcher( 4116): com.google.android.gms not found
W/LocationManagerService( 4116): no network location provider found
W/ServiceWatcher( 4116): com.google.android.gms not found
W/ServiceWatcher( 4116): com.google.android.gms not found
E/LocationManagerService( 4116): no geocoder provider found
E/FlpHardwareProvider( 4116): Error hw_get_module 'flp': -2
E/LocationManagerService( 4116): FLP HAL not supported
W/ServiceWatcher( 4116): com.google.android.gms not found
E/LocationManagerService( 4116): Unable to bind FLP Geofence proxy.
E/ActivityRecognitionHardware( 4116): Error hw_get_module: -2
E/LocationManagerService( 4116): Hardware Activity-Recognition not supported.
W/ResourcesManager( 4116): Asset path '/system/framework/com.android.location.provider.jar' does not exist or contains no resources.
D/gpsd    ( 3697): WakeLock(Acquire,GPSD)
D/gpsd    ( 3697): WakeLock(Release,GPSD)
I/CommonTimeManagementService( 4116): No common time service detected on this platform.  Common time services will be unavailable.
D/libgps  ( 4116): SendGpsExtensionMessage: Waiting for IPC connection...
I/InputReader( 4116): Reconfiguring input devices.  changes=0x00000040
I/MmsServiceBroker( 4116): Connecting to MmsService
W/ContextImpl( 4116): Calling a method in the system process without a qualified user: android.app.ContextImpl.bindService:1790 com.android.server.MmsServiceBroker.tryConnecting:134 com.android.server.MmsServiceBroker.systemRunning:121 com.android.server.SystemServer$2.run:1345 com.android.server.am.ActivityManagerService.systemReady:11460 
D/libgps  ( 4116): Restore last known AGPS server state
D/libgps  ( 4116): GeofenceControllerStateWaitForConnection: EXIT
D/libgps  ( 4116): GeofenceControllerStateConnected: ENTRY
D/gpsd    ( 3697): WakeLock(Acquire,GPSD)
D/gpsd    ( 3697): WakeLock(Release,GPSD)
D/gpsd    ( 3697): WakeLock(Acquire,GPSD)
D/GpsLocationProvider( 4116): set_capabilities_callback: 38u
D/gpsd    ( 3697): WakeLock(Release,GPSD)
D/gpsd    ( 3697): WakeLock(Acquire,GPSD)
D/gpsd    ( 3697): WakeLock(Release,GPSD)
D/gpsd    ( 3697): WakeLock(Acquire,GPSD)
D/gpsd    ( 3697): WakeLock(Release,GPSD)
D/gpsd    ( 3697): WakeLock(Acquire,GPSD)
D/gpsd    ( 3697): WakeLock(Release,GPSD)
I/InputReader( 4116): Reconfiguring input devices.  changes=0x00000020
E/cutils  ( 4983): Failed to mkdir(/mnt/shell/emulated/0): Read-only file system
W/Zygote  ( 4983): Failed to mount emulated storage: 30
D/gpsd    ( 3697): WakeLock(Acquire,GPSD)
D/gpsd    ( 3697): WakeLock(Release,GPSD)
D/gpsd    ( 3697): WakeLock(Acquire,GPSD)
D/gpsd    ( 3697): WakeLock(Release,GPSD)
I/ActivityManager( 4116): Start proc com.android.phone for service com.android.mms.service/.MmsService: pid=4983 uid=1001 gids={41001, 9997, 3002, 3001, 3003, 1028, 1015} abi=armeabi-v7a
D/com.android.server.ThemeService( 4116): Previous api level not found. First time booting?
D/com.android.server.ThemeService( 4116): Prev api level was: -1, api is now: 21
D/com.android.server.ThemeService( 4116): The system has been upgraded to a theme new api, checking if currently set theme is compatible
V/WiredAccessoryManager( 4116): init()
E/cutils  ( 5007): Failed to mkdir(/mnt/shell/emulated/0): Read-only file system
W/Zygote  ( 5007): Failed to mount emulated storage: 30
I/ActivityManager( 4116): Start proc org.cyanogenmod.themes.provider for content provider org.cyanogenmod.themes.provider/.ThemesProvider: pid=5007 uid=10017 gids={50017, 9997, 3003} abi=armeabi-v7a
I/FusedLocation( 4116): engine started (com.android.location.fused)
I/Choreographer( 4538): Skipped 56 frames!  The application may be doing too much work on its main thread.
D/com.android.server.ThemeService( 4116): Current overlay theme is same as default. Not doing anything for mods_status_bar
D/com.android.server.ThemeService( 4116): Current overlay theme is same as default. Not doing anything for mods_navigation_bar
D/com.android.server.ThemeService( 4116): Current overlay theme is same as default. Not doing anything for mods_overlays
D/com.android.server.ThemeService( 4116): Current theme is compatible with the system. Not unapplying anything
E/PackageManager( 4116): Unable to find icon pack: system
W/VoiceInteractionManagerService( 4116): no available voice interaction services found for user 0
W/VoiceInteractionManagerService( 4116): no available voice recognition services found for user 0
D/ThemesProvider( 5007): Deleted 0
E/cutils  ( 5034): Failed to mkdir(/mnt/shell/emulated/0): Read-only file system
W/Zygote  ( 5034): Failed to mount emulated storage: 30
I/ActivityManager( 4116): Start proc com.android.incallui for added application com.android.incallui: pid=5034 uid=10008 gids={50008, 9997, 3003, 1028, 1015} abi=armeabi-v7a
E/cutils  ( 5054): Failed to mkdir(/mnt/shell/emulated/0): Read-only file system
W/Zygote  ( 5054): Failed to mount emulated storage: 30
I/ActivityManager( 4116): Start proc org.cyanogenmod.audiofx for added application org.cyanogenmod.audiofx: pid=5054 uid=10000 gids={50000, 9997, 3003, 3002} abi=armeabi-v7a
E/cutils  ( 5075): Failed to mkdir(/mnt/shell/emulated/0): Read-only file system
W/Zygote  ( 5075): Failed to mount emulated storage: 30
I/ActivityManager( 4116): Start proc com.android.server.telecom for added application com.android.server.telecom: pid=5075 uid=1001 gids={41001, 9997, 3002, 3001, 3003, 1028, 1015} abi=armeabi-v7a
I/ActivityManager( 4116): START u0 {act=android.intent.action.MAIN cat=[android.intent.category.HOME] flg=0x10000000 cmp=com.android.settings/.CryptKeeper} from uid 0 on display 0
E/cutils  ( 5100): Failed to mkdir(/mnt/shell/emulated/0): Read-only file system
W/Zygote  ( 5100): Failed to mount emulated storage: 30
I/ActivityManager( 4116): Start proc com.android.settings for activity com.android.settings/.CryptKeeper: pid=5100 uid=1000 gids={41000, 9997, 3003, 1028, 1015, 3002, 3001} abi=armeabi-v7a
E/cutils  ( 5131): Failed to mkdir(/mnt/shell/emulated/0): Read-only file system
W/Zygote  ( 5131): Failed to mount emulated storage: 30
I/ActivityManager( 4116): Start proc com.android.printspooler for service com.android.printspooler/.model.PrintSpoolerService: pid=5131 uid=10050 gids={50050, 9997} abi=armeabi-v7a
D/MmsService( 4983): onCreate
I/art     ( 3699): Explicit concurrent mark sweep GC freed 709(30KB) AllocSpace objects, 0(0B) LOS objects, 39% free, 15MB/25MB, paused 266us total 13.994ms
D/GpsNetInitiatedHandler( 4116): location enabled :true
I/art     ( 3699): Explicit concurrent mark sweep GC freed 5(160B) AllocSpace objects, 0(0B) LOS objects, 40% free, 15MB/25MB, paused 260us total 12.907ms
I/art     ( 3699): Explicit concurrent mark sweep GC freed 5(160B) AllocSpace objects, 0(0B) LOS objects, 40% free, 15MB/25MB, paused 238us total 12.597ms
E/cutils  ( 5155): Failed to mkdir(/mnt/shell/emulated/0): Read-only file system
W/Zygote  ( 5155): Failed to mount emulated storage: 30
I/ActivityManager( 4116): Start proc android.process.media for broadcast com.android.providers.media/.MtpReceiver: pid=5155 uid=10009 gids={50009, 9997, 1028, 1015, 1023, 1024, 2001, 3003, 3007} abi=armeabi-v7a
V/StatusBar( 4538): userId 0 is in the house
I/MmsService( 4983): MmsConfigManager.loadInBackground(): mcc/mnc: 0/0
E/MmsService( 4983): MmsConfigManager.load -- empty getActiveSubInfoList
D/Telecom ( 5075): MissedCallNotifier: updateOnStartup()...
W/AppWidgetServiceImpl( 4116): Failed to read state: java.io.FileNotFoundException: /data/system/users/0/appwidgets.xml: open failed: ENOENT (No such file or directory)
V/AppWidgetServiceImpl( 4116): Upgrading widget database from 0 to 1
D/BluetoothManagerService( 4116): Message: 300
D/BluetoothManagerService( 4116): MESSAGE_USER_SWITCHED
E/AudioPolicyManager( 3691): getDeviceForStrategy() speaker device not found for STRATEGY_SONIFICATION
E/AudioPolicyManager( 3691): getDeviceForStrategy() speaker device not found for STRATEGY_SONIFICATION
E/AudioPolicyManager( 3691): getDeviceForStrategy() speaker device not found for STRATEGY_SONIFICATION
E/AudioPolicyManager( 3691): getDeviceForStrategy() speaker device not found for STRATEGY_SONIFICATION
I/PrintSpoolerService( 5131): No existing print spooler state.
D/BluetoothManagerService( 4116): Message: 20
D/BluetoothManagerService( 4116): Added callback: android.bluetooth.IBluetoothManagerCallback$Stub$Proxy@1a4d1ab3:true
D/BluetoothManagerService( 4116): Message: 30
I/MmsServiceBroker( 4116): MmsService connected
I/ActivityManager( 4116): START u0 {act=android.intent.action.MAIN cat=[android.intent.category.HOME] flg=0x10000000 cmp=com.cyanogenmod.setupwizard/.ui.SetupWizardActivity} from uid 0 on display 0
E/Minikin ( 3699): addFont failed to create font /system/fonts/NotoSansGujarati-Regular.ttf
E/Minikin ( 3699): addFont failed to create font /system/fonts/NotoSansGujarati-Bold.ttf
E/Minikin ( 3699): addFont failed to create font /system/fonts/NotoSansGujaratiUI-Regular.ttf
E/Minikin ( 3699): addFont failed to create font /system/fonts/NotoSansGujaratiUI-Bold.ttf
E/Minikin ( 3699): addFont failed to create font /system/fonts/NotoSansGurmukhi-Regular.ttf
E/Minikin ( 3699): addFont failed to create font /system/fonts/NotoSansGurmukhi-Bold.ttf
E/Minikin ( 3699): addFont failed to create font /system/fonts/NotoSansGurmukhiUI-Regular.ttf
E/Minikin ( 3699): addFont failed to create font /system/fonts/NotoSansGurmukhiUI-Bold.ttf
E/Minikin ( 3699): addFont failed to create font /system/fonts/NotoSansSinhala-Regular.ttf
E/Minikin ( 3699): addFont failed to create font /system/fonts/NotoSansSinhala-Bold.ttf
E/Minikin ( 3699): addFont failed to create font /system/fonts/NotoSansCherokee-Regular.ttf
E/Minikin ( 3699): addFont failed to create font /system/fonts/NotoSansCanadianAboriginal-Regular.ttf
E/Minikin ( 3699): addFont failed to create font /system/fonts/NotoSansYi-Regular.ttf
E/Minikin ( 3699): addFont failed to create font /system/fonts/NotoSansHans-Regular.otf
E/Minikin ( 3699): addFont failed to create font /system/fonts/NotoSansHant-Regular.otf
E/Minikin ( 3699): addFont failed to create font /system/fonts/NotoSansJP-Regular.otf
E/Minikin ( 3699): addFont failed to create font /system/fonts/NotoSansKR-Regular.otf
E/cutils  ( 5191): Failed to mkdir(/mnt/shell/emulated/0): Read-only file system
W/Zygote  ( 5191): Failed to mount emulated storage: 30
I/ActivityManager( 4116): Start proc com.cyanogenmod.setupwizard for activity com.cyanogenmod.setupwizard/.ui.SetupWizardActivity: pid=5191 uid=1000 gids={41000, 9997, 3003, 1028, 1015, 3002, 3001} abi=armeabi-v7a
W/art     ( 4116): Long monitor contention event with owner method=void com.android.server.am.ActivityManagerService.activityPaused(android.os.IBinder) from ActivityManagerService.java:6552 waiters=1 for 104ms
D/Telecom ( 5075): ProximitySensorManager: onCreate: mProximityWakeLock: 
D/Telecom ( 5075): MissedCallNotifier: onQueryComplete()...
D/Telecom ( 5075): BluetoothPhoneService: onCreate
D/BluetoothManagerService( 4116): Message: 30
I/MediaProvider( 5155): Upgrading media database from version 0 to 701, which will destroy all old data
D/ActivityManager( 4116): Storing locale en-US for decryption UI
I/ActivityManager( 4116): Config changes=300000 {1.0 ?mcc?mnc en_US ldltr sw360dp w360dp h615dp 480dpi nrml long port finger -keyb/v/h -nav/h s.7 themeResource=themes:{default=overlay:system, iconPack:system, fontPkg:system, com.android.systemui=overlay:system, com.android.systemui.navbar=overlay:system}}
D/com.android.server.ThemeService( 4116): Force stopping com.android.provision for theme change
I/ActivityManager( 4116): Force stopping com.android.provision appid=10051 user=0: from pid 4116
E/Minikin ( 4116): addFont failed to create font /system/fonts/NotoSansGujarati-Regular.ttf
E/Minikin ( 4116): addFont failed to create font /system/fonts/NotoSansGujarati-Bold.ttf
E/Minikin ( 4116): addFont failed to create font /system/fonts/NotoSansGujaratiUI-Regular.ttf
E/Minikin ( 4116): addFont failed to create font /system/fonts/NotoSansGujaratiUI-Bold.ttf
E/Minikin ( 4116): addFont failed to create font /system/fonts/NotoSansGurmukhi-Regular.ttf
E/Minikin ( 4116): addFont failed to create font /system/fonts/NotoSansGurmukhi-Bold.ttf
E/Minikin ( 4116): addFont failed to create font /system/fonts/NotoSansGurmukhiUI-Regular.ttf
E/Minikin ( 4116): addFont failed to create font /system/fonts/NotoSansGurmukhiUI-Bold.ttf
E/Minikin ( 4116): addFont failed to create font /system/fonts/NotoSansSinhala-Regular.ttf
E/Minikin ( 4116): addFont failed to create font /system/fonts/NotoSansSinhala-Bold.ttf
E/Minikin ( 4116): addFont failed to create font /system/fonts/NotoSansCherokee-Regular.ttf
E/Minikin ( 4116): addFont failed to create font /system/fonts/NotoSansCanadianAboriginal-Regular.ttf
E/Minikin ( 4116): addFont failed to create font /system/fonts/NotoSansYi-Regular.ttf
E/Minikin ( 4116): addFont failed to create font /system/fonts/NotoSansHans-Regular.otf
E/Minikin ( 4116): addFont failed to create font /system/fonts/NotoSansHant-Regular.otf
E/Minikin ( 4116): addFont failed to create font /system/fonts/NotoSansJP-Regular.otf
E/Minikin ( 4116): addFont failed to create font /system/fonts/NotoSansKR-Regular.otf
W/SurfaceFlinger( 3688): Ignoring duplicate VSYNC event from HWC (t=29210545711)
E/Minikin ( 5054): addFont failed to create font /system/fonts/NotoSansGujarati-Regular.ttf
E/Minikin ( 5054): addFont failed to create font /system/fonts/NotoSansGujarati-Bold.ttf
E/Minikin ( 5054): addFont failed to create font /system/fonts/NotoSansGujaratiUI-Regular.ttf
E/Minikin ( 5054): addFont failed to create font /system/fonts/NotoSansGujaratiUI-Bold.ttf
E/Minikin ( 5054): addFont failed to create font /system/fonts/NotoSansGurmukhi-Regular.ttf
E/Minikin ( 5054): addFont failed to create font /system/fonts/NotoSansGurmukhi-Bold.ttf
E/Minikin ( 5054): addFont failed to create font /system/fonts/NotoSansGurmukhiUI-Regular.ttf
E/Minikin ( 5054): addFont failed to create font /system/fonts/NotoSansGurmukhiUI-Bold.ttf
E/Minikin ( 5054): addFont failed to create font /system/fonts/NotoSansSinhala-Regular.ttf
E/Minikin ( 5054): addFont failed to create font /system/fonts/NotoSansSinhala-Bold.ttf
E/Minikin ( 5054): addFont failed to create font /system/fonts/NotoSansCherokee-Regular.ttf
E/Minikin ( 5054): addFont failed to create font /system/fonts/NotoSansCanadianAboriginal-Regular.ttf
E/Minikin ( 5054): addFont failed to create font /system/fonts/NotoSansYi-Regular.ttf
E/Minikin ( 5054): addFont failed to create font /system/fonts/NotoSansHans-Regular.otf
E/Minikin ( 5054): addFont failed to create font /system/fonts/NotoSansHant-Regular.otf
E/Minikin ( 5054): addFont failed to create font /system/fonts/NotoSansJP-Regular.otf
E/Minikin ( 5054): addFont failed to create font /system/fonts/NotoSansKR-Regular.otf
E/Minikin ( 4812): addFont failed to create font /system/fonts/NotoSansGujarati-Regular.ttf
E/Minikin ( 4812): addFont failed to create font /system/fonts/NotoSansGujarati-Bold.ttf
E/Minikin ( 4812): addFont failed to create font /system/fonts/NotoSansGujaratiUI-Regular.ttf
E/Minikin ( 4812): addFont failed to create font /system/fonts/NotoSansGujaratiUI-Bold.ttf
E/Minikin ( 4812): addFont failed to create font /system/fonts/NotoSansGurmukhi-Regular.ttf
E/Minikin ( 4812): addFont failed to create font /system/fonts/NotoSansGurmukhi-Bold.ttf
E/Minikin ( 4812): addFont failed to create font /system/fonts/NotoSansGurmukhiUI-Regular.ttf
E/Minikin ( 4812): addFont failed to create font /system/fonts/NotoSansGurmukhiUI-Bold.ttf
E/Minikin ( 5131): addFont failed to create font /system/fonts/NotoSansGujarati-Regular.ttf
E/Minikin ( 5131): addFont failed to create font /system/fonts/NotoSansGujarati-Bold.ttf
E/Minikin ( 5131): addFont failed to create font /system/fonts/NotoSansGujaratiUI-Regular.ttf
E/Minikin ( 5131): addFont failed to create font /system/fonts/NotoSansGujaratiUI-Bold.ttf
E/Minikin ( 5131): addFont failed to create font /system/fonts/NotoSansGurmukhi-Regular.ttf
E/Minikin ( 5131): addFont failed to create font /system/fonts/NotoSansGurmukhi-Bold.ttf
E/Minikin ( 5131): addFont failed to create font /system/fonts/NotoSansGurmukhiUI-Regular.ttf
E/Minikin ( 5131): addFont failed to create font /system/fonts/NotoSansGurmukhiUI-Bold.ttf
E/Minikin ( 4812): addFont failed to create font /system/fonts/NotoSansSinhala-Regular.ttf
E/Minikin ( 4812): addFont failed to create font /system/fonts/NotoSansSinhala-Bold.ttf
E/Minikin ( 4812): addFont failed to create font /system/fonts/NotoSansCherokee-Regular.ttf
E/Minikin ( 5131): addFont failed to create font /system/fonts/NotoSansSinhala-Regular.ttf
E/Minikin ( 5131): addFont failed to create font /system/fonts/NotoSansSinhala-Bold.ttf
E/Minikin ( 4812): addFont failed to create font /system/fonts/NotoSansCanadianAboriginal-Regular.ttf
E/Minikin ( 4812): addFont failed to create font /system/fonts/NotoSansYi-Regular.ttf
E/Minikin ( 4812): addFont failed to create font /system/fonts/NotoSansHans-Regular.otf
E/Minikin ( 4812): addFont failed to create font /system/fonts/NotoSansHant-Regular.otf
E/Minikin ( 4812): addFont failed to create font /system/fonts/NotoSansJP-Regular.otf
E/Minikin ( 4812): addFont failed to create font /system/fonts/NotoSansKR-Regular.otf
E/Minikin ( 5131): addFont failed to create font /system/fonts/NotoSansCherokee-Regular.ttf
E/Minikin ( 5131): addFont failed to create font /system/fonts/NotoSansCanadianAboriginal-Regular.ttf
E/Minikin ( 5131): addFont failed to create font /system/fonts/NotoSansYi-Regular.ttf
E/Minikin ( 5131): addFont failed to create font /system/fonts/NotoSansHans-Regular.otf
E/Minikin ( 5131): addFont failed to create font /system/fonts/NotoSansHant-Regular.otf
E/Minikin ( 5131): addFont failed to create font /system/fonts/NotoSansJP-Regular.otf
E/Minikin ( 5131): addFont failed to create font /system/fonts/NotoSansKR-Regular.otf
E/Minikin ( 5075): addFont failed to create font /system/fonts/NotoSansGujarati-Regular.ttf
E/Minikin ( 5075): addFont failed to create font /system/fonts/NotoSansGujarati-Bold.ttf
E/Minikin ( 5075): addFont failed to create font /system/fonts/NotoSansGujaratiUI-Regular.ttf
E/Minikin ( 5075): addFont failed to create font /system/fonts/NotoSansGujaratiUI-Bold.ttf
E/Minikin ( 5075): addFont failed to create font /system/fonts/NotoSansGurmukhi-Regular.ttf
E/Minikin ( 5075): addFont failed to create font /system/fonts/NotoSansGurmukhi-Bold.ttf
E/Minikin ( 5075): addFont failed to create font /system/fonts/NotoSansGurmukhiUI-Regular.ttf
E/Minikin ( 5075): addFont failed to create font /system/fonts/NotoSansGurmukhiUI-Bold.ttf
E/Minikin ( 5100): addFont failed to create font /system/fonts/NotoSansGujarati-Regular.ttf
E/Minikin ( 5075): addFont failed to create font /system/fonts/NotoSansSinhala-Regular.ttf
E/Minikin ( 5100): addFont failed to create font /system/fonts/NotoSansGujarati-Bold.ttf
E/Minikin ( 5075): addFont failed to create font /system/fonts/NotoSansSinhala-Bold.ttf
E/Minikin ( 5100): addFont failed to create font /system/fonts/NotoSansGujaratiUI-Regular.ttf
E/Minikin ( 5100): addFont failed to create font /system/fonts/NotoSansGujaratiUI-Bold.ttf
E/Minikin ( 5100): addFont failed to create font /system/fonts/NotoSansGurmukhi-Regular.ttf
E/Minikin ( 5100): addFont failed to create font /system/fonts/NotoSansGurmukhi-Bold.ttf
E/Minikin ( 5100): addFont failed to create font /system/fonts/NotoSansGurmukhiUI-Regular.ttf
E/Minikin ( 5100): addFont failed to create font /system/fonts/NotoSansGurmukhiUI-Bold.ttf
E/Minikin ( 5075): addFont failed to create font /system/fonts/NotoSansCherokee-Regular.ttf
E/Minikin ( 5075): addFont failed to create font /system/fonts/NotoSansCanadianAboriginal-Regular.ttf
E/Minikin ( 5075): addFont failed to create font /system/fonts/NotoSansYi-Regular.ttf
E/Minikin ( 5075): addFont failed to create font /system/fonts/NotoSansHans-Regular.otf
E/Minikin ( 5075): addFont failed to create font /system/fonts/NotoSansHant-Regular.otf
E/Minikin ( 5075): addFont failed to create font /system/fonts/NotoSansJP-Regular.otf
E/Minikin ( 5075): addFont failed to create font /system/fonts/NotoSansKR-Regular.otf
E/Minikin ( 5034): addFont failed to create font /system/fonts/NotoSansGujarati-Regular.ttf
E/Minikin ( 5034): addFont failed to create font /system/fonts/NotoSansGujarati-Bold.ttf
E/Minikin ( 5034): addFont failed to create font /system/fonts/NotoSansGujaratiUI-Regular.ttf
E/Minikin ( 5100): addFont failed to create font /system/fonts/NotoSansSinhala-Regular.ttf
E/Minikin ( 5034): addFont failed to create font /system/fonts/NotoSansGujaratiUI-Bold.ttf
E/Minikin ( 5100): addFont failed to create font /system/fonts/NotoSansSinhala-Bold.ttf
E/Minikin ( 5034): addFont failed to create font /system/fonts/NotoSansGurmukhi-Regular.ttf
E/Minikin ( 5034): addFont failed to create font /system/fonts/NotoSansGurmukhi-Bold.ttf
E/Minikin ( 5034): addFont failed to create font /system/fonts/NotoSansGurmukhiUI-Regular.ttf
E/Minikin ( 5034): addFont failed to create font /system/fonts/NotoSansGurmukhiUI-Bold.ttf
E/Minikin ( 4983): addFont failed to create font /system/fonts/NotoSansGujarati-Regular.ttf
E/Minikin ( 4983): addFont failed to create font /system/fonts/NotoSansGujarati-Bold.ttf
E/Minikin ( 4983): addFont failed to create font /system/fonts/NotoSansGujaratiUI-Regular.ttf
E/Minikin ( 4983): addFont failed to create font /system/fonts/NotoSansGujaratiUI-Bold.ttf
E/Minikin ( 4983): addFont failed to create font /system/fonts/NotoSansGurmukhi-Regular.ttf
E/Minikin ( 4983): addFont failed to create font /system/fonts/NotoSansGurmukhi-Bold.ttf
E/Minikin ( 4983): addFont failed to create font /system/fonts/NotoSansGurmukhiUI-Regular.ttf
E/Minikin ( 5100): addFont failed to create font /system/fonts/NotoSansCherokee-Regular.ttf
E/Minikin ( 4983): addFont failed to create font /system/fonts/NotoSansGurmukhiUI-Bold.ttf
E/Minikin ( 5100): addFont failed to create font /system/fonts/NotoSansCanadianAboriginal-Regular.ttf
E/Minikin ( 5100): addFont failed to create font /system/fonts/NotoSansYi-Regular.ttf
E/Minikin ( 5100): addFont failed to create font /system/fonts/NotoSansHans-Regular.otf
E/Minikin ( 5100): addFont failed to create font /system/fonts/NotoSansHant-Regular.otf
E/Minikin ( 5100): addFont failed to create font /system/fonts/NotoSansJP-Regular.otf
E/Minikin ( 5100): addFont failed to create font /system/fonts/NotoSansKR-Regular.otf
D/MediaProvider( 5155): Adjusting external storage paths to: /storage/emulated/0
E/Minikin ( 4983): addFont failed to create font /system/fonts/NotoSansSinhala-Regular.ttf
E/Minikin ( 4983): addFont failed to create font /system/fonts/NotoSansSinhala-Bold.ttf
E/Minikin ( 4938): addFont failed to create font /system/fonts/NotoSansGujarati-Regular.ttf
E/Minikin ( 4938): addFont failed to create font /system/fonts/NotoSansGujarati-Bold.ttf
E/Minikin ( 4938): addFont failed to create font /system/fonts/NotoSansGujaratiUI-Regular.ttf
E/Minikin ( 4938): addFont failed to create font /system/fonts/NotoSansGujaratiUI-Bold.ttf
E/Minikin ( 4938): addFont failed to create font /system/fonts/NotoSansGurmukhi-Regular.ttf
E/Minikin ( 4938): addFont failed to create font /system/fonts/NotoSansGurmukhi-Bold.ttf
E/Minikin ( 4938): addFont failed to create font /system/fonts/NotoSansGurmukhiUI-Regular.ttf
E/Minikin ( 4938): addFont failed to create font /system/fonts/NotoSansGurmukhiUI-Bold.ttf
E/Minikin ( 4983): addFont failed to create font /system/fonts/NotoSansCherokee-Regular.ttf
E/Minikin ( 4983): addFont failed to create font /system/fonts/NotoSansCanadianAboriginal-Regular.ttf
E/Minikin ( 4983): addFont failed to create font /system/fonts/NotoSansYi-Regular.ttf
E/Minikin ( 4983): addFont failed to create font /system/fonts/NotoSansHans-Regular.otf
E/Minikin ( 4983): addFont failed to create font /system/fonts/NotoSansHant-Regular.otf
E/Minikin ( 4983): addFont failed to create font /system/fonts/NotoSansJP-Regular.otf
E/Minikin ( 4983): addFont failed to create font /system/fonts/NotoSansKR-Regular.otf
E/Minikin ( 5034): addFont failed to create font /system/fonts/NotoSansSinhala-Regular.ttf
E/Minikin ( 5034): addFont failed to create font /system/fonts/NotoSansSinhala-Bold.ttf
E/Minikin ( 5034): addFont failed to create font /system/fonts/NotoSansCherokee-Regular.ttf
E/Minikin ( 5034): addFont failed to create font /system/fonts/NotoSansCanadianAboriginal-Regular.ttf
E/Minikin ( 5034): addFont failed to create font /system/fonts/NotoSansYi-Regular.ttf
E/Minikin ( 5191): addFont failed to create font /system/fonts/NotoSansGujarati-Regular.ttf
E/Minikin ( 5191): addFont failed to create font /system/fonts/NotoSansGujarati-Bold.ttf
E/Minikin ( 5191): addFont failed to create font /system/fonts/NotoSansGujaratiUI-Regular.ttf
E/Minikin ( 5191): addFont failed to create font /system/fonts/NotoSansGujaratiUI-Bold.ttf
E/Minikin ( 5191): addFont failed to create font /system/fonts/NotoSansGurmukhi-Regular.ttf
E/Minikin ( 4538): addFont failed to create font /system/fonts/NotoSansGujarati-Regular.ttf
E/Minikin ( 5191): addFont failed to create font /system/fonts/NotoSansGurmukhi-Bold.ttf
E/Minikin ( 4538): addFont failed to create font /system/fonts/NotoSansGujarati-Bold.ttf
E/Minikin ( 5191): addFont failed to create font /system/fonts/NotoSansGurmukhiUI-Regular.ttf
E/Minikin ( 4538): addFont failed to create font /system/fonts/NotoSansGujaratiUI-Regular.ttf
E/Minikin ( 5191): addFont failed to create font /system/fonts/NotoSansGurmukhiUI-Bold.ttf
E/Minikin ( 4538): addFont failed to create font /system/fonts/NotoSansGujaratiUI-Bold.ttf
E/Minikin ( 4538): addFont failed to create font /system/fonts/NotoSansGurmukhi-Regular.ttf
E/Minikin ( 4538): addFont failed to create font /system/fonts/NotoSansGurmukhi-Bold.ttf
E/Minikin ( 4538): addFont failed to create font /system/fonts/NotoSansGurmukhiUI-Regular.ttf
E/Minikin ( 4538): addFont failed to create font /system/fonts/NotoSansGurmukhiUI-Bold.ttf
E/Minikin ( 4938): addFont failed to create font /system/fonts/NotoSansSinhala-Regular.ttf
E/Minikin ( 4938): addFont failed to create font /system/fonts/NotoSansSinhala-Bold.ttf
E/Minikin ( 4538): addFont failed to create font /system/fonts/NotoSansSinhala-Regular.ttf
E/Minikin ( 4538): addFont failed to create font /system/fonts/NotoSansSinhala-Bold.ttf
E/Minikin ( 5034): addFont failed to create font /system/fonts/NotoSansHans-Regular.otf
E/Minikin ( 5034): addFont failed to create font /system/fonts/NotoSansHant-Regular.otf
E/Minikin ( 5034): addFont failed to create font /system/fonts/NotoSansJP-Regular.otf
E/Minikin ( 5034): addFont failed to create font /system/fonts/NotoSansKR-Regular.otf
E/Minikin ( 4938): addFont failed to create font /system/fonts/NotoSansCherokee-Regular.ttf
E/Minikin ( 4938): addFont failed to create font /system/fonts/NotoSansCanadianAboriginal-Regular.ttf
E/Minikin ( 4938): addFont failed to create font /system/fonts/NotoSansYi-Regular.ttf
E/Minikin ( 4938): addFont failed to create font /system/fonts/NotoSansHans-Regular.otf
E/Minikin ( 4938): addFont failed to create font /system/fonts/NotoSansHant-Regular.otf
E/Minikin ( 4938): addFont failed to create font /system/fonts/NotoSansJP-Regular.otf
E/Minikin ( 4938): addFont failed to create font /system/fonts/NotoSansKR-Regular.otf
E/Minikin ( 5191): addFont failed to create font /system/fonts/NotoSansSinhala-Regular.ttf
E/Minikin ( 5191): addFont failed to create font /system/fonts/NotoSansSinhala-Bold.ttf
E/Minikin ( 4538): addFont failed to create font /system/fonts/NotoSansCherokee-Regular.ttf
E/Minikin ( 4538): addFont failed to create font /system/fonts/NotoSansCanadianAboriginal-Regular.ttf
E/Minikin ( 4538): addFont failed to create font /system/fonts/NotoSansYi-Regular.ttf
E/Minikin ( 4538): addFont failed to create font /system/fonts/NotoSansHans-Regular.otf
E/Minikin ( 4538): addFont failed to create font /system/fonts/NotoSansHant-Regular.otf
E/Minikin ( 4538): addFont failed to create font /system/fonts/NotoSansJP-Regular.otf
E/Minikin ( 4538): addFont failed to create font /system/fonts/NotoSansKR-Regular.otf
E/Minikin ( 4730): addFont failed to create font /system/fonts/NotoSansGujarati-Regular.ttf
E/Minikin ( 4730): addFont failed to create font /system/fonts/NotoSansGujarati-Bold.ttf
E/Minikin ( 4730): addFont failed to create font /system/fonts/NotoSansGujaratiUI-Regular.ttf
E/Minikin ( 4730): addFont failed to create font /system/fonts/NotoSansGujaratiUI-Bold.ttf
E/Minikin ( 4730): addFont failed to create font /system/fonts/NotoSansGurmukhi-Regular.ttf
E/Minikin ( 4730): addFont failed to create font /system/fonts/NotoSansGurmukhi-Bold.ttf
E/Minikin ( 4730): addFont failed to create font /system/fonts/NotoSansGurmukhiUI-Regular.ttf
E/Minikin ( 4730): addFont failed to create font /system/fonts/NotoSansGurmukhiUI-Bold.ttf
E/Minikin ( 4730): addFont failed to create font /system/fonts/NotoSansSinhala-Regular.ttf
E/Minikin ( 4730): addFont failed to create font /system/fonts/NotoSansSinhala-Bold.ttf
E/Minikin ( 5191): addFont failed to create font /system/fonts/NotoSansCherokee-Regular.ttf
E/Minikin ( 5191): addFont failed to create font /system/fonts/NotoSansCanadianAboriginal-Regular.ttf
E/Minikin ( 5191): addFont failed to create font /system/fonts/NotoSansYi-Regular.ttf
E/Minikin ( 5191): addFont failed to create font /system/fonts/NotoSansHans-Regular.otf
E/Minikin ( 5191): addFont failed to create font /system/fonts/NotoSansHant-Regular.otf
E/Minikin ( 5191): addFont failed to create font /system/fonts/NotoSansJP-Regular.otf
E/Minikin ( 5191): addFont failed to create font /system/fonts/NotoSansKR-Regular.otf
E/Minikin ( 4916): addFont failed to create font /system/fonts/NotoSansGujarati-Regular.ttf
E/Minikin ( 4916): addFont failed to create font /system/fonts/NotoSansGujarati-Bold.ttf
E/Minikin ( 4838): addFont failed to create font /system/fonts/NotoSansGujarati-Regular.ttf
