D/ProfileService( 4122): Set active profile to: 6470f56c-0006-4bd4-9d4e-da4899b6057d - Default
D/ProfileService( 4122): Saving profile data...
D/ProfileService( 4122): Save completed.
I/SystemServer( 4122): Audio Service
E/AudioPolicyManager( 3692): getDeviceForStrategy() speaker device not found for STRATEGY_SONIFICATION
E/AudioPolicyManager( 3692): getDeviceForStrategy() speaker device not found for STRATEGY_SONIFICATION
E/AudioPolicyManager( 3692): getDeviceForStrategy() speaker device not found for STRATEGY_SONIFICATION
E/AudioPolicyManager( 3692): getDeviceForStrategy() speaker device not found for STRATEGY_SONIFICATION
W/TelecomManager( 4122): Telecom Service not found.
E/AudioPolicyManager( 3692): getDeviceForStrategy() speaker device not found for STRATEGY_SONIFICATION
E/AudioPolicyManager( 3692): getDeviceForStrategy() speaker device not found for STRATEGY_SONIFICATION
E/AudioPolicyManager( 3692): getDeviceForStrategy() speaker device not found for STRATEGY_SONIFICATION
E/AudioPolicyManager( 3692): getDeviceForStrategy() speaker device not found for STRATEGY_SONIFICATION
I/SystemServiceManager( 4122): Starting com.android.server.DockObserver
I/SystemServer( 4122): Wired Accessory Manager
W/WiredAccessoryManager( 4122): This kernel does not have usb audio support
I/SystemServiceManager( 4122): Starting com.android.server.usb.UsbService$Lifecycle
I/SystemServer( 4122): Serial Service
I/SystemServiceManager( 4122): Starting com.android.server.twilight.TwilightService
I/SystemServiceManager( 4122): Starting com.android.server.UiModeManagerService
I/SystemServiceManager( 4122): Starting com.android.server.job.JobSchedulerService
I/SystemServiceManager( 4122): Starting com.android.server.backup.BackupManagerService$Lifecycle
V/BackupManagerService( 4122): No ancestral data
D/BackupManagerService( 4122): Now staging backup of com.android.calendar
D/BackupManagerService( 4122): Now staging backup of com.android.dialer
D/BackupManagerService( 4122): Now staging backup of com.android.providers.userdictionary
D/BackupManagerService( 4122): Now staging backup of com.android.sharedstoragebackup
D/BackupManagerService( 4122): Now staging backup of com.android.providers.settings
D/BackupManagerService( 4122): Now staging backup of android
D/BackupManagerService( 4122): Now staging backup of com.android.mms
D/BackupManagerService( 4122): Now staging backup of com.android.browser
V/BackupManagerService( 4122): Starting with transport com.google.android.backup/.BackupTransportService
V/BackupManagerService( 4122): Found transports: 1
I/BackupManagerService( 4122): Binding to transport host ComponentInfo{android/com.android.internal.backup.LocalTransportService}
I/SystemServiceManager( 4122): Starting com.android.server.appwidget.AppWidgetService
I/SystemServiceManager( 4122): Starting com.android.server.voiceinteraction.VoiceInteractionManagerService
W/SoundTriggerHelper( 4122): listModules status=0, # of modules=0
I/SystemServer( 4122): DiskStats Service
I/SystemServer( 4122): SamplingProfiler Service
I/SystemServer( 4122): NetworkTimeUpdateService
I/SystemServer( 4122): CommonTimeManagementService
I/SystemServer( 4122): CertBlacklister
I/SystemServiceManager( 4122): Starting com.android.server.dreams.DreamManagerService
I/SystemServer( 4122): Assets Atlas Service
I/SystemServiceManager( 4122): Starting com.android.server.print.PrintManagerService
D/Atlas   ( 4122): Computing best atlas configuration...
I/SystemServiceManager( 4122): Starting com.android.server.restrictions.RestrictionsManagerService
D/Atlas   ( 4122): Running Atlas Worker #1
I/SystemServiceManager( 4122): Starting com.android.server.media.MediaSessionService
D/Atlas   ( 4122): Running Atlas Worker #2
D/Atlas   ( 4122): Running Atlas Worker #3
D/Atlas   ( 4122): Running Atlas Worker #4
D/Atlas   ( 4122): Running Atlas Worker #5
I/SystemServer( 4122): Theme Service
D/Atlas   ( 4122): Running Atlas Worker #7
D/Atlas   ( 4122): Running Atlas Worker #6
D/Atlas   ( 4122): Running Atlas Worker #8
I/com.android.server.ThemeService( 4122): Spawned worker thread
I/SystemServer( 4122): KillSwitch Service
I/SystemServer( 4122): Media Router Service
I/SystemServiceManager( 4122): Starting com.android.server.trust.TrustManagerService
I/SystemServiceManager( 4122): Starting com.android.server.fingerprint.FingerprintService
V/Fingerprint-JNI( 4122): nativeInit()
V/Fingerprint-JNI( 4122): nativeOpenHal()
E/Fingerprint-JNI( 4122): Can't open fingerprint HW Module, error: -2
I/SystemServer( 4122): BackgroundDexOptService
I/SystemServer( 4122): CmHardwareService
D/Atlas   ( 4122): Found best atlas configuration in 0.04s
D/Atlas   ( 4122): Loaded configuration: SliceMinArea (1728x1984) flags=0x2 count=389
I/SystemServiceManager( 4122): Starting com.android.server.pm.LauncherAppsService
D/SystemServer( 4122): Wipower not supported
I/SystemServer( 4122): EdgeGesture service
I/SystemServiceManager( 4122): Starting com.android.server.media.projection.MediaProjectionManagerService
I/WindowManager( 4122): SAFE MODE not enabled
I/SystemServiceManager( 4122): Starting com.android.server.MmsServiceBroker
W/SurfaceFlinger( 3688): Ignoring duplicate VSYNC event from HWC (t=23620082376)
E/SQLiteLog( 4122): (1) no such table: locksettings
I/LockSettingsService( 4122): Migrated lock settings to new location
D/Atlas   ( 4122): Rendered atlas in 59.82ms (39.79+20.04ms)
I/LockSettingsService( 4122): Migrated per-user lock settings to new location
I/SystemServiceManager( 4122): Starting phase 480
I/SystemServiceManager( 4122): Starting phase 500
I/WifiService( 4122): WifiService starting up with Wi-Fi disabled
I/WifiScanningService( 4122): Registering wifiscanner
D/WifiScanningService( 4122): New client, channel: null messenger: null
I/RttService( 4122): Registering rttmanager
D/WifiChangeStateMachine( 4122): Entering IdleState
D/WifiScanningService( 4122): DefaultState
I/ActivityManager( 4122): Config changes=200 {1.0 ?mcc?mnc en_US ldltr sw360dp w360dp h615dp 480dpi nrml long port finger -keyb/h/h -nav/h s.5 themeResource=null}
D/LiveDisplay( 4122): Adjust display temperature to 6500K [r=1.0 g=1.0 b=1.0]
D/PermissionCache( 3688): checking android.permission.HARDWARE_TEST for uid=1000 => granted (301 us)
D/SurfaceFlinger( 3688): Set power mode=2, type=0 flinger=0xb6a62000
D/SurfaceFlinger( 3688): Screen type=0 is already mode=2
I/ActivityManager( 4122): Sending system update to ComponentInfo{com.android.providers.calendar/com.android.providers.calendar.CalendarUpgradeReceiver} for user 0
I/ActivityManager( 4122): Sending system update to ComponentInfo{com.android.providers.contacts/com.android.providers.contacts.ContactsUpgradeReceiver} for user 0
I/ActivityManager( 4122): Sending system update to ComponentInfo{com.android.managedprovisioning/com.android.managedprovisioning.PreBootListener} for user 0
I/ActivityManager( 4122): Sending system update to ComponentInfo{com.android.providers.media/com.android.providers.media.MediaUpgradeReceiver} for user 0
I/ActivityManager( 4122): Sending system update to ComponentInfo{com.android.settings/com.android.settings.ManagedProfileSetup} for user 0
I/SystemServer( 4122): Enabled StrictMode for system server main thread.
I/Zygote  ( 4122): Process: zygote socket opened, supported ABIS: armeabi-v7a,armeabi
I/ActivityManager( 4122): Start proc com.android.providers.calendar for broadcast com.android.providers.calendar/.CalendarUpgradeReceiver: pid=4382 uid=10004 gids={50004, 9997, 3003, 1028, 1015} abi=armeabi-v7a
V/ActivityManager( 4122): Display changed displayId=0
I/DisplayManagerService( 4122): Display device changed: DisplayDeviceInfo{"Built-in Screen": 1080 x 1920, 60.000004 fps, supportedRefreshRates [60.000004], density 480, 422.03 x 424.069 dpi, appVsyncOff 0, presDeadline 17666666, touch INTERNAL, rotation 0, type BUILT_IN, state ON, FLAG_DEFAULT_DISPLAY, FLAG_ROTATES_WITH_CONTENT, FLAG_SECURE, FLAG_SUPPORTS_PROTECTED_BUFFERS}
E/Minikin ( 4122): addFont failed to create font /system/fonts/NotoSansGujarati-Regular.ttf
E/Minikin ( 4122): addFont failed to create font /system/fonts/NotoSansGujarati-Bold.ttf
E/Minikin ( 4122): addFont failed to create font /system/fonts/NotoSansGujaratiUI-Regular.ttf
E/Minikin ( 4122): addFont failed to create font /system/fonts/NotoSansGujaratiUI-Bold.ttf
E/Minikin ( 4122): addFont failed to create font /system/fonts/NotoSansGurmukhi-Regular.ttf
E/Minikin ( 4122): addFont failed to create font /system/fonts/NotoSansGurmukhi-Bold.ttf
E/Minikin ( 4122): addFont failed to create font /system/fonts/NotoSansGurmukhiUI-Regular.ttf
E/Minikin ( 4122): addFont failed to create font /system/fonts/NotoSansGurmukhiUI-Bold.ttf
E/Minikin ( 4122): addFont failed to create font /system/fonts/NotoSansSinhala-Regular.ttf
E/Minikin ( 4122): addFont failed to create font /system/fonts/NotoSansSinhala-Bold.ttf
E/Minikin ( 4122): addFont failed to create font /system/fonts/NotoSansCherokee-Regular.ttf
E/Minikin ( 4122): addFont failed to create font /system/fonts/NotoSansCanadianAboriginal-Regular.ttf
E/Minikin ( 4122): addFont failed to create font /system/fonts/NotoSansYi-Regular.ttf
E/Minikin ( 4122): addFont failed to create font /system/fonts/NotoSansHans-Regular.otf
E/Minikin ( 4122): addFont failed to create font /system/fonts/NotoSansHant-Regular.otf
E/Minikin ( 4122): addFont failed to create font /system/fonts/NotoSansJP-Regular.otf
E/Minikin ( 4122): addFont failed to create font /system/fonts/NotoSansKR-Regular.otf
I/ActivityManager( 4122): Launching preboot mode app: ProcessRecord{2a1c2db6 4382:com.android.providers.calendar/u0a4}
W/ResourcesManager( 4382): Asset path '/system/framework/android.test.runner.jar' does not exist or contains no resources.
V/ActivityManager( 4122): Display changed displayId=0
V/ActivityManager( 4122): Display changed displayId=0
D/WifiScanningService( 4122): SCAN_AVAILABLE : 1
D/RttService( 4122): SCAN_AVAILABLE : 1
D/WifiScanningService( 4122): DefaultState got{ when=-1ms what=160007 target=com.android.internal.util.StateMachine$SmHandler }
D/RttService( 4122): DefaultState got{ when=-1ms what=160513 target=com.android.internal.util.StateMachine$SmHandler }
V/ActivityManager( 4122): Display changed displayId=0
V/BackupManagerService( 4122): Connected to transport ComponentInfo{android/com.android.internal.backup.LocalTransportService}
V/BackupManagerService( 4122): Registering transport android/com.android.internal.backup.LocalTransportService::android/com.android.internal.backup.LocalTransport = android.app.backup.BackupTransport$TransportImpl@14b11ab7
I/ActivityManager( 4122): Start proc android.process.acore for broadcast com.android.providers.contacts/.ContactsUpgradeReceiver: pid=4422 uid=10006 gids={50006, 9997, 3003, 1028, 1015} abi=armeabi-v7a
I/ActivityManager( 4122): Launching preboot mode app: ProcessRecord{26165224 4422:android.process.acore/u0a6}
I/ContactsUpgradeReceiver( 4422): Creating or opening contacts database
I/ContactsDatabaseHelper( 4422): Bootstrapping database version: 912
I/ContactsProviderV1( 4422): Bootstrapping database legacy support
I/ContactsDatabaseHelper( 4422): Bootstrapping database version: 912
I/ContactsProviderV1( 4422): Bootstrapping database legacy support
I/ContactsProvider( 4422): Locale has changed from null to en-US
I/ContactsDatabaseHelper( 4422): Switching to locale en-US (ICU v53.1.0.1)
I/ContactsDatabaseHelper( 4422): Locale change completed in 85ms
I/ContactsDatabaseHelper( 4422): Switching to locale en-US (ICU v53.1.0.1)
I/ContactsDatabaseHelper( 4422): Locale change completed in 70ms
I/ActivityManager( 4122): Start proc com.android.managedprovisioning for broadcast com.android.managedprovisioning/.PreBootListener: pid=4447 uid=10011 gids={50011, 9997, 1028, 3003} abi=armeabi-v7a
I/ActivityManager( 4122): Launching preboot mode app: ProcessRecord{3060218d 4447:com.android.managedprovisioning/u0a11}
I/ActivityManager( 4122): Start proc android.process.media for broadcast com.android.providers.media/.MediaUpgradeReceiver: pid=4469 uid=10009 gids={50009, 9997, 1028, 1015, 1023, 1024, 2001, 3003, 3007} abi=armeabi-v7a
I/ActivityManager( 4122): Launching preboot mode app: ProcessRecord{23356f42 4469:android.process.media/u0a9}
I/ActivityManager( 4122): Start proc com.android.settings for broadcast com.android.settings/.ManagedProfileSetup: pid=4492 uid=1000 gids={41000, 9997, 3003, 1028, 1015, 3002, 3001} abi=armeabi-v7a
I/ActivityManager( 4122): Launching preboot mode app: ProcessRecord{14b2ab53 4492:com.android.settings/1000}
I/ActivityManager( 4122): Removing system update proc: ProcessRecord{2a1c2db6 4382:com.android.providers.calendar/u0a4}
I/ActivityManager( 4122): Killing 4382:com.android.providers.calendar/u0a4 (adj 15): system update done
I/ActivityManager( 4122): Removing system update proc: ProcessRecord{26165224 4422:android.process.acore/u0a6}
I/ActivityManager( 4122): Killing 4422:android.process.acore/u0a6 (adj 15): system update done
I/ActivityManager( 4122): Removing system update proc: ProcessRecord{3060218d 4447:com.android.managedprovisioning/u0a11}
I/ActivityManager( 4122): Killing 4447:com.android.managedprovisioning/u0a11 (adj 13): system update done
I/ActivityManager( 4122): Removing system update proc: ProcessRecord{23356f42 4469:android.process.media/u0a9}
I/ActivityManager( 4122): Killing 4469:android.process.media/u0a9 (adj 11): system update done
I/ActivityManager( 4122): Removing system update proc: ProcessRecord{14b2ab53 4492:com.android.settings/1000}
I/ActivityManager( 4122): Killing 4492:com.android.settings/1000 (adj 9): system update done
I/ActivityManager( 4122): System now ready
W/ActivityManager( 4122): Spurious death for ProcessRecord{2a1c2db6 0:com.android.providers.calendar/u0a4}, curProc for 4382: null
W/ActivityManager( 4122): Spurious death for ProcessRecord{3060218d 0:com.android.managedprovisioning/u0a11}, curProc for 4447: null
W/ActivityManager( 4122): Spurious death for ProcessRecord{23356f42 0:android.process.media/u0a9}, curProc for 4469: null
W/ActivityManager( 4122): Spurious death for ProcessRecord{26165224 0:android.process.acore/u0a6}, curProc for 4422: null
W/ActivityManager( 4122): Spurious death for ProcessRecord{14b2ab53 0:com.android.settings/1000}, curProc for 4492: null
I/SystemServer( 4122): Making services ready
I/SystemServiceManager( 4122): Starting phase 550
I/SystemServer( 4122): WebViewFactory preparation
I/ValidateNoPeople( 4122): skipping global notification
I/ActivityManager( 4122): Start proc WebViewLoader-armeabi-v7a [android.webkit.WebViewFactory$RelroFileCreator] for : pid=4521 uid=1037 gids={} abi=armeabi-v7a
V/WebViewFactory( 4521): RelroFileCreator (64bit = false),  32-bit lib: /system/app/webview/lib/arm/libwebviewchromium.so, 64-bit lib: 
I/ActivityManager( 4122): Start proc com.android.systemui for content provider com.android.systemui/.cm.SpamMessageProvider: pid=4543 uid=10016 gids={50016, 9997, 1028, 1015, 1035, 3002, 3001, 3006} abi=armeabi-v7a
D/UsbHostManager( 4122): Added device UsbDevice[mName=/dev/bus/usb/001/002,mVendorId=5401,mProductId=1091,mClass=239,mSubclass=2,mProtocol=1,mManufacturerName=Comneon,mProductName=3 CDC-ACM + 4 CDC-NCM,mSerialNumber=353746060759785 - USB-HSIC,mConfigurations=[
D/UsbHostManager( 4122): UsbConfiguration[mId=1,mName=null,mAttributes=192,mMaxPower=50,mInterfaces=[
D/UsbHostManager( 4122): UsbInterface[mId=0,mAlternateSetting=0,mName=CDC Communication Interface,mClass=2,mSubclass=2,mProtocol=1,mEndpoints=[
D/UsbHostManager( 4122): UsbEndpoint[mAddress=129,mAttributes=3,mMaxPacketSize=64,mInterval=4]]
D/UsbHostManager( 4122): UsbInterface[mId=1,mAlternateSetting=0,mName=CDC Data Interface,mClass=10,mSubclass=0,mProtocol=0,mEndpoints=[
D/UsbHostManager( 4122): UsbEndpoint[mAddress=130,mAttributes=2,mMaxPacketSize=512,mInterval=0]
D/UsbHostManager( 4122): UsbEndpoint[mAddress=2,mAttributes=2,mMaxPacketSize=512,mInterval=0]]
D/UsbHostManager( 4122): UsbInterface[mId=2,mAlternateSetting=0,mName=CDC Communication Interface,mClass=2,mSubclass=2,mProtocol=1,mEndpoints=[
D/UsbHostManager( 4122): UsbEndpoint[mAddress=131,mAttributes=3,mMaxPacketSize=64,mInterval=4]]
D/UsbHostManager( 4122): UsbInterface[mId=3,mAlternateSetting=0,mName=CDC Data Interface,mClass=10,mSubclass=0,mProtocol=0,mEndpoints=[
D/UsbHostManager( 4122): UsbEndpoint[mAddress=132,mAttributes=2,mMaxPacketSize=512,mInterval=0]
D/UsbHostManager( 4122): UsbEndpoint[mAddress=4,mAttributes=2,mMaxPacketSize=512,mInterval=0]]
D/UsbHostManager( 4122): UsbInterface[mId=4,mAlternateSetting=0,mName=CDC Communication Interface,mClass=2,mSubclass=2,mProtocol=1,mEndpoints=[
D/UsbHostManager( 4122): UsbEndpoint[mAddress=133,mAttributes=3,mMaxPacketSize=64,mInterval=4]]
D/UsbHostManager( 4122): UsbInterface[mId=5,mAlternateSetting=0,mName=CDC Data Interface,mClass=10,mSubclass=0,mProtocol=0,mEndpoints=[
D/UsbHostManager( 4122): UsbEndpoint[mAddress=134,mAttributes=2,mMaxPacketSize=512,mInterval=0]
D/UsbHostManager( 4122): UsbEndpoint[mAddress=6,mAttributes=2,mMaxPacketSize=512,mInterval=0]]
D/UsbHostManager( 4122): UsbInterface[mId=6,mAlternateSetting=0,mName=CDC/NCM Communication Interface,mClass=2,mSubclass=13,mProtocol=0,mEndpoints=[
D/UsbHostManager( 4122): UsbEndpoint[mAddress=135,mAttributes=3,mMaxPacketSize=64,mInterval=4]]
D/UsbHostManager( 4122): UsbInterface[mId=7,mAlternateSetting=0,mName=CDC Data Interface,mClass=10,mSubclass=0,mProtocol=1,mEndpoints=[]
D/UsbHostManager( 4122): UsbInterface[mId=7,mAlternateSetting=1,mName=Data ON,mClass=10,mSubclass=0,mProtocol=1,mEndpoints=[
D/UsbHostManager( 4122): UsbEndpoint[mAddress=136,mAttributes=2,mMaxPacketSize=512,mInterval=0]
D/UsbHostManager( 4122): UsbEndpoint[mAddress=8,mAttributes=2,mMaxPacketSize=512,mInterval=0]]
D/UsbHostManager( 4122): UsbInterface[mId=8,mAlternateSetting=0,mName=CDC/NCM Communication Interface,mClass=2,mSubclass=13,mProtocol=0,mEndpoints=[
D/UsbHostManager( 4122): UsbEndpoint[mAddress=137,mAttributes=3,mMaxPacketSize=64,mInterval=4]]
D/UsbHostManager( 4122): UsbInterface[mId=9,mAlternateSetting=0,mName=CDC Data Interface,mClass=10,mSubclass=0,mProtocol=1,mEndpoints=[]
D/UsbHostManager( 4122): UsbInterface[mId=9,mAlternateSetting=1,mName=Data ON,mClass=10,mSubclass=0,mProtocol=1,mEndpoints=[
D/UsbHostManager( 4122): UsbEndpoint[mAddress=138,mAttributes=2,mMaxPacketSize=512,mInterval=0]
D/UsbHostManager( 4122): UsbEndpoint[mAddress=10,mAttributes=2,mMaxPacketSize=512,mInterval=0]]
D/UsbHostManager( 4122): UsbInterface[mId=10,mAlternateSetting=0,mName=CDC/NCM Communication Interface,mClass=2,mSubclass=13,mProtocol=0,mEndpoints=[
D/UsbHostManager( 4122): UsbEndpoint[mAddress=139,mAttributes=3,mMaxPacketSize=64,mInterval=4]]
D/UsbHostManager( 4122): UsbInterface[mId=11,mAlternateSetting=0,mName=CDC Data Interface,mClass=10,mSubclass=0,mProtocol=1,mEndpoints=[]
D/UsbHostManager( 4122): UsbInterface[mId=11,mAlternateSetting=1,mName=Data ON,mClass=10,mSubclass=0,mProtocol=1,mEndpoints=[
D/UsbHostManager( 4122): UsbEndpoint[mAddress=140,mAttributes=2,mMaxPacketSize=512,mInterval=0]
D/UsbHostManager( 4122): UsbEndpoint[mAddress=12,mAttributes=2,mMaxPacketSize=512,mInterval=0]]
D/UsbHostManager( 4122): UsbInterface[mId=12,mAlternateSetting=0,mName=CDC/NCM Communication Interface,mClass=2,mSubclass=13,mProtocol=0,mEndpoints=[
D/UsbHostManager( 4122): UsbEndpoint[mAddress=141,mAttributes=3,mMaxPacketSize=64,mInterval=4]]
D/UsbHostManager( 4122): UsbInterface[mId=13,mAlternateSetting=0,mName=CDC Data Interface,mClass=10,mSubclass=0,mProtocol=1,mEndpoints=[]
D/UsbHostManager( 4122): UsbInterface[mId=13,mAlternateSetting=1,mName=Data ON,mClass=10,mSubclass=0,mProtocol=1,mEndpoints=[
D/UsbHostManager( 4122): UsbEndpoint[mAddress=142,mAttributes=2,mMaxPacketSize=512,mInterval=0]
D/UsbHostManager( 4122): UsbEndpoint[mAddress=14,mAttributes=2,mMaxPacketSize=512,mInterval=0]]]]
E/MountService( 4122): Boot-time mount failed (-1)
E/MountService( 4122): Boot-time mount failed (-1)
W/MountService( 4122): Duplicate state transition (mounted -> mounted) for /storage/emulated/0
W/ContextImpl( 4122): Calling a method in the system process without a qualified user: android.app.ContextImpl.sendBroadcast:1361 com.android.server.usb.UsbSettingsManager.deviceAttached:741 com.android.server.usb.UsbHostManager.endUsbDeviceAdded:286 com.android.server.usb.UsbHostManager.monitorUsbHostBus:-2 com.android.server.usb.UsbHostManager.access$000:47 
D/NetworkManagementService( 4122): enabling bandwidth control
I/art     ( 4521): System.exit called, status: 0
I/AndroidRuntime( 4521): VM exiting with result code 0, cleanup skipped.
V/SystemUIService( 4543): Starting SystemUI services.
V/FingerprintService( 4122): startListening(android.service.fingerprint.IFingerprintServiceReceiver$Stub$Proxy@5674069)
D/ZenLog  ( 4122): disable_effects: -1|android|17040838|null|1000,booleanState
W/linker  ( 3692): libavcodec.so has text relocations. This is wasting memory and prevents security hardening. Please fix.
D/WVMDrmPlugIn( 3691): WVMDrmPlugin::onInitialize : 7699
D/WVMDrmPlugIn( 3691): WVMDrmPlugin::onSetOnInfoListener : add 7699
D/WVMDrmPlugIn( 3691): WVMDrmPlugin::onTerminate : 7699
I/FFmpegExtractor( 3692): android-source:0xb5106060
I/FFMPEG  ( 3692): Input #0, ogg, from 'android-source:0xb5106060':
I/FFMPEG  ( 3692):   Duration: 00:00:00.23, start: 0.000000, bitrate: 293 kb/s
I/FFMPEG  ( 3692):     Stream #0:0: Audio: vorbis, 44100 Hz, stereo, fltp, 160 kb/s
D/FFmpegExtractor( 3692): FFmpegExtrator, url: android-source:0xb5106060, format_name: ogg, format_long_name: Ogg
I/FFmpegExtractor( 3692): adjust mime(application/ogg -> audio/vorbis)
D/FFmpegExtractor( 3692): suppoted codec(vorbis) by official Stagefright
D/FFmpegExtractor( 3692): ffmpeg detected media content as 'audio/vorbis' with confidence 0.08
D/VolumeUI( 4543): Registering volume controller
D/NuPlayerDriver( 3692): start(0xb5712040)
I/GenericSource( 3692): start
W/Utils   ( 3692): bool android::canOffloadStream(const android::sp<android::MetaData>&, bool, const android::sp<android::MetaData>&, bool, audio_stream_type_t) No sample bit depth info in meta data
E/AudioPolicyManager( 3692): isOffloadSupported: stream_type != MUSIC, returning false
W/Utils   ( 3692): bool android::canOffloadStream(const android::sp<android::MetaData>&, bool, const android::sp<android::MetaData>&, bool, audio_stream_type_t) No sample bit depth info in meta data
E/AudioPolicyManager( 3692): isOffloadSupported: stream_type != MUSIC, returning false
D/EXYNOS_COMP_REGS( 3692): 32bit lib is loaded
I/EXYNOS_COMP_REGS( 3692): Loading the library: libOMX.Exynos.AVC.Decoder.so
I/EXYNOS_COMP_REGS( 3692): Loading the library: libOMX.Exynos.AVC.Encoder.so
I/EXYNOS_COMP_REGS( 3692): Loading the library: libOMX.Exynos.MPEG4.Decoder.so
I/EXYNOS_COMP_REGS( 3692): Loading the library: libOMX.Exynos.MPEG4.Encoder.so
I/EXYNOS_COMP_REGS( 3692): Loading the library: libOMX.Exynos.VP8.Decoder.so
I/EXYNOS_COMP_REGS( 3692): Loading the library: libOMX.Exynos.VP8.Encoder.so
I/EXYNOS_COMP_REGS( 3692): Loading the library: libOMX.Exynos.WMV.Decoder.so
D/libexynosv4l2( 3692): try node: /dev/video6
I/libexynosv4l2( 3692): node found for device s5p-mfc-dec: /dev/video6
I/StatusBarManagerService( 4122): registerStatusBar bar=com.android.internal.statusbar.IStatusBar$Stub$Proxy@2c0f967f
I/libexynosv4l2( 3692): open video device /dev/video6
E/OMXNodeInstance( 3692): getParameter(100663311) ERROR: 0x8000100e
W/ACodec  ( 3692): do not know color format 0x7f000012 = 2130706450
W/ACodec  ( 3692): do not know color format 0x7f000011 = 2130706449
E/OMXNodeInstance( 3692): getParameter(100663297) ERROR: 0x8000100e
D/libexynosv4l2( 3692): try node: /dev/video6
I/libexynosv4l2( 3692): node found for device s5p-mfc-dec: /dev/video6
W/Settings( 4543): Setting airplane_mode_on has moved from android.provider.Settings.System to android.provider.Settings.Global, returning read-only value.
I/libexynosv4l2( 3692): open video device /dev/video6
E/OMXNodeInstance( 3692): getParameter(100663311) ERROR: 0x8000100e
W/ACodec  ( 3692): do not know color format 0x7f000012 = 2130706450
W/ACodec  ( 3692): do not know color format 0x7f000011 = 2130706449
E/OMXNodeInstance( 3692): getParameter(100663297) ERROR: 0x8000100e
D/libexynosv4l2( 3692): try node: /dev/video6
I/libexynosv4l2( 3692): node found for device s5p-mfc-dec: /dev/video6
I/libexynosv4l2( 3692): open video device /dev/video6
E/OMXNodeInstance( 3692): getParameter(100663311) ERROR: 0x8000100e
W/ACodec  ( 3692): do not know color format 0x7f000012 = 2130706450
W/ACodec  ( 3692): do not know color format 0x7f000011 = 2130706449
E/OMXNodeInstance( 3692): getParameter(100663297) ERROR: 0x8000100e
D/libexynosv4l2( 3692): try node: /dev/video6
I/libexynosv4l2( 3692): node found for device s5p-mfc-dec: /dev/video6
W/SurfaceFlinger( 3688): Ignoring duplicate VSYNC event from HWC (t=26370324377)
I/libexynosv4l2( 3692): open video device /dev/video6
E/OMXNodeInstance( 3692): getParameter(100663311) ERROR: 0x8000101a
W/ACodec  ( 3692): do not know color format 0x7f000012 = 2130706450
W/ACodec  ( 3692): do not know color format 0x7f000011 = 2130706449
E/OMXNodeInstance( 3692): getParameter(100663297) ERROR: 0x8000100e
D/libexynosv4l2( 3692): try node: /dev/video6
D/libexynosv4l2( 3692): try node: /dev/video7
I/libexynosv4l2( 3692): node found for device s5p-mfc-enc: /dev/video7
I/libexynosv4l2( 3692): open video device /dev/video7
E/OMXNodeInstance( 3692): getParameter(100663311) ERROR: 0x8000100e
W/ACodec  ( 3692): do not know color format 0x7f000011 = 2130706449
W/ACodec  ( 3692): do not know color format 0x10 = 16
W/ACodec  ( 3692): do not know color format 0x7f000013 = 2130706451
W/ACodec  ( 3692): do not know color format 0x7f000789 = 2130708361
W/ACodec  ( 3692): do not know color format 0x7f000012 = 2130706450
W/ACodec  ( 3692): do not know color format 0xf = 15
E/OMXNodeInstance( 3692): getParameter(100663297) ERROR: 0x8000100e
D/libexynosv4l2( 3692): try node: /dev/video6
D/libexynosv4l2( 3692): try node: /dev/video7
I/libexynosv4l2( 3692): node found for device s5p-mfc-enc: /dev/video7
I/libexynosv4l2( 3692): open video device /dev/video7
E/OMXNodeInstance( 3692): getParameter(100663311) ERROR: 0x8000100e
W/ACodec  ( 3692): do not know color format 0x7f000011 = 2130706449
W/ACodec  ( 3692): do not know color format 0x10 = 16
W/ACodec  ( 3692): do not know color format 0x7f000013 = 2130706451
W/ACodec  ( 3692): do not know color format 0x7f000789 = 2130708361
W/ACodec  ( 3692): do not know color format 0x7f000012 = 2130706450
W/ACodec  ( 3692): do not know color format 0xf = 15
E/OMXNodeInstance( 3692): getParameter(100663297) ERROR: 0x8000100e
D/libexynosv4l2( 3692): try node: /dev/video6
D/libexynosv4l2( 3692): try node: /dev/video7
I/libexynosv4l2( 3692): node found for device s5p-mfc-enc: /dev/video7
I/libexynosv4l2( 3692): open video device /dev/video7
E/OMXNodeInstance( 3692): getParameter(100663311) ERROR: 0x8000100e
W/ACodec  ( 3692): do not know color format 0x7f000011 = 2130706449
W/ACodec  ( 3692): do not know color format 0x10 = 16
W/ACodec  ( 3692): do not know color format 0x7f000013 = 2130706451
W/ACodec  ( 3692): do not know color format 0x7f000789 = 2130708361
W/ACodec  ( 3692): do not know color format 0x7f000012 = 2130706450
W/ACodec  ( 3692): do not know color format 0xf = 15
E/OMXNodeInstance( 3692): getParameter(100663297) ERROR: 0x8000100e
E/OMXNodeInstance( 3692): getParameter(100663311) ERROR: 0x8000101a
E/OMXNodeInstance( 3692): getParameter(100663297) ERROR: 0x8000101a
E/OMXNodeInstance( 3692): getParameter(100663311) ERROR: 0x8000101a
E/OMXNodeInstance( 3692): getParameter(100663297) ERROR: 0x8000101a
E/OMXNodeInstance( 3692): getParameter(100663311) ERROR: 0x8000101a
E/OMXNodeInstance( 3692): getParameter(100663297) ERROR: 0x8000101a
E/OMXNodeInstance( 3692): getParameter(100663311) ERROR: 0x8000101a
E/OMXNodeInstance( 3692): getParameter(100663297) ERROR: 0x8000101a
E/OMXNodeInstance( 3692): getParameter(100663311) ERROR: 0x8000101a
E/OMXNodeInstance( 3692): getParameter(100663297) ERROR: 0x8000101a
E/OMXNodeInstance( 3692): getParameter(100663311) ERROR: 0x8000101a
E/OMXNodeInstance( 3692): getParameter(100663297) ERROR: 0x8000101a
E/OMXNodeInstance( 3692): getParameter(100663311) ERROR: 0x8000101a
E/OMXNodeInstance( 3692): getParameter(100663297) ERROR: 0x8000101a
E/OMXNodeInstance( 3692): getParameter(100663311) ERROR: 0x8000101a
E/OMXNodeInstance( 3692): getParameter(100663297) ERROR: 0x8000101a
E/OMXNodeInstance( 3692): getParameter(100663311) ERROR: 0x8000101a
E/OMXNodeInstance( 3692): getParameter(100663297) ERROR: 0x8000101a
E/OMXNodeInstance( 3692): getParameter(100663311) ERROR: 0x8000101a
E/OMXNodeInstance( 3692): getParameter(100663297) ERROR: 0x8000101a
E/OMXNodeInstance( 3692): getParameter(100663311) ERROR: 0x8000101a
E/OMXNodeInstance( 3692): getParameter(100663297) ERROR: 0x8000101a
E/OMXNodeInstance( 3692): getParameter(100663311) ERROR: 0x8000101a
E/OMXNodeInstance( 3692): getParameter(100663297) ERROR: 0x8000101a
E/OMXNodeInstance( 3692): getParameter(100663311) ERROR: 0x8000101a
E/OMXNodeInstance( 3692): getParameter(100663297) ERROR: 0x8000101a
E/OMXNodeInstance( 3692): getParameter(100663311) ERROR: 0x8000101a
E/OMXNodeInstance( 3692): getParameter(100663297) ERROR: 0x8000101a
W/Settings( 4543): Setting airplane_mode_on has moved from android.provider.Settings.System to android.provider.Settings.Global, returning read-only value.
E/OMXNodeInstance( 3692): getParameter(100663311) ERROR: 0x8000100e
E/OMXNodeInstance( 3692): getParameter(100663297) ERROR: 0x8000100e
E/OMXNodeInstance( 3692): OMX_GetExtensionIndex OMX.google.android.index.storeMetaDataInBuffers failed
E/OMXNodeInstance( 3692): getParameter(100663311) ERROR: 0x8000100e
E/OMXNodeInstance( 3692): getParameter(100663297) ERROR: 0x8000100e
E/OMXNodeInstance( 3692): OMX_GetExtensionIndex OMX.google.android.index.storeMetaDataInBuffers failed
W/Settings( 4543): Setting airplane_mode_on has moved from android.provider.Settings.System to android.provider.Settings.Global, returning read-only value.
W/MediaCodecList( 3692): ignoring Limit specified outside of a Type
W/MediaCodecList( 3692): ignoring Limit specified outside of a Type
W/MediaCodecList( 3692): ignoring Limit specified outside of a Type
W/MediaCodecList( 3692): ignoring Limit specified outside of a Type
W/MediaCodecList( 3692): ignoring Limit specified outside of a Type
W/MediaCodecList( 3692): ignoring Feature specified outside of a Type
E/OMXNodeInstance( 3692): getParameter(100663311) ERROR: 0x8000100e
E/OMXNodeInstance( 3692): getParameter(100663297) ERROR: 0x8000100e
E/OMXNodeInstance( 3692): OMX_GetExtensionIndex OMX.google.android.index.storeMetaDataInBuffers failed
D/PermissionMonitor( 4122): Monitoring
D/PermissionMonitor( 4122): Users: 1, Apps: 62
E/OMXNodeInstance( 3692): getParameter(100663311) ERROR: 0x8000100e
E/OMXNodeInstance( 3692): getParameter(100663297) ERROR: 0x8000100e
E/OMXNodeInstance( 3692): OMX_GetExtensionIndex OMX.google.android.index.storeMetaDataInBuffers failed
I/SystemServiceManager( 4122): Starting phase 600
D/SoftHEVC( 3692): Number of CPU cores: 8
D/SoftHEVC( 3692): Initializing decoder
D/BluetoothManagerService( 4122): Message: 20
D/BluetoothManagerService( 4122): Added callback: android.bluetooth.BluetoothAdapter$1@3105dad3:true
D/SoftHEVC( 3692): Set number of cores to 4
D/SoftHEVC( 3692): Ittiam decoder version number: @(#)Id:HEVCDEC_production Ver:04.01 Released by ITTIAM Build: Jul  3 2015 @ 03:59:22
E/OMXNodeInstance( 3692): getParameter(100663311) ERROR: 0x8000100e
E/OMXNodeInstance( 3692): getParameter(100663297) ERROR: 0x8000100e
E/OMXNodeInstance( 3692): OMX_GetExtensionIndex OMX.google.android.index.storeMetaDataInBuffers failed
D/SoftHEVC( 3692): Freeing codec memory
D/SoftHEVC( 3692): Number of CPU cores: 8
D/SoftHEVC( 3692): Initializing decoder
D/SoftHEVC( 3692): Set number of cores to 4
D/ConditionProviders( 4122): onServiceAdded ManagedServiceInfo[component=ComponentInfo{android/com.android.server.notification.CountdownConditionProvider},userid=0,isSystem=true,targetSdkVersion=21,connection=null,service=android.service.notification.ConditionProviderService$Provider@3a5ca610]
D/SoftHEVC( 3692): Ittiam decoder version number: @(#)Id:HEVCDEC_production Ver:04.01 Released by ITTIAM Build: Jul  3 2015 @ 03:59:22
D/BluetoothManagerService( 4122): Message: 30
D/ConditionProviders( 4122): onServiceAdded ManagedServiceInfo[component=ComponentInfo{android/com.android.server.notification.DowntimeConditionProvider},userid=0,isSystem=true,targetSdkVersion=21,connection=null,service=android.service.notification.ConditionProviderService$Provider@35e1d30e]
D/SoftHEVC( 3692): In SoftHEVC::~SoftHEVC
D/SoftHEVC( 3692): Freeing codec memory
D/BluetoothManagerService( 4122): Message: 30
I/BackupManagerService( 4122): Backup enabled => false
I/BackupManagerService( 4122): Opting out of backup
E/OMXNodeInstance( 3692): getParameter(100663311) ERROR: 0x8000100e
E/OMXNodeInstance( 3692): getParameter(100663297) ERROR: 0x8000100e
E/OMXNodeInstance( 3692): OMX_GetExtensionIndex OMX.google.android.index.storeMetaDataInBuffers failed
E/OMXNodeInstance( 3692): getParameter(100663311) ERROR: 0x8000100e
E/OMXNodeInstance( 3692): getParameter(100663297) ERROR: 0x8000100e
E/OMXNodeInstance( 3692): OMX_GetExtensionIndex OMX.google.android.index.storeMetaDataInBuffers failed
I/SoftMPEG4Encoder( 3692): Construct SoftMPEG4Encoder
E/OMXNodeInstance( 3692): getParameter(100663311) ERROR: 0x8000100e
W/ACodec  ( 3692): do not know color format 0x7f000789 = 2130708361
E/OMXNodeInstance( 3692): getParameter(100663297) ERROR: 0x8000100e
E/InputMethodManagerService( 4122): Ignoring setImeWindowStatus due to an invalid token. uid:1000 token:null
I/SoftAVCEncoder( 3692): Construct SoftAVCEncoder
E/OMXNodeInstance( 3692): getParameter(100663311) ERROR: 0x8000100e
W/ACodec  ( 3692): do not know color format 0x7f000789 = 2130708361
E/OMXNodeInstance( 3692): getParameter(100663297) ERROR: 0x8000100e
I/SoftMPEG4Encoder( 3692): Construct SoftMPEG4Encoder
E/OMXNodeInstance( 3692): getParameter(100663311) ERROR: 0x8000100e
W/ACodec  ( 3692): do not know color format 0x7f000789 = 2130708361
E/OMXNodeInstance( 3692): getParameter(100663297) ERROR: 0x8000100e
W/InputMethodManagerService( 4122): Reset the default IME as "Resource" is ready here.
I/InputMethodManagerService( 4122): Selected default: com.android.inputmethod.latin/.LatinIME
E/OMXNodeInstance( 3692): getParameter(100663311) ERROR: 0x8000100e
W/ACodec  ( 3692): do not know color format 0x7f000789 = 2130708361
E/OMXNodeInstance( 3692): getParameter(100663297) ERROR: 0x8000100e
D/WVMDrmPlugIn( 3691): WVMDrmPlugin::onInitialize : 6428
D/WVMDrmPlugIn( 3691): WVMDrmPlugin::onSetOnInfoListener : add 6428
D/WVMDrmPlugIn( 3691): WVMDrmPlugin::onTerminate : 6428
I/FFmpegExtractor( 3692): android-source:0xb2206060
D/SoftFFmpegAudio( 3692): SoftFFmpegAudio component: OMX.ffmpeg.aac.decoder mMode: 1 mHighResAudioEnabled: 1
E/OMXNodeInstance( 3692): getParameter(100663311) ERROR: 0x8000101a
E/OMXNodeInstance( 3692): getParameter(100663297) ERROR: 0x8000101a
D/SoftFFmpegAudio( 3692): SoftFFmpegAudio component: OMX.ffmpeg.wma.decoder mMode: 4 mHighResAudioEnabled: 1
E/OMXNodeInstance( 3692): getParameter(100663311) ERROR: 0x8000101a
E/OMXNodeInstance( 3692): getParameter(100663297) ERROR: 0x8000101a
I/FFMPEG  ( 3692): Input #0, ogg, from 'android-source:0xb2206060':
I/FFMPEG  ( 3692):   Duration: 00:00:00.09, start: 0.000000, bitrate: 437 kb/s
I/FFMPEG  ( 3692):     Stream #0:0: Audio: vorbis, 48000 Hz, stereo, fltp, 96 kb/s
D/FFmpegExtractor( 3692): FFmpegExtrator, url: android-source:0xb2206060, format_name: ogg, format_long_name: Ogg
I/FFmpegExtractor( 3692): adjust mime(application/ogg -> audio/vorbis)
D/FFmpegExtractor( 3692): suppoted codec(vorbis) by official Stagefright
D/FFmpegExtractor( 3692): ffmpeg detected media content as 'audio/vorbis' with confidence 0.08
D/SoftFFmpegAudio( 3692): SoftFFmpegAudio component: OMX.ffmpeg.ra.decoder mMode: 5 mHighResAudioEnabled: 1
E/OMXNodeInstance( 3692): getParameter(100663311) ERROR: 0x8000101a
E/OMXNodeInstance( 3692): getParameter(100663297) ERROR: 0x8000101a
D/SoftFFmpegAudio( 3692): SoftFFmpegAudio component: OMX.ffmpeg.flac.decoder mMode: 6 mHighResAudioEnabled: 1
E/OMXNodeInstance( 3692): getParameter(100663311) ERROR: 0x8000101a
E/OMXNodeInstance( 3692): getParameter(100663297) ERROR: 0x8000101a
D/SoftFFmpegAudio( 3692): SoftFFmpegAudio component: OMX.ffmpeg.mp2.decoder mMode: 7 mHighResAudioEnabled: 1
E/OMXNodeInstance( 3692): getParameter(100663311) ERROR: 0x8000101a
E/OMXNodeInstance( 3692): getParameter(100663297) ERROR: 0x8000101a
D/SoftFFmpegAudio( 3692): SoftFFmpegAudio component: OMX.ffmpeg.ac3.decoder mMode: 8 mHighResAudioEnabled: 1
E/OMXNodeInstance( 3692): getParameter(100663311) ERROR: 0x8000101a
E/OMXNodeInstance( 3692): getParameter(100663297) ERROR: 0x8000101a
D/SoftFFmpegAudio( 3692): SoftFFmpegAudio component: OMX.ffmpeg.ape.decoder mMode: 9 mHighResAudioEnabled: 1
E/OMXNodeInstance( 3692): getParameter(100663311) ERROR: 0x8000101a
E/OMXNodeInstance( 3692): getParameter(100663297) ERROR: 0x8000101a
D/SoftFFmpegAudio( 3692): SoftFFmpegAudio component: OMX.ffmpeg.dts.decoder mMode: 10 mHighResAudioEnabled: 1
E/OMXNodeInstance( 3692): getParameter(100663311) ERROR: 0x8000101a
E/OMXNodeInstance( 3692): getParameter(100663297) ERROR: 0x8000101a
D/SoftFFmpegAudio( 3692): SoftFFmpegAudio component: OMX.ffmpeg.atrial.decoder mMode: 11 mHighResAudioEnabled: 1
E/OMXNodeInstance( 3692): getParameter(100663311) ERROR: 0x8000101a
E/OMXNodeInstance( 3692): getParameter(100663297) ERROR: 0x8000101a
D/SoftFFmpegVideo( 3692): SoftFFmpegVideo component: OMX.ffmpeg.mpeg2.decoder mMode: 0 appData: 0xb3a98900
E/OMXNodeInstance( 3692): getParameter(100663311) ERROR: 0x8000101a
E/OMXNodeInstance( 3692): getParameter(100663297) ERROR: 0x8000100e
E/OMXNodeInstance( 3692): OMX_GetExtensionIndex OMX.google.android.index.storeMetaDataInBuffers failed
W/OMXNodeInstance( 3692): OMX_GetExtensionIndex OMX.google.android.index.prepareForAdaptivePlayback failed
D/SoftFFmpegVideo( 3692): SoftFFmpegVideo component: OMX.ffmpeg.wmv.decoder mMode: 0 appData: 0xb3a989e0
E/OMXNodeInstance( 3692): getParameter(100663311) ERROR: 0x8000101a
E/OMXNodeInstance( 3692): getParameter(100663297) ERROR: 0x8000100e
E/OMXNodeInstance( 3692): OMX_GetExtensionIndex OMX.google.android.index.storeMetaDataInBuffers failed
W/OMXNodeInstance( 3692): OMX_GetExtensionIndex OMX.google.android.index.prepareForAdaptivePlayback failed
D/SoftFFmpegVideo( 3692): SoftFFmpegVideo component: OMX.ffmpeg.rv.decoder mMode: 0 appData: 0xb3a98a50
E/OMXNodeInstance( 3692): getParameter(100663311) ERROR: 0x8000101a
E/OMXNodeInstance( 3692): getParameter(100663297) ERROR: 0x8000100e
E/OMXNodeInstance( 3692): OMX_GetExtensionIndex OMX.google.android.index.storeMetaDataInBuffers failed
W/OMXNodeInstance( 3692): OMX_GetExtensionIndex OMX.google.android.index.prepareForAdaptivePlayback failed
D/NuPlayerDriver( 3692): start(0xb6053d00)
D/SoftFFmpegVideo( 3692): SoftFFmpegVideo component: OMX.ffmpeg.flv1.decoder mMode: 0 appData: 0xb3a98a88
E/OMXNodeInstance( 3692): getParameter(100663311) ERROR: 0x8000101a
E/OMXNodeInstance( 3692): getParameter(100663297) ERROR: 0x8000100e
E/OMXNodeInstance( 3692): OMX_GetExtensionIndex OMX.google.android.index.storeMetaDataInBuffers failed
W/OMXNodeInstance( 3692): OMX_GetExtensionIndex OMX.google.android.index.prepareForAdaptivePlayback failed
I/GenericSource( 3692): start
W/Utils   ( 3692): bool android::canOffloadStream(const android::sp<android::MetaData>&, bool, const android::sp<android::MetaData>&, bool, audio_stream_type_t) No sample bit depth info in meta data
E/AudioPolicyManager( 3692): isOffloadSupported: stream_type != MUSIC, returning false
W/Utils   ( 3692): bool android::canOffloadStream(const android::sp<android::MetaData>&, bool, const android::sp<android::MetaData>&, bool, audio_stream_type_t) No sample bit depth info in meta data
E/AudioPolicyManager( 3692): isOffloadSupported: stream_type != MUSIC, returning false
I/ActivityManager( 4122): Start proc com.android.inputmethod.latin for service com.android.inputmethod.latin/.LatinIME: pid=4742 uid=10039 gids={50039, 9997, 1028, 1015} abi=armeabi-v7a
V/InputMethodManagerService( 4122): Adding window token: android.os.Binder@31745507
I/ActivityManager( 4122): Config changes=20 {1.0 ?mcc?mnc en_US ldltr sw360dp w360dp h615dp 480dpi nrml long port finger -keyb/v/h -nav/h s.6 themeResource=null}
D/SoftFFmpegVideo( 3692): SoftFFmpegVideo component: OMX.ffmpeg.vtrial.decoder mMode: 0 appData: 0xb3a98ac0
E/OMXNodeInstance( 3692): getParameter(100663311) ERROR: 0x8000101a
E/OMXNodeInstance( 3692): getParameter(100663297) ERROR: 0x8000100e
E/OMXNodeInstance( 3692): OMX_GetExtensionIndex OMX.google.android.index.storeMetaDataInBuffers failed
W/OMXNodeInstance( 3692): OMX_GetExtensionIndex OMX.google.android.index.prepareForAdaptivePlayback failed
I/art     ( 3702): Explicit concurrent mark sweep GC freed 709(30KB) AllocSpace objects, 0(0B) LOS objects, 40% free, 15MB/25MB, paused 221us total 12.260ms
I/art     ( 3702): Explicit concurrent mark sweep GC freed 5(160B) AllocSpace objects, 0(0B) LOS objects, 40% free, 15MB/25MB, paused 266us total 10.215ms
W/InputMethodManagerService( 4122): Illegal subtype state: old subtype = null, new subtype = android.view.inputmethod.InputMethodSubtype@c9194f98
V/ActivityManager( 4122): Display changed displayId=0
E/CameraService( 3692): getCameraVendorTagDescriptor: camera hardware module doesn't exist
E/CameraMetadata-JNI( 4543): CameraMetadata_setupGlobalVendorTagDescriptor: Failed to setup vendor tag descriptors, received error No such device (-19)
W/CameraManager( 4543): Failed to set up vendor tags: The camera device is removable and has been disconnected from the Android device, or the camera service has shut down the connection due to a higher-priority access request for the camera device.
I/art     ( 3702): Explicit concurrent mark sweep GC freed 5(160B) AllocSpace objects, 0(0B) LOS objects, 40% free, 15MB/25MB, paused 223us total 10.489ms
D/NuPlayerDriver( 3692): reset(0xb5712040)
E/libgps  ( 4122): proxy__gps_get_extension: Unsupported GpsInterface extension: "gps_measurement"
E/libgps  ( 4122): Interface "gps_measurement" is not supported
E/libgps  ( 4122): proxy__gps_get_extension: Unsupported GpsInterface extension: "gps_navigation_message"
E/libgps  ( 4122): Interface "gps_navigation_message" is not supported
E/libgps  ( 4122): proxy__gps_get_extension: Unsupported GpsInterface extension: "gnss_configuration"
E/libgps  ( 4122): Interface "gnss_configuration" is not supported
D/NuPlayerDriver( 3692): reset(0xb6053d00)
D/NuPlayerDriver( 3692): notifyResetComplete(0xb5712040)
D/GpsLocationProvider( 4122): Reset GPS properties, previous size = 0
D/GpsLocationProvider( 4122): GpsParamsResource: SUPL_HOST=supl.google.com
D/GpsLocationProvider( 4122): GpsParamsResource: SUPL_PORT=7275
D/GpsLocationProvider( 4122): GpsParamsResource: NTP_SERVER=north-america.pool.ntp.org
D/GpsLocationProvider( 4122): GpsParamsResource: SUPL_VER=0x20000
D/GpsLocationProvider( 4122): GpsParamsResource: SUPL_MODE=1
D/GpsLocationProvider( 4122): GPS properties reloaded, size = 18
D/libgps  ( 4122): SendGpsExtensionMessage: Waiting for IPC connection...
D/NuPlayerDriver( 3692): notifyResetComplete(0xb6053d00)
D/WVMDrmPlugIn( 3691): WVMDrmPlugin::onInitialize : 5050
D/WVMDrmPlugIn( 3691): WVMDrmPlugin::onSetOnInfoListener : add 5050
D/WVMDrmPlugIn( 3691): WVMDrmPlugin::onInitialize : 7675
D/WVMDrmPlugIn( 3691): WVMDrmPlugin::onSetOnInfoListener : add 7675
D/WVMDrmPlugIn( 3691): WVMDrmPlugin::onTerminate : 5050
I/FFmpegExtractor( 3692): android-source:0xb5106060
D/WVMDrmPlugIn( 3691): WVMDrmPlugin::onTerminate : 7675
I/FFmpegExtractor( 3692): android-source:0xb3606060
I/FFMPEG  ( 3692): Input #0, ogg, from 'android-source:0xb5106060':
I/FFMPEG  ( 3692):   Duration: 00:00:00.19, start: 0.000000, bitrate: 332 kb/s
I/FFMPEG  ( 3692):     Stream #0:0: Audio: vorbis, 44100 Hz, stereo, fltp, 160 kb/s
D/FFmpegExtractor( 3692): FFmpegExtrator, url: android-source:0xb5106060, format_name: ogg, format_long_name: Ogg
I/FFmpegExtractor( 3692): adjust mime(application/ogg -> audio/vorbis)
D/FFmpegExtractor( 3692): suppoted codec(vorbis) by official Stagefright
D/FFmpegExtractor( 3692): ffmpeg detected media content as 'audio/vorbis' with confidence 0.08
I/FFMPEG  ( 3692): Input #0, ogg, from 'android-source:0xb3606060':
I/FFMPEG  ( 3692):   Duration: 00:00:00.11, start: 0.000000, bitrate: 431 kb/s
I/FFMPEG  ( 3692):     Stream #0:0: Audio: vorbis, 48000 Hz, mono, fltp, 140 kb/s
D/FFmpegExtractor( 3692): FFmpegExtrator, url: android-source:0xb3606060, format_name: ogg, format_long_name: Ogg
I/FFmpegExtractor( 3692): adjust mime(application/ogg -> audio/vorbis)
D/FFmpegExtractor( 3692): suppoted codec(vorbis) by official Stagefright
D/FFmpegExtractor( 3692): ffmpeg detected media content as 'audio/vorbis' with confidence 0.08
W/Settings( 4543): Setting airplane_mode_on has moved from android.provider.Settings.System to android.provider.Settings.Global, returning read-only value.
D/NuPlayerDriver( 3692): start(0xb2c0d040)
I/GenericSource( 3692): start
W/Utils   ( 3692): bool android::canOffloadStream(const android::sp<android::MetaData>&, bool, const android::sp<android::MetaData>&, bool, audio_stream_type_t) No sample bit depth info in meta data
E/AudioPolicyManager( 3692): isOffloadSupported: stream_type != MUSIC, returning false
W/Utils   ( 3692): bool android::canOffloadStream(const android::sp<android::MetaData>&, bool, const android::sp<android::MetaData>&, bool, audio_stream_type_t) No sample bit depth info in meta data
E/AudioPolicyManager( 3692): isOffloadSupported: stream_type != MUSIC, returning false
D/NuPlayerDriver( 3692): start(0xb550d040)
I/GenericSource( 3692): start
W/Utils   ( 3692): bool android::canOffloadStream(const android::sp<android::MetaData>&, bool, const android::sp<android::MetaData>&, bool, audio_stream_type_t) No sample bit depth info in meta data
E/AudioPolicyManager( 3692): isOffloadSupported: stream_type != MUSIC, returning false
W/Utils   ( 3692): bool android::canOffloadStream(const android::sp<android::MetaData>&, bool, const android::sp<android::MetaData>&, bool, audio_stream_type_t) No sample bit depth info in meta data
E/AudioPolicyManager( 3692): isOffloadSupported: stream_type != MUSIC, returning false
D/WifiService( 4122): New client listening to asynchronous messages
D/BluetoothManagerService( 4122): Message: 20
D/BluetoothManagerService( 4122): Added callback: android.bluetooth.IBluetoothManagerCallback$Stub$Proxy@77222c9:true
D/BluetoothAdapter( 4543): 232035297: getState() :  mService = null. Returning STATE_OFF
D/BluetoothAdapter( 4543): 232035297: getState() :  mService = null. Returning STATE_OFF
D/ConnectivityService( 4122): listenForNetwork for NetworkRequest [ id=2, legacyType=-1, [] ]
D/NuPlayerDriver( 3692): reset(0xb2c0d040)
D/NuPlayerDriver( 3692): notifyResetComplete(0xb2c0d040)
D/NuPlayerDriver( 3692): reset(0xb550d040)
D/NuPlayerDriver( 3692): notifyResetComplete(0xb550d040)
D/WVMDrmPlugIn( 3691): WVMDrmPlugin::onInitialize : 6231
D/WVMDrmPlugIn( 3691): WVMDrmPlugin::onSetOnInfoListener : add 6231
D/WVMDrmPlugIn( 3691): WVMDrmPlugin::onTerminate : 6231
I/FFmpegExtractor( 3692): android-source:0xb5106060
D/WVMDrmPlugIn( 3691): WVMDrmPlugin::onInitialize : 5723
D/WVMDrmPlugIn( 3691): WVMDrmPlugin::onSetOnInfoListener : add 5723
D/WVMDrmPlugIn( 3691): WVMDrmPlugin::onTerminate : 5723
I/FFmpegExtractor( 3692): android-source:0xb3690060
I/FFMPEG  ( 3692): Input #0, ogg, from 'android-source:0xb5106060':
I/FFMPEG  ( 3692):   Duration: 00:00:00.08, start: 0.000000, bitrate: 571 kb/s
I/FFMPEG  ( 3692):     Stream #0:0: Audio: vorbis, 48000 Hz, stereo, fltp, 160 kb/s
D/FFmpegExtractor( 3692): FFmpegExtrator, url: android-source:0xb5106060, format_name: ogg, format_long_name: Ogg
I/FFmpegExtractor( 3692): adjust mime(application/ogg -> audio/vorbis)
D/FFmpegExtractor( 3692): suppoted codec(vorbis) by official Stagefright
D/FFmpegExtractor( 3692): ffmpeg detected media content as 'audio/vorbis' with confidence 0.08
I/LatinIME( 4742): Hardware accelerated drawing: true
I/FFMPEG  ( 3692): Input #0, ogg, from 'android-source:0xb3690060':
I/FFMPEG  ( 3692):   Duration: 00:00:00.11, start: 0.000000, bitrate: 440 kb/s
I/FFMPEG  ( 3692):     Stream #0:0: Audio: vorbis, 48000 Hz, mono, fltp, 140 kb/s
D/FFmpegExtractor( 3692): FFmpegExtrator, url: android-source:0xb3690060, format_name: ogg, format_long_name: Ogg
I/FFmpegExtractor( 3692): adjust mime(application/ogg -> audio/vorbis)
D/FFmpegExtractor( 3692): suppoted codec(vorbis) by official Stagefright
D/FFmpegExtractor( 3692): ffmpeg detected media content as 'audio/vorbis' with confidence 0.08
D/NuPlayerDriver( 3692): start(0xb5712040)
I/GenericSource( 3692): start
W/Utils   ( 3692): bool android::canOffloadStream(const android::sp<android::MetaData>&, bool, const android::sp<android::MetaData>&, bool, audio_stream_type_t) No sample bit depth info in meta data
E/AudioPolicyManager( 3692): isOffloadSupported: stream_type != MUSIC, returning false
W/Utils   ( 3692): bool android::canOffloadStream(const android::sp<android::MetaData>&, bool, const android::sp<android::MetaData>&, bool, audio_stream_type_t) No sample bit depth info in meta data
E/AudioPolicyManager( 3692): isOffloadSupported: stream_type != MUSIC, returning false
D/NuPlayerDriver( 3692): start(0xb6053d00)
I/GenericSource( 3692): start
W/Utils   ( 3692): bool android::canOffloadStream(const android::sp<android::MetaData>&, bool, const android::sp<android::MetaData>&, bool, audio_stream_type_t) No sample bit depth info in meta data
E/AudioPolicyManager( 3692): isOffloadSupported: stream_type != MUSIC, returning false
