--------- beginning of main
I/AMMetaDataParserService( 7262): Resource data:Loop for running activitycom.android.settings.PenDetachmentOption
D/MediaScanner( 5588): Skipping:
D/MediaScanner( 5588): 7klwibgf7fvntblfd7(7Budiwrd7dblb7
D/MediaProvider( 5588): bulkInsert started
I/AMMetaDataParserService( 7262): Resource data:Loop for running activitycom.android.settings.Settings$PenDetachmentOptionActivity
I/AMMetaDataParserService( 7262): Resource data:Inside bundle  check
I/AMMetaDataParserService( 7262): getResourcePackageName:com.android.settings.TOP_LEVEL_HEADER_ID
I/AMMetaDataParserService( 7262): Resource data:2131756765
I/AMMetaDataParserService( 7262): getResourceName:com.android.settings:id/pen_settings_menu
I/AMMetaDataParserService( 7262): getResourceTypeNameid
I/AMMetaDataParserService( 7262): getResourcePackageName:com.android.settings.FRAGMENT_CLASS
I/AMMetaDataParserService( 7262): getResourcePackageName:com.android.settings.PARENT_FRAGMENT_CLASS
I/AMMetaDataParserService( 7262): getResourcePackageName:com.android.settings.PARENT_FRAGMENT_TITLE
I/AMMetaDataParserService( 7262): Resource data:2131367257
I/AMMetaDataParserService( 7262): getResourceName:com.android.settings:string/pen_settings
I/AMMetaDataParserService( 7262): getResourceTypeNamestring
D/MediaProvider( 5588): bulkInsert finished
V/MediaScanner( 5588): processDirectory :  /storage/extSdCard
I/AMMetaDataParserService( 7262): Resource data:Loop for running activitycom.android.settings.NotificationPanelMenu
W/MediaScanner( 5588): Error opening directory, reason : Permission denied.
W/MediaScanner( 5588): 7klwibgf7fxlKdCbid7
E/Zygote  ( 8901): MountEmulatedStorage()
E/Zygote  ( 8901): v2
I/SELinux ( 8901): Function: selinux_compare_spd_ram , priority [2] , priority version is VE=SEPF_SM-G900H_5.0_0011
E/SELinux ( 8901): [DEBUG] get_category: variable seinfo: platform sensitivity: NULL, cateogry: NULL
I/AMMetaDataParserService( 7262): Resource data:Loop for running activitycom.android.settings.Settings$NotificationPanelMenuActivity
I/AMMetaDataParserService( 7262): Resource data:Inside bundle  check
I/AMMetaDataParserService( 7262): getResourcePackageName:com.android.settings.TOP_LEVEL_HEADER_ID
I/AMMetaDataParserService( 7262): Resource data:2131756724
I/AMMetaDataParserService( 7262): getResourceName:com.android.settings:id/display_settings
I/AMMetaDataParserService( 7262): getResourceTypeNameid
I/AMMetaDataParserService( 7262): getResourcePackageName:com.android.settings.FRAGMENT_CLASS
I/AMMetaDataParserService( 7262): getResourcePackageName:com.android.settings.PARENT_FRAGMENT_CLASS
I/AMMetaDataParserService( 7262): getResourcePackageName:com.android.settings.PARENT_FRAGMENT_TITLE
I/AMMetaDataParserService( 7262): Resource data:2131363497
I/AMMetaDataParserService( 7262): getResourceName:com.android.settings:string/display_settings
I/AMMetaDataParserService( 7262): getResourceTypeNamestring
I/art     ( 4272): Explicit concurrent mark sweep GC freed 37352(2MB) AllocSpace objects, 25(400KB) LOS objects, 32% free, 33MB/49MB, paused 2.713ms total 112.726ms
I/AMMetaDataParserService( 7262): Resource data:Loop for running activitycom.android.settings.NotificationPanelSettings
I/AMMetaDataParserService( 7262): Resource data:Inside bundle  check
I/AMMetaDataParserService( 7262): getResourcePackageName:com.android.settings.TOP_LEVEL_HEADER_ID
I/AMMetaDataParserService( 7262): Resource data:2131756769
I/AMMetaDataParserService( 7262): getResourceName:com.android.settings:id/header_display_notification_panel
I/AMMetaDataParserService( 7262): getResourceTypeNameid
I/AMMetaDataParserService( 7262): getResourcePackageName:com.android.settings.FRAGMENT_CLASS
D/TimaKeyStoreProvider( 8901): TimaSignature is unavailable
D/ActivityThread( 8901): Added TimaKeyStore provider
I/AMMetaDataParserService( 7262): Resource data:Loop for running activitycom.android.settings.Settings$MotionSettingsActivity
I/AMMetaDataParserService( 7262): Resource data:Inside bundle  check
I/AMMetaDataParserService( 7262): getResourcePackageName:com.android.settings.TOP_LEVEL_HEADER_ID
I/AMMetaDataParserService( 7262): Resource data:2131756759
V/MediaScanner( 5588): pruneDeadThumbnailFiles... android.database.sqlite.SQLiteCursor@2e583146
I/AMMetaDataParserService( 7262): getResourceName:com.android.settings:id/motion_settings
I/AMMetaDataParserService( 7262): getResourceTypeNameid
I/AMMetaDataParserService( 7262): getResourcePackageName:com.android.settings.FRAGMENT_CLASS
V/MediaScanner( 5588): /pruneDeadThumbnailFiles... android.database.sqlite.SQLiteCursor@2e583146
I/AMMetaDataParserService( 7262): Resource data:Loop for running activitycom.android.settings.motion.ShakeTutorial
I/AMMetaDataParserService( 7262): Resource data:Loop for running activitycom.android.settings.Settings$AirMotionSettingActivity
I/AMMetaDataParserService( 7262): Resource data:Inside bundle  check
I/AMMetaDataParserService( 7262): getResourcePackageName:com.android.settings.TOP_LEVEL_HEADER_ID
I/AMMetaDataParserService( 7262): Resource data:2131756760
I/AMMetaDataParserService( 7262): getResourceName:com.android.settings:id/s_motion_settings
I/AMMetaDataParserService( 7262): getResourceTypeNameid
I/AMMetaDataParserService( 7262): getResourcePackageName:com.android.settings.FRAGMENT_CLASS
D/FactoryTestApp( 6632): [FtClient$mBroadcastReceiver](6632) action= = android.intent.action.MEDIA_SCANNER_FINISHED
I/AMMetaDataParserService( 7262): Resource data:Loop for running activitycom.android.settings.Settings$SMotionGuideHub2014Activity
I/AMMetaDataParserService( 7262): Resource data:Inside bundle  check
D/FactoryTestApp( 6632): [FtClient$mBroadcastReceiver](6632) ACTION_MEDIA_SCANNER_FINISHED = /storage/emulated/0
I/AMMetaDataParserService( 7262): getResourcePackageName:com.android.settings.TOP_LEVEL_HEADER_ID
I/AMMetaDataParserService( 7262): Resource data:2131756772
I/AMMetaDataParserService( 7262): getResourceName:com.android.settings:id/header_input_motion_and_gesture_2014
I/AMMetaDataParserService( 7262): getResourceTypeNameid
I/AMMetaDataParserService( 7262): getResourcePackageName:com.android.settings.FRAGMENT_CLASS
I/AMMetaDataParserService( 7262): getResourcePackageName:com.android.settings.PARENT_FRAGMENT_CLASS
I/AMMetaDataParserService( 7262): getResourcePackageName:com.android.settings.PARENT_FRAGMENT_TITLE
I/AMMetaDataParserService( 7262): Resource data:2131366288
I/AMMetaDataParserService( 7262): getResourceName:com.android.settings:string/motions_title
I/AMMetaDataParserService( 7262): getResourceTypeNamestring
I/AMMetaDataParserService( 7262): Resource data:Loop for running activitycom.android.settings.Settings$FingerAirViewSettingActivity
I/AMMetaDataParserService( 7262): Resource data:Inside bundle  check
I/AMMetaDataParserService( 7262): getResourcePackageName:com.android.settings.TOP_LEVEL_HEADER_ID
I/AMMetaDataParserService( 7262): Resource data:2131756762
D/FactoryTestApp( 6632): [Support$Values.getString](6632) id=MODEL_COMMUNICATION_MODE, value=gsm
I/FactoryTestApp( 6632): [ModuleCommon$isConnectionModeNone](6632) mConnectionMode = gsm
D/FactoryTestApp( 6632): [FtClient$mBroadcastReceiver](6632) mIsReceivedCscModemSetting = false
D/FactoryTestApp( 6632): [Support$Values.getBoolean](6632) id=SUPPORT_BOOST_MEDIASCAN, value=false
I/AMMetaDataParserService( 7262): getResourceName:com.android.settings:id/finger_air_view_settings
I/AMMetaDataParserService( 7262): getResourceTypeNameid
I/AMMetaDataParserService( 7262): getResourcePackageName:com.android.settings.FRAGMENT_CLASS
D/ResourcesManager( 8901): creating new AssetManager and set to /system/app/TcpdumpService/TcpdumpService.apk
D/FactoryTestApp( 6632): [FtClient$sendBootCompleted](6632) misSecphonReady= false
I/AMMetaDataParserService( 7262): Resource data:Loop for running activitycom.android.settings.Settings$FingerAirViewHelpSettingActivity
I/AMMetaDataParserService( 7262): Resource data:Inside bundle  check
I/AMMetaDataParserService( 7262): getResourcePackageName:com.android.settings.TOP_LEVEL_HEADER_ID
I/AMMetaDataParserService( 7262): Resource data:2131756812
I/AMMetaDataParserService( 7262): getResourceName:com.android.settings:id/finger_air_view_settings_k
I/AMMetaDataParserService( 7262): getResourceTypeNameid
I/AMMetaDataParserService( 7262): getResourcePackageName:com.android.settings.FRAGMENT_CLASS
I/AMMetaDataParserService( 7262): Resource data:Loop for running activitycom.android.settings.Settings$AirViewSettingActivity
I/AMMetaDataParserService( 7262): Resource data:Inside bundle  check
I/AMMetaDataParserService( 7262): getResourcePackageName:com.android.settings.TOP_LEVEL_HEADER_ID
I/AMMetaDataParserService( 7262): Resource data:2131756763
I/AMMetaDataParserService( 7262): getResourceName:com.android.settings:id/air_view_settings
I/AMMetaDataParserService( 7262): getResourceTypeNameid
I/AMMetaDataParserService( 7262): getResourcePackageName:com.android.settings.FRAGMENT_CLASS
I/AMMetaDataParserService( 7262): Resource data:Loop for running activitycom.android.settings.Settings$MouseHoveringSettingsActivity
I/AMMetaDataParserService( 7262): Resource data:Inside bundle  check
I/AMMetaDataParserService( 7262): getResourcePackageName:com.android.settings.TOP_LEVEL_HEADER_ID
I/AMMetaDataParserService( 7262): Resource data:2131756843
I/AMMetaDataParserService( 7262): getResourceName:com.android.settings:id/mouse_hovering_settings
I/AMMetaDataParserService( 7262): getResourceTypeNameid
I/AMMetaDataParserService( 7262): getResourcePackageName:com.android.settings.FRAGMENT_CLASS
I/AMMetaDataParserService( 7262): Resource data:Loop for running activitycom.android.settings.Settings$SoftwareUpdateSettingActivity
I/AMMetaDataParserService( 7262): Resource data:Inside bundle  check
I/AMMetaDataParserService( 7262): getResourcePackageName:com.android.settings.TOP_LEVEL_HEADER_ID
I/AMMetaDataParserService( 7262): Resource data:2131756738
I/AMMetaDataParserService( 7262): getResourceName:com.android.settings:id/about_settings
I/AMMetaDataParserService( 7262): getResourceTypeNameid
I/AMMetaDataParserService( 7262): getResourcePackageName:com.android.settings.FRAGMENT_CLASS
I/AMMetaDataParserService( 7262): Resource data:Loop for running activitycom.android.settings.PenHovering
I/AMMetaDataParserService( 7262): Resource data:Inside bundle  check
I/AMMetaDataParserService( 7262): getResourcePackageName:com.android.settings.FRAGMENT_CLASS
I/AMMetaDataParserService( 7262): Resource data:Loop for running activitycom.android.settings.PenHelpActivity
I/AMMetaDataParserService( 7262): Resource data:Loop for running activitycom.android.settings.Settings$PenHelpFragmentActivity
I/AMMetaDataParserService( 7262): Resource data:Inside bundle  check
I/AMMetaDataParserService( 7262): getResourcePackageName:com.android.settings.TOP_LEVEL_HEADER_ID
I/AMMetaDataParserService( 7262): Resource data:2131756765
I/AMMetaDataParserService( 7262): getResourceName:com.android.settings:id/pen_settings_menu
I/AMMetaDataParserService( 7262): getResourceTypeNameid
I/AMMetaDataParserService( 7262): getResourcePackageName:com.android.settings.FRAGMENT_CLASS
I/AMMetaDataParserService( 7262): Resource data:Loop for running activitycom.android.settings.Settings$DirectPenInputSettingsActivity
I/AMMetaDataParserService( 7262): Resource data:Inside bundle  check
I/AMMetaDataParserService( 7262): getResourcePackageName:com.android.settings.TOP_LEVEL_HEADER_ID
I/AMMetaDataParserService( 7262): Resource data:2131756765
I/AMMetaDataParserService( 7262): getResourceName:com.android.settings:id/pen_settings_menu
I/AMMetaDataParserService( 7262): getResourceTypeNameid
I/AMMetaDataParserService( 7262): getResourcePackageName:com.android.settings.FRAGMENT_CLASS
I/AMMetaDataParserService( 7262): Resource data:Loop for running activitycom.android.settings.Settings$PenAirViewSettingsMenuActivity
I/AMMetaDataParserService( 7262): Resource data:Inside bundle  check
I/AMMetaDataParserService( 7262): getResourcePackageName:com.android.settings.TOP_LEVEL_HEADER_ID
I/AMMetaDataParserService( 7262): Resource data:2131756765
I/AMMetaDataParserService( 7262): getResourceName:com.android.settings:id/pen_settings_menu
I/AMMetaDataParserService( 7262): getResourceTypeNameid
I/AMMetaDataParserService( 7262): getResourcePackageName:com.android.settings.FRAGMENT_CLASS
I/AMMetaDataParserService( 7262): Resource data:Loop for running activitycom.android.settings.Settings$PenSettingsMenuActivity
I/AMMetaDataParserService( 7262): Resource data:Inside bundle  check
I/AMMetaDataParserService( 7262): getResourcePackageName:com.android.settings.TOP_LEVEL_HEADER_ID
I/AMMetaDataParserService( 7262): Resource data:2131756765
I/AMMetaDataParserService( 7262): getResourceName:com.android.settings:id/pen_settings_menu
I/AMMetaDataParserService( 7262): getResourceTypeNameid
I/AMMetaDataParserService( 7262): getResourcePackageName:com.android.settings.FRAGMENT_CLASS
I/AMMetaDataParserService( 7262): Resource data:Loop for running activitycom.android.settings.PenHelpPopup
I/AMMetaDataParserService( 7262): Resource data:Loop for running activitycom.android.settings.PhoneVibration
I/AMMetaDataParserService( 7262): Resource data:Loop for running activitycom.android.settings.OneHandHelp
D/GCM     ( 5701): GcmService start Intent { act=com.google.android.gms.INITIALIZE flg=0x10 pkg=com.google.android.gms cmp=com.google.android.gms/.gcm.GcmService } com.google.android.gms.INITIALIZE
I/AMMetaDataParserService( 7262): Resource data:Loop for running activitycom.android.settings.EnableScreenHelp
I/AMMetaDataParserService( 7262): Resource data:Loop for running activitycom.android.settings.OneHandAdaptiveHelp
I/AMMetaDataParserService( 7262): Resource data:Loop for running activitycom.android.settings.Settings$OneHandEditMenuActivity
I/AMMetaDataParserService( 7262): Resource data:Inside bundle  check
I/AMMetaDataParserService( 7262): getResourcePackageName:com.android.settings.TOP_LEVEL_HEADER_ID
I/AMMetaDataParserService( 7262): Resource data:2131756724
I/AMMetaDataParserService( 7262): getResourceName:com.android.settings:id/display_settings
I/AMMetaDataParserService( 7262): getResourceTypeNameid
I/AMMetaDataParserService( 7262): getResourcePackageName:com.android.settings.FRAGMENT_CLASS
I/AMMetaDataParserService( 7262): Resource data:Loop for running activitycom.android.settings.Settings$OneHandSideSoftKeyFragmentActivity
I/AMMetaDataParserService( 7262): Resource data:Inside bundle  check
I/AMMetaDataParserService( 7262): getResourcePackageName:com.android.settings.TOP_LEVEL_HEADER_ID
I/AMMetaDataParserService( 7262): Resource data:2131756724
I/AMMetaDataParserService( 7262): getResourceName:com.android.settings:id/display_settings
I/AMMetaDataParserService( 7262): getResourceTypeNameid
I/AMMetaDataParserService( 7262): getResourcePackageName:com.android.settings.FRAGMENT_CLASS
I/AMMetaDataParserService( 7262): Resource data:Loop for running activitycom.android.settings.InputControlHelp
I/AMMetaDataParserService( 7262): Resource data:Loop for running activitycom.android.settings.personalvibration.PersonalVibration
I/AMMetaDataParserService( 7262): Resource data:Inside bundle  check
I/AMMetaDataParserService( 7262): getResourcePackageName:com.android.settings.FRAGMENT_CLASS
I/AMMetaDataParserService( 7262): Resource data:Loop for running activitycom.android.settings.personalvibration.SelectPatternDialog
I/AMMetaDataParserService( 7262): Resource data:Loop for running activitycom.android.settings.lockscreenshortcut.LockScreenShortcutSettings
I/AMMetaDataParserService( 7262): Resource data:Loop for running activitycom.android.settings.lockscreenshortcut.AppList
I/AMMetaDataParserService( 7262): Resource data:Loop for running activitycom.android.settings.lockscreenshortcut.ExpandAppList
I/AMMetaDataParserService( 7262): Resource data:Loop for running activitycom.android.settings.Settings$ReadingModeSettingsActivity
I/AMMetaDataParserService( 7262): Resource data:Inside bundle  check
I/AMMetaDataParserService( 7262): getResourcePackageName:com.android.settings.TOP_LEVEL_HEADER_ID
I/AMMetaDataParserService( 7262): Resource data:2131756724
I/AMMetaDataParserService( 7262): getResourceName:com.android.settings:id/display_settings
I/AMMetaDataParserService( 7262): getResourceTypeNameid
I/AMMetaDataParserService( 7262): getResourcePackageName:com.android.settings.FRAGMENT_CLASS
I/AMMetaDataParserService( 7262): Resource data:Loop for running activitycom.android.settings.customizablekey.CustomizableKeySettings
I/AMMetaDataParserService( 7262): Resource data:Loop for running activitycom.android.settings.Settings$CustomizableKeySettingsActivity
I/AMMetaDataParserService( 7262): Resource data:Inside bundle  check
I/AMMetaDataParserService( 7262): getResourcePackageName:com.android.settings.TOP_LEVEL_HEADER_ID
I/AMMetaDataParserService( 7262): Resource data:2131756840
I/AMMetaDataParserService( 7262): getResourceName:com.android.settings:id/customizable_key
I/AMMetaDataParserService( 7262): getResourceTypeNameid
I/AMMetaDataParserService( 7262): getResourcePackageName:com.android.settings.FRAGMENT_CLASS
I/AMMetaDataParserService( 7262): Resource data:Loop for running activitycom.android.settings.customizablekey.AppList
I/AMMetaDataParserService( 7262): Resource data:Loop for running activitycom.android.settings.Settings$DualClockSettingActivity
I/AMMetaDataParserService( 7262): Resource data:Inside bundle  check
I/AMMetaDataParserService( 7262): getResourcePackageName:com.android.settings.TOP_LEVEL_HEADER_ID
I/AMMetaDataParserService( 7262): Resource data:2131756741
I/AMMetaDataParserService( 7262): getResourceName:com.android.settings:id/lock_screen_menu_settings
I/AMMetaDataParserService( 7262): getResourceTypeNameid
I/AMMetaDataParserService( 7262): getResourcePackageName:com.android.settings.FRAGMENT_CLASS
I/AMMetaDataParserService( 7262): getResourcePackageName:com.android.settings.PARENT_FRAGMENT_CLASS
I/AMMetaDataParserService( 7262): getResourcePackageName:com.android.settings.PARENT_FRAGMENT_TITLE
I/AMMetaDataParserService( 7262): Resource data:2131367698
I/AMMetaDataParserService( 7262): getResourceName:com.android.settings:string/lock_screen_options
I/AMMetaDataParserService( 7262): getResourceTypeNamestring
I/AMMetaDataParserService( 7262): Resource data:Loop for running activitycom.android.settings.Settings$RecommendedAppsMenuActivity
I/AMMetaDataParserService( 7262): Resource data:Inside bundle  check
I/AMMetaDataParserService( 7262): getResourcePackageName:com.android.settings.TOP_LEVEL_HEADER_ID
I/AMMetaDataParserService( 7262): Resource data:2131756769
I/AMMetaDataParserService( 7262): getResourceName:com.android.settings:id/header_display_notification_panel
I/AMMetaDataParserService( 7262): getResourceTypeNameid
I/AMMetaDataParserService( 7262): getResourcePackageName:com.android.settings.FRAGMENT_CLASS
I/AMMetaDataParserService( 7262): Resource data:Loop for running activitycom.android.settings.Settings$RecommendedAppsListActivity
I/AMMetaDataParserService( 7262): Resource data:Inside bundle  check
I/AMMetaDataParserService( 7262): getResourcePackageName:com.android.settings.TOP_LEVEL_HEADER_ID
I/AMMetaDataParserService( 7262): Resource data:2131756769
I/AMMetaDataParserService( 7262): getResourceName:com.android.settings:id/header_display_notification_panel
I/AMMetaDataParserService( 7262): getResourceTypeNameid
I/AMMetaDataParserService( 7262): getResourcePackageName:com.android.settings.FRAGMENT_CLASS
I/AMMetaDataParserService( 7262): getResourcePackageName:com.android.settings.PARENT_FRAGMENT_CLASS
I/AMMetaDataParserService( 7262): getResourcePackageName:com.android.settings.PARENT_FRAGMENT_TITLE
I/AMMetaDataParserService( 7262): Resource data:2131369175
I/AMMetaDataParserService( 7262): getResourceName:com.android.settings:string/recommended_apps
I/AMMetaDataParserService( 7262): getResourceTypeNamestring
I/AMMetaDataParserService( 7262): Resource data:Loop for running activitycom.android.settings.SettingsReceiverActivity
I/AMMetaDataParserService( 7262): Resource data:Loop for running activitycom.android.settings.SelectPenDetachNotiDialog
I/AMMetaDataParserService( 7262): Resource data:Loop for running activitycom.bst.airmessage.setting.AirMsgSetting
I/AMMetaDataParserService( 7262): Resource data:Loop for running activitycom.android.settings.SecurityWarningDialog
I/AMMetaDataParserService( 7262): Resource data:Loop for running activitycom.android.settings.Settings$DormantmodeSettingsActivity
I/AMMetaDataParserService( 7262): Resource data:Inside bundle  check
I/AMMetaDataParserService( 7262): getResourcePackageName:com.android.settings.TOP_LEVEL_HEADER_ID
I/AMMetaDataParserService( 7262): Resource data:2131756747
I/AMMetaDataParserService( 7262): getResourceName:com.android.settings:id/dormant_mode
I/AMMetaDataParserService( 7262): getResourceTypeNameid
I/AMMetaDataParserService( 7262): getResourcePackageName:com.android.settings.FRAGMENT_CLASS
I/AMMetaDataParserService( 7262): Resource data:Loop for running activitycom.android.settings.dormantmode.DormantmodeSettings
I/AMMetaDataParserService( 7262): Resource data:Inside bundle  check
I/AMMetaDataParserService( 7262): getResourcePackageName:com.android.settings.TOP_LEVEL_HEADER_ID
I/AMMetaDataParserService( 7262): Resource data:2130838249
I/AMMetaDataParserService( 7262): getResourceName:com.android.settings:drawable/ic_settings_dormant_mode
I/AMMetaDataParserService( 7262): getResourceTypeNamedrawable
I/AMMetaDataParserService( 7262): getResourcePackageName:com.android.settings.FRAGMENT_CLASS
I/AMMetaDataParserService( 7262): Resource data:Loop for running activitycom.android.settings.dormantmode.DormantModeCustomList
D/AuthorizationBluetoothService( 5701): Received GmsCore event: Intent { act=com.google.android.gms.INITIALIZE flg=0x10 pkg=com.google.android.gms cmp=com.google.android.gms/.auth.be.proximity.authorization.bt.AuthorizationBluetoothService$AutoStarter }.
I/AMMetaDataParserService( 7262): Resource data:Loop for running activitycom.android.settings.dormantmode.DormantModeCustomListDel
I/AMMetaDataParserService( 7262): Resource data:Loop for running activitycom.android.settings.Settings$PersonalPageSettingsActivity
I/AMMetaDataParserService( 7262): Resource data:Inside bundle  check
I/AMMetaDataParserService( 7262): getResourcePackageName:com.android.settings.TOP_LEVEL_HEADER_ID
I/AMMetaDataParserService( 7262): Resource data:2131756774
I/AMMetaDataParserService( 7262): getResourceName:com.android.settings:id/header_personal_page
I/AMMetaDataParserService( 7262): getResourceTypeNameid
I/AMMetaDataParserService( 7262): getResourcePackageName:com.android.settings.FRAGMENT_CLASS
E/AuthorizationBluetoothService( 5701): Proximity feature is not enabled.
I/AMMetaDataParserService( 7262): Resource data:Loop for running activitycom.android.settings.personalpage.PersonalPageSettings
I/AMMetaDataParserService( 7262): Resource data:Inside bundle  check
I/AMMetaDataParserService( 7262): getResourcePackageName:com.android.settings.TOP_LEVEL_HEADER_ID
I/AMMetaDataParserService( 7262): Resource data:2131756774
I/AMMetaDataParserService( 7262): getResourceName:com.android.settings:id/header_personal_page
I/AMMetaDataParserService( 7262): getResourceTypeNameid
I/AMMetaDataParserService( 7262): getResourcePackageName:com.android.settings.FRAGMENT_CLASS
I/AMMetaDataParserService( 7262): Resource data:Loop for running activitycom.android.settings.PersonalPageDisclaimer
V/GmsCoreStatsServiceLauncher( 5889): Received broadcast intent Intent { act=com.google.android.gms.INITIALIZE flg=0x10 pkg=com.google.android.gms cmp=com.google.android.gms/.common.stats.GmsCoreStatsServiceLauncher }
I/AMMetaDataParserService( 7262): Resource data:Loop for running activitycom.android.settings.personalpage.PersonalPageAutoModeSwitchAlertDialogActivity
I/AMMetaDataParserService( 7262): Resource data:Loop for running activitycom.android.settings.personalpage.PersonalPageTutorial
I/AMMetaDataParserService( 7262): Resource data:Loop for running activitycom.android.settings.personalpage.PersonalPageTutorialDisclaimerActivity
I/AMMetaDataParserService( 7262): Resource data:Loop for running activitycom.android.settings.personalpage.PersonalPageTutorialAppActivity
I/AMMetaDataParserService( 7262): Resource data:Loop for running activitycom.android.settings.personalpage.PersonalPageTutorialAddActivity
I/AMMetaDataParserService( 7262): Resource data:Loop for running activitycom.android.settings.personalpage.PersonalPageChooseLockPattern
I/AMMetaDataParserService( 7262): Resource data:Loop for running activitycom.android.settings.personalpage.PersonalPageChooseLockPassword
I/AMMetaDataParserService( 7262): Resource data:Loop for running activitycom.android.settings.personalpage.PersonalPageChooseLockAdditionalPin
I/AMMetaDataParserService( 7262): Resource data:Loop for running activitycom.android.settings.personalpage.PersonalPageConfirmLockPattern
I/AMMetaDataParserService( 7262): Resource data:Loop for running activitycom.android.settings.personalpage.PersonalPageConfirmLockPassword
I/AMMetaDataParserService( 7262): Resource data:Loop for running activitycom.android.settings.Settings$EasyModeSettingsActivity
I/AMMetaDataParserService( 7262): Resource data:Inside bundle  check
I/AMMetaDataParserService( 7262): getResourcePackageName:com.android.settings.TOP_LEVEL_HEADER_ID
I/AMMetaDataParserService( 7262): Resource data:2131756745
I/AMMetaDataParserService( 7262): getResourceName:com.android.settings:id/home_screen_mode_settings
I/AMMetaDataParserService( 7262): getResourceTypeNameid
I/AMMetaDataParserService( 7262): getResourcePackageName:com.android.settings.FRAGMENT_CLASS
I/AMMetaDataParserService( 7262): Resource data:Loop for running activitycom.android.settings.Settings$EasyModeActivity
I/AMMetaDataParserService( 7262): Resource data:Inside bundle  check
I/AMMetaDataParserService( 7262): getResourcePackageName:com.android.settings.TOP_LEVEL_HEADER_ID
I/AMMetaDataParserService( 7262): Resource data:2131756777
I/AMMetaDataParserService( 7262): getResourceName:com.android.settings:id/easy_mode_settings
I/AMMetaDataParserService( 7262): getResourceTypeNameid
I/AMMetaDataParserService( 7262): getResourcePackageName:com.android.settings.FRAGMENT_CLASS
I/AMMetaDataParserService( 7262): Resource data:Loop for running activitycom.android.settings.Settings$EasyModeAppActivity
I/AMMetaDataParserService( 7262): Resource data:Inside bundle  check
I/AMMetaDataParserService( 7262): getResourcePackageName:com.android.settings.TOP_LEVEL_HEADER_ID
I/AMMetaDataParserService( 7262): Resource data:2131756778
I/AMMetaDataParserService( 7262): getResourceName:com.android.settings:id/easy_mode_app_settings
I/AMMetaDataParserService( 7262): getResourceTypeNameid
I/AMMetaDataParserService( 7262): getResourcePackageName:com.android.settings.FRAGMENT_CLASS
I/AMMetaDataParserService( 7262): Resource data:Loop for running activitycom.android.settings.LocationAlert
I/AMMetaDataParserService( 7262): Resource data:Loop for running activitycom.android.settings.Settings$MyPlaceSettingsActivity
I/AMMetaDataParserService( 7262): Resource data:Inside bundle  check
I/AMMetaDataParserService( 7262): getResourcePackageName:com.android.settings.TOP_LEVEL_HEADER_ID
I/AMMetaDataParserService( 7262): Resource data:2131756704
I/AMMetaDataParserService( 7262): getResourceName:com.android.settings:id/location_settings
I/AMMetaDataParserService( 7262): getResourceTypeNameid
I/AMMetaDataParserService( 7262): getResourcePackageName:com.android.settings.FRAGMENT_CLASS
I/AMMetaDataParserService( 7262): getResourcePackageName:com.android.settings.PARENT_FRAGMENT_CLASS
I/AMMetaDataParserService( 7262): getResourcePackageName:com.android.settings.PARENT_FRAGMENT_TITLE
I/AMMetaDataParserService( 7262): Resource data:2131368293
D/GCM     ( 5701): GcmService start Intent { act=com.google.android.gms.INITIALIZE flg=0x10 pkg=com.google.android.gms cmp=com.google.android.gms/.gcm.GcmService } com.google.android.gms.INITIALIZE
I/AMMetaDataParserService( 7262): getResourceName:com.android.settings:string/myplace_title
I/AMMetaDataParserService( 7262): getResourceTypeNamestring
I/AMMetaDataParserService( 7262): Resource data:Loop for running activitycom.android.settings.Settings$MyPlaceProfileSettingsActivity
I/AMMetaDataParserService( 7262): Resource data:Inside bundle  check
I/AMMetaDataParserService( 7262): getResourcePackageName:com.android.settings.TOP_LEVEL_HEADER_ID
I/AMMetaDataParserService( 7262): Resource data:2131756704
I/AMMetaDataParserService( 7262): getResourceName:com.android.settings:id/location_settings
I/AMMetaDataParserService( 7262): getResourceTypeNameid
I/AMMetaDataParserService( 7262): getResourcePackageName:com.android.settings.FRAGMENT_CLASS
I/AMMetaDataParserService( 7262): getResourcePackageName:com.android.settings.PARENT_FRAGMENT_CLASS
I/AMMetaDataParserService( 7262): getResourcePackageName:com.android.settings.PARENT_FRAGMENT_TITLE
I/AMMetaDataParserService( 7262): Resource data:2131368293
I/AMMetaDataParserService( 7262): getResourceName:com.android.settings:string/myplace_title
I/AMMetaDataParserService( 7262): getResourceTypeNamestring
D/AuthorizationBluetoothService( 5701): Received GmsCore event: Intent { act=com.google.android.gms.INITIALIZE flg=0x10 pkg=com.google.android.gms cmp=com.google.android.gms/.auth.be.proximity.authorization.bt.AuthorizationBluetoothService$AutoStarter }.
I/AMMetaDataParserService( 7262): Resource data:Loop for running activitycom.android.settings.Settings$PlaceSettingsActivity
I/AMMetaDataParserService( 7262): Resource data:Inside bundle  check
I/AMMetaDataParserService( 7262): getResourcePackageName:com.android.settings.TOP_LEVEL_HEADER_ID
I/AMMetaDataParserService( 7262): Resource data:2131756704
E/AuthorizationBluetoothService( 5701): Proximity feature is not enabled.
I/AMMetaDataParserService( 7262): getResourceName:com.android.settings:id/location_settings
I/AMMetaDataParserService( 7262): getResourceTypeNameid
I/AMMetaDataParserService( 7262): getResourcePackageName:com.android.settings.FRAGMENT_CLASS
I/AMMetaDataParserService( 7262): getResourcePackageName:com.android.settings.PARENT_FRAGMENT_CLASS
I/AMMetaDataParserService( 7262): getResourcePackageName:com.android.settings.PARENT_FRAGMENT_TITLE
I/AMMetaDataParserService( 7262): Resource data:2131368325
I/AMMetaDataParserService( 7262): getResourceName:com.android.settings:string/place_settings_title
I/AMMetaDataParserService( 7262): getResourceTypeNamestring
I/AMMetaDataParserService( 7262): Resource data:Loop for running activitycom.android.settings.myplace.SelectMapActivity
V/GmsCoreStatsServiceLauncher( 5889): Received broadcast intent Intent { act=com.google.android.gms.INITIALIZE flg=0x10 pkg=com.google.android.gms cmp=com.google.android.gms/.common.stats.GmsCoreStatsServiceLauncher }
I/AMMetaDataParserService( 7262): Resource data:Loop for running activitycom.android.settings.Settings$GlobalRoamingSettingsActivity
I/AMMetaDataParserService( 7262): Resource data:Inside bundle  check
I/AMMetaDataParserService( 7262): getResourcePackageName:com.android.settings.TOP_LEVEL_HEADER_ID
I/AMMetaDataParserService( 7262): Resource data:2131756710
I/AMMetaDataParserService( 7262): getResourceName:com.android.settings:id/wireless_settings
I/AMMetaDataParserService( 7262): getResourceTypeNameid
I/AMMetaDataParserService( 7262): getResourcePackageName:com.android.settings.FRAGMENT_CLASS
I/AMMetaDataParserService( 7262): Resource data:Loop for running activitycom.android.settings.Settings$TRoamingSettingsActivity
I/AMMetaDataParserService( 7262): Resource data:Inside bundle  check
I/AMMetaDataParserService( 7262): getResourcePackageName:com.android.settings.TOP_LEVEL_HEADER_ID
I/AMMetaDataParserService( 7262): Resource data:2131756710
I/AMMetaDataParserService( 7262): getResourceName:com.android.settings:id/wireless_settings
I/AMMetaDataParserService( 7262): getResourceTypeNameid
I/AMMetaDataParserService( 7262): getResourcePackageName:com.android.settings.FRAGMENT_CLASS
I/AMMetaDataParserService( 7262): Resource data:Loop for running activitycom.android.settings.flipfont.FontListActivity
I/AMMetaDataParserService( 7262): Resource data:Loop for running activitycom.android.settings.flipfont.FontListProgressActivity
I/AMMetaDataParserService( 7262): Resource data:Loop for running activitycom.android.settings.Settings$BackupAssistantPlusSettingsActivity
I/AMMetaDataParserService( 7262): Resource data:Inside bundle  check
I/AMMetaDataParserService( 7262): getResourcePackageName:com.android.settings.TOP_LEVEL_HEADER_ID
I/AMMetaDataParserService( 7262): Resource data:2131756668
I/AMMetaDataParserService( 7262): getResourceName:com.android.settings:id/bua_plus
I/AMMetaDataParserService( 7262): getResourceTypeNameid
I/AMMetaDataParserService( 7262): getResourcePackageName:com.android.settings.FRAGMENT_CLASS
I/AMMetaDataParserService( 7262): Resource data:Loop for running activitycom.android.settings.myprofile.MyProfileActivity
D/PackageBroadcastService( 5889): Received broadcast action=android.intent.action.PACKAGE_CHANGED and uri=com.google.android.backuptransport
E/Zygote  ( 8924): MountEmulatedStorage()
E/Zygote  ( 8924): v2
I/SELinux ( 8924): Function: selinux_compare_spd_ram , priority [2] , priority version is VE=SEPF_SM-G900H_5.0_0011
E/SELinux ( 8924): [DEBUG] get_category: variable seinfo: untrusted sensitivity: NULL, cateogry: NULL
I/AMMetaDataParserService( 7262): Resource data:Loop for running activitycom.android.settings.MagazineCard
I/AMMetaDataParserService( 7262): Resource data:Loop for running activitycom.android.settings.Settings$ClockWidgetActivity
I/AMMetaDataParserService( 7262): Resource data:Inside bundle  check
I/AMMetaDataParserService( 7262): getResourcePackageName:com.android.settings.FRAGMENT_CLASS
I/AMMetaDataParserService( 7262): Resource data:Loop for running activitycom.android.settings.myprofile.PersonalMessage
I/AMMetaDataParserService( 7262): Resource data:Loop for running activitycom.android.settings.Settings$CloudPictureSyncSettingActivity
I/AMMetaDataParserService( 7262): Resource data:Inside bundle  check
I/AMMetaDataParserService( 7262): getResourcePackageName:com.android.settings.FRAGMENT_CLASS
I/AMMetaDataParserService( 7262): Resource data:Loop for running activitycom.android.settings.Settings$CloudVideoSyncSettingActivity
I/AMMetaDataParserService( 7262): Resource data:Inside bundle  check
I/AMMetaDataParserService( 7262): getResourcePackageName:com.android.settings.FRAGMENT_CLASS
I/AMMetaDataParserService( 7262): Resource data:Loop for running activitycom.android.settings.Settings$CloudSettingActivity
I/AMMetaDataParserService( 7262): Resource data:Inside bundle  check
I/AMMetaDataParserService( 7262): getResourcePackageName:com.android.settings.TOP_LEVEL_HEADER_ID
I/AMMetaDataParserService( 7262): Resource data:2131756673
I/AMMetaDataParserService( 7262): getResourceName:com.android.settings:id/scloud_settings
I/AMMetaDataParserService( 7262): getResourceTypeNameid
I/AMMetaDataParserService( 7262): getResourcePackageName:com.android.settings.FRAGMENT_CLASS
D/TimaKeyStoreProvider( 8924): TimaSignature is unavailable
D/ActivityThread( 8924): Added TimaKeyStore provider
I/AMMetaDataParserService( 7262): Resource data:Loop for running activitycom.android.settings.ShortCameraMenu
I/AMMetaDataParserService( 7262): Resource data:Loop for running activitycom.android.settings.ClockMyprofileMenu
I/GLSUser ( 5701): [LoginAccountsChangedIntentService] No need to update account challenges.
I/AMMetaDataParserService( 7262): Resource data:Loop for running activitycom.android.settings.ClockMyprofileMenuTablet
I/AMMetaDataParserService( 7262): Resource data:Loop for running activitycom.android.settings.Settings$LaunchCameraSettingsActivity
I/AMMetaDataParserService( 7262): Resource data:Inside bundle  check
I/AMMetaDataParserService( 7262): getResourcePackageName:com.android.settings.FRAGMENT_CLASS
I/PeopleContactsSync( 5889): CP2 sync disabled
I/AMMetaDataParserService( 7262): Resource data:Loop for running activitycom.android.settings.Settings$SmartScreenSettingsActivity
I/AMMetaDataParserService( 7262): Resource data:Inside bundle  check
I/AMMetaDataParserService( 7262): getResourcePackageName:com.android.settings.TOP_LEVEL_HEADER_ID
I/AMMetaDataParserService( 7262): Resource data:2131756761
D/ResourcesManager( 8924): creating new AssetManager and set to /system/priv-app/Phonesky/Phonesky.apk
I/AMMetaDataParserService( 7262): getResourceName:com.android.settings:id/smart_screen
I/AMMetaDataParserService( 7262): getResourceTypeNameid
I/AMMetaDataParserService( 7262): getResourcePackageName:com.android.settings.FRAGMENT_CLASS
I/AMMetaDataParserService( 7262): getResourcePackageName:com.android.settings.PARENT_FRAGMENT_CLASS
I/AMMetaDataParserService( 7262): getResourcePackageName:com.android.settings.PARENT_FRAGMENT_TITLE
I/AMMetaDataParserService( 7262): Resource data:2131363497
I/AMMetaDataParserService( 7262): getResourceName:com.android.settings:string/display_settings
I/AMMetaDataParserService( 7262): getResourceTypeNamestring
I/AMMetaDataParserService( 7262): Resource data:Loop for running activitycom.android.settings.Settings$SmartBondingSettingsActivity
I/AMMetaDataParserService( 7262): Resource data:Inside bundle  check
I/AMMetaDataParserService( 7262): getResourcePackageName:com.android.settings.TOP_LEVEL_HEADER_ID
I/AMMetaDataParserService( 7262): Resource data:2131756702
I/AMMetaDataParserService( 7262): getResourceName:com.android.settings:id/smart_bonding_settings
I/AMMetaDataParserService( 7262): getResourceTypeNameid
I/AMMetaDataParserService( 7262): getResourcePackageName:com.android.settings.FRAGMENT_CLASS
I/AMMetaDataParserService( 7262): Resource data:Loop for running activitycom.android.settings.Settings$ToolboxMenuActivity
I/AMMetaDataParserService( 7262): Resource data:Inside bundle  check
I/AMMetaDataParserService( 7262): getResourcePackageName:com.android.settings.TOP_LEVEL_HEADER_ID
I/AMMetaDataParserService( 7262): Resource data:2131756770
I/AMMetaDataParserService( 7262): getResourceName:com.android.settings:id/header_toolbox
I/AMMetaDataParserService( 7262): getResourceTypeNameid
I/AMMetaDataParserService( 7262): getResourcePackageName:com.android.settings.FRAGMENT_CLASS
I/AMMetaDataParserService( 7262): Resource data:Loop for running activitycom.android.settings.Settings$ToolboxListActivity
I/AMMetaDataParserService( 7262): Resource data:Inside bundle  check
I/AMMetaDataParserService( 7262): getResourcePackageName:com.android.settings.TOP_LEVEL_HEADER_ID
I/AMMetaDataParserService( 7262): Resource data:2131756770
I/AMMetaDataParserService( 7262): getResourceName:com.android.settings:id/header_toolbox
I/AMMetaDataParserService( 7262): getResourceTypeNameid
I/AMMetaDataParserService( 7262): getResourcePackageName:com.android.settings.FRAGMENT_CLASS
I/AMMetaDataParserService( 7262): Resource data:Loop for running activitycom.android.settings.Settings$SmartScrollAdvancedSettingsActivity
I/AMMetaDataParserService( 7262): Resource data:Inside bundle  check
I/AMMetaDataParserService( 7262): getResourcePackageName:com.android.settings.TOP_LEVEL_HEADER_ID
I/AMMetaDataParserService( 7262): Resource data:2131756761
I/AMMetaDataParserService( 7262): getResourceName:com.android.settings:id/smart_screen
I/AMMetaDataParserService( 7262): getResourceTypeNameid
I/AMMetaDataParserService( 7262): getResourcePackageName:com.android.settings.FRAGMENT_CLASS
I/AMMetaDataParserService( 7262): Resource data:Loop for running activitycom.android.settings.Settings$TorchlightSettingsActivity
I/AMMetaDataParserService( 7262): Resource data:Inside bundle  check
I/AMMetaDataParserService( 7262): getResourcePackageName:com.android.settings.TOP_LEVEL_HEADER_ID
I/AMMetaDataParserService( 7262): Resource data:2130838317
I/AMMetaDataParserService( 7262): getResourceName:com.android.settings:drawable/ic_settings_torchlight
I/AMMetaDataParserService( 7262): getResourceTypeNamedrawable
I/AMMetaDataParserService( 7262): getResourcePackageName:com.android.settings.FRAGMENT_CLASS
I/AMMetaDataParserService( 7262): Resource data:Loop for running activitycom.android.settings.torchlight.TorchlightSettings
I/AMMetaDataParserService( 7262): Resource data:Inside bundle  check
I/AMMetaDataParserService( 7262): getResourcePackageName:com.android.settings.TOP_LEVEL_HEADER_ID
I/AMMetaDataParserService( 7262): Resource data:2130838317
I/AMMetaDataParserService( 7262): getResourceName:com.android.settings:drawable/ic_settings_torchlight
I/AMMetaDataParserService( 7262): getResourceTypeNamedrawable
I/AMMetaDataParserService( 7262): getResourcePackageName:com.android.settings.FRAGMENT_CLASS
I/AMMetaDataParserService( 7262): Resource data:Loop for running activitycom.android.settings.Settings$MultiWindowSettingsActivity
I/AMMetaDataParserService( 7262): Resource data:Inside bundle  check
I/AMMetaDataParserService( 7262): getResourcePackageName:com.android.settings.TOP_LEVEL_HEADER_ID
I/AMMetaDataParserService( 7262): Resource data:2131756768
I/AMMetaDataParserService( 7262): getResourceName:com.android.settings:id/header_display_multi_window
I/AMMetaDataParserService( 7262): getResourceTypeNameid
I/AMMetaDataParserService( 7262): getResourcePackageName:com.android.settings.FRAGMENT_CLASS
I/AMMetaDataParserService( 7262): Resource data:Loop for running activitycom.android.settings.MultiWindowSettings
I/AMMetaDataParserService( 7262): Resource data:Inside bundle  check
I/AMMetaDataParserService( 7262): getResourcePackageName:com.android.settings.TOP_LEVEL_HEADER_ID
I/AMMetaDataParserService( 7262): Resource data:2131756768
I/AMMetaDataParserService( 7262): getResourceName:com.android.settings:id/header_display_multi_window
I/AMMetaDataParserService( 7262): getResourceTypeNameid
I/AMMetaDataParserService( 7262): getResourcePackageName:com.android.settings.FRAGMENT_CLASS
I/AMMetaDataParserService( 7262): Resource data:Loop for running activitycom.android.settings.settingssearch.SettingsSearchActivity
I/AMMetaDataParserService( 7262): Resource data:Loop for running activitycom.android.settings.SearchActivity
I/AMMetaDataParserService( 7262): Resource data:Inside bundle  check
I/AMMetaDataParserService( 7262): getResourcePackageName:android.app.searchable
I/AMMetaDataParserService( 7262): Resource data:2131165364
I/AMMetaDataParserService( 7262): getResourceName:com.android.settings:xml/searchable
I/AMMetaDataParserService( 7262): getResourceTypeNamexml
I/AMMetaDataParserService( 7262): Resource data:Loop for running activitycom.android.settings.Settings$HomeSyncBackupAndRestoreActivity
I/AMMetaDataParserService( 7262): Resource data:Inside bundle  check
I/AMMetaDataParserService( 7262): getResourcePackageName:com.android.settings.TOP_LEVEL_HEADER_ID
I/AMMetaDataParserService( 7262): Resource data:2131756675
I/AMMetaDataParserService( 7262): getResourceName:com.android.settings:id/homesync_backup_and_restore_settings
I/AMMetaDataParserService( 7262): getResourceTypeNameid
I/AMMetaDataParserService( 7262): getResourcePackageName:com.android.settings.FRAGMENT_CLASS
I/AMMetaDataParserService( 7262): Resource data:Loop for running activitycom.android.settings.Settings$ColorChipReportActivity
I/AMMetaDataParserService( 7262): Resource data:Inside bundle  check
I/AMMetaDataParserService( 7262): getResourcePackageName:com.android.settings.TOP_LEVEL_HEADER_ID
I/AMMetaDataParserService( 7262): Resource data:2131756736
I/AMMetaDataParserService( 7262): getResourceName:com.android.settings:id/accessibility_settings
I/AMMetaDataParserService( 7262): getResourceTypeNameid
I/AMMetaDataParserService( 7262): getResourcePackageName:com.android.settings.FRAGMENT_CLASS
I/AMMetaDataParserService( 7262): getResourcePackageName:com.android.settings.PARENT_FRAGMENT_CLASS
I/AMMetaDataParserService( 7262): getResourcePackageName:com.android.settings.PARENT_FRAGMENT_TITLE
I/AMMetaDataParserService( 7262): Resource data:2131364349
I/AMMetaDataParserService( 7262): getResourceName:com.android.settings:string/accessibility_settings
I/AMMetaDataParserService( 7262): getResourceTypeNamestring
I/AMMetaDataParserService( 7262): Resource data:Loop for running activitycom.android.settings.Settings$DirectAccessActivity
I/AMMetaDataParserService( 7262): Resource data:Inside bundle  check
I/AMMetaDataParserService( 7262): getResourcePackageName:com.android.settings.FRAGMENT_CLASS
I/AMMetaDataParserService( 7262): Resource data:Loop for running activitycom.android.settings.Settings$NotificationReminderActivity
I/AMMetaDataParserService( 7262): Resource data:Inside bundle  check
I/AMMetaDataParserService( 7262): getResourcePackageName:com.android.settings.FRAGMENT_CLASS
I/AMMetaDataParserService( 7262): Resource data:Loop for running activitycom.android.settings.Settings$VoiceInputControlSettingsActivity
I/AMMetaDataParserService( 7262): Resource data:Inside bundle  check
I/AMMetaDataParserService( 7262): getResourcePackageName:com.android.settings.TOP_LEVEL_HEADER_ID
I/AMMetaDataParserService( 7262): Resource data:2131756764
I/AMMetaDataParserService( 7262): getResourceName:com.android.settings:id/voice_input_control_settings
I/AMMetaDataParserService( 7262): getResourceTypeNameid
I/AMMetaDataParserService( 7262): getResourcePackageName:com.android.settings.FRAGMENT_CLASS
I/AMMetaDataParserService( 7262): Resource data:Loop for running activitycom.android.settings.PreloadAppUpdate
I/AMMetaDataParserService( 7262): Resource data:Loop for running activitycom.android.settings.PreloadAppUpdateList
I/AMMetaDataParserService( 7262): Resource data:Loop for running activitycom.android.settings.activekey.ActiveKeySettings
I/AMMetaDataParserService( 7262): Resource data:Loop for running activitycom.android.settings.Settings$ActiveKeySettingsActivity
I/AMMetaDataParserService( 7262): Resource data:Inside bundle  check
I/AMMetaDataParserService( 7262): getResourcePackageName:com.android.settings.TOP_LEVEL_HEADER_ID
I/AMMetaDataParserService( 7262): Resource data:2131756810
I/AMMetaDataParserService( 7262): getResourceName:com.android.settings:id/active_key_settings
I/AMMetaDataParserService( 7262): getResourceTypeNameid
I/AMMetaDataParserService( 7262): getResourcePackageName:com.android.settings.FRAGMENT_CLASS
I/AMMetaDataParserService( 7262): Resource data:Loop for running activitycom.android.settings.activekey.AppList
I/AMMetaDataParserService( 7262): Resource data:Loop for running activitycom.android.settings.Settings$DisplaySettingsTab
I/AMMetaDataParserService( 7262): Resource data:Inside bundle  check
I/AMMetaDataParserService( 7262): getResourcePackageName:com.android.settings.SETTING_HEADER_ID
I/AMMetaDataParserService( 7262): Resource data:Loop for running activitycom.android.settings.Settings$InputAndControlSettingsTab
I/AMMetaDataParserService( 7262): Resource data:Inside bundle  check
I/AMMetaDataParserService( 7262): getResourcePackageName:com.android.settings.SETTING_HEADER_ID
I/AMMetaDataParserService( 7262): Resource data:Loop for running activitycom.android.settings.Settings$GeneralSettingsTab
I/AMMetaDataParserService( 7262): Resource data:Inside bundle  check
I/AMMetaDataParserService( 7262): getResourcePackageName:com.android.settings.SETTING_HEADER_ID
I/AMMetaDataParserService( 7262): Resource data:Loop for running activitycom.android.settings.DeviceHealthActivity
I/AMMetaDataParserService( 7262): Resource data:Loop for running activitycom.android.settings.Settings$SettingsEmergencyActivity
I/AMMetaDataParserService( 7262): Resource data:Inside bundle  check
I/AMMetaDataParserService( 7262): getResourcePackageName:com.android.settings.TOP_LEVEL_HEADER_ID
I/AMMetaDataParserService( 7262): Resource data:2131756783
I/AMMetaDataParserService( 7262): getResourceName:com.android.settings:id/safetycare_settings
I/AMMetaDataParserService( 7262): getResourceTypeNameid
I/AMMetaDataParserService( 7262): getResourcePackageName:com.android.settings.FRAGMENT_CLASS
I/AMMetaDataParserService( 7262): Resource data:Loop for running activitycom.android.settings.Settings$SafetyCareSettingsActivity
I/AMMetaDataParserService( 7262): Resource data:Inside bundle  check
I/AMMetaDataParserService( 7262): getResourcePackageName:com.android.settings.TOP_LEVEL_HEADER_ID
I/AMMetaDataParserService( 7262): Resource data:2131756783
I/AMMetaDataParserService( 7262): getResourceName:com.android.settings:id/safetycare_settings
I/AMMetaDataParserService( 7262): getResourceTypeNameid
I/AMMetaDataParserService( 7262): getResourcePackageName:com.android.settings.FRAGMENT_CLASS
I/AMMetaDataParserService( 7262): Resource data:Loop for running activitycom.android.settings.Settings$SafetyCareEmergencyModeActivity
I/AMMetaDataParserService( 7262): Resource data:Inside bundle  check
I/AMMetaDataParserService( 7262): getResourcePackageName:com.android.settings.TOP_LEVEL_HEADER_ID
I/AMMetaDataParserService( 7262): Resource data:2131756833
I/AMMetaDataParserService( 7262): getResourceName:com.android.settings:id/safetycare_help
I/AMMetaDataParserService( 7262): getResourceTypeNameid
I/AMMetaDataParserService( 7262): getResourcePackageName:com.android.settings.FRAGMENT_CLASS
I/AMMetaDataParserService( 7262): Resource data:Loop for running activitycom.android.settings.Settings$SafetyCareDisasterActivity
I/AMMetaDataParserService( 7262): Resource data:Inside bundle  check
I/AMMetaDataParserService( 7262): getResourcePackageName:com.android.settings.TOP_LEVEL_HEADER_ID
I/AMMetaDataParserService( 7262): Resource data:2131756833
I/AMMetaDataParserService( 7262): getResourceName:com.android.settings:id/safetycare_help
I/AMMetaDataParserService( 7262): getResourceTypeNameid
I/AMMetaDataParserService( 7262): getResourcePackageName:com.android.settings.FRAGMENT_CLASS
I/AMMetaDataParserService( 7262): Resource data:Loop for running activitycom.android.settings.safetycare.SafetyCareDisclaimerActivity
