I/FFMPEG  ( 3692):     Stream #0:0: Audio: vorbis, 44100 Hz, stereo, fltp, 112 kb/s
I/FFMPEG  ( 3692):     Metadata:
I/FFMPEG  ( 3692):       TITLE           : Adara
D/FFmpegExtractor( 3692): FFmpegExtrator, url: android-source:0xb420d470, format_name: ogg, format_long_name: Ogg
I/FFmpegExtractor( 3692): adjust mime(application/ogg -> audio/vorbis)
D/FFmpegExtractor( 3692): suppoted codec(vorbis) by official Stagefright
D/FFmpegExtractor( 3692): ffmpeg detected media content as 'audio/vorbis' with confidence 0.08
E/MetadataRetrieverClient( 3692): failed to extract an album art
W/BackupManagerService( 4124): dataChanged but no participant pkg='com.android.providers.settings' uid=10009
W/libprocessgroup( 4124): failed to open /acct/uid_10006/pid_4850/cgroup.procs: No such file or directory
D/CellBroadcastReceiver( 5857): onReceive Intent { act=android.intent.action.ACTION_SUBINFO_RECORD_UPDATED flg=0x10 cmp=com.android.cellbroadcastreceiver/.CellBroadcastReceiver (has extras) }
D/SIP     ( 4988): [SipSharedPreferences] isReceivingCallsEnabled, option not set; use default value, exception: android.provider.Settings$SettingNotFoundException: sip_receive_calls
D/AlertReceiver( 5534): onReceive: a=android.intent.action.PROVIDER_CHANGED Intent { act=android.intent.action.PROVIDER_CHANGED dat=content://com.android.calendar flg=0x10 cmp=com.android.calendar/.alerts.AlertReceiver }
V/Mms     ( 5677): onStart: #1 resultCode: -1 = Activity.RESULT_OK
D/AlertService( 5534): 0 Action = android.intent.action.PROVIDER_CHANGED
D/WVMDrmPlugIn( 3691): WVMDrmPlugin::onInitialize : 4473
D/WVMDrmPlugIn( 3691): WVMDrmPlugin::onSetOnInfoListener : add 4473
D/WVMDrmPlugIn( 3691): WVMDrmPlugin::onTerminate : 4473
I/FFmpegExtractor( 3692): android-source:0xb60ba150
I/FFMPEG  ( 3692): Input #0, ogg, from 'android-source:0xb60ba150':
I/FFMPEG  ( 3692):   Duration: 00:00:02.18, start: 0.000000, bitrate: 223 kb/s
I/FFMPEG  ( 3692):     Stream #0:0: Audio: vorbis, 44100 Hz, stereo, fltp, 224 kb/s
I/FFMPEG  ( 3692):     Metadata:
I/FFMPEG  ( 3692):       TITLE           : Ariel
D/FFmpegExtractor( 3692): FFmpegExtrator, url: android-source:0xb60ba150, format_name: ogg, format_long_name: Ogg
I/FFmpegExtractor( 3692): adjust mime(application/ogg -> audio/vorbis)
D/FFmpegExtractor( 3692): suppoted codec(vorbis) by official Stagefright
D/FFmpegExtractor( 3692): ffmpeg detected media content as 'audio/vorbis' with confidence 0.08
D/SurfaceControl( 4124): Excessive delay in setPowerMode(): 183ms
D/WVMDrmPlugIn( 3691): WVMDrmPlugin::onInitialize : 4156
D/WVMDrmPlugIn( 3691): WVMDrmPlugin::onSetOnInfoListener : add 4156
D/WVMDrmPlugIn( 3691): WVMDrmPlugin::onTerminate : 4156
I/FFmpegExtractor( 3692): android-source:0xb45cbec0
I/FFMPEG  ( 3692): Input #0, ogg, from 'android-source:0xb45cbec0':
I/FFMPEG  ( 3692):   Duration: 00:00:02.01, start: 0.000000, bitrate: 137 kb/s
I/FFMPEG  ( 3692):     Stream #0:0: Audio: vorbis, 48000 Hz, stereo, fltp, 112 kb/s
I/FFMPEG  ( 3692):     Metadata:
I/FFMPEG  ( 3692):       TITLE           : Beat Box Android
D/FFmpegExtractor( 3692): FFmpegExtrator, url: android-source:0xb45cbec0, format_name: ogg, format_long_name: Ogg
I/FFmpegExtractor( 3692): adjust mime(application/ogg -> audio/vorbis)
D/FFmpegExtractor( 3692): suppoted codec(vorbis) by official Stagefright
D/FFmpegExtractor( 3692): ffmpeg detected media content as 'audio/vorbis' with confidence 0.08
D/WVMDrmPlugIn( 3691): WVMDrmPlugin::onInitialize : 4896
D/WVMDrmPlugIn( 3691): WVMDrmPlugin::onSetOnInfoListener : add 4896
D/WVMDrmPlugIn( 3691): WVMDrmPlugin::onTerminate : 4896
I/FFmpegExtractor( 3692): android-source:0xb45cbb00
I/FFMPEG  ( 3692): Input #0, ogg, from 'android-source:0xb45cbb00':
I/FFMPEG  ( 3692):   Duration: 00:00:01.20, start: 0.000000, bitrate: 104 kb/s
I/FFMPEG  ( 3692):     Stream #0:0: Audio: vorbis, 44100 Hz, stereo, fltp, 112 kb/s
I/FFMPEG  ( 3692):     Metadata:
I/FFMPEG  ( 3692):       TITLE           : Bellatrix
D/FFmpegExtractor( 3692): FFmpegExtrator, url: android-source:0xb45cbb00, format_name: ogg, format_long_name: Ogg
I/FFmpegExtractor( 3692): adjust mime(application/ogg -> audio/vorbis)
D/FFmpegExtractor( 3692): suppoted codec(vorbis) by official Stagefright
D/FFmpegExtractor( 3692): ffmpeg detected media content as 'audio/vorbis' with confidence 0.08
D/WVMDrmPlugIn( 3691): WVMDrmPlugin::onInitialize : 5480
D/WVMDrmPlugIn( 3691): WVMDrmPlugin::onSetOnInfoListener : add 5480
D/WVMDrmPlugIn( 3691): WVMDrmPlugin::onTerminate : 5480
I/FFmpegExtractor( 3692): android-source:0xb45cbab0
I/FFMPEG  ( 3692): Input #0, ogg, from 'android-source:0xb45cbab0':
I/FFMPEG  ( 3692):   Duration: 00:00:01.40, start: 0.000000, bitrate: 110 kb/s
I/FFMPEG  ( 3692):     Stream #0:0: Audio: vorbis, 44100 Hz, stereo, fltp, 112 kb/s
D/FFmpegExtractor( 3692): FFmpegExtrator, url: android-source:0xb45cbab0, format_name: ogg, format_long_name: Ogg
I/FFmpegExtractor( 3692): adjust mime(application/ogg -> audio/vorbis)
D/FFmpegExtractor( 3692): suppoted codec(vorbis) by official Stagefright
D/FFmpegExtractor( 3692): ffmpeg detected media content as 'audio/vorbis' with confidence 0.08
D/WVMDrmPlugIn( 3691): WVMDrmPlugin::onInitialize : 7533
D/WVMDrmPlugIn( 3691): WVMDrmPlugin::onSetOnInfoListener : add 7533
D/WVMDrmPlugIn( 3691): WVMDrmPlugin::onTerminate : 7533
I/FFmpegExtractor( 3692): android-source:0xb45cb7e0
I/FFMPEG  ( 3692): Input #0, ogg, from 'android-source:0xb45cb7e0':
I/FFMPEG  ( 3692):   Duration: 00:00:01.07, start: 0.000000, bitrate: 120 kb/s
I/FFMPEG  ( 3692):     Stream #0:0: Audio: vorbis, 44100 Hz, mono, fltp, 96 kb/s
I/FFMPEG  ( 3692):     Metadata:
I/FFMPEG  ( 3692):       ANDROID_LOOP    : false
I/FFMPEG  ( 3692):       track           : 2d_ma09_thing2
I/FFMPEG  ( 3692):       TITLE           : Betelgeuse
I/FFMPEG  ( 3692):       ARTIST          : pdx
D/FFmpegExtractor( 3692): FFmpegExtrator, url: android-source:0xb45cb7e0, format_name: ogg, format_long_name: Ogg
I/FFmpegExtractor( 3692): adjust mime(application/ogg -> audio/vorbis)
D/FFmpegExtractor( 3692): suppoted codec(vorbis) by official Stagefright
D/FFmpegExtractor( 3692): ffmpeg detected media content as 'audio/vorbis' with confidence 0.08
D/WVMDrmPlugIn( 3691): WVMDrmPlugin::onInitialize : 4743
D/WVMDrmPlugIn( 3691): WVMDrmPlugin::onSetOnInfoListener : add 4743
D/WVMDrmPlugIn( 3691): WVMDrmPlugin::onTerminate : 4743
I/FFmpegExtractor( 3692): android-source:0xb45cb3d0
I/FFMPEG  ( 3692): Input #0, ogg, from 'android-source:0xb45cb3d0':
I/FFMPEG  ( 3692):   Duration: 00:00:01.92, start: 0.000000, bitrate: 79 kb/s
I/FFMPEG  ( 3692):     Stream #0:0: Audio: vorbis, 44100 Hz, mono, fltp, 80 kb/s
I/FFMPEG  ( 3692):     Metadata:
I/FFMPEG  ( 3692):       ARTIST          : Dr. MAD
I/FFMPEG  ( 3692):       TITLE           : Caffeinated Rattlesnake
D/FFmpegExtractor( 3692): FFmpegExtrator, url: android-source:0xb45cb3d0, format_name: ogg, format_long_name: Ogg
I/FFmpegExtractor( 3692): adjust mime(application/ogg -> audio/vorbis)
D/FFmpegExtractor( 3692): suppoted codec(vorbis) by official Stagefright
D/FFmpegExtractor( 3692): ffmpeg detected media content as 'audio/vorbis' with confidence 0.08
D/WVMDrmPlugIn( 3691): WVMDrmPlugin::onInitialize : 5885
D/WVMDrmPlugIn( 3691): WVMDrmPlugin::onSetOnInfoListener : add 5885
D/WVMDrmPlugIn( 3691): WVMDrmPlugin::onTerminate : 5885
I/FFmpegExtractor( 3692): android-source:0xb45cb240
I/FFMPEG  ( 3692): Input #0, ogg, from 'android-source:0xb45cb240':
I/FFMPEG  ( 3692):   Duration: 00:00:00.71, start: 0.000000, bitrate: 135 kb/s
I/FFMPEG  ( 3692):     Stream #0:0: Audio: vorbis, 44100 Hz, stereo, fltp, 112 kb/s
I/FFMPEG  ( 3692):     Metadata:
I/FFMPEG  ( 3692):       TITLE           : Canopus
D/FFmpegExtractor( 3692): FFmpegExtrator, url: android-source:0xb45cb240, format_name: ogg, format_long_name: Ogg
I/FFmpegExtractor( 3692): adjust mime(application/ogg -> audio/vorbis)
D/FFmpegExtractor( 3692): suppoted codec(vorbis) by official Stagefright
D/FFmpegExtractor( 3692): ffmpeg detected media content as 'audio/vorbis' with confidence 0.08
D/WVMDrmPlugIn( 3691): WVMDrmPlugin::onInitialize : 4711
D/WVMDrmPlugIn( 3691): WVMDrmPlugin::onSetOnInfoListener : add 4711
D/WVMDrmPlugIn( 3691): WVMDrmPlugin::onTerminate : 4711
I/FFmpegExtractor( 3692): android-source:0xb40a1330
I/FFMPEG  ( 3692): Input #0, ogg, from 'android-source:0xb40a1330':
I/FFMPEG  ( 3692):   Duration: 00:00:01.38, start: 0.000000, bitrate: 76 kb/s
I/FFMPEG  ( 3692):     Stream #0:0: Audio: vorbis, 44100 Hz, mono, fltp, 80 kb/s
I/FFMPEG  ( 3692):     Metadata:
I/FFMPEG  ( 3692):       ANDROID_LOOP    : false
I/FFMPEG  ( 3692):       TITLE           : Capella
D/FFmpegExtractor( 3692): FFmpegExtrator, url: android-source:0xb40a1330, format_name: ogg, format_long_name: Ogg
I/FFmpegExtractor( 3692): adjust mime(application/ogg -> audio/vorbis)
D/FFmpegExtractor( 3692): suppoted codec(vorbis) by official Stagefright
D/FFmpegExtractor( 3692): ffmpeg detected media content as 'audio/vorbis' with confidence 0.08
E/ELEVEN  ( 5274): calling refresh!
D/WVMDrmPlugIn( 3691): WVMDrmPlugin::onInitialize : 7801
D/WVMDrmPlugIn( 3691): WVMDrmPlugin::onSetOnInfoListener : add 7801
D/WVMDrmPlugIn( 3691): WVMDrmPlugin::onTerminate : 7801
I/FFmpegExtractor( 3692): android-source:0xb40a1650
I/FFMPEG  ( 3692): Input #0, ogg, from 'android-source:0xb40a1650':
I/FFMPEG  ( 3692):   Duration: 00:00:01.26, start: 0.000000, bitrate: 221 kb/s
I/FFMPEG  ( 3692):     Stream #0:0: Audio: vorbis, 44100 Hz, stereo, fltp, 224 kb/s
I/FFMPEG  ( 3692):     Metadata:
I/FFMPEG  ( 3692):       TITLE           : Carme
D/FFmpegExtractor( 3692): FFmpegExtrator, url: android-source:0xb40a1650, format_name: ogg, format_long_name: Ogg
I/FFmpegExtractor( 3692): adjust mime(application/ogg -> audio/vorbis)
D/FFmpegExtractor( 3692): suppoted codec(vorbis) by official Stagefright
D/FFmpegExtractor( 3692): ffmpeg detected media content as 'audio/vorbis' with confidence 0.08
D/WVMDrmPlugIn( 3691): WVMDrmPlugin::onInitialize : 6580
D/WVMDrmPlugIn( 3691): WVMDrmPlugin::onSetOnInfoListener : add 6580
D/WVMDrmPlugIn( 3691): WVMDrmPlugin::onTerminate : 6580
I/FFmpegExtractor( 3692): android-source:0xb40a1830
I/FFMPEG  ( 3692): Input #0, ogg, from 'android-source:0xb40a1830':
I/FFMPEG  ( 3692):   Duration: 00:00:01.57, start: 0.000000, bitrate: 74 kb/s
I/FFMPEG  ( 3692):     Stream #0:0: Audio: vorbis, 44100 Hz, mono, fltp, 80 kb/s
I/FFMPEG  ( 3692):     Metadata:
I/FFMPEG  ( 3692):       ANDROID_LOOP    : false
I/FFMPEG  ( 3692):       track           : 2dB102b
I/FFMPEG  ( 3692):       TITLE           : Castor
I/FFMPEG  ( 3692):       ARTIST          : pdx
D/FFmpegExtractor( 3692): FFmpegExtrator, url: android-source:0xb40a1830, format_name: ogg, format_long_name: Ogg
I/FFmpegExtractor( 3692): adjust mime(application/ogg -> audio/vorbis)
D/FFmpegExtractor( 3692): suppoted codec(vorbis) by official Stagefright
D/FFmpegExtractor( 3692): ffmpeg detected media content as 'audio/vorbis' with confidence 0.08
D/WVMDrmPlugIn( 3691): WVMDrmPlugin::onInitialize : 4736
D/WVMDrmPlugIn( 3691): WVMDrmPlugin::onSetOnInfoListener : add 4736
D/WVMDrmPlugIn( 3691): WVMDrmPlugin::onTerminate : 4736
I/FFmpegExtractor( 3692): android-source:0xb45cbe70
I/FFMPEG  ( 3692): Input #0, ogg, from 'android-source:0xb45cbe70':
I/FFMPEG  ( 3692):   Duration: 00:00:01.26, start: 0.000000, bitrate: 252 kb/s
I/FFMPEG  ( 3692):     Stream #0:0: Audio: vorbis, 44100 Hz, stereo, fltp, 224 kb/s
I/FFMPEG  ( 3692):     Metadata:
I/FFMPEG  ( 3692):       TITLE           : Ceres
D/FFmpegExtractor( 3692): FFmpegExtrator, url: android-source:0xb45cbe70, format_name: ogg, format_long_name: Ogg
I/FFmpegExtractor( 3692): adjust mime(application/ogg -> audio/vorbis)
D/FFmpegExtractor( 3692): suppoted codec(vorbis) by official Stagefright
D/FFmpegExtractor( 3692): ffmpeg detected media content as 'audio/vorbis' with confidence 0.08
D/WVMDrmPlugIn( 3691): WVMDrmPlugin::onInitialize : 5113
D/WVMDrmPlugIn( 3691): WVMDrmPlugin::onSetOnInfoListener : add 5113
D/WVMDrmPlugIn( 3691): WVMDrmPlugin::onTerminate : 5113
I/FFmpegExtractor( 3692): android-source:0xb60ba2e0
I/FFMPEG  ( 3692): Input #0, ogg, from 'android-source:0xb60ba2e0':
I/FFMPEG  ( 3692):   Duration: 00:00:02.88, start: 0.000000, bitrate: 72 kb/s
I/FFMPEG  ( 3692):     Stream #0:0: Audio: vorbis, 44100 Hz, mono, fltp, 75 kb/s
I/FFMPEG  ( 3692):     Metadata:
I/FFMPEG  ( 3692):       COPYRIGHT       : Copyright (c) 2009 Android Open Source Project
I/FFMPEG  ( 3692):       TITLE           : Ceti Alpha
D/FFmpegExtractor( 3692): FFmpegExtrator, url: android-source:0xb60ba2e0, format_name: ogg, format_long_name: Ogg
I/FFmpegExtractor( 3692): adjust mime(application/ogg -> audio/vorbis)
D/FFmpegExtractor( 3692): suppoted codec(vorbis) by official Stagefright
D/FFmpegExtractor( 3692): ffmpeg detected media content as 'audio/vorbis' with confidence 0.08
D/WVMDrmPlugIn( 3691): WVMDrmPlugin::onInitialize : 8015
D/WVMDrmPlugIn( 3691): WVMDrmPlugin::onSetOnInfoListener : add 8015
D/WVMDrmPlugIn( 3691): WVMDrmPlugin::onTerminate : 8015
I/FFmpegExtractor( 3692): android-source:0xb60ba420
I/FFMPEG  ( 3692): Input #0, ogg, from 'android-source:0xb60ba420':
I/FFMPEG  ( 3692):   Duration: 00:00:01.60, start: 0.000000, bitrate: 90 kb/s
I/FFMPEG  ( 3692):     Stream #0:0: Audio: vorbis, 44100 Hz, stereo, fltp, 112 kb/s
D/FFmpegExtractor( 3692): FFmpegExtrator, url: android-source:0xb60ba420, format_name: ogg, format_long_name: Ogg
I/FFmpegExtractor( 3692): adjust mime(application/ogg -> audio/vorbis)
D/FFmpegExtractor( 3692): suppoted codec(vorbis) by official Stagefright
D/FFmpegExtractor( 3692): ffmpeg detected media content as 'audio/vorbis' with confidence 0.08
D/WVMDrmPlugIn( 3691): WVMDrmPlugin::onInitialize : 4096
D/WVMDrmPlugIn( 3691): WVMDrmPlugin::onSetOnInfoListener : add 4096
D/WVMDrmPlugIn( 3691): WVMDrmPlugin::onTerminate : 4096
I/FFmpegExtractor( 3692): android-source:0xb60ba3d0
I/FFMPEG  ( 3692): Input #0, ogg, from 'android-source:0xb60ba3d0':
I/FFMPEG  ( 3692):   Duration: 00:00:00.89, start: 0.000000, bitrate: 98 kb/s
I/FFMPEG  ( 3692):     Stream #0:0: Audio: vorbis, 44100 Hz, mono, fltp, 75 kb/s
I/FFMPEG  ( 3692):     Metadata:
I/FFMPEG  ( 3692):       COPYRIGHT       : Copyright (c) 2009 Android Open Source Project
I/FFMPEG  ( 3692):       TITLE           : Cricket
I/FFMPEG  ( 3692):       ARTIST          : Dave Sparks
D/FFmpegExtractor( 3692): FFmpegExtrator, url: android-source:0xb60ba3d0, format_name: ogg, format_long_name: Ogg
I/FFmpegExtractor( 3692): adjust mime(application/ogg -> audio/vorbis)
D/FFmpegExtractor( 3692): suppoted codec(vorbis) by official Stagefright
D/FFmpegExtractor( 3692): ffmpeg detected media content as 'audio/vorbis' with confidence 0.08
D/WVMDrmPlugIn( 3691): WVMDrmPlugin::onInitialize : 4966
D/WVMDrmPlugIn( 3691): WVMDrmPlugin::onSetOnInfoListener : add 4966
D/WVMDrmPlugIn( 3691): WVMDrmPlugin::onTerminate : 4966
I/FFmpegExtractor( 3692): android-source:0xb60ba790
I/FFMPEG  ( 3692): Input #0, ogg, from 'android-source:0xb60ba790':
I/FFMPEG  ( 3692):   Duration: 00:00:01.88, start: 0.000000, bitrate: 44 kb/s
I/FFMPEG  ( 3692):     Stream #0:0: Audio: vorbis, 44100 Hz, stereo, fltp, 128 kb/s
I/FFMPEG  ( 3692):     Metadata:
I/FFMPEG  ( 3692):       TITLE           : CyanDoink
I/FFMPEG  ( 3692):       ENCODER         : FL Studio
D/FFmpegExtractor( 3692): FFmpegExtrator, url: android-source:0xb60ba790, format_name: ogg, format_long_name: Ogg
I/FFmpegExtractor( 3692): adjust mime(application/ogg -> audio/vorbis)
D/FFmpegExtractor( 3692): suppoted codec(vorbis) by official Stagefright
D/FFmpegExtractor( 3692): ffmpeg detected media content as 'audio/vorbis' with confidence 0.08
D/WVMDrmPlugIn( 3691): WVMDrmPlugin::onInitialize : 4484
D/WVMDrmPlugIn( 3691): WVMDrmPlugin::onSetOnInfoListener : add 4484
D/WVMDrmPlugIn( 3691): WVMDrmPlugin::onTerminate : 4484
I/FFmpegExtractor( 3692): android-source:0xb60ba920
I/FFMPEG  ( 3692): Input #0, ogg, from 'android-source:0xb60ba920':
I/FFMPEG  ( 3692):   Duration: 00:00:01.85, start: 0.000000, bitrate: 473 kb/s
I/FFMPEG  ( 3692):     Stream #0:0: Audio: vorbis, 44100 Hz, stereo, fltp, 450 kb/s
I/FFMPEG  ( 3692):     Metadata:
I/FFMPEG  ( 3692):       ENCODER         : FL Studio
D/FFmpegExtractor( 3692): FFmpegExtrator, url: android-source:0xb60ba920, format_name: ogg, format_long_name: Ogg
I/FFmpegExtractor( 3692): adjust mime(application/ogg -> audio/vorbis)
D/FFmpegExtractor( 3692): suppoted codec(vorbis) by official Stagefright
D/FFmpegExtractor( 3692): ffmpeg detected media content as 'audio/vorbis' with confidence 0.08
D/WVMDrmPlugIn( 3691): WVMDrmPlugin::onInitialize : 7510
D/WVMDrmPlugIn( 3691): WVMDrmPlugin::onSetOnInfoListener : add 7510
D/WVMDrmPlugIn( 3691): WVMDrmPlugin::onTerminate : 7510
I/FFmpegExtractor( 3692): android-source:0xb60babf0
I/FFMPEG  ( 3692): Input #0, ogg, from 'android-source:0xb60babf0':
I/FFMPEG  ( 3692):   Duration: 00:00:01.85, start: 0.000000, bitrate: 244 kb/s
I/FFMPEG  ( 3692):     Stream #0:0: Audio: vorbis, 44100 Hz, stereo, fltp, 450 kb/s
I/FFMPEG  ( 3692):     Metadata:
I/FFMPEG  ( 3692):       ENCODER         : FL Studio
D/FFmpegExtractor( 3692): FFmpegExtrator, url: android-source:0xb60babf0, format_name: ogg, format_long_name: Ogg
I/FFmpegExtractor( 3692): adjust mime(application/ogg -> audio/vorbis)
D/FFmpegExtractor( 3692): suppoted codec(vorbis) by official Stagefright
D/FFmpegExtractor( 3692): ffmpeg detected media content as 'audio/vorbis' with confidence 0.08
D/WVMDrmPlugIn( 3691): WVMDrmPlugin::onInitialize : 4877
D/WVMDrmPlugIn( 3691): WVMDrmPlugin::onSetOnInfoListener : add 4877
D/WVMDrmPlugIn( 3691): WVMDrmPlugin::onTerminate : 4877
I/FFmpegExtractor( 3692): android-source:0xb60bad80
I/FFMPEG  ( 3692): Input #0, ogg, from 'android-source:0xb60bad80':
I/FFMPEG  ( 3692):   Duration: 00:00:01.92, start: 0.000000, bitrate: 77 kb/s
I/FFMPEG  ( 3692):     Stream #0:0: Audio: vorbis, 44100 Hz, mono, fltp, 80 kb/s
I/FFMPEG  ( 3692):     Metadata:
I/FFMPEG  ( 3692):       ARTIST          : Dr. MAD
I/FFMPEG  ( 3692):       TITLE           : Dear Deer
D/FFmpegExtractor( 3692): FFmpegExtrator, url: android-source:0xb60bad80, format_name: ogg, format_long_name: Ogg
I/FFmpegExtractor( 3692): adjust mime(application/ogg -> audio/vorbis)
D/FFmpegExtractor( 3692): suppoted codec(vorbis) by official Stagefright
D/FFmpegExtractor( 3692): ffmpeg detected media content as 'audio/vorbis' with confidence 0.08
D/WVMDrmPlugIn( 3691): WVMDrmPlugin::onInitialize : 7862
D/WVMDrmPlugIn( 3691): WVMDrmPlugin::onSetOnInfoListener : add 7862
D/WVMDrmPlugIn( 3691): WVMDrmPlugin::onTerminate : 7862
I/FFmpegExtractor( 3692): android-source:0xb60bae20
I/FFMPEG  ( 3692): Input #0, ogg, from 'android-source:0xb60bae20':
I/FFMPEG  ( 3692):   Duration: 00:00:01.67, start: 0.000000, bitrate: 69 kb/s
I/FFMPEG  ( 3692):     Stream #0:0: Audio: vorbis, 44100 Hz, mono, fltp, 80 kb/s
I/FFMPEG  ( 3692):     Metadata:
I/FFMPEG  ( 3692):       ANDROID_LOOP    : false
I/FFMPEG  ( 3692):       track           : 2d209c
I/FFMPEG  ( 3692):       TITLE           : Deneb
I/FFMPEG  ( 3692):       ARTIST          : pdx
D/FFmpegExtractor( 3692): FFmpegExtrator, url: android-source:0xb60bae20, format_name: ogg, format_long_name: Ogg
I/FFmpegExtractor( 3692): adjust mime(application/ogg -> audio/vorbis)
D/FFmpegExtractor( 3692): suppoted codec(vorbis) by official Stagefright
D/FFmpegExtractor( 3692): ffmpeg detected media content as 'audio/vorbis' with confidence 0.08
D/WVMDrmPlugIn( 3691): WVMDrmPlugin::onInitialize : 5398
D/WVMDrmPlugIn( 3691): WVMDrmPlugin::onSetOnInfoListener : add 5398
D/WVMDrmPlugIn( 3691): WVMDrmPlugin::onTerminate : 5398
I/FFmpegExtractor( 3692): android-source:0xb60bafb0
I/FFMPEG  ( 3692): Input #0, ogg, from 'android-source:0xb60bafb0':
I/FFMPEG  ( 3692):   Duration: 00:00:00.36, start: 0.000000, bitrate: 197 kb/s
I/FFMPEG  ( 3692):     Stream #0:0: Audio: vorbis, 44100 Hz, mono, fltp, 75 kb/s
I/FFMPEG  ( 3692):     Metadata:
I/FFMPEG  ( 3692):       COPYRIGHT       : Copyright (c) 2009 Android Open Source Project
I/FFMPEG  ( 3692):       TITLE           : Doink
I/FFMPEG  ( 3692):       ARTIST          : Dave Sparks
D/FFmpegExtractor( 3692): FFmpegExtrator, url: android-source:0xb60bafb0, format_name: ogg, format_long_name: Ogg
I/FFmpegExtractor( 3692): adjust mime(application/ogg -> audio/vorbis)
D/FFmpegExtractor( 3692): suppoted codec(vorbis) by official Stagefright
D/FFmpegExtractor( 3692): ffmpeg detected media content as 'audio/vorbis' with confidence 0.08
D/WVMDrmPlugIn( 3691): WVMDrmPlugin::onInitialize : 4264
D/WVMDrmPlugIn( 3691): WVMDrmPlugin::onSetOnInfoListener : add 4264
D/WVMDrmPlugIn( 3691): WVMDrmPlugin::onTerminate : 4264
I/FFmpegExtractor( 3692): android-source:0xb45cbce0
I/FFMPEG  ( 3692): Input #0, ogg, from 'android-source:0xb45cbce0':
I/FFMPEG  ( 3692):   Duration: 00:00:01.92, start: 0.000000, bitrate: 70 kb/s
I/FFMPEG  ( 3692):     Stream #0:0: Audio: vorbis, 44100 Hz, mono, fltp, 80 kb/s
I/FFMPEG  ( 3692):     Metadata:
I/FFMPEG  ( 3692):       ARTIST          : Dr. MAD
I/FFMPEG  ( 3692):       TITLE           : Don't Panic
D/FFmpegExtractor( 3692): FFmpegExtrator, url: android-source:0xb45cbce0, format_name: ogg, format_long_name: Ogg
I/FFmpegExtractor( 3692): adjust mime(application/ogg -> audio/vorbis)
D/FFmpegExtractor( 3692): suppoted codec(vorbis) by official Stagefright
D/FFmpegExtractor( 3692): ffmpeg detected media content as 'audio/vorbis' with confidence 0.08
D/WVMDrmPlugIn( 3691): WVMDrmPlugin::onInitialize : 6615
D/WVMDrmPlugIn( 3691): WVMDrmPlugin::onSetOnInfoListener : add 6615
D/WVMDrmPlugIn( 3691): WVMDrmPlugin::onTerminate : 6615
I/FFmpegExtractor( 3692): android-source:0xb45cbf60
I/FFMPEG  ( 3692): Input #0, ogg, from 'android-source:0xb45cbf60':
I/FFMPEG  ( 3692):   Duration: 00:00:01.24, start: 0.000000, bitrate: 85 kb/s
I/FFMPEG  ( 3692):     Stream #0:0: Audio: vorbis, 44100 Hz, mono, fltp, 75 kb/s
I/FFMPEG  ( 3692):     Metadata:
I/FFMPEG  ( 3692):       COPYRIGHT       : Copyright (c) 2009 Android Open Source Project
I/FFMPEG  ( 3692):       TITLE           : Drip
I/FFMPEG  ( 3692):       ARTIST          : Dave Sparks
D/FFmpegExtractor( 3692): FFmpegExtrator, url: android-source:0xb45cbf60, format_name: ogg, format_long_name: Ogg
I/FFmpegExtractor( 3692): adjust mime(application/ogg -> audio/vorbis)
D/FFmpegExtractor( 3692): suppoted codec(vorbis) by official Stagefright
D/FFmpegExtractor( 3692): ffmpeg detected media content as 'audio/vorbis' with confidence 0.08
D/WVMDrmPlugIn( 3691): WVMDrmPlugin::onInitialize : 4475
D/WVMDrmPlugIn( 3691): WVMDrmPlugin::onSetOnInfoListener : add 4475
D/WVMDrmPlugIn( 3691): WVMDrmPlugin::onTerminate : 4475
I/FFmpegExtractor( 3692): android-source:0xb6055e20
I/FFMPEG  ( 3692): Input #0, ogg, from 'android-source:0xb6055e20':
I/FFMPEG  ( 3692):   Duration: 00:00:00.96, start: 0.000000, bitrate: 307 kb/s
I/FFMPEG  ( 3692):     Stream #0:0: Audio: vorbis, 44100 Hz, stereo, fltp, 224 kb/s
I/FFMPEG  ( 3692):     Metadata:
I/FFMPEG  ( 3692):       TITLE           : Elara
D/FFmpegExtractor( 3692): FFmpegExtrator, url: android-source:0xb6055e20, format_name: ogg, format_long_name: Ogg
I/FFmpegExtractor( 3692): adjust mime(application/ogg -> audio/vorbis)
D/FFmpegExtractor( 3692): suppoted codec(vorbis) by official Stagefright
D/FFmpegExtractor( 3692): ffmpeg detected media content as 'audio/vorbis' with confidence 0.08
D/WVMDrmPlugIn( 3691): WVMDrmPlugin::onInitialize : 5816
D/WVMDrmPlugIn( 3691): WVMDrmPlugin::onSetOnInfoListener : add 5816
D/WVMDrmPlugIn( 3691): WVMDrmPlugin::onTerminate : 5816
I/FFmpegExtractor( 3692): android-source:0xb60ba0b0
I/FFMPEG  ( 3692): Input #0, ogg, from 'android-source:0xb60ba0b0':
I/FFMPEG  ( 3692):   Duration: 00:00:02.09, start: 0.000000, bitrate: 58 kb/s
I/FFMPEG  ( 3692):     Stream #0:0: Audio: vorbis, 44100 Hz, mono, fltp, 80 kb/s
I/FFMPEG  ( 3692):     Metadata:
I/FFMPEG  ( 3692):       ANDROID_LOOP    : false
I/FFMPEG  ( 3692):       track           : 2d206a
I/FFMPEG  ( 3692):       TITLE           : Electra
I/FFMPEG  ( 3692):       ARTIST          : pdx
D/FFmpegExtractor( 3692): FFmpegExtrator, url: android-source:0xb60ba0b0, format_name: ogg, format_long_name: Ogg
I/FFmpegExtractor( 3692): adjust mime(application/ogg -> audio/vorbis)
D/FFmpegExtractor( 3692): suppoted codec(vorbis) by official Stagefright
D/FFmpegExtractor( 3692): ffmpeg detected media content as 'audio/vorbis' with confidence 0.08
I/PowerManagerService( 4124): Waking up from sleep (uid 1000)...
V/KeyguardServiceDelegate( 4124): onScreenTurnedOn(showListener = com.android.internal.policy.impl.PhoneWindowManager$2@2868aa0)
V/KeyguardServiceDelegate( 4124): **** SHOWN CALLED ****
D/WVMDrmPlugIn( 3691): WVMDrmPlugin::onInitialize : 6859
D/WVMDrmPlugIn( 3691): WVMDrmPlugin::onSetOnInfoListener : add 6859
D/WVMDrmPlugIn( 3691): WVMDrmPlugin::onTerminate : 6859
I/FFmpegExtractor( 3692): android-source:0xb455c060
I/DisplayPowerController( 4124): Blocking screen on until initial contents have been drawn.
I/Sensors ( 4124): Acc old sensor_state 0, new sensor_state : 1 en : 1
I/FFMPEG  ( 3692): Input #0, ogg, from 'android-source:0xb455c060':
I/FFMPEG  ( 3692):   Duration: 00:00:00.88, start: 0.000000, bitrate: 239 kb/s
I/FFMPEG  ( 3692):     Stream #0:0: Audio: vorbis, 44100 Hz, stereo, fltp, 224 kb/s
I/FFMPEG  ( 3692):     Metadata:
I/FFMPEG  ( 3692):       TITLE           : Europa
D/FFmpegExtractor( 3692): FFmpegExtrator, url: android-source:0xb455c060, format_name: ogg, format_long_name: Ogg
I/FFmpegExtractor( 3692): adjust mime(application/ogg -> audio/vorbis)
D/FFmpegExtractor( 3692): suppoted codec(vorbis) by official Stagefright
D/FFmpegExtractor( 3692): ffmpeg detected media content as 'audio/vorbis' with confidence 0.08
V/ActivityManager( 4124): Display changed displayId=0
D/SurfaceFlinger( 3688): Set power mode=2, type=0 flinger=0xb6a62000
I/DisplayManagerService( 4124): Display device changed: DisplayDeviceInfo{"Built-in Screen": 1080 x 1920, 60.000004 fps, supportedRefreshRates [60.000004], density 480, 422.03 x 424.069 dpi, appVsyncOff 0, presDeadline 17666666, touch INTERNAL, rotation 0, type BUILT_IN, state ON, FLAG_DEFAULT_DISPLAY, FLAG_ROTATES_WITH_CONTENT, FLAG_SECURE, FLAG_SUPPORTS_PROTECTED_BUFFERS}
V/ActivityManager( 4124): Display changed displayId=0
I/WifiNative-HAL( 4124): startHal
E/wifi    ( 4124): getStaticLongField sWifiHalHandle 0x9c6ef87c
D/wifi    ( 4124): halHandle = 0x0, mVM = 0xb505c280, mCls = 0x200daa
I/WifiNative-HAL( 4124): Could not start hal
D/WVMDrmPlugIn( 3691): WVMDrmPlugin::onInitialize : 5837
D/WVMDrmPlugIn( 3691): WVMDrmPlugin::onSetOnInfoListener : add 5837
D/WVMDrmPlugIn( 3691): WVMDrmPlugin::onTerminate : 5837
I/FFmpegExtractor( 3692): android-source:0xb455c290
I/FFMPEG  ( 3692): Input #0, ogg, from 'android-source:0xb455c290':
I/FFMPEG  ( 3692):   Duration: 00:00:00.71, start: 0.000000, bitrate: 135 kb/s
I/FFMPEG  ( 3692):     Stream #0:0: Audio: vorbis, 44100 Hz, stereo, fltp, 112 kb/s
I/FFMPEG  ( 3692):     Metadata:
I/FFMPEG  ( 3692):       TITLE           : Missed It
D/FFmpegExtractor( 3692): FFmpegExtrator, url: android-source:0xb455c290, format_name: ogg, format_long_name: Ogg
I/FFmpegExtractor( 3692): adjust mime(application/ogg -> audio/vorbis)
D/FFmpegExtractor( 3692): suppoted codec(vorbis) by official Stagefright
D/FFmpegExtractor( 3692): ffmpeg detected media content as 'audio/vorbis' with confidence 0.08
D/WVMDrmPlugIn( 3691): WVMDrmPlugin::onInitialize : 6129
D/WVMDrmPlugIn( 3691): WVMDrmPlugin::onSetOnInfoListener : add 6129
D/WVMDrmPlugIn( 3691): WVMDrmPlugin::onTerminate : 6129
I/FFmpegExtractor( 3692): android-source:0xb455c380
I/FFMPEG  ( 3692): Input #0, ogg, from 'android-source:0xb455c380':
I/FFMPEG  ( 3692):   Duration: 00:00:01.31, start: 0.000000, bitrate: 128 kb/s
I/FFMPEG  ( 3692):     Stream #0:0: Audio: vorbis, 44100 Hz, stereo, fltp, 112 kb/s
I/FFMPEG  ( 3692):     Metadata:
I/FFMPEG  ( 3692):       TITLE           : Captain's Log
D/FFmpegExtractor( 3692): FFmpegExtrator, url: android-source:0xb455c380, format_name: ogg, format_long_name: Ogg
I/FFmpegExtractor( 3692): adjust mime(application/ogg -> audio/vorbis)
D/FFmpegExtractor( 3692): suppoted codec(vorbis) by official Stagefright
D/FFmpegExtractor( 3692): ffmpeg detected media content as 'audio/vorbis' with confidence 0.08
D/WVMDrmPlugIn( 3691): WVMDrmPlugin::onInitialize : 7077
D/WVMDrmPlugIn( 3691): WVMDrmPlugin::onSetOnInfoListener : add 7077
D/WVMDrmPlugIn( 3691): WVMDrmPlugin::onTerminate : 7077
I/FFmpegExtractor( 3692): android-source:0xb455c880
I/FFMPEG  ( 3692): Input #0, ogg, from 'android-source:0xb455c880':
I/FFMPEG  ( 3692):   Duration: 00:00:00.65, start: 0.000000, bitrate: 146 kb/s
I/FFMPEG  ( 3692):     Stream #0:0: Audio: vorbis, 44100 Hz, stereo, fltp, 112 kb/s
I/FFMPEG  ( 3692):     Metadata:
I/FFMPEG  ( 3692):       TITLE           : Look At Me
D/FFmpegExtractor( 3692): FFmpegExtrator, url: android-source:0xb455c880, format_name: ogg, format_long_name: Ogg
I/FFmpegExtractor( 3692): adjust mime(application/ogg -> audio/vorbis)
D/FFmpegExtractor( 3692): suppoted codec(vorbis) by official Stagefright
D/FFmpegExtractor( 3692): ffmpeg detected media content as 'audio/vorbis' with confidence 0.08
I/ActivityManager( 4124): Killing 5595:com.cyanogenmod.updater/u0a3 (adj 15): empty #17
D/WVMDrmPlugIn( 3691): WVMDrmPlugin::onInitialize : 4250
D/WVMDrmPlugIn( 3691): WVMDrmPlugin::onSetOnInfoListener : add 4250
D/WVMDrmPlugIn( 3691): WVMDrmPlugin::onTerminate : 4250
I/FFmpegExtractor( 3692): android-source:0xb455c8d0
I/FFMPEG  ( 3692): Input #0, ogg, from 'android-source:0xb455c8d0':
I/FFMPEG  ( 3692):   Duration: 00:00:01.60, start: 0.000000, bitrate: 93 kb/s
I/FFMPEG  ( 3692):     Stream #0:0: Audio: vorbis, 44100 Hz, stereo, fltp, 112 kb/s
D/FFmpegExtractor( 3692): FFmpegExtrator, url: android-source:0xb455c8d0, format_name: ogg, format_long_name: Ogg
I/FFmpegExtractor( 3692): adjust mime(application/ogg -> audio/vorbis)
D/FFmpegExtractor( 3692): suppoted codec(vorbis) by official Stagefright
D/FFmpegExtractor( 3692): ffmpeg detected media content as 'audio/vorbis' with confidence 0.08
W/libprocessgroup( 4124): failed to open /acct/uid_10003/pid_5595/cgroup.procs: No such file or directory
D/SurfaceControl( 4124): Excessive delay in setPowerMode(): 225ms
D/WVMDrmPlugIn( 3691): WVMDrmPlugin::onInitialize : 7789
D/WVMDrmPlugIn( 3691): WVMDrmPlugin::onSetOnInfoListener : add 7789
I/Timeline( 5193): Timeline: Activity_idle id: android.os.BinderProxy@175b9f89 time:37186
D/WVMDrmPlugIn( 3691): WVMDrmPlugin::onTerminate : 7789
I/FFmpegExtractor( 3692): android-source:0xb455cba0
I/FFMPEG  ( 3692): Input #0, ogg, from 'android-source:0xb455cba0':
I/FFMPEG  ( 3692):   Duration: 00:00:02.30, start: 0.000000, bitrate: 76 kb/s
I/FFMPEG  ( 3692):     Stream #0:0: Audio: vorbis, 44100 Hz, mono, fltp, 80 kb/s
I/FFMPEG  ( 3692):     Metadata:
I/FFMPEG  ( 3692):       ANDROID_LOOP    : false
I/FFMPEG  ( 3692):       track           : 3d207b2
I/FFMPEG  ( 3692):       TITLE           : Fomalhaut
I/FFMPEG  ( 3692):       ARTIST          : pdx
D/FFmpegExtractor( 3692): FFmpegExtrator, url: android-source:0xb455cba0, format_name: ogg, format_long_name: Ogg
I/FFmpegExtractor( 3692): adjust mime(application/ogg -> audio/vorbis)
D/FFmpegExtractor( 3692): suppoted codec(vorbis) by official Stagefright
D/FFmpegExtractor( 3692): ffmpeg detected media content as 'audio/vorbis' with confidence 0.08
I/Timeline( 4124): Timeline: Activity_windows_visible id: ActivityRecord{396cb527 u0 com.cyanogenmod.setupwizard/.ui.SetupWizardActivity t2} time:37202
I/DisplayPowerController( 4124): Unblocked screen on after 266 ms
E/libEGL  ( 4124): call to OpenGL ES API with no current context (logged once per thread)
D/WVMDrmPlugIn( 3691): WVMDrmPlugin::onInitialize : 4511
D/WVMDrmPlugIn( 3691): WVMDrmPlugin::onSetOnInfoListener : add 4511
D/WVMDrmPlugIn( 3691): WVMDrmPlugin::onTerminate : 4511
I/FFmpegExtractor( 3692): android-source:0xb455cfb0
I/FFMPEG  ( 3692): Input #0, ogg, from 'android-source:0xb455cfb0':
I/FFMPEG  ( 3692):   Duration: 00:00:00.80, start: 0.000000, bitrate: 122 kb/s
I/FFMPEG  ( 3692):     Stream #0:0: Audio: vorbis, 44100 Hz, stereo, fltp, 112 kb/s
D/FFmpegExtractor( 3692): FFmpegExtrator, url: android-source:0xb455cfb0, format_name: ogg, format_long_name: Ogg
I/FFmpegExtractor( 3692): adjust mime(application/ogg -> audio/vorbis)
D/FFmpegExtractor( 3692): suppoted codec(vorbis) by official Stagefright
D/FFmpegExtractor( 3692): ffmpeg detected media content as 'audio/vorbis' with confidence 0.08
D/WVMDrmPlugIn( 3691): WVMDrmPlugin::onInitialize : 4627
D/WVMDrmPlugIn( 3691): WVMDrmPlugin::onSetOnInfoListener : add 4627
D/WVMDrmPlugIn( 3691): WVMDrmPlugin::onTerminate : 4627
I/FFmpegExtractor( 3692): android-source:0xb455cf10
I/FFMPEG  ( 3692): Input #0, ogg, from 'android-source:0xb455cf10':
I/FFMPEG  ( 3692):   Duration: 00:00:02.01, start: 0.000000, bitrate: 153 kb/s
I/FFMPEG  ( 3692):     Stream #0:0: Audio: vorbis, 48000 Hz, stereo, fltp, 112 kb/s
I/FFMPEG  ( 3692):     Metadata:
I/FFMPEG  ( 3692):       TITLE           : Heaven
D/FFmpegExtractor( 3692): FFmpegExtrator, url: android-source:0xb455cf10, format_name: ogg, format_long_name: Ogg
I/FFmpegExtractor( 3692): adjust mime(application/ogg -> audio/vorbis)
D/FFmpegExtractor( 3692): suppoted codec(vorbis) by official Stagefright
D/FFmpegExtractor( 3692): ffmpeg detected media content as 'audio/vorbis' with confidence 0.08
D/WVMDrmPlugIn( 3691): WVMDrmPlugin::onInitialize : 7849
D/WVMDrmPlugIn( 3691): WVMDrmPlugin::onSetOnInfoListener : add 7849
D/WVMDrmPlugIn( 3691): WVMDrmPlugin::onTerminate : 7849
I/FFmpegExtractor( 3692): android-source:0xb45cbb00
I/FFMPEG  ( 3692): Input #0, ogg, from 'android-source:0xb45cbb00':
I/FFMPEG  ( 3692):   Duration: 00:00:00.30, start: 0.000000, bitrate: 198 kb/s
I/FFMPEG  ( 3692):     Stream #0:0: Audio: vorbis, 44100 Hz, stereo, fltp, 112 kb/s
I/FFMPEG  ( 3692):     Metadata:
I/FFMPEG  ( 3692):       ANDROID_LOOP    : false
I/FFMPEG  ( 3692):       TITLE           : Helium
D/FFmpegExtractor( 3692): FFmpegExtrator, url: android-source:0xb45cbb00, format_name: ogg, format_long_name: Ogg
I/FFmpegExtractor( 3692): adjust mime(application/ogg -> audio/vorbis)
D/FFmpegExtractor( 3692): suppoted codec(vorbis) by official Stagefright
D/FFmpegExtractor( 3692): ffmpeg detected media content as 'audio/vorbis' with confidence 0.08
D/WVMDrmPlugIn( 3691): WVMDrmPlugin::onInitialize : 5311
D/WVMDrmPlugIn( 3691): WVMDrmPlugin::onSetOnInfoListener : add 5311
D/WVMDrmPlugIn( 3691): WVMDrmPlugin::onTerminate : 5311
I/FFmpegExtractor( 3692): android-source:0xb45cbec0
I/FFMPEG  ( 3692): Input #0, ogg, from 'android-source:0xb45cbec0':
I/FFMPEG  ( 3692):   Duration: 00:00:01.92, start: 0.000000, bitrate: 76 kb/s
I/FFMPEG  ( 3692):     Stream #0:0: Audio: vorbis, 44100 Hz, mono, fltp, 80 kb/s
I/FFMPEG  ( 3692):     Metadata:
I/FFMPEG  ( 3692):       ARTIST          : Dr. MAD
I/FFMPEG  ( 3692):       TITLE           : Highwire
D/FFmpegExtractor( 3692): FFmpegExtrator, url: android-source:0xb45cbec0, format_name: ogg, format_long_name: Ogg
I/FFmpegExtractor( 3692): adjust mime(application/ogg -> audio/vorbis)
D/FFmpegExtractor( 3692): suppoted codec(vorbis) by official Stagefright
D/FFmpegExtractor( 3692): ffmpeg detected media content as 'audio/vorbis' with confidence 0.08
D/WVMDrmPlugIn( 3691): WVMDrmPlugin::onInitialize : 6012
D/WVMDrmPlugIn( 3691): WVMDrmPlugin::onSetOnInfoListener : add 6012
D/WVMDrmPlugIn( 3691): WVMDrmPlugin::onTerminate : 6012
I/FFmpegExtractor( 3692): android-source:0xb455c060
I/FFMPEG  ( 3692): Input #0, ogg, from 'android-source:0xb455c060':
I/FFMPEG  ( 3692):   Duration: 00:00:01.20, start: 0.000000, bitrate: 93 kb/s
I/FFMPEG  ( 3692):     Stream #0:0: Audio: vorbis, 44100 Hz, stereo, fltp, 96 kb/s
I/FFMPEG  ( 3692):     Metadata:
I/FFMPEG  ( 3692):       TITLE           : Hojus
D/FFmpegExtractor( 3692): FFmpegExtrator, url: android-source:0xb455c060, format_name: ogg, format_long_name: Ogg
I/FFmpegExtractor( 3692): adjust mime(application/ogg -> audio/vorbis)
D/FFmpegExtractor( 3692): suppoted codec(vorbis) by official Stagefright
D/FFmpegExtractor( 3692): ffmpeg detected media content as 'audio/vorbis' with confidence 0.08
D/WVMDrmPlugIn( 3691): WVMDrmPlugin::onInitialize : 7190
D/WVMDrmPlugIn( 3691): WVMDrmPlugin::onSetOnInfoListener : add 7190
D/WVMDrmPlugIn( 3691): WVMDrmPlugin::onTerminate : 7190
I/FFmpegExtractor( 3692): android-source:0xb455c290
I/FFMPEG  ( 3692): Input #0, ogg, from 'android-source:0xb455c290':
I/FFMPEG  ( 3692):   Duration: 00:00:01.75, start: 0.000000, bitrate: 205 kb/s
I/FFMPEG  ( 3692):     Stream #0:0: Audio: vorbis, 44100 Hz, stereo, fltp, 224 kb/s
I/FFMPEG  ( 3692):     Metadata:
I/FFMPEG  ( 3692):       TITLE           : Iapetus
D/FFmpegExtractor( 3692): FFmpegExtrator, url: android-source:0xb455c290, format_name: ogg, format_long_name: Ogg
I/FFmpegExtractor( 3692): adjust mime(application/ogg -> audio/vorbis)
D/FFmpegExtractor( 3692): suppoted codec(vorbis) by official Stagefright
D/FFmpegExtractor( 3692): ffmpeg detected media content as 'audio/vorbis' with confidence 0.08
D/WVMDrmPlugIn( 3691): WVMDrmPlugin::onInitialize : 5958
D/WVMDrmPlugIn( 3691): WVMDrmPlugin::onSetOnInfoListener : add 5958
D/WVMDrmPlugIn( 3691): WVMDrmPlugin::onTerminate : 5958
I/FFmpegExtractor( 3692): android-source:0xb4575290
I/FFMPEG  ( 3692): Input #0, ogg, from 'android-source:0xb4575290':
I/FFMPEG  ( 3692):   Duration: 00:00:01.18, start: 0.000000, bitrate: 272 kb/s
I/FFMPEG  ( 3692):     Stream #0:0: Audio: vorbis, 44100 Hz, stereo, fltp, 224 kb/s
I/FFMPEG  ( 3692):     Metadata:
I/FFMPEG  ( 3692):       TITLE           : Io
D/FFmpegExtractor( 3692): FFmpegExtrator, url: android-source:0xb4575290, format_name: ogg, format_long_name: Ogg
I/FFmpegExtractor( 3692): adjust mime(application/ogg -> audio/vorbis)
D/FFmpegExtractor( 3692): suppoted codec(vorbis) by official Stagefright
D/FFmpegExtractor( 3692): ffmpeg detected media content as 'audio/vorbis' with confidence 0.08
D/WVMDrmPlugIn( 3691): WVMDrmPlugin::onInitialize : 7801
D/WVMDrmPlugIn( 3691): WVMDrmPlugin::onSetOnInfoListener : add 7801
D/WVMDrmPlugIn( 3691): WVMDrmPlugin::onTerminate : 7801
I/FFmpegExtractor( 3692): android-source:0xb45753d0
I/FFMPEG  ( 3692): Input #0, ogg, from 'android-source:0xb45753d0':
I/FFMPEG  ( 3692):   Duration: 00:00:03.30, start: 0.000000, bitrate: 141 kb/s
I/FFMPEG  ( 3692):     Stream #0:0: Audio: vorbis, 44100 Hz, stereo, fltp, 160 kb/s
I/FFMPEG  ( 3692):     Metadata:
I/FFMPEG  ( 3692):       ANDROID_LOOP    : false
I/FFMPEG  ( 3692):       TITLE           : Iridium
D/FFmpegExtractor( 3692): FFmpegExtrator, url: android-source:0xb45753d0, format_name: ogg, format_long_name: Ogg
I/FFmpegExtractor( 3692): adjust mime(application/ogg -> audio/vorbis)
D/FFmpegExtractor( 3692): suppoted codec(vorbis) by official Stagefright
D/FFmpegExtractor( 3692): ffmpeg detected media content as 'audio/vorbis' with confidence 0.08
D/WVMDrmPlugIn( 3691): WVMDrmPlugin::onInitialize : 7805
D/WVMDrmPlugIn( 3691): WVMDrmPlugin::onSetOnInfoListener : add 7805
D/WVMDrmPlugIn( 3691): WVMDrmPlugin::onTerminate : 7805
I/FFmpegExtractor( 3692): android-source:0xb45755b0
I/FFMPEG  ( 3692): Input #0, ogg, from 'android-source:0xb45755b0':
I/FFMPEG  ( 3692):   Duration: 00:00:00.67, start: 0.000000, bitrate: 138 kb/s
I/FFMPEG  ( 3692):     Stream #0:0: Audio: vorbis, 44100 Hz, stereo, fltp, 160 kb/s
I/FFMPEG  ( 3692):     Metadata:
I/FFMPEG  ( 3692):       ANDROID_LOOP    : false
I/FFMPEG  ( 3692):       TITLE           : Krypton
D/FFmpegExtractor( 3692): FFmpegExtrator, url: android-source:0xb45755b0, format_name: ogg, format_long_name: Ogg
I/FFmpegExtractor( 3692): adjust mime(application/ogg -> audio/vorbis)
D/FFmpegExtractor( 3692): suppoted codec(vorbis) by official Stagefright
D/FFmpegExtractor( 3692): ffmpeg detected media content as 'audio/vorbis' with confidence 0.08
D/WVMDrmPlugIn( 3691): WVMDrmPlugin::onInitialize : 5568
D/WVMDrmPlugIn( 3691): WVMDrmPlugin::onSetOnInfoListener : add 5568
D/WVMDrmPlugIn( 3691): WVMDrmPlugin::onTerminate : 5568
I/FFmpegExtractor( 3692): android-source:0xb455c290
I/FFMPEG  ( 3692): Input #0, ogg, from 'android-source:0xb455c290':
I/FFMPEG  ( 3692):   Duration: 00:00:01.92, start: 0.000000, bitrate: 65 kb/s
I/FFMPEG  ( 3692):     Stream #0:0: Audio: vorbis, 44100 Hz, mono, fltp, 80 kb/s
I/FFMPEG  ( 3692):     Metadata:
I/FFMPEG  ( 3692):       ARTIST          : Dr. MAD
I/FFMPEG  ( 3692):       TITLE           : Kzurb Sonar
D/FFmpegExtractor( 3692): FFmpegExtrator, url: android-source:0xb455c290, format_name: ogg, format_long_name: Ogg
I/FFmpegExtractor( 3692): adjust mime(application/ogg -> audio/vorbis)
D/FFmpegExtractor( 3692): suppoted codec(vorbis) by official Stagefright
D/FFmpegExtractor( 3692): ffmpeg detected media content as 'audio/vorbis' with confidence 0.08
D/WVMDrmPlugIn( 3691): WVMDrmPlugin::onInitialize : 6189
D/WVMDrmPlugIn( 3691): WVMDrmPlugin::onSetOnInfoListener : add 6189
D/WVMDrmPlugIn( 3691): WVMDrmPlugin::onTerminate : 6189
I/FFmpegExtractor( 3692): android-source:0xb45755b0
I/FFMPEG  ( 3692): Input #0, ogg, from 'android-source:0xb45755b0':
I/FFMPEG  ( 3692):   Duration: 00:00:01.60, start: 0.000000, bitrate: 90 kb/s
I/FFMPEG  ( 3692):     Stream #0:0: Audio: vorbis, 44100 Hz, stereo, fltp, 112 kb/s
I/FFMPEG  ( 3692):     Metadata:
I/FFMPEG  ( 3692):       TITLE           : Lalande
D/FFmpegExtractor( 3692): FFmpegExtrator, url: android-source:0xb45755b0, format_name: ogg, format_long_name: Ogg
I/FFmpegExtractor( 3692): adjust mime(application/ogg -> audio/vorbis)
D/FFmpegExtractor( 3692): suppoted codec(vorbis) by official Stagefright
D/FFmpegExtractor( 3692): ffmpeg detected media content as 'audio/vorbis' with confidence 0.08
D/WVMDrmPlugIn( 3691): WVMDrmPlugin::onInitialize : 4349
D/WVMDrmPlugIn( 3691): WVMDrmPlugin::onSetOnInfoListener : add 4349
D/WVMDrmPlugIn( 3691): WVMDrmPlugin::onTerminate : 4349
I/FFmpegExtractor( 3692): android-source:0xb45756a0
I/FFMPEG  ( 3692): Input #0, ogg, from 'android-source:0xb45756a0':
I/FFMPEG  ( 3692):   Duration: 00:00:01.85, start: 0.000000, bitrate: 50 kb/s
I/FFMPEG  ( 3692):     Stream #0:0: Audio: vorbis, 44100 Hz, stereo, fltp, 450 kb/s
I/FFMPEG  ( 3692):     Metadata:
I/FFMPEG  ( 3692):       ENCODER         : FL Studio
D/FFmpegExtractor( 3692): FFmpegExtrator, url: android-source:0xb45756a0, format_name: ogg, format_long_name: Ogg
I/FFmpegExtractor( 3692): adjust mime(application/ogg -> audio/vorbis)
D/FFmpegExtractor( 3692): suppoted codec(vorbis) by official Stagefright
D/FFmpegExtractor( 3692): ffmpeg detected media content as 'audio/vorbis' with confidence 0.08
D/WVMDrmPlugIn( 3691): WVMDrmPlugin::onInitialize : 6585
D/WVMDrmPlugIn( 3691): WVMDrmPlugin::onSetOnInfoListener : add 6585
D/WVMDrmPlugIn( 3691): WVMDrmPlugin::onTerminate : 6585
I/FFmpegExtractor( 3692): android-source:0xb4575510
I/FFMPEG  ( 3692): Input #0, ogg, from 'android-source:0xb4575510':
I/FFMPEG  ( 3692):   Duration: 00:00:01.10, start: 0.000000, bitrate: 137 kb/s
I/FFMPEG  ( 3692):     Stream #0:0: Audio: vorbis, 48000 Hz, stereo, fltp, 112 kb/s
I/FFMPEG  ( 3692):     Metadata:
I/FFMPEG  ( 3692):       TITLE           : Merope
D/FFmpegExtractor( 3692): FFmpegExtrator, url: android-source:0xb4575510, format_name: ogg, format_long_name: Ogg
I/FFmpegExtractor( 3692): adjust mime(application/ogg -> audio/vorbis)
D/FFmpegExtractor( 3692): suppoted codec(vorbis) by official Stagefright
D/FFmpegExtractor( 3692): ffmpeg detected media content as 'audio/vorbis' with confidence 0.08
D/WVMDrmPlugIn( 3691): WVMDrmPlugin::onInitialize : 6012
D/WVMDrmPlugIn( 3691): WVMDrmPlugin::onSetOnInfoListener : add 6012
D/WVMDrmPlugIn( 3691): WVMDrmPlugin::onTerminate : 6012
I/FFmpegExtractor( 3692): android-source:0xb45cbec0
I/FFMPEG  ( 3692): Input #0, ogg, from 'android-source:0xb45cbec0':
I/FFMPEG  ( 3692):   Duration: 00:00:01.20, start: 0.000000, bitrate: 118 kb/s
I/FFMPEG  ( 3692):     Stream #0:0: Audio: vorbis, 44100 Hz, stereo, fltp, 112 kb/s
I/FFMPEG  ( 3692):     Metadata:
I/FFMPEG  ( 3692):       TITLE           : Mira
D/FFmpegExtractor( 3692): FFmpegExtrator, url: android-source:0xb45cbec0, format_name: ogg, format_long_name: Ogg
I/FFmpegExtractor( 3692): adjust mime(application/ogg -> audio/vorbis)
D/FFmpegExtractor( 3692): suppoted codec(vorbis) by official Stagefright
D/FFmpegExtractor( 3692): ffmpeg detected media content as 'audio/vorbis' with confidence 0.08
D/WVMDrmPlugIn( 3691): WVMDrmPlugin::onInitialize : 4349
D/WVMDrmPlugIn( 3691): WVMDrmPlugin::onSetOnInfoListener : add 4349
D/WVMDrmPlugIn( 3691): WVMDrmPlugin::onTerminate : 4349
I/FFmpegExtractor( 3692): android-source:0xb60ba100
I/FFMPEG  ( 3692): Input #0, ogg, from 'android-source:0xb60ba100':
I/FFMPEG  ( 3692):   Duration: 00:00:01.72, start: 0.000000, bitrate: 147 kb/s
I/FFMPEG  ( 3692):     Stream #0:0: Audio: vorbis, 44100 Hz, stereo, fltp, 320 kb/s
I/FFMPEG  ( 3692):     Metadata:
I/FFMPEG  ( 3692):       TITLE           : Naughty
I/FFMPEG  ( 3692):       ENCODER         : FL Studio
D/FFmpegExtractor( 3692): FFmpegExtrator, url: android-source:0xb60ba100, format_name: ogg, format_long_name: Ogg
I/FFmpegExtractor( 3692): adjust mime(application/ogg -> audio/vorbis)
D/FFmpegExtractor( 3692): suppoted codec(vorbis) by official Stagefright
D/FFmpegExtractor( 3692): ffmpeg detected media content as 'audio/vorbis' with confidence 0.08
D/WVMDrmPlugIn( 3691): WVMDrmPlugin::onInitialize : 7455
D/WVMDrmPlugIn( 3691): WVMDrmPlugin::onSetOnInfoListener : add 7455
D/WVMDrmPlugIn( 3691): WVMDrmPlugin::onTerminate : 7455
I/FFmpegExtractor( 3692): android-source:0xb45cbab0
I/FFMPEG  ( 3692): Input #0, ogg, from 'android-source:0xb45cbab0':
I/FFMPEG  ( 3692):   Duration: 00:00:01.92, start: 0.000000, bitrate: 83 kb/s
I/FFMPEG  ( 3692):     Stream #0:0: Audio: vorbis, 44100 Hz, mono, fltp, 80 kb/s
I/FFMPEG  ( 3692):     Metadata:
I/FFMPEG  ( 3692):       ARTIST          : Dr. MAD
I/FFMPEG  ( 3692):       TITLE           : On The Hunt
D/FFmpegExtractor( 3692): FFmpegExtrator, url: android-source:0xb45cbab0, format_name: ogg, format_long_name: Ogg
I/FFmpegExtractor( 3692): adjust mime(application/ogg -> audio/vorbis)
D/FFmpegExtractor( 3692): suppoted codec(vorbis) by official Stagefright
D/FFmpegExtractor( 3692): ffmpeg detected media content as 'audio/vorbis' with confidence 0.08
D/WVMDrmPlugIn( 3691): WVMDrmPlugin::onInitialize : 6401
D/WVMDrmPlugIn( 3691): WVMDrmPlugin::onSetOnInfoListener : add 6401
D/WVMDrmPlugIn( 3691): WVMDrmPlugin::onTerminate : 6401
I/FFmpegExtractor( 3692): android-source:0xb45cb740
I/FFMPEG  ( 3692): Input #0, ogg, from 'android-source:0xb45cb740':
I/FFMPEG  ( 3692):   Duration: 00:00:01.59, start: 0.000000, bitrate: 73 kb/s
I/FFMPEG  ( 3692):     Stream #0:0: Audio: vorbis, 44100 Hz, stereo, fltp, 112 kb/s
I/FFMPEG  ( 3692):     Metadata:
I/FFMPEG  ( 3692):       ANDROID_LOOP    : false
I/FFMPEG  ( 3692):       TITLE           : Palladium
D/FFmpegExtractor( 3692): FFmpegExtrator, url: android-source:0xb45cb740, format_name: ogg, format_long_name: Ogg
I/FFmpegExtractor( 3692): adjust mime(application/ogg -> audio/vorbis)
D/FFmpegExtractor( 3692): suppoted codec(vorbis) by official Stagefright
D/FFmpegExtractor( 3692): ffmpeg detected media content as 'audio/vorbis' with confidence 0.08
D/WVMDrmPlugIn( 3691): WVMDrmPlugin::onInitialize : 7763
D/WVMDrmPlugIn( 3691): WVMDrmPlugin::onSetOnInfoListener : add 7763
D/WVMDrmPlugIn( 3691): WVMDrmPlugin::onTerminate : 7763
I/FFmpegExtractor( 3692): android-source:0xb4575650
I/FFMPEG  ( 3692): Input #0, ogg, from 'android-source:0xb4575650':
I/FFMPEG  ( 3692):   Duration: 00:00:00.40, start: 0.000000, bitrate: 134 kb/s
I/FFMPEG  ( 3692):     Stream #0:0: Audio: vorbis, 44100 Hz, mono, fltp, 75 kb/s
I/FFMPEG  ( 3692):     Metadata:
I/FFMPEG  ( 3692):       COPYRIGHT       : (c) Copyright 2009 Android Open Source Project
I/FFMPEG  ( 3692):       TITLE           : Plastic Pipe
D/FFmpegExtractor( 3692): FFmpegExtrator, url: android-source:0xb4575650, format_name: ogg, format_long_name: Ogg
I/FFmpegExtractor( 3692): adjust mime(application/ogg -> audio/vorbis)
D/FFmpegExtractor( 3692): suppoted codec(vorbis) by official Stagefright
D/FFmpegExtractor( 3692): ffmpeg detected media content as 'audio/vorbis' with confidence 0.08
D/WVMDrmPlugIn( 3691): WVMDrmPlugin::onInitialize : 4140
D/WVMDrmPlugIn( 3691): WVMDrmPlugin::onSetOnInfoListener : add 4140
D/WVMDrmPlugIn( 3691): WVMDrmPlugin::onTerminate : 4140
I/FFmpegExtractor( 3692): android-source:0xb4575920
I/FFMPEG  ( 3692): Input #0, ogg, from 'android-source:0xb4575920':
I/FFMPEG  ( 3692):   Duration: 00:00:02.36, start: 0.000000, bitrate: 69 kb/s
I/FFMPEG  ( 3692):     Stream #0:0: Audio: vorbis, 44100 Hz, mono, fltp, 80 kb/s
I/FFMPEG  ( 3692):     Metadata:
I/FFMPEG  ( 3692):       ANDROID_LOOP    : false
I/FFMPEG  ( 3692):       TITLE           : Polaris
D/FFmpegExtractor( 3692): FFmpegExtrator, url: android-source:0xb4575920, format_name: ogg, format_long_name: Ogg
I/FFmpegExtractor( 3692): adjust mime(application/ogg -> audio/vorbis)
D/FFmpegExtractor( 3692): suppoted codec(vorbis) by official Stagefright
D/FFmpegExtractor( 3692): ffmpeg detected media content as 'audio/vorbis' with confidence 0.08
D/WVMDrmPlugIn( 3691): WVMDrmPlugin::onInitialize : 6071
D/WVMDrmPlugIn( 3691): WVMDrmPlugin::onSetOnInfoListener : add 6071
D/WVMDrmPlugIn( 3691): WVMDrmPlugin::onTerminate : 6071
I/FFmpegExtractor( 3692): android-source:0xb4575b00
I/FFMPEG  ( 3692): Input #0, ogg, from 'android-source:0xb4575b00':
I/FFMPEG  ( 3692):   Duration: 00:00:02.59, start: 0.000000, bitrate: 72 kb/s
I/FFMPEG  ( 3692):     Stream #0:0: Audio: vorbis, 44100 Hz, mono, fltp, 80 kb/s
I/FFMPEG  ( 3692):     Metadata:
I/FFMPEG  ( 3692):       ARTIST          : pdx
I/FFMPEG  ( 3692):       ALBUM           : Unknown
I/FFMPEG  ( 3692):       GENRE           : Unknown
