F/art     ( 5665): sart/runtime/runtime.cc:286] DALVIK THREADS (1):
F/art     ( 5665): sart/runtime/runtime.cc:286] "main" prio=5 tid=1 Runnable (still starting up)
F/art     ( 5665): sart/runtime/runtime.cc:286]   | group="" sCount=0 dsCount=0 obj=0x0 self=0xb5007800
F/art     ( 5665): sart/runtime/runtime.cc:286]   | sysTid=5665 nice=0 cgrp=default sched=0/0 handle=0xb6f4fec8
F/art     ( 5665): sart/runtime/runtime.cc:286]   | state=R schedstat=( 1102951834 1985000 28 ) utm=94 stm=15 core=4 HZ=100
F/art     ( 5665): sart/runtime/runtime.cc:286]   | stack=0xbe7bf000-0xbe7c1000 stackSize=8MB
F/art     ( 5665): sart/runtime/runtime.cc:286]   | held mutexes= "abort lock" "mutator lock"(shared held)
F/art     ( 5665): sart/runtime/runtime.cc:286]   native: #00 pc 000045b4  /system/lib/libbacktrace_libc++.so (UnwindCurrent::Unwind(unsigned int, ucontext*)+23)
F/art     ( 5665): sart/runtime/runtime.cc:286]   native: #01 pc 00002e1d  /system/lib/libbacktrace_libc++.so (Backtrace::Unwind(unsigned int, ucontext*)+8)
F/art     ( 5665): sart/runtime/runtime.cc:286]   native: #02 pc 0025ba7d  /system/lib/libart.so (art::DumpNativeStack(std::__1::basic_ostream<char, std::__1::char_traits<char> >&, int, char const*, art::mirror::ArtMethod*)+84)
F/art     ( 5665): sart/runtime/runtime.cc:286]   native: #03 pc 0023ed1b  /system/lib/libart.so (art::Thread::Dump(std::__1::basic_ostream<char, std::__1::char_traits<char> >&) const+162)
F/art     ( 5665): sart/runtime/runtime.cc:286]   native: #04 pc 00247e3d  /system/lib/libart.so (art::ThreadList::DumpLocked(std::__1::basic_ostream<char, std::__1::char_traits<char> >&)+120)
F/art     ( 5665): sart/runtime/runtime.cc:286]   native: #05 pc 0022e791  /system/lib/libart.so (art::AbortState::Dump(std::__1::basic_ostream<char, std::__1::char_traits<char> >&)+272)
F/art     ( 5665): sart/runtime/runtime.cc:286]   native: #06 pc 0022e9db  /system/lib/libart.so (art::Runtime::Abort()+82)
F/art     ( 5665): sart/runtime/runtime.cc:286]   native: #07 pc 000a9395  /system/lib/libart.so (art::LogMessage::~LogMessage()+1360)
F/art     ( 5665): sart/runtime/runtime.cc:286]   native: #08 pc 000e0a15  /system/lib/libart.so (art::ClassLinker::InitWithoutImage(std::__1::vector<art::DexFile const*, std::__1::allocator<art::DexFile const*> > const&)+10180)
F/art     ( 5665): sart/runtime/runtime.cc:286]   native: #09 pc 00230695  /system/lib/libart.so (art::Runtime::Init(std::__1::vector<std::__1::pair<std::__1::basic_string<char, std::__1::char_traits<char>, std::__1::allocator<char> >, void const*>, std::__1::allocator<std::__1::pair<std::__1::basic_string<char, std::__1::char_traits<char>, std::__1::allocator<char> >, void const*> > > const&, bool)+3076)
F/art     ( 5665): sart/runtime/runtime.cc:286]   native: #10 pc 00231b63  /system/lib/libart.so (art::Runtime::Create(std::__1::vector<std::__1::pair<std::__1::basic_string<char, std::__1::char_traits<char>, std::__1::allocator<char> >, void const*>, std::__1::allocator<std::__1::pair<std::__1::basic_string<char, std::__1::char_traits<char>, std::__1::allocator<char> >, void const*> > > const&, bool)+58)
F/art     ( 5665): sart/runtime/runtime.cc:286]   native: #11 pc 001e4047  /system/lib/libart.so (JNI_CreateJavaVM+470)
F/art     ( 5665): sart/runtime/runtime.cc:286]   native: #12 pc 0005ad93  /system/lib/libandroid_runtime.so (android::AndroidRuntime::startVm(_JavaVM**, _JNIEnv**)+2174)
F/art     ( 5665): sart/runtime/runtime.cc:286]   native: #13 pc 0005b3bf  /system/lib/libandroid_runtime.so (android::AndroidRuntime::start(char const*, android::Vector<android::String8> const&)+250)
F/art     ( 5665): sart/runtime/runtime.cc:286]   native: #14 pc 00001655  /system/bin/app_process32 (???)
F/art     ( 5665): sart/runtime/runtime.cc:286]   native: #15 pc 0000fb75  /system/lib/libc.so (__libc_init+44)
F/art     ( 5665): sart/runtime/runtime.cc:286]   native: #16 pc 00001770  /system/bin/app_process32 (???)
F/art     ( 5665): sart/runtime/runtime.cc:286]   (no managed stack frames)
F/art     ( 5665): sart/runtime/runtime.cc:286] 
F/art     ( 5665): sart/runtime/runtime.cc:286] 
F/libc    ( 5665): Fatal signal 6 (SIGABRT), code -6 in tid 5665 (main)
I/DEBUG   ( 5413): property debug.db.uid not set; NOT waiting for gdb.
I/DEBUG   ( 5413): HINT: adb shell setprop debug.db.uid 100000
I/DEBUG   ( 5413): HINT: adb forward tcp:5039 tcp:5039
V/NatController( 5662): runCmd(/system/bin/iptables -t nat -F natctrl_nat_POSTROUTING) res=0
V/NatController( 5662): runCmd(/system/bin/iptables -F natctrl_tether_counters) res=0
V/NatController( 5662): runCmd(/system/bin/iptables -X natctrl_tether_counters) res=0
V/NatController( 5662): runCmd(/system/bin/iptables -N natctrl_tether_counters) res=0
V/NatController( 5662): runCmd(/system/bin/iptables -t mangle -A natctrl_mangle_FORWARD -p tcp --tcp-flags SYN SYN -j TCPMSS --clamp-mss-to-pmtu) res=0
I/DEBUG   ( 5413): *** *** *** *** *** *** *** *** *** *** *** *** *** *** *** ***
I/DEBUG   ( 5413): Build fingerprint: 'samsung/cm_k3gxx/k3gxx:5.0.2/LRX22G/f6367390ba:userdebug/test-keys'
I/DEBUG   ( 5413): Revision: '10'
I/DEBUG   ( 5413): ABI: 'arm'
I/DEBUG   ( 5413): pid: 5665, tid: 5665, name: main  >>> zygote <<<
I/DEBUG   ( 5413): signal 6 (SIGABRT), code -6 (SI_TKILL), fault addr --------
I/DEBUG   ( 5413): Abort message: 'sart/runtime/class_linker.cc:398] Check failed: java_lang_String.Get() == String_class (java_lang_String.Get()=0x12c0a400, String_class=0x12c0b400) ----- class 'Ljava/lang/String;' cl=0x0 -----'
I/DEBUG   ( 5413):     r0 00000000  r1 00001621  r2 00000006  r3 00000000
I/DEBUG   ( 5413):     r4 b6f50114  r5 00000006  r6 00000002  r7 0000010c
I/DEBUG   ( 5413):     r8 00000000  r9 b504f520  sl b5007800  fp 00000001
I/DEBUG   ( 5413):     ip 00001621  sp befbc218  lr b6eda7b9  pc b6efe4e4  cpsr 600f0010
I/DEBUG   ( 5413): 
I/DEBUG   ( 5413): backtrace:
I/DEBUG   ( 5413):     #00 pc 000384e4  /system/lib/libc.so (tgkill+12)
I/DEBUG   ( 5413):     #01 pc 000147b5  /system/lib/libc.so (pthread_kill+52)
I/DEBUG   ( 5413):     #02 pc 0001550b  /system/lib/libc.so (raise+10)
I/DEBUG   ( 5413):     #03 pc 00011c35  /system/lib/libc.so (__libc_android_abort+36)
I/DEBUG   ( 5413):     #04 pc 0000fcb8  /system/lib/libc.so (abort+4)
I/DEBUG   ( 5413):     #05 pc 0022ea33  /system/lib/libart.so (art::Runtime::Abort()+170)
I/DEBUG   ( 5413):     #06 pc 000a9395  /system/lib/libart.so (art::LogMessage::~LogMessage()+1360)
I/DEBUG   ( 5413):     #07 pc 000e0a15  /system/lib/libart.so (art::ClassLinker::InitWithoutImage(std::__1::vector<art::DexFile const*, std::__1::allocator<art::DexFile const*> > const&)+10180)
I/DEBUG   ( 5413):     #08 pc 00230695  /system/lib/libart.so (art::Runtime::Init(std::__1::vector<std::__1::pair<std::__1::basic_string<char, std::__1::char_traits<char>, std::__1::allocator<char> >, void const*>, std::__1::allocator<std::__1::pair<std::__1::basic_string<char, std::__1::char_traits<char>, std::__1::allocator<char> >, void const*> > > const&, bool)+3076)
I/DEBUG   ( 5413):     #09 pc 00231b63  /system/lib/libart.so (art::Runtime::Create(std::__1::vector<std::__1::pair<std::__1::basic_string<char, std::__1::char_traits<char>, std::__1::allocator<char> >, void const*>, std::__1::allocator<std::__1::pair<std::__1::basic_string<char, std::__1::char_traits<char>, std::__1::allocator<char> >, void const*> > > const&, bool)+58)
I/DEBUG   ( 5413):     #10 pc 001e4047  /system/lib/libart.so (JNI_CreateJavaVM+470)
I/DEBUG   ( 5413):     #11 pc 0005ad93  /system/lib/libandroid_runtime.so (android::AndroidRuntime::startVm(_JavaVM**, _JNIEnv**)+2174)
I/DEBUG   ( 5413):     #12 pc 0005b3bf  /system/lib/libandroid_runtime.so (android::AndroidRuntime::start(char const*, android::Vector<android::String8> const&)+250)
I/DEBUG   ( 5413):     #13 pc 00001655  /system/bin/app_process32
I/DEBUG   ( 5413):     #14 pc 0000fb75  /system/lib/libc.so (__libc_init+44)
I/DEBUG   ( 5413):     #15 pc 00001770  /system/bin/app_process32
I/DEBUG   ( 5413): 
I/DEBUG   ( 5413): Tombstone written to: /data/tombstones/tombstone_09
I/ServiceManager( 3666): service 'media.audio_flinger' died
I/SurfaceFlinger( 5840): SurfaceFlinger is starting
I/SurfaceFlinger( 5840): SurfaceFlinger's main thread ready to run. Initializing graphics H/W...
D/libEGL  ( 5840): loaded /vendor/lib/egl/libGLES_mali.so
I/        ( 5840): PLATFORM VERSION : JB-MR-2
I/gralloc ( 5840): using (fd=12)
I/gralloc ( 5840): id           = 
I/gralloc ( 5840): xres         = 1080 px
I/gralloc ( 5840): yres         = 1920 px
I/gralloc ( 5840): xres_virtual = 1080 px
I/gralloc ( 5840): yres_virtual = 3840 px
I/gralloc ( 5840): bpp          = 32
I/gralloc ( 5840): r            = 16:8
I/gralloc ( 5840): g            =  8:8
I/gralloc ( 5840): b            =  0:8
I/gralloc ( 5840): width        = 65 mm (422.030762 dpi)
I/gralloc ( 5840): height       = 115 mm (424.069580 dpi)
I/gralloc ( 5840): refresh rate = 60.00 Hz
D/hwcomposer( 5840): using
D/hwcomposer( 5840): xres         = 1080 px
D/hwcomposer( 5840): yres         = 1920 px
D/hwcomposer( 5840): width        = 65 mm (422.030000 dpi)
D/hwcomposer( 5840): height       = 115 mm (424.069000 dpi)
D/hwcomposer( 5840): refresh rate = 60 Hz
D/libexynosv4l2-subdev( 5840): try node: /dev/v4l-subdev0
D/libexynosv4l2-subdev( 5840): try node: /dev/v4l-subdev1
D/libexynosv4l2-subdev( 5840): try node: /dev/v4l-subdev2
I/libexynosv4l2-subdev( 5840): node found for device s5p-mixer0: /dev/v4l-subdev2
I/libexynosv4l2-subdev( 5840): open subdev device /dev/v4l-subdev2
I/hwcomposer( 5840): PSR info devname = /sys/devices/14400000.fimd_fb/psr_info
I/hwcomposer( 5840): PSR mode is 2(0: video mode, 1: DP PSR mode, 2: MIPI-DSI command mode)
I/SurfaceFlinger( 5840): Using composer version 1.3
I/SurfaceFlinger( 5840): EGL information:
I/SurfaceFlinger( 5840): vendor    : Android
I/SurfaceFlinger( 5840): version   : 1.4 Android META-EGL
I/SurfaceFlinger( 5840): extensions: EGL_KHR_get_all_proc_addresses EGL_ANDROID_presentation_time EGL_KHR_image EGL_KHR_image_base EGL_KHR_gl_texture_2D_image EGL_KHR_gl_texture_cubemap_image EGL_KHR_gl_renderbuffer_image EGL_KHR_fence_sync EGL_KHR_create_context EGL_ANDROID_image_native_buffer EGL_KHR_wait_sync EGL_ANDROID_recordable 
I/SurfaceFlinger( 5840): Client API: OpenGL_ES
I/SurfaceFlinger( 5840): EGLSurface: 8-8-8-8, config=0xb69cf2ac
I/SurfaceFlinger( 5840): OpenGL ES informations:
I/SurfaceFlinger( 5840): vendor    : ARM
I/SurfaceFlinger( 5840): renderer  : Mali-T628
I/SurfaceFlinger( 5840): version   : OpenGL ES 3.0
I/SurfaceFlinger( 5840): extensions: GL_EXT_debug_marker GL_ARM_rgba8 GL_ARM_mali_shader_binary GL_OES_depth24 GL_OES_depth_texture GL_OES_depth_texture_cube_map GL_OES_packed_depth_stencil GL_OES_rgb8_rgba8 GL_EXT_read_format_bgra GL_OES_compressed_paletted_texture GL_OES_compressed_ETC1_RGB8_texture GL_OES_standard_derivatives GL_OES_EGL_image GL_OES_EGL_image_external GL_OES_EGL_sync GL_OES_texture_npot GL_OES_vertex_half_float GL_OES_required_internalformat GL_OES_vertex_array_object GL_OES_mapbuffer GL_EXT_texture_format_BGRA8888 GL_EXT_texture_rg GL_EXT_texture_type_2_10_10_10_REV GL_OES_fbo_render_mipmap GL_OES_element_index_uint GL_EXT_shadow_samplers GL_OES_texture_compression_astc GL_KHR_texture_compression_astc_ldr GL_KHR_texture_compression_astc_hdr GL_KHR_debug GL_EXT_occlusion_query_boolean GL_EXT_blend_minmax GL_EXT_discard_framebuffer GL_OES_get_program_binary GL_OES_texture_3D GL_EXT_texture_storage GL_EXT_multisampled_render_to_texture GL_OES_surfaceless_context GL_ARM_mali_program_binary 
I/SurfaceFlinger( 5840): GL_MAX_TEXTURE_SIZE = 8192
I/SurfaceFlinger( 5840): GL_MAX_VIEWPORT_DIMS = 8192
E/libEGL  ( 5840): eglQuerySurface:658 error 300d (EGL_BAD_SURFACE)
E/libEGL  ( 5840): eglQuerySurface:658 error 300d (EGL_BAD_SURFACE)
E/libEGL  ( 5840): call to OpenGL ES API with no current context (logged once per thread)
D/SurfaceFlinger( 5840): Set power mode=2, type=0 flinger=0xb6962000
I/hwcomposer( 5840): int exynos5_blank(hwc_composer_device_1*, int, int):: disp(0), blank(0)
I/hwcomposer( 5840): unblank ioctl failed (display already unblanked)
I/Netd    ( 5870): Netd 1.0 starting
E/Netd    ( 5870): Failed to open /proc/sys/net/ipv6/conf/default/accept_ra_rt_table: No such file or directory
E/Netd    ( 5870): Failed to open /proc/sys/net/ipv6/conf/ip6tnl0/accept_ra_rt_table: No such file or directory
E/Netd    ( 5870): Failed to open /proc/sys/net/ipv6/conf/lo/accept_ra_rt_table: No such file or directory
E/Netd    ( 5870): Failed to open /proc/sys/net/ipv6/conf/rmnet0/accept_ra_rt_table: No such file or directory
E/Netd    ( 5870): Failed to open /proc/sys/net/ipv6/conf/rmnet1/accept_ra_rt_table: No such file or directory
E/Netd    ( 5870): Failed to open /proc/sys/net/ipv6/conf/rmnet2/accept_ra_rt_table: No such file or directory
E/Netd    ( 5870): Failed to open /proc/sys/net/ipv6/conf/rmnet3/accept_ra_rt_table: No such file or directory
E/Netd    ( 5870): Failed to open /proc/sys/net/ipv6/conf/sit0/accept_ra_rt_table: No such file or directory
E/libEGL  ( 5840): eglSwapBuffers:1228 error 300d (EGL_BAD_SURFACE)
F/SurfaceFlinger( 5840): eglSwapBuffers(0x1, 0x0) failed with 0x0000300d
F/libc    ( 5840): Fatal signal 6 (SIGABRT), code -6 in tid 5840 (surfaceflinger)
I/DEBUG   ( 5413): property debug.db.uid not set; NOT waiting for gdb.
I/DEBUG   ( 5413): HINT: adb shell setprop debug.db.uid 100000
I/DEBUG   ( 5413): HINT: adb forward tcp:5039 tcp:5039
I/DEBUG   ( 5413): *** *** *** *** *** *** *** *** *** *** *** *** *** *** *** ***
I/DEBUG   ( 5413): Build fingerprint: 'samsung/cm_k3gxx/k3gxx:5.0.2/LRX22G/f6367390ba:userdebug/test-keys'
I/DEBUG   ( 5413): Revision: '10'
I/DEBUG   ( 5413): ABI: 'arm'
I/DEBUG   ( 5413): pid: 5840, tid: 5840, name: surfaceflinger  >>> /system/bin/surfaceflinger <<<
I/DEBUG   ( 5413): signal 6 (SIGABRT), code -6 (SI_TKILL), fault addr --------
I/mediaserver( 5871): ServiceManager: 0xb60500c0
I/AudioFlinger( 5871): Using default 3000 mSec as standby time.
I/ServiceManager( 5871): Waiting for service batterystats...
D/AndroidRuntime( 5873): 
D/AndroidRuntime( 5873): >>>>>> AndroidRuntime START com.android.internal.os.ZygoteInit <<<<<<
D/AndroidRuntime( 5873): CheckJNI is OFF
I/art     ( 5873): option[0]=-Xzygote
I/art     ( 5873): option[1]=-Xstacktracefile:/data/anr/traces.txt
I/art     ( 5873): option[2]=exit
I/art     ( 5873): option[3]=vfprintf
I/art     ( 5873): option[4]=sensitiveThread
I/art     ( 5873): option[5]=-verbose:gc
I/art     ( 5873): option[6]=-Xms8m
I/art     ( 5873): option[7]=-Xmx512m
I/art     ( 5873): option[8]=-XX:mainThreadStackSize=24K
I/art     ( 5873): option[9]=-XX:HeapGrowthLimit=128m
I/art     ( 5873): option[10]=-XX:HeapMinFree=2m
I/art     ( 5873): option[11]=-XX:HeapMaxFree=8m
I/art     ( 5873): option[12]=-XX:HeapTargetUtilization=0.75
I/art     ( 5873): option[13]=-agentlib:jdwp=transport=dt_android_adb,suspend=n,server=y
I/art     ( 5873): option[14]=-Xlockprofthreshold:500
I/art     ( 5873): option[15]=-Ximage-compiler-option
I/art     ( 5873): option[16]=--runtime-arg
I/art     ( 5873): option[17]=-Ximage-compiler-option
I/art     ( 5873): option[18]=-Xms64m
I/art     ( 5873): option[19]=-Ximage-compiler-option
I/art     ( 5873): option[20]=--runtime-arg
I/art     ( 5873): option[21]=-Ximage-compiler-option
I/art     ( 5873): option[22]=-Xmx64m
I/art     ( 5873): option[23]=-Ximage-compiler-option
I/art     ( 5873): option[24]=--image-classes-zip=/system/framework/framework.jar
I/art     ( 5873): option[25]=-Ximage-compiler-option
I/art     ( 5873): option[26]=--image-classes=preloaded-classes
I/art     ( 5873): option[27]=-Xcompiler-option
I/art     ( 5873): option[28]=--runtime-arg
I/art     ( 5873): option[29]=-Xcompiler-option
I/art     ( 5873): option[30]=-Xms64m
I/art     ( 5873): option[31]=-Xcompiler-option
I/art     ( 5873): option[32]=--runtime-arg
I/art     ( 5873): option[33]=-Xcompiler-option
I/art     ( 5873): option[34]=-Xmx512m
I/art     ( 5873): option[35]=-Duser.language=es
I/art     ( 5873): option[36]=-Duser.region=US
I/art     ( 5873): Pruning dalvik-cache since we are generating an image and will need to recompile
W/art     ( 5873): Prune Dex Cache
I/art     ( 5873): Using an offset of 0xfff09000 from default art base address of 0x70000000
I/art     ( 5873): GenerateImage: /system/bin/dex2oat --image=/data/dalvik-cache/arm/system@framework@boot.art --dex-file=/system/framework/core-libart.jar --dex-file=/system/framework/conscrypt.jar --dex-file=/system/framework/okhttp.jar --dex-file=/system/framework/core-junit.jar --dex-file=/system/framework/bouncycastle.jar --dex-file=/system/framework/ext.jar --dex-file=/system/framework/framework.jar --dex-file=/system/framework/telephony-common.jar --dex-file=/system/framework/voip-common.jar --dex-file=/system/framework/ims-common.jar --dex-file=/system/framework/mms-common.jar --dex-file=/system/framework/android.policy.jar --dex-file=/system/framework/apache-xml.jar --oat-file=/data/dalvik-cache/arm/system@framework@boot.oat --instruction-set=arm --instruction-set-features=div --base=0x6ff09000 --runtime-arg -Xms64m --runtime-arg -Xmx64m --image-classes-zip=/system/framework/framework.jar --image-classes=preloaded-classes
I/DEBUG   ( 5413): Abort message: 'eglSwapBuffers(0x1, 0x0) failed with 0x0000300d'
I/DEBUG   ( 5413):     r0 00000000  r1 000016d0  r2 00000006  r3 00000000
I/DEBUG   ( 5413):     r4 b6f1f114  r5 00000006  r6 0000000b  r7 0000010c
I/DEBUG   ( 5413):     r8 00000000  r9 bed49bd0  sl b6954210  fp bed49bd0
I/DEBUG   ( 5413):     ip 000016d0  sp bed49650  lr b6ea97b9  pc b6ecd4e4  cpsr 600f0010
I/DEBUG   ( 5413): 
I/DEBUG   ( 5413): backtrace:
I/DEBUG   ( 5413):     #00 pc 000384e4  /system/lib/libc.so (tgkill+12)
I/DEBUG   ( 5413):     #01 pc 000147b5  /system/lib/libc.so (pthread_kill+52)
I/DEBUG   ( 5413):     #02 pc 0001550b  /system/lib/libc.so (raise+10)
I/DEBUG   ( 5413):     #03 pc 00011c35  /system/lib/libc.so (__libc_android_abort+36)
I/DEBUG   ( 5413):     #04 pc 0000fcb8  /system/lib/libc.so (abort+4)
I/DEBUG   ( 5413):     #05 pc 00007739  /system/lib/libcutils.so (__android_log_assert+88)
I/DEBUG   ( 5413):     #06 pc 0000f4df  /system/lib/libsurfaceflinger.so
I/DEBUG   ( 5413):     #07 pc 0001b9fd  /system/lib/libsurfaceflinger.so
I/DEBUG   ( 5413):     #08 pc 0001abe7  /system/lib/libsurfaceflinger.so
I/DEBUG   ( 5413):     #09 pc 00019fc3  /system/lib/libsurfaceflinger.so
I/DEBUG   ( 5413):     #10 pc 00019d49  /system/lib/libsurfaceflinger.so
I/DEBUG   ( 5413):     #11 pc 00010ed3  /system/lib/libutils.so (android::Looper::pollInner(int)+410)
I/DEBUG   ( 5413):     #12 pc 00010fc5  /system/lib/libutils.so (android::Looper::pollOnce(int, int*, int*, void**)+92)
I/DEBUG   ( 5413):     #13 pc 000174c5  /system/lib/libsurfaceflinger.so
I/DEBUG   ( 5413):     #14 pc 0001993d  /system/lib/libsurfaceflinger.so (android::SurfaceFlinger::run()+8)
I/DEBUG   ( 5413):     #15 pc 0000083d  /system/bin/surfaceflinger
I/DEBUG   ( 5413):     #16 pc 0000fb75  /system/lib/libc.so (__libc_init+44)
I/DEBUG   ( 5413):     #17 pc 000008d8  /system/bin/surfaceflinger
W/art     ( 5873): Prune Dex Cache
W/art     ( 5873): Could not create image space with image file '/system/framework/boot.art'. Attempting to fall back to imageless running. Error was: Failed to generate image '/data/dalvik-cache/arm/system@framework@boot.art': Failed execv(/system/bin/dex2oat --image=/data/dalvik-cache/arm/system@framework@boot.art --dex-file=/system/framework/core-libart.jar --dex-file=/system/framework/conscrypt.jar --dex-file=/system/framework/okhttp.jar --dex-file=/system/framework/core-junit.jar --dex-file=/system/framework/bouncycastle.jar --dex-file=/system/framework/ext.jar --dex-file=/system/framework/framework.jar --dex-file=/system/framework/telephony-common.jar --dex-file=/system/framework/voip-common.jar --dex-file=/system/framework/ims-common.jar --dex-file=/system/framework/mms-common.jar --dex-file=/system/framework/android.policy.jar --dex-file=/system/framework/apache-xml.jar --oat-file=/data/dalvik-cache/arm/system@framework@boot.oat --instruction-set=arm --instruction-set-features=div --base=0x6ff09000 --runtime-arg -Xms64
I/DEBUG   ( 5413): 
I/DEBUG   ( 5413): Tombstone written to: /data/tombstones/tombstone_00
I/ServiceManager( 5871): Waiting for service batterystats...
I/ServiceManager( 3666): service 'SurfaceFlinger' died
I/ServiceManager( 3666): service 'Exynos.HWCService' died
F/art     ( 5873): sart/runtime/class_linker.cc:398] Check failed: java_lang_String.Get() == String_class (java_lang_String.Get()=0x12c0a400, String_class=0x12c0b400) ----- class 'Ljava/lang/String;' cl=0x0 -----
I/ServiceManager( 3666): service 'media.wifi_display' died
F/art     ( 5873): sart/runtime/class_linker.cc:398]   objectSize=640 (412 from super)
F/art     ( 5873): sart/runtime/class_linker.cc:398]   access=0x0000.0011
F/art     ( 5873): sart/runtime/class_linker.cc:398]   super='java.lang.Class<java.lang.Object>' (cl=0x0)
F/art     ( 5873): sart/runtime/class_linker.cc:398]   interfaces (3):
F/art     ( 5873): sart/runtime/class_linker.cc:398]      0: java.lang.Class<java.io.Serializable> (cl=0x0)
F/art     ( 5873): sart/runtime/class_linker.cc:398]      1: java.lang.Class<java.lang.Comparable> (cl=0x0)
F/art     ( 5873): sart/runtime/class_linker.cc:398]      2: java.lang.Class<java.lang.CharSequence> (cl=0x0)
F/art     ( 5873): sart/runtime/class_linker.cc:398]   class not yet loaded
F/art     ( 5873): sart/runtime/class_linker.cc:398] 
F/art     ( 5873): sart/runtime/class_linker.cc:398] ----- class 'Ljava/lang/String;' cl=0x0 -----
F/art     ( 5873): sart/runtime/class_linker.cc:398]   objectSize=636 (412 from super)
F/art     ( 5873): sart/runtime/class_linker.cc:398]   access=0x0000.0011
F/art     ( 5873): sart/runtime/class_linker.cc:398]   super='java.lang.Class<java.lang.Object>' (cl=0x0)
F/art     ( 5873): sart/runtime/class_linker.cc:398]   interfaces (3):
F/art     ( 5873): sart/runtime/class_linker.cc:398]      0: java.lang.Class<java.io.Serializable> (cl=0x0)
F/art     ( 5873): sart/runtime/class_linker.cc:398]      1: java.lang.Class<java.lang.Comparable> (cl=0x0)
F/art     ( 5873): sart/runtime/class_linker.cc:398]      2: java.lang.Class<java.lang.CharSequence> (cl=0x0)
F/art     ( 5873): sart/runtime/class_linker.cc:398]   vtable (54 entries, 11 in super):
F/art     ( 5873): sart/runtime/class_linker.cc:398]      0: void java.lang.String._getChars(int, int, char[], int)
F/art     ( 5873): sart/runtime/class_linker.cc:398]      1: char java.lang.String.charAt(int)
F/art     ( 5873): sart/runtime/class_linker.cc:398]      2: int java.lang.String.codePointAt(int)
F/art     ( 5873): sart/runtime/class_linker.cc:398]      3: int java.lang.String.codePointBefore(int)
F/art     ( 5873): sart/runtime/class_linker.cc:398]      4: int java.lang.String.codePointCount(int, int)
F/art     ( 5873): sart/runtime/class_linker.cc:398]      5: int java.lang.String.compareTo(java.lang.Object)
F/art     ( 5873): sart/runtime/class_linker.cc:398]      6: int java.lang.String.compareTo(java.lang.String)
F/art     ( 5873): sart/runtime/class_linker.cc:398]      7: int java.lang.String.compareToIgnoreCase(java.lang.String)
F/art     ( 5873): sart/runtime/class_linker.cc:398]      8: java.lang.String java.lang.String.concat(java.lang.String)
F/art     ( 5873): sart/runtime/class_linker.cc:398]      9: boolean java.lang.String.contains(java.lang.CharSequence)
F/art     ( 5873): sart/runtime/class_linker.cc:398]     10: boolean java.lang.String.contentEquals(java.lang.CharSequence)
F/art     ( 5873): sart/runtime/class_linker.cc:398]     11: boolean java.lang.String.contentEquals(java.lang.StringBuffer)
F/art     ( 5873): sart/runtime/class_linker.cc:398]     12: boolean java.lang.String.endsWith(java.lang.String)
F/art     ( 5873): sart/runtime/class_linker.cc:398]     13: boolean java.lang.String.equals(java.lang.Object)
F/art     ( 5873): sart/runtime/class_linker.cc:398]     14: boolean java.lang.String.equalsIgnoreCase(java.lang.String)
F/art     ( 5873): sart/runtime/class_linker.cc:398]     15: void java.lang.String.getBytes(int, int, byte[], int)
F/art     ( 5873): sart/runtime/class_linker.cc:398]     16: byte[] java.lang.String.getBytes()
F/art     ( 5873): sart/runtime/class_linker.cc:398]     17: byte[] java.lang.String.getBytes(java.lang.String)
F/art     ( 5873): sart/runtime/class_linker.cc:398]     18: byte[] java.lang.String.getBytes(java.nio.charset.Charset)
F/art     ( 5873): sart/runtime/class_linker.cc:398]     19: void java.lang.String.getChars(int, int, char[], int)
F/art     ( 5873): sart/runtime/class_linker.cc:398]     20: int java.lang.String.hashCode()
F/art     ( 5873): sart/runtime/class_linker.cc:398]     21: int java.lang.String.indexOf(int)
F/art     ( 5873): sart/runtime/class_linker.cc:398]     22: int java.lang.String.indexOf(int, int)
F/art     ( 5873): sart/runtime/class_linker.cc:398]     23: int java.lang.String.indexOf(java.lang.String)
F/art     ( 5873): sart/runtime/class_linker.cc:398]     24: int java.lang.String.indexOf(java.lang.String, int)
F/art     ( 5873): sart/runtime/class_linker.cc:398]     25: java.lang.String java.lang.String.intern()
F/art     ( 5873): sart/runtime/class_linker.cc:398]     26: boolean java.lang.String.isEmpty()
F/art     ( 5873): sart/runtime/class_linker.cc:398]     27: int java.lang.String.lastIndexOf(int)
F/art     ( 5873): sart/runtime/class_linker.cc:398]     28: int java.lang.String.lastIndexOf(int, int)
F/art     ( 5873): sart/runtime/class_linker.cc:398]     29: int java.lang.String.lastIndexOf(java.lang.String)
F/art     ( 5873): sart/runtime/class_linker.cc:398]     30: int java.lang.String.lastIndexOf(java.lang.String, int)
F/art     ( 5873): sart/runtime/class_linker.cc:398]     31: int java.lang.String.length()
F/art     ( 5873): sart/runtime/class_linker.cc:398]     32: boolean java.lang.String.matches(java.lang.String)
F/art     ( 5873): sart/runtime/class_linker.cc:398]     33: int java.lang.String.offsetByCodePoints(int, int)
F/art     ( 5873): sart/runtime/class_linker.cc:398]     34: boolean java.lang.String.regionMatches(int, java.lang.String, int, int)
F/art     ( 5873): sart/runtime/class_linker.cc:398]     35: boolean java.lang.String.regionMatches(boolean, int, java.lang.String, int, int)
F/art     ( 5873): sart/runtime/class_linker.cc:398]     36: java.lang.String java.lang.String.replace(char, char)
F/art     ( 5873): sart/runtime/class_linker.cc:398]     37: java.lang.String java.lang.String.replace(java.lang.CharSequence, java.lang.CharSequence)
F/art     ( 5873): sart/runtime/class_linker.cc:398]     38: java.lang.String java.lang.String.replaceAll(java.lang.String, java.lang.String)
F/art     ( 5873): sart/runtime/class_linker.cc:398]     39: java.lang.String java.lang.String.replaceFirst(java.lang.String, java.lang.String)
F/art     ( 5873): sart/runtime/class_linker.cc:398]     40: java.lang.String[] java.lang.String.split(java.lang.String)
F/art     ( 5873): sart/runtime/class_linker.cc:398]     41: java.lang.String[] java.lang.String.split(java.lang.String, int)
F/art     ( 5873): sart/runtime/class_linker.cc:398]     42: boolean java.lang.String.startsWith(java.lang.String)
F/art     ( 5873): sart/runtime/class_linker.cc:398]     43: boolean java.lang.String.startsWith(java.lang.String, int)
F/art     ( 5873): sart/runtime/class_linker.cc:398]     44: java.lang.CharSequence java.lang.String.subSequence(int, int)
F/art     ( 5873): sart/runtime/class_linker.cc:398]     45: java.lang.String java.lang.String.substring(int)
F/art     ( 5873): sart/runtime/class_linker.cc:398]     46: java.lang.String java.lang.String.substring(int, int)
F/art     ( 5873): sart/runtime/class_linker.cc:398]     47: char[] java.lang.String.toCharArray()
F/art     ( 5873): sart/runtime/class_linker.cc:398]     48: java.lang.String java.lang.String.toLowerCase()
F/art     ( 5873): sart/runtime/class_linker.cc:398]     49: java.lang.String java.lang.String.toLowerCase(java.util.Locale)
F/art     ( 5873): sart/runtime/class_linker.cc:398]     50: java.lang.String java.lang.String.toString()
F/art     ( 5873): sart/runtime/class_linker.cc:398]     51: java.lang.String java.lang.String.toUpperCase()
F/art     ( 5873): sart/runtime/class_linker.cc:398]     52: java.lang.String java.lang.String.toUpperCase(java.util.Locale)
F/art     ( 5873): sart/runtime/class_linker.cc:398]     53: java.lang.String java.lang.String.trim()
F/art     ( 5873): sart/runtime/class_linker.cc:398]   direct methods (38 entries):
F/art     ( 5873): sart/runtime/class_linker.cc:398]      0: void java.lang.String.<clinit>()
F/art     ( 5873): sart/runtime/class_linker.cc:398]      1: void java.lang.String.<init>()
F/art     ( 5873): sart/runtime/class_linker.cc:398]      2: void java.lang.String.<init>(int, int, char[])
F/art     ( 5873): sart/runtime/class_linker.cc:398]      3: void java.lang.String.<init>(java.lang.String)
F/art     ( 5873): sart/runtime/class_linker.cc:398]      4: void java.lang.String.<init>(java.lang.StringBuffer)
F/art     ( 5873): sart/runtime/class_linker.cc:398]      5: void java.lang.String.<init>(java.lang.StringBuilder)
F/art     ( 5873): sart/runtime/class_linker.cc:398]      6: void java.lang.String.<init>(byte[])
F/art     ( 5873): sart/runtime/class_linker.cc:398]      7: void java.lang.String.<init>(byte[], int)
F/art     ( 5873): sart/runtime/class_linker.cc:398]      8: void java.lang.String.<init>(byte[], int, int)
F/art     ( 5873): sart/runtime/class_linker.cc:398]      9: void java.lang.String.<init>(byte[], int, int, int)
F/art     ( 5873): sart/runtime/class_linker.cc:398]     10: void java.lang.String.<init>(byte[], int, int, java.lang.String)
F/art     ( 5873): sart/runtime/class_linker.cc:398]     11: void java.lang.String.<init>(byte[], int, int, java.nio.charset.Charset)
F/art     ( 5873): sart/runtime/class_linker.cc:398]     12: void java.lang.String.<init>(byte[], java.lang.String)
F/art     ( 5873): sart/runtime/class_linker.cc:398]     13: void java.lang.String.<init>(byte[], java.nio.charset.Charset)
F/art     ( 5873): sart/runtime/class_linker.cc:398]     14: void java.lang.String.<init>(char[])
F/art     ( 5873): sart/runtime/class_linker.cc:398]     15: void java.lang.String.<init>(char[], int, int)
F/art     ( 5873): sart/runtime/class_linker.cc:398]     16: void java.lang.String.<init>(int[], int, int)
F/art     ( 5873): sart/runtime/class_linker.cc:398]     17: java.lang.String java.lang.String.copyValueOf(char[])
F/art     ( 5873): sart/runtime/class_linker.cc:398]     18: java.lang.String java.lang.String.copyValueOf(char[], int, int)
F/art     ( 5873): sart/runtime/class_linker.cc:398]     19: java.lang.StringIndexOutOfBoundsException java.lang.String.failedBoundsCheck(int, int, int)
F/art     ( 5873): sart/runtime/class_linker.cc:398]     20: int java.lang.String.fastIndexOf(int, int)
F/art     ( 5873): sart/runtime/class_linker.cc:398]     21: char java.lang.String.foldCase(char)
F/art     ( 5873): sart/runtime/class_linker.cc:398]     22: java.lang.String java.lang.String.format(java.lang.String, java.lang.Object[])
F/art     ( 5873): sart/runtime/class_linker.cc:398]     23: java.lang.String java.lang.String.format(java.util.Locale, java.lang.String, java.lang.Object[])
F/art     ( 5873): sart/runtime/class_linker.cc:398]     24: java.lang.StringIndexOutOfBoundsException java.lang.String.indexAndLength(int)
F/art     ( 5873): sart/runtime/class_linker.cc:398]     25: int java.lang.String.indexOf(java.lang.String, java.lang.String, int, int, char)
F/art     ( 5873): sart/runtime/class_linker.cc:398]     26: int java.lang.String.indexOfSupplementary(int, int)
F/art     ( 5873): sart/runtime/class_linker.cc:398]     27: int java.lang.String.lastIndexOfSupplementary(int, int)
F/art     ( 5873): sart/runtime/class_linker.cc:398]     28: java.lang.StringIndexOutOfBoundsException java.lang.String.startEndAndLength(int, int)
F/art     ( 5873): sart/runtime/class_linker.cc:398]     29: java.lang.String java.lang.String.valueOf(char)
F/art     ( 5873): sart/runtime/class_linker.cc:398]     30: java.lang.String java.lang.String.valueOf(double)
F/art     ( 5873): sart/runtime/class_linker.cc:398]     31: java.lang.String java.lang.String.valueOf(float)
F/art     ( 5873): sart/runtime/class_linker.cc:398]     32: java.lang.String java.lang.String.valueOf(int)
F/art     ( 5873): sart/runtime/class_linker.cc:398]     33: java.lang.String java.lang.String.valueOf(long)
F/art     ( 5873): sart/runtime/class_linker.cc:398]     34: java.lang.String java.lang.String.valueOf(java.lang.Object)
F/art     ( 5873): sart/runtime/class_linker.cc:398]     35: java.lang.String java.lang.String.valueOf(boolean)
F/art     ( 5873): sart/runtime/class_linker.cc:398]     36: java.lang.String java.lang.String.valueOf(char[])
F/art     ( 5873): sart/runtime/class_linker.cc:398]     37: java.lang.String java.lang.String.valueOf(char[], int, int)
F/art     ( 5873): sart/runtime/class_linker.cc:398]   static fields (4 entries):
F/art     ( 5873): sart/runtime/class_linker.cc:398]      0: char[] java.lang.String.ASCII
F/art     ( 5873): sart/runtime/class_linker.cc:398]      1: java.util.Comparator java.lang.String.CASE_INSENSITIVE_ORDER
F/art     ( 5873): sart/runtime/class_linker.cc:398]      2: long java.lang.String.serialVersionUID
F/art     ( 5873): sart/runtime/class_linker.cc:398]      3: char java.lang.String.REPLACEMENT_CHAR
F/art     ( 5873): sart/runtime/class_linker.cc:398]   instance fields (4 entries):
F/art     ( 5873): sart/runtime/class_linker.cc:398]      0: char[] java.lang.String.value
F/art     ( 5873): sart/runtime/class_linker.cc:398]      1: int java.lang.String.count
F/art     ( 5873): sart/runtime/class_linker.cc:398]      2: int java.lang.String.hashCode
F/art     ( 5873): sart/runtime/class_linker.cc:398]      3: int java.lang.String.offset
F/art     ( 5873): sart/runtime/class_linker.cc:398] 
I/ServiceManager( 3666): service 'media.audio_flinger' died
I/SurfaceFlinger( 6005): SurfaceFlinger is starting
I/SurfaceFlinger( 6005): SurfaceFlinger's main thread ready to run. Initializing graphics H/W...
D/libEGL  ( 6005): loaded /vendor/lib/egl/libGLES_mali.so
I/        ( 6005): PLATFORM VERSION : JB-MR-2
I/gralloc ( 6005): using (fd=12)
I/gralloc ( 6005): id           = 
I/gralloc ( 6005): xres         = 1080 px
I/gralloc ( 6005): yres         = 1920 px
I/gralloc ( 6005): xres_virtual = 1080 px
I/gralloc ( 6005): yres_virtual = 3840 px
I/gralloc ( 6005): bpp          = 32
I/gralloc ( 6005): r            = 16:8
I/gralloc ( 6005): g            =  8:8
I/gralloc ( 6005): b            =  0:8
I/gralloc ( 6005): width        = 65 mm (422.030762 dpi)
I/gralloc ( 6005): height       = 115 mm (424.069580 dpi)
I/gralloc ( 6005): refresh rate = 60.00 Hz
D/hwcomposer( 6005): using
D/hwcomposer( 6005): xres         = 1080 px
D/hwcomposer( 6005): yres         = 1920 px
D/hwcomposer( 6005): width        = 65 mm (422.030000 dpi)
D/hwcomposer( 6005): height       = 115 mm (424.069000 dpi)
D/hwcomposer( 6005): refresh rate = 60 Hz
D/libexynosv4l2-subdev( 6005): try node: /dev/v4l-subdev0
D/libexynosv4l2-subdev( 6005): try node: /dev/v4l-subdev1
D/libexynosv4l2-subdev( 6005): try node: /dev/v4l-subdev2
I/libexynosv4l2-subdev( 6005): node found for device s5p-mixer0: /dev/v4l-subdev2
I/libexynosv4l2-subdev( 6005): open subdev device /dev/v4l-subdev2
I/hwcomposer( 6005): PSR info devname = /sys/devices/14400000.fimd_fb/psr_info
I/hwcomposer( 6005): PSR mode is 2(0: video mode, 1: DP PSR mode, 2: MIPI-DSI command mode)
I/SurfaceFlinger( 6005): Using composer version 1.3
I/SurfaceFlinger( 6005): EGL information:
I/SurfaceFlinger( 6005): vendor    : Android
I/SurfaceFlinger( 6005): version   : 1.4 Android META-EGL
I/SurfaceFlinger( 6005): extensions: EGL_KHR_get_all_proc_addresses EGL_ANDROID_presentation_time EGL_KHR_image EGL_KHR_image_base EGL_KHR_gl_texture_2D_image EGL_KHR_gl_texture_cubemap_image EGL_KHR_gl_renderbuffer_image EGL_KHR_fence_sync EGL_KHR_create_context EGL_ANDROID_image_native_buffer EGL_KHR_wait_sync EGL_ANDROID_recordable 
I/SurfaceFlinger( 6005): Client API: OpenGL_ES
I/SurfaceFlinger( 6005): EGLSurface: 8-8-8-8, config=0xb6acf2ac
I/SurfaceFlinger( 6005): OpenGL ES informations:
I/SurfaceFlinger( 6005): vendor    : ARM
I/SurfaceFlinger( 6005): renderer  : Mali-T628
I/SurfaceFlinger( 6005): version   : OpenGL ES 3.0
I/SurfaceFlinger( 6005): extensions: GL_EXT_debug_marker GL_ARM_rgba8 GL_ARM_mali_shader_binary GL_OES_depth24 GL_OES_depth_texture GL_OES_depth_texture_cube_map GL_OES_packed_depth_stencil GL_OES_rgb8_rgba8 GL_EXT_read_format_bgra GL_OES_compressed_paletted_texture GL_OES_compressed_ETC1_RGB8_texture GL_OES_standard_derivatives GL_OES_EGL_image GL_OES_EGL_image_external GL_OES_EGL_sync GL_OES_texture_npot GL_OES_vertex_half_float GL_OES_required_internalformat GL_OES_vertex_array_object GL_OES_mapbuffer GL_EXT_texture_format_BGRA8888 GL_EXT_texture_rg GL_EXT_texture_type_2_10_10_10_REV GL_OES_fbo_render_mipmap GL_OES_element_index_uint GL_EXT_shadow_samplers GL_OES_texture_compression_astc GL_KHR_texture_compression_astc_ldr GL_KHR_texture_compression_astc_hdr GL_KHR_debug GL_EXT_occlusion_query_boolean GL_EXT_blend_minmax GL_EXT_discard_framebuffer GL_OES_get_program_binary GL_OES_texture_3D GL_EXT_texture_storage GL_EXT_multisampled_render_to_texture GL_OES_surfaceless_context GL_ARM_mali_program_binary 
I/SurfaceFlinger( 6005): GL_MAX_TEXTURE_SIZE = 8192
I/SurfaceFlinger( 6005): GL_MAX_VIEWPORT_DIMS = 8192
E/libEGL  ( 6005): eglQuerySurface:658 error 300d (EGL_BAD_SURFACE)
E/libEGL  ( 6005): eglQuerySurface:658 error 300d (EGL_BAD_SURFACE)
E/libEGL  ( 6005): call to OpenGL ES API with no current context (logged once per thread)
D/SurfaceFlinger( 6005): Set power mode=2, type=0 flinger=0xb6a62000
I/hwcomposer( 6005): int exynos5_blank(hwc_composer_device_1*, int, int):: disp(0), blank(0)
I/hwcomposer( 6005): unblank ioctl failed (display already unblanked)
E/libEGL  ( 6005): eglSwapBuffers:1228 error 300d (EGL_BAD_SURFACE)
F/SurfaceFlinger( 6005): eglSwapBuffers(0x1, 0x0) failed with 0x0000300d
F/libc    ( 6005): Fatal signal 6 (SIGABRT), code -6 in tid 6005 (surfaceflinger)
I/DEBUG   ( 5413): property debug.db.uid not set; NOT waiting for gdb.
I/DEBUG   ( 5413): HINT: adb shell setprop debug.db.uid 100000
I/DEBUG   ( 5413): HINT: adb forward tcp:5039 tcp:5039
I/DEBUG   ( 5413): *** *** *** *** *** *** *** *** *** *** *** *** *** *** *** ***
I/DEBUG   ( 5413): Build fingerprint: 'samsung/cm_k3gxx/k3gxx:5.0.2/LRX22G/f6367390ba:userdebug/test-keys'
I/DEBUG   ( 5413): Revision: '10'
I/DEBUG   ( 5413): ABI: 'arm'
I/DEBUG   ( 5413): pid: 6005, tid: 6005, name: surfaceflinger  >>> /system/bin/surfaceflinger <<<
I/DEBUG   ( 5413): signal 6 (SIGABRT), code -6 (SI_TKILL), fault addr --------
I/DEBUG   ( 5413): Abort message: 'eglSwapBuffers(0x1, 0x0) failed with 0x0000300d'
I/DEBUG   ( 5413):     r0 00000000  r1 00001775  r2 00000006  r3 00000000
I/DEBUG   ( 5413):     r4 b6f8e114  r5 00000006  r6 0000000b  r7 0000010c
I/DEBUG   ( 5413):     r8 00000000  r9 bea81bd0  sl b6a54210  fp bea81bd0
I/DEBUG   ( 5413):     ip 00001775  sp bea81650  lr b6f187b9  pc b6f3c4e4  cpsr 600f0010
I/DEBUG   ( 5413): 
I/DEBUG   ( 5413): backtrace:
I/DEBUG   ( 5413):     #00 pc 000384e4  /system/lib/libc.so (tgkill+12)
I/DEBUG   ( 5413):     #01 pc 000147b5  /system/lib/libc.so (pthread_kill+52)
I/DEBUG   ( 5413):     #02 pc 0001550b  /system/lib/libc.so (raise+10)
I/DEBUG   ( 5413):     #03 pc 00011c35  /system/lib/libc.so (__libc_android_abort+36)
I/DEBUG   ( 5413):     #04 pc 0000fcb8  /system/lib/libc.so (abort+4)
I/DEBUG   ( 5413):     #05 pc 00007739  /system/lib/libcutils.so (__android_log_assert+88)
I/DEBUG   ( 5413):     #06 pc 0000f4df  /system/lib/libsurfaceflinger.so
I/DEBUG   ( 5413):     #07 pc 0001b9fd  /system/lib/libsurfaceflinger.so
I/DEBUG   ( 5413):     #08 pc 0001abe7  /system/lib/libsurfaceflinger.so
I/DEBUG   ( 5413):     #09 pc 00019fc3  /system/lib/libsurfaceflinger.so
I/DEBUG   ( 5413):     #10 pc 00019d49  /system/lib/libsurfaceflinger.so
I/DEBUG   ( 5413):     #11 pc 00010ed3  /system/lib/libutils.so (android::Looper::pollInner(int)+410)
I/DEBUG   ( 5413):     #12 pc 00010fc5  /system/lib/libutils.so (android::Looper::pollOnce(int, int*, int*, void**)+92)
I/DEBUG   ( 5413):     #13 pc 000174c5  /system/lib/libsurfaceflinger.so
I/DEBUG   ( 5413):     #14 pc 0001993d  /system/lib/libsurfaceflinger.so (android::SurfaceFlinger::run()+8)
I/DEBUG   ( 5413):     #15 pc 0000083d  /system/bin/surfaceflinger
I/DEBUG   ( 5413):     #16 pc 0000fb75  /system/lib/libc.so (__libc_init+44)
I/DEBUG   ( 5413):     #17 pc 000008d8  /system/bin/surfaceflinger
I/DEBUG   ( 5413): 
I/DEBUG   ( 5413): Tombstone written to: /data/tombstones/tombstone_01
I/ServiceManager( 3666): service 'SurfaceFlinger' died
I/ServiceManager( 3666): service 'Exynos.HWCService' died
I/ServiceManager( 3666): service 'media.wifi_display' died
I/Netd    ( 6039): Netd 1.0 starting
E/Netd    ( 6039): Failed to open /proc/sys/net/ipv6/conf/default/accept_ra_rt_table: No such file or directory
E/Netd    ( 6039): Failed to open /proc/sys/net/ipv6/conf/ip6tnl0/accept_ra_rt_table: No such file or directory
E/Netd    ( 6039): Failed to open /proc/sys/net/ipv6/conf/lo/accept_ra_rt_table: No such file or directory
E/Netd    ( 6039): Failed to open /proc/sys/net/ipv6/conf/rmnet0/accept_ra_rt_table: No such file or directory
E/Netd    ( 6039): Failed to open /proc/sys/net/ipv6/conf/rmnet1/accept_ra_rt_table: No such file or directory
E/Netd    ( 6039): Failed to open /proc/sys/net/ipv6/conf/rmnet2/accept_ra_rt_table: No such file or directory
E/Netd    ( 6039): Failed to open /proc/sys/net/ipv6/conf/rmnet3/accept_ra_rt_table: No such file or directory
E/Netd    ( 6039): Failed to open /proc/sys/net/ipv6/conf/sit0/accept_ra_rt_table: No such file or directory
I/mediaserver( 6040): ServiceManager: 0xb60500c0
I/AudioFlinger( 6040): Using default 3000 mSec as standby time.
I/ServiceManager( 6040): Waiting for service batterystats...
D/AndroidRuntime( 6042): 
D/AndroidRuntime( 6042): >>>>>> AndroidRuntime START com.android.internal.os.ZygoteInit <<<<<<
D/AndroidRuntime( 6042): CheckJNI is OFF
I/art     ( 6042): option[0]=-Xzygote
I/art     ( 6042): option[1]=-Xstacktracefile:/data/anr/traces.txt
I/art     ( 6042): option[2]=exit
I/art     ( 6042): option[3]=vfprintf
I/art     ( 6042): option[4]=sensitiveThread
I/art     ( 6042): option[5]=-verbose:gc
I/art     ( 6042): option[6]=-Xms8m
I/art     ( 6042): option[7]=-Xmx512m
I/art     ( 6042): option[8]=-XX:mainThreadStackSize=24K
I/art     ( 6042): option[9]=-XX:HeapGrowthLimit=128m
I/art     ( 6042): option[10]=-XX:HeapMinFree=2m
I/art     ( 6042): option[11]=-XX:HeapMaxFree=8m
I/art     ( 6042): option[12]=-XX:HeapTargetUtilization=0.75
I/art     ( 6042): option[13]=-agentlib:jdwp=transport=dt_android_adb,suspend=n,server=y
I/art     ( 6042): option[14]=-Xlockprofthreshold:500
I/art     ( 6042): option[15]=-Ximage-compiler-option
I/art     ( 6042): option[16]=--runtime-arg
I/art     ( 6042): option[17]=-Ximage-compiler-option
I/art     ( 6042): option[18]=-Xms64m
I/art     ( 6042): option[19]=-Ximage-compiler-option
I/art     ( 6042): option[20]=--runtime-arg
I/art     ( 6042): option[21]=-Ximage-compiler-option
I/art     ( 6042): option[22]=-Xmx64m
I/art     ( 6042): option[23]=-Ximage-compiler-option
I/art     ( 6042): option[24]=--image-classes-zip=/system/framework/framework.jar
I/art     ( 6042): option[25]=-Ximage-compiler-option
I/art     ( 6042): option[26]=--image-classes=preloaded-classes
I/art     ( 6042): option[27]=-Xcompiler-option
I/art     ( 6042): option[28]=--runtime-arg
I/art     ( 6042): option[29]=-Xcompiler-option
I/art     ( 6042): option[30]=-Xms64m
I/art     ( 6042): option[31]=-Xcompiler-option
I/art     ( 6042): option[32]=--runtime-arg
I/art     ( 6042): option[33]=-Xcompiler-option
I/art     ( 6042): option[34]=-Xmx512m
I/art     ( 6042): option[35]=-Duser.language=es
I/art     ( 6042): option[36]=-Duser.region=US
I/art     ( 6042): Pruning dalvik-cache since we are generating an image and will need to recompile
W/art     ( 6042): Prune Dex Cache
I/art     ( 6042): Using an offset of 0xbc4000 from default art base address of 0x70000000
I/art     ( 6042): GenerateImage: /system/bin/dex2oat --image=/data/dalvik-cache/arm/system@framework@boot.art --dex-file=/system/framework/core-libart.jar --dex-file=/system/framework/conscrypt.jar --dex-file=/system/framework/okhttp.jar --dex-file=/system/framework/core-junit.jar --dex-file=/system/framework/bouncycastle.jar --dex-file=/system/framework/ext.jar --dex-file=/system/framework/framework.jar --dex-file=/system/framework/telephony-common.jar --dex-file=/system/framework/voip-common.jar --dex-file=/system/framework/ims-common.jar --dex-file=/system/framework/mms-common.jar --dex-file=/system/framework/android.policy.jar --dex-file=/system/framework/apache-xml.jar --oat-file=/data/dalvik-cache/arm/system@framework@boot.oat --instruction-set=arm --instruction-set-features=div --base=0x70bc4000 --runtime-arg -Xms64m --runtime-arg -Xmx64m --image-classes-zip=/system/framework/framework.jar --image-classes=preloaded-classes
W/art     ( 6042): Prune Dex Cache
W/art     ( 6042): Could not create image space with image file '/system/framework/boot.art'. Attempting to fall back to imageless running. Error was: Failed to generate image '/data/dalvik-cache/arm/system@framework@boot.art': Failed execv(/system/bin/dex2oat --image=/data/dalvik-cache/arm/system@framework@boot.art --dex-file=/system/framework/core-libart.jar --dex-file=/system/framework/conscrypt.jar --dex-file=/system/framework/okhttp.jar --dex-file=/system/framework/core-junit.jar --dex-file=/system/framework/bouncycastle.jar --dex-file=/system/framework/ext.jar --dex-file=/system/framework/framework.jar --dex-file=/system/framework/telephony-common.jar --dex-file=/system/framework/voip-common.jar --dex-file=/system/framework/ims-common.jar --dex-file=/system/framework/mms-common.jar --dex-file=/system/framework/android.policy.jar --dex-file=/system/framework/apache-xml.jar --oat-file=/data/dalvik-cache/arm/system@framework@boot.oat --instruction-set=arm --instruction-set-features=div --base=0x70bc4000 --runtime-arg -Xms64
F/art     ( 6042): sart/runtime/class_linker.cc:398] Check failed: java_lang_String.Get() == String_class (java_lang_String.Get()=0x12c0a400, String_class=0x12c0b400) ----- class 'Ljava/lang/String;' cl=0x0 -----
F/art     ( 6042): sart/runtime/class_linker.cc:398]   objectSize=640 (412 from super)
F/art     ( 6042): sart/runtime/class_linker.cc:398]   access=0x0000.0011
F/art     ( 6042): sart/runtime/class_linker.cc:398]   super='java.lang.Class<java.lang.Object>' (cl=0x0)
F/art     ( 6042): sart/runtime/class_linker.cc:398]   interfaces (3):
F/art     ( 6042): sart/runtime/class_linker.cc:398]      0: java.lang.Class<java.io.Serializable> (cl=0x0)
F/art     ( 6042): sart/runtime/class_linker.cc:398]      1: java.lang.Class<java.lang.Comparable> (cl=0x0)
F/art     ( 6042): sart/runtime/class_linker.cc:398]      2: java.lang.Class<java.lang.CharSequence> (cl=0x0)
F/art     ( 6042): sart/runtime/class_linker.cc:398]   class not yet loaded
F/art     ( 6042): sart/runtime/class_linker.cc:398] 
F/art     ( 6042): sart/runtime/class_linker.cc:398] ----- class 'Ljava/lang/String;' cl=0x0 -----
F/art     ( 6042): sart/runtime/class_linker.cc:398]   objectSize=636 (412 from super)
F/art     ( 6042): sart/runtime/class_linker.cc:398]   access=0x0000.0011
F/art     ( 6042): sart/runtime/class_linker.cc:398]   super='java.lang.Class<java.lang.Object>' (cl=0x0)
F/art     ( 6042): sart/runtime/class_linker.cc:398]   interfaces (3):
F/art     ( 6042): sart/runtime/class_linker.cc:398]      0: java.lang.Class<java.io.Serializable> (cl=0x0)
F/art     ( 6042): sart/runtime/class_linker.cc:398]      1: java.lang.Class<java.lang.Comparable> (cl=0x0)
F/art     ( 6042): sart/runtime/class_linker.cc:398]      2: java.lang.Class<java.lang.CharSequence> (cl=0x0)
F/art     ( 6042): sart/runtime/class_linker.cc:398]   vtable (54 entries, 11 in super):
F/art     ( 6042): sart/runtime/class_linker.cc:398]      0: void java.lang.String._getChars(int, int, char[], int)
F/art     ( 6042): sart/runtime/class_linker.cc:398]      1: char java.lang.String.charAt(int)
F/art     ( 6042): sart/runtime/class_linker.cc:398]      2: int java.lang.String.codePointAt(int)
F/art     ( 6042): sart/runtime/class_linker.cc:398]      3: int java.lang.String.codePointBefore(int)
F/art     ( 6042): sart/runtime/class_linker.cc:398]      4: int java.lang.String.codePointCount(int, int)
F/art     ( 6042): sart/runtime/class_linker.cc:398]      5: int java.lang.String.compareTo(java.lang.Object)
F/art     ( 6042): sart/runtime/class_linker.cc:398]      6: int java.lang.String.compareTo(java.lang.String)
F/art     ( 6042): sart/runtime/class_linker.cc:398]      7: int java.lang.String.compareToIgnoreCase(java.lang.String)
F/art     ( 6042): sart/runtime/class_linker.cc:398]      8: java.lang.String java.lang.String.concat(java.lang.String)
F/art     ( 6042): sart/runtime/class_linker.cc:398]      9: boolean java.lang.String.contains(java.lang.CharSequence)
F/art     ( 6042): sart/runtime/class_linker.cc:398]     10: boolean java.lang.String.contentEquals(java.lang.CharSequence)
F/art     ( 6042): sart/runtime/class_linker.cc:398]     11: boolean java.lang.String.contentEquals(java.lang.StringBuffer)
F/art     ( 6042): sart/runtime/class_linker.cc:398]     12: boolean java.lang.String.endsWith(java.lang.String)
F/art     ( 6042): sart/runtime/class_linker.cc:398]     13: boolean java.lang.String.equals(java.lang.Object)
F/art     ( 6042): sart/runtime/class_linker.cc:398]     14: boolean java.lang.String.equalsIgnoreCase(java.lang.String)
