I/DEBUG   ( 3583):     #00 pc 000384e4  /system/lib/libc.so (tgkill+12)
I/DEBUG   ( 3583):     #01 pc 000147b5  /system/lib/libc.so (pthread_kill+52)
I/DEBUG   ( 3583):     #02 pc 0001550b  /system/lib/libc.so (raise+10)
I/DEBUG   ( 3583):     #03 pc 00011c35  /system/lib/libc.so (__libc_android_abort+36)
I/DEBUG   ( 3583):     #04 pc 0000fcb8  /system/lib/libc.so (abort+4)
I/DEBUG   ( 3583):     #05 pc 00007739  /system/lib/libcutils.so (__android_log_assert+88)
I/DEBUG   ( 3583):     #06 pc 0000f4df  /system/lib/libsurfaceflinger.so
I/DEBUG   ( 3583):     #07 pc 0001b9fd  /system/lib/libsurfaceflinger.so
I/DEBUG   ( 3583):     #08 pc 0001abe7  /system/lib/libsurfaceflinger.so
I/DEBUG   ( 3583):     #09 pc 00019fc3  /system/lib/libsurfaceflinger.so
I/DEBUG   ( 3583):     #10 pc 00019d49  /system/lib/libsurfaceflinger.so
I/DEBUG   ( 3583):     #11 pc 00010ed3  /system/lib/libutils.so (android::Looper::pollInner(int)+410)
I/DEBUG   ( 3583):     #12 pc 00010fc5  /system/lib/libutils.so (android::Looper::pollOnce(int, int*, int*, void**)+92)
I/DEBUG   ( 3583):     #13 pc 000174c5  /system/lib/libsurfaceflinger.so
I/DEBUG   ( 3583):     #14 pc 0001993d  /system/lib/libsurfaceflinger.so (android::SurfaceFlinger::run()+8)
I/DEBUG   ( 3583):     #15 pc 0000083d  /system/bin/surfaceflinger
I/DEBUG   ( 3583):     #16 pc 0000fb75  /system/lib/libc.so (__libc_init+44)
I/DEBUG   ( 3583):     #17 pc 000008d8  /system/bin/surfaceflinger
W/auditd  ( 3603): type=1325 audit(0.0:830): table=raw family=10 entries=8
W/ip6tables( 4719): type=1300 audit(0.0:830): arch=40000028 syscall=294 per=800000 success=yes exit=0 a0=4 a1=29 a2=40 a3=b6c32800 items=0 ppid=4568 auid=4294967295 uid=0 gid=0 euid=0 suid=0 fsuid=0 egid=0 sgid=0 fsgid=0 ses=4294967295 tty=(none) exe="/system/bin/ip6tables" subj=u:r:netd:s0 key=(null)
W/auditd  ( 3603): type=1320 audit(0.0:830): 
W/auditd  ( 3603): type=1325 audit(0.0:831): table=raw family=2 entries=8
W/iptables( 4720): type=1300 audit(0.0:831): arch=40000028 syscall=294 per=800000 success=yes exit=0 a0=4 a1=0 a2=40 a3=b6c30100 items=0 ppid=4568 auid=4294967295 uid=0 gid=0 euid=0 suid=0 fsuid=0 egid=0 sgid=0 fsgid=0 ses=4294967295 tty=(none) exe="/system/bin/iptables" subj=u:r:netd:s0 key=(null)
W/auditd  ( 3603): type=1320 audit(0.0:831): 
W/auditd  ( 3603): type=1325 audit(0.0:832): table=raw family=10 entries=8
W/ip6tables( 4721): type=1300 audit(0.0:832): arch=40000028 syscall=294 per=800000 success=yes exit=0 a0=4 a1=29 a2=40 a3=b6c32400 items=0 ppid=4568 auid=4294967295 uid=0 gid=0 euid=0 suid=0 fsuid=0 egid=0 sgid=0 fsgid=0 ses=4294967295 tty=(none) exe="/system/bin/ip6tables" subj=u:r:netd:s0 key=(null)
W/auditd  ( 3603): type=1320 audit(0.0:832): 
W/auditd  ( 3603): type=1325 audit(0.0:833): table=raw family=2 entries=6
W/iptables( 4722): type=1300 audit(0.0:833): arch=40000028 syscall=294 per=800000 success=yes exit=0 a0=4 a1=0 a2=40 a3=b6c20400 items=0 ppid=4568 auid=4294967295 uid=0 gid=0 euid=0 suid=0 fsuid=0 egid=0 sgid=0 fsgid=0 ses=4294967295 tty=(none) exe="/system/bin/iptables" subj=u:r:netd:s0 key=(null)
W/auditd  ( 3603): type=1320 audit(0.0:833): 
W/auditd  ( 3603): type=1325 audit(0.0:834): table=raw family=10 entries=6
W/ip6tables( 4723): type=1300 audit(0.0:834): arch=40000028 syscall=294 per=800000 success=yes exit=0 a0=4 a1=29 a2=40 a3=b6c31800 items=0 ppid=4568 auid=4294967295 uid=0 gid=0 euid=0 suid=0 fsuid=0 egid=0 sgid=0 fsgid=0 ses=4294967295 tty=(none) exe="/system/bin/ip6tables" subj=u:r:netd:s0 key=(null)
W/auditd  ( 3603): type=1320 audit(0.0:834): 
W/auditd  ( 3603): type=1325 audit(0.0:835): table=raw family=2 entries=8
W/iptables( 4724): type=1300 audit(0.0:835): arch=40000028 syscall=294 per=800000 success=yes exit=0 a0=4 a1=0 a2=40 a3=b6c1ba00 items=0 ppid=4568 auid=4294967295 uid=0 gid=0 euid=0 suid=0 fsuid=0 egid=0 sgid=0 fsgid=0 ses=4294967295 tty=(none) exe="/system/bin/iptables" subj=u:r:netd:s0 key=(null)
W/auditd  ( 3603): type=1320 audit(0.0:835): 
W/auditd  ( 3603): type=1325 audit(0.0:836): table=raw family=10 entries=8
W/ip6tables( 4725): type=1300 audit(0.0:836): arch=40000028 syscall=294 per=800000 success=yes exit=0 a0=4 a1=29 a2=40 a3=b6c37800 items=0 ppid=4568 auid=4294967295 uid=0 gid=0 euid=0 suid=0 fsuid=0 egid=0 sgid=0 fsgid=0 ses=4294967295 tty=(none) exe="/system/bin/ip6tables" subj=u:r:netd:s0 key=(null)
I/ServiceManager( 4571): Waiting for service batterystats...
V/NatController( 4568): runCmd(/system/bin/iptables -F natctrl_FORWARD) res=0
V/NatController( 4568): runCmd(/system/bin/iptables -A natctrl_FORWARD -j DROP) res=0
V/NatController( 4568): runCmd(/system/bin/iptables -t nat -F natctrl_nat_POSTROUTING) res=0
V/NatController( 4568): runCmd(/system/bin/iptables -F natctrl_tether_counters) res=0
V/NatController( 4568): runCmd(/system/bin/iptables -X natctrl_tether_counters) res=0
V/NatController( 4568): runCmd(/system/bin/iptables -N natctrl_tether_counters) res=0
V/NatController( 4568): runCmd(/system/bin/iptables -t mangle -A natctrl_mangle_FORWARD -p tcp --tcp-flags SYN SYN -j TCPMSS --clamp-mss-to-pmtu) res=0
I/DEBUG   ( 3583): 
I/DEBUG   ( 3583): Tombstone written to: /data/tombstones/tombstone_06
I/ServiceManager( 3574): service 'SurfaceFlinger' died
I/ServiceManager( 3574): service 'Exynos.HWCService' died
I/ServiceManager( 3574): service 'media.wifi_display' died
E/SurfaceControl( 4635): invalid handle (0x0) or client (0xb6317118)
W/SurfaceComposerClient( 4635): ComposerService remote (surfaceflinger) died [0xb63591c0]
D/BootAnimation( 4635): SurfaceFlinger died, exiting...
I/ServiceManager( 3574): service 'media.audio_flinger' died
W/init    ( 4779): type=1400 audit(0.0:887): avc: denied { entrypoint } for path="/system/bin/auditd" dev="mmcblk0p18" ino=173 scontext=u:r:logd:s0 tcontext=u:object_r:system_file:s0 tclass=file
W/init    ( 4779): type=1300 audit(0.0:887): arch=40000028 syscall=11 per=800000 success=no exit=-13 a0=b6d80954 a1=b6d69530 a2=57e64 a3=ff0000 items=1 ppid=1 auid=4294967295 uid=0 gid=0 euid=0 suid=0 fsuid=0 egid=0 sgid=0 fsgid=0 ses=4294967295 tty=(none) exe="/init" subj=u:r:init:s0 key=(null)
W/auditd  ( 3603): type=1307 audit(0.0:887): cwd="/"
W/auditd  ( 3603): type=1302 audit(0.0:887): item=0 name="/system/bin/auditd" inode=173 dev=103:0a mode=0100755 ouid=0 ogid=2000 rdev=00:00 obj=u:object_r:system_file:s0
W/auditd  ( 3603): type=1320 audit(0.0:887): 
I/Netd    ( 4780): Netd 1.0 starting
E/Netd    ( 4780): Failed to open /proc/sys/net/ipv6/conf/default/accept_ra_rt_table: No such file or directory
E/Netd    ( 4780): Failed to open /proc/sys/net/ipv6/conf/ip6tnl0/accept_ra_rt_table: No such file or directory
E/Netd    ( 4780): Failed to open /proc/sys/net/ipv6/conf/lo/accept_ra_rt_table: No such file or directory
E/Netd    ( 4780): Failed to open /proc/sys/net/ipv6/conf/rmnet0/accept_ra_rt_table: No such file or directory
E/Netd    ( 4780): Failed to open /proc/sys/net/ipv6/conf/rmnet1/accept_ra_rt_table: No such file or directory
E/Netd    ( 4780): Failed to open /proc/sys/net/ipv6/conf/rmnet2/accept_ra_rt_table: No such file or directory
E/Netd    ( 4780): Failed to open /proc/sys/net/ipv6/conf/rmnet3/accept_ra_rt_table: No such file or directory
E/Netd    ( 4780): Failed to open /proc/sys/net/ipv6/conf/sit0/accept_ra_rt_table: No such file or directory
W/auditd  ( 3603): type=1325 audit(0.0:888): table=filter family=2 entries=40
W/iptables( 4786): type=1300 audit(0.0:888): arch=40000028 syscall=294 per=800000 success=yes exit=0 a0=4 a1=0 a2=40 a3=b6c25000 items=0 ppid=4780 auid=4294967295 uid=0 gid=0 euid=0 suid=0 fsuid=0 egid=0 sgid=0 fsgid=0 ses=4294967295 tty=(none) exe="/system/bin/iptables" subj=u:r:netd:s0 key=(null)
W/auditd  ( 3603): type=1320 audit(0.0:888): 
I/SurfaceFlinger( 4782): SurfaceFlinger is starting
I/SurfaceFlinger( 4782): SurfaceFlinger's main thread ready to run. Initializing graphics H/W...
W/auditd  ( 3603): type=1325 audit(0.0:889): table=filter family=10 entries=37
W/ip6tables( 4787): type=1300 audit(0.0:889): arch=40000028 syscall=294 per=800000 success=yes exit=0 a0=4 a1=29 a2=40 a3=b6c28000 items=0 ppid=4780 auid=4294967295 uid=0 gid=0 euid=0 suid=0 fsuid=0 egid=0 sgid=0 fsgid=0 ses=4294967295 tty=(none) exe="/system/bin/ip6tables" subj=u:r:netd:s0 key=(null)
W/auditd  ( 3603): type=1320 audit(0.0:889): 
W/auditd  ( 3603): type=1325 audit(0.0:890): table=filter family=2 entries=39
W/iptables( 4790): type=1300 audit(0.0:890): arch=40000028 syscall=294 per=800000 success=yes exit=0 a0=4 a1=0 a2=40 a3=b6c22000 items=0 ppid=4780 auid=4294967295 uid=0 gid=0 euid=0 suid=0 fsuid=0 egid=0 sgid=0 fsgid=0 ses=4294967295 tty=(none) exe="/system/bin/iptables" subj=u:r:netd:s0 key=(null)
W/auditd  ( 3603): type=1320 audit(0.0:890): 
W/auditd  ( 3603): type=1325 audit(0.0:891): table=filter family=10 entries=36
W/ip6tables( 4793): type=1300 audit(0.0:891): arch=40000028 syscall=294 per=800000 success=yes exit=0 a0=4 a1=29 a2=40 a3=b6c23000 items=0 ppid=4780 auid=4294967295 uid=0 gid=0 euid=0 suid=0 fsuid=0 egid=0 sgid=0 fsgid=0 ses=4294967295 tty=(none) exe="/system/bin/ip6tables" subj=u:r:netd:s0 key=(null)
W/auditd  ( 3603): type=1320 audit(0.0:891): 
D/libEGL  ( 4782): loaded /vendor/lib/egl/libGLES_mali.so
W/auditd  ( 3603): type=1325 audit(0.0:892): table=filter family=2 entries=39
W/iptables( 4794): type=1300 audit(0.0:892): arch=40000028 syscall=294 per=800000 success=yes exit=0 a0=4 a1=0 a2=40 a3=b6c22000 items=0 ppid=4780 auid=4294967295 uid=0 gid=0 euid=0 suid=0 fsuid=0 egid=0 sgid=0 fsgid=0 ses=4294967295 tty=(none) exe="/system/bin/iptables" subj=u:r:netd:s0 key=(null)
W/auditd  ( 3603): type=1320 audit(0.0:892): 
I/        ( 4782): PLATFORM VERSION : JB-MR-2
I/mediaserver( 4783): ServiceManager: 0xb61500c0
I/AudioFlinger( 4783): Using default 3000 mSec as standby time.
I/ServiceManager( 4783): Waiting for service batterystats...
D/AndroidRuntime( 4785): 
D/AndroidRuntime( 4785): >>>>>> AndroidRuntime START com.android.internal.os.ZygoteInit <<<<<<
D/AndroidRuntime( 4785): CheckJNI is OFF
I/art     ( 4785): option[0]=-Xzygote
I/art     ( 4785): option[1]=-Xstacktracefile:/data/anr/traces.txt
I/art     ( 4785): option[2]=exit
I/art     ( 4785): option[3]=vfprintf
I/art     ( 4785): option[4]=sensitiveThread
I/art     ( 4785): option[5]=-verbose:gc
I/art     ( 4785): option[6]=-Xms8m
I/art     ( 4785): option[7]=-Xmx512m
I/art     ( 4785): option[8]=-XX:mainThreadStackSize=24K
I/art     ( 4785): option[9]=-XX:HeapGrowthLimit=128m
I/art     ( 4785): option[10]=-XX:HeapMinFree=2m
I/art     ( 4785): option[11]=-XX:HeapMaxFree=8m
I/art     ( 4785): option[12]=-XX:HeapTargetUtilization=0.75
I/art     ( 4785): option[13]=-agentlib:jdwp=transport=dt_android_adb,suspend=n,server=y
I/art     ( 4785): option[14]=-Xlockprofthreshold:500
I/art     ( 4785): option[15]=-Ximage-compiler-option
I/art     ( 4785): option[16]=--runtime-arg
I/art     ( 4785): option[17]=-Ximage-compiler-option
I/art     ( 4785): option[18]=-Xms64m
I/art     ( 4785): option[19]=-Ximage-compiler-option
I/art     ( 4785): option[20]=--runtime-arg
I/art     ( 4785): option[21]=-Ximage-compiler-option
I/art     ( 4785): option[22]=-Xmx64m
I/art     ( 4785): option[23]=-Ximage-compiler-option
I/art     ( 4785): option[24]=--image-classes-zip=/system/framework/framework.jar
I/art     ( 4785): option[25]=-Ximage-compiler-option
I/art     ( 4785): option[26]=--image-classes=preloaded-classes
I/art     ( 4785): option[27]=-Xcompiler-option
I/art     ( 4785): option[28]=--runtime-arg
I/art     ( 4785): option[29]=-Xcompiler-option
I/art     ( 4785): option[30]=-Xms64m
I/art     ( 4785): option[31]=-Xcompiler-option
I/art     ( 4785): option[32]=--runtime-arg
I/art     ( 4785): option[33]=-Xcompiler-option
I/art     ( 4785): option[34]=-Xmx512m
I/art     ( 4785): option[35]=-Duser.language=es
I/art     ( 4785): option[36]=-Duser.region=US
I/art     ( 4785): Pruning dalvik-cache since we are generating an image and will need to recompile
W/art     ( 4785): Unexpected file type of 
W/art     ( 4785):  encountered.
I/art     ( 4785): Using an offset of 0xffa06000 from default art base address of 0x70000000
I/art     ( 4785): GenerateImage: /system/bin/dex2oat --image=/data/dalvik-cache/arm/system@framework@boot.art --dex-file=/system/framework/core-libart.jar --dex-file=/system/framework/conscrypt.jar --dex-file=/system/framework/okhttp.jar --dex-file=/system/framework/core-junit.jar --dex-file=/system/framework/bouncycastle.jar --dex-file=/system/framework/ext.jar --dex-file=/system/framework/framework.jar --dex-file=/system/framework/telephony-common.jar --dex-file=/system/framework/voip-common.jar --dex-file=/system/framework/ims-common.jar --dex-file=/system/framework/mms-common.jar --dex-file=/system/framework/android.policy.jar --dex-file=/system/framework/apache-xml.jar --oat-file=/data/dalvik-cache/arm/system@framework@boot.oat --instruction-set=arm --instruction-set-features=div --base=0x6fa06000 --runtime-arg -Xms64m --runtime-arg -Xmx64m --image-classes-zip=/system/framework/framework.jar --image-classes=preloaded-classes
I/gralloc ( 4782): using (fd=12)
I/gralloc ( 4782): id           = 
I/gralloc ( 4782): xres         = 1080 px
I/gralloc ( 4782): yres         = 1920 px
I/gralloc ( 4782): xres_virtual = 1080 px
I/gralloc ( 4782): yres_virtual = 3840 px
I/gralloc ( 4782): bpp          = 32
I/gralloc ( 4782): r            = 16:8
I/gralloc ( 4782): g            =  8:8
I/gralloc ( 4782): b            =  0:8
I/gralloc ( 4782): width        = 65 mm (422.030762 dpi)
I/gralloc ( 4782): height       = 115 mm (424.069580 dpi)
I/gralloc ( 4782): refresh rate = 60.00 Hz
W/art     ( 4785): Unexpected file type of 
W/art     ( 4785):  encountered.
W/art     ( 4785): Could not create image space with image file '/system/framework/boot.art'. Attempting to fall back to imageless running. Error was: Failed to generate image '/data/dalvik-cache/arm/system@framework@boot.art': Failed execv(/system/bin/dex2oat --image=/data/dalvik-cache/arm/system@framework@boot.art --dex-file=/system/framework/core-libart.jar --dex-file=/system/framework/conscrypt.jar --dex-file=/system/framework/okhttp.jar --dex-file=/system/framework/core-junit.jar --dex-file=/system/framework/bouncycastle.jar --dex-file=/system/framework/ext.jar --dex-file=/system/framework/framework.jar --dex-file=/system/framework/telephony-common.jar --dex-file=/system/framework/voip-common.jar --dex-file=/system/framework/ims-common.jar --dex-file=/system/framework/mms-common.jar --dex-file=/system/framework/android.policy.jar --dex-file=/system/framework/apache-xml.jar --oat-file=/data/dalvik-cache/arm/system@framework@boot.oat --instruction-set=arm --instruction-set-features=div --base=0x6fa06000 --runtime-arg -Xms64
D/hwcomposer( 4782): using
D/hwcomposer( 4782): xres         = 1080 px
D/hwcomposer( 4782): yres         = 1920 px
D/hwcomposer( 4782): width        = 65 mm (422.030000 dpi)
D/hwcomposer( 4782): height       = 115 mm (424.069000 dpi)
D/hwcomposer( 4782): refresh rate = 60 Hz
D/libexynosv4l2-subdev( 4782): try node: /dev/v4l-subdev0
D/libexynosv4l2-subdev( 4782): try node: /dev/v4l-subdev1
D/libexynosv4l2-subdev( 4782): try node: /dev/v4l-subdev2
I/libexynosv4l2-subdev( 4782): node found for device s5p-mixer0: /dev/v4l-subdev2
I/libexynosv4l2-subdev( 4782): open subdev device /dev/v4l-subdev2
I/hwcomposer( 4782): PSR info devname = /sys/devices/14400000.fimd_fb/psr_info
I/hwcomposer( 4782): PSR mode is 2(0: video mode, 1: DP PSR mode, 2: MIPI-DSI command mode)
I/SurfaceFlinger( 4782): Using composer version 1.3
I/SurfaceFlinger( 4782): EGL information:
I/SurfaceFlinger( 4782): vendor    : Android
I/SurfaceFlinger( 4782): version   : 1.4 Android META-EGL
I/SurfaceFlinger( 4782): extensions: EGL_KHR_get_all_proc_addresses EGL_ANDROID_presentation_time EGL_KHR_image EGL_KHR_image_base EGL_KHR_gl_texture_2D_image EGL_KHR_gl_texture_cubemap_image EGL_KHR_gl_renderbuffer_image EGL_KHR_fence_sync EGL_KHR_create_context EGL_ANDROID_image_native_buffer EGL_KHR_wait_sync EGL_ANDROID_recordable 
I/SurfaceFlinger( 4782): Client API: OpenGL_ES
I/SurfaceFlinger( 4782): EGLSurface: 8-8-8-8, config=0xb6acf2ac
I/SurfaceFlinger( 4782): OpenGL ES informations:
I/SurfaceFlinger( 4782): vendor    : ARM
I/SurfaceFlinger( 4782): renderer  : Mali-T628
I/SurfaceFlinger( 4782): version   : OpenGL ES 3.0
I/SurfaceFlinger( 4782): extensions: GL_EXT_debug_marker GL_ARM_rgba8 GL_ARM_mali_shader_binary GL_OES_depth24 GL_OES_depth_texture GL_OES_depth_texture_cube_map GL_OES_packed_depth_stencil GL_OES_rgb8_rgba8 GL_EXT_read_format_bgra GL_OES_compressed_paletted_texture GL_OES_compressed_ETC1_RGB8_texture GL_OES_standard_derivatives GL_OES_EGL_image GL_OES_EGL_image_external GL_OES_EGL_sync GL_OES_texture_npot GL_OES_vertex_half_float GL_OES_required_internalformat GL_OES_vertex_array_object GL_OES_mapbuffer GL_EXT_texture_format_BGRA8888 GL_EXT_texture_rg GL_EXT_texture_type_2_10_10_10_REV GL_OES_fbo_render_mipmap GL_OES_element_index_uint GL_EXT_shadow_samplers GL_OES_texture_compression_astc GL_KHR_texture_compression_astc_ldr GL_KHR_texture_compression_astc_hdr GL_KHR_debug GL_EXT_occlusion_query_boolean GL_EXT_blend_minmax GL_EXT_discard_framebuffer GL_OES_get_program_binary GL_OES_texture_3D GL_EXT_texture_storage GL_EXT_multisampled_render_to_texture GL_OES_surfaceless_context GL_ARM_mali_program_binary 
I/SurfaceFlinger( 4782): GL_MAX_TEXTURE_SIZE = 8192
I/SurfaceFlinger( 4782): GL_MAX_VIEWPORT_DIMS = 8192
E/libEGL  ( 4782): eglQuerySurface:607 error 300d (EGL_BAD_SURFACE)
E/libEGL  ( 4782): eglQuerySurface:607 error 300d (EGL_BAD_SURFACE)
E/libEGL  ( 4782): call to OpenGL ES API with no current context (logged once per thread)
D/SurfaceFlinger( 4782): Set power mode=2, type=0 flinger=0xb6a62000
I/hwcomposer( 4782): int exynos5_blank(hwc_composer_device_1*, int, int):: disp(0), blank(0)
I/hwcomposer( 4782): unblank ioctl failed (display already unblanked)
E/libEGL  ( 4782): eglSwapBuffers:1071 error 300d (EGL_BAD_SURFACE)
F/SurfaceFlinger( 4782): eglSwapBuffers(0x1, 0x0) failed with 0x0000300d
F/libc    ( 4782): Fatal signal 6 (SIGABRT), code -6 in tid 4782 (surfaceflinger)
I/DEBUG   ( 3583): property debug.db.uid not set; NOT waiting for gdb.
I/DEBUG   ( 3583): HINT: adb shell setprop debug.db.uid 100000
I/DEBUG   ( 3583): HINT: adb forward tcp:5039 tcp:5039
I/DEBUG   ( 3583): *** *** *** *** *** *** *** *** *** *** *** *** *** *** *** ***
I/DEBUG   ( 3583): Build fingerprint: 'samsung/cm_k3gxx/k3gxx:5.0.2/LRX22G/ca2fb2b51d:userdebug/test-keys'
I/DEBUG   ( 3583): Revision: '10'
I/DEBUG   ( 3583): ABI: 'arm'
I/DEBUG   ( 3583): pid: 4782, tid: 4782, name: surfaceflinger  >>> /system/bin/surfaceflinger <<<
I/DEBUG   ( 3583): signal 6 (SIGABRT), code -6 (SI_TKILL), fault addr --------
I/DEBUG   ( 3583): Abort message: 'eglSwapBuffers(0x1, 0x0) failed with 0x0000300d'
I/DEBUG   ( 3583):     r0 00000000  r1 000012ae  r2 00000006  r3 00000000
I/DEBUG   ( 3583):     r4 b6f5a114  r5 00000006  r6 0000000b  r7 0000010c
I/DEBUG   ( 3583):     r8 00000000  r9 bea18bd0  sl b6a54210  fp bea18bd0
I/DEBUG   ( 3583):     ip 000012ae  sp bea18650  lr b6ee47b9  pc b6f084e4  cpsr 600f0010
I/DEBUG   ( 3583): 
I/DEBUG   ( 3583): backtrace:
I/DEBUG   ( 3583):     #00 pc 000384e4  /system/lib/libc.so (tgkill+12)
I/DEBUG   ( 3583):     #01 pc 000147b5  /system/lib/libc.so (pthread_kill+52)
I/DEBUG   ( 3583):     #02 pc 0001550b  /system/lib/libc.so (raise+10)
I/DEBUG   ( 3583):     #03 pc 00011c35  /system/lib/libc.so (__libc_android_abort+36)
I/DEBUG   ( 3583):     #04 pc 0000fcb8  /system/lib/libc.so (abort+4)
I/DEBUG   ( 3583):     #05 pc 00007739  /system/lib/libcutils.so (__android_log_assert+88)
I/DEBUG   ( 3583):     #06 pc 0000f4df  /system/lib/libsurfaceflinger.so
I/DEBUG   ( 3583):     #07 pc 0001b9fd  /system/lib/libsurfaceflinger.so
I/DEBUG   ( 3583):     #08 pc 0001abe7  /system/lib/libsurfaceflinger.so
I/DEBUG   ( 3583):     #09 pc 00019fc3  /system/lib/libsurfaceflinger.so
I/DEBUG   ( 3583):     #10 pc 00019d49  /system/lib/libsurfaceflinger.so
I/DEBUG   ( 3583):     #11 pc 00010ed3  /system/lib/libutils.so (android::Looper::pollInner(int)+410)
I/DEBUG   ( 3583):     #12 pc 00010fc5  /system/lib/libutils.so (android::Looper::pollOnce(int, int*, int*, void**)+92)
I/DEBUG   ( 3583):     #13 pc 000174c5  /system/lib/libsurfaceflinger.so
I/DEBUG   ( 3583):     #14 pc 0001993d  /system/lib/libsurfaceflinger.so (android::SurfaceFlinger::run()+8)
I/DEBUG   ( 3583):     #15 pc 0000083d  /system/bin/surfaceflinger
I/DEBUG   ( 3583):     #16 pc 0000fb75  /system/lib/libc.so (__libc_init+44)
I/DEBUG   ( 3583):     #17 pc 000008d8  /system/bin/surfaceflinger
W/auditd  ( 3603): type=1325 audit(0.0:1016): table=raw family=10 entries=8
W/ip6tables( 4932): type=1300 audit(0.0:1016): arch=40000028 syscall=294 per=800000 success=yes exit=0 a0=4 a1=29 a2=40 a3=b6c32400 items=0 ppid=4780 auid=4294967295 uid=0 gid=0 euid=0 suid=0 fsuid=0 egid=0 sgid=0 fsgid=0 ses=4294967295 tty=(none) exe="/system/bin/ip6tables" subj=u:r:netd:s0 key=(null)
W/auditd  ( 3603): type=1320 audit(0.0:1016): 
W/auditd  ( 3603): type=1325 audit(0.0:1017): table=raw family=2 entries=6
W/iptables( 4933): type=1300 audit(0.0:1017): arch=40000028 syscall=294 per=800000 success=yes exit=0 a0=4 a1=0 a2=40 a3=b6c20400 items=0 ppid=4780 auid=4294967295 uid=0 gid=0 euid=0 suid=0 fsuid=0 egid=0 sgid=0 fsgid=0 ses=4294967295 tty=(none) exe="/system/bin/iptables" subj=u:r:netd:s0 key=(null)
W/auditd  ( 3603): type=1320 audit(0.0:1017): 
W/auditd  ( 3603): type=1325 audit(0.0:1018): table=raw family=10 entries=6
W/ip6tables( 4934): type=1300 audit(0.0:1018): arch=40000028 syscall=294 per=800000 success=yes exit=0 a0=4 a1=29 a2=40 a3=b6c31800 items=0 ppid=4780 auid=4294967295 uid=0 gid=0 euid=0 suid=0 fsuid=0 egid=0 sgid=0 fsgid=0 ses=4294967295 tty=(none) exe="/system/bin/ip6tables" subj=u:r:netd:s0 key=(null)
W/auditd  ( 3603): type=1320 audit(0.0:1018): 
W/auditd  ( 3603): type=1325 audit(0.0:1019): table=raw family=2 entries=8
W/iptables( 4935): type=1300 audit(0.0:1019): arch=40000028 syscall=294 per=800000 success=yes exit=0 a0=4 a1=0 a2=40 a3=b6c1ba00 items=0 ppid=4780 auid=4294967295 uid=0 gid=0 euid=0 suid=0 fsuid=0 egid=0 sgid=0 fsgid=0 ses=4294967295 tty=(none) exe="/system/bin/iptables" subj=u:r:netd:s0 key=(null)
W/auditd  ( 3603): type=1320 audit(0.0:1019): 
W/auditd  ( 3603): type=1325 audit(0.0:1020): table=raw family=10 entries=8
W/ip6tables( 4936): type=1300 audit(0.0:1020): arch=40000028 syscall=294 per=800000 success=yes exit=0 a0=4 a1=29 a2=40 a3=b6c37800 items=0 ppid=4780 auid=4294967295 uid=0 gid=0 euid=0 suid=0 fsuid=0 egid=0 sgid=0 fsgid=0 ses=4294967295 tty=(none) exe="/system/bin/ip6tables" subj=u:r:netd:s0 key=(null)
W/auditd  ( 3603): type=1320 audit(0.0:1020): 
W/auditd  ( 3603): type=1325 audit(0.0:1021): table=mangle family=2 entries=16
W/iptables( 4937): type=1300 audit(0.0:1021): arch=40000028 syscall=294 per=800000 success=yes exit=0 a0=4 a1=0 a2=40 a3=b6c48800 items=0 ppid=4780 auid=4294967295 uid=0 gid=0 euid=0 suid=0 fsuid=0 egid=0 sgid=0 fsgid=0 ses=4294967295 tty=(none) exe="/system/bin/iptables" subj=u:r:netd:s0 key=(null)
W/auditd  ( 3603): type=1320 audit(0.0:1021): 
W/auditd  ( 3603): type=1325 audit(0.0:1022): table=mangle family=10 entries=12
W/ip6tables( 4938): type=1300 audit(0.0:1022): arch=40000028 syscall=294 per=800000 success=yes exit=0 a0=4 a1=29 a2=40 a3=b6c47800 items=0 ppid=4780 auid=4294967295 uid=0 gid=0 euid=0 suid=0 fsuid=0 egid=0 sgid=0 fsgid=0 ses=4294967295 tty=(none) exe="/system/bin/ip6tables" subj=u:r:netd:s0 key=(null)
I/ServiceManager( 4783): Waiting for service batterystats...
V/NatController( 4780): runCmd(/system/bin/iptables -F natctrl_FORWARD) res=0
V/NatController( 4780): runCmd(/system/bin/iptables -A natctrl_FORWARD -j DROP) res=0
V/NatController( 4780): runCmd(/system/bin/iptables -t nat -F natctrl_nat_POSTROUTING) res=0
V/NatController( 4780): runCmd(/system/bin/iptables -F natctrl_tether_counters) res=0
V/NatController( 4780): runCmd(/system/bin/iptables -X natctrl_tether_counters) res=0
V/NatController( 4780): runCmd(/system/bin/iptables -N natctrl_tether_counters) res=0
V/NatController( 4780): runCmd(/system/bin/iptables -t mangle -A natctrl_mangle_FORWARD -p tcp --tcp-flags SYN SYN -j TCPMSS --clamp-mss-to-pmtu) res=0
I/DEBUG   ( 3583): 
I/DEBUG   ( 3583): Tombstone written to: /data/tombstones/tombstone_07
I/ServiceManager( 3574): service 'SurfaceFlinger' died
I/ServiceManager( 3574): service 'Exynos.HWCService' died
I/ServiceManager( 3574): service 'media.wifi_display' died
W/SurfaceComposerClient( 4849): ComposerService remote (surfaceflinger) died [0xb62591c0]
D/BootAnimation( 4849): SurfaceFlinger died, exiting...
I/ServiceManager( 3574): service 'media.audio_flinger' died
W/init    ( 4990): type=1400 audit(0.0:1070): avc: denied { entrypoint } for path="/system/bin/auditd" dev="mmcblk0p18" ino=173 scontext=u:r:logd:s0 tcontext=u:object_r:system_file:s0 tclass=file
W/init    ( 4990): type=1300 audit(0.0:1070): arch=40000028 syscall=11 per=800000 success=no exit=-13 a0=b6d80954 a1=b6d69530 a2=57e64 a3=ff0000 items=1 ppid=1 auid=4294967295 uid=0 gid=0 euid=0 suid=0 fsuid=0 egid=0 sgid=0 fsgid=0 ses=4294967295 tty=(none) exe="/init" subj=u:r:init:s0 key=(null)
W/auditd  ( 3603): type=1307 audit(0.0:1070): cwd="/"
W/auditd  ( 3603): type=1302 audit(0.0:1070): item=0 name="/system/bin/auditd" inode=173 dev=103:0a mode=0100755 ouid=0 ogid=2000 rdev=00:00 obj=u:object_r:system_file:s0
W/auditd  ( 3603): type=1320 audit(0.0:1070): 
I/Netd    ( 4991): Netd 1.0 starting
E/Netd    ( 4991): Failed to open /proc/sys/net/ipv6/conf/default/accept_ra_rt_table: No such file or directory
E/Netd    ( 4991): Failed to open /proc/sys/net/ipv6/conf/ip6tnl0/accept_ra_rt_table: No such file or directory
E/Netd    ( 4991): Failed to open /proc/sys/net/ipv6/conf/lo/accept_ra_rt_table: No such file or directory
E/Netd    ( 4991): Failed to open /proc/sys/net/ipv6/conf/rmnet0/accept_ra_rt_table: No such file or directory
E/Netd    ( 4991): Failed to open /proc/sys/net/ipv6/conf/rmnet1/accept_ra_rt_table: No such file or directory
E/Netd    ( 4991): Failed to open /proc/sys/net/ipv6/conf/rmnet2/accept_ra_rt_table: No such file or directory
E/Netd    ( 4991): Failed to open /proc/sys/net/ipv6/conf/rmnet3/accept_ra_rt_table: No such file or directory
E/Netd    ( 4991): Failed to open /proc/sys/net/ipv6/conf/sit0/accept_ra_rt_table: No such file or directory
I/SurfaceFlinger( 4993): SurfaceFlinger is starting
I/SurfaceFlinger( 4993): SurfaceFlinger's main thread ready to run. Initializing graphics H/W...
W/auditd  ( 3603): type=1325 audit(0.0:1071): table=filter family=2 entries=40
W/iptables( 4997): type=1300 audit(0.0:1071): arch=40000028 syscall=294 per=800000 success=yes exit=0 a0=4 a1=0 a2=40 a3=b6c25000 items=0 ppid=4991 auid=4294967295 uid=0 gid=0 euid=0 suid=0 fsuid=0 egid=0 sgid=0 fsgid=0 ses=4294967295 tty=(none) exe="/system/bin/iptables" subj=u:r:netd:s0 key=(null)
W/auditd  ( 3603): type=1320 audit(0.0:1071): 
W/auditd  ( 3603): type=1325 audit(0.0:1072): table=filter family=10 entries=37
W/ip6tables( 5000): type=1300 audit(0.0:1072): arch=40000028 syscall=294 per=800000 success=yes exit=0 a0=4 a1=29 a2=40 a3=b6c28000 items=0 ppid=4991 auid=4294967295 uid=0 gid=0 euid=0 suid=0 fsuid=0 egid=0 sgid=0 fsgid=0 ses=4294967295 tty=(none) exe="/system/bin/ip6tables" subj=u:r:netd:s0 key=(null)
W/auditd  ( 3603): type=1320 audit(0.0:1072): 
W/auditd  ( 3603): type=1325 audit(0.0:1073): table=filter family=2 entries=39
W/iptables( 5003): type=1300 audit(0.0:1073): arch=40000028 syscall=294 per=800000 success=yes exit=0 a0=4 a1=0 a2=40 a3=b6c22000 items=0 ppid=4991 auid=4294967295 uid=0 gid=0 euid=0 suid=0 fsuid=0 egid=0 sgid=0 fsgid=0 ses=4294967295 tty=(none) exe="/system/bin/iptables" subj=u:r:netd:s0 key=(null)
W/auditd  ( 3603): type=1320 audit(0.0:1073): 
W/auditd  ( 3603): type=1325 audit(0.0:1074): table=filter family=10 entries=36
W/ip6tables( 5004): type=1300 audit(0.0:1074): arch=40000028 syscall=294 per=800000 success=yes exit=0 a0=4 a1=29 a2=40 a3=b6c23000 items=0 ppid=4991 auid=4294967295 uid=0 gid=0 euid=0 suid=0 fsuid=0 egid=0 sgid=0 fsgid=0 ses=4294967295 tty=(none) exe="/system/bin/ip6tables" subj=u:r:netd:s0 key=(null)
W/auditd  ( 3603): type=1320 audit(0.0:1074): 
D/libEGL  ( 4993): loaded /vendor/lib/egl/libGLES_mali.so
W/auditd  ( 3603): type=1325 audit(0.0:1075): table=filter family=2 entries=39
W/iptables( 5005): type=1300 audit(0.0:1075): arch=40000028 syscall=294 per=800000 success=yes exit=0 a0=4 a1=0 a2=40 a3=b6c22000 items=0 ppid=4991 auid=4294967295 uid=0 gid=0 euid=0 suid=0 fsuid=0 egid=0 sgid=0 fsgid=0 ses=4294967295 tty=(none) exe="/system/bin/iptables" subj=u:r:netd:s0 key=(null)
W/auditd  ( 3603): type=1320 audit(0.0:1075): 
I/        ( 4993): PLATFORM VERSION : JB-MR-2
D/AndroidRuntime( 4996): 
D/AndroidRuntime( 4996): >>>>>> AndroidRuntime START com.android.internal.os.ZygoteInit <<<<<<
D/AndroidRuntime( 4996): CheckJNI is OFF
I/art     ( 4996): option[0]=-Xzygote
I/art     ( 4996): option[1]=-Xstacktracefile:/data/anr/traces.txt
I/art     ( 4996): option[2]=exit
I/art     ( 4996): option[3]=vfprintf
I/art     ( 4996): option[4]=sensitiveThread
I/art     ( 4996): option[5]=-verbose:gc
I/art     ( 4996): option[6]=-Xms8m
I/art     ( 4996): option[7]=-Xmx512m
I/art     ( 4996): option[8]=-XX:mainThreadStackSize=24K
I/art     ( 4996): option[9]=-XX:HeapGrowthLimit=128m
I/art     ( 4996): option[10]=-XX:HeapMinFree=2m
I/art     ( 4996): option[11]=-XX:HeapMaxFree=8m
I/art     ( 4996): option[12]=-XX:HeapTargetUtilization=0.75
I/art     ( 4996): option[13]=-agentlib:jdwp=transport=dt_android_adb,suspend=n,server=y
I/art     ( 4996): option[14]=-Xlockprofthreshold:500
I/art     ( 4996): option[15]=-Ximage-compiler-option
I/art     ( 4996): option[16]=--runtime-arg
I/art     ( 4996): option[17]=-Ximage-compiler-option
I/art     ( 4996): option[18]=-Xms64m
I/art     ( 4996): option[19]=-Ximage-compiler-option
I/art     ( 4996): option[20]=--runtime-arg
I/art     ( 4996): option[21]=-Ximage-compiler-option
I/art     ( 4996): option[22]=-Xmx64m
I/art     ( 4996): option[23]=-Ximage-compiler-option
I/art     ( 4996): option[24]=--image-classes-zip=/system/framework/framework.jar
I/art     ( 4996): option[25]=-Ximage-compiler-option
I/art     ( 4996): option[26]=--image-classes=preloaded-classes
I/art     ( 4996): option[27]=-Xcompiler-option
I/art     ( 4996): option[28]=--runtime-arg
I/art     ( 4996): option[29]=-Xcompiler-option
I/art     ( 4996): option[30]=-Xms64m
I/art     ( 4996): option[31]=-Xcompiler-option
I/art     ( 4996): option[32]=--runtime-arg
I/art     ( 4996): option[33]=-Xcompiler-option
I/art     ( 4996): option[34]=-Xmx512m
I/art     ( 4996): option[35]=-Duser.language=es
I/art     ( 4996): option[36]=-Duser.region=US
I/art     ( 4996): Pruning dalvik-cache since we are generating an image and will need to recompile
I/mediaserver( 4994): ServiceManager: 0xb60500c0
I/AudioFlinger( 4994): Using default 3000 mSec as standby time.
I/ServiceManager( 4994): Waiting for service batterystats...
W/art     ( 4996): Unexpected file type of 
W/art     ( 4996):  encountered.
I/art     ( 4996): Using an offset of 0xafa000 from default art base address of 0x70000000
I/art     ( 4996): GenerateImage: /system/bin/dex2oat --image=/data/dalvik-cache/arm/system@framework@boot.art --dex-file=/system/framework/core-libart.jar --dex-file=/system/framework/conscrypt.jar --dex-file=/system/framework/okhttp.jar --dex-file=/system/framework/core-junit.jar --dex-file=/system/framework/bouncycastle.jar --dex-file=/system/framework/ext.jar --dex-file=/system/framework/framework.jar --dex-file=/system/framework/telephony-common.jar --dex-file=/system/framework/voip-common.jar --dex-file=/system/framework/ims-common.jar --dex-file=/system/framework/mms-common.jar --dex-file=/system/framework/android.policy.jar --dex-file=/system/framework/apache-xml.jar --oat-file=/data/dalvik-cache/arm/system@framework@boot.oat --instruction-set=arm --instruction-set-features=div --base=0x70afa000 --runtime-arg -Xms64m --runtime-arg -Xmx64m --image-classes-zip=/system/framework/framework.jar --image-classes=preloaded-classes
I/gralloc ( 4993): using (fd=12)
I/gralloc ( 4993): id           = 
I/gralloc ( 4993): xres         = 1080 px
I/gralloc ( 4993): yres         = 1920 px
I/gralloc ( 4993): xres_virtual = 1080 px
I/gralloc ( 4993): yres_virtual = 3840 px
I/gralloc ( 4993): bpp          = 32
I/gralloc ( 4993): r            = 16:8
I/gralloc ( 4993): g            =  8:8
I/gralloc ( 4993): b            =  0:8
I/gralloc ( 4993): width        = 65 mm (422.030762 dpi)
I/gralloc ( 4993): height       = 115 mm (424.069580 dpi)
I/gralloc ( 4993): refresh rate = 60.00 Hz
W/art     ( 4996): Unexpected file type of 
W/art     ( 4996):  encountered.
W/art     ( 4996): Could not create image space with image file '/system/framework/boot.art'. Attempting to fall back to imageless running. Error was: Failed to generate image '/data/dalvik-cache/arm/system@framework@boot.art': Failed execv(/system/bin/dex2oat --image=/data/dalvik-cache/arm/system@framework@boot.art --dex-file=/system/framework/core-libart.jar --dex-file=/system/framework/conscrypt.jar --dex-file=/system/framework/okhttp.jar --dex-file=/system/framework/core-junit.jar --dex-file=/system/framework/bouncycastle.jar --dex-file=/system/framework/ext.jar --dex-file=/system/framework/framework.jar --dex-file=/system/framework/telephony-common.jar --dex-file=/system/framework/voip-common.jar --dex-file=/system/framework/ims-common.jar --dex-file=/system/framework/mms-common.jar --dex-file=/system/framework/android.policy.jar --dex-file=/system/framework/apache-xml.jar --oat-file=/data/dalvik-cache/arm/system@framework@boot.oat --instruction-set=arm --instruction-set-features=div --base=0x70afa000 --runtime-arg -Xms64
D/hwcomposer( 4993): using
D/hwcomposer( 4993): xres         = 1080 px
D/hwcomposer( 4993): yres         = 1920 px
D/hwcomposer( 4993): width        = 65 mm (422.030000 dpi)
D/hwcomposer( 4993): height       = 115 mm (424.069000 dpi)
D/hwcomposer( 4993): refresh rate = 60 Hz
D/libexynosv4l2-subdev( 4993): try node: /dev/v4l-subdev0
D/libexynosv4l2-subdev( 4993): try node: /dev/v4l-subdev1
D/libexynosv4l2-subdev( 4993): try node: /dev/v4l-subdev2
I/libexynosv4l2-subdev( 4993): node found for device s5p-mixer0: /dev/v4l-subdev2
I/libexynosv4l2-subdev( 4993): open subdev device /dev/v4l-subdev2
I/hwcomposer( 4993): PSR info devname = /sys/devices/14400000.fimd_fb/psr_info
I/hwcomposer( 4993): PSR mode is 2(0: video mode, 1: DP PSR mode, 2: MIPI-DSI command mode)
I/SurfaceFlinger( 4993): Using composer version 1.3
I/SurfaceFlinger( 4993): EGL information:
I/SurfaceFlinger( 4993): vendor    : Android
I/SurfaceFlinger( 4993): version   : 1.4 Android META-EGL
I/SurfaceFlinger( 4993): extensions: EGL_KHR_get_all_proc_addresses EGL_ANDROID_presentation_time EGL_KHR_image EGL_KHR_image_base EGL_KHR_gl_texture_2D_image EGL_KHR_gl_texture_cubemap_image EGL_KHR_gl_renderbuffer_image EGL_KHR_fence_sync EGL_KHR_create_context EGL_ANDROID_image_native_buffer EGL_KHR_wait_sync EGL_ANDROID_recordable 
I/SurfaceFlinger( 4993): Client API: OpenGL_ES
I/SurfaceFlinger( 4993): EGLSurface: 8-8-8-8, config=0xb69cf2ac
I/SurfaceFlinger( 4993): OpenGL ES informations:
I/SurfaceFlinger( 4993): vendor    : ARM
I/SurfaceFlinger( 4993): renderer  : Mali-T628
I/SurfaceFlinger( 4993): version   : OpenGL ES 3.0
I/SurfaceFlinger( 4993): extensions: GL_EXT_debug_marker GL_ARM_rgba8 GL_ARM_mali_shader_binary GL_OES_depth24 GL_OES_depth_texture GL_OES_depth_texture_cube_map GL_OES_packed_depth_stencil GL_OES_rgb8_rgba8 GL_EXT_read_format_bgra GL_OES_compressed_paletted_texture GL_OES_compressed_ETC1_RGB8_texture GL_OES_standard_derivatives GL_OES_EGL_image GL_OES_EGL_image_external GL_OES_EGL_sync GL_OES_texture_npot GL_OES_vertex_half_float GL_OES_required_internalformat GL_OES_vertex_array_object GL_OES_mapbuffer GL_EXT_texture_format_BGRA8888 GL_EXT_texture_rg GL_EXT_texture_type_2_10_10_10_REV GL_OES_fbo_render_mipmap GL_OES_element_index_uint GL_EXT_shadow_samplers GL_OES_texture_compression_astc GL_KHR_texture_compression_astc_ldr GL_KHR_texture_compression_astc_hdr GL_KHR_debug GL_EXT_occlusion_query_boolean GL_EXT_blend_minmax GL_EXT_discard_framebuffer GL_OES_get_program_binary GL_OES_texture_3D GL_EXT_texture_storage GL_EXT_multisampled_render_to_texture GL_OES_surfaceless_context GL_ARM_mali_program_binary 
I/SurfaceFlinger( 4993): GL_MAX_TEXTURE_SIZE = 8192
I/SurfaceFlinger( 4993): GL_MAX_VIEWPORT_DIMS = 8192
E/libEGL  ( 4993): eglQuerySurface:607 error 300d (EGL_BAD_SURFACE)
E/libEGL  ( 4993): eglQuerySurface:607 error 300d (EGL_BAD_SURFACE)
E/libEGL  ( 4993): call to OpenGL ES API with no current context (logged once per thread)
D/SurfaceFlinger( 4993): Set power mode=2, type=0 flinger=0xb6962000
I/hwcomposer( 4993): int exynos5_blank(hwc_composer_device_1*, int, int):: disp(0), blank(0)
I/hwcomposer( 4993): unblank ioctl failed (display already unblanked)
E/libEGL  ( 4993): eglSwapBuffers:1071 error 300d (EGL_BAD_SURFACE)
F/SurfaceFlinger( 4993): eglSwapBuffers(0x1, 0x0) failed with 0x0000300d
F/libc    ( 4993): Fatal signal 6 (SIGABRT), code -6 in tid 4993 (surfaceflinger)
I/DEBUG   ( 3583): property debug.db.uid not set; NOT waiting for gdb.
I/DEBUG   ( 3583): HINT: adb shell setprop debug.db.uid 100000
I/DEBUG   ( 3583): HINT: adb forward tcp:5039 tcp:5039
I/DEBUG   ( 3583): *** *** *** *** *** *** *** *** *** *** *** *** *** *** *** ***
I/DEBUG   ( 3583): Build fingerprint: 'samsung/cm_k3gxx/k3gxx:5.0.2/LRX22G/ca2fb2b51d:userdebug/test-keys'
I/DEBUG   ( 3583): Revision: '10'
I/DEBUG   ( 3583): ABI: 'arm'
I/DEBUG   ( 3583): pid: 4993, tid: 4993, name: surfaceflinger  >>> /system/bin/surfaceflinger <<<
I/DEBUG   ( 3583): signal 6 (SIGABRT), code -6 (SI_TKILL), fault addr --------
I/DEBUG   ( 3583): Abort message: 'eglSwapBuffers(0x1, 0x0) failed with 0x0000300d'
I/DEBUG   ( 3583):     r0 00000000  r1 00001381  r2 00000006  r3 00000000
I/DEBUG   ( 3583):     r4 b6f1e114  r5 00000006  r6 0000000b  r7 0000010c
I/DEBUG   ( 3583):     r8 00000000  r9 bea83bd0  sl b6954210  fp bea83bd0
I/DEBUG   ( 3583):     ip 00001381  sp bea83650  lr b6ea87b9  pc b6ecc4e4  cpsr 600f0010
I/DEBUG   ( 3583): 
I/DEBUG   ( 3583): backtrace:
I/DEBUG   ( 3583):     #00 pc 000384e4  /system/lib/libc.so (tgkill+12)
I/DEBUG   ( 3583):     #01 pc 000147b5  /system/lib/libc.so (pthread_kill+52)
I/DEBUG   ( 3583):     #02 pc 0001550b  /system/lib/libc.so (raise+10)
I/DEBUG   ( 3583):     #03 pc 00011c35  /system/lib/libc.so (__libc_android_abort+36)
I/DEBUG   ( 3583):     #04 pc 0000fcb8  /system/lib/libc.so (abort+4)
I/DEBUG   ( 3583):     #05 pc 00007739  /system/lib/libcutils.so (__android_log_assert+88)
I/DEBUG   ( 3583):     #06 pc 0000f4df  /system/lib/libsurfaceflinger.so
I/DEBUG   ( 3583):     #07 pc 0001b9fd  /system/lib/libsurfaceflinger.so
I/DEBUG   ( 3583):     #08 pc 0001abe7  /system/lib/libsurfaceflinger.so
I/DEBUG   ( 3583):     #09 pc 00019fc3  /system/lib/libsurfaceflinger.so
I/DEBUG   ( 3583):     #10 pc 00019d49  /system/lib/libsurfaceflinger.so
I/DEBUG   ( 3583):     #11 pc 00010ed3  /system/lib/libutils.so (android::Looper::pollInner(int)+410)
I/DEBUG   ( 3583):     #12 pc 00010fc5  /system/lib/libutils.so (android::Looper::pollOnce(int, int*, int*, void**)+92)
I/DEBUG   ( 3583):     #13 pc 000174c5  /system/lib/libsurfaceflinger.so
I/DEBUG   ( 3583):     #14 pc 0001993d  /system/lib/libsurfaceflinger.so (android::SurfaceFlinger::run()+8)
I/DEBUG   ( 3583):     #15 pc 0000083d  /system/bin/surfaceflinger
I/DEBUG   ( 3583):     #16 pc 0000fb75  /system/lib/libc.so (__libc_init+44)
I/DEBUG   ( 3583):     #17 pc 000008d8  /system/bin/surfaceflinger
W/auditd  ( 3603): type=1325 audit(0.0:1200): table=raw family=2 entries=6
W/iptables( 5145): type=1300 audit(0.0:1200): arch=40000028 syscall=294 per=800000 success=yes exit=0 a0=4 a1=0 a2=40 a3=b6c20400 items=0 ppid=4991 auid=4294967295 uid=0 gid=0 euid=0 suid=0 fsuid=0 egid=0 sgid=0 fsgid=0 ses=4294967295 tty=(none) exe="/system/bin/iptables" subj=u:r:netd:s0 key=(null)
W/auditd  ( 3603): type=1320 audit(0.0:1200): 
W/auditd  ( 3603): type=1325 audit(0.0:1201): table=raw family=10 entries=6
W/ip6tables( 5146): type=1300 audit(0.0:1201): arch=40000028 syscall=294 per=800000 success=yes exit=0 a0=4 a1=29 a2=40 a3=b6c31800 items=0 ppid=4991 auid=4294967295 uid=0 gid=0 euid=0 suid=0 fsuid=0 egid=0 sgid=0 fsgid=0 ses=4294967295 tty=(none) exe="/system/bin/ip6tables" subj=u:r:netd:s0 key=(null)
W/auditd  ( 3603): type=1320 audit(0.0:1201): 
W/auditd  ( 3603): type=1325 audit(0.0:1202): table=raw family=2 entries=8
W/iptables( 5147): type=1300 audit(0.0:1202): arch=40000028 syscall=294 per=800000 success=yes exit=0 a0=4 a1=0 a2=40 a3=b6c1ba00 items=0 ppid=4991 auid=4294967295 uid=0 gid=0 euid=0 suid=0 fsuid=0 egid=0 sgid=0 fsgid=0 ses=4294967295 tty=(none) exe="/system/bin/iptables" subj=u:r:netd:s0 key=(null)
W/auditd  ( 3603): type=1320 audit(0.0:1202): 
W/auditd  ( 3603): type=1325 audit(0.0:1203): table=raw family=10 entries=8
W/ip6tables( 5148): type=1300 audit(0.0:1203): arch=40000028 syscall=294 per=800000 success=yes exit=0 a0=4 a1=29 a2=40 a3=b6c37800 items=0 ppid=4991 auid=4294967295 uid=0 gid=0 euid=0 suid=0 fsuid=0 egid=0 sgid=0 fsgid=0 ses=4294967295 tty=(none) exe="/system/bin/ip6tables" subj=u:r:netd:s0 key=(null)
W/auditd  ( 3603): type=1320 audit(0.0:1203): 
W/auditd  ( 3603): type=1325 audit(0.0:1204): table=mangle family=2 entries=16
W/iptables( 5149): type=1300 audit(0.0:1204): arch=40000028 syscall=294 per=800000 success=yes exit=0 a0=4 a1=0 a2=40 a3=b6c48800 items=0 ppid=4991 auid=4294967295 uid=0 gid=0 euid=0 suid=0 fsuid=0 egid=0 sgid=0 fsgid=0 ses=4294967295 tty=(none) exe="/system/bin/iptables" subj=u:r:netd:s0 key=(null)
W/auditd  ( 3603): type=1320 audit(0.0:1204): 
W/auditd  ( 3603): type=1325 audit(0.0:1205): table=mangle family=10 entries=12
W/ip6tables( 5150): type=1300 audit(0.0:1205): arch=40000028 syscall=294 per=800000 success=yes exit=0 a0=4 a1=29 a2=40 a3=b6c47800 items=0 ppid=4991 auid=4294967295 uid=0 gid=0 euid=0 suid=0 fsuid=0 egid=0 sgid=0 fsgid=0 ses=4294967295 tty=(none) exe="/system/bin/ip6tables" subj=u:r:netd:s0 key=(null)
W/auditd  ( 3603): type=1320 audit(0.0:1205): 
W/auditd  ( 3603): type=1325 audit(0.0:1206): table=mangle family=2 entries=15
W/iptables( 5151): type=1300 audit(0.0:1206): arch=40000028 syscall=294 per=800000 success=yes exit=0 a0=4 a1=0 a2=40 a3=b6c1c200 items=0 ppid=4991 auid=4294967295 uid=0 gid=0 euid=0 suid=0 fsuid=0 egid=0 sgid=0 fsgid=0 ses=4294967295 tty=(none) exe="/system/bin/iptables" subj=u:r:netd:s0 key=(null)
I/ServiceManager( 4994): Waiting for service batterystats...
V/NatController( 4991): runCmd(/system/bin/iptables -F natctrl_FORWARD) res=0
V/NatController( 4991): runCmd(/system/bin/iptables -A natctrl_FORWARD -j DROP) res=0
V/NatController( 4991): runCmd(/system/bin/iptables -t nat -F natctrl_nat_POSTROUTING) res=0
V/NatController( 4991): runCmd(/system/bin/iptables -F natctrl_tether_counters) res=0
V/NatController( 4991): runCmd(/system/bin/iptables -X natctrl_tether_counters) res=0
V/NatController( 4991): runCmd(/system/bin/iptables -N natctrl_tether_counters) res=0
V/NatController( 4991): runCmd(/system/bin/iptables -t mangle -A natctrl_mangle_FORWARD -p tcp --tcp-flags SYN SYN -j TCPMSS --clamp-mss-to-pmtu) res=0
I/DEBUG   ( 3583): 
I/DEBUG   ( 3583): Tombstone written to: /data/tombstones/tombstone_08
I/ServiceManager( 3574): service 'SurfaceFlinger' died
I/ServiceManager( 3574): service 'Exynos.HWCService' died
I/ServiceManager( 3574): service 'media.wifi_display' died
E/SurfaceControl( 5059): invalid handle (0x0) or client (0xb6317118)
W/SurfaceComposerClient( 5059): ComposerService remote (surfaceflinger) died [0xb63591c0]
D/BootAnimation( 5059): SurfaceFlinger died, exiting...
I/ServiceManager( 3574): service 'media.audio_flinger' died
W/init    ( 5208): type=1400 audit(0.0:1260): avc: denied { entrypoint } for path="/system/bin/auditd" dev="mmcblk0p18" ino=173 scontext=u:r:logd:s0 tcontext=u:object_r:system_file:s0 tclass=file
W/init    ( 5208): type=1300 audit(0.0:1260): arch=40000028 syscall=11 per=800000 success=no exit=-13 a0=b6d80954 a1=b6d69530 a2=57e64 a3=ff0000 items=1 ppid=1 auid=4294967295 uid=0 gid=0 euid=0 suid=0 fsuid=0 egid=0 sgid=0 fsgid=0 ses=4294967295 tty=(none) exe="/init" subj=u:r:init:s0 key=(null)
W/auditd  ( 3603): type=1307 audit(0.0:1260): cwd="/"
W/auditd  ( 3603): type=1302 audit(0.0:1260): item=0 name="/system/bin/auditd" inode=173 dev=103:0a mode=0100755 ouid=0 ogid=2000 rdev=00:00 obj=u:object_r:system_file:s0
W/auditd  ( 3603): type=1320 audit(0.0:1260): 
I/Netd    ( 5209): Netd 1.0 starting
E/Netd    ( 5209): Failed to open /proc/sys/net/ipv6/conf/default/accept_ra_rt_table: No such file or directory
E/Netd    ( 5209): Failed to open /proc/sys/net/ipv6/conf/ip6tnl0/accept_ra_rt_table: No such file or directory
E/Netd    ( 5209): Failed to open /proc/sys/net/ipv6/conf/lo/accept_ra_rt_table: No such file or directory
E/Netd    ( 5209): Failed to open /proc/sys/net/ipv6/conf/rmnet0/accept_ra_rt_table: No such file or directory
E/Netd    ( 5209): Failed to open /proc/sys/net/ipv6/conf/rmnet1/accept_ra_rt_table: No such file or directory
E/Netd    ( 5209): Failed to open /proc/sys/net/ipv6/conf/rmnet2/accept_ra_rt_table: No such file or directory
E/Netd    ( 5209): Failed to open /proc/sys/net/ipv6/conf/rmnet3/accept_ra_rt_table: No such file or directory
E/Netd    ( 5209): Failed to open /proc/sys/net/ipv6/conf/sit0/accept_ra_rt_table: No such file or directory
W/auditd  ( 3603): type=1325 audit(0.0:1261): table=filter family=2 entries=40
W/iptables( 5215): type=1300 audit(0.0:1261): arch=40000028 syscall=294 per=800000 success=yes exit=0 a0=4 a1=0 a2=40 a3=b6c25000 items=0 ppid=5209 auid=4294967295 uid=0 gid=0 euid=0 suid=0 fsuid=0 egid=0 sgid=0 fsgid=0 ses=4294967295 tty=(none) exe="/system/bin/iptables" subj=u:r:netd:s0 key=(null)
W/auditd  ( 3603): type=1320 audit(0.0:1261): 
I/SurfaceFlinger( 5211): SurfaceFlinger is starting
I/SurfaceFlinger( 5211): SurfaceFlinger's main thread ready to run. Initializing graphics H/W...
W/auditd  ( 3603): type=1325 audit(0.0:1262): table=filter family=10 entries=37
W/ip6tables( 5217): type=1300 audit(0.0:1262): arch=40000028 syscall=294 per=800000 success=yes exit=0 a0=4 a1=29 a2=40 a3=b6c28000 items=0 ppid=5209 auid=4294967295 uid=0 gid=0 euid=0 suid=0 fsuid=0 egid=0 sgid=0 fsgid=0 ses=4294967295 tty=(none) exe="/system/bin/ip6tables" subj=u:r:netd:s0 key=(null)
W/auditd  ( 3603): type=1320 audit(0.0:1262): 
W/auditd  ( 3603): type=1325 audit(0.0:1263): table=filter family=2 entries=39
W/iptables( 5221): type=1300 audit(0.0:1263): arch=40000028 syscall=294 per=800000 success=yes exit=0 a0=4 a1=0 a2=40 a3=b6c22000 items=0 ppid=5209 auid=4294967295 uid=0 gid=0 euid=0 suid=0 fsuid=0 egid=0 sgid=0 fsgid=0 ses=4294967295 tty=(none) exe="/system/bin/iptables" subj=u:r:netd:s0 key=(null)
W/auditd  ( 3603): type=1320 audit(0.0:1263): 
W/auditd  ( 3603): type=1325 audit(0.0:1264): table=filter family=10 entries=36
W/ip6tables( 5222): type=1300 audit(0.0:1264): arch=40000028 syscall=294 per=800000 success=yes exit=0 a0=4 a1=29 a2=40 a3=b6c23000 items=0 ppid=5209 auid=4294967295 uid=0 gid=0 euid=0 suid=0 fsuid=0 egid=0 sgid=0 fsgid=0 ses=4294967295 tty=(none) exe="/system/bin/ip6tables" subj=u:r:netd:s0 key=(null)
W/auditd  ( 3603): type=1320 audit(0.0:1264): 
D/libEGL  ( 5211): loaded /vendor/lib/egl/libGLES_mali.so
W/auditd  ( 3603): type=1325 audit(0.0:1265): table=filter family=2 entries=39
W/iptables( 5223): type=1300 audit(0.0:1265): arch=40000028 syscall=294 per=800000 success=yes exit=0 a0=4 a1=0 a2=40 a3=b6c22000 items=0 ppid=5209 auid=4294967295 uid=0 gid=0 euid=0 suid=0 fsuid=0 egid=0 sgid=0 fsgid=0 ses=4294967295 tty=(none) exe="/system/bin/iptables" subj=u:r:netd:s0 key=(null)
W/auditd  ( 3603): type=1320 audit(0.0:1265): 
I/        ( 5211): PLATFORM VERSION : JB-MR-2
D/AndroidRuntime( 5214): 
D/AndroidRuntime( 5214): >>>>>> AndroidRuntime START com.android.internal.os.ZygoteInit <<<<<<
D/AndroidRuntime( 5214): CheckJNI is OFF
I/art     ( 5214): option[0]=-Xzygote
I/art     ( 5214): option[1]=-Xstacktracefile:/data/anr/traces.txt
I/art     ( 5214): option[2]=exit
I/art     ( 5214): option[3]=vfprintf
I/art     ( 5214): option[4]=sensitiveThread
I/art     ( 5214): option[5]=-verbose:gc
I/art     ( 5214): option[6]=-Xms8m
I/art     ( 5214): option[7]=-Xmx512m
I/art     ( 5214): option[8]=-XX:mainThreadStackSize=24K
I/art     ( 5214): option[9]=-XX:HeapGrowthLimit=128m
I/art     ( 5214): option[10]=-XX:HeapMinFree=2m
I/art     ( 5214): option[11]=-XX:HeapMaxFree=8m
I/art     ( 5214): option[12]=-XX:HeapTargetUtilization=0.75
I/art     ( 5214): option[13]=-agentlib:jdwp=transport=dt_android_adb,suspend=n,server=y
I/art     ( 5214): option[14]=-Xlockprofthreshold:500
I/art     ( 5214): option[15]=-Ximage-compiler-option
I/art     ( 5214): option[16]=--runtime-arg
I/art     ( 5214): option[17]=-Ximage-compiler-option
I/art     ( 5214): option[18]=-Xms64m
I/art     ( 5214): option[19]=-Ximage-compiler-option
I/art     ( 5214): option[20]=--runtime-arg
I/art     ( 5214): option[21]=-Ximage-compiler-option
I/art     ( 5214): option[22]=-Xmx64m
I/art     ( 5214): option[23]=-Ximage-compiler-option
I/art     ( 5214): option[24]=--image-classes-zip=/system/framework/framework.jar
I/art     ( 5214): option[25]=-Ximage-compiler-option
I/art     ( 5214): option[26]=--image-classes=preloaded-classes
I/art     ( 5214): option[27]=-Xcompiler-option
I/art     ( 5214): option[28]=--runtime-arg
I/art     ( 5214): option[29]=-Xcompiler-option
I/art     ( 5214): option[30]=-Xms64m
I/art     ( 5214): option[31]=-Xcompiler-option
I/art     ( 5214): option[32]=--runtime-arg
