I/StorageController( 9949): [#DCM#]  state through storage volume =  mounted
I/StorageController( 9949): [#DCM#]  storageId =  65537 removable = false path = /storage/emulated/0 state = mounted subsystem = fuse
I/StorageController( 9949): [#DCM#]  state through storage volume =  removed
I/StorageController( 9949): [#DCM#]  storageId =  131073 removable = true path = /storage/extSdCard state = removed subsystem = sd
I/StorageController( 9949): [#DCM#]  state through storage volume =  unmounted
I/StorageController( 9949): [#DCM#]  storageId =  196609 removable = false path = /storage/Private state = unmounted subsystem = private
I/StorageController( 9949): [#DCM#]  state through storage volume =  removed
I/StorageController( 9949): [#DCM#]  storageId =  262145 removable = true path = /storage/UsbDriveA state = removed subsystem = usb
I/StorageController( 9949): [#DCM#]  state through storage volume =  removed
I/StorageController( 9949): [#DCM#]  storageId =  327681 removable = true path = /storage/UsbDriveB state = removed subsystem = usb
I/StorageController( 9949): [#DCM#]  state through storage volume =  removed
I/StorageController( 9949): [#DCM#]  storageId =  393217 removable = true path = /storage/UsbDriveC state = removed subsystem = usb
I/StorageController( 9949): [#DCM#]  state through storage volume =  removed
I/StorageController( 9949): [#DCM#]  storageId =  458753 removable = true path = /storage/UsbDriveD state = removed subsystem = usb
I/StorageController( 9949): [#DCM#]  state through storage volume =  removed
I/StorageController( 9949): [#DCM#]  storageId =  524289 removable = true path = /storage/UsbDriveE state = removed subsystem = usb
I/StorageController( 9949): [#DCM#]  state through storage volume =  removed
I/StorageController( 9949): [#DCM#]  storageId =  589825 removable = true path = /storage/UsbDriveF state = removed subsystem = usb
I/StorageController( 9949): [#DCM#] Bundle =  Bundle[{path=file:///storage/emulated/0, CleanBuffer=false}]
I/StorageController( 9949): [#DCM#] getSDCardSubSystemEntry Rebooted ?
I/StorageController( 9949): [#DCM#] Sending intent for OS Upgrade for Phone contents 
I/DCMUtilities( 9949): [#DCM#] Scan Completed:Check if lucene upgrade is required for OS upgrade 
I/SystemUtils( 9949): [#DCM#] pref_value getOSUpgradeSharedPrefForMedia is = false
I/SystemUtils( 9949): [#DCM#] setOSUpgradeSharedPrefForMedia set as  true
I/DCMUtilities( 9949): [#DCM#] postOSUpgradeRebuildIntent 
W/CSCSettings( 5494): Setting Ringtones (type) : 1
D/CscParser( 5494): RingTone: null
W/CSCSettings( 5494): 1. Tag_Str: null
D/ResourcesManager(10001): creating new AssetManager and set to /system/app/EditorsDocs/EditorsDocs.apk
W/CSCSettings( 5494): Setting Ringtones (type) : 2
D/CscParser( 5494): MessageTone: null
W/CSCSettings( 5494): 1. Tag_Str: null
W/CSCSettings( 5494): Setting Ringtones (type) : 4
D/CscParser( 5494): AlarmTone: null
W/CSCSettings( 5494): 1. Tag_Str: null
D/ResourcesManager(10001): creating new AssetManager and set to /system/app/Flipboard/Flipboard.apk
E/Zygote  (10082): MountEmulatedStorage()
E/Zygote  (10082): v2
I/SELinux (10082): Function: selinux_compare_spd_ram , priority [2] , priority version is VE=SEPF_SM-G900H_5.0_0011
E/SELinux (10082): [DEBUG] get_category: variable seinfo: platform sensitivity: NULL, cateogry: NULL
D/ResourcesManager(10001): creating new AssetManager and set to /system/app/Gmail2/Gmail2.apk
I/DCMConfig( 9949): [#DCM#] getSuccessState = true
I/FrameworkService( 9949): [#DCM#] onStartCommand(intent= Intent { act=com.samsung.dcm.action.DCM_EXECUTE cmp=com.samsung.dcm/.framework.FrameworkService (has extras) }, startId=2
I/IntentHandler( 9949): [#DCM#] Intent action= com.samsung.dcm.action.DCM_EXECUTE, startId=2
D/ResourcesManager(10001): creating new AssetManager and set to /system/app/Hangouts/Hangouts.apk
I/SystemUtils( 9949): [#DCM#] LM: false,AM:687034368
I/FrameworkService( 9949): [#DCM#] [DCM_Performance] onStartCommand completed , startId= 2 in time 3349 mirosec. 
D/ResourcesManager(10001): creating new AssetManager and set to /system/app/Music2/Music2.apk
D/ResourcesManager(10001): creating new AssetManager and set to /system/app/PlusOne/PlusOne.apk
D/TimaKeyStoreProvider(10082): TimaSignature is unavailable
D/ActivityThread(10082): Added TimaKeyStore provider
D/ResourcesManager(10082): creating new AssetManager and set to /system/priv-app/DocumentService/DocumentService.apk
D/ResourcesManager(10001): creating new AssetManager and set to /system/app/SamsungCamera3/SamsungCamera3.apk
D/ResourcesManager(10001): creating new AssetManager and set to /system/app/Videos/Videos.apk
I/ThumbnailProvider(10082): ThumbnailProvider onCreate()
D/ResourcesManager(10001): creating new AssetManager and set to /system/app/YouTube/YouTube.apk
D/ResourcesManager(10001): creating new AssetManager and set to /system/priv-app/S-Voice_Android_phone/S-Voice_Android_phone.apk
I/DocumentBroadcastReceiver(10082): DocumentService onReceive android.intent.action.MEDIA_SCANNER_FINISHED
I/BroadcastProcessorService(10082): [START] processBroadcastIntent ...
D/ResourcesManager(10001): creating new AssetManager and set to /system/priv-app/SHealth3_5/SHealth3_5.apk
D/ResourcesManager(10001): creating new AssetManager and set to /system/priv-app/SamsungApps_K/SamsungApps_K.apk
I/BroadcastProcessorService(10082): DocumentService onHandleIntent ACTION_MEDIA_SCANNER_FINISHED
W/ResourceType(10001): ResTable_typeSpec entry count inconsistent: given 1, previously 1633
I/SystemInfo(10082): [SYSTEM STATUS] Battery and Storage levels are OK:
I/BroadcastProcessorService(10082): [CURRENT_STATE] DocumentService state: SERVICE_NOT_STARTED
I/BroadcastProcessorService(10082): [START] DocumentService startDocumentService
D/GalleryCacheReady( 9076): Receive action.ACTION_MEDIA_SCANNER_FINISHED
D/GalleryCacheReady( 9076): handleMeidaScanFinish()
D/FaceInterface( 9076): requestFaceScan() is called.
I/FaceInterface( 9076): startFaceScan() : waiting 5 sec
W/LocalSuggestAlbumData( 9076): query fail: 
W/LocalSuggestAlbumData( 9076): query fail: 
I/DocumentService(10082): DocumentService onCreate ... service
D/ResourcesManager(10001): creating new AssetManager and set to /system/priv-app/SecVideo/SecVideo.apk
W/ContextImpl(10082): Failed to ensure directory: /storage/extSdCard/Android/data/com.samsung.indexservice/files
W/ContextImpl(10082): Failed to ensure directory: /storage/extSdCard/Android/data/com.samsung.indexservice/files
D/ResourcesManager(10001): creating new AssetManager and set to /system/priv-app/Velvet/Velvet.apk
D/ResourcesManager(10001): creating new AssetManager and set to /system/app/Books/Books.apk
E/SystemInfo(10082): [SIOP LEVEL] : 2
D/ResourcesManager(10001): creating new AssetManager and set to /system/app/ClockPackage/ClockPackage.apk
D/ResourcesManager(10001): creating new AssetManager and set to /system/app/Drive/Drive.apk
D/ResourcesManager(10001): creating new AssetManager and set to /system/app/Dropbox/Dropbox.apk
D/ResourcesManager(10001): creating new AssetManager and set to /system/app/Maps/Maps.apk
I/DocumentService(10082): [STOP DOCUMENTSERVICE] Attempting to stop the Service
E/DocumentService(10082): [THUMBNAIL AND INDEX] Thumbnail and indexing is Completed Total Time taken for both :9
E/DocumentService(10082): [THUMBNAIL] Total Time taken for each file :0
E/        (10082): [INDEX] Total time taken for each file :0
I/DocumentServiceUtils(10082):  Total PDF: 0 PDF size: 0 OtherFiles Size: 0
E/SystemInfo(10082): DocumentService [SIOP LEVEL] changed to 2
I/DocumentService(10082): DocumentService onDestroy start
I/DocumentService(10082): DocumentService onDestroy end
I/DocumentService(10082): DocumentService cleanupEverything start
I/IndexParserThreadsManager(10082): InterruptedException: null
I/SystemInfo(10082): [SYSTEM STATUS] Battery and Storage levels are OK:
I/DocumentService(10082): DocumentService cleanupEverything end
I/Process (10082): Sending signal. PID: 10082 SIG: 9
D/ResourcesManager(10001): creating new AssetManager and set to /system/app/Newsstand/Newsstand.apk
D/ResourcesManager(10001): creating new AssetManager and set to /system/app/PlayGames/PlayGames.apk
D/ResourcesManager(10001): creating new AssetManager and set to /system/app/SecCalculator2/SecCalculator2.apk
D/ResourcesManager(10001): creating new AssetManager and set to /system/app/SmartRemote_KL/SmartRemote_KL.apk
I/MusicStore( 9775): Upgrade from -1 to 104 took 152 ms
I/MediaStoreImporter( 9775): Update: full Added music: 0 Updated music: 0 Deleted music: 0 Created playlists: 0 Updated playlists: 0 Deleted playlists: 0 Inserted playlist items: 0 Deleted playlist items: 0 Removed orphaned playlist items: 0
D/ResourcesManager( 4272): creating new AssetManager and set to /system/priv-app/GmsCore/GmsCore.apk
D/ResourcesManager( 4272): creating new AssetManager and set to /system/priv-app/Phonesky/Phonesky.apk
D/ResourcesManager( 4272): creating new AssetManager and set to /system/priv-app/SNS/SNS.apk
D/ResourcesManager( 4272): creating new AssetManager and set to /system/priv-app/InputDevices/InputDevices.apk
D/ResourcesManager( 4272): creating new AssetManager and set to /system/priv-app/Samsungservice2_xxhdpi/Samsungservice2_xxhdpi.apk
I/InputReader( 4272): Reconfiguring input devices.  changes=0x00000010
D/ResourcesManager( 4272): creating new AssetManager and set to /system/app/ChatON_MARKET/ChatON_MARKET.apk
D/ResourcesManager( 4272): creating new AssetManager and set to /system/app/Dropbox/Dropbox.apk
D/ResourcesManager( 4272): creating new AssetManager and set to /system/priv-app/SecContacts/SecContacts.apk
D/ResourcesManager( 4272): creating new AssetManager and set to /system/app/Gmail2/Gmail2.apk
W/Resources( 4272): Converting to string: TypedValue{t=0x12/d=0xffffffff a=-1}
D/ResourcesManager( 4272): creating new AssetManager and set to /system/priv-app/SecMms_Candy/SecMms_Candy.apk
D/ResourcesManager( 4272): creating new AssetManager and set to /system/app/SBrowser/SBrowser.apk
D/ResourcesManager( 4272): creating new AssetManager and set to /system/app/SecEmail_K/SecEmail_K.apk
W/Resources( 4272): Converting to string: TypedValue{t=0x12/d=0xffffffff a=-1}
D/ResourcesManager( 4272): creating new AssetManager and set to /system/app/Books/Books.apk
D/ResourcesManager( 4272): creating new AssetManager and set to /system/app/EditorsDocs/EditorsDocs.apk
I/InputReader( 4272): Reconfiguring input devices.  changes=0x00000010
D/ResourcesManager( 4272): creating new AssetManager and set to /system/priv-app/GoogleServicesFramework/GoogleServicesFramework.apk
D/ResourcesManager( 4272): creating new AssetManager and set to /system/app/Music2/Music2.apk
D/ResourcesManager( 4272): creating new AssetManager and set to /system/priv-app/SHealth3_5/SHealth3_5.apk
I/InputReader( 4272): Reconfiguring input devices.  changes=0x00000010
W/Resources( 4272): Converting to string: TypedValue{t=0x12/d=0xffffffff a=-1}
D/ResourcesManager( 4272): creating new AssetManager and set to /system/app/SecMemoDL/SecMemoDL.apk
D/ResourcesManager( 4272): creating new AssetManager and set to /system/priv-app/SecGallery2014/SecGallery2014.apk
W/Resources( 4272): Converting to string: TypedValue{t=0x12/d=0xffffffff a=-1}
D/ResourcesManager( 4272): creating new AssetManager and set to /system/app/Videos/Videos.apk
D/ResourcesManager( 4272): creating new AssetManager and set to /system/priv-app/sCloudSyncCalendar/sCloudSyncCalendar.apk
D/RegisteredServicesCache( 5477): empty dynamic service
D/SecContentProvider2( 4272): uri = 11 selection = getMyKnoxAdmin
D/SecContentProvider2( 4272): mCursor = null
D/ResourcesManager( 4272): creating new AssetManager and set to /system/app/YouTube/YouTube.apk
D/ResourcesManager( 4272): creating new AssetManager and set to /system/priv-app/sCloudSyncContacts/sCloudSyncContacts.apk
D/RegisteredServicesCache( 5477): empty dynamic service
D/ResourcesManager( 4272): creating new AssetManager and set to /system/priv-app/sCloudSyncMemo/sCloudSyncMemo.apk
D/ResourcesManager( 4272): creating new AssetManager and set to /system/priv-app/sCloudSyncSBrowser/sCloudSyncSBrowser.apk
D/ResourcesManager( 4272): creating new AssetManager and set to /system/priv-app/SFinder/SFinder.apk
D/ResourcesManager( 4272): creating new AssetManager and set to /system/priv-app/sCloudSyncSNote3/sCloudSyncSNote3.apk
W/Resources( 4272): Converting to string: TypedValue{t=0x12/d=0xffffffff a=-1}
W/Resources( 4272): Converting to string: TypedValue{t=0x12/d=0xffffffff a=-1}
D/ResourcesManager( 4272): creating new AssetManager and set to /system/app/Chrome/Chrome.apk
W/Resources( 4272): Converting to string: TypedValue{t=0x12/d=0xffffffff a=-1}
D/ResourcesManager( 4272): creating new AssetManager and set to /system/app/Chrome/Chrome.apk
D/ResourcesManager( 4272): creating new AssetManager and set to /system/app/Drive/Drive.apk
D/ResourcesManager( 4272): creating new AssetManager and set to /system/app/Drive/Drive.apk
D/RegisteredServicesCache( 5477): empty dynamic service
D/ResourcesManager( 4272): creating new AssetManager and set to /system/app/InteractiveTutorial/InteractiveTutorial.apk
D/ResourcesManager( 4272): creating new AssetManager and set to /system/app/GoogleCalendarSyncAdapter/GoogleCalendarSyncAdapter.apk
D/ResourcesManager( 4272): creating new AssetManager and set to /system/app/GoogleContactsSyncAdapter/GoogleContactsSyncAdapter.apk
W/Resources( 4272): Converting to string: TypedValue{t=0x12/d=0xffffffff a=-1}
D/ResourcesManager( 4272): creating new AssetManager and set to /system/app/Newsstand/Newsstand.apk
D/ResourcesManager( 4272): creating new AssetManager and set to /system/app/Newsstand/Newsstand.apk
D/ResourcesManager( 4272): creating new AssetManager and set to /system/app/PlusOne/PlusOne.apk
D/ResourcesManager( 4272): creating new AssetManager and set to /system/app/PlayGames/PlayGames.apk
D/ResourcesManager( 4272): creating new AssetManager and set to /system/app/SPlanner_OS_UPG/SPlanner_OS_UPG.apk
D/ResourcesManager( 4272): creating new AssetManager and set to /system/app/SecExchange/SecExchange.apk
W/Resources( 4272): Converting to string: TypedValue{t=0x12/d=0xffffffff a=-1}
D/ResourcesManager( 4272): creating new AssetManager and set to /system/app/SmartRemote_KL/SmartRemote_KL.apk
D/ResourcesManager( 4272): creating new AssetManager and set to /system/priv-app/Velvet/Velvet.apk
V/ApplicationPolicy( 4272): isApplicationStateBlocked userId 0 pkgname com.google.android.music
D/ResourcesManager( 4272): creating new AssetManager and set to /system/priv-app/SamsungMusic_20/SamsungMusic_20.apk
W/Resources( 4272): Converting to string: TypedValue{t=0x12/d=0xffffffff a=-1}
W/Resources( 4272): Converting to string: TypedValue{t=0x12/d=0xffffffff a=-1}
W/Resources( 4272): Converting to string: TypedValue{t=0x12/d=0xffffffff a=-1}
W/Resources( 4272): Converting to string: TypedValue{t=0x12/d=0x0 a=-1}
D/ResourcesManager( 4272): creating new AssetManager and set to /system/priv-app/SecMyFiles2014/SecMyFiles2014.apk
W/Resources( 4272): Converting to string: TypedValue{t=0x12/d=0xffffffff a=-1}
D/ResourcesManager( 4272): creating new AssetManager and set to /system/priv-app/SecVideoPlayer/SecVideoPlayer.apk
W/Resources( 4272): Converting to string: TypedValue{t=0x12/d=0xffffffff a=-1}
W/Resources( 4272): Converting to string: TypedValue{t=0x12/d=0x0 a=-1}
D/ResourcesManager( 4272): creating new AssetManager and set to /system/priv-app/VoiceNote/VoiceNote.apk
W/Resources( 4272): Converting to string: TypedValue{t=0x12/d=0xffffffff a=-1}
W/Resources( 4272): Converting to string: TypedValue{t=0x12/d=0x0 a=-1}
W/Resources( 4272): Converting to string: TypedValue{t=0x12/d=0xffffffff a=-1}
W/Resources( 4272): Converting to string: TypedValue{t=0x12/d=0xffffffff a=-1}
W/Resources( 4272): Converting to string: TypedValue{t=0x12/d=0xffffffff a=-1}
D/SecContentProvider2( 4272): uri = 11 selection = getMyKnoxAdmin
D/SecContentProvider2( 4272): mCursor = null
W/Resources( 4272): Converting to string: TypedValue{t=0x12/d=0xffffffff a=-1}
W/Resources( 4272): Converting to string: TypedValue{t=0x12/d=0xffffffff a=-1}
W/Resources( 4272): Converting to string: TypedValue{t=0x12/d=0xffffffff a=-1}
W/Resources( 4272): Converting to string: TypedValue{t=0x12/d=0xffffffff a=-1}
W/Resources( 4272): Converting to string: TypedValue{t=0x12/d=0xffffffff a=-1}
W/Resources( 4272): Converting to string: TypedValue{t=0x12/d=0xffffffff a=-1}
W/Resources( 4272): Converting to string: TypedValue{t=0x12/d=0xffffffff a=-1}
W/Resources( 4272): Converting to string: TypedValue{t=0x12/d=0xffffffff a=-1}
W/Resources( 4272): Converting to string: TypedValue{t=0x12/d=0xffffffff a=-1}
W/Resources( 4272): Converting to string: TypedValue{t=0x12/d=0xffffffff a=-1}
W/Resources( 4272): Converting to string: TypedValue{t=0x12/d=0x0 a=-1}
W/Resources( 4272): Converting to string: TypedValue{t=0x12/d=0xffffffff a=-1}
W/Resources( 4272): Converting to string: TypedValue{t=0x12/d=0xffffffff a=-1}
W/Resources( 4272): Converting to string: TypedValue{t=0x12/d=0x0 a=-1}
W/Resources( 4272): Converting to string: TypedValue{t=0x12/d=0xffffffff a=-1}
W/Resources( 4272): Converting to string: TypedValue{t=0x12/d=0x0 a=-1}
W/Resources( 4272): Converting to string: TypedValue{t=0x12/d=0xffffffff a=-1}
W/Resources( 4272): Converting to string: TypedValue{t=0x12/d=0xffffffff a=-1}
W/Resources( 4272): Converting to string: TypedValue{t=0x12/d=0xffffffff a=-1}
W/Resources( 4272): Converting to string: TypedValue{t=0x12/d=0xffffffff a=-1}
W/Resources( 4272): Converting to string: TypedValue{t=0x12/d=0xffffffff a=-1}
W/Resources( 4272): Converting to string: TypedValue{t=0x12/d=0xffffffff a=-1}
W/Resources( 4272): Converting to string: TypedValue{t=0x12/d=0xffffffff a=-1}
W/Resources( 4272): Converting to string: TypedValue{t=0x12/d=0xffffffff a=-1}
W/Resources( 4272): Converting to string: TypedValue{t=0x12/d=0xffffffff a=-1}
W/Resources( 4272): Converting to string: TypedValue{t=0x12/d=0xffffffff a=-1}
W/Resources( 4272): Converting to string: TypedValue{t=0x12/d=0xffffffff a=-1}
W/Resources( 4272): Converting to string: TypedValue{t=0x12/d=0xffffffff a=-1}
W/Resources( 4272): Converting to string: TypedValue{t=0x12/d=0xffffffff a=-1}
W/Resources( 4272): Converting to string: TypedValue{t=0x12/d=0x0 a=-1}
W/Resources( 4272): Converting to string: TypedValue{t=0x12/d=0xffffffff a=-1}
W/Resources( 4272): Converting to string: TypedValue{t=0x12/d=0xffffffff a=-1}
W/Resources( 4272): Converting to string: TypedValue{t=0x12/d=0x0 a=-1}
W/Resources( 4272): Converting to string: TypedValue{t=0x12/d=0xffffffff a=-1}
W/Resources( 4272): Converting to string: TypedValue{t=0x12/d=0x0 a=-1}
W/Resources( 4272): Converting to string: TypedValue{t=0x12/d=0xffffffff a=-1}
W/Backup  ( 6149): [LegacyBackupAccountManager] No google accounts found!
V/GmsNetworkLocationProvi( 6149): DISABLE
I/GCoreNlp( 6149): shouldConfirmNlp, NLP off. Ensuring opt-in disabled
I/art     ( 4272): Explicit concurrent mark sweep GC freed 100157(7MB) AllocSpace objects, 12(192KB) LOS objects, 31% free, 34MB/50MB, paused 1.967ms total 174.915ms
D/SettingsProvider( 4272): name = assisted_gps_enabled
D/SettingsProvider( 4272): edmUri: content://com.sec.knox.provider/RestrictionPolicy3
D/SettingsProvider( 4272): projectionArgs: isSettingsChangesAllowed
D/SettingsProvider( 4272): selectionArgs: false
D/SettingsProvider( 4272): selectionArgs: 10012
D/SecContentProvider( 4272): uri = 17 selection = isSettingsChangesAllowed
D/SettingsProvider( 4272): ret = -1
D/LocationProviderProxy( 4272): applying state to connected service
D/LocationProviderProxy( 4272): applying state to connected service
D/Backup  ( 6149): [BackupTransportMigratorService] Couldn't find backup account, notifying.
D/GCM     ( 5701): GcmService start Intent { act=com.google.android.gms.INITIALIZE flg=0x10 pkg=com.google.android.gms cmp=com.google.android.gms/.gcm.GcmService } com.google.android.gms.INITIALIZE
D/SecContentProvider2( 4272): uri = 11 selection = getMyKnoxAdmin
D/SecContentProvider2( 4272): mCursor = null
D/AuthorizationBluetoothService( 5701): Received GmsCore event: Intent { act=com.google.android.gms.INITIALIZE flg=0x10 pkg=com.google.android.gms cmp=com.google.android.gms/.auth.be.proximity.authorization.bt.AuthorizationBluetoothService$AutoStarter }.
E/AuthorizationBluetoothService( 5701): Proximity feature is not enabled.
V/GmsCoreStatsServiceLauncher( 5889): Received broadcast intent Intent { act=com.google.android.gms.INITIALIZE flg=0x10 pkg=com.google.android.gms cmp=com.google.android.gms/.common.stats.GmsCoreStatsServiceLauncher }
D/LocationInitializer( 5889): Restart initialization of location
D/SHealthUpgrade(SHealthUpgradeUtil)( 9008): isShealthServiceInstalled() : HealthService is Installed.
D/SHealthUpgrade(SHealthUpgradeUtil)( 9008): isShealthService2xInstalled() : HEALTH SERVICE is INSTALLED.
D/SHealthUpgrade(SHealthUpgradeUtil)( 9008): isShealthService2xInstalled() : HEALTH SERVICE VERSION = 2.x
E/Zygote  (10123): MountEmulatedStorage()
E/Zygote  (10123): v2
I/SELinux (10123): Function: selinux_compare_spd_ram , priority [2] , priority version is VE=SEPF_SM-G900H_5.0_0011
E/SELinux (10123): [DEBUG] get_category: variable seinfo: platform sensitivity: NULL, cateogry: NULL
D/TimaKeyStoreProvider(10123): TimaSignature is unavailable
D/ActivityThread(10123): Added TimaKeyStore provider
D/ResourcesManager(10123): creating new AssetManager and set to /system/priv-app/DiagMonAgent/DiagMonAgent.apk
I/DIAGMON_AGENT(10123): [com.sec.android.diagmonagent.DiagMonAgentApplication(41/onCreate)] myUserId : 0
I/DIAGMON_AGENT(10123): [com.diagmondm.db.file.XDB(374/llIlIIIIlIIIIIlIlIII)] 
I/DIAGMON_AGENT(10123): [com.sec.android.diagmonagent.DiagMonAgentApplication(61/onCreate)] nStatus : 0
I/DIAGMON_AGENT(10123): [com.sec.android.diagmonagent.DiagMonAgentApplication(78/onCreate)] DiagMon DM Application Start !
I/DIAGMON_AGENT(10123): [com.diagmondm.XDMBroadcastReceiver(34/onReceive)] com.sec.intent.action.SYSSCOPESTATUS
I/DBG_DM  ( 8696): [com.wssyncmldm.XDMBroadcastReceiver(153/onReceive)] com.sec.intent.action.SYSSCOPESTATUS
D/PackageBroadcastService( 5889): Received broadcast action=android.intent.action.PACKAGE_CHANGED and uri=com.google.android.gm
I/PeopleContactsSync( 5889): CP2 sync disabled
I/UpdateIcingCorporaServi( 8757): Updating corpora: APPS=com.google.android.gm, CONTACTS=MAYBE
D/FileShare-Server( 9176): ServerBroadcastReceiver.onReceive - action android.intent.action.PACKAGE_CHANGED // package:com.google.android.gm
D/ShortcutReceiver( 9227):  ShortcutReceiver onReceive() intent: android.intent.action.PACKAGE_CHANGED
D/PackageBroadcastService( 5889): Received broadcast action=android.intent.action.PACKAGE_CHANGED and uri=com.google.android.videos
I/PeopleContactsSync( 5889): CP2 sync disabled
D/ResourcesManager( 8757): creating new AssetManager and set to /system/app/Gmail2/Gmail2.apk
I/UpdateIcingCorporaServi( 8757): UpdateCorporaTask done [took 97 ms] updated apps [took 97 ms] 
I/UpdateIcingCorporaServi( 8757): Updating corpora: APPS=com.google.android.videos, CONTACTS=MAYBE
D/FileShare-Server( 9176): ServerBroadcastReceiver.onReceive - action android.intent.action.PACKAGE_CHANGED // package:com.google.android.videos
D/ShortcutReceiver( 9227):  ShortcutReceiver onReceive() intent: android.intent.action.PACKAGE_CHANGED
D/PackageBroadcastService( 5889): Received broadcast action=android.intent.action.PACKAGE_CHANGED and uri=com.android.vending
I/PeopleContactsSync( 5889): CP2 sync disabled
D/ResourcesManager( 8757): creating new AssetManager and set to /system/app/Videos/Videos.apk
I/UpdateIcingCorporaServi( 8757): UpdateCorporaTask done [took 138 ms] updated apps [took 138 ms] 
I/UpdateIcingCorporaServi( 8757): Updating corpora: APPS=com.android.vending, CONTACTS=MAYBE
D/FileShare-Server( 9176): ServerBroadcastReceiver.onReceive - action android.intent.action.PACKAGE_CHANGED // package:com.android.vending
D/ShortcutReceiver( 9227):  ShortcutReceiver onReceive() intent: android.intent.action.PACKAGE_CHANGED
D/PackageBroadcastService( 5889): Received broadcast action=android.intent.action.PACKAGE_CHANGED and uri=com.google.android.youtube
I/PeopleContactsSync( 5889): CP2 sync disabled
D/ResourcesManager( 8757): creating new AssetManager and set to /system/priv-app/Phonesky/Phonesky.apk
I/UpdateIcingCorporaServi( 8757): UpdateCorporaTask done [took 100 ms] updated apps [took 99 ms] 
I/UpdateIcingCorporaServi( 8757): Updating corpora: APPS=com.google.android.youtube, CONTACTS=MAYBE
D/FileShare-Server( 9176): ServerBroadcastReceiver.onReceive - action android.intent.action.PACKAGE_CHANGED // package:com.google.android.youtube
D/ShortcutReceiver( 9227):  ShortcutReceiver onReceive() intent: android.intent.action.PACKAGE_CHANGED
D/PackageBroadcastService( 5889): Received broadcast action=android.intent.action.PACKAGE_CHANGED and uri=com.android.settings
I/PeopleContactsSync( 5889): CP2 sync disabled
D/ResourcesManager( 8757): creating new AssetManager and set to /system/app/YouTube/YouTube.apk
I/UpdateIcingCorporaServi( 8757): UpdateCorporaTask done [took 96 ms] updated apps [took 96 ms] 
I/UpdateIcingCorporaServi( 8757): Updating corpora: APPS=com.android.settings, CONTACTS=MAYBE
D/FileShare-Server( 9176): ServerBroadcastReceiver.onReceive - action android.intent.action.PACKAGE_CHANGED // package:com.android.settings
D/ShortcutReceiver( 9227):  ShortcutReceiver onReceive() intent: android.intent.action.PACKAGE_CHANGED
D/PackageBroadcastService( 5889): Received broadcast action=android.intent.action.PACKAGE_CHANGED and uri=com.google.android.gms
I/PackageBroadcastService( 5889): Null package name or gms related package.  Ignoreing.
D/ResourcesManager( 8757): creating new AssetManager and set to /system/priv-app/SecSettings/SecSettings.apk
I/UpdateIcingCorporaServi( 8757): UpdateCorporaTask done [took 99 ms] updated apps [took 98 ms] 
I/Icing   ( 5889): updateResources: need to parse e{com.google.android.gms}
I/UpdateIcingCorporaServi( 8757): Updating corpora: APPS=com.google.android.gms, CONTACTS=MAYBE
D/FileShare-Server( 9176): ServerBroadcastReceiver.onReceive - action android.intent.action.PACKAGE_CHANGED // package:com.google.android.gms
D/ShortcutReceiver( 9227):  ShortcutReceiver onReceive() intent: android.intent.action.PACKAGE_CHANGED
D/PackageBroadcastService( 5889): Received broadcast action=android.intent.action.PACKAGE_CHANGED and uri=com.google.android.gsf
I/PeopleContactsSync( 5889): CP2 sync disabled
D/FileShare-Server( 9176): ServerBroadcastReceiver.onReceive - action android.intent.action.PACKAGE_CHANGED // package:com.google.android.gsf
D/ShortcutReceiver( 9227):  ShortcutReceiver onReceive() intent: android.intent.action.PACKAGE_CHANGED
D/PackageBroadcastService( 5889): Received broadcast action=android.intent.action.PACKAGE_CHANGED and uri=com.google.android.googlequicksearchbox
I/PeopleContactsSync( 5889): CP2 sync disabled
D/FileShare-Server( 9176): ServerBroadcastReceiver.onReceive - action android.intent.action.PACKAGE_CHANGED // package:com.google.android.googlequicksearchbox
D/ShortcutReceiver( 9227):  ShortcutReceiver onReceive() intent: android.intent.action.PACKAGE_CHANGED
D/ResourcesManager( 8757): creating new AssetManager and set to /system/priv-app/GmsCore/GmsCore.apk
I/UpdateIcingCorporaServi( 8757): UpdateCorporaTask done [took 447 ms] updated apps [took 447 ms] 
I/UpdateIcingCorporaServi( 8757): Updating corpora: APPS=com.google.android.gsf, CONTACTS=MAYBE
I/UpdateIcingCorporaServi( 8757): UpdateCorporaTask done [took 95 ms] updated apps [took 95 ms] 
I/UpdateIcingCorporaServi( 8757): Updating corpora: APPS=com.google.android.googlequicksearchbox, CONTACTS=MAYBE
E/DatabaseUtils( 4272): Writing exception to parcel
E/DatabaseUtils( 4272): java.lang.NullPointerException: key == null
E/DatabaseUtils( 4272): 	at android.util.LruCache.get(LruCache.java:112)
E/DatabaseUtils( 4272): 	at com.android.providers.settings.SettingsProvider.lookupValue(SettingsProvider.java:982)
E/DatabaseUtils( 4272): 	at com.android.providers.settings.SettingsProvider.call(SettingsProvider.java:822)
E/DatabaseUtils( 4272): 	at android.content.ContentProvider$Transport.call(ContentProvider.java:370)
E/DatabaseUtils( 4272): 	at android.content.ContentProviderNative.onTransact(ContentProviderNative.java:282)
E/DatabaseUtils( 4272): 	at android.os.Binder.execTransact(Binder.java:446)
D/BluetoothManager( 9008): getConnectedDevices
D/BluetoothManager( 9008): getConnectedDevices
D/BluetoothManager( 9008): getConnectedDevices
D/BluetoothManager( 9008): getConnectedDevices
D/BluetoothManager( 9008): getConnectedDevices
D/AdaptiveEventManager( 5233): removeAdaptiveEvent() requestClass = com.sec.android.app.shealth.walkingmate.service.WalkingMateDayStepService
D/AdaptiveEventManager( 5233): M updateContainers()
D/AdaptiveEventContainerSmall( 5233): C updatePedoContainer()
D/AdaptiveEventContainerSmall( 5233): handlePedoUpdate()
D/AdaptiveEventContainerSmall( 5233): pedoEvent == null
D/BluetoothManager( 9008): getConnectedDevices
V/BitmapFactory( 9008): DecodeImagePath(decodeResourceStream3) : res/drawable-xxhdpi/s_health_widget_engraft_pedometer_mask.png
V/BitmapFactory( 9008): DecodeImagePath(decodeResourceStream3) : res/drawable-xxhdpi/s_health_widget_engraft_pedometer_icon.png
V/BitmapFactory( 9008): DecodeImagePath(decodeResourceStream3) : res/drawable-xxxhdpi/s_health_widget_mask.png
V/BitmapFactory( 9008): DecodeImagePath(decodeResourceStream3) : res/drawable-xxxhdpi/s_health_widget_pedometer_icon_02.png
E/Zygote  (10192): MountEmulatedStorage()
E/Zygote  (10192): v2
I/SELinux (10192): Function: selinux_compare_spd_ram , priority [2] , priority version is VE=SEPF_SM-G900H_5.0_0011
E/SELinux (10192): [DEBUG] get_category: variable seinfo: untrusted sensitivity: NULL, cateogry: NULL
I/UpdateIcingCorporaServi( 8757): UpdateCorporaTask done [took 103 ms] updated apps [took 103 ms] 
D/TimaKeyStoreProvider(10192): TimaSignature is unavailable
D/ActivityThread(10192): Added TimaKeyStore provider
D/ResourcesManager(10192): creating new AssetManager and set to /system/priv-app/GmsCore/GmsCore.apk
I/MultiDex(10192): VM with version 2.1.0 has multidex support
I/MultiDex(10192): install
I/MultiDex(10192): VM has multidex support, MultiDex support library is disabled.
I/ProviderInstaller(10192): Insert disabled by gate 'gms:security:enable_conscrypt_in_gms_application'
E/MDM     (10192): [1] SitrepService.a: No Google accounts; deferring server state update.
I/PlayMovies( 9849): GcmMessageReceiver.onReceive:100 Received GCM message Intent { act=com.google.android.c2dm.intent.REGISTRATION flg=0x10 pkg=com.google.android.videos cmp=com.google.android.videos/.gcm.GcmMessageReceiver (has extras) }
W/PlayMovies( 9849): GcmMessageReceiver.onReceive:104 Missing message type
D/daemonapp( 5325): [MSC_Daemon]>>> WU:262 [0:0] regintype : LA
D/daemonapp( 5325): [MSC_Daemon]>>> WU:318 [0:0] cp type is : cp_eng
D/daemonapp( 5325): [MSC_Daemon]>>> WCP:1142 [0:0] Provider query : content://apaccuweatherprovider/settings
D/daemonapp( 5325): [MSC_Daemon]>>> WCP:1142 [0:0] Provider query : content://apaccuweatherprovider/weatherinfo
D/daemonapp( 5325): [MSC_Daemon]>>> WDSM:41 [0:0] Act : comsamsungssrmSCREEN_ON, run:true
D/comsamsunglog( 5325): [MSC_Daemon]>>> ====================================================================================================================
D/comsamsunglog( 5325): [MSC_Daemon]>>> daemonapp [Version : 15010801 ] [ 2 ] 
D/comsamsunglog( 5325): [MSC_Daemon]>>> Header set to : ===> "daemonapp" <===
D/comsamsunglog( 5325): [MSC_Daemon]>>> ====================================================================================================================
D/daemonapp( 5325): [MSC_Daemon]>>> WDSM:82 [0:0] c:null, r:3
D/daemonapp( 5325): [MSC_Daemon]>>> WDSM:418 [0:0]  ==> Act: SCREEN_ON or COVER_OPEN <==
D/daemonapp( 5325): [MSC_Daemon]>>> WCP:1142 [0:0] Provider query : content://apaccuweatherprovider/settings
D/daemonapp( 5325): [MSC_Daemon]>>> WDSM:421 [0:0] [ASO][AUTOREFRESHKEY] --> 3
D/daemonapp( 5325): [MSC_Daemon]>>> WDSM:422 [0:0] [ASO][NUT] = 1436258940000
D/daemonapp( 5325): [MSC_Daemon]>>> WDSM:423 [0:0] [ASO][CT] = 1436237442131
D/daemonapp( 5325): [MSC_Daemon]>>> WCP:1142 [0:0] Provider query : content://apaccuweatherprovider/packagename
D/daemonapp( 5325): [MSC_Daemon]>>> WU:1622 [0:0] PakNme size = 4
D/daemonapp( 5325): [MSC_Daemon]>>> WU:262 [0:0] regintype : LA
D/daemonapp( 5325): [MSC_Daemon]>>> WU:318 [0:0] cp type is : cp_eng
D/daemonapp( 5325): [MSC_Daemon]>>> WU:1626 [0:0] CP Name cp_eng
D/daemonapp( 5325): [MSC_Daemon]>>> WCP:1142 [0:0] Provider query : content://apaccuweatherprovider/packagename
E/daemonapp( 5325): [MSC_Daemon]>>> WU:1606 [0:0] [NameNotFoundException] !!
E/Zygote  (10213): MountEmulatedStorage()
E/Zygote  (10213): v2
I/SELinux (10213): Function: selinux_compare_spd_ram , priority [2] , priority version is VE=SEPF_SM-G900H_5.0_0011
E/SELinux (10213): [DEBUG] get_category: variable seinfo: untrusted sensitivity: NULL, cateogry: NULL
I/MusicLeanback( 9775): Conditions not met for autocaching.
I/MusicLeanback( 9775): Stop autocaching.
D/TimaKeyStoreProvider(10213): TimaSignature is unavailable
D/ActivityThread(10213): Added TimaKeyStore provider
I/SettingSearch/SearchIntentReceiver( 8594): action : android.settings.FINISH_SEARCHDB_EXTRA_APPS
I/SettingSearch/SearchIntentReceiver( 8594): FINISH_SEARCHDB_EXTRA_APPS call search titleinfo db init!!
I/SettingSearch/SearchIntentReceiver( 8594): InitTitleDBThread start --> mDoingInitTitleDB : true
I/SettingSearch/SearchIntentReceiver( 8594): action : android.settings.FINISH_SEARCHDB_EXTRA_APPS
I/SettingSearch/SearchIntentReceiver( 8594): FINISH_SEARCHDB_EXTRA_APPS call search titleinfo db init!!
D/ResourcesManager(10213): creating new AssetManager and set to /system/priv-app/GmsCore/GmsCore.apk
D/ResourcesManager( 9775): creating new AssetManager and set to /system/priv-app/GmsCore/GmsCore.apk
D/KeyguardViewMediator( 5233): received DELAYED_KEYGUARD_ACTION with seq = 1, mDelayedShowingSequence = 1
D/PersonaManager( 5233): isKioskContainerExistOnDevice
D/KeyguardViewMediator( 5233): doKeyguard: not showing because device isn't provisioned and the sim is not locked or missing
D/NtpTrustedTime( 4272): forceRefresh() from cache miss
D/NtpTrustedTime( 4272): forceRefresh Fail.
D/PackageBroadcastService( 5889): Received broadcast action=android.intent.action.PACKAGE_CHANGED and uri=com.google.android.music
I/GHttpClientFactory( 9775): Using the GMSCore's GoogleHttpClient
I/PeopleContactsSync( 5889): CP2 sync disabled
I/SettingSearch/SettingsSearchManager( 8594): Infomation -> numtitleinfo : 0 numSearchinfo : 287
I/UpdateIcingCorporaServi( 8757): Updating corpora: APPS=com.google.android.music, CONTACTS=MAYBE
I/MultiDex(10213): VM with version 2.1.0 has multidex support
I/MultiDex(10213): install
I/MultiDex(10213): VM has multidex support, MultiDex support library is disabled.
I/ProviderInstaller(10213): Insert disabled by gate 'gms:security:enable_conscrypt_in_gms_application'
D/FileShare-Server( 9176): ServerBroadcastReceiver.onReceive - action android.intent.action.PACKAGE_CHANGED // package:com.google.android.music
D/ShortcutReceiver( 9227):  ShortcutReceiver onReceive() intent: android.intent.action.PACKAGE_CHANGED
I/FaceInterface( 9076): startFaceScan() : going on
D/FaceInterface( 9076): startFaceScan() is called.
D/ResourcesManager( 8757): creating new AssetManager and set to /system/app/Music2/Music2.apk
D/ContentApp( 5588): startScan() is called.
D/ContentApp( 5588): 2 level return
D/WearableClient( 9775): WearableClientImpl.onPostInitHandler: done
D/PackageBroadcastService( 5889): Received broadcast action=android.intent.action.PACKAGE_CHANGED and uri=com.google.android.videos
D/WearableClient( 9775): WearableClientImpl.onPostInitHandler: done
D/WearableClient( 9775): WearableClientImpl.onPostInitHandler: done
I/UpdateIcingCorporaServi( 8757): UpdateCorporaTask done [took 146 ms] updated apps [took 146 ms] 
D/WearableClient( 9775): WearableClientImpl.onPostInitHandler: done
E/GmsUtils( 9775): Failed to connect to Google API client: ConnectionResult{statusCode=API_UNAVAILABLE, resolution=null}
E/GmsUtils( 9775): Failed to connect to Google API client: ConnectionResult{statusCode=API_UNAVAILABLE, resolution=null}
I/PeopleContactsSync( 5889): CP2 sync disabled
I/art     ( 4272): Explicit concurrent mark sweep GC freed 45085(3MB) AllocSpace objects, 3(48KB) LOS objects, 31% free, 34MB/50MB, paused 3.310ms total 142.878ms
I/UpdateIcingCorporaServi( 8757): Updating corpora: APPS=com.google.android.videos, CONTACTS=MAYBE
I/SettingSearch/SettingsSearchManager( 8594):  Infomation -> getItem size : 287
E/SQLiteLog(10213): (284) automatic index on assetrefs(dataitems_id)
D/FileShare-Server( 9176): ServerBroadcastReceiver.onReceive - action android.intent.action.PACKAGE_CHANGED // package:com.google.android.videos
D/ResourcesManager( 8594): creating new AssetManager and set to /system/priv-app/GoogleServicesFramework/GoogleServicesFramework.apk
D/ShortcutReceiver( 9227):  ShortcutReceiver onReceive() intent: android.intent.action.PACKAGE_CHANGED
D/ResourcesManager( 8594): creating new AssetManager and set to /system/priv-app/TeleService/TeleService.apk
D/PackageBroadcastService( 5889): Received broadcast action=android.intent.action.PACKAGE_CHANGED and uri=com.google.android.gms
I/PackageBroadcastService( 5889): Null package name or gms related package.  Ignoreing.
D/ResourcesManager( 8757): creating new AssetManager and set to /system/app/Videos/Videos.apk
I/UpdateIcingCorporaServi( 8757): UpdateCorporaTask done [took 145 ms] updated apps [took 145 ms] 
I/UpdateIcingCorporaServi( 8757): Updating corpora: APPS=com.google.android.gms, CONTACTS=MAYBE
D/ResourcesManager( 8594): creating new AssetManager and set to /system/app/AssistantMenu2/AssistantMenu2.apk
D/FileShare-Server( 9176): ServerBroadcastReceiver.onReceive - action android.intent.action.PACKAGE_CHANGED // package:com.google.android.gms
I/art     ( 5889): Explicit concurrent mark sweep GC freed 52375(3MB) AllocSpace objects, 38(608KB) LOS objects, 24% free, 17MB/23MB, paused 1.535ms total 81.005ms
I/Icing   ( 5889): updateResources: need to parse e{com.google.android.gms}
D/ShortcutReceiver( 9227):  ShortcutReceiver onReceive() intent: android.intent.action.PACKAGE_CHANGED
D/BluetoothManager( 9008): getConnectedDevices
D/BluetoothManager( 9008): getConnectedDevices
D/ResourcesManager( 5889): creating new AssetManager and set to /system/priv-app/Velvet/Velvet.apk
D/BluetoothManager( 9008): getConnectedDevices
D/BluetoothManager( 9008): getConnectedDevices
D/BluetoothManager( 9008): getConnectedDevices
D/BluetoothManager( 9008): getConnectedDevices
D/GCM     ( 5701): GcmService start Intent { act=com.google.android.gms.INITIALIZE flg=0x10 pkg=com.google.android.gms cmp=com.google.android.gms/.gcm.GcmService } com.google.android.gms.INITIALIZE
D/AuthorizationBluetoothService( 5701): Received GmsCore event: Intent { act=com.google.android.gms.INITIALIZE flg=0x10 pkg=com.google.android.gms cmp=com.google.android.gms/.auth.be.proximity.authorization.bt.AuthorizationBluetoothService$AutoStarter }.
E/AuthorizationBluetoothService( 5701): Proximity feature is not enabled.
V/GmsCoreStatsServiceLauncher( 5889): Received broadcast intent Intent { act=com.google.android.gms.INITIALIZE flg=0x10 pkg=com.google.android.gms cmp=com.google.android.gms/.common.stats.GmsCoreStatsServiceLauncher }
I/System.out( 8635): Thread-783(ApacheHTTPLog):Reading from variable values from setDefaultValuesToVariables
I/System.out( 8635): Thread-783(ApacheHTTPLog):isShipBuild true
I/System.out( 8635): Thread-783(ApacheHTTPLog):SmartBonding Enabling is true, SHIP_BUILD is true, log to file is false, DBG is false
I/System.out( 8635): pool-2-thread-16 calls detatch()
E/YouTube ( 8635): (unknown) device registration failed
D/LocationInitializer( 5889): Restart initialization of location
D/GCM     ( 5701): GcmService start Intent { act=com.google.android.gms.INITIALIZE flg=0x10 pkg=com.google.android.gms cmp=com.google.android.gms/.gcm.GcmService } com.google.android.gms.INITIALIZE
D/AuthorizationBluetoothService( 5701): Received GmsCore event: Intent { act=com.google.android.gms.INITIALIZE flg=0x10 pkg=com.google.android.gms cmp=com.google.android.gms/.auth.be.proximity.authorization.bt.AuthorizationBluetoothService$AutoStarter }.
E/AuthorizationBluetoothService( 5701): Proximity feature is not enabled.
V/GmsCoreStatsServiceLauncher( 5889): Received broadcast intent Intent { act=com.google.android.gms.INITIALIZE flg=0x10 pkg=com.google.android.gms cmp=com.google.android.gms/.common.stats.GmsCoreStatsServiceLauncher }
I/SettingSearch/SearchIntentReceiver( 8594): InitTitleDBThread end --> mDoingInitTitleDB : false
I/SettingSearch/SearchIntentReceiver( 8594): LOCALE_CHANGED call search setting db finish!!
D/LocationInitializer( 5889): Restart initialization of location
I/SettingSearch/SearchIntentReceiver( 8594): InitTitleDBThread start --> mDoingInitTitleDB : true
D/ResourcesManager( 8757): creating new AssetManager and set to /system/priv-app/GmsCore/GmsCore.apk
I/UpdateIcingCorporaServi( 8757): UpdateCorporaTask done [took 578 ms] updated apps [took 578 ms] 
I/SettingSearch/SearchIntentReceiver( 8594): InitTitleDBThread end --> mDoingInitTitleDB : false
I/SettingSearch/SearchIntentReceiver( 8594): LOCALE_CHANGED call search setting db finish!!
I/FaceInterface( 9076): startFaceScan() : going on
D/FaceInterface( 9076): startFaceScan() is called.
D/ContentApp( 5588): startScan() is called.
D/ContentApp( 5588): 2 level return
D/KeyguardUpdateMonitor( 5233): received broadcast android.intent.action.BATTERY_CHANGED
D/KeyguardUpdateMonitor( 5233): handleBatteryUpdate
D/ResourcesManager( 4272): creating new AssetManager and set to /system/priv-app/GmsCore/GmsCore.apk
D/ResourcesManager( 4272): creating new AssetManager and set to /system/priv-app/SNS/SNS.apk
D/ResourcesManager( 4272): creating new AssetManager and set to /system/priv-app/Samsungservice2_xxhdpi/Samsungservice2_xxhdpi.apk
D/ResourcesManager( 4272): creating new AssetManager and set to /system/app/ChatON_MARKET/ChatON_MARKET.apk
D/ResourcesManager( 4272): creating new AssetManager and set to /system/app/Dropbox/Dropbox.apk
D/ResourcesManager( 4272): creating new AssetManager and set to /system/app/Gmail2/Gmail2.apk
D/ResourcesManager( 4272): creating new AssetManager and set to /system/app/SBrowser/SBrowser.apk
D/ResourcesManager( 4272): creating new AssetManager and set to /system/app/SecEmail_K/SecEmail_K.apk
D/ResourcesManager( 4272): creating new AssetManager and set to /system/priv-app/GoogleServicesFramework/GoogleServicesFramework.apk
D/ResourcesManager( 4272): creating new AssetManager and set to /system/priv-app/SHealth3_5/SHealth3_5.apk
D/ResourcesManager( 4272): creating new AssetManager and set to /system/priv-app/Phonesky/Phonesky.apk
D/ResourcesManager( 4272): creating new AssetManager and set to /system/priv-app/InputDevices/InputDevices.apk
D/ResourcesManager( 4272): creating new AssetManager and set to /system/priv-app/SecGallery2014/SecGallery2014.apk
D/ResourcesManager( 4272): creating new AssetManager and set to /system/priv-app/SecContacts/SecContacts.apk
D/ResourcesManager( 4272): creating new AssetManager and set to /system/priv-app/sCloudSyncCalendar/sCloudSyncCalendar.apk
I/InputReader( 4272): Reconfiguring input devices.  changes=0x00000010
D/ResourcesManager( 4272): creating new AssetManager and set to /system/priv-app/sCloudSyncContacts/sCloudSyncContacts.apk
D/ResourcesManager( 4272): creating new AssetManager and set to /system/priv-app/sCloudSyncMemo/sCloudSyncMemo.apk
D/ResourcesManager( 4272): creating new AssetManager and set to /system/priv-app/sCloudSyncSBrowser/sCloudSyncSBrowser.apk
D/ResourcesManager( 4272): creating new AssetManager and set to /system/priv-app/sCloudSyncSNote3/sCloudSyncSNote3.apk
W/Resources( 4272): Converting to string: TypedValue{t=0x12/d=0xffffffff a=-1}
D/ResourcesManager( 4272): creating new AssetManager and set to /system/priv-app/SecMms_Candy/SecMms_Candy.apk
D/ResourcesManager( 4272): creating new AssetManager and set to /system/app/Books/Books.apk
W/Resources( 4272): Converting to string: TypedValue{t=0x12/d=0xffffffff a=-1}
D/ResourcesManager( 4272): creating new AssetManager and set to /system/app/Books/Books.apk
D/ResourcesManager( 4272): creating new AssetManager and set to /system/app/Chrome/Chrome.apk
D/RegisteredServicesCache( 5477): empty dynamic service
D/ResourcesManager( 4272): creating new AssetManager and set to /system/app/Drive/Drive.apk
D/PackageBroadcastService( 5889): Received broadcast action=android.intent.action.PACKAGE_CHANGED and uri=com.google.android.music
D/ResourcesManager( 4272): creating new AssetManager and set to /system/app/EditorsDocs/EditorsDocs.apk
D/ResourcesManager( 4272): creating new AssetManager and set to /system/app/GoogleCalendarSyncAdapter/GoogleCalendarSyncAdapter.apk
I/PeopleContactsSync( 5889): CP2 sync disabled
D/ResourcesManager( 4272): creating new AssetManager and set to /system/app/GoogleContactsSyncAdapter/GoogleContactsSyncAdapter.apk
D/ResourcesManager( 4272): creating new AssetManager and set to /system/app/Music2/Music2.apk
D/ResourcesManager( 4272): creating new AssetManager and set to /system/app/Music2/Music2.apk
D/ResourcesManager( 4272): creating new AssetManager and set to /system/app/Newsstand/Newsstand.apk
D/ResourcesManager( 4272): creating new AssetManager and set to /system/app/PlusOne/PlusOne.apk
D/ResourcesManager( 4272): creating new AssetManager and set to /system/app/SecExchange/SecExchange.apk
W/Resources( 4272): Converting to string: TypedValue{t=0x12/d=0xffffffff a=-1}
D/ResourcesManager( 4272): creating new AssetManager and set to /system/app/SecMemoDL/SecMemoDL.apk
D/ResourcesManager( 4272): creating new AssetManager and set to /system/app/Videos/Videos.apk
D/SecContentProvider2( 4272): uri = 11 selection = getMyKnoxAdmin
W/Resources( 4272): Converting to string: TypedValue{t=0x12/d=0xffffffff a=-1}
D/SecContentProvider2( 4272): mCursor = null
D/ResourcesManager( 4272): creating new AssetManager and set to /system/app/Videos/Videos.apk
I/UpdateIcingCorporaServi( 8757): Updating corpora: APPS=com.google.android.music, CONTACTS=MAYBE
D/ResourcesManager( 4272): creating new AssetManager and set to /system/app/YouTube/YouTube.apk
D/ResourcesManager( 4272): creating new AssetManager and set to /system/priv-app/SFinder/SFinder.apk
V/ApplicationPolicy( 4272): isApplicationStateBlocked userId 0 pkgname com.google.android.music
D/FileShare-Server( 9176): ServerBroadcastReceiver.onReceive - action android.intent.action.PACKAGE_CHANGED // package:com.google.android.music
W/Resources( 4272): Converting to string: TypedValue{t=0x12/d=0xffffffff a=-1}
W/Resources( 4272): Converting to string: TypedValue{t=0x12/d=0xffffffff a=-1}
W/Resources( 4272): Converting to string: TypedValue{t=0x12/d=0xffffffff a=-1}
D/ResourcesManager( 4272): creating new AssetManager and set to /system/app/InteractiveTutorial/InteractiveTutorial.apk
W/Resources( 4272): Converting to string: TypedValue{t=0x12/d=0xffffffff a=-1}
D/ResourcesManager( 4272): creating new AssetManager and set to /system/app/PlayGames/PlayGames.apk
D/ShortcutReceiver( 9227):  ShortcutReceiver onReceive() intent: android.intent.action.PACKAGE_CHANGED
D/ResourcesManager( 4272): creating new AssetManager and set to /system/app/SPlanner_OS_UPG/SPlanner_OS_UPG.apk
W/Resources( 4272): Converting to string: TypedValue{t=0x12/d=0xffffffff a=-1}
D/ResourcesManager( 4272): creating new AssetManager and set to /system/app/SmartRemote_KL/SmartRemote_KL.apk
D/ResourcesManager( 4272): creating new AssetManager and set to /system/priv-app/Velvet/Velvet.apk
D/ResourcesManager( 4272): creating new AssetManager and set to /system/priv-app/SamsungMusic_20/SamsungMusic_20.apk
W/Resources( 4272): Converting to string: TypedValue{t=0x12/d=0xffffffff a=-1}
W/Resources( 4272): Converting to string: TypedValue{t=0x12/d=0xffffffff a=-1}
W/Resources( 4272): Converting to string: TypedValue{t=0x12/d=0xffffffff a=-1}
W/Resources( 4272): Converting to string: TypedValue{t=0x12/d=0x0 a=-1}
D/ResourcesManager( 8757): creating new AssetManager and set to /system/app/Music2/Music2.apk
D/ResourcesManager( 4272): creating new AssetManager and set to /system/priv-app/SecMyFiles2014/SecMyFiles2014.apk
W/Resources( 4272): Converting to string: TypedValue{t=0x12/d=0xffffffff a=-1}
D/ResourcesManager( 4272): creating new AssetManager and set to /system/priv-app/SecVideoPlayer/SecVideoPlayer.apk
W/Resources( 4272): Converting to string: TypedValue{t=0x12/d=0xffffffff a=-1}
I/UpdateIcingCorporaServi( 8757): UpdateCorporaTask done [took 105 ms] updated apps [took 105 ms] 
W/Resources( 4272): Converting to string: TypedValue{t=0x12/d=0x0 a=-1}
D/ResourcesManager( 4272): creating new AssetManager and set to /system/priv-app/VoiceNote/VoiceNote.apk
W/Resources( 4272): Converting to string: TypedValue{t=0x12/d=0xffffffff a=-1}
W/Resources( 4272): Converting to string: TypedValue{t=0x12/d=0x0 a=-1}
W/Resources( 4272): Converting to string: TypedValue{t=0x12/d=0xffffffff a=-1}
D/ResourcesManager(10001): creating new AssetManager and set to /system/app/Music2/Music2.apk
E/USB     ( 3621): [CSSVC	][Connsvc_USB_OnRead:3182	] usb device handle closed. code : 125
E/USB     ( 3621): [CSSVC	][Connsvc_USB_OnSend:3389	] usb closed. code : 125
E/libsuspend( 4272): Error writing to /sys/power/state: Device or resource busy
D/KeyguardUpdateMonitor( 5233): received broadcast android.intent.action.TIME_TICK
D/KeyguardUpdateMonitor( 5233): handleTimeUpdate
D/Finsky  ( 8924): [1] DailyHygiene.inHoldoffPeriod: DailyHygiene holdoff continue
D/KeyguardEffectViewController( 5233): onReceive action : android.intent.action.TIME_TICK
