I/FFMPEG  ( 3692):     Metadata:
I/FFMPEG  ( 3692):       ANDROID_LOOP    : true
I/FFMPEG  ( 3692):       TITLE           : Solarium
D/FFmpegExtractor( 3692): FFmpegExtrator, url: android-source:0xb452c2e0, format_name: ogg, format_long_name: Ogg
I/FFmpegExtractor( 3692): adjust mime(application/ogg -> audio/vorbis)
D/FFmpegExtractor( 3692): suppoted codec(vorbis) by official Stagefright
D/FFmpegExtractor( 3692): ffmpeg detected media content as 'audio/vorbis' with confidence 0.08
D/WVMDrmPlugIn( 3691): WVMDrmPlugin::onInitialize : 5425
D/WVMDrmPlugIn( 3691): WVMDrmPlugin::onSetOnInfoListener : add 5425
D/WVMDrmPlugIn( 3691): WVMDrmPlugin::onTerminate : 5425
I/FFmpegExtractor( 3692): android-source:0xb452c6f0
I/FFMPEG  ( 3692): Input #0, ogg, from 'android-source:0xb452c6f0':
I/FFMPEG  ( 3692):   Duration: 00:00:04.00, start: 0.000000, bitrate: 52 kb/s
I/FFMPEG  ( 3692):     Stream #0:0: Audio: vorbis, 44100 Hz, mono, fltp, 48 kb/s
I/FFMPEG  ( 3692):     Metadata:
I/FFMPEG  ( 3692):       ARTIST          : Dr. MAD
I/FFMPEG  ( 3692):       TITLE           : Springy Jalopy
I/FFMPEG  ( 3692):       ANDROID_LOOP    : true
D/FFmpegExtractor( 3692): FFmpegExtrator, url: android-source:0xb452c6f0, format_name: ogg, format_long_name: Ogg
I/FFmpegExtractor( 3692): adjust mime(application/ogg -> audio/vorbis)
D/FFmpegExtractor( 3692): suppoted codec(vorbis) by official Stagefright
D/FFmpegExtractor( 3692): ffmpeg detected media content as 'audio/vorbis' with confidence 0.08
D/WVMDrmPlugIn( 3691): WVMDrmPlugin::onInitialize : 4237
D/WVMDrmPlugIn( 3691): WVMDrmPlugin::onSetOnInfoListener : add 4237
D/WVMDrmPlugIn( 3691): WVMDrmPlugin::onTerminate : 4237
I/FFmpegExtractor( 3692): android-source:0xb452c7e0
I/FFMPEG  ( 3692): Input #0, ogg, from 'android-source:0xb452c7e0':
I/FFMPEG  ( 3692):   Duration: 00:00:04.00, start: 0.000000, bitrate: 75 kb/s
I/FFMPEG  ( 3692):     Stream #0:0: Audio: vorbis, 44100 Hz, mono, fltp, 70 kb/s
I/FFMPEG  ( 3692):     Metadata:
I/FFMPEG  ( 3692):       ANDROID_LOOP    : true
I/FFMPEG  ( 3692):       TITLE           : Steppin' Out
I/FFMPEG  ( 3692):       ARTIST          : Dr. Mad
D/FFmpegExtractor( 3692): FFmpegExtrator, url: android-source:0xb452c7e0, format_name: ogg, format_long_name: Ogg
I/FFmpegExtractor( 3692): adjust mime(application/ogg -> audio/vorbis)
D/FFmpegExtractor( 3692): suppoted codec(vorbis) by official Stagefright
D/FFmpegExtractor( 3692): ffmpeg detected media content as 'audio/vorbis' with confidence 0.08
D/WVMDrmPlugIn( 3691): WVMDrmPlugin::onInitialize : 5969
D/WVMDrmPlugIn( 3691): WVMDrmPlugin::onSetOnInfoListener : add 5969
D/WVMDrmPlugIn( 3691): WVMDrmPlugin::onTerminate : 5969
I/FFmpegExtractor( 3692): android-source:0xb452cce0
I/FFMPEG  ( 3692): Input #0, ogg, from 'android-source:0xb452cce0':
I/FFMPEG  ( 3692):   Duration: 00:00:05.33, start: 0.000000, bitrate: 54 kb/s
I/FFMPEG  ( 3692):     Stream #0:0: Audio: vorbis, 44100 Hz, mono, fltp, 48 kb/s
I/FFMPEG  ( 3692):     Metadata:
I/FFMPEG  ( 3692):       ARTIST          : Dr. MAD
I/FFMPEG  ( 3692):       TITLE           : Terminated
I/FFMPEG  ( 3692):       ANDROID_LOOP    : true
D/FFmpegExtractor( 3692): FFmpegExtrator, url: android-source:0xb452cce0, format_name: ogg, format_long_name: Ogg
I/FFmpegExtractor( 3692): adjust mime(application/ogg -> audio/vorbis)
D/FFmpegExtractor( 3692): suppoted codec(vorbis) by official Stagefright
D/FFmpegExtractor( 3692): ffmpeg detected media content as 'audio/vorbis' with confidence 0.08
D/WVMDrmPlugIn( 3691): WVMDrmPlugin::onInitialize : 5752
D/WVMDrmPlugIn( 3691): WVMDrmPlugin::onSetOnInfoListener : add 5752
D/WVMDrmPlugIn( 3691): WVMDrmPlugin::onTerminate : 5752
I/FFmpegExtractor( 3692): android-source:0xb452ce70
I/FFMPEG  ( 3692): Input #0, ogg, from 'android-source:0xb452ce70':
I/FFMPEG  ( 3692):   Duration: 00:00:07.64, start: 0.000000, bitrate: 75 kb/s
I/FFMPEG  ( 3692):     Stream #0:0: Audio: vorbis, 44100 Hz, stereo, fltp, 112 kb/s
I/FFMPEG  ( 3692):     Metadata:
I/FFMPEG  ( 3692):       ANDROID_LOOP    : true
I/FFMPEG  ( 3692):       ARTIST          : Ali Spagnola
I/FFMPEG  ( 3692):       TITLE           : Testudo
D/FFmpegExtractor( 3692): FFmpegExtrator, url: android-source:0xb452ce70, format_name: ogg, format_long_name: Ogg
I/FFmpegExtractor( 3692): adjust mime(application/ogg -> audio/vorbis)
D/FFmpegExtractor( 3692): suppoted codec(vorbis) by official Stagefright
D/FFmpegExtractor( 3692): ffmpeg detected media content as 'audio/vorbis' with confidence 0.08
D/WVMDrmPlugIn( 3691): WVMDrmPlugin::onInitialize : 5793
D/WVMDrmPlugIn( 3691): WVMDrmPlugin::onSetOnInfoListener : add 5793
D/WVMDrmPlugIn( 3691): WVMDrmPlugin::onTerminate : 5793
I/FFmpegExtractor( 3692): android-source:0xb6055c40
I/FFMPEG  ( 3692): Input #0, ogg, from 'android-source:0xb6055c40':
I/FFMPEG  ( 3692):   Duration: 00:00:21.18, start: 0.000000, bitrate: 66 kb/s
I/FFMPEG  ( 3692):     Stream #0:0: Audio: vorbis, 44100 Hz, mono, fltp, 70 kb/s
I/FFMPEG  ( 3692):     Metadata:
I/FFMPEG  ( 3692):       ANDROID_LOOP    : true
I/FFMPEG  ( 3692):       TITLE           : Themos
D/FFmpegExtractor( 3692): FFmpegExtrator, url: android-source:0xb6055c40, format_name: ogg, format_long_name: Ogg
I/FFmpegExtractor( 3692): adjust mime(application/ogg -> audio/vorbis)
D/FFmpegExtractor( 3692): suppoted codec(vorbis) by official Stagefright
D/FFmpegExtractor( 3692): ffmpeg detected media content as 'audio/vorbis' with confidence 0.08
D/WVMDrmPlugIn( 3691): WVMDrmPlugin::onInitialize : 7056
D/WVMDrmPlugIn( 3691): WVMDrmPlugin::onSetOnInfoListener : add 7056
D/WVMDrmPlugIn( 3691): WVMDrmPlugin::onTerminate : 7056
I/FFmpegExtractor( 3692): android-source:0xb1110b50
I/FFMPEG  ( 3692): Input #0, ogg, from 'android-source:0xb1110b50':
I/FFMPEG  ( 3692):   Duration: 00:00:04.00, start: 0.000000, bitrate: 73 kb/s
I/FFMPEG  ( 3692):     Stream #0:0: Audio: vorbis, 44100 Hz, mono, fltp, 70 kb/s
I/FFMPEG  ( 3692):     Metadata:
I/FFMPEG  ( 3692):       ANDROID_LOOP    : true
I/FFMPEG  ( 3692):       TITLE           : Third Eye
I/FFMPEG  ( 3692):       ARTIST          : Dr. Mad
D/FFmpegExtractor( 3692): FFmpegExtrator, url: android-source:0xb1110b50, format_name: ogg, format_long_name: Ogg
I/FFmpegExtractor( 3692): adjust mime(application/ogg -> audio/vorbis)
D/FFmpegExtractor( 3692): suppoted codec(vorbis) by official Stagefright
D/FFmpegExtractor( 3692): ffmpeg detected media content as 'audio/vorbis' with confidence 0.08
D/WVMDrmPlugIn( 3691): WVMDrmPlugin::onInitialize : 5554
D/WVMDrmPlugIn( 3691): WVMDrmPlugin::onSetOnInfoListener : add 5554
D/WVMDrmPlugIn( 3691): WVMDrmPlugin::onTerminate : 5554
I/FFmpegExtractor( 3692): android-source:0xb1110560
I/FFMPEG  ( 3692): Input #0, ogg, from 'android-source:0xb1110560':
I/FFMPEG  ( 3692):   Duration: 00:00:04.80, start: 0.000000, bitrate: 76 kb/s
I/FFMPEG  ( 3692):     Stream #0:0: Audio: vorbis, 44100 Hz, mono, fltp, 70 kb/s
I/FFMPEG  ( 3692):     Metadata:
I/FFMPEG  ( 3692):       ANDROID_LOOP    : true
I/FFMPEG  ( 3692):       TITLE           : Thunderfoot
I/FFMPEG  ( 3692):       ARTIST          : Dr. Mad
D/FFmpegExtractor( 3692): FFmpegExtrator, url: android-source:0xb1110560, format_name: ogg, format_long_name: Ogg
I/FFmpegExtractor( 3692): adjust mime(application/ogg -> audio/vorbis)
D/FFmpegExtractor( 3692): suppoted codec(vorbis) by official Stagefright
D/FFmpegExtractor( 3692): ffmpeg detected media content as 'audio/vorbis' with confidence 0.08
D/WVMDrmPlugIn( 3691): WVMDrmPlugin::onInitialize : 7594
D/WVMDrmPlugIn( 3691): WVMDrmPlugin::onSetOnInfoListener : add 7594
D/WVMDrmPlugIn( 3691): WVMDrmPlugin::onTerminate : 7594
I/FFmpegExtractor( 3692): android-source:0xb1110470
I/FFMPEG  ( 3692): Input #0, ogg, from 'android-source:0xb1110470':
I/FFMPEG  ( 3692):   Duration: 00:00:21.09, start: 0.000000, bitrate: 259 kb/s
I/FFMPEG  ( 3692):     Stream #0:0: Audio: vorbis, 44100 Hz, stereo, fltp, 224 kb/s
I/FFMPEG  ( 3692):     Metadata:
I/FFMPEG  ( 3692):       ANDROID_LOOP    : true
I/FFMPEG  ( 3692):       TITLE           : Titania
D/FFmpegExtractor( 3692): FFmpegExtrator, url: android-source:0xb1110470, format_name: ogg, format_long_name: Ogg
I/FFmpegExtractor( 3692): adjust mime(application/ogg -> audio/vorbis)
D/FFmpegExtractor( 3692): suppoted codec(vorbis) by official Stagefright
D/FFmpegExtractor( 3692): ffmpeg detected media content as 'audio/vorbis' with confidence 0.08
D/WVMDrmPlugIn( 3691): WVMDrmPlugin::onInitialize : 6045
D/WVMDrmPlugIn( 3691): WVMDrmPlugin::onSetOnInfoListener : add 6045
D/WVMDrmPlugIn( 3691): WVMDrmPlugin::onTerminate : 6045
I/FFmpegExtractor( 3692): android-source:0xb452c330
I/FFMPEG  ( 3692): Input #0, ogg, from 'android-source:0xb452c330':
I/FFMPEG  ( 3692):   Duration: 00:00:14.69, start: 0.000000, bitrate: 256 kb/s
I/FFMPEG  ( 3692):     Stream #0:0: Audio: vorbis, 44100 Hz, stereo, fltp, 224 kb/s
I/FFMPEG  ( 3692):     Metadata:
I/FFMPEG  ( 3692):       ANDROID_LOOP    : true
I/FFMPEG  ( 3692):       TITLE           : Triton
D/FFmpegExtractor( 3692): FFmpegExtrator, url: android-source:0xb452c330, format_name: ogg, format_long_name: Ogg
I/FFmpegExtractor( 3692): adjust mime(application/ogg -> audio/vorbis)
D/FFmpegExtractor( 3692): suppoted codec(vorbis) by official Stagefright
D/FFmpegExtractor( 3692): ffmpeg detected media content as 'audio/vorbis' with confidence 0.08
D/WVMDrmPlugIn( 3691): WVMDrmPlugin::onInitialize : 7151
D/WVMDrmPlugIn( 3691): WVMDrmPlugin::onSetOnInfoListener : add 7151
D/WVMDrmPlugIn( 3691): WVMDrmPlugin::onTerminate : 7151
I/FFmpegExtractor( 3692): android-source:0xb452c880
I/FFMPEG  ( 3692): Input #0, ogg, from 'android-source:0xb452c880':
I/FFMPEG  ( 3692):   Duration: 00:00:04.00, start: 0.000000, bitrate: 52 kb/s
I/FFMPEG  ( 3692):     Stream #0:0: Audio: vorbis, 44100 Hz, mono, fltp, 48 kb/s
I/FFMPEG  ( 3692):     Metadata:
I/FFMPEG  ( 3692):       ARTIST          : Dr. MAD
I/FFMPEG  ( 3692):       TITLE           : Twirl Away
I/FFMPEG  ( 3692):       ANDROID_LOOP    : true
D/FFmpegExtractor( 3692): FFmpegExtrator, url: android-source:0xb452c880, format_name: ogg, format_long_name: Ogg
I/FFmpegExtractor( 3692): adjust mime(application/ogg -> audio/vorbis)
D/FFmpegExtractor( 3692): suppoted codec(vorbis) by official Stagefright
D/FFmpegExtractor( 3692): ffmpeg detected media content as 'audio/vorbis' with confidence 0.08
D/WVMDrmPlugIn( 3691): WVMDrmPlugin::onInitialize : 8049
D/WVMDrmPlugIn( 3691): WVMDrmPlugin::onSetOnInfoListener : add 8049
D/WVMDrmPlugIn( 3691): WVMDrmPlugin::onTerminate : 8049
I/FFmpegExtractor( 3692): android-source:0xb0c98150
I/FFMPEG  ( 3692): Input #0, ogg, from 'android-source:0xb0c98150':
I/FFMPEG  ( 3692):   Duration: 00:00:08.22, start: 0.000000, bitrate: 240 kb/s
I/FFMPEG  ( 3692):     Stream #0:0: Audio: vorbis, 44100 Hz, stereo, fltp, 224 kb/s
I/FFMPEG  ( 3692):     Metadata:
I/FFMPEG  ( 3692):       ANDROID_LOOP    : true
I/FFMPEG  ( 3692):       TITLE           : Umbriel
D/FFmpegExtractor( 3692): FFmpegExtrator, url: android-source:0xb0c98150, format_name: ogg, format_long_name: Ogg
I/FFmpegExtractor( 3692): adjust mime(application/ogg -> audio/vorbis)
D/FFmpegExtractor( 3692): suppoted codec(vorbis) by official Stagefright
D/FFmpegExtractor( 3692): ffmpeg detected media content as 'audio/vorbis' with confidence 0.08
D/WVMDrmPlugIn( 3691): WVMDrmPlugin::onInitialize : 7134
D/WVMDrmPlugIn( 3691): WVMDrmPlugin::onSetOnInfoListener : add 7134
D/WVMDrmPlugIn( 3691): WVMDrmPlugin::onTerminate : 7134
I/FFmpegExtractor( 3692): android-source:0xb0c98240
I/FFMPEG  ( 3692): Input #0, ogg, from 'android-source:0xb0c98240':
I/FFMPEG  ( 3692):   Duration: 00:00:12.80, start: 0.000000, bitrate: 115 kb/s
I/FFMPEG  ( 3692):     Stream #0:0: Audio: vorbis, 44100 Hz, stereo, fltp, 112 kb/s
I/FFMPEG  ( 3692):     Metadata:
I/FFMPEG  ( 3692):       ANDROID_LOOP    : true
I/FFMPEG  ( 3692):       TITLE           : UrsaMinor
D/FFmpegExtractor( 3692): FFmpegExtrator, url: android-source:0xb0c98240, format_name: ogg, format_long_name: Ogg
I/FFmpegExtractor( 3692): adjust mime(application/ogg -> audio/vorbis)
D/FFmpegExtractor( 3692): suppoted codec(vorbis) by official Stagefright
D/FFmpegExtractor( 3692): ffmpeg detected media content as 'audio/vorbis' with confidence 0.08
D/WVMDrmPlugIn( 3691): WVMDrmPlugin::onInitialize : 6145
D/WVMDrmPlugIn( 3691): WVMDrmPlugin::onSetOnInfoListener : add 6145
D/WVMDrmPlugIn( 3691): WVMDrmPlugin::onTerminate : 6145
I/FFmpegExtractor( 3692): android-source:0xb0b9d1a0
I/FFMPEG  ( 3692): Input #0, ogg, from 'android-source:0xb0b9d1a0':
I/FFMPEG  ( 3692):   Duration: 00:00:04.00, start: 0.000000, bitrate: 57 kb/s
I/FFMPEG  ( 3692):     Stream #0:0: Audio: vorbis, 44100 Hz, mono, fltp, 48 kb/s
I/FFMPEG  ( 3692):     Metadata:
I/FFMPEG  ( 3692):       ARTIST          : Dr. MAD
I/FFMPEG  ( 3692):       TITLE           : Very Alarmed
D/FFmpegExtractor( 3692): FFmpegExtrator, url: android-source:0xb0b9d1a0, format_name: ogg, format_long_name: Ogg
I/FFmpegExtractor( 3692): adjust mime(application/ogg -> audio/vorbis)
D/FFmpegExtractor( 3692): suppoted codec(vorbis) by official Stagefright
D/FFmpegExtractor( 3692): ffmpeg detected media content as 'audio/vorbis' with confidence 0.08
D/WVMDrmPlugIn( 3691): WVMDrmPlugin::onInitialize : 7276
D/WVMDrmPlugIn( 3691): WVMDrmPlugin::onSetOnInfoListener : add 7276
D/WVMDrmPlugIn( 3691): WVMDrmPlugin::onTerminate : 7276
I/FFmpegExtractor( 3692): android-source:0xb0b9d290
I/FFMPEG  ( 3692): Input #0, ogg, from 'android-source:0xb0b9d290':
I/FFMPEG  ( 3692):   Duration: 00:00:06.86, start: 0.000000, bitrate: 21 kb/s
I/FFMPEG  ( 3692):     Stream #0:0: Audio: vorbis, 44100 Hz, stereo, fltp, 112 kb/s
I/FFMPEG  ( 3692):     Metadata:
I/FFMPEG  ( 3692):       ANDROID_LOOP    : true
I/FFMPEG  ( 3692):       ARTIST          : Ali Spagnola
I/FFMPEG  ( 3692):       TITLE           : Vespa
D/FFmpegExtractor( 3692): FFmpegExtrator, url: android-source:0xb0b9d290, format_name: ogg, format_long_name: Ogg
I/FFmpegExtractor( 3692): adjust mime(application/ogg -> audio/vorbis)
D/FFmpegExtractor( 3692): suppoted codec(vorbis) by official Stagefright
D/FFmpegExtractor( 3692): ffmpeg detected media content as 'audio/vorbis' with confidence 0.08
D/WVMDrmPlugIn( 3691): WVMDrmPlugin::onInitialize : 4153
D/WVMDrmPlugIn( 3691): WVMDrmPlugin::onSetOnInfoListener : add 4153
D/WVMDrmPlugIn( 3691): WVMDrmPlugin::onTerminate : 4153
I/FFmpegExtractor( 3692): android-source:0xb0b9d330
I/FFMPEG  ( 3692): Input #0, ogg, from 'android-source:0xb0b9d330':
I/FFMPEG  ( 3692):   Duration: 00:00:04.17, start: 0.000000, bitrate: 59 kb/s
I/FFMPEG  ( 3692):     Stream #0:0: Audio: vorbis, 44100 Hz, mono, fltp, 48 kb/s
I/FFMPEG  ( 3692):     Metadata:
I/FFMPEG  ( 3692):       ARTIST          : Dr. MAD
I/FFMPEG  ( 3692):       TITLE           : World
I/FFMPEG  ( 3692):       ANDROID_LOOP    : true
D/FFmpegExtractor( 3692): FFmpegExtrator, url: android-source:0xb0b9d330, format_name: ogg, format_long_name: Ogg
I/FFmpegExtractor( 3692): adjust mime(application/ogg -> audio/vorbis)
D/FFmpegExtractor( 3692): suppoted codec(vorbis) by official Stagefright
D/FFmpegExtractor( 3692): ffmpeg detected media content as 'audio/vorbis' with confidence 0.08
D/WVMDrmPlugIn( 3691): WVMDrmPlugin::onInitialize : 4125
D/WVMDrmPlugIn( 3691): WVMDrmPlugin::onSetOnInfoListener : add 4125
D/WVMDrmPlugIn( 3691): WVMDrmPlugin::onTerminate : 4125
I/FFmpegExtractor( 3692): android-source:0xb452c150
I/FFMPEG  ( 3692): Input #0, ogg, from 'android-source:0xb452c150':
I/FFMPEG  ( 3692):   Duration: 00:00:06.60, start: 0.000000, bitrate: 94 kb/s
I/FFMPEG  ( 3692):     Stream #0:0: Audio: vorbis, 44100 Hz, stereo, fltp, 112 kb/s
I/FFMPEG  ( 3692):     Metadata:
I/FFMPEG  ( 3692):       ANDROID_LOOP    : true
I/FFMPEG  ( 3692):       TITLE           : Zeta
D/FFmpegExtractor( 3692): FFmpegExtrator, url: android-source:0xb452c150, format_name: ogg, format_long_name: Ogg
I/FFmpegExtractor( 3692): adjust mime(application/ogg -> audio/vorbis)
D/FFmpegExtractor( 3692): suppoted codec(vorbis) by official Stagefright
D/FFmpegExtractor( 3692): ffmpeg detected media content as 'audio/vorbis' with confidence 0.08
D/WVMDrmPlugIn( 3691): WVMDrmPlugin::onInitialize : 6840
D/WVMDrmPlugIn( 3691): WVMDrmPlugin::onSetOnInfoListener : add 6840
D/WVMDrmPlugIn( 3691): WVMDrmPlugin::onTerminate : 6840
I/FFmpegExtractor( 3692): android-source:0xb0b9d510
I/FFMPEG  ( 3692): Input #0, ogg, from 'android-source:0xb0b9d510':
I/FFMPEG  ( 3692):   Duration: 00:00:00.30, start: 0.000000, bitrate: 168 kb/s
I/FFMPEG  ( 3692):     Stream #0:0: Audio: vorbis, 44100 Hz, stereo, fltp, 112 kb/s
I/FFMPEG  ( 3692):     Metadata:
I/FFMPEG  ( 3692):       TITLE           : Dock
D/FFmpegExtractor( 3692): FFmpegExtrator, url: android-source:0xb0b9d510, format_name: ogg, format_long_name: Ogg
I/FFmpegExtractor( 3692): adjust mime(application/ogg -> audio/vorbis)
D/FFmpegExtractor( 3692): suppoted codec(vorbis) by official Stagefright
D/FFmpegExtractor( 3692): ffmpeg detected media content as 'audio/vorbis' with confidence 0.08
D/WVMDrmPlugIn( 3691): WVMDrmPlugin::onInitialize : 4556
D/WVMDrmPlugIn( 3691): WVMDrmPlugin::onSetOnInfoListener : add 4556
D/WVMDrmPlugIn( 3691): WVMDrmPlugin::onTerminate : 4556
I/FFmpegExtractor( 3692): android-source:0xb0b9d3d0
I/FFMPEG  ( 3692): Input #0, ogg, from 'android-source:0xb0b9d3d0':
I/FFMPEG  ( 3692):   Duration: 00:00:00.09, start: 0.000000, bitrate: 437 kb/s
I/FFMPEG  ( 3692):     Stream #0:0: Audio: vorbis, 48000 Hz, stereo, fltp, 96 kb/s
D/FFmpegExtractor( 3692): FFmpegExtrator, url: android-source:0xb0b9d3d0, format_name: ogg, format_long_name: Ogg
I/FFmpegExtractor( 3692): adjust mime(application/ogg -> audio/vorbis)
D/FFmpegExtractor( 3692): suppoted codec(vorbis) by official Stagefright
D/FFmpegExtractor( 3692): ffmpeg detected media content as 'audio/vorbis' with confidence 0.08
D/WVMDrmPlugIn( 3691): WVMDrmPlugin::onInitialize : 7708
D/WVMDrmPlugIn( 3691): WVMDrmPlugin::onSetOnInfoListener : add 7708
D/WVMDrmPlugIn( 3691): WVMDrmPlugin::onTerminate : 7708
I/FFmpegExtractor( 3692): android-source:0xb4546150
I/FFMPEG  ( 3692): Input #0, ogg, from 'android-source:0xb4546150':
I/FFMPEG  ( 3692):   Duration: 00:00:00.11, start: 0.000000, bitrate: 431 kb/s
I/FFMPEG  ( 3692):     Stream #0:0: Audio: vorbis, 48000 Hz, mono, fltp, 140 kb/s
D/FFmpegExtractor( 3692): FFmpegExtrator, url: android-source:0xb4546150, format_name: ogg, format_long_name: Ogg
I/FFmpegExtractor( 3692): adjust mime(application/ogg -> audio/vorbis)
D/FFmpegExtractor( 3692): suppoted codec(vorbis) by official Stagefright
D/FFmpegExtractor( 3692): ffmpeg detected media content as 'audio/vorbis' with confidence 0.08
D/WVMDrmPlugIn( 3691): WVMDrmPlugin::onInitialize : 6116
D/WVMDrmPlugIn( 3691): WVMDrmPlugin::onSetOnInfoListener : add 6116
D/WVMDrmPlugIn( 3691): WVMDrmPlugin::onTerminate : 6116
I/FFmpegExtractor( 3692): android-source:0xb4546e20
I/FFMPEG  ( 3692): Input #0, ogg, from 'android-source:0xb4546e20':
I/FFMPEG  ( 3692):   Duration: 00:00:00.18, start: 0.000000, bitrate: 431 kb/s
I/FFMPEG  ( 3692):     Stream #0:0: Audio: vorbis, 44100 Hz, mono, fltp, 239 kb/s
I/FFMPEG  ( 3692):     Metadata:
I/FFMPEG  ( 3692):       ARTIST          : Copyright 2013 Android Open Source Project
D/FFmpegExtractor( 3692): FFmpegExtrator, url: android-source:0xb4546e20, format_name: ogg, format_long_name: Ogg
I/FFmpegExtractor( 3692): adjust mime(application/ogg -> audio/vorbis)
D/FFmpegExtractor( 3692): suppoted codec(vorbis) by official Stagefright
D/FFmpegExtractor( 3692): ffmpeg detected media content as 'audio/vorbis' with confidence 0.08
I/ActivityManager( 4111): Waited long enough for: ServiceRecord{1470469 u0 com.cyanogenmod.eleven/.MusicPlaybackService}
D/WVMDrmPlugIn( 3691): WVMDrmPlugin::onInitialize : 4954
D/WVMDrmPlugIn( 3691): WVMDrmPlugin::onSetOnInfoListener : add 4954
D/WVMDrmPlugIn( 3691): WVMDrmPlugin::onTerminate : 4954
I/FFmpegExtractor( 3692): android-source:0xb0b9d1f0
I/FFMPEG  ( 3692): Input #0, ogg, from 'android-source:0xb0b9d1f0':
I/FFMPEG  ( 3692):   Duration: 00:00:00.11, start: 0.000000, bitrate: 462 kb/s
I/FFMPEG  ( 3692):     Stream #0:0: Audio: vorbis, 48000 Hz, mono, fltp, 140 kb/s
D/FFmpegExtractor( 3692): FFmpegExtrator, url: android-source:0xb0b9d1f0, format_name: ogg, format_long_name: Ogg
I/FFmpegExtractor( 3692): adjust mime(application/ogg -> audio/vorbis)
D/FFmpegExtractor( 3692): suppoted codec(vorbis) by official Stagefright
D/FFmpegExtractor( 3692): ffmpeg detected media content as 'audio/vorbis' with confidence 0.08
D/WVMDrmPlugIn( 3691): WVMDrmPlugin::onInitialize : 6937
D/WVMDrmPlugIn( 3691): WVMDrmPlugin::onSetOnInfoListener : add 6937
D/WVMDrmPlugIn( 3691): WVMDrmPlugin::onTerminate : 6937
I/FFmpegExtractor( 3692): android-source:0xb4546920
I/FFMPEG  ( 3692): Input #0, ogg, from 'android-source:0xb4546920':
I/FFMPEG  ( 3692):   Duration: 00:00:00.11, start: 0.000000, bitrate: 440 kb/s
I/FFMPEG  ( 3692):     Stream #0:0: Audio: vorbis, 48000 Hz, mono, fltp, 140 kb/s
D/FFmpegExtractor( 3692): FFmpegExtrator, url: android-source:0xb4546920, format_name: ogg, format_long_name: Ogg
I/FFmpegExtractor( 3692): adjust mime(application/ogg -> audio/vorbis)
D/FFmpegExtractor( 3692): suppoted codec(vorbis) by official Stagefright
D/FFmpegExtractor( 3692): ffmpeg detected media content as 'audio/vorbis' with confidence 0.08
D/WVMDrmPlugIn( 3691): WVMDrmPlugin::onInitialize : 7333
D/WVMDrmPlugIn( 3691): WVMDrmPlugin::onSetOnInfoListener : add 7333
D/WVMDrmPlugIn( 3691): WVMDrmPlugin::onTerminate : 7333
I/FFmpegExtractor( 3692): android-source:0xb4546fb0
I/FFMPEG  ( 3692): Input #0, ogg, from 'android-source:0xb4546fb0':
I/FFMPEG  ( 3692):   Duration: 00:00:00.11, start: 0.000000, bitrate: 431 kb/s
I/FFMPEG  ( 3692):     Stream #0:0: Audio: vorbis, 48000 Hz, mono, fltp, 140 kb/s
D/FFmpegExtractor( 3692): FFmpegExtrator, url: android-source:0xb4546fb0, format_name: ogg, format_long_name: Ogg
I/FFmpegExtractor( 3692): adjust mime(application/ogg -> audio/vorbis)
D/FFmpegExtractor( 3692): suppoted codec(vorbis) by official Stagefright
D/FFmpegExtractor( 3692): ffmpeg detected media content as 'audio/vorbis' with confidence 0.08
D/WVMDrmPlugIn( 3691): WVMDrmPlugin::onInitialize : 6298
D/WVMDrmPlugIn( 3691): WVMDrmPlugin::onSetOnInfoListener : add 6298
D/WVMDrmPlugIn( 3691): WVMDrmPlugin::onTerminate : 6298
I/FFmpegExtractor( 3692): android-source:0xb452cdd0
I/FFMPEG  ( 3692): Input #0, ogg, from 'android-source:0xb452cdd0':
I/FFMPEG  ( 3692):   Duration: 00:00:00.23, start: 0.000000, bitrate: 293 kb/s
I/FFMPEG  ( 3692):     Stream #0:0: Audio: vorbis, 44100 Hz, stereo, fltp, 160 kb/s
D/FFmpegExtractor( 3692): FFmpegExtrator, url: android-source:0xb452cdd0, format_name: ogg, format_long_name: Ogg
I/FFmpegExtractor( 3692): adjust mime(application/ogg -> audio/vorbis)
D/FFmpegExtractor( 3692): suppoted codec(vorbis) by official Stagefright
D/FFmpegExtractor( 3692): ffmpeg detected media content as 'audio/vorbis' with confidence 0.08
D/WVMDrmPlugIn( 3691): WVMDrmPlugin::onInitialize : 7753
D/WVMDrmPlugIn( 3691): WVMDrmPlugin::onSetOnInfoListener : add 7753
D/WVMDrmPlugIn( 3691): WVMDrmPlugin::onTerminate : 7753
I/FFmpegExtractor( 3692): android-source:0xb452c330
I/FFMPEG  ( 3692): Input #0, ogg, from 'android-source:0xb452c330':
I/FFMPEG  ( 3692):   Duration: 00:00:01.27, start: 0.000000, bitrate: 78 kb/s
I/FFMPEG  ( 3692):     Stream #0:0: Audio: vorbis, 44100 Hz, mono, fltp, 70 kb/s
I/FFMPEG  ( 3692):     Metadata:
I/FFMPEG  ( 3692):       ANDROID_LOOP    : false
I/FFMPEG  ( 3692):       TITLE           : Low Battery
D/FFmpegExtractor( 3692): FFmpegExtrator, url: android-source:0xb452c330, format_name: ogg, format_long_name: Ogg
I/FFmpegExtractor( 3692): adjust mime(application/ogg -> audio/vorbis)
D/FFmpegExtractor( 3692): suppoted codec(vorbis) by official Stagefright
D/FFmpegExtractor( 3692): ffmpeg detected media content as 'audio/vorbis' with confidence 0.08
D/WVMDrmPlugIn( 3691): WVMDrmPlugin::onInitialize : 7158
D/WVMDrmPlugIn( 3691): WVMDrmPlugin::onSetOnInfoListener : add 7158
D/WVMDrmPlugIn( 3691): WVMDrmPlugin::onTerminate : 7158
I/FFmpegExtractor( 3692): android-source:0xb6055ce0
I/FFMPEG  ( 3692): Input #0, ogg, from 'android-source:0xb6055ce0':
I/FFMPEG  ( 3692):   Duration: 00:00:00.08, start: 0.000000, bitrate: 571 kb/s
I/FFMPEG  ( 3692):     Stream #0:0: Audio: vorbis, 48000 Hz, stereo, fltp, 160 kb/s
D/FFmpegExtractor( 3692): FFmpegExtrator, url: android-source:0xb6055ce0, format_name: ogg, format_long_name: Ogg
I/FFmpegExtractor( 3692): adjust mime(application/ogg -> audio/vorbis)
D/FFmpegExtractor( 3692): suppoted codec(vorbis) by official Stagefright
D/FFmpegExtractor( 3692): ffmpeg detected media content as 'audio/vorbis' with confidence 0.08
D/WVMDrmPlugIn( 3691): WVMDrmPlugin::onInitialize : 5476
D/WVMDrmPlugIn( 3691): WVMDrmPlugin::onSetOnInfoListener : add 5476
D/WVMDrmPlugIn( 3691): WVMDrmPlugin::onTerminate : 5476
I/FFmpegExtractor( 3692): android-source:0xb452cd30
I/FFMPEG  ( 3692): Input #0, ogg, from 'android-source:0xb452cd30':
I/FFMPEG  ( 3692):   Duration: 00:00:00.30, start: 0.000000, bitrate: 219 kb/s
I/FFMPEG  ( 3692):     Stream #0:0: Audio: vorbis, 44100 Hz, stereo, fltp, 112 kb/s
D/FFmpegExtractor( 3692): FFmpegExtrator, url: android-source:0xb452cd30, format_name: ogg, format_long_name: Ogg
I/FFmpegExtractor( 3692): adjust mime(application/ogg -> audio/vorbis)
D/FFmpegExtractor( 3692): suppoted codec(vorbis) by official Stagefright
D/FFmpegExtractor( 3692): ffmpeg detected media content as 'audio/vorbis' with confidence 0.08
D/WVMDrmPlugIn( 3691): WVMDrmPlugin::onInitialize : 7950
D/WVMDrmPlugIn( 3691): WVMDrmPlugin::onSetOnInfoListener : add 7950
D/WVMDrmPlugIn( 3691): WVMDrmPlugin::onTerminate : 7950
I/FFmpegExtractor( 3692): android-source:0xb452c790
I/FFMPEG  ( 3692): Input #0, ogg, from 'android-source:0xb452c790':
I/FFMPEG  ( 3692):   Duration: 00:00:00.19, start: 0.000000, bitrate: 332 kb/s
I/FFMPEG  ( 3692):     Stream #0:0: Audio: vorbis, 44100 Hz, stereo, fltp, 160 kb/s
D/FFmpegExtractor( 3692): FFmpegExtrator, url: android-source:0xb452c790, format_name: ogg, format_long_name: Ogg
I/FFmpegExtractor( 3692): adjust mime(application/ogg -> audio/vorbis)
D/FFmpegExtractor( 3692): suppoted codec(vorbis) by official Stagefright
D/FFmpegExtractor( 3692): ffmpeg detected media content as 'audio/vorbis' with confidence 0.08
D/WVMDrmPlugIn( 3691): WVMDrmPlugin::onInitialize : 6781
D/WVMDrmPlugIn( 3691): WVMDrmPlugin::onSetOnInfoListener : add 6781
D/WVMDrmPlugIn( 3691): WVMDrmPlugin::onTerminate : 6781
I/FFmpegExtractor( 3692): android-source:0xb452c290
I/FFMPEG  ( 3692): Input #0, ogg, from 'android-source:0xb452c290':
I/FFMPEG  ( 3692):   Duration: 00:00:00.54, start: 0.000000, bitrate: 95 kb/s
I/FFMPEG  ( 3692):     Stream #0:0: Audio: vorbis, 48000 Hz, mono, fltp, 48 kb/s
I/FFMPEG  ( 3692):     Metadata:
I/FFMPEG  ( 3692):       TITLE           : Video Record
I/FFMPEG  ( 3692):       ARTIST          : (c) 2012 Android Open Source Project
D/FFmpegExtractor( 3692): FFmpegExtrator, url: android-source:0xb452c290, format_name: ogg, format_long_name: Ogg
I/FFmpegExtractor( 3692): adjust mime(application/ogg -> audio/vorbis)
D/FFmpegExtractor( 3692): suppoted codec(vorbis) by official Stagefright
D/FFmpegExtractor( 3692): ffmpeg detected media content as 'audio/vorbis' with confidence 0.08
D/WVMDrmPlugIn( 3691): WVMDrmPlugin::onInitialize : 4870
D/WVMDrmPlugIn( 3691): WVMDrmPlugin::onSetOnInfoListener : add 4870
D/WVMDrmPlugIn( 3691): WVMDrmPlugin::onTerminate : 4870
I/FFmpegExtractor( 3692): android-source:0xb0b9d510
I/FFMPEG  ( 3692): Input #0, ogg, from 'android-source:0xb0b9d510':
I/FFMPEG  ( 3692):   Duration: 00:00:01.27, start: 0.000000, bitrate: 75 kb/s
I/FFMPEG  ( 3692):     Stream #0:0: Audio: vorbis, 44100 Hz, mono, fltp, 70 kb/s
I/FFMPEG  ( 3692):     Metadata:
I/FFMPEG  ( 3692):       ANDROID_LOOP    : false
D/FFmpegExtractor( 3692): FFmpegExtrator, url: android-source:0xb0b9d510, format_name: ogg, format_long_name: Ogg
I/FFmpegExtractor( 3692): adjust mime(application/ogg -> audio/vorbis)
D/FFmpegExtractor( 3692): suppoted codec(vorbis) by official Stagefright
D/FFmpegExtractor( 3692): ffmpeg detected media content as 'audio/vorbis' with confidence 0.08
D/WVMDrmPlugIn( 3691): WVMDrmPlugin::onInitialize : 7046
D/WVMDrmPlugIn( 3691): WVMDrmPlugin::onSetOnInfoListener : add 7046
D/WVMDrmPlugIn( 3691): WVMDrmPlugin::onTerminate : 7046
I/FFmpegExtractor( 3692): android-source:0xb0b9d420
I/FFMPEG  ( 3692): Input #0, ogg, from 'android-source:0xb0b9d420':
I/FFMPEG  ( 3692):   Duration: 00:00:00.42, start: 0.000000, bitrate: 113 kb/s
I/FFMPEG  ( 3692):     Stream #0:0: Audio: vorbis, 48000 Hz, mono, fltp, 48 kb/s
I/FFMPEG  ( 3692):     Metadata:
I/FFMPEG  ( 3692):       TITLE           : Camera Shutter
I/FFMPEG  ( 3692):       ARTIST          : (c) 2012 Android Open Source Project
D/FFmpegExtractor( 3692): FFmpegExtrator, url: android-source:0xb0b9d420, format_name: ogg, format_long_name: Ogg
I/FFmpegExtractor( 3692): adjust mime(application/ogg -> audio/vorbis)
D/FFmpegExtractor( 3692): suppoted codec(vorbis) by official Stagefright
D/FFmpegExtractor( 3692): ffmpeg detected media content as 'audio/vorbis' with confidence 0.08
D/WVMDrmPlugIn( 3691): WVMDrmPlugin::onInitialize : 8110
D/WVMDrmPlugIn( 3691): WVMDrmPlugin::onSetOnInfoListener : add 8110
D/WVMDrmPlugIn( 3691): WVMDrmPlugin::onTerminate : 8110
I/FFmpegExtractor( 3692): android-source:0xb0b9d330
I/FFMPEG  ( 3692): Input #0, ogg, from 'android-source:0xb0b9d330':
I/FFMPEG  ( 3692):   Duration: 00:00:00.40, start: 0.000000, bitrate: 187 kb/s
I/FFMPEG  ( 3692):     Stream #0:0: Audio: vorbis, 44100 Hz, stereo, fltp, 112 kb/s
D/FFmpegExtractor( 3692): FFmpegExtrator, url: android-source:0xb0b9d330, format_name: ogg, format_long_name: Ogg
I/FFmpegExtractor( 3692): adjust mime(application/ogg -> audio/vorbis)
D/FFmpegExtractor( 3692): suppoted codec(vorbis) by official Stagefright
D/FFmpegExtractor( 3692): ffmpeg detected media content as 'audio/vorbis' with confidence 0.08
W/MediaScanner( 4239): Error opening directory '/oem/media/', skipping: No such file or directory.
D/WVMDrmPlugIn( 3691): WVMDrmPlugin::onInitialize : 5011
D/WVMDrmPlugIn( 3691): WVMDrmPlugin::onSetOnInfoListener : add 5011
D/WVMDrmPlugIn( 3691): WVMDrmPlugin::onTerminate : 5011
I/FFmpegExtractor( 3692): android-source:0xb0b9d600
I/FFMPEG  ( 3692): Input #0, ogg, from 'android-source:0xb0b9d600':
I/FFMPEG  ( 3692):   Duration: 00:00:00.30, start: 0.000000, bitrate: 168 kb/s
I/FFMPEG  ( 3692):     Stream #0:0: Audio: vorbis, 44100 Hz, stereo, fltp, 112 kb/s
I/FFMPEG  ( 3692):     Metadata:
I/FFMPEG  ( 3692):       TITLE           : Dock
D/FFmpegExtractor( 3692): FFmpegExtrator, url: android-source:0xb0b9d600, format_name: ogg, format_long_name: Ogg
I/FFmpegExtractor( 3692): adjust mime(application/ogg -> audio/vorbis)
D/FFmpegExtractor( 3692): suppoted codec(vorbis) by official Stagefright
D/FFmpegExtractor( 3692): ffmpeg detected media content as 'audio/vorbis' with confidence 0.08
E/MetadataRetrieverClient( 3692): failed to extract an album art
D/MediaProvider( 4239): object removed 1
D/MediaProvider( 4239): object removed 2
D/MediaProvider( 4239): object removed 3
D/MediaProvider( 4239): object removed 4
D/MediaProvider( 4239): object removed 5
D/MediaProvider( 4239): object removed 6
D/MediaProvider( 4239): object removed 7
D/MediaProvider( 4239): object removed 8
D/MediaProvider( 4239): object removed 9
W/MediaScanner( 4239): Error opening directory '/storage/emulated/0/', skipping: No such file or directory.
W/MediaScanner( 4239): Error opening directory '/storage/sdcard1/', skipping: No such file or directory.
W/MediaScanner( 4239): Error opening directory '/storage/usbdisk/', skipping: No such file or directory.
V/MediaScanner( 4239): pruneDeadThumbnailFiles... android.database.sqlite.SQLiteCursor@36b021e
V/MediaScanner( 4239): /pruneDeadThumbnailFiles... android.database.sqlite.SQLiteCursor@36b021e
I/ActivityManager( 4111): Killing 4794:com.android.printspooler/u0a50 (adj 15): empty #17
W/libprocessgroup( 4111): failed to open /acct/uid_10050/pid_4794/cgroup.procs: No such file or directory
E/ELEVEN  ( 4950): calling refresh!
W/SurfaceFlinger( 3689): Ignoring duplicate VSYNC event from HWC (t=32385117586)
I/ActivityManager( 4111): Waited long enough for: ServiceRecord{11cdc4c7 u0 com.android.calendar/.alerts.InitAlarmsService}
I/art     ( 4111): Explicit concurrent mark sweep GC freed 40104(3MB) AllocSpace objects, 26(1070KB) LOS objects, 33% free, 22MB/33MB, paused 1.833ms total 47.938ms
V/KeyguardServiceDelegate( 4111): **** onKeyguardExitResult(false) CALLED ****
W/SurfaceFlinger( 3689): Ignoring duplicate VSYNC event from HWC (t=39880121504)
W/SurfaceFlinger( 3689): Ignoring duplicate VSYNC event from HWC (t=44656099046)
W/SurfaceFlinger( 3689): Ignoring duplicate VSYNC event from HWC (t=47086335338)
W/SurfaceFlinger( 3689): Ignoring duplicate VSYNC event from HWC (t=47896316088)
W/SurfaceFlinger( 3689): Ignoring duplicate VSYNC event from HWC (t=49111209380)
D/InitAlarmsService( 5208): Clearing and rescheduling alarms.
I/ActivityManager( 4111): Killing 5393:com.android.onetimeinitializer/u0a13 (adj 15): empty #17
W/libprocessgroup( 4111): failed to open /acct/uid_10013/pid_5393/cgroup.procs: No such file or directory
V/KeyguardServiceDelegate( 4111): **** onKeyguardExitResult(false) CALLED ****
W/SurfaceFlinger( 3689): Ignoring duplicate VSYNC event from HWC (t=52216252797)
W/SurfaceFlinger( 3689): Ignoring duplicate VSYNC event from HWC (t=55186274922)
W/SurfaceFlinger( 3689): Ignoring duplicate VSYNC event from HWC (t=56671327714)
W/SurfaceFlinger( 3689): Ignoring duplicate VSYNC event from HWC (t=57481421298)
W/SurfaceFlinger( 3689): Ignoring duplicate VSYNC event from HWC (t=60300637048)
W/SurfaceFlinger( 3689): Ignoring duplicate VSYNC event from HWC (t=65820713465)
W/SurfaceFlinger( 3689): Ignoring duplicate VSYNC event from HWC (t=78076244258)
W/SurfaceFlinger( 3689): Ignoring duplicate VSYNC event from HWC (t=87225889051)
I/PowerManagerService( 4111): Going to sleep due to screen timeout (uid 1000)...
I/PowerManagerService( 4111): Sleeping (uid 1000)...
I/Sensors ( 4111): Acc old sensor_state 1, new sensor_state : 0 en : 0
D/PermissionCache( 3689): checking android.permission.READ_FRAME_BUFFER for uid=1000 => granted (304 us)
I/WifiNative-HAL( 4111): startHal
E/wifi    ( 4111): getStaticLongField sWifiHalHandle 0x9e3eb87c
I/WifiHAL ( 4111): Initializing wifi
I/WifiHAL ( 4111): Creating socket
E/WifiHAL ( 4111): Could not find group vendor
I/WifiHAL ( 4111): Initialized Wifi HAL Successfully; vendor cmd = 103
D/wifi    ( 4111): Did set static halHandle = 0xb3d3c040
D/wifi    ( 4111): halHandle = 0xb3d3c040, mVM = 0xb515c280, mCls = 0x200fea
E/wifi    ( 4111): getStaticLongField sWifiHalHandle 0x9e3eb82c
D/wifi    ( 4111): array field set
--------- beginning of crash
F/libc    ( 4111): Fatal signal 11 (SIGSEGV), code 1, fault addr 0x3500001 in tid 4198 (WifiStateMachin)
I/WifiNative-HAL( 4111): Waiting for HAL events mWifiHalHandle=-1277968320
D/wifi    ( 4111): waitForHalEvents called, vm = 0xb515c280, obj = 0x200fea, env = 0x9f81a080
E/wifi    ( 4111): getStaticLongField sWifiHalHandle 0xadaebb2c
I/DEBUG   ( 3687): *** *** *** *** *** *** *** *** *** *** *** *** *** *** *** ***
I/DEBUG   ( 3687): Build fingerprint: 'samsung/cm_k3gxx/k3gxx:5.0.2/LRX22G/5fad729c83:userdebug/test-keys'
I/DEBUG   ( 3687): Revision: '10'
I/DEBUG   ( 3687): ABI: 'arm'
I/DEBUG   ( 3687): pid: 4111, tid: 4198, name: WifiStateMachin  >>> system_server <<<
I/DEBUG   ( 3687): signal 11 (SIGSEGV), code 1 (SEGV_MAPERR), fault addr 0x3500001
I/DEBUG   ( 3687):     r0 03500001  r1 a3b2dad0  r2 a3b20465  r3 ffffffa8
I/DEBUG   ( 3687):     r4 00000000  r5 03500001  r6 00000000  r7 a3b2deb0
I/DEBUG   ( 3687):     r8 a3b20465  r9 ad153400  sl 00000001  fp 13199b60
I/DEBUG   ( 3687):     ip b50c1f60  sp 9e3eb830  lr a3b23959  pc a3b23958  cpsr 600b0030
I/DEBUG   ( 3687): 
I/DEBUG   ( 3687): backtrace:
I/DEBUG   ( 3687):     #00 pc 00007958  /system/lib/libwifi-service.so (getWifiHandle(wifi_interface_info*)+5)
I/DEBUG   ( 3687):     #01 pc 0000795f  /system/lib/libwifi-service.so (getHalInfo(wifi_interface_info*)+2)
I/DEBUG   ( 3687):     #02 pc 0000af89  /system/lib/libwifi-service.so (wifi_get_link_stats+28)
I/DEBUG   ( 3687):     #03 pc 00003dfd  /system/lib/libwifi-service.so
I/DEBUG   ( 3687):     #04 pc 000376ad  /data/dalvik-cache/arm/system@framework@wifi-service.jar@classes.dex
I/DEBUG   ( 3687): 
I/DEBUG   ( 3687): Tombstone written to: /data/tombstones/tombstone_01
I/DEBUG   ( 3687): ********************************************************
I/DEBUG   ( 3687): * Process 4111 has been suspended while crashing.
I/DEBUG   ( 3687): * To attach gdbserver for a gdb connection on port 5039
I/DEBUG   ( 3687): * and start gdbclient:
I/DEBUG   ( 3687): *
I/DEBUG   ( 3687): *     gdbclient /system/bin/app_process32 :5039 4198
I/DEBUG   ( 3687): * or
I/DEBUG   ( 3687): *     dddclient /system/bin/app_process32 :5039 4198
I/DEBUG   ( 3687): *
I/DEBUG   ( 3687): * Wait for gdb to start, then press the VOLUME DOWN key
I/DEBUG   ( 3687): * to let the process continue crashing.
I/DEBUG   ( 3687): ********************************************************
W/SurfaceFlinger( 3689): Ignoring duplicate VSYNC event from HWC (t=130666105681)
W/SurfaceFlinger( 3689): Ignoring duplicate VSYNC event from HWC (t=131476116098)
W/SurfaceFlinger( 3689): Ignoring duplicate VSYNC event from HWC (t=136185998265)
W/SurfaceFlinger( 3689): Ignoring duplicate VSYNC event from HWC (t=137266267224)
W/SurfaceFlinger( 3689): Ignoring duplicate VSYNC event from HWC (t=138211328724)
W/SurfaceFlinger( 3689): Ignoring duplicate VSYNC event from HWC (t=138751274307)
W/SurfaceFlinger( 3689): Ignoring duplicate VSYNC event from HWC (t=139966369891)
W/SurfaceFlinger( 3689): Ignoring duplicate VSYNC event from HWC (t=143596120350)
W/SurfaceFlinger( 3689): Ignoring duplicate VSYNC event from HWC (t=155986122518)
W/SurfaceFlinger( 3689): Ignoring duplicate VSYNC event from HWC (t=156526147268)
W/SurfaceFlinger( 3689): Ignoring duplicate VSYNC event from HWC (t=160696079268)
W/SurfaceFlinger( 3689): Ignoring duplicate VSYNC event from HWC (t=160831119977)
W/SurfaceFlinger( 3689): Ignoring duplicate VSYNC event from HWC (t=161911329643)
W/SurfaceFlinger( 3689): Ignoring duplicate VSYNC event from HWC (t=162181358352)
W/SurfaceFlinger( 3689): Ignoring duplicate VSYNC event from HWC (t=169590525186)
W/SurfaceFlinger( 3689): Ignoring duplicate VSYNC event from HWC (t=169860696228)
W/SurfaceFlinger( 3689): Ignoring duplicate VSYNC event from HWC (t=170805789978)
W/SurfaceFlinger( 3689): Ignoring duplicate VSYNC event from HWC (t=171346140311)
W/SurfaceFlinger( 3689): Ignoring duplicate VSYNC event from HWC (t=175920731062)
W/SurfaceFlinger( 3689): Ignoring duplicate VSYNC event from HWC (t=178081315604)
W/SurfaceFlinger( 3689): Ignoring duplicate VSYNC event from HWC (t=181711079312)
W/SurfaceFlinger( 3689): Ignoring duplicate VSYNC event from HWC (t=182656280979)
W/SurfaceFlinger( 3689): Ignoring duplicate VSYNC event from HWC (t=189376030022)
W/SurfaceFlinger( 3689): Ignoring duplicate VSYNC event from HWC (t=194355923897)
W/SurfaceFlinger( 3689): Ignoring duplicate VSYNC event from HWC (t=194896133564)
W/SurfaceFlinger( 3689): Ignoring duplicate VSYNC event from HWC (t=198271281231)
W/SurfaceFlinger( 3689): Ignoring duplicate VSYNC event from HWC (t=198676244773)
