* daemon not running. starting it now on port 5037 *
* daemon started successfully *
--------- beginning of main
I/cm      (    0): |     \_/  |__| |\ | |  | | __ |___ |\ | |\/| |  | |  \ 
W/auditd  ( 3690): type=1325 audit(0.0:2): table=filter family=2 entries=0
W/auditd  ( 3690): type=1325 audit(0.0:3): table=mangle family=2 entries=0
W/auditd  ( 3690): type=1325 audit(0.0:4): table=nat family=2 entries=0
W/auditd  ( 3690): type=1325 audit(0.0:5): table=raw family=2 entries=0
W/auditd  ( 3690): type=1325 audit(0.0:6): table=security family=2 entries=0
W/auditd  ( 3690): type=1325 audit(0.0:7): table=filter family=3 entries=0
W/auditd  ( 3690): type=1325 audit(0.0:8): table=filter family=10 entries=0
W/auditd  ( 3690): type=1325 audit(0.0:9): table=mangle family=10 entries=0
W/auditd  ( 3690): type=1325 audit(0.0:10): table=raw family=10 entries=0
I/cm      (    0): |___   |   |  | | \| |__| |__] |___ | \| |  | |__| |__/ 
W/auditd  ( 3690): type=1305 audit(0.0:11): audit_pid=3664 old=0 auid=4294967295 ses=4294967295
W/auditd  ( 3690):  res=1
W/auditd  ( 3690): type=1305 audit(0.0:12): audit_rate_limit=20 old=0 auid=4294967295 ses=4294967295
W/auditd  ( 3690):  res=1
I/McDaemon(    0): Daemon starting up...
I/McDaemon(    0): Socket interface version is 0.2
I/McDaemon(    0): *** t-base-300-Ares-2-Android-V004_P3 ###
I/McDaemon(    0): Build timestamp is Jan 20 2015 11:49:09
I/McDaemon(    0): Checking version of <t-base
I/McDaemon(    0): Product ID is tbase-300_EXYNOS_5422_V004_P3
I/McDaemon(    0): (null)
I/McDaemon(    0): (null)
I/McDaemon(    0): (null)
I/McDaemon(    0): (null)
I/lowmemorykiller( 3666): Using in-kernel low memory killer interface
--------- beginning of system
I/Vold    ( 3668): Vold 2.1 (the revenge) firing up
D/Vold    ( 3668): Volume extSdCard state changing -1 (Initializing) -> 0 (No-Media)
D/Vold    ( 3668): Volume UsbDriveA state changing -1 (Initializing) -> 0 (No-Media)
D/Vold    ( 3668): Volume UsbDriveB state changing -1 (Initializing) -> 0 (No-Media)
D/Vold    ( 3668): Volume UsbDriveC state changing -1 (Initializing) -> 0 (No-Media)
D/Vold    ( 3668): Volume UsbDriveD state changing -1 (Initializing) -> 0 (No-Media)
D/Vold    ( 3668): Volume UsbDriveE state changing -1 (Initializing) -> 0 (No-Media)
D/Vold    ( 3668): Volume UsbDriveF state changing -1 (Initializing) -> 0 (No-Media)
I/Cryptfs ( 3668): Check if PFE is activated on Boot
E/Cryptfs ( 3668): Bad magic for real block device /dev/block/platform/12200000.dwmmc0/by-name/USERDATA
E/Cryptfs ( 3668): Error getting crypt footer and key
I/DEBUG   ( 3683): debuggerd: Jul  3 2015 03:58:19
I/cm      ( 3697): Welcome to Android 5.0.2 / CyanogenMod-12-20150715-UNOFFICIAL-k3gxx 
E/sdcard  ( 3701): usage: sdcard [OPTIONS] <source_path> <dest_path>
E/sdcard  ( 3701):     -u: specify UID to run as
E/sdcard  ( 3701):     -g: specify GID to run as
E/sdcard  ( 3701):     -w: specify GID required to write (default sdcard_rw, requires -d or -l)
E/sdcard  ( 3701):     -t: specify number of threads to use (default 2)
E/sdcard  ( 3701):     -d: derive file permissions based on path
E/sdcard  ( 3701):     -l: derive file permissions based on legacy internal layout
E/sdcard  ( 3701):     -s: split derived permissions for pics, av
E/sdcard  ( 3701): 
I/installd( 3691): installd firing up
I/macloader( 3699): Settting wifi type to wisol in /data/.cid.info
D/macloader( 3699): Change permissions of /data/.cid.info
I/PrProvisioning( 3706): successfully - provisioning start !
I/Netd    ( 3682): Netd 1.0 starting
E/Netd    ( 3682): Failed to open /proc/sys/net/ipv6/conf/default/accept_ra_rt_table: No such file or directory
E/Netd    ( 3682): Failed to open /proc/sys/net/ipv6/conf/ip6tnl0/accept_ra_rt_table: No such file or directory
E/Netd    ( 3682): Failed to open /proc/sys/net/ipv6/conf/lo/accept_ra_rt_table: No such file or directory
E/Netd    ( 3682): Failed to open /proc/sys/net/ipv6/conf/rmnet0/accept_ra_rt_table: No such file or directory
E/Netd    ( 3682): Failed to open /proc/sys/net/ipv6/conf/rmnet1/accept_ra_rt_table: No such file or directory
E/Netd    ( 3682): Failed to open /proc/sys/net/ipv6/conf/rmnet2/accept_ra_rt_table: No such file or directory
E/Netd    ( 3682): Failed to open /proc/sys/net/ipv6/conf/rmnet3/accept_ra_rt_table: No such file or directory
E/Netd    ( 3682): Failed to open /proc/sys/net/ipv6/conf/sit0/accept_ra_rt_table: No such file or directory
I/PrProvisioning( 3706): provisioning already done
D/SensorHubService( 3693): nuSensorHubService starting...
I/keystore( 3692): SELinux: Keystore SELinux is disabled.
I/SurfaceFlinger( 3685): SurfaceFlinger is starting
I/SurfaceFlinger( 3685): SurfaceFlinger's main thread ready to run. Initializing graphics H/W...
W/auditd  ( 3690): type=1325 audit(0.0:13): table=filter family=2 entries=4
W/iptables( 3772): type=1300 audit(0.0:13): arch=40000028 syscall=294 per=800000 success=yes exit=0 a0=5 a1=0 a2=40 a3=b6c29100 items=0 ppid=3682 auid=4294967295 uid=0 gid=0 euid=0 suid=0 fsuid=0 egid=0 sgid=0 fsgid=0 ses=4294967295 tty=(none) exe="/system/bin/iptables" key=(null)
W/auditd  ( 3690): type=1320 audit(0.0:13): 
W/auditd  ( 3690): type=1325 audit(0.0:14): table=filter family=10 entries=4
W/ip6tables( 3773): type=1300 audit(0.0:14): arch=40000028 syscall=294 per=800000 success=yes exit=0 a0=5 a1=29 a2=40 a3=b6c2b400 items=0 ppid=3682 auid=4294967295 uid=0 gid=0 euid=0 suid=0 fsuid=0 egid=0 sgid=0 fsgid=0 ses=4294967295 tty=(none) exe="/system/bin/ip6tables" key=(null)
W/auditd  ( 3690): type=1320 audit(0.0:14): 
W/auditd  ( 3690): type=1325 audit(0.0:15): table=filter family=2 entries=6
W/iptables( 3774): type=1300 audit(0.0:15): arch=40000028 syscall=294 per=800000 success=yes exit=0 a0=5 a1=0 a2=40 a3=b6c23100 items=0 ppid=3682 auid=4294967295 uid=0 gid=0 euid=0 suid=0 fsuid=0 egid=0 sgid=0 fsgid=0 ses=4294967295 tty=(none) exe="/system/bin/iptables" key=(null)
W/auditd  ( 3690): type=1320 audit(0.0:15): 
W/auditd  ( 3690): type=1325 audit(0.0:16): table=filter family=10 entries=6
W/ip6tables( 3775): type=1300 audit(0.0:16): arch=40000028 syscall=294 per=800000 success=yes exit=0 a0=5 a1=29 a2=40 a3=b6c36600 items=0 ppid=3682 auid=4294967295 uid=0 gid=0 euid=0 suid=0 fsuid=0 egid=0 sgid=0 fsgid=0 ses=4294967295 tty=(none) exe="/system/bin/ip6tables" key=(null)
W/auditd  ( 3690): type=1320 audit(0.0:16): 
D/gpsd    ( 3698): WakeLock(Release,GPSD)
W/auditd  ( 3690): type=1325 audit(0.0:17): table=filter family=2 entries=7
W/iptables( 3787): type=1300 audit(0.0:17): arch=40000028 syscall=294 per=800000 success=yes exit=0 a0=5 a1=0 a2=40 a3=b6c30400 items=0 ppid=3682 auid=4294967295 uid=0 gid=0 euid=0 suid=0 fsuid=0 egid=0 sgid=0 fsgid=0 ses=4294967295 tty=(none) exe="/system/bin/iptables" key=(null)
W/auditd  ( 3690): type=1320 audit(0.0:17): 
W/auditd  ( 3690): type=1325 audit(0.0:18): table=filter family=10 entries=7
W/ip6tables( 3788): type=1300 audit(0.0:18): arch=40000028 syscall=294 per=800000 success=yes exit=0 a0=5 a1=29 a2=40 a3=b6c32800 items=0 ppid=3682 auid=4294967295 uid=0 gid=0 euid=0 suid=0 fsuid=0 egid=0 sgid=0 fsgid=0 ses=4294967295 tty=(none) exe="/system/bin/ip6tables" key=(null)
W/auditd  ( 3690): type=1320 audit(0.0:18): 
D/gpsd    ( 3698): WakeLock(Release,SUPL)
I/gpsd_d  ( 3698): GNSS: 219420
D/wrapperGPS( 3698): wrapperOpenClient_RILD
E/wrapperGPS( 3698): wrapperOpenClient_RILD: RegisterUnsolicitedHandler() UNSOL_GPS_NOTI (20009)
D/wrapperGPS( 3698): wrapperRegisterRequestCompleteHandler
D/wrapperGPS( 3698): wrapperRegisterUnsolicitedHandler id(12009), handler(0xb6b1d6e9)
D/wrapperGPS( 3698): wrapperRegisterErrorCallback
D/wrapperGPS( 3698): wrapperConnect_RILD
W/auditd  ( 3690): type=1325 audit(0.0:19): table=filter family=2 entries=9
W/iptables( 3791): type=1300 audit(0.0:19): arch=40000028 syscall=294 per=800000 success=yes exit=0 a0=5 a1=0 a2=40 a3=b6c33600 items=0 ppid=3682 auid=4294967295 uid=0 gid=0 euid=0 suid=0 fsuid=0 egid=0 sgid=0 fsgid=0 ses=4294967295 tty=(none) exe="/system/bin/iptables" key=(null)
W/auditd  ( 3690): type=1320 audit(0.0:19): 
W/auditd  ( 3690): type=1325 audit(0.0:20): table=filter family=10 entries=9
W/ip6tables( 3792): type=1300 audit(0.0:20): arch=40000028 syscall=294 per=800000 success=yes exit=0 a0=5 a1=29 a2=40 a3=b6c47800 items=0 ppid=3682 auid=4294967295 uid=0 gid=0 euid=0 suid=0 fsuid=0 egid=0 sgid=0 fsgid=0 ses=4294967295 tty=(none) exe="/system/bin/ip6tables" key=(null)
W/auditd  ( 3690): type=1320 audit(0.0:20): 
D/libEGL  ( 3685): loaded /vendor/lib/egl/libGLES_mali.so
I/        ( 3685): PLATFORM VERSION : JB-MR-2
I/gralloc ( 3685): using (id=)
I/gralloc ( 3685): xres         = 1080 px
I/gralloc ( 3685): yres         = 1920 px
I/gralloc ( 3685): width        = 65 mm (422.030762 dpi)
I/gralloc ( 3685): height       = 115 mm (424.069580 dpi)
I/gralloc ( 3685): refresh rate = 60.00 Hz
W/auditd  ( 3690): type=1325 audit(0.0:21): table=filter family=2 entries=10
W/iptables( 3811): type=1300 audit(0.0:21): arch=40000028 syscall=294 per=800000 success=yes exit=0 a0=5 a1=0 a2=40 a3=b6c31800 items=0 ppid=3682 auid=4294967295 uid=0 gid=0 euid=0 suid=0 fsuid=0 egid=0 sgid=0 fsgid=0 ses=4294967295 tty=(none) exe="/system/bin/iptables" key=(null)
W/auditd  ( 3690): type=1320 audit(0.0:21): 
W/auditd  ( 3690): type=1325 audit(0.0:22): table=filter family=10 entries=10
W/ip6tables( 3812): type=1300 audit(0.0:22): arch=40000028 syscall=294 per=800000 success=yes exit=0 a0=5 a1=29 a2=40 a3=b6c42c00 items=0 ppid=3682 auid=4294967295 uid=0 gid=0 euid=0 suid=0 fsuid=0 egid=0 sgid=0 fsgid=0 ses=4294967295 tty=(none) exe="/system/bin/ip6tables" key=(null)
W/auditd  ( 3690): type=1320 audit(0.0:22): 
W/auditd  ( 3690): type=1325 audit(0.0:23): table=filter family=2 entries=12
W/iptables( 3814): type=1300 audit(0.0:23): arch=40000028 syscall=294 per=800000 success=yes exit=0 a0=5 a1=0 a2=40 a3=b6c44800 items=0 ppid=3682 auid=4294967295 uid=0 gid=0 euid=0 suid=0 fsuid=0 egid=0 sgid=0 fsgid=0 ses=4294967295 tty=(none) exe="/system/bin/iptables" key=(null)
W/auditd  ( 3690): type=1320 audit(0.0:23): 
W/auditd  ( 3690): type=1325 audit(0.0:24): table=filter family=10 entries=12
W/ip6tables( 3815): type=1300 audit(0.0:24): arch=40000028 syscall=294 per=800000 success=yes exit=0 a0=5 a1=29 a2=40 a3=b6c1d800 items=0 ppid=3682 auid=4294967295 uid=0 gid=0 euid=0 suid=0 fsuid=0 egid=0 sgid=0 fsgid=0 ses=4294967295 tty=(none) exe="/system/bin/ip6tables" key=(null)
W/auditd  ( 3690): type=1320 audit(0.0:24): 
I/mediaserver( 3688): ServiceManager: 0xb60500c0
I/AudioFlinger( 3688): Using default 3000 mSec as standby time.
I/ServiceManager( 3688): Waiting for service batterystats...
D/WVMDrmPlugIn( 3687): WVMDrmPlugin::onGetSupportInfo : 0
D/hwcomposer( 3685): using
D/hwcomposer( 3685): xres         = 1080 px
D/hwcomposer( 3685): yres         = 1920 px
D/hwcomposer( 3685): width        = 65 mm (422.030000 dpi)
D/hwcomposer( 3685): height       = 115 mm (424.069000 dpi)
D/hwcomposer( 3685): refresh rate = 60 Hz
D/libexynosv4l2-subdev( 3685): try node: /dev/v4l-subdev0
D/libexynosv4l2-subdev( 3685): try node: /dev/v4l-subdev1
D/libexynosv4l2-subdev( 3685): try node: /dev/v4l-subdev2
I/libexynosv4l2-subdev( 3685): node found for device s5p-mixer0: /dev/v4l-subdev2
I/libexynosv4l2-subdev( 3685): open subdev device /dev/v4l-subdev2
I/hwcomposer( 3685): PSR info devname = /sys/devices/14400000.fimd_fb/psr_info
I/hwcomposer( 3685): PSR mode is 2(0: video mode, 1: DP PSR mode, 2: MIPI-DSI command mode)
I/SurfaceFlinger( 3685): Using composer version 1.3
I/SurfaceFlinger( 3685): EGL information:
I/SurfaceFlinger( 3685): vendor    : Android
I/SurfaceFlinger( 3685): version   : 1.4 Android META-EGL
I/SurfaceFlinger( 3685): extensions: EGL_KHR_get_all_proc_addresses EGL_ANDROID_presentation_time EGL_KHR_image EGL_KHR_image_base EGL_KHR_gl_texture_2D_image EGL_KHR_gl_texture_cubemap_image EGL_KHR_gl_renderbuffer_image EGL_KHR_fence_sync EGL_KHR_create_context EGL_ANDROID_image_native_buffer EGL_KHR_wait_sync EGL_ANDROID_recordable 
I/SurfaceFlinger( 3685): Client API: OpenGL_ES
I/SurfaceFlinger( 3685): EGLSurface: 8-8-8-8, config=0xb6acf2ac
W/auditd  ( 3690): type=1325 audit(0.0:25): table=filter family=2 entries=13
W/iptables( 3837): type=1300 audit(0.0:25): arch=40000028 syscall=294 per=800000 success=yes exit=0 a0=5 a1=0 a2=40 a3=b6c1c200 items=0 ppid=3682 auid=4294967295 uid=0 gid=0 euid=0 suid=0 fsuid=0 egid=0 sgid=0 fsgid=0 ses=4294967295 tty=(none) exe="/system/bin/iptables" key=(null)
W/auditd  ( 3690): type=1320 audit(0.0:25): 
I/SurfaceFlinger( 3685): OpenGL ES informations:
I/SurfaceFlinger( 3685): vendor    : ARM
I/SurfaceFlinger( 3685): renderer  : Mali-T628
I/SurfaceFlinger( 3685): version   : OpenGL ES 3.0
I/SurfaceFlinger( 3685): extensions: GL_EXT_debug_marker GL_ARM_rgba8 GL_ARM_mali_shader_binary GL_OES_depth24 GL_OES_depth_texture GL_OES_depth_texture_cube_map GL_OES_packed_depth_stencil GL_OES_rgb8_rgba8 GL_EXT_read_format_bgra GL_OES_compressed_paletted_texture GL_OES_compressed_ETC1_RGB8_texture GL_OES_standard_derivatives GL_OES_EGL_image GL_OES_EGL_image_external GL_OES_EGL_sync GL_OES_texture_npot GL_OES_vertex_half_float GL_OES_required_internalformat GL_OES_vertex_array_object GL_OES_mapbuffer GL_EXT_texture_format_BGRA8888 GL_EXT_texture_rg GL_EXT_texture_type_2_10_10_10_REV GL_OES_fbo_render_mipmap GL_OES_element_index_uint GL_EXT_shadow_samplers GL_OES_texture_compression_astc GL_KHR_texture_compression_astc_ldr GL_KHR_texture_compression_astc_hdr GL_KHR_debug GL_EXT_occlusion_query_boolean GL_EXT_blend_minmax GL_EXT_discard_framebuffer GL_OES_get_program_binary GL_OES_texture_3D GL_EXT_texture_storage GL_EXT_multisampled_render_to_texture GL_OES_surfaceless_context GL_ARM_mali_program_binary 
I/SurfaceFlinger( 3685): GL_MAX_TEXTURE_SIZE = 8192
I/SurfaceFlinger( 3685): GL_MAX_VIEWPORT_DIMS = 8192
D/SurfaceFlinger( 3685): Set power mode=2, type=0 flinger=0xb6a62000
I/hwcomposer( 3685): unblank ioctl failed (display already unblanked)
D/AndroidRuntime( 3700): 
D/AndroidRuntime( 3700): >>>>>> AndroidRuntime START com.android.internal.os.ZygoteInit <<<<<<
D/AndroidRuntime( 3700): CheckJNI is OFF
I/art     ( 3700): option[0]=-Xzygote
I/art     ( 3700): option[1]=-Xstacktracefile:/data/anr/traces.txt
I/art     ( 3700): option[2]=exit
I/art     ( 3700): option[3]=vfprintf
I/art     ( 3700): option[4]=sensitiveThread
I/art     ( 3700): option[5]=-verbose:gc
I/art     ( 3700): option[6]=-Xms16m
I/art     ( 3700): option[7]=-Xmx512m
I/art     ( 3700): option[8]=-XX:mainThreadStackSize=24K
I/art     ( 3700): option[9]=-XX:HeapGrowthLimit=192m
I/art     ( 3700): option[10]=-XX:HeapMinFree=2m
I/art     ( 3700): option[11]=-XX:HeapMaxFree=8m
I/art     ( 3700): option[12]=-XX:HeapTargetUtilization=0.75
I/art     ( 3700): option[13]=-agentlib:jdwp=transport=dt_android_adb,suspend=n,server=y
I/art     ( 3700): option[14]=-Xlockprofthreshold:500
I/art     ( 3700): option[15]=-Ximage-compiler-option
I/art     ( 3700): option[16]=--runtime-arg
I/art     ( 3700): option[17]=-Ximage-compiler-option
I/art     ( 3700): option[18]=-Xms64m
I/art     ( 3700): option[19]=-Ximage-compiler-option
I/art     ( 3700): option[20]=--runtime-arg
I/art     ( 3700): option[21]=-Ximage-compiler-option
I/art     ( 3700): option[22]=-Xmx64m
I/art     ( 3700): option[23]=-Ximage-compiler-option
I/art     ( 3700): option[24]=--image-classes-zip=/system/framework/framework.jar
I/art     ( 3700): option[25]=-Ximage-compiler-option
I/art     ( 3700): option[26]=--image-classes=preloaded-classes
I/art     ( 3700): option[27]=-Xcompiler-option
I/art     ( 3700): option[28]=--runtime-arg
I/art     ( 3700): option[29]=-Xcompiler-option
I/art     ( 3700): option[30]=-Xms64m
I/art     ( 3700): option[31]=-Xcompiler-option
I/art     ( 3700): option[32]=--runtime-arg
I/art     ( 3700): option[33]=-Xcompiler-option
I/art     ( 3700): option[34]=-Xmx512m
I/art     ( 3700): option[35]=-Duser.language=en
I/art     ( 3700): option[36]=-Duser.region=US
D/SurfaceFlinger( 3685): SF. shader cache generated - 26 shaders in 74.140923 ms
D/libEGL  ( 3843): loaded /vendor/lib/egl/libGLES_mali.so
I/        ( 3843): PLATFORM VERSION : JB-MR-2
E/BootAnimation( 3843): couldn't find audio_conf.txt
W/BootAnimation( 3843): Audio service is not initiated.
D/BootAnimation( 3843): Use save memory method, maybe small fps in actual.
I/Sensorhubs( 3693): GestureSensor flags 1, mEnabled 0
E/Sensorhubs( 3693): Gesture old sensor_state 0, new sensor_state : 64 en : 1
I/Sensorhubs( 3693): GestureSensor flags 0, mEnabled 1
E/Sensorhubs( 3693): Gesture old sensor_state 64, new sensor_state : 0 en : 0
I/SensorHubService( 3693): HardwareSensorHub
I/SensorHubService( 3693): HardwareSensorHub
I/sensorhubservice( 3693): SensorHubService is starting now........................................
D/SensorHubService( 3693): nuSensorHubService thread starting...
E/memtrack( 3700): Couldn't load memtrack module (No such file or directory)
E/android.os.Debug( 3700): failed to load memtrack module: -2
I/SamplingProfilerIntegration( 3700): Profiling disabled.
D/Zygote  ( 3700): begin preload
I/Zygote  ( 3700): Preloading classes...
I/art     ( 3700): Explicit concurrent mark sweep GC freed 994(55KB) AllocSpace objects, 0(0B) LOS objects, 98% free, 70KB/4MB, paused 133us total 16.062ms
I/art     ( 3700): Counter: 1
W/SurfaceFlinger( 3685): Ignoring duplicate VSYNC event from HWC (t=6140080583)
D/wrapperGPS( 3698): wrapperConnect_RILD
W/auditd  ( 3690): type=1325 audit(0.0:60): table=raw family=10 entries=8
W/ip6tables( 3955): type=1300 audit(0.0:60): arch=40000028 syscall=294 per=800000 success=yes exit=0 a0=5 a1=29 a2=40 a3=b6c37800 items=0 ppid=3682 auid=4294967295 uid=0 gid=0 euid=0 suid=0 fsuid=0 egid=0 sgid=0 fsgid=0 ses=4294967295 tty=(none) exe="/system/bin/ip6tables" key=(null)
W/auditd  ( 3690): type=1320 audit(0.0:60): 
W/auditd  ( 3690): type=1325 audit(0.0:61): table=mangle family=2 entries=6
W/iptables( 3962): type=1300 audit(0.0:61): arch=40000028 syscall=294 per=800000 success=yes exit=0 a0=5 a1=0 a2=40 a3=b6c20400 items=0 ppid=3682 auid=4294967295 uid=0 gid=0 euid=0 suid=0 fsuid=0 egid=0 sgid=0 fsgid=0 ses=4294967295 tty=(none) exe="/system/bin/iptables" key=(null)
W/auditd  ( 3690): type=1320 audit(0.0:61): 
W/auditd  ( 3690): type=1325 audit(0.0:62): table=mangle family=10 entries=6
W/ip6tables( 3963): type=1300 audit(0.0:62): arch=40000028 syscall=294 per=800000 success=yes exit=0 a0=5 a1=29 a2=40 a3=b6c31800 items=0 ppid=3682 auid=4294967295 uid=0 gid=0 euid=0 suid=0 fsuid=0 egid=0 sgid=0 fsgid=0 ses=4294967295 tty=(none) exe="/system/bin/ip6tables" key=(null)
W/auditd  ( 3690): type=1320 audit(0.0:62): 
W/auditd  ( 3690): type=1325 audit(0.0:63): table=mangle family=2 entries=8
W/iptables( 3964): type=1300 audit(0.0:63): arch=40000028 syscall=294 per=800000 success=yes exit=0 a0=5 a1=0 a2=40 a3=b6c1ba00 items=0 ppid=3682 auid=4294967295 uid=0 gid=0 euid=0 suid=0 fsuid=0 egid=0 sgid=0 fsgid=0 ses=4294967295 tty=(none) exe="/system/bin/iptables" key=(null)
W/auditd  ( 3690): type=1320 audit(0.0:63): 
W/auditd  ( 3690): type=1325 audit(0.0:64): table=mangle family=10 entries=8
W/ip6tables( 3965): type=1300 audit(0.0:64): arch=40000028 syscall=294 per=800000 success=yes exit=0 a0=5 a1=29 a2=40 a3=b6c37800 items=0 ppid=3682 auid=4294967295 uid=0 gid=0 euid=0 suid=0 fsuid=0 egid=0 sgid=0 fsgid=0 ses=4294967295 tty=(none) exe="/system/bin/ip6tables" key=(null)
W/auditd  ( 3690): type=1320 audit(0.0:64): 
I/ServiceManager( 3688): Waiting for service batterystats...
E/Minikin ( 3700): addFont failed to create font /system/fonts/NotoSansGujarati-Regular.ttf
E/Minikin ( 3700): addFont failed to create font /system/fonts/NotoSansGujarati-Bold.ttf
E/Minikin ( 3700): addFont failed to create font /system/fonts/NotoSansGujaratiUI-Regular.ttf
E/Minikin ( 3700): addFont failed to create font /system/fonts/NotoSansGujaratiUI-Bold.ttf
E/Minikin ( 3700): addFont failed to create font /system/fonts/NotoSansGurmukhi-Regular.ttf
E/Minikin ( 3700): addFont failed to create font /system/fonts/NotoSansGurmukhi-Bold.ttf
E/Minikin ( 3700): addFont failed to create font /system/fonts/NotoSansGurmukhiUI-Regular.ttf
E/Minikin ( 3700): addFont failed to create font /system/fonts/NotoSansGurmukhiUI-Bold.ttf
E/Minikin ( 3700): addFont failed to create font /system/fonts/NotoSansSinhala-Regular.ttf
E/Minikin ( 3700): addFont failed to create font /system/fonts/NotoSansSinhala-Bold.ttf
E/Minikin ( 3700): addFont failed to create font /system/fonts/NotoSansCherokee-Regular.ttf
E/Minikin ( 3700): addFont failed to create font /system/fonts/NotoSansCanadianAboriginal-Regular.ttf
E/Minikin ( 3700): addFont failed to create font /system/fonts/NotoSansYi-Regular.ttf
E/Minikin ( 3700): addFont failed to create font /system/fonts/NotoSansHans-Regular.otf
E/Minikin ( 3700): addFont failed to create font /system/fonts/NotoSansHant-Regular.otf
E/Minikin ( 3700): addFont failed to create font /system/fonts/NotoSansJP-Regular.otf
E/Minikin ( 3700): addFont failed to create font /system/fonts/NotoSansKR-Regular.otf
W/auditd  ( 3690): type=1325 audit(0.0:65): table=mangle family=2 entries=9
W/iptables( 3972): type=1300 audit(0.0:65): arch=40000028 syscall=294 per=800000 success=yes exit=0 a0=5 a1=0 a2=40 a3=b6c30800 items=0 ppid=3682 auid=4294967295 uid=0 gid=0 euid=0 suid=0 fsuid=0 egid=0 sgid=0 fsgid=0 ses=4294967295 tty=(none) exe="/system/bin/iptables" key=(null)
W/auditd  ( 3690): type=1320 audit(0.0:65): 
W/auditd  ( 3690): type=1325 audit(0.0:66): table=mangle family=10 entries=9
W/ip6tables( 3973): type=1300 audit(0.0:66): arch=40000028 syscall=294 per=800000 success=yes exit=0 a0=5 a1=29 a2=40 a3=b6c42800 items=0 ppid=3682 auid=4294967295 uid=0 gid=0 euid=0 suid=0 fsuid=0 egid=0 sgid=0 fsgid=0 ses=4294967295 tty=(none) exe="/system/bin/ip6tables" key=(null)
I/art     ( 3700): Thread[1,tid=3700,WaitingForJniOnLoad,Thread*=0xb5107800,peer=0x12c330e0,"main"] recursive attempt to load library "/system/lib/libmedia_jni.so"
D/MtpDeviceJNI( 3700): register_android_mtp_MtpDevice
I/art     ( 3700): Thread[1,tid=3700,WaitingForJniOnLoad,Thread*=0xb5107800,peer=0x12c330e0,"main"] recursive attempt to load library "/system/lib/libmedia_jni.so"
I/art     ( 3700): Thread[1,tid=3700,WaitingForJniOnLoad,Thread*=0xb5107800,peer=0x12c330e0,"main"] recursive attempt to load library "/system/lib/libmedia_jni.so"
V/NatController( 3682): runCmd(/system/bin/iptables -F natctrl_FORWARD) res=0
V/NatController( 3682): runCmd(/system/bin/iptables -A natctrl_FORWARD -j DROP) res=0
V/NatController( 3682): runCmd(/system/bin/iptables -t nat -F natctrl_nat_POSTROUTING) res=0
V/NatController( 3682): runCmd(/system/bin/iptables -t nat -F natctrl_nat_PREROUTING) res=0
V/NatController( 3682): runCmd(/system/bin/iptables -F natctrl_tether_counters) res=1
V/NatController( 3682): runCmd(/system/bin/iptables -X natctrl_tether_counters) res=1
V/NatController( 3682): runCmd(/system/bin/iptables -N natctrl_tether_counters) res=0
V/NatController( 3682): runCmd(/system/bin/iptables -t mangle -A natctrl_mangle_FORWARD -p tcp --tcp-flags SYN SYN -j TCPMSS --clamp-mss-to-pmtu) res=0
I/System  ( 3700): Loaded time zone names for "" in 51ms (45ms in ICU)
I/System  ( 3700): Loaded time zone names for "en_US" in 34ms (29ms in ICU)
I/art     ( 3700): Explicit concurrent mark sweep GC freed 30145(1834KB) AllocSpace objects, 0(0B) LOS objects, 72% free, 1557KB/5MB, paused 144us total 13.761ms
I/Zygote  ( 3700): ...preloaded 3005 classes in 1096ms.
I/art     ( 3700): VMRuntime.preloadDexCaches starting
D/wrapperGPS( 3698): wrapperConnect_RILD
W/auditd  ( 3690): type=1325 audit(0.0:107): table=filter family=2 entries=41
W/iptables( 4056): type=1300 audit(0.0:107): arch=40000028 syscall=294 per=800000 success=yes exit=0 a0=5 a1=0 a2=40 a3=b6c22000 items=0 ppid=3682 auid=4294967295 uid=0 gid=0 euid=0 suid=0 fsuid=0 egid=0 sgid=0 fsgid=0 ses=4294967295 tty=(none) exe="/system/bin/iptables" key=(null)
W/auditd  ( 3690): type=1320 audit(0.0:107): 
I/art     ( 3700): VMRuntime.preloadDexCaches strings total=217316 before=40338 after=40338
I/art     ( 3700): VMRuntime.preloadDexCaches types total=18704 before=6337 after=6380
I/art     ( 3700): VMRuntime.preloadDexCaches fields total=87408 before=32543 after=32871
I/art     ( 3700): VMRuntime.preloadDexCaches methods total=154031 before=66779 after=67657
I/art     ( 3700): VMRuntime.preloadDexCaches finished
I/art     ( 3700): Counter: 0
I/art     ( 3700): Counter: 1
I/art     ( 3700): Explicit concurrent mark sweep GC freed 159(19KB) AllocSpace objects, 0(0B) LOS objects, 72% free, 1538KB/5MB, paused 138us total 7.490ms
W/auditd  ( 3690): type=1325 audit(0.0:108): table=filter family=10 entries=38
W/ip6tables( 4057): type=1300 audit(0.0:108): arch=40000028 syscall=294 per=800000 success=yes exit=0 a0=5 a1=29 a2=40 a3=b6c24000 items=0 ppid=3682 auid=4294967295 uid=0 gid=0 euid=0 suid=0 fsuid=0 egid=0 sgid=0 fsgid=0 ses=4294967295 tty=(none) exe="/system/bin/ip6tables" key=(null)
W/auditd  ( 3690): type=1320 audit(0.0:108): 
W/auditd  ( 3690): type=1325 audit(0.0:109): table=filter family=2 entries=43
W/iptables( 4059): type=1300 audit(0.0:109): arch=40000028 syscall=294 per=800000 success=yes exit=0 a0=5 a1=0 a2=40 a3=b6c22000 items=0 ppid=3682 auid=4294967295 uid=0 gid=0 euid=0 suid=0 fsuid=0 egid=0 sgid=0 fsgid=0 ses=4294967295 tty=(none) exe="/system/bin/iptables" key=(null)
W/auditd  ( 3690): type=1320 audit(0.0:109): 
W/auditd  ( 3690): type=1325 audit(0.0:110): table=filter family=10 entries=40
W/ip6tables( 4060): type=1300 audit(0.0:110): arch=40000028 syscall=294 per=800000 success=yes exit=0 a0=5 a1=29 a2=40 a3=b6c24000 items=0 ppid=3682 auid=4294967295 uid=0 gid=0 euid=0 suid=0 fsuid=0 egid=0 sgid=0 fsgid=0 ses=4294967295 tty=(none) exe="/system/bin/ip6tables" key=(null)
W/auditd  ( 3690): type=1320 audit(0.0:110): 
D/idmap   ( 4058): error: no read access to /vendor/overlay: No such file or directory
W/auditd  ( 3690): type=1325 audit(0.0:111): table=filter family=2 entries=45
W/iptables( 4061): type=1300 audit(0.0:111): arch=40000028 syscall=294 per=800000 success=yes exit=0 a0=5 a1=0 a2=40 a3=b6c25000 items=0 ppid=3682 auid=4294967295 uid=0 gid=0 euid=0 suid=0 fsuid=0 egid=0 sgid=0 fsgid=0 ses=4294967295 tty=(none) exe="/system/bin/iptables" key=(null)
W/auditd  ( 3690): type=1320 audit(0.0:111): 
W/auditd  ( 3690): type=1325 audit(0.0:112): table=filter family=10 entries=42
W/ip6tables( 4062): type=1300 audit(0.0:112): arch=40000028 syscall=294 per=800000 success=yes exit=0 a0=5 a1=29 a2=40 a3=b6c29000 items=0 ppid=3682 auid=4294967295 uid=0 gid=0 euid=0 suid=0 fsuid=0 egid=0 sgid=0 fsgid=0 ses=4294967295 tty=(none) exe="/system/bin/ip6tables" key=(null)
W/auditd  ( 3690): type=1320 audit(0.0:112): 
W/auditd  ( 3690): type=1325 audit(0.0:113): table=filter family=2 entries=46
W/iptables( 4063): type=1300 audit(0.0:113): arch=40000028 syscall=294 per=800000 success=yes exit=0 a0=5 a1=0 a2=40 a3=b6c25000 items=0 ppid=3682 auid=4294967295 uid=0 gid=0 euid=0 suid=0 fsuid=0 egid=0 sgid=0 fsgid=0 ses=4294967295 tty=(none) exe="/system/bin/iptables" key=(null)
I/Zygote  ( 3700): Preloading resources...
I/ServiceManager( 3688): Waiting for service batterystats...
W/SurfaceFlinger( 3685): Ignoring duplicate VSYNC event from HWC (t=7440179000)
D/MDnsDS  ( 3682): MDnsSdListener::Hander starting up
D/MDnsDS  ( 3682): MDnsSdListener starting to monitor
D/MDnsDS  ( 3682): Going to poll with pollCount 1
I/art     ( 3700): Explicit concurrent mark sweep GC freed 4186(146KB) AllocSpace objects, 0(0B) LOS objects, 40% free, 16MB/28MB, paused 188us total 8.320ms
I/Zygote  ( 3700): ...preloaded 430 resources in 446ms.
I/art     ( 3700): Explicit concurrent mark sweep GC freed 477(28KB) AllocSpace objects, 0(0B) LOS objects, 40% free, 16MB/28MB, paused 268us total 8.793ms
I/Zygote  ( 3700): ...preloaded 41 resources in 17ms.
I/art     ( 3700): Counter: 0
D/libEGL  ( 3700): loaded /vendor/lib/egl/libGLES_mali.so
I/Zygote  ( 3700): Preloading shared libraries...
D/Zygote  ( 3700): end preload
I/art     ( 3700): Explicit concurrent mark sweep GC freed 461(21KB) AllocSpace objects, 0(0B) LOS objects, 40% free, 16MB/28MB, paused 183us total 7.643ms
I/art     ( 3700): Explicit concurrent mark sweep GC freed 41(1568B) AllocSpace objects, 0(0B) LOS objects, 40% free, 16MB/28MB, paused 182us total 7.622ms
I/art     ( 3700): Explicit concurrent mark sweep GC freed 5(160B) AllocSpace objects, 0(0B) LOS objects, 40% free, 16MB/28MB, paused 196us total 8.382ms
I/Zygote  ( 3700): System server process 4110 has been created
I/Zygote  ( 3700): Accepting command socket connections
I/InstallerConnection( 4110): disconnecting...
I/SystemServer( 4110): Entered the Android system server!
V/Fingerprint-JNI( 4110): FingerprintManager JNI ready.
I/        ( 4110): System server: starting sensor init.
D/SensorService( 4110): nuSensorService starting...
E/Sensors ( 4110): GeoMagneticSensor, ERROR dev_num = -19
I/Sensors ( 4110): Proximity old sensor_state 0, new sensor_state : 128 en : 1
I/SystemServiceManager( 4110): Starting com.android.server.pm.Installer
I/Installer( 4110): Waiting for installd to be ready.
I/InstallerConnection( 4110): connecting...
I/installd( 3691): new connection
I/Sensors ( 4110): Light old sensor_state 128, new sensor_state : 640 en : 1
I/SystemServiceManager( 4110): Starting com.android.server.am.ActivityManagerService$Lifecycle
E/Sensors ( 4110): UncalMagneticSensor, ERROR dev_num = -19
I/Sensors ( 4110): SigMotionSensor old sensor_state 640, new sensor_state : 8832 en : 1
E/Sensors ( 4110): UncalGyroSensor, ERROR dev_num = -19
E/Sensors ( 4110): GameRotationVector, ERROR dev_num = -19
I/Sensors ( 4110): StepCounterSensor old sensor_state 8832, new sensor_state : 139904 en : 1
D/Sensors ( 4110): HrmSpO2Sensor::HrmSpO2Sensor: Shared version Registered 
E/SensorService( 4110): >>>> WARNING <<< Upgrade sensor HAL to version 1_3
I/Sensors ( 4110): Proximity old sensor_state 139904, new sensor_state : 139776 en : 0
I/Sensors ( 4110): Light old sensor_state 139776, new sensor_state : 139264 en : 0
I/Sensors ( 4110): StepCounterSensor old sensor_state 139264, new sensor_state : 8192 en : 0
I/Sensors ( 4110): SigMotionSensor old sensor_state 8192, new sensor_state : 0 en : 0
I/Sensors ( 4110): HrmSpO2Sensor::enable, handle(16), en(0), what(1/0:aosphrm,1:sshrm, old enabled : 0)
I/Sensors ( 4110): HrmSpO2Sensor is already disabled or have to keep enabled, mEnabled : 0x0, en : 0
I/Sensors ( 4110): HrmSpO2Sensor::enable, handle(17), en(0), what(0/0:aosphrm,1:sshrm, old enabled : 0)
I/Sensors ( 4110): HrmSpO2Sensor is already disabled or have to keep enabled, mEnabled : 0x0, en : 0
I/Sensors ( 4110): HrmSpO2Sensor::enable, handle(18), en(0), what(2/0:aosphrm,1:sshrm, old enabled : 0)
I/Sensors ( 4110): HrmSpO2Sensor is already disabled or have to keep enabled, mEnabled : 0x0, en : 0
I/        ( 4110): System server: sensor init done.
D/SensorService( 4110): nuSensorService thread starting...
I/Sensors ( 4110): ProximitySensor - 8(cm)
D/SensorService( 4110): new thread SensorEventAckReceiver
I/ActivityManager( 4110): Memory class: 192
D/wrapperGPS( 3698): wrapperConnect_RILD
I/ServiceThread( 4110): Enabled StrictMode logging for ActivityManager looper.
I/IntentFirewall( 4110): Read new rules (A:0 B:0 S:0)
I/ServiceThread( 4110): Enabled StrictMode logging for android.ui looper.
I/ServiceManager( 3688): Waiting for service batterystats...
I/ServiceThread( 4110): Enabled StrictMode logging for android.display looper.
D/AppOps  ( 4110): AppOpsService published
I/SystemServiceManager( 4110): Starting com.android.server.power.PowerManagerService
I/ServiceThread( 4110): Enabled StrictMode logging for PowerManagerService looper.
D/SEC PowerHAL( 4110): sysfs_write +: /sys/devices/system/cpu/cpu0/cpufreq/interactive/multi_enter_load: 800
D/SEC PowerHAL( 4110): sysfs_write -: /sys/devices/system/cpu/cpu0/cpufreq/interactive/multi_enter_load: 800
D/SEC PowerHAL( 4110): sysfs_write +: /sys/devices/system/cpu/cpu0/cpufreq/interactive/single_enter_load: 200
D/SEC PowerHAL( 4110): sysfs_write -: /sys/devices/system/cpu/cpu0/cpufreq/interactive/single_enter_load: 200
D/SEC PowerHAL( 4110): sysfs_write +: /sys/devices/system/cpu/cpu0/cpufreq/interactive/param_index: 0
D/SEC PowerHAL( 4110): sysfs_write -: /sys/devices/system/cpu/cpu0/cpufreq/interactive/param_index: 0
D/SEC PowerHAL( 4110): sysfs_write +: /sys/devices/system/cpu/cpu0/cpufreq/interactive/timer_rate: 20000
D/SEC PowerHAL( 4110): sysfs_write -: /sys/devices/system/cpu/cpu0/cpufreq/interactive/timer_rate: 20000
D/SEC PowerHAL( 4110): sysfs_write +: /sys/devices/system/cpu/cpu0/cpufreq/interactive/timer_slack: 20000
D/SEC PowerHAL( 4110): sysfs_write -: /sys/devices/system/cpu/cpu0/cpufreq/interactive/timer_slack: 20000
D/SEC PowerHAL( 4110): sysfs_write +: /sys/devices/system/cpu/cpu0/cpufreq/interactive/min_sample_time: 40000
D/SEC PowerHAL( 4110): sysfs_write -: /sys/devices/system/cpu/cpu0/cpufreq/interactive/min_sample_time: 40000
D/SEC PowerHAL( 4110): sysfs_write +: /sys/devices/system/cpu/cpu0/cpufreq/interactive/hispeed_freq: 1000000
D/SEC PowerHAL( 4110): sysfs_write -: /sys/devices/system/cpu/cpu0/cpufreq/interactive/hispeed_freq: 1000000
D/SEC PowerHAL( 4110): sysfs_write +: /sys/devices/system/cpu/cpu0/cpufreq/interactive/go_hispeed_load: 99
D/SEC PowerHAL( 4110): sysfs_write -: /sys/devices/system/cpu/cpu0/cpufreq/interactive/go_hispeed_load: 99
D/SEC PowerHAL( 4110): sysfs_write +: /sys/devices/system/cpu/cpu0/cpufreq/interactive/target_loads: 70
D/SEC PowerHAL( 4110): sysfs_write -: /sys/devices/system/cpu/cpu0/cpufreq/interactive/target_loads: 70
D/SEC PowerHAL( 4110): sysfs_write +: /sys/devices/system/cpu/cpu0/cpufreq/interactive/above_hispeed_delay: 19000
D/SEC PowerHAL( 4110): sysfs_write -: /sys/devices/system/cpu/cpu0/cpufreq/interactive/above_hispeed_delay: 19000
D/SEC PowerHAL( 4110): sysfs_write +: /sys/devices/system/cpu/cpu0/cpufreq/interactive/boostpulse_duration: 40000
D/SEC PowerHAL( 4110): sysfs_write -: /sys/devices/system/cpu/cpu0/cpufreq/interactive/boostpulse_duration: 40000
D/SEC PowerHAL( 4110): sysfs_write +: /sys/devices/system/cpu/cpu4/cpufreq/interactive/multi_enter_load: 360
D/SEC PowerHAL( 4110): sysfs_write -: /sys/devices/system/cpu/cpu4/cpufreq/interactive/multi_enter_load: 360
D/SEC PowerHAL( 4110): sysfs_write +: /sys/devices/system/cpu/cpu4/cpufreq/interactive/multi_enter_time: 99000
D/SEC PowerHAL( 4110): sysfs_write -: /sys/devices/system/cpu/cpu4/cpufreq/interactive/multi_enter_time: 99000
D/SEC PowerHAL( 4110): sysfs_write +: /sys/devices/system/cpu/cpu4/cpufreq/interactive/multi_exit_load: 240
D/SEC PowerHAL( 4110): sysfs_write -: /sys/devices/system/cpu/cpu4/cpufreq/interactive/multi_exit_load: 240
D/SEC PowerHAL( 4110): sysfs_write +: /sys/devices/system/cpu/cpu4/cpufreq/interactive/multi_exit_time: 299000
D/SEC PowerHAL( 4110): sysfs_write -: /sys/devices/system/cpu/cpu4/cpufreq/interactive/multi_exit_time: 299000
D/SEC PowerHAL( 4110): sysfs_write +: /sys/devices/system/cpu/cpu4/cpufreq/interactive/single_enter_load: 95
D/SEC PowerHAL( 4110): sysfs_write -: /sys/devices/system/cpu/cpu4/cpufreq/interactive/single_enter_load: 95
D/SEC PowerHAL( 4110): sysfs_write +: /sys/devices/system/cpu/cpu4/cpufreq/interactive/single_enter_time: 199000
D/SEC PowerHAL( 4110): sysfs_write -: /sys/devices/system/cpu/cpu4/cpufreq/interactive/single_enter_time: 199000
D/SEC PowerHAL( 4110): sysfs_write +: /sys/devices/system/cpu/cpu4/cpufreq/interactive/single_exit_load: 60
D/SEC PowerHAL( 4110): sysfs_write -: /sys/devices/system/cpu/cpu4/cpufreq/interactive/single_exit_load: 60
D/SEC PowerHAL( 4110): sysfs_write +: /sys/devices/system/cpu/cpu4/cpufreq/interactive/single_exit_time: 99000
D/SEC PowerHAL( 4110): sysfs_write -: /sys/devices/system/cpu/cpu4/cpufreq/interactive/single_exit_time: 99000
D/SEC PowerHAL( 4110): sysfs_write +: /sys/devices/system/cpu/cpu4/cpufreq/interactive/param_index: 0
D/SEC PowerHAL( 4110): sysfs_write -: /sys/devices/system/cpu/cpu4/cpufreq/interactive/param_index: 0
D/SEC PowerHAL( 4110): sysfs_write +: /sys/devices/system/cpu/cpu4/cpufreq/interactive/timer_rate: 20000
D/SEC PowerHAL( 4110): sysfs_write -: /sys/devices/system/cpu/cpu4/cpufreq/interactive/timer_rate: 20000
D/SEC PowerHAL( 4110): sysfs_write +: /sys/devices/system/cpu/cpu4/cpufreq/interactive/timer_slack: 20000
D/SEC PowerHAL( 4110): sysfs_write -: /sys/devices/system/cpu/cpu4/cpufreq/interactive/timer_slack: 20000
D/SEC PowerHAL( 4110): sysfs_write +: /sys/devices/system/cpu/cpu4/cpufreq/interactive/min_sample_time: 40000
D/SEC PowerHAL( 4110): sysfs_write -: /sys/devices/system/cpu/cpu4/cpufreq/interactive/min_sample_time: 40000
D/SEC PowerHAL( 4110): sysfs_write +: /sys/devices/system/cpu/cpu4/cpufreq/interactive/hispeed_freq: 1000000
D/SEC PowerHAL( 4110): sysfs_write -: /sys/devices/system/cpu/cpu4/cpufreq/interactive/hispeed_freq: 1000000
D/SEC PowerHAL( 4110): sysfs_write +: /sys/devices/system/cpu/cpu4/cpufreq/interactive/go_hispeed_load: 99
D/SEC PowerHAL( 4110): sysfs_write -: /sys/devices/system/cpu/cpu4/cpufreq/interactive/go_hispeed_load: 99
D/SEC PowerHAL( 4110): sysfs_write +: /sys/devices/system/cpu/cpu4/cpufreq/interactive/target_loads: 75 1500000:80 1700000:85 1800000:90
D/SEC PowerHAL( 4110): sysfs_write -: /sys/devices/system/cpu/cpu4/cpufreq/interactive/target_loads: 75 1500000:80 1700000:85 1800000:90
D/SEC PowerHAL( 4110): sysfs_write +: /sys/devices/system/cpu/cpu4/cpufreq/interactive/above_hispeed_delay: 19000 1100000:99000 1200000:119000 1700000:19000
D/SEC PowerHAL( 4110): sysfs_write -: /sys/devices/system/cpu/cpu4/cpufreq/interactive/above_hispeed_delay: 19000 1100000:99000 1200000:119000 1700000:19000
D/SEC PowerHAL( 4110): sysfs_write +: /sys/devices/system/cpu/cpu4/cpufreq/interactive/boostpulse_duration: 40000
D/SEC PowerHAL( 4110): sysfs_write -: /sys/devices/system/cpu/cpu4/cpufreq/interactive/boostpulse_duration: 40000
D/SEC PowerHAL( 4110): sysfs_write +: /sys/devices/system/cpu/cpu4/cpufreq/interactive/param_index: 1
D/SEC PowerHAL( 4110): sysfs_write -: /sys/devices/system/cpu/cpu4/cpufreq/interactive/param_index: 1
D/SEC PowerHAL( 4110): sysfs_write +: /sys/devices/system/cpu/cpu4/cpufreq/interactive/timer_rate: 20000
D/SEC PowerHAL( 4110): sysfs_write -: /sys/devices/system/cpu/cpu4/cpufreq/interactive/timer_rate: 20000
D/SEC PowerHAL( 4110): sysfs_write +: /sys/devices/system/cpu/cpu4/cpufreq/interactive/min_sample_time: 59000
D/SEC PowerHAL( 4110): sysfs_write -: /sys/devices/system/cpu/cpu4/cpufreq/interactive/min_sample_time: 59000
D/SEC PowerHAL( 4110): sysfs_write +: /sys/devices/system/cpu/cpu4/cpufreq/interactive/hispeed_freq: 1200000
D/SEC PowerHAL( 4110): sysfs_write -: /sys/devices/system/cpu/cpu4/cpufreq/interactive/hispeed_freq: 1200000
D/SEC PowerHAL( 4110): sysfs_write +: /sys/devices/system/cpu/cpu4/cpufreq/interactive/go_hispeed_load: 95
D/SEC PowerHAL( 4110): sysfs_write -: /sys/devices/system/cpu/cpu4/cpufreq/interactive/go_hispeed_load: 95
D/SEC PowerHAL( 4110): sysfs_write +: /sys/devices/system/cpu/cpu4/cpufreq/interactive/target_loads: 65 1400000:68 1700000:73
D/SEC PowerHAL( 4110): sysfs_write -: /sys/devices/system/cpu/cpu4/cpufreq/interactive/target_loads: 65 1400000:68 1700000:73
D/SEC PowerHAL( 4110): sysfs_write +: /sys/devices/system/cpu/cpu4/cpufreq/interactive/above_hispeed_delay: 19000
D/SEC PowerHAL( 4110): sysfs_write -: /sys/devices/system/cpu/cpu4/cpufreq/interactive/above_hispeed_delay: 19000
D/SEC PowerHAL( 4110): sysfs_write +: /sys/devices/system/cpu/cpu4/cpufreq/interactive/param_index: 2
D/SEC PowerHAL( 4110): sysfs_write -: /sys/devices/system/cpu/cpu4/cpufreq/interactive/param_index: 2
D/SEC PowerHAL( 4110): sysfs_write +: /sys/devices/system/cpu/cpu4/cpufreq/interactive/timer_rate: 20000
D/SEC PowerHAL( 4110): sysfs_write -: /sys/devices/system/cpu/cpu4/cpufreq/interactive/timer_rate: 20000
D/SEC PowerHAL( 4110): sysfs_write +: /sys/devices/system/cpu/cpu4/cpufreq/interactive/min_sample_time: 79000
D/SEC PowerHAL( 4110): sysfs_write -: /sys/devices/system/cpu/cpu4/cpufreq/interactive/min_sample_time: 79000
D/SEC PowerHAL( 4110): sysfs_write +: /sys/devices/system/cpu/cpu4/cpufreq/interactive/hispeed_freq: 1400000
D/SEC PowerHAL( 4110): sysfs_write -: /sys/devices/system/cpu/cpu4/cpufreq/interactive/hispeed_freq: 1400000
D/SEC PowerHAL( 4110): sysfs_write +: /sys/devices/system/cpu/cpu4/cpufreq/interactive/go_hispeed_load: 90
D/SEC PowerHAL( 4110): sysfs_write -: /sys/devices/system/cpu/cpu4/cpufreq/interactive/go_hispeed_load: 90
D/SEC PowerHAL( 4110): sysfs_write +: /sys/devices/system/cpu/cpu4/cpufreq/interactive/target_loads: 60 1300000:63 1500000:65 1700000:70
D/SEC PowerHAL( 4110): sysfs_write -: /sys/devices/system/cpu/cpu4/cpufreq/interactive/target_loads: 60 1300000:63 1500000:65 1700000:70
D/SEC PowerHAL( 4110): sysfs_write +: /sys/devices/system/cpu/cpu4/cpufreq/interactive/above_hispeed_delay: 19000
D/SEC PowerHAL( 4110): sysfs_write -: /sys/devices/system/cpu/cpu4/cpufreq/interactive/above_hispeed_delay: 19000
D/SEC PowerHAL( 4110): sysfs_write +: /sys/devices/system/cpu/cpu4/cpufreq/interactive/param_index: 3
D/SEC PowerHAL( 4110): sysfs_write -: /sys/devices/system/cpu/cpu4/cpufreq/interactive/param_index: 3
D/SEC PowerHAL( 4110): sysfs_write +: /sys/devices/system/cpu/cpu4/cpufreq/interactive/timer_rate: 20000
D/SEC PowerHAL( 4110): sysfs_write -: /sys/devices/system/cpu/cpu4/cpufreq/interactive/timer_rate: 20000
D/SEC PowerHAL( 4110): sysfs_write +: /sys/devices/system/cpu/cpu4/cpufreq/interactive/min_sample_time: 99000
D/SEC PowerHAL( 4110): sysfs_write -: /sys/devices/system/cpu/cpu4/cpufreq/interactive/min_sample_time: 99000
D/SEC PowerHAL( 4110): sysfs_write +: /sys/devices/system/cpu/cpu4/cpufreq/interactive/hispeed_freq: 1600000
D/SEC PowerHAL( 4110): sysfs_write -: /sys/devices/system/cpu/cpu4/cpufreq/interactive/hispeed_freq: 1600000
D/SEC PowerHAL( 4110): sysfs_write +: /sys/devices/system/cpu/cpu4/cpufreq/interactive/go_hispeed_load: 85
D/SEC PowerHAL( 4110): sysfs_write -: /sys/devices/system/cpu/cpu4/cpufreq/interactive/go_hispeed_load: 85
D/SEC PowerHAL( 4110): sysfs_write +: /sys/devices/system/cpu/cpu4/cpufreq/interactive/target_loads: 60 1300000:63 1500000:65 1900000:70
D/SEC PowerHAL( 4110): sysfs_write -: /sys/devices/system/cpu/cpu4/cpufreq/interactive/target_loads: 60 1300000:63 1500000:65 1900000:70
D/SEC PowerHAL( 4110): sysfs_write +: /sys/devices/system/cpu/cpu4/cpufreq/interactive/above_hispeed_delay: 19000
D/SEC PowerHAL( 4110): sysfs_write -: /sys/devices/system/cpu/cpu4/cpufreq/interactive/above_hispeed_delay: 19000
D/SEC PowerHAL( 4110): sysfs_write +: /sys/devices/system/cpu/cpu4/cpufreq/interactive/param_index: 0
D/SEC PowerHAL( 4110): sysfs_write -: /sys/devices/system/cpu/cpu4/cpufreq/interactive/param_index: 0
W/libsuspend( 4110): Error writing 'on' to /sys/power/state: Invalid argument
I/libsuspend( 4110): Selected wakeup count
I/SystemServiceManager( 4110): Starting com.android.server.display.DisplayManagerService
I/SystemServiceManager( 4110): Starting phase 100
I/DisplayManagerService( 4110): Display device added: DisplayDeviceInfo{"Built-in Screen": 1080 x 1920, 60.000004 fps, supportedRefreshRates [60.000004], density 480, 422.03 x 424.069 dpi, appVsyncOff 0, presDeadline 17666666, touch INTERNAL, rotation 0, type BUILT_IN, state UNKNOWN, FLAG_DEFAULT_DISPLAY, FLAG_ROTATES_WITH_CONTENT, FLAG_SECURE, FLAG_SUPPORTS_PROTECTED_BUFFERS}
I/SystemServer( 4110): Package Manager
W/PackageManager( 4110): No security bridge jar found, using default
W/SystemConfig( 4110): No directory /system/etc/sysconfig, skipping
D/SELinuxMMAC( 4110): Using policy file /system/etc/security/mac_permissions.xml
D/BootAnimation( 3843): Use save memory method, maybe small fps in actual.
E/art     ( 4110): DexFile_isDexOptNeeded file '/system/framework/com.android.nfc_extras.jar' does not exist
W/PackageManager( 4110): Library not found: /system/framework/com.android.nfc_extras.jar
D/PackageManager( 4110): No files in app dir /vendor/overlay
W/PackageManager( 4110): Failed to parse /system/framework/arm: Missing base APK in /system/framework/arm
W/ResourceType( 4110): Failure getting entry for 0x7f0b023e (t=10 e=574) (error -75)
W/PackageParser( 4110): No actions in intent filter at /system/priv-app/Contacts/Contacts.apk Binary XML file line #362
W/PackageParser( 4110): No actions in intent filter at /system/priv-app/Dialer/Dialer.apk Binary XML file line #185
D/wrapperGPS( 3698): wrapperConnect_RILD
W/ResourceType( 4110): Failure getting entry for 0x7f08033e (t=7 e=830) (error -75)
W/SurfaceFlinger( 3685): Ignoring duplicate VSYNC event from HWC (t=9365116500)
E/MediaPlayerFactory( 3688): calling dlopen on FACTORY_LIB
E/MediaPlayerFactory( 3688): Failed to open FACTORY_LIB Error : dlopen failed: library "libdashplayer.so" not found 
I/CameraService( 3688): CameraService started (pid=3688)
I/CameraService( 3688): Loaded "Exynos5422 Camera Wrapper" camera module
E/CameraWrapper( 3688): failed to open vendor camera module
I/AudioPolicyService( 3688): AudioPolicyService CSTOR in new mode
I/AudioPolicyManager( 3688): loadAudioPolicyConfig() loaded /system/etc/audio_policy.conf
W/PackageParser( 4110): No actions in intent filter at /system/app/Bluetooth/Bluetooth.apk Binary XML file line #229
W/linker  ( 3688): lib_Samsung_AudioZoom_v102.so has text relocations. This is wasting memory and prevents security hardening. Please fix.
E/HAL     ( 3688): load: module=/system/lib/hw/audio.primary.universal5422.so
E/HAL     ( 3688): dlopen failed: cannot locate symbol "mixer_update" referenced by "audio.primary.universal5422.so"...
E/AudioFlinger( 3688): int android::load_audio_interface(const char*, audio_hw_device_t**) couldn't load audio hw module audio.primary (Invalid argument)
I/AudioFlinger( 3688): loadHwModule() error -22 loading module primary 
W/AudioPolicyManager( 3688): could not open HW module primary
I/audio_a2dp_hw( 3688): adev_open:  adev_open in A2dp_hw module
I/AudioFlinger( 3688): loadHwModule() Loaded a2dp audio interface from A2DP Audio HW HAL (audio) handle 1
I/AudioFlinger( 3688): loadHwModule() Loaded usb audio interface from USB audio HW HAL (audio) handle 2
I/r_submix( 3688): adev_open(name=audio_hw_if)
I/r_submix( 3688): adev_init_check()
I/AudioFlinger( 3688): loadHwModule() Loaded r_submix audio interface from Wifi Display audio HAL (audio) handle 3
D/r_submix( 3688): adev_open_input_stream()
D/r_submix( 3688): submix_audio_device_create_pipe()
E/MonoPipe( 3688): Failed to fetch local time frequency when constructing a MonoPipe (res = -32).  getNextWriteTimestamp calls will be non-functional
W/PackageParser( 4110): No actions in intent filter at /system/app/CMFileManager/CMFileManager.apk Binary XML file line #155
W/PackageParser( 4110): Unknown element under <application>: permission at /system/app/Gallery2/Gallery2.apk Binary XML file line #273
W/PackageParser( 4110): Unknown element under <application>: permission at /system/app/Gallery2/Gallery2.apk Binary XML file line #276
W/PackageManager( 4110): Failed to parse /system/app/mcRegistry: Missing base APK in /system/app/mcRegistry
D/PackageManager( 4110): No files in app dir /system/vendor/app
D/PackageManager( 4110): No files in app dir /oem/app
D/PackageManager( 4110): No files in app dir /vendor/bundled-app
W/PackageManager( 4110): Failed to parse /data/app/mcRegistry: No packages found in split
D/PackageManager( 4110): No files in app dir /data/app-private
W/PackageManager( 4110): Package com.android.gallery3d desires unavailable shared library com.google.android.media.effects; ignoring!
W/PackageManager( 4110): Package com.android.gallery3d desires unavailable shared library com.google.android.media.effects; ignoring!
E/PackageManager( 4110): updateAllSharedLibrariesLPw failed: Package com.android.dialer requires unavailable shared library com.qualcomm.qti.smartsearch; failing!
W/PackageManager( 4110): Package com.android.calculator2 desires unavailable shared library com.sec.android.app.multiwindow; ignoring!
W/PackageManager( 4110): Package com.android.mms desires unavailable shared library com.qrd.wappush; ignoring!
I/PackageManager( 4110): Adjusting ABI for : com.android.inputdevices to armeabi-v7a
I/PackageManager( 4110): Adjusting ABI for : com.android.development to armeabi-v7a
I/PackageManager( 4110): Adjusting ABI for : com.android.settings to armeabi-v7a
I/PackageManager( 4110): Adjusting ABI for : com.android.location.fused to armeabi-v7a
I/PackageManager( 4110): Adjusting ABI for : com.android.providers.settings to armeabi-v7a
I/PackageManager( 4110): Adjusting ABI for : com.android.keychain to armeabi-v7a
I/PackageManager( 4110): Adjusting ABI for : com.cyanogenmod.setupwizard to armeabi-v7a
I/PackageManager( 4110): Time to scan packages: 1.489 seconds
W/PackageManager( 4110): Unknown permission com.google.android.googleapps.permission.GOOGLE_AUTH.mail in package com.android.calendar
W/PackageManager( 4110): Unknown permission com.qualcomm.permission.USE_PHONE_SERVICE in package com.android.dialer
W/PackageManager( 4110): Unknown permission android.permission.ACCESS_SUPERUSER in package com.cyanogenmod.filemanager
W/PackageManager( 4110): Unknown permission com.cyanogenmod.filemanager.permissions.READ_THEME in package com.cyanogenmod.filemanager
W/PackageManager( 4110): Unknown permission com.cyngn.cmstats.SEND_ANALYTICS in package com.cyanogenmod.setupwizard
W/PackageManager( 4110): Unknown permission com.google.android.gallery3d.permission.PICASA_STORE in package com.android.dreams.phototable
W/PackageManager( 4110): Unknown permission com.google.android.googleapps.permission.GOOGLE_AUTH in package com.android.settings
W/PackageManager( 4110): Unknown permission com.android.launcher.permission.READ_SETTINGS in package com.android.settings
