W/Resources( 5669): Converting to string: TypedValue{t=0x10/d=0x0 a=-1}
D/CountryDetector( 4117): The first listener is added
D/MediaProvider( 5152): Adjusting external storage paths to: /storage/emulated/0
D/WVMDrmPlugIn( 3690): WVMDrmPlugin::onInitialize : 3242
D/WVMDrmPlugIn( 3690): WVMDrmPlugin::onSetOnInfoListener : add 3242
V/Mms     ( 5669): mnc/mcc: 
V/Mms     ( 5669): tag: int value: maxMessageSize - 1045876
V/Mms     ( 5669): tag: int value: maxImageHeight - 2592
V/Mms     ( 5669): tag: int value: maxImageWidth - 2592
V/Mms     ( 5669): tag: bool value: enableMultipartSMS - true
V/Mms     ( 5669): tag: bool value: enableSplitSMS - false
V/Mms     ( 5669): tag: string value: userAgent - SAMSUNG-SM-G900H-Mms
V/Mms     ( 5669): tag: string value: uaProfUrl - http://wap.samsungmobile.com/uaprof/SM-G900H.xml
E/SQLiteLog( 5152): (1) no such table: files
I/ContactPhotoManager( 5669): Cache adj: 1.0
E/ContactPhotoManager( 5669): No contact photo service in context: com.android.mms.MmsApp@a5fb9e1
D/WVMDrmPlugIn( 3690): WVMDrmPlugin::onInitialize : 6952
D/WVMDrmPlugIn( 3690): WVMDrmPlugin::onSetOnInfoListener : add 6952
D/WVMDrmPlugIn( 3690): WVMDrmPlugin::onTerminate : 6952
I/FFmpegExtractor( 3691): android-source:0xb3c06100
I/FFMPEG  ( 3691): Input #0, ogg, from 'android-source:0xb3c06100':
I/FFMPEG  ( 3691):   Duration: 00:00:02.11, start: 0.000000, bitrate: 61 kb/s
I/FFMPEG  ( 3691):     Stream #0:0: Audio: vorbis, 44100 Hz, mono, fltp, 54 kb/s
I/FFMPEG  ( 3691):     Metadata:
I/FFMPEG  ( 3691):       TITLE           : Piezo Alarm
D/FFmpegExtractor( 3691): FFmpegExtrator, url: android-source:0xb3c06100, format_name: ogg, format_long_name: Ogg
I/FFmpegExtractor( 3691): adjust mime(application/ogg -> audio/vorbis)
D/FFmpegExtractor( 3691): suppoted codec(vorbis) by official Stagefright
D/FFmpegExtractor( 3691): ffmpeg detected media content as 'audio/vorbis' with confidence 0.08
D/WVMDrmPlugIn( 3690): WVMDrmPlugin::onInitialize : 5943
D/WVMDrmPlugIn( 3690): WVMDrmPlugin::onSetOnInfoListener : add 5943
D/WVMDrmPlugIn( 3690): WVMDrmPlugin::onTerminate : 5943
I/FFmpegExtractor( 3691): android-source:0xb3c061f0
E/cutils  ( 5703): Failed to mkdir(/mnt/shell/emulated/0): Read-only file system
W/Zygote  ( 5703): Failed to mount emulated storage: 30
I/FFMPEG  ( 3691): Input #0, ogg, from 'android-source:0xb3c061f0':
I/FFMPEG  ( 3691):   Duration: 00:00:00.25, start: 0.000000, bitrate: 188 kb/s
I/FFMPEG  ( 3691):     Stream #0:0: Audio: vorbis, 44100 Hz, mono, fltp, 86 kb/s
I/FFMPEG  ( 3691):     Metadata:
I/FFMPEG  ( 3691):       TITLE           : BeeBeep Alarm
D/FFmpegExtractor( 3691): FFmpegExtrator, url: android-source:0xb3c061f0, format_name: ogg, format_long_name: Ogg
I/FFmpegExtractor( 3691): adjust mime(application/ogg -> audio/vorbis)
D/FFmpegExtractor( 3691): suppoted codec(vorbis) by official Stagefright
D/FFmpegExtractor( 3691): ffmpeg detected media content as 'audio/vorbis' with confidence 0.08
I/ActivityManager( 4117): Start proc com.android.onetimeinitializer for broadcast com.android.onetimeinitializer/.OneTimeInitializerReceiver: pid=5703 uid=10013 gids={50013, 9997} abi=armeabi-v7a
D/MmsSmsDatabaseHelper( 4980): [MmsSmsDb] tableName: threads hasAutoIncrement: CREATE TABLE threads (_id INTEGER PRIMARY KEY AUTOINCREMENT,date INTEGER DEFAULT 0,message_count INTEGER DEFAULT 0,recipient_ids TEXT,snippet TEXT,snippet_cs INTEGER DEFAULT 0,read INTEGER DEFAULT 1,archived INTEGER DEFAULT 0,type INTEGER DEFAULT 0,error INTEGER DEFAULT 0,has_attachment INTEGER DEFAULT 0) result: true
D/MmsSmsDatabaseHelper( 4980): [MmsSmsDb] tableName: canonical_addresses hasAutoIncrement: CREATE TABLE canonical_addresses (_id INTEGER PRIMARY KEY AUTOINCREMENT,address TEXT) result: true
D/MmsSmsDatabaseHelper( 4980): [MmsSmsDb] tableName: part hasAutoIncrement: CREATE TABLE part (_id INTEGER PRIMARY KEY AUTOINCREMENT,mid INTEGER,seq INTEGER DEFAULT 0,ct TEXT,name TEXT,chset INTEGER,cd TEXT,fn TEXT,cid TEXT,cl TEXT,ctt_s INTEGER,ctt_t TEXT,_data TEXT,text TEXT) result: true
D/MmsSmsDatabaseHelper( 4980): [MmsSmsDb] tableName: pdu hasAutoIncrement: CREATE TABLE pdu (_id INTEGER PRIMARY KEY AUTOINCREMENT,thread_id INTEGER,date INTEGER,date_sent INTEGER DEFAULT 0,msg_box INTEGER,read INTEGER DEFAULT 0,m_id TEXT,sub TEXT,sub_cs INTEGER,ct_t TEXT,ct_l TEXT,exp INTEGER,m_cls TEXT,m_type INTEGER,v INTEGER,m_size INTEGER,pri INTEGER,rr INTEGER,rpt_a INTEGER,resp_st INTEGER,st INTEGER,tr_id TEXT,retr_st INTEGER,retr_txt TEXT,retr_txt_cs INTEGER,read_status INTEGER,ct_cls INTEGER,resp_txt TEXT,d_tm INTEGER,d_rpt INTEGER,locked INTEGER DEFAULT 0,phone_id INTEGER DEFAULT -1, seen INTEGER DEFAULT 0,creator TEXT,text_only INTEGER DEFAULT 0) result: true
D/MmsSmsDatabaseHelper( 4980): [getWritableDatabase] hasAutoIncrementThreads: true hasAutoIncrementAddresses: true hasAutoIncrementPart: true hasAutoIncrementPdu: true
D/Mms     ( 5669): cancelNotification
D/WVMDrmPlugIn( 3690): WVMDrmPlugin::onInitialize : 4095
D/WVMDrmPlugIn( 3690): WVMDrmPlugin::onSetOnInfoListener : add 4095
D/Mms     ( 5669): Cursor= >>>>> Dumping cursor android.content.ContentResolver$CursorWrapperInner@1212298c
D/Mms     ( 5669): <<<<<
D/WVMDrmPlugIn( 3690): WVMDrmPlugin::onInitialize : 4191
D/WVMDrmPlugIn( 3690): WVMDrmPlugin::onSetOnInfoListener : add 4191
D/WVMDrmPlugIn( 3690): WVMDrmPlugin::onTerminate : 4191
I/FFmpegExtractor( 3691): android-source:0xb3c06330
D/HeadsetStateMachine( 5360): Disconnected process message: 10, size: 0
I/FFMPEG  ( 3691): Input #0, ogg, from 'android-source:0xb3c06330':
I/FFMPEG  ( 3691):   Duration: 00:00:02.37, start: 0.000000, bitrate: 71 kb/s
I/FFMPEG  ( 3691):     Stream #0:0: Audio: vorbis, 44100 Hz, mono, fltp, 70 kb/s
I/FFMPEG  ( 3691):     Metadata:
I/FFMPEG  ( 3691):       TITLE           : Beep-Beep-Beep Alarm
D/FFmpegExtractor( 3691): FFmpegExtrator, url: android-source:0xb3c06330, format_name: ogg, format_long_name: Ogg
I/FFmpegExtractor( 3691): adjust mime(application/ogg -> audio/vorbis)
D/FFmpegExtractor( 3691): suppoted codec(vorbis) by official Stagefright
D/FFmpegExtractor( 3691): ffmpeg detected media content as 'audio/vorbis' with confidence 0.08
D/Mms     ( 5669): Cursor= >>>>> Dumping cursor android.content.ContentResolver$CursorWrapperInner@28ac88d5
D/Mms     ( 5669): <<<<<
D/Mms     ( 5669): cancelNotification
V/OneTimeInitializerRece( 5703): OneTimeInitializerReceiver.onReceive
I/OneTimeInitializerServ( 5703): Updating to version 1.
D/CMStats ( 5093): Set alarm for first sync.
E/ActivityThread( 5703): Failed to find provider info for com.android.launcher2.settings
D/CMStats ( 5093): Next sync attempt in : 23 hours
D/WVMDrmPlugIn( 3690): WVMDrmPlugin::onInitialize : 4714
D/WVMDrmPlugIn( 3690): WVMDrmPlugin::onSetOnInfoListener : add 4714
D/WVMDrmPlugIn( 3690): WVMDrmPlugin::onTerminate : 4714
I/FFmpegExtractor( 3691): android-source:0xb3c064c0
I/FFMPEG  ( 3691): Input #0, ogg, from 'android-source:0xb3c064c0':
I/FFMPEG  ( 3691):   Duration: 00:00:01.10, start: 0.000000, bitrate: 82 kb/s
I/FFMPEG  ( 3691):     Stream #0:0: Audio: vorbis, 44100 Hz, mono, fltp, 54 kb/s
I/FFMPEG  ( 3691):     Metadata:
I/FFMPEG  ( 3691):       TITLE           : Buzzer Alarm
D/FFmpegExtractor( 3691): FFmpegExtrator, url: android-source:0xb3c064c0, format_name: ogg, format_long_name: Ogg
I/FFmpegExtractor( 3691): adjust mime(application/ogg -> audio/vorbis)
D/FFmpegExtractor( 3691): suppoted codec(vorbis) by official Stagefright
D/FFmpegExtractor( 3691): ffmpeg detected media content as 'audio/vorbis' with confidence 0.08
D/AlertReceiver( 5529): onReceive: a=android.intent.action.BOOT_COMPLETED Intent { act=android.intent.action.BOOT_COMPLETED flg=0x8000010 cmp=com.android.calendar/.alerts.AlertReceiver (has extras) }
D/AlertUtils( 5529): Flushing old alerts from shared prefs table
D/WVMDrmPlugIn( 3690): WVMDrmPlugin::onInitialize : 7189
D/WVMDrmPlugIn( 3690): WVMDrmPlugin::onSetOnInfoListener : add 7189
D/WVMDrmPlugIn( 3690): WVMDrmPlugin::onTerminate : 7189
I/FFmpegExtractor( 3691): android-source:0xb3c06560
I/FFMPEG  ( 3691): Input #0, ogg, from 'android-source:0xb3c06560':
I/FFMPEG  ( 3691):   Duration: 00:00:01.67, start: 0.000000, bitrate: 53 kb/s
I/FFMPEG  ( 3691):     Stream #0:0: Audio: vorbis, 44100 Hz, mono, fltp, 40 kb/s
I/FFMPEG  ( 3691):     Metadata:
I/FFMPEG  ( 3691):       TITLE           : Rooster Alarm
D/FFmpegExtractor( 3691): FFmpegExtrator, url: android-source:0xb3c06560, format_name: ogg, format_long_name: Ogg
I/FFmpegExtractor( 3691): adjust mime(application/ogg -> audio/vorbis)
D/FFmpegExtractor( 3691): suppoted codec(vorbis) by official Stagefright
D/FFmpegExtractor( 3691): ffmpeg detected media content as 'audio/vorbis' with confidence 0.08
E/cutils  ( 5739): Failed to mkdir(/mnt/shell/emulated/0): Read-only file system
W/Zygote  ( 5739): Failed to mount emulated storage: 30
I/ActivityManager( 4117): Start proc com.android.camera2 for broadcast com.android.camera2/com.android.camera.DisableCameraReceiver: pid=5739 uid=10027 gids={50027, 9997, 3003, 1028, 1015} abi=armeabi-v7a
D/AlertService( 5529): 0 Action = android.intent.action.BOOT_COMPLETED
D/AlertService( 5529): Scheduling next alarm with AlarmScheduler. sEventReminderReceived: null
D/AlarmScheduler( 5529): No events found starting within 1 week.
D/WVMDrmPlugIn( 3690): WVMDrmPlugin::onInitialize : 7401
D/WVMDrmPlugIn( 3690): WVMDrmPlugin::onSetOnInfoListener : add 7401
D/WVMDrmPlugIn( 3690): WVMDrmPlugin::onTerminate : 7401
I/FFmpegExtractor( 3691): android-source:0xb3c066a0
I/FFMPEG  ( 3691): Input #0, ogg, from 'android-source:0xb3c066a0':
I/FFMPEG  ( 3691):   Duration: 00:00:07.00, start: 0.000000, bitrate: 133 kb/s
I/FFMPEG  ( 3691):     Stream #0:0: Audio: vorbis, 48000 Hz, mono, fltp, 128 kb/s
I/FFMPEG  ( 3691):     Metadata:
I/FFMPEG  ( 3691):       ANDROID_LOOP    : true
I/FFMPEG  ( 3691):       TITLE           : Argon
D/FFmpegExtractor( 3691): FFmpegExtrator, url: android-source:0xb3c066a0, format_name: ogg, format_long_name: Ogg
I/FFmpegExtractor( 3691): adjust mime(application/ogg -> audio/vorbis)
D/FFmpegExtractor( 3691): suppoted codec(vorbis) by official Stagefright
D/FFmpegExtractor( 3691): ffmpeg detected media content as 'audio/vorbis' with confidence 0.08
D/WVMDrmPlugIn( 3690): WVMDrmPlugin::onInitialize : 5137
D/WVMDrmPlugIn( 3690): WVMDrmPlugin::onSetOnInfoListener : add 5137
D/WVMDrmPlugIn( 3690): WVMDrmPlugin::onTerminate : 5137
I/FFmpegExtractor( 3691): android-source:0xb3c06880
I/FFMPEG  ( 3691): Input #0, ogg, from 'android-source:0xb3c06880':
I/FFMPEG  ( 3691):   Duration: 00:00:01.95, start: 0.000000, bitrate: 211 kb/s
I/FFMPEG  ( 3691):     Stream #0:0: Audio: vorbis, 44100 Hz, stereo, fltp, 256 kb/s
I/FFMPEG  ( 3691):     Metadata:
I/FFMPEG  ( 3691):       ANDROID_LOOP    : true
I/FFMPEG  ( 3691):       TITLE           : Barium
D/FFmpegExtractor( 3691): FFmpegExtrator, url: android-source:0xb3c06880, format_name: ogg, format_long_name: Ogg
I/FFmpegExtractor( 3691): adjust mime(application/ogg -> audio/vorbis)
D/FFmpegExtractor( 3691): suppoted codec(vorbis) by official Stagefright
D/FFmpegExtractor( 3691): ffmpeg detected media content as 'audio/vorbis' with confidence 0.08
E/cutils  ( 3672): Failed to mkdirat(/mnt/shell/emulated/0): Read-only file system
W/Vold    ( 3672): Returning OperationFailed - no handler for errno 30
W/ContextImpl( 5739): Failed to ensure directory: /storage/emulated/0/Android/data/com.android.camera2/cache
E/Vold    ( 3672): Failed to find mounted volume for /storage/extSdCard/Android/data/com.android.camera2/cache/
W/Vold    ( 3672): Returning OperationFailed - no handler for errno 0
W/ContextImpl( 5739): Failed to ensure directory: /storage/extSdCard/Android/data/com.android.camera2/cache
E/cutils  ( 3672): Failed to mkdirat(/mnt/shell/emulated/0): Read-only file system
W/Vold    ( 3672): Returning OperationFailed - no handler for errno 30
W/ContextImpl( 5739): Failed to ensure directory: /storage/emulated/0/Android/data/com.android.camera2/files
E/Vold    ( 3672): Failed to find mounted volume for /storage/extSdCard/Android/data/com.android.camera2/files/
W/Vold    ( 3672): Returning OperationFailed - no handler for errno 0
W/ContextImpl( 5739): Failed to ensure directory: /storage/extSdCard/Android/data/com.android.camera2/files
D/WVMDrmPlugIn( 3690): WVMDrmPlugin::onInitialize : 7833
D/WVMDrmPlugIn( 3690): WVMDrmPlugin::onSetOnInfoListener : add 7833
D/WVMDrmPlugIn( 3690): WVMDrmPlugin::onTerminate : 7833
I/CAM_DisableCamRcver( 5739): number of camera: 0
I/CAM_DisableCamRcver( 5739): disable all camera activities
I/FFmpegExtractor( 3691): android-source:0xb3c069c0
I/FFMPEG  ( 3691): Input #0, ogg, from 'android-source:0xb3c069c0':
I/FFMPEG  ( 3691):   Duration: 00:00:05.95, start: 0.000000, bitrate: 131 kb/s
I/FFMPEG  ( 3691):     Stream #0:0: Audio: vorbis, 48000 Hz, mono, fltp, 128 kb/s
I/FFMPEG  ( 3691):     Metadata:
I/FFMPEG  ( 3691):       ANDROID_LOOP    : true
I/FFMPEG  ( 3691):       TITLE           : Carbon
D/FFmpegExtractor( 3691): FFmpegExtrator, url: android-source:0xb3c069c0, format_name: ogg, format_long_name: Ogg
I/FFmpegExtractor( 3691): adjust mime(application/ogg -> audio/vorbis)
D/FFmpegExtractor( 3691): suppoted codec(vorbis) by official Stagefright
D/FFmpegExtractor( 3691): ffmpeg detected media content as 'audio/vorbis' with confidence 0.08
D/EmailBroadcastReceiver( 4935): Received android.intent.action.BOOT_COMPLETED
D/WVMDrmPlugIn( 3690): WVMDrmPlugin::onInitialize : 4831
D/WVMDrmPlugIn( 3690): WVMDrmPlugin::onSetOnInfoListener : add 4831
D/WVMDrmPlugIn( 3690): WVMDrmPlugin::onTerminate : 4831
I/FFmpegExtractor( 3691): android-source:0xb3c06b00
I/FFMPEG  ( 3691): Input #0, ogg, from 'android-source:0xb3c06b00':
I/FFMPEG  ( 3691):   Duration: 00:00:01.85, start: 0.000000, bitrate: 447 kb/s
I/FFMPEG  ( 3691):     Stream #0:0: Audio: vorbis, 44100 Hz, stereo, fltp, 450 kb/s
I/FFMPEG  ( 3691):     Metadata:
I/FFMPEG  ( 3691):       ENCODER         : FL Studio
D/FFmpegExtractor( 3691): FFmpegExtrator, url: android-source:0xb3c06b00, format_name: ogg, format_long_name: Ogg
I/FFmpegExtractor( 3691): adjust mime(application/ogg -> audio/vorbis)
D/FFmpegExtractor( 3691): suppoted codec(vorbis) by official Stagefright
D/FFmpegExtractor( 3691): ffmpeg detected media content as 'audio/vorbis' with confidence 0.08
E/cutils  ( 5764): Failed to mkdir(/mnt/shell/emulated/0): Read-only file system
W/Zygote  ( 5764): Failed to mount emulated storage: 30
I/ActivityManager( 4117): Start proc com.android.gallery3d for broadcast com.android.gallery3d/com.android.camera.DisableCameraReceiver: pid=5764 uid=10036 gids={50036, 9997, 3003, 1028, 1015, 1023, 3002} abi=armeabi-v7a
I/Email   ( 4935): Onetime initialization: 1
I/Email   ( 4935): Onetime initialization: 2
I/Email   ( 4935): Onetime initialization: completed.
D/WVMDrmPlugIn( 3690): WVMDrmPlugin::onInitialize : 7873
D/WVMDrmPlugIn( 3690): WVMDrmPlugin::onSetOnInfoListener : add 7873
D/WVMDrmPlugIn( 3690): WVMDrmPlugin::onTerminate : 7873
I/FFmpegExtractor( 3691): android-source:0xb3c06b00
I/FFMPEG  ( 3691): Input #0, ogg, from 'android-source:0xb3c06b00':
I/FFMPEG  ( 3691):   Duration: 00:00:07.00, start: 0.000000, bitrate: 133 kb/s
I/FFMPEG  ( 3691):     Stream #0:0: Audio: vorbis, 48000 Hz, mono, fltp, 128 kb/s
I/FFMPEG  ( 3691):     Metadata:
I/FFMPEG  ( 3691):       ANDROID_LOOP    : true
I/FFMPEG  ( 3691):       TITLE           : Fermium
D/FFmpegExtractor( 3691): FFmpegExtrator, url: android-source:0xb3c06b00, format_name: ogg, format_long_name: Ogg
I/FFmpegExtractor( 3691): adjust mime(application/ogg -> audio/vorbis)
D/FFmpegExtractor( 3691): suppoted codec(vorbis) by official Stagefright
D/FFmpegExtractor( 3691): ffmpeg detected media content as 'audio/vorbis' with confidence 0.08
D/WVMDrmPlugIn( 3690): WVMDrmPlugin::onInitialize : 5273
D/WVMDrmPlugIn( 3690): WVMDrmPlugin::onSetOnInfoListener : add 5273
D/WVMDrmPlugIn( 3690): WVMDrmPlugin::onTerminate : 5273
I/FFmpegExtractor( 3691): android-source:0xb3c06c40
I/FFMPEG  ( 3691): Input #0, ogg, from 'android-source:0xb3c06c40':
I/FFMPEG  ( 3691):   Duration: 00:00:08.83, start: 0.000000, bitrate: 133 kb/s
I/FFMPEG  ( 3691):     Stream #0:0: Audio: vorbis, 48000 Hz, mono, fltp, 128 kb/s
I/FFMPEG  ( 3691):     Metadata:
I/FFMPEG  ( 3691):       ANDROID_LOOP    : true
I/FFMPEG  ( 3691):       TITLE           : Helium
D/FFmpegExtractor( 3691): FFmpegExtrator, url: android-source:0xb3c06c40, format_name: ogg, format_long_name: Ogg
I/FFmpegExtractor( 3691): adjust mime(application/ogg -> audio/vorbis)
D/FFmpegExtractor( 3691): suppoted codec(vorbis) by official Stagefright
D/FFmpegExtractor( 3691): ffmpeg detected media content as 'audio/vorbis' with confidence 0.08
D/bt_vendor( 5360): op for 7
I/art     ( 4117): Explicit concurrent mark sweep GC freed 28240(2MB) AllocSpace objects, 32(1232KB) LOS objects, 33% free, 22MB/33MB, paused 1.778ms total 54.088ms
E/ActivityThread( 4935): Service com.android.email.service.EmailBroadcastProcessorService has leaked ServiceConnection com.android.emailcommon.service.ServiceProxy$ProxyConnection@1cb9dd51 that was originally bound here
E/ActivityThread( 4935): android.app.ServiceConnectionLeaked: Service com.android.email.service.EmailBroadcastProcessorService has leaked ServiceConnection com.android.emailcommon.service.ServiceProxy$ProxyConnection@1cb9dd51 that was originally bound here
E/ActivityThread( 4935): 	at android.app.LoadedApk$ServiceDispatcher.<init>(LoadedApk.java:1073)
E/ActivityThread( 4935): 	at android.app.LoadedApk.getServiceDispatcher(LoadedApk.java:967)
E/ActivityThread( 4935): 	at android.app.ContextImpl.bindServiceCommon(ContextImpl.java:1808)
E/ActivityThread( 4935): 	at android.app.ContextImpl.bindService(ContextImpl.java:1791)
E/ActivityThread( 4935): 	at android.content.ContextWrapper.bindService(ContextWrapper.java:544)
E/ActivityThread( 4935): 	at com.android.emailcommon.service.ServiceProxy.setTask(ServiceProxy.java:184)
E/ActivityThread( 4935): 	at com.android.emailcommon.service.ServiceProxy.test(ServiceProxy.java:229)
E/ActivityThread( 4935): 	at com.android.email.service.EmailServiceUtils.isServiceAvailable(EmailServiceUtils.java:160)
E/ActivityThread( 4935): 	at com.android.email.provider.AccountReconciler.reconcileAccountsInternal(AccountReconciler.java:164)
E/ActivityThread( 4935): 	at com.android.email.provider.AccountReconciler.reconcileAccounts(AccountReconciler.java:113)
E/ActivityThread( 4935): 	at com.android.email.service.EmailBroadcastProcessorService.reconcileAndStartServices(EmailBroadcastProcessorService.java:305)
E/ActivityThread( 4935): 	at com.android.email.service.EmailBroadcastProcessorService.onBootCompleted(EmailBroadcastProcessorService.java:295)
E/ActivityThread( 4935): 	at com.android.email.service.EmailBroadcastProcessorService.onHandleIntent(EmailBroadcastProcessorService.java:130)
E/ActivityThread( 4935): 	at android.app.IntentService$ServiceHandler.handleMessage(IntentService.java:65)
E/ActivityThread( 4935): 	at android.os.Handler.dispatchMessage(Handler.java:102)
E/ActivityThread( 4935): 	at android.os.Looper.loop(Looper.java:135)
E/ActivityThread( 4935): 	at android.os.HandlerThread.run(HandlerThread.java:61)
I/Exchange( 4912): PSS has no active accounts; stopping service.
D/WVMDrmPlugIn( 3690): WVMDrmPlugin::onInitialize : 5544
D/WVMDrmPlugIn( 3690): WVMDrmPlugin::onSetOnInfoListener : add 5544
D/WVMDrmPlugIn( 3690): WVMDrmPlugin::onTerminate : 5544
I/FFmpegExtractor( 3691): android-source:0xb3c06d80
I/FFMPEG  ( 3691): Input #0, ogg, from 'android-source:0xb3c06d80':
I/FFMPEG  ( 3691):   Duration: 00:00:02.11, start: 0.000000, bitrate: 61 kb/s
I/FFMPEG  ( 3691):     Stream #0:0: Audio: vorbis, 44100 Hz, mono, fltp, 54 kb/s
I/FFMPEG  ( 3691):     Metadata:
I/FFMPEG  ( 3691):       TITLE           : Piezo Alarm
D/FFmpegExtractor( 3691): FFmpegExtrator, url: android-source:0xb3c06d80, format_name: ogg, format_long_name: Ogg
I/FFmpegExtractor( 3691): adjust mime(application/ogg -> audio/vorbis)
D/FFmpegExtractor( 3691): suppoted codec(vorbis) by official Stagefright
D/FFmpegExtractor( 3691): ffmpeg detected media content as 'audio/vorbis' with confidence 0.08
I/G:DisableCameraReceiver( 5764): no back camera
I/G:DisableCameraReceiver( 5764): disable all camera activities
E/MetadataRetrieverClient( 3691): failed to extract an album art
I/CalendarProvider2( 5618): Sending notification intent: Intent { act=android.intent.action.PROVIDER_CHANGED dat=content://com.android.calendar }
W/ContentResolver( 5618): Failed to get type for: content://com.android.calendar (Unknown URL content://com.android.calendar)
I/ActivityManager( 4117): Killing 4798:com.cyanogenmod.lockclock/u0a42 (adj 15): empty #17
W/BackupManagerService( 4117): dataChanged but no participant pkg='com.android.providers.settings' uid=10009
W/libprocessgroup( 4117): failed to open /acct/uid_10042/pid_4798/cgroup.procs: No such file or directory
W/BackupManagerService( 4117): dataChanged but no participant pkg='com.android.providers.settings' uid=10036
D/WVMDrmPlugIn( 3690): WVMDrmPlugin::onInitialize : 8135
D/WVMDrmPlugIn( 3690): WVMDrmPlugin::onSetOnInfoListener : add 8135
D/WVMDrmPlugIn( 3690): WVMDrmPlugin::onTerminate : 8135
I/FFmpegExtractor( 3691): android-source:0xb3c069c0
W/BackupManagerService( 4117): dataChanged but no participant pkg='com.android.providers.settings' uid=10036
I/FFMPEG  ( 3691): Input #0, ogg, from 'android-source:0xb3c069c0':
I/FFMPEG  ( 3691):   Duration: 00:00:04.96, start: 0.000000, bitrate: 166 kb/s
I/FFMPEG  ( 3691):     Stream #0:0: Audio: vorbis, 44100 Hz, stereo, fltp, 256 kb/s
I/FFMPEG  ( 3691):     Metadata:
I/FFMPEG  ( 3691):       ANDROID_LOOP    : true
I/FFMPEG  ( 3691):       TITLE           : Krypton
D/FFmpegExtractor( 3691): FFmpegExtrator, url: android-source:0xb3c069c0, format_name: ogg, format_long_name: Ogg
I/FFmpegExtractor( 3691): adjust mime(application/ogg -> audio/vorbis)
D/FFmpegExtractor( 3691): suppoted codec(vorbis) by official Stagefright
D/FFmpegExtractor( 3691): ffmpeg detected media content as 'audio/vorbis' with confidence 0.08
W/BackupManagerService( 4117): dataChanged but no participant pkg='com.android.providers.settings' uid=10036
I/ActivityManager( 4117): Killing 5247:com.cyanogenmod.eleven/u0a32 (adj 15): empty #17
D/WVMDrmPlugIn( 3690): WVMDrmPlugin::onInitialize : 4731
D/WVMDrmPlugIn( 3690): WVMDrmPlugin::onSetOnInfoListener : add 4731
D/WVMDrmPlugIn( 3690): WVMDrmPlugin::onTerminate : 4731
I/FFmpegExtractor( 3691): android-source:0xb3c068d0
I/FFMPEG  ( 3691): Input #0, ogg, from 'android-source:0xb3c068d0':
I/FFMPEG  ( 3691):   Duration: 00:00:20.40, start: 0.000000, bitrate: 69 kb/s
I/FFMPEG  ( 3691):     Stream #0:0: Audio: vorbis, 44100 Hz, stereo, fltp, 112 kb/s
I/FFMPEG  ( 3691):     Metadata:
I/FFMPEG  ( 3691):       ANDROID_LOOP    : true
I/FFMPEG  ( 3691):       TITLE           : Neon
D/FFmpegExtractor( 3691): FFmpegExtrator, url: android-source:0xb3c068d0, format_name: ogg, format_long_name: Ogg
I/FFmpegExtractor( 3691): adjust mime(application/ogg -> audio/vorbis)
D/FFmpegExtractor( 3691): suppoted codec(vorbis) by official Stagefright
D/FFmpegExtractor( 3691): ffmpeg detected media content as 'audio/vorbis' with confidence 0.08
D/WVMDrmPlugIn( 3690): WVMDrmPlugin::onInitialize : 6894
D/WVMDrmPlugIn( 3690): WVMDrmPlugin::onSetOnInfoListener : add 6894
D/WVMDrmPlugIn( 3690): WVMDrmPlugin::onTerminate : 6894
I/FFmpegExtractor( 3691): android-source:0xb3c06650
I/FFMPEG  ( 3691): Input #0, ogg, from 'android-source:0xb3c06650':
I/FFMPEG  ( 3691):   Duration: 00:00:20.40, start: 0.000000, bitrate: 69 kb/s
I/FFMPEG  ( 3691):     Stream #0:0: Audio: vorbis, 44100 Hz, stereo, fltp, 112 kb/s
I/FFMPEG  ( 3691):     Metadata:
I/FFMPEG  ( 3691):       ANDROID_LOOP    : true
I/FFMPEG  ( 3691):       TITLE           : Nobelium
D/FFmpegExtractor( 3691): FFmpegExtrator, url: android-source:0xb3c06650, format_name: ogg, format_long_name: Ogg
I/FFmpegExtractor( 3691): adjust mime(application/ogg -> audio/vorbis)
D/FFmpegExtractor( 3691): suppoted codec(vorbis) by official Stagefright
D/FFmpegExtractor( 3691): ffmpeg detected media content as 'audio/vorbis' with confidence 0.08
W/art     ( 4117): Long monitor contention event with owner method=void com.android.server.am.BroadcastQueue.processNextBroadcast(boolean) from BroadcastQueue.java:553 waiters=0 for 108ms
I/SystemBroadcastReceiver( 4743): Boot has been completed
W/libprocessgroup( 4117): failed to open /acct/uid_10032/pid_5247/cgroup.procs: No such file or directory
I/ActivityManager( 4117): Killing 5407:com.android.deskclock/u0a30 (adj 15): empty #17
I/LauncherIconVisibilityManager( 4743): Disable activity: ComponentInfo{com.android.inputmethod.latin/com.android.inputmethod.latin.setup.SetupActivity}
D/WVMDrmPlugIn( 3690): WVMDrmPlugin::onInitialize : 4232
D/WVMDrmPlugIn( 3690): WVMDrmPlugin::onSetOnInfoListener : add 4232
D/WVMDrmPlugIn( 3690): WVMDrmPlugin::onTerminate : 4232
I/FFmpegExtractor( 3691): android-source:0xb6055dd0
I/FFMPEG  ( 3691): Input #0, ogg, from 'android-source:0xb6055dd0':
I/FFMPEG  ( 3691):   Duration: 00:00:01.50, start: 0.000000, bitrate: 348 kb/s
I/FFMPEG  ( 3691):     Stream #0:0: Audio: vorbis, 44100 Hz, stereo, fltp, 320 kb/s
I/FFMPEG  ( 3691):     Metadata:
I/FFMPEG  ( 3691):       ENCODER         : FL Studio
I/FFMPEG  ( 3691):       TITLE           : Nuclear Launch
D/FFmpegExtractor( 3691): FFmpegExtrator, url: android-source:0xb6055dd0, format_name: ogg, format_long_name: Ogg
I/FFmpegExtractor( 3691): adjust mime(application/ogg -> audio/vorbis)
D/FFmpegExtractor( 3691): suppoted codec(vorbis) by official Stagefright
D/FFmpegExtractor( 3691): ffmpeg detected media content as 'audio/vorbis' with confidence 0.08
D/WVMDrmPlugIn( 3690): WVMDrmPlugin::onInitialize : 7915
D/WVMDrmPlugIn( 3690): WVMDrmPlugin::onSetOnInfoListener : add 7915
D/WVMDrmPlugIn( 3690): WVMDrmPlugin::onTerminate : 7915
I/FFmpegExtractor( 3691): android-source:0xb6055f10
I/FFMPEG  ( 3691): Input #0, ogg, from 'android-source:0xb6055f10':
I/FFMPEG  ( 3691):   Duration: 00:00:02.45, start: 0.000000, bitrate: 138 kb/s
I/FFMPEG  ( 3691):     Stream #0:0: Audio: vorbis, 48000 Hz, mono, fltp, 128 kb/s
I/FFMPEG  ( 3691):     Metadata:
I/FFMPEG  ( 3691):       ANDROID_LOOP    : true
I/FFMPEG  ( 3691):       TITLE           : Osmium
D/FFmpegExtractor( 3691): FFmpegExtrator, url: android-source:0xb6055f10, format_name: ogg, format_long_name: Ogg
I/FFmpegExtractor( 3691): adjust mime(application/ogg -> audio/vorbis)
D/FFmpegExtractor( 3691): suppoted codec(vorbis) by official Stagefright
D/FFmpegExtractor( 3691): ffmpeg detected media content as 'audio/vorbis' with confidence 0.08
D/WVMDrmPlugIn( 3690): WVMDrmPlugin::onInitialize : 5885
D/WVMDrmPlugIn( 3690): WVMDrmPlugin::onSetOnInfoListener : add 5885
W/libprocessgroup( 4117): failed to open /acct/uid_10030/pid_5407/cgroup.procs: No such file or directory
D/WVMDrmPlugIn( 3690): WVMDrmPlugin::onTerminate : 5885
I/FFmpegExtractor( 3691): android-source:0xb45a10b0
I/FFMPEG  ( 3691): Input #0, ogg, from 'android-source:0xb45a10b0':
I/FFMPEG  ( 3691):   Duration: 00:00:02.07, start: 0.000000, bitrate: 104 kb/s
I/FFMPEG  ( 3691):     Stream #0:0: Audio: vorbis, 44100 Hz, stereo, fltp, 256 kb/s
I/FFMPEG  ( 3691):     Metadata:
I/FFMPEG  ( 3691):       ANDROID_LOOP    : true
I/FFMPEG  ( 3691):       TITLE           : Oxygen
D/FFmpegExtractor( 3691): FFmpegExtrator, url: android-source:0xb45a10b0, format_name: ogg, format_long_name: Ogg
I/FFmpegExtractor( 3691): adjust mime(application/ogg -> audio/vorbis)
D/FFmpegExtractor( 3691): suppoted codec(vorbis) by official Stagefright
D/FFmpegExtractor( 3691): ffmpeg detected media content as 'audio/vorbis' with confidence 0.08
E/cutils  ( 5799): Failed to mkdir(/mnt/shell/emulated/0): Read-only file system
W/Zygote  ( 5799): Failed to mount emulated storage: 30
I/ActivityManager( 4117): Start proc com.cyanogenmod.lockclock for broadcast com.cyanogenmod.lockclock/.ClockWidgetProvider: pid=5799 uid=10042 gids={50042, 9997, 3003} abi=armeabi-v7a
D/WVMDrmPlugIn( 3690): WVMDrmPlugin::onInitialize : 5376
D/WVMDrmPlugIn( 3690): WVMDrmPlugin::onSetOnInfoListener : add 5376
D/WVMDrmPlugIn( 3690): WVMDrmPlugin::onTerminate : 5376
I/FFmpegExtractor( 3691): android-source:0xb45a11f0
I/FFMPEG  ( 3691): Input #0, ogg, from 'android-source:0xb45a11f0':
I/FFMPEG  ( 3691):   Duration: 00:00:06.71, start: 0.000000, bitrate: 134 kb/s
I/FFMPEG  ( 3691):     Stream #0:0: Audio: vorbis, 48000 Hz, mono, fltp, 128 kb/s
I/FFMPEG  ( 3691):     Metadata:
I/FFMPEG  ( 3691):       ANDROID_LOOP    : true
I/FFMPEG  ( 3691):       TITLE           : Platinum
D/FFmpegExtractor( 3691): FFmpegExtrator, url: android-source:0xb45a11f0, format_name: ogg, format_long_name: Ogg
I/FFmpegExtractor( 3691): adjust mime(application/ogg -> audio/vorbis)
D/FFmpegExtractor( 3691): suppoted codec(vorbis) by official Stagefright
D/FFmpegExtractor( 3691): ffmpeg detected media content as 'audio/vorbis' with confidence 0.08
W/BluetoothAdapterState( 5360): Timeout will setting scan mode..Continuing with disable...
D/BluetoothAdapterState( 5360): CURRENT_STATE=PENDING, MESSAGE = BEGIN_DISABLE, isTurningOn=false, isTurningOff=true
E/bt-btif ( 5360): cmd socket is not created
D/btif_config_util( 5360): btif_config_save_file(L188): in file name:/data/misc/bluedroid/bt_config.new
W/bt-l2cap( 5360): L2CAP - L2CA_Deregister() called for PSM: 0x000f
W/bt-btif ( 5360): bta_dm_disable BTA_DISABLE_DELAY set to 200 ms
D/bt_vendor( 5360): op for 7
D/bt-btif ( 5360): AG evt (hdl 0x0001): State 0, Event 0x0501
D/bt-btif ( 5360): AV Sevent(0x41)=0x120a(API_CLOSE) state=0(INIT)
D/bt-btif ( 5360): AV Sevent(0x41)=0x120a(API_CLOSE) state=0(INIT)
E/bt-btif ( 5360): btif_hf_upstreams_evt: Invalid index 513
W/bt-l2cap( 5360): L2CAP - L2CA_Deregister() called for PSM: 0x0019
W/bt-l2cap( 5360): L2CAP - L2CA_Deregister() called for PSM: 0x0017
W/bt-l2cap( 5360): L2CAP - L2CA_Deregister() called for PSM: 0x0019
W/bt-l2cap( 5360): L2CAP - PSM: 0x0019 not found for deregistration
W/bt-l2cap( 5360): L2CAP - L2CA_Deregister() called for PSM: 0x0017
W/bt-l2cap( 5360): L2CAP - PSM: 0x0017 not found for deregistration
W/bt-l2cap( 5360): L2CAP - L2CA_Deregister() called for PSM: 0x0011
W/bt-l2cap( 5360): L2CAP - L2CA_Deregister() called for PSM: 0x0013
E/bt-btif ( 5360): bta_gattc_deregister Deregister Failedm unknown client cif
D/bt_vendor( 5360): op for 7
D/bt_upio ( 5360): BT_WAKE is asserted already
D/bt_vendor( 5360): op for 7
D/bt_upio ( 5360): BT_WAKE is asserted already
D/bt_vendor( 5360): op for 7
D/bt_upio ( 5360): BT_WAKE is asserted already
D/bt_vendor( 5360): op for 7
D/bt_upio ( 5360): BT_WAKE is asserted already
D/bt_vendor( 5360): op for 7
D/bt_upio ( 5360): BT_WAKE is asserted already
D/bt_vendor( 5360): op for 7
D/bt_upio ( 5360): BT_WAKE is asserted already
D/bt_vendor( 5360): op for 7
D/bt_upio ( 5360): BT_WAKE is asserted already
D/bt_vendor( 5360): op for 7
D/bt_upio ( 5360): BT_WAKE is asserted already
D/bt_vendor( 5360): op for 7
D/bt_upio ( 5360): BT_WAKE is asserted already
D/bt_vendor( 5360): op for 7
D/bt_upio ( 5360): BT_WAKE is asserted already
D/bt_vendor( 5360): op for 7
D/bt_upio ( 5360): BT_WAKE is asserted already
D/WeatherUpdateService( 5799): Service started, but shouldn't update ... stopping
I/ActivityManager( 4117): Killing 5386:com.android.keychain/1000 (adj 15): empty #17
D/WVMDrmPlugIn( 3690): WVMDrmPlugin::onInitialize : 7486
D/WVMDrmPlugIn( 3690): WVMDrmPlugin::onSetOnInfoListener : add 7486
E/ELEVEN  ( 5270): calling refresh!
D/WVMDrmPlugIn( 3690): WVMDrmPlugin::onTerminate : 7486
I/FFmpegExtractor( 3691): android-source:0xb45a1330
I/FFMPEG  ( 3691): Input #0, ogg, from 'android-source:0xb45a1330':
I/FFMPEG  ( 3691):   Duration: 00:00:03.94, start: 0.000000, bitrate: 97 kb/s
I/FFMPEG  ( 3691):     Stream #0:0: Audio: vorbis, 44100 Hz, stereo, fltp, 256 kb/s
I/FFMPEG  ( 3691):     Metadata:
I/FFMPEG  ( 3691):       ANDROID_LOOP    : true
I/FFMPEG  ( 3691):       TITLE           : Scandium
D/FFmpegExtractor( 3691): FFmpegExtrator, url: android-source:0xb45a1330, format_name: ogg, format_long_name: Ogg
I/FFmpegExtractor( 3691): adjust mime(application/ogg -> audio/vorbis)
D/FFmpegExtractor( 3691): suppoted codec(vorbis) by official Stagefright
D/FFmpegExtractor( 3691): ffmpeg detected media content as 'audio/vorbis' with confidence 0.08
W/bt-btif ( 5360): ag scb idx 1 not allocated
E/bt-btif ( 5360): BTA AG is already disabled, ignoring ...
W/bt-l2cap( 5360): L2CAP - L2CA_Deregister() called for PSM: 0x0019
D/bt_vendor( 5360): op for 6
W/bt-l2cap( 5360): L2CAP - PSM: 0x0019 not found for deregistration
W/bt-l2cap( 5360): L2CAP - L2CA_Deregister() called for PSM: 0x0017
W/bt-l2cap( 5360): L2CAP - PSM: 0x0017 not found for deregistration
D/bt_vendor( 5360): op for 7
W/bt-l2cap( 5360): L2CAP - L2CA_Deregister() called for PSM: 0x0019
D/bt_upio ( 5360): BT_WAKE is asserted already
W/bt-l2cap( 5360): L2CAP - PSM: 0x0019 not found for deregistration
W/bt-l2cap( 5360): L2CAP - L2CA_Deregister() called for PSM: 0x0017
W/bt-l2cap( 5360): L2CAP - PSM: 0x0017 not found for deregistration
W/bt-l2cap( 5360): L2CAP - L2CA_Deregister() called for PSM: 0x0019
W/bt-l2cap( 5360): L2CAP - PSM: 0x0019 not found for deregistration
D/bt_userial( 5360): RX termination
W/bt-l2cap( 5360): L2CAP - L2CA_Deregister() called for PSM: 0x0017
W/bt-l2cap( 5360): L2CAP - PSM: 0x0017 not found for deregistration
W/bt_userial( 5360): select_read return size <=0:-1, exiting userial_read_thread
D/bt_userial( 5360): Leaving userial_read_thread()
E/bt-btif ( 5360): bta_gattc_deregister Deregister Failedm unknown client cif
D/bt_userial( 5360): userial_close_reader Joined userial reader thread: 0
D/bt_vendor( 5360): op for 9
D/bt_hwcfg( 5360): hw_epilog_process
D/bt_vendor( 5360): op for 4
I/bt_userial_vendor( 5360): device fd = 56 close
D/bt_vendor( 5360): op for 0
D/bt_upio ( 5360): upio_set_bluetooth_power(on: 0)
D/bt_upio ( 5360): is_emulator_context : 0
D/bt_upio ( 5360): is_rfkill_disabled ? [0]
D/bt_vendor( 5360): cleanup
I/GKI_LINUX( 5360): gki_task task_id=0 [BTU] terminating
I/GKI_LINUX( 5360): GKI_exit_task 0 done
I/GKI_LINUX( 5360): GKI_shutdown(): task [BTU] terminated
D/BluetoothAdapterState( 5360): CURRENT_STATE=PENDING, MESSAGE = DISABLED, isTurningOn=false, isTurningOff=true
D/BluetoothAdapterService( 5360): mProfilesStarted : true supportedProfileServices.length : 8
D/WVMDrmPlugIn( 3690): WVMDrmPlugin::onInitialize : 4519
D/WVMDrmPlugIn( 3690): WVMDrmPlugin::onSetOnInfoListener : add 4519
D/WVMDrmPlugIn( 3690): WVMDrmPlugin::onTerminate : 4519
I/FFmpegExtractor( 3691): android-source:0xb45a1470
I/FFMPEG  ( 3691): Input #0, ogg, from 'android-source:0xb45a1470':
I/FFMPEG  ( 3691):   Duration: 00:00:00.60, start: 0.000000, bitrate: 138 kb/s
I/FFMPEG  ( 3691):     Stream #0:0: Audio: vorbis, 44100 Hz, stereo, fltp, 112 kb/s
I/FFMPEG  ( 3691):     Metadata:
I/FFMPEG  ( 3691):       TITLE           : Adara
D/FFmpegExtractor( 3691): FFmpegExtrator, url: android-source:0xb45a1470, format_name: ogg, format_long_name: Ogg
I/FFmpegExtractor( 3691): adjust mime(application/ogg -> audio/vorbis)
D/FFmpegExtractor( 3691): suppoted codec(vorbis) by official Stagefright
D/FFmpegExtractor( 3691): ffmpeg detected media content as 'audio/vorbis' with confidence 0.08
W/art     ( 4117): Long monitor contention event with owner method=void com.android.server.am.ActivityManagerService.serviceDoneExecuting(android.os.IBinder, int, int, int) from ActivityManagerService.java:15134 waiters=0 for 107ms
W/libprocessgroup( 4117): failed to open /acct/uid_1000/pid_5386/cgroup.procs: No such file or directory
D/HeadsetService( 5360): Received stop request...Stopping profile...
E/cutils  ( 5826): Failed to mkdir(/mnt/shell/emulated/0): Read-only file system
W/Zygote  ( 5826): Failed to mount emulated storage: 30
I/ActivityManager( 4117): Start proc org.whispersystems.whisperpush for broadcast org.whispersystems.whisperpush/.service.DirectoryRefreshListener: pid=5826 uid=10056 gids={50056, 9997, 3003} abi=armeabi-v7a
D/BluetoothAdapterService( 5360): getAdapterService() - returning com.android.bluetooth.btservice.AdapterService@bfca4ad
D/HeadsetStateMachine( 5360): Exit Disconnected: -1
D/BluetoothHeadset( 5070): Proxy object disconnected
I/art     ( 3700): Explicit concurrent mark sweep GC freed 706(30KB) AllocSpace objects, 0(0B) LOS objects, 39% free, 15MB/25MB, paused 237us total 16.447ms
D/BluetoothHeadset( 4117): Proxy object disconnected
D/AudioService( 4117): onServiceDisconnected: Bluetooth profile: 1
D/A2dpService( 5360): Received stop request...Stopping profile...
D/BluetoothAdapterService( 5360): getAdapterService() - returning com.android.bluetooth.btservice.AdapterService@bfca4ad
D/BluetoothA2dp( 4117): Proxy object disconnected
D/AudioService( 4117): onServiceDisconnected: Bluetooth profile: 2
D/BluetoothAdapterState( 5360): Stopping profile services that were post enabled
W/BluetoothHeadsetServiceJni( 5360): Cleaning up Bluetooth Handsfree Interface...
W/BluetoothHeadsetServiceJni( 5360): Cleaning up Bluetooth Handsfree callback object
D/HidService( 5360): Received stop request...Stopping profile...
D/BluetoothAdapterService( 5360): getAdapterService() - returning com.android.bluetooth.btservice.AdapterService@bfca4ad
D/A2dpStateMachine( 5360): Exit Disconnected: -1
I/art     ( 3700): Explicit concurrent mark sweep GC freed 5(160B) AllocSpace objects, 0(0B) LOS objects, 39% free, 15MB/25MB, paused 281us total 12.307ms
D/BluetoothHeadset( 5070): Proxy object disconnected
D/BluetoothInputDevice( 5093): Proxy object disconnected
D/HealthService( 5360): Received stop request...Stopping profile...
D/HidProfile( 5093): Bluetooth service disconnected
D/BluetoothHeadset( 4980): Proxy object disconnected
D/BluetoothAdapterService( 5360): getAdapterService() - returning com.android.bluetooth.btservice.AdapterService@bfca4ad
D/PanService( 5360): Received stop request...Stopping profile...
D/BluetoothAdapterService( 5360): getAdapterService() - returning com.android.bluetooth.btservice.AdapterService@bfca4ad
D/BluetoothPan( 5093): BluetoothPAN Proxy object disconnected
D/PanProfile( 5093): Bluetooth service disconnected
D/BtGatt.DebugUtils( 5360): handleDebugAction() action=null
D/BtGatt.GattService( 5360): Received stop request...Stopping profile...
D/BtGatt.GattService( 5360): stop()
D/BtGatt.AdvertiseManager( 5360): advertise clients cleared
D/BluetoothAdapterService( 5360): getAdapterService() - returning com.android.bluetooth.btservice.AdapterService@bfca4ad
I/GKI_LINUX( 5360): gki_task task_id=2 [A2DP-MEDIA] terminating
I/GKI_LINUX( 5360): GKI_exit_task 2 done
I/GKI_LINUX( 5360): GKI_shutdown(): task [A2DP-MEDIA] terminated
D/BluetoothMapService( 5360): Received stop request...Stopping profile...
D/BluetoothMapService( 5360): stop()
D/BluetoothMapService( 5360): MAP Service closeService in
D/BluetoothMapService( 5360): MAP Service closeService in
D/BluetoothMapService( 5360): Unregistering Email account observer
I/art     ( 3700): Explicit concurrent mark sweep GC freed 5(160B) AllocSpace objects, 0(0B) LOS objects, 39% free, 15MB/25MB, paused 245us total 12.093ms
D/BluetoothAdapterService( 5360): getAdapterService() - returning com.android.bluetooth.btservice.AdapterService@bfca4ad
D/BluetoothMap( 5093): Proxy object disconnected
D/MapProfile( 5093): Bluetooth service disconnected
W/BluetoothHidServiceJni( 5360): Cleaning up Bluetooth HID Interface...
W/BluetoothHidServiceJni( 5360): Cleaning up Bluetooth GID callback object
W/BluetoothHealthServiceJni( 5360): Cleaning up Bluetooth Health Interface...
W/BluetoothHealthServiceJni( 5360): Cleaning up Bluetooth Health object
W/BluetoothPanServiceJni( 5360): Cleaning up Bluetooth PAN Interface...
W/BluetoothPanServiceJni( 5360): Cleaning up Bluetooth PAN callback object
D/BtGatt.GattService( 5360): cleanup()
W/bt-btif ( 5360): GATTC Module not enabled/already disabled
W/bt-btif ( 5360): GATTS Module not enabled/already disabled
D/BtGatt.AdvertiseManager( 5360): advertise clients cleared
D/BluetoothAdapterState( 5360): CURRENT_STATE=PENDING, MESSAGE = STOPPED, isTurningOn=false, isTurningOff=true
D/BluetoothAdapterProperties( 5360): Setting state to 10
D/BluetoothMapService( 5360): cleanup()
I/BluetoothAdapterState( 5360): Bluetooth adapter state changed: 13-> 10
D/BluetoothMapService( 5360): MAP Service closeService in
D/BluetoothMapService( 5360): MAP Service closeService in
I/BluetoothAdapterState( 5360): Entering OffState
D/WVMDrmPlugIn( 3690): WVMDrmPlugin::onInitialize : 6264
D/WVMDrmPlugIn( 3690): WVMDrmPlugin::onSetOnInfoListener : add 6264
D/WVMDrmPlugIn( 3690): WVMDrmPlugin::onTerminate : 6264
I/FFmpegExtractor( 3691): android-source:0xb45a1510
I/FFMPEG  ( 3691): Input #0, ogg, from 'android-source:0xb45a1510':
I/FFMPEG  ( 3691):   Duration: 00:00:00.60, start: 0.000000, bitrate: 100 kb/s
I/FFMPEG  ( 3691):     Stream #0:0: Audio: vorbis, 44100 Hz, mono, fltp, 96 kb/s
I/FFMPEG  ( 3691):     Metadata:
I/FFMPEG  ( 3691):       ANDROID_LOOP    : false
I/FFMPEG  ( 3691):       track           : 2d105c
I/FFMPEG  ( 3691):       TITLE           : Aldebaran
I/FFMPEG  ( 3691):       ARTIST          : pdx
D/FFmpegExtractor( 3691): FFmpegExtrator, url: android-source:0xb45a1510, format_name: ogg, format_long_name: Ogg
I/FFmpegExtractor( 3691): adjust mime(application/ogg -> audio/vorbis)
D/FFmpegExtractor( 3691): suppoted codec(vorbis) by official Stagefright
D/FFmpegExtractor( 3691): ffmpeg detected media content as 'audio/vorbis' with confidence 0.08
D/WVMDrmPlugIn( 3690): WVMDrmPlugin::onInitialize : 5184
D/WVMDrmPlugIn( 3690): WVMDrmPlugin::onSetOnInfoListener : add 5184
D/WVMDrmPlugIn( 3690): WVMDrmPlugin::onTerminate : 5184
I/FFmpegExtractor( 3691): android-source:0xb45a17e0
I/FFMPEG  ( 3691): Input #0, ogg, from 'android-source:0xb45a17e0':
I/FFMPEG  ( 3691):   Duration: 00:00:00.73, start: 0.000000, bitrate: 76 kb/s
I/FFMPEG  ( 3691):     Stream #0:0: Audio: vorbis, 44100 Hz, mono, fltp, 80 kb/s
I/FFMPEG  ( 3691):     Metadata:
I/FFMPEG  ( 3691):       ANDROID_LOOP    : false
I/FFMPEG  ( 3691):       track           : 2dB214b
I/FFMPEG  ( 3691):       TITLE           : Altair
I/FFMPEG  ( 3691):       ARTIST          : pdx
D/FFmpegExtractor( 3691): FFmpegExtrator, url: android-source:0xb45a17e0, format_name: ogg, format_long_name: Ogg
I/FFmpegExtractor( 3691): adjust mime(application/ogg -> audio/vorbis)
D/FFmpegExtractor( 3691): suppoted codec(vorbis) by official Stagefright
D/FFmpegExtractor( 3691): ffmpeg detected media content as 'audio/vorbis' with confidence 0.08
I/ActivityManager( 4117): Killing 5449:com.android.dialer/u0a8 (adj 15): empty #17
D/WVMDrmPlugIn( 3690): WVMDrmPlugin::onInitialize : 5727
D/WVMDrmPlugIn( 3690): WVMDrmPlugin::onSetOnInfoListener : add 5727
D/WVMDrmPlugIn( 3690): WVMDrmPlugin::onTerminate : 5727
I/FFmpegExtractor( 3691): android-source:0xb45a1970
I/FFMPEG  ( 3691): Input #0, ogg, from 'android-source:0xb45a1970':
I/FFMPEG  ( 3691):   Duration: 00:00:01.00, start: 0.000000, bitrate: 71 kb/s
I/FFMPEG  ( 3691):     Stream #0:0: Audio: vorbis, 44100 Hz, mono, fltp, 70 kb/s
I/FFMPEG  ( 3691):     Metadata:
I/FFMPEG  ( 3691):       ANDROID_LOOP    : false
I/FFMPEG  ( 3691):       TITLE           : Alya
D/FFmpegExtractor( 3691): FFmpegExtrator, url: android-source:0xb45a1970, format_name: ogg, format_long_name: Ogg
I/FFmpegExtractor( 3691): adjust mime(application/ogg -> audio/vorbis)
D/FFmpegExtractor( 3691): suppoted codec(vorbis) by official Stagefright
D/FFmpegExtractor( 3691): ffmpeg detected media content as 'audio/vorbis' with confidence 0.08
D/BluetoothManagerService( 4117): unbindAndFinish(): android.bluetooth.IBluetooth$Stub$Proxy@1bc774f6 mBinding = false
D/BluetoothManagerService( 4117): Sending unbind request.
D/WVMDrmPlugIn( 3690): WVMDrmPlugin::onInitialize : 8012
D/WVMDrmPlugIn( 3690): WVMDrmPlugin::onSetOnInfoListener : add 8012
D/WVMDrmPlugIn( 3690): WVMDrmPlugin::onTerminate : 8012
I/FFmpegExtractor( 3691): android-source:0xb45a1b00
I/FFMPEG  ( 3691): Input #0, ogg, from 'android-source:0xb45a1b00':
I/FFMPEG  ( 3691):   Duration: 00:00:00.91, start: 0.000000, bitrate: 91 kb/s
I/FFMPEG  ( 3691):     Stream #0:0: Audio: vorbis, 44100 Hz, mono, fltp, 96 kb/s
I/FFMPEG  ( 3691):     Metadata:
I/FFMPEG  ( 3691):       ANDROID_LOOP    : false
I/FFMPEG  ( 3691):       track           : 2d331b
I/FFMPEG  ( 3691):       TITLE           : Antares
I/FFMPEG  ( 3691):       ARTIST          : pdx
D/FFmpegExtractor( 3691): FFmpegExtrator, url: android-source:0xb45a1b00, format_name: ogg, format_long_name: Ogg
I/FFmpegExtractor( 3691): adjust mime(application/ogg -> audio/vorbis)
D/FFmpegExtractor( 3691): suppoted codec(vorbis) by official Stagefright
D/FFmpegExtractor( 3691): ffmpeg detected media content as 'audio/vorbis' with confidence 0.08
D/BluetoothManagerService( 4117): Message: 20
W/libprocessgroup( 4117): failed to open /acct/uid_10008/pid_5449/cgroup.procs: No such file or directory
D/BluetoothManagerService( 4117): Added callback: android.bluetooth.IBluetoothManagerCallback$Stub$Proxy@24b30b64:true
D/BluetoothManagerService( 4117): Message: 30
W/ActivityManager( 4117): Unable to start service Intent { act=com.google.android.c2dm.intent.REGISTER pkg=com.google.android.gms (has extras) } U=0: not found
E/PhoneInterfaceManager( 4980): [PhoneIntfMgr] getIccId: No UICC
I/GKI_LINUX( 5360): gki_task task_id=1 [BTIF] terminating
I/GKI_LINUX( 5360): GKI_exit_task 1 done
I/GKI_LINUX( 5360): GKI_shutdown(): task [BTIF] terminated
I/BluetoothServiceJni( 5360): cleanupNative: return from cleanup
D/WVMDrmPlugIn( 3690): WVMDrmPlugin::onInitialize : 7760
D/WVMDrmPlugIn( 3690): WVMDrmPlugin::onSetOnInfoListener : add 7760
D/WVMDrmPlugIn( 3690): WVMDrmPlugin::onTerminate : 7760
I/FFmpegExtractor( 3691): android-source:0xb45a1c90
I/FFMPEG  ( 3691): Input #0, ogg, from 'android-source:0xb45a1c90':
I/FFMPEG  ( 3691):   Duration: 00:00:01.69, start: 0.000000, bitrate: 131 kb/s
I/FFMPEG  ( 3691):     Stream #0:0: Audio: vorbis, 44100 Hz, stereo, fltp, 160 kb/s
I/FFMPEG  ( 3691):     Metadata:
I/FFMPEG  ( 3691):       ANDROID_LOOP    : false
I/FFMPEG  ( 3691):       TITLE           : Antimony
D/FFmpegExtractor( 3691): FFmpegExtrator, url: android-source:0xb45a1c90, format_name: ogg, format_long_name: Ogg
I/FFmpegExtractor( 3691): adjust mime(application/ogg -> audio/vorbis)
D/FFmpegExtractor( 3691): suppoted codec(vorbis) by official Stagefright
D/FFmpegExtractor( 3691): ffmpeg detected media content as 'audio/vorbis' with confidence 0.08
E/cutils  ( 5851): Failed to mkdir(/mnt/shell/emulated/0): Read-only file system
W/Zygote  ( 5851): Failed to mount emulated storage: 30
I/ActivityManager( 4117): Start proc com.android.cellbroadcastreceiver for broadcast com.android.cellbroadcastreceiver/.CellBroadcastReceiver: pid=5851 uid=10005 gids={50005, 9997} abi=armeabi-v7a
I/art     ( 5360): System.exit called, status: 0
I/AndroidRuntime( 5360): VM exiting with result code 0, cleanup skipped.
D/WVMDrmPlugIn( 3690): WVMDrmPlugin::onInitialize : 5367
D/WVMDrmPlugIn( 3690): WVMDrmPlugin::onSetOnInfoListener : add 5367
D/WVMDrmPlugIn( 3690): WVMDrmPlugin::onTerminate : 5367
I/FFmpegExtractor( 3691): android-source:0xb45a1f60
I/FFMPEG  ( 3691): Input #0, ogg, from 'android-source:0xb45a1f60':
I/FFMPEG  ( 3691):   Duration: 00:00:01.00, start: 0.000000, bitrate: 63 kb/s
I/FFMPEG  ( 3691):     Stream #0:0: Audio: vorbis, 44100 Hz, mono, fltp, 80 kb/s
I/FFMPEG  ( 3691):     Metadata:
I/FFMPEG  ( 3691):       ARTIST          : Unknown
I/FFMPEG  ( 3691):       GENRE           : Unknown
I/FFMPEG  ( 3691):       ANDROID_LOOP    : false
I/FFMPEG  ( 3691):       TITLE           : Arcturus
D/FFmpegExtractor( 3691): FFmpegExtrator, url: android-source:0xb45a1f60, format_name: ogg, format_long_name: Ogg
I/FFmpegExtractor( 3691): adjust mime(application/ogg -> audio/vorbis)
D/FFmpegExtractor( 3691): suppoted codec(vorbis) by official Stagefright
D/FFmpegExtractor( 3691): ffmpeg detected media content as 'audio/vorbis' with confidence 0.08
I/ActivityManager( 4117): Process com.android.bluetooth (pid 5360) has died
W/Resources( 5851): Converting to string: TypedValue{t=0x10/d=0x4 a=-1}
W/Resources( 5851): Converting to string: TypedValue{t=0x10/d=0x0 a=-1}
D/CellBroadcastReceiver( 5851): onReceive Intent { act=android.intent.action.SERVICE_STATE flg=0x10 cmp=com.android.cellbroadcastreceiver/.CellBroadcastReceiver (has extras) }
D/CellBroadcastReceiver( 5851): Intent ACTION_SERVICE_STATE_CHANGED
D/CellBroadcastReceiver( 5851): Service state changed! 1 Full: 1 1 home null null null  Unknown Unknown CSS not supported -1 -1 RoamInd=-1 DefRoamInd=-1 EmergOnly=false Current state=-1
I/ActivityManager( 4117): Killing 4834:android.process.acore/u0a6 (adj 15): empty #17
D/WVMDrmPlugIn( 3690): WVMDrmPlugin::onInitialize : 5958
D/WVMDrmPlugIn( 3690): WVMDrmPlugin::onSetOnInfoListener : add 5958
D/WVMDrmPlugIn( 3690): WVMDrmPlugin::onTerminate : 5958
I/FFmpegExtractor( 3691): android-source:0xb45a17e0
I/FFMPEG  ( 3691): Input #0, ogg, from 'android-source:0xb45a17e0':
I/FFMPEG  ( 3691):   Duration: 00:00:01.20, start: 0.000000, bitrate: 105 kb/s
I/FFMPEG  ( 3691):     Stream #0:0: Audio: vorbis, 44100 Hz, stereo, fltp, 112 kb/s
D/FFmpegExtractor( 3691): FFmpegExtrator, url: android-source:0xb45a17e0, format_name: ogg, format_long_name: Ogg
I/FFmpegExtractor( 3691): adjust mime(application/ogg -> audio/vorbis)
D/FFmpegExtractor( 3691): suppoted codec(vorbis) by official Stagefright
D/FFmpegExtractor( 3691): ffmpeg detected media content as 'audio/vorbis' with confidence 0.08
W/libprocessgroup( 4117): failed to open /acct/uid_10006/pid_4834/cgroup.procs: No such file or directory
D/WVMDrmPlugIn( 3690): WVMDrmPlugin::onInitialize : 7557
D/WVMDrmPlugIn( 3690): WVMDrmPlugin::onSetOnInfoListener : add 7557
