E/display ( 3673): invalid gralloc handle (at 0x0)
D/AndroidRuntime( 4045): CheckJNI is OFF
I/art     ( 4045): option[0]=-Xzygote
I/art     ( 4045): option[1]=-Xstacktracefile:/data/anr/traces.txt
I/art     ( 4045): option[2]=exit
I/art     ( 4045): option[3]=vfprintf
I/art     ( 4045): option[4]=sensitiveThread
I/art     ( 4045): option[5]=-verbose:gc
I/art     ( 4045): option[6]=-Xms8m
I/art     ( 4045): option[7]=-Xmx512m
I/art     ( 4045): option[8]=-XX:mainThreadStackSize=24K
I/art     ( 4045): option[9]=-XX:HeapGrowthLimit=128m
I/art     ( 4045): option[10]=-XX:HeapMinFree=2m
I/art     ( 4045): option[11]=-XX:HeapMaxFree=8m
I/art     ( 4045): option[12]=-XX:HeapTargetUtilization=0.75
I/art     ( 4045): option[13]=-agentlib:jdwp=transport=dt_android_adb,suspend=n,server=y
I/art     ( 4045): option[14]=-Xlockprofthreshold:500
I/art     ( 4045): option[15]=-Ximage-compiler-option
I/art     ( 4045): option[16]=--runtime-arg
I/art     ( 4045): option[17]=-Ximage-compiler-option
I/art     ( 4045): option[18]=-Xms64m
I/art     ( 4045): option[19]=-Ximage-compiler-option
I/art     ( 4045): option[20]=--runtime-arg
I/art     ( 4045): option[21]=-Ximage-compiler-option
I/art     ( 4045): option[22]=-Xmx64m
I/art     ( 4045): option[23]=-Ximage-compiler-option
I/art     ( 4045): option[24]=--image-classes-zip=/system/framework/framework.jar
I/art     ( 4045): option[25]=-Ximage-compiler-option
I/art     ( 4045): option[26]=--image-classes=preloaded-classes
I/art     ( 4045): option[27]=-Xcompiler-option
I/art     ( 4045): option[28]=--runtime-arg
I/art     ( 4045): option[29]=-Xcompiler-option
I/art     ( 4045): option[30]=-Xms64m
I/art     ( 4045): option[31]=-Xcompiler-option
I/art     ( 4045): option[32]=--runtime-arg
I/art     ( 4045): option[33]=-Xcompiler-option
I/art     ( 4045): option[34]=-Xmx512m
I/art     ( 4045): option[35]=-Duser.language=es
I/art     ( 4045): option[36]=-Duser.region=US
I/art     ( 4045): Pruning dalvik-cache since we are generating an image and will need to recompile
I/art     ( 4045): Using an offset of 0x7c000 from default art base address of 0x70000000
I/art     ( 4045): GenerateImage: /system/bin/dex2oat --image=/data/dalvik-cache/arm/system@framework@boot.art --dex-file=/system/framework/core-libart.jar --dex-file=/system/framework/conscrypt.jar --dex-file=/system/framework/okhttp.jar --dex-file=/system/framework/core-junit.jar --dex-file=/system/framework/bouncycastle.jar --dex-file=/system/framework/ext.jar --dex-file=/system/framework/framework.jar --dex-file=/system/framework/telephony-common.jar --dex-file=/system/framework/voip-common.jar --dex-file=/system/framework/ims-common.jar --dex-file=/system/framework/mms-common.jar --dex-file=/system/framework/android.policy.jar --dex-file=/system/framework/apache-xml.jar --oat-file=/data/dalvik-cache/arm/system@framework@boot.oat --instruction-set=arm --instruction-set-features=div --base=0x7007c000 --runtime-arg -Xms64m --runtime-arg -Xmx64m --image-classes-zip=/system/framework/framework.jar --image-classes=preloaded-classes
W/art     ( 4045): Could not create image space with image file '/system/framework/boot.art'. Attempting to fall back to imageless running. Error was: Failed to generate image '/data/dalvik-cache/arm/system@framework@boot.art': Failed execv(/system/bin/dex2oat --image=/data/dalvik-cache/arm/system@framework@boot.art --dex-file=/system/framework/core-libart.jar --dex-file=/system/framework/conscrypt.jar --dex-file=/system/framework/okhttp.jar --dex-file=/system/framework/core-junit.jar --dex-file=/system/framework/bouncycastle.jar --dex-file=/system/framework/ext.jar --dex-file=/system/framework/framework.jar --dex-file=/system/framework/telephony-common.jar --dex-file=/system/framework/voip-common.jar --dex-file=/system/framework/ims-common.jar --dex-file=/system/framework/mms-common.jar --dex-file=/system/framework/android.policy.jar --dex-file=/system/framework/apache-xml.jar --oat-file=/data/dalvik-cache/arm/system@framework@boot.oat --instruction-set=arm --instruction-set-features=div --base=0x7007c000 --runtime-arg -Xms64
I/mediaserver( 4047): ServiceManager: 0xb60500c0
I/AudioFlinger( 4047): Using default 3000 mSec as standby time.
I/ServiceManager( 4047): Waiting for service batterystats...
E/display ( 3673): invalid gralloc handle (at 0x0)
E/display ( 3673): invalid gralloc handle (at 0x0)
E/display ( 3673): invalid gralloc handle (at 0x0)
E/display ( 3673): invalid gralloc handle (at 0x0)
E/display ( 3673): invalid gralloc handle (at 0x0)
E/display ( 3673): invalid gralloc handle (at 0x0)
E/display ( 3673): invalid gralloc handle (at 0x0)
E/display ( 3673): invalid gralloc handle (at 0x0)
E/display ( 3673): invalid gralloc handle (at 0x0)
E/display ( 3673): invalid gralloc handle (at 0x0)
E/display ( 3673): invalid gralloc handle (at 0x0)
E/display ( 3673): invalid gralloc handle (at 0x0)
E/display ( 3673): invalid gralloc handle (at 0x0)
E/display ( 3673): invalid gralloc handle (at 0x0)
E/display ( 3673): invalid gralloc handle (at 0x0)
E/display ( 3673): invalid gralloc handle (at 0x0)
E/display ( 3673): invalid gralloc handle (at 0x0)
E/display ( 3673): invalid gralloc handle (at 0x0)
E/display ( 3673): invalid gralloc handle (at 0x0)
E/display ( 3673): invalid gralloc handle (at 0x0)
E/display ( 3673): invalid gralloc handle (at 0x0)
E/display ( 3673): invalid gralloc handle (at 0x0)
E/display ( 3673): invalid gralloc handle (at 0x0)
I/ServiceManager( 4047): Waiting for service batterystats...
E/display ( 3673): invalid gralloc handle (at 0x0)
E/display ( 3673): invalid gralloc handle (at 0x0)
E/display ( 3673): invalid gralloc handle (at 0x0)
E/display ( 3673): invalid gralloc handle (at 0x0)
E/display ( 3673): invalid gralloc handle (at 0x0)
E/display ( 3673): invalid gralloc handle (at 0x0)
V/NatController( 4046): runCmd(/system/bin/iptables -F natctrl_FORWARD) res=0
V/NatController( 4046): runCmd(/system/bin/iptables -A natctrl_FORWARD -j DROP) res=0
V/NatController( 4046): runCmd(/system/bin/iptables -t nat -F natctrl_nat_POSTROUTING) res=0
V/NatController( 4046): runCmd(/system/bin/iptables -F natctrl_tether_counters) res=0
V/NatController( 4046): runCmd(/system/bin/iptables -X natctrl_tether_counters) res=0
E/display ( 3673): invalid gralloc handle (at 0x0)
V/NatController( 4046): runCmd(/system/bin/iptables -N natctrl_tether_counters) res=0
V/NatController( 4046): runCmd(/system/bin/iptables -t mangle -A natctrl_mangle_FORWARD -p tcp --tcp-flags SYN SYN -j TCPMSS --clamp-mss-to-pmtu) res=0
E/display ( 3673): invalid gralloc handle (at 0x0)
E/display ( 3673): invalid gralloc handle (at 0x0)
E/display ( 3673): invalid gralloc handle (at 0x0)
E/display ( 3673): invalid gralloc handle (at 0x0)
E/display ( 3673): invalid gralloc handle (at 0x0)
E/display ( 3673): invalid gralloc handle (at 0x0)
E/display ( 3673): invalid gralloc handle (at 0x0)
E/display ( 3673): invalid gralloc handle (at 0x0)
E/display ( 3673): invalid gralloc handle (at 0x0)
E/display ( 3673): invalid gralloc handle (at 0x0)
E/memtrack( 4045): Couldn't load memtrack module (No such file or directory)
E/android.os.Debug( 4045): failed to load memtrack module: -2
E/display ( 3673): invalid gralloc handle (at 0x0)
E/display ( 3673): invalid gralloc handle (at 0x0)
E/display ( 3673): invalid gralloc handle (at 0x0)
D/MDnsDS  ( 4046): MDnsSdListener::Hander starting up
D/MDnsDS  ( 4046): MDnsSdListener starting to monitor
D/MDnsDS  ( 4046): Going to poll with pollCount 1
I/SamplingProfilerIntegration( 4045): Profiling disabled.
D/Zygote  ( 4045): begin preload
E/display ( 3673): invalid gralloc handle (at 0x0)
E/display ( 3673): invalid gralloc handle (at 0x0)
I/Zygote  ( 4045): Preloading classes...
I/art     ( 4045): Explicit concurrent mark sweep GC freed 4379(640KB) AllocSpace objects, 0(0B) LOS objects, 41% free, 5MB/9MB, paused 147us total 16.487ms
E/display ( 3673): invalid gralloc handle (at 0x0)
I/art     ( 4045): Counter: 1
I/ServiceManager( 4047): Waiting for service batterystats...
E/display ( 3673): invalid gralloc handle (at 0x0)
E/display ( 3673): invalid gralloc handle (at 0x0)
E/display ( 3673): invalid gralloc handle (at 0x0)
E/display ( 3673): invalid gralloc handle (at 0x0)
E/display ( 3673): invalid gralloc handle (at 0x0)
E/display ( 3673): invalid gralloc handle (at 0x0)
E/display ( 3673): invalid gralloc handle (at 0x0)
E/display ( 3673): invalid gralloc handle (at 0x0)
E/display ( 3673): invalid gralloc handle (at 0x0)
E/display ( 3673): invalid gralloc handle (at 0x0)
E/display ( 3673): invalid gralloc handle (at 0x0)
E/display ( 3673): invalid gralloc handle (at 0x0)
E/display ( 3673): invalid gralloc handle (at 0x0)
E/display ( 3673): invalid gralloc handle (at 0x0)
E/display ( 3673): invalid gralloc handle (at 0x0)
E/display ( 3673): invalid gralloc handle (at 0x0)
E/display ( 3673): invalid gralloc handle (at 0x0)
E/display ( 3673): invalid gralloc handle (at 0x0)
W/SurfaceFlinger( 3673): Ignoring duplicate VSYNC event from HWC (t=12305192250)
E/display ( 3673): invalid gralloc handle (at 0x0)
E/display ( 3673): invalid gralloc handle (at 0x0)
E/display ( 3673): invalid gralloc handle (at 0x0)
E/display ( 3673): invalid gralloc handle (at 0x0)
E/display ( 3673): invalid gralloc handle (at 0x0)
E/Minikin ( 4045): addFont failed to create font /system/fonts/NotoSansGujarati-Regular.ttf
E/Minikin ( 4045): addFont failed to create font /system/fonts/NotoSansGujarati-Bold.ttf
E/Minikin ( 4045): addFont failed to create font /system/fonts/NotoSansGujaratiUI-Regular.ttf
E/Minikin ( 4045): addFont failed to create font /system/fonts/NotoSansGujaratiUI-Bold.ttf
E/Minikin ( 4045): addFont failed to create font /system/fonts/NotoSansGurmukhi-Regular.ttf
E/Minikin ( 4045): addFont failed to create font /system/fonts/NotoSansGurmukhi-Bold.ttf
E/Minikin ( 4045): addFont failed to create font /system/fonts/NotoSansGurmukhiUI-Regular.ttf
E/Minikin ( 4045): addFont failed to create font /system/fonts/NotoSansGurmukhiUI-Bold.ttf
E/display ( 3673): invalid gralloc handle (at 0x0)
E/Minikin ( 4045): addFont failed to create font /system/fonts/NotoSansSinhala-Regular.ttf
E/Minikin ( 4045): addFont failed to create font /system/fonts/NotoSansSinhala-Bold.ttf
E/Minikin ( 4045): addFont failed to create font /system/fonts/NotoSansCherokee-Regular.ttf
E/Minikin ( 4045): addFont failed to create font /system/fonts/NotoSansCanadianAboriginal-Regular.ttf
E/Minikin ( 4045): addFont failed to create font /system/fonts/NotoSansYi-Regular.ttf
E/Minikin ( 4045): addFont failed to create font /system/fonts/NotoSansHans-Regular.otf
E/Minikin ( 4045): addFont failed to create font /system/fonts/NotoSansHant-Regular.otf
E/Minikin ( 4045): addFont failed to create font /system/fonts/NotoSansJP-Regular.otf
E/Minikin ( 4045): addFont failed to create font /system/fonts/NotoSansKR-Regular.otf
E/display ( 3673): invalid gralloc handle (at 0x0)
E/display ( 3673): invalid gralloc handle (at 0x0)
E/display ( 3673): invalid gralloc handle (at 0x0)
I/ServiceManager( 4047): Waiting for service batterystats...
E/display ( 3673): invalid gralloc handle (at 0x0)
E/display ( 3673): invalid gralloc handle (at 0x0)
E/display ( 3673): invalid gralloc handle (at 0x0)
E/display ( 3673): invalid gralloc handle (at 0x0)
E/display ( 3673): invalid gralloc handle (at 0x0)
E/display ( 3673): invalid gralloc handle (at 0x0)
E/display ( 3673): invalid gralloc handle (at 0x0)
E/art     ( 4045): dlopen("/system/lib/libmedia_jni.so", RTLD_LAZY) failed: dlopen failed: cannot locate symbol "_ZN7android11MediaPlayer6resumeEv" referenced by "libmedia_jni.so"...
W/Zygote  ( 4045): Problem preloading android.media.AmrInputStream: java.lang.UnsatisfiedLinkError: dlopen failed: cannot locate symbol "_ZN7android11MediaPlayer6resumeEv" referenced by "libmedia_jni.so"...
E/display ( 3673): invalid gralloc handle (at 0x0)
E/art     ( 4045): dlopen("/system/lib/libmedia_jni.so", RTLD_LAZY) failed: dlopen failed: cannot locate symbol "_ZN7android11MediaPlayer6resumeEv" referenced by "libmedia_jni.so"...
W/Zygote  ( 4045): Problem preloading android.media.CamcorderProfile: java.lang.UnsatisfiedLinkError: dlopen failed: cannot locate symbol "_ZN7android11MediaPlayer6resumeEv" referenced by "libmedia_jni.so"...
E/art     ( 4045): dlopen("/system/lib/libmedia_jni.so", RTLD_LAZY) failed: dlopen failed: cannot locate symbol "_ZN7android11MediaPlayer6resumeEv" referenced by "libmedia_jni.so"...
W/Zygote  ( 4045): Problem preloading android.media.CameraProfile: java.lang.UnsatisfiedLinkError: dlopen failed: cannot locate symbol "_ZN7android11MediaPlayer6resumeEv" referenced by "libmedia_jni.so"...
E/art     ( 4045): dlopen("/system/lib/libmedia_jni.so", RTLD_LAZY) failed: dlopen failed: cannot locate symbol "_ZN7android11MediaPlayer6resumeEv" referenced by "libmedia_jni.so"...
W/Zygote  ( 4045): Problem preloading android.media.DecoderCapabilities: java.lang.UnsatisfiedLinkError: dlopen failed: cannot locate symbol "_ZN7android11MediaPlayer6resumeEv" referenced by "libmedia_jni.so"...
E/art     ( 4045): dlopen("/system/lib/libmedia_jni.so", RTLD_LAZY) failed: dlopen failed: cannot locate symbol "_ZN7android11MediaPlayer6resumeEv" referenced by "libmedia_jni.so"...
W/Zygote  ( 4045): Problem preloading android.media.EncoderCapabilities: java.lang.UnsatisfiedLinkError: dlopen failed: cannot locate symbol "_ZN7android11MediaPlayer6resumeEv" referenced by "libmedia_jni.so"...
E/art     ( 4045): dlopen("/system/lib/libmedia_jni.so", RTLD_LAZY) failed: dlopen failed: cannot locate symbol "_ZN7android11MediaPlayer6resumeEv" referenced by "libmedia_jni.so"...
W/Zygote  ( 4045): Problem preloading android.media.ImageReader: java.lang.UnsatisfiedLinkError: dlopen failed: cannot locate symbol "_ZN7android11MediaPlayer6resumeEv" referenced by "libmedia_jni.so"...
E/display ( 3673): invalid gralloc handle (at 0x0)
E/art     ( 4045): dlopen("/system/lib/libmedia_jni.so", RTLD_LAZY) failed: dlopen failed: cannot locate symbol "_ZN7android11MediaPlayer6resumeEv" referenced by "libmedia_jni.so"...
W/Zygote  ( 4045): Problem preloading android.media.MediaCodec: java.lang.UnsatisfiedLinkError: dlopen failed: cannot locate symbol "_ZN7android11MediaPlayer6resumeEv" referenced by "libmedia_jni.so"...
E/art     ( 4045): dlopen("/system/lib/libmedia_jni.so", RTLD_LAZY) failed: dlopen failed: cannot locate symbol "_ZN7android11MediaPlayer6resumeEv" referenced by "libmedia_jni.so"...
W/Zygote  ( 4045): Problem preloading android.media.MediaCodecList: java.lang.UnsatisfiedLinkError: dlopen failed: cannot locate symbol "_ZN7android11MediaPlayer6resumeEv" referenced by "libmedia_jni.so"...
E/art     ( 4045): dlopen("/system/lib/libmedia_jni.so", RTLD_LAZY) failed: dlopen failed: cannot locate symbol "_ZN7android11MediaPlayer6resumeEv" referenced by "libmedia_jni.so"...
W/Zygote  ( 4045): Problem preloading android.media.MediaCrypto: java.lang.UnsatisfiedLinkError: dlopen failed: cannot locate symbol "_ZN7android11MediaPlayer6resumeEv" referenced by "libmedia_jni.so"...
E/art     ( 4045): dlopen("/system/lib/libmedia_jni.so", RTLD_LAZY) failed: dlopen failed: cannot locate symbol "_ZN7android11MediaPlayer6resumeEv" referenced by "libmedia_jni.so"...
W/Zygote  ( 4045): Problem preloading android.media.MediaDrm: java.lang.UnsatisfiedLinkError: dlopen failed: cannot locate symbol "_ZN7android11MediaPlayer6resumeEv" referenced by "libmedia_jni.so"...
E/art     ( 4045): dlopen("/system/lib/libmedia_jni.so", RTLD_LAZY) failed: dlopen failed: cannot locate symbol "_ZN7android11MediaPlayer6resumeEv" referenced by "libmedia_jni.so"...
W/Zygote  ( 4045): Problem preloading android.media.MediaExtractor: java.lang.UnsatisfiedLinkError: dlopen failed: cannot locate symbol "_ZN7android11MediaPlayer6resumeEv" referenced by "libmedia_jni.so"...
E/art     ( 4045): dlopen("/system/lib/libmedia_jni.so", RTLD_LAZY) failed: dlopen failed: cannot locate symbol "_ZN7android11MediaPlayer6resumeEv" referenced by "libmedia_jni.so"...
W/Zygote  ( 4045): Problem preloading android.media.MediaHTTPConnection: java.lang.UnsatisfiedLinkError: dlopen failed: cannot locate symbol "_ZN7android11MediaPlayer6resumeEv" referenced by "libmedia_jni.so"...
E/art     ( 4045): dlopen("/system/lib/libmedia_jni.so", RTLD_LAZY) failed: dlopen failed: cannot locate symbol "_ZN7android11MediaPlayer6resumeEv" referenced by "libmedia_jni.so"...
W/Zygote  ( 4045): Problem preloading android.media.MediaMetadataRetriever: java.lang.UnsatisfiedLinkError: dlopen failed: cannot locate symbol "_ZN7android11MediaPlayer6resumeEv" referenced by "libmedia_jni.so"...
E/art     ( 4045): dlopen("/system/lib/libmedia_jni.so", RTLD_LAZY) failed: dlopen failed: cannot locate symbol "_ZN7android11MediaPlayer6resumeEv" referenced by "libmedia_jni.so"...
W/Zygote  ( 4045): Problem preloading android.media.MediaMuxer: java.lang.UnsatisfiedLinkError: dlopen failed: cannot locate symbol "_ZN7android11MediaPlayer6resumeEv" referenced by "libmedia_jni.so"...
E/display ( 3673): invalid gralloc handle (at 0x0)
E/art     ( 4045): dlopen("/system/lib/libmedia_jni.so", RTLD_LAZY) failed: dlopen failed: cannot locate symbol "_ZN7android11MediaPlayer6resumeEv" referenced by "libmedia_jni.so"...
W/Zygote  ( 4045): Problem preloading android.media.MediaPlayer: java.lang.UnsatisfiedLinkError: dlopen failed: cannot locate symbol "_ZN7android11MediaPlayer6resumeEv" referenced by "libmedia_jni.so"...
I/art     ( 4045): Rejecting re-init on previously-failed class java.lang.Class<android.media.CamcorderProfile>
E/art     ( 4045): dlopen("/system/lib/libmedia_jni.so", RTLD_LAZY) failed: dlopen failed: cannot locate symbol "_ZN7android11MediaPlayer6resumeEv" referenced by "libmedia_jni.so"...
W/Zygote  ( 4045): Problem preloading android.media.MediaRecorder: java.lang.UnsatisfiedLinkError: dlopen failed: cannot locate symbol "_ZN7android11MediaPlayer6resumeEv" referenced by "libmedia_jni.so"...
E/art     ( 4045): dlopen("/system/lib/libmedia_jni.so", RTLD_LAZY) failed: dlopen failed: cannot locate symbol "_ZN7android11MediaPlayer6resumeEv" referenced by "libmedia_jni.so"...
W/Zygote  ( 4045): Problem preloading android.media.MediaScanner: java.lang.UnsatisfiedLinkError: dlopen failed: cannot locate symbol "_ZN7android11MediaPlayer6resumeEv" referenced by "libmedia_jni.so"...
E/art     ( 4045): dlopen("/system/lib/libmedia_jni.so", RTLD_LAZY) failed: dlopen failed: cannot locate symbol "_ZN7android11MediaPlayer6resumeEv" referenced by "libmedia_jni.so"...
W/Zygote  ( 4045): Problem preloading android.media.ResampleInputStream: java.lang.UnsatisfiedLinkError: dlopen failed: cannot locate symbol "_ZN7android11MediaPlayer6resumeEv" referenced by "libmedia_jni.so"...
E/art     ( 4045): dlopen("/system/lib/libaudioeffect_jni.so", RTLD_LAZY) failed: dlopen failed: cannot locate symbol "_ZN7android10Visualizer21cancelCaptureCallBackEv" referenced by "libaudioeffect_jni.so"...
W/Zygote  ( 4045): Problem preloading android.media.audiofx.AudioEffect: java.lang.UnsatisfiedLinkError: dlopen failed: cannot locate symbol "_ZN7android10Visualizer21cancelCaptureCallBackEv" referenced by "libaudioeffect_jni.so"...
F/art     ( 4045): art/runtime/class_linker.cc:4450] Check failed: super_class->IsResolved() 
E/display ( 3673): invalid gralloc handle (at 0x0)
E/display ( 3673): invalid gralloc handle (at 0x0)
F/art     ( 4045): art/runtime/runtime.cc:284] Runtime aborting...
F/art     ( 4045): art/runtime/runtime.cc:284] Aborting thread:
F/art     ( 4045): art/runtime/runtime.cc:284] "main" prio=5 tid=1 Runnable
F/art     ( 4045): art/runtime/runtime.cc:284]   | group="" sCount=0 dsCount=0 obj=0x12f06500 self=0xb5107800
F/art     ( 4045): art/runtime/runtime.cc:284]   | sysTid=4045 nice=0 cgrp=default sched=0/0 handle=0xb6ff0ec8
F/art     ( 4045): art/runtime/runtime.cc:284]   | state=R schedstat=( 3530177877 9577169 247 ) utm=309 stm=43 core=5 HZ=100
F/art     ( 4045): art/runtime/runtime.cc:284]   | stack=0xbe00b000-0xbe00d000 stackSize=8MB
F/art     ( 4045): art/runtime/runtime.cc:284]   | held mutexes= "abort lock" "mutator lock"(shared held)
F/art     ( 4045): art/runtime/runtime.cc:284]   native: #00 pc 000045b4  /system/lib/libbacktrace_libc++.so (UnwindCurrent::Unwind(unsigned int, ucontext*)+23)
F/art     ( 4045): art/runtime/runtime.cc:284]   native: #01 pc 00002e1d  /system/lib/libbacktrace_libc++.so (Backtrace::Unwind(unsigned int, ucontext*)+8)
F/art     ( 4045): art/runtime/runtime.cc:284]   native: #02 pc 002516d5  /system/lib/libart.so (art::DumpNativeStack(std::__1::basic_ostream<char, std::__1::char_traits<char> >&, int, char const*, art::mirror::ArtMethod*)+84)
F/art     ( 4045): art/runtime/runtime.cc:284]   native: #03 pc 00235453  /system/lib/libart.so (art::Thread::Dump(std::__1::basic_ostream<char, std::__1::char_traits<char> >&) const+162)
F/art     ( 4045): art/runtime/runtime.cc:284]   native: #04 pc 00225111  /system/lib/libart.so (art::AbortState::DumpThread(std::__1::basic_ostream<char, std::__1::char_traits<char> >&, art::Thread*)+32)
F/art     ( 4045): art/runtime/runtime.cc:284]   native: #05 pc 0022537b  /system/lib/libart.so (art::AbortState::Dump(std::__1::basic_ostream<char, std::__1::char_traits<char> >&)+354)
F/art     ( 4045): art/runtime/runtime.cc:284]   native: #06 pc 00225573  /system/lib/libart.so (art::Runtime::Abort()+82)
F/art     ( 4045): art/runtime/runtime.cc:284]   native: #07 pc 000a6819  /system/lib/libart.so (art::LogMessage::~LogMessage()+1360)
F/art     ( 4045): art/runtime/runtime.cc:284]   native: #08 pc 000d88b5  /system/lib/libart.so (art::ClassLinker::LoadSuperAndInterfaces(art::Handle<art::mirror::Class>, art::DexFile const&)+712)
F/art     ( 4045): art/runtime/runtime.cc:284]   native: #09 pc 000d4303  /system/lib/libart.so (art::ClassLinker::DefineClass(char const*, art::Handle<art::mirror::ClassLoader>, art::DexFile const&, art::DexFile::ClassDef const&)+434)
F/art     ( 4045): art/runtime/runtime.cc:284]   native: #10 pc 000d4823  /system/lib/libart.so (art::ClassLinker::FindClassInPathClassLoader(art::ScopedObjectAccessAlreadyRunnable&, art::Thread*, char const*, art::Handle<art::mirror::ClassLoader>)+530)
F/art     ( 4045): art/runtime/runtime.cc:284]   native: #11 pc 000d4af7  /system/lib/libart.so (art::ClassLinker::FindClass(art::Thread*, char const*, art::Handle<art::mirror::ClassLoader>) (.part.401)+366)
F/art     ( 4045): art/runtime/runtime.cc:284]   native: #12 pc 00203567  /system/lib/libart.so (art::Class_classForName(_JNIEnv*, _jclass*, _jstring*, unsigned char, _jobject*)+194)
F/art     ( 4045): art/runtime/runtime.cc:284]   native: #13 pc 000a23b1  /system/lib/libart.so (art_quick_generic_jni_trampoline+32)
F/art     ( 4045): art/runtime/runtime.cc:284]   native: #14 pc 00002f04  /dev/ashmem/dalvik-non moving space (deleted) (???)
F/art     ( 4045): art/runtime/runtime.cc:284]   at java.lang.Class.classForName!(Native method)
F/art     ( 4045): art/runtime/runtime.cc:284]   at java.lang.Class.forName(Class.java:308)
F/art     ( 4045): art/runtime/runtime.cc:284]   at java.lang.Class.forName(Class.java:272)
F/art     ( 4045): art/runtime/runtime.cc:284]   at com.android.internal.os.ZygoteInit.preloadClasses(ZygoteInit.java:326)
F/art     ( 4045): art/runtime/runtime.cc:284]   at com.android.internal.os.ZygoteInit.preload(ZygoteInit.java:254)
F/art     ( 4045): art/runtime/runtime.cc:284]   at com.android.internal.os.ZygoteInit.main(ZygoteInit.java:670)
F/art     ( 4045): art/runtime/runtime.cc:284] Dumping all threads without appropriate locks held: thread list lock
F/art     ( 4045): art/runtime/runtime.cc:284] All threads:
F/art     ( 4045): art/runtime/runtime.cc:284] DALVIK THREADS (6):
F/art     ( 4045): art/runtime/runtime.cc:284] "main" prio=5 tid=1 Runnable
F/art     ( 4045): art/runtime/runtime.cc:284]   | group="" sCount=0 dsCount=0 obj=0x12f06500 self=0xb5107800
F/art     ( 4045): art/runtime/runtime.cc:284]   | sysTid=4045 nice=0 cgrp=default sched=0/0 handle=0xb6ff0ec8
F/art     ( 4045): art/runtime/runtime.cc:284]   | state=R schedstat=( 3545149419 9577169 247 ) utm=310 stm=44 core=5 HZ=100
F/art     ( 4045): art/runtime/runtime.cc:284]   | stack=0xbe00b000-0xbe00d000 stackSize=8MB
F/art     ( 4045): art/runtime/runtime.cc:284]   | held mutexes= "abort lock" "mutator lock"(shared held)
F/art     ( 4045): art/runtime/runtime.cc:284]   native: #00 pc 000045b4  /system/lib/libbacktrace_libc++.so (UnwindCurrent::Unwind(unsigned int, ucontext*)+23)
F/art     ( 4045): art/runtime/runtime.cc:284]   native: #01 pc 00002e1d  /system/lib/libbacktrace_libc++.so (Backtrace::Unwind(unsigned int, ucontext*)+8)
F/art     ( 4045): art/runtime/runtime.cc:284]   native: #02 pc 002516d5  /system/lib/libart.so (art::DumpNativeStack(std::__1::basic_ostream<char, std::__1::char_traits<char> >&, int, char const*, art::mirror::ArtMethod*)+84)
F/art     ( 4045): art/runtime/runtime.cc:284]   native: #03 pc 00235453  /system/lib/libart.so (art::Thread::Dump(std::__1::basic_ostream<char, std::__1::char_traits<char> >&) const+162)
F/art     ( 4045): art/runtime/runtime.cc:284]   native: #04 pc 0023e345  /system/lib/libart.so (art::ThreadList::DumpLocked(std::__1::basic_ostream<char, std::__1::char_traits<char> >&)+120)
F/art     ( 4045): art/runtime/runtime.cc:284]   native: #05 pc 00225329  /system/lib/libart.so (art::AbortState::Dump(std::__1::basic_ostream<char, std::__1::char_traits<char> >&)+272)
F/art     ( 4045): art/runtime/runtime.cc:284]   native: #06 pc 00225573  /system/lib/libart.so (art::Runtime::Abort()+82)
F/art     ( 4045): art/runtime/runtime.cc:284]   native: #07 pc 000a6819  /system/lib/libart.so (art::LogMessage::~LogMessage()+1360)
F/art     ( 4045): art/runtime/runtime.cc:284]   native: #08 pc 000d88b5  /system/lib/libart.so (art::ClassLinker::LoadSuperAndInterfaces(art::Handle<art::mirror::Class>, art::DexFile const&)+712)
F/art     ( 4045): art/runtime/runtime.cc:284]   native: #09 pc 000d4303  /system/lib/libart.so (art::ClassLinker::DefineClass(char const*, art::Handle<art::mirror::ClassLoader>, art::DexFile const&, art::DexFile::ClassDef const&)+434)
F/art     ( 4045): art/runtime/runtime.cc:284]   native: #10 pc 000d4823  /system/lib/libart.so (art::ClassLinker::FindClassInPathClassLoader(art::ScopedObjectAccessAlreadyRunnable&, art::Thread*, char const*, art::Handle<art::mirror::ClassLoader>)+530)
F/art     ( 4045): art/runtime/runtime.cc:284]   native: #11 pc 000d4af7  /system/lib/libart.so (art::ClassLinker::FindClass(art::Thread*, char const*, art::Handle<art::mirror::ClassLoader>) (.part.401)+366)
F/art     ( 4045): art/runtime/runtime.cc:284]   native: #12 pc 00203567  /system/lib/libart.so (art::Class_classForName(_JNIEnv*, _jclass*, _jstring*, unsigned char, _jobject*)+194)
F/art     ( 4045): art/runtime/runtime.cc:284]   native: #13 pc 000a23b1  /system/lib/libart.so (art_quick_generic_jni_trampoline+32)
F/art     ( 4045): art/runtime/runtime.cc:284]   native: #14 pc 00002f04  /dev/ashmem/dalvik-non moving space (deleted) (???)
F/art     ( 4045): art/runtime/runtime.cc:284]   at java.lang.Class.classForName!(Native method)
F/art     ( 4045): art/runtime/runtime.cc:284]   at java.lang.Class.forName(Class.java:308)
F/art     ( 4045): art/runtime/runtime.cc:284]   at java.lang.Class.forName(Class.java:272)
F/art     ( 4045): art/runtime/runtime.cc:284]   at com.android.internal.os.ZygoteInit.preloadClasses(ZygoteInit.java:326)
F/art     ( 4045): art/runtime/runtime.cc:284]   at com.android.internal.os.ZygoteInit.preload(ZygoteInit.java:254)
F/art     ( 4045): art/runtime/runtime.cc:284]   at com.android.internal.os.ZygoteInit.main(ZygoteInit.java:670)
F/art     ( 4045): art/runtime/runtime.cc:284] 
F/art     ( 4045): art/runtime/runtime.cc:284] "ReferenceQueueDaemon" prio=5 tid=2 Waiting
F/art     ( 4045): art/runtime/runtime.cc:284]   | group="" sCount=0 dsCount=0 obj=0x12f06860 self=0xb5108000
F/art     ( 4045): art/runtime/runtime.cc:284]   | sysTid=4207 nice=0 cgrp=default sched=0/0 handle=0xac721300
F/art     ( 4045): art/runtime/runtime.cc:284]   | state=S schedstat=( 11273879 154041 54 ) utm=0 stm=1 core=6 HZ=100
F/art     ( 4045): art/runtime/runtime.cc:284]   | stack=0xa9e7c000-0xa9e7e000 stackSize=1036KB
F/art     ( 4045): art/runtime/runtime.cc:284]   | held mutexes=
F/art     ( 4045): art/runtime/runtime.cc:284]   kernel: (couldn't read /proc/self/task/4207/stack)
F/art     ( 4045): art/runtime/runtime.cc:284]   native: #00 pc 00010114  /system/lib/libc.so (syscall+28)
F/art     ( 4045): art/runtime/runtime.cc:284]   native: #01 pc 000a9553  /system/lib/libart.so (art::ConditionVariable::Wait(art::Thread*)+98)
F/art     ( 4045): art/runtime/runtime.cc:284]   native: #02 pc 001f4c89  /system/lib/libart.so (art::Monitor::Wait(art::Thread*, long long, int, bool, art::ThreadState)+1036)
F/art     ( 4045): art/runtime/runtime.cc:284]   native: #03 pc 001f634d  /system/lib/libart.so (art::Monitor::Wait(art::Thread*, art::mirror::Object*, long long, int, bool, art::ThreadState)+136)
F/art     ( 4045): art/runtime/runtime.cc:284]   native: #04 pc 002038ad  /system/lib/libart.so (art::Object_wait(_JNIEnv*, _jobject*)+40)
F/art     ( 4045): art/runtime/runtime.cc:284]   native: #05 pc 000a23b1  /system/lib/libart.so (art_quick_generic_jni_trampoline+32)
F/art     ( 4045): art/runtime/runtime.cc:284]   native: #06 pc 001e499d  /system/lib/libart.so (art::mirror::ArtMethod::Invoke(art::Thread*, unsigned int*, unsigned int, art::JValue*, char const*)+152)
F/art     ( 4045): art/runtime/runtime.cc:284]   at java.lang.Object.wait!(Native method)
F/art     ( 4045): art/runtime/runtime.cc:284]   - waiting on <0x22876ab5> (a java.lang.Class<java.lang.ref.ReferenceQueue>)
F/art     ( 4045): art/runtime/runtime.cc:284]   at java.lang.Daemons$ReferenceQueueDaemon.run(Daemons.java:133)
F/art     ( 4045): art/runtime/runtime.cc:284]   - locked <0x22876ab5> (a java.lang.Class<java.lang.ref.ReferenceQueue>)
F/art     ( 4045): art/runtime/runtime.cc:284]   at java.lang.Thread.run(Thread.java:818)
F/art     ( 4045): art/runtime/runtime.cc:284] 
F/art     ( 4045): art/runtime/runtime.cc:284] "FinalizerDaemon" prio=5 tid=3 Waiting
F/art     ( 4045): art/runtime/runtime.cc:284]   | group="" sCount=0 dsCount=0 obj=0x12f06920 self=0xb5107c00
F/art     ( 4045): art/runtime/runtime.cc:284]   | sysTid=4208 nice=0 cgrp=default sched=0/0 handle=0xac721080
F/art     ( 4045): art/runtime/runtime.cc:284]   | state=S schedstat=( 12369876 58666 52 ) utm=0 stm=1 core=7 HZ=100
F/art     ( 4045): art/runtime/runtime.cc:284]   | stack=0xa9bfe000-0xa9c00000 stackSize=1036KB
F/art     ( 4045): art/runtime/runtime.cc:284]   | held mutexes=
F/art     ( 4045): art/runtime/runtime.cc:284]   kernel: (couldn't read /proc/self/task/4208/stack)
F/art     ( 4045): art/runtime/runtime.cc:284]   native: #00 pc 00010114  /system/lib/libc.so (syscall+28)
F/art     ( 4045): art/runtime/runtime.cc:284]   native: #01 pc 000a9553  /system/lib/libart.so (art::ConditionVariable::Wait(art::Thread*)+98)
F/art     ( 4045): art/runtime/runtime.cc:284]   native: #02 pc 001f4c89  /system/lib/libart.so (art::Monitor::Wait(art::Thread*, long long, int, bool, art::ThreadState)+1036)
F/art     ( 4045): art/runtime/runtime.cc:284]   native: #03 pc 001f634d  /system/lib/libart.so (art::Monitor::Wait(art::Thread*, art::mirror::Object*, long long, int, bool, art::ThreadState)+136)
F/art     ( 4045): art/runtime/runtime.cc:284]   native: #04 pc 00203875  /system/lib/libart.so (art::Object_waitJI(_JNIEnv*, _jobject*, long long, int)+44)
F/art     ( 4045): art/runtime/runtime.cc:284]   native: #05 pc 000a23b1  /system/lib/libart.so (art_quick_generic_jni_trampoline+32)
F/art     ( 4045): art/runtime/runtime.cc:284]   native: #06 pc 00000934  /dev/ashmem/dalvik-non moving space (deleted) (???)
F/art     ( 4045): art/runtime/runtime.cc:284]   at java.lang.Object.wait!(Native method)
F/art     ( 4045): art/runtime/runtime.cc:284]   - waiting on <0x3329c54a> (a java.lang.ref.ReferenceQueue)
F/art     ( 4045): art/runtime/runtime.cc:284]   at java.lang.Object.wait(Object.java:422)
F/art     ( 4045): art/runtime/runtime.cc:284]   at java.lang.ref.ReferenceQueue.remove(ReferenceQueue.java:101)
F/art     ( 4045): art/runtime/runtime.cc:284]   - locked <0x3329c54a> (a java.lang.ref.ReferenceQueue)
F/art     ( 4045): art/runtime/runtime.cc:284]   at java.lang.ref.ReferenceQueue.remove(ReferenceQueue.java:72)
F/art     ( 4045): art/runtime/runtime.cc:284]   at java.lang.Daemons$FinalizerDaemon.run(Daemons.java:173)
F/art     ( 4045): art/runtime/runtime.cc:284]   at java.lang.Thread.run(Thread.java:818)
F/art     ( 4045): art/runtime/runtime.cc:284] 
F/art     ( 4045): art/runtime/runtime.cc:284] "FinalizerWatchdogDaemon" prio=5 tid=4 Sleeping
F/art     ( 4045): art/runtime/runtime.cc:284]   | group="" sCount=0 dsCount=0 obj=0x12f06980 self=0xb5108400
F/art     ( 4045): art/runtime/runtime.cc:284]   | sysTid=4210 nice=0 cgrp=default sched=0/0 handle=0xac721580
F/art     ( 4045): art/runtime/runtime.cc:284]   | state=S schedstat=( 1516375 937917 3 ) utm=0 stm=0 core=4 HZ=100
F/art     ( 4045): art/runtime/runtime.cc:284]   | stack=0xa98fe000-0xa9900000 stackSize=1036KB
F/art     ( 4045): art/runtime/runtime.cc:284]   | held mutexes=
F/art     ( 4045): art/runtime/runtime.cc:284]   kernel: (couldn't read /proc/self/task/4210/stack)
F/art     ( 4045): art/runtime/runtime.cc:284]   native: #00 pc 00010118  /system/lib/libc.so (syscall+32)
F/art     ( 4045): art/runtime/runtime.cc:284]   native: #01 pc 000a92df  /system/lib/libart.so (art::ConditionVariable::TimedWait(art::Thread*, long long, int)+118)
F/art     ( 4045): art/runtime/runtime.cc:284]   native: #02 pc 001f4a75  /system/lib/libart.so (art::Monitor::Wait(art::Thread*, long long, int, bool, art::ThreadState)+504)
F/art     ( 4045): art/runtime/runtime.cc:284]   native: #03 pc 001f634d  /system/lib/libart.so (art::Monitor::Wait(art::Thread*, art::mirror::Object*, long long, int, bool, art::ThreadState)+136)
F/art     ( 4045): art/runtime/runtime.cc:284]   native: #04 pc 000a23b1  /system/lib/libart.so (art_quick_generic_jni_trampoline+32)
F/art     ( 4045): art/runtime/runtime.cc:284]   native: #05 pc 00038154  /dev/ashmem/dalvik-non moving space (deleted) (???)
F/art     ( 4045): art/runtime/runtime.cc:284]   at java.lang.Thread.sleep!(Native method)
F/art     ( 4045): art/runtime/runtime.cc:284]   - sleeping on <0x2421bcbb> (a java.lang.Object)
F/art     ( 4045): art/runtime/runtime.cc:284]   at java.lang.Thread.sleep(Thread.java:1031)
F/art     ( 4045): art/runtime/runtime.cc:284]   - locked <0x2421bcbb> (a java.lang.Object)
F/art     ( 4045): art/runtime/runtime.cc:284]   at java.lang.Thread.sleep(Thread.java:985)
F/art     ( 4045): art/runtime/runtime.cc:284]   at java.lang.Daemons$FinalizerWatchdogDaemon.sleepFor(Daemons.java:257)
F/art     ( 4045): art/runtime/runtime.cc:284]   at java.lang.Daemons$FinalizerWatchdogDaemon.waitForFinalization(Daemons.java:268)
F/art     ( 4045): art/runtime/runtime.cc:284]   at java.lang.Daemons$FinalizerWatchdogDaemon.run(Daemons.java:216)
F/art     ( 4045): art/runtime/runtime.cc:284]   at java.lang.Thread.run(Thread.java:818)
F/art     ( 4045): art/runtime/runtime.cc:284] 
F/art     ( 4045): art/runtime/runtime.cc:284] "HeapTrimmerDaemon" prio=5 tid=5 Waiting
F/art     ( 4045): art/runtime/runtime.cc:284]   | group="" sCount=0 dsCount=0 obj=0x12f069e0 self=0xb5108800
F/art     ( 4045): art/runtime/runtime.cc:284]   | sysTid=4212 nice=0 cgrp=default sched=0/0 handle=0xac721800
F/art     ( 4045): art/runtime/runtime.cc:284]   | state=S schedstat=( 1276000 0 1 ) utm=0 stm=0 core=5 HZ=100
F/art     ( 4045): art/runtime/runtime.cc:284]   | stack=0xa95fe000-0xa9600000 stackSize=1036KB
F/art     ( 4045): art/runtime/runtime.cc:284]   | held mutexes=
F/art     ( 4045): art/runtime/runtime.cc:284]   kernel: (couldn't read /proc/self/task/4212/stack)
F/art     ( 4045): art/runtime/runtime.cc:284]   native: #00 pc 00010114  /system/lib/libc.so (syscall+28)
F/art     ( 4045): art/runtime/runtime.cc:284]   native: #01 pc 000a9553  /system/lib/libart.so (art::ConditionVariable::Wait(art::Thread*)+98)
F/art     ( 4045): art/runtime/runtime.cc:284]   native: #02 pc 001f4c89  /system/lib/libart.so (art::Monitor::Wait(art::Thread*, long long, int, bool, art::ThreadState)+1036)
F/art     ( 4045): art/runtime/runtime.cc:284]   native: #03 pc 001f634d  /system/lib/libart.so (art::Monitor::Wait(art::Thread*, art::mirror::Object*, long long, int, bool, art::ThreadState)+136)
F/art     ( 4045): art/runtime/runtime.cc:284]   native: #04 pc 002038ad  /system/lib/libart.so (art::Object_wait(_JNIEnv*, _jobject*)+40)
F/art     ( 4045): art/runtime/runtime.cc:284]   native: #05 pc 000a23b1  /system/lib/libart.so (art_quick_generic_jni_trampoline+32)
F/art     ( 4045): art/runtime/runtime.cc:284]   native: #06 pc 002024d4  /dev/ashmem/dalvik-classes.dex extracted in memory from /system/framework/core-libart.jar (deleted) (???)
F/art     ( 4045): art/runtime/runtime.cc:284]   at java.lang.Object.wait!(Native method)
F/art     ( 4045): art/runtime/runtime.cc:284]   - waiting on <0x1d8085d8> (a java.lang.Daemons$HeapTrimmerDaemon)
F/art     ( 4045): art/runtime/runtime.cc:284]   at java.lang.Daemons$HeapTrimmerDaemon.run(Daemons.java:310)
F/art     ( 4045): art/runtime/runtime.cc:284]   - locked <0x1d8085d8> (a java.lang.Daemons$HeapTrimmerDaemon)
F/art     ( 4045): art/runtime/runtime.cc:284]   at java.lang.Thread.run(Thread.java:818)
F/art     ( 4045): art/runtime/runtime.cc:284] 
F/art     ( 4045): art/runtime/runtime.cc:284] "GCDaemon" prio=5 tid=6 Waiting
F/art     ( 4045): art/runtime/runtime.cc:284]   | group="" sCount=0 dsCount=0 obj=0x12f06a40 self=0xb5108c00
F/art     ( 4045): art/runtime/runtime.cc:284]   | sysTid=4214 nice=0 cgrp=default sched=0/0 handle=0xac721a80
F/art     ( 4045): art/runtime/runtime.cc:284]   | state=S schedstat=( 26483749 18167 10 ) utm=2 stm=0 core=4 HZ=100
F/art     ( 4045): art/runtime/runtime.cc:284]   | stack=0xa92fe000-0xa9300000 stackSize=1036KB
F/art     ( 4045): art/runtime/runtime.cc:284]   | held mutexes=
F/art     ( 4045): art/runtime/runtime.cc:284]   kernel: (couldn't read /proc/self/task/4214/stack)
F/art     ( 4045): art/runtime/runtime.cc:284]   native: #00 pc 00010114  /system/lib/libc.so (syscall+28)
F/art     ( 4045): art/runtime/runtime.cc:284]   native: #01 pc 000a9553  /system/lib/libart.so (art::ConditionVariable::Wait(art::Thread*)+98)
F/art     ( 4045): art/runtime/runtime.cc:284]   native: #02 pc 001f4c89  /system/lib/libart.so (art::Monitor::Wait(art::Thread*, long long, int, bool, art::ThreadState)+1036)
F/art     ( 4045): art/runtime/runtime.cc:284]   native: #03 pc 001f634d  /system/lib/libart.so (art::Monitor::Wait(art::Thread*, art::mirror::Object*, long long, int, bool, art::ThreadState)+136)
F/art     ( 4045): art/runtime/runtime.cc:284]   native: #04 pc 002038ad  /system/lib/libart.so (art::Object_wait(_JNIEnv*, _jobject*)+40)
F/art     ( 4045): art/runtime/runtime.cc:284]   native: #05 pc 000a23b1  /system/lib/libart.so (art_quick_generic_jni_trampoline+32)
F/art     ( 4045): art/runtime/runtime.cc:284]   native: #06 pc 002024d4  /dev/ashmem/dalvik-classes.dex extracted in memory from /system/framework/core-libart.jar (deleted) (???)
F/art     ( 4045): art/runtime/runtime.cc:284]   at java.lang.Object.wait!(Native method)
F/art     ( 4045): art/runtime/runtime.cc:284]   - waiting on <0x1590fd31> (a java.lang.Daemons$GCDaemon)
F/art     ( 4045): art/runtime/runtime.cc:284]   at java.lang.Daemons$GCDaemon.run(Daemons.java:341)
F/art     ( 4045): art/runtime/runtime.cc:284]   - locked <0x1590fd31> (a java.lang.Daemons$GCDaemon)
F/art     ( 4045): art/runtime/runtime.cc:284]   at java.lang.Thread.run(Thread.java:818)
F/art     ( 4045): art/runtime/runtime.cc:284] 
F/art     ( 4045): art/runtime/runtime.cc:284] 
F/libc    ( 4045): Fatal signal 6 (SIGABRT), code -6 in tid 4045 (main)
I/libc    ( 4045): Suppressing debuggerd output because prctl(PR_GET_DUMPABLE)==0
E/display ( 3673): invalid gralloc handle (at 0x0)
E/display ( 3673): invalid gralloc handle (at 0x0)
I/ServiceManager( 3670): service 'media.audio_flinger' died
E/display ( 3673): invalid gralloc handle (at 0x0)
E/display ( 3673): invalid gralloc handle (at 0x0)
E/display ( 3673): invalid gralloc handle (at 0x0)
E/display ( 3673): invalid gralloc handle (at 0x0)
E/display ( 3673): invalid gralloc handle (at 0x0)
E/display ( 3673): invalid gralloc handle (at 0x0)
E/display ( 3673): invalid gralloc handle (at 0x0)
E/display ( 3673): invalid gralloc handle (at 0x0)
E/display ( 3673): invalid gralloc handle (at 0x0)
E/display ( 3673): invalid gralloc handle (at 0x0)
E/display ( 3673): invalid gralloc handle (at 0x0)
E/display ( 3673): invalid gralloc handle (at 0x0)
E/display ( 3673): invalid gralloc handle (at 0x0)
E/display ( 3673): invalid gralloc handle (at 0x0)
E/display ( 3673): invalid gralloc handle (at 0x0)
E/display ( 3673): invalid gralloc handle (at 0x0)
E/display ( 3673): invalid gralloc handle (at 0x0)
E/display ( 3673): invalid gralloc handle (at 0x0)
E/display ( 3673): invalid gralloc handle (at 0x0)
E/display ( 3673): invalid gralloc handle (at 0x0)
E/display ( 3673): invalid gralloc handle (at 0x0)
E/display ( 3673): invalid gralloc handle (at 0x0)
E/display ( 3673): invalid gralloc handle (at 0x0)
E/display ( 3673): invalid gralloc handle (at 0x0)
E/display ( 3673): invalid gralloc handle (at 0x0)
E/display ( 3673): invalid gralloc handle (at 0x0)
E/display ( 3673): invalid gralloc handle (at 0x0)
I/Netd    ( 4273): Netd 1.0 starting
E/Netd    ( 4273): Failed to open /proc/sys/net/ipv6/conf/default/accept_ra_rt_table: No such file or directory
E/Netd    ( 4273): Failed to open /proc/sys/net/ipv6/conf/ip6tnl0/accept_ra_rt_table: No such file or directory
E/Netd    ( 4273): Failed to open /proc/sys/net/ipv6/conf/lo/accept_ra_rt_table: No such file or directory
E/Netd    ( 4273): Failed to open /proc/sys/net/ipv6/conf/rmnet0/accept_ra_rt_table: No such file or directory
E/Netd    ( 4273): Failed to open /proc/sys/net/ipv6/conf/rmnet1/accept_ra_rt_table: No such file or directory
E/Netd    ( 4273): Failed to open /proc/sys/net/ipv6/conf/rmnet2/accept_ra_rt_table: No such file or directory
E/Netd    ( 4273): Failed to open /proc/sys/net/ipv6/conf/rmnet3/accept_ra_rt_table: No such file or directory
E/Netd    ( 4273): Failed to open /proc/sys/net/ipv6/conf/sit0/accept_ra_rt_table: No such file or directory
E/display ( 3673): invalid gralloc handle (at 0x0)
E/display ( 3673): invalid gralloc handle (at 0x0)
E/display ( 3673): invalid gralloc handle (at 0x0)
D/AndroidRuntime( 4276): 
D/AndroidRuntime( 4276): >>>>>> AndroidRuntime START com.android.internal.os.ZygoteInit <<<<<<
I/mediaserver( 4274): ServiceManager: 0xb60500c0
I/AudioFlinger( 4274): Using default 3000 mSec as standby time.
I/ServiceManager( 4274): Waiting for service batterystats...
D/AndroidRuntime( 4276): CheckJNI is OFF
I/art     ( 4276): option[0]=-Xzygote
I/art     ( 4276): option[1]=-Xstacktracefile:/data/anr/traces.txt
I/art     ( 4276): option[2]=exit
I/art     ( 4276): option[3]=vfprintf
I/art     ( 4276): option[4]=sensitiveThread
I/art     ( 4276): option[5]=-verbose:gc
I/art     ( 4276): option[6]=-Xms8m
I/art     ( 4276): option[7]=-Xmx512m
I/art     ( 4276): option[8]=-XX:mainThreadStackSize=24K
I/art     ( 4276): option[9]=-XX:HeapGrowthLimit=128m
I/art     ( 4276): option[10]=-XX:HeapMinFree=2m
I/art     ( 4276): option[11]=-XX:HeapMaxFree=8m
I/art     ( 4276): option[12]=-XX:HeapTargetUtilization=0.75
I/art     ( 4276): option[13]=-agentlib:jdwp=transport=dt_android_adb,suspend=n,server=y
I/art     ( 4276): option[14]=-Xlockprofthreshold:500
I/art     ( 4276): option[15]=-Ximage-compiler-option
I/art     ( 4276): option[16]=--runtime-arg
I/art     ( 4276): option[17]=-Ximage-compiler-option
I/art     ( 4276): option[18]=-Xms64m
I/art     ( 4276): option[19]=-Ximage-compiler-option
I/art     ( 4276): option[20]=--runtime-arg
I/art     ( 4276): option[21]=-Ximage-compiler-option
I/art     ( 4276): option[22]=-Xmx64m
I/art     ( 4276): option[23]=-Ximage-compiler-option
I/art     ( 4276): option[24]=--image-classes-zip=/system/framework/framework.jar
I/art     ( 4276): option[25]=-Ximage-compiler-option
I/art     ( 4276): option[26]=--image-classes=preloaded-classes
I/art     ( 4276): option[27]=-Xcompiler-option
I/art     ( 4276): option[28]=--runtime-arg
I/art     ( 4276): option[29]=-Xcompiler-option
I/art     ( 4276): option[30]=-Xms64m
I/art     ( 4276): option[31]=-Xcompiler-option
I/art     ( 4276): option[32]=--runtime-arg
I/art     ( 4276): option[33]=-Xcompiler-option
I/art     ( 4276): option[34]=-Xmx512m
I/art     ( 4276): option[35]=-Duser.language=es
I/art     ( 4276): option[36]=-Duser.region=US
I/art     ( 4276): Pruning dalvik-cache since we are generating an image and will need to recompile
I/art     ( 4276): Using an offset of 0xff6fd000 from default art base address of 0x70000000
I/art     ( 4276): GenerateImage: /system/bin/dex2oat --image=/data/dalvik-cache/arm/system@framework@boot.art --dex-file=/system/framework/core-libart.jar --dex-file=/system/framework/conscrypt.jar --dex-file=/system/framework/okhttp.jar --dex-file=/system/framework/core-junit.jar --dex-file=/system/framework/bouncycastle.jar --dex-file=/system/framework/ext.jar --dex-file=/system/framework/framework.jar --dex-file=/system/framework/telephony-common.jar --dex-file=/system/framework/voip-common.jar --dex-file=/system/framework/ims-common.jar --dex-file=/system/framework/mms-common.jar --dex-file=/system/framework/android.policy.jar --dex-file=/system/framework/apache-xml.jar --oat-file=/data/dalvik-cache/arm/system@framework@boot.oat --instruction-set=arm --instruction-set-features=div --base=0x6f6fd000 --runtime-arg -Xms64m --runtime-arg -Xmx64m --image-classes-zip=/system/framework/framework.jar --image-classes=preloaded-classes
W/art     ( 4276): Could not create image space with image file '/system/framework/boot.art'. Attempting to fall back to imageless running. Error was: Failed to generate image '/data/dalvik-cache/arm/system@framework@boot.art': Failed execv(/system/bin/dex2oat --image=/data/dalvik-cache/arm/system@framework@boot.art --dex-file=/system/framework/core-libart.jar --dex-file=/system/framework/conscrypt.jar --dex-file=/system/framework/okhttp.jar --dex-file=/system/framework/core-junit.jar --dex-file=/system/framework/bouncycastle.jar --dex-file=/system/framework/ext.jar --dex-file=/system/framework/framework.jar --dex-file=/system/framework/telephony-common.jar --dex-file=/system/framework/voip-common.jar --dex-file=/system/framework/ims-common.jar --dex-file=/system/framework/mms-common.jar --dex-file=/system/framework/android.policy.jar --dex-file=/system/framework/apache-xml.jar --oat-file=/data/dalvik-cache/arm/system@framework@boot.oat --instruction-set=arm --instruction-set-features=div --base=0x6f6fd000 --runtime-arg -Xms64
E/display ( 3673): invalid gralloc handle (at 0x0)
E/display ( 3673): invalid gralloc handle (at 0x0)
E/display ( 3673): invalid gralloc handle (at 0x0)
E/display ( 3673): invalid gralloc handle (at 0x0)
E/display ( 3673): invalid gralloc handle (at 0x0)
E/display ( 3673): invalid gralloc handle (at 0x0)
E/display ( 3673): invalid gralloc handle (at 0x0)
E/display ( 3673): invalid gralloc handle (at 0x0)
E/display ( 3673): invalid gralloc handle (at 0x0)
E/display ( 3673): invalid gralloc handle (at 0x0)
E/display ( 3673): invalid gralloc handle (at 0x0)
E/display ( 3673): invalid gralloc handle (at 0x0)
E/display ( 3673): invalid gralloc handle (at 0x0)
E/display ( 3673): invalid gralloc handle (at 0x0)
E/display ( 3673): invalid gralloc handle (at 0x0)
E/display ( 3673): invalid gralloc handle (at 0x0)
E/display ( 3673): invalid gralloc handle (at 0x0)
E/display ( 3673): invalid gralloc handle (at 0x0)
E/display ( 3673): invalid gralloc handle (at 0x0)
E/display ( 3673): invalid gralloc handle (at 0x0)
E/display ( 3673): invalid gralloc handle (at 0x0)
E/display ( 3673): invalid gralloc handle (at 0x0)
E/display ( 3673): invalid gralloc handle (at 0x0)
I/ServiceManager( 4274): Waiting for service batterystats...
E/display ( 3673): invalid gralloc handle (at 0x0)
E/display ( 3673): invalid gralloc handle (at 0x0)
E/display ( 3673): invalid gralloc handle (at 0x0)
E/display ( 3673): invalid gralloc handle (at 0x0)
E/display ( 3673): invalid gralloc handle (at 0x0)
E/display ( 3673): invalid gralloc handle (at 0x0)
V/NatController( 4273): runCmd(/system/bin/iptables -F natctrl_FORWARD) res=0
E/display ( 3673): invalid gralloc handle (at 0x0)
V/NatController( 4273): runCmd(/system/bin/iptables -A natctrl_FORWARD -j DROP) res=0
V/NatController( 4273): runCmd(/system/bin/iptables -t nat -F natctrl_nat_POSTROUTING) res=0
V/NatController( 4273): runCmd(/system/bin/iptables -F natctrl_tether_counters) res=0
V/NatController( 4273): runCmd(/system/bin/iptables -X natctrl_tether_counters) res=0
V/NatController( 4273): runCmd(/system/bin/iptables -N natctrl_tether_counters) res=0
E/display ( 3673): invalid gralloc handle (at 0x0)
V/NatController( 4273): runCmd(/system/bin/iptables -t mangle -A natctrl_mangle_FORWARD -p tcp --tcp-flags SYN SYN -j TCPMSS --clamp-mss-to-pmtu) res=0
E/display ( 3673): invalid gralloc handle (at 0x0)
E/display ( 3673): invalid gralloc handle (at 0x0)
E/display ( 3673): invalid gralloc handle (at 0x0)
E/display ( 3673): invalid gralloc handle (at 0x0)
E/display ( 3673): invalid gralloc handle (at 0x0)
E/display ( 3673): invalid gralloc handle (at 0x0)
E/display ( 3673): invalid gralloc handle (at 0x0)
E/display ( 3673): invalid gralloc handle (at 0x0)
E/display ( 3673): invalid gralloc handle (at 0x0)
E/memtrack( 4276): Couldn't load memtrack module (No such file or directory)
E/android.os.Debug( 4276): failed to load memtrack module: -2
