W/PackageParser( 5210): No actions in intent filter at /system/app/Bluetooth/Bluetooth.apk Binary XML file line #229
W/PackageParser( 5210): No actions in intent filter at /system/app/CMFileManager/CMFileManager.apk Binary XML file line #155
W/PackageParser( 5210): Unknown element under <application>: permission at /system/app/Gallery2/Gallery2.apk Binary XML file line #273
W/PackageParser( 5210): Unknown element under <application>: permission at /system/app/Gallery2/Gallery2.apk Binary XML file line #276
W/PackageManager( 5210): Failed to parse /system/app/mcRegistry: Missing base APK in /system/app/mcRegistry
D/PackageManager( 5210): No files in app dir /system/vendor/app
D/PackageManager( 5210): No files in app dir /oem/app
D/PackageManager( 5210): No files in app dir /vendor/bundled-app
W/PackageManager( 5210): Failed to parse /data/app/mcRegistry: No packages found in split
D/PackageManager( 5210): No files in app dir /data/app-private
W/PackageManager( 5210): Package com.android.gallery3d desires unavailable shared library com.google.android.media.effects; ignoring!
W/PackageManager( 5210): Package com.android.gallery3d desires unavailable shared library com.google.android.media.effects; ignoring!
E/PackageManager( 5210): updateAllSharedLibrariesLPw failed: Package com.android.dialer requires unavailable shared library com.qualcomm.qti.smartsearch; failing!
W/PackageManager( 5210): Package com.android.calculator2 desires unavailable shared library com.sec.android.app.multiwindow; ignoring!
W/PackageManager( 5210): Package com.android.mms desires unavailable shared library com.qrd.wappush; ignoring!
I/PackageManager( 5210): Adjusting ABI for : com.android.development to armeabi-v7a
I/PackageManager( 5210): Adjusting ABI for : com.android.keychain to armeabi-v7a
I/PackageManager( 5210): Adjusting ABI for : com.android.location.fused to armeabi-v7a
I/PackageManager( 5210): Adjusting ABI for : com.cyanogenmod.setupwizard to armeabi-v7a
I/PackageManager( 5210): Adjusting ABI for : com.android.settings to armeabi-v7a
I/PackageManager( 5210): Adjusting ABI for : com.android.providers.settings to armeabi-v7a
I/PackageManager( 5210): Adjusting ABI for : com.android.inputdevices to armeabi-v7a
I/PackageManager( 5210): Time to scan packages: 0.856 seconds
W/PackageManager( 5210): Unknown permission com.google.android.googleapps.permission.GOOGLE_AUTH.mail in package com.android.calendar
W/PackageManager( 5210): Unknown permission com.qualcomm.permission.USE_PHONE_SERVICE in package com.android.dialer
W/PackageManager( 5210): Unknown permission android.permission.ACCESS_SUPERUSER in package com.cyanogenmod.filemanager
W/PackageManager( 5210): Unknown permission com.cyanogenmod.filemanager.permissions.READ_THEME in package com.cyanogenmod.filemanager
W/PackageManager( 5210): Unknown permission com.cyngn.cmstats.SEND_ANALYTICS in package com.cyanogenmod.setupwizard
W/PackageManager( 5210): Unknown permission com.google.android.gallery3d.permission.PICASA_STORE in package com.android.dreams.phototable
W/PackageManager( 5210): Unknown permission com.google.android.googleapps.permission.GOOGLE_AUTH in package com.android.settings
W/PackageManager( 5210): Unknown permission com.android.launcher.permission.READ_SETTINGS in package com.android.settings
W/PackageManager( 5210): Unknown permission com.android.launcher.permission.WRITE_SETTINGS in package com.android.settings
W/PackageManager( 5210): Not granting permission android.permission.DELETE_PACKAGES to package com.svox.pico (protectionLevel=18 flags=0x8be45)
W/PackageManager( 5210): Unknown permission com.google.android.c2dm.permission.RECEIVE in package org.whispersystems.whisperpush
W/PackageManager( 5210): Not granting permission android.permission.BIND_WALLPAPER to package com.android.camera2 (protectionLevel=18 flags=0x58bc45)
W/PackageManager( 5210): Unknown permission com.google.android.gallery3d.permission.GALLERY_PROVIDER in package com.android.bluetooth
W/PackageManager( 5210): Unknown permission com.android.launcher.permission.READ_SETTINGS in package com.android.onetimeinitializer
W/PackageManager( 5210): Unknown permission com.android.launcher.permission.WRITE_SETTINGS in package com.android.onetimeinitializer
W/PackageManager( 5210): Unknown permission com.google.android.c2dm.permission.RECEIVE in package com.cyanogenmod.account
W/PackageManager( 5210): Not granting permission android.permission.DEVICE_POWER to package com.android.deskclock (protectionLevel=2 flags=0x48be45)
W/PackageManager( 5210): Unknown permission com.android.deskclock.worldclock.permissions.WRITE_DATABASE in package com.android.deskclock
W/PackageManager( 5210): Unknown permission com.google.android.googleapps.permission.GOOGLE_AUTH in package com.android.providers.calendar
W/PackageManager( 5210): Unknown permission com.google.android.googleapps.permission.GOOGLE_AUTH.cl in package com.android.providers.calendar
W/PackageManager( 5210): Not granting permission android.permission.WRITE_MEDIA_STORAGE to package com.android.soundrecorder (protectionLevel=18 flags=0x8be45)
W/PackageManager( 5210): Unknown permission android.permission.INSTALL_DRM in package com.android.mms
W/PackageManager( 5210): Unknown permission com.qualcomm.permission.USE_PHONE_SERVICE in package com.android.mms
W/PackageManager( 5210): Not granting permission android.permission.MANAGE_DOCUMENTS to package com.android.mms (protectionLevel=2 flags=0x4049be65)
W/PackageManager( 5210): Not granting permission android.permission.ACCESS_DOWNLOAD_MANAGER to package com.android.browser (protectionLevel=18 flags=0x49be45)
W/PackageManager( 5210): Not granting permission android.permission.SEND_DOWNLOAD_COMPLETED_INTENTS to package com.android.browser (protectionLevel=2 flags=0x49be45)
W/PackageManager( 5210): Unknown permission com.google.android.googleapps.permission.ACCESS_GOOGLE_PASSWORD in package com.android.development
W/PackageManager( 5210): Unknown permission com.google.android.googleapps.permission.GOOGLE_AUTH in package com.android.development
W/PackageManager( 5210): Unknown permission com.google.android.googleapps.permission.GOOGLE_AUTH.ALL_SERVICES in package com.android.development
W/PackageManager( 5210): Unknown permission com.google.android.googleapps.permission.GOOGLE_AUTH.YouTubeUser in package com.android.development
W/PackageManager( 5210): Unknown permission com.android.launcher.permission.READ_SETTINGS in package com.cyanogenmod.trebuchet
W/PackageManager( 5210): Unknown permission com.android.launcher.permission.WRITE_SETTINGS in package com.cyanogenmod.trebuchet
W/PackageManager( 5210): Unknown permission android.permission.CANCEL_NOTIFICATIONS in package org.cyanogenmod.theme.chooser
V/PackageManager( 5210): Disabling com.google.android.gsf/com.google.android.gsf.update.SystemUpdateActivity
W/PackageManager( 5210): Unable to disable com.google.android.gsf/com.google.android.gsf.update.SystemUpdateActivity
V/PackageManager( 5210): Disabling com.google.android.gsf/com.google.android.gsf.update.SystemUpdateService$Receiver
W/PackageManager( 5210): Unable to disable com.google.android.gsf/com.google.android.gsf.update.SystemUpdateService$Receiver
V/PackageManager( 5210): Disabling com.google.android.gsf/com.google.android.gsf.update.SystemUpdateService$SecretCodeReceiver
W/PackageManager( 5210): Unable to disable com.google.android.gsf/com.google.android.gsf.update.SystemUpdateService$SecretCodeReceiver
V/PackageManager( 5210): Disabling com.google.android.gms/com.google.android.gms.update.SystemUpdateActivity
W/PackageManager( 5210): Unable to disable com.google.android.gms/com.google.android.gms.update.SystemUpdateActivity
V/PackageManager( 5210): Disabling com.google.android.gms/com.google.android.gms.update.SystemUpdateService$Receiver
W/PackageManager( 5210): Unable to disable com.google.android.gms/com.google.android.gms.update.SystemUpdateService$Receiver
V/PackageManager( 5210): Disabling com.google.android.gms/com.google.android.gms.update.SystemUpdateService$ActiveReceiver
W/PackageManager( 5210): Unable to disable com.google.android.gms/com.google.android.gms.update.SystemUpdateService$ActiveReceiver
V/PackageManager( 5210): Disabling com.google.android.gms/com.google.android.gms.update.SystemUpdateService$SecretCodeReceiver
W/PackageManager( 5210): Unable to disable com.google.android.gms/com.google.android.gms.update.SystemUpdateService$SecretCodeReceiver
V/PackageManager( 5210): Enabling com.google.android.gsf/com.google.android.gsf.update.SystemUpdateService
W/PackageManager( 5210): Unable to enable com.google.android.gsf/com.google.android.gsf.update.SystemUpdateService
V/PackageManager( 5210): Enabling com.google.android.gms/com.google.android.gms.update.SystemUpdateService
W/PackageManager( 5210): Unable to enable com.google.android.gms/com.google.android.gms.update.SystemUpdateService
D/MDnsDS  ( 5057): MDnsSdListener::Hander starting up
D/MDnsDS  ( 5057): MDnsSdListener starting to monitor
D/MDnsDS  ( 5057): Going to poll with pollCount 1
I/art     ( 5210): Explicit concurrent mark sweep GC freed 112931(6MB) AllocSpace objects, 47(752KB) LOS objects, 33% free, 18MB/27MB, paused 1.006ms total 43.435ms
I/SystemServer( 5210): User Service
I/lowmemorykiller( 3670): ActivityManager connected
I/SystemServiceManager( 5210): Starting com.android.server.lights.LightsService
I/SystemServiceManager( 5210): Starting com.android.server.BatteryService
I/SystemServiceManager( 5210): Starting com.android.server.usage.UsageStatsService
I/SystemServiceManager( 5210): Starting com.android.server.webkit.WebViewUpdateService
I/SystemServer( 5210): Reading configuration...
I/SystemServer( 5210): Scheduling Policy
I/SystemServer( 5210): Telephony Registry
I/SystemServer( 5210): Entropy Mixer
I/EntropyMixer( 5210): Added HW RNG output to entropy pool
I/EntropyMixer( 5210): Writing entropy...
I/SystemServer( 5210): Account Manager
I/SystemServer( 5210): Content Manager
I/SystemServer( 5210): System Content Providers
W/ActivityManager( 5210): Can't addPackageDependency on system process
W/CoreSettingsObserver( 5210): Cannot find setting "debug_view_attributes"
W/CoreSettingsObserver( 5210): android.provider.Settings$SettingNotFoundException: debug_view_attributes
W/CoreSettingsObserver( 5210): 	at android.provider.Settings$Global.getInt(Settings.java:8060)
W/CoreSettingsObserver( 5210): 	at com.android.server.am.CoreSettingsObserver.populateSettings(CoreSettingsObserver.java:129)
W/CoreSettingsObserver( 5210): 	at com.android.server.am.CoreSettingsObserver.sendCoreSettings(CoreSettingsObserver.java:82)
W/CoreSettingsObserver( 5210): 	at com.android.server.am.CoreSettingsObserver.<init>(CoreSettingsObserver.java:65)
W/CoreSettingsObserver( 5210): 	at com.android.server.am.ActivityManagerService.installSystemProviders(ActivityManagerService.java:9976)
W/CoreSettingsObserver( 5210): 	at com.android.server.SystemServer.startOtherServices(SystemServer.java:482)
W/CoreSettingsObserver( 5210): 	at com.android.server.SystemServer.run(SystemServer.java:284)
W/CoreSettingsObserver( 5210): 	at com.android.server.SystemServer.main(SystemServer.java:185)
W/CoreSettingsObserver( 5210): 	at java.lang.reflect.Method.invoke(Native Method)
W/CoreSettingsObserver( 5210): 	at java.lang.reflect.Method.invoke(Method.java:372)
W/CoreSettingsObserver( 5210): 	at com.android.internal.os.ZygoteInit$MethodAndArgsCaller.run(ZygoteInit.java:898)
W/CoreSettingsObserver( 5210): 	at com.android.internal.os.ZygoteInit.main(ZygoteInit.java:693)
I/SystemServer( 5210): Vibrator Service
I/SystemServer( 5210): Consumer IR Service
I/SystemServiceManager( 5210): Starting com.android.server.AlarmManagerService
I/SystemServer( 5210): Init Watchdog
I/SystemServer( 5210): Input Manager
I/InputManager( 5210): Initializing input manager, mUseDevInputEventForAudioJack=false
I/SystemServer( 5210): Window Manager
I/WindowManager( 5210): No existing display settings /data/system/display_settings.xml; starting empty
W/SurfaceFlinger( 3688): Ignoring duplicate VSYNC event from HWC (t=36540189128)
W/Settings( 5210): Setting dev_force_show_navbar has moved from android.provider.Settings.System to android.provider.Settings.Secure, returning Secure URI.
I/InputManager( 5210): Starting input manager
I/SystemServer( 5210): Bluetooth Manager Service
D/BluetoothManagerService( 5210): Loading stored name and address
D/BluetoothManagerService( 5210): Stored bluetooth Name=null,Address=null
I/SystemServer( 5210): Input Method Service
D/EventHub( 5210): No input device configuration file found for device 'hrm_sensor'.
W/InputMethodManagerService( 5210): Couldn't create dir.: /data/system/inputmethod
W/InputMethodManagerService( 5210): No IME selected. Choose the most applicable IME.
I/InputMethodManagerService( 5210): No default found, using com.android.inputmethod.latin/.LatinIME
I/SystemServer( 5210): Accessibility Manager
D/EventHub( 5210): No input device configuration file found for device 'ssp_context'.
I/ActivityManager( 5210): Config changes=1df8 {1.0 ?mcc?mnc en_US ldltr sw360dp w360dp h640dp 480dpi nrml long port ?uimode ?night -touch -keyb/h/h -nav/h s.2 themeResource=null}
I/ActivityManager( 5210): Config changes=400 {1.0 ?mcc?mnc en_US ldltr sw360dp w360dp h615dp 480dpi nrml long port ?uimode ?night -touch -keyb/h/h -nav/h s.3 themeResource=null}
I/UsageStatsService( 5210): User[0] Rollover scheduled @ 2015-07-16 00:00:00(1437004800000)
I/SystemServer( 5210): Mount Service
I/AudioFlinger( 5058): AudioFlinger's thread 0xb61ba000 ready to run
D/r_submix( 5058): adev_close_input_stream()
D/r_submix( 5058): submix_audio_device_release_pipe()
D/r_submix( 5058): submix_audio_device_destroy_pipe(): pipe destroyed
D/MountService( 5210): got storage path: /storage/sdcard0 description: Internal storage primary: true removable: false emulated: true mtpReserve: 100 allowMassStorage: false maxFileSize: 0
W/AudioPolicyManager( 5058): Input device 00000001 unreachable
W/AudioPolicyManager( 5058): Input device 00000002 unreachable
W/AudioPolicyManager( 5058): Input device 80000004 unreachable
W/AudioPolicyManager( 5058): Input device 80000080 unreachable
W/AudioPolicyManager( 5058): Input device 80000040 unreachable
E/AudioPolicyManager( 5058): Default device 00000002 is unreachable
E/AudioPolicyManager( 5058): Failed to open primary output
E/AudioPolicyManager( 5058): getDeviceForStrategy() speaker device not found for STRATEGY_SONIFICATION
E/AudioPolicyManager( 5058): getDeviceForStrategy() speaker device not found for STRATEGY_SONIFICATION
D/MountService( 5210): addVolumeLocked() StorageVolume:
D/MountService( 5210):     mStorageId=65537 mPath=/storage/emulated/0 mDescriptionId=17040999 
D/MountService( 5210):     mPrimary=true mRemovable=false mEmulated=true mMtpReserveSpace=100 
D/MountService( 5210):     mAllowMassStorage=false mMaxFileSize=0 mOwner=UserHandle{0} mUuid=null 
D/MountService( 5210):     mUserLabel=null mState=null 
D/MountService( 5210): got storage path: /storage/sdcard1 description: SD card primary: false removable: true emulated: false mtpReserve: 0 allowMassStorage: true maxFileSize: 0
D/MountService( 5210): addVolumeLocked() StorageVolume:
D/MountService( 5210):     mStorageId=0 mPath=/storage/sdcard1 mDescriptionId=17041000 mPrimary=false 
D/MountService( 5210):     mRemovable=true mEmulated=false mMtpReserveSpace=0 mAllowMassStorage=true 
D/MountService( 5210):     mMaxFileSize=0 mOwner=null mUuid=null mUserLabel=null mState=null 
D/MountService( 5210): got storage path: /storage/usbdisk description: USB storage primary: false removable: true emulated: false mtpReserve: 0 allowMassStorage: false maxFileSize: 0
D/MountService( 5210): addVolumeLocked() StorageVolume:
D/MountService( 5210):     mStorageId=0 mPath=/storage/usbdisk mDescriptionId=17041001 mPrimary=false 
D/MountService( 5210):     mRemovable=true mEmulated=false mMtpReserveSpace=0 mAllowMassStorage=false 
D/MountService( 5210):     mMaxFileSize=0 mOwner=null mUuid=null mUserLabel=null mState=null 
E/SoundTriggerHwService( 5058): couldn't load sound trigger module sound_trigger.primary (No such file or directory)
I/SystemServer( 5210): LockSettingsService
D/EventHub( 5210): No input device configuration file found for device 'meta_event'.
I/SystemServiceManager( 5210): Starting com.android.server.devicepolicy.DevicePolicyManagerService$Lifecycle
E/MountService( 5210): Error processing initial volume state
E/MountService( 5210): java.lang.NullPointerException: Attempt to invoke virtual method 'java.lang.String android.os.storage.StorageVolume.getPath()' on a null object reference
E/MountService( 5210): 	at com.android.server.MountService.updatePublicVolumeState(MountService.java:752)
E/MountService( 5210): 	at com.android.server.MountService.access$1700(MountService.java:119)
E/MountService( 5210): 	at com.android.server.MountService$3.run(MountService.java:860)
I/SystemServer( 5210): Status Bar
I/PackageManager( 5210): No secure containers found
W/PackageManager( 5210): Unknown permission com.google.android.googleapps.permission.GOOGLE_AUTH.mail in package com.android.calendar
W/PackageManager( 5210): Unknown permission com.qualcomm.permission.USE_PHONE_SERVICE in package com.android.dialer
W/PackageManager( 5210): Unknown permission android.permission.ACCESS_SUPERUSER in package com.cyanogenmod.filemanager
W/PackageManager( 5210): Unknown permission com.cyanogenmod.filemanager.permissions.READ_THEME in package com.cyanogenmod.filemanager
W/PackageManager( 5210): Unknown permission com.cyngn.cmstats.SEND_ANALYTICS in package com.cyanogenmod.setupwizard
W/PackageManager( 5210): Unknown permission com.google.android.gallery3d.permission.PICASA_STORE in package com.android.dreams.phototable
W/PackageManager( 5210): Unknown permission com.google.android.googleapps.permission.GOOGLE_AUTH in package com.android.settings
W/PackageManager( 5210): Unknown permission com.android.launcher.permission.READ_SETTINGS in package com.android.settings
W/PackageManager( 5210): Unknown permission com.android.launcher.permission.WRITE_SETTINGS in package com.android.settings
W/PackageManager( 5210): Not granting permission android.permission.DELETE_PACKAGES to package com.svox.pico (protectionLevel=18 flags=0x8be45)
W/PackageManager( 5210): Unknown permission com.google.android.c2dm.permission.RECEIVE in package org.whispersystems.whisperpush
W/PackageManager( 5210): Not granting permission android.permission.BIND_WALLPAPER to package com.android.camera2 (protectionLevel=18 flags=0x58bc45)
W/PackageManager( 5210): Unknown permission com.google.android.gallery3d.permission.GALLERY_PROVIDER in package com.android.bluetooth
W/PackageManager( 5210): Unknown permission com.android.launcher.permission.READ_SETTINGS in package com.android.onetimeinitializer
W/PackageManager( 5210): Unknown permission com.android.launcher.permission.WRITE_SETTINGS in package com.android.onetimeinitializer
W/PackageManager( 5210): Unknown permission com.google.android.c2dm.permission.RECEIVE in package com.cyanogenmod.account
W/PackageManager( 5210): Not granting permission android.permission.DEVICE_POWER to package com.android.deskclock (protectionLevel=2 flags=0x48be45)
W/PackageManager( 5210): Unknown permission com.android.deskclock.worldclock.permissions.WRITE_DATABASE in package com.android.deskclock
W/PackageManager( 5210): Unknown permission com.google.android.googleapps.permission.GOOGLE_AUTH in package com.android.providers.calendar
W/PackageManager( 5210): Unknown permission com.google.android.googleapps.permission.GOOGLE_AUTH.cl in package com.android.providers.calendar
W/PackageManager( 5210): Not granting permission android.permission.WRITE_MEDIA_STORAGE to package com.android.soundrecorder (protectionLevel=18 flags=0x8be45)
W/PackageManager( 5210): Unknown permission android.permission.INSTALL_DRM in package com.android.mms
W/PackageManager( 5210): Unknown permission com.qualcomm.permission.USE_PHONE_SERVICE in package com.android.mms
W/PackageManager( 5210): Not granting permission android.permission.MANAGE_DOCUMENTS to package com.android.mms (protectionLevel=2 flags=0x4049be65)
W/PackageManager( 5210): Not granting permission android.permission.ACCESS_DOWNLOAD_MANAGER to package com.android.browser (protectionLevel=18 flags=0x49be45)
W/PackageManager( 5210): Not granting permission android.permission.SEND_DOWNLOAD_COMPLETED_INTENTS to package com.android.browser (protectionLevel=2 flags=0x49be45)
W/PackageManager( 5210): Unknown permission com.google.android.googleapps.permission.ACCESS_GOOGLE_PASSWORD in package com.android.development
W/PackageManager( 5210): Unknown permission com.google.android.googleapps.permission.GOOGLE_AUTH in package com.android.development
W/PackageManager( 5210): Unknown permission com.google.android.googleapps.permission.GOOGLE_AUTH.ALL_SERVICES in package com.android.development
W/PackageManager( 5210): Unknown permission com.google.android.googleapps.permission.GOOGLE_AUTH.YouTubeUser in package com.android.development
W/PackageManager( 5210): Unknown permission com.android.launcher.permission.READ_SETTINGS in package com.cyanogenmod.trebuchet
W/PackageManager( 5210): Unknown permission com.android.launcher.permission.WRITE_SETTINGS in package com.cyanogenmod.trebuchet
W/PackageManager( 5210): Unknown permission android.permission.CANCEL_NOTIFICATIONS in package org.cyanogenmod.theme.chooser
I/SystemServer( 5210): Clipboard Service
W/ClipboardService( 5210): No security bridge jar found, using default
I/SystemServer( 5210): TorchService
E/CameraService( 5058): getCameraVendorTagDescriptor: camera hardware module doesn't exist
E/CameraMetadata-JNI( 5210): CameraMetadata_setupGlobalVendorTagDescriptor: Failed to setup vendor tag descriptors, received error No such device (-19)
W/CameraManager( 5210): Failed to set up vendor tags: The camera device is removable and has been disconnected from the Android device, or the camera service has shut down the connection due to a higher-priority access request for the camera device.
E/TorchService( 5210): Couldn't initialize.
E/TorchService( 5210): java.lang.NumberFormatException: Invalid int: "null"
E/TorchService( 5210): 	at java.lang.Integer.invalidInt(Integer.java:138)
E/TorchService( 5210): 	at java.lang.Integer.parseInt(Integer.java:358)
E/TorchService( 5210): 	at java.lang.Integer.parseInt(Integer.java:334)
E/TorchService( 5210): 	at java.lang.Integer.valueOf(Integer.java:525)
E/TorchService( 5210): 	at com.android.server.TorchService.initialize(TorchService.java:104)
E/TorchService( 5210): 	at com.android.server.TorchService.<init>(TorchService.java:99)
E/TorchService( 5210): 	at com.android.server.SystemServer.startOtherServices(SystemServer.java:656)
E/TorchService( 5210): 	at com.android.server.SystemServer.run(SystemServer.java:284)
E/TorchService( 5210): 	at com.android.server.SystemServer.main(SystemServer.java:185)
E/TorchService( 5210): 	at java.lang.reflect.Method.invoke(Native Method)
E/TorchService( 5210): 	at java.lang.reflect.Method.invoke(Method.java:372)
E/TorchService( 5210): 	at com.android.internal.os.ZygoteInit$MethodAndArgsCaller.run(ZygoteInit.java:898)
E/TorchService( 5210): 	at com.android.internal.os.ZygoteInit.main(ZygoteInit.java:693)
I/SystemServer( 5210): NetworkManagement Service
I/SystemServer( 5210): Text Service Manager Service
I/SystemServer( 5210): Network Score Service
I/SystemServer( 5210): NetworkStats Service
D/EventHub( 5210): No input device configuration file found for device 'step_cnt_sensor'.
I/SystemServer( 5210): NetworkPolicy Service
I/SystemServiceManager( 5210): Starting com.android.server.wifi.p2p.WifiP2pService
E/art     ( 5210): dlopen("/system/lib/libwifi-service.so", RTLD_LAZY) failed: dlopen failed: cannot locate symbol "wifi_stop_olsrd" referenced by "libwifi-service.so"...
E/System  ( 5210): ******************************************
E/System  ( 5210): ************ Failure starting system services
E/System  ( 5210): java.lang.RuntimeException: Failed to create service com.android.server.wifi.p2p.WifiP2pService: service constructor threw an exception
E/System  ( 5210): 	at com.android.server.SystemServiceManager.startService(SystemServiceManager.java:100)
E/System  ( 5210): 	at com.android.server.SystemServiceManager.startService(SystemServiceManager.java:65)
E/System  ( 5210): 	at com.android.server.SystemServer.startOtherServices(SystemServer.java:710)
E/System  ( 5210): 	at com.android.server.SystemServer.run(SystemServer.java:284)
E/System  ( 5210): 	at com.android.server.SystemServer.main(SystemServer.java:185)
E/System  ( 5210): 	at java.lang.reflect.Method.invoke(Native Method)
E/System  ( 5210): 	at java.lang.reflect.Method.invoke(Method.java:372)
E/System  ( 5210): 	at com.android.internal.os.ZygoteInit$MethodAndArgsCaller.run(ZygoteInit.java:898)
E/System  ( 5210): 	at com.android.internal.os.ZygoteInit.main(ZygoteInit.java:693)
E/System  ( 5210): Caused by: java.lang.reflect.InvocationTargetException
E/System  ( 5210): 	at java.lang.reflect.Constructor.newInstance(Native Method)
E/System  ( 5210): 	at java.lang.reflect.Constructor.newInstance(Constructor.java:288)
E/System  ( 5210): 	at com.android.server.SystemServiceManager.startService(SystemServiceManager.java:89)
E/System  ( 5210): 	... 8 more
E/System  ( 5210): Caused by: java.lang.UnsatisfiedLinkError: dlopen failed: cannot locate symbol "wifi_stop_olsrd" referenced by "libwifi-service.so"...
E/System  ( 5210): 	at java.lang.Runtime.loadLibrary(Runtime.java:371)
E/System  ( 5210): 	at java.lang.System.loadLibrary(System.java:989)
E/System  ( 5210): 	at com.android.server.wifi.WifiNative.<clinit>(WifiNative.java:72)
E/System  ( 5210): 	at com.android.server.wifi.p2p.WifiP2pServiceImpl$P2pStateMachine.<init>(WifiP2pServiceImpl.java:511)
E/System  ( 5210): 	at com.android.server.wifi.p2p.WifiP2pServiceImpl.<init>(WifiP2pServiceImpl.java:379)
E/System  ( 5210): 	at com.android.server.wifi.p2p.WifiP2pService.<init>(WifiP2pService.java:30)
E/System  ( 5210): 	... 11 more
D/AndroidRuntime( 5210): Shutting down VM
E/AndroidRuntime( 5210): *** FATAL EXCEPTION IN SYSTEM PROCESS: main
E/AndroidRuntime( 5210): java.lang.RuntimeException: Failed to create service com.android.server.wifi.p2p.WifiP2pService: service constructor threw an exception
E/AndroidRuntime( 5210): 	at com.android.server.SystemServiceManager.startService(SystemServiceManager.java:100)
E/AndroidRuntime( 5210): 	at com.android.server.SystemServiceManager.startService(SystemServiceManager.java:65)
E/AndroidRuntime( 5210): 	at com.android.server.SystemServer.startOtherServices(SystemServer.java:710)
E/AndroidRuntime( 5210): 	at com.android.server.SystemServer.run(SystemServer.java:284)
E/AndroidRuntime( 5210): 	at com.android.server.SystemServer.main(SystemServer.java:185)
E/AndroidRuntime( 5210): 	at java.lang.reflect.Method.invoke(Native Method)
E/AndroidRuntime( 5210): 	at java.lang.reflect.Method.invoke(Method.java:372)
E/AndroidRuntime( 5210): 	at com.android.internal.os.ZygoteInit$MethodAndArgsCaller.run(ZygoteInit.java:898)
E/AndroidRuntime( 5210): 	at com.android.internal.os.ZygoteInit.main(ZygoteInit.java:693)
E/AndroidRuntime( 5210): Caused by: java.lang.reflect.InvocationTargetException
E/AndroidRuntime( 5210): 	at java.lang.reflect.Constructor.newInstance(Native Method)
E/AndroidRuntime( 5210): 	at java.lang.reflect.Constructor.newInstance(Constructor.java:288)
E/AndroidRuntime( 5210): 	at com.android.server.SystemServiceManager.startService(SystemServiceManager.java:89)
E/AndroidRuntime( 5210): 	... 8 more
E/AndroidRuntime( 5210): Caused by: java.lang.UnsatisfiedLinkError: dlopen failed: cannot locate symbol "wifi_stop_olsrd" referenced by "libwifi-service.so"...
E/AndroidRuntime( 5210): 	at java.lang.Runtime.loadLibrary(Runtime.java:371)
E/AndroidRuntime( 5210): 	at java.lang.System.loadLibrary(System.java:989)
E/AndroidRuntime( 5210): 	at com.android.server.wifi.WifiNative.<clinit>(WifiNative.java:72)
E/AndroidRuntime( 5210): 	at com.android.server.wifi.p2p.WifiP2pServiceImpl$P2pStateMachine.<init>(WifiP2pServiceImpl.java:511)
E/AndroidRuntime( 5210): 	at com.android.server.wifi.p2p.WifiP2pServiceImpl.<init>(WifiP2pServiceImpl.java:379)
E/AndroidRuntime( 5210): 	at com.android.server.wifi.p2p.WifiP2pService.<init>(WifiP2pService.java:30)
E/AndroidRuntime( 5210): 	... 11 more
D/EventHub( 5210): No input device configuration file found for device 'uncal_gyro_sensor'.
I/Process ( 5210): Sending signal. PID: 5210 SIG: 9
I/ServiceManager( 3671): service 'sensorservice' died
I/ServiceManager( 3671): service 'display' died
I/ServiceManager( 3671): service 'batterystats' died
I/ServiceManager( 3671): service 'appops' died
I/ServiceManager( 3671): service 'power' died
I/ServiceManager( 3671): service 'alarm' died
I/ServiceManager( 3671): service 'window' died
I/ServiceManager( 3671): service 'input' died
I/ServiceManager( 3671): service 'bluetooth_manager' died
I/ServiceManager( 3671): service 'input_method' died
I/ServiceManager( 3671): service 'hardware' died
I/ServiceManager( 3671): service 'permission' died
I/ServiceManager( 3671): service 'cpuinfo' died
I/ServiceManager( 3671): service 'dbinfo' died
I/ServiceManager( 3671): service 'gfxinfo' died
I/ServiceManager( 3671): service 'meminfo' died
I/ServiceManager( 3671): service 'procstats' died
I/ServiceManager( 3671): service 'user' died
I/ServiceManager( 3671): service 'activity' died
I/ServiceManager( 3671): service 'package' died
I/ServiceManager( 3671): service 'battery' died
I/ServiceManager( 3671): service 'usagestats' died
I/ServiceManager( 3671): service 'webviewupdate' died
I/ServiceManager( 3671): service 'scheduling_policy' died
I/ServiceManager( 3671): service 'telephony.registry' died
I/ServiceManager( 3671): service 'entropy' died
I/ServiceManager( 3671): service 'account' died
I/ServiceManager( 3671): service 'content' died
I/ServiceManager( 3671): service 'vibrator' died
I/ServiceManager( 3671): service 'consumer_ir' died
I/ServiceManager( 3671): service 'accessibility' died
I/ServiceManager( 3671): service 'mount' died
I/ServiceManager( 3671): service 'lock_settings' died
I/ServiceManager( 3671): service 'device_policy' died
I/ServiceManager( 3671): service 'statusbar' died
I/ServiceManager( 3671): service 'clipboard' died
I/ServiceManager( 3671): service 'torch' died
I/ServiceManager( 3671): service 'network_management' died
I/ServiceManager( 3671): service 'textservices' died
I/ServiceManager( 3671): service 'network_score' died
I/ServiceManager( 3671): service 'netstats' died
I/ServiceManager( 3671): service 'netpolicy' died
E/installd( 3694): eof
E/installd( 3694): failed to read size
I/installd( 3694): closing connection
I/lowmemorykiller( 3670): ActivityManager disconnected
I/lowmemorykiller( 3670): Closing Activity Manager data connection
E/Zygote  ( 5059): Exit zygote because system server (5210) has terminated
I/ServiceManager( 3671): service 'media.audio_flinger' died
I/ServiceManager( 3671): service 'media.player' died
I/ServiceManager( 3671): service 'media.audio_policy' died
I/ServiceManager( 3671): service 'media.camera' died
I/ServiceManager( 3671): service 'media.sound_trigger_hw' died
I/Netd    ( 5406): Netd 1.0 starting
E/Netd    ( 5406): Failed to open /proc/sys/net/ipv6/conf/default/accept_ra_rt_table: No such file or directory
E/Netd    ( 5406): Failed to open /proc/sys/net/ipv6/conf/ip6tnl0/accept_ra_rt_table: No such file or directory
E/Netd    ( 5406): Failed to open /proc/sys/net/ipv6/conf/lo/accept_ra_rt_table: No such file or directory
E/Netd    ( 5406): Failed to open /proc/sys/net/ipv6/conf/rmnet0/accept_ra_rt_table: No such file or directory
E/Netd    ( 5406): Failed to open /proc/sys/net/ipv6/conf/rmnet1/accept_ra_rt_table: No such file or directory
E/Netd    ( 5406): Failed to open /proc/sys/net/ipv6/conf/rmnet2/accept_ra_rt_table: No such file or directory
E/Netd    ( 5406): Failed to open /proc/sys/net/ipv6/conf/rmnet3/accept_ra_rt_table: No such file or directory
E/Netd    ( 5406): Failed to open /proc/sys/net/ipv6/conf/sit0/accept_ra_rt_table: No such file or directory
I/mediaserver( 5407): ServiceManager: 0xb60500c0
I/AudioFlinger( 5407): Using default 3000 mSec as standby time.
I/ServiceManager( 5407): Waiting for service batterystats...
D/AndroidRuntime( 5408): 
D/AndroidRuntime( 5408): >>>>>> AndroidRuntime START com.android.internal.os.ZygoteInit <<<<<<
D/AndroidRuntime( 5408): CheckJNI is OFF
I/art     ( 5408): option[0]=-Xzygote
I/art     ( 5408): option[1]=-Xstacktracefile:/data/anr/traces.txt
I/art     ( 5408): option[2]=exit
I/art     ( 5408): option[3]=vfprintf
I/art     ( 5408): option[4]=sensitiveThread
I/art     ( 5408): option[5]=-verbose:gc
I/art     ( 5408): option[6]=-Xms16m
I/art     ( 5408): option[7]=-Xmx512m
I/art     ( 5408): option[8]=-XX:mainThreadStackSize=24K
I/art     ( 5408): option[9]=-XX:HeapGrowthLimit=192m
I/art     ( 5408): option[10]=-XX:HeapMinFree=2m
I/art     ( 5408): option[11]=-XX:HeapMaxFree=8m
I/art     ( 5408): option[12]=-XX:HeapTargetUtilization=0.75
I/art     ( 5408): option[13]=-agentlib:jdwp=transport=dt_android_adb,suspend=n,server=y
I/art     ( 5408): option[14]=-Xlockprofthreshold:500
I/art     ( 5408): option[15]=-Ximage-compiler-option
I/art     ( 5408): option[16]=--runtime-arg
I/art     ( 5408): option[17]=-Ximage-compiler-option
I/art     ( 5408): option[18]=-Xms64m
I/art     ( 5408): option[19]=-Ximage-compiler-option
I/art     ( 5408): option[20]=--runtime-arg
I/art     ( 5408): option[21]=-Ximage-compiler-option
I/art     ( 5408): option[22]=-Xmx64m
I/art     ( 5408): option[23]=-Ximage-compiler-option
I/art     ( 5408): option[24]=--image-classes-zip=/system/framework/framework.jar
I/art     ( 5408): option[25]=-Ximage-compiler-option
I/art     ( 5408): option[26]=--image-classes=preloaded-classes
I/art     ( 5408): option[27]=-Xcompiler-option
I/art     ( 5408): option[28]=--runtime-arg
I/art     ( 5408): option[29]=-Xcompiler-option
I/art     ( 5408): option[30]=-Xms64m
I/art     ( 5408): option[31]=-Xcompiler-option
I/art     ( 5408): option[32]=--runtime-arg
I/art     ( 5408): option[33]=-Xcompiler-option
I/art     ( 5408): option[34]=-Xmx512m
I/art     ( 5408): option[35]=-Duser.language=en
I/art     ( 5408): option[36]=-Duser.region=US
E/memtrack( 5408): Couldn't load memtrack module (No such file or directory)
E/android.os.Debug( 5408): failed to load memtrack module: -2
I/SamplingProfilerIntegration( 5408): Profiling disabled.
D/Zygote  ( 5408): begin preload
I/Zygote  ( 5408): Preloading classes...
I/art     ( 5408): Explicit concurrent mark sweep GC freed 994(55KB) AllocSpace objects, 0(0B) LOS objects, 98% free, 70KB/4MB, paused 127us total 3.902ms
I/art     ( 5408): Counter: 1
E/Minikin ( 5408): addFont failed to create font /system/fonts/NotoSansGujarati-Regular.ttf
E/Minikin ( 5408): addFont failed to create font /system/fonts/NotoSansGujarati-Bold.ttf
E/Minikin ( 5408): addFont failed to create font /system/fonts/NotoSansGujaratiUI-Regular.ttf
E/Minikin ( 5408): addFont failed to create font /system/fonts/NotoSansGujaratiUI-Bold.ttf
E/Minikin ( 5408): addFont failed to create font /system/fonts/NotoSansGurmukhi-Regular.ttf
E/Minikin ( 5408): addFont failed to create font /system/fonts/NotoSansGurmukhi-Bold.ttf
E/Minikin ( 5408): addFont failed to create font /system/fonts/NotoSansGurmukhiUI-Regular.ttf
E/Minikin ( 5408): addFont failed to create font /system/fonts/NotoSansGurmukhiUI-Bold.ttf
E/Minikin ( 5408): addFont failed to create font /system/fonts/NotoSansSinhala-Regular.ttf
E/Minikin ( 5408): addFont failed to create font /system/fonts/NotoSansSinhala-Bold.ttf
E/Minikin ( 5408): addFont failed to create font /system/fonts/NotoSansCherokee-Regular.ttf
E/Minikin ( 5408): addFont failed to create font /system/fonts/NotoSansCanadianAboriginal-Regular.ttf
E/Minikin ( 5408): addFont failed to create font /system/fonts/NotoSansYi-Regular.ttf
E/Minikin ( 5408): addFont failed to create font /system/fonts/NotoSansHans-Regular.otf
E/Minikin ( 5408): addFont failed to create font /system/fonts/NotoSansHant-Regular.otf
E/Minikin ( 5408): addFont failed to create font /system/fonts/NotoSansJP-Regular.otf
E/Minikin ( 5408): addFont failed to create font /system/fonts/NotoSansKR-Regular.otf
I/art     ( 5408): Thread[1,tid=5408,WaitingForJniOnLoad,Thread*=0xb5107800,peer=0x12c330e0,"main"] recursive attempt to load library "/system/lib/libmedia_jni.so"
D/MtpDeviceJNI( 5408): register_android_mtp_MtpDevice
I/art     ( 5408): Thread[1,tid=5408,WaitingForJniOnLoad,Thread*=0xb5107800,peer=0x12c330e0,"main"] recursive attempt to load library "/system/lib/libmedia_jni.so"
I/art     ( 5408): Thread[1,tid=5408,WaitingForJniOnLoad,Thread*=0xb5107800,peer=0x12c330e0,"main"] recursive attempt to load library "/system/lib/libmedia_jni.so"
I/System  ( 5408): Loaded time zone names for "" in 41ms (35ms in ICU)
I/System  ( 5408): Loaded time zone names for "en_US" in 31ms (24ms in ICU)
I/art     ( 5408): Explicit concurrent mark sweep GC freed 30145(1834KB) AllocSpace objects, 0(0B) LOS objects, 72% free, 1557KB/5MB, paused 140us total 13.699ms
I/Zygote  ( 5408): ...preloaded 3005 classes in 590ms.
I/art     ( 5408): VMRuntime.preloadDexCaches starting
I/art     ( 5408): VMRuntime.preloadDexCaches strings total=217316 before=40338 after=40338
I/art     ( 5408): VMRuntime.preloadDexCaches types total=18704 before=6337 after=6380
I/art     ( 5408): VMRuntime.preloadDexCaches fields total=87408 before=32543 after=32871
I/art     ( 5408): VMRuntime.preloadDexCaches methods total=154031 before=66779 after=67657
I/art     ( 5408): VMRuntime.preloadDexCaches finished
I/art     ( 5408): Counter: 0
I/art     ( 5408): Counter: 1
I/art     ( 5408): Explicit concurrent mark sweep GC freed 159(19KB) AllocSpace objects, 0(0B) LOS objects, 72% free, 1538KB/5MB, paused 224us total 8.487ms
D/idmap   ( 5499): error: no read access to /vendor/overlay: No such file or directory
I/Zygote  ( 5408): Preloading resources...
I/ServiceManager( 5407): Waiting for service batterystats...
I/art     ( 5408): Explicit concurrent mark sweep GC freed 4552(160KB) AllocSpace objects, 0(0B) LOS objects, 40% free, 16MB/28MB, paused 220us total 9.651ms
I/Zygote  ( 5408): ...preloaded 430 resources in 382ms.
I/art     ( 5408): Explicit concurrent mark sweep GC freed 564(32KB) AllocSpace objects, 0(0B) LOS objects, 40% free, 16MB/28MB, paused 230us total 8.961ms
I/Zygote  ( 5408): ...preloaded 41 resources in 17ms.
I/art     ( 5408): Counter: 0
D/libEGL  ( 5408): loaded /vendor/lib/egl/libGLES_mali.so
I/Zygote  ( 5408): Preloading shared libraries...
D/Zygote  ( 5408): end preload
I/art     ( 5408): Explicit concurrent mark sweep GC freed 461(21KB) AllocSpace objects, 0(0B) LOS objects, 40% free, 16MB/28MB, paused 255us total 9.031ms
I/art     ( 5408): Explicit concurrent mark sweep GC freed 41(1568B) AllocSpace objects, 0(0B) LOS objects, 40% free, 16MB/28MB, paused 209us total 8.545ms
I/art     ( 5408): Explicit concurrent mark sweep GC freed 5(160B) AllocSpace objects, 0(0B) LOS objects, 40% free, 16MB/28MB, paused 223us total 8.475ms
I/Zygote  ( 5408): System server process 5555 has been created
I/Zygote  ( 5408): Accepting command socket connections
I/InstallerConnection( 5555): disconnecting...
I/SystemServer( 5555): Entered the Android system server!
V/Fingerprint-JNI( 5555): FingerprintManager JNI ready.
I/        ( 5555): System server: starting sensor init.
D/SensorService( 5555): nuSensorService starting...
E/Sensors ( 5555): GeoMagneticSensor, ERROR dev_num = -19
I/SystemServiceManager( 5555): Starting com.android.server.pm.Installer
I/Installer( 5555): Waiting for installd to be ready.
I/InstallerConnection( 5555): connecting...
I/installd( 3694): new connection
I/Sensors ( 5555): Proximity old sensor_state 0, new sensor_state : 128 en : 1
I/SystemServiceManager( 5555): Starting com.android.server.am.ActivityManagerService$Lifecycle
I/Sensors ( 5555): Light old sensor_state 128, new sensor_state : 640 en : 1
E/Sensors ( 5555): UncalMagneticSensor, ERROR dev_num = -19
I/Sensors ( 5555): SigMotionSensor old sensor_state 640, new sensor_state : 8832 en : 1
E/Sensors ( 5555): UncalGyroSensor, ERROR dev_num = -19
E/Sensors ( 5555): GameRotationVector, ERROR dev_num = -19
I/Sensors ( 5555): StepCounterSensor old sensor_state 8832, new sensor_state : 139904 en : 1
D/Sensors ( 5555): HrmSpO2Sensor::HrmSpO2Sensor: Shared version Registered 
E/SensorService( 5555): >>>> WARNING <<< Upgrade sensor HAL to version 1_3
I/Sensors ( 5555): Proximity old sensor_state 139904, new sensor_state : 139776 en : 0
I/Sensors ( 5555): Light old sensor_state 139776, new sensor_state : 139264 en : 0
I/ActivityManager( 5555): Memory class: 192
I/Sensors ( 5555): StepCounterSensor old sensor_state 139264, new sensor_state : 8192 en : 0
I/Sensors ( 5555): SigMotionSensor old sensor_state 8192, new sensor_state : 0 en : 0
I/ServiceThread( 5555): Enabled StrictMode logging for ActivityManager looper.
I/Sensors ( 5555): HrmSpO2Sensor::enable, handle(16), en(0), what(1/0:aosphrm,1:sshrm, old enabled : 0)
I/Sensors ( 5555): HrmSpO2Sensor is already disabled or have to keep enabled, mEnabled : 0x0, en : 0
I/Sensors ( 5555): HrmSpO2Sensor::enable, handle(17), en(0), what(0/0:aosphrm,1:sshrm, old enabled : 0)
I/Sensors ( 5555): HrmSpO2Sensor is already disabled or have to keep enabled, mEnabled : 0x0, en : 0
I/Sensors ( 5555): HrmSpO2Sensor::enable, handle(18), en(0), what(2/0:aosphrm,1:sshrm, old enabled : 0)
I/Sensors ( 5555): HrmSpO2Sensor is already disabled or have to keep enabled, mEnabled : 0x0, en : 0
I/        ( 5555): System server: sensor init done.
D/SensorService( 5555): nuSensorService thread starting...
D/SensorService( 5555): new thread SensorEventAckReceiver
I/AppOps  ( 5555): No existing app ops /data/system/appops.xml; starting empty
W/ProcessCpuTracker( 5555): Skipping unknown process pid 5596
I/IntentFirewall( 5555): Read new rules (A:0 B:0 S:0)
I/ServiceThread( 5555): Enabled StrictMode logging for android.ui looper.
I/ServiceThread( 5555): Enabled StrictMode logging for android.display looper.
D/AppOps  ( 5555): AppOpsService published
I/SystemServiceManager( 5555): Starting com.android.server.power.PowerManagerService
I/ServiceThread( 5555): Enabled StrictMode logging for PowerManagerService looper.
D/SEC PowerHAL( 5555): sysfs_write +: /sys/devices/system/cpu/cpu0/cpufreq/interactive/multi_enter_load: 800
D/SEC PowerHAL( 5555): sysfs_write -: /sys/devices/system/cpu/cpu0/cpufreq/interactive/multi_enter_load: 800
D/SEC PowerHAL( 5555): sysfs_write +: /sys/devices/system/cpu/cpu0/cpufreq/interactive/single_enter_load: 200
D/SEC PowerHAL( 5555): sysfs_write -: /sys/devices/system/cpu/cpu0/cpufreq/interactive/single_enter_load: 200
D/SEC PowerHAL( 5555): sysfs_write +: /sys/devices/system/cpu/cpu0/cpufreq/interactive/param_index: 0
D/SEC PowerHAL( 5555): sysfs_write -: /sys/devices/system/cpu/cpu0/cpufreq/interactive/param_index: 0
D/SEC PowerHAL( 5555): sysfs_write +: /sys/devices/system/cpu/cpu0/cpufreq/interactive/timer_rate: 20000
D/SEC PowerHAL( 5555): sysfs_write -: /sys/devices/system/cpu/cpu0/cpufreq/interactive/timer_rate: 20000
D/SEC PowerHAL( 5555): sysfs_write +: /sys/devices/system/cpu/cpu0/cpufreq/interactive/timer_slack: 20000
D/SEC PowerHAL( 5555): sysfs_write -: /sys/devices/system/cpu/cpu0/cpufreq/interactive/timer_slack: 20000
D/SEC PowerHAL( 5555): sysfs_write +: /sys/devices/system/cpu/cpu0/cpufreq/interactive/min_sample_time: 40000
D/SEC PowerHAL( 5555): sysfs_write -: /sys/devices/system/cpu/cpu0/cpufreq/interactive/min_sample_time: 40000
D/SEC PowerHAL( 5555): sysfs_write +: /sys/devices/system/cpu/cpu0/cpufreq/interactive/hispeed_freq: 1000000
D/SEC PowerHAL( 5555): sysfs_write -: /sys/devices/system/cpu/cpu0/cpufreq/interactive/hispeed_freq: 1000000
D/SEC PowerHAL( 5555): sysfs_write +: /sys/devices/system/cpu/cpu0/cpufreq/interactive/go_hispeed_load: 99
D/SEC PowerHAL( 5555): sysfs_write -: /sys/devices/system/cpu/cpu0/cpufreq/interactive/go_hispeed_load: 99
D/SEC PowerHAL( 5555): sysfs_write +: /sys/devices/system/cpu/cpu0/cpufreq/interactive/target_loads: 70
D/SEC PowerHAL( 5555): sysfs_write -: /sys/devices/system/cpu/cpu0/cpufreq/interactive/target_loads: 70
D/SEC PowerHAL( 5555): sysfs_write +: /sys/devices/system/cpu/cpu0/cpufreq/interactive/above_hispeed_delay: 19000
D/SEC PowerHAL( 5555): sysfs_write -: /sys/devices/system/cpu/cpu0/cpufreq/interactive/above_hispeed_delay: 19000
D/SEC PowerHAL( 5555): sysfs_write +: /sys/devices/system/cpu/cpu0/cpufreq/interactive/boostpulse_duration: 40000
D/SEC PowerHAL( 5555): sysfs_write -: /sys/devices/system/cpu/cpu0/cpufreq/interactive/boostpulse_duration: 40000
D/SEC PowerHAL( 5555): sysfs_write +: /sys/devices/system/cpu/cpu4/cpufreq/interactive/multi_enter_load: 360
D/SEC PowerHAL( 5555): sysfs_write -: /sys/devices/system/cpu/cpu4/cpufreq/interactive/multi_enter_load: 360
D/SEC PowerHAL( 5555): sysfs_write +: /sys/devices/system/cpu/cpu4/cpufreq/interactive/multi_enter_time: 99000
D/SEC PowerHAL( 5555): sysfs_write -: /sys/devices/system/cpu/cpu4/cpufreq/interactive/multi_enter_time: 99000
D/SEC PowerHAL( 5555): sysfs_write +: /sys/devices/system/cpu/cpu4/cpufreq/interactive/multi_exit_load: 240
D/SEC PowerHAL( 5555): sysfs_write -: /sys/devices/system/cpu/cpu4/cpufreq/interactive/multi_exit_load: 240
D/SEC PowerHAL( 5555): sysfs_write +: /sys/devices/system/cpu/cpu4/cpufreq/interactive/multi_exit_time: 299000
D/SEC PowerHAL( 5555): sysfs_write -: /sys/devices/system/cpu/cpu4/cpufreq/interactive/multi_exit_time: 299000
D/SEC PowerHAL( 5555): sysfs_write +: /sys/devices/system/cpu/cpu4/cpufreq/interactive/single_enter_load: 95
D/SEC PowerHAL( 5555): sysfs_write -: /sys/devices/system/cpu/cpu4/cpufreq/interactive/single_enter_load: 95
D/SEC PowerHAL( 5555): sysfs_write +: /sys/devices/system/cpu/cpu4/cpufreq/interactive/single_enter_time: 199000
D/SEC PowerHAL( 5555): sysfs_write -: /sys/devices/system/cpu/cpu4/cpufreq/interactive/single_enter_time: 199000
D/SEC PowerHAL( 5555): sysfs_write +: /sys/devices/system/cpu/cpu4/cpufreq/interactive/single_exit_load: 60
D/SEC PowerHAL( 5555): sysfs_write -: /sys/devices/system/cpu/cpu4/cpufreq/interactive/single_exit_load: 60
D/SEC PowerHAL( 5555): sysfs_write +: /sys/devices/system/cpu/cpu4/cpufreq/interactive/single_exit_time: 99000
D/SEC PowerHAL( 5555): sysfs_write -: /sys/devices/system/cpu/cpu4/cpufreq/interactive/single_exit_time: 99000
D/SEC PowerHAL( 5555): sysfs_write +: /sys/devices/system/cpu/cpu4/cpufreq/interactive/param_index: 0
D/SEC PowerHAL( 5555): sysfs_write -: /sys/devices/system/cpu/cpu4/cpufreq/interactive/param_index: 0
D/SEC PowerHAL( 5555): sysfs_write +: /sys/devices/system/cpu/cpu4/cpufreq/interactive/timer_rate: 20000
D/SEC PowerHAL( 5555): sysfs_write -: /sys/devices/system/cpu/cpu4/cpufreq/interactive/timer_rate: 20000
D/SEC PowerHAL( 5555): sysfs_write +: /sys/devices/system/cpu/cpu4/cpufreq/interactive/timer_slack: 20000
D/SEC PowerHAL( 5555): sysfs_write -: /sys/devices/system/cpu/cpu4/cpufreq/interactive/timer_slack: 20000
D/SEC PowerHAL( 5555): sysfs_write +: /sys/devices/system/cpu/cpu4/cpufreq/interactive/min_sample_time: 40000
D/SEC PowerHAL( 5555): sysfs_write -: /sys/devices/system/cpu/cpu4/cpufreq/interactive/min_sample_time: 40000
D/SEC PowerHAL( 5555): sysfs_write +: /sys/devices/system/cpu/cpu4/cpufreq/interactive/hispeed_freq: 1000000
D/SEC PowerHAL( 5555): sysfs_write -: /sys/devices/system/cpu/cpu4/cpufreq/interactive/hispeed_freq: 1000000
D/SEC PowerHAL( 5555): sysfs_write +: /sys/devices/system/cpu/cpu4/cpufreq/interactive/go_hispeed_load: 99
D/SEC PowerHAL( 5555): sysfs_write -: /sys/devices/system/cpu/cpu4/cpufreq/interactive/go_hispeed_load: 99
D/SEC PowerHAL( 5555): sysfs_write +: /sys/devices/system/cpu/cpu4/cpufreq/interactive/target_loads: 75 1500000:80 1700000:85 1800000:90
D/SEC PowerHAL( 5555): sysfs_write -: /sys/devices/system/cpu/cpu4/cpufreq/interactive/target_loads: 75 1500000:80 1700000:85 1800000:90
D/SEC PowerHAL( 5555): sysfs_write +: /sys/devices/system/cpu/cpu4/cpufreq/interactive/above_hispeed_delay: 19000 1100000:99000 1200000:119000 1700000:19000
D/SEC PowerHAL( 5555): sysfs_write -: /sys/devices/system/cpu/cpu4/cpufreq/interactive/above_hispeed_delay: 19000 1100000:99000 1200000:119000 1700000:19000
D/SEC PowerHAL( 5555): sysfs_write +: /sys/devices/system/cpu/cpu4/cpufreq/interactive/boostpulse_duration: 40000
D/SEC PowerHAL( 5555): sysfs_write -: /sys/devices/system/cpu/cpu4/cpufreq/interactive/boostpulse_duration: 40000
D/SEC PowerHAL( 5555): sysfs_write +: /sys/devices/system/cpu/cpu4/cpufreq/interactive/param_index: 1
D/SEC PowerHAL( 5555): sysfs_write -: /sys/devices/system/cpu/cpu4/cpufreq/interactive/param_index: 1
D/SEC PowerHAL( 5555): sysfs_write +: /sys/devices/system/cpu/cpu4/cpufreq/interactive/timer_rate: 20000
D/SEC PowerHAL( 5555): sysfs_write -: /sys/devices/system/cpu/cpu4/cpufreq/interactive/timer_rate: 20000
D/SEC PowerHAL( 5555): sysfs_write +: /sys/devices/system/cpu/cpu4/cpufreq/interactive/min_sample_time: 59000
D/SEC PowerHAL( 5555): sysfs_write -: /sys/devices/system/cpu/cpu4/cpufreq/interactive/min_sample_time: 59000
D/SEC PowerHAL( 5555): sysfs_write +: /sys/devices/system/cpu/cpu4/cpufreq/interactive/hispeed_freq: 1200000
D/SEC PowerHAL( 5555): sysfs_write -: /sys/devices/system/cpu/cpu4/cpufreq/interactive/hispeed_freq: 1200000
D/SEC PowerHAL( 5555): sysfs_write +: /sys/devices/system/cpu/cpu4/cpufreq/interactive/go_hispeed_load: 95
D/SEC PowerHAL( 5555): sysfs_write -: /sys/devices/system/cpu/cpu4/cpufreq/interactive/go_hispeed_load: 95
D/SEC PowerHAL( 5555): sysfs_write +: /sys/devices/system/cpu/cpu4/cpufreq/interactive/target_loads: 65 1400000:68 1700000:73
D/SEC PowerHAL( 5555): sysfs_write -: /sys/devices/system/cpu/cpu4/cpufreq/interactive/target_loads: 65 1400000:68 1700000:73
