V/AudioPolicyManager( 3625): isOffloadSupported: SR=44100, CM=0x1, Format=0x1, StreamType=-1, BitRate=4294967295, duration=4331 us, has_video=0
V/AudioPolicyManager( 3625): isOffloadSupported: stream_type != MUSIC, returning false
I/OMXCodec( 3625): [OMX.google.vorbis.decoder] OMXCodec::start mState=1
I/OMXCodec( 3625): [OMX.google.vorbis.decoder] allocating 4 buffers of size 8192 on input port
I/OMXCodec( 3625): [OMX.google.vorbis.decoder] allocating 4 buffers of size 32768 on output port
I/OMXCodec( 3625): [OMX.google.vorbis.decoder] 0onCmdComplete  mState =  7
I/OMXCodec( 3625): [OMX.google.vorbis.decoder] PORT_DISABLED(1)
I/OMXCodec( 3625): >>>UHQA initOutputFormat 16
I/OMXCodec( 3625): [OMX.google.vorbis.decoder] Now Idle. Component sends idle done Event 
I/OMXCodec( 3625): [OMX.google.vorbis.decoder] allocating 4 buffers of size 32768 on output port
I/AudioPlayer( 3625): Audio channels(1)
I/AudioPlayer( 3625): Audioplayer kKeyAudioPCMFormat:1, 1, 0
I/AudioPlayer( 3625): Audioplayer kKeyAudioPCMFormat read fail(1, 1)
V/AudioCache( 3625): open(44100, 1, 0x0, 1, 0)
V/AwesomePlayer( 3625): finishAsyncPrepare_l
V/AwesomePlayer( 3625): notifyListner_l() msg (200-MEDIA_INFO), ext1 (973), ext2 (0)
V/AudioCache( 3625): notify(0xafb14bf0, 200, 973, 0)
V/AudioCache( 3625): ignored
V/AwesomePlayer( 3625): notifyListner_l() msg (5-MEDIA_SET_VIDEO_SIZE), ext1 (0), ext2 (0)
V/AudioCache( 3625): notify(0xafb14bf0, 5, 0, 0)
V/AudioCache( 3625): ignored
V/AwesomePlayer( 3625): notifyListner_l() msg (1-MEDIA_PREPARED), ext1 (0), ext2 (0)
V/AudioCache( 3625): notify(0xafb14bf0, 1, 0, 0)
V/AudioCache( 3625): prepared
V/AwesomePlayer( 3625): notifyListner_l() msg (6-MEDIA_STARTED), ext1 (0), ext2 (0)
V/AudioCache( 3625): notify(0xb2908150, 6, 0, 0)
V/AudioCache( 3625): ignored
V/AwesomePlayer( 3625): addBatteryData
V/AudioCache( 3625): wait - success
V/MediaPlayerService( 3625): start
V/StagefrightPlayer( 3625): start
V/AwesomePlayer( 3625): play
V/AwesomePlayer( 3625): AwesomePlayer::play_l():: This is not a DRM content
V/AwesomePlayer( 3625): startAudioPlayer_l, sendErrorNotification (0)
V/MediaPlayerService( 3625): wait for playback complete
I/AudioPlayer( 3625): First fillBuffer call!!
I/AudioPlayer( 3625): >>> setAudioEffect Read mAudioFormat : 1, event : 320017171, value : 319490053
E/AudioPlayer( 3625): >>> setAudioEffect Error mAudioFormat : 1, event : 320017171, value : 319490053
I/OMXCodec( 3625): [OMX.google.vorbis.decoder] End Of Stream
I/OMXCodec( 3625): [OMX.google.vorbis.decoder] 0onCmdComplete  mState =  7
I/OMXCodec( 3625): [OMX.google.vorbis.decoder] PORT_DISABLED(1)
I/OMXCodec( 3625): >>>UHQA initOutputFormat 16
I/OMXCodec( 3625): [OMX.google.vorbis.decoder] allocating 4 buffers of size 32768 on output port
I/AudioPlayer( 3625): Audio channels(1)
I/AudioPlayer( 3625): Audioplayer kKeyAudioPCMFormat:1, 1, 0
I/AudioPlayer( 3625): Audioplayer kKeyAudioPCMFormat read fail(1, 1)
V/AudioCache( 3625): open(44100, 1, 0x0, 1, 0)
V/AwesomePlayer( 3625): notifyListner_l() msg (6-MEDIA_STARTED), ext1 (0), ext2 (0)
V/AudioCache( 3625): notify(0xafb14bf0, 6, 0, 0)
V/AudioCache( 3625): ignored
V/AwesomePlayer( 3625): addBatteryData
I/AudioPlayer( 3625): First fillBuffer call!!
I/AudioPlayer( 3625): >>> setAudioEffect Read mAudioFormat : 1, event : 218893324, value : 218959116
E/AudioPlayer( 3625): >>> setAudioEffect Error mAudioFormat : 1, event : 218893324, value : 218959116
V/AwesomePlayer( 3625): postAudioEOS delayUs (0)
V/MediaPlayerService( 3625): wait for playback complete
V/AwesomePlayer( 3625): onCheckAudioStatus
V/AwesomePlayer( 3625): onCheckAudioStatus() set AUDIO_AT_EOS flag
V/AwesomePlayer( 3625): onStreamDone
V/AwesomePlayer( 3625): MEDIA_PLAYBACK_COMPLETE
V/AwesomePlayer( 3625): notifyListner_l() msg (2-MEDIA_PLAYBACK_COMPLETE), ext1 (0), ext2 (0)
V/AudioCache( 3625): notify(0xafb14bf0, 2, 0, 0)
V/AudioCache( 3625): playback complete - thread will wake up later
V/AwesomePlayer( 3625): notifyListner_l() msg (7-MEDIA_PAUSED), ext1 (0), ext2 (0)
V/AudioCache( 3625): notify(0xafb14bf0, 7, 0, 0)
V/AudioCache( 3625): ignored
V/AwesomePlayer( 3625): cancelPlayerEvents (keepNotifications=1)
V/AwesomePlayer( 3625): addBatteryData
V/AudioCache( 3625): wait - success
V/StagefrightPlayer( 3625): reset
V/AwesomePlayer( 3625): reset_l()
V/AwesomePlayer( 3625): notifyListner_l() msg (8-MEDIA_STOPPED), ext1 (0), ext2 (0)
V/AudioCache( 3625): notify(0xafb14bf0, 8, 0, 0)
V/AudioCache( 3625): ignored
V/AwesomePlayer( 3625): cancelPlayerEvents (keepNotifications=0)
V/AwesomePlayer( 3625): mAudioTrackVector clear
I/OMXCodec( 3625): [OMX.google.vorbis.decoder] stop mState=4
I/OMXCodec( 3625): [OMX.google.vorbis.decoder] stop() sendCommand(0x64, OMX_CommandStateSet, OMX_StateIdle)
I/OMXCodec( 3625): [OMX.google.vorbis.decoder] Now Idle. Component sends idle done Event 
I/OMXCodec( 3625): [OMX.google.vorbis.decoder] stopOmxComponent_l() mstate = 1
I/OggExtractor( 3625): OggSource::stop() mExtractor ref count = 1
I/OggExtractor( 3625): OggSource::~OggSource() mExtractor !mStarted ref count = 1
I/OggExtractor( 3625): ~OggSource --
I/OggExtractor( 3625): ~OggExtractor ++
I/OggExtractor( 3625): ~MyVorbisExtractor ++ 
I/OggExtractor( 3625): ~MyVorbisExtractor --
I/OggExtractor( 3625): ~OggExtractor --
I/AudioPlayer( 3625): reset out
V/AwesomePlayer( 3625): reset_l() mAudioPlayer successfully deleted
I/SecVideoCapture( 3625): SecVideoCapture destructor
I/SecVideoCapture( 3625): reset
V/AwesomePlayer( 3625): mSecCapture clear
I/SecMediaClock( 3625): SecMediaClock destructor
V/AwesomePlayer( 3625): mSecMediaClock clear
V/StagefrightPlayer( 3625): ~StagefrightPlayer
V/StagefrightPlayer( 3625): reset
V/AwesomePlayer( 3625): reset_l()
V/AwesomePlayer( 3625): notifyListner_l() msg (8-MEDIA_STOPPED), ext1 (0), ext2 (0)
V/AwesomePlayer( 3625): cancelPlayerEvents (keepNotifications=0)
V/AwesomePlayer( 3625): mAudioTrackVector clear
V/AwesomePlayer( 3625): reset_l() mAudioPlayer successfully deleted
V/AwesomePlayer( 3625): mSecCapture clear
V/AwesomePlayer( 3625): mSecMediaClock clear
V/AwesomePlayer( 3625): destructor
V/AwesomePlayer( 3625): reset_l()
V/AwesomePlayer( 3625): notifyListner_l() msg (8-MEDIA_STOPPED), ext1 (0), ext2 (0)
V/AwesomePlayer( 3625): cancelPlayerEvents (keepNotifications=0)
V/AwesomePlayer( 3625): mAudioTrackVector clear
V/AwesomePlayer( 3625): reset_l() mAudioPlayer successfully deleted
V/AwesomePlayer( 3625): mSecCapture clear
V/AwesomePlayer( 3625): mSecMediaClock clear
I/OMXCodec( 3625): [OMX.google.vorbis.decoder] End Of Stream
V/AwesomePlayer( 3625): postAudioEOS delayUs (0)
V/AwesomePlayer( 3625): onCheckAudioStatus
V/AwesomePlayer( 3625): onCheckAudioStatus() set AUDIO_AT_EOS flag
V/AwesomePlayer( 3625): onStreamDone
V/AwesomePlayer( 3625): MEDIA_PLAYBACK_COMPLETE
V/AwesomePlayer( 3625): notifyListner_l() msg (2-MEDIA_PLAYBACK_COMPLETE), ext1 (0), ext2 (0)
V/AudioCache( 3625): notify(0xb2908150, 2, 0, 0)
V/AudioCache( 3625): playback complete - thread will wake up later
V/AwesomePlayer( 3625): notifyListner_l() msg (7-MEDIA_PAUSED), ext1 (0), ext2 (0)
V/AudioCache( 3625): notify(0xb2908150, 7, 0, 0)
V/AudioCache( 3625): ignored
V/AwesomePlayer( 3625): cancelPlayerEvents (keepNotifications=1)
V/AwesomePlayer( 3625): addBatteryData
V/AudioCache( 3625): wait - success
V/StagefrightPlayer( 3625): reset
V/AwesomePlayer( 3625): reset_l()
V/AwesomePlayer( 3625): notifyListner_l() msg (8-MEDIA_STOPPED), ext1 (0), ext2 (0)
V/AudioCache( 3625): notify(0xb2908150, 8, 0, 0)
V/AudioCache( 3625): ignored
V/AwesomePlayer( 3625): cancelPlayerEvents (keepNotifications=0)
V/AwesomePlayer( 3625): mAudioTrackVector clear
I/OMXCodec( 3625): [OMX.google.vorbis.decoder] stop mState=4
I/OMXCodec( 3625): [OMX.google.vorbis.decoder] stop() sendCommand(0x63, OMX_CommandStateSet, OMX_StateIdle)
I/OMXCodec( 3625): [OMX.google.vorbis.decoder] Now Idle. Component sends idle done Event 
I/OMXCodec( 3625): [OMX.google.vorbis.decoder] stopOmxComponent_l() mstate = 1
I/OggExtractor( 3625): OggSource::stop() mExtractor ref count = 1
I/OggExtractor( 3625): OggSource::~OggSource() mExtractor !mStarted ref count = 1
I/OggExtractor( 3625): ~OggSource --
I/OggExtractor( 3625): ~OggExtractor ++
I/OggExtractor( 3625): ~MyVorbisExtractor ++ 
I/OggExtractor( 3625): ~MyVorbisExtractor --
I/OggExtractor( 3625): ~OggExtractor --
I/AudioPlayer( 3625): reset out
V/AwesomePlayer( 3625): reset_l() mAudioPlayer successfully deleted
I/SecVideoCapture( 3625): SecVideoCapture destructor
I/SecVideoCapture( 3625): reset
V/AwesomePlayer( 3625): mSecCapture clear
I/SecMediaClock( 3625): SecMediaClock destructor
V/AwesomePlayer( 3625): mSecMediaClock clear
V/StagefrightPlayer( 3625): ~StagefrightPlayer
V/StagefrightPlayer( 3625): reset
V/AwesomePlayer( 3625): reset_l()
V/AwesomePlayer( 3625): notifyListner_l() msg (8-MEDIA_STOPPED), ext1 (0), ext2 (0)
V/AwesomePlayer( 3625): cancelPlayerEvents (keepNotifications=0)
V/AwesomePlayer( 3625): mAudioTrackVector clear
V/AwesomePlayer( 3625): reset_l() mAudioPlayer successfully deleted
V/AwesomePlayer( 3625): mSecCapture clear
V/AwesomePlayer( 3625): mSecMediaClock clear
V/AwesomePlayer( 3625): destructor
V/AwesomePlayer( 3625): reset_l()
V/AwesomePlayer( 3625): notifyListner_l() msg (8-MEDIA_STOPPED), ext1 (0), ext2 (0)
V/AwesomePlayer( 3625): cancelPlayerEvents (keepNotifications=0)
V/AwesomePlayer( 3625): mAudioTrackVector clear
V/AwesomePlayer( 3625): reset_l() mAudioPlayer successfully deleted
V/AwesomePlayer( 3625): mSecCapture clear
V/AwesomePlayer( 3625): mSecMediaClock clear
V/MediaPlayer( 9008): decode(44, 31108252, 52024)
V/MediaPlayerService( 3625): decode(33, 31108252, 52024)
V/MediaPlayerService( 3625): player type = 3
V/AwesomePlayer( 3625): setDefault
V/AwesomePlayer( 3625): constructor
V/AwesomePlayer( 3625): setDefault
V/AwesomePlayer( 3625): reset_l()
V/AwesomePlayer( 3625): notifyListner_l() msg (8-MEDIA_STOPPED), ext1 (0), ext2 (0)
V/AwesomePlayer( 3625): cancelPlayerEvents (keepNotifications=0)
V/AwesomePlayer( 3625): mAudioTrackVector clear
V/AwesomePlayer( 3625): reset_l() mAudioPlayer successfully deleted
V/AwesomePlayer( 3625): mSecCapture clear
V/AwesomePlayer( 3625): mSecMediaClock clear
V/StagefrightPlayer( 3625): StagefrightPlayer
V/AwesomePlayer( 3625): setListener
V/StagefrightPlayer( 3625): initCheck
V/AwesomePlayer( 3625): setAudioSink
V/StagefrightPlayer( 3625): setDataSource(33, 31108252, 52024)
V/AwesomePlayer( 3625): reset_l()
V/AwesomePlayer( 3625): notifyListner_l() msg (8-MEDIA_STOPPED), ext1 (0), ext2 (0)
V/AudioCache( 3625): notify(0xafb14c90, 8, 0, 0)
V/AudioCache( 3625): ignored
V/AwesomePlayer( 3625): cancelPlayerEvents (keepNotifications=0)
V/AwesomePlayer( 3625): mAudioTrackVector clear
V/AwesomePlayer( 3625): reset_l() mAudioPlayer successfully deleted
V/AwesomePlayer( 3625): mSecCapture clear
V/AwesomePlayer( 3625): mSecMediaClock clear
V/AwesomePlayer( 3625): track of type 'audio/vorbis' does not publish bitrate
V/AwesomePlayer( 3625): mBitrate = -1 bits/sec
I/OggExtractor( 3625): OggSource::OggSource() mExtractor ref count = 4
V/AwesomePlayer( 3625): current audio track index (0) is added to vector
V/AwesomePlayer( 3625): setDataSource_l: Audio(1), Video(0)
I/AwesomePlayer( 3625): checkRightsStatus is not necessary - AwesomePlayer::setDataSource_l
V/MediaPlayerService( 3625): prepare
V/AwesomePlayer( 3625): prepareAsync
V/MediaPlayerService( 3625): wait for prepare
V/AwesomePlayer( 3625): onPrepareAsyncEvent
I/SecMediaClock( 3625): SecMediaClock constructor
I/SecMediaClock( 3625): reset
I/SecVideoCapture( 3625): SecVideoCapture constructor
I/SecVideoCapture( 3625): reset
V/AwesomePlayer( 3625): initAudioDecoder
V/AwesomePlayer( 3625): checkOffloadExceptions is true
V/AudioPolicyManager( 3625): isOffloadSupported: SR=48000, CM=0x3, Format=0x7000000, StreamType=-1, BitRate=4294967295, duration=2880000 us, has_video=0
V/AudioPolicyManager( 3625): isOffloadSupported: stream_type != MUSIC, returning false
I/OMXCodec( 3625): Attempting to allocate OMX node 'OMX.google.vorbis.decoder'
I/OMXCodec( 3625): Successfully allocated OMX node 'OMX.google.vorbis.decoder'
I/OMXCodec( 3625): >>>UHQA initOutputFormat 16
I/AwesomePlayer( 3625): Could not offload audio decode, try pcm offload
V/AudioPolicyManager( 3625): isOffloadSupported: SR=44100, CM=0x1, Format=0x1, StreamType=-1, BitRate=4294967295, duration=2880000 us, has_video=0
V/AudioPolicyManager( 3625): isOffloadSupported: stream_type != MUSIC, returning false
I/OMXCodec( 3625): [OMX.google.vorbis.decoder] OMXCodec::start mState=1
I/OMXCodec( 3625): [OMX.google.vorbis.decoder] allocating 4 buffers of size 8192 on input port
I/OMXCodec( 3625): [OMX.google.vorbis.decoder] allocating 4 buffers of size 32768 on output port
I/OMXCodec( 3625): [OMX.google.vorbis.decoder] Now Idle. Component sends idle done Event 
V/AwesomePlayer( 3625): finishAsyncPrepare_l
V/AwesomePlayer( 3625): notifyListner_l() msg (200-MEDIA_INFO), ext1 (973), ext2 (0)
V/AudioCache( 3625): notify(0xafb14c90, 200, 973, 0)
V/AudioCache( 3625): ignored
V/AwesomePlayer( 3625): notifyListner_l() msg (5-MEDIA_SET_VIDEO_SIZE), ext1 (0), ext2 (0)
V/AudioCache( 3625): notify(0xafb14c90, 5, 0, 0)
V/AudioCache( 3625): ignored
V/AwesomePlayer( 3625): notifyListner_l() msg (1-MEDIA_PREPARED), ext1 (0), ext2 (0)
V/AudioCache( 3625): notify(0xafb14c90, 1, 0, 0)
V/AudioCache( 3625): prepared
V/AudioCache( 3625): wait - success
V/MediaPlayerService( 3625): start
V/StagefrightPlayer( 3625): start
V/AwesomePlayer( 3625): play
V/AwesomePlayer( 3625): AwesomePlayer::play_l():: This is not a DRM content
V/AwesomePlayer( 3625): startAudioPlayer_l, sendErrorNotification (0)
I/OMXCodec( 3625): [OMX.google.vorbis.decoder] 0onCmdComplete  mState =  7
I/OMXCodec( 3625): [OMX.google.vorbis.decoder] PORT_DISABLED(1)
I/OMXCodec( 3625): >>>UHQA initOutputFormat 16
I/OMXCodec( 3625): [OMX.google.vorbis.decoder] allocating 4 buffers of size 32768 on output port
I/AudioPlayer( 3625): Audio channels(2)
I/AudioPlayer( 3625): Audioplayer kKeyAudioPCMFormat:2, 1, 0
I/AudioPlayer( 3625): Audioplayer kKeyAudioPCMFormat read fail(2, 1)
V/AudioCache( 3625): open(48000, 2, 0x0, 1, 0)
V/AwesomePlayer( 3625): notifyListner_l() msg (6-MEDIA_STARTED), ext1 (0), ext2 (0)
V/AudioCache( 3625): notify(0xafb14c90, 6, 0, 0)
V/AudioCache( 3625): ignored
V/AwesomePlayer( 3625): addBatteryData
I/AudioPlayer( 3625): First fillBuffer call!!
I/AudioPlayer( 3625): >>> setAudioEffect Read mAudioFormat : 1, event : 218893323, value : 252710414
V/MediaPlayerService( 3625): wait for playback complete
E/AudioPlayer( 3625): >>> setAudioEffect Error mAudioFormat : 1, event : 218893323, value : 252710414
I/OMXCodec( 3625): [OMX.google.vorbis.decoder] End Of Stream
V/AwesomePlayer( 3625): postAudioEOS delayUs (0)
V/AwesomePlayer( 3625): onCheckAudioStatus
V/AwesomePlayer( 3625): onCheckAudioStatus() set AUDIO_AT_EOS flag
V/AwesomePlayer( 3625): onStreamDone
V/AwesomePlayer( 3625): MEDIA_PLAYBACK_COMPLETE
V/AwesomePlayer( 3625): notifyListner_l() msg (2-MEDIA_PLAYBACK_COMPLETE), ext1 (0), ext2 (0)
V/AudioCache( 3625): notify(0xafb14c90, 2, 0, 0)
V/AudioCache( 3625): playback complete - thread will wake up later
V/AwesomePlayer( 3625): notifyListner_l() msg (7-MEDIA_PAUSED), ext1 (0), ext2 (0)
V/AudioCache( 3625): notify(0xafb14c90, 7, 0, 0)
V/AudioCache( 3625): ignored
V/AwesomePlayer( 3625): cancelPlayerEvents (keepNotifications=1)
V/AwesomePlayer( 3625): addBatteryData
V/AudioCache( 3625): wait - success
V/StagefrightPlayer( 3625): reset
V/AwesomePlayer( 3625): reset_l()
V/AwesomePlayer( 3625): notifyListner_l() msg (8-MEDIA_STOPPED), ext1 (0), ext2 (0)
V/AudioCache( 3625): notify(0xafb14c90, 8, 0, 0)
V/AudioCache( 3625): ignored
V/AwesomePlayer( 3625): cancelPlayerEvents (keepNotifications=0)
V/AwesomePlayer( 3625): mAudioTrackVector clear
I/OMXCodec( 3625): [OMX.google.vorbis.decoder] stop mState=4
I/OMXCodec( 3625): [OMX.google.vorbis.decoder] stop() sendCommand(0x65, OMX_CommandStateSet, OMX_StateIdle)
I/OMXCodec( 3625): [OMX.google.vorbis.decoder] Now Idle. Component sends idle done Event 
I/OMXCodec( 3625): [OMX.google.vorbis.decoder] stopOmxComponent_l() mstate = 1
I/OggExtractor( 3625): OggSource::stop() mExtractor ref count = 1
I/OggExtractor( 3625): OggSource::~OggSource() mExtractor !mStarted ref count = 1
I/OggExtractor( 3625): ~OggSource --
I/OggExtractor( 3625): ~OggExtractor ++
I/OggExtractor( 3625): ~MyVorbisExtractor ++ 
I/OggExtractor( 3625): ~MyVorbisExtractor --
I/OggExtractor( 3625): ~OggExtractor --
I/AudioPlayer( 3625): reset out
V/AwesomePlayer( 3625): reset_l() mAudioPlayer successfully deleted
I/SecVideoCapture( 3625): SecVideoCapture destructor
I/SecVideoCapture( 3625): reset
V/AwesomePlayer( 3625): mSecCapture clear
I/SecMediaClock( 3625): SecMediaClock destructor
V/AwesomePlayer( 3625): mSecMediaClock clear
V/StagefrightPlayer( 3625): ~StagefrightPlayer
V/StagefrightPlayer( 3625): reset
V/AwesomePlayer( 3625): reset_l()
V/AwesomePlayer( 3625): notifyListner_l() msg (8-MEDIA_STOPPED), ext1 (0), ext2 (0)
V/AwesomePlayer( 3625): cancelPlayerEvents (keepNotifications=0)
V/AwesomePlayer( 3625): mAudioTrackVector clear
V/AwesomePlayer( 3625): reset_l() mAudioPlayer successfully deleted
V/AwesomePlayer( 3625): mSecCapture clear
V/AwesomePlayer( 3625): mSecMediaClock clear
V/AwesomePlayer( 3625): destructor
V/AwesomePlayer( 3625): reset_l()
V/AwesomePlayer( 3625): notifyListner_l() msg (8-MEDIA_STOPPED), ext1 (0), ext2 (0)
V/AwesomePlayer( 3625): cancelPlayerEvents (keepNotifications=0)
V/AwesomePlayer( 3625): mAudioTrackVector clear
V/AwesomePlayer( 3625): reset_l() mAudioPlayer successfully deleted
V/AwesomePlayer( 3625): mSecCapture clear
V/AwesomePlayer( 3625): mSecMediaClock clear
V/MediaPlayer( 9008): decode(45, 30973312, 4112)
V/MediaPlayerService( 3625): decode(33, 30973312, 4112)
V/MediaPlayerService( 3625): player type = 3
V/AwesomePlayer( 3625): setDefault
V/AwesomePlayer( 3625): constructor
V/AwesomePlayer( 3625): setDefault
V/AwesomePlayer( 3625): reset_l()
V/AwesomePlayer( 3625): notifyListner_l() msg (8-MEDIA_STOPPED), ext1 (0), ext2 (0)
V/AwesomePlayer( 3625): cancelPlayerEvents (keepNotifications=0)
V/AwesomePlayer( 3625): mAudioTrackVector clear
V/AwesomePlayer( 3625): reset_l() mAudioPlayer successfully deleted
V/AwesomePlayer( 3625): mSecCapture clear
V/AwesomePlayer( 3625): mSecMediaClock clear
V/StagefrightPlayer( 3625): StagefrightPlayer
V/AwesomePlayer( 3625): setListener
V/StagefrightPlayer( 3625): initCheck
V/AwesomePlayer( 3625): setAudioSink
V/StagefrightPlayer( 3625): setDataSource(33, 30973312, 4112)
V/AwesomePlayer( 3625): reset_l()
V/AwesomePlayer( 3625): notifyListner_l() msg (8-MEDIA_STOPPED), ext1 (0), ext2 (0)
V/AudioCache( 3625): notify(0xb2908dd0, 8, 0, 0)
V/AudioCache( 3625): ignored
V/AwesomePlayer( 3625): cancelPlayerEvents (keepNotifications=0)
V/AwesomePlayer( 3625): mAudioTrackVector clear
V/AwesomePlayer( 3625): reset_l() mAudioPlayer successfully deleted
V/AwesomePlayer( 3625): mSecCapture clear
V/AwesomePlayer( 3625): mSecMediaClock clear
V/AwesomePlayer( 3625): track of type 'audio/vorbis' does not publish bitrate
V/AwesomePlayer( 3625): mBitrate = -1 bits/sec
I/OggExtractor( 3625): OggSource::OggSource() mExtractor ref count = 4
V/AwesomePlayer( 3625): current audio track index (0) is added to vector
V/AwesomePlayer( 3625): setDataSource_l: Audio(1), Video(0)
I/AwesomePlayer( 3625): checkRightsStatus is not necessary - AwesomePlayer::setDataSource_l
V/MediaPlayerService( 3625): prepare
V/AwesomePlayer( 3625): prepareAsync
V/MediaPlayerService( 3625): wait for prepare
V/AwesomePlayer( 3625): onPrepareAsyncEvent
I/SecMediaClock( 3625): SecMediaClock constructor
I/SecMediaClock( 3625): reset
I/SecVideoCapture( 3625): SecVideoCapture constructor
I/SecVideoCapture( 3625): reset
V/AwesomePlayer( 3625): initAudioDecoder
V/AwesomePlayer( 3625): checkOffloadExceptions is true
V/AudioPolicyManager( 3625): isOffloadSupported: SR=44100, CM=0x1, Format=0x7000000, StreamType=-1, BitRate=4294967295, duration=4331 us, has_video=0
V/AudioPolicyManager( 3625): isOffloadSupported: stream_type != MUSIC, returning false
I/OMXCodec( 3625): Attempting to allocate OMX node 'OMX.google.vorbis.decoder'
I/OMXCodec( 3625): Successfully allocated OMX node 'OMX.google.vorbis.decoder'
I/OMXCodec( 3625): >>>UHQA initOutputFormat 16
I/AwesomePlayer( 3625): Could not offload audio decode, try pcm offload
V/AudioPolicyManager( 3625): isOffloadSupported: SR=44100, CM=0x1, Format=0x1, StreamType=-1, BitRate=4294967295, duration=4331 us, has_video=0
V/AudioPolicyManager( 3625): isOffloadSupported: stream_type != MUSIC, returning false
I/OMXCodec( 3625): [OMX.google.vorbis.decoder] OMXCodec::start mState=1
I/OMXCodec( 3625): [OMX.google.vorbis.decoder] allocating 4 buffers of size 8192 on input port
I/OMXCodec( 3625): [OMX.google.vorbis.decoder] allocating 4 buffers of size 32768 on output port
I/OMXCodec( 3625): [OMX.google.vorbis.decoder] Now Idle. Component sends idle done Event 
V/AwesomePlayer( 3625): finishAsyncPrepare_l
V/AwesomePlayer( 3625): notifyListner_l() msg (200-MEDIA_INFO), ext1 (973), ext2 (0)
V/AudioCache( 3625): notify(0xb2908dd0, 200, 973, 0)
V/AudioCache( 3625): ignored
V/AwesomePlayer( 3625): notifyListner_l() msg (5-MEDIA_SET_VIDEO_SIZE), ext1 (0), ext2 (0)
V/AudioCache( 3625): notify(0xb2908dd0, 5, 0, 0)
V/AudioCache( 3625): ignored
V/AwesomePlayer( 3625): notifyListner_l() msg (1-MEDIA_PREPARED), ext1 (0), ext2 (0)
V/AudioCache( 3625): notify(0xb2908dd0, 1, 0, 0)
V/AudioCache( 3625): prepared
V/AudioCache( 3625): wait - success
V/MediaPlayerService( 3625): start
V/StagefrightPlayer( 3625): start
V/AwesomePlayer( 3625): play
V/AwesomePlayer( 3625): AwesomePlayer::play_l():: This is not a DRM content
V/AwesomePlayer( 3625): startAudioPlayer_l, sendErrorNotification (0)
I/OMXCodec( 3625): [OMX.google.vorbis.decoder] End Of Stream
I/OMXCodec( 3625): [OMX.google.vorbis.decoder] 0onCmdComplete  mState =  7
I/OMXCodec( 3625): [OMX.google.vorbis.decoder] PORT_DISABLED(1)
I/OMXCodec( 3625): >>>UHQA initOutputFormat 16
I/OMXCodec( 3625): [OMX.google.vorbis.decoder] allocating 4 buffers of size 32768 on output port
I/AudioPlayer( 3625): Audio channels(1)
I/AudioPlayer( 3625): Audioplayer kKeyAudioPCMFormat:1, 1, 0
I/AudioPlayer( 3625): Audioplayer kKeyAudioPCMFormat read fail(1, 1)
V/AudioCache( 3625): open(44100, 1, 0x0, 1, 0)
V/AwesomePlayer( 3625): notifyListner_l() msg (6-MEDIA_STARTED), ext1 (0), ext2 (0)
V/AudioCache( 3625): notify(0xb2908dd0, 6, 0, 0)
V/AudioCache( 3625): ignored
V/AwesomePlayer( 3625): addBatteryData
I/AudioPlayer( 3625): First fillBuffer call!!
V/MediaPlayerService( 3625): wait for playback complete
I/AudioPlayer( 3625): >>> setAudioEffect Read mAudioFormat : 1, event : 218893324, value : 218959116
E/AudioPlayer( 3625): >>> setAudioEffect Error mAudioFormat : 1, event : 218893324, value : 218959116
V/AwesomePlayer( 3625): postAudioEOS delayUs (0)
V/AwesomePlayer( 3625): onCheckAudioStatus
V/AwesomePlayer( 3625): onCheckAudioStatus() set AUDIO_AT_EOS flag
V/AwesomePlayer( 3625): onStreamDone
V/AwesomePlayer( 3625): MEDIA_PLAYBACK_COMPLETE
V/AwesomePlayer( 3625): notifyListner_l() msg (2-MEDIA_PLAYBACK_COMPLETE), ext1 (0), ext2 (0)
V/AudioCache( 3625): notify(0xb2908dd0, 2, 0, 0)
V/AudioCache( 3625): playback complete - thread will wake up later
V/AwesomePlayer( 3625): notifyListner_l() msg (7-MEDIA_PAUSED), ext1 (0), ext2 (0)
V/AudioCache( 3625): notify(0xb2908dd0, 7, 0, 0)
V/AudioCache( 3625): ignored
V/AwesomePlayer( 3625): cancelPlayerEvents (keepNotifications=1)
V/AwesomePlayer( 3625): addBatteryData
V/AudioCache( 3625): wait - success
V/StagefrightPlayer( 3625): reset
V/AwesomePlayer( 3625): reset_l()
W/ServiceManager( 4272): Permission failure: com.samsung.permission.SSENSOR from uid=10048 pid=9076
V/AwesomePlayer( 3625): notifyListner_l() msg (8-MEDIA_STOPPED), ext1 (0), ext2 (0)
V/AudioCache( 3625): notify(0xb2908dd0, 8, 0, 0)
V/AudioCache( 3625): ignored
D/PermissionCache( 4272): checking com.samsung.permission.SSENSOR for uid=10048 => denied (223 us)
V/AwesomePlayer( 3625): cancelPlayerEvents (keepNotifications=0)
V/AwesomePlayer( 3625): mAudioTrackVector clear
I/OMXCodec( 3625): [OMX.google.vorbis.decoder] stop mState=4
I/SensorService( 4272): Skipped sensor HRM Sensor because it requires permission 
I/OMXCodec( 3625): [OMX.google.vorbis.decoder] stop() sendCommand(0x66, OMX_CommandStateSet, OMX_StateIdle)
W/ServiceManager( 4272): Permission failure: android.permission.BODY_SENSORS from uid=10048 pid=9076
D/PermissionCache( 4272): checking android.permission.BODY_SENSORS for uid=10048 => denied (127 us)
I/OMXCodec( 3625): [OMX.google.vorbis.decoder] Now Idle. Component sends idle done Event 
I/SensorService( 4272): Skipped sensor HeartRate Sensor because it requires permission android.permission.BODY_SENSORS
I/SensorService( 4272): Skipped sensor MAX86900 because it requires permission 
I/OMXCodec( 3625): [OMX.google.vorbis.decoder] stopOmxComponent_l() mstate = 1
I/OggExtractor( 3625): OggSource::stop() mExtractor ref count = 1
I/OggExtractor( 3625): OggSource::~OggSource() mExtractor !mStarted ref count = 1
I/OggExtractor( 3625): ~OggSource --
I/OggExtractor( 3625): ~OggExtractor ++
I/OggExtractor( 3625): ~MyVorbisExtractor ++ 
I/OggExtractor( 3625): ~MyVorbisExtractor --
I/OggExtractor( 3625): ~OggExtractor --
I/AudioPlayer( 3625): reset out
V/AwesomePlayer( 3625): reset_l() mAudioPlayer successfully deleted
I/SecVideoCapture( 3625): SecVideoCapture destructor
I/SecVideoCapture( 3625): reset
V/AwesomePlayer( 3625): mSecCapture clear
I/SecMediaClock( 3625): SecMediaClock destructor
V/AwesomePlayer( 3625): mSecMediaClock clear
V/StagefrightPlayer( 3625): ~StagefrightPlayer
V/StagefrightPlayer( 3625): reset
V/AwesomePlayer( 3625): reset_l()
V/AwesomePlayer( 3625): notifyListner_l() msg (8-MEDIA_STOPPED), ext1 (0), ext2 (0)
V/AwesomePlayer( 3625): cancelPlayerEvents (keepNotifications=0)
V/AwesomePlayer( 3625): mAudioTrackVector clear
V/AwesomePlayer( 3625): reset_l() mAudioPlayer successfully deleted
V/AwesomePlayer( 3625): mSecCapture clear
V/AwesomePlayer( 3625): mSecMediaClock clear
V/AwesomePlayer( 3625): destructor
V/AwesomePlayer( 3625): reset_l()
V/AwesomePlayer( 3625): notifyListner_l() msg (8-MEDIA_STOPPED), ext1 (0), ext2 (0)
V/AwesomePlayer( 3625): cancelPlayerEvents (keepNotifications=0)
V/AwesomePlayer( 3625): mAudioTrackVector clear
V/AwesomePlayer( 3625): reset_l() mAudioPlayer successfully deleted
V/AwesomePlayer( 3625): mSecCapture clear
V/AwesomePlayer( 3625): mSecMediaClock clear
V/MediaPlayer( 9008): decode(46, 31036244, 21825)
V/MediaPlayerService( 3625): decode(33, 31036244, 21825)
V/MediaPlayerService( 3625): player type = 3
V/AwesomePlayer( 3625): setDefault
V/AwesomePlayer( 3625): constructor
V/AwesomePlayer( 3625): setDefault
V/AwesomePlayer( 3625): reset_l()
V/AwesomePlayer( 3625): notifyListner_l() msg (8-MEDIA_STOPPED), ext1 (0), ext2 (0)
V/AwesomePlayer( 3625): cancelPlayerEvents (keepNotifications=0)
V/AwesomePlayer( 3625): mAudioTrackVector clear
V/AwesomePlayer( 3625): reset_l() mAudioPlayer successfully deleted
V/AwesomePlayer( 3625): mSecCapture clear
V/AwesomePlayer( 3625): mSecMediaClock clear
V/StagefrightPlayer( 3625): StagefrightPlayer
V/AwesomePlayer( 3625): setListener
V/StagefrightPlayer( 3625): initCheck
V/AwesomePlayer( 3625): setAudioSink
V/StagefrightPlayer( 3625): setDataSource(33, 31036244, 21825)
V/AwesomePlayer( 3625): reset_l()
V/AwesomePlayer( 3625): notifyListner_l() msg (8-MEDIA_STOPPED), ext1 (0), ext2 (0)
V/AudioCache( 3625): notify(0xafb14b00, 8, 0, 0)
V/AudioCache( 3625): ignored
V/AwesomePlayer( 3625): cancelPlayerEvents (keepNotifications=0)
V/AwesomePlayer( 3625): mAudioTrackVector clear
V/AwesomePlayer( 3625): reset_l() mAudioPlayer successfully deleted
V/AwesomePlayer( 3625): mSecCapture clear
V/AwesomePlayer( 3625): mSecMediaClock clear
V/AwesomePlayer( 3625): track of type 'audio/vorbis' does not publish bitrate
V/AwesomePlayer( 3625): mBitrate = -1 bits/sec
I/OggExtractor( 3625): OggSource::OggSource() mExtractor ref count = 4
V/AwesomePlayer( 3625): current audio track index (0) is added to vector
V/AwesomePlayer( 3625): setDataSource_l: Audio(1), Video(0)
I/AwesomePlayer( 3625): checkRightsStatus is not necessary - AwesomePlayer::setDataSource_l
V/MediaPlayerService( 3625): prepare
V/AwesomePlayer( 3625): prepareAsync
V/MediaPlayerService( 3625): wait for prepare
V/AwesomePlayer( 3625): onPrepareAsyncEvent
I/SecMediaClock( 3625): SecMediaClock constructor
I/SecMediaClock( 3625): reset
I/SecVideoCapture( 3625): SecVideoCapture constructor
I/SecVideoCapture( 3625): reset
V/AwesomePlayer( 3625): initAudioDecoder
V/AwesomePlayer( 3625): checkOffloadExceptions is true
V/AudioPolicyManager( 3625): isOffloadSupported: SR=44100, CM=0x3, Format=0x7000000, StreamType=-1, BitRate=4294967295, duration=1250000 us, has_video=0
V/AudioPolicyManager( 3625): isOffloadSupported: stream_type != MUSIC, returning false
I/OMXCodec( 3625): Attempting to allocate OMX node 'OMX.google.vorbis.decoder'
I/OMXCodec( 3625): Successfully allocated OMX node 'OMX.google.vorbis.decoder'
I/OMXCodec( 3625): >>>UHQA initOutputFormat 16
I/AwesomePlayer( 3625): Could not offload audio decode, try pcm offload
V/AudioPolicyManager( 3625): isOffloadSupported: SR=44100, CM=0x1, Format=0x1, StreamType=-1, BitRate=4294967295, duration=1250000 us, has_video=0
V/AudioPolicyManager( 3625): isOffloadSupported: stream_type != MUSIC, returning false
I/OMXCodec( 3625): [OMX.google.vorbis.decoder] OMXCodec::start mState=1
I/OMXCodec( 3625): [OMX.google.vorbis.decoder] allocating 4 buffers of size 8192 on input port
I/OMXCodec( 3625): [OMX.google.vorbis.decoder] allocating 4 buffers of size 32768 on output port
I/OMXCodec( 3625): [OMX.google.vorbis.decoder] Now Idle. Component sends idle done Event 
V/AwesomePlayer( 3625): finishAsyncPrepare_l
V/AwesomePlayer( 3625): notifyListner_l() msg (200-MEDIA_INFO), ext1 (973), ext2 (0)
V/AudioCache( 3625): notify(0xafb14b00, 200, 973, 0)
V/AudioCache( 3625): ignored
V/AwesomePlayer( 3625): notifyListner_l() msg (5-MEDIA_SET_VIDEO_SIZE), ext1 (0), ext2 (0)
V/AudioCache( 3625): notify(0xafb14b00, 5, 0, 0)
V/AudioCache( 3625): ignored
V/AwesomePlayer( 3625): notifyListner_l() msg (1-MEDIA_PREPARED), ext1 (0), ext2 (0)
V/AudioCache( 3625): notify(0xafb14b00, 1, 0, 0)
V/AudioCache( 3625): prepared
V/AudioCache( 3625): wait - success
V/MediaPlayerService( 3625): start
V/StagefrightPlayer( 3625): start
V/AwesomePlayer( 3625): play
V/AwesomePlayer( 3625): AwesomePlayer::play_l():: This is not a DRM content
V/AwesomePlayer( 3625): startAudioPlayer_l, sendErrorNotification (0)
I/OMXCodec( 3625): [OMX.google.vorbis.decoder] 0onCmdComplete  mState =  7
I/OMXCodec( 3625): [OMX.google.vorbis.decoder] PORT_DISABLED(1)
I/OMXCodec( 3625): >>>UHQA initOutputFormat 16
I/OMXCodec( 3625): [OMX.google.vorbis.decoder] allocating 4 buffers of size 32768 on output port
I/AudioPlayer( 3625): Audio channels(2)
I/AudioPlayer( 3625): Audioplayer kKeyAudioPCMFormat:2, 1, 0
I/AudioPlayer( 3625): Audioplayer kKeyAudioPCMFormat read fail(2, 1)
V/AudioCache( 3625): open(44100, 2, 0x0, 1, 0)
V/AwesomePlayer( 3625): notifyListner_l() msg (6-MEDIA_STARTED), ext1 (0), ext2 (0)
V/AudioCache( 3625): notify(0xafb14b00, 6, 0, 0)
V/AudioCache( 3625): ignored
V/AwesomePlayer( 3625): addBatteryData
I/AudioPlayer( 3625): First fillBuffer call!!
I/AudioPlayer( 3625): >>> setAudioEffect Read mAudioFormat : 1, event : 218959117, value : 218959117
E/AudioPlayer( 3625): >>> setAudioEffect Error mAudioFormat : 1, event : 218959117, value : 218959117
V/MediaPlayerService( 3625): wait for playback complete
I/OMXCodec( 3625): [OMX.google.vorbis.decoder] End Of Stream
V/AwesomePlayer( 3625): postAudioEOS delayUs (0)
V/AwesomePlayer( 3625): onCheckAudioStatus
V/AwesomePlayer( 3625): onCheckAudioStatus() set AUDIO_AT_EOS flag
V/AwesomePlayer( 3625): onStreamDone
V/AwesomePlayer( 3625): MEDIA_PLAYBACK_COMPLETE
V/AwesomePlayer( 3625): notifyListner_l() msg (2-MEDIA_PLAYBACK_COMPLETE), ext1 (0), ext2 (0)
V/AudioCache( 3625): notify(0xafb14b00, 2, 0, 0)
V/AudioCache( 3625): playback complete - thread will wake up later
V/AwesomePlayer( 3625): notifyListner_l() msg (7-MEDIA_PAUSED), ext1 (0), ext2 (0)
V/AudioCache( 3625): notify(0xafb14b00, 7, 0, 0)
V/AudioCache( 3625): ignored
V/AwesomePlayer( 3625): cancelPlayerEvents (keepNotifications=1)
V/AudioCache( 3625): wait - success
V/AwesomePlayer( 3625): addBatteryData
V/StagefrightPlayer( 3625): reset
V/AwesomePlayer( 3625): reset_l()
V/AwesomePlayer( 3625): notifyListner_l() msg (8-MEDIA_STOPPED), ext1 (0), ext2 (0)
V/AudioCache( 3625): notify(0xafb14b00, 8, 0, 0)
V/AudioCache( 3625): ignored
V/AwesomePlayer( 3625): cancelPlayerEvents (keepNotifications=0)
V/AwesomePlayer( 3625): mAudioTrackVector clear
I/OMXCodec( 3625): [OMX.google.vorbis.decoder] stop mState=4
I/OMXCodec( 3625): [OMX.google.vorbis.decoder] stop() sendCommand(0x67, OMX_CommandStateSet, OMX_StateIdle)
I/OMXCodec( 3625): [OMX.google.vorbis.decoder] Now Idle. Component sends idle done Event 
I/OMXCodec( 3625): [OMX.google.vorbis.decoder] stopOmxComponent_l() mstate = 1
I/OggExtractor( 3625): OggSource::stop() mExtractor ref count = 1
I/OggExtractor( 3625): OggSource::~OggSource() mExtractor !mStarted ref count = 1
I/OggExtractor( 3625): ~OggSource --
I/OggExtractor( 3625): ~OggExtractor ++
I/OggExtractor( 3625): ~MyVorbisExtractor ++ 
I/OggExtractor( 3625): ~MyVorbisExtractor --
I/OggExtractor( 3625): ~OggExtractor --
I/AudioPlayer( 3625): reset out
V/AwesomePlayer( 3625): reset_l() mAudioPlayer successfully deleted
I/SecVideoCapture( 3625): SecVideoCapture destructor
I/SecVideoCapture( 3625): reset
V/AwesomePlayer( 3625): mSecCapture clear
I/SecMediaClock( 3625): SecMediaClock destructor
V/AwesomePlayer( 3625): mSecMediaClock clear
V/StagefrightPlayer( 3625): ~StagefrightPlayer
V/StagefrightPlayer( 3625): reset
V/AwesomePlayer( 3625): reset_l()
V/AwesomePlayer( 3625): notifyListner_l() msg (8-MEDIA_STOPPED), ext1 (0), ext2 (0)
V/AwesomePlayer( 3625): cancelPlayerEvents (keepNotifications=0)
V/AwesomePlayer( 3625): mAudioTrackVector clear
V/AwesomePlayer( 3625): reset_l() mAudioPlayer successfully deleted
V/AwesomePlayer( 3625): mSecCapture clear
V/AwesomePlayer( 3625): mSecMediaClock clear
V/AwesomePlayer( 3625): destructor
V/AwesomePlayer( 3625): reset_l()
V/AwesomePlayer( 3625): notifyListner_l() msg (8-MEDIA_STOPPED), ext1 (0), ext2 (0)
V/AwesomePlayer( 3625): cancelPlayerEvents (keepNotifications=0)
V/AwesomePlayer( 3625): mAudioTrackVector clear
V/AwesomePlayer( 3625): reset_l() mAudioPlayer successfully deleted
V/AwesomePlayer( 3625): mSecCapture clear
V/AwesomePlayer( 3625): mSecMediaClock clear
V/MediaPlayer( 9008): decode(47, 30935396, 21552)
V/MediaPlayerService( 3625): decode(33, 30935396, 21552)
V/MediaPlayerService( 3625): player type = 3
V/AwesomePlayer( 3625): setDefault
V/AwesomePlayer( 3625): constructor
V/AwesomePlayer( 3625): setDefault
V/AwesomePlayer( 3625): reset_l()
V/AwesomePlayer( 3625): notifyListner_l() msg (8-MEDIA_STOPPED), ext1 (0), ext2 (0)
V/AwesomePlayer( 3625): cancelPlayerEvents (keepNotifications=0)
V/AwesomePlayer( 3625): mAudioTrackVector clear
V/AwesomePlayer( 3625): reset_l() mAudioPlayer successfully deleted
V/AwesomePlayer( 3625): mSecCapture clear
V/AwesomePlayer( 3625): mSecMediaClock clear
V/StagefrightPlayer( 3625): StagefrightPlayer
V/AwesomePlayer( 3625): setListener
V/StagefrightPlayer( 3625): initCheck
V/AwesomePlayer( 3625): setAudioSink
V/StagefrightPlayer( 3625): setDataSource(33, 30935396, 21552)
V/AwesomePlayer( 3625): reset_l()
V/AwesomePlayer( 3625): notifyListner_l() msg (8-MEDIA_STOPPED), ext1 (0), ext2 (0)
V/AudioCache( 3625): notify(0xafb14bf0, 8, 0, 0)
V/AudioCache( 3625): ignored
V/AwesomePlayer( 3625): cancelPlayerEvents (keepNotifications=0)
V/AwesomePlayer( 3625): mAudioTrackVector clear
V/AwesomePlayer( 3625): reset_l() mAudioPlayer successfully deleted
V/AwesomePlayer( 3625): mSecCapture clear
V/AwesomePlayer( 3625): mSecMediaClock clear
V/AwesomePlayer( 3625): track of type 'audio/vorbis' does not publish bitrate
V/AwesomePlayer( 3625): mBitrate = -1 bits/sec
I/OggExtractor( 3625): OggSource::OggSource() mExtractor ref count = 4
V/AwesomePlayer( 3625): current audio track index (0) is added to vector
V/AwesomePlayer( 3625): setDataSource_l: Audio(1), Video(0)
I/AwesomePlayer( 3625): checkRightsStatus is not necessary - AwesomePlayer::setDataSource_l
V/MediaPlayerService( 3625): prepare
V/AwesomePlayer( 3625): prepareAsync
V/MediaPlayerService( 3625): wait for prepare
V/AwesomePlayer( 3625): onPrepareAsyncEvent
I/SecMediaClock( 3625): SecMediaClock constructor
I/SecMediaClock( 3625): reset
I/SecVideoCapture( 3625): SecVideoCapture constructor
I/SecVideoCapture( 3625): reset
V/AwesomePlayer( 3625): initAudioDecoder
V/AwesomePlayer( 3625): checkOffloadExceptions is true
V/AudioPolicyManager( 3625): isOffloadSupported: SR=44100, CM=0x3, Format=0x7000000, StreamType=-1, BitRate=4294967295, duration=1250000 us, has_video=0
V/AudioPolicyManager( 3625): isOffloadSupported: stream_type != MUSIC, returning false
I/OMXCodec( 3625): Attempting to allocate OMX node 'OMX.google.vorbis.decoder'
E/Zygote  ( 9144): MountEmulatedStorage()
E/Zygote  ( 9144): v2
I/OMXCodec( 3625): Successfully allocated OMX node 'OMX.google.vorbis.decoder'
I/OMXCodec( 3625): >>>UHQA initOutputFormat 16
I/AwesomePlayer( 3625): Could not offload audio decode, try pcm offload
V/AudioPolicyManager( 3625): isOffloadSupported: SR=44100, CM=0x1, Format=0x1, StreamType=-1, BitRate=4294967295, duration=1250000 us, has_video=0
V/AudioPolicyManager( 3625): isOffloadSupported: stream_type != MUSIC, returning false
I/OMXCodec( 3625): [OMX.google.vorbis.decoder] OMXCodec::start mState=1
I/OMXCodec( 3625): [OMX.google.vorbis.decoder] allocating 4 buffers of size 8192 on input port
I/OMXCodec( 3625): [OMX.google.vorbis.decoder] allocating 4 buffers of size 32768 on output port
I/OMXCodec( 3625): [OMX.google.vorbis.decoder] Now Idle. Component sends idle done Event 
V/AwesomePlayer( 3625): finishAsyncPrepare_l
V/AwesomePlayer( 3625): notifyListner_l() msg (200-MEDIA_INFO), ext1 (973), ext2 (0)
V/AudioCache( 3625): notify(0xafb14bf0, 200, 973, 0)
V/AudioCache( 3625): ignored
V/AwesomePlayer( 3625): notifyListner_l() msg (5-MEDIA_SET_VIDEO_SIZE), ext1 (0), ext2 (0)
V/AudioCache( 3625): notify(0xafb14bf0, 5, 0, 0)
V/AudioCache( 3625): ignored
V/AwesomePlayer( 3625): notifyListner_l() msg (1-MEDIA_PREPARED), ext1 (0), ext2 (0)
V/AudioCache( 3625): notify(0xafb14bf0, 1, 0, 0)
V/AudioCache( 3625): prepared
V/AudioCache( 3625): wait - success
V/MediaPlayerService( 3625): start
V/StagefrightPlayer( 3625): start
I/SELinux ( 9144): Function: selinux_compare_spd_ram , priority [2] , priority version is VE=SEPF_SM-G900H_5.0_0011
V/AwesomePlayer( 3625): play
V/AwesomePlayer( 3625): AwesomePlayer::play_l():: This is not a DRM content
V/AwesomePlayer( 3625): startAudioPlayer_l, sendErrorNotification (0)
E/SELinux ( 9144): [DEBUG] get_category: variable seinfo: platform sensitivity: NULL, cateogry: NULL
I/OMXCodec( 3625): [OMX.google.vorbis.decoder] 0onCmdComplete  mState =  7
I/OMXCodec( 3625): [OMX.google.vorbis.decoder] PORT_DISABLED(1)
I/OMXCodec( 3625): >>>UHQA initOutputFormat 16
I/OMXCodec( 3625): [OMX.google.vorbis.decoder] allocating 4 buffers of size 32768 on output port
I/AudioPlayer( 3625): Audio channels(2)
I/AudioPlayer( 3625): Audioplayer kKeyAudioPCMFormat:2, 1, 0
I/AudioPlayer( 3625): Audioplayer kKeyAudioPCMFormat read fail(2, 1)
V/AudioCache( 3625): open(44100, 2, 0x0, 1, 0)
V/AwesomePlayer( 3625): notifyListner_l() msg (6-MEDIA_STARTED), ext1 (0), ext2 (0)
V/AudioCache( 3625): notify(0xafb14bf0, 6, 0, 0)
V/AudioCache( 3625): ignored
V/AwesomePlayer( 3625): addBatteryData
I/AudioPlayer( 3625): First fillBuffer call!!
I/AudioPlayer( 3625): >>> setAudioEffect Read mAudioFormat : 1, event : 218893323, value : 252710414
E/AudioPlayer( 3625): >>> setAudioEffect Error mAudioFormat : 1, event : 218893323, value : 252710414
V/MediaPlayerService( 3625): wait for playback complete
D/TimaKeyStoreProvider( 9144): TimaSignature is unavailable
D/ActivityThread( 9144): Added TimaKeyStore provider
I/OMXCodec( 3625): [OMX.google.vorbis.decoder] End Of Stream
V/AwesomePlayer( 3625): postAudioEOS delayUs (0)
V/AwesomePlayer( 3625): onCheckAudioStatus
V/AwesomePlayer( 3625): onCheckAudioStatus() set AUDIO_AT_EOS flag
V/AwesomePlayer( 3625): onStreamDone
V/AwesomePlayer( 3625): MEDIA_PLAYBACK_COMPLETE
V/AwesomePlayer( 3625): notifyListner_l() msg (2-MEDIA_PLAYBACK_COMPLETE), ext1 (0), ext2 (0)
V/AudioCache( 3625): notify(0xafb14bf0, 2, 0, 0)
V/AudioCache( 3625): playback complete - thread will wake up later
V/AwesomePlayer( 3625): notifyListner_l() msg (7-MEDIA_PAUSED), ext1 (0), ext2 (0)
V/AudioCache( 3625): notify(0xafb14bf0, 7, 0, 0)
V/AudioCache( 3625): ignored
V/AwesomePlayer( 3625): cancelPlayerEvents (keepNotifications=1)
V/AwesomePlayer( 3625): addBatteryData
V/AudioCache( 3625): wait - success
V/StagefrightPlayer( 3625): reset
V/AwesomePlayer( 3625): reset_l()
V/AwesomePlayer( 3625): notifyListner_l() msg (8-MEDIA_STOPPED), ext1 (0), ext2 (0)
V/AudioCache( 3625): notify(0xafb14bf0, 8, 0, 0)
V/AudioCache( 3625): ignored
V/AwesomePlayer( 3625): cancelPlayerEvents (keepNotifications=0)
V/AwesomePlayer( 3625): mAudioTrackVector clear
I/OMXCodec( 3625): [OMX.google.vorbis.decoder] stop mState=4
I/OMXCodec( 3625): [OMX.google.vorbis.decoder] stop() sendCommand(0x68, OMX_CommandStateSet, OMX_StateIdle)
I/OMXCodec( 3625): [OMX.google.vorbis.decoder] Now Idle. Component sends idle done Event 
I/OMXCodec( 3625): [OMX.google.vorbis.decoder] stopOmxComponent_l() mstate = 1
I/OggExtractor( 3625): OggSource::stop() mExtractor ref count = 1
I/OggExtractor( 3625): OggSource::~OggSource() mExtractor !mStarted ref count = 1
I/OggExtractor( 3625): ~OggSource --
I/OggExtractor( 3625): ~OggExtractor ++
I/OggExtractor( 3625): ~MyVorbisExtractor ++ 
I/OggExtractor( 3625): ~MyVorbisExtractor --
I/OggExtractor( 3625): ~OggExtractor --
I/AudioPlayer( 3625): reset out
V/AwesomePlayer( 3625): reset_l() mAudioPlayer successfully deleted
I/SecVideoCapture( 3625): SecVideoCapture destructor
I/SecVideoCapture( 3625): reset
V/AwesomePlayer( 3625): mSecCapture clear
I/SecMediaClock( 3625): SecMediaClock destructor
V/AwesomePlayer( 3625): mSecMediaClock clear
V/StagefrightPlayer( 3625): ~StagefrightPlayer
V/StagefrightPlayer( 3625): reset
V/AwesomePlayer( 3625): reset_l()
V/AwesomePlayer( 3625): notifyListner_l() msg (8-MEDIA_STOPPED), ext1 (0), ext2 (0)
V/AwesomePlayer( 3625): cancelPlayerEvents (keepNotifications=0)
V/AwesomePlayer( 3625): mAudioTrackVector clear
V/AwesomePlayer( 3625): reset_l() mAudioPlayer successfully deleted
V/AwesomePlayer( 3625): mSecCapture clear
V/AwesomePlayer( 3625): mSecMediaClock clear
V/AwesomePlayer( 3625): destructor
V/AwesomePlayer( 3625): reset_l()
V/AwesomePlayer( 3625): notifyListner_l() msg (8-MEDIA_STOPPED), ext1 (0), ext2 (0)
V/AwesomePlayer( 3625): cancelPlayerEvents (keepNotifications=0)
V/AwesomePlayer( 3625): mAudioTrackVector clear
V/AwesomePlayer( 3625): reset_l() mAudioPlayer successfully deleted
V/AwesomePlayer( 3625): mSecCapture clear
V/AwesomePlayer( 3625): mSecMediaClock clear
V/MediaPlayer( 9008): decode(48, 31029168, 7017)
V/MediaPlayerService( 3625): decode(33, 31029168, 7017)
V/MediaPlayerService( 3625): player type = 3
V/AwesomePlayer( 3625): setDefault
V/AwesomePlayer( 3625): constructor
D/ResourcesManager( 9144): creating new AssetManager and set to /system/priv-app/CloudAgent/CloudAgent.apk
V/AwesomePlayer( 3625): setDefault
V/AwesomePlayer( 3625): reset_l()
V/AwesomePlayer( 3625): notifyListner_l() msg (8-MEDIA_STOPPED), ext1 (0), ext2 (0)
V/AwesomePlayer( 3625): cancelPlayerEvents (keepNotifications=0)
V/AwesomePlayer( 3625): mAudioTrackVector clear
V/AwesomePlayer( 3625): reset_l() mAudioPlayer successfully deleted
V/AwesomePlayer( 3625): mSecCapture clear
V/AwesomePlayer( 3625): mSecMediaClock clear
V/StagefrightPlayer( 3625): StagefrightPlayer
V/AwesomePlayer( 3625): setListener
V/StagefrightPlayer( 3625): initCheck
V/AwesomePlayer( 3625): setAudioSink
V/StagefrightPlayer( 3625): setDataSource(33, 31029168, 7017)
V/AwesomePlayer( 3625): reset_l()
V/AwesomePlayer( 3625): notifyListner_l() msg (8-MEDIA_STOPPED), ext1 (0), ext2 (0)
V/AudioCache( 3625): notify(0xb2908150, 8, 0, 0)
V/AudioCache( 3625): ignored
V/AwesomePlayer( 3625): cancelPlayerEvents (keepNotifications=0)
V/AwesomePlayer( 3625): mAudioTrackVector clear
V/AwesomePlayer( 3625): reset_l() mAudioPlayer successfully deleted
V/AwesomePlayer( 3625): mSecCapture clear
V/AwesomePlayer( 3625): mSecMediaClock clear
V/AwesomePlayer( 3625): track of type 'audio/vorbis' does not publish bitrate
V/AwesomePlayer( 3625): mBitrate = -1 bits/sec
I/OggExtractor( 3625): OggSource::OggSource() mExtractor ref count = 4
V/AwesomePlayer( 3625): current audio track index (0) is added to vector
V/AwesomePlayer( 3625): setDataSource_l: Audio(1), Video(0)
I/AwesomePlayer( 3625): checkRightsStatus is not necessary - AwesomePlayer::setDataSource_l
V/MediaPlayerService( 3625): prepare
V/AwesomePlayer( 3625): prepareAsync
V/MediaPlayerService( 3625): wait for prepare
V/AwesomePlayer( 3625): onPrepareAsyncEvent
I/SecMediaClock( 3625): SecMediaClock constructor
I/SecMediaClock( 3625): reset
I/SecVideoCapture( 3625): SecVideoCapture constructor
I/SecVideoCapture( 3625): reset
V/AwesomePlayer( 3625): initAudioDecoder
V/AwesomePlayer( 3625): checkOffloadExceptions is true
V/AudioPolicyManager( 3625): isOffloadSupported: SR=44100, CM=0x3, Format=0x7000000, StreamType=-1, BitRate=4294967295, duration=173945 us, has_video=0
V/AudioPolicyManager( 3625): isOffloadSupported: stream_type != MUSIC, returning false
I/OMXCodec( 3625): Attempting to allocate OMX node 'OMX.google.vorbis.decoder'
I/OMXCodec( 3625): Successfully allocated OMX node 'OMX.google.vorbis.decoder'
I/OMXCodec( 3625): >>>UHQA initOutputFormat 16
I/AwesomePlayer( 3625): Could not offload audio decode, try pcm offload
V/AudioPolicyManager( 3625): isOffloadSupported: SR=44100, CM=0x1, Format=0x1, StreamType=-1, BitRate=4294967295, duration=173945 us, has_video=0
V/AudioPolicyManager( 3625): isOffloadSupported: stream_type != MUSIC, returning false
I/OMXCodec( 3625): [OMX.google.vorbis.decoder] OMXCodec::start mState=1
I/OMXCodec( 3625): [OMX.google.vorbis.decoder] allocating 4 buffers of size 8192 on input port
I/OMXCodec( 3625): [OMX.google.vorbis.decoder] allocating 4 buffers of size 32768 on output port
I/OMXCodec( 3625): [OMX.google.vorbis.decoder] Now Idle. Component sends idle done Event 
V/AwesomePlayer( 3625): finishAsyncPrepare_l
V/AwesomePlayer( 3625): notifyListner_l() msg (200-MEDIA_INFO), ext1 (973), ext2 (0)
V/AudioCache( 3625): notify(0xb2908150, 200, 973, 0)
V/AudioCache( 3625): ignored
V/AwesomePlayer( 3625): notifyListner_l() msg (5-MEDIA_SET_VIDEO_SIZE), ext1 (0), ext2 (0)
V/AudioCache( 3625): notify(0xb2908150, 5, 0, 0)
V/AudioCache( 3625): ignored
V/AwesomePlayer( 3625): notifyListner_l() msg (1-MEDIA_PREPARED), ext1 (0), ext2 (0)
V/AudioCache( 3625): notify(0xb2908150, 1, 0, 0)
V/AudioCache( 3625): prepared
V/AudioCache( 3625): wait - success
V/MediaPlayerService( 3625): start
V/StagefrightPlayer( 3625): start
V/AwesomePlayer( 3625): play
V/AwesomePlayer( 3625): AwesomePlayer::play_l():: This is not a DRM content
V/AwesomePlayer( 3625): startAudioPlayer_l, sendErrorNotification (0)
I/OMXCodec( 3625): [OMX.google.vorbis.decoder] 0onCmdComplete  mState =  7
I/OMXCodec( 3625): [OMX.google.vorbis.decoder] PORT_DISABLED(1)
I/OMXCodec( 3625): >>>UHQA initOutputFormat 16
I/OMXCodec( 3625): [OMX.google.vorbis.decoder] allocating 4 buffers of size 32768 on output port
I/AudioPlayer( 3625): Audio channels(2)
I/AudioPlayer( 3625): Audioplayer kKeyAudioPCMFormat:2, 1, 0
I/AudioPlayer( 3625): Audioplayer kKeyAudioPCMFormat read fail(2, 1)
V/AudioCache( 3625): open(44100, 2, 0x0, 1, 0)
V/AwesomePlayer( 3625): notifyListner_l() msg (6-MEDIA_STARTED), ext1 (0), ext2 (0)
V/AudioCache( 3625): notify(0xb2908150, 6, 0, 0)
V/AudioCache( 3625): ignored
V/AwesomePlayer( 3625): addBatteryData
I/AudioPlayer( 3625): First fillBuffer call!!
I/AudioPlayer( 3625): >>> setAudioEffect Read mAudioFormat : 1, event : 218959117, value : 218959117
E/AudioPlayer( 3625): >>> setAudioEffect Error mAudioFormat : 1, event : 218959117, value : 218959117
V/MediaPlayerService( 3625): wait for playback complete
I/OMXCodec( 3625): [OMX.google.vorbis.decoder] End Of Stream
V/AwesomePlayer( 3625): postAudioEOS delayUs (0)
V/AwesomePlayer( 3625): onCheckAudioStatus
V/AwesomePlayer( 3625): onCheckAudioStatus() set AUDIO_AT_EOS flag
V/AwesomePlayer( 3625): onStreamDone
V/AwesomePlayer( 3625): MEDIA_PLAYBACK_COMPLETE
V/AwesomePlayer( 3625): notifyListner_l() msg (2-MEDIA_PLAYBACK_COMPLETE), ext1 (0), ext2 (0)
V/AudioCache( 3625): notify(0xb2908150, 2, 0, 0)
V/AudioCache( 3625): playback complete - thread will wake up later
V/AwesomePlayer( 3625): notifyListner_l() msg (7-MEDIA_PAUSED), ext1 (0), ext2 (0)
V/AudioCache( 3625): notify(0xb2908150, 7, 0, 0)
V/AudioCache( 3625): ignored
V/AwesomePlayer( 3625): cancelPlayerEvents (keepNotifications=1)
V/AwesomePlayer( 3625): addBatteryData
V/AudioCache( 3625): wait - success
V/StagefrightPlayer( 3625): reset
V/AwesomePlayer( 3625): reset_l()
V/AwesomePlayer( 3625): notifyListner_l() msg (8-MEDIA_STOPPED), ext1 (0), ext2 (0)
V/AudioCache( 3625): notify(0xb2908150, 8, 0, 0)
V/AudioCache( 3625): ignored
V/AwesomePlayer( 3625): cancelPlayerEvents (keepNotifications=0)
V/AwesomePlayer( 3625): mAudioTrackVector clear
I/OMXCodec( 3625): [OMX.google.vorbis.decoder] stop mState=4
I/OMXCodec( 3625): [OMX.google.vorbis.decoder] stop() sendCommand(0x69, OMX_CommandStateSet, OMX_StateIdle)
I/OMXCodec( 3625): [OMX.google.vorbis.decoder] Now Idle. Component sends idle done Event 
