I/art     ( 5162): Using an offset of 0xd41000 from default art base address of 0x70000000
I/art     ( 5162): GenerateImage: /system/bin/dex2oat --image=/data/dalvik-cache/arm/system@framework@boot.art --dex-file=/system/framework/core-libart.jar --dex-file=/system/framework/conscrypt.jar --dex-file=/system/framework/okhttp.jar --dex-file=/system/framework/core-junit.jar --dex-file=/system/framework/bouncycastle.jar --dex-file=/system/framework/ext.jar --dex-file=/system/framework/framework.jar --dex-file=/system/framework/telephony-common.jar --dex-file=/system/framework/voip-common.jar --dex-file=/system/framework/ims-common.jar --dex-file=/system/framework/mms-common.jar --dex-file=/system/framework/android.policy.jar --dex-file=/system/framework/apache-xml.jar --oat-file=/data/dalvik-cache/arm/system@framework@boot.oat --instruction-set=arm --instruction-set-features=div --base=0x70d41000 --runtime-arg -Xms64m --runtime-arg -Xmx64m --image-classes-zip=/system/framework/framework.jar --image-classes=preloaded-classes
W/art     ( 5162): Unexpected file type of 
W/art     ( 5162):  encountered.
W/art     ( 5162): Could not create image space with image file '/system/framework/boot.art'. Attempting to fall back to imageless running. Error was: Failed to generate image '/data/dalvik-cache/arm/system@framework@boot.art': Failed execv(/system/bin/dex2oat --image=/data/dalvik-cache/arm/system@framework@boot.art --dex-file=/system/framework/core-libart.jar --dex-file=/system/framework/conscrypt.jar --dex-file=/system/framework/okhttp.jar --dex-file=/system/framework/core-junit.jar --dex-file=/system/framework/bouncycastle.jar --dex-file=/system/framework/ext.jar --dex-file=/system/framework/framework.jar --dex-file=/system/framework/telephony-common.jar --dex-file=/system/framework/voip-common.jar --dex-file=/system/framework/ims-common.jar --dex-file=/system/framework/mms-common.jar --dex-file=/system/framework/android.policy.jar --dex-file=/system/framework/apache-xml.jar --oat-file=/data/dalvik-cache/arm/system@framework@boot.oat --instruction-set=arm --instruction-set-features=div --base=0x70d41000 --runtime-arg -Xms64
D/hwcomposer( 5159): using
D/hwcomposer( 5159): xres         = 1080 px
D/hwcomposer( 5159): yres         = 1920 px
D/hwcomposer( 5159): width        = 65 mm (422.030000 dpi)
D/hwcomposer( 5159): height       = 115 mm (424.069000 dpi)
D/hwcomposer( 5159): refresh rate = 60 Hz
D/libexynosv4l2-subdev( 5159): try node: /dev/v4l-subdev0
D/libexynosv4l2-subdev( 5159): try node: /dev/v4l-subdev1
D/libexynosv4l2-subdev( 5159): try node: /dev/v4l-subdev2
I/libexynosv4l2-subdev( 5159): node found for device s5p-mixer0: /dev/v4l-subdev2
I/libexynosv4l2-subdev( 5159): open subdev device /dev/v4l-subdev2
I/hwcomposer( 5159): PSR info devname = /sys/devices/14400000.fimd_fb/psr_info
I/hwcomposer( 5159): PSR mode is 2(0: video mode, 1: DP PSR mode, 2: MIPI-DSI command mode)
I/SurfaceFlinger( 5159): Using composer version 1.3
I/SurfaceFlinger( 5159): EGL information:
I/SurfaceFlinger( 5159): vendor    : Android
I/SurfaceFlinger( 5159): version   : 1.4 Android META-EGL
I/SurfaceFlinger( 5159): extensions: EGL_KHR_get_all_proc_addresses EGL_ANDROID_presentation_time EGL_KHR_image EGL_KHR_image_base EGL_KHR_gl_texture_2D_image EGL_KHR_gl_texture_cubemap_image EGL_KHR_gl_renderbuffer_image EGL_KHR_fence_sync EGL_KHR_create_context EGL_ANDROID_image_native_buffer EGL_KHR_wait_sync EGL_ANDROID_recordable 
I/SurfaceFlinger( 5159): Client API: OpenGL_ES
I/SurfaceFlinger( 5159): EGLSurface: 8-8-8-8, config=0xb6acf2ac
I/SurfaceFlinger( 5159): OpenGL ES informations:
I/SurfaceFlinger( 5159): vendor    : ARM
I/SurfaceFlinger( 5159): renderer  : Mali-T628
I/SurfaceFlinger( 5159): version   : OpenGL ES 3.0
I/SurfaceFlinger( 5159): extensions: GL_EXT_debug_marker GL_ARM_rgba8 GL_ARM_mali_shader_binary GL_OES_depth24 GL_OES_depth_texture GL_OES_depth_texture_cube_map GL_OES_packed_depth_stencil GL_OES_rgb8_rgba8 GL_EXT_read_format_bgra GL_OES_compressed_paletted_texture GL_OES_compressed_ETC1_RGB8_texture GL_OES_standard_derivatives GL_OES_EGL_image GL_OES_EGL_image_external GL_OES_EGL_sync GL_OES_texture_npot GL_OES_vertex_half_float GL_OES_required_internalformat GL_OES_vertex_array_object GL_OES_mapbuffer GL_EXT_texture_format_BGRA8888 GL_EXT_texture_rg GL_EXT_texture_type_2_10_10_10_REV GL_OES_fbo_render_mipmap GL_OES_element_index_uint GL_EXT_shadow_samplers GL_OES_texture_compression_astc GL_KHR_texture_compression_astc_ldr GL_KHR_texture_compression_astc_hdr GL_KHR_debug GL_EXT_occlusion_query_boolean GL_EXT_blend_minmax GL_EXT_discard_framebuffer GL_OES_get_program_binary GL_OES_texture_3D GL_EXT_texture_storage GL_EXT_multisampled_render_to_texture GL_OES_surfaceless_context GL_ARM_mali_program_binary 
I/SurfaceFlinger( 5159): GL_MAX_TEXTURE_SIZE = 8192
I/SurfaceFlinger( 5159): GL_MAX_VIEWPORT_DIMS = 8192
E/libEGL  ( 5159): eglQuerySurface:607 error 300d (EGL_BAD_SURFACE)
E/libEGL  ( 5159): eglQuerySurface:607 error 300d (EGL_BAD_SURFACE)
E/libEGL  ( 5159): call to OpenGL ES API with no current context (logged once per thread)
D/SurfaceFlinger( 5159): Set power mode=2, type=0 flinger=0xb6a62000
I/hwcomposer( 5159): int exynos5_blank(hwc_composer_device_1*, int, int):: disp(0), blank(0)
I/hwcomposer( 5159): unblank ioctl failed (display already unblanked)
E/libEGL  ( 5159): eglSwapBuffers:1071 error 300d (EGL_BAD_SURFACE)
F/SurfaceFlinger( 5159): eglSwapBuffers(0x1, 0x0) failed with 0x0000300d
F/libc    ( 5159): Fatal signal 6 (SIGABRT), code -6 in tid 5159 (surfaceflinger)
I/DEBUG   ( 3587): property debug.db.uid not set; NOT waiting for gdb.
I/DEBUG   ( 3587): HINT: adb shell setprop debug.db.uid 100000
I/DEBUG   ( 3587): HINT: adb forward tcp:5039 tcp:5039
I/DEBUG   ( 3587): *** *** *** *** *** *** *** *** *** *** *** *** *** *** *** ***
I/DEBUG   ( 3587): Build fingerprint: 'samsung/cm_k3gxx/k3gxx:5.0.2/LRX22G/ca2fb2b51d:userdebug/test-keys'
I/DEBUG   ( 3587): Revision: '10'
I/DEBUG   ( 3587): ABI: 'arm'
I/DEBUG   ( 3587): pid: 5159, tid: 5159, name: surfaceflinger  >>> /system/bin/surfaceflinger <<<
I/DEBUG   ( 3587): signal 6 (SIGABRT), code -6 (SI_TKILL), fault addr --------
I/DEBUG   ( 3587): Abort message: 'eglSwapBuffers(0x1, 0x0) failed with 0x0000300d'
I/DEBUG   ( 3587):     r0 00000000  r1 00001427  r2 00000006  r3 00000000
I/DEBUG   ( 3587):     r4 b6fb8114  r5 00000006  r6 0000000b  r7 0000010c
I/DEBUG   ( 3587):     r8 00000000  r9 be821bd0  sl b6a54210  fp be821bd0
I/DEBUG   ( 3587):     ip 00001427  sp be821650  lr b6f427b9  pc b6f664e4  cpsr 600f0010
I/DEBUG   ( 3587): 
I/DEBUG   ( 3587): backtrace:
I/DEBUG   ( 3587):     #00 pc 000384e4  /system/lib/libc.so (tgkill+12)
I/DEBUG   ( 3587):     #01 pc 000147b5  /system/lib/libc.so (pthread_kill+52)
I/DEBUG   ( 3587):     #02 pc 0001550b  /system/lib/libc.so (raise+10)
I/DEBUG   ( 3587):     #03 pc 00011c35  /system/lib/libc.so (__libc_android_abort+36)
I/DEBUG   ( 3587):     #04 pc 0000fcb8  /system/lib/libc.so (abort+4)
I/DEBUG   ( 3587):     #05 pc 00007739  /system/lib/libcutils.so (__android_log_assert+88)
I/DEBUG   ( 3587):     #06 pc 0000f4df  /system/lib/libsurfaceflinger.so
I/DEBUG   ( 3587):     #07 pc 0001b9fd  /system/lib/libsurfaceflinger.so
I/DEBUG   ( 3587):     #08 pc 0001abe7  /system/lib/libsurfaceflinger.so
I/DEBUG   ( 3587):     #09 pc 00019fc3  /system/lib/libsurfaceflinger.so
I/DEBUG   ( 3587):     #10 pc 00019d49  /system/lib/libsurfaceflinger.so
I/DEBUG   ( 3587):     #11 pc 00010ed3  /system/lib/libutils.so (android::Looper::pollInner(int)+410)
I/DEBUG   ( 3587):     #12 pc 00010fc5  /system/lib/libutils.so (android::Looper::pollOnce(int, int*, int*, void**)+92)
I/DEBUG   ( 3587):     #13 pc 000174c5  /system/lib/libsurfaceflinger.so
I/DEBUG   ( 3587):     #14 pc 0001993d  /system/lib/libsurfaceflinger.so (android::SurfaceFlinger::run()+8)
I/DEBUG   ( 3587):     #15 pc 0000083d  /system/bin/surfaceflinger
I/DEBUG   ( 3587):     #16 pc 0000fb75  /system/lib/libc.so (__libc_init+44)
I/DEBUG   ( 3587):     #17 pc 000008d8  /system/bin/surfaceflinger
W/auditd  ( 3584): type=1325 audit(0.0:1344): table=filter family=10 entries=32
W/ip6tables( 5290): type=1300 audit(0.0:1344): arch=40000028 syscall=294 per=800000 success=yes exit=0 a0=4 a1=29 a2=40 a3=b6c28000 items=0 ppid=5157 auid=4294967295 uid=0 gid=0 euid=0 suid=0 fsuid=0 egid=0 sgid=0 fsgid=0 ses=4294967295 tty=(none) exe="/system/bin/ip6tables" subj=u:r:netd:s0 key=(null)
W/auditd  ( 3584): type=1320 audit(0.0:1344): 
W/auditd  ( 3584): type=1325 audit(0.0:1345): table=raw family=2 entries=9
W/iptables( 5291): type=1300 audit(0.0:1345): arch=40000028 syscall=294 per=800000 success=yes exit=0 a0=4 a1=0 a2=40 a3=b6c1ba00 items=0 ppid=5157 auid=4294967295 uid=0 gid=0 euid=0 suid=0 fsuid=0 egid=0 sgid=0 fsgid=0 ses=4294967295 tty=(none) exe="/system/bin/iptables" subj=u:r:netd:s0 key=(null)
W/auditd  ( 3584): type=1320 audit(0.0:1345): 
W/auditd  ( 3584): type=1325 audit(0.0:1346): table=raw family=10 entries=9
W/ip6tables( 5292): type=1300 audit(0.0:1346): arch=40000028 syscall=294 per=800000 success=yes exit=0 a0=4 a1=29 a2=40 a3=b6c1d000 items=0 ppid=5157 auid=4294967295 uid=0 gid=0 euid=0 suid=0 fsuid=0 egid=0 sgid=0 fsgid=0 ses=4294967295 tty=(none) exe="/system/bin/ip6tables" subj=u:r:netd:s0 key=(null)
W/auditd  ( 3584): type=1320 audit(0.0:1346): 
W/auditd  ( 3584): type=1325 audit(0.0:1347): table=raw family=2 entries=8
W/iptables( 5293): type=1300 audit(0.0:1347): arch=40000028 syscall=294 per=800000 success=yes exit=0 a0=4 a1=0 a2=40 a3=b6c1ba00 items=0 ppid=5157 auid=4294967295 uid=0 gid=0 euid=0 suid=0 fsuid=0 egid=0 sgid=0 fsgid=0 ses=4294967295 tty=(none) exe="/system/bin/iptables" subj=u:r:netd:s0 key=(null)
W/auditd  ( 3584): type=1320 audit(0.0:1347): 
W/auditd  ( 3584): type=1325 audit(0.0:1348): table=raw family=10 entries=8
W/ip6tables( 5294): type=1300 audit(0.0:1348): arch=40000028 syscall=294 per=800000 success=yes exit=0 a0=4 a1=29 a2=40 a3=b6c32800 items=0 ppid=5157 auid=4294967295 uid=0 gid=0 euid=0 suid=0 fsuid=0 egid=0 sgid=0 fsgid=0 ses=4294967295 tty=(none) exe="/system/bin/ip6tables" subj=u:r:netd:s0 key=(null)
W/auditd  ( 3584): type=1320 audit(0.0:1348): 
W/auditd  ( 3584): type=1325 audit(0.0:1349): table=raw family=2 entries=8
W/iptables( 5295): type=1300 audit(0.0:1349): arch=40000028 syscall=294 per=800000 success=yes exit=0 a0=4 a1=0 a2=40 a3=b6c30100 items=0 ppid=5157 auid=4294967295 uid=0 gid=0 euid=0 suid=0 fsuid=0 egid=0 sgid=0 fsgid=0 ses=4294967295 tty=(none) exe="/system/bin/iptables" subj=u:r:netd:s0 key=(null)
W/auditd  ( 3584): type=1320 audit(0.0:1349): 
W/auditd  ( 3584): type=1325 audit(0.0:1350): table=raw family=10 entries=8
W/ip6tables( 5296): type=1300 audit(0.0:1350): arch=40000028 syscall=294 per=800000 success=yes exit=0 a0=4 a1=29 a2=40 a3=b6c32400 items=0 ppid=5157 auid=4294967295 uid=0 gid=0 euid=0 suid=0 fsuid=0 egid=0 sgid=0 fsgid=0 ses=4294967295 tty=(none) exe="/system/bin/ip6tables" subj=u:r:netd:s0 key=(null)
I/ServiceManager( 5160): Waiting for service batterystats...
I/DEBUG   ( 3587): 
I/DEBUG   ( 3587): Tombstone written to: /data/tombstones/tombstone_07
I/ServiceManager( 3573): service 'SurfaceFlinger' died
I/ServiceManager( 3573): service 'Exynos.HWCService' died
I/ServiceManager( 3573): service 'media.wifi_display' died
I/ServiceManager( 3573): service 'media.audio_flinger' died
W/init    ( 5344): type=1400 audit(0.0:1395): avc: denied { entrypoint } for path="/system/bin/auditd" dev="mmcblk0p18" ino=173 scontext=u:r:logd:s0 tcontext=u:object_r:system_file:s0 tclass=file
W/init    ( 5344): type=1300 audit(0.0:1395): arch=40000028 syscall=11 per=800000 success=no exit=-13 a0=b6d80954 a1=b6d69530 a2=57e64 a3=ff0000 items=1 ppid=1 auid=4294967295 uid=0 gid=0 euid=0 suid=0 fsuid=0 egid=0 sgid=0 fsgid=0 ses=4294967295 tty=(none) exe="/init" subj=u:r:init:s0 key=(null)
W/auditd  ( 3584): type=1307 audit(0.0:1395): cwd="/"
W/auditd  ( 3584): type=1302 audit(0.0:1395): item=0 name="/system/bin/auditd" inode=173 dev=103:0a mode=0100755 ouid=0 ogid=2000 rdev=00:00 obj=u:object_r:system_file:s0
W/auditd  ( 3584): type=1320 audit(0.0:1395): 
I/Netd    ( 5345): Netd 1.0 starting
E/Netd    ( 5345): Failed to open /proc/sys/net/ipv6/conf/default/accept_ra_rt_table: No such file or directory
E/Netd    ( 5345): Failed to open /proc/sys/net/ipv6/conf/ip6tnl0/accept_ra_rt_table: No such file or directory
E/Netd    ( 5345): Failed to open /proc/sys/net/ipv6/conf/lo/accept_ra_rt_table: No such file or directory
E/Netd    ( 5345): Failed to open /proc/sys/net/ipv6/conf/rmnet0/accept_ra_rt_table: No such file or directory
E/Netd    ( 5345): Failed to open /proc/sys/net/ipv6/conf/rmnet1/accept_ra_rt_table: No such file or directory
E/Netd    ( 5345): Failed to open /proc/sys/net/ipv6/conf/rmnet2/accept_ra_rt_table: No such file or directory
E/Netd    ( 5345): Failed to open /proc/sys/net/ipv6/conf/rmnet3/accept_ra_rt_table: No such file or directory
E/Netd    ( 5345): Failed to open /proc/sys/net/ipv6/conf/sit0/accept_ra_rt_table: No such file or directory
W/auditd  ( 3584): type=1325 audit(0.0:1396): table=filter family=2 entries=35
W/iptables( 5351): type=1300 audit(0.0:1396): arch=40000028 syscall=294 per=800000 success=yes exit=0 a0=4 a1=0 a2=40 a3=b6c25000 items=0 ppid=5345 auid=4294967295 uid=0 gid=0 euid=0 suid=0 fsuid=0 egid=0 sgid=0 fsgid=0 ses=4294967295 tty=(none) exe="/system/bin/iptables" subj=u:r:netd:s0 key=(null)
W/auditd  ( 3584): type=1320 audit(0.0:1396): 
W/auditd  ( 3584): type=1325 audit(0.0:1397): table=filter family=10 entries=33
W/ip6tables( 5352): type=1300 audit(0.0:1397): arch=40000028 syscall=294 per=800000 success=yes exit=0 a0=4 a1=29 a2=40 a3=b6c28000 items=0 ppid=5345 auid=4294967295 uid=0 gid=0 euid=0 suid=0 fsuid=0 egid=0 sgid=0 fsgid=0 ses=4294967295 tty=(none) exe="/system/bin/ip6tables" subj=u:r:netd:s0 key=(null)
W/auditd  ( 3584): type=1320 audit(0.0:1397): 
I/SurfaceFlinger( 5347): SurfaceFlinger is starting
I/SurfaceFlinger( 5347): SurfaceFlinger's main thread ready to run. Initializing graphics H/W...
W/auditd  ( 3584): type=1325 audit(0.0:1398): table=filter family=2 entries=34
W/iptables( 5353): type=1300 audit(0.0:1398): arch=40000028 syscall=294 per=800000 success=yes exit=0 a0=4 a1=0 a2=40 a3=b6c22000 items=0 ppid=5345 auid=4294967295 uid=0 gid=0 euid=0 suid=0 fsuid=0 egid=0 sgid=0 fsgid=0 ses=4294967295 tty=(none) exe="/system/bin/iptables" subj=u:r:netd:s0 key=(null)
W/auditd  ( 3584): type=1320 audit(0.0:1398): 
W/auditd  ( 3584): type=1325 audit(0.0:1399): table=filter family=10 entries=32
W/ip6tables( 5357): type=1300 audit(0.0:1399): arch=40000028 syscall=294 per=800000 success=yes exit=0 a0=4 a1=29 a2=40 a3=b6c23000 items=0 ppid=5345 auid=4294967295 uid=0 gid=0 euid=0 suid=0 fsuid=0 egid=0 sgid=0 fsgid=0 ses=4294967295 tty=(none) exe="/system/bin/ip6tables" subj=u:r:netd:s0 key=(null)
W/auditd  ( 3584): type=1320 audit(0.0:1399): 
W/auditd  ( 3584): type=1325 audit(0.0:1400): table=filter family=2 entries=34
W/iptables( 5359): type=1300 audit(0.0:1400): arch=40000028 syscall=294 per=800000 success=yes exit=0 a0=4 a1=0 a2=40 a3=b6c22000 items=0 ppid=5345 auid=4294967295 uid=0 gid=0 euid=0 suid=0 fsuid=0 egid=0 sgid=0 fsgid=0 ses=4294967295 tty=(none) exe="/system/bin/iptables" subj=u:r:netd:s0 key=(null)
W/auditd  ( 3584): type=1320 audit(0.0:1400): 
D/libEGL  ( 5347): loaded /vendor/lib/egl/libGLES_mali.so
I/        ( 5347): PLATFORM VERSION : JB-MR-2
I/mediaserver( 5348): ServiceManager: 0xb60500c0
I/AudioFlinger( 5348): Using default 3000 mSec as standby time.
I/ServiceManager( 5348): Waiting for service batterystats...
I/gralloc ( 5347): using (fd=12)
I/gralloc ( 5347): id           = 
I/gralloc ( 5347): xres         = 1080 px
I/gralloc ( 5347): yres         = 1920 px
I/gralloc ( 5347): xres_virtual = 1080 px
I/gralloc ( 5347): yres_virtual = 3840 px
I/gralloc ( 5347): bpp          = 32
I/gralloc ( 5347): r            = 16:8
I/gralloc ( 5347): g            =  8:8
I/gralloc ( 5347): b            =  0:8
I/gralloc ( 5347): width        = 65 mm (422.030762 dpi)
I/gralloc ( 5347): height       = 115 mm (424.069580 dpi)
I/gralloc ( 5347): refresh rate = 60.00 Hz
D/AndroidRuntime( 5350): 
D/AndroidRuntime( 5350): >>>>>> AndroidRuntime START com.android.internal.os.ZygoteInit <<<<<<
D/AndroidRuntime( 5350): CheckJNI is OFF
I/art     ( 5350): option[0]=-Xzygote
I/art     ( 5350): option[1]=-Xstacktracefile:/data/anr/traces.txt
I/art     ( 5350): option[2]=exit
I/art     ( 5350): option[3]=vfprintf
I/art     ( 5350): option[4]=sensitiveThread
I/art     ( 5350): option[5]=-verbose:gc
I/art     ( 5350): option[6]=-Xms8m
I/art     ( 5350): option[7]=-Xmx512m
I/art     ( 5350): option[8]=-XX:mainThreadStackSize=24K
I/art     ( 5350): option[9]=-XX:HeapGrowthLimit=128m
I/art     ( 5350): option[10]=-XX:HeapMinFree=2m
I/art     ( 5350): option[11]=-XX:HeapMaxFree=8m
I/art     ( 5350): option[12]=-XX:HeapTargetUtilization=0.75
I/art     ( 5350): option[13]=-agentlib:jdwp=transport=dt_android_adb,suspend=n,server=y
I/art     ( 5350): option[14]=-Xlockprofthreshold:500
I/art     ( 5350): option[15]=-Ximage-compiler-option
I/art     ( 5350): option[16]=--runtime-arg
I/art     ( 5350): option[17]=-Ximage-compiler-option
I/art     ( 5350): option[18]=-Xms64m
I/art     ( 5350): option[19]=-Ximage-compiler-option
I/art     ( 5350): option[20]=--runtime-arg
I/art     ( 5350): option[21]=-Ximage-compiler-option
I/art     ( 5350): option[22]=-Xmx64m
I/art     ( 5350): option[23]=-Ximage-compiler-option
I/art     ( 5350): option[24]=--image-classes-zip=/system/framework/framework.jar
I/art     ( 5350): option[25]=-Ximage-compiler-option
I/art     ( 5350): option[26]=--image-classes=preloaded-classes
I/art     ( 5350): option[27]=-Xcompiler-option
I/art     ( 5350): option[28]=--runtime-arg
I/art     ( 5350): option[29]=-Xcompiler-option
I/art     ( 5350): option[30]=-Xms64m
I/art     ( 5350): option[31]=-Xcompiler-option
I/art     ( 5350): option[32]=--runtime-arg
I/art     ( 5350): option[33]=-Xcompiler-option
I/art     ( 5350): option[34]=-Xmx512m
I/art     ( 5350): option[35]=-Duser.language=es
I/art     ( 5350): option[36]=-Duser.region=US
I/art     ( 5350): Pruning dalvik-cache since we are generating an image and will need to recompile
W/art     ( 5350): Unexpected file type of 
W/art     ( 5350):  encountered.
I/art     ( 5350): Using an offset of 0x373000 from default art base address of 0x70000000
I/art     ( 5350): GenerateImage: /system/bin/dex2oat --image=/data/dalvik-cache/arm/system@framework@boot.art --dex-file=/system/framework/core-libart.jar --dex-file=/system/framework/conscrypt.jar --dex-file=/system/framework/okhttp.jar --dex-file=/system/framework/core-junit.jar --dex-file=/system/framework/bouncycastle.jar --dex-file=/system/framework/ext.jar --dex-file=/system/framework/framework.jar --dex-file=/system/framework/telephony-common.jar --dex-file=/system/framework/voip-common.jar --dex-file=/system/framework/ims-common.jar --dex-file=/system/framework/mms-common.jar --dex-file=/system/framework/android.policy.jar --dex-file=/system/framework/apache-xml.jar --oat-file=/data/dalvik-cache/arm/system@framework@boot.oat --instruction-set=arm --instruction-set-features=div --base=0x70373000 --runtime-arg -Xms64m --runtime-arg -Xmx64m --image-classes-zip=/system/framework/framework.jar --image-classes=preloaded-classes
W/art     ( 5350): Unexpected file type of 
W/art     ( 5350):  encountered.
W/art     ( 5350): Could not create image space with image file '/system/framework/boot.art'. Attempting to fall back to imageless running. Error was: Failed to generate image '/data/dalvik-cache/arm/system@framework@boot.art': Failed execv(/system/bin/dex2oat --image=/data/dalvik-cache/arm/system@framework@boot.art --dex-file=/system/framework/core-libart.jar --dex-file=/system/framework/conscrypt.jar --dex-file=/system/framework/okhttp.jar --dex-file=/system/framework/core-junit.jar --dex-file=/system/framework/bouncycastle.jar --dex-file=/system/framework/ext.jar --dex-file=/system/framework/framework.jar --dex-file=/system/framework/telephony-common.jar --dex-file=/system/framework/voip-common.jar --dex-file=/system/framework/ims-common.jar --dex-file=/system/framework/mms-common.jar --dex-file=/system/framework/android.policy.jar --dex-file=/system/framework/apache-xml.jar --oat-file=/data/dalvik-cache/arm/system@framework@boot.oat --instruction-set=arm --instruction-set-features=div --base=0x70373000 --runtime-arg -Xms64
D/hwcomposer( 5347): using
D/hwcomposer( 5347): xres         = 1080 px
D/hwcomposer( 5347): yres         = 1920 px
D/hwcomposer( 5347): width        = 65 mm (422.030000 dpi)
D/hwcomposer( 5347): height       = 115 mm (424.069000 dpi)
D/hwcomposer( 5347): refresh rate = 60 Hz
D/libexynosv4l2-subdev( 5347): try node: /dev/v4l-subdev0
D/libexynosv4l2-subdev( 5347): try node: /dev/v4l-subdev1
D/libexynosv4l2-subdev( 5347): try node: /dev/v4l-subdev2
I/libexynosv4l2-subdev( 5347): node found for device s5p-mixer0: /dev/v4l-subdev2
I/libexynosv4l2-subdev( 5347): open subdev device /dev/v4l-subdev2
I/hwcomposer( 5347): PSR info devname = /sys/devices/14400000.fimd_fb/psr_info
I/hwcomposer( 5347): PSR mode is 2(0: video mode, 1: DP PSR mode, 2: MIPI-DSI command mode)
I/SurfaceFlinger( 5347): Using composer version 1.3
I/SurfaceFlinger( 5347): EGL information:
I/SurfaceFlinger( 5347): vendor    : Android
I/SurfaceFlinger( 5347): version   : 1.4 Android META-EGL
I/SurfaceFlinger( 5347): extensions: EGL_KHR_get_all_proc_addresses EGL_ANDROID_presentation_time EGL_KHR_image EGL_KHR_image_base EGL_KHR_gl_texture_2D_image EGL_KHR_gl_texture_cubemap_image EGL_KHR_gl_renderbuffer_image EGL_KHR_fence_sync EGL_KHR_create_context EGL_ANDROID_image_native_buffer EGL_KHR_wait_sync EGL_ANDROID_recordable 
I/SurfaceFlinger( 5347): Client API: OpenGL_ES
I/SurfaceFlinger( 5347): EGLSurface: 8-8-8-8, config=0xb6acf2ac
I/SurfaceFlinger( 5347): OpenGL ES informations:
I/SurfaceFlinger( 5347): vendor    : ARM
I/SurfaceFlinger( 5347): renderer  : Mali-T628
I/SurfaceFlinger( 5347): version   : OpenGL ES 3.0
I/SurfaceFlinger( 5347): extensions: GL_EXT_debug_marker GL_ARM_rgba8 GL_ARM_mali_shader_binary GL_OES_depth24 GL_OES_depth_texture GL_OES_depth_texture_cube_map GL_OES_packed_depth_stencil GL_OES_rgb8_rgba8 GL_EXT_read_format_bgra GL_OES_compressed_paletted_texture GL_OES_compressed_ETC1_RGB8_texture GL_OES_standard_derivatives GL_OES_EGL_image GL_OES_EGL_image_external GL_OES_EGL_sync GL_OES_texture_npot GL_OES_vertex_half_float GL_OES_required_internalformat GL_OES_vertex_array_object GL_OES_mapbuffer GL_EXT_texture_format_BGRA8888 GL_EXT_texture_rg GL_EXT_texture_type_2_10_10_10_REV GL_OES_fbo_render_mipmap GL_OES_element_index_uint GL_EXT_shadow_samplers GL_OES_texture_compression_astc GL_KHR_texture_compression_astc_ldr GL_KHR_texture_compression_astc_hdr GL_KHR_debug GL_EXT_occlusion_query_boolean GL_EXT_blend_minmax GL_EXT_discard_framebuffer GL_OES_get_program_binary GL_OES_texture_3D GL_EXT_texture_storage GL_EXT_multisampled_render_to_texture GL_OES_surfaceless_context GL_ARM_mali_program_binary 
I/SurfaceFlinger( 5347): GL_MAX_TEXTURE_SIZE = 8192
I/SurfaceFlinger( 5347): GL_MAX_VIEWPORT_DIMS = 8192
E/libEGL  ( 5347): eglQuerySurface:607 error 300d (EGL_BAD_SURFACE)
E/libEGL  ( 5347): eglQuerySurface:607 error 300d (EGL_BAD_SURFACE)
E/libEGL  ( 5347): call to OpenGL ES API with no current context (logged once per thread)
D/SurfaceFlinger( 5347): Set power mode=2, type=0 flinger=0xb6a62000
I/hwcomposer( 5347): int exynos5_blank(hwc_composer_device_1*, int, int):: disp(0), blank(0)
I/hwcomposer( 5347): unblank ioctl failed (display already unblanked)
E/libEGL  ( 5347): eglSwapBuffers:1071 error 300d (EGL_BAD_SURFACE)
F/SurfaceFlinger( 5347): eglSwapBuffers(0x1, 0x0) failed with 0x0000300d
F/libc    ( 5347): Fatal signal 6 (SIGABRT), code -6 in tid 5347 (surfaceflinger)
I/DEBUG   ( 3587): property debug.db.uid not set; NOT waiting for gdb.
I/DEBUG   ( 3587): HINT: adb shell setprop debug.db.uid 100000
I/DEBUG   ( 3587): HINT: adb forward tcp:5039 tcp:5039
I/DEBUG   ( 3587): *** *** *** *** *** *** *** *** *** *** *** *** *** *** *** ***
I/DEBUG   ( 3587): Build fingerprint: 'samsung/cm_k3gxx/k3gxx:5.0.2/LRX22G/ca2fb2b51d:userdebug/test-keys'
I/DEBUG   ( 3587): Revision: '10'
I/DEBUG   ( 3587): ABI: 'arm'
I/DEBUG   ( 3587): pid: 5347, tid: 5347, name: surfaceflinger  >>> /system/bin/surfaceflinger <<<
I/DEBUG   ( 3587): signal 6 (SIGABRT), code -6 (SI_TKILL), fault addr --------
I/DEBUG   ( 3587): Abort message: 'eglSwapBuffers(0x1, 0x0) failed with 0x0000300d'
I/DEBUG   ( 3587):     r0 00000000  r1 000014e3  r2 00000006  r3 00000000
I/DEBUG   ( 3587):     r4 b6f78114  r5 00000006  r6 0000000b  r7 0000010c
I/DEBUG   ( 3587):     r8 00000000  r9 be9adbd0  sl b6a54210  fp be9adbd0
I/DEBUG   ( 3587):     ip 000014e3  sp be9ad650  lr b6f027b9  pc b6f264e4  cpsr 600f0010
I/DEBUG   ( 3587): 
I/DEBUG   ( 3587): backtrace:
I/DEBUG   ( 3587):     #00 pc 000384e4  /system/lib/libc.so (tgkill+12)
I/DEBUG   ( 3587):     #01 pc 000147b5  /system/lib/libc.so (pthread_kill+52)
I/DEBUG   ( 3587):     #02 pc 0001550b  /system/lib/libc.so (raise+10)
I/DEBUG   ( 3587):     #03 pc 00011c35  /system/lib/libc.so (__libc_android_abort+36)
I/DEBUG   ( 3587):     #04 pc 0000fcb8  /system/lib/libc.so (abort+4)
I/DEBUG   ( 3587):     #05 pc 00007739  /system/lib/libcutils.so (__android_log_assert+88)
I/DEBUG   ( 3587):     #06 pc 0000f4df  /system/lib/libsurfaceflinger.so
I/DEBUG   ( 3587):     #07 pc 0001b9fd  /system/lib/libsurfaceflinger.so
I/DEBUG   ( 3587):     #08 pc 0001abe7  /system/lib/libsurfaceflinger.so
I/DEBUG   ( 3587):     #09 pc 00019fc3  /system/lib/libsurfaceflinger.so
I/DEBUG   ( 3587):     #10 pc 00019d49  /system/lib/libsurfaceflinger.so
I/DEBUG   ( 3587):     #11 pc 00010ed3  /system/lib/libutils.so (android::Looper::pollInner(int)+410)
I/DEBUG   ( 3587):     #12 pc 00010fc5  /system/lib/libutils.so (android::Looper::pollOnce(int, int*, int*, void**)+92)
I/DEBUG   ( 3587):     #13 pc 000174c5  /system/lib/libsurfaceflinger.so
I/DEBUG   ( 3587):     #14 pc 0001993d  /system/lib/libsurfaceflinger.so (android::SurfaceFlinger::run()+8)
I/DEBUG   ( 3587):     #15 pc 0000083d  /system/bin/surfaceflinger
I/DEBUG   ( 3587):     #16 pc 0000fb75  /system/lib/libc.so (__libc_init+44)
I/DEBUG   ( 3587):     #17 pc 000008d8  /system/bin/surfaceflinger
W/auditd  ( 3584): type=1325 audit(0.0:1519): table=raw family=2 entries=9
W/iptables( 5489): type=1300 audit(0.0:1519): arch=40000028 syscall=294 per=800000 success=yes exit=0 a0=4 a1=0 a2=40 a3=b6c1ba00 items=0 ppid=5345 auid=4294967295 uid=0 gid=0 euid=0 suid=0 fsuid=0 egid=0 sgid=0 fsgid=0 ses=4294967295 tty=(none) exe="/system/bin/iptables" subj=u:r:netd:s0 key=(null)
W/auditd  ( 3584): type=1320 audit(0.0:1519): 
W/auditd  ( 3584): type=1325 audit(0.0:1520): table=raw family=10 entries=9
W/ip6tables( 5490): type=1300 audit(0.0:1520): arch=40000028 syscall=294 per=800000 success=yes exit=0 a0=4 a1=29 a2=40 a3=b6b1d000 items=0 ppid=5345 auid=4294967295 uid=0 gid=0 euid=0 suid=0 fsuid=0 egid=0 sgid=0 fsgid=0 ses=4294967295 tty=(none) exe="/system/bin/ip6tables" subj=u:r:netd:s0 key=(null)
W/auditd  ( 3584): type=1320 audit(0.0:1520): 
W/auditd  ( 3584): type=1325 audit(0.0:1521): table=raw family=2 entries=8
W/iptables( 5491): type=1300 audit(0.0:1521): arch=40000028 syscall=294 per=800000 success=yes exit=0 a0=4 a1=0 a2=40 a3=b6c1ba00 items=0 ppid=5345 auid=4294967295 uid=0 gid=0 euid=0 suid=0 fsuid=0 egid=0 sgid=0 fsgid=0 ses=4294967295 tty=(none) exe="/system/bin/iptables" subj=u:r:netd:s0 key=(null)
W/auditd  ( 3584): type=1320 audit(0.0:1521): 
W/auditd  ( 3584): type=1325 audit(0.0:1522): table=raw family=10 entries=8
W/ip6tables( 5492): type=1300 audit(0.0:1522): arch=40000028 syscall=294 per=800000 success=yes exit=0 a0=4 a1=29 a2=40 a3=b6c32800 items=0 ppid=5345 auid=4294967295 uid=0 gid=0 euid=0 suid=0 fsuid=0 egid=0 sgid=0 fsgid=0 ses=4294967295 tty=(none) exe="/system/bin/ip6tables" subj=u:r:netd:s0 key=(null)
W/auditd  ( 3584): type=1320 audit(0.0:1522): 
W/auditd  ( 3584): type=1325 audit(0.0:1523): table=raw family=2 entries=8
W/iptables( 5493): type=1300 audit(0.0:1523): arch=40000028 syscall=294 per=800000 success=yes exit=0 a0=4 a1=0 a2=40 a3=b6c30100 items=0 ppid=5345 auid=4294967295 uid=0 gid=0 euid=0 suid=0 fsuid=0 egid=0 sgid=0 fsgid=0 ses=4294967295 tty=(none) exe="/system/bin/iptables" subj=u:r:netd:s0 key=(null)
W/auditd  ( 3584): type=1320 audit(0.0:1523): 
W/auditd  ( 3584): type=1325 audit(0.0:1524): table=raw family=10 entries=8
W/ip6tables( 5494): type=1300 audit(0.0:1524): arch=40000028 syscall=294 per=800000 success=yes exit=0 a0=4 a1=29 a2=40 a3=b6c32400 items=0 ppid=5345 auid=4294967295 uid=0 gid=0 euid=0 suid=0 fsuid=0 egid=0 sgid=0 fsgid=0 ses=4294967295 tty=(none) exe="/system/bin/ip6tables" subj=u:r:netd:s0 key=(null)
W/auditd  ( 3584): type=1320 audit(0.0:1524): 
W/auditd  ( 3584): type=1325 audit(0.0:1525): table=raw family=2 entries=6
W/iptables( 5495): type=1300 audit(0.0:1525): arch=40000028 syscall=294 per=800000 success=yes exit=0 a0=4 a1=0 a2=40 a3=b6c20400 items=0 ppid=5345 auid=4294967295 uid=0 gid=0 euid=0 suid=0 fsuid=0 egid=0 sgid=0 fsgid=0 ses=4294967295 tty=(none) exe="/system/bin/iptables" subj=u:r:netd:s0 key=(null)
I/ServiceManager( 5348): Waiting for service batterystats...
V/NatController( 5345): runCmd(/system/bin/iptables -F natctrl_FORWARD) res=0
V/NatController( 5345): runCmd(/system/bin/iptables -A natctrl_FORWARD -j DROP) res=0
V/NatController( 5345): runCmd(/system/bin/iptables -t nat -F natctrl_nat_POSTROUTING) res=0
I/DEBUG   ( 3587): 
I/DEBUG   ( 3587): Tombstone written to: /data/tombstones/tombstone_08
V/NatController( 5345): runCmd(/system/bin/iptables -F natctrl_tether_counters) res=0
V/NatController( 5345): runCmd(/system/bin/iptables -X natctrl_tether_counters) res=0
V/NatController( 5345): runCmd(/system/bin/iptables -N natctrl_tether_counters) res=0
V/NatController( 5345): runCmd(/system/bin/iptables -t mangle -A natctrl_mangle_FORWARD -p tcp --tcp-flags SYN SYN -j TCPMSS --clamp-mss-to-pmtu) res=0
I/ServiceManager( 3573): service 'SurfaceFlinger' died
I/ServiceManager( 3573): service 'Exynos.HWCService' died
I/ServiceManager( 3573): service 'media.wifi_display' died
I/ServiceManager( 3573): service 'media.audio_flinger' died
W/init    ( 5554): type=1400 audit(0.0:1577): avc: denied { entrypoint } for path="/system/bin/auditd" dev="mmcblk0p18" ino=173 scontext=u:r:logd:s0 tcontext=u:object_r:system_file:s0 tclass=file
W/init    ( 5554): type=1300 audit(0.0:1577): arch=40000028 syscall=11 per=800000 success=no exit=-13 a0=b6d80954 a1=b6d69530 a2=57e64 a3=ff0000 items=1 ppid=1 auid=4294967295 uid=0 gid=0 euid=0 suid=0 fsuid=0 egid=0 sgid=0 fsgid=0 ses=4294967295 tty=(none) exe="/init" subj=u:r:init:s0 key=(null)
W/auditd  ( 3584): type=1307 audit(0.0:1577): cwd="/"
W/auditd  ( 3584): type=1302 audit(0.0:1577): item=0 name="/system/bin/auditd" inode=173 dev=103:0a mode=0100755 ouid=0 ogid=2000 rdev=00:00 obj=u:object_r:system_file:s0
W/auditd  ( 3584): type=1320 audit(0.0:1577): 
I/Netd    ( 5555): Netd 1.0 starting
E/Netd    ( 5555): Failed to open /proc/sys/net/ipv6/conf/default/accept_ra_rt_table: No such file or directory
E/Netd    ( 5555): Failed to open /proc/sys/net/ipv6/conf/ip6tnl0/accept_ra_rt_table: No such file or directory
E/Netd    ( 5555): Failed to open /proc/sys/net/ipv6/conf/lo/accept_ra_rt_table: No such file or directory
E/Netd    ( 5555): Failed to open /proc/sys/net/ipv6/conf/rmnet0/accept_ra_rt_table: No such file or directory
E/Netd    ( 5555): Failed to open /proc/sys/net/ipv6/conf/rmnet1/accept_ra_rt_table: No such file or directory
E/Netd    ( 5555): Failed to open /proc/sys/net/ipv6/conf/rmnet2/accept_ra_rt_table: No such file or directory
E/Netd    ( 5555): Failed to open /proc/sys/net/ipv6/conf/rmnet3/accept_ra_rt_table: No such file or directory
E/Netd    ( 5555): Failed to open /proc/sys/net/ipv6/conf/sit0/accept_ra_rt_table: No such file or directory
W/auditd  ( 3584): type=1325 audit(0.0:1578): table=filter family=2 entries=36
W/iptables( 5561): type=1300 audit(0.0:1578): arch=40000028 syscall=294 per=800000 success=yes exit=0 a0=4 a1=0 a2=40 a3=b6c25000 items=0 ppid=5555 auid=4294967295 uid=0 gid=0 euid=0 suid=0 fsuid=0 egid=0 sgid=0 fsgid=0 ses=4294967295 tty=(none) exe="/system/bin/iptables" subj=u:r:netd:s0 key=(null)
W/auditd  ( 3584): type=1320 audit(0.0:1578): 
I/SurfaceFlinger( 5557): SurfaceFlinger is starting
I/SurfaceFlinger( 5557): SurfaceFlinger's main thread ready to run. Initializing graphics H/W...
W/auditd  ( 3584): type=1325 audit(0.0:1579): table=filter family=10 entries=33
W/ip6tables( 5562): type=1300 audit(0.0:1579): arch=40000028 syscall=294 per=800000 success=yes exit=0 a0=4 a1=29 a2=40 a3=b6c28000 items=0 ppid=5555 auid=4294967295 uid=0 gid=0 euid=0 suid=0 fsuid=0 egid=0 sgid=0 fsgid=0 ses=4294967295 tty=(none) exe="/system/bin/ip6tables" subj=u:r:netd:s0 key=(null)
W/auditd  ( 3584): type=1320 audit(0.0:1579): 
W/auditd  ( 3584): type=1325 audit(0.0:1580): table=filter family=2 entries=35
W/iptables( 5566): type=1300 audit(0.0:1580): arch=40000028 syscall=294 per=800000 success=yes exit=0 a0=4 a1=0 a2=40 a3=b6c22000 items=0 ppid=5555 auid=4294967295 uid=0 gid=0 euid=0 suid=0 fsuid=0 egid=0 sgid=0 fsgid=0 ses=4294967295 tty=(none) exe="/system/bin/iptables" subj=u:r:netd:s0 key=(null)
W/auditd  ( 3584): type=1320 audit(0.0:1580): 
W/auditd  ( 3584): type=1325 audit(0.0:1581): table=filter family=10 entries=32
W/ip6tables( 5568): type=1300 audit(0.0:1581): arch=40000028 syscall=294 per=800000 success=yes exit=0 a0=4 a1=29 a2=40 a3=b6c23000 items=0 ppid=5555 auid=4294967295 uid=0 gid=0 euid=0 suid=0 fsuid=0 egid=0 sgid=0 fsgid=0 ses=4294967295 tty=(none) exe="/system/bin/ip6tables" subj=u:r:netd:s0 key=(null)
W/auditd  ( 3584): type=1320 audit(0.0:1581): 
D/libEGL  ( 5557): loaded /vendor/lib/egl/libGLES_mali.so
W/auditd  ( 3584): type=1325 audit(0.0:1582): table=filter family=2 entries=35
W/iptables( 5569): type=1300 audit(0.0:1582): arch=40000028 syscall=294 per=800000 success=yes exit=0 a0=4 a1=0 a2=40 a3=b6c22000 items=0 ppid=5555 auid=4294967295 uid=0 gid=0 euid=0 suid=0 fsuid=0 egid=0 sgid=0 fsgid=0 ses=4294967295 tty=(none) exe="/system/bin/iptables" subj=u:r:netd:s0 key=(null)
W/auditd  ( 3584): type=1320 audit(0.0:1582): 
I/        ( 5557): PLATFORM VERSION : JB-MR-2
I/mediaserver( 5558): ServiceManager: 0xb61500c0
I/AudioFlinger( 5558): Using default 3000 mSec as standby time.
I/ServiceManager( 5558): Waiting for service batterystats...
I/gralloc ( 5557): using (fd=12)
I/gralloc ( 5557): id           = 
I/gralloc ( 5557): xres         = 1080 px
I/gralloc ( 5557): yres         = 1920 px
I/gralloc ( 5557): xres_virtual = 1080 px
I/gralloc ( 5557): yres_virtual = 3840 px
I/gralloc ( 5557): bpp          = 32
I/gralloc ( 5557): r            = 16:8
I/gralloc ( 5557): g            =  8:8
I/gralloc ( 5557): b            =  0:8
I/gralloc ( 5557): width        = 65 mm (422.030762 dpi)
I/gralloc ( 5557): height       = 115 mm (424.069580 dpi)
I/gralloc ( 5557): refresh rate = 60.00 Hz
D/AndroidRuntime( 5560): 
D/AndroidRuntime( 5560): >>>>>> AndroidRuntime START com.android.internal.os.ZygoteInit <<<<<<
D/AndroidRuntime( 5560): CheckJNI is OFF
I/art     ( 5560): option[0]=-Xzygote
I/art     ( 5560): option[1]=-Xstacktracefile:/data/anr/traces.txt
I/art     ( 5560): option[2]=exit
I/art     ( 5560): option[3]=vfprintf
I/art     ( 5560): option[4]=sensitiveThread
I/art     ( 5560): option[5]=-verbose:gc
I/art     ( 5560): option[6]=-Xms8m
I/art     ( 5560): option[7]=-Xmx512m
I/art     ( 5560): option[8]=-XX:mainThreadStackSize=24K
I/art     ( 5560): option[9]=-XX:HeapGrowthLimit=128m
I/art     ( 5560): option[10]=-XX:HeapMinFree=2m
I/art     ( 5560): option[11]=-XX:HeapMaxFree=8m
I/art     ( 5560): option[12]=-XX:HeapTargetUtilization=0.75
I/art     ( 5560): option[13]=-agentlib:jdwp=transport=dt_android_adb,suspend=n,server=y
I/art     ( 5560): option[14]=-Xlockprofthreshold:500
I/art     ( 5560): option[15]=-Ximage-compiler-option
I/art     ( 5560): option[16]=--runtime-arg
I/art     ( 5560): option[17]=-Ximage-compiler-option
I/art     ( 5560): option[18]=-Xms64m
I/art     ( 5560): option[19]=-Ximage-compiler-option
I/art     ( 5560): option[20]=--runtime-arg
I/art     ( 5560): option[21]=-Ximage-compiler-option
I/art     ( 5560): option[22]=-Xmx64m
I/art     ( 5560): option[23]=-Ximage-compiler-option
I/art     ( 5560): option[24]=--image-classes-zip=/system/framework/framework.jar
I/art     ( 5560): option[25]=-Ximage-compiler-option
I/art     ( 5560): option[26]=--image-classes=preloaded-classes
I/art     ( 5560): option[27]=-Xcompiler-option
I/art     ( 5560): option[28]=--runtime-arg
I/art     ( 5560): option[29]=-Xcompiler-option
I/art     ( 5560): option[30]=-Xms64m
I/art     ( 5560): option[31]=-Xcompiler-option
I/art     ( 5560): option[32]=--runtime-arg
I/art     ( 5560): option[33]=-Xcompiler-option
I/art     ( 5560): option[34]=-Xmx512m
I/art     ( 5560): option[35]=-Duser.language=es
I/art     ( 5560): option[36]=-Duser.region=US
I/art     ( 5560): Pruning dalvik-cache since we are generating an image and will need to recompile
W/art     ( 5560): Unexpected file type of 
W/art     ( 5560):  encountered.
I/art     ( 5560): Using an offset of 0xff16a000 from default art base address of 0x70000000
I/art     ( 5560): GenerateImage: /system/bin/dex2oat --image=/data/dalvik-cache/arm/system@framework@boot.art --dex-file=/system/framework/core-libart.jar --dex-file=/system/framework/conscrypt.jar --dex-file=/system/framework/okhttp.jar --dex-file=/system/framework/core-junit.jar --dex-file=/system/framework/bouncycastle.jar --dex-file=/system/framework/ext.jar --dex-file=/system/framework/framework.jar --dex-file=/system/framework/telephony-common.jar --dex-file=/system/framework/voip-common.jar --dex-file=/system/framework/ims-common.jar --dex-file=/system/framework/mms-common.jar --dex-file=/system/framework/android.policy.jar --dex-file=/system/framework/apache-xml.jar --oat-file=/data/dalvik-cache/arm/system@framework@boot.oat --instruction-set=arm --instruction-set-features=div --base=0x6f16a000 --runtime-arg -Xms64m --runtime-arg -Xmx64m --image-classes-zip=/system/framework/framework.jar --image-classes=preloaded-classes
W/art     ( 5560): Unexpected file type of 
W/art     ( 5560):  encountered.
W/art     ( 5560): Could not create image space with image file '/system/framework/boot.art'. Attempting to fall back to imageless running. Error was: Failed to generate image '/data/dalvik-cache/arm/system@framework@boot.art': Failed execv(/system/bin/dex2oat --image=/data/dalvik-cache/arm/system@framework@boot.art --dex-file=/system/framework/core-libart.jar --dex-file=/system/framework/conscrypt.jar --dex-file=/system/framework/okhttp.jar --dex-file=/system/framework/core-junit.jar --dex-file=/system/framework/bouncycastle.jar --dex-file=/system/framework/ext.jar --dex-file=/system/framework/framework.jar --dex-file=/system/framework/telephony-common.jar --dex-file=/system/framework/voip-common.jar --dex-file=/system/framework/ims-common.jar --dex-file=/system/framework/mms-common.jar --dex-file=/system/framework/android.policy.jar --dex-file=/system/framework/apache-xml.jar --oat-file=/data/dalvik-cache/arm/system@framework@boot.oat --instruction-set=arm --instruction-set-features=div --base=0x6f16a000 --runtime-arg -Xms64
D/hwcomposer( 5557): using
D/hwcomposer( 5557): xres         = 1080 px
D/hwcomposer( 5557): yres         = 1920 px
D/hwcomposer( 5557): width        = 65 mm (422.030000 dpi)
D/hwcomposer( 5557): height       = 115 mm (424.069000 dpi)
D/hwcomposer( 5557): refresh rate = 60 Hz
D/libexynosv4l2-subdev( 5557): try node: /dev/v4l-subdev0
D/libexynosv4l2-subdev( 5557): try node: /dev/v4l-subdev1
D/libexynosv4l2-subdev( 5557): try node: /dev/v4l-subdev2
I/libexynosv4l2-subdev( 5557): node found for device s5p-mixer0: /dev/v4l-subdev2
I/libexynosv4l2-subdev( 5557): open subdev device /dev/v4l-subdev2
I/hwcomposer( 5557): PSR info devname = /sys/devices/14400000.fimd_fb/psr_info
I/hwcomposer( 5557): PSR mode is 2(0: video mode, 1: DP PSR mode, 2: MIPI-DSI command mode)
I/SurfaceFlinger( 5557): Using composer version 1.3
I/SurfaceFlinger( 5557): EGL information:
I/SurfaceFlinger( 5557): vendor    : Android
I/SurfaceFlinger( 5557): version   : 1.4 Android META-EGL
I/SurfaceFlinger( 5557): extensions: EGL_KHR_get_all_proc_addresses EGL_ANDROID_presentation_time EGL_KHR_image EGL_KHR_image_base EGL_KHR_gl_texture_2D_image EGL_KHR_gl_texture_cubemap_image EGL_KHR_gl_renderbuffer_image EGL_KHR_fence_sync EGL_KHR_create_context EGL_ANDROID_image_native_buffer EGL_KHR_wait_sync EGL_ANDROID_recordable 
I/SurfaceFlinger( 5557): Client API: OpenGL_ES
I/SurfaceFlinger( 5557): EGLSurface: 8-8-8-8, config=0xb6acf2ac
I/SurfaceFlinger( 5557): OpenGL ES informations:
I/SurfaceFlinger( 5557): vendor    : ARM
I/SurfaceFlinger( 5557): renderer  : Mali-T628
I/SurfaceFlinger( 5557): version   : OpenGL ES 3.0
I/SurfaceFlinger( 5557): extensions: GL_EXT_debug_marker GL_ARM_rgba8 GL_ARM_mali_shader_binary GL_OES_depth24 GL_OES_depth_texture GL_OES_depth_texture_cube_map GL_OES_packed_depth_stencil GL_OES_rgb8_rgba8 GL_EXT_read_format_bgra GL_OES_compressed_paletted_texture GL_OES_compressed_ETC1_RGB8_texture GL_OES_standard_derivatives GL_OES_EGL_image GL_OES_EGL_image_external GL_OES_EGL_sync GL_OES_texture_npot GL_OES_vertex_half_float GL_OES_required_internalformat GL_OES_vertex_array_object GL_OES_mapbuffer GL_EXT_texture_format_BGRA8888 GL_EXT_texture_rg GL_EXT_texture_type_2_10_10_10_REV GL_OES_fbo_render_mipmap GL_OES_element_index_uint GL_EXT_shadow_samplers GL_OES_texture_compression_astc GL_KHR_texture_compression_astc_ldr GL_KHR_texture_compression_astc_hdr GL_KHR_debug GL_EXT_occlusion_query_boolean GL_EXT_blend_minmax GL_EXT_discard_framebuffer GL_OES_get_program_binary GL_OES_texture_3D GL_EXT_texture_storage GL_EXT_multisampled_render_to_texture GL_OES_surfaceless_context GL_ARM_mali_program_binary 
I/SurfaceFlinger( 5557): GL_MAX_TEXTURE_SIZE = 8192
I/SurfaceFlinger( 5557): GL_MAX_VIEWPORT_DIMS = 8192
E/libEGL  ( 5557): eglQuerySurface:607 error 300d (EGL_BAD_SURFACE)
E/libEGL  ( 5557): eglQuerySurface:607 error 300d (EGL_BAD_SURFACE)
E/libEGL  ( 5557): call to OpenGL ES API with no current context (logged once per thread)
D/SurfaceFlinger( 5557): Set power mode=2, type=0 flinger=0xb6a62000
I/hwcomposer( 5557): int exynos5_blank(hwc_composer_device_1*, int, int):: disp(0), blank(0)
I/hwcomposer( 5557): unblank ioctl failed (display already unblanked)
E/libEGL  ( 5557): eglSwapBuffers:1071 error 300d (EGL_BAD_SURFACE)
F/SurfaceFlinger( 5557): eglSwapBuffers(0x1, 0x0) failed with 0x0000300d
F/libc    ( 5557): Fatal signal 6 (SIGABRT), code -6 in tid 5557 (surfaceflinger)
I/DEBUG   ( 3587): property debug.db.uid not set; NOT waiting for gdb.
I/DEBUG   ( 3587): HINT: adb shell setprop debug.db.uid 100000
I/DEBUG   ( 3587): HINT: adb forward tcp:5039 tcp:5039
I/DEBUG   ( 3587): *** *** *** *** *** *** *** *** *** *** *** *** *** *** *** ***
I/DEBUG   ( 3587): Build fingerprint: 'samsung/cm_k3gxx/k3gxx:5.0.2/LRX22G/ca2fb2b51d:userdebug/test-keys'
I/DEBUG   ( 3587): Revision: '10'
I/DEBUG   ( 3587): ABI: 'arm'
I/DEBUG   ( 3587): pid: 5557, tid: 5557, name: surfaceflinger  >>> /system/bin/surfaceflinger <<<
I/DEBUG   ( 3587): signal 6 (SIGABRT), code -6 (SI_TKILL), fault addr --------
I/DEBUG   ( 3587): Abort message: 'eglSwapBuffers(0x1, 0x0) failed with 0x0000300d'
I/DEBUG   ( 3587):     r0 00000000  r1 000015b5  r2 00000006  r3 00000000
I/DEBUG   ( 3587):     r4 b6fb0114  r5 00000006  r6 0000000b  r7 0000010c
I/DEBUG   ( 3587):     r8 00000000  r9 befc7bd0  sl b6a54210  fp befc7bd0
I/DEBUG   ( 3587):     ip 000015b5  sp befc7650  lr b6f3a7b9  pc b6f5e4e4  cpsr 600f0010
I/DEBUG   ( 3587): 
I/DEBUG   ( 3587): backtrace:
I/DEBUG   ( 3587):     #00 pc 000384e4  /system/lib/libc.so (tgkill+12)
I/DEBUG   ( 3587):     #01 pc 000147b5  /system/lib/libc.so (pthread_kill+52)
I/DEBUG   ( 3587):     #02 pc 0001550b  /system/lib/libc.so (raise+10)
I/DEBUG   ( 3587):     #03 pc 00011c35  /system/lib/libc.so (__libc_android_abort+36)
I/DEBUG   ( 3587):     #04 pc 0000fcb8  /system/lib/libc.so (abort+4)
I/DEBUG   ( 3587):     #05 pc 00007739  /system/lib/libcutils.so (__android_log_assert+88)
I/DEBUG   ( 3587):     #06 pc 0000f4df  /system/lib/libsurfaceflinger.so
I/DEBUG   ( 3587):     #07 pc 0001b9fd  /system/lib/libsurfaceflinger.so
I/DEBUG   ( 3587):     #08 pc 0001abe7  /system/lib/libsurfaceflinger.so
I/DEBUG   ( 3587):     #09 pc 00019fc3  /system/lib/libsurfaceflinger.so
I/DEBUG   ( 3587):     #10 pc 00019d49  /system/lib/libsurfaceflinger.so
I/DEBUG   ( 3587):     #11 pc 00010ed3  /system/lib/libutils.so (android::Looper::pollInner(int)+410)
I/DEBUG   ( 3587):     #12 pc 00010fc5  /system/lib/libutils.so (android::Looper::pollOnce(int, int*, int*, void**)+92)
I/DEBUG   ( 3587):     #13 pc 000174c5  /system/lib/libsurfaceflinger.so
I/DEBUG   ( 3587):     #14 pc 0001993d  /system/lib/libsurfaceflinger.so (android::SurfaceFlinger::run()+8)
I/DEBUG   ( 3587):     #15 pc 0000083d  /system/bin/surfaceflinger
I/DEBUG   ( 3587):     #16 pc 0000fb75  /system/lib/libc.so (__libc_init+44)
I/DEBUG   ( 3587):     #17 pc 000008d8  /system/bin/surfaceflinger
W/auditd  ( 3584): type=1325 audit(0.0:1701): table=raw family=2 entries=9
W/iptables( 5699): type=1300 audit(0.0:1701): arch=40000028 syscall=294 per=800000 success=yes exit=0 a0=4 a1=0 a2=40 a3=b6c1ba00 items=0 ppid=5555 auid=4294967295 uid=0 gid=0 euid=0 suid=0 fsuid=0 egid=0 sgid=0 fsgid=0 ses=4294967295 tty=(none) exe="/system/bin/iptables" subj=u:r:netd:s0 key=(null)
W/auditd  ( 3584): type=1320 audit(0.0:1701): 
W/auditd  ( 3584): type=1325 audit(0.0:1702): table=raw family=10 entries=9
W/ip6tables( 5700): type=1300 audit(0.0:1702): arch=40000028 syscall=294 per=800000 success=yes exit=0 a0=4 a1=29 a2=40 a3=b6c1d000 items=0 ppid=5555 auid=4294967295 uid=0 gid=0 euid=0 suid=0 fsuid=0 egid=0 sgid=0 fsgid=0 ses=4294967295 tty=(none) exe="/system/bin/ip6tables" subj=u:r:netd:s0 key=(null)
W/auditd  ( 3584): type=1320 audit(0.0:1702): 
W/auditd  ( 3584): type=1325 audit(0.0:1703): table=raw family=2 entries=8
W/iptables( 5701): type=1300 audit(0.0:1703): arch=40000028 syscall=294 per=800000 success=yes exit=0 a0=4 a1=0 a2=40 a3=b6c1ba00 items=0 ppid=5555 auid=4294967295 uid=0 gid=0 euid=0 suid=0 fsuid=0 egid=0 sgid=0 fsgid=0 ses=4294967295 tty=(none) exe="/system/bin/iptables" subj=u:r:netd:s0 key=(null)
W/auditd  ( 3584): type=1320 audit(0.0:1703): 
W/auditd  ( 3584): type=1325 audit(0.0:1704): table=raw family=10 entries=8
W/ip6tables( 5702): type=1300 audit(0.0:1704): arch=40000028 syscall=294 per=800000 success=yes exit=0 a0=4 a1=29 a2=40 a3=b6c32800 items=0 ppid=5555 auid=4294967295 uid=0 gid=0 euid=0 suid=0 fsuid=0 egid=0 sgid=0 fsgid=0 ses=4294967295 tty=(none) exe="/system/bin/ip6tables" subj=u:r:netd:s0 key=(null)
W/auditd  ( 3584): type=1320 audit(0.0:1704): 
W/auditd  ( 3584): type=1325 audit(0.0:1705): table=raw family=2 entries=8
W/iptables( 5703): type=1300 audit(0.0:1705): arch=40000028 syscall=294 per=800000 success=yes exit=0 a0=4 a1=0 a2=40 a3=b6c30100 items=0 ppid=5555 auid=4294967295 uid=0 gid=0 euid=0 suid=0 fsuid=0 egid=0 sgid=0 fsgid=0 ses=4294967295 tty=(none) exe="/system/bin/iptables" subj=u:r:netd:s0 key=(null)
W/auditd  ( 3584): type=1320 audit(0.0:1705): 
W/auditd  ( 3584): type=1325 audit(0.0:1706): table=raw family=10 entries=8
W/ip6tables( 5704): type=1300 audit(0.0:1706): arch=40000028 syscall=294 per=800000 success=yes exit=0 a0=4 a1=29 a2=40 a3=b6c32400 items=0 ppid=5555 auid=4294967295 uid=0 gid=0 euid=0 suid=0 fsuid=0 egid=0 sgid=0 fsgid=0 ses=4294967295 tty=(none) exe="/system/bin/ip6tables" subj=u:r:netd:s0 key=(null)
W/auditd  ( 3584): type=1320 audit(0.0:1706): 
W/auditd  ( 3584): type=1325 audit(0.0:1707): table=raw family=2 entries=6
W/iptables( 5705): type=1300 audit(0.0:1707): arch=40000028 syscall=294 per=800000 success=yes exit=0 a0=4 a1=0 a2=40 a3=b6c20400 items=0 ppid=5555 auid=4294967295 uid=0 gid=0 euid=0 suid=0 fsuid=0 egid=0 sgid=0 fsgid=0 ses=4294967295 tty=(none) exe="/system/bin/iptables" subj=u:r:netd:s0 key=(null)
I/ServiceManager( 5558): Waiting for service batterystats...
V/NatController( 5555): runCmd(/system/bin/iptables -F natctrl_FORWARD) res=0
V/NatController( 5555): runCmd(/system/bin/iptables -A natctrl_FORWARD -j DROP) res=0
V/NatController( 5555): runCmd(/system/bin/iptables -t nat -F natctrl_nat_POSTROUTING) res=0
V/NatController( 5555): runCmd(/system/bin/iptables -F natctrl_tether_counters) res=0
I/DEBUG   ( 3587): 
I/DEBUG   ( 3587): Tombstone written to: /data/tombstones/tombstone_09
V/NatController( 5555): runCmd(/system/bin/iptables -X natctrl_tether_counters) res=0
V/NatController( 5555): runCmd(/system/bin/iptables -N natctrl_tether_counters) res=0
V/NatController( 5555): runCmd(/system/bin/iptables -t mangle -A natctrl_mangle_FORWARD -p tcp --tcp-flags SYN SYN -j TCPMSS --clamp-mss-to-pmtu) res=0
I/ServiceManager( 3573): service 'SurfaceFlinger' died
I/ServiceManager( 3573): service 'Exynos.HWCService' died
I/ServiceManager( 3573): service 'media.wifi_display' died
I/ServiceManager( 3573): service 'media.audio_flinger' died
W/init    ( 5766): type=1400 audit(0.0:1760): avc: denied { entrypoint } for path="/system/bin/auditd" dev="mmcblk0p18" ino=173 scontext=u:r:logd:s0 tcontext=u:object_r:system_file:s0 tclass=file
W/init    ( 5766): type=1300 audit(0.0:1760): arch=40000028 syscall=11 per=800000 success=no exit=-13 a0=b6d80954 a1=b6d69530 a2=57e64 a3=ff0000 items=1 ppid=1 auid=4294967295 uid=0 gid=0 euid=0 suid=0 fsuid=0 egid=0 sgid=0 fsgid=0 ses=4294967295 tty=(none) exe="/init" subj=u:r:init:s0 key=(null)
