I/art     ( 4089): DexFile_isDexOptNeeded failed to open oat file '/data/dalvik-cache/arm/data@app@ar.com.personal-2@base.apk@classes.dex' for file location '/data/app/ar.com.personal-2/base.apk': Failed to open oat filename for reading: No such file or directory
I/art     ( 4089): DexFile_isDexOptNeeded failed to open oat file '/data/app/ar.com.personal-2/arm/base.odex' for file location '/data/app/ar.com.personal-2/base.apk': Failed to open oat filename for reading: No such file or directory
I/PackageManager( 4089): SELinux relabeling of com.cgollner.flashify issued.
I/art     ( 4089): DexFile_isDexOptNeeded failed to open oat file '/data/dalvik-cache/arm/data@app@com.cgollner.flashify-1@base.apk@classes.dex' for file location '/data/app/com.cgollner.flashify-1/base.apk': Failed to open oat filename for reading: No such file or directory
I/art     ( 4089): DexFile_isDexOptNeeded failed to open oat file '/data/app/com.cgollner.flashify-1/arm/base.odex' for file location '/data/app/com.cgollner.flashify-1/base.apk': Failed to open oat filename for reading: No such file or directory
I/art     ( 4089): DexFile_isDexOptNeeded failed to open oat file '/data/dalvik-cache/arm/data@app@com.cgollner.flashify-1@base.apk@classes.dex' for file location '/data/app/com.cgollner.flashify-1/base.apk': Failed to open oat filename for reading: No such file or directory
I/art     ( 4089): DexFile_isDexOptNeeded failed to open oat file '/data/app/com.cgollner.flashify-1/arm/base.odex' for file location '/data/app/com.cgollner.flashify-1/base.apk': Failed to open oat filename for reading: No such file or directory
I/PackageManager( 4089): SELinux relabeling of com.oasisfeng.greenify issued.
I/art     ( 4089): DexFile_isDexOptNeeded failed to open oat file '/data/dalvik-cache/arm/data@app@com.oasisfeng.greenify-2@base.apk@classes.dex' for file location '/data/app/com.oasisfeng.greenify-2/base.apk': Failed to open oat filename for reading: No such file or directory
I/art     ( 4089): DexFile_isDexOptNeeded failed to open oat file '/data/app/com.oasisfeng.greenify-2/arm/base.odex' for file location '/data/app/com.oasisfeng.greenify-2/base.apk': Failed to open oat filename for reading: No such file or directory
I/art     ( 4089): DexFile_isDexOptNeeded failed to open oat file '/data/dalvik-cache/arm/data@app@com.oasisfeng.greenify-2@base.apk@classes.dex' for file location '/data/app/com.oasisfeng.greenify-2/base.apk': Failed to open oat filename for reading: No such file or directory
I/art     ( 4089): DexFile_isDexOptNeeded failed to open oat file '/data/app/com.oasisfeng.greenify-2/arm/base.odex' for file location '/data/app/com.oasisfeng.greenify-2/base.apk': Failed to open oat filename for reading: No such file or directory
I/PackageManager( 4089): SELinux relabeling of com.google.android.marvin.talkback issued.
I/art     ( 4089): DexFile_isDexOptNeeded failed to open oat file '/data/dalvik-cache/arm/data@app@com.google.android.marvin.talkback-2@base.apk@classes.dex' for file location '/data/app/com.google.android.marvin.talkback-2/base.apk': Failed to open oat filename for reading: No such file or directory
I/art     ( 4089): DexFile_isDexOptNeeded failed to open oat file '/data/app/com.google.android.marvin.talkback-2/arm/base.odex' for file location '/data/app/com.google.android.marvin.talkback-2/base.apk': Failed to open oat filename for reading: No such file or directory
I/art     ( 4089): DexFile_isDexOptNeeded failed to open oat file '/data/dalvik-cache/arm/data@app@com.google.android.marvin.talkback-2@base.apk@classes.dex' for file location '/data/app/com.google.android.marvin.talkback-2/base.apk': Failed to open oat filename for reading: No such file or directory
I/art     ( 4089): DexFile_isDexOptNeeded failed to open oat file '/data/app/com.google.android.marvin.talkback-2/arm/base.odex' for file location '/data/app/com.google.android.marvin.talkback-2/base.apk': Failed to open oat filename for reading: No such file or directory
I/PackageManager( 4089): SELinux relabeling of com.tumblr issued.
I/art     ( 4089): DexFile_isDexOptNeeded failed to open oat file '/data/dalvik-cache/arm/data@app@com.tumblr-2@base.apk@classes.dex' for file location '/data/app/com.tumblr-2/base.apk': Failed to open oat filename for reading: No such file or directory
I/art     ( 4089): DexFile_isDexOptNeeded failed to open oat file '/data/app/com.tumblr-2/arm/base.odex' for file location '/data/app/com.tumblr-2/base.apk': Failed to open oat filename for reading: No such file or directory
I/art     ( 4089): DexFile_isDexOptNeeded failed to open oat file '/data/dalvik-cache/arm/data@app@com.tumblr-2@base.apk@classes.dex' for file location '/data/app/com.tumblr-2/base.apk': Failed to open oat filename for reading: No such file or directory
I/art     ( 4089): DexFile_isDexOptNeeded failed to open oat file '/data/app/com.tumblr-2/arm/base.odex' for file location '/data/app/com.tumblr-2/base.apk': Failed to open oat filename for reading: No such file or directory
W/PackageManager( 4089): Package com.facebook.orca desires unavailable shared library com.google.android.maps; ignoring!
W/PackageManager( 4089): Package com.facebook.orca desires unavailable shared library com.amazon.device.messaging; ignoring!
I/PackageManager( 4089): SELinux relabeling of com.facebook.orca issued.
W/SurfaceFlinger( 3671): Ignoring duplicate VSYNC event from HWC (t=37030118712)
W/SurfaceFlinger( 3671): Ignoring duplicate VSYNC event from HWC (t=37165074879)
I/art     ( 4089): DexFile_isDexOptNeeded failed to open oat file '/data/dalvik-cache/arm/data@app@com.facebook.orca-2@base.apk@classes.dex' for file location '/data/app/com.facebook.orca-2/base.apk': Failed to open oat filename for reading: No such file or directory
I/art     ( 4089): DexFile_isDexOptNeeded failed to open oat file '/data/app/com.facebook.orca-2/arm/base.odex' for file location '/data/app/com.facebook.orca-2/base.apk': Failed to open oat filename for reading: No such file or directory
I/art     ( 4089): DexFile_isDexOptNeeded failed to open oat file '/data/dalvik-cache/arm/data@app@com.facebook.orca-2@base.apk@classes.dex' for file location '/data/app/com.facebook.orca-2/base.apk': Failed to open oat filename for reading: No such file or directory
I/art     ( 4089): DexFile_isDexOptNeeded failed to open oat file '/data/app/com.facebook.orca-2/arm/base.odex' for file location '/data/app/com.facebook.orca-2/base.apk': Failed to open oat filename for reading: No such file or directory
W/PackageManager( 4089): Skipping provider name com.facebook.orca.properties (in package com.facebook.orca): name already used by com.facebook.orca
W/PackageManager( 4089): Permission com.facebook.permission.prod.FB_APP_COMMUNICATION from package com.facebook.orca ignored: original from com.facebook.katana
W/PackageManager( 4089): Permission com.facebook.receiver.permission.ACCESS from package com.facebook.orca ignored: original from com.facebook.katana
W/PackageManager( 4089): Package com.google.android.talk desires unavailable shared library com.google.android.media.effects; ignoring!
I/PackageManager( 4089): SELinux relabeling of com.google.android.talk issued.
I/art     ( 4089): DexFile_isDexOptNeeded failed to open oat file '/data/dalvik-cache/arm/data@app@com.google.android.talk-2@base.apk@classes.dex' for file location '/data/app/com.google.android.talk-2/base.apk': Failed to open oat filename for reading: No such file or directory
I/art     ( 4089): DexFile_isDexOptNeeded failed to open oat file '/data/app/com.google.android.talk-2/arm/base.odex' for file location '/data/app/com.google.android.talk-2/base.apk': Failed to open oat filename for reading: No such file or directory
I/art     ( 4089): DexFile_isDexOptNeeded failed to open oat file '/data/dalvik-cache/arm/data@app@com.google.android.talk-2@base.apk@classes.dex' for file location '/data/app/com.google.android.talk-2/base.apk': Failed to open oat filename for reading: No such file or directory
I/art     ( 4089): DexFile_isDexOptNeeded failed to open oat file '/data/app/com.google.android.talk-2/arm/base.odex' for file location '/data/app/com.google.android.talk-2/base.apk': Failed to open oat filename for reading: No such file or directory
W/PackageManager( 4089): Package com.google.android.talk has activity com.google.android.apps.hangouts.phone.HangoutUrlHandlerActivity with priority > 0, forcing to 0
W/PackageManager( 4089): Package com.google.android.talk has activity com.google.android.apps.hangouts.phone.HangoutUrlHandlerActivity with priority > 0, forcing to 0
W/PackageManager( 4089): Package com.google.android.talk has activity com.google.android.apps.hangouts.phone.HangoutUrlHandlerActivity with priority > 0, forcing to 0
W/PackageManager( 4089): Package com.google.android.talk has activity com.google.android.apps.hangouts.phone.ConversationUrlHandlerActivity with priority > 0, forcing to 0
W/PackageManager( 4089): Package com.google.android.talk has activity com.google.android.apps.hangouts.phone.ConversationUrlHandlerActivity with priority > 0, forcing to 0
W/PackageManager( 4089): Package com.google.android.talk has activity com.google.android.apps.hangouts.phone.ConversationUrlHandlerActivity with priority > 0, forcing to 0
W/PackageParser( 4089): No actions in intent filter at /data/app/com.sec.spp.push-1/base.apk Binary XML file line #343
I/PackageManager( 4089): SELinux relabeling of com.sec.spp.push issued.
I/art     ( 4089): DexFile_isDexOptNeeded failed to open oat file '/data/dalvik-cache/arm/data@app@com.sec.spp.push-1@base.apk@classes.dex' for file location '/data/app/com.sec.spp.push-1/base.apk': Failed to open oat filename for reading: No such file or directory
I/art     ( 4089): DexFile_isDexOptNeeded failed to open oat file '/data/app/com.sec.spp.push-1/arm/base.odex' for file location '/data/app/com.sec.spp.push-1/base.apk': Failed to open oat filename for reading: No such file or directory
I/art     ( 4089): DexFile_isDexOptNeeded failed to open oat file '/data/dalvik-cache/arm/data@app@com.sec.spp.push-1@base.apk@classes.dex' for file location '/data/app/com.sec.spp.push-1/base.apk': Failed to open oat filename for reading: No such file or directory
I/art     ( 4089): DexFile_isDexOptNeeded failed to open oat file '/data/app/com.sec.spp.push-1/arm/base.odex' for file location '/data/app/com.sec.spp.push-1/base.apk': Failed to open oat filename for reading: No such file or directory
W/PackageManager( 4089): Failed to parse /data/app/mcRegistry: No packages found in split
I/PackageManager( 4089): SELinux relabeling of com.dsi.ant.service.socket issued.
I/art     ( 4089): DexFile_isDexOptNeeded failed to open oat file '/data/dalvik-cache/arm/data@app@com.dsi.ant.service.socket-1@base.apk@classes.dex' for file location '/data/app/com.dsi.ant.service.socket-1/base.apk': Failed to open oat filename for reading: No such file or directory
I/art     ( 4089): DexFile_isDexOptNeeded failed to open oat file '/data/app/com.dsi.ant.service.socket-1/arm/base.odex' for file location '/data/app/com.dsi.ant.service.socket-1/base.apk': Failed to open oat filename for reading: No such file or directory
I/art     ( 4089): DexFile_isDexOptNeeded failed to open oat file '/data/dalvik-cache/arm/data@app@com.dsi.ant.service.socket-1@base.apk@classes.dex' for file location '/data/app/com.dsi.ant.service.socket-1/base.apk': Failed to open oat filename for reading: No such file or directory
I/art     ( 4089): DexFile_isDexOptNeeded failed to open oat file '/data/app/com.dsi.ant.service.socket-1/arm/base.odex' for file location '/data/app/com.dsi.ant.service.socket-1/base.apk': Failed to open oat filename for reading: No such file or directory
I/PackageManager( 4089): SELinux relabeling of stericson.busybox issued.
I/art     ( 4089): DexFile_isDexOptNeeded failed to open oat file '/data/dalvik-cache/arm/data@app@stericson.busybox-2@base.apk@classes.dex' for file location '/data/app/stericson.busybox-2/base.apk': Failed to open oat filename for reading: No such file or directory
I/art     ( 4089): DexFile_isDexOptNeeded failed to open oat file '/data/app/stericson.busybox-2/arm/base.odex' for file location '/data/app/stericson.busybox-2/base.apk': Failed to open oat filename for reading: No such file or directory
I/art     ( 4089): DexFile_isDexOptNeeded failed to open oat file '/data/dalvik-cache/arm/data@app@stericson.busybox-2@base.apk@classes.dex' for file location '/data/app/stericson.busybox-2/base.apk': Failed to open oat filename for reading: No such file or directory
I/art     ( 4089): DexFile_isDexOptNeeded failed to open oat file '/data/app/stericson.busybox-2/arm/base.odex' for file location '/data/app/stericson.busybox-2/base.apk': Failed to open oat filename for reading: No such file or directory
W/PackageManager( 4089): Package org.banelco desires unavailable shared library com.google.android.maps; ignoring!
I/PackageManager( 4089): SELinux relabeling of org.banelco issued.
I/art     ( 4089): DexFile_isDexOptNeeded failed to open oat file '/data/dalvik-cache/arm/data@app@org.banelco-2@base.apk@classes.dex' for file location '/data/app/org.banelco-2/base.apk': Failed to open oat filename for reading: No such file or directory
I/art     ( 4089): DexFile_isDexOptNeeded failed to open oat file '/data/app/org.banelco-2/arm/base.odex' for file location '/data/app/org.banelco-2/base.apk': Failed to open oat filename for reading: No such file or directory
I/art     ( 4089): DexFile_isDexOptNeeded failed to open oat file '/data/dalvik-cache/arm/data@app@org.banelco-2@base.apk@classes.dex' for file location '/data/app/org.banelco-2/base.apk': Failed to open oat filename for reading: No such file or directory
I/art     ( 4089): DexFile_isDexOptNeeded failed to open oat file '/data/app/org.banelco-2/arm/base.odex' for file location '/data/app/org.banelco-2/base.apk': Failed to open oat filename for reading: No such file or directory
I/PackageManager( 4089): SELinux relabeling of com.google.android.tts issued.
I/art     ( 4089): DexFile_isDexOptNeeded failed to open oat file '/data/dalvik-cache/arm/data@app@com.google.android.tts-1@base.apk@classes.dex' for file location '/data/app/com.google.android.tts-1/base.apk': Failed to open oat filename for reading: No such file or directory
I/art     ( 4089): DexFile_isDexOptNeeded failed to open oat file '/data/app/com.google.android.tts-1/arm/base.odex' for file location '/data/app/com.google.android.tts-1/base.apk': Failed to open oat filename for reading: No such file or directory
I/art     ( 4089): DexFile_isDexOptNeeded failed to open oat file '/data/dalvik-cache/arm/data@app@com.google.android.tts-1@base.apk@classes.dex' for file location '/data/app/com.google.android.tts-1/base.apk': Failed to open oat filename for reading: No such file or directory
I/art     ( 4089): DexFile_isDexOptNeeded failed to open oat file '/data/app/com.google.android.tts-1/arm/base.odex' for file location '/data/app/com.google.android.tts-1/base.apk': Failed to open oat filename for reading: No such file or directory
W/PackageParser( 4089): No actions in intent filter at /data/app/com.levelup.beautifulwidgets-1/base.apk Binary XML file line #598
W/PackageManager( 4089): Package com.levelup.beautifulwidgets desires unavailable shared library com.google.android.maps; ignoring!
I/PackageManager( 4089): SELinux relabeling of com.levelup.beautifulwidgets issued.
I/art     ( 4089): DexFile_isDexOptNeeded failed to open oat file '/data/dalvik-cache/arm/data@app@com.levelup.beautifulwidgets-1@base.apk@classes.dex' for file location '/data/app/com.levelup.beautifulwidgets-1/base.apk': Failed to open oat filename for reading: No such file or directory
I/art     ( 4089): DexFile_isDexOptNeeded failed to open oat file '/data/app/com.levelup.beautifulwidgets-1/arm/base.odex' for file location '/data/app/com.levelup.beautifulwidgets-1/base.apk': Failed to open oat filename for reading: No such file or directory
I/art     ( 4089): DexFile_isDexOptNeeded failed to open oat file '/data/dalvik-cache/arm/data@app@com.levelup.beautifulwidgets-1@base.apk@classes.dex' for file location '/data/app/com.levelup.beautifulwidgets-1/base.apk': Failed to open oat filename for reading: No such file or directory
I/art     ( 4089): DexFile_isDexOptNeeded failed to open oat file '/data/app/com.levelup.beautifulwidgets-1/arm/base.odex' for file location '/data/app/com.levelup.beautifulwidgets-1/base.apk': Failed to open oat filename for reading: No such file or directory
I/PackageManager( 4089): SELinux relabeling of com.farproc.wifi.analyzer issued.
I/art     ( 4089): DexFile_isDexOptNeeded failed to open oat file '/data/dalvik-cache/arm/data@app@com.farproc.wifi.analyzer-1@base.apk@classes.dex' for file location '/data/app/com.farproc.wifi.analyzer-1/base.apk': Failed to open oat filename for reading: No such file or directory
I/art     ( 4089): DexFile_isDexOptNeeded failed to open oat file '/data/app/com.farproc.wifi.analyzer-1/arm/base.odex' for file location '/data/app/com.farproc.wifi.analyzer-1/base.apk': Failed to open oat filename for reading: No such file or directory
I/art     ( 4089): DexFile_isDexOptNeeded failed to open oat file '/data/dalvik-cache/arm/data@app@com.farproc.wifi.analyzer-1@base.apk@classes.dex' for file location '/data/app/com.farproc.wifi.analyzer-1/base.apk': Failed to open oat filename for reading: No such file or directory
I/art     ( 4089): DexFile_isDexOptNeeded failed to open oat file '/data/app/com.farproc.wifi.analyzer-1/arm/base.odex' for file location '/data/app/com.farproc.wifi.analyzer-1/base.apk': Failed to open oat filename for reading: No such file or directory
I/PackageManager( 4089): SELinux relabeling of me.unfollowers.droid issued.
I/art     ( 4089): DexFile_isDexOptNeeded failed to open oat file '/data/dalvik-cache/arm/data@app@me.unfollowers.droid-2@base.apk@classes.dex' for file location '/data/app/me.unfollowers.droid-2/base.apk': Failed to open oat filename for reading: No such file or directory
I/art     ( 4089): DexFile_isDexOptNeeded failed to open oat file '/data/app/me.unfollowers.droid-2/arm/base.odex' for file location '/data/app/me.unfollowers.droid-2/base.apk': Failed to open oat filename for reading: No such file or directory
I/art     ( 4089): DexFile_isDexOptNeeded failed to open oat file '/data/dalvik-cache/arm/data@app@me.unfollowers.droid-2@base.apk@classes.dex' for file location '/data/app/me.unfollowers.droid-2/base.apk': Failed to open oat filename for reading: No such file or directory
I/art     ( 4089): DexFile_isDexOptNeeded failed to open oat file '/data/app/me.unfollowers.droid-2/arm/base.odex' for file location '/data/app/me.unfollowers.droid-2/base.apk': Failed to open oat filename for reading: No such file or directory
I/PackageManager( 4089): SELinux relabeling of com.dsi.ant.plugins.antplus issued.
I/art     ( 4089): DexFile_isDexOptNeeded failed to open oat file '/data/dalvik-cache/arm/data@app@com.dsi.ant.plugins.antplus-1@base.apk@classes.dex' for file location '/data/app/com.dsi.ant.plugins.antplus-1/base.apk': Failed to open oat filename for reading: No such file or directory
I/art     ( 4089): DexFile_isDexOptNeeded failed to open oat file '/data/app/com.dsi.ant.plugins.antplus-1/arm/base.odex' for file location '/data/app/com.dsi.ant.plugins.antplus-1/base.apk': Failed to open oat filename for reading: No such file or directory
I/art     ( 4089): DexFile_isDexOptNeeded failed to open oat file '/data/dalvik-cache/arm/data@app@com.dsi.ant.plugins.antplus-1@base.apk@classes.dex' for file location '/data/app/com.dsi.ant.plugins.antplus-1/base.apk': Failed to open oat filename for reading: No such file or directory
I/art     ( 4089): DexFile_isDexOptNeeded failed to open oat file '/data/app/com.dsi.ant.plugins.antplus-1/arm/base.odex' for file location '/data/app/com.dsi.ant.plugins.antplus-1/base.apk': Failed to open oat filename for reading: No such file or directory
I/PackageManager( 4089): SELinux relabeling of com.imageline.ILRemote issued.
I/art     ( 4089): DexFile_isDexOptNeeded failed to open oat file '/data/dalvik-cache/arm/data@app@com.imageline.ILRemote-2@base.apk@classes.dex' for file location '/data/app/com.imageline.ILRemote-2/base.apk': Failed to open oat filename for reading: No such file or directory
I/art     ( 4089): DexFile_isDexOptNeeded failed to open oat file '/data/app/com.imageline.ILRemote-2/arm/base.odex' for file location '/data/app/com.imageline.ILRemote-2/base.apk': Failed to open oat filename for reading: No such file or directory
I/art     ( 4089): DexFile_isDexOptNeeded failed to open oat file '/data/dalvik-cache/arm/data@app@com.imageline.ILRemote-2@base.apk@classes.dex' for file location '/data/app/com.imageline.ILRemote-2/base.apk': Failed to open oat filename for reading: No such file or directory
I/art     ( 4089): DexFile_isDexOptNeeded failed to open oat file '/data/app/com.imageline.ILRemote-2/arm/base.odex' for file location '/data/app/com.imageline.ILRemote-2/base.apk': Failed to open oat filename for reading: No such file or directory
I/PackageManager( 4089): SELinux relabeling of com.google.android.webview issued.
I/art     ( 4089): DexFile_isDexOptNeeded failed to open oat file '/data/dalvik-cache/arm/data@app@com.google.android.webview-2@base.apk@classes.dex' for file location '/data/app/com.google.android.webview-2/base.apk': Failed to open oat filename for reading: No such file or directory
I/art     ( 4089): DexFile_isDexOptNeeded failed to open oat file '/data/app/com.google.android.webview-2/arm/base.odex' for file location '/data/app/com.google.android.webview-2/base.apk': Failed to open oat filename for reading: No such file or directory
I/PackageManager( 4089): SELinux relabeling of de.mkrtchyan.recoverytools issued.
I/art     ( 4089): DexFile_isDexOptNeeded failed to open oat file '/data/dalvik-cache/arm/data@app@de.mkrtchyan.recoverytools-1@base.apk@classes.dex' for file location '/data/app/de.mkrtchyan.recoverytools-1/base.apk': Failed to open oat filename for reading: No such file or directory
I/art     ( 4089): DexFile_isDexOptNeeded failed to open oat file '/data/app/de.mkrtchyan.recoverytools-1/arm/base.odex' for file location '/data/app/de.mkrtchyan.recoverytools-1/base.apk': Failed to open oat filename for reading: No such file or directory
I/art     ( 4089): DexFile_isDexOptNeeded failed to open oat file '/data/dalvik-cache/arm/data@app@de.mkrtchyan.recoverytools-1@base.apk@classes.dex' for file location '/data/app/de.mkrtchyan.recoverytools-1/base.apk': Failed to open oat filename for reading: No such file or directory
I/art     ( 4089): DexFile_isDexOptNeeded failed to open oat file '/data/app/de.mkrtchyan.recoverytools-1/arm/base.odex' for file location '/data/app/de.mkrtchyan.recoverytools-1/base.apk': Failed to open oat filename for reading: No such file or directory
W/PackageManager( 4089): Package com.facebook.katana desires unavailable shared library com.google.android.maps; ignoring!
W/PackageManager( 4089): Package com.facebook.katana desires unavailable shared library com.amazon.device.messaging; ignoring!
I/PackageManager( 4089): SELinux relabeling of com.facebook.katana issued.
I/art     ( 4089): DexFile_isDexOptNeeded failed to open oat file '/data/dalvik-cache/arm/data@app@com.facebook.katana-1@base.apk@classes.dex' for file location '/data/app/com.facebook.katana-1/base.apk': Failed to open oat filename for reading: No such file or directory
I/art     ( 4089): DexFile_isDexOptNeeded failed to open oat file '/data/app/com.facebook.katana-1/arm/base.odex' for file location '/data/app/com.facebook.katana-1/base.apk': Failed to open oat filename for reading: No such file or directory
I/art     ( 4089): DexFile_isDexOptNeeded failed to open oat file '/data/dalvik-cache/arm/data@app@com.facebook.katana-1@base.apk@classes.dex' for file location '/data/app/com.facebook.katana-1/base.apk': Failed to open oat filename for reading: No such file or directory
I/art     ( 4089): DexFile_isDexOptNeeded failed to open oat file '/data/app/com.facebook.katana-1/arm/base.odex' for file location '/data/app/com.facebook.katana-1/base.apk': Failed to open oat filename for reading: No such file or directory
W/PackageManager( 4089): Package com.speedsoftware.rootexplorer desires unavailable shared library com.sec.android.app.multiwindow; ignoring!
I/PackageManager( 4089): SELinux relabeling of com.speedsoftware.rootexplorer issued.
I/art     ( 4089): DexFile_isDexOptNeeded failed to open oat file '/data/dalvik-cache/arm/data@app@com.speedsoftware.rootexplorer-1@base.apk@classes.dex' for file location '/data/app/com.speedsoftware.rootexplorer-1/base.apk': Failed to open oat filename for reading: No such file or directory
I/art     ( 4089): DexFile_isDexOptNeeded failed to open oat file '/data/app/com.speedsoftware.rootexplorer-1/arm/base.odex' for file location '/data/app/com.speedsoftware.rootexplorer-1/base.apk': Failed to open oat filename for reading: No such file or directory
I/art     ( 4089): DexFile_isDexOptNeeded failed to open oat file '/data/dalvik-cache/arm/data@app@com.speedsoftware.rootexplorer-1@base.apk@classes.dex' for file location '/data/app/com.speedsoftware.rootexplorer-1/base.apk': Failed to open oat filename for reading: No such file or directory
I/art     ( 4089): DexFile_isDexOptNeeded failed to open oat file '/data/app/com.speedsoftware.rootexplorer-1/arm/base.odex' for file location '/data/app/com.speedsoftware.rootexplorer-1/base.apk': Failed to open oat filename for reading: No such file or directory
I/PackageManager( 4089): /data/app/com.samsung.android.sdk.samsunglink-1 changed; collecting certs
W/PackageManager( 4089): Failed to parse /data/app/com.samsung.android.sdk.samsunglink-1: Package com.samsung.android.sdk.samsunglink requires unavailable shared library touchwiz; failing!
I/PackageManager( 4089): SELinux relabeling of com.bigtincan.android.adfree issued.
I/art     ( 4089): DexFile_isDexOptNeeded failed to open oat file '/data/dalvik-cache/arm/data@app@com.bigtincan.android.adfree-1@base.apk@classes.dex' for file location '/data/app/com.bigtincan.android.adfree-1/base.apk': Failed to open oat filename for reading: No such file or directory
I/art     ( 4089): DexFile_isDexOptNeeded failed to open oat file '/data/app/com.bigtincan.android.adfree-1/arm/base.odex' for file location '/data/app/com.bigtincan.android.adfree-1/base.apk': Failed to open oat filename for reading: No such file or directory
I/art     ( 4089): DexFile_isDexOptNeeded failed to open oat file '/data/dalvik-cache/arm/data@app@com.bigtincan.android.adfree-1@base.apk@classes.dex' for file location '/data/app/com.bigtincan.android.adfree-1/base.apk': Failed to open oat filename for reading: No such file or directory
I/art     ( 4089): DexFile_isDexOptNeeded failed to open oat file '/data/app/com.bigtincan.android.adfree-1/arm/base.odex' for file location '/data/app/com.bigtincan.android.adfree-1/base.apk': Failed to open oat filename for reading: No such file or directory
W/PackageParser( 4089): Unknown element under <application>: enable-feature at /data/app/org.zwanoo.android.speedtest-1/base.apk Binary XML file line #173
I/PackageManager( 4089): SELinux relabeling of org.zwanoo.android.speedtest issued.
I/art     ( 4089): DexFile_isDexOptNeeded failed to open oat file '/data/dalvik-cache/arm/data@app@org.zwanoo.android.speedtest-1@base.apk@classes.dex' for file location '/data/app/org.zwanoo.android.speedtest-1/base.apk': Failed to open oat filename for reading: No such file or directory
I/art     ( 4089): DexFile_isDexOptNeeded failed to open oat file '/data/app/org.zwanoo.android.speedtest-1/arm/base.odex' for file location '/data/app/org.zwanoo.android.speedtest-1/base.apk': Failed to open oat filename for reading: No such file or directory
I/art     ( 4089): DexFile_isDexOptNeeded failed to open oat file '/data/dalvik-cache/arm/data@app@org.zwanoo.android.speedtest-1@base.apk@classes.dex' for file location '/data/app/org.zwanoo.android.speedtest-1/base.apk': Failed to open oat filename for reading: No such file or directory
I/art     ( 4089): DexFile_isDexOptNeeded failed to open oat file '/data/app/org.zwanoo.android.speedtest-1/arm/base.odex' for file location '/data/app/org.zwanoo.android.speedtest-1/base.apk': Failed to open oat filename for reading: No such file or directory
I/PackageManager( 4089): SELinux relabeling of com.google.android.keep issued.
I/art     ( 4089): DexFile_isDexOptNeeded failed to open oat file '/data/dalvik-cache/arm/data@app@com.google.android.keep-1@base.apk@classes.dex' for file location '/data/app/com.google.android.keep-1/base.apk': Failed to open oat filename for reading: No such file or directory
I/art     ( 4089): DexFile_isDexOptNeeded failed to open oat file '/data/app/com.google.android.keep-1/arm/base.odex' for file location '/data/app/com.google.android.keep-1/base.apk': Failed to open oat filename for reading: No such file or directory
I/art     ( 4089): DexFile_isDexOptNeeded failed to open oat file '/data/dalvik-cache/arm/data@app@com.google.android.keep-1@base.apk@classes.dex' for file location '/data/app/com.google.android.keep-1/base.apk': Failed to open oat filename for reading: No such file or directory
I/art     ( 4089): DexFile_isDexOptNeeded failed to open oat file '/data/app/com.google.android.keep-1/arm/base.odex' for file location '/data/app/com.google.android.keep-1/base.apk': Failed to open oat filename for reading: No such file or directory
W/PackageManager( 4089): Package com.infraware.polarisviewer5 desires unavailable shared library com.sec.android.app.multiwindow; ignoring!
I/PackageManager( 4089): SELinux relabeling of com.infraware.polarisviewer5 issued.
I/art     ( 4089): DexFile_isDexOptNeeded failed to open oat file '/data/dalvik-cache/arm/data@app@com.infraware.polarisviewer5-1@base.apk@classes.dex' for file location '/data/app/com.infraware.polarisviewer5-1/base.apk': Failed to open oat filename for reading: No such file or directory
I/art     ( 4089): DexFile_isDexOptNeeded failed to open oat file '/data/app/com.infraware.polarisviewer5-1/arm/base.odex' for file location '/data/app/com.infraware.polarisviewer5-1/base.apk': Failed to open oat filename for reading: No such file or directory
I/art     ( 4089): DexFile_isDexOptNeeded failed to open oat file '/data/dalvik-cache/arm/data@app@com.infraware.polarisviewer5-1@base.apk@classes.dex' for file location '/data/app/com.infraware.polarisviewer5-1/base.apk': Failed to open oat filename for reading: No such file or directory
I/art     ( 4089): DexFile_isDexOptNeeded failed to open oat file '/data/app/com.infraware.polarisviewer5-1/arm/base.odex' for file location '/data/app/com.infraware.polarisviewer5-1/base.apk': Failed to open oat filename for reading: No such file or directory
I/PackageManager( 4089): SELinux relabeling of com.anddoes.launcher issued.
I/art     ( 4089): DexFile_isDexOptNeeded failed to open oat file '/data/dalvik-cache/arm/data@app@com.anddoes.launcher-1@base.apk@classes.dex' for file location '/data/app/com.anddoes.launcher-1/base.apk': Failed to open oat filename for reading: No such file or directory
I/art     ( 4089): DexFile_isDexOptNeeded failed to open oat file '/data/app/com.anddoes.launcher-1/arm/base.odex' for file location '/data/app/com.anddoes.launcher-1/base.apk': Failed to open oat filename for reading: No such file or directory
I/art     ( 4089): DexFile_isDexOptNeeded failed to open oat file '/data/dalvik-cache/arm/data@app@com.anddoes.launcher-1@base.apk@classes.dex' for file location '/data/app/com.anddoes.launcher-1/base.apk': Failed to open oat filename for reading: No such file or directory
I/art     ( 4089): DexFile_isDexOptNeeded failed to open oat file '/data/app/com.anddoes.launcher-1/arm/base.odex' for file location '/data/app/com.anddoes.launcher-1/base.apk': Failed to open oat filename for reading: No such file or directory
W/PackageManager( 4089): Permission com.android.launcher.permission.INSTALL_SHORTCUT from package com.anddoes.launcher ignored: no group null
W/PackageManager( 4089): Permission com.android.launcher.permission.UNINSTALL_SHORTCUT from package com.anddoes.launcher ignored: no group null
W/PackageManager( 4089): Permission com.anddoes.launcher.permission.READ_SETTINGS from package com.anddoes.launcher ignored: no group null
W/PackageManager( 4089): Permission com.anddoes.launcher.permission.WRITE_SETTINGS from package com.anddoes.launcher ignored: no group null
W/PackageManager( 4089): Permission com.anddoes.launcher.permission.UPDATE_COUNT from package com.anddoes.launcher ignored: no group null
W/PackageManager( 4089): Permission com.anddoes.notifier.permission.READ_NOTIFICATIONS from package com.anddoes.launcher ignored: no group null
I/PackageManager( 4089): /data/app/com.samsung.android.app.mirrorlink-1 changed; collecting certs
W/PackageManager( 4089): Failed to parse /data/app/com.samsung.android.app.mirrorlink-1: Cannot install platform packages to user storage!
W/PackageParser( 4089): Unknown element under <application>: intent-filter at /data/app/com.melodis.midomiMusicIdentifier.freemium-1/base.apk Binary XML file line #559
W/PackageManager( 4089): Package com.melodis.midomiMusicIdentifier.freemium desires unavailable shared library com.google.android.maps; ignoring!
I/PackageManager( 4089): SELinux relabeling of com.melodis.midomiMusicIdentifier.freemium issued.
I/art     ( 4089): DexFile_isDexOptNeeded failed to open oat file '/data/dalvik-cache/arm/data@app@com.melodis.midomiMusicIdentifier.freemium-1@base.apk@classes.dex' for file location '/data/app/com.melodis.midomiMusicIdentifier.freemium-1/base.apk': Failed to open oat filename for reading: No such file or directory
I/art     ( 4089): DexFile_isDexOptNeeded failed to open oat file '/data/app/com.melodis.midomiMusicIdentifier.freemium-1/arm/base.odex' for file location '/data/app/com.melodis.midomiMusicIdentifier.freemium-1/base.apk': Failed to open oat filename for reading: No such file or directory
I/art     ( 4089): DexFile_isDexOptNeeded failed to open oat file '/data/dalvik-cache/arm/data@app@com.melodis.midomiMusicIdentifier.freemium-1@base.apk@classes.dex' for file location '/data/app/com.melodis.midomiMusicIdentifier.freemium-1/base.apk': Failed to open oat filename for reading: No such file or directory
I/art     ( 4089): DexFile_isDexOptNeeded failed to open oat file '/data/app/com.melodis.midomiMusicIdentifier.freemium-1/arm/base.odex' for file location '/data/app/com.melodis.midomiMusicIdentifier.freemium-1/base.apk': Failed to open oat filename for reading: No such file or directory
I/PackageManager( 4089): SELinux relabeling of com.drippler.android.updates issued.
I/art     ( 4089): DexFile_isDexOptNeeded failed to open oat file '/data/dalvik-cache/arm/data@app@com.drippler.android.updates-1@base.apk@classes.dex' for file location '/data/app/com.drippler.android.updates-1/base.apk': Failed to open oat filename for reading: No such file or directory
I/art     ( 4089): DexFile_isDexOptNeeded failed to open oat file '/data/app/com.drippler.android.updates-1/arm/base.odex' for file location '/data/app/com.drippler.android.updates-1/base.apk': Failed to open oat filename for reading: No such file or directory
I/art     ( 4089): DexFile_isDexOptNeeded failed to open oat file '/data/dalvik-cache/arm/data@app@com.drippler.android.updates-1@base.apk@classes.dex' for file location '/data/app/com.drippler.android.updates-1/base.apk': Failed to open oat filename for reading: No such file or directory
I/art     ( 4089): DexFile_isDexOptNeeded failed to open oat file '/data/app/com.drippler.android.updates-1/arm/base.odex' for file location '/data/app/com.drippler.android.updates-1/base.apk': Failed to open oat filename for reading: No such file or directory
I/PackageManager( 4089): SELinux relabeling of com.google.android.apps.maps issued.
W/SurfaceFlinger( 3671): Ignoring duplicate VSYNC event from HWC (t=45075145588)
I/art     ( 4089): DexFile_isDexOptNeeded failed to open oat file '/data/dalvik-cache/arm/data@app@com.google.android.apps.maps-2@base.apk@classes.dex' for file location '/data/app/com.google.android.apps.maps-2/base.apk': Failed to open oat filename for reading: No such file or directory
I/art     ( 4089): DexFile_isDexOptNeeded failed to open oat file '/data/app/com.google.android.apps.maps-2/arm/base.odex' for file location '/data/app/com.google.android.apps.maps-2/base.apk': Failed to open oat filename for reading: No such file or directory
I/art     ( 4089): DexFile_isDexOptNeeded failed to open oat file '/data/dalvik-cache/arm/data@app@com.google.android.apps.maps-2@base.apk@classes.dex' for file location '/data/app/com.google.android.apps.maps-2/base.apk': Failed to open oat filename for reading: No such file or directory
I/art     ( 4089): DexFile_isDexOptNeeded failed to open oat file '/data/app/com.google.android.apps.maps-2/arm/base.odex' for file location '/data/app/com.google.android.apps.maps-2/base.apk': Failed to open oat filename for reading: No such file or directory
I/PackageManager( 4089): SELinux relabeling of com.android.vending issued.
W/SurfaceFlinger( 3671): Ignoring duplicate VSYNC event from HWC (t=45480057171)
I/art     ( 4089): DexFile_isDexOptNeeded failed to open oat file '/data/dalvik-cache/arm/data@app@com.android.vending-2@base.apk@classes.dex' for file location '/data/app/com.android.vending-2/base.apk': Failed to open oat filename for reading: No such file or directory
I/art     ( 4089): DexFile_isDexOptNeeded failed to open oat file '/data/app/com.android.vending-2/arm/base.odex' for file location '/data/app/com.android.vending-2/base.apk': Failed to open oat filename for reading: No such file or directory
I/art     ( 4089): DexFile_isDexOptNeeded failed to open oat file '/data/dalvik-cache/arm/data@app@com.android.vending-2@base.apk@classes.dex' for file location '/data/app/com.android.vending-2/base.apk': Failed to open oat filename for reading: No such file or directory
I/art     ( 4089): DexFile_isDexOptNeeded failed to open oat file '/data/app/com.android.vending-2/arm/base.odex' for file location '/data/app/com.android.vending-2/base.apk': Failed to open oat filename for reading: No such file or directory
W/PackageManager( 4089): Permission com.android.vending.CHECK_LICENSE from package com.android.vending ignored: no group null
W/PackageManager( 4089): Permission com.android.vending.BILLING from package com.android.vending ignored: no group null
I/PackageManager( 4089): SELinux relabeling of com.android.chrome issued.
I/art     ( 4089): DexFile_isDexOptNeeded failed to open oat file '/data/dalvik-cache/arm/data@app@com.android.chrome-2@base.apk@classes.dex' for file location '/data/app/com.android.chrome-2/base.apk': Failed to open oat filename for reading: No such file or directory
I/art     ( 4089): DexFile_isDexOptNeeded failed to open oat file '/data/app/com.android.chrome-2/arm/base.odex' for file location '/data/app/com.android.chrome-2/base.apk': Failed to open oat filename for reading: No such file or directory
I/art     ( 4089): DexFile_isDexOptNeeded failed to open oat file '/data/dalvik-cache/arm/data@app@com.android.chrome-2@base.apk@classes.dex' for file location '/data/app/com.android.chrome-2/base.apk': Failed to open oat filename for reading: No such file or directory
I/art     ( 4089): DexFile_isDexOptNeeded failed to open oat file '/data/app/com.android.chrome-2/arm/base.odex' for file location '/data/app/com.android.chrome-2/base.apk': Failed to open oat filename for reading: No such file or directory
W/PackageManager( 4089): Permission com.android.chrome.permission.DEBUG from package com.android.chrome ignored: no group null
W/PackageParser( 4089): No actions in intent filter at /data/app/com.mercadolibre-2/base.apk Binary XML file line #771
W/PackageManager( 4089): Failed to parse /data/app/com.mercadolibre-2: Package com.mercadolibre requires unavailable shared library com.google.android.maps; failing!
I/PackageManager( 4089): SELinux relabeling of com.google.android.gm issued.
W/SurfaceFlinger( 3671): Ignoring duplicate VSYNC event from HWC (t=46340221338)
I/art     ( 4089): DexFile_isDexOptNeeded failed to open oat file '/data/dalvik-cache/arm/data@app@com.google.android.gm-1@base.apk@classes.dex' for file location '/data/app/com.google.android.gm-1/base.apk': Failed to open oat filename for reading: No such file or directory
I/art     ( 4089): DexFile_isDexOptNeeded failed to open oat file '/data/app/com.google.android.gm-1/arm/base.odex' for file location '/data/app/com.google.android.gm-1/base.apk': Failed to open oat filename for reading: No such file or directory
I/art     ( 4089): DexFile_isDexOptNeeded failed to open oat file '/data/dalvik-cache/arm/data@app@com.google.android.gm-1@base.apk@classes.dex' for file location '/data/app/com.google.android.gm-1/base.apk': Failed to open oat filename for reading: No such file or directory
I/art     ( 4089): DexFile_isDexOptNeeded failed to open oat file '/data/app/com.google.android.gm-1/arm/base.odex' for file location '/data/app/com.google.android.gm-1/base.apk': Failed to open oat filename for reading: No such file or directory
W/PackageManager( 4089): Permission com.google.android.gm.email.permission.READ_ATTACHMENT from package com.google.android.gm ignored: no group null
W/PackageManager( 4089): Permission com.google.android.gm.permission.READ_GMAIL from package com.google.android.gm ignored: no group null
W/PackageManager( 4089): Permission com.google.android.gm.permission.WRITE_GMAIL from package com.google.android.gm ignored: no group null
W/PackageManager( 4089): Permission com.google.android.gm.permission.AUTO_SEND from package com.google.android.gm ignored: no group null
W/PackageManager( 4089): Permission com.google.android.gm.permission.READ_CONTENT_PROVIDER from package com.google.android.gm ignored: no group null
I/PackageManager( 4089): SELinux relabeling of com.google.android.googlequicksearchbox issued.
W/SurfaceFlinger( 3671): Ignoring duplicate VSYNC event from HWC (t=46745056338)
I/art     ( 4089): DexFile_isDexOptNeeded failed to open oat file '/data/dalvik-cache/arm/data@app@com.google.android.googlequicksearchbox-2@base.apk@classes.dex' for file location '/data/app/com.google.android.googlequicksearchbox-2/base.apk': Failed to open oat filename for reading: No such file or directory
I/art     ( 4089): DexFile_isDexOptNeeded failed to open oat file '/data/app/com.google.android.googlequicksearchbox-2/arm/base.odex' for file location '/data/app/com.google.android.googlequicksearchbox-2/base.apk': Failed to open oat filename for reading: No such file or directory
I/art     ( 4089): DexFile_isDexOptNeeded failed to open oat file '/data/dalvik-cache/arm/data@app@com.google.android.googlequicksearchbox-2@base.apk@classes.dex' for file location '/data/app/com.google.android.googlequicksearchbox-2/base.apk': Failed to open oat filename for reading: No such file or directory
I/art     ( 4089): DexFile_isDexOptNeeded failed to open oat file '/data/app/com.google.android.googlequicksearchbox-2/arm/base.odex' for file location '/data/app/com.google.android.googlequicksearchbox-2/base.apk': Failed to open oat filename for reading: No such file or directory
W/PackageManager( 4089): Permission com.google.android.launcher.permission.READ_SETTINGS from package com.google.android.googlequicksearchbox ignored: no group null
W/PackageManager( 4089): Permission com.google.android.launcher.permission.WRITE_SETTINGS from package com.google.android.googlequicksearchbox ignored: no group null
W/PackageManager( 4089): Permission com.android.launcher.permission.INSTALL_SHORTCUT from package com.google.android.googlequicksearchbox ignored: no group null
W/PackageManager( 4089): Permission com.android.launcher.permission.UNINSTALL_SHORTCUT from package com.google.android.googlequicksearchbox ignored: no group null
W/SurfaceFlinger( 3671): Ignoring duplicate VSYNC event from HWC (t=47200246546)
W/Resources( 4089): Converting to boolean: TypedValue{t=0x3/d=0x2445 "true" a=2 r=0x7f110955}
W/PackageManager( 4089): Package com.google.android.gms desires unavailable shared library com.google.android.ble; ignoring!
I/PackageManager( 4089): SELinux relabeling of com.google.android.gms issued.
I/art     ( 4089): DexFile_isDexOptNeeded failed to open oat file '/data/dalvik-cache/arm/data@app@com.google.android.gms-2@base.apk@classes.dex' for file location '/data/app/com.google.android.gms-2/base.apk': Failed to open oat filename for reading: No such file or directory
I/art     ( 4089): DexFile_isDexOptNeeded failed to open oat file '/data/app/com.google.android.gms-2/arm/base.odex' for file location '/data/app/com.google.android.gms-2/base.apk': Failed to open oat filename for reading: No such file or directory
W/PackageManager( 4089): Package com.google.android.gms has activity com.google.android.gms.appinvite.AppInviteAcceptInvitationActivity with priority > 0, forcing to 0
W/PackageManager( 4089): Permission com.google.android.gms.permission.ACTIVITY_RECOGNITION from package com.google.android.gms ignored: no group null
W/PackageManager( 4089): Package com.whatsapp desires unavailable shared library com.google.android.maps; ignoring!
W/PackageManager( 4089): Package com.whatsapp desires unavailable shared library com.sec.android.app.multiwindow; ignoring!
I/PackageManager( 4089): SELinux relabeling of com.whatsapp issued.
I/art     ( 4089): DexFile_isDexOptNeeded failed to open oat file '/data/dalvik-cache/arm/data@app@com.whatsapp-2@base.apk@classes.dex' for file location '/data/app/com.whatsapp-2/base.apk': Failed to open oat filename for reading: No such file or directory
I/art     ( 4089): DexFile_isDexOptNeeded failed to open oat file '/data/app/com.whatsapp-2/arm/base.odex' for file location '/data/app/com.whatsapp-2/base.apk': Failed to open oat filename for reading: No such file or directory
W/SurfaceFlinger( 3671): Ignoring duplicate VSYNC event from HWC (t=48330318005)
I/art     ( 4089): DexFile_isDexOptNeeded failed to open oat file '/data/dalvik-cache/arm/data@app@com.whatsapp-2@base.apk@classes.dex' for file location '/data/app/com.whatsapp-2/base.apk': Failed to open oat filename for reading: No such file or directory
I/art     ( 4089): DexFile_isDexOptNeeded failed to open oat file '/data/app/com.whatsapp-2/arm/base.odex' for file location '/data/app/com.whatsapp-2/base.apk': Failed to open oat filename for reading: No such file or directory
W/PackageManager( 4089): Package com.sec.android.app.shealth desires unavailable shared library touchwiz; ignoring!
I/PackageManager( 4089): SELinux relabeling of com.sec.android.app.shealth issued.
I/art     ( 4089): DexFile_isDexOptNeeded failed to open oat file '/data/dalvik-cache/arm/data@app@com.sec.android.app.shealth-1@base.apk@classes.dex' for file location '/data/app/com.sec.android.app.shealth-1/base.apk': Failed to open oat filename for reading: No such file or directory
I/art     ( 4089): DexFile_isDexOptNeeded failed to open oat file '/data/app/com.sec.android.app.shealth-1/arm/base.odex' for file location '/data/app/com.sec.android.app.shealth-1/base.apk': Failed to open oat filename for reading: No such file or directory
I/art     ( 4089): DexFile_isDexOptNeeded failed to open oat file '/data/dalvik-cache/arm/data@app@com.sec.android.app.shealth-1@base.apk@classes.dex' for file location '/data/app/com.sec.android.app.shealth-1/base.apk': Failed to open oat filename for reading: No such file or directory
I/art     ( 4089): DexFile_isDexOptNeeded failed to open oat file '/data/app/com.sec.android.app.shealth-1/arm/base.odex' for file location '/data/app/com.sec.android.app.shealth-1/base.apk': Failed to open oat filename for reading: No such file or directory
I/PackageManager( 4089): /data/app/com.samsung.SMT-1 changed; collecting certs
W/SurfaceFlinger( 3671): Ignoring duplicate VSYNC event from HWC (t=52715143380)
W/PackageManager( 4089): Failed to parse /data/app/com.samsung.SMT-1: Cannot install platform packages to user storage!
I/PackageManager( 4089): SELinux relabeling of com.twitter.android issued.
I/art     ( 4089): DexFile_isDexOptNeeded failed to open oat file '/data/dalvik-cache/arm/data@app@com.twitter.android-2@base.apk@classes.dex' for file location '/data/app/com.twitter.android-2/base.apk': Failed to open oat filename for reading: No such file or directory
I/art     ( 4089): DexFile_isDexOptNeeded failed to open oat file '/data/app/com.twitter.android-2/arm/base.odex' for file location '/data/app/com.twitter.android-2/base.apk': Failed to open oat filename for reading: No such file or directory
I/art     ( 4089): DexFile_isDexOptNeeded failed to open oat file '/data/dalvik-cache/arm/data@app@com.twitter.android-2@base.apk@classes.dex' for file location '/data/app/com.twitter.android-2/base.apk': Failed to open oat filename for reading: No such file or directory
I/art     ( 4089): DexFile_isDexOptNeeded failed to open oat file '/data/app/com.twitter.android-2/arm/base.odex' for file location '/data/app/com.twitter.android-2/base.apk': Failed to open oat filename for reading: No such file or directory
W/PackageManager( 4089): Permission com.twitter.android.permission.READ_DATA from package com.twitter.android ignored: no group null
W/PackageManager( 4089): Permission com.twitter.android.permission.AUTH_APP from package com.twitter.android ignored: no group null
I/PackageManager( 4089): SELinux relabeling of org.vndnguyen.phoneinfo issued.
I/art     ( 4089): DexFile_isDexOptNeeded failed to open oat file '/data/dalvik-cache/arm/data@app@org.vndnguyen.phoneinfo-2@base.apk@classes.dex' for file location '/data/app/org.vndnguyen.phoneinfo-2/base.apk': Failed to open oat filename for reading: No such file or directory
