W/Vold    ( 3672): Returning OperationFailed - no handler for errno 0
E/Vold    ( 3672): Failed to find mounted volume for /storage/extSdCard/Android/data/com.cyanogenmod.eleven/cache/
W/Vold    ( 3672): Returning OperationFailed - no handler for errno 0
I/SystemServiceManager( 4115): Starting phase 1000
W/KeyguardServiceDelegate( 4115): onScreenTurnedOn(): no keyguard service!
I/BootReceiver( 4115): Copying /proc/last_kmsg to DropBox (SYSTEM_LAST_KMSG)
I/ActivityManager( 4115): Start proc com.android.bluetooth for service com.android.bluetooth/.btservice.AdapterService: pid=5350 uid=1002 gids={41002, 9997, 3003, 3002, 3001, 1028, 1015, 3005, 1016, 3008} abi=armeabi-v7a
I/BootReceiver( 4115): Copying audit failures to DropBox
I/BootReceiver( 4115): Copied 0 worth of audits to DropBox
I/BootReceiver( 4115): Checking for fsck errors
I/ActivityManager( 4115): Start proc com.android.keychain for service com.android.keychain/.KeyChainService: pid=5372 uid=1000 gids={41000, 9997, 3003, 1028, 1015, 3002, 3001} abi=armeabi-v7a
I/ActivityManager( 4115): Start proc com.android.deskclock for broadcast com.android.deskclock/.AlarmInitReceiver: pid=5394 uid=10030 gids={50030, 9997, 1028, 3003} abi=armeabi-v7a
W/ResourcesManager( 5350): Asset path '/system/framework/javax.btobex.jar' does not exist or contains no resources.
D/Telecom ( 5060): BluetoothPhoneService: Binding service
I/ActivityManager( 4115): Start proc com.android.dialer for broadcast com.android.dialer/.calllog.CallLogReceiver: pid=5433 uid=10008 gids={50008, 9997, 3003, 1028, 1015} abi=armeabi-v7a
I/Telecom ( 5060): BluetoothPhoneService: queryPhoneState
D/Telecom ( 5060): BluetoothPhoneService: handleMessage(7) w/ param 0
I/Telecom ( 5060): BluetoothPhoneService: updateHeadsetWithCallState numActive 0, numHeld 0, callState 6, ringing number [da39a3ee5e6b4b0d3255bfef95601890afd80709], ringing type 128
D/ConnectivityService( 4115): Got NetworkFactory Messenger for Telephony
I/ActivityManager( 4115): Start proc com.android.smspush for service com.android.smspush/.WapPushManager: pid=5477 uid=10055 gids={50055, 9997} abi=armeabi-v7a
W/BackupManagerService( 4115): dataChanged but no participant pkg='com.android.providers.settings' uid=1001
I/PackageManager( 4115): Replacing preferred activity com.android.mms/.ui.ComposeMessageActivity for user 0:
I/PackageManager( 4115): Replacing preferred activity com.android.mms/.ui.ComposeMessageActivity for user 0:
I/PackageManager( 4115): Replacing preferred activity com.android.mms/.ui.ComposeMessageActivity for user 0:
I/PackageManager( 4115): Replacing preferred activity com.android.mms/.ui.ComposeMessageActivity for user 0:
D/ConnectivityService( 4115): Got NetworkFactory Messenger for WIFI
I/ActivityManager( 4115): Start proc com.android.calendar for broadcast com.android.calendar/.UpgradeReceiver: pid=5516 uid=10026 gids={50026, 9997, 1028, 1015, 3003} abi=armeabi-v7a
D/WifiService( 4115): New client listening to asynchronous messages
I/ActivityManager( 4115): Start proc com.cyanogenmod.account for broadcast com.cyanogenmod.account/.receiver.BootReceiver: pid=5549 uid=10002 gids={50002, 9997, 3003} abi=armeabi-v7a
I/ActivityManager( 4115): Start proc com.cyanogenmod.updater for broadcast com.cyanogenmod.updater/.receiver.UpdateCheckReceiver: pid=5578 uid=10003 gids={50003, 9997, 3003, 1028, 1015, 2001} abi=armeabi-v7a
I/ActivityManager( 4115): Start proc com.android.providers.calendar for broadcast com.android.providers.calendar/.CalendarReceiver: pid=5608 uid=10004 gids={50004, 9997, 3003, 1028, 1015} abi=armeabi-v7a
W/ResourcesManager( 5608): Asset path '/system/framework/android.test.runner.jar' does not exist or contains no resources.
I/ActivityManager( 4115): Start proc com.android.managedprovisioning for broadcast com.android.managedprovisioning/.BootReminder: pid=5634 uid=10011 gids={50011, 9997, 1028, 3003} abi=armeabi-v7a
I/ActivityManager( 4115): Start proc com.android.mms for broadcast com.android.mms/.transaction.MmsSystemEventReceiver: pid=5659 uid=10012 gids={50012, 9997, 3003, 1028, 1015} abi=armeabi-v7a
D/CountryDetector( 4115): The first listener is added
I/ActivityManager( 4115): Start proc com.android.onetimeinitializer for broadcast com.android.onetimeinitializer/.OneTimeInitializerReceiver: pid=5695 uid=10013 gids={50013, 9997} abi=armeabi-v7a
E/ActivityThread( 5695): Failed to find provider info for com.android.launcher2.settings
I/ActivityManager( 4115): Start proc com.android.camera2 for broadcast com.android.camera2/com.android.camera.DisableCameraReceiver: pid=5733 uid=10027 gids={50027, 9997, 3003, 1028, 1015} abi=armeabi-v7a
D/MccTable( 4970): updateMccMncConfiguration mccmnc='72234' fromServiceState=true
D/MccTable( 4970): updateMccMncConfiguration defaultMccMnc=
D/MccTable( 4970): updateMccMncConfiguration: mcc=722, mnc=34
D/MccTable( 4970): timezone set to Europe/Andorra
D/MccTable( 4970): getLocaleFromMcc to null_ar mcc=722
D/MccTable( 4970): getLocaleForLanguageCountry: skipping no language
D/MccTable( 4970): WIFI_COUNTRY_CODE set to ar
I/WifiService( 4115): WifiService trying to set country code to ar with persist set to true
E/Vold    ( 3672): Failed to find mounted volume for /storage/extSdCard/Android/data/com.android.camera2/cache/
W/Vold    ( 3672): Returning OperationFailed - no handler for errno 0
E/Vold    ( 3672): Failed to find mounted volume for /storage/extSdCard/Android/data/com.android.camera2/files/
W/Vold    ( 3672): Returning OperationFailed - no handler for errno 0
I/ActivityManager( 4115): Start proc com.android.gallery3d for broadcast com.android.gallery3d/com.android.camera.DisableCameraReceiver: pid=5761 uid=10036 gids={50036, 9997, 3003, 1028, 1015, 1023, 3002} abi=armeabi-v7a
E/ActivityThread( 4923): Service com.android.email.service.EmailBroadcastProcessorService has leaked ServiceConnection com.android.emailcommon.service.ServiceProxy$ProxyConnection@2689cf51 that was originally bound here
E/ActivityThread( 4923): android.app.ServiceConnectionLeaked: Service com.android.email.service.EmailBroadcastProcessorService has leaked ServiceConnection com.android.emailcommon.service.ServiceProxy$ProxyConnection@2689cf51 that was originally bound here
E/ActivityThread( 4923): 	at android.app.LoadedApk$ServiceDispatcher.<init>(LoadedApk.java:1073)
E/ActivityThread( 4923): 	at android.app.LoadedApk.getServiceDispatcher(LoadedApk.java:967)
E/ActivityThread( 4923): 	at android.app.ContextImpl.bindServiceCommon(ContextImpl.java:1808)
E/ActivityThread( 4923): 	at android.app.ContextImpl.bindService(ContextImpl.java:1791)
E/ActivityThread( 4923): 	at android.content.ContextWrapper.bindService(ContextWrapper.java:544)
E/ActivityThread( 4923): 	at com.android.emailcommon.service.ServiceProxy.setTask(ServiceProxy.java:184)
E/ActivityThread( 4923): 	at com.android.emailcommon.service.ServiceProxy.test(ServiceProxy.java:229)
E/ActivityThread( 4923): 	at com.android.email.service.EmailServiceUtils.isServiceAvailable(EmailServiceUtils.java:160)
E/ActivityThread( 4923): 	at com.android.email.provider.AccountReconciler.reconcileAccountsInternal(AccountReconciler.java:164)
E/ActivityThread( 4923): 	at com.android.email.provider.AccountReconciler.reconcileAccounts(AccountReconciler.java:113)
E/ActivityThread( 4923): 	at com.android.email.service.EmailBroadcastProcessorService.reconcileAndStartServices(EmailBroadcastProcessorService.java:305)
E/ActivityThread( 4923): 	at com.android.email.service.EmailBroadcastProcessorService.onBootCompleted(EmailBroadcastProcessorService.java:295)
E/ActivityThread( 4923): 	at com.android.email.service.EmailBroadcastProcessorService.onHandleIntent(EmailBroadcastProcessorService.java:130)
E/ActivityThread( 4923): 	at android.app.IntentService$ServiceHandler.handleMessage(IntentService.java:65)
E/ActivityThread( 4923): 	at android.os.Handler.dispatchMessage(Handler.java:102)
E/ActivityThread( 4923): 	at android.os.Looper.loop(Looper.java:135)
E/ActivityThread( 4923): 	at android.os.HandlerThread.run(HandlerThread.java:61)
I/ActivityManager( 4115): Killing 4803:com.cyanogenmod.lockclock/u0a42 (adj 15): empty #17
W/libprocessgroup( 4115): failed to open /acct/uid_10042/pid_4803/cgroup.procs: No such file or directory
W/BackupManagerService( 4115): dataChanged but no participant pkg='com.android.providers.settings' uid=10036
W/BackupManagerService( 4115): dataChanged but no participant pkg='com.android.providers.settings' uid=10009
W/BackupManagerService( 4115): dataChanged but no participant pkg='com.android.providers.settings' uid=10036
W/BackupManagerService( 4115): dataChanged but no participant pkg='com.android.providers.settings' uid=10036
I/ActivityManager( 4115): Killing 5230:com.cyanogenmod.eleven/u0a32 (adj 15): empty #17
W/libprocessgroup( 4115): failed to open /acct/uid_10032/pid_5230/cgroup.procs: No such file or directory
I/ActivityManager( 4115): Start proc com.cyanogenmod.lockclock for broadcast com.cyanogenmod.lockclock/.ClockWidgetProvider: pid=5789 uid=10042 gids={50042, 9997, 3003} abi=armeabi-v7a
I/ActivityManager( 4115): Killing 5372:com.android.keychain/1000 (adj 15): empty #17
W/libprocessgroup( 4115): failed to open /acct/uid_1000/pid_5372/cgroup.procs: No such file or directory
I/ActivityManager( 4115): Killing 5394:com.android.deskclock/u0a30 (adj 15): empty #17
W/libprocessgroup( 4115): failed to open /acct/uid_10030/pid_5394/cgroup.procs: No such file or directory
I/ActivityManager( 4115): Start proc org.whispersystems.whisperpush for broadcast org.whispersystems.whisperpush/.service.DirectoryRefreshListener: pid=5815 uid=10056 gids={50056, 9997, 3003} abi=armeabi-v7a
I/ActivityManager( 4115): Killing 5433:com.android.dialer/u0a8 (adj 15): empty #17
W/libprocessgroup( 4115): failed to open /acct/uid_10008/pid_5433/cgroup.procs: No such file or directory
W/ActivityManager( 4115): Unable to start service Intent { act=com.google.android.c2dm.intent.REGISTER pkg=com.google.android.gms (has extras) } U=0: not found
I/ActivityManager( 4115): Start proc com.android.cellbroadcastreceiver for broadcast com.android.cellbroadcastreceiver/.CellBroadcastReceiver: pid=5842 uid=10005 gids={50005, 9997} abi=armeabi-v7a
I/ActivityManager( 4115): Killing 4830:android.process.acore/u0a6 (adj 15): empty #17
W/libprocessgroup( 4115): failed to open /acct/uid_10006/pid_4830/cgroup.procs: No such file or directory
I/ActivityManager( 4115): Start proc com.android.deskclock for broadcast com.android.deskclock/.AlarmInitReceiver: pid=5871 uid=10030 gids={50030, 9997, 1028, 3003} abi=armeabi-v7a
I/ActivityManager( 4115): Process com.android.bluetooth (pid 5350) has died
W/BackupManagerService( 4115): dataChanged but no participant pkg='com.android.providers.settings' uid=10009
I/ActivityManager( 4115): Killing 5578:com.cyanogenmod.updater/u0a3 (adj 15): empty #17
W/libprocessgroup( 4115): failed to open /acct/uid_10003/pid_5578/cgroup.procs: No such file or directory
I/ActivityManager( 4115): Killing 5634:com.android.managedprovisioning/u0a11 (adj 15): empty #17
W/libprocessgroup( 4115): failed to open /acct/uid_10011/pid_5634/cgroup.procs: No such file or directory
--------- beginning of main
D/FFmpegExtractor( 3692): FFmpegExtrator, url: android-source:0xb2ffd4c0, format_name: ogg, format_long_name: Ogg
I/FFmpegExtractor( 3692): adjust mime(application/ogg -> audio/vorbis)
D/FFmpegExtractor( 3692): suppoted codec(vorbis) by official Stagefright
D/FFmpegExtractor( 3692): ffmpeg detected media content as 'audio/vorbis' with confidence 0.08
D/WVMDrmPlugIn( 3691): WVMDrmPlugin::onInitialize : 5448
D/WVMDrmPlugIn( 3691): WVMDrmPlugin::onSetOnInfoListener : add 5448
D/WVMDrmPlugIn( 3691): WVMDrmPlugin::onTerminate : 5448
I/FFmpegExtractor( 3692): android-source:0xb5712560
I/FFMPEG  ( 3692): Input #0, ogg, from 'android-source:0xb5712560':
I/FFMPEG  ( 3692):   Duration: 00:00:01.72, start: 0.000000, bitrate: 443 kb/s
I/FFMPEG  ( 3692):     Stream #0:0: Audio: vorbis, 44100 Hz, stereo, fltp, 450 kb/s
I/FFMPEG  ( 3692):     Metadata:
I/FFMPEG  ( 3692):       TITLE           : Rang
I/FFMPEG  ( 3692):       ENCODER         : FL Studio
D/FFmpegExtractor( 3692): FFmpegExtrator, url: android-source:0xb5712560, format_name: ogg, format_long_name: Ogg
I/FFmpegExtractor( 3692): adjust mime(application/ogg -> audio/vorbis)
D/FFmpegExtractor( 3692): suppoted codec(vorbis) by official Stagefright
D/FFmpegExtractor( 3692): ffmpeg detected media content as 'audio/vorbis' with confidence 0.08
D/WVMDrmPlugIn( 3691): WVMDrmPlugin::onInitialize : 8080
D/WVMDrmPlugIn( 3691): WVMDrmPlugin::onSetOnInfoListener : add 8080
D/WVMDrmPlugIn( 3691): WVMDrmPlugin::onTerminate : 8080
I/FFmpegExtractor( 3692): android-source:0xb2ffd4c0
I/FFMPEG  ( 3692): Input #0, ogg, from 'android-source:0xb2ffd4c0':
I/FFMPEG  ( 3692):   Duration: 00:00:00.81, start: 0.000000, bitrate: 222 kb/s
I/FFMPEG  ( 3692):     Stream #0:0: Audio: vorbis, 44100 Hz, stereo, fltp, 224 kb/s
I/FFMPEG  ( 3692):     Metadata:
I/FFMPEG  ( 3692):       TITLE           : Rhea
D/FFmpegExtractor( 3692): FFmpegExtrator, url: android-source:0xb2ffd4c0, format_name: ogg, format_long_name: Ogg
I/FFmpegExtractor( 3692): adjust mime(application/ogg -> audio/vorbis)
D/FFmpegExtractor( 3692): suppoted codec(vorbis) by official Stagefright
D/FFmpegExtractor( 3692): ffmpeg detected media content as 'audio/vorbis' with confidence 0.08
D/WVMDrmPlugIn( 3691): WVMDrmPlugin::onInitialize : 6135
D/WVMDrmPlugIn( 3691): WVMDrmPlugin::onSetOnInfoListener : add 6135
D/WVMDrmPlugIn( 3691): WVMDrmPlugin::onTerminate : 6135
I/FFmpegExtractor( 3692): android-source:0xb2ffd740
I/FFMPEG  ( 3692): Input #0, ogg, from 'android-source:0xb2ffd740':
I/FFMPEG  ( 3692):   Duration: 00:00:01.80, start: 0.000000, bitrate: 94 kb/s
I/FFMPEG  ( 3692):     Stream #0:0: Audio: vorbis, 44100 Hz, stereo, fltp, 112 kb/s
I/FFMPEG  ( 3692):     Metadata:
I/FFMPEG  ( 3692):       ANDROID_LOOP    : false
I/FFMPEG  ( 3692):       TITLE           : Rubidium
D/FFmpegExtractor( 3692): FFmpegExtrator, url: android-source:0xb2ffd740, format_name: ogg, format_long_name: Ogg
I/FFmpegExtractor( 3692): adjust mime(application/ogg -> audio/vorbis)
D/FFmpegExtractor( 3692): suppoted codec(vorbis) by official Stagefright
D/FFmpegExtractor( 3692): ffmpeg detected media content as 'audio/vorbis' with confidence 0.08
D/WVMDrmPlugIn( 3691): WVMDrmPlugin::onInitialize : 5694
D/WVMDrmPlugIn( 3691): WVMDrmPlugin::onSetOnInfoListener : add 5694
D/WVMDrmPlugIn( 3691): WVMDrmPlugin::onTerminate : 5694
I/FFmpegExtractor( 3692): android-source:0xb2ffd8d0
I/FFMPEG  ( 3692): Input #0, ogg, from 'android-source:0xb2ffd8d0':
I/FFMPEG  ( 3692):   Duration: 00:00:01.49, start: 0.000000, bitrate: 217 kb/s
I/FFMPEG  ( 3692):     Stream #0:0: Audio: vorbis, 44100 Hz, stereo, fltp, 224 kb/s
I/FFMPEG  ( 3692):     Metadata:
I/FFMPEG  ( 3692):       TITLE           : Salacia
D/FFmpegExtractor( 3692): FFmpegExtrator, url: android-source:0xb2ffd8d0, format_name: ogg, format_long_name: Ogg
I/FFmpegExtractor( 3692): adjust mime(application/ogg -> audio/vorbis)
D/FFmpegExtractor( 3692): suppoted codec(vorbis) by official Stagefright
D/FFmpegExtractor( 3692): ffmpeg detected media content as 'audio/vorbis' with confidence 0.08
D/WVMDrmPlugIn( 3691): WVMDrmPlugin::onInitialize : 5186
D/WVMDrmPlugIn( 3691): WVMDrmPlugin::onSetOnInfoListener : add 5186
D/WVMDrmPlugIn( 3691): WVMDrmPlugin::onTerminate : 5186
I/FFmpegExtractor( 3692): android-source:0xb2ffd380
I/FFMPEG  ( 3692): Input #0, ogg, from 'android-source:0xb2ffd380':
I/FFMPEG  ( 3692):   Duration: 00:00:01.00, start: 0.000000, bitrate: 87 kb/s
I/FFMPEG  ( 3692):     Stream #0:0: Audio: vorbis, 44100 Hz, stereo, fltp, 112 kb/s
D/FFmpegExtractor( 3692): FFmpegExtrator, url: android-source:0xb2ffd380, format_name: ogg, format_long_name: Ogg
I/FFmpegExtractor( 3692): adjust mime(application/ogg -> audio/vorbis)
D/FFmpegExtractor( 3692): suppoted codec(vorbis) by official Stagefright
D/FFmpegExtractor( 3692): ffmpeg detected media content as 'audio/vorbis' with confidence 0.08
I/InputReader( 4115): Reconfiguring input devices.  changes=0x00000020
W/Launcher.Model( 5275): Nobody to tell about the new app.  Launcher is probably loading.
D/WVMDrmPlugIn( 3691): WVMDrmPlugin::onInitialize : 6150
D/WVMDrmPlugIn( 3691): WVMDrmPlugin::onSetOnInfoListener : add 6150
D/WVMDrmPlugIn( 3691): WVMDrmPlugin::onTerminate : 6150
I/FFmpegExtractor( 3692): android-source:0xb5712470
I/FFMPEG  ( 3692): Input #0, ogg, from 'android-source:0xb5712470':
I/FFMPEG  ( 3692):   Duration: 00:00:01.37, start: 0.000000, bitrate: 141 kb/s
I/FFMPEG  ( 3692):     Stream #0:0: Audio: vorbis, 44100 Hz, stereo, fltp, 112 kb/s
I/FFMPEG  ( 3692):     Metadata:
I/FFMPEG  ( 3692):       TITLE           : Shaula
D/FFmpegExtractor( 3692): FFmpegExtrator, url: android-source:0xb5712470, format_name: ogg, format_long_name: Ogg
I/FFmpegExtractor( 3692): adjust mime(application/ogg -> audio/vorbis)
D/FFmpegExtractor( 3692): suppoted codec(vorbis) by official Stagefright
D/FFmpegExtractor( 3692): ffmpeg detected media content as 'audio/vorbis' with confidence 0.08
W/Searchables( 4115): No global search activity found
I/ActivityManager( 4115): Start proc android.process.acore for broadcast com.android.providers.contacts/.PackageIntentReceiver: pid=5909 uid=10006 gids={50006, 9997, 3003, 1028, 1015} abi=armeabi-v7a
I/InputReader( 4115): Reconfiguring input devices.  changes=0x00000020
D/BackupManagerService( 4115): Received broadcast Intent { act=android.intent.action.PACKAGE_CHANGED dat=package:com.android.camera2 flg=0x4000010 (has extras) }
I/InputReader( 4115): Reconfiguring input devices.  changes=0x00000020
W/Searchables( 4115): No global search activity found
W/Launcher.Model( 5275): Nobody to tell about the new app.  Launcher is probably loading.
I/InputReader( 4115): Reconfiguring input devices.  changes=0x00000020
I/InputReader( 4115): Reconfiguring input devices.  changes=0x00000020
I/InputReader( 4115): Reconfiguring input devices.  changes=0x00000020
I/InputReader( 4115): Reconfiguring input devices.  changes=0x00000020
I/InputReader( 4115): Reconfiguring input devices.  changes=0x00000020
D/WVMDrmPlugIn( 3691): WVMDrmPlugin::onInitialize : 4579
D/WVMDrmPlugIn( 3691): WVMDrmPlugin::onSetOnInfoListener : add 4579
D/WVMDrmPlugIn( 3691): WVMDrmPlugin::onTerminate : 4579
I/FFmpegExtractor( 3692): android-source:0xb57126a0
I/FFMPEG  ( 3692): Input #0, ogg, from 'android-source:0xb57126a0':
I/FFMPEG  ( 3692):   Duration: 00:00:01.31, start: 0.000000, bitrate: 128 kb/s
I/FFMPEG  ( 3692):     Stream #0:0: Audio: vorbis, 44100 Hz, stereo, fltp, 112 kb/s
I/FFMPEG  ( 3692):     Metadata:
I/FFMPEG  ( 3692):       TITLE           : Sirrah
D/FFmpegExtractor( 3692): FFmpegExtrator, url: android-source:0xb57126a0, format_name: ogg, format_long_name: Ogg
I/FFmpegExtractor( 3692): adjust mime(application/ogg -> audio/vorbis)
D/FFmpegExtractor( 3692): suppoted codec(vorbis) by official Stagefright
D/FFmpegExtractor( 3692): ffmpeg detected media content as 'audio/vorbis' with confidence 0.08
W/Launcher.Model( 5275): Nobody to tell about the new app.  Launcher is probably loading.
D/BackupManagerService( 4115): Received broadcast Intent { act=android.intent.action.PACKAGE_CHANGED dat=package:com.android.phone flg=0x4000010 (has extras) }
D/BackupManagerService( 4115): Received broadcast Intent { act=android.intent.action.PACKAGE_CHANGED dat=package:com.android.gallery3d flg=0x4000010 (has extras) }
D/BackupManagerService( 4115): Received broadcast Intent { act=android.intent.action.PACKAGE_CHANGED dat=package:com.android.calendar flg=0x4000010 (has extras) }
D/BackupManagerService( 4115): Received broadcast Intent { act=android.intent.action.PACKAGE_CHANGED dat=package:com.android.email flg=0x4000010 (has extras) }
D/WVMDrmPlugIn( 3691): WVMDrmPlugin::onInitialize : 5519
D/WVMDrmPlugIn( 3691): WVMDrmPlugin::onSetOnInfoListener : add 5519
D/WVMDrmPlugIn( 3691): WVMDrmPlugin::onTerminate : 5519
I/FFmpegExtractor( 3692): android-source:0xb2effc90
D/BackupManagerService( 4115): Received broadcast Intent { act=android.intent.action.PACKAGE_CHANGED dat=package:com.android.settings flg=0x4000010 (has extras) }
I/FFMPEG  ( 3692): Input #0, ogg, from 'android-source:0xb2effc90':
I/FFMPEG  ( 3692):   Duration: 00:00:02.88, start: 0.000000, bitrate: 72 kb/s
I/FFMPEG  ( 3692):     Stream #0:0: Audio: vorbis, 44100 Hz, mono, fltp, 75 kb/s
I/FFMPEG  ( 3692):     Metadata:
I/FFMPEG  ( 3692):       COPYRIGHT       : Copyright (c) 2009 Android Open Source Project
I/FFMPEG  ( 3692):       TITLE           : Space Seed
I/FFMPEG  ( 3692):       ARTIST          : Dave Sparks
D/FFmpegExtractor( 3692): FFmpegExtrator, url: android-source:0xb2effc90, format_name: ogg, format_long_name: Ogg
I/FFmpegExtractor( 3692): adjust mime(application/ogg -> audio/vorbis)
D/FFmpegExtractor( 3692): suppoted codec(vorbis) by official Stagefright
D/FFmpegExtractor( 3692): ffmpeg detected media content as 'audio/vorbis' with confidence 0.08
D/BackupManagerService( 4115): Received broadcast Intent { act=android.intent.action.PACKAGE_CHANGED dat=package:com.android.stk flg=0x4000010 (has extras) }
D/BackupManagerService( 4115): Received broadcast Intent { act=android.intent.action.PACKAGE_CHANGED dat=package:com.android.inputmethod.latin flg=0x4000010 (has extras) }
W/Searchables( 4115): No global search activity found
W/Searchables( 4115): No global search activity found
W/Searchables( 4115): No global search activity found
W/Searchables( 4115): No global search activity found
W/Searchables( 4115): No global search activity found
W/Launcher.Model( 5275): Nobody to tell about the new app.  Launcher is probably loading.
W/Searchables( 4115): No global search activity found
W/Launcher.Model( 5275): Nobody to tell about the new app.  Launcher is probably loading.
W/Launcher.Model( 5275): Nobody to tell about the new app.  Launcher is probably loading.
W/Launcher.Model( 5275): Nobody to tell about the new app.  Launcher is probably loading.
W/Launcher.Model( 5275): Nobody to tell about the new app.  Launcher is probably loading.
D/WVMDrmPlugIn( 3691): WVMDrmPlugin::onInitialize : 7637
D/WVMDrmPlugIn( 3691): WVMDrmPlugin::onSetOnInfoListener : add 7637
D/WVMDrmPlugIn( 3691): WVMDrmPlugin::onTerminate : 7637
I/FFmpegExtractor( 3692): android-source:0xb2efff10
I/FFMPEG  ( 3692): Input #0, ogg, from 'android-source:0xb2efff10':
I/FFMPEG  ( 3692):   Duration: 00:00:00.90, start: 0.000000, bitrate: 80 kb/s
I/FFMPEG  ( 3692):     Stream #0:0: Audio: vorbis, 44100 Hz, stereo, fltp, 112 kb/s
I/FFMPEG  ( 3692):     Metadata:
I/FFMPEG  ( 3692):       TITLE           : Spica
D/FFmpegExtractor( 3692): FFmpegExtrator, url: android-source:0xb2efff10, format_name: ogg, format_long_name: Ogg
I/FFmpegExtractor( 3692): adjust mime(application/ogg -> audio/vorbis)
D/FFmpegExtractor( 3692): suppoted codec(vorbis) by official Stagefright
D/FFmpegExtractor( 3692): ffmpeg detected media content as 'audio/vorbis' with confidence 0.08
W/Launcher( 5275): setApplicationContext called twice! old=com.android.launcher3.LauncherApplication@31586218 new=com.android.launcher3.LauncherApplication@31586218
W/Launcher( 5275): setApplicationContext called twice! old=com.android.launcher3.LauncherApplication@31586218 new=com.android.launcher3.LauncherApplication@31586218
W/Launcher( 5275): setApplicationContext called twice! old=com.android.launcher3.LauncherApplication@31586218 new=com.android.launcher3.LauncherApplication@31586218
I/ContactLocale( 5909): AddressBook Labels [en-US]: [, A, B, C, D, E, F, G, H, I, J, K, L, M, N, O, P, Q, R, S, T, U, V, W, X, Y, Z, , , , , , , , , , , , , , , , , , , , , , , , , , , , , , , , , , , , , , , , , , , , , , , , , , , , , , , , , , , , , , , , , , , , , , , , , , , , , , , , , , , , , , , , , , , , , , , , , , , , , , , , , , , , , , , , , , , , , , , , , , , , , , , , , , , , , , , , , , , , , , , , , , , , , , , , , , , , , , , , , , , , , , , , , , , , , , , , , , , , , , , , , , , , #, ]
W/Launcher( 5275): setApplicationContext called twice! old=com.android.launcher3.LauncherApplication@31586218 new=com.android.launcher3.LauncherApplication@31586218
W/Launcher( 5275): setApplicationContext called twice! old=com.android.launcher3.LauncherApplication@31586218 new=com.android.launcher3.LauncherApplication@31586218
W/Launcher( 5275): setApplicationContext called twice! old=com.android.launcher3.LauncherApplication@31586218 new=com.android.launcher3.LauncherApplication@31586218
W/Launcher( 5275): setApplicationContext called twice! old=com.android.launcher3.LauncherApplication@31586218 new=com.android.launcher3.LauncherApplication@31586218
W/Launcher( 5275): setApplicationContext called twice! old=com.android.launcher3.LauncherApplication@31586218 new=com.android.launcher3.LauncherApplication@31586218
D/WVMDrmPlugIn( 3691): WVMDrmPlugin::onInitialize : 5266
D/WVMDrmPlugIn( 3691): WVMDrmPlugin::onSetOnInfoListener : add 5266
D/WVMDrmPlugIn( 3691): WVMDrmPlugin::onTerminate : 5266
I/FFmpegExtractor( 3692): android-source:0xb2efffb0
I/FFMPEG  ( 3692): Input #0, ogg, from 'android-source:0xb2efffb0':
I/FFMPEG  ( 3692):   Duration: 00:00:01.88, start: 0.000000, bitrate: 239 kb/s
I/FFMPEG  ( 3692):     Stream #0:0: Audio: vorbis, 44100 Hz, stereo, fltp, 450 kb/s
I/FFMPEG  ( 3692):     Metadata:
I/FFMPEG  ( 3692):       TITLE           : Stone
I/FFMPEG  ( 3692):       ENCODER         : FL Studio
D/FFmpegExtractor( 3692): FFmpegExtrator, url: android-source:0xb2efffb0, format_name: ogg, format_long_name: Ogg
I/FFmpegExtractor( 3692): adjust mime(application/ogg -> audio/vorbis)
D/FFmpegExtractor( 3692): suppoted codec(vorbis) by official Stagefright
D/FFmpegExtractor( 3692): ffmpeg detected media content as 'audio/vorbis' with confidence 0.08
E/SQLiteLog( 5608): (284) automatic index on view_events(_id)
I/ActivityManager( 4115): Killing 5695:com.android.onetimeinitializer/u0a13 (adj 15): empty #17
D/WVMDrmPlugIn( 3691): WVMDrmPlugin::onInitialize : 6762
D/WVMDrmPlugIn( 3691): WVMDrmPlugin::onSetOnInfoListener : add 6762
D/WVMDrmPlugIn( 3691): WVMDrmPlugin::onTerminate : 6762
I/FFmpegExtractor( 3692): android-source:0xb2effc90
I/FFMPEG  ( 3692): Input #0, ogg, from 'android-source:0xb2effc90':
I/FFMPEG  ( 3692):   Duration: 00:00:03.00, start: 0.000000, bitrate: 104 kb/s
I/FFMPEG  ( 3692):     Stream #0:0: Audio: vorbis, 44100 Hz, stereo, fltp, 112 kb/s
I/FFMPEG  ( 3692):     Metadata:
I/FFMPEG  ( 3692):       ANDROID_LOOP    : false
I/FFMPEG  ( 3692):       TITLE           : Strontium
D/FFmpegExtractor( 3692): FFmpegExtrator, url: android-source:0xb2effc90, format_name: ogg, format_long_name: Ogg
I/FFmpegExtractor( 3692): adjust mime(application/ogg -> audio/vorbis)
D/FFmpegExtractor( 3692): suppoted codec(vorbis) by official Stagefright
D/FFmpegExtractor( 3692): ffmpeg detected media content as 'audio/vorbis' with confidence 0.08
D/WVMDrmPlugIn( 3691): WVMDrmPlugin::onInitialize : 5166
D/WVMDrmPlugIn( 3691): WVMDrmPlugin::onSetOnInfoListener : add 5166
D/WVMDrmPlugIn( 3691): WVMDrmPlugin::onTerminate : 5166
I/FFmpegExtractor( 3692): android-source:0xb5712060
I/FFMPEG  ( 3692): Input #0, ogg, from 'android-source:0xb5712060':
I/FFMPEG  ( 3692):   Duration: 00:00:00.75, start: 0.000000, bitrate: 90 kb/s
I/FFMPEG  ( 3692):     Stream #0:0: Audio: vorbis, 44100 Hz, mono, fltp, 70 kb/s
I/FFMPEG  ( 3692):     Metadata:
I/FFMPEG  ( 3692):       ANDROID_LOOP    : false
I/FFMPEG  ( 3692):       TITLE           : Syrma
D/FFmpegExtractor( 3692): FFmpegExtrator, url: android-source:0xb5712060, format_name: ogg, format_long_name: Ogg
I/FFmpegExtractor( 3692): adjust mime(application/ogg -> audio/vorbis)
D/FFmpegExtractor( 3692): suppoted codec(vorbis) by official Stagefright
D/FFmpegExtractor( 3692): ffmpeg detected media content as 'audio/vorbis' with confidence 0.08
W/libprocessgroup( 4115): failed to open /acct/uid_10013/pid_5695/cgroup.procs: No such file or directory
D/WVMDrmPlugIn( 3691): WVMDrmPlugin::onInitialize : 5420
D/WVMDrmPlugIn( 3691): WVMDrmPlugin::onSetOnInfoListener : add 5420
D/WVMDrmPlugIn( 3691): WVMDrmPlugin::onTerminate : 5420
I/FFmpegExtractor( 3692): android-source:0xb2effa10
I/FFMPEG  ( 3692): Input #0, ogg, from 'android-source:0xb2effa10':
I/FFMPEG  ( 3692):   Duration: 00:00:03.29, start: 0.000000, bitrate: 105 kb/s
I/FFMPEG  ( 3692):     Stream #0:0: Audio: vorbis, 48000 Hz, stereo, fltp, 112 kb/s
I/FFMPEG  ( 3692):     Metadata:
I/FFMPEG  ( 3692):       TITLE           : Ta Da
D/FFmpegExtractor( 3692): FFmpegExtrator, url: android-source:0xb2effa10, format_name: ogg, format_long_name: Ogg
I/FFmpegExtractor( 3692): adjust mime(application/ogg -> audio/vorbis)
D/FFmpegExtractor( 3692): suppoted codec(vorbis) by official Stagefright
D/FFmpegExtractor( 3692): ffmpeg detected media content as 'audio/vorbis' with confidence 0.08
D/WVMDrmPlugIn( 3691): WVMDrmPlugin::onInitialize : 8036
D/WVMDrmPlugIn( 3691): WVMDrmPlugin::onSetOnInfoListener : add 8036
D/WVMDrmPlugIn( 3691): WVMDrmPlugin::onTerminate : 8036
I/FFmpegExtractor( 3692): android-source:0xb2ffdb00
I/FFMPEG  ( 3692): Input #0, ogg, from 'android-source:0xb2ffdb00':
I/FFMPEG  ( 3692):   Duration: 00:00:01.13, start: 0.000000, bitrate: 74 kb/s
I/FFMPEG  ( 3692):     Stream #0:0: Audio: vorbis, 44100 Hz, mono, fltp, 70 kb/s
I/FFMPEG  ( 3692):     Metadata:
I/FFMPEG  ( 3692):       ANDROID_LOOP    : false
I/FFMPEG  ( 3692):       TITLE           : Talitha
D/FFmpegExtractor( 3692): FFmpegExtrator, url: android-source:0xb2ffdb00, format_name: ogg, format_long_name: Ogg
I/FFmpegExtractor( 3692): adjust mime(application/ogg -> audio/vorbis)
D/FFmpegExtractor( 3692): suppoted codec(vorbis) by official Stagefright
D/FFmpegExtractor( 3692): ffmpeg detected media content as 'audio/vorbis' with confidence 0.08
D/WVMDrmPlugIn( 3691): WVMDrmPlugin::onInitialize : 7030
D/WVMDrmPlugIn( 3691): WVMDrmPlugin::onSetOnInfoListener : add 7030
D/WVMDrmPlugIn( 3691): WVMDrmPlugin::onTerminate : 7030
I/FFmpegExtractor( 3692): android-source:0xb2ffdbf0
I/FFMPEG  ( 3692): Input #0, ogg, from 'android-source:0xb2ffdbf0':
I/FFMPEG  ( 3692):   Duration: 00:00:01.20, start: 0.000000, bitrate: 105 kb/s
I/FFMPEG  ( 3692):     Stream #0:0: Audio: vorbis, 44100 Hz, stereo, fltp, 112 kb/s
I/FFMPEG  ( 3692):     Metadata:
I/FFMPEG  ( 3692):       TITLE           : Tejat
D/FFmpegExtractor( 3692): FFmpegExtrator, url: android-source:0xb2ffdbf0, format_name: ogg, format_long_name: Ogg
I/FFmpegExtractor( 3692): adjust mime(application/ogg -> audio/vorbis)
D/FFmpegExtractor( 3692): suppoted codec(vorbis) by official Stagefright
D/FFmpegExtractor( 3692): ffmpeg detected media content as 'audio/vorbis' with confidence 0.08
D/WVMDrmPlugIn( 3691): WVMDrmPlugin::onInitialize : 7192
D/WVMDrmPlugIn( 3691): WVMDrmPlugin::onSetOnInfoListener : add 7192
D/WVMDrmPlugIn( 3691): WVMDrmPlugin::onTerminate : 7192
I/FFmpegExtractor( 3692): android-source:0xb2ffdd30
I/FFMPEG  ( 3692): Input #0, ogg, from 'android-source:0xb2ffdd30':
I/FFMPEG  ( 3692):   Duration: 00:00:01.26, start: 0.000000, bitrate: 254 kb/s
I/FFMPEG  ( 3692):     Stream #0:0: Audio: vorbis, 44100 Hz, stereo, fltp, 224 kb/s
I/FFMPEG  ( 3692):     Metadata:
I/FFMPEG  ( 3692):       TITLE           : Tethys
D/FFmpegExtractor( 3692): FFmpegExtrator, url: android-source:0xb2ffdd30, format_name: ogg, format_long_name: Ogg
I/FFmpegExtractor( 3692): adjust mime(application/ogg -> audio/vorbis)
D/FFmpegExtractor( 3692): suppoted codec(vorbis) by official Stagefright
D/FFmpegExtractor( 3692): ffmpeg detected media content as 'audio/vorbis' with confidence 0.08
D/WVMDrmPlugIn( 3691): WVMDrmPlugin::onInitialize : 5967
D/WVMDrmPlugIn( 3691): WVMDrmPlugin::onSetOnInfoListener : add 5967
D/WVMDrmPlugIn( 3691): WVMDrmPlugin::onTerminate : 5967
I/FFmpegExtractor( 3692): android-source:0xb2ffdf10
I/FFMPEG  ( 3692): Input #0, ogg, from 'android-source:0xb2ffdf10':
I/FFMPEG  ( 3692):   Duration: 00:00:01.37, start: 0.000000, bitrate: 106 kb/s
I/FFMPEG  ( 3692):     Stream #0:0: Audio: vorbis, 44100 Hz, stereo, fltp, 112 kb/s
I/FFMPEG  ( 3692):     Metadata:
I/FFMPEG  ( 3692):       ANDROID_LOOP    : false
I/FFMPEG  ( 3692):       TITLE           : Thallium
D/FFmpegExtractor( 3692): FFmpegExtrator, url: android-source:0xb2ffdf10, format_name: ogg, format_long_name: Ogg
I/FFmpegExtractor( 3692): adjust mime(application/ogg -> audio/vorbis)
D/FFmpegExtractor( 3692): suppoted codec(vorbis) by official Stagefright
D/FFmpegExtractor( 3692): ffmpeg detected media content as 'audio/vorbis' with confidence 0.08
D/WVMDrmPlugIn( 3691): WVMDrmPlugin::onInitialize : 4261
D/WVMDrmPlugIn( 3691): WVMDrmPlugin::onSetOnInfoListener : add 4261
D/WVMDrmPlugIn( 3691): WVMDrmPlugin::onTerminate : 4261
I/FFmpegExtractor( 3692): android-source:0xb2ffdfb0
I/FFMPEG  ( 3692): Input #0, ogg, from 'android-source:0xb2ffdfb0':
I/FFMPEG  ( 3692):   Duration: 00:00:01.10, start: 0.000000, bitrate: 137 kb/s
I/FFMPEG  ( 3692):     Stream #0:0: Audio: vorbis, 48000 Hz, stereo, fltp, 112 kb/s
I/FFMPEG  ( 3692):     Metadata:
I/FFMPEG  ( 3692):       TITLE           : Tinkerbell
D/FFmpegExtractor( 3692): FFmpegExtrator, url: android-source:0xb2ffdfb0, format_name: ogg, format_long_name: Ogg
I/FFmpegExtractor( 3692): adjust mime(application/ogg -> audio/vorbis)
D/FFmpegExtractor( 3692): suppoted codec(vorbis) by official Stagefright
D/FFmpegExtractor( 3692): ffmpeg detected media content as 'audio/vorbis' with confidence 0.08
D/WVMDrmPlugIn( 3691): WVMDrmPlugin::onInitialize : 6302
D/WVMDrmPlugIn( 3691): WVMDrmPlugin::onSetOnInfoListener : add 6302
D/WVMDrmPlugIn( 3691): WVMDrmPlugin::onTerminate : 6302
I/FFmpegExtractor( 3692): android-source:0xb369d380
I/FFMPEG  ( 3692): Input #0, ogg, from 'android-source:0xb369d380':
I/FFMPEG  ( 3692):   Duration: 00:00:01.02, start: 0.000000, bitrate: 253 kb/s
I/FFMPEG  ( 3692):     Stream #0:0: Audio: vorbis, 44100 Hz, stereo, fltp, 224 kb/s
I/FFMPEG  ( 3692):     Metadata:
I/FFMPEG  ( 3692):       TITLE           : Titan
D/FFmpegExtractor( 3692): FFmpegExtrator, url: android-source:0xb369d380, format_name: ogg, format_long_name: Ogg
I/FFmpegExtractor( 3692): adjust mime(application/ogg -> audio/vorbis)
D/FFmpegExtractor( 3692): suppoted codec(vorbis) by official Stagefright
D/FFmpegExtractor( 3692): ffmpeg detected media content as 'audio/vorbis' with confidence 0.08
D/WVMDrmPlugIn( 3691): WVMDrmPlugin::onInitialize : 7639
D/WVMDrmPlugIn( 3691): WVMDrmPlugin::onSetOnInfoListener : add 7639
D/WVMDrmPlugIn( 3691): WVMDrmPlugin::onTerminate : 7639
I/FFmpegExtractor( 3692): android-source:0xb2ffdfb0
I/FFMPEG  ( 3692): Input #0, ogg, from 'android-source:0xb2ffdfb0':
I/FFMPEG  ( 3692):   Duration: 00:00:01.60, start: 0.000000, bitrate: 120 kb/s
I/FFMPEG  ( 3692):     Stream #0:0: Audio: vorbis, 44100 Hz, stereo, fltp, 112 kb/s
I/FFMPEG  ( 3692):     Metadata:
I/FFMPEG  ( 3692):       TITLE           : Upsilon
D/FFmpegExtractor( 3692): FFmpegExtrator, url: android-source:0xb2ffdfb0, format_name: ogg, format_long_name: Ogg
I/FFmpegExtractor( 3692): adjust mime(application/ogg -> audio/vorbis)
D/FFmpegExtractor( 3692): suppoted codec(vorbis) by official Stagefright
D/FFmpegExtractor( 3692): ffmpeg detected media content as 'audio/vorbis' with confidence 0.08
D/WVMDrmPlugIn( 3691): WVMDrmPlugin::onInitialize : 8094
D/WVMDrmPlugIn( 3691): WVMDrmPlugin::onSetOnInfoListener : add 8094
D/WVMDrmPlugIn( 3691): WVMDrmPlugin::onTerminate : 8094
I/FFmpegExtractor( 3692): android-source:0xb369d5b0
I/FFMPEG  ( 3692): Input #0, ogg, from 'android-source:0xb369d5b0':
I/FFMPEG  ( 3692):   Duration: 00:00:04.38, start: 0.000000, bitrate: 53 kb/s
I/FFMPEG  ( 3692):     Stream #0:0: Audio: vorbis, 44100 Hz, mono, fltp, 96 kb/s
I/FFMPEG  ( 3692):     Metadata:
I/FFMPEG  ( 3692):       ARTIST          : Unknown
I/FFMPEG  ( 3692):       TITLE           : Vega
I/FFMPEG  ( 3692):       REPLAYGAIN_TRACK_PEAK: 0.000000
I/FFMPEG  ( 3692):       REPLAYGAIN_ALBUM_GAIN: 0.000000
I/FFMPEG  ( 3692):       REPLAYGAIN_ALBUM_PEAK: 0.000000
I/FFMPEG  ( 3692):       disc            : 0
I/FFMPEG  ( 3692):       REPLAYGAIN_TRACK_GAIN: 0.000000
I/FFMPEG  ( 3692):       ANDROID_LOOP    : false
I/FFMPEG  ( 3692):     Side data:
I/FFMPEG  ( 3692):       replaygain: track gain - 0.000000, track peak - unknown, album gain - 0.000000, album peak - unknown, 
D/FFmpegExtractor( 3692): FFmpegExtrator, url: android-source:0xb369d5b0, format_name: ogg, format_long_name: Ogg
I/FFmpegExtractor( 3692): adjust mime(application/ogg -> audio/vorbis)
D/FFmpegExtractor( 3692): suppoted codec(vorbis) by official Stagefright
D/FFmpegExtractor( 3692): ffmpeg detected media content as 'audio/vorbis' with confidence 0.08
D/WVMDrmPlugIn( 3691): WVMDrmPlugin::onInitialize : 5968
D/WVMDrmPlugIn( 3691): WVMDrmPlugin::onSetOnInfoListener : add 5968
D/WVMDrmPlugIn( 3691): WVMDrmPlugin::onTerminate : 5968
I/FFmpegExtractor( 3692): android-source:0xb2ffddd0
I/FFMPEG  ( 3692): Input #0, ogg, from 'android-source:0xb2ffddd0':
I/FFMPEG  ( 3692):   Duration: 00:00:01.92, start: 0.000000, bitrate: 68 kb/s
I/FFMPEG  ( 3692):     Stream #0:0: Audio: vorbis, 44100 Hz, mono, fltp, 80 kb/s
I/FFMPEG  ( 3692):     Metadata:
I/FFMPEG  ( 3692):       ARTIST          : Dr. MAD
I/FFMPEG  ( 3692):       TITLE           : Voila
D/FFmpegExtractor( 3692): FFmpegExtrator, url: android-source:0xb2ffddd0, format_name: ogg, format_long_name: Ogg
I/FFmpegExtractor( 3692): adjust mime(application/ogg -> audio/vorbis)
D/FFmpegExtractor( 3692): suppoted codec(vorbis) by official Stagefright
D/FFmpegExtractor( 3692): ffmpeg detected media content as 'audio/vorbis' with confidence 0.08
D/WVMDrmPlugIn( 3691): WVMDrmPlugin::onInitialize : 6502
D/WVMDrmPlugIn( 3691): WVMDrmPlugin::onSetOnInfoListener : add 6502
D/WVMDrmPlugIn( 3691): WVMDrmPlugin::onTerminate : 6502
I/FFmpegExtractor( 3692): android-source:0xb2ffdc40
I/FFMPEG  ( 3692): Input #0, ogg, from 'android-source:0xb2ffdc40':
I/FFMPEG  ( 3692):   Duration: 00:00:02.00, start: 0.000000, bitrate: 111 kb/s
I/FFMPEG  ( 3692):     Stream #0:0: Audio: vorbis, 44100 Hz, stereo, fltp, 112 kb/s
I/FFMPEG  ( 3692):     Metadata:
I/FFMPEG  ( 3692):       ANDROID_LOOP    : false
I/FFMPEG  ( 3692):       TITLE           : Xenon
D/FFmpegExtractor( 3692): FFmpegExtrator, url: android-source:0xb2ffdc40, format_name: ogg, format_long_name: Ogg
I/FFmpegExtractor( 3692): adjust mime(application/ogg -> audio/vorbis)
D/FFmpegExtractor( 3692): suppoted codec(vorbis) by official Stagefright
D/FFmpegExtractor( 3692): ffmpeg detected media content as 'audio/vorbis' with confidence 0.08
D/WVMDrmPlugIn( 3691): WVMDrmPlugin::onInitialize : 7072
D/WVMDrmPlugIn( 3691): WVMDrmPlugin::onSetOnInfoListener : add 7072
D/WVMDrmPlugIn( 3691): WVMDrmPlugin::onTerminate : 7072
I/FFmpegExtractor( 3692): android-source:0xb2ffda60
I/FFMPEG  ( 3692): Input #0, ogg, from 'android-source:0xb2ffda60':
I/FFMPEG  ( 3692):   Duration: 00:00:01.20, start: 0.000000, bitrate: 84 kb/s
I/FFMPEG  ( 3692):     Stream #0:0: Audio: vorbis, 44100 Hz, stereo, fltp, 112 kb/s
D/FFmpegExtractor( 3692): FFmpegExtrator, url: android-source:0xb2ffda60, format_name: ogg, format_long_name: Ogg
I/FFmpegExtractor( 3692): adjust mime(application/ogg -> audio/vorbis)
D/FFmpegExtractor( 3692): suppoted codec(vorbis) by official Stagefright
D/FFmpegExtractor( 3692): ffmpeg detected media content as 'audio/vorbis' with confidence 0.08
D/WVMDrmPlugIn( 3691): WVMDrmPlugin::onInitialize : 6836
D/WVMDrmPlugIn( 3691): WVMDrmPlugin::onSetOnInfoListener : add 6836
D/WVMDrmPlugIn( 3691): WVMDrmPlugin::onTerminate : 6836
I/FFmpegExtractor( 3692): android-source:0xb2ffda10
I/FFMPEG  ( 3692): Input #0, ogg, from 'android-source:0xb2ffda10':
I/FFMPEG  ( 3692):   Duration: 00:00:01.87, start: 0.000000, bitrate: 69 kb/s
I/FFMPEG  ( 3692):     Stream #0:0: Audio: vorbis, 48000 Hz, mono, fltp, 70 kb/s
I/FFMPEG  ( 3692):     Metadata:
I/FFMPEG  ( 3692):       TITLE           : Moonbeam
D/FFmpegExtractor( 3692): FFmpegExtrator, url: android-source:0xb2ffda10, format_name: ogg, format_long_name: Ogg
I/FFmpegExtractor( 3692): adjust mime(application/ogg -> audio/vorbis)
D/FFmpegExtractor( 3692): suppoted codec(vorbis) by official Stagefright
D/FFmpegExtractor( 3692): ffmpeg detected media content as 'audio/vorbis' with confidence 0.08
D/WVMDrmPlugIn( 3691): WVMDrmPlugin::onInitialize : 7815
D/WVMDrmPlugIn( 3691): WVMDrmPlugin::onSetOnInfoListener : add 7815
D/WVMDrmPlugIn( 3691): WVMDrmPlugin::onTerminate : 7815
I/FFmpegExtractor( 3692): android-source:0xb2effce0
I/FFMPEG  ( 3692): Input #0, ogg, from 'android-source:0xb2effce0':
I/FFMPEG  ( 3692):   Duration: 00:00:01.73, start: 0.000000, bitrate: 78 kb/s
I/FFMPEG  ( 3692):     Stream #0:0: Audio: vorbis, 48000 Hz, mono, fltp, 70 kb/s
I/FFMPEG  ( 3692):     Metadata:
I/FFMPEG  ( 3692):       TITLE           : Pixie Dust
D/FFmpegExtractor( 3692): FFmpegExtrator, url: android-source:0xb2effce0, format_name: ogg, format_long_name: Ogg
I/FFmpegExtractor( 3692): adjust mime(application/ogg -> audio/vorbis)
D/FFmpegExtractor( 3692): suppoted codec(vorbis) by official Stagefright
D/FFmpegExtractor( 3692): ffmpeg detected media content as 'audio/vorbis' with confidence 0.08
D/WVMDrmPlugIn( 3691): WVMDrmPlugin::onInitialize : 6478
D/WVMDrmPlugIn( 3691): WVMDrmPlugin::onSetOnInfoListener : add 6478
D/WVMDrmPlugIn( 3691): WVMDrmPlugin::onTerminate : 6478
I/FFmpegExtractor( 3692): android-source:0xb2ffd600
I/FFMPEG  ( 3692): Input #0, ogg, from 'android-source:0xb2ffd600':
I/FFMPEG  ( 3692):   Duration: 00:00:02.00, start: 0.000000, bitrate: 75 kb/s
I/FFMPEG  ( 3692):     Stream #0:0: Audio: vorbis, 48000 Hz, mono, fltp, 70 kb/s
I/FFMPEG  ( 3692):     Metadata:
I/FFMPEG  ( 3692):       TITLE           : Pizzicato
D/FFmpegExtractor( 3692): FFmpegExtrator, url: android-source:0xb2ffd600, format_name: ogg, format_long_name: Ogg
I/FFmpegExtractor( 3692): adjust mime(application/ogg -> audio/vorbis)
D/FFmpegExtractor( 3692): suppoted codec(vorbis) by official Stagefright
D/FFmpegExtractor( 3692): ffmpeg detected media content as 'audio/vorbis' with confidence 0.08
D/WVMDrmPlugIn( 3691): WVMDrmPlugin::onInitialize : 5946
D/WVMDrmPlugIn( 3691): WVMDrmPlugin::onSetOnInfoListener : add 5946
D/WVMDrmPlugIn( 3691): WVMDrmPlugin::onTerminate : 5946
I/FFmpegExtractor( 3692): android-source:0xb55f30b0
I/FFMPEG  ( 3692): Input #0, ogg, from 'android-source:0xb55f30b0':
I/FFMPEG  ( 3692):   Duration: 00:00:03.28, start: 0.000000, bitrate: 67 kb/s
I/FFMPEG  ( 3692):     Stream #0:0: Audio: vorbis, 44100 Hz, mono, fltp, 80 kb/s
I/FFMPEG  ( 3692):     Metadata:
I/FFMPEG  ( 3692):       ANDROID_LOOP    : false
I/FFMPEG  ( 3692):       track           : 3dB101b2
I/FFMPEG  ( 3692):       TITLE           : Regulus
I/FFMPEG  ( 3692):       ARTIST          : pdx
D/FFmpegExtractor( 3692): FFmpegExtrator, url: android-source:0xb55f30b0, format_name: ogg, format_long_name: Ogg
I/FFmpegExtractor( 3692): adjust mime(application/ogg -> audio/vorbis)
D/FFmpegExtractor( 3692): suppoted codec(vorbis) by official Stagefright
D/FFmpegExtractor( 3692): ffmpeg detected media content as 'audio/vorbis' with confidence 0.08
D/WVMDrmPlugIn( 3691): WVMDrmPlugin::onInitialize : 5519
D/WVMDrmPlugIn( 3691): WVMDrmPlugin::onSetOnInfoListener : add 5519
D/WVMDrmPlugIn( 3691): WVMDrmPlugin::onTerminate : 5519
I/FFmpegExtractor( 3692): android-source:0xb55f32e0
I/FFMPEG  ( 3692): Input #0, ogg, from 'android-source:0xb55f32e0':
I/FFMPEG  ( 3692):   Duration: 00:00:04.30, start: 0.000000, bitrate: 49 kb/s
I/FFMPEG  ( 3692):     Stream #0:0: Audio: vorbis, 44100 Hz, mono, fltp, 80 kb/s
I/FFMPEG  ( 3692):     Metadata:
I/FFMPEG  ( 3692):       ANDROID_LOOP    : false
I/FFMPEG  ( 3692):       track           : 2d317b
I/FFMPEG  ( 3692):       TITLE           : Sirius
I/FFMPEG  ( 3692):       ARTIST          : pdx
D/FFmpegExtractor( 3692): FFmpegExtrator, url: android-source:0xb55f32e0, format_name: ogg, format_long_name: Ogg
I/FFmpegExtractor( 3692): adjust mime(application/ogg -> audio/vorbis)
D/FFmpegExtractor( 3692): suppoted codec(vorbis) by official Stagefright
D/FFmpegExtractor( 3692): ffmpeg detected media content as 'audio/vorbis' with confidence 0.08
D/WVMDrmPlugIn( 3691): WVMDrmPlugin::onInitialize : 6550
D/WVMDrmPlugIn( 3691): WVMDrmPlugin::onSetOnInfoListener : add 6550
D/WVMDrmPlugIn( 3691): WVMDrmPlugin::onTerminate : 6550
I/FFmpegExtractor( 3692): android-source:0xb55f32e0
I/FFMPEG  ( 3692): Input #0, ogg, from 'android-source:0xb55f32e0':
I/FFMPEG  ( 3692):   Duration: 00:00:00.79, start: 0.000000, bitrate: 105 kb/s
I/FFMPEG  ( 3692):     Stream #0:0: Audio: vorbis, 48000 Hz, mono, fltp, 70 kb/s
I/FFMPEG  ( 3692):     Metadata:
I/FFMPEG  ( 3692):       TITLE           : Tweeters
D/FFmpegExtractor( 3692): FFmpegExtrator, url: android-source:0xb55f32e0, format_name: ogg, format_long_name: Ogg
I/FFmpegExtractor( 3692): adjust mime(application/ogg -> audio/vorbis)
D/FFmpegExtractor( 3692): suppoted codec(vorbis) by official Stagefright
D/FFmpegExtractor( 3692): ffmpeg detected media content as 'audio/vorbis' with confidence 0.08
D/WVMDrmPlugIn( 3691): WVMDrmPlugin::onInitialize : 6649
D/WVMDrmPlugIn( 3691): WVMDrmPlugin::onSetOnInfoListener : add 6649
D/WVMDrmPlugIn( 3691): WVMDrmPlugin::onTerminate : 6649
I/FFmpegExtractor( 3692): android-source:0xb55f3380
I/FFMPEG  ( 3692): Input #0, ogg, from 'android-source:0xb55f3380':
I/FFMPEG  ( 3692):   Duration: 00:00:03.00, start: 0.000000, bitrate: 66 kb/s
I/FFMPEG  ( 3692):     Stream #0:0: Audio: vorbis, 44100 Hz, mono, fltp, 80 kb/s
I/FFMPEG  ( 3692):     Metadata:
I/FFMPEG  ( 3692):       ANDROID_LOOP    : true
I/FFMPEG  ( 3692):       TITLE           : Andromeda
D/FFmpegExtractor( 3692): FFmpegExtrator, url: android-source:0xb55f3380, format_name: ogg, format_long_name: Ogg
I/FFmpegExtractor( 3692): adjust mime(application/ogg -> audio/vorbis)
D/FFmpegExtractor( 3692): suppoted codec(vorbis) by official Stagefright
D/FFmpegExtractor( 3692): ffmpeg detected media content as 'audio/vorbis' with confidence 0.08
D/WVMDrmPlugIn( 3691): WVMDrmPlugin::onInitialize : 6871
D/WVMDrmPlugIn( 3691): WVMDrmPlugin::onSetOnInfoListener : add 6871
D/WVMDrmPlugIn( 3691): WVMDrmPlugin::onTerminate : 6871
I/FFmpegExtractor( 3692): android-source:0xb55f35b0
I/FFMPEG  ( 3692): Input #0, ogg, from 'android-source:0xb55f35b0':
I/FFMPEG  ( 3692):   Duration: 00:00:03.00, start: 0.000000, bitrate: 57 kb/s
I/FFMPEG  ( 3692):     Stream #0:0: Audio: vorbis, 44100 Hz, mono, fltp, 80 kb/s
I/FFMPEG  ( 3692):     Metadata:
I/FFMPEG  ( 3692):       ANDROID_LOOP    : true
I/FFMPEG  ( 3692):       TITLE           : Aquila
D/FFmpegExtractor( 3692): FFmpegExtrator, url: android-source:0xb55f35b0, format_name: ogg, format_long_name: Ogg
I/FFmpegExtractor( 3692): adjust mime(application/ogg -> audio/vorbis)
D/FFmpegExtractor( 3692): suppoted codec(vorbis) by official Stagefright
D/FFmpegExtractor( 3692): ffmpeg detected media content as 'audio/vorbis' with confidence 0.08
D/WVMDrmPlugIn( 3691): WVMDrmPlugin::onInitialize : 6438
D/WVMDrmPlugIn( 3691): WVMDrmPlugin::onSetOnInfoListener : add 6438
D/WVMDrmPlugIn( 3691): WVMDrmPlugin::onTerminate : 6438
I/FFmpegExtractor( 3692): android-source:0xb55f36f0
I/FFMPEG  ( 3692): [ogg @ 0xb36b0200] 2048 bytes of comment header remain
I/FFMPEG  ( 3692): Input #0, ogg, from 'android-source:0xb55f36f0':
I/FFMPEG  ( 3692):   Duration: 00:00:13.33, start: 0.000000, bitrate: 135 kb/s
I/FFMPEG  ( 3692):     Stream #0:0: Audio: vorbis, 44100 Hz, stereo, fltp, 192 kb/s
I/FFMPEG  ( 3692):     Metadata:
I/FFMPEG  ( 3692):       TITLE           : Argo Navis
D/FFmpegExtractor( 3692): FFmpegExtrator, url: android-source:0xb55f36f0, format_name: ogg, format_long_name: Ogg
I/FFmpegExtractor( 3692): adjust mime(application/ogg -> audio/vorbis)
D/FFmpegExtractor( 3692): suppoted codec(vorbis) by official Stagefright
D/FFmpegExtractor( 3692): ffmpeg detected media content as 'audio/vorbis' with confidence 0.08
D/WVMDrmPlugIn( 3691): WVMDrmPlugin::onInitialize : 4592
D/WVMDrmPlugIn( 3691): WVMDrmPlugin::onSetOnInfoListener : add 4592
D/WVMDrmPlugIn( 3691): WVMDrmPlugin::onTerminate : 4592
I/FFmpegExtractor( 3692): android-source:0xb55f3830
I/FFMPEG  ( 3692): Input #0, ogg, from 'android-source:0xb55f3830':
I/FFMPEG  ( 3692):   Duration: 00:00:07.29, start: 0.000000, bitrate: 252 kb/s
I/FFMPEG  ( 3692):     Stream #0:0: Audio: vorbis, 44100 Hz, stereo, fltp, 224 kb/s
I/FFMPEG  ( 3692):     Metadata:
I/FFMPEG  ( 3692):       ANDROID_LOOP    : true
I/FFMPEG  ( 3692):       TITLE           : Atria
D/FFmpegExtractor( 3692): FFmpegExtrator, url: android-source:0xb55f3830, format_name: ogg, format_long_name: Ogg
I/FFmpegExtractor( 3692): adjust mime(application/ogg -> audio/vorbis)
D/FFmpegExtractor( 3692): suppoted codec(vorbis) by official Stagefright
D/FFmpegExtractor( 3692): ffmpeg detected media content as 'audio/vorbis' with confidence 0.08
D/WVMDrmPlugIn( 3691): WVMDrmPlugin::onInitialize : 4373
D/WVMDrmPlugIn( 3691): WVMDrmPlugin::onSetOnInfoListener : add 4373
D/WVMDrmPlugIn( 3691): WVMDrmPlugin::onTerminate : 4373
I/FFmpegExtractor( 3692): android-source:0xb55f3970
I/FFMPEG  ( 3692): Input #0, ogg, from 'android-source:0xb55f3970':
I/FFMPEG  ( 3692):   Duration: 00:00:03.00, start: 0.000000, bitrate: 70 kb/s
I/FFMPEG  ( 3692):     Stream #0:0: Audio: vorbis, 44100 Hz, mono, fltp, 80 kb/s
I/FFMPEG  ( 3692):     Metadata:
I/FFMPEG  ( 3692):       ANDROID_LOOP    : true
I/FFMPEG  ( 3692):       track           : 2d302cR
I/FFMPEG  ( 3692):       TITLE           : Bootes
I/FFMPEG  ( 3692):       ARTIST          : pdx
D/FFmpegExtractor( 3692): FFmpegExtrator, url: android-source:0xb55f3970, format_name: ogg, format_long_name: Ogg
I/FFmpegExtractor( 3692): adjust mime(application/ogg -> audio/vorbis)
D/FFmpegExtractor( 3692): suppoted codec(vorbis) by official Stagefright
D/FFmpegExtractor( 3692): ffmpeg detected media content as 'audio/vorbis' with confidence 0.08
D/WVMDrmPlugIn( 3691): WVMDrmPlugin::onInitialize : 7529
