W/auditd  ( 3586): type=1325 audit(0.0:2114): table=filter family=2 entries=40
W/iptables( 6380): type=1300 audit(0.0:2114): arch=40000028 syscall=294 per=800000 success=yes exit=0 a0=4 a1=0 a2=40 a3=b6c26000 items=0 ppid=6304 auid=4294967295 uid=0 gid=0 euid=0 suid=0 fsuid=0 egid=0 sgid=0 fsgid=0 ses=4294967295 tty=(none) exe="/system/bin/iptables" subj=u:r:netd:s0 key=(null)
W/auditd  ( 3586): type=1320 audit(0.0:2114): 
W/auditd  ( 3586): type=1325 audit(0.0:2115): table=filter family=10 entries=38
W/ip6tables( 6382): type=1300 audit(0.0:2115): arch=40000028 syscall=294 per=800000 success=yes exit=0 a0=4 a1=29 a2=40 a3=b6c29000 items=0 ppid=6304 auid=4294967295 uid=0 gid=0 euid=0 suid=0 fsuid=0 egid=0 sgid=0 fsgid=0 ses=4294967295 tty=(none) exe="/system/bin/ip6tables" subj=u:r:netd:s0 key=(null)
W/auditd  ( 3586): type=1320 audit(0.0:2115): 
W/auditd  ( 3586): type=1325 audit(0.0:2116): table=filter family=2 entries=38
W/iptables( 6383): type=1300 audit(0.0:2116): arch=40000028 syscall=294 per=800000 success=yes exit=0 a0=4 a1=0 a2=40 a3=b6c26000 items=0 ppid=6304 auid=4294967295 uid=0 gid=0 euid=0 suid=0 fsuid=0 egid=0 sgid=0 fsgid=0 ses=4294967295 tty=(none) exe="/system/bin/iptables" subj=u:r:netd:s0 key=(null)
W/auditd  ( 3586): type=1320 audit(0.0:2116): 
W/auditd  ( 3586): type=1325 audit(0.0:2117): table=filter family=10 entries=36
W/ip6tables( 6384): type=1300 audit(0.0:2117): arch=40000028 syscall=294 per=800000 success=yes exit=0 a0=4 a1=29 a2=40 a3=b6c28000 items=0 ppid=6304 auid=4294967295 uid=0 gid=0 euid=0 suid=0 fsuid=0 egid=0 sgid=0 fsgid=0 ses=4294967295 tty=(none) exe="/system/bin/ip6tables" subj=u:r:netd:s0 key=(null)
W/auditd  ( 3586): type=1320 audit(0.0:2117): 
W/auditd  ( 3586): type=1325 audit(0.0:2118): table=filter family=2 entries=40
W/iptables( 6385): type=1300 audit(0.0:2118): arch=40000028 syscall=294 per=800000 success=yes exit=0 a0=4 a1=0 a2=40 a3=b6c29000 items=0 ppid=6304 auid=4294967295 uid=0 gid=0 euid=0 suid=0 fsuid=0 egid=0 sgid=0 fsgid=0 ses=4294967295 tty=(none) exe="/system/bin/iptables" subj=u:r:netd:s0 key=(null)
D/AndroidRuntime( 6381): 
D/AndroidRuntime( 6381): >>>>>> AndroidRuntime START com.android.internal.os.ZygoteInit <<<<<<
D/AndroidRuntime( 6381): CheckJNI is OFF
I/art     ( 6381): option[0]=-Xzygote
I/art     ( 6381): option[1]=-Xstacktracefile:/data/anr/traces.txt
I/art     ( 6381): option[2]=exit
I/art     ( 6381): option[3]=vfprintf
I/art     ( 6381): option[4]=sensitiveThread
I/art     ( 6381): option[5]=-verbose:gc
I/art     ( 6381): option[6]=-Xms8m
I/art     ( 6381): option[7]=-Xmx512m
I/art     ( 6381): option[8]=-XX:mainThreadStackSize=24K
I/art     ( 6381): option[9]=-XX:HeapGrowthLimit=128m
I/art     ( 6381): option[10]=-XX:HeapMinFree=2m
I/art     ( 6381): option[11]=-XX:HeapMaxFree=8m
I/art     ( 6381): option[12]=-XX:HeapTargetUtilization=0.75
I/art     ( 6381): option[13]=-agentlib:jdwp=transport=dt_android_adb,suspend=n,server=y
I/art     ( 6381): option[14]=-Xlockprofthreshold:500
I/art     ( 6381): option[15]=-Ximage-compiler-option
I/art     ( 6381): option[16]=--runtime-arg
I/art     ( 6381): option[17]=-Ximage-compiler-option
I/art     ( 6381): option[18]=-Xms64m
I/art     ( 6381): option[19]=-Ximage-compiler-option
I/art     ( 6381): option[20]=--runtime-arg
I/art     ( 6381): option[21]=-Ximage-compiler-option
I/art     ( 6381): option[22]=-Xmx64m
I/art     ( 6381): option[23]=-Ximage-compiler-option
I/art     ( 6381): option[24]=--image-classes-zip=/system/framework/framework.jar
I/art     ( 6381): option[25]=-Ximage-compiler-option
I/art     ( 6381): option[26]=--image-classes=preloaded-classes
I/art     ( 6381): option[27]=-Xcompiler-option
I/art     ( 6381): option[28]=--runtime-arg
I/art     ( 6381): option[29]=-Xcompiler-option
I/art     ( 6381): option[30]=-Xms64m
I/art     ( 6381): option[31]=-Xcompiler-option
I/art     ( 6381): option[32]=--runtime-arg
I/art     ( 6381): option[33]=-Xcompiler-option
I/art     ( 6381): option[34]=-Xmx512m
I/art     ( 6381): option[35]=-Duser.language=es
I/art     ( 6381): option[36]=-Duser.region=US
I/art     ( 6381): Pruning dalvik-cache since we are generating an image and will need to recompile
W/art     ( 6381): Unexpected file type of 
W/art     ( 6381):  encountered.
I/art     ( 6381): Using an offset of 0xff84e000 from default art base address of 0x70000000
I/art     ( 6381): GenerateImage: /system/bin/dex2oat --image=/data/dalvik-cache/arm/system@framework@boot.art --dex-file=/system/framework/core-libart.jar --dex-file=/system/framework/conscrypt.jar --dex-file=/system/framework/okhttp.jar --dex-file=/system/framework/core-junit.jar --dex-file=/system/framework/bouncycastle.jar --dex-file=/system/framework/ext.jar --dex-file=/system/framework/framework.jar --dex-file=/system/framework/telephony-common.jar --dex-file=/system/framework/voip-common.jar --dex-file=/system/framework/ims-common.jar --dex-file=/system/framework/mms-common.jar --dex-file=/system/framework/android.policy.jar --dex-file=/system/framework/apache-xml.jar --oat-file=/data/dalvik-cache/arm/system@framework@boot.oat --instruction-set=arm --instruction-set-features=div --base=0x6f84e000 --runtime-arg -Xms64m --runtime-arg -Xmx64m --image-classes-zip=/system/framework/framework.jar --image-classes=preloaded-classes
W/art     ( 6381): Unexpected file type of 
W/art     ( 6381):  encountered.
W/art     ( 6381): Could not create image space with image file '/system/framework/boot.art'. Attempting to fall back to imageless running. Error was: Failed to generate image '/data/dalvik-cache/arm/system@framework@boot.art': Failed execv(/system/bin/dex2oat --image=/data/dalvik-cache/arm/system@framework@boot.art --dex-file=/system/framework/core-libart.jar --dex-file=/system/framework/conscrypt.jar --dex-file=/system/framework/okhttp.jar --dex-file=/system/framework/core-junit.jar --dex-file=/system/framework/bouncycastle.jar --dex-file=/system/framework/ext.jar --dex-file=/system/framework/framework.jar --dex-file=/system/framework/telephony-common.jar --dex-file=/system/framework/voip-common.jar --dex-file=/system/framework/ims-common.jar --dex-file=/system/framework/mms-common.jar --dex-file=/system/framework/android.policy.jar --dex-file=/system/framework/apache-xml.jar --oat-file=/data/dalvik-cache/arm/system@framework@boot.oat --instruction-set=arm --instruction-set-features=div --base=0x6f84e000 --runtime-arg -Xms64
V/NatController( 6304): runCmd(/system/bin/iptables -F natctrl_FORWARD) res=0
V/NatController( 6304): runCmd(/system/bin/iptables -A natctrl_FORWARD -j DROP) res=0
V/NatController( 6304): runCmd(/system/bin/iptables -t nat -F natctrl_nat_POSTROUTING) res=0
V/NatController( 6304): runCmd(/system/bin/iptables -F natctrl_tether_counters) res=0
V/NatController( 6304): runCmd(/system/bin/iptables -X natctrl_tether_counters) res=0
V/NatController( 6304): runCmd(/system/bin/iptables -N natctrl_tether_counters) res=0
V/NatController( 6304): runCmd(/system/bin/iptables -t mangle -A natctrl_mangle_FORWARD -p tcp --tcp-flags SYN SYN -j TCPMSS --clamp-mss-to-pmtu) res=0
W/auditd  ( 3586): type=1325 audit(0.0:2229): table=filter family=10 entries=37
W/ip6tables( 6499): type=1300 audit(0.0:2229): arch=40000028 syscall=294 per=800000 success=yes exit=0 a0=4 a1=29 a2=40 a3=b6c23000 items=0 ppid=6304 auid=4294967295 uid=0 gid=0 euid=0 suid=0 fsuid=0 egid=0 sgid=0 fsgid=0 ses=4294967295 tty=(none) exe="/system/bin/ip6tables" subj=u:r:netd:s0 key=(null)
W/auditd  ( 3586): type=1320 audit(0.0:2229): 
W/auditd  ( 3586): type=1325 audit(0.0:2230): table=filter family=2 entries=40
W/iptables( 6500): type=1300 audit(0.0:2230): arch=40000028 syscall=294 per=800000 success=yes exit=0 a0=4 a1=0 a2=40 a3=b6c22000 items=0 ppid=6304 auid=4294967295 uid=0 gid=0 euid=0 suid=0 fsuid=0 egid=0 sgid=0 fsgid=0 ses=4294967295 tty=(none) exe="/system/bin/iptables" subj=u:r:netd:s0 key=(null)
W/auditd  ( 3586): type=1320 audit(0.0:2230): 
W/auditd  ( 3586): type=1325 audit(0.0:2231): table=filter family=10 entries=37
W/ip6tables( 6501): type=1300 audit(0.0:2231): arch=40000028 syscall=294 per=800000 success=yes exit=0 a0=4 a1=29 a2=40 a3=b6c23000 items=0 ppid=6304 auid=4294967295 uid=0 gid=0 euid=0 suid=0 fsuid=0 egid=0 sgid=0 fsgid=0 ses=4294967295 tty=(none) exe="/system/bin/ip6tables" subj=u:r:netd:s0 key=(null)
W/auditd  ( 3586): type=1320 audit(0.0:2231): 
W/auditd  ( 3586): type=1325 audit(0.0:2232): table=raw family=2 entries=9
W/iptables( 6502): type=1300 audit(0.0:2232): arch=40000028 syscall=294 per=800000 success=yes exit=0 a0=4 a1=0 a2=40 a3=b6c1ba00 items=0 ppid=6304 auid=4294967295 uid=0 gid=0 euid=0 suid=0 fsuid=0 egid=0 sgid=0 fsgid=0 ses=4294967295 tty=(none) exe="/system/bin/iptables" subj=u:r:netd:s0 key=(null)
W/auditd  ( 3586): type=1320 audit(0.0:2232): 
W/auditd  ( 3586): type=1325 audit(0.0:2233): table=raw family=10 entries=9
W/ip6tables( 6503): type=1300 audit(0.0:2233): arch=40000028 syscall=294 per=800000 success=yes exit=0 a0=4 a1=29 a2=40 a3=b6c1c000 items=0 ppid=6304 auid=4294967295 uid=0 gid=0 euid=0 suid=0 fsuid=0 egid=0 sgid=0 fsgid=0 ses=4294967295 tty=(none) exe="/system/bin/ip6tables" subj=u:r:netd:s0 key=(null)
W/auditd  ( 3586): type=1320 audit(0.0:2233): 
W/auditd  ( 3586): type=1325 audit(0.0:2234): table=mangle family=2 entries=16
W/iptables( 6504): type=1300 audit(0.0:2234): arch=40000028 syscall=294 per=800000 success=yes exit=0 a0=4 a1=0 a2=40 a3=b6c1c800 items=0 ppid=6304 auid=4294967295 uid=0 gid=0 euid=0 suid=0 fsuid=0 egid=0 sgid=0 fsgid=0 ses=4294967295 tty=(none) exe="/system/bin/iptables" subj=u:r:netd:s0 key=(null)
W/auditd  ( 3586): type=1320 audit(0.0:2234): 
W/auditd  ( 3586): type=1325 audit(0.0:2235): table=mangle family=10 entries=12
W/ip6tables( 6505): type=1300 audit(0.0:2235): arch=40000028 syscall=294 per=800000 success=yes exit=0 a0=4 a1=29 a2=40 a3=b6c1c800 items=0 ppid=6304 auid=4294967295 uid=0 gid=0 euid=0 suid=0 fsuid=0 egid=0 sgid=0 fsgid=0 ses=4294967295 tty=(none) exe="/system/bin/ip6tables" subj=u:r:netd:s0 key=(null)
D/MDnsDS  ( 6304): MDnsSdListener::Hander starting up
D/MDnsDS  ( 6304): MDnsSdListener starting to monitor
D/MDnsDS  ( 6304): Going to poll with pollCount 1
E/memtrack( 6381): Couldn't load memtrack module (No such file or directory)
E/android.os.Debug( 6381): failed to load memtrack module: -2
I/SamplingProfilerIntegration( 6381): Profiling disabled.
D/Zygote  ( 6381): begin preload
I/Zygote  ( 6381): Preloading classes...
I/art     ( 6381): Explicit concurrent mark sweep GC freed 4379(640KB) AllocSpace objects, 0(0B) LOS objects, 41% free, 5MB/9MB, paused 87us total 14.514ms
I/art     ( 6381): Counter: 1
W/init    ( 6531): type=1400 audit(0.0:2246): avc: denied { entrypoint } for path="/system/bin/auditd" dev="mmcblk0p18" ino=173 scontext=u:r:logd:s0 tcontext=u:object_r:system_file:s0 tclass=file
W/init    ( 6531): type=1300 audit(0.0:2246): arch=40000028 syscall=11 per=800000 success=no exit=-13 a0=b6c80954 a1=b6c69530 a2=57e64 a3=ff0000 items=1 ppid=1 auid=4294967295 uid=0 gid=0 euid=0 suid=0 fsuid=0 egid=0 sgid=0 fsgid=0 ses=4294967295 tty=(none) exe="/init" subj=u:r:init:s0 key=(null)
W/auditd  ( 3586): type=1307 audit(0.0:2246): cwd="/"
W/auditd  ( 3586): type=1302 audit(0.0:2246): item=0 name="/system/bin/auditd" inode=173 dev=103:0a mode=0100755 ouid=0 ogid=2000 rdev=00:00 obj=u:object_r:system_file:s0
W/auditd  ( 3586): type=1320 audit(0.0:2246): 
I/SurfaceFlinger( 6532): SurfaceFlinger is starting
I/SurfaceFlinger( 6532): SurfaceFlinger's main thread ready to run. Initializing graphics H/W...
D/libEGL  ( 6532): loaded /vendor/lib/egl/libGLES_mali.so
I/        ( 6532): PLATFORM VERSION : JB-MR-2
I/gralloc ( 6532): using (fd=12)
I/gralloc ( 6532): id           = 
I/gralloc ( 6532): xres         = 1080 px
I/gralloc ( 6532): yres         = 1920 px
I/gralloc ( 6532): xres_virtual = 1080 px
I/gralloc ( 6532): yres_virtual = 3840 px
I/gralloc ( 6532): bpp          = 32
I/gralloc ( 6532): r            = 16:8
I/gralloc ( 6532): g            =  8:8
I/gralloc ( 6532): b            =  0:8
I/gralloc ( 6532): width        = 65 mm (422.030762 dpi)
I/gralloc ( 6532): height       = 115 mm (424.069580 dpi)
I/gralloc ( 6532): refresh rate = 60.00 Hz
I/mediaserver( 6533): ServiceManager: 0xb60500c0
I/AudioFlinger( 6533): Using default 3000 mSec as standby time.
I/ServiceManager( 6533): Waiting for service batterystats...
D/hwcomposer( 6532): using
D/hwcomposer( 6532): xres         = 1080 px
D/hwcomposer( 6532): yres         = 1920 px
D/hwcomposer( 6532): width        = 65 mm (422.030000 dpi)
D/hwcomposer( 6532): height       = 115 mm (424.069000 dpi)
D/hwcomposer( 6532): refresh rate = 60 Hz
D/libexynosv4l2-subdev( 6532): try node: /dev/v4l-subdev0
D/libexynosv4l2-subdev( 6532): try node: /dev/v4l-subdev1
D/libexynosv4l2-subdev( 6532): try node: /dev/v4l-subdev2
I/libexynosv4l2-subdev( 6532): node found for device s5p-mixer0: /dev/v4l-subdev2
I/libexynosv4l2-subdev( 6532): open subdev device /dev/v4l-subdev2
I/hwcomposer( 6532): PSR info devname = /sys/devices/14400000.fimd_fb/psr_info
I/hwcomposer( 6532): PSR mode is 2(0: video mode, 1: DP PSR mode, 2: MIPI-DSI command mode)
I/SurfaceFlinger( 6532): Using composer version 1.3
I/SurfaceFlinger( 6532): EGL information:
I/SurfaceFlinger( 6532): vendor    : Android
I/SurfaceFlinger( 6532): version   : 1.4 Android META-EGL
I/SurfaceFlinger( 6532): extensions: EGL_KHR_get_all_proc_addresses EGL_ANDROID_presentation_time EGL_KHR_image EGL_KHR_image_base EGL_KHR_gl_texture_2D_image EGL_KHR_gl_texture_cubemap_image EGL_KHR_gl_renderbuffer_image EGL_KHR_fence_sync EGL_KHR_create_context EGL_ANDROID_image_native_buffer EGL_KHR_wait_sync EGL_ANDROID_recordable 
I/SurfaceFlinger( 6532): Client API: OpenGL_ES
I/SurfaceFlinger( 6532): EGLSurface: 8-8-8-8, config=0xb69cf2ac
I/SurfaceFlinger( 6532): OpenGL ES informations:
I/SurfaceFlinger( 6532): vendor    : ARM
I/SurfaceFlinger( 6532): renderer  : Mali-T628
I/SurfaceFlinger( 6532): version   : OpenGL ES 3.0
I/SurfaceFlinger( 6532): extensions: GL_EXT_debug_marker GL_ARM_rgba8 GL_ARM_mali_shader_binary GL_OES_depth24 GL_OES_depth_texture GL_OES_depth_texture_cube_map GL_OES_packed_depth_stencil GL_OES_rgb8_rgba8 GL_EXT_read_format_bgra GL_OES_compressed_paletted_texture GL_OES_compressed_ETC1_RGB8_texture GL_OES_standard_derivatives GL_OES_EGL_image GL_OES_EGL_image_external GL_OES_EGL_sync GL_OES_texture_npot GL_OES_vertex_half_float GL_OES_required_internalformat GL_OES_vertex_array_object GL_OES_mapbuffer GL_EXT_texture_format_BGRA8888 GL_EXT_texture_rg GL_EXT_texture_type_2_10_10_10_REV GL_OES_fbo_render_mipmap GL_OES_element_index_uint GL_EXT_shadow_samplers GL_OES_texture_compression_astc GL_KHR_texture_compression_astc_ldr GL_KHR_texture_compression_astc_hdr GL_KHR_debug GL_EXT_occlusion_query_boolean GL_EXT_blend_minmax GL_EXT_discard_framebuffer GL_OES_get_program_binary GL_OES_texture_3D GL_EXT_texture_storage GL_EXT_multisampled_render_to_texture GL_OES_surfaceless_context GL_ARM_mali_program_binary 
I/SurfaceFlinger( 6532): GL_MAX_TEXTURE_SIZE = 8192
I/SurfaceFlinger( 6532): GL_MAX_VIEWPORT_DIMS = 8192
E/libEGL  ( 6532): eglQuerySurface:607 error 300d (EGL_BAD_SURFACE)
E/libEGL  ( 6532): eglQuerySurface:607 error 300d (EGL_BAD_SURFACE)
E/libEGL  ( 6532): call to OpenGL ES API with no current context (logged once per thread)
D/SurfaceFlinger( 6532): Set power mode=2, type=0 flinger=0xb6962000
I/hwcomposer( 6532): int exynos5_blank(hwc_composer_device_1*, int, int):: disp(0), blank(0)
I/hwcomposer( 6532): unblank ioctl failed (display already unblanked)
E/libEGL  ( 6532): eglSwapBuffers:1071 error 300d (EGL_BAD_SURFACE)
F/SurfaceFlinger( 6532): eglSwapBuffers(0x1, 0x0) failed with 0x0000300d
F/libc    ( 6532): Fatal signal 6 (SIGABRT), code -6 in tid 6532 (surfaceflinger)
I/DEBUG   ( 3589): property debug.db.uid not set; NOT waiting for gdb.
I/DEBUG   ( 3589): HINT: adb shell setprop debug.db.uid 100000
I/DEBUG   ( 3589): HINT: adb forward tcp:5039 tcp:5039
W/debuggerd( 3589): type=1400 audit(0.0:2247): avc: denied { write } for name="ndebugsocket" dev="mmcblk0p21" ino=671131 scontext=u:r:debuggerd:s0 tcontext=u:object_r:system_ndebug_socket:s0 tclass=fifo_file
I/DEBUG   ( 3589): *** *** *** *** *** *** *** *** *** *** *** *** *** *** *** ***
I/DEBUG   ( 3589): Build fingerprint: 'samsung/cm_k3gxx/k3gxx:5.0.2/LRX22G/ca2fb2b51d:userdebug/test-keys'
W/debuggerd( 3589): type=1300 audit(0.0:2247): arch=40000028 syscall=283 per=800000 success=no exit=-13 a0=6 a1=beaf03ec a2=6e a3=b6ec685c items=1 ppid=1 auid=4294967295 uid=0 gid=0 euid=0 suid=0 fsuid=0 egid=0 sgid=0 fsgid=0 ses=4294967295 tty=(none) exe="/system/bin/debuggerd" subj=u:r:debuggerd:s0 key=(null)
I/DEBUG   ( 3589): Revision: '10'
I/DEBUG   ( 3589): ABI: 'arm'
W/auditd  ( 3586): type=1306 audit(0.0:2247): saddr=01002F646174612F73797374656D2F6E6465627567736F636B65740000000000000000000000000000000000000000000000000000000000000000000000000000000000000000000000000000000000000000000000000000000000000000000000000000000000000000000000
W/auditd  ( 3586): type=1302 audit(0.0:2247): item=0 name=(null) inode=671131 dev=103:0d mode=010700 ouid=1000 ogid=1000 rdev=00:00 obj=u:object_r:system_ndebug_socket:s0
W/auditd  ( 3586): type=1320 audit(0.0:2247): 
I/DEBUG   ( 3589): pid: 6532, tid: 6532, name: surfaceflinger  >>> /system/bin/surfaceflinger <<<
I/DEBUG   ( 3589): signal 6 (SIGABRT), code -6 (SI_TKILL), fault addr --------
I/DEBUG   ( 3589): Abort message: 'eglSwapBuffers(0x1, 0x0) failed with 0x0000300d'
I/DEBUG   ( 3589):     r0 00000000  r1 00001984  r2 00000006  r3 00000000
I/DEBUG   ( 3589):     r4 b6f0c114  r5 00000006  r6 0000000b  r7 0000010c
I/DEBUG   ( 3589):     r8 00000000  r9 beababd0  sl b6954210  fp beababd0
I/DEBUG   ( 3589):     ip 00001984  sp beaba650  lr b6e967b9  pc b6eba4e4  cpsr 600f0010
I/DEBUG   ( 3589): 
I/DEBUG   ( 3589): backtrace:
I/DEBUG   ( 3589):     #00 pc 000384e4  /system/lib/libc.so (tgkill+12)
I/DEBUG   ( 3589):     #01 pc 000147b5  /system/lib/libc.so (pthread_kill+52)
I/DEBUG   ( 3589):     #02 pc 0001550b  /system/lib/libc.so (raise+10)
I/DEBUG   ( 3589):     #03 pc 00011c35  /system/lib/libc.so (__libc_android_abort+36)
I/DEBUG   ( 3589):     #04 pc 0000fcb8  /system/lib/libc.so (abort+4)
I/DEBUG   ( 3589):     #05 pc 00007739  /system/lib/libcutils.so (__android_log_assert+88)
I/DEBUG   ( 3589):     #06 pc 0000f4df  /system/lib/libsurfaceflinger.so
I/DEBUG   ( 3589):     #07 pc 0001b9fd  /system/lib/libsurfaceflinger.so
I/DEBUG   ( 3589):     #08 pc 0001abe7  /system/lib/libsurfaceflinger.so
I/DEBUG   ( 3589):     #09 pc 00019fc3  /system/lib/libsurfaceflinger.so
I/DEBUG   ( 3589):     #10 pc 00019d49  /system/lib/libsurfaceflinger.so
I/DEBUG   ( 3589):     #11 pc 00010ed3  /system/lib/libutils.so (android::Looper::pollInner(int)+410)
I/DEBUG   ( 3589):     #12 pc 00010fc5  /system/lib/libutils.so (android::Looper::pollOnce(int, int*, int*, void**)+92)
I/DEBUG   ( 3589):     #13 pc 000174c5  /system/lib/libsurfaceflinger.so
I/DEBUG   ( 3589):     #14 pc 0001993d  /system/lib/libsurfaceflinger.so (android::SurfaceFlinger::run()+8)
I/DEBUG   ( 3589):     #15 pc 0000083d  /system/bin/surfaceflinger
I/DEBUG   ( 3589):     #16 pc 0000fb75  /system/lib/libc.so (__libc_init+44)
I/DEBUG   ( 3589):     #17 pc 000008d8  /system/bin/surfaceflinger
E/Minikin ( 6381): addFont failed to create font /system/fonts/NotoSansGujarati-Regular.ttf
E/Minikin ( 6381): addFont failed to create font /system/fonts/NotoSansGujarati-Bold.ttf
E/Minikin ( 6381): addFont failed to create font /system/fonts/NotoSansGujaratiUI-Regular.ttf
E/Minikin ( 6381): addFont failed to create font /system/fonts/NotoSansGujaratiUI-Bold.ttf
E/Minikin ( 6381): addFont failed to create font /system/fonts/NotoSansGurmukhi-Regular.ttf
E/Minikin ( 6381): addFont failed to create font /system/fonts/NotoSansGurmukhi-Bold.ttf
E/Minikin ( 6381): addFont failed to create font /system/fonts/NotoSansGurmukhiUI-Regular.ttf
E/Minikin ( 6381): addFont failed to create font /system/fonts/NotoSansGurmukhiUI-Bold.ttf
E/Minikin ( 6381): addFont failed to create font /system/fonts/NotoSansSinhala-Regular.ttf
E/Minikin ( 6381): addFont failed to create font /system/fonts/NotoSansSinhala-Bold.ttf
E/Minikin ( 6381): addFont failed to create font /system/fonts/NotoSansCherokee-Regular.ttf
E/Minikin ( 6381): addFont failed to create font /system/fonts/NotoSansCanadianAboriginal-Regular.ttf
E/Minikin ( 6381): addFont failed to create font /system/fonts/NotoSansYi-Regular.ttf
E/Minikin ( 6381): addFont failed to create font /system/fonts/NotoSansHans-Regular.otf
E/Minikin ( 6381): addFont failed to create font /system/fonts/NotoSansHant-Regular.otf
E/Minikin ( 6381): addFont failed to create font /system/fonts/NotoSansJP-Regular.otf
E/Minikin ( 6381): addFont failed to create font /system/fonts/NotoSansKR-Regular.otf
E/art     ( 6381): dlopen("/system/lib/libmedia_jni.so", RTLD_LAZY) failed: dlopen failed: cannot locate symbol "_ZN7android11MediaPlayer6resumeEv" referenced by "libmedia_jni.so"...
W/Zygote  ( 6381): Problem preloading android.media.AmrInputStream: java.lang.UnsatisfiedLinkError: dlopen failed: cannot locate symbol "_ZN7android11MediaPlayer6resumeEv" referenced by "libmedia_jni.so"...
E/art     ( 6381): dlopen("/system/lib/libmedia_jni.so", RTLD_LAZY) failed: dlopen failed: cannot locate symbol "_ZN7android11MediaPlayer6resumeEv" referenced by "libmedia_jni.so"...
W/Zygote  ( 6381): Problem preloading android.media.CamcorderProfile: java.lang.UnsatisfiedLinkError: dlopen failed: cannot locate symbol "_ZN7android11MediaPlayer6resumeEv" referenced by "libmedia_jni.so"...
E/art     ( 6381): dlopen("/system/lib/libmedia_jni.so", RTLD_LAZY) failed: dlopen failed: cannot locate symbol "_ZN7android11MediaPlayer6resumeEv" referenced by "libmedia_jni.so"...
W/Zygote  ( 6381): Problem preloading android.media.CameraProfile: java.lang.UnsatisfiedLinkError: dlopen failed: cannot locate symbol "_ZN7android11MediaPlayer6resumeEv" referenced by "libmedia_jni.so"...
E/art     ( 6381): dlopen("/system/lib/libmedia_jni.so", RTLD_LAZY) failed: dlopen failed: cannot locate symbol "_ZN7android11MediaPlayer6resumeEv" referenced by "libmedia_jni.so"...
W/Zygote  ( 6381): Problem preloading android.media.DecoderCapabilities: java.lang.UnsatisfiedLinkError: dlopen failed: cannot locate symbol "_ZN7android11MediaPlayer6resumeEv" referenced by "libmedia_jni.so"...
E/art     ( 6381): dlopen("/system/lib/libmedia_jni.so", RTLD_LAZY) failed: dlopen failed: cannot locate symbol "_ZN7android11MediaPlayer6resumeEv" referenced by "libmedia_jni.so"...
W/Zygote  ( 6381): Problem preloading android.media.EncoderCapabilities: java.lang.UnsatisfiedLinkError: dlopen failed: cannot locate symbol "_ZN7android11MediaPlayer6resumeEv" referenced by "libmedia_jni.so"...
E/art     ( 6381): dlopen("/system/lib/libmedia_jni.so", RTLD_LAZY) failed: dlopen failed: cannot locate symbol "_ZN7android11MediaPlayer6resumeEv" referenced by "libmedia_jni.so"...
W/Zygote  ( 6381): Problem preloading android.media.ImageReader: java.lang.UnsatisfiedLinkError: dlopen failed: cannot locate symbol "_ZN7android11MediaPlayer6resumeEv" referenced by "libmedia_jni.so"...
E/art     ( 6381): dlopen("/system/lib/libmedia_jni.so", RTLD_LAZY) failed: dlopen failed: cannot locate symbol "_ZN7android11MediaPlayer6resumeEv" referenced by "libmedia_jni.so"...
W/Zygote  ( 6381): Problem preloading android.media.MediaCodec: java.lang.UnsatisfiedLinkError: dlopen failed: cannot locate symbol "_ZN7android11MediaPlayer6resumeEv" referenced by "libmedia_jni.so"...
E/art     ( 6381): dlopen("/system/lib/libmedia_jni.so", RTLD_LAZY) failed: dlopen failed: cannot locate symbol "_ZN7android11MediaPlayer6resumeEv" referenced by "libmedia_jni.so"...
W/Zygote  ( 6381): Problem preloading android.media.MediaCodecList: java.lang.UnsatisfiedLinkError: dlopen failed: cannot locate symbol "_ZN7android11MediaPlayer6resumeEv" referenced by "libmedia_jni.so"...
E/art     ( 6381): dlopen("/system/lib/libmedia_jni.so", RTLD_LAZY) failed: dlopen failed: cannot locate symbol "_ZN7android11MediaPlayer6resumeEv" referenced by "libmedia_jni.so"...
W/Zygote  ( 6381): Problem preloading android.media.MediaCrypto: java.lang.UnsatisfiedLinkError: dlopen failed: cannot locate symbol "_ZN7android11MediaPlayer6resumeEv" referenced by "libmedia_jni.so"...
E/art     ( 6381): dlopen("/system/lib/libmedia_jni.so", RTLD_LAZY) failed: dlopen failed: cannot locate symbol "_ZN7android11MediaPlayer6resumeEv" referenced by "libmedia_jni.so"...
W/Zygote  ( 6381): Problem preloading android.media.MediaDrm: java.lang.UnsatisfiedLinkError: dlopen failed: cannot locate symbol "_ZN7android11MediaPlayer6resumeEv" referenced by "libmedia_jni.so"...
E/art     ( 6381): dlopen("/system/lib/libmedia_jni.so", RTLD_LAZY) failed: dlopen failed: cannot locate symbol "_ZN7android11MediaPlayer6resumeEv" referenced by "libmedia_jni.so"...
W/Zygote  ( 6381): Problem preloading android.media.MediaExtractor: java.lang.UnsatisfiedLinkError: dlopen failed: cannot locate symbol "_ZN7android11MediaPlayer6resumeEv" referenced by "libmedia_jni.so"...
E/art     ( 6381): dlopen("/system/lib/libmedia_jni.so", RTLD_LAZY) failed: dlopen failed: cannot locate symbol "_ZN7android11MediaPlayer6resumeEv" referenced by "libmedia_jni.so"...
W/Zygote  ( 6381): Problem preloading android.media.MediaHTTPConnection: java.lang.UnsatisfiedLinkError: dlopen failed: cannot locate symbol "_ZN7android11MediaPlayer6resumeEv" referenced by "libmedia_jni.so"...
E/art     ( 6381): dlopen("/system/lib/libmedia_jni.so", RTLD_LAZY) failed: dlopen failed: cannot locate symbol "_ZN7android11MediaPlayer6resumeEv" referenced by "libmedia_jni.so"...
W/Zygote  ( 6381): Problem preloading android.media.MediaMetadataRetriever: java.lang.UnsatisfiedLinkError: dlopen failed: cannot locate symbol "_ZN7android11MediaPlayer6resumeEv" referenced by "libmedia_jni.so"...
E/art     ( 6381): dlopen("/system/lib/libmedia_jni.so", RTLD_LAZY) failed: dlopen failed: cannot locate symbol "_ZN7android11MediaPlayer6resumeEv" referenced by "libmedia_jni.so"...
W/Zygote  ( 6381): Problem preloading android.media.MediaMuxer: java.lang.UnsatisfiedLinkError: dlopen failed: cannot locate symbol "_ZN7android11MediaPlayer6resumeEv" referenced by "libmedia_jni.so"...
E/art     ( 6381): dlopen("/system/lib/libmedia_jni.so", RTLD_LAZY) failed: dlopen failed: cannot locate symbol "_ZN7android11MediaPlayer6resumeEv" referenced by "libmedia_jni.so"...
W/Zygote  ( 6381): Problem preloading android.media.MediaPlayer: java.lang.UnsatisfiedLinkError: dlopen failed: cannot locate symbol "_ZN7android11MediaPlayer6resumeEv" referenced by "libmedia_jni.so"...
I/art     ( 6381): Rejecting re-init on previously-failed class java.lang.Class<android.media.CamcorderProfile>
E/art     ( 6381): dlopen("/system/lib/libmedia_jni.so", RTLD_LAZY) failed: dlopen failed: cannot locate symbol "_ZN7android11MediaPlayer6resumeEv" referenced by "libmedia_jni.so"...
W/Zygote  ( 6381): Problem preloading android.media.MediaRecorder: java.lang.UnsatisfiedLinkError: dlopen failed: cannot locate symbol "_ZN7android11MediaPlayer6resumeEv" referenced by "libmedia_jni.so"...
E/art     ( 6381): dlopen("/system/lib/libmedia_jni.so", RTLD_LAZY) failed: dlopen failed: cannot locate symbol "_ZN7android11MediaPlayer6resumeEv" referenced by "libmedia_jni.so"...
W/Zygote  ( 6381): Problem preloading android.media.MediaScanner: java.lang.UnsatisfiedLinkError: dlopen failed: cannot locate symbol "_ZN7android11MediaPlayer6resumeEv" referenced by "libmedia_jni.so"...
E/art     ( 6381): dlopen("/system/lib/libmedia_jni.so", RTLD_LAZY) failed: dlopen failed: cannot locate symbol "_ZN7android11MediaPlayer6resumeEv" referenced by "libmedia_jni.so"...
W/Zygote  ( 6381): Problem preloading android.media.ResampleInputStream: java.lang.UnsatisfiedLinkError: dlopen failed: cannot locate symbol "_ZN7android11MediaPlayer6resumeEv" referenced by "libmedia_jni.so"...
E/art     ( 6381): dlopen("/system/lib/libaudioeffect_jni.so", RTLD_LAZY) failed: dlopen failed: cannot locate symbol "_ZN7android10Visualizer21cancelCaptureCallBackEv" referenced by "libaudioeffect_jni.so"...
W/Zygote  ( 6381): Problem preloading android.media.audiofx.AudioEffect: java.lang.UnsatisfiedLinkError: dlopen failed: cannot locate symbol "_ZN7android10Visualizer21cancelCaptureCallBackEv" referenced by "libaudioeffect_jni.so"...
F/art     ( 6381): art/runtime/class_linker.cc:4450] Check failed: super_class->IsResolved() 
F/art     ( 6381): art/runtime/runtime.cc:284] Runtime aborting...
F/art     ( 6381): art/runtime/runtime.cc:284] Aborting thread:
F/art     ( 6381): art/runtime/runtime.cc:284] "main" prio=5 tid=1 Runnable
F/art     ( 6381): art/runtime/runtime.cc:284]   | group="" sCount=0 dsCount=0 obj=0x12f06500 self=0xb5007800
F/art     ( 6381): art/runtime/runtime.cc:284]   | sysTid=6381 nice=0 cgrp=default sched=0/0 handle=0xb6f70ec8
F/art     ( 6381): art/runtime/runtime.cc:284]   | state=R schedstat=( 3041547540 2852211 132 ) utm=262 stm=41 core=6 HZ=100
F/art     ( 6381): art/runtime/runtime.cc:284]   | stack=0xbe075000-0xbe077000 stackSize=8MB
F/art     ( 6381): art/runtime/runtime.cc:284]   | held mutexes= "abort lock" "mutator lock"(shared held)
F/art     ( 6381): art/runtime/runtime.cc:284]   native: #00 pc 000045b4  /system/lib/libbacktrace_libc++.so (UnwindCurrent::Unwind(unsigned int, ucontext*)+23)
F/art     ( 6381): art/runtime/runtime.cc:284]   native: #01 pc 00002e1d  /system/lib/libbacktrace_libc++.so (Backtrace::Unwind(unsigned int, ucontext*)+8)
F/art     ( 6381): art/runtime/runtime.cc:284]   native: #02 pc 002516d5  /system/lib/libart.so (art::DumpNativeStack(std::__1::basic_ostream<char, std::__1::char_traits<char> >&, int, char const*, art::mirror::ArtMethod*)+84)
F/art     ( 6381): art/runtime/runtime.cc:284]   native: #03 pc 00235453  /system/lib/libart.so (art::Thread::Dump(std::__1::basic_ostream<char, std::__1::char_traits<char> >&) const+162)
F/art     ( 6381): art/runtime/runtime.cc:284]   native: #04 pc 00225111  /system/lib/libart.so (art::AbortState::DumpThread(std::__1::basic_ostream<char, std::__1::char_traits<char> >&, art::Thread*)+32)
F/art     ( 6381): art/runtime/runtime.cc:284]   native: #05 pc 0022537b  /system/lib/libart.so (art::AbortState::Dump(std::__1::basic_ostream<char, std::__1::char_traits<char> >&)+354)
F/art     ( 6381): art/runtime/runtime.cc:284]   native: #06 pc 00225573  /system/lib/libart.so (art::Runtime::Abort()+82)
F/art     ( 6381): art/runtime/runtime.cc:284]   native: #07 pc 000a6819  /system/lib/libart.so (art::LogMessage::~LogMessage()+1360)
F/art     ( 6381): art/runtime/runtime.cc:284]   native: #08 pc 000d88b5  /system/lib/libart.so (art::ClassLinker::LoadSuperAndInterfaces(art::Handle<art::mirror::Class>, art::DexFile const&)+712)
F/art     ( 6381): art/runtime/runtime.cc:284]   native: #09 pc 000d4303  /system/lib/libart.so (art::ClassLinker::DefineClass(char const*, art::Handle<art::mirror::ClassLoader>, art::DexFile const&, art::DexFile::ClassDef const&)+434)
F/art     ( 6381): art/runtime/runtime.cc:284]   native: #10 pc 000d4823  /system/lib/libart.so (art::ClassLinker::FindClassInPathClassLoader(art::ScopedObjectAccessAlreadyRunnable&, art::Thread*, char const*, art::Handle<art::mirror::ClassLoader>)+530)
F/art     ( 6381): art/runtime/runtime.cc:284]   native: #11 pc 000d4af7  /system/lib/libart.so (art::ClassLinker::FindClass(art::Thread*, char const*, art::Handle<art::mirror::ClassLoader>) (.part.401)+366)
F/art     ( 6381): art/runtime/runtime.cc:284]   native: #12 pc 00203567  /system/lib/libart.so (art::Class_classForName(_JNIEnv*, _jclass*, _jstring*, unsigned char, _jobject*)+194)
F/art     ( 6381): art/runtime/runtime.cc:284]   native: #13 pc 000a23b1  /system/lib/libart.so (art_quick_generic_jni_trampoline+32)
F/art     ( 6381): art/runtime/runtime.cc:284]   native: #14 pc 00002f04  /dev/ashmem/dalvik-non moving space (deleted) (???)
F/art     ( 6381): art/runtime/runtime.cc:284]   at java.lang.Class.classForName!(Native method)
F/art     ( 6381): art/runtime/runtime.cc:284]   at java.lang.Class.forName(Class.java:308)
F/art     ( 6381): art/runtime/runtime.cc:284]   at java.lang.Class.forName(Class.java:272)
F/art     ( 6381): art/runtime/runtime.cc:284]   at com.android.internal.os.ZygoteInit.preloadClasses(ZygoteInit.java:326)
F/art     ( 6381): art/runtime/runtime.cc:284]   at com.android.internal.os.ZygoteInit.preload(ZygoteInit.java:254)
F/art     ( 6381): art/runtime/runtime.cc:284]   at com.android.internal.os.ZygoteInit.main(ZygoteInit.java:670)
F/art     ( 6381): art/runtime/runtime.cc:284] Dumping all threads without appropriate locks held: thread list lock
F/art     ( 6381): art/runtime/runtime.cc:284] All threads:
F/art     ( 6381): art/runtime/runtime.cc:284] DALVIK THREADS (6):
F/art     ( 6381): art/runtime/runtime.cc:284] "main" prio=5 tid=1 Runnable
F/art     ( 6381): art/runtime/runtime.cc:284]   | group="" sCount=0 dsCount=0 obj=0x12f06500 self=0xb5007800
F/art     ( 6381): art/runtime/runtime.cc:284]   | sysTid=6381 nice=0 cgrp=default sched=0/0 handle=0xb6f70ec8
F/art     ( 6381): art/runtime/runtime.cc:284]   | state=R schedstat=( 3051470707 2852211 132 ) utm=263 stm=41 core=6 HZ=100
F/art     ( 6381): art/runtime/runtime.cc:284]   | stack=0xbe075000-0xbe077000 stackSize=8MB
F/art     ( 6381): art/runtime/runtime.cc:284]   | held mutexes= "abort lock" "mutator lock"(shared held)
F/art     ( 6381): art/runtime/runtime.cc:284]   native: #00 pc 000045b4  /system/lib/libbacktrace_libc++.so (UnwindCurrent::Unwind(unsigned int, ucontext*)+23)
F/art     ( 6381): art/runtime/runtime.cc:284]   native: #01 pc 00002e1d  /system/lib/libbacktrace_libc++.so (Backtrace::Unwind(unsigned int, ucontext*)+8)
F/art     ( 6381): art/runtime/runtime.cc:284]   native: #02 pc 002516d5  /system/lib/libart.so (art::DumpNativeStack(std::__1::basic_ostream<char, std::__1::char_traits<char> >&, int, char const*, art::mirror::ArtMethod*)+84)
F/art     ( 6381): art/runtime/runtime.cc:284]   native: #03 pc 00235453  /system/lib/libart.so (art::Thread::Dump(std::__1::basic_ostream<char, std::__1::char_traits<char> >&) const+162)
F/art     ( 6381): art/runtime/runtime.cc:284]   native: #04 pc 0023e345  /system/lib/libart.so (art::ThreadList::DumpLocked(std::__1::basic_ostream<char, std::__1::char_traits<char> >&)+120)
F/art     ( 6381): art/runtime/runtime.cc:284]   native: #05 pc 00225329  /system/lib/libart.so (art::AbortState::Dump(std::__1::basic_ostream<char, std::__1::char_traits<char> >&)+272)
F/art     ( 6381): art/runtime/runtime.cc:284]   native: #06 pc 00225573  /system/lib/libart.so (art::Runtime::Abort()+82)
F/art     ( 6381): art/runtime/runtime.cc:284]   native: #07 pc 000a6819  /system/lib/libart.so (art::LogMessage::~LogMessage()+1360)
F/art     ( 6381): art/runtime/runtime.cc:284]   native: #08 pc 000d88b5  /system/lib/libart.so (art::ClassLinker::LoadSuperAndInterfaces(art::Handle<art::mirror::Class>, art::DexFile const&)+712)
F/art     ( 6381): art/runtime/runtime.cc:284]   native: #09 pc 000d4303  /system/lib/libart.so (art::ClassLinker::DefineClass(char const*, art::Handle<art::mirror::ClassLoader>, art::DexFile const&, art::DexFile::ClassDef const&)+434)
F/art     ( 6381): art/runtime/runtime.cc:284]   native: #10 pc 000d4823  /system/lib/libart.so (art::ClassLinker::FindClassInPathClassLoader(art::ScopedObjectAccessAlreadyRunnable&, art::Thread*, char const*, art::Handle<art::mirror::ClassLoader>)+530)
F/art     ( 6381): art/runtime/runtime.cc:284]   native: #11 pc 000d4af7  /system/lib/libart.so (art::ClassLinker::FindClass(art::Thread*, char const*, art::Handle<art::mirror::ClassLoader>) (.part.401)+366)
F/art     ( 6381): art/runtime/runtime.cc:284]   native: #12 pc 00203567  /system/lib/libart.so (art::Class_classForName(_JNIEnv*, _jclass*, _jstring*, unsigned char, _jobject*)+194)
F/art     ( 6381): art/runtime/runtime.cc:284]   native: #13 pc 000a23b1  /system/lib/libart.so (art_quick_generic_jni_trampoline+32)
F/art     ( 6381): art/runtime/runtime.cc:284]   native: #14 pc 00002f04  /dev/ashmem/dalvik-non moving space (deleted) (???)
W/main    ( 6381): type=1701 audit(0.0:2248): auid=4294967295 uid=0 gid=0 ses=4294967295 subj=u:r:zygote:s0 reason="memory violation" sig=6
F/art     ( 6381): art/runtime/runtime.cc:284]   at java.lang.Class.classForName!(Native method)
F/art     ( 6381): art/runtime/runtime.cc:284]   at java.lang.Class.forName(Class.java:308)
F/art     ( 6381): art/runtime/runtime.cc:284]   at java.lang.Class.forName(Class.java:272)
F/art     ( 6381): art/runtime/runtime.cc:284]   at com.android.internal.os.ZygoteInit.preloadClasses(ZygoteInit.java:326)
F/art     ( 6381): art/runtime/runtime.cc:284]   at com.android.internal.os.ZygoteInit.preload(ZygoteInit.java:254)
F/art     ( 6381): art/runtime/runtime.cc:284]   at com.android.internal.os.ZygoteInit.main(ZygoteInit.java:670)
F/art     ( 6381): art/runtime/runtime.cc:284] 
F/art     ( 6381): art/runtime/runtime.cc:284] "ReferenceQueueDaemon" prio=5 tid=2 Waiting
F/art     ( 6381): art/runtime/runtime.cc:284]   | group="" sCount=0 dsCount=0 obj=0x12f06860 self=0xb5008000
F/art     ( 6381): art/runtime/runtime.cc:284]   | sysTid=6526 nice=0 cgrp=default sched=0/0 handle=0xac721300
F/art     ( 6381): art/runtime/runtime.cc:284]   | state=S schedstat=( 11044468 139708 56 ) utm=0 stm=1 core=6 HZ=100
F/art     ( 6381): art/runtime/runtime.cc:284]   | stack=0xa9e45000-0xa9e47000 stackSize=1036KB
F/art     ( 6381): art/runtime/runtime.cc:284]   | held mutexes=
F/art     ( 6381): art/runtime/runtime.cc:284]   kernel: (couldn't read /proc/self/task/6526/stack)
F/art     ( 6381): art/runtime/runtime.cc:284]   native: #00 pc 00010114  /system/lib/libc.so (syscall+28)
F/art     ( 6381): art/runtime/runtime.cc:284]   native: #01 pc 000a9553  /system/lib/libart.so (art::ConditionVariable::Wait(art::Thread*)+98)
F/art     ( 6381): art/runtime/runtime.cc:284]   native: #02 pc 001f4c89  /system/lib/libart.so (art::Monitor::Wait(art::Thread*, long long, int, bool, art::ThreadState)+1036)
F/art     ( 6381): art/runtime/runtime.cc:284]   native: #03 pc 001f634d  /system/lib/libart.so (art::Monitor::Wait(art::Thread*, art::mirror::Object*, long long, int, bool, art::ThreadState)+136)
F/art     ( 6381): art/runtime/runtime.cc:284]   native: #04 pc 002038ad  /system/lib/libart.so (art::Object_wait(_JNIEnv*, _jobject*)+40)
F/art     ( 6381): art/runtime/runtime.cc:284]   native: #05 pc 000a23b1  /system/lib/libart.so (art_quick_generic_jni_trampoline+32)
F/art     ( 6381): art/runtime/runtime.cc:284]   native: #06 pc 001e499d  /system/lib/libart.so (art::mirror::ArtMethod::Invoke(art::Thread*, unsigned int*, unsigned int, art::JValue*, char const*)+152)
F/art     ( 6381): art/runtime/runtime.cc:284]   at java.lang.Object.wait!(Native method)
F/art     ( 6381): art/runtime/runtime.cc:284]   - waiting on <0x0c468286> (a java.lang.Class<java.lang.ref.ReferenceQueue>)
F/art     ( 6381): art/runtime/runtime.cc:284]   at java.lang.Daemons$ReferenceQueueDaemon.run(Daemons.java:133)
F/art     ( 6381): art/runtime/runtime.cc:284]   - locked <0x0c468286> (a java.lang.Class<java.lang.ref.ReferenceQueue>)
F/art     ( 6381): art/runtime/runtime.cc:284]   at java.lang.Thread.run(Thread.java:818)
F/art     ( 6381): art/runtime/runtime.cc:284] 
F/art     ( 6381): art/runtime/runtime.cc:284] "FinalizerDaemon" prio=5 tid=3 Waiting
F/art     ( 6381): art/runtime/runtime.cc:284]   | group="" sCount=0 dsCount=0 obj=0x12f06920 self=0xb5007c00
F/art     ( 6381): art/runtime/runtime.cc:284]   | sysTid=6527 nice=0 cgrp=default sched=0/0 handle=0xac721080
F/art     ( 6381): art/runtime/runtime.cc:284]   | state=S schedstat=( 11728998 62834 52 ) utm=1 stm=0 core=5 HZ=100
F/art     ( 6381): art/runtime/runtime.cc:284]   | stack=0xa9bfe000-0xa9c00000 stackSize=1036KB
F/art     ( 6381): art/runtime/runtime.cc:284]   | held mutexes=
F/art     ( 6381): art/runtime/runtime.cc:284]   kernel: (couldn't read /proc/self/task/6527/stack)
F/art     ( 6381): art/runtime/runtime.cc:284]   native: #00 pc 00010114  /system/lib/libc.so (syscall+28)
F/art     ( 6381): art/runtime/runtime.cc:284]   native: #01 pc 000a9553  /system/lib/libart.so (art::ConditionVariable::Wait(art::Thread*)+98)
F/art     ( 6381): art/runtime/runtime.cc:284]   native: #02 pc 001f4c89  /system/lib/libart.so (art::Monitor::Wait(art::Thread*, long long, int, bool, art::ThreadState)+1036)
F/art     ( 6381): art/runtime/runtime.cc:284]   native: #03 pc 001f634d  /system/lib/libart.so (art::Monitor::Wait(art::Thread*, art::mirror::Object*, long long, int, bool, art::ThreadState)+136)
F/art     ( 6381): art/runtime/runtime.cc:284]   native: #04 pc 00203875  /system/lib/libart.so (art::Object_waitJI(_JNIEnv*, _jobject*, long long, int)+44)
F/art     ( 6381): art/runtime/runtime.cc:284]   native: #05 pc 000a23b1  /system/lib/libart.so (art_quick_generic_jni_trampoline+32)
F/art     ( 6381): art/runtime/runtime.cc:284]   native: #06 pc 00000934  /dev/ashmem/dalvik-non moving space (deleted) (???)
F/art     ( 6381): art/runtime/runtime.cc:284]   at java.lang.Object.wait!(Native method)
F/art     ( 6381): art/runtime/runtime.cc:284]   - waiting on <0x2f6e9747> (a java.lang.ref.ReferenceQueue)
F/art     ( 6381): art/runtime/runtime.cc:284]   at java.lang.Object.wait(Object.java:422)
F/art     ( 6381): art/runtime/runtime.cc:284]   at java.lang.ref.ReferenceQueue.remove(ReferenceQueue.java:101)
F/art     ( 6381): art/runtime/runtime.cc:284]   - locked <0x2f6e9747> (a java.lang.ref.ReferenceQueue)
F/art     ( 6381): art/runtime/runtime.cc:284]   at java.lang.ref.ReferenceQueue.remove(ReferenceQueue.java:72)
F/art     ( 6381): art/runtime/runtime.cc:284]   at java.lang.Daemons$FinalizerDaemon.run(Daemons.java:173)
F/art     ( 6381): art/runtime/runtime.cc:284]   at java.lang.Thread.run(Thread.java:818)
F/art     ( 6381): art/runtime/runtime.cc:284] 
F/art     ( 6381): art/runtime/runtime.cc:284] "FinalizerWatchdogDaemon" prio=5 tid=4 Sleeping
F/art     ( 6381): art/runtime/runtime.cc:284]   | group="" sCount=0 dsCount=0 obj=0x12f06980 self=0xb5008400
F/art     ( 6381): art/runtime/runtime.cc:284]   | sysTid=6528 nice=0 cgrp=default sched=0/0 handle=0xac721580
F/art     ( 6381): art/runtime/runtime.cc:284]   | state=S schedstat=( 1195375 0 2 ) utm=0 stm=0 core=6 HZ=100
F/art     ( 6381): art/runtime/runtime.cc:284]   | stack=0xa98fe000-0xa9900000 stackSize=1036KB
F/art     ( 6381): art/runtime/runtime.cc:284]   | held mutexes=
F/art     ( 6381): art/runtime/runtime.cc:284]   kernel: (couldn't read /proc/self/task/6528/stack)
F/art     ( 6381): art/runtime/runtime.cc:284]   native: #00 pc 00010118  /system/lib/libc.so (syscall+32)
F/art     ( 6381): art/runtime/runtime.cc:284]   native: #01 pc 000a92df  /system/lib/libart.so (art::ConditionVariable::TimedWait(art::Thread*, long long, int)+118)
F/art     ( 6381): art/runtime/runtime.cc:284]   native: #02 pc 001f4a75  /system/lib/libart.so (art::Monitor::Wait(art::Thread*, long long, int, bool, art::ThreadState)+504)
F/art     ( 6381): art/runtime/runtime.cc:284]   native: #03 pc 001f634d  /system/lib/libart.so (art::Monitor::Wait(art::Thread*, art::mirror::Object*, long long, int, bool, art::ThreadState)+136)
F/art     ( 6381): art/runtime/runtime.cc:284]   native: #04 pc 000a23b1  /system/lib/libart.so (art_quick_generic_jni_trampoline+32)
F/art     ( 6381): art/runtime/runtime.cc:284]   native: #05 pc 00038154  /dev/ashmem/dalvik-non moving space (deleted) (???)
F/art     ( 6381): art/runtime/runtime.cc:284]   at java.lang.Thread.sleep!(Native method)
F/art     ( 6381): art/runtime/runtime.cc:284]   - sleeping on <0x2c183b74> (a java.lang.Object)
F/art     ( 6381): art/runtime/runtime.cc:284]   at java.lang.Thread.sleep(Thread.java:1031)
F/art     ( 6381): art/runtime/runtime.cc:284]   - locked <0x2c183b74> (a java.lang.Object)
F/art     ( 6381): art/runtime/runtime.cc:284]   at java.lang.Thread.sleep(Thread.java:985)
F/art     ( 6381): art/runtime/runtime.cc:284]   at java.lang.Daemons$FinalizerWatchdogDaemon.sleepFor(Daemons.java:257)
F/art     ( 6381): art/runtime/runtime.cc:284]   at java.lang.Daemons$FinalizerWatchdogDaemon.waitForFinalization(Daemons.java:268)
F/art     ( 6381): art/runtime/runtime.cc:284]   at java.lang.Daemons$FinalizerWatchdogDaemon.run(Daemons.java:216)
F/art     ( 6381): art/runtime/runtime.cc:284]   at java.lang.Thread.run(Thread.java:818)
F/art     ( 6381): art/runtime/runtime.cc:284] 
F/art     ( 6381): art/runtime/runtime.cc:284] "HeapTrimmerDaemon" prio=5 tid=5 Waiting
F/art     ( 6381): art/runtime/runtime.cc:284]   | group="" sCount=0 dsCount=0 obj=0x12f069e0 self=0xb5008800
F/art     ( 6381): art/runtime/runtime.cc:284]   | sysTid=6529 nice=0 cgrp=default sched=0/0 handle=0xac721800
F/art     ( 6381): art/runtime/runtime.cc:284]   | state=S schedstat=( 985542 0 1 ) utm=0 stm=0 core=6 HZ=100
F/art     ( 6381): art/runtime/runtime.cc:284]   | stack=0xa95fe000-0xa9600000 stackSize=1036KB
F/art     ( 6381): art/runtime/runtime.cc:284]   | held mutexes=
F/art     ( 6381): art/runtime/runtime.cc:284]   kernel: (couldn't read /proc/self/task/6529/stack)
F/art     ( 6381): art/runtime/runtime.cc:284]   native: #00 pc 00010114  /system/lib/libc.so (syscall+28)
F/art     ( 6381): art/runtime/runtime.cc:284]   native: #01 pc 000a9553  /system/lib/libart.so (art::ConditionVariable::Wait(art::Thread*)+98)
F/art     ( 6381): art/runtime/runtime.cc:284]   native: #02 pc 001f4c89  /system/lib/libart.so (art::Monitor::Wait(art::Thread*, long long, int, bool, art::ThreadState)+1036)
F/art     ( 6381): art/runtime/runtime.cc:284]   native: #03 pc 001f634d  /system/lib/libart.so (art::Monitor::Wait(art::Thread*, art::mirror::Object*, long long, int, bool, art::ThreadState)+136)
F/art     ( 6381): art/runtime/runtime.cc:284]   native: #04 pc 002038ad  /system/lib/libart.so (art::Object_wait(_JNIEnv*, _jobject*)+40)
F/art     ( 6381): art/runtime/runtime.cc:284]   native: #05 pc 000a23b1  /system/lib/libart.so (art_quick_generic_jni_trampoline+32)
F/art     ( 6381): art/runtime/runtime.cc:284]   native: #06 pc 002024d4  /dev/ashmem/dalvik-classes.dex extracted in memory from /system/framework/core-libart.jar (deleted) (???)
F/art     ( 6381): art/runtime/runtime.cc:284]   at java.lang.Object.wait!(Native method)
F/art     ( 6381): art/runtime/runtime.cc:284]   - waiting on <0x1826d89d> (a java.lang.Daemons$HeapTrimmerDaemon)
F/art     ( 6381): art/runtime/runtime.cc:284]   at java.lang.Daemons$HeapTrimmerDaemon.run(Daemons.java:310)
F/art     ( 6381): art/runtime/runtime.cc:284]   - locked <0x1826d89d> (a java.lang.Daemons$HeapTrimmerDaemon)
F/art     ( 6381): art/runtime/runtime.cc:284]   at java.lang.Thread.run(Thread.java:818)
F/art     ( 6381): art/runtime/runtime.cc:284] 
F/art     ( 6381): art/runtime/runtime.cc:284] "GCDaemon" prio=5 tid=6 Waiting
F/art     ( 6381): art/runtime/runtime.cc:284]   | group="" sCount=0 dsCount=0 obj=0x12f06a40 self=0xb5008c00
F/art     ( 6381): art/runtime/runtime.cc:284]   | sysTid=6530 nice=0 cgrp=default sched=0/0 handle=0xac721a80
F/art     ( 6381): art/runtime/runtime.cc:284]   | state=S schedstat=( 26574458 829876 27 ) utm=2 stm=0 core=4 HZ=100
F/art     ( 6381): art/runtime/runtime.cc:284]   | stack=0xa92fe000-0xa9300000 stackSize=1036KB
F/art     ( 6381): art/runtime/runtime.cc:284]   | held mutexes=
F/art     ( 6381): art/runtime/runtime.cc:284]   kernel: (couldn't read /proc/self/task/6530/stack)
F/art     ( 6381): art/runtime/runtime.cc:284]   native: #00 pc 00010114  /system/lib/libc.so (syscall+28)
F/art     ( 6381): art/runtime/runtime.cc:284]   native: #01 pc 000a9553  /system/lib/libart.so (art::ConditionVariable::Wait(art::Thread*)+98)
F/art     ( 6381): art/runtime/runtime.cc:284]   native: #02 pc 001f4c89  /system/lib/libart.so (art::Monitor::Wait(art::Thread*, long long, int, bool, art::ThreadState)+1036)
F/art     ( 6381): art/runtime/runtime.cc:284]   native: #03 pc 001f634d  /system/lib/libart.so (art::Monitor::Wait(art::Thread*, art::mirror::Object*, long long, int, bool, art::ThreadState)+136)
F/art     ( 6381): art/runtime/runtime.cc:284]   native: #04 pc 002038ad  /system/lib/libart.so (art::Object_wait(_JNIEnv*, _jobject*)+40)
F/art     ( 6381): art/runtime/runtime.cc:284]   native: #05 pc 000a23b1  /system/lib/libart.so (art_quick_generic_jni_trampoline+32)
F/art     ( 6381): art/runtime/runtime.cc:284]   native: #06 pc 002024d4  /dev/ashmem/dalvik-classes.dex extracted in memory from /system/framework/core-libart.jar (deleted) (???)
F/art     ( 6381): art/runtime/runtime.cc:284]   at java.lang.Object.wait!(Native method)
F/art     ( 6381): art/runtime/runtime.cc:284]   - waiting on <0x04f84112> (a java.lang.Daemons$GCDaemon)
F/art     ( 6381): art/runtime/runtime.cc:284]   at java.lang.Daemons$GCDaemon.run(Daemons.java:341)
F/art     ( 6381): art/runtime/runtime.cc:284]   - locked <0x04f84112> (a java.lang.Daemons$GCDaemon)
F/art     ( 6381): art/runtime/runtime.cc:284]   at java.lang.Thread.run(Thread.java:818)
F/art     ( 6381): art/runtime/runtime.cc:284] 
F/art     ( 6381): art/runtime/runtime.cc:284] 
F/libc    ( 6381): Fatal signal 6 (SIGABRT), code -6 in tid 6381 (main)
I/libc    ( 6381): Suppressing debuggerd output because prctl(PR_GET_DUMPABLE)==0
I/ServiceManager( 3575): service 'media.audio_flinger' died
I/Netd    ( 6565): Netd 1.0 starting
E/Netd    ( 6565): Failed to open /proc/sys/net/ipv6/conf/default/accept_ra_rt_table: No such file or directory
E/Netd    ( 6565): Failed to open /proc/sys/net/ipv6/conf/ip6tnl0/accept_ra_rt_table: No such file or directory
E/Netd    ( 6565): Failed to open /proc/sys/net/ipv6/conf/lo/accept_ra_rt_table: No such file or directory
E/Netd    ( 6565): Failed to open /proc/sys/net/ipv6/conf/rmnet0/accept_ra_rt_table: No such file or directory
