W/PackageManager( 4082): Unknown permission com.android.launcher.permission.READ_SETTINGS in package com.cyanogenmod.trebuchet
W/PackageManager( 4082): Unknown permission com.android.launcher.permission.WRITE_SETTINGS in package com.cyanogenmod.trebuchet
W/PackageManager( 4082): Unknown permission android.permission.CANCEL_NOTIFICATIONS in package org.cyanogenmod.theme.chooser
V/PackageManager( 4082): Disabling com.google.android.gsf/com.google.android.gsf.update.SystemUpdateActivity
W/PackageManager( 4082): Unable to disable com.google.android.gsf/com.google.android.gsf.update.SystemUpdateActivity
V/PackageManager( 4082): Disabling com.google.android.gsf/com.google.android.gsf.update.SystemUpdateService$Receiver
W/PackageManager( 4082): Unable to disable com.google.android.gsf/com.google.android.gsf.update.SystemUpdateService$Receiver
V/PackageManager( 4082): Disabling com.google.android.gsf/com.google.android.gsf.update.SystemUpdateService$SecretCodeReceiver
W/PackageManager( 4082): Unable to disable com.google.android.gsf/com.google.android.gsf.update.SystemUpdateService$SecretCodeReceiver
V/PackageManager( 4082): Disabling com.google.android.gms/com.google.android.gms.update.SystemUpdateActivity
W/PackageManager( 4082): Unable to disable com.google.android.gms/com.google.android.gms.update.SystemUpdateActivity
V/PackageManager( 4082): Disabling com.google.android.gms/com.google.android.gms.update.SystemUpdateService$Receiver
W/PackageManager( 4082): Unable to disable com.google.android.gms/com.google.android.gms.update.SystemUpdateService$Receiver
V/PackageManager( 4082): Disabling com.google.android.gms/com.google.android.gms.update.SystemUpdateService$ActiveReceiver
W/PackageManager( 4082): Unable to disable com.google.android.gms/com.google.android.gms.update.SystemUpdateService$ActiveReceiver
V/PackageManager( 4082): Disabling com.google.android.gms/com.google.android.gms.update.SystemUpdateService$SecretCodeReceiver
W/PackageManager( 4082): Unable to disable com.google.android.gms/com.google.android.gms.update.SystemUpdateService$SecretCodeReceiver
V/PackageManager( 4082): Enabling com.google.android.gsf/com.google.android.gsf.update.SystemUpdateService
W/PackageManager( 4082): Unable to enable com.google.android.gsf/com.google.android.gsf.update.SystemUpdateService
V/PackageManager( 4082): Enabling com.google.android.gms/com.google.android.gms.update.SystemUpdateService
W/PackageManager( 4082): Unable to enable com.google.android.gms/com.google.android.gms.update.SystemUpdateService
I/art     ( 4082): Explicit concurrent mark sweep GC freed 141837(11MB) AllocSpace objects, 50(972KB) LOS objects, 33% free, 26MB/39MB, paused 1.060ms total 106.159ms
I/SystemServer( 4082): User Service
I/lowmemorykiller( 3662): ActivityManager connected
I/SystemServiceManager( 4082): Starting com.android.server.lights.LightsService
I/SystemServiceManager( 4082): Starting com.android.server.BatteryService
I/SystemServiceManager( 4082): Starting com.android.server.usage.UsageStatsService
I/SystemServiceManager( 4082): Starting com.android.server.webkit.WebViewUpdateService
I/SystemServer( 4082): Reading configuration...
I/SystemServer( 4082): Scheduling Policy
I/SystemServer( 4082): Telephony Registry
I/SystemServer( 4082): Entropy Mixer
I/EntropyMixer( 4082): Added HW RNG output to entropy pool
I/EntropyMixer( 4082): Writing entropy...
I/SystemServer( 4082): Account Manager
I/SystemServer( 4082): Content Manager
I/SystemServer( 4082): System Content Providers
W/ActivityManager( 4082): Can't addPackageDependency on system process
W/CoreSettingsObserver( 4082): Cannot find setting "debug_view_attributes"
W/CoreSettingsObserver( 4082): android.provider.Settings$SettingNotFoundException: debug_view_attributes
W/CoreSettingsObserver( 4082): 	at android.provider.Settings$Global.getInt(Settings.java:8060)
W/CoreSettingsObserver( 4082): 	at com.android.server.am.CoreSettingsObserver.populateSettings(CoreSettingsObserver.java:129)
W/CoreSettingsObserver( 4082): 	at com.android.server.am.CoreSettingsObserver.sendCoreSettings(CoreSettingsObserver.java:82)
W/CoreSettingsObserver( 4082): 	at com.android.server.am.CoreSettingsObserver.<init>(CoreSettingsObserver.java:65)
W/CoreSettingsObserver( 4082): 	at com.android.server.am.ActivityManagerService.installSystemProviders(ActivityManagerService.java:9976)
W/CoreSettingsObserver( 4082): 	at com.android.server.SystemServer.startOtherServices(SystemServer.java:482)
W/CoreSettingsObserver( 4082): 	at com.android.server.SystemServer.run(SystemServer.java:284)
W/CoreSettingsObserver( 4082): 	at com.android.server.SystemServer.main(SystemServer.java:185)
W/CoreSettingsObserver( 4082): 	at java.lang.reflect.Method.invoke(Native Method)
W/CoreSettingsObserver( 4082): 	at java.lang.reflect.Method.invoke(Method.java:372)
W/CoreSettingsObserver( 4082): 	at com.android.internal.os.ZygoteInit$MethodAndArgsCaller.run(ZygoteInit.java:898)
W/CoreSettingsObserver( 4082): 	at com.android.internal.os.ZygoteInit.main(ZygoteInit.java:693)
I/SystemServer( 4082): Vibrator Service
I/SystemServer( 4082): Consumer IR Service
I/SystemServiceManager( 4082): Starting com.android.server.AlarmManagerService
D/AlarmManagerService( 4082): Kernel timezone updated to 180 minutes west of GMT
I/SystemServer( 4082): Init Watchdog
I/SystemServer( 4082): Input Manager
I/InputManager( 4082): Initializing input manager, mUseDevInputEventForAudioJack=false
I/SystemServer( 4082): Window Manager
I/WindowManager( 4082): No existing display settings /data/system/display_settings.xml; starting empty
D/PermissionCache( 3666): checking android.permission.ACCESS_SURFACE_FLINGER for uid=1000 => granted (585 us)
W/Settings( 4082): Setting dev_force_show_navbar has moved from android.provider.Settings.System to android.provider.Settings.Secure, returning Secure URI.
I/InputManager( 4082): Starting input manager
D/EventHub( 4082): No input device configuration file found for device 'hrm_sensor'.
I/SystemServer( 4082): Bluetooth Manager Service
D/BluetoothManagerService( 4082): Loading stored name and address
D/BluetoothManagerService( 4082): Stored bluetooth Name=null,Address=null
I/SystemServer( 4082): Input Method Service
D/EventHub( 4082): No input device configuration file found for device 'ssp_context'.
W/InputMethodManagerService( 4082): Couldn't create dir.: /data/system/inputmethod
D/EventHub( 4082): No input device configuration file found for device 'meta_event'.
D/EventHub( 4082): No input device configuration file found for device 'step_cnt_sensor'.
D/EventHub( 4082): No input device configuration file found for device 'uncal_gyro_sensor'.
W/InputMethodManagerService( 4082): No IME selected. Choose the most applicable IME.
I/InputMethodManagerService( 4082): No default found, using com.android.inputmethod.latin/.LatinIME
I/SystemServer( 4082): Accessibility Manager
D/EventHub( 4082): No input device configuration file found for device 'sig_motion_sensor'.
I/ActivityManager( 4082): Config changes=1df8 {1.0 ?mcc?mnc es_US ldltr sw360dp w360dp h640dp 480dpi nrml long port ?uimode ?night -touch -keyb/h/h -nav/h s.2 themeResource=null}
I/ActivityManager( 4082): Config changes=400 {1.0 ?mcc?mnc es_US ldltr sw360dp w360dp h615dp 480dpi nrml long port ?uimode ?night -touch -keyb/h/h -nav/h s.3 themeResource=null}
I/SystemServer( 4082): Mount Service
D/MountService( 4082): got storage path: /storage/sdcard0 description: Almacenamiento interno primary: true removable: false emulated: true mtpReserve: 100 allowMassStorage: false maxFileSize: 0
D/EventHub( 4082): No input device configuration file found for device 'uncal_geomagnetic_sensor'.
D/MountService( 4082): addVolumeLocked() StorageVolume:
D/MountService( 4082):     mStorageId=65537 mPath=/storage/emulated/0 mDescriptionId=17040999 
D/MountService( 4082):     mPrimary=true mRemovable=false mEmulated=true mMtpReserveSpace=100 
D/MountService( 4082):     mAllowMassStorage=false mMaxFileSize=0 mOwner=UserHandle{0} mUuid=null 
D/MountService( 4082):     mUserLabel=null mState=null 
D/MountService( 4082): got storage path: /storage/sdcard1 description: Tarjeta SD primary: false removable: true emulated: false mtpReserve: 0 allowMassStorage: true maxFileSize: 0
D/MountService( 4082): addVolumeLocked() StorageVolume:
D/MountService( 4082):     mStorageId=0 mPath=/storage/sdcard1 mDescriptionId=17041000 mPrimary=false 
D/MountService( 4082):     mRemovable=true mEmulated=false mMtpReserveSpace=0 mAllowMassStorage=true 
D/MountService( 4082):     mMaxFileSize=0 mOwner=null mUuid=null mUserLabel=null mState=null 
D/MountService( 4082): got storage path: /storage/usbdisk description: Almacenamiento USB primary: false removable: true emulated: false mtpReserve: 0 allowMassStorage: false maxFileSize: 0
D/MountService( 4082): addVolumeLocked() StorageVolume:
D/MountService( 4082):     mStorageId=0 mPath=/storage/usbdisk mDescriptionId=17041001 mPrimary=false 
D/MountService( 4082):     mRemovable=true mEmulated=false mMtpReserveSpace=0 mAllowMassStorage=false 
D/MountService( 4082):     mMaxFileSize=0 mOwner=null mUuid=null mUserLabel=null mState=null 
D/MountService( 4082): volume state changed for /storage/sdcard1 (unmounted -> removed)
D/MountService( 4082): volume state changed for /storage/usbdisk (unmounted -> removed)
I/PackageManager( 4082): No secure containers found
I/art     ( 4082): DexFile_isDexOptNeeded failed to open oat file '/data/dalvik-cache/arm/system@priv-app@MmsService@MmsService.apk@classes.dex' for file location '/system/priv-app/MmsService/MmsService.apk': Failed to open oat filename for reading: No such file or directory
I/art     ( 4082): DexFile_isDexOptNeeded failed to open oat file '/system/priv-app/MmsService/arm/MmsService.odex' for file location '/system/priv-app/MmsService/MmsService.apk': Failed to open oat filename for reading: No such file or directory
I/PackageManager( 4082): Running dexopt on: /system/priv-app/MmsService/MmsService.apk pkg=com.android.mms.service isa=arm vmSafeMode=false
W/PackageManager( 4082): Unknown permission com.google.android.googleapps.permission.GOOGLE_AUTH.mail in package com.android.calendar
W/PackageManager( 4082): Unknown permission com.qualcomm.permission.USE_PHONE_SERVICE in package com.android.dialer
W/PackageManager( 4082): Unknown permission android.permission.ACCESS_SUPERUSER in package com.cyanogenmod.filemanager
W/PackageManager( 4082): Unknown permission com.cyanogenmod.filemanager.permissions.READ_THEME in package com.cyanogenmod.filemanager
W/PackageManager( 4082): Unknown permission com.cyngn.cmstats.SEND_ANALYTICS in package com.cyanogenmod.setupwizard
W/PackageManager( 4082): Unknown permission com.google.android.gallery3d.permission.PICASA_STORE in package com.android.dreams.phototable
W/PackageManager( 4082): Unknown permission com.google.android.googleapps.permission.GOOGLE_AUTH in package com.android.settings
W/PackageManager( 4082): Unknown permission com.android.launcher.permission.READ_SETTINGS in package com.android.settings
W/PackageManager( 4082): Unknown permission com.android.launcher.permission.WRITE_SETTINGS in package com.android.settings
E/installd( 3685): DexInv: --- END '/system/priv-app/MmsService/MmsService.apk' --- status=0x0100, process failed
I/art     ( 4082): DexFile_isDexOptNeeded failed to open oat file '/data/dalvik-cache/arm/system@priv-app@Shell@Shell.apk@classes.dex' for file location '/system/priv-app/Shell/Shell.apk': Failed to open oat filename for reading: No such file or directory
I/art     ( 4082): DexFile_isDexOptNeeded failed to open oat file '/system/priv-app/Shell/arm/Shell.odex' for file location '/system/priv-app/Shell/Shell.apk': Failed to open oat filename for reading: No such file or directory
I/PackageManager( 4082): Running dexopt on: /system/priv-app/Shell/Shell.apk pkg=com.android.shell isa=arm vmSafeMode=false
W/PackageManager( 4082): Not granting permission android.permission.DELETE_PACKAGES to package com.svox.pico (protectionLevel=18 flags=0x8be45)
W/PackageManager( 4082): Unknown permission com.google.android.c2dm.permission.RECEIVE in package org.whispersystems.whisperpush
W/PackageManager( 4082): Not granting permission android.permission.BIND_WALLPAPER to package com.android.camera2 (protectionLevel=18 flags=0x58bc45)
W/PackageManager( 4082): Unknown permission com.google.android.gallery3d.permission.GALLERY_PROVIDER in package com.android.bluetooth
W/PackageManager( 4082): Unknown permission com.android.launcher.permission.READ_SETTINGS in package com.android.onetimeinitializer
W/PackageManager( 4082): Unknown permission com.android.launcher.permission.WRITE_SETTINGS in package com.android.onetimeinitializer
W/PackageManager( 4082): Unknown permission com.google.android.c2dm.permission.RECEIVE in package com.cyanogenmod.account
W/PackageManager( 4082): Not granting permission android.permission.DEVICE_POWER to package com.android.deskclock (protectionLevel=2 flags=0x48be45)
W/PackageManager( 4082): Unknown permission com.android.deskclock.worldclock.permissions.WRITE_DATABASE in package com.android.deskclock
W/PackageManager( 4082): Unknown permission com.google.android.googleapps.permission.GOOGLE_AUTH in package com.android.providers.calendar
W/PackageManager( 4082): Unknown permission com.google.android.googleapps.permission.GOOGLE_AUTH.cl in package com.android.providers.calendar
W/PackageManager( 4082): Not granting permission android.permission.WRITE_MEDIA_STORAGE to package com.android.soundrecorder (protectionLevel=18 flags=0x8be45)
W/PackageManager( 4082): Unknown permission android.permission.INSTALL_DRM in package com.android.mms
W/PackageManager( 4082): Unknown permission com.qualcomm.permission.USE_PHONE_SERVICE in package com.android.mms
W/PackageManager( 4082): Not granting permission android.permission.MANAGE_DOCUMENTS to package com.android.mms (protectionLevel=2 flags=0x4049be65)
W/PackageManager( 4082): Not granting permission android.permission.ACCESS_DOWNLOAD_MANAGER to package com.android.browser (protectionLevel=18 flags=0x49be45)
W/PackageManager( 4082): Not granting permission android.permission.SEND_DOWNLOAD_COMPLETED_INTENTS to package com.android.browser (protectionLevel=2 flags=0x49be45)
W/PackageManager( 4082): Unknown permission com.google.android.googleapps.permission.ACCESS_GOOGLE_PASSWORD in package com.android.development
E/installd( 3685): DexInv: --- END '/system/priv-app/Shell/Shell.apk' --- status=0x0100, process failed
W/PackageManager( 4082): Unknown permission com.google.android.googleapps.permission.GOOGLE_AUTH in package com.android.development
W/PackageManager( 4082): Unknown permission com.google.android.googleapps.permission.GOOGLE_AUTH.ALL_SERVICES in package com.android.development
W/PackageManager( 4082): Unknown permission com.google.android.googleapps.permission.GOOGLE_AUTH.YouTubeUser in package com.android.development
I/art     ( 4082): DexFile_isDexOptNeeded failed to open oat file '/data/dalvik-cache/arm/system@priv-app@InputDevices@InputDevices.apk@classes.dex' for file location '/system/priv-app/InputDevices/InputDevices.apk': Failed to open oat filename for reading: No such file or directory
I/art     ( 4082): DexFile_isDexOptNeeded failed to open oat file '/system/priv-app/InputDevices/arm/InputDevices.odex' for file location '/system/priv-app/InputDevices/InputDevices.apk': Failed to open oat filename for reading: No such file or directory
I/PackageManager( 4082): Running dexopt on: /system/priv-app/InputDevices/InputDevices.apk pkg=com.android.inputdevices isa=arm vmSafeMode=false
W/PackageManager( 4082): Unknown permission com.android.launcher.permission.READ_SETTINGS in package com.cyanogenmod.trebuchet
W/PackageManager( 4082): Unknown permission com.android.launcher.permission.WRITE_SETTINGS in package com.cyanogenmod.trebuchet
W/PackageManager( 4082): Unknown permission android.permission.CANCEL_NOTIFICATIONS in package org.cyanogenmod.theme.chooser
D/EventHub( 4082): No input device configuration file found for device 'geomagnetic_sensor'.
D/OpenGLRenderer( 4082): Render dirty regions requested: true
E/installd( 3685): DexInv: --- END '/system/priv-app/InputDevices/InputDevices.apk' --- status=0x0100, process failed
I/art     ( 4082): DexFile_isDexOptNeeded failed to open oat file '/data/dalvik-cache/arm/system@priv-app@Settings@Settings.apk@classes.dex' for file location '/system/priv-app/Settings/Settings.apk': Failed to open oat filename for reading: No such file or directory
I/art     ( 4082): DexFile_isDexOptNeeded failed to open oat file '/system/priv-app/Settings/arm/Settings.odex' for file location '/system/priv-app/Settings/Settings.apk': Failed to open oat filename for reading: No such file or directory
I/PackageManager( 4082): Running dexopt on: /system/priv-app/Settings/Settings.apk pkg=com.android.settings isa=arm vmSafeMode=false
D/EventHub( 4082): No input device configuration file found for device 'gesture_sensor'.
E/installd( 3685): DexInv: --- END '/system/priv-app/Settings/Settings.apk' --- status=0x0100, process failed
I/art     ( 4082): DexFile_isDexOptNeeded failed to open oat file '/data/dalvik-cache/arm/system@priv-app@SettingsProvider@SettingsProvider.apk@classes.dex' for file location '/system/priv-app/SettingsProvider/SettingsProvider.apk': Failed to open oat filename for reading: No such file or directory
I/art     ( 4082): DexFile_isDexOptNeeded failed to open oat file '/system/priv-app/SettingsProvider/arm/SettingsProvider.odex' for file location '/system/priv-app/SettingsProvider/SettingsProvider.apk': Failed to open oat filename for reading: No such file or directory
I/PackageManager( 4082): Running dexopt on: /system/priv-app/SettingsProvider/SettingsProvider.apk pkg=com.android.providers.settings isa=arm vmSafeMode=false
E/installd( 3685): DexInv: --- END '/system/priv-app/SettingsProvider/SettingsProvider.apk' --- status=0x0100, process failed
I/art     ( 4082): DexFile_isDexOptNeeded failed to open oat file '/data/dalvik-cache/arm/system@priv-app@TeleService@TeleService.apk@classes.dex' for file location '/system/priv-app/TeleService/TeleService.apk': Failed to open oat filename for reading: No such file or directory
I/art     ( 4082): DexFile_isDexOptNeeded failed to open oat file '/system/priv-app/TeleService/arm/TeleService.odex' for file location '/system/priv-app/TeleService/TeleService.apk': Failed to open oat filename for reading: No such file or directory
I/PackageManager( 4082): Running dexopt on: /system/priv-app/TeleService/TeleService.apk pkg=com.android.phone isa=arm vmSafeMode=false
E/installd( 3685): DexInv: --- END '/system/priv-app/TeleService/TeleService.apk' --- status=0x0100, process failed
D/EventHub( 4082): No input device configuration file found for device 'temp_humidity_sensor'.
I/UsageStatsService( 4082): User[0] Rollover scheduled @ 2015-07-07 21:00:00(1436313600000)
D/EventHub( 4082): No input device configuration file found for device 'proximity_sensor'.
I/        ( 4082): PLATFORM VERSION : JB-MR-2
I/OpenGLRenderer( 4082): Initialized EGL, version 1.4
I/art     ( 4082): DexFile_isDexOptNeeded failed to open oat file '/data/dalvik-cache/arm/system@priv-app@Dialer@Dialer.apk@classes.dex' for file location '/system/priv-app/Dialer/Dialer.apk': Failed to open oat filename for reading: No such file or directory
I/art     ( 4082): DexFile_isDexOptNeeded failed to open oat file '/system/priv-app/Dialer/arm/Dialer.odex' for file location '/system/priv-app/Dialer/Dialer.apk': Failed to open oat filename for reading: No such file or directory
I/PackageManager( 4082): Running dexopt on: /system/priv-app/Dialer/Dialer.apk pkg=com.android.dialer isa=arm vmSafeMode=false
D/OpenGLRenderer( 4082): Enabling debug mode 0
D/EventHub( 4082): No input device configuration file found for device 'light_sensor'.
E/installd( 3685): DexInv: --- END '/system/priv-app/Dialer/Dialer.apk' --- status=0x0100, process failed
I/art     ( 4082): DexFile_isDexOptNeeded failed to open oat file '/data/dalvik-cache/arm/system@priv-app@FusedLocation@FusedLocation.apk@classes.dex' for file location '/system/priv-app/FusedLocation/FusedLocation.apk': Failed to open oat filename for reading: No such file or directory
I/art     ( 4082): DexFile_isDexOptNeeded failed to open oat file '/system/priv-app/FusedLocation/arm/FusedLocation.odex' for file location '/system/priv-app/FusedLocation/FusedLocation.apk': Failed to open oat filename for reading: No such file or directory
I/PackageManager( 4082): Running dexopt on: /system/priv-app/FusedLocation/FusedLocation.apk pkg=com.android.location.fused isa=arm vmSafeMode=false
E/installd( 3685): DexInv: --- END '/system/priv-app/FusedLocation/FusedLocation.apk' --- status=0x0100, process failed
I/art     ( 4082): DexFile_isDexOptNeeded failed to open oat file '/data/dalvik-cache/arm/system@priv-app@ProxyHandler@ProxyHandler.apk@classes.dex' for file location '/system/priv-app/ProxyHandler/ProxyHandler.apk': Failed to open oat filename for reading: No such file or directory
I/art     ( 4082): DexFile_isDexOptNeeded failed to open oat file '/system/priv-app/ProxyHandler/arm/ProxyHandler.odex' for file location '/system/priv-app/ProxyHandler/ProxyHandler.apk': Failed to open oat filename for reading: No such file or directory
I/PackageManager( 4082): Running dexopt on: /system/priv-app/ProxyHandler/ProxyHandler.apk pkg=com.android.proxyhandler isa=arm vmSafeMode=false
E/installd( 3685): DexInv: --- END '/system/priv-app/ProxyHandler/ProxyHandler.apk' --- status=0x0100, process failed
I/art     ( 4082): DexFile_isDexOptNeeded failed to open oat file '/data/dalvik-cache/arm/system@priv-app@Telecom@Telecom.apk@classes.dex' for file location '/system/priv-app/Telecom/Telecom.apk': Failed to open oat filename for reading: No such file or directory
I/art     ( 4082): DexFile_isDexOptNeeded failed to open oat file '/system/priv-app/Telecom/arm/Telecom.odex' for file location '/system/priv-app/Telecom/Telecom.apk': Failed to open oat filename for reading: No such file or directory
I/PackageManager( 4082): Running dexopt on: /system/priv-app/Telecom/Telecom.apk pkg=com.android.server.telecom isa=arm vmSafeMode=false
D/EventHub( 4082): No input device configuration file found for device 'sii8240_rcp'.
E/installd( 3685): DexInv: --- END '/system/priv-app/Telecom/Telecom.apk' --- status=0x0100, process failed
W/EventHub( 4082): Unable to disable kernel key repeat for /dev/input/event0: Function not implemented
I/EventHub( 4082): New device: id=13, fd=105, path='/dev/input/event0', name='sii8240_rcp', classes=0x1, configuration='', keyLayout='/system/usr/keylayout/Generic.kl', keyCharacterMap='/system/usr/keychars/Generic.kcm', builtinKeyboard=false, wakeMechanism=EPOLLWAKEUP, usingClockIoctl=true
I/art     ( 4082): DexFile_isDexOptNeeded failed to open oat file '/data/dalvik-cache/arm/system@priv-app@TelephonyProvider@TelephonyProvider.apk@classes.dex' for file location '/system/priv-app/TelephonyProvider/TelephonyProvider.apk': Failed to open oat filename for reading: No such file or directory
I/art     ( 4082): DexFile_isDexOptNeeded failed to open oat file '/system/priv-app/TelephonyProvider/arm/TelephonyProvider.odex' for file location '/system/priv-app/TelephonyProvider/TelephonyProvider.apk': Failed to open oat filename for reading: No such file or directory
I/PackageManager( 4082): Running dexopt on: /system/priv-app/TelephonyProvider/TelephonyProvider.apk pkg=com.android.providers.telephony isa=arm vmSafeMode=false
E/installd( 3685): DexInv: --- END '/system/priv-app/TelephonyProvider/TelephonyProvider.apk' --- status=0x0100, process failed
I/art     ( 4082): DexFile_isDexOptNeeded failed to open oat file '/data/dalvik-cache/arm/system@app@LatinIME@LatinIME.apk@classes.dex' for file location '/system/app/LatinIME/LatinIME.apk': Failed to open oat filename for reading: No such file or directory
I/art     ( 4082): DexFile_isDexOptNeeded failed to open oat file '/system/app/LatinIME/arm/LatinIME.odex' for file location '/system/app/LatinIME/LatinIME.apk': Failed to open oat filename for reading: No such file or directory
I/PackageManager( 4082): Running dexopt on: /system/app/LatinIME/LatinIME.apk pkg=com.android.inputmethod.latin isa=arm vmSafeMode=false
E/installd( 3685): DexInv: --- END '/system/app/LatinIME/LatinIME.apk' --- status=0x0100, process failed
I/art     ( 4082): DexFile_isDexOptNeeded failed to open oat file '/data/dalvik-cache/arm/system@priv-app@DefaultContainerService@DefaultContainerService.apk@classes.dex' for file location '/system/priv-app/DefaultContainerService/DefaultContainerService.apk': Failed to open oat filename for reading: No such file or directory
I/art     ( 4082): DexFile_isDexOptNeeded failed to open oat file '/system/priv-app/DefaultContainerService/arm/DefaultContainerService.odex' for file location '/system/priv-app/DefaultContainerService/DefaultContainerService.apk': Failed to open oat filename for reading: No such file or directory
I/PackageManager( 4082): Running dexopt on: /system/priv-app/DefaultContainerService/DefaultContainerService.apk pkg=com.android.defcontainer isa=arm vmSafeMode=false
I/SurfaceFlinger( 3666): Boot is finished (18349 ms)
E/installd( 3685): DexInv: --- END '/system/priv-app/DefaultContainerService/DefaultContainerService.apk' --- status=0x0100, process failed
I/art     ( 4082): DexFile_isDexOptNeeded failed to open oat file '/data/dalvik-cache/arm/system@priv-app@SystemUI@SystemUI.apk@classes.dex' for file location '/system/priv-app/SystemUI/SystemUI.apk': Failed to open oat filename for reading: No such file or directory
I/art     ( 4082): DexFile_isDexOptNeeded failed to open oat file '/system/priv-app/SystemUI/arm/SystemUI.odex' for file location '/system/priv-app/SystemUI/SystemUI.apk': Failed to open oat filename for reading: No such file or directory
I/PackageManager( 4082): Running dexopt on: /system/priv-app/SystemUI/SystemUI.apk pkg=com.android.systemui isa=arm vmSafeMode=false
E/installd( 3685): DexInv: --- END '/system/priv-app/SystemUI/SystemUI.apk' --- status=0x0100, process failed
I/art     ( 4082): DexFile_isDexOptNeeded failed to open oat file '/data/dalvik-cache/arm/system@priv-app@ManagedProvisioning@ManagedProvisioning.apk@classes.dex' for file location '/system/priv-app/ManagedProvisioning/ManagedProvisioning.apk': Failed to open oat filename for reading: No such file or directory
I/art     ( 4082): DexFile_isDexOptNeeded failed to open oat file '/system/priv-app/ManagedProvisioning/arm/ManagedProvisioning.odex' for file location '/system/priv-app/ManagedProvisioning/ManagedProvisioning.apk': Failed to open oat filename for reading: No such file or directory
I/PackageManager( 4082): Running dexopt on: /system/priv-app/ManagedProvisioning/ManagedProvisioning.apk pkg=com.android.managedprovisioning isa=arm vmSafeMode=false
E/installd( 3685): DexInv: --- END '/system/priv-app/ManagedProvisioning/ManagedProvisioning.apk' --- status=0x0100, process failed
I/art     ( 4082): DexFile_isDexOptNeeded failed to open oat file '/data/dalvik-cache/arm/system@priv-app@MediaProvider@MediaProvider.apk@classes.dex' for file location '/system/priv-app/MediaProvider/MediaProvider.apk': Failed to open oat filename for reading: No such file or directory
I/art     ( 4082): DexFile_isDexOptNeeded failed to open oat file '/system/priv-app/MediaProvider/arm/MediaProvider.odex' for file location '/system/priv-app/MediaProvider/MediaProvider.apk': Failed to open oat filename for reading: No such file or directory
I/PackageManager( 4082): Running dexopt on: /system/priv-app/MediaProvider/MediaProvider.apk pkg=com.android.providers.media isa=arm vmSafeMode=false
E/EventHub( 4082): could not get driver version for /dev/input/mice, Not a typewriter
E/installd( 3685): DexInv: --- END '/system/priv-app/MediaProvider/MediaProvider.apk' --- status=0x0100, process failed
I/art     ( 4082): DexFile_isDexOptNeeded failed to open oat file '/data/dalvik-cache/arm/system@priv-app@ContactsProvider@ContactsProvider.apk@classes.dex' for file location '/system/priv-app/ContactsProvider/ContactsProvider.apk': Failed to open oat filename for reading: No such file or directory
I/art     ( 4082): DexFile_isDexOptNeeded failed to open oat file '/system/priv-app/ContactsProvider/arm/ContactsProvider.odex' for file location '/system/priv-app/ContactsProvider/ContactsProvider.apk': Failed to open oat filename for reading: No such file or directory
I/PackageManager( 4082): Running dexopt on: /system/priv-app/ContactsProvider/ContactsProvider.apk pkg=com.android.providers.contacts isa=arm vmSafeMode=false
E/installd( 3685): DexInv: --- END '/system/priv-app/ContactsProvider/ContactsProvider.apk' --- status=0x0100, process failed
I/art     ( 4082): DexFile_isDexOptNeeded failed to open oat file '/data/dalvik-cache/arm/system@priv-app@CalendarProvider@CalendarProvider.apk@classes.dex' for file location '/system/priv-app/CalendarProvider/CalendarProvider.apk': Failed to open oat filename for reading: No such file or directory
I/art     ( 4082): DexFile_isDexOptNeeded failed to open oat file '/system/priv-app/CalendarProvider/arm/CalendarProvider.odex' for file location '/system/priv-app/CalendarProvider/CalendarProvider.apk': Failed to open oat filename for reading: No such file or directory
I/PackageManager( 4082): Running dexopt on: /system/priv-app/CalendarProvider/CalendarProvider.apk pkg=com.android.providers.calendar isa=arm vmSafeMode=false
E/installd( 3685): DexInv: --- END '/system/priv-app/CalendarProvider/CalendarProvider.apk' --- status=0x0100, process failed
I/art     ( 4082): DexFile_isDexOptNeeded failed to open oat file '/data/dalvik-cache/arm/system@app@PicoTts@PicoTts.apk@classes.dex' for file location '/system/app/PicoTts/PicoTts.apk': Failed to open oat filename for reading: No such file or directory
I/art     ( 4082): DexFile_isDexOptNeeded failed to open oat file '/system/app/PicoTts/arm/PicoTts.odex' for file location '/system/app/PicoTts/PicoTts.apk': Failed to open oat filename for reading: No such file or directory
I/PackageManager( 4082): Running dexopt on: /system/app/PicoTts/PicoTts.apk pkg=com.svox.pico isa=arm vmSafeMode=false
D/EventHub( 4082): No input device configuration file found for device 'hall'.
E/installd( 3685): DexInv: --- END '/system/app/PicoTts/PicoTts.apk' --- status=0x0100, process failed
I/art     ( 4082): DexFile_isDexOptNeeded failed to open oat file '/data/dalvik-cache/arm/system@priv-app@ExternalStorageProvider@ExternalStorageProvider.apk@classes.dex' for file location '/system/priv-app/ExternalStorageProvider/ExternalStorageProvider.apk': Failed to open oat filename for reading: No such file or directory
I/art     ( 4082): DexFile_isDexOptNeeded failed to open oat file '/system/priv-app/ExternalStorageProvider/arm/ExternalStorageProvider.odex' for file location '/system/priv-app/ExternalStorageProvider/ExternalStorageProvider.apk': Failed to open oat filename for reading: No such file or directory
I/PackageManager( 4082): Running dexopt on: /system/priv-app/ExternalStorageProvider/ExternalStorageProvider.apk pkg=com.android.externalstorage isa=arm vmSafeMode=false
E/installd( 3685): DexInv: --- END '/system/priv-app/ExternalStorageProvider/ExternalStorageProvider.apk' --- status=0x0100, process failed
I/art     ( 4082): DexFile_isDexOptNeeded failed to open oat file '/data/dalvik-cache/arm/system@app@CMWallpapers@CMWallpapers.apk@classes.dex' for file location '/system/app/CMWallpapers/CMWallpapers.apk': Failed to open oat filename for reading: No such file or directory
I/art     ( 4082): DexFile_isDexOptNeeded failed to open oat file '/system/app/CMWallpapers/arm/CMWallpapers.odex' for file location '/system/app/CMWallpapers/CMWallpapers.apk': Failed to open oat filename for reading: No such file or directory
I/PackageManager( 4082): Running dexopt on: /system/app/CMWallpapers/CMWallpapers.apk pkg=com.cyanogenmod.wallpapers isa=arm vmSafeMode=false
E/installd( 3685): DexInv: --- END '/system/app/CMWallpapers/CMWallpapers.apk' --- status=0x0100, process failed
I/art     ( 4082): DexFile_isDexOptNeeded failed to open oat file '/data/dalvik-cache/arm/system@app@PrintSpooler@PrintSpooler.apk@classes.dex' for file location '/system/app/PrintSpooler/PrintSpooler.apk': Failed to open oat filename for reading: No such file or directory
I/art     ( 4082): DexFile_isDexOptNeeded failed to open oat file '/system/app/PrintSpooler/arm/PrintSpooler.odex' for file location '/system/app/PrintSpooler/PrintSpooler.apk': Failed to open oat filename for reading: No such file or directory
I/PackageManager( 4082): Running dexopt on: /system/app/PrintSpooler/PrintSpooler.apk pkg=com.android.printspooler isa=arm vmSafeMode=false
E/installd( 3685): DexInv: --- END '/system/app/PrintSpooler/PrintSpooler.apk' --- status=0x0100, process failed
I/art     ( 4082): DexFile_isDexOptNeeded failed to open oat file '/data/dalvik-cache/arm/system@priv-app@ThemeChooser@ThemeChooser.apk@classes.dex' for file location '/system/priv-app/ThemeChooser/ThemeChooser.apk': Failed to open oat filename for reading: No such file or directory
I/art     ( 4082): DexFile_isDexOptNeeded failed to open oat file '/system/priv-app/ThemeChooser/arm/ThemeChooser.odex' for file location '/system/priv-app/ThemeChooser/ThemeChooser.apk': Failed to open oat filename for reading: No such file or directory
I/PackageManager( 4082): Running dexopt on: /system/priv-app/ThemeChooser/ThemeChooser.apk pkg=org.cyanogenmod.theme.chooser isa=arm vmSafeMode=false
E/installd( 3685): DexInv: --- END '/system/priv-app/ThemeChooser/ThemeChooser.apk' --- status=0x0100, process failed
D/EventHub( 4082): No input device configuration file found for device 'gpio_keys.16'.
I/art     ( 4082): DexFile_isDexOptNeeded failed to open oat file '/data/dalvik-cache/arm/system@app@Galaxy4@Galaxy4.apk@classes.dex' for file location '/system/app/Galaxy4/Galaxy4.apk': Failed to open oat filename for reading: No such file or directory
I/art     ( 4082): DexFile_isDexOptNeeded failed to open oat file '/system/app/Galaxy4/arm/Galaxy4.odex' for file location '/system/app/Galaxy4/Galaxy4.apk': Failed to open oat filename for reading: No such file or directory
I/PackageManager( 4082): Running dexopt on: /system/app/Galaxy4/Galaxy4.apk pkg=com.android.galaxy4 isa=arm vmSafeMode=false
W/EventHub( 4082): Unable to disable kernel key repeat for /dev/input/event16: Function not implemented
I/EventHub( 4082): New device: id=15, fd=109, path='/dev/input/event16', name='gpio_keys.16', classes=0x1, configuration='', keyLayout='/system/usr/keylayout/Generic.kl', keyCharacterMap='/system/usr/keychars/Generic.kcm', builtinKeyboard=false, wakeMechanism=EPOLLWAKEUP, usingClockIoctl=true
D/EventHub( 4082): No input device configuration file found for device 'voicecontrol'.
W/EventHub( 4082): Unable to disable kernel key repeat for /dev/input/event14: Function not implemented
I/EventHub( 4082): New device: id=16, fd=110, path='/dev/input/event14', name='voicecontrol', classes=0x1, configuration='', keyLayout='/system/usr/keylayout/Generic.kl', keyCharacterMap='/system/usr/keychars/Generic.kcm', builtinKeyboard=false, wakeMechanism=EPOLLWAKEUP, usingClockIoctl=true
D/EventHub( 4082): No input device configuration file found for device 'Headset'.
W/EventHub( 4082): Unable to disable kernel key repeat for /dev/input/event15: Function not implemented
I/EventHub( 4082): New device: id=17, fd=108, path='/dev/input/event15', name='Headset', classes=0x1, configuration='', keyLayout='/system/usr/keylayout/Generic.kl', keyCharacterMap='/system/usr/keychars/Generic.kcm', builtinKeyboard=false, wakeMechanism=EPOLLWAKEUP, usingClockIoctl=true
D/EventHub( 4082): No input device configuration file found for device 'sec_touchkey'.
W/EventHub( 4082): Unable to disable kernel key repeat for /dev/input/event17: Function not implemented
I/EventHub( 4082): New device: id=18, fd=116, path='/dev/input/event17', name='sec_touchkey', classes=0x1, configuration='', keyLayout='/system/usr/keylayout/sec_touchkey.kl', keyCharacterMap='/system/usr/keychars/Generic.kcm', builtinKeyboard=false, wakeMechanism=EPOLLWAKEUP, usingClockIoctl=true
D/EventHub( 4082): No input device configuration file found for device 'w1'.
E/installd( 3685): DexInv: --- END '/system/app/Galaxy4/Galaxy4.apk' --- status=0x0100, process failed
I/art     ( 4082): DexFile_isDexOptNeeded failed to open oat file '/data/dalvik-cache/arm/system@app@CMFileManager@CMFileManager.apk@classes.dex' for file location '/system/app/CMFileManager/CMFileManager.apk': Failed to open oat filename for reading: No such file or directory
I/art     ( 4082): DexFile_isDexOptNeeded failed to open oat file '/system/app/CMFileManager/arm/CMFileManager.odex' for file location '/system/app/CMFileManager/CMFileManager.apk': Failed to open oat filename for reading: No such file or directory
I/PackageManager( 4082): Running dexopt on: /system/app/CMFileManager/CMFileManager.apk pkg=com.cyanogenmod.filemanager isa=arm vmSafeMode=false
W/SurfaceFlinger( 3666): Ignoring duplicate VSYNC event from HWC (t=23585119710)
E/installd( 3685): DexInv: --- END '/system/app/CMFileManager/CMFileManager.apk' --- status=0x0100, process failed
I/art     ( 4082): DexFile_isDexOptNeeded failed to open oat file '/data/dalvik-cache/arm/system@app@HTMLViewer@HTMLViewer.apk@classes.dex' for file location '/system/app/HTMLViewer/HTMLViewer.apk': Failed to open oat filename for reading: No such file or directory
I/art     ( 4082): DexFile_isDexOptNeeded failed to open oat file '/system/app/HTMLViewer/arm/HTMLViewer.odex' for file location '/system/app/HTMLViewer/HTMLViewer.apk': Failed to open oat filename for reading: No such file or directory
I/PackageManager( 4082): Running dexopt on: /system/app/HTMLViewer/HTMLViewer.apk pkg=com.android.htmlviewer isa=arm vmSafeMode=false
E/installd( 3685): DexInv: --- END '/system/app/HTMLViewer/HTMLViewer.apk' --- status=0x0100, process failed
I/art     ( 4082): DexFile_isDexOptNeeded failed to open oat file '/data/dalvik-cache/arm/system@app@WAPPushManager@WAPPushManager.apk@classes.dex' for file location '/system/app/WAPPushManager/WAPPushManager.apk': Failed to open oat filename for reading: No such file or directory
I/art     ( 4082): DexFile_isDexOptNeeded failed to open oat file '/system/app/WAPPushManager/arm/WAPPushManager.odex' for file location '/system/app/WAPPushManager/WAPPushManager.apk': Failed to open oat filename for reading: No such file or directory
I/PackageManager( 4082): Running dexopt on: /system/app/WAPPushManager/WAPPushManager.apk pkg=com.android.smspush isa=arm vmSafeMode=false
E/installd( 3685): DexInv: --- END '/system/app/WAPPushManager/WAPPushManager.apk' --- status=0x0100, process failed
I/art     ( 4082): DexFile_isDexOptNeeded failed to open oat file '/data/dalvik-cache/arm/system@app@Camera2@Camera2.apk@classes.dex' for file location '/system/app/Camera2/Camera2.apk': Failed to open oat filename for reading: No such file or directory
I/art     ( 4082): DexFile_isDexOptNeeded failed to open oat file '/system/app/Camera2/arm/Camera2.odex' for file location '/system/app/Camera2/Camera2.apk': Failed to open oat filename for reading: No such file or directory
I/PackageManager( 4082): Running dexopt on: /system/app/Camera2/Camera2.apk pkg=com.android.camera2 isa=arm vmSafeMode=false
E/installd( 3685): DexInv: --- END '/system/app/Camera2/Camera2.apk' --- status=0x0100, process failed
I/art     ( 4082): DexFile_isDexOptNeeded failed to open oat file '/data/dalvik-cache/arm/system@app@NoiseField@NoiseField.apk@classes.dex' for file location '/system/app/NoiseField/NoiseField.apk': Failed to open oat filename for reading: No such file or directory
I/art     ( 4082): DexFile_isDexOptNeeded failed to open oat file '/system/app/NoiseField/arm/NoiseField.odex' for file location '/system/app/NoiseField/NoiseField.apk': Failed to open oat filename for reading: No such file or directory
I/PackageManager( 4082): Running dexopt on: /system/app/NoiseField/NoiseField.apk pkg=com.android.noisefield isa=arm vmSafeMode=false
E/installd( 3685): DexInv: --- END '/system/app/NoiseField/NoiseField.apk' --- status=0x0100, process failed
I/art     ( 4082): DexFile_isDexOptNeeded failed to open oat file '/data/dalvik-cache/arm/system@priv-app@CMAccount@CMAccount.apk@classes.dex' for file location '/system/priv-app/CMAccount/CMAccount.apk': Failed to open oat filename for reading: No such file or directory
I/art     ( 4082): DexFile_isDexOptNeeded failed to open oat file '/system/priv-app/CMAccount/arm/CMAccount.odex' for file location '/system/priv-app/CMAccount/CMAccount.apk': Failed to open oat filename for reading: No such file or directory
I/PackageManager( 4082): Running dexopt on: /system/priv-app/CMAccount/CMAccount.apk pkg=com.cyanogenmod.account isa=arm vmSafeMode=false
E/installd( 3685): DexInv: --- END '/system/priv-app/CMAccount/CMAccount.apk' --- status=0x0100, process failed
I/art     ( 4082): DexFile_isDexOptNeeded failed to open oat file '/data/dalvik-cache/arm/system@app@Email@Email.apk@classes.dex' for file location '/system/app/Email/Email.apk': Failed to open oat filename for reading: No such file or directory
I/art     ( 4082): DexFile_isDexOptNeeded failed to open oat file '/system/app/Email/arm/Email.odex' for file location '/system/app/Email/Email.apk': Failed to open oat filename for reading: No such file or directory
I/PackageManager( 4082): Running dexopt on: /system/app/Email/Email.apk pkg=com.android.email isa=arm vmSafeMode=false
E/installd( 3685): DexInv: --- END '/system/app/Email/Email.apk' --- status=0x0100, process failed
I/art     ( 4082): DexFile_isDexOptNeeded failed to open oat file '/data/dalvik-cache/arm/system@app@CaptivePortalLogin@CaptivePortalLogin.apk@classes.dex' for file location '/system/app/CaptivePortalLogin/CaptivePortalLogin.apk': Failed to open oat filename for reading: No such file or directory
I/art     ( 4082): DexFile_isDexOptNeeded failed to open oat file '/system/app/CaptivePortalLogin/arm/CaptivePortalLogin.odex' for file location '/system/app/CaptivePortalLogin/CaptivePortalLogin.apk': Failed to open oat filename for reading: No such file or directory
I/PackageManager( 4082): Running dexopt on: /system/app/CaptivePortalLogin/CaptivePortalLogin.apk pkg=com.android.captiveportallogin isa=arm vmSafeMode=false
W/SurfaceFlinger( 3666): Ignoring duplicate VSYNC event from HWC (t=23720078669)
E/installd( 3685): DexInv: --- END '/system/app/CaptivePortalLogin/CaptivePortalLogin.apk' --- status=0x0100, process failed
I/art     ( 4082): DexFile_isDexOptNeeded failed to open oat file '/data/dalvik-cache/arm/system@priv-app@WallpaperCropper@WallpaperCropper.apk@classes.dex' for file location '/system/priv-app/WallpaperCropper/WallpaperCropper.apk': Failed to open oat filename for reading: No such file or directory
I/art     ( 4082): DexFile_isDexOptNeeded failed to open oat file '/system/priv-app/WallpaperCropper/arm/WallpaperCropper.odex' for file location '/system/priv-app/WallpaperCropper/WallpaperCropper.apk': Failed to open oat filename for reading: No such file or directory
I/PackageManager( 4082): Running dexopt on: /system/priv-app/WallpaperCropper/WallpaperCropper.apk pkg=com.android.wallpapercropper isa=arm vmSafeMode=false
E/installd( 3685): DexInv: --- END '/system/priv-app/WallpaperCropper/WallpaperCropper.apk' --- status=0x0100, process failed
E/EventHub( 4082): could not get driver version for /dev/input/mouse0, Not a typewriter
I/art     ( 4082): DexFile_isDexOptNeeded failed to open oat file '/data/dalvik-cache/arm/system@priv-app@Mms@Mms.apk@classes.dex' for file location '/system/priv-app/Mms/Mms.apk': Failed to open oat filename for reading: No such file or directory
I/art     ( 4082): DexFile_isDexOptNeeded failed to open oat file '/system/priv-app/Mms/arm/Mms.odex' for file location '/system/priv-app/Mms/Mms.apk': Failed to open oat filename for reading: No such file or directory
I/PackageManager( 4082): Running dexopt on: /system/priv-app/Mms/Mms.apk pkg=com.android.mms isa=arm vmSafeMode=false
E/installd( 3685): DexInv: --- END '/system/priv-app/Mms/Mms.apk' --- status=0x0100, process failed
I/art     ( 4082): DexFile_isDexOptNeeded failed to open oat file '/data/dalvik-cache/arm/system@app@Provision@Provision.apk@classes.dex' for file location '/system/app/Provision/Provision.apk': Failed to open oat filename for reading: No such file or directory
I/art     ( 4082): DexFile_isDexOptNeeded failed to open oat file '/system/app/Provision/arm/Provision.odex' for file location '/system/app/Provision/Provision.apk': Failed to open oat filename for reading: No such file or directory
I/PackageManager( 4082): Running dexopt on: /system/app/Provision/Provision.apk pkg=com.android.provision isa=arm vmSafeMode=false
E/installd( 3685): DexInv: --- END '/system/app/Provision/Provision.apk' --- status=0x0100, process failed
I/art     ( 4082): DexFile_isDexOptNeeded failed to open oat file '/data/dalvik-cache/arm/system@app@LockClock@LockClock.apk@classes.dex' for file location '/system/app/LockClock/LockClock.apk': Failed to open oat filename for reading: No such file or directory
I/art     ( 4082): DexFile_isDexOptNeeded failed to open oat file '/system/app/LockClock/arm/LockClock.odex' for file location '/system/app/LockClock/LockClock.apk': Failed to open oat filename for reading: No such file or directory
I/PackageManager( 4082): Running dexopt on: /system/app/LockClock/LockClock.apk pkg=com.cyanogenmod.lockclock isa=arm vmSafeMode=false
E/installd( 3685): DexInv: --- END '/system/app/LockClock/LockClock.apk' --- status=0x0100, process failed
I/art     ( 4082): DexFile_isDexOptNeeded failed to open oat file '/data/dalvik-cache/arm/system@priv-app@CyanogenSetupWizard@CyanogenSetupWizard.apk@classes.dex' for file location '/system/priv-app/CyanogenSetupWizard/CyanogenSetupWizard.apk': Failed to open oat filename for reading: No such file or directory
I/art     ( 4082): DexFile_isDexOptNeeded failed to open oat file '/system/priv-app/CyanogenSetupWizard/arm/CyanogenSetupWizard.odex' for file location '/system/priv-app/CyanogenSetupWizard/CyanogenSetupWizard.apk': Failed to open oat filename for reading: No such file or directory
I/PackageManager( 4082): Running dexopt on: /system/priv-app/CyanogenSetupWizard/CyanogenSetupWizard.apk pkg=com.cyanogenmod.setupwizard isa=arm vmSafeMode=false
E/installd( 3685): DexInv: --- END '/system/priv-app/CyanogenSetupWizard/CyanogenSetupWizard.apk' --- status=0x0100, process failed
I/art     ( 4082): DexFile_isDexOptNeeded failed to open oat file '/data/dalvik-cache/arm/system@priv-app@Contacts@Contacts.apk@classes.dex' for file location '/system/priv-app/Contacts/Contacts.apk': Failed to open oat filename for reading: No such file or directory
I/art     ( 4082): DexFile_isDexOptNeeded failed to open oat file '/system/priv-app/Contacts/arm/Contacts.odex' for file location '/system/priv-app/Contacts/Contacts.apk': Failed to open oat filename for reading: No such file or directory
I/PackageManager( 4082): Running dexopt on: /system/priv-app/Contacts/Contacts.apk pkg=com.android.contacts isa=arm vmSafeMode=false
E/installd( 3685): DexInv: --- END '/system/priv-app/Contacts/Contacts.apk' --- status=0x0100, process failed
I/art     ( 4082): DexFile_isDexOptNeeded failed to open oat file '/data/dalvik-cache/arm/system@priv-app@Trebuchet@Trebuchet.apk@classes.dex' for file location '/system/priv-app/Trebuchet/Trebuchet.apk': Failed to open oat filename for reading: No such file or directory
I/art     ( 4082): DexFile_isDexOptNeeded failed to open oat file '/system/priv-app/Trebuchet/arm/Trebuchet.odex' for file location '/system/priv-app/Trebuchet/Trebuchet.apk': Failed to open oat filename for reading: No such file or directory
I/PackageManager( 4082): Running dexopt on: /system/priv-app/Trebuchet/Trebuchet.apk pkg=com.cyanogenmod.trebuchet isa=arm vmSafeMode=false
E/installd( 3685): DexInv: --- END '/system/priv-app/Trebuchet/Trebuchet.apk' --- status=0x0100, process failed
I/art     ( 4082): DexFile_isDexOptNeeded failed to open oat file '/data/dalvik-cache/arm/system@app@Gallery2@Gallery2.apk@classes.dex' for file location '/system/app/Gallery2/Gallery2.apk': Failed to open oat filename for reading: No such file or directory
I/art     ( 4082): DexFile_isDexOptNeeded failed to open oat file '/system/app/Gallery2/arm/Gallery2.odex' for file location '/system/app/Gallery2/Gallery2.apk': Failed to open oat filename for reading: No such file or directory
I/PackageManager( 4082): Running dexopt on: /system/app/Gallery2/Gallery2.apk pkg=com.android.gallery3d isa=arm vmSafeMode=false
E/installd( 3685): DexInv: --- END '/system/app/Gallery2/Gallery2.apk' --- status=0x0100, process failed
I/art     ( 4082): DexFile_isDexOptNeeded failed to open oat file '/data/dalvik-cache/arm/system@app@PackageInstaller@PackageInstaller.apk@classes.dex' for file location '/system/app/PackageInstaller/PackageInstaller.apk': Failed to open oat filename for reading: No such file or directory
I/art     ( 4082): DexFile_isDexOptNeeded failed to open oat file '/system/app/PackageInstaller/arm/PackageInstaller.odex' for file location '/system/app/PackageInstaller/PackageInstaller.apk': Failed to open oat filename for reading: No such file or directory
I/PackageManager( 4082): Running dexopt on: /system/app/PackageInstaller/PackageInstaller.apk pkg=com.android.packageinstaller isa=arm vmSafeMode=false
E/installd( 3685): DexInv: --- END '/system/app/PackageInstaller/PackageInstaller.apk' --- status=0x0100, process failed
I/art     ( 4082): DexFile_isDexOptNeeded failed to open oat file '/data/dalvik-cache/arm/system@priv-app@AudioFX@AudioFX.apk@classes.dex' for file location '/system/priv-app/AudioFX/AudioFX.apk': Failed to open oat filename for reading: No such file or directory
