F/art     ( 4579): sart/runtime/runtime.cc:286]   native: #10 pc 00231b63  /system/lib/libart.so (art::Runtime::Create(std::__1::vector<std::__1::pair<std::__1::basic_string<char, std::__1::char_traits<char>, std::__1::allocator<char> >, void const*>, std::__1::allocator<std::__1::pair<std::__1::basic_string<char, std::__1::char_traits<char>, std::__1::allocator<char> >, void const*> > > const&, bool)+58)
F/art     ( 4579): sart/runtime/runtime.cc:286]   native: #11 pc 001e4047  /system/lib/libart.so (JNI_CreateJavaVM+470)
F/art     ( 4579): sart/runtime/runtime.cc:286]   native: #12 pc 0005ad93  /system/lib/libandroid_runtime.so (android::AndroidRuntime::startVm(_JavaVM**, _JNIEnv**)+2174)
F/art     ( 4579): sart/runtime/runtime.cc:286]   native: #13 pc 0005b3bf  /system/lib/libandroid_runtime.so (android::AndroidRuntime::start(char const*, android::Vector<android::String8> const&)+250)
F/art     ( 4579): sart/runtime/runtime.cc:286]   native: #14 pc 00001655  /system/bin/app_process32 (???)
F/art     ( 4579): sart/runtime/runtime.cc:286]   native: #15 pc 0000fb75  /system/lib/libc.so (__libc_init+44)
F/art     ( 4579): sart/runtime/runtime.cc:286]   native: #16 pc 00001770  /system/bin/app_process32 (???)
F/art     ( 4579): sart/runtime/runtime.cc:286]   (no managed stack frames)
F/art     ( 4579): sart/runtime/runtime.cc:286] Dumping all threads without appropriate locks held: thread list lock
F/art     ( 4579): sart/runtime/runtime.cc:286] All threads:
F/art     ( 4579): sart/runtime/runtime.cc:286] DALVIK THREADS (1):
F/art     ( 4579): sart/runtime/runtime.cc:286] "main" prio=5 tid=1 Runnable (still starting up)
F/art     ( 4579): sart/runtime/runtime.cc:286]   | group="" sCount=0 dsCount=0 obj=0x0 self=0xb5007800
F/art     ( 4579): sart/runtime/runtime.cc:286]   | sysTid=4579 nice=0 cgrp=default sched=0/0 handle=0xb6f1bec8
F/art     ( 4579): sart/runtime/runtime.cc:286]   | state=R schedstat=( 1259964668 2992875 83 ) utm=105 stm=20 core=7 HZ=100
F/art     ( 4579): sart/runtime/runtime.cc:286]   | stack=0xbe20d000-0xbe20f000 stackSize=8MB
F/art     ( 4579): sart/runtime/runtime.cc:286]   | held mutexes= "abort lock" "mutator lock"(shared held)
F/art     ( 4579): sart/runtime/runtime.cc:286]   native: #00 pc 000045b4  /system/lib/libbacktrace_libc++.so (UnwindCurrent::Unwind(unsigned int, ucontext*)+23)
F/art     ( 4579): sart/runtime/runtime.cc:286]   native: #01 pc 00002e1d  /system/lib/libbacktrace_libc++.so (Backtrace::Unwind(unsigned int, ucontext*)+8)
F/art     ( 4579): sart/runtime/runtime.cc:286]   native: #02 pc 0025ba7d  /system/lib/libart.so (art::DumpNativeStack(std::__1::basic_ostream<char, std::__1::char_traits<char> >&, int, char const*, art::mirror::ArtMethod*)+84)
F/art     ( 4579): sart/runtime/runtime.cc:286]   native: #03 pc 0023ed1b  /system/lib/libart.so (art::Thread::Dump(std::__1::basic_ostream<char, std::__1::char_traits<char> >&) const+162)
F/art     ( 4579): sart/runtime/runtime.cc:286]   native: #04 pc 00247e3d  /system/lib/libart.so (art::ThreadList::DumpLocked(std::__1::basic_ostream<char, std::__1::char_traits<char> >&)+120)
F/art     ( 4579): sart/runtime/runtime.cc:286]   native: #05 pc 0022e791  /system/lib/libart.so (art::AbortState::Dump(std::__1::basic_ostream<char, std::__1::char_traits<char> >&)+272)
F/art     ( 4579): sart/runtime/runtime.cc:286]   native: #06 pc 0022e9db  /system/lib/libart.so (art::Runtime::Abort()+82)
F/art     ( 4579): sart/runtime/runtime.cc:286]   native: #07 pc 000a9395  /system/lib/libart.so (art::LogMessage::~LogMessage()+1360)
F/art     ( 4579): sart/runtime/runtime.cc:286]   native: #08 pc 000e0a15  /system/lib/libart.so (art::ClassLinker::InitWithoutImage(std::__1::vector<art::DexFile const*, std::__1::allocator<art::DexFile const*> > const&)+10180)
F/art     ( 4579): sart/runtime/runtime.cc:286]   native: #09 pc 00230695  /system/lib/libart.so (art::Runtime::Init(std::__1::vector<std::__1::pair<std::__1::basic_string<char, std::__1::char_traits<char>, std::__1::allocator<char> >, void const*>, std::__1::allocator<std::__1::pair<std::__1::basic_string<char, std::__1::char_traits<char>, std::__1::allocator<char> >, void const*> > > const&, bool)+3076)
F/art     ( 4579): sart/runtime/runtime.cc:286]   native: #10 pc 00231b63  /system/lib/libart.so (art::Runtime::Create(std::__1::vector<std::__1::pair<std::__1::basic_string<char, std::__1::char_traits<char>, std::__1::allocator<char> >, void const*>, std::__1::allocator<std::__1::pair<std::__1::basic_string<char, std::__1::char_traits<char>, std::__1::allocator<char> >, void const*> > > const&, bool)+58)
F/art     ( 4579): sart/runtime/runtime.cc:286]   native: #11 pc 001e4047  /system/lib/libart.so (JNI_CreateJavaVM+470)
F/art     ( 4579): sart/runtime/runtime.cc:286]   native: #12 pc 0005ad93  /system/lib/libandroid_runtime.so (android::AndroidRuntime::startVm(_JavaVM**, _JNIEnv**)+2174)
F/art     ( 4579): sart/runtime/runtime.cc:286]   native: #13 pc 0005b3bf  /system/lib/libandroid_runtime.so (android::AndroidRuntime::start(char const*, android::Vector<android::String8> const&)+250)
F/art     ( 4579): sart/runtime/runtime.cc:286]   native: #14 pc 00001655  /system/bin/app_process32 (???)
F/art     ( 4579): sart/runtime/runtime.cc:286]   native: #15 pc 0000fb75  /system/lib/libc.so (__libc_init+44)
F/art     ( 4579): sart/runtime/runtime.cc:286]   native: #16 pc 00001770  /system/bin/app_process32 (???)
F/art     ( 4579): sart/runtime/runtime.cc:286]   (no managed stack frames)
F/art     ( 4579): sart/runtime/runtime.cc:286] 
F/art     ( 4579): sart/runtime/runtime.cc:286] 
F/libc    ( 4579): Fatal signal 6 (SIGABRT), code -6 in tid 4579 (main)
V/NatController( 4576): runCmd(/system/bin/iptables -F natctrl_FORWARD) res=0
V/NatController( 4576): runCmd(/system/bin/iptables -A natctrl_FORWARD -j DROP) res=0
V/NatController( 4576): runCmd(/system/bin/iptables -t nat -F natctrl_nat_POSTROUTING) res=0
V/NatController( 4576): runCmd(/system/bin/iptables -F natctrl_tether_counters) res=0
V/NatController( 4576): runCmd(/system/bin/iptables -X natctrl_tether_counters) res=0
V/NatController( 4576): runCmd(/system/bin/iptables -N natctrl_tether_counters) res=0
V/NatController( 4576): runCmd(/system/bin/iptables -t mangle -A natctrl_mangle_FORWARD -p tcp --tcp-flags SYN SYN -j TCPMSS --clamp-mss-to-pmtu) res=0
I/DEBUG   ( 4533): 
I/DEBUG   ( 4533): Tombstone written to: /data/tombstones/tombstone_00
I/DEBUG   ( 4533): property debug.db.uid not set; NOT waiting for gdb.
I/DEBUG   ( 4533): HINT: adb shell setprop debug.db.uid 100000
I/DEBUG   ( 4533): HINT: adb forward tcp:5039 tcp:5039
I/DEBUG   ( 4533): *** *** *** *** *** *** *** *** *** *** *** *** *** *** *** ***
I/DEBUG   ( 4533): Build fingerprint: 'samsung/cm_k3gxx/k3gxx:5.0.2/LRX22G/f6367390ba:userdebug/test-keys'
I/DEBUG   ( 4533): Revision: '10'
I/DEBUG   ( 4533): ABI: 'arm'
I/DEBUG   ( 4533): pid: 4579, tid: 4579, name: main  >>> zygote <<<
I/DEBUG   ( 4533): signal 6 (SIGABRT), code -6 (SI_TKILL), fault addr --------
I/ServiceManager( 3667): service 'SurfaceFlinger' died
I/ServiceManager( 3667): service 'Exynos.HWCService' died
I/ServiceManager( 3667): service 'media.wifi_display' died
W/libbacktrace( 4533): virtual bool BacktracePtrace::ReadWord(uintptr_t, word_t*): invalid pointer 0xacbe3004 reading from tid 4579, ptrace() strerror(errno)=No such process
I/DEBUG   ( 4533): Abort message: ''
D/MDnsDS  ( 4576): MDnsSdListener::Hander starting up
D/MDnsDS  ( 4576): MDnsSdListener starting to monitor
D/MDnsDS  ( 4576): Going to poll with pollCount 1
I/ServiceManager( 4578): Waiting for service batterystats...
I/ServiceManager( 4578): Waiting for service batterystats...
I/ServiceManager( 4578): Waiting for service batterystats...
E/MediaPlayerFactory( 4578): calling dlopen on FACTORY_LIB
E/MediaPlayerFactory( 4578): Failed to open FACTORY_LIB Error : dlopen failed: library "libdashplayer.so" not found 
I/CameraService( 4578): CameraService started (pid=4578)
E/HAL     ( 4578): load: module=/system/lib/hw/camera.universal5422.so
E/HAL     ( 4578): dlopen failed: could not load library "libexynoscamera.so" needed by "camera.universal5422.so"; caused by could not load library "libhwjpeg.so" needed by "libexynoscamera.so"; caused by library "libhwjpeg.so" not found
E/CameraService( 4578): Could not load camera HAL module
E/HAL     ( 4578): load: module=/system/lib/hw/power.exynos5.so
E/HAL     ( 4578): dlopen failed: could not load library "libsecril-client.so" needed by "power.exynos5.so"; caused by library "libsecril-client.so" not found
W/AudioPolicyService( 4578): couldn't get power module (Invalid argument)
I/AudioPolicyService( 4578): AudioPolicyService CSTOR in new mode
W/AudioPolicyManager( 4578): loadOutput() invalid supported devices
W/AudioPolicyManager( 4578): loadInput() invalid supported devices
I/AudioPolicyManager( 4578): loadAudioPolicyConfig() loaded /system/etc/audio_policy.conf
E/HAL     ( 4578): load: module=/system/lib/hw/audio.primary.universal5422.so
E/HAL     ( 4578): dlopen failed: could not load library "libaudio-ril.so" needed by "audio.primary.universal5422.so"; caused by could not load library "libsecril-client.so" needed by "libaudio-ril.so"; caused by library "libsecril-client.so" not found
E/AudioFlinger( 4578): int android::load_audio_interface(const char*, audio_hw_device_t**) couldn't load audio hw module audio.primary (Invalid argument)
I/AudioFlinger( 4578): loadHwModule() error -22 loading module primary 
W/AudioPolicyManager( 4578): could not open HW module primary
E/AudioFlinger( 4578): int android::load_audio_interface(const char*, audio_hw_device_t**) couldn't load audio hw module audio.a2dp (No such file or directory)
I/AudioFlinger( 4578): loadHwModule() error -2 loading module a2dp 
W/AudioPolicyManager( 4578): could not open HW module a2dp
E/AudioFlinger( 4578): int android::load_audio_interface(const char*, audio_hw_device_t**) couldn't load audio hw module audio.usb (No such file or directory)
I/AudioFlinger( 4578): loadHwModule() error -2 loading module usb 
W/AudioPolicyManager( 4578): could not open HW module usb
E/AudioFlinger( 4578): int android::load_audio_interface(const char*, audio_hw_device_t**) couldn't load audio hw module audio.r_submix (No such file or directory)
I/AudioFlinger( 4578): loadHwModule() error -2 loading module r_submix 
W/AudioPolicyManager( 4578): could not open HW module r_submix
W/AudioPolicyManager( 4578): Input device 00000001 unreachable
W/AudioPolicyManager( 4578): Input device 00000002 unreachable
W/AudioPolicyManager( 4578): Input device 80000004 unreachable
W/AudioPolicyManager( 4578): Input device 80000080 unreachable
W/AudioPolicyManager( 4578): Input device 80000100 unreachable
W/AudioPolicyManager( 4578): Input device 80000040 unreachable
E/AudioPolicyManager( 4578): Default device 00000002 is unreachable
E/AudioPolicyManager( 4578): Failed to open primary output
E/AudioPolicyManager( 4578): getDeviceForStrategy() speaker device not found for STRATEGY_SONIFICATION
E/AudioPolicyManager( 4578): getDeviceForStrategy() speaker device not found for STRATEGY_SONIFICATION
W/AudioPolicyEffects( 4578): loadInputSource() empty element camcorder
F/libc    ( 4578): Fatal signal 11 (SIGSEGV), code 1, fault addr 0x0 in tid 4578 (mediaserver)
I/SurfaceFlinger( 4837): SurfaceFlinger is starting
I/SurfaceFlinger( 4837): SurfaceFlinger's main thread ready to run. Initializing graphics H/W...
D/libEGL  ( 4837): loaded /vendor/lib/egl/libGLES_mali.so
I/        ( 4837): PLATFORM VERSION : JB-MR-2
I/gralloc ( 4837): using (fd=12)
I/gralloc ( 4837): id           = 
I/gralloc ( 4837): xres         = 1080 px
I/gralloc ( 4837): yres         = 1920 px
I/gralloc ( 4837): xres_virtual = 1080 px
I/gralloc ( 4837): yres_virtual = 3840 px
I/gralloc ( 4837): bpp          = 32
I/gralloc ( 4837): r            = 16:8
I/gralloc ( 4837): g            =  8:8
I/gralloc ( 4837): b            =  0:8
I/gralloc ( 4837): width        = 65 mm (422.030762 dpi)
I/gralloc ( 4837): height       = 115 mm (424.069580 dpi)
I/gralloc ( 4837): refresh rate = 60.00 Hz
D/hwcomposer( 4837): using
D/hwcomposer( 4837): xres         = 1080 px
D/hwcomposer( 4837): yres         = 1920 px
D/hwcomposer( 4837): width        = 65 mm (422.030000 dpi)
D/hwcomposer( 4837): height       = 115 mm (424.069000 dpi)
D/hwcomposer( 4837): refresh rate = 60 Hz
D/libexynosv4l2-subdev( 4837): try node: /dev/v4l-subdev0
D/libexynosv4l2-subdev( 4837): try node: /dev/v4l-subdev1
D/libexynosv4l2-subdev( 4837): try node: /dev/v4l-subdev2
I/libexynosv4l2-subdev( 4837): node found for device s5p-mixer0: /dev/v4l-subdev2
I/libexynosv4l2-subdev( 4837): open subdev device /dev/v4l-subdev2
I/hwcomposer( 4837): PSR info devname = /sys/devices/14400000.fimd_fb/psr_info
I/hwcomposer( 4837): PSR mode is 2(0: video mode, 1: DP PSR mode, 2: MIPI-DSI command mode)
I/SurfaceFlinger( 4837): Using composer version 1.3
I/SurfaceFlinger( 4837): EGL information:
I/SurfaceFlinger( 4837): vendor    : Android
I/SurfaceFlinger( 4837): version   : 1.4 Android META-EGL
I/SurfaceFlinger( 4837): extensions: EGL_KHR_get_all_proc_addresses EGL_ANDROID_presentation_time EGL_KHR_image EGL_KHR_image_base EGL_KHR_gl_texture_2D_image EGL_KHR_gl_texture_cubemap_image EGL_KHR_gl_renderbuffer_image EGL_KHR_fence_sync EGL_KHR_create_context EGL_ANDROID_image_native_buffer EGL_KHR_wait_sync EGL_ANDROID_recordable 
I/SurfaceFlinger( 4837): Client API: OpenGL_ES
I/SurfaceFlinger( 4837): EGLSurface: 8-8-8-8, config=0xb6acf2ac
I/SurfaceFlinger( 4837): OpenGL ES informations:
I/SurfaceFlinger( 4837): vendor    : ARM
I/SurfaceFlinger( 4837): renderer  : Mali-T628
I/SurfaceFlinger( 4837): version   : OpenGL ES 3.0
I/SurfaceFlinger( 4837): extensions: GL_EXT_debug_marker GL_ARM_rgba8 GL_ARM_mali_shader_binary GL_OES_depth24 GL_OES_depth_texture GL_OES_depth_texture_cube_map GL_OES_packed_depth_stencil GL_OES_rgb8_rgba8 GL_EXT_read_format_bgra GL_OES_compressed_paletted_texture GL_OES_compressed_ETC1_RGB8_texture GL_OES_standard_derivatives GL_OES_EGL_image GL_OES_EGL_image_external GL_OES_EGL_sync GL_OES_texture_npot GL_OES_vertex_half_float GL_OES_required_internalformat GL_OES_vertex_array_object GL_OES_mapbuffer GL_EXT_texture_format_BGRA8888 GL_EXT_texture_rg GL_EXT_texture_type_2_10_10_10_REV GL_OES_fbo_render_mipmap GL_OES_element_index_uint GL_EXT_shadow_samplers GL_OES_texture_compression_astc GL_KHR_texture_compression_astc_ldr GL_KHR_texture_compression_astc_hdr GL_KHR_debug GL_EXT_occlusion_query_boolean GL_EXT_blend_minmax GL_EXT_discard_framebuffer GL_OES_get_program_binary GL_OES_texture_3D GL_EXT_texture_storage GL_EXT_multisampled_render_to_texture GL_OES_surfaceless_context GL_ARM_mali_program_binary 
I/SurfaceFlinger( 4837): GL_MAX_TEXTURE_SIZE = 8192
I/SurfaceFlinger( 4837): GL_MAX_VIEWPORT_DIMS = 8192
E/libEGL  ( 4837): eglQuerySurface:658 error 300d (EGL_BAD_SURFACE)
E/libEGL  ( 4837): eglQuerySurface:658 error 300d (EGL_BAD_SURFACE)
E/libEGL  ( 4837): call to OpenGL ES API with no current context (logged once per thread)
D/SurfaceFlinger( 4837): Set power mode=2, type=0 flinger=0xb6a62000
I/hwcomposer( 4837): int exynos5_blank(hwc_composer_device_1*, int, int):: disp(0), blank(0)
I/hwcomposer( 4837): unblank ioctl failed (display already unblanked)
E/libEGL  ( 4837): eglSwapBuffers:1228 error 300d (EGL_BAD_SURFACE)
F/SurfaceFlinger( 4837): eglSwapBuffers(0x1, 0x0) failed with 0x0000300d
F/libc    ( 4837): Fatal signal 6 (SIGABRT), code -6 in tid 4837 (surfaceflinger)
E/DEBUG   ( 4533): timed out waiting for tid=4579 to stop
I/DEBUG   ( 4533): cannot get registers: No such process
I/DEBUG   ( 4533): 
I/DEBUG   ( 4533): backtrace:
I/DEBUG   ( 4533):     #00 pc 000384e4  /system/lib/libc.so (tgkill+12)
W/libbacktrace( 4533): virtual bool BacktracePtrace::ReadWord(uintptr_t, word_t*): invalid pointer 0xbea0a1d8 reading from tid 4579, ptrace() strerror(errno)=No such process
W/libbacktrace( 4533): virtual bool BacktracePtrace::ReadWord(uintptr_t, word_t*): invalid pointer 0xbea0a218 reading from tid 4579, ptrace() strerror(errno)=No such process
I/DEBUG   ( 4533): 
I/DEBUG   ( 4533): Tombstone written to: /data/tombstones/tombstone_01
E/DEBUG   ( 4533): ptrace detach from 4579 failed: No such process
E/DEBUG   ( 4533): debuggerd committing suicide to free the zombie!
I/ServiceManager( 3667): service 'media.audio_flinger' died
I/ServiceManager( 3667): service 'media.player' died
I/ServiceManager( 3667): service 'media.camera' died
I/DEBUG   ( 4872): debuggerd: Jun 17 2015 15:28:56
I/Netd    ( 4874): Netd 1.0 starting
E/Netd    ( 4874): Failed to open /proc/sys/net/ipv6/conf/default/accept_ra_rt_table: No such file or directory
E/Netd    ( 4874): Failed to open /proc/sys/net/ipv6/conf/ip6tnl0/accept_ra_rt_table: No such file or directory
E/Netd    ( 4874): Failed to open /proc/sys/net/ipv6/conf/lo/accept_ra_rt_table: No such file or directory
E/Netd    ( 4874): Failed to open /proc/sys/net/ipv6/conf/rmnet0/accept_ra_rt_table: No such file or directory
E/Netd    ( 4874): Failed to open /proc/sys/net/ipv6/conf/rmnet1/accept_ra_rt_table: No such file or directory
E/Netd    ( 4874): Failed to open /proc/sys/net/ipv6/conf/rmnet2/accept_ra_rt_table: No such file or directory
E/Netd    ( 4874): Failed to open /proc/sys/net/ipv6/conf/rmnet3/accept_ra_rt_table: No such file or directory
E/Netd    ( 4874): Failed to open /proc/sys/net/ipv6/conf/sit0/accept_ra_rt_table: No such file or directory
I/ServiceManager( 3667): service 'SurfaceFlinger' died
I/ServiceManager( 3667): service 'Exynos.HWCService' died
I/ServiceManager( 3667): service 'media.wifi_display' died
I/SurfaceFlinger( 4879): SurfaceFlinger is starting
I/SurfaceFlinger( 4879): SurfaceFlinger's main thread ready to run. Initializing graphics H/W...
D/libEGL  ( 4879): loaded /vendor/lib/egl/libGLES_mali.so
I/        ( 4879): PLATFORM VERSION : JB-MR-2
I/gralloc ( 4879): using (fd=12)
I/gralloc ( 4879): id           = 
I/gralloc ( 4879): xres         = 1080 px
I/gralloc ( 4879): yres         = 1920 px
I/gralloc ( 4879): xres_virtual = 1080 px
I/gralloc ( 4879): yres_virtual = 3840 px
I/gralloc ( 4879): bpp          = 32
I/gralloc ( 4879): r            = 16:8
I/gralloc ( 4879): g            =  8:8
I/gralloc ( 4879): b            =  0:8
I/gralloc ( 4879): width        = 65 mm (422.030762 dpi)
I/gralloc ( 4879): height       = 115 mm (424.069580 dpi)
I/gralloc ( 4879): refresh rate = 60.00 Hz
D/hwcomposer( 4879): using
D/hwcomposer( 4879): xres         = 1080 px
D/hwcomposer( 4879): yres         = 1920 px
D/hwcomposer( 4879): width        = 65 mm (422.030000 dpi)
D/hwcomposer( 4879): height       = 115 mm (424.069000 dpi)
D/hwcomposer( 4879): refresh rate = 60 Hz
D/libexynosv4l2-subdev( 4879): try node: /dev/v4l-subdev0
D/libexynosv4l2-subdev( 4879): try node: /dev/v4l-subdev1
D/libexynosv4l2-subdev( 4879): try node: /dev/v4l-subdev2
I/libexynosv4l2-subdev( 4879): node found for device s5p-mixer0: /dev/v4l-subdev2
I/libexynosv4l2-subdev( 4879): open subdev device /dev/v4l-subdev2
I/hwcomposer( 4879): PSR info devname = /sys/devices/14400000.fimd_fb/psr_info
I/hwcomposer( 4879): PSR mode is 2(0: video mode, 1: DP PSR mode, 2: MIPI-DSI command mode)
I/SurfaceFlinger( 4879): Using composer version 1.3
I/SurfaceFlinger( 4879): EGL information:
I/SurfaceFlinger( 4879): vendor    : Android
I/SurfaceFlinger( 4879): version   : 1.4 Android META-EGL
I/SurfaceFlinger( 4879): extensions: EGL_KHR_get_all_proc_addresses EGL_ANDROID_presentation_time EGL_KHR_image EGL_KHR_image_base EGL_KHR_gl_texture_2D_image EGL_KHR_gl_texture_cubemap_image EGL_KHR_gl_renderbuffer_image EGL_KHR_fence_sync EGL_KHR_create_context EGL_ANDROID_image_native_buffer EGL_KHR_wait_sync EGL_ANDROID_recordable 
I/SurfaceFlinger( 4879): Client API: OpenGL_ES
I/SurfaceFlinger( 4879): EGLSurface: 8-8-8-8, config=0xb6acf2ac
I/SurfaceFlinger( 4879): OpenGL ES informations:
I/SurfaceFlinger( 4879): vendor    : ARM
I/SurfaceFlinger( 4879): renderer  : Mali-T628
I/SurfaceFlinger( 4879): version   : OpenGL ES 3.0
I/SurfaceFlinger( 4879): extensions: GL_EXT_debug_marker GL_ARM_rgba8 GL_ARM_mali_shader_binary GL_OES_depth24 GL_OES_depth_texture GL_OES_depth_texture_cube_map GL_OES_packed_depth_stencil GL_OES_rgb8_rgba8 GL_EXT_read_format_bgra GL_OES_compressed_paletted_texture GL_OES_compressed_ETC1_RGB8_texture GL_OES_standard_derivatives GL_OES_EGL_image GL_OES_EGL_image_external GL_OES_EGL_sync GL_OES_texture_npot GL_OES_vertex_half_float GL_OES_required_internalformat GL_OES_vertex_array_object GL_OES_mapbuffer GL_EXT_texture_format_BGRA8888 GL_EXT_texture_rg GL_EXT_texture_type_2_10_10_10_REV GL_OES_fbo_render_mipmap GL_OES_element_index_uint GL_EXT_shadow_samplers GL_OES_texture_compression_astc GL_KHR_texture_compression_astc_ldr GL_KHR_texture_compression_astc_hdr GL_KHR_debug GL_EXT_occlusion_query_boolean GL_EXT_blend_minmax GL_EXT_discard_framebuffer GL_OES_get_program_binary GL_OES_texture_3D GL_EXT_texture_storage GL_EXT_multisampled_render_to_texture GL_OES_surfaceless_context GL_ARM_mali_program_binary 
I/SurfaceFlinger( 4879): GL_MAX_TEXTURE_SIZE = 8192
I/SurfaceFlinger( 4879): GL_MAX_VIEWPORT_DIMS = 8192
E/libEGL  ( 4879): eglQuerySurface:658 error 300d (EGL_BAD_SURFACE)
E/libEGL  ( 4879): eglQuerySurface:658 error 300d (EGL_BAD_SURFACE)
E/libEGL  ( 4879): call to OpenGL ES API with no current context (logged once per thread)
D/SurfaceFlinger( 4879): Set power mode=2, type=0 flinger=0xb6a62000
I/hwcomposer( 4879): int exynos5_blank(hwc_composer_device_1*, int, int):: disp(0), blank(0)
I/hwcomposer( 4879): unblank ioctl failed (display already unblanked)
E/libEGL  ( 4879): eglSwapBuffers:1228 error 300d (EGL_BAD_SURFACE)
F/SurfaceFlinger( 4879): eglSwapBuffers(0x1, 0x0) failed with 0x0000300d
F/libc    ( 4879): Fatal signal 6 (SIGABRT), code -6 in tid 4879 (surfaceflinger)
I/DEBUG   ( 4872): property debug.db.uid not set; NOT waiting for gdb.
I/DEBUG   ( 4872): HINT: adb shell setprop debug.db.uid 100000
I/DEBUG   ( 4872): HINT: adb forward tcp:5039 tcp:5039
I/DEBUG   ( 4872): *** *** *** *** *** *** *** *** *** *** *** *** *** *** *** ***
I/DEBUG   ( 4872): Build fingerprint: 'samsung/cm_k3gxx/k3gxx:5.0.2/LRX22G/f6367390ba:userdebug/test-keys'
I/DEBUG   ( 4872): Revision: '10'
I/DEBUG   ( 4872): ABI: 'arm'
I/DEBUG   ( 4872): pid: 4879, tid: 4879, name: surfaceflinger  >>> /system/bin/surfaceflinger <<<
I/DEBUG   ( 4872): signal 6 (SIGABRT), code -6 (SI_TKILL), fault addr --------
I/DEBUG   ( 4872): Abort message: 'eglSwapBuffers(0x1, 0x0) failed with 0x0000300d'
I/DEBUG   ( 4872):     r0 00000000  r1 0000130f  r2 00000006  r3 00000000
I/DEBUG   ( 4872):     r4 b6f94114  r5 00000006  r6 0000000b  r7 0000010c
I/DEBUG   ( 4872):     r8 00000000  r9 befbabd0  sl b6a54210  fp befbabd0
I/DEBUG   ( 4872):     ip 0000130f  sp befba650  lr b6f1e7b9  pc b6f424e4  cpsr 600f0010
I/DEBUG   ( 4872): 
I/DEBUG   ( 4872): backtrace:
I/DEBUG   ( 4872):     #00 pc 000384e4  /system/lib/libc.so (tgkill+12)
I/DEBUG   ( 4872):     #01 pc 000147b5  /system/lib/libc.so (pthread_kill+52)
I/DEBUG   ( 4872):     #02 pc 0001550b  /system/lib/libc.so (raise+10)
I/DEBUG   ( 4872):     #03 pc 00011c35  /system/lib/libc.so (__libc_android_abort+36)
I/DEBUG   ( 4872):     #04 pc 0000fcb8  /system/lib/libc.so (abort+4)
I/DEBUG   ( 4872):     #05 pc 00007739  /system/lib/libcutils.so (__android_log_assert+88)
I/DEBUG   ( 4872):     #06 pc 0000f4df  /system/lib/libsurfaceflinger.so
I/DEBUG   ( 4872):     #07 pc 0001b9fd  /system/lib/libsurfaceflinger.so
I/DEBUG   ( 4872):     #08 pc 0001abe7  /system/lib/libsurfaceflinger.so
I/DEBUG   ( 4872):     #09 pc 00019fc3  /system/lib/libsurfaceflinger.so
I/DEBUG   ( 4872):     #10 pc 00019d49  /system/lib/libsurfaceflinger.so
I/DEBUG   ( 4872):     #11 pc 00010ed3  /system/lib/libutils.so (android::Looper::pollInner(int)+410)
I/DEBUG   ( 4872):     #12 pc 00010fc5  /system/lib/libutils.so (android::Looper::pollOnce(int, int*, int*, void**)+92)
I/DEBUG   ( 4872):     #13 pc 000174c5  /system/lib/libsurfaceflinger.so
I/DEBUG   ( 4872):     #14 pc 0001993d  /system/lib/libsurfaceflinger.so (android::SurfaceFlinger::run()+8)
I/DEBUG   ( 4872):     #15 pc 0000083d  /system/bin/surfaceflinger
I/DEBUG   ( 4872):     #16 pc 0000fb75  /system/lib/libc.so (__libc_init+44)
I/DEBUG   ( 4872):     #17 pc 000008d8  /system/bin/surfaceflinger
I/DEBUG   ( 4872): 
I/DEBUG   ( 4872): Tombstone written to: /data/tombstones/tombstone_02
I/ServiceManager( 3667): service 'SurfaceFlinger' died
I/ServiceManager( 3667): service 'Exynos.HWCService' died
I/ServiceManager( 3667): service 'media.wifi_display' died
I/Netd    ( 4916): Netd 1.0 starting
E/Netd    ( 4916): Failed to open /proc/sys/net/ipv6/conf/default/accept_ra_rt_table: No such file or directory
E/Netd    ( 4916): Failed to open /proc/sys/net/ipv6/conf/ip6tnl0/accept_ra_rt_table: No such file or directory
E/Netd    ( 4916): Failed to open /proc/sys/net/ipv6/conf/lo/accept_ra_rt_table: No such file or directory
E/Netd    ( 4916): Failed to open /proc/sys/net/ipv6/conf/rmnet0/accept_ra_rt_table: No such file or directory
E/Netd    ( 4916): Failed to open /proc/sys/net/ipv6/conf/rmnet1/accept_ra_rt_table: No such file or directory
E/Netd    ( 4916): Failed to open /proc/sys/net/ipv6/conf/rmnet2/accept_ra_rt_table: No such file or directory
E/Netd    ( 4916): Failed to open /proc/sys/net/ipv6/conf/rmnet3/accept_ra_rt_table: No such file or directory
E/Netd    ( 4916): Failed to open /proc/sys/net/ipv6/conf/sit0/accept_ra_rt_table: No such file or directory
I/SurfaceFlinger( 4917): SurfaceFlinger is starting
I/SurfaceFlinger( 4917): SurfaceFlinger's main thread ready to run. Initializing graphics H/W...
D/libEGL  ( 4917): loaded /vendor/lib/egl/libGLES_mali.so
I/        ( 4917): PLATFORM VERSION : JB-MR-2
I/mediaserver( 4918): ServiceManager: 0xb60500c0
I/AudioFlinger( 4918): Using default 3000 mSec as standby time.
I/ServiceManager( 4918): Waiting for service batterystats...
D/AndroidRuntime( 4919): 
D/AndroidRuntime( 4919): >>>>>> AndroidRuntime START com.android.internal.os.ZygoteInit <<<<<<
I/gralloc ( 4917): using (fd=12)
I/gralloc ( 4917): id           = 
I/gralloc ( 4917): xres         = 1080 px
I/gralloc ( 4917): yres         = 1920 px
I/gralloc ( 4917): xres_virtual = 1080 px
I/gralloc ( 4917): yres_virtual = 3840 px
I/gralloc ( 4917): bpp          = 32
I/gralloc ( 4917): r            = 16:8
I/gralloc ( 4917): g            =  8:8
I/gralloc ( 4917): b            =  0:8
I/gralloc ( 4917): width        = 65 mm (422.030762 dpi)
I/gralloc ( 4917): height       = 115 mm (424.069580 dpi)
I/gralloc ( 4917): refresh rate = 60.00 Hz
D/AndroidRuntime( 4919): CheckJNI is OFF
I/art     ( 4919): option[0]=-Xzygote
I/art     ( 4919): option[1]=-Xstacktracefile:/data/anr/traces.txt
I/art     ( 4919): option[2]=exit
I/art     ( 4919): option[3]=vfprintf
I/art     ( 4919): option[4]=sensitiveThread
I/art     ( 4919): option[5]=-verbose:gc
I/art     ( 4919): option[6]=-Xms8m
I/art     ( 4919): option[7]=-Xmx512m
I/art     ( 4919): option[8]=-XX:mainThreadStackSize=24K
I/art     ( 4919): option[9]=-XX:HeapGrowthLimit=128m
I/art     ( 4919): option[10]=-XX:HeapMinFree=2m
I/art     ( 4919): option[11]=-XX:HeapMaxFree=8m
I/art     ( 4919): option[12]=-XX:HeapTargetUtilization=0.75
I/art     ( 4919): option[13]=-agentlib:jdwp=transport=dt_android_adb,suspend=n,server=y
I/art     ( 4919): option[14]=-Xlockprofthreshold:500
I/art     ( 4919): option[15]=-Ximage-compiler-option
I/art     ( 4919): option[16]=--runtime-arg
I/art     ( 4919): option[17]=-Ximage-compiler-option
I/art     ( 4919): option[18]=-Xms64m
I/art     ( 4919): option[19]=-Ximage-compiler-option
I/art     ( 4919): option[20]=--runtime-arg
I/art     ( 4919): option[21]=-Ximage-compiler-option
I/art     ( 4919): option[22]=-Xmx64m
I/art     ( 4919): option[23]=-Ximage-compiler-option
I/art     ( 4919): option[24]=--image-classes-zip=/system/framework/framework.jar
I/art     ( 4919): option[25]=-Ximage-compiler-option
I/art     ( 4919): option[26]=--image-classes=preloaded-classes
I/art     ( 4919): option[27]=-Xcompiler-option
I/art     ( 4919): option[28]=--runtime-arg
I/art     ( 4919): option[29]=-Xcompiler-option
I/art     ( 4919): option[30]=-Xms64m
I/art     ( 4919): option[31]=-Xcompiler-option
I/art     ( 4919): option[32]=--runtime-arg
I/art     ( 4919): option[33]=-Xcompiler-option
I/art     ( 4919): option[34]=-Xmx512m
I/art     ( 4919): option[35]=-Duser.language=es
I/art     ( 4919): option[36]=-Duser.region=US
I/art     ( 4919): Pruning dalvik-cache since we are generating an image and will need to recompile
W/art     ( 4919): Prune Dex Cache
I/art     ( 4919): Using an offset of 0xffaef000 from default art base address of 0x70000000
I/art     ( 4919): GenerateImage: /system/bin/dex2oat --image=/data/dalvik-cache/arm/system@framework@boot.art --dex-file=/system/framework/core-libart.jar --dex-file=/system/framework/conscrypt.jar --dex-file=/system/framework/okhttp.jar --dex-file=/system/framework/core-junit.jar --dex-file=/system/framework/bouncycastle.jar --dex-file=/system/framework/ext.jar --dex-file=/system/framework/framework.jar --dex-file=/system/framework/telephony-common.jar --dex-file=/system/framework/voip-common.jar --dex-file=/system/framework/ims-common.jar --dex-file=/system/framework/mms-common.jar --dex-file=/system/framework/android.policy.jar --dex-file=/system/framework/apache-xml.jar --oat-file=/data/dalvik-cache/arm/system@framework@boot.oat --instruction-set=arm --instruction-set-features=div --base=0x6faef000 --runtime-arg -Xms64m --runtime-arg -Xmx64m --image-classes-zip=/system/framework/framework.jar --image-classes=preloaded-classes
W/art     ( 4919): Prune Dex Cache
W/art     ( 4919): Could not create image space with image file '/system/framework/boot.art'. Attempting to fall back to imageless running. Error was: Failed to generate image '/data/dalvik-cache/arm/system@framework@boot.art': Failed execv(/system/bin/dex2oat --image=/data/dalvik-cache/arm/system@framework@boot.art --dex-file=/system/framework/core-libart.jar --dex-file=/system/framework/conscrypt.jar --dex-file=/system/framework/okhttp.jar --dex-file=/system/framework/core-junit.jar --dex-file=/system/framework/bouncycastle.jar --dex-file=/system/framework/ext.jar --dex-file=/system/framework/framework.jar --dex-file=/system/framework/telephony-common.jar --dex-file=/system/framework/voip-common.jar --dex-file=/system/framework/ims-common.jar --dex-file=/system/framework/mms-common.jar --dex-file=/system/framework/android.policy.jar --dex-file=/system/framework/apache-xml.jar --oat-file=/data/dalvik-cache/arm/system@framework@boot.oat --instruction-set=arm --instruction-set-features=div --base=0x6faef000 --runtime-arg -Xms64
D/hwcomposer( 4917): using
D/hwcomposer( 4917): xres         = 1080 px
D/hwcomposer( 4917): yres         = 1920 px
D/hwcomposer( 4917): width        = 65 mm (422.030000 dpi)
D/hwcomposer( 4917): height       = 115 mm (424.069000 dpi)
D/hwcomposer( 4917): refresh rate = 60 Hz
D/libexynosv4l2-subdev( 4917): try node: /dev/v4l-subdev0
D/libexynosv4l2-subdev( 4917): try node: /dev/v4l-subdev1
D/libexynosv4l2-subdev( 4917): try node: /dev/v4l-subdev2
I/libexynosv4l2-subdev( 4917): node found for device s5p-mixer0: /dev/v4l-subdev2
I/libexynosv4l2-subdev( 4917): open subdev device /dev/v4l-subdev2
I/hwcomposer( 4917): PSR info devname = /sys/devices/14400000.fimd_fb/psr_info
I/hwcomposer( 4917): PSR mode is 2(0: video mode, 1: DP PSR mode, 2: MIPI-DSI command mode)
I/SurfaceFlinger( 4917): Using composer version 1.3
I/SurfaceFlinger( 4917): EGL information:
I/SurfaceFlinger( 4917): vendor    : Android
I/SurfaceFlinger( 4917): version   : 1.4 Android META-EGL
I/SurfaceFlinger( 4917): extensions: EGL_KHR_get_all_proc_addresses EGL_ANDROID_presentation_time EGL_KHR_image EGL_KHR_image_base EGL_KHR_gl_texture_2D_image EGL_KHR_gl_texture_cubemap_image EGL_KHR_gl_renderbuffer_image EGL_KHR_fence_sync EGL_KHR_create_context EGL_ANDROID_image_native_buffer EGL_KHR_wait_sync EGL_ANDROID_recordable 
I/SurfaceFlinger( 4917): Client API: OpenGL_ES
I/SurfaceFlinger( 4917): EGLSurface: 8-8-8-8, config=0xb6acf2ac
I/SurfaceFlinger( 4917): OpenGL ES informations:
I/SurfaceFlinger( 4917): vendor    : ARM
I/SurfaceFlinger( 4917): renderer  : Mali-T628
I/SurfaceFlinger( 4917): version   : OpenGL ES 3.0
I/SurfaceFlinger( 4917): extensions: GL_EXT_debug_marker GL_ARM_rgba8 GL_ARM_mali_shader_binary GL_OES_depth24 GL_OES_depth_texture GL_OES_depth_texture_cube_map GL_OES_packed_depth_stencil GL_OES_rgb8_rgba8 GL_EXT_read_format_bgra GL_OES_compressed_paletted_texture GL_OES_compressed_ETC1_RGB8_texture GL_OES_standard_derivatives GL_OES_EGL_image GL_OES_EGL_image_external GL_OES_EGL_sync GL_OES_texture_npot GL_OES_vertex_half_float GL_OES_required_internalformat GL_OES_vertex_array_object GL_OES_mapbuffer GL_EXT_texture_format_BGRA8888 GL_EXT_texture_rg GL_EXT_texture_type_2_10_10_10_REV GL_OES_fbo_render_mipmap GL_OES_element_index_uint GL_EXT_shadow_samplers GL_OES_texture_compression_astc GL_KHR_texture_compression_astc_ldr GL_KHR_texture_compression_astc_hdr GL_KHR_debug GL_EXT_occlusion_query_boolean GL_EXT_blend_minmax GL_EXT_discard_framebuffer GL_OES_get_program_binary GL_OES_texture_3D GL_EXT_texture_storage GL_EXT_multisampled_render_to_texture GL_OES_surfaceless_context GL_ARM_mali_program_binary 
I/SurfaceFlinger( 4917): GL_MAX_TEXTURE_SIZE = 8192
I/SurfaceFlinger( 4917): GL_MAX_VIEWPORT_DIMS = 8192
E/libEGL  ( 4917): eglQuerySurface:658 error 300d (EGL_BAD_SURFACE)
E/libEGL  ( 4917): eglQuerySurface:658 error 300d (EGL_BAD_SURFACE)
E/libEGL  ( 4917): call to OpenGL ES API with no current context (logged once per thread)
D/SurfaceFlinger( 4917): Set power mode=2, type=0 flinger=0xb6a62000
I/hwcomposer( 4917): int exynos5_blank(hwc_composer_device_1*, int, int):: disp(0), blank(0)
I/hwcomposer( 4917): unblank ioctl failed (display already unblanked)
E/libEGL  ( 4917): eglSwapBuffers:1228 error 300d (EGL_BAD_SURFACE)
F/SurfaceFlinger( 4917): eglSwapBuffers(0x1, 0x0) failed with 0x0000300d
F/libc    ( 4917): Fatal signal 6 (SIGABRT), code -6 in tid 4917 (surfaceflinger)
I/DEBUG   ( 4872): property debug.db.uid not set; NOT waiting for gdb.
I/DEBUG   ( 4872): HINT: adb shell setprop debug.db.uid 100000
I/DEBUG   ( 4872): HINT: adb forward tcp:5039 tcp:5039
I/DEBUG   ( 4872): *** *** *** *** *** *** *** *** *** *** *** *** *** *** *** ***
I/DEBUG   ( 4872): Build fingerprint: 'samsung/cm_k3gxx/k3gxx:5.0.2/LRX22G/f6367390ba:userdebug/test-keys'
I/DEBUG   ( 4872): Revision: '10'
I/DEBUG   ( 4872): ABI: 'arm'
I/DEBUG   ( 4872): pid: 4917, tid: 4917, name: surfaceflinger  >>> /system/bin/surfaceflinger <<<
I/DEBUG   ( 4872): signal 6 (SIGABRT), code -6 (SI_TKILL), fault addr --------
I/DEBUG   ( 4872): Abort message: 'eglSwapBuffers(0x1, 0x0) failed with 0x0000300d'
I/DEBUG   ( 4872):     r0 00000000  r1 00001335  r2 00000006  r3 00000000
I/DEBUG   ( 4872):     r4 b6f8c114  r5 00000006  r6 0000000b  r7 0000010c
I/DEBUG   ( 4872):     r8 00000000  r9 be9ccbd0  sl b6a54210  fp be9ccbd0
I/DEBUG   ( 4872):     ip 00001335  sp be9cc650  lr b6f167b9  pc b6f3a4e4  cpsr 600f0010
I/DEBUG   ( 4872): 
I/DEBUG   ( 4872): backtrace:
I/DEBUG   ( 4872):     #00 pc 000384e4  /system/lib/libc.so (tgkill+12)
I/DEBUG   ( 4872):     #01 pc 000147b5  /system/lib/libc.so (pthread_kill+52)
I/DEBUG   ( 4872):     #02 pc 0001550b  /system/lib/libc.so (raise+10)
I/DEBUG   ( 4872):     #03 pc 00011c35  /system/lib/libc.so (__libc_android_abort+36)
I/DEBUG   ( 4872):     #04 pc 0000fcb8  /system/lib/libc.so (abort+4)
I/DEBUG   ( 4872):     #05 pc 00007739  /system/lib/libcutils.so (__android_log_assert+88)
I/DEBUG   ( 4872):     #06 pc 0000f4df  /system/lib/libsurfaceflinger.so
I/DEBUG   ( 4872):     #07 pc 0001b9fd  /system/lib/libsurfaceflinger.so
I/DEBUG   ( 4872):     #08 pc 0001abe7  /system/lib/libsurfaceflinger.so
I/DEBUG   ( 4872):     #09 pc 00019fc3  /system/lib/libsurfaceflinger.so
I/DEBUG   ( 4872):     #10 pc 00019d49  /system/lib/libsurfaceflinger.so
I/DEBUG   ( 4872):     #11 pc 00010ed3  /system/lib/libutils.so (android::Looper::pollInner(int)+410)
I/DEBUG   ( 4872):     #12 pc 00010fc5  /system/lib/libutils.so (android::Looper::pollOnce(int, int*, int*, void**)+92)
I/DEBUG   ( 4872):     #13 pc 000174c5  /system/lib/libsurfaceflinger.so
I/DEBUG   ( 4872):     #14 pc 0001993d  /system/lib/libsurfaceflinger.so (android::SurfaceFlinger::run()+8)
I/DEBUG   ( 4872):     #15 pc 0000083d  /system/bin/surfaceflinger
I/DEBUG   ( 4872):     #16 pc 0000fb75  /system/lib/libc.so (__libc_init+44)
I/DEBUG   ( 4872):     #17 pc 000008d8  /system/bin/surfaceflinger
I/ServiceManager( 4918): Waiting for service batterystats...
F/art     ( 4919): sart/runtime/class_linker.cc:398] Check failed: java_lang_String.Get() == String_class (java_lang_String.Get()=0x12c0a400, String_class=0x12c0b400) ----- class 'Ljava/lang/String;' cl=0x0 -----
F/art     ( 4919): sart/runtime/class_linker.cc:398]   objectSize=640 (412 from super)
F/art     ( 4919): sart/runtime/class_linker.cc:398]   access=0x0000.0011
F/art     ( 4919): sart/runtime/class_linker.cc:398]   super='java.lang.Class<java.lang.Object>' (cl=0x0)
F/art     ( 4919): sart/runtime/class_linker.cc:398]   interfaces (3):
F/art     ( 4919): sart/runtime/class_linker.cc:398]      0: java.lang.Class<java.io.Serializable> (cl=0x0)
F/art     ( 4919): sart/runtime/class_linker.cc:398]      1: java.lang.Class<java.lang.Comparable> (cl=0x0)
F/art     ( 4919): sart/runtime/class_linker.cc:398]      2: java.lang.Class<java.lang.CharSequence> (cl=0x0)
F/art     ( 4919): sart/runtime/class_linker.cc:398]   class not yet loaded
F/art     ( 4919): sart/runtime/class_linker.cc:398] 
F/art     ( 4919): sart/runtime/class_linker.cc:398] ----- class 'Ljava/lang/String;' cl=0x0 -----
F/art     ( 4919): sart/runtime/class_linker.cc:398]   objectSize=636 (412 from super)
F/art     ( 4919): sart/runtime/class_linker.cc:398]   access=0x0000.0011
F/art     ( 4919): sart/runtime/class_linker.cc:398]   super='java.lang.Class<java.lang.Object>' (cl=0x0)
F/art     ( 4919): sart/runtime/class_linker.cc:398]   interfaces (3):
F/art     ( 4919): sart/runtime/class_linker.cc:398]      0: java.lang.Class<java.io.Serializable> (cl=0x0)
F/art     ( 4919): sart/runtime/class_linker.cc:398]      1: java.lang.Class<java.lang.Comparable> (cl=0x0)
F/art     ( 4919): sart/runtime/class_linker.cc:398]      2: java.lang.Class<java.lang.CharSequence> (cl=0x0)
F/art     ( 4919): sart/runtime/class_linker.cc:398]   vtable (54 entries, 11 in super):
F/art     ( 4919): sart/runtime/class_linker.cc:398]      0: void java.lang.String._getChars(int, int, char[], int)
F/art     ( 4919): sart/runtime/class_linker.cc:398]      1: char java.lang.String.charAt(int)
F/art     ( 4919): sart/runtime/class_linker.cc:398]      2: int java.lang.String.codePointAt(int)
F/art     ( 4919): sart/runtime/class_linker.cc:398]      3: int java.lang.String.codePointBefore(int)
F/art     ( 4919): sart/runtime/class_linker.cc:398]      4: int java.lang.String.codePointCount(int, int)
F/art     ( 4919): sart/runtime/class_linker.cc:398]      5: int java.lang.String.compareTo(java.lang.Object)
F/art     ( 4919): sart/runtime/class_linker.cc:398]      6: int java.lang.String.compareTo(java.lang.String)
F/art     ( 4919): sart/runtime/class_linker.cc:398]      7: int java.lang.String.compareToIgnoreCase(java.lang.String)
F/art     ( 4919): sart/runtime/class_linker.cc:398]      8: java.lang.String java.lang.String.concat(java.lang.String)
F/art     ( 4919): sart/runtime/class_linker.cc:398]      9: boolean java.lang.String.contains(java.lang.CharSequence)
F/art     ( 4919): sart/runtime/class_linker.cc:398]     10: boolean java.lang.String.contentEquals(java.lang.CharSequence)
F/art     ( 4919): sart/runtime/class_linker.cc:398]     11: boolean java.lang.String.contentEquals(java.lang.StringBuffer)
F/art     ( 4919): sart/runtime/class_linker.cc:398]     12: boolean java.lang.String.endsWith(java.lang.String)
F/art     ( 4919): sart/runtime/class_linker.cc:398]     13: boolean java.lang.String.equals(java.lang.Object)
F/art     ( 4919): sart/runtime/class_linker.cc:398]     14: boolean java.lang.String.equalsIgnoreCase(java.lang.String)
F/art     ( 4919): sart/runtime/class_linker.cc:398]     15: void java.lang.String.getBytes(int, int, byte[], int)
F/art     ( 4919): sart/runtime/class_linker.cc:398]     16: byte[] java.lang.String.getBytes()
F/art     ( 4919): sart/runtime/class_linker.cc:398]     17: byte[] java.lang.String.getBytes(java.lang.String)
F/art     ( 4919): sart/runtime/class_linker.cc:398]     18: byte[] java.lang.String.getBytes(java.nio.charset.Charset)
F/art     ( 4919): sart/runtime/class_linker.cc:398]     19: void java.lang.String.getChars(int, int, char[], int)
F/art     ( 4919): sart/runtime/class_linker.cc:398]     20: int java.lang.String.hashCode()
F/art     ( 4919): sart/runtime/class_linker.cc:398]     21: int java.lang.String.indexOf(int)
F/art     ( 4919): sart/runtime/class_linker.cc:398]     22: int java.lang.String.indexOf(int, int)
F/art     ( 4919): sart/runtime/class_linker.cc:398]     23: int java.lang.String.indexOf(java.lang.String)
F/art     ( 4919): sart/runtime/class_linker.cc:398]     24: int java.lang.String.indexOf(java.lang.String, int)
F/art     ( 4919): sart/runtime/class_linker.cc:398]     25: java.lang.String java.lang.String.intern()
F/art     ( 4919): sart/runtime/class_linker.cc:398]     26: boolean java.lang.String.isEmpty()
F/art     ( 4919): sart/runtime/class_linker.cc:398]     27: int java.lang.String.lastIndexOf(int)
F/art     ( 4919): sart/runtime/class_linker.cc:398]     28: int java.lang.String.lastIndexOf(int, int)
F/art     ( 4919): sart/runtime/class_linker.cc:398]     29: int java.lang.String.lastIndexOf(java.lang.String)
F/art     ( 4919): sart/runtime/class_linker.cc:398]     30: int java.lang.String.lastIndexOf(java.lang.String, int)
F/art     ( 4919): sart/runtime/class_linker.cc:398]     31: int java.lang.String.length()
F/art     ( 4919): sart/runtime/class_linker.cc:398]     32: boolean java.lang.String.matches(java.lang.String)
F/art     ( 4919): sart/runtime/class_linker.cc:398]     33: int java.lang.String.offsetByCodePoints(int, int)
F/art     ( 4919): sart/runtime/class_linker.cc:398]     34: boolean java.lang.String.regionMatches(int, java.lang.String, int, int)
F/art     ( 4919): sart/runtime/class_linker.cc:398]     35: boolean java.lang.String.regionMatches(boolean, int, java.lang.String, int, int)
F/art     ( 4919): sart/runtime/class_linker.cc:398]     36: java.lang.String java.lang.String.replace(char, char)
F/art     ( 4919): sart/runtime/class_linker.cc:398]     37: java.lang.String java.lang.String.replace(java.lang.CharSequence, java.lang.CharSequence)
F/art     ( 4919): sart/runtime/class_linker.cc:398]     38: java.lang.String java.lang.String.replaceAll(java.lang.String, java.lang.String)
F/art     ( 4919): sart/runtime/class_linker.cc:398]     39: java.lang.String java.lang.String.replaceFirst(java.lang.String, java.lang.String)
F/art     ( 4919): sart/runtime/class_linker.cc:398]     40: java.lang.String[] java.lang.String.split(java.lang.String)
F/art     ( 4919): sart/runtime/class_linker.cc:398]     41: java.lang.String[] java.lang.String.split(java.lang.String, int)
F/art     ( 4919): sart/runtime/class_linker.cc:398]     42: boolean java.lang.String.startsWith(java.lang.String)
F/art     ( 4919): sart/runtime/class_linker.cc:398]     43: boolean java.lang.String.startsWith(java.lang.String, int)
F/art     ( 4919): sart/runtime/class_linker.cc:398]     44: java.lang.CharSequence java.lang.String.subSequence(int, int)
F/art     ( 4919): sart/runtime/class_linker.cc:398]     45: java.lang.String java.lang.String.substring(int)
F/art     ( 4919): sart/runtime/class_linker.cc:398]     46: java.lang.String java.lang.String.substring(int, int)
F/art     ( 4919): sart/runtime/class_linker.cc:398]     47: char[] java.lang.String.toCharArray()
F/art     ( 4919): sart/runtime/class_linker.cc:398]     48: java.lang.String java.lang.String.toLowerCase()
F/art     ( 4919): sart/runtime/class_linker.cc:398]     49: java.lang.String java.lang.String.toLowerCase(java.util.Locale)
F/art     ( 4919): sart/runtime/class_linker.cc:398]     50: java.lang.String java.lang.String.toString()
F/art     ( 4919): sart/runtime/class_linker.cc:398]     51: java.lang.String java.lang.String.toUpperCase()
F/art     ( 4919): sart/runtime/class_linker.cc:398]     52: java.lang.String java.lang.String.toUpperCase(java.util.Locale)
F/art     ( 4919): sart/runtime/class_linker.cc:398]     53: java.lang.String java.lang.String.trim()
F/art     ( 4919): sart/runtime/class_linker.cc:398]   direct methods (38 entries):
F/art     ( 4919): sart/runtime/class_linker.cc:398]      0: void java.lang.String.<clinit>()
F/art     ( 4919): sart/runtime/class_linker.cc:398]      1: void java.lang.String.<init>()
F/art     ( 4919): sart/runtime/class_linker.cc:398]      2: void java.lang.String.<init>(int, int, char[])
F/art     ( 4919): sart/runtime/class_linker.cc:398]      3: void java.lang.String.<init>(java.lang.String)
F/art     ( 4919): sart/runtime/class_linker.cc:398]      4: void java.lang.String.<init>(java.lang.StringBuffer)
F/art     ( 4919): sart/runtime/class_linker.cc:398]      5: void java.lang.String.<init>(java.lang.StringBuilder)
F/art     ( 4919): sart/runtime/class_linker.cc:398]      6: void java.lang.String.<init>(byte[])
F/art     ( 4919): sart/runtime/class_linker.cc:398]      7: void java.lang.String.<init>(byte[], int)
F/art     ( 4919): sart/runtime/class_linker.cc:398]      8: void java.lang.String.<init>(byte[], int, int)
F/art     ( 4919): sart/runtime/class_linker.cc:398]      9: void java.lang.String.<init>(byte[], int, int, int)
F/art     ( 4919): sart/runtime/class_linker.cc:398]     10: void java.lang.String.<init>(byte[], int, int, java.lang.String)
F/art     ( 4919): sart/runtime/class_linker.cc:398]     11: void java.lang.String.<init>(byte[], int, int, java.nio.charset.Charset)
F/art     ( 4919): sart/runtime/class_linker.cc:398]     12: void java.lang.String.<init>(byte[], java.lang.String)
F/art     ( 4919): sart/runtime/class_linker.cc:398]     13: void java.lang.String.<init>(byte[], java.nio.charset.Charset)
F/art     ( 4919): sart/runtime/class_linker.cc:398]     14: void java.lang.String.<init>(char[])
F/art     ( 4919): sart/runtime/class_linker.cc:398]     15: void java.lang.String.<init>(char[], int, int)
F/art     ( 4919): sart/runtime/class_linker.cc:398]     16: void java.lang.String.<init>(int[], int, int)
F/art     ( 4919): sart/runtime/class_linker.cc:398]     17: java.lang.String java.lang.String.copyValueOf(char[])
F/art     ( 4919): sart/runtime/class_linker.cc:398]     18: java.lang.String java.lang.String.copyValueOf(char[], int, int)
F/art     ( 4919): sart/runtime/class_linker.cc:398]     19: java.lang.StringIndexOutOfBoundsException java.lang.String.failedBoundsCheck(int, int, int)
F/art     ( 4919): sart/runtime/class_linker.cc:398]     20: int java.lang.String.fastIndexOf(int, int)
F/art     ( 4919): sart/runtime/class_linker.cc:398]     21: char java.lang.String.foldCase(char)
F/art     ( 4919): sart/runtime/class_linker.cc:398]     22: java.lang.String java.lang.String.format(java.lang.String, java.lang.Object[])
F/art     ( 4919): sart/runtime/class_linker.cc:398]     23: java.lang.String java.lang.String.format(java.util.Locale, java.lang.String, java.lang.Object[])
F/art     ( 4919): sart/runtime/class_linker.cc:398]     24: java.lang.StringIndexOutOfBoundsException java.lang.String.indexAndLength(int)
F/art     ( 4919): sart/runtime/class_linker.cc:398]     25: int java.lang.String.indexOf(java.lang.String, java.lang.String, int, int, char)
F/art     ( 4919): sart/runtime/class_linker.cc:398]     26: int java.lang.String.indexOfSupplementary(int, int)
F/art     ( 4919): sart/runtime/class_linker.cc:398]     27: int java.lang.String.lastIndexOfSupplementary(int, int)
F/art     ( 4919): sart/runtime/class_linker.cc:398]     28: java.lang.StringIndexOutOfBoundsException java.lang.String.startEndAndLength(int, int)
F/art     ( 4919): sart/runtime/class_linker.cc:398]     29: java.lang.String java.lang.String.valueOf(char)
F/art     ( 4919): sart/runtime/class_linker.cc:398]     30: java.lang.String java.lang.String.valueOf(double)
F/art     ( 4919): sart/runtime/class_linker.cc:398]     31: java.lang.String java.lang.String.valueOf(float)
F/art     ( 4919): sart/runtime/class_linker.cc:398]     32: java.lang.String java.lang.String.valueOf(int)
F/art     ( 4919): sart/runtime/class_linker.cc:398]     33: java.lang.String java.lang.String.valueOf(long)
F/art     ( 4919): sart/runtime/class_linker.cc:398]     34: java.lang.String java.lang.String.valueOf(java.lang.Object)
F/art     ( 4919): sart/runtime/class_linker.cc:398]     35: java.lang.String java.lang.String.valueOf(boolean)
F/art     ( 4919): sart/runtime/class_linker.cc:398]     36: java.lang.String java.lang.String.valueOf(char[])
F/art     ( 4919): sart/runtime/class_linker.cc:398]     37: java.lang.String java.lang.String.valueOf(char[], int, int)
F/art     ( 4919): sart/runtime/class_linker.cc:398]   static fields (4 entries):
F/art     ( 4919): sart/runtime/class_linker.cc:398]      0: char[] java.lang.String.ASCII
F/art     ( 4919): sart/runtime/class_linker.cc:398]      1: java.util.Comparator java.lang.String.CASE_INSENSITIVE_ORDER
F/art     ( 4919): sart/runtime/class_linker.cc:398]      2: long java.lang.String.serialVersionUID
F/art     ( 4919): sart/runtime/class_linker.cc:398]      3: char java.lang.String.REPLACEMENT_CHAR
F/art     ( 4919): sart/runtime/class_linker.cc:398]   instance fields (4 entries):
F/art     ( 4919): sart/runtime/class_linker.cc:398]      0: char[] java.lang.String.value
