V/Mms     ( 5675): tag: bool value: enableSplitSMS - false
V/Mms     ( 5675): tag: string value: userAgent - SAMSUNG-SM-G900H-Mms
V/Mms     ( 5675): tag: string value: uaProfUrl - http://wap.samsungmobile.com/uaprof/SM-G900H.xml
I/ContactPhotoManager( 5675): Cache adj: 1.0
E/ContactPhotoManager( 5675): No contact photo service in context: com.android.mms.MmsApp@35a71b31
E/SQLiteLog( 5157): (1) no such table: files
D/WVMDrmPlugIn( 3691): WVMDrmPlugin::onInitialize : 6972
D/WVMDrmPlugIn( 3691): WVMDrmPlugin::onSetOnInfoListener : add 6972
D/WVMDrmPlugIn( 3691): WVMDrmPlugin::onTerminate : 6972
I/FFmpegExtractor( 3692): android-source:0xb570d0b0
I/FFMPEG  ( 3692): Input #0, ogg, from 'android-source:0xb570d0b0':
I/FFMPEG  ( 3692):   Duration: 00:00:02.11, start: 0.000000, bitrate: 61 kb/s
I/FFMPEG  ( 3692):     Stream #0:0: Audio: vorbis, 44100 Hz, mono, fltp, 54 kb/s
I/FFMPEG  ( 3692):     Metadata:
I/FFMPEG  ( 3692):       TITLE           : Piezo Alarm
D/FFmpegExtractor( 3692): FFmpegExtrator, url: android-source:0xb570d0b0, format_name: ogg, format_long_name: Ogg
I/FFmpegExtractor( 3692): adjust mime(application/ogg -> audio/vorbis)
D/FFmpegExtractor( 3692): suppoted codec(vorbis) by official Stagefright
D/FFmpegExtractor( 3692): ffmpeg detected media content as 'audio/vorbis' with confidence 0.08
I/ActivityManager( 4122): Start proc com.android.onetimeinitializer for broadcast com.android.onetimeinitializer/.OneTimeInitializerReceiver: pid=5710 uid=10013 gids={50013, 9997} abi=armeabi-v7a
D/MmsSmsDatabaseHelper( 4988): [MmsSmsDb] tableName: threads hasAutoIncrement: CREATE TABLE threads (_id INTEGER PRIMARY KEY AUTOINCREMENT,date INTEGER DEFAULT 0,message_count INTEGER DEFAULT 0,recipient_ids TEXT,snippet TEXT,snippet_cs INTEGER DEFAULT 0,read INTEGER DEFAULT 1,archived INTEGER DEFAULT 0,type INTEGER DEFAULT 0,error INTEGER DEFAULT 0,has_attachment INTEGER DEFAULT 0) result: true
D/MmsSmsDatabaseHelper( 4988): [MmsSmsDb] tableName: canonical_addresses hasAutoIncrement: CREATE TABLE canonical_addresses (_id INTEGER PRIMARY KEY AUTOINCREMENT,address TEXT) result: true
D/MmsSmsDatabaseHelper( 4988): [MmsSmsDb] tableName: part hasAutoIncrement: CREATE TABLE part (_id INTEGER PRIMARY KEY AUTOINCREMENT,mid INTEGER,seq INTEGER DEFAULT 0,ct TEXT,name TEXT,chset INTEGER,cd TEXT,fn TEXT,cid TEXT,cl TEXT,ctt_s INTEGER,ctt_t TEXT,_data TEXT,text TEXT) result: true
D/MmsSmsDatabaseHelper( 4988): [MmsSmsDb] tableName: pdu hasAutoIncrement: CREATE TABLE pdu (_id INTEGER PRIMARY KEY AUTOINCREMENT,thread_id INTEGER,date INTEGER,date_sent INTEGER DEFAULT 0,msg_box INTEGER,read INTEGER DEFAULT 0,m_id TEXT,sub TEXT,sub_cs INTEGER,ct_t TEXT,ct_l TEXT,exp INTEGER,m_cls TEXT,m_type INTEGER,v INTEGER,m_size INTEGER,pri INTEGER,rr INTEGER,rpt_a INTEGER,resp_st INTEGER,st INTEGER,tr_id TEXT,retr_st INTEGER,retr_txt TEXT,retr_txt_cs INTEGER,read_status INTEGER,ct_cls INTEGER,resp_txt TEXT,d_tm INTEGER,d_rpt INTEGER,locked INTEGER DEFAULT 0,phone_id INTEGER DEFAULT -1, seen INTEGER DEFAULT 0,creator TEXT,text_only INTEGER DEFAULT 0) result: true
D/MmsSmsDatabaseHelper( 4988): [getWritableDatabase] hasAutoIncrementThreads: true hasAutoIncrementAddresses: true hasAutoIncrementPart: true hasAutoIncrementPdu: true
D/Mms     ( 5675): cancelNotification
D/WVMDrmPlugIn( 3691): WVMDrmPlugin::onInitialize : 5463
D/WVMDrmPlugIn( 3691): WVMDrmPlugin::onSetOnInfoListener : add 5463
D/WVMDrmPlugIn( 3691): WVMDrmPlugin::onInitialize : 969
D/WVMDrmPlugIn( 3691): WVMDrmPlugin::onSetOnInfoListener : add 969
D/WVMDrmPlugIn( 3691): WVMDrmPlugin::onTerminate : 5463
I/FFmpegExtractor( 3692): android-source:0xb2c9d150
I/FFMPEG  ( 3692): Input #0, ogg, from 'android-source:0xb2c9d150':
I/FFMPEG  ( 3692):   Duration: 00:00:00.25, start: 0.000000, bitrate: 188 kb/s
I/FFMPEG  ( 3692):     Stream #0:0: Audio: vorbis, 44100 Hz, mono, fltp, 86 kb/s
I/FFMPEG  ( 3692):     Metadata:
I/FFMPEG  ( 3692):       TITLE           : BeeBeep Alarm
D/FFmpegExtractor( 3692): FFmpegExtrator, url: android-source:0xb2c9d150, format_name: ogg, format_long_name: Ogg
I/FFmpegExtractor( 3692): adjust mime(application/ogg -> audio/vorbis)
D/FFmpegExtractor( 3692): suppoted codec(vorbis) by official Stagefright
D/FFmpegExtractor( 3692): ffmpeg detected media content as 'audio/vorbis' with confidence 0.08
D/Mms     ( 5675): Cursor= >>>>> Dumping cursor android.content.ContentResolver$CursorWrapperInner@2ba0028f
D/Mms     ( 5675): <<<<<
D/Mms     ( 5675): Cursor= >>>>> Dumping cursor android.content.ContentResolver$CursorWrapperInner@36852925
D/Mms     ( 5675): <<<<<
D/Mms     ( 5675): cancelNotification
V/OneTimeInitializerRece( 5710): OneTimeInitializerReceiver.onReceive
I/OneTimeInitializerServ( 5710): Updating to version 1.
D/CMStats ( 5101): Set alarm for first sync.
E/ActivityThread( 5710): Failed to find provider info for com.android.launcher2.settings
D/CMStats ( 5101): Next sync attempt in : 23 hours
D/WVMDrmPlugIn( 3691): WVMDrmPlugin::onInitialize : 4962
D/WVMDrmPlugIn( 3691): WVMDrmPlugin::onSetOnInfoListener : add 4962
D/WVMDrmPlugIn( 3691): WVMDrmPlugin::onTerminate : 4962
I/FFmpegExtractor( 3692): android-source:0xb2c9d290
I/FFMPEG  ( 3692): Input #0, ogg, from 'android-source:0xb2c9d290':
I/FFMPEG  ( 3692):   Duration: 00:00:02.37, start: 0.000000, bitrate: 71 kb/s
I/FFMPEG  ( 3692):     Stream #0:0: Audio: vorbis, 44100 Hz, mono, fltp, 70 kb/s
I/FFMPEG  ( 3692):     Metadata:
I/FFMPEG  ( 3692):       TITLE           : Beep-Beep-Beep Alarm
D/FFmpegExtractor( 3692): FFmpegExtrator, url: android-source:0xb2c9d290, format_name: ogg, format_long_name: Ogg
I/FFmpegExtractor( 3692): adjust mime(application/ogg -> audio/vorbis)
D/FFmpegExtractor( 3692): suppoted codec(vorbis) by official Stagefright
D/FFmpegExtractor( 3692): ffmpeg detected media content as 'audio/vorbis' with confidence 0.08
D/HeadsetStateMachine( 5368): Disconnected process message: 10, size: 0
D/AlertReceiver( 5536): onReceive: a=android.intent.action.BOOT_COMPLETED Intent { act=android.intent.action.BOOT_COMPLETED flg=0x8000010 cmp=com.android.calendar/.alerts.AlertReceiver (has extras) }
D/AlertUtils( 5536): Flushing old alerts from shared prefs table
D/WVMDrmPlugIn( 3691): WVMDrmPlugin::onInitialize : 5492
D/WVMDrmPlugIn( 3691): WVMDrmPlugin::onSetOnInfoListener : add 5492
D/WVMDrmPlugIn( 3691): WVMDrmPlugin::onTerminate : 5492
I/FFmpegExtractor( 3692): android-source:0xb2c9d420
I/FFMPEG  ( 3692): Input #0, ogg, from 'android-source:0xb2c9d420':
I/FFMPEG  ( 3692):   Duration: 00:00:01.10, start: 0.000000, bitrate: 82 kb/s
I/FFMPEG  ( 3692):     Stream #0:0: Audio: vorbis, 44100 Hz, mono, fltp, 54 kb/s
I/FFMPEG  ( 3692):     Metadata:
I/FFMPEG  ( 3692):       TITLE           : Buzzer Alarm
D/FFmpegExtractor( 3692): FFmpegExtrator, url: android-source:0xb2c9d420, format_name: ogg, format_long_name: Ogg
I/FFmpegExtractor( 3692): adjust mime(application/ogg -> audio/vorbis)
D/FFmpegExtractor( 3692): suppoted codec(vorbis) by official Stagefright
D/FFmpegExtractor( 3692): ffmpeg detected media content as 'audio/vorbis' with confidence 0.08
I/ActivityManager( 4122): Start proc com.android.camera2 for broadcast com.android.camera2/com.android.camera.DisableCameraReceiver: pid=5747 uid=10027 gids={50027, 9997, 3003, 1028, 1015} abi=armeabi-v7a
D/AlertService( 5536): 0 Action = android.intent.action.BOOT_COMPLETED
D/AlertService( 5536): Scheduling next alarm with AlarmScheduler. sEventReminderReceived: null
D/AlarmScheduler( 5536): No events found starting within 1 week.
D/MccTable( 4988): updateMccMncConfiguration mccmnc='72234' fromServiceState=true
D/MccTable( 4988): updateMccMncConfiguration defaultMccMnc=
D/MccTable( 4988): updateMccMncConfiguration: mcc=722, mnc=34
D/AlarmManagerService( 4122): Kernel timezone updated to -120 minutes west of GMT
D/MccTable( 4988): timezone set to Europe/Andorra
D/MccTable( 4988): getLocaleFromMcc to null_ar mcc=722
D/MccTable( 4988): getLocaleForLanguageCountry: skipping no language
D/MccTable( 4988): WIFI_COUNTRY_CODE set to ar
I/WifiService( 4122): WifiService trying to set country code to ar with persist set to true
D/WVMDrmPlugIn( 3691): WVMDrmPlugin::onInitialize : 4747
D/WVMDrmPlugIn( 3691): WVMDrmPlugin::onSetOnInfoListener : add 4747
D/WVMDrmPlugIn( 3691): WVMDrmPlugin::onTerminate : 4747
I/FFmpegExtractor( 3692): android-source:0xb2c9d4c0
D/AlarmManagerService( 4122): Kernel timezone updated to 180 minutes west of GMT
I/FFMPEG  ( 3692): Input #0, ogg, from 'android-source:0xb2c9d4c0':
I/FFMPEG  ( 3692):   Duration: 00:00:01.67, start: 0.000000, bitrate: 53 kb/s
I/FFMPEG  ( 3692):     Stream #0:0: Audio: vorbis, 44100 Hz, mono, fltp, 40 kb/s
I/FFMPEG  ( 3692):     Metadata:
I/FFMPEG  ( 3692):       TITLE           : Rooster Alarm
D/FFmpegExtractor( 3692): FFmpegExtrator, url: android-source:0xb2c9d4c0, format_name: ogg, format_long_name: Ogg
I/FFmpegExtractor( 3692): adjust mime(application/ogg -> audio/vorbis)
D/FFmpegExtractor( 3692): suppoted codec(vorbis) by official Stagefright
D/FFmpegExtractor( 3692): ffmpeg detected media content as 'audio/vorbis' with confidence 0.08
D/KeyguardUpdateMonitor( 4543): ACTION_SERVICE_STATE_CHANGED on sub: -1 mServiceState: 1 1 home null null 72234  GSM Unknown CSS not supported -1 -1 RoamInd=-1 DefRoamInd=-1 EmergOnly=true
D/WVMDrmPlugIn( 3691): WVMDrmPlugin::onInitialize : 5595
D/WVMDrmPlugIn( 3691): WVMDrmPlugin::onSetOnInfoListener : add 5595
D/WVMDrmPlugIn( 3691): WVMDrmPlugin::onTerminate : 5595
I/FFmpegExtractor( 3692): android-source:0xb2c9d600
I/FFMPEG  ( 3692): Input #0, ogg, from 'android-source:0xb2c9d600':
I/FFMPEG  ( 3692):   Duration: 00:00:07.00, start: 0.000000, bitrate: 133 kb/s
I/FFMPEG  ( 3692):     Stream #0:0: Audio: vorbis, 48000 Hz, mono, fltp, 128 kb/s
I/FFMPEG  ( 3692):     Metadata:
I/FFMPEG  ( 3692):       ANDROID_LOOP    : true
I/FFMPEG  ( 3692):       TITLE           : Argon
D/FFmpegExtractor( 3692): FFmpegExtrator, url: android-source:0xb2c9d600, format_name: ogg, format_long_name: Ogg
I/FFmpegExtractor( 3692): adjust mime(application/ogg -> audio/vorbis)
D/FFmpegExtractor( 3692): suppoted codec(vorbis) by official Stagefright
D/FFmpegExtractor( 3692): ffmpeg detected media content as 'audio/vorbis' with confidence 0.08
E/Vold    ( 3670): Failed to find mounted volume for /storage/extSdCard/Android/data/com.android.camera2/cache/
W/Vold    ( 3670): Returning OperationFailed - no handler for errno 0
W/ContextImpl( 5747): Failed to ensure directory: /storage/extSdCard/Android/data/com.android.camera2/cache
E/Vold    ( 3670): Failed to find mounted volume for /storage/extSdCard/Android/data/com.android.camera2/files/
W/Vold    ( 3670): Returning OperationFailed - no handler for errno 0
W/ContextImpl( 5747): Failed to ensure directory: /storage/extSdCard/Android/data/com.android.camera2/files
I/CAM_DisableCamRcver( 5747): number of camera: 0
I/CAM_DisableCamRcver( 5747): disable all camera activities
D/WVMDrmPlugIn( 3691): WVMDrmPlugin::onInitialize : 5176
D/WVMDrmPlugIn( 3691): WVMDrmPlugin::onSetOnInfoListener : add 5176
D/WVMDrmPlugIn( 3691): WVMDrmPlugin::onTerminate : 5176
I/FFmpegExtractor( 3692): android-source:0xb2c9d290
I/FFMPEG  ( 3692): Input #0, ogg, from 'android-source:0xb2c9d290':
I/FFMPEG  ( 3692):   Duration: 00:00:01.95, start: 0.000000, bitrate: 211 kb/s
I/FFMPEG  ( 3692):     Stream #0:0: Audio: vorbis, 44100 Hz, stereo, fltp, 256 kb/s
I/FFMPEG  ( 3692):     Metadata:
I/FFMPEG  ( 3692):       ANDROID_LOOP    : true
I/FFMPEG  ( 3692):       TITLE           : Barium
D/FFmpegExtractor( 3692): FFmpegExtrator, url: android-source:0xb2c9d290, format_name: ogg, format_long_name: Ogg
I/FFmpegExtractor( 3692): adjust mime(application/ogg -> audio/vorbis)
D/FFmpegExtractor( 3692): suppoted codec(vorbis) by official Stagefright
D/FFmpegExtractor( 3692): ffmpeg detected media content as 'audio/vorbis' with confidence 0.08
D/EmailBroadcastReceiver( 4939): Received android.intent.action.BOOT_COMPLETED
D/bt_vendor( 5368): op for 7
D/WVMDrmPlugIn( 3691): WVMDrmPlugin::onInitialize : 6225
D/WVMDrmPlugIn( 3691): WVMDrmPlugin::onSetOnInfoListener : add 6225
D/WVMDrmPlugIn( 3691): WVMDrmPlugin::onTerminate : 6225
I/FFmpegExtractor( 3692): android-source:0xb2c9d1f0
I/FFMPEG  ( 3692): Input #0, ogg, from 'android-source:0xb2c9d1f0':
I/FFMPEG  ( 3692):   Duration: 00:00:05.95, start: 0.000000, bitrate: 131 kb/s
I/FFMPEG  ( 3692):     Stream #0:0: Audio: vorbis, 48000 Hz, mono, fltp, 128 kb/s
I/FFMPEG  ( 3692):     Metadata:
I/FFMPEG  ( 3692):       ANDROID_LOOP    : true
I/FFMPEG  ( 3692):       TITLE           : Carbon
D/FFmpegExtractor( 3692): FFmpegExtrator, url: android-source:0xb2c9d1f0, format_name: ogg, format_long_name: Ogg
I/FFmpegExtractor( 3692): adjust mime(application/ogg -> audio/vorbis)
D/FFmpegExtractor( 3692): suppoted codec(vorbis) by official Stagefright
D/FFmpegExtractor( 3692): ffmpeg detected media content as 'audio/vorbis' with confidence 0.08
I/ActivityManager( 4122): Start proc com.android.gallery3d for broadcast com.android.gallery3d/com.android.camera.DisableCameraReceiver: pid=5774 uid=10036 gids={50036, 9997, 3003, 1028, 1015, 1023, 3002} abi=armeabi-v7a
I/Email   ( 4939): Onetime initialization: 1
I/Email   ( 4939): Onetime initialization: 2
D/WVMDrmPlugIn( 3691): WVMDrmPlugin::onInitialize : 4283
D/WVMDrmPlugIn( 3691): WVMDrmPlugin::onSetOnInfoListener : add 4283
D/WVMDrmPlugIn( 3691): WVMDrmPlugin::onTerminate : 4283
I/FFmpegExtractor( 3692): android-source:0xb2c9d100
I/FFMPEG  ( 3692): Input #0, ogg, from 'android-source:0xb2c9d100':
I/FFMPEG  ( 3692):   Duration: 00:00:01.85, start: 0.000000, bitrate: 447 kb/s
I/FFMPEG  ( 3692):     Stream #0:0: Audio: vorbis, 44100 Hz, stereo, fltp, 450 kb/s
I/FFMPEG  ( 3692):     Metadata:
I/FFMPEG  ( 3692):       ENCODER         : FL Studio
D/FFmpegExtractor( 3692): FFmpegExtrator, url: android-source:0xb2c9d100, format_name: ogg, format_long_name: Ogg
I/FFmpegExtractor( 3692): adjust mime(application/ogg -> audio/vorbis)
D/FFmpegExtractor( 3692): suppoted codec(vorbis) by official Stagefright
D/FFmpegExtractor( 3692): ffmpeg detected media content as 'audio/vorbis' with confidence 0.08
I/art     ( 4122): Explicit concurrent mark sweep GC freed 28568(2MB) AllocSpace objects, 29(1061KB) LOS objects, 33% free, 22MB/33MB, paused 2.524ms total 59.487ms
I/Email   ( 4939): Onetime initialization: completed.
I/Exchange( 4917): PSS has no active accounts; stopping service.
I/G:DisableCameraReceiver( 5774): no back camera
I/G:DisableCameraReceiver( 5774): disable all camera activities
D/WVMDrmPlugIn( 3691): WVMDrmPlugin::onInitialize : 7194
D/WVMDrmPlugIn( 3691): WVMDrmPlugin::onSetOnInfoListener : add 7194
D/WVMDrmPlugIn( 3691): WVMDrmPlugin::onTerminate : 7194
I/FFmpegExtractor( 3692): android-source:0xb2c9d650
I/FFMPEG  ( 3692): Input #0, ogg, from 'android-source:0xb2c9d650':
I/FFMPEG  ( 3692):   Duration: 00:00:07.00, start: 0.000000, bitrate: 133 kb/s
I/FFMPEG  ( 3692):     Stream #0:0: Audio: vorbis, 48000 Hz, mono, fltp, 128 kb/s
I/FFMPEG  ( 3692):     Metadata:
I/FFMPEG  ( 3692):       ANDROID_LOOP    : true
I/FFMPEG  ( 3692):       TITLE           : Fermium
D/FFmpegExtractor( 3692): FFmpegExtrator, url: android-source:0xb2c9d650, format_name: ogg, format_long_name: Ogg
I/FFmpegExtractor( 3692): adjust mime(application/ogg -> audio/vorbis)
D/FFmpegExtractor( 3692): suppoted codec(vorbis) by official Stagefright
D/FFmpegExtractor( 3692): ffmpeg detected media content as 'audio/vorbis' with confidence 0.08
W/BackupManagerService( 4122): dataChanged but no participant pkg='com.android.providers.settings' uid=10036
W/BackupManagerService( 4122): dataChanged but no participant pkg='com.android.providers.settings' uid=10036
I/CalendarProvider2( 5624): Sending notification intent: Intent { act=android.intent.action.PROVIDER_CHANGED dat=content://com.android.calendar }
W/ContentResolver( 5624): Failed to get type for: content://com.android.calendar (Unknown URL content://com.android.calendar)
I/ActivityManager( 4122): Killing 4811:com.cyanogenmod.lockclock/u0a42 (adj 15): empty #17
D/WVMDrmPlugIn( 3691): WVMDrmPlugin::onInitialize : 4447
D/WVMDrmPlugIn( 3691): WVMDrmPlugin::onSetOnInfoListener : add 4447
W/BackupManagerService( 4122): dataChanged but no participant pkg='com.android.providers.settings' uid=10036
D/WVMDrmPlugIn( 3691): WVMDrmPlugin::onTerminate : 4447
I/FFmpegExtractor( 3692): android-source:0xb2c9d470
I/FFMPEG  ( 3692): Input #0, ogg, from 'android-source:0xb2c9d470':
I/FFMPEG  ( 3692):   Duration: 00:00:08.83, start: 0.000000, bitrate: 133 kb/s
I/FFMPEG  ( 3692):     Stream #0:0: Audio: vorbis, 48000 Hz, mono, fltp, 128 kb/s
I/FFMPEG  ( 3692):     Metadata:
I/FFMPEG  ( 3692):       ANDROID_LOOP    : true
I/FFMPEG  ( 3692):       TITLE           : Helium
D/FFmpegExtractor( 3692): FFmpegExtrator, url: android-source:0xb2c9d470, format_name: ogg, format_long_name: Ogg
I/FFmpegExtractor( 3692): adjust mime(application/ogg -> audio/vorbis)
D/FFmpegExtractor( 3692): suppoted codec(vorbis) by official Stagefright
D/FFmpegExtractor( 3692): ffmpeg detected media content as 'audio/vorbis' with confidence 0.08
D/WVMDrmPlugIn( 3691): WVMDrmPlugin::onInitialize : 4619
D/WVMDrmPlugIn( 3691): WVMDrmPlugin::onSetOnInfoListener : add 4619
D/WVMDrmPlugIn( 3691): WVMDrmPlugin::onTerminate : 4619
I/FFmpegExtractor( 3692): android-source:0xb6055ce0
I/FFMPEG  ( 3692): Input #0, ogg, from 'android-source:0xb6055ce0':
I/FFMPEG  ( 3692):   Duration: 00:00:02.11, start: 0.000000, bitrate: 61 kb/s
I/FFMPEG  ( 3692):     Stream #0:0: Audio: vorbis, 44100 Hz, mono, fltp, 54 kb/s
I/FFMPEG  ( 3692):     Metadata:
I/FFMPEG  ( 3692):       TITLE           : Piezo Alarm
D/FFmpegExtractor( 3692): FFmpegExtrator, url: android-source:0xb6055ce0, format_name: ogg, format_long_name: Ogg
I/FFmpegExtractor( 3692): adjust mime(application/ogg -> audio/vorbis)
D/FFmpegExtractor( 3692): suppoted codec(vorbis) by official Stagefright
D/FFmpegExtractor( 3692): ffmpeg detected media content as 'audio/vorbis' with confidence 0.08
E/MetadataRetrieverClient( 3692): failed to extract an album art
I/ActivityManager( 4122): Killing 5010:org.cyanogenmod.themes.provider/u0a17 (adj 15): empty #17
W/BackupManagerService( 4122): dataChanged but no participant pkg='com.android.providers.settings' uid=10009
W/art     ( 4122): Long monitor contention event with owner method=void com.android.server.am.BroadcastQueue.processNextBroadcast(boolean) from BroadcastQueue.java:553 waiters=1 for 107ms
I/SystemBroadcastReceiver( 4742): Boot has been completed
W/libprocessgroup( 4122): failed to open /acct/uid_10042/pid_4811/cgroup.procs: No such file or directory
E/lowmemorykiller( 3668): Error opening /proc/5010/oom_score_adj; errno=2
W/libprocessgroup( 4122): failed to open /acct/uid_10017/pid_5010/cgroup.procs: No such file or directory
I/LauncherIconVisibilityManager( 4742): Disable activity: ComponentInfo{com.android.inputmethod.latin/com.android.inputmethod.latin.setup.SetupActivity}
D/WVMDrmPlugIn( 3691): WVMDrmPlugin::onInitialize : 8126
D/WVMDrmPlugIn( 3691): WVMDrmPlugin::onSetOnInfoListener : add 8126
D/WVMDrmPlugIn( 3691): WVMDrmPlugin::onTerminate : 8126
I/FFmpegExtractor( 3692): android-source:0xb570d150
I/FFMPEG  ( 3692): Input #0, ogg, from 'android-source:0xb570d150':
I/FFMPEG  ( 3692):   Duration: 00:00:04.96, start: 0.000000, bitrate: 166 kb/s
I/FFMPEG  ( 3692):     Stream #0:0: Audio: vorbis, 44100 Hz, stereo, fltp, 256 kb/s
I/FFMPEG  ( 3692):     Metadata:
I/FFMPEG  ( 3692):       ANDROID_LOOP    : true
I/FFMPEG  ( 3692):       TITLE           : Krypton
D/FFmpegExtractor( 3692): FFmpegExtrator, url: android-source:0xb570d150, format_name: ogg, format_long_name: Ogg
I/FFmpegExtractor( 3692): adjust mime(application/ogg -> audio/vorbis)
D/FFmpegExtractor( 3692): suppoted codec(vorbis) by official Stagefright
D/FFmpegExtractor( 3692): ffmpeg detected media content as 'audio/vorbis' with confidence 0.08
I/ActivityManager( 4122): Start proc com.cyanogenmod.lockclock for broadcast com.cyanogenmod.lockclock/.ClockWidgetProvider: pid=5802 uid=10042 gids={50042, 9997, 3003} abi=armeabi-v7a
D/WVMDrmPlugIn( 3691): WVMDrmPlugin::onInitialize : 6413
D/WVMDrmPlugIn( 3691): WVMDrmPlugin::onSetOnInfoListener : add 6413
D/WVMDrmPlugIn( 3691): WVMDrmPlugin::onTerminate : 6413
I/FFmpegExtractor( 3692): android-source:0xb2c9d560
I/FFMPEG  ( 3692): Input #0, ogg, from 'android-source:0xb2c9d560':
I/FFMPEG  ( 3692):   Duration: 00:00:20.40, start: 0.000000, bitrate: 69 kb/s
I/FFMPEG  ( 3692):     Stream #0:0: Audio: vorbis, 44100 Hz, stereo, fltp, 112 kb/s
I/FFMPEG  ( 3692):     Metadata:
I/FFMPEG  ( 3692):       ANDROID_LOOP    : true
I/FFMPEG  ( 3692):       TITLE           : Neon
D/FFmpegExtractor( 3692): FFmpegExtrator, url: android-source:0xb2c9d560, format_name: ogg, format_long_name: Ogg
I/FFmpegExtractor( 3692): adjust mime(application/ogg -> audio/vorbis)
D/FFmpegExtractor( 3692): suppoted codec(vorbis) by official Stagefright
D/FFmpegExtractor( 3692): ffmpeg detected media content as 'audio/vorbis' with confidence 0.08
I/ActivityManager( 4122): Killing 5250:com.cyanogenmod.eleven/u0a32 (adj 15): empty #17
D/WVMDrmPlugIn( 3691): WVMDrmPlugin::onInitialize : 7462
D/WVMDrmPlugIn( 3691): WVMDrmPlugin::onSetOnInfoListener : add 7462
D/WVMDrmPlugIn( 3691): WVMDrmPlugin::onTerminate : 7462
I/FFmpegExtractor( 3692): android-source:0xb551e100
I/FFMPEG  ( 3692): Input #0, ogg, from 'android-source:0xb551e100':
I/FFMPEG  ( 3692):   Duration: 00:00:20.40, start: 0.000000, bitrate: 69 kb/s
I/FFMPEG  ( 3692):     Stream #0:0: Audio: vorbis, 44100 Hz, stereo, fltp, 112 kb/s
I/FFMPEG  ( 3692):     Metadata:
I/FFMPEG  ( 3692):       ANDROID_LOOP    : true
I/FFMPEG  ( 3692):       TITLE           : Nobelium
D/FFmpegExtractor( 3692): FFmpegExtrator, url: android-source:0xb551e100, format_name: ogg, format_long_name: Ogg
I/FFmpegExtractor( 3692): adjust mime(application/ogg -> audio/vorbis)
D/FFmpegExtractor( 3692): suppoted codec(vorbis) by official Stagefright
D/FFmpegExtractor( 3692): ffmpeg detected media content as 'audio/vorbis' with confidence 0.08
W/BluetoothAdapterState( 5368): Timeout will setting scan mode..Continuing with disable...
D/BluetoothAdapterState( 5368): CURRENT_STATE=PENDING, MESSAGE = BEGIN_DISABLE, isTurningOn=false, isTurningOff=true
E/bt-btif ( 5368): cmd socket is not created
W/bt-l2cap( 5368): L2CAP - L2CA_Deregister() called for PSM: 0x000f
D/btif_config_util( 5368): btif_config_save_file(L188): in file name:/data/misc/bluedroid/bt_config.new
D/bt_vendor( 5368): op for 7
W/bt-btif ( 5368): bta_dm_disable BTA_DISABLE_DELAY set to 200 ms
D/bt-btif ( 5368): AG evt (hdl 0x0001): State 0, Event 0x0501
D/bt-btif ( 5368): btif_hf_upstreams_evt: event=BTA_AG_DISABLE_EVT
D/bt-btif ( 5368): btif_hf_upstreams_evt: event=BTA_AG_DISABLE_EVT
W/bt-l2cap( 5368): L2CAP - L2CA_Deregist: Invalid index -1
E/bt-btif ( 5368): L2CAP - L2CA_Deregist: Invalid index -1
W/bt-l2cap( 5368): L2CAP - L2CA_Deregister() called for PSM: 0x0017
W/bt-l2cap( 5368): L2CAP - L2CA_Deregister() called for PSM: 0x0019
W/bt-l2cap( 5368): L2CAP - PSM: 0x0019 not found for deregistration
W/bt-l2cap( 5368): L2CAP - L2CA_Deregister() called for PSM: 0x0017
W/bt-l2cap( 5368): L2CAP - PSM: 0x0017 not found for deregistration
W/bt-l2cap( 5368): L2CAP - L2CA_Deregister() called for PSM: 0x0011
W/bt-l2cap( 5368): L2CAP - L2CA_Deregister() called for PSM: 0x0013
E/bt-btif ( 5368): bta_gattc_deregister Deregister Failedm unknown client cif
D/bt_vendor( 5368): op for 7
D/bt_upio ( 5368): BT_WAKE is asserted already
D/bt_vendor( 5368): op for 7
D/bt_upio ( 5368): BT_WAKE is asserted already
D/bt_vendor( 5368): op for 7
D/bt_upio ( 5368): BT_WAKE is asserted already
D/bt_vendor( 5368): op for 7
D/bt_upio ( 5368): BT_WAKE is asserted already
D/bt_vendor( 5368): op for 7
D/bt_upio ( 5368): BT_WAKE is asserted already
D/bt_vendor( 5368): op for 7
D/bt_upio ( 5368): BT_WAKE is asserted already
D/bt_vendor( 5368): op for 7
D/bt_upio ( 5368): BT_WAKE is asserted already
D/bt_vendor( 5368): op for 7
D/bt_upio ( 5368): BT_WAKE is asserted already
D/bt_vendor( 5368): op for 7
D/bt_upio ( 5368): BT_WAKE is asserted already
D/bt_vendor( 5368): op for 7
D/bt_upio ( 5368): BT_WAKE is asserted already
D/bt_vendor( 5368): op for 7
D/bt_upio ( 5368): BT_WAKE is asserted already
D/WVMDrmPlugIn( 3691): WVMDrmPlugin::onInitialize : 4476
D/WVMDrmPlugIn( 3691): WVMDrmPlugin::onSetOnInfoListener : add 4476
D/WVMDrmPlugIn( 3691): WVMDrmPlugin::onTerminate : 4476
I/FFmpegExtractor( 3692): android-source:0xb551e380
I/FFMPEG  ( 3692): Input #0, ogg, from 'android-source:0xb551e380':
I/FFMPEG  ( 3692):   Duration: 00:00:01.50, start: 0.000000, bitrate: 348 kb/s
I/FFMPEG  ( 3692):     Stream #0:0: Audio: vorbis, 44100 Hz, stereo, fltp, 320 kb/s
I/FFMPEG  ( 3692):     Metadata:
I/FFMPEG  ( 3692):       ENCODER         : FL Studio
I/FFMPEG  ( 3692):       TITLE           : Nuclear Launch
D/FFmpegExtractor( 3692): FFmpegExtrator, url: android-source:0xb551e380, format_name: ogg, format_long_name: Ogg
I/FFmpegExtractor( 3692): adjust mime(application/ogg -> audio/vorbis)
D/FFmpegExtractor( 3692): suppoted codec(vorbis) by official Stagefright
D/FFmpegExtractor( 3692): ffmpeg detected media content as 'audio/vorbis' with confidence 0.08
W/libprocessgroup( 4122): failed to open /acct/uid_10032/pid_5250/cgroup.procs: No such file or directory
D/WeatherUpdateService( 5802): Service started, but shouldn't update ... stopping
I/ActivityManager( 4122): Killing 5390:com.android.keychain/1000 (adj 15): empty #17
D/WVMDrmPlugIn( 3691): WVMDrmPlugin::onInitialize : 5233
D/WVMDrmPlugIn( 3691): WVMDrmPlugin::onSetOnInfoListener : add 5233
D/bt_vendor( 5368): op for 6
W/bt-btif ( 5368): ag scb idx 1 not allocated
D/bt_userial( 5368): RX termination
D/bt_vendor( 5368): op for 7
E/bt-btif ( 5368): BTA AG is already disabled, ignoring ...
W/bt_userial( 5368): select_read return size <=0:-1, exiting userial_read_thread
D/bt_upio ( 5368): BT_WAKE is asserted already
D/bt_userial( 5368): Leaving userial_read_thread()
W/bt-l2cap( 5368): L2CAP - L2CA_Deregister() called for PSM: 0x0019
W/bt-l2cap( 5368): L2CAP - PSM: 0x0019 not found for deregistration
W/bt-l2cap( 5368): L2CAP - L2CA_Deregister() called for PSM: 0x0017
W/bt-l2cap( 5368): L2CAP - PSM: 0x0017 not found for deregistration
D/bt_userial( 5368): userial_close_reader Joined userial reader thread: 0
W/bt-l2cap( 5368): L2CAP - L2CA_Deregister() called for PSM: 0x0019
W/bt-l2cap( 5368): L2CAP - PSM: 0x0019 not found for deregistration
W/bt-l2cap( 5368): L2CAP - L2CA_Deregister() called for PSM: 0x0017
W/bt-l2cap( 5368): L2CAP - PSM: 0x0017 not found for deregistration
W/bt-l2cap( 5368): L2CAP - L2CA_Deregister() called for PSM: 0x0019
W/bt-l2cap( 5368): L2CAP - PSM: 0x0019 not found for deregistration
W/bt-l2cap( 5368): L2CAP - L2CA_Deregister() called for PSM: 0x0017
W/bt-l2cap( 5368): L2CAP - PSM: 0x0017 not found for deregistration
E/bt-btif ( 5368): bta_gattc_deregister Deregister Failedm unknown client cif
D/bt_vendor( 5368): op for 9
D/bt_hwcfg( 5368): hw_epilog_process
D/bt_vendor( 5368): op for 4
I/bt_userial_vendor( 5368): device fd = 56 close
D/bt_vendor( 5368): op for 0
D/bt_upio ( 5368): upio_set_bluetooth_power(on: 0)
D/bt_upio ( 5368): is_emulator_context : 0
D/bt_upio ( 5368): is_rfkill_disabled ? [0]
D/WVMDrmPlugIn( 3691): WVMDrmPlugin::onTerminate : 5233
D/bt_vendor( 5368): cleanup
I/GKI_LINUX( 5368): gki_task task_id=0 [BTU] terminating
I/GKI_LINUX( 5368): GKI_exit_task 0 done
I/GKI_LINUX( 5368): GKI_shutdown(): task [BTU] terminated
D/BluetoothAdapterState( 5368): CURRENT_STATE=PENDING, MESSAGE = DISABLED, isTurningOn=false, isTurningOff=true
D/BluetoothAdapterService( 5368): mProfilesStarted : true supportedProfileServices.length : 8
I/FFmpegExtractor( 3692): android-source:0xb551e4c0
I/FFMPEG  ( 3692): Input #0, ogg, from 'android-source:0xb551e4c0':
I/FFMPEG  ( 3692):   Duration: 00:00:02.45, start: 0.000000, bitrate: 138 kb/s
I/FFMPEG  ( 3692):     Stream #0:0: Audio: vorbis, 48000 Hz, mono, fltp, 128 kb/s
I/FFMPEG  ( 3692):     Metadata:
I/FFMPEG  ( 3692):       ANDROID_LOOP    : true
I/FFMPEG  ( 3692):       TITLE           : Osmium
D/FFmpegExtractor( 3692): FFmpegExtrator, url: android-source:0xb551e4c0, format_name: ogg, format_long_name: Ogg
I/FFmpegExtractor( 3692): adjust mime(application/ogg -> audio/vorbis)
D/FFmpegExtractor( 3692): suppoted codec(vorbis) by official Stagefright
D/FFmpegExtractor( 3692): ffmpeg detected media content as 'audio/vorbis' with confidence 0.08
D/WVMDrmPlugIn( 3691): WVMDrmPlugin::onInitialize : 5753
D/WVMDrmPlugIn( 3691): WVMDrmPlugin::onSetOnInfoListener : add 5753
D/WVMDrmPlugIn( 3691): WVMDrmPlugin::onTerminate : 5753
I/FFmpegExtractor( 3692): android-source:0xb551e600
I/FFMPEG  ( 3692): Input #0, ogg, from 'android-source:0xb551e600':
I/FFMPEG  ( 3692):   Duration: 00:00:02.07, start: 0.000000, bitrate: 104 kb/s
I/FFMPEG  ( 3692):     Stream #0:0: Audio: vorbis, 44100 Hz, stereo, fltp, 256 kb/s
I/FFMPEG  ( 3692):     Metadata:
I/FFMPEG  ( 3692):       ANDROID_LOOP    : true
I/FFMPEG  ( 3692):       TITLE           : Oxygen
D/FFmpegExtractor( 3692): FFmpegExtrator, url: android-source:0xb551e600, format_name: ogg, format_long_name: Ogg
I/FFmpegExtractor( 3692): adjust mime(application/ogg -> audio/vorbis)
D/FFmpegExtractor( 3692): suppoted codec(vorbis) by official Stagefright
D/FFmpegExtractor( 3692): ffmpeg detected media content as 'audio/vorbis' with confidence 0.08
W/libprocessgroup( 4122): failed to open /acct/uid_1000/pid_5390/cgroup.procs: No such file or directory
D/HeadsetService( 5368): Received stop request...Stopping profile...
E/ELEVEN  ( 5274): calling refresh!
D/WVMDrmPlugIn( 3691): WVMDrmPlugin::onInitialize : 6757
D/WVMDrmPlugIn( 3691): WVMDrmPlugin::onSetOnInfoListener : add 6757
D/WVMDrmPlugIn( 3691): WVMDrmPlugin::onTerminate : 6757
I/FFmpegExtractor( 3692): android-source:0xb570d1a0
I/FFMPEG  ( 3692): Input #0, ogg, from 'android-source:0xb570d1a0':
I/FFMPEG  ( 3692):   Duration: 00:00:06.71, start: 0.000000, bitrate: 134 kb/s
I/FFMPEG  ( 3692):     Stream #0:0: Audio: vorbis, 48000 Hz, mono, fltp, 128 kb/s
I/FFMPEG  ( 3692):     Metadata:
I/FFMPEG  ( 3692):       ANDROID_LOOP    : true
I/FFMPEG  ( 3692):       TITLE           : Platinum
D/FFmpegExtractor( 3692): FFmpegExtrator, url: android-source:0xb570d1a0, format_name: ogg, format_long_name: Ogg
I/FFmpegExtractor( 3692): adjust mime(application/ogg -> audio/vorbis)
D/FFmpegExtractor( 3692): suppoted codec(vorbis) by official Stagefright
D/FFmpegExtractor( 3692): ffmpeg detected media content as 'audio/vorbis' with confidence 0.08
I/ActivityManager( 4122): Start proc org.whispersystems.whisperpush for broadcast org.whispersystems.whisperpush/.service.DirectoryRefreshListener: pid=5830 uid=10056 gids={50056, 9997, 3003} abi=armeabi-v7a
D/BluetoothAdapterService( 5368): getAdapterService() - returning com.android.bluetooth.btservice.AdapterService@1ad796fd
D/HeadsetStateMachine( 5368): Exit Disconnected: -1
D/BluetoothHeadset( 4122): Proxy object disconnected
D/AudioService( 4122): onServiceDisconnected: Bluetooth profile: 1
D/BluetoothHeadset( 5078): Proxy object disconnected
D/BluetoothHeadset( 5078): Proxy object disconnected
D/A2dpService( 5368): Received stop request...Stopping profile...
D/A2dpStateMachine( 5368): Exit Disconnected: -1
I/art     ( 3702): Explicit concurrent mark sweep GC freed 706(30KB) AllocSpace objects, 0(0B) LOS objects, 39% free, 15MB/25MB, paused 233us total 12.385ms
D/BluetoothAdapterService( 5368): getAdapterService() - returning com.android.bluetooth.btservice.AdapterService@1ad796fd
D/BluetoothA2dp( 4122): Proxy object disconnected
D/AudioService( 4122): onServiceDisconnected: Bluetooth profile: 2
D/BluetoothHeadset( 4988): Proxy object disconnected
D/BluetoothAdapterState( 5368): Stopping profile services that were post enabled
I/art     ( 3702): Explicit concurrent mark sweep GC freed 5(160B) AllocSpace objects, 0(0B) LOS objects, 39% free, 15MB/25MB, paused 199us total 10.934ms
W/BluetoothHeadsetServiceJni( 5368): Cleaning up Bluetooth Handsfree Interface...
W/BluetoothHeadsetServiceJni( 5368): Cleaning up Bluetooth Handsfree callback object
D/HidService( 5368): Received stop request...Stopping profile...
D/BluetoothAdapterService( 5368): getAdapterService() - returning com.android.bluetooth.btservice.AdapterService@1ad796fd
D/BluetoothInputDevice( 5101): Proxy object disconnected
D/HidProfile( 5101): Bluetooth service disconnected
D/HealthService( 5368): Received stop request...Stopping profile...
D/BluetoothAdapterService( 5368): getAdapterService() - returning com.android.bluetooth.btservice.AdapterService@1ad796fd
I/art     ( 3702): Explicit concurrent mark sweep GC freed 5(160B) AllocSpace objects, 0(0B) LOS objects, 39% free, 15MB/25MB, paused 210us total 10.367ms
D/PanService( 5368): Received stop request...Stopping profile...
D/BluetoothAdapterService( 5368): getAdapterService() - returning com.android.bluetooth.btservice.AdapterService@1ad796fd
D/BtGatt.DebugUtils( 5368): handleDebugAction() action=null
D/BluetoothPan( 5101): BluetoothPAN Proxy object disconnected
D/PanProfile( 5101): Bluetooth service disconnected
D/BtGatt.GattService( 5368): Received stop request...Stopping profile...
D/BtGatt.GattService( 5368): stop()
D/BtGatt.AdvertiseManager( 5368): advertise clients cleared
D/BluetoothAdapterService( 5368): getAdapterService() - returning com.android.bluetooth.btservice.AdapterService@1ad796fd
I/GKI_LINUX( 5368): gki_task task_id=2 [A2DP-MEDIA] terminating
I/GKI_LINUX( 5368): GKI_exit_task 2 done
I/GKI_LINUX( 5368): GKI_shutdown(): task [A2DP-MEDIA] terminated
D/BluetoothMapService( 5368): Received stop request...Stopping profile...
D/BluetoothMapService( 5368): stop()
D/BluetoothMapService( 5368): MAP Service closeService in
D/BluetoothMapService( 5368): MAP Service closeService in
D/BluetoothMapService( 5368): Unregistering Email account observer
D/BluetoothAdapterService( 5368): getAdapterService() - returning com.android.bluetooth.btservice.AdapterService@1ad796fd
D/BluetoothMap( 5101): Proxy object disconnected
D/MapProfile( 5101): Bluetooth service disconnected
W/BluetoothHidServiceJni( 5368): Cleaning up Bluetooth HID Interface...
W/BluetoothHidServiceJni( 5368): Cleaning up Bluetooth GID callback object
W/BluetoothHealthServiceJni( 5368): Cleaning up Bluetooth Health Interface...
W/BluetoothHealthServiceJni( 5368): Cleaning up Bluetooth Health object
W/BluetoothPanServiceJni( 5368): Cleaning up Bluetooth PAN Interface...
W/BluetoothPanServiceJni( 5368): Cleaning up Bluetooth PAN callback object
D/BtGatt.GattService( 5368): cleanup()
W/bt-btif ( 5368): GATTC Module not enabled/already disabled
W/bt-btif ( 5368): GATTS Module not enabled/already disabled
D/BtGatt.AdvertiseManager( 5368): advertise clients cleared
D/BluetoothAdapterState( 5368): CURRENT_STATE=PENDING, MESSAGE = STOPPED, isTurningOn=false, isTurningOff=true
D/BluetoothAdapterProperties( 5368): Setting state to 10
I/BluetoothAdapterState( 5368): Bluetooth adapter state changed: 13-> 10
I/BluetoothAdapterState( 5368): Entering OffState
D/BluetoothMapService( 5368): cleanup()
D/BluetoothMapService( 5368): MAP Service closeService in
D/BluetoothMapService( 5368): MAP Service closeService in
D/WVMDrmPlugIn( 3691): WVMDrmPlugin::onInitialize : 4853
D/WVMDrmPlugIn( 3691): WVMDrmPlugin::onSetOnInfoListener : add 4853
D/WVMDrmPlugIn( 3691): WVMDrmPlugin::onTerminate : 4853
I/FFmpegExtractor( 3692): android-source:0xb570d2e0
I/FFMPEG  ( 3692): Input #0, ogg, from 'android-source:0xb570d2e0':
I/FFMPEG  ( 3692):   Duration: 00:00:03.94, start: 0.000000, bitrate: 97 kb/s
I/FFMPEG  ( 3692):     Stream #0:0: Audio: vorbis, 44100 Hz, stereo, fltp, 256 kb/s
I/FFMPEG  ( 3692):     Metadata:
I/FFMPEG  ( 3692):       ANDROID_LOOP    : true
I/FFMPEG  ( 3692):       TITLE           : Scandium
D/FFmpegExtractor( 3692): FFmpegExtrator, url: android-source:0xb570d2e0, format_name: ogg, format_long_name: Ogg
I/FFmpegExtractor( 3692): adjust mime(application/ogg -> audio/vorbis)
D/FFmpegExtractor( 3692): suppoted codec(vorbis) by official Stagefright
D/FFmpegExtractor( 3692): ffmpeg detected media content as 'audio/vorbis' with confidence 0.08
I/ActivityManager( 4122): Killing 5412:com.android.deskclock/u0a30 (adj 15): empty #17
D/WVMDrmPlugIn( 3691): WVMDrmPlugin::onInitialize : 5260
D/WVMDrmPlugIn( 3691): WVMDrmPlugin::onSetOnInfoListener : add 5260
D/WVMDrmPlugIn( 3691): WVMDrmPlugin::onTerminate : 5260
I/FFmpegExtractor( 3692): android-source:0xb570d420
I/FFMPEG  ( 3692): Input #0, ogg, from 'android-source:0xb570d420':
I/FFMPEG  ( 3692):   Duration: 00:00:00.60, start: 0.000000, bitrate: 138 kb/s
I/FFMPEG  ( 3692):     Stream #0:0: Audio: vorbis, 44100 Hz, stereo, fltp, 112 kb/s
I/FFMPEG  ( 3692):     Metadata:
I/FFMPEG  ( 3692):       TITLE           : Adara
D/FFmpegExtractor( 3692): FFmpegExtrator, url: android-source:0xb570d420, format_name: ogg, format_long_name: Ogg
I/FFmpegExtractor( 3692): adjust mime(application/ogg -> audio/vorbis)
D/FFmpegExtractor( 3692): suppoted codec(vorbis) by official Stagefright
D/FFmpegExtractor( 3692): ffmpeg detected media content as 'audio/vorbis' with confidence 0.08
D/BluetoothManagerService( 4122): unbindAndFinish(): android.bluetooth.IBluetooth$Stub$Proxy@2a6eae92 mBinding = false
D/BluetoothManagerService( 4122): Sending unbind request.
D/WVMDrmPlugIn( 3691): WVMDrmPlugin::onInitialize : 4993
D/WVMDrmPlugIn( 3691): WVMDrmPlugin::onSetOnInfoListener : add 4993
D/WVMDrmPlugIn( 3691): WVMDrmPlugin::onTerminate : 4993
I/FFmpegExtractor( 3692): android-source:0xb570d4c0
I/FFMPEG  ( 3692): Input #0, ogg, from 'android-source:0xb570d4c0':
I/FFMPEG  ( 3692):   Duration: 00:00:00.60, start: 0.000000, bitrate: 100 kb/s
I/FFMPEG  ( 3692):     Stream #0:0: Audio: vorbis, 44100 Hz, mono, fltp, 96 kb/s
I/FFMPEG  ( 3692):     Metadata:
I/FFMPEG  ( 3692):       ANDROID_LOOP    : false
I/FFMPEG  ( 3692):       track           : 2d105c
I/FFMPEG  ( 3692):       TITLE           : Aldebaran
I/FFMPEG  ( 3692):       ARTIST          : pdx
D/FFmpegExtractor( 3692): FFmpegExtrator, url: android-source:0xb570d4c0, format_name: ogg, format_long_name: Ogg
I/FFmpegExtractor( 3692): adjust mime(application/ogg -> audio/vorbis)
D/FFmpegExtractor( 3692): suppoted codec(vorbis) by official Stagefright
D/FFmpegExtractor( 3692): ffmpeg detected media content as 'audio/vorbis' with confidence 0.08
W/libprocessgroup( 4122): failed to open /acct/uid_10030/pid_5412/cgroup.procs: No such file or directory
E/PhoneInterfaceManager( 4988): [PhoneIntfMgr] getIccId: ICC ID is null or empty.
D/BluetoothManagerService( 4122): Message: 20
D/BluetoothManagerService( 4122): Added callback: android.bluetooth.IBluetoothManagerCallback$Stub$Proxy@2ca98460:true
D/BluetoothManagerService( 4122): Message: 30
W/ActivityManager( 4122): Unable to start service Intent { act=com.google.android.c2dm.intent.REGISTER pkg=com.google.android.gms (has extras) } U=0: not found
D/WVMDrmPlugIn( 3691): WVMDrmPlugin::onInitialize : 5807
D/WVMDrmPlugIn( 3691): WVMDrmPlugin::onSetOnInfoListener : add 5807
D/WVMDrmPlugIn( 3691): WVMDrmPlugin::onTerminate : 5807
I/FFmpegExtractor( 3692): android-source:0xb570d790
I/ActivityManager( 4122): Start proc com.android.cellbroadcastreceiver for broadcast com.android.cellbroadcastreceiver/.CellBroadcastReceiver: pid=5855 uid=10005 gids={50005, 9997} abi=armeabi-v7a
I/GKI_LINUX( 5368): gki_task task_id=1 [BTIF] terminating
I/FFMPEG  ( 3692): Input #0, ogg, from 'android-source:0xb570d790':
I/FFMPEG  ( 3692):   Duration: 00:00:00.73, start: 0.000000, bitrate: 76 kb/s
I/FFMPEG  ( 3692):     Stream #0:0: Audio: vorbis, 44100 Hz, mono, fltp, 80 kb/s
I/FFMPEG  ( 3692):     Metadata:
I/FFMPEG  ( 3692):       ANDROID_LOOP    : false
I/FFMPEG  ( 3692):       track           : 2dB214b
I/FFMPEG  ( 3692):       TITLE           : Altair
I/FFMPEG  ( 3692):       ARTIST          : pdx
D/FFmpegExtractor( 3692): FFmpegExtrator, url: android-source:0xb570d790, format_name: ogg, format_long_name: Ogg
I/FFmpegExtractor( 3692): adjust mime(application/ogg -> audio/vorbis)
D/FFmpegExtractor( 3692): suppoted codec(vorbis) by official Stagefright
D/FFmpegExtractor( 3692): ffmpeg detected media content as 'audio/vorbis' with confidence 0.08
I/GKI_LINUX( 5368): GKI_exit_task 1 done
I/GKI_LINUX( 5368): GKI_shutdown(): task [BTIF] terminated
I/BluetoothServiceJni( 5368): cleanupNative: return from cleanup
I/art     ( 5368): System.exit called, status: 0
I/AndroidRuntime( 5368): VM exiting with result code 0, cleanup skipped.
D/WVMDrmPlugIn( 3691): WVMDrmPlugin::onInitialize : 4743
D/WVMDrmPlugIn( 3691): WVMDrmPlugin::onSetOnInfoListener : add 4743
D/WVMDrmPlugIn( 3691): WVMDrmPlugin::onTerminate : 4743
I/FFmpegExtractor( 3692): android-source:0xb570d920
I/FFMPEG  ( 3692): Input #0, ogg, from 'android-source:0xb570d920':
I/FFMPEG  ( 3692):   Duration: 00:00:01.00, start: 0.000000, bitrate: 71 kb/s
I/FFMPEG  ( 3692):     Stream #0:0: Audio: vorbis, 44100 Hz, mono, fltp, 70 kb/s
I/FFMPEG  ( 3692):     Metadata:
I/FFMPEG  ( 3692):       ANDROID_LOOP    : false
I/FFMPEG  ( 3692):       TITLE           : Alya
D/FFmpegExtractor( 3692): FFmpegExtrator, url: android-source:0xb570d920, format_name: ogg, format_long_name: Ogg
I/FFmpegExtractor( 3692): adjust mime(application/ogg -> audio/vorbis)
D/FFmpegExtractor( 3692): suppoted codec(vorbis) by official Stagefright
D/FFmpegExtractor( 3692): ffmpeg detected media content as 'audio/vorbis' with confidence 0.08
I/ActivityManager( 4122): Process com.android.bluetooth (pid 5368) has died
W/Resources( 5855): Converting to string: TypedValue{t=0x10/d=0x4 a=-1}
W/Resources( 5855): Converting to string: TypedValue{t=0x10/d=0x0 a=-1}
D/CellBroadcastReceiver( 5855): onReceive Intent { act=android.intent.action.SERVICE_STATE flg=0x10 cmp=com.android.cellbroadcastreceiver/.CellBroadcastReceiver (has extras) }
D/CellBroadcastReceiver( 5855): Intent ACTION_SERVICE_STATE_CHANGED
D/CellBroadcastReceiver( 5855): Service state changed! 3 Full: 3 3 home null null null  Unknown Unknown CSS not supported -1 -1 RoamInd=-1 DefRoamInd=-1 EmergOnly=false Current state=-1
I/ActivityManager( 4122): Killing 5458:com.android.dialer/u0a8 (adj 15): empty #17
D/WVMDrmPlugIn( 3691): WVMDrmPlugin::onInitialize : 7128
D/WVMDrmPlugIn( 3691): WVMDrmPlugin::onSetOnInfoListener : add 7128
D/WVMDrmPlugIn( 3691): WVMDrmPlugin::onTerminate : 7128
I/FFmpegExtractor( 3692): android-source:0xb551e600
I/FFMPEG  ( 3692): Input #0, ogg, from 'android-source:0xb551e600':
I/FFMPEG  ( 3692):   Duration: 00:00:00.91, start: 0.000000, bitrate: 91 kb/s
I/FFMPEG  ( 3692):     Stream #0:0: Audio: vorbis, 44100 Hz, mono, fltp, 96 kb/s
I/FFMPEG  ( 3692):     Metadata:
I/FFMPEG  ( 3692):       ANDROID_LOOP    : false
I/FFMPEG  ( 3692):       track           : 2d331b
I/FFMPEG  ( 3692):       TITLE           : Antares
I/FFMPEG  ( 3692):       ARTIST          : pdx
D/FFmpegExtractor( 3692): FFmpegExtrator, url: android-source:0xb551e600, format_name: ogg, format_long_name: Ogg
I/FFmpegExtractor( 3692): adjust mime(application/ogg -> audio/vorbis)
D/FFmpegExtractor( 3692): suppoted codec(vorbis) by official Stagefright
D/FFmpegExtractor( 3692): ffmpeg detected media content as 'audio/vorbis' with confidence 0.08
W/libprocessgroup( 4122): failed to open /acct/uid_10008/pid_5458/cgroup.procs: No such file or directory
D/CellBroadcastReceiver( 5855): onReceive Intent { act=android.intent.action.SERVICE_STATE flg=0x10 cmp=com.android.cellbroadcastreceiver/.CellBroadcastReceiver (has extras) }
D/CellBroadcastReceiver( 5855): Intent ACTION_SERVICE_STATE_CHANGED
D/CellBroadcastReceiver( 5855): Service state changed! 1 Full: 1 1 home null null null  Unknown Unknown CSS not supported -1 -1 RoamInd=-1 DefRoamInd=-1 EmergOnly=false Current state=-1
D/SIP     ( 4988): [SipSharedPreferences] isReceivingCallsEnabled, option not set; use default value, exception: android.provider.Settings$SettingNotFoundException: sip_receive_calls
D/CellBroadcastReceiver( 5855): onReceive Intent { act=android.intent.action.ACTION_SUBINFO_RECORD_UPDATED flg=0x10 cmp=com.android.cellbroadcastreceiver/.CellBroadcastReceiver (has extras) }
V/Mms     ( 5675): onStart: #1 resultCode: -1 = Activity.RESULT_OK
D/WVMDrmPlugIn( 3691): WVMDrmPlugin::onInitialize : 7435
D/WVMDrmPlugIn( 3691): WVMDrmPlugin::onSetOnInfoListener : add 7435
D/WVMDrmPlugIn( 3691): WVMDrmPlugin::onTerminate : 7435
I/FFmpegExtractor( 3692): android-source:0xb570d920
I/FFMPEG  ( 3692): Input #0, ogg, from 'android-source:0xb570d920':
I/FFMPEG  ( 3692):   Duration: 00:00:01.69, start: 0.000000, bitrate: 131 kb/s
I/FFMPEG  ( 3692):     Stream #0:0: Audio: vorbis, 44100 Hz, stereo, fltp, 160 kb/s
I/FFMPEG  ( 3692):     Metadata:
I/FFMPEG  ( 3692):       ANDROID_LOOP    : false
I/FFMPEG  ( 3692):       TITLE           : Antimony
D/FFmpegExtractor( 3692): FFmpegExtrator, url: android-source:0xb570d920, format_name: ogg, format_long_name: Ogg
I/FFmpegExtractor( 3692): adjust mime(application/ogg -> audio/vorbis)
D/FFmpegExtractor( 3692): suppoted codec(vorbis) by official Stagefright
D/FFmpegExtractor( 3692): ffmpeg detected media content as 'audio/vorbis' with confidence 0.08
I/ActivityManager( 4122): Start proc com.android.deskclock for broadcast com.android.deskclock/.AlarmInitReceiver: pid=5885 uid=10030 gids={50030, 9997, 1028, 3003} abi=armeabi-v7a
D/WVMDrmPlugIn( 3691): WVMDrmPlugin::onInitialize : 7451
D/WVMDrmPlugIn( 3691): WVMDrmPlugin::onSetOnInfoListener : add 7451
D/WVMDrmPlugIn( 3691): WVMDrmPlugin::onTerminate : 7451
I/FFmpegExtractor( 3692): android-source:0xb570d8d0
I/FFMPEG  ( 3692): Input #0, ogg, from 'android-source:0xb570d8d0':
I/FFMPEG  ( 3692):   Duration: 00:00:01.00, start: 0.000000, bitrate: 63 kb/s
I/FFMPEG  ( 3692):     Stream #0:0: Audio: vorbis, 44100 Hz, mono, fltp, 80 kb/s
I/FFMPEG  ( 3692):     Metadata:
I/FFMPEG  ( 3692):       ARTIST          : Unknown
I/FFMPEG  ( 3692):       GENRE           : Unknown
I/FFMPEG  ( 3692):       ANDROID_LOOP    : false
I/FFMPEG  ( 3692):       TITLE           : Arcturus
D/FFmpegExtractor( 3692): FFmpegExtrator, url: android-source:0xb570d8d0, format_name: ogg, format_long_name: Ogg
I/FFmpegExtractor( 3692): adjust mime(application/ogg -> audio/vorbis)
D/FFmpegExtractor( 3692): suppoted codec(vorbis) by official Stagefright
D/FFmpegExtractor( 3692): ffmpeg detected media content as 'audio/vorbis' with confidence 0.08
D/WVMDrmPlugIn( 3691): WVMDrmPlugin::onInitialize : 6039
D/WVMDrmPlugIn( 3691): WVMDrmPlugin::onSetOnInfoListener : add 6039
D/WVMDrmPlugIn( 3691): WVMDrmPlugin::onTerminate : 6039
I/FFmpegExtractor( 3692): android-source:0xb570d880
I/FFMPEG  ( 3692): Input #0, ogg, from 'android-source:0xb570d880':
I/FFMPEG  ( 3692):   Duration: 00:00:01.20, start: 0.000000, bitrate: 105 kb/s
I/FFMPEG  ( 3692):     Stream #0:0: Audio: vorbis, 44100 Hz, stereo, fltp, 112 kb/s
D/FFmpegExtractor( 3692): FFmpegExtrator, url: android-source:0xb570d880, format_name: ogg, format_long_name: Ogg
I/FFmpegExtractor( 3692): adjust mime(application/ogg -> audio/vorbis)
D/FFmpegExtractor( 3692): suppoted codec(vorbis) by official Stagefright
D/FFmpegExtractor( 3692): ffmpeg detected media content as 'audio/vorbis' with confidence 0.08
V/AlarmClock( 5885): AlarmInitReceiver android.intent.action.TIMEZONE_CHANGED
V/AlarmClock( 5885): AlarmInitReceiver finished
I/ActivityManager( 4122): Killing 4850:android.process.acore/u0a6 (adj 15): empty #17
D/WVMDrmPlugIn( 3691): WVMDrmPlugin::onInitialize : 7230
D/WVMDrmPlugIn( 3691): WVMDrmPlugin::onSetOnInfoListener : add 7230
D/WVMDrmPlugIn( 3691): WVMDrmPlugin::onTerminate : 7230
I/FFmpegExtractor( 3692): android-source:0xb570d740
I/FFMPEG  ( 3692): Input #0, ogg, from 'android-source:0xb570d740':
I/FFMPEG  ( 3692):   Duration: 00:00:00.60, start: 0.000000, bitrate: 138 kb/s
I/FFMPEG  ( 3692):     Stream #0:0: Audio: vorbis, 44100 Hz, stereo, fltp, 112 kb/s
I/FFMPEG  ( 3692):     Metadata:
I/FFMPEG  ( 3692):       TITLE           : Adara
D/FFmpegExtractor( 3692): FFmpegExtrator, url: android-source:0xb570d740, format_name: ogg, format_long_name: Ogg
I/FFmpegExtractor( 3692): adjust mime(application/ogg -> audio/vorbis)
D/FFmpegExtractor( 3692): suppoted codec(vorbis) by official Stagefright
D/FFmpegExtractor( 3692): ffmpeg detected media content as 'audio/vorbis' with confidence 0.08
E/MetadataRetrieverClient( 3692): failed to extract an album art
W/BackupManagerService( 4122): dataChanged but no participant pkg='com.android.providers.settings' uid=10009
I/ActivityManager( 4122): Start proc org.cyanogenmod.themes.provider for content provider org.cyanogenmod.themes.provider/.ThemesProvider: pid=5911 uid=10017 gids={50017, 9997, 3003} abi=armeabi-v7a
W/libprocessgroup( 4122): failed to open /acct/uid_10006/pid_4850/cgroup.procs: No such file or directory
D/CellBroadcastReceiver( 5855): onReceive Intent { act=android.intent.action.SERVICE_STATE flg=0x10 cmp=com.android.cellbroadcastreceiver/.CellBroadcastReceiver (has extras) }
D/CellBroadcastReceiver( 5855): Intent ACTION_SERVICE_STATE_CHANGED
D/CellBroadcastReceiver( 5855): Service state changed! 1 Full: 1 1 home null null 72234  GSM Unknown CSS not supported -1 -1 RoamInd=-1 DefRoamInd=-1 EmergOnly=true Current state=-1
D/AlertReceiver( 5536): onReceive: a=android.intent.action.PROVIDER_CHANGED Intent { act=android.intent.action.PROVIDER_CHANGED dat=content://com.android.calendar flg=0x10 cmp=com.android.calendar/.alerts.AlertReceiver }
D/AlertService( 5536): 0 Action = android.intent.action.PROVIDER_CHANGED
D/ThemesProvider( 5911): Deleted 0
I/ActivityManager( 4122): Killing 5594:com.cyanogenmod.updater/u0a3 (adj 15): empty #17
D/WVMDrmPlugIn( 3691): WVMDrmPlugin::onInitialize : 5177
D/WVMDrmPlugIn( 3691): WVMDrmPlugin::onSetOnInfoListener : add 5177
D/WVMDrmPlugIn( 3691): WVMDrmPlugin::onTerminate : 5177
I/FFmpegExtractor( 3692): android-source:0xb570d510
