--------- beginning of main
I/cm      (    0): |___   |   |  | | \| |__| |__] |___ | \| |  | |__| |__/ 
W/auditd  ( 3698): type=2000 audit(0.0:1): initialized
W/auditd  ( 3698): type=1325 audit(0.0:2): table=filter family=2 entries=0
W/auditd  ( 3698): type=1325 audit(0.0:3): table=mangle family=2 entries=0
W/auditd  ( 3698): type=1325 audit(0.0:4): table=nat family=2 entries=0
W/auditd  ( 3698): type=1325 audit(0.0:5): table=raw family=2 entries=0
W/auditd  ( 3698): type=1325 audit(0.0:6): table=security family=2 entries=0
W/auditd  ( 3698): type=1325 audit(0.0:7): table=filter family=3 entries=0
W/auditd  ( 3698): type=1325 audit(0.0:8): table=filter family=10 entries=0
W/auditd  ( 3698): type=1325 audit(0.0:9): table=mangle family=10 entries=0
W/auditd  ( 3698): type=1325 audit(0.0:10): table=raw family=10 entries=0
I/McDaemon(    0): Daemon starting up...
I/McDaemon(    0): Socket interface version is 0.2
I/McDaemon(    0): *** t-base-300-Ares-2-Android-V004_P3 ###
I/McDaemon(    0): Build timestamp is Jan 20 2015 11:49:09
I/McDaemon(    0): Checking version of <t-base
I/McDaemon(    0): Product ID is tbase-300_EXYNOS_5422_V004_P3
I/McDaemon(    0): (null)
I/McDaemon(    0): (null)
I/McDaemon(    0): (null)
I/McDaemon(    0): (null)
W/auditd  ( 3698): type=1305 audit(0.0:11): audit_pid=3666 old=0 auid=4294967295 ses=4294967295
W/auditd  ( 3698):  res=1
W/auditd  ( 3698): type=1305 audit(0.0:12): audit_rate_limit=20 old=0 auid=4294967295 ses=4294967295
W/auditd  ( 3698):  res=1
I/cm      (    0): Welcome to Android 5.0.2 / CyanogenMod-12-20150713-UNOFFICIAL-k3gxx 
I/lowmemorykiller( 3668): Using in-kernel low memory killer interface
I/DEBUG   ( 3684): debuggerd: Jul  3 2015 03:58:19
--------- beginning of system
I/Vold    ( 3670): Vold 2.1 (the revenge) firing up
D/Vold    ( 3670): Volume extSdCard state changing -1 (Initializing) -> 0 (No-Media)
D/Vold    ( 3670): Volume UsbDriveA state changing -1 (Initializing) -> 0 (No-Media)
D/Vold    ( 3670): Volume UsbDriveB state changing -1 (Initializing) -> 0 (No-Media)
D/Vold    ( 3670): Volume UsbDriveC state changing -1 (Initializing) -> 0 (No-Media)
D/Vold    ( 3670): Volume UsbDriveD state changing -1 (Initializing) -> 0 (No-Media)
D/Vold    ( 3670): Volume UsbDriveE state changing -1 (Initializing) -> 0 (No-Media)
D/Vold    ( 3670): Volume UsbDriveF state changing -1 (Initializing) -> 0 (No-Media)
I/Cryptfs ( 3670): Check if PFE is activated on Boot
I/installd( 3692): installd firing up
E/Cryptfs ( 3670): Bad magic for real block device /dev/block/platform/12200000.dwmmc0/by-name/USERDATA
E/Cryptfs ( 3670): Error getting crypt footer and key
E/sdcard  ( 3703): usage: sdcard [OPTIONS] <source_path> <dest_path>
E/sdcard  ( 3703):     -u: specify UID to run as
E/sdcard  ( 3703):     -g: specify GID to run as
E/sdcard  ( 3703):     -w: specify GID required to write (default sdcard_rw, requires -d or -l)
E/sdcard  ( 3703):     -t: specify number of threads to use (default 2)
E/sdcard  ( 3703):     -d: derive file permissions based on path
E/sdcard  ( 3703):     -l: derive file permissions based on legacy internal layout
E/sdcard  ( 3703):     -s: split derived permissions for pics, av
E/sdcard  ( 3703): 
E/sdcard  ( 3702): usage: sdcard [OPTIONS] <source_path> <dest_path>
E/sdcard  ( 3702):     -u: specify UID to run as
E/sdcard  ( 3702):     -g: specify GID to run as
E/sdcard  ( 3702):     -w: specify GID required to write (default sdcard_rw, requires -d or -l)
E/sdcard  ( 3702):     -t: specify number of threads to use (default 2)
E/sdcard  ( 3702):     -d: derive file permissions based on path
E/sdcard  ( 3702):     -l: derive file permissions based on legacy internal layout
E/sdcard  ( 3702):     -s: split derived permissions for pics, av
E/sdcard  ( 3702): 
D/installd( 3692): Upgrading to /data/misc/user directories
I/PrProvisioning( 3705): successfully - provisioning start !
I/PrProvisioning( 3705): provisioning already done
I/Netd    ( 3679): Netd 1.0 starting
E/Netd    ( 3679): Failed to open /proc/sys/net/ipv6/conf/default/accept_ra_rt_table: No such file or directory
E/Netd    ( 3679): Failed to open /proc/sys/net/ipv6/conf/ip6tnl0/accept_ra_rt_table: No such file or directory
E/Netd    ( 3679): Failed to open /proc/sys/net/ipv6/conf/lo/accept_ra_rt_table: No such file or directory
E/Netd    ( 3679): Failed to open /proc/sys/net/ipv6/conf/rmnet0/accept_ra_rt_table: No such file or directory
E/Netd    ( 3679): Failed to open /proc/sys/net/ipv6/conf/rmnet1/accept_ra_rt_table: No such file or directory
E/Netd    ( 3679): Failed to open /proc/sys/net/ipv6/conf/rmnet2/accept_ra_rt_table: No such file or directory
E/Netd    ( 3679): Failed to open /proc/sys/net/ipv6/conf/rmnet3/accept_ra_rt_table: No such file or directory
E/Netd    ( 3679): Failed to open /proc/sys/net/ipv6/conf/sit0/accept_ra_rt_table: No such file or directory
I/keystore( 3694): SELinux: Keystore SELinux is disabled.
D/SensorHubService( 3695): nuSensorHubService starting...
I/SurfaceFlinger( 3687): SurfaceFlinger is starting
I/SurfaceFlinger( 3687): SurfaceFlinger's main thread ready to run. Initializing graphics H/W...
W/auditd  ( 3698): type=1325 audit(0.0:13): table=filter family=2 entries=4
W/iptables( 3774): type=1300 audit(0.0:13): arch=40000028 syscall=294 per=800000 success=yes exit=0 a0=5 a1=0 a2=40 a3=b6c29100 items=0 ppid=3679 auid=4294967295 uid=0 gid=0 euid=0 suid=0 fsuid=0 egid=0 sgid=0 fsgid=0 ses=4294967295 tty=(none) exe="/system/bin/iptables" key=(null)
W/auditd  ( 3698): type=1320 audit(0.0:13): 
W/auditd  ( 3698): type=1325 audit(0.0:14): table=filter family=10 entries=4
W/ip6tables( 3775): type=1300 audit(0.0:14): arch=40000028 syscall=294 per=800000 success=yes exit=0 a0=5 a1=29 a2=40 a3=b6c2b400 items=0 ppid=3679 auid=4294967295 uid=0 gid=0 euid=0 suid=0 fsuid=0 egid=0 sgid=0 fsgid=0 ses=4294967295 tty=(none) exe="/system/bin/ip6tables" key=(null)
W/auditd  ( 3698): type=1320 audit(0.0:14): 
W/auditd  ( 3698): type=1325 audit(0.0:15): table=filter family=2 entries=6
W/iptables( 3776): type=1300 audit(0.0:15): arch=40000028 syscall=294 per=800000 success=yes exit=0 a0=5 a1=0 a2=40 a3=b6c23100 items=0 ppid=3679 auid=4294967295 uid=0 gid=0 euid=0 suid=0 fsuid=0 egid=0 sgid=0 fsgid=0 ses=4294967295 tty=(none) exe="/system/bin/iptables" key=(null)
W/auditd  ( 3698): type=1320 audit(0.0:15): 
W/auditd  ( 3698): type=1325 audit(0.0:16): table=filter family=10 entries=6
W/ip6tables( 3777): type=1300 audit(0.0:16): arch=40000028 syscall=294 per=800000 success=yes exit=0 a0=5 a1=29 a2=40 a3=b6c36600 items=0 ppid=3679 auid=4294967295 uid=0 gid=0 euid=0 suid=0 fsuid=0 egid=0 sgid=0 fsgid=0 ses=4294967295 tty=(none) exe="/system/bin/ip6tables" key=(null)
W/auditd  ( 3698): type=1320 audit(0.0:16): 
W/auditd  ( 3698): type=1325 audit(0.0:17): table=filter family=2 entries=7
W/iptables( 3787): type=1300 audit(0.0:17): arch=40000028 syscall=294 per=800000 success=yes exit=0 a0=5 a1=0 a2=40 a3=b6c30400 items=0 ppid=3679 auid=4294967295 uid=0 gid=0 euid=0 suid=0 fsuid=0 egid=0 sgid=0 fsgid=0 ses=4294967295 tty=(none) exe="/system/bin/iptables" key=(null)
W/auditd  ( 3698): type=1320 audit(0.0:17): 
W/auditd  ( 3698): type=1325 audit(0.0:18): table=filter family=10 entries=7
W/ip6tables( 3788): type=1300 audit(0.0:18): arch=40000028 syscall=294 per=800000 success=yes exit=0 a0=5 a1=29 a2=40 a3=b6c32800 items=0 ppid=3679 auid=4294967295 uid=0 gid=0 euid=0 suid=0 fsuid=0 egid=0 sgid=0 fsgid=0 ses=4294967295 tty=(none) exe="/system/bin/ip6tables" key=(null)
W/auditd  ( 3698): type=1320 audit(0.0:18): 
W/auditd  ( 3698): type=1325 audit(0.0:19): table=filter family=2 entries=9
W/iptables( 3789): type=1300 audit(0.0:19): arch=40000028 syscall=294 per=800000 success=yes exit=0 a0=5 a1=0 a2=40 a3=b6c33600 items=0 ppid=3679 auid=4294967295 uid=0 gid=0 euid=0 suid=0 fsuid=0 egid=0 sgid=0 fsgid=0 ses=4294967295 tty=(none) exe="/system/bin/iptables" key=(null)
W/auditd  ( 3698): type=1320 audit(0.0:19): 
W/auditd  ( 3698): type=1325 audit(0.0:20): table=filter family=10 entries=9
W/ip6tables( 3792): type=1300 audit(0.0:20): arch=40000028 syscall=294 per=800000 success=yes exit=0 a0=5 a1=29 a2=40 a3=b6c47800 items=0 ppid=3679 auid=4294967295 uid=0 gid=0 euid=0 suid=0 fsuid=0 egid=0 sgid=0 fsgid=0 ses=4294967295 tty=(none) exe="/system/bin/ip6tables" key=(null)
W/auditd  ( 3698): type=1320 audit(0.0:20): 
D/gpsd    ( 3697): WakeLock(Release,GPSD)
D/gpsd    ( 3697): WakeLock(Release,SUPL)
I/gpsd_d  ( 3697): GNSS: 219420
D/wrapperGPS( 3697): wrapperOpenClient_RILD
E/wrapperGPS( 3697): wrapperOpenClient_RILD: RegisterUnsolicitedHandler() UNSOL_GPS_NOTI (20009)
D/wrapperGPS( 3697): wrapperRegisterRequestCompleteHandler
D/wrapperGPS( 3697): wrapperRegisterUnsolicitedHandler id(12009), handler(0xb6aff6e9)
D/wrapperGPS( 3697): wrapperRegisterErrorCallback
D/wrapperGPS( 3697): wrapperConnect_RILD
D/libEGL  ( 3687): loaded /vendor/lib/egl/libGLES_mali.so
W/auditd  ( 3698): type=1325 audit(0.0:21): table=filter family=2 entries=10
W/iptables( 3801): type=1300 audit(0.0:21): arch=40000028 syscall=294 per=800000 success=yes exit=0 a0=5 a1=0 a2=40 a3=b6c31800 items=0 ppid=3679 auid=4294967295 uid=0 gid=0 euid=0 suid=0 fsuid=0 egid=0 sgid=0 fsgid=0 ses=4294967295 tty=(none) exe="/system/bin/iptables" key=(null)
W/auditd  ( 3698): type=1320 audit(0.0:21): 
W/auditd  ( 3698): type=1325 audit(0.0:22): table=filter family=10 entries=10
W/ip6tables( 3802): type=1300 audit(0.0:22): arch=40000028 syscall=294 per=800000 success=yes exit=0 a0=5 a1=29 a2=40 a3=b6c42c00 items=0 ppid=3679 auid=4294967295 uid=0 gid=0 euid=0 suid=0 fsuid=0 egid=0 sgid=0 fsgid=0 ses=4294967295 tty=(none) exe="/system/bin/ip6tables" key=(null)
W/auditd  ( 3698): type=1320 audit(0.0:22): 
W/auditd  ( 3698): type=1325 audit(0.0:23): table=filter family=2 entries=12
W/iptables( 3803): type=1300 audit(0.0:23): arch=40000028 syscall=294 per=800000 success=yes exit=0 a0=5 a1=0 a2=40 a3=b6b44800 items=0 ppid=3679 auid=4294967295 uid=0 gid=0 euid=0 suid=0 fsuid=0 egid=0 sgid=0 fsgid=0 ses=4294967295 tty=(none) exe="/system/bin/iptables" key=(null)
W/auditd  ( 3698): type=1320 audit(0.0:23): 
W/auditd  ( 3698): type=1325 audit(0.0:24): table=filter family=10 entries=12
W/ip6tables( 3805): type=1300 audit(0.0:24): arch=40000028 syscall=294 per=800000 success=yes exit=0 a0=5 a1=29 a2=40 a3=b6c1d800 items=0 ppid=3679 auid=4294967295 uid=0 gid=0 euid=0 suid=0 fsuid=0 egid=0 sgid=0 fsgid=0 ses=4294967295 tty=(none) exe="/system/bin/ip6tables" key=(null)
W/auditd  ( 3698): type=1320 audit(0.0:24): 
I/        ( 3687): PLATFORM VERSION : JB-MR-2
I/gralloc ( 3687): using (id=)
I/gralloc ( 3687): xres         = 1080 px
I/gralloc ( 3687): yres         = 1920 px
I/gralloc ( 3687): width        = 65 mm (422.030762 dpi)
I/gralloc ( 3687): height       = 115 mm (424.069580 dpi)
I/gralloc ( 3687): refresh rate = 60.00 Hz
W/auditd  ( 3698): type=1325 audit(0.0:25): table=filter family=2 entries=13
W/iptables( 3836): type=1300 audit(0.0:25): arch=40000028 syscall=294 per=800000 success=yes exit=0 a0=5 a1=0 a2=40 a3=b6c1c200 items=0 ppid=3679 auid=4294967295 uid=0 gid=0 euid=0 suid=0 fsuid=0 egid=0 sgid=0 fsgid=0 ses=4294967295 tty=(none) exe="/system/bin/iptables" key=(null)
W/auditd  ( 3698): type=1320 audit(0.0:25): 
D/WVMDrmPlugIn( 3689): WVMDrmPlugin::onGetSupportInfo : 0
D/hwcomposer( 3687): using
D/hwcomposer( 3687): xres         = 1080 px
D/hwcomposer( 3687): yres         = 1920 px
D/hwcomposer( 3687): width        = 65 mm (422.030000 dpi)
D/hwcomposer( 3687): height       = 115 mm (424.069000 dpi)
D/hwcomposer( 3687): refresh rate = 60 Hz
D/libexynosv4l2-subdev( 3687): try node: /dev/v4l-subdev0
D/libexynosv4l2-subdev( 3687): try node: /dev/v4l-subdev1
D/libexynosv4l2-subdev( 3687): try node: /dev/v4l-subdev2
I/libexynosv4l2-subdev( 3687): node found for device s5p-mixer0: /dev/v4l-subdev2
I/libexynosv4l2-subdev( 3687): open subdev device /dev/v4l-subdev2
I/hwcomposer( 3687): PSR info devname = /sys/devices/14400000.fimd_fb/psr_info
I/hwcomposer( 3687): PSR mode is 2(0: video mode, 1: DP PSR mode, 2: MIPI-DSI command mode)
I/SurfaceFlinger( 3687): Using composer version 1.3
I/SurfaceFlinger( 3687): EGL information:
I/SurfaceFlinger( 3687): vendor    : Android
I/SurfaceFlinger( 3687): version   : 1.4 Android META-EGL
I/SurfaceFlinger( 3687): extensions: EGL_KHR_get_all_proc_addresses EGL_ANDROID_presentation_time EGL_KHR_image EGL_KHR_image_base EGL_KHR_gl_texture_2D_image EGL_KHR_gl_texture_cubemap_image EGL_KHR_gl_renderbuffer_image EGL_KHR_fence_sync EGL_KHR_create_context EGL_ANDROID_image_native_buffer EGL_KHR_wait_sync EGL_ANDROID_recordable 
I/SurfaceFlinger( 3687): Client API: OpenGL_ES
I/SurfaceFlinger( 3687): EGLSurface: 8-8-8-8, config=0xb6acf2ac
D/AndroidRuntime( 3699): 
D/AndroidRuntime( 3699): >>>>>> AndroidRuntime START com.android.internal.os.ZygoteInit <<<<<<
I/SurfaceFlinger( 3687): OpenGL ES informations:
I/SurfaceFlinger( 3687): vendor    : ARM
I/SurfaceFlinger( 3687): renderer  : Mali-T628
I/SurfaceFlinger( 3687): version   : OpenGL ES 3.0
I/SurfaceFlinger( 3687): extensions: GL_EXT_debug_marker GL_ARM_rgba8 GL_ARM_mali_shader_binary GL_OES_depth24 GL_OES_depth_texture GL_OES_depth_texture_cube_map GL_OES_packed_depth_stencil GL_OES_rgb8_rgba8 GL_EXT_read_format_bgra GL_OES_compressed_paletted_texture GL_OES_compressed_ETC1_RGB8_texture GL_OES_standard_derivatives GL_OES_EGL_image GL_OES_EGL_image_external GL_OES_EGL_sync GL_OES_texture_npot GL_OES_vertex_half_float GL_OES_required_internalformat GL_OES_vertex_array_object GL_OES_mapbuffer GL_EXT_texture_format_BGRA8888 GL_EXT_texture_rg GL_EXT_texture_type_2_10_10_10_REV GL_OES_fbo_render_mipmap GL_OES_element_index_uint GL_EXT_shadow_samplers GL_OES_texture_compression_astc GL_KHR_texture_compression_astc_ldr GL_KHR_texture_compression_astc_hdr GL_KHR_debug GL_EXT_occlusion_query_boolean GL_EXT_blend_minmax GL_EXT_discard_framebuffer GL_OES_get_program_binary GL_OES_texture_3D GL_EXT_texture_storage GL_EXT_multisampled_render_to_texture GL_OES_surfaceless_context GL_ARM_mali_program_binary 
I/SurfaceFlinger( 3687): GL_MAX_TEXTURE_SIZE = 8192
I/SurfaceFlinger( 3687): GL_MAX_VIEWPORT_DIMS = 8192
D/SurfaceFlinger( 3687): Set power mode=2, type=0 flinger=0xb6a62000
I/hwcomposer( 3687): unblank ioctl failed (display already unblanked)
D/AndroidRuntime( 3699): CheckJNI is OFF
I/art     ( 3699): option[0]=-Xzygote
I/art     ( 3699): option[1]=-Xstacktracefile:/data/anr/traces.txt
I/art     ( 3699): option[2]=exit
I/art     ( 3699): option[3]=vfprintf
I/art     ( 3699): option[4]=sensitiveThread
I/art     ( 3699): option[5]=-verbose:gc
I/art     ( 3699): option[6]=-Xms16m
I/art     ( 3699): option[7]=-Xmx512m
I/art     ( 3699): option[8]=-XX:mainThreadStackSize=24K
I/art     ( 3699): option[9]=-XX:HeapGrowthLimit=192m
I/art     ( 3699): option[10]=-XX:HeapMinFree=2m
I/art     ( 3699): option[11]=-XX:HeapMaxFree=8m
I/art     ( 3699): option[12]=-XX:HeapTargetUtilization=0.75
I/art     ( 3699): option[13]=-agentlib:jdwp=transport=dt_android_adb,suspend=n,server=y
I/art     ( 3699): option[14]=-Xlockprofthreshold:500
I/art     ( 3699): option[15]=-Ximage-compiler-option
I/art     ( 3699): option[16]=--runtime-arg
I/art     ( 3699): option[17]=-Ximage-compiler-option
I/art     ( 3699): option[18]=-Xms64m
I/art     ( 3699): option[19]=-Ximage-compiler-option
I/art     ( 3699): option[20]=--runtime-arg
I/art     ( 3699): option[21]=-Ximage-compiler-option
I/art     ( 3699): option[22]=-Xmx64m
I/art     ( 3699): option[23]=-Ximage-compiler-option
I/art     ( 3699): option[24]=--image-classes-zip=/system/framework/framework.jar
I/art     ( 3699): option[25]=-Ximage-compiler-option
I/art     ( 3699): option[26]=--image-classes=preloaded-classes
I/art     ( 3699): option[27]=-Xcompiler-option
I/art     ( 3699): option[28]=--runtime-arg
I/art     ( 3699): option[29]=-Xcompiler-option
I/art     ( 3699): option[30]=-Xms64m
I/art     ( 3699): option[31]=-Xcompiler-option
I/art     ( 3699): option[32]=--runtime-arg
I/art     ( 3699): option[33]=-Xcompiler-option
I/art     ( 3699): option[34]=-Xmx512m
I/art     ( 3699): option[35]=-Duser.language=en
I/art     ( 3699): option[36]=-Duser.region=US
I/art     ( 3699): Pruning dalvik-cache since we are relocating an image and will need to recompile
I/art     ( 3699): RelocateImage: /system/bin/patchoat --input-image-location=/system/framework/boot.art --output-image-file=/data/dalvik-cache/arm/system@framework@boot.art --input-oat-location=/system/framework/boot.oat --output-oat-file=/data/dalvik-cache/arm/system@framework@boot.oat --instruction-set=arm --base-offset-delta=-4591616
D/SurfaceFlinger( 3687): SF. shader cache generated - 26 shaders in 86.859245 ms
D/libEGL  ( 3855): loaded /vendor/lib/egl/libGLES_mali.so
I/        ( 3855): PLATFORM VERSION : JB-MR-2
E/BootAnimation( 3855): couldn't find audio_conf.txt
I/Sensorhubs( 3695): GestureSensor flags 1, mEnabled 0
E/Sensorhubs( 3695): Gesture old sensor_state 0, new sensor_state : 64 en : 1
I/Sensorhubs( 3695): GestureSensor flags 0, mEnabled 1
E/Sensorhubs( 3695): Gesture old sensor_state 64, new sensor_state : 0 en : 0
I/SensorHubService( 3695): HardwareSensorHub
I/SensorHubService( 3695): HardwareSensorHub
D/SensorHubService( 3695): nuSensorHubService thread starting...
I/sensorhubservice( 3695): SensorHubService is starting now........................................
W/BootAnimation( 3855): Audio service is not initiated.
D/BootAnimation( 3855): Use save memory method, maybe small fps in actual.
W/auditd  ( 3698): type=1325 audit(0.0:53): table=raw family=2 entries=3
W/iptables( 3941): type=1300 audit(0.0:53): arch=40000028 syscall=294 per=800000 success=yes exit=0 a0=5 a1=0 a2=40 a3=b6c07400 items=0 ppid=3679 auid=4294967295 uid=0 gid=0 euid=0 suid=0 fsuid=0 egid=0 sgid=0 fsgid=0 ses=4294967295 tty=(none) exe="/system/bin/iptables" key=(null)
W/auditd  ( 3698): type=1320 audit(0.0:53): 
W/auditd  ( 3698): type=1325 audit(0.0:54): table=raw family=10 entries=3
W/ip6tables( 3942): type=1300 audit(0.0:54): arch=40000028 syscall=294 per=800000 success=yes exit=0 a0=5 a1=29 a2=40 a3=b6c2a100 items=0 ppid=3679 auid=4294967295 uid=0 gid=0 euid=0 suid=0 fsuid=0 egid=0 sgid=0 fsgid=0 ses=4294967295 tty=(none) exe="/system/bin/ip6tables" key=(null)
W/auditd  ( 3698): type=1320 audit(0.0:54): 
W/auditd  ( 3698): type=1325 audit(0.0:55): table=raw family=2 entries=5
W/iptables( 3943): type=1300 audit(0.0:55): arch=40000028 syscall=294 per=800000 success=yes exit=0 a0=5 a1=0 a2=40 a3=b6c2d100 items=0 ppid=3679 auid=4294967295 uid=0 gid=0 euid=0 suid=0 fsuid=0 egid=0 sgid=0 fsgid=0 ses=4294967295 tty=(none) exe="/system/bin/iptables" key=(null)
W/auditd  ( 3698): type=1320 audit(0.0:55): 
D/wrapperGPS( 3697): wrapperConnect_RILD
W/auditd  ( 3698): type=1325 audit(0.0:56): table=raw family=10 entries=5
W/ip6tables( 3944): type=1300 audit(0.0:56): arch=40000028 syscall=294 per=800000 success=yes exit=0 a0=5 a1=29 a2=40 a3=b6c36400 items=0 ppid=3679 auid=4294967295 uid=0 gid=0 euid=0 suid=0 fsuid=0 egid=0 sgid=0 fsgid=0 ses=4294967295 tty=(none) exe="/system/bin/ip6tables" key=(null)
W/auditd  ( 3698): type=1320 audit(0.0:56): 
W/auditd  ( 3698): type=1325 audit(0.0:57): table=raw family=2 entries=6
W/iptables( 3951): type=1300 audit(0.0:57): arch=40000028 syscall=294 per=800000 success=yes exit=0 a0=5 a1=0 a2=40 a3=b6c20400 items=0 ppid=3679 auid=4294967295 uid=0 gid=0 euid=0 suid=0 fsuid=0 egid=0 sgid=0 fsgid=0 ses=4294967295 tty=(none) exe="/system/bin/iptables" key=(null)
W/auditd  ( 3698): type=1320 audit(0.0:57): 
W/auditd  ( 3698): type=1325 audit(0.0:58): table=raw family=10 entries=6
W/ip6tables( 3952): type=1300 audit(0.0:58): arch=40000028 syscall=294 per=800000 success=yes exit=0 a0=5 a1=29 a2=40 a3=b6c31800 items=0 ppid=3679 auid=4294967295 uid=0 gid=0 euid=0 suid=0 fsuid=0 egid=0 sgid=0 fsgid=0 ses=4294967295 tty=(none) exe="/system/bin/ip6tables" key=(null)
W/auditd  ( 3698): type=1320 audit(0.0:58): 
W/auditd  ( 3698): type=1325 audit(0.0:59): table=raw family=2 entries=8
W/iptables( 3953): type=1300 audit(0.0:59): arch=40000028 syscall=294 per=800000 success=yes exit=0 a0=5 a1=0 a2=40 a3=b6c1ba00 items=0 ppid=3679 auid=4294967295 uid=0 gid=0 euid=0 suid=0 fsuid=0 egid=0 sgid=0 fsgid=0 ses=4294967295 tty=(none) exe="/system/bin/iptables" key=(null)
W/auditd  ( 3698): type=1325 audit(0.0:81): table=nat family=2 entries=8
W/iptables( 4008): type=1300 audit(0.0:81): arch=40000028 syscall=294 per=800000 success=yes exit=0 a0=5 a1=0 a2=40 a3=b6c30600 items=0 ppid=3679 auid=4294967295 uid=0 gid=0 euid=0 suid=0 fsuid=0 egid=0 sgid=0 fsgid=0 ses=4294967295 tty=(none) exe="/system/bin/iptables" key=(null)
W/auditd  ( 3698): type=1320 audit(0.0:81): 
W/auditd  ( 3698): type=1325 audit(0.0:82): table=nat family=2 entries=10
W/iptables( 4009): type=1300 audit(0.0:82): arch=40000028 syscall=294 per=800000 success=yes exit=0 a0=5 a1=0 a2=40 a3=b6c34800 items=0 ppid=3679 auid=4294967295 uid=0 gid=0 euid=0 suid=0 fsuid=0 egid=0 sgid=0 fsgid=0 ses=4294967295 tty=(none) exe="/system/bin/iptables" key=(null)
W/auditd  ( 3698): type=1320 audit(0.0:82): 
D/wrapperGPS( 3697): wrapperConnect_RILD
W/auditd  ( 3698): type=1325 audit(0.0:83): table=nat family=2 entries=11
W/iptables( 4013): type=1300 audit(0.0:83): arch=40000028 syscall=294 per=800000 success=yes exit=0 a0=5 a1=0 a2=40 a3=b6c31800 items=0 ppid=3679 auid=4294967295 uid=0 gid=0 euid=0 suid=0 fsuid=0 egid=0 sgid=0 fsgid=0 ses=4294967295 tty=(none) exe="/system/bin/iptables" key=(null)
W/auditd  ( 3698): type=1320 audit(0.0:83): 
W/auditd  ( 3698): type=1325 audit(0.0:84): table=nat family=2 entries=13
W/iptables( 4014): type=1300 audit(0.0:84): arch=40000028 syscall=294 per=800000 success=yes exit=0 a0=5 a1=0 a2=40 a3=b6c1c200 items=0 ppid=3679 auid=4294967295 uid=0 gid=0 euid=0 suid=0 fsuid=0 egid=0 sgid=0 fsgid=0 ses=4294967295 tty=(none) exe="/system/bin/iptables" key=(null)
W/auditd  ( 3698): type=1320 audit(0.0:84): 
W/auditd  ( 3698): type=1325 audit(0.0:85): table=nat family=2 entries=14
W/iptables( 4018): type=1300 audit(0.0:85): arch=40000028 syscall=294 per=800000 success=yes exit=0 a0=5 a1=0 a2=40 a3=b6c41c00 items=0 ppid=3679 auid=4294967295 uid=0 gid=0 euid=0 suid=0 fsuid=0 egid=0 sgid=0 fsgid=0 ses=4294967295 tty=(none) exe="/system/bin/iptables" key=(null)
W/auditd  ( 3698): type=1320 audit(0.0:85): 
W/auditd  ( 3698): type=1325 audit(0.0:86): table=nat family=2 entries=16
W/iptables( 4019): type=1300 audit(0.0:86): arch=40000028 syscall=294 per=800000 success=yes exit=0 a0=5 a1=0 a2=40 a3=b6c1c800 items=0 ppid=3679 auid=4294967295 uid=0 gid=0 euid=0 suid=0 fsuid=0 egid=0 sgid=0 fsgid=0 ses=4294967295 tty=(none) exe="/system/bin/iptables" key=(null)
W/auditd  ( 3698): type=1320 audit(0.0:86): 
W/auditd  ( 3698): type=1325 audit(0.0:87): table=filter family=2 entries=34
W/iptables( 4020): type=1300 audit(0.0:87): arch=40000028 syscall=294 per=800000 success=yes exit=0 a0=5 a1=0 a2=40 a3=b6c22000 items=0 ppid=3679 auid=4294967295 uid=0 gid=0 euid=0 suid=0 fsuid=0 egid=0 sgid=0 fsgid=0 ses=4294967295 tty=(none) exe="/system/bin/iptables" key=(null)
V/NatController( 3679): runCmd(/system/bin/iptables -F natctrl_FORWARD) res=0
V/NatController( 3679): runCmd(/system/bin/iptables -A natctrl_FORWARD -j DROP) res=0
V/NatController( 3679): runCmd(/system/bin/iptables -t nat -F natctrl_nat_POSTROUTING) res=0
V/NatController( 3679): runCmd(/system/bin/iptables -t nat -F natctrl_nat_PREROUTING) res=0
V/NatController( 3679): runCmd(/system/bin/iptables -F natctrl_tether_counters) res=1
V/NatController( 3679): runCmd(/system/bin/iptables -X natctrl_tether_counters) res=1
V/NatController( 3679): runCmd(/system/bin/iptables -N natctrl_tether_counters) res=0
V/NatController( 3679): runCmd(/system/bin/iptables -t mangle -A natctrl_mangle_FORWARD -p tcp --tcp-flags SYN SYN -j TCPMSS --clamp-mss-to-pmtu) res=0
E/memtrack( 3699): Couldn't load memtrack module (No such file or directory)
E/android.os.Debug( 3699): failed to load memtrack module: -2
I/SamplingProfilerIntegration( 3699): Profiling disabled.
D/Zygote  ( 3699): begin preload
I/Zygote  ( 3699): Preloading classes...
I/art     ( 3699): Explicit concurrent mark sweep GC freed 994(55KB) AllocSpace objects, 0(0B) LOS objects, 98% free, 70KB/4MB, paused 113us total 3.475ms
I/art     ( 3699): Counter: 1
E/Minikin ( 3699): addFont failed to create font /system/fonts/NotoSansGujarati-Regular.ttf
E/Minikin ( 3699): addFont failed to create font /system/fonts/NotoSansGujarati-Bold.ttf
E/Minikin ( 3699): addFont failed to create font /system/fonts/NotoSansGujaratiUI-Regular.ttf
E/Minikin ( 3699): addFont failed to create font /system/fonts/NotoSansGujaratiUI-Bold.ttf
E/Minikin ( 3699): addFont failed to create font /system/fonts/NotoSansGurmukhi-Regular.ttf
E/Minikin ( 3699): addFont failed to create font /system/fonts/NotoSansGurmukhi-Bold.ttf
E/Minikin ( 3699): addFont failed to create font /system/fonts/NotoSansGurmukhiUI-Regular.ttf
E/Minikin ( 3699): addFont failed to create font /system/fonts/NotoSansGurmukhiUI-Bold.ttf
E/Minikin ( 3699): addFont failed to create font /system/fonts/NotoSansSinhala-Regular.ttf
E/Minikin ( 3699): addFont failed to create font /system/fonts/NotoSansSinhala-Bold.ttf
E/Minikin ( 3699): addFont failed to create font /system/fonts/NotoSansCherokee-Regular.ttf
E/Minikin ( 3699): addFont failed to create font /system/fonts/NotoSansCanadianAboriginal-Regular.ttf
E/Minikin ( 3699): addFont failed to create font /system/fonts/NotoSansYi-Regular.ttf
E/Minikin ( 3699): addFont failed to create font /system/fonts/NotoSansHans-Regular.otf
E/Minikin ( 3699): addFont failed to create font /system/fonts/NotoSansHant-Regular.otf
E/Minikin ( 3699): addFont failed to create font /system/fonts/NotoSansJP-Regular.otf
E/Minikin ( 3699): addFont failed to create font /system/fonts/NotoSansKR-Regular.otf
I/art     ( 3699): Thread[1,tid=3699,WaitingForJniOnLoad,Thread*=0xb5007800,peer=0x12c330e0,"main"] recursive attempt to load library "/system/lib/libmedia_jni.so"
D/MtpDeviceJNI( 3699): register_android_mtp_MtpDevice
I/art     ( 3699): Thread[1,tid=3699,WaitingForJniOnLoad,Thread*=0xb5007800,peer=0x12c330e0,"main"] recursive attempt to load library "/system/lib/libmedia_jni.so"
I/art     ( 3699): Thread[1,tid=3699,WaitingForJniOnLoad,Thread*=0xb5007800,peer=0x12c330e0,"main"] recursive attempt to load library "/system/lib/libmedia_jni.so"
W/auditd  ( 3698): type=1325 audit(0.0:141): table=mangle family=2 entries=23
W/iptables( 4099): type=1300 audit(0.0:141): arch=40000028 syscall=294 per=800000 success=yes exit=0 a0=5 a1=0 a2=40 a3=b6c25000 items=0 ppid=3679 auid=4294967295 uid=0 gid=0 euid=0 suid=0 fsuid=0 egid=0 sgid=0 fsgid=0 ses=4294967295 tty=(none) exe="/system/bin/iptables" key=(null)
W/auditd  ( 3698): type=1320 audit(0.0:141): 
D/wrapperGPS( 3697): wrapperConnect_RILD
W/auditd  ( 3698): type=1325 audit(0.0:142): table=mangle family=10 entries=19
W/ip6tables( 4100): type=1300 audit(0.0:142): arch=40000028 syscall=294 per=800000 success=yes exit=0 a0=5 a1=29 a2=40 a3=b6c28000 items=0 ppid=3679 auid=4294967295 uid=0 gid=0 euid=0 suid=0 fsuid=0 egid=0 sgid=0 fsgid=0 ses=4294967295 tty=(none) exe="/system/bin/ip6tables" key=(null)
W/auditd  ( 3698): type=1320 audit(0.0:142): 
W/auditd  ( 3698): type=1325 audit(0.0:143): table=mangle family=2 entries=23
W/iptables( 4101): type=1300 audit(0.0:143): arch=40000028 syscall=294 per=800000 success=yes exit=0 a0=5 a1=0 a2=40 a3=b6c25000 items=0 ppid=3679 auid=4294967295 uid=0 gid=0 euid=0 suid=0 fsuid=0 egid=0 sgid=0 fsgid=0 ses=4294967295 tty=(none) exe="/system/bin/iptables" key=(null)
W/auditd  ( 3698): type=1320 audit(0.0:143): 
W/auditd  ( 3698): type=1325 audit(0.0:144): table=mangle family=10 entries=19
W/ip6tables( 4102): type=1300 audit(0.0:144): arch=40000028 syscall=294 per=800000 success=yes exit=0 a0=5 a1=29 a2=40 a3=b6c28000 items=0 ppid=3679 auid=4294967295 uid=0 gid=0 euid=0 suid=0 fsuid=0 egid=0 sgid=0 fsgid=0 ses=4294967295 tty=(none) exe="/system/bin/ip6tables" key=(null)
W/auditd  ( 3698): type=1320 audit(0.0:144): 
W/auditd  ( 3698): type=1325 audit(0.0:145): table=mangle family=2 entries=23
W/iptables( 4103): type=1300 audit(0.0:145): arch=40000028 syscall=294 per=800000 success=yes exit=0 a0=5 a1=0 a2=40 a3=b6c33000 items=0 ppid=3679 auid=4294967295 uid=0 gid=0 euid=0 suid=0 fsuid=0 egid=0 sgid=0 fsgid=0 ses=4294967295 tty=(none) exe="/system/bin/iptables" key=(null)
W/auditd  ( 3698): type=1320 audit(0.0:145): 
W/auditd  ( 3698): type=1325 audit(0.0:146): table=mangle family=10 entries=19
W/ip6tables( 4104): type=1300 audit(0.0:146): arch=40000028 syscall=294 per=800000 success=yes exit=0 a0=5 a1=29 a2=40 a3=b6c33000 items=0 ppid=3679 auid=4294967295 uid=0 gid=0 euid=0 suid=0 fsuid=0 egid=0 sgid=0 fsgid=0 ses=4294967295 tty=(none) exe="/system/bin/ip6tables" key=(null)
W/auditd  ( 3698): type=1320 audit(0.0:146): 
W/auditd  ( 3698): type=1325 audit(0.0:147): table=mangle family=2 entries=24
W/iptables( 4105): type=1300 audit(0.0:147): arch=40000028 syscall=294 per=800000 success=yes exit=0 a0=5 a1=0 a2=40 a3=b6c33000 items=0 ppid=3679 auid=4294967295 uid=0 gid=0 euid=0 suid=0 fsuid=0 egid=0 sgid=0 fsgid=0 ses=4294967295 tty=(none) exe="/system/bin/iptables" key=(null)
I/System  ( 3699): Loaded time zone names for "" in 116ms (111ms in ICU)
D/MDnsDS  ( 3679): MDnsSdListener::Hander starting up
D/MDnsDS  ( 3679): MDnsSdListener starting to monitor
D/MDnsDS  ( 3679): Going to poll with pollCount 1
I/System  ( 3699): Loaded time zone names for "en_US" in 46ms (40ms in ICU)
I/art     ( 3699): Explicit concurrent mark sweep GC freed 30145(1834KB) AllocSpace objects, 0(0B) LOS objects, 72% free, 1557KB/5MB, paused 149us total 14.272ms
I/Zygote  ( 3699): ...preloaded 3005 classes in 909ms.
I/art     ( 3699): VMRuntime.preloadDexCaches starting
I/art     ( 3699): VMRuntime.preloadDexCaches strings total=217316 before=40338 after=40338
I/art     ( 3699): VMRuntime.preloadDexCaches types total=18704 before=6337 after=6380
I/art     ( 3699): VMRuntime.preloadDexCaches fields total=87408 before=32543 after=32871
I/art     ( 3699): VMRuntime.preloadDexCaches methods total=154031 before=66779 after=67657
I/art     ( 3699): VMRuntime.preloadDexCaches finished
I/art     ( 3699): Counter: 0
I/art     ( 3699): Counter: 1
I/art     ( 3699): Explicit concurrent mark sweep GC freed 159(19KB) AllocSpace objects, 0(0B) LOS objects, 72% free, 1537KB/5MB, paused 166us total 8.476ms
D/idmap   ( 4117): error: no read access to /vendor/overlay: No such file or directory
D/BootAnimation( 3855): Use save memory method, maybe small fps in actual.
I/Zygote  ( 3699): Preloading resources...
D/wrapperGPS( 3697): wrapperConnect_RILD
I/art     ( 3699): Background concurrent mark sweep GC freed 975(50KB) AllocSpace objects, 0(0B) LOS objects, 39% free, 15MB/26MB, paused 7.469ms total 20.219ms
I/art     ( 3699): Explicit concurrent mark sweep GC freed 4547(159KB) AllocSpace objects, 0(0B) LOS objects, 40% free, 16MB/28MB, paused 192us total 8.936ms
I/Zygote  ( 3699): ...preloaded 430 resources in 471ms.
I/art     ( 3699): Explicit concurrent mark sweep GC freed 539(31KB) AllocSpace objects, 0(0B) LOS objects, 40% free, 16MB/28MB, paused 233us total 8.793ms
I/Zygote  ( 3699): ...preloaded 41 resources in 21ms.
I/art     ( 3699): Counter: 0
D/libEGL  ( 3699): loaded /vendor/lib/egl/libGLES_mali.so
I/Zygote  ( 3699): Preloading shared libraries...
D/Zygote  ( 3699): end preload
I/art     ( 3699): Explicit concurrent mark sweep GC freed 461(21KB) AllocSpace objects, 0(0B) LOS objects, 40% free, 16MB/28MB, paused 185us total 9.306ms
I/art     ( 3699): Explicit concurrent mark sweep GC freed 41(1568B) AllocSpace objects, 0(0B) LOS objects, 40% free, 16MB/28MB, paused 183us total 7.419ms
I/art     ( 3699): Explicit concurrent mark sweep GC freed 5(160B) AllocSpace objects, 0(0B) LOS objects, 40% free, 16MB/28MB, paused 181us total 7.531ms
I/Zygote  ( 3699): System server process 4120 has been created
I/Zygote  ( 3699): Accepting command socket connections
I/art     ( 4120): DexFile_isDexOptNeeded failed to open oat file '/data/dalvik-cache/arm/system@framework@org.cyanogenmod.hardware.jar@classes.dex' for file location '/system/framework/org.cyanogenmod.hardware.jar': Failed to open oat filename for reading: No such file or directory
I/art     ( 4120): DexFile_isDexOptNeeded file /system/framework/arm/org.cyanogenmod.hardware.odex needs to be relocated for /system/framework/org.cyanogenmod.hardware.jar
I/InstallerConnection( 4120): connecting...
I/installd( 3692): new connection
E/installd( 4140): Running /system/bin/patchoat isa=arm in-fd=5 (/system/framework/arm/org.cyanogenmod.hardware.odex) out-fd=6 (/data/dalvik-cache/arm/system@framework@org.cyanogenmod.hardware.jar@classes.dex)
I/art     ( 4120): DexFile_isDexOptNeeded failed to open oat file '/data/dalvik-cache/arm/system@framework@services.jar@classes.dex' for file location '/system/framework/services.jar': Failed to open oat filename for reading: No such file or directory
I/art     ( 4120): DexFile_isDexOptNeeded file /system/framework/arm/services.odex needs to be relocated for /system/framework/services.jar
E/installd( 4141): Running /system/bin/patchoat isa=arm in-fd=5 (/system/framework/arm/services.odex) out-fd=6 (/data/dalvik-cache/arm/system@framework@services.jar@classes.dex)
I/art     ( 4120): DexFile_isDexOptNeeded failed to open oat file '/data/dalvik-cache/arm/system@framework@ethernet-service.jar@classes.dex' for file location '/system/framework/ethernet-service.jar': Failed to open oat filename for reading: No such file or directory
I/art     ( 4120): DexFile_isDexOptNeeded file /system/framework/arm/ethernet-service.odex needs to be relocated for /system/framework/ethernet-service.jar
E/installd( 4142): Running /system/bin/patchoat isa=arm in-fd=5 (/system/framework/arm/ethernet-service.odex) out-fd=6 (/data/dalvik-cache/arm/system@framework@ethernet-service.jar@classes.dex)
I/art     ( 4120): DexFile_isDexOptNeeded failed to open oat file '/data/dalvik-cache/arm/system@framework@wifi-service.jar@classes.dex' for file location '/system/framework/wifi-service.jar': Failed to open oat filename for reading: No such file or directory
I/art     ( 4120): DexFile_isDexOptNeeded file /system/framework/arm/wifi-service.odex needs to be relocated for /system/framework/wifi-service.jar
E/installd( 4143): Running /system/bin/patchoat isa=arm in-fd=5 (/system/framework/arm/wifi-service.odex) out-fd=6 (/data/dalvik-cache/arm/system@framework@wifi-service.jar@classes.dex)
I/InstallerConnection( 4120): disconnecting...
E/installd( 3692): eof
E/installd( 3692): failed to read size
I/installd( 3692): closing connection
I/SystemServer( 4120): Entered the Android system server!
D/wrapperGPS( 3697): wrapperConnect_RILD
V/Fingerprint-JNI( 4120): FingerprintManager JNI ready.
I/        ( 4120): System server: starting sensor init.
D/SensorService( 4120): nuSensorService starting...
E/Sensors ( 4120): GeoMagneticSensor, ERROR dev_num = -19
I/Sensors ( 4120): Proximity old sensor_state 0, new sensor_state : 128 en : 1
I/Sensors ( 4120): Light old sensor_state 128, new sensor_state : 640 en : 1
E/Sensors ( 4120): UncalMagneticSensor, ERROR dev_num = -19
I/Sensors ( 4120): SigMotionSensor old sensor_state 640, new sensor_state : 8832 en : 1
I/SystemServiceManager( 4120): Starting com.android.server.pm.Installer
I/Installer( 4120): Waiting for installd to be ready.
I/InstallerConnection( 4120): connecting...
I/installd( 3692): new connection
I/SystemServiceManager( 4120): Starting com.android.server.am.ActivityManagerService$Lifecycle
E/Sensors ( 4120): UncalGyroSensor, ERROR dev_num = -19
E/Sensors ( 4120): GameRotationVector, ERROR dev_num = -19
I/Sensors ( 4120): StepCounterSensor old sensor_state 8832, new sensor_state : 139904 en : 1
D/Sensors ( 4120): HrmSpO2Sensor::HrmSpO2Sensor: Shared version Registered 
E/SensorService( 4120): >>>> WARNING <<< Upgrade sensor HAL to version 1_3
I/Sensors ( 4120): Proximity old sensor_state 139904, new sensor_state : 139776 en : 0
I/Sensors ( 4120): Light old sensor_state 139776, new sensor_state : 139264 en : 0
I/Sensors ( 4120): StepCounterSensor old sensor_state 139264, new sensor_state : 8192 en : 0
I/Sensors ( 4120): SigMotionSensor old sensor_state 8192, new sensor_state : 0 en : 0
I/Sensors ( 4120): HrmSpO2Sensor::enable, handle(16), en(0), what(1/0:aosphrm,1:sshrm, old enabled : 0)
I/Sensors ( 4120): HrmSpO2Sensor is already disabled or have to keep enabled, mEnabled : 0x0, en : 0
I/Sensors ( 4120): HrmSpO2Sensor::enable, handle(17), en(0), what(0/0:aosphrm,1:sshrm, old enabled : 0)
I/Sensors ( 4120): HrmSpO2Sensor is already disabled or have to keep enabled, mEnabled : 0x0, en : 0
I/Sensors ( 4120): HrmSpO2Sensor::enable, handle(18), en(0), what(2/0:aosphrm,1:sshrm, old enabled : 0)
I/Sensors ( 4120): HrmSpO2Sensor is already disabled or have to keep enabled, mEnabled : 0x0, en : 0
I/        ( 4120): System server: sensor init done.
D/SensorService( 4120): nuSensorService thread starting...
I/Sensors ( 4120): ProximitySensor - 8(cm)
D/SensorService( 4120): new thread SensorEventAckReceiver
I/ActivityManager( 4120): Memory class: 192
I/ServiceThread( 4120): Enabled StrictMode logging for ActivityManager looper.
I/AppOps  ( 4120): No existing app ops /data/system/appops.xml; starting empty
I/IntentFirewall( 4120): Read new rules (A:0 B:0 S:0)
I/recovery( 4169): Installing new recovery image: succeeded 
I/ServiceThread( 4120): Enabled StrictMode logging for android.ui looper.
I/ServiceThread( 4120): Enabled StrictMode logging for android.display looper.
D/AppOps  ( 4120): AppOpsService published
I/SystemServiceManager( 4120): Starting com.android.server.power.PowerManagerService
I/ServiceThread( 4120): Enabled StrictMode logging for PowerManagerService looper.
D/SEC PowerHAL( 4120): sysfs_write +: /sys/devices/system/cpu/cpu0/cpufreq/interactive/multi_enter_load: 800
D/SEC PowerHAL( 4120): sysfs_write -: /sys/devices/system/cpu/cpu0/cpufreq/interactive/multi_enter_load: 800
D/SEC PowerHAL( 4120): sysfs_write +: /sys/devices/system/cpu/cpu0/cpufreq/interactive/single_enter_load: 200
D/SEC PowerHAL( 4120): sysfs_write -: /sys/devices/system/cpu/cpu0/cpufreq/interactive/single_enter_load: 200
D/SEC PowerHAL( 4120): sysfs_write +: /sys/devices/system/cpu/cpu0/cpufreq/interactive/param_index: 0
D/SEC PowerHAL( 4120): sysfs_write -: /sys/devices/system/cpu/cpu0/cpufreq/interactive/param_index: 0
D/SEC PowerHAL( 4120): sysfs_write +: /sys/devices/system/cpu/cpu0/cpufreq/interactive/timer_rate: 20000
D/SEC PowerHAL( 4120): sysfs_write -: /sys/devices/system/cpu/cpu0/cpufreq/interactive/timer_rate: 20000
D/SEC PowerHAL( 4120): sysfs_write +: /sys/devices/system/cpu/cpu0/cpufreq/interactive/timer_slack: 20000
D/SEC PowerHAL( 4120): sysfs_write -: /sys/devices/system/cpu/cpu0/cpufreq/interactive/timer_slack: 20000
D/SEC PowerHAL( 4120): sysfs_write +: /sys/devices/system/cpu/cpu0/cpufreq/interactive/min_sample_time: 40000
D/SEC PowerHAL( 4120): sysfs_write -: /sys/devices/system/cpu/cpu0/cpufreq/interactive/min_sample_time: 40000
D/SEC PowerHAL( 4120): sysfs_write +: /sys/devices/system/cpu/cpu0/cpufreq/interactive/hispeed_freq: 1000000
D/SEC PowerHAL( 4120): sysfs_write -: /sys/devices/system/cpu/cpu0/cpufreq/interactive/hispeed_freq: 1000000
D/SEC PowerHAL( 4120): sysfs_write +: /sys/devices/system/cpu/cpu0/cpufreq/interactive/go_hispeed_load: 99
D/SEC PowerHAL( 4120): sysfs_write -: /sys/devices/system/cpu/cpu0/cpufreq/interactive/go_hispeed_load: 99
D/SEC PowerHAL( 4120): sysfs_write +: /sys/devices/system/cpu/cpu0/cpufreq/interactive/target_loads: 70
D/SEC PowerHAL( 4120): sysfs_write -: /sys/devices/system/cpu/cpu0/cpufreq/interactive/target_loads: 70
D/SEC PowerHAL( 4120): sysfs_write +: /sys/devices/system/cpu/cpu0/cpufreq/interactive/above_hispeed_delay: 19000
D/SEC PowerHAL( 4120): sysfs_write -: /sys/devices/system/cpu/cpu0/cpufreq/interactive/above_hispeed_delay: 19000
D/SEC PowerHAL( 4120): sysfs_write +: /sys/devices/system/cpu/cpu0/cpufreq/interactive/boostpulse_duration: 40000
D/SEC PowerHAL( 4120): sysfs_write -: /sys/devices/system/cpu/cpu0/cpufreq/interactive/boostpulse_duration: 40000
D/SEC PowerHAL( 4120): sysfs_write +: /sys/devices/system/cpu/cpu4/cpufreq/interactive/multi_enter_load: 360
D/SEC PowerHAL( 4120): sysfs_write -: /sys/devices/system/cpu/cpu4/cpufreq/interactive/multi_enter_load: 360
D/SEC PowerHAL( 4120): sysfs_write +: /sys/devices/system/cpu/cpu4/cpufreq/interactive/multi_enter_time: 99000
D/SEC PowerHAL( 4120): sysfs_write -: /sys/devices/system/cpu/cpu4/cpufreq/interactive/multi_enter_time: 99000
D/SEC PowerHAL( 4120): sysfs_write +: /sys/devices/system/cpu/cpu4/cpufreq/interactive/multi_exit_load: 240
D/SEC PowerHAL( 4120): sysfs_write -: /sys/devices/system/cpu/cpu4/cpufreq/interactive/multi_exit_load: 240
D/SEC PowerHAL( 4120): sysfs_write +: /sys/devices/system/cpu/cpu4/cpufreq/interactive/multi_exit_time: 299000
D/SEC PowerHAL( 4120): sysfs_write -: /sys/devices/system/cpu/cpu4/cpufreq/interactive/multi_exit_time: 299000
D/SEC PowerHAL( 4120): sysfs_write +: /sys/devices/system/cpu/cpu4/cpufreq/interactive/single_enter_load: 95
D/SEC PowerHAL( 4120): sysfs_write -: /sys/devices/system/cpu/cpu4/cpufreq/interactive/single_enter_load: 95
D/SEC PowerHAL( 4120): sysfs_write +: /sys/devices/system/cpu/cpu4/cpufreq/interactive/single_enter_time: 199000
D/SEC PowerHAL( 4120): sysfs_write -: /sys/devices/system/cpu/cpu4/cpufreq/interactive/single_enter_time: 199000
D/SEC PowerHAL( 4120): sysfs_write +: /sys/devices/system/cpu/cpu4/cpufreq/interactive/single_exit_load: 60
D/SEC PowerHAL( 4120): sysfs_write -: /sys/devices/system/cpu/cpu4/cpufreq/interactive/single_exit_load: 60
D/SEC PowerHAL( 4120): sysfs_write +: /sys/devices/system/cpu/cpu4/cpufreq/interactive/single_exit_time: 99000
D/SEC PowerHAL( 4120): sysfs_write -: /sys/devices/system/cpu/cpu4/cpufreq/interactive/single_exit_time: 99000
D/SEC PowerHAL( 4120): sysfs_write +: /sys/devices/system/cpu/cpu4/cpufreq/interactive/param_index: 0
D/SEC PowerHAL( 4120): sysfs_write -: /sys/devices/system/cpu/cpu4/cpufreq/interactive/param_index: 0
D/SEC PowerHAL( 4120): sysfs_write +: /sys/devices/system/cpu/cpu4/cpufreq/interactive/timer_rate: 20000
D/SEC PowerHAL( 4120): sysfs_write -: /sys/devices/system/cpu/cpu4/cpufreq/interactive/timer_rate: 20000
D/SEC PowerHAL( 4120): sysfs_write +: /sys/devices/system/cpu/cpu4/cpufreq/interactive/timer_slack: 20000
D/SEC PowerHAL( 4120): sysfs_write -: /sys/devices/system/cpu/cpu4/cpufreq/interactive/timer_slack: 20000
D/SEC PowerHAL( 4120): sysfs_write +: /sys/devices/system/cpu/cpu4/cpufreq/interactive/min_sample_time: 40000
D/SEC PowerHAL( 4120): sysfs_write -: /sys/devices/system/cpu/cpu4/cpufreq/interactive/min_sample_time: 40000
D/SEC PowerHAL( 4120): sysfs_write +: /sys/devices/system/cpu/cpu4/cpufreq/interactive/hispeed_freq: 1000000
D/SEC PowerHAL( 4120): sysfs_write -: /sys/devices/system/cpu/cpu4/cpufreq/interactive/hispeed_freq: 1000000
D/SEC PowerHAL( 4120): sysfs_write +: /sys/devices/system/cpu/cpu4/cpufreq/interactive/go_hispeed_load: 99
D/SEC PowerHAL( 4120): sysfs_write -: /sys/devices/system/cpu/cpu4/cpufreq/interactive/go_hispeed_load: 99
D/SEC PowerHAL( 4120): sysfs_write +: /sys/devices/system/cpu/cpu4/cpufreq/interactive/target_loads: 75 1500000:80 1700000:85 1800000:90
D/SEC PowerHAL( 4120): sysfs_write -: /sys/devices/system/cpu/cpu4/cpufreq/interactive/target_loads: 75 1500000:80 1700000:85 1800000:90
D/SEC PowerHAL( 4120): sysfs_write +: /sys/devices/system/cpu/cpu4/cpufreq/interactive/above_hispeed_delay: 19000 1100000:99000 1200000:119000 1700000:19000
D/SEC PowerHAL( 4120): sysfs_write -: /sys/devices/system/cpu/cpu4/cpufreq/interactive/above_hispeed_delay: 19000 1100000:99000 1200000:119000 1700000:19000
D/SEC PowerHAL( 4120): sysfs_write +: /sys/devices/system/cpu/cpu4/cpufreq/interactive/boostpulse_duration: 40000
D/SEC PowerHAL( 4120): sysfs_write -: /sys/devices/system/cpu/cpu4/cpufreq/interactive/boostpulse_duration: 40000
D/SEC PowerHAL( 4120): sysfs_write +: /sys/devices/system/cpu/cpu4/cpufreq/interactive/param_index: 1
D/SEC PowerHAL( 4120): sysfs_write -: /sys/devices/system/cpu/cpu4/cpufreq/interactive/param_index: 1
D/SEC PowerHAL( 4120): sysfs_write +: /sys/devices/system/cpu/cpu4/cpufreq/interactive/timer_rate: 20000
D/SEC PowerHAL( 4120): sysfs_write -: /sys/devices/system/cpu/cpu4/cpufreq/interactive/timer_rate: 20000
D/SEC PowerHAL( 4120): sysfs_write +: /sys/devices/system/cpu/cpu4/cpufreq/interactive/min_sample_time: 59000
D/SEC PowerHAL( 4120): sysfs_write -: /sys/devices/system/cpu/cpu4/cpufreq/interactive/min_sample_time: 59000
D/SEC PowerHAL( 4120): sysfs_write +: /sys/devices/system/cpu/cpu4/cpufreq/interactive/hispeed_freq: 1200000
D/SEC PowerHAL( 4120): sysfs_write -: /sys/devices/system/cpu/cpu4/cpufreq/interactive/hispeed_freq: 1200000
D/SEC PowerHAL( 4120): sysfs_write +: /sys/devices/system/cpu/cpu4/cpufreq/interactive/go_hispeed_load: 95
D/SEC PowerHAL( 4120): sysfs_write -: /sys/devices/system/cpu/cpu4/cpufreq/interactive/go_hispeed_load: 95
D/SEC PowerHAL( 4120): sysfs_write +: /sys/devices/system/cpu/cpu4/cpufreq/interactive/target_loads: 65 1400000:68 1700000:73
D/SEC PowerHAL( 4120): sysfs_write -: /sys/devices/system/cpu/cpu4/cpufreq/interactive/target_loads: 65 1400000:68 1700000:73
D/SEC PowerHAL( 4120): sysfs_write +: /sys/devices/system/cpu/cpu4/cpufreq/interactive/above_hispeed_delay: 19000
D/SEC PowerHAL( 4120): sysfs_write -: /sys/devices/system/cpu/cpu4/cpufreq/interactive/above_hispeed_delay: 19000
D/SEC PowerHAL( 4120): sysfs_write +: /sys/devices/system/cpu/cpu4/cpufreq/interactive/param_index: 2
D/SEC PowerHAL( 4120): sysfs_write -: /sys/devices/system/cpu/cpu4/cpufreq/interactive/param_index: 2
D/SEC PowerHAL( 4120): sysfs_write +: /sys/devices/system/cpu/cpu4/cpufreq/interactive/timer_rate: 20000
D/SEC PowerHAL( 4120): sysfs_write -: /sys/devices/system/cpu/cpu4/cpufreq/interactive/timer_rate: 20000
D/SEC PowerHAL( 4120): sysfs_write +: /sys/devices/system/cpu/cpu4/cpufreq/interactive/min_sample_time: 79000
D/SEC PowerHAL( 4120): sysfs_write -: /sys/devices/system/cpu/cpu4/cpufreq/interactive/min_sample_time: 79000
D/SEC PowerHAL( 4120): sysfs_write +: /sys/devices/system/cpu/cpu4/cpufreq/interactive/hispeed_freq: 1400000
D/SEC PowerHAL( 4120): sysfs_write -: /sys/devices/system/cpu/cpu4/cpufreq/interactive/hispeed_freq: 1400000
D/SEC PowerHAL( 4120): sysfs_write +: /sys/devices/system/cpu/cpu4/cpufreq/interactive/go_hispeed_load: 90
D/SEC PowerHAL( 4120): sysfs_write -: /sys/devices/system/cpu/cpu4/cpufreq/interactive/go_hispeed_load: 90
D/SEC PowerHAL( 4120): sysfs_write +: /sys/devices/system/cpu/cpu4/cpufreq/interactive/target_loads: 60 1300000:63 1500000:65 1700000:70
D/SEC PowerHAL( 4120): sysfs_write -: /sys/devices/system/cpu/cpu4/cpufreq/interactive/target_loads: 60 1300000:63 1500000:65 1700000:70
D/SEC PowerHAL( 4120): sysfs_write +: /sys/devices/system/cpu/cpu4/cpufreq/interactive/above_hispeed_delay: 19000
D/SEC PowerHAL( 4120): sysfs_write -: /sys/devices/system/cpu/cpu4/cpufreq/interactive/above_hispeed_delay: 19000
D/SEC PowerHAL( 4120): sysfs_write +: /sys/devices/system/cpu/cpu4/cpufreq/interactive/param_index: 3
D/SEC PowerHAL( 4120): sysfs_write -: /sys/devices/system/cpu/cpu4/cpufreq/interactive/param_index: 3
D/SEC PowerHAL( 4120): sysfs_write +: /sys/devices/system/cpu/cpu4/cpufreq/interactive/timer_rate: 20000
D/SEC PowerHAL( 4120): sysfs_write -: /sys/devices/system/cpu/cpu4/cpufreq/interactive/timer_rate: 20000
D/SEC PowerHAL( 4120): sysfs_write +: /sys/devices/system/cpu/cpu4/cpufreq/interactive/min_sample_time: 99000
D/SEC PowerHAL( 4120): sysfs_write -: /sys/devices/system/cpu/cpu4/cpufreq/interactive/min_sample_time: 99000
D/SEC PowerHAL( 4120): sysfs_write +: /sys/devices/system/cpu/cpu4/cpufreq/interactive/hispeed_freq: 1600000
D/SEC PowerHAL( 4120): sysfs_write -: /sys/devices/system/cpu/cpu4/cpufreq/interactive/hispeed_freq: 1600000
D/SEC PowerHAL( 4120): sysfs_write +: /sys/devices/system/cpu/cpu4/cpufreq/interactive/go_hispeed_load: 85
D/SEC PowerHAL( 4120): sysfs_write -: /sys/devices/system/cpu/cpu4/cpufreq/interactive/go_hispeed_load: 85
D/SEC PowerHAL( 4120): sysfs_write +: /sys/devices/system/cpu/cpu4/cpufreq/interactive/target_loads: 60 1300000:63 1500000:65 1900000:70
D/SEC PowerHAL( 4120): sysfs_write -: /sys/devices/system/cpu/cpu4/cpufreq/interactive/target_loads: 60 1300000:63 1500000:65 1900000:70
D/SEC PowerHAL( 4120): sysfs_write +: /sys/devices/system/cpu/cpu4/cpufreq/interactive/above_hispeed_delay: 19000
D/SEC PowerHAL( 4120): sysfs_write -: /sys/devices/system/cpu/cpu4/cpufreq/interactive/above_hispeed_delay: 19000
D/SEC PowerHAL( 4120): sysfs_write +: /sys/devices/system/cpu/cpu4/cpufreq/interactive/param_index: 0
D/SEC PowerHAL( 4120): sysfs_write -: /sys/devices/system/cpu/cpu4/cpufreq/interactive/param_index: 0
W/libsuspend( 4120): Error writing 'on' to /sys/power/state: Invalid argument
I/libsuspend( 4120): Selected wakeup count
I/SystemServiceManager( 4120): Starting com.android.server.display.DisplayManagerService
I/SystemServiceManager( 4120): Starting phase 100
I/DisplayManagerService( 4120): Display device added: DisplayDeviceInfo{"Built-in Screen": 1080 x 1920, 60.000004 fps, supportedRefreshRates [60.000004], density 480, 422.03 x 424.069 dpi, appVsyncOff 0, presDeadline 17666666, touch INTERNAL, rotation 0, type BUILT_IN, state UNKNOWN, FLAG_DEFAULT_DISPLAY, FLAG_ROTATES_WITH_CONTENT, FLAG_SECURE, FLAG_SUPPORTS_PROTECTED_BUFFERS}
I/SystemServer( 4120): Package Manager
W/SELinuxMMAC( 4120): Error opening /data/system/seapp_hash. Assuming first boot.
W/PackageManager( 4120): No security bridge jar found, using default
