E/Minikin ( 4136): addFont failed to create font /system/fonts/NotoSansGujaratiUI-Bold.ttf
E/Minikin ( 4136): addFont failed to create font /system/fonts/NotoSansGurmukhi-Regular.ttf
E/Minikin ( 4136): addFont failed to create font /system/fonts/NotoSansGurmukhi-Bold.ttf
E/Minikin ( 4136): addFont failed to create font /system/fonts/NotoSansGurmukhiUI-Regular.ttf
E/Minikin ( 4136): addFont failed to create font /system/fonts/NotoSansGurmukhiUI-Bold.ttf
D/OpenGLRenderer( 4823): Enabling debug mode 0
E/Minikin ( 4801): addFont failed to create font /system/fonts/NotoSansSinhala-Regular.ttf
E/Minikin ( 4801): addFont failed to create font /system/fonts/NotoSansSinhala-Bold.ttf
E/Minikin ( 4801): addFont failed to create font /system/fonts/NotoSansCherokee-Regular.ttf
E/Minikin ( 4801): addFont failed to create font /system/fonts/NotoSansCanadianAboriginal-Regular.ttf
E/Minikin ( 4801): addFont failed to create font /system/fonts/NotoSansYi-Regular.ttf
E/Minikin ( 4801): addFont failed to create font /system/fonts/NotoSansHans-Regular.otf
E/Minikin ( 4801): addFont failed to create font /system/fonts/NotoSansHant-Regular.otf
E/Minikin ( 4801): addFont failed to create font /system/fonts/NotoSansJP-Regular.otf
E/Minikin ( 4801): addFont failed to create font /system/fonts/NotoSansKR-Regular.otf
E/Minikin ( 4136): addFont failed to create font /system/fonts/NotoSansSinhala-Regular.ttf
E/Minikin ( 4136): addFont failed to create font /system/fonts/NotoSansSinhala-Bold.ttf
E/Minikin ( 4136): addFont failed to create font /system/fonts/NotoSansCherokee-Regular.ttf
E/Minikin ( 4136): addFont failed to create font /system/fonts/NotoSansCanadianAboriginal-Regular.ttf
E/Minikin ( 4136): addFont failed to create font /system/fonts/NotoSansYi-Regular.ttf
E/Minikin ( 4136): addFont failed to create font /system/fonts/NotoSansHans-Regular.otf
E/Minikin ( 4136): addFont failed to create font /system/fonts/NotoSansHant-Regular.otf
E/Minikin ( 4136): addFont failed to create font /system/fonts/NotoSansJP-Regular.otf
E/Minikin ( 4136): addFont failed to create font /system/fonts/NotoSansKR-Regular.otf
I/art     ( 4136): Background partial concurrent mark sweep GC freed 68207(5MB) AllocSpace objects, 20(863KB) LOS objects, 33% free, 22MB/33MB, paused 2.302ms total 127.181ms
E/Minikin ( 4845): addFont failed to create font /system/fonts/NotoSansGujarati-Regular.ttf
E/Minikin ( 4845): addFont failed to create font /system/fonts/NotoSansGujarati-Bold.ttf
E/Minikin ( 4845): addFont failed to create font /system/fonts/NotoSansGujaratiUI-Regular.ttf
E/Minikin ( 4845): addFont failed to create font /system/fonts/NotoSansGujaratiUI-Bold.ttf
E/Minikin ( 4845): addFont failed to create font /system/fonts/NotoSansGurmukhi-Regular.ttf
E/Minikin ( 4845): addFont failed to create font /system/fonts/NotoSansGurmukhi-Bold.ttf
E/Minikin ( 4845): addFont failed to create font /system/fonts/NotoSansGurmukhiUI-Regular.ttf
E/Minikin ( 4845): addFont failed to create font /system/fonts/NotoSansGurmukhiUI-Bold.ttf
E/Minikin ( 4735): addFont failed to create font /system/fonts/NotoSansGujarati-Regular.ttf
E/Minikin ( 4735): addFont failed to create font /system/fonts/NotoSansGujarati-Bold.ttf
E/Minikin ( 4735): addFont failed to create font /system/fonts/NotoSansGujaratiUI-Regular.ttf
E/Minikin ( 4735): addFont failed to create font /system/fonts/NotoSansGujaratiUI-Bold.ttf
E/Minikin ( 4735): addFont failed to create font /system/fonts/NotoSansGurmukhi-Regular.ttf
E/Minikin ( 4735): addFont failed to create font /system/fonts/NotoSansGurmukhi-Bold.ttf
E/Minikin ( 4735): addFont failed to create font /system/fonts/NotoSansGurmukhiUI-Regular.ttf
E/Minikin ( 4735): addFont failed to create font /system/fonts/NotoSansGurmukhiUI-Bold.ttf
E/Minikin ( 4845): addFont failed to create font /system/fonts/NotoSansSinhala-Regular.ttf
E/Minikin ( 4779): addFont failed to create font /system/fonts/NotoSansGujarati-Regular.ttf
E/Minikin ( 4779): addFont failed to create font /system/fonts/NotoSansGujarati-Bold.ttf
E/Minikin ( 4845): addFont failed to create font /system/fonts/NotoSansSinhala-Bold.ttf
E/Minikin ( 4779): addFont failed to create font /system/fonts/NotoSansGujaratiUI-Regular.ttf
E/Minikin ( 4779): addFont failed to create font /system/fonts/NotoSansGujaratiUI-Bold.ttf
E/Minikin ( 4779): addFont failed to create font /system/fonts/NotoSansGurmukhi-Regular.ttf
E/Minikin ( 4779): addFont failed to create font /system/fonts/NotoSansGurmukhi-Bold.ttf
E/Minikin ( 4779): addFont failed to create font /system/fonts/NotoSansGurmukhiUI-Regular.ttf
E/Minikin ( 4779): addFont failed to create font /system/fonts/NotoSansGurmukhiUI-Bold.ttf
E/Minikin ( 4845): addFont failed to create font /system/fonts/NotoSansCherokee-Regular.ttf
E/Minikin ( 4845): addFont failed to create font /system/fonts/NotoSansCanadianAboriginal-Regular.ttf
E/Minikin ( 4845): addFont failed to create font /system/fonts/NotoSansYi-Regular.ttf
E/Minikin ( 4845): addFont failed to create font /system/fonts/NotoSansHans-Regular.otf
E/Minikin ( 4845): addFont failed to create font /system/fonts/NotoSansHant-Regular.otf
E/Minikin ( 4845): addFont failed to create font /system/fonts/NotoSansJP-Regular.otf
E/Minikin ( 4845): addFont failed to create font /system/fonts/NotoSansKR-Regular.otf
E/Minikin ( 4757): addFont failed to create font /system/fonts/NotoSansGujarati-Regular.ttf
E/Minikin ( 4757): addFont failed to create font /system/fonts/NotoSansGujarati-Bold.ttf
E/Minikin ( 4757): addFont failed to create font /system/fonts/NotoSansGujaratiUI-Regular.ttf
E/Minikin ( 4757): addFont failed to create font /system/fonts/NotoSansGujaratiUI-Bold.ttf
E/Minikin ( 4757): addFont failed to create font /system/fonts/NotoSansGurmukhi-Regular.ttf
E/Minikin ( 4757): addFont failed to create font /system/fonts/NotoSansGurmukhi-Bold.ttf
E/Minikin ( 4648): addFont failed to create font /system/fonts/NotoSansGujarati-Regular.ttf
E/Minikin ( 4648): addFont failed to create font /system/fonts/NotoSansGujarati-Bold.ttf
E/Minikin ( 4757): addFont failed to create font /system/fonts/NotoSansGurmukhiUI-Regular.ttf
E/Minikin ( 4648): addFont failed to create font /system/fonts/NotoSansGujaratiUI-Regular.ttf
E/Minikin ( 4757): addFont failed to create font /system/fonts/NotoSansGurmukhiUI-Bold.ttf
E/Minikin ( 4648): addFont failed to create font /system/fonts/NotoSansGujaratiUI-Bold.ttf
E/Minikin ( 4648): addFont failed to create font /system/fonts/NotoSansGurmukhi-Regular.ttf
E/Minikin ( 4779): addFont failed to create font /system/fonts/NotoSansSinhala-Regular.ttf
E/Minikin ( 4648): addFont failed to create font /system/fonts/NotoSansGurmukhi-Bold.ttf
E/Minikin ( 4779): addFont failed to create font /system/fonts/NotoSansSinhala-Bold.ttf
E/Minikin ( 4648): addFont failed to create font /system/fonts/NotoSansGurmukhiUI-Regular.ttf
E/Minikin ( 4648): addFont failed to create font /system/fonts/NotoSansGurmukhiUI-Bold.ttf
E/Minikin ( 4735): addFont failed to create font /system/fonts/NotoSansSinhala-Regular.ttf
E/Minikin ( 4735): addFont failed to create font /system/fonts/NotoSansSinhala-Bold.ttf
E/Minikin ( 4779): addFont failed to create font /system/fonts/NotoSansCherokee-Regular.ttf
E/Minikin ( 4779): addFont failed to create font /system/fonts/NotoSansCanadianAboriginal-Regular.ttf
E/Minikin ( 4779): addFont failed to create font /system/fonts/NotoSansYi-Regular.ttf
E/Minikin ( 4779): addFont failed to create font /system/fonts/NotoSansHans-Regular.otf
E/Minikin ( 4779): addFont failed to create font /system/fonts/NotoSansHant-Regular.otf
E/Minikin ( 4779): addFont failed to create font /system/fonts/NotoSansJP-Regular.otf
E/Minikin ( 4779): addFont failed to create font /system/fonts/NotoSansKR-Regular.otf
E/Minikin ( 4757): addFont failed to create font /system/fonts/NotoSansSinhala-Regular.ttf
E/Minikin ( 4757): addFont failed to create font /system/fonts/NotoSansSinhala-Bold.ttf
E/Minikin ( 4735): addFont failed to create font /system/fonts/NotoSansCherokee-Regular.ttf
E/Minikin ( 4735): addFont failed to create font /system/fonts/NotoSansCanadianAboriginal-Regular.ttf
E/Minikin ( 4648): addFont failed to create font /system/fonts/NotoSansSinhala-Regular.ttf
E/Minikin ( 4735): addFont failed to create font /system/fonts/NotoSansYi-Regular.ttf
E/Minikin ( 4648): addFont failed to create font /system/fonts/NotoSansSinhala-Bold.ttf
E/Minikin ( 4735): addFont failed to create font /system/fonts/NotoSansHans-Regular.otf
E/Minikin ( 4735): addFont failed to create font /system/fonts/NotoSansHant-Regular.otf
E/Minikin ( 4735): addFont failed to create font /system/fonts/NotoSansJP-Regular.otf
E/Minikin ( 4735): addFont failed to create font /system/fonts/NotoSansKR-Regular.otf
E/Minikin ( 4757): addFont failed to create font /system/fonts/NotoSansCherokee-Regular.ttf
E/Minikin ( 4757): addFont failed to create font /system/fonts/NotoSansCanadianAboriginal-Regular.ttf
E/Minikin ( 4757): addFont failed to create font /system/fonts/NotoSansYi-Regular.ttf
E/Minikin ( 4757): addFont failed to create font /system/fonts/NotoSansHans-Regular.otf
E/Minikin ( 4757): addFont failed to create font /system/fonts/NotoSansHant-Regular.otf
E/Minikin ( 4757): addFont failed to create font /system/fonts/NotoSansJP-Regular.otf
E/Minikin ( 4757): addFont failed to create font /system/fonts/NotoSansKR-Regular.otf
E/Minikin ( 4648): addFont failed to create font /system/fonts/NotoSansCherokee-Regular.ttf
E/Minikin ( 4648): addFont failed to create font /system/fonts/NotoSansCanadianAboriginal-Regular.ttf
E/Minikin ( 4648): addFont failed to create font /system/fonts/NotoSansYi-Regular.ttf
E/Minikin ( 4648): addFont failed to create font /system/fonts/NotoSansHans-Regular.otf
E/Minikin ( 4648): addFont failed to create font /system/fonts/NotoSansHant-Regular.otf
E/Minikin ( 4648): addFont failed to create font /system/fonts/NotoSansJP-Regular.otf
E/Minikin ( 4648): addFont failed to create font /system/fonts/NotoSansKR-Regular.otf
E/Minikin ( 4508): addFont failed to create font /system/fonts/NotoSansGujarati-Regular.ttf
E/Minikin ( 4508): addFont failed to create font /system/fonts/NotoSansGujarati-Bold.ttf
E/Minikin ( 4621): addFont failed to create font /system/fonts/NotoSansGujarati-Regular.ttf
E/Minikin ( 4508): addFont failed to create font /system/fonts/NotoSansGujaratiUI-Regular.ttf
E/Minikin ( 4621): addFont failed to create font /system/fonts/NotoSansGujarati-Bold.ttf
E/Minikin ( 4508): addFont failed to create font /system/fonts/NotoSansGujaratiUI-Bold.ttf
E/Minikin ( 4621): addFont failed to create font /system/fonts/NotoSansGujaratiUI-Regular.ttf
E/Minikin ( 4508): addFont failed to create font /system/fonts/NotoSansGurmukhi-Regular.ttf
E/Minikin ( 4621): addFont failed to create font /system/fonts/NotoSansGujaratiUI-Bold.ttf
E/Minikin ( 4508): addFont failed to create font /system/fonts/NotoSansGurmukhi-Bold.ttf
E/Minikin ( 4621): addFont failed to create font /system/fonts/NotoSansGurmukhi-Regular.ttf
E/Minikin ( 4621): addFont failed to create font /system/fonts/NotoSansGurmukhi-Bold.ttf
E/Minikin ( 4508): addFont failed to create font /system/fonts/NotoSansGurmukhiUI-Regular.ttf
E/Minikin ( 4621): addFont failed to create font /system/fonts/NotoSansGurmukhiUI-Regular.ttf
E/Minikin ( 4508): addFont failed to create font /system/fonts/NotoSansGurmukhiUI-Bold.ttf
E/Minikin ( 4621): addFont failed to create font /system/fonts/NotoSansGurmukhiUI-Bold.ttf
E/Minikin ( 4621): addFont failed to create font /system/fonts/NotoSansSinhala-Regular.ttf
E/Minikin ( 4621): addFont failed to create font /system/fonts/NotoSansSinhala-Bold.ttf
W/art     ( 4136): Long monitor contention event with owner method=void com.android.server.am.ActivityManagerService.updateConfiguration(android.content.res.Configuration) from ActivityManagerService.java:16395 waiters=1 for 115ms
E/Minikin ( 4621): addFont failed to create font /system/fonts/NotoSansCherokee-Regular.ttf
E/Minikin ( 4621): addFont failed to create font /system/fonts/NotoSansCanadianAboriginal-Regular.ttf
E/Minikin ( 4621): addFont failed to create font /system/fonts/NotoSansYi-Regular.ttf
E/Minikin ( 4621): addFont failed to create font /system/fonts/NotoSansHans-Regular.otf
E/Minikin ( 4621): addFont failed to create font /system/fonts/NotoSansHant-Regular.otf
E/Minikin ( 4621): addFont failed to create font /system/fonts/NotoSansJP-Regular.otf
E/Minikin ( 4621): addFont failed to create font /system/fonts/NotoSansKR-Regular.otf
E/Minikin ( 4508): addFont failed to create font /system/fonts/NotoSansSinhala-Regular.ttf
E/Minikin ( 4508): addFont failed to create font /system/fonts/NotoSansSinhala-Bold.ttf
E/Minikin ( 4508): addFont failed to create font /system/fonts/NotoSansCherokee-Regular.ttf
E/Minikin ( 4508): addFont failed to create font /system/fonts/NotoSansCanadianAboriginal-Regular.ttf
E/Minikin ( 4508): addFont failed to create font /system/fonts/NotoSansYi-Regular.ttf
E/Minikin ( 4508): addFont failed to create font /system/fonts/NotoSansHans-Regular.otf
E/Minikin ( 4508): addFont failed to create font /system/fonts/NotoSansHant-Regular.otf
E/Minikin ( 4508): addFont failed to create font /system/fonts/NotoSansJP-Regular.otf
E/Minikin ( 4508): addFont failed to create font /system/fonts/NotoSansKR-Regular.otf
E/Minikin ( 4883): addFont failed to create font /system/fonts/NotoSansGujarati-Regular.ttf
E/Minikin ( 4883): addFont failed to create font /system/fonts/NotoSansGujarati-Bold.ttf
E/Minikin ( 4883): addFont failed to create font /system/fonts/NotoSansGujaratiUI-Regular.ttf
E/Minikin ( 4883): addFont failed to create font /system/fonts/NotoSansGujaratiUI-Bold.ttf
E/Minikin ( 4883): addFont failed to create font /system/fonts/NotoSansGurmukhi-Regular.ttf
E/Minikin ( 4883): addFont failed to create font /system/fonts/NotoSansGurmukhi-Bold.ttf
E/Minikin ( 4883): addFont failed to create font /system/fonts/NotoSansGurmukhiUI-Regular.ttf
E/Minikin ( 4883): addFont failed to create font /system/fonts/NotoSansGurmukhiUI-Bold.ttf
E/Minikin ( 4883): addFont failed to create font /system/fonts/NotoSansSinhala-Regular.ttf
E/Minikin ( 4883): addFont failed to create font /system/fonts/NotoSansSinhala-Bold.ttf
E/Minikin ( 4883): addFont failed to create font /system/fonts/NotoSansCherokee-Regular.ttf
E/Minikin ( 4883): addFont failed to create font /system/fonts/NotoSansCanadianAboriginal-Regular.ttf
E/Minikin ( 4883): addFont failed to create font /system/fonts/NotoSansYi-Regular.ttf
E/Minikin ( 4883): addFont failed to create font /system/fonts/NotoSansHans-Regular.otf
E/Minikin ( 4883): addFont failed to create font /system/fonts/NotoSansHant-Regular.otf
E/Minikin ( 4883): addFont failed to create font /system/fonts/NotoSansJP-Regular.otf
E/Minikin ( 4883): addFont failed to create font /system/fonts/NotoSansKR-Regular.otf
E/Minikin ( 4933): addFont failed to create font /system/fonts/NotoSansGujarati-Regular.ttf
E/Minikin ( 4933): addFont failed to create font /system/fonts/NotoSansGujarati-Bold.ttf
E/Minikin ( 4933): addFont failed to create font /system/fonts/NotoSansGujaratiUI-Regular.ttf
E/Minikin ( 4933): addFont failed to create font /system/fonts/NotoSansGujaratiUI-Bold.ttf
E/Minikin ( 4933): addFont failed to create font /system/fonts/NotoSansGurmukhi-Regular.ttf
E/Minikin ( 4933): addFont failed to create font /system/fonts/NotoSansGurmukhi-Bold.ttf
E/Minikin ( 4933): addFont failed to create font /system/fonts/NotoSansGurmukhiUI-Regular.ttf
E/Minikin ( 4933): addFont failed to create font /system/fonts/NotoSansGurmukhiUI-Bold.ttf
E/Minikin ( 4933): addFont failed to create font /system/fonts/NotoSansSinhala-Regular.ttf
E/Minikin ( 4933): addFont failed to create font /system/fonts/NotoSansSinhala-Bold.ttf
E/Minikin ( 4933): addFont failed to create font /system/fonts/NotoSansCherokee-Regular.ttf
E/Minikin ( 4933): addFont failed to create font /system/fonts/NotoSansCanadianAboriginal-Regular.ttf
E/Minikin ( 4933): addFont failed to create font /system/fonts/NotoSansYi-Regular.ttf
E/Minikin ( 4933): addFont failed to create font /system/fonts/NotoSansHans-Regular.otf
E/Minikin ( 4933): addFont failed to create font /system/fonts/NotoSansHant-Regular.otf
E/Minikin ( 4933): addFont failed to create font /system/fonts/NotoSansJP-Regular.otf
E/Minikin ( 4933): addFont failed to create font /system/fonts/NotoSansKR-Regular.otf
I/ActivityManager( 4136): Process android.process.media (pid 4267) has died
D/Launcher.Model( 4823): 11683562 - loadWorkspaceScreensDb()
D/Launcher.Model( 4823): 11683562 -   screens: { 0: 1 }, { 1: 2 }
D/Launcher.Model( 4823): 11683562 -   sBgWorkspaceScreens: 1, 2
E/JavaBinder( 4136): !!! FAILED BINDER TRANSACTION !!!
I/ActivityManager( 4136): Process com.cyanogenmod.lockclock (pid 4621) has died
E/Minikin ( 4823): addFont failed to create font /system/fonts/NotoSansGujarati-Regular.ttf
E/Minikin ( 4823): addFont failed to create font /system/fonts/NotoSansGujarati-Bold.ttf
E/Minikin ( 4823): addFont failed to create font /system/fonts/NotoSansGujaratiUI-Regular.ttf
E/Minikin ( 4823): addFont failed to create font /system/fonts/NotoSansGujaratiUI-Bold.ttf
E/Minikin ( 4823): addFont failed to create font /system/fonts/NotoSansGurmukhi-Regular.ttf
E/Minikin ( 4823): addFont failed to create font /system/fonts/NotoSansGurmukhi-Bold.ttf
E/Minikin ( 4823): addFont failed to create font /system/fonts/NotoSansGurmukhiUI-Regular.ttf
E/Minikin ( 4823): addFont failed to create font /system/fonts/NotoSansGurmukhiUI-Bold.ttf
E/Minikin ( 4823): addFont failed to create font /system/fonts/NotoSansSinhala-Regular.ttf
E/Minikin ( 4823): addFont failed to create font /system/fonts/NotoSansSinhala-Bold.ttf
E/Minikin ( 4823): addFont failed to create font /system/fonts/NotoSansCherokee-Regular.ttf
E/Minikin ( 4823): addFont failed to create font /system/fonts/NotoSansCanadianAboriginal-Regular.ttf
E/Minikin ( 4823): addFont failed to create font /system/fonts/NotoSansYi-Regular.ttf
E/Minikin ( 4823): addFont failed to create font /system/fonts/NotoSansHans-Regular.otf
E/Minikin ( 4823): addFont failed to create font /system/fonts/NotoSansHant-Regular.otf
E/Minikin ( 4823): addFont failed to create font /system/fonts/NotoSansJP-Regular.otf
E/Minikin ( 4823): addFont failed to create font /system/fonts/NotoSansKR-Regular.otf
I/Choreographer( 4311): Skipped 57 frames!  The application may be doing too much work on its main thread.
E/Minikin ( 4965): addFont failed to create font /system/fonts/NotoSansGujarati-Regular.ttf
E/Minikin ( 4965): addFont failed to create font /system/fonts/NotoSansGujarati-Bold.ttf
E/Minikin ( 4965): addFont failed to create font /system/fonts/NotoSansGujaratiUI-Regular.ttf
E/Minikin ( 4965): addFont failed to create font /system/fonts/NotoSansGujaratiUI-Bold.ttf
E/Minikin ( 4965): addFont failed to create font /system/fonts/NotoSansGurmukhi-Regular.ttf
E/Minikin ( 4965): addFont failed to create font /system/fonts/NotoSansGurmukhi-Bold.ttf
E/Minikin ( 4965): addFont failed to create font /system/fonts/NotoSansGurmukhiUI-Regular.ttf
E/Minikin ( 4965): addFont failed to create font /system/fonts/NotoSansGurmukhiUI-Bold.ttf
E/Minikin ( 4965): addFont failed to create font /system/fonts/NotoSansSinhala-Regular.ttf
E/Minikin ( 4965): addFont failed to create font /system/fonts/NotoSansSinhala-Bold.ttf
E/Minikin ( 4311): addFont failed to create font /system/fonts/NotoSansGujarati-Regular.ttf
E/Minikin ( 4311): addFont failed to create font /system/fonts/NotoSansGujarati-Bold.ttf
E/Minikin ( 4311): addFont failed to create font /system/fonts/NotoSansGujaratiUI-Regular.ttf
E/Minikin ( 4311): addFont failed to create font /system/fonts/NotoSansGujaratiUI-Bold.ttf
E/Minikin ( 4311): addFont failed to create font /system/fonts/NotoSansGurmukhi-Regular.ttf
E/Minikin ( 4311): addFont failed to create font /system/fonts/NotoSansGurmukhi-Bold.ttf
E/Minikin ( 4311): addFont failed to create font /system/fonts/NotoSansGurmukhiUI-Regular.ttf
E/Minikin ( 4311): addFont failed to create font /system/fonts/NotoSansGurmukhiUI-Bold.ttf
E/Minikin ( 4965): addFont failed to create font /system/fonts/NotoSansCherokee-Regular.ttf
E/Minikin ( 4965): addFont failed to create font /system/fonts/NotoSansCanadianAboriginal-Regular.ttf
E/Minikin ( 4965): addFont failed to create font /system/fonts/NotoSansYi-Regular.ttf
E/Minikin ( 4965): addFont failed to create font /system/fonts/NotoSansHans-Regular.otf
E/Minikin ( 4965): addFont failed to create font /system/fonts/NotoSansHant-Regular.otf
E/Minikin ( 4965): addFont failed to create font /system/fonts/NotoSansJP-Regular.otf
E/Minikin ( 4965): addFont failed to create font /system/fonts/NotoSansKR-Regular.otf
E/Minikin ( 4311): addFont failed to create font /system/fonts/NotoSansSinhala-Regular.ttf
E/Minikin ( 4311): addFont failed to create font /system/fonts/NotoSansSinhala-Bold.ttf
E/Minikin ( 4311): addFont failed to create font /system/fonts/NotoSansCherokee-Regular.ttf
E/Minikin ( 4311): addFont failed to create font /system/fonts/NotoSansCanadianAboriginal-Regular.ttf
E/Minikin ( 4311): addFont failed to create font /system/fonts/NotoSansYi-Regular.ttf
E/Minikin ( 4311): addFont failed to create font /system/fonts/NotoSansHans-Regular.otf
E/Minikin ( 4311): addFont failed to create font /system/fonts/NotoSansHant-Regular.otf
E/Minikin ( 4311): addFont failed to create font /system/fonts/NotoSansJP-Regular.otf
E/Minikin ( 4311): addFont failed to create font /system/fonts/NotoSansKR-Regular.otf
W/Launcher.Model( 4823): LoaderTask running with no launcher (loadAllApps)
W/Launcher( 4823): setApplicationContext called twice! old=com.android.launcher3.LauncherApplication@26d6ff23 new=com.android.launcher3.LauncherApplication@26d6ff23
E/AppsCustomizePagedView( 4823): Create Res Apk Failed
D/LocaleSetManager( 4823): Locale Changed from: null to es-ES
I/ActivityManager( 4136): Start proc com.cyanogenmod.lockclock for broadcast com.cyanogenmod.lockclock/.ClockWidgetProvider: pid=5007 uid=10042 gids={50042, 9997, 3003} abi=armeabi-v7a
E/lowmemorykiller( 3667): Error writing /proc/4933/oom_score_adj; errno=22
E/lowmemorykiller( 3667): Error writing /proc/4883/oom_score_adj; errno=22
D/WifiService( 4136): Client connection lost with reason: 4
I/ActivityManager( 4136): Process com.android.settings (pid 4883) has died
I/ActivityManager( 4136): Process org.cyanogenmod.themes.provider (pid 4933) has died
I/ActivityManager( 4136): Process com.cyanogenmod.eleven (pid 4965) has died
I/ActivityManager( 4136): Displayed com.cyanogenmod.trebuchet/com.android.launcher3.Launcher: +1s449ms
I/Timeline( 4136): Timeline: Activity_windows_visible id: ActivityRecord{1c8c375a u0 com.cyanogenmod.trebuchet/com.android.launcher3.Launcher t11} time:17557
I/Timeline( 4823): Timeline: Activity_idle id: android.os.BinderProxy@31c410c2 time:17564
I/Timeline( 4823): Timeline: Activity_idle id: android.os.BinderProxy@31c410c2 time:17565
V/KeyguardServiceDelegate( 4136): *** Keyguard started
W/KeyguardServiceDelegate( 4136): onScreenTurnedOn(): no keyguard service!
D/Launcher( 4823): 11683562 - bindAddScreens()
D/Launcher( 4823): 11683562 -   orderedScreenIds: 1, 2
D/Launcher.Workspace( 4823): 11683562 - insertNewWorkspaceScreen(): 1 at index: 0
I/Sensors ( 4136): Acc old sensor_state 0, new sensor_state : 1 en : 1
D/WeatherUpdateService( 5007): Service started, but shouldn't update ... stopping
D/Launcher.Workspace( 4823): 11683562 - insertNewWorkspaceScreen(): 2 at index: 1
I/ActivityManager( 4136): Start proc com.cyanogenmod.eleven for broadcast com.cyanogenmod.eleven/.MediaButtonIntentReceiver: pid=5035 uid=10032 gids={50032, 9997, 1028, 1015, 3003} abi=armeabi-v7a
V/RenderScript( 4823): Application requested CPU execution
I/ActivityManager( 4136): Process com.cyanogenmod.lockclock (pid 5007) has died
W/ActivityManager( 4136): Scheduling restart of crashed service com.cyanogenmod.lockclock/.ClockWidgetService in 1000ms
V/RenderScript( 4823): 0x9f556800 Launching thread(s), CPUs 8
I/SurfaceFlinger( 3688): Boot is finished (12580 ms)
V/KeyguardServiceDelegate( 4136): *** Keyguard connected (yay!)
D/BootAnimation( 3856): Use save memory method, maybe small fps in actual.
W/Settings( 4311): Setting airplane_mode_on has moved from android.provider.Settings.System to android.provider.Settings.Global, returning read-only value.
D/PhoneStatusBar( 4311): disable: < expand icons alerts system_info back HOME* RECENT* clock SEARCH* >
D/VoldCmdListener( 3670): cryptfs getpw
D/VoldCmdListener( 3670): cryptfs clearpw
I/ActivityManager( 4136): Start proc com.cyanogenmod.eleven:main for service com.cyanogenmod.eleven/.MusicPlaybackService: pid=5065 uid=10032 gids={50032, 9997, 1028, 1015, 3003} abi=armeabi-v7a
I/art     ( 3702): Explicit concurrent mark sweep GC freed 706(30KB) AllocSpace objects, 0(0B) LOS objects, 39% free, 15MB/25MB, paused 230us total 12.641ms
I/art     ( 3702): Explicit concurrent mark sweep GC freed 5(160B) AllocSpace objects, 0(0B) LOS objects, 39% free, 15MB/25MB, paused 205us total 10.280ms
D/PhoneStatusBar( 4311): disable: < expand ICONS* alerts SYSTEM_INFO* back HOME RECENT clock SEARCH >
I/art     ( 3702): Explicit concurrent mark sweep GC freed 5(160B) AllocSpace objects, 0(0B) LOS objects, 39% free, 15MB/25MB, paused 196us total 10.367ms
D/BluetoothAdapter( 4311): 410752168: getState() :  mService = null. Returning STATE_OFF
D/BluetoothAdapter( 4311): 410752168: getState() :  mService = null. Returning STATE_OFF
D/BluetoothAdapter( 4311): 410752168: getState() :  mService = null. Returning STATE_OFF
D/BluetoothAdapter( 4311): 410752168: getState() :  mService = null. Returning STATE_OFF
I/art     ( 4823): Background sticky concurrent mark sweep GC freed 33756(3MB) AllocSpace objects, 15(756KB) LOS objects, 15% free, 21MB/25MB, paused 4.380ms total 126.275ms
D/BluetoothAdapter( 4311): 410752168: getState() :  mService = null. Returning STATE_OFF
D/BluetoothAdapter( 4311): 410752168: getState() :  mService = null. Returning STATE_OFF
W/Settings( 4311): Setting airplane_mode_on has moved from android.provider.Settings.System to android.provider.Settings.Global, returning read-only value.
W/Settings( 4311): Setting airplane_mode_on has moved from android.provider.Settings.System to android.provider.Settings.Global, returning read-only value.
D/PhoneStatusBar( 4311): disable: < expand ICONS alerts SYSTEM_INFO back HOME RECENT clock SEARCH >
V/RenderScript_jni( 5065): RS native mode
E/RenderScript( 5065): Failed loading RS driver: dlopen failed: cannot locate symbol "_ZN7android12renderscript15RsdCpuReference6createEPNS0_7ContextEjjPFPKNS1_9CpuSymbolES3_PKcEPFPNS1_9CpuScriptES3_PKNS0_6ScriptEEPFPN4llvm6ModuleEPN3bcc8RSScriptESK_SK_EPFS8_S8_jE" referenced by "libRSDriverArm.so"...
E/RenderScript( 5065): Failed to load runtime libRSDriverArm.so, loading default
V/RenderScript( 5065): 0xaf202c00 Launching thread(s), CPUs 8
E/Vold    ( 3670): Failed to find mounted volume for /storage/extSdCard/Android/data/com.cyanogenmod.eleven/cache/
W/Vold    ( 3670): Returning OperationFailed - no handler for errno 0
W/ContextImpl( 5065): Failed to ensure directory: /storage/extSdCard/Android/data/com.cyanogenmod.eleven/cache
V/KeyguardServiceDelegate( 4136): **** SHOWN CALLED ****
E/Vold    ( 3670): Failed to find mounted volume for /storage/extSdCard/Android/data/com.cyanogenmod.eleven/cache/
W/Vold    ( 3670): Returning OperationFailed - no handler for errno 0
W/ContextImpl( 5065): Failed to ensure directory: /storage/extSdCard/Android/data/com.cyanogenmod.eleven/cache
I/Launcher.Model( 4823): not binding apps: no Launcher activity
D/Launcher.Model( 4823): 11683562 - loadWorkspace()
I/ActivityManager( 4136): Start proc android.process.media for content provider com.android.providers.media/.MediaProvider: pid=5099 uid=10009 gids={50009, 9997, 1028, 1015, 1023, 1024, 2001, 3003, 3007} abi=armeabi-v7a
D/Launcher.Model( 4823): 11683562 -   loadedOldDb: false
D/Launcher.Model( 4823): 11683562 - loadWorkspaceScreensDb()
D/Launcher.Model( 4823): 11683562 -   screens: { 0: 1 }, { 1: 2 }
D/Launcher.Model( 4823): 11683562 -   sBgWorkspaceScreens: 1, 2
D/Launcher( 4823): 11683562 - bindAddScreens()
D/Launcher( 4823): 11683562 -   orderedScreenIds: 1, 2
D/Launcher.Workspace( 4823): 11683562 - insertNewWorkspaceScreen(): 1 at index: 0
D/Launcher.Workspace( 4823): 11683562 - insertNewWorkspaceScreen(): 2 at index: 1
E/SQLiteLog( 5099): (283) recovered 50 frames from WAL file /data/user/0/com.android.providers.media/databases/external.db-wal
D/android.widget.GridLayout( 4823): vertical constraints: y3-y0>=396, y3-y0<=372, y3-y2<=156, y2-y1<=3 are inconsistent; permanently removing: y3-y0<=372. 
D/Launcher.Workspace( 4823): 11683562 - stripEmptyScreens()
E/ExtMediaPlayer-JNI( 5065): QCMediaPlayer could not be located....
E/MediaPlayer-JNI( 5065): QCMediaPlayer mediaplayer NOT present
W/WakefulBroadcastReceiver( 5065): No active wake lock id #1
I/auditd  ( 5132): Starting up
I/audit_log( 5132): Previous audit logfile detected, rotating
E/audit_rules( 5132): Could not read audit rules /data/misc/audit/audit.rules: No such file or directory
I/art     ( 4136): Explicit concurrent mark sweep GC freed 13147(1544KB) AllocSpace objects, 20(1450KB) LOS objects, 33% free, 22MB/33MB, paused 1.612ms total 40.267ms
I/SystemServiceManager( 4136): Starting phase 1000
E/SEC PowerHAL( 4136): Error opening /sys/devices/system/cpu/cpufreq/interactive/boostpulse: No such file or directory
I/ActivityManager( 4136): Start proc com.android.settings for broadcast com.android.settings/.cyanogenmod.BootReceiver: pid=5134 uid=1000 gids={41000, 9997, 3003, 1028, 1015, 3002, 3001} abi=armeabi-v7a
V/ActivityManager( 4136): Display changed displayId=0
W/SurfaceFlinger( 3688): Ignoring duplicate VSYNC event from HWC (t=19330214626)
I/BootReceiver( 5134): IOSched restore disabled by user preference.
D/InputMethodAndLanguageSettings( 5134): High touch sensitivity settings restored.
D/InputMethodAndLanguageSettings( 5134): Touch hovering settings restored.
D/BluetoothManagerService( 4136): Auto-enabling Bluetooth.
D/BluetoothManagerService( 4136): Message: 1
D/BluetoothManagerService( 4136): MESSAGE_ENABLE: mBluetooth = null
I/RecoverySystem( 4136): No recovery log file
I/BootReceiver( 4136): Copying /proc/last_kmsg to DropBox (SYSTEM_LAST_KMSG)
E/SharedPreferencesImpl( 4136): Couldn't create directory for SharedPreferences file shared_prefs/log_files.xml
I/BootReceiver( 4136): Copying audit failures to DropBox
E/SharedPreferencesImpl( 4136): Couldn't create directory for SharedPreferences file shared_prefs/log_files.xml
I/BootReceiver( 4136): Copied 0 worth of audits to DropBox
I/BootReceiver( 4136): Checking for fsck errors
I/BootReceiver( 4136): Copying /data/tombstones/tombstone_00 to DropBox (SYSTEM_TOMBSTONE)
E/SharedPreferencesImpl( 4136): Couldn't create directory for SharedPreferences file shared_prefs/log_files.xml
I/ActivityManager( 4136): Start proc com.android.bluetooth for service com.android.bluetooth/.btservice.AdapterService: pid=5162 uid=1002 gids={41002, 9997, 3003, 3002, 3001, 1028, 1015, 3005, 1016, 3008} abi=armeabi-v7a
I/BootReceiver( 4136): Copying /data/tombstones/tombstone_01 to DropBox (SYSTEM_TOMBSTONE)
E/SharedPreferencesImpl( 4136): Couldn't create directory for SharedPreferences file shared_prefs/log_files.xml
I/BootReceiver( 4136): Copying /data/tombstones/tombstone_02 to DropBox (SYSTEM_TOMBSTONE)
E/SharedPreferencesImpl( 4136): Couldn't create directory for SharedPreferences file shared_prefs/log_files.xml
I/ActivityManager( 4136): Start proc com.android.keychain for service com.android.keychain/.KeyChainService: pid=5184 uid=1000 gids={41000, 9997, 3003, 1028, 1015, 3002, 3001} abi=armeabi-v7a
W/ResourcesManager( 5162): Asset path '/system/framework/javax.btobex.jar' does not exist or contains no resources.
I/ActivityManager( 4136): Start proc com.android.deskclock for broadcast com.android.deskclock/.AlarmInitReceiver: pid=5206 uid=10030 gids={50030, 9997, 1028, 3003} abi=armeabi-v7a
D/AdapterServiceConfig( 5162): Adding HeadsetService
D/AdapterServiceConfig( 5162): Adding A2dpService
D/AdapterServiceConfig( 5162): Adding HidService
D/AdapterServiceConfig( 5162): Adding HealthService
D/AdapterServiceConfig( 5162): Adding PanService
D/AdapterServiceConfig( 5162): Adding GattService
D/AdapterServiceConfig( 5162): Adding BluetoothMapService
D/AdapterServiceConfig( 5162): Adding HidDevService
D/BluetoothManagerService( 4136): Message: 20
D/BluetoothManagerService( 4136): Added callback: android.bluetooth.IBluetoothManagerCallback$Stub$Proxy@341de502:true
D/BluetoothAdapterState( 5162): make
V/AlarmClock( 5206): AlarmInitReceiver android.intent.action.BOOT_COMPLETED
I/bluedroid( 5162): init
I/BluetoothAdapterState( 5162): Entering OffState
I/bte_conf( 5162): bte_load_conf attempt to load stack conf from /etc/bluetooth/bt_stack.conf
I/bte_conf( 5162): bte_load_ble_conf attempt to load ble stack conf from /etc/bluetooth/ble_stack.conf
E/bt_osi_config( 5162): config_new unable to open file '/etc/bluetooth/ble_stack.conf': No such file or directory
I/bte_conf( 5162): bte_load_ble_conf file >/etc/bluetooth/ble_stack.conf< not found
I/bluedroid( 5162): get_profile_interface socket
I/bluedroid( 5162): get_profile_interface map_client
I/GKI_LINUX( 5162): gki_task_entry task_id=1 [BTIF] starting
D/BluetoothManagerService( 4136): BluetoothServiceConnection: com.android.bluetooth.btservice.AdapterService
D/BluetoothManagerService( 4136): Message: 40
D/BluetoothManagerService( 4136): MESSAGE_BLUETOOTH_SERVICE_CONNECTED: 1
D/BluetoothAdapterProperties( 5162): Address is:14:B4:84:6F:66:79
D/BluetoothAdapterProperties( 5162): Name is: SM-G900H
D/BluetoothManagerService( 4136): Bluetooth Adapter name changed to SM-G900H
D/BluetoothManagerService( 4136): Stored Bluetooth name: SM-G900H
I/bluedroid( 5162): config_hci_snoop_log
D/BluetoothManagerService( 4136): Calling onBluetoothServiceUp callbacks
D/BluetoothManagerService( 4136): Broadcasting onBluetoothServiceUp() to 4 receivers.
D/BluetoothAdapterState( 5162): CURRENT_STATE=OFF, MESSAGE = USER_TURN_ON
D/BluetoothAdapterProperties( 5162): Setting state to 11
I/BluetoothAdapterState( 5162): Bluetooth adapter state changed: 10-> 11
D/BluetoothManagerService( 4136): Message: 60
V/AlarmClock( 5206): AlarmInitReceiver - Reset timers and clear stopwatch data
D/BluetoothManagerService( 4136): MESSAGE_BLUETOOTH_STATE_CHANGE: prevState = 10, newState=11
D/BluetoothBondStateMachine( 5162): make
D/BluetoothManagerService( 4136): Bluetooth State Change Intent: 10 -> 11
D/Telecom ( 4779): BluetoothPhoneService: Bluetooth Adapter state: 11
D/BluetoothAdapterService( 5162): checkA2dpState: isA2dpSinkEnabled = false
E/BluetoothAdapterService( 5162): checkA2dpState: returning
D/BluetoothAdapterService( 5162): checkHidState: isHidDev = false
E/BluetoothAdapterService( 5162): checkHidState: returning
D/BluetoothAdapterService( 5162): checkHfpState: isHfpClientEnabled = false
E/BluetoothAdapterService( 5162): checkHfpState: returning
I/BluetoothBondStateMachine( 5162): StableState(): Entering Off State
D/BluetoothHeadset( 4779): Proxy object connected
D/BluetoothHeadset( 4136): Proxy object connected
D/HeadsetService( 5162): Received start request. Starting profile...
I/BluetoothHeadsetServiceJni( 5162): classInitNative: succeeds
D/BluetoothHeadset( 4779): Proxy object connected
D/HeadsetStateMachine( 5162): Version 1.5
I/BluetoothAdapterService( 5162): skipping com.android.bluetooth.hid.HidDevService (disabled)
I/BluetoothAdapterState( 5162): Entering PendingCommandState State: isTurningOn()=true, isTurningOff()=false
D/HeadsetStateMachine( 5162): make
V/AlarmClock( 5206): AlarmInitReceiver finished
I/ActivityManager( 4136): Start proc eu.chainfire.supersu for broadcast eu.chainfire.supersu/.BootCompleteReceiver: pid=5243 uid=10058 gids={50058, 9997} abi=armeabi-v7a
D/HeadsetStateMachine( 5162): max_hf_connections = 1
I/bluedroid( 5162): get_profile_interface handsfree
D/Telecom ( 4779): BluetoothPhoneService: Binding service
D/BluetoothAdapterService( 5162): getAdapterService() - returning com.android.bluetooth.btservice.AdapterService@3597c20
D/HeadsetStateMachine( 5162): Enter Disconnected: -2, size: 0
D/BluetoothA2dp( 4136): Proxy object connected
D/A2dpService( 5162): Received start request. Starting profile...
I/bluedroid( 5162): get_profile_interface avrcp
D/WifiService( 4136): New client listening to asynchronous messages
V/AudioService( 4136): updateRemoteControllerOnExistingMediaPlayers: size of Player list: 0
E/AudioService( 4136): No RCC entry present to update
E/RemoteController( 5162): Cannot set synchronization mode on an unregistered RemoteController
I/BluetoothA2dpServiceJni( 5162): classInitNative: succeeds
D/A2dpStateMachine( 5162): make
I/bluedroid( 5162): get_profile_interface a2dp
I/GKI_LINUX( 5162): gki_task_entry task_id=2 [A2DP-MEDIA] starting
D/bt-btif ( 5162): btif_av_state_idle_handler event:BTIF_SM_ENTER_EVT flags 0
D/A2dpService( 5162): setA2dpService(): set to: null
D/BluetoothAdapterService( 5162): getAdapterService() - returning com.android.bluetooth.btservice.AdapterService@3597c20
D/A2dpStateMachine( 5162): Enter Disconnected: -2
I/BluetoothHidServiceJni( 5162): classInitNative: succeeds
D/HidService( 5162): Received start request. Starting profile...
I/bluedroid( 5162): get_profile_interface hidhost
D/BluetoothAdapterService( 5162): getAdapterService() - returning com.android.bluetooth.btservice.AdapterService@3597c20
I/BluetoothHealthServiceJni( 5162): classInitNative: succeeds
D/HealthService( 5162): Received start request. Starting profile...
I/bluedroid( 5162): get_profile_interface health
D/BluetoothAdapterService( 5162): getAdapterService() - returning com.android.bluetooth.btservice.AdapterService@3597c20
I/BluetoothPanServiceJni( 5162): classInitNative(L105): succeeds
D/PanService( 5162): Received start request. Starting profile...
D/BluetoothPanServiceJni( 5162): initializeNative(L110): pan
I/bluedroid( 5162): get_profile_interface pan
D/BluetoothAdapterService( 5162): getAdapterService() - returning com.android.bluetooth.btservice.AdapterService@3597c20
D/BtGatt.GattService( 5162): classInitNative called
I/BtGatt.JNI( 5162): classInitNative(L863): classInitNative: Success!
D/BtGatt.DebugUtils( 5162): handleDebugAction() action=null
D/BtGatt.GattService( 5162): Received start request. Starting profile...
D/BtGatt.GattService( 5162): start()
I/bluedroid( 5162): get_profile_interface gatt
D/BtGatt.AdvertiseManager( 5162): advertise manager created
D/BluetoothAdapterService( 5162): getAdapterService() - returning com.android.bluetooth.btservice.AdapterService@3597c20
D/BluetoothMapService( 5162): inside BluetoothMapObexConnection
D/BluetoothMapService( 5162): supportedMessageTypes 14
D/BluetoothMapService( 5162): masId 0
D/BluetoothMapService( 5162): inside BluetoothMapObexConnection
D/BluetoothMapService( 5162): supportedMessageTypes 1
D/BluetoothMapService( 5162): masId 1
D/BluetoothMapService( 5162): Inside initBinder
D/BluetoothMapService( 5162): Received start request. Starting profile...
D/BluetoothMapService( 5162): start()
D/BluetoothMapService( 5162): Registering observer
D/BluetoothAdapterService( 5162): getAdapterService() - returning com.android.bluetooth.btservice.AdapterService@3597c20
I/Telecom ( 4779): BluetoothPhoneService: queryPhoneState
D/Telecom ( 4779): BluetoothPhoneService: handleMessage(7) w/ param 0
I/Telecom ( 4779): BluetoothPhoneService: updateHeadsetWithCallState numActive 0, numHeld 0, callState 6, ringing number [da39a3ee5e6b4b0d3255bfef95601890afd80709], ringing type 128
W/BluetoothHeadset( 4779): Proxy not attached to service
D/BluetoothHeadset( 4779): java.lang.Throwable
D/BluetoothHeadset( 4779): 	at android.bluetooth.BluetoothHeadset.phoneStateChanged(BluetoothHeadset.java:826)
D/BluetoothHeadset( 4779): 	at com.android.server.telecom.BluetoothPhoneService.updateHeadsetWithCallState(BluetoothPhoneService.java:789)
D/BluetoothHeadset( 4779): 	at com.android.server.telecom.BluetoothPhoneService.access$800(BluetoothPhoneService.java:51)
D/BluetoothHeadset( 4779): 	at com.android.server.telecom.BluetoothPhoneService$2.handleMessage(BluetoothPhoneService.java:311)
D/BluetoothHeadset( 4779): 	at android.os.Handler.dispatchMessage(Handler.java:102)
D/BluetoothHeadset( 4779): 	at android.os.Looper.loop(Looper.java:135)
D/BluetoothHeadset( 4779): 	at android.app.ActivityThread.main(ActivityThread.java:5254)
D/BluetoothHeadset( 4779): 	at java.lang.reflect.Method.invoke(Native Method)
D/BluetoothHeadset( 4779): 	at java.lang.reflect.Method.invoke(Method.java:372)
D/BluetoothHeadset( 4779): 	at com.android.internal.os.ZygoteInit$MethodAndArgsCaller.run(ZygoteInit.java:898)
D/BluetoothHeadset( 4779): 	at com.android.internal.os.ZygoteInit.main(ZygoteInit.java:693)
D/HeadsetStateMachine( 5162): Disconnected process message: 10, size: 0
D/HeadsetPhoneState( 5162): sendDeviceStateChanged. mService=0 mSignal=0 mRoam=0 mBatteryCharge=4
D/HeadsetStateMachine( 5162): Disconnected process message: 11, size: 0
V/BluetoothMapService( 5162): Handler(): got msg=1
D/BluetoothAdapterState( 5162): CURRENT_STATE=PENDING, MESSAGE = STARTED, isTurningOn=true, isTurningOff=false
I/bluedroid( 5162): enable
E/BTEventHandler( 5162): A4WP is not supported
I/bt_hci_bdroid( 5162): init
I/GKI_LINUX( 5162): gki_task_entry task_id=0 [BTU] starting
I/bt-btu  ( 5162): btu_task pending for preload complete event
I/bt_vendor( 5162): init
I/bt_vnd_conf( 5162): Attempt to load conf from /etc/bluetooth/bt_vendor.conf
I/bt_vnd_conf( 5162): vnd_load_conf file >/etc/bluetooth/bt_vendor.conf< not found
D/bt_userial( 5162): userial_init
D/bt_vendor( 5162): op for 5
D/bt_vendor( 5162): op for 0
D/bt_upio ( 5162): upio_set_bluetooth_power(on: 1)
D/bt_upio ( 5162): is_emulator_context : 0
D/bt_upio ( 5162): is_rfkill_disabled ? [0]
D/bt_upio ( 5162): is_rfkill_disabled ? [0]
D/SuperSU][APK( 5243): [SuperSU][APK][Installer] detect(245)
I/ActivityManager( 4136): Start proc com.android.dialer for broadcast com.android.dialer/.calllog.CallLogReceiver: pid=5283 uid=10008 gids={50008, 9997, 3003, 1028, 1015} abi=armeabi-v7a
D/bt_vendor( 5162): op for 3
I/bt_userial_vendor( 5162): userial vendor open: opening /dev/ttySAC0
I/bt_userial_vendor( 5162): userial_vendor_open():UART is setup
I/bt_userial_vendor( 5162): device fd = 56 open
D/bt_vendor( 5162): op for 1
E/bt_hwcfg( 5162): Start CFG HW, HCI reset
D/bt_userial( 5162): Entering userial_read_thread()
E/bt_hwcfg( 5162): Read Local Name after HCI reset
D/bt_hwcfg( 5162): Chipset BCM4350C0
D/bt_hwcfg( 5162): Target name = [BCM4350C0]
E/bt_hwcfg( 5162): patchram path ORG . BCM4350C0
E/bt_hwcfg( 5162): patchram path ORG .. BCM4350C0
E/bt_hwcfg( 5162): patchram path ORG bcm4350_V0301.0562.hcd BCM4350C0
E/bt_hwcfg( 5162): patchram path ORG bcm4350_V0301.0563_wisol.hcd BCM4350C0
E/bt_hwcfg( 5162): patchram path ORG companion_2p2_master_setfile.bin BCM4350C0
E/bt_hwcfg( 5162): patchram path ORG companion_2p2_mode_setfile.bin BCM4350C0
E/bt_hwcfg( 5162): patchram path ORG companion_default_coef.bin BCM4350C0
E/bt_hwcfg( 5162): patchram path ORG companion_default_lsc.bin BCM4350C0
E/bt_hwcfg( 5162): patchram path ORG companion_fw_2p2_evt1.bin BCM4350C0
E/bt_hwcfg( 5162): patchram path ORG companion_fw_evt0.bin BCM4350C0
E/bt_hwcfg( 5162): patchram path ORG fimc_is_fw2.bin BCM4350C0
E/bt_hwcfg( 5162): patchram path ORG fimc_is_fw2_2p2.bin BCM4350C0
E/bt_hwcfg( 5162): patchram path ORG libpn547_fw.so BCM4350C0
E/bt_hwcfg( 5162): patchram path ORG mfc_fw.bin BCM4350C0
E/bt_hwcfg( 5162): patchram path ORG setfile_2p2.bin BCM4350C0
E/bt_hwcfg( 5162): patchram path ORG setfile_6b2.bin BCM4350C0
E/bt_hwcfg( 5162): patchram path ORG setfile_8b1.bin BCM4350C0
E/bt_hwcfg( 5162): fw ver (org)0.0
E/bt_hwcfg( 5162): vendor lib preload failed to locate firmware patch file
E/bt_hwcfg( 5162): Remove module rev, try again BCM4350
D/bt_hwcfg( 5162): Target name = [BCM4350]
E/bt_hwcfg( 5162): patchram path ORG . BCM4350
E/bt_hwcfg( 5162): patchram path ORG .. BCM4350
E/bt_hwcfg( 5162): patchram path ORG bcm4350_V0301.0562.hcd BCM4350
E/bt_hwcfg( 5162): patchram path ORG bcm4350_V0301.0563_wisol.hcd BCM4350
I/bt_hwcfg( 5162): patch(org) : bcm4350_V0301.0563_wisol.hcd
I/bt_hwcfg( 5162): Found patchfile: /vendor/firmware/bcm4350_V0301.0563_wisol.hcd
E/bt_hwcfg( 5162): ORG patchram base 0301
E/bt_hwcfg( 5162): ORG patchram minor 0563
E/bt_hwcfg( 5162): fw ver (org)301.563
E/bt_hwcfg( 5162): Final Patchram is /vendor/firmware/bcm4350_V0301.0563_wisol.hcd
I/bt_hwcfg( 5162): Axi patch failure or not include AXI patching
I/bt_hwcfg( 5162): bt vendor lib: set UART baud 3000000
W/SurfaceFlinger( 3688): Ignoring duplicate VSYNC event from HWC (t=20005249418)
D/SuperSU][APK( 5243): [SuperSU][APK][Installer] su --> 245
W/SurfaceFlinger( 3688): Ignoring duplicate VSYNC event from HWC (t=20140260918)
D/ConnectivityService( 4136): Got NetworkFactory Messenger for Telephony
D/TelephonyProvider( 4801): dbh.onOpen: ok, queried table=siminfo
D/TelephonyProvider( 4801): dbh.onOpen: ok, queried table=carriers
D/SuperSU][APK( 5243): [SuperSU][APK][Installer] su backup --> 245
I/ActivityManager( 4136): Start proc com.android.smspush for service com.android.smspush/.WapPushManager: pid=5336 uid=10055 gids={50055, 9997} abi=armeabi-v7a
D/GpsLocationProvider( 4136): received SIM realted action: android.intent.action.SIM_STATE_CHANGED
D/PhoneStatusBarPolicy( 4311): updateSimState for subId :-1
D/PhoneStatusBarPolicy( 4311): updateSimState for phoneId :0
D/PhoneStatusBarPolicy( 4311): updateSimState for Slot :-1
D/GpsLocationProvider( 4136): SIM MCC/MNC is still not available
D/DcSwitchState( 4801): [DcSwitchState-0] DcSwitchState constructor E
D/DcSwitchState( 4801): [DcSwitchState-0] DcSwitchState constructor X
D/SuperSU][APK( 5243): [SuperSU][APK][Installer] su daemon --> 245
D/BluetoothManagerService( 4136): Message: 20
D/BluetoothManagerService( 4136): Added callback: android.bluetooth.IBluetoothManagerCallback$Stub$Proxy@32e2826c:true
D/BluetoothManagerService( 4136): Message: 30
I/Telephony( 4801): TtyManager: updateUiTtyMode -1 -> 0
D/ConnectivityService( 4136): Got NetworkFactory Messenger for WIFI
D/WIFI    ( 4136): got request NetworkRequest [ id=1, legacyType=-1, [ Capabilities: INTERNET&NOT_RESTRICTED&TRUSTED&NOT_VPN] ] with score 0
I/HeadsetService( 4757): Starting service.
I/ActivityManager( 4136): Start proc com.cyanogenmod.account for broadcast com.cyanogenmod.account/.receiver.BootReceiver: pid=5383 uid=10002 gids={50002, 9997, 3003} abi=armeabi-v7a
W/EffectsFactory( 3691): loadLibrary() failed to open /vendor/lib/liblvverx_3.20.03.so
W/EffectsFactory( 3691): loadLibrary() failed to open /vendor/lib/liblvvetx_3.20.03.so
I/bt_hwcfg( 5162): bt vendor lib: set UART baud 115200
I/bt_hwcfg( 5162): FW Download delta = 605874
D/bt_hwcfg( 5162): Settlement delay -- 100 ms
I/bt_hwcfg( 5162): Setting fw settlement delay to 100 
D/KeyguardUpdateMonitor( 4311): ACTION_SERVICE_STATE_CHANGED on sub: -1 mServiceState: 3 3 home null null null  Unknown Unknown CSS not supported -1 -1 RoamInd=-1 DefRoamInd=-1 EmergOnly=false
W/linker  ( 3691): lib_SoundAlive_play_ver125e.so has text relocations. This is wasting memory and prevents security hardening. Please fix.
W/EffectsFactory( 3691): loadEffect() could not get library pre_processing
W/EffectsFactory( 3691): loadEffect() could not get library pre_processing
W/EffectsFactory( 3691): loadEffect() could not get library pre_processing
W/EffectsFactory( 3691): loadEffect() could not get library output_processing
W/EffectsFactory( 3691): loadEffect() could not get library output_processing
E/AudioFlinger( 3691): createEffect() unknown output thread
E/AudioEffect( 4757): set(): AudioFlinger could not create effect, status: -22
E/AudioEffects-JNI( 4757): AudioEffect initCheck failed -4
E/AudioEffect-JAVA( 4757): Error code -4 when initializing AudioEffect.
E/HeadsetService( 4757): Effect type: 0bed4300-ddd6-11db-8f34-0002a5d5c51b not supported.
E/HeadsetService( 4757): java.lang.IllegalArgumentException: Effect type: 0bed4300-ddd6-11db-8f34-0002a5d5c51b not supported.
E/HeadsetService( 4757): 	at android.media.audiofx.AudioEffect.<init>(AudioEffect.java:404)
E/HeadsetService( 4757): 	at android.media.audiofx.Equalizer.<init>(Equalizer.java:139)
E/HeadsetService( 4757): 	at org.cyanogenmod.audiofx.HeadsetService$EffectSet.<init>(HeadsetService.java:87)
E/HeadsetService( 4757): 	at org.cyanogenmod.audiofx.HeadsetService.saveDefaults(HeadsetService.java:414)
E/HeadsetService( 4757): 	at org.cyanogenmod.audiofx.HeadsetService.onCreate(HeadsetService.java:331)
E/HeadsetService( 4757): 	at android.app.ActivityThread.handleCreateService(ActivityThread.java:2760)
E/HeadsetService( 4757): 	at android.app.ActivityThread.access$1900(ActivityThread.java:147)
E/HeadsetService( 4757): 	at android.app.ActivityThread$H.handleMessage(ActivityThread.java:1379)
E/HeadsetService( 4757): 	at android.os.Handler.dispatchMessage(Handler.java:102)
E/HeadsetService( 4757): 	at android.os.Looper.loop(Looper.java:135)
E/HeadsetService( 4757): 	at android.app.ActivityThread.main(ActivityThread.java:5254)
E/HeadsetService( 4757): 	at java.lang.reflect.Method.invoke(Native Method)
E/HeadsetService( 4757): 	at java.lang.reflect.Method.invoke(Method.java:372)
E/HeadsetService( 4757): 	at com.android.internal.os.ZygoteInit$MethodAndArgsCaller.run(ZygoteInit.java:898)
E/HeadsetService( 4757): 	at com.android.internal.os.ZygoteInit.main(ZygoteInit.java:693)
I/HeadsetService( 4757): Stopping service.
D/TelephonyNetworkFactory-1( 4801): got request NetworkRequest [ id=1, legacyType=-1, [ Capabilities: INTERNET&NOT_RESTRICTED&TRUSTED&NOT_VPN] ] with score 0
D/TelephonyDebugService( 4801): TelephonyDebugService()
D/WifiService( 4136): New client listening to asynchronous messages
D/BluetoothHeadset( 4801): Proxy object connected
