D/NxpNfcJni( 4808): Check system arch: size of integer pointer = 0x4
D/NxpNfcJni( 4808): PowerSwitch::initialize: level=PS-FULL (1)
D/        ( 4808): const CNfcParam* CNfcConfig::find(const char*) const found SCREEN_OFF_POWER_STATE=(0x1)
D/NxpNfcJni( 4808): PowerSwitch::initialize: desired screen-off state=1
D/NfcAdaptation( 4808): NfcAdaptation::Initialize: enter
E/NfcAdaptation( 4808): NfcAdaptation::Initialize: ver=NFCA-500-10_00.01 nfa=NFA_PI_1.03.66+
D/        ( 4808): const CNfcParam* CNfcConfig::find(const char*) const found NFA_STORAGE=/data/nfc
D/        ( 4808): const CNfcParam* CNfcConfig::find(const char*) const found PROTOCOL_TRACE_LEVEL=(0xFFFFFFFF)
D/        ( 4808): const CNfcParam* CNfcConfig::find(const char*) const found NFA_MAX_EE_SUPPORTED=(0x2)
D/NfcAdaptation( 4808): NfcAdaptation::Initialize: Overriding NFA_EE_MAX_EE_SUPPORTED to use 2
D/        ( 4808): const CNfcParam* CNfcConfig::find(const char*) const found APPL_TRACE_LEVEL=(0xFF)
I/NfcNfa  ( 4808): NFC_TASK started.
E/NfcAdaptation( 4808): No HAL module specified in config, falling back to BCM2079x
D/NxpNfcNciHal( 4808): nfc_open: enter; name=nci
D/NxpNfcNciHal( 4808): nfc_open: exit 0
I/NfcNfa  ( 4808): nfa_dm_init ()
I/NfcNfa  ( 4808): nfa_sys_register () id=1, enable_cplt_mask=0x0
I/NfcNfa  ( 4808): nfa_sys_register () id=3, enable_cplt_mask=0x8
I/NfcNfa  ( 4808): nfa_rw_init ()
I/NfcNfa  ( 4808): nfa_sys_register () id=6, enable_cplt_mask=0x48
I/NfcNfa  ( 4808): nfa_ce_init ()
I/NfcNfa  ( 4808): nfa_sys_register () id=7, enable_cplt_mask=0xc8
I/NfcNfa  ( 4808): nfa_ee_init ()
I/NfcNfa  ( 4808): nfa_sys_register () id=2, enable_cplt_mask=0xcc
I/NfcNfa  ( 4808): nfa_hci_init ()
I/NfcNfa  ( 4808): nfa_sys_register () id=8, enable_cplt_mask=0x1cc
I/NfcNfa  ( 4808): LLCP - llcp_init ()
I/NfcNfa  ( 4808): num_rx_buff = 21, rx_congest_start = 14, rx_congest_end = 10, max_num_ll_rx_buff = 6
I/NfcNfa  ( 4808): max_num_tx_buff = 49, max_num_ll_tx_buff = 14
I/NfcNfa  ( 4808): LLCP_RegisterServer (): SAP:0x1, link_type:0x2, ServiceName:<urn:nfc:sn:sdp>
I/NfcNfa  ( 4808): LLCP_RegisterServer (): Registered SAP = 0x01
I/NfcNfa  ( 4808): NFA_Enable ()
I/NfcNfa  ( 4808): NFA got event 0x0100
I/NfcNfa  ( 4808): NFA got event 0x0100
D/        ( 4808): sales_code : TPA
D/        ( 4808): bool CNfcConfig::readConfig(const char*, bool) Opened base config /etc/libnfc-nxp.conf
D/        ( 4808): sales_code : TPA
D/        ( 4808): bool CNfcConfig::readConfig(const char*, bool) Opened base config /etc/libnfc-nxp.conf
D/        ( 4808): phNxpLog_InitializeLogLevel: global =1, Fwdnld =3, extns =3,                 hal =3, tml =3, ncir =3,                 ncix =3
E/TranscodeReceiver( 5797): onReceive : android.intent.action.ACTION_POWER_DISCONNECTED
D/videowall-Global( 5797): core_num = 8
W/linker  ( 5797): libsthmb.so has text relocations. This is wasting memory and prevents security hardening. Please fix.
W/linker  ( 5797): libvwengine.so has text relocations. This is wasting memory and prevents security hardening. Please fix.
D/videowall-Global( 5797): density : 3.0 width : 1080 height : 1920 Raw width : 1080 Raw height : 1920
D/videowall-Global( 5797): dsp : 1080, swkey : false, Cores : 8, Clock : 0
E/Zygote  ( 5817): MountEmulatedStorage()
E/Zygote  ( 5817): v2
I/SELinux ( 5817): Function: selinux_compare_spd_ram, SPD-policy is existed. and_ver=SEPF_SM-G900H_5.0 ver=13
I/SELinux ( 5817): Function: selinux_compare_spd_ram , priority [1] , priority version is VE=SEPF_SM-G900H_5.0_0013
E/SELinux ( 5817): [DEBUG] get_category: variable seinfo: platform sensitivity: NULL, cateogry: NULL
I/GAV3    ( 4967): Thread[GAThread,5,main]: No campaign data found.
D/TimaKeyStoreProvider( 5817): TimaSignature is unavailable
D/ActivityThread( 5817): Added TimaKeyStore provider
I/GAv4-SVC( 5150): Google Analytics 7.5.74 is starting up.
D/ResourcesManager( 5817): creating new AssetManager and set to /system/app/Bridge/Bridge.apk
I/KnoxUsageLogPro( 5817): KnoxUsageReceiver onReceive :android.intent.action.ACTION_POWER_DISCONNECTED myUserId=0
I/KnoxUsageLogPro( 5817): premStatus:2
I/KnoxUsageLogPro( 5817): isEulaShown : false
I/KnoxUsageLogPro( 5817): KnoxUsageReceiver onReceive : not Processible, just return
W/linker  ( 4808): libpn547_fw.so has text relocations. This is wasting memory and prevents security hardening. Please fix.
E/Zygote  ( 5839): MountEmulatedStorage()
E/Zygote  ( 5839): v2
E/NfcNfa  ( 4808): reset notification nfc_state : #### 1
E/NfcNfa  ( 4808): reset notification sending core init
I/SELinux ( 5839): Function: selinux_compare_spd_ram, SPD-policy is existed. and_ver=SEPF_SM-G900H_5.0 ver=13
I/SELinux ( 5839): Function: selinux_compare_spd_ram , priority [1] , priority version is VE=SEPF_SM-G900H_5.0_0013
E/SELinux ( 5839): [DEBUG] get_category: variable seinfo: chrome sensitivity: NULL, cateogry: NULL
D/TimaKeyStoreProvider( 5839): TimaSignature is unavailable
D/ActivityThread( 5839): Added TimaKeyStore provider
D/StatusBar.NetworkController( 4511): refreshSignalCluster - setNWBoosterIndicators(false)
D/StatusBar.NetworkController( 4511): applyOpen
V/BitmapFactory( 4511): DecodeImagePath(decodeResourceStream3) : res/drawable-xxhdpi-v4/stat_sys_signal_inout.png
D/ResourcesManager( 5839): creating new AssetManager and set to /system/app/Chrome/Chrome.apk
D/StatusBar.NetworkController( 4511): refreshSignalCluster - setNWBoosterIndicators(false)
D/StatusBar.NetworkController( 4511): applyOpen
D/StatusBar.NetworkController( 4511): refreshSignalCluster - setNWBoosterIndicators(false)
D/StatusBar.NetworkController( 4511): applyOpen
D/StatusBar.NetworkController( 4511): refreshSignalCluster - setNWBoosterIndicators(false)
D/StatusBar.NetworkController( 4511): applyOpen
D/        ( 4808): sales_code : TPA
D/        ( 4808): bool CNfcConfig::readConfig(const char*, bool) Opened base config /etc/libnfc-nxp.conf
D/        ( 4808): sales_code : TPA
D/        ( 4808): bool CNfcConfig::readConfig(const char*, bool) Opened base config /etc/libnfc-nxp.conf
D/NxpExtns( 4808): const CNfcParam* CNfcConfig::find(const char*) const found NXPLOG_TML_LOGLEVEL=(0x3)
D/NxpExtns( 4808): const CNfcParam* CNfcConfig::find(const char*) const found NXPLOG_FWDNLD_LOGLEVEL=(0x3)
D/NxpExtns( 4808): const CNfcParam* CNfcConfig::find(const char*) const found NXPLOG_NCIX_LOGLEVEL=(0x3)
D/NxpExtns( 4808): const CNfcParam* CNfcConfig::find(const char*) const found NXPLOG_NCIR_LOGLEVEL=(0x3)
D/        ( 4808): phNxpLog_InitializeLogLevel: global =1, Fwdnld =3, extns =3,                 hal =3, tml =3, ncir =3,                 ncix =3
D/NxpExtns( 4808): const CNfcParam* CNfcConfig::find(const char*) const found NXP_DEFAULT_SE=(0x2)
D/NxpNfcJni( 4808): 2: nfcManager_GetDefaultSE
D/NxpExtns( 4808): const CNfcParam* CNfcConfig::find(const char*) const found NXP_NFC_CHIP=(0x1)
D/NxpNfcJni( 4808): initialize:NXP_NFC_CHIP=0x01;
D/NxpNfcJni( 4808): RoutingManager::initialize(): try ee register
D/NxpNfcJni( 4808): RoutingManager::nfaEeCallback: NFA_EE_REGISTER_EVT; status=0
D/NxpNfcJni( 4808): nfaEeCallback: NFA_EE_DISCOVER_REQ_EVT; status=0x0; num ee=0
D/NxpNfcJni( 4808): RoutingManager::stackCallback: event=0x15
D/NxpNfcJni( 4808): RoutingManager::stackCallback: NFA_CE_REGISTERED_EVT; status=0x0; h=0x301
D/NxpExtns( 4808): const CNfcParam* CNfcConfig::find(const char*) const found NXP_DEFAULT_NFCEE_TIMEOUT=(0x6)
E/NxpNfcJni( 4808): nfcManager_doInitialize: set the VEN_CFG to VEN_CFG_NFC_ON_POWER_ON
D/NxpNfcJni( 4808): setCeRouteStrictDisable: mCeRouteScreenLock = 0x1
D/AidRoutingManager( 4808): currentDefault -0
D/AidRoutingManager( 4808): changeRoute - 2
D/NfcService( 4808): MSG_UNROUTE_ENTRY
D/NxpNfcJni( 4808): RoutingManager::clearRoutingEntry: enter, type:0x2
D/NxpNfcJni( 4808): RoutingManager::nfaEeCallback: NFA_EE_SET_PROTO_CFG_EVT; status=0x0
D/NxpNfcJni( 4808): protocol routing SUCCESS
D/NxpNfcJni( 4808): RoutingManager::nfaEeCallback: NFA_EE_SET_PROTO_CFG_EVT; status=0x0
D/NxpNfcJni( 4808): protocol routing SUCCESS
E/NfcNfa  ( 4808): Bad ee_handle
E/NxpNfcJni( 4808): Fail to set default protocol routing
D/NfcService( 4808): MSG_UNROUTE_ENTRY
D/NxpNfcJni( 4808): RoutingManager::clearRoutingEntry: enter, type:0x1
D/NxpNfcJni( 4808): RoutingManager::nfaEeCallback: NFA_EE_SET_TECH_CFG_EVT; status=0x0
D/NxpNfcJni( 4808): tech routing SUCCESS
D/NxpNfcJni( 4808): RoutingManager::nfaEeCallback: NFA_EE_SET_TECH_CFG_EVT; status=0x0
D/NxpNfcJni( 4808): tech routing SUCCESS
E/NfcNfa  ( 4808): Bad ee_handle
E/NxpNfcJni( 4808): Fail to set default tech routing
D/NfcService( 4808): MSG_ROUTE_ENTRY
D/NxpNfcJni( 4808): RoutingManager::setRoutingEntry: enter, type:0x2 value =0x1 route:2 power:0x3f
D/NxpNfcJni( 4808): RoutingManager::setRoutingEntry: enter,max_tech_mask :0
D/NxpNfcJni( 4808): RoutingManager::nfaEeCallback: NFA_EE_SET_PROTO_CFG_EVT; status=0x0
D/NxpNfcJni( 4808): tech routing SUCCESS
D/NfcService( 4808): MSG_ROUTE_ENTRY
D/NxpNfcJni( 4808): RoutingManager::setRoutingEntry: enter, type:0x1 value =0x3 route:2 power:0x3f
D/NxpNfcJni( 4808): RoutingManager::setRoutingEntry: enter,max_tech_mask :0
D/NxpNfcJni( 4808): RoutingManager::nfaEeCallback: NFA_EE_SET_TECH_CFG_EVT; status=0x0
D/NxpNfcJni( 4808): tech routing SUCCESS
D/NfcService( 4808): MSG_UNROUTE_ENTRY
D/NxpNfcJni( 4808): RoutingManager::clearRoutingEntry: enter, type:0x4
D/NxpNfcJni( 4808): RoutingManager::clearAidTable: enter
D/NxpNfcJni( 4808): RoutingManager::nfaEeCallback: NFA_EE_REMOVE_AID_EVT  status=0
D/NxpNfcJni( 4808): RoutingManager::clearAidTable: removed AID
D/NfcService( 4808): MSG_COMMIT_ROUTE
V/MediaPlayer( 4808): decode(31, 86744, 13673)
D/NfcService( 4808): index : 0
D/NfcService( 4808): index : 1
D/NfcService( 4808): index : 2
D/NfcService( 4808): call the commitrouting - nfcservice
D/NxpNfcJni( 4808): RoutingManager::commitRouting
E/NfcNfa  ( 4808): more =0 num_tlv:4 tlv_size =20 p_param_tlvs
V/MediaPlayerService( 3624): decode(26, 86744, 13673)
I/NfcService( 4808): enableInternal(); screenState=2
D/NxpNfcJni( 4808): RoutingManager::nfaEeCallback: NFA_EE_UPDATED_EVT
D/NfcService( 4808): call the applyRotuiing
V/MediaPlayerService( 3624): player type = 3
V/AwesomePlayer( 3624): setDefault
V/AwesomePlayer( 3624): constructor
V/AwesomePlayer( 3624): setDefault
V/AwesomePlayer( 3624): reset_l()
V/AwesomePlayer( 3624): notifyListner_l() msg (8-MEDIA_STOPPED), ext1 (0), ext2 (0)
V/AwesomePlayer( 3624): cancelPlayerEvents (keepNotifications=0)
V/AwesomePlayer( 3624): mAudioTrackVector clear
V/AwesomePlayer( 3624): reset_l() mAudioPlayer successfully deleted
V/AwesomePlayer( 3624): mSecCapture clear
V/AwesomePlayer( 3624): mSecMediaClock clear
V/StagefrightPlayer( 3624): StagefrightPlayer
V/AwesomePlayer( 3624): setListener
V/StagefrightPlayer( 3624): initCheck
V/AwesomePlayer( 3624): setAudioSink
V/StagefrightPlayer( 3624): setDataSource(26, 86744, 13673)
V/AwesomePlayer( 3624): reset_l()
V/AwesomePlayer( 3624): notifyListner_l() msg (8-MEDIA_STOPPED), ext1 (0), ext2 (0)
V/AudioCache( 3624): notify(0xb1109060, 8, 0, 0)
V/AudioCache( 3624): ignored
V/AwesomePlayer( 3624): cancelPlayerEvents (keepNotifications=0)
V/AwesomePlayer( 3624): mAudioTrackVector clear
V/AwesomePlayer( 3624): reset_l() mAudioPlayer successfully deleted
V/AwesomePlayer( 3624): mSecCapture clear
V/AwesomePlayer( 3624): mSecMediaClock clear
D/StatusBar-QSPanel( 4511): onLayout left:0 top:0 record.row:0
D/StatusBar-QSPanel( 4511): onLayout left:206 top:0 record.row:0
D/StatusBar-QSPanel( 4511): onLayout left:412 top:0 record.row:0
D/StatusBar-QSPanel( 4511): onLayout left:618 top:0 record.row:0
D/StatusBar-QSPanel( 4511): onLayout left:824 top:0 record.row:0
D/StatusBar-QSPanel( 4511): onLayout left:1030 top:0 record.row:0
D/StatusBar-QSPanel( 4511): onLayout left:1236 top:0 record.row:0
D/StatusBar-QSPanel( 4511): onLayout left:1442 top:0 record.row:0
D/StatusBar-QSPanel( 4511): onLayout left:1648 top:0 record.row:0
D/StatusBar-QSPanel( 4511): onLayout left:1854 top:0 record.row:0
D/QSpanel ( 4511): label top:23
D/StatusBar-QSPanel( 4511): onLayout left:2060 top:0 record.row:0
D/QSpanel ( 4511): label top:0
D/StatusBar-QSPanel( 4511): onLayout left:2266 top:0 record.row:0
V/AwesomePlayer( 3624): track of type 'audio/vorbis' does not publish bitrate
V/AwesomePlayer( 3624): mBitrate = -1 bits/sec
I/OggExtractor( 3624): OggSource::OggSource() mExtractor ref count = 4
V/AwesomePlayer( 3624): current audio track index (0) is added to vector
V/AwesomePlayer( 3624): setDataSource_l: Audio(1), Video(0)
I/AwesomePlayer( 3624): checkRightsStatus is not necessary - AwesomePlayer::setDataSource_l
V/MediaPlayerService( 3624): prepare
V/AwesomePlayer( 3624): prepareAsync
V/MediaPlayerService( 3624): wait for prepare
V/AwesomePlayer( 3624): onPrepareAsyncEvent
I/SecMediaClock( 3624): SecMediaClock constructor
I/SecMediaClock( 3624): reset
I/SecVideoCapture( 3624): SecVideoCapture constructor
I/SecVideoCapture( 3624): reset
V/AwesomePlayer( 3624): initAudioDecoder
V/AwesomePlayer( 3624): checkOffloadExceptions is true
V/AudioPolicyManager( 3624): isOffloadSupported: SR=44100, CM=0x3, Format=0x7000000, StreamType=-1, BitRate=4294967295, duration=705623 us, has_video=0
V/AudioPolicyManager( 3624): isOffloadSupported: stream_type != MUSIC, returning false
I/OMXCodec( 3624): Attempting to allocate OMX node 'OMX.google.vorbis.decoder'
V/BitmapFactory( 4511): DecodeImagePath(decodeResourceStream3) : res/drawable-xxhdpi-v4/tw_quick_panel_icon_nfcc_on.png
I/OMXCodec( 3624): Successfully allocated OMX node 'OMX.google.vorbis.decoder'
I/OMXCodec( 3624): >>>UHQA initOutputFormat 16
I/AwesomePlayer( 3624): Could not offload audio decode, try pcm offload
V/AudioPolicyManager( 3624): isOffloadSupported: SR=44100, CM=0x1, Format=0x1, StreamType=-1, BitRate=4294967295, duration=705623 us, has_video=0
V/AudioPolicyManager( 3624): isOffloadSupported: stream_type != MUSIC, returning false
I/OMXCodec( 3624): [OMX.google.vorbis.decoder] OMXCodec::start mState=1
I/OMXCodec( 3624): [OMX.google.vorbis.decoder] allocating 4 buffers of size 8192 on input port
I/OMXCodec( 3624): [OMX.google.vorbis.decoder] allocating 4 buffers of size 32768 on output port
I/OMXCodec( 3624): [OMX.google.vorbis.decoder] Now Idle. Component sends idle done Event 
V/AwesomePlayer( 3624): finishAsyncPrepare_l
V/AwesomePlayer( 3624): notifyListner_l() msg (200-MEDIA_INFO), ext1 (973), ext2 (0)
V/AudioCache( 3624): notify(0xb1109060, 200, 973, 0)
V/AudioCache( 3624): ignored
V/AwesomePlayer( 3624): notifyListner_l() msg (5-MEDIA_SET_VIDEO_SIZE), ext1 (0), ext2 (0)
V/AudioCache( 3624): notify(0xb1109060, 5, 0, 0)
V/AudioCache( 3624): ignored
V/AwesomePlayer( 3624): notifyListner_l() msg (1-MEDIA_PREPARED), ext1 (0), ext2 (0)
V/AudioCache( 3624): notify(0xb1109060, 1, 0, 0)
V/AudioCache( 3624): prepared
V/AudioCache( 3624): wait - success
V/MediaPlayerService( 3624): start
V/StagefrightPlayer( 3624): start
V/AwesomePlayer( 3624): play
V/AwesomePlayer( 3624): AwesomePlayer::play_l():: This is not a DRM content
V/AwesomePlayer( 3624): startAudioPlayer_l, sendErrorNotification (0)
D/StatusBar-QSPanel( 4511): onLayout left:0 top:0 record.row:0
D/StatusBar-QSPanel( 4511): onLayout left:206 top:0 record.row:0
D/StatusBar-QSPanel( 4511): onLayout left:412 top:0 record.row:0
D/StatusBar-QSPanel( 4511): onLayout left:618 top:0 record.row:0
D/StatusBar-QSPanel( 4511): onLayout left:824 top:0 record.row:0
D/StatusBar-QSPanel( 4511): onLayout left:1030 top:0 record.row:0
D/StatusBar-QSPanel( 4511): onLayout left:1236 top:0 record.row:0
D/StatusBar-QSPanel( 4511): onLayout left:1442 top:0 record.row:0
D/StatusBar-QSPanel( 4511): onLayout left:1648 top:0 record.row:0
D/StatusBar-QSPanel( 4511): onLayout left:1854 top:0 record.row:0
D/QSpanel ( 4511): label top:23
D/StatusBar-QSPanel( 4511): onLayout left:2060 top:0 record.row:0
D/StatusBar-QSPanel( 4511): onLayout left:2266 top:0 record.row:0
I/OMXCodec( 3624): [OMX.google.vorbis.decoder] 0onCmdComplete  mState =  7
I/OMXCodec( 3624): [OMX.google.vorbis.decoder] PORT_DISABLED(1)
I/OMXCodec( 3624): >>>UHQA initOutputFormat 16
I/OMXCodec( 3624): [OMX.google.vorbis.decoder] allocating 4 buffers of size 32768 on output port
I/AudioPlayer( 3624): Audio channels(2)
I/AudioPlayer( 3624): Audioplayer kKeyAudioPCMFormat:2, 1, 0
I/AudioPlayer( 3624): Audioplayer kKeyAudioPCMFormat read fail(2, 1)
V/AudioCache( 3624): open(44100, 2, 0x0, 1, 0)
V/AwesomePlayer( 3624): notifyListner_l() msg (6-MEDIA_STARTED), ext1 (0), ext2 (0)
V/AudioCache( 3624): notify(0xb1109060, 6, 0, 0)
V/AudioCache( 3624): ignored
V/AwesomePlayer( 3624): addBatteryData
I/AudioPlayer( 3624): First fillBuffer call!!
I/AudioPlayer( 3624): >>> setAudioEffect Read mAudioFormat : 1, event : 218893323, value : 252710414
E/AudioPlayer( 3624): >>> setAudioEffect Error mAudioFormat : 1, event : 218893323, value : 252710414
V/MediaPlayerService( 3624): wait for playback complete
E/NxpNfcJni( 4808): getReconnectState = 0x0
E/NxpNfcJni( 4808): getReconnectState = 0x0
E/NxpNfcJni( 4808): nfcManager_enableDiscovery:UICC_LISTEN_MASK=0x0199;
E/NfcNfa  ( 4808): nfa_ce_api_dereg_listen (): cannot find listen_info for UICC/ESE
E/NfcNfa  ( 4808): UICC/ESE[0x402] is not activated
I/OMXCodec( 3624): [OMX.google.vorbis.decoder] End Of Stream
V/AwesomePlayer( 3624): postAudioEOS delayUs (0)
V/AwesomePlayer( 3624): onCheckAudioStatus
V/AwesomePlayer( 3624): onCheckAudioStatus() set AUDIO_AT_EOS flag
V/AwesomePlayer( 3624): onStreamDone
V/AwesomePlayer( 3624): MEDIA_PLAYBACK_COMPLETE
V/AwesomePlayer( 3624): notifyListner_l() msg (2-MEDIA_PLAYBACK_COMPLETE), ext1 (0), ext2 (0)
V/AudioCache( 3624): notify(0xb1109060, 2, 0, 0)
V/AudioCache( 3624): playback complete - thread will wake up later
V/AwesomePlayer( 3624): notifyListner_l() msg (7-MEDIA_PAUSED), ext1 (0), ext2 (0)
V/AudioCache( 3624): notify(0xb1109060, 7, 0, 0)
V/AudioCache( 3624): ignored
V/AwesomePlayer( 3624): cancelPlayerEvents (keepNotifications=1)
V/AwesomePlayer( 3624): addBatteryData
V/AudioCache( 3624): wait - success
V/StagefrightPlayer( 3624): reset
V/AwesomePlayer( 3624): reset_l()
V/AwesomePlayer( 3624): notifyListner_l() msg (8-MEDIA_STOPPED), ext1 (0), ext2 (0)
V/AudioCache( 3624): notify(0xb1109060, 8, 0, 0)
V/AudioCache( 3624): ignored
V/AwesomePlayer( 3624): cancelPlayerEvents (keepNotifications=0)
V/AwesomePlayer( 3624): mAudioTrackVector clear
I/OMXCodec( 3624): [OMX.google.vorbis.decoder] stop mState=4
I/OMXCodec( 3624): [OMX.google.vorbis.decoder] stop() sendCommand(0x57, OMX_CommandStateSet, OMX_StateIdle)
I/OMXCodec( 3624): [OMX.google.vorbis.decoder] Now Idle. Component sends idle done Event 
I/OMXCodec( 3624): [OMX.google.vorbis.decoder] stopOmxComponent_l() mstate = 1
I/OggExtractor( 3624): OggSource::stop() mExtractor ref count = 1
I/OggExtractor( 3624): OggSource::~OggSource() mExtractor !mStarted ref count = 1
I/OggExtractor( 3624): ~OggSource --
I/OggExtractor( 3624): ~OggExtractor ++
I/OggExtractor( 3624): ~MyVorbisExtractor ++ 
I/OggExtractor( 3624): ~MyVorbisExtractor --
I/OggExtractor( 3624): ~OggExtractor --
I/AudioPlayer( 3624): reset out
V/AwesomePlayer( 3624): reset_l() mAudioPlayer successfully deleted
I/SecVideoCapture( 3624): SecVideoCapture destructor
I/SecVideoCapture( 3624): reset
V/AwesomePlayer( 3624): mSecCapture clear
I/SecMediaClock( 3624): SecMediaClock destructor
V/AwesomePlayer( 3624): mSecMediaClock clear
V/StagefrightPlayer( 3624): ~StagefrightPlayer
V/StagefrightPlayer( 3624): reset
V/AwesomePlayer( 3624): reset_l()
V/AwesomePlayer( 3624): notifyListner_l() msg (8-MEDIA_STOPPED), ext1 (0), ext2 (0)
V/AwesomePlayer( 3624): cancelPlayerEvents (keepNotifications=0)
V/AwesomePlayer( 3624): mAudioTrackVector clear
V/AwesomePlayer( 3624): reset_l() mAudioPlayer successfully deleted
V/AwesomePlayer( 3624): mSecCapture clear
V/AwesomePlayer( 3624): mSecMediaClock clear
V/AwesomePlayer( 3624): destructor
V/AwesomePlayer( 3624): reset_l()
V/AwesomePlayer( 3624): notifyListner_l() msg (8-MEDIA_STOPPED), ext1 (0), ext2 (0)
V/AwesomePlayer( 3624): cancelPlayerEvents (keepNotifications=0)
V/AwesomePlayer( 3624): mAudioTrackVector clear
V/AwesomePlayer( 3624): reset_l() mAudioPlayer successfully deleted
V/AwesomePlayer( 3624): mSecCapture clear
V/AwesomePlayer( 3624): mSecMediaClock clear
V/MediaPlayer( 4808): decode(33, 63332, 11242)
V/MediaPlayerService( 3624): decode(26, 63332, 11242)
V/MediaPlayerService( 3624): player type = 3
V/AwesomePlayer( 3624): setDefault
V/AwesomePlayer( 3624): constructor
V/AwesomePlayer( 3624): setDefault
V/AwesomePlayer( 3624): reset_l()
V/AwesomePlayer( 3624): notifyListner_l() msg (8-MEDIA_STOPPED), ext1 (0), ext2 (0)
V/AwesomePlayer( 3624): cancelPlayerEvents (keepNotifications=0)
V/AwesomePlayer( 3624): mAudioTrackVector clear
V/AwesomePlayer( 3624): reset_l() mAudioPlayer successfully deleted
V/AwesomePlayer( 3624): mSecCapture clear
V/AwesomePlayer( 3624): mSecMediaClock clear
V/StagefrightPlayer( 3624): StagefrightPlayer
V/AwesomePlayer( 3624): setListener
V/StagefrightPlayer( 3624): initCheck
V/AwesomePlayer( 3624): setAudioSink
V/StagefrightPlayer( 3624): setDataSource(26, 63332, 11242)
V/AwesomePlayer( 3624): reset_l()
V/AwesomePlayer( 3624): notifyListner_l() msg (8-MEDIA_STOPPED), ext1 (0), ext2 (0)
V/AudioCache( 3624): notify(0xb150f1a0, 8, 0, 0)
V/AudioCache( 3624): ignored
V/AwesomePlayer( 3624): cancelPlayerEvents (keepNotifications=0)
V/AwesomePlayer( 3624): mAudioTrackVector clear
V/AwesomePlayer( 3624): reset_l() mAudioPlayer successfully deleted
V/AwesomePlayer( 3624): mSecCapture clear
V/AwesomePlayer( 3624): mSecMediaClock clear
V/AwesomePlayer( 3624): track of type 'audio/vorbis' does not publish bitrate
V/AwesomePlayer( 3624): mBitrate = -1 bits/sec
I/OggExtractor( 3624): OggSource::OggSource() mExtractor ref count = 4
V/AwesomePlayer( 3624): current audio track index (0) is added to vector
V/AwesomePlayer( 3624): setDataSource_l: Audio(1), Video(0)
I/AwesomePlayer( 3624): checkRightsStatus is not necessary - AwesomePlayer::setDataSource_l
V/MediaPlayerService( 3624): prepare
V/AwesomePlayer( 3624): prepareAsync
V/MediaPlayerService( 3624): wait for prepare
V/AwesomePlayer( 3624): onPrepareAsyncEvent
I/SecMediaClock( 3624): SecMediaClock constructor
I/SecMediaClock( 3624): reset
I/SecVideoCapture( 3624): SecVideoCapture constructor
I/SecVideoCapture( 3624): reset
V/AwesomePlayer( 3624): initAudioDecoder
V/AwesomePlayer( 3624): checkOffloadExceptions is true
V/AudioPolicyManager( 3624): isOffloadSupported: SR=44100, CM=0x3, Format=0x7000000, StreamType=-1, BitRate=4294967295, duration=552267 us, has_video=0
V/AudioPolicyManager( 3624): isOffloadSupported: stream_type != MUSIC, returning false
I/OMXCodec( 3624): Attempting to allocate OMX node 'OMX.google.vorbis.decoder'
I/OMXCodec( 3624): Successfully allocated OMX node 'OMX.google.vorbis.decoder'
I/OMXCodec( 3624): >>>UHQA initOutputFormat 16
I/AwesomePlayer( 3624): Could not offload audio decode, try pcm offload
V/AudioPolicyManager( 3624): isOffloadSupported: SR=44100, CM=0x1, Format=0x1, StreamType=-1, BitRate=4294967295, duration=552267 us, has_video=0
V/AudioPolicyManager( 3624): isOffloadSupported: stream_type != MUSIC, returning false
I/OMXCodec( 3624): [OMX.google.vorbis.decoder] OMXCodec::start mState=1
I/OMXCodec( 3624): [OMX.google.vorbis.decoder] allocating 4 buffers of size 8192 on input port
I/OMXCodec( 3624): [OMX.google.vorbis.decoder] allocating 4 buffers of size 32768 on output port
I/OMXCodec( 3624): [OMX.google.vorbis.decoder] Now Idle. Component sends idle done Event 
V/AwesomePlayer( 3624): finishAsyncPrepare_l
V/AwesomePlayer( 3624): notifyListner_l() msg (200-MEDIA_INFO), ext1 (973), ext2 (0)
V/AudioCache( 3624): notify(0xb150f1a0, 200, 973, 0)
V/AudioCache( 3624): ignored
V/AwesomePlayer( 3624): notifyListner_l() msg (5-MEDIA_SET_VIDEO_SIZE), ext1 (0), ext2 (0)
V/AudioCache( 3624): notify(0xb150f1a0, 5, 0, 0)
V/AudioCache( 3624): ignored
V/AwesomePlayer( 3624): notifyListner_l() msg (1-MEDIA_PREPARED), ext1 (0), ext2 (0)
V/AudioCache( 3624): notify(0xb150f1a0, 1, 0, 0)
V/AudioCache( 3624): prepared
V/AudioCache( 3624): wait - success
V/MediaPlayerService( 3624): start
V/StagefrightPlayer( 3624): start
V/AwesomePlayer( 3624): play
V/AwesomePlayer( 3624): AwesomePlayer::play_l():: This is not a DRM content
V/AwesomePlayer( 3624): startAudioPlayer_l, sendErrorNotification (0)
I/OMXCodec( 3624): [OMX.google.vorbis.decoder] 0onCmdComplete  mState =  7
I/OMXCodec( 3624): [OMX.google.vorbis.decoder] PORT_DISABLED(1)
I/OMXCodec( 3624): >>>UHQA initOutputFormat 16
I/OMXCodec( 3624): [OMX.google.vorbis.decoder] allocating 4 buffers of size 32768 on output port
I/AudioPlayer( 3624): Audio channels(2)
I/AudioPlayer( 3624): Audioplayer kKeyAudioPCMFormat:2, 1, 0
I/AudioPlayer( 3624): Audioplayer kKeyAudioPCMFormat read fail(2, 1)
V/AudioCache( 3624): open(44100, 2, 0x0, 1, 0)
V/AwesomePlayer( 3624): notifyListner_l() msg (6-MEDIA_STARTED), ext1 (0), ext2 (0)
V/AudioCache( 3624): notify(0xb150f1a0, 6, 0, 0)
V/AudioCache( 3624): ignored
V/AwesomePlayer( 3624): addBatteryData
I/AudioPlayer( 3624): First fillBuffer call!!
I/AudioPlayer( 3624): >>> setAudioEffect Read mAudioFormat : 1, event : 218893323, value : 252710414
V/MediaPlayerService( 3624): wait for playback complete
E/AudioPlayer( 3624): >>> setAudioEffect Error mAudioFormat : 1, event : 218893323, value : 252710414
D/NfcService( 4808): index : 0
D/NfcService( 4808): index : 1
D/NfcService( 4808): index : 2
D/NfcService( 4808): call the commitrouting - nfcservice
E/NxpNfcJni( 4808): getReconnectState = 0x0
D/NxpNfcJni( 4808): RoutingManager::commitRouting
D/NxpNfcJni( 4808): RoutingManager::nfaEeCallback: NFA_EE_UPDATED_EVT
I/OMXCodec( 3624): [OMX.google.vorbis.decoder] End Of Stream
V/AwesomePlayer( 3624): postAudioEOS delayUs (0)
V/AwesomePlayer( 3624): onCheckAudioStatus
V/AwesomePlayer( 3624): onCheckAudioStatus() set AUDIO_AT_EOS flag
V/AwesomePlayer( 3624): onStreamDone
V/AwesomePlayer( 3624): MEDIA_PLAYBACK_COMPLETE
V/AwesomePlayer( 3624): notifyListner_l() msg (2-MEDIA_PLAYBACK_COMPLETE), ext1 (0), ext2 (0)
V/AudioCache( 3624): notify(0xb150f1a0, 2, 0, 0)
V/AudioCache( 3624): playback complete - thread will wake up later
V/AwesomePlayer( 3624): notifyListner_l() msg (7-MEDIA_PAUSED), ext1 (0), ext2 (0)
V/AudioCache( 3624): notify(0xb150f1a0, 7, 0, 0)
V/AudioCache( 3624): ignored
V/AwesomePlayer( 3624): cancelPlayerEvents (keepNotifications=1)
V/AwesomePlayer( 3624): addBatteryData
V/AudioCache( 3624): wait - success
V/StagefrightPlayer( 3624): reset
V/AwesomePlayer( 3624): reset_l()
V/AwesomePlayer( 3624): notifyListner_l() msg (8-MEDIA_STOPPED), ext1 (0), ext2 (0)
V/AudioCache( 3624): notify(0xb150f1a0, 8, 0, 0)
V/AudioCache( 3624): ignored
V/AwesomePlayer( 3624): cancelPlayerEvents (keepNotifications=0)
V/AwesomePlayer( 3624): mAudioTrackVector clear
I/OMXCodec( 3624): [OMX.google.vorbis.decoder] stop mState=4
I/OMXCodec( 3624): [OMX.google.vorbis.decoder] stop() sendCommand(0x58, OMX_CommandStateSet, OMX_StateIdle)
I/OMXCodec( 3624): [OMX.google.vorbis.decoder] Now Idle. Component sends idle done Event 
I/OMXCodec( 3624): [OMX.google.vorbis.decoder] stopOmxComponent_l() mstate = 1
I/OggExtractor( 3624): OggSource::stop() mExtractor ref count = 1
I/OggExtractor( 3624): OggSource::~OggSource() mExtractor !mStarted ref count = 1
I/OggExtractor( 3624): ~OggSource --
I/OggExtractor( 3624): ~OggExtractor ++
I/OggExtractor( 3624): ~MyVorbisExtractor ++ 
I/OggExtractor( 3624): ~MyVorbisExtractor --
I/OggExtractor( 3624): ~OggExtractor --
I/AudioPlayer( 3624): reset out
V/AwesomePlayer( 3624): reset_l() mAudioPlayer successfully deleted
I/SecVideoCapture( 3624): SecVideoCapture destructor
I/SecVideoCapture( 3624): reset
V/AwesomePlayer( 3624): mSecCapture clear
I/SecMediaClock( 3624): SecMediaClock destructor
V/AwesomePlayer( 3624): mSecMediaClock clear
V/StagefrightPlayer( 3624): ~StagefrightPlayer
V/StagefrightPlayer( 3624): reset
V/AwesomePlayer( 3624): reset_l()
V/AwesomePlayer( 3624): notifyListner_l() msg (8-MEDIA_STOPPED), ext1 (0), ext2 (0)
V/AwesomePlayer( 3624): cancelPlayerEvents (keepNotifications=0)
V/AwesomePlayer( 3624): mAudioTrackVector clear
V/AwesomePlayer( 3624): reset_l() mAudioPlayer successfully deleted
V/AwesomePlayer( 3624): mSecCapture clear
V/AwesomePlayer( 3624): mSecMediaClock clear
V/AwesomePlayer( 3624): destructor
V/AwesomePlayer( 3624): reset_l()
V/AwesomePlayer( 3624): notifyListner_l() msg (8-MEDIA_STOPPED), ext1 (0), ext2 (0)
V/AwesomePlayer( 3624): cancelPlayerEvents (keepNotifications=0)
V/AwesomePlayer( 3624): mAudioTrackVector clear
V/AwesomePlayer( 3624): reset_l() mAudioPlayer successfully deleted
V/AwesomePlayer( 3624): mSecCapture clear
V/AwesomePlayer( 3624): mSecMediaClock clear
W/Settings( 4808): Setting device_provisioned has moved from android.provider.Settings.Secure to android.provider.Settings.Global.
V/MediaPlayer( 4808): decode(34, 74624, 12070)
V/MediaPlayerService( 3624): decode(26, 74624, 12070)
V/MediaPlayerService( 3624): player type = 3
V/AwesomePlayer( 3624): setDefault
V/AwesomePlayer( 3624): constructor
V/AwesomePlayer( 3624): setDefault
V/AwesomePlayer( 3624): reset_l()
V/AwesomePlayer( 3624): notifyListner_l() msg (8-MEDIA_STOPPED), ext1 (0), ext2 (0)
V/AwesomePlayer( 3624): cancelPlayerEvents (keepNotifications=0)
V/AwesomePlayer( 3624): mAudioTrackVector clear
V/AwesomePlayer( 3624): reset_l() mAudioPlayer successfully deleted
V/AwesomePlayer( 3624): mSecCapture clear
V/AwesomePlayer( 3624): mSecMediaClock clear
V/StagefrightPlayer( 3624): StagefrightPlayer
V/AwesomePlayer( 3624): setListener
V/StagefrightPlayer( 3624): initCheck
V/AwesomePlayer( 3624): setAudioSink
V/StagefrightPlayer( 3624): setDataSource(26, 74624, 12070)
V/AwesomePlayer( 3624): reset_l()
V/AwesomePlayer( 3624): notifyListner_l() msg (8-MEDIA_STOPPED), ext1 (0), ext2 (0)
V/AudioCache( 3624): notify(0xb2908100, 8, 0, 0)
V/AudioCache( 3624): ignored
V/AwesomePlayer( 3624): cancelPlayerEvents (keepNotifications=0)
V/AwesomePlayer( 3624): mAudioTrackVector clear
V/AwesomePlayer( 3624): reset_l() mAudioPlayer successfully deleted
V/AwesomePlayer( 3624): mSecCapture clear
V/AwesomePlayer( 3624): mSecMediaClock clear
V/AwesomePlayer( 3624): track of type 'audio/vorbis' does not publish bitrate
V/AwesomePlayer( 3624): mBitrate = -1 bits/sec
I/OggExtractor( 3624): OggSource::OggSource() mExtractor ref count = 4
V/AwesomePlayer( 3624): current audio track index (0) is added to vector
V/AwesomePlayer( 3624): setDataSource_l: Audio(1), Video(0)
I/AwesomePlayer( 3624): checkRightsStatus is not necessary - AwesomePlayer::setDataSource_l
V/MediaPlayerService( 3624): prepare
V/AwesomePlayer( 3624): prepareAsync
V/MediaPlayerService( 3624): wait for prepare
V/AwesomePlayer( 3624): onPrepareAsyncEvent
I/SecMediaClock( 3624): SecMediaClock constructor
I/SecMediaClock( 3624): reset
I/SecVideoCapture( 3624): SecVideoCapture constructor
I/SecVideoCapture( 3624): reset
V/AwesomePlayer( 3624): initAudioDecoder
V/AwesomePlayer( 3624): checkOffloadExceptions is true
V/AudioPolicyManager( 3624): isOffloadSupported: SR=44100, CM=0x3, Format=0x7000000, StreamType=-1, BitRate=4294967295, duration=572403 us, has_video=0
V/AudioPolicyManager( 3624): isOffloadSupported: stream_type != MUSIC, returning false
I/OMXCodec( 3624): Attempting to allocate OMX node 'OMX.google.vorbis.decoder'
I/iu.Environment( 5150): update battery state; isPlugged? false
I/OMXCodec( 3624): Successfully allocated OMX node 'OMX.google.vorbis.decoder'
I/OMXCodec( 3624): >>>UHQA initOutputFormat 16
I/AwesomePlayer( 3624): Could not offload audio decode, try pcm offload
V/AudioPolicyManager( 3624): isOffloadSupported: SR=44100, CM=0x1, Format=0x1, StreamType=-1, BitRate=4294967295, duration=572403 us, has_video=0
V/AudioPolicyManager( 3624): isOffloadSupported: stream_type != MUSIC, returning false
I/OMXCodec( 3624): [OMX.google.vorbis.decoder] OMXCodec::start mState=1
I/OMXCodec( 3624): [OMX.google.vorbis.decoder] allocating 4 buffers of size 8192 on input port
I/OMXCodec( 3624): [OMX.google.vorbis.decoder] allocating 4 buffers of size 32768 on output port
I/OMXCodec( 3624): [OMX.google.vorbis.decoder] Now Idle. Component sends idle done Event 
V/AwesomePlayer( 3624): finishAsyncPrepare_l
V/AwesomePlayer( 3624): notifyListner_l() msg (200-MEDIA_INFO), ext1 (973), ext2 (0)
V/AudioCache( 3624): notify(0xb2908100, 200, 973, 0)
V/AudioCache( 3624): ignored
V/AwesomePlayer( 3624): notifyListner_l() msg (5-MEDIA_SET_VIDEO_SIZE), ext1 (0), ext2 (0)
V/AudioCache( 3624): notify(0xb2908100, 5, 0, 0)
V/AudioCache( 3624): ignored
V/AwesomePlayer( 3624): notifyListner_l() msg (1-MEDIA_PREPARED), ext1 (0), ext2 (0)
V/AudioCache( 3624): notify(0xb2908100, 1, 0, 0)
V/AudioCache( 3624): prepared
V/AudioCache( 3624): wait - success
V/MediaPlayerService( 3624): start
V/StagefrightPlayer( 3624): start
V/AwesomePlayer( 3624): play
V/AwesomePlayer( 3624): AwesomePlayer::play_l():: This is not a DRM content
V/AwesomePlayer( 3624): startAudioPlayer_l, sendErrorNotification (0)
I/OMXCodec( 3624): [OMX.google.vorbis.decoder] 0onCmdComplete  mState =  7
I/OMXCodec( 3624): [OMX.google.vorbis.decoder] PORT_DISABLED(1)
I/OMXCodec( 3624): >>>UHQA initOutputFormat 16
I/OMXCodec( 3624): [OMX.google.vorbis.decoder] allocating 4 buffers of size 32768 on output port
I/AudioPlayer( 3624): Audio channels(2)
I/AudioPlayer( 3624): Audioplayer kKeyAudioPCMFormat:2, 1, 0
I/AudioPlayer( 3624): Audioplayer kKeyAudioPCMFormat read fail(2, 1)
V/AudioCache( 3624): open(44100, 2, 0x0, 1, 0)
V/AwesomePlayer( 3624): notifyListner_l() msg (6-MEDIA_STARTED), ext1 (0), ext2 (0)
V/AudioCache( 3624): notify(0xb2908100, 6, 0, 0)
V/AudioCache( 3624): ignored
V/AwesomePlayer( 3624): addBatteryData
I/AudioPlayer( 3624): First fillBuffer call!!
I/AudioPlayer( 3624): >>> setAudioEffect Read mAudioFormat : 1, event : 218893323, value : 252710414
E/AudioPlayer( 3624): >>> setAudioEffect Error mAudioFormat : 1, event : 218893323, value : 252710414
V/MediaPlayerService( 3624): wait for playback complete
I/OMXCodec( 3624): [OMX.google.vorbis.decoder] End Of Stream
V/AwesomePlayer( 3624): postAudioEOS delayUs (0)
V/AwesomePlayer( 3624): onCheckAudioStatus
V/AwesomePlayer( 3624): onCheckAudioStatus() set AUDIO_AT_EOS flag
V/AwesomePlayer( 3624): onStreamDone
V/AwesomePlayer( 3624): MEDIA_PLAYBACK_COMPLETE
V/AwesomePlayer( 3624): notifyListner_l() msg (2-MEDIA_PLAYBACK_COMPLETE), ext1 (0), ext2 (0)
V/AudioCache( 3624): notify(0xb2908100, 2, 0, 0)
V/AudioCache( 3624): playback complete - thread will wake up later
V/AwesomePlayer( 3624): notifyListner_l() msg (7-MEDIA_PAUSED), ext1 (0), ext2 (0)
V/AudioCache( 3624): notify(0xb2908100, 7, 0, 0)
V/AudioCache( 3624): ignored
V/AwesomePlayer( 3624): cancelPlayerEvents (keepNotifications=1)
V/AwesomePlayer( 3624): addBatteryData
V/AudioCache( 3624): wait - success
V/StagefrightPlayer( 3624): reset
V/AwesomePlayer( 3624): reset_l()
V/AwesomePlayer( 3624): notifyListner_l() msg (8-MEDIA_STOPPED), ext1 (0), ext2 (0)
V/AudioCache( 3624): notify(0xb2908100, 8, 0, 0)
V/AudioCache( 3624): ignored
V/AwesomePlayer( 3624): cancelPlayerEvents (keepNotifications=0)
V/AwesomePlayer( 3624): mAudioTrackVector clear
I/OMXCodec( 3624): [OMX.google.vorbis.decoder] stop mState=4
I/OMXCodec( 3624): [OMX.google.vorbis.decoder] stop() sendCommand(0x59, OMX_CommandStateSet, OMX_StateIdle)
I/OMXCodec( 3624): [OMX.google.vorbis.decoder] Now Idle. Component sends idle done Event 
I/OMXCodec( 3624): [OMX.google.vorbis.decoder] stopOmxComponent_l() mstate = 1
I/OggExtractor( 3624): OggSource::stop() mExtractor ref count = 1
I/OggExtractor( 3624): OggSource::~OggSource() mExtractor !mStarted ref count = 1
I/OggExtractor( 3624): ~OggSource --
I/OggExtractor( 3624): ~OggExtractor ++
I/OggExtractor( 3624): ~MyVorbisExtractor ++ 
I/OggExtractor( 3624): ~MyVorbisExtractor --
I/OggExtractor( 3624): ~OggExtractor --
D/NetworkLogImpl( 5150): Loaded NetworkSpeedPredictor
I/AudioPlayer( 3624): reset out
V/AwesomePlayer( 3624): reset_l() mAudioPlayer successfully deleted
I/SecVideoCapture( 3624): SecVideoCapture destructor
I/SecVideoCapture( 3624): reset
V/AwesomePlayer( 3624): mSecCapture clear
I/SecMediaClock( 3624): SecMediaClock destructor
V/AwesomePlayer( 3624): mSecMediaClock clear
V/StagefrightPlayer( 3624): ~StagefrightPlayer
V/StagefrightPlayer( 3624): reset
V/AwesomePlayer( 3624): reset_l()
V/AwesomePlayer( 3624): notifyListner_l() msg (8-MEDIA_STOPPED), ext1 (0), ext2 (0)
V/AwesomePlayer( 3624): cancelPlayerEvents (keepNotifications=0)
V/AwesomePlayer( 3624): mAudioTrackVector clear
I/iu.Environment( 5150): update connectivity state; isNetworkMetered? false, isRoaming? false, isBackgroundDataAllowed? true*
I/iu.Environment( 5150): update battery state; isPlugged? false
V/AwesomePlayer( 3624): reset_l() mAudioPlayer successfully deleted
V/AwesomePlayer( 3624): mSecCapture clear
V/AwesomePlayer( 3624): mSecMediaClock clear
V/AwesomePlayer( 3624): destructor
V/AwesomePlayer( 3624): reset_l()
V/AwesomePlayer( 3624): notifyListner_l() msg (8-MEDIA_STOPPED), ext1 (0), ext2 (0)
V/AwesomePlayer( 3624): cancelPlayerEvents (keepNotifications=0)
V/AwesomePlayer( 3624): mAudioTrackVector clear
V/AwesomePlayer( 3624): reset_l() mAudioPlayer successfully deleted
V/AwesomePlayer( 3624): mSecCapture clear
V/AwesomePlayer( 3624): mSecMediaClock clear
I/GCoreUlr( 4754): Starting service, intent=Intent { act=com.google.android.location.reporting.ACTION_UPDATE_WORLD cmp=com.google.android.gms/com.google.android.location.reporting.service.DispatchingService (has extras) }, extras=Bundle[{receiverAction=android.intent.action.ACTION_POWER_DISCONNECTED}]
I/GCoreUlr( 4754): DispatchingService.onCreate()
E/Zygote  ( 5876): MountEmulatedStorage()
E/Zygote  ( 5876): v2
I/SELinux ( 5876): Function: selinux_compare_spd_ram, SPD-policy is existed. and_ver=SEPF_SM-G900H_5.0 ver=13
I/SELinux ( 5876): Function: selinux_compare_spd_ram , priority [1] , priority version is VE=SEPF_SM-G900H_5.0_0013
E/SELinux ( 5876): [DEBUG] get_category: variable seinfo: platform sensitivity: NULL, cateogry: NULL
I/Hs20UtilService( 4581): Starting #1
I/Hs20UtilService( 4581): Message received 5007
D/NearbySettings( 4581): MountReceiver.onReceive - ACTION: android.net.wifi.STATE_CHANGE
V/NearbySettings( 4581): DMSUtil.isNetworkConnected - flag-null, state-null
I/NearbySettings( 4581): DMSUtil.isNetworkConnected - WIFI: CONNECTED
I/NearbySettings( 4581): DMSUtil.isNetworkConnected - P2P: IDLE
I/NearbySettings( 4581): DMSUtil.isNetworkConnected - WIFI-true, Hotspot-false, P2P-false, Eth-false
I/NearbySettings( 4581): MountReceiver.onReceive - Keep current state
D/TimaKeyStoreProvider( 5876): TimaSignature is unavailable
D/ActivityThread( 5876): Added TimaKeyStore provider
D/ResourcesManager( 4876): creating new AssetManager and set to /data/app/com.google.android.gms-1/base.apk
D/ResourcesManager( 5876): creating new AssetManager and set to /system/priv-app/DocumentService/DocumentService.apk
I/GCoreUlr( 4754): WorldUpdater received intent Intent { act=com.google.android.location.reporting.ACTION_UPDATE_WORLD cmp=com.google.android.gms/com.google.android.location.reporting.service.DispatchingService (has extras) } with receiverAction android.intent.action.ACTION_POWER_DISCONNECTED
I/MultiDex( 4876): VM with version 2.1.0 has multidex support
I/MultiDex( 4876): install
I/MultiDex( 4876): VM has multidex support, MultiDex support library is disabled.
I/ProviderInstaller( 4876): Insert disabled by gate 'gms:security:enable_conscrypt_in_gms_application'
D/GCM     ( 4876): COMPAT: Multi user not supported
I/ThumbnailProvider( 5876): ThumbnailProvider onCreate()
I/BroadcastProcessorService( 5876): DocumentService onHandleIntent ACTION_POWER_DISCONNECTED 
I/BroadcastProcessorService( 5876): [CURRENT_STATE] DocumentService state: SERVICE_NOT_STARTED
I/Process ( 5876): Sending signal. PID: 5876 SIG: 9
I/GoogleURLConnFactory( 4876): Using platform SSLCertificateSocketFactory
I/GCoreUlr( 4754): WorldUpdater:android.intent.action.ACTION_POWER_DISCONNECTED: Ensuring that reporting is stopped because of reasons: {account#-19#=[InactiveReason{mVersionCode=0, mIdentifier=12, mName='LocationDisabled'}, InactiveReason{mVersionCode=0, mIdentifier=6, mName='ReportingNotEnabled'}, InactiveReason{mVersionCode=0, mIdentifier=14, mName='HistoryNotEnabled'}]}
I/art     ( 4876): Explicit concurrent mark sweep GC freed 16227(763KB) AllocSpace objects, 0(0B) LOS objects, 40% free, 17MB/29MB, paused 1.253ms total 71.004ms
I/GCoreUlr( 4754): Unbound from all location providers
I/GCoreUlr( 4754): DispatchingService.onDestroy()
I/GCoreUlr( 4754): Unbound from all location providers
D/GeoLookout( 5310): H: oG7yKmvlgCB+MeB9ScCFjfFK6n2WxeJSk2pAGNbQ5p0X1S2Rcjfuoz/uR69LW7q4dRvDIbb+p93sEFNr9NIFsA==
I/GCM     ( 4876): GCM config loaded
D/GeoLookout( 5310): H: oG7yKmvlgCB+MeB9ScCFjYXOqDX8ezzeYFlqIugeVh9tddYklHQaYJQeZ5D1n0CWhpLwjVw6z1MjJ35DMCBpaiDarp/XHnFoZkDEv7L3KA0=
D/GeoLookout( 5310): H: oG7yKmvlgCB+MeB9ScCFjfFK6n2WxeJSk2pAGNbQ5p22QnYVOq7PKBLe2qMCpGYydjAdGQcIiahEY/ZKpSgLLdWk9sWz2GyOXv6qxHaW2H26fDXZ20X1h16kWUzITBbTh7G11qed9LU9uS7nht+c434ovyAFMeLCkHYTLVI5fwY=
D/GeoLookout( 5310): H: oG7yKmvlgCB+MeB9ScCFjfFK6n2WxeJSk2pAGNbQ5p3XGW9731/b3rcTnBUpVV7cdjAdGQcIiahEY/ZKpSgLLdWk9sWz2GyOXv6qxHaW2H26fDXZ20X1h16kWUzITBbTuusrI/cx+kAef/132msRDOjT1uSoU6fTNM2FcLdxHvc=
D/GeoLookout( 5310): H: oG7yKmvlgCB+MeB9ScCFjfFK6n2WxeJSk2pAGNbQ5p2JyN4reRVmsjd9hDStHSrotCc+mJqVQceay8W/Aon4dQ==
D/GCM     ( 4876): GcmService start Intent { act=com.google.android.gms.INITIALIZE flg=0x10 pkg=com.google.android.gms cmp=com.google.android.gms/.gcm.GcmService } com.google.android.gms.INITIALIZE
D/GeoLookout( 5310): H: oG7yKmvlgCB+MeB9ScCFjfFK6n2WxeJSk2pAGNbQ5p1uWsUHzWsv+tlyIgF4nsoYQRDW3di+2lqtjRvD6Foc0OSK79yglawLMq2qfKHF0t+rzoiO7awSXeKcgiSJMfNZu89EQ821mpIbyCdOp1WNyQ==
D/AuthorizationBluetoothService( 4876): Received GmsCore event: Intent { act=com.google.android.gms.INITIALIZE flg=0x10 pkg=com.google.android.gms cmp=com.google.android.gms/.auth.be.proximity.authorization.bt.AuthorizationBluetoothService$AutoStarter }.
D/a       ( 4876): Opening database auth.proximity.permit_store...
V/GmsCoreStatsServiceLauncher( 5150): Received broadcast intent Intent { act=com.google.android.gms.INITIALIZE flg=0x10 pkg=com.google.android.gms cmp=com.google.android.gms/.common.stats.GmsCoreStatsServiceLauncher }
I/art     ( 4320): Explicit concurrent mark sweep GC freed 30826(1796KB) AllocSpace objects, 5(80KB) LOS objects, 32% free, 32MB/48MB, paused 1.391ms total 134.327ms
D/GeoLookout( 5310): H: oG7yKmvlgCB+MeB9ScCFjfFK6n2WxeJSk2pAGNbQ5p3cXw/c05/SMEtFN8iBNLnY4tvU5wsp5Dwccfz++DFQoQ==
D/GeoLookout( 5310): H: oG7yKmvlgCB+MeB9ScCFjfFK6n2WxeJSk2pAGNbQ5p1QdJyd/p15/7HTe6I45I69M4svW0ahfvr+YIey5W092wGcTlQvpBSgOqyfO72Z3wUxq59dXfXVWbt+zgy3TJ0U
I/dhcpcd  ( 4961): wlan0: sending IPv6 Router Solicitation
E/GmsWearableLS( 4754): GoogleApiClient connection failed: ConnectionResult{statusCode=API_UNAVAILABLE, resolution=null}
D/KeyguardViewMediator( 4511): handleKeyguardDoneDrawing
D/LocationInitializer( 5150): Restart initialization of location
E/Zygote  ( 5918): MountEmulatedStorage()
E/Zygote  ( 5918): v2
I/SELinux ( 5918): Function: selinux_compare_spd_ram, SPD-policy is existed. and_ver=SEPF_SM-G900H_5.0 ver=13
I/SELinux ( 5918): Function: selinux_compare_spd_ram , priority [1] , priority version is VE=SEPF_SM-G900H_5.0_0013
E/SELinux ( 5918): [DEBUG] get_category: variable seinfo: untrusted sensitivity: NULL, cateogry: NULL
D/TimaKeyStoreProvider( 5918): TimaSignature is unavailable
D/ActivityThread( 5918): Added TimaKeyStore provider
E/MDM     ( 4754): [107] b.run: Couldn't connect to Google API client: ConnectionResult{statusCode=API_UNAVAILABLE, resolution=null}
D/ResourcesManager( 5918): creating new AssetManager and set to /system/priv-app/S-Voice_Android_phone/S-Voice_Android_phone.apk
D/SensorManager( 4754): unregisterListener ::   
D/GCM     ( 4876): Connected
D/GCM     ( 4876): Message class com.google.f.a.a.p
E/SQLiteLog( 4876): (283) recovered 4 frames from WAL file /data/data/com.google.android.gms/databases/playlog.db-wal
I/Scheduler( 4876): Use PeriodicScheduler
W/InstanceID/Rpc( 4876): Found 10012
I/System.out( 5918): Inside onCreate() of WakeupTriggerProvide
I/System.out( 5918): Inside WakeupProvider
E/Zygote  ( 5939): MountEmulatedStorage()
E/Zygote  ( 5939): v2
I/SELinux ( 5939): Function: selinux_compare_spd_ram, SPD-policy is existed. and_ver=SEPF_SM-G900H_5.0 ver=13
I/SELinux ( 5939): Function: selinux_compare_spd_ram , priority [1] , priority version is VE=SEPF_SM-G900H_5.0_0013
E/SELinux ( 5939): [DEBUG] get_category: variable seinfo: platform sensitivity: NULL, cateogry: NULL
D/TimaKeyStoreProvider( 5939): TimaSignature is unavailable
D/ActivityThread( 5939): Added TimaKeyStore provider
D/ResourcesManager( 5939): creating new AssetManager and set to /system/priv-app/DocumentService/DocumentService.apk
I/VlingoApplication( 5918): VlingoApplication appVersion ='11.7.0.1.39795', coreVersion = '2.6.0.16113', ro.csc.sales_code=TPA
D/BluetoothAdapter( 5918): 593441989: getState() :  mService = null. Returning STATE_OFF
D/BluetoothAdapter( 5918): 593441989: getState() :  mService = null. Returning STATE_OFF
D/BluetoothAdapter( 5918): 593441989: getState() :  mService = null. Returning STATE_OFF
I/VlingoAndroidCore( 5918): AppName: SamsungTproject, Core: 2.6.0.16113, SDK: 2.0.1907, EDM:16113
I/ThumbnailProvider( 5939): ThumbnailProvider onCreate()
I/BroadcastProcessorService( 5939): DocumentService onHandleIntent ACTION_POWER_DISCONNECTED 
I/BroadcastProcessorService( 5939): [CURRENT_STATE] DocumentService state: SERVICE_NOT_STARTED
I/Process ( 5939): Sending signal. PID: 5939 SIG: 9
E/Zygote  ( 5961): MountEmulatedStorage()
E/Zygote  ( 5961): v2
I/SELinux ( 5961): Function: selinux_compare_spd_ram, SPD-policy is existed. and_ver=SEPF_SM-G900H_5.0 ver=13
I/SELinux ( 5961): Function: selinux_compare_spd_ram , priority [1] , priority version is VE=SEPF_SM-G900H_5.0_0013
E/SELinux ( 5961): [DEBUG] get_category: variable seinfo: platform sensitivity: NULL, cateogry: NULL
D/TimaKeyStoreProvider( 5961): TimaSignature is unavailable
D/ActivityThread( 5961): Added TimaKeyStore provider
D/ResourcesManager( 5961): creating new AssetManager and set to /system/app/DriveLink/DriveLink.apk
E/[CarMode]( 5961): [DLApplication]-onCreate: Applicatino Started!
D/SampleAppCoreManager( 5961): SampleAppCoreManager VACVersion '2.2.0.11867'
I/VlingoAndroidCore( 5961): AppName: SamsungCCKProject, Core: 2.2.0.11867, SDK: 2.0.1017, EDM:11867
D/VlingoApplication( 5918): sac sec ensureCacheEmpty() car_iux_tts_cacheing_required set to false
D/VlingoApplication( 5918): sac sec ensureCacheEmpty() purged 0 historically cached TTS files
D/DialogFlow( 5918): initQueue()
E/[CarMode]( 5961): [DLApplication]-Init Called!:false
E/[CarMode]( 5961): [DLApplication]-Init Started!:true
I/[CarModeFW]( 5961): DriveLinkServiceInterfaceImp-drivelink framework initialize start
I/[CarModeFW]( 5961): ### com.sec.android.automotive.drivelink.framework.DriveLinkServiceInterfaceImp::initialize(142)
I/[CarModeFW]( 5961): ### com.sec.android.automotive.drivelink.DLApplication::init(145)
I/[CarModeFW]( 5961): ### com.sec.android.automotive.drivelink.DLApplication::onCreate(73)
I/[CarModeFW]( 5961): ### android.app.Instrumentation::callApplicationOnCreate(1020)
I/[CarModeFW]( 5961): ### android.app.ActivityThread::handleBindApplication(5007)
I/[CarModeFW]( 5961): ### android.app.ActivityThread::access$1600(172)
I/[CarModeFW]( 5961): ### android.app.ActivityThread$H::handleMessage(1483)
I/[CarModeFW]( 5961): ### android.os.Handler::dispatchMessage(102)
I/[CarModeFW]( 5961): ### android.os.Looper::loop(145)
I/[CarModeFW]( 5961): ### android.app.ActivityThread::main(5832)
I/[CarModeFW]( 5961): ### java.lang.reflect.Method::invoke(372)
I/[CarModeFW]( 5961): ### com.android.internal.os.ZygoteInit$MethodAndArgsCaller::run(1399)
I/[CarModeFW]( 5961): ### com.android.internal.os.ZygoteInit::main(1194)
I/MessageDataHandler( 5961): initialize
D/[CarModeFW]( 5961): CDH-initiazlieCaches : before sync
D/[CarModeFW]( 5961): CDH-initiazlieCaches : after sync
D/BluetoothAdapter( 5961): 944779072: getState() :  mService = null. Returning STATE_OFF
D/BluetoothAdapter( 5961): 944779072: getState() :  mService = null. Returning STATE_OFF
D/[CarModeFW]( 5961): DrivingManager-initialize...
W/ServiceManager( 4320): Permission failure: com.samsung.permission.SSENSOR from uid=10099 pid=5961
D/PermissionCache( 4320): checking com.samsung.permission.SSENSOR for uid=10099 => denied (110 us)
I/SensorService( 4320): Skipped sensor HRM Sensor because it requires permission 
W/ServiceManager( 4320): Permission failure: android.permission.BODY_SENSORS from uid=10099 pid=5961
D/PermissionCache( 4320): checking android.permission.BODY_SENSORS for uid=10099 => denied (46 us)
I/SensorService( 4320): Skipped sensor HeartRate Sensor because it requires permission android.permission.BODY_SENSORS
I/SensorService( 4320): Skipped sensor MAX86900 because it requires permission 
D/[CarModeFW]( 5961): CDH-buildContactCacheWireFrame : cur len =0
D/[CarModeFW]( 5961): CDH-ContactDataHandler initiazlieCaches time : 24
D/[CarModeFW]( 5961): CDH-initiazlieCaches : end sync
I/MediaPlayer( 5961): Need to enable context aware info
V/MediaPlayer-JNI( 5961): native_setup
V/MediaPlayer( 5961): constructor
V/MediaPlayer( 5961): setListener
D/[CarModeFW]( 5961): PushMessageManager-bindPushMessageService
I/[CarModeFW]( 5961): DriveLinkServiceInterfaceImp-drivelink framework initialize end
D/[CarMode]( 5961): [DLServiceManager]-getOnDLLocationSuggestionListener..........
D/[CarModeFW]( 5961): Framework-Request-com.sec.android.automotive.drivelink.framework.command.RequestRecommendedContactListForCall => start time : 1436772367084
D/[CarModeFW]( 5961): Framework-Request-com.sec.android.automotive.drivelink.framework.command.RequestCallLogList => start time : 1436772367085
