D/SIP     ( 4980): [SipSharedPreferences] isReceivingCallsEnabled, option not set; use default value, exception: android.provider.Settings$SettingNotFoundException: sip_receive_calls
D/CellBroadcastReceiver( 5851): onReceive Intent { act=android.intent.action.ACTION_SUBINFO_RECORD_UPDATED flg=0x10 cmp=com.android.cellbroadcastreceiver/.CellBroadcastReceiver (has extras) }
D/WVMDrmPlugIn( 3690): WVMDrmPlugin::onTerminate : 7557
I/FFmpegExtractor( 3691): android-source:0xb45a1f60
I/FFMPEG  ( 3691): Input #0, ogg, from 'android-source:0xb45a1f60':
I/FFMPEG  ( 3691):   Duration: 00:00:00.60, start: 0.000000, bitrate: 138 kb/s
I/FFMPEG  ( 3691):     Stream #0:0: Audio: vorbis, 44100 Hz, stereo, fltp, 112 kb/s
I/FFMPEG  ( 3691):     Metadata:
I/FFMPEG  ( 3691):       TITLE           : Adara
D/FFmpegExtractor( 3691): FFmpegExtrator, url: android-source:0xb45a1f60, format_name: ogg, format_long_name: Ogg
I/FFmpegExtractor( 3691): adjust mime(application/ogg -> audio/vorbis)
D/FFmpegExtractor( 3691): suppoted codec(vorbis) by official Stagefright
D/FFmpegExtractor( 3691): ffmpeg detected media content as 'audio/vorbis' with confidence 0.08
D/AlertReceiver( 5529): onReceive: a=android.intent.action.PROVIDER_CHANGED Intent { act=android.intent.action.PROVIDER_CHANGED dat=content://com.android.calendar flg=0x10 cmp=com.android.calendar/.alerts.AlertReceiver }
V/Mms     ( 5669): onStart: #1 resultCode: -1 = Activity.RESULT_OK
D/AlertService( 5529): 0 Action = android.intent.action.PROVIDER_CHANGED
E/MetadataRetrieverClient( 3691): failed to extract an album art
W/BackupManagerService( 4117): dataChanged but no participant pkg='com.android.providers.settings' uid=10009
D/WVMDrmPlugIn( 3690): WVMDrmPlugin::onInitialize : 4513
D/WVMDrmPlugIn( 3690): WVMDrmPlugin::onSetOnInfoListener : add 4513
D/WVMDrmPlugIn( 3690): WVMDrmPlugin::onTerminate : 4513
I/FFmpegExtractor( 3691): android-source:0xb45a17e0
I/FFMPEG  ( 3691): Input #0, ogg, from 'android-source:0xb45a17e0':
I/FFMPEG  ( 3691):   Duration: 00:00:02.18, start: 0.000000, bitrate: 223 kb/s
I/FFMPEG  ( 3691):     Stream #0:0: Audio: vorbis, 44100 Hz, stereo, fltp, 224 kb/s
I/FFMPEG  ( 3691):     Metadata:
I/FFMPEG  ( 3691):       TITLE           : Ariel
D/FFmpegExtractor( 3691): FFmpegExtrator, url: android-source:0xb45a17e0, format_name: ogg, format_long_name: Ogg
I/FFmpegExtractor( 3691): adjust mime(application/ogg -> audio/vorbis)
D/FFmpegExtractor( 3691): suppoted codec(vorbis) by official Stagefright
D/FFmpegExtractor( 3691): ffmpeg detected media content as 'audio/vorbis' with confidence 0.08
D/WVMDrmPlugIn( 3690): WVMDrmPlugin::onInitialize : 4718
D/WVMDrmPlugIn( 3690): WVMDrmPlugin::onSetOnInfoListener : add 4718
D/WVMDrmPlugIn( 3690): WVMDrmPlugin::onTerminate : 4718
I/FFmpegExtractor( 3691): android-source:0xb45a18d0
I/FFMPEG  ( 3691): Input #0, ogg, from 'android-source:0xb45a18d0':
I/FFMPEG  ( 3691):   Duration: 00:00:02.01, start: 0.000000, bitrate: 137 kb/s
I/FFMPEG  ( 3691):     Stream #0:0: Audio: vorbis, 48000 Hz, stereo, fltp, 112 kb/s
I/FFMPEG  ( 3691):     Metadata:
I/FFMPEG  ( 3691):       TITLE           : Beat Box Android
D/FFmpegExtractor( 3691): FFmpegExtrator, url: android-source:0xb45a18d0, format_name: ogg, format_long_name: Ogg
I/FFmpegExtractor( 3691): adjust mime(application/ogg -> audio/vorbis)
D/FFmpegExtractor( 3691): suppoted codec(vorbis) by official Stagefright
D/FFmpegExtractor( 3691): ffmpeg detected media content as 'audio/vorbis' with confidence 0.08
D/WVMDrmPlugIn( 3690): WVMDrmPlugin::onInitialize : 5309
D/WVMDrmPlugIn( 3690): WVMDrmPlugin::onSetOnInfoListener : add 5309
D/WVMDrmPlugIn( 3690): WVMDrmPlugin::onTerminate : 5309
I/FFmpegExtractor( 3691): android-source:0xb3c06f60
I/FFMPEG  ( 3691): Input #0, ogg, from 'android-source:0xb3c06f60':
I/FFMPEG  ( 3691):   Duration: 00:00:01.20, start: 0.000000, bitrate: 104 kb/s
I/FFMPEG  ( 3691):     Stream #0:0: Audio: vorbis, 44100 Hz, stereo, fltp, 112 kb/s
I/FFMPEG  ( 3691):     Metadata:
I/FFMPEG  ( 3691):       TITLE           : Bellatrix
D/FFmpegExtractor( 3691): FFmpegExtrator, url: android-source:0xb3c06f60, format_name: ogg, format_long_name: Ogg
I/FFmpegExtractor( 3691): adjust mime(application/ogg -> audio/vorbis)
D/FFmpegExtractor( 3691): suppoted codec(vorbis) by official Stagefright
D/FFmpegExtractor( 3691): ffmpeg detected media content as 'audio/vorbis' with confidence 0.08
D/WVMDrmPlugIn( 3690): WVMDrmPlugin::onInitialize : 4513
D/WVMDrmPlugIn( 3690): WVMDrmPlugin::onSetOnInfoListener : add 4513
D/WVMDrmPlugIn( 3690): WVMDrmPlugin::onTerminate : 4513
I/FFmpegExtractor( 3691): android-source:0xb3c9f060
I/FFMPEG  ( 3691): Input #0, ogg, from 'android-source:0xb3c9f060':
I/FFMPEG  ( 3691):   Duration: 00:00:01.40, start: 0.000000, bitrate: 110 kb/s
I/FFMPEG  ( 3691):     Stream #0:0: Audio: vorbis, 44100 Hz, stereo, fltp, 112 kb/s
D/FFmpegExtractor( 3691): FFmpegExtrator, url: android-source:0xb3c9f060, format_name: ogg, format_long_name: Ogg
I/FFmpegExtractor( 3691): adjust mime(application/ogg -> audio/vorbis)
D/FFmpegExtractor( 3691): suppoted codec(vorbis) by official Stagefright
D/FFmpegExtractor( 3691): ffmpeg detected media content as 'audio/vorbis' with confidence 0.08
D/WVMDrmPlugIn( 3690): WVMDrmPlugin::onInitialize : 4813
D/WVMDrmPlugIn( 3690): WVMDrmPlugin::onSetOnInfoListener : add 4813
D/WVMDrmPlugIn( 3690): WVMDrmPlugin::onTerminate : 4813
I/FFmpegExtractor( 3691): android-source:0xb3c9f290
I/FFMPEG  ( 3691): Input #0, ogg, from 'android-source:0xb3c9f290':
I/FFMPEG  ( 3691):   Duration: 00:00:01.07, start: 0.000000, bitrate: 120 kb/s
I/FFMPEG  ( 3691):     Stream #0:0: Audio: vorbis, 44100 Hz, mono, fltp, 96 kb/s
I/FFMPEG  ( 3691):     Metadata:
I/FFMPEG  ( 3691):       ANDROID_LOOP    : false
I/FFMPEG  ( 3691):       track           : 2d_ma09_thing2
I/FFMPEG  ( 3691):       TITLE           : Betelgeuse
I/FFMPEG  ( 3691):       ARTIST          : pdx
D/FFmpegExtractor( 3691): FFmpegExtrator, url: android-source:0xb3c9f290, format_name: ogg, format_long_name: Ogg
I/FFmpegExtractor( 3691): adjust mime(application/ogg -> audio/vorbis)
D/FFmpegExtractor( 3691): suppoted codec(vorbis) by official Stagefright
D/FFmpegExtractor( 3691): ffmpeg detected media content as 'audio/vorbis' with confidence 0.08
D/WVMDrmPlugIn( 3690): WVMDrmPlugin::onInitialize : 5927
D/WVMDrmPlugIn( 3690): WVMDrmPlugin::onSetOnInfoListener : add 5927
D/WVMDrmPlugIn( 3690): WVMDrmPlugin::onTerminate : 5927
I/FFmpegExtractor( 3691): android-source:0xb45a1a10
I/FFMPEG  ( 3691): Input #0, ogg, from 'android-source:0xb45a1a10':
I/FFMPEG  ( 3691):   Duration: 00:00:01.92, start: 0.000000, bitrate: 79 kb/s
I/FFMPEG  ( 3691):     Stream #0:0: Audio: vorbis, 44100 Hz, mono, fltp, 80 kb/s
I/FFMPEG  ( 3691):     Metadata:
I/FFMPEG  ( 3691):       ARTIST          : Dr. MAD
I/FFMPEG  ( 3691):       TITLE           : Caffeinated Rattlesnake
D/FFmpegExtractor( 3691): FFmpegExtrator, url: android-source:0xb45a1a10, format_name: ogg, format_long_name: Ogg
I/FFmpegExtractor( 3691): adjust mime(application/ogg -> audio/vorbis)
D/FFmpegExtractor( 3691): suppoted codec(vorbis) by official Stagefright
D/FFmpegExtractor( 3691): ffmpeg detected media content as 'audio/vorbis' with confidence 0.08
D/WVMDrmPlugIn( 3690): WVMDrmPlugin::onInitialize : 7606
D/WVMDrmPlugIn( 3690): WVMDrmPlugin::onSetOnInfoListener : add 7606
D/WVMDrmPlugIn( 3690): WVMDrmPlugin::onTerminate : 7606
I/FFmpegExtractor( 3691): android-source:0xb45a1600
I/FFMPEG  ( 3691): Input #0, ogg, from 'android-source:0xb45a1600':
I/FFMPEG  ( 3691):   Duration: 00:00:00.71, start: 0.000000, bitrate: 135 kb/s
I/FFMPEG  ( 3691):     Stream #0:0: Audio: vorbis, 44100 Hz, stereo, fltp, 112 kb/s
I/FFMPEG  ( 3691):     Metadata:
I/FFMPEG  ( 3691):       TITLE           : Canopus
D/FFmpegExtractor( 3691): FFmpegExtrator, url: android-source:0xb45a1600, format_name: ogg, format_long_name: Ogg
I/FFmpegExtractor( 3691): adjust mime(application/ogg -> audio/vorbis)
D/FFmpegExtractor( 3691): suppoted codec(vorbis) by official Stagefright
D/FFmpegExtractor( 3691): ffmpeg detected media content as 'audio/vorbis' with confidence 0.08
D/WVMDrmPlugIn( 3690): WVMDrmPlugin::onInitialize : 8118
D/WVMDrmPlugIn( 3690): WVMDrmPlugin::onSetOnInfoListener : add 8118
D/WVMDrmPlugIn( 3690): WVMDrmPlugin::onTerminate : 8118
I/FFmpegExtractor( 3691): android-source:0xb45a1650
I/FFMPEG  ( 3691): Input #0, ogg, from 'android-source:0xb45a1650':
I/FFMPEG  ( 3691):   Duration: 00:00:01.38, start: 0.000000, bitrate: 76 kb/s
I/FFMPEG  ( 3691):     Stream #0:0: Audio: vorbis, 44100 Hz, mono, fltp, 80 kb/s
I/FFMPEG  ( 3691):     Metadata:
I/FFMPEG  ( 3691):       ANDROID_LOOP    : false
I/FFMPEG  ( 3691):       TITLE           : Capella
D/FFmpegExtractor( 3691): FFmpegExtrator, url: android-source:0xb45a1650, format_name: ogg, format_long_name: Ogg
I/FFmpegExtractor( 3691): adjust mime(application/ogg -> audio/vorbis)
D/FFmpegExtractor( 3691): suppoted codec(vorbis) by official Stagefright
D/FFmpegExtractor( 3691): ffmpeg detected media content as 'audio/vorbis' with confidence 0.08
E/ELEVEN  ( 5270): calling refresh!
D/WVMDrmPlugIn( 3690): WVMDrmPlugin::onInitialize : 6968
D/WVMDrmPlugIn( 3690): WVMDrmPlugin::onSetOnInfoListener : add 6968
D/WVMDrmPlugIn( 3690): WVMDrmPlugin::onTerminate : 6968
I/FFmpegExtractor( 3691): android-source:0xb45a11a0
I/FFMPEG  ( 3691): Input #0, ogg, from 'android-source:0xb45a11a0':
I/FFMPEG  ( 3691):   Duration: 00:00:01.26, start: 0.000000, bitrate: 221 kb/s
I/FFMPEG  ( 3691):     Stream #0:0: Audio: vorbis, 44100 Hz, stereo, fltp, 224 kb/s
I/FFMPEG  ( 3691):     Metadata:
I/FFMPEG  ( 3691):       TITLE           : Carme
D/FFmpegExtractor( 3691): FFmpegExtrator, url: android-source:0xb45a11a0, format_name: ogg, format_long_name: Ogg
I/FFmpegExtractor( 3691): adjust mime(application/ogg -> audio/vorbis)
D/FFmpegExtractor( 3691): suppoted codec(vorbis) by official Stagefright
D/FFmpegExtractor( 3691): ffmpeg detected media content as 'audio/vorbis' with confidence 0.08
D/WVMDrmPlugIn( 3690): WVMDrmPlugin::onInitialize : 7247
D/WVMDrmPlugIn( 3690): WVMDrmPlugin::onSetOnInfoListener : add 7247
D/WVMDrmPlugIn( 3690): WVMDrmPlugin::onTerminate : 7247
I/FFmpegExtractor( 3691): android-source:0xb6055e20
I/FFMPEG  ( 3691): Input #0, ogg, from 'android-source:0xb6055e20':
I/FFMPEG  ( 3691):   Duration: 00:00:01.57, start: 0.000000, bitrate: 74 kb/s
I/FFMPEG  ( 3691):     Stream #0:0: Audio: vorbis, 44100 Hz, mono, fltp, 80 kb/s
I/FFMPEG  ( 3691):     Metadata:
I/FFMPEG  ( 3691):       ANDROID_LOOP    : false
I/FFMPEG  ( 3691):       track           : 2dB102b
I/FFMPEG  ( 3691):       TITLE           : Castor
I/FFMPEG  ( 3691):       ARTIST          : pdx
D/FFmpegExtractor( 3691): FFmpegExtrator, url: android-source:0xb6055e20, format_name: ogg, format_long_name: Ogg
I/FFmpegExtractor( 3691): adjust mime(application/ogg -> audio/vorbis)
D/FFmpegExtractor( 3691): suppoted codec(vorbis) by official Stagefright
D/FFmpegExtractor( 3691): ffmpeg detected media content as 'audio/vorbis' with confidence 0.08
D/WVMDrmPlugIn( 3690): WVMDrmPlugin::onInitialize : 4757
D/WVMDrmPlugIn( 3690): WVMDrmPlugin::onSetOnInfoListener : add 4757
D/WVMDrmPlugIn( 3690): WVMDrmPlugin::onTerminate : 4757
I/FFmpegExtractor( 3691): android-source:0xb3c06650
I/FFMPEG  ( 3691): Input #0, ogg, from 'android-source:0xb3c06650':
I/FFMPEG  ( 3691):   Duration: 00:00:01.26, start: 0.000000, bitrate: 252 kb/s
I/FFMPEG  ( 3691):     Stream #0:0: Audio: vorbis, 44100 Hz, stereo, fltp, 224 kb/s
I/FFMPEG  ( 3691):     Metadata:
I/FFMPEG  ( 3691):       TITLE           : Ceres
D/FFmpegExtractor( 3691): FFmpegExtrator, url: android-source:0xb3c06650, format_name: ogg, format_long_name: Ogg
I/FFmpegExtractor( 3691): adjust mime(application/ogg -> audio/vorbis)
D/FFmpegExtractor( 3691): suppoted codec(vorbis) by official Stagefright
D/FFmpegExtractor( 3691): ffmpeg detected media content as 'audio/vorbis' with confidence 0.08
D/WVMDrmPlugIn( 3690): WVMDrmPlugin::onInitialize : 6650
D/WVMDrmPlugIn( 3690): WVMDrmPlugin::onSetOnInfoListener : add 6650
D/WVMDrmPlugIn( 3690): WVMDrmPlugin::onTerminate : 6650
I/FFmpegExtractor( 3691): android-source:0xb6055d30
I/FFMPEG  ( 3691): Input #0, ogg, from 'android-source:0xb6055d30':
I/FFMPEG  ( 3691):   Duration: 00:00:02.88, start: 0.000000, bitrate: 72 kb/s
I/FFMPEG  ( 3691):     Stream #0:0: Audio: vorbis, 44100 Hz, mono, fltp, 75 kb/s
I/FFMPEG  ( 3691):     Metadata:
I/FFMPEG  ( 3691):       COPYRIGHT       : Copyright (c) 2009 Android Open Source Project
I/FFMPEG  ( 3691):       TITLE           : Ceti Alpha
D/FFmpegExtractor( 3691): FFmpegExtrator, url: android-source:0xb6055d30, format_name: ogg, format_long_name: Ogg
I/FFmpegExtractor( 3691): adjust mime(application/ogg -> audio/vorbis)
D/FFmpegExtractor( 3691): suppoted codec(vorbis) by official Stagefright
D/FFmpegExtractor( 3691): ffmpeg detected media content as 'audio/vorbis' with confidence 0.08
D/WVMDrmPlugIn( 3690): WVMDrmPlugin::onInitialize : 4329
D/WVMDrmPlugIn( 3690): WVMDrmPlugin::onSetOnInfoListener : add 4329
D/WVMDrmPlugIn( 3690): WVMDrmPlugin::onTerminate : 4329
I/FFmpegExtractor( 3691): android-source:0xb3c06790
I/FFMPEG  ( 3691): Input #0, ogg, from 'android-source:0xb3c06790':
I/FFMPEG  ( 3691):   Duration: 00:00:01.60, start: 0.000000, bitrate: 90 kb/s
I/FFMPEG  ( 3691):     Stream #0:0: Audio: vorbis, 44100 Hz, stereo, fltp, 112 kb/s
D/FFmpegExtractor( 3691): FFmpegExtrator, url: android-source:0xb3c06790, format_name: ogg, format_long_name: Ogg
I/FFmpegExtractor( 3691): adjust mime(application/ogg -> audio/vorbis)
D/FFmpegExtractor( 3691): suppoted codec(vorbis) by official Stagefright
D/FFmpegExtractor( 3691): ffmpeg detected media content as 'audio/vorbis' with confidence 0.08
D/WVMDrmPlugIn( 3690): WVMDrmPlugin::onInitialize : 6205
D/WVMDrmPlugIn( 3690): WVMDrmPlugin::onSetOnInfoListener : add 6205
D/WVMDrmPlugIn( 3690): WVMDrmPlugin::onTerminate : 6205
I/FFmpegExtractor( 3691): android-source:0xb3c067e0
I/FFMPEG  ( 3691): Input #0, ogg, from 'android-source:0xb3c067e0':
I/FFMPEG  ( 3691):   Duration: 00:00:00.89, start: 0.000000, bitrate: 98 kb/s
I/FFMPEG  ( 3691):     Stream #0:0: Audio: vorbis, 44100 Hz, mono, fltp, 75 kb/s
I/FFMPEG  ( 3691):     Metadata:
I/FFMPEG  ( 3691):       COPYRIGHT       : Copyright (c) 2009 Android Open Source Project
I/FFMPEG  ( 3691):       TITLE           : Cricket
I/FFMPEG  ( 3691):       ARTIST          : Dave Sparks
D/FFmpegExtractor( 3691): FFmpegExtrator, url: android-source:0xb3c067e0, format_name: ogg, format_long_name: Ogg
I/FFmpegExtractor( 3691): adjust mime(application/ogg -> audio/vorbis)
D/FFmpegExtractor( 3691): suppoted codec(vorbis) by official Stagefright
D/FFmpegExtractor( 3691): ffmpeg detected media content as 'audio/vorbis' with confidence 0.08
D/WVMDrmPlugIn( 3690): WVMDrmPlugin::onInitialize : 6593
D/WVMDrmPlugIn( 3690): WVMDrmPlugin::onSetOnInfoListener : add 6593
D/WVMDrmPlugIn( 3690): WVMDrmPlugin::onTerminate : 6593
I/FFmpegExtractor( 3691): android-source:0xb420d330
I/FFMPEG  ( 3691): Input #0, ogg, from 'android-source:0xb420d330':
I/FFMPEG  ( 3691):   Duration: 00:00:01.88, start: 0.000000, bitrate: 44 kb/s
I/FFMPEG  ( 3691):     Stream #0:0: Audio: vorbis, 44100 Hz, stereo, fltp, 128 kb/s
I/FFMPEG  ( 3691):     Metadata:
I/FFMPEG  ( 3691):       TITLE           : CyanDoink
I/FFMPEG  ( 3691):       ENCODER         : FL Studio
D/FFmpegExtractor( 3691): FFmpegExtrator, url: android-source:0xb420d330, format_name: ogg, format_long_name: Ogg
I/FFmpegExtractor( 3691): adjust mime(application/ogg -> audio/vorbis)
D/FFmpegExtractor( 3691): suppoted codec(vorbis) by official Stagefright
D/FFmpegExtractor( 3691): ffmpeg detected media content as 'audio/vorbis' with confidence 0.08
D/WVMDrmPlugIn( 3690): WVMDrmPlugin::onInitialize : 4964
D/WVMDrmPlugIn( 3690): WVMDrmPlugin::onSetOnInfoListener : add 4964
D/WVMDrmPlugIn( 3690): WVMDrmPlugin::onTerminate : 4964
I/FFmpegExtractor( 3691): android-source:0xb420d4c0
I/FFMPEG  ( 3691): Input #0, ogg, from 'android-source:0xb420d4c0':
I/FFMPEG  ( 3691):   Duration: 00:00:01.85, start: 0.000000, bitrate: 473 kb/s
I/FFMPEG  ( 3691):     Stream #0:0: Audio: vorbis, 44100 Hz, stereo, fltp, 450 kb/s
I/FFMPEG  ( 3691):     Metadata:
I/FFMPEG  ( 3691):       ENCODER         : FL Studio
D/FFmpegExtractor( 3691): FFmpegExtrator, url: android-source:0xb420d4c0, format_name: ogg, format_long_name: Ogg
I/FFmpegExtractor( 3691): adjust mime(application/ogg -> audio/vorbis)
D/FFmpegExtractor( 3691): suppoted codec(vorbis) by official Stagefright
D/FFmpegExtractor( 3691): ffmpeg detected media content as 'audio/vorbis' with confidence 0.08
D/WVMDrmPlugIn( 3690): WVMDrmPlugin::onInitialize : 4908
D/WVMDrmPlugIn( 3690): WVMDrmPlugin::onSetOnInfoListener : add 4908
D/WVMDrmPlugIn( 3690): WVMDrmPlugin::onTerminate : 4908
I/FFmpegExtractor( 3691): android-source:0xb420d790
I/FFMPEG  ( 3691): Input #0, ogg, from 'android-source:0xb420d790':
I/FFMPEG  ( 3691):   Duration: 00:00:01.85, start: 0.000000, bitrate: 244 kb/s
I/FFMPEG  ( 3691):     Stream #0:0: Audio: vorbis, 44100 Hz, stereo, fltp, 450 kb/s
I/FFMPEG  ( 3691):     Metadata:
I/FFMPEG  ( 3691):       ENCODER         : FL Studio
D/FFmpegExtractor( 3691): FFmpegExtrator, url: android-source:0xb420d790, format_name: ogg, format_long_name: Ogg
I/FFmpegExtractor( 3691): adjust mime(application/ogg -> audio/vorbis)
D/FFmpegExtractor( 3691): suppoted codec(vorbis) by official Stagefright
D/FFmpegExtractor( 3691): ffmpeg detected media content as 'audio/vorbis' with confidence 0.08
D/WVMDrmPlugIn( 3690): WVMDrmPlugin::onInitialize : 6729
D/WVMDrmPlugIn( 3690): WVMDrmPlugin::onSetOnInfoListener : add 6729
D/WVMDrmPlugIn( 3690): WVMDrmPlugin::onTerminate : 6729
I/FFmpegExtractor( 3691): android-source:0xb420d920
I/FFMPEG  ( 3691): Input #0, ogg, from 'android-source:0xb420d920':
I/FFMPEG  ( 3691):   Duration: 00:00:01.92, start: 0.000000, bitrate: 77 kb/s
I/FFMPEG  ( 3691):     Stream #0:0: Audio: vorbis, 44100 Hz, mono, fltp, 80 kb/s
I/FFMPEG  ( 3691):     Metadata:
I/FFMPEG  ( 3691):       ARTIST          : Dr. MAD
I/FFMPEG  ( 3691):       TITLE           : Dear Deer
D/FFmpegExtractor( 3691): FFmpegExtrator, url: android-source:0xb420d920, format_name: ogg, format_long_name: Ogg
I/FFmpegExtractor( 3691): adjust mime(application/ogg -> audio/vorbis)
D/FFmpegExtractor( 3691): suppoted codec(vorbis) by official Stagefright
D/FFmpegExtractor( 3691): ffmpeg detected media content as 'audio/vorbis' with confidence 0.08
D/WVMDrmPlugIn( 3690): WVMDrmPlugin::onInitialize : 4688
D/WVMDrmPlugIn( 3690): WVMDrmPlugin::onSetOnInfoListener : add 4688
D/WVMDrmPlugIn( 3690): WVMDrmPlugin::onTerminate : 4688
I/FFmpegExtractor( 3691): android-source:0xb6055e20
I/FFMPEG  ( 3691): Input #0, ogg, from 'android-source:0xb6055e20':
I/FFMPEG  ( 3691):   Duration: 00:00:01.67, start: 0.000000, bitrate: 69 kb/s
I/FFMPEG  ( 3691):     Stream #0:0: Audio: vorbis, 44100 Hz, mono, fltp, 80 kb/s
I/FFMPEG  ( 3691):     Metadata:
I/FFMPEG  ( 3691):       ANDROID_LOOP    : false
I/FFMPEG  ( 3691):       track           : 2d209c
I/FFMPEG  ( 3691):       TITLE           : Deneb
I/FFMPEG  ( 3691):       ARTIST          : pdx
D/FFmpegExtractor( 3691): FFmpegExtrator, url: android-source:0xb6055e20, format_name: ogg, format_long_name: Ogg
I/FFmpegExtractor( 3691): adjust mime(application/ogg -> audio/vorbis)
D/FFmpegExtractor( 3691): suppoted codec(vorbis) by official Stagefright
D/FFmpegExtractor( 3691): ffmpeg detected media content as 'audio/vorbis' with confidence 0.08
I/ActivityManager( 4117): Killing 5588:com.cyanogenmod.updater/u0a3 (adj 15): empty #17
D/WVMDrmPlugIn( 3690): WVMDrmPlugin::onInitialize : 6697
D/WVMDrmPlugIn( 3690): WVMDrmPlugin::onSetOnInfoListener : add 6697
D/WVMDrmPlugIn( 3690): WVMDrmPlugin::onTerminate : 6697
I/FFmpegExtractor( 3691): android-source:0xb6055ce0
I/FFMPEG  ( 3691): Input #0, ogg, from 'android-source:0xb6055ce0':
I/FFMPEG  ( 3691):   Duration: 00:00:00.36, start: 0.000000, bitrate: 197 kb/s
I/FFMPEG  ( 3691):     Stream #0:0: Audio: vorbis, 44100 Hz, mono, fltp, 75 kb/s
I/FFMPEG  ( 3691):     Metadata:
I/FFMPEG  ( 3691):       COPYRIGHT       : Copyright (c) 2009 Android Open Source Project
I/FFMPEG  ( 3691):       TITLE           : Doink
I/FFMPEG  ( 3691):       ARTIST          : Dave Sparks
D/FFmpegExtractor( 3691): FFmpegExtrator, url: android-source:0xb6055ce0, format_name: ogg, format_long_name: Ogg
I/FFmpegExtractor( 3691): adjust mime(application/ogg -> audio/vorbis)
D/FFmpegExtractor( 3691): suppoted codec(vorbis) by official Stagefright
D/FFmpegExtractor( 3691): ffmpeg detected media content as 'audio/vorbis' with confidence 0.08
W/libprocessgroup( 4117): failed to open /acct/uid_10003/pid_5588/cgroup.procs: No such file or directory
D/WVMDrmPlugIn( 3690): WVMDrmPlugin::onInitialize : 8010
D/WVMDrmPlugIn( 3690): WVMDrmPlugin::onSetOnInfoListener : add 8010
D/WVMDrmPlugIn( 3690): WVMDrmPlugin::onTerminate : 8010
I/FFmpegExtractor( 3691): android-source:0xb6055fb0
I/FFMPEG  ( 3691): Input #0, ogg, from 'android-source:0xb6055fb0':
I/FFMPEG  ( 3691):   Duration: 00:00:01.92, start: 0.000000, bitrate: 70 kb/s
I/FFMPEG  ( 3691):     Stream #0:0: Audio: vorbis, 44100 Hz, mono, fltp, 80 kb/s
I/FFMPEG  ( 3691):     Metadata:
I/FFMPEG  ( 3691):       ARTIST          : Dr. MAD
I/FFMPEG  ( 3691):       TITLE           : Don't Panic
D/FFmpegExtractor( 3691): FFmpegExtrator, url: android-source:0xb6055fb0, format_name: ogg, format_long_name: Ogg
I/FFmpegExtractor( 3691): adjust mime(application/ogg -> audio/vorbis)
D/FFmpegExtractor( 3691): suppoted codec(vorbis) by official Stagefright
D/FFmpegExtractor( 3691): ffmpeg detected media content as 'audio/vorbis' with confidence 0.08
D/WVMDrmPlugIn( 3690): WVMDrmPlugin::onInitialize : 8078
D/WVMDrmPlugIn( 3690): WVMDrmPlugin::onSetOnInfoListener : add 8078
D/WVMDrmPlugIn( 3690): WVMDrmPlugin::onTerminate : 8078
I/FFmpegExtractor( 3691): android-source:0xb45a1290
I/FFMPEG  ( 3691): Input #0, ogg, from 'android-source:0xb45a1290':
I/FFMPEG  ( 3691):   Duration: 00:00:01.24, start: 0.000000, bitrate: 85 kb/s
I/FFMPEG  ( 3691):     Stream #0:0: Audio: vorbis, 44100 Hz, mono, fltp, 75 kb/s
I/FFMPEG  ( 3691):     Metadata:
I/FFMPEG  ( 3691):       COPYRIGHT       : Copyright (c) 2009 Android Open Source Project
I/FFMPEG  ( 3691):       TITLE           : Drip
I/FFMPEG  ( 3691):       ARTIST          : Dave Sparks
D/FFmpegExtractor( 3691): FFmpegExtrator, url: android-source:0xb45a1290, format_name: ogg, format_long_name: Ogg
I/FFmpegExtractor( 3691): adjust mime(application/ogg -> audio/vorbis)
D/FFmpegExtractor( 3691): suppoted codec(vorbis) by official Stagefright
D/FFmpegExtractor( 3691): ffmpeg detected media content as 'audio/vorbis' with confidence 0.08
D/WVMDrmPlugIn( 3690): WVMDrmPlugin::onInitialize : 7120
D/WVMDrmPlugIn( 3690): WVMDrmPlugin::onSetOnInfoListener : add 7120
D/WVMDrmPlugIn( 3690): WVMDrmPlugin::onTerminate : 7120
I/FFmpegExtractor( 3691): android-source:0xb45a1420
I/FFMPEG  ( 3691): Input #0, ogg, from 'android-source:0xb45a1420':
I/FFMPEG  ( 3691):   Duration: 00:00:00.96, start: 0.000000, bitrate: 307 kb/s
I/FFMPEG  ( 3691):     Stream #0:0: Audio: vorbis, 44100 Hz, stereo, fltp, 224 kb/s
I/FFMPEG  ( 3691):     Metadata:
I/FFMPEG  ( 3691):       TITLE           : Elara
D/FFmpegExtractor( 3691): FFmpegExtrator, url: android-source:0xb45a1420, format_name: ogg, format_long_name: Ogg
I/FFmpegExtractor( 3691): adjust mime(application/ogg -> audio/vorbis)
D/FFmpegExtractor( 3691): suppoted codec(vorbis) by official Stagefright
D/FFmpegExtractor( 3691): ffmpeg detected media content as 'audio/vorbis' with confidence 0.08
D/WVMDrmPlugIn( 3690): WVMDrmPlugin::onInitialize : 6082
D/WVMDrmPlugIn( 3690): WVMDrmPlugin::onSetOnInfoListener : add 6082
D/WVMDrmPlugIn( 3690): WVMDrmPlugin::onTerminate : 6082
I/FFmpegExtractor( 3691): android-source:0xb45a1560
I/FFMPEG  ( 3691): Input #0, ogg, from 'android-source:0xb45a1560':
I/FFMPEG  ( 3691):   Duration: 00:00:02.09, start: 0.000000, bitrate: 58 kb/s
I/FFMPEG  ( 3691):     Stream #0:0: Audio: vorbis, 44100 Hz, mono, fltp, 80 kb/s
I/FFMPEG  ( 3691):     Metadata:
I/FFMPEG  ( 3691):       ANDROID_LOOP    : false
I/FFMPEG  ( 3691):       track           : 2d206a
I/FFMPEG  ( 3691):       TITLE           : Electra
I/FFMPEG  ( 3691):       ARTIST          : pdx
D/FFmpegExtractor( 3691): FFmpegExtrator, url: android-source:0xb45a1560, format_name: ogg, format_long_name: Ogg
I/FFmpegExtractor( 3691): adjust mime(application/ogg -> audio/vorbis)
D/FFmpegExtractor( 3691): suppoted codec(vorbis) by official Stagefright
D/FFmpegExtractor( 3691): ffmpeg detected media content as 'audio/vorbis' with confidence 0.08
D/WVMDrmPlugIn( 3690): WVMDrmPlugin::onInitialize : 5070
D/WVMDrmPlugIn( 3690): WVMDrmPlugin::onSetOnInfoListener : add 5070
D/WVMDrmPlugIn( 3690): WVMDrmPlugin::onTerminate : 5070
I/FFmpegExtractor( 3691): android-source:0xb45a15b0
I/FFMPEG  ( 3691): Input #0, ogg, from 'android-source:0xb45a15b0':
I/FFMPEG  ( 3691):   Duration: 00:00:00.88, start: 0.000000, bitrate: 239 kb/s
I/FFMPEG  ( 3691):     Stream #0:0: Audio: vorbis, 44100 Hz, stereo, fltp, 224 kb/s
I/FFMPEG  ( 3691):     Metadata:
I/FFMPEG  ( 3691):       TITLE           : Europa
D/FFmpegExtractor( 3691): FFmpegExtrator, url: android-source:0xb45a15b0, format_name: ogg, format_long_name: Ogg
I/FFmpegExtractor( 3691): adjust mime(application/ogg -> audio/vorbis)
D/FFmpegExtractor( 3691): suppoted codec(vorbis) by official Stagefright
D/FFmpegExtractor( 3691): ffmpeg detected media content as 'audio/vorbis' with confidence 0.08
D/WVMDrmPlugIn( 3690): WVMDrmPlugin::onInitialize : 4656
D/WVMDrmPlugIn( 3690): WVMDrmPlugin::onSetOnInfoListener : add 4656
D/WVMDrmPlugIn( 3690): WVMDrmPlugin::onTerminate : 4656
I/FFmpegExtractor( 3691): android-source:0xb45a1ce0
I/FFMPEG  ( 3691): Input #0, ogg, from 'android-source:0xb45a1ce0':
I/FFMPEG  ( 3691):   Duration: 00:00:00.71, start: 0.000000, bitrate: 135 kb/s
I/FFMPEG  ( 3691):     Stream #0:0: Audio: vorbis, 44100 Hz, stereo, fltp, 112 kb/s
I/FFMPEG  ( 3691):     Metadata:
I/FFMPEG  ( 3691):       TITLE           : Missed It
D/FFmpegExtractor( 3691): FFmpegExtrator, url: android-source:0xb45a1ce0, format_name: ogg, format_long_name: Ogg
I/FFmpegExtractor( 3691): adjust mime(application/ogg -> audio/vorbis)
D/FFmpegExtractor( 3691): suppoted codec(vorbis) by official Stagefright
D/FFmpegExtractor( 3691): ffmpeg detected media content as 'audio/vorbis' with confidence 0.08
D/WVMDrmPlugIn( 3690): WVMDrmPlugin::onInitialize : 5903
D/WVMDrmPlugIn( 3690): WVMDrmPlugin::onSetOnInfoListener : add 5903
D/WVMDrmPlugIn( 3690): WVMDrmPlugin::onTerminate : 5903
I/FFmpegExtractor( 3691): android-source:0xb420d6f0
I/FFMPEG  ( 3691): Input #0, ogg, from 'android-source:0xb420d6f0':
I/FFMPEG  ( 3691):   Duration: 00:00:01.31, start: 0.000000, bitrate: 128 kb/s
I/FFMPEG  ( 3691):     Stream #0:0: Audio: vorbis, 44100 Hz, stereo, fltp, 112 kb/s
I/FFMPEG  ( 3691):     Metadata:
I/FFMPEG  ( 3691):       TITLE           : Captain's Log
D/FFmpegExtractor( 3691): FFmpegExtrator, url: android-source:0xb420d6f0, format_name: ogg, format_long_name: Ogg
I/FFmpegExtractor( 3691): adjust mime(application/ogg -> audio/vorbis)
D/FFmpegExtractor( 3691): suppoted codec(vorbis) by official Stagefright
D/FFmpegExtractor( 3691): ffmpeg detected media content as 'audio/vorbis' with confidence 0.08
D/WVMDrmPlugIn( 3690): WVMDrmPlugin::onInitialize : 4638
D/WVMDrmPlugIn( 3690): WVMDrmPlugin::onSetOnInfoListener : add 4638
D/WVMDrmPlugIn( 3690): WVMDrmPlugin::onTerminate : 4638
I/FFmpegExtractor( 3691): android-source:0xb420d470
I/FFMPEG  ( 3691): Input #0, ogg, from 'android-source:0xb420d470':
I/FFMPEG  ( 3691):   Duration: 00:00:00.65, start: 0.000000, bitrate: 146 kb/s
I/FFMPEG  ( 3691):     Stream #0:0: Audio: vorbis, 44100 Hz, stereo, fltp, 112 kb/s
I/FFMPEG  ( 3691):     Metadata:
I/FFMPEG  ( 3691):       TITLE           : Look At Me
D/FFmpegExtractor( 3691): FFmpegExtrator, url: android-source:0xb420d470, format_name: ogg, format_long_name: Ogg
I/FFmpegExtractor( 3691): adjust mime(application/ogg -> audio/vorbis)
D/FFmpegExtractor( 3691): suppoted codec(vorbis) by official Stagefright
D/FFmpegExtractor( 3691): ffmpeg detected media content as 'audio/vorbis' with confidence 0.08
D/WVMDrmPlugIn( 3690): WVMDrmPlugin::onInitialize : 5927
D/WVMDrmPlugIn( 3690): WVMDrmPlugin::onSetOnInfoListener : add 5927
D/WVMDrmPlugIn( 3690): WVMDrmPlugin::onTerminate : 5927
I/FFmpegExtractor( 3691): android-source:0xb420d510
I/FFMPEG  ( 3691): Input #0, ogg, from 'android-source:0xb420d510':
I/FFMPEG  ( 3691):   Duration: 00:00:01.60, start: 0.000000, bitrate: 93 kb/s
I/FFMPEG  ( 3691):     Stream #0:0: Audio: vorbis, 44100 Hz, stereo, fltp, 112 kb/s
D/FFmpegExtractor( 3691): FFmpegExtrator, url: android-source:0xb420d510, format_name: ogg, format_long_name: Ogg
I/FFmpegExtractor( 3691): adjust mime(application/ogg -> audio/vorbis)
D/FFmpegExtractor( 3691): suppoted codec(vorbis) by official Stagefright
D/FFmpegExtractor( 3691): ffmpeg detected media content as 'audio/vorbis' with confidence 0.08
D/WVMDrmPlugIn( 3690): WVMDrmPlugin::onInitialize : 7765
D/WVMDrmPlugIn( 3690): WVMDrmPlugin::onSetOnInfoListener : add 7765
D/WVMDrmPlugIn( 3690): WVMDrmPlugin::onTerminate : 7765
I/FFmpegExtractor( 3691): android-source:0xb3c06790
I/FFMPEG  ( 3691): Input #0, ogg, from 'android-source:0xb3c06790':
I/FFMPEG  ( 3691):   Duration: 00:00:02.30, start: 0.000000, bitrate: 76 kb/s
I/FFMPEG  ( 3691):     Stream #0:0: Audio: vorbis, 44100 Hz, mono, fltp, 80 kb/s
I/FFMPEG  ( 3691):     Metadata:
I/FFMPEG  ( 3691):       ANDROID_LOOP    : false
I/FFMPEG  ( 3691):       track           : 3d207b2
I/FFMPEG  ( 3691):       TITLE           : Fomalhaut
I/FFMPEG  ( 3691):       ARTIST          : pdx
D/FFmpegExtractor( 3691): FFmpegExtrator, url: android-source:0xb3c06790, format_name: ogg, format_long_name: Ogg
I/FFmpegExtractor( 3691): adjust mime(application/ogg -> audio/vorbis)
D/FFmpegExtractor( 3691): suppoted codec(vorbis) by official Stagefright
D/FFmpegExtractor( 3691): ffmpeg detected media content as 'audio/vorbis' with confidence 0.08
D/WVMDrmPlugIn( 3690): WVMDrmPlugin::onInitialize : 8100
D/WVMDrmPlugIn( 3690): WVMDrmPlugin::onSetOnInfoListener : add 8100
D/WVMDrmPlugIn( 3690): WVMDrmPlugin::onTerminate : 8100
I/FFmpegExtractor( 3691): android-source:0xb420d6f0
I/FFMPEG  ( 3691): Input #0, ogg, from 'android-source:0xb420d6f0':
I/FFMPEG  ( 3691):   Duration: 00:00:00.80, start: 0.000000, bitrate: 122 kb/s
I/FFMPEG  ( 3691):     Stream #0:0: Audio: vorbis, 44100 Hz, stereo, fltp, 112 kb/s
D/FFmpegExtractor( 3691): FFmpegExtrator, url: android-source:0xb420d6f0, format_name: ogg, format_long_name: Ogg
I/FFmpegExtractor( 3691): adjust mime(application/ogg -> audio/vorbis)
D/FFmpegExtractor( 3691): suppoted codec(vorbis) by official Stagefright
D/FFmpegExtractor( 3691): ffmpeg detected media content as 'audio/vorbis' with confidence 0.08
D/WVMDrmPlugIn( 3690): WVMDrmPlugin::onInitialize : 6344
D/WVMDrmPlugIn( 3690): WVMDrmPlugin::onSetOnInfoListener : add 6344
D/WVMDrmPlugIn( 3690): WVMDrmPlugin::onTerminate : 6344
I/FFmpegExtractor( 3691): android-source:0xb420d8d0
I/FFMPEG  ( 3691): Input #0, ogg, from 'android-source:0xb420d8d0':
I/FFMPEG  ( 3691):   Duration: 00:00:02.01, start: 0.000000, bitrate: 153 kb/s
I/FFMPEG  ( 3691):     Stream #0:0: Audio: vorbis, 48000 Hz, stereo, fltp, 112 kb/s
I/FFMPEG  ( 3691):     Metadata:
I/FFMPEG  ( 3691):       TITLE           : Heaven
D/FFmpegExtractor( 3691): FFmpegExtrator, url: android-source:0xb420d8d0, format_name: ogg, format_long_name: Ogg
I/FFmpegExtractor( 3691): adjust mime(application/ogg -> audio/vorbis)
D/FFmpegExtractor( 3691): suppoted codec(vorbis) by official Stagefright
D/FFmpegExtractor( 3691): ffmpeg detected media content as 'audio/vorbis' with confidence 0.08
D/WVMDrmPlugIn( 3690): WVMDrmPlugin::onInitialize : 4291
D/WVMDrmPlugIn( 3690): WVMDrmPlugin::onSetOnInfoListener : add 4291
D/WVMDrmPlugIn( 3690): WVMDrmPlugin::onTerminate : 4291
I/FFmpegExtractor( 3691): android-source:0xb4012150
I/FFMPEG  ( 3691): Input #0, ogg, from 'android-source:0xb4012150':
I/FFMPEG  ( 3691):   Duration: 00:00:00.30, start: 0.000000, bitrate: 198 kb/s
I/FFMPEG  ( 3691):     Stream #0:0: Audio: vorbis, 44100 Hz, stereo, fltp, 112 kb/s
I/FFMPEG  ( 3691):     Metadata:
I/FFMPEG  ( 3691):       ANDROID_LOOP    : false
I/FFMPEG  ( 3691):       TITLE           : Helium
D/FFmpegExtractor( 3691): FFmpegExtrator, url: android-source:0xb4012150, format_name: ogg, format_long_name: Ogg
I/FFmpegExtractor( 3691): adjust mime(application/ogg -> audio/vorbis)
D/FFmpegExtractor( 3691): suppoted codec(vorbis) by official Stagefright
D/FFmpegExtractor( 3691): ffmpeg detected media content as 'audio/vorbis' with confidence 0.08
D/WVMDrmPlugIn( 3690): WVMDrmPlugin::onInitialize : 5217
D/WVMDrmPlugIn( 3690): WVMDrmPlugin::onSetOnInfoListener : add 5217
D/WVMDrmPlugIn( 3690): WVMDrmPlugin::onTerminate : 5217
I/FFmpegExtractor( 3691): android-source:0xb3c06790
I/FFMPEG  ( 3691): Input #0, ogg, from 'android-source:0xb3c06790':
I/FFMPEG  ( 3691):   Duration: 00:00:01.92, start: 0.000000, bitrate: 76 kb/s
I/FFMPEG  ( 3691):     Stream #0:0: Audio: vorbis, 44100 Hz, mono, fltp, 80 kb/s
I/FFMPEG  ( 3691):     Metadata:
I/FFMPEG  ( 3691):       ARTIST          : Dr. MAD
I/FFMPEG  ( 3691):       TITLE           : Highwire
D/FFmpegExtractor( 3691): FFmpegExtrator, url: android-source:0xb3c06790, format_name: ogg, format_long_name: Ogg
I/FFmpegExtractor( 3691): adjust mime(application/ogg -> audio/vorbis)
D/FFmpegExtractor( 3691): suppoted codec(vorbis) by official Stagefright
D/FFmpegExtractor( 3691): ffmpeg detected media content as 'audio/vorbis' with confidence 0.08
D/WVMDrmPlugIn( 3690): WVMDrmPlugin::onInitialize : 6761
D/WVMDrmPlugIn( 3690): WVMDrmPlugin::onSetOnInfoListener : add 6761
D/WVMDrmPlugIn( 3690): WVMDrmPlugin::onTerminate : 6761
I/FFmpegExtractor( 3691): android-source:0xb6055d30
I/FFMPEG  ( 3691): Input #0, ogg, from 'android-source:0xb6055d30':
I/FFMPEG  ( 3691):   Duration: 00:00:01.20, start: 0.000000, bitrate: 93 kb/s
I/FFMPEG  ( 3691):     Stream #0:0: Audio: vorbis, 44100 Hz, stereo, fltp, 96 kb/s
I/FFMPEG  ( 3691):     Metadata:
I/FFMPEG  ( 3691):       TITLE           : Hojus
D/FFmpegExtractor( 3691): FFmpegExtrator, url: android-source:0xb6055d30, format_name: ogg, format_long_name: Ogg
I/FFmpegExtractor( 3691): adjust mime(application/ogg -> audio/vorbis)
D/FFmpegExtractor( 3691): suppoted codec(vorbis) by official Stagefright
D/FFmpegExtractor( 3691): ffmpeg detected media content as 'audio/vorbis' with confidence 0.08
D/WVMDrmPlugIn( 3690): WVMDrmPlugin::onInitialize : 5008
D/WVMDrmPlugIn( 3690): WVMDrmPlugin::onSetOnInfoListener : add 5008
D/WVMDrmPlugIn( 3690): WVMDrmPlugin::onTerminate : 5008
I/FFmpegExtractor( 3691): android-source:0xb420d100
I/FFMPEG  ( 3691): Input #0, ogg, from 'android-source:0xb420d100':
I/FFMPEG  ( 3691):   Duration: 00:00:01.75, start: 0.000000, bitrate: 205 kb/s
I/FFMPEG  ( 3691):     Stream #0:0: Audio: vorbis, 44100 Hz, stereo, fltp, 224 kb/s
I/FFMPEG  ( 3691):     Metadata:
I/FFMPEG  ( 3691):       TITLE           : Iapetus
D/FFmpegExtractor( 3691): FFmpegExtrator, url: android-source:0xb420d100, format_name: ogg, format_long_name: Ogg
I/FFmpegExtractor( 3691): adjust mime(application/ogg -> audio/vorbis)
D/FFmpegExtractor( 3691): suppoted codec(vorbis) by official Stagefright
D/FFmpegExtractor( 3691): ffmpeg detected media content as 'audio/vorbis' with confidence 0.08
D/WVMDrmPlugIn( 3690): WVMDrmPlugin::onInitialize : 7048
D/WVMDrmPlugIn( 3690): WVMDrmPlugin::onSetOnInfoListener : add 7048
D/WVMDrmPlugIn( 3690): WVMDrmPlugin::onTerminate : 7048
I/FFmpegExtractor( 3691): android-source:0xb3c06650
I/FFMPEG  ( 3691): Input #0, ogg, from 'android-source:0xb3c06650':
I/FFMPEG  ( 3691):   Duration: 00:00:01.18, start: 0.000000, bitrate: 272 kb/s
I/FFMPEG  ( 3691):     Stream #0:0: Audio: vorbis, 44100 Hz, stereo, fltp, 224 kb/s
I/FFMPEG  ( 3691):     Metadata:
I/FFMPEG  ( 3691):       TITLE           : Io
D/FFmpegExtractor( 3691): FFmpegExtrator, url: android-source:0xb3c06650, format_name: ogg, format_long_name: Ogg
I/FFmpegExtractor( 3691): adjust mime(application/ogg -> audio/vorbis)
D/FFmpegExtractor( 3691): suppoted codec(vorbis) by official Stagefright
D/FFmpegExtractor( 3691): ffmpeg detected media content as 'audio/vorbis' with confidence 0.08
D/WVMDrmPlugIn( 3690): WVMDrmPlugin::onInitialize : 6175
D/WVMDrmPlugIn( 3690): WVMDrmPlugin::onSetOnInfoListener : add 6175
D/WVMDrmPlugIn( 3690): WVMDrmPlugin::onTerminate : 6175
I/FFmpegExtractor( 3691): android-source:0xb3c9f290
I/FFMPEG  ( 3691): Input #0, ogg, from 'android-source:0xb3c9f290':
I/FFMPEG  ( 3691):   Duration: 00:00:03.30, start: 0.000000, bitrate: 141 kb/s
I/FFMPEG  ( 3691):     Stream #0:0: Audio: vorbis, 44100 Hz, stereo, fltp, 160 kb/s
I/FFMPEG  ( 3691):     Metadata:
I/FFMPEG  ( 3691):       ANDROID_LOOP    : false
I/FFMPEG  ( 3691):       TITLE           : Iridium
D/FFmpegExtractor( 3691): FFmpegExtrator, url: android-source:0xb3c9f290, format_name: ogg, format_long_name: Ogg
I/FFmpegExtractor( 3691): adjust mime(application/ogg -> audio/vorbis)
D/FFmpegExtractor( 3691): suppoted codec(vorbis) by official Stagefright
D/FFmpegExtractor( 3691): ffmpeg detected media content as 'audio/vorbis' with confidence 0.08
D/WVMDrmPlugIn( 3690): WVMDrmPlugin::onInitialize : 4934
D/WVMDrmPlugIn( 3690): WVMDrmPlugin::onSetOnInfoListener : add 4934
D/WVMDrmPlugIn( 3690): WVMDrmPlugin::onTerminate : 4934
I/FFmpegExtractor( 3691): android-source:0xb3c9f060
I/FFMPEG  ( 3691): Input #0, ogg, from 'android-source:0xb3c9f060':
I/FFMPEG  ( 3691):   Duration: 00:00:00.67, start: 0.000000, bitrate: 138 kb/s
I/FFMPEG  ( 3691):     Stream #0:0: Audio: vorbis, 44100 Hz, stereo, fltp, 160 kb/s
I/FFMPEG  ( 3691):     Metadata:
I/FFMPEG  ( 3691):       ANDROID_LOOP    : false
I/FFMPEG  ( 3691):       TITLE           : Krypton
D/FFmpegExtractor( 3691): FFmpegExtrator, url: android-source:0xb3c9f060, format_name: ogg, format_long_name: Ogg
I/FFmpegExtractor( 3691): adjust mime(application/ogg -> audio/vorbis)
D/FFmpegExtractor( 3691): suppoted codec(vorbis) by official Stagefright
D/FFmpegExtractor( 3691): ffmpeg detected media content as 'audio/vorbis' with confidence 0.08
D/WVMDrmPlugIn( 3690): WVMDrmPlugin::onInitialize : 5825
D/WVMDrmPlugIn( 3690): WVMDrmPlugin::onSetOnInfoListener : add 5825
D/WVMDrmPlugIn( 3690): WVMDrmPlugin::onTerminate : 5825
I/FFmpegExtractor( 3691): android-source:0xb3c9f330
I/FFMPEG  ( 3691): Input #0, ogg, from 'android-source:0xb3c9f330':
I/FFMPEG  ( 3691):   Duration: 00:00:01.92, start: 0.000000, bitrate: 65 kb/s
I/FFMPEG  ( 3691):     Stream #0:0: Audio: vorbis, 44100 Hz, mono, fltp, 80 kb/s
I/FFMPEG  ( 3691):     Metadata:
I/FFMPEG  ( 3691):       ARTIST          : Dr. MAD
I/FFMPEG  ( 3691):       TITLE           : Kzurb Sonar
D/FFmpegExtractor( 3691): FFmpegExtrator, url: android-source:0xb3c9f330, format_name: ogg, format_long_name: Ogg
I/FFmpegExtractor( 3691): adjust mime(application/ogg -> audio/vorbis)
D/FFmpegExtractor( 3691): suppoted codec(vorbis) by official Stagefright
D/FFmpegExtractor( 3691): ffmpeg detected media content as 'audio/vorbis' with confidence 0.08
D/WVMDrmPlugIn( 3690): WVMDrmPlugin::onInitialize : 5231
D/WVMDrmPlugIn( 3690): WVMDrmPlugin::onSetOnInfoListener : add 5231
D/WVMDrmPlugIn( 3690): WVMDrmPlugin::onTerminate : 5231
I/FFmpegExtractor( 3691): android-source:0xb3c06fb0
I/FFMPEG  ( 3691): Input #0, ogg, from 'android-source:0xb3c06fb0':
I/FFMPEG  ( 3691):   Duration: 00:00:01.60, start: 0.000000, bitrate: 90 kb/s
I/FFMPEG  ( 3691):     Stream #0:0: Audio: vorbis, 44100 Hz, stereo, fltp, 112 kb/s
I/FFMPEG  ( 3691):     Metadata:
I/FFMPEG  ( 3691):       TITLE           : Lalande
D/FFmpegExtractor( 3691): FFmpegExtrator, url: android-source:0xb3c06fb0, format_name: ogg, format_long_name: Ogg
I/FFmpegExtractor( 3691): adjust mime(application/ogg -> audio/vorbis)
D/FFmpegExtractor( 3691): suppoted codec(vorbis) by official Stagefright
D/FFmpegExtractor( 3691): ffmpeg detected media content as 'audio/vorbis' with confidence 0.08
D/WVMDrmPlugIn( 3690): WVMDrmPlugin::onInitialize : 5596
D/WVMDrmPlugIn( 3690): WVMDrmPlugin::onSetOnInfoListener : add 5596
D/WVMDrmPlugIn( 3690): WVMDrmPlugin::onTerminate : 5596
I/FFmpegExtractor( 3691): android-source:0xb45a1920
I/FFMPEG  ( 3691): Input #0, ogg, from 'android-source:0xb45a1920':
I/FFMPEG  ( 3691):   Duration: 00:00:01.85, start: 0.000000, bitrate: 50 kb/s
I/FFMPEG  ( 3691):     Stream #0:0: Audio: vorbis, 44100 Hz, stereo, fltp, 450 kb/s
I/FFMPEG  ( 3691):     Metadata:
I/FFMPEG  ( 3691):       ENCODER         : FL Studio
D/FFmpegExtractor( 3691): FFmpegExtrator, url: android-source:0xb45a1920, format_name: ogg, format_long_name: Ogg
I/FFmpegExtractor( 3691): adjust mime(application/ogg -> audio/vorbis)
D/FFmpegExtractor( 3691): suppoted codec(vorbis) by official Stagefright
D/FFmpegExtractor( 3691): ffmpeg detected media content as 'audio/vorbis' with confidence 0.08
D/WVMDrmPlugIn( 3690): WVMDrmPlugin::onInitialize : 4283
D/WVMDrmPlugIn( 3690): WVMDrmPlugin::onSetOnInfoListener : add 4283
D/WVMDrmPlugIn( 3690): WVMDrmPlugin::onTerminate : 4283
I/FFmpegExtractor( 3691): android-source:0xb45a1830
I/FFMPEG  ( 3691): Input #0, ogg, from 'android-source:0xb45a1830':
I/FFMPEG  ( 3691):   Duration: 00:00:01.10, start: 0.000000, bitrate: 137 kb/s
I/FFMPEG  ( 3691):     Stream #0:0: Audio: vorbis, 48000 Hz, stereo, fltp, 112 kb/s
I/FFMPEG  ( 3691):     Metadata:
I/FFMPEG  ( 3691):       TITLE           : Merope
D/FFmpegExtractor( 3691): FFmpegExtrator, url: android-source:0xb45a1830, format_name: ogg, format_long_name: Ogg
I/FFmpegExtractor( 3691): adjust mime(application/ogg -> audio/vorbis)
D/FFmpegExtractor( 3691): suppoted codec(vorbis) by official Stagefright
D/FFmpegExtractor( 3691): ffmpeg detected media content as 'audio/vorbis' with confidence 0.08
D/WVMDrmPlugIn( 3690): WVMDrmPlugin::onInitialize : 5464
D/WVMDrmPlugIn( 3690): WVMDrmPlugin::onSetOnInfoListener : add 5464
D/WVMDrmPlugIn( 3690): WVMDrmPlugin::onTerminate : 5464
I/FFmpegExtractor( 3691): android-source:0xb45a19c0
I/FFMPEG  ( 3691): Input #0, ogg, from 'android-source:0xb45a19c0':
I/FFMPEG  ( 3691):   Duration: 00:00:01.20, start: 0.000000, bitrate: 118 kb/s
I/FFMPEG  ( 3691):     Stream #0:0: Audio: vorbis, 44100 Hz, stereo, fltp, 112 kb/s
I/FFMPEG  ( 3691):     Metadata:
I/FFMPEG  ( 3691):       TITLE           : Mira
D/FFmpegExtractor( 3691): FFmpegExtrator, url: android-source:0xb45a19c0, format_name: ogg, format_long_name: Ogg
I/FFmpegExtractor( 3691): adjust mime(application/ogg -> audio/vorbis)
D/FFmpegExtractor( 3691): suppoted codec(vorbis) by official Stagefright
D/FFmpegExtractor( 3691): ffmpeg detected media content as 'audio/vorbis' with confidence 0.08
D/WVMDrmPlugIn( 3690): WVMDrmPlugin::onInitialize : 7705
D/WVMDrmPlugIn( 3690): WVMDrmPlugin::onSetOnInfoListener : add 7705
D/WVMDrmPlugIn( 3690): WVMDrmPlugin::onTerminate : 7705
I/FFmpegExtractor( 3691): android-source:0xb1a272e0
I/FFMPEG  ( 3691): Input #0, ogg, from 'android-source:0xb1a272e0':
I/FFMPEG  ( 3691):   Duration: 00:00:01.72, start: 0.000000, bitrate: 147 kb/s
I/FFMPEG  ( 3691):     Stream #0:0: Audio: vorbis, 44100 Hz, stereo, fltp, 320 kb/s
I/FFMPEG  ( 3691):     Metadata:
I/FFMPEG  ( 3691):       TITLE           : Naughty
I/FFMPEG  ( 3691):       ENCODER         : FL Studio
D/FFmpegExtractor( 3691): FFmpegExtrator, url: android-source:0xb1a272e0, format_name: ogg, format_long_name: Ogg
I/FFmpegExtractor( 3691): adjust mime(application/ogg -> audio/vorbis)
D/FFmpegExtractor( 3691): suppoted codec(vorbis) by official Stagefright
D/FFmpegExtractor( 3691): ffmpeg detected media content as 'audio/vorbis' with confidence 0.08
D/WVMDrmPlugIn( 3690): WVMDrmPlugin::onInitialize : 6780
D/WVMDrmPlugIn( 3690): WVMDrmPlugin::onSetOnInfoListener : add 6780
D/WVMDrmPlugIn( 3690): WVMDrmPlugin::onTerminate : 6780
I/FFmpegExtractor( 3691): android-source:0xb1a27650
I/FFMPEG  ( 3691): Input #0, ogg, from 'android-source:0xb1a27650':
I/FFMPEG  ( 3691):   Duration: 00:00:01.92, start: 0.000000, bitrate: 83 kb/s
I/FFMPEG  ( 3691):     Stream #0:0: Audio: vorbis, 44100 Hz, mono, fltp, 80 kb/s
I/FFMPEG  ( 3691):     Metadata:
I/FFMPEG  ( 3691):       ARTIST          : Dr. MAD
I/FFMPEG  ( 3691):       TITLE           : On The Hunt
D/FFmpegExtractor( 3691): FFmpegExtrator, url: android-source:0xb1a27650, format_name: ogg, format_long_name: Ogg
I/FFmpegExtractor( 3691): adjust mime(application/ogg -> audio/vorbis)
D/FFmpegExtractor( 3691): suppoted codec(vorbis) by official Stagefright
D/FFmpegExtractor( 3691): ffmpeg detected media content as 'audio/vorbis' with confidence 0.08
D/WVMDrmPlugIn( 3690): WVMDrmPlugin::onInitialize : 6332
D/WVMDrmPlugIn( 3690): WVMDrmPlugin::onSetOnInfoListener : add 6332
D/WVMDrmPlugIn( 3690): WVMDrmPlugin::onTerminate : 6332
I/FFmpegExtractor( 3691): android-source:0xb1a27740
I/FFMPEG  ( 3691): Input #0, ogg, from 'android-source:0xb1a27740':
I/FFMPEG  ( 3691):   Duration: 00:00:01.59, start: 0.000000, bitrate: 73 kb/s
I/FFMPEG  ( 3691):     Stream #0:0: Audio: vorbis, 44100 Hz, stereo, fltp, 112 kb/s
I/FFMPEG  ( 3691):     Metadata:
I/FFMPEG  ( 3691):       ANDROID_LOOP    : false
I/FFMPEG  ( 3691):       TITLE           : Palladium
D/FFmpegExtractor( 3691): FFmpegExtrator, url: android-source:0xb1a27740, format_name: ogg, format_long_name: Ogg
I/FFmpegExtractor( 3691): adjust mime(application/ogg -> audio/vorbis)
D/FFmpegExtractor( 3691): suppoted codec(vorbis) by official Stagefright
D/FFmpegExtractor( 3691): ffmpeg detected media content as 'audio/vorbis' with confidence 0.08
D/WVMDrmPlugIn( 3690): WVMDrmPlugin::onInitialize : 4421
D/WVMDrmPlugIn( 3690): WVMDrmPlugin::onSetOnInfoListener : add 4421
D/WVMDrmPlugIn( 3690): WVMDrmPlugin::onTerminate : 4421
I/FFmpegExtractor( 3691): android-source:0xb1a27880
I/FFMPEG  ( 3691): Input #0, ogg, from 'android-source:0xb1a27880':
I/FFMPEG  ( 3691):   Duration: 00:00:00.40, start: 0.000000, bitrate: 134 kb/s
I/FFMPEG  ( 3691):     Stream #0:0: Audio: vorbis, 44100 Hz, mono, fltp, 75 kb/s
I/FFMPEG  ( 3691):     Metadata:
I/FFMPEG  ( 3691):       COPYRIGHT       : (c) Copyright 2009 Android Open Source Project
I/FFMPEG  ( 3691):       TITLE           : Plastic Pipe
D/FFmpegExtractor( 3691): FFmpegExtrator, url: android-source:0xb1a27880, format_name: ogg, format_long_name: Ogg
I/FFmpegExtractor( 3691): adjust mime(application/ogg -> audio/vorbis)
D/FFmpegExtractor( 3691): suppoted codec(vorbis) by official Stagefright
D/FFmpegExtractor( 3691): ffmpeg detected media content as 'audio/vorbis' with confidence 0.08
D/WVMDrmPlugIn( 3690): WVMDrmPlugin::onInitialize : 5317
D/WVMDrmPlugIn( 3690): WVMDrmPlugin::onSetOnInfoListener : add 5317
D/WVMDrmPlugIn( 3690): WVMDrmPlugin::onTerminate : 5317
I/FFmpegExtractor( 3691): android-source:0xb1a27bf0
I/FFMPEG  ( 3691): Input #0, ogg, from 'android-source:0xb1a27bf0':
I/FFMPEG  ( 3691):   Duration: 00:00:02.36, start: 0.000000, bitrate: 69 kb/s
I/FFMPEG  ( 3691):     Stream #0:0: Audio: vorbis, 44100 Hz, mono, fltp, 80 kb/s
I/FFMPEG  ( 3691):     Metadata:
I/FFMPEG  ( 3691):       ANDROID_LOOP    : false
I/FFMPEG  ( 3691):       TITLE           : Polaris
D/FFmpegExtractor( 3691): FFmpegExtrator, url: android-source:0xb1a27bf0, format_name: ogg, format_long_name: Ogg
I/FFmpegExtractor( 3691): adjust mime(application/ogg -> audio/vorbis)
D/FFmpegExtractor( 3691): suppoted codec(vorbis) by official Stagefright
D/FFmpegExtractor( 3691): ffmpeg detected media content as 'audio/vorbis' with confidence 0.08
I/InputReader( 4117): Reconfiguring input devices.  changes=0x00000020
I/InputReader( 4117): Reconfiguring input devices.  changes=0x00000020
I/InputReader( 4117): Reconfiguring input devices.  changes=0x00000020
W/Launcher.Model( 5293): Nobody to tell about the new app.  Launcher is probably loading.
I/InputReader( 4117): Reconfiguring input devices.  changes=0x00000020
I/InputReader( 4117): Reconfiguring input devices.  changes=0x00000020
I/InputReader( 4117): Reconfiguring input devices.  changes=0x00000020
I/InputReader( 4117): Reconfiguring input devices.  changes=0x00000020
I/InputReader( 4117): Reconfiguring input devices.  changes=0x00000020
W/Searchables( 4117): No global search activity found
D/WVMDrmPlugIn( 3690): WVMDrmPlugin::onInitialize : 6924
D/WVMDrmPlugIn( 3690): WVMDrmPlugin::onSetOnInfoListener : add 6924
D/WVMDrmPlugIn( 3690): WVMDrmPlugin::onTerminate : 6924
I/FFmpegExtractor( 3691): android-source:0xb1a27dd0
I/FFMPEG  ( 3691): Input #0, ogg, from 'android-source:0xb1a27dd0':
I/FFMPEG  ( 3691):   Duration: 00:00:02.59, start: 0.000000, bitrate: 72 kb/s
I/FFMPEG  ( 3691):     Stream #0:0: Audio: vorbis, 44100 Hz, mono, fltp, 80 kb/s
I/FFMPEG  ( 3691):     Metadata:
I/FFMPEG  ( 3691):       ARTIST          : pdx
I/FFMPEG  ( 3691):       ALBUM           : Unknown
I/FFMPEG  ( 3691):       GENRE           : Unknown
I/FFMPEG  ( 3691):       ANDROID_LOOP    : false
I/FFMPEG  ( 3691):       TITLE           : Pollux
D/FFmpegExtractor( 3691): FFmpegExtrator, url: android-source:0xb1a27dd0, format_name: ogg, format_long_name: Ogg
I/FFmpegExtractor( 3691): adjust mime(application/ogg -> audio/vorbis)
D/FFmpegExtractor( 3691): suppoted codec(vorbis) by official Stagefright
D/FFmpegExtractor( 3691): ffmpeg detected media content as 'audio/vorbis' with confidence 0.08
E/cutils  ( 5888): Failed to mkdir(/mnt/shell/emulated/0): Read-only file system
W/Zygote  ( 5888): Failed to mount emulated storage: 30
I/ActivityManager( 4117): Start proc android.process.acore for broadcast com.android.providers.contacts/.PackageIntentReceiver: pid=5888 uid=10006 gids={50006, 9997, 3003, 1028, 1015} abi=armeabi-v7a
