I/FFMPEG  ( 3692): Input #0, ogg, from 'android-source:0xb6055d30':
I/FFMPEG  ( 3692):   Duration: 00:00:05.10, start: 0.000000, bitrate: 60 kb/s
I/FFMPEG  ( 3692):     Stream #0:0: Audio: vorbis, 44100 Hz, mono, fltp, 48 kb/s
I/FFMPEG  ( 3692):     Metadata:
I/FFMPEG  ( 3692):       ARTIST          : Dr. MAD
I/FFMPEG  ( 3692):       TITLE           : Loopy Lounge
I/FFMPEG  ( 3692):       ANDROID_LOOP    : true
D/FFmpegExtractor( 3692): FFmpegExtrator, url: android-source:0xb6055d30, format_name: ogg, format_long_name: Ogg
I/FFmpegExtractor( 3692): adjust mime(application/ogg -> audio/vorbis)
D/FFmpegExtractor( 3692): suppoted codec(vorbis) by official Stagefright
D/FFmpegExtractor( 3692): ffmpeg detected media content as 'audio/vorbis' with confidence 0.08
D/WVMDrmPlugIn( 3691): WVMDrmPlugin::onInitialize : 7480
D/WVMDrmPlugIn( 3691): WVMDrmPlugin::onSetOnInfoListener : add 7480
D/WVMDrmPlugIn( 3691): WVMDrmPlugin::onTerminate : 7480
I/FFmpegExtractor( 3692): android-source:0xb0c98880
I/FFMPEG  ( 3692): Input #0, ogg, from 'android-source:0xb0c98880':
I/FFMPEG  ( 3692):   Duration: 00:00:04.80, start: 0.000000, bitrate: 57 kb/s
I/FFMPEG  ( 3692):     Stream #0:0: Audio: vorbis, 44100 Hz, mono, fltp, 48 kb/s
I/FFMPEG  ( 3692):     Metadata:
I/FFMPEG  ( 3692):       ARTIST          : Dr. MAD
I/FFMPEG  ( 3692):       TITLE           : Love Flute
I/FFMPEG  ( 3692):       ANDROID_LOOP    : true
D/FFmpegExtractor( 3692): FFmpegExtrator, url: android-source:0xb0c98880, format_name: ogg, format_long_name: Ogg
I/FFmpegExtractor( 3692): adjust mime(application/ogg -> audio/vorbis)
D/FFmpegExtractor( 3692): suppoted codec(vorbis) by official Stagefright
D/FFmpegExtractor( 3692): ffmpeg detected media content as 'audio/vorbis' with confidence 0.08
D/WVMDrmPlugIn( 3691): WVMDrmPlugin::onInitialize : 5602
D/WVMDrmPlugIn( 3691): WVMDrmPlugin::onSetOnInfoListener : add 5602
D/WVMDrmPlugIn( 3691): WVMDrmPlugin::onTerminate : 5602
I/FFmpegExtractor( 3692): android-source:0xb452c470
I/FFMPEG  ( 3692): Input #0, ogg, from 'android-source:0xb452c470':
I/FFMPEG  ( 3692):   Duration: 00:00:04.86, start: 0.000000, bitrate: 188 kb/s
I/FFMPEG  ( 3692):     Stream #0:0: Audio: vorbis, 44100 Hz, stereo, fltp, 224 kb/s
I/FFMPEG  ( 3692):     Metadata:
I/FFMPEG  ( 3692):       ANDROID_LOOP    : true
I/FFMPEG  ( 3692):       TITLE           : Luna
D/FFmpegExtractor( 3692): FFmpegExtrator, url: android-source:0xb452c470, format_name: ogg, format_long_name: Ogg
I/FFmpegExtractor( 3692): adjust mime(application/ogg -> audio/vorbis)
D/FFmpegExtractor( 3692): suppoted codec(vorbis) by official Stagefright
D/FFmpegExtractor( 3692): ffmpeg detected media content as 'audio/vorbis' with confidence 0.08
D/WVMDrmPlugIn( 3691): WVMDrmPlugin::onInitialize : 7905
D/WVMDrmPlugIn( 3691): WVMDrmPlugin::onSetOnInfoListener : add 7905
D/WVMDrmPlugIn( 3691): WVMDrmPlugin::onTerminate : 7905
I/FFmpegExtractor( 3692): android-source:0xb0c98ba0
I/FFMPEG  ( 3692): Input #0, ogg, from 'android-source:0xb0c98ba0':
I/FFMPEG  ( 3692):   Duration: 00:00:01.86, start: 0.000000, bitrate: 477 kb/s
I/FFMPEG  ( 3692):     Stream #0:0: Audio: vorbis, 44100 Hz, stereo, fltp, 450 kb/s
I/FFMPEG  ( 3692):     Metadata:
I/FFMPEG  ( 3692):       ENCODER         : FL Studio
D/FFmpegExtractor( 3692): FFmpegExtrator, url: android-source:0xb0c98ba0, format_name: ogg, format_long_name: Ogg
I/FFmpegExtractor( 3692): adjust mime(application/ogg -> audio/vorbis)
D/FFmpegExtractor( 3692): suppoted codec(vorbis) by official Stagefright
D/FFmpegExtractor( 3692): ffmpeg detected media content as 'audio/vorbis' with confidence 0.08
D/WVMDrmPlugIn( 3691): WVMDrmPlugin::onInitialize : 8187
D/WVMDrmPlugIn( 3691): WVMDrmPlugin::onSetOnInfoListener : add 8187
D/WVMDrmPlugIn( 3691): WVMDrmPlugin::onTerminate : 8187
I/FFmpegExtractor( 3692): android-source:0xb0c98c90
I/FFMPEG  ( 3692): Input #0, ogg, from 'android-source:0xb0c98c90':
I/FFMPEG  ( 3692):   Duration: 00:00:05.68, start: 0.000000, bitrate: 59 kb/s
I/FFMPEG  ( 3692):     Stream #0:0: Audio: vorbis, 44100 Hz, mono, fltp, 80 kb/s
I/FFMPEG  ( 3692):     Metadata:
I/FFMPEG  ( 3692):       ANDROID_LOOP    : true
I/FFMPEG  ( 3692):       track           : 2d201baR
I/FFMPEG  ( 3692):       TITLE           : Lyra
I/FFMPEG  ( 3692):       ARTIST          : pdx
D/FFmpegExtractor( 3692): FFmpegExtrator, url: android-source:0xb0c98c90, format_name: ogg, format_long_name: Ogg
I/FFmpegExtractor( 3692): adjust mime(application/ogg -> audio/vorbis)
D/FFmpegExtractor( 3692): suppoted codec(vorbis) by official Stagefright
D/FFmpegExtractor( 3692): ffmpeg detected media content as 'audio/vorbis' with confidence 0.08
D/WVMDrmPlugIn( 3691): WVMDrmPlugin::onInitialize : 7933
D/WVMDrmPlugIn( 3691): WVMDrmPlugin::onSetOnInfoListener : add 7933
D/WVMDrmPlugIn( 3691): WVMDrmPlugin::onTerminate : 7933
I/FFmpegExtractor( 3692): android-source:0xb6055ba0
I/FFMPEG  ( 3692): Input #0, ogg, from 'android-source:0xb6055ba0':
I/FFMPEG  ( 3692):   Duration: 00:00:05.12, start: 0.000000, bitrate: 59 kb/s
I/FFMPEG  ( 3692):     Stream #0:0: Audio: vorbis, 44100 Hz, stereo, fltp, 112 kb/s
I/FFMPEG  ( 3692):     Metadata:
I/FFMPEG  ( 3692):       ANDROID_LOOP    : true
I/FFMPEG  ( 3692):       TITLE           : Machina
D/FFmpegExtractor( 3692): FFmpegExtrator, url: android-source:0xb6055ba0, format_name: ogg, format_long_name: Ogg
I/FFmpegExtractor( 3692): adjust mime(application/ogg -> audio/vorbis)
D/FFmpegExtractor( 3692): suppoted codec(vorbis) by official Stagefright
D/FFmpegExtractor( 3692): ffmpeg detected media content as 'audio/vorbis' with confidence 0.08
D/WVMDrmPlugIn( 3691): WVMDrmPlugin::onInitialize : 6036
D/WVMDrmPlugIn( 3691): WVMDrmPlugin::onSetOnInfoListener : add 6036
D/WVMDrmPlugIn( 3691): WVMDrmPlugin::onTerminate : 6036
I/FFmpegExtractor( 3692): android-source:0xb420d6a0
I/FFMPEG  ( 3692): Input #0, ogg, from 'android-source:0xb420d6a0':
I/FFMPEG  ( 3692):   Duration: 00:00:03.84, start: 0.000000, bitrate: 58 kb/s
I/FFMPEG  ( 3692):     Stream #0:0: Audio: vorbis, 44100 Hz, mono, fltp, 48 kb/s
I/FFMPEG  ( 3692):     Metadata:
I/FFMPEG  ( 3692):       ARTIST          : Dr. MAD
I/FFMPEG  ( 3692):       TITLE           : Medieval Jaunt
I/FFMPEG  ( 3692):       ANDROID_LOOP    : true
D/FFmpegExtractor( 3692): FFmpegExtrator, url: android-source:0xb420d6a0, format_name: ogg, format_long_name: Ogg
I/FFmpegExtractor( 3692): adjust mime(application/ogg -> audio/vorbis)
D/FFmpegExtractor( 3692): suppoted codec(vorbis) by official Stagefright
D/FFmpegExtractor( 3692): ffmpeg detected media content as 'audio/vorbis' with confidence 0.08
D/WVMDrmPlugIn( 3691): WVMDrmPlugin::onInitialize : 5041
D/WVMDrmPlugIn( 3691): WVMDrmPlugin::onSetOnInfoListener : add 5041
D/WVMDrmPlugIn( 3691): WVMDrmPlugin::onTerminate : 5041
I/FFmpegExtractor( 3692): android-source:0xb0c988d0
I/FFMPEG  ( 3692): Input #0, ogg, from 'android-source:0xb0c988d0':
I/FFMPEG  ( 3692):   Duration: 00:00:04.00, start: 0.000000, bitrate: 69 kb/s
I/FFMPEG  ( 3692):     Stream #0:0: Audio: vorbis, 44100 Hz, mono, fltp, 60 kb/s
I/FFMPEG  ( 3692):     Metadata:
I/FFMPEG  ( 3692):       ARTIST          : Dr. MAD
I/FFMPEG  ( 3692):       TITLE           : Mildly Alarming
D/FFmpegExtractor( 3692): FFmpegExtrator, url: android-source:0xb0c988d0, format_name: ogg, format_long_name: Ogg
I/FFmpegExtractor( 3692): adjust mime(application/ogg -> audio/vorbis)
D/FFmpegExtractor( 3692): suppoted codec(vorbis) by official Stagefright
D/FFmpegExtractor( 3692): ffmpeg detected media content as 'audio/vorbis' with confidence 0.08
D/WVMDrmPlugIn( 3691): WVMDrmPlugin::onInitialize : 5683
D/WVMDrmPlugIn( 3691): WVMDrmPlugin::onSetOnInfoListener : add 5683
D/WVMDrmPlugIn( 3691): WVMDrmPlugin::onTerminate : 5683
I/FFmpegExtractor( 3692): android-source:0xb452c100
I/FFMPEG  ( 3692): Input #0, ogg, from 'android-source:0xb452c100':
I/FFMPEG  ( 3692):   Duration: 00:00:04.00, start: 0.000000, bitrate: 82 kb/s
I/FFMPEG  ( 3692):     Stream #0:0: Audio: vorbis, 44100 Hz, mono, fltp, 75 kb/s
I/FFMPEG  ( 3692):     Metadata:
I/FFMPEG  ( 3692):       ANDROID_LOOP    : true
I/FFMPEG  ( 3692):       COPYRIGHT       : (c) Copyright 2009 Android Open Source Project
I/FFMPEG  ( 3692):       TITLE           : Nairobi
I/FFMPEG  ( 3692):       ARTIST          : Dr. Mad
D/FFmpegExtractor( 3692): FFmpegExtrator, url: android-source:0xb452c100, format_name: ogg, format_long_name: Ogg
I/FFmpegExtractor( 3692): adjust mime(application/ogg -> audio/vorbis)
D/FFmpegExtractor( 3692): suppoted codec(vorbis) by official Stagefright
D/FFmpegExtractor( 3692): ffmpeg detected media content as 'audio/vorbis' with confidence 0.08
D/WVMDrmPlugIn( 3691): WVMDrmPlugin::onInitialize : 6800
D/WVMDrmPlugIn( 3691): WVMDrmPlugin::onSetOnInfoListener : add 6800
D/WVMDrmPlugIn( 3691): WVMDrmPlugin::onTerminate : 6800
I/FFmpegExtractor( 3692): android-source:0xb0c98060
I/FFMPEG  ( 3692): Input #0, ogg, from 'android-source:0xb0c98060':
I/FFMPEG  ( 3692):   Duration: 00:00:04.36, start: 0.000000, bitrate: 80 kb/s
I/FFMPEG  ( 3692):     Stream #0:0: Audio: vorbis, 44100 Hz, mono, fltp, 75 kb/s
I/FFMPEG  ( 3692):     Metadata:
I/FFMPEG  ( 3692):       ANDROID_LOOP    : true
I/FFMPEG  ( 3692):       COPYRIGHT       : (c) Copyright 2009 Android Open Source Project
I/FFMPEG  ( 3692):       TITLE           : Nassau
I/FFMPEG  ( 3692):       ARTIST          : Dr. Mad
D/FFmpegExtractor( 3692): FFmpegExtrator, url: android-source:0xb0c98060, format_name: ogg, format_long_name: Ogg
I/FFmpegExtractor( 3692): adjust mime(application/ogg -> audio/vorbis)
D/FFmpegExtractor( 3692): suppoted codec(vorbis) by official Stagefright
D/FFmpegExtractor( 3692): ffmpeg detected media content as 'audio/vorbis' with confidence 0.08
D/WVMDrmPlugIn( 3691): WVMDrmPlugin::onInitialize : 6027
D/WVMDrmPlugIn( 3691): WVMDrmPlugin::onSetOnInfoListener : add 6027
D/WVMDrmPlugIn( 3691): WVMDrmPlugin::onTerminate : 6027
I/FFmpegExtractor( 3692): android-source:0xb0c98290
I/FFMPEG  ( 3692): Input #0, ogg, from 'android-source:0xb0c98290':
I/FFMPEG  ( 3692):   Duration: 00:00:02.00, start: 0.000000, bitrate: 62 kb/s
I/FFMPEG  ( 3692):     Stream #0:0: Audio: vorbis, 44100 Hz, mono, fltp, 48 kb/s
I/FFMPEG  ( 3692):     Metadata:
I/FFMPEG  ( 3692):       ARTIST          : Dr. MAD
I/FFMPEG  ( 3692):       TITLE           : New Player
D/FFmpegExtractor( 3692): FFmpegExtrator, url: android-source:0xb0c98290, format_name: ogg, format_long_name: Ogg
I/FFmpegExtractor( 3692): adjust mime(application/ogg -> audio/vorbis)
D/FFmpegExtractor( 3692): suppoted codec(vorbis) by official Stagefright
D/FFmpegExtractor( 3692): ffmpeg detected media content as 'audio/vorbis' with confidence 0.08
D/WVMDrmPlugIn( 3691): WVMDrmPlugin::onInitialize : 7573
D/WVMDrmPlugIn( 3691): WVMDrmPlugin::onSetOnInfoListener : add 7573
D/WVMDrmPlugIn( 3691): WVMDrmPlugin::onTerminate : 7573
I/FFmpegExtractor( 3692): android-source:0xb0c98560
I/FFMPEG  ( 3692): Input #0, ogg, from 'android-source:0xb0c98560':
I/FFMPEG  ( 3692):   Duration: 00:00:03.58, start: 0.000000, bitrate: 73 kb/s
I/FFMPEG  ( 3692):     Stream #0:0: Audio: vorbis, 44100 Hz, mono, fltp, 70 kb/s
I/FFMPEG  ( 3692):     Metadata:
I/FFMPEG  ( 3692):       ANDROID_LOOP    : true
I/FFMPEG  ( 3692):       TITLE           : No Limits
I/FFMPEG  ( 3692):       ARTIST          : Dr. Mad
D/FFmpegExtractor( 3692): FFmpegExtrator, url: android-source:0xb0c98560, format_name: ogg, format_long_name: Ogg
I/FFmpegExtractor( 3692): adjust mime(application/ogg -> audio/vorbis)
D/FFmpegExtractor( 3692): suppoted codec(vorbis) by official Stagefright
D/FFmpegExtractor( 3692): ffmpeg detected media content as 'audio/vorbis' with confidence 0.08
D/WVMDrmPlugIn( 3691): WVMDrmPlugin::onInitialize : 7989
D/WVMDrmPlugIn( 3691): WVMDrmPlugin::onSetOnInfoListener : add 7989
D/WVMDrmPlugIn( 3691): WVMDrmPlugin::onTerminate : 7989
I/FFmpegExtractor( 3692): android-source:0xb1110290
I/FFMPEG  ( 3692): Input #0, ogg, from 'android-source:0xb1110290':
I/FFMPEG  ( 3692):   Duration: 00:00:04.00, start: 0.000000, bitrate: 78 kb/s
I/FFMPEG  ( 3692):     Stream #0:0: Audio: vorbis, 44100 Hz, mono, fltp, 70 kb/s
I/FFMPEG  ( 3692):     Metadata:
I/FFMPEG  ( 3692):       ARTIST          : Dr. MAD
I/FFMPEG  ( 3692):       TITLE           : Terrible Twos
D/FFmpegExtractor( 3692): FFmpegExtrator, url: android-source:0xb1110290, format_name: ogg, format_long_name: Ogg
I/FFmpegExtractor( 3692): adjust mime(application/ogg -> audio/vorbis)
D/FFmpegExtractor( 3692): suppoted codec(vorbis) by official Stagefright
D/FFmpegExtractor( 3692): ffmpeg detected media content as 'audio/vorbis' with confidence 0.08
D/WVMDrmPlugIn( 3691): WVMDrmPlugin::onInitialize : 4311
D/WVMDrmPlugIn( 3691): WVMDrmPlugin::onSetOnInfoListener : add 4311
D/WVMDrmPlugIn( 3691): WVMDrmPlugin::onTerminate : 4311
I/FFmpegExtractor( 3692): android-source:0xb11103d0
I/FFMPEG  ( 3692): Input #0, ogg, from 'android-source:0xb11103d0':
I/FFMPEG  ( 3692):   Duration: 00:00:03.97, start: 0.000000, bitrate: 53 kb/s
I/FFMPEG  ( 3692):     Stream #0:0: Audio: vorbis, 44100 Hz, mono, fltp, 48 kb/s
I/FFMPEG  ( 3692):     Metadata:
I/FFMPEG  ( 3692):       ARTIST          : Dr. MAD
I/FFMPEG  ( 3692):       TITLE           : Thriller Three
D/FFmpegExtractor( 3692): FFmpegExtrator, url: android-source:0xb11103d0, format_name: ogg, format_long_name: Ogg
I/FFmpegExtractor( 3692): adjust mime(application/ogg -> audio/vorbis)
D/FFmpegExtractor( 3692): suppoted codec(vorbis) by official Stagefright
D/FFmpegExtractor( 3692): ffmpeg detected media content as 'audio/vorbis' with confidence 0.08
D/WVMDrmPlugIn( 3691): WVMDrmPlugin::onInitialize : 7091
D/WVMDrmPlugIn( 3691): WVMDrmPlugin::onSetOnInfoListener : add 7091
D/WVMDrmPlugIn( 3691): WVMDrmPlugin::onTerminate : 7091
I/FFmpegExtractor( 3692): android-source:0xb11104c0
I/FFMPEG  ( 3692): Input #0, ogg, from 'android-source:0xb11104c0':
I/FFMPEG  ( 3692):   Duration: 00:00:16.00, start: 0.000000, bitrate: 232 kb/s
I/FFMPEG  ( 3692):     Stream #0:0: Audio: vorbis, 44100 Hz, stereo, fltp, 224 kb/s
I/FFMPEG  ( 3692):     Metadata:
I/FFMPEG  ( 3692):       ANDROID_LOOP    : true
I/FFMPEG  ( 3692):       TITLE           : Oberon
D/FFmpegExtractor( 3692): FFmpegExtrator, url: android-source:0xb11104c0, format_name: ogg, format_long_name: Ogg
I/FFmpegExtractor( 3692): adjust mime(application/ogg -> audio/vorbis)
D/FFmpegExtractor( 3692): suppoted codec(vorbis) by official Stagefright
D/FFmpegExtractor( 3692): ffmpeg detected media content as 'audio/vorbis' with confidence 0.08
D/WVMDrmPlugIn( 3691): WVMDrmPlugin::onInitialize : 5803
D/WVMDrmPlugIn( 3691): WVMDrmPlugin::onSetOnInfoListener : add 5803
D/WVMDrmPlugIn( 3691): WVMDrmPlugin::onTerminate : 5803
I/FFmpegExtractor( 3692): android-source:0xb1110600
W/SurfaceFlinger( 3689): Ignoring duplicate VSYNC event from HWC (t=28890068544)
I/FFMPEG  ( 3692): Input #0, ogg, from 'android-source:0xb1110600':
I/FFMPEG  ( 3692):   Duration: 00:00:04.36, start: 0.000000, bitrate: 59 kb/s
I/FFMPEG  ( 3692):     Stream #0:0: Audio: vorbis, 44100 Hz, mono, fltp, 48 kb/s
I/FFMPEG  ( 3692):     Metadata:
I/FFMPEG  ( 3692):       ARTIST          : Dr. MAD
I/FFMPEG  ( 3692):       TITLE           : Organ Dub
I/FFMPEG  ( 3692):       ANDROID_LOOP    : true
D/FFmpegExtractor( 3692): FFmpegExtrator, url: android-source:0xb1110600, format_name: ogg, format_long_name: Ogg
I/FFmpegExtractor( 3692): adjust mime(application/ogg -> audio/vorbis)
D/FFmpegExtractor( 3692): suppoted codec(vorbis) by official Stagefright
D/FFmpegExtractor( 3692): ffmpeg detected media content as 'audio/vorbis' with confidence 0.08
D/WVMDrmPlugIn( 3691): WVMDrmPlugin::onInitialize : 4843
D/WVMDrmPlugIn( 3691): WVMDrmPlugin::onSetOnInfoListener : add 4843
D/WVMDrmPlugIn( 3691): WVMDrmPlugin::onTerminate : 4843
I/FFmpegExtractor( 3692): android-source:0xb45461a0
I/FFMPEG  ( 3692): Input #0, ogg, from 'android-source:0xb45461a0':
I/FFMPEG  ( 3692):   Duration: 00:00:06.21, start: 0.000000, bitrate: 70 kb/s
I/FFMPEG  ( 3692):     Stream #0:0: Audio: vorbis, 44100 Hz, mono, fltp, 80 kb/s
I/FFMPEG  ( 3692):     Metadata:
I/FFMPEG  ( 3692):       ANDROID_LOOP    : true
I/FFMPEG  ( 3692):       TITLE           : Orion
D/FFmpegExtractor( 3692): FFmpegExtrator, url: android-source:0xb45461a0, format_name: ogg, format_long_name: Ogg
I/FFmpegExtractor( 3692): adjust mime(application/ogg -> audio/vorbis)
D/FFmpegExtractor( 3692): suppoted codec(vorbis) by official Stagefright
D/FFmpegExtractor( 3692): ffmpeg detected media content as 'audio/vorbis' with confidence 0.08
D/WVMDrmPlugIn( 3691): WVMDrmPlugin::onInitialize : 6873
D/WVMDrmPlugIn( 3691): WVMDrmPlugin::onSetOnInfoListener : add 6873
D/WVMDrmPlugIn( 3691): WVMDrmPlugin::onTerminate : 6873
I/FFmpegExtractor( 3692): android-source:0xb4546330
I/FFMPEG  ( 3692): Input #0, ogg, from 'android-source:0xb4546330':
I/FFMPEG  ( 3692):   Duration: 00:00:02.59, start: 0.000000, bitrate: 72 kb/s
I/FFMPEG  ( 3692):     Stream #0:0: Audio: vorbis, 44100 Hz, mono, fltp, 80 kb/s
I/FFMPEG  ( 3692):     Metadata:
I/FFMPEG  ( 3692):       ARTIST          : pdx
I/FFMPEG  ( 3692):       ALBUM           : Unknown
I/FFMPEG  ( 3692):       GENRE           : Unknown
I/FFMPEG  ( 3692):       ANDROID_LOOP    : false
I/FFMPEG  ( 3692):       TITLE           : Pollux
D/FFmpegExtractor( 3692): FFmpegExtrator, url: android-source:0xb4546330, format_name: ogg, format_long_name: Ogg
I/FFmpegExtractor( 3692): adjust mime(application/ogg -> audio/vorbis)
D/FFmpegExtractor( 3692): suppoted codec(vorbis) by official Stagefright
D/FFmpegExtractor( 3692): ffmpeg detected media content as 'audio/vorbis' with confidence 0.08
E/MetadataRetrieverClient( 3692): failed to extract an album art
D/WVMDrmPlugIn( 3691): WVMDrmPlugin::onInitialize : 4422
D/WVMDrmPlugIn( 3691): WVMDrmPlugin::onSetOnInfoListener : add 4422
D/WVMDrmPlugIn( 3691): WVMDrmPlugin::onTerminate : 4422
I/FFmpegExtractor( 3692): android-source:0xb4546380
I/FFMPEG  ( 3692): Input #0, ogg, from 'android-source:0xb4546380':
I/FFMPEG  ( 3692):   Duration: 00:00:03.00, start: 0.000000, bitrate: 66 kb/s
I/FFMPEG  ( 3692):     Stream #0:0: Audio: vorbis, 44100 Hz, mono, fltp, 80 kb/s
I/FFMPEG  ( 3692):     Metadata:
I/FFMPEG  ( 3692):       ANDROID_LOOP    : true
I/FFMPEG  ( 3692):       TITLE           : Andromeda
D/FFmpegExtractor( 3692): FFmpegExtrator, url: android-source:0xb4546380, format_name: ogg, format_long_name: Ogg
I/FFmpegExtractor( 3692): adjust mime(application/ogg -> audio/vorbis)
D/FFmpegExtractor( 3692): suppoted codec(vorbis) by official Stagefright
D/FFmpegExtractor( 3692): ffmpeg detected media content as 'audio/vorbis' with confidence 0.08
E/MetadataRetrieverClient( 3692): failed to extract an album art
W/BackupManagerService( 4111): dataChanged but no participant pkg='com.android.providers.settings' uid=10009
W/BackupManagerService( 4111): dataChanged but no participant pkg='com.android.providers.settings' uid=10009
D/WVMDrmPlugIn( 3691): WVMDrmPlugin::onInitialize : 5652
D/WVMDrmPlugIn( 3691): WVMDrmPlugin::onSetOnInfoListener : add 5652
D/WVMDrmPlugIn( 3691): WVMDrmPlugin::onTerminate : 5652
I/FFmpegExtractor( 3692): android-source:0xb4546560
I/FFMPEG  ( 3692): Input #0, ogg, from 'android-source:0xb4546560':
I/FFMPEG  ( 3692):   Duration: 00:00:04.14, start: 0.000000, bitrate: 75 kb/s
I/FFMPEG  ( 3692):     Stream #0:0: Audio: vorbis, 44100 Hz, mono, fltp, 70 kb/s
I/FFMPEG  ( 3692):     Metadata:
I/FFMPEG  ( 3692):       ANDROID_LOOP    : true
I/FFMPEG  ( 3692):       TITLE           : Paradise Island
I/FFMPEG  ( 3692):       ARTIST          : Dr. Mad
D/FFmpegExtractor( 3692): FFmpegExtrator, url: android-source:0xb4546560, format_name: ogg, format_long_name: Ogg
I/FFmpegExtractor( 3692): adjust mime(application/ogg -> audio/vorbis)
D/FFmpegExtractor( 3692): suppoted codec(vorbis) by official Stagefright
D/FFmpegExtractor( 3692): ffmpeg detected media content as 'audio/vorbis' with confidence 0.08
D/WVMDrmPlugIn( 3691): WVMDrmPlugin::onInitialize : 5183
D/WVMDrmPlugIn( 3691): WVMDrmPlugin::onSetOnInfoListener : add 5183
D/WVMDrmPlugIn( 3691): WVMDrmPlugin::onTerminate : 5183
I/FFmpegExtractor( 3692): android-source:0xb45466f0
I/FFMPEG  ( 3692): Input #0, ogg, from 'android-source:0xb45466f0':
I/FFMPEG  ( 3692):   Duration: 00:00:09.62, start: 0.000000, bitrate: 72 kb/s
I/FFMPEG  ( 3692):     Stream #0:0: Audio: vorbis, 44100 Hz, mono, fltp, 80 kb/s
I/FFMPEG  ( 3692):     Metadata:
I/FFMPEG  ( 3692):       ANDROID_LOOP    : true
I/FFMPEG  ( 3692):       TITLE           : Pegasus
D/FFmpegExtractor( 3692): FFmpegExtrator, url: android-source:0xb45466f0, format_name: ogg, format_long_name: Ogg
I/FFmpegExtractor( 3692): adjust mime(application/ogg -> audio/vorbis)
D/FFmpegExtractor( 3692): suppoted codec(vorbis) by official Stagefright
D/FFmpegExtractor( 3692): ffmpeg detected media content as 'audio/vorbis' with confidence 0.08
D/WVMDrmPlugIn( 3691): WVMDrmPlugin::onInitialize : 7994
D/WVMDrmPlugIn( 3691): WVMDrmPlugin::onSetOnInfoListener : add 7994
D/WVMDrmPlugIn( 3691): WVMDrmPlugin::onTerminate : 7994
I/FFmpegExtractor( 3692): android-source:0xb4546830
I/FFMPEG  ( 3692): [ogg @ 0xb45a5200] 2048 bytes of comment header remain
I/FFMPEG  ( 3692): Input #0, ogg, from 'android-source:0xb4546830':
I/FFMPEG  ( 3692):   Duration: 00:00:10.17, start: 0.000000, bitrate: 185 kb/s
I/FFMPEG  ( 3692):     Stream #0:0: Audio: vorbis, 44100 Hz, stereo, fltp, 192 kb/s
I/FFMPEG  ( 3692):     Metadata:
I/FFMPEG  ( 3692):       TITLE           : Perseus
D/FFmpegExtractor( 3692): FFmpegExtrator, url: android-source:0xb4546830, format_name: ogg, format_long_name: Ogg
I/FFmpegExtractor( 3692): adjust mime(application/ogg -> audio/vorbis)
D/FFmpegExtractor( 3692): suppoted codec(vorbis) by official Stagefright
D/FFmpegExtractor( 3692): ffmpeg detected media content as 'audio/vorbis' with confidence 0.08
D/WVMDrmPlugIn( 3691): WVMDrmPlugin::onInitialize : 5897
D/WVMDrmPlugIn( 3691): WVMDrmPlugin::onSetOnInfoListener : add 5897
D/WVMDrmPlugIn( 3691): WVMDrmPlugin::onTerminate : 5897
I/FFmpegExtractor( 3692): android-source:0xb0c98290
I/FFMPEG  ( 3692): Input #0, ogg, from 'android-source:0xb0c98290':
I/FFMPEG  ( 3692):   Duration: 00:00:04.03, start: 0.000000, bitrate: 229 kb/s
I/FFMPEG  ( 3692):     Stream #0:0: Audio: vorbis, 44100 Hz, stereo, fltp, 224 kb/s
I/FFMPEG  ( 3692):     Metadata:
I/FFMPEG  ( 3692):       ANDROID_LOOP    : true
I/FFMPEG  ( 3692):       TITLE           : Phobos
D/FFmpegExtractor( 3692): FFmpegExtrator, url: android-source:0xb0c98290, format_name: ogg, format_long_name: Ogg
I/FFmpegExtractor( 3692): adjust mime(application/ogg -> audio/vorbis)
D/FFmpegExtractor( 3692): suppoted codec(vorbis) by official Stagefright
D/FFmpegExtractor( 3692): ffmpeg detected media content as 'audio/vorbis' with confidence 0.08
D/WVMDrmPlugIn( 3691): WVMDrmPlugin::onInitialize : 7180
D/WVMDrmPlugIn( 3691): WVMDrmPlugin::onSetOnInfoListener : add 7180
D/WVMDrmPlugIn( 3691): WVMDrmPlugin::onTerminate : 7180
I/FFmpegExtractor( 3692): android-source:0xb0c98060
I/FFMPEG  ( 3692): Input #0, ogg, from 'android-source:0xb0c98060':
I/FFMPEG  ( 3692):   Duration: 00:00:05.85, start: 0.000000, bitrate: 77 kb/s
I/FFMPEG  ( 3692):     Stream #0:0: Audio: vorbis, 44100 Hz, mono, fltp, 75 kb/s
I/FFMPEG  ( 3692):     Metadata:
I/FFMPEG  ( 3692):       COPYRIGHT       : Copyright (c) 2009 Android Open Source Project
I/FFMPEG  ( 3692):       ANDROID_LOOP    : true
I/FFMPEG  ( 3692):       TITLE           : Playa
I/FFMPEG  ( 3692):       ARTIST          : Dr. Mad
D/FFmpegExtractor( 3692): FFmpegExtrator, url: android-source:0xb0c98060, format_name: ogg, format_long_name: Ogg
I/FFmpegExtractor( 3692): adjust mime(application/ogg -> audio/vorbis)
D/FFmpegExtractor( 3692): suppoted codec(vorbis) by official Stagefright
D/FFmpegExtractor( 3692): ffmpeg detected media content as 'audio/vorbis' with confidence 0.08
D/WVMDrmPlugIn( 3691): WVMDrmPlugin::onInitialize : 5693
D/WVMDrmPlugIn( 3691): WVMDrmPlugin::onSetOnInfoListener : add 5693
D/WVMDrmPlugIn( 3691): WVMDrmPlugin::onTerminate : 5693
I/FFmpegExtractor( 3692): android-source:0xb452c880
I/FFMPEG  ( 3692): Input #0, ogg, from 'android-source:0xb452c880':
I/FFMPEG  ( 3692):   Duration: 00:00:20.46, start: 0.000000, bitrate: 246 kb/s
I/FFMPEG  ( 3692):     Stream #0:0: Audio: vorbis, 44100 Hz, stereo, fltp, 224 kb/s
I/FFMPEG  ( 3692):     Metadata:
I/FFMPEG  ( 3692):       ANDROID_LOOP    : true
I/FFMPEG  ( 3692):       TITLE           : Pyxis
D/FFmpegExtractor( 3692): FFmpegExtrator, url: android-source:0xb452c880, format_name: ogg, format_long_name: Ogg
I/FFmpegExtractor( 3692): adjust mime(application/ogg -> audio/vorbis)
D/FFmpegExtractor( 3692): suppoted codec(vorbis) by official Stagefright
D/FFmpegExtractor( 3692): ffmpeg detected media content as 'audio/vorbis' with confidence 0.08
D/WVMDrmPlugIn( 3691): WVMDrmPlugin::onInitialize : 4551
D/WVMDrmPlugIn( 3691): WVMDrmPlugin::onSetOnInfoListener : add 4551
D/WVMDrmPlugIn( 3691): WVMDrmPlugin::onTerminate : 4551
I/FFmpegExtractor( 3692): android-source:0xb0c98600
I/FFMPEG  ( 3692): Input #0, ogg, from 'android-source:0xb0c98600':
I/FFMPEG  ( 3692):   Duration: 00:00:25.53, start: 0.000000, bitrate: 56 kb/s
I/FFMPEG  ( 3692):     Stream #0:0: Audio: vorbis, 44100 Hz, mono, fltp, 70 kb/s
I/FFMPEG  ( 3692):     Metadata:
I/FFMPEG  ( 3692):       ANDROID_LOOP    : true
I/FFMPEG  ( 3692):       TITLE           : Rasalas
D/FFmpegExtractor( 3692): FFmpegExtrator, url: android-source:0xb0c98600, format_name: ogg, format_long_name: Ogg
I/FFmpegExtractor( 3692): adjust mime(application/ogg -> audio/vorbis)
D/FFmpegExtractor( 3692): suppoted codec(vorbis) by official Stagefright
D/FFmpegExtractor( 3692): ffmpeg detected media content as 'audio/vorbis' with confidence 0.08
D/WVMDrmPlugIn( 3691): WVMDrmPlugin::onInitialize : 5185
D/WVMDrmPlugIn( 3691): WVMDrmPlugin::onSetOnInfoListener : add 5185
D/WVMDrmPlugIn( 3691): WVMDrmPlugin::onTerminate : 5185
I/FFmpegExtractor( 3692): android-source:0xb45465b0
I/FFMPEG  ( 3692): Input #0, ogg, from 'android-source:0xb45465b0':
I/FFMPEG  ( 3692):   Duration: 00:00:05.94, start: 0.000000, bitrate: 70 kb/s
I/FFMPEG  ( 3692):     Stream #0:0: Audio: vorbis, 44100 Hz, mono, fltp, 70 kb/s
I/FFMPEG  ( 3692):     Metadata:
I/FFMPEG  ( 3692):       ANDROID_LOOP    : true
I/FFMPEG  ( 3692):       TITLE           : Revelation
I/FFMPEG  ( 3692):       ARTIST          : Dr. Mad
D/FFmpegExtractor( 3692): FFmpegExtrator, url: android-source:0xb45465b0, format_name: ogg, format_long_name: Ogg
I/FFmpegExtractor( 3692): adjust mime(application/ogg -> audio/vorbis)
D/FFmpegExtractor( 3692): suppoted codec(vorbis) by official Stagefright
D/FFmpegExtractor( 3692): ffmpeg detected media content as 'audio/vorbis' with confidence 0.08
D/WVMDrmPlugIn( 3691): WVMDrmPlugin::onInitialize : 7186
D/WVMDrmPlugIn( 3691): WVMDrmPlugin::onSetOnInfoListener : add 7186
D/WVMDrmPlugIn( 3691): WVMDrmPlugin::onTerminate : 7186
I/FFmpegExtractor( 3692): android-source:0xb45463d0
I/FFMPEG  ( 3692): [ogg @ 0xb40ad400] 93 bytes of comment header remain
I/FFMPEG  ( 3692): Input #0, ogg, from 'android-source:0xb45463d0':
I/FFMPEG  ( 3692):   Duration: 00:00:03.43, start: 0.000000, bitrate: 134 kb/s
I/FFMPEG  ( 3692):     Stream #0:0: Audio: vorbis, 44100 Hz, mono, fltp, 140 kb/s
I/FFMPEG  ( 3692):     Metadata:
I/FFMPEG  ( 3692):       CREATOR         : Amadeus Pro
I/FFMPEG  ( 3692):       ANDROID_LOOP    : true
I/FFMPEG  ( 3692):       TITLE           : Rigel
D/FFmpegExtractor( 3692): FFmpegExtrator, url: android-source:0xb45463d0, format_name: ogg, format_long_name: Ogg
I/FFmpegExtractor( 3692): adjust mime(application/ogg -> audio/vorbis)
D/FFmpegExtractor( 3692): suppoted codec(vorbis) by official Stagefright
D/FFmpegExtractor( 3692): ffmpeg detected media content as 'audio/vorbis' with confidence 0.08
D/WVMDrmPlugIn( 3691): WVMDrmPlugin::onInitialize : 7419
D/WVMDrmPlugIn( 3691): WVMDrmPlugin::onSetOnInfoListener : add 7419
D/WVMDrmPlugIn( 3691): WVMDrmPlugin::onTerminate : 7419
I/FFmpegExtractor( 3692): android-source:0xb4546290
I/FFMPEG  ( 3692): Input #0, ogg, from 'android-source:0xb4546290':
I/FFMPEG  ( 3692):   Duration: 00:00:05.09, start: 0.000000, bitrate: 92 kb/s
I/FFMPEG  ( 3692):     Stream #0:0: Audio: vorbis, 44100 Hz, stereo, fltp, 112 kb/s
I/FFMPEG  ( 3692):     Metadata:
I/FFMPEG  ( 3692):       TITLE           : Bell Phone
I/FFMPEG  ( 3692):       ANDROID_LOOP    : true
D/FFmpegExtractor( 3692): FFmpegExtrator, url: android-source:0xb4546290, format_name: ogg, format_long_name: Ogg
I/FFmpegExtractor( 3692): adjust mime(application/ogg -> audio/vorbis)
D/FFmpegExtractor( 3692): suppoted codec(vorbis) by official Stagefright
D/FFmpegExtractor( 3692): ffmpeg detected media content as 'audio/vorbis' with confidence 0.08
D/WVMDrmPlugIn( 3691): WVMDrmPlugin::onInitialize : 5210
D/WVMDrmPlugIn( 3691): WVMDrmPlugin::onSetOnInfoListener : add 5210
D/WVMDrmPlugIn( 3691): WVMDrmPlugin::onTerminate : 5210
I/FFmpegExtractor( 3692): android-source:0xb0c986a0
I/FFMPEG  ( 3692): [ogg @ 0xb0ba5a00] 2048 bytes of comment header remain
I/FFMPEG  ( 3692): Input #0, ogg, from 'android-source:0xb0c986a0':
I/FFMPEG  ( 3692):   Duration: 00:00:03.71, start: 0.000000, bitrate: 49 kb/s
I/FFMPEG  ( 3692):     Stream #0:0: Audio: vorbis, 44100 Hz, stereo, fltp, 112 kb/s
I/FFMPEG  ( 3692):     Metadata:
I/FFMPEG  ( 3692):       ANDROID_LOOP    : true
I/FFMPEG  ( 3692):       TITLE           : Digital Phone
D/FFmpegExtractor( 3692): FFmpegExtrator, url: android-source:0xb0c986a0, format_name: ogg, format_long_name: Ogg
I/FFmpegExtractor( 3692): adjust mime(application/ogg -> audio/vorbis)
D/FFmpegExtractor( 3692): suppoted codec(vorbis) by official Stagefright
D/FFmpegExtractor( 3692): ffmpeg detected media content as 'audio/vorbis' with confidence 0.08
D/WVMDrmPlugIn( 3691): WVMDrmPlugin::onInitialize : 6172
D/WVMDrmPlugIn( 3691): WVMDrmPlugin::onSetOnInfoListener : add 6172
D/WVMDrmPlugIn( 3691): WVMDrmPlugin::onTerminate : 6172
I/FFmpegExtractor( 3692): android-source:0xb1110740
I/FFMPEG  ( 3692): Input #0, ogg, from 'android-source:0xb1110740':
I/FFMPEG  ( 3692):   Duration: 00:00:04.15, start: 0.000000, bitrate: 101 kb/s
I/FFMPEG  ( 3692):     Stream #0:0: Audio: vorbis, 44100 Hz, stereo, fltp, 112 kb/s
I/FFMPEG  ( 3692):     Metadata:
I/FFMPEG  ( 3692):       TITLE           : Chimey Phone
I/FFMPEG  ( 3692):       ANDROID_LOOP    : true
D/FFmpegExtractor( 3692): FFmpegExtrator, url: android-source:0xb1110740, format_name: ogg, format_long_name: Ogg
I/FFmpegExtractor( 3692): adjust mime(application/ogg -> audio/vorbis)
D/FFmpegExtractor( 3692): suppoted codec(vorbis) by official Stagefright
D/FFmpegExtractor( 3692): ffmpeg detected media content as 'audio/vorbis' with confidence 0.08
E/ELEVEN  ( 4950): calling refresh!
D/WVMDrmPlugIn( 3691): WVMDrmPlugin::onInitialize : 7755
D/WVMDrmPlugIn( 3691): WVMDrmPlugin::onSetOnInfoListener : add 7755
D/WVMDrmPlugIn( 3691): WVMDrmPlugin::onTerminate : 7755
I/FFmpegExtractor( 3692): android-source:0xb1110bf0
I/FFMPEG  ( 3692): Input #0, ogg, from 'android-source:0xb1110bf0':
I/FFMPEG  ( 3692):   Duration: 00:00:03.68, start: 0.000000, bitrate: 95 kb/s
I/FFMPEG  ( 3692):     Stream #0:0: Audio: vorbis, 44100 Hz, stereo, fltp, 112 kb/s
I/FFMPEG  ( 3692):     Metadata:
I/FFMPEG  ( 3692):       TITLE           : Flutey Phone
I/FFMPEG  ( 3692):       ANDROID_LOOP    : true
D/FFmpegExtractor( 3692): FFmpegExtrator, url: android-source:0xb1110bf0, format_name: ogg, format_long_name: Ogg
I/FFmpegExtractor( 3692): adjust mime(application/ogg -> audio/vorbis)
D/FFmpegExtractor( 3692): suppoted codec(vorbis) by official Stagefright
D/FFmpegExtractor( 3692): ffmpeg detected media content as 'audio/vorbis' with confidence 0.08
D/WVMDrmPlugIn( 3691): WVMDrmPlugin::onInitialize : 4499
D/WVMDrmPlugIn( 3691): WVMDrmPlugin::onSetOnInfoListener : add 4499
D/WVMDrmPlugIn( 3691): WVMDrmPlugin::onTerminate : 4499
I/FFmpegExtractor( 3692): android-source:0xb0c982e0
I/FFMPEG  ( 3692): Input #0, ogg, from 'android-source:0xb0c982e0':
I/FFMPEG  ( 3692):   Duration: 00:00:05.49, start: 0.000000, bitrate: 71 kb/s
I/FFMPEG  ( 3692):     Stream #0:0: Audio: vorbis, 44100 Hz, mono, fltp, 70 kb/s
I/FFMPEG  ( 3692):     Metadata:
I/FFMPEG  ( 3692):       ANDROID_LOOP    : true
I/FFMPEG  ( 3692):       TITLE           : Road Trip
I/FFMPEG  ( 3692):       ARTIST          : Dr. Mad
D/FFmpegExtractor( 3692): FFmpegExtrator, url: android-source:0xb0c982e0, format_name: ogg, format_long_name: Ogg
I/FFmpegExtractor( 3692): adjust mime(application/ogg -> audio/vorbis)
D/FFmpegExtractor( 3692): suppoted codec(vorbis) by official Stagefright
D/FFmpegExtractor( 3692): ffmpeg detected media content as 'audio/vorbis' with confidence 0.08
D/WVMDrmPlugIn( 3691): WVMDrmPlugin::onInitialize : 7679
D/WVMDrmPlugIn( 3691): WVMDrmPlugin::onSetOnInfoListener : add 7679
D/WVMDrmPlugIn( 3691): WVMDrmPlugin::onTerminate : 7679
I/FFmpegExtractor( 3692): android-source:0xb452c920
I/FFMPEG  ( 3692): Input #0, ogg, from 'android-source:0xb452c920':
I/FFMPEG  ( 3692):   Duration: 00:00:03.70, start: 0.000000, bitrate: 466 kb/s
I/FFMPEG  ( 3692):     Stream #0:0: Audio: vorbis, 44100 Hz, stereo, fltp, 450 kb/s
I/FFMPEG  ( 3692):     Metadata:
I/FFMPEG  ( 3692):       ENCODER         : FL Studio
D/FFmpegExtractor( 3692): FFmpegExtrator, url: android-source:0xb452c920, format_name: ogg, format_long_name: Ogg
I/FFmpegExtractor( 3692): adjust mime(application/ogg -> audio/vorbis)
D/FFmpegExtractor( 3692): suppoted codec(vorbis) by official Stagefright
D/FFmpegExtractor( 3692): ffmpeg detected media content as 'audio/vorbis' with confidence 0.08
D/WVMDrmPlugIn( 3691): WVMDrmPlugin::onInitialize : 7468
D/WVMDrmPlugIn( 3691): WVMDrmPlugin::onSetOnInfoListener : add 7468
D/WVMDrmPlugIn( 3691): WVMDrmPlugin::onTerminate : 7468
I/FFmpegExtractor( 3692): android-source:0xb0c98290
I/FFMPEG  ( 3692): Input #0, ogg, from 'android-source:0xb0c98290':
I/FFMPEG  ( 3692):   Duration: 00:00:04.57, start: 0.000000, bitrate: 55 kb/s
I/FFMPEG  ( 3692):     Stream #0:0: Audio: vorbis, 44100 Hz, mono, fltp, 48 kb/s
I/FFMPEG  ( 3692):     Metadata:
I/FFMPEG  ( 3692):       ARTIST          : Dr. MAD
I/FFMPEG  ( 3692):       TITLE           : Romancing The Tone
I/FFMPEG  ( 3692):       ANDROID_LOOP    : true
D/FFmpegExtractor( 3692): FFmpegExtrator, url: android-source:0xb0c98290, format_name: ogg, format_long_name: Ogg
I/FFmpegExtractor( 3692): adjust mime(application/ogg -> audio/vorbis)
D/FFmpegExtractor( 3692): suppoted codec(vorbis) by official Stagefright
D/FFmpegExtractor( 3692): ffmpeg detected media content as 'audio/vorbis' with confidence 0.08
I/InputReader( 4111): Reconfiguring input devices.  changes=0x00000020
I/InputReader( 4111): Reconfiguring input devices.  changes=0x00000020
I/InputReader( 4111): Reconfiguring input devices.  changes=0x00000020
I/InputReader( 4111): Reconfiguring input devices.  changes=0x00000020
I/InputReader( 4111): Reconfiguring input devices.  changes=0x00000020
W/Launcher.Model( 4984): Nobody to tell about the new app.  Launcher is probably loading.
W/Searchables( 4111): No global search activity found
D/WVMDrmPlugIn( 3691): WVMDrmPlugin::onInitialize : 4494
D/WVMDrmPlugIn( 3691): WVMDrmPlugin::onSetOnInfoListener : add 4494
D/WVMDrmPlugIn( 3691): WVMDrmPlugin::onTerminate : 4494
I/FFmpegExtractor( 3692): android-source:0xb11103d0
I/FFMPEG  ( 3692): Input #0, ogg, from 'android-source:0xb11103d0':
I/FFMPEG  ( 3692):   Duration: 00:00:04.00, start: 0.000000, bitrate: 84 kb/s
I/FFMPEG  ( 3692):     Stream #0:0: Audio: vorbis, 44100 Hz, mono, fltp, 75 kb/s
I/FFMPEG  ( 3692):     Metadata:
I/FFMPEG  ( 3692):       ANDROID_LOOP    : true
I/FFMPEG  ( 3692):       COPYRIGHT       : (c) Copyright 2009 Android Open Source Project
I/FFMPEG  ( 3692):       TITLE           : Safari
I/FFMPEG  ( 3692):       ARTIST          : Dr. Mad
D/FFmpegExtractor( 3692): FFmpegExtrator, url: android-source:0xb11103d0, format_name: ogg, format_long_name: Ogg
I/FFmpegExtractor( 3692): adjust mime(application/ogg -> audio/vorbis)
D/FFmpegExtractor( 3692): suppoted codec(vorbis) by official Stagefright
D/FFmpegExtractor( 3692): ffmpeg detected media content as 'audio/vorbis' with confidence 0.08
E/cutils  ( 5631): Failed to mkdir(/mnt/shell/emulated/0): Read-only file system
W/Zygote  ( 5631): Failed to mount emulated storage: 30
I/ActivityManager( 4111): Start proc android.process.acore for broadcast com.android.providers.contacts/.PackageIntentReceiver: pid=5631 uid=10006 gids={50006, 9997, 3003, 1028, 1015} abi=armeabi-v7a
I/InputReader( 4111): Reconfiguring input devices.  changes=0x00000020
D/BackupManagerService( 4111): Received broadcast Intent { act=android.intent.action.PACKAGE_CHANGED dat=package:com.android.gallery3d flg=0x4000010 (has extras) }
I/InputReader( 4111): Reconfiguring input devices.  changes=0x00000020
W/Searchables( 4111): No global search activity found
W/Searchables( 4111): No global search activity found
W/Searchables( 4111): No global search activity found
W/Launcher.Model( 4984): Nobody to tell about the new app.  Launcher is probably loading.
W/Searchables( 4111): No global search activity found
W/Launcher.Model( 4984): Nobody to tell about the new app.  Launcher is probably loading.
W/Launcher.Model( 4984): Nobody to tell about the new app.  Launcher is probably loading.
W/Launcher.Model( 4984): Nobody to tell about the new app.  Launcher is probably loading.
W/Launcher.Model( 4984): Nobody to tell about the new app.  Launcher is probably loading.
W/Searchables( 4111): No global search activity found
W/Launcher.Model( 4984): Nobody to tell about the new app.  Launcher is probably loading.
D/BackupManagerService( 4111): Received broadcast Intent { act=android.intent.action.PACKAGE_CHANGED dat=package:com.android.email flg=0x4000010 (has extras) }
D/WVMDrmPlugIn( 3691): WVMDrmPlugin::onInitialize : 7420
D/WVMDrmPlugIn( 3691): WVMDrmPlugin::onSetOnInfoListener : add 7420
D/BackupManagerService( 4111): Received broadcast Intent { act=android.intent.action.PACKAGE_CHANGED dat=package:com.android.calendar flg=0x4000010 (has extras) }
W/Searchables( 4111): No global search activity found
D/BackupManagerService( 4111): Received broadcast Intent { act=android.intent.action.PACKAGE_CHANGED dat=package:com.android.camera2 flg=0x4000010 (has extras) }
D/BackupManagerService( 4111): Received broadcast Intent { act=android.intent.action.PACKAGE_CHANGED dat=package:com.android.phone flg=0x4000010 (has extras) }
D/BackupManagerService( 4111): Received broadcast Intent { act=android.intent.action.PACKAGE_CHANGED dat=package:com.android.stk flg=0x4000010 (has extras) }
D/BackupManagerService( 4111): Received broadcast Intent { act=android.intent.action.PACKAGE_CHANGED dat=package:com.android.inputmethod.latin flg=0x4000010 (has extras) }
D/WVMDrmPlugIn( 3691): WVMDrmPlugin::onTerminate : 7420
I/FFmpegExtractor( 3692): android-source:0xb1110330
I/FFMPEG  ( 3692): Input #0, ogg, from 'android-source:0xb1110330':
I/FFMPEG  ( 3692):   Duration: 00:00:04.00, start: 0.000000, bitrate: 78 kb/s
I/FFMPEG  ( 3692):     Stream #0:0: Audio: vorbis, 44100 Hz, mono, fltp, 70 kb/s
I/FFMPEG  ( 3692):     Metadata:
I/FFMPEG  ( 3692):       ANDROID_LOOP    : true
I/FFMPEG  ( 3692):       TITLE           : Savannah
I/FFMPEG  ( 3692):       ARTIST          : Dr. Mad
D/FFmpegExtractor( 3692): FFmpegExtrator, url: android-source:0xb1110330, format_name: ogg, format_long_name: Ogg
I/FFmpegExtractor( 3692): adjust mime(application/ogg -> audio/vorbis)
D/FFmpegExtractor( 3692): suppoted codec(vorbis) by official Stagefright
D/FFmpegExtractor( 3692): ffmpeg detected media content as 'audio/vorbis' with confidence 0.08
W/Launcher( 4984): setApplicationContext called twice! old=com.android.launcher3.LauncherApplication@2996300f new=com.android.launcher3.LauncherApplication@2996300f
W/Launcher( 4984): setApplicationContext called twice! old=com.android.launcher3.LauncherApplication@2996300f new=com.android.launcher3.LauncherApplication@2996300f
D/WVMDrmPlugIn( 3691): WVMDrmPlugin::onInitialize : 5313
D/WVMDrmPlugIn( 3691): WVMDrmPlugin::onSetOnInfoListener : add 5313
I/ContactLocale( 5631): AddressBook Labels [en-US]: [, A, B, C, D, E, F, G, H, I, J, K, L, M, N, O, P, Q, R, S, T, U, V, W, X, Y, Z, , , , , , , , , , , , , , , , , , , , , , , , , , , , , , , , , , , , , , , , , , , , , , , , , , , , , , , , , , , , , , , , , , , , , , , , , , , , , , , , , , , , , , , , , , , , , , , , , , , , , , , , , , , , , , , , , , , , , , , , , , , , , , , , , , , , , , , , , , , , , , , , , , , , , , , , , , , , , , , , , , , , , , , , , , , , , , , , , , , , , , , , , , , , #, ]
W/Launcher( 4984): setApplicationContext called twice! old=com.android.launcher3.LauncherApplication@2996300f new=com.android.launcher3.LauncherApplication@2996300f
D/WVMDrmPlugIn( 3691): WVMDrmPlugin::onTerminate : 5313
I/FFmpegExtractor( 3692): android-source:0xb0c98880
I/FFMPEG  ( 3692): Input #0, ogg, from 'android-source:0xb0c98880':
I/FFMPEG  ( 3692):   Duration: 00:00:09.23, start: 0.000000, bitrate: 94 kb/s
I/FFMPEG  ( 3692):     Stream #0:0: Audio: vorbis, 44100 Hz, stereo, fltp, 112 kb/s
I/FFMPEG  ( 3692):     Metadata:
I/FFMPEG  ( 3692):       ANDROID_LOOP    : true
I/FFMPEG  ( 3692):       TITLE           : Scarabaeus
D/FFmpegExtractor( 3692): FFmpegExtrator, url: android-source:0xb0c98880, format_name: ogg, format_long_name: Ogg
I/FFmpegExtractor( 3692): adjust mime(application/ogg -> audio/vorbis)
D/FFmpegExtractor( 3692): suppoted codec(vorbis) by official Stagefright
D/FFmpegExtractor( 3692): ffmpeg detected media content as 'audio/vorbis' with confidence 0.08
W/Launcher( 4984): setApplicationContext called twice! old=com.android.launcher3.LauncherApplication@2996300f new=com.android.launcher3.LauncherApplication@2996300f
W/Launcher( 4984): setApplicationContext called twice! old=com.android.launcher3.LauncherApplication@2996300f new=com.android.launcher3.LauncherApplication@2996300f
W/Launcher( 4984): setApplicationContext called twice! old=com.android.launcher3.LauncherApplication@2996300f new=com.android.launcher3.LauncherApplication@2996300f
W/Launcher( 4984): setApplicationContext called twice! old=com.android.launcher3.LauncherApplication@2996300f new=com.android.launcher3.LauncherApplication@2996300f
I/ActivityManager( 4111): Killing 5326:com.android.managedprovisioning/u0a11 (adj 15): empty #17
D/WVMDrmPlugIn( 3691): WVMDrmPlugin::onInitialize : 5439
D/WVMDrmPlugIn( 3691): WVMDrmPlugin::onSetOnInfoListener : add 5439
D/WVMDrmPlugIn( 3691): WVMDrmPlugin::onTerminate : 5439
I/FFmpegExtractor( 3692): android-source:0xb452cc90
I/FFMPEG  ( 3692): Input #0, ogg, from 'android-source:0xb452cc90':
I/FFMPEG  ( 3692):   Duration: 00:00:30.00, start: 0.000000, bitrate: 84 kb/s
I/FFMPEG  ( 3692):     Stream #0:0: Audio: vorbis, 44100 Hz, stereo, fltp, 112 kb/s
I/FFMPEG  ( 3692):     Metadata:
I/FFMPEG  ( 3692):       ANDROID_LOOP    : true
I/FFMPEG  ( 3692):       TITLE           : Sceptrum
D/FFmpegExtractor( 3692): FFmpegExtrator, url: android-source:0xb452cc90, format_name: ogg, format_long_name: Ogg
I/FFmpegExtractor( 3692): adjust mime(application/ogg -> audio/vorbis)
D/FFmpegExtractor( 3692): suppoted codec(vorbis) by official Stagefright
D/FFmpegExtractor( 3692): ffmpeg detected media content as 'audio/vorbis' with confidence 0.08
W/libprocessgroup( 4111): failed to open /acct/uid_10011/pid_5326/cgroup.procs: No such file or directory
D/WVMDrmPlugIn( 3691): WVMDrmPlugin::onInitialize : 4912
D/WVMDrmPlugIn( 3691): WVMDrmPlugin::onSetOnInfoListener : add 4912
D/WVMDrmPlugIn( 3691): WVMDrmPlugin::onTerminate : 4912
I/FFmpegExtractor( 3692): android-source:0xb4546a10
I/FFMPEG  ( 3692): Input #0, ogg, from 'android-source:0xb4546a10':
I/FFMPEG  ( 3692):   Duration: 00:00:06.86, start: 0.000000, bitrate: 229 kb/s
I/FFMPEG  ( 3692):     Stream #0:0: Audio: vorbis, 44100 Hz, stereo, fltp, 224 kb/s
I/FFMPEG  ( 3692):     Metadata:
I/FFMPEG  ( 3692):       ANDROID_LOOP    : true
I/FFMPEG  ( 3692):       TITLE           : Sedna
D/FFmpegExtractor( 3692): FFmpegExtrator, url: android-source:0xb4546a10, format_name: ogg, format_long_name: Ogg
I/FFmpegExtractor( 3692): adjust mime(application/ogg -> audio/vorbis)
D/FFmpegExtractor( 3692): suppoted codec(vorbis) by official Stagefright
D/FFmpegExtractor( 3692): ffmpeg detected media content as 'audio/vorbis' with confidence 0.08
D/WVMDrmPlugIn( 3691): WVMDrmPlugin::onInitialize : 8017
D/WVMDrmPlugIn( 3691): WVMDrmPlugin::onSetOnInfoListener : add 8017
D/WVMDrmPlugIn( 3691): WVMDrmPlugin::onTerminate : 8017
I/FFmpegExtractor( 3692): android-source:0xb4546b50
I/FFMPEG  ( 3692): Input #0, ogg, from 'android-source:0xb4546b50':
I/FFMPEG  ( 3692):   Duration: 00:00:04.80, start: 0.000000, bitrate: 74 kb/s
I/FFMPEG  ( 3692):     Stream #0:0: Audio: vorbis, 44100 Hz, mono, fltp, 70 kb/s
I/FFMPEG  ( 3692):     Metadata:
I/FFMPEG  ( 3692):       ANDROID_LOOP    : true
I/FFMPEG  ( 3692):       TITLE           : Seville
I/FFMPEG  ( 3692):       ARTIST          : Dr. Mad
D/FFmpegExtractor( 3692): FFmpegExtrator, url: android-source:0xb4546b50, format_name: ogg, format_long_name: Ogg
I/FFmpegExtractor( 3692): adjust mime(application/ogg -> audio/vorbis)
D/FFmpegExtractor( 3692): suppoted codec(vorbis) by official Stagefright
D/FFmpegExtractor( 3692): ffmpeg detected media content as 'audio/vorbis' with confidence 0.08
D/WVMDrmPlugIn( 3691): WVMDrmPlugin::onInitialize : 7370
D/WVMDrmPlugIn( 3691): WVMDrmPlugin::onSetOnInfoListener : add 7370
D/WVMDrmPlugIn( 3691): WVMDrmPlugin::onTerminate : 7370
I/FFmpegExtractor( 3692): android-source:0xb4546c90
I/FFMPEG  ( 3692): Input #0, mp3, from 'android-source:0xb4546c90':
I/FFMPEG  ( 3692):   Metadata:
I/FFMPEG  ( 3692):     Software        : <?xpacket begin="
I/FFMPEG  ( 3692):   Duration: 00:00:02.21, start: 0.023021, bitrate: 129 kb/s
I/FFMPEG  ( 3692):     Stream #0:0: Audio: mp3, 48000 Hz, stereo, s16p, 128 kb/s
I/FFMPEG  ( 3692):     Metadata:
I/FFMPEG  ( 3692):       encoder         : LAME3.98r
D/FFmpegExtractor( 3692): FFmpegExtrator, url: android-source:0xb4546c90, format_name: mp3, format_long_name: MP2/3 (MPEG audio layer 2/3)
D/FFmpegExtractor( 3692): suppoted codec(mp3) by official Stagefright
D/FFmpegExtractor( 3692): ffmpeg detected media content as 'audio/mpeg' with confidence 0.08
D/WVMDrmPlugIn( 3691): WVMDrmPlugin::onInitialize : 4293
D/WVMDrmPlugIn( 3691): WVMDrmPlugin::onSetOnInfoListener : add 4293
D/WVMDrmPlugIn( 3691): WVMDrmPlugin::onTerminate : 4293
I/FFmpegExtractor( 3692): android-source:0xb4546c40
I/FFMPEG  ( 3692): Input #0, ogg, from 'android-source:0xb4546c40':
I/FFMPEG  ( 3692):   Duration: 00:00:04.17, start: 0.000000, bitrate: 75 kb/s
I/FFMPEG  ( 3692):     Stream #0:0: Audio: vorbis, 44100 Hz, mono, fltp, 70 kb/s
I/FFMPEG  ( 3692):     Metadata:
I/FFMPEG  ( 3692):       ANDROID_LOOP    : true
I/FFMPEG  ( 3692):       TITLE           : She's All That
I/FFMPEG  ( 3692):       ARTIST          : Dr. Mad
D/FFmpegExtractor( 3692): FFmpegExtrator, url: android-source:0xb4546c40, format_name: ogg, format_long_name: Ogg
I/FFmpegExtractor( 3692): adjust mime(application/ogg -> audio/vorbis)
D/FFmpegExtractor( 3692): suppoted codec(vorbis) by official Stagefright
D/FFmpegExtractor( 3692): ffmpeg detected media content as 'audio/vorbis' with confidence 0.08
D/WVMDrmPlugIn( 3691): WVMDrmPlugin::onInitialize : 7814
D/WVMDrmPlugIn( 3691): WVMDrmPlugin::onSetOnInfoListener : add 7814
D/WVMDrmPlugIn( 3691): WVMDrmPlugin::onTerminate : 7814
I/FFmpegExtractor( 3692): android-source:0xb4546e20
I/FFMPEG  ( 3692): Input #0, ogg, from 'android-source:0xb4546e20':
I/FFMPEG  ( 3692):   Duration: 00:00:04.17, start: 0.000000, bitrate: 84 kb/s
I/FFMPEG  ( 3692):     Stream #0:0: Audio: vorbis, 44100 Hz, mono, fltp, 75 kb/s
I/FFMPEG  ( 3692):     Metadata:
I/FFMPEG  ( 3692):       COPYRIGHT       : Copyright (c) 2009 Android Open Source Project
I/FFMPEG  ( 3692):       ANDROID_LOOP    : true
I/FFMPEG  ( 3692):       TITLE           : Silky Way
I/FFMPEG  ( 3692):       ARTIST          : Dr. Mad
D/FFmpegExtractor( 3692): FFmpegExtrator, url: android-source:0xb4546e20, format_name: ogg, format_long_name: Ogg
I/FFmpegExtractor( 3692): adjust mime(application/ogg -> audio/vorbis)
D/FFmpegExtractor( 3692): suppoted codec(vorbis) by official Stagefright
D/FFmpegExtractor( 3692): ffmpeg detected media content as 'audio/vorbis' with confidence 0.08
D/WVMDrmPlugIn( 3691): WVMDrmPlugin::onInitialize : 7586
D/WVMDrmPlugIn( 3691): WVMDrmPlugin::onSetOnInfoListener : add 7586
D/WVMDrmPlugIn( 3691): WVMDrmPlugin::onTerminate : 7586
I/FFmpegExtractor( 3692): android-source:0xb452c1a0
I/FFMPEG  ( 3692): Input #0, ogg, from 'android-source:0xb452c1a0':
I/FFMPEG  ( 3692):   Duration: 00:00:04.00, start: 0.000000, bitrate: 57 kb/s
I/FFMPEG  ( 3692):     Stream #0:0: Audio: vorbis, 44100 Hz, mono, fltp, 48 kb/s
I/FFMPEG  ( 3692):     Metadata:
I/FFMPEG  ( 3692):       ARTIST          : Dr. MAD
I/FFMPEG  ( 3692):       TITLE           : Sitar Versus Sitar
I/FFMPEG  ( 3692):       ANDROID_LOOP    : true
D/FFmpegExtractor( 3692): FFmpegExtrator, url: android-source:0xb452c1a0, format_name: ogg, format_long_name: Ogg
I/FFmpegExtractor( 3692): adjust mime(application/ogg -> audio/vorbis)
D/FFmpegExtractor( 3692): suppoted codec(vorbis) by official Stagefright
D/FFmpegExtractor( 3692): ffmpeg detected media content as 'audio/vorbis' with confidence 0.08
D/WVMDrmPlugIn( 3691): WVMDrmPlugin::onInitialize : 7288
D/WVMDrmPlugIn( 3691): WVMDrmPlugin::onSetOnInfoListener : add 7288
D/WVMDrmPlugIn( 3691): WVMDrmPlugin::onTerminate : 7288
I/FFmpegExtractor( 3692): android-source:0xb452c2e0
I/FFMPEG  ( 3692): Input #0, ogg, from 'android-source:0xb452c2e0':
I/FFMPEG  ( 3692):   Duration: 00:00:08.91, start: 0.000000, bitrate: 80 kb/s
I/FFMPEG  ( 3692):     Stream #0:0: Audio: vorbis, 44100 Hz, stereo, fltp, 112 kb/s
