V/BitmapFactory( 4314): DecodeImagePath(decodeResourceStream3) : res/drawable-xxhdpi-v4/btn_radio_to_off_mtrl_014.png
V/BitmapFactory( 4314): DecodeImagePath(decodeResourceStream3) : res/drawable-xxhdpi-v4/btn_radio_to_off_mtrl_015.png
V/BitmapFactory( 4314): DecodeImagePath(decodeResourceStream3) : res/drawable-xxhdpi-v4/btn_radio_to_on_mtrl_000.png
V/BitmapFactory( 4314): DecodeImagePath(decodeResourceStream3) : res/drawable-xxhdpi-v4/btn_radio_to_on_mtrl_001.png
V/BitmapFactory( 4314): DecodeImagePath(decodeResourceStream3) : res/drawable-xxhdpi-v4/btn_radio_to_on_mtrl_002.png
V/BitmapFactory( 4314): DecodeImagePath(decodeResourceStream3) : res/drawable-xxhdpi-v4/btn_radio_to_on_mtrl_003.png
V/BitmapFactory( 4314): DecodeImagePath(decodeResourceStream3) : res/drawable-xxhdpi-v4/btn_radio_to_on_mtrl_004.png
V/BitmapFactory( 4314): DecodeImagePath(decodeResourceStream3) : res/drawable-xxhdpi-v4/btn_radio_to_on_mtrl_005.png
V/BitmapFactory( 4314): DecodeImagePath(decodeResourceStream3) : res/drawable-xxhdpi-v4/btn_radio_to_on_mtrl_006.png
V/BitmapFactory( 4314): DecodeImagePath(decodeResourceStream3) : res/drawable-xxhdpi-v4/btn_radio_to_on_mtrl_007.png
V/BitmapFactory( 4314): DecodeImagePath(decodeResourceStream3) : res/drawable-xxhdpi-v4/btn_radio_to_on_mtrl_008.png
V/BitmapFactory( 4314): DecodeImagePath(decodeResourceStream3) : res/drawable-xxhdpi-v4/btn_radio_to_on_mtrl_010.png
V/BitmapFactory( 4314): DecodeImagePath(decodeResourceStream3) : res/drawable-xxhdpi-v4/btn_radio_to_on_mtrl_011.png
V/BitmapFactory( 4314): DecodeImagePath(decodeResourceStream3) : res/drawable-xxhdpi-v4/btn_radio_to_on_mtrl_012.png
V/BitmapFactory( 4314): DecodeImagePath(decodeResourceStream3) : res/drawable-xxhdpi-v4/btn_radio_to_on_mtrl_013.png
V/BitmapFactory( 4314): DecodeImagePath(decodeResourceStream3) : res/drawable-xxhdpi-v4/btn_radio_to_on_mtrl_014.png
V/BitmapFactory( 4314): DecodeImagePath(decodeResourceStream3) : res/drawable-xxhdpi-v4/btn_radio_to_on_mtrl_015.png
V/BitmapFactory( 4314): DecodeImagePath(decodeResourceStream3) : res/drawable-xxhdpi-v4/btn_rating_star_off_mtrl_alpha.png
V/BitmapFactory( 4314): DecodeImagePath(decodeResourceStream3) : res/drawable-xxhdpi-v4/btn_rating_star_on_mtrl_alpha.png
V/BitmapFactory( 4314): DecodeImagePath(decodeResourceStream3) : res/drawable-xxhdpi-v4/btn_star_mtrl_alpha.png
E/Zygote  ( 4314): Waiting Preload Resource
E/Zygote  ( 4314): Waiting Preload Resource
V/BitmapFactory( 4314): DecodeImagePath(decodeResourceStream3) : res/drawable-xxhdpi-v4/fastscroll_thumb_mtrl_alpha.png
V/BitmapFactory( 4314): DecodeImagePath(decodeResourceStream3) : res/drawable-xxhdpi-v4/ic_cab_done_mtrl_alpha.png
V/BitmapFactory( 4314): DecodeImagePath(decodeResourceStream3) : res/drawable-xxhdpi-v4/ic_clear_mtrl_alpha.png
V/BitmapFactory( 4314): DecodeImagePath(decodeResourceStream3) : res/drawable-xxhdpi-v4/ic_commit_search_api_mtrl_alpha.png
V/BitmapFactory( 4314): DecodeImagePath(decodeResourceStream3) : res/drawable-xxhdpi-v4/ic_find_next_mtrl_alpha.png
V/BitmapFactory( 4314): DecodeImagePath(decodeResourceStream3) : res/drawable-xxhdpi-v4/ic_find_previous_mtrl_alpha.png
V/BitmapFactory( 4314): DecodeImagePath(decodeResourceStream3) : res/drawable-xxhdpi-v4/ic_media_route_disabled_mtrl_alpha.png
V/BitmapFactory( 4314): DecodeImagePath(decodeResourceStream3) : res/drawable-xxhdpi-v4/ic_media_route_off_mtrl_alpha.png
V/BitmapFactory( 4314): DecodeImagePath(decodeResourceStream3) : res/drawable-xxhdpi-v4/ic_media_route_on_0_mtrl_alpha.png
V/BitmapFactory( 4314): DecodeImagePath(decodeResourceStream3) : res/drawable-xxhdpi-v4/ic_media_route_on_1_mtrl_alpha.png
V/BitmapFactory( 4314): DecodeImagePath(decodeResourceStream3) : res/drawable-xxhdpi-v4/ic_media_route_on_2_mtrl_alpha.png
V/BitmapFactory( 4314): DecodeImagePath(decodeResourceStream3) : res/drawable-xxhdpi-v4/ic_media_route_on_mtrl_alpha.png
V/BitmapFactory( 4314): DecodeImagePath(decodeResourceStream3) : res/drawable-xxhdpi-v4/ic_menu_find_mtrl_alpha.png
V/BitmapFactory( 4314): DecodeImagePath(decodeResourceStream3) : res/drawable-xxhdpi-v4/ic_menu_search_mtrl_alpha.png
E/Zygote  ( 4314): Waiting Preload Resource
V/BitmapFactory( 4314): DecodeImagePath(decodeResourceStream3) : res/drawable-xxhdpi-v4/scrubber_control_from_pressed_mtrl_000.png
V/BitmapFactory( 4314): DecodeImagePath(decodeResourceStream3) : res/drawable-xxhdpi-v4/scrubber_control_from_pressed_mtrl_001.png
V/BitmapFactory( 4314): DecodeImagePath(decodeResourceStream3) : res/drawable-xxhdpi-v4/scrubber_control_from_pressed_mtrl_002.png
V/BitmapFactory( 4314): DecodeImagePath(decodeResourceStream3) : res/drawable-xxhdpi-v4/scrubber_control_from_pressed_mtrl_003.png
V/BitmapFactory( 4314): DecodeImagePath(decodeResourceStream3) : res/drawable-xxhdpi-v4/scrubber_control_from_pressed_mtrl_004.png
V/BitmapFactory( 4314): DecodeImagePath(decodeResourceStream3) : res/drawable-xxhdpi-v4/scrubber_control_from_pressed_mtrl_005.png
V/BitmapFactory( 4314): DecodeImagePath(decodeResourceStream3) : res/drawable-xxhdpi-v4/scrubber_control_off_pressed_mtrl_alpha.png
V/BitmapFactory( 4314): DecodeImagePath(decodeResourceStream3) : res/drawable-xxhdpi-v4/scrubber_control_off_mtrl_alpha.png
V/BitmapFactory( 4314): DecodeImagePath(decodeResourceStream3) : res/drawable-xxhdpi-v4/scrubber_control_on_pressed_mtrl_alpha.png
V/BitmapFactory( 4314): DecodeImagePath(decodeResourceStream3) : res/drawable-xxhdpi-v4/scrubber_control_on_mtrl_alpha.png
V/BitmapFactory( 4314): DecodeImagePath(decodeResourceStream3) : res/drawable-xxhdpi-v4/scrubber_control_to_pressed_mtrl_000.png
V/BitmapFactory( 4314): DecodeImagePath(decodeResourceStream3) : res/drawable-xxhdpi-v4/scrubber_control_to_pressed_mtrl_001.png
V/BitmapFactory( 4314): DecodeImagePath(decodeResourceStream3) : res/drawable-xxhdpi-v4/scrubber_control_to_pressed_mtrl_002.png
V/BitmapFactory( 4314): DecodeImagePath(decodeResourceStream3) : res/drawable-xxhdpi-v4/scrubber_control_to_pressed_mtrl_003.png
V/BitmapFactory( 4314): DecodeImagePath(decodeResourceStream3) : res/drawable-xxhdpi-v4/scrubber_control_to_pressed_mtrl_004.png
V/BitmapFactory( 4314): DecodeImagePath(decodeResourceStream3) : res/drawable-xxhdpi-v4/scrubber_control_to_pressed_mtrl_005.png
V/BitmapFactory( 4314): DecodeImagePath(decodeResourceStream3) : res/drawable-xxhdpi-v4/text_select_handle_left_mtrl_alpha.png
V/BitmapFactory( 4314): DecodeImagePath(decodeResourceStream3) : res/drawable-xxhdpi-v4/text_select_handle_middle_mtrl_alpha.png
E/Zygote  ( 4314): Waiting Preload Resource
V/BitmapFactory( 4314): DecodeImagePath(decodeResourceStream3) : res/drawable-xxhdpi-v4/text_select_handle_right_mtrl_alpha.png
V/BitmapFactory( 4314): DecodeImagePath(decodeResourceStream3) : res/drawable-xxhdpi-v4/tw_btn_check_to_on_mtrl_015.png
V/BitmapFactory( 4314): DecodeImagePath(decodeResourceStream3) : res/drawable-xxhdpi-v4/tw_btn_check_to_on_mtrl_000.png
V/BitmapFactory( 4314): DecodeImagePath(decodeResourceStream3) : res/drawable-xxhdpi-v4/tw_btn_check_to_on_mtrl_015.png
V/BitmapFactory( 4314): DecodeImagePath(decodeResourceStream3) : res/drawable-xxhdpi-v4/tw_btn_check_to_on_mtrl_000.png
V/BitmapFactory( 4314): DecodeImagePath(decodeResourceStream3) : res/drawable-xxhdpi-v4/tw_btn_check_to_on_mtrl_000.png
V/BitmapFactory( 4314): DecodeImagePath(decodeResourceStream3) : res/drawable-xxhdpi-v4/tw_btn_check_to_on_mtrl_001.png
V/BitmapFactory( 4314): DecodeImagePath(decodeResourceStream3) : res/drawable-xxhdpi-v4/tw_btn_check_to_on_mtrl_002.png
V/BitmapFactory( 4314): DecodeImagePath(decodeResourceStream3) : res/drawable-xxhdpi-v4/tw_btn_check_to_on_mtrl_003.png
V/BitmapFactory( 4314): DecodeImagePath(decodeResourceStream3) : res/drawable-xxhdpi-v4/tw_btn_check_to_on_mtrl_004.png
V/BitmapFactory( 4314): DecodeImagePath(decodeResourceStream3) : res/drawable-xxhdpi-v4/tw_btn_check_to_on_mtrl_005.png
V/BitmapFactory( 4314): DecodeImagePath(decodeResourceStream3) : res/drawable-xxhdpi-v4/tw_btn_check_to_on_mtrl_006.png
V/BitmapFactory( 4314): DecodeImagePath(decodeResourceStream3) : res/drawable-xxhdpi-v4/tw_btn_check_to_on_mtrl_007.png
V/BitmapFactory( 4314): DecodeImagePath(decodeResourceStream3) : res/drawable-xxhdpi-v4/tw_btn_check_to_on_mtrl_008.png
V/BitmapFactory( 4314): DecodeImagePath(decodeResourceStream3) : res/drawable-xxhdpi-v4/tw_btn_check_to_on_mtrl_010.png
V/BitmapFactory( 4314): DecodeImagePath(decodeResourceStream3) : res/drawable-xxhdpi-v4/tw_btn_check_to_on_mtrl_011.png
V/BitmapFactory( 4314): DecodeImagePath(decodeResourceStream3) : res/drawable-xxhdpi-v4/tw_btn_check_to_on_mtrl_012.png
V/BitmapFactory( 4314): DecodeImagePath(decodeResourceStream3) : res/drawable-xxhdpi-v4/tw_btn_check_to_on_mtrl_013.png
V/BitmapFactory( 4314): DecodeImagePath(decodeResourceStream3) : res/drawable-xxhdpi-v4/tw_btn_check_to_on_mtrl_014.png
V/BitmapFactory( 4314): DecodeImagePath(decodeResourceStream3) : res/drawable-xxhdpi-v4/tw_btn_check_to_on_mtrl_015.png
V/BitmapFactory( 4314): DecodeImagePath(decodeResourceStream3) : res/drawable-xxhdpi-v4/tw_btn_check_to_off_mtrl_000.png
V/BitmapFactory( 4314): DecodeImagePath(decodeResourceStream3) : res/drawable-xxhdpi-v4/tw_btn_check_to_off_mtrl_001.png
V/BitmapFactory( 4314): DecodeImagePath(decodeResourceStream3) : res/drawable-xxhdpi-v4/tw_btn_check_to_off_mtrl_002.png
V/BitmapFactory( 4314): DecodeImagePath(decodeResourceStream3) : res/drawable-xxhdpi-v4/tw_btn_check_to_off_mtrl_003.png
V/BitmapFactory( 4314): DecodeImagePath(decodeResourceStream3) : res/drawable-xxhdpi-v4/tw_btn_check_to_off_mtrl_004.png
V/BitmapFactory( 4314): DecodeImagePath(decodeResourceStream3) : res/drawable-xxhdpi-v4/tw_btn_check_to_off_mtrl_005.png
V/BitmapFactory( 4314): DecodeImagePath(decodeResourceStream3) : res/drawable-xxhdpi-v4/tw_btn_check_to_off_mtrl_006.png
V/BitmapFactory( 4314): DecodeImagePath(decodeResourceStream3) : res/drawable-xxhdpi-v4/tw_btn_check_to_off_mtrl_007.png
E/Zygote  ( 4314): Waiting Preload Resource
V/BitmapFactory( 4314): DecodeImagePath(decodeResourceStream3) : res/drawable-xxhdpi-v4/tw_btn_check_to_off_mtrl_008.png
V/BitmapFactory( 4314): DecodeImagePath(decodeResourceStream3) : res/drawable-xxhdpi-v4/tw_btn_check_to_off_mtrl_010.png
V/BitmapFactory( 4314): DecodeImagePath(decodeResourceStream3) : res/drawable-xxhdpi-v4/tw_btn_check_to_off_mtrl_011.png
V/BitmapFactory( 4314): DecodeImagePath(decodeResourceStream3) : res/drawable-xxhdpi-v4/tw_btn_check_to_off_mtrl_012.png
V/BitmapFactory( 4314): DecodeImagePath(decodeResourceStream3) : res/drawable-xxhdpi-v4/tw_btn_check_to_off_mtrl_013.png
V/BitmapFactory( 4314): DecodeImagePath(decodeResourceStream3) : res/drawable-xxhdpi-v4/tw_btn_check_to_off_mtrl_014.png
V/BitmapFactory( 4314): DecodeImagePath(decodeResourceStream3) : res/drawable-xxhdpi-v4/tw_btn_check_to_off_mtrl_015.png
I/Zygote  ( 4314): ...preloaded 431 resources in 577ms.
E/Zygote  ( 4314): Waiting Preload Resource
I/Zygote  ( 4314): ...preloaded 41 resources in 13ms.
I/Zygote  ( 4314): !@Boot: End of preloadResources()
I/Zygote  ( 4314): Monitor End
I/art     ( 4314): Explicit concurrent mark sweep GC freed 15530(861KB) AllocSpace objects, 0(0B) LOS objects, 40% free, 18MB/30MB, paused 333us total 14.016ms
D/wrapperGPS( 3677): wrapperConnect_RILD
I/art     ( 4314): Explicit concurrent mark sweep GC freed 2921(891KB) AllocSpace objects, 0(0B) LOS objects, 39% free, 17MB/28MB, paused 330us total 12.631ms
I/art     ( 4314): Explicit concurrent mark sweep GC freed 5(160B) AllocSpace objects, 0(0B) LOS objects, 39% free, 17MB/28MB, paused 363us total 9.394ms
I/Zygote  ( 4314): System server process 4439 has been created
I/SELinux ( 4439): Function: selinux_compare_spd_ram , priority [2] , priority version is 
I/Zygote  ( 4314): Accepting command socket connections
E/art     ( 4439): DexFile_isDexOptNeeded file '/system/framework/org.cyanogenmod.hardware.jar' does not exist
I/InstallerConnection( 4439): disconnecting...
E/Zygote  ( 4439): Zygote died with exception
E/Zygote  ( 4439): java.lang.RuntimeException: Error starting system_server
E/Zygote  ( 4439): 	at com.android.internal.os.ZygoteInit.performSystemServerDexOpt(ZygoteInit.java:1048)
E/Zygote  ( 4439): 	at com.android.internal.os.ZygoteInit.handleSystemServerProcess(ZygoteInit.java:990)
E/Zygote  ( 4439): 	at com.android.internal.os.ZygoteInit.startSystemServer(ZygoteInit.java:1114)
E/Zygote  ( 4439): 	at com.android.internal.os.ZygoteInit.main(ZygoteInit.java:1186)
E/Zygote  ( 4439): Caused by: java.io.FileNotFoundException: /system/framework/org.cyanogenmod.hardware.jar
E/Zygote  ( 4439): 	at dalvik.system.DexFile.isDexOptNeededInternal(Native Method)
E/Zygote  ( 4439): 	at com.android.internal.os.ZygoteInit.performSystemServerDexOpt(ZygoteInit.java:1035)
E/Zygote  ( 4439): 	... 3 more
D/AndroidRuntime( 4439): Shutting down VM
W/SurfaceFlinger( 3658): Ignoring duplicate VSYNC event from HWC (t=16046185584)
E/Zygote  ( 4314): Exit zygote because system server (4439) has terminated
I/ServiceManager( 3656): service 'media.audio_flinger' died
I/ServiceManager( 3656): service 'media.player' died
I/ServiceManager( 3656): service 'media.camera' died
I/ServiceManager( 3656): service 'media.audio_policy' died
I/ServiceManager( 3656): service 'media.sound_trigger_hw' died
I/ServiceManager( 3656): service 'media.transcoder' died
D/wrapperGPS( 3677): wrapperConnect_RILD
D/wrapperGPS( 3677): wrapperConnect_RILD
D/wrapperGPS( 3677): wrapperConnect_RILD
I/auditd  ( 4494): Starting up
E/audit_log( 4494): Could not stat audit logfile /data/misc/audit/audit.log: Permission denied
E/auditd  ( 4494): Failed on audit_log_open
I/auditd  ( 4494): Exiting
I/Netd    ( 4495): Netd 1.0 starting
E/Netd    ( 4495): Failed to open /proc/sys/net/ipv6/conf/default/accept_ra_rt_table: No such file or directory
E/Netd    ( 4495): Failed to open /proc/sys/net/ipv6/conf/ip6tnl0/accept_ra_rt_table: No such file or directory
E/Netd    ( 4495): Failed to open /proc/sys/net/ipv6/conf/lo/accept_ra_rt_table: No such file or directory
E/Netd    ( 4495): Failed to open /proc/sys/net/ipv6/conf/rmnet0/accept_ra_rt_table: No such file or directory
E/Netd    ( 4495): Failed to open /proc/sys/net/ipv6/conf/rmnet1/accept_ra_rt_table: No such file or directory
E/Netd    ( 4495): Failed to open /proc/sys/net/ipv6/conf/rmnet2/accept_ra_rt_table: No such file or directory
E/Netd    ( 4495): Failed to open /proc/sys/net/ipv6/conf/rmnet3/accept_ra_rt_table: No such file or directory
E/Netd    ( 4495): Failed to open /proc/sys/net/ipv6/conf/sit0/accept_ra_rt_table: No such file or directory
I/SecureStorage( 4497): [INFO]: SPID(0x00000001)Secure Storage Daemon is preparing to run
I/SecureStorage( 4497): [INFO]: SPID(0x00000001)Secure Storage Daemon successfully binded a socket
I/SecureStorage( 4497): [INFO]: SPID(0x00000001)Secure Storage Daemon successfully connected to TA or driver
I/SecureStorage( 4497): [INFO]: SPID(0x00000001)Secure Storage Daemon successfully read the config file
I/SecureStorage( 4497): [INFO]: SPID(0x00000001)Secure Storage Daemon is ready to send config to TA/driver
W/SecureStorage( 4497): [WARN]: SPID(0x00000001)TA return code: -1 (0xffffffff)
I/SecureStorage( 4497): [INFO]: SPID(0x00000001)Secure Storage Daemon sent config to TA/driver
W/SecureStorage( 4497): [WARN]: SPID(0x00000001)system error
E/SecureStorage( 4497): [ERROR]:SPID(0x00000001)
E/SecureStorage( 4497): [ERROR]:SPID(0x00000001)
E/SecureStorage( 4497): [ERROR]:SPID(0x00000001)===============================================================================
E/SecureStorage( 4497): [ERROR]:SPID(0x00000001)The kernel binary has been changed.
E/SecureStorage( 4497): [ERROR]:SPID(0x00000001)The platform/kernel binaries should be synchronized for running Secure Storage.
E/SecureStorage( 4497): [ERROR]:SPID(0x00000001)Please use the same version of platform/kernel binaries.
E/SecureStorage( 4497): [ERROR]:SPID(0x00000001)===============================================================================
E/SecureStorage( 4497): [ERROR]:SPID(0x00000001)
E/SecureStorage( 4497): [ERROR]:SPID(0x00000001)
W/SecureStorage( 4497): [WARN]: SPID(0x00000001)Error sending config file to TA/driver!
I/SecureStorage( 4497): [INFO]: SPID(0x00000001)Secure Storage Daemon stopped
W/linker  ( 4496): libarcsoft_magicshot_common_T.so has text relocations. This is wasting memory and prevents security hardening. Please fix.
W/linker  ( 4496): libarccamera.so has text relocations. This is wasting memory and prevents security hardening. Please fix.
W/linker  ( 4496): libarcsoft_selfie_camera_lite.so has text relocations. This is wasting memory and prevents security hardening. Please fix.
D/AndroidRuntime( 4498): 
D/AndroidRuntime( 4498): >>>>>> AndroidRuntime START com.android.internal.os.ZygoteInit <<<<<<
D/AndroidRuntime( 4498): CheckJNI is OFF
D/AndroidRuntime( 4498): setted country_code = PANAMA
D/AndroidRuntime( 4498): setted countryiso_code = PA
D/AndroidRuntime( 4498): setted sales_code = TPA
D/AndroidRuntime( 4498): readGMSProperty: start
D/AndroidRuntime( 4498): readGMSProperty: already setted!!
D/AndroidRuntime( 4498): readGMSProperty: end
D/AndroidRuntime( 4498): addProductProperty: start
I/art     ( 4498): option[0]=-Xzygote
I/art     ( 4498): option[1]=-Xstacktracefile:/data/anr/traces.txt
I/art     ( 4498): option[2]=exit
I/art     ( 4498): option[3]=vfprintf
I/art     ( 4498): option[4]=sensitiveThread
I/art     ( 4498): option[5]=-verbose:gc
I/art     ( 4498): option[6]=-Xms8m
I/art     ( 4498): option[7]=-Xmx512m
I/art     ( 4498): option[8]=-XX:mainThreadStackSize=24K
I/art     ( 4498): option[9]=-XX:HeapGrowthLimit=128m
I/art     ( 4498): option[10]=-XX:HeapMinFree=2m
I/art     ( 4498): option[11]=-XX:HeapMaxFree=8m
I/art     ( 4498): option[12]=-XX:HeapTargetUtilization=0.75
I/art     ( 4498): option[13]=-Xgenregmap
I/art     ( 4498): option[14]=-Xgc:precise
I/art     ( 4498): option[15]=-agentlib:jdwp=transport=dt_android_adb,suspend=n,server=y
I/art     ( 4498): option[16]=-Ximage-compiler-option
I/art     ( 4498): option[17]=--runtime-arg
I/art     ( 4498): option[18]=-Ximage-compiler-option
I/art     ( 4498): option[19]=-Xms64m
I/art     ( 4498): option[20]=-Ximage-compiler-option
I/art     ( 4498): option[21]=--runtime-arg
I/art     ( 4498): option[22]=-Ximage-compiler-option
I/art     ( 4498): option[23]=-Xmx64m
I/art     ( 4498): option[24]=-Ximage-compiler-option
I/art     ( 4498): option[25]=--image-classes-zip=/system/framework/framework.jar
I/art     ( 4498): option[26]=-Ximage-compiler-option
I/art     ( 4498): option[27]=--image-classes=preloaded-classes
I/art     ( 4498): option[28]=-Xcompiler-option
I/art     ( 4498): option[29]=--runtime-arg
I/art     ( 4498): option[30]=-Xcompiler-option
I/art     ( 4498): option[31]=-Xms64m
I/art     ( 4498): option[32]=-Xcompiler-option
I/art     ( 4498): option[33]=--runtime-arg
I/art     ( 4498): option[34]=-Xcompiler-option
I/art     ( 4498): option[35]=-Xmx512m
I/art     ( 4498): option[36]=-Duser.language=es
I/art     ( 4498): option[37]=-Duser.region=US
W/linker  ( 4496): libsthmb.so has text relocations. This is wasting memory and prevents security hardening. Please fix.
W/linker  ( 4496): lib_SoundAlive_ver118t.so has text relocations. This is wasting memory and prevents security hardening. Please fix.
E/memtrack( 4498): Couldn't load memtrack module (No such file or directory)
E/android.os.Debug( 4498): failed to load memtrack module: -2
E/AffinityControl( 4498): AffinityControl: registerfunction enter
I/SamplingProfilerIntegration( 4498): Profiling disabled.
I/Zygote  ( 4498): !@Boot: beginofpreloadClasses()
I/Zygote  ( 4498): !@Boot: beginofpreloadResources()
I/art     ( 4498): Counter: 1
I/Zygote  ( 4498): Preloading classes...
I/art     ( 4498): Explicit concurrent mark sweep GC freed 1128(95KB) AllocSpace objects, 0(0B) LOS objects, 98% free, 75KB/4MB, paused 384us total 5.343ms
I/art     ( 4498): Explicit concurrent mark sweep GC freed 51(1968B) AllocSpace objects, 0(0B) LOS objects, 98% free, 73KB/4MB, paused 229us total 2.240ms
I/mediaserver( 4496): ServiceManager: 0xb2a50720
I/AudioFlinger( 4496): Using default 3000 mSec as standby time.
V/MediaPlayerService( 4496): MediaPlayerService created
D/NTSCoreInstanceManager( 4496): NTS Stack - 15/02/2014
I/CameraService( 4496): CameraService started (pid=4496)
I/CameraService( 4496): Loaded "Exynos Camera HAL1" camera module
D/ExynosCameraInterface( 4496): DEBUG:duration time(    0 msec):(HAL_getNumberOfCameras)
W/ExynosCameraInterface( 4496): WRN(HAL_set_callbacks): not supported API level 1.0
I/AudioPolicyService( 4496): AudioPolicyService CSTOR in new mode
I/Zygote  ( 4498): Number of total Classes to prelaod: 3009
I/Zygote  ( 4498): Classes to load for thread1 0~709
I/Zygote  ( 4498): Classes to load for thread2 710~1409
I/Zygote  ( 4498): Classes to load for thread3 1410~3008
W/Zygote  ( 4498): Class not found for preloading: android.widget.ActionMenuPresenter$OverflowMenuButton$1
D/TypefaceImpl( 4498): makeFontCollection adding /system/fonts/Roboto-Regular.ttf
V/AudioPolicyManager( 4496): loadHwModules() loading module primary
V/AudioPolicyManager( 4496): loadHwModule() loading output primary
V/AudioPolicyManager( 4496): loadSamplingRates() adding rate 48000
V/AudioPolicyManager( 4496): loadOutChannels() AUDIO_CHANNEL_OUT_STEREO
V/AudioPolicyManager( 4496): stringToEnum() found AUDIO_CHANNEL_OUT_STEREO
V/AudioPolicyManager( 4496): stringToEnum() found AUDIO_FORMAT_PCM_16_BIT
V/AudioPolicyManager( 4496): stringToEnum() found AUDIO_FORMAT_PCM_24_BIT
V/AudioPolicyManager( 4496): stringToEnum() found AUDIO_DEVICE_OUT_EARPIECE
V/AudioPolicyManager( 4496): DeviceVector::refreshTypes() mDeviceTypes 00000001
V/AudioPolicyManager( 4496): stringToEnum() found AUDIO_DEVICE_OUT_SPEAKER
V/AudioPolicyManager( 4496): DeviceVector::refreshTypes() mDeviceTypes 00000003
V/AudioPolicyManager( 4496): stringToEnum() found AUDIO_DEVICE_OUT_WIRED_HEADSET
V/AudioPolicyManager( 4496): DeviceVector::refreshTypes() mDeviceTypes 00000007
V/AudioPolicyManager( 4496): stringToEnum() found AUDIO_DEVICE_OUT_WIRED_HEADPHONE
V/AudioPolicyManager( 4496): DeviceVector::refreshTypes() mDeviceTypes 0000000f
V/AudioPolicyManager( 4496): stringToEnum() found AUDIO_DEVICE_OUT_ALL_SCO
V/AudioPolicyManager( 4496): DeviceVector::refreshTypes() mDeviceTypes 0000007f
V/AudioPolicyManager( 4496): stringToEnum() found AUDIO_OUTPUT_FLAG_PRIMARY
V/AudioPolicyManager( 4496): loadOutput() adding output Supported Devices 007f, mFlags 0002
V/AudioPolicyManager( 4496): loadHwModule() loading output hdmi
V/AudioPolicyManager( 4496): loadSamplingRates() adding rate 48000
V/AudioPolicyManager( 4496): loadOutChannels() dynamic
V/AudioPolicyManager( 4496): stringToEnum() found AUDIO_FORMAT_PCM_16_BIT
V/AudioPolicyManager( 4496): stringToEnum() found AUDIO_DEVICE_OUT_AUX_DIGITAL
V/AudioPolicyManager( 4496): DeviceVector::refreshTypes() mDeviceTypes 00000400
V/AudioPolicyManager( 4496): stringToEnum() found AUDIO_OUTPUT_FLAG_MULTI_CH
V/AudioPolicyManager( 4496): loadOutput() adding output Supported Devices 0400, mFlags 0080
V/AudioPolicyManager( 4496): loadHwModule() loading input primary
V/AudioPolicyManager( 4496): loadSamplingRates() adding rate 8000
V/AudioPolicyManager( 4496): loadSamplingRates() adding rate 11025
V/AudioPolicyManager( 4496): loadSamplingRates() adding rate 16000
V/AudioPolicyManager( 4496): loadSamplingRates() adding rate 22050
V/AudioPolicyManager( 4496): loadSamplingRates() adding rate 24000
V/AudioPolicyManager( 4496): loadSamplingRates() adding rate 32000
V/AudioPolicyManager( 4496): loadSamplingRates() adding rate 44100
V/AudioPolicyManager( 4496): loadSamplingRates() adding rate 48000
V/AudioPolicyManager( 4496): loadInChannels() AUDIO_CHANNEL_IN_MONO
V/AudioPolicyManager( 4496): stringToEnum() found AUDIO_CHANNEL_IN_MONO
V/AudioPolicyManager( 4496): loadInChannels() adding channelMask 0010
V/AudioPolicyManager( 4496): stringToEnum() found AUDIO_CHANNEL_IN_STEREO
V/AudioPolicyManager( 4496): loadInChannels() adding channelMask 000c
V/AudioPolicyManager( 4496): stringToEnum() found AUDIO_CHANNEL_IN_VOICE_UPLINK
V/AudioPolicyManager( 4496): loadInChannels() adding channelMask 4000
V/AudioPolicyManager( 4496): stringToEnum() found AUDIO_CHANNEL_IN_VOICE_DNLINK
V/AudioPolicyManager( 4496): loadInChannels() adding channelMask 8000
V/AudioPolicyManager( 4496): stringToEnum() found AUDIO_FORMAT_PCM_16_BIT
V/AudioPolicyManager( 4496): stringToEnum() found AUDIO_DEVICE_IN_BUILTIN_MIC
V/AudioPolicyManager( 4496): DeviceVector::refreshTypes() mDeviceTypes 80000004
V/AudioPolicyManager( 4496): stringToEnum() found AUDIO_DEVICE_IN_BACK_MIC
V/AudioPolicyManager( 4496): DeviceVector::refreshTypes() mDeviceTypes 80000084
V/AudioPolicyManager( 4496): stringToEnum() found AUDIO_DEVICE_IN_WIRED_HEADSET
V/AudioPolicyManager( 4496): DeviceVector::refreshTypes() mDeviceTypes 80000094
V/AudioPolicyManager( 4496): stringToEnum() found AUDIO_DEVICE_IN_BLUETOOTH_SCO_HEADSET
V/AudioPolicyManager( 4496): DeviceVector::refreshTypes() mDeviceTypes 8000009c
V/AudioPolicyManager( 4496): stringToEnum() found AUDIO_DEVICE_IN_VOICE_CALL
V/AudioPolicyManager( 4496): DeviceVector::refreshTypes() mDeviceTypes 800000dc
V/AudioPolicyManager( 4496): loadInput() adding input Supported Devices 800000dc
V/AudioPolicyManager( 4496): loadHwModules() loading module a2dp
V/AudioPolicyManager( 4496): loadHwModule() loading output a2dp
V/AudioPolicyManager( 4496): loadSamplingRates() adding rate 44100
V/AudioPolicyManager( 4496): loadOutChannels() AUDIO_CHANNEL_OUT_STEREO
V/AudioPolicyManager( 4496): stringToEnum() found AUDIO_CHANNEL_OUT_STEREO
V/AudioPolicyManager( 4496): stringToEnum() found AUDIO_FORMAT_PCM_16_BIT
V/AudioPolicyManager( 4496): stringToEnum() found AUDIO_DEVICE_OUT_ALL_A2DP
V/AudioPolicyManager( 4496): DeviceVector::refreshTypes() mDeviceTypes 00000380
V/AudioPolicyManager( 4496): loadOutput() adding output Supported Devices 0380, mFlags 0000
V/AudioPolicyManager( 4496): loadHwModule() loading input a2dp
V/AudioPolicyManager( 4496): loadSamplingRates() adding rate 44100
V/AudioPolicyManager( 4496): loadSamplingRates() adding rate 48000
V/AudioPolicyManager( 4496): loadInChannels() AUDIO_CHANNEL_IN_MONO
V/AudioPolicyManager( 4496): stringToEnum() found AUDIO_CHANNEL_IN_MONO
V/AudioPolicyManager( 4496): loadInChannels() adding channelMask 0010
V/AudioPolicyManager( 4496): stringToEnum() found AUDIO_CHANNEL_IN_STEREO
V/AudioPolicyManager( 4496): loadInChannels() adding channelMask 000c
V/AudioPolicyManager( 4496): stringToEnum() found AUDIO_FORMAT_PCM_16_BIT
V/AudioPolicyManager( 4496): stringToEnum() found AUDIO_DEVICE_IN_BLUETOOTH_A2DP
V/AudioPolicyManager( 4496): DeviceVector::refreshTypes() mDeviceTypes 80020000
V/AudioPolicyManager( 4496): loadInput() adding input Supported Devices 80020000
V/AudioPolicyManager( 4496): loadHwModules() loading module usb
V/AudioPolicyManager( 4496): loadHwModule() loading output usb_accessory
V/AudioPolicyManager( 4496): loadSamplingRates() adding rate 44100
V/AudioPolicyManager( 4496): loadOutChannels() AUDIO_CHANNEL_OUT_STEREO
V/AudioPolicyManager( 4496): stringToEnum() found AUDIO_CHANNEL_OUT_STEREO
V/AudioPolicyManager( 4496): stringToEnum() found AUDIO_FORMAT_PCM_16_BIT
V/AudioPolicyManager( 4496): stringToEnum() found AUDIO_DEVICE_OUT_USB_ACCESSORY
V/AudioPolicyManager( 4496): DeviceVector::refreshTypes() mDeviceTypes 00002000
V/AudioPolicyManager( 4496): loadOutput() adding output Supported Devices 2000, mFlags 0000
V/AudioPolicyManager( 4496): loadHwModule() loading output usb_device
V/AudioPolicyManager( 4496): loadSamplingRates() adding rate 44100
V/AudioPolicyManager( 4496): loadSamplingRates() adding rate 48000
V/AudioPolicyManager( 4496): loadOutChannels() dynamic
V/AudioPolicyManager( 4496): stringToEnum() found AUDIO_FORMAT_PCM_16_BIT
V/AudioPolicyManager( 4496): stringToEnum() found AUDIO_DEVICE_OUT_USB_DEVICE
V/AudioPolicyManager( 4496): DeviceVector::refreshTypes() mDeviceTypes 00004000
V/AudioPolicyManager( 4496): stringToEnum() found AUDIO_DEVICE_OUT_DGTL_DOCK_HEADSET
V/AudioPolicyManager( 4496): DeviceVector::refreshTypes() mDeviceTypes 00005000
V/AudioPolicyManager( 4496): loadOutput() adding output Supported Devices 5000, mFlags 0000
V/AudioPolicyManager( 4496): loadHwModule() loading input usb_device
V/AudioPolicyManager( 4496): loadInChannels() AUDIO_CHANNEL_IN_STEREO
V/AudioPolicyManager( 4496): stringToEnum() found AUDIO_CHANNEL_IN_STEREO
V/AudioPolicyManager( 4496): loadInChannels() adding channelMask 000c
V/AudioPolicyManager( 4496): stringToEnum() found AUDIO_FORMAT_PCM_16_BIT
V/AudioPolicyManager( 4496): stringToEnum() found AUDIO_DEVICE_IN_USB_DEVICE
V/AudioPolicyManager( 4496): DeviceVector::refreshTypes() mDeviceTypes 80001000
V/AudioPolicyManager( 4496): loadInput() adding input Supported Devices 80001000
V/AudioPolicyManager( 4496): loadHwModules() loading module tms
V/AudioPolicyManager( 4496): loadHwModule() loading output tms
V/AudioPolicyManager( 4496): loadSamplingRates() adding rate 8000
V/AudioPolicyManager( 4496): loadSamplingRates() adding rate 11025
V/AudioPolicyManager( 4496): loadSamplingRates() adding rate 12000
V/AudioPolicyManager( 4496): loadSamplingRates() adding rate 16000
V/AudioPolicyManager( 4496): loadSamplingRates() adding rate 22050
V/AudioPolicyManager( 4496): loadSamplingRates() adding rate 24000
V/AudioPolicyManager( 4496): loadSamplingRates() adding rate 32000
V/AudioPolicyManager( 4496): loadSamplingRates() adding rate 44100
V/AudioPolicyManager( 4496): loadSamplingRates() adding rate 48000
V/AudioPolicyManager( 4496): loadOutChannels() AUDIO_CHANNEL_OUT_STEREO
V/AudioPolicyManager( 4496): stringToEnum() found AUDIO_CHANNEL_OUT_STEREO
V/AudioPolicyManager( 4496): stringToEnum() found AUDIO_FORMAT_PCM_16_BIT
V/AudioPolicyManager( 4496): stringToEnum() found AUDIO_DEVICE_OUT_EXTERNAL_TMS
V/AudioPolicyManager( 4496): DeviceVector::refreshTypes() mDeviceTypes 01000000
V/AudioPolicyManager( 4496): loadOutput() adding output Supported Devices 1000000, mFlags 0000
V/AudioPolicyManager( 4496): loadHwModule() loading input tms
V/AudioPolicyManager( 4496): loadSamplingRates() adding rate 8000
V/AudioPolicyManager( 4496): loadSamplingRates() adding rate 11025
V/AudioPolicyManager( 4496): loadSamplingRates() adding rate 12000
V/AudioPolicyManager( 4496): loadSamplingRates() adding rate 16000
V/AudioPolicyManager( 4496): loadSamplingRates() adding rate 22050
V/AudioPolicyManager( 4496): loadSamplingRates() adding rate 24000
V/AudioPolicyManager( 4496): loadSamplingRates() adding rate 32000
V/AudioPolicyManager( 4496): loadSamplingRates() adding rate 44100
V/AudioPolicyManager( 4496): loadSamplingRates() adding rate 48000
V/AudioPolicyManager( 4496): loadInChannels() AUDIO_CHANNEL_IN_MONO
V/AudioPolicyManager( 4496): stringToEnum() found AUDIO_CHANNEL_IN_MONO
V/AudioPolicyManager( 4496): loadInChannels() adding channelMask 0010
V/AudioPolicyManager( 4496): stringToEnum() found AUDIO_CHANNEL_IN_STEREO
V/AudioPolicyManager( 4496): loadInChannels() adding channelMask 000c
V/AudioPolicyManager( 4496): stringToEnum() found AUDIO_FORMAT_PCM_16_BIT
V/AudioPolicyManager( 4496): stringToEnum() found AUDIO_DEVICE_IN_EXTERNAL_TMS
V/AudioPolicyManager( 4496): DeviceVector::refreshTypes() mDeviceTypes 80100000
V/AudioPolicyManager( 4496): loadInput() adding input Supported Devices 80100000
V/AudioPolicyManager( 4496): loadHwModules() loading module r_submix
V/AudioPolicyManager( 4496): loadHwModule() loading output submix
V/AudioPolicyManager( 4496): loadSamplingRates() adding rate 48000
V/AudioPolicyManager( 4496): loadOutChannels() AUDIO_CHANNEL_OUT_STEREO
V/AudioPolicyManager( 4496): stringToEnum() found AUDIO_CHANNEL_OUT_STEREO
V/AudioPolicyManager( 4496): stringToEnum() found AUDIO_FORMAT_PCM_16_BIT
V/AudioPolicyManager( 4496): stringToEnum() found AUDIO_DEVICE_OUT_REMOTE_SUBMIX
V/AudioPolicyManager( 4496): DeviceVector::refreshTypes() mDeviceTypes 00008000
V/AudioPolicyManager( 4496): loadOutput() adding output Supported Devices 8000, mFlags 0000
V/AudioPolicyManager( 4496): loadHwModule() loading input submix
V/AudioPolicyManager( 4496): loadSamplingRates() adding rate 48000
V/AudioPolicyManager( 4496): loadInChannels() AUDIO_CHANNEL_IN_STEREO
V/AudioPolicyManager( 4496): stringToEnum() found AUDIO_CHANNEL_IN_STEREO
V/AudioPolicyManager( 4496): loadInChannels() adding channelMask 000c
V/AudioPolicyManager( 4496): stringToEnum() found AUDIO_FORMAT_PCM_16_BIT
V/AudioPolicyManager( 4496): stringToEnum() found AUDIO_DEVICE_IN_REMOTE_SUBMIX
V/AudioPolicyManager( 4496): DeviceVector::refreshTypes() mDeviceTypes 80000100
V/AudioPolicyManager( 4496): loadInput() adding input Supported Devices 80000100
V/AudioPolicyManager( 4496): stringToEnum() found AUDIO_DEVICE_OUT_EARPIECE
V/AudioPolicyManager( 4496): DeviceVector::refreshTypes() mDeviceTypes 00000001
V/AudioPolicyManager( 4496): stringToEnum() found AUDIO_DEVICE_OUT_SPEAKER
V/AudioPolicyManager( 4496): DeviceVector::refreshTypes() mDeviceTypes 00000003
V/AudioPolicyManager( 4496): loadGlobalConfig() Attached Output Devices 00000003
V/AudioPolicyManager( 4496): stringToEnum() found AUDIO_DEVICE_OUT_SPEAKER
V/AudioPolicyManager( 4496): loadGlobalConfig() mDefaultOutputDevice 00000002
V/AudioPolicyManager( 4496): stringToEnum() found AUDIO_DEVICE_IN_BUILTIN_MIC
V/AudioPolicyManager( 4496): DeviceVector::refreshTypes() mDeviceTypes 80000004
V/AudioPolicyManager( 4496): stringToEnum() found AUDIO_DEVICE_IN_BACK_MIC
V/AudioPolicyManager( 4496): DeviceVector::refreshTypes() mDeviceTypes 80000084
V/AudioPolicyManager( 4496): stringToEnum() found AUDIO_DEVICE_IN_THIRD_MIC
V/AudioPolicyManager( 4496): DeviceVector::refreshTypes() mDeviceTypes 80080084
V/AudioPolicyManager( 4496): stringToEnum() found AUDIO_DEVICE_IN_REMOTE_SUBMIX
V/AudioPolicyManager( 4496): DeviceVector::refreshTypes() mDeviceTypes 80080184
V/AudioPolicyManager( 4496): stringToEnum() found AUDIO_DEVICE_IN_VOICE_CALL
V/AudioPolicyManager( 4496): DeviceVector::refreshTypes() mDeviceTypes 800801c4
V/AudioPolicyManager( 4496): loadGlobalConfig() Available InputDevices 800801c4
I/AudioPolicyManager( 4496): loadAudioPolicyConfig() loaded /system/etc/audio_policy.conf
W/linker  ( 4496): lib_Samsung_AudioZoom_v102.so has text relocations. This is wasting memory and prevents security hardening. Please fix.
W/Zygote  ( 4498): Class not found for preloading: android.app.ContextImpl$2
W/Zygote  ( 4498): Class not found for preloading: android.app.ContextImpl$30
W/Zygote  ( 4498): Class not found for preloading: android.app.ContextImpl$49
W/Zygote  ( 4498): Class not found for preloading: android.app.ContextImpl$53
W/Zygote  ( 4498): Class not found for preloading: com.android.okhttp.ConfigAwareConnectionPool$1
I/art     ( 4498): Thread[9,tid=4543,WaitingForJniOnLoad,Thread*=0xb4d09800,peer=0x12d0aa00,"Thread-10"] recursive attempt to load library "/system/lib/libmedia_jni.so"
D/MtpDeviceJNI( 4498): register_android_mtp_MtpDevice
I/art     ( 4498): Thread[9,tid=4543,WaitingForJniOnLoad,Thread*=0xb4d09800,peer=0x12d0aa00,"Thread-10"] recursive attempt to load library "/system/lib/libmedia_jni.so"
I/art     ( 4498): Thread[9,tid=4543,WaitingForJniOnLoad,Thread*=0xb4d09800,peer=0x12d0aa00,"Thread-10"] recursive attempt to load library "/system/lib/libmedia_jni.so"
I/System  ( 4498): Loaded time zone names for "" in 65ms (39ms in ICU)
D/wrapperGPS( 3677): wrapperConnect_RILD
I/System  ( 4498): Loaded time zone names for "en_US" in 54ms (29ms in ICU)
E/EmojiFactory_jni( 4498): Failed to load libemoji.so: dlopen failed: library "libemoji.so" not found
I/System  ( 4498): Loaded time zone names for "es_US" in 59ms (34ms in ICU)
V/Zygote  ( 4498): postpone android.database.CursorWindow
V/Zygote  ( 4498): postpone android.database.CursorWindow$1
D/idmap   ( 4559): error: no read access to /vendor/overlay: No such file or directory
E/Minikin ( 4498): addFont failed to create font /system/fonts/NotoSansGurmukhi-Regular.ttf
E/Minikin ( 4498): addFont failed to create font /system/fonts/NotoSansGurmukhi-Bold.ttf
E/Minikin ( 4498): addFont failed to create font /system/fonts/NotoSansGurmukhiUI-Regular.ttf
E/Minikin ( 4498): addFont failed to create font /system/fonts/NotoSansGurmukhiUI-Bold.ttf
E/Minikin ( 4498): addFont failed to create font /system/fonts/ZawgyiOne2008.ttf
E/Minikin ( 4498): addFont failed to create font /system/fonts/NotoSansCherokee-Regular.ttf
E/Minikin ( 4498): addFont failed to create font /system/fonts/NotoSansCanadianAboriginal-Regular.ttf
I/Zygote  ( 4498): Preloading resources...
W/Zygote  ( 4498): Class not found for preloading: android.util.secutil.LogSwticher
V/BitmapFactory( 4498): DecodeImagePath(decodeResourceStream3) : res/drawable-xxhdpi-v4/btn_check_on_pressed_holo_light.png
V/BitmapFactory( 4498): DecodeImagePath(decodeResourceStream3) : res/drawable-xxhdpi-v4/btn_check_on_pressed_holo_dark.png
V/BitmapFactory( 4498): DecodeImagePath(decodeResourceStream3) : res/drawable-xxhdpi-v4/btn_check_on_holo_light.png
V/BitmapFactory( 4498): DecodeImagePath(decodeResourceStream3) : res/drawable-xxhdpi-v4/btn_check_on_holo_dark.png
V/BitmapFactory( 4498): DecodeImagePath(decodeResourceStream3) : res/drawable-xxhdpi-v4/btn_check_on_focused_holo_light.png
V/BitmapFactory( 4498): DecodeImagePath(decodeResourceStream3) : res/drawable-xxhdpi-v4/btn_check_on_focused_holo_dark.png
V/BitmapFactory( 4498): DecodeImagePath(decodeResourceStream3) : res/drawable-xxhdpi-v4/btn_check_on_disabled_holo_light.png
V/BitmapFactory( 4498): DecodeImagePath(decodeResourceStream3) : res/drawable-xxhdpi-v4/btn_check_on_disabled_holo_dark.png
V/BitmapFactory( 4498): DecodeImagePath(decodeResourceStream3) : res/drawable-xxhdpi-v4/btn_check_on_disabled_focused_holo_light.png
V/BitmapFactory( 4498): DecodeImagePath(decodeResourceStream3) : res/drawable-xxhdpi-v4/btn_check_on_disabled_focused_holo_dark.png
V/BitmapFactory( 4498): DecodeImagePath(decodeResourceStream3) : res/drawable-xxhdpi-v4/btn_check_off_pressed_holo_light.png
V/BitmapFactory( 4498): DecodeImagePath(decodeResourceStream3) : res/drawable-xxhdpi-v4/btn_check_off_pressed_holo_dark.png
V/BitmapFactory( 4498): DecodeImagePath(decodeResourceStream3) : res/drawable-xxhdpi-v4/btn_check_off_holo_light.png
V/BitmapFactory( 4498): DecodeImagePath(decodeResourceStream3) : res/drawable-xxhdpi-v4/btn_check_off_holo_dark.png
V/BitmapFactory( 4498): DecodeImagePath(decodeResourceStream3) : res/drawable-xxhdpi-v4/btn_check_off_focused_holo_light.png
V/BitmapFactory( 4498): DecodeImagePath(decodeResourceStream3) : res/drawable-xxhdpi-v4/btn_check_off_focused_holo_dark.png
V/BitmapFactory( 4498): DecodeImagePath(decodeResourceStream3) : res/drawable-xxhdpi-v4/btn_check_off_disabled_holo_light.png
V/BitmapFactory( 4498): DecodeImagePath(decodeResourceStream3) : res/drawable-xxhdpi-v4/btn_check_off_disabled_holo_dark.png
V/BitmapFactory( 4498): DecodeImagePath(decodeResourceStream3) : res/drawable-xxhdpi-v4/btn_check_off_disabled_focused_holo_light.png
V/BitmapFactory( 4498): DecodeImagePath(decodeResourceStream3) : res/drawable-xxhdpi-v4/btn_check_off_disabled_focused_holo_dark.png
I/Zygote  ( 4498): !@prldclss2: 700 classes in 327ms.
I/Zygote  ( 4498): !@prldclssM: 1599 classes in 347ms.
I/Zygote  ( 4498): Wait PC Thread 1=true 2=false
I/Zygote  ( 4498): Wait PC Thread 1=true 2=false
I/Zygote  ( 4498): Wait PC Thread 1=true 2=false
I/Zygote  ( 4498): !@prldclss1: 710 classes in 406ms.
V/BitmapFactory( 4498): DecodeImagePath(decodeResourceStream3) : res/drawable-xxhdpi-v4/btn_radio_on_pressed_holo_light.png
V/BitmapFactory( 4498): DecodeImagePath(decodeResourceStream3) : res/drawable-xxhdpi-v4/btn_radio_on_pressed_holo_dark.png
V/BitmapFactory( 4498): DecodeImagePath(decodeResourceStream3) : res/drawable-xxhdpi-v4/btn_radio_on_holo_light.png
V/BitmapFactory( 4498): DecodeImagePath(decodeResourceStream3) : res/drawable-xxhdpi-v4/btn_radio_on_holo_dark.png
V/BitmapFactory( 4498): DecodeImagePath(decodeResourceStream3) : res/drawable-xxhdpi-v4/btn_radio_on_focused_holo_light.png
V/BitmapFactory( 4498): DecodeImagePath(decodeResourceStream3) : res/drawable-xxhdpi-v4/btn_radio_on_focused_holo_dark.png
V/BitmapFactory( 4498): DecodeImagePath(decodeResourceStream3) : res/drawable-xxhdpi-v4/btn_radio_on_disabled_holo_light.png
V/BitmapFactory( 4498): DecodeImagePath(decodeResourceStream3) : res/drawable-xxhdpi-v4/btn_radio_on_disabled_holo_dark.png
V/BitmapFactory( 4498): DecodeImagePath(decodeResourceStream3) : res/drawable-xxhdpi-v4/btn_radio_on_disabled_focused_holo_light.png
V/BitmapFactory( 4498): DecodeImagePath(decodeResourceStream3) : res/drawable-xxhdpi-v4/btn_radio_on_disabled_focused_holo_dark.png
V/BitmapFactory( 4498): DecodeImagePath(decodeResourceStream3) : res/drawable-xxhdpi-v4/btn_radio_off_pressed_holo_light.png
V/BitmapFactory( 4498): DecodeImagePath(decodeResourceStream3) : res/drawable-xxhdpi-v4/btn_radio_off_pressed_holo_dark.png
V/BitmapFactory( 4498): DecodeImagePath(decodeResourceStream3) : res/drawable-xxhdpi-v4/btn_radio_off_holo_light.png
V/BitmapFactory( 4498): DecodeImagePath(decodeResourceStream3) : res/drawable-xxhdpi-v4/btn_radio_off_holo_dark.png
V/BitmapFactory( 4498): DecodeImagePath(decodeResourceStream3) : res/drawable-xxhdpi-v4/btn_radio_off_focused_holo_light.png
V/BitmapFactory( 4498): DecodeImagePath(decodeResourceStream3) : res/drawable-xxhdpi-v4/btn_radio_off_focused_holo_dark.png
V/BitmapFactory( 4498): DecodeImagePath(decodeResourceStream3) : res/drawable-xxhdpi-v4/btn_radio_off_disabled_holo_light.png
V/BitmapFactory( 4498): DecodeImagePath(decodeResourceStream3) : res/drawable-xxhdpi-v4/btn_radio_off_disabled_holo_dark.png
V/BitmapFactory( 4498): DecodeImagePath(decodeResourceStream3) : res/drawable-xxhdpi-v4/btn_radio_off_disabled_focused_holo_light.png
I/Zygote  ( 4498): Wait PC Thread 1=false 2=false
V/BitmapFactory( 4498): DecodeImagePath(decodeResourceStream3) : res/drawable-xxhdpi-v4/btn_radio_off_disabled_focused_holo_dark.png
V/Zygote  ( 4498): post pld=android.database.CursorWindow
V/Zygote  ( 4498): post pld=android.database.CursorWindow$1
I/art     ( 4498): VMRuntime.preloadDexCaches starting
V/BitmapFactory( 4498): DecodeImagePath(decodeResourceStream3) : res/drawable-xxhdpi-v4/btn_star_off_normal_holo_light.png
V/BitmapFactory( 4498): DecodeImagePath(decodeResourceStream3) : res/drawable-xxhdpi-v4/btn_star_on_normal_holo_light.png
V/BitmapFactory( 4498): DecodeImagePath(decodeResourceStream3) : res/drawable-xxhdpi-v4/btn_star_on_disabled_holo_light.png
V/BitmapFactory( 4498): DecodeImagePath(decodeResourceStream3) : res/drawable-xxhdpi-v4/btn_star_off_disabled_holo_light.png
V/BitmapFactory( 4498): DecodeImagePath(decodeResourceStream3) : res/drawable-xxhdpi-v4/btn_star_on_pressed_holo_light.png
V/BitmapFactory( 4498): DecodeImagePath(decodeResourceStream3) : res/drawable-xxhdpi-v4/btn_star_off_pressed_holo_light.png
V/BitmapFactory( 4498): DecodeImagePath(decodeResourceStream3) : res/drawable-xxhdpi-v4/btn_star_on_focused_holo_light.png
V/BitmapFactory( 4498): DecodeImagePath(decodeResourceStream3) : res/drawable-xxhdpi-v4/btn_star_off_focused_holo_light.png
V/BitmapFactory( 4498): DecodeImagePath(decodeResourceStream3) : res/drawable-xxhdpi-v4/btn_star_on_disabled_focused_holo_light.png
V/BitmapFactory( 4498): DecodeImagePath(decodeResourceStream3) : res/drawable-xxhdpi-v4/btn_star_off_disabled_focused_holo_light.png
V/BitmapFactory( 4498): DecodeImagePath(decodeResourceStream3) : res/drawable-xxhdpi-v4/btn_star_off_normal_holo_dark.png
V/BitmapFactory( 4498): DecodeImagePath(decodeResourceStream3) : res/drawable-xxhdpi-v4/btn_star_on_normal_holo_dark.png
V/BitmapFactory( 4498): DecodeImagePath(decodeResourceStream3) : res/drawable-xxhdpi-v4/btn_star_on_disabled_holo_dark.png
V/BitmapFactory( 4498): DecodeImagePath(decodeResourceStream3) : res/drawable-xxhdpi-v4/btn_star_off_disabled_holo_dark.png
V/BitmapFactory( 4498): DecodeImagePath(decodeResourceStream3) : res/drawable-xxhdpi-v4/btn_star_on_pressed_holo_dark.png
V/BitmapFactory( 4498): DecodeImagePath(decodeResourceStream3) : res/drawable-xxhdpi-v4/btn_star_off_pressed_holo_dark.png
V/BitmapFactory( 4498): DecodeImagePath(decodeResourceStream3) : res/drawable-xxhdpi-v4/btn_star_on_focused_holo_dark.png
V/BitmapFactory( 4498): DecodeImagePath(decodeResourceStream3) : res/drawable-xxhdpi-v4/btn_star_off_focused_holo_dark.png
V/BitmapFactory( 4498): DecodeImagePath(decodeResourceStream3) : res/drawable-xxhdpi-v4/btn_star_on_disabled_focused_holo_dark.png
V/BitmapFactory( 4498): DecodeImagePath(decodeResourceStream3) : res/drawable-xxhdpi-v4/btn_star_off_disabled_focused_holo_dark.png
V/BitmapFactory( 4498): DecodeImagePath(decodeResourceStream3) : res/drawable-xxhdpi-v4/text_select_handle_left.png
V/BitmapFactory( 4498): DecodeImagePath(decodeResourceStream3) : res/drawable-xxhdpi-v4/text_select_handle_right.png
V/BitmapFactory( 4498): DecodeImagePath(decodeResourceStream3) : res/drawable-xxhdpi-v4/spinner_16_outer_holo.png
V/BitmapFactory( 4498): DecodeImagePath(decodeResourceStream3) : res/drawable-xxhdpi-v4/spinner_16_inner_holo.png
V/BitmapFactory( 4498): DecodeImagePath(decodeResourceStream3) : res/drawable-xxhdpi-v4/spinner_48_outer_holo.png
V/BitmapFactory( 4498): DecodeImagePath(decodeResourceStream3) : res/drawable-xxhdpi-v4/spinner_48_inner_holo.png
V/BitmapFactory( 4498): DecodeImagePath(decodeResourceStream3) : res/drawable-xxhdpi-v4/spinner_76_outer_holo.png
V/BitmapFactory( 4498): DecodeImagePath(decodeResourceStream3) : res/drawable-xxhdpi-v4/spinner_76_inner_holo.png
V/BitmapFactory( 4498): DecodeImagePath(decodeResourceStream3) : res/drawable-xxhdpi-v4/progressbar_indeterminate_holo1.png
V/BitmapFactory( 4498): DecodeImagePath(decodeResourceStream3) : res/drawable-xxhdpi-v4/progressbar_indeterminate_holo2.png
V/BitmapFactory( 4498): DecodeImagePath(decodeResourceStream3) : res/drawable-xxhdpi-v4/progressbar_indeterminate_holo3.png
V/BitmapFactory( 4498): DecodeImagePath(decodeResourceStream3) : res/drawable-xxhdpi-v4/progressbar_indeterminate_holo4.png
V/BitmapFactory( 4498): DecodeImagePath(decodeResourceStream3) : res/drawable-xxhdpi-v4/progressbar_indeterminate_holo5.png
V/BitmapFactory( 4498): DecodeImagePath(decodeResourceStream3) : res/drawable-xxhdpi-v4/progressbar_indeterminate_holo6.png
V/BitmapFactory( 4498): DecodeImagePath(decodeResourceStream3) : res/drawable-xxhdpi-v4/progressbar_indeterminate_holo7.png
V/BitmapFactory( 4498): DecodeImagePath(decodeResourceStream3) : res/drawable-xxhdpi-v4/progressbar_indeterminate_holo8.png
D/TinyUCM ( 4496): Configuration file path:/etc/tinyucm.conf
E/TinyUCM ( 4496): 25.42: This output device support two mic
E/TinyUCM ( 4496): 26.41: This output device support two mic
E/TinyUCM ( 4496): 27.32: This output device support one mic
E/TinyUCM ( 4496): 28.31: This output device support one mic
E/TinyUCM ( 4496): 29.40: This output device support one mic
E/TinyUCM ( 4496): 30.28: This output device support one mic
E/TinyUCM ( 4496): 31.35: This output device support one mic
D/TinyUCM ( 4496): this LHPF1 Coefficients mixer is byte type
D/TinyUCM ( 4496): this LHPF2 Coefficients mixer is byte type
D/TinyUCM ( 4496): this LHPF3 Coefficients mixer is byte type
D/TinyUCM ( 4496): this LHPF4 Coefficients mixer is byte type
V/BitmapFactory( 4498): DecodeImagePath(decodeResourceStream3) : res/drawable-xxhdpi-v4/ic_cab_done_holo_dark.png
V/BitmapFactory( 4498): DecodeImagePath(decodeResourceStream3) : res/drawable-xxhdpi-v4/ic_cab_done_holo_light.png
V/BitmapFactory( 4498): DecodeImagePath(decodeResourceStream3) : res/drawable-xhdpi-v4/ic_menu_close_clear_cancel.png
V/BitmapFactory( 4498): DecodeImagePath(decodeResourceStream3) : res/drawable-xxhdpi-v4/ic_menu_copy_holo_dark.png
V/BitmapFactory( 4498): DecodeImagePath(decodeResourceStream3) : res/drawable-xxhdpi-v4/ic_menu_copy_holo_light.png
V/BitmapFactory( 4498): DecodeImagePath(decodeResourceStream3) : res/drawable-xxhdpi-v4/ic_menu_cut_holo_dark.png
V/BitmapFactory( 4498): DecodeImagePath(decodeResourceStream3) : res/drawable-xxhdpi-v4/ic_menu_cut_holo_light.png
V/BitmapFactory( 4498): DecodeImagePath(decodeResourceStream3) : res/drawable-xxhdpi-v4/ic_menu_more.png
I/TinyUCM ( 4496): Got device Earpiece
D/TinyUCM ( 4496): scenario = default
D/TinyUCM ( 4496): parseDeviceScanrio:--
D/TinyUCM ( 4496): scenario = NB Incall
D/TinyUCM ( 4496): parseDeviceScanrio:--
D/TinyUCM ( 4496): scenario = WB Incall
V/BitmapFactory( 4498): DecodeImagePath(decodeResourceStream3) : res/drawable-xxhdpi-v4/ic_menu_moreoverflow_normal_holo_dark.png
D/TinyUCM ( 4496): parseDeviceScanrio:--
I/TinyUCM ( 4496): Got device Speaker
D/TinyUCM ( 4496): scenario = default
D/TinyUCM ( 4496): parseDeviceScanrio:--
D/TinyUCM ( 4496): scenario = Normal
D/TinyUCM ( 4496): parseDeviceScanrio:--
D/TinyUCM ( 4496): scenario = NB Incall
D/TinyUCM ( 4496): parseDeviceScanrio:--
D/TinyUCM ( 4496): scenario = WB Incall
D/TinyUCM ( 4496): parseDeviceScanrio:--
I/TinyUCM ( 4496): Got device Headset Out
V/BitmapFactory( 4498): DecodeImagePath(decodeResourceStream3) : res/drawable-xxhdpi-v4/ic_menu_moreoverflow_normal_holo_light.png
D/TinyUCM ( 4496): scenario = default
D/TinyUCM ( 4496): parseDeviceScanrio:--
D/TinyUCM ( 4496): scenario = Normal
D/TinyUCM ( 4496): parseDeviceScanrio:--
D/TinyUCM ( 4496): scenario = NB Incall
D/TinyUCM ( 4496): parseDeviceScanrio:--
D/TinyUCM ( 4496): scenario = WB Incall
V/BitmapFactory( 4498): DecodeImagePath(decodeResourceStream3) : res/drawable-xxhdpi-v4/ic_menu_paste_holo_dark.png
D/TinyUCM ( 4496): parseDeviceScanrio:--
I/TinyUCM ( 4496): Got device Headphone
D/TinyUCM ( 4496): scenario = default
D/TinyUCM ( 4496): parseDeviceScanrio:--
D/TinyUCM ( 4496): scenario = Normal
D/TinyUCM ( 4496): parseDeviceScanrio:--
D/TinyUCM ( 4496): scenario = NB Incall
V/BitmapFactory( 4498): DecodeImagePath(decodeResourceStream3) : res/drawable-xxhdpi-v4/ic_menu_paste_holo_light.png
D/TinyUCM ( 4496): parseDeviceScanrio:--
