E/Minikin ( 4740): addFont failed to create font /system/fonts/NotoSansCherokee-Regular.ttf
E/Minikin ( 4740): addFont failed to create font /system/fonts/NotoSansCanadianAboriginal-Regular.ttf
E/Minikin ( 4740): addFont failed to create font /system/fonts/NotoSansYi-Regular.ttf
E/Minikin ( 4740): addFont failed to create font /system/fonts/NotoSansHans-Regular.otf
E/Minikin ( 4472): addFont failed to create font /system/fonts/NotoSansGujarati-Regular.ttf
E/Minikin ( 4740): addFont failed to create font /system/fonts/NotoSansHant-Regular.otf
E/Minikin ( 4472): addFont failed to create font /system/fonts/NotoSansGujarati-Bold.ttf
E/Minikin ( 4740): addFont failed to create font /system/fonts/NotoSansJP-Regular.otf
E/Minikin ( 4472): addFont failed to create font /system/fonts/NotoSansGujaratiUI-Regular.ttf
E/Minikin ( 4740): addFont failed to create font /system/fonts/NotoSansKR-Regular.otf
E/Minikin ( 4472): addFont failed to create font /system/fonts/NotoSansGujaratiUI-Bold.ttf
E/Minikin ( 4472): addFont failed to create font /system/fonts/NotoSansGurmukhi-Regular.ttf
E/Minikin ( 4472): addFont failed to create font /system/fonts/NotoSansGurmukhi-Bold.ttf
E/Minikin ( 4472): addFont failed to create font /system/fonts/NotoSansGurmukhiUI-Regular.ttf
E/Minikin ( 4472): addFont failed to create font /system/fonts/NotoSansGurmukhiUI-Bold.ttf
E/Minikin ( 4472): addFont failed to create font /system/fonts/NotoSansSinhala-Regular.ttf
E/Minikin ( 4472): addFont failed to create font /system/fonts/NotoSansSinhala-Bold.ttf
E/Minikin ( 4472): addFont failed to create font /system/fonts/NotoSansCherokee-Regular.ttf
E/Minikin ( 4472): addFont failed to create font /system/fonts/NotoSansCanadianAboriginal-Regular.ttf
E/Minikin ( 4472): addFont failed to create font /system/fonts/NotoSansYi-Regular.ttf
E/Minikin ( 4472): addFont failed to create font /system/fonts/NotoSansHans-Regular.otf
E/Minikin ( 4472): addFont failed to create font /system/fonts/NotoSansHant-Regular.otf
E/Minikin ( 4472): addFont failed to create font /system/fonts/NotoSansJP-Regular.otf
E/Minikin ( 4472): addFont failed to create font /system/fonts/NotoSansKR-Regular.otf
I/        ( 4806): PLATFORM VERSION : JB-MR-2
I/OpenGLRenderer( 4806): Initialized EGL, version 1.4
E/Minikin ( 4784): addFont failed to create font /system/fonts/NotoSansGujarati-Regular.ttf
E/Minikin ( 4784): addFont failed to create font /system/fonts/NotoSansGujarati-Bold.ttf
E/Minikin ( 4784): addFont failed to create font /system/fonts/NotoSansGujaratiUI-Regular.ttf
E/Minikin ( 4784): addFont failed to create font /system/fonts/NotoSansGujaratiUI-Bold.ttf
E/Minikin ( 4784): addFont failed to create font /system/fonts/NotoSansGurmukhi-Regular.ttf
E/Minikin ( 4784): addFont failed to create font /system/fonts/NotoSansGurmukhi-Bold.ttf
E/Minikin ( 4784): addFont failed to create font /system/fonts/NotoSansGurmukhiUI-Regular.ttf
E/Minikin ( 4718): addFont failed to create font /system/fonts/NotoSansGujarati-Regular.ttf
E/Minikin ( 4784): addFont failed to create font /system/fonts/NotoSansGurmukhiUI-Bold.ttf
E/Minikin ( 4718): addFont failed to create font /system/fonts/NotoSansGujarati-Bold.ttf
E/Minikin ( 4718): addFont failed to create font /system/fonts/NotoSansGujaratiUI-Regular.ttf
E/Minikin ( 4718): addFont failed to create font /system/fonts/NotoSansGujaratiUI-Bold.ttf
E/Minikin ( 4718): addFont failed to create font /system/fonts/NotoSansGurmukhi-Regular.ttf
E/Minikin ( 4718): addFont failed to create font /system/fonts/NotoSansGurmukhi-Bold.ttf
E/Minikin ( 4718): addFont failed to create font /system/fonts/NotoSansGurmukhiUI-Regular.ttf
E/Minikin ( 4718): addFont failed to create font /system/fonts/NotoSansGurmukhiUI-Bold.ttf
E/Minikin ( 4784): addFont failed to create font /system/fonts/NotoSansSinhala-Regular.ttf
E/Minikin ( 4784): addFont failed to create font /system/fonts/NotoSansSinhala-Bold.ttf
E/Minikin ( 4784): addFont failed to create font /system/fonts/NotoSansCherokee-Regular.ttf
E/Minikin ( 4784): addFont failed to create font /system/fonts/NotoSansCanadianAboriginal-Regular.ttf
E/Minikin ( 4784): addFont failed to create font /system/fonts/NotoSansYi-Regular.ttf
E/Minikin ( 4784): addFont failed to create font /system/fonts/NotoSansHans-Regular.otf
E/Minikin ( 4784): addFont failed to create font /system/fonts/NotoSansHant-Regular.otf
E/Minikin ( 4784): addFont failed to create font /system/fonts/NotoSansJP-Regular.otf
E/Minikin ( 4784): addFont failed to create font /system/fonts/NotoSansKR-Regular.otf
E/Minikin ( 4718): addFont failed to create font /system/fonts/NotoSansSinhala-Regular.ttf
E/Minikin ( 4718): addFont failed to create font /system/fonts/NotoSansSinhala-Bold.ttf
E/Minikin ( 4718): addFont failed to create font /system/fonts/NotoSansCherokee-Regular.ttf
E/Minikin ( 4718): addFont failed to create font /system/fonts/NotoSansCanadianAboriginal-Regular.ttf
E/Minikin ( 4718): addFont failed to create font /system/fonts/NotoSansYi-Regular.ttf
E/Minikin ( 4718): addFont failed to create font /system/fonts/NotoSansHans-Regular.otf
E/Minikin ( 4718): addFont failed to create font /system/fonts/NotoSansHant-Regular.otf
E/Minikin ( 4718): addFont failed to create font /system/fonts/NotoSansJP-Regular.otf
E/Minikin ( 4718): addFont failed to create font /system/fonts/NotoSansKR-Regular.otf
E/Minikin ( 4828): addFont failed to create font /system/fonts/NotoSansGujarati-Regular.ttf
E/Minikin ( 4828): addFont failed to create font /system/fonts/NotoSansGujarati-Bold.ttf
E/Minikin ( 4828): addFont failed to create font /system/fonts/NotoSansGujaratiUI-Regular.ttf
E/Minikin ( 4828): addFont failed to create font /system/fonts/NotoSansGujaratiUI-Bold.ttf
E/Minikin ( 4828): addFont failed to create font /system/fonts/NotoSansGurmukhi-Regular.ttf
E/Minikin ( 4828): addFont failed to create font /system/fonts/NotoSansGurmukhi-Bold.ttf
E/Minikin ( 4828): addFont failed to create font /system/fonts/NotoSansGurmukhiUI-Regular.ttf
E/Minikin ( 4828): addFont failed to create font /system/fonts/NotoSansGurmukhiUI-Bold.ttf
E/Minikin ( 4762): addFont failed to create font /system/fonts/NotoSansGujarati-Regular.ttf
E/Minikin ( 4762): addFont failed to create font /system/fonts/NotoSansGujarati-Bold.ttf
E/Minikin ( 4762): addFont failed to create font /system/fonts/NotoSansGujaratiUI-Regular.ttf
E/Minikin ( 4762): addFont failed to create font /system/fonts/NotoSansGujaratiUI-Bold.ttf
E/Minikin ( 4762): addFont failed to create font /system/fonts/NotoSansGurmukhi-Regular.ttf
E/Minikin ( 4762): addFont failed to create font /system/fonts/NotoSansGurmukhi-Bold.ttf
E/Minikin ( 4762): addFont failed to create font /system/fonts/NotoSansGurmukhiUI-Regular.ttf
E/Minikin ( 4762): addFont failed to create font /system/fonts/NotoSansGurmukhiUI-Bold.ttf
E/Minikin ( 4828): addFont failed to create font /system/fonts/NotoSansSinhala-Regular.ttf
E/Minikin ( 4828): addFont failed to create font /system/fonts/NotoSansSinhala-Bold.ttf
E/Minikin ( 4828): addFont failed to create font /system/fonts/NotoSansCherokee-Regular.ttf
E/Minikin ( 4828): addFont failed to create font /system/fonts/NotoSansCanadianAboriginal-Regular.ttf
E/Minikin ( 4828): addFont failed to create font /system/fonts/NotoSansYi-Regular.ttf
E/Minikin ( 4828): addFont failed to create font /system/fonts/NotoSansHans-Regular.otf
E/Minikin ( 4828): addFont failed to create font /system/fonts/NotoSansHant-Regular.otf
E/Minikin ( 4828): addFont failed to create font /system/fonts/NotoSansJP-Regular.otf
E/Minikin ( 4828): addFont failed to create font /system/fonts/NotoSansKR-Regular.otf
E/Minikin ( 4122): addFont failed to create font /system/fonts/NotoSansGujarati-Regular.ttf
E/Minikin ( 4122): addFont failed to create font /system/fonts/NotoSansGujarati-Bold.ttf
E/Minikin ( 4122): addFont failed to create font /system/fonts/NotoSansGujaratiUI-Regular.ttf
E/Minikin ( 4122): addFont failed to create font /system/fonts/NotoSansGujaratiUI-Bold.ttf
E/Minikin ( 4122): addFont failed to create font /system/fonts/NotoSansGurmukhi-Regular.ttf
E/Minikin ( 4122): addFont failed to create font /system/fonts/NotoSansGurmukhi-Bold.ttf
E/Minikin ( 4122): addFont failed to create font /system/fonts/NotoSansGurmukhiUI-Regular.ttf
E/Minikin ( 4122): addFont failed to create font /system/fonts/NotoSansGurmukhiUI-Bold.ttf
E/Minikin ( 4122): addFont failed to create font /system/fonts/NotoSansSinhala-Regular.ttf
E/Minikin ( 4122): addFont failed to create font /system/fonts/NotoSansSinhala-Bold.ttf
E/Minikin ( 4122): addFont failed to create font /system/fonts/NotoSansCherokee-Regular.ttf
E/Minikin ( 4122): addFont failed to create font /system/fonts/NotoSansCanadianAboriginal-Regular.ttf
E/Minikin ( 4122): addFont failed to create font /system/fonts/NotoSansYi-Regular.ttf
E/Minikin ( 4122): addFont failed to create font /system/fonts/NotoSansHans-Regular.otf
E/Minikin ( 4122): addFont failed to create font /system/fonts/NotoSansHant-Regular.otf
E/Minikin ( 4122): addFont failed to create font /system/fonts/NotoSansJP-Regular.otf
E/Minikin ( 4122): addFont failed to create font /system/fonts/NotoSansKR-Regular.otf
E/Minikin ( 4762): addFont failed to create font /system/fonts/NotoSansSinhala-Regular.ttf
E/Minikin ( 4762): addFont failed to create font /system/fonts/NotoSansSinhala-Bold.ttf
E/Minikin ( 4762): addFont failed to create font /system/fonts/NotoSansCherokee-Regular.ttf
E/Minikin ( 4762): addFont failed to create font /system/fonts/NotoSansCanadianAboriginal-Regular.ttf
E/Minikin ( 4762): addFont failed to create font /system/fonts/NotoSansYi-Regular.ttf
E/Minikin ( 4762): addFont failed to create font /system/fonts/NotoSansHans-Regular.otf
E/Minikin ( 4762): addFont failed to create font /system/fonts/NotoSansHant-Regular.otf
E/Minikin ( 4762): addFont failed to create font /system/fonts/NotoSansJP-Regular.otf
E/Minikin ( 4762): addFont failed to create font /system/fonts/NotoSansKR-Regular.otf
E/Minikin ( 4945): addFont failed to create font /system/fonts/NotoSansGujarati-Regular.ttf
E/Minikin ( 4945): addFont failed to create font /system/fonts/NotoSansGujarati-Bold.ttf
E/Minikin ( 4945): addFont failed to create font /system/fonts/NotoSansGujaratiUI-Regular.ttf
E/Minikin ( 4945): addFont failed to create font /system/fonts/NotoSansGujaratiUI-Bold.ttf
E/Minikin ( 4945): addFont failed to create font /system/fonts/NotoSansGurmukhi-Regular.ttf
E/Minikin ( 4945): addFont failed to create font /system/fonts/NotoSansGurmukhi-Bold.ttf
E/Minikin ( 4945): addFont failed to create font /system/fonts/NotoSansGurmukhiUI-Regular.ttf
E/Minikin ( 4945): addFont failed to create font /system/fonts/NotoSansGurmukhiUI-Bold.ttf
D/OpenGLRenderer( 4806): Enabling debug mode 0
E/Minikin ( 4945): addFont failed to create font /system/fonts/NotoSansSinhala-Regular.ttf
E/Minikin ( 4945): addFont failed to create font /system/fonts/NotoSansSinhala-Bold.ttf
E/Minikin ( 4945): addFont failed to create font /system/fonts/NotoSansCherokee-Regular.ttf
E/Minikin ( 4945): addFont failed to create font /system/fonts/NotoSansCanadianAboriginal-Regular.ttf
E/Minikin ( 4945): addFont failed to create font /system/fonts/NotoSansYi-Regular.ttf
E/Minikin ( 4945): addFont failed to create font /system/fonts/NotoSansHans-Regular.otf
E/Minikin ( 4945): addFont failed to create font /system/fonts/NotoSansHant-Regular.otf
E/Minikin ( 4945): addFont failed to create font /system/fonts/NotoSansJP-Regular.otf
E/Minikin ( 4945): addFont failed to create font /system/fonts/NotoSansKR-Regular.otf
E/Minikin ( 4596): addFont failed to create font /system/fonts/NotoSansGujarati-Regular.ttf
E/Minikin ( 4596): addFont failed to create font /system/fonts/NotoSansGujarati-Bold.ttf
E/Minikin ( 4596): addFont failed to create font /system/fonts/NotoSansGujaratiUI-Regular.ttf
E/Minikin ( 4596): addFont failed to create font /system/fonts/NotoSansGujaratiUI-Bold.ttf
E/Minikin ( 4596): addFont failed to create font /system/fonts/NotoSansGurmukhi-Regular.ttf
E/Minikin ( 4596): addFont failed to create font /system/fonts/NotoSansGurmukhi-Bold.ttf
E/Minikin ( 4596): addFont failed to create font /system/fonts/NotoSansGurmukhiUI-Regular.ttf
E/Minikin ( 4596): addFont failed to create font /system/fonts/NotoSansGurmukhiUI-Bold.ttf
E/Minikin ( 4596): addFont failed to create font /system/fonts/NotoSansSinhala-Regular.ttf
E/Minikin ( 4596): addFont failed to create font /system/fonts/NotoSansSinhala-Bold.ttf
E/Minikin ( 4596): addFont failed to create font /system/fonts/NotoSansCherokee-Regular.ttf
E/Minikin ( 4596): addFont failed to create font /system/fonts/NotoSansCanadianAboriginal-Regular.ttf
E/Minikin ( 4596): addFont failed to create font /system/fonts/NotoSansYi-Regular.ttf
E/Minikin ( 4596): addFont failed to create font /system/fonts/NotoSansHans-Regular.otf
E/Minikin ( 4596): addFont failed to create font /system/fonts/NotoSansHant-Regular.otf
E/Minikin ( 4596): addFont failed to create font /system/fonts/NotoSansJP-Regular.otf
E/Minikin ( 4596): addFont failed to create font /system/fonts/NotoSansKR-Regular.otf
I/art     ( 4292): Background sticky concurrent mark sweep GC freed 348(65KB) AllocSpace objects, 0(0B) LOS objects, 0% free, 51MB/51MB, paused 12.818ms total 28.396ms
E/Minikin ( 4628): addFont failed to create font /system/fonts/NotoSansGujarati-Regular.ttf
E/Minikin ( 4628): addFont failed to create font /system/fonts/NotoSansGujarati-Bold.ttf
E/Minikin ( 4628): addFont failed to create font /system/fonts/NotoSansGujaratiUI-Regular.ttf
E/Minikin ( 4628): addFont failed to create font /system/fonts/NotoSansGujaratiUI-Bold.ttf
E/Minikin ( 4628): addFont failed to create font /system/fonts/NotoSansGurmukhi-Regular.ttf
E/Minikin ( 4628): addFont failed to create font /system/fonts/NotoSansGurmukhi-Bold.ttf
E/Minikin ( 4628): addFont failed to create font /system/fonts/NotoSansGurmukhiUI-Regular.ttf
E/Minikin ( 4628): addFont failed to create font /system/fonts/NotoSansGurmukhiUI-Bold.ttf
E/Minikin ( 4628): addFont failed to create font /system/fonts/NotoSansSinhala-Regular.ttf
E/Minikin ( 4628): addFont failed to create font /system/fonts/NotoSansSinhala-Bold.ttf
E/Minikin ( 4913): addFont failed to create font /system/fonts/NotoSansGujarati-Regular.ttf
E/Minikin ( 4913): addFont failed to create font /system/fonts/NotoSansGujarati-Bold.ttf
E/Minikin ( 4913): addFont failed to create font /system/fonts/NotoSansGujaratiUI-Regular.ttf
E/Minikin ( 4913): addFont failed to create font /system/fonts/NotoSansGujaratiUI-Bold.ttf
E/Minikin ( 4913): addFont failed to create font /system/fonts/NotoSansGurmukhi-Regular.ttf
E/Minikin ( 4913): addFont failed to create font /system/fonts/NotoSansGurmukhi-Bold.ttf
E/Minikin ( 4913): addFont failed to create font /system/fonts/NotoSansGurmukhiUI-Regular.ttf
E/Minikin ( 4913): addFont failed to create font /system/fonts/NotoSansGurmukhiUI-Bold.ttf
E/Minikin ( 4628): addFont failed to create font /system/fonts/NotoSansCherokee-Regular.ttf
E/Minikin ( 4628): addFont failed to create font /system/fonts/NotoSansCanadianAboriginal-Regular.ttf
E/Minikin ( 4628): addFont failed to create font /system/fonts/NotoSansYi-Regular.ttf
E/Minikin ( 4628): addFont failed to create font /system/fonts/NotoSansHans-Regular.otf
E/Minikin ( 4628): addFont failed to create font /system/fonts/NotoSansHant-Regular.otf
E/Minikin ( 4628): addFont failed to create font /system/fonts/NotoSansJP-Regular.otf
E/Minikin ( 4628): addFont failed to create font /system/fonts/NotoSansKR-Regular.otf
E/Minikin ( 4865): addFont failed to create font /system/fonts/NotoSansGujarati-Regular.ttf
E/Minikin ( 4865): addFont failed to create font /system/fonts/NotoSansGujarati-Bold.ttf
E/Minikin ( 4865): addFont failed to create font /system/fonts/NotoSansGujaratiUI-Regular.ttf
E/Minikin ( 4865): addFont failed to create font /system/fonts/NotoSansGujaratiUI-Bold.ttf
E/Minikin ( 4865): addFont failed to create font /system/fonts/NotoSansGurmukhi-Regular.ttf
E/Minikin ( 4865): addFont failed to create font /system/fonts/NotoSansGurmukhi-Bold.ttf
E/Minikin ( 4865): addFont failed to create font /system/fonts/NotoSansGurmukhiUI-Regular.ttf
E/Minikin ( 4865): addFont failed to create font /system/fonts/NotoSansGurmukhiUI-Bold.ttf
E/Minikin ( 4913): addFont failed to create font /system/fonts/NotoSansSinhala-Regular.ttf
E/Minikin ( 4913): addFont failed to create font /system/fonts/NotoSansSinhala-Bold.ttf
E/Minikin ( 4913): addFont failed to create font /system/fonts/NotoSansCherokee-Regular.ttf
E/Minikin ( 4913): addFont failed to create font /system/fonts/NotoSansCanadianAboriginal-Regular.ttf
E/Minikin ( 4913): addFont failed to create font /system/fonts/NotoSansYi-Regular.ttf
E/Minikin ( 4913): addFont failed to create font /system/fonts/NotoSansHans-Regular.otf
E/Minikin ( 4913): addFont failed to create font /system/fonts/NotoSansHant-Regular.otf
E/Minikin ( 4913): addFont failed to create font /system/fonts/NotoSansJP-Regular.otf
E/Minikin ( 4913): addFont failed to create font /system/fonts/NotoSansKR-Regular.otf
I/art     ( 4122): Background partial concurrent mark sweep GC freed 60848(4MB) AllocSpace objects, 21(912KB) LOS objects, 33% free, 22MB/33MB, paused 3.435ms total 179.391ms
E/Minikin ( 4865): addFont failed to create font /system/fonts/NotoSansSinhala-Regular.ttf
E/Minikin ( 4865): addFont failed to create font /system/fonts/NotoSansSinhala-Bold.ttf
E/Minikin ( 4865): addFont failed to create font /system/fonts/NotoSansCherokee-Regular.ttf
E/Minikin ( 4865): addFont failed to create font /system/fonts/NotoSansCanadianAboriginal-Regular.ttf
E/Minikin ( 4865): addFont failed to create font /system/fonts/NotoSansYi-Regular.ttf
E/Minikin ( 4865): addFont failed to create font /system/fonts/NotoSansHans-Regular.otf
E/Minikin ( 4865): addFont failed to create font /system/fonts/NotoSansHant-Regular.otf
E/Minikin ( 4865): addFont failed to create font /system/fonts/NotoSansJP-Regular.otf
E/Minikin ( 4865): addFont failed to create font /system/fonts/NotoSansKR-Regular.otf
E/Minikin ( 4246): addFont failed to create font /system/fonts/NotoSansGujarati-Regular.ttf
E/Minikin ( 4246): addFont failed to create font /system/fonts/NotoSansGujarati-Bold.ttf
E/Minikin ( 4246): addFont failed to create font /system/fonts/NotoSansGujaratiUI-Regular.ttf
E/Minikin ( 4246): addFont failed to create font /system/fonts/NotoSansGujaratiUI-Bold.ttf
E/Minikin ( 4246): addFont failed to create font /system/fonts/NotoSansGurmukhi-Regular.ttf
E/Minikin ( 4246): addFont failed to create font /system/fonts/NotoSansGurmukhi-Bold.ttf
E/Minikin ( 4246): addFont failed to create font /system/fonts/NotoSansGurmukhiUI-Regular.ttf
E/Minikin ( 4246): addFont failed to create font /system/fonts/NotoSansGurmukhiUI-Bold.ttf
D/Launcher.Model( 4806): 11683562 - loadWorkspaceScreensDb()
D/Launcher.Model( 4806): 11683562 -   screens: { 0: 1 }, { 1: 2 }
D/Launcher.Model( 4806): 11683562 -   sBgWorkspaceScreens: 1, 2
E/Minikin ( 4246): addFont failed to create font /system/fonts/NotoSansSinhala-Regular.ttf
E/Minikin ( 4246): addFont failed to create font /system/fonts/NotoSansSinhala-Bold.ttf
E/Minikin ( 4246): addFont failed to create font /system/fonts/NotoSansCherokee-Regular.ttf
E/Minikin ( 4246): addFont failed to create font /system/fonts/NotoSansCanadianAboriginal-Regular.ttf
E/Minikin ( 4246): addFont failed to create font /system/fonts/NotoSansYi-Regular.ttf
E/Minikin ( 4246): addFont failed to create font /system/fonts/NotoSansHans-Regular.otf
E/Minikin ( 4246): addFont failed to create font /system/fonts/NotoSansHant-Regular.otf
E/Minikin ( 4246): addFont failed to create font /system/fonts/NotoSansJP-Regular.otf
E/Minikin ( 4246): addFont failed to create font /system/fonts/NotoSansKR-Regular.otf
E/Minikin ( 4806): addFont failed to create font /system/fonts/NotoSansGujarati-Regular.ttf
E/Minikin ( 4806): addFont failed to create font /system/fonts/NotoSansGujarati-Bold.ttf
E/Minikin ( 4806): addFont failed to create font /system/fonts/NotoSansGujaratiUI-Regular.ttf
E/Minikin ( 4806): addFont failed to create font /system/fonts/NotoSansGujaratiUI-Bold.ttf
E/Minikin ( 4806): addFont failed to create font /system/fonts/NotoSansGurmukhi-Regular.ttf
E/Minikin ( 4806): addFont failed to create font /system/fonts/NotoSansGurmukhi-Bold.ttf
E/Minikin ( 4806): addFont failed to create font /system/fonts/NotoSansGurmukhiUI-Regular.ttf
E/Minikin ( 4806): addFont failed to create font /system/fonts/NotoSansGurmukhiUI-Bold.ttf
E/Minikin ( 4806): addFont failed to create font /system/fonts/NotoSansSinhala-Regular.ttf
E/Minikin ( 4806): addFont failed to create font /system/fonts/NotoSansSinhala-Bold.ttf
E/Minikin ( 4806): addFont failed to create font /system/fonts/NotoSansCherokee-Regular.ttf
E/Minikin ( 4806): addFont failed to create font /system/fonts/NotoSansCanadianAboriginal-Regular.ttf
E/Minikin ( 4806): addFont failed to create font /system/fonts/NotoSansYi-Regular.ttf
E/Minikin ( 4806): addFont failed to create font /system/fonts/NotoSansHans-Regular.otf
E/Minikin ( 4806): addFont failed to create font /system/fonts/NotoSansHant-Regular.otf
E/Minikin ( 4806): addFont failed to create font /system/fonts/NotoSansJP-Regular.otf
E/Minikin ( 4806): addFont failed to create font /system/fonts/NotoSansKR-Regular.otf
D/WeatherUpdateService( 4628): Service started, but shouldn't update ... stopping
I/ActivityManager( 4122): Start proc com.cyanogenmod.eleven:main for service com.cyanogenmod.eleven/.MusicPlaybackService: pid=4987 uid=10032 gids={50032, 9997, 1028, 1015, 3003} abi=armeabi-v7a
W/Launcher.Model( 4806): LoaderTask running with no launcher (loadAllApps)
W/Launcher( 4806): setApplicationContext called twice! old=com.android.launcher3.LauncherApplication@22514bc8 new=com.android.launcher3.LauncherApplication@22514bc8
I/Choreographer( 4292): Skipped 59 frames!  The application may be doing too much work on its main thread.
E/AppsCustomizePagedView( 4806): Create Res Apk Failed
D/LocaleSetManager( 4806): Locale Changed from: null to en-US
I/art     ( 4292): Background partial concurrent mark sweep GC freed 5837(482KB) AllocSpace objects, 3(15MB) LOS objects, 31% free, 35MB/51MB, paused 6.318ms total 30.163ms
E/Minikin ( 4292): addFont failed to create font /system/fonts/NotoSansGujarati-Regular.ttf
E/Minikin ( 4292): addFont failed to create font /system/fonts/NotoSansGujarati-Bold.ttf
E/Minikin ( 4292): addFont failed to create font /system/fonts/NotoSansGujaratiUI-Regular.ttf
E/Minikin ( 4292): addFont failed to create font /system/fonts/NotoSansGujaratiUI-Bold.ttf
E/Minikin ( 4292): addFont failed to create font /system/fonts/NotoSansGurmukhi-Regular.ttf
E/Minikin ( 4292): addFont failed to create font /system/fonts/NotoSansGurmukhi-Bold.ttf
E/Minikin ( 4292): addFont failed to create font /system/fonts/NotoSansGurmukhiUI-Regular.ttf
E/Minikin ( 4292): addFont failed to create font /system/fonts/NotoSansGurmukhiUI-Bold.ttf
E/Minikin ( 4292): addFont failed to create font /system/fonts/NotoSansSinhala-Regular.ttf
E/Minikin ( 4292): addFont failed to create font /system/fonts/NotoSansSinhala-Bold.ttf
E/Minikin ( 4292): addFont failed to create font /system/fonts/NotoSansCherokee-Regular.ttf
E/Minikin ( 4292): addFont failed to create font /system/fonts/NotoSansCanadianAboriginal-Regular.ttf
E/Minikin ( 4292): addFont failed to create font /system/fonts/NotoSansYi-Regular.ttf
E/Minikin ( 4292): addFont failed to create font /system/fonts/NotoSansHans-Regular.otf
E/Minikin ( 4292): addFont failed to create font /system/fonts/NotoSansHant-Regular.otf
E/Minikin ( 4292): addFont failed to create font /system/fonts/NotoSansJP-Regular.otf
E/Minikin ( 4292): addFont failed to create font /system/fonts/NotoSansKR-Regular.otf
V/RenderScript_jni( 4987): RS native mode
E/RenderScript( 4987): Failed loading RS driver: dlopen failed: cannot locate symbol "_ZN7android12renderscript15RsdCpuReference6createEPNS0_7ContextEjjPFPKNS1_9CpuSymbolES3_PKcEPFPNS1_9CpuScriptES3_PKNS0_6ScriptEEPFPN4llvm6ModuleEPN3bcc8RSScriptESK_SK_EPFS8_S8_jE" referenced by "libRSDriverArm.so"...
E/RenderScript( 4987): Failed to load runtime libRSDriverArm.so, loading default
V/RenderScript( 4987): 0xaf415200 Launching thread(s), CPUs 8
E/Vold    ( 3676): Failed to find mounted volume for /storage/extSdCard/Android/data/com.cyanogenmod.eleven/cache/
W/Vold    ( 3676): Returning OperationFailed - no handler for errno 0
W/ContextImpl( 4987): Failed to ensure directory: /storage/extSdCard/Android/data/com.cyanogenmod.eleven/cache
W/InputMethodManagerService( 4122): Focus gain on non-focused client com.android.internal.view.IInputMethodClient$Stub$Proxy@1a70cac1 (uid=10018 pid=4806)
I/ActivityManager( 4122): Displayed com.cyanogenmod.trebuchet/com.android.launcher3.Launcher: +1s445ms
E/Vold    ( 3676): Failed to find mounted volume for /storage/extSdCard/Android/data/com.cyanogenmod.eleven/cache/
W/Vold    ( 3676): Returning OperationFailed - no handler for errno 0
I/Timeline( 4122): Timeline: Activity_windows_visible id: ActivityRecord{38881d9d u0 com.cyanogenmod.trebuchet/com.android.launcher3.Launcher t8} time:16899
W/ContextImpl( 4987): Failed to ensure directory: /storage/extSdCard/Android/data/com.cyanogenmod.eleven/cache
I/Timeline( 4806): Timeline: Activity_idle id: android.os.BinderProxy@b02fe1b time:16908
I/Timeline( 4806): Timeline: Activity_idle id: android.os.BinderProxy@b02fe1b time:16909
V/KeyguardServiceDelegate( 4122): *** Keyguard started
W/KeyguardServiceDelegate( 4122): onScreenTurnedOn(): no keyguard service!
I/Sensors ( 4122): Acc old sensor_state 0, new sensor_state : 1 en : 1
V/KeyguardServiceDelegate( 4122): *** Keyguard connected (yay!)
W/Settings( 4292): Setting airplane_mode_on has moved from android.provider.Settings.System to android.provider.Settings.Global, returning read-only value.
E/ExtMediaPlayer-JNI( 4987): QCMediaPlayer could not be located....
E/MediaPlayer-JNI( 4987): QCMediaPlayer mediaplayer NOT present
D/PhoneStatusBar( 4292): disable: < expand icons alerts system_info back HOME* RECENT* clock SEARCH* >
D/VoldCmdListener( 3676): cryptfs getpw
D/VoldCmdListener( 3676): cryptfs clearpw
I/SurfaceFlinger( 3691): Boot is finished (11814 ms)
D/PhoneStatusBar( 4292): disable: < expand ICONS* alerts SYSTEM_INFO* back HOME RECENT clock SEARCH >
D/BluetoothAdapter( 4292): 851735118: getState() :  mService = null. Returning STATE_OFF
D/BluetoothAdapter( 4292): 851735118: getState() :  mService = null. Returning STATE_OFF
D/BluetoothAdapter( 4292): 851735118: getState() :  mService = null. Returning STATE_OFF
D/BluetoothAdapter( 4292): 851735118: getState() :  mService = null. Returning STATE_OFF
D/BluetoothAdapter( 4292): 851735118: getState() :  mService = null. Returning STATE_OFF
D/BluetoothAdapter( 4292): 851735118: getState() :  mService = null. Returning STATE_OFF
W/Settings( 4292): Setting airplane_mode_on has moved from android.provider.Settings.System to android.provider.Settings.Global, returning read-only value.
W/Settings( 4292): Setting airplane_mode_on has moved from android.provider.Settings.System to android.provider.Settings.Global, returning read-only value.
D/PhoneStatusBar( 4292): disable: < expand ICONS alerts SYSTEM_INFO back HOME RECENT clock SEARCH >
D/Launcher.Model( 4806): 11683562 - loadWorkspace()
I/Launcher.Model( 4806): not binding apps: no Launcher activity
D/Launcher.Model( 4806): 11683562 -   loadedOldDb: false
D/Launcher.Model( 4806): 11683562 - loadWorkspaceScreensDb()
D/Launcher.Model( 4806): 11683562 -   screens: { 0: 1 }, { 1: 2 }
D/Launcher.Model( 4806): 11683562 -   sBgWorkspaceScreens: 1, 2
D/Launcher( 4806): 11683562 - bindAddScreens()
D/Launcher( 4806): 11683562 -   orderedScreenIds: 1, 2
D/Launcher.Workspace( 4806): 11683562 - insertNewWorkspaceScreen(): 1 at index: 0
D/Launcher.Workspace( 4806): 11683562 - insertNewWorkspaceScreen(): 2 at index: 1
V/KeyguardServiceDelegate( 4122): **** SHOWN CALLED ****
V/RenderScript( 4806): Application requested CPU execution
W/WakefulBroadcastReceiver( 4987): No active wake lock id #1
V/RenderScript( 4806): 0x9f856800 Launching thread(s), CPUs 8
I/art     ( 4806): Background partial concurrent mark sweep GC freed 18369(1660KB) AllocSpace objects, 10(956KB) LOS objects, 40% free, 22MB/38MB, paused 6.497ms total 31.507ms
D/android.widget.GridLayout( 4806): vertical constraints: y3-y0>=396, y3-y0<=372, y3-y2<=156, y2-y1<=3 are inconsistent; permanently removing: y3-y0<=372. 
D/Launcher.Workspace( 4806): 11683562 - stripEmptyScreens()
D/BootAnimation( 3864): Use save memory method, maybe small fps in actual.
I/art     ( 4122): Explicit concurrent mark sweep GC freed 14219(1745KB) AllocSpace objects, 22(1616KB) LOS objects, 33% free, 22MB/33MB, paused 1.523ms total 40.821ms
I/SystemServiceManager( 4122): Starting phase 1000
E/SEC PowerHAL( 4122): Error opening /sys/devices/system/cpu/cpufreq/interactive/boostpulse: No such file or directory
D/lights  ( 4122): set_light_battery 0xd00 0 0
V/ActivityManager( 4122): Display changed displayId=0
I/BootReceiver( 4865): IOSched restore disabled by user preference.
D/InputMethodAndLanguageSettings( 4865): High touch sensitivity settings restored.
D/InputMethodAndLanguageSettings( 4865): Touch hovering settings restored.
I/ValidateNoPeople( 4122): skipping global notification
I/RecoverySystem( 4122): Deleted: /cache/recovery/log
I/BootReceiver( 4122): Copying /proc/last_kmsg to DropBox (SYSTEM_LAST_KMSG)
E/SharedPreferencesImpl( 4122): Couldn't create directory for SharedPreferences file shared_prefs/log_files.xml
I/ActivityManager( 4122): Start proc com.android.keychain for service com.android.keychain/.KeyChainService: pid=5057 uid=1000 gids={41000, 9997, 3003, 1028, 1015, 3002, 3001} abi=armeabi-v7a
I/BootReceiver( 4122): Copying audit failures to DropBox
E/SharedPreferencesImpl( 4122): Couldn't create directory for SharedPreferences file shared_prefs/log_files.xml
I/BootReceiver( 4122): Copied 0 worth of audits to DropBox
I/BootReceiver( 4122): Checking for fsck errors
I/ActivityManager( 4122): Start proc com.android.deskclock for broadcast com.android.deskclock/.AlarmInitReceiver: pid=5081 uid=10030 gids={50030, 9997, 1028, 3003} abi=armeabi-v7a
I/art     ( 3705): Explicit concurrent mark sweep GC freed 706(30KB) AllocSpace objects, 0(0B) LOS objects, 39% free, 15MB/25MB, paused 231us total 11.211ms
I/art     ( 3705): Explicit concurrent mark sweep GC freed 5(160B) AllocSpace objects, 0(0B) LOS objects, 39% free, 15MB/25MB, paused 196us total 10.311ms
I/art     ( 3705): Explicit concurrent mark sweep GC freed 5(160B) AllocSpace objects, 0(0B) LOS objects, 39% free, 15MB/25MB, paused 184us total 10.125ms
V/KeyguardTouchDelegate( 4292): Connected to keyguard
V/AlarmClock( 5081): AlarmInitReceiver android.intent.action.BOOT_COMPLETED
V/AlarmClock( 5081): AlarmInitReceiver - Reset timers and clear stopwatch data
V/AlarmClock( 5081): AlarmInitReceiver finished
I/ActivityManager( 4122): Start proc com.android.dialer for broadcast com.android.dialer/.calllog.CallLogReceiver: pid=5107 uid=10008 gids={50008, 9997, 3003, 1028, 1015} abi=armeabi-v7a
D/ConnectivityService( 4122): Got NetworkFactory Messenger for Telephony
D/TelephonyProvider( 4784): dbh.onOpen: ok, queried table=siminfo
D/TelephonyProvider( 4784): dbh.onOpen: ok, queried table=carriers
I/ActivityManager( 4122): Start proc com.android.smspush for service com.android.smspush/.WapPushManager: pid=5141 uid=10055 gids={50055, 9997} abi=armeabi-v7a
D/GpsLocationProvider( 4122): received SIM realted action: android.intent.action.SIM_STATE_CHANGED
D/PhoneStatusBarPolicy( 4292): updateSimState for subId :-1
D/PhoneStatusBarPolicy( 4292): updateSimState for phoneId :0
D/GpsLocationProvider( 4122): SIM MCC/MNC is still not available
D/PhoneStatusBarPolicy( 4292): updateSimState for Slot :-1
D/DcSwitchState( 4784): [DcSwitchState-0] DcSwitchState constructor E
D/DcSwitchState( 4784): [DcSwitchState-0] DcSwitchState constructor X
D/BluetoothManagerService( 4122): Message: 20
D/BluetoothManagerService( 4122): Added callback: android.bluetooth.IBluetoothManagerCallback$Stub$Proxy@24b717e6:true
D/BluetoothManagerService( 4122): Message: 30
I/Telephony( 4784): TtyManager: updateUiTtyMode -1 -> 0
D/ConnectivityService( 4122): Got NetworkFactory Messenger for WIFI
D/WIFI    ( 4122): got request NetworkRequest [ id=1, legacyType=-1, [ Capabilities: INTERNET&NOT_RESTRICTED&TRUSTED&NOT_VPN] ] with score 0
I/HeadsetService( 4740): Starting service.
I/ActivityManager( 4122): Start proc com.cyanogenmod.account for broadcast com.cyanogenmod.account/.receiver.BootReceiver: pid=5175 uid=10002 gids={50002, 9997, 3003} abi=armeabi-v7a
W/EffectsFactory( 3694): loadLibrary() failed to open /vendor/lib/liblvverx_3.20.03.so
W/EffectsFactory( 3694): loadLibrary() failed to open /vendor/lib/liblvvetx_3.20.03.so
D/KeyguardUpdateMonitor( 4292): ACTION_SERVICE_STATE_CHANGED on sub: -1 mServiceState: 1 1 home null null null  Unknown Unknown CSS not supported -1 -1 RoamInd=-1 DefRoamInd=-1 EmergOnly=false
W/linker  ( 3694): lib_SoundAlive_play_ver125e.so has text relocations. This is wasting memory and prevents security hardening. Please fix.
W/EffectsFactory( 3694): loadEffect() could not get library pre_processing
W/EffectsFactory( 3694): loadEffect() could not get library pre_processing
W/EffectsFactory( 3694): loadEffect() could not get library pre_processing
W/EffectsFactory( 3694): loadEffect() could not get library output_processing
W/EffectsFactory( 3694): loadEffect() could not get library output_processing
E/AudioFlinger( 3694): createEffect() unknown output thread
E/AudioEffect( 4740): set(): AudioFlinger could not create effect, status: -22
E/AudioEffects-JNI( 4740): AudioEffect initCheck failed -4
E/AudioEffect-JAVA( 4740): Error code -4 when initializing AudioEffect.
E/HeadsetService( 4740): Effect type: 0bed4300-ddd6-11db-8f34-0002a5d5c51b not supported.
E/HeadsetService( 4740): java.lang.IllegalArgumentException: Effect type: 0bed4300-ddd6-11db-8f34-0002a5d5c51b not supported.
E/HeadsetService( 4740): 	at android.media.audiofx.AudioEffect.<init>(AudioEffect.java:404)
E/HeadsetService( 4740): 	at android.media.audiofx.Equalizer.<init>(Equalizer.java:139)
E/HeadsetService( 4740): 	at org.cyanogenmod.audiofx.HeadsetService$EffectSet.<init>(HeadsetService.java:87)
E/HeadsetService( 4740): 	at org.cyanogenmod.audiofx.HeadsetService.saveDefaults(HeadsetService.java:414)
E/HeadsetService( 4740): 	at org.cyanogenmod.audiofx.HeadsetService.onCreate(HeadsetService.java:331)
E/HeadsetService( 4740): 	at android.app.ActivityThread.handleCreateService(ActivityThread.java:2760)
E/HeadsetService( 4740): 	at android.app.ActivityThread.access$1900(ActivityThread.java:147)
E/HeadsetService( 4740): 	at android.app.ActivityThread$H.handleMessage(ActivityThread.java:1379)
E/HeadsetService( 4740): 	at android.os.Handler.dispatchMessage(Handler.java:102)
E/HeadsetService( 4740): 	at android.os.Looper.loop(Looper.java:135)
E/HeadsetService( 4740): 	at android.app.ActivityThread.main(ActivityThread.java:5254)
E/HeadsetService( 4740): 	at java.lang.reflect.Method.invoke(Native Method)
E/HeadsetService( 4740): 	at java.lang.reflect.Method.invoke(Method.java:372)
E/HeadsetService( 4740): 	at com.android.internal.os.ZygoteInit$MethodAndArgsCaller.run(ZygoteInit.java:898)
E/HeadsetService( 4740): 	at com.android.internal.os.ZygoteInit.main(ZygoteInit.java:693)
I/HeadsetService( 4740): Stopping service.
D/TelephonyNetworkFactory-1( 4784): got request NetworkRequest [ id=1, legacyType=-1, [ Capabilities: INTERNET&NOT_RESTRICTED&TRUSTED&NOT_VPN] ] with score 0
D/TelephonyDebugService( 4784): TelephonyDebugService()
D/WifiService( 4122): New client listening to asynchronous messages
D/Telephony( 4784): TtyManager: setTTYMode exception: com.android.internal.telephony.CommandException: RADIO_NOT_AVAILABLE
V/OtaStartupReceiver( 4784): onOtaspChanged: mOtaspMode=1
D/GpsLocationProvider( 4122): received SIM realted action: android.intent.action.ACTION_SUBINFO_RECORD_UPDATED
D/GpsLocationProvider( 4122): SIM MCC/MNC is still not available
D/Telephony( 4784): TtyManager: queryTTYMode exception: com.android.internal.telephony.CommandException: RADIO_NOT_AVAILABLE
I/Telephony( 4784): : SUBINFO_RECORD_UPDATED : 4.
D/Telephony( 4784): TelecomAccountRegistry: Found 1 phones.  Attempting to register.
D/Telephony( 4784): TelecomAccountRegistry: Phone with subscription id -1
E/PhoneInterfaceManager( 4784): [PhoneIntfMgr] getIccId: No UICC
D/Telephony( 4784): AccountEntry: Registered phoneAccount: android.telecom.PhoneAccount@1bd6fd01 with handle: ComponentInfo{com.android.phone/com.android.services.telephony.TelephonyConnectionService}, E
I/Telephony( 4784): PstnIncomingCallNotifier: Registering: Handler (com.android.internal.telephony.gsm.GSMPhone) {f6bb02a}
D/Telephony( 4784): PstnPhoneCapabilitiesNotifier: Registering: Handler (com.android.internal.telephony.gsm.GSMPhone) {f6bb02a}
D/CallNotifier( 4784): onReceive... 
D/TelephonyNetworkFactory-1( 4784): update networkCapabilites for subId = -1
D/TelephonyNetworkFactory-1( 4784): INTERNET capability is removed from subId = -1
D/TelephonyNetworkFactory-1( 4784): Ready to handle network requests
I/MmsService( 4784): mReceiver action: android.intent.action.ACTION_SUBINFO_RECORD_UPDATED
I/MmsService( 4784): MmsConfigManager.loadInBackground(): mcc/mnc: 0/0
E/MmsService( 4784): MmsConfigManager.load -- empty getActiveSubInfoList
D/Telephony( 4784): PstnPhoneCapabilitiesNotifier: handleVideoCapabilitesChanged. Video capability - false
D/Telephony( 4784): PstnPhoneCapabilitiesNotifier: handleVideoCapabilitesChanged. Exception=java.lang.NullPointerException: Attempt to invoke virtual method 'int android.telecom.PhoneAccount.getCapabilities()' on a null object reference
I/ActivityManager( 4122): Start proc com.cyanogenmod.updater for broadcast com.cyanogenmod.updater/.receiver.UpdateCheckReceiver: pid=5208 uid=10003 gids={50003, 9997, 3003, 1028, 1015, 2001} abi=armeabi-v7a
I/UpdateCheckReceiver( 5208): Scheduling future, repeating update checks.
I/ActivityManager( 4122): Start proc com.android.providers.calendar for broadcast com.android.providers.calendar/.CalendarReceiver: pid=5241 uid=10004 gids={50004, 9997, 3003, 1028, 1015} abi=armeabi-v7a
I/UpdateCheckService( 5208): Could not check for updates. Not connected to the network.
W/ResourcesManager( 5241): Asset path '/system/framework/android.test.runner.jar' does not exist or contains no resources.
I/CalendarProvider2( 5241): Created com.android.providers.calendar.CalendarAlarmManager@c963dba(com.android.providers.calendar.CalendarProvider2@1aa3246b)
I/ActivityManager( 4122): Start proc com.android.managedprovisioning for broadcast com.android.managedprovisioning/.BootReminder: pid=5268 uid=10011 gids={50011, 9997, 1028, 3003} abi=armeabi-v7a
I/ActivityManager( 4122): Start proc com.android.mms for broadcast com.android.mms/.transaction.MmsSystemEventReceiver: pid=5293 uid=10012 gids={50012, 9997, 3003, 1028, 1015} abi=armeabi-v7a
E/SQLiteLog( 4246): (283) recovered 85 frames from WAL file /data/data/com.android.providers.media/databases/internal.db-wal
D/CountryDetector( 4122): The first listener is added
D/WVMDrmPlugIn( 3693): WVMDrmPlugin::onInitialize : 468
D/WVMDrmPlugIn( 3693): WVMDrmPlugin::onSetOnInfoListener : add 468
V/Mms     ( 5293): mnc/mcc: 
V/Mms     ( 5293): tag: int value: maxMessageSize - 1045876
V/Mms     ( 5293): tag: int value: maxImageHeight - 2592
V/Mms     ( 5293): tag: int value: maxImageWidth - 2592
V/Mms     ( 5293): tag: bool value: enableMultipartSMS - true
V/Mms     ( 5293): tag: bool value: enableSplitSMS - false
V/Mms     ( 5293): tag: string value: userAgent - SAMSUNG-SM-G900H-Mms
V/Mms     ( 5293): tag: string value: uaProfUrl - http://wap.samsungmobile.com/uaprof/SM-G900H.xml
I/ContactPhotoManager( 5293): Cache adj: 1.0
E/ContactPhotoManager( 5293): No contact photo service in context: com.android.mms.MmsApp@6646461
D/MmsSmsDatabaseHelper( 4784): [MmsSmsDb] tableName: threads hasAutoIncrement: CREATE TABLE threads (_id INTEGER PRIMARY KEY AUTOINCREMENT,date INTEGER DEFAULT 0,message_count INTEGER DEFAULT 0,recipient_ids TEXT,snippet TEXT,snippet_cs INTEGER DEFAULT 0,read INTEGER DEFAULT 1,archived INTEGER DEFAULT 0,type INTEGER DEFAULT 0,error INTEGER DEFAULT 0,has_attachment INTEGER DEFAULT 0) result: true
D/MmsSmsDatabaseHelper( 4784): [MmsSmsDb] tableName: canonical_addresses hasAutoIncrement: CREATE TABLE canonical_addresses (_id INTEGER PRIMARY KEY AUTOINCREMENT,address TEXT) result: true
D/MmsSmsDatabaseHelper( 4784): [MmsSmsDb] tableName: part hasAutoIncrement: CREATE TABLE part (_id INTEGER PRIMARY KEY AUTOINCREMENT,mid INTEGER,seq INTEGER DEFAULT 0,ct TEXT,name TEXT,chset INTEGER,cd TEXT,fn TEXT,cid TEXT,cl TEXT,ctt_s INTEGER,ctt_t TEXT,_data TEXT,text TEXT) result: true
D/MmsSmsDatabaseHelper( 4784): [MmsSmsDb] tableName: pdu hasAutoIncrement: CREATE TABLE pdu (_id INTEGER PRIMARY KEY AUTOINCREMENT,thread_id INTEGER,date INTEGER,date_sent INTEGER DEFAULT 0,msg_box INTEGER,read INTEGER DEFAULT 0,m_id TEXT,sub TEXT,sub_cs INTEGER,ct_t TEXT,ct_l TEXT,exp INTEGER,m_cls TEXT,m_type INTEGER,v INTEGER,m_size INTEGER,pri INTEGER,rr INTEGER,rpt_a INTEGER,resp_st INTEGER,st INTEGER,tr_id TEXT,retr_st INTEGER,retr_txt TEXT,retr_txt_cs INTEGER,read_status INTEGER,ct_cls INTEGER,resp_txt TEXT,d_tm INTEGER,d_rpt INTEGER,locked INTEGER DEFAULT 0,phone_id INTEGER DEFAULT -1, seen INTEGER DEFAULT 0,creator TEXT,text_only INTEGER DEFAULT 0) result: true
D/MmsSmsDatabaseHelper( 4784): [getWritableDatabase] hasAutoIncrementThreads: true hasAutoIncrementAddresses: true hasAutoIncrementPart: true hasAutoIncrementPdu: true
D/WVMDrmPlugIn( 3693): WVMDrmPlugin::onInitialize : 966
D/WVMDrmPlugIn( 3693): WVMDrmPlugin::onSetOnInfoListener : add 966
W/MediaScanner( 4246): Error opening directory '/oem/media/', skipping: No such file or directory.
I/art     ( 4122): Explicit concurrent mark sweep GC freed 14444(1520KB) AllocSpace objects, 30(2MB) LOS objects, 33% free, 22MB/34MB, paused 2.044ms total 47.520ms
I/ActivityManager( 4122): Start proc com.android.onetimeinitializer for broadcast com.android.onetimeinitializer/.OneTimeInitializerReceiver: pid=5331 uid=10013 gids={50013, 9997} abi=armeabi-v7a
D/Mms     ( 5293): Cursor= >>>>> Dumping cursor android.content.ContentResolver$CursorWrapperInner@1a0f755e
D/Mms     ( 5293): <<<<<
D/Mms     ( 5293): cancelNotification
D/MediaProvider( 4246): object removed 12
D/Mms     ( 5293): Cursor= >>>>> Dumping cursor android.content.ContentResolver$CursorWrapperInner@3d092b55
D/Mms     ( 5293): <<<<<
D/Mms     ( 5293): cancelNotification
V/OneTimeInitializerRece( 5331): OneTimeInitializerReceiver.onReceive
D/WVMDrmPlugIn( 3693): WVMDrmPlugin::onInitialize : 7202
D/WVMDrmPlugIn( 3693): WVMDrmPlugin::onSetOnInfoListener : add 7202
D/WVMDrmPlugIn( 3693): WVMDrmPlugin::onTerminate : 7202
D/CMStats ( 4865): Next sync attempt in : 22 hours
I/FFmpegExtractor( 3694): android-source:0xb3f0d0b0
I/FFMPEG  ( 3694): Input #0, ogg, from 'android-source:0xb3f0d0b0':
I/FFMPEG  ( 3694):   Duration: 00:00:01.07, start: 0.000000, bitrate: 224 kb/s
I/FFMPEG  ( 3694):     Stream #0:0: Audio: vorbis, 48000 Hz, stereo, fltp, 256 kb/s
I/FFMPEG  ( 3694):     Metadata:
I/FFMPEG  ( 3694):       TITLE           : Hangouts Message
D/FFmpegExtractor( 3694): FFmpegExtrator, url: android-source:0xb3f0d0b0, format_name: ogg, format_long_name: Ogg
I/FFmpegExtractor( 3694): adjust mime(application/ogg -> audio/vorbis)
D/FFmpegExtractor( 3694): suppoted codec(vorbis) by official Stagefright
D/FFmpegExtractor( 3694): ffmpeg detected media content as 'audio/vorbis' with confidence 0.08
D/WVMDrmPlugIn( 3693): WVMDrmPlugin::onInitialize : 4455
D/WVMDrmPlugIn( 3693): WVMDrmPlugin::onSetOnInfoListener : add 4455
D/WVMDrmPlugIn( 3693): WVMDrmPlugin::onTerminate : 4455
I/FFmpegExtractor( 3694): android-source:0xb41121f0
I/FFMPEG  ( 3694): Input #0, ogg, from 'android-source:0xb41121f0':
I/FFMPEG  ( 3694):   Duration: 00:00:05.00, start: 0.000000, bitrate: 122 kb/s
I/FFMPEG  ( 3694):     Stream #0:0: Audio: vorbis, 48000 Hz, stereo, fltp, 160 kb/s
I/FFMPEG  ( 3694):     Metadata:
I/FFMPEG  ( 3694):       TITLE           : Hangouts Call
D/FFmpegExtractor( 3694): FFmpegExtrator, url: android-source:0xb41121f0, format_name: ogg, format_long_name: Ogg
I/FFmpegExtractor( 3694): adjust mime(application/ogg -> audio/vorbis)
D/FFmpegExtractor( 3694): suppoted codec(vorbis) by official Stagefright
D/FFmpegExtractor( 3694): ffmpeg detected media content as 'audio/vorbis' with confidence 0.08
I/ActivityManager( 4122): Start proc com.android.calendar for broadcast com.android.calendar/.alerts.AlertReceiver: pid=5357 uid=10026 gids={50026, 9997, 1028, 1015, 3003} abi=armeabi-v7a
D/ExtensionsFactory( 5357): No custom extensions.
D/AlertReceiver( 5357): onReceive: a=android.intent.action.BOOT_COMPLETED Intent { act=android.intent.action.BOOT_COMPLETED flg=0x8000010 cmp=com.android.calendar/.alerts.AlertReceiver (has extras) }
I/ActivityManager( 4122): Start proc com.android.email for broadcast com.android.email/.service.EmailBroadcastReceiver: pid=5385 uid=10033 gids={50033, 9997, 3003, 1028, 1015} abi=armeabi-v7a
D/AlertService( 5357): 0 Action = android.intent.action.BOOT_COMPLETED
D/AlertService( 5357): Scheduling next alarm with AlarmScheduler. sEventReminderReceived: null
D/AlarmScheduler( 5357): No events found starting within 1 week.
W/MediaScanner( 4246): Error opening directory '/storage/sdcard1/', skipping: No such file or directory.
W/MediaScanner( 4246): Error opening directory '/storage/usbdisk/', skipping: No such file or directory.
D/ActivityThread( 5385): Loading provider com.android.email.provider;com.android.email.notifier: com.android.email.provider.EmailProvider
D/ActivityThread( 5385): Loading provider com.android.email.provider;com.android.email.notifier: com.android.email.provider.EmailProvider
D/ActivityThread( 5385): Loading provider com.android.email.provider;com.android.email.notifier: com.android.email.provider.EmailProvider
D/ActivityThread( 5385): Loading provider com.android.email.provider;com.android.email.notifier: com.android.email.provider.EmailProvider
D/ActivityThread( 5385): Loading provider com.android.email.provider;com.android.email.notifier: com.android.email.provider.EmailProvider
D/ActivityThread( 5385): Loading provider com.android.email.provider;com.android.email.notifier: com.android.email.provider.EmailProvider
D/EmailBroadcastReceiver( 5385): Received android.intent.action.BOOT_COMPLETED
I/CalendarProvider2( 5241): Sending notification intent: Intent { act=android.intent.action.PROVIDER_CHANGED dat=content://com.android.calendar }
W/ContentResolver( 5241): Failed to get type for: content://com.android.calendar (Unknown URL content://com.android.calendar)
D/WVMDrmPlugIn( 3693): WVMDrmPlugin::onInitialize : 7168
D/WVMDrmPlugIn( 3693): WVMDrmPlugin::onSetOnInfoListener : add 7168
D/WVMDrmPlugIn( 3693): WVMDrmPlugin::onTerminate : 7168
I/FFmpegExtractor( 3694): android-source:0xb1d980b0
I/FFMPEG  ( 3694): Input #0, ogg, from 'android-source:0xb1d980b0':
I/FFMPEG  ( 3694):   Duration: 00:00:01.07, start: 0.000000, bitrate: 224 kb/s
I/FFMPEG  ( 3694):     Stream #0:0: Audio: vorbis, 48000 Hz, stereo, fltp, 256 kb/s
I/FFMPEG  ( 3694):     Metadata:
I/FFMPEG  ( 3694):       TITLE           : Hangouts Message
D/FFmpegExtractor( 3694): FFmpegExtrator, url: android-source:0xb1d980b0, format_name: ogg, format_long_name: Ogg
I/FFmpegExtractor( 3694): adjust mime(application/ogg -> audio/vorbis)
D/FFmpegExtractor( 3694): suppoted codec(vorbis) by official Stagefright
D/FFmpegExtractor( 3694): ffmpeg detected media content as 'audio/vorbis' with confidence 0.08
V/MediaScanner( 4246): pruneDeadThumbnailFiles... android.database.sqlite.SQLiteCursor@20d9896a
V/MediaScanner( 4246): /pruneDeadThumbnailFiles... android.database.sqlite.SQLiteCursor@20d9896a
I/ActivityManager( 4122): Start proc com.android.gallery3d for broadcast com.android.gallery3d/org.codeaurora.gallery3d.video.DmReceiver: pid=5422 uid=10036 gids={50036, 9997, 3003, 1028, 1015, 1023, 3002} abi=armeabi-v7a
W/ActivityManager( 4122): Unable to start service Intent { cmp=com.android.email/.service.AttachmentService } U=0: not found
W/ActivityManager( 4122): Unable to start service Intent { cmp=com.android.email/.service.AttachmentService } U=0: not found
W/ActivityManager( 4122): Unable to start service Intent { cmp=com.android.email/.service.AttachmentService } U=0: not found
W/ActivityManager( 4122): Unable to start service Intent { cmp=com.android.email/.service.AttachmentService } U=0: not found
W/ActivityManager( 4122): Unable to start service Intent { cmp=com.android.email/.service.AttachmentService } U=0: not found
E/MetadataRetrieverClient( 3694): failed to extract an album art
I/art     ( 3705): Explicit concurrent mark sweep GC freed 709(30KB) AllocSpace objects, 0(0B) LOS objects, 39% free, 15MB/25MB, paused 237us total 11.821ms
I/Email   ( 5385): Observing account changes for notifications
I/art     ( 3705): Explicit concurrent mark sweep GC freed 5(160B) AllocSpace objects, 0(0B) LOS objects, 39% free, 15MB/25MB, paused 205us total 10.280ms
I/art     ( 3705): Explicit concurrent mark sweep GC freed 5(160B) AllocSpace objects, 0(0B) LOS objects, 39% free, 15MB/25MB, paused 172us total 9.052ms
I/ActivityManager( 4122): Start proc com.android.exchange for service com.android.exchange/.service.EasService: pid=5445 uid=10034 gids={50034, 9997, 3003, 1028, 1015} abi=armeabi-v7a
W/ActivityManager( 4122): Unable to start service Intent { cmp=com.android.email/.service.AttachmentService } U=0: not found
W/ActivityManager( 4122): Unable to start service Intent { cmp=com.android.email/.service.AttachmentService } U=0: not found
I/ActivityManager( 4122): Killing 4913:org.cyanogenmod.themes.provider/u0a17 (adj 15): empty #17
