E/HeadsetService( 5054): 	at java.lang.reflect.Method.invoke(Native Method)
E/HeadsetService( 5054): 	at java.lang.reflect.Method.invoke(Method.java:372)
E/HeadsetService( 5054): 	at com.android.internal.os.ZygoteInit$MethodAndArgsCaller.run(ZygoteInit.java:898)
E/HeadsetService( 5054): 	at com.android.internal.os.ZygoteInit.main(ZygoteInit.java:693)
I/HeadsetService( 5054): Stopping service.
E/cutils  ( 5593): Failed to mkdir(/mnt/shell/emulated/0): Read-only file system
W/Zygote  ( 5593): Failed to mount emulated storage: 30
I/ActivityManager( 4116): Start proc com.cyanogenmod.updater for broadcast com.cyanogenmod.updater/.receiver.UpdateCheckReceiver: pid=5593 uid=10003 gids={50003, 9997, 3003, 1028, 1015, 2001} abi=armeabi-v7a
E/BluetoothAdapterService(704104105)( 5364): BT is not ON. Exiting autoConnect
I/UpdateCheckReceiver( 5593): Scheduling future, repeating update checks.
I/UpdateCheckService( 5593): Could not check for updates. Not connected to the network.
E/cutils  ( 5623): Failed to mkdir(/mnt/shell/emulated/0): Read-only file system
W/Zygote  ( 5623): Failed to mount emulated storage: 30
I/ActivityManager( 4116): Start proc com.android.providers.calendar for broadcast com.android.providers.calendar/.CalendarReceiver: pid=5623 uid=10004 gids={50004, 9997, 3003, 1028, 1015} abi=armeabi-v7a
W/ResourcesManager( 5623): Asset path '/system/framework/android.test.runner.jar' does not exist or contains no resources.
I/CalendarDatabaseHelper( 5623): Bootstrapping database
I/CalendarProvider2( 5623): Created com.android.providers.calendar.CalendarAlarmManager@21255b73(com.android.providers.calendar.CalendarProvider2@2cb72a30)
E/cutils  ( 5649): Failed to mkdir(/mnt/shell/emulated/0): Read-only file system
W/Zygote  ( 5649): Failed to mount emulated storage: 30
I/ActivityManager( 4116): Start proc com.android.managedprovisioning for broadcast com.android.managedprovisioning/.BootReminder: pid=5649 uid=10011 gids={50011, 9997, 1028, 3003} abi=armeabi-v7a
E/cutils  ( 5674): Failed to mkdir(/mnt/shell/emulated/0): Read-only file system
W/Zygote  ( 5674): Failed to mount emulated storage: 30
I/ActivityManager( 4116): Start proc com.android.mms for broadcast com.android.mms/.transaction.MmsSystemEventReceiver: pid=5674 uid=10012 gids={50012, 9997, 3003, 1028, 1015} abi=armeabi-v7a
I/MediaProvider( 5155): Upgrading media database from version 0 to 701, which will destroy all old data
W/Resources( 5674): Converting to string: TypedValue{t=0x10/d=0x0 a=-1}
W/Resources( 5674): Converting to string: TypedValue{t=0x10/d=0xffffffff a=-1}
W/Resources( 5674): Converting to string: TypedValue{t=0x10/d=0xffffffff a=-1}
W/Resources( 5674): Converting to string: TypedValue{t=0x10/d=0xffffffff a=-1}
W/Resources( 5674): Converting to string: TypedValue{t=0x10/d=0x0 a=-1}
W/Resources( 5674): Converting to string: TypedValue{t=0x10/d=0x0 a=-1}
W/Resources( 5674): Converting to string: TypedValue{t=0x10/d=0x0 a=-1}
W/Resources( 5674): Converting to string: TypedValue{t=0x10/d=0x0 a=-1}
D/CountryDetector( 4116): The first listener is added
D/MediaProvider( 5155): Adjusting external storage paths to: /storage/emulated/0
D/WVMDrmPlugIn( 3690): WVMDrmPlugin::onInitialize : 203
D/WVMDrmPlugIn( 3690): WVMDrmPlugin::onSetOnInfoListener : add 203
V/Mms     ( 5674): mnc/mcc: 
V/Mms     ( 5674): tag: int value: maxMessageSize - 1045876
V/Mms     ( 5674): tag: int value: maxImageHeight - 2592
V/Mms     ( 5674): tag: int value: maxImageWidth - 2592
V/Mms     ( 5674): tag: bool value: enableMultipartSMS - true
V/Mms     ( 5674): tag: bool value: enableSplitSMS - false
V/Mms     ( 5674): tag: string value: userAgent - SAMSUNG-SM-G900H-Mms
V/Mms     ( 5674): tag: string value: uaProfUrl - http://wap.samsungmobile.com/uaprof/SM-G900H.xml
E/SQLiteLog( 5155): (1) no such table: files
I/ContactPhotoManager( 5674): Cache adj: 1.0
E/ContactPhotoManager( 5674): No contact photo service in context: com.android.mms.MmsApp@3047b1d
D/WVMDrmPlugIn( 3690): WVMDrmPlugin::onInitialize : 7197
D/WVMDrmPlugIn( 3690): WVMDrmPlugin::onSetOnInfoListener : add 7197
D/WVMDrmPlugIn( 3690): WVMDrmPlugin::onTerminate : 7197
I/FFmpegExtractor( 3691): android-source:0xb0f9d060
I/FFMPEG  ( 3691): Input #0, ogg, from 'android-source:0xb0f9d060':
I/FFMPEG  ( 3691):   Duration: 00:00:02.11, start: 0.000000, bitrate: 61 kb/s
I/FFMPEG  ( 3691):     Stream #0:0: Audio: vorbis, 44100 Hz, mono, fltp, 54 kb/s
I/FFMPEG  ( 3691):     Metadata:
I/FFMPEG  ( 3691):       TITLE           : Piezo Alarm
D/FFmpegExtractor( 3691): FFmpegExtrator, url: android-source:0xb0f9d060, format_name: ogg, format_long_name: Ogg
I/FFmpegExtractor( 3691): adjust mime(application/ogg -> audio/vorbis)
D/FFmpegExtractor( 3691): suppoted codec(vorbis) by official Stagefright
D/FFmpegExtractor( 3691): ffmpeg detected media content as 'audio/vorbis' with confidence 0.08
D/WVMDrmPlugIn( 3690): WVMDrmPlugin::onInitialize : 7727
D/WVMDrmPlugIn( 3690): WVMDrmPlugin::onSetOnInfoListener : add 7727
D/WVMDrmPlugIn( 3690): WVMDrmPlugin::onTerminate : 7727
I/FFmpegExtractor( 3691): android-source:0xb239d0b0
I/FFMPEG  ( 3691): Input #0, ogg, from 'android-source:0xb239d0b0':
I/FFMPEG  ( 3691):   Duration: 00:00:00.25, start: 0.000000, bitrate: 188 kb/s
I/FFMPEG  ( 3691):     Stream #0:0: Audio: vorbis, 44100 Hz, mono, fltp, 86 kb/s
I/FFMPEG  ( 3691):     Metadata:
I/FFMPEG  ( 3691):       TITLE           : BeeBeep Alarm
D/FFmpegExtractor( 3691): FFmpegExtrator, url: android-source:0xb239d0b0, format_name: ogg, format_long_name: Ogg
I/FFmpegExtractor( 3691): adjust mime(application/ogg -> audio/vorbis)
D/FFmpegExtractor( 3691): suppoted codec(vorbis) by official Stagefright
D/FFmpegExtractor( 3691): ffmpeg detected media content as 'audio/vorbis' with confidence 0.08
E/cutils  ( 5708): Failed to mkdir(/mnt/shell/emulated/0): Read-only file system
W/Zygote  ( 5708): Failed to mount emulated storage: 30
I/ActivityManager( 4116): Start proc com.android.onetimeinitializer for broadcast com.android.onetimeinitializer/.OneTimeInitializerReceiver: pid=5708 uid=10013 gids={50013, 9997} abi=armeabi-v7a
D/MmsSmsDatabaseHelper( 4983): [MmsSmsDb] tableName: threads hasAutoIncrement: CREATE TABLE threads (_id INTEGER PRIMARY KEY AUTOINCREMENT,date INTEGER DEFAULT 0,message_count INTEGER DEFAULT 0,recipient_ids TEXT,snippet TEXT,snippet_cs INTEGER DEFAULT 0,read INTEGER DEFAULT 1,archived INTEGER DEFAULT 0,type INTEGER DEFAULT 0,error INTEGER DEFAULT 0,has_attachment INTEGER DEFAULT 0) result: true
D/MmsSmsDatabaseHelper( 4983): [MmsSmsDb] tableName: canonical_addresses hasAutoIncrement: CREATE TABLE canonical_addresses (_id INTEGER PRIMARY KEY AUTOINCREMENT,address TEXT) result: true
D/MmsSmsDatabaseHelper( 4983): [MmsSmsDb] tableName: part hasAutoIncrement: CREATE TABLE part (_id INTEGER PRIMARY KEY AUTOINCREMENT,mid INTEGER,seq INTEGER DEFAULT 0,ct TEXT,name TEXT,chset INTEGER,cd TEXT,fn TEXT,cid TEXT,cl TEXT,ctt_s INTEGER,ctt_t TEXT,_data TEXT,text TEXT) result: true
D/MmsSmsDatabaseHelper( 4983): [MmsSmsDb] tableName: pdu hasAutoIncrement: CREATE TABLE pdu (_id INTEGER PRIMARY KEY AUTOINCREMENT,thread_id INTEGER,date INTEGER,date_sent INTEGER DEFAULT 0,msg_box INTEGER,read INTEGER DEFAULT 0,m_id TEXT,sub TEXT,sub_cs INTEGER,ct_t TEXT,ct_l TEXT,exp INTEGER,m_cls TEXT,m_type INTEGER,v INTEGER,m_size INTEGER,pri INTEGER,rr INTEGER,rpt_a INTEGER,resp_st INTEGER,st INTEGER,tr_id TEXT,retr_st INTEGER,retr_txt TEXT,retr_txt_cs INTEGER,read_status INTEGER,ct_cls INTEGER,resp_txt TEXT,d_tm INTEGER,d_rpt INTEGER,locked INTEGER DEFAULT 0,phone_id INTEGER DEFAULT -1, seen INTEGER DEFAULT 0,creator TEXT,text_only INTEGER DEFAULT 0) result: true
D/MmsSmsDatabaseHelper( 4983): [getWritableDatabase] hasAutoIncrementThreads: true hasAutoIncrementAddresses: true hasAutoIncrementPart: true hasAutoIncrementPdu: true
D/WVMDrmPlugIn( 3690): WVMDrmPlugin::onInitialize : 311
D/WVMDrmPlugIn( 3690): WVMDrmPlugin::onSetOnInfoListener : add 311
D/Mms     ( 5674): cancelNotification
D/Mms     ( 5674): Cursor= >>>>> Dumping cursor android.content.ContentResolver$CursorWrapperInner@2da0ffdb
D/Mms     ( 5674): <<<<<
D/WVMDrmPlugIn( 3690): WVMDrmPlugin::onInitialize : 7679
D/WVMDrmPlugIn( 3690): WVMDrmPlugin::onSetOnInfoListener : add 7679
D/WVMDrmPlugIn( 3690): WVMDrmPlugin::onTerminate : 7679
I/FFmpegExtractor( 3691): android-source:0xb420d150
I/FFMPEG  ( 3691): Input #0, ogg, from 'android-source:0xb420d150':
I/FFMPEG  ( 3691):   Duration: 00:00:02.37, start: 0.000000, bitrate: 71 kb/s
I/FFMPEG  ( 3691):     Stream #0:0: Audio: vorbis, 44100 Hz, mono, fltp, 70 kb/s
I/FFMPEG  ( 3691):     Metadata:
I/FFMPEG  ( 3691):       TITLE           : Beep-Beep-Beep Alarm
D/FFmpegExtractor( 3691): FFmpegExtrator, url: android-source:0xb420d150, format_name: ogg, format_long_name: Ogg
I/FFmpegExtractor( 3691): adjust mime(application/ogg -> audio/vorbis)
D/FFmpegExtractor( 3691): suppoted codec(vorbis) by official Stagefright
D/FFmpegExtractor( 3691): ffmpeg detected media content as 'audio/vorbis' with confidence 0.08
D/Mms     ( 5674): Cursor= >>>>> Dumping cursor android.content.ContentResolver$CursorWrapperInner@364c551
D/Mms     ( 5674): <<<<<
D/Mms     ( 5674): cancelNotification
V/OneTimeInitializerRece( 5708): OneTimeInitializerReceiver.onReceive
D/CMStats ( 5100): Set alarm for first sync.
D/CMStats ( 5100): Next sync attempt in : 23 hours
I/OneTimeInitializerServ( 5708): Updating to version 1.
E/ActivityThread( 5708): Failed to find provider info for com.android.launcher2.settings
D/WVMDrmPlugIn( 3690): WVMDrmPlugin::onInitialize : 7593
D/WVMDrmPlugIn( 3690): WVMDrmPlugin::onSetOnInfoListener : add 7593
D/WVMDrmPlugIn( 3690): WVMDrmPlugin::onTerminate : 7593
I/FFmpegExtractor( 3691): android-source:0xb420d2e0
I/FFMPEG  ( 3691): Input #0, ogg, from 'android-source:0xb420d2e0':
I/FFMPEG  ( 3691):   Duration: 00:00:01.10, start: 0.000000, bitrate: 82 kb/s
I/FFMPEG  ( 3691):     Stream #0:0: Audio: vorbis, 44100 Hz, mono, fltp, 54 kb/s
I/FFMPEG  ( 3691):     Metadata:
I/FFMPEG  ( 3691):       TITLE           : Buzzer Alarm
D/FFmpegExtractor( 3691): FFmpegExtrator, url: android-source:0xb420d2e0, format_name: ogg, format_long_name: Ogg
I/FFmpegExtractor( 3691): adjust mime(application/ogg -> audio/vorbis)
D/FFmpegExtractor( 3691): suppoted codec(vorbis) by official Stagefright
D/FFmpegExtractor( 3691): ffmpeg detected media content as 'audio/vorbis' with confidence 0.08
D/AlertReceiver( 5535): onReceive: a=android.intent.action.BOOT_COMPLETED Intent { act=android.intent.action.BOOT_COMPLETED flg=0x8000010 cmp=com.android.calendar/.alerts.AlertReceiver (has extras) }
D/AlertUtils( 5535): Flushing old alerts from shared prefs table
D/WVMDrmPlugIn( 3690): WVMDrmPlugin::onInitialize : 5243
D/WVMDrmPlugIn( 3690): WVMDrmPlugin::onSetOnInfoListener : add 5243
D/WVMDrmPlugIn( 3690): WVMDrmPlugin::onTerminate : 5243
I/FFmpegExtractor( 3691): android-source:0xb420d380
I/FFMPEG  ( 3691): Input #0, ogg, from 'android-source:0xb420d380':
I/FFMPEG  ( 3691):   Duration: 00:00:01.67, start: 0.000000, bitrate: 53 kb/s
I/FFMPEG  ( 3691):     Stream #0:0: Audio: vorbis, 44100 Hz, mono, fltp, 40 kb/s
I/FFMPEG  ( 3691):     Metadata:
I/FFMPEG  ( 3691):       TITLE           : Rooster Alarm
D/FFmpegExtractor( 3691): FFmpegExtrator, url: android-source:0xb420d380, format_name: ogg, format_long_name: Ogg
I/FFmpegExtractor( 3691): adjust mime(application/ogg -> audio/vorbis)
D/FFmpegExtractor( 3691): suppoted codec(vorbis) by official Stagefright
D/FFmpegExtractor( 3691): ffmpeg detected media content as 'audio/vorbis' with confidence 0.08
E/cutils  ( 5743): Failed to mkdir(/mnt/shell/emulated/0): Read-only file system
W/Zygote  ( 5743): Failed to mount emulated storage: 30
I/ActivityManager( 4116): Start proc com.android.camera2 for broadcast com.android.camera2/com.android.camera.DisableCameraReceiver: pid=5743 uid=10027 gids={50027, 9997, 3003, 1028, 1015} abi=armeabi-v7a
D/AlertService( 5535): 0 Action = android.intent.action.BOOT_COMPLETED
D/AlertService( 5535): Scheduling next alarm with AlarmScheduler. sEventReminderReceived: null
D/AlarmScheduler( 5535): No events found starting within 1 week.
D/WVMDrmPlugIn( 3690): WVMDrmPlugin::onInitialize : 5387
D/WVMDrmPlugIn( 3690): WVMDrmPlugin::onSetOnInfoListener : add 5387
D/WVMDrmPlugIn( 3690): WVMDrmPlugin::onTerminate : 5387
I/FFmpegExtractor( 3691): android-source:0xb420d4c0
I/FFMPEG  ( 3691): Input #0, ogg, from 'android-source:0xb420d4c0':
I/FFMPEG  ( 3691):   Duration: 00:00:07.00, start: 0.000000, bitrate: 133 kb/s
I/FFMPEG  ( 3691):     Stream #0:0: Audio: vorbis, 48000 Hz, mono, fltp, 128 kb/s
I/FFMPEG  ( 3691):     Metadata:
I/FFMPEG  ( 3691):       ANDROID_LOOP    : true
I/FFMPEG  ( 3691):       TITLE           : Argon
D/FFmpegExtractor( 3691): FFmpegExtrator, url: android-source:0xb420d4c0, format_name: ogg, format_long_name: Ogg
I/FFmpegExtractor( 3691): adjust mime(application/ogg -> audio/vorbis)
D/FFmpegExtractor( 3691): suppoted codec(vorbis) by official Stagefright
D/FFmpegExtractor( 3691): ffmpeg detected media content as 'audio/vorbis' with confidence 0.08
D/WVMDrmPlugIn( 3690): WVMDrmPlugin::onInitialize : 4822
D/WVMDrmPlugIn( 3690): WVMDrmPlugin::onSetOnInfoListener : add 4822
D/WVMDrmPlugIn( 3690): WVMDrmPlugin::onTerminate : 4822
I/FFmpegExtractor( 3691): android-source:0xb420d6a0
I/FFMPEG  ( 3691): Input #0, ogg, from 'android-source:0xb420d6a0':
I/FFMPEG  ( 3691):   Duration: 00:00:01.95, start: 0.000000, bitrate: 211 kb/s
I/FFMPEG  ( 3691):     Stream #0:0: Audio: vorbis, 44100 Hz, stereo, fltp, 256 kb/s
I/FFMPEG  ( 3691):     Metadata:
I/FFMPEG  ( 3691):       ANDROID_LOOP    : true
I/FFMPEG  ( 3691):       TITLE           : Barium
D/FFmpegExtractor( 3691): FFmpegExtrator, url: android-source:0xb420d6a0, format_name: ogg, format_long_name: Ogg
I/FFmpegExtractor( 3691): adjust mime(application/ogg -> audio/vorbis)
D/FFmpegExtractor( 3691): suppoted codec(vorbis) by official Stagefright
D/FFmpegExtractor( 3691): ffmpeg detected media content as 'audio/vorbis' with confidence 0.08
E/cutils  ( 3673): Failed to mkdirat(/mnt/shell/emulated/0): Read-only file system
W/Vold    ( 3673): Returning OperationFailed - no handler for errno 30
W/ContextImpl( 5743): Failed to ensure directory: /storage/emulated/0/Android/data/com.android.camera2/cache
E/Vold    ( 3673): Failed to find mounted volume for /storage/extSdCard/Android/data/com.android.camera2/cache/
W/Vold    ( 3673): Returning OperationFailed - no handler for errno 0
W/ContextImpl( 5743): Failed to ensure directory: /storage/extSdCard/Android/data/com.android.camera2/cache
E/cutils  ( 3673): Failed to mkdirat(/mnt/shell/emulated/0): Read-only file system
W/Vold    ( 3673): Returning OperationFailed - no handler for errno 30
W/ContextImpl( 5743): Failed to ensure directory: /storage/emulated/0/Android/data/com.android.camera2/files
E/Vold    ( 3673): Failed to find mounted volume for /storage/extSdCard/Android/data/com.android.camera2/files/
W/Vold    ( 3673): Returning OperationFailed - no handler for errno 0
W/ContextImpl( 5743): Failed to ensure directory: /storage/extSdCard/Android/data/com.android.camera2/files
I/CAM_DisableCamRcver( 5743): number of camera: 0
I/CAM_DisableCamRcver( 5743): disable all camera activities
D/WVMDrmPlugIn( 3690): WVMDrmPlugin::onInitialize : 7827
D/WVMDrmPlugIn( 3690): WVMDrmPlugin::onSetOnInfoListener : add 7827
D/WVMDrmPlugIn( 3690): WVMDrmPlugin::onTerminate : 7827
I/FFmpegExtractor( 3691): android-source:0xb420d6a0
I/FFMPEG  ( 3691): Input #0, ogg, from 'android-source:0xb420d6a0':
I/FFMPEG  ( 3691):   Duration: 00:00:05.95, start: 0.000000, bitrate: 131 kb/s
I/FFMPEG  ( 3691):     Stream #0:0: Audio: vorbis, 48000 Hz, mono, fltp, 128 kb/s
I/FFMPEG  ( 3691):     Metadata:
I/FFMPEG  ( 3691):       ANDROID_LOOP    : true
I/FFMPEG  ( 3691):       TITLE           : Carbon
D/FFmpegExtractor( 3691): FFmpegExtrator, url: android-source:0xb420d6a0, format_name: ogg, format_long_name: Ogg
I/FFmpegExtractor( 3691): adjust mime(application/ogg -> audio/vorbis)
D/FFmpegExtractor( 3691): suppoted codec(vorbis) by official Stagefright
D/FFmpegExtractor( 3691): ffmpeg detected media content as 'audio/vorbis' with confidence 0.08
D/EmailBroadcastReceiver( 4938): Received android.intent.action.BOOT_COMPLETED
D/WVMDrmPlugIn( 3690): WVMDrmPlugin::onInitialize : 7621
D/WVMDrmPlugIn( 3690): WVMDrmPlugin::onSetOnInfoListener : add 7621
D/WVMDrmPlugIn( 3690): WVMDrmPlugin::onTerminate : 7621
I/FFmpegExtractor( 3691): android-source:0xb239d1a0
I/FFMPEG  ( 3691): Input #0, ogg, from 'android-source:0xb239d1a0':
I/FFMPEG  ( 3691):   Duration: 00:00:01.85, start: 0.000000, bitrate: 447 kb/s
I/FFMPEG  ( 3691):     Stream #0:0: Audio: vorbis, 44100 Hz, stereo, fltp, 450 kb/s
I/FFMPEG  ( 3691):     Metadata:
I/FFMPEG  ( 3691):       ENCODER         : FL Studio
D/FFmpegExtractor( 3691): FFmpegExtrator, url: android-source:0xb239d1a0, format_name: ogg, format_long_name: Ogg
I/FFmpegExtractor( 3691): adjust mime(application/ogg -> audio/vorbis)
D/FFmpegExtractor( 3691): suppoted codec(vorbis) by official Stagefright
D/FFmpegExtractor( 3691): ffmpeg detected media content as 'audio/vorbis' with confidence 0.08
E/cutils  ( 5768): Failed to mkdir(/mnt/shell/emulated/0): Read-only file system
W/Zygote  ( 5768): Failed to mount emulated storage: 30
D/bt_vendor( 5364): op for 7
I/ActivityManager( 4116): Start proc com.android.gallery3d for broadcast com.android.gallery3d/com.android.camera.DisableCameraReceiver: pid=5768 uid=10036 gids={50036, 9997, 3003, 1028, 1015, 1023, 3002} abi=armeabi-v7a
I/Email   ( 4938): Onetime initialization: 1
I/Email   ( 4938): Onetime initialization: 2
I/Email   ( 4938): Onetime initialization: completed.
E/ActivityThread( 4938): Service com.android.email.service.EmailBroadcastProcessorService has leaked ServiceConnection com.android.emailcommon.service.ServiceProxy$ProxyConnection@22cd8f53 that was originally bound here
E/ActivityThread( 4938): android.app.ServiceConnectionLeaked: Service com.android.email.service.EmailBroadcastProcessorService has leaked ServiceConnection com.android.emailcommon.service.ServiceProxy$ProxyConnection@22cd8f53 that was originally bound here
E/ActivityThread( 4938): 	at android.app.LoadedApk$ServiceDispatcher.<init>(LoadedApk.java:1073)
E/ActivityThread( 4938): 	at android.app.LoadedApk.getServiceDispatcher(LoadedApk.java:967)
E/ActivityThread( 4938): 	at android.app.ContextImpl.bindServiceCommon(ContextImpl.java:1808)
E/ActivityThread( 4938): 	at android.app.ContextImpl.bindService(ContextImpl.java:1791)
E/ActivityThread( 4938): 	at android.content.ContextWrapper.bindService(ContextWrapper.java:544)
E/ActivityThread( 4938): 	at com.android.emailcommon.service.ServiceProxy.setTask(ServiceProxy.java:184)
E/ActivityThread( 4938): 	at com.android.emailcommon.service.ServiceProxy.test(ServiceProxy.java:229)
E/ActivityThread( 4938): 	at com.android.email.service.EmailServiceUtils.isServiceAvailable(EmailServiceUtils.java:160)
E/ActivityThread( 4938): 	at com.android.email.provider.AccountReconciler.reconcileAccountsInternal(AccountReconciler.java:164)
E/ActivityThread( 4938): 	at com.android.email.provider.AccountReconciler.reconcileAccounts(AccountReconciler.java:113)
E/ActivityThread( 4938): 	at com.android.email.service.EmailBroadcastProcessorService.reconcileAndStartServices(EmailBroadcastProcessorService.java:305)
E/ActivityThread( 4938): 	at com.android.email.service.EmailBroadcastProcessorService.onBootCompleted(EmailBroadcastProcessorService.java:295)
E/ActivityThread( 4938): 	at com.android.email.service.EmailBroadcastProcessorService.onHandleIntent(EmailBroadcastProcessorService.java:130)
E/ActivityThread( 4938): 	at android.app.IntentService$ServiceHandler.handleMessage(IntentService.java:65)
E/ActivityThread( 4938): 	at android.os.Handler.dispatchMessage(Handler.java:102)
E/ActivityThread( 4938): 	at android.os.Looper.loop(Looper.java:135)
E/ActivityThread( 4938): 	at android.os.HandlerThread.run(HandlerThread.java:61)
D/WVMDrmPlugIn( 3690): WVMDrmPlugin::onInitialize : 4986
D/WVMDrmPlugIn( 3690): WVMDrmPlugin::onSetOnInfoListener : add 4986
D/WVMDrmPlugIn( 3690): WVMDrmPlugin::onTerminate : 4986
I/FFmpegExtractor( 3691): android-source:0xb420d650
I/FFMPEG  ( 3691): Input #0, ogg, from 'android-source:0xb420d650':
I/FFMPEG  ( 3691):   Duration: 00:00:07.00, start: 0.000000, bitrate: 133 kb/s
I/FFMPEG  ( 3691):     Stream #0:0: Audio: vorbis, 48000 Hz, mono, fltp, 128 kb/s
I/FFMPEG  ( 3691):     Metadata:
I/FFMPEG  ( 3691):       ANDROID_LOOP    : true
I/FFMPEG  ( 3691):       TITLE           : Fermium
D/FFmpegExtractor( 3691): FFmpegExtrator, url: android-source:0xb420d650, format_name: ogg, format_long_name: Ogg
I/FFmpegExtractor( 3691): adjust mime(application/ogg -> audio/vorbis)
D/FFmpegExtractor( 3691): suppoted codec(vorbis) by official Stagefright
D/FFmpegExtractor( 3691): ffmpeg detected media content as 'audio/vorbis' with confidence 0.08
I/art     ( 4116): Explicit concurrent mark sweep GC freed 28014(2MB) AllocSpace objects, 32(1344KB) LOS objects, 33% free, 22MB/33MB, paused 2.605ms total 62.140ms
D/WVMDrmPlugIn( 3690): WVMDrmPlugin::onInitialize : 6629
D/WVMDrmPlugIn( 3690): WVMDrmPlugin::onSetOnInfoListener : add 6629
D/WVMDrmPlugIn( 3690): WVMDrmPlugin::onTerminate : 6629
I/FFmpegExtractor( 3691): android-source:0xb420d470
D/HeadsetStateMachine( 5364): Disconnected process message: 10, size: 0
I/FFMPEG  ( 3691): Input #0, ogg, from 'android-source:0xb420d470':
I/FFMPEG  ( 3691):   Duration: 00:00:08.83, start: 0.000000, bitrate: 133 kb/s
I/FFMPEG  ( 3691):     Stream #0:0: Audio: vorbis, 48000 Hz, mono, fltp, 128 kb/s
I/FFMPEG  ( 3691):     Metadata:
I/FFMPEG  ( 3691):       ANDROID_LOOP    : true
I/FFMPEG  ( 3691):       TITLE           : Helium
D/FFmpegExtractor( 3691): FFmpegExtrator, url: android-source:0xb420d470, format_name: ogg, format_long_name: Ogg
I/FFmpegExtractor( 3691): adjust mime(application/ogg -> audio/vorbis)
D/FFmpegExtractor( 3691): suppoted codec(vorbis) by official Stagefright
D/FFmpegExtractor( 3691): ffmpeg detected media content as 'audio/vorbis' with confidence 0.08
I/Exchange( 4916): PSS has no active accounts; stopping service.
I/ActivityManager( 4116): Killing 4812:com.cyanogenmod.lockclock/u0a42 (adj 15): empty #17
I/CalendarProvider2( 5623): Sending notification intent: Intent { act=android.intent.action.PROVIDER_CHANGED dat=content://com.android.calendar }
W/ContentResolver( 5623): Failed to get type for: content://com.android.calendar (Unknown URL content://com.android.calendar)
D/WVMDrmPlugIn( 3690): WVMDrmPlugin::onInitialize : 5957
D/WVMDrmPlugIn( 3690): WVMDrmPlugin::onSetOnInfoListener : add 5957
D/WVMDrmPlugIn( 3690): WVMDrmPlugin::onTerminate : 5957
I/FFmpegExtractor( 3691): android-source:0xb239d150
I/FFMPEG  ( 3691): Input #0, ogg, from 'android-source:0xb239d150':
I/FFMPEG  ( 3691):   Duration: 00:00:02.11, start: 0.000000, bitrate: 61 kb/s
I/FFMPEG  ( 3691):     Stream #0:0: Audio: vorbis, 44100 Hz, mono, fltp, 54 kb/s
I/FFMPEG  ( 3691):     Metadata:
I/FFMPEG  ( 3691):       TITLE           : Piezo Alarm
D/FFmpegExtractor( 3691): FFmpegExtrator, url: android-source:0xb239d150, format_name: ogg, format_long_name: Ogg
I/FFmpegExtractor( 3691): adjust mime(application/ogg -> audio/vorbis)
D/FFmpegExtractor( 3691): suppoted codec(vorbis) by official Stagefright
D/FFmpegExtractor( 3691): ffmpeg detected media content as 'audio/vorbis' with confidence 0.08
E/MetadataRetrieverClient( 3691): failed to extract an album art
W/libprocessgroup( 4116): failed to open /acct/uid_10042/pid_4812/cgroup.procs: No such file or directory
I/ActivityManager( 4116): Killing 5007:org.cyanogenmod.themes.provider/u0a17 (adj 15): empty #17
I/G:DisableCameraReceiver( 5768): no back camera
I/G:DisableCameraReceiver( 5768): disable all camera activities
W/BackupManagerService( 4116): dataChanged but no participant pkg='com.android.providers.settings' uid=10009
E/lowmemorykiller( 3671): Error opening /proc/5007/oom_score_adj; errno=2
W/libprocessgroup( 4116): failed to open /acct/uid_10017/pid_5007/cgroup.procs: No such file or directory
D/WVMDrmPlugIn( 3690): WVMDrmPlugin::onInitialize : 4776
D/WVMDrmPlugIn( 3690): WVMDrmPlugin::onSetOnInfoListener : add 4776
D/WVMDrmPlugIn( 3690): WVMDrmPlugin::onTerminate : 4776
I/FFmpegExtractor( 3691): android-source:0xb239d150
W/BackupManagerService( 4116): dataChanged but no participant pkg='com.android.providers.settings' uid=10036
I/FFMPEG  ( 3691): Input #0, ogg, from 'android-source:0xb239d150':
I/FFMPEG  ( 3691):   Duration: 00:00:04.96, start: 0.000000, bitrate: 166 kb/s
I/FFMPEG  ( 3691):     Stream #0:0: Audio: vorbis, 44100 Hz, stereo, fltp, 256 kb/s
I/FFMPEG  ( 3691):     Metadata:
I/FFMPEG  ( 3691):       ANDROID_LOOP    : true
I/FFMPEG  ( 3691):       TITLE           : Krypton
D/FFmpegExtractor( 3691): FFmpegExtrator, url: android-source:0xb239d150, format_name: ogg, format_long_name: Ogg
I/FFmpegExtractor( 3691): adjust mime(application/ogg -> audio/vorbis)
D/FFmpegExtractor( 3691): suppoted codec(vorbis) by official Stagefright
D/FFmpegExtractor( 3691): ffmpeg detected media content as 'audio/vorbis' with confidence 0.08
W/BackupManagerService( 4116): dataChanged but no participant pkg='com.android.providers.settings' uid=10036
W/BackupManagerService( 4116): dataChanged but no participant pkg='com.android.providers.settings' uid=10036
I/ActivityManager( 4116): Killing 5249:com.cyanogenmod.eleven/u0a32 (adj 15): empty #17
D/WVMDrmPlugIn( 3690): WVMDrmPlugin::onInitialize : 5446
D/WVMDrmPlugIn( 3690): WVMDrmPlugin::onSetOnInfoListener : add 5446
D/WVMDrmPlugIn( 3690): WVMDrmPlugin::onTerminate : 5446
I/FFmpegExtractor( 3691): android-source:0xb0f9d060
I/FFMPEG  ( 3691): Input #0, ogg, from 'android-source:0xb0f9d060':
I/FFMPEG  ( 3691):   Duration: 00:00:20.40, start: 0.000000, bitrate: 69 kb/s
I/FFMPEG  ( 3691):     Stream #0:0: Audio: vorbis, 44100 Hz, stereo, fltp, 112 kb/s
I/FFMPEG  ( 3691):     Metadata:
I/FFMPEG  ( 3691):       ANDROID_LOOP    : true
I/FFMPEG  ( 3691):       TITLE           : Neon
D/FFmpegExtractor( 3691): FFmpegExtrator, url: android-source:0xb0f9d060, format_name: ogg, format_long_name: Ogg
I/FFmpegExtractor( 3691): adjust mime(application/ogg -> audio/vorbis)
D/FFmpegExtractor( 3691): suppoted codec(vorbis) by official Stagefright
D/FFmpegExtractor( 3691): ffmpeg detected media content as 'audio/vorbis' with confidence 0.08
W/libprocessgroup( 4116): failed to open /acct/uid_10032/pid_5249/cgroup.procs: No such file or directory
I/SystemBroadcastReceiver( 4730): Boot has been completed
I/LauncherIconVisibilityManager( 4730): Disable activity: ComponentInfo{com.android.inputmethod.latin/com.android.inputmethod.latin.setup.SetupActivity}
D/WVMDrmPlugIn( 3690): WVMDrmPlugin::onInitialize : 4834
D/WVMDrmPlugIn( 3690): WVMDrmPlugin::onSetOnInfoListener : add 4834
D/WVMDrmPlugIn( 3690): WVMDrmPlugin::onTerminate : 4834
I/FFmpegExtractor( 3691): android-source:0xb0f9d2e0
I/FFMPEG  ( 3691): Input #0, ogg, from 'android-source:0xb0f9d2e0':
I/FFMPEG  ( 3691):   Duration: 00:00:20.40, start: 0.000000, bitrate: 69 kb/s
I/FFMPEG  ( 3691):     Stream #0:0: Audio: vorbis, 44100 Hz, stereo, fltp, 112 kb/s
I/FFMPEG  ( 3691):     Metadata:
I/FFMPEG  ( 3691):       ANDROID_LOOP    : true
I/FFMPEG  ( 3691):       TITLE           : Nobelium
D/FFmpegExtractor( 3691): FFmpegExtrator, url: android-source:0xb0f9d2e0, format_name: ogg, format_long_name: Ogg
I/FFmpegExtractor( 3691): adjust mime(application/ogg -> audio/vorbis)
D/FFmpegExtractor( 3691): suppoted codec(vorbis) by official Stagefright
D/FFmpegExtractor( 3691): ffmpeg detected media content as 'audio/vorbis' with confidence 0.08
E/cutils  ( 5803): Failed to mkdir(/mnt/shell/emulated/0): Read-only file system
W/Zygote  ( 5803): Failed to mount emulated storage: 30
I/ActivityManager( 4116): Start proc com.cyanogenmod.lockclock for broadcast com.cyanogenmod.lockclock/.ClockWidgetProvider: pid=5803 uid=10042 gids={50042, 9997, 3003} abi=armeabi-v7a
D/WVMDrmPlugIn( 3690): WVMDrmPlugin::onInitialize : 4836
D/WVMDrmPlugIn( 3690): WVMDrmPlugin::onSetOnInfoListener : add 4836
D/WVMDrmPlugIn( 3690): WVMDrmPlugin::onTerminate : 4836
I/FFmpegExtractor( 3691): android-source:0xb0f9d560
I/FFMPEG  ( 3691): Input #0, ogg, from 'android-source:0xb0f9d560':
I/FFMPEG  ( 3691):   Duration: 00:00:01.50, start: 0.000000, bitrate: 348 kb/s
I/FFMPEG  ( 3691):     Stream #0:0: Audio: vorbis, 44100 Hz, stereo, fltp, 320 kb/s
I/FFMPEG  ( 3691):     Metadata:
I/FFMPEG  ( 3691):       ENCODER         : FL Studio
I/FFMPEG  ( 3691):       TITLE           : Nuclear Launch
D/FFmpegExtractor( 3691): FFmpegExtrator, url: android-source:0xb0f9d560, format_name: ogg, format_long_name: Ogg
I/FFmpegExtractor( 3691): adjust mime(application/ogg -> audio/vorbis)
D/FFmpegExtractor( 3691): suppoted codec(vorbis) by official Stagefright
D/FFmpegExtractor( 3691): ffmpeg detected media content as 'audio/vorbis' with confidence 0.08
W/BluetoothAdapterState( 5364): Timeout will setting scan mode..Continuing with disable...
D/BluetoothAdapterState( 5364): CURRENT_STATE=PENDING, MESSAGE = BEGIN_DISABLE, isTurningOn=false, isTurningOff=true
E/bt-btif ( 5364): cmd socket is not created
W/bt-l2cap( 5364): L2CAP - L2CA_Deregister() called for PSM: 0x000f
D/btif_config_util( 5364): btif_config_save_file(L188): in file name:/data/misc/bluedroid/bt_config.new
D/bt_vendor( 5364): op for 7
W/bt-btif ( 5364): bta_dm_disable BTA_DISABLE_DELAY set to 200 ms
D/bt-btif ( 5364): AG evt (hdl 0x0001): State 0, Event 0x0501
D/bt-btif ( 5364): btif_hf_upstreams_evt: event=BTA_AG_DISABLE_EVT
D/bt-btif ( 5364): L2CAP - L2CA_Deregister() called for PSM: 0x001
W/bt-l2cap( 5364): L2CAP - L2CA_Deregister() called for PSM: 0x0019
E/bt-btif ( 5364): L2CAP - L2CA_Deregister() called for PSM:
W/bt-l2cap( 5364): L2CAP - L2CA_Deregister() called for PSM: 0x0017
W/bt-l2cap( 5364): L2CAP - L2CA_Deregister() called for PSM: 0x0019
W/bt-l2cap( 5364): L2CAP - PSM: 0x0019 not found for deregistration
W/bt-l2cap( 5364): L2CAP - L2CA_Deregister() called for PSM: 0x0017
W/bt-l2cap( 5364): L2CAP - PSM: 0x0017 not found for deregistration
W/bt-l2cap( 5364): L2CAP - L2CA_Deregister() called for PSM: 0x0011
W/bt-l2cap( 5364): L2CAP - L2CA_Deregister() called for PSM: 0x0013
E/bt-btif ( 5364): bta_gattc_deregister Deregister Failedm unknown client cif
D/bt_vendor( 5364): op for 7
D/bt_upio ( 5364): BT_WAKE is asserted already
D/bt_vendor( 5364): op for 7
D/bt_upio ( 5364): BT_WAKE is asserted already
D/bt_vendor( 5364): op for 7
D/bt_upio ( 5364): BT_WAKE is asserted already
D/bt_vendor( 5364): op for 7
D/bt_upio ( 5364): BT_WAKE is asserted already
D/bt_vendor( 5364): op for 7
D/bt_upio ( 5364): BT_WAKE is asserted already
D/bt_vendor( 5364): op for 7
D/bt_upio ( 5364): BT_WAKE is asserted already
D/bt_vendor( 5364): op for 7
D/bt_upio ( 5364): BT_WAKE is asserted already
D/bt_vendor( 5364): op for 7
D/bt_upio ( 5364): BT_WAKE is asserted already
D/bt_vendor( 5364): op for 7
D/bt_upio ( 5364): BT_WAKE is asserted already
D/bt_vendor( 5364): op for 7
D/bt_upio ( 5364): BT_WAKE is asserted already
D/bt_vendor( 5364): op for 7
D/bt_upio ( 5364): BT_WAKE is asserted already
D/WeatherUpdateService( 5803): Service started, but shouldn't update ... stopping
I/ActivityManager( 4116): Killing 5387:com.android.keychain/1000 (adj 15): empty #17
D/WVMDrmPlugIn( 3690): WVMDrmPlugin::onInitialize : 4480
D/WVMDrmPlugIn( 3690): WVMDrmPlugin::onSetOnInfoListener : add 4480
D/WVMDrmPlugIn( 3690): WVMDrmPlugin::onTerminate : 4480
I/FFmpegExtractor( 3691): android-source:0xb420d6a0
I/FFMPEG  ( 3691): Input #0, ogg, from 'android-source:0xb420d6a0':
I/FFMPEG  ( 3691):   Duration: 00:00:02.45, start: 0.000000, bitrate: 138 kb/s
I/FFMPEG  ( 3691):     Stream #0:0: Audio: vorbis, 48000 Hz, mono, fltp, 128 kb/s
I/FFMPEG  ( 3691):     Metadata:
I/FFMPEG  ( 3691):       ANDROID_LOOP    : true
I/FFMPEG  ( 3691):       TITLE           : Osmium
D/FFmpegExtractor( 3691): FFmpegExtrator, url: android-source:0xb420d6a0, format_name: ogg, format_long_name: Ogg
I/FFmpegExtractor( 3691): adjust mime(application/ogg -> audio/vorbis)
D/FFmpegExtractor( 3691): suppoted codec(vorbis) by official Stagefright
D/FFmpegExtractor( 3691): ffmpeg detected media content as 'audio/vorbis' with confidence 0.08
W/bt-btif ( 5364): ag scb idx 1 not allocated
E/bt-btif ( 5364): BTA AG is already disabled, ignoring ...
D/bt_vendor( 5364): op for 6
D/bt_vendor( 5364): op for 7
D/bt_upio ( 5364): BT_WAKE is asserted already
D/bt_userial( 5364): RX termination
W/bt-l2cap( 5364): L2CAP - L2CA_Deregister() called for PSM: 0x0019
W/bt_userial( 5364): select_read return size <=0:-1, exiting userial_read_thread
D/bt_userial( 5364): Leaving userial_read_thread()
W/bt-l2cap( 5364): L2CAP - PSM: 0x0019 not found for deregistration
W/bt-l2cap( 5364): L2CAP - L2CA_Deregister() called for PSM: 0x0017
W/bt-l2cap( 5364): L2CAP - PSM: 0x0017 not found for deregistration
W/bt-l2cap( 5364): L2CAP - L2CA_Deregister() called for PSM: 0x0019
W/bt-l2cap( 5364): L2CAP - PSM: 0x0019 not found for deregistration
W/bt-l2cap( 5364): L2CAP - L2CA_Deregister() called for PSM: 0x0017
W/bt-l2cap( 5364): L2CAP - PSM: 0x0017 not found for deregistration
W/bt-l2cap( 5364): L2CAP - L2CA_Deregister() called for PSM: 0x0019
W/bt-l2cap( 5364): L2CAP - PSM: 0x0019 not found for deregistration
W/bt-l2cap( 5364): L2CAP - L2CA_Deregister() called for PSM: 0x0017
W/bt-l2cap( 5364): L2CAP - PSM: 0x0017 not found for deregistration
D/bt_userial( 5364): userial_close_reader Joined userial reader thread: 0
E/bt-btif ( 5364): bta_gattc_deregister Deregister Failedm unknown client cif
D/bt_vendor( 5364): op for 9
D/bt_hwcfg( 5364): hw_epilog_process
D/bt_vendor( 5364): op for 4
I/bt_userial_vendor( 5364): device fd = 56 close
D/bt_vendor( 5364): op for 0
D/bt_upio ( 5364): upio_set_bluetooth_power(on: 0)
D/bt_upio ( 5364): is_emulator_context : 0
D/bt_upio ( 5364): is_rfkill_disabled ? [0]
D/bt_vendor( 5364): cleanup
I/GKI_LINUX( 5364): gki_task task_id=0 [BTU] terminating
I/GKI_LINUX( 5364): GKI_exit_task 0 done
I/GKI_LINUX( 5364): GKI_shutdown(): task [BTU] terminated
D/BluetoothAdapterState( 5364): CURRENT_STATE=PENDING, MESSAGE = DISABLED, isTurningOn=false, isTurningOff=true
D/BluetoothAdapterService( 5364): mProfilesStarted : true supportedProfileServices.length : 8
D/WVMDrmPlugIn( 3690): WVMDrmPlugin::onInitialize : 5576
D/WVMDrmPlugIn( 3690): WVMDrmPlugin::onSetOnInfoListener : add 5576
D/WVMDrmPlugIn( 3690): WVMDrmPlugin::onTerminate : 5576
I/FFmpegExtractor( 3691): android-source:0xb420d7e0
I/FFMPEG  ( 3691): Input #0, ogg, from 'android-source:0xb420d7e0':
I/FFMPEG  ( 3691):   Duration: 00:00:02.07, start: 0.000000, bitrate: 104 kb/s
I/FFMPEG  ( 3691):     Stream #0:0: Audio: vorbis, 44100 Hz, stereo, fltp, 256 kb/s
I/FFMPEG  ( 3691):     Metadata:
I/FFMPEG  ( 3691):       ANDROID_LOOP    : true
I/FFMPEG  ( 3691):       TITLE           : Oxygen
D/FFmpegExtractor( 3691): FFmpegExtrator, url: android-source:0xb420d7e0, format_name: ogg, format_long_name: Ogg
I/FFmpegExtractor( 3691): adjust mime(application/ogg -> audio/vorbis)
D/FFmpegExtractor( 3691): suppoted codec(vorbis) by official Stagefright
D/FFmpegExtractor( 3691): ffmpeg detected media content as 'audio/vorbis' with confidence 0.08
E/ELEVEN  ( 5273): calling refresh!
W/libprocessgroup( 4116): failed to open /acct/uid_1000/pid_5387/cgroup.procs: No such file or directory
D/HeadsetService( 5364): Received stop request...Stopping profile...
E/cutils  ( 5830): Failed to mkdir(/mnt/shell/emulated/0): Read-only file system
W/Zygote  ( 5830): Failed to mount emulated storage: 30
D/WVMDrmPlugIn( 3690): WVMDrmPlugin::onInitialize : 8191
D/WVMDrmPlugIn( 3690): WVMDrmPlugin::onSetOnInfoListener : add 8191
I/ActivityManager( 4116): Start proc org.whispersystems.whisperpush for broadcast org.whispersystems.whisperpush/.service.DirectoryRefreshListener: pid=5830 uid=10056 gids={50056, 9997, 3003} abi=armeabi-v7a
D/BluetoothAdapterService( 5364): getAdapterService() - returning com.android.bluetooth.btservice.AdapterService@29f7c6a9
D/HeadsetStateMachine( 5364): Exit Disconnected: -1
D/BluetoothHeadset( 5075): Proxy object disconnected
D/BluetoothHeadset( 4116): Proxy object disconnected
D/AudioService( 4116): onServiceDisconnected: Bluetooth profile: 1
D/BluetoothHeadset( 5075): Proxy object disconnected
D/A2dpService( 5364): Received stop request...Stopping profile...
D/A2dpStateMachine( 5364): Exit Disconnected: -1
D/BluetoothAdapterService( 5364): getAdapterService() - returning com.android.bluetooth.btservice.AdapterService@29f7c6a9
D/BluetoothA2dp( 4116): Proxy object disconnected
D/AudioService( 4116): onServiceDisconnected: Bluetooth profile: 2
D/WVMDrmPlugIn( 3690): WVMDrmPlugin::onTerminate : 8191
I/art     ( 3699): Explicit concurrent mark sweep GC freed 706(30KB) AllocSpace objects, 0(0B) LOS objects, 39% free, 15MB/25MB, paused 280us total 14.662ms
W/BluetoothHeadsetServiceJni( 5364): Cleaning up Bluetooth Handsfree Interface...
W/BluetoothHeadsetServiceJni( 5364): Cleaning up Bluetooth Handsfree callback object
D/HidService( 5364): Received stop request...Stopping profile...
I/FFmpegExtractor( 3691): android-source:0xb420d8d0
D/BluetoothAdapterService( 5364): getAdapterService() - returning com.android.bluetooth.btservice.AdapterService@29f7c6a9
D/BluetoothInputDevice( 5100): Proxy object disconnected
D/HidProfile( 5100): Bluetooth service disconnected
I/GKI_LINUX( 5364): gki_task task_id=2 [A2DP-MEDIA] terminating
I/GKI_LINUX( 5364): GKI_exit_task 2 done
I/GKI_LINUX( 5364): GKI_shutdown(): task [A2DP-MEDIA] terminated
D/BluetoothHeadset( 4983): Proxy object disconnected
D/HealthService( 5364): Received stop request...Stopping profile...
D/BluetoothAdapterService( 5364): getAdapterService() - returning com.android.bluetooth.btservice.AdapterService@29f7c6a9
W/BluetoothHidServiceJni( 5364): Cleaning up Bluetooth HID Interface...
W/BluetoothHidServiceJni( 5364): Cleaning up Bluetooth GID callback object
D/BluetoothAdapterState( 5364): Stopping profile services that were post enabled
I/FFMPEG  ( 3691): Input #0, ogg, from 'android-source:0xb420d8d0':
I/FFMPEG  ( 3691):   Duration: 00:00:06.71, start: 0.000000, bitrate: 134 kb/s
I/FFMPEG  ( 3691):     Stream #0:0: Audio: vorbis, 48000 Hz, mono, fltp, 128 kb/s
I/FFMPEG  ( 3691):     Metadata:
I/FFMPEG  ( 3691):       ANDROID_LOOP    : true
I/FFMPEG  ( 3691):       TITLE           : Platinum
D/FFmpegExtractor( 3691): FFmpegExtrator, url: android-source:0xb420d8d0, format_name: ogg, format_long_name: Ogg
I/FFmpegExtractor( 3691): adjust mime(application/ogg -> audio/vorbis)
D/FFmpegExtractor( 3691): suppoted codec(vorbis) by official Stagefright
D/FFmpegExtractor( 3691): ffmpeg detected media content as 'audio/vorbis' with confidence 0.08
D/PanService( 5364): Received stop request...Stopping profile...
D/BluetoothAdapterService( 5364): getAdapterService() - returning com.android.bluetooth.btservice.AdapterService@29f7c6a9
D/BluetoothPan( 5100): BluetoothPAN Proxy object disconnected
D/PanProfile( 5100): Bluetooth service disconnected
D/BtGatt.DebugUtils( 5364): handleDebugAction() action=null
D/BtGatt.GattService( 5364): Received stop request...Stopping profile...
I/art     ( 3699): Explicit concurrent mark sweep GC freed 5(160B) AllocSpace objects, 0(0B) LOS objects, 39% free, 15MB/25MB, paused 254us total 12.646ms
D/BtGatt.GattService( 5364): stop()
D/BtGatt.AdvertiseManager( 5364): advertise clients cleared
D/BluetoothAdapterService( 5364): getAdapterService() - returning com.android.bluetooth.btservice.AdapterService@29f7c6a9
D/BluetoothMapService( 5364): Received stop request...Stopping profile...
D/BluetoothMapService( 5364): stop()
D/BluetoothMapService( 5364): MAP Service closeService in
D/BluetoothMapService( 5364): MAP Service closeService in
D/BluetoothMapService( 5364): Unregistering Email account observer
D/BluetoothAdapterService( 5364): getAdapterService() - returning com.android.bluetooth.btservice.AdapterService@29f7c6a9
D/BluetoothMap( 5100): Proxy object disconnected
W/BluetoothHealthServiceJni( 5364): Cleaning up Bluetooth Health Interface...
D/MapProfile( 5100): Bluetooth service disconnected
W/BluetoothHealthServiceJni( 5364): Cleaning up Bluetooth Health object
W/BluetoothPanServiceJni( 5364): Cleaning up Bluetooth PAN Interface...
W/BluetoothPanServiceJni( 5364): Cleaning up Bluetooth PAN callback object
D/BtGatt.GattService( 5364): cleanup()
W/bt-btif ( 5364): GATTC Module not enabled/already disabled
W/bt-btif ( 5364): GATTS Module not enabled/already disabled
D/BtGatt.AdvertiseManager( 5364): advertise clients cleared
D/BluetoothAdapterState( 5364): CURRENT_STATE=PENDING, MESSAGE = STOPPED, isTurningOn=false, isTurningOff=true
D/BluetoothMapService( 5364): cleanup()
D/BluetoothMapService( 5364): MAP Service closeService in
D/BluetoothAdapterProperties( 5364): Setting state to 10
D/BluetoothMapService( 5364): MAP Service closeService in
I/BluetoothAdapterState( 5364): Bluetooth adapter state changed: 13-> 10
I/BluetoothAdapterState( 5364): Entering OffState
I/art     ( 3699): Explicit concurrent mark sweep GC freed 5(160B) AllocSpace objects, 0(0B) LOS objects, 39% free, 15MB/25MB, paused 243us total 12.566ms
D/WVMDrmPlugIn( 3690): WVMDrmPlugin::onInitialize : 4738
D/WVMDrmPlugIn( 3690): WVMDrmPlugin::onSetOnInfoListener : add 4738
D/WVMDrmPlugIn( 3690): WVMDrmPlugin::onTerminate : 4738
I/FFmpegExtractor( 3691): android-source:0xb420da10
I/ActivityManager( 4116): Killing 5412:com.android.deskclock/u0a30 (adj 15): empty #17
I/FFMPEG  ( 3691): Input #0, ogg, from 'android-source:0xb420da10':
I/FFMPEG  ( 3691):   Duration: 00:00:03.94, start: 0.000000, bitrate: 97 kb/s
I/FFMPEG  ( 3691):     Stream #0:0: Audio: vorbis, 44100 Hz, stereo, fltp, 256 kb/s
I/FFMPEG  ( 3691):     Metadata:
I/FFMPEG  ( 3691):       ANDROID_LOOP    : true
I/FFMPEG  ( 3691):       TITLE           : Scandium
D/FFmpegExtractor( 3691): FFmpegExtrator, url: android-source:0xb420da10, format_name: ogg, format_long_name: Ogg
I/FFmpegExtractor( 3691): adjust mime(application/ogg -> audio/vorbis)
D/FFmpegExtractor( 3691): suppoted codec(vorbis) by official Stagefright
D/FFmpegExtractor( 3691): ffmpeg detected media content as 'audio/vorbis' with confidence 0.08
D/WVMDrmPlugIn( 3690): WVMDrmPlugin::onInitialize : 7252
D/WVMDrmPlugIn( 3690): WVMDrmPlugin::onSetOnInfoListener : add 7252
D/WVMDrmPlugIn( 3690): WVMDrmPlugin::onTerminate : 7252
I/FFmpegExtractor( 3691): android-source:0xb420db50
I/FFMPEG  ( 3691): Input #0, ogg, from 'android-source:0xb420db50':
I/FFMPEG  ( 3691):   Duration: 00:00:00.60, start: 0.000000, bitrate: 138 kb/s
I/FFMPEG  ( 3691):     Stream #0:0: Audio: vorbis, 44100 Hz, stereo, fltp, 112 kb/s
I/FFMPEG  ( 3691):     Metadata:
I/FFMPEG  ( 3691):       TITLE           : Adara
D/FFmpegExtractor( 3691): FFmpegExtrator, url: android-source:0xb420db50, format_name: ogg, format_long_name: Ogg
I/FFmpegExtractor( 3691): adjust mime(application/ogg -> audio/vorbis)
D/FFmpegExtractor( 3691): suppoted codec(vorbis) by official Stagefright
D/FFmpegExtractor( 3691): ffmpeg detected media content as 'audio/vorbis' with confidence 0.08
D/BluetoothManagerService( 4116): unbindAndFinish(): android.bluetooth.IBluetooth$Stub$Proxy@2f91f4ce mBinding = false
D/BluetoothManagerService( 4116): Sending unbind request.
W/art     ( 4116): Long monitor contention event with owner method=void com.android.server.am.BroadcastQueue.processNextBroadcast(boolean) from BroadcastQueue.java:553 waiters=0 for 108ms
E/PhoneInterfaceManager( 4983): [PhoneIntfMgr] getIccId: No UICC
D/BluetoothManagerService( 4116): Message: 20
D/BluetoothManagerService( 4116): Added callback: android.bluetooth.IBluetoothManagerCallback$Stub$Proxy@2a596afc:true
W/libprocessgroup( 4116): failed to open /acct/uid_10030/pid_5412/cgroup.procs: No such file or directory
D/BluetoothManagerService( 4116): Message: 30
W/ActivityManager( 4116): Unable to start service Intent { act=com.google.android.c2dm.intent.REGISTER pkg=com.google.android.gms (has extras) } U=0: not found
I/GKI_LINUX( 5364): gki_task task_id=1 [BTIF] terminating
I/GKI_LINUX( 5364): GKI_exit_task 1 done
I/GKI_LINUX( 5364): GKI_shutdown(): task [BTIF] terminated
I/BluetoothServiceJni( 5364): cleanupNative: return from cleanup
D/WVMDrmPlugIn( 3690): WVMDrmPlugin::onInitialize : 6309
D/WVMDrmPlugIn( 3690): WVMDrmPlugin::onSetOnInfoListener : add 6309
D/WVMDrmPlugIn( 3690): WVMDrmPlugin::onTerminate : 6309
I/FFmpegExtractor( 3691): android-source:0xb420dbf0
I/FFMPEG  ( 3691): Input #0, ogg, from 'android-source:0xb420dbf0':
I/FFMPEG  ( 3691):   Duration: 00:00:00.60, start: 0.000000, bitrate: 100 kb/s
I/FFMPEG  ( 3691):     Stream #0:0: Audio: vorbis, 44100 Hz, mono, fltp, 96 kb/s
I/FFMPEG  ( 3691):     Metadata:
I/FFMPEG  ( 3691):       ANDROID_LOOP    : false
I/FFMPEG  ( 3691):       track           : 2d105c
I/FFMPEG  ( 3691):       TITLE           : Aldebaran
I/FFMPEG  ( 3691):       ARTIST          : pdx
D/FFmpegExtractor( 3691): FFmpegExtrator, url: android-source:0xb420dbf0, format_name: ogg, format_long_name: Ogg
I/FFmpegExtractor( 3691): adjust mime(application/ogg -> audio/vorbis)
D/FFmpegExtractor( 3691): suppoted codec(vorbis) by official Stagefright
D/FFmpegExtractor( 3691): ffmpeg detected media content as 'audio/vorbis' with confidence 0.08
E/cutils  ( 5854): Failed to mkdir(/mnt/shell/emulated/0): Read-only file system
W/Zygote  ( 5854): Failed to mount emulated storage: 30
I/ActivityManager( 4116): Start proc com.android.cellbroadcastreceiver for broadcast com.android.cellbroadcastreceiver/.CellBroadcastReceiver: pid=5854 uid=10005 gids={50005, 9997} abi=armeabi-v7a
I/art     ( 5364): System.exit called, status: 0
I/AndroidRuntime( 5364): VM exiting with result code 0, cleanup skipped.
D/WVMDrmPlugIn( 3690): WVMDrmPlugin::onInitialize : 4238
D/WVMDrmPlugIn( 3690): WVMDrmPlugin::onSetOnInfoListener : add 4238
D/WVMDrmPlugIn( 3690): WVMDrmPlugin::onTerminate : 4238
I/FFmpegExtractor( 3691): android-source:0xb420dec0
I/FFMPEG  ( 3691): Input #0, ogg, from 'android-source:0xb420dec0':
I/FFMPEG  ( 3691):   Duration: 00:00:00.73, start: 0.000000, bitrate: 76 kb/s
I/FFMPEG  ( 3691):     Stream #0:0: Audio: vorbis, 44100 Hz, mono, fltp, 80 kb/s
I/FFMPEG  ( 3691):     Metadata:
I/FFMPEG  ( 3691):       ANDROID_LOOP    : false
I/FFMPEG  ( 3691):       track           : 2dB214b
I/FFMPEG  ( 3691):       TITLE           : Altair
I/FFMPEG  ( 3691):       ARTIST          : pdx
D/FFmpegExtractor( 3691): FFmpegExtrator, url: android-source:0xb420dec0, format_name: ogg, format_long_name: Ogg
I/FFmpegExtractor( 3691): adjust mime(application/ogg -> audio/vorbis)
D/FFmpegExtractor( 3691): suppoted codec(vorbis) by official Stagefright
D/FFmpegExtractor( 3691): ffmpeg detected media content as 'audio/vorbis' with confidence 0.08
I/ActivityManager( 4116): Process com.android.bluetooth (pid 5364) has died
D/WVMDrmPlugIn( 3690): WVMDrmPlugin::onInitialize : 7920
D/WVMDrmPlugIn( 3690): WVMDrmPlugin::onSetOnInfoListener : add 7920
D/WVMDrmPlugIn( 3690): WVMDrmPlugin::onTerminate : 7920
I/FFmpegExtractor( 3691): android-source:0xb1f5f0b0
I/FFMPEG  ( 3691): Input #0, ogg, from 'android-source:0xb1f5f0b0':
I/FFMPEG  ( 3691):   Duration: 00:00:01.00, start: 0.000000, bitrate: 71 kb/s
I/FFMPEG  ( 3691):     Stream #0:0: Audio: vorbis, 44100 Hz, mono, fltp, 70 kb/s
I/FFMPEG  ( 3691):     Metadata:
I/FFMPEG  ( 3691):       ANDROID_LOOP    : false
I/FFMPEG  ( 3691):       TITLE           : Alya
D/FFmpegExtractor( 3691): FFmpegExtrator, url: android-source:0xb1f5f0b0, format_name: ogg, format_long_name: Ogg
I/FFmpegExtractor( 3691): adjust mime(application/ogg -> audio/vorbis)
D/FFmpegExtractor( 3691): suppoted codec(vorbis) by official Stagefright
D/FFmpegExtractor( 3691): ffmpeg detected media content as 'audio/vorbis' with confidence 0.08
W/Resources( 5854): Converting to string: TypedValue{t=0x10/d=0x4 a=-1}
W/Resources( 5854): Converting to string: TypedValue{t=0x10/d=0x0 a=-1}
D/CellBroadcastReceiver( 5854): onReceive Intent { act=android.intent.action.SERVICE_STATE flg=0x10 cmp=com.android.cellbroadcastreceiver/.CellBroadcastReceiver (has extras) }
D/CellBroadcastReceiver( 5854): Intent ACTION_SERVICE_STATE_CHANGED
D/CellBroadcastReceiver( 5854): Service state changed! 1 Full: 1 1 home null null null  Unknown Unknown CSS not supported -1 -1 RoamInd=-1 DefRoamInd=-1 EmergOnly=false Current state=-1
I/ActivityManager( 4116): Killing 5458:com.android.dialer/u0a8 (adj 15): empty #17
D/WVMDrmPlugIn( 3690): WVMDrmPlugin::onInitialize : 5442
D/WVMDrmPlugIn( 3690): WVMDrmPlugin::onSetOnInfoListener : add 5442
D/WVMDrmPlugIn( 3690): WVMDrmPlugin::onTerminate : 5442
I/FFmpegExtractor( 3691): android-source:0xb1f5f240
I/FFMPEG  ( 3691): Input #0, ogg, from 'android-source:0xb1f5f240':
I/FFMPEG  ( 3691):   Duration: 00:00:00.91, start: 0.000000, bitrate: 91 kb/s
I/FFMPEG  ( 3691):     Stream #0:0: Audio: vorbis, 44100 Hz, mono, fltp, 96 kb/s
I/FFMPEG  ( 3691):     Metadata:
I/FFMPEG  ( 3691):       ANDROID_LOOP    : false
I/FFMPEG  ( 3691):       track           : 2d331b
I/FFMPEG  ( 3691):       TITLE           : Antares
I/FFMPEG  ( 3691):       ARTIST          : pdx
D/FFmpegExtractor( 3691): FFmpegExtrator, url: android-source:0xb1f5f240, format_name: ogg, format_long_name: Ogg
I/FFmpegExtractor( 3691): adjust mime(application/ogg -> audio/vorbis)
D/FFmpegExtractor( 3691): suppoted codec(vorbis) by official Stagefright
D/FFmpegExtractor( 3691): ffmpeg detected media content as 'audio/vorbis' with confidence 0.08
W/libprocessgroup( 4116): failed to open /acct/uid_10008/pid_5458/cgroup.procs: No such file or directory
D/CellBroadcastReceiver( 5854): onReceive Intent { act=android.intent.action.ACTION_SUBINFO_RECORD_UPDATED flg=0x10 cmp=com.android.cellbroadcastreceiver/.CellBroadcastReceiver (has extras) }
