I/art     ( 4692): option[6]=-Xms8m
I/art     ( 4692): option[7]=-Xmx512m
I/art     ( 4692): option[8]=-XX:mainThreadStackSize=24K
I/art     ( 4692): option[9]=-XX:HeapGrowthLimit=128m
I/art     ( 4692): option[10]=-XX:HeapMinFree=2m
I/art     ( 4692): option[11]=-XX:HeapMaxFree=8m
I/art     ( 4692): option[12]=-XX:HeapTargetUtilization=0.75
I/art     ( 4692): option[13]=-agentlib:jdwp=transport=dt_android_adb,suspend=n,server=y
I/art     ( 4692): option[14]=-Xlockprofthreshold:500
I/art     ( 4692): option[15]=-Ximage-compiler-option
I/art     ( 4692): option[16]=--runtime-arg
I/art     ( 4692): option[17]=-Ximage-compiler-option
I/art     ( 4692): option[18]=-Xms64m
I/art     ( 4692): option[19]=-Ximage-compiler-option
I/art     ( 4692): option[20]=--runtime-arg
I/art     ( 4692): option[21]=-Ximage-compiler-option
I/art     ( 4692): option[22]=-Xmx64m
I/art     ( 4692): option[23]=-Ximage-compiler-option
I/art     ( 4692): option[24]=--image-classes-zip=/system/framework/framework.jar
I/art     ( 4692): option[25]=-Ximage-compiler-option
I/art     ( 4692): option[26]=--image-classes=preloaded-classes
I/art     ( 4692): option[27]=-Xcompiler-option
I/art     ( 4692): option[28]=--runtime-arg
I/art     ( 4692): option[29]=-Xcompiler-option
I/art     ( 4692): option[30]=-Xms64m
I/art     ( 4692): option[31]=-Xcompiler-option
I/art     ( 4692): option[32]=--runtime-arg
I/art     ( 4692): option[33]=-Xcompiler-option
I/art     ( 4692): option[34]=-Xmx512m
I/art     ( 4692): option[35]=-Duser.language=es
I/art     ( 4692): option[36]=-Duser.region=US
I/art     ( 4692): Pruning dalvik-cache since we are generating an image and will need to recompile
W/art     ( 4692): Unexpected file type of 
W/art     ( 4692):  encountered.
I/art     ( 4692): Using an offset of 0x7be000 from default art base address of 0x70000000
I/art     ( 4692): GenerateImage: /system/bin/dex2oat --image=/data/dalvik-cache/arm/system@framework@boot.art --dex-file=/system/framework/core-libart.jar --dex-file=/system/framework/conscrypt.jar --dex-file=/system/framework/okhttp.jar --dex-file=/system/framework/core-junit.jar --dex-file=/system/framework/bouncycastle.jar --dex-file=/system/framework/ext.jar --dex-file=/system/framework/framework.jar --dex-file=/system/framework/telephony-common.jar --dex-file=/system/framework/voip-common.jar --dex-file=/system/framework/ims-common.jar --dex-file=/system/framework/mms-common.jar --dex-file=/system/framework/android.policy.jar --dex-file=/system/framework/apache-xml.jar --oat-file=/data/dalvik-cache/arm/system@framework@boot.oat --instruction-set=arm --instruction-set-features=div --base=0x707be000 --runtime-arg -Xms64m --runtime-arg -Xmx64m --image-classes-zip=/system/framework/framework.jar --image-classes=preloaded-classes
W/art     ( 4692): Unexpected file type of 
W/art     ( 4692):  encountered.
I/ServiceManager( 3575): service 'SurfaceFlinger' died
W/art     ( 4692): Could not create image space with image file '/system/framework/boot.art'. Attempting to fall back to imageless running. Error was: Failed to generate image '/data/dalvik-cache/arm/system@framework@boot.art': Failed execv(/system/bin/dex2oat --image=/data/dalvik-cache/arm/system@framework@boot.art --dex-file=/system/framework/core-libart.jar --dex-file=/system/framework/conscrypt.jar --dex-file=/system/framework/okhttp.jar --dex-file=/system/framework/core-junit.jar --dex-file=/system/framework/bouncycastle.jar --dex-file=/system/framework/ext.jar --dex-file=/system/framework/framework.jar --dex-file=/system/framework/telephony-common.jar --dex-file=/system/framework/voip-common.jar --dex-file=/system/framework/ims-common.jar --dex-file=/system/framework/mms-common.jar --dex-file=/system/framework/android.policy.jar --dex-file=/system/framework/apache-xml.jar --oat-file=/data/dalvik-cache/arm/system@framework@boot.oat --instruction-set=arm --instruction-set-features=div --base=0x707be000 --runtime-arg -Xms64
I/ServiceManager( 3575): service 'Exynos.HWCService' died
I/ServiceManager( 3575): service 'media.wifi_display' died
I/ServiceManager( 3575): service 'media.audio_flinger' died
W/init    ( 4712): type=1400 audit(0.0:809): avc: denied { entrypoint } for path="/system/bin/auditd" dev="mmcblk0p18" ino=173 scontext=u:r:logd:s0 tcontext=u:object_r:system_file:s0 tclass=file
W/init    ( 4712): type=1300 audit(0.0:809): arch=40000028 syscall=11 per=800000 success=no exit=-13 a0=b6c80954 a1=b6c69530 a2=57e64 a3=ff0000 items=1 ppid=1 auid=4294967295 uid=0 gid=0 euid=0 suid=0 fsuid=0 egid=0 sgid=0 fsgid=0 ses=4294967295 tty=(none) exe="/init" subj=u:r:init:s0 key=(null)
W/auditd  ( 3586): type=1307 audit(0.0:809): cwd="/"
W/auditd  ( 3586): type=1302 audit(0.0:809): item=0 name="/system/bin/auditd" inode=173 dev=103:0a mode=0100755 ouid=0 ogid=2000 rdev=00:00 obj=u:object_r:system_file:s0
W/auditd  ( 3586): type=1320 audit(0.0:809): 
I/Netd    ( 4713): Netd 1.0 starting
E/Netd    ( 4713): Failed to open /proc/sys/net/ipv6/conf/default/accept_ra_rt_table: No such file or directory
E/Netd    ( 4713): Failed to open /proc/sys/net/ipv6/conf/ip6tnl0/accept_ra_rt_table: No such file or directory
E/Netd    ( 4713): Failed to open /proc/sys/net/ipv6/conf/lo/accept_ra_rt_table: No such file or directory
E/Netd    ( 4713): Failed to open /proc/sys/net/ipv6/conf/rmnet0/accept_ra_rt_table: No such file or directory
E/Netd    ( 4713): Failed to open /proc/sys/net/ipv6/conf/rmnet1/accept_ra_rt_table: No such file or directory
E/Netd    ( 4713): Failed to open /proc/sys/net/ipv6/conf/rmnet2/accept_ra_rt_table: No such file or directory
E/Netd    ( 4713): Failed to open /proc/sys/net/ipv6/conf/rmnet3/accept_ra_rt_table: No such file or directory
E/Netd    ( 4713): Failed to open /proc/sys/net/ipv6/conf/sit0/accept_ra_rt_table: No such file or directory
W/auditd  ( 3586): type=1325 audit(0.0:810): table=filter family=2 entries=40
W/iptables( 4716): type=1300 audit(0.0:810): arch=40000028 syscall=294 per=800000 success=yes exit=0 a0=4 a1=0 a2=40 a3=b6c25000 items=0 ppid=4713 auid=4294967295 uid=0 gid=0 euid=0 suid=0 fsuid=0 egid=0 sgid=0 fsgid=0 ses=4294967295 tty=(none) exe="/system/bin/iptables" subj=u:r:netd:s0 key=(null)
W/auditd  ( 3586): type=1320 audit(0.0:810): 
W/auditd  ( 3586): type=1325 audit(0.0:811): table=filter family=10 entries=37
W/ip6tables( 4717): type=1300 audit(0.0:811): arch=40000028 syscall=294 per=800000 success=yes exit=0 a0=4 a1=29 a2=40 a3=b6c28000 items=0 ppid=4713 auid=4294967295 uid=0 gid=0 euid=0 suid=0 fsuid=0 egid=0 sgid=0 fsgid=0 ses=4294967295 tty=(none) exe="/system/bin/ip6tables" subj=u:r:netd:s0 key=(null)
I/SurfaceFlinger( 4714): SurfaceFlinger is starting
I/SurfaceFlinger( 4714): SurfaceFlinger's main thread ready to run. Initializing graphics H/W...
W/auditd  ( 3586): type=1320 audit(0.0:811): 
W/auditd  ( 3586): type=1325 audit(0.0:812): table=filter family=2 entries=39
W/iptables( 4721): type=1300 audit(0.0:812): arch=40000028 syscall=294 per=800000 success=yes exit=0 a0=4 a1=0 a2=40 a3=b6c22000 items=0 ppid=4713 auid=4294967295 uid=0 gid=0 euid=0 suid=0 fsuid=0 egid=0 sgid=0 fsgid=0 ses=4294967295 tty=(none) exe="/system/bin/iptables" subj=u:r:netd:s0 key=(null)
W/auditd  ( 3586): type=1320 audit(0.0:812): 
W/auditd  ( 3586): type=1325 audit(0.0:813): table=filter family=10 entries=36
W/ip6tables( 4722): type=1300 audit(0.0:813): arch=40000028 syscall=294 per=800000 success=yes exit=0 a0=4 a1=29 a2=40 a3=b6c23000 items=0 ppid=4713 auid=4294967295 uid=0 gid=0 euid=0 suid=0 fsuid=0 egid=0 sgid=0 fsgid=0 ses=4294967295 tty=(none) exe="/system/bin/ip6tables" subj=u:r:netd:s0 key=(null)
W/auditd  ( 3586): type=1320 audit(0.0:813): 
D/libEGL  ( 4714): loaded /vendor/lib/egl/libGLES_mali.so
W/auditd  ( 3586): type=1325 audit(0.0:814): table=filter family=2 entries=39
W/iptables( 4723): type=1300 audit(0.0:814): arch=40000028 syscall=294 per=800000 success=yes exit=0 a0=4 a1=0 a2=40 a3=b6c22000 items=0 ppid=4713 auid=4294967295 uid=0 gid=0 euid=0 suid=0 fsuid=0 egid=0 sgid=0 fsgid=0 ses=4294967295 tty=(none) exe="/system/bin/iptables" subj=u:r:netd:s0 key=(null)
W/auditd  ( 3586): type=1320 audit(0.0:814): 
I/        ( 4714): PLATFORM VERSION : JB-MR-2
I/gralloc ( 4714): using (fd=12)
I/gralloc ( 4714): id           = 
I/gralloc ( 4714): xres         = 1080 px
I/gralloc ( 4714): yres         = 1920 px
I/gralloc ( 4714): xres_virtual = 1080 px
I/gralloc ( 4714): yres_virtual = 3840 px
I/gralloc ( 4714): bpp          = 32
I/gralloc ( 4714): r            = 16:8
I/gralloc ( 4714): g            =  8:8
I/gralloc ( 4714): b            =  0:8
I/gralloc ( 4714): width        = 65 mm (422.030762 dpi)
I/gralloc ( 4714): height       = 115 mm (424.069580 dpi)
I/gralloc ( 4714): refresh rate = 60.00 Hz
I/mediaserver( 4715): ServiceManager: 0xb61500c0
I/AudioFlinger( 4715): Using default 3000 mSec as standby time.
I/ServiceManager( 4715): Waiting for service batterystats...
D/hwcomposer( 4714): using
D/hwcomposer( 4714): xres         = 1080 px
D/hwcomposer( 4714): yres         = 1920 px
D/hwcomposer( 4714): width        = 65 mm (422.030000 dpi)
D/hwcomposer( 4714): height       = 115 mm (424.069000 dpi)
D/hwcomposer( 4714): refresh rate = 60 Hz
D/libexynosv4l2-subdev( 4714): try node: /dev/v4l-subdev0
D/libexynosv4l2-subdev( 4714): try node: /dev/v4l-subdev1
D/libexynosv4l2-subdev( 4714): try node: /dev/v4l-subdev2
I/libexynosv4l2-subdev( 4714): node found for device s5p-mixer0: /dev/v4l-subdev2
I/libexynosv4l2-subdev( 4714): open subdev device /dev/v4l-subdev2
I/hwcomposer( 4714): PSR info devname = /sys/devices/14400000.fimd_fb/psr_info
I/hwcomposer( 4714): PSR mode is 2(0: video mode, 1: DP PSR mode, 2: MIPI-DSI command mode)
I/SurfaceFlinger( 4714): Using composer version 1.3
I/SurfaceFlinger( 4714): EGL information:
I/SurfaceFlinger( 4714): vendor    : Android
I/SurfaceFlinger( 4714): version   : 1.4 Android META-EGL
I/SurfaceFlinger( 4714): extensions: EGL_KHR_get_all_proc_addresses EGL_ANDROID_presentation_time EGL_KHR_image EGL_KHR_image_base EGL_KHR_gl_texture_2D_image EGL_KHR_gl_texture_cubemap_image EGL_KHR_gl_renderbuffer_image EGL_KHR_fence_sync EGL_KHR_create_context EGL_ANDROID_image_native_buffer EGL_KHR_wait_sync EGL_ANDROID_recordable 
I/SurfaceFlinger( 4714): Client API: OpenGL_ES
I/SurfaceFlinger( 4714): EGLSurface: 8-8-8-8, config=0xb6acf2ac
I/SurfaceFlinger( 4714): OpenGL ES informations:
I/SurfaceFlinger( 4714): vendor    : ARM
I/SurfaceFlinger( 4714): renderer  : Mali-T628
I/SurfaceFlinger( 4714): version   : OpenGL ES 3.0
I/SurfaceFlinger( 4714): extensions: GL_EXT_debug_marker GL_ARM_rgba8 GL_ARM_mali_shader_binary GL_OES_depth24 GL_OES_depth_texture GL_OES_depth_texture_cube_map GL_OES_packed_depth_stencil GL_OES_rgb8_rgba8 GL_EXT_read_format_bgra GL_OES_compressed_paletted_texture GL_OES_compressed_ETC1_RGB8_texture GL_OES_standard_derivatives GL_OES_EGL_image GL_OES_EGL_image_external GL_OES_EGL_sync GL_OES_texture_npot GL_OES_vertex_half_float GL_OES_required_internalformat GL_OES_vertex_array_object GL_OES_mapbuffer GL_EXT_texture_format_BGRA8888 GL_EXT_texture_rg GL_EXT_texture_type_2_10_10_10_REV GL_OES_fbo_render_mipmap GL_OES_element_index_uint GL_EXT_shadow_samplers GL_OES_texture_compression_astc GL_KHR_texture_compression_astc_ldr GL_KHR_texture_compression_astc_hdr GL_KHR_debug GL_EXT_occlusion_query_boolean GL_EXT_blend_minmax GL_EXT_discard_framebuffer GL_OES_get_program_binary GL_OES_texture_3D GL_EXT_texture_storage GL_EXT_multisampled_render_to_texture GL_OES_surfaceless_context GL_ARM_mali_program_binary 
I/SurfaceFlinger( 4714): GL_MAX_TEXTURE_SIZE = 8192
I/SurfaceFlinger( 4714): GL_MAX_VIEWPORT_DIMS = 8192
E/libEGL  ( 4714): eglQuerySurface:607 error 300d (EGL_BAD_SURFACE)
E/libEGL  ( 4714): eglQuerySurface:607 error 300d (EGL_BAD_SURFACE)
E/libEGL  ( 4714): call to OpenGL ES API with no current context (logged once per thread)
D/SurfaceFlinger( 4714): Set power mode=2, type=0 flinger=0xb6a62000
I/hwcomposer( 4714): int exynos5_blank(hwc_composer_device_1*, int, int):: disp(0), blank(0)
I/hwcomposer( 4714): unblank ioctl failed (display already unblanked)
E/libEGL  ( 4714): eglSwapBuffers:1071 error 300d (EGL_BAD_SURFACE)
F/SurfaceFlinger( 4714): eglSwapBuffers(0x1, 0x0) failed with 0x0000300d
F/libc    ( 4714): Fatal signal 6 (SIGABRT), code -6 in tid 4714 (surfaceflinger)
I/DEBUG   ( 3589): property debug.db.uid not set; NOT waiting for gdb.
I/DEBUG   ( 3589): HINT: adb shell setprop debug.db.uid 100000
I/DEBUG   ( 3589): HINT: adb forward tcp:5039 tcp:5039
I/DEBUG   ( 3589): *** *** *** *** *** *** *** *** *** *** *** *** *** *** *** ***
I/DEBUG   ( 3589): Build fingerprint: 'samsung/cm_k3gxx/k3gxx:5.0.2/LRX22G/ca2fb2b51d:userdebug/test-keys'
I/DEBUG   ( 3589): Revision: '10'
I/DEBUG   ( 3589): ABI: 'arm'
I/DEBUG   ( 3589): pid: 4714, tid: 4714, name: surfaceflinger  >>> /system/bin/surfaceflinger <<<
I/DEBUG   ( 3589): signal 6 (SIGABRT), code -6 (SI_TKILL), fault addr --------
I/DEBUG   ( 3589): Abort message: 'eglSwapBuffers(0x1, 0x0) failed with 0x0000300d'
I/DEBUG   ( 3589):     r0 00000000  r1 0000126a  r2 00000006  r3 00000000
I/DEBUG   ( 3589):     r4 b6fb2114  r5 00000006  r6 0000000b  r7 0000010c
I/DEBUG   ( 3589):     r8 00000000  r9 bed9dbd0  sl b6a54210  fp bed9dbd0
I/DEBUG   ( 3589):     ip 0000126a  sp bed9d650  lr b6f3c7b9  pc b6f604e4  cpsr 600f0010
I/DEBUG   ( 3589): 
I/DEBUG   ( 3589): backtrace:
I/DEBUG   ( 3589):     #00 pc 000384e4  /system/lib/libc.so (tgkill+12)
I/DEBUG   ( 3589):     #01 pc 000147b5  /system/lib/libc.so (pthread_kill+52)
I/DEBUG   ( 3589):     #02 pc 0001550b  /system/lib/libc.so (raise+10)
I/DEBUG   ( 3589):     #03 pc 00011c35  /system/lib/libc.so (__libc_android_abort+36)
I/DEBUG   ( 3589):     #04 pc 0000fcb8  /system/lib/libc.so (abort+4)
I/DEBUG   ( 3589):     #05 pc 00007739  /system/lib/libcutils.so (__android_log_assert+88)
I/DEBUG   ( 3589):     #06 pc 0000f4df  /system/lib/libsurfaceflinger.so
I/DEBUG   ( 3589):     #07 pc 0001b9fd  /system/lib/libsurfaceflinger.so
I/DEBUG   ( 3589):     #08 pc 0001abe7  /system/lib/libsurfaceflinger.so
I/DEBUG   ( 3589):     #09 pc 00019fc3  /system/lib/libsurfaceflinger.so
I/DEBUG   ( 3589):     #10 pc 00019d49  /system/lib/libsurfaceflinger.so
I/DEBUG   ( 3589):     #11 pc 00010ed3  /system/lib/libutils.so (android::Looper::pollInner(int)+410)
I/DEBUG   ( 3589):     #12 pc 00010fc5  /system/lib/libutils.so (android::Looper::pollOnce(int, int*, int*, void**)+92)
I/DEBUG   ( 3589):     #13 pc 000174c5  /system/lib/libsurfaceflinger.so
I/DEBUG   ( 3589):     #14 pc 0001993d  /system/lib/libsurfaceflinger.so (android::SurfaceFlinger::run()+8)
I/DEBUG   ( 3589):     #15 pc 0000083d  /system/bin/surfaceflinger
I/DEBUG   ( 3589):     #16 pc 0000fb75  /system/lib/libc.so (__libc_init+44)
I/DEBUG   ( 3589):     #17 pc 000008d8  /system/bin/surfaceflinger
D/AndroidRuntime( 4773): 
D/AndroidRuntime( 4773): >>>>>> AndroidRuntime START com.android.internal.os.ZygoteInit <<<<<<
D/AndroidRuntime( 4773): CheckJNI is OFF
I/art     ( 4773): option[0]=-Xzygote
I/art     ( 4773): option[1]=-Xstacktracefile:/data/anr/traces.txt
I/art     ( 4773): option[2]=exit
I/art     ( 4773): option[3]=vfprintf
I/art     ( 4773): option[4]=sensitiveThread
I/art     ( 4773): option[5]=-verbose:gc
I/art     ( 4773): option[6]=-Xms8m
I/art     ( 4773): option[7]=-Xmx512m
I/art     ( 4773): option[8]=-XX:mainThreadStackSize=24K
I/art     ( 4773): option[9]=-XX:HeapGrowthLimit=128m
I/art     ( 4773): option[10]=-XX:HeapMinFree=2m
I/art     ( 4773): option[11]=-XX:HeapMaxFree=8m
I/art     ( 4773): option[12]=-XX:HeapTargetUtilization=0.75
I/art     ( 4773): option[13]=-agentlib:jdwp=transport=dt_android_adb,suspend=n,server=y
I/art     ( 4773): option[14]=-Xlockprofthreshold:500
I/art     ( 4773): option[15]=-Ximage-compiler-option
I/art     ( 4773): option[16]=--runtime-arg
I/art     ( 4773): option[17]=-Ximage-compiler-option
I/art     ( 4773): option[18]=-Xms64m
I/art     ( 4773): option[19]=-Ximage-compiler-option
I/art     ( 4773): option[20]=--runtime-arg
I/art     ( 4773): option[21]=-Ximage-compiler-option
I/art     ( 4773): option[22]=-Xmx64m
I/art     ( 4773): option[23]=-Ximage-compiler-option
I/art     ( 4773): option[24]=--image-classes-zip=/system/framework/framework.jar
I/art     ( 4773): option[25]=-Ximage-compiler-option
I/art     ( 4773): option[26]=--image-classes=preloaded-classes
I/art     ( 4773): option[27]=-Xcompiler-option
I/art     ( 4773): option[28]=--runtime-arg
I/art     ( 4773): option[29]=-Xcompiler-option
I/art     ( 4773): option[30]=-Xms64m
I/art     ( 4773): option[31]=-Xcompiler-option
I/art     ( 4773): option[32]=--runtime-arg
I/art     ( 4773): option[33]=-Xcompiler-option
I/art     ( 4773): option[34]=-Xmx512m
I/art     ( 4773): option[35]=-Duser.language=es
I/art     ( 4773): option[36]=-Duser.region=US
I/art     ( 4773): Pruning dalvik-cache since we are generating an image and will need to recompile
W/art     ( 4773): Unexpected file type of 
W/art     ( 4773):  encountered.
I/art     ( 4773): Using an offset of 0x158000 from default art base address of 0x70000000
I/art     ( 4773): GenerateImage: /system/bin/dex2oat --image=/data/dalvik-cache/arm/system@framework@boot.art --dex-file=/system/framework/core-libart.jar --dex-file=/system/framework/conscrypt.jar --dex-file=/system/framework/okhttp.jar --dex-file=/system/framework/core-junit.jar --dex-file=/system/framework/bouncycastle.jar --dex-file=/system/framework/ext.jar --dex-file=/system/framework/framework.jar --dex-file=/system/framework/telephony-common.jar --dex-file=/system/framework/voip-common.jar --dex-file=/system/framework/ims-common.jar --dex-file=/system/framework/mms-common.jar --dex-file=/system/framework/android.policy.jar --dex-file=/system/framework/apache-xml.jar --oat-file=/data/dalvik-cache/arm/system@framework@boot.oat --instruction-set=arm --instruction-set-features=div --base=0x70158000 --runtime-arg -Xms64m --runtime-arg -Xmx64m --image-classes-zip=/system/framework/framework.jar --image-classes=preloaded-classes
W/art     ( 4773): Unexpected file type of 
W/art     ( 4773):  encountered.
W/art     ( 4773): Could not create image space with image file '/system/framework/boot.art'. Attempting to fall back to imageless running. Error was: Failed to generate image '/data/dalvik-cache/arm/system@framework@boot.art': Failed execv(/system/bin/dex2oat --image=/data/dalvik-cache/arm/system@framework@boot.art --dex-file=/system/framework/core-libart.jar --dex-file=/system/framework/conscrypt.jar --dex-file=/system/framework/okhttp.jar --dex-file=/system/framework/core-junit.jar --dex-file=/system/framework/bouncycastle.jar --dex-file=/system/framework/ext.jar --dex-file=/system/framework/framework.jar --dex-file=/system/framework/telephony-common.jar --dex-file=/system/framework/voip-common.jar --dex-file=/system/framework/ims-common.jar --dex-file=/system/framework/mms-common.jar --dex-file=/system/framework/android.policy.jar --dex-file=/system/framework/apache-xml.jar --oat-file=/data/dalvik-cache/arm/system@framework@boot.oat --instruction-set=arm --instruction-set-features=div --base=0x70158000 --runtime-arg -Xms64
W/auditd  ( 3586): type=1325 audit(0.0:922): table=mangle family=10 entries=12
W/ip6tables( 4861): type=1300 audit(0.0:922): arch=40000028 syscall=294 per=800000 success=yes exit=0 a0=4 a1=29 a2=40 a3=b6c47800 items=0 ppid=4713 auid=4294967295 uid=0 gid=0 euid=0 suid=0 fsuid=0 egid=0 sgid=0 fsgid=0 ses=4294967295 tty=(none) exe="/system/bin/ip6tables" subj=u:r:netd:s0 key=(null)
W/auditd  ( 3586): type=1320 audit(0.0:922): 
W/auditd  ( 3586): type=1325 audit(0.0:923): table=mangle family=2 entries=15
W/iptables( 4862): type=1300 audit(0.0:923): arch=40000028 syscall=294 per=800000 success=yes exit=0 a0=4 a1=0 a2=40 a3=b6c1c200 items=0 ppid=4713 auid=4294967295 uid=0 gid=0 euid=0 suid=0 fsuid=0 egid=0 sgid=0 fsgid=0 ses=4294967295 tty=(none) exe="/system/bin/iptables" subj=u:r:netd:s0 key=(null)
W/auditd  ( 3586): type=1320 audit(0.0:923): 
W/auditd  ( 3586): type=1325 audit(0.0:924): table=mangle family=10 entries=11
W/ip6tables( 4863): type=1300 audit(0.0:924): arch=40000028 syscall=294 per=800000 success=yes exit=0 a0=4 a1=29 a2=40 a3=b6c1c200 items=0 ppid=4713 auid=4294967295 uid=0 gid=0 euid=0 suid=0 fsuid=0 egid=0 sgid=0 fsgid=0 ses=4294967295 tty=(none) exe="/system/bin/ip6tables" subj=u:r:netd:s0 key=(null)
W/auditd  ( 3586): type=1320 audit(0.0:924): 
W/auditd  ( 3586): type=1325 audit(0.0:925): table=mangle family=2 entries=15
W/iptables( 4864): type=1300 audit(0.0:925): arch=40000028 syscall=294 per=800000 success=yes exit=0 a0=4 a1=0 a2=40 a3=b6c1c200 items=0 ppid=4713 auid=4294967295 uid=0 gid=0 euid=0 suid=0 fsuid=0 egid=0 sgid=0 fsgid=0 ses=4294967295 tty=(none) exe="/system/bin/iptables" subj=u:r:netd:s0 key=(null)
W/auditd  ( 3586): type=1320 audit(0.0:925): 
W/auditd  ( 3586): type=1325 audit(0.0:926): table=mangle family=10 entries=11
W/ip6tables( 4865): type=1300 audit(0.0:926): arch=40000028 syscall=294 per=800000 success=yes exit=0 a0=4 a1=29 a2=40 a3=b6c42800 items=0 ppid=4713 auid=4294967295 uid=0 gid=0 euid=0 suid=0 fsuid=0 egid=0 sgid=0 fsgid=0 ses=4294967295 tty=(none) exe="/system/bin/ip6tables" subj=u:r:netd:s0 key=(null)
W/auditd  ( 3586): type=1320 audit(0.0:926): 
W/auditd  ( 3586): type=1325 audit(0.0:927): table=mangle family=2 entries=13
W/iptables( 4866): type=1300 audit(0.0:927): arch=40000028 syscall=294 per=800000 success=yes exit=0 a0=4 a1=0 a2=40 a3=b6c1c200 items=0 ppid=4713 auid=4294967295 uid=0 gid=0 euid=0 suid=0 fsuid=0 egid=0 sgid=0 fsgid=0 ses=4294967295 tty=(none) exe="/system/bin/iptables" subj=u:r:netd:s0 key=(null)
W/auditd  ( 3586): type=1320 audit(0.0:927): 
W/auditd  ( 3586): type=1325 audit(0.0:928): table=mangle family=10 entries=9
W/ip6tables( 4867): type=1300 audit(0.0:928): arch=40000028 syscall=294 per=800000 success=yes exit=0 a0=4 a1=29 a2=40 a3=b6c42800 items=0 ppid=4713 auid=4294967295 uid=0 gid=0 euid=0 suid=0 fsuid=0 egid=0 sgid=0 fsgid=0 ses=4294967295 tty=(none) exe="/system/bin/ip6tables" subj=u:r:netd:s0 key=(null)
I/ServiceManager( 4715): Waiting for service batterystats...
V/NatController( 4713): runCmd(/system/bin/iptables -F natctrl_FORWARD) res=0
V/NatController( 4713): runCmd(/system/bin/iptables -A natctrl_FORWARD -j DROP) res=0
V/NatController( 4713): runCmd(/system/bin/iptables -t nat -F natctrl_nat_POSTROUTING) res=0
V/NatController( 4713): runCmd(/system/bin/iptables -F natctrl_tether_counters) res=0
V/NatController( 4713): runCmd(/system/bin/iptables -X natctrl_tether_counters) res=0
V/NatController( 4713): runCmd(/system/bin/iptables -N natctrl_tether_counters) res=0
V/NatController( 4713): runCmd(/system/bin/iptables -t mangle -A natctrl_mangle_FORWARD -p tcp --tcp-flags SYN SYN -j TCPMSS --clamp-mss-to-pmtu) res=0
I/DEBUG   ( 3589): 
I/DEBUG   ( 3589): Tombstone written to: /data/tombstones/tombstone_09
I/ServiceManager( 3575): service 'SurfaceFlinger' died
I/ServiceManager( 3575): service 'Exynos.HWCService' died
I/ServiceManager( 3575): service 'media.wifi_display' died
I/ServiceManager( 3575): service 'media.audio_flinger' died
W/init    ( 4914): type=1400 audit(0.0:971): avc: denied { entrypoint } for path="/system/bin/auditd" dev="mmcblk0p18" ino=173 scontext=u:r:logd:s0 tcontext=u:object_r:system_file:s0 tclass=file
W/init    ( 4914): type=1300 audit(0.0:971): arch=40000028 syscall=11 per=800000 success=no exit=-13 a0=b6c80954 a1=b6c69530 a2=57e64 a3=ff0000 items=1 ppid=1 auid=4294967295 uid=0 gid=0 euid=0 suid=0 fsuid=0 egid=0 sgid=0 fsgid=0 ses=4294967295 tty=(none) exe="/init" subj=u:r:init:s0 key=(null)
W/auditd  ( 3586): type=1307 audit(0.0:971): cwd="/"
W/auditd  ( 3586): type=1302 audit(0.0:971): item=0 name="/system/bin/auditd" inode=173 dev=103:0a mode=0100755 ouid=0 ogid=2000 rdev=00:00 obj=u:object_r:system_file:s0
W/auditd  ( 3586): type=1320 audit(0.0:971): 
I/Netd    ( 4915): Netd 1.0 starting
E/Netd    ( 4915): Failed to open /proc/sys/net/ipv6/conf/default/accept_ra_rt_table: No such file or directory
E/Netd    ( 4915): Failed to open /proc/sys/net/ipv6/conf/ip6tnl0/accept_ra_rt_table: No such file or directory
E/Netd    ( 4915): Failed to open /proc/sys/net/ipv6/conf/lo/accept_ra_rt_table: No such file or directory
E/Netd    ( 4915): Failed to open /proc/sys/net/ipv6/conf/rmnet0/accept_ra_rt_table: No such file or directory
E/Netd    ( 4915): Failed to open /proc/sys/net/ipv6/conf/rmnet1/accept_ra_rt_table: No such file or directory
E/Netd    ( 4915): Failed to open /proc/sys/net/ipv6/conf/rmnet2/accept_ra_rt_table: No such file or directory
E/Netd    ( 4915): Failed to open /proc/sys/net/ipv6/conf/rmnet3/accept_ra_rt_table: No such file or directory
E/Netd    ( 4915): Failed to open /proc/sys/net/ipv6/conf/sit0/accept_ra_rt_table: No such file or directory
W/auditd  ( 3586): type=1325 audit(0.0:972): table=filter family=2 entries=40
W/iptables( 4918): type=1300 audit(0.0:972): arch=40000028 syscall=294 per=800000 success=yes exit=0 a0=4 a1=0 a2=40 a3=b6c25000 items=0 ppid=4915 auid=4294967295 uid=0 gid=0 euid=0 suid=0 fsuid=0 egid=0 sgid=0 fsgid=0 ses=4294967295 tty=(none) exe="/system/bin/iptables" subj=u:r:netd:s0 key=(null)
W/auditd  ( 3586): type=1320 audit(0.0:972): 
I/SurfaceFlinger( 4916): SurfaceFlinger is starting
I/SurfaceFlinger( 4916): SurfaceFlinger's main thread ready to run. Initializing graphics H/W...
W/auditd  ( 3586): type=1325 audit(0.0:973): table=filter family=10 entries=37
W/ip6tables( 4919): type=1300 audit(0.0:973): arch=40000028 syscall=294 per=800000 success=yes exit=0 a0=4 a1=29 a2=40 a3=b6c28000 items=0 ppid=4915 auid=4294967295 uid=0 gid=0 euid=0 suid=0 fsuid=0 egid=0 sgid=0 fsgid=0 ses=4294967295 tty=(none) exe="/system/bin/ip6tables" subj=u:r:netd:s0 key=(null)
W/auditd  ( 3586): type=1320 audit(0.0:973): 
W/auditd  ( 3586): type=1325 audit(0.0:974): table=filter family=2 entries=39
W/iptables( 4923): type=1300 audit(0.0:974): arch=40000028 syscall=294 per=800000 success=yes exit=0 a0=4 a1=0 a2=40 a3=b6c22000 items=0 ppid=4915 auid=4294967295 uid=0 gid=0 euid=0 suid=0 fsuid=0 egid=0 sgid=0 fsgid=0 ses=4294967295 tty=(none) exe="/system/bin/iptables" subj=u:r:netd:s0 key=(null)
W/auditd  ( 3586): type=1320 audit(0.0:974): 
W/auditd  ( 3586): type=1325 audit(0.0:975): table=filter family=10 entries=36
W/ip6tables( 4924): type=1300 audit(0.0:975): arch=40000028 syscall=294 per=800000 success=yes exit=0 a0=4 a1=29 a2=40 a3=b6c23000 items=0 ppid=4915 auid=4294967295 uid=0 gid=0 euid=0 suid=0 fsuid=0 egid=0 sgid=0 fsgid=0 ses=4294967295 tty=(none) exe="/system/bin/ip6tables" subj=u:r:netd:s0 key=(null)
W/auditd  ( 3586): type=1320 audit(0.0:975): 
D/libEGL  ( 4916): loaded /vendor/lib/egl/libGLES_mali.so
W/auditd  ( 3586): type=1325 audit(0.0:976): table=filter family=2 entries=39
W/iptables( 4925): type=1300 audit(0.0:976): arch=40000028 syscall=294 per=800000 success=yes exit=0 a0=4 a1=0 a2=40 a3=b6c22000 items=0 ppid=4915 auid=4294967295 uid=0 gid=0 euid=0 suid=0 fsuid=0 egid=0 sgid=0 fsgid=0 ses=4294967295 tty=(none) exe="/system/bin/iptables" subj=u:r:netd:s0 key=(null)
W/auditd  ( 3586): type=1320 audit(0.0:976): 
I/        ( 4916): PLATFORM VERSION : JB-MR-2
I/mediaserver( 4917): ServiceManager: 0xb60500c0
I/AudioFlinger( 4917): Using default 3000 mSec as standby time.
I/ServiceManager( 4917): Waiting for service batterystats...
I/gralloc ( 4916): using (fd=12)
I/gralloc ( 4916): id           = 
I/gralloc ( 4916): xres         = 1080 px
I/gralloc ( 4916): yres         = 1920 px
I/gralloc ( 4916): xres_virtual = 1080 px
I/gralloc ( 4916): yres_virtual = 3840 px
I/gralloc ( 4916): bpp          = 32
I/gralloc ( 4916): r            = 16:8
I/gralloc ( 4916): g            =  8:8
I/gralloc ( 4916): b            =  0:8
I/gralloc ( 4916): width        = 65 mm (422.030762 dpi)
I/gralloc ( 4916): height       = 115 mm (424.069580 dpi)
I/gralloc ( 4916): refresh rate = 60.00 Hz
D/hwcomposer( 4916): using
D/hwcomposer( 4916): xres         = 1080 px
D/hwcomposer( 4916): yres         = 1920 px
D/hwcomposer( 4916): width        = 65 mm (422.030000 dpi)
D/hwcomposer( 4916): height       = 115 mm (424.069000 dpi)
D/hwcomposer( 4916): refresh rate = 60 Hz
D/libexynosv4l2-subdev( 4916): try node: /dev/v4l-subdev0
D/libexynosv4l2-subdev( 4916): try node: /dev/v4l-subdev1
D/libexynosv4l2-subdev( 4916): try node: /dev/v4l-subdev2
I/libexynosv4l2-subdev( 4916): node found for device s5p-mixer0: /dev/v4l-subdev2
I/libexynosv4l2-subdev( 4916): open subdev device /dev/v4l-subdev2
I/hwcomposer( 4916): PSR info devname = /sys/devices/14400000.fimd_fb/psr_info
I/hwcomposer( 4916): PSR mode is 2(0: video mode, 1: DP PSR mode, 2: MIPI-DSI command mode)
I/SurfaceFlinger( 4916): Using composer version 1.3
I/SurfaceFlinger( 4916): EGL information:
I/SurfaceFlinger( 4916): vendor    : Android
I/SurfaceFlinger( 4916): version   : 1.4 Android META-EGL
I/SurfaceFlinger( 4916): extensions: EGL_KHR_get_all_proc_addresses EGL_ANDROID_presentation_time EGL_KHR_image EGL_KHR_image_base EGL_KHR_gl_texture_2D_image EGL_KHR_gl_texture_cubemap_image EGL_KHR_gl_renderbuffer_image EGL_KHR_fence_sync EGL_KHR_create_context EGL_ANDROID_image_native_buffer EGL_KHR_wait_sync EGL_ANDROID_recordable 
I/SurfaceFlinger( 4916): Client API: OpenGL_ES
I/SurfaceFlinger( 4916): EGLSurface: 8-8-8-8, config=0xb69cf2ac
I/SurfaceFlinger( 4916): OpenGL ES informations:
I/SurfaceFlinger( 4916): vendor    : ARM
I/SurfaceFlinger( 4916): renderer  : Mali-T628
I/SurfaceFlinger( 4916): version   : OpenGL ES 3.0
I/SurfaceFlinger( 4916): extensions: GL_EXT_debug_marker GL_ARM_rgba8 GL_ARM_mali_shader_binary GL_OES_depth24 GL_OES_depth_texture GL_OES_depth_texture_cube_map GL_OES_packed_depth_stencil GL_OES_rgb8_rgba8 GL_EXT_read_format_bgra GL_OES_compressed_paletted_texture GL_OES_compressed_ETC1_RGB8_texture GL_OES_standard_derivatives GL_OES_EGL_image GL_OES_EGL_image_external GL_OES_EGL_sync GL_OES_texture_npot GL_OES_vertex_half_float GL_OES_required_internalformat GL_OES_vertex_array_object GL_OES_mapbuffer GL_EXT_texture_format_BGRA8888 GL_EXT_texture_rg GL_EXT_texture_type_2_10_10_10_REV GL_OES_fbo_render_mipmap GL_OES_element_index_uint GL_EXT_shadow_samplers GL_OES_texture_compression_astc GL_KHR_texture_compression_astc_ldr GL_KHR_texture_compression_astc_hdr GL_KHR_debug GL_EXT_occlusion_query_boolean GL_EXT_blend_minmax GL_EXT_discard_framebuffer GL_OES_get_program_binary GL_OES_texture_3D GL_EXT_texture_storage GL_EXT_multisampled_render_to_texture GL_OES_surfaceless_context GL_ARM_mali_program_binary 
I/SurfaceFlinger( 4916): GL_MAX_TEXTURE_SIZE = 8192
I/SurfaceFlinger( 4916): GL_MAX_VIEWPORT_DIMS = 8192
E/libEGL  ( 4916): eglQuerySurface:607 error 300d (EGL_BAD_SURFACE)
E/libEGL  ( 4916): eglQuerySurface:607 error 300d (EGL_BAD_SURFACE)
E/libEGL  ( 4916): call to OpenGL ES API with no current context (logged once per thread)
D/SurfaceFlinger( 4916): Set power mode=2, type=0 flinger=0xb6962000
I/hwcomposer( 4916): int exynos5_blank(hwc_composer_device_1*, int, int):: disp(0), blank(0)
I/hwcomposer( 4916): unblank ioctl failed (display already unblanked)
E/libEGL  ( 4916): eglSwapBuffers:1071 error 300d (EGL_BAD_SURFACE)
F/SurfaceFlinger( 4916): eglSwapBuffers(0x1, 0x0) failed with 0x0000300d
F/libc    ( 4916): Fatal signal 6 (SIGABRT), code -6 in tid 4916 (surfaceflinger)
I/DEBUG   ( 3589): property debug.db.uid not set; NOT waiting for gdb.
I/DEBUG   ( 3589): HINT: adb shell setprop debug.db.uid 100000
I/DEBUG   ( 3589): HINT: adb forward tcp:5039 tcp:5039
I/DEBUG   ( 3589): *** *** *** *** *** *** *** *** *** *** *** *** *** *** *** ***
I/DEBUG   ( 3589): Build fingerprint: 'samsung/cm_k3gxx/k3gxx:5.0.2/LRX22G/ca2fb2b51d:userdebug/test-keys'
I/DEBUG   ( 3589): Revision: '10'
I/DEBUG   ( 3589): ABI: 'arm'
I/DEBUG   ( 3589): pid: 4916, tid: 4916, name: surfaceflinger  >>> /system/bin/surfaceflinger <<<
I/DEBUG   ( 3589): signal 6 (SIGABRT), code -6 (SI_TKILL), fault addr --------
I/DEBUG   ( 3589): Abort message: 'eglSwapBuffers(0x1, 0x0) failed with 0x0000300d'
I/DEBUG   ( 3589):     r0 00000000  r1 00001334  r2 00000006  r3 00000000
I/DEBUG   ( 3589):     r4 b6f27114  r5 00000006  r6 0000000b  r7 0000010c
I/DEBUG   ( 3589):     r8 00000000  r9 bea52bd0  sl b6954210  fp bea52bd0
I/DEBUG   ( 3589):     ip 00001334  sp bea52650  lr b6eb17b9  pc b6ed54e4  cpsr 600f0010
I/DEBUG   ( 3589): 
I/DEBUG   ( 3589): backtrace:
I/DEBUG   ( 3589):     #00 pc 000384e4  /system/lib/libc.so (tgkill+12)
I/DEBUG   ( 3589):     #01 pc 000147b5  /system/lib/libc.so (pthread_kill+52)
I/DEBUG   ( 3589):     #02 pc 0001550b  /system/lib/libc.so (raise+10)
I/DEBUG   ( 3589):     #03 pc 00011c35  /system/lib/libc.so (__libc_android_abort+36)
I/DEBUG   ( 3589):     #04 pc 0000fcb8  /system/lib/libc.so (abort+4)
I/DEBUG   ( 3589):     #05 pc 00007739  /system/lib/libcutils.so (__android_log_assert+88)
I/DEBUG   ( 3589):     #06 pc 0000f4df  /system/lib/libsurfaceflinger.so
I/DEBUG   ( 3589):     #07 pc 0001b9fd  /system/lib/libsurfaceflinger.so
I/DEBUG   ( 3589):     #08 pc 0001abe7  /system/lib/libsurfaceflinger.so
I/DEBUG   ( 3589):     #09 pc 00019fc3  /system/lib/libsurfaceflinger.so
I/DEBUG   ( 3589):     #10 pc 00019d49  /system/lib/libsurfaceflinger.so
I/DEBUG   ( 3589):     #11 pc 00010ed3  /system/lib/libutils.so (android::Looper::pollInner(int)+410)
I/DEBUG   ( 3589):     #12 pc 00010fc5  /system/lib/libutils.so (android::Looper::pollOnce(int, int*, int*, void**)+92)
I/DEBUG   ( 3589):     #13 pc 000174c5  /system/lib/libsurfaceflinger.so
I/DEBUG   ( 3589):     #14 pc 0001993d  /system/lib/libsurfaceflinger.so (android::SurfaceFlinger::run()+8)
I/DEBUG   ( 3589):     #15 pc 0000083d  /system/bin/surfaceflinger
I/DEBUG   ( 3589):     #16 pc 0000fb75  /system/lib/libc.so (__libc_init+44)
I/DEBUG   ( 3589):     #17 pc 000008d8  /system/bin/surfaceflinger
W/auditd  ( 3586): type=1325 audit(0.0:1094): table=mangle family=10 entries=12
W/ip6tables( 5070): type=1300 audit(0.0:1094): arch=40000028 syscall=294 per=800000 success=yes exit=0 a0=4 a1=29 a2=40 a3=b6c47800 items=0 ppid=4915 auid=4294967295 uid=0 gid=0 euid=0 suid=0 fsuid=0 egid=0 sgid=0 fsgid=0 ses=4294967295 tty=(none) exe="/system/bin/ip6tables" subj=u:r:netd:s0 key=(null)
W/auditd  ( 3586): type=1320 audit(0.0:1094): 
W/auditd  ( 3586): type=1325 audit(0.0:1095): table=mangle family=2 entries=15
W/iptables( 5071): type=1300 audit(0.0:1095): arch=40000028 syscall=294 per=800000 success=yes exit=0 a0=4 a1=0 a2=40 a3=b6c1c200 items=0 ppid=4915 auid=4294967295 uid=0 gid=0 euid=0 suid=0 fsuid=0 egid=0 sgid=0 fsgid=0 ses=4294967295 tty=(none) exe="/system/bin/iptables" subj=u:r:netd:s0 key=(null)
W/auditd  ( 3586): type=1320 audit(0.0:1095): 
W/auditd  ( 3586): type=1325 audit(0.0:1096): table=mangle family=10 entries=11
W/ip6tables( 5072): type=1300 audit(0.0:1096): arch=40000028 syscall=294 per=800000 success=yes exit=0 a0=4 a1=29 a2=40 a3=b6c1c200 items=0 ppid=4915 auid=4294967295 uid=0 gid=0 euid=0 suid=0 fsuid=0 egid=0 sgid=0 fsgid=0 ses=4294967295 tty=(none) exe="/system/bin/ip6tables" subj=u:r:netd:s0 key=(null)
W/auditd  ( 3586): type=1320 audit(0.0:1096): 
W/auditd  ( 3586): type=1325 audit(0.0:1097): table=mangle family=2 entries=15
W/iptables( 5073): type=1300 audit(0.0:1097): arch=40000028 syscall=294 per=800000 success=yes exit=0 a0=4 a1=0 a2=40 a3=b6c1c200 items=0 ppid=4915 auid=4294967295 uid=0 gid=0 euid=0 suid=0 fsuid=0 egid=0 sgid=0 fsgid=0 ses=4294967295 tty=(none) exe="/system/bin/iptables" subj=u:r:netd:s0 key=(null)
W/auditd  ( 3586): type=1320 audit(0.0:1097): 
W/auditd  ( 3586): type=1325 audit(0.0:1098): table=mangle family=10 entries=11
W/ip6tables( 5074): type=1300 audit(0.0:1098): arch=40000028 syscall=294 per=800000 success=yes exit=0 a0=4 a1=29 a2=40 a3=b6c42800 items=0 ppid=4915 auid=4294967295 uid=0 gid=0 euid=0 suid=0 fsuid=0 egid=0 sgid=0 fsgid=0 ses=4294967295 tty=(none) exe="/system/bin/ip6tables" subj=u:r:netd:s0 key=(null)
W/auditd  ( 3586): type=1320 audit(0.0:1098): 
W/auditd  ( 3586): type=1325 audit(0.0:1099): table=mangle family=2 entries=13
W/iptables( 5075): type=1300 audit(0.0:1099): arch=40000028 syscall=294 per=800000 success=yes exit=0 a0=4 a1=0 a2=40 a3=b6c1c200 items=0 ppid=4915 auid=4294967295 uid=0 gid=0 euid=0 suid=0 fsuid=0 egid=0 sgid=0 fsgid=0 ses=4294967295 tty=(none) exe="/system/bin/iptables" subj=u:r:netd:s0 key=(null)
W/auditd  ( 3586): type=1320 audit(0.0:1099): 
W/auditd  ( 3586): type=1325 audit(0.0:1100): table=mangle family=10 entries=9
W/ip6tables( 5076): type=1300 audit(0.0:1100): arch=40000028 syscall=294 per=800000 success=yes exit=0 a0=4 a1=29 a2=40 a3=b6c42800 items=0 ppid=4915 auid=4294967295 uid=0 gid=0 euid=0 suid=0 fsuid=0 egid=0 sgid=0 fsgid=0 ses=4294967295 tty=(none) exe="/system/bin/ip6tables" subj=u:r:netd:s0 key=(null)
I/ServiceManager( 4917): Waiting for service batterystats...
V/NatController( 4915): runCmd(/system/bin/iptables -F natctrl_FORWARD) res=0
V/NatController( 4915): runCmd(/system/bin/iptables -A natctrl_FORWARD -j DROP) res=0
V/NatController( 4915): runCmd(/system/bin/iptables -t nat -F natctrl_nat_POSTROUTING) res=0
V/NatController( 4915): runCmd(/system/bin/iptables -F natctrl_tether_counters) res=0
V/NatController( 4915): runCmd(/system/bin/iptables -X natctrl_tether_counters) res=0
V/NatController( 4915): runCmd(/system/bin/iptables -N natctrl_tether_counters) res=0
V/NatController( 4915): runCmd(/system/bin/iptables -t mangle -A natctrl_mangle_FORWARD -p tcp --tcp-flags SYN SYN -j TCPMSS --clamp-mss-to-pmtu) res=0
I/DEBUG   ( 3589): 
I/DEBUG   ( 3589): Tombstone written to: /data/tombstones/tombstone_00
I/ServiceManager( 3575): service 'SurfaceFlinger' died
I/ServiceManager( 3575): service 'Exynos.HWCService' died
I/ServiceManager( 3575): service 'media.wifi_display' died
I/ServiceManager( 3575): service 'media.audio_flinger' died
W/init    ( 5120): type=1400 audit(0.0:1139): avc: denied { entrypoint } for path="/system/bin/auditd" dev="mmcblk0p18" ino=173 scontext=u:r:logd:s0 tcontext=u:object_r:system_file:s0 tclass=file
W/init    ( 5120): type=1300 audit(0.0:1139): arch=40000028 syscall=11 per=800000 success=no exit=-13 a0=b6c80954 a1=b6c69530 a2=57e64 a3=ff0000 items=1 ppid=1 auid=4294967295 uid=0 gid=0 euid=0 suid=0 fsuid=0 egid=0 sgid=0 fsgid=0 ses=4294967295 tty=(none) exe="/init" subj=u:r:init:s0 key=(null)
W/auditd  ( 3586): type=1307 audit(0.0:1139): cwd="/"
W/auditd  ( 3586): type=1302 audit(0.0:1139): item=0 name="/system/bin/auditd" inode=173 dev=103:0a mode=0100755 ouid=0 ogid=2000 rdev=00:00 obj=u:object_r:system_file:s0
W/auditd  ( 3586): type=1320 audit(0.0:1139): 
I/Netd    ( 5121): Netd 1.0 starting
E/Netd    ( 5121): Failed to open /proc/sys/net/ipv6/conf/default/accept_ra_rt_table: No such file or directory
E/Netd    ( 5121): Failed to open /proc/sys/net/ipv6/conf/ip6tnl0/accept_ra_rt_table: No such file or directory
E/Netd    ( 5121): Failed to open /proc/sys/net/ipv6/conf/lo/accept_ra_rt_table: No such file or directory
E/Netd    ( 5121): Failed to open /proc/sys/net/ipv6/conf/rmnet0/accept_ra_rt_table: No such file or directory
E/Netd    ( 5121): Failed to open /proc/sys/net/ipv6/conf/rmnet1/accept_ra_rt_table: No such file or directory
E/Netd    ( 5121): Failed to open /proc/sys/net/ipv6/conf/rmnet2/accept_ra_rt_table: No such file or directory
E/Netd    ( 5121): Failed to open /proc/sys/net/ipv6/conf/rmnet3/accept_ra_rt_table: No such file or directory
E/Netd    ( 5121): Failed to open /proc/sys/net/ipv6/conf/sit0/accept_ra_rt_table: No such file or directory
W/auditd  ( 3586): type=1325 audit(0.0:1140): table=filter family=2 entries=40
W/iptables( 5124): type=1300 audit(0.0:1140): arch=40000028 syscall=294 per=800000 success=yes exit=0 a0=4 a1=0 a2=40 a3=b6c25000 items=0 ppid=5121 auid=4294967295 uid=0 gid=0 euid=0 suid=0 fsuid=0 egid=0 sgid=0 fsgid=0 ses=4294967295 tty=(none) exe="/system/bin/iptables" subj=u:r:netd:s0 key=(null)
W/auditd  ( 3586): type=1320 audit(0.0:1140): 
I/SurfaceFlinger( 5122): SurfaceFlinger is starting
I/SurfaceFlinger( 5122): SurfaceFlinger's main thread ready to run. Initializing graphics H/W...
W/auditd  ( 3586): type=1325 audit(0.0:1141): table=filter family=10 entries=37
W/ip6tables( 5125): type=1300 audit(0.0:1141): arch=40000028 syscall=294 per=800000 success=yes exit=0 a0=4 a1=29 a2=40 a3=b6c28000 items=0 ppid=5121 auid=4294967295 uid=0 gid=0 euid=0 suid=0 fsuid=0 egid=0 sgid=0 fsgid=0 ses=4294967295 tty=(none) exe="/system/bin/ip6tables" subj=u:r:netd:s0 key=(null)
W/auditd  ( 3586): type=1320 audit(0.0:1141): 
W/auditd  ( 3586): type=1325 audit(0.0:1142): table=filter family=2 entries=39
W/iptables( 5129): type=1300 audit(0.0:1142): arch=40000028 syscall=294 per=800000 success=yes exit=0 a0=4 a1=0 a2=40 a3=b6c22000 items=0 ppid=5121 auid=4294967295 uid=0 gid=0 euid=0 suid=0 fsuid=0 egid=0 sgid=0 fsgid=0 ses=4294967295 tty=(none) exe="/system/bin/iptables" subj=u:r:netd:s0 key=(null)
W/auditd  ( 3586): type=1320 audit(0.0:1142): 
W/auditd  ( 3586): type=1325 audit(0.0:1143): table=filter family=10 entries=36
W/ip6tables( 5130): type=1300 audit(0.0:1143): arch=40000028 syscall=294 per=800000 success=yes exit=0 a0=4 a1=29 a2=40 a3=b6c23000 items=0 ppid=5121 auid=4294967295 uid=0 gid=0 euid=0 suid=0 fsuid=0 egid=0 sgid=0 fsgid=0 ses=4294967295 tty=(none) exe="/system/bin/ip6tables" subj=u:r:netd:s0 key=(null)
W/auditd  ( 3586): type=1320 audit(0.0:1143): 
D/libEGL  ( 5122): loaded /vendor/lib/egl/libGLES_mali.so
W/auditd  ( 3586): type=1325 audit(0.0:1144): table=filter family=2 entries=39
W/iptables( 5131): type=1300 audit(0.0:1144): arch=40000028 syscall=294 per=800000 success=yes exit=0 a0=4 a1=0 a2=40 a3=b6c22000 items=0 ppid=5121 auid=4294967295 uid=0 gid=0 euid=0 suid=0 fsuid=0 egid=0 sgid=0 fsgid=0 ses=4294967295 tty=(none) exe="/system/bin/iptables" subj=u:r:netd:s0 key=(null)
W/auditd  ( 3586): type=1320 audit(0.0:1144): 
I/        ( 5122): PLATFORM VERSION : JB-MR-2
I/gralloc ( 5122): using (fd=12)
I/gralloc ( 5122): id           = 
I/gralloc ( 5122): xres         = 1080 px
I/gralloc ( 5122): yres         = 1920 px
I/gralloc ( 5122): xres_virtual = 1080 px
I/gralloc ( 5122): yres_virtual = 3840 px
I/gralloc ( 5122): bpp          = 32
I/gralloc ( 5122): r            = 16:8
I/gralloc ( 5122): g            =  8:8
I/gralloc ( 5122): b            =  0:8
I/gralloc ( 5122): width        = 65 mm (422.030762 dpi)
I/gralloc ( 5122): height       = 115 mm (424.069580 dpi)
I/gralloc ( 5122): refresh rate = 60.00 Hz
I/mediaserver( 5123): ServiceManager: 0xb60500c0
I/AudioFlinger( 5123): Using default 3000 mSec as standby time.
I/ServiceManager( 5123): Waiting for service batterystats...
D/hwcomposer( 5122): using
D/hwcomposer( 5122): xres         = 1080 px
D/hwcomposer( 5122): yres         = 1920 px
D/hwcomposer( 5122): width        = 65 mm (422.030000 dpi)
D/hwcomposer( 5122): height       = 115 mm (424.069000 dpi)
D/hwcomposer( 5122): refresh rate = 60 Hz
D/libexynosv4l2-subdev( 5122): try node: /dev/v4l-subdev0
D/libexynosv4l2-subdev( 5122): try node: /dev/v4l-subdev1
D/libexynosv4l2-subdev( 5122): try node: /dev/v4l-subdev2
I/libexynosv4l2-subdev( 5122): node found for device s5p-mixer0: /dev/v4l-subdev2
I/libexynosv4l2-subdev( 5122): open subdev device /dev/v4l-subdev2
I/hwcomposer( 5122): PSR info devname = /sys/devices/14400000.fimd_fb/psr_info
I/hwcomposer( 5122): PSR mode is 2(0: video mode, 1: DP PSR mode, 2: MIPI-DSI command mode)
I/SurfaceFlinger( 5122): Using composer version 1.3
I/SurfaceFlinger( 5122): EGL information:
I/SurfaceFlinger( 5122): vendor    : Android
I/SurfaceFlinger( 5122): version   : 1.4 Android META-EGL
I/SurfaceFlinger( 5122): extensions: EGL_KHR_get_all_proc_addresses EGL_ANDROID_presentation_time EGL_KHR_image EGL_KHR_image_base EGL_KHR_gl_texture_2D_image EGL_KHR_gl_texture_cubemap_image EGL_KHR_gl_renderbuffer_image EGL_KHR_fence_sync EGL_KHR_create_context EGL_ANDROID_image_native_buffer EGL_KHR_wait_sync EGL_ANDROID_recordable 
I/SurfaceFlinger( 5122): Client API: OpenGL_ES
I/SurfaceFlinger( 5122): EGLSurface: 8-8-8-8, config=0xb69cf2ac
I/SurfaceFlinger( 5122): OpenGL ES informations:
I/SurfaceFlinger( 5122): vendor    : ARM
I/SurfaceFlinger( 5122): renderer  : Mali-T628
I/SurfaceFlinger( 5122): version   : OpenGL ES 3.0
I/SurfaceFlinger( 5122): extensions: GL_EXT_debug_marker GL_ARM_rgba8 GL_ARM_mali_shader_binary GL_OES_depth24 GL_OES_depth_texture GL_OES_depth_texture_cube_map GL_OES_packed_depth_stencil GL_OES_rgb8_rgba8 GL_EXT_read_format_bgra GL_OES_compressed_paletted_texture GL_OES_compressed_ETC1_RGB8_texture GL_OES_standard_derivatives GL_OES_EGL_image GL_OES_EGL_image_external GL_OES_EGL_sync GL_OES_texture_npot GL_OES_vertex_half_float GL_OES_required_internalformat GL_OES_vertex_array_object GL_OES_mapbuffer GL_EXT_texture_format_BGRA8888 GL_EXT_texture_rg GL_EXT_texture_type_2_10_10_10_REV GL_OES_fbo_render_mipmap GL_OES_element_index_uint GL_EXT_shadow_samplers GL_OES_texture_compression_astc GL_KHR_texture_compression_astc_ldr GL_KHR_texture_compression_astc_hdr GL_KHR_debug GL_EXT_occlusion_query_boolean GL_EXT_blend_minmax GL_EXT_discard_framebuffer GL_OES_get_program_binary GL_OES_texture_3D GL_EXT_texture_storage GL_EXT_multisampled_render_to_texture GL_OES_surfaceless_context GL_ARM_mali_program_binary 
I/SurfaceFlinger( 5122): GL_MAX_TEXTURE_SIZE = 8192
I/SurfaceFlinger( 5122): GL_MAX_VIEWPORT_DIMS = 8192
E/libEGL  ( 5122): eglQuerySurface:607 error 300d (EGL_BAD_SURFACE)
E/libEGL  ( 5122): eglQuerySurface:607 error 300d (EGL_BAD_SURFACE)
E/libEGL  ( 5122): call to OpenGL ES API with no current context (logged once per thread)
D/SurfaceFlinger( 5122): Set power mode=2, type=0 flinger=0xb6962000
I/hwcomposer( 5122): int exynos5_blank(hwc_composer_device_1*, int, int):: disp(0), blank(0)
I/hwcomposer( 5122): unblank ioctl failed (display already unblanked)
E/libEGL  ( 5122): eglSwapBuffers:1071 error 300d (EGL_BAD_SURFACE)
F/SurfaceFlinger( 5122): eglSwapBuffers(0x1, 0x0) failed with 0x0000300d
F/libc    ( 5122): Fatal signal 6 (SIGABRT), code -6 in tid 5122 (surfaceflinger)
I/DEBUG   ( 3589): property debug.db.uid not set; NOT waiting for gdb.
I/DEBUG   ( 3589): HINT: adb shell setprop debug.db.uid 100000
I/DEBUG   ( 3589): HINT: adb forward tcp:5039 tcp:5039
I/DEBUG   ( 3589): *** *** *** *** *** *** *** *** *** *** *** *** *** *** *** ***
I/DEBUG   ( 3589): Build fingerprint: 'samsung/cm_k3gxx/k3gxx:5.0.2/LRX22G/ca2fb2b51d:userdebug/test-keys'
I/DEBUG   ( 3589): Revision: '10'
I/DEBUG   ( 3589): ABI: 'arm'
I/DEBUG   ( 3589): pid: 5122, tid: 5122, name: surfaceflinger  >>> /system/bin/surfaceflinger <<<
I/DEBUG   ( 3589): signal 6 (SIGABRT), code -6 (SI_TKILL), fault addr --------
I/DEBUG   ( 3589): Abort message: 'eglSwapBuffers(0x1, 0x0) failed with 0x0000300d'
I/DEBUG   ( 3589):     r0 00000000  r1 00001402  r2 00000006  r3 00000000
I/DEBUG   ( 3589):     r4 b6f05114  r5 00000006  r6 0000000b  r7 0000010c
I/DEBUG   ( 3589):     r8 00000000  r9 bed6fbd0  sl b6954210  fp bed6fbd0
I/DEBUG   ( 3589):     ip 00001402  sp bed6f650  lr b6e8f7b9  pc b6eb34e4  cpsr 600f0010
I/DEBUG   ( 3589): 
I/DEBUG   ( 3589): backtrace:
I/DEBUG   ( 3589):     #00 pc 000384e4  /system/lib/libc.so (tgkill+12)
I/DEBUG   ( 3589):     #01 pc 000147b5  /system/lib/libc.so (pthread_kill+52)
I/DEBUG   ( 3589):     #02 pc 0001550b  /system/lib/libc.so (raise+10)
I/DEBUG   ( 3589):     #03 pc 00011c35  /system/lib/libc.so (__libc_android_abort+36)
I/DEBUG   ( 3589):     #04 pc 0000fcb8  /system/lib/libc.so (abort+4)
I/DEBUG   ( 3589):     #05 pc 00007739  /system/lib/libcutils.so (__android_log_assert+88)
I/DEBUG   ( 3589):     #06 pc 0000f4df  /system/lib/libsurfaceflinger.so
I/DEBUG   ( 3589):     #07 pc 0001b9fd  /system/lib/libsurfaceflinger.so
I/DEBUG   ( 3589):     #08 pc 0001abe7  /system/lib/libsurfaceflinger.so
I/DEBUG   ( 3589):     #09 pc 00019fc3  /system/lib/libsurfaceflinger.so
I/DEBUG   ( 3589):     #10 pc 00019d49  /system/lib/libsurfaceflinger.so
I/DEBUG   ( 3589):     #11 pc 00010ed3  /system/lib/libutils.so (android::Looper::pollInner(int)+410)
I/DEBUG   ( 3589):     #12 pc 00010fc5  /system/lib/libutils.so (android::Looper::pollOnce(int, int*, int*, void**)+92)
I/DEBUG   ( 3589):     #13 pc 000174c5  /system/lib/libsurfaceflinger.so
I/DEBUG   ( 3589):     #14 pc 0001993d  /system/lib/libsurfaceflinger.so (android::SurfaceFlinger::run()+8)
I/DEBUG   ( 3589):     #15 pc 0000083d  /system/bin/surfaceflinger
I/DEBUG   ( 3589):     #16 pc 0000fb75  /system/lib/libc.so (__libc_init+44)
I/DEBUG   ( 3589):     #17 pc 000008d8  /system/bin/surfaceflinger
W/auditd  ( 3586): type=1325 audit(0.0:1246): table=raw family=10 entries=8
W/ip6tables( 5260): type=1300 audit(0.0:1246): arch=40000028 syscall=294 per=800000 success=yes exit=0 a0=4 a1=29 a2=40 a3=b6c32400 items=0 ppid=5121 auid=4294967295 uid=0 gid=0 euid=0 suid=0 fsuid=0 egid=0 sgid=0 fsgid=0 ses=4294967295 tty=(none) exe="/system/bin/ip6tables" subj=u:r:netd:s0 key=(null)
W/auditd  ( 3586): type=1320 audit(0.0:1246): 
W/auditd  ( 3586): type=1325 audit(0.0:1247): table=raw family=2 entries=6
W/iptables( 5261): type=1300 audit(0.0:1247): arch=40000028 syscall=294 per=800000 success=yes exit=0 a0=4 a1=0 a2=40 a3=b6c20400 items=0 ppid=5121 auid=4294967295 uid=0 gid=0 euid=0 suid=0 fsuid=0 egid=0 sgid=0 fsgid=0 ses=4294967295 tty=(none) exe="/system/bin/iptables" subj=u:r:netd:s0 key=(null)
W/auditd  ( 3586): type=1320 audit(0.0:1247): 
W/auditd  ( 3586): type=1325 audit(0.0:1248): table=raw family=10 entries=6
W/ip6tables( 5262): type=1300 audit(0.0:1248): arch=40000028 syscall=294 per=800000 success=yes exit=0 a0=4 a1=29 a2=40 a3=b6c31800 items=0 ppid=5121 auid=4294967295 uid=0 gid=0 euid=0 suid=0 fsuid=0 egid=0 sgid=0 fsgid=0 ses=4294967295 tty=(none) exe="/system/bin/ip6tables" subj=u:r:netd:s0 key=(null)
W/auditd  ( 3586): type=1320 audit(0.0:1248): 
W/auditd  ( 3586): type=1325 audit(0.0:1249): table=raw family=2 entries=8
