E/wpa_supplicant( 4420): wlan0: Failed to initialize driver interface
E/OMXNodeInstance( 3690): getParameter(100663311) ERROR: 0x8000101a
E/OMXNodeInstance( 3690): getParameter(100663297) ERROR: 0x8000101a
E/OMXNodeInstance( 3690): getParameter(100663311) ERROR: 0x8000101a
E/OMXNodeInstance( 3690): getParameter(100663297) ERROR: 0x8000101a
E/OMXNodeInstance( 3690): getParameter(100663311) ERROR: 0x8000101a
E/OMXNodeInstance( 3690): getParameter(100663297) ERROR: 0x8000101a
E/OMXNodeInstance( 3690): getParameter(100663311) ERROR: 0x8000101a
E/OMXNodeInstance( 3690): getParameter(100663297) ERROR: 0x8000101a
D/PermissionMonitor( 4112): Monitoring
D/PermissionMonitor( 4112): Users: 1, Apps: 62
E/OMXNodeInstance( 3690): getParameter(100663311) ERROR: 0x8000101a
E/OMXNodeInstance( 3690): getParameter(100663297) ERROR: 0x8000101a
I/SystemServiceManager( 4112): Starting phase 600
D/BluetoothManagerService( 4112): Message: 20
D/BluetoothManagerService( 4112): Added callback: android.bluetooth.BluetoothAdapter$1@7bd0d96:true
E/OMXNodeInstance( 3690): getParameter(100663311) ERROR: 0x8000101a
E/OMXNodeInstance( 3690): getParameter(100663297) ERROR: 0x8000101a
D/BluetoothManagerService( 4112): Message: 30
D/ConditionProviders( 4112): onServiceAdded ManagedServiceInfo[component=ComponentInfo{android/com.android.server.notification.CountdownConditionProvider},userid=0,isSystem=true,targetSdkVersion=21,connection=null,service=android.service.notification.ConditionProviderService$Provider@3da6ad17]
D/ConditionProviders( 4112): onServiceAdded ManagedServiceInfo[component=ComponentInfo{android/com.android.server.notification.DowntimeConditionProvider},userid=0,isSystem=true,targetSdkVersion=21,connection=null,service=android.service.notification.ConditionProviderService$Provider@29346d22]
E/OMXNodeInstance( 3690): getParameter(100663311) ERROR: 0x8000101a
E/OMXNodeInstance( 3690): getParameter(100663297) ERROR: 0x8000101a
E/OMXNodeInstance( 3690): getParameter(100663311) ERROR: 0x8000101a
E/OMXNodeInstance( 3690): getParameter(100663297) ERROR: 0x8000101a
I/BackupManagerService( 4112): Backup enabled => false
I/BackupManagerService( 4112): Opting out of backup
D/BluetoothManagerService( 4112): Message: 30
E/OMXNodeInstance( 3690): getParameter(100663311) ERROR: 0x8000101a
E/OMXNodeInstance( 3690): getParameter(100663297) ERROR: 0x8000101a
E/InputMethodManagerService( 4112): Ignoring setImeWindowStatus due to an invalid token. uid:1000 token:null
E/OMXNodeInstance( 3690): getParameter(100663311) ERROR: 0x8000101a
E/OMXNodeInstance( 3690): getParameter(100663297) ERROR: 0x8000101a
E/OMXNodeInstance( 3690): getParameter(100663311) ERROR: 0x8000101a
E/OMXNodeInstance( 3690): getParameter(100663297) ERROR: 0x8000101a
E/WifiStateMachine( 4112): Failed to start supplicant!
E/OMXNodeInstance( 3690): getParameter(100663311) ERROR: 0x8000101a
E/OMXNodeInstance( 3690): getParameter(100663297) ERROR: 0x8000101a
E/OMXNodeInstance( 3690): getParameter(100663311) ERROR: 0x8000101a
E/OMXNodeInstance( 3690): getParameter(100663297) ERROR: 0x8000101a
D/WVMDrmPlugIn( 3688): WVMDrmPlugin::onInitialize : 6100
D/WVMDrmPlugIn( 3688): WVMDrmPlugin::onSetOnInfoListener : add 6100
D/WVMDrmPlugIn( 3688): WVMDrmPlugin::onTerminate : 6100
I/FFmpegExtractor( 3690): android-source:0xb3406060
I/FFMPEG  ( 3690): Input #0, ogg, from 'android-source:0xb3406060':
I/FFMPEG  ( 3690):   Duration: 00:00:00.09, start: 0.000000, bitrate: 437 kb/s
I/FFMPEG  ( 3690):     Stream #0:0: Audio: vorbis, 48000 Hz, stereo, fltp, 96 kb/s
D/FFmpegExtractor( 3690): FFmpegExtrator, url: android-source:0xb3406060, format_name: ogg, format_long_name: Ogg
I/FFmpegExtractor( 3690): adjust mime(application/ogg -> audio/vorbis)
D/FFmpegExtractor( 3690): suppoted codec(vorbis) by official Stagefright
D/FFmpegExtractor( 3690): ffmpeg detected media content as 'audio/vorbis' with confidence 0.08
E/OMXNodeInstance( 3690): getParameter(100663311) ERROR: 0x8000100e
E/OMXNodeInstance( 3690): getParameter(100663297) ERROR: 0x8000100e
E/OMXNodeInstance( 3690): OMX_GetExtensionIndex OMX.google.android.index.storeMetaDataInBuffers failed
E/OMXNodeInstance( 3690): getParameter(100663311) ERROR: 0x8000100e
E/OMXNodeInstance( 3690): getParameter(100663297) ERROR: 0x8000100e
E/OMXNodeInstance( 3690): OMX_GetExtensionIndex OMX.google.android.index.storeMetaDataInBuffers failed
W/MediaCodecList( 3690): ignoring Limit specified outside of a Type
W/MediaCodecList( 3690): ignoring Limit specified outside of a Type
W/MediaCodecList( 3690): ignoring Limit specified outside of a Type
W/MediaCodecList( 3690): ignoring Limit specified outside of a Type
W/MediaCodecList( 3690): ignoring Limit specified outside of a Type
W/MediaCodecList( 3690): ignoring Feature specified outside of a Type
E/OMXNodeInstance( 3690): getParameter(100663311) ERROR: 0x8000100e
E/OMXNodeInstance( 3690): getParameter(100663297) ERROR: 0x8000100e
E/OMXNodeInstance( 3690): OMX_GetExtensionIndex OMX.google.android.index.storeMetaDataInBuffers failed
E/OMXNodeInstance( 3690): getParameter(100663311) ERROR: 0x8000100e
E/OMXNodeInstance( 3690): getParameter(100663297) ERROR: 0x8000100e
E/OMXNodeInstance( 3690): OMX_GetExtensionIndex OMX.google.android.index.storeMetaDataInBuffers failed
I/ActivityManager( 4112): Start proc com.android.inputmethod.latin for service com.android.inputmethod.latin/.LatinIME: pid=4473 uid=10039 gids={50039, 9997, 1028, 1015} abi=armeabi-v7a
V/InputMethodManagerService( 4112): Adding window token: android.os.Binder@12392482
D/SoftHEVC( 3690): Number of CPU cores: 8
D/SoftHEVC( 3690): Initializing decoder
D/SoftHEVC( 3690): Set number of cores to 4
D/SoftHEVC( 3690): Ittiam decoder version number: @(#)Id:HEVCDEC_production Ver:04.01 Released by ITTIAM Build: Jul  3 2015 @ 03:59:22
E/OMXNodeInstance( 3690): getParameter(100663311) ERROR: 0x8000100e
E/OMXNodeInstance( 3690): getParameter(100663297) ERROR: 0x8000100e
E/OMXNodeInstance( 3690): OMX_GetExtensionIndex OMX.google.android.index.storeMetaDataInBuffers failed
D/SoftHEVC( 3690): Freeing codec memory
D/SoftHEVC( 3690): Number of CPU cores: 8
D/SoftHEVC( 3690): Initializing decoder
D/SoftHEVC( 3690): Set number of cores to 4
D/SoftHEVC( 3690): Ittiam decoder version number: @(#)Id:HEVCDEC_production Ver:04.01 Released by ITTIAM Build: Jul  3 2015 @ 03:59:22
D/SoftHEVC( 3690): In SoftHEVC::~SoftHEVC
D/SoftHEVC( 3690): Freeing codec memory
D/NuPlayerDriver( 3690): start(0xb6153d00)
I/GenericSource( 3690): start
E/OMXNodeInstance( 3690): getParameter(100663311) ERROR: 0x8000100e
E/OMXNodeInstance( 3690): getParameter(100663297) ERROR: 0x8000100e
E/OMXNodeInstance( 3690): OMX_GetExtensionIndex OMX.google.android.index.storeMetaDataInBuffers failed
E/OMXNodeInstance( 3690): getParameter(100663311) ERROR: 0x8000100e
E/OMXNodeInstance( 3690): getParameter(100663297) ERROR: 0x8000100e
E/OMXNodeInstance( 3690): OMX_GetExtensionIndex OMX.google.android.index.storeMetaDataInBuffers failed
W/Utils   ( 3690): bool android::canOffloadStream(const android::sp<android::MetaData>&, bool, const android::sp<android::MetaData>&, bool, audio_stream_type_t) No sample bit depth info in meta data
E/AudioPolicyManager( 3690): isOffloadSupported: stream_type != MUSIC, returning false
W/Utils   ( 3690): bool android::canOffloadStream(const android::sp<android::MetaData>&, bool, const android::sp<android::MetaData>&, bool, audio_stream_type_t) No sample bit depth info in meta data
E/AudioPolicyManager( 3690): isOffloadSupported: stream_type != MUSIC, returning false
I/SoftMPEG4Encoder( 3690): Construct SoftMPEG4Encoder
E/OMXNodeInstance( 3690): getParameter(100663311) ERROR: 0x8000100e
W/ACodec  ( 3690): do not know color format 0x7f000789 = 2130708361
E/OMXNodeInstance( 3690): getParameter(100663297) ERROR: 0x8000100e
E/libgps  ( 4112): proxy__gps_get_extension: Unsupported GpsInterface extension: "gps_measurement"
I/SoftAVCEncoder( 3690): Construct SoftAVCEncoder
E/OMXNodeInstance( 3690): getParameter(100663311) ERROR: 0x8000100e
W/ACodec  ( 3690): do not know color format 0x7f000789 = 2130708361
E/OMXNodeInstance( 3690): getParameter(100663297) ERROR: 0x8000100e
E/libgps  ( 4112): Interface "gps_measurement" is not supported
E/libgps  ( 4112): proxy__gps_get_extension: Unsupported GpsInterface extension: "gps_navigation_message"
E/libgps  ( 4112): Interface "gps_navigation_message" is not supported
E/libgps  ( 4112): proxy__gps_get_extension: Unsupported GpsInterface extension: "gnss_configuration"
E/libgps  ( 4112): Interface "gnss_configuration" is not supported
I/SoftMPEG4Encoder( 3690): Construct SoftMPEG4Encoder
E/OMXNodeInstance( 3690): getParameter(100663311) ERROR: 0x8000100e
W/ACodec  ( 3690): do not know color format 0x7f000789 = 2130708361
E/OMXNodeInstance( 3690): getParameter(100663297) ERROR: 0x8000100e
E/OMXNodeInstance( 3690): getParameter(100663311) ERROR: 0x8000100e
W/ACodec  ( 3690): do not know color format 0x7f000789 = 2130708361
E/OMXNodeInstance( 3690): getParameter(100663297) ERROR: 0x8000100e
I/art     ( 4112): Background partial concurrent mark sweep GC freed 19021(1005KB) AllocSpace objects, 0(0B) LOS objects, 33% free, 21MB/32MB, paused 10.928ms total 65.082ms
D/GpsLocationProvider( 4112): Reset GPS properties, previous size = 0
D/GpsLocationProvider( 4112): GpsParamsResource: SUPL_HOST=supl.google.com
D/GpsLocationProvider( 4112): GpsParamsResource: SUPL_PORT=7275
D/GpsLocationProvider( 4112): GpsParamsResource: NTP_SERVER=north-america.pool.ntp.org
D/GpsLocationProvider( 4112): GpsParamsResource: SUPL_VER=0x20000
D/GpsLocationProvider( 4112): GpsParamsResource: SUPL_MODE=1
D/SoftFFmpegAudio( 3690): SoftFFmpegAudio component: OMX.ffmpeg.aac.decoder mMode: 1 mHighResAudioEnabled: 1
E/OMXNodeInstance( 3690): getParameter(100663311) ERROR: 0x8000101a
E/OMXNodeInstance( 3690): getParameter(100663297) ERROR: 0x8000101a
D/GpsLocationProvider( 4112): GPS properties reloaded, size = 18
D/libgps  ( 4112): SendGpsExtensionMessage: Waiting for IPC connection...
D/SoftFFmpegAudio( 3690): SoftFFmpegAudio component: OMX.ffmpeg.wma.decoder mMode: 4 mHighResAudioEnabled: 1
E/OMXNodeInstance( 3690): getParameter(100663311) ERROR: 0x8000101a
E/OMXNodeInstance( 3690): getParameter(100663297) ERROR: 0x8000101a
D/SoftFFmpegAudio( 3690): SoftFFmpegAudio component: OMX.ffmpeg.ra.decoder mMode: 5 mHighResAudioEnabled: 1
E/OMXNodeInstance( 3690): getParameter(100663311) ERROR: 0x8000101a
E/OMXNodeInstance( 3690): getParameter(100663297) ERROR: 0x8000101a
D/SoftFFmpegAudio( 3690): SoftFFmpegAudio component: OMX.ffmpeg.flac.decoder mMode: 6 mHighResAudioEnabled: 1
E/OMXNodeInstance( 3690): getParameter(100663311) ERROR: 0x8000101a
E/OMXNodeInstance( 3690): getParameter(100663297) ERROR: 0x8000101a
D/SoftFFmpegAudio( 3690): SoftFFmpegAudio component: OMX.ffmpeg.mp2.decoder mMode: 7 mHighResAudioEnabled: 1
E/OMXNodeInstance( 3690): getParameter(100663311) ERROR: 0x8000101a
E/OMXNodeInstance( 3690): getParameter(100663297) ERROR: 0x8000101a
D/SoftFFmpegAudio( 3690): SoftFFmpegAudio component: OMX.ffmpeg.ac3.decoder mMode: 8 mHighResAudioEnabled: 1
E/OMXNodeInstance( 3690): getParameter(100663311) ERROR: 0x8000101a
E/OMXNodeInstance( 3690): getParameter(100663297) ERROR: 0x8000101a
D/SoftFFmpegAudio( 3690): SoftFFmpegAudio component: OMX.ffmpeg.ape.decoder mMode: 9 mHighResAudioEnabled: 1
E/OMXNodeInstance( 3690): getParameter(100663311) ERROR: 0x8000101a
E/OMXNodeInstance( 3690): getParameter(100663297) ERROR: 0x8000101a
D/SoftFFmpegAudio( 3690): SoftFFmpegAudio component: OMX.ffmpeg.dts.decoder mMode: 10 mHighResAudioEnabled: 1
E/OMXNodeInstance( 3690): getParameter(100663311) ERROR: 0x8000101a
E/OMXNodeInstance( 3690): getParameter(100663297) ERROR: 0x8000101a
D/SoftFFmpegAudio( 3690): SoftFFmpegAudio component: OMX.ffmpeg.atrial.decoder mMode: 11 mHighResAudioEnabled: 1
E/OMXNodeInstance( 3690): getParameter(100663311) ERROR: 0x8000101a
E/OMXNodeInstance( 3690): getParameter(100663297) ERROR: 0x8000101a
D/SoftFFmpegVideo( 3690): SoftFFmpegVideo component: OMX.ffmpeg.mpeg2.decoder mMode: 0 appData: 0xb3a98938
E/OMXNodeInstance( 3690): getParameter(100663311) ERROR: 0x8000101a
E/OMXNodeInstance( 3690): getParameter(100663297) ERROR: 0x8000100e
E/OMXNodeInstance( 3690): OMX_GetExtensionIndex OMX.google.android.index.storeMetaDataInBuffers failed
W/OMXNodeInstance( 3690): OMX_GetExtensionIndex OMX.google.android.index.prepareForAdaptivePlayback failed
D/SoftFFmpegVideo( 3690): SoftFFmpegVideo component: OMX.ffmpeg.wmv.decoder mMode: 0 appData: 0xb3a98a18
E/OMXNodeInstance( 3690): getParameter(100663311) ERROR: 0x8000101a
E/OMXNodeInstance( 3690): getParameter(100663297) ERROR: 0x8000100e
E/OMXNodeInstance( 3690): OMX_GetExtensionIndex OMX.google.android.index.storeMetaDataInBuffers failed
W/OMXNodeInstance( 3690): OMX_GetExtensionIndex OMX.google.android.index.prepareForAdaptivePlayback failed
D/SoftFFmpegVideo( 3690): SoftFFmpegVideo component: OMX.ffmpeg.rv.decoder mMode: 0 appData: 0xb3a98a88
E/OMXNodeInstance( 3690): getParameter(100663311) ERROR: 0x8000101a
E/OMXNodeInstance( 3690): getParameter(100663297) ERROR: 0x8000100e
E/OMXNodeInstance( 3690): OMX_GetExtensionIndex OMX.google.android.index.storeMetaDataInBuffers failed
W/OMXNodeInstance( 3690): OMX_GetExtensionIndex OMX.google.android.index.prepareForAdaptivePlayback failed
D/SoftFFmpegVideo( 3690): SoftFFmpegVideo component: OMX.ffmpeg.flv1.decoder mMode: 0 appData: 0xb3a98ac0
E/OMXNodeInstance( 3690): getParameter(100663311) ERROR: 0x8000101a
E/OMXNodeInstance( 3690): getParameter(100663297) ERROR: 0x8000100e
E/OMXNodeInstance( 3690): OMX_GetExtensionIndex OMX.google.android.index.storeMetaDataInBuffers failed
W/OMXNodeInstance( 3690): OMX_GetExtensionIndex OMX.google.android.index.prepareForAdaptivePlayback failed
D/SoftFFmpegVideo( 3690): SoftFFmpegVideo component: OMX.ffmpeg.vtrial.decoder mMode: 0 appData: 0xb3a98af8
E/OMXNodeInstance( 3690): getParameter(100663311) ERROR: 0x8000101a
E/OMXNodeInstance( 3690): getParameter(100663297) ERROR: 0x8000100e
E/OMXNodeInstance( 3690): OMX_GetExtensionIndex OMX.google.android.index.storeMetaDataInBuffers failed
W/OMXNodeInstance( 3690): OMX_GetExtensionIndex OMX.google.android.index.prepareForAdaptivePlayback failed
D/NuPlayerDriver( 3690): reset(0xb6153d00)
W/Settings( 4287): Setting airplane_mode_on has moved from android.provider.Settings.System to android.provider.Settings.Global, returning read-only value.
D/NuPlayerDriver( 3690): reset(0xb560d040)
D/NuPlayerDriver( 3690): notifyResetComplete(0xb6153d00)
D/NuPlayerDriver( 3690): notifyResetComplete(0xb560d040)
W/Settings( 4287): Setting airplane_mode_on has moved from android.provider.Settings.System to android.provider.Settings.Global, returning read-only value.
D/WVMDrmPlugIn( 3688): WVMDrmPlugin::onInitialize : 5776
D/WVMDrmPlugIn( 3688): WVMDrmPlugin::onSetOnInfoListener : add 5776
D/WVMDrmPlugIn( 3688): WVMDrmPlugin::onTerminate : 5776
I/FFmpegExtractor( 3690): android-source:0xb543d060
I/FFMPEG  ( 3690): Input #0, ogg, from 'android-source:0xb543d060':
I/FFMPEG  ( 3690):   Duration: 00:00:00.11, start: 0.000000, bitrate: 431 kb/s
I/FFMPEG  ( 3690):     Stream #0:0: Audio: vorbis, 48000 Hz, mono, fltp, 140 kb/s
D/FFmpegExtractor( 3690): FFmpegExtrator, url: android-source:0xb543d060, format_name: ogg, format_long_name: Ogg
I/FFmpegExtractor( 3690): adjust mime(application/ogg -> audio/vorbis)
D/FFmpegExtractor( 3690): suppoted codec(vorbis) by official Stagefright
D/FFmpegExtractor( 3690): ffmpeg detected media content as 'audio/vorbis' with confidence 0.08
D/WVMDrmPlugIn( 3688): WVMDrmPlugin::onInitialize : 7809
D/WVMDrmPlugIn( 3688): WVMDrmPlugin::onSetOnInfoListener : add 7809
D/WVMDrmPlugIn( 3688): WVMDrmPlugin::onTerminate : 7809
I/FFmpegExtractor( 3690): android-source:0xb38a8f60
I/FFMPEG  ( 3690): Input #0, ogg, from 'android-source:0xb38a8f60':
I/FFMPEG  ( 3690):   Duration: 00:00:00.19, start: 0.000000, bitrate: 332 kb/s
I/FFMPEG  ( 3690):     Stream #0:0: Audio: vorbis, 44100 Hz, stereo, fltp, 160 kb/s
D/FFmpegExtractor( 3690): FFmpegExtrator, url: android-source:0xb38a8f60, format_name: ogg, format_long_name: Ogg
I/FFmpegExtractor( 3690): adjust mime(application/ogg -> audio/vorbis)
D/FFmpegExtractor( 3690): suppoted codec(vorbis) by official Stagefright
D/FFmpegExtractor( 3690): ffmpeg detected media content as 'audio/vorbis' with confidence 0.08
D/NuPlayerDriver( 3690): start(0xb6153d00)
I/GenericSource( 3690): start
W/Utils   ( 3690): bool android::canOffloadStream(const android::sp<android::MetaData>&, bool, const android::sp<android::MetaData>&, bool, audio_stream_type_t) No sample bit depth info in meta data
E/AudioPolicyManager( 3690): isOffloadSupported: stream_type != MUSIC, returning false
W/Utils   ( 3690): bool android::canOffloadStream(const android::sp<android::MetaData>&, bool, const android::sp<android::MetaData>&, bool, audio_stream_type_t) No sample bit depth info in meta data
E/AudioPolicyManager( 3690): isOffloadSupported: stream_type != MUSIC, returning false
D/NuPlayerDriver( 3690): start(0xb5812040)
I/GenericSource( 3690): start
W/Utils   ( 3690): bool android::canOffloadStream(const android::sp<android::MetaData>&, bool, const android::sp<android::MetaData>&, bool, audio_stream_type_t) No sample bit depth info in meta data
E/AudioPolicyManager( 3690): isOffloadSupported: stream_type != MUSIC, returning false
W/Utils   ( 3690): bool android::canOffloadStream(const android::sp<android::MetaData>&, bool, const android::sp<android::MetaData>&, bool, audio_stream_type_t) No sample bit depth info in meta data
E/AudioPolicyManager( 3690): isOffloadSupported: stream_type != MUSIC, returning false
I/LatinIME( 4473): Hardware accelerated drawing: true
D/NuPlayerDriver( 3690): reset(0xb6153d00)
D/NuPlayerDriver( 3690): reset(0xb5812040)
D/NuPlayerDriver( 3690): notifyResetComplete(0xb6153d00)
D/NuPlayerDriver( 3690): notifyResetComplete(0xb5812040)
D/WVMDrmPlugIn( 3688): WVMDrmPlugin::onInitialize : 6841
D/WVMDrmPlugIn( 3688): WVMDrmPlugin::onSetOnInfoListener : add 6841
D/WVMDrmPlugIn( 3688): WVMDrmPlugin::onTerminate : 6841
I/FFmpegExtractor( 3690): android-source:0xb38a8f60
I/FFMPEG  ( 3690): Input #0, ogg, from 'android-source:0xb38a8f60':
I/FFMPEG  ( 3690):   Duration: 00:00:00.08, start: 0.000000, bitrate: 571 kb/s
I/FFMPEG  ( 3690):     Stream #0:0: Audio: vorbis, 48000 Hz, stereo, fltp, 160 kb/s
D/FFmpegExtractor( 3690): FFmpegExtrator, url: android-source:0xb38a8f60, format_name: ogg, format_long_name: Ogg
I/FFmpegExtractor( 3690): adjust mime(application/ogg -> audio/vorbis)
D/FFmpegExtractor( 3690): suppoted codec(vorbis) by official Stagefright
D/FFmpegExtractor( 3690): ffmpeg detected media content as 'audio/vorbis' with confidence 0.08
D/WVMDrmPlugIn( 3688): WVMDrmPlugin::onInitialize : 5519
D/WVMDrmPlugIn( 3688): WVMDrmPlugin::onSetOnInfoListener : add 5519
D/WVMDrmPlugIn( 3688): WVMDrmPlugin::onTerminate : 5519
I/FFmpegExtractor( 3690): android-source:0xb3906060
I/FFMPEG  ( 3690): Input #0, ogg, from 'android-source:0xb3906060':
I/FFMPEG  ( 3690):   Duration: 00:00:00.11, start: 0.000000, bitrate: 440 kb/s
I/FFMPEG  ( 3690):     Stream #0:0: Audio: vorbis, 48000 Hz, mono, fltp, 140 kb/s
D/FFmpegExtractor( 3690): FFmpegExtrator, url: android-source:0xb3906060, format_name: ogg, format_long_name: Ogg
I/FFmpegExtractor( 3690): adjust mime(application/ogg -> audio/vorbis)
D/FFmpegExtractor( 3690): suppoted codec(vorbis) by official Stagefright
D/FFmpegExtractor( 3690): ffmpeg detected media content as 'audio/vorbis' with confidence 0.08
D/NuPlayerDriver( 3690): start(0xb560d040)
I/GenericSource( 3690): start
W/Utils   ( 3690): bool android::canOffloadStream(const android::sp<android::MetaData>&, bool, const android::sp<android::MetaData>&, bool, audio_stream_type_t) No sample bit depth info in meta data
E/AudioPolicyManager( 3690): isOffloadSupported: stream_type != MUSIC, returning false
W/Utils   ( 3690): bool android::canOffloadStream(const android::sp<android::MetaData>&, bool, const android::sp<android::MetaData>&, bool, audio_stream_type_t) No sample bit depth info in meta data
E/AudioPolicyManager( 3690): isOffloadSupported: stream_type != MUSIC, returning false
W/SubtypeLocaleUtils( 4473): KeyboardLayoutSet not found, use QWERTY: locale=en_AU extraValue=TrySuppressingImeSwitcher,AsciiCapable,SupportTouchPositionCorrection,EmojiCapable
D/NuPlayerDriver( 3690): start(0xb6153d00)
I/GenericSource( 3690): start
W/Utils   ( 3690): bool android::canOffloadStream(const android::sp<android::MetaData>&, bool, const android::sp<android::MetaData>&, bool, audio_stream_type_t) No sample bit depth info in meta data
E/AudioPolicyManager( 3690): isOffloadSupported: stream_type != MUSIC, returning false
W/Utils   ( 3690): bool android::canOffloadStream(const android::sp<android::MetaData>&, bool, const android::sp<android::MetaData>&, bool, audio_stream_type_t) No sample bit depth info in meta data
E/AudioPolicyManager( 3690): isOffloadSupported: stream_type != MUSIC, returning false
D/NuPlayerDriver( 3690): reset(0xb560d040)
D/NuPlayerDriver( 3690): notifyResetComplete(0xb560d040)
W/InputAttributes( 4473): No editor info for this field. Bug?
D/NuPlayerDriver( 3690): reset(0xb6153d00)
D/NuPlayerDriver( 3690): notifyResetComplete(0xb6153d00)
I/LatinIME:LogUtils( 4473): Dictionary info: dictionary = UserHistoryDictionary.es ; version = 1437022783 ; date = ?
D/WVMDrmPlugIn( 3688): WVMDrmPlugin::onInitialize : 4524
D/WVMDrmPlugIn( 3688): WVMDrmPlugin::onSetOnInfoListener : add 4524
D/WVMDrmPlugIn( 3688): WVMDrmPlugin::onTerminate : 4524
I/FFmpegExtractor( 3690): android-source:0xb5206060
I/FFMPEG  ( 3690): Input #0, ogg, from 'android-source:0xb5206060':
I/FFMPEG  ( 3690):   Duration: 00:00:00.11, start: 0.000000, bitrate: 431 kb/s
I/FFMPEG  ( 3690):     Stream #0:0: Audio: vorbis, 48000 Hz, mono, fltp, 140 kb/s
D/FFmpegExtractor( 3690): FFmpegExtrator, url: android-source:0xb5206060, format_name: ogg, format_long_name: Ogg
I/FFmpegExtractor( 3690): adjust mime(application/ogg -> audio/vorbis)
D/FFmpegExtractor( 3690): suppoted codec(vorbis) by official Stagefright
I/LatinIME:LogUtils( 4473): Dictionary info: dictionary = userunigram.es ; version = 1437022783 ; date = ?
D/FFmpegExtractor( 3690): ffmpeg detected media content as 'audio/vorbis' with confidence 0.08
I/LatinIME:LogUtils( 4473): Dictionary info: dictionary = PersonalizationDictionary.es ; version = 1437022783 ; date = ?
I/LatinIME:LogUtils( 4473): Dictionary info: dictionary = contacts.es ; version = 1437022783 ; date = ?
I/LatinIME:LogUtils( 4473): Dictionary info: dictionary = ContextualDictionary.es ; version = 1437022783 ; date = ?
W/Settings( 4287): Setting airplane_mode_on has moved from android.provider.Settings.System to android.provider.Settings.Global, returning read-only value.
D/NuPlayerDriver( 3690): start(0xb230d040)
I/GenericSource( 3690): start
W/Utils   ( 3690): bool android::canOffloadStream(const android::sp<android::MetaData>&, bool, const android::sp<android::MetaData>&, bool, audio_stream_type_t) No sample bit depth info in meta data
E/AudioPolicyManager( 3690): isOffloadSupported: stream_type != MUSIC, returning false
W/Utils   ( 3690): bool android::canOffloadStream(const android::sp<android::MetaData>&, bool, const android::sp<android::MetaData>&, bool, audio_stream_type_t) No sample bit depth info in meta data
E/AudioPolicyManager( 3690): isOffloadSupported: stream_type != MUSIC, returning false
I/ActivityManager( 4112): Start proc android.process.acore for content provider com.android.providers.userdictionary/.UserDictionaryProvider: pid=4596 uid=10006 gids={50006, 9997, 3003, 1028, 1015} abi=armeabi-v7a
D/NuPlayerDriver( 3690): reset(0xb230d040)
D/NuPlayerDriver( 3690): notifyResetComplete(0xb230d040)
D/WVMDrmPlugIn( 3688): WVMDrmPlugin::onInitialize : 6439
D/WVMDrmPlugIn( 3688): WVMDrmPlugin::onSetOnInfoListener : add 6439
D/WVMDrmPlugIn( 3688): WVMDrmPlugin::onTerminate : 6439
I/FFmpegExtractor( 3690): android-source:0xb5206060
I/FFMPEG  ( 3690): Input #0, ogg, from 'android-source:0xb5206060':
I/FFMPEG  ( 3690):   Duration: 00:00:00.11, start: 0.000000, bitrate: 462 kb/s
I/FFMPEG  ( 3690):     Stream #0:0: Audio: vorbis, 48000 Hz, mono, fltp, 140 kb/s
D/FFmpegExtractor( 3690): FFmpegExtrator, url: android-source:0xb5206060, format_name: ogg, format_long_name: Ogg
I/FFmpegExtractor( 3690): adjust mime(application/ogg -> audio/vorbis)
D/FFmpegExtractor( 3690): suppoted codec(vorbis) by official Stagefright
D/FFmpegExtractor( 3690): ffmpeg detected media content as 'audio/vorbis' with confidence 0.08
D/WifiService( 4112): New client listening to asynchronous messages
D/BluetoothManagerService( 4112): Message: 20
D/BluetoothManagerService( 4112): Added callback: android.bluetooth.IBluetoothManagerCallback$Stub$Proxy@22991b73:true
D/BluetoothAdapter( 4287): 271840085: getState() :  mService = null. Returning STATE_OFF
D/BluetoothAdapter( 4287): 271840085: getState() :  mService = null. Returning STATE_OFF
D/ConnectivityService( 4112): listenForNetwork for NetworkRequest [ id=2, legacyType=-1, [] ]
D/NuPlayerDriver( 3690): start(0xb5812040)
I/GenericSource( 3690): start
W/Utils   ( 3690): bool android::canOffloadStream(const android::sp<android::MetaData>&, bool, const android::sp<android::MetaData>&, bool, audio_stream_type_t) No sample bit depth info in meta data
E/AudioPolicyManager( 3690): isOffloadSupported: stream_type != MUSIC, returning false
W/Utils   ( 3690): bool android::canOffloadStream(const android::sp<android::MetaData>&, bool, const android::sp<android::MetaData>&, bool, audio_stream_type_t) No sample bit depth info in meta data
E/AudioPolicyManager( 3690): isOffloadSupported: stream_type != MUSIC, returning false
D/wrapperGPS( 3696): wrapperConnect_RILD
D/gpsd    ( 3696): WakeLock(Acquire,GPSD)
D/gpsd    ( 3696): WakeLock(Release,GPSD)
D/NuPlayerDriver( 3690): reset(0xb5812040)
D/NuPlayerDriver( 3690): notifyResetComplete(0xb5812040)
D/WVMDrmPlugIn( 3688): WVMDrmPlugin::onInitialize : 5489
D/WVMDrmPlugIn( 3688): WVMDrmPlugin::onSetOnInfoListener : add 5489
D/WVMDrmPlugIn( 3688): WVMDrmPlugin::onTerminate : 5489
I/FFmpegExtractor( 3690): android-source:0xb5206060
I/FFMPEG  ( 3690): Input #0, ogg, from 'android-source:0xb5206060':
I/FFMPEG  ( 3690):   Duration: 00:00:00.18, start: 0.000000, bitrate: 431 kb/s
I/FFMPEG  ( 3690):     Stream #0:0: Audio: vorbis, 44100 Hz, mono, fltp, 239 kb/s
I/FFMPEG  ( 3690):     Metadata:
I/FFMPEG  ( 3690):       ARTIST          : Copyright 2013 Android Open Source Project
D/FFmpegExtractor( 3690): FFmpegExtrator, url: android-source:0xb5206060, format_name: ogg, format_long_name: Ogg
I/FFmpegExtractor( 3690): adjust mime(application/ogg -> audio/vorbis)
D/FFmpegExtractor( 3690): suppoted codec(vorbis) by official Stagefright
D/FFmpegExtractor( 3690): ffmpeg detected media content as 'audio/vorbis' with confidence 0.08
I/ActivityManager( 4112): Start proc com.cyanogenmod.lockclock for content provider com.cyanogenmod.lockclock/.weather.WeatherContentProvider: pid=4633 uid=10042 gids={50042, 9997, 3003} abi=armeabi-v7a
D/NuPlayerDriver( 3690): start(0xb560d040)
I/GenericSource( 3690): start
W/Utils   ( 3690): bool android::canOffloadStream(const android::sp<android::MetaData>&, bool, const android::sp<android::MetaData>&, bool, audio_stream_type_t) No sample bit depth info in meta data
E/AudioPolicyManager( 3690): isOffloadSupported: stream_type != MUSIC, returning false
W/Utils   ( 3690): bool android::canOffloadStream(const android::sp<android::MetaData>&, bool, const android::sp<android::MetaData>&, bool, audio_stream_type_t) No sample bit depth info in meta data
E/AudioPolicyManager( 3690): isOffloadSupported: stream_type != MUSIC, returning false
D/NuPlayerDriver( 3690): reset(0xb560d040)
D/NuPlayerDriver( 3690): notifyResetComplete(0xb560d040)
I/LatinIME:LogUtils( 4473): Dictionary info: dictionary = PersonalizationDictionary.es ; version = 1437022783 ; date = ?
I/LatinIME:LogUtils( 4473): Dictionary info: dictionary = PersonalizationDictionary.es ; version = 1437022783 ; date = ?
D/WeatherUpdateService( 4633): Service started, but shouldn't update ... stopping
D/BluetoothAdapter( 4287): 271840085: getState() :  mService = null. Returning STATE_OFF
D/BluetoothAdapter( 4287): 271840085: getState() :  mService = null. Returning STATE_OFF
D/BluetoothAdapter( 4287): 271840085: getState() :  mService = null. Returning STATE_OFF
D/BluetoothAdapter( 4287): 271840085: getState() :  mService = null. Returning STATE_OFF
I/LatinIME:LogUtils( 4473): Dictionary info: dictionary = main:es ; version = 49 ; date = 1404131686
D/PermissionCache( 3686): checking android.permission.ACCESS_SURFACE_FLINGER for uid=10016 => granted (187 us)
D/OpenGLRenderer( 4287): Render dirty regions requested: true
I/ContactLocale( 4596): AddressBook Labels [es-ES]: [, A, B, C, D, E, F, G, H, I, J, K, L, M, N, , O, P, Q, R, S, T, U, V, W, X, Y, Z, , , , , , , , , , , , , , , , , , , , , , , , , , , , , , , , , , , , , , , , , , , , , , , , , , , , , , , , , , , , , , , , , , , , , , , , , , , , , , , , , , , , , , , , , , , , , , , , , , , , , , , , , , , , , , , , , , , , , , , , , , , , , , , , , , , , , , , , , , , , , , , , , , , , , , , , , , , , , , , , , , , , , , , , , , , , , , , , , , , , , , , , , , , , #, ]
D/Atlas   ( 4287): Validating map...
D/PhoneStatusBar( 4287): disable: < expand icons alerts system_info back home recent clock search >
D/BluetoothAdapter( 4287): 271840085: getState() :  mService = null. Returning STATE_OFF
D/BluetoothAdapter( 4287): 271840085: getState() :  mService = null. Returning STATE_OFF
D/PhoneStatusBar( 4287): heads up is enabled
I/Choreographer( 4287): Skipped 49 frames!  The application may be doing too much work on its main thread.
D/ViewRootImpl( 4287): changeCanvasOpacity: opaque=true
W/Settings( 4287): Setting airplane_mode_on has moved from android.provider.Settings.System to android.provider.Settings.Global, returning read-only value.
W/Settings( 4287): Setting airplane_mode_on has moved from android.provider.Settings.System to android.provider.Settings.Global, returning read-only value.
I/        ( 4287): PLATFORM VERSION : JB-MR-2
I/OpenGLRenderer( 4287): Initialized EGL, version 1.4
D/OpenGLRenderer( 4287): Enabling debug mode 0
D/WifiService( 4112): New client listening to asynchronous messages
D/OpenGLRenderer( 4287): setting property extraRasterBucket to 0.95
D/OpenGLRenderer( 4287):     failed
D/OpenGLRenderer( 4287): setting property extraRasterBucket to 0.0
D/OpenGLRenderer( 4287):     failed
D/libgps  ( 4112): SendGpsExtensionMessage: Waiting for IPC connection - timeout
E/libgps  ( 4112): LIBGPS: Cannot communicate (write) with a GPSD
E/libgps  ( 4112): IPC Communication Error, /tmp/13632270_219420/customers/samsung/KGFEVOandroid/../../../proprietary/deliverables/android/gps_interface/../gps_interface/gpsi_client/GpsiClient.cpp:617 SendGpsExtensionMessage
D/libgps  ( 4112): agps_set_server: Waiting for IPC connection...
D/libgps  ( 4112): agps_set_server: Waiting for IPC connection - timeout
E/libgps  ( 4112): LIBGPS: Cannot communicate (write) with a GPSD
E/libgps  ( 4112): IPC Communication Error, /tmp/13632270_219420/customers/samsung/KGFEVOandroid/../../../proprietary/deliverables/android/gps_interface/../gps_interface/gpsi_client/GpsiClient.cpp:1556 agps_set_server
E/GpsLocationProvider( 4112): no GPS configuration interface in configuraiton_update
D/GpsLocationProvider( 4112): final config = #Thu Jul 16 01:59:45 GMT-03:00 2015
D/GpsLocationProvider( 4112): SUPL_HOST=supl.google.com
D/GpsLocationProvider( 4112): XTRA_SERVER_3=http\://xtrapath3.izatcloud.net/xtra2.bin
D/GpsLocationProvider( 4112): XTRA_SERVER_1=http\://xtrapath1.izatcloud.net/xtra2.bin
D/GpsLocationProvider( 4112): SUPL_PORT=7276
D/GpsLocationProvider( 4112): XTRA_VERSION_CHECK=0
D/GpsLocationProvider( 4112): DEBUG_LEVEL=2
D/GpsLocationProvider( 4112): XTRA_SERVER_2=http\://xtrapath2.izatcloud.net/xtra2.bin
D/GpsLocationProvider( 4112): SUPL_ES=1
D/GpsLocationProvider( 4112): NMEA_PROVIDER=1
D/GpsLocationProvider( 4112): CAPABILITIES=0x37
D/GpsLocationProvider( 4112): SUPL_VER=0x10000
D/GpsLocationProvider( 4112): ERR_ESTIMATE=0
D/GpsLocationProvider( 4112): A_GLONASS_POS_PROTOCOL_SELECT=0 \#Sensor R&D \: This will not be injected to MODEM
D/GpsLocationProvider( 4112): INTERMEDIATE_POS=0
D/GpsLocationProvider( 4112): SGLTE_TARGET=0
D/GpsLocationProvider( 4112): LPP_PROFILE=0 \# Sensor R&D \: This will not be injected to MODEM
D/GpsLocationProvider( 4112): NTP_SERVER=ru.pool.ntp.org
D/GpsLocationProvider( 4112): SUPL_MODE=1
W/ServiceWatcher( 4112): com.google.android.gms not found
W/ServiceWatcher( 4112): com.google.android.gms not found
W/LocationManagerService( 4112): no network location provider found
W/ServiceWatcher( 4112): com.google.android.gms not found
W/ServiceWatcher( 4112): com.google.android.gms not found
E/LocationManagerService( 4112): no geocoder provider found
E/FlpHardwareProvider( 4112): Error hw_get_module 'flp': -2
E/LocationManagerService( 4112): FLP HAL not supported
W/ServiceWatcher( 4112): com.google.android.gms not found
E/LocationManagerService( 4112): Unable to bind FLP Geofence proxy.
E/ActivityRecognitionHardware( 4112): Error hw_get_module: -2
E/LocationManagerService( 4112): Hardware Activity-Recognition not supported.
D/gpsd    ( 3696): WakeLock(Acquire,GPSD)
D/gpsd    ( 3696): WakeLock(Release,GPSD)
D/libgps  ( 4112): SendGpsExtensionMessage: Waiting for IPC connection...
I/CommonTimeManagementService( 4112): No common time service detected on this platform.  Common time services will be unavailable.
D/libgps  ( 4112): Restore last known AGPS server state
D/libgps  ( 4112): GeofenceControllerStateWaitForConnection: EXIT
D/libgps  ( 4112): GeofenceControllerStateConnected: ENTRY
D/gpsd    ( 3696): WakeLock(Acquire,GPSD)
D/gpsd    ( 3696): WakeLock(Release,GPSD)
D/GpsLocationProvider( 4112): set_capabilities_callback: 38u
D/gpsd    ( 3696): WakeLock(Acquire,GPSD)
D/gpsd    ( 3696): WakeLock(Release,GPSD)
D/gpsd    ( 3696): WakeLock(Acquire,GPSD)
D/gpsd    ( 3696): WakeLock(Release,GPSD)
D/gpsd    ( 3696): WakeLock(Acquire,GPSD)
D/gpsd    ( 3696): WakeLock(Release,GPSD)
I/InputReader( 4112): Reconfiguring input devices.  changes=0x00000040
I/MmsServiceBroker( 4112): Connecting to MmsService
W/ContextImpl( 4112): Calling a method in the system process without a qualified user: android.app.ContextImpl.bindService:1790 com.android.server.MmsServiceBroker.tryConnecting:134 com.android.server.MmsServiceBroker.systemRunning:121 com.android.server.SystemServer$2.run:1345 com.android.server.am.ActivityManagerService.systemReady:11460 
D/gpsd    ( 3696): WakeLock(Acquire,GPSD)
D/gpsd    ( 3696): WakeLock(Release,GPSD)
D/gpsd    ( 3696): WakeLock(Acquire,GPSD)
D/gpsd    ( 3696): WakeLock(Release,GPSD)
I/InputReader( 4112): Reconfiguring input devices.  changes=0x00000020
I/ActivityManager( 4112): Start proc com.android.phone for service com.android.mms.service/.MmsService: pid=4691 uid=1001 gids={41001, 9997, 3002, 3001, 3003, 1028, 1015} abi=armeabi-v7a
D/com.android.server.ThemeService( 4112): Prev api level was: 21, api is now: 21
E/PackageManager( 4112): Unable to find icon pack: system
W/VoiceInteractionManagerService( 4112): no available voice interaction services found for user 0
W/VoiceInteractionManagerService( 4112): no available voice recognition services found for user 0
D/gpsd    ( 3696): WakeLock(Acquire,GPSD)
D/gpsd    ( 3696): WakeLock(Release,GPSD)
D/gpsd    ( 3696): WakeLock(Acquire,GPSD)
D/gpsd    ( 3696): WakeLock(Release,GPSD)
I/ActivityManager( 4112): Start proc com.android.incallui for added application com.android.incallui: pid=4713 uid=10008 gids={50008, 9997, 3003, 1028, 1015} abi=armeabi-v7a
I/art     ( 3698): Explicit concurrent mark sweep GC freed 706(30KB) AllocSpace objects, 0(0B) LOS objects, 40% free, 15MB/25MB, paused 186us total 9.673ms
I/art     ( 3698): Explicit concurrent mark sweep GC freed 5(160B) AllocSpace objects, 0(0B) LOS objects, 40% free, 15MB/25MB, paused 191us total 9.240ms
I/art     ( 3698): Explicit concurrent mark sweep GC freed 5(160B) AllocSpace objects, 0(0B) LOS objects, 40% free, 15MB/25MB, paused 170us total 8.906ms
I/ActivityManager( 4112): Start proc org.cyanogenmod.audiofx for added application org.cyanogenmod.audiofx: pid=4735 uid=10000 gids={50000, 9997, 3003, 3002} abi=armeabi-v7a
I/ActivityManager( 4112): Start proc com.android.server.telecom for added application com.android.server.telecom: pid=4757 uid=1001 gids={41001, 9997, 3002, 3001, 3003, 1028, 1015} abi=armeabi-v7a
I/ActivityManager( 4112): Start proc com.android.phone for added application com.android.phone: pid=4779 uid=1001 gids={41001, 9997, 3002, 3001, 3003, 1028, 1015} abi=armeabi-v7a
I/ActivityManager( 4112): START u0 {act=android.intent.action.MAIN cat=[android.intent.category.HOME] flg=0x10000000 cmp=com.cyanogenmod.trebuchet/com.android.launcher3.Launcher} from uid 0 on display 0
I/ActivityManager( 4112): Start proc com.cyanogenmod.trebuchet for activity com.cyanogenmod.trebuchet/com.android.launcher3.Launcher: pid=4801 uid=10018 gids={50018, 9997, 1028} abi=armeabi-v7a
I/SystemServer( 4112): Enabled StrictMode for system server main thread.
W/art     ( 4112): Long monitor contention event with owner method=void com.android.server.am.ActivityManagerService.systemReady(java.lang.Runnable) from ActivityManagerService.java:11468 waiters=0 for 208ms
I/ActivityManager( 4112): Start proc com.android.printspooler for service com.android.printspooler/.model.PrintSpoolerService: pid=4823 uid=10050 gids={50050, 9997} abi=armeabi-v7a
W/art     ( 4112): Long monitor contention event with owner method=void com.android.server.am.ActivityManagerService.systemReady(java.lang.Runnable) from ActivityManagerService.java:11468 waiters=1 for 231ms
W/ActivityManager( 4112): No pending application record for pid 4691 (IApplicationThread android.app.ApplicationThreadProxy@c4b71a5); dropping process
W/art     ( 4112): Long monitor contention event with owner method=void com.android.server.am.ActivityManagerService.systemReady(java.lang.Runnable) from ActivityManagerService.java:11468 waiters=2 for 191ms
V/StatusBar( 4287): userId 0 is in the house
V/ActivityManager( 4112): Display changed displayId=0
E/Minikin ( 4112): addFont failed to create font /system/fonts/NotoSansGujarati-Regular.ttf
E/Minikin ( 4112): addFont failed to create font /system/fonts/NotoSansGujarati-Bold.ttf
E/Minikin ( 4112): addFont failed to create font /system/fonts/NotoSansGujaratiUI-Regular.ttf
E/Minikin ( 4112): addFont failed to create font /system/fonts/NotoSansGujaratiUI-Bold.ttf
E/Minikin ( 4112): addFont failed to create font /system/fonts/NotoSansGurmukhi-Regular.ttf
E/Minikin ( 4112): addFont failed to create font /system/fonts/NotoSansGurmukhi-Bold.ttf
E/Minikin ( 4112): addFont failed to create font /system/fonts/NotoSansGurmukhiUI-Regular.ttf
E/Minikin ( 4112): addFont failed to create font /system/fonts/NotoSansGurmukhiUI-Bold.ttf
E/Minikin ( 4112): addFont failed to create font /system/fonts/NotoSansSinhala-Regular.ttf
E/Minikin ( 4112): addFont failed to create font /system/fonts/NotoSansSinhala-Bold.ttf
E/Minikin ( 4112): addFont failed to create font /system/fonts/NotoSansCherokee-Regular.ttf
E/Minikin ( 4112): addFont failed to create font /system/fonts/NotoSansCanadianAboriginal-Regular.ttf
E/Minikin ( 4112): addFont failed to create font /system/fonts/NotoSansYi-Regular.ttf
E/Minikin ( 4112): addFont failed to create font /system/fonts/NotoSansHans-Regular.otf
E/Minikin ( 4112): addFont failed to create font /system/fonts/NotoSansHant-Regular.otf
E/Minikin ( 4112): addFont failed to create font /system/fonts/NotoSansJP-Regular.otf
E/Minikin ( 4112): addFont failed to create font /system/fonts/NotoSansKR-Regular.otf
D/Telecom ( 4757): MissedCallNotifier: updateOnStartup()...
V/ActivityManager( 4112): Display changed displayId=0
V/ActivityManager( 4112): Display changed displayId=0
D/WifiScanningService( 4112): SCAN_AVAILABLE : 1
D/RttService( 4112): SCAN_AVAILABLE : 1
D/WifiScanningService( 4112): DefaultState got{ when=0 what=160007 target=com.android.internal.util.StateMachine$SmHandler }
D/RttService( 4112): DefaultState got{ when=0 what=160513 target=com.android.internal.util.StateMachine$SmHandler }
I/Choreographer( 4112): Skipped 206 frames!  The application may be doing too much work on its main thread.
W/InputMethodManagerService( 4112): Focus gain on non-focused client android.view.inputmethod.InputMethodManager$1@2589e8d (uid=1000 pid=4112)
V/ActivityManager( 4112): Display changed displayId=0
I/PrintSpoolerService( 4823): No existing print spooler state.
D/BluetoothManagerService( 4112): Message: 20
D/BluetoothManagerService( 4112): Added callback: android.bluetooth.IBluetoothManagerCallback$Stub$Proxy@ab8451e:true
D/BluetoothManagerService( 4112): Message: 30
D/Launcher.LauncherProvider( 4801): 11683562 - initializeMaxScreenId(): 2
I/ActivityManager( 4112): Start proc com.android.settings for broadcast com.android.settings/.widget.SettingsAppWidgetProvider: pid=4862 uid=1000 gids={41000, 9997, 3003, 1028, 1015, 3002, 3001} abi=armeabi-v7a
V/Launcher( 4801): LauncherAppState inited
D/MmsService( 4779): onCreate
I/MmsService( 4779): MmsConfigManager.loadInBackground(): mcc/mnc: 0/0
E/MmsService( 4779): MmsConfigManager.load -- empty getActiveSubInfoList
D/Telecom ( 4757): ProximitySensorManager: onCreate: mProximityWakeLock: 
W/ResourcesManager( 4112): Asset path '/system/framework/com.android.location.provider.jar' does not exist or contains no resources.
D/GpsNetInitiatedHandler( 4112): location enabled :true
V/WiredAccessoryManager( 4112): init()
D/Telecom ( 4757): MissedCallNotifier: onQueryComplete()...
D/Telecom ( 4757): BluetoothPhoneService: onCreate
D/BluetoothManagerService( 4112): Message: 30
D/Launcher.Model( 4801): Old launcher provider: content://com.android.launcher2.settings/favorites?notify=true
D/Launcher.Model( 4801): Old launcher provider does not exist.
W/Launcher( 4801): setApplicationContext called twice! old=com.android.launcher3.LauncherApplication@394a9004 new=com.android.launcher3.LauncherApplication@394a9004
W/Searchables( 4112): No global search activity found
D/BluetoothManagerService( 4112): Message: 300
D/BluetoothManagerService( 4112): MESSAGE_USER_SWITCHED
E/AudioPolicyManager( 3690): getDeviceForStrategy() speaker device not found for STRATEGY_SONIFICATION
E/AudioPolicyManager( 3690): getDeviceForStrategy() speaker device not found for STRATEGY_SONIFICATION
E/AudioPolicyManager( 3690): getDeviceForStrategy() speaker device not found for STRATEGY_SONIFICATION
E/AudioPolicyManager( 3690): getDeviceForStrategy() speaker device not found for STRATEGY_SONIFICATION
E/Minikin ( 3698): addFont failed to create font /system/fonts/NotoSansGujarati-Regular.ttf
E/Minikin ( 3698): addFont failed to create font /system/fonts/NotoSansGujarati-Bold.ttf
E/Minikin ( 3698): addFont failed to create font /system/fonts/NotoSansGujaratiUI-Regular.ttf
E/Minikin ( 3698): addFont failed to create font /system/fonts/NotoSansGujaratiUI-Bold.ttf
E/Minikin ( 3698): addFont failed to create font /system/fonts/NotoSansGurmukhi-Regular.ttf
E/Minikin ( 3698): addFont failed to create font /system/fonts/NotoSansGurmukhi-Bold.ttf
E/Minikin ( 3698): addFont failed to create font /system/fonts/NotoSansGurmukhiUI-Regular.ttf
E/Minikin ( 3698): addFont failed to create font /system/fonts/NotoSansGurmukhiUI-Bold.ttf
E/Minikin ( 3698): addFont failed to create font /system/fonts/NotoSansSinhala-Regular.ttf
E/Minikin ( 3698): addFont failed to create font /system/fonts/NotoSansSinhala-Bold.ttf
E/Minikin ( 3698): addFont failed to create font /system/fonts/NotoSansCherokee-Regular.ttf
E/Minikin ( 3698): addFont failed to create font /system/fonts/NotoSansCanadianAboriginal-Regular.ttf
E/Minikin ( 3698): addFont failed to create font /system/fonts/NotoSansYi-Regular.ttf
E/Minikin ( 3698): addFont failed to create font /system/fonts/NotoSansHans-Regular.otf
E/Minikin ( 3698): addFont failed to create font /system/fonts/NotoSansHant-Regular.otf
E/Minikin ( 3698): addFont failed to create font /system/fonts/NotoSansJP-Regular.otf
E/Minikin ( 3698): addFont failed to create font /system/fonts/NotoSansKR-Regular.otf
I/ActivityManager( 4112): Start proc org.cyanogenmod.themes.provider for content provider org.cyanogenmod.themes.provider/.ThemesProvider: pid=4913 uid=10017 gids={50017, 9997, 3003} abi=armeabi-v7a
V/BackupManagerService( 4112): Connected to transport ComponentInfo{android/com.android.internal.backup.LocalTransportService}
V/BackupManagerService( 4112): Registering transport android/com.android.internal.backup.LocalTransportService::android/com.android.internal.backup.LocalTransport = android.app.backup.BackupTransport$TransportImpl@1a858489
I/MmsServiceBroker( 4112): MmsService connected
I/FusedLocation( 4112): engine started (com.android.location.fused)
D/WifiService( 4112): New client listening to asynchronous messages
D/BluetoothManagerService( 4112): Message: 20
D/BluetoothManagerService( 4112): Added callback: android.bluetooth.IBluetoothManagerCallback$Stub$Proxy@370bdcaf:true
D/BluetoothAdapter( 4862): 961187844: getState() :  mService = null. Returning STATE_OFF
D/BluetoothManagerService( 4112): Message: 30
I/art     ( 4287): Background sticky concurrent mark sweep GC freed 61225(3MB) AllocSpace objects, 3(52KB) LOS objects, 0% free, 35MB/35MB, paused 8.353ms total 83.807ms
D/BluetoothManagerService( 4112): Message: 30
D/LocalBluetoothProfileManager( 4862): Adding local MAP profile
D/BluetoothMap( 4862): Create BluetoothMap proxy object
D/BluetoothManagerService( 4112): Message: 30
E/AppsCustomizePagedView( 4801): Create Res Apk Failed
D/BluetoothManagerService( 4112): Message: 30
D/LocalBluetoothProfileManager( 4862): LocalBluetoothProfileManager construction complete
D/BluetoothAdapter( 4862): 961187844: getState() :  mService = null. Returning STATE_OFF
D/BluetoothAdapter( 4862): 961187844: getState() :  mService = null. Returning STATE_OFF
I/ActivityManager( 4112): Start proc com.cyanogenmod.eleven for broadcast com.cyanogenmod.eleven/.appwidgets.AppWidgetLarge: pid=4940 uid=10032 gids={50032, 9997, 1028, 1015, 3003} abi=armeabi-v7a
D/ThemesProvider( 4913): Deleted 0
D/LocaleSetManager( 4801): Locale Changed from: null to es-ES
I/LauncherLocale( 4801): AddressBook Labels [es-ES]: [, A, B, C, D, E, F, G, H, I, J, K, L, M, N, , O, P, Q, R, S, T, U, V, W, X, Y, Z, , , , , , , , , , , , , , , , , , , , , , , , , , , , , , , , , , , , , , , , , , , , , , , , , , , , , , , , , , , , , , , , , , , , , , , , , , , , , , , , , , , , , , , , , , , , , , , , , , , , , , , , , , , , , , , , , , , , , , , , , , , , , , , , , , , , , , , , , , , , , , , , , , , , , , , , , , , , , , , , , , , , , , , , , , , , , , , , , , , , , , , , , , , , #, ]
D/Launcher.Model( 4801): 11683562 - loadWorkspace()
D/Launcher.Model( 4801): 11683562 -   loadedOldDb: false
W/Launcher( 4801): setApplicationContext called twice! old=com.android.launcher3.LauncherApplication@394a9004 new=com.android.launcher3.LauncherApplication@394a9004
D/OpenGLRenderer( 4801): Render dirty regions requested: true
D/Atlas   ( 4801): Validating map...
D/ActivityManager( 4112): Storing locale es-ES for decryption UI
I/ActivityManager( 4112): Config changes=300000 {1.0 ?mcc?mnc es_ES ldltr sw360dp w360dp h615dp 480dpi nrml long port finger -keyb/v/h -nav/h s.6 themeResource=themes:{default=overlay:system, iconPack:system, fontPkg:system, com.android.systemui=overlay:system, com.android.systemui.navbar=overlay:system}}
I/art     ( 4287): Background sticky concurrent mark sweep GC freed 32(10KB) AllocSpace objects, 0(0B) LOS objects, 0% free, 51MB/51MB, paused 14.720ms total 23.849ms
E/Minikin ( 4862): addFont failed to create font /system/fonts/NotoSansGujarati-Regular.ttf
E/Minikin ( 4862): addFont failed to create font /system/fonts/NotoSansGujarati-Bold.ttf
E/Minikin ( 4862): addFont failed to create font /system/fonts/NotoSansGujaratiUI-Regular.ttf
E/Minikin ( 4862): addFont failed to create font /system/fonts/NotoSansGujaratiUI-Bold.ttf
E/Minikin ( 4862): addFont failed to create font /system/fonts/NotoSansGurmukhi-Regular.ttf
E/Minikin ( 4862): addFont failed to create font /system/fonts/NotoSansGurmukhi-Bold.ttf
E/Minikin ( 4862): addFont failed to create font /system/fonts/NotoSansGurmukhiUI-Regular.ttf
E/Minikin ( 4862): addFont failed to create font /system/fonts/NotoSansGurmukhiUI-Bold.ttf
E/Minikin ( 4940): addFont failed to create font /system/fonts/NotoSansGujarati-Regular.ttf
E/Minikin ( 4940): addFont failed to create font /system/fonts/NotoSansGujarati-Bold.ttf
E/Minikin ( 4940): addFont failed to create font /system/fonts/NotoSansGujaratiUI-Regular.ttf
E/Minikin ( 4940): addFont failed to create font /system/fonts/NotoSansGujaratiUI-Bold.ttf
E/Minikin ( 4940): addFont failed to create font /system/fonts/NotoSansGurmukhi-Regular.ttf
E/Minikin ( 4940): addFont failed to create font /system/fonts/NotoSansGurmukhi-Bold.ttf
E/Minikin ( 4940): addFont failed to create font /system/fonts/NotoSansGurmukhiUI-Regular.ttf
E/Minikin ( 4940): addFont failed to create font /system/fonts/NotoSansGurmukhiUI-Bold.ttf
I/        ( 4801): PLATFORM VERSION : JB-MR-2
E/Minikin ( 4862): addFont failed to create font /system/fonts/NotoSansSinhala-Regular.ttf
I/OpenGLRenderer( 4801): Initialized EGL, version 1.4
E/Minikin ( 4862): addFont failed to create font /system/fonts/NotoSansSinhala-Bold.ttf
E/Minikin ( 4940): addFont failed to create font /system/fonts/NotoSansSinhala-Regular.ttf
E/Minikin ( 4940): addFont failed to create font /system/fonts/NotoSansSinhala-Bold.ttf
E/Minikin ( 4862): addFont failed to create font /system/fonts/NotoSansCherokee-Regular.ttf
E/Minikin ( 4862): addFont failed to create font /system/fonts/NotoSansCanadianAboriginal-Regular.ttf
