I/SystemServer( 4116): Audio Service
E/AudioPolicyManager( 3692): getDeviceForStrategy() speaker device not found for STRATEGY_SONIFICATION
E/AudioPolicyManager( 3692): getDeviceForStrategy() speaker device not found for STRATEGY_SONIFICATION
W/TelecomManager( 4116): Telecom Service not found.
E/AudioPolicyManager( 3692): getDeviceForStrategy() speaker device not found for STRATEGY_SONIFICATION
E/AudioPolicyManager( 3692): getDeviceForStrategy() speaker device not found for STRATEGY_SONIFICATION
E/AudioPolicyManager( 3692): getDeviceForStrategy() speaker device not found for STRATEGY_SONIFICATION
E/AudioPolicyManager( 3692): getDeviceForStrategy() speaker device not found for STRATEGY_SONIFICATION
E/AudioPolicyManager( 3692): getDeviceForStrategy() speaker device not found for STRATEGY_SONIFICATION
E/AudioPolicyManager( 3692): getDeviceForStrategy() speaker device not found for STRATEGY_SONIFICATION
I/SystemServiceManager( 4116): Starting com.android.server.DockObserver
I/SystemServer( 4116): Wired Accessory Manager
W/WiredAccessoryManager( 4116): This kernel does not have usb audio support
I/SystemServiceManager( 4116): Starting com.android.server.usb.UsbService$Lifecycle
I/SystemServer( 4116): Serial Service
I/SystemServiceManager( 4116): Starting com.android.server.twilight.TwilightService
I/SystemServiceManager( 4116): Starting com.android.server.UiModeManagerService
I/SystemServiceManager( 4116): Starting com.android.server.job.JobSchedulerService
I/SystemServiceManager( 4116): Starting com.android.server.backup.BackupManagerService$Lifecycle
V/BackupManagerService( 4116): No ancestral data
D/BackupManagerService( 4116): Now staging backup of com.android.calendar
D/BackupManagerService( 4116): Now staging backup of com.android.dialer
D/BackupManagerService( 4116): Now staging backup of com.android.providers.userdictionary
D/BackupManagerService( 4116): Now staging backup of com.android.sharedstoragebackup
D/BackupManagerService( 4116): Now staging backup of com.android.providers.settings
D/BackupManagerService( 4116): Now staging backup of android
D/BackupManagerService( 4116): Now staging backup of com.android.mms
D/BackupManagerService( 4116): Now staging backup of com.android.browser
V/BackupManagerService( 4116): Starting with transport com.google.android.backup/.BackupTransportService
V/BackupManagerService( 4116): Found transports: 1
I/BackupManagerService( 4116): Binding to transport host ComponentInfo{android/com.android.internal.backup.LocalTransportService}
I/SystemServiceManager( 4116): Starting com.android.server.appwidget.AppWidgetService
I/SystemServiceManager( 4116): Starting com.android.server.voiceinteraction.VoiceInteractionManagerService
W/SoundTriggerHelper( 4116): listModules status=0, # of modules=0
I/SystemServer( 4116): DiskStats Service
I/SystemServer( 4116): SamplingProfiler Service
I/SystemServer( 4116): NetworkTimeUpdateService
I/SystemServer( 4116): CommonTimeManagementService
I/SystemServer( 4116): CertBlacklister
I/SystemServiceManager( 4116): Starting com.android.server.dreams.DreamManagerService
I/SystemServer( 4116): Assets Atlas Service
I/SystemServiceManager( 4116): Starting com.android.server.print.PrintManagerService
D/Atlas   ( 4116): Computing best atlas configuration...
I/SystemServiceManager( 4116): Starting com.android.server.restrictions.RestrictionsManagerService
D/Atlas   ( 4116): Running Atlas Worker #1
I/SystemServiceManager( 4116): Starting com.android.server.media.MediaSessionService
D/Atlas   ( 4116): Running Atlas Worker #2
D/Atlas   ( 4116): Running Atlas Worker #3
D/Atlas   ( 4116): Running Atlas Worker #4
I/SystemServer( 4116): Theme Service
D/Atlas   ( 4116): Running Atlas Worker #5
D/Atlas   ( 4116): Running Atlas Worker #6
D/Atlas   ( 4116): Running Atlas Worker #7
D/Atlas   ( 4116): Running Atlas Worker #8
I/com.android.server.ThemeService( 4116): Spawned worker thread
I/SystemServer( 4116): KillSwitch Service
I/SystemServer( 4116): Media Router Service
I/SystemServiceManager( 4116): Starting com.android.server.trust.TrustManagerService
I/SystemServiceManager( 4116): Starting com.android.server.fingerprint.FingerprintService
V/Fingerprint-JNI( 4116): nativeInit()
V/Fingerprint-JNI( 4116): nativeOpenHal()
E/Fingerprint-JNI( 4116): Can't open fingerprint HW Module, error: -2
I/SystemServer( 4116): BackgroundDexOptService
I/SystemServer( 4116): CmHardwareService
D/Atlas   ( 4116): Found best atlas configuration in 0.04s
D/Atlas   ( 4116): Loaded configuration: SliceMinArea (1728x1984) flags=0x2 count=389
I/SystemServiceManager( 4116): Starting com.android.server.pm.LauncherAppsService
D/SystemServer( 4116): Wipower not supported
I/SystemServer( 4116): EdgeGesture service
I/SystemServiceManager( 4116): Starting com.android.server.media.projection.MediaProjectionManagerService
I/WindowManager( 4116): SAFE MODE not enabled
I/SystemServiceManager( 4116): Starting com.android.server.MmsServiceBroker
E/SQLiteLog( 4116): (1) no such table: locksettings
I/LockSettingsService( 4116): Migrated lock settings to new location
D/Atlas   ( 4116): Rendered atlas in 59.95ms (39.65+20.30ms)
I/LockSettingsService( 4116): Migrated per-user lock settings to new location
I/SystemServiceManager( 4116): Starting phase 480
I/SystemServiceManager( 4116): Starting phase 500
I/WifiService( 4116): WifiService starting up with Wi-Fi disabled
I/WifiScanningService( 4116): Registering wifiscanner
D/WifiScanningService( 4116): New client, channel: null messenger: null
I/RttService( 4116): Registering rttmanager
D/WifiChangeStateMachine( 4116): Entering IdleState
D/WifiScanningService( 4116): DefaultState
I/ActivityManager( 4116): Config changes=200 {1.0 ?mcc?mnc en_US ldltr sw360dp w360dp h615dp 480dpi nrml long port finger -keyb/h/h -nav/h s.5 themeResource=null}
D/LiveDisplay( 4116): Adjust display temperature to 6500K [r=1.0 g=1.0 b=1.0]
D/PermissionCache( 3689): checking android.permission.HARDWARE_TEST for uid=1000 => granted (230 us)
I/DisplayManagerService( 4116): Display device changed: DisplayDeviceInfo{"Built-in Screen": 1080 x 1920, 60.000004 fps, supportedRefreshRates [60.000004], density 480, 422.03 x 424.069 dpi, appVsyncOff 0, presDeadline 17666666, touch INTERNAL, rotation 0, type BUILT_IN, state ON, FLAG_DEFAULT_DISPLAY, FLAG_ROTATES_WITH_CONTENT, FLAG_SECURE, FLAG_SUPPORTS_PROTECTED_BUFFERS}
D/SurfaceFlinger( 3689): Set power mode=2, type=0 flinger=0xb6a62000
D/SurfaceFlinger( 3689): Screen type=0 is already mode=2
I/ActivityManager( 4116): Sending system update to ComponentInfo{com.android.providers.calendar/com.android.providers.calendar.CalendarUpgradeReceiver} for user 0
I/ActivityManager( 4116): Sending system update to ComponentInfo{com.android.providers.contacts/com.android.providers.contacts.ContactsUpgradeReceiver} for user 0
I/ActivityManager( 4116): Sending system update to ComponentInfo{com.android.managedprovisioning/com.android.managedprovisioning.PreBootListener} for user 0
I/ActivityManager( 4116): Sending system update to ComponentInfo{com.android.providers.media/com.android.providers.media.MediaUpgradeReceiver} for user 0
I/ActivityManager( 4116): Sending system update to ComponentInfo{com.android.settings/com.android.settings.ManagedProfileSetup} for user 0
I/SystemServer( 4116): Enabled StrictMode for system server main thread.
I/Zygote  ( 4116): Process: zygote socket opened, supported ABIS: armeabi-v7a,armeabi
E/cutils  ( 4378): Failed to mkdir(/mnt/shell/emulated/0): Read-only file system
W/Zygote  ( 4378): Failed to mount emulated storage: 30
I/ActivityManager( 4116): Start proc com.android.providers.calendar for broadcast com.android.providers.calendar/.CalendarUpgradeReceiver: pid=4378 uid=10004 gids={50004, 9997, 3003, 1028, 1015} abi=armeabi-v7a
V/ActivityManager( 4116): Display changed displayId=0
E/Minikin ( 4116): addFont failed to create font /system/fonts/NotoSansGujarati-Regular.ttf
E/Minikin ( 4116): addFont failed to create font /system/fonts/NotoSansGujarati-Bold.ttf
E/Minikin ( 4116): addFont failed to create font /system/fonts/NotoSansGujaratiUI-Regular.ttf
E/Minikin ( 4116): addFont failed to create font /system/fonts/NotoSansGujaratiUI-Bold.ttf
E/Minikin ( 4116): addFont failed to create font /system/fonts/NotoSansGurmukhi-Regular.ttf
E/Minikin ( 4116): addFont failed to create font /system/fonts/NotoSansGurmukhi-Bold.ttf
E/Minikin ( 4116): addFont failed to create font /system/fonts/NotoSansGurmukhiUI-Regular.ttf
E/Minikin ( 4116): addFont failed to create font /system/fonts/NotoSansGurmukhiUI-Bold.ttf
E/Minikin ( 4116): addFont failed to create font /system/fonts/NotoSansSinhala-Regular.ttf
E/Minikin ( 4116): addFont failed to create font /system/fonts/NotoSansSinhala-Bold.ttf
E/Minikin ( 4116): addFont failed to create font /system/fonts/NotoSansCherokee-Regular.ttf
E/Minikin ( 4116): addFont failed to create font /system/fonts/NotoSansCanadianAboriginal-Regular.ttf
E/Minikin ( 4116): addFont failed to create font /system/fonts/NotoSansYi-Regular.ttf
E/Minikin ( 4116): addFont failed to create font /system/fonts/NotoSansHans-Regular.otf
E/Minikin ( 4116): addFont failed to create font /system/fonts/NotoSansHant-Regular.otf
E/Minikin ( 4116): addFont failed to create font /system/fonts/NotoSansJP-Regular.otf
E/Minikin ( 4116): addFont failed to create font /system/fonts/NotoSansKR-Regular.otf
I/ActivityManager( 4116): Launching preboot mode app: ProcessRecord{32f7194c 4378:com.android.providers.calendar/u0a4}
W/ResourcesManager( 4378): Asset path '/system/framework/android.test.runner.jar' does not exist or contains no resources.
V/ActivityManager( 4116): Display changed displayId=0
V/ActivityManager( 4116): Display changed displayId=0
D/WifiScanningService( 4116): SCAN_AVAILABLE : 1
D/RttService( 4116): SCAN_AVAILABLE : 1
D/WifiScanningService( 4116): DefaultState got{ when=-1ms what=160007 target=com.android.internal.util.StateMachine$SmHandler }
D/RttService( 4116): DefaultState got{ when=-1ms what=160513 target=com.android.internal.util.StateMachine$SmHandler }
V/ActivityManager( 4116): Display changed displayId=0
V/BackupManagerService( 4116): Connected to transport ComponentInfo{android/com.android.internal.backup.LocalTransportService}
V/BackupManagerService( 4116): Registering transport android/com.android.internal.backup.LocalTransportService::android/com.android.internal.backup.LocalTransport = android.app.backup.BackupTransport$TransportImpl@19b31d95
E/cutils  ( 4418): Failed to mkdir(/mnt/shell/emulated/0): Read-only file system
W/Zygote  ( 4418): Failed to mount emulated storage: 30
I/ActivityManager( 4116): Start proc android.process.acore for broadcast com.android.providers.contacts/.ContactsUpgradeReceiver: pid=4418 uid=10006 gids={50006, 9997, 3003, 1028, 1015} abi=armeabi-v7a
I/ActivityManager( 4116): Launching preboot mode app: ProcessRecord{3a852eaa 4418:android.process.acore/u0a6}
I/ContactsUpgradeReceiver( 4418): Creating or opening contacts database
I/ContactsDatabaseHelper( 4418): Bootstrapping database version: 912
I/ContactsProviderV1( 4418): Bootstrapping database legacy support
I/ContactsDatabaseHelper( 4418): Bootstrapping database version: 912
I/ContactsProviderV1( 4418): Bootstrapping database legacy support
I/ContactsProvider( 4418): Locale has changed from null to en-US
I/ContactsDatabaseHelper( 4418): Switching to locale en-US (ICU v53.1.0.1)
I/ContactsDatabaseHelper( 4418): Locale change completed in 81ms
I/ContactsDatabaseHelper( 4418): Switching to locale en-US (ICU v53.1.0.1)
I/ContactsDatabaseHelper( 4418): Locale change completed in 73ms
E/cutils  ( 4445): Failed to mkdir(/mnt/shell/emulated/0): Read-only file system
W/Zygote  ( 4445): Failed to mount emulated storage: 30
I/ActivityManager( 4116): Start proc com.android.managedprovisioning for broadcast com.android.managedprovisioning/.PreBootListener: pid=4445 uid=10011 gids={50011, 9997, 1028, 3003} abi=armeabi-v7a
I/ActivityManager( 4116): Launching preboot mode app: ProcessRecord{68da9b 4445:com.android.managedprovisioning/u0a11}
E/cutils  ( 4467): Failed to mkdir(/mnt/shell/emulated/0): Read-only file system
W/Zygote  ( 4467): Failed to mount emulated storage: 30
I/ActivityManager( 4116): Start proc android.process.media for broadcast com.android.providers.media/.MediaUpgradeReceiver: pid=4467 uid=10009 gids={50009, 9997, 1028, 1015, 1023, 1024, 2001, 3003, 3007} abi=armeabi-v7a
I/ActivityManager( 4116): Launching preboot mode app: ProcessRecord{e227e38 4467:android.process.media/u0a9}
E/cutils  ( 4490): Failed to mkdir(/mnt/shell/emulated/0): Read-only file system
W/Zygote  ( 4490): Failed to mount emulated storage: 30
I/ActivityManager( 4116): Start proc com.android.settings for broadcast com.android.settings/.ManagedProfileSetup: pid=4490 uid=1000 gids={41000, 9997, 3003, 1028, 1015, 3002, 3001} abi=armeabi-v7a
I/ActivityManager( 4116): Launching preboot mode app: ProcessRecord{1e74fe11 4490:com.android.settings/1000}
I/ActivityManager( 4116): Removing system update proc: ProcessRecord{32f7194c 4378:com.android.providers.calendar/u0a4}
I/ActivityManager( 4116): Killing 4378:com.android.providers.calendar/u0a4 (adj 15): system update done
I/ActivityManager( 4116): Removing system update proc: ProcessRecord{3a852eaa 4418:android.process.acore/u0a6}
I/ActivityManager( 4116): Killing 4418:android.process.acore/u0a6 (adj 15): system update done
I/ActivityManager( 4116): Removing system update proc: ProcessRecord{68da9b 4445:com.android.managedprovisioning/u0a11}
I/ActivityManager( 4116): Killing 4445:com.android.managedprovisioning/u0a11 (adj 13): system update done
I/ActivityManager( 4116): Removing system update proc: ProcessRecord{e227e38 4467:android.process.media/u0a9}
I/ActivityManager( 4116): Killing 4467:android.process.media/u0a9 (adj 11): system update done
I/ActivityManager( 4116): Removing system update proc: ProcessRecord{1e74fe11 4490:com.android.settings/1000}
I/ActivityManager( 4116): Killing 4490:com.android.settings/1000 (adj 9): system update done
I/ActivityManager( 4116): System now ready
W/ActivityManager( 4116): Spurious death for ProcessRecord{32f7194c 0:com.android.providers.calendar/u0a4}, curProc for 4378: null
W/ActivityManager( 4116): Spurious death for ProcessRecord{3a852eaa 0:android.process.acore/u0a6}, curProc for 4418: null
W/ActivityManager( 4116): Spurious death for ProcessRecord{68da9b 0:com.android.managedprovisioning/u0a11}, curProc for 4445: null
W/ActivityManager( 4116): Spurious death for ProcessRecord{e227e38 0:android.process.media/u0a9}, curProc for 4467: null
W/ActivityManager( 4116): Spurious death for ProcessRecord{1e74fe11 0:com.android.settings/1000}, curProc for 4490: null
I/SystemServer( 4116): Making services ready
I/SystemServiceManager( 4116): Starting phase 550
I/SystemServer( 4116): WebViewFactory preparation
I/ValidateNoPeople( 4116): skipping global notification
I/ActivityManager( 4116): Start proc WebViewLoader-armeabi-v7a [android.webkit.WebViewFactory$RelroFileCreator] for : pid=4519 uid=1037 gids={} abi=armeabi-v7a
V/WebViewFactory( 4519): RelroFileCreator (64bit = false),  32-bit lib: /system/app/webview/lib/arm/libwebviewchromium.so, 64-bit lib: 
E/cutils  ( 4541): Failed to mkdir(/mnt/shell/emulated/0): Read-only file system
W/Zygote  ( 4541): Failed to mount emulated storage: 30
I/ActivityManager( 4116): Start proc com.android.systemui for content provider com.android.systemui/.cm.SpamMessageProvider: pid=4541 uid=10016 gids={50016, 9997, 1028, 1015, 1035, 3002, 3001, 3006} abi=armeabi-v7a
E/MountService( 4116): Boot-time mount failed (-1)
E/MountService( 4116): Boot-time mount failed (-1)
D/UsbHostManager( 4116): Added device UsbDevice[mName=/dev/bus/usb/001/002,mVendorId=5401,mProductId=1091,mClass=239,mSubclass=2,mProtocol=1,mManufacturerName=Comneon,mProductName=3 CDC-ACM + 4 CDC-NCM,mSerialNumber=353746060759785 - USB-HSIC,mConfigurations=[
D/UsbHostManager( 4116): UsbConfiguration[mId=1,mName=null,mAttributes=192,mMaxPower=50,mInterfaces=[
D/UsbHostManager( 4116): UsbInterface[mId=0,mAlternateSetting=0,mName=CDC Communication Interface,mClass=2,mSubclass=2,mProtocol=1,mEndpoints=[
D/UsbHostManager( 4116): UsbEndpoint[mAddress=129,mAttributes=3,mMaxPacketSize=64,mInterval=4]]
D/UsbHostManager( 4116): UsbInterface[mId=1,mAlternateSetting=0,mName=CDC Data Interface,mClass=10,mSubclass=0,mProtocol=0,mEndpoints=[
D/UsbHostManager( 4116): UsbEndpoint[mAddress=130,mAttributes=2,mMaxPacketSize=512,mInterval=0]
D/UsbHostManager( 4116): UsbEndpoint[mAddress=2,mAttributes=2,mMaxPacketSize=512,mInterval=0]]
D/UsbHostManager( 4116): UsbInterface[mId=2,mAlternateSetting=0,mName=CDC Communication Interface,mClass=2,mSubclass=2,mProtocol=1,mEndpoints=[
D/UsbHostManager( 4116): UsbEndpoint[mAddress=131,mAttributes=3,mMaxPacketSize=64,mInterval=4]]
D/UsbHostManager( 4116): UsbInterface[mId=3,mAlternateSetting=0,mName=CDC Data Interface,mClass=10,mSubclass=0,mProtocol=0,mEndpoints=[
D/UsbHostManager( 4116): UsbEndpoint[mAddress=132,mAttributes=2,mMaxPacketSize=512,mInterval=0]
D/UsbHostManager( 4116): UsbEndpoint[mAddress=4,mAttributes=2,mMaxPacketSize=512,mInterval=0]]
D/UsbHostManager( 4116): UsbInterface[mId=4,mAlternateSetting=0,mName=CDC Communication Interface,mClass=2,mSubclass=2,mProtocol=1,mEndpoints=[
D/UsbHostManager( 4116): UsbEndpoint[mAddress=133,mAttributes=3,mMaxPacketSize=64,mInterval=4]]
D/UsbHostManager( 4116): UsbInterface[mId=5,mAlternateSetting=0,mName=CDC Data Interface,mClass=10,mSubclass=0,mProtocol=0,mEndpoints=[
D/UsbHostManager( 4116): UsbEndpoint[mAddress=134,mAttributes=2,mMaxPacketSize=512,mInterval=0]
D/UsbHostManager( 4116): UsbEndpoint[mAddress=6,mAttributes=2,mMaxPacketSize=512,mInterval=0]]
D/UsbHostManager( 4116): UsbInterface[mId=6,mAlternateSetting=0,mName=CDC/NCM Communication Interface,mClass=2,mSubclass=13,mProtocol=0,mEndpoints=[
D/UsbHostManager( 4116): UsbEndpoint[mAddress=135,mAttributes=3,mMaxPacketSize=64,mInterval=4]]
D/UsbHostManager( 4116): UsbInterface[mId=7,mAlternateSetting=0,mName=CDC Data Interface,mClass=10,mSubclass=0,mProtocol=1,mEndpoints=[]
D/UsbHostManager( 4116): UsbInterface[mId=7,mAlternateSetting=1,mName=Data ON,mClass=10,mSubclass=0,mProtocol=1,mEndpoints=[
D/UsbHostManager( 4116): UsbEndpoint[mAddress=136,mAttributes=2,mMaxPacketSize=512,mInterval=0]
D/UsbHostManager( 4116): UsbEndpoint[mAddress=8,mAttributes=2,mMaxPacketSize=512,mInterval=0]]
D/UsbHostManager( 4116): UsbInterface[mId=8,mAlternateSetting=0,mName=CDC/NCM Communication Interface,mClass=2,mSubclass=13,mProtocol=0,mEndpoints=[
D/UsbHostManager( 4116): UsbEndpoint[mAddress=137,mAttributes=3,mMaxPacketSize=64,mInterval=4]]
D/UsbHostManager( 4116): UsbInterface[mId=9,mAlternateSetting=0,mName=CDC Data Interface,mClass=10,mSubclass=0,mProtocol=1,mEndpoints=[]
D/UsbHostManager( 4116): UsbInterface[mId=9,mAlternateSetting=1,mName=Data ON,mClass=10,mSubclass=0,mProtocol=1,mEndpoints=[
D/UsbHostManager( 4116): UsbEndpoint[mAddress=138,mAttributes=2,mMaxPacketSize=512,mInterval=0]
D/UsbHostManager( 4116): UsbEndpoint[mAddress=10,mAttributes=2,mMaxPacketSize=512,mInterval=0]]
D/UsbHostManager( 4116): UsbInterface[mId=10,mAlternateSetting=0,mName=CDC/NCM Communication Interface,mClass=2,mSubclass=13,mProtocol=0,mEndpoints=[
D/UsbHostManager( 4116): UsbEndpoint[mAddress=139,mAttributes=3,mMaxPacketSize=64,mInterval=4]]
D/UsbHostManager( 4116): UsbInterface[mId=11,mAlternateSetting=0,mName=CDC Data Interface,mClass=10,mSubclass=0,mProtocol=1,mEndpoints=[]
D/UsbHostManager( 4116): UsbInterface[mId=11,mAlternateSetting=1,mName=Data ON,mClass=10,mSubclass=0,mProtocol=1,mEndpoints=[
D/UsbHostManager( 4116): UsbEndpoint[mAddress=140,mAttributes=2,mMaxPacketSize=512,mInterval=0]
D/UsbHostManager( 4116): UsbEndpoint[mAddress=12,mAttributes=2,mMaxPacketSize=512,mInterval=0]]
D/UsbHostManager( 4116): UsbInterface[mId=12,mAlternateSetting=0,mName=CDC/NCM Communication Interface,mClass=2,mSubclass=13,mProtocol=0,mEndpoints=[
D/UsbHostManager( 4116): UsbEndpoint[mAddress=141,mAttributes=3,mMaxPacketSize=64,mInterval=4]]
D/UsbHostManager( 4116): UsbInterface[mId=13,mAlternateSetting=0,mName=CDC Data Interface,mClass=10,mSubclass=0,mProtocol=1,mEndpoints=[]
D/UsbHostManager( 4116): UsbInterface[mId=13,mAlternateSetting=1,mName=Data ON,mClass=10,mSubclass=0,mProtocol=1,mEndpoints=[
D/UsbHostManager( 4116): UsbEndpoint[mAddress=142,mAttributes=2,mMaxPacketSize=512,mInterval=0]
D/UsbHostManager( 4116): UsbEndpoint[mAddress=14,mAttributes=2,mMaxPacketSize=512,mInterval=0]]]]
W/MountService( 4116): Duplicate state transition (mounted -> mounted) for /storage/emulated/0
W/ContextImpl( 4116): Calling a method in the system process without a qualified user: android.app.ContextImpl.sendBroadcast:1361 com.android.server.usb.UsbSettingsManager.deviceAttached:741 com.android.server.usb.UsbHostManager.endUsbDeviceAdded:286 com.android.server.usb.UsbHostManager.monitorUsbHostBus:-2 com.android.server.usb.UsbHostManager.access$000:47 
D/NetworkManagementService( 4116): enabling bandwidth control
I/art     ( 4519): System.exit called, status: 0
I/AndroidRuntime( 4519): VM exiting with result code 0, cleanup skipped.
V/SystemUIService( 4541): Starting SystemUI services.
W/SurfaceFlinger( 3689): Ignoring duplicate VSYNC event from HWC (t=25378967294)
V/FingerprintService( 4116): startListening(android.service.fingerprint.IFingerprintServiceReceiver$Stub$Proxy@1aae0b57)
D/ZenLog  ( 4116): disable_effects: -1|android|17040838|null|1000,booleanState
W/linker  ( 3692): libavcodec.so has text relocations. This is wasting memory and prevents security hardening. Please fix.
D/WVMDrmPlugIn( 3691): WVMDrmPlugin::onInitialize : 7887
D/WVMDrmPlugIn( 3691): WVMDrmPlugin::onSetOnInfoListener : add 7887
D/WVMDrmPlugIn( 3691): WVMDrmPlugin::onTerminate : 7887
I/FFmpegExtractor( 3692): android-source:0xb3a06060
I/FFMPEG  ( 3692): Input #0, ogg, from 'android-source:0xb3a06060':
I/FFMPEG  ( 3692):   Duration: 00:00:00.23, start: 0.000000, bitrate: 293 kb/s
I/FFMPEG  ( 3692):     Stream #0:0: Audio: vorbis, 44100 Hz, stereo, fltp, 160 kb/s
D/FFmpegExtractor( 3692): FFmpegExtrator, url: android-source:0xb3a06060, format_name: ogg, format_long_name: Ogg
I/FFmpegExtractor( 3692): adjust mime(application/ogg -> audio/vorbis)
D/FFmpegExtractor( 3692): suppoted codec(vorbis) by official Stagefright
D/FFmpegExtractor( 3692): ffmpeg detected media content as 'audio/vorbis' with confidence 0.08
D/NuPlayerDriver( 3692): start(0xb4010040)
I/GenericSource( 3692): start
W/Utils   ( 3692): bool android::canOffloadStream(const android::sp<android::MetaData>&, bool, const android::sp<android::MetaData>&, bool, audio_stream_type_t) No sample bit depth info in meta data
E/AudioPolicyManager( 3692): isOffloadSupported: stream_type != MUSIC, returning false
W/Utils   ( 3692): bool android::canOffloadStream(const android::sp<android::MetaData>&, bool, const android::sp<android::MetaData>&, bool, audio_stream_type_t) No sample bit depth info in meta data
E/AudioPolicyManager( 3692): isOffloadSupported: stream_type != MUSIC, returning false
D/VolumeUI( 4541): Registering volume controller
D/EXYNOS_COMP_REGS( 3692): 32bit lib is loaded
I/EXYNOS_COMP_REGS( 3692): Loading the library: libOMX.Exynos.AVC.Decoder.so
I/EXYNOS_COMP_REGS( 3692): Loading the library: libOMX.Exynos.AVC.Encoder.so
I/EXYNOS_COMP_REGS( 3692): Loading the library: libOMX.Exynos.MPEG4.Decoder.so
I/EXYNOS_COMP_REGS( 3692): Loading the library: libOMX.Exynos.MPEG4.Encoder.so
I/EXYNOS_COMP_REGS( 3692): Loading the library: libOMX.Exynos.VP8.Decoder.so
I/EXYNOS_COMP_REGS( 3692): Loading the library: libOMX.Exynos.VP8.Encoder.so
I/EXYNOS_COMP_REGS( 3692): Loading the library: libOMX.Exynos.WMV.Decoder.so
D/libexynosv4l2( 3692): try node: /dev/video6
I/libexynosv4l2( 3692): node found for device s5p-mfc-dec: /dev/video6
I/libexynosv4l2( 3692): open video device /dev/video6
E/OMXNodeInstance( 3692): getParameter(100663311) ERROR: 0x8000100e
W/ACodec  ( 3692): do not know color format 0x7f000012 = 2130706450
W/ACodec  ( 3692): do not know color format 0x7f000011 = 2130706449
E/OMXNodeInstance( 3692): getParameter(100663297) ERROR: 0x8000100e
D/libexynosv4l2( 3692): try node: /dev/video6
I/libexynosv4l2( 3692): node found for device s5p-mfc-dec: /dev/video6
I/StatusBarManagerService( 4116): registerStatusBar bar=com.android.internal.statusbar.IStatusBar$Stub$Proxy@2b18219d
I/libexynosv4l2( 3692): open video device /dev/video6
E/OMXNodeInstance( 3692): getParameter(100663311) ERROR: 0x8000100e
W/ACodec  ( 3692): do not know color format 0x7f000012 = 2130706450
W/ACodec  ( 3692): do not know color format 0x7f000011 = 2130706449
E/OMXNodeInstance( 3692): getParameter(100663297) ERROR: 0x8000100e
W/Settings( 4541): Setting airplane_mode_on has moved from android.provider.Settings.System to android.provider.Settings.Global, returning read-only value.
D/libexynosv4l2( 3692): try node: /dev/video6
I/libexynosv4l2( 3692): node found for device s5p-mfc-dec: /dev/video6
I/libexynosv4l2( 3692): open video device /dev/video6
E/OMXNodeInstance( 3692): getParameter(100663311) ERROR: 0x8000100e
W/ACodec  ( 3692): do not know color format 0x7f000012 = 2130706450
W/ACodec  ( 3692): do not know color format 0x7f000011 = 2130706449
E/OMXNodeInstance( 3692): getParameter(100663297) ERROR: 0x8000100e
D/libexynosv4l2( 3692): try node: /dev/video6
I/libexynosv4l2( 3692): node found for device s5p-mfc-dec: /dev/video6
I/libexynosv4l2( 3692): open video device /dev/video6
E/OMXNodeInstance( 3692): getParameter(100663311) ERROR: 0x8000101a
W/ACodec  ( 3692): do not know color format 0x7f000012 = 2130706450
W/ACodec  ( 3692): do not know color format 0x7f000011 = 2130706449
E/OMXNodeInstance( 3692): getParameter(100663297) ERROR: 0x8000100e
D/libexynosv4l2( 3692): try node: /dev/video6
D/libexynosv4l2( 3692): try node: /dev/video7
I/libexynosv4l2( 3692): node found for device s5p-mfc-enc: /dev/video7
I/libexynosv4l2( 3692): open video device /dev/video7
E/OMXNodeInstance( 3692): getParameter(100663311) ERROR: 0x8000100e
W/ACodec  ( 3692): do not know color format 0x7f000011 = 2130706449
W/ACodec  ( 3692): do not know color format 0x10 = 16
W/ACodec  ( 3692): do not know color format 0x7f000013 = 2130706451
W/ACodec  ( 3692): do not know color format 0x7f000789 = 2130708361
W/ACodec  ( 3692): do not know color format 0x7f000012 = 2130706450
W/ACodec  ( 3692): do not know color format 0xf = 15
E/OMXNodeInstance( 3692): getParameter(100663297) ERROR: 0x8000100e
D/libexynosv4l2( 3692): try node: /dev/video6
D/libexynosv4l2( 3692): try node: /dev/video7
I/libexynosv4l2( 3692): node found for device s5p-mfc-enc: /dev/video7
I/libexynosv4l2( 3692): open video device /dev/video7
E/OMXNodeInstance( 3692): getParameter(100663311) ERROR: 0x8000100e
W/ACodec  ( 3692): do not know color format 0x7f000011 = 2130706449
W/ACodec  ( 3692): do not know color format 0x10 = 16
W/ACodec  ( 3692): do not know color format 0x7f000013 = 2130706451
W/ACodec  ( 3692): do not know color format 0x7f000789 = 2130708361
W/ACodec  ( 3692): do not know color format 0x7f000012 = 2130706450
W/ACodec  ( 3692): do not know color format 0xf = 15
E/OMXNodeInstance( 3692): getParameter(100663297) ERROR: 0x8000100e
D/libexynosv4l2( 3692): try node: /dev/video6
D/libexynosv4l2( 3692): try node: /dev/video7
I/libexynosv4l2( 3692): node found for device s5p-mfc-enc: /dev/video7
I/libexynosv4l2( 3692): open video device /dev/video7
E/OMXNodeInstance( 3692): getParameter(100663311) ERROR: 0x8000100e
W/ACodec  ( 3692): do not know color format 0x7f000011 = 2130706449
W/ACodec  ( 3692): do not know color format 0x10 = 16
W/ACodec  ( 3692): do not know color format 0x7f000013 = 2130706451
W/ACodec  ( 3692): do not know color format 0x7f000789 = 2130708361
W/ACodec  ( 3692): do not know color format 0x7f000012 = 2130706450
W/ACodec  ( 3692): do not know color format 0xf = 15
E/OMXNodeInstance( 3692): getParameter(100663297) ERROR: 0x8000100e
E/OMXNodeInstance( 3692): getParameter(100663311) ERROR: 0x8000101a
E/OMXNodeInstance( 3692): getParameter(100663297) ERROR: 0x8000101a
E/OMXNodeInstance( 3692): getParameter(100663311) ERROR: 0x8000101a
E/OMXNodeInstance( 3692): getParameter(100663297) ERROR: 0x8000101a
E/OMXNodeInstance( 3692): getParameter(100663311) ERROR: 0x8000101a
E/OMXNodeInstance( 3692): getParameter(100663297) ERROR: 0x8000101a
E/OMXNodeInstance( 3692): getParameter(100663311) ERROR: 0x8000101a
E/OMXNodeInstance( 3692): getParameter(100663297) ERROR: 0x8000101a
E/OMXNodeInstance( 3692): getParameter(100663311) ERROR: 0x8000101a
E/OMXNodeInstance( 3692): getParameter(100663297) ERROR: 0x8000101a
E/OMXNodeInstance( 3692): getParameter(100663311) ERROR: 0x8000101a
E/OMXNodeInstance( 3692): getParameter(100663297) ERROR: 0x8000101a
E/OMXNodeInstance( 3692): getParameter(100663311) ERROR: 0x8000101a
E/OMXNodeInstance( 3692): getParameter(100663297) ERROR: 0x8000101a
E/OMXNodeInstance( 3692): getParameter(100663311) ERROR: 0x8000101a
E/OMXNodeInstance( 3692): getParameter(100663297) ERROR: 0x8000101a
E/OMXNodeInstance( 3692): getParameter(100663311) ERROR: 0x8000101a
E/OMXNodeInstance( 3692): getParameter(100663297) ERROR: 0x8000101a
D/PermissionMonitor( 4116): Monitoring
D/PermissionMonitor( 4116): Users: 1, Apps: 62
E/OMXNodeInstance( 3692): getParameter(100663311) ERROR: 0x8000101a
E/OMXNodeInstance( 3692): getParameter(100663297) ERROR: 0x8000101a
I/SystemServiceManager( 4116): Starting phase 600
D/BluetoothManagerService( 4116): Message: 20
D/BluetoothManagerService( 4116): Added callback: android.bluetooth.BluetoothAdapter$1@105cbc2a:true
E/OMXNodeInstance( 3692): getParameter(100663311) ERROR: 0x8000101a
E/OMXNodeInstance( 3692): getParameter(100663297) ERROR: 0x8000101a
D/BluetoothManagerService( 4116): Message: 30
D/ConditionProviders( 4116): onServiceAdded ManagedServiceInfo[component=ComponentInfo{android/com.android.server.notification.CountdownConditionProvider},userid=0,isSystem=true,targetSdkVersion=21,connection=null,service=android.service.notification.ConditionProviderService$Provider@2b4d1a1b]
D/ConditionProviders( 4116): onServiceAdded ManagedServiceInfo[component=ComponentInfo{android/com.android.server.notification.DowntimeConditionProvider},userid=0,isSystem=true,targetSdkVersion=21,connection=null,service=android.service.notification.ConditionProviderService$Provider@22e270f6]
D/BluetoothManagerService( 4116): Message: 30
E/OMXNodeInstance( 3692): getParameter(100663311) ERROR: 0x8000101a
E/OMXNodeInstance( 3692): getParameter(100663297) ERROR: 0x8000101a
I/BackupManagerService( 4116): Backup enabled => false
I/BackupManagerService( 4116): Opting out of backup
E/OMXNodeInstance( 3692): getParameter(100663311) ERROR: 0x8000101a
E/OMXNodeInstance( 3692): getParameter(100663297) ERROR: 0x8000101a
E/OMXNodeInstance( 3692): getParameter(100663311) ERROR: 0x8000101a
E/OMXNodeInstance( 3692): getParameter(100663297) ERROR: 0x8000101a
E/InputMethodManagerService( 4116): Ignoring setImeWindowStatus due to an invalid token. uid:1000 token:null
E/OMXNodeInstance( 3692): getParameter(100663311) ERROR: 0x8000100e
E/OMXNodeInstance( 3692): getParameter(100663297) ERROR: 0x8000100e
E/OMXNodeInstance( 3692): OMX_GetExtensionIndex OMX.google.android.index.storeMetaDataInBuffers failed
E/OMXNodeInstance( 3692): getParameter(100663311) ERROR: 0x8000100e
E/OMXNodeInstance( 3692): getParameter(100663297) ERROR: 0x8000100e
E/OMXNodeInstance( 3692): OMX_GetExtensionIndex OMX.google.android.index.storeMetaDataInBuffers failed
W/MediaCodecList( 3692): ignoring Limit specified outside of a Type
W/MediaCodecList( 3692): ignoring Limit specified outside of a Type
W/MediaCodecList( 3692): ignoring Limit specified outside of a Type
W/MediaCodecList( 3692): ignoring Limit specified outside of a Type
W/MediaCodecList( 3692): ignoring Limit specified outside of a Type
W/MediaCodecList( 3692): ignoring Feature specified outside of a Type
W/InputMethodManagerService( 4116): Reset the default IME as "Resource" is ready here.
E/OMXNodeInstance( 3692): getParameter(100663311) ERROR: 0x8000100e
E/OMXNodeInstance( 3692): getParameter(100663297) ERROR: 0x8000100e
E/OMXNodeInstance( 3692): OMX_GetExtensionIndex OMX.google.android.index.storeMetaDataInBuffers failed
I/InputMethodManagerService( 4116): Selected default: com.android.inputmethod.latin/.LatinIME
E/OMXNodeInstance( 3692): getParameter(100663311) ERROR: 0x8000100e
E/OMXNodeInstance( 3692): getParameter(100663297) ERROR: 0x8000100e
E/OMXNodeInstance( 3692): OMX_GetExtensionIndex OMX.google.android.index.storeMetaDataInBuffers failed
D/SoftHEVC( 3692): Number of CPU cores: 8
D/WVMDrmPlugIn( 3691): WVMDrmPlugin::onInitialize : 5829
D/WVMDrmPlugIn( 3691): WVMDrmPlugin::onSetOnInfoListener : add 5829
D/SoftHEVC( 3692): Initializing decoder
D/SoftHEVC( 3692): Set number of cores to 4
D/SoftHEVC( 3692): Ittiam decoder version number: @(#)Id:HEVCDEC_production Ver:04.01 Released by ITTIAM Build: Jul  3 2015 @ 03:59:22
E/OMXNodeInstance( 3692): getParameter(100663311) ERROR: 0x8000100e
E/OMXNodeInstance( 3692): getParameter(100663297) ERROR: 0x8000100e
E/OMXNodeInstance( 3692): OMX_GetExtensionIndex OMX.google.android.index.storeMetaDataInBuffers failed
D/SoftHEVC( 3692): Freeing codec memory
D/SoftHEVC( 3692): Number of CPU cores: 8
D/SoftHEVC( 3692): Initializing decoder
D/SoftHEVC( 3692): Set number of cores to 4
D/SoftHEVC( 3692): Ittiam decoder version number: @(#)Id:HEVCDEC_production Ver:04.01 Released by ITTIAM Build: Jul  3 2015 @ 03:59:22
D/SoftHEVC( 3692): In SoftHEVC::~SoftHEVC
D/SoftHEVC( 3692): Freeing codec memory
D/WVMDrmPlugIn( 3691): WVMDrmPlugin::onTerminate : 5829
I/FFmpegExtractor( 3692): android-source:0xb1b06060
I/FFMPEG  ( 3692): Input #0, ogg, from 'android-source:0xb1b06060':
I/FFMPEG  ( 3692):   Duration: 00:00:00.09, start: 0.000000, bitrate: 437 kb/s
I/FFMPEG  ( 3692):     Stream #0:0: Audio: vorbis, 48000 Hz, stereo, fltp, 96 kb/s
D/FFmpegExtractor( 3692): FFmpegExtrator, url: android-source:0xb1b06060, format_name: ogg, format_long_name: Ogg
I/FFmpegExtractor( 3692): adjust mime(application/ogg -> audio/vorbis)
D/FFmpegExtractor( 3692): suppoted codec(vorbis) by official Stagefright
D/FFmpegExtractor( 3692): ffmpeg detected media content as 'audio/vorbis' with confidence 0.08
E/OMXNodeInstance( 3692): getParameter(100663311) ERROR: 0x8000100e
E/OMXNodeInstance( 3692): getParameter(100663297) ERROR: 0x8000100e
E/OMXNodeInstance( 3692): OMX_GetExtensionIndex OMX.google.android.index.storeMetaDataInBuffers failed
I/ActivityManager( 4116): Config changes=20 {1.0 ?mcc?mnc en_US ldltr sw360dp w360dp h615dp 480dpi nrml long port finger -keyb/v/h -nav/h s.6 themeResource=null}
E/OMXNodeInstance( 3692): getParameter(100663311) ERROR: 0x8000100e
E/OMXNodeInstance( 3692): getParameter(100663297) ERROR: 0x8000100e
E/OMXNodeInstance( 3692): OMX_GetExtensionIndex OMX.google.android.index.storeMetaDataInBuffers failed
I/SoftMPEG4Encoder( 3692): Construct SoftMPEG4Encoder
E/OMXNodeInstance( 3692): getParameter(100663311) ERROR: 0x8000100e
W/ACodec  ( 3692): do not know color format 0x7f000789 = 2130708361
E/OMXNodeInstance( 3692): getParameter(100663297) ERROR: 0x8000100e
I/SoftAVCEncoder( 3692): Construct SoftAVCEncoder
E/OMXNodeInstance( 3692): getParameter(100663311) ERROR: 0x8000100e
W/ACodec  ( 3692): do not know color format 0x7f000789 = 2130708361
E/OMXNodeInstance( 3692): getParameter(100663297) ERROR: 0x8000100e
I/SoftMPEG4Encoder( 3692): Construct SoftMPEG4Encoder
E/OMXNodeInstance( 3692): getParameter(100663311) ERROR: 0x8000100e
W/ACodec  ( 3692): do not know color format 0x7f000789 = 2130708361
E/OMXNodeInstance( 3692): getParameter(100663297) ERROR: 0x8000100e
E/OMXNodeInstance( 3692): getParameter(100663311) ERROR: 0x8000100e
W/ACodec  ( 3692): do not know color format 0x7f000789 = 2130708361
E/OMXNodeInstance( 3692): getParameter(100663297) ERROR: 0x8000100e
D/SoftFFmpegAudio( 3692): SoftFFmpegAudio component: OMX.ffmpeg.aac.decoder mMode: 1 mHighResAudioEnabled: 1
E/OMXNodeInstance( 3692): getParameter(100663311) ERROR: 0x8000101a
E/OMXNodeInstance( 3692): getParameter(100663297) ERROR: 0x8000101a
D/NuPlayerDriver( 3692): start(0xb421b040)
I/GenericSource( 3692): start
D/SoftFFmpegAudio( 3692): SoftFFmpegAudio component: OMX.ffmpeg.wma.decoder mMode: 4 mHighResAudioEnabled: 1
E/OMXNodeInstance( 3692): getParameter(100663311) ERROR: 0x8000101a
E/OMXNodeInstance( 3692): getParameter(100663297) ERROR: 0x8000101a
W/Utils   ( 3692): bool android::canOffloadStream(const android::sp<android::MetaData>&, bool, const android::sp<android::MetaData>&, bool, audio_stream_type_t) No sample bit depth info in meta data
E/AudioPolicyManager( 3692): isOffloadSupported: stream_type != MUSIC, returning false
E/cutils  ( 4723): Failed to mkdir(/mnt/shell/emulated/0): Read-only file system
W/Zygote  ( 4723): Failed to mount emulated storage: 30
D/SoftFFmpegAudio( 3692): SoftFFmpegAudio component: OMX.ffmpeg.ra.decoder mMode: 5 mHighResAudioEnabled: 1
E/OMXNodeInstance( 3692): getParameter(100663311) ERROR: 0x8000101a
E/OMXNodeInstance( 3692): getParameter(100663297) ERROR: 0x8000101a
W/Utils   ( 3692): bool android::canOffloadStream(const android::sp<android::MetaData>&, bool, const android::sp<android::MetaData>&, bool, audio_stream_type_t) No sample bit depth info in meta data
E/AudioPolicyManager( 3692): isOffloadSupported: stream_type != MUSIC, returning false
D/SoftFFmpegAudio( 3692): SoftFFmpegAudio component: OMX.ffmpeg.flac.decoder mMode: 6 mHighResAudioEnabled: 1
E/OMXNodeInstance( 3692): getParameter(100663311) ERROR: 0x8000101a
E/OMXNodeInstance( 3692): getParameter(100663297) ERROR: 0x8000101a
I/ActivityManager( 4116): Start proc com.android.inputmethod.latin for service com.android.inputmethod.latin/.LatinIME: pid=4723 uid=10039 gids={50039, 9997, 1028, 1015} abi=armeabi-v7a
V/InputMethodManagerService( 4116): Adding window token: android.os.Binder@2ccaf5cf
W/Settings( 4541): Setting airplane_mode_on has moved from android.provider.Settings.System to android.provider.Settings.Global, returning read-only value.
W/InputMethodManagerService( 4116): Illegal subtype state: old subtype = null, new subtype = android.view.inputmethod.InputMethodSubtype@c9194f98
D/SoftFFmpegAudio( 3692): SoftFFmpegAudio component: OMX.ffmpeg.mp2.decoder mMode: 7 mHighResAudioEnabled: 1
E/OMXNodeInstance( 3692): getParameter(100663311) ERROR: 0x8000101a
E/OMXNodeInstance( 3692): getParameter(100663297) ERROR: 0x8000101a
V/ActivityManager( 4116): Display changed displayId=0
I/art     ( 3702): Explicit concurrent mark sweep GC freed 709(30KB) AllocSpace objects, 0(0B) LOS objects, 40% free, 15MB/25MB, paused 222us total 12.135ms
D/SoftFFmpegAudio( 3692): SoftFFmpegAudio component: OMX.ffmpeg.ac3.decoder mMode: 8 mHighResAudioEnabled: 1
E/OMXNodeInstance( 3692): getParameter(100663311) ERROR: 0x8000101a
E/OMXNodeInstance( 3692): getParameter(100663297) ERROR: 0x8000101a
D/SoftFFmpegAudio( 3692): SoftFFmpegAudio component: OMX.ffmpeg.ape.decoder mMode: 9 mHighResAudioEnabled: 1
E/OMXNodeInstance( 3692): getParameter(100663311) ERROR: 0x8000101a
E/OMXNodeInstance( 3692): getParameter(100663297) ERROR: 0x8000101a
D/SoftFFmpegAudio( 3692): SoftFFmpegAudio component: OMX.ffmpeg.dts.decoder mMode: 10 mHighResAudioEnabled: 1
E/OMXNodeInstance( 3692): getParameter(100663311) ERROR: 0x8000101a
E/OMXNodeInstance( 3692): getParameter(100663297) ERROR: 0x8000101a
I/art     ( 3702): Explicit concurrent mark sweep GC freed 5(160B) AllocSpace objects, 0(0B) LOS objects, 40% free, 15MB/25MB, paused 205us total 10.512ms
D/SoftFFmpegAudio( 3692): SoftFFmpegAudio component: OMX.ffmpeg.atrial.decoder mMode: 11 mHighResAudioEnabled: 1
E/OMXNodeInstance( 3692): getParameter(100663311) ERROR: 0x8000101a
E/OMXNodeInstance( 3692): getParameter(100663297) ERROR: 0x8000101a
W/Settings( 4541): Setting airplane_mode_on has moved from android.provider.Settings.System to android.provider.Settings.Global, returning read-only value.
I/art     ( 3702): Explicit concurrent mark sweep GC freed 5(160B) AllocSpace objects, 0(0B) LOS objects, 40% free, 15MB/25MB, paused 218us total 10.532ms
D/SoftFFmpegVideo( 3692): SoftFFmpegVideo component: OMX.ffmpeg.mpeg2.decoder mMode: 0 appData: 0xb2298740
E/OMXNodeInstance( 3692): getParameter(100663311) ERROR: 0x8000101a
E/OMXNodeInstance( 3692): getParameter(100663297) ERROR: 0x8000100e
E/OMXNodeInstance( 3692): OMX_GetExtensionIndex OMX.google.android.index.storeMetaDataInBuffers failed
W/OMXNodeInstance( 3692): OMX_GetExtensionIndex OMX.google.android.index.prepareForAdaptivePlayback failed
E/libgps  ( 4116): proxy__gps_get_extension: Unsupported GpsInterface extension: "gps_measurement"
E/libgps  ( 4116): Interface "gps_measurement" is not supported
E/libgps  ( 4116): proxy__gps_get_extension: Unsupported GpsInterface extension: "gps_navigation_message"
E/libgps  ( 4116): Interface "gps_navigation_message" is not supported
E/libgps  ( 4116): proxy__gps_get_extension: Unsupported GpsInterface extension: "gnss_configuration"
E/libgps  ( 4116): Interface "gnss_configuration" is not supported
D/SoftFFmpegVideo( 3692): SoftFFmpegVideo component: OMX.ffmpeg.wmv.decoder mMode: 0 appData: 0xb2298970
E/OMXNodeInstance( 3692): getParameter(100663311) ERROR: 0x8000101a
E/OMXNodeInstance( 3692): getParameter(100663297) ERROR: 0x8000100e
E/OMXNodeInstance( 3692): OMX_GetExtensionIndex OMX.google.android.index.storeMetaDataInBuffers failed
W/OMXNodeInstance( 3692): OMX_GetExtensionIndex OMX.google.android.index.prepareForAdaptivePlayback failed
D/SoftFFmpegVideo( 3692): SoftFFmpegVideo component: OMX.ffmpeg.rv.decoder mMode: 0 appData: 0xb22989e0
E/OMXNodeInstance( 3692): getParameter(100663311) ERROR: 0x8000101a
E/OMXNodeInstance( 3692): getParameter(100663297) ERROR: 0x8000100e
E/OMXNodeInstance( 3692): OMX_GetExtensionIndex OMX.google.android.index.storeMetaDataInBuffers failed
W/OMXNodeInstance( 3692): OMX_GetExtensionIndex OMX.google.android.index.prepareForAdaptivePlayback failed
D/GpsLocationProvider( 4116): Reset GPS properties, previous size = 0
D/GpsLocationProvider( 4116): GpsParamsResource: SUPL_HOST=supl.google.com
D/GpsLocationProvider( 4116): GpsParamsResource: SUPL_PORT=7275
D/GpsLocationProvider( 4116): GpsParamsResource: NTP_SERVER=north-america.pool.ntp.org
D/GpsLocationProvider( 4116): GpsParamsResource: SUPL_VER=0x20000
D/GpsLocationProvider( 4116): GpsParamsResource: SUPL_MODE=1
D/GpsLocationProvider( 4116): GPS properties reloaded, size = 18
D/libgps  ( 4116): SendGpsExtensionMessage: Waiting for IPC connection...
D/SoftFFmpegVideo( 3692): SoftFFmpegVideo component: OMX.ffmpeg.flv1.decoder mMode: 0 appData: 0xb2298a88
E/OMXNodeInstance( 3692): getParameter(100663311) ERROR: 0x8000101a
E/OMXNodeInstance( 3692): getParameter(100663297) ERROR: 0x8000100e
E/OMXNodeInstance( 3692): OMX_GetExtensionIndex OMX.google.android.index.storeMetaDataInBuffers failed
W/OMXNodeInstance( 3692): OMX_GetExtensionIndex OMX.google.android.index.prepareForAdaptivePlayback failed
D/SoftFFmpegVideo( 3692): SoftFFmpegVideo component: OMX.ffmpeg.vtrial.decoder mMode: 0 appData: 0xb2298af8
E/OMXNodeInstance( 3692): getParameter(100663311) ERROR: 0x8000101a
E/OMXNodeInstance( 3692): getParameter(100663297) ERROR: 0x8000100e
E/OMXNodeInstance( 3692): OMX_GetExtensionIndex OMX.google.android.index.storeMetaDataInBuffers failed
W/OMXNodeInstance( 3692): OMX_GetExtensionIndex OMX.google.android.index.prepareForAdaptivePlayback failed
D/NuPlayerDriver( 3692): reset(0xb421b040)
W/ALooperRoster( 3692): failed to deliver message. Target handler not registered.
D/NuPlayerDriver( 3692): notifyResetComplete(0xb421b040)
D/NuPlayerDriver( 3692): reset(0xb4010040)
D/NuPlayerDriver( 3692): notifyResetComplete(0xb4010040)
D/WVMDrmPlugIn( 3691): WVMDrmPlugin::onInitialize : 4953
D/WVMDrmPlugIn( 3691): WVMDrmPlugin::onSetOnInfoListener : add 4953
D/WVMDrmPlugIn( 3691): WVMDrmPlugin::onTerminate : 4953
I/FFmpegExtractor( 3692): android-source:0xb1b90060
I/FFMPEG  ( 3692): Input #0, ogg, from 'android-source:0xb1b90060':
I/FFMPEG  ( 3692):   Duration: 00:00:00.11, start: 0.000000, bitrate: 431 kb/s
I/FFMPEG  ( 3692):     Stream #0:0: Audio: vorbis, 48000 Hz, mono, fltp, 140 kb/s
D/FFmpegExtractor( 3692): FFmpegExtrator, url: android-source:0xb1b90060, format_name: ogg, format_long_name: Ogg
I/FFmpegExtractor( 3692): adjust mime(application/ogg -> audio/vorbis)
D/FFmpegExtractor( 3692): suppoted codec(vorbis) by official Stagefright
D/FFmpegExtractor( 3692): ffmpeg detected media content as 'audio/vorbis' with confidence 0.08
D/WVMDrmPlugIn( 3691): WVMDrmPlugin::onInitialize : 7954
D/WVMDrmPlugIn( 3691): WVMDrmPlugin::onSetOnInfoListener : add 7954
D/WVMDrmPlugIn( 3691): WVMDrmPlugin::onTerminate : 7954
I/FFmpegExtractor( 3692): android-source:0xb3a06060
I/FFMPEG  ( 3692): Input #0, ogg, from 'android-source:0xb3a06060':
I/FFMPEG  ( 3692):   Duration: 00:00:00.19, start: 0.000000, bitrate: 332 kb/s
I/FFMPEG  ( 3692):     Stream #0:0: Audio: vorbis, 44100 Hz, stereo, fltp, 160 kb/s
D/FFmpegExtractor( 3692): FFmpegExtrator, url: android-source:0xb3a06060, format_name: ogg, format_long_name: Ogg
I/FFmpegExtractor( 3692): adjust mime(application/ogg -> audio/vorbis)
D/FFmpegExtractor( 3692): suppoted codec(vorbis) by official Stagefright
D/FFmpegExtractor( 3692): ffmpeg detected media content as 'audio/vorbis' with confidence 0.08
D/NuPlayerDriver( 3692): start(0xb3e0d040)
I/GenericSource( 3692): start
W/Utils   ( 3692): bool android::canOffloadStream(const android::sp<android::MetaData>&, bool, const android::sp<android::MetaData>&, bool, audio_stream_type_t) No sample bit depth info in meta data
E/AudioPolicyManager( 3692): isOffloadSupported: stream_type != MUSIC, returning false
W/Utils   ( 3692): bool android::canOffloadStream(const android::sp<android::MetaData>&, bool, const android::sp<android::MetaData>&, bool, audio_stream_type_t) No sample bit depth info in meta data
E/AudioPolicyManager( 3692): isOffloadSupported: stream_type != MUSIC, returning false
D/NuPlayerDriver( 3692): start(0xb6053d00)
I/GenericSource( 3692): start
W/Utils   ( 3692): bool android::canOffloadStream(const android::sp<android::MetaData>&, bool, const android::sp<android::MetaData>&, bool, audio_stream_type_t) No sample bit depth info in meta data
E/AudioPolicyManager( 3692): isOffloadSupported: stream_type != MUSIC, returning false
W/Utils   ( 3692): bool android::canOffloadStream(const android::sp<android::MetaData>&, bool, const android::sp<android::MetaData>&, bool, audio_stream_type_t) No sample bit depth info in meta data
E/AudioPolicyManager( 3692): isOffloadSupported: stream_type != MUSIC, returning false
D/NuPlayerDriver( 3692): reset(0xb3e0d040)
D/NuPlayerDriver( 3692): notifyResetComplete(0xb3e0d040)
I/LatinIME( 4723): Hardware accelerated drawing: true
D/NuPlayerDriver( 3692): reset(0xb6053d00)
E/CameraService( 3692): getCameraVendorTagDescriptor: camera hardware module doesn't exist
D/NuPlayerDriver( 3692): notifyResetComplete(0xb6053d00)
E/CameraMetadata-JNI( 4541): CameraMetadata_setupGlobalVendorTagDescriptor: Failed to setup vendor tag descriptors, received error No such device (-19)
W/CameraManager( 4541): Failed to set up vendor tags: The camera device is removable and has been disconnected from the Android device, or the camera service has shut down the connection due to a higher-priority access request for the camera device.
D/WVMDrmPlugIn( 3691): WVMDrmPlugin::onInitialize : 5273
D/WVMDrmPlugIn( 3691): WVMDrmPlugin::onSetOnInfoListener : add 5273
D/WVMDrmPlugIn( 3691): WVMDrmPlugin::onTerminate : 5273
I/FFmpegExtractor( 3692): android-source:0xb20a8f60
D/WVMDrmPlugIn( 3691): WVMDrmPlugin::onInitialize : 4384
D/WVMDrmPlugIn( 3691): WVMDrmPlugin::onSetOnInfoListener : add 4384
I/FFMPEG  ( 3692): Input #0, ogg, from 'android-source:0xb20a8f60':
I/FFMPEG  ( 3692):   Duration: 00:00:00.08, start: 0.000000, bitrate: 571 kb/s
I/FFMPEG  ( 3692):     Stream #0:0: Audio: vorbis, 48000 Hz, stereo, fltp, 160 kb/s
D/FFmpegExtractor( 3692): FFmpegExtrator, url: android-source:0xb20a8f60, format_name: ogg, format_long_name: Ogg
I/FFmpegExtractor( 3692): adjust mime(application/ogg -> audio/vorbis)
D/FFmpegExtractor( 3692): suppoted codec(vorbis) by official Stagefright
D/FFmpegExtractor( 3692): ffmpeg detected media content as 'audio/vorbis' with confidence 0.08
D/WVMDrmPlugIn( 3691): WVMDrmPlugin::onTerminate : 4384
I/FFmpegExtractor( 3692): android-source:0xb1d01060
I/FFMPEG  ( 3692): Input #0, ogg, from 'android-source:0xb1d01060':
I/FFMPEG  ( 3692):   Duration: 00:00:00.11, start: 0.000000, bitrate: 440 kb/s
I/FFMPEG  ( 3692):     Stream #0:0: Audio: vorbis, 48000 Hz, mono, fltp, 140 kb/s
D/FFmpegExtractor( 3692): FFmpegExtrator, url: android-source:0xb1d01060, format_name: ogg, format_long_name: Ogg
I/FFmpegExtractor( 3692): adjust mime(application/ogg -> audio/vorbis)
D/FFmpegExtractor( 3692): suppoted codec(vorbis) by official Stagefright
D/FFmpegExtractor( 3692): ffmpeg detected media content as 'audio/vorbis' with confidence 0.08
W/SubtypeLocaleUtils( 4723): KeyboardLayoutSet not found, use QWERTY: locale=en_AU extraValue=TrySuppressingImeSwitcher,AsciiCapable,SupportTouchPositionCorrection,EmojiCapable
D/NuPlayerDriver( 3692): start(0xb421b040)
I/GenericSource( 3692): start
W/Utils   ( 3692): bool android::canOffloadStream(const android::sp<android::MetaData>&, bool, const android::sp<android::MetaData>&, bool, audio_stream_type_t) No sample bit depth info in meta data
E/AudioPolicyManager( 3692): isOffloadSupported: stream_type != MUSIC, returning false
W/Utils   ( 3692): bool android::canOffloadStream(const android::sp<android::MetaData>&, bool, const android::sp<android::MetaData>&, bool, audio_stream_type_t) No sample bit depth info in meta data
E/AudioPolicyManager( 3692): isOffloadSupported: stream_type != MUSIC, returning false
D/NuPlayerDriver( 3692): start(0xb4010040)
