I/art     ( 4046): DexFile_isDexOptNeeded failed to open oat file '/data/dalvik-cache/arm/system@priv-app@FusedLocation@FusedLocation.apk@classes.dex' for file location '/system/priv-app/FusedLocation/FusedLocation.apk': Failed to open oat filename for reading: No such file or directory
I/art     ( 4046): DexFile_isDexOptNeeded failed to open oat file '/system/priv-app/FusedLocation/arm/FusedLocation.odex' for file location '/system/priv-app/FusedLocation/FusedLocation.apk': Failed to open oat filename for reading: No such file or directory
I/PackageManager( 4046): Running dexopt on: /system/priv-app/FusedLocation/FusedLocation.apk pkg=com.android.location.fused isa=arm vmSafeMode=false
I/dex2oat ( 4363): /system/bin/dex2oat --zip-fd=5 --zip-location=/system/priv-app/FusedLocation/FusedLocation.apk --oat-fd=6 --oat-location=/data/dalvik-cache/arm/system@priv-app@FusedLocation@FusedLocation.apk@classes.dex --instruction-set=arm --instruction-set-features=div --runtime-arg -Xms64m --runtime-arg -Xmx512m
I/dex2oat ( 4363): dex2oat took 47.114ms (threads: 8)
I/PackageManager( 4046): Adjusting ABI for : com.android.settings to armeabi-v7a
I/art     ( 4046): DexFile_isDexOptNeeded failed to open oat file '/data/dalvik-cache/arm/system@priv-app@Settings@Settings.apk@classes.dex' for file location '/system/priv-app/Settings/Settings.apk': Failed to open oat filename for reading: No such file or directory
I/art     ( 4046): DexFile_isDexOptNeeded failed to open oat file '/system/priv-app/Settings/arm/Settings.odex' for file location '/system/priv-app/Settings/Settings.apk': Failed to open oat filename for reading: No such file or directory
I/PackageManager( 4046): Running dexopt on: /system/priv-app/Settings/Settings.apk pkg=com.android.settings isa=arm vmSafeMode=false
I/dex2oat ( 4372): /system/bin/dex2oat --zip-fd=5 --zip-location=/system/priv-app/Settings/Settings.apk --oat-fd=6 --oat-location=/data/dalvik-cache/arm/system@priv-app@Settings@Settings.apk@classes.dex --instruction-set=arm --instruction-set-features=div --runtime-arg -Xms64m --runtime-arg -Xmx512m
W/SurfaceFlinger( 3661): Ignoring duplicate VSYNC event from HWC (t=32875084586)
W/SurfaceFlinger( 3661): Ignoring duplicate VSYNC event from HWC (t=33550080752)
I/dex2oat ( 4372): dex2oat took 1.448s (threads: 8)
I/PackageManager( 4046): Adjusting ABI for : com.android.keychain to armeabi-v7a
I/art     ( 4046): DexFile_isDexOptNeeded failed to open oat file '/data/dalvik-cache/arm/system@app@KeyChain@KeyChain.apk@classes.dex' for file location '/system/app/KeyChain/KeyChain.apk': Failed to open oat filename for reading: No such file or directory
I/art     ( 4046): DexFile_isDexOptNeeded failed to open oat file '/system/app/KeyChain/arm/KeyChain.odex' for file location '/system/app/KeyChain/KeyChain.apk': Failed to open oat filename for reading: No such file or directory
I/PackageManager( 4046): Running dexopt on: /system/app/KeyChain/KeyChain.apk pkg=com.android.keychain isa=arm vmSafeMode=false
I/dex2oat ( 4382): /system/bin/dex2oat --zip-fd=5 --zip-location=/system/app/KeyChain/KeyChain.apk --oat-fd=6 --oat-location=/data/dalvik-cache/arm/system@app@KeyChain@KeyChain.apk@classes.dex --instruction-set=arm --instruction-set-features=div --runtime-arg -Xms64m --runtime-arg -Xmx512m
I/dex2oat ( 4382): dex2oat took 54.555ms (threads: 8)
I/PackageManager( 4046): Adjusting ABI for : com.cyanogenmod.setupwizard to armeabi-v7a
I/art     ( 4046): DexFile_isDexOptNeeded failed to open oat file '/data/dalvik-cache/arm/system@priv-app@CyanogenSetupWizard@CyanogenSetupWizard.apk@classes.dex' for file location '/system/priv-app/CyanogenSetupWizard/CyanogenSetupWizard.apk': Failed to open oat filename for reading: No such file or directory
I/art     ( 4046): DexFile_isDexOptNeeded failed to open oat file '/system/priv-app/CyanogenSetupWizard/arm/CyanogenSetupWizard.odex' for file location '/system/priv-app/CyanogenSetupWizard/CyanogenSetupWizard.apk': Failed to open oat filename for reading: No such file or directory
I/PackageManager( 4046): Running dexopt on: /system/priv-app/CyanogenSetupWizard/CyanogenSetupWizard.apk pkg=com.cyanogenmod.setupwizard isa=arm vmSafeMode=false
I/dex2oat ( 4391): /system/bin/dex2oat --zip-fd=5 --zip-location=/system/priv-app/CyanogenSetupWizard/CyanogenSetupWizard.apk --oat-fd=6 --oat-location=/data/dalvik-cache/arm/system@priv-app@CyanogenSetupWizard@CyanogenSetupWizard.apk@classes.dex --instruction-set=arm --instruction-set-features=div --runtime-arg -Xms64m --runtime-arg -Xmx512m
I/dex2oat ( 4391): dex2oat took 573.432ms (threads: 8)
I/PackageManager( 4046): Adjusting ABI for : com.android.development to armeabi-v7a
I/art     ( 4046): DexFile_isDexOptNeeded failed to open oat file '/data/dalvik-cache/arm/system@app@Development@Development.apk@classes.dex' for file location '/system/app/Development/Development.apk': Failed to open oat filename for reading: No such file or directory
I/art     ( 4046): DexFile_isDexOptNeeded failed to open oat file '/system/app/Development/arm/Development.odex' for file location '/system/app/Development/Development.apk': Failed to open oat filename for reading: No such file or directory
I/PackageManager( 4046): Running dexopt on: /system/app/Development/Development.apk pkg=com.android.development isa=arm vmSafeMode=false
I/dex2oat ( 4401): /system/bin/dex2oat --zip-fd=5 --zip-location=/system/app/Development/Development.apk --oat-fd=6 --oat-location=/data/dalvik-cache/arm/system@app@Development@Development.apk@classes.dex --instruction-set=arm --instruction-set-features=div --runtime-arg -Xms64m --runtime-arg -Xmx512m
I/dex2oat ( 4401): dex2oat took 113.413ms (threads: 8)
I/PackageManager( 4046): Time to scan packages: 6.125 seconds
W/PackageManager( 4046): Unknown permission com.google.android.googleapps.permission.GOOGLE_AUTH.mail in package com.android.calendar
W/PackageManager( 4046): Unknown permission com.qualcomm.permission.USE_PHONE_SERVICE in package com.android.dialer
W/PackageManager( 4046): Unknown permission android.permission.ACCESS_SUPERUSER in package com.cyanogenmod.filemanager
W/PackageManager( 4046): Unknown permission com.cyanogenmod.filemanager.permissions.READ_THEME in package com.cyanogenmod.filemanager
W/PackageManager( 4046): Unknown permission com.cyngn.cmstats.SEND_ANALYTICS in package com.cyanogenmod.setupwizard
W/PackageManager( 4046): Unknown permission com.google.android.gallery3d.permission.PICASA_STORE in package com.android.dreams.phototable
W/PackageManager( 4046): Unknown permission com.google.android.googleapps.permission.GOOGLE_AUTH in package com.android.settings
W/PackageManager( 4046): Unknown permission com.android.launcher.permission.READ_SETTINGS in package com.android.settings
W/PackageManager( 4046): Unknown permission com.android.launcher.permission.WRITE_SETTINGS in package com.android.settings
W/PackageManager( 4046): Not granting permission android.permission.DELETE_PACKAGES to package com.svox.pico (protectionLevel=18 flags=0x8be45)
W/PackageManager( 4046): Unknown permission com.google.android.c2dm.permission.RECEIVE in package org.whispersystems.whisperpush
W/PackageManager( 4046): Not granting permission android.permission.BIND_WALLPAPER to package com.android.camera2 (protectionLevel=18 flags=0x58bc45)
W/PackageManager( 4046): Unknown permission com.google.android.gallery3d.permission.GALLERY_PROVIDER in package com.android.bluetooth
W/PackageManager( 4046): Unknown permission com.android.launcher.permission.READ_SETTINGS in package com.android.onetimeinitializer
W/PackageManager( 4046): Unknown permission com.android.launcher.permission.WRITE_SETTINGS in package com.android.onetimeinitializer
W/PackageManager( 4046): Unknown permission com.google.android.c2dm.permission.RECEIVE in package com.cyanogenmod.account
W/PackageManager( 4046): Not granting permission android.permission.DEVICE_POWER to package com.android.deskclock (protectionLevel=2 flags=0x48be45)
W/PackageManager( 4046): Unknown permission com.android.deskclock.worldclock.permissions.WRITE_DATABASE in package com.android.deskclock
W/PackageManager( 4046): Unknown permission com.google.android.googleapps.permission.GOOGLE_AUTH in package com.android.providers.calendar
W/PackageManager( 4046): Unknown permission com.google.android.googleapps.permission.GOOGLE_AUTH.cl in package com.android.providers.calendar
W/PackageManager( 4046): Not granting permission android.permission.WRITE_MEDIA_STORAGE to package com.android.soundrecorder (protectionLevel=18 flags=0x8be45)
W/PackageManager( 4046): Unknown permission android.permission.INSTALL_DRM in package com.android.mms
W/PackageManager( 4046): Unknown permission com.qualcomm.permission.USE_PHONE_SERVICE in package com.android.mms
W/PackageManager( 4046): Not granting permission android.permission.MANAGE_DOCUMENTS to package com.android.mms (protectionLevel=2 flags=0x4049be65)
W/PackageManager( 4046): Not granting permission android.permission.ACCESS_DOWNLOAD_MANAGER to package com.android.browser (protectionLevel=18 flags=0x49be45)
W/PackageManager( 4046): Not granting permission android.permission.SEND_DOWNLOAD_COMPLETED_INTENTS to package com.android.browser (protectionLevel=2 flags=0x49be45)
W/PackageManager( 4046): Unknown permission com.google.android.googleapps.permission.ACCESS_GOOGLE_PASSWORD in package com.android.development
W/PackageManager( 4046): Unknown permission com.google.android.googleapps.permission.GOOGLE_AUTH in package com.android.development
W/PackageManager( 4046): Unknown permission com.google.android.googleapps.permission.GOOGLE_AUTH.ALL_SERVICES in package com.android.development
W/PackageManager( 4046): Unknown permission com.google.android.googleapps.permission.GOOGLE_AUTH.YouTubeUser in package com.android.development
W/PackageManager( 4046): Unknown permission com.android.launcher.permission.READ_SETTINGS in package com.cyanogenmod.trebuchet
W/PackageManager( 4046): Unknown permission com.android.launcher.permission.WRITE_SETTINGS in package com.cyanogenmod.trebuchet
W/PackageManager( 4046): Unknown permission android.permission.CANCEL_NOTIFICATIONS in package org.cyanogenmod.theme.chooser
V/PackageManager( 4046): Disabling com.google.android.gsf/com.google.android.gsf.update.SystemUpdateActivity
W/PackageManager( 4046): Unable to disable com.google.android.gsf/com.google.android.gsf.update.SystemUpdateActivity
V/PackageManager( 4046): Disabling com.google.android.gsf/com.google.android.gsf.update.SystemUpdateService$Receiver
W/PackageManager( 4046): Unable to disable com.google.android.gsf/com.google.android.gsf.update.SystemUpdateService$Receiver
V/PackageManager( 4046): Disabling com.google.android.gsf/com.google.android.gsf.update.SystemUpdateService$SecretCodeReceiver
W/PackageManager( 4046): Unable to disable com.google.android.gsf/com.google.android.gsf.update.SystemUpdateService$SecretCodeReceiver
V/PackageManager( 4046): Disabling com.google.android.gms/com.google.android.gms.update.SystemUpdateActivity
W/PackageManager( 4046): Unable to disable com.google.android.gms/com.google.android.gms.update.SystemUpdateActivity
V/PackageManager( 4046): Disabling com.google.android.gms/com.google.android.gms.update.SystemUpdateService$Receiver
W/PackageManager( 4046): Unable to disable com.google.android.gms/com.google.android.gms.update.SystemUpdateService$Receiver
V/PackageManager( 4046): Disabling com.google.android.gms/com.google.android.gms.update.SystemUpdateService$ActiveReceiver
W/PackageManager( 4046): Unable to disable com.google.android.gms/com.google.android.gms.update.SystemUpdateService$ActiveReceiver
V/PackageManager( 4046): Disabling com.google.android.gms/com.google.android.gms.update.SystemUpdateService$SecretCodeReceiver
W/PackageManager( 4046): Unable to disable com.google.android.gms/com.google.android.gms.update.SystemUpdateService$SecretCodeReceiver
V/PackageManager( 4046): Enabling com.google.android.gsf/com.google.android.gsf.update.SystemUpdateService
W/PackageManager( 4046): Unable to enable com.google.android.gsf/com.google.android.gsf.update.SystemUpdateService
V/PackageManager( 4046): Enabling com.google.android.gms/com.google.android.gms.update.SystemUpdateService
W/PackageManager( 4046): Unable to enable com.google.android.gms/com.google.android.gms.update.SystemUpdateService
I/art     ( 4046): Explicit concurrent mark sweep GC freed 43227(3MB) AllocSpace objects, 2(32KB) LOS objects, 33% free, 18MB/27MB, paused 1.069ms total 31.376ms
I/SystemServer( 4046): User Service
I/lowmemorykiller( 3658): ActivityManager connected
I/SystemServiceManager( 4046): Starting com.android.server.lights.LightsService
I/SystemServiceManager( 4046): Starting com.android.server.BatteryService
I/SystemServiceManager( 4046): Starting com.android.server.usage.UsageStatsService
I/SystemServiceManager( 4046): Starting com.android.server.webkit.WebViewUpdateService
I/SystemServer( 4046): Reading configuration...
I/SystemServer( 4046): Scheduling Policy
I/SystemServer( 4046): Telephony Registry
I/SystemServer( 4046): Entropy Mixer
I/EntropyMixer( 4046): Added HW RNG output to entropy pool
I/EntropyMixer( 4046): Writing entropy...
I/SystemServer( 4046): Account Manager
I/SystemServer( 4046): Content Manager
I/SystemServer( 4046): System Content Providers
W/ActivityManager( 4046): Can't addPackageDependency on system process
W/CoreSettingsObserver( 4046): Cannot find setting "debug_view_attributes"
W/CoreSettingsObserver( 4046): android.provider.Settings$SettingNotFoundException: debug_view_attributes
W/CoreSettingsObserver( 4046): 	at android.provider.Settings$Global.getInt(Settings.java:8060)
W/CoreSettingsObserver( 4046): 	at com.android.server.am.CoreSettingsObserver.populateSettings(CoreSettingsObserver.java:129)
W/CoreSettingsObserver( 4046): 	at com.android.server.am.CoreSettingsObserver.sendCoreSettings(CoreSettingsObserver.java:82)
W/CoreSettingsObserver( 4046): 	at com.android.server.am.CoreSettingsObserver.<init>(CoreSettingsObserver.java:65)
W/CoreSettingsObserver( 4046): 	at com.android.server.am.ActivityManagerService.installSystemProviders(ActivityManagerService.java:9976)
W/CoreSettingsObserver( 4046): 	at com.android.server.SystemServer.startOtherServices(SystemServer.java:482)
W/CoreSettingsObserver( 4046): 	at com.android.server.SystemServer.run(SystemServer.java:284)
W/CoreSettingsObserver( 4046): 	at com.android.server.SystemServer.main(SystemServer.java:185)
W/CoreSettingsObserver( 4046): 	at java.lang.reflect.Method.invoke(Native Method)
W/CoreSettingsObserver( 4046): 	at java.lang.reflect.Method.invoke(Method.java:372)
W/CoreSettingsObserver( 4046): 	at com.android.internal.os.ZygoteInit$MethodAndArgsCaller.run(ZygoteInit.java:898)
W/CoreSettingsObserver( 4046): 	at com.android.internal.os.ZygoteInit.main(ZygoteInit.java:693)
I/SystemServer( 4046): Vibrator Service
I/SystemServer( 4046): Consumer IR Service
I/SystemServiceManager( 4046): Starting com.android.server.AlarmManagerService
D/AlarmManagerService( 4046): Kernel timezone updated to 180 minutes west of GMT
I/SystemServer( 4046): Init Watchdog
I/SystemServer( 4046): Input Manager
I/InputManager( 4046): Initializing input manager, mUseDevInputEventForAudioJack=false
I/SystemServer( 4046): Window Manager
I/WindowManager( 4046): No existing display settings /data/system/display_settings.xml; starting empty
D/PermissionCache( 3661): checking android.permission.ACCESS_SURFACE_FLINGER for uid=1000 => granted (734 us)
W/Settings( 4046): Setting dev_force_show_navbar has moved from android.provider.Settings.System to android.provider.Settings.Secure, returning Secure URI.
I/InputManager( 4046): Starting input manager
I/SystemServer( 4046): Bluetooth Manager Service
D/BluetoothManagerService( 4046): Loading stored name and address
D/BluetoothManagerService( 4046): Stored bluetooth Name=null,Address=null
I/SystemServer( 4046): Input Method Service
D/EventHub( 4046): No input device configuration file found for device 'hrm_sensor'.
W/InputMethodManagerService( 4046): Couldn't create dir.: /data/system/inputmethod
W/InputMethodManagerService( 4046): No IME selected. Choose the most applicable IME.
I/InputMethodManagerService( 4046): No default found, using com.android.inputmethod.latin/.LatinIME
I/SystemServer( 4046): Accessibility Manager
D/EventHub( 4046): No input device configuration file found for device 'ssp_context'.
I/ActivityManager( 4046): Config changes=1df8 {1.0 ?mcc?mnc es_US ldltr sw360dp w360dp h640dp 480dpi nrml long port ?uimode ?night -touch -keyb/h/h -nav/h s.2 themeResource=null}
I/ActivityManager( 4046): Config changes=400 {1.0 ?mcc?mnc es_US ldltr sw360dp w360dp h615dp 480dpi nrml long port ?uimode ?night -touch -keyb/h/h -nav/h s.3 themeResource=null}
I/SystemServer( 4046): Mount Service
D/MountService( 4046): got storage path: /storage/sdcard0 description: Almacenamiento interno primary: true removable: false emulated: true mtpReserve: 100 allowMassStorage: false maxFileSize: 0
D/MountService( 4046): addVolumeLocked() StorageVolume:
D/MountService( 4046):     mStorageId=65537 mPath=/storage/emulated/0 mDescriptionId=17040999 
D/MountService( 4046):     mPrimary=true mRemovable=false mEmulated=true mMtpReserveSpace=100 
D/MountService( 4046):     mAllowMassStorage=false mMaxFileSize=0 mOwner=UserHandle{0} mUuid=null 
D/MountService( 4046):     mUserLabel=null mState=null 
D/MountService( 4046): got storage path: /storage/sdcard1 description: Tarjeta SD primary: false removable: true emulated: false mtpReserve: 0 allowMassStorage: true maxFileSize: 0
D/MountService( 4046): addVolumeLocked() StorageVolume:
D/MountService( 4046):     mStorageId=0 mPath=/storage/sdcard1 mDescriptionId=17041000 mPrimary=false 
D/MountService( 4046):     mRemovable=true mEmulated=false mMtpReserveSpace=0 mAllowMassStorage=true 
D/MountService( 4046):     mMaxFileSize=0 mOwner=null mUuid=null mUserLabel=null mState=null 
D/MountService( 4046): got storage path: /storage/usbdisk description: Almacenamiento USB primary: false removable: true emulated: false mtpReserve: 0 allowMassStorage: false maxFileSize: 0
D/MountService( 4046): addVolumeLocked() StorageVolume:
D/MountService( 4046):     mStorageId=0 mPath=/storage/usbdisk mDescriptionId=17041001 mPrimary=false 
D/MountService( 4046):     mRemovable=true mEmulated=false mMtpReserveSpace=0 mAllowMassStorage=false 
D/MountService( 4046):     mMaxFileSize=0 mOwner=null mUuid=null mUserLabel=null mState=null 
I/art     ( 4046): DexFile_isDexOptNeeded failed to open oat file '/data/dalvik-cache/arm/system@priv-app@DefaultContainerService@DefaultContainerService.apk@classes.dex' for file location '/system/priv-app/DefaultContainerService/DefaultContainerService.apk': Failed to open oat filename for reading: No such file or directory
I/art     ( 4046): DexFile_isDexOptNeeded failed to open oat file '/system/priv-app/DefaultContainerService/arm/DefaultContainerService.odex' for file location '/system/priv-app/DefaultContainerService/DefaultContainerService.apk': Failed to open oat filename for reading: No such file or directory
I/PackageManager( 4046): Running dexopt on: /system/priv-app/DefaultContainerService/DefaultContainerService.apk pkg=com.android.defcontainer isa=arm vmSafeMode=false
D/MountService( 4046): volume state changed for /storage/sdcard1 (unmounted -> removed)
D/MountService( 4046): volume state changed for /storage/usbdisk (unmounted -> removed)
I/UsageStatsService( 4046): User[0] Rollover scheduled @ 2015-07-07 21:00:00(1436313600000)
I/PackageManager( 4046): No secure containers found
W/PackageManager( 4046): Unknown permission com.google.android.googleapps.permission.GOOGLE_AUTH.mail in package com.android.calendar
W/PackageManager( 4046): Unknown permission com.qualcomm.permission.USE_PHONE_SERVICE in package com.android.dialer
W/PackageManager( 4046): Unknown permission android.permission.ACCESS_SUPERUSER in package com.cyanogenmod.filemanager
W/PackageManager( 4046): Unknown permission com.cyanogenmod.filemanager.permissions.READ_THEME in package com.cyanogenmod.filemanager
W/PackageManager( 4046): Unknown permission com.cyngn.cmstats.SEND_ANALYTICS in package com.cyanogenmod.setupwizard
W/PackageManager( 4046): Unknown permission com.google.android.gallery3d.permission.PICASA_STORE in package com.android.dreams.phototable
W/PackageManager( 4046): Unknown permission com.google.android.googleapps.permission.GOOGLE_AUTH in package com.android.settings
W/PackageManager( 4046): Unknown permission com.android.launcher.permission.READ_SETTINGS in package com.android.settings
W/PackageManager( 4046): Unknown permission com.android.launcher.permission.WRITE_SETTINGS in package com.android.settings
W/PackageManager( 4046): Not granting permission android.permission.DELETE_PACKAGES to package com.svox.pico (protectionLevel=18 flags=0x8be45)
W/PackageManager( 4046): Unknown permission com.google.android.c2dm.permission.RECEIVE in package org.whispersystems.whisperpush
W/PackageManager( 4046): Not granting permission android.permission.BIND_WALLPAPER to package com.android.camera2 (protectionLevel=18 flags=0x58bc45)
W/PackageManager( 4046): Unknown permission com.google.android.gallery3d.permission.GALLERY_PROVIDER in package com.android.bluetooth
W/PackageManager( 4046): Unknown permission com.android.launcher.permission.READ_SETTINGS in package com.android.onetimeinitializer
W/PackageManager( 4046): Unknown permission com.android.launcher.permission.WRITE_SETTINGS in package com.android.onetimeinitializer
W/PackageManager( 4046): Unknown permission com.google.android.c2dm.permission.RECEIVE in package com.cyanogenmod.account
W/PackageManager( 4046): Not granting permission android.permission.DEVICE_POWER to package com.android.deskclock (protectionLevel=2 flags=0x48be45)
W/PackageManager( 4046): Unknown permission com.android.deskclock.worldclock.permissions.WRITE_DATABASE in package com.android.deskclock
W/PackageManager( 4046): Unknown permission com.google.android.googleapps.permission.GOOGLE_AUTH in package com.android.providers.calendar
W/PackageManager( 4046): Unknown permission com.google.android.googleapps.permission.GOOGLE_AUTH.cl in package com.android.providers.calendar
W/PackageManager( 4046): Not granting permission android.permission.WRITE_MEDIA_STORAGE to package com.android.soundrecorder (protectionLevel=18 flags=0x8be45)
W/PackageManager( 4046): Unknown permission android.permission.INSTALL_DRM in package com.android.mms
W/PackageManager( 4046): Unknown permission com.qualcomm.permission.USE_PHONE_SERVICE in package com.android.mms
W/PackageManager( 4046): Not granting permission android.permission.MANAGE_DOCUMENTS to package com.android.mms (protectionLevel=2 flags=0x4049be65)
W/PackageManager( 4046): Not granting permission android.permission.ACCESS_DOWNLOAD_MANAGER to package com.android.browser (protectionLevel=18 flags=0x49be45)
W/PackageManager( 4046): Not granting permission android.permission.SEND_DOWNLOAD_COMPLETED_INTENTS to package com.android.browser (protectionLevel=2 flags=0x49be45)
W/PackageManager( 4046): Unknown permission com.google.android.googleapps.permission.ACCESS_GOOGLE_PASSWORD in package com.android.development
W/PackageManager( 4046): Unknown permission com.google.android.googleapps.permission.GOOGLE_AUTH in package com.android.development
W/PackageManager( 4046): Unknown permission com.google.android.googleapps.permission.GOOGLE_AUTH.ALL_SERVICES in package com.android.development
W/PackageManager( 4046): Unknown permission com.google.android.googleapps.permission.GOOGLE_AUTH.YouTubeUser in package com.android.development
W/PackageManager( 4046): Unknown permission com.android.launcher.permission.READ_SETTINGS in package com.cyanogenmod.trebuchet
W/PackageManager( 4046): Unknown permission com.android.launcher.permission.WRITE_SETTINGS in package com.cyanogenmod.trebuchet
W/PackageManager( 4046): Unknown permission android.permission.CANCEL_NOTIFICATIONS in package org.cyanogenmod.theme.chooser
I/dex2oat ( 4429): /system/bin/dex2oat --zip-fd=5 --zip-location=/system/priv-app/DefaultContainerService/DefaultContainerService.apk --oat-fd=6 --oat-location=/data/dalvik-cache/arm/system@priv-app@DefaultContainerService@DefaultContainerService.apk@classes.dex --instruction-set=arm --instruction-set-features=div --runtime-arg -Xms64m --runtime-arg -Xmx512m
D/OpenGLRenderer( 4046): Render dirty regions requested: true
D/EventHub( 4046): No input device configuration file found for device 'meta_event'.
I/        ( 4046): PLATFORM VERSION : JB-MR-2
I/OpenGLRenderer( 4046): Initialized EGL, version 1.4
I/dex2oat ( 4429): dex2oat took 50.889ms (threads: 8)
D/EventHub( 4046): No input device configuration file found for device 'step_cnt_sensor'.
I/art     ( 4046): DexFile_isDexOptNeeded failed to open oat file '/data/dalvik-cache/arm/system@priv-app@Shell@Shell.apk@classes.dex' for file location '/system/priv-app/Shell/Shell.apk': Failed to open oat filename for reading: No such file or directory
I/art     ( 4046): DexFile_isDexOptNeeded failed to open oat file '/system/priv-app/Shell/arm/Shell.odex' for file location '/system/priv-app/Shell/Shell.apk': Failed to open oat filename for reading: No such file or directory
I/PackageManager( 4046): Running dexopt on: /system/priv-app/Shell/Shell.apk pkg=com.android.shell isa=arm vmSafeMode=false
D/OpenGLRenderer( 4046): Enabling debug mode 0
I/dex2oat ( 4451): /system/bin/dex2oat --zip-fd=5 --zip-location=/system/priv-app/Shell/Shell.apk --oat-fd=6 --oat-location=/data/dalvik-cache/arm/system@priv-app@Shell@Shell.apk@classes.dex --instruction-set=arm --instruction-set-features=div --runtime-arg -Xms64m --runtime-arg -Xmx512m
D/EventHub( 4046): No input device configuration file found for device 'uncal_gyro_sensor'.
D/EventHub( 4046): No input device configuration file found for device 'sig_motion_sensor'.
I/SurfaceFlinger( 3661): Boot is finished (30608 ms)
D/EventHub( 4046): No input device configuration file found for device 'uncal_geomagnetic_sensor'.
D/EventHub( 4046): No input device configuration file found for device 'geomagnetic_sensor'.
I/dex2oat ( 4451): dex2oat took 232.269ms (threads: 8)
I/art     ( 4046): DexFile_isDexOptNeeded failed to open oat file '/data/dalvik-cache/arm/system@priv-app@ProxyHandler@ProxyHandler.apk@classes.dex' for file location '/system/priv-app/ProxyHandler/ProxyHandler.apk': Failed to open oat filename for reading: No such file or directory
I/art     ( 4046): DexFile_isDexOptNeeded failed to open oat file '/system/priv-app/ProxyHandler/arm/ProxyHandler.odex' for file location '/system/priv-app/ProxyHandler/ProxyHandler.apk': Failed to open oat filename for reading: No such file or directory
I/PackageManager( 4046): Running dexopt on: /system/priv-app/ProxyHandler/ProxyHandler.apk pkg=com.android.proxyhandler isa=arm vmSafeMode=false
I/dex2oat ( 4463): /system/bin/dex2oat --zip-fd=5 --zip-location=/system/priv-app/ProxyHandler/ProxyHandler.apk --oat-fd=6 --oat-location=/data/dalvik-cache/arm/system@priv-app@ProxyHandler@ProxyHandler.apk@classes.dex --instruction-set=arm --instruction-set-features=div --runtime-arg -Xms64m --runtime-arg -Xmx512m
D/EventHub( 4046): No input device configuration file found for device 'gesture_sensor'.
I/dex2oat ( 4463): dex2oat took 53.400ms (threads: 8)
I/art     ( 4046): DexFile_isDexOptNeeded failed to open oat file '/data/dalvik-cache/arm/system@priv-app@SystemUI@SystemUI.apk@classes.dex' for file location '/system/priv-app/SystemUI/SystemUI.apk': Failed to open oat filename for reading: No such file or directory
I/art     ( 4046): DexFile_isDexOptNeeded failed to open oat file '/system/priv-app/SystemUI/arm/SystemUI.odex' for file location '/system/priv-app/SystemUI/SystemUI.apk': Failed to open oat filename for reading: No such file or directory
I/PackageManager( 4046): Running dexopt on: /system/priv-app/SystemUI/SystemUI.apk pkg=com.android.systemui isa=arm vmSafeMode=false
I/dex2oat ( 4472): /system/bin/dex2oat --zip-fd=5 --zip-location=/system/priv-app/SystemUI/SystemUI.apk --oat-fd=6 --oat-location=/data/dalvik-cache/arm/system@priv-app@SystemUI@SystemUI.apk@classes.dex --instruction-set=arm --instruction-set-features=div --runtime-arg -Xms64m --runtime-arg -Xmx512m
D/EventHub( 4046): No input device configuration file found for device 'temp_humidity_sensor'.
D/EventHub( 4046): No input device configuration file found for device 'proximity_sensor'.
D/EventHub( 4046): No input device configuration file found for device 'light_sensor'.
D/EventHub( 4046): No input device configuration file found for device 'sii8240_rcp'.
W/EventHub( 4046): Unable to disable kernel key repeat for /dev/input/event0: Function not implemented
I/EventHub( 4046): New device: id=13, fd=108, path='/dev/input/event0', name='sii8240_rcp', classes=0x1, configuration='', keyLayout='/system/usr/keylayout/Generic.kl', keyCharacterMap='/system/usr/keychars/Generic.kcm', builtinKeyboard=false, wakeMechanism=EPOLLWAKEUP, usingClockIoctl=true
E/EventHub( 4046): could not get driver version for /dev/input/mice, Not a typewriter
D/EventHub( 4046): No input device configuration file found for device 'hall'.
D/EventHub( 4046): No input device configuration file found for device 'gpio_keys.16'.
W/EventHub( 4046): Unable to disable kernel key repeat for /dev/input/event16: Function not implemented
I/EventHub( 4046): New device: id=15, fd=111, path='/dev/input/event16', name='gpio_keys.16', classes=0x1, configuration='', keyLayout='/system/usr/keylayout/Generic.kl', keyCharacterMap='/system/usr/keychars/Generic.kcm', builtinKeyboard=false, wakeMechanism=EPOLLWAKEUP, usingClockIoctl=true
D/EventHub( 4046): No input device configuration file found for device 'voicecontrol'.
W/EventHub( 4046): Unable to disable kernel key repeat for /dev/input/event14: Function not implemented
I/EventHub( 4046): New device: id=16, fd=112, path='/dev/input/event14', name='voicecontrol', classes=0x1, configuration='', keyLayout='/system/usr/keylayout/Generic.kl', keyCharacterMap='/system/usr/keychars/Generic.kcm', builtinKeyboard=false, wakeMechanism=EPOLLWAKEUP, usingClockIoctl=true
D/EventHub( 4046): No input device configuration file found for device 'Headset'.
W/EventHub( 4046): Unable to disable kernel key repeat for /dev/input/event15: Function not implemented
I/EventHub( 4046): New device: id=17, fd=113, path='/dev/input/event15', name='Headset', classes=0x1, configuration='', keyLayout='/system/usr/keylayout/Generic.kl', keyCharacterMap='/system/usr/keychars/Generic.kcm', builtinKeyboard=false, wakeMechanism=EPOLLWAKEUP, usingClockIoctl=true
D/EventHub( 4046): No input device configuration file found for device 'sec_touchkey'.
W/EventHub( 4046): Unable to disable kernel key repeat for /dev/input/event17: Function not implemented
I/EventHub( 4046): New device: id=18, fd=114, path='/dev/input/event17', name='sec_touchkey', classes=0x1, configuration='', keyLayout='/system/usr/keylayout/sec_touchkey.kl', keyCharacterMap='/system/usr/keychars/Generic.kcm', builtinKeyboard=false, wakeMechanism=EPOLLWAKEUP, usingClockIoctl=true
D/EventHub( 4046): No input device configuration file found for device 'w1'.
W/SurfaceFlinger( 3661): Ignoring duplicate VSYNC event from HWC (t=36485253336)
E/EventHub( 4046): could not get driver version for /dev/input/mouse0, Not a typewriter
D/EventHub( 4046): No input device configuration file found for device 'sec_touchscreen'.
W/EventHub( 4046): Unable to disable kernel key repeat for /dev/input/event1: Function not implemented
I/EventHub( 4046): New device: id=20, fd=115, path='/dev/input/event1', name='sec_touchscreen', classes=0x15, configuration='', keyLayout='/system/usr/keylayout/Generic.kl', keyCharacterMap='/system/usr/keychars/Generic.kcm', builtinKeyboard=false, wakeMechanism=EPOLLWAKEUP, usingClockIoctl=true
I/InputReader( 4046): Device added: id=-1, name='Virtual', sources=0x00000301
I/InputReader( 4046):   Touch device 'sec_touchscreen' could not query the properties of its associated display.  The device will be inoperable until the display size becomes available.
I/InputReader( 4046): Device added: id=20, name='sec_touchscreen', sources=0x00005103
I/InputReader( 4046): Device added: id=18, name='sec_touchkey', sources=0x00000101
I/InputReader( 4046): Device added: id=17, name='Headset', sources=0x00000101
I/InputReader( 4046): Device added: id=16, name='voicecontrol', sources=0x00000101
I/InputReader( 4046): Device added: id=15, name='gpio_keys.16', sources=0x00000101
I/InputReader( 4046): Device added: id=13, name='sii8240_rcp', sources=0x00000101
I/InputReader( 4046): Reconfiguring input devices.  changes=0x00000004
I/InputReader( 4046): Device reconfigured: id=20, name='sec_touchscreen', size 1080x1920, orientation 0, mode 1, display id 0
I/ActivityManager( 4046): Config changes=8 {1.0 ?mcc?mnc es_US ldltr sw360dp w360dp h615dp 480dpi nrml long port ?uimode ?night finger -keyb/h/h -nav/h s.4 themeResource=null}
I/dex2oat ( 4472): dex2oat took 1.442s (threads: 8)
I/art     ( 4046): DexFile_isDexOptNeeded failed to open oat file '/data/dalvik-cache/arm/system@priv-app@Telecom@Telecom.apk@classes.dex' for file location '/system/priv-app/Telecom/Telecom.apk': Failed to open oat filename for reading: No such file or directory
I/art     ( 4046): DexFile_isDexOptNeeded failed to open oat file '/system/priv-app/Telecom/arm/Telecom.odex' for file location '/system/priv-app/Telecom/Telecom.apk': Failed to open oat filename for reading: No such file or directory
I/PackageManager( 4046): Running dexopt on: /system/priv-app/Telecom/Telecom.apk pkg=com.android.server.telecom isa=arm vmSafeMode=false
I/dex2oat ( 4482): /system/bin/dex2oat --zip-fd=5 --zip-location=/system/priv-app/Telecom/Telecom.apk --oat-fd=6 --oat-location=/data/dalvik-cache/arm/system@priv-app@Telecom@Telecom.apk@classes.dex --instruction-set=arm --instruction-set-features=div --runtime-arg -Xms64m --runtime-arg -Xmx512m
I/dex2oat ( 4482): dex2oat took 267.875ms (threads: 8)
I/art     ( 4046): DexFile_isDexOptNeeded failed to open oat file '/data/dalvik-cache/arm/system@priv-app@Dialer@Dialer.apk@classes.dex' for file location '/system/priv-app/Dialer/Dialer.apk': Failed to open oat filename for reading: No such file or directory
I/art     ( 4046): DexFile_isDexOptNeeded failed to open oat file '/system/priv-app/Dialer/arm/Dialer.odex' for file location '/system/priv-app/Dialer/Dialer.apk': Failed to open oat filename for reading: No such file or directory
I/PackageManager( 4046): Running dexopt on: /system/priv-app/Dialer/Dialer.apk pkg=com.android.dialer isa=arm vmSafeMode=false
I/dex2oat ( 4491): /system/bin/dex2oat --zip-fd=5 --zip-location=/system/priv-app/Dialer/Dialer.apk --oat-fd=6 --oat-location=/data/dalvik-cache/arm/system@priv-app@Dialer@Dialer.apk@classes.dex --instruction-set=arm --instruction-set-features=div --runtime-arg -Xms64m --runtime-arg -Xmx512m
W/SurfaceFlinger( 3661): Ignoring duplicate VSYNC event from HWC (t=38745271795)
I/dex2oat ( 4491): dex2oat took 1.242s (threads: 8)
I/art     ( 4046): DexFile_isDexOptNeeded failed to open oat file '/data/dalvik-cache/arm/system@priv-app@TelephonyProvider@TelephonyProvider.apk@classes.dex' for file location '/system/priv-app/TelephonyProvider/TelephonyProvider.apk': Failed to open oat filename for reading: No such file or directory
I/art     ( 4046): DexFile_isDexOptNeeded failed to open oat file '/system/priv-app/TelephonyProvider/arm/TelephonyProvider.odex' for file location '/system/priv-app/TelephonyProvider/TelephonyProvider.apk': Failed to open oat filename for reading: No such file or directory
I/PackageManager( 4046): Running dexopt on: /system/priv-app/TelephonyProvider/TelephonyProvider.apk pkg=com.android.providers.telephony isa=arm vmSafeMode=false
I/dex2oat ( 4500): /system/bin/dex2oat --zip-fd=5 --zip-location=/system/priv-app/TelephonyProvider/TelephonyProvider.apk --oat-fd=6 --oat-location=/data/dalvik-cache/arm/system@priv-app@TelephonyProvider@TelephonyProvider.apk@classes.dex --instruction-set=arm --instruction-set-features=div --runtime-arg -Xms64m --runtime-arg -Xmx512m
I/dex2oat ( 4500): dex2oat took 123.620ms (threads: 8)
I/art     ( 4046): DexFile_isDexOptNeeded failed to open oat file '/data/dalvik-cache/arm/system@app@LatinIME@LatinIME.apk@classes.dex' for file location '/system/app/LatinIME/LatinIME.apk': Failed to open oat filename for reading: No such file or directory
I/art     ( 4046): DexFile_isDexOptNeeded failed to open oat file '/system/app/LatinIME/arm/LatinIME.odex' for file location '/system/app/LatinIME/LatinIME.apk': Failed to open oat filename for reading: No such file or directory
I/PackageManager( 4046): Running dexopt on: /system/app/LatinIME/LatinIME.apk pkg=com.android.inputmethod.latin isa=arm vmSafeMode=false
I/dex2oat ( 4509): /system/bin/dex2oat --zip-fd=5 --zip-location=/system/app/LatinIME/LatinIME.apk --oat-fd=6 --oat-location=/data/dalvik-cache/arm/system@app@LatinIME@LatinIME.apk@classes.dex --instruction-set=arm --instruction-set-features=div --runtime-arg -Xms64m --runtime-arg -Xmx512m
I/dex2oat ( 4509): dex2oat took 643.321ms (threads: 8)
I/art     ( 4046): DexFile_isDexOptNeeded failed to open oat file '/data/dalvik-cache/arm/system@priv-app@TeleService@TeleService.apk@classes.dex' for file location '/system/priv-app/TeleService/TeleService.apk': Failed to open oat filename for reading: No such file or directory
I/art     ( 4046): DexFile_isDexOptNeeded failed to open oat file '/system/priv-app/TeleService/arm/TeleService.odex' for file location '/system/priv-app/TeleService/TeleService.apk': Failed to open oat filename for reading: No such file or directory
I/PackageManager( 4046): Running dexopt on: /system/priv-app/TeleService/TeleService.apk pkg=com.android.phone isa=arm vmSafeMode=false
I/dex2oat ( 4518): /system/bin/dex2oat --zip-fd=5 --zip-location=/system/priv-app/TeleService/TeleService.apk --oat-fd=6 --oat-location=/data/dalvik-cache/arm/system@priv-app@TeleService@TeleService.apk@classes.dex --instruction-set=arm --instruction-set-features=div --runtime-arg -Xms64m --runtime-arg -Xmx512m
I/dex2oat ( 4518): dex2oat took 496.538ms (threads: 8)
I/art     ( 4046): DexFile_isDexOptNeeded failed to open oat file '/data/dalvik-cache/arm/system@priv-app@MmsService@MmsService.apk@classes.dex' for file location '/system/priv-app/MmsService/MmsService.apk': Failed to open oat filename for reading: No such file or directory
I/art     ( 4046): DexFile_isDexOptNeeded failed to open oat file '/system/priv-app/MmsService/arm/MmsService.odex' for file location '/system/priv-app/MmsService/MmsService.apk': Failed to open oat filename for reading: No such file or directory
I/PackageManager( 4046): Running dexopt on: /system/priv-app/MmsService/MmsService.apk pkg=com.android.mms.service isa=arm vmSafeMode=false
I/dex2oat ( 4528): /system/bin/dex2oat --zip-fd=5 --zip-location=/system/priv-app/MmsService/MmsService.apk --oat-fd=6 --oat-location=/data/dalvik-cache/arm/system@priv-app@MmsService@MmsService.apk@classes.dex --instruction-set=arm --instruction-set-features=div --runtime-arg -Xms64m --runtime-arg -Xmx512m
I/dex2oat ( 4528): dex2oat took 94.049ms (threads: 8)
I/art     ( 4046): DexFile_isDexOptNeeded failed to open oat file '/data/dalvik-cache/arm/system@priv-app@ManagedProvisioning@ManagedProvisioning.apk@classes.dex' for file location '/system/priv-app/ManagedProvisioning/ManagedProvisioning.apk': Failed to open oat filename for reading: No such file or directory
I/art     ( 4046): DexFile_isDexOptNeeded failed to open oat file '/system/priv-app/ManagedProvisioning/arm/ManagedProvisioning.odex' for file location '/system/priv-app/ManagedProvisioning/ManagedProvisioning.apk': Failed to open oat filename for reading: No such file or directory
I/PackageManager( 4046): Running dexopt on: /system/priv-app/ManagedProvisioning/ManagedProvisioning.apk pkg=com.android.managedprovisioning isa=arm vmSafeMode=false
I/dex2oat ( 4537): /system/bin/dex2oat --zip-fd=5 --zip-location=/system/priv-app/ManagedProvisioning/ManagedProvisioning.apk --oat-fd=6 --oat-location=/data/dalvik-cache/arm/system@priv-app@ManagedProvisioning@ManagedProvisioning.apk@classes.dex --instruction-set=arm --instruction-set-features=div --runtime-arg -Xms64m --runtime-arg -Xmx512m
I/dex2oat ( 4537): dex2oat took 236.399ms (threads: 8)
I/art     ( 4046): DexFile_isDexOptNeeded failed to open oat file '/data/dalvik-cache/arm/system@priv-app@CalendarProvider@CalendarProvider.apk@classes.dex' for file location '/system/priv-app/CalendarProvider/CalendarProvider.apk': Failed to open oat filename for reading: No such file or directory
I/art     ( 4046): DexFile_isDexOptNeeded failed to open oat file '/system/priv-app/CalendarProvider/arm/CalendarProvider.odex' for file location '/system/priv-app/CalendarProvider/CalendarProvider.apk': Failed to open oat filename for reading: No such file or directory
I/PackageManager( 4046): Running dexopt on: /system/priv-app/CalendarProvider/CalendarProvider.apk pkg=com.android.providers.calendar isa=arm vmSafeMode=false
I/dex2oat ( 4546): /system/bin/dex2oat --zip-fd=5 --zip-location=/system/priv-app/CalendarProvider/CalendarProvider.apk --oat-fd=6 --oat-location=/data/dalvik-cache/arm/system@priv-app@CalendarProvider@CalendarProvider.apk@classes.dex --instruction-set=arm --instruction-set-features=div --runtime-arg -Xms64m --runtime-arg -Xmx512m
I/dex2oat ( 4546): dex2oat took 252.617ms (threads: 8)
I/art     ( 4046): DexFile_isDexOptNeeded failed to open oat file '/data/dalvik-cache/arm/system@priv-app@MediaProvider@MediaProvider.apk@classes.dex' for file location '/system/priv-app/MediaProvider/MediaProvider.apk': Failed to open oat filename for reading: No such file or directory
I/art     ( 4046): DexFile_isDexOptNeeded failed to open oat file '/system/priv-app/MediaProvider/arm/MediaProvider.odex' for file location '/system/priv-app/MediaProvider/MediaProvider.apk': Failed to open oat filename for reading: No such file or directory
I/PackageManager( 4046): Running dexopt on: /system/priv-app/MediaProvider/MediaProvider.apk pkg=com.android.providers.media isa=arm vmSafeMode=false
I/dex2oat ( 4555): /system/bin/dex2oat --zip-fd=5 --zip-location=/system/priv-app/MediaProvider/MediaProvider.apk --oat-fd=6 --oat-location=/data/dalvik-cache/arm/system@priv-app@MediaProvider@MediaProvider.apk@classes.dex --instruction-set=arm --instruction-set-features=div --runtime-arg -Xms64m --runtime-arg -Xmx512m
I/dex2oat ( 4555): dex2oat took 193.331ms (threads: 8)
I/art     ( 4046): DexFile_isDexOptNeeded failed to open oat file '/data/dalvik-cache/arm/system@priv-app@ContactsProvider@ContactsProvider.apk@classes.dex' for file location '/system/priv-app/ContactsProvider/ContactsProvider.apk': Failed to open oat filename for reading: No such file or directory
I/art     ( 4046): DexFile_isDexOptNeeded failed to open oat file '/system/priv-app/ContactsProvider/arm/ContactsProvider.odex' for file location '/system/priv-app/ContactsProvider/ContactsProvider.apk': Failed to open oat filename for reading: No such file or directory
I/PackageManager( 4046): Running dexopt on: /system/priv-app/ContactsProvider/ContactsProvider.apk pkg=com.android.providers.contacts isa=arm vmSafeMode=false
I/dex2oat ( 4564): /system/bin/dex2oat --zip-fd=5 --zip-location=/system/priv-app/ContactsProvider/ContactsProvider.apk --oat-fd=6 --oat-location=/data/dalvik-cache/arm/system@priv-app@ContactsProvider@ContactsProvider.apk@classes.dex --instruction-set=arm --instruction-set-features=div --runtime-arg -Xms64m --runtime-arg -Xmx512m
I/dex2oat ( 4564): dex2oat took 504.538ms (threads: 8)
I/art     ( 4046): DexFile_isDexOptNeeded failed to open oat file '/data/dalvik-cache/arm/system@priv-app@VpnDialogs@VpnDialogs.apk@classes.dex' for file location '/system/priv-app/VpnDialogs/VpnDialogs.apk': Failed to open oat filename for reading: No such file or directory
I/art     ( 4046): DexFile_isDexOptNeeded failed to open oat file '/system/priv-app/VpnDialogs/arm/VpnDialogs.odex' for file location '/system/priv-app/VpnDialogs/VpnDialogs.apk': Failed to open oat filename for reading: No such file or directory
I/PackageManager( 4046): Running dexopt on: /system/priv-app/VpnDialogs/VpnDialogs.apk pkg=com.android.vpndialogs isa=arm vmSafeMode=false
I/dex2oat ( 4573): /system/bin/dex2oat --zip-fd=5 --zip-location=/system/priv-app/VpnDialogs/VpnDialogs.apk --oat-fd=6 --oat-location=/data/dalvik-cache/arm/system@priv-app@VpnDialogs@VpnDialogs.apk@classes.dex --instruction-set=arm --instruction-set-features=div --runtime-arg -Xms64m --runtime-arg -Xmx512m
I/dex2oat ( 4573): dex2oat took 77.515ms (threads: 8)
I/art     ( 4046): DexFile_isDexOptNeeded failed to open oat file '/data/dalvik-cache/arm/system@app@CMWallpapers@CMWallpapers.apk@classes.dex' for file location '/system/app/CMWallpapers/CMWallpapers.apk': Failed to open oat filename for reading: No such file or directory
I/art     ( 4046): DexFile_isDexOptNeeded failed to open oat file '/system/app/CMWallpapers/arm/CMWallpapers.odex' for file location '/system/app/CMWallpapers/CMWallpapers.apk': Failed to open oat filename for reading: No such file or directory
I/PackageManager( 4046): Running dexopt on: /system/app/CMWallpapers/CMWallpapers.apk pkg=com.cyanogenmod.wallpapers isa=arm vmSafeMode=false
I/dex2oat ( 4582): /system/bin/dex2oat --zip-fd=5 --zip-location=/system/app/CMWallpapers/CMWallpapers.apk --oat-fd=6 --oat-location=/data/dalvik-cache/arm/system@app@CMWallpapers@CMWallpapers.apk@classes.dex --instruction-set=arm --instruction-set-features=div --runtime-arg -Xms64m --runtime-arg -Xmx512m
I/dex2oat ( 4582): dex2oat took 89.257ms (threads: 8)
I/art     ( 4046): DexFile_isDexOptNeeded failed to open oat file '/data/dalvik-cache/arm/system@app@LiveWallpapersPicker@LiveWallpapersPicker.apk@classes.dex' for file location '/system/app/LiveWallpapersPicker/LiveWallpapersPicker.apk': Failed to open oat filename for reading: No such file or directory
I/art     ( 4046): DexFile_isDexOptNeeded failed to open oat file '/system/app/LiveWallpapersPicker/arm/LiveWallpapersPicker.odex' for file location '/system/app/LiveWallpapersPicker/LiveWallpapersPicker.apk': Failed to open oat filename for reading: No such file or directory
I/PackageManager( 4046): Running dexopt on: /system/app/LiveWallpapersPicker/LiveWallpapersPicker.apk pkg=com.android.wallpaper.livepicker isa=arm vmSafeMode=false
I/dex2oat ( 4591): /system/bin/dex2oat --zip-fd=5 --zip-location=/system/app/LiveWallpapersPicker/LiveWallpapersPicker.apk --oat-fd=6 --oat-location=/data/dalvik-cache/arm/system@app@LiveWallpapersPicker@LiveWallpapersPicker.apk@classes.dex --instruction-set=arm --instruction-set-features=div --runtime-arg -Xms64m --runtime-arg -Xmx512m
I/dex2oat ( 4591): dex2oat took 60.069ms (threads: 8)
I/art     ( 4046): DexFile_isDexOptNeeded failed to open oat file '/data/dalvik-cache/arm/system@app@LiveWallpapers@LiveWallpapers.apk@classes.dex' for file location '/system/app/LiveWallpapers/LiveWallpapers.apk': Failed to open oat filename for reading: No such file or directory
I/art     ( 4046): DexFile_isDexOptNeeded failed to open oat file '/system/app/LiveWallpapers/arm/LiveWallpapers.odex' for file location '/system/app/LiveWallpapers/LiveWallpapers.apk': Failed to open oat filename for reading: No such file or directory
I/PackageManager( 4046): Running dexopt on: /system/app/LiveWallpapers/LiveWallpapers.apk pkg=com.android.wallpaper isa=arm vmSafeMode=false
I/dex2oat ( 4600): /system/bin/dex2oat --zip-fd=5 --zip-location=/system/app/LiveWallpapers/LiveWallpapers.apk --oat-fd=6 --oat-location=/data/dalvik-cache/arm/system@app@LiveWallpapers@LiveWallpapers.apk@classes.dex --instruction-set=arm --instruction-set-features=div --runtime-arg -Xms64m --runtime-arg -Xmx512m
I/dex2oat ( 4600): dex2oat took 65.777ms (threads: 8)
I/art     ( 4046): DexFile_isDexOptNeeded failed to open oat file '/data/dalvik-cache/arm/system@app@Calculator@Calculator.apk@classes.dex' for file location '/system/app/Calculator/Calculator.apk': Failed to open oat filename for reading: No such file or directory
I/art     ( 4046): DexFile_isDexOptNeeded failed to open oat file '/system/app/Calculator/arm/Calculator.odex' for file location '/system/app/Calculator/Calculator.apk': Failed to open oat filename for reading: No such file or directory
I/PackageManager( 4046): Running dexopt on: /system/app/Calculator/Calculator.apk pkg=com.android.calculator2 isa=arm vmSafeMode=false
I/dex2oat ( 4609): /system/bin/dex2oat --zip-fd=5 --zip-location=/system/app/Calculator/Calculator.apk --oat-fd=6 --oat-location=/data/dalvik-cache/arm/system@app@Calculator@Calculator.apk@classes.dex --instruction-set=arm --instruction-set-features=div --runtime-arg -Xms64m --runtime-arg -Xmx512m
I/dex2oat ( 4609): dex2oat took 649.108ms (threads: 8)
I/art     ( 4046): DexFile_isDexOptNeeded failed to open oat file '/data/dalvik-cache/arm/system@priv-app@OneTimeInitializer@OneTimeInitializer.apk@classes.dex' for file location '/system/priv-app/OneTimeInitializer/OneTimeInitializer.apk': Failed to open oat filename for reading: No such file or directory
I/art     ( 4046): DexFile_isDexOptNeeded failed to open oat file '/system/priv-app/OneTimeInitializer/arm/OneTimeInitializer.odex' for file location '/system/priv-app/OneTimeInitializer/OneTimeInitializer.apk': Failed to open oat filename for reading: No such file or directory
I/PackageManager( 4046): Running dexopt on: /system/priv-app/OneTimeInitializer/OneTimeInitializer.apk pkg=com.android.onetimeinitializer isa=arm vmSafeMode=false
