--------- beginning of main
I/cm      (    0): Welcome to Android 5.0.2 / CyanogenMod-12-20150720-UNOFFICIAL-k3gxx 
W/auditd  ( 3705): type=1325 audit(0.0:2): table=filter family=2 entries=0
W/auditd  ( 3705): type=1325 audit(0.0:3): table=mangle family=2 entries=0
W/auditd  ( 3705): type=1325 audit(0.0:4): table=nat family=2 entries=0
W/auditd  ( 3705): type=1325 audit(0.0:5): table=raw family=2 entries=0
W/auditd  ( 3705): type=1325 audit(0.0:6): table=security family=2 entries=0
W/auditd  ( 3705): type=1325 audit(0.0:7): table=filter family=3 entries=0
W/auditd  ( 3705): type=1325 audit(0.0:8): table=filter family=10 entries=0
W/auditd  ( 3705): type=1325 audit(0.0:9): table=mangle family=10 entries=0
W/auditd  ( 3705): type=1325 audit(0.0:10): table=raw family=10 entries=0
I/McDaemon(    0): Daemon starting up...
I/McDaemon(    0): Socket interface version is 0.2
I/McDaemon(    0): *** t-base-300-Ares-2-Android-V004_P3 ###
I/McDaemon(    0): Build timestamp is Jan 20 2015 11:49:09
I/McDaemon(    0): Checking version of <t-base
I/McDaemon(    0): Product ID is tbase-300_EXYNOS_5422_V004_P3
I/McDaemon(    0): (null)
I/McDaemon(    0): (null)
I/McDaemon(    0): (null)
I/McDaemon(    0): (null)
W/auditd  ( 3705): type=1305 audit(0.0:11): audit_pid=3670 old=0 auid=4294967295 ses=4294967295
W/auditd  ( 3705):  res=1
W/auditd  ( 3705): type=1305 audit(0.0:12): audit_rate_limit=20 old=0 auid=4294967295 ses=4294967295
W/auditd  ( 3705):  res=1
I/lowmemorykiller( 3673): Using in-kernel low memory killer interface
E/sdcard  ( 3702): usage: sdcard [OPTIONS] <source_path> <dest_path>
E/sdcard  ( 3702):     -u: specify UID to run as
E/sdcard  ( 3702):     -g: specify GID to run as
E/sdcard  ( 3702):     -w: specify GID required to write (default sdcard_rw, requires -d or -l)
E/sdcard  ( 3702):     -t: specify number of threads to use (default 2)
E/sdcard  ( 3702):     -d: derive file permissions based on path
E/sdcard  ( 3702):     -l: derive file permissions based on legacy internal layout
E/sdcard  ( 3702):     -s: split derived permissions for pics, av
E/sdcard  ( 3702): 
I/installd( 3695): installd firing up
--------- beginning of system
I/Vold    ( 3675): Vold 2.1 (the revenge) firing up
D/Vold    ( 3675): Volume extSdCard state changing -1 (Initializing) -> 0 (No-Media)
D/Vold    ( 3675): Volume UsbDriveA state changing -1 (Initializing) -> 0 (No-Media)
D/Vold    ( 3675): Volume UsbDriveB state changing -1 (Initializing) -> 0 (No-Media)
D/Vold    ( 3675): Volume UsbDriveC state changing -1 (Initializing) -> 0 (No-Media)
D/Vold    ( 3675): Volume UsbDriveD state changing -1 (Initializing) -> 0 (No-Media)
D/Vold    ( 3675): Volume UsbDriveE state changing -1 (Initializing) -> 0 (No-Media)
D/Vold    ( 3675): Volume UsbDriveF state changing -1 (Initializing) -> 0 (No-Media)
I/Cryptfs ( 3675): Check if PFE is activated on Boot
I/macloader( 3700): Settting wifi type to wisol in /data/.cid.info
D/macloader( 3700): Change permissions of /data/.cid.info
E/sdcard  ( 3703): usage: sdcard [OPTIONS] <source_path> <dest_path>
E/sdcard  ( 3703):     -u: specify UID to run as
E/sdcard  ( 3703):     -g: specify GID to run as
E/sdcard  ( 3703):     -w: specify GID required to write (default sdcard_rw, requires -d or -l)
E/sdcard  ( 3703):     -t: specify number of threads to use (default 2)
E/sdcard  ( 3703):     -d: derive file permissions based on path
E/sdcard  ( 3703):     -l: derive file permissions based on legacy internal layout
E/sdcard  ( 3703):     -s: split derived permissions for pics, av
E/sdcard  ( 3703): 
E/Cryptfs ( 3675): Bad magic for real block device /dev/block/platform/12200000.dwmmc0/by-name/USERDATA
E/Cryptfs ( 3675): Error getting crypt footer and key
I/DEBUG   ( 3685): debuggerd: Jul  3 2015 03:58:19
I/PrProvisioning( 3709): successfully - provisioning start !
I/PrProvisioning( 3709): provisioning already done
I/Netd    ( 3683): Netd 1.0 starting
E/Netd    ( 3683): Failed to open /proc/sys/net/ipv6/conf/default/accept_ra_rt_table: No such file or directory
E/Netd    ( 3683): Failed to open /proc/sys/net/ipv6/conf/ip6tnl0/accept_ra_rt_table: No such file or directory
E/Netd    ( 3683): Failed to open /proc/sys/net/ipv6/conf/lo/accept_ra_rt_table: No such file or directory
E/Netd    ( 3683): Failed to open /proc/sys/net/ipv6/conf/rmnet0/accept_ra_rt_table: No such file or directory
E/Netd    ( 3683): Failed to open /proc/sys/net/ipv6/conf/rmnet1/accept_ra_rt_table: No such file or directory
E/Netd    ( 3683): Failed to open /proc/sys/net/ipv6/conf/rmnet2/accept_ra_rt_table: No such file or directory
E/Netd    ( 3683): Failed to open /proc/sys/net/ipv6/conf/rmnet3/accept_ra_rt_table: No such file or directory
E/Netd    ( 3683): Failed to open /proc/sys/net/ipv6/conf/sit0/accept_ra_rt_table: No such file or directory
I/keystore( 3696): SELinux: Keystore SELinux is disabled.
D/SensorHubService( 3697): nuSensorHubService starting...
I/SurfaceFlinger( 3689): SurfaceFlinger is starting
I/SurfaceFlinger( 3689): SurfaceFlinger's main thread ready to run. Initializing graphics H/W...
W/auditd  ( 3705): type=1325 audit(0.0:13): table=filter family=2 entries=4
W/iptables( 3776): type=1300 audit(0.0:13): arch=40000028 syscall=294 per=800000 success=yes exit=0 a0=5 a1=0 a2=40 a3=b6c29100 items=0 ppid=3683 auid=4294967295 uid=0 gid=0 euid=0 suid=0 fsuid=0 egid=0 sgid=0 fsgid=0 ses=4294967295 tty=(none) exe="/system/bin/iptables" key=(null)
W/auditd  ( 3705): type=1320 audit(0.0:13): 
W/auditd  ( 3705): type=1325 audit(0.0:14): table=filter family=10 entries=4
W/ip6tables( 3777): type=1300 audit(0.0:14): arch=40000028 syscall=294 per=800000 success=yes exit=0 a0=5 a1=29 a2=40 a3=b6c2b400 items=0 ppid=3683 auid=4294967295 uid=0 gid=0 euid=0 suid=0 fsuid=0 egid=0 sgid=0 fsgid=0 ses=4294967295 tty=(none) exe="/system/bin/ip6tables" key=(null)
W/auditd  ( 3705): type=1320 audit(0.0:14): 
W/auditd  ( 3705): type=1325 audit(0.0:15): table=filter family=2 entries=6
W/iptables( 3779): type=1300 audit(0.0:15): arch=40000028 syscall=294 per=800000 success=yes exit=0 a0=5 a1=0 a2=40 a3=b6c23100 items=0 ppid=3683 auid=4294967295 uid=0 gid=0 euid=0 suid=0 fsuid=0 egid=0 sgid=0 fsgid=0 ses=4294967295 tty=(none) exe="/system/bin/iptables" key=(null)
W/auditd  ( 3705): type=1320 audit(0.0:15): 
W/auditd  ( 3705): type=1325 audit(0.0:16): table=filter family=10 entries=6
W/ip6tables( 3780): type=1300 audit(0.0:16): arch=40000028 syscall=294 per=800000 success=yes exit=0 a0=5 a1=29 a2=40 a3=b6c36600 items=0 ppid=3683 auid=4294967295 uid=0 gid=0 euid=0 suid=0 fsuid=0 egid=0 sgid=0 fsgid=0 ses=4294967295 tty=(none) exe="/system/bin/ip6tables" key=(null)
W/auditd  ( 3705): type=1320 audit(0.0:16): 
D/gpsd    ( 3699): WakeLock(Release,GPSD)
D/gpsd    ( 3699): WakeLock(Release,SUPL)
I/gpsd_d  ( 3699): GNSS: 219420
D/wrapperGPS( 3699): wrapperOpenClient_RILD
E/wrapperGPS( 3699): wrapperOpenClient_RILD: RegisterUnsolicitedHandler() UNSOL_GPS_NOTI (20009)
D/wrapperGPS( 3699): wrapperRegisterRequestCompleteHandler
D/wrapperGPS( 3699): wrapperRegisterUnsolicitedHandler id(12009), handler(0xb6b966e9)
D/wrapperGPS( 3699): wrapperRegisterErrorCallback
D/wrapperGPS( 3699): wrapperConnect_RILD
W/auditd  ( 3705): type=1325 audit(0.0:17): table=filter family=2 entries=7
W/iptables( 3793): type=1300 audit(0.0:17): arch=40000028 syscall=294 per=800000 success=yes exit=0 a0=5 a1=0 a2=40 a3=b6c30400 items=0 ppid=3683 auid=4294967295 uid=0 gid=0 euid=0 suid=0 fsuid=0 egid=0 sgid=0 fsgid=0 ses=4294967295 tty=(none) exe="/system/bin/iptables" key=(null)
W/auditd  ( 3705): type=1320 audit(0.0:17): 
D/libEGL  ( 3689): loaded /vendor/lib/egl/libGLES_mali.so
W/auditd  ( 3705): type=1325 audit(0.0:18): table=filter family=10 entries=7
W/ip6tables( 3794): type=1300 audit(0.0:18): arch=40000028 syscall=294 per=800000 success=yes exit=0 a0=5 a1=29 a2=40 a3=b6c32800 items=0 ppid=3683 auid=4294967295 uid=0 gid=0 euid=0 suid=0 fsuid=0 egid=0 sgid=0 fsgid=0 ses=4294967295 tty=(none) exe="/system/bin/ip6tables" key=(null)
W/auditd  ( 3705): type=1320 audit(0.0:18): 
W/auditd  ( 3705): type=1325 audit(0.0:19): table=filter family=2 entries=9
W/iptables( 3795): type=1300 audit(0.0:19): arch=40000028 syscall=294 per=800000 success=yes exit=0 a0=5 a1=0 a2=40 a3=b6c33600 items=0 ppid=3683 auid=4294967295 uid=0 gid=0 euid=0 suid=0 fsuid=0 egid=0 sgid=0 fsgid=0 ses=4294967295 tty=(none) exe="/system/bin/iptables" key=(null)
W/auditd  ( 3705): type=1320 audit(0.0:19): 
W/auditd  ( 3705): type=1325 audit(0.0:20): table=filter family=10 entries=9
W/ip6tables( 3796): type=1300 audit(0.0:20): arch=40000028 syscall=294 per=800000 success=yes exit=0 a0=5 a1=29 a2=40 a3=b6c47800 items=0 ppid=3683 auid=4294967295 uid=0 gid=0 euid=0 suid=0 fsuid=0 egid=0 sgid=0 fsgid=0 ses=4294967295 tty=(none) exe="/system/bin/ip6tables" key=(null)
W/auditd  ( 3705): type=1320 audit(0.0:20): 
I/        ( 3689): PLATFORM VERSION : JB-MR-2
I/gralloc ( 3689): using (id=)
I/gralloc ( 3689): xres         = 1080 px
I/gralloc ( 3689): yres         = 1920 px
I/gralloc ( 3689): width        = 65 mm (422.030762 dpi)
I/gralloc ( 3689): height       = 115 mm (424.069580 dpi)
I/gralloc ( 3689): refresh rate = 60.00 Hz
W/auditd  ( 3705): type=1325 audit(0.0:21): table=filter family=2 entries=10
W/iptables( 3828): type=1300 audit(0.0:21): arch=40000028 syscall=294 per=800000 success=yes exit=0 a0=5 a1=0 a2=40 a3=b6c31800 items=0 ppid=3683 auid=4294967295 uid=0 gid=0 euid=0 suid=0 fsuid=0 egid=0 sgid=0 fsgid=0 ses=4294967295 tty=(none) exe="/system/bin/iptables" key=(null)
W/auditd  ( 3705): type=1320 audit(0.0:21): 
D/WVMDrmPlugIn( 3692): WVMDrmPlugin::onGetSupportInfo : 0
W/auditd  ( 3705): type=1325 audit(0.0:22): table=filter family=10 entries=10
W/ip6tables( 3829): type=1300 audit(0.0:22): arch=40000028 syscall=294 per=800000 success=yes exit=0 a0=5 a1=29 a2=40 a3=b6c42c00 items=0 ppid=3683 auid=4294967295 uid=0 gid=0 euid=0 suid=0 fsuid=0 egid=0 sgid=0 fsgid=0 ses=4294967295 tty=(none) exe="/system/bin/ip6tables" key=(null)
W/auditd  ( 3705): type=1320 audit(0.0:22): 
I/mediaserver( 3693): ServiceManager: 0xb60500c0
I/AudioFlinger( 3693): Using default 3000 mSec as standby time.
I/ServiceManager( 3693): Waiting for service batterystats...
W/auditd  ( 3705): type=1325 audit(0.0:23): table=filter family=2 entries=12
W/iptables( 3831): type=1300 audit(0.0:23): arch=40000028 syscall=294 per=800000 success=yes exit=0 a0=5 a1=0 a2=40 a3=b6c44800 items=0 ppid=3683 auid=4294967295 uid=0 gid=0 euid=0 suid=0 fsuid=0 egid=0 sgid=0 fsgid=0 ses=4294967295 tty=(none) exe="/system/bin/iptables" key=(null)
W/auditd  ( 3705): type=1320 audit(0.0:23): 
W/auditd  ( 3705): type=1325 audit(0.0:24): table=filter family=10 entries=12
W/ip6tables( 3832): type=1300 audit(0.0:24): arch=40000028 syscall=294 per=800000 success=yes exit=0 a0=5 a1=29 a2=40 a3=b6c1d800 items=0 ppid=3683 auid=4294967295 uid=0 gid=0 euid=0 suid=0 fsuid=0 egid=0 sgid=0 fsgid=0 ses=4294967295 tty=(none) exe="/system/bin/ip6tables" key=(null)
W/auditd  ( 3705): type=1320 audit(0.0:24): 
D/hwcomposer( 3689): using
D/hwcomposer( 3689): xres         = 1080 px
D/hwcomposer( 3689): yres         = 1920 px
D/hwcomposer( 3689): width        = 65 mm (422.030000 dpi)
D/hwcomposer( 3689): height       = 115 mm (424.069000 dpi)
D/hwcomposer( 3689): refresh rate = 60 Hz
D/libexynosv4l2-subdev( 3689): try node: /dev/v4l-subdev0
D/libexynosv4l2-subdev( 3689): try node: /dev/v4l-subdev1
D/libexynosv4l2-subdev( 3689): try node: /dev/v4l-subdev2
I/libexynosv4l2-subdev( 3689): node found for device s5p-mixer0: /dev/v4l-subdev2
I/libexynosv4l2-subdev( 3689): open subdev device /dev/v4l-subdev2
I/hwcomposer( 3689): PSR info devname = /sys/devices/14400000.fimd_fb/psr_info
I/hwcomposer( 3689): PSR mode is 2(0: video mode, 1: DP PSR mode, 2: MIPI-DSI command mode)
I/SurfaceFlinger( 3689): Using composer version 1.3
I/SurfaceFlinger( 3689): EGL information:
I/SurfaceFlinger( 3689): vendor    : Android
I/SurfaceFlinger( 3689): version   : 1.4 Android META-EGL
I/SurfaceFlinger( 3689): extensions: EGL_KHR_get_all_proc_addresses EGL_ANDROID_presentation_time EGL_KHR_image EGL_KHR_image_base EGL_KHR_gl_texture_2D_image EGL_KHR_gl_texture_cubemap_image EGL_KHR_gl_renderbuffer_image EGL_KHR_fence_sync EGL_KHR_create_context EGL_ANDROID_image_native_buffer EGL_KHR_wait_sync EGL_ANDROID_recordable 
I/SurfaceFlinger( 3689): Client API: OpenGL_ES
I/SurfaceFlinger( 3689): EGLSurface: 8-8-8-8, config=0xb6acf2ac
D/AndroidRuntime( 3701): 
D/AndroidRuntime( 3701): >>>>>> AndroidRuntime START com.android.internal.os.ZygoteInit <<<<<<
I/SurfaceFlinger( 3689): OpenGL ES informations:
I/SurfaceFlinger( 3689): vendor    : ARM
I/SurfaceFlinger( 3689): renderer  : Mali-T628
I/SurfaceFlinger( 3689): version   : OpenGL ES 3.0
I/SurfaceFlinger( 3689): extensions: GL_EXT_debug_marker GL_ARM_rgba8 GL_ARM_mali_shader_binary GL_OES_depth24 GL_OES_depth_texture GL_OES_depth_texture_cube_map GL_OES_packed_depth_stencil GL_OES_rgb8_rgba8 GL_EXT_read_format_bgra GL_OES_compressed_paletted_texture GL_OES_compressed_ETC1_RGB8_texture GL_OES_standard_derivatives GL_OES_EGL_image GL_OES_EGL_image_external GL_OES_EGL_sync GL_OES_texture_npot GL_OES_vertex_half_float GL_OES_required_internalformat GL_OES_vertex_array_object GL_OES_mapbuffer GL_EXT_texture_format_BGRA8888 GL_EXT_texture_rg GL_EXT_texture_type_2_10_10_10_REV GL_OES_fbo_render_mipmap GL_OES_element_index_uint GL_EXT_shadow_samplers GL_OES_texture_compression_astc GL_KHR_texture_compression_astc_ldr GL_KHR_texture_compression_astc_hdr GL_KHR_debug GL_EXT_occlusion_query_boolean GL_EXT_blend_minmax GL_EXT_discard_framebuffer GL_OES_get_program_binary GL_OES_texture_3D GL_EXT_texture_storage GL_EXT_multisampled_render_to_texture GL_OES_surfaceless_context GL_ARM_mali_program_binary 
I/SurfaceFlinger( 3689): GL_MAX_TEXTURE_SIZE = 8192
I/SurfaceFlinger( 3689): GL_MAX_VIEWPORT_DIMS = 8192
D/SurfaceFlinger( 3689): Set power mode=2, type=0 flinger=0xb6a62000
I/hwcomposer( 3689): unblank ioctl failed (display already unblanked)
D/AndroidRuntime( 3701): CheckJNI is OFF
I/art     ( 3701): option[0]=-Xzygote
I/art     ( 3701): option[1]=-Xstacktracefile:/data/anr/traces.txt
I/art     ( 3701): option[2]=exit
I/art     ( 3701): option[3]=vfprintf
I/art     ( 3701): option[4]=sensitiveThread
I/art     ( 3701): option[5]=-verbose:gc
I/art     ( 3701): option[6]=-Xms16m
I/art     ( 3701): option[7]=-Xmx512m
I/art     ( 3701): option[8]=-XX:mainThreadStackSize=24K
I/art     ( 3701): option[9]=-XX:HeapGrowthLimit=192m
I/art     ( 3701): option[10]=-XX:HeapMinFree=2m
I/art     ( 3701): option[11]=-XX:HeapMaxFree=8m
I/art     ( 3701): option[12]=-XX:HeapTargetUtilization=0.75
I/art     ( 3701): option[13]=-agentlib:jdwp=transport=dt_android_adb,suspend=n,server=y
I/art     ( 3701): option[14]=-Xlockprofthreshold:500
I/art     ( 3701): option[15]=-Ximage-compiler-option
I/art     ( 3701): option[16]=--runtime-arg
I/art     ( 3701): option[17]=-Ximage-compiler-option
I/art     ( 3701): option[18]=-Xms64m
I/art     ( 3701): option[19]=-Ximage-compiler-option
I/art     ( 3701): option[20]=--runtime-arg
I/art     ( 3701): option[21]=-Ximage-compiler-option
I/art     ( 3701): option[22]=-Xmx64m
I/art     ( 3701): option[23]=-Ximage-compiler-option
I/art     ( 3701): option[24]=--image-classes-zip=/system/framework/framework.jar
I/art     ( 3701): option[25]=-Ximage-compiler-option
I/art     ( 3701): option[26]=--image-classes=preloaded-classes
I/art     ( 3701): option[27]=-Xcompiler-option
I/art     ( 3701): option[28]=--runtime-arg
I/art     ( 3701): option[29]=-Xcompiler-option
I/art     ( 3701): option[30]=-Xms64m
I/art     ( 3701): option[31]=-Xcompiler-option
I/art     ( 3701): option[32]=--runtime-arg
I/art     ( 3701): option[33]=-Xcompiler-option
I/art     ( 3701): option[34]=-Xmx512m
I/art     ( 3701): option[35]=-Duser.language=es
I/art     ( 3701): option[36]=-Duser.region=US
W/auditd  ( 3705): type=1325 audit(0.0:25): table=filter family=2 entries=13
W/iptables( 3847): type=1300 audit(0.0:25): arch=40000028 syscall=294 per=800000 success=yes exit=0 a0=5 a1=0 a2=40 a3=b6c1c200 items=0 ppid=3683 auid=4294967295 uid=0 gid=0 euid=0 suid=0 fsuid=0 egid=0 sgid=0 fsgid=0 ses=4294967295 tty=(none) exe="/system/bin/iptables" key=(null)
W/auditd  ( 3705): type=1320 audit(0.0:25): 
I/art     ( 3701): Pruning dalvik-cache since we are relocating an image and will need to recompile
W/art     ( 3701): Unexpected file type of 
W/art     ( 3701):  encountered.
D/SurfaceFlinger( 3689): SF. shader cache generated - 26 shaders in 71.412041 ms
D/libEGL  ( 3845): loaded /vendor/lib/egl/libGLES_mali.so
I/        ( 3845): PLATFORM VERSION : JB-MR-2
E/BootAnimation( 3845): couldn't find audio_conf.txt
I/art     ( 3701): RelocateImage: /system/bin/patchoat --input-image-location=/system/framework/boot.art --output-image-file=/data/dalvik-cache/arm/system@framework@boot.art --input-oat-location=/system/framework/boot.oat --output-oat-file=/data/dalvik-cache/arm/system@framework@boot.oat --instruction-set=arm --base-offset-delta=-9846784
I/Sensorhubs( 3697): GestureSensor flags 1, mEnabled 0
E/Sensorhubs( 3697): Gesture old sensor_state 0, new sensor_state : 64 en : 1
I/Sensorhubs( 3697): GestureSensor flags 0, mEnabled 1
E/Sensorhubs( 3697): Gesture old sensor_state 64, new sensor_state : 0 en : 0
I/SensorHubService( 3697): HardwareSensorHub
I/SensorHubService( 3697): HardwareSensorHub
D/SensorHubService( 3697): nuSensorHubService thread starting...
I/sensorhubservice( 3697): SensorHubService is starting now........................................
W/BootAnimation( 3845): Audio service is not initiated.
D/BootAnimation( 3845): Use save memory method, maybe small fps in actual.
D/wrapperGPS( 3699): wrapperConnect_RILD
W/auditd  ( 3705): type=1325 audit(0.0:55): table=raw family=2 entries=5
W/iptables( 3942): type=1300 audit(0.0:55): arch=40000028 syscall=294 per=800000 success=yes exit=0 a0=5 a1=0 a2=40 a3=b6c2d100 items=0 ppid=3683 auid=4294967295 uid=0 gid=0 euid=0 suid=0 fsuid=0 egid=0 sgid=0 fsgid=0 ses=4294967295 tty=(none) exe="/system/bin/iptables" key=(null)
W/auditd  ( 3705): type=1320 audit(0.0:55): 
W/auditd  ( 3705): type=1325 audit(0.0:56): table=raw family=10 entries=5
W/ip6tables( 3943): type=1300 audit(0.0:56): arch=40000028 syscall=294 per=800000 success=yes exit=0 a0=5 a1=29 a2=40 a3=b6c36400 items=0 ppid=3683 auid=4294967295 uid=0 gid=0 euid=0 suid=0 fsuid=0 egid=0 sgid=0 fsgid=0 ses=4294967295 tty=(none) exe="/system/bin/ip6tables" key=(null)
W/auditd  ( 3705): type=1320 audit(0.0:56): 
I/ServiceManager( 3693): Waiting for service batterystats...
W/auditd  ( 3705): type=1325 audit(0.0:57): table=raw family=2 entries=6
W/iptables( 3950): type=1300 audit(0.0:57): arch=40000028 syscall=294 per=800000 success=yes exit=0 a0=5 a1=0 a2=40 a3=b6c20400 items=0 ppid=3683 auid=4294967295 uid=0 gid=0 euid=0 suid=0 fsuid=0 egid=0 sgid=0 fsgid=0 ses=4294967295 tty=(none) exe="/system/bin/iptables" key=(null)
W/auditd  ( 3705): type=1320 audit(0.0:57): 
W/auditd  ( 3705): type=1325 audit(0.0:58): table=raw family=10 entries=6
W/ip6tables( 3951): type=1300 audit(0.0:58): arch=40000028 syscall=294 per=800000 success=yes exit=0 a0=5 a1=29 a2=40 a3=b6c31800 items=0 ppid=3683 auid=4294967295 uid=0 gid=0 euid=0 suid=0 fsuid=0 egid=0 sgid=0 fsgid=0 ses=4294967295 tty=(none) exe="/system/bin/ip6tables" key=(null)
W/auditd  ( 3705): type=1320 audit(0.0:58): 
W/auditd  ( 3705): type=1325 audit(0.0:59): table=raw family=2 entries=8
W/iptables( 3952): type=1300 audit(0.0:59): arch=40000028 syscall=294 per=800000 success=yes exit=0 a0=5 a1=0 a2=40 a3=b6c1ba00 items=0 ppid=3683 auid=4294967295 uid=0 gid=0 euid=0 suid=0 fsuid=0 egid=0 sgid=0 fsgid=0 ses=4294967295 tty=(none) exe="/system/bin/iptables" key=(null)
W/auditd  ( 3705): type=1320 audit(0.0:59): 
W/auditd  ( 3705): type=1325 audit(0.0:60): table=raw family=10 entries=8
W/ip6tables( 3953): type=1300 audit(0.0:60): arch=40000028 syscall=294 per=800000 success=yes exit=0 a0=5 a1=29 a2=40 a3=b6c37800 items=0 ppid=3683 auid=4294967295 uid=0 gid=0 euid=0 suid=0 fsuid=0 egid=0 sgid=0 fsgid=0 ses=4294967295 tty=(none) exe="/system/bin/ip6tables" key=(null)
W/auditd  ( 3705): type=1320 audit(0.0:60): 
W/auditd  ( 3705): type=1325 audit(0.0:61): table=mangle family=2 entries=6
W/iptables( 3960): type=1300 audit(0.0:61): arch=40000028 syscall=294 per=800000 success=yes exit=0 a0=5 a1=0 a2=40 a3=b6c20400 items=0 ppid=3683 auid=4294967295 uid=0 gid=0 euid=0 suid=0 fsuid=0 egid=0 sgid=0 fsgid=0 ses=4294967295 tty=(none) exe="/system/bin/iptables" key=(null)
V/NatController( 3683): runCmd(/system/bin/iptables -F natctrl_FORWARD) res=0
V/NatController( 3683): runCmd(/system/bin/iptables -A natctrl_FORWARD -j DROP) res=0
V/NatController( 3683): runCmd(/system/bin/iptables -t nat -F natctrl_nat_POSTROUTING) res=0
V/NatController( 3683): runCmd(/system/bin/iptables -t nat -F natctrl_nat_PREROUTING) res=0
V/NatController( 3683): runCmd(/system/bin/iptables -F natctrl_tether_counters) res=1
D/wrapperGPS( 3699): wrapperConnect_RILD
V/NatController( 3683): runCmd(/system/bin/iptables -X natctrl_tether_counters) res=1
V/NatController( 3683): runCmd(/system/bin/iptables -N natctrl_tether_counters) res=0
V/NatController( 3683): runCmd(/system/bin/iptables -t mangle -A natctrl_mangle_FORWARD -p tcp --tcp-flags SYN SYN -j TCPMSS --clamp-mss-to-pmtu) res=0
W/auditd  ( 3705): type=1325 audit(0.0:93): table=filter family=2 entries=37
W/iptables( 4028): type=1300 audit(0.0:93): arch=40000028 syscall=294 per=800000 success=yes exit=0 a0=5 a1=0 a2=40 a3=b6c22000 items=0 ppid=3683 auid=4294967295 uid=0 gid=0 euid=0 suid=0 fsuid=0 egid=0 sgid=0 fsgid=0 ses=4294967295 tty=(none) exe="/system/bin/iptables" key=(null)
W/auditd  ( 3705): type=1320 audit(0.0:93): 
W/auditd  ( 3705): type=1325 audit(0.0:94): table=filter family=10 entries=34
W/ip6tables( 4029): type=1300 audit(0.0:94): arch=40000028 syscall=294 per=800000 success=yes exit=0 a0=5 a1=29 a2=40 a3=b6c23000 items=0 ppid=3683 auid=4294967295 uid=0 gid=0 euid=0 suid=0 fsuid=0 egid=0 sgid=0 fsgid=0 ses=4294967295 tty=(none) exe="/system/bin/ip6tables" key=(null)
W/auditd  ( 3705): type=1320 audit(0.0:94): 
W/auditd  ( 3705): type=1325 audit(0.0:95): table=filter family=2 entries=37
W/iptables( 4030): type=1300 audit(0.0:95): arch=40000028 syscall=294 per=800000 success=yes exit=0 a0=5 a1=0 a2=40 a3=b6c22000 items=0 ppid=3683 auid=4294967295 uid=0 gid=0 euid=0 suid=0 fsuid=0 egid=0 sgid=0 fsgid=0 ses=4294967295 tty=(none) exe="/system/bin/iptables" key=(null)
W/auditd  ( 3705): type=1320 audit(0.0:95): 
W/auditd  ( 3705): type=1325 audit(0.0:96): table=filter family=10 entries=34
W/ip6tables( 4031): type=1300 audit(0.0:96): arch=40000028 syscall=294 per=800000 success=yes exit=0 a0=5 a1=29 a2=40 a3=b6c23000 items=0 ppid=3683 auid=4294967295 uid=0 gid=0 euid=0 suid=0 fsuid=0 egid=0 sgid=0 fsgid=0 ses=4294967295 tty=(none) exe="/system/bin/ip6tables" key=(null)
W/auditd  ( 3705): type=1320 audit(0.0:96): 
W/auditd  ( 3705): type=1325 audit(0.0:97): table=filter family=2 entries=37
W/iptables( 4032): type=1300 audit(0.0:97): arch=40000028 syscall=294 per=800000 success=yes exit=0 a0=5 a1=0 a2=40 a3=b6c22000 items=0 ppid=3683 auid=4294967295 uid=0 gid=0 euid=0 suid=0 fsuid=0 egid=0 sgid=0 fsgid=0 ses=4294967295 tty=(none) exe="/system/bin/iptables" key=(null)
W/auditd  ( 3705): type=1320 audit(0.0:97): 
I/ServiceManager( 3693): Waiting for service batterystats...
W/auditd  ( 3705): type=1325 audit(0.0:98): table=filter family=10 entries=34
W/ip6tables( 4033): type=1300 audit(0.0:98): arch=40000028 syscall=294 per=800000 success=yes exit=0 a0=5 a1=29 a2=40 a3=b6c23000 items=0 ppid=3683 auid=4294967295 uid=0 gid=0 euid=0 suid=0 fsuid=0 egid=0 sgid=0 fsgid=0 ses=4294967295 tty=(none) exe="/system/bin/ip6tables" key=(null)
W/auditd  ( 3705): type=1320 audit(0.0:98): 
W/auditd  ( 3705): type=1325 audit(0.0:99): table=raw family=2 entries=9
W/iptables( 4040): type=1300 audit(0.0:99): arch=40000028 syscall=294 per=800000 success=yes exit=0 a0=5 a1=0 a2=40 a3=b6c1ba00 items=0 ppid=3683 auid=4294967295 uid=0 gid=0 euid=0 suid=0 fsuid=0 egid=0 sgid=0 fsgid=0 ses=4294967295 tty=(none) exe="/system/bin/iptables" key=(null)
E/memtrack( 3701): Couldn't load memtrack module (No such file or directory)
E/android.os.Debug( 3701): failed to load memtrack module: -2
I/SamplingProfilerIntegration( 3701): Profiling disabled.
D/Zygote  ( 3701): begin preload
I/Zygote  ( 3701): Preloading classes...
I/art     ( 3701): Explicit concurrent mark sweep GC freed 994(55KB) AllocSpace objects, 0(0B) LOS objects, 98% free, 70KB/4MB, paused 328us total 4.173ms
I/art     ( 3701): Counter: 1
D/MDnsDS  ( 3683): MDnsSdListener::Hander starting up
D/MDnsDS  ( 3683): MDnsSdListener starting to monitor
D/MDnsDS  ( 3683): Going to poll with pollCount 1
E/Minikin ( 3701): addFont failed to create font /system/fonts/NotoSansGujarati-Regular.ttf
E/Minikin ( 3701): addFont failed to create font /system/fonts/NotoSansGujarati-Bold.ttf
E/Minikin ( 3701): addFont failed to create font /system/fonts/NotoSansGujaratiUI-Regular.ttf
E/Minikin ( 3701): addFont failed to create font /system/fonts/NotoSansGujaratiUI-Bold.ttf
E/Minikin ( 3701): addFont failed to create font /system/fonts/NotoSansGurmukhi-Regular.ttf
E/Minikin ( 3701): addFont failed to create font /system/fonts/NotoSansGurmukhi-Bold.ttf
E/Minikin ( 3701): addFont failed to create font /system/fonts/NotoSansGurmukhiUI-Regular.ttf
E/Minikin ( 3701): addFont failed to create font /system/fonts/NotoSansGurmukhiUI-Bold.ttf
D/wrapperGPS( 3699): wrapperConnect_RILD
E/Minikin ( 3701): addFont failed to create font /system/fonts/NotoSansSinhala-Regular.ttf
E/Minikin ( 3701): addFont failed to create font /system/fonts/NotoSansSinhala-Bold.ttf
E/Minikin ( 3701): addFont failed to create font /system/fonts/NotoSansCherokee-Regular.ttf
E/Minikin ( 3701): addFont failed to create font /system/fonts/NotoSansCanadianAboriginal-Regular.ttf
E/Minikin ( 3701): addFont failed to create font /system/fonts/NotoSansYi-Regular.ttf
E/Minikin ( 3701): addFont failed to create font /system/fonts/NotoSansHans-Regular.otf
E/Minikin ( 3701): addFont failed to create font /system/fonts/NotoSansHant-Regular.otf
E/Minikin ( 3701): addFont failed to create font /system/fonts/NotoSansJP-Regular.otf
E/Minikin ( 3701): addFont failed to create font /system/fonts/NotoSansKR-Regular.otf
I/ServiceManager( 3693): Waiting for service batterystats...
I/art     ( 3701): Thread[1,tid=3701,WaitingForJniOnLoad,Thread*=0xb5007800,peer=0x12c330e0,"main"] recursive attempt to load library "/system/lib/libmedia_jni.so"
D/MtpDeviceJNI( 3701): register_android_mtp_MtpDevice
I/art     ( 3701): Thread[1,tid=3701,WaitingForJniOnLoad,Thread*=0xb5007800,peer=0x12c330e0,"main"] recursive attempt to load library "/system/lib/libmedia_jni.so"
I/art     ( 3701): Thread[1,tid=3701,WaitingForJniOnLoad,Thread*=0xb5007800,peer=0x12c330e0,"main"] recursive attempt to load library "/system/lib/libmedia_jni.so"
D/BootAnimation( 3845): Use save memory method, maybe small fps in actual.
I/System  ( 3701): Loaded time zone names for "" in 46ms (41ms in ICU)
I/System  ( 3701): Loaded time zone names for "en_US" in 29ms (25ms in ICU)
I/System  ( 3701): Loaded time zone names for "es_US" in 33ms (28ms in ICU)
I/art     ( 3701): Explicit concurrent mark sweep GC freed 32368(1940KB) AllocSpace objects, 0(0B) LOS objects, 71% free, 1612KB/5MB, paused 129us total 14.116ms
I/Zygote  ( 3701): ...preloaded 3005 classes in 849ms.
I/art     ( 3701): VMRuntime.preloadDexCaches starting
I/art     ( 3701): VMRuntime.preloadDexCaches strings total=217392 before=40345 after=40345
I/art     ( 3701): VMRuntime.preloadDexCaches types total=18702 before=6336 after=6379
I/art     ( 3701): VMRuntime.preloadDexCaches fields total=87484 before=32543 after=32871
I/art     ( 3701): VMRuntime.preloadDexCaches methods total=154056 before=66777 after=67655
I/art     ( 3701): VMRuntime.preloadDexCaches finished
I/art     ( 3701): Counter: 0
I/art     ( 3701): Counter: 1
I/art     ( 3701): Explicit concurrent mark sweep GC freed 169(19KB) AllocSpace objects, 0(0B) LOS objects, 71% free, 1593KB/5MB, paused 131us total 7.176ms
D/idmap   ( 4116): error: no read access to /vendor/overlay: No such file or directory
I/Zygote  ( 3701): Preloading resources...
D/wrapperGPS( 3699): wrapperConnect_RILD
I/ServiceManager( 3693): Waiting for service batterystats...
I/art     ( 3701): Explicit concurrent mark sweep GC freed 4480(159KB) AllocSpace objects, 0(0B) LOS objects, 40% free, 16MB/28MB, paused 186us total 8.806ms
I/Zygote  ( 3701): ...preloaded 430 resources in 424ms.
I/art     ( 3701): Explicit concurrent mark sweep GC freed 497(29KB) AllocSpace objects, 0(0B) LOS objects, 40% free, 16MB/28MB, paused 189us total 8.420ms
I/Zygote  ( 3701): ...preloaded 41 resources in 19ms.
I/art     ( 3701): Counter: 0
D/libEGL  ( 3701): loaded /vendor/lib/egl/libGLES_mali.so
I/Zygote  ( 3701): Preloading shared libraries...
D/Zygote  ( 3701): end preload
I/art     ( 3701): Explicit concurrent mark sweep GC freed 461(21KB) AllocSpace objects, 0(0B) LOS objects, 40% free, 16MB/28MB, paused 181us total 8.267ms
I/art     ( 3701): Explicit concurrent mark sweep GC freed 41(1568B) AllocSpace objects, 0(0B) LOS objects, 40% free, 16MB/28MB, paused 181us total 7.977ms
I/art     ( 3701): Explicit concurrent mark sweep GC freed 5(160B) AllocSpace objects, 0(0B) LOS objects, 40% free, 16MB/28MB, paused 250us total 8.854ms
I/Zygote  ( 3701): System server process 4118 has been created
I/Zygote  ( 3701): Accepting command socket connections
I/art     ( 4118): DexFile_isDexOptNeeded failed to open oat file '/data/dalvik-cache/arm/system@framework@org.cyanogenmod.hardware.jar@classes.dex' for file location '/system/framework/org.cyanogenmod.hardware.jar': Failed to open oat filename for reading: No such file or directory
I/art     ( 4118): DexFile_isDexOptNeeded file /system/framework/arm/org.cyanogenmod.hardware.odex needs to be relocated for /system/framework/org.cyanogenmod.hardware.jar
I/InstallerConnection( 4118): connecting...
I/installd( 3695): new connection
E/installd( 4138): Running /system/bin/patchoat isa=arm in-fd=5 (/system/framework/arm/org.cyanogenmod.hardware.odex) out-fd=6 (/data/dalvik-cache/arm/system@framework@org.cyanogenmod.hardware.jar@classes.dex)
I/art     ( 4118): DexFile_isDexOptNeeded failed to open oat file '/data/dalvik-cache/arm/system@framework@services.jar@classes.dex' for file location '/system/framework/services.jar': Failed to open oat filename for reading: No such file or directory
I/art     ( 4118): DexFile_isDexOptNeeded file /system/framework/arm/services.odex needs to be relocated for /system/framework/services.jar
E/installd( 4139): Running /system/bin/patchoat isa=arm in-fd=5 (/system/framework/arm/services.odex) out-fd=6 (/data/dalvik-cache/arm/system@framework@services.jar@classes.dex)
I/art     ( 4118): DexFile_isDexOptNeeded failed to open oat file '/data/dalvik-cache/arm/system@framework@ethernet-service.jar@classes.dex' for file location '/system/framework/ethernet-service.jar': Failed to open oat filename for reading: No such file or directory
I/art     ( 4118): DexFile_isDexOptNeeded file /system/framework/arm/ethernet-service.odex needs to be relocated for /system/framework/ethernet-service.jar
E/installd( 4140): Running /system/bin/patchoat isa=arm in-fd=5 (/system/framework/arm/ethernet-service.odex) out-fd=6 (/data/dalvik-cache/arm/system@framework@ethernet-service.jar@classes.dex)
I/art     ( 4118): DexFile_isDexOptNeeded failed to open oat file '/data/dalvik-cache/arm/system@framework@wifi-service.jar@classes.dex' for file location '/system/framework/wifi-service.jar': Failed to open oat filename for reading: No such file or directory
I/art     ( 4118): DexFile_isDexOptNeeded file /system/framework/arm/wifi-service.odex needs to be relocated for /system/framework/wifi-service.jar
E/installd( 4141): Running /system/bin/patchoat isa=arm in-fd=5 (/system/framework/arm/wifi-service.odex) out-fd=6 (/data/dalvik-cache/arm/system@framework@wifi-service.jar@classes.dex)
I/InstallerConnection( 4118): disconnecting...
E/installd( 3695): eof
E/installd( 3695): failed to read size
I/installd( 3695): closing connection
I/SystemServer( 4118): Entered the Android system server!
D/wrapperGPS( 3699): wrapperConnect_RILD
V/Fingerprint-JNI( 4118): FingerprintManager JNI ready.
I/        ( 4118): System server: starting sensor init.
D/SensorService( 4118): nuSensorService starting...
I/SystemServiceManager( 4118): Starting com.android.server.pm.Installer
I/Installer( 4118): Waiting for installd to be ready.
I/InstallerConnection( 4118): connecting...
I/installd( 3695): new connection
I/SystemServiceManager( 4118): Starting com.android.server.am.ActivityManagerService$Lifecycle
E/Sensors ( 4118): GeoMagneticSensor, ERROR dev_num = -19
I/Sensors ( 4118): Proximity old sensor_state 0, new sensor_state : 128 en : 1
E/MediaPlayerFactory( 3693): calling dlopen on FACTORY_LIB
E/MediaPlayerFactory( 3693): Failed to open FACTORY_LIB Error : dlopen failed: library "libdashplayer.so" not found 
I/Sensors ( 4118): Light old sensor_state 128, new sensor_state : 640 en : 1
E/Sensors ( 4118): UncalMagneticSensor, ERROR dev_num = -19
I/CameraService( 3693): CameraService started (pid=3693)
I/Sensors ( 4118): SigMotionSensor old sensor_state 640, new sensor_state : 8832 en : 1
E/Sensors ( 4118): UncalGyroSensor, ERROR dev_num = -19
E/Sensors ( 4118): GameRotationVector, ERROR dev_num = -19
I/Sensors ( 4118): StepCounterSensor old sensor_state 8832, new sensor_state : 139904 en : 1
I/ActivityManager( 4118): Memory class: 192
D/Sensors ( 4118): HrmSpO2Sensor::HrmSpO2Sensor: Shared version Registered 
E/SensorService( 4118): >>>> WARNING <<< Upgrade sensor HAL to version 1_3
I/Sensors ( 4118): Proximity old sensor_state 139904, new sensor_state : 139776 en : 0
I/Sensors ( 4118): Light old sensor_state 139776, new sensor_state : 139264 en : 0
I/Sensors ( 4118): StepCounterSensor old sensor_state 139264, new sensor_state : 8192 en : 0
I/Sensors ( 4118): SigMotionSensor old sensor_state 8192, new sensor_state : 0 en : 0
I/Sensors ( 4118): HrmSpO2Sensor::enable, handle(16), en(0), what(1/0:aosphrm,1:sshrm, old enabled : 0)
I/Sensors ( 4118): HrmSpO2Sensor is already disabled or have to keep enabled, mEnabled : 0x0, en : 0
I/Sensors ( 4118): HrmSpO2Sensor::enable, handle(17), en(0), what(0/0:aosphrm,1:sshrm, old enabled : 0)
I/Sensors ( 4118): HrmSpO2Sensor is already disabled or have to keep enabled, mEnabled : 0x0, en : 0
I/Sensors ( 4118): HrmSpO2Sensor::enable, handle(18), en(0), what(2/0:aosphrm,1:sshrm, old enabled : 0)
I/Sensors ( 4118): HrmSpO2Sensor is already disabled or have to keep enabled, mEnabled : 0x0, en : 0
I/ServiceThread( 4118): Enabled StrictMode logging for ActivityManager looper.
I/        ( 4118): System server: sensor init done.
D/SensorService( 4118): nuSensorService thread starting...
I/Sensors ( 4118): ProximitySensor - 8(cm)
D/SensorService( 4118): new thread SensorEventAckReceiver
E/HAL     ( 3693): load: module=/system/lib/hw/camera.universal5422.so
E/HAL     ( 3693): dlopen failed: could not load library "libexynoscamera.so" needed by "camera.universal5422.so"; caused by cannot locate symbol "_ZN7android16CameraParameters17EFFECT_POINT_BLUEE" referenced by "libexynoscamera.so"...
E/CameraService( 3693): Could not load camera HAL module
I/AudioPolicyService( 3693): AudioPolicyService CSTOR in new mode
W/AudioPolicyManager( 3693): loadOutput() invalid supported devices
W/AudioPolicyManager( 3693): loadInput() invalid supported devices
I/AudioPolicyManager( 3693): loadAudioPolicyConfig() loaded /system/etc/audio_policy.conf
I/IntentFirewall( 4118): Read new rules (A:0 B:0 S:0)
I/ServiceThread( 4118): Enabled StrictMode logging for android.ui looper.
I/ServiceThread( 4118): Enabled StrictMode logging for android.display looper.
D/AppOps  ( 4118): AppOpsService published
I/SystemServiceManager( 4118): Starting com.android.server.power.PowerManagerService
I/ServiceThread( 4118): Enabled StrictMode logging for PowerManagerService looper.
W/linker  ( 3693): lib_Samsung_AudioZoom_v102.so has text relocations. This is wasting memory and prevents security hardening. Please fix.
E/Universal5422 PowerHAL( 4118): Error writing to /sys/devices/system/cpu/cpu0/cpufreq/interactive/boostpulse_duration: Invalid argument
W/libsuspend( 4118): Error writing 'on' to /sys/power/state: Invalid argument
I/libsuspend( 4118): Selected wakeup count
E/Universal5422 PowerHAL( 4118): Error opening /sys/class/input/input2/enabled: Permission denied
E/Universal5422 PowerHAL( 4118): Error opening /sys/class/input/input14/enabled: Permission denied
E/Universal5422 PowerHAL( 4118): Error opening /sys/class/input/input1/enabled: Permission denied
E/HAL     ( 3693): load: module=/system/lib/hw/audio.primary.universal5422.so
E/HAL     ( 3693): dlopen failed: cannot locate symbol "mixer_update" referenced by "audio.primary.universal5422.so"...
E/AudioFlinger( 3693): int android::load_audio_interface(const char*, audio_hw_device_t**) couldn't load audio hw module audio.primary (Invalid argument)
I/AudioFlinger( 3693): loadHwModule() error -22 loading module primary 
W/AudioPolicyManager( 3693): could not open HW module primary
I/SystemServiceManager( 4118): Starting com.android.server.display.DisplayManagerService
I/audio_a2dp_hw( 3693): adev_open:  adev_open in A2dp_hw module
I/AudioFlinger( 3693): loadHwModule() Loaded a2dp audio interface from A2DP Audio HW HAL (audio) handle 1
I/AudioFlinger( 3693): loadHwModule() Loaded usb audio interface from USB audio HW HAL (audio) handle 2
I/SystemServiceManager( 4118): Starting phase 100
I/r_submix( 3693): adev_open(name=audio_hw_if)
I/r_submix( 3693): adev_init_check()
I/AudioFlinger( 3693): loadHwModule() Loaded r_submix audio interface from Wifi Display audio HAL (audio) handle 3
D/r_submix( 3693): adev_open_input_stream()
D/r_submix( 3693): submix_audio_device_create_pipe()
E/MonoPipe( 3693): Failed to fetch local time frequency when constructing a MonoPipe (res = -32).  getNextWriteTimestamp calls will be non-functional
I/DisplayManagerService( 4118): Display device added: DisplayDeviceInfo{"Pantalla integrada": 1080 x 1920, 60.000004 fps, supportedRefreshRates [60.000004], density 480, 422.03 x 424.069 dpi, appVsyncOff 0, presDeadline 17666666, touch INTERNAL, rotation 0, type BUILT_IN, state UNKNOWN, FLAG_DEFAULT_DISPLAY, FLAG_ROTATES_WITH_CONTENT, FLAG_SECURE, FLAG_SUPPORTS_PROTECTED_BUFFERS}
I/SystemServer( 4118): Package Manager
W/SELinuxMMAC( 4118): Error opening /data/system/seapp_hash. Assuming first boot.
W/PackageManager( 4118): No security bridge jar found, using default
W/SystemConfig( 4118): No directory /system/etc/sysconfig, skipping
D/SELinuxMMAC( 4118): Using policy file /system/etc/security/mac_permissions.xml
I/art     ( 4118): DexFile_isDexOptNeeded failed to open oat file '/data/dalvik-cache/arm/system@framework@android.test.runner.jar@classes.dex' for file location '/system/framework/android.test.runner.jar': Failed to open oat filename for reading: No such file or directory
I/art     ( 4118): DexFile_isDexOptNeeded file /system/framework/arm/android.test.runner.odex needs to be relocated for /system/framework/android.test.runner.jar
E/installd( 4180): Running /system/bin/patchoat isa=arm in-fd=5 (/system/framework/arm/android.test.runner.odex) out-fd=6 (/data/dalvik-cache/arm/system@framework@android.test.runner.jar@classes.dex)
I/art     ( 4118): DexFile_isDexOptNeeded failed to open oat file '/data/dalvik-cache/arm/system@framework@com.android.future.usb.accessory.jar@classes.dex' for file location '/system/framework/com.android.future.usb.accessory.jar': Failed to open oat filename for reading: No such file or directory
I/art     ( 4118): DexFile_isDexOptNeeded file /system/framework/arm/com.android.future.usb.accessory.odex needs to be relocated for /system/framework/com.android.future.usb.accessory.jar
E/installd( 4181): Running /system/bin/patchoat isa=arm in-fd=5 (/system/framework/arm/com.android.future.usb.accessory.odex) out-fd=6 (/data/dalvik-cache/arm/system@framework@com.android.future.usb.accessory.jar@classes.dex)
I/art     ( 4118): DexFile_isDexOptNeeded failed to open oat file '/data/dalvik-cache/arm/system@framework@com.android.media.remotedisplay.jar@classes.dex' for file location '/system/framework/com.android.media.remotedisplay.jar': Failed to open oat filename for reading: No such file or directory
I/art     ( 4118): DexFile_isDexOptNeeded file /system/framework/arm/com.android.media.remotedisplay.odex needs to be relocated for /system/framework/com.android.media.remotedisplay.jar
E/installd( 4182): Running /system/bin/patchoat isa=arm in-fd=5 (/system/framework/arm/com.android.media.remotedisplay.odex) out-fd=6 (/data/dalvik-cache/arm/system@framework@com.android.media.remotedisplay.jar@classes.dex)
I/art     ( 4118): DexFile_isDexOptNeeded failed to open oat file '/data/dalvik-cache/arm/system@framework@com.android.location.provider.jar@classes.dex' for file location '/system/framework/com.android.location.provider.jar': Failed to open oat filename for reading: No such file or directory
I/art     ( 4118): DexFile_isDexOptNeeded file /system/framework/arm/com.android.location.provider.odex needs to be relocated for /system/framework/com.android.location.provider.jar
E/installd( 4183): Running /system/bin/patchoat isa=arm in-fd=5 (/system/framework/arm/com.android.location.provider.odex) out-fd=6 (/data/dalvik-cache/arm/system@framework@com.android.location.provider.jar@classes.dex)
I/art     ( 4118): DexFile_isDexOptNeeded failed to open oat file '/data/dalvik-cache/arm/system@framework@javax.obex.jar@classes.dex' for file location '/system/framework/javax.obex.jar': Failed to open oat filename for reading: No such file or directory
I/art     ( 4118): DexFile_isDexOptNeeded file /system/framework/arm/javax.obex.odex needs to be relocated for /system/framework/javax.obex.jar
E/installd( 4184): Running /system/bin/patchoat isa=arm in-fd=5 (/system/framework/arm/javax.obex.odex) out-fd=6 (/data/dalvik-cache/arm/system@framework@javax.obex.jar@classes.dex)
E/art     ( 4118): DexFile_isDexOptNeeded file '/system/framework/com.android.nfc_extras.jar' does not exist
W/PackageManager( 4118): Library not found: /system/framework/com.android.nfc_extras.jar
I/art     ( 4118): DexFile_isDexOptNeeded failed to open oat file '/data/dalvik-cache/arm/system@framework@com.android.mediadrm.signer.jar@classes.dex' for file location '/system/framework/com.android.mediadrm.signer.jar': Failed to open oat filename for reading: No such file or directory
I/art     ( 4118): DexFile_isDexOptNeeded file /system/framework/arm/com.android.mediadrm.signer.odex needs to be relocated for /system/framework/com.android.mediadrm.signer.jar
E/installd( 4185): Running /system/bin/patchoat isa=arm in-fd=5 (/system/framework/arm/com.android.mediadrm.signer.odex) out-fd=6 (/data/dalvik-cache/arm/system@framework@com.android.mediadrm.signer.jar@classes.dex)
I/art     ( 4118): DexFile_isDexOptNeeded failed to open oat file '/data/dalvik-cache/arm/system@framework@javax.btobex.jar@classes.dex' for file location '/system/framework/javax.btobex.jar': Failed to open oat filename for reading: No such file or directory
I/art     ( 4118): DexFile_isDexOptNeeded file /system/framework/arm/javax.btobex.odex needs to be relocated for /system/framework/javax.btobex.jar
E/installd( 4186): Running /system/bin/patchoat isa=arm in-fd=5 (/system/framework/arm/javax.btobex.odex) out-fd=6 (/data/dalvik-cache/arm/system@framework@javax.btobex.jar@classes.dex)
I/art     ( 4118): DexFile_isDexOptNeeded failed to open oat file '/data/dalvik-cache/arm/system@framework@am.jar@classes.dex' for file location '/system/framework/am.jar': Failed to open oat filename for reading: No such file or directory
I/art     ( 4118): DexFile_isDexOptNeeded file /system/framework/arm/am.odex needs to be relocated for /system/framework/am.jar
E/installd( 4187): Running /system/bin/patchoat isa=arm in-fd=5 (/system/framework/arm/am.odex) out-fd=6 (/data/dalvik-cache/arm/system@framework@am.jar@classes.dex)
I/art     ( 4118): DexFile_isDexOptNeeded failed to open oat file '/data/dalvik-cache/arm/system@framework@appops.jar@classes.dex' for file location '/system/framework/appops.jar': Failed to open oat filename for reading: No such file or directory
I/art     ( 4118): DexFile_isDexOptNeeded file /system/framework/arm/appops.odex needs to be relocated for /system/framework/appops.jar
E/installd( 4188): Running /system/bin/patchoat isa=arm in-fd=5 (/system/framework/arm/appops.odex) out-fd=6 (/data/dalvik-cache/arm/system@framework@appops.jar@classes.dex)
I/art     ( 4118): DexFile_isDexOptNeeded failed to open oat file '/data/dalvik-cache/arm/system@framework@appwidget.jar@classes.dex' for file location '/system/framework/appwidget.jar': Failed to open oat filename for reading: No such file or directory
I/art     ( 4118): DexFile_isDexOptNeeded file /system/framework/arm/appwidget.odex needs to be relocated for /system/framework/appwidget.jar
E/installd( 4189): Running /system/bin/patchoat isa=arm in-fd=5 (/system/framework/arm/appwidget.odex) out-fd=6 (/data/dalvik-cache/arm/system@framework@appwidget.jar@classes.dex)
I/art     ( 4118): DexFile_isDexOptNeeded failed to open oat file '/data/dalvik-cache/arm/system@framework@bmgr.jar@classes.dex' for file location '/system/framework/bmgr.jar': Failed to open oat filename for reading: No such file or directory
I/art     ( 4118): DexFile_isDexOptNeeded file /system/framework/arm/bmgr.odex needs to be relocated for /system/framework/bmgr.jar
E/installd( 4190): Running /system/bin/patchoat isa=arm in-fd=5 (/system/framework/arm/bmgr.odex) out-fd=6 (/data/dalvik-cache/arm/system@framework@bmgr.jar@classes.dex)
D/wrapperGPS( 3699): wrapperConnect_RILD
I/art     ( 4118): DexFile_isDexOptNeeded failed to open oat file '/data/dalvik-cache/arm/system@framework@bu.jar@classes.dex' for file location '/system/framework/bu.jar': Failed to open oat filename for reading: No such file or directory
I/art     ( 4118): DexFile_isDexOptNeeded file /system/framework/arm/bu.odex needs to be relocated for /system/framework/bu.jar
E/installd( 4191): Running /system/bin/patchoat isa=arm in-fd=5 (/system/framework/arm/bu.odex) out-fd=6 (/data/dalvik-cache/arm/system@framework@bu.jar@classes.dex)
I/art     ( 4118): DexFile_isDexOptNeeded failed to open oat file '/data/dalvik-cache/arm/system@framework@content.jar@classes.dex' for file location '/system/framework/content.jar': Failed to open oat filename for reading: No such file or directory
I/art     ( 4118): DexFile_isDexOptNeeded file /system/framework/arm/content.odex needs to be relocated for /system/framework/content.jar
E/installd( 4192): Running /system/bin/patchoat isa=arm in-fd=5 (/system/framework/arm/content.odex) out-fd=6 (/data/dalvik-cache/arm/system@framework@content.jar@classes.dex)
I/art     ( 4118): DexFile_isDexOptNeeded failed to open oat file '/data/dalvik-cache/arm/system@framework@dpm.jar@classes.dex' for file location '/system/framework/dpm.jar': Failed to open oat filename for reading: No such file or directory
I/art     ( 4118): DexFile_isDexOptNeeded file /system/framework/arm/dpm.odex needs to be relocated for /system/framework/dpm.jar
E/installd( 4193): Running /system/bin/patchoat isa=arm in-fd=5 (/system/framework/arm/dpm.odex) out-fd=6 (/data/dalvik-cache/arm/system@framework@dpm.jar@classes.dex)
I/art     ( 4118): DexFile_isDexOptNeeded failed to open oat file '/data/dalvik-cache/arm/system@framework@ime.jar@classes.dex' for file location '/system/framework/ime.jar': Failed to open oat filename for reading: No such file or directory
I/art     ( 4118): DexFile_isDexOptNeeded file /system/framework/arm/ime.odex needs to be relocated for /system/framework/ime.jar
E/installd( 4194): Running /system/bin/patchoat isa=arm in-fd=5 (/system/framework/arm/ime.odex) out-fd=6 (/data/dalvik-cache/arm/system@framework@ime.jar@classes.dex)
I/art     ( 4118): DexFile_isDexOptNeeded failed to open oat file '/data/dalvik-cache/arm/system@framework@input.jar@classes.dex' for file location '/system/framework/input.jar': Failed to open oat filename for reading: No such file or directory
I/art     ( 4118): DexFile_isDexOptNeeded file /system/framework/arm/input.odex needs to be relocated for /system/framework/input.jar
E/installd( 4196): Running /system/bin/patchoat isa=arm in-fd=5 (/system/framework/arm/input.odex) out-fd=6 (/data/dalvik-cache/arm/system@framework@input.jar@classes.dex)
I/art     ( 4118): DexFile_isDexOptNeeded failed to open oat file '/data/dalvik-cache/arm/system@framework@media_cmd.jar@classes.dex' for file location '/system/framework/media_cmd.jar': Failed to open oat filename for reading: No such file or directory
I/art     ( 4118): DexFile_isDexOptNeeded file /system/framework/arm/media_cmd.odex needs to be relocated for /system/framework/media_cmd.jar
E/installd( 4197): Running /system/bin/patchoat isa=arm in-fd=5 (/system/framework/arm/media_cmd.odex) out-fd=6 (/data/dalvik-cache/arm/system@framework@media_cmd.jar@classes.dex)
I/art     ( 4118): DexFile_isDexOptNeeded failed to open oat file '/data/dalvik-cache/arm/system@framework@monkey.jar@classes.dex' for file location '/system/framework/monkey.jar': Failed to open oat filename for reading: No such file or directory
I/art     ( 4118): DexFile_isDexOptNeeded file /system/framework/arm/monkey.odex needs to be relocated for /system/framework/monkey.jar
E/installd( 4198): Running /system/bin/patchoat isa=arm in-fd=5 (/system/framework/arm/monkey.odex) out-fd=6 (/data/dalvik-cache/arm/system@framework@monkey.jar@classes.dex)
