I/FFMPEG  ( 3697):     Metadata:
I/FFMPEG  ( 3697):       ANDROID_LOOP    : false
I/FFMPEG  ( 3697):       TITLE           : Palladium
D/FFmpegExtractor( 3697): FFmpegExtrator, url: android-source:0xb1b37830, format_name: ogg, format_long_name: Ogg
I/FFmpegExtractor( 3697): adjust mime(application/ogg -> audio/vorbis)
D/FFmpegExtractor( 3697): suppoted codec(vorbis) by official Stagefright
D/FFmpegExtractor( 3697): ffmpeg detected media content as 'audio/vorbis' with confidence 0.08
D/WVMDrmPlugIn( 3695): WVMDrmPlugin::onInitialize : 7313
D/WVMDrmPlugIn( 3695): WVMDrmPlugin::onSetOnInfoListener : add 7313
D/WVMDrmPlugIn( 3695): WVMDrmPlugin::onTerminate : 7313
I/FFmpegExtractor( 3697): android-source:0xb420d560
I/FFMPEG  ( 3697): Input #0, ogg, from 'android-source:0xb420d560':
I/FFMPEG  ( 3697):   Duration: 00:00:00.40, start: 0.000000, bitrate: 134 kb/s
I/FFMPEG  ( 3697):     Stream #0:0: Audio: vorbis, 44100 Hz, mono, fltp, 75 kb/s
I/FFMPEG  ( 3697):     Metadata:
I/FFMPEG  ( 3697):       COPYRIGHT       : (c) Copyright 2009 Android Open Source Project
I/FFMPEG  ( 3697):       TITLE           : Plastic Pipe
D/FFmpegExtractor( 3697): FFmpegExtrator, url: android-source:0xb420d560, format_name: ogg, format_long_name: Ogg
I/FFmpegExtractor( 3697): adjust mime(application/ogg -> audio/vorbis)
D/FFmpegExtractor( 3697): suppoted codec(vorbis) by official Stagefright
D/FFmpegExtractor( 3697): ffmpeg detected media content as 'audio/vorbis' with confidence 0.08
D/WVMDrmPlugIn( 3695): WVMDrmPlugin::onInitialize : 7521
D/WVMDrmPlugIn( 3695): WVMDrmPlugin::onSetOnInfoListener : add 7521
D/WVMDrmPlugIn( 3695): WVMDrmPlugin::onTerminate : 7521
I/FFmpegExtractor( 3697): android-source:0xb4012f60
I/FFMPEG  ( 3697): Input #0, ogg, from 'android-source:0xb4012f60':
I/FFMPEG  ( 3697):   Duration: 00:00:02.36, start: 0.000000, bitrate: 69 kb/s
I/FFMPEG  ( 3697):     Stream #0:0: Audio: vorbis, 44100 Hz, mono, fltp, 80 kb/s
I/FFMPEG  ( 3697):     Metadata:
I/FFMPEG  ( 3697):       ANDROID_LOOP    : false
I/FFMPEG  ( 3697):       TITLE           : Polaris
D/FFmpegExtractor( 3697): FFmpegExtrator, url: android-source:0xb4012f60, format_name: ogg, format_long_name: Ogg
I/FFmpegExtractor( 3697): adjust mime(application/ogg -> audio/vorbis)
D/FFmpegExtractor( 3697): suppoted codec(vorbis) by official Stagefright
D/FFmpegExtractor( 3697): ffmpeg detected media content as 'audio/vorbis' with confidence 0.08
D/WVMDrmPlugIn( 3695): WVMDrmPlugin::onInitialize : 6510
D/WVMDrmPlugIn( 3695): WVMDrmPlugin::onSetOnInfoListener : add 6510
D/WVMDrmPlugIn( 3695): WVMDrmPlugin::onTerminate : 6510
I/FFmpegExtractor( 3697): android-source:0xb60fd0b0
I/FFMPEG  ( 3697): Input #0, ogg, from 'android-source:0xb60fd0b0':
I/FFMPEG  ( 3697):   Duration: 00:00:02.59, start: 0.000000, bitrate: 72 kb/s
I/FFMPEG  ( 3697):     Stream #0:0: Audio: vorbis, 44100 Hz, mono, fltp, 80 kb/s
I/FFMPEG  ( 3697):     Metadata:
I/FFMPEG  ( 3697):       ARTIST          : pdx
I/FFMPEG  ( 3697):       ALBUM           : Unknown
I/FFMPEG  ( 3697):       GENRE           : Unknown
I/FFMPEG  ( 3697):       ANDROID_LOOP    : false
I/FFMPEG  ( 3697):       TITLE           : Pollux
D/FFmpegExtractor( 3697): FFmpegExtrator, url: android-source:0xb60fd0b0, format_name: ogg, format_long_name: Ogg
I/FFmpegExtractor( 3697): adjust mime(application/ogg -> audio/vorbis)
D/FFmpegExtractor( 3697): suppoted codec(vorbis) by official Stagefright
D/FFmpegExtractor( 3697): ffmpeg detected media content as 'audio/vorbis' with confidence 0.08
D/WVMDrmPlugIn( 3695): WVMDrmPlugin::onInitialize : 6553
D/WVMDrmPlugIn( 3695): WVMDrmPlugin::onSetOnInfoListener : add 6553
D/WVMDrmPlugIn( 3695): WVMDrmPlugin::onTerminate : 6553
I/FFmpegExtractor( 3697): android-source:0xb60fd100
I/FFMPEG  ( 3697): Input #0, ogg, from 'android-source:0xb60fd100':
I/FFMPEG  ( 3697):   Duration: 00:00:01.72, start: 0.000000, bitrate: 170 kb/s
I/FFMPEG  ( 3697):     Stream #0:0: Audio: vorbis, 44100 Hz, stereo, fltp, 320 kb/s
I/FFMPEG  ( 3697):     Metadata:
I/FFMPEG  ( 3697):       TITLE           : Pong
I/FFMPEG  ( 3697):       ENCODER         : FL Studio
D/FFmpegExtractor( 3697): FFmpegExtrator, url: android-source:0xb60fd100, format_name: ogg, format_long_name: Ogg
I/FFmpegExtractor( 3697): adjust mime(application/ogg -> audio/vorbis)
D/FFmpegExtractor( 3697): suppoted codec(vorbis) by official Stagefright
D/FFmpegExtractor( 3697): ffmpeg detected media content as 'audio/vorbis' with confidence 0.08
D/WVMDrmPlugIn( 3695): WVMDrmPlugin::onInitialize : 6385
D/WVMDrmPlugIn( 3695): WVMDrmPlugin::onSetOnInfoListener : add 6385
D/WVMDrmPlugIn( 3695): WVMDrmPlugin::onTerminate : 6385
I/FFmpegExtractor( 3697): android-source:0xb60fd2e0
I/FFMPEG  ( 3697): Input #0, ogg, from 'android-source:0xb60fd2e0':
I/FFMPEG  ( 3697):   Duration: 00:00:02.62, start: 0.000000, bitrate: 68 kb/s
I/FFMPEG  ( 3697):     Stream #0:0: Audio: vorbis, 44100 Hz, mono, fltp, 80 kb/s
I/FFMPEG  ( 3697):     Metadata:
I/FFMPEG  ( 3697):       ANDROID_LOOP    : false
I/FFMPEG  ( 3697):       TITLE           : Procyon
D/FFmpegExtractor( 3697): FFmpegExtrator, url: android-source:0xb60fd2e0, format_name: ogg, format_long_name: Ogg
I/FFmpegExtractor( 3697): adjust mime(application/ogg -> audio/vorbis)
D/FFmpegExtractor( 3697): suppoted codec(vorbis) by official Stagefright
D/FFmpegExtractor( 3697): ffmpeg detected media content as 'audio/vorbis' with confidence 0.08
D/WVMDrmPlugIn( 3695): WVMDrmPlugin::onInitialize : 5222
D/WVMDrmPlugIn( 3695): WVMDrmPlugin::onSetOnInfoListener : add 5222
D/WVMDrmPlugIn( 3695): WVMDrmPlugin::onTerminate : 5222
I/FFmpegExtractor( 3697): android-source:0xb60fd420
I/FFMPEG  ( 3697): Input #0, ogg, from 'android-source:0xb60fd420':
I/FFMPEG  ( 3697):   Duration: 00:00:01.00, start: 0.000000, bitrate: 105 kb/s
I/FFMPEG  ( 3697):     Stream #0:0: Audio: vorbis, 44100 Hz, stereo, fltp, 112 kb/s
I/FFMPEG  ( 3697):     Metadata:
I/FFMPEG  ( 3697):       TITLE           : Proxima
D/FFmpegExtractor( 3697): FFmpegExtrator, url: android-source:0xb60fd420, format_name: ogg, format_long_name: Ogg
I/FFmpegExtractor( 3697): adjust mime(application/ogg -> audio/vorbis)
D/FFmpegExtractor( 3697): suppoted codec(vorbis) by official Stagefright
D/FFmpegExtractor( 3697): ffmpeg detected media content as 'audio/vorbis' with confidence 0.08
D/WVMDrmPlugIn( 3695): WVMDrmPlugin::onInitialize : 7136
D/WVMDrmPlugIn( 3695): WVMDrmPlugin::onSetOnInfoListener : add 7136
D/WVMDrmPlugIn( 3695): WVMDrmPlugin::onTerminate : 7136
I/FFmpegExtractor( 3697): android-source:0xb60fd4c0
I/FFMPEG  ( 3697): Input #0, ogg, from 'android-source:0xb60fd4c0':
I/FFMPEG  ( 3697):   Duration: 00:00:01.80, start: 0.000000, bitrate: 112 kb/s
I/FFMPEG  ( 3697):     Stream #0:0: Audio: vorbis, 44100 Hz, stereo, fltp, 112 kb/s
D/FFmpegExtractor( 3697): FFmpegExtrator, url: android-source:0xb60fd4c0, format_name: ogg, format_long_name: Ogg
I/FFmpegExtractor( 3697): adjust mime(application/ogg -> audio/vorbis)
D/FFmpegExtractor( 3697): suppoted codec(vorbis) by official Stagefright
D/FFmpegExtractor( 3697): ffmpeg detected media content as 'audio/vorbis' with confidence 0.08
D/WVMDrmPlugIn( 3695): WVMDrmPlugin::onInitialize : 8034
D/WVMDrmPlugIn( 3695): WVMDrmPlugin::onSetOnInfoListener : add 8034
D/WVMDrmPlugIn( 3695): WVMDrmPlugin::onTerminate : 8034
I/FFmpegExtractor( 3697): android-source:0xb60fd5b0
I/FFMPEG  ( 3697): Input #0, ogg, from 'android-source:0xb60fd5b0':
I/FFMPEG  ( 3697):   Duration: 00:00:01.72, start: 0.000000, bitrate: 443 kb/s
I/FFMPEG  ( 3697):     Stream #0:0: Audio: vorbis, 44100 Hz, stereo, fltp, 450 kb/s
I/FFMPEG  ( 3697):     Metadata:
I/FFMPEG  ( 3697):       TITLE           : Rang
I/FFMPEG  ( 3697):       ENCODER         : FL Studio
D/FFmpegExtractor( 3697): FFmpegExtrator, url: android-source:0xb60fd5b0, format_name: ogg, format_long_name: Ogg
I/FFmpegExtractor( 3697): adjust mime(application/ogg -> audio/vorbis)
D/FFmpegExtractor( 3697): suppoted codec(vorbis) by official Stagefright
D/FFmpegExtractor( 3697): ffmpeg detected media content as 'audio/vorbis' with confidence 0.08
D/WVMDrmPlugIn( 3695): WVMDrmPlugin::onInitialize : 6454
D/WVMDrmPlugIn( 3695): WVMDrmPlugin::onSetOnInfoListener : add 6454
D/WVMDrmPlugIn( 3695): WVMDrmPlugin::onTerminate : 6454
I/FFmpegExtractor( 3697): android-source:0xb60fd6f0
I/FFMPEG  ( 3697): Input #0, ogg, from 'android-source:0xb60fd6f0':
I/FFMPEG  ( 3697):   Duration: 00:00:00.81, start: 0.000000, bitrate: 222 kb/s
I/FFMPEG  ( 3697):     Stream #0:0: Audio: vorbis, 44100 Hz, stereo, fltp, 224 kb/s
I/FFMPEG  ( 3697):     Metadata:
I/FFMPEG  ( 3697):       TITLE           : Rhea
D/FFmpegExtractor( 3697): FFmpegExtrator, url: android-source:0xb60fd6f0, format_name: ogg, format_long_name: Ogg
I/FFmpegExtractor( 3697): adjust mime(application/ogg -> audio/vorbis)
D/FFmpegExtractor( 3697): suppoted codec(vorbis) by official Stagefright
D/FFmpegExtractor( 3697): ffmpeg detected media content as 'audio/vorbis' with confidence 0.08
D/WVMDrmPlugIn( 3695): WVMDrmPlugin::onInitialize : 6932
D/WVMDrmPlugIn( 3695): WVMDrmPlugin::onSetOnInfoListener : add 6932
D/WVMDrmPlugIn( 3695): WVMDrmPlugin::onTerminate : 6932
I/FFmpegExtractor( 3697): android-source:0xb60fd830
I/FFMPEG  ( 3697): Input #0, ogg, from 'android-source:0xb60fd830':
I/FFMPEG  ( 3697):   Duration: 00:00:01.80, start: 0.000000, bitrate: 94 kb/s
I/FFMPEG  ( 3697):     Stream #0:0: Audio: vorbis, 44100 Hz, stereo, fltp, 112 kb/s
I/FFMPEG  ( 3697):     Metadata:
I/FFMPEG  ( 3697):       ANDROID_LOOP    : false
I/FFMPEG  ( 3697):       TITLE           : Rubidium
D/FFmpegExtractor( 3697): FFmpegExtrator, url: android-source:0xb60fd830, format_name: ogg, format_long_name: Ogg
I/FFmpegExtractor( 3697): adjust mime(application/ogg -> audio/vorbis)
D/FFmpegExtractor( 3697): suppoted codec(vorbis) by official Stagefright
D/FFmpegExtractor( 3697): ffmpeg detected media content as 'audio/vorbis' with confidence 0.08
D/WVMDrmPlugIn( 3695): WVMDrmPlugin::onInitialize : 7952
D/WVMDrmPlugIn( 3695): WVMDrmPlugin::onSetOnInfoListener : add 7952
D/WVMDrmPlugIn( 3695): WVMDrmPlugin::onTerminate : 7952
I/FFmpegExtractor( 3697): android-source:0xb420d560
I/FFMPEG  ( 3697): Input #0, ogg, from 'android-source:0xb420d560':
I/FFMPEG  ( 3697):   Duration: 00:00:01.49, start: 0.000000, bitrate: 217 kb/s
I/FFMPEG  ( 3697):     Stream #0:0: Audio: vorbis, 44100 Hz, stereo, fltp, 224 kb/s
I/FFMPEG  ( 3697):     Metadata:
I/FFMPEG  ( 3697):       TITLE           : Salacia
D/FFmpegExtractor( 3697): FFmpegExtrator, url: android-source:0xb420d560, format_name: ogg, format_long_name: Ogg
I/FFmpegExtractor( 3697): adjust mime(application/ogg -> audio/vorbis)
D/FFmpegExtractor( 3697): suppoted codec(vorbis) by official Stagefright
D/FFmpegExtractor( 3697): ffmpeg detected media content as 'audio/vorbis' with confidence 0.08
D/WVMDrmPlugIn( 3695): WVMDrmPlugin::onInitialize : 7549
D/WVMDrmPlugIn( 3695): WVMDrmPlugin::onSetOnInfoListener : add 7549
D/WVMDrmPlugIn( 3695): WVMDrmPlugin::onTerminate : 7549
I/FFmpegExtractor( 3697): android-source:0xb60fd830
I/FFMPEG  ( 3697): Input #0, ogg, from 'android-source:0xb60fd830':
I/FFMPEG  ( 3697):   Duration: 00:00:01.00, start: 0.000000, bitrate: 87 kb/s
I/FFMPEG  ( 3697):     Stream #0:0: Audio: vorbis, 44100 Hz, stereo, fltp, 112 kb/s
D/FFmpegExtractor( 3697): FFmpegExtrator, url: android-source:0xb60fd830, format_name: ogg, format_long_name: Ogg
I/FFmpegExtractor( 3697): adjust mime(application/ogg -> audio/vorbis)
D/FFmpegExtractor( 3697): suppoted codec(vorbis) by official Stagefright
D/FFmpegExtractor( 3697): ffmpeg detected media content as 'audio/vorbis' with confidence 0.08
D/WVMDrmPlugIn( 3695): WVMDrmPlugin::onInitialize : 5329
D/WVMDrmPlugIn( 3695): WVMDrmPlugin::onSetOnInfoListener : add 5329
D/WVMDrmPlugIn( 3695): WVMDrmPlugin::onTerminate : 5329
I/FFmpegExtractor( 3697): android-source:0xb420d560
I/FFMPEG  ( 3697): Input #0, ogg, from 'android-source:0xb420d560':
I/FFMPEG  ( 3697):   Duration: 00:00:01.37, start: 0.000000, bitrate: 141 kb/s
I/FFMPEG  ( 3697):     Stream #0:0: Audio: vorbis, 44100 Hz, stereo, fltp, 112 kb/s
I/FFMPEG  ( 3697):     Metadata:
I/FFMPEG  ( 3697):       TITLE           : Shaula
D/FFmpegExtractor( 3697): FFmpegExtrator, url: android-source:0xb420d560, format_name: ogg, format_long_name: Ogg
I/FFmpegExtractor( 3697): adjust mime(application/ogg -> audio/vorbis)
D/FFmpegExtractor( 3697): suppoted codec(vorbis) by official Stagefright
D/FFmpegExtractor( 3697): ffmpeg detected media content as 'audio/vorbis' with confidence 0.08
D/WVMDrmPlugIn( 3695): WVMDrmPlugin::onInitialize : 7042
D/WVMDrmPlugIn( 3695): WVMDrmPlugin::onSetOnInfoListener : add 7042
D/WVMDrmPlugIn( 3695): WVMDrmPlugin::onTerminate : 7042
I/FFmpegExtractor( 3697): android-source:0xb60fd830
I/FFMPEG  ( 3697): Input #0, ogg, from 'android-source:0xb60fd830':
I/FFMPEG  ( 3697):   Duration: 00:00:01.31, start: 0.000000, bitrate: 128 kb/s
I/FFMPEG  ( 3697):     Stream #0:0: Audio: vorbis, 44100 Hz, stereo, fltp, 112 kb/s
I/FFMPEG  ( 3697):     Metadata:
I/FFMPEG  ( 3697):       TITLE           : Sirrah
D/FFmpegExtractor( 3697): FFmpegExtrator, url: android-source:0xb60fd830, format_name: ogg, format_long_name: Ogg
I/FFmpegExtractor( 3697): adjust mime(application/ogg -> audio/vorbis)
D/FFmpegExtractor( 3697): suppoted codec(vorbis) by official Stagefright
D/FFmpegExtractor( 3697): ffmpeg detected media content as 'audio/vorbis' with confidence 0.08
D/WVMDrmPlugIn( 3695): WVMDrmPlugin::onInitialize : 7540
D/WVMDrmPlugIn( 3695): WVMDrmPlugin::onSetOnInfoListener : add 7540
D/WVMDrmPlugIn( 3695): WVMDrmPlugin::onTerminate : 7540
I/FFmpegExtractor( 3697): android-source:0xb420d560
I/FFMPEG  ( 3697): Input #0, ogg, from 'android-source:0xb420d560':
I/FFMPEG  ( 3697):   Duration: 00:00:02.88, start: 0.000000, bitrate: 72 kb/s
I/FFMPEG  ( 3697):     Stream #0:0: Audio: vorbis, 44100 Hz, mono, fltp, 75 kb/s
I/FFMPEG  ( 3697):     Metadata:
I/FFMPEG  ( 3697):       COPYRIGHT       : Copyright (c) 2009 Android Open Source Project
I/FFMPEG  ( 3697):       TITLE           : Space Seed
I/FFMPEG  ( 3697):       ARTIST          : Dave Sparks
D/FFmpegExtractor( 3697): FFmpegExtrator, url: android-source:0xb420d560, format_name: ogg, format_long_name: Ogg
I/FFmpegExtractor( 3697): adjust mime(application/ogg -> audio/vorbis)
D/FFmpegExtractor( 3697): suppoted codec(vorbis) by official Stagefright
D/FFmpegExtractor( 3697): ffmpeg detected media content as 'audio/vorbis' with confidence 0.08
D/WVMDrmPlugIn( 3695): WVMDrmPlugin::onInitialize : 7948
D/WVMDrmPlugIn( 3695): WVMDrmPlugin::onSetOnInfoListener : add 7948
D/WVMDrmPlugIn( 3695): WVMDrmPlugin::onTerminate : 7948
I/FFmpegExtractor( 3697): android-source:0xb60fd830
I/FFMPEG  ( 3697): Input #0, ogg, from 'android-source:0xb60fd830':
I/FFMPEG  ( 3697):   Duration: 00:00:00.90, start: 0.000000, bitrate: 80 kb/s
I/FFMPEG  ( 3697):     Stream #0:0: Audio: vorbis, 44100 Hz, stereo, fltp, 112 kb/s
I/FFMPEG  ( 3697):     Metadata:
I/FFMPEG  ( 3697):       TITLE           : Spica
D/FFmpegExtractor( 3697): FFmpegExtrator, url: android-source:0xb60fd830, format_name: ogg, format_long_name: Ogg
I/FFmpegExtractor( 3697): adjust mime(application/ogg -> audio/vorbis)
D/FFmpegExtractor( 3697): suppoted codec(vorbis) by official Stagefright
D/FFmpegExtractor( 3697): ffmpeg detected media content as 'audio/vorbis' with confidence 0.08
D/WVMDrmPlugIn( 3695): WVMDrmPlugin::onInitialize : 5809
D/WVMDrmPlugIn( 3695): WVMDrmPlugin::onSetOnInfoListener : add 5809
D/WVMDrmPlugIn( 3695): WVMDrmPlugin::onTerminate : 5809
I/FFmpegExtractor( 3697): android-source:0xb60fd970
I/FFMPEG  ( 3697): Input #0, ogg, from 'android-source:0xb60fd970':
I/FFMPEG  ( 3697):   Duration: 00:00:01.88, start: 0.000000, bitrate: 239 kb/s
I/FFMPEG  ( 3697):     Stream #0:0: Audio: vorbis, 44100 Hz, stereo, fltp, 450 kb/s
I/FFMPEG  ( 3697):     Metadata:
I/FFMPEG  ( 3697):       TITLE           : Stone
I/FFMPEG  ( 3697):       ENCODER         : FL Studio
D/FFmpegExtractor( 3697): FFmpegExtrator, url: android-source:0xb60fd970, format_name: ogg, format_long_name: Ogg
I/FFmpegExtractor( 3697): adjust mime(application/ogg -> audio/vorbis)
D/FFmpegExtractor( 3697): suppoted codec(vorbis) by official Stagefright
D/FFmpegExtractor( 3697): ffmpeg detected media content as 'audio/vorbis' with confidence 0.08
D/WVMDrmPlugIn( 3695): WVMDrmPlugin::onInitialize : 5112
D/WVMDrmPlugIn( 3695): WVMDrmPlugin::onSetOnInfoListener : add 5112
D/WVMDrmPlugIn( 3695): WVMDrmPlugin::onTerminate : 5112
I/FFmpegExtractor( 3697): android-source:0xb60fd830
I/FFMPEG  ( 3697): Input #0, ogg, from 'android-source:0xb60fd830':
I/FFMPEG  ( 3697):   Duration: 00:00:03.00, start: 0.000000, bitrate: 104 kb/s
I/FFMPEG  ( 3697):     Stream #0:0: Audio: vorbis, 44100 Hz, stereo, fltp, 112 kb/s
I/FFMPEG  ( 3697):     Metadata:
I/FFMPEG  ( 3697):       ANDROID_LOOP    : false
I/FFMPEG  ( 3697):       TITLE           : Strontium
D/FFmpegExtractor( 3697): FFmpegExtrator, url: android-source:0xb60fd830, format_name: ogg, format_long_name: Ogg
I/FFmpegExtractor( 3697): adjust mime(application/ogg -> audio/vorbis)
D/FFmpegExtractor( 3697): suppoted codec(vorbis) by official Stagefright
D/FFmpegExtractor( 3697): ffmpeg detected media content as 'audio/vorbis' with confidence 0.08
D/WVMDrmPlugIn( 3695): WVMDrmPlugin::onInitialize : 7174
D/WVMDrmPlugIn( 3695): WVMDrmPlugin::onSetOnInfoListener : add 7174
D/WVMDrmPlugIn( 3695): WVMDrmPlugin::onTerminate : 7174
I/FFmpegExtractor( 3697): android-source:0xb60fd970
I/FFMPEG  ( 3697): Input #0, ogg, from 'android-source:0xb60fd970':
I/FFMPEG  ( 3697):   Duration: 00:00:00.75, start: 0.000000, bitrate: 90 kb/s
I/FFMPEG  ( 3697):     Stream #0:0: Audio: vorbis, 44100 Hz, mono, fltp, 70 kb/s
I/FFMPEG  ( 3697):     Metadata:
I/FFMPEG  ( 3697):       ANDROID_LOOP    : false
I/FFMPEG  ( 3697):       TITLE           : Syrma
D/FFmpegExtractor( 3697): FFmpegExtrator, url: android-source:0xb60fd970, format_name: ogg, format_long_name: Ogg
I/FFmpegExtractor( 3697): adjust mime(application/ogg -> audio/vorbis)
D/FFmpegExtractor( 3697): suppoted codec(vorbis) by official Stagefright
D/FFmpegExtractor( 3697): ffmpeg detected media content as 'audio/vorbis' with confidence 0.08
D/WVMDrmPlugIn( 3695): WVMDrmPlugin::onInitialize : 6030
D/WVMDrmPlugIn( 3695): WVMDrmPlugin::onSetOnInfoListener : add 6030
D/WVMDrmPlugIn( 3695): WVMDrmPlugin::onTerminate : 6030
I/FFmpegExtractor( 3697): android-source:0xb60fd830
I/FFMPEG  ( 3697): Input #0, ogg, from 'android-source:0xb60fd830':
I/FFMPEG  ( 3697):   Duration: 00:00:03.29, start: 0.000000, bitrate: 105 kb/s
I/FFMPEG  ( 3697):     Stream #0:0: Audio: vorbis, 48000 Hz, stereo, fltp, 112 kb/s
I/FFMPEG  ( 3697):     Metadata:
I/FFMPEG  ( 3697):       TITLE           : Ta Da
D/FFmpegExtractor( 3697): FFmpegExtrator, url: android-source:0xb60fd830, format_name: ogg, format_long_name: Ogg
I/FFmpegExtractor( 3697): adjust mime(application/ogg -> audio/vorbis)
D/FFmpegExtractor( 3697): suppoted codec(vorbis) by official Stagefright
D/FFmpegExtractor( 3697): ffmpeg detected media content as 'audio/vorbis' with confidence 0.08
D/WVMDrmPlugIn( 3695): WVMDrmPlugin::onInitialize : 5650
D/WVMDrmPlugIn( 3695): WVMDrmPlugin::onSetOnInfoListener : add 5650
D/WVMDrmPlugIn( 3695): WVMDrmPlugin::onTerminate : 5650
I/FFmpegExtractor( 3697): android-source:0xb60fd970
I/FFMPEG  ( 3697): Input #0, ogg, from 'android-source:0xb60fd970':
I/FFMPEG  ( 3697):   Duration: 00:00:01.13, start: 0.000000, bitrate: 74 kb/s
I/FFMPEG  ( 3697):     Stream #0:0: Audio: vorbis, 44100 Hz, mono, fltp, 70 kb/s
I/FFMPEG  ( 3697):     Metadata:
I/FFMPEG  ( 3697):       ANDROID_LOOP    : false
I/FFMPEG  ( 3697):       TITLE           : Talitha
D/FFmpegExtractor( 3697): FFmpegExtrator, url: android-source:0xb60fd970, format_name: ogg, format_long_name: Ogg
I/FFmpegExtractor( 3697): adjust mime(application/ogg -> audio/vorbis)
D/FFmpegExtractor( 3697): suppoted codec(vorbis) by official Stagefright
D/FFmpegExtractor( 3697): ffmpeg detected media content as 'audio/vorbis' with confidence 0.08
D/WVMDrmPlugIn( 3695): WVMDrmPlugin::onInitialize : 5994
D/WVMDrmPlugIn( 3695): WVMDrmPlugin::onSetOnInfoListener : add 5994
D/WVMDrmPlugIn( 3695): WVMDrmPlugin::onTerminate : 5994
I/FFmpegExtractor( 3697): android-source:0xb60fd830
I/FFMPEG  ( 3697): Input #0, ogg, from 'android-source:0xb60fd830':
I/FFMPEG  ( 3697):   Duration: 00:00:01.20, start: 0.000000, bitrate: 105 kb/s
I/FFMPEG  ( 3697):     Stream #0:0: Audio: vorbis, 44100 Hz, stereo, fltp, 112 kb/s
I/FFMPEG  ( 3697):     Metadata:
I/FFMPEG  ( 3697):       TITLE           : Tejat
D/FFmpegExtractor( 3697): FFmpegExtrator, url: android-source:0xb60fd830, format_name: ogg, format_long_name: Ogg
I/FFmpegExtractor( 3697): adjust mime(application/ogg -> audio/vorbis)
D/FFmpegExtractor( 3697): suppoted codec(vorbis) by official Stagefright
D/FFmpegExtractor( 3697): ffmpeg detected media content as 'audio/vorbis' with confidence 0.08
D/WVMDrmPlugIn( 3695): WVMDrmPlugin::onInitialize : 7463
D/WVMDrmPlugIn( 3695): WVMDrmPlugin::onSetOnInfoListener : add 7463
D/WVMDrmPlugIn( 3695): WVMDrmPlugin::onTerminate : 7463
I/FFmpegExtractor( 3697): android-source:0xb60fd970
I/FFMPEG  ( 3697): Input #0, ogg, from 'android-source:0xb60fd970':
I/FFMPEG  ( 3697):   Duration: 00:00:01.26, start: 0.000000, bitrate: 254 kb/s
I/FFMPEG  ( 3697):     Stream #0:0: Audio: vorbis, 44100 Hz, stereo, fltp, 224 kb/s
I/FFMPEG  ( 3697):     Metadata:
I/FFMPEG  ( 3697):       TITLE           : Tethys
D/FFmpegExtractor( 3697): FFmpegExtrator, url: android-source:0xb60fd970, format_name: ogg, format_long_name: Ogg
I/FFmpegExtractor( 3697): adjust mime(application/ogg -> audio/vorbis)
D/FFmpegExtractor( 3697): suppoted codec(vorbis) by official Stagefright
D/FFmpegExtractor( 3697): ffmpeg detected media content as 'audio/vorbis' with confidence 0.08
D/WVMDrmPlugIn( 3695): WVMDrmPlugin::onInitialize : 6717
D/WVMDrmPlugIn( 3695): WVMDrmPlugin::onSetOnInfoListener : add 6717
D/WVMDrmPlugIn( 3695): WVMDrmPlugin::onTerminate : 6717
I/FFmpegExtractor( 3697): android-source:0xb60fd830
I/FFMPEG  ( 3697): Input #0, ogg, from 'android-source:0xb60fd830':
I/FFMPEG  ( 3697):   Duration: 00:00:01.37, start: 0.000000, bitrate: 106 kb/s
I/FFMPEG  ( 3697):     Stream #0:0: Audio: vorbis, 44100 Hz, stereo, fltp, 112 kb/s
I/FFMPEG  ( 3697):     Metadata:
I/FFMPEG  ( 3697):       ANDROID_LOOP    : false
I/FFMPEG  ( 3697):       TITLE           : Thallium
D/FFmpegExtractor( 3697): FFmpegExtrator, url: android-source:0xb60fd830, format_name: ogg, format_long_name: Ogg
I/FFmpegExtractor( 3697): adjust mime(application/ogg -> audio/vorbis)
D/FFmpegExtractor( 3697): suppoted codec(vorbis) by official Stagefright
D/FFmpegExtractor( 3697): ffmpeg detected media content as 'audio/vorbis' with confidence 0.08
D/WVMDrmPlugIn( 3695): WVMDrmPlugin::onInitialize : 5946
D/WVMDrmPlugIn( 3695): WVMDrmPlugin::onSetOnInfoListener : add 5946
D/WVMDrmPlugIn( 3695): WVMDrmPlugin::onTerminate : 5946
I/FFmpegExtractor( 3697): android-source:0xb60fd970
I/FFMPEG  ( 3697): Input #0, ogg, from 'android-source:0xb60fd970':
I/FFMPEG  ( 3697):   Duration: 00:00:01.10, start: 0.000000, bitrate: 137 kb/s
I/FFMPEG  ( 3697):     Stream #0:0: Audio: vorbis, 48000 Hz, stereo, fltp, 112 kb/s
I/FFMPEG  ( 3697):     Metadata:
I/FFMPEG  ( 3697):       TITLE           : Tinkerbell
D/FFmpegExtractor( 3697): FFmpegExtrator, url: android-source:0xb60fd970, format_name: ogg, format_long_name: Ogg
I/FFmpegExtractor( 3697): adjust mime(application/ogg -> audio/vorbis)
D/FFmpegExtractor( 3697): suppoted codec(vorbis) by official Stagefright
D/FFmpegExtractor( 3697): ffmpeg detected media content as 'audio/vorbis' with confidence 0.08
D/WVMDrmPlugIn( 3695): WVMDrmPlugin::onInitialize : 4560
D/WVMDrmPlugIn( 3695): WVMDrmPlugin::onSetOnInfoListener : add 4560
D/WVMDrmPlugIn( 3695): WVMDrmPlugin::onTerminate : 4560
I/FFmpegExtractor( 3697): android-source:0xb60fd650
I/FFMPEG  ( 3697): Input #0, ogg, from 'android-source:0xb60fd650':
I/FFMPEG  ( 3697):   Duration: 00:00:01.02, start: 0.000000, bitrate: 253 kb/s
I/FFMPEG  ( 3697):     Stream #0:0: Audio: vorbis, 44100 Hz, stereo, fltp, 224 kb/s
I/FFMPEG  ( 3697):     Metadata:
I/FFMPEG  ( 3697):       TITLE           : Titan
D/FFmpegExtractor( 3697): FFmpegExtrator, url: android-source:0xb60fd650, format_name: ogg, format_long_name: Ogg
I/FFmpegExtractor( 3697): adjust mime(application/ogg -> audio/vorbis)
D/FFmpegExtractor( 3697): suppoted codec(vorbis) by official Stagefright
D/FFmpegExtractor( 3697): ffmpeg detected media content as 'audio/vorbis' with confidence 0.08
D/WVMDrmPlugIn( 3695): WVMDrmPlugin::onInitialize : 5686
D/WVMDrmPlugIn( 3695): WVMDrmPlugin::onSetOnInfoListener : add 5686
D/WVMDrmPlugIn( 3695): WVMDrmPlugin::onTerminate : 5686
I/FFmpegExtractor( 3697): android-source:0xb1b37790
I/FFMPEG  ( 3697): Input #0, ogg, from 'android-source:0xb1b37790':
I/FFMPEG  ( 3697):   Duration: 00:00:01.60, start: 0.000000, bitrate: 120 kb/s
I/FFMPEG  ( 3697):     Stream #0:0: Audio: vorbis, 44100 Hz, stereo, fltp, 112 kb/s
I/FFMPEG  ( 3697):     Metadata:
I/FFMPEG  ( 3697):       TITLE           : Upsilon
D/FFmpegExtractor( 3697): FFmpegExtrator, url: android-source:0xb1b37790, format_name: ogg, format_long_name: Ogg
I/FFmpegExtractor( 3697): adjust mime(application/ogg -> audio/vorbis)
D/FFmpegExtractor( 3697): suppoted codec(vorbis) by official Stagefright
D/FFmpegExtractor( 3697): ffmpeg detected media content as 'audio/vorbis' with confidence 0.08
E/WhisperPush( 5851): GcmRecurringRegistration
E/WhisperPush( 5851): java.io.IOException: SERVICE_NOT_AVAILABLE
E/WhisperPush( 5851): 	at com.google.android.gms.gcm.GoogleCloudMessaging.register(Unknown Source)
E/WhisperPush( 5851): 	at org.whispersystems.whisperpush.gcm.GcmHelper.getRegistrationId(GcmHelper.java:65)
E/WhisperPush( 5851): 	at org.whispersystems.whisperpush.WhisperPush$1.doInBackground(WhisperPush.java:52)
E/WhisperPush( 5851): 	at org.whispersystems.whisperpush.WhisperPush$1.doInBackground(WhisperPush.java:48)
E/WhisperPush( 5851): 	at android.os.AsyncTask$2.call(AsyncTask.java:288)
E/WhisperPush( 5851): 	at java.util.concurrent.FutureTask.run(FutureTask.java:237)
E/WhisperPush( 5851): 	at android.os.AsyncTask$SerialExecutor$1.run(AsyncTask.java:231)
E/WhisperPush( 5851): 	at java.util.concurrent.ThreadPoolExecutor.runWorker(ThreadPoolExecutor.java:1112)
E/WhisperPush( 5851): 	at java.util.concurrent.ThreadPoolExecutor$Worker.run(ThreadPoolExecutor.java:587)
E/WhisperPush( 5851): 	at java.lang.Thread.run(Thread.java:818)
D/WVMDrmPlugIn( 3695): WVMDrmPlugin::onInitialize : 6634
D/WVMDrmPlugIn( 3695): WVMDrmPlugin::onSetOnInfoListener : add 6634
D/WVMDrmPlugIn( 3695): WVMDrmPlugin::onTerminate : 6634
I/FFmpegExtractor( 3697): android-source:0xb60fd830
I/FFMPEG  ( 3697): Input #0, ogg, from 'android-source:0xb60fd830':
I/FFMPEG  ( 3697):   Duration: 00:00:04.38, start: 0.000000, bitrate: 53 kb/s
I/FFMPEG  ( 3697):     Stream #0:0: Audio: vorbis, 44100 Hz, mono, fltp, 96 kb/s
I/FFMPEG  ( 3697):     Metadata:
I/FFMPEG  ( 3697):       ARTIST          : Unknown
I/FFMPEG  ( 3697):       TITLE           : Vega
I/FFMPEG  ( 3697):       REPLAYGAIN_TRACK_PEAK: 0.000000
I/FFMPEG  ( 3697):       REPLAYGAIN_ALBUM_GAIN: 0.000000
I/FFMPEG  ( 3697):       REPLAYGAIN_ALBUM_PEAK: 0.000000
I/FFMPEG  ( 3697):       disc            : 0
I/FFMPEG  ( 3697):       REPLAYGAIN_TRACK_GAIN: 0.000000
I/FFMPEG  ( 3697):       ANDROID_LOOP    : false
I/FFMPEG  ( 3697):     Side data:
I/FFMPEG  ( 3697):       replaygain: track gain - 0.000000, track peak - unknown, album gain - 0.000000, album peak - unknown, 
D/FFmpegExtractor( 3697): FFmpegExtrator, url: android-source:0xb60fd830, format_name: ogg, format_long_name: Ogg
I/FFmpegExtractor( 3697): adjust mime(application/ogg -> audio/vorbis)
D/FFmpegExtractor( 3697): suppoted codec(vorbis) by official Stagefright
D/FFmpegExtractor( 3697): ffmpeg detected media content as 'audio/vorbis' with confidence 0.08
D/WVMDrmPlugIn( 3695): WVMDrmPlugin::onInitialize : 7240
D/WVMDrmPlugIn( 3695): WVMDrmPlugin::onSetOnInfoListener : add 7240
D/WVMDrmPlugIn( 3695): WVMDrmPlugin::onTerminate : 7240
I/FFmpegExtractor( 3697): android-source:0xb1b37790
I/FFMPEG  ( 3697): Input #0, ogg, from 'android-source:0xb1b37790':
I/FFMPEG  ( 3697):   Duration: 00:00:01.92, start: 0.000000, bitrate: 68 kb/s
I/FFMPEG  ( 3697):     Stream #0:0: Audio: vorbis, 44100 Hz, mono, fltp, 80 kb/s
I/FFMPEG  ( 3697):     Metadata:
I/FFMPEG  ( 3697):       ARTIST          : Dr. MAD
I/FFMPEG  ( 3697):       TITLE           : Voila
D/FFmpegExtractor( 3697): FFmpegExtrator, url: android-source:0xb1b37790, format_name: ogg, format_long_name: Ogg
I/FFmpegExtractor( 3697): adjust mime(application/ogg -> audio/vorbis)
D/FFmpegExtractor( 3697): suppoted codec(vorbis) by official Stagefright
D/FFmpegExtractor( 3697): ffmpeg detected media content as 'audio/vorbis' with confidence 0.08
D/WVMDrmPlugIn( 3695): WVMDrmPlugin::onInitialize : 5810
D/WVMDrmPlugIn( 3695): WVMDrmPlugin::onSetOnInfoListener : add 5810
D/WVMDrmPlugIn( 3695): WVMDrmPlugin::onTerminate : 5810
I/FFmpegExtractor( 3697): android-source:0xb60fd5b0
I/FFMPEG  ( 3697): Input #0, ogg, from 'android-source:0xb60fd5b0':
I/FFMPEG  ( 3697):   Duration: 00:00:02.00, start: 0.000000, bitrate: 111 kb/s
I/FFMPEG  ( 3697):     Stream #0:0: Audio: vorbis, 44100 Hz, stereo, fltp, 112 kb/s
I/FFMPEG  ( 3697):     Metadata:
I/FFMPEG  ( 3697):       ANDROID_LOOP    : false
I/FFMPEG  ( 3697):       TITLE           : Xenon
D/FFmpegExtractor( 3697): FFmpegExtrator, url: android-source:0xb60fd5b0, format_name: ogg, format_long_name: Ogg
I/FFmpegExtractor( 3697): adjust mime(application/ogg -> audio/vorbis)
D/FFmpegExtractor( 3697): suppoted codec(vorbis) by official Stagefright
D/FFmpegExtractor( 3697): ffmpeg detected media content as 'audio/vorbis' with confidence 0.08
D/WVMDrmPlugIn( 3695): WVMDrmPlugin::onInitialize : 7517
D/WVMDrmPlugIn( 3695): WVMDrmPlugin::onSetOnInfoListener : add 7517
D/WVMDrmPlugIn( 3695): WVMDrmPlugin::onTerminate : 7517
I/FFmpegExtractor( 3697): android-source:0xb1b37790
I/FFMPEG  ( 3697): Input #0, ogg, from 'android-source:0xb1b37790':
I/FFMPEG  ( 3697):   Duration: 00:00:01.20, start: 0.000000, bitrate: 84 kb/s
I/FFMPEG  ( 3697):     Stream #0:0: Audio: vorbis, 44100 Hz, stereo, fltp, 112 kb/s
D/FFmpegExtractor( 3697): FFmpegExtrator, url: android-source:0xb1b37790, format_name: ogg, format_long_name: Ogg
I/FFmpegExtractor( 3697): adjust mime(application/ogg -> audio/vorbis)
D/FFmpegExtractor( 3697): suppoted codec(vorbis) by official Stagefright
D/FFmpegExtractor( 3697): ffmpeg detected media content as 'audio/vorbis' with confidence 0.08
D/WVMDrmPlugIn( 3695): WVMDrmPlugin::onInitialize : 6361
D/WVMDrmPlugIn( 3695): WVMDrmPlugin::onSetOnInfoListener : add 6361
D/WVMDrmPlugIn( 3695): WVMDrmPlugin::onTerminate : 6361
I/FFmpegExtractor( 3697): android-source:0xb60fd5b0
I/FFMPEG  ( 3697): Input #0, ogg, from 'android-source:0xb60fd5b0':
I/FFMPEG  ( 3697):   Duration: 00:00:01.87, start: 0.000000, bitrate: 69 kb/s
I/FFMPEG  ( 3697):     Stream #0:0: Audio: vorbis, 48000 Hz, mono, fltp, 70 kb/s
I/FFMPEG  ( 3697):     Metadata:
I/FFMPEG  ( 3697):       TITLE           : Moonbeam
D/FFmpegExtractor( 3697): FFmpegExtrator, url: android-source:0xb60fd5b0, format_name: ogg, format_long_name: Ogg
I/FFmpegExtractor( 3697): adjust mime(application/ogg -> audio/vorbis)
D/FFmpegExtractor( 3697): suppoted codec(vorbis) by official Stagefright
D/FFmpegExtractor( 3697): ffmpeg detected media content as 'audio/vorbis' with confidence 0.08
D/WVMDrmPlugIn( 3695): WVMDrmPlugin::onInitialize : 5139
D/WVMDrmPlugIn( 3695): WVMDrmPlugin::onSetOnInfoListener : add 5139
D/WVMDrmPlugIn( 3695): WVMDrmPlugin::onTerminate : 5139
I/FFmpegExtractor( 3697): android-source:0xb1b37790
I/FFMPEG  ( 3697): Input #0, ogg, from 'android-source:0xb1b37790':
I/FFMPEG  ( 3697):   Duration: 00:00:01.73, start: 0.000000, bitrate: 78 kb/s
I/FFMPEG  ( 3697):     Stream #0:0: Audio: vorbis, 48000 Hz, mono, fltp, 70 kb/s
I/FFMPEG  ( 3697):     Metadata:
I/FFMPEG  ( 3697):       TITLE           : Pixie Dust
D/FFmpegExtractor( 3697): FFmpegExtrator, url: android-source:0xb1b37790, format_name: ogg, format_long_name: Ogg
I/FFmpegExtractor( 3697): adjust mime(application/ogg -> audio/vorbis)
D/FFmpegExtractor( 3697): suppoted codec(vorbis) by official Stagefright
D/FFmpegExtractor( 3697): ffmpeg detected media content as 'audio/vorbis' with confidence 0.08
D/WVMDrmPlugIn( 3695): WVMDrmPlugin::onInitialize : 5835
D/WVMDrmPlugIn( 3695): WVMDrmPlugin::onSetOnInfoListener : add 5835
D/WVMDrmPlugIn( 3695): WVMDrmPlugin::onTerminate : 5835
I/FFmpegExtractor( 3697): android-source:0xb60fd5b0
I/FFMPEG  ( 3697): Input #0, ogg, from 'android-source:0xb60fd5b0':
I/FFMPEG  ( 3697):   Duration: 00:00:02.00, start: 0.000000, bitrate: 75 kb/s
I/FFMPEG  ( 3697):     Stream #0:0: Audio: vorbis, 48000 Hz, mono, fltp, 70 kb/s
I/FFMPEG  ( 3697):     Metadata:
I/FFMPEG  ( 3697):       TITLE           : Pizzicato
D/FFmpegExtractor( 3697): FFmpegExtrator, url: android-source:0xb60fd5b0, format_name: ogg, format_long_name: Ogg
I/FFmpegExtractor( 3697): adjust mime(application/ogg -> audio/vorbis)
D/FFmpegExtractor( 3697): suppoted codec(vorbis) by official Stagefright
D/FFmpegExtractor( 3697): ffmpeg detected media content as 'audio/vorbis' with confidence 0.08
D/WVMDrmPlugIn( 3695): WVMDrmPlugin::onInitialize : 4722
D/WVMDrmPlugIn( 3695): WVMDrmPlugin::onSetOnInfoListener : add 4722
D/WVMDrmPlugIn( 3695): WVMDrmPlugin::onTerminate : 4722
I/FFmpegExtractor( 3697): android-source:0xb1b37790
I/FFMPEG  ( 3697): Input #0, ogg, from 'android-source:0xb1b37790':
I/FFMPEG  ( 3697):   Duration: 00:00:03.28, start: 0.000000, bitrate: 67 kb/s
I/FFMPEG  ( 3697):     Stream #0:0: Audio: vorbis, 44100 Hz, mono, fltp, 80 kb/s
I/FFMPEG  ( 3697):     Metadata:
I/FFMPEG  ( 3697):       ANDROID_LOOP    : false
I/FFMPEG  ( 3697):       track           : 3dB101b2
I/FFMPEG  ( 3697):       TITLE           : Regulus
I/FFMPEG  ( 3697):       ARTIST          : pdx
D/FFmpegExtractor( 3697): FFmpegExtrator, url: android-source:0xb1b37790, format_name: ogg, format_long_name: Ogg
I/FFmpegExtractor( 3697): adjust mime(application/ogg -> audio/vorbis)
D/FFmpegExtractor( 3697): suppoted codec(vorbis) by official Stagefright
D/FFmpegExtractor( 3697): ffmpeg detected media content as 'audio/vorbis' with confidence 0.08
I/GlobalDismissManager( 5537): no sender configured
D/AlertService( 5537): Beginning updateAlertNotification
D/AlertService( 5537): No fired or scheduled alerts
D/AlertService( 5537): Scheduling next alarm with AlarmScheduler. sEventReminderReceived: null
D/AlarmScheduler( 5537): No events found starting within 1 week.
D/WVMDrmPlugIn( 3695): WVMDrmPlugin::onInitialize : 7429
D/WVMDrmPlugIn( 3695): WVMDrmPlugin::onSetOnInfoListener : add 7429
D/WVMDrmPlugIn( 3695): WVMDrmPlugin::onTerminate : 7429
I/FFmpegExtractor( 3697): android-source:0xb1b37790
I/FFMPEG  ( 3697): Input #0, ogg, from 'android-source:0xb1b37790':
I/FFMPEG  ( 3697):   Duration: 00:00:04.30, start: 0.000000, bitrate: 49 kb/s
I/FFMPEG  ( 3697):     Stream #0:0: Audio: vorbis, 44100 Hz, mono, fltp, 80 kb/s
I/FFMPEG  ( 3697):     Metadata:
I/FFMPEG  ( 3697):       ANDROID_LOOP    : false
I/FFMPEG  ( 3697):       track           : 2d317b
I/FFMPEG  ( 3697):       TITLE           : Sirius
I/FFMPEG  ( 3697):       ARTIST          : pdx
D/FFmpegExtractor( 3697): FFmpegExtrator, url: android-source:0xb1b37790, format_name: ogg, format_long_name: Ogg
I/FFmpegExtractor( 3697): adjust mime(application/ogg -> audio/vorbis)
D/FFmpegExtractor( 3697): suppoted codec(vorbis) by official Stagefright
D/FFmpegExtractor( 3697): ffmpeg detected media content as 'audio/vorbis' with confidence 0.08
D/WVMDrmPlugIn( 3695): WVMDrmPlugin::onInitialize : 6962
D/WVMDrmPlugIn( 3695): WVMDrmPlugin::onSetOnInfoListener : add 6962
D/WVMDrmPlugIn( 3695): WVMDrmPlugin::onTerminate : 6962
I/FFmpegExtractor( 3697): android-source:0xb6055f60
I/FFMPEG  ( 3697): Input #0, ogg, from 'android-source:0xb6055f60':
I/FFMPEG  ( 3697):   Duration: 00:00:00.79, start: 0.000000, bitrate: 105 kb/s
I/FFMPEG  ( 3697):     Stream #0:0: Audio: vorbis, 48000 Hz, mono, fltp, 70 kb/s
I/FFMPEG  ( 3697):     Metadata:
I/FFMPEG  ( 3697):       TITLE           : Tweeters
D/FFmpegExtractor( 3697): FFmpegExtrator, url: android-source:0xb6055f60, format_name: ogg, format_long_name: Ogg
I/FFmpegExtractor( 3697): adjust mime(application/ogg -> audio/vorbis)
D/FFmpegExtractor( 3697): suppoted codec(vorbis) by official Stagefright
D/FFmpegExtractor( 3697): ffmpeg detected media content as 'audio/vorbis' with confidence 0.08
D/WVMDrmPlugIn( 3695): WVMDrmPlugin::onInitialize : 7762
D/WVMDrmPlugIn( 3695): WVMDrmPlugin::onSetOnInfoListener : add 7762
D/WVMDrmPlugIn( 3695): WVMDrmPlugin::onTerminate : 7762
I/FFmpegExtractor( 3697): android-source:0xb1b37790
I/FFMPEG  ( 3697): Input #0, ogg, from 'android-source:0xb1b37790':
I/FFMPEG  ( 3697):   Duration: 00:00:03.00, start: 0.000000, bitrate: 66 kb/s
I/FFMPEG  ( 3697):     Stream #0:0: Audio: vorbis, 44100 Hz, mono, fltp, 80 kb/s
I/FFMPEG  ( 3697):     Metadata:
I/FFMPEG  ( 3697):       ANDROID_LOOP    : true
I/FFMPEG  ( 3697):       TITLE           : Andromeda
D/FFmpegExtractor( 3697): FFmpegExtrator, url: android-source:0xb1b37790, format_name: ogg, format_long_name: Ogg
I/FFmpegExtractor( 3697): adjust mime(application/ogg -> audio/vorbis)
D/FFmpegExtractor( 3697): suppoted codec(vorbis) by official Stagefright
D/FFmpegExtractor( 3697): ffmpeg detected media content as 'audio/vorbis' with confidence 0.08
D/WVMDrmPlugIn( 3695): WVMDrmPlugin::onInitialize : 7271
D/WVMDrmPlugIn( 3695): WVMDrmPlugin::onSetOnInfoListener : add 7271
D/WVMDrmPlugIn( 3695): WVMDrmPlugin::onTerminate : 7271
I/FFmpegExtractor( 3697): android-source:0xb6055f60
I/FFMPEG  ( 3697): Input #0, ogg, from 'android-source:0xb6055f60':
I/FFMPEG  ( 3697):   Duration: 00:00:03.00, start: 0.000000, bitrate: 57 kb/s
I/FFMPEG  ( 3697):     Stream #0:0: Audio: vorbis, 44100 Hz, mono, fltp, 80 kb/s
I/FFMPEG  ( 3697):     Metadata:
I/FFMPEG  ( 3697):       ANDROID_LOOP    : true
I/FFMPEG  ( 3697):       TITLE           : Aquila
D/FFmpegExtractor( 3697): FFmpegExtrator, url: android-source:0xb6055f60, format_name: ogg, format_long_name: Ogg
I/FFmpegExtractor( 3697): adjust mime(application/ogg -> audio/vorbis)
D/FFmpegExtractor( 3697): suppoted codec(vorbis) by official Stagefright
D/FFmpegExtractor( 3697): ffmpeg detected media content as 'audio/vorbis' with confidence 0.08
D/WVMDrmPlugIn( 3695): WVMDrmPlugin::onInitialize : 5224
D/WVMDrmPlugIn( 3695): WVMDrmPlugin::onSetOnInfoListener : add 5224
D/WVMDrmPlugIn( 3695): WVMDrmPlugin::onTerminate : 5224
I/FFmpegExtractor( 3697): android-source:0xb1b37790
I/FFMPEG  ( 3697): [ogg @ 0xb0da6000] 2048 bytes of comment header remain
I/FFMPEG  ( 3697): Input #0, ogg, from 'android-source:0xb1b37790':
I/FFMPEG  ( 3697):   Duration: 00:00:13.33, start: 0.000000, bitrate: 135 kb/s
I/FFMPEG  ( 3697):     Stream #0:0: Audio: vorbis, 44100 Hz, stereo, fltp, 192 kb/s
I/FFMPEG  ( 3697):     Metadata:
I/FFMPEG  ( 3697):       TITLE           : Argo Navis
D/FFmpegExtractor( 3697): FFmpegExtrator, url: android-source:0xb1b37790, format_name: ogg, format_long_name: Ogg
I/FFmpegExtractor( 3697): adjust mime(application/ogg -> audio/vorbis)
D/FFmpegExtractor( 3697): suppoted codec(vorbis) by official Stagefright
D/FFmpegExtractor( 3697): ffmpeg detected media content as 'audio/vorbis' with confidence 0.08
D/WVMDrmPlugIn( 3695): WVMDrmPlugin::onInitialize : 6502
D/WVMDrmPlugIn( 3695): WVMDrmPlugin::onSetOnInfoListener : add 6502
D/WVMDrmPlugIn( 3695): WVMDrmPlugin::onTerminate : 6502
I/FFmpegExtractor( 3697): android-source:0xb6055f60
I/FFMPEG  ( 3697): Input #0, ogg, from 'android-source:0xb6055f60':
I/FFMPEG  ( 3697):   Duration: 00:00:07.29, start: 0.000000, bitrate: 252 kb/s
I/FFMPEG  ( 3697):     Stream #0:0: Audio: vorbis, 44100 Hz, stereo, fltp, 224 kb/s
I/FFMPEG  ( 3697):     Metadata:
I/FFMPEG  ( 3697):       ANDROID_LOOP    : true
I/FFMPEG  ( 3697):       TITLE           : Atria
D/FFmpegExtractor( 3697): FFmpegExtrator, url: android-source:0xb6055f60, format_name: ogg, format_long_name: Ogg
I/FFmpegExtractor( 3697): adjust mime(application/ogg -> audio/vorbis)
D/FFmpegExtractor( 3697): suppoted codec(vorbis) by official Stagefright
D/FFmpegExtractor( 3697): ffmpeg detected media content as 'audio/vorbis' with confidence 0.08
D/WVMDrmPlugIn( 3695): WVMDrmPlugin::onInitialize : 7031
D/WVMDrmPlugIn( 3695): WVMDrmPlugin::onSetOnInfoListener : add 7031
D/WVMDrmPlugIn( 3695): WVMDrmPlugin::onTerminate : 7031
I/FFmpegExtractor( 3697): android-source:0xb1b37790
I/FFMPEG  ( 3697): Input #0, ogg, from 'android-source:0xb1b37790':
I/FFMPEG  ( 3697):   Duration: 00:00:03.00, start: 0.000000, bitrate: 70 kb/s
I/FFMPEG  ( 3697):     Stream #0:0: Audio: vorbis, 44100 Hz, mono, fltp, 80 kb/s
I/FFMPEG  ( 3697):     Metadata:
I/FFMPEG  ( 3697):       ANDROID_LOOP    : true
I/FFMPEG  ( 3697):       track           : 2d302cR
I/FFMPEG  ( 3697):       TITLE           : Bootes
I/FFMPEG  ( 3697):       ARTIST          : pdx
D/FFmpegExtractor( 3697): FFmpegExtrator, url: android-source:0xb1b37790, format_name: ogg, format_long_name: Ogg
I/FFmpegExtractor( 3697): adjust mime(application/ogg -> audio/vorbis)
D/FFmpegExtractor( 3697): suppoted codec(vorbis) by official Stagefright
D/FFmpegExtractor( 3697): ffmpeg detected media content as 'audio/vorbis' with confidence 0.08
D/WVMDrmPlugIn( 3695): WVMDrmPlugin::onInitialize : 4581
D/WVMDrmPlugIn( 3695): WVMDrmPlugin::onSetOnInfoListener : add 4581
D/WVMDrmPlugIn( 3695): WVMDrmPlugin::onTerminate : 4581
I/FFmpegExtractor( 3697): android-source:0xb6055f60
I/FFMPEG  ( 3697): Input #0, ogg, from 'android-source:0xb6055f60':
I/FFMPEG  ( 3697):   Duration: 00:00:03.61, start: 0.000000, bitrate: 79 kb/s
I/FFMPEG  ( 3697):     Stream #0:0: Audio: vorbis, 44100 Hz, mono, fltp, 75 kb/s
I/FFMPEG  ( 3697):     Metadata:
I/FFMPEG  ( 3697):       ANDROID_LOOP    : true
I/FFMPEG  ( 3697):       COPYRIGHT       : (c) Copyright 2009 Android Open Source Project
I/FFMPEG  ( 3697):       TITLE           : Backroad
I/FFMPEG  ( 3697):       ARTIST          : Dr. Mad
D/FFmpegExtractor( 3697): FFmpegExtrator, url: android-source:0xb6055f60, format_name: ogg, format_long_name: Ogg
I/FFmpegExtractor( 3697): adjust mime(application/ogg -> audio/vorbis)
D/FFmpegExtractor( 3697): suppoted codec(vorbis) by official Stagefright
D/FFmpegExtractor( 3697): ffmpeg detected media content as 'audio/vorbis' with confidence 0.08
D/WVMDrmPlugIn( 3695): WVMDrmPlugin::onInitialize : 7735
D/WVMDrmPlugIn( 3695): WVMDrmPlugin::onSetOnInfoListener : add 7735
D/WVMDrmPlugIn( 3695): WVMDrmPlugin::onTerminate : 7735
I/FFmpegExtractor( 3697): android-source:0xb1b37790
I/FFMPEG  ( 3697): Input #0, ogg, from 'android-source:0xb1b37790':
I/FFMPEG  ( 3697):   Duration: 00:00:04.00, start: 0.000000, bitrate: 56 kb/s
I/FFMPEG  ( 3697):     Stream #0:0: Audio: vorbis, 44100 Hz, mono, fltp, 48 kb/s
I/FFMPEG  ( 3697):     Metadata:
I/FFMPEG  ( 3697):       ARTIST          : Dr. MAD
I/FFMPEG  ( 3697):       TITLE           : Beat Plucker
I/FFMPEG  ( 3697):       ANDROID_LOOP    : true
D/FFmpegExtractor( 3697): FFmpegExtrator, url: android-source:0xb1b37790, format_name: ogg, format_long_name: Ogg
I/FFmpegExtractor( 3697): adjust mime(application/ogg -> audio/vorbis)
D/FFmpegExtractor( 3697): suppoted codec(vorbis) by official Stagefright
D/FFmpegExtractor( 3697): ffmpeg detected media content as 'audio/vorbis' with confidence 0.08
D/WVMDrmPlugIn( 3695): WVMDrmPlugin::onInitialize : 5882
D/WVMDrmPlugIn( 3695): WVMDrmPlugin::onSetOnInfoListener : add 5882
D/WVMDrmPlugIn( 3695): WVMDrmPlugin::onTerminate : 5882
I/FFmpegExtractor( 3697): android-source:0xb6055f60
I/FFMPEG  ( 3697): Input #0, ogg, from 'android-source:0xb6055f60':
I/FFMPEG  ( 3697):   Duration: 00:00:04.44, start: 0.000000, bitrate: 55 kb/s
I/FFMPEG  ( 3697):     Stream #0:0: Audio: vorbis, 44100 Hz, mono, fltp, 48 kb/s
I/FFMPEG  ( 3697):     Metadata:
I/FFMPEG  ( 3697):       ARTIST          : Dr. MAD
I/FFMPEG  ( 3697):       TITLE           : Bentley Dubs
I/FFMPEG  ( 3697):       ANDROID_LOOP    : true
D/FFmpegExtractor( 3697): FFmpegExtrator, url: android-source:0xb6055f60, format_name: ogg, format_long_name: Ogg
I/FFmpegExtractor( 3697): adjust mime(application/ogg -> audio/vorbis)
D/FFmpegExtractor( 3697): suppoted codec(vorbis) by official Stagefright
D/FFmpegExtractor( 3697): ffmpeg detected media content as 'audio/vorbis' with confidence 0.08
D/WVMDrmPlugIn( 3695): WVMDrmPlugin::onInitialize : 8025
D/WVMDrmPlugIn( 3695): WVMDrmPlugin::onSetOnInfoListener : add 8025
D/WVMDrmPlugIn( 3695): WVMDrmPlugin::onTerminate : 8025
I/FFmpegExtractor( 3697): android-source:0xb1b37790
I/FFMPEG  ( 3697): Input #0, ogg, from 'android-source:0xb1b37790':
I/FFMPEG  ( 3697):   Duration: 00:00:04.80, start: 0.000000, bitrate: 77 kb/s
I/FFMPEG  ( 3697):     Stream #0:0: Audio: vorbis, 44100 Hz, mono, fltp, 70 kb/s
I/FFMPEG  ( 3697):     Metadata:
I/FFMPEG  ( 3697):       ANDROID_LOOP  