--------- beginning of main
I/McDaemon(    0): Daemon starting up...
W/auditd  ( 3685): type=1325 audit(0.0:2): table=filter family=2 entries=0
W/auditd  ( 3685): type=1325 audit(0.0:3): table=mangle family=2 entries=0
W/auditd  ( 3685): type=1325 audit(0.0:4): table=nat family=2 entries=0
W/auditd  ( 3685): type=1325 audit(0.0:5): table=raw family=2 entries=0
W/auditd  ( 3685): type=1325 audit(0.0:6): table=security family=2 entries=0
W/auditd  ( 3685): type=1325 audit(0.0:7): table=filter family=3 entries=0
W/auditd  ( 3685): type=1325 audit(0.0:8): table=filter family=10 entries=0
W/auditd  ( 3685): type=1325 audit(0.0:9): table=mangle family=10 entries=0
W/auditd  ( 3685): type=1325 audit(0.0:10): table=raw family=10 entries=0
I/McDaemon(    0): Socket interface version is 0.2
I/McDaemon(    0): *** t-base-300-Ares-2-Android-V004_P3 ###
I/McDaemon(    0): Build timestamp is Jan 20 2015 11:49:09
I/McDaemon(    0): Checking version of <t-base
I/McDaemon(    0): Product ID is tbase-300_EXYNOS_5422_V004_P3
I/McDaemon(    0): (null)
I/McDaemon(    0): (null)
I/McDaemon(    0): (null)
I/McDaemon(    0): (null)
I/cm      (    0): ____ _   _ ____ _  _ ____ ____ ____ _  _ _  _ ____ ___ 
W/auditd  ( 3685): type=1305 audit(0.0:11): audit_pid=3656 old=0 auid=4294967295 ses=4294967295
W/auditd  ( 3685):  res=1
W/auditd  ( 3685): type=1305 audit(0.0:12): audit_rate_limit=20 old=0 auid=4294967295 ses=4294967295
W/auditd  ( 3685):  res=1
I/lowmemorykiller( 3658): Using in-kernel low memory killer interface
I/cm      ( 3668): |     \_/  |__| |\ | |  | | __ |___ |\ | |\/| |  | |  \ 
--------- beginning of system
I/auditd  ( 3669): Starting up
I/installd( 3673): installd firing up
I/DEBUG   ( 3671): debuggerd: Jul  3 2015 03:58:19
I/cm      ( 3684): |___   |   |  | | \| |__| |__] |___ | \| |  | |__| |__/ 
I/macloader( 3676): Settting wifi type to wisol in /data/.cid.info
D/macloader( 3676): Change permissions of /data/.cid.info
I/audit_log( 3669): Previous audit logfile detected, rotating
W/libaudit( 3669): Expected sequence number between user space and kernel space is out of skew, expected 2 got 0
E/audit_rules( 3669): Could not read audit rules /data/misc/audit/audit.rules: No such file or directory
I/PrProvisioning( 3691): successfully - provisioning start !
I/PrProvisioning( 3691): provisioning already done
I/cm      ( 3697): Welcome to Android 5.0.2 / CyanogenMod-12-20150707-UNOFFICIAL-k3gxx 
I/Vold    ( 3660): Vold 2.1 (the revenge) firing up
D/Vold    ( 3660): Volume sdcard1 state changing -1 (Initializing) -> 0 (No-Media)
D/Vold    ( 3660): Volume usbdisk state changing -1 (Initializing) -> 0 (No-Media)
I/Cryptfs ( 3660): Check if PFE is activated on Boot
I/Netd    ( 3670): Netd 1.0 starting
E/Cryptfs ( 3660): Bad magic for real block device /dev/block/platform/12200000.dwmmc0/by-name/USERDATA
E/Cryptfs ( 3660): Error getting crypt footer and key
E/Netd    ( 3670): Failed to open /proc/sys/net/ipv6/conf/default/accept_ra_rt_table: No such file or directory
E/Netd    ( 3670): Failed to open /proc/sys/net/ipv6/conf/ip6tnl0/accept_ra_rt_table: No such file or directory
E/Netd    ( 3670): Failed to open /proc/sys/net/ipv6/conf/lo/accept_ra_rt_table: No such file or directory
E/Netd    ( 3670): Failed to open /proc/sys/net/ipv6/conf/rmnet0/accept_ra_rt_table: No such file or directory
E/Netd    ( 3670): Failed to open /proc/sys/net/ipv6/conf/rmnet1/accept_ra_rt_table: No such file or directory
E/Netd    ( 3670): Failed to open /proc/sys/net/ipv6/conf/rmnet2/accept_ra_rt_table: No such file or directory
E/Netd    ( 3670): Failed to open /proc/sys/net/ipv6/conf/rmnet3/accept_ra_rt_table: No such file or directory
E/Netd    ( 3670): Failed to open /proc/sys/net/ipv6/conf/sit0/accept_ra_rt_table: No such file or directory
I/keystore( 3674): SELinux: Keystore SELinux is disabled.
I/SurfaceFlinger( 3661): SurfaceFlinger is starting
I/SurfaceFlinger( 3661): SurfaceFlinger's main thread ready to run. Initializing graphics H/W...
D/gpsd    ( 3675): WakeLock(Release,GPSD)
D/gpsd    ( 3675): WakeLock(Release,SUPL)
I/gpsd_d  ( 3675): GNSS: 219420
D/wrapperGPS( 3675): wrapperOpenClient_RILD
E/wrapperGPS( 3675): wrapperOpenClient_RILD: RegisterUnsolicitedHandler() UNSOL_GPS_NOTI (20009)
D/wrapperGPS( 3675): wrapperRegisterRequestCompleteHandler
D/wrapperGPS( 3675): wrapperRegisterUnsolicitedHandler id(12009), handler(0xb6af96e9)
D/wrapperGPS( 3675): wrapperRegisterErrorCallback
D/wrapperGPS( 3675): wrapperConnect_RILD
D/libEGL  ( 3661): loaded /vendor/lib/egl/libGLES_mali.so
I/        ( 3661): PLATFORM VERSION : JB-MR-2
I/gralloc ( 3661): using (id=)
I/gralloc ( 3661): xres         = 1080 px
I/gralloc ( 3661): yres         = 1920 px
I/gralloc ( 3661): width        = 65 mm (422.030762 dpi)
I/gralloc ( 3661): height       = 115 mm (424.069580 dpi)
I/gralloc ( 3661): refresh rate = 60.00 Hz
D/hwcomposer( 3661): using
D/hwcomposer( 3661): xres         = 1080 px
D/hwcomposer( 3661): yres         = 1920 px
D/hwcomposer( 3661): width        = 65 mm (422.030000 dpi)
D/hwcomposer( 3661): height       = 115 mm (424.069000 dpi)
D/hwcomposer( 3661): refresh rate = 60 Hz
D/libexynosv4l2-subdev( 3661): try node: /dev/v4l-subdev0
D/libexynosv4l2-subdev( 3661): try node: /dev/v4l-subdev1
D/libexynosv4l2-subdev( 3661): try node: /dev/v4l-subdev2
I/libexynosv4l2-subdev( 3661): node found for device s5p-mixer0: /dev/v4l-subdev2
I/libexynosv4l2-subdev( 3661): open subdev device /dev/v4l-subdev2
I/hwcomposer( 3661): PSR info devname = /sys/devices/14400000.fimd_fb/psr_info
I/hwcomposer( 3661): PSR mode is 2(0: video mode, 1: DP PSR mode, 2: MIPI-DSI command mode)
I/SurfaceFlinger( 3661): Using composer version 1.3
I/SurfaceFlinger( 3661): EGL information:
I/SurfaceFlinger( 3661): vendor    : Android
I/SurfaceFlinger( 3661): version   : 1.4 Android META-EGL
I/SurfaceFlinger( 3661): extensions: EGL_KHR_get_all_proc_addresses EGL_ANDROID_presentation_time EGL_KHR_image EGL_KHR_image_base EGL_KHR_gl_texture_2D_image EGL_KHR_gl_texture_cubemap_image EGL_KHR_gl_renderbuffer_image EGL_KHR_fence_sync EGL_KHR_create_context EGL_ANDROID_image_native_buffer EGL_KHR_wait_sync EGL_ANDROID_recordable 
I/SurfaceFlinger( 3661): Client API: OpenGL_ES
I/SurfaceFlinger( 3661): EGLSurface: 8-8-8-8, config=0xb6acf2ac
I/SurfaceFlinger( 3661): OpenGL ES informations:
I/SurfaceFlinger( 3661): vendor    : ARM
I/SurfaceFlinger( 3661): renderer  : Mali-T628
I/SurfaceFlinger( 3661): version   : OpenGL ES 3.0
I/SurfaceFlinger( 3661): extensions: GL_EXT_debug_marker GL_ARM_rgba8 GL_ARM_mali_shader_binary GL_OES_depth24 GL_OES_depth_texture GL_OES_depth_texture_cube_map GL_OES_packed_depth_stencil GL_OES_rgb8_rgba8 GL_EXT_read_format_bgra GL_OES_compressed_paletted_texture GL_OES_compressed_ETC1_RGB8_texture GL_OES_standard_derivatives GL_OES_EGL_image GL_OES_EGL_image_external GL_OES_EGL_sync GL_OES_texture_npot GL_OES_vertex_half_float GL_OES_required_internalformat GL_OES_vertex_array_object GL_OES_mapbuffer GL_EXT_texture_format_BGRA8888 GL_EXT_texture_rg GL_EXT_texture_type_2_10_10_10_REV GL_OES_fbo_render_mipmap GL_OES_element_index_uint GL_EXT_shadow_samplers GL_OES_texture_compression_astc GL_KHR_texture_compression_astc_ldr GL_KHR_texture_compression_astc_hdr GL_KHR_debug GL_EXT_occlusion_query_boolean GL_EXT_blend_minmax GL_EXT_discard_framebuffer GL_OES_get_program_binary GL_OES_texture_3D GL_EXT_texture_storage GL_EXT_multisampled_render_to_texture GL_OES_surfaceless_context GL_ARM_mali_program_binary 
I/SurfaceFlinger( 3661): GL_MAX_TEXTURE_SIZE = 8192
I/SurfaceFlinger( 3661): GL_MAX_VIEWPORT_DIMS = 8192
D/SurfaceFlinger( 3661): Set power mode=2, type=0 flinger=0xb6a62000
I/hwcomposer( 3661): unblank ioctl failed (display already unblanked)
D/AndroidRuntime( 3677): 
D/AndroidRuntime( 3677): >>>>>> AndroidRuntime START com.android.internal.os.ZygoteInit <<<<<<
D/AndroidRuntime( 3677): CheckJNI is OFF
I/art     ( 3677): option[0]=-Xzygote
I/art     ( 3677): option[1]=-Xstacktracefile:/data/anr/traces.txt
I/art     ( 3677): option[2]=exit
I/art     ( 3677): option[3]=vfprintf
I/art     ( 3677): option[4]=sensitiveThread
I/art     ( 3677): option[5]=-verbose:gc
I/art     ( 3677): option[6]=-Xms16m
I/art     ( 3677): option[7]=-Xmx512m
I/art     ( 3677): option[8]=-XX:mainThreadStackSize=24K
I/art     ( 3677): option[9]=-XX:HeapGrowthLimit=192m
I/art     ( 3677): option[10]=-XX:HeapMinFree=2m
I/art     ( 3677): option[11]=-XX:HeapMaxFree=8m
I/art     ( 3677): option[12]=-XX:HeapTargetUtilization=0.75
I/art     ( 3677): option[13]=-agentlib:jdwp=transport=dt_android_adb,suspend=n,server=y
I/art     ( 3677): option[14]=-Xlockprofthreshold:500
I/art     ( 3677): option[15]=-Ximage-compiler-option
I/art     ( 3677): option[16]=--runtime-arg
I/art     ( 3677): option[17]=-Ximage-compiler-option
I/art     ( 3677): option[18]=-Xms64m
I/art     ( 3677): option[19]=-Ximage-compiler-option
I/art     ( 3677): option[20]=--runtime-arg
I/art     ( 3677): option[21]=-Ximage-compiler-option
I/art     ( 3677): option[22]=-Xmx64m
I/art     ( 3677): option[23]=-Ximage-compiler-option
I/art     ( 3677): option[24]=--image-classes-zip=/system/framework/framework.jar
I/art     ( 3677): option[25]=-Ximage-compiler-option
I/art     ( 3677): option[26]=--image-classes=preloaded-classes
I/art     ( 3677): option[27]=-Xcompiler-option
I/art     ( 3677): option[28]=--runtime-arg
I/art     ( 3677): option[29]=-Xcompiler-option
I/art     ( 3677): option[30]=-Xms64m
I/art     ( 3677): option[31]=-Xcompiler-option
I/art     ( 3677): option[32]=--runtime-arg
I/art     ( 3677): option[33]=-Xcompiler-option
I/art     ( 3677): option[34]=-Xmx512m
I/art     ( 3677): option[35]=-Duser.language=es
I/art     ( 3677): option[36]=-Duser.region=US
I/art     ( 3677): Pruning dalvik-cache since we are generating an image and will need to recompile
I/art     ( 3677): Using an offset of 0xffbb0000 from default art base address of 0x70000000
I/art     ( 3677): GenerateImage: /system/bin/dex2oat --image=/data/dalvik-cache/arm/system@framework@boot.art --dex-file=/system/framework/core-libart.jar --dex-file=/system/framework/conscrypt.jar --dex-file=/system/framework/okhttp.jar --dex-file=/system/framework/core-junit.jar --dex-file=/system/framework/bouncycastle.jar --dex-file=/system/framework/ext.jar --dex-file=/system/framework/framework.jar --dex-file=/system/framework/telephony-common.jar --dex-file=/system/framework/voip-common.jar --dex-file=/system/framework/ims-common.jar --dex-file=/system/framework/mms-common.jar --dex-file=/system/framework/android.policy.jar --dex-file=/system/framework/apache-xml.jar --oat-file=/data/dalvik-cache/arm/system@framework@boot.oat --instruction-set=arm --instruction-set-features=div --base=0x6fbb0000 --runtime-arg -Xms64m --runtime-arg -Xmx64m --image-classes-zip=/system/framework/framework.jar --image-classes=preloaded-classes
D/SurfaceFlinger( 3661): SF. shader cache generated - 26 shaders in 73.294250 ms
I/dex2oat ( 3820): /system/bin/dex2oat --image=/data/dalvik-cache/arm/system@framework@boot.art --dex-file=/system/framework/core-libart.jar --dex-file=/system/framework/conscrypt.jar --dex-file=/system/framework/okhttp.jar --dex-file=/system/framework/core-junit.jar --dex-file=/system/framework/bouncycastle.jar --dex-file=/system/framework/ext.jar --dex-file=/system/framework/framework.jar --dex-file=/system/framework/telephony-common.jar --dex-file=/system/framework/voip-common.jar --dex-file=/system/framework/ims-common.jar --dex-file=/system/framework/mms-common.jar --dex-file=/system/framework/android.policy.jar --dex-file=/system/framework/apache-xml.jar --oat-file=/data/dalvik-cache/arm/system@framework@boot.oat --instruction-set=arm --instruction-set-features=div --base=0x6fbb0000 --runtime-arg -Xms64m --runtime-arg -Xmx64m --image-classes-zip=/system/framework/framework.jar --image-classes=preloaded-classes
D/libEGL  ( 3811): loaded /vendor/lib/egl/libGLES_mali.so
I/        ( 3811): PLATFORM VERSION : JB-MR-2
E/BootAnimation( 3811): couldn't find audio_conf.txt
W/BootAnimation( 3811): Audio service is not initiated.
D/BootAnimation( 3811): Use save memory method, maybe small fps in actual.
W/SurfaceFlinger( 3661): Ignoring duplicate VSYNC event from HWC (t=5710181082)
D/wrapperGPS( 3675): wrapperConnect_RILD
V/NatController( 3670): runCmd(/system/bin/iptables -F natctrl_FORWARD) res=0
V/NatController( 3670): runCmd(/system/bin/iptables -A natctrl_FORWARD -j DROP) res=0
V/NatController( 3670): runCmd(/system/bin/iptables -t nat -F natctrl_nat_POSTROUTING) res=0
V/NatController( 3670): runCmd(/system/bin/iptables -F natctrl_tether_counters) res=1
V/NatController( 3670): runCmd(/system/bin/iptables -X natctrl_tether_counters) res=1
V/NatController( 3670): runCmd(/system/bin/iptables -N natctrl_tether_counters) res=0
V/NatController( 3670): runCmd(/system/bin/iptables -t mangle -A natctrl_mangle_FORWARD -p tcp --tcp-flags SYN SYN -j TCPMSS --clamp-mss-to-pmtu) res=0
D/MDnsDS  ( 3670): MDnsSdListener::Hander starting up
D/MDnsDS  ( 3670): MDnsSdListener starting to monitor
D/MDnsDS  ( 3670): Going to poll with pollCount 1
D/wrapperGPS( 3675): wrapperConnect_RILD
D/wrapperGPS( 3675): wrapperConnect_RILD
D/BootAnimation( 3811): Use save memory method, maybe small fps in actual.
D/wrapperGPS( 3675): wrapperConnect_RILD
D/wrapperGPS( 3675): wrapperConnect_RILD
D/wrapperGPS( 3675): wrapperConnect_RILD
W/SurfaceFlinger( 3661): Ignoring duplicate VSYNC event from HWC (t=11885151542)
D/wrapperGPS( 3675): wrapperConnect_RILD
I/dex2oat ( 3820): Explicit concurrent mark sweep GC freed 49324(7MB) AllocSpace objects, 0(0B) LOS objects, 14% free, 24MB/28MB, paused 174us total 97.497ms
W/SurfaceFlinger( 3661): Ignoring duplicate VSYNC event from HWC (t=12830062333)
D/wrapperGPS( 3675): wrapperConnect_RILD
D/wrapperGPS( 3675): wrapperConnect_RILD
I/dex2oat ( 3820): Method exceeds compiler instruction limit: 21296 in void org.ccil.cowan.tagsoup.HTMLSchema.<init>()
D/wrapperGPS( 3675): wrapperConnect_RILD
W/SurfaceFlinger( 3661): Ignoring duplicate VSYNC event from HWC (t=15445071875)
D/wrapperGPS( 3675): wrapperConnect_RILD
D/wrapperGPS( 3675): wrapperConnect_RILD
D/wrapperGPS( 3675): wrapperConnect_RILD
D/wrapperGPS( 3675): wrapperConnect_RILD
D/wrapperGPS( 3675): wrapperConnect_RILD
D/wrapperGPS( 3675): wrapperConnect_RILD
I/dex2oat ( 3820): Explicit concurrent mark sweep GC freed 193256(15MB) AllocSpace objects, 0(0B) LOS objects, 23% free, 12MB/16MB, paused 176us total 60.868ms
D/wrapperGPS( 3675): wrapperConnect_RILD
D/wrapperGPS( 3675): wrapperConnect_RILD
I/dex2oat ( 3820): dex2oat took 16.593s (threads: 8)
W/SurfaceFlinger( 3661): Ignoring duplicate VSYNC event from HWC (t=23595068085)
E/memtrack( 3677): Couldn't load memtrack module (No such file or directory)
E/android.os.Debug( 3677): failed to load memtrack module: -2
I/SamplingProfilerIntegration( 3677): Profiling disabled.
D/Zygote  ( 3677): begin preload
I/Zygote  ( 3677): Preloading classes...
I/art     ( 3677): Explicit concurrent mark sweep GC freed 1001(56KB) AllocSpace objects, 0(0B) LOS objects, 98% free, 71KB/4MB, paused 112us total 3.513ms
I/art     ( 3677): Counter: 1
E/Minikin ( 3677): addFont failed to create font /system/fonts/NotoSansGujarati-Regular.ttf
E/Minikin ( 3677): addFont failed to create font /system/fonts/NotoSansGujarati-Bold.ttf
E/Minikin ( 3677): addFont failed to create font /system/fonts/NotoSansGujaratiUI-Regular.ttf
E/Minikin ( 3677): addFont failed to create font /system/fonts/NotoSansGujaratiUI-Bold.ttf
E/Minikin ( 3677): addFont failed to create font /system/fonts/NotoSansGurmukhi-Regular.ttf
E/Minikin ( 3677): addFont failed to create font /system/fonts/NotoSansGurmukhi-Bold.ttf
E/Minikin ( 3677): addFont failed to create font /system/fonts/NotoSansGurmukhiUI-Regular.ttf
E/Minikin ( 3677): addFont failed to create font /system/fonts/NotoSansGurmukhiUI-Bold.ttf
E/Minikin ( 3677): addFont failed to create font /system/fonts/NotoSansSinhala-Regular.ttf
E/Minikin ( 3677): addFont failed to create font /system/fonts/NotoSansSinhala-Bold.ttf
E/Minikin ( 3677): addFont failed to create font /system/fonts/NotoSansCherokee-Regular.ttf
E/Minikin ( 3677): addFont failed to create font /system/fonts/NotoSansCanadianAboriginal-Regular.ttf
E/Minikin ( 3677): addFont failed to create font /system/fonts/NotoSansYi-Regular.ttf
E/Minikin ( 3677): addFont failed to create font /system/fonts/NotoSansHans-Regular.otf
E/Minikin ( 3677): addFont failed to create font /system/fonts/NotoSansHant-Regular.otf
E/Minikin ( 3677): addFont failed to create font /system/fonts/NotoSansJP-Regular.otf
E/Minikin ( 3677): addFont failed to create font /system/fonts/NotoSansKR-Regular.otf
I/art     ( 3677): Thread[1,tid=3677,WaitingForJniOnLoad,Thread*=0xb5107800,peer=0x12c33140,"main"] recursive attempt to load library "/system/lib/libmedia_jni.so"
D/MtpDeviceJNI( 3677): register_android_mtp_MtpDevice
I/art     ( 3677): Thread[1,tid=3677,WaitingForJniOnLoad,Thread*=0xb5107800,peer=0x12c33140,"main"] recursive attempt to load library "/system/lib/libmedia_jni.so"
I/art     ( 3677): Thread[1,tid=3677,WaitingForJniOnLoad,Thread*=0xb5107800,peer=0x12c33140,"main"] recursive attempt to load library "/system/lib/libmedia_jni.so"
D/wrapperGPS( 3675): wrapperConnect_RILD
I/System  ( 3677): Loaded time zone names for "" in 45ms (41ms in ICU)
I/System  ( 3677): Loaded time zone names for "en_US" in 28ms (24ms in ICU)
I/System  ( 3677): Loaded time zone names for "es_US" in 33ms (27ms in ICU)
I/art     ( 3677): Explicit concurrent mark sweep GC freed 32378(1963KB) AllocSpace objects, 0(0B) LOS objects, 71% free, 1613KB/5MB, paused 130us total 12.796ms
I/Zygote  ( 3677): ...preloaded 3005 classes in 775ms.
I/art     ( 3677): VMRuntime.preloadDexCaches starting
I/art     ( 3677): VMRuntime.preloadDexCaches strings total=217316 before=40338 after=40338
I/art     ( 3677): VMRuntime.preloadDexCaches types total=18704 before=6337 after=6380
I/art     ( 3677): VMRuntime.preloadDexCaches fields total=87408 before=32543 after=32871
I/art     ( 3677): VMRuntime.preloadDexCaches methods total=154031 before=66779 after=67657
I/art     ( 3677): VMRuntime.preloadDexCaches finished
I/art     ( 3677): Counter: 0
I/art     ( 3677): Counter: 1
I/art     ( 3677): Explicit concurrent mark sweep GC freed 175(20KB) AllocSpace objects, 0(0B) LOS objects, 71% free, 1594KB/5MB, paused 151us total 7.885ms
D/idmap   ( 4044): error: no read access to /vendor/overlay: No such file or directory
I/Zygote  ( 3677): Preloading resources...
I/art     ( 3677): Explicit concurrent mark sweep GC freed 4550(159KB) AllocSpace objects, 0(0B) LOS objects, 40% free, 16MB/28MB, paused 194us total 8.597ms
I/Zygote  ( 3677): ...preloaded 430 resources in 379ms.
I/art     ( 3677): Explicit concurrent mark sweep GC freed 548(31KB) AllocSpace objects, 0(0B) LOS objects, 40% free, 16MB/28MB, paused 186us total 8.068ms
I/Zygote  ( 3677): ...preloaded 41 resources in 17ms.
I/art     ( 3677): Counter: 0
D/libEGL  ( 3677): loaded /vendor/lib/egl/libGLES_mali.so
I/Zygote  ( 3677): Preloading shared libraries...
D/Zygote  ( 3677): end preload
I/art     ( 3677): Explicit concurrent mark sweep GC freed 461(21KB) AllocSpace objects, 0(0B) LOS objects, 40% free, 16MB/28MB, paused 192us total 8.132ms
I/art     ( 3677): Explicit concurrent mark sweep GC freed 41(1568B) AllocSpace objects, 0(0B) LOS objects, 40% free, 16MB/28MB, paused 181us total 7.853ms
I/art     ( 3677): Explicit concurrent mark sweep GC freed 5(160B) AllocSpace objects, 0(0B) LOS objects, 40% free, 16MB/28MB, paused 180us total 7.813ms
D/wrapperGPS( 3675): wrapperConnect_RILD
I/Zygote  ( 3677): System server process 4046 has been created
I/Zygote  ( 3677): Accepting command socket connections
I/art     ( 4046): DexFile_isDexOptNeeded failed to open oat file '/data/dalvik-cache/arm/system@framework@org.cyanogenmod.hardware.jar@classes.dex' for file location '/system/framework/org.cyanogenmod.hardware.jar': Failed to open oat filename for reading: No such file or directory
I/art     ( 4046): DexFile_isDexOptNeeded failed to open oat file '/system/framework/arm/org.cyanogenmod.hardware.odex' for file location '/system/framework/org.cyanogenmod.hardware.jar': Failed to open oat filename for reading: No such file or directory
I/InstallerConnection( 4046): connecting...
I/installd( 3673): new connection
I/dex2oat ( 4066): /system/bin/dex2oat --zip-fd=5 --zip-location=/system/framework/org.cyanogenmod.hardware.jar --oat-fd=6 --oat-location=/data/dalvik-cache/arm/system@framework@org.cyanogenmod.hardware.jar@classes.dex --instruction-set=arm --instruction-set-features=div --runtime-arg -Xms64m --runtime-arg -Xmx512m
I/dex2oat ( 4066): dex2oat took 39.271ms (threads: 8)
I/art     ( 4046): DexFile_isDexOptNeeded failed to open oat file '/data/dalvik-cache/arm/system@framework@services.jar@classes.dex' for file location '/system/framework/services.jar': Failed to open oat filename for reading: No such file or directory
I/art     ( 4046): DexFile_isDexOptNeeded failed to open oat file '/system/framework/arm/services.odex' for file location '/system/framework/services.jar': Failed to open oat filename for reading: No such file or directory
I/dex2oat ( 4075): /system/bin/dex2oat --zip-fd=5 --zip-location=/system/framework/services.jar --oat-fd=6 --oat-location=/data/dalvik-cache/arm/system@framework@services.jar@classes.dex --instruction-set=arm --instruction-set-features=div --runtime-arg -Xms64m --runtime-arg -Xmx512m
D/wrapperGPS( 3675): wrapperConnect_RILD
D/wrapperGPS( 3675): wrapperConnect_RILD
W/dex2oat ( 4075): Compilation of android.content.pm.PackageParser$Package com.android.server.pm.PackageManagerService.scanPackageDirtyLI(android.content.pm.PackageParser$Package, int, int, long, android.os.UserHandle) took 123.032ms
I/dex2oat ( 4075): dex2oat took 2.553s (threads: 8)
I/art     ( 4046): DexFile_isDexOptNeeded failed to open oat file '/data/dalvik-cache/arm/system@framework@ethernet-service.jar@classes.dex' for file location '/system/framework/ethernet-service.jar': Failed to open oat filename for reading: No such file or directory
I/art     ( 4046): DexFile_isDexOptNeeded failed to open oat file '/system/framework/arm/ethernet-service.odex' for file location '/system/framework/ethernet-service.jar': Failed to open oat filename for reading: No such file or directory
I/dex2oat ( 4084): /system/bin/dex2oat --zip-fd=5 --zip-location=/system/framework/ethernet-service.jar --oat-fd=6 --oat-location=/data/dalvik-cache/arm/system@framework@ethernet-service.jar@classes.dex --instruction-set=arm --instruction-set-features=div --runtime-arg -Xms64m --runtime-arg -Xmx512m
I/dex2oat ( 4084): dex2oat took 51.605ms (threads: 8)
I/art     ( 4046): DexFile_isDexOptNeeded failed to open oat file '/data/dalvik-cache/arm/system@framework@wifi-service.jar@classes.dex' for file location '/system/framework/wifi-service.jar': Failed to open oat filename for reading: No such file or directory
I/art     ( 4046): DexFile_isDexOptNeeded failed to open oat file '/system/framework/arm/wifi-service.odex' for file location '/system/framework/wifi-service.jar': Failed to open oat filename for reading: No such file or directory
I/dex2oat ( 4093): /system/bin/dex2oat --zip-fd=5 --zip-location=/system/framework/wifi-service.jar --oat-fd=6 --oat-location=/data/dalvik-cache/arm/system@framework@wifi-service.jar@classes.dex --instruction-set=arm --instruction-set-features=div --runtime-arg -Xms64m --runtime-arg -Xmx512m
D/wrapperGPS( 3675): wrapperConnect_RILD
I/dex2oat ( 4093): dex2oat took 578.623ms (threads: 8)
I/InstallerConnection( 4046): disconnecting...
E/installd( 3673): eof
E/installd( 3673): failed to read size
I/installd( 3673): closing connection
I/SystemServer( 4046): Entered the Android system server!
V/Fingerprint-JNI( 4046): FingerprintManager JNI ready.
I/        ( 4046): System server: starting sensor init.
D/SensorService( 4046): nuSensorService starting...
I/SystemServiceManager( 4046): Starting com.android.server.pm.Installer
I/Installer( 4046): Waiting for installd to be ready.
E/Sensors ( 4046): GeoMagneticSensor, ERROR dev_num = -19
I/InstallerConnection( 4046): connecting...
I/installd( 3673): new connection
I/SystemServiceManager( 4046): Starting com.android.server.am.ActivityManagerService$Lifecycle
E/Sensors ( 4046): UncalMagneticSensor, ERROR dev_num = -19
E/Sensors ( 4046): UncalGyroSensor, ERROR dev_num = -19
E/Sensors ( 4046): GameRotationVector, ERROR dev_num = -19
D/Sensors ( 4046): HrmSpO2Sensor::HrmSpO2Sensor: Shared version Registered 
E/SensorService( 4046): >>>> WARNING <<< Upgrade sensor HAL to version 1_3
I/Sensors ( 4046): HrmSpO2Sensor::enable, handle(16), en(0), what(1/0:aosphrm,1:sshrm, old enabled : 0)
I/Sensors ( 4046): HrmSpO2Sensor is already disabled or have to keep enabled, mEnabled : 0x0, en : 0
I/Sensors ( 4046): HrmSpO2Sensor::enable, handle(17), en(0), what(0/0:aosphrm,1:sshrm, old enabled : 0)
I/Sensors ( 4046): HrmSpO2Sensor is already disabled or have to keep enabled, mEnabled : 0x0, en : 0
I/Sensors ( 4046): HrmSpO2Sensor::enable, handle(18), en(0), what(2/0:aosphrm,1:sshrm, old enabled : 0)
I/Sensors ( 4046): HrmSpO2Sensor is already disabled or have to keep enabled, mEnabled : 0x0, en : 0
I/        ( 4046): System server: sensor init done.
D/SensorService( 4046): nuSensorService thread starting...
D/SensorService( 4046): new thread SensorEventAckReceiver
I/ActivityManager( 4046): Memory class: 192
I/ServiceThread( 4046): Enabled StrictMode logging for ActivityManager looper.
I/IntentFirewall( 4046): Read new rules (A:0 B:0 S:0)
I/ServiceThread( 4046): Enabled StrictMode logging for android.ui looper.
I/ServiceThread( 4046): Enabled StrictMode logging for android.display looper.
D/AppOps  ( 4046): AppOpsService published
I/SystemServiceManager( 4046): Starting com.android.server.power.PowerManagerService
I/ServiceThread( 4046): Enabled StrictMode logging for PowerManagerService looper.
E/SEC PowerHAL( 4046): sysfs_write : Error opening /sys/devices/system/cpu/cpu0/cpufreq/interactive/multi_enter_load: Permission denied
E/SEC PowerHAL( 4046): sysfs_write : Error opening /sys/devices/system/cpu/cpu0/cpufreq/interactive/single_enter_load: Permission denied
E/SEC PowerHAL( 4046): sysfs_write : Error opening /sys/devices/system/cpu/cpu0/cpufreq/interactive/param_index: Permission denied
E/SEC PowerHAL( 4046): sysfs_write : Error opening /sys/devices/system/cpu/cpu0/cpufreq/interactive/timer_rate: Permission denied
E/SEC PowerHAL( 4046): sysfs_write : Error opening /sys/devices/system/cpu/cpu0/cpufreq/interactive/timer_slack: Permission denied
E/SEC PowerHAL( 4046): sysfs_write : Error opening /sys/devices/system/cpu/cpu0/cpufreq/interactive/min_sample_time: Permission denied
E/SEC PowerHAL( 4046): sysfs_write : Error opening /sys/devices/system/cpu/cpu0/cpufreq/interactive/hispeed_freq: Permission denied
E/SEC PowerHAL( 4046): sysfs_write : Error opening /sys/devices/system/cpu/cpu0/cpufreq/interactive/go_hispeed_load: Permission denied
E/SEC PowerHAL( 4046): sysfs_write : Error opening /sys/devices/system/cpu/cpu0/cpufreq/interactive/target_loads: Permission denied
E/SEC PowerHAL( 4046): sysfs_write : Error opening /sys/devices/system/cpu/cpu0/cpufreq/interactive/above_hispeed_delay: Permission denied
E/SEC PowerHAL( 4046): sysfs_write : Error opening /sys/devices/system/cpu/cpu0/cpufreq/interactive/boostpulse_duration: Permission denied
E/SEC PowerHAL( 4046): sysfs_write : Error opening /sys/devices/system/cpu/cpu4/cpufreq/interactive/multi_enter_load: Permission denied
E/SEC PowerHAL( 4046): sysfs_write : Error opening /sys/devices/system/cpu/cpu4/cpufreq/interactive/multi_enter_time: Permission denied
E/SEC PowerHAL( 4046): sysfs_write : Error opening /sys/devices/system/cpu/cpu4/cpufreq/interactive/multi_exit_load: Permission denied
E/SEC PowerHAL( 4046): sysfs_write : Error opening /sys/devices/system/cpu/cpu4/cpufreq/interactive/multi_exit_time: Permission denied
E/SEC PowerHAL( 4046): sysfs_write : Error opening /sys/devices/system/cpu/cpu4/cpufreq/interactive/single_enter_load: Permission denied
E/SEC PowerHAL( 4046): sysfs_write : Error opening /sys/devices/system/cpu/cpu4/cpufreq/interactive/single_enter_time: Permission denied
E/SEC PowerHAL( 4046): sysfs_write : Error opening /sys/devices/system/cpu/cpu4/cpufreq/interactive/single_exit_load: Permission denied
E/SEC PowerHAL( 4046): sysfs_write : Error opening /sys/devices/system/cpu/cpu4/cpufreq/interactive/single_exit_time: Permission denied
E/SEC PowerHAL( 4046): sysfs_write : Error opening /sys/devices/system/cpu/cpu4/cpufreq/interactive/param_index: Permission denied
E/SEC PowerHAL( 4046): sysfs_write : Error opening /sys/devices/system/cpu/cpu4/cpufreq/interactive/timer_rate: Permission denied
E/SEC PowerHAL( 4046): sysfs_write : Error opening /sys/devices/system/cpu/cpu4/cpufreq/interactive/timer_slack: Permission denied
E/SEC PowerHAL( 4046): sysfs_write : Error opening /sys/devices/system/cpu/cpu4/cpufreq/interactive/min_sample_time: Permission denied
E/SEC PowerHAL( 4046): sysfs_write : Error opening /sys/devices/system/cpu/cpu4/cpufreq/interactive/hispeed_freq: Permission denied
E/SEC PowerHAL( 4046): sysfs_write : Error opening /sys/devices/system/cpu/cpu4/cpufreq/interactive/go_hispeed_load: Permission denied
E/SEC PowerHAL( 4046): sysfs_write : Error opening /sys/devices/system/cpu/cpu4/cpufreq/interactive/target_loads: Permission denied
E/SEC PowerHAL( 4046): sysfs_write : Error opening /sys/devices/system/cpu/cpu4/cpufreq/interactive/above_hispeed_delay: Permission denied
E/SEC PowerHAL( 4046): sysfs_write : Error opening /sys/devices/system/cpu/cpu4/cpufreq/interactive/boostpulse_duration: Permission denied
E/SEC PowerHAL( 4046): sysfs_write : Error opening /sys/devices/system/cpu/cpu4/cpufreq/interactive/param_index: Permission denied
E/SEC PowerHAL( 4046): sysfs_write : Error opening /sys/devices/system/cpu/cpu4/cpufreq/interactive/timer_rate: Permission denied
E/SEC PowerHAL( 4046): sysfs_write : Error opening /sys/devices/system/cpu/cpu4/cpufreq/interactive/min_sample_time: Permission denied
E/SEC PowerHAL( 4046): sysfs_write : Error opening /sys/devices/system/cpu/cpu4/cpufreq/interactive/hispeed_freq: Permission denied
E/SEC PowerHAL( 4046): sysfs_write : Error opening /sys/devices/system/cpu/cpu4/cpufreq/interactive/go_hispeed_load: Permission denied
E/SEC PowerHAL( 4046): sysfs_write : Error opening /sys/devices/system/cpu/cpu4/cpufreq/interactive/target_loads: Permission denied
E/SEC PowerHAL( 4046): sysfs_write : Error opening /sys/devices/system/cpu/cpu4/cpufreq/interactive/above_hispeed_delay: Permission denied
E/SEC PowerHAL( 4046): sysfs_write : Error opening /sys/devices/system/cpu/cpu4/cpufreq/interactive/param_index: Permission denied
E/SEC PowerHAL( 4046): sysfs_write : Error opening /sys/devices/system/cpu/cpu4/cpufreq/interactive/timer_rate: Permission denied
E/SEC PowerHAL( 4046): sysfs_write : Error opening /sys/devices/system/cpu/cpu4/cpufreq/interactive/min_sample_time: Permission denied
E/SEC PowerHAL( 4046): sysfs_write : Error opening /sys/devices/system/cpu/cpu4/cpufreq/interactive/hispeed_freq: Permission denied
E/SEC PowerHAL( 4046): sysfs_write : Error opening /sys/devices/system/cpu/cpu4/cpufreq/interactive/go_hispeed_load: Permission denied
E/SEC PowerHAL( 4046): sysfs_write : Error opening /sys/devices/system/cpu/cpu4/cpufreq/interactive/target_loads: Permission denied
E/SEC PowerHAL( 4046): sysfs_write : Error opening /sys/devices/system/cpu/cpu4/cpufreq/interactive/above_hispeed_delay: Permission denied
E/SEC PowerHAL( 4046): sysfs_write : Error opening /sys/devices/system/cpu/cpu4/cpufreq/interactive/param_index: Permission denied
E/SEC PowerHAL( 4046): sysfs_write : Error opening /sys/devices/system/cpu/cpu4/cpufreq/interactive/timer_rate: Permission denied
E/SEC PowerHAL( 4046): sysfs_write : Error opening /sys/devices/system/cpu/cpu4/cpufreq/interactive/min_sample_time: Permission denied
E/SEC PowerHAL( 4046): sysfs_write : Error opening /sys/devices/system/cpu/cpu4/cpufreq/interactive/hispeed_freq: Permission denied
E/SEC PowerHAL( 4046): sysfs_write : Error opening /sys/devices/system/cpu/cpu4/cpufreq/interactive/go_hispeed_load: Permission denied
E/SEC PowerHAL( 4046): sysfs_write : Error opening /sys/devices/system/cpu/cpu4/cpufreq/interactive/target_loads: Permission denied
E/SEC PowerHAL( 4046): sysfs_write : Error opening /sys/devices/system/cpu/cpu4/cpufreq/interactive/above_hispeed_delay: Permission denied
E/SEC PowerHAL( 4046): sysfs_write : Error opening /sys/devices/system/cpu/cpu4/cpufreq/interactive/param_index: Permission denied
W/libsuspend( 4046): Error writing 'on' to /sys/power/state: Invalid argument
I/libsuspend( 4046): Selected wakeup count
I/SystemServiceManager( 4046): Starting com.android.server.display.DisplayManagerService
I/SystemServiceManager( 4046): Starting phase 100
I/DisplayManagerService( 4046): Display device added: DisplayDeviceInfo{"Pantalla integrada": 1080 x 1920, 60.000004 fps, supportedRefreshRates [60.000004], density 480, 422.03 x 424.069 dpi, appVsyncOff 0, presDeadline 17666666, touch INTERNAL, rotation 0, type BUILT_IN, state UNKNOWN, FLAG_DEFAULT_DISPLAY, FLAG_ROTATES_WITH_CONTENT, FLAG_SECURE, FLAG_SUPPORTS_PROTECTED_BUFFERS}
I/SystemServer( 4046): Package Manager
W/PackageManager( 4046): No security bridge jar found, using default
W/SystemConfig( 4046): No directory /system/etc/sysconfig, skipping
D/SELinuxMMAC( 4046): Using policy file /system/etc/security/mac_permissions.xml
I/art     ( 4046): DexFile_isDexOptNeeded failed to open oat file '/data/dalvik-cache/arm/system@framework@android.test.runner.jar@classes.dex' for file location '/system/framework/android.test.runner.jar': Failed to open oat filename for reading: No such file or directory
I/art     ( 4046): DexFile_isDexOptNeeded failed to open oat file '/system/framework/arm/android.test.runner.odex' for file location '/system/framework/android.test.runner.jar': Failed to open oat filename for reading: No such file or directory
I/dex2oat ( 4119): /system/bin/dex2oat --zip-fd=5 --zip-location=/system/framework/android.test.runner.jar --oat-fd=6 --oat-location=/data/dalvik-cache/arm/system@framework@android.test.runner.jar@classes.dex --instruction-set=arm --instruction-set-features=div --runtime-arg -Xms64m --runtime-arg -Xmx512m
I/dex2oat ( 4119): dex2oat took 147.395ms (threads: 8)
I/art     ( 4046): DexFile_isDexOptNeeded failed to open oat file '/data/dalvik-cache/arm/system@framework@com.android.future.usb.accessory.jar@classes.dex' for file location '/system/framework/com.android.future.usb.accessory.jar': Failed to open oat filename for reading: No such file or directory
I/art     ( 4046): DexFile_isDexOptNeeded failed to open oat file '/system/framework/arm/com.android.future.usb.accessory.odex' for file location '/system/framework/com.android.future.usb.accessory.jar': Failed to open oat filename for reading: No such file or directory
D/wrapperGPS( 3675): wrapperConnect_RILD
I/dex2oat ( 4128): /system/bin/dex2oat --zip-fd=5 --zip-location=/system/framework/com.android.future.usb.accessory.jar --oat-fd=6 --oat-location=/data/dalvik-cache/arm/system@framework@com.android.future.usb.accessory.jar@classes.dex --instruction-set=arm --instruction-set-features=div --runtime-arg -Xms64m --runtime-arg -Xmx512m
I/dex2oat ( 4128): dex2oat took 37.431ms (threads: 8)
I/art     ( 4046): DexFile_isDexOptNeeded failed to open oat file '/data/dalvik-cache/arm/system@framework@com.android.media.remotedisplay.jar@classes.dex' for file location '/system/framework/com.android.media.remotedisplay.jar': Failed to open oat filename for reading: No such file or directory
I/art     ( 4046): DexFile_isDexOptNeeded failed to open oat file '/system/framework/arm/com.android.media.remotedisplay.odex' for file location '/system/framework/com.android.media.remotedisplay.jar': Failed to open oat filename for reading: No such file or directory
I/dex2oat ( 4137): /system/bin/dex2oat --zip-fd=5 --zip-location=/system/framework/com.android.media.remotedisplay.jar --oat-fd=6 --oat-location=/data/dalvik-cache/arm/system@framework@com.android.media.remotedisplay.jar@classes.dex --instruction-set=arm --instruction-set-features=div --runtime-arg -Xms64m --runtime-arg -Xmx512m
I/dex2oat ( 4137): dex2oat took 40.427ms (threads: 8)
I/art     ( 4046): DexFile_isDexOptNeeded failed to open oat file '/data/dalvik-cache/arm/system@framework@com.android.location.provider.jar@classes.dex' for file location '/system/framework/com.android.location.provider.jar': Failed to open oat filename for reading: No such file or directory
I/art     ( 4046): DexFile_isDexOptNeeded failed to open oat file '/system/framework/arm/com.android.location.provider.odex' for file location '/system/framework/com.android.location.provider.jar': Failed to open oat filename for reading: No such file or directory
I/dex2oat ( 4146): /system/bin/dex2oat --zip-fd=5 --zip-location=/system/framework/com.android.location.provider.jar --oat-fd=6 --oat-location=/data/dalvik-cache/arm/system@framework@com.android.location.provider.jar@classes.dex --instruction-set=arm --instruction-set-features=div --runtime-arg -Xms64m --runtime-arg -Xmx512m
I/dex2oat ( 4146): dex2oat took 48.069ms (threads: 8)
I/art     ( 4046): DexFile_isDexOptNeeded failed to open oat file '/data/dalvik-cache/arm/system@framework@javax.obex.jar@classes.dex' for file location '/system/framework/javax.obex.jar': Failed to open oat filename for reading: No such file or directory
I/art     ( 4046): DexFile_isDexOptNeeded failed to open oat file '/system/framework/arm/javax.obex.odex' for file location '/system/framework/javax.obex.jar': Failed to open oat filename for reading: No such file or directory
I/dex2oat ( 4155): /system/bin/dex2oat --zip-fd=5 --zip-location=/system/framework/javax.obex.jar --oat-fd=6 --oat-location=/data/dalvik-cache/arm/system@framework@javax.obex.jar@classes.dex --instruction-set=arm --instruction-set-features=div --runtime-arg -Xms64m --runtime-arg -Xmx512m
I/dex2oat ( 4155): dex2oat took 72.160ms (threads: 8)
E/art     ( 4046): DexFile_isDexOptNeeded file '/system/framework/com.android.nfc_extras.jar' does not exist
W/PackageManager( 4046): Library not found: /system/framework/com.android.nfc_extras.jar
I/art     ( 4046): DexFile_isDexOptNeeded failed to open oat file '/data/dalvik-cache/arm/system@framework@com.android.mediadrm.signer.jar@classes.dex' for file location '/system/framework/com.android.mediadrm.signer.jar': Failed to open oat filename for reading: No such file or directory
I/art     ( 4046): DexFile_isDexOptNeeded failed to open oat file '/system/framework/arm/com.android.mediadrm.signer.odex' for file location '/system/framework/com.android.mediadrm.signer.jar': Failed to open oat filename for reading: No such file or directory
I/dex2oat ( 4164): /system/bin/dex2oat --zip-fd=5 --zip-location=/system/framework/com.android.mediadrm.signer.jar --oat-fd=6 --oat-location=/data/dalvik-cache/arm/system@framework@com.android.mediadrm.signer.jar@classes.dex --instruction-set=arm --instruction-set-features=div --runtime-arg -Xms64m --runtime-arg -Xmx512m
I/dex2oat ( 4164): dex2oat took 35.752ms (threads: 8)
I/art     ( 4046): DexFile_isDexOptNeeded failed to open oat file '/data/dalvik-cache/arm/system@framework@javax.btobex.jar@classes.dex' for file location '/system/framework/javax.btobex.jar': Failed to open oat filename for reading: No such file or directory
I/art     ( 4046): DexFile_isDexOptNeeded failed to open oat file '/system/framework/arm/javax.btobex.odex' for file location '/system/framework/javax.btobex.jar': Failed to open oat filename for reading: No such file or directory
I/dex2oat ( 4173): /system/bin/dex2oat --zip-fd=5 --zip-location=/system/framework/javax.btobex.jar --oat-fd=6 --oat-location=/data/dalvik-cache/arm/system@framework@javax.btobex.jar@classes.dex --instruction-set=arm --instruction-set-features=div --runtime-arg -Xms64m --runtime-arg -Xmx512m
I/dex2oat ( 4173): dex2oat took 98.613ms (threads: 8)
I/art     ( 4046): DexFile_isDexOptNeeded failed to open oat file '/data/dalvik-cache/arm/system@framework@am.jar@classes.dex' for file location '/system/framework/am.jar': Failed to open oat filename for reading: No such file or directory
I/art     ( 4046): DexFile_isDexOptNeeded failed to open oat file '/system/framework/arm/am.odex' for file location '/system/framework/am.jar': Failed to open oat filename for reading: No such file or directory
I/dex2oat ( 4183): /system/bin/dex2oat --zip-fd=5 --zip-location=/system/framework/am.jar --oat-fd=6 --oat-location=/data/dalvik-cache/arm/system@framework@am.jar@classes.dex --instruction-set=arm --instruction-set-features=div --runtime-arg -Xms64m --runtime-arg -Xmx512m
I/dex2oat ( 4183): dex2oat took 88.007ms (threads: 8)
I/art     ( 4046): DexFile_isDexOptNeeded failed to open oat file '/data/dalvik-cache/arm/system@framework@appops.jar@classes.dex' for file location '/system/framework/appops.jar': Failed to open oat filename for reading: No such file or directory
I/art     ( 4046): DexFile_isDexOptNeeded failed to open oat file '/system/framework/arm/appops.odex' for file location '/system/framework/appops.jar': Failed to open oat filename for reading: No such file or directory
I/dex2oat ( 4192): /system/bin/dex2oat --zip-fd=5 --zip-location=/system/framework/appops.jar --oat-fd=6 --oat-location=/data/dalvik-cache/arm/system@framework@appops.jar@classes.dex --instruction-set=arm --instruction-set-features=div --runtime-arg -Xms64m --runtime-arg -Xmx512m
I/dex2oat ( 4192): dex2oat took 37.193ms (threads: 8)
I/art     ( 4046): DexFile_isDexOptNeeded failed to open oat file '/data/dalvik-cache/arm/system@framework@appwidget.jar@classes.dex' for file location '/system/framework/appwidget.jar': Failed to open oat filename for reading: No such file or directory
I/art     ( 4046): DexFile_isDexOptNeeded failed to open oat file '/system/framework/arm/appwidget.odex' for file location '/system/framework/appwidget.jar': Failed to open oat filename for reading: No such file or directory
I/dex2oat ( 4201): /system/bin/dex2oat --zip-fd=5 --zip-location=/system/framework/appwidget.jar --oat-fd=6 --oat-location=/data/dalvik-cache/arm/system@framework@appwidget.jar@classes.dex --instruction-set=arm --instruction-set-features=div --runtime-arg -Xms64m --runtime-arg -Xmx512m
I/dex2oat ( 4201): dex2oat took 36.851ms (threads: 8)
I/art     ( 4046): DexFile_isDexOptNeeded failed to open oat file '/data/dalvik-cache/arm/system@framework@bmgr.jar@classes.dex' for file location '/system/framework/bmgr.jar': Failed to open oat filename for reading: No such file or directory
I/art     ( 4046): DexFile_isDexOptNeeded failed to open oat file '/system/framework/arm/bmgr.odex' for file location '/system/framework/bmgr.jar': Failed to open oat filename for reading: No such file or directory
I/dex2oat ( 4210): /system/bin/dex2oat --zip-fd=5 --zip-location=/system/framework/bmgr.jar --oat-fd=6 --oat-location=/data/dalvik-cache/arm/system@framework@bmgr.jar@classes.dex --instruction-set=arm --instruction-set-features=div --runtime-arg -Xms64m --runtime-arg -Xmx512m
I/dex2oat ( 4210): dex2oat took 47.209ms (threads: 8)
I/art     ( 4046): DexFile_isDexOptNeeded failed to open oat file '/data/dalvik-cache/arm/system@framework@bu.jar@classes.dex' for file location '/system/framework/bu.jar': Failed to open oat filename for reading: No such file or directory
I/art     ( 4046): DexFile_isDexOptNeeded failed to open oat file '/system/framework/arm/bu.odex' for file location '/system/framework/bu.jar': Failed to open oat filename for reading: No such file or directory
I/dex2oat ( 4219): /system/bin/dex2oat --zip-fd=5 --zip-location=/system/framework/bu.jar --oat-fd=6 --oat-location=/data/dalvik-cache/arm/system@framework@bu.jar@classes.dex --instruction-set=arm --instruction-set-features=div --runtime-arg -Xms64m --runtime-arg -Xmx512m
I/dex2oat ( 4219): dex2oat took 39.434ms (threads: 8)
I/art     ( 4046): DexFile_isDexOptNeeded failed to open oat file '/data/dalvik-cache/arm/system@framework@content.jar@classes.dex' for file location '/system/framework/content.jar': Failed to open oat filename for reading: No such file or directory
I/art     ( 4046): DexFile_isDexOptNeeded failed to open oat file '/system/framework/arm/content.odex' for file location '/system/framework/content.jar': Failed to open oat filename for reading: No such file or directory
I/dex2oat ( 4228): /system/bin/dex2oat --zip-fd=5 --zip-location=/system/framework/content.jar --oat-fd=6 --oat-location=/data/dalvik-cache/arm/system@framework@content.jar@classes.dex --instruction-set=arm --instruction-set-features=div --runtime-arg -Xms64m --runtime-arg -Xmx512m
I/dex2oat ( 4228): dex2oat took 48.143ms (threads: 8)
I/art     ( 4046): DexFile_isDexOptNeeded failed to open oat file '/data/dalvik-cache/arm/system@framework@dpm.jar@classes.dex' for file location '/system/framework/dpm.jar': Failed to open oat filename for reading: No such file or directory
I/art     ( 4046): DexFile_isDexOptNeeded failed to open oat file '/system/framework/arm/dpm.odex' for file location '/system/framework/dpm.jar': Failed to open oat filename for reading: No such file or directory
I/dex2oat ( 4237): /system/bin/dex2oat --zip-fd=5 --zip-location=/system/framework/dpm.jar --oat-fd=6 --oat-location=/data/dalvik-cache/arm/system@framework@dpm.jar@classes.dex --instruction-set=arm --instruction-set-features=div --runtime-arg -Xms64m --runtime-arg -Xmx512m
I/dex2oat ( 4237): dex2oat took 40.327ms (threads: 8)
I/art     ( 4046): DexFile_isDexOptNeeded failed to open oat file '/data/dalvik-cache/arm/system@framework@ime.jar@classes.dex' for file location '/system/framework/ime.jar': Failed to open oat filename for reading: No such file or directory
I/art     ( 4046): DexFile_isDexOptNeeded failed to open oat file '/system/framework/arm/ime.odex' for file location '/system/framework/ime.jar': Failed to open oat filename for reading: No such file or directory
D/wrapperGPS( 3675): wrapperCloseClient_RILD
I/dex2oat ( 4246): /system/bin/dex2oat --zip-fd=5 --zip-location=/system/framework/ime.jar --oat-fd=6 --oat-location=/data/dalvik-cache/arm/system@framework@ime.jar@classes.dex --instruction-set=arm --instruction-set-features=div --runtime-arg -Xms64m --runtime-arg -Xmx512m
I/dex2oat ( 4246): dex2oat took 44.961ms (threads: 8)
I/art     ( 4046): DexFile_isDexOptNeeded failed to open oat file '/data/dalvik-cache/arm/system@framework@input.jar@classes.dex' for file location '/system/framework/input.jar': Failed to open oat filename for reading: No such file or directory
I/art     ( 4046): DexFile_isDexOptNeeded failed to open oat file '/system/framework/arm/input.odex' for file location '/system/framework/input.jar': Failed to open oat filename for reading: No such file or directory
I/dex2oat ( 4255): /system/bin/dex2oat --zip-fd=5 --zip-location=/system/framework/input.jar --oat-fd=6 --oat-location=/data/dalvik-cache/arm/system@framework@input.jar@classes.dex --instruction-set=arm --instruction-set-features=div --runtime-arg -Xms64m --runtime-arg -Xmx512m
I/dex2oat ( 4255): dex2oat took 43.410ms (threads: 8)
I/art     ( 4046): DexFile_isDexOptNeeded failed to open oat file '/data/dalvik-cache/arm/system@framework@media_cmd.jar@classes.dex' for file location '/system/framework/media_cmd.jar': Failed to open oat filename for reading: No such file or directory
I/art     ( 4046): DexFile_isDexOptNeeded failed to open oat file '/system/framework/arm/media_cmd.odex' for file location '/system/framework/media_cmd.jar': Failed to open oat filename for reading: No such file or directory
I/dex2oat ( 4264): /system/bin/dex2oat --zip-fd=5 --zip-location=/system/framework/media_cmd.jar --oat-fd=6 --oat-location=/data/dalvik-cache/arm/system@framework@media_cmd.jar@classes.dex --instruction-set=arm --instruction-set-features=div --runtime-arg -Xms64m --runtime-arg -Xmx512m
I/dex2oat ( 4264): dex2oat took 42.649ms (threads: 8)
I/art     ( 4046): DexFile_isDexOptNeeded failed to open oat file '/data/dalvik-cache/arm/system@framework@monkey.jar@classes.dex' for file location '/system/framework/monkey.jar': Failed to open oat filename for reading: No such file or directory
I/art     ( 4046): DexFile_isDexOptNeeded failed to open oat file '/system/framework/arm/monkey.odex' for file location '/system/framework/monkey.jar': Failed to open oat filename for reading: No such file or directory
I/dex2oat ( 4273): /system/bin/dex2oat --zip-fd=5 --zip-location=/system/framework/monkey.jar --oat-fd=6 --oat-location=/data/dalvik-cache/arm/system@framework@monkey.jar@classes.dex --instruction-set=arm --instruction-set-features=div --runtime-arg -Xms64m --runtime-arg -Xmx512m
I/dex2oat ( 4273): dex2oat took 107.916ms (threads: 8)
I/art     ( 4046): DexFile_isDexOptNeeded failed to open oat file '/data/dalvik-cache/arm/system@framework@pm.jar@classes.dex' for file location '/system/framework/pm.jar': Failed to open oat filename for reading: No such file or directory
I/art     ( 4046): DexFile_isDexOptNeeded failed to open oat file '/system/framework/arm/pm.odex' for file location '/system/framework/pm.jar': Failed to open oat filename for reading: No such file or directory
I/dex2oat ( 4282): /system/bin/dex2oat --zip-fd=5 --zip-location=/system/framework/pm.jar --oat-fd=6 --oat-location=/data/dalvik-cache/arm/system@framework@pm.jar@classes.dex --instruction-set=arm --instruction-set-features=div --runtime-arg -Xms64m --runtime-arg -Xmx512m
I/dex2oat ( 4282): dex2oat took 89.468ms (threads: 8)
I/art     ( 4046): DexFile_isDexOptNeeded failed to open oat file '/data/dalvik-cache/arm/system@framework@requestsync.jar@classes.dex' for file location '/system/framework/requestsync.jar': Failed to open oat filename for reading: No such file or directory
