W/ACodec  ( 3688): do not know color format 0x7f000012 = 2130706450
W/ACodec  ( 3688): do not know color format 0xf = 15
E/OMXNodeInstance( 3688): getParameter(100663297) ERROR: 0x8000100e
E/OMXNodeInstance( 3688): getParameter(100663311) ERROR: 0x8000101a
E/OMXNodeInstance( 3688): getParameter(100663297) ERROR: 0x8000101a
E/OMXNodeInstance( 3688): getParameter(100663311) ERROR: 0x8000101a
E/OMXNodeInstance( 3688): getParameter(100663297) ERROR: 0x8000101a
I/wpa_supplicant( 4416): Successfully initialized wpa_supplicant
D/PermissionMonitor( 4110): Monitoring
I/wpa_supplicant( 4416): rfkill: Cannot open RFKILL control device
E/wpa_supplicant( 4416): Could not read interface wlan0 flags: No such device
I/wpa_supplicant( 4416): nl80211: Driver does not support authentication/association or connect commands
E/OMXNodeInstance( 3688): getParameter(100663311) ERROR: 0x8000101a
E/OMXNodeInstance( 3688): getParameter(100663297) ERROR: 0x8000101a
E/wpa_supplicant( 4416): Could not read interface wlan0 flags: No such device
E/wpa_supplicant( 4416): wlan0: Failed to initialize driver interface
D/PermissionMonitor( 4110): Users: 1, Apps: 62
I/SystemServiceManager( 4110): Starting phase 600
E/OMXNodeInstance( 3688): getParameter(100663311) ERROR: 0x8000101a
E/OMXNodeInstance( 3688): getParameter(100663297) ERROR: 0x8000101a
D/BluetoothManagerService( 4110): Message: 20
D/BluetoothManagerService( 4110): Added callback: android.bluetooth.BluetoothAdapter$1@1bd3c27f:true
D/ConditionProviders( 4110): onServiceAdded ManagedServiceInfo[component=ComponentInfo{android/com.android.server.notification.CountdownConditionProvider},userid=0,isSystem=true,targetSdkVersion=21,connection=null,service=android.service.notification.ConditionProviderService$Provider@ba6b24c]
D/ConditionProviders( 4110): onServiceAdded ManagedServiceInfo[component=ComponentInfo{android/com.android.server.notification.DowntimeConditionProvider},userid=0,isSystem=true,targetSdkVersion=21,connection=null,service=android.service.notification.ConditionProviderService$Provider@33154295]
E/OMXNodeInstance( 3688): getParameter(100663311) ERROR: 0x8000101a
E/OMXNodeInstance( 3688): getParameter(100663297) ERROR: 0x8000101a
D/BluetoothManagerService( 4110): Message: 30
D/BluetoothManagerService( 4110): Message: 30
E/OMXNodeInstance( 3688): getParameter(100663311) ERROR: 0x8000101a
E/OMXNodeInstance( 3688): getParameter(100663297) ERROR: 0x8000101a
I/BackupManagerService( 4110): Backup enabled => false
I/BackupManagerService( 4110): Opting out of backup
E/OMXNodeInstance( 3688): getParameter(100663311) ERROR: 0x8000101a
E/OMXNodeInstance( 3688): getParameter(100663297) ERROR: 0x8000101a
E/InputMethodManagerService( 4110): Ignoring setImeWindowStatus due to an invalid token. uid:1000 token:null
E/OMXNodeInstance( 3688): getParameter(100663311) ERROR: 0x8000101a
E/OMXNodeInstance( 3688): getParameter(100663297) ERROR: 0x8000101a
E/OMXNodeInstance( 3688): getParameter(100663311) ERROR: 0x8000101a
E/OMXNodeInstance( 3688): getParameter(100663297) ERROR: 0x8000101a
E/OMXNodeInstance( 3688): getParameter(100663311) ERROR: 0x8000101a
E/OMXNodeInstance( 3688): getParameter(100663297) ERROR: 0x8000101a
E/OMXNodeInstance( 3688): getParameter(100663311) ERROR: 0x8000101a
E/OMXNodeInstance( 3688): getParameter(100663297) ERROR: 0x8000101a
E/OMXNodeInstance( 3688): getParameter(100663311) ERROR: 0x8000101a
E/OMXNodeInstance( 3688): getParameter(100663297) ERROR: 0x8000101a
E/WifiStateMachine( 4110): Failed to start supplicant!
E/OMXNodeInstance( 3688): getParameter(100663311) ERROR: 0x8000101a
E/OMXNodeInstance( 3688): getParameter(100663297) ERROR: 0x8000101a
E/OMXNodeInstance( 3688): getParameter(100663311) ERROR: 0x8000101a
E/OMXNodeInstance( 3688): getParameter(100663297) ERROR: 0x8000101a
E/OMXNodeInstance( 3688): getParameter(100663311) ERROR: 0x8000100e
E/OMXNodeInstance( 3688): getParameter(100663297) ERROR: 0x8000100e
E/OMXNodeInstance( 3688): OMX_GetExtensionIndex OMX.google.android.index.storeMetaDataInBuffers failed
E/OMXNodeInstance( 3688): getParameter(100663311) ERROR: 0x8000100e
E/OMXNodeInstance( 3688): getParameter(100663297) ERROR: 0x8000100e
E/OMXNodeInstance( 3688): OMX_GetExtensionIndex OMX.google.android.index.storeMetaDataInBuffers failed
W/MediaCodecList( 3688): ignoring Limit specified outside of a Type
W/MediaCodecList( 3688): ignoring Limit specified outside of a Type
W/MediaCodecList( 3688): ignoring Limit specified outside of a Type
W/MediaCodecList( 3688): ignoring Limit specified outside of a Type
W/MediaCodecList( 3688): ignoring Limit specified outside of a Type
W/MediaCodecList( 3688): ignoring Feature specified outside of a Type
E/OMXNodeInstance( 3688): getParameter(100663311) ERROR: 0x8000100e
E/OMXNodeInstance( 3688): getParameter(100663297) ERROR: 0x8000100e
E/OMXNodeInstance( 3688): OMX_GetExtensionIndex OMX.google.android.index.storeMetaDataInBuffers failed
D/WVMDrmPlugIn( 3687): WVMDrmPlugin::onInitialize : 4468
D/WVMDrmPlugIn( 3687): WVMDrmPlugin::onSetOnInfoListener : add 4468
D/WVMDrmPlugIn( 3687): WVMDrmPlugin::onTerminate : 4468
I/FFmpegExtractor( 3688): android-source:0xb3306060
E/OMXNodeInstance( 3688): getParameter(100663311) ERROR: 0x8000100e
E/OMXNodeInstance( 3688): getParameter(100663297) ERROR: 0x8000100e
E/OMXNodeInstance( 3688): OMX_GetExtensionIndex OMX.google.android.index.storeMetaDataInBuffers failed
I/FFMPEG  ( 3688): Input #0, ogg, from 'android-source:0xb3306060':
I/FFMPEG  ( 3688):   Duration: 00:00:00.09, start: 0.000000, bitrate: 437 kb/s
I/FFMPEG  ( 3688):     Stream #0:0: Audio: vorbis, 48000 Hz, stereo, fltp, 96 kb/s
D/FFmpegExtractor( 3688): FFmpegExtrator, url: android-source:0xb3306060, format_name: ogg, format_long_name: Ogg
I/FFmpegExtractor( 3688): adjust mime(application/ogg -> audio/vorbis)
D/FFmpegExtractor( 3688): suppoted codec(vorbis) by official Stagefright
D/FFmpegExtractor( 3688): ffmpeg detected media content as 'audio/vorbis' with confidence 0.08
D/SoftHEVC( 3688): Number of CPU cores: 8
D/SoftHEVC( 3688): Initializing decoder
D/SoftHEVC( 3688): Set number of cores to 4
D/SoftHEVC( 3688): Ittiam decoder version number: @(#)Id:HEVCDEC_production Ver:04.01 Released by ITTIAM Build: Jul  3 2015 @ 03:59:22
E/OMXNodeInstance( 3688): getParameter(100663311) ERROR: 0x8000100e
E/OMXNodeInstance( 3688): getParameter(100663297) ERROR: 0x8000100e
E/OMXNodeInstance( 3688): OMX_GetExtensionIndex OMX.google.android.index.storeMetaDataInBuffers failed
D/SoftHEVC( 3688): Freeing codec memory
D/SoftHEVC( 3688): Number of CPU cores: 8
I/ActivityManager( 4110): Start proc com.android.inputmethod.latin for service com.android.inputmethod.latin/.LatinIME: pid=4475 uid=10039 gids={50039, 9997, 1028, 1015} abi=armeabi-v7a
D/SoftHEVC( 3688): Initializing decoder
V/InputMethodManagerService( 4110): Adding window token: android.os.Binder@2f8d6f7b
D/SoftHEVC( 3688): Set number of cores to 4
D/SoftHEVC( 3688): Ittiam decoder version number: @(#)Id:HEVCDEC_production Ver:04.01 Released by ITTIAM Build: Jul  3 2015 @ 03:59:22
D/SoftHEVC( 3688): In SoftHEVC::~SoftHEVC
D/SoftHEVC( 3688): Freeing codec memory
E/OMXNodeInstance( 3688): getParameter(100663311) ERROR: 0x8000100e
E/OMXNodeInstance( 3688): getParameter(100663297) ERROR: 0x8000100e
E/OMXNodeInstance( 3688): OMX_GetExtensionIndex OMX.google.android.index.storeMetaDataInBuffers failed
E/OMXNodeInstance( 3688): getParameter(100663311) ERROR: 0x8000100e
E/OMXNodeInstance( 3688): getParameter(100663297) ERROR: 0x8000100e
E/OMXNodeInstance( 3688): OMX_GetExtensionIndex OMX.google.android.index.storeMetaDataInBuffers failed
D/NuPlayerDriver( 3688): start(0xb550d040)
I/SoftMPEG4Encoder( 3688): Construct SoftMPEG4Encoder
E/OMXNodeInstance( 3688): getParameter(100663311) ERROR: 0x8000100e
W/ACodec  ( 3688): do not know color format 0x7f000789 = 2130708361
E/OMXNodeInstance( 3688): getParameter(100663297) ERROR: 0x8000100e
I/GenericSource( 3688): start
W/Utils   ( 3688): bool android::canOffloadStream(const android::sp<android::MetaData>&, bool, const android::sp<android::MetaData>&, bool, audio_stream_type_t) No sample bit depth info in meta data
E/AudioPolicyManager( 3688): isOffloadSupported: stream_type != MUSIC, returning false
E/libgps  ( 4110): proxy__gps_get_extension: Unsupported GpsInterface extension: "gps_measurement"
E/libgps  ( 4110): Interface "gps_measurement" is not supported
E/libgps  ( 4110): proxy__gps_get_extension: Unsupported GpsInterface extension: "gps_navigation_message"
E/libgps  ( 4110): Interface "gps_navigation_message" is not supported
E/libgps  ( 4110): proxy__gps_get_extension: Unsupported GpsInterface extension: "gnss_configuration"
E/libgps  ( 4110): Interface "gnss_configuration" is not supported
W/Utils   ( 3688): bool android::canOffloadStream(const android::sp<android::MetaData>&, bool, const android::sp<android::MetaData>&, bool, audio_stream_type_t) No sample bit depth info in meta data
E/AudioPolicyManager( 3688): isOffloadSupported: stream_type != MUSIC, returning false
I/SoftAVCEncoder( 3688): Construct SoftAVCEncoder
E/OMXNodeInstance( 3688): getParameter(100663311) ERROR: 0x8000100e
W/ACodec  ( 3688): do not know color format 0x7f000789 = 2130708361
E/OMXNodeInstance( 3688): getParameter(100663297) ERROR: 0x8000100e
I/SoftMPEG4Encoder( 3688): Construct SoftMPEG4Encoder
E/OMXNodeInstance( 3688): getParameter(100663311) ERROR: 0x8000100e
W/ACodec  ( 3688): do not know color format 0x7f000789 = 2130708361
E/OMXNodeInstance( 3688): getParameter(100663297) ERROR: 0x8000100e
D/GpsLocationProvider( 4110): Reset GPS properties, previous size = 0
D/GpsLocationProvider( 4110): GpsParamsResource: SUPL_HOST=supl.google.com
D/GpsLocationProvider( 4110): GpsParamsResource: SUPL_PORT=7275
D/GpsLocationProvider( 4110): GpsParamsResource: NTP_SERVER=north-america.pool.ntp.org
D/GpsLocationProvider( 4110): GpsParamsResource: SUPL_VER=0x20000
D/GpsLocationProvider( 4110): GpsParamsResource: SUPL_MODE=1
D/GpsLocationProvider( 4110): GPS properties reloaded, size = 18
D/libgps  ( 4110): SendGpsExtensionMessage: Waiting for IPC connection...
E/OMXNodeInstance( 3688): getParameter(100663311) ERROR: 0x8000100e
W/ACodec  ( 3688): do not know color format 0x7f000789 = 2130708361
E/OMXNodeInstance( 3688): getParameter(100663297) ERROR: 0x8000100e
D/SoftFFmpegAudio( 3688): SoftFFmpegAudio component: OMX.ffmpeg.aac.decoder mMode: 1 mHighResAudioEnabled: 1
E/OMXNodeInstance( 3688): getParameter(100663311) ERROR: 0x8000101a
E/OMXNodeInstance( 3688): getParameter(100663297) ERROR: 0x8000101a
D/SoftFFmpegAudio( 3688): SoftFFmpegAudio component: OMX.ffmpeg.wma.decoder mMode: 4 mHighResAudioEnabled: 1
E/OMXNodeInstance( 3688): getParameter(100663311) ERROR: 0x8000101a
E/OMXNodeInstance( 3688): getParameter(100663297) ERROR: 0x8000101a
D/SoftFFmpegAudio( 3688): SoftFFmpegAudio component: OMX.ffmpeg.ra.decoder mMode: 5 mHighResAudioEnabled: 1
E/OMXNodeInstance( 3688): getParameter(100663311) ERROR: 0x8000101a
E/OMXNodeInstance( 3688): getParameter(100663297) ERROR: 0x8000101a
D/SoftFFmpegAudio( 3688): SoftFFmpegAudio component: OMX.ffmpeg.flac.decoder mMode: 6 mHighResAudioEnabled: 1
E/OMXNodeInstance( 3688): getParameter(100663311) ERROR: 0x8000101a
E/OMXNodeInstance( 3688): getParameter(100663297) ERROR: 0x8000101a
D/SoftFFmpegAudio( 3688): SoftFFmpegAudio component: OMX.ffmpeg.mp2.decoder mMode: 7 mHighResAudioEnabled: 1
E/OMXNodeInstance( 3688): getParameter(100663311) ERROR: 0x8000101a
E/OMXNodeInstance( 3688): getParameter(100663297) ERROR: 0x8000101a
D/SoftFFmpegAudio( 3688): SoftFFmpegAudio component: OMX.ffmpeg.ac3.decoder mMode: 8 mHighResAudioEnabled: 1
E/OMXNodeInstance( 3688): getParameter(100663311) ERROR: 0x8000101a
E/OMXNodeInstance( 3688): getParameter(100663297) ERROR: 0x8000101a
D/SoftFFmpegAudio( 3688): SoftFFmpegAudio component: OMX.ffmpeg.ape.decoder mMode: 9 mHighResAudioEnabled: 1
E/OMXNodeInstance( 3688): getParameter(100663311) ERROR: 0x8000101a
E/OMXNodeInstance( 3688): getParameter(100663297) ERROR: 0x8000101a
D/SoftFFmpegAudio( 3688): SoftFFmpegAudio component: OMX.ffmpeg.dts.decoder mMode: 10 mHighResAudioEnabled: 1
E/OMXNodeInstance( 3688): getParameter(100663311) ERROR: 0x8000101a
E/OMXNodeInstance( 3688): getParameter(100663297) ERROR: 0x8000101a
D/SoftFFmpegAudio( 3688): SoftFFmpegAudio component: OMX.ffmpeg.atrial.decoder mMode: 11 mHighResAudioEnabled: 1
E/OMXNodeInstance( 3688): getParameter(100663311) ERROR: 0x8000101a
E/OMXNodeInstance( 3688): getParameter(100663297) ERROR: 0x8000101a
D/SoftFFmpegVideo( 3688): SoftFFmpegVideo component: OMX.ffmpeg.mpeg2.decoder mMode: 0 appData: 0xb3a98698
E/OMXNodeInstance( 3688): getParameter(100663311) ERROR: 0x8000101a
E/OMXNodeInstance( 3688): getParameter(100663297) ERROR: 0x8000100e
E/OMXNodeInstance( 3688): OMX_GetExtensionIndex OMX.google.android.index.storeMetaDataInBuffers failed
W/OMXNodeInstance( 3688): OMX_GetExtensionIndex OMX.google.android.index.prepareForAdaptivePlayback failed
D/SoftFFmpegVideo( 3688): SoftFFmpegVideo component: OMX.ffmpeg.wmv.decoder mMode: 0 appData: 0xb3a987b0
E/OMXNodeInstance( 3688): getParameter(100663311) ERROR: 0x8000101a
E/OMXNodeInstance( 3688): getParameter(100663297) ERROR: 0x8000100e
E/OMXNodeInstance( 3688): OMX_GetExtensionIndex OMX.google.android.index.storeMetaDataInBuffers failed
W/OMXNodeInstance( 3688): OMX_GetExtensionIndex OMX.google.android.index.prepareForAdaptivePlayback failed
D/SoftFFmpegVideo( 3688): SoftFFmpegVideo component: OMX.ffmpeg.rv.decoder mMode: 0 appData: 0xb3a988c8
E/OMXNodeInstance( 3688): getParameter(100663311) ERROR: 0x8000101a
E/OMXNodeInstance( 3688): getParameter(100663297) ERROR: 0x8000100e
E/OMXNodeInstance( 3688): OMX_GetExtensionIndex OMX.google.android.index.storeMetaDataInBuffers failed
W/OMXNodeInstance( 3688): OMX_GetExtensionIndex OMX.google.android.index.prepareForAdaptivePlayback failed
W/Settings( 4283): Setting airplane_mode_on has moved from android.provider.Settings.System to android.provider.Settings.Global, returning read-only value.
D/SoftFFmpegVideo( 3688): SoftFFmpegVideo component: OMX.ffmpeg.flv1.decoder mMode: 0 appData: 0xb3a98a88
E/OMXNodeInstance( 3688): getParameter(100663311) ERROR: 0x8000101a
E/OMXNodeInstance( 3688): getParameter(100663297) ERROR: 0x8000100e
E/OMXNodeInstance( 3688): OMX_GetExtensionIndex OMX.google.android.index.storeMetaDataInBuffers failed
W/OMXNodeInstance( 3688): OMX_GetExtensionIndex OMX.google.android.index.prepareForAdaptivePlayback failed
D/SoftFFmpegVideo( 3688): SoftFFmpegVideo component: OMX.ffmpeg.vtrial.decoder mMode: 0 appData: 0xb3a98ac0
E/OMXNodeInstance( 3688): getParameter(100663311) ERROR: 0x8000101a
E/OMXNodeInstance( 3688): getParameter(100663297) ERROR: 0x8000100e
E/OMXNodeInstance( 3688): OMX_GetExtensionIndex OMX.google.android.index.storeMetaDataInBuffers failed
W/OMXNodeInstance( 3688): OMX_GetExtensionIndex OMX.google.android.index.prepareForAdaptivePlayback failed
W/Settings( 4283): Setting airplane_mode_on has moved from android.provider.Settings.System to android.provider.Settings.Global, returning read-only value.
D/NuPlayerDriver( 3688): reset(0xb550d040)
D/NuPlayerDriver( 3688): notifyResetComplete(0xb550d040)
D/NuPlayerDriver( 3688): reset(0xb5712040)
D/NuPlayerDriver( 3688): notifyResetComplete(0xb5712040)
D/WVMDrmPlugIn( 3687): WVMDrmPlugin::onInitialize : 6660
D/WVMDrmPlugIn( 3687): WVMDrmPlugin::onSetOnInfoListener : add 6660
D/WVMDrmPlugIn( 3687): WVMDrmPlugin::onTerminate : 6660
I/FFmpegExtractor( 3688): android-source:0xb3390060
D/WVMDrmPlugIn( 3687): WVMDrmPlugin::onInitialize : 5420
D/WVMDrmPlugIn( 3687): WVMDrmPlugin::onSetOnInfoListener : add 5420
D/WVMDrmPlugIn( 3687): WVMDrmPlugin::onTerminate : 5420
I/FFMPEG  ( 3688): Input #0, ogg, from 'android-source:0xb3390060':
I/FFMPEG  ( 3688):   Duration: 00:00:00.11, start: 0.000000, bitrate: 431 kb/s
I/FFMPEG  ( 3688):     Stream #0:0: Audio: vorbis, 48000 Hz, mono, fltp, 140 kb/s
D/FFmpegExtractor( 3688): FFmpegExtrator, url: android-source:0xb3390060, format_name: ogg, format_long_name: Ogg
I/FFmpegExtractor( 3688): adjust mime(application/ogg -> audio/vorbis)
D/FFmpegExtractor( 3688): suppoted codec(vorbis) by official Stagefright
D/FFmpegExtractor( 3688): ffmpeg detected media content as 'audio/vorbis' with confidence 0.08
I/FFmpegExtractor( 3688): android-source:0xb5106060
I/FFMPEG  ( 3688): Input #0, ogg, from 'android-source:0xb5106060':
I/FFMPEG  ( 3688):   Duration: 00:00:00.19, start: 0.000000, bitrate: 332 kb/s
I/FFMPEG  ( 3688):     Stream #0:0: Audio: vorbis, 44100 Hz, stereo, fltp, 160 kb/s
D/FFmpegExtractor( 3688): FFmpegExtrator, url: android-source:0xb5106060, format_name: ogg, format_long_name: Ogg
I/FFmpegExtractor( 3688): adjust mime(application/ogg -> audio/vorbis)
D/FFmpegExtractor( 3688): suppoted codec(vorbis) by official Stagefright
D/FFmpegExtractor( 3688): ffmpeg detected media content as 'audio/vorbis' with confidence 0.08
D/NuPlayerDriver( 3688): start(0xb550d040)
I/GenericSource( 3688): start
W/Utils   ( 3688): bool android::canOffloadStream(const android::sp<android::MetaData>&, bool, const android::sp<android::MetaData>&, bool, audio_stream_type_t) No sample bit depth info in meta data
E/AudioPolicyManager( 3688): isOffloadSupported: stream_type != MUSIC, returning false
W/Utils   ( 3688): bool android::canOffloadStream(const android::sp<android::MetaData>&, bool, const android::sp<android::MetaData>&, bool, audio_stream_type_t) No sample bit depth info in meta data
E/AudioPolicyManager( 3688): isOffloadSupported: stream_type != MUSIC, returning false
D/NuPlayerDriver( 3688): start(0xb6053d00)
I/GenericSource( 3688): start
W/Utils   ( 3688): bool android::canOffloadStream(const android::sp<android::MetaData>&, bool, const android::sp<android::MetaData>&, bool, audio_stream_type_t) No sample bit depth info in meta data
E/AudioPolicyManager( 3688): isOffloadSupported: stream_type != MUSIC, returning false
W/Utils   ( 3688): bool android::canOffloadStream(const android::sp<android::MetaData>&, bool, const android::sp<android::MetaData>&, bool, audio_stream_type_t) No sample bit depth info in meta data
E/AudioPolicyManager( 3688): isOffloadSupported: stream_type != MUSIC, returning false
D/NuPlayerDriver( 3688): reset(0xb6053d00)
D/NuPlayerDriver( 3688): reset(0xb550d040)
D/NuPlayerDriver( 3688): notifyResetComplete(0xb550d040)
I/LatinIME( 4475): Hardware accelerated drawing: true
D/NuPlayerDriver( 3688): notifyResetComplete(0xb6053d00)
D/WVMDrmPlugIn( 3687): WVMDrmPlugin::onInitialize : 6616
D/WVMDrmPlugIn( 3687): WVMDrmPlugin::onSetOnInfoListener : add 6616
D/WVMDrmPlugIn( 3687): WVMDrmPlugin::onTerminate : 6616
I/FFmpegExtractor( 3688): android-source:0xb5106060
D/WVMDrmPlugIn( 3687): WVMDrmPlugin::onInitialize : 6028
D/WVMDrmPlugIn( 3687): WVMDrmPlugin::onSetOnInfoListener : add 6028
D/WVMDrmPlugIn( 3687): WVMDrmPlugin::onTerminate : 6028
I/FFmpegExtractor( 3688): android-source:0xb3506060
I/FFMPEG  ( 3688): Input #0, ogg, from 'android-source:0xb5106060':
I/FFMPEG  ( 3688):   Duration: 00:00:00.08, start: 0.000000, bitrate: 571 kb/s
I/FFMPEG  ( 3688):     Stream #0:0: Audio: vorbis, 48000 Hz, stereo, fltp, 160 kb/s
D/FFmpegExtractor( 3688): FFmpegExtrator, url: android-source:0xb5106060, format_name: ogg, format_long_name: Ogg
I/FFmpegExtractor( 3688): adjust mime(application/ogg -> audio/vorbis)
D/FFmpegExtractor( 3688): suppoted codec(vorbis) by official Stagefright
D/FFmpegExtractor( 3688): ffmpeg detected media content as 'audio/vorbis' with confidence 0.08
I/FFMPEG  ( 3688): Input #0, ogg, from 'android-source:0xb3506060':
I/FFMPEG  ( 3688):   Duration: 00:00:00.11, start: 0.000000, bitrate: 440 kb/s
I/FFMPEG  ( 3688):     Stream #0:0: Audio: vorbis, 48000 Hz, mono, fltp, 140 kb/s
D/FFmpegExtractor( 3688): FFmpegExtrator, url: android-source:0xb3506060, format_name: ogg, format_long_name: Ogg
I/FFmpegExtractor( 3688): adjust mime(application/ogg -> audio/vorbis)
D/FFmpegExtractor( 3688): suppoted codec(vorbis) by official Stagefright
D/FFmpegExtractor( 3688): ffmpeg detected media content as 'audio/vorbis' with confidence 0.08
D/NuPlayerDriver( 3688): start(0xb5712040)
I/GenericSource( 3688): start
W/Utils   ( 3688): bool android::canOffloadStream(const android::sp<android::MetaData>&, bool, const android::sp<android::MetaData>&, bool, audio_stream_type_t) No sample bit depth info in meta data
E/AudioPolicyManager( 3688): isOffloadSupported: stream_type != MUSIC, returning false
W/Utils   ( 3688): bool android::canOffloadStream(const android::sp<android::MetaData>&, bool, const android::sp<android::MetaData>&, bool, audio_stream_type_t) No sample bit depth info in meta data
E/AudioPolicyManager( 3688): isOffloadSupported: stream_type != MUSIC, returning false
W/SubtypeLocaleUtils( 4475): KeyboardLayoutSet not found, use QWERTY: locale=en_AU extraValue=TrySuppressingImeSwitcher,AsciiCapable,SupportTouchPositionCorrection,EmojiCapable
D/NuPlayerDriver( 3688): start(0xb550d040)
I/GenericSource( 3688): start
W/Utils   ( 3688): bool android::canOffloadStream(const android::sp<android::MetaData>&, bool, const android::sp<android::MetaData>&, bool, audio_stream_type_t) No sample bit depth info in meta data
E/AudioPolicyManager( 3688): isOffloadSupported: stream_type != MUSIC, returning false
W/Utils   ( 3688): bool android::canOffloadStream(const android::sp<android::MetaData>&, bool, const android::sp<android::MetaData>&, bool, audio_stream_type_t) No sample bit depth info in meta data
E/AudioPolicyManager( 3688): isOffloadSupported: stream_type != MUSIC, returning false
D/NuPlayerDriver( 3688): reset(0xb5712040)
D/NuPlayerDriver( 3688): notifyResetComplete(0xb5712040)
D/NuPlayerDriver( 3688): reset(0xb550d040)
D/NuPlayerDriver( 3688): notifyResetComplete(0xb550d040)
W/Settings( 4283): Setting airplane_mode_on has moved from android.provider.Settings.System to android.provider.Settings.Global, returning read-only value.
W/InputAttributes( 4475): No editor info for this field. Bug?
D/WVMDrmPlugIn( 3687): WVMDrmPlugin::onInitialize : 6358
D/WVMDrmPlugIn( 3687): WVMDrmPlugin::onSetOnInfoListener : add 6358
D/WVMDrmPlugIn( 3687): WVMDrmPlugin::onTerminate : 6358
I/FFmpegExtractor( 3688): android-source:0xb5106060
I/FFMPEG  ( 3688): Input #0, ogg, from 'android-source:0xb5106060':
I/FFMPEG  ( 3688):   Duration: 00:00:00.11, start: 0.000000, bitrate: 431 kb/s
I/FFMPEG  ( 3688):     Stream #0:0: Audio: vorbis, 48000 Hz, mono, fltp, 140 kb/s
D/FFmpegExtractor( 3688): FFmpegExtrator, url: android-source:0xb5106060, format_name: ogg, format_long_name: Ogg
I/FFmpegExtractor( 3688): adjust mime(application/ogg -> audio/vorbis)
D/FFmpegExtractor( 3688): suppoted codec(vorbis) by official Stagefright
D/FFmpegExtractor( 3688): ffmpeg detected media content as 'audio/vorbis' with confidence 0.08
D/WifiService( 4110): New client listening to asynchronous messages
D/BluetoothManagerService( 4110): Message: 20
D/BluetoothManagerService( 4110): Added callback: android.bluetooth.IBluetoothManagerCallback$Stub$Proxy@3cd10f99:true
D/BluetoothAdapter( 4283): 1011606464: getState() :  mService = null. Returning STATE_OFF
D/BluetoothAdapter( 4283): 1011606464: getState() :  mService = null. Returning STATE_OFF
I/LatinIME:LogUtils( 4475): Dictionary info: dictionary = UserHistoryDictionary.en_US ; version = 1437017191 ; date = ?
I/LatinIME:LogUtils( 4475): Dictionary info: dictionary = PersonalizationDictionary.en_US ; version = 1437017191 ; date = ?
D/ConnectivityService( 4110): listenForNetwork for NetworkRequest [ id=2, legacyType=-1, [] ]
I/LatinIME:LogUtils( 4475): Dictionary info: dictionary = contacts.en_US ; version = 1437017191 ; date = ?
I/LatinIME:LogUtils( 4475): Dictionary info: dictionary = userunigram.en_US ; version = 1437017191 ; date = ?
D/NuPlayerDriver( 3688): start(0xb3313040)
I/GenericSource( 3688): start
I/LatinIME:LogUtils( 4475): Dictionary info: dictionary = ContextualDictionary.en_US ; version = 1437017191 ; date = ?
W/Utils   ( 3688): bool android::canOffloadStream(const android::sp<android::MetaData>&, bool, const android::sp<android::MetaData>&, bool, audio_stream_type_t) No sample bit depth info in meta data
E/AudioPolicyManager( 3688): isOffloadSupported: stream_type != MUSIC, returning false
W/Utils   ( 3688): bool android::canOffloadStream(const android::sp<android::MetaData>&, bool, const android::sp<android::MetaData>&, bool, audio_stream_type_t) No sample bit depth info in meta data
E/AudioPolicyManager( 3688): isOffloadSupported: stream_type != MUSIC, returning false
D/NuPlayerDriver( 3688): reset(0xb3313040)
D/NuPlayerDriver( 3688): notifyResetComplete(0xb3313040)
I/ActivityManager( 4110): Start proc android.process.acore for content provider com.android.providers.userdictionary/.UserDictionaryProvider: pid=4595 uid=10006 gids={50006, 9997, 3003, 1028, 1015} abi=armeabi-v7a
D/WVMDrmPlugIn( 3687): WVMDrmPlugin::onInitialize : 6643
D/WVMDrmPlugIn( 3687): WVMDrmPlugin::onSetOnInfoListener : add 6643
D/WVMDrmPlugIn( 3687): WVMDrmPlugin::onTerminate : 6643
I/FFmpegExtractor( 3688): android-source:0xb5106060
I/FFMPEG  ( 3688): Input #0, ogg, from 'android-source:0xb5106060':
I/FFMPEG  ( 3688):   Duration: 00:00:00.11, start: 0.000000, bitrate: 462 kb/s
I/FFMPEG  ( 3688):     Stream #0:0: Audio: vorbis, 48000 Hz, mono, fltp, 140 kb/s
D/FFmpegExtractor( 3688): FFmpegExtrator, url: android-source:0xb5106060, format_name: ogg, format_long_name: Ogg
I/FFmpegExtractor( 3688): adjust mime(application/ogg -> audio/vorbis)
D/FFmpegExtractor( 3688): suppoted codec(vorbis) by official Stagefright
D/FFmpegExtractor( 3688): ffmpeg detected media content as 'audio/vorbis' with confidence 0.08
D/NuPlayerDriver( 3688): start(0xb6053d00)
I/GenericSource( 3688): start
W/Utils   ( 3688): bool android::canOffloadStream(const android::sp<android::MetaData>&, bool, const android::sp<android::MetaData>&, bool, audio_stream_type_t) No sample bit depth info in meta data
E/AudioPolicyManager( 3688): isOffloadSupported: stream_type != MUSIC, returning false
W/Utils   ( 3688): bool android::canOffloadStream(const android::sp<android::MetaData>&, bool, const android::sp<android::MetaData>&, bool, audio_stream_type_t) No sample bit depth info in meta data
E/AudioPolicyManager( 3688): isOffloadSupported: stream_type != MUSIC, returning false
I/ActivityManager( 4110): Start proc com.cyanogenmod.lockclock for content provider com.cyanogenmod.lockclock/.weather.WeatherContentProvider: pid=4626 uid=10042 gids={50042, 9997, 3003} abi=armeabi-v7a
D/NuPlayerDriver( 3688): reset(0xb6053d00)
D/NuPlayerDriver( 3688): notifyResetComplete(0xb6053d00)
D/WVMDrmPlugIn( 3687): WVMDrmPlugin::onInitialize : 6253
D/WVMDrmPlugIn( 3687): WVMDrmPlugin::onSetOnInfoListener : add 6253
D/WVMDrmPlugIn( 3687): WVMDrmPlugin::onTerminate : 6253
I/FFmpegExtractor( 3688): android-source:0xb5106060
I/FFMPEG  ( 3688): Input #0, ogg, from 'android-source:0xb5106060':
I/FFMPEG  ( 3688):   Duration: 00:00:00.18, start: 0.000000, bitrate: 431 kb/s
I/FFMPEG  ( 3688):     Stream #0:0: Audio: vorbis, 44100 Hz, mono, fltp, 239 kb/s
I/FFMPEG  ( 3688):     Metadata:
I/FFMPEG  ( 3688):       ARTIST          : Copyright 2013 Android Open Source Project
D/FFmpegExtractor( 3688): FFmpegExtrator, url: android-source:0xb5106060, format_name: ogg, format_long_name: Ogg
I/FFmpegExtractor( 3688): adjust mime(application/ogg -> audio/vorbis)
D/FFmpegExtractor( 3688): suppoted codec(vorbis) by official Stagefright
D/FFmpegExtractor( 3688): ffmpeg detected media content as 'audio/vorbis' with confidence 0.08
D/NuPlayerDriver( 3688): start(0xb5712040)
I/GenericSource( 3688): start
W/Utils   ( 3688): bool android::canOffloadStream(const android::sp<android::MetaData>&, bool, const android::sp<android::MetaData>&, bool, audio_stream_type_t) No sample bit depth info in meta data
E/AudioPolicyManager( 3688): isOffloadSupported: stream_type != MUSIC, returning false
W/Utils   ( 3688): bool android::canOffloadStream(const android::sp<android::MetaData>&, bool, const android::sp<android::MetaData>&, bool, audio_stream_type_t) No sample bit depth info in meta data
E/AudioPolicyManager( 3688): isOffloadSupported: stream_type != MUSIC, returning false
D/NuPlayerDriver( 3688): reset(0xb5712040)
D/WeatherUpdateService( 4626): Service started, but shouldn't update ... stopping
D/NuPlayerDriver( 3688): notifyResetComplete(0xb5712040)
D/BluetoothAdapter( 4283): 1011606464: getState() :  mService = null. Returning STATE_OFF
D/BluetoothAdapter( 4283): 1011606464: getState() :  mService = null. Returning STATE_OFF
D/BluetoothAdapter( 4283): 1011606464: getState() :  mService = null. Returning STATE_OFF
D/BluetoothAdapter( 4283): 1011606464: getState() :  mService = null. Returning STATE_OFF
I/LatinIME:LogUtils( 4475): Dictionary info: dictionary = PersonalizationDictionary.en_US ; version = 1437017191 ; date = ?
I/LatinIME:LogUtils( 4475): Dictionary info: dictionary = PersonalizationDictionary.en_US ; version = 1437017191 ; date = ?
D/PermissionCache( 3685): checking android.permission.ACCESS_SURFACE_FLINGER for uid=10016 => granted (412 us)
D/OpenGLRenderer( 4283): Render dirty regions requested: true
D/wrapperGPS( 3698): wrapperConnect_RILD
D/gpsd    ( 3698): WakeLock(Acquire,GPSD)
D/gpsd    ( 3698): WakeLock(Release,GPSD)
D/Atlas   ( 4283): Validating map...
I/LatinIME:LogUtils( 4475): Dictionary info: dictionary = ? ; version = 26 ; date = 1351062238
D/PhoneStatusBar( 4283): disable: < expand icons alerts system_info back home recent clock search >
D/BluetoothAdapter( 4283): 1011606464: getState() :  mService = null. Returning STATE_OFF
D/BluetoothAdapter( 4283): 1011606464: getState() :  mService = null. Returning STATE_OFF
I/ContactLocale( 4595): AddressBook Labels [en-US]: [, A, B, C, D, E, F, G, H, I, J, K, L, M, N, O, P, Q, R, S, T, U, V, W, X, Y, Z, , , , , , , , , , , , , , , , , , , , , , , , , , , , , , , , , , , , , , , , , , , , , , , , , , , , , , , , , , , , , , , , , , , , , , , , , , , , , , , , , , , , , , , , , , , , , , , , , , , , , , , , , , , , , , , , , , , , , , , , , , , , , , , , , , , , , , , , , , , , , , , , , , , , , , , , , , , , , , , , , , , , , , , , , , , , , , , , , , , , , , , , , , , , #, ]
D/PhoneStatusBar( 4283): heads up is enabled
I/Choreographer( 4283): Skipped 53 frames!  The application may be doing too much work on its main thread.
D/ViewRootImpl( 4283): changeCanvasOpacity: opaque=true
W/Settings( 4283): Setting airplane_mode_on has moved from android.provider.Settings.System to android.provider.Settings.Global, returning read-only value.
W/Settings( 4283): Setting airplane_mode_on has moved from android.provider.Settings.System to android.provider.Settings.Global, returning read-only value.
I/        ( 4283): PLATFORM VERSION : JB-MR-2
I/OpenGLRenderer( 4283): Initialized EGL, version 1.4
D/OpenGLRenderer( 4283): Enabling debug mode 0
D/WifiService( 4110): New client listening to asynchronous messages
D/OpenGLRenderer( 4283): setting property extraRasterBucket to 0.95
D/OpenGLRenderer( 4283):     failed
D/OpenGLRenderer( 4283): setting property extraRasterBucket to 0.0
D/OpenGLRenderer( 4283):     failed
D/libgps  ( 4110): SendGpsExtensionMessage: Waiting for IPC connection - timeout
E/libgps  ( 4110): LIBGPS: Cannot communicate (write) with a GPSD
E/libgps  ( 4110): IPC Communication Error, /tmp/13632270_219420/customers/samsung/KGFEVOandroid/../../../proprietary/deliverables/android/gps_interface/../gps_interface/gpsi_client/GpsiClient.cpp:617 SendGpsExtensionMessage
D/libgps  ( 4110): agps_set_server: Waiting for IPC connection...
W/SurfaceFlinger( 3685): Ignoring duplicate VSYNC event from HWC (t=13805069501)
D/libgps  ( 4110): agps_set_server: Waiting for IPC connection - timeout
E/libgps  ( 4110): LIBGPS: Cannot communicate (write) with a GPSD
E/libgps  ( 4110): IPC Communication Error, /tmp/13632270_219420/customers/samsung/KGFEVOandroid/../../../proprietary/deliverables/android/gps_interface/../gps_interface/gpsi_client/GpsiClient.cpp:1556 agps_set_server
E/GpsLocationProvider( 4110): no GPS configuration interface in configuraiton_update
D/GpsLocationProvider( 4110): final config = #Thu Jul 16 00:26:33 GMT-03:00 2015
D/GpsLocationProvider( 4110): SUPL_HOST=supl.google.com
D/GpsLocationProvider( 4110): XTRA_SERVER_3=http\://xtrapath3.izatcloud.net/xtra2.bin
D/GpsLocationProvider( 4110): XTRA_SERVER_1=http\://xtrapath1.izatcloud.net/xtra2.bin
D/GpsLocationProvider( 4110): SUPL_PORT=7276
D/GpsLocationProvider( 4110): XTRA_VERSION_CHECK=0
D/GpsLocationProvider( 4110): DEBUG_LEVEL=2
D/GpsLocationProvider( 4110): XTRA_SERVER_2=http\://xtrapath2.izatcloud.net/xtra2.bin
D/GpsLocationProvider( 4110): SUPL_ES=1
D/GpsLocationProvider( 4110): NMEA_PROVIDER=1
D/GpsLocationProvider( 4110): CAPABILITIES=0x37
D/GpsLocationProvider( 4110): SUPL_VER=0x10000
D/GpsLocationProvider( 4110): ERR_ESTIMATE=0
D/GpsLocationProvider( 4110): A_GLONASS_POS_PROTOCOL_SELECT=0 \#Sensor R&D \: This will not be injected to MODEM
D/GpsLocationProvider( 4110): INTERMEDIATE_POS=0
D/GpsLocationProvider( 4110): SGLTE_TARGET=0
D/GpsLocationProvider( 4110): LPP_PROFILE=0 \# Sensor R&D \: This will not be injected to MODEM
D/GpsLocationProvider( 4110): NTP_SERVER=ru.pool.ntp.org
D/GpsLocationProvider( 4110): SUPL_MODE=1
W/ServiceWatcher( 4110): com.google.android.gms not found
W/ServiceWatcher( 4110): com.google.android.gms not found
W/LocationManagerService( 4110): no network location provider found
W/ServiceWatcher( 4110): com.google.android.gms not found
W/ServiceWatcher( 4110): com.google.android.gms not found
E/LocationManagerService( 4110): no geocoder provider found
E/FlpHardwareProvider( 4110): Error hw_get_module 'flp': -2
E/LocationManagerService( 4110): FLP HAL not supported
W/ServiceWatcher( 4110): com.google.android.gms not found
E/LocationManagerService( 4110): Unable to bind FLP Geofence proxy.
E/ActivityRecognitionHardware( 4110): Error hw_get_module: -2
E/LocationManagerService( 4110): Hardware Activity-Recognition not supported.
I/CommonTimeManagementService( 4110): No common time service detected on this platform.  Common time services will be unavailable.
I/InputReader( 4110): Reconfiguring input devices.  changes=0x00000040
I/MmsServiceBroker( 4110): Connecting to MmsService
W/ContextImpl( 4110): Calling a method in the system process without a qualified user: android.app.ContextImpl.bindService:1790 com.android.server.MmsServiceBroker.tryConnecting:134 com.android.server.MmsServiceBroker.systemRunning:121 com.android.server.SystemServer$2.run:1345 com.android.server.am.ActivityManagerService.systemReady:11460 
I/InputReader( 4110): Reconfiguring input devices.  changes=0x00000020
I/ActivityManager( 4110): Start proc com.android.phone for service com.android.mms.service/.MmsService: pid=4686 uid=1001 gids={41001, 9997, 3002, 3001, 3003, 1028, 1015} abi=armeabi-v7a
D/com.android.server.ThemeService( 4110): Prev api level was: 21, api is now: 21
E/PackageManager( 4110): Unable to find icon pack: system
W/VoiceInteractionManagerService( 4110): no available voice interaction services found for user 0
W/VoiceInteractionManagerService( 4110): no available voice recognition services found for user 0
I/ActivityManager( 4110): Start proc com.android.incallui for added application com.android.incallui: pid=4708 uid=10008 gids={50008, 9997, 3003, 1028, 1015} abi=armeabi-v7a
I/art     ( 3700): Explicit concurrent mark sweep GC freed 706(30KB) AllocSpace objects, 0(0B) LOS objects, 40% free, 15MB/25MB, paused 219us total 10.213ms
I/art     ( 3700): Explicit concurrent mark sweep GC freed 5(160B) AllocSpace objects, 0(0B) LOS objects, 40% free, 15MB/25MB, paused 199us total 9.325ms
I/art     ( 3700): Explicit concurrent mark sweep GC freed 5(160B) AllocSpace objects, 0(0B) LOS objects, 40% free, 15MB/25MB, paused 170us total 10.054ms
I/ActivityManager( 4110): Start proc org.cyanogenmod.audiofx for added application org.cyanogenmod.audiofx: pid=4730 uid=10000 gids={50000, 9997, 3003, 3002} abi=armeabi-v7a
I/ActivityManager( 4110): Start proc com.android.server.telecom for added application com.android.server.telecom: pid=4752 uid=1001 gids={41001, 9997, 3002, 3001, 3003, 1028, 1015} abi=armeabi-v7a
I/ActivityManager( 4110): Start proc com.android.phone for added application com.android.phone: pid=4774 uid=1001 gids={41001, 9997, 3002, 3001, 3003, 1028, 1015} abi=armeabi-v7a
I/ActivityManager( 4110): START u0 {act=android.intent.action.MAIN cat=[android.intent.category.HOME] flg=0x10000000 cmp=com.cyanogenmod.trebuchet/com.android.launcher3.Launcher} from uid 0 on display 0
I/ActivityManager( 4110): Start proc com.cyanogenmod.trebuchet for activity com.cyanogenmod.trebuchet/com.android.launcher3.Launcher: pid=4796 uid=10018 gids={50018, 9997, 1028} abi=armeabi-v7a
I/SystemServer( 4110): Enabled StrictMode for system server main thread.
W/art     ( 4110): Long monitor contention event with owner method=void com.android.server.am.ActivityManagerService.systemReady(java.lang.Runnable) from ActivityManagerService.java:11468 waiters=0 for 235ms
I/ActivityManager( 4110): Start proc com.android.printspooler for service com.android.printspooler/.model.PrintSpoolerService: pid=4818 uid=10050 gids={50050, 9997} abi=armeabi-v7a
W/ActivityManager( 4110): No pending application record for pid 4686 (IApplicationThread android.app.ApplicationThreadProxy@38bbb64d); dropping process
V/ActivityManager( 4110): Display changed displayId=0
V/StatusBar( 4283): userId 0 is in the house
E/Minikin ( 4110): addFont failed to create font /system/fonts/NotoSansGujarati-Regular.ttf
E/Minikin ( 4110): addFont failed to create font /system/fonts/NotoSansGujarati-Bold.ttf
E/Minikin ( 4110): addFont failed to create font /system/fonts/NotoSansGujaratiUI-Regular.ttf
E/Minikin ( 4110): addFont failed to create font /system/fonts/NotoSansGujaratiUI-Bold.ttf
E/Minikin ( 4110): addFont failed to create font /system/fonts/NotoSansGurmukhi-Regular.ttf
E/Minikin ( 4110): addFont failed to create font /system/fonts/NotoSansGurmukhi-Bold.ttf
E/Minikin ( 4110): addFont failed to create font /system/fonts/NotoSansGurmukhiUI-Regular.ttf
E/Minikin ( 4110): addFont failed to create font /system/fonts/NotoSansGurmukhiUI-Bold.ttf
E/Minikin ( 4110): addFont failed to create font /system/fonts/NotoSansSinhala-Regular.ttf
E/Minikin ( 4110): addFont failed to create font /system/fonts/NotoSansSinhala-Bold.ttf
E/Minikin ( 4110): addFont failed to create font /system/fonts/NotoSansCherokee-Regular.ttf
E/Minikin ( 4110): addFont failed to create font /system/fonts/NotoSansCanadianAboriginal-Regular.ttf
E/Minikin ( 4110): addFont failed to create font /system/fonts/NotoSansYi-Regular.ttf
E/Minikin ( 4110): addFont failed to create font /system/fonts/NotoSansHans-Regular.otf
E/Minikin ( 4110): addFont failed to create font /system/fonts/NotoSansHant-Regular.otf
E/Minikin ( 4110): addFont failed to create font /system/fonts/NotoSansJP-Regular.otf
E/Minikin ( 4110): addFont failed to create font /system/fonts/NotoSansKR-Regular.otf
D/Telecom ( 4752): MissedCallNotifier: updateOnStartup()...
V/ActivityManager( 4110): Display changed displayId=0
W/art     ( 4110): No such thread id for suspend: 73
W/art     ( 4110): No such thread id for suspend: 73
V/ActivityManager( 4110): Display changed displayId=0
D/WifiScanningService( 4110): SCAN_AVAILABLE : 1
D/RttService( 4110): SCAN_AVAILABLE : 1
D/WifiScanningService( 4110): DefaultState got{ when=0 what=160007 target=com.android.internal.util.StateMachine$SmHandler }
D/RttService( 4110): DefaultState got{ when=0 what=160513 target=com.android.internal.util.StateMachine$SmHandler }
I/Choreographer( 4110): Skipped 207 frames!  The application may be doing too much work on its main thread.
W/InputMethodManagerService( 4110): Focus gain on non-focused client android.view.inputmethod.InputMethodManager$1@3a63b6ca (uid=1000 pid=4110)
V/ActivityManager( 4110): Display changed displayId=0
D/BluetoothManagerService( 4110): Message: 20
D/BluetoothManagerService( 4110): Added callback: android.bluetooth.IBluetoothManagerCallback$Stub$Proxy@2f002667:true
D/BluetoothManagerService( 4110): Message: 30
I/PrintSpoolerService( 4818): No existing print spooler state.
I/ActivityManager( 4110): Start proc com.android.settings for broadcast com.android.settings/.widget.SettingsAppWidgetProvider: pid=4856 uid=1000 gids={41000, 9997, 3003, 1028, 1015, 3002, 3001} abi=armeabi-v7a
D/Launcher.LauncherProvider( 4796): 11683562 - initializeMaxScreenId(): 2
D/MmsService( 4774): onCreate
V/Launcher( 4796): LauncherAppState inited
I/MmsService( 4774): MmsConfigManager.loadInBackground(): mcc/mnc: 0/0
E/MmsService( 4774): MmsConfigManager.load -- empty getActiveSubInfoList
D/Telecom ( 4752): ProximitySensorManager: onCreate: mProximityWakeLock: 
W/ResourcesManager( 4110): Asset path '/system/framework/com.android.location.provider.jar' does not exist or contains no resources.
D/Launcher.Model( 4796): Old launcher provider: content://com.android.launcher2.settings/favorites?notify=true
D/Launcher.Model( 4796): Old launcher provider does not exist.
D/GpsNetInitiatedHandler( 4110): location enabled :false
V/WiredAccessoryManager( 4110): init()
D/Telecom ( 4752): MissedCallNotifier: onQueryComplete()...
D/Telecom ( 4752): BluetoothPhoneService: onCreate
D/BluetoothManagerService( 4110): Message: 30
W/Launcher( 4796): setApplicationContext called twice! old=com.android.launcher3.LauncherApplication@23a9b195 new=com.android.launcher3.LauncherApplication@23a9b195
W/Searchables( 4110): No global search activity found
D/BluetoothManagerService( 4110): Message: 300
D/BluetoothManagerService( 4110): MESSAGE_USER_SWITCHED
E/AudioPolicyManager( 3688): getDeviceForStrategy() speaker device not found for STRATEGY_SONIFICATION
E/AudioPolicyManager( 3688): getDeviceForStrategy() speaker device not found for STRATEGY_SONIFICATION
E/AudioPolicyManager( 3688): getDeviceForStrategy() speaker device not found for STRATEGY_SONIFICATION
E/AudioPolicyManager( 3688): getDeviceForStrategy() speaker device not found for STRATEGY_SONIFICATION
E/Minikin ( 3700): addFont failed to create font /system/fonts/NotoSansGujarati-Regular.ttf
E/Minikin ( 3700): addFont failed to create font /system/fonts/NotoSansGujarati-Bold.ttf
E/Minikin ( 3700): addFont failed to create font /system/fonts/NotoSansGujaratiUI-Regular.ttf
E/Minikin ( 3700): addFont failed to create font /system/fonts/NotoSansGujaratiUI-Bold.ttf
E/Minikin ( 3700): addFont failed to create font /system/fonts/NotoSansGurmukhi-Regular.ttf
E/Minikin ( 3700): addFont failed to create font /system/fonts/NotoSansGurmukhi-Bold.ttf
E/Minikin ( 3700): addFont failed to create font /system/fonts/NotoSansGurmukhiUI-Regular.ttf
E/Minikin ( 3700): addFont failed to create font /system/fonts/NotoSansGurmukhiUI-Bold.ttf
E/Minikin ( 3700): addFont failed to create font /system/fonts/NotoSansSinhala-Regular.ttf
E/Minikin ( 3700): addFont failed to create font /system/fonts/NotoSansSinhala-Bold.ttf
E/Minikin ( 3700): addFont failed to create font /system/fonts/NotoSansCherokee-Regular.ttf
E/Minikin ( 3700): addFont failed to create font /system/fonts/NotoSansCanadianAboriginal-Regular.ttf
E/Minikin ( 3700): addFont failed to create font /system/fonts/NotoSansYi-Regular.ttf
E/Minikin ( 3700): addFont failed to create font /system/fonts/NotoSansHans-Regular.otf
E/Minikin ( 3700): addFont failed to create font /system/fonts/NotoSansHant-Regular.otf
E/Minikin ( 3700): addFont failed to create font /system/fonts/NotoSansJP-Regular.otf
E/Minikin ( 3700): addFont failed to create font /system/fonts/NotoSansKR-Regular.otf
I/ActivityManager( 4110): Start proc org.cyanogenmod.themes.provider for content provider org.cyanogenmod.themes.provider/.ThemesProvider: pid=4905 uid=10017 gids={50017, 9997, 3003} abi=armeabi-v7a
V/BackupManagerService( 4110): Connected to transport ComponentInfo{android/com.android.internal.backup.LocalTransportService}
V/BackupManagerService( 4110): Registering transport android/com.android.internal.backup.LocalTransportService::android/com.android.internal.backup.LocalTransport = android.app.backup.BackupTransport$TransportImpl@3a3deab1
I/MmsServiceBroker( 4110): MmsService connected
I/FusedLocation( 4110): engine started (com.android.location.fused)
I/art     ( 4283): Background sticky concurrent mark sweep GC freed 61564(3MB) AllocSpace objects, 3(52KB) LOS objects, 0% free, 35MB/35MB, paused 5.001ms total 86.136ms
E/AppsCustomizePagedView( 4796): Create Res Apk Failed
D/WifiService( 4110): New client listening to asynchronous messages
D/ThemesProvider( 4905): Deleted 0
D/BluetoothManagerService( 4110): Message: 20
D/BluetoothManagerService( 4110): Added callback: android.bluetooth.IBluetoothManagerCallback$Stub$Proxy@2cbe4b22:true
D/BluetoothAdapter( 4856): 598323605: getState() :  mService = null. Returning STATE_OFF
D/BluetoothManagerService( 4110): Message: 30
D/BluetoothManagerService( 4110): Message: 30
D/LocalBluetoothProfileManager( 4856): Adding local MAP profile
D/BluetoothMap( 4856): Create BluetoothMap proxy object
D/BluetoothManagerService( 4110): Message: 30
D/BluetoothManagerService( 4110): Message: 30
D/LocalBluetoothProfileManager( 4856): LocalBluetoothProfileManager construction complete
D/BluetoothAdapter( 4856): 598323605: getState() :  mService = null. Returning STATE_OFF
D/BluetoothAdapter( 4856): 598323605: getState() :  mService = null. Returning STATE_OFF
D/LocaleSetManager( 4796): Locale Changed from: null to en-US
I/LauncherLocale( 4796): AddressBook Labels [en-US]: [, A, B, C, D, E, F, G, H, I, J, K, L, M, N, O, P, Q, R, S, T, U, V, W, X, Y, Z, , , , , , , , , , , , , , , , , , , , , , , , , , , , , , , , , , , , , , , , , , , , , , , , , , , , , , , , , , , , , , , , , , , , , , , , , , , , , , , , , , , , , , , , , , , , , , , , , , , , , , , , , , , , , , , , , , , , , , , , , , , , , , , , , , , , , , , , , , , , , , , , , , , , , , , , , , , , , , , , , , , , , , , , , , , , , , , , , , , , , , , , , , , , #, ]
D/Launcher.Model( 4796): 11683562 - loadWorkspace()
I/ActivityManager( 4110): Start proc com.cyanogenmod.eleven for broadcast com.cyanogenmod.eleven/.appwidgets.AppWidgetLarge: pid=4936 uid=10032 gids={50032, 9997, 1028, 1015, 3003} abi=armeabi-v7a
D/Launcher.Model( 4796): 11683562 -   loadedOldDb: false
W/Launcher( 4796): setApplicationContext called twice! old=com.android.launcher3.LauncherApplication@23a9b195 new=com.android.launcher3.LauncherApplication@23a9b195
D/OpenGLRenderer( 4796): Render dirty regions requested: true
D/Atlas   ( 4796): Validating map...
I/ActivityManager( 4110): Config changes=300000 {1.0 ?mcc?mnc en_US ldltr sw360dp w360dp h615dp 480dpi nrml long port finger -keyb/v/h -nav/h s.6 themeResource=themes:{default=overlay:system, iconPack:system, fontPkg:system, com.android.systemui=overlay:system, com.android.systemui.navbar=overlay:system}}
E/Minikin ( 4818): addFont failed to create font /system/fonts/NotoSansGujarati-Regular.ttf
E/Minikin ( 4818): addFont failed to create font /system/fonts/NotoSansGujarati-Bold.ttf
E/Minikin ( 4818): addFont failed to create font /system/fonts/NotoSansGujaratiUI-Regular.ttf
E/Minikin ( 4818): addFont failed to create font /system/fonts/NotoSansGujaratiUI-Bold.ttf
E/Minikin ( 4818): addFont failed to create font /system/fonts/NotoSansGurmukhi-Regular.ttf
E/Minikin ( 4818): addFont failed to create font /system/fonts/NotoSansGurmukhi-Bold.ttf
E/Minikin ( 4818): addFont failed to create font /system/fonts/NotoSansGurmukhiUI-Regular.ttf
E/Minikin ( 4818): addFont failed to create font /system/fonts/NotoSansGurmukhiUI-Bold.ttf
E/Minikin ( 4818): addFont failed to create font /system/fonts/NotoSansSinhala-Regular.ttf
E/Minikin ( 4818): addFont failed to create font /system/fonts/NotoSansSinhala-Bold.ttf
E/Minikin ( 4818): addFont failed to create font /system/fonts/NotoSansCherokee-Regular.ttf
E/Minikin ( 4818): addFont failed to create font /system/fonts/NotoSansCanadianAboriginal-Regular.ttf
E/Minikin ( 4818): addFont failed to create font /system/fonts/NotoSansYi-Regular.ttf
E/Minikin ( 4818): addFont failed to create font /system/fonts/NotoSansHans-Regular.otf
E/Minikin ( 4818): addFont failed to create font /system/fonts/NotoSansHant-Regular.otf
E/Minikin ( 4818): addFont failed to create font /system/fonts/NotoSansJP-Regular.otf
E/Minikin ( 4818): addFont failed to create font /system/fonts/NotoSansKR-Regular.otf
E/Minikin ( 4708): addFont failed to create font /system/fonts/NotoSansGujarati-Regular.ttf
E/Minikin ( 4708): addFont failed to create font /system/fonts/NotoSansGujarati-Bold.ttf
E/Minikin ( 4708): addFont failed to create font /system/fonts/NotoSansGujaratiUI-Regular.ttf
E/Minikin ( 4708): addFont failed to create font /system/fonts/NotoSansGujaratiUI-Bold.ttf
E/Minikin ( 4708): addFont failed to create font /system/fonts/NotoSansGurmukhi-Regular.ttf
E/Minikin ( 4708): addFont failed to create font /system/fonts/NotoSansGurmukhi-Bold.ttf
E/Minikin ( 4708): addFont failed to create font /system/fonts/NotoSansGurmukhiUI-Regular.ttf
E/Minikin ( 4708): addFont failed to create font /system/fonts/NotoSansGurmukhiUI-Bold.ttf
E/Minikin ( 4110): addFont failed to create font /system/fonts/NotoSansGujarati-Regular.ttf
E/Minikin ( 4110): addFont failed to create font /system/fonts/NotoSansGujarati-Bold.ttf
E/Minikin ( 4110): addFont failed to create font /system/fonts/NotoSansGujaratiUI-Regular.ttf
E/Minikin ( 4110): addFont failed to create font /system/fonts/NotoSansGujaratiUI-Bold.ttf
E/Minikin ( 4110): addFont failed to create font /system/fonts/NotoSansGurmukhi-Regular.ttf
E/Minikin ( 4110): addFont failed to create font /system/fonts/NotoSansGurmukhi-Bold.ttf
E/Minikin ( 4110): addFont failed to create font /system/fonts/NotoSansGurmukhiUI-Regular.ttf
E/Minikin ( 4110): addFont failed to create font /system/fonts/NotoSansGurmukhiUI-Bold.ttf
E/Minikin ( 4708): addFont failed to create font /system/fonts/NotoSansSinhala-Regular.ttf
