E/AndroidRuntime( 4117): 	at com.android.server.SystemServer.startOtherServices(SystemServer.java:710)
E/AndroidRuntime( 4117): 	at com.android.server.SystemServer.run(SystemServer.java:284)
E/AndroidRuntime( 4117): 	at com.android.server.SystemServer.main(SystemServer.java:185)
E/AndroidRuntime( 4117): 	at java.lang.reflect.Method.invoke(Native Method)
E/AndroidRuntime( 4117): 	at java.lang.reflect.Method.invoke(Method.java:372)
E/AndroidRuntime( 4117): 	at com.android.internal.os.ZygoteInit$MethodAndArgsCaller.run(ZygoteInit.java:898)
E/AndroidRuntime( 4117): 	at com.android.internal.os.ZygoteInit.main(ZygoteInit.java:693)
E/AndroidRuntime( 4117): Caused by: java.lang.reflect.InvocationTargetException
E/AndroidRuntime( 4117): 	at java.lang.reflect.Constructor.newInstance(Native Method)
E/AndroidRuntime( 4117): 	at java.lang.reflect.Constructor.newInstance(Constructor.java:288)
E/AndroidRuntime( 4117): 	at com.android.server.SystemServiceManager.startService(SystemServiceManager.java:89)
E/AndroidRuntime( 4117): 	... 8 more
E/AndroidRuntime( 4117): Caused by: java.lang.UnsatisfiedLinkError: dlopen failed: cannot locate symbol "wifi_stop_olsrd" referenced by "libwifi-service.so"...
E/AndroidRuntime( 4117): 	at java.lang.Runtime.loadLibrary(Runtime.java:371)
E/AndroidRuntime( 4117): 	at java.lang.System.loadLibrary(System.java:989)
E/AndroidRuntime( 4117): 	at com.android.server.wifi.WifiNative.<clinit>(WifiNative.java:72)
E/AndroidRuntime( 4117): 	at com.android.server.wifi.p2p.WifiP2pServiceImpl$P2pStateMachine.<init>(WifiP2pServiceImpl.java:511)
E/AndroidRuntime( 4117): 	at com.android.server.wifi.p2p.WifiP2pServiceImpl.<init>(WifiP2pServiceImpl.java:379)
E/AndroidRuntime( 4117): 	at com.android.server.wifi.p2p.WifiP2pService.<init>(WifiP2pService.java:30)
E/AndroidRuntime( 4117): 	... 11 more
I/Process ( 4117): Sending signal. PID: 4117 SIG: 9
E/installd( 3694): eof
E/installd( 3694): failed to read size
I/installd( 3694): closing connection
I/ServiceManager( 3670): service 'account' died
I/ServiceManager( 3670): service 'content' died
I/ServiceManager( 3670): service 'vibrator' died
D/SurfaceFlinger( 3689): Set power mode=2, type=0 flinger=0xb6a62000
D/SurfaceFlinger( 3689): Screen type=0 is already mode=2
I/ServiceManager( 3670): service 'consumer_ir' died
I/ServiceManager( 3670): service 'alarm' died
I/ServiceManager( 3670): service 'window' died
I/ServiceManager( 3670): service 'activity' died
I/ServiceManager( 3670): service 'gfxinfo' died
I/ServiceManager( 3670): service 'procstats' died
I/ServiceManager( 3670): service 'meminfo' died
I/ServiceManager( 3670): service 'input' died
I/ServiceManager( 3670): service 'bluetooth_manager' died
I/ServiceManager( 3670): service 'input_method' died
I/ServiceManager( 3670): service 'accessibility' died
I/ServiceManager( 3670): service 'mount' died
I/ServiceManager( 3670): service 'lock_settings' died
I/ServiceManager( 3670): service 'device_policy' died
I/ServiceManager( 3670): service 'statusbar' died
I/ServiceManager( 3670): service 'clipboard' died
I/ServiceManager( 3670): service 'torch' died
I/ServiceManager( 3670): service 'network_management' died
I/ServiceManager( 3670): service 'textservices' died
I/ServiceManager( 3670): service 'network_score' died
I/ServiceManager( 3670): service 'netstats' died
I/ServiceManager( 3670): service 'netpolicy' died
I/ServiceManager( 3670): service 'webviewupdate' died
I/ServiceManager( 3670): service 'usagestats' died
I/ServiceManager( 3670): service 'battery' died
I/ServiceManager( 3670): service 'scheduling_policy' died
I/ServiceManager( 3670): service 'telephony.registry' died
I/ServiceManager( 3670): service 'entropy' died
I/ServiceManager( 3670): service 'sensorservice' died
I/ServiceManager( 3670): service 'display' died
I/ServiceManager( 3670): service 'batterystats' died
I/ServiceManager( 3670): service 'appops' died
I/ServiceManager( 3670): service 'power' died
I/ServiceManager( 3670): service 'cpuinfo' died
I/ServiceManager( 3670): service 'hardware' died
I/ServiceManager( 3670): service 'user' died
I/ServiceManager( 3670): service 'permission' died
I/ServiceManager( 3670): service 'dbinfo' died
I/ServiceManager( 3670): service 'package' died
D/libEGL  ( 4342): loaded /vendor/lib/egl/libGLES_mali.so
I/        ( 4342): PLATFORM VERSION : JB-MR-2
E/BootAnimation( 4342): couldn't find audio_conf.txt
W/BootAnimation( 4342): Audio service is not initiated.
D/BootAnimation( 4342): Use save memory method, maybe small fps in actual.
I/lowmemorykiller( 3668): ActivityManager disconnected
I/lowmemorykiller( 3668): Closing Activity Manager data connection
E/Zygote  ( 3701): Exit zygote because system server (4117) has terminated
I/ServiceManager( 3670): service 'media.audio_flinger' died
I/ServiceManager( 3670): service 'media.player' died
I/ServiceManager( 3670): service 'media.camera' died
I/ServiceManager( 3670): service 'media.audio_policy' died
I/ServiceManager( 3670): service 'media.sound_trigger_hw' died
I/Netd    ( 4359): Netd 1.0 starting
E/Netd    ( 4359): Failed to open /proc/sys/net/ipv6/conf/default/accept_ra_rt_table: No such file or directory
E/Netd    ( 4359): Failed to open /proc/sys/net/ipv6/conf/ip6tnl0/accept_ra_rt_table: No such file or directory
E/Netd    ( 4359): Failed to open /proc/sys/net/ipv6/conf/lo/accept_ra_rt_table: No such file or directory
E/Netd    ( 4359): Failed to open /proc/sys/net/ipv6/conf/rmnet0/accept_ra_rt_table: No such file or directory
E/Netd    ( 4359): Failed to open /proc/sys/net/ipv6/conf/rmnet1/accept_ra_rt_table: No such file or directory
E/Netd    ( 4359): Failed to open /proc/sys/net/ipv6/conf/rmnet2/accept_ra_rt_table: No such file or directory
E/Netd    ( 4359): Failed to open /proc/sys/net/ipv6/conf/rmnet3/accept_ra_rt_table: No such file or directory
E/Netd    ( 4359): Failed to open /proc/sys/net/ipv6/conf/sit0/accept_ra_rt_table: No such file or directory
I/mediaserver( 4360): ServiceManager: 0xb61500c0
I/AudioFlinger( 4360): Using default 3000 mSec as standby time.
I/ServiceManager( 4360): Waiting for service batterystats...
D/AndroidRuntime( 4358): 
D/AndroidRuntime( 4358): >>>>>> AndroidRuntime START com.android.internal.os.ZygoteInit <<<<<<
D/AndroidRuntime( 4358): CheckJNI is OFF
I/art     ( 4358): option[0]=-Xzygote
I/art     ( 4358): option[1]=-Xstacktracefile:/data/anr/traces.txt
I/art     ( 4358): option[2]=exit
I/art     ( 4358): option[3]=vfprintf
I/art     ( 4358): option[4]=sensitiveThread
I/art     ( 4358): option[5]=-verbose:gc
I/art     ( 4358): option[6]=-Xms16m
I/art     ( 4358): option[7]=-Xmx512m
I/art     ( 4358): option[8]=-XX:mainThreadStackSize=24K
I/art     ( 4358): option[9]=-XX:HeapGrowthLimit=192m
I/art     ( 4358): option[10]=-XX:HeapMinFree=2m
I/art     ( 4358): option[11]=-XX:HeapMaxFree=8m
I/art     ( 4358): option[12]=-XX:HeapTargetUtilization=0.75
I/art     ( 4358): option[13]=-agentlib:jdwp=transport=dt_android_adb,suspend=n,server=y
I/art     ( 4358): option[14]=-Xlockprofthreshold:500
I/art     ( 4358): option[15]=-Ximage-compiler-option
I/art     ( 4358): option[16]=--runtime-arg
I/art     ( 4358): option[17]=-Ximage-compiler-option
I/art     ( 4358): option[18]=-Xms64m
I/art     ( 4358): option[19]=-Ximage-compiler-option
I/art     ( 4358): option[20]=--runtime-arg
I/art     ( 4358): option[21]=-Ximage-compiler-option
I/art     ( 4358): option[22]=-Xmx64m
I/art     ( 4358): option[23]=-Ximage-compiler-option
I/art     ( 4358): option[24]=--image-classes-zip=/system/framework/framework.jar
I/art     ( 4358): option[25]=-Ximage-compiler-option
I/art     ( 4358): option[26]=--image-classes=preloaded-classes
I/art     ( 4358): option[27]=-Xcompiler-option
I/art     ( 4358): option[28]=--runtime-arg
I/art     ( 4358): option[29]=-Xcompiler-option
I/art     ( 4358): option[30]=-Xms64m
I/art     ( 4358): option[31]=-Xcompiler-option
I/art     ( 4358): option[32]=--runtime-arg
I/art     ( 4358): option[33]=-Xcompiler-option
I/art     ( 4358): option[34]=-Xmx512m
I/art     ( 4358): option[35]=-Duser.language=en
I/art     ( 4358): option[36]=-Duser.region=US
E/memtrack( 4358): Couldn't load memtrack module (No such file or directory)
E/android.os.Debug( 4358): failed to load memtrack module: -2
I/SamplingProfilerIntegration( 4358): Profiling disabled.
D/Zygote  ( 4358): begin preload
I/Zygote  ( 4358): Preloading classes...
I/art     ( 4358): Explicit concurrent mark sweep GC freed 994(55KB) AllocSpace objects, 0(0B) LOS objects, 98% free, 70KB/4MB, paused 122us total 3.914ms
I/art     ( 4358): Counter: 1
E/Minikin ( 4358): addFont failed to create font /system/fonts/NotoSansGujarati-Regular.ttf
E/Minikin ( 4358): addFont failed to create font /system/fonts/NotoSansGujarati-Bold.ttf
E/Minikin ( 4358): addFont failed to create font /system/fonts/NotoSansGujaratiUI-Regular.ttf
E/Minikin ( 4358): addFont failed to create font /system/fonts/NotoSansGujaratiUI-Bold.ttf
E/Minikin ( 4358): addFont failed to create font /system/fonts/NotoSansGurmukhi-Regular.ttf
E/Minikin ( 4358): addFont failed to create font /system/fonts/NotoSansGurmukhi-Bold.ttf
E/Minikin ( 4358): addFont failed to create font /system/fonts/NotoSansGurmukhiUI-Regular.ttf
E/Minikin ( 4358): addFont failed to create font /system/fonts/NotoSansGurmukhiUI-Bold.ttf
E/Minikin ( 4358): addFont failed to create font /system/fonts/NotoSansSinhala-Regular.ttf
E/Minikin ( 4358): addFont failed to create font /system/fonts/NotoSansSinhala-Bold.ttf
E/Minikin ( 4358): addFont failed to create font /system/fonts/NotoSansCherokee-Regular.ttf
E/Minikin ( 4358): addFont failed to create font /system/fonts/NotoSansCanadianAboriginal-Regular.ttf
E/Minikin ( 4358): addFont failed to create font /system/fonts/NotoSansYi-Regular.ttf
E/Minikin ( 4358): addFont failed to create font /system/fonts/NotoSansHans-Regular.otf
E/Minikin ( 4358): addFont failed to create font /system/fonts/NotoSansHant-Regular.otf
E/Minikin ( 4358): addFont failed to create font /system/fonts/NotoSansJP-Regular.otf
E/Minikin ( 4358): addFont failed to create font /system/fonts/NotoSansKR-Regular.otf
I/art     ( 4358): Thread[1,tid=4358,WaitingForJniOnLoad,Thread*=0xb5007800,peer=0x12c330e0,"main"] recursive attempt to load library "/system/lib/libmedia_jni.so"
D/MtpDeviceJNI( 4358): register_android_mtp_MtpDevice
I/art     ( 4358): Thread[1,tid=4358,WaitingForJniOnLoad,Thread*=0xb5007800,peer=0x12c330e0,"main"] recursive attempt to load library "/system/lib/libmedia_jni.so"
I/art     ( 4358): Thread[1,tid=4358,WaitingForJniOnLoad,Thread*=0xb5007800,peer=0x12c330e0,"main"] recursive attempt to load library "/system/lib/libmedia_jni.so"
W/SurfaceFlinger( 3689): Ignoring duplicate VSYNC event from HWC (t=23955072085)
I/System  ( 4358): Loaded time zone names for "" in 40ms (35ms in ICU)
I/System  ( 4358): Loaded time zone names for "en_US" in 31ms (25ms in ICU)
I/art     ( 4358): Explicit concurrent mark sweep GC freed 30145(1834KB) AllocSpace objects, 0(0B) LOS objects, 72% free, 1557KB/5MB, paused 135us total 13.893ms
I/Zygote  ( 4358): ...preloaded 3005 classes in 573ms.
I/art     ( 4358): VMRuntime.preloadDexCaches starting
W/SurfaceFlinger( 3689): Ignoring duplicate VSYNC event from HWC (t=24225069210)
I/art     ( 4358): VMRuntime.preloadDexCaches strings total=217316 before=40338 after=40338
I/art     ( 4358): VMRuntime.preloadDexCaches types total=18704 before=6337 after=6380
I/art     ( 4358): VMRuntime.preloadDexCaches fields total=87408 before=32543 after=32871
I/art     ( 4358): VMRuntime.preloadDexCaches methods total=154031 before=66779 after=67657
I/art     ( 4358): VMRuntime.preloadDexCaches finished
I/art     ( 4358): Counter: 0
I/art     ( 4358): Counter: 1
I/art     ( 4358): Explicit concurrent mark sweep GC freed 159(19KB) AllocSpace objects, 0(0B) LOS objects, 72% free, 1538KB/5MB, paused 143us total 7.600ms
D/idmap   ( 4454): error: no read access to /vendor/overlay: No such file or directory
I/Zygote  ( 4358): Preloading resources...
I/ServiceManager( 4360): Waiting for service batterystats...
I/art     ( 4358): Explicit concurrent mark sweep GC freed 4535(159KB) AllocSpace objects, 0(0B) LOS objects, 40% free, 16MB/28MB, paused 216us total 9.778ms
I/Zygote  ( 4358): ...preloaded 430 resources in 382ms.
I/art     ( 4358): Explicit concurrent mark sweep GC freed 560(31KB) AllocSpace objects, 0(0B) LOS objects, 40% free, 16MB/28MB, paused 240us total 9.239ms
I/Zygote  ( 4358): ...preloaded 41 resources in 19ms.
I/art     ( 4358): Counter: 0
D/libEGL  ( 4358): loaded /vendor/lib/egl/libGLES_mali.so
I/Zygote  ( 4358): Preloading shared libraries...
D/Zygote  ( 4358): end preload
I/art     ( 4358): Explicit concurrent mark sweep GC freed 461(21KB) AllocSpace objects, 0(0B) LOS objects, 40% free, 16MB/28MB, paused 213us total 9.062ms
I/art     ( 4358): Explicit concurrent mark sweep GC freed 41(1568B) AllocSpace objects, 0(0B) LOS objects, 40% free, 16MB/28MB, paused 219us total 8.620ms
I/art     ( 4358): Explicit concurrent mark sweep GC freed 5(160B) AllocSpace objects, 0(0B) LOS objects, 40% free, 16MB/28MB, paused 205us total 8.700ms
I/Zygote  ( 4358): System server process 4516 has been created
I/Zygote  ( 4358): Accepting command socket connections
I/InstallerConnection( 4516): disconnecting...
I/SystemServer( 4516): Entered the Android system server!
V/Fingerprint-JNI( 4516): FingerprintManager JNI ready.
I/        ( 4516): System server: starting sensor init.
D/SensorService( 4516): nuSensorService starting...
E/Sensors ( 4516): GeoMagneticSensor, ERROR dev_num = -19
I/Sensors ( 4516): Proximity old sensor_state 0, new sensor_state : 128 en : 1
I/SystemServiceManager( 4516): Starting com.android.server.pm.Installer
I/Installer( 4516): Waiting for installd to be ready.
I/InstallerConnection( 4516): connecting...
I/installd( 3694): new connection
I/SystemServiceManager( 4516): Starting com.android.server.am.ActivityManagerService$Lifecycle
I/Sensors ( 4516): Light old sensor_state 128, new sensor_state : 640 en : 1
E/Sensors ( 4516): UncalMagneticSensor, ERROR dev_num = -19
I/Sensors ( 4516): SigMotionSensor old sensor_state 640, new sensor_state : 8832 en : 1
E/Sensors ( 4516): UncalGyroSensor, ERROR dev_num = -19
E/Sensors ( 4516): GameRotationVector, ERROR dev_num = -19
I/Sensors ( 4516): StepCounterSensor old sensor_state 8832, new sensor_state : 139904 en : 1
D/Sensors ( 4516): HrmSpO2Sensor::HrmSpO2Sensor: Shared version Registered 
E/SensorService( 4516): >>>> WARNING <<< Upgrade sensor HAL to version 1_3
I/Sensors ( 4516): Proximity old sensor_state 139904, new sensor_state : 139776 en : 0
I/ActivityManager( 4516): Memory class: 192
I/Sensors ( 4516): Light old sensor_state 139776, new sensor_state : 139264 en : 0
I/Sensors ( 4516): StepCounterSensor old sensor_state 139264, new sensor_state : 8192 en : 0
I/ServiceThread( 4516): Enabled StrictMode logging for ActivityManager looper.
I/Sensors ( 4516): SigMotionSensor old sensor_state 8192, new sensor_state : 0 en : 0
I/Sensors ( 4516): HrmSpO2Sensor::enable, handle(16), en(0), what(1/0:aosphrm,1:sshrm, old enabled : 0)
I/Sensors ( 4516): HrmSpO2Sensor is already disabled or have to keep enabled, mEnabled : 0x0, en : 0
I/Sensors ( 4516): HrmSpO2Sensor::enable, handle(17), en(0), what(0/0:aosphrm,1:sshrm, old enabled : 0)
I/Sensors ( 4516): HrmSpO2Sensor is already disabled or have to keep enabled, mEnabled : 0x0, en : 0
I/Sensors ( 4516): HrmSpO2Sensor::enable, handle(18), en(0), what(2/0:aosphrm,1:sshrm, old enabled : 0)
I/Sensors ( 4516): HrmSpO2Sensor is already disabled or have to keep enabled, mEnabled : 0x0, en : 0
I/        ( 4516): System server: sensor init done.
D/SensorService( 4516): nuSensorService thread starting...
D/SensorService( 4516): new thread SensorEventAckReceiver
I/AppOps  ( 4516): No existing app ops /data/system/appops.xml; starting empty
W/ProcessCpuTracker( 4516): Skipping unknown process pid 4558
I/IntentFirewall( 4516): Read new rules (A:0 B:0 S:0)
I/ServiceThread( 4516): Enabled StrictMode logging for android.ui looper.
I/ServiceThread( 4516): Enabled StrictMode logging for android.display looper.
D/AppOps  ( 4516): AppOpsService published
I/SystemServiceManager( 4516): Starting com.android.server.power.PowerManagerService
I/ServiceThread( 4516): Enabled StrictMode logging for PowerManagerService looper.
D/SEC PowerHAL( 4516): sysfs_write +: /sys/devices/system/cpu/cpu0/cpufreq/interactive/multi_enter_load: 800
D/SEC PowerHAL( 4516): sysfs_write -: /sys/devices/system/cpu/cpu0/cpufreq/interactive/multi_enter_load: 800
D/SEC PowerHAL( 4516): sysfs_write +: /sys/devices/system/cpu/cpu0/cpufreq/interactive/single_enter_load: 200
D/SEC PowerHAL( 4516): sysfs_write -: /sys/devices/system/cpu/cpu0/cpufreq/interactive/single_enter_load: 200
D/SEC PowerHAL( 4516): sysfs_write +: /sys/devices/system/cpu/cpu0/cpufreq/interactive/param_index: 0
D/SEC PowerHAL( 4516): sysfs_write -: /sys/devices/system/cpu/cpu0/cpufreq/interactive/param_index: 0
D/SEC PowerHAL( 4516): sysfs_write +: /sys/devices/system/cpu/cpu0/cpufreq/interactive/timer_rate: 20000
D/SEC PowerHAL( 4516): sysfs_write -: /sys/devices/system/cpu/cpu0/cpufreq/interactive/timer_rate: 20000
D/SEC PowerHAL( 4516): sysfs_write +: /sys/devices/system/cpu/cpu0/cpufreq/interactive/timer_slack: 20000
D/SEC PowerHAL( 4516): sysfs_write -: /sys/devices/system/cpu/cpu0/cpufreq/interactive/timer_slack: 20000
D/SEC PowerHAL( 4516): sysfs_write +: /sys/devices/system/cpu/cpu0/cpufreq/interactive/min_sample_time: 40000
D/SEC PowerHAL( 4516): sysfs_write -: /sys/devices/system/cpu/cpu0/cpufreq/interactive/min_sample_time: 40000
D/SEC PowerHAL( 4516): sysfs_write +: /sys/devices/system/cpu/cpu0/cpufreq/interactive/hispeed_freq: 1000000
D/SEC PowerHAL( 4516): sysfs_write -: /sys/devices/system/cpu/cpu0/cpufreq/interactive/hispeed_freq: 1000000
D/SEC PowerHAL( 4516): sysfs_write +: /sys/devices/system/cpu/cpu0/cpufreq/interactive/go_hispeed_load: 99
D/SEC PowerHAL( 4516): sysfs_write -: /sys/devices/system/cpu/cpu0/cpufreq/interactive/go_hispeed_load: 99
D/SEC PowerHAL( 4516): sysfs_write +: /sys/devices/system/cpu/cpu0/cpufreq/interactive/target_loads: 70
D/SEC PowerHAL( 4516): sysfs_write -: /sys/devices/system/cpu/cpu0/cpufreq/interactive/target_loads: 70
D/SEC PowerHAL( 4516): sysfs_write +: /sys/devices/system/cpu/cpu0/cpufreq/interactive/above_hispeed_delay: 19000
D/SEC PowerHAL( 4516): sysfs_write -: /sys/devices/system/cpu/cpu0/cpufreq/interactive/above_hispeed_delay: 19000
D/SEC PowerHAL( 4516): sysfs_write +: /sys/devices/system/cpu/cpu0/cpufreq/interactive/boostpulse_duration: 40000
D/SEC PowerHAL( 4516): sysfs_write -: /sys/devices/system/cpu/cpu0/cpufreq/interactive/boostpulse_duration: 40000
D/SEC PowerHAL( 4516): sysfs_write +: /sys/devices/system/cpu/cpu4/cpufreq/interactive/multi_enter_load: 360
D/SEC PowerHAL( 4516): sysfs_write -: /sys/devices/system/cpu/cpu4/cpufreq/interactive/multi_enter_load: 360
D/SEC PowerHAL( 4516): sysfs_write +: /sys/devices/system/cpu/cpu4/cpufreq/interactive/multi_enter_time: 99000
D/SEC PowerHAL( 4516): sysfs_write -: /sys/devices/system/cpu/cpu4/cpufreq/interactive/multi_enter_time: 99000
D/SEC PowerHAL( 4516): sysfs_write +: /sys/devices/system/cpu/cpu4/cpufreq/interactive/multi_exit_load: 240
D/SEC PowerHAL( 4516): sysfs_write -: /sys/devices/system/cpu/cpu4/cpufreq/interactive/multi_exit_load: 240
D/SEC PowerHAL( 4516): sysfs_write +: /sys/devices/system/cpu/cpu4/cpufreq/interactive/multi_exit_time: 299000
D/SEC PowerHAL( 4516): sysfs_write -: /sys/devices/system/cpu/cpu4/cpufreq/interactive/multi_exit_time: 299000
D/SEC PowerHAL( 4516): sysfs_write +: /sys/devices/system/cpu/cpu4/cpufreq/interactive/single_enter_load: 95
D/SEC PowerHAL( 4516): sysfs_write -: /sys/devices/system/cpu/cpu4/cpufreq/interactive/single_enter_load: 95
D/SEC PowerHAL( 4516): sysfs_write +: /sys/devices/system/cpu/cpu4/cpufreq/interactive/single_enter_time: 199000
D/SEC PowerHAL( 4516): sysfs_write -: /sys/devices/system/cpu/cpu4/cpufreq/interactive/single_enter_time: 199000
D/SEC PowerHAL( 4516): sysfs_write +: /sys/devices/system/cpu/cpu4/cpufreq/interactive/single_exit_load: 60
D/SEC PowerHAL( 4516): sysfs_write -: /sys/devices/system/cpu/cpu4/cpufreq/interactive/single_exit_load: 60
D/SEC PowerHAL( 4516): sysfs_write +: /sys/devices/system/cpu/cpu4/cpufreq/interactive/single_exit_time: 99000
D/SEC PowerHAL( 4516): sysfs_write -: /sys/devices/system/cpu/cpu4/cpufreq/interactive/single_exit_time: 99000
D/SEC PowerHAL( 4516): sysfs_write +: /sys/devices/system/cpu/cpu4/cpufreq/interactive/param_index: 0
D/SEC PowerHAL( 4516): sysfs_write -: /sys/devices/system/cpu/cpu4/cpufreq/interactive/param_index: 0
D/SEC PowerHAL( 4516): sysfs_write +: /sys/devices/system/cpu/cpu4/cpufreq/interactive/timer_rate: 20000
D/SEC PowerHAL( 4516): sysfs_write -: /sys/devices/system/cpu/cpu4/cpufreq/interactive/timer_rate: 20000
D/SEC PowerHAL( 4516): sysfs_write +: /sys/devices/system/cpu/cpu4/cpufreq/interactive/timer_slack: 20000
D/SEC PowerHAL( 4516): sysfs_write -: /sys/devices/system/cpu/cpu4/cpufreq/interactive/timer_slack: 20000
D/SEC PowerHAL( 4516): sysfs_write +: /sys/devices/system/cpu/cpu4/cpufreq/interactive/min_sample_time: 40000
D/SEC PowerHAL( 4516): sysfs_write -: /sys/devices/system/cpu/cpu4/cpufreq/interactive/min_sample_time: 40000
D/SEC PowerHAL( 4516): sysfs_write +: /sys/devices/system/cpu/cpu4/cpufreq/interactive/hispeed_freq: 1000000
D/SEC PowerHAL( 4516): sysfs_write -: /sys/devices/system/cpu/cpu4/cpufreq/interactive/hispeed_freq: 1000000
D/SEC PowerHAL( 4516): sysfs_write +: /sys/devices/system/cpu/cpu4/cpufreq/interactive/go_hispeed_load: 99
D/SEC PowerHAL( 4516): sysfs_write -: /sys/devices/system/cpu/cpu4/cpufreq/interactive/go_hispeed_load: 99
D/SEC PowerHAL( 4516): sysfs_write +: /sys/devices/system/cpu/cpu4/cpufreq/interactive/target_loads: 75 1500000:80 1700000:85 1800000:90
D/SEC PowerHAL( 4516): sysfs_write -: /sys/devices/system/cpu/cpu4/cpufreq/interactive/target_loads: 75 1500000:80 1700000:85 1800000:90
D/SEC PowerHAL( 4516): sysfs_write +: /sys/devices/system/cpu/cpu4/cpufreq/interactive/above_hispeed_delay: 19000 1100000:99000 1200000:119000 1700000:19000
D/SEC PowerHAL( 4516): sysfs_write -: /sys/devices/system/cpu/cpu4/cpufreq/interactive/above_hispeed_delay: 19000 1100000:99000 1200000:119000 1700000:19000
D/SEC PowerHAL( 4516): sysfs_write +: /sys/devices/system/cpu/cpu4/cpufreq/interactive/boostpulse_duration: 40000
D/SEC PowerHAL( 4516): sysfs_write -: /sys/devices/system/cpu/cpu4/cpufreq/interactive/boostpulse_duration: 40000
D/SEC PowerHAL( 4516): sysfs_write +: /sys/devices/system/cpu/cpu4/cpufreq/interactive/param_index: 1
D/SEC PowerHAL( 4516): sysfs_write -: /sys/devices/system/cpu/cpu4/cpufreq/interactive/param_index: 1
D/SEC PowerHAL( 4516): sysfs_write +: /sys/devices/system/cpu/cpu4/cpufreq/interactive/timer_rate: 20000
D/SEC PowerHAL( 4516): sysfs_write -: /sys/devices/system/cpu/cpu4/cpufreq/interactive/timer_rate: 20000
D/SEC PowerHAL( 4516): sysfs_write +: /sys/devices/system/cpu/cpu4/cpufreq/interactive/min_sample_time: 59000
D/SEC PowerHAL( 4516): sysfs_write -: /sys/devices/system/cpu/cpu4/cpufreq/interactive/min_sample_time: 59000
D/SEC PowerHAL( 4516): sysfs_write +: /sys/devices/system/cpu/cpu4/cpufreq/interactive/hispeed_freq: 1200000
D/SEC PowerHAL( 4516): sysfs_write -: /sys/devices/system/cpu/cpu4/cpufreq/interactive/hispeed_freq: 1200000
D/SEC PowerHAL( 4516): sysfs_write +: /sys/devices/system/cpu/cpu4/cpufreq/interactive/go_hispeed_load: 95
D/SEC PowerHAL( 4516): sysfs_write -: /sys/devices/system/cpu/cpu4/cpufreq/interactive/go_hispeed_load: 95
D/SEC PowerHAL( 4516): sysfs_write +: /sys/devices/system/cpu/cpu4/cpufreq/interactive/target_loads: 65 1400000:68 1700000:73
D/SEC PowerHAL( 4516): sysfs_write -: /sys/devices/system/cpu/cpu4/cpufreq/interactive/target_loads: 65 1400000:68 1700000:73
D/SEC PowerHAL( 4516): sysfs_write +: /sys/devices/system/cpu/cpu4/cpufreq/interactive/above_hispeed_delay: 19000
D/SEC PowerHAL( 4516): sysfs_write -: /sys/devices/system/cpu/cpu4/cpufreq/interactive/above_hispeed_delay: 19000
D/SEC PowerHAL( 4516): sysfs_write +: /sys/devices/system/cpu/cpu4/cpufreq/interactive/param_index: 2
D/SEC PowerHAL( 4516): sysfs_write -: /sys/devices/system/cpu/cpu4/cpufreq/interactive/param_index: 2
D/SEC PowerHAL( 4516): sysfs_write +: /sys/devices/system/cpu/cpu4/cpufreq/interactive/timer_rate: 20000
D/SEC PowerHAL( 4516): sysfs_write -: /sys/devices/system/cpu/cpu4/cpufreq/interactive/timer_rate: 20000
D/SEC PowerHAL( 4516): sysfs_write +: /sys/devices/system/cpu/cpu4/cpufreq/interactive/min_sample_time: 79000
D/SEC PowerHAL( 4516): sysfs_write -: /sys/devices/system/cpu/cpu4/cpufreq/interactive/min_sample_time: 79000
D/SEC PowerHAL( 4516): sysfs_write +: /sys/devices/system/cpu/cpu4/cpufreq/interactive/hispeed_freq: 1400000
D/SEC PowerHAL( 4516): sysfs_write -: /sys/devices/system/cpu/cpu4/cpufreq/interactive/hispeed_freq: 1400000
D/SEC PowerHAL( 4516): sysfs_write +: /sys/devices/system/cpu/cpu4/cpufreq/interactive/go_hispeed_load: 90
D/SEC PowerHAL( 4516): sysfs_write -: /sys/devices/system/cpu/cpu4/cpufreq/interactive/go_hispeed_load: 90
D/SEC PowerHAL( 4516): sysfs_write +: /sys/devices/system/cpu/cpu4/cpufreq/interactive/target_loads: 60 1300000:63 1500000:65 1700000:70
D/SEC PowerHAL( 4516): sysfs_write -: /sys/devices/system/cpu/cpu4/cpufreq/interactive/target_loads: 60 1300000:63 1500000:65 1700000:70
D/SEC PowerHAL( 4516): sysfs_write +: /sys/devices/system/cpu/cpu4/cpufreq/interactive/above_hispeed_delay: 19000
D/SEC PowerHAL( 4516): sysfs_write -: /sys/devices/system/cpu/cpu4/cpufreq/interactive/above_hispeed_delay: 19000
D/SEC PowerHAL( 4516): sysfs_write +: /sys/devices/system/cpu/cpu4/cpufreq/interactive/param_index: 3
D/SEC PowerHAL( 4516): sysfs_write -: /sys/devices/system/cpu/cpu4/cpufreq/interactive/param_index: 3
D/SEC PowerHAL( 4516): sysfs_write +: /sys/devices/system/cpu/cpu4/cpufreq/interactive/timer_rate: 20000
D/SEC PowerHAL( 4516): sysfs_write -: /sys/devices/system/cpu/cpu4/cpufreq/interactive/timer_rate: 20000
D/SEC PowerHAL( 4516): sysfs_write +: /sys/devices/system/cpu/cpu4/cpufreq/interactive/min_sample_time: 99000
D/SEC PowerHAL( 4516): sysfs_write -: /sys/devices/system/cpu/cpu4/cpufreq/interactive/min_sample_time: 99000
D/SEC PowerHAL( 4516): sysfs_write +: /sys/devices/system/cpu/cpu4/cpufreq/interactive/hispeed_freq: 1600000
D/SEC PowerHAL( 4516): sysfs_write -: /sys/devices/system/cpu/cpu4/cpufreq/interactive/hispeed_freq: 1600000
D/SEC PowerHAL( 4516): sysfs_write +: /sys/devices/system/cpu/cpu4/cpufreq/interactive/go_hispeed_load: 85
D/SEC PowerHAL( 4516): sysfs_write -: /sys/devices/system/cpu/cpu4/cpufreq/interactive/go_hispeed_load: 85
D/SEC PowerHAL( 4516): sysfs_write +: /sys/devices/system/cpu/cpu4/cpufreq/interactive/target_loads: 60 1300000:63 1500000:65 1900000:70
D/SEC PowerHAL( 4516): sysfs_write -: /sys/devices/system/cpu/cpu4/cpufreq/interactive/target_loads: 60 1300000:63 1500000:65 1900000:70
D/SEC PowerHAL( 4516): sysfs_write +: /sys/devices/system/cpu/cpu4/cpufreq/interactive/above_hispeed_delay: 19000
D/SEC PowerHAL( 4516): sysfs_write -: /sys/devices/system/cpu/cpu4/cpufreq/interactive/above_hispeed_delay: 19000
D/SEC PowerHAL( 4516): sysfs_write +: /sys/devices/system/cpu/cpu4/cpufreq/interactive/param_index: 0
D/SEC PowerHAL( 4516): sysfs_write -: /sys/devices/system/cpu/cpu4/cpufreq/interactive/param_index: 0
W/libsuspend( 4516): Error writing 'on' to /sys/power/state: Invalid argument
I/libsuspend( 4516): Selected wakeup count
I/SystemServiceManager( 4516): Starting com.android.server.display.DisplayManagerService
I/SystemServiceManager( 4516): Starting phase 100
I/DisplayManagerService( 4516): Display device added: DisplayDeviceInfo{"Built-in Screen": 1080 x 1920, 60.000004 fps, supportedRefreshRates [60.000004], density 480, 422.03 x 424.069 dpi, appVsyncOff 0, presDeadline 17666666, touch INTERNAL, rotation 0, type BUILT_IN, state UNKNOWN, FLAG_DEFAULT_DISPLAY, FLAG_ROTATES_WITH_CONTENT, FLAG_SECURE, FLAG_SUPPORTS_PROTECTED_BUFFERS}
I/SystemServer( 4516): Package Manager
W/PackageManager( 4516): No security bridge jar found, using default
W/SystemConfig( 4516): No directory /system/etc/sysconfig, skipping
D/BootAnimation( 4342): Use save memory method, maybe small fps in actual.
D/SELinuxMMAC( 4516): Using policy file /system/etc/security/mac_permissions.xml
V/NatController( 4359): runCmd(/system/bin/iptables -F natctrl_FORWARD) res=0
V/NatController( 4359): runCmd(/system/bin/iptables -A natctrl_FORWARD -j DROP) res=0
E/art     ( 4516): DexFile_isDexOptNeeded file '/system/framework/com.android.nfc_extras.jar' does not exist
W/PackageManager( 4516): Library not found: /system/framework/com.android.nfc_extras.jar
V/NatController( 4359): runCmd(/system/bin/iptables -t nat -F natctrl_nat_POSTROUTING) res=0
V/NatController( 4359): runCmd(/system/bin/iptables -t nat -F natctrl_nat_PREROUTING) res=0
V/NatController( 4359): runCmd(/system/bin/iptables -F natctrl_tether_counters) res=0
D/PackageManager( 4516): No files in app dir /vendor/overlay
V/NatController( 4359): runCmd(/system/bin/iptables -X natctrl_tether_counters) res=0
W/PackageManager( 4516): Failed to parse /system/framework/arm: Missing base APK in /system/framework/arm
V/NatController( 4359): runCmd(/system/bin/iptables -N natctrl_tether_counters) res=0
V/NatController( 4359): runCmd(/system/bin/iptables -t mangle -A natctrl_mangle_FORWARD -p tcp --tcp-flags SYN SYN -j TCPMSS --clamp-mss-to-pmtu) res=0
E/MediaPlayerFactory( 4360): calling dlopen on FACTORY_LIB
E/MediaPlayerFactory( 4360): Failed to open FACTORY_LIB Error : dlopen failed: library "libdashplayer.so" not found 
I/CameraService( 4360): CameraService started (pid=4360)
W/ResourceType( 4516): Failure getting entry for 0x7f0b023e (t=10 e=574) (error -75)
W/PackageParser( 4516): No actions in intent filter at /system/priv-app/Contacts/Contacts.apk Binary XML file line #362
W/PackageParser( 4516): No actions in intent filter at /system/priv-app/Dialer/Dialer.apk Binary XML file line #185
E/HAL     ( 4360): load: module=/system/lib/hw/camera.universal5422.so
E/HAL     ( 4360): dlopen failed: could not load library "libexynoscamera.so" needed by "camera.universal5422.so"; caused by cannot locate symbol "_ZN7android16CameraParameters17EFFECT_POINT_BLUEE" referenced by "libexynoscamera.so"...
E/CameraService( 4360): Could not load camera HAL module
I/AudioPolicyService( 4360): AudioPolicyService CSTOR in new mode
I/AudioPolicyManager( 4360): loadAudioPolicyConfig() loaded /system/etc/audio_policy.conf
W/linker  ( 4360): lib_Samsung_AudioZoom_v102.so has text relocations. This is wasting memory and prevents security hardening. Please fix.
E/HAL     ( 4360): load: module=/system/lib/hw/audio.primary.universal5422.so
E/HAL     ( 4360): dlopen failed: cannot locate symbol "mixer_update" referenced by "audio.primary.universal5422.so"...
E/AudioFlinger( 4360): int android::load_audio_interface(const char*, audio_hw_device_t**) couldn't load audio hw module audio.primary (Invalid argument)
I/AudioFlinger( 4360): loadHwModule() error -22 loading module primary 
W/AudioPolicyManager( 4360): could not open HW module primary
I/audio_a2dp_hw( 4360): adev_open:  adev_open in A2dp_hw module
I/AudioFlinger( 4360): loadHwModule() Loaded a2dp audio interface from A2DP Audio HW HAL (audio) handle 1
I/AudioFlinger( 4360): loadHwModule() Loaded usb audio interface from USB audio HW HAL (audio) handle 2
I/r_submix( 4360): adev_open(name=audio_hw_if)
I/r_submix( 4360): adev_init_check()
I/AudioFlinger( 4360): loadHwModule() Loaded r_submix audio interface from Wifi Display audio HAL (audio) handle 3
D/r_submix( 4360): adev_open_input_stream()
D/r_submix( 4360): submix_audio_device_create_pipe()
E/MonoPipe( 4360): Failed to fetch local time frequency when constructing a MonoPipe (res = -32).  getNextWriteTimestamp calls will be non-functional
I/iptables( 4359): iptables: Chain already exists.
I/iptables( 4359): iptables terminated by exit(1)
E/BandwidthController( 4359): runIptablesCmd(): res=1 status=256 failed /system/bin/iptables -N bw_VIDEOCALL
W/ResourceType( 4516): Failure getting entry for 0x7f08033e (t=7 e=830) (error -75)
I/ip6tables( 4359): ip6tables: Chain already exists.
I/ip6tables( 4359): ip6tables terminated by exit(1)
E/BandwidthController( 4359): runIptablesCmd(): res=1 status=256 failed /system/bin/ip6tables -N bw_VIDEOCALL
W/PackageParser( 4516): No actions in intent filter at /system/app/Bluetooth/Bluetooth.apk Binary XML file line #229
W/PackageParser( 4516): No actions in intent filter at /system/app/CMFileManager/CMFileManager.apk Binary XML file line #155
W/PackageParser( 4516): Unknown element under <application>: permission at /system/app/Gallery2/Gallery2.apk Binary XML file line #273
W/PackageParser( 4516): Unknown element under <application>: permission at /system/app/Gallery2/Gallery2.apk Binary XML file line #276
D/MDnsDS  ( 4359): MDnsSdListener::Hander starting up
D/MDnsDS  ( 4359): MDnsSdListener starting to monitor
D/MDnsDS  ( 4359): Going to poll with pollCount 1
W/PackageManager( 4516): Failed to parse /system/app/mcRegistry: Missing base APK in /system/app/mcRegistry
D/PackageManager( 4516): No files in app dir /system/vendor/app
D/PackageManager( 4516): No files in app dir /oem/app
D/PackageManager( 4516): No files in app dir /vendor/bundled-app
W/PackageManager( 4516): Failed to parse /data/app/mcRegistry: No packages found in split
D/PackageManager( 4516): No files in app dir /data/app-private
W/PackageManager( 4516): Package com.android.gallery3d desires unavailable shared library com.google.android.media.effects; ignoring!
W/PackageManager( 4516): Package com.android.gallery3d desires unavailable shared library com.google.android.media.effects; ignoring!
E/PackageManager( 4516): updateAllSharedLibrariesLPw failed: Package com.android.dialer requires unavailable shared library com.qualcomm.qti.smartsearch; failing!
W/PackageManager( 4516): Package com.android.calculator2 desires unavailable shared library com.sec.android.app.multiwindow; ignoring!
W/PackageManager( 4516): Package com.android.mms desires unavailable shared library com.qrd.wappush; ignoring!
I/PackageManager( 4516): Adjusting ABI for : com.cyanogenmod.setupwizard to armeabi-v7a
I/PackageManager( 4516): Adjusting ABI for : com.android.inputdevices to armeabi-v7a
I/PackageManager( 4516): Adjusting ABI for : com.android.location.fused to armeabi-v7a
I/PackageManager( 4516): Adjusting ABI for : com.android.providers.settings to armeabi-v7a
I/PackageManager( 4516): Adjusting ABI for : com.android.settings to armeabi-v7a
I/PackageManager( 4516): Adjusting ABI for : com.android.development to armeabi-v7a
I/PackageManager( 4516): Adjusting ABI for : com.android.keychain to armeabi-v7a
I/PackageManager( 4516): Time to scan packages: 0.831 seconds
W/PackageManager( 4516): Unknown permission com.google.android.googleapps.permission.GOOGLE_AUTH.mail in package com.android.calendar
W/PackageManager( 4516): Unknown permission com.qualcomm.permission.USE_PHONE_SERVICE in package com.android.dialer
W/PackageManager( 4516): Unknown permission android.permission.ACCESS_SUPERUSER in package com.cyanogenmod.filemanager
W/PackageManager( 4516): Unknown permission com.cyanogenmod.filemanager.permissions.READ_THEME in package com.cyanogenmod.filemanager
W/PackageManager( 4516): Unknown permission com.cyngn.cmstats.SEND_ANALYTICS in package com.cyanogenmod.setupwizard
W/PackageManager( 4516): Unknown permission com.google.android.gallery3d.permission.PICASA_STORE in package com.android.dreams.phototable
W/PackageManager( 4516): Unknown permission com.google.android.googleapps.permission.GOOGLE_AUTH in package com.android.settings
W/PackageManager( 4516): Unknown permission com.android.launcher.permission.READ_SETTINGS in package com.android.settings
W/PackageManager( 4516): Unknown permission com.android.launcher.permission.WRITE_SETTINGS in package com.android.settings
W/PackageManager( 4516): Not granting permission android.permission.DELETE_PACKAGES to package com.svox.pico (protectionLevel=18 flags=0x8be45)
W/PackageManager( 4516): Unknown permission com.google.android.c2dm.permission.RECEIVE in package org.whispersystems.whisperpush
W/PackageManager( 4516): Not granting permission android.permission.BIND_WALLPAPER to package com.android.camera2 (protectionLevel=18 flags=0x58bc45)
W/PackageManager( 4516): Unknown permission com.google.android.gallery3d.permission.GALLERY_PROVIDER in package com.android.bluetooth
W/PackageManager( 4516): Unknown permission com.android.launcher.permission.READ_SETTINGS in package com.android.onetimeinitializer
W/PackageManager( 4516): Unknown permission com.android.launcher.permission.WRITE_SETTINGS in package com.android.onetimeinitializer
W/PackageManager( 4516): Unknown permission com.google.android.c2dm.permission.RECEIVE in package com.cyanogenmod.account
W/PackageManager( 4516): Not granting permission android.permission.DEVICE_POWER to package com.android.deskclock (protectionLevel=2 flags=0x48be45)
W/PackageManager( 4516): Unknown permission com.android.deskclock.worldclock.permissions.WRITE_DATABASE in package com.android.deskclock
W/PackageManager( 4516): Unknown permission com.google.android.googleapps.permission.GOOGLE_AUTH in package com.android.providers.calendar
W/PackageManager( 4516): Unknown permission com.google.android.googleapps.permission.GOOGLE_AUTH.cl in package com.android.providers.calendar
W/PackageManager( 4516): Not granting permission android.permission.WRITE_MEDIA_STORAGE to package com.android.soundrecorder (protectionLevel=18 flags=0x8be45)
W/PackageManager( 4516): Unknown permission android.permission.INSTALL_DRM in package com.android.mms
W/PackageManager( 4516): Unknown permission com.qualcomm.permission.USE_PHONE_SERVICE in package com.android.mms
W/PackageManager( 4516): Not granting permission android.permission.MANAGE_DOCUMENTS to package com.android.mms (protectionLevel=2 flags=0x4049be65)
W/PackageManager( 4516): Not granting permission android.permission.ACCESS_DOWNLOAD_MANAGER to package com.android.browser (protectionLevel=18 flags=0x49be45)
W/PackageManager( 4516): Not granting permission android.permission.SEND_DOWNLOAD_COMPLETED_INTENTS to package com.android.browser (protectionLevel=2 flags=0x49be45)
W/PackageManager( 4516): Unknown permission com.google.android.googleapps.permission.ACCESS_GOOGLE_PASSWORD in package com.android.development
W/PackageManager( 4516): Unknown permission com.google.android.googleapps.permission.GOOGLE_AUTH in package com.android.development
W/PackageManager( 4516): Unknown permission com.google.android.googleapps.permission.GOOGLE_AUTH.ALL_SERVICES in package com.android.development
W/PackageManager( 4516): Unknown permission com.google.android.googleapps.permission.GOOGLE_AUTH.YouTubeUser in package com.android.development
W/PackageManager( 4516): Unknown permission com.android.launcher.permission.READ_SETTINGS in package com.cyanogenmod.trebuchet
W/PackageManager( 4516): Unknown permission com.android.launcher.permission.WRITE_SETTINGS in package com.cyanogenmod.trebuchet
W/PackageManager( 4516): Unknown permission android.permission.CANCEL_NOTIFICATIONS in package org.cyanogenmod.theme.chooser
V/PackageManager( 4516): Disabling com.google.android.gsf/com.google.android.gsf.update.SystemUpdateActivity
W/PackageManager( 4516): Unable to disable com.google.android.gsf/com.google.android.gsf.update.SystemUpdateActivity
V/PackageManager( 4516): Disabling com.google.android.gsf/com.google.android.gsf.update.SystemUpdateService$Receiver
W/PackageManager( 4516): Unable to disable com.google.android.gsf/com.google.android.gsf.update.SystemUpdateService$Receiver
V/PackageManager( 4516): Disabling com.google.android.gsf/com.google.android.gsf.update.SystemUpdateService$SecretCodeReceiver
W/PackageManager( 4516): Unable to disable com.google.android.gsf/com.google.android.gsf.update.SystemUpdateService$SecretCodeReceiver
V/PackageManager( 4516): Disabling com.google.android.gms/com.google.android.gms.update.SystemUpdateActivity
W/PackageManager( 4516): Unable to disable com.google.android.gms/com.google.android.gms.update.SystemUpdateActivity
V/PackageManager( 4516): Disabling com.google.android.gms/com.google.android.gms.update.SystemUpdateService$Receiver
W/PackageManager( 4516): Unable to disable com.google.android.gms/com.google.android.gms.update.SystemUpdateService$Receiver
V/PackageManager( 4516): Disabling com.google.android.gms/com.google.android.gms.update.SystemUpdateService$ActiveReceiver
W/PackageManager( 4516): Unable to disable com.google.android.gms/com.google.android.gms.update.SystemUpdateService$ActiveReceiver
V/PackageManager( 4516): Disabling com.google.android.gms/com.google.android.gms.update.SystemUpdateService$SecretCodeReceiver
W/PackageManager( 4516): Unable to disable com.google.android.gms/com.google.android.gms.update.SystemUpdateService$SecretCodeReceiver
V/PackageManager( 4516): Enabling com.google.android.gsf/com.google.android.gsf.update.SystemUpdateService
W/PackageManager( 4516): Unable to enable com.google.android.gsf/com.google.android.gsf.update.SystemUpdateService
V/PackageManager( 4516): Enabling com.google.android.gms/com.google.android.gms.update.SystemUpdateService
W/PackageManager( 4516): Unable to enable com.google.android.gms/com.google.android.gms.update.SystemUpdateService
I/art     ( 4516): Explicit concurrent mark sweep GC freed 113063(6MB) AllocSpace objects, 47(752KB) LOS objects, 33% free, 18MB/27MB, paused 938us total 41.268ms
I/SystemServer( 4516): User Service
I/lowmemorykiller( 3668): ActivityManager connected
I/SystemServiceManager( 4516): Starting com.android.server.lights.LightsService
I/SystemServiceManager( 4516): Starting com.android.server.BatteryService
I/SystemServiceManager( 4516): Starting com.android.server.usage.UsageStatsService
I/SystemServiceManager( 4516): Starting com.android.server.webkit.WebViewUpdateService
I/SystemServer( 4516): Reading configuration...
I/SystemServer( 4516): Scheduling Policy
I/SystemServer( 4516): Telephony Registry
I/SystemServer( 4516): Entropy Mixer
I/EntropyMixer( 4516): Added HW RNG output to entropy pool
I/EntropyMixer( 4516): Writing entropy...
I/SystemServer( 4516): Account Manager
I/SystemServer( 4516): Content Manager
I/SystemServer( 4516): System Content Providers
W/ActivityManager( 4516): Can't addPackageDependency on system process
W/CoreSettingsObserver( 4516): Cannot find setting "debug_view_attributes"
W/CoreSettingsObserver( 4516): android.provider.Settings$SettingNotFoundException: debug_view_attributes
W/CoreSettingsObserver( 4516): 	at android.provider.Settings$Global.getInt(Settings.java:8060)
W/CoreSettingsObserver( 4516): 	at com.android.server.am.CoreSettingsObserver.populateSettings(CoreSettingsObserver.java:129)
W/CoreSettingsObserver( 4516): 	at com.android.server.am.CoreSettingsObserver.sendCoreSettings(CoreSettingsObserver.java:82)
W/CoreSettingsObserver( 4516): 	at com.android.server.am.CoreSettingsObserver.<init>(CoreSettingsObserver.java:65)
W/CoreSettingsObserver( 4516): 	at com.android.server.am.ActivityManagerService.installSystemProviders(ActivityManagerService.java:9976)
W/CoreSettingsObserver( 4516): 	at com.android.server.SystemServer.startOtherServices(SystemServer.java:482)
W/CoreSettingsObserver( 4516): 	at com.android.server.SystemServer.run(SystemServer.java:284)
W/CoreSettingsObserver( 4516): 	at com.android.server.SystemServer.main(SystemServer.java:185)
W/CoreSettingsObserver( 4516): 	at java.lang.reflect.Method.invoke(Native Method)
W/CoreSettingsObserver( 4516): 	at java.lang.reflect.Method.invoke(Method.java:372)
W/CoreSettingsObserver( 4516): 	at com.android.internal.os.ZygoteInit$MethodAndArgsCaller.run(ZygoteInit.java:898)
W/CoreSettingsObserver( 4516): 	at com.android.internal.os.ZygoteInit.main(ZygoteInit.java:693)
I/SystemServer( 4516): Vibrator Service
I/SystemServer( 4516): Consumer IR Service
I/SystemServiceManager( 4516): Starting com.android.server.AlarmManagerService
I/SystemServer( 4516): Init Watchdog
I/SystemServer( 4516): Input Manager
I/InputManager( 4516): Initializing input manager, mUseDevInputEventForAudioJack=false
I/SystemServer( 4516): Window Manager
I/WindowManager( 4516): No existing display settings /data/system/display_settings.xml; starting empty
W/Settings( 4516): Setting dev_force_show_navbar has moved from android.provider.Settings.System to android.provider.Settings.Secure, returning Secure URI.
I/InputManager( 4516): Starting input manager
I/SystemServer( 4516): Bluetooth Manager Service
D/BluetoothManagerService( 4516): Loading stored name and address
D/BluetoothManagerService( 4516): Stored bluetooth Name=null,Address=null
I/SystemServer( 4516): Input Method Service
D/EventHub( 4516): No input device configuration file found for device 'hrm_sensor'.
W/InputMethodManagerService( 4516): Couldn't create dir.: /data/system/inputmethod
W/InputMethodManagerService( 4516): No IME selected. Choose the most applicable IME.
I/InputMethodManagerService( 4516): No default found, using com.android.inputmethod.latin/.LatinIME
I/SystemServer( 4516): Accessibility Manager
I/ActivityManager( 4516): Config changes=1df8 {1.0 ?mcc?mnc en_US ldltr sw360dp w360dp h640dp 480dpi nrml long port ?uimode ?night -touch -keyb/h/h -nav/h s.2 themeResource=null}
D/EventHub( 4516): No input device configuration file found for device 'ssp_context'.
I/UsageStatsService( 4516): User[0] Rollover scheduled @ 2015-07-16 00:00:00(1437004800000)
I/ActivityManager( 4516): Config changes=400 {1.0 ?mcc?mnc en_US ldltr sw360dp w360dp h615dp 480dpi nrml long port ?uimode ?night -touch -keyb/h/h -nav/h s.3 themeResource=null}
I/SystemServer( 4516): Mount Service
D/MountService( 4516): got storage path: /storage/sdcard0 description: Internal storage primary: true removable: false emulated: true mtpReserve: 100 allowMassStorage: false maxFileSize: 0
D/MountService( 4516): addVolumeLocked() StorageVolume:
D/MountService( 4516):     mStorageId=65537 mPath=/storage/emulated/0 mDescriptionId=17040999 
D/MountService( 4516):     mPrimary=true mRemovable=false mEmulated=true mMtpReserveSpace=100 
D/MountService( 4516):     mAllowMassStorage=false mMaxFileSize=0 mOwner=UserHandle{0} mUuid=null 
D/MountService( 4516):     mUserLabel=null mState=null 
D/MountService( 4516): got storage path: /storage/sdcard1 description: SD card primary: false removable: true emulated: false mtpReserve: 0 allowMassStorage: true maxFileSize: 0
D/MountService( 4516): addVolumeLocked() StorageVolume:
D/MountService( 4516):     mStorageId=0 mPath=/storage/sdcard1 mDescriptionId=17041000 mPrimary=false 
D/MountService( 4516):     mRemovable=true mEmulated=false mMtpReserveSpace=0 mAllowMassStorage=true 
D/MountService( 4516):     mMaxFileSize=0 mOwner=null mUuid=null mUserLabel=null mState=null 
D/MountService( 4516): got storage path: /storage/usbdisk description: USB storage primary: false removable: true emulated: false mtpReserve: 0 allowMassStorage: false maxFileSize: 0
D/MountService( 4516): addVolumeLocked() StorageVolume:
D/MountService( 4516):     mStorageId=0 mPath=/storage/usbdisk mDescriptionId=17041001 mPrimary=false 
D/MountService( 4516):     mRemovable=true mEmulated=false mMtpReserveSpace=0 mAllowMassStorage=false 
D/MountService( 4516):     mMaxFileSize=0 mOwner=null mUuid=null mUserLabel=null mState=null 
I/AudioFlinger( 4360): AudioFlinger's thread 0xb61ba000 ready to run
D/r_submix( 4360): adev_close_input_stream()
D/r_submix( 4360): submix_audio_device_release_pipe()
D/r_submix( 4360): submix_audio_device_destroy_pipe(): pipe destroyed
W/AudioPolicyManager( 4360): Input device 00000001 unreachable
W/AudioPolicyManager( 4360): Input device 00000002 unreachable
W/AudioPolicyManager( 4360): Input device 80000004 unreachable
W/AudioPolicyManager( 4360): Input device 80000080 unreachable
W/AudioPolicyManager( 4360): Input device 80000040 unreachable
E/AudioPolicyManager( 4360): Default device 00000002 is unreachable
E/AudioPolicyManager( 4360): Failed to open primary output
E/AudioPolicyManager( 4360): getDeviceForStrategy() speaker device not found for STRATEGY_SONIFICATION
E/AudioPolicyManager( 4360): getDeviceForStrategy() speaker device not found for STRATEGY_SONIFICATION
E/SoundTriggerHwService( 4360): couldn't load sound trigger module sound_trigger.primary (No such file or directory)
I/SystemServer( 4516): LockSettingsService
I/SystemServiceManager( 4516): Starting com.android.server.devicepolicy.DevicePolicyManagerService$Lifecycle
D/EventHub( 4516): No input device configuration file found for device 'meta_event'.
E/MountService( 4516): Error processing initial volume state
E/MountService( 4516): java.lang.NullPointerException: Attempt to invoke virtual method 'java.lang.String android.os.storage.StorageVolume.getPath()' on a null object reference
E/MountService( 4516): 	at com.android.server.MountService.updatePublicVolumeState(MountService.java:752)
E/MountService( 4516): 	at com.android.server.MountService.access$1700(MountService.java:119)
E/MountService( 4516): 	at com.android.server.MountService$3.run(MountService.java:860)
I/PackageManager( 4516): No secure containers found
W/PackageManager( 4516): Unknown permission com.google.android.googleapps.permission.GOOGLE_AUTH.mail in package com.android.calendar
W/PackageManager( 4516): Unknown permission com.qualcomm.permission.USE_PHONE_SERVICE in package com.android.dialer
W/PackageManager( 4516): Unknown permission android.permission.ACCESS_SUPERUSER in package com.cyanogenmod.filemanager
W/PackageManager( 4516): Unknown permission com.cyanogenmod.filemanager.permissions.READ_THEME in package com.cyanogenmod.filemanager
W/PackageManager( 4516): Unknown permission com.cyngn.cmstats.SEND_ANALYTICS in package com.cyanogenmod.setupwizard
