--------- beginning of main
I/cm      (    0): ____ _   _ ____ _  _ ____ ____ ____ _  _ _  _ ____ ___ 
W/auditd  ( 3689): type=2000 audit(0.0:1): initialized
W/auditd  ( 3689): type=1325 audit(0.0:2): table=filter family=2 entries=0
W/auditd  ( 3689): type=1325 audit(0.0:3): table=mangle family=2 entries=0
W/auditd  ( 3689): type=1325 audit(0.0:4): table=nat family=2 entries=0
W/auditd  ( 3689): type=1325 audit(0.0:5): table=raw family=2 entries=0
W/auditd  ( 3689): type=1325 audit(0.0:6): table=security family=2 entries=0
W/auditd  ( 3689): type=1325 audit(0.0:7): table=filter family=3 entries=0
W/auditd  ( 3689): type=1325 audit(0.0:8): table=filter family=10 entries=0
W/auditd  ( 3689): type=1325 audit(0.0:9): table=mangle family=10 entries=0
W/auditd  ( 3689): type=1325 audit(0.0:10): table=raw family=10 entries=0
W/auditd  ( 3689): type=1305 audit(0.0:11): audit_pid=3663 old=0 auid=4294967295 ses=4294967295
W/auditd  ( 3689):  res=1
W/auditd  ( 3689): type=1305 audit(0.0:12): audit_rate_limit=20 old=0 auid=4294967295 ses=4294967295
W/auditd  ( 3689):  res=1
I/cm      ( 3671): |     \_/  |__| |\ | |  | | __ |___ |\ | |\/| |  | |  \ 
I/cm      ( 3681): |___   |   |  | | \| |__| |__] |___ | \| |  | |__| |__/ 
I/DEBUG   ( 3678): debuggerd: Jun 17 2015 15:28:56
--------- beginning of system
I/auditd  ( 3672): Starting up
I/lowmemorykiller( 3665): Using in-kernel low memory killer interface
I/installd( 3683): installd firing up
I/cm      ( 3696): Welcome to Android 5.0.2 / CyanogenMod-12-20150627-UNOFFICIAL-k3gxx 
I/Netd    ( 3675): Netd 1.0 starting
E/Netd    ( 3675): Failed to open /proc/sys/net/ipv6/conf/default/accept_ra_rt_table: No such file or directory
E/Netd    ( 3675): Failed to open /proc/sys/net/ipv6/conf/ip6tnl0/accept_ra_rt_table: No such file or directory
E/Netd    ( 3675): Failed to open /proc/sys/net/ipv6/conf/lo/accept_ra_rt_table: No such file or directory
E/Netd    ( 3675): Failed to open /proc/sys/net/ipv6/conf/rmnet0/accept_ra_rt_table: No such file or directory
E/Netd    ( 3675): Failed to open /proc/sys/net/ipv6/conf/rmnet1/accept_ra_rt_table: No such file or directory
E/Netd    ( 3675): Failed to open /proc/sys/net/ipv6/conf/rmnet2/accept_ra_rt_table: No such file or directory
E/Netd    ( 3675): Failed to open /proc/sys/net/ipv6/conf/rmnet3/accept_ra_rt_table: No such file or directory
E/Netd    ( 3675): Failed to open /proc/sys/net/ipv6/conf/sit0/accept_ra_rt_table: No such file or directory
I/Vold    ( 3669): Vold 2.1 (the revenge) firing up
D/Vold    ( 3669): Volume sdcard1 state changing -1 (Initializing) -> 0 (No-Media)
D/Vold    ( 3669): Volume usbdisk state changing -1 (Initializing) -> 0 (No-Media)
I/Cryptfs ( 3669): Check if PFE is activated on Boot
E/Cryptfs ( 3669): Bad magic for real block device /dev/block/mmcblk0p21
E/Cryptfs ( 3669): Error getting crypt footer and key
I/audit_log( 3672): Previous audit logfile detected, rotating
W/libaudit( 3672): Expected sequence number between user space and kernel space is out of skew, expected 2 got 0
E/audit_rules( 3672): Could not read audit rules /data/misc/audit/audit.rules: No such file or directory
I/keystore( 3684): SELinux: Keystore SELinux is disabled.
I/SurfaceFlinger( 3670): SurfaceFlinger is starting
I/SurfaceFlinger( 3670): SurfaceFlinger's main thread ready to run. Initializing graphics H/W...
D/libEGL  ( 3670): loaded /vendor/lib/egl/libGLES_mali.so
I/        ( 3670): PLATFORM VERSION : JB-MR-2
I/gralloc ( 3670): using (id=)
I/gralloc ( 3670): xres         = 1080 px
I/gralloc ( 3670): yres         = 1920 px
I/gralloc ( 3670): width        = 65 mm (422.030762 dpi)
I/gralloc ( 3670): height       = 115 mm (424.069580 dpi)
I/gralloc ( 3670): refresh rate = 60.00 Hz
D/WVMDrmPlugIn( 3680): WVMDrmPlugin::onGetSupportInfo : 0
D/hwcomposer( 3670): using
D/hwcomposer( 3670): xres         = 1080 px
D/hwcomposer( 3670): yres         = 1920 px
D/hwcomposer( 3670): width        = 65 mm (422.030000 dpi)
D/hwcomposer( 3670): height       = 115 mm (424.069000 dpi)
D/hwcomposer( 3670): refresh rate = 60 Hz
D/libexynosv4l2-subdev( 3670): try node: /dev/v4l-subdev0
D/libexynosv4l2-subdev( 3670): try node: /dev/v4l-subdev1
D/libexynosv4l2-subdev( 3670): try node: /dev/v4l-subdev2
I/libexynosv4l2-subdev( 3670): node found for device s5p-mixer0: /dev/v4l-subdev2
I/libexynosv4l2-subdev( 3670): open subdev device /dev/v4l-subdev2
I/hwcomposer( 3670): PSR info devname = /sys/devices/14400000.fimd_fb/psr_info
I/hwcomposer( 3670): PSR mode is 2(0: video mode, 1: DP PSR mode, 2: MIPI-DSI command mode)
I/SurfaceFlinger( 3670): Using composer version 1.3
I/SurfaceFlinger( 3670): EGL information:
I/SurfaceFlinger( 3670): vendor    : Android
I/SurfaceFlinger( 3670): version   : 1.4 Android META-EGL
I/SurfaceFlinger( 3670): extensions: EGL_KHR_get_all_proc_addresses EGL_ANDROID_presentation_time EGL_KHR_image EGL_KHR_image_base EGL_KHR_gl_texture_2D_image EGL_KHR_gl_texture_cubemap_image EGL_KHR_gl_renderbuffer_image EGL_KHR_fence_sync EGL_KHR_create_context EGL_ANDROID_image_native_buffer EGL_KHR_wait_sync EGL_ANDROID_recordable 
I/SurfaceFlinger( 3670): Client API: OpenGL_ES
I/SurfaceFlinger( 3670): EGLSurface: 8-8-8-8, config=0xb69cf2ac
I/SurfaceFlinger( 3670): OpenGL ES informations:
I/SurfaceFlinger( 3670): vendor    : ARM
I/SurfaceFlinger( 3670): renderer  : Mali-T628
I/SurfaceFlinger( 3670): version   : OpenGL ES 3.0
I/SurfaceFlinger( 3670): extensions: GL_EXT_debug_marker GL_ARM_rgba8 GL_ARM_mali_shader_binary GL_OES_depth24 GL_OES_depth_texture GL_OES_depth_texture_cube_map GL_OES_packed_depth_stencil GL_OES_rgb8_rgba8 GL_EXT_read_format_bgra GL_OES_compressed_paletted_texture GL_OES_compressed_ETC1_RGB8_texture GL_OES_standard_derivatives GL_OES_EGL_image GL_OES_EGL_image_external GL_OES_EGL_sync GL_OES_texture_npot GL_OES_vertex_half_float GL_OES_required_internalformat GL_OES_vertex_array_object GL_OES_mapbuffer GL_EXT_texture_format_BGRA8888 GL_EXT_texture_rg GL_EXT_texture_type_2_10_10_10_REV GL_OES_fbo_render_mipmap GL_OES_element_index_uint GL_EXT_shadow_samplers GL_OES_texture_compression_astc GL_KHR_texture_compression_astc_ldr GL_KHR_texture_compression_astc_hdr GL_KHR_debug GL_EXT_occlusion_query_boolean GL_EXT_blend_minmax GL_EXT_discard_framebuffer GL_OES_get_program_binary GL_OES_texture_3D GL_EXT_texture_storage GL_EXT_multisampled_render_to_texture GL_OES_surfaceless_context GL_ARM_mali_program_binary 
I/SurfaceFlinger( 3670): GL_MAX_TEXTURE_SIZE = 8192
I/SurfaceFlinger( 3670): GL_MAX_VIEWPORT_DIMS = 8192
D/SurfaceFlinger( 3670): Set power mode=2, type=0 flinger=0xb6962000
I/hwcomposer( 3670): int exynos5_blank(hwc_composer_device_1*, int, int):: disp(0), blank(0)
I/hwcomposer( 3670): unblank ioctl failed (display already unblanked)
D/SurfaceFlinger( 3670): SF. shader cache generated - 26 shaders in 53.770374 ms
D/libEGL  ( 3804): loaded /vendor/lib/egl/libGLES_mali.so
I/        ( 3804): PLATFORM VERSION : JB-MR-2
E/BootAnimation( 3804): couldn't find audio_conf.txt
D/BootAnimation( 3804): Use save memory method, maybe small fps in actual.
E/display ( 3670): invalid gralloc handle (at 0x0)
E/display ( 3670): invalid gralloc handle (at 0x0)
E/display ( 3670): invalid gralloc handle (at 0x0)
E/display ( 3670): invalid gralloc handle (at 0x0)
E/display ( 3670): invalid gralloc handle (at 0x0)
E/display ( 3670): invalid gralloc handle (at 0x0)
E/display ( 3670): invalid gralloc handle (at 0x0)
W/SurfaceFlinger( 3670): Ignoring duplicate VSYNC event from HWC (t=5955085875)
E/display ( 3670): invalid gralloc handle (at 0x0)
E/display ( 3670): invalid gralloc handle (at 0x0)
E/display ( 3670): invalid gralloc handle (at 0x0)
E/display ( 3670): invalid gralloc handle (at 0x0)
E/display ( 3670): invalid gralloc handle (at 0x0)
E/display ( 3670): invalid gralloc handle (at 0x0)
E/display ( 3670): invalid gralloc handle (at 0x0)
E/display ( 3670): invalid gralloc handle (at 0x0)
E/display ( 3670): invalid gralloc handle (at 0x0)
E/display ( 3670): invalid gralloc handle (at 0x0)
E/display ( 3670): invalid gralloc handle (at 0x0)
E/display ( 3670): invalid gralloc handle (at 0x0)
W/SurfaceFlinger( 3670): Ignoring duplicate VSYNC event from HWC (t=6410082500)
E/display ( 3670): invalid gralloc handle (at 0x0)
E/display ( 3670): invalid gralloc handle (at 0x0)
E/display ( 3670): invalid gralloc handle (at 0x0)
E/display ( 3670): invalid gralloc handle (at 0x0)
E/display ( 3670): invalid gralloc handle (at 0x0)
E/display ( 3670): invalid gralloc handle (at 0x0)
E/display ( 3670): invalid gralloc handle (at 0x0)
E/display ( 3670): invalid gralloc handle (at 0x0)
E/display ( 3670): invalid gralloc handle (at 0x0)
E/display ( 3670): invalid gralloc handle (at 0x0)
E/display ( 3670): invalid gralloc handle (at 0x0)
E/display ( 3670): invalid gralloc handle (at 0x0)
E/display ( 3670): invalid gralloc handle (at 0x0)
E/display ( 3670): invalid gralloc handle (at 0x0)
E/display ( 3670): invalid gralloc handle (at 0x0)
E/display ( 3670): invalid gralloc handle (at 0x0)
E/display ( 3670): invalid gralloc handle (at 0x0)
E/display ( 3670): invalid gralloc handle (at 0x0)
E/display ( 3670): invalid gralloc handle (at 0x0)
E/display ( 3670): invalid gralloc handle (at 0x0)
E/display ( 3670): invalid gralloc handle (at 0x0)
E/display ( 3670): invalid gralloc handle (at 0x0)
E/display ( 3670): invalid gralloc handle (at 0x0)
E/display ( 3670): invalid gralloc handle (at 0x0)
E/display ( 3670): invalid gralloc handle (at 0x0)
E/display ( 3670): invalid gralloc handle (at 0x0)
E/display ( 3670): invalid gralloc handle (at 0x0)
E/display ( 3670): invalid gralloc handle (at 0x0)
E/display ( 3670): invalid gralloc handle (at 0x0)
E/display ( 3670): invalid gralloc handle (at 0x0)
E/display ( 3670): invalid gralloc handle (at 0x0)
E/display ( 3670): invalid gralloc handle (at 0x0)
E/display ( 3670): invalid gralloc handle (at 0x0)
E/display ( 3670): invalid gralloc handle (at 0x0)
E/display ( 3670): invalid gralloc handle (at 0x0)
E/display ( 3670): invalid gralloc handle (at 0x0)
E/display ( 3670): invalid gralloc handle (at 0x0)
E/display ( 3670): invalid gralloc handle (at 0x0)
E/display ( 3670): invalid gralloc handle (at 0x0)
E/display ( 3670): invalid gralloc handle (at 0x0)
W/SurfaceFlinger( 3670): Ignoring duplicate VSYNC event from HWC (t=7910161042)
E/display ( 3670): invalid gralloc handle (at 0x0)
E/display ( 3670): invalid gralloc handle (at 0x0)
D/BootAnimation( 3804): Use save memory method, maybe small fps in actual.
E/display ( 3670): invalid gralloc handle (at 0x0)
E/display ( 3670): invalid gralloc handle (at 0x0)
E/display ( 3670): invalid gralloc handle (at 0x0)
E/display ( 3670): invalid gralloc handle (at 0x0)
E/display ( 3670): invalid gralloc handle (at 0x0)
E/display ( 3670): invalid gralloc handle (at 0x0)
E/display ( 3670): invalid gralloc handle (at 0x0)
E/display ( 3670): invalid gralloc handle (at 0x0)
E/display ( 3670): invalid gralloc handle (at 0x0)
E/display ( 3670): invalid gralloc handle (at 0x0)
E/display ( 3670): invalid gralloc handle (at 0x0)
E/display ( 3670): invalid gralloc handle (at 0x0)
E/display ( 3670): invalid gralloc handle (at 0x0)
E/display ( 3670): invalid gralloc handle (at 0x0)
E/display ( 3670): invalid gralloc handle (at 0x0)
E/display ( 3670): invalid gralloc handle (at 0x0)
E/display ( 3670): invalid gralloc handle (at 0x0)
E/display ( 3670): invalid gralloc handle (at 0x0)
E/display ( 3670): invalid gralloc handle (at 0x0)
E/display ( 3670): invalid gralloc handle (at 0x0)
E/display ( 3670): invalid gralloc handle (at 0x0)
E/display ( 3670): invalid gralloc handle (at 0x0)
E/display ( 3670): invalid gralloc handle (at 0x0)
E/display ( 3670): invalid gralloc handle (at 0x0)
E/display ( 3670): invalid gralloc handle (at 0x0)
E/display ( 3670): invalid gralloc handle (at 0x0)
E/display ( 3670): invalid gralloc handle (at 0x0)
E/display ( 3670): invalid gralloc handle (at 0x0)
E/display ( 3670): invalid gralloc handle (at 0x0)
E/display ( 3670): invalid gralloc handle (at 0x0)
E/display ( 3670): invalid gralloc handle (at 0x0)
E/display ( 3670): invalid gralloc handle (at 0x0)
E/display ( 3670): invalid gralloc handle (at 0x0)
E/display ( 3670): invalid gralloc handle (at 0x0)
E/display ( 3670): invalid gralloc handle (at 0x0)
E/display ( 3670): invalid gralloc handle (at 0x0)
E/display ( 3670): invalid gralloc handle (at 0x0)
E/display ( 3670): invalid gralloc handle (at 0x0)
E/display ( 3670): invalid gralloc handle (at 0x0)
I/Netd    ( 3822): Netd 1.0 starting
E/Netd    ( 3822): Failed to open /proc/sys/net/ipv6/conf/default/accept_ra_rt_table: No such file or directory
E/Netd    ( 3822): Failed to open /proc/sys/net/ipv6/conf/ip6tnl0/accept_ra_rt_table: No such file or directory
E/Netd    ( 3822): Failed to open /proc/sys/net/ipv6/conf/lo/accept_ra_rt_table: No such file or directory
E/Netd    ( 3822): Failed to open /proc/sys/net/ipv6/conf/rmnet0/accept_ra_rt_table: No such file or directory
E/Netd    ( 3822): Failed to open /proc/sys/net/ipv6/conf/rmnet1/accept_ra_rt_table: No such file or directory
E/Netd    ( 3822): Failed to open /proc/sys/net/ipv6/conf/rmnet2/accept_ra_rt_table: No such file or directory
E/Netd    ( 3822): Failed to open /proc/sys/net/ipv6/conf/rmnet3/accept_ra_rt_table: No such file or directory
E/Netd    ( 3822): Failed to open /proc/sys/net/ipv6/conf/sit0/accept_ra_rt_table: No such file or directory
E/display ( 3670): invalid gralloc handle (at 0x0)
E/display ( 3670): invalid gralloc handle (at 0x0)
E/display ( 3670): invalid gralloc handle (at 0x0)
E/display ( 3670): invalid gralloc handle (at 0x0)
E/display ( 3670): invalid gralloc handle (at 0x0)
E/display ( 3670): invalid gralloc handle (at 0x0)
E/display ( 3670): invalid gralloc handle (at 0x0)
E/display ( 3670): invalid gralloc handle (at 0x0)
E/display ( 3670): invalid gralloc handle (at 0x0)
E/display ( 3670): invalid gralloc handle (at 0x0)
E/display ( 3670): invalid gralloc handle (at 0x0)
E/display ( 3670): invalid gralloc handle (at 0x0)
E/display ( 3670): invalid gralloc handle (at 0x0)
E/display ( 3670): invalid gralloc handle (at 0x0)
E/display ( 3670): invalid gralloc handle (at 0x0)
E/display ( 3670): invalid gralloc handle (at 0x0)
E/display ( 3670): invalid gralloc handle (at 0x0)
E/display ( 3670): invalid gralloc handle (at 0x0)
E/display ( 3670): invalid gralloc handle (at 0x0)
E/display ( 3670): invalid gralloc handle (at 0x0)
E/display ( 3670): invalid gralloc handle (at 0x0)
E/display ( 3670): invalid gralloc handle (at 0x0)
E/display ( 3670): invalid gralloc handle (at 0x0)
E/display ( 3670): invalid gralloc handle (at 0x0)
E/display ( 3670): invalid gralloc handle (at 0x0)
E/display ( 3670): invalid gralloc handle (at 0x0)
E/display ( 3670): invalid gralloc handle (at 0x0)
E/display ( 3670): invalid gralloc handle (at 0x0)
E/display ( 3670): invalid gralloc handle (at 0x0)
E/display ( 3670): invalid gralloc handle (at 0x0)
E/display ( 3670): invalid gralloc handle (at 0x0)
E/display ( 3670): invalid gralloc handle (at 0x0)
E/display ( 3670): invalid gralloc handle (at 0x0)
E/display ( 3670): invalid gralloc handle (at 0x0)
E/display ( 3670): invalid gralloc handle (at 0x0)
E/display ( 3670): invalid gralloc handle (at 0x0)
E/display ( 3670): invalid gralloc handle (at 0x0)
E/display ( 3670): invalid gralloc handle (at 0x0)
E/display ( 3670): invalid gralloc handle (at 0x0)
E/display ( 3670): invalid gralloc handle (at 0x0)
E/display ( 3670): invalid gralloc handle (at 0x0)
E/display ( 3670): invalid gralloc handle (at 0x0)
E/display ( 3670): invalid gralloc handle (at 0x0)
E/display ( 3670): invalid gralloc handle (at 0x0)
E/display ( 3670): invalid gralloc handle (at 0x0)
E/display ( 3670): invalid gralloc handle (at 0x0)
E/display ( 3670): invalid gralloc handle (at 0x0)
E/display ( 3670): invalid gralloc handle (at 0x0)
E/display ( 3670): invalid gralloc handle (at 0x0)
E/display ( 3670): invalid gralloc handle (at 0x0)
E/display ( 3670): invalid gralloc handle (at 0x0)
E/display ( 3670): invalid gralloc handle (at 0x0)
E/display ( 3670): invalid gralloc handle (at 0x0)
E/display ( 3670): invalid gralloc handle (at 0x0)
E/display ( 3670): invalid gralloc handle (at 0x0)
E/display ( 3670): invalid gralloc handle (at 0x0)
E/display ( 3670): invalid gralloc handle (at 0x0)
E/display ( 3670): invalid gralloc handle (at 0x0)
E/display ( 3670): invalid gralloc handle (at 0x0)
E/display ( 3670): invalid gralloc handle (at 0x0)
E/display ( 3670): invalid gralloc handle (at 0x0)
E/display ( 3670): invalid gralloc handle (at 0x0)
E/display ( 3670): invalid gralloc handle (at 0x0)
E/display ( 3670): invalid gralloc handle (at 0x0)
E/display ( 3670): invalid gralloc handle (at 0x0)
E/display ( 3670): invalid gralloc handle (at 0x0)
E/display ( 3670): invalid gralloc handle (at 0x0)
E/display ( 3670): invalid gralloc handle (at 0x0)
E/display ( 3670): invalid gralloc handle (at 0x0)
E/display ( 3670): invalid gralloc handle (at 0x0)
E/display ( 3670): invalid gralloc handle (at 0x0)
E/display ( 3670): invalid gralloc handle (at 0x0)
E/display ( 3670): invalid gralloc handle (at 0x0)
E/display ( 3670): invalid gralloc handle (at 0x0)
E/display ( 3670): invalid gralloc handle (at 0x0)
E/display ( 3670): invalid gralloc handle (at 0x0)
E/display ( 3670): invalid gralloc handle (at 0x0)
E/display ( 3670): invalid gralloc handle (at 0x0)
E/display ( 3670): invalid gralloc handle (at 0x0)
E/display ( 3670): invalid gralloc handle (at 0x0)
E/display ( 3670): invalid gralloc handle (at 0x0)
E/display ( 3670): invalid gralloc handle (at 0x0)
E/display ( 3670): invalid gralloc handle (at 0x0)
E/display ( 3670): invalid gralloc handle (at 0x0)
E/display ( 3670): invalid gralloc handle (at 0x0)
E/display ( 3670): invalid gralloc handle (at 0x0)
E/display ( 3670): invalid gralloc handle (at 0x0)
E/display ( 3670): invalid gralloc handle (at 0x0)
E/display ( 3670): invalid gralloc handle (at 0x0)
E/display ( 3670): invalid gralloc handle (at 0x0)
E/display ( 3670): invalid gralloc handle (at 0x0)
E/display ( 3670): invalid gralloc handle (at 0x0)
E/display ( 3670): invalid gralloc handle (at 0x0)
E/display ( 3670): invalid gralloc handle (at 0x0)
E/display ( 3670): invalid gralloc handle (at 0x0)
E/display ( 3670): invalid gralloc handle (at 0x0)
E/display ( 3670): invalid gralloc handle (at 0x0)
E/display ( 3670): invalid gralloc handle (at 0x0)
E/display ( 3670): invalid gralloc handle (at 0x0)
E/display ( 3670): invalid gralloc handle (at 0x0)
E/display ( 3670): invalid gralloc handle (at 0x0)
E/display ( 3670): invalid gralloc handle (at 0x0)
E/display ( 3670): invalid gralloc handle (at 0x0)
E/display ( 3670): invalid gralloc handle (at 0x0)
E/display ( 3670): invalid gralloc handle (at 0x0)
E/display ( 3670): invalid gralloc handle (at 0x0)
E/display ( 3670): invalid gralloc handle (at 0x0)
E/display ( 3670): invalid gralloc handle (at 0x0)
E/display ( 3670): invalid gralloc handle (at 0x0)
E/display ( 3670): invalid gralloc handle (at 0x0)
E/display ( 3670): invalid gralloc handle (at 0x0)
E/display ( 3670): invalid gralloc handle (at 0x0)
E/display ( 3670): invalid gralloc handle (at 0x0)
E/display ( 3670): invalid gralloc handle (at 0x0)
E/display ( 3670): invalid gralloc handle (at 0x0)
E/display ( 3670): invalid gralloc handle (at 0x0)
E/display ( 3670): invalid gralloc handle (at 0x0)
E/display ( 3670): invalid gralloc handle (at 0x0)
E/display ( 3670): invalid gralloc handle (at 0x0)
E/display ( 3670): invalid gralloc handle (at 0x0)
E/display ( 3670): invalid gralloc handle (at 0x0)
E/display ( 3670): invalid gralloc handle (at 0x0)
E/display ( 3670): invalid gralloc handle (at 0x0)
E/display ( 3670): invalid gralloc handle (at 0x0)
E/display ( 3670): invalid gralloc handle (at 0x0)
E/display ( 3670): invalid gralloc handle (at 0x0)
E/display ( 3670): invalid gralloc handle (at 0x0)
E/display ( 3670): invalid gralloc handle (at 0x0)
E/display ( 3670): invalid gralloc handle (at 0x0)
E/display ( 3670): invalid gralloc handle (at 0x0)
E/display ( 3670): invalid gralloc handle (at 0x0)
E/display ( 3670): invalid gralloc handle (at 0x0)
E/display ( 3670): invalid gralloc handle (at 0x0)
E/display ( 3670): invalid gralloc handle (at 0x0)
E/display ( 3670): invalid gralloc handle (at 0x0)
E/display ( 3670): invalid gralloc handle (at 0x0)
I/Netd    ( 3829): Netd 1.0 starting
E/Netd    ( 3829): Failed to open /proc/sys/net/ipv6/conf/default/accept_ra_rt_table: No such file or directory
E/Netd    ( 3829): Failed to open /proc/sys/net/ipv6/conf/ip6tnl0/accept_ra_rt_table: No such file or directory
E/Netd    ( 3829): Failed to open /proc/sys/net/ipv6/conf/lo/accept_ra_rt_table: No such file or directory
E/Netd    ( 3829): Failed to open /proc/sys/net/ipv6/conf/rmnet0/accept_ra_rt_table: No such file or directory
E/Netd    ( 3829): Failed to open /proc/sys/net/ipv6/conf/rmnet1/accept_ra_rt_table: No such file or directory
E/Netd    ( 3829): Failed to open /proc/sys/net/ipv6/conf/rmnet2/accept_ra_rt_table: No such file or directory
E/Netd    ( 3829): Failed to open /proc/sys/net/ipv6/conf/rmnet3/accept_ra_rt_table: No such file or directory
E/Netd    ( 3829): Failed to open /proc/sys/net/ipv6/conf/sit0/accept_ra_rt_table: No such file or directory
E/display ( 3670): invalid gralloc handle (at 0x0)
E/display ( 3670): invalid gralloc handle (at 0x0)
E/display ( 3670): invalid gralloc handle (at 0x0)
E/display ( 3670): invalid gralloc handle (at 0x0)
E/display ( 3670): invalid gralloc handle (at 0x0)
E/display ( 3670): invalid gralloc handle (at 0x0)
E/display ( 3670): invalid gralloc handle (at 0x0)
E/display ( 3670): invalid gralloc handle (at 0x0)
E/display ( 3670): invalid gralloc handle (at 0x0)
E/display ( 3670): invalid gralloc handle (at 0x0)
E/display ( 3670): invalid gralloc handle (at 0x0)
E/display ( 3670): invalid gralloc handle (at 0x0)
E/display ( 3670): invalid gralloc handle (at 0x0)
E/display ( 3670): invalid gralloc handle (at 0x0)
E/display ( 3670): invalid gralloc handle (at 0x0)
E/display ( 3670): invalid gralloc handle (at 0x0)
E/display ( 3670): invalid gralloc handle (at 0x0)
E/display ( 3670): invalid gralloc handle (at 0x0)
E/display ( 3670): invalid gralloc handle (at 0x0)
E/display ( 3670): invalid gralloc handle (at 0x0)
E/display ( 3670): invalid gralloc handle (at 0x0)
E/display ( 3670): invalid gralloc handle (at 0x0)
E/display ( 3670): invalid gralloc handle (at 0x0)
E/display ( 3670): invalid gralloc handle (at 0x0)
E/display ( 3670): invalid gralloc handle (at 0x0)
E/display ( 3670): invalid gralloc handle (at 0x0)
E/display ( 3670): invalid gralloc handle (at 0x0)
W/SurfaceFlinger( 3670): Ignoring duplicate VSYNC event from HWC (t=15480119709)
E/display ( 3670): invalid gralloc handle (at 0x0)
E/display ( 3670): invalid gralloc handle (at 0x0)
E/display ( 3670): invalid gralloc handle (at 0x0)
E/display ( 3670): invalid gralloc handle (at 0x0)
E/display ( 3670): invalid gralloc handle (at 0x0)
E/display ( 3670): invalid gralloc handle (at 0x0)
E/display ( 3670): invalid gralloc handle (at 0x0)
E/display ( 3670): invalid gralloc handle (at 0x0)
E/display ( 3670): invalid gralloc handle (at 0x0)
E/display ( 3670): invalid gralloc handle (at 0x0)
E/display ( 3670): invalid gralloc handle (at 0x0)
E/display ( 3670): invalid gralloc handle (at 0x0)
E/display ( 3670): invalid gralloc handle (at 0x0)
E/display ( 3670): invalid gralloc handle (at 0x0)
E/display ( 3670): invalid gralloc handle (at 0x0)
E/display ( 3670): invalid gralloc handle (at 0x0)
E/display ( 3670): invalid gralloc handle (at 0x0)
E/display ( 3670): invalid gralloc handle (at 0x0)
E/display ( 3670): invalid gralloc handle (at 0x0)
E/display ( 3670): invalid gralloc handle (at 0x0)
E/display ( 3670): invalid gralloc handle (at 0x0)
E/display ( 3670): invalid gralloc handle (at 0x0)
E/display ( 3670): invalid gralloc handle (at 0x0)
E/display ( 3670): invalid gralloc handle (at 0x0)
E/display ( 3670): invalid gralloc handle (at 0x0)
E/display ( 3670): invalid gralloc handle (at 0x0)
E/display ( 3670): invalid gralloc handle (at 0x0)
E/display ( 3670): invalid gralloc handle (at 0x0)
E/display ( 3670): invalid gralloc handle (at 0x0)
E/display ( 3670): invalid gralloc handle (at 0x0)
E/display ( 3670): invalid gralloc handle (at 0x0)
E/display ( 3670): invalid gralloc handle (at 0x0)
E/display ( 3670): invalid gralloc handle (at 0x0)
E/display ( 3670): invalid gralloc handle (at 0x0)
E/display ( 3670): invalid gralloc handle (at 0x0)
E/display ( 3670): invalid gralloc handle (at 0x0)
E/display ( 3670): invalid gralloc handle (at 0x0)
E/display ( 3670): invalid gralloc handle (at 0x0)
E/display ( 3670): invalid gralloc handle (at 0x0)
E/display ( 3670): invalid gralloc handle (at 0x0)
E/display ( 3670): invalid gralloc handle (at 0x0)
E/display ( 3670): invalid gralloc handle (at 0x0)
E/display ( 3670): invalid gralloc handle (at 0x0)
E/display ( 3670): invalid gralloc handle (at 0x0)
E/display ( 3670): invalid gralloc handle (at 0x0)
E/display ( 3670): invalid gralloc handle (at 0x0)
E/display ( 3670): invalid gralloc handle (at 0x0)
E/display ( 3670): invalid gralloc handle (at 0x0)
E/display ( 3670): invalid gralloc handle (at 0x0)
E/display ( 3670): invalid gralloc handle (at 0x0)
E/display ( 3670): invalid gralloc handle (at 0x0)
E/display ( 3670): invalid gralloc handle (at 0x0)
E/display ( 3670): invalid gralloc handle (at 0x0)
E/display ( 3670): invalid gralloc handle (at 0x0)
E/display ( 3670): invalid gralloc handle (at 0x0)
E/display ( 3670): invalid gralloc handle (at 0x0)
E/display ( 3670): invalid gralloc handle (at 0x0)
E/display ( 3670): invalid gralloc handle (at 0x0)
E/display ( 3670): invalid gralloc handle (at 0x0)
E/display ( 3670): invalid gralloc handle (at 0x0)
E/display ( 3670): invalid gralloc handle (at 0x0)
E/display ( 3670): invalid gralloc handle (at 0x0)
E/display ( 3670): invalid gralloc handle (at 0x0)
E/display ( 3670): invalid gralloc handle (at 0x0)
E/display ( 3670): invalid gralloc handle (at 0x0)
E/display ( 3670): invalid gralloc handle (at 0x0)
E/display ( 3670): invalid gralloc handle (at 0x0)
E/display ( 3670): invalid gralloc handle (at 0x0)
E/display ( 3670): invalid gralloc handle (at 0x0)
E/display ( 3670): invalid gralloc handle (at 0x0)
E/display ( 3670): invalid gralloc handle (at 0x0)
E/display ( 3670): invalid gralloc handle (at 0x0)
E/display ( 3670): invalid gralloc handle (at 0x0)
E/display ( 3670): invalid gralloc handle (at 0x0)
E/display ( 3670): invalid gralloc handle (at 0x0)
E/display ( 3670): invalid gralloc handle (at 0x0)
E/display ( 3670): invalid gralloc handle (at 0x0)
E/display ( 3670): invalid gralloc handle (at 0x0)
E/display ( 3670): invalid gralloc handle (at 0x0)
E/display ( 3670): invalid gralloc handle (at 0x0)
E/display ( 3670): invalid gralloc handle (at 0x0)
E/display ( 3670): invalid gralloc handle (at 0x0)
E/display ( 3670): invalid gralloc handle (at 0x0)
E/display ( 3670): invalid gralloc handle (at 0x0)
E/display ( 3670): invalid gralloc handle (at 0x0)
E/display ( 3670): invalid gralloc handle (at 0x0)
E/display ( 3670): invalid gralloc handle (at 0x0)
E/display ( 3670): invalid gralloc handle (at 0x0)
E/display ( 3670): invalid gralloc handle (at 0x0)
E/display ( 3670): invalid gralloc handle (at 0x0)
E/display ( 3670): invalid gralloc handle (at 0x0)
E/display ( 3670): invalid gralloc handle (at 0x0)
E/display ( 3670): invalid gralloc handle (at 0x0)
E/display ( 3670): invalid gralloc handle (at 0x0)
E/display ( 3670): invalid gralloc handle (at 0x0)
E/display ( 3670): invalid gralloc handle (at 0x0)
E/display ( 3670): invalid gralloc handle (at 0x0)
E/display ( 3670): invalid gralloc handle (at 0x0)
E/display ( 3670): invalid gralloc handle (at 0x0)
E/display ( 3670): invalid gralloc handle (at 0x0)
E/display ( 3670): invalid gralloc handle (at 0x0)
E/display ( 3670): invalid gralloc handle (at 0x0)
E/display ( 3670): invalid gralloc handle (at 0x0)
E/display ( 3670): invalid gralloc handle (at 0x0)
E/display ( 3670): invalid gralloc handle (at 0x0)
E/display ( 3670): invalid gralloc handle (at 0x0)
E/display ( 3670): invalid gralloc handle (at 0x0)
E/display ( 3670): invalid gralloc handle (at 0x0)
I/Netd    ( 3839): Netd 1.0 starting
E/Netd    ( 3839): Failed to open /proc/sys/net/ipv6/conf/default/accept_ra_rt_table: No such file or directory
E/Netd    ( 3839): Failed to open /proc/sys/net/ipv6/conf/ip6tnl0/accept_ra_rt_table: No such file or directory
E/Netd    ( 3839): Failed to open /proc/sys/net/ipv6/conf/lo/accept_ra_rt_table: No such file or directory
E/Netd    ( 3839): Failed to open /proc/sys/net/ipv6/conf/rmnet0/accept_ra_rt_table: No such file or directory
E/Netd    ( 3839): Failed to open /proc/sys/net/ipv6/conf/rmnet1/accept_ra_rt_table: No such file or directory
E/Netd    ( 3839): Failed to open /proc/sys/net/ipv6/conf/rmnet2/accept_ra_rt_table: No such file or directory
E/Netd    ( 3839): Failed to open /proc/sys/net/ipv6/conf/rmnet3/accept_ra_rt_table: No such file or directory
E/Netd    ( 3839): Failed to open /proc/sys/net/ipv6/conf/sit0/accept_ra_rt_table: No such file or directory
E/display ( 3670): invalid gralloc handle (at 0x0)
E/display ( 3670): invalid gralloc handle (at 0x0)
E/display ( 3670): invalid gralloc handle (at 0x0)
E/display ( 3670): invalid gralloc handle (at 0x0)
E/display ( 3670): invalid gralloc handle (at 0x0)
E/display ( 3670): invalid gralloc handle (at 0x0)
E/display ( 3670): invalid gralloc handle (at 0x0)
E/display ( 3670): invalid gralloc handle (at 0x0)
E/display ( 3670): invalid gralloc handle (at 0x0)
E/display ( 3670): invalid gralloc handle (at 0x0)
E/display ( 3670): invalid gralloc handle (at 0x0)
E/display ( 3670): invalid gralloc handle (at 0x0)
E/display ( 3670): invalid gralloc handle (at 0x0)
E/display ( 3670): invalid gralloc handle (at 0x0)
E/display ( 3670): invalid gralloc handle (at 0x0)
E/display ( 3670): invalid gralloc handle (at 0x0)
W/SurfaceFlinger( 3670): Ignoring duplicate VSYNC event from HWC (t=20150297710)
E/display ( 3670): invalid gralloc handle (at 0x0)
E/display ( 3670): invalid gralloc handle (at 0x0)
E/display ( 3670): invalid gralloc handle (at 0x0)
E/display ( 3670): invalid gralloc handle (at 0x0)
W/SurfaceFlinger( 3670): Ignoring duplicate VSYNC event from HWC (t=20285180752)
E/display ( 3670): invalid gralloc handle (at 0x0)
E/display ( 3670): invalid gralloc handle (at 0x0)
E/display ( 3670): invalid gralloc handle (at 0x0)
E/display ( 3670): invalid gralloc handle (at 0x0)
E/display ( 3670): invalid gralloc handle (at 0x0)
E/display ( 3670): invalid gralloc handle (at 0x0)
E/display ( 3670): invalid gralloc handle (at 0x0)
E/display ( 3670): invalid gralloc handle (at 0x0)
E/display ( 3670): invalid gralloc handle (at 0x0)
E/display ( 3670): invalid gralloc handle (at 0x0)
E/display ( 3670): invalid gralloc handle (at 0x0)
E/display ( 3670): invalid gralloc handle (at 0x0)
E/display ( 3670): invalid gralloc handle (at 0x0)
E/display ( 3670): invalid gralloc handle (at 0x0)
E/display ( 3670): invalid gralloc handle (at 0x0)
E/display ( 3670): invalid gralloc handle (at 0x0)
E/display ( 3670): invalid gralloc handle (at 0x0)
E/display ( 3670): invalid gralloc handle (at 0x0)
E/display ( 3670): invalid gralloc handle (at 0x0)
E/display ( 3670): invalid gralloc handle (at 0x0)
E/display ( 3670): invalid gralloc handle (at 0x0)
E/display ( 3670): invalid gralloc handle (at 0x0)
E/display ( 3670): invalid gralloc handle (at 0x0)
E/display ( 3670): invalid gralloc handle (at 0x0)
E/display ( 3670): invalid gralloc handle (at 0x0)
E/display ( 3670): invalid gralloc handle (at 0x0)
E/display ( 3670): invalid gralloc handle (at 0x0)
E/display ( 3670): invalid gralloc handle (at 0x0)
E/display ( 3670): invalid gralloc handle (at 0x0)
E/display ( 3670): invalid gralloc handle (at 0x0)
E/display ( 3670): invalid gralloc handle (at 0x0)
E/display ( 3670): invalid gralloc handle (at 0x0)
E/display ( 3670): invalid gralloc handle (at 0x0)
E/display ( 3670): invalid gralloc handle (at 0x0)
E/display ( 3670): invalid gralloc handle (at 0x0)
E/display ( 3670): invalid gralloc handle (at 0x0)
E/display ( 3670): invalid gralloc handle (at 0x0)
E/display ( 3670): invalid gralloc handle (at 0x0)
E/display ( 3670): invalid gralloc handle (at 0x0)
E/display ( 3670): invalid gralloc handle (at 0x0)
E/display ( 3670): invalid gralloc handle (at 0x0)
E/display ( 3670): invalid gralloc handle (at 0x0)
E/display ( 3670): invalid gralloc handle (at 0x0)
E/display ( 3670): invalid gralloc handle (at 0x0)
E/display ( 3670): invalid gralloc handle (at 0x0)
E/display ( 3670): invalid gralloc handle (at 0x0)
E/display ( 3670): invalid gralloc handle (at 0x0)
E/display ( 3670): invalid gralloc handle (at 0x0)
E/display ( 3670): invalid gralloc handle (at 0x0)
E/display ( 3670): invalid gralloc handle (at 0x0)
E/display ( 3670): invalid gralloc handle (at 0x0)
E/display ( 3670): invalid gralloc handle (at 0x0)
E/display ( 3670): invalid gralloc handle (at 0x0)
E/display ( 3670): invalid gralloc handle (at 0x0)
E/display ( 3670): invalid gralloc handle (at 0x0)
E/display ( 3670): invalid gralloc handle (at 0x0)
E/display ( 3670): invalid gralloc handle (at 0x0)
E/display ( 3670): invalid gralloc handle (at 0x0)
E/display ( 3670): invalid gralloc handle (at 0x0)
E/display ( 3670): invalid gralloc handle (at 0x0)
E/display ( 3670): invalid gralloc handle (at 0x0)
E/display ( 3670): invalid gralloc handle (at 0x0)
E/display ( 3670): invalid gralloc handle (at 0x0)
E/display ( 3670): invalid gralloc handle (at 0x0)
E/display ( 3670): invalid gralloc handle (at 0x0)
E/display ( 3670): invalid gralloc handle (at 0x0)
E/display ( 3670): invalid gralloc handle (at 0x0)
E/display ( 3670): invalid gralloc handle (at 0x0)
E/display ( 3670): invalid gralloc handle (at 0x0)
E/display ( 3670): invalid gralloc handle (at 0x0)
E/display ( 3670): invalid gralloc handle (at 0x0)
E/display ( 3670): invalid gralloc handle (at 0x0)
E/display ( 3670): invalid gralloc handle (at 0x0)
E/display ( 3670): invalid gralloc handle (at 0x0)
E/display ( 3670): invalid gralloc handle (at 0x0)
E/display ( 3670): invalid gralloc handle (at 0x0)
E/display ( 3670): invalid gralloc handle (at 0x0)
E/display ( 3670): invalid gralloc handle (at 0x0)
E/display ( 3670): invalid gralloc handle (at 0x0)
E/display ( 3670): invalid gralloc handle (at 0x0)
E/display ( 3670): invalid gralloc handle (at 0x0)
E/display ( 3670): invalid gralloc handle (at 0x0)
E/display ( 3670): invalid gralloc handle (at 0x0)
E/display ( 3670): invalid gralloc handle (at 0x0)
E/display ( 3670): invalid gralloc handle (at 0x0)
E/display ( 3670): invalid gralloc handle (at 0x0)
E/display ( 3670): invalid gralloc handle (at 0x0)
E/display ( 3670): invalid gralloc handle (at 0x0)
E/display ( 3670): invalid gralloc handle (at 0x0)
E/display ( 3670): invalid gralloc handle (at 0x0)
E/display ( 3670): invalid gralloc handle (at 0x0)
E/display ( 3670): invalid gralloc handle (at 0x0)
E/display ( 3670): invalid gralloc handle (at 0x0)
E/display ( 3670): invalid gralloc handle (at 0x0)
E/display ( 3670): invalid gralloc handle (at 0x0)
E/display ( 3670): invalid gralloc handle (at 0x0)
E/display ( 3670): invalid gralloc handle (at 0x0)
E/display ( 3670): invalid gralloc handle (at 0x0)
E/display ( 3670): invalid gralloc handle (at 0x0)
E/display ( 3670): invalid gralloc handle (at 0x0)
E/display ( 3670): invalid gralloc handle (at 0x0)
E/display ( 3670): invalid gralloc handle (at 0x0)
E/display ( 3670): invalid gralloc handle (at 0x0)
E/display ( 3670): invalid gralloc handle (at 0x0)
E/display ( 3670): invalid gralloc handle (at 0x0)
E/display ( 3670): invalid gralloc handle (at 0x0)
E/display ( 3670): invalid gralloc handle (at 0x0)
E/display ( 3670): invalid gralloc handle (at 0x0)
E/display ( 3670): invalid gralloc handle (at 0x0)
E/display ( 3670): invalid gralloc handle (at 0x0)
E/display ( 3670): invalid gralloc handle (at 0x0)
E/display ( 3670): invalid gralloc handle (at 0x0)
E/display ( 3670): invalid gralloc handle (at 0x0)
E/display ( 3670): invalid gralloc handle (at 0x0)
E/display ( 3670): invalid gralloc handle (at 0x0)
I/Netd    ( 3849): Netd 1.0 starting
E/Netd    ( 3849): Failed to open /proc/sys/net/ipv6/conf/default/accept_ra_rt_table: No such file or directory
E/Netd    ( 3849): Failed to open /proc/sys/net/ipv6/conf/ip6tnl0/accept_ra_rt_table: No such file or directory
E/Netd    ( 3849): Failed to open /proc/sys/net/ipv6/conf/lo/accept_ra_rt_table: No such file or directory
E/Netd    ( 3849): Failed to open /proc/sys/net/ipv6/conf/rmnet0/accept_ra_rt_table: No such file or directory
E/Netd    ( 3849): Failed to open /proc/sys/net/ipv6/conf/rmnet1/accept_ra_rt_table: No such file or directory
E/Netd    ( 3849): Failed to open /proc/sys/net/ipv6/conf/rmnet2/accept_ra_rt_table: No such file or directory
E/Netd    ( 3849): Failed to open /proc/sys/net/ipv6/conf/rmnet3/accept_ra_rt_table: No such file or directory
E/Netd    ( 3849): Failed to open /proc/sys/net/ipv6/conf/sit0/accept_ra_rt_table: No such file or directory
E/display ( 3670): invalid gralloc handle (at 0x0)
E/display ( 3670): invalid gralloc handle (at 0x0)
E/display ( 3670): invalid gralloc handle (at 0x0)
E/display ( 3670): invalid gralloc handle (at 0x0)
E/display ( 3670): invalid gralloc handle (at 0x0)
E/display ( 3670): invalid gralloc handle (at 0x0)
E/display ( 3670): invalid gralloc handle (at 0x0)
E/display ( 3670): invalid gralloc handle (at 0x0)
E/display ( 3670): invalid gralloc handle (at 0x0)
E/display ( 3670): invalid gralloc handle (at 0x0)
E/display ( 3670): invalid gralloc handle (at 0x0)
E/display ( 3670): invalid gralloc handle (at 0x0)
E/display ( 3670): invalid gralloc handle (at 0x0)
E/display ( 3670): invalid gralloc handle (at 0x0)
E/display ( 3670): invalid gralloc handle (at 0x0)
E/display ( 3670): invalid gralloc handle (at 0x0)
E/display ( 3670): invalid gralloc handle (at 0x0)
E/display ( 3670): invalid gralloc handle (at 0x0)
E/display ( 3670): invalid gralloc handle (at 0x0)
E/display ( 3670): invalid gralloc handle (at 0x0)
E/display ( 3670): invalid gralloc handle (at 0x0)
E/display ( 3670): invalid gralloc handle (at 0x0)
E/display ( 3670): invalid gralloc handle (at 0x0)
E/display ( 3670): invalid gralloc handle (at 0x0)
E/display ( 3670): invalid gralloc handle (at 0x0)
E/display ( 3670): invalid gralloc handle (at 0x0)
E/display ( 3670): invalid gralloc handle (at 0x0)
E/display ( 3670): invalid gralloc handle (at 0x0)
E/display ( 3670): invalid gralloc handle (at 0x0)
E/display ( 3670): invalid gralloc handle (at 0x0)
E/display ( 3670): invalid gralloc handle (at 0x0)
E/display ( 3670): invalid gralloc handle (at 0x0)
E/display ( 3670): invalid gralloc handle (at 0x0)
E/display ( 3670): invalid gralloc handle (at 0x0)
E/display ( 3670): invalid gralloc handle (at 0x0)
E/display ( 3670): invalid gralloc handle (at 0x0)
E/display ( 3670): invalid gralloc handle (at 0x0)
E/display ( 3670): invalid gralloc handle (at 0x0)
E/display ( 3670): invalid gralloc handle (at 0x0)
E/display ( 3670): invalid gralloc handle (at 0x0)
E/display ( 3670): invalid gralloc handle (at 0x0)
E/display ( 3670): invalid gralloc handle (at 0x0)
E/display ( 3670): invalid gralloc handle (at 0x0)
E/display ( 3670): invalid gralloc handle (at 0x0)
E/display ( 3670): invalid gralloc handle (at 0x0)
E/display ( 3670): invalid gralloc handle (at 0x0)
E/display ( 3670): invalid gralloc handle (at 0x0)
E/display ( 3670): invalid gralloc handle (at 0x0)
E/display ( 3670): invalid gralloc handle (at 0x0)
E/display ( 3670): invalid gralloc handle (at 0x0)
E/display ( 3670): invalid gralloc handle (at 0x0)
E/display ( 3670): invalid gralloc handle (at 0x0)
E/display ( 3670): invalid gralloc handle (at 0x0)
E/display ( 3670): invalid gralloc handle (at 0x0)
E/display ( 3670): invalid gralloc handle (at 0x0)
E/display ( 3670): invalid gralloc handle (at 0x0)
E/display ( 3670): invalid gralloc handle (at 0x0)
E/display ( 3670): invalid gralloc handle (at 0x0)
E/display ( 3670): invalid gralloc handle (at 0x0)
E/display ( 3670): invalid gralloc handle (at 0x0)
E/display ( 3670): invalid gralloc handle (at 0x0)
E/display ( 3670): invalid gralloc handle (at 0x0)
E/display ( 3670): invalid gralloc handle (at 0x0)
E/display ( 3670): invalid gralloc handle (at 0x0)
E/display ( 3670): invalid gralloc handle (at 0x0)
E/display ( 3670): invalid gralloc handle (at 0x0)
E/display ( 3670): invalid gralloc handle (at 0x0)
E/display ( 3670): invalid gralloc handle (at 0x0)
E/display ( 3670): invalid gralloc handle (at 0x0)
E/display ( 3670): invalid gralloc handle (at 0x0)
E/display ( 3670): invalid gralloc handle (at 0x0)
E/display ( 3670): invalid gralloc handle (at 0x0)
E/display ( 3670): invalid gralloc handle (at 0x0)
E/display ( 3670): invalid gralloc handle (at 0x0)
E/display ( 3670): invalid gralloc handle (at 0x0)
E/display ( 3670): invalid gralloc handle (at 0x0)
E/display ( 3670): invalid gralloc handle (at 0x0)
E/display ( 3670): invalid gralloc handle (at 0x0)
E/display ( 3670): invalid gralloc handle (at 0x0)
E/display ( 3670): invalid gralloc handle (at 0x0)
E/display ( 3670): invalid gralloc handle (at 0x0)
E/display ( 3670): invalid gralloc handle (at 0x0)
E/display ( 3670): invalid gralloc handle (at 0x0)
E/display ( 3670): invalid gralloc handle (at 0x0)
E/display ( 3670): invalid gralloc handle (at 0x0)
E/display ( 3670): invalid gralloc handle (at 0x0)
E/display ( 3670): invalid gralloc handle (at 0x0)
E/display ( 3670): invalid gralloc handle (at 0x0)
E/display ( 3670): invalid gralloc handle (at 0x0)
E/display ( 3670): invalid gralloc handle (at 0x0)
E/display ( 3670): invalid gralloc handle (at 0x0)
E/display ( 3670): invalid gralloc handle (at 0x0)
E/display ( 3670): invalid gralloc handle (at 0x0)
E/display ( 3670): invalid gralloc handle (at 0x0)
E/display ( 3670): invalid gralloc handle (at 0x0)
E/display ( 3670): invalid gralloc handle (at 0x0)
E/display ( 3670): invalid gralloc handle (at 0x0)
E/display ( 3670): invalid gralloc handle (at 0x0)
E/display ( 3670): invalid gralloc handle (at 0x0)
E/display ( 3670): invalid gralloc handle (at 0x0)
E/display ( 3670): invalid gralloc handle (at 0x0)
E/display ( 3670): invalid gralloc handle (at 0x0)
E/display ( 3670): invalid gralloc handle (at 0x0)
E/display ( 3670): invalid gralloc handle (at 0x0)
E/display ( 3670): invalid gralloc handle (at 0x0)
E/display ( 3670): invalid gralloc handle (at 0x0)
E/display ( 3670): invalid gralloc handle (at 0x0)
E/display ( 3670): invalid gralloc handle (at 0x0)
E/display ( 3670): invalid gralloc handle (at 0x0)
E/display ( 3670): invalid gralloc handle (at 0x0)
E/display ( 3670): invalid gralloc handle (at 0x0)
E/display ( 3670): invalid gralloc handle (at 0x0)
E/display ( 3670): invalid gralloc handle (at 0x0)
E/display ( 3670): invalid gralloc handle (at 0x0)
E/display ( 3670): invalid gralloc handle (at 0x0)
E/display ( 3670): invalid gralloc handle (at 0x0)
E/display ( 3670): invalid gralloc handle (at 0x0)
E/display ( 3670): invalid gralloc handle (at 0x0)
E/display ( 3670): invalid gralloc handle (at 0x0)
E/display ( 3670): invalid gralloc handle (at 0x0)
E/display ( 3670): invalid gralloc handle (at 0x0)
E/display ( 3670): invalid gralloc handle (at 0x0)
E/display ( 3670): invalid gralloc handle (at 0x0)
E/display ( 3670): invalid gralloc handle (at 0x0)
E/display ( 3670): invalid gralloc handle (at 0x0)
E/display ( 3670): invalid gralloc handle (at 0x0)
E/display ( 3670): invalid gralloc handle (at 0x0)
E/display ( 3670): invalid gralloc handle (at 0x0)
E/display ( 3670): invalid gralloc handle (at 0x0)
E/display ( 3670): invalid gralloc handle (at 0x0)
E/display ( 3670): invalid gralloc handle (at 0x0)
E/display ( 3670): invalid gralloc handle (at 0x0)
E/display ( 3670): invalid gralloc handle (at 0x0)
E/display ( 3670): invalid gralloc handle (at 0x0)
E/display ( 3670): invalid gralloc handle (at 0x0)
E/display ( 3670): invalid gralloc handle (at 0x0)
I/Netd    ( 3854): Netd 1.0 starting
E/Netd    ( 3854): Failed to open /proc/sys/net/ipv6/conf/default/accept_ra_rt_table: No such file or directory
E/Netd    ( 3854): Failed to open /proc/sys/net/ipv6/conf/ip6tnl0/accept_ra_rt_table: No such file or directory
E/Netd    ( 3854): Failed to open /proc/sys/net/ipv6/conf/lo/accept_ra_rt_table: No such file or directory
E/Netd    ( 3854): Failed to open /proc/sys/net/ipv6/conf/rmnet0/accept_ra_rt_table: No such file or directory
E/Netd    ( 3854): Failed to open /proc/sys/net/ipv6/conf/rmnet1/accept_ra_rt_table: No such file or directory
E/Netd    ( 3854): Failed to open /proc/sys/net/ipv6/conf/rmnet2/accept_ra_rt_table: No such file or directory
E/Netd    ( 3854): Failed to open /proc/sys/net/ipv6/conf/rmnet3/accept_ra_rt_table: No such file or directory
E/Netd    ( 3854): Failed to open /proc/sys/net/ipv6/conf/sit0/accept_ra_rt_table: No such file or directory
E/display ( 3670): invalid gralloc handle (at 0x0)
E/display ( 3670): invalid gralloc handle (at 0x0)
E/display ( 3670): invalid gralloc handle (at 0x0)
E/display ( 3670): invalid gralloc handle (at 0x0)
E/display ( 3670): invalid gralloc handle (at 0x0)
E/display ( 3670): invalid gralloc handle (at 0x0)
E/display ( 3670): invalid gralloc handle (at 0x0)
E/display ( 3670): invalid gralloc handle (at 0x0)
E/display ( 3670): invalid gralloc handle (at 0x0)
E/display ( 3670): invalid gralloc handle (at 0x0)
E/display ( 3670): invalid gralloc handle (at 0x0)
E/display ( 3670): invalid gralloc handle (at 0x0)
E/display ( 3670): invalid gralloc handle (at 0x0)
E/display ( 3670): invalid gralloc handle (at 0x0)
E/display ( 3670): invalid gralloc handle (at 0x0)
E/display ( 3670): invalid gralloc handle (at 0x0)
E/display ( 3670): invalid gralloc handle (at 0x0)
E/display ( 3670): invalid gralloc handle (at 0x0)
E/display ( 3670): invalid gralloc handle (at 0x0)
E/display ( 3670): invalid gralloc handle (at 0x0)
E/display ( 3670): invalid gralloc handle (at 0x0)
E/display ( 3670): invalid gralloc handle (at 0x0)
E/display ( 3670): invalid gralloc handle (at 0x0)
E/display ( 3670): invalid gralloc handle (at 0x0)
E/display ( 3670): invalid gralloc handle (at 0x0)
E/display ( 3670): invalid gralloc handle (at 0x0)
E/display ( 3670): invalid gralloc handle (at 0x0)
E/display ( 3670): invalid gralloc handle (at 0x0)
E/display ( 3670): invalid gralloc handle (at 0x0)
E/display ( 3670): invalid gralloc handle (at 0x0)
E/display ( 3670): invalid gralloc handle (at 0x0)
E/display ( 3670): invalid gralloc handle (at 0x0)
E/display ( 3670): invalid gralloc handle (at 0x0)
E/display ( 3670): invalid gralloc handle (at 0x0)
E/display ( 3670): invalid gralloc handle (at 0x0)
E/display ( 3670): invalid gralloc handle (at 0x0)
E/display ( 3670): invalid gralloc handle (at 0x0)
E/display ( 3670): invalid gralloc handle (at 0x0)
E/display ( 3670): invalid gralloc handle (at 0x0)
E/display ( 3670): invalid gralloc handle (at 0x0)
E/display ( 3670): invalid gralloc handle (at 0x0)
E/display ( 3670): invalid gralloc handle (at 0x0)
E/display ( 3670): invalid gralloc handle (at 0x0)
E/display ( 3670): invalid gralloc handle (at 0x0)
E/display ( 3670): invalid gralloc handle (at 0x0)
E/display ( 3670): invalid gralloc handle (at 0x0)
E/display ( 3670): invalid gralloc handle (at 0x0)
E/display ( 3670): invalid gralloc handle (at 0x0)
E/display ( 3670): invalid gralloc handle (at 0x0)
E/display ( 3670): invalid gralloc handle (at 0x0)
E/display ( 3670): invalid gralloc handle (at 0x0)
E/display ( 3670): invalid gralloc handle (at 0x0)
E/display ( 3670): invalid gralloc handle (at 0x0)
E/display ( 3670): invalid gralloc handle (at 0x0)
E/display ( 3670): invalid gralloc handle (at 0x0)
E/display ( 3670): invalid gralloc handle (at 0x0)
E/display ( 3670): invalid gralloc handle (at 0x0)
E/display ( 3670): invalid gralloc handle (at 0x0)
E/display ( 3670): invalid gralloc handle (at 0x0)
E/display ( 3670): invalid gralloc handle (at 0x0)
E/display ( 3670): invalid gralloc handle (at 0x0)
E/display ( 3670): invalid gralloc handle (at 0x0)
E/display ( 3670): invalid gralloc handle (at 0x0)
E/display ( 3670): invalid gralloc handle (at 0x0)
E/display ( 3670): invalid gralloc handle (at 0x0)
E/display ( 3670): invalid gralloc handle (at 0x0)
E/display ( 3670): invalid gralloc handle (at 0x0)
E/display ( 3670): invalid gralloc handle (at 0x0)
E/display ( 3670): invalid gralloc handle (at 0x0)
E/display ( 3670): invalid gralloc handle (at 0x0)
E/display ( 3670): invalid gralloc handle (at 0x0)
E/display ( 3670): invalid gralloc handle (at 0x0)
E/display ( 3670): invalid gralloc handle (at 0x0)
E/display ( 3670): invalid gralloc handle (at 0x0)
E/display ( 3670): invalid gralloc handle (at 0x0)
E/display ( 3670): invalid gralloc handle (at 0x0)
E/display ( 3670): invalid gralloc handle (at 0x0)
E/display ( 3670): invalid gralloc handle (at 0x0)
E/display ( 3670): invalid gralloc handle (at 0x0)
E/display ( 3670): invalid gralloc handle (at 0x0)
E/display ( 3670): invalid gralloc handle (at 0x0)
E/display ( 3670): invalid gralloc handle (at 0x0)
E/display ( 3670): invalid gralloc handle (at 0x0)
E/display ( 3670): invalid gralloc handle (at 0x0)
E/display ( 3670): invalid gralloc handle (at 0x0)
E/display ( 3670): invalid gralloc handle (at 0x0)
E/display ( 3670): invalid gralloc handle (at 0x0)
E/display ( 3670): invalid gralloc handle (at 0x0)
E/display ( 3670): invalid gralloc handle (at 0x0)
E/display ( 3670): invalid gralloc handle (at 0x0)
E/display ( 3670): invalid gralloc handle (at 0x0)
E/display ( 3670): invalid gralloc handle (at 0x0)
E/display ( 3670): invalid gralloc handle (at 0x0)
E/display ( 3670): invalid gralloc handle (at 0x0)
E/display ( 3670): invalid gralloc handle (at 0x0)
E/display ( 3670): invalid gralloc handle (at 0x0)
E/display ( 3670): invalid gralloc handle (at 0x0)
E/display ( 3670): invalid gralloc handle (at 0x0)
