E/HeadsetService( 4757): 	at android.media.audiofx.Equalizer.<init>(Equalizer.java:139)
E/HeadsetService( 4757): 	at org.cyanogenmod.audiofx.HeadsetService$EffectSet.<init>(HeadsetService.java:87)
E/HeadsetService( 4757): 	at org.cyanogenmod.audiofx.HeadsetService.saveDefaults(HeadsetService.java:414)
E/HeadsetService( 4757): 	at org.cyanogenmod.audiofx.HeadsetService.onCreate(HeadsetService.java:331)
E/HeadsetService( 4757): 	at android.app.ActivityThread.handleCreateService(ActivityThread.java:2760)
E/HeadsetService( 4757): 	at android.app.ActivityThread.access$1900(ActivityThread.java:147)
E/HeadsetService( 4757): 	at android.app.ActivityThread$H.handleMessage(ActivityThread.java:1379)
E/HeadsetService( 4757): 	at android.os.Handler.dispatchMessage(Handler.java:102)
E/HeadsetService( 4757): 	at android.os.Looper.loop(Looper.java:135)
E/HeadsetService( 4757): 	at android.app.ActivityThread.main(ActivityThread.java:5254)
E/HeadsetService( 4757): 	at java.lang.reflect.Method.invoke(Native Method)
E/HeadsetService( 4757): 	at java.lang.reflect.Method.invoke(Method.java:372)
E/HeadsetService( 4757): 	at com.android.internal.os.ZygoteInit$MethodAndArgsCaller.run(ZygoteInit.java:898)
E/HeadsetService( 4757): 	at com.android.internal.os.ZygoteInit.main(ZygoteInit.java:693)
I/HeadsetService( 4757): Stopping service.
I/bt_hwcfg( 5141): bt vendor lib: set UART baud 115200
I/bt_hwcfg( 5141): FW Download delta = 609469
D/bt_hwcfg( 5141): Settlement delay -- 100 ms
I/bt_hwcfg( 5141): Setting fw settlement delay to 100 
D/TelephonyNetworkFactory-1( 4801): got request NetworkRequest [ id=1, legacyType=-1, [ Capabilities: INTERNET&NOT_RESTRICTED&TRUSTED&NOT_VPN] ] with score 0
D/TelephonyDebugService( 4801): TelephonyDebugService()
D/WifiService( 4135): New client listening to asynchronous messages
D/BluetoothHeadset( 4801): Proxy object connected
D/Telephony( 4801): TtyManager: setTTYMode exception: com.android.internal.telephony.CommandException: RADIO_NOT_AVAILABLE
V/OtaStartupReceiver( 4801): onOtaspChanged: mOtaspMode=1
D/SuperSU][APK( 5220): [SuperSU][APK][Installer] sugote --> 245 / -4 / 1
D/Telephony( 4801): TtyManager: setting TTY mode to 0 succeeded
I/bt_hwcfg( 5141): bt vendor lib: set UART baud 3000000
I/bt_hwcfg( 5141): vendor lib fwcfg completed
I/ActivityManager( 4135): Start proc com.cyanogenmod.updater for broadcast com.cyanogenmod.updater/.receiver.UpdateCheckReceiver: pid=5426 uid=10003 gids={50003, 9997, 3003, 1028, 1015, 2001} abi=armeabi-v7a
I/bt-btu  ( 5141): btu_task received preload complete event
W/bt-l2cap( 5141): L2CAP - L2CA_Register() called for PSM: 0x0001
W/bt-l2cap( 5141): L2CAP - L2CA_Register() called for PSM: 0x001f
D/GpsLocationProvider( 4135): received SIM realted action: android.intent.action.SIM_STATE_CHANGED
W/bt-l2cap( 5141): L2CAP - L2CA_Register() called for PSM: 0x0003
W/bt-l2cap( 5141): L2CAP - L2CA_Register() called for PSM: 0x1487
D/PhoneStatusBarPolicy( 4312): updateSimState for subId :-1
D/PhoneStatusBarPolicy( 4312): updateSimState for phoneId :0
I/        ( 5141): BTE_InitTraceLevels -- TRC_HCI
I/        ( 5141): BTE_InitTraceLevels -- TRC_L2CAP
I/        ( 5141): BTE_InitTraceLevels -- TRC_RFCOMM
I/        ( 5141): BTE_InitTraceLevels -- TRC_AVDT
I/        ( 5141): BTE_InitTraceLevels -- TRC_AVRC
I/        ( 5141): BTE_InitTraceLevels -- TRC_A2D
I/        ( 5141): BTE_InitTraceLevels -- TRC_BNEP
I/        ( 5141): BTE_InitTraceLevels -- TRC_BTM
I/        ( 5141): BTE_InitTraceLevels -- TRC_HID_HOST
I/        ( 5141): BTE_InitTraceLevels -- TRC_GAP
I/        ( 5141): BTE_InitTraceLevels -- TRC_PAN
I/        ( 5141): BTE_InitTraceLevels -- TRC_SDP
I/        ( 5141): BTE_InitTraceLevels -- TRC_GATT
I/        ( 5141): BTE_InitTraceLevels -- TRC_SMP
I/        ( 5141): BTE_InitTraceLevels -- TRC_HID_DEV
I/        ( 5141): BTE_InitTraceLevels -- TRC_BTAPP
I/        ( 5141): BTE_InitTraceLevels -- TRC_BTIF
I/        ( 5141): BTE_InitTraceLevels -- TRC_LATENCY_AUDIO
D/GpsLocationProvider( 4135): SIM MCC/MNC is still not available
D/PhoneStatusBarPolicy( 4312): updateSimState for Slot :-1
D/SuperSU][APK( 5220): [SuperSU][APK][Installer] supolicy --> 245
D/GpsLocationProvider( 4135): received SIM realted action: android.intent.action.ACTION_SUBINFO_RECORD_UPDATED
D/GpsLocationProvider( 4135): SIM MCC/MNC is still not available
D/SuperSU][APK( 5220): [SuperSU][APK][Installer] su old --> -2
D/SuperSU][APK( 5220): [SuperSU][APK][Installer] app_process --> 0
D/KeyguardUpdateMonitor( 4312): ACTION_SERVICE_STATE_CHANGED on sub: -1 mServiceState: 1 1 home null null null  Unknown Unknown CSS not supported -1 -1 RoamInd=-1 DefRoamInd=-1 EmergOnly=false
D/SuperSU][APK( 5220): [SuperSU][APK][Installer] sdk == 21
D/SuperSU][APK( 5220): [SuperSU][APK][Installer] xbin_only == 0
D/SuperSU][APK( 5220): [SuperSU][APK][Installer] selinux_enforcing == 0
D/SuperSU][APK( 5220): [SuperSU][APK][Installer] is_daemon_mode == 1
D/SuperSU][APK( 5220): [SuperSU][APK][Installer] is_sugote_needed == 1
D/SuperSU][APK( 5220): [SuperSU][APK][Installer] is_supolicy_needed == 1
D/SuperSU][APK( 5220): [SuperSU][APK][Installer] context_toolbox == u:object_r:system_file:s0
D/SuperSU][APK( 5220): [SuperSU][APK][Installer] want_install == 0
D/SuperSU][APK( 5220): [SuperSU][APK][Installer] want_backup == 0
D/SuperSU][APK( 5220): [SuperSU][APK][Installer] want_daemon == 0
D/SuperSU][APK( 5220): [SuperSU][APK][Installer] want_sugote == 0
D/SuperSU][APK( 5220): [SuperSU][APK][Installer] want_supolicy == 0
D/SuperSU][APK( 5220): [SuperSU][APK][Installer] want_app_process == 0
D/SuperSU][APK( 5220): [SuperSU][APK][Installer] have_recovery_context == 0
D/SuperSU][APK( 5220): [SuperSU][APK][Installer] wantInstall() == 0
D/SuperSU][APK( 5220): [SuperSU][APK][Installer] canInstall() == 1
I/art     ( 4135): Explicit concurrent mark sweep GC freed 9091(838KB) AllocSpace objects, 30(3MB) LOS objects, 33% free, 22MB/34MB, paused 1.905ms total 50.527ms
I/Telephony( 4801): : SUBINFO_RECORD_UPDATED : 2.
D/Telephony( 4801): TelecomAccountRegistry: Found 1 phones.  Attempting to register.
D/Telephony( 4801): TelecomAccountRegistry: Phone with subscription id -1
E/PhoneInterfaceManager( 4801): [PhoneIntfMgr] getIccId: ICC ID is null or empty.
D/Telephony( 4801): AccountEntry: Registered phoneAccount: android.telecom.PhoneAccount@2a45267f with handle: ComponentInfo{com.android.phone/com.android.services.telephony.TelephonyConnectionService}, E
I/Telephony( 4801): PstnIncomingCallNotifier: Registering: Handler (com.android.internal.telephony.gsm.GSMPhone) {28d37a6d}
D/Telephony( 4801): PstnPhoneCapabilitiesNotifier: Registering: Handler (com.android.internal.telephony.gsm.GSMPhone) {28d37a6d}
D/Telephony( 4801): TelecomAccountRegistry: Unregistering phone account ComponentInfo{com.android.phone/com.android.services.telephony.TelephonyConnectionService}, 1.
I/UpdateCheckReceiver( 5426): Scheduling future, repeating update checks.
I/ActivityManager( 4135): Start proc com.android.providers.calendar for broadcast com.android.providers.calendar/.CalendarReceiver: pid=5469 uid=10004 gids={50004, 9997, 3003, 1028, 1015} abi=armeabi-v7a
D/CallNotifier( 4801): onReceive... 
D/TelephonyNetworkFactory-1( 4801): update networkCapabilites for subId = -1
D/TelephonyNetworkFactory-1( 4801): INTERNET capability is removed from subId = -1
D/TelephonyNetworkFactory-1( 4801): Ready to handle network requests
I/MmsService( 4801): mReceiver action: android.intent.action.ACTION_SUBINFO_RECORD_UPDATED
I/MmsService( 4801): MmsConfigManager.loadInBackground(): mcc/mnc: 0/0
D/Telephony( 4801): PstnPhoneCapabilitiesNotifier: handleVideoCapabilitesChanged. Video capability - false
E/MmsService( 4801): MmsConfigManager.load -- empty getActiveSubInfoList
I/UpdateCheckService( 5426): Could not check for updates. Not connected to the network.
D/Telephony( 4801): PstnPhoneCapabilitiesNotifier: handleVideoCapabilitesChanged. Exception=java.lang.NullPointerException: Attempt to invoke virtual method 'int android.telecom.PhoneAccount.getCapabilities()' on a null object reference
I/art     ( 3707): Explicit concurrent mark sweep GC freed 706(30KB) AllocSpace objects, 0(0B) LOS objects, 39% free, 15MB/25MB, paused 247us total 12.306ms
W/bt-btm  ( 5141): btm_decode_ext_features_page Secure conn Host support Enabled
W/bt-btm  ( 5141): btm_decode_ext_features_page Secure conn Controller support Enabled
E/bt-btm  ( 5141): BTM_SecRegister:p_cb_info->p_le_callback == 0xa2008051 
E/bt-btm  ( 5141): BTM_SecRegister: btm_cb.api.p_le_callback = 0xa2008051 
I/art     ( 3707): Explicit concurrent mark sweep GC freed 5(160B) AllocSpace objects, 0(0B) LOS objects, 39% free, 15MB/25MB, paused 192us total 9.576ms
I/art     ( 3707): Explicit concurrent mark sweep GC freed 5(160B) AllocSpace objects, 0(0B) LOS objects, 39% free, 15MB/25MB, paused 260us total 9.352ms
E/SuperSU ( 5220): SU BINARY IS NOT RUNNING AS "u:r:init:s0" - THIS WILL CAUSE ISSUES
W/ResourcesManager( 5469): Asset path '/system/framework/android.test.runner.jar' does not exist or contains no resources.
I/CalendarProvider2( 5469): Created com.android.providers.calendar.CalendarAlarmManager@1d62e63d(com.android.providers.calendar.CalendarProvider2@3570ce32)
I/ActivityManager( 4135): Start proc com.android.managedprovisioning for broadcast com.android.managedprovisioning/.BootReminder: pid=5505 uid=10011 gids={50011, 9997, 1028, 3003} abi=armeabi-v7a
E/bt-btif ( 5141): Calling BTA_HhEnable
D/bt-btif ( 5141): AG evt (hdl 0x0001): State 0, Event 0x0500
W/bt-l2cap( 5141): L2CAP - L2CA_Register() called for PSM: 0x0019
W/bt-l2cap( 5141): L2CAP - L2CA_Register() called for PSM: 0x0017
D/bt-btif ( 5141):  AVRC_Open AVRC_Open role: 1, control:3 status:0, handle:0
E/bt-btif ( 5141): btif_storage_get_adapter_property service_mask:0x2140040
W/bt-l2cap( 5141): L2CAP - L2CA_Register() called for PSM: 0x0011
W/bt-l2cap( 5141): L2CAP - L2CA_Register() called for PSM: 0x0013
D/BluetoothAdapterProperties( 5141): Address is:14:B4:84:6F:66:79
D/BluetoothAdapterProperties( 5141): Name is: SM-G900H
D/BluetoothManagerService( 4135): Bluetooth Adapter name changed to SM-G900H
D/BluetoothManagerService( 4135): Stored Bluetooth name: SM-G900H
D/BluetoothAdapterProperties( 5141): Scan Mode:21
D/BluetoothAdapterProperties( 5141): Discoverable Timeout:120
D/bt_vendor( 5141): op for 2
D/bt_vendor( 5141): op for 6
D/bt_vendor( 5141): op for 7
W/bt-l2cap( 5141): L2CAP - L2CA_Register() called for PSM: 0x000f
D/bte_conf( 5141): Device ID record 1 : primary
D/bte_conf( 5141):   vendorId            = 001d
D/bte_conf( 5141):   vendorIdSource      = 0001
D/bte_conf( 5141):   product             = 1200
D/bte_conf( 5141):   version             = 1436
D/bte_conf( 5141):   clientExecutableURL = 
D/bte_conf( 5141):   serviceDescription  = 
D/bte_conf( 5141):   documentationURL    = 
D/bte_conf( 5141): bte_load_did_conf no section named DID2.
D/bt-btif ( 5141): btif_hf_upstreams_evt: event=BTA_AG_ENABLE_EVT
D/bt_vendor( 5141): op for 7
E/bt-btif ( 5141): btif_hf_upstreams_evt: Invalid index 8292
D/bt-btif ( 5141): btif_hf_upstreams_evt: event=BTA_AG_REGISTER_EVT
D/bt-btif ( 5141): btif_av_state_idle_handler event:BTA_AV_ENABLE_EVT flags 0
D/bt-btif ( 5141): btif_av_state_idle_handler event:BTA_AV_REGISTER_EVT flags 0
D/BluetoothPanServiceJni( 5141): control_state_callback(L61): state:0, local_role:3, ifname:bt-pan
D/BluetoothAdapterState( 5141): CURRENT_STATE=PENDING, MESSAGE = ENABLE_READY, isTurningOn=true, isTurningOff=false
D/BluetoothAdapterProperties( 5141): ScanMode =  21
D/BluetoothAdapterProperties( 5141): State =  11
D/bt_upio ( 5141): BT_WAKE is asserted already
D/BluetoothAdapterProperties( 5141): Setting state to 12
I/BluetoothAdapterState( 5141): Bluetooth adapter state changed: 11-> 12
D/BluetoothAdapterProperties( 5141): Discoverable Timeout:120
D/bt_vendor( 5141): op for 7
D/bt_upio ( 5141): BT_WAKE is asserted already
I/BluetoothAdapterState( 5141): Entering On State
D/BluetoothManagerService( 4135): Message: 60
D/BluetoothManagerService( 4135): MESSAGE_BLUETOOTH_STATE_CHANGE: prevState = 11, newState=12
D/BluetoothManagerService( 4135): Broadcasting onBluetoothStateChange(true) to 5 receivers.
D/BluetoothHeadset( 4135): onBluetoothStateChange: up=true
D/BluetoothA2dp( 4135): onBluetoothStateChange: up=true
D/BluetoothHeadset( 4801): onBluetoothStateChange: up=true
D/BluetoothHeadset( 4779): onBluetoothStateChange: up=true
D/BluetoothHeadset( 4779): onBluetoothStateChange: up=true
D/BluetoothManagerService( 4135): Bluetooth State Change Intent: 11 -> 12
D/BluetoothManagerService( 4135): BluetoothServiceConnection: com.android.bluetooth.gatt.GattService
D/BluetoothManagerService( 4135): Message: 40
D/BluetoothManagerService( 4135): MESSAGE_BLUETOOTH_SERVICE_CONNECTED: 2
I/QBluetoothAdapterService( 5141): REFCOUNT: CREATED. INSTANCE_COUNT1
I/bluedroid( 5141): initq
D/BluetoothManagerService( 4135): BluetoothServiceConnection: com.android.bluetooth.btservice.QAdapterService
E/BluetoothManagerService( 4135): Bluetooth Q service connected: com.android.bluetooth.btservice.QAdapterService
D/BluetoothManagerService( 4135): Message: 40
D/BluetoothManagerService( 4135): MESSAGE_BLUETOOTH_SERVICE_CONNECTED: 3
D/BluetoothManagerService( 4135): mQBluetooth: android.bluetooth.IQBluetooth$Stub$Proxy@285755ac
D/BluetoothManagerService( 4135): Calling onQBluetoothServiceUp callbacks
D/BluetoothManagerService( 4135): Broadcasting onQBluetoothServiceUp() to 0 receivers.
D/Telecom ( 4779): BluetoothPhoneService: Bluetooth Adapter state: 12
I/Telecom ( 4779): BluetoothPhoneService: handleMessage: request is null
D/BluetoothMapService( 5141): onReceive
D/BluetoothMapService( 5141): onReceive, action android.bluetooth.adapter.action.STATE_CHANGED
D/BluetoothMapService( 5141): STATE_ON
V/BluetoothMapService( 5141): Handler(): got msg=1
D/BluetoothManagerService( 4135): checkIfCallerIsForegroundUser: valid=true callingUser=0 foregroundUser=0
W/ContextImpl( 5111): Calling a method in the system process without a qualified user: android.app.ContextImpl.startService:1726 android.content.ContextWrapper.startService:521 android.content.ContextWrapper.startService:521 com.android.settings.bluetooth.DockEventReceiver.beginStartingService:134 com.android.settings.bluetooth.DockEventReceiver.onReceive:115 
W/BluetoothAdapter( 5141): getBluetoothService() called with no BluetoothManagerCallback
D/BluetoothMapService( 5141): inside SocketAcceptThread
D/bt_vendor( 5141): op for 7
D/bt_upio ( 5141): BT_WAKE is asserted already
W/bt-smp  ( 5141): Key(LSB ~ MSB) = f1 cc e1 44 82 1c 45 76 77 4e 1b 45 1d 1d 6c ce 
W/bt-smp  ( 5141): Plain text(LSB ~ MSB) = 03 97 67 00 00 00 00 00 00 00 00 00 00 00 00 00 
W/bt-smp  ( 5141): Encrypted text(LSB ~ MSB) = 2c 7c d4 58 68 86 36 c4 ea 49 7e a2 65 9f 25 6b 
W/bt-btm  ( 5141): Stopping oneshot timer
D/BluetoothMapService( 5141): Removing from the list, masid 0
D/BluetoothMapService( 5141): Accepting socket connection...
E/bt_h4   ( 5141): vendor lib postload completed
D/bt_vendor( 5141): op for 7
D/bt_upio ( 5141): BT_WAKE is asserted already
D/BluetoothAdapterProperties( 5141): Scan Mode:21
D/bt_vendor( 5141): op for 7
D/bt_upio ( 5141): BT_WAKE is asserted already
D/bt_vendor( 5141): op for 7
D/bt_upio ( 5141): BT_WAKE is asserted already
D/BluetoothManagerService( 4135): Message: 20
D/BluetoothManagerService( 4135): Added callback: android.bluetooth.IBluetoothManagerCallback$Stub$Proxy@24aa0a7b:true
D/bt_vendor( 5141): op for 7
D/bt_upio ( 5141): BT_WAKE is asserted already
D/bt_vendor( 5141): op for 7
D/bt_upio ( 5141): BT_WAKE is asserted already
D/bt_vendor( 5141): op for 7
D/bt_upio ( 5141): BT_WAKE is asserted already
D/bt_vendor( 5141): op for 7
D/bt_upio ( 5141): BT_WAKE is asserted already
D/bt_vendor( 5141): op for 7
D/bt_upio ( 5141): BT_WAKE is asserted already
W/bt-smp  ( 5141): Key(LSB ~ MSB) = f1 cc e1 44 82 1c 45 76 77 4e 1b 45 1d 1d 6c ce 
W/bt-smp  ( 5141): Plain text(LSB ~ MSB) = ea 84 47 00 00 00 00 00 00 00 00 00 00 00 00 00 
W/bt-smp  ( 5141): Encrypted text(LSB ~ MSB) = 1d 6c d6 05 c3 e3 8a 7d d2 b0 fc 6f 40 67 b1 11 
W/bt-btm  ( 5141): Stopping oneshot timer
D/bt_vendor( 5141): op for 7
D/bt_upio ( 5141): BT_WAKE is asserted already
D/bt_vendor( 5141): op for 7
D/bt_upio ( 5141): BT_WAKE is asserted already
D/bt_vendor( 5141): op for 7
D/bt_upio ( 5141): BT_WAKE is asserted already
D/bt_vendor( 5141): op for 7
D/bt_upio ( 5141): BT_WAKE is asserted already
W/bt-smp  ( 5141): Key(LSB ~ MSB) = f1 cc e1 44 82 1c 45 76 77 4e 1b 45 1d 1d 6c ce 
W/bt-smp  ( 5141): Plain text(LSB ~ MSB) = c5 fa 47 00 00 00 00 00 00 00 00 00 00 00 00 00 
W/bt-smp  ( 5141): Encrypted text(LSB ~ MSB) = c5 c9 f7 9e 59 d0 7d 74 49 34 6e a4 ca 81 bf 75 
W/bt-btm  ( 5141): Stopping oneshot timer
D/bt_vendor( 5141): op for 7
D/bt_upio ( 5141): BT_WAKE is asserted already
D/bt_vendor( 5141): op for 7
D/bt_upio ( 5141): BT_WAKE is asserted already
D/bt_vendor( 5141): op for 7
D/bt_upio ( 5141): BT_WAKE is asserted already
W/bt-smp  ( 5141): Key(LSB ~ MSB) = f1 cc e1 44 82 1c 45 76 77 4e 1b 45 1d 1d 6c ce 
W/bt-smp  ( 5141): Plain text(LSB ~ MSB) = 91 85 6f 00 00 00 00 00 00 00 00 00 00 00 00 00 
W/bt-smp  ( 5141): Encrypted text(LSB ~ MSB) = 7a 9a 4a 8e 0e 23 ca 02 8f af f7 a9 7a 37 49 67 
W/bt-btm  ( 5141): Stopping oneshot timer
D/bt_vendor( 5141): op for 7
D/bt_upio ( 5141): BT_WAKE is asserted already
D/bt_vendor( 5141): op for 7
D/bt_upio ( 5141): BT_WAKE is asserted already
D/bt_vendor( 5141): op for 7
D/bt_upio ( 5141): BT_WAKE is asserted already
D/bt_vendor( 5141): op for 7
D/bt_upio ( 5141): BT_WAKE is asserted already
W/bt-smp  ( 5141): Key(LSB ~ MSB) = f1 cc e1 44 82 1c 45 76 77 4e 1b 45 1d 1d 6c ce 
W/bt-smp  ( 5141): Plain text(LSB ~ MSB) = 4f 3a 6d 00 00 00 00 00 00 00 00 00 00 00 00 00 
W/bt-smp  ( 5141): Encrypted text(LSB ~ MSB) = 04 91 2e 94 4f d1 5c 41 b1 d1 31 00 c3 b8 9e a2 
W/bt-btm  ( 5141): Stopping oneshot timer
D/bt_vendor( 5141): op for 7
D/bt_upio ( 5141): BT_WAKE is asserted already
D/bt_vendor( 5141): op for 7
D/bt_upio ( 5141): BT_WAKE is asserted already
D/bt_vendor( 5141): op for 7
D/bt_upio ( 5141): BT_WAKE is asserted already
D/bt_vendor( 5141): op for 7
D/bt_upio ( 5141): BT_WAKE is asserted already
D/bt_vendor( 5141): op for 7
D/bt_upio ( 5141): BT_WAKE is asserted already
D/bt_vendor( 5141): op for 7
D/bt_upio ( 5141): BT_WAKE is asserted already
D/bt_vendor( 5141): op for 7
D/bt_upio ( 5141): BT_WAKE is asserted already
D/bt_vendor( 5141): op for 7
D/bt_upio ( 5141): BT_WAKE is asserted already
W/bt-smp  ( 5141): Key(LSB ~ MSB) = f1 cc e1 44 82 1c 45 76 77 4e 1b 45 1d 1d 6c ce 
W/bt-smp  ( 5141): Plain text(LSB ~ MSB) = 50 66 70 00 00 00 00 00 00 00 00 00 00 00 00 00 
W/bt-smp  ( 5141): Encrypted text(LSB ~ MSB) = 06 e8 56 75 19 ae b9 fe fa 40 96 77 9b e7 c1 23 
W/bt-btm  ( 5141): Stopping oneshot timer
D/bt_vendor( 5141): op for 7
D/bt_upio ( 5141): BT_WAKE is asserted already
D/bt_vendor( 5141): op for 7
D/bt_upio ( 5141): BT_WAKE is asserted already
D/bt_vendor( 5141): op for 7
D/bt_upio ( 5141): BT_WAKE is asserted already
I/ActivityManager( 4135): Start proc com.android.email for content provider com.android.email/.provider.EmailProvider: pid=5538 uid=10033 gids={50033, 9997, 3003, 1028, 1015} abi=armeabi-v7a
D/bt_vendor( 5141): op for 7
D/bt_upio ( 5141): BT_WAKE is asserted already
W/bt-smp  ( 5141): Key(LSB ~ MSB) = f1 cc e1 44 82 1c 45 76 77 4e 1b 45 1d 1d 6c ce 
W/bt-smp  ( 5141): Plain text(LSB ~ MSB) = 36 ff 44 00 00 00 00 00 00 00 00 00 00 00 00 00 
W/bt-smp  ( 5141): Encrypted text(LSB ~ MSB) = 99 5d cf ec 6b 49 e3 7a 86 60 48 12 20 2d b4 60 
W/bt-btm  ( 5141): Stopping oneshot timer
D/bt_vendor( 5141): op for 7
D/bt_upio ( 5141): BT_WAKE is asserted already
D/bt_vendor( 5141): op for 7
D/bt_upio ( 5141): BT_WAKE is asserted already
D/bt_vendor( 5141): op for 7
D/bt_upio ( 5141): BT_WAKE is asserted already
D/bt_vendor( 5141): op for 7
D/bt_upio ( 5141): BT_WAKE is asserted already
D/bt_vendor( 5141): op for 7
D/bt_upio ( 5141): BT_WAKE is asserted already
D/bt_vendor( 5141): op for 7
D/bt_upio ( 5141): BT_WAKE is asserted already
D/bt_vendor( 5141): op for 7
D/LocalBluetoothProfileManager( 5111): Adding local A2DP SRC profile
D/bt_upio ( 5141): BT_WAKE is asserted already
D/bt_vendor( 5141): op for 7
D/bt_upio ( 5141): BT_WAKE is asserted already
D/bt_vendor( 5141): op for 7
D/bt_upio ( 5141): BT_WAKE is asserted already
D/bt_vendor( 5141): op for 7
D/bt_upio ( 5141): BT_WAKE is asserted already
D/BluetoothManagerService( 4135): Message: 30
D/LocalBluetoothProfileManager( 5111): Adding local HEADSET profile
D/BluetoothManagerService( 4135): Message: 30
D/BluetoothManagerService( 4135): Message: 30
D/BluetoothManagerService( 4135): Message: 30
D/LocalBluetoothProfileManager( 5111): Adding local MAP profile
D/BluetoothMap( 5111): Create BluetoothMap proxy object
D/BluetoothManagerService( 4135): Message: 30
D/BluetoothManagerService( 4135): Message: 30
D/LocalBluetoothProfileManager( 5111): LocalBluetoothProfileManager construction complete
D/DockEventReceiver( 5111): finishStartingService: stopping service
D/BluetoothA2dp( 5111): Proxy object connected
D/A2dpProfile( 5111): Bluetooth service connected
D/BluetoothHeadset( 5111): Proxy object connected
D/HeadsetProfile( 5111): Bluetooth service connected
I/ActivityManager( 4135): Start proc com.android.mms for broadcast com.android.mms/.transaction.MmsSystemEventReceiver: pid=5564 uid=10012 gids={50012, 9997, 3003, 1028, 1015} abi=armeabi-v7a
D/ActivityThread( 5538): Loading provider com.android.email.provider;com.android.email.notifier: com.android.email.provider.EmailProvider
D/ActivityThread( 5538): Loading provider com.android.email.provider;com.android.email.notifier: com.android.email.provider.EmailProvider
D/ActivityThread( 5538): Loading provider com.android.email.provider;com.android.email.notifier: com.android.email.provider.EmailProvider
E/SQLiteLog( 5070): (283) recovered 90 frames from WAL file /data/user/0/com.android.providers.media/databases/internal.db-wal
D/ActivityThread( 5538): Loading provider com.android.email.provider;com.android.email.notifier: com.android.email.provider.EmailProvider
D/ActivityThread( 5538): Loading provider com.android.email.provider;com.android.email.notifier: com.android.email.provider.EmailProvider
W/ActivityManager( 4135): Unable to start service Intent { cmp=com.android.email/.service.AttachmentService } U=0: not found
W/ActivityManager( 4135): Unable to start service Intent { cmp=com.android.email/.service.AttachmentService } U=0: not found
W/ActivityManager( 4135): Unable to start service Intent { cmp=com.android.email/.service.AttachmentService } U=0: not found
W/ActivityManager( 4135): Unable to start service Intent { cmp=com.android.email/.service.AttachmentService } U=0: not found
W/ActivityManager( 4135): Unable to start service Intent { cmp=com.android.email/.service.AttachmentService } U=0: not found
I/Email   ( 5538): Observing account changes for notifications
I/ActivityManager( 4135): Start proc com.android.exchange for service com.android.exchange/.service.EasService: pid=5601 uid=10034 gids={50034, 9997, 3003, 1028, 1015} abi=armeabi-v7a
W/ActivityManager( 4135): Unable to start service Intent { cmp=com.android.email/.service.AttachmentService } U=0: not found
D/CountryDetector( 4135): The first listener is added
W/art     ( 5538): Long monitor contention event with owner method=int libcore.io.Posix.getuid() from Posix.java:4294967294 waiters=1 for 162ms
D/BluetoothManagerService( 4135): checkIfCallerIsForegroundUser: valid=true callingUser=0 foregroundUser=0
W/BluetoothAdapter( 5141): getBluetoothService() called with no BluetoothManagerCallback
D/bt_vendor( 5141): op for 7
D/bt_upio ( 5141): BT_WAKE is asserted already
D/BluetoothInputDevice( 5111): Proxy object connected
D/HidProfile( 5111): Bluetooth service connected
D/WVMDrmPlugIn( 3696): WVMDrmPlugin::onInitialize : 1926
D/WVMDrmPlugIn( 3696): WVMDrmPlugin::onSetOnInfoListener : add 1926
D/BluetoothPan( 5111): BluetoothPAN Proxy object connected
D/PanProfile( 5111): Bluetooth service connected
D/BluetoothMap( 5111): Proxy object connected
D/MapProfile( 5111): Bluetooth service connected
D/BluetoothMap( 5111): getConnectedDevices()
D/BluetoothPbap( 5111): Proxy object connected
D/PbapServerProfile( 5111): Bluetooth service connected
V/Mms     ( 5564): mnc/mcc: 
V/Mms     ( 5564): tag: int value: maxMessageSize - 1045876
V/Mms     ( 5564): tag: int value: maxImageHeight - 2592
V/Mms     ( 5564): tag: int value: maxImageWidth - 2592
V/Mms     ( 5564): tag: bool value: enableMultipartSMS - true
V/Mms     ( 5564): tag: bool value: enableSplitSMS - false
V/Mms     ( 5564): tag: string value: userAgent - SAMSUNG-SM-G900H-Mms
V/Mms     ( 5564): tag: string value: uaProfUrl - http://wap.samsungmobile.com/uaprof/SM-G900H.xml
I/ContactPhotoManager( 5564): Cache adj: 1.0
E/ContactPhotoManager( 5564): No contact photo service in context: com.android.mms.MmsApp@3acebd00
E/BTEventHandler( 5141): A4WP is not supported
D/BluetoothManagerService( 4135): checkIfCallerIsForegroundUser: valid=true callingUser=0 foregroundUser=0
D/BtOppService( 5141): insertShare parsed URI: content://media/external/file/24
V/BtOppL2CapListener( 5141): Starting L2cap listener....
D/BluetoothManagerService( 4135): checkIfCallerIsForegroundUser: valid=true callingUser=0 foregroundUser=0
W/BluetoothAdapter( 5141): getBluetoothService() called with no BluetoothManagerCallback
D/bt_vendor( 5141): op for 7
D/bt_upio ( 5141): BT_WAKE is asserted already
I/BtOppRfcommListener( 5141): Accept thread started.
W/BluetoothAdapter( 5141): getBluetoothService() called with no BluetoothManagerCallback
V/BtOppL2CapListener( 5141): Started L2Cap listener....
I/BtOppL2CapListener( 5141): Accept thread started 
V/BtOppL2CapListener( 5141): Accepting connection...
W/MediaScanner( 5070): Error opening directory '/oem/media/', skipping: No such file or directory.
D/A2dpService( 5141): getA2DPService(): returning com.android.bluetooth.a2dp.A2dpService@2a77f1eb
D/A2dpSinkService( 5141): getA2dpSinkService(): service is NULL
D/MccTable( 4801): updateMccMncConfiguration mccmnc='72234' fromServiceState=true
D/MccTable( 4801): updateMccMncConfiguration defaultMccMnc=
D/MccTable( 4801): updateMccMncConfiguration: mcc=722, mnc=34
D/MccTable( 4801): getLocaleFromMcc to null_ar mcc=722
D/MccTable( 4801): getLocaleForLanguageCountry: skipping no language
D/MccTable( 4801): WIFI_COUNTRY_CODE set to ar
I/WifiService( 4135): WifiService trying to set country code to ar with persist set to true
D/AlarmManagerService( 4135): Kernel timezone updated to 180 minutes west of GMT
I/ActivityManager( 4135): Start proc com.android.onetimeinitializer for broadcast com.android.onetimeinitializer/.OneTimeInitializerReceiver: pid=5645 uid=10013 gids={50013, 9997} abi=armeabi-v7a
D/MmsSmsDatabaseHelper( 4801): [MmsSmsDb] tableName: threads hasAutoIncrement: CREATE TABLE threads (_id INTEGER PRIMARY KEY AUTOINCREMENT,date INTEGER DEFAULT 0,message_count INTEGER DEFAULT 0,recipient_ids TEXT,snippet TEXT,snippet_cs INTEGER DEFAULT 0,read INTEGER DEFAULT 1,archived INTEGER DEFAULT 0,type INTEGER DEFAULT 0,error INTEGER DEFAULT 0,has_attachment INTEGER DEFAULT 0) result: true
D/MmsSmsDatabaseHelper( 4801): [MmsSmsDb] tableName: canonical_addresses hasAutoIncrement: CREATE TABLE canonical_addresses (_id INTEGER PRIMARY KEY AUTOINCREMENT,address TEXT) result: true
D/MmsSmsDatabaseHelper( 4801): [MmsSmsDb] tableName: part hasAutoIncrement: CREATE TABLE part (_id INTEGER PRIMARY KEY AUTOINCREMENT,mid INTEGER,seq INTEGER DEFAULT 0,ct TEXT,name TEXT,chset INTEGER,cd TEXT,fn TEXT,cid TEXT,cl TEXT,ctt_s INTEGER,ctt_t TEXT,_data TEXT,text TEXT) result: true
D/MmsSmsDatabaseHelper( 4801): [MmsSmsDb] tableName: pdu hasAutoIncrement: CREATE TABLE pdu (_id INTEGER PRIMARY KEY AUTOINCREMENT,thread_id INTEGER,date INTEGER,date_sent INTEGER DEFAULT 0,msg_box INTEGER,read INTEGER DEFAULT 0,m_id TEXT,sub TEXT,sub_cs INTEGER,ct_t TEXT,ct_l TEXT,exp INTEGER,m_cls TEXT,m_type INTEGER,v INTEGER,m_size INTEGER,pri INTEGER,rr INTEGER,rpt_a INTEGER,resp_st INTEGER,st INTEGER,tr_id TEXT,retr_st INTEGER,retr_txt TEXT,retr_txt_cs INTEGER,read_status INTEGER,ct_cls INTEGER,resp_txt TEXT,d_tm INTEGER,d_rpt INTEGER,locked INTEGER DEFAULT 0,phone_id INTEGER DEFAULT -1, seen INTEGER DEFAULT 0,creator TEXT,text_only INTEGER DEFAULT 0) result: true
D/MmsSmsDatabaseHelper( 4801): [getWritableDatabase] hasAutoIncrementThreads: true hasAutoIncrementAddresses: true hasAutoIncrementPart: true hasAutoIncrementPdu: true
D/WVMDrmPlugIn( 3696): WVMDrmPlugin::onInitialize : 2214
D/WVMDrmPlugIn( 3696): WVMDrmPlugin::onSetOnInfoListener : add 2214
E/SQLiteLog( 5294): (284) automatic index on sqlite_sq_A2EDF330(STAT_DATA_ID)
D/KeyguardUpdateMonitor( 4312): ACTION_SERVICE_STATE_CHANGED on sub: -1 mServiceState: 1 1 home null null 72234  GSM Unknown CSS not supported -1 -1 RoamInd=-1 DefRoamInd=-1 EmergOnly=true
E/SQLiteLog( 5294): (284) automatic index on sqlite_sq_A2E2E6A0(STAT_DATA_ID)
I/art     ( 4135): Explicit concurrent mark sweep GC freed 5874(408KB) AllocSpace objects, 5(177KB) LOS objects, 33% free, 22MB/34MB, paused 1.851ms total 49.083ms
D/Mms     ( 5564): Cursor= >>>>> Dumping cursor android.content.ContentResolver$CursorWrapperInner@15aef1c4
D/Mms     ( 5564): <<<<<
I/System.out( 5564): URI content://mms-sms/conversations/type
I/Exchange( 5601): PSS has no active accounts; stopping service.
E/SQLiteLog( 5294): (284) automatic index on sqlite_sq_A2C93290(STAT_DATA_ID)
E/SQLiteLog( 5294): (284) automatic index on sqlite_sq_A2C288D0(STAT_DATA_ID)
V/OneTimeInitializerRece( 5645): OneTimeInitializerReceiver.onReceive
D/Mms     ( 5564): Cursor= >>>>> Dumping cursor android.content.ContentResolver$CursorWrapperInner@338b6630
D/Mms     ( 5564): <<<<<
D/CMStats ( 5111): Next sync attempt in : 22 hours
W/MediaScanner( 5070): Error opening directory '/storage/sdcard1/', skipping: No such file or directory.
W/MediaScanner( 5070): Error opening directory '/storage/usbdisk/', skipping: No such file or directory.
V/MediaScanner( 5070): pruneDeadThumbnailFiles... android.database.sqlite.SQLiteCursor@abed8ad
V/MediaScanner( 5070): /pruneDeadThumbnailFiles... android.database.sqlite.SQLiteCursor@abed8ad
I/ActivityManager( 4135): Start proc com.android.calendar for broadcast com.android.calendar/.alerts.AlertReceiver: pid=5681 uid=10026 gids={50026, 9997, 1028, 1015, 3003} abi=armeabi-v7a
D/Mms     ( 5564): updateNotification: new message, adding sound to the notification
W/ActivityManager( 4135): getTasks: caller 10012 is using old GET_TASKS but privileged; allowing
D/Mms     ( 5564): checkIsFullScreenMode: the top activity is: com.android.launcher3.Launcher
W/ActivityManager( 4135): getTasks: caller 10012 is using old GET_TASKS but privileged; allowing
D/Mms     ( 5564): checkIsFullScreenMode: the top activity is: com.android.launcher3.Launcher
I/ValidateNoPeople( 4135): Validating: 0|com.android.mms|123|null|10012
I/ValidateNoPeople( 4135): Executing: validation for: 0|com.android.mms|123|null|10012
I/CalendarProvider2( 5469): Sending notification intent: Intent { act=android.intent.action.PROVIDER_CHANGED dat=content://com.android.calendar }
W/ContentResolver( 5469): Failed to get type for: content://com.android.calendar (Unknown URL content://com.android.calendar)
I/ValidateNoPeople( 4135): Validating: 0|com.android.mms|123|null|10012
D/ExtensionsFactory( 5681): No custom extensions.
I/ValidateNoPeople( 4135): final affinity: 0.0
I/ValidateNoPeople( 4135): Executing: validation for: 0|com.android.mms|123|null|10012
D/AlertReceiver( 5681): onReceive: a=android.intent.action.BOOT_COMPLETED Intent { act=android.intent.action.BOOT_COMPLETED flg=0x8000010 cmp=com.android.calendar/.alerts.AlertReceiver (has extras) }
E/ExtMediaPlayer-JNI( 4312): QCMediaPlayer could not be located....
E/MediaPlayer-JNI( 4312): QCMediaPlayer mediaplayer NOT present
D/EmailBroadcastReceiver( 5538): Received android.intent.action.BOOT_COMPLETED
I/ValidateNoPeople( 4135): final affinity: 0.0
I/ActivityManager( 4135): Start proc com.android.gallery3d for broadcast com.android.gallery3d/org.codeaurora.gallery3d.video.DmReceiver: pid=5718 uid=10036 gids={50036, 9997, 3003, 1028, 1015, 1023, 3002} abi=armeabi-v7a
D/AlertService( 5681): 0 Action = android.intent.action.BOOT_COMPLETED
D/AlertService( 5681): Scheduling next alarm with AlarmScheduler. sEventReminderReceived: null
E/ActivityThread( 5538): Service com.android.email.service.EmailBroadcastProcessorService has leaked ServiceConnection com.android.emailcommon.service.ServiceProxy$ProxyConnection@161cb0de that was originally bound here
E/ActivityThread( 5538): android.app.ServiceConnectionLeaked: Service com.android.email.service.EmailBroadcastProcessorService has leaked ServiceConnection com.android.emailcommon.service.ServiceProxy$ProxyConnection@161cb0de that was originally bound here
E/ActivityThread( 5538): 	at android.app.LoadedApk$ServiceDispatcher.<init>(LoadedApk.java:1073)
E/ActivityThread( 5538): 	at android.app.LoadedApk.getServiceDispatcher(LoadedApk.java:967)
E/ActivityThread( 5538): 	at android.app.ContextImpl.bindServiceCommon(ContextImpl.java:1808)
E/ActivityThread( 5538): 	at android.app.ContextImpl.bindService(ContextImpl.java:1791)
E/ActivityThread( 5538): 	at android.content.ContextWrapper.bindService(ContextWrapper.java:544)
E/ActivityThread( 5538): 	at com.android.emailcommon.service.ServiceProxy.setTask(ServiceProxy.java:184)
E/ActivityThread( 5538): 	at com.android.emailcommon.service.ServiceProxy.test(ServiceProxy.java:229)
E/ActivityThread( 5538): 	at com.android.email.service.EmailServiceUtils.isServiceAvailable(EmailServiceUtils.java:160)
E/ActivityThread( 5538): 	at com.android.email.provider.AccountReconciler.reconcileAccountsInternal(AccountReconciler.java:164)
E/ActivityThread( 5538): 	at com.android.email.provider.AccountReconciler.reconcileAccounts(AccountReconciler.java:113)
E/ActivityThread( 5538): 	at com.android.email.service.EmailBroadcastProcessorService.reconcileAndStartServices(EmailBroadcastProcessorService.java:305)
E/ActivityThread( 5538): 	at com.android.email.service.EmailBroadcastProcessorService.onBootCompleted(EmailBroadcastProcessorService.java:295)
E/ActivityThread( 5538): 	at com.android.email.service.EmailBroadcastProcessorService.onHandleIntent(EmailBroadcastProcessorService.java:130)
E/ActivityThread( 5538): 	at android.app.IntentService$ServiceHandler.handleMessage(IntentService.java:65)
E/ActivityThread( 5538): 	at android.os.Handler.dispatchMessage(Handler.java:102)
E/ActivityThread( 5538): 	at android.os.Looper.loop(Looper.java:135)
E/ActivityThread( 5538): 	at android.os.HandlerThread.run(HandlerThread.java:61)
D/WVMDrmPlugIn( 3696): WVMDrmPlugin::onInitialize : 4315
D/WVMDrmPlugIn( 3696): WVMDrmPlugin::onSetOnInfoListener : add 4315
I/Exchange( 5601): PSS has no active accounts; stopping service.
D/WVMDrmPlugIn( 3696): WVMDrmPlugin::onTerminate : 4315
I/FFmpegExtractor( 3698): android-source:0xb5106060
W/WindowManager( 4135): App freeze timeout expired.
I/FFMPEG  ( 3698): Input #0, ogg, from 'android-source:0xb5106060':
I/FFMPEG  ( 3698):   Duration: 00:00:01.20, start: 0.000000, bitrate: 105 kb/s
I/FFMPEG  ( 3698):     Stream #0:0: Audio: vorbis, 44100 Hz, stereo, fltp, 112 kb/s
D/FFmpegExtractor( 3698): FFmpegExtrator, url: android-source:0xb5106060, format_name: ogg, format_long_name: Ogg
I/FFmpegExtractor( 3698): adjust mime(application/ogg -> audio/vorbis)
D/FFmpegExtractor( 3698): suppoted codec(vorbis) by official Stagefright
D/FFmpegExtractor( 3698): ffmpeg detected media content as 'audio/vorbis' with confidence 0.08
D/AlarmScheduler( 5681): No events found starting within 1 week.
I/ActivityManager( 4135): Killing 4963:com.cyanogenmod.eleven/u0a32 (adj 15): empty #17
E/MediaPlayer( 4312): Should have subtitle controller already set
I/MediaFocusControl( 4135):  AudioFocus  requestAudioFocus() from android.media.AudioManager@22f69644
D/NuPlayerDriver( 3698): start(0xb270d040)
E/MediaPlayer( 4312): Should have subtitle controller already set
I/GenericSource( 3698): start
W/Utils   ( 3698): bool android::canOffloadStream(const android::sp<android::MetaData>&, bool, const android::sp<android::MetaData>&, bool, audio_stream_type_t) No sample bit depth info in meta data
I/str_params( 3698): key: 'SND_CARD_STATUS' value: ''
W/Utils   ( 3698): bool android::canOffloadStream(const android::sp<android::MetaData>&, bool, const android::sp<android::MetaData>&, bool, audio_stream_type_t) No sample bit depth info in meta data
I/str_params( 3698): key: 'SND_CARD_STATUS' value: ''
W/AudioPolicyManager( 3698): getOutput() could not find output for stream 3, samplingRate 0,format 0, channels 3, flags 0
F/NuPlayerRenderer( 3698): frameworks/av/media/libmediaplayerservice/nuplayer/NuPlayerRenderer.cpp:1559 CHECK_EQ( mAudioSink->open( sampleRate, numChannels, (audio_channel_mask_t)channelMask, bitsPerSample > 16 ? AUDIO_FORMAT_PCM_32_BIT : AUDIO_FORMAT_PCM_16_BIT, 8 , __null, __null, (audio_output_flags_t)flags),(status_t)OK) failed: -19 vs. 0
--------- beginning of crash
F/libc    ( 3698): Fatal signal 6 (SIGABRT), code -6 in tid 5746 (NuPlayerRendere)
E/ELEVEN  ( 5034): calling refresh!
W/libprocessgroup( 4135): failed to open /acct/uid_10032/pid_4963/cgroup.procs: No such file or directory
V/KeyguardTouchDelegate( 4312): Connected to keyguard
I/DEBUG   ( 3691): *** *** *** *** *** *** *** *** *** *** *** *** *** *** *** ***
I/DEBUG   ( 3691): Build fingerprint: 'samsung/cm_k3gxx/k3gxx:5.0.2/LRX22G/9269c3e27e:userdebug/test-keys'
I/DEBUG   ( 3691): Revision: '10'
I/DEBUG   ( 3691): ABI: 'arm'
W/NativeCrashListener( 4135): Couldn't find ProcessRecord for pid 3698
I/DEBUG   ( 3691): pid: 3698, tid: 5746, name: NuPlayerRendere  >>> /system/bin/mediaserver <<<
I/DEBUG   ( 3691): signal 6 (SIGABRT), code -6 (SI_TKILL), fault addr --------
I/DEBUG   ( 3691): Abort message: 'frameworks/av/media/libmediaplayerservice/nuplayer/NuPlayerRenderer.cpp:1559 CHECK_EQ( mAudioSink->open( sampleRate, numChannels, (audio_channel_mask_t)channelMask, bitsPerSample > 16 ? AUDIO_FORMAT_PCM_32_BIT : AUDIO_FORMAT_PCM_16_BIT, 8 , __null, __null, (audio_output_flags_t)flags),(status_t)OK) failed: -19 vs. 0'
E/DEBUG   ( 3691): AM write failure (32 / Broken pipe)
I/DEBUG   ( 3691):     r0 00000000  r1 00001672  r2 00000006  r3 00000000
I/DEBUG   ( 3691):     r4 b39ffdb8  r5 00000006  r6 00000016  r7 0000010c
I/DEBUG   ( 3691):     r8 00000000  r9 00000000  sl b39ffc4c  fp b53383d0
I/DEBUG   ( 3691):     ip 00001672  sp b39ff798  lr b6eea7b9  pc b6f0e4e4  cpsr 60000010
I/DEBUG   ( 3691): 
I/DEBUG   ( 3691): backtrace:
I/DEBUG   ( 3691):     #00 pc 000384e4  /system/lib/libc.so (tgkill+12)
I/DEBUG   ( 3691):     #01 pc 000147b5  /system/lib/libc.so (pthread_kill+52)
I/DEBUG   ( 3691):     #02 pc 0001550b  /system/lib/libc.so (raise+10)
I/DEBUG   ( 3691):     #03 pc 00011c35  /system/lib/libc.so (__libc_android_abort+36)
I/DEBUG   ( 3691):     #04 pc 0000fcb8  /system/lib/libc.so (abort+4)
I/DEBUG   ( 3691):     #05 pc 00007739  /system/lib/libcutils.so (__android_log_assert+88)
I/DEBUG   ( 3691):     #06 pc 0004cb6d  /system/lib/libmediaplayerservice.so (android::NuPlayer::Renderer::onOpenAudioSink(android::sp<android::AMessage> const&, bool, bool, bool, unsigned int)+120)
I/DEBUG   ( 3691):     #07 pc 0004ebbb  /system/lib/libmediaplayerservice.so (android::NuPlayer::Renderer::onMessageReceived(android::sp<android::AMessage> const&)+406)
I/DEBUG   ( 3691):     #08 pc 0000abb3  /system/lib/libstagefright_foundation.so (android::ALooperRoster::deliverMessage(android::sp<android::AMessage> const&)+166)
I/DEBUG   ( 3691):     #09 pc 0000a535  /system/lib/libstagefright_foundation.so (android::ALooper::loop()+220)
I/DEBUG   ( 3691):     #10 pc 0000eeb5  /system/lib/libutils.so (android::Thread::_threadLoop(void*)+112)
I/DEBUG   ( 3691):     #11 pc 0000ea25  /system/lib/libutils.so
I/DEBUG   ( 3691):     #12 pc 00013fa3  /system/lib/libc.so (__pthread_start(void*)+30)
I/DEBUG   ( 3691):     #13 pc 00011f93  /system/lib/libc.so (__start_thread+6)
I/ActivityManager( 4135): Killing 5165:com.android.keychain/1000 (adj 15): empty #17
I/DEBUG   ( 3691): 
I/DEBUG   ( 3691): Tombstone written to: /data/tombstones/tombstone_04
I/DEBUG   ( 3691): ********************************************************
I/DEBUG   ( 3691): * Process 3698 has been suspended while crashing.
I/DEBUG   ( 3691): * To attach gdbserver for a gdb connection on port 5039
I/DEBUG   ( 3691): * and start gdbclient:
I/DEBUG   ( 3691): *
I/DEBUG   ( 3691): *     gdbclient /system/bin/mediaserver :5039 5746
I/DEBUG   ( 3691): * or
I/DEBUG   ( 3691): *     dddclient /system/bin/mediaserver :5039 5746
I/DEBUG   ( 3691): *
I/DEBUG   ( 3691): * Wait for gdb to start, then press the VOLUME DOWN key
I/DEBUG   ( 3691): * to let the process continue crashing.
I/DEBUG   ( 3691): ********************************************************
I/BootReceiver( 4135): Copying /data/tombstones/tombstone_04 to DropBox (SYSTEM_TOMBSTONE)
E/SharedPreferencesImpl( 4135): Couldn't create directory for SharedPreferences file shared_prefs/log_files.xml
W/libprocessgroup( 4135): failed to open /acct/uid_1000/pid_5165/cgroup.procs: No such file or directory
I/SystemBroadcastReceiver( 4513): Boot has been completed
I/LauncherIconVisibilityManager( 4513): Activity has already been disabled: ComponentInfo{com.android.inputmethod.latin/com.android.inputmethod.latin.setup.SetupActivity}
I/ActivityManager( 4135): Start proc com.cyanogenmod.lockclock for broadcast com.cyanogenmod.lockclock/.ClockWidgetProvider: pid=5756 uid=10042 gids={50042, 9997, 3003} abi=armeabi-v7a
D/WeatherUpdateService( 5756): Service started, but shouldn't update ... stopping
I/ActivityManager( 4135): Killing 5186:com.android.deskclock/u0a30 (adj 15): empty #17
W/art     ( 4135): Long monitor contention event with owner method=void com.android.server.am.ActivityManagerService.serviceDoneExecuting(android.os.IBinder, int, int, int) from ActivityManagerService.java:15134 waiters=0 for 106ms
W/libprocessgroup( 4135): failed to open /acct/uid_10030/pid_5186/cgroup.procs: No such file or directory
I/ActivityManager( 4135): Start proc org.whispersystems.whisperpush for broadcast org.whispersystems.whisperpush/.service.DirectoryRefreshListener: pid=5783 uid=10056 gids={50056, 9997, 3003} abi=armeabi-v7a
I/ActivityManager( 4135): Killing 5220:eu.chainfire.supersu/u0a58 (adj 15): empty #17
W/art     ( 4135): Long monitor contention event with owner method=void com.android.server.am.BroadcastQueue.processNextBroadcast(boolean) from BroadcastQueue.java:553 waiters=0 for 107ms
W/libprocessgroup( 4135): failed to open /acct/uid_10058/pid_5220/cgroup.procs: No such file or directory
E/PhoneInterfaceManager( 4801): [PhoneIntfMgr] getIccId: ICC ID is null or empty.
W/ActivityManager( 4135): Unable to start service Intent { act=com.google.android.c2dm.intent.REGISTER pkg=com.google.android.gms (has extras) } U=0: not found
I/ActivityManager( 4135): Start proc com.android.cellbroadcastreceiver for broadcast com.android.cellbroadcastreceiver/.CellBroadcastReceiver: pid=5807 uid=10005 gids={50005, 9997} abi=armeabi-v7a
D/CellBroadcastReceiver( 5807): onReceive Intent { act=android.intent.action.SERVICE_STATE flg=0x10 cmp=com.android.cellbroadcastreceiver/.CellBroadcastReceiver (has extras) }
D/CellBroadcastReceiver( 5807): Intent ACTION_SERVICE_STATE_CHANGED
D/CellBroadcastReceiver( 5807): Service state changed! 3 Full: 3 3 home null null null  Unknown Unknown CSS not supported -1 -1 RoamInd=-1 DefRoamInd=-1 EmergOnly=false Current state=-1
I/ActivityManager( 4135): Killing 5258:com.android.dialer/u0a8 (adj 15): empty #17
W/libprocessgroup( 4135): failed to open /acct/uid_10008/pid_5258/cgroup.procs: No such file or directory
D/CellBroadcastReceiver( 5807): onReceive Intent { act=android.intent.action.ACTION_SUBINFO_RECORD_UPDATED flg=0x10 cmp=com.android.cellbroadcastreceiver/.CellBroadcastReceiver (has extras) }
D/bt_vendor( 5141): op for 7
D/SIP     ( 4801): [SipSharedPreferences] isReceivingCallsEnabled, option not set; use default value, exception: android.provider.Settings$SettingNotFoundException: sip_receive_calls
D/CellBroadcastReceiver( 5807): onReceive Intent { act=android.intent.action.SERVICE_STATE flg=0x10 cmp=com.android.cellbroadcastreceiver/.CellBroadcastReceiver (has extras) }
D/CellBroadcastReceiver( 5807): Intent ACTION_SERVICE_STATE_CHANGED
D/CellBroadcastReceiver( 5807): Service state changed! 1 Full: 1 1 home null null null  Unknown Unknown CSS not supported -1 -1 RoamInd=-1 DefRoamInd=-1 EmergOnly=false Current state=-1
D/CellBroadcastReceiver( 5807): onReceive Intent { act=android.intent.action.SERVICE_STATE flg=0x10 cmp=com.android.cellbroadcastreceiver/.CellBroadcastReceiver (has extras) }
D/CellBroadcastReceiver( 5807): Intent ACTION_SERVICE_STATE_CHANGED
D/CellBroadcastReceiver( 5807): Service state changed! 1 Full: 1 1 home null null 72234  GSM Unknown CSS not supported -1 -1 RoamInd=-1 DefRoamInd=-1 EmergOnly=true Current state=-1
V/Mms     ( 5564): onStart: #1 resultCode: -1 = Activity.RESULT_OK
D/AlertReceiver( 5681): onReceive: a=android.intent.action.PROVIDER_CHANGED Intent { act=android.intent.action.PROVIDER_CHANGED dat=content://com.android.calendar flg=0x10 cmp=com.android.calendar/.alerts.AlertReceiver }
D/AlertService( 5681): 0 Action = android.intent.action.PROVIDER_CHANGED
W/SurfaceFlinger( 3693): Ignoring duplicate VSYNC event from HWC (t=23410339419)
W/SurfaceFlinger( 3693): Ignoring duplicate VSYNC event from HWC (t=24085243585)
E/SQLiteLog( 5469): (284) automatic index on view_events(_id)
E/WhisperPush( 5783): GcmRecurringRegistration
E/WhisperPush( 5783): java.io.IOException: SERVICE_NOT_AVAILABLE
E/WhisperPush( 5783): 	at com.google.android.gms.gcm.GoogleCloudMessaging.register(Unknown Source)
E/WhisperPush( 5783): 	at org.whispersystems.whisperpush.gcm.GcmHelper.getRegistrationId(GcmHelper.java:65)
E/WhisperPush( 5783): 	at org.whispersystems.whisperpush.WhisperPush$1.doInBackground(WhisperPush.java:52)
E/WhisperPush( 5783): 	at org.whispersystems.whisperpush.WhisperPush$1.doInBackground(WhisperPush.java:48)
E/WhisperPush( 5783): 	at android.os.AsyncTask$2.call(AsyncTask.java:288)
E/WhisperPush( 5783): 	at java.util.concurrent.FutureTask.run(FutureTask.java:237)
E/WhisperPush( 5783): 	at android.os.AsyncTask$SerialExecutor$1.run(AsyncTask.java:231)
E/WhisperPush( 5783): 	at java.util.concurrent.ThreadPoolExecutor.runWorker(ThreadPoolExecutor.java:1112)
E/WhisperPush( 5783): 	at java.util.concurrent.ThreadPoolExecutor$Worker.run(ThreadPoolExecutor.java:587)
E/WhisperPush( 5783): 	at java.lang.Thread.run(Thread.java:818)
I/GlobalDismissManager( 5681): no sender configured
D/AlertService( 5681): Beginning updateAlertNotification
D/AlertService( 5681): No fired or scheduled alerts
D/AlertService( 5681): Scheduling next alarm with AlarmScheduler. sEventReminderReceived: null
D/AlarmScheduler( 5681): No events found starting within 1 week.
I/PowerManagerService( 4135): Going to sleep due to screen timeout (uid 1000)...
I/Sensors ( 4135): Acc old sensor_state 1, new sensor_state : 0 en : 0
I/PowerManagerService( 4135): Sleeping (uid 1000)...
D/PhoneStatusBar( 4312): disable: < expand ICONS alerts SYSTEM_INFO back HOME RECENT clock SEARCH >
D/PermissionCache( 3693): checking android.permission.READ_FRAME_BUFFER for uid=1000 => granted (241 us)
I/DisplayManagerService( 4135): Display device changed: DisplayDeviceInfo{"Pantalla integrada": 1080 x 1920, 60.000004 fps, supportedRefreshRates [60.000004], density 480, 422.03 x 424.069 dpi, appVsyncOff 0, presDeadline 17666666, touch INTERNAL, rotation 0, type BUILT_IN, state OFF, FLAG_DEFAULT_DISPLAY, FLAG_ROTATES_WITH_CONTENT, FLAG_SECURE, FLAG_SUPPORTS_PROTECTED_BUFFERS}
D/SurfaceFlinger( 3693): Set power mode=0, type=0 flinger=0xb6a62000
D/SurfaceControl( 4135): Excessive delay in setPowerMode(): 185ms
I/Launcher( 4823): Deferring update until onResume
I/InputReader( 4135): Reconfiguring input devices.  changes=0x00000020
I/Launcher( 4823): Deferring update until onResume
W/Launcher( 4823): setApplicationContext called twice! old=com.android.launcher3.LauncherApplication@3570ce32 new=com.android.launcher3.LauncherApplication@3570ce32
W/Searchables( 4135): No global search activity found
I/ActivityManager( 4135): Waited long enough for: ServiceRecord{35268d09 u0 com.cyanogenmod.eleven/.MusicPlaybackService}
I/PowerManagerService( 4135): Waking up from sleep (uid 1000)...
I/DisplayPowerController( 4135): Blocking screen on until initial contents have been drawn.
D/SurfaceFlinger( 3693): Set power mode=2, type=0 flinger=0xb6a62000
I/DisplayManagerService( 4135): Display device changed: DisplayDeviceInfo{"Pantalla integrada": 1080 x 1920, 60.000004 fps, supportedRefreshRates [60.000004], density 480, 422.03 x 424.069 dpi, appVsyncOff 0, presDeadline 17666666, touch INTERNAL, rotation 0, type BUILT_IN, state ON, FLAG_DEFAULT_DISPLAY, FLAG_ROTATES_WITH_CONTENT, FLAG_SECURE, FLAG_SUPPORTS_PROTECTED_BUFFERS}
I/DisplayPowerController( 4135): Unblocked screen on after 42 ms
E/libEGL  ( 4135): call to OpenGL ES API with no current context (logged once per thread)
D/SurfaceControl( 4135): Excessive delay in setPowerMode(): 226ms
I/ActivityManager( 4135): Waited long enough for: ServiceRecord{322c3f04 u0 com.android.calendar/.alerts.InitAlarmsService}
D/AlarmManagerService( 4135): Kernel timezone updated to 180 minutes west of GMT
D/KeyguardUpdateMonitor( 4312): ACTION_SERVICE_STATE_CHANGED on sub: -1 mServiceState: 1 1 home null null 72234  UMTS Unknown CSS not supported -1 -1 RoamInd=-1 DefRoamInd=-1 EmergOnly=true
D/CellBroadcastReceiver( 5807): onReceive Intent { act=android.intent.action.SERVICE_STATE flg=0x10 cmp=com.android.cellbroadcastreceiver/.CellBroadcastReceiver (has extras) }
