D/[CarModeFW]( 5961): Framework-Request-com.sec.android.automotive.drivelink.framework.command.RequestRecommendedContactListForMessage => start time : 1436772367086
D/[CarModeFW]( 5961): Framework-Request-com.sec.android.automotive.drivelink.framework.command.RequestInboxList => start time : 1436772367087
D/[CarMode]( 5961): [DLServiceManager]-requestRecommendedLocationList
D/[CarModeFW]( 5961): Framework-Request-com.sec.android.automotive.drivelink.framework.command.RequestUnreadMessageCount => start time : 1436772367087
D/[CarModeFW]( 5961): Framework-Request-com.sec.android.automotive.drivelink.framework.command.RequestRecommendedLocationList => start time : 1436772367089
I/[CarMode]( 5961): [LogNotNull]-Package name is: com.google.android.apps.maps
E/[CarMode]( 5961): [DLApplication]-Init End!:true
D/[CarModeFW]( 5961): CDH-buildContactCacheWireFrame : cur len =0
D/TP/SmsProvider( 4823): query,matched:2, calling pid = 5961
D/TP/SmsProvider( 4823): query,matched:2, calling pid = 5961
D/TP/SmsProvider( 4823): match 2:Elapsed time : 3.870 ms
D/[CarModeFW]( 5961): RecommendHandler-selection = type = '3'
D/TP/SmsProvider( 4823): match 2:Elapsed time : 4.363 ms
D/MessageDataHandler( 5961):  getInboxList smsCursor : 25
D/[CarModeFW]( 5961): CDH-buildContactCacheWireFrame : cur len =0
D/TP/MmsProvider( 4823): Query uri=content://mms/inbox, match=2, calling pid = 5961
I/SQLiteSecureOpenHelper( 5456): getReadableDatabase(pwd)
I/SQLiteSecureOpenHelper( 5456): getDatabaseLocked(b,b,pwd)...
I/SQLiteSecureOpenHelper( 5456): Open Place.db in secure mode
D/MessageDataHandler( 5961):  getInboxList mmsCursor : 20
D/TP/MmsProvider( 4823): Query uri=content://mms, match=0, calling pid = 5961
D/[CarMode]( 5961): [DLApplication]-GooglePlayServices SUCCESS.
D/MessageDataHandler( 5961):  getInboxList mms,sms cursor join : 12
E/[CarMode]( 5961): [DLApplication]-PREF_CAR_APP_RUNNING is set to false
I/MessageDataHandler( 5961): getUnreadMessageCount :0
D/[CarModeFW]( 5961): Framework-Request-com.sec.android.automotive.drivelink.framework.command.RequestUnreadMessageCount => execute time : 64
D/DialogFlow( 5961): initQueue()
I/SQLiteSecureOpenHelper( 5456): ...getDatabaseLocked(b,b,pwd)
D/SQLiteSecureOpenHelper( 5456): ...getDatabaseLocked(b,b,pwd)
D/[CarModeFW]( 5961): CDH-buildContactCacheWireFrame : cur len =0
D/TP/MmsSmsProvider( 4823): query,matched:0, calling pid = 5961
V/TP/MmsSmsProvider( 4823): getSimpleConversations entered.
D/TP/MmsSmsProvider( 4823): match 0:Elapsed time : 3.033 ms
D/SettingsProvider( 4320): name = vibrate_in_silent
I/System.out( 5918): INFO:Resource not found:/Common.properties Using default values
D/[CarModeFW]( 5961): RecommendHandler-selection = type = '3'
D/[CarModeFW]( 5961): MyPlaceProvider-+++Begin print all data in content provider+++
D/[CarModeFW]( 5961): MyPlaceProvider-=============
D/[CarModeFW]( 5961): MyPlaceProvider-=============
D/[CarModeFW]( 5961): MyPlaceProvider-=============
D/[CarModeFW]( 5961): MyPlaceProvider-=============
D/[CarModeFW]( 5961): MyPlaceProvider----End print all data in content provider---
D/[CarModeFW]( 5961): MyPlaceProvider-==============
D/[CarModeFW]( 5961): MyPlaceProvider-latitude is not valid
D/[CarModeFW]( 5961): MyPlaceProvider-==============
D/[CarModeFW]( 5961): MyPlaceProvider-latitude is not valid
D/[CarModeFW]( 5961): MyPlaceProvider-==============
D/[CarModeFW]( 5961): MyPlaceProvider-latitude is not valid
D/[CarModeFW]( 5961): Framework-Request-com.sec.android.automotive.drivelink.framework.command.RequestCallLogList => execute time : 87
D/[CarModeFW]( 5961): Framework-Request-com.sec.android.automotive.drivelink.framework.command.RequestRecommendedLocationList => execute time : 96
I/[CarModeFW]( 5961): -[snowdeer] Rec : Missed Call : 86
I/Hs20UtilService( 4581): Starting #2
I/Hs20UtilService( 4581): Message received 5007
D/TP/MmsSmsProvider( 4823): query,matched:13, calling pid = 5961
D/TP/MmsSmsProvider( 4823): match 13:Elapsed time : 1.669 ms
D/NearbySettings( 4581): MountReceiver.onReceive - ACTION: android.net.wifi.STATE_CHANGE
I/NearbySettings( 4581): MountReceiver.onReceive - Keep current state
D/[CarModeFW]( 5961): PushMessageService-onCreate
D/StatusBar.NetworkController( 4511): refreshSignalCluster - setNWBoosterIndicators(false)
D/StatusBar.NetworkController( 4511): applyOpen
E/Zygote  ( 5997): MountEmulatedStorage()
E/Zygote  ( 5997): v2
D/StatusBar.NetworkController( 4511): refreshSignalCluster - setNWBoosterIndicators(false)
D/StatusBar.NetworkController( 4511): applyOpen
I/SELinux ( 5997): Function: selinux_compare_spd_ram, SPD-policy is existed. and_ver=SEPF_SM-G900H_5.0 ver=13
D/StatusBar.NetworkController( 4511): refreshSignalCluster - setNWBoosterIndicators(false)
D/StatusBar.NetworkController( 4511): applyOpen
D/StatusBar.NetworkController( 4511): refreshSignalCluster - setNWBoosterIndicators(false)
D/StatusBar.NetworkController( 4511): applyOpen
I/SELinux ( 5997): Function: selinux_compare_spd_ram , priority [1] , priority version is VE=SEPF_SM-G900H_5.0_0013
E/SELinux ( 5997): [DEBUG] get_category: variable seinfo: shared sensitivity: NULL, cateogry: NULL
D/MessageDataHandler( 5961):  getInboxList address cursor : 138
I/[CarModeFW]( 5961): -[snowdeer] Rec : Favorite : 133
D/TP/MmsSmsProvider( 4823): query,matched:0, calling pid = 5961
V/TP/MmsSmsProvider( 4823): getSimpleConversations entered.
D/TP/MmsSmsProvider( 4823): match 0:Elapsed time : 2.070 ms
D/MessageDataHandler( 5961):  getInboxList thread cursor : 17
D/[CarMode]( 5961): [DLServiceManager]-[LOADINGLIST] Loading list[com.sec.android.automotive.drivelink.framework.manager.content.location.DLLocationMyPlace@c74f12c7, com.sec.android.automotive.drivelink.framework.manager.content.location.DLLocationMyPlace@f2e0e4b1] LOCATIONS
D/[CarModeFW]( 5961): PushMessageManager-onServiceConnected
D/[CarModeFW]( 5961): PushMessageService-registerPushMessageServiceListener
D/MessageDataHandler( 5961):  thread, addr result: 10
I/[CarModeFW]( 5961): ContentManager-com.sec.android.automotive.drivelink.framework.manager.content.ContentManager end getInboxList() : 264
I/[CarModeFW]( 5961): ContentManager-com.sec.android.automotive.drivelink.framework.manager.content.ContentManager end getInboxListWithContactData() : 0
D/[CarModeFW]( 5961): Framework-Request-com.sec.android.automotive.drivelink.framework.command.RequestInboxList => execute time : 264
I/art     ( 3647): Explicit concurrent mark sweep GC freed 8740(371KB) AllocSpace objects, 0(0B) LOS objects, 39% free, 15MB/25MB, paused 346us total 40.274ms
I/[CarModeFW]( 5961): -[snowdeer] Rec : CallLog : 28
D/TimaKeyStoreProvider( 5997): TimaSignature is unavailable
D/ActivityThread( 5997): Added TimaKeyStore provider
I/art     ( 3647): Explicit concurrent mark sweep GC freed 5(160B) AllocSpace objects, 0(0B) LOS objects, 39% free, 15MB/25MB, paused 299us total 10.960ms
I/art     ( 3647): Explicit concurrent mark sweep GC freed 5(160B) AllocSpace objects, 0(0B) LOS objects, 39% free, 15MB/25MB, paused 265us total 10.300ms
E/Zygote  ( 6012): MountEmulatedStorage()
E/Zygote  ( 6012): v2
I/SELinux ( 6012): Function: selinux_compare_spd_ram, SPD-policy is existed. and_ver=SEPF_SM-G900H_5.0 ver=13
I/SELinux ( 6012): Function: selinux_compare_spd_ram , priority [1] , priority version is VE=SEPF_SM-G900H_5.0_0013
E/SELinux ( 6012): [DEBUG] get_category: variable seinfo: release sensitivity: NULL, cateogry: NULL
D/ResourcesManager( 5997): creating new AssetManager and set to /system/priv-app/SecContacts/SecContacts.apk
D/TimaKeyStoreProvider( 6012): TimaSignature is unavailable
D/ActivityThread( 6012): Added TimaKeyStore provider
E/Zygote  ( 6027): MountEmulatedStorage()
E/Zygote  ( 6027): v2
I/SELinux ( 6027): Function: selinux_compare_spd_ram, SPD-policy is existed. and_ver=SEPF_SM-G900H_5.0 ver=13
I/SELinux ( 6027): Function: selinux_compare_spd_ram , priority [1] , priority version is VE=SEPF_SM-G900H_5.0_0013
E/SELinux ( 6027): [DEBUG] get_category: variable seinfo: platform sensitivity: NULL, cateogry: NULL
D/TimaKeyStoreProvider( 6027): TimaSignature is unavailable
D/ActivityThread( 6027): Added TimaKeyStore provider
D/ResourcesManager( 6012): creating new AssetManager and set to /system/priv-app/SecCalendarProvider/SecCalendarProvider.apk
D/ResourcesManager( 6027): creating new AssetManager and set to /system/priv-app/DocumentService/DocumentService.apk
I/CalendarProvider2( 6012): CalendarProvider2.onCreate() called
I/ThumbnailProvider( 6027): ThumbnailProvider onCreate()
D/EasySignUpManager_1.15.0305( 5997): serviceId : 0, features : -1
I/BroadcastProcessorService( 6027): DocumentService onHandleIntent ACTION_POWER_DISCONNECTED 
I/BroadcastProcessorService( 6027): [CURRENT_STATE] DocumentService state: SERVICE_NOT_STARTED
I/Process ( 6027): Sending signal. PID: 6027 SIG: 9
E/Zygote  ( 6049): MountEmulatedStorage()
E/Zygote  ( 6049): v2
I/SELinux ( 6049): Function: selinux_compare_spd_ram, SPD-policy is existed. and_ver=SEPF_SM-G900H_5.0 ver=13
I/SELinux ( 6049): Function: selinux_compare_spd_ram , priority [1] , priority version is VE=SEPF_SM-G900H_5.0_0013
E/SELinux ( 6049): [DEBUG] get_category: variable seinfo: platform sensitivity: NULL, cateogry: NULL
D/SecContentProvider2( 4320): uri = 18 selection = isCopyContactToSimAllowed
D/SecContentProvider2( 4320): mCursor = null
D/SecContentProvider2( 4320): isCopyContactToSimAllowed = true
D/TimaKeyStoreProvider( 6049): TimaSignature is unavailable
D/ActivityThread( 6049): Added TimaKeyStore provider
D/ResourcesManager( 6049): creating new AssetManager and set to /system/priv-app/SecGallery2014/SecGallery2014.apk
D/SecContentProvider2( 4320): uri = 11 selection = getMyKnoxAdmin
D/SecContentProvider2( 4320): mCursor = null
D/AbsListView( 5997): Get MotionRecognitionManager
W/ServiceManager( 4320): Permission failure: com.samsung.permission.SSENSOR from uid=10048 pid=6049
D/PermissionCache( 4320): checking com.samsung.permission.SSENSOR for uid=10048 => denied (166 us)
I/SensorService( 4320): Skipped sensor HRM Sensor because it requires permission 
W/ServiceManager( 4320): Permission failure: android.permission.BODY_SENSORS from uid=10048 pid=6049
D/PermissionCache( 4320): checking android.permission.BODY_SENSORS for uid=10048 => denied (82 us)
I/SensorService( 4320): Skipped sensor HeartRate Sensor because it requires permission android.permission.BODY_SENSORS
I/SensorService( 4320): Skipped sensor MAX86900 because it requires permission 
I/[CarModeFW]( 5961): -[snowdeer] Rec : Schedule : 1016
I/[CarModeFW]( 5961): -[snowdeer] Rec : During DL app : 2
D/Spen    ( 6049): SpenSdk version level = 55
D/Spen    ( 6049): SpenSdk jar version = 3.0.238
I/[CarModeFW]( 5961): -[snowdeer] Rec : Location Sharing : 3
I/[CarModeFW]( 5961): -[snowdeer] Rec : POI : 0
D/Spen    ( 6049): SpenSdk apk version = 3.0.238
D/Spen    ( 6049): Server UPDATE Check
I/[CarModeFW]( 5961): -[snowdeer] Rec : getContactListFromHashMap - core : 0
I/[CarModeFW]( 5961): -[snowdeer] Rec : getContactListFromHashMap - duplicated : 0
I/[CarModeFW]( 5961): -[snowdeer] Rec : getContactListFromHashMap - rescan[New] : 0
I/[CarModeFW]( 5961): -[snowdeer] Rec : getContactListFromHashMap : 0
D/[CarModeFW]( 5961): Framework-Request-com.sec.android.automotive.drivelink.framework.command.RequestRecommendedContactListForCall => execute time : 1291
I/[CarModeFW]( 5961): -[snowdeer] Rec : getContactListFromHashMap - core : 0
I/[CarModeFW]( 5961): -[snowdeer] Rec : getContactListFromHashMap - duplicated : 0
I/[CarModeFW]( 5961): -[snowdeer] Rec : getContactListFromHashMap - rescan[New] : 0
D/[CarModeFW]( 5961): Framework-Request-com.sec.android.automotive.drivelink.framework.command.RequestRecommendedContactListForMessage => execute time : 1291
W/linker  ( 6049): libSPenBase.so has text relocations. This is wasting memory and prevents security hardening. Please fix.
D/SPenError( 6049): JNI_OnLoad
D/JNI_Bitmap( 6049): Init .. Done
D/SPenSpiDecoder( 6049): JNI_OnLoad .. Done
D/SPenError( 6049): JNI_OnLoad Success
D/PluginManager( 6049): Registering com/samsung/android/sdk/pen/plugin/framework/JniPluginManager natives
D/PluginManager( 6049): Registering com/samsung/android/sdk/pen/plugin/framework/SpenPluginManager$PluginListener natives
D/Init_SPenSdk_Jni( 6049): JNI_OnLoad
D/Init_SPenSdk_Jni( 6049): AndroidSDK: 21
D/Init_SPenSdk_Jni( 6049): JNI_OnLoad .. Done
D/Model_ObjectBase_Jni( 6049): JNI_OnLoad .. Done
D/Model_ObjectStroke_Jni( 6049): JNI_OnLoad .. Done
D/Model_ObjectImage_Jni( 6049): JNI_OnLoad .. Done
D/Model_ObjectText_Jni( 6049): JNI_OnLoad .. Done
D/Model_ObjectContainer_Jni( 6049): JNI_OnLoad .. Done
D/Model_PageDoc_Jni( 6049): JNI_OnLoad .. Done
D/Model_NoteDoc_Jni( 6049): check build type eng[0]
D/Model_NoteDoc_Jni( 6049): JNI_OnLoad .. Done
D/Model_NoteFile_Jni( 6049): JNI_OnLoad .. Done
D/Model_ObjectUtil_Jni( 6049): JNI_OnLoad .. Done
D/Model   ( 6049): OnLoad class Done
D/spe_log ( 6049): SPen::GLRenderThreadImpl::GLRenderThreadImpl() Initialize: 0
D/SPen_Library( 6049): Draw Engine JNI_OnLoad enter!!
D/SPen_Library( 6049): Canvas JNI_OnLoad enter!!
D/SPen_Library( 6049): Canvas JNI_OnLoad Success
D/SPen_Library( 6049): TextView JNI_OnLoad enter!!
D/SPen_Library( 6049): TextView JNI_OnLoad Success
D/SPen_Library( 6049): Text JNI_OnLoad enter!!
D/SPen_Library( 6049): Text JNI_OnLoad Success
D/SPen_Library( 6049): FontManager JNI_OnLoad enter!!
D/SPen_Library( 6049): FontManager JNI_OnLoad Success
D/SPen_Library( 6049): CapturePage JNI_OnLoad enter!!
D/SPen_Library( 6049): CapturePage JNI_OnLoad Success
D/SPen_Library( 6049): Multi JNI_OnLoad enter!!
D/SPen_Library( 6049): Multi JNI_OnLoad Success
D/SPen_Library( 6049): Draw Engine JNI_OnLoad Success
D/SPen_Library( 6049): Brush JNI_OnLoad enter!!
D/SPen_Library( 6049): Brush JNI_OnLoad Success
D/SPen_Library( 6049): ChineseBrush JNI_OnLoad enter!!
D/SPen_Library( 6049): ChineseBrush JNI_OnLoad Success
D/SPen_Library( 6049): InkPen JNI_OnLoad enter!!
D/SPen_Library( 6049): InkPen JNI_OnLoad Success
D/SPen_Library( 6049): Marker JNI_OnLoad enter!!
D/SPen_Library( 6049): Marker JNI_OnLoad Success
D/SPen_Library( 6049): Pencil JNI_OnLoad enter!!
D/SPen_Library( 6049): Pencil JNI_OnLoad Success
D/SPen_Library( 6049): NativePen JNI_OnLoad enter!!
D/SPen_Library( 6049): NativePen JNI_OnLoad Success
D/SPen_Library( 6049): MontblancFountainPen JNI_OnLoad enter!!
D/SPen_Library( 6049): MontblancFountainPen JNI_OnLoad Success
D/SPen_Library( 6049): MontblancCalligraphyPen JNI_OnLoad enter!!
D/SPen_Library( 6049): MontblancCalligraphyPen JNI_OnLoad Success
D/SPen_Library( 6049): MagicPen JNI_OnLoad enter!!
D/SPen_Library( 6049): MagicPen JNI_OnLoad Success
D/SPen_Library( 6049): ObliquePen JNI_OnLoad enter!!
D/SPen_Library( 6049): ObliquePen JNI_OnLoad Success
D/SPen_Library( 6049): FountainPen JNI_OnLoad enter!!
D/SPen_Library( 6049): FountainPen JNI_OnLoad Success
D/Spen    ( 6049): SpenSdk Libraries are loaded.
D/Init_SPenSdk_Jni( 6049): SPenSdk_init2
D/Init_SPenSdk( 6049): Init - screen_width = 1080, screen_height = 1920, maxCacheSize = 5 M
D/Init_SPenSdk( 6049): Total S Pen SDK Directory Size = 0
D/Spen    ( 6049): initialize complete
D/NearbySource( 6049): Nearby Source Create!
D/NearbyContext( 6049): Nearby Context Create!
W/ContextImpl( 6049): Failed to ensure directory: /storage/extSdCard/Android/data/com.sec.android.gallery3d/cache
D/SLinkSource( 6049): Samsung link source created
D/ContactProvider( 6049): getAllContactInfoList Start
D/GalleryCacheReady( 6049): Receive : home resume
E/Zygote  ( 6077): MountEmulatedStorage()
E/Zygote  ( 6077): v2
I/SELinux ( 6077): Function: selinux_compare_spd_ram, SPD-policy is existed. and_ver=SEPF_SM-G900H_5.0 ver=13
I/SELinux ( 6077): Function: selinux_compare_spd_ram , priority [1] , priority version is VE=SEPF_SM-G900H_5.0_0013
E/SELinux ( 6077): [DEBUG] get_category: variable seinfo: release sensitivity: NULL, cateogry: NULL
D/KeyguardUpdateMonitor( 4511): received broadcast android.intent.action.BATTERY_CHANGED
D/KeyguardUpdateMonitor( 4511): handleBatteryUpdate
D/TimaKeyStoreProvider( 6077): TimaSignature is unavailable
D/ActivityThread( 6077): Added TimaKeyStore provider
D/ResourcesManager( 6077): creating new AssetManager and set to /system/priv-app/SecMms_Candy/SecMms_Candy.apk
I/art     ( 4320): Explicit concurrent mark sweep GC freed 17582(993KB) AllocSpace objects, 0(0B) LOS objects, 32% free, 32MB/48MB, paused 1.527ms total 182.157ms
E/SQLiteLog( 4531): (283) recovered 9 frames from WAL file /data/data/com.android.providers.media/databases/person.db-wal
E/Zygote  ( 6092): MountEmulatedStorage()
E/Zygote  ( 6092): v2
I/SELinux ( 6092): Function: selinux_compare_spd_ram, SPD-policy is existed. and_ver=SEPF_SM-G900H_5.0 ver=13
I/SELinux ( 6092): Function: selinux_compare_spd_ram , priority [1] , priority version is VE=SEPF_SM-G900H_5.0_0013
E/SELinux ( 6092): [DEBUG] get_category: variable seinfo: platform sensitivity: NULL, cateogry: NULL
D/Mms/MmsApp( 6077): [start]    onCreate() consume time = 0.0
D/ContactProvider( 6049): getAllContactInfoList End
I/syncContacts( 6049): thread: 298, sync time = 361
D/Mms/TelephonyPermission( 6077): start operation mode monitor
D/ResourcesManager( 6077): creating new AssetManager and set to /system/app/Hangouts/Hangouts.apk
D/TimaKeyStoreProvider( 6092): TimaSignature is unavailable
D/ActivityThread( 6092): Added TimaKeyStore provider
D/Mms/TelephonyPermission( 6077): DefaultSmsApp is com.android.mms
D/Mms/TelephonyPermission( 6077): isDefault true
D/Mms/MmsApp( 6077): onCreate() com.android.mms
D/ResourcesManager( 6092): creating new AssetManager and set to /system/priv-app/DocumentService/DocumentService.apk
D/Mms/MmsConfig( 6077): [start]    MmsConfig.init() consume time = 106.035958
D/Mms/MmsConfig( 6077): before partial update
I/ThumbnailProvider( 6092): ThumbnailProvider onCreate()
D/EasySignUpManager( 6077): serviceId : 1, features : -1
D/Mms/MmsConfig( 6077): setFreeMessageEnabled, free message policy(getSupportedFeatures) is = -1
I/BroadcastProcessorService( 6092): DocumentService onHandleIntent ACTION_POWER_DISCONNECTED 
I/BroadcastProcessorService( 6092): [CURRENT_STATE] DocumentService state: SERVICE_NOT_STARTED
I/Process ( 6092): Sending signal. PID: 6092 SIG: 9
D/TP/MmsSmsProvider( 4823): query,matched:2117, calling pid = 6077
D/TP/MmsSmsProvider( 4823): match 2117:Elapsed time : 3.524 ms
D/EasySignUpManager( 6077): serviceId : 3, features : -1
D/Mms/MmsConfig( 6077): Shop agent feature value :-1
D/Mms/MmsConfig( 6077): Load Resize quality : 80
D/Mms/MmsConfig( 6077):  enable multiwindow = true
E/Mms/MessageUtils( 6077): setCountryDetector : update country detector info 
E/Mms/MessageUtils( 6077): updateCountryIso : update country iso info 
D/Mms/MmsConfig( 6077): [end]    init() consume time = 82.714792
D/Mms/MmsApp( 6077): [start]    initCountryIso consume time = 0.08925
D/Mms/MmsApp( 6077): [end]    initCountryIso consume time = 5.308875
D/Mms/Contact( 6077): [start]    init() consume time = 1.80175
D/TP/MmsSmsProvider( 4823): query,matched:13, calling pid = 6077
D/TP/MmsSmsProvider( 4823): match 13:Elapsed time : 1.699 ms
V/BitmapFactory( 6077): DecodeImagePath(decodeResourceStream3) : res/drawable-xxhdpi-v4/msg_list_thumbnail.pkm
I/GFX_ETC2( 6077): Creating ETC2 SkCompressedImageRef Object with bytelength=14400 width:120 height:120 internalFormat:480 rowBytes:-1261406208
D/Mms/Contact( 6077): [end]    init consume time = 18.740666
D/Mms/Conversation( 6077): [start]    init() consume time = 6.521792
D/Mms/DraftCache( 6077): [start]    rebuildCache consume time = 0.755333
D/TP/MmsSmsDatabaseHelper( 4823): [MmsSmsDb] tableName: threads hasAutoIncrement: CREATE TABLE threads (_id INTEGER PRIMARY KEY AUTOINCREMENT,date INTEGER DEFAULT 0,message_count INTEGER DEFAULT 0,recipient_ids TEXT,snippet TEXT,snippet_cs INTEGER DEFAULT 0,read INTEGER DEFAULT 1,archived INTEGER DEFAULT 0,type INTEGER DEFAULT 0,error INTEGER DEFAULT 0,has_attachment INTEGER DEFAULT 0,unread_count INTEGER DEFAULT 0,alert_expired INTEGER DEFAULT 1,reply_all INTEGER DEFAULT -1,group_snippet TEXT,message_type INTEGER DEFAULT 0,display_recipient_ids TEXT,translate_mode TEXT default 'off',secret_mode INTEGER DEFAULT 0,safe_message INTEGER DEFAULT 0) result: true
D/TP/MmsSmsDatabaseHelper( 4823): [MmsSmsDb] tableName: canonical_addresses hasAutoIncrement: CREATE TABLE canonical_addresses (_id INTEGER PRIMARY KEY AUTOINCREMENT,address TEXT) result: true
D/TP/MmsSmsDatabaseHelper( 4823): [MmsSmsDb] tableName: part hasAutoIncrement: CREATE TABLE part (_id INTEGER PRIMARY KEY AUTOINCREMENT,mid INTEGER,seq INTEGER DEFAULT 0,ct TEXT,name TEXT,chset INTEGER,cd TEXT,fn TEXT,cid TEXT,cl TEXT,ctt_s INTEGER,ctt_t TEXT,_data TEXT,text TEXT) result: true
D/TP/MmsSmsDatabaseHelper( 4823): [MmsSmsDb] tableName: pdu hasAutoIncrement: CREATE TABLE pdu (_id INTEGER PRIMARY KEY AUTOINCREMENT,thread_id INTEGER,date INTEGER,date_sent INTEGER DEFAULT 0,msg_box INTEGER,read INTEGER DEFAULT 0,m_id TEXT,sub TEXT,sub_cs INTEGER,ct_t TEXT,ct_l TEXT,exp INTEGER,m_cls TEXT,m_type INTEGER,v INTEGER,m_size INTEGER,pri INTEGER,rr INTEGER,rpt_a INTEGER,resp_st INTEGER,st INTEGER,tr_id TEXT,retr_st INTEGER,retr_txt TEXT,retr_txt_cs INTEGER,read_status INTEGER,ct_cls INTEGER,resp_txt TEXT,d_tm INTEGER,d_rpt INTEGER,locked INTEGER DEFAULT 0,sub_id INTEGER DEFAULT -1, seen INTEGER DEFAULT 0,creator TEXT,sim_slot INTEGER DEFAULT 0,sim_imsi TEXT,deletable INTEGER DEFAULT 0,hidden INTEGER DEFAULT 0,app_id INTEGER DEFAULT 0,msg_id INTEGER DEFAULT 0,callback_set INTEGER DEFAULT 0,reserved INTEGER DEFAULT 0,text_only INTEGER DEFAULT 0,spam_report INTEGER DEFAULT 0,safe_message INTEGER DEFAULT 0) result: true
D/TP/MmsSmsDatabaseHelper( 4823): [getWritableDatabase] hasAutoIncrementThreads: true hasAutoIncrementAddresses: true hasAutoIncrementPart: true hasAutoIncrementPdu: true
D/TP/MmsSmsProvider( 4823): query,matched:12, calling pid = 6077
D/TP/MmsSmsProvider( 4823): deleteConversation threadId: 9223372036854775807
D/TP/MmsSmsProvider( 4823): match 12:Elapsed time : 6.512 ms
D/TP/MmsSmsProvider( 4823): delete URI_CONVERSATIONS_MESSAGES affectedRows=0
D/Mms/DraftCache( 6077): [end]    rebuildCache consume time = 16.532375
E/SQLiteLog( 4823): (284) automatic index on im_threads(normal_thread_id)
E/SQLiteLog( 4823): (284) automatic index on im_threads(normal_thread_id)
E/SQLiteLog( 4823): (284) automatic index on im_threads(normal_thread_id)
E/SQLiteLog( 4823): (284) automatic index on im_threads(normal_thread_id)
E/SQLiteLog( 4823): (284) automatic index on im_threads(normal_thread_id)
E/SQLiteLog( 4823): (284) automatic index on im_threads(normal_thread_id)
D/TP/MmsSmsProvider( 4823): delete threadId: 9223372036854775807
D/TP/MmsSmsProvider( 4823): need read changed broadcast:false
D/Mms/Conversation( 6077): [end]    init consume time = 7.659834
D/Mms/TelephonyUtils( 6077): getSubId from simSlot 0, return Value = -1
D/Mms/DownloadManager( 6077): roaming -> false (slotId = 0)
D/Mms/DownloadManager( 6077): [NotificationTransaction] getAutoDownloadState simSlot : 0
D/Mms/DownloadManager( 6077): auto download without roaming -> true
D/Mms/DownloadManager( 6077): [NotificationTransaction] getAutoDownloadState alwaysAuto : false, roaming : false
E/Mms/TelephonyUtils( 6077): subID is null or 0 length, so get DefaultSubId!!
D/Mms/TelephonyUtils( 6077): getSubId from simSlot 1, return Value = 9223372036854775807
D/Mms/DownloadManager( 6077): roaming -> false (slotId = 1)
D/Mms/DownloadManager( 6077): [NotificationTransaction] getAutoDownloadState simSlot : 1
D/Mms/DownloadManager( 6077): auto download without roaming -> true
D/Mms/DownloadManager( 6077): [NotificationTransaction] getAutoDownloadState alwaysAutoSecondary : false, roaming : false
D/Mms/DownloadManager( 6077): auto download during roaming secondary -> false
D/Mms/DownloadManager( 6077): mAutoDownload ------> true
D/Mms/MessagingNotification( 6077): [start]    init() consume time = 15.0915
D/Mms/MessagingNotification( 6077): [end]    init consume time = 2.899208
D/Mms/SpamFilter( 6077): [start]    SpamFilter fill() begin consume time = 4.937167
D/TP/MmsSmsProvider( 4823): query,matched:400, calling pid = 6077
D/Mms/MmsApp( 6077): [end]    onCreate() consume time = 2.639916
D/Mms/UIEventReceiver( 6077): ui event
D/Mms/DownloadManager( 6077): Service state changed: Bundle[mParcelledData.dataSize=708]
D/Mms/DownloadManager( 6077): roaming ------> false, mSimSlot = 0
D/Mms/TelephonyUtils( 6077): getSubId from simSlot 0, return Value = -1
D/Mms/Synchronizer( 6077): [start]    doSync consume time = 12.907
D/Mms/DownloadManager( 6077): roaming -> false (slotId = 0)
D/Mms/DownloadManager( 6077): [NotificationTransaction] getAutoDownloadState simSlot : 0
D/Mms/DownloadManager( 6077): auto download without roaming -> true
D/Mms/DownloadManager( 6077): [NotificationTransaction] getAutoDownloadState alwaysAuto : false, roaming : false
D/Mms/DownloadManager( 6077): mAutoDownload ------> true
D/Mms/SpamFilter( 6077): [end]    SpamFilter fill() finished consume time = 3.196709
D/TP/MmsSmsProvider( 4823): query,matched:0, calling pid = 6077
V/TP/MmsSmsProvider( 4823): getSimpleConversations entered.
D/TP/MmsSmsProvider( 4823): match 0:Elapsed time : 1.111 ms
D/TP/MmsSmsProvider( 4823): update uri: content://mms-sms/db_synchronization
V/TP/MmsSmsProvider( 4823): syncDBData start
V/TP/MmsSmsProvider( 4823): syncDBData sms end
V/TP/MmsSmsProvider( 4823): syncDBData mms end
V/TP/MmsSmsProvider( 4823): syncDBData end
E/Zygote  ( 6118): MountEmulatedStorage()
E/Zygote  ( 6118): v2
I/SELinux ( 6118): Function: selinux_compare_spd_ram, SPD-policy is existed. and_ver=SEPF_SM-G900H_5.0 ver=13
I/SELinux ( 6118): Function: selinux_compare_spd_ram , priority [1] , priority version is VE=SEPF_SM-G900H_5.0_0013
E/SELinux ( 6118): [DEBUG] get_category: variable seinfo: shared sensitivity: NULL, cateogry: NULL
D/Mms/Synchronizer( 6077): [end]    doSync consume time = 63.566125
I/CalendarProvider2( 6012): Sending notification intent: Intent { act=android.intent.action.PROVIDER_CHANGED dat=content://com.android.calendar }
D/Mms/MessagingNotification( 6077): checkBadgeCount unreadCount=0 badgeCount=0
D/TP/SmsProvider( 4823): query,matched:26, calling pid = 6077
D/TP/SmsProvider( 4823): match 26:Elapsed time : 0.978 ms
I/dhcpcd  ( 4961): wlan0: sending IPv6 Router Solicitation
I/dhcpcd  ( 4961): wlan0: no IPv6 Routers available
D/TimaKeyStoreProvider( 6118): TimaSignature is unavailable
D/ActivityThread( 6118): Added TimaKeyStore provider
D/TP/MmsSmsProvider( 4823): query,matched:6, calling pid = 6077
D/TP/MmsSmsProvider( 4823): match 6:Elapsed time : 1.235 ms
I/Mms/ReservationManager( 6077): ReservationManager()
I/Mms/ReservationManager( 6077): resetAfterConnected()
D/ResourcesManager( 6118): creating new AssetManager and set to /system/app/DigitalClock/DigitalClock.apk
D/TP/MmsSmsProvider( 4823): query,matched:7, calling pid = 6077
D/TP/MmsSmsProvider( 4823): match 7:Elapsed time : 3.983 ms
I/Mms/ReservationManager( 6077): getReservedSendMessageCount(): retMessageCount=0
E/Zygote  ( 6133): MountEmulatedStorage()
E/Zygote  ( 6133): v2
I/SELinux ( 6133): Function: selinux_compare_spd_ram, SPD-policy is existed. and_ver=SEPF_SM-G900H_5.0 ver=13
I/SELinux ( 6133): Function: selinux_compare_spd_ram , priority [1] , priority version is VE=SEPF_SM-G900H_5.0_0013
E/SELinux ( 6133): [DEBUG] get_category: variable seinfo: shared sensitivity: NULL, cateogry: NULL
D/TimaKeyStoreProvider( 6133): TimaSignature is unavailable
D/ActivityThread( 6133): Added TimaKeyStore provider
E/Zygote  ( 6148): MountEmulatedStorage()
E/Zygote  ( 6148): v2
I/SELinux ( 6148): Function: selinux_compare_spd_ram, SPD-policy is existed. and_ver=SEPF_SM-G900H_5.0 ver=13
I/SELinux ( 6148): Function: selinux_compare_spd_ram , priority [1] , priority version is VE=SEPF_SM-G900H_5.0_0013
E/SELinux ( 6148): [DEBUG] get_category: variable seinfo: platform sensitivity: NULL, cateogry: NULL
D/ResourcesManager( 6133): creating new AssetManager and set to /system/app/DualClockDigital/DualClockDigital.apk
D/TimaKeyStoreProvider( 6148): TimaSignature is unavailable
D/ActivityThread( 6148): Added TimaKeyStore provider
D/ResourcesManager( 6148): creating new AssetManager and set to /system/priv-app/OmaCP/OmaCP.apk
D/GeoLookout( 5310): H: oG7yKmvlgCB+MeB9ScCFjRATu9ZqRwmv7A7uEos9Q9mvO4YDA6qaoxYEtGEMNH1w
D/GeoLookout( 5310): H: oG7yKmvlgCB+MeB9ScCFjRej64htfcxG5kL3SHyGYDnr4brh3hp83PTv8sTeWgfzb09Wu8w+l9FeW3bXb18r1tcp17zAuCthjNMD7/ctUpMsPOZWZzY9gg1XBOkZWTGk
D/GeoLookout( 5310): H: oG7yKmvlgCB+MeB9ScCFjfFK6n2WxeJSk2pAGNbQ5p0X1S2Rcjfuoz/uR69LW7q4dRvDIbb+p93sEFNr9NIFsA==
D/GeoLookout( 5310): H: oG7yKmvlgCB+MeB9ScCFjYXOqDX8ezzeYFlqIugeVh9tddYklHQaYJQeZ5D1n0CWhpLwjVw6z1MjJ35DMCBpaiDarp/XHnFoZkDEv7L3KA0=
D/GeoLookout( 5310): H: oG7yKmvlgCB+MeB9ScCFjfFK6n2WxeJSk2pAGNbQ5p22QnYVOq7PKBLe2qMCpGYydjAdGQcIiahEY/ZKpSgLLdWk9sWz2GyOXv6qxHaW2H26fDXZ20X1h16kWUzITBbTh7G11qed9LU9uS7nht+c434ovyAFMeLCkHYTLVI5fwY=
D/GeoLookout( 5310): H: oG7yKmvlgCB+MeB9ScCFjfFK6n2WxeJSk2pAGNbQ5p3XGW9731/b3rcTnBUpVV7cdjAdGQcIiahEY/ZKpSgLLdWk9sWz2GyOXv6qxHaW2H26fDXZ20X1h16kWUzITBbTuusrI/cx+kAef/132msRDOjT1uSoU6fTNM2FcLdxHvc=
D/GeoLookout( 5310): H: oG7yKmvlgCB+MeB9ScCFjfFK6n2WxeJSk2pAGNbQ5p2JyN4reRVmsjd9hDStHSrotCc+mJqVQceay8W/Aon4dQ==
D/GeoLookout( 5310): H: oG7yKmvlgCB+MeB9ScCFjfFK6n2WxeJSk2pAGNbQ5p1uWsUHzWsv+tlyIgF4nsoYQRDW3di+2lqtjRvD6Foc0OSK79yglawLMq2qfKHF0t+rzoiO7awSXeKcgiSJMfNZu89EQ821mpIbyCdOp1WNyQ==
D/GeoLookout( 5310): H: oG7yKmvlgCB+MeB9ScCFjfFK6n2WxeJSk2pAGNbQ5p3cXw/c05/SMEtFN8iBNLnY4tvU5wsp5Dwccfz++DFQoQ==
D/GeoLookout( 5310): H: oG7yKmvlgCB+MeB9ScCFjfFK6n2WxeJSk2pAGNbQ5p1QdJyd/p15/7HTe6I45I69M4svW0ahfvr+YIey5W092wGcTlQvpBSgOqyfO72Z3wUxq59dXfXVWbt+zgy3TJ0U
D/GeoLookout( 5310): H: oG7yKmvlgCB+MeB9ScCFjRATu9ZqRwmv7A7uEos9Q9mvO4YDA6qaoxYEtGEMNH1w
D/GeoLookout( 5310): H: oG7yKmvlgCB+MeB9ScCFjRej64htfcxG5kL3SHyGYDnr4brh3hp83PTv8sTeWgfzb09Wu8w+l9FeW3bXb18r1tcp17zAuCthjNMD7/ctUpMsPOZWZzY9gg1XBOkZWTGk
D/GeoLookout( 5310): H: oG7yKmvlgCB+MeB9ScCFjVjhROowReQZ6uZ83+PHbxXxfrUuNQHmPlY4PsIKqeHXpHMfmw7BKa8EvZP1XFE95vEpSHlOxg9XQoR6KQvcMJUezCj+VlRSvYmiaFKv4yMdF9ANJ7ri8t1rvBR++sDAZA==
D/Mms/Omacp( 6077): checkOmacp()  old OmacpCount 0 current OmacpCount = 0
E/Zygote  ( 6164): MountEmulatedStorage()
E/Zygote  ( 6164): v2
I/SELinux ( 6164): Function: selinux_compare_spd_ram, SPD-policy is existed. and_ver=SEPF_SM-G900H_5.0 ver=13
I/SELinux ( 6164): Function: selinux_compare_spd_ram , priority [1] , priority version is VE=SEPF_SM-G900H_5.0_0013
E/SELinux ( 6164): [DEBUG] get_category: variable seinfo: platform sensitivity: NULL, cateogry: NULL
D/Mms/PerformanceUtils( 6077): link cahcing start
D/TimaKeyStoreProvider( 6164): TimaSignature is unavailable
D/ActivityThread( 6164): Added TimaKeyStore provider
D/ResourcesManager( 6164): creating new AssetManager and set to /system/app/SamsungCamera3/SamsungCamera3.apk
D/Mms/PerformanceUtils( 6077): link cahcing done
E/Zygote  ( 6180): MountEmulatedStorage()
E/Zygote  ( 6180): v2
I/SELinux ( 6180): Function: selinux_compare_spd_ram, SPD-policy is existed. and_ver=SEPF_SM-G900H_5.0 ver=13
I/SELinux ( 6180): Function: selinux_compare_spd_ram , priority [1] , priority version is VE=SEPF_SM-G900H_5.0_0013
E/SELinux ( 6180): [DEBUG] get_category: variable seinfo: platform sensitivity: NULL, cateogry: NULL
D/TimaKeyStoreProvider( 6180): TimaSignature is unavailable
D/ActivityThread( 6180): Added TimaKeyStore provider
D/ResourcesManager( 6180): creating new AssetManager and set to /system/app/SamsungWidget_ActiveApplication/SamsungWidget_ActiveApplication.apk
V/TaskCloserActivity( 6180): TaskCloserActivity enter()
V/TaskCloserActivity( 6180): TaskCloserActivity onReceive() - com.sec.android.intent.action.HOME_RESUME
D/ResourcesManager( 4823): creating new AssetManager and set to /system/app/Stk/Stk.apk
D/ResourcesManager( 4823): creating new AssetManager and set to /system/priv-app/CSC/CSC.apk
E/CscReceiver( 4823): onReceive android.intent.action.SIM_STATE_CHANGED
D/CscReceiver( 4823): Recieve Sim State Changed : ABSENT
D/Mms/SmsReceiver( 6077): filterMsgServiceIntent : intent.getAction() : android.intent.action.SIM_STATE_CHANGED
I/WifiApBroadcastReceiver( 4581): onReceive: action android.intent.action.SIM_STATE_CHANGED
D/SettingsProvider( 4320): name = internet_call_settings_visibility
D/SettingsProvider( 4320): edmUri: content://com.sec.knox.provider/RestrictionPolicy3
D/SettingsProvider( 4320): projectionArgs: isSettingsChangesAllowed
D/SettingsProvider( 4320): selectionArgs: false
D/SettingsProvider( 4320): selectionArgs: 1001
D/SecContentProvider( 4320): uri = 17 selection = isSettingsChangesAllowed
D/SettingsProvider( 4320): ret = -1
D/BootupListener( 4823): intent.getAction() = android.intent.action.SIM_STATE_CHANGED
D/Mms/SmsReceiverService( 6077): onStart: #1, mResultCode: 0 = Unknown error code, action = android.intent.action.SIM_STATE_CHANGED
D/Mms/TelephonyPermission( 6077): isDefault true
D/Mms/SmsReceiverService( 6077): [SMS]Receiver handleMessage : Action =android.intent.action.SIM_STATE_CHANGED
D/Mms/SmsReceiverService( 6077): handleSIMStatus()
D/Mms/SmsReceiverService( 6077): handleSIMStatus(): SIM_STATUS = ABSENT
D/UsimDownloadBroadcastReceiver( 4823): SIM_STATE_CHANGED
E/Zygote  ( 6197): MountEmulatedStorage()
E/Zygote  ( 6197): v2
I/SELinux ( 6197): Function: selinux_compare_spd_ram, SPD-policy is existed. and_ver=SEPF_SM-G900H_5.0 ver=13
I/SELinux ( 6197): Function: selinux_compare_spd_ram , priority [1] , priority version is VE=SEPF_SM-G900H_5.0_0013
E/SELinux ( 6197): [DEBUG] get_category: variable seinfo: platform sensitivity: NULL, cateogry: NULL
I/art     ( 3647): Explicit concurrent mark sweep GC freed 8729(371KB) AllocSpace objects, 0(0B) LOS objects, 39% free, 15MB/25MB, paused 291us total 17.783ms
I/art     ( 3647): Explicit concurrent mark sweep GC freed 5(160B) AllocSpace objects, 0(0B) LOS objects, 39% free, 15MB/25MB, paused 235us total 9.628ms
D/TimaKeyStoreProvider( 6197): TimaSignature is unavailable
D/ActivityThread( 6197): Added TimaKeyStore provider
I/art     ( 3647): Explicit concurrent mark sweep GC freed 5(160B) AllocSpace objects, 0(0B) LOS objects, 39% free, 15MB/25MB, paused 278us total 9.474ms
D/ResourcesManager( 6197): creating new AssetManager and set to /system/app/MobileTrackerEngineTwo/MobileTrackerEngineTwo.apk
D/StatusChecker( 6197): onReceive : android.intent.action.SIM_STATE_CHANGED
D/StatusChecker( 6197): onReceive : preference initializing
E/Zygote  ( 6214): MountEmulatedStorage()
E/Zygote  ( 6214): v2
I/SELinux ( 6214): Function: selinux_compare_spd_ram, SPD-policy is existed. and_ver=SEPF_SM-G900H_5.0 ver=13
I/SELinux ( 6214): Function: selinux_compare_spd_ram , priority [1] , priority version is VE=SEPF_SM-G900H_5.0_0013
E/SELinux ( 6214): [DEBUG] get_category: variable seinfo: platform sensitivity: NULL, cateogry: NULL
D/StatusBar.NetworkController( 4511): refreshSignalCluster - setNWBoosterIndicators(false)
D/StatusBar.NetworkController( 4511): applyOpen
V/BitmapFactory( 4511): DecodeImagePath(decodeResourceStream3) : res/drawable-xxhdpi-v4/stat_sys_signal_out.png
D/StatusBar.NetworkController( 4511): refreshSignalCluster - setNWBoosterIndicators(false)
D/StatusBar.NetworkController( 4511): applyOpen
D/StatusBar.NetworkController( 4511): refreshSignalCluster - setNWBoosterIndicators(false)
D/StatusBar.NetworkController( 4511): applyOpen
D/StatusBar.NetworkController( 4511): refreshSignalCluster - setNWBoosterIndicators(false)
D/StatusBar.NetworkController( 4511): applyOpen
D/TimaKeyStoreProvider( 6214): TimaSignature is unavailable
D/ActivityThread( 6214): Added TimaKeyStore provider
E/Zygote  ( 6229): MountEmulatedStorage()
E/Zygote  ( 6229): v2
I/SELinux ( 6229): Function: selinux_compare_spd_ram, SPD-policy is existed. and_ver=SEPF_SM-G900H_5.0 ver=13
I/SELinux ( 6229): Function: selinux_compare_spd_ram , priority [1] , priority version is VE=SEPF_SM-G900H_5.0_0013
E/SELinux ( 6229): [DEBUG] get_category: variable seinfo: platform sensitivity: NULL, cateogry: NULL
D/ResourcesManager( 6214): creating new AssetManager and set to /system/app/SBrowser/SBrowser.apk
D/TimaKeyStoreProvider( 6229): TimaSignature is unavailable
D/ActivityThread( 6229): Added TimaKeyStore provider
D/ResourcesManager( 6229): creating new AssetManager and set to /system/priv-app/DocumentService/DocumentService.apk
D/StatusBar.NetworkController( 4511): onSignalStrengthsChanged signalStrength=SignalStrength: 4 99 -4 -200 -4 -200 -1 99 2147483647 2147483647 2147483647 -1 2147483647 0x2 gsm|lte level=2
D/StatusBar.NetworkController( 4511): refreshSignalCluster - setNWBoosterIndicators(false)
D/StatusBar.NetworkController( 4511): applyOpen
V/BitmapFactory( 4511): DecodeImagePath(decodeResourceStream3) : res/drawable-xxhdpi-v4/stat_sys_signal_2.png
D/StatusBar.NetworkController( 4511): refreshSignalCluster - setNWBoosterIndicators(false)
D/StatusBar.NetworkController( 4511): applyOpen
D/StatusBar.NetworkController( 4511): refreshSignalCluster - setNWBoosterIndicators(false)
D/StatusBar.NetworkController( 4511): applyOpen
D/StatusBar.NetworkController( 4511): refreshSignalCluster - setNWBoosterIndicators(false)
D/StatusBar.NetworkController( 4511): applyOpen
D/StatusBar.NetworkController( 4511): onSignalStrengthsChanged signalStrength=SignalStrength: 7 99 -7 -200 -7 -200 -1 99 2147483647 2147483647 2147483647 -1 2147483647 0x2 gsm|lte level=2
I/ThumbnailProvider( 6229): ThumbnailProvider onCreate()
I/BroadcastProcessorService( 6229): DocumentService onHandleIntent ACTION_POWER_DISCONNECTED 
I/BroadcastProcessorService( 6229): [CURRENT_STATE] DocumentService state: SERVICE_NOT_STARTED
I/Process ( 6229): Sending signal. PID: 6229 SIG: 9
I/VerificationLog( 6214): SbrowserSettings- url content://com.sec.android.app.sbrowser/readinglist/pinned.mhtml
E/OperatorBookmarksSIMReceiver( 6214): onReceive runs..android.intent.action.SIM_STATE_CHANGED
E/Zygote  ( 6251): MountEmulatedStorage()
E/Zygote  ( 6251): v2
I/SELinux ( 6251): Function: selinux_compare_spd_ram, SPD-policy is existed. and_ver=SEPF_SM-G900H_5.0 ver=13
I/SELinux ( 6251): Function: selinux_compare_spd_ram , priority [1] , priority version is VE=SEPF_SM-G900H_5.0_0013
E/SELinux ( 6251): [DEBUG] get_category: variable seinfo: platform sensitivity: NULL, cateogry: NULL
D/TimaKeyStoreProvider( 6251): TimaSignature is unavailable
D/ActivityThread( 6251): Added TimaKeyStore provider
D/ResourcesManager( 6251): creating new AssetManager and set to /system/app/SecSetupWizard2013/SecSetupWizard2013.apk
E/Zygote  ( 6268): MountEmulatedStorage()
E/Zygote  ( 6268): v2
I/SELinux ( 6268): Function: selinux_compare_spd_ram, SPD-policy is existed. and_ver=SEPF_SM-G900H_5.0 ver=13
I/SELinux ( 6268): Function: selinux_compare_spd_ram , priority [1] , priority version is VE=SEPF_SM-G900H_5.0_0013
E/SELinux ( 6268): [DEBUG] get_category: variable seinfo: platform sensitivity: NULL, cateogry: NULL
D/TimaKeyStoreProvider( 6268): TimaSignature is unavailable
D/ActivityThread( 6268): Added TimaKeyStore provider
D/ResourcesManager( 6268): creating new AssetManager and set to /system/app/SilentLog/SilentLog.apk
E/Zygote  ( 6283): MountEmulatedStorage()
E/Zygote  ( 6283): v2
I/SELinux ( 6283): Function: selinux_compare_spd_ram, SPD-policy is existed. and_ver=SEPF_SM-G900H_5.0 ver=13
I/SELinux ( 6283): Function: selinux_compare_spd_ram , priority [1] , priority version is VE=SEPF_SM-G900H_5.0_0013
E/SELinux ( 6283): [DEBUG] get_category: variable seinfo: platform sensitivity: NULL, cateogry: NULL
D/TimaKeyStoreProvider( 6283): TimaSignature is unavailable
D/ActivityThread( 6283): Added TimaKeyStore provider
D/ResourcesManager( 6283): creating new AssetManager and set to /system/app/TcpdumpService/TcpdumpService.apk
I/Hs20UtilService( 4581): Starting #3
I/Hs20UtilService( 4581): Message received 5007
D/NearbySettings( 4581): MountReceiver.onReceive - ACTION: android.net.wifi.STATE_CHANGE
V/NearbySettings( 4581): DMSUtil.isNetworkConnected - flag-null, state-null
I/NearbySettings( 4581): DMSUtil.isNetworkConnected - WIFI: CONNECTED
I/NearbySettings( 4581): DMSUtil.isNetworkConnected - P2P: IDLE
I/NearbySettings( 4581): DMSUtil.isNetworkConnected - WIFI-true, Hotspot-false, P2P-false, Eth-false
I/NearbySettings( 4581): MountReceiver.onReceive - Keep current state
I/Hs20UtilService( 4581): Starting #4
I/Hs20UtilService( 4581): Message received 5007
D/NearbySettings( 4581): MountReceiver.onReceive - ACTION: android.net.wifi.STATE_CHANGE
I/NearbySettings( 4581): MountReceiver.onReceive - Keep current state
D/WifiStateMachine( 4320): SEC_COMMAND_ID_GET_FWS_OPEN_AP_CHECK : 0
I/SurfaceFlinger( 3619): id=10 createSurf (1x1),1 flag=4, Toast
D/GCM     ( 4876): GcmService start Intent { act=com.google.android.gms.INITIALIZE flg=0x10 pkg=com.google.android.gms cmp=com.google.android.gms/.gcm.GcmService } com.google.android.gms.INITIALIZE
D/AuthorizationBluetoothService( 4876): Received GmsCore event: Intent { act=com.google.android.gms.INITIALIZE flg=0x10 pkg=com.google.android.gms cmp=com.google.android.gms/.auth.be.proximity.authorization.bt.AuthorizationBluetoothService$AutoStarter }.
V/GmsCoreStatsServiceLauncher( 5150): Received broadcast intent Intent { act=com.google.android.gms.INITIALIZE flg=0x10 pkg=com.google.android.gms cmp=com.google.android.gms/.common.stats.GmsCoreStatsServiceLauncher }
D/com.sec.android.service.health.cp.common.HttpConnectionConstants( 4967): RegionGroup for 722 is US
D/WearableService( 5396): callingUid 10012, callindPid: 5396
D/LocationInitializer( 5150): Restart initialization of location
E/MDM     ( 4754): [110] b.run: Couldn't connect to Google API client: ConnectionResult{statusCode=API_UNAVAILABLE, resolution=null}
E/DatabaseUtils( 4320): Writing exception to parcel
E/DatabaseUtils( 4320): java.lang.NullPointerException: key == null
E/DatabaseUtils( 4320): 	at android.util.LruCache.get(LruCache.java:112)
E/DatabaseUtils( 4320): 	at com.android.providers.settings.SettingsProvider.lookupValue(SettingsProvider.java:982)
E/DatabaseUtils( 4320): 	at com.android.providers.settings.SettingsProvider.call(SettingsProvider.java:822)
E/DatabaseUtils( 4320): 	at android.content.ContentProvider$Transport.call(ContentProvider.java:370)
E/DatabaseUtils( 4320): 	at android.content.ContentProviderNative.onTransact(ContentProviderNative.java:282)
E/DatabaseUtils( 4320): 	at android.os.Binder.execTransact(Binder.java:446)
I/Mms/MmsApp( 6077):  start initViewCache mms
D/BluetoothManager( 4967): getConnectedDevices
D/BluetoothManager( 4967): getConnectedDevices
D/AdaptiveEventManager( 4511): removeAdaptiveEvent() requestClass = com.sec.android.app.shealth.walkingmate.service.WalkingMateDayStepService
D/AdaptiveEventManager( 4511): M updateContainers()
D/AdaptiveEventContainerSmall( 4511): C updatePedoContainer()
D/Mms/ComposeMessageFragment( 6077): [start]    fillCache consume time = 1940.804541
D/Mms/ComposeMessageFragment( 6077): fillCache, easy = false
D/AdaptiveEventContainerSmall( 4511): handlePedoUpdate()
D/AdaptiveEventContainerSmall( 4511): pedoEvent == null
D/StatusBar.NetworkController( 4511): refreshSignalCluster - setNWBoosterIndicators(false)
D/StatusBar.NetworkController( 4511): applyOpen
D/StatusBar.NetworkController( 4511): refreshSignalCluster - setNWBoosterIndicators(