V/AudioPolicyManager( 4312): loadGlobalConfig() Available InputDevices 800801c4
I/AudioPolicyManager( 4312): loadAudioPolicyConfig() loaded /system/etc/audio_policy.conf
W/linker  ( 4312): lib_Samsung_AudioZoom_v102.so has text relocations. This is wasting memory and prevents security hardening. Please fix.
W/Zygote  ( 4314): Class not found for preloading: com.android.okhttp.ConfigAwareConnectionPool$1
I/System  ( 4314): Loaded time zone names for "" in 74ms (48ms in ICU)
I/art     ( 4314): Thread[9,tid=4357,WaitingForJniOnLoad,Thread*=0xb4d09800,peer=0x12d09a00,"Thread-10"] recursive attempt to load library "/system/lib/libmedia_jni.so"
D/MtpDeviceJNI( 4314): register_android_mtp_MtpDevice
I/art     ( 4314): Thread[9,tid=4357,WaitingForJniOnLoad,Thread*=0xb4d09800,peer=0x12d09a00,"Thread-10"] recursive attempt to load library "/system/lib/libmedia_jni.so"
I/art     ( 4314): Thread[9,tid=4357,WaitingForJniOnLoad,Thread*=0xb4d09800,peer=0x12d09a00,"Thread-10"] recursive attempt to load library "/system/lib/libmedia_jni.so"
I/System  ( 4314): Loaded time zone names for "en_US" in 54ms (29ms in ICU)
I/System  ( 4314): Loaded time zone names for "es_US" in 56ms (32ms in ICU)
V/Zygote  ( 4314): postpone android.database.CursorWindow
V/Zygote  ( 4314): postpone android.database.CursorWindow$1
E/Minikin ( 4314): addFont failed to create font /system/fonts/NotoSansGurmukhi-Regular.ttf
E/Minikin ( 4314): addFont failed to create font /system/fonts/NotoSansGurmukhi-Bold.ttf
E/Minikin ( 4314): addFont failed to create font /system/fonts/NotoSansGurmukhiUI-Regular.ttf
E/Minikin ( 4314): addFont failed to create font /system/fonts/NotoSansGurmukhiUI-Bold.ttf
D/idmap   ( 4375): error: no read access to /vendor/overlay: No such file or directory
I/Zygote  ( 4314): Preloading resources...
V/BitmapFactory( 4314): DecodeImagePath(decodeResourceStream3) : res/drawable-xxhdpi-v4/btn_check_on_pressed_holo_light.png
E/EmojiFactory_jni( 4314): Failed to load libemoji.so: dlopen failed: library "libemoji.so" not found
V/BitmapFactory( 4314): DecodeImagePath(decodeResourceStream3) : res/drawable-xxhdpi-v4/btn_check_on_pressed_holo_dark.png
V/BitmapFactory( 4314): DecodeImagePath(decodeResourceStream3) : res/drawable-xxhdpi-v4/btn_check_on_holo_light.png
V/BitmapFactory( 4314): DecodeImagePath(decodeResourceStream3) : res/drawable-xxhdpi-v4/btn_check_on_holo_dark.png
V/BitmapFactory( 4314): DecodeImagePath(decodeResourceStream3) : res/drawable-xxhdpi-v4/btn_check_on_focused_holo_light.png
V/BitmapFactory( 4314): DecodeImagePath(decodeResourceStream3) : res/drawable-xxhdpi-v4/btn_check_on_focused_holo_dark.png
V/BitmapFactory( 4314): DecodeImagePath(decodeResourceStream3) : res/drawable-xxhdpi-v4/btn_check_on_disabled_holo_light.png
E/Minikin ( 4314): addFont failed to create font /system/fonts/ZawgyiOne2008.ttf
V/BitmapFactory( 4314): DecodeImagePath(decodeResourceStream3) : res/drawable-xxhdpi-v4/btn_check_on_disabled_holo_dark.png
E/Minikin ( 4314): addFont failed to create font /system/fonts/NotoSansCherokee-Regular.ttf
E/Minikin ( 4314): addFont failed to create font /system/fonts/NotoSansCanadianAboriginal-Regular.ttf
V/BitmapFactory( 4314): DecodeImagePath(decodeResourceStream3) : res/drawable-xxhdpi-v4/btn_check_on_disabled_focused_holo_light.png
V/BitmapFactory( 4314): DecodeImagePath(decodeResourceStream3) : res/drawable-xxhdpi-v4/btn_check_on_disabled_focused_holo_dark.png
V/BitmapFactory( 4314): DecodeImagePath(decodeResourceStream3) : res/drawable-xxhdpi-v4/btn_check_off_pressed_holo_light.png
V/BitmapFactory( 4314): DecodeImagePath(decodeResourceStream3) : res/drawable-xxhdpi-v4/btn_check_off_pressed_holo_dark.png
V/BitmapFactory( 4314): DecodeImagePath(decodeResourceStream3) : res/drawable-xxhdpi-v4/btn_check_off_holo_light.png
V/BitmapFactory( 4314): DecodeImagePath(decodeResourceStream3) : res/drawable-xxhdpi-v4/btn_check_off_holo_dark.png
V/BitmapFactory( 4314): DecodeImagePath(decodeResourceStream3) : res/drawable-xxhdpi-v4/btn_check_off_focused_holo_light.png
V/BitmapFactory( 4314): DecodeImagePath(decodeResourceStream3) : res/drawable-xxhdpi-v4/btn_check_off_focused_holo_dark.png
V/BitmapFactory( 4314): DecodeImagePath(decodeResourceStream3) : res/drawable-xxhdpi-v4/btn_check_off_disabled_holo_light.png
V/BitmapFactory( 4314): DecodeImagePath(decodeResourceStream3) : res/drawable-xxhdpi-v4/btn_check_off_disabled_holo_dark.png
V/BitmapFactory( 4314): DecodeImagePath(decodeResourceStream3) : res/drawable-xxhdpi-v4/btn_check_off_disabled_focused_holo_light.png
V/BitmapFactory( 4314): DecodeImagePath(decodeResourceStream3) : res/drawable-xxhdpi-v4/btn_check_off_disabled_focused_holo_dark.png
W/Zygote  ( 4314): Class not found for preloading: android.util.secutil.LogSwticher
I/Zygote  ( 4314): !@prldclssM: 1599 classes in 352ms.
I/Zygote  ( 4314): !@prldclss2: 700 classes in 350ms.
I/Zygote  ( 4314): Wait PC Thread 1=true 2=false
I/Zygote  ( 4314): Wait PC Thread 1=true 2=false
I/Zygote  ( 4314): !@prldclss1: 710 classes in 394ms.
I/Zygote  ( 4314): Wait PC Thread 1=false 2=false
V/BitmapFactory( 4314): DecodeImagePath(decodeResourceStream3) : res/drawable-xxhdpi-v4/btn_radio_on_pressed_holo_light.png
V/Zygote  ( 4314): post pld=android.database.CursorWindow
V/Zygote  ( 4314): post pld=android.database.CursorWindow$1
I/art     ( 4314): VMRuntime.preloadDexCaches starting
V/BitmapFactory( 4314): DecodeImagePath(decodeResourceStream3) : res/drawable-xxhdpi-v4/btn_radio_on_pressed_holo_dark.png
V/BitmapFactory( 4314): DecodeImagePath(decodeResourceStream3) : res/drawable-xxhdpi-v4/btn_radio_on_holo_light.png
V/BitmapFactory( 4314): DecodeImagePath(decodeResourceStream3) : res/drawable-xxhdpi-v4/btn_radio_on_holo_dark.png
V/BitmapFactory( 4314): DecodeImagePath(decodeResourceStream3) : res/drawable-xxhdpi-v4/btn_radio_on_focused_holo_light.png
V/BitmapFactory( 4314): DecodeImagePath(decodeResourceStream3) : res/drawable-xxhdpi-v4/btn_radio_on_focused_holo_dark.png
V/BitmapFactory( 4314): DecodeImagePath(decodeResourceStream3) : res/drawable-xxhdpi-v4/btn_radio_on_disabled_holo_light.png
V/BitmapFactory( 4314): DecodeImagePath(decodeResourceStream3) : res/drawable-xxhdpi-v4/btn_radio_on_disabled_holo_dark.png
V/BitmapFactory( 4314): DecodeImagePath(decodeResourceStream3) : res/drawable-xxhdpi-v4/btn_radio_on_disabled_focused_holo_light.png
V/BitmapFactory( 4314): DecodeImagePath(decodeResourceStream3) : res/drawable-xxhdpi-v4/btn_radio_on_disabled_focused_holo_dark.png
V/BitmapFactory( 4314): DecodeImagePath(decodeResourceStream3) : res/drawable-xxhdpi-v4/btn_radio_off_pressed_holo_light.png
V/BitmapFactory( 4314): DecodeImagePath(decodeResourceStream3) : res/drawable-xxhdpi-v4/btn_radio_off_pressed_holo_dark.png
V/BitmapFactory( 4314): DecodeImagePath(decodeResourceStream3) : res/drawable-xxhdpi-v4/btn_radio_off_holo_light.png
V/BitmapFactory( 4314): DecodeImagePath(decodeResourceStream3) : res/drawable-xxhdpi-v4/btn_radio_off_holo_dark.png
V/BitmapFactory( 4314): DecodeImagePath(decodeResourceStream3) : res/drawable-xxhdpi-v4/btn_radio_off_focused_holo_light.png
V/BitmapFactory( 4314): DecodeImagePath(decodeResourceStream3) : res/drawable-xxhdpi-v4/btn_radio_off_focused_holo_dark.png
V/BitmapFactory( 4314): DecodeImagePath(decodeResourceStream3) : res/drawable-xxhdpi-v4/btn_radio_off_disabled_holo_light.png
V/BitmapFactory( 4314): DecodeImagePath(decodeResourceStream3) : res/drawable-xxhdpi-v4/btn_radio_off_disabled_holo_dark.png
V/BitmapFactory( 4314): DecodeImagePath(decodeResourceStream3) : res/drawable-xxhdpi-v4/btn_radio_off_disabled_focused_holo_light.png
V/BitmapFactory( 4314): DecodeImagePath(decodeResourceStream3) : res/drawable-xxhdpi-v4/btn_radio_off_disabled_focused_holo_dark.png
V/BitmapFactory( 4314): DecodeImagePath(decodeResourceStream3) : res/drawable-xxhdpi-v4/btn_star_off_normal_holo_light.png
V/BitmapFactory( 4314): DecodeImagePath(decodeResourceStream3) : res/drawable-xxhdpi-v4/btn_star_on_normal_holo_light.png
V/BitmapFactory( 4314): DecodeImagePath(decodeResourceStream3) : res/drawable-xxhdpi-v4/btn_star_on_disabled_holo_light.png
V/BitmapFactory( 4314): DecodeImagePath(decodeResourceStream3) : res/drawable-xxhdpi-v4/btn_star_off_disabled_holo_light.png
V/BitmapFactory( 4314): DecodeImagePath(decodeResourceStream3) : res/drawable-xxhdpi-v4/btn_star_on_pressed_holo_light.png
V/BitmapFactory( 4314): DecodeImagePath(decodeResourceStream3) : res/drawable-xxhdpi-v4/btn_star_off_pressed_holo_light.png
V/BitmapFactory( 4314): DecodeImagePath(decodeResourceStream3) : res/drawable-xxhdpi-v4/btn_star_on_focused_holo_light.png
V/BitmapFactory( 4314): DecodeImagePath(decodeResourceStream3) : res/drawable-xxhdpi-v4/btn_star_off_focused_holo_light.png
V/BitmapFactory( 4314): DecodeImagePath(decodeResourceStream3) : res/drawable-xxhdpi-v4/btn_star_on_disabled_focused_holo_light.png
V/BitmapFactory( 4314): DecodeImagePath(decodeResourceStream3) : res/drawable-xxhdpi-v4/btn_star_off_disabled_focused_holo_light.png
V/BitmapFactory( 4314): DecodeImagePath(decodeResourceStream3) : res/drawable-xxhdpi-v4/btn_star_off_normal_holo_dark.png
V/BitmapFactory( 4314): DecodeImagePath(decodeResourceStream3) : res/drawable-xxhdpi-v4/btn_star_on_normal_holo_dark.png
V/BitmapFactory( 4314): DecodeImagePath(decodeResourceStream3) : res/drawable-xxhdpi-v4/btn_star_on_disabled_holo_dark.png
V/BitmapFactory( 4314): DecodeImagePath(decodeResourceStream3) : res/drawable-xxhdpi-v4/btn_star_off_disabled_holo_dark.png
V/BitmapFactory( 4314): DecodeImagePath(decodeResourceStream3) : res/drawable-xxhdpi-v4/btn_star_on_pressed_holo_dark.png
V/BitmapFactory( 4314): DecodeImagePath(decodeResourceStream3) : res/drawable-xxhdpi-v4/btn_star_off_pressed_holo_dark.png
V/BitmapFactory( 4314): DecodeImagePath(decodeResourceStream3) : res/drawable-xxhdpi-v4/btn_star_on_focused_holo_dark.png
V/BitmapFactory( 4314): DecodeImagePath(decodeResourceStream3) : res/drawable-xxhdpi-v4/btn_star_off_focused_holo_dark.png
V/BitmapFactory( 4314): DecodeImagePath(decodeResourceStream3) : res/drawable-xxhdpi-v4/btn_star_on_disabled_focused_holo_dark.png
V/BitmapFactory( 4314): DecodeImagePath(decodeResourceStream3) : res/drawable-xxhdpi-v4/btn_star_off_disabled_focused_holo_dark.png
V/BitmapFactory( 4314): DecodeImagePath(decodeResourceStream3) : res/drawable-xxhdpi-v4/text_select_handle_left.png
V/BitmapFactory( 4314): DecodeImagePath(decodeResourceStream3) : res/drawable-xxhdpi-v4/text_select_handle_right.png
V/BitmapFactory( 4314): DecodeImagePath(decodeResourceStream3) : res/drawable-xxhdpi-v4/spinner_16_outer_holo.png
V/BitmapFactory( 4314): DecodeImagePath(decodeResourceStream3) : res/drawable-xxhdpi-v4/spinner_16_inner_holo.png
V/BitmapFactory( 4314): DecodeImagePath(decodeResourceStream3) : res/drawable-xxhdpi-v4/spinner_48_outer_holo.png
V/BitmapFactory( 4314): DecodeImagePath(decodeResourceStream3) : res/drawable-xxhdpi-v4/spinner_48_inner_holo.png
V/BitmapFactory( 4314): DecodeImagePath(decodeResourceStream3) : res/drawable-xxhdpi-v4/spinner_76_outer_holo.png
V/BitmapFactory( 4314): DecodeImagePath(decodeResourceStream3) : res/drawable-xxhdpi-v4/spinner_76_inner_holo.png
V/BitmapFactory( 4314): DecodeImagePath(decodeResourceStream3) : res/drawable-xxhdpi-v4/progressbar_indeterminate_holo1.png
V/BitmapFactory( 4314): DecodeImagePath(decodeResourceStream3) : res/drawable-xxhdpi-v4/progressbar_indeterminate_holo2.png
V/BitmapFactory( 4314): DecodeImagePath(decodeResourceStream3) : res/drawable-xxhdpi-v4/progressbar_indeterminate_holo3.png
V/BitmapFactory( 4314): DecodeImagePath(decodeResourceStream3) : res/drawable-xxhdpi-v4/progressbar_indeterminate_holo4.png
V/BitmapFactory( 4314): DecodeImagePath(decodeResourceStream3) : res/drawable-xxhdpi-v4/progressbar_indeterminate_holo5.png
V/BitmapFactory( 4314): DecodeImagePath(decodeResourceStream3) : res/drawable-xxhdpi-v4/progressbar_indeterminate_holo6.png
V/BitmapFactory( 4314): DecodeImagePath(decodeResourceStream3) : res/drawable-xxhdpi-v4/progressbar_indeterminate_holo7.png
V/BitmapFactory( 4314): DecodeImagePath(decodeResourceStream3) : res/drawable-xxhdpi-v4/progressbar_indeterminate_holo8.png
D/TinyUCM ( 4312): Configuration file path:/etc/tinyucm.conf
E/TinyUCM ( 4312): 25.42: This output device support two mic
E/TinyUCM ( 4312): 26.41: This output device support two mic
E/TinyUCM ( 4312): 27.32: This output device support one mic
E/TinyUCM ( 4312): 28.31: This output device support one mic
E/TinyUCM ( 4312): 29.40: This output device support one mic
E/TinyUCM ( 4312): 30.28: This output device support one mic
E/TinyUCM ( 4312): 31.35: This output device support one mic
D/TinyUCM ( 4312): this LHPF1 Coefficients mixer is byte type
D/TinyUCM ( 4312): this LHPF2 Coefficients mixer is byte type
D/TinyUCM ( 4312): this LHPF3 Coefficients mixer is byte type
D/TinyUCM ( 4312): this LHPF4 Coefficients mixer is byte type
V/BitmapFactory( 4314): DecodeImagePath(decodeResourceStream3) : res/drawable-xxhdpi-v4/ic_cab_done_holo_dark.png
V/BitmapFactory( 4314): DecodeImagePath(decodeResourceStream3) : res/drawable-xxhdpi-v4/ic_cab_done_holo_light.png
V/BitmapFactory( 4314): DecodeImagePath(decodeResourceStream3) : res/drawable-xhdpi-v4/ic_menu_close_clear_cancel.png
I/TinyUCM ( 4312): Got device Earpiece
D/TinyUCM ( 4312): scenario = default
D/TinyUCM ( 4312): parseDeviceScanrio:--
D/TinyUCM ( 4312): scenario = NB Incall
D/TinyUCM ( 4312): parseDeviceScanrio:--
D/TinyUCM ( 4312): scenario = WB Incall
D/TinyUCM ( 4312): parseDeviceScanrio:--
V/BitmapFactory( 4314): DecodeImagePath(decodeResourceStream3) : res/drawable-xxhdpi-v4/ic_menu_copy_holo_dark.png
I/TinyUCM ( 4312): Got device Speaker
D/TinyUCM ( 4312): scenario = default
D/TinyUCM ( 4312): parseDeviceScanrio:--
D/TinyUCM ( 4312): scenario = Normal
D/TinyUCM ( 4312): parseDeviceScanrio:--
D/TinyUCM ( 4312): scenario = NB Incall
D/TinyUCM ( 4312): parseDeviceScanrio:--
D/TinyUCM ( 4312): scenario = WB Incall
V/BitmapFactory( 4314): DecodeImagePath(decodeResourceStream3) : res/drawable-xxhdpi-v4/ic_menu_copy_holo_light.png
D/TinyUCM ( 4312): parseDeviceScanrio:--
I/TinyUCM ( 4312): Got device Headset Out
D/TinyUCM ( 4312): scenario = default
D/TinyUCM ( 4312): parseDeviceScanrio:--
D/TinyUCM ( 4312): scenario = Normal
D/TinyUCM ( 4312): parseDeviceScanrio:--
D/TinyUCM ( 4312): scenario = NB Incall
D/TinyUCM ( 4312): parseDeviceScanrio:--
D/TinyUCM ( 4312): scenario = WB Incall
D/TinyUCM ( 4312): parseDeviceScanrio:--
I/TinyUCM ( 4312): Got device Headphone
D/TinyUCM ( 4312): scenario = default
V/BitmapFactory( 4314): DecodeImagePath(decodeResourceStream3) : res/drawable-xxhdpi-v4/ic_menu_cut_holo_dark.png
D/TinyUCM ( 4312): parseDeviceScanrio:--
D/TinyUCM ( 4312): scenario = Normal
D/TinyUCM ( 4312): parseDeviceScanrio:--
D/TinyUCM ( 4312): scenario = NB Incall
D/TinyUCM ( 4312): parseDeviceScanrio:--
D/TinyUCM ( 4312): scenario = WB Incall
D/TinyUCM ( 4312): parseDeviceScanrio:--
I/TinyUCM ( 4312): Got device SCO Headset Out
D/TinyUCM ( 4312): scenario = default
D/TinyUCM ( 4312): parseDeviceScanrio:--
D/TinyUCM ( 4312): scenario = NB Incall
V/BitmapFactory( 4314): DecodeImagePath(decodeResourceStream3) : res/drawable-xxhdpi-v4/ic_menu_cut_holo_light.png
D/TinyUCM ( 4312): parseDeviceScanrio:--
D/TinyUCM ( 4312): scenario = WB Incall
D/TinyUCM ( 4312): parseDeviceScanrio:--
I/TinyUCM ( 4312): Got device SCO
D/TinyUCM ( 4312): scenario = default
D/TinyUCM ( 4312): parseDeviceScanrio:--
D/TinyUCM ( 4312): scenario = NB Incall
D/TinyUCM ( 4312): parseDeviceScanrio:--
D/TinyUCM ( 4312): scenario = WB Incall
D/TinyUCM ( 4312): parseDeviceScanrio:--
V/BitmapFactory( 4314): DecodeImagePath(decodeResourceStream3) : res/drawable-xxhdpi-v4/ic_menu_more.png
I/TinyUCM ( 4312): Got device SCO Carkit
D/TinyUCM ( 4312): scenario = default
D/TinyUCM ( 4312): parseDeviceScanrio:--
D/TinyUCM ( 4312): scenario = NB Incall
D/TinyUCM ( 4312): parseDeviceScanrio:--
D/TinyUCM ( 4312): scenario = WB Incall
D/TinyUCM ( 4312): parseDeviceScanrio:--
I/TinyUCM ( 4312): Got device Analogue Dock Out
I/TinyUCM ( 4312): Got device AUX Digital Out
I/TinyUCM ( 4312): Got device Builtin Mic
D/TinyUCM ( 4312): scenario = default
D/TinyUCM ( 4312): parseDeviceScanrio:--
D/TinyUCM ( 4312): scenario = SecVoipin
D/TinyUCM ( 4312): parseDeviceScanrio:--
D/TinyUCM ( 4312): scenario = SecVoipin
V/BitmapFactory( 4314): DecodeImagePath(decodeResourceStream3) : res/drawable-xxhdpi-v4/ic_menu_moreoverflow_normal_holo_dark.png
D/TinyUCM ( 4312): parseDeviceScanrio:--
D/TinyUCM ( 4312): scenario = Interview
D/TinyUCM ( 4312): parseDeviceScanrio:--
D/TinyUCM ( 4312): scenario = Conversation
D/TinyUCM ( 4312): parseDeviceScanrio:--
D/TinyUCM ( 4312): scenario = IncallInNBNSOn
D/TinyUCM ( 4312): parseDeviceScanrio:--
D/TinyUCM ( 4312): scenario = IncallInWBNSOn
V/BitmapFactory( 4314): DecodeImagePath(decodeResourceStream3) : res/drawable-xxhdpi-v4/ic_menu_moreoverflow_normal_holo_light.png
D/TinyUCM ( 4312): parseDeviceScanrio:--
D/TinyUCM ( 4312): scenario = IncallInNBNSOn
D/TinyUCM ( 4312): parseDeviceScanrio:--
D/TinyUCM ( 4312): scenario = IncallInWBNSOn
V/BitmapFactory( 4314): DecodeImagePath(decodeResourceStream3) : res/drawable-xxhdpi-v4/ic_menu_paste_holo_dark.png
D/TinyUCM ( 4312): parseDeviceScanrio:--
D/TinyUCM ( 4312): scenario = IncallInNBNSOff
D/TinyUCM ( 4312): parseDeviceScanrio:--
D/TinyUCM ( 4312): scenario = IncallInWBNSOff
D/TinyUCM ( 4312): parseDeviceScanrio:--
D/TinyUCM ( 4312): scenario = IncallInNBNSOff
V/BitmapFactory( 4314): DecodeImagePath(decodeResourceStream3) : res/drawable-xxhdpi-v4/ic_menu_paste_holo_light.png
D/TinyUCM ( 4312): parseDeviceScanrio:--
D/TinyUCM ( 4312): scenario = IncallInWBNSOff
D/TinyUCM ( 4312): parseDeviceScanrio:--
D/TinyUCM ( 4312): scenario = LoopbackPacketIn
V/BitmapFactory( 4314): DecodeImagePath(decodeResourceStream3) : res/drawable-xxhdpi-v4/ic_menu_selectall_holo_light.png
D/TinyUCM ( 4312): parseDeviceScanrio:--
D/TinyUCM ( 4312): scenario = LoopbackPacketIn
D/TinyUCM ( 4312): parseDeviceScanrio:--
D/TinyUCM ( 4312): scenario = VoiceControl
D/TinyUCM ( 4312): parseDeviceScanrio:--
D/TinyUCM ( 4312): scenario = LpsdControl
D/TinyUCM ( 4312): parseDeviceScanrio:--
I/TinyUCM ( 4312): Got device Back Mic
D/TinyUCM ( 4312): scenario = default
V/BitmapFactory( 4314): DecodeImagePath(decodeResourceStream3) : res/drawable-xxhdpi-v4/ic_menu_selectall_holo_dark.png
D/TinyUCM ( 4312): parseDeviceScanrio:--
D/TinyUCM ( 4312): scenario = SecVoipin
D/TinyUCM ( 4312): parseDeviceScanrio:--
D/TinyUCM ( 4312): scenario = SecVoipin
D/TinyUCM ( 4312): parseDeviceScanrio:--
D/TinyUCM ( 4312): scenario = Interview
D/TinyUCM ( 4312): parseDeviceScanrio:--
D/TinyUCM ( 4312): scenario = Conversation
D/TinyUCM ( 4312): parseDeviceScanrio:--
D/TinyUCM ( 4312): scenario = IncallInNBNSOn
D/TinyUCM ( 4312): parseDeviceScanrio:--
D/TinyUCM ( 4312): scenario = IncallInWBNSOn
D/TinyUCM ( 4312): parseDeviceScanrio:--
D/TinyUCM ( 4312): scenario = IncallInNBNSOn
D/TinyUCM ( 4312): parseDeviceScanrio:--
D/TinyUCM ( 4312): scenario = IncallInWBNSOn
D/TinyUCM ( 4312): parseDeviceScanrio:--
D/TinyUCM ( 4312): scenario = IncallInNBNSOff
D/TinyUCM ( 4312): parseDeviceScanrio:--
D/TinyUCM ( 4312): scenario = IncallInWBNSOff
D/TinyUCM ( 4312): parseDeviceScanrio:--
D/TinyUCM ( 4312): scenario = IncallInNBNSOff
D/TinyUCM ( 4312): parseDeviceScanrio:--
D/TinyUCM ( 4312): scenario = IncallInWBNSOff
V/BitmapFactory( 4314): DecodeImagePath(decodeResourceStream3) : res/drawable-xhdpi-v4/ic_clear_disabled.png
D/TinyUCM ( 4312): parseDeviceScanrio:--
D/TinyUCM ( 4312): scenario = LoopbackIn
D/TinyUCM ( 4312): parseDeviceScanrio:--
D/TinyUCM ( 4312): scenario = LoopbackPacketIn
D/TinyUCM ( 4312): parseDeviceScanrio:--
D/TinyUCM ( 4312): scenario = LoopbackPacketIn
D/TinyUCM ( 4312): parseDeviceScanrio:--
I/TinyUCM ( 4312): Got device Third Mic
D/TinyUCM ( 4312): scenario = default
D/TinyUCM ( 4312): parseDeviceScanrio:--
D/TinyUCM ( 4312): scenario = Interview
D/TinyUCM ( 4312): parseDeviceScanrio:--
D/TinyUCM ( 4312): scenario = Conversation
D/TinyUCM ( 4312): parseDeviceScanrio:--
D/TinyUCM ( 4312): scenario = IncallInNBNSOn
D/TinyUCM ( 4312): parseDeviceScanrio:--
D/TinyUCM ( 4312): scenario = IncallInWBNSOn
D/TinyUCM ( 4312): parseDeviceScanrio:--
D/TinyUCM ( 4312): scenario = IncallInNBNSOff
D/TinyUCM ( 4312): parseDeviceScanrio:--
D/TinyUCM ( 4312): scenario = IncallInWBNSOff
D/TinyUCM ( 4312): parseDeviceScanrio:--
D/TinyUCM ( 4312): scenario = LoopbackIn
D/TinyUCM ( 4312): parseDeviceScanrio:--
V/BitmapFactory( 4314): DecodeImagePath(decodeResourceStream3) : res/drawable-hdpi-v4/ic_clear_normal.png
D/TinyUCM ( 4312): scenario = LoopbackPacketIn
D/TinyUCM ( 4312): parseDeviceScanrio:--
I/TinyUCM ( 4312): Got device Headset In
D/TinyUCM ( 4312): scenario = default
D/TinyUCM ( 4312): parseDeviceScanrio:--
D/TinyUCM ( 4312): scenario = IncallInNBNSOn
D/TinyUCM ( 4312): parseDeviceScanrio:--
D/TinyUCM ( 4312): scenario = IncallInWBNSOn
D/TinyUCM ( 4312): parseDeviceScanrio:--
D/TinyUCM ( 4312): scenario = IncallInNBNSOff
D/TinyUCM ( 4312): parseDeviceScanrio:--
D/TinyUCM ( 4312): scenario = IncallInWBNSOff
D/TinyUCM ( 4312): parseDeviceScanrio:--
V/BitmapFactory( 4314): DecodeImagePath(decodeResourceStream3) : res/drawable-xxhdpi-v4/ic_search_api_holo_dark.png
I/TinyUCM ( 4312): Got device SCO Headset In
D/TinyUCM ( 4312): scenario = default
D/TinyUCM ( 4312): parseDeviceScanrio:--
D/TinyUCM ( 4312): scenario = IncallInNBNSOff
D/TinyUCM ( 4312): parseDeviceScanrio:--
D/TinyUCM ( 4312): scenario = IncallInWBNSOff
D/TinyUCM ( 4312): parseDeviceScanrio:--
I/TinyUCM ( 4312): Got device FMRadio In
I/TinyUCM ( 4312): Got verb Normal
I/TinyUCM ( 4312): Got verb Ringtone
V/BitmapFactory( 4314): DecodeImagePath(decodeResourceStream3) : res/drawable-xxhdpi-v4/ic_search_api_holo_light.png
I/TinyUCM ( 4312): Got verb Communication
I/TinyUCM ( 4312): Got verb Voicecall
I/TinyUCM ( 4312): Got verb FMRadio
I/TinyUCM ( 4312): Got verb Loopback
I/TinyUCM ( 4312): Got channel Left
I/TinyUCM ( 4312): Got channel Right
I/TinyUCM ( 4312): Got channel Stereo
I/TinyUCM ( 4312): Got channel None
V/BitmapFactory( 4314): DecodeImagePath(decodeResourceStream3) : res/drawable-xhdpi-v4/ic_go.png
D/TinyUCM ( 4312): modifier file = /etc/default_gain.conf
V/BitmapFactory( 4314): DecodeImagePath(decodeResourceStream3) : res/drawable-xxhdpi-v4/ic_voice_search_api_holo_dark.png
D/TinyUCM ( 4312): parseParam ++
D/TinyUCM ( 4312): param bytes = 200
V/BitmapFactory( 4314): DecodeImagePath(decodeResourceStream3) : res/drawable-xxhdpi-v4/ic_voice_search_api_holo_light.png
D/TinyUCM ( 4312): param bytes = 296
D/TinyUCM ( 4312): parseParam ++
D/TinyUCM ( 4312): param bytes = 200
I/art     ( 4314): VMRuntime.preloadDexCaches strings total=319531 before=63270 after=63270
I/art     ( 4314): VMRuntime.preloadDexCaches types total=26490 before=26490 after=26490
I/art     ( 4314): VMRuntime.preloadDexCaches fields total=127452 before=127421 after=127421
I/art     ( 4314): VMRuntime.preloadDexCaches methods total=214441 before=214397 after=214397
I/art     ( 4314): VMRuntime.preloadDexCaches finished
I/art     ( 4314): Counter: 0
D/TinyUCM ( 4312): param bytes = 296
I/Zygote  ( 4314): !@Boot: EndofpreloadClasses()
D/TinyUCM ( 4312): parseParam ++
D/TinyUCM ( 4312): param bytes = 200
D/TinyUCM ( 4312): param bytes = 296
D/TinyUCM ( 4312): parseParam ++
D/TinyUCM ( 4312): param bytes = 200
D/TinyUCM ( 4312): param bytes = 296
D/TinyUCM ( 4312): parseParam ++
V/BitmapFactory( 4314): DecodeImagePath(decodeResourceStream3) : res/drawable-xxhdpi-v4/ic_dialog_alert_holo_dark.png
D/TinyUCM ( 4312): param bytes = 512
V/BitmapFactory( 4314): DecodeImagePath(decodeResourceStream3) : res/drawable-xxhdpi-v4/ic_dialog_alert_holo_light.png
D/TinyUCM ( 4312): param bytes = 200
D/TinyUCM ( 4312): parseParam ++
D/TinyUCM ( 4312): param bytes = 512
D/TinyUCM ( 4312): param bytes = 200
D/TinyUCM ( 4312): parseParam ++
D/TinyUCM ( 4312): param bytes = 512
D/TinyUCM ( 4312): param bytes = 200
D/TinyUCM ( 4312): parseParam ++
D/TinyUCM ( 4312): param bytes = 512
D/TinyUCM ( 4312): param bytes = 200
D/TinyUCM ( 4312): parseParam ++
D/TinyUCM ( 4312): param bytes = 512
D/TinyUCM ( 4312): param bytes = 200
D/TinyUCM ( 4312): parseParam ++
D/TinyUCM ( 4312): param bytes = 512
D/TinyUCM ( 4312): param bytes = 200
D/TinyUCM ( 4312): parseParam ++
D/TinyUCM ( 4312): param bytes = 512
D/TinyUCM ( 4312): param bytes = 200
D/TinyUCM ( 4312): parseParam ++
D/TinyUCM ( 4312): param bytes = 512
D/TinyUCM ( 4312): param bytes = 200
V/BitmapFactory( 4314): DecodeImagePath(decodeResourceStream3) : res/drawable-xxhdpi-v4/fastscroll_thumb_pressed_holo.png
W/Resources( 4314): Preloaded drawable resource #0x1080379 (android:drawable/fastscroll_thumb_pressed_holo) that varies with configuration!!
V/BitmapFactory( 4314): DecodeImagePath(decodeResourceStream3) : res/drawable-xxhdpi-v4/fastscroll_thumb_default_holo.png
D/TinyUCM ( 4312): parseParam ++
W/Resources( 4314): Preloaded drawable resource #0x1080375 (android:drawable/fastscroll_thumb_default_holo) that varies with configuration!!
W/Resources( 4314): Preloaded drawable resource #0x1080376 (android:drawable/fastscroll_thumb_holo) that varies with configuration!!
V/BitmapFactory( 4314): DecodeImagePath(decodeResourceStream3) : res/drawable-xxhdpi-v4/fastscroll_thumb_pressed_holo.png
D/TinyUCM ( 4312): param bytes = 512
W/Resources( 4314): Preloaded drawable resource #0x1080379 (android:drawable/fastscroll_thumb_pressed_holo) that varies with configuration!!
D/TinyUCM ( 4312): param bytes = 200
D/TinyUCM ( 4312): parseParam ++
V/BitmapFactory( 4314): DecodeImagePath(decodeResourceStream3) : res/drawable-xxhdpi-v4/fastscroll_thumb_default_holo.png
D/TinyUCM ( 4312): param bytes = 512
D/TinyUCM ( 4312): param bytes = 200
W/Resources( 4314): Preloaded drawable resource #0x1080375 (android:drawable/fastscroll_thumb_default_holo) that varies with configuration!!
E/AudioRil( 4312): Connect_RILD() error
E/AudioRil( 4312): audio secril init failed.
I/AudioFlinger( 4312): loadHwModule() Loaded primary audio interface from Samsung SMDK54xx audio hw HAL (audio) handle 1
W/Resources( 4314): Preloaded drawable resource #0x1080380 (android:drawable/fastscroll_track_pressed_holo_dark) that varies with configuration!!
D/SoundAliveResampler( 4312): [SoundAliveResampler] Init+++
D/AudioHardwareTinyALSA( 4312): Input	: format = 1, channels = 3, rate = 48000
D/AudioHardwareTinyALSA( 4312): default	: format = 0, channelCount = 2, rate = 48000
I/AudioHardwareTinyALSA( 4312): Setting ALSA device.
I/AudioFlinger( 4312): HAL output buffer size 960 frames, normal sink buffer size 960 frames
W/Resources( 4314): Preloaded drawable resource #0x108037a (android:drawable/fastscroll_track_default_holo_dark) that varies with configuration!!
W/Resources( 4314): Preloaded drawable resource #0x108037c (android:drawable/fastscroll_track_holo_dark) that varies with configuration!!
W/Resources( 4314): Preloaded drawable resource #0x1080380 (android:drawable/fastscroll_track_pressed_holo_dark) that varies with configuration!!
W/Resources( 4314): Preloaded drawable resource #0x108037a (android:drawable/fastscroll_track_default_holo_dark) that varies with configuration!!
W/Resources( 4314): Preloaded drawable resource #0x108036f (android:drawable/fastscroll_label_left_holo_dark) that varies with configuration!!
W/linker  ( 4312): lib_SoundAlive_play_ver125e.so has text relocations. This is wasting memory and prevents security hardening. Please fix.
I/art     ( 4314): Background concurrent mark sweep GC freed 3342(365KB) AllocSpace objects, 0(0B) LOS objects, 40% free, 12MB/20MB, paused 1.688ms total 215.950ms
I/AudioMixer( 4312): found effect "Multichannel Downmix To Stereo" from The Android Open Source Project
I/AudioFlinger( 4312): Using module 1 has the primary audio interface
D/AudioHardwareInterface( 4312): setMode(NORMAL)
D/AudioHardwareTinyALSA( 4312): setMode 0
D/AudioHardwareTinyALSA( 4312): Leaving IN_CALL state, in_call=0
D/TinyUCM ( 4312): setverb Normal
I/AudioFlinger( 4312): AudioFlinger's thread 0xb2101000 ready to run
D/AudioHardwareTinyALSA( 4312): setOutputVolume
D/TinyUCM ( 4312): setModifier Normal, en=1
V/AudioPolicyManager( 4312): setOutputDevice() output 2 device 0002 delayMs 0
V/AudioPolicyManager( 4312): setOutputDevice() prevDevice 0002
V/AudioPolicyManager( 4312): setOutputDevice() changing device
V/AudioPolicyManager( 4312): DeviceVector::refreshTypes() mDeviceTypes 00000002
V/AudioPolicyManager( 4312): DeviceVector::getDevicesFromType() for type 2 found 0xb295cf40
W/AudioFlinger( 4312): Thread AudioOut_2 cannot connect to the power manager service
D/AudioHardwareTinyALSA( 4312): standby waiting for out autolock
D/AudioHardwareTinyALSA( 4312): Entering AudioStreamOutALSA standby mode nStreamOutputType:0
D/AudioHardwareTinyALSA( 4312): AudioStreamOutALSA::standby - close()
W/AudioFlinger( 4312): Thread AudioOut_2 cannot connect to the power manager service
I/AudioHardwareTinyALSA( 4312): AudioStreamOutALSA::setParameters() routing=2, outputtype:0
D/AudioHardwareTinyALSA( 4312): OutALSA::setDevice: mode = 0, newDevice=0x2, currentDevice=0x0 ,force= 0
D/AudioHardwareTinyALSA( 4312): OutALSA::setDevice: mDevice 0x0, newDevice = 0x2
D/AudioHardwareTinyALSA( 4312): getOutputScenario: scenario = Normal
D/AudioHardwareTinyALSA( 4312): getOutputScenario: scenario = Normal
D/TinyUCM ( 4312): Enable Output dev(0x2)
D/TinyUCM ( 4312): setScenario: Normal
D/TinyUCM ( 4312): dev_scenairo->name = Normal
D/TinyUCM ( 4312): Disable Output dev(0x0)
D/AudioHardwareTinyALSA( 4312): setPcmInterface: Stream=0x1, iSamplerate=16000++
D/AudioHardwareTinyALSA( 4312): setPcmInterface--
D/AudioHardwareTinyALSA( 4312): setOutputVolume
D/TinyUCM ( 4312): setModifier Normal, en=1
D/TinyUCM ( 4312): Normal doesn't have param
W/AudioFlinger( 4312): Thread AudioOut_2 cannot connect to the power manager service
E/AudioFlinger( 4312): no wake lock to update!
V/AudioPolicyManager( 4312): setOutputDevice() createAudioPatch returned 0 patchHandle 3num_sources 1 num_sinks 1
V/AudioPolicyManager( 4312): addAudioPatch() handle 4 af handle 0 num_sources 1 num_sinks 1 source handle 3sink handle 2
I/AudioHardwareTinyALSA( 4312): ### setVoiceVolume (0.000000)
V/AudioPolicyManager( 4312): checkAndSetVolume() cannot set stream 6 volume with force use = 0 for comm
D/libEGL  ( 4314): loaded /vendor/lib/egl/libGLES_mali.so
W/Resources( 4314): Preloaded drawable resource #0x1080372 (android:drawable/fastscroll_label_right_holo_dark) that varies with configuration!!
W/Resources( 4314): Preloaded drawable resource #0x1080381 (android:drawable/fastscroll_track_pressed_holo_light) that varies with configuration!!
W/Resources( 4314): Preloaded drawable resource #0x108037b (android:drawable/fastscroll_track_default_holo_light) that varies with configuration!!
W/Resources( 4314): Preloaded drawable resource #0x108037d (android:drawable/fastscroll_track_holo_light) that varies with configuration!!
W/Resources( 4314): Preloaded drawable resource #0x1080381 (android:drawable/fastscroll_track_pressed_holo_light) that varies with configuration!!
W/Resources( 4314): Preloaded drawable resource #0x108037b (android:drawable/fastscroll_track_default_holo_light) that varies with configuration!!
W/Resources( 4314): Preloaded drawable resource #0x1080370 (android:drawable/fastscroll_label_left_holo_light) that varies with configuration!!
W/Resources( 4314): Preloaded drawable resource #0x1080373 (android:drawable/fastscroll_label_right_holo_light) that varies with configuration!!
E/AudioHardwareTinyALSA( 4312): AudioStreamInALSA userDefined 0, pSize 960, pCount 4, buffer 3840, latency 80000
D/AudioHardwareTinyALSA( 4312): Input	: format = 1, channels = 12, rate = 48000
D/AudioHardwareTinyALSA( 4312): default	: format = 0, channelCount = 2, rate = 48000
D/AudioHardwareTinyALSA( 4312): AudioStreamOps::set set IN_Channels : 10
D/AudioHardwareTinyALSA( 4312): mInputs.size : 1
I/AudioFlinger( 4312): AudioFlinger's thread 0xb2142000 ready to run
I/AudioHardwareTinyALSA( 4312): closeInputStream +
D/TinyUCM ( 4312): Disable Output dev(0x0)
D/AudioHardwareTinyALSA( 4312): Entering AudioStreamInALSA standby mode
I/audio_a2dp_hw( 4312): adev_open:  adev_open in A2dp_hw module
I/AudioFlinger( 4312): loadHwModule() Loaded a2dp audio interface from A2DP Audio HW HAL (audio) handle 5
I/AudioFlinger( 4312): loadHwModule() Loaded usb audio interface from USB audio HW HAL (audio) handle 6
I/AudioFlinger( 4312): loadHwModule() Loaded tms audio interface from TMS Audio HW HAL (audio) handle 7
I/r_submix( 4312): adev_open(name=audio_hw_if)
E/tms_audio_hw/AudioTmsIpc( 4312): AudioTmsClientListen::bind error -1
I/r_submix( 4312): adev_init_check()
I/AudioFlinger( 4312): loadHwModule() Loaded r_submix audio interface from Wifi Display audio HAL (audio) handle 8
D/r_submix( 4312): adev_open_input_stream()
D/r_submix( 4312): submix_audio_device_create_pipe()
E/MonoPipe( 4312): Failed to fetch local time frequency when constructing a MonoPipe (res = -32).  getNextWriteTimestamp calls will be non-functional
E/tms_audio_hw/AudioTmsIpc( 4312): AudioTmsServerListen bind error -1 Address already in use
I/AudioFlinger( 4312): AudioFlinger's thread 0xb2153000 ready to run
D/r_submix( 4312): adev_close_input_stream()
D/r_submix( 4312): submix_audio_device_release_pipe()
D/r_submix( 4312): submix_audio_device_destroy_pipe(): pipe destroyed
W/AudioPolicyManager( 4312): Input device 80080000 unreachable
V/AudioPolicyManager( 4312): DeviceVector::refreshTypes() mDeviceTypes 800001c4
W/VolumeCustomizer( 4312): createVolumeTable device=0
D/VolumeCustomizer( 4312): volume tuning file does NOT exist!!! use default VolumeTable
W/VolumeCustomizer( 4312): createVolumeTable device=1
D/VolumeCustomizer( 4312): volume tuning file does NOT exist!!! use default VolumeTable
W/VolumeCustomizer( 4312): createVolumeTable device=2
D/VolumeCustomizer( 4312): volume tuning file does NOT exist!!! use default VolumeTable
W/VolumeCustomizer( 4312): createVolumeTable device=3
D/VolumeCustomizer( 4312): volume tuning file does NOT exist!!! use default VolumeTable
W/VolumeCustomizer( 4312): createVolumeTable device=4
D/VolumeCustomizer( 4312): volume tuning file does NOT exist!!! use default VolumeTable
V/AudioPolicyManager( 4312): ====spkVolume[0][0] = 0.177828
V/AudioPolicyManager( 4312): ====spkVolume[0][1] = 0.251189
V/AudioPolicyManager( 4312): ====spkVolume[0][2] = 0.354813
V/AudioPolicyManager( 4312): ====spkVolume[0][3] = 0.501187
V/AudioPolicyManager( 4312): ====spkVolume[0][4] = 0.707946
V/AudioPolicyManager( 4312): ====spkVolume[0][5] = 1.000000
V/AudioPolicyManager( 4312): ====spkVolume[0][6] = 0.500000
V/AudioPolicyManager( 4312): ====spkVolume[0][7] = 0.000000
V/AudioPolicyManager( 4312): ====spkVolume[0][8] = 0.000000
V/AudioPolicyManager( 4312): ====spkVolume[0][9] = 0.000000
V/AudioPolicyManager( 4312): ====spkVolume[0][10] = 0.000000
V/AudioPolicyManager( 4312): ====spkVolume[0][11] = 0.000000
V/AudioPolicyManager( 4312): ====spkVolume[0][12] = 0.000000
V/AudioPolicyManager( 4312): ====spkVolume[0][13] = 0.000000
V/AudioPolicyManager( 4312): ====spkVolume[0][14] = 0.000000
V/AudioPolicyManager( 4312): ====spkVolume[0][15] = 0.000000
V/AudioPolicyManager( 4312): ====spkVolume[0][16] = 0.000000
V/AudioPolicyManager( 4312): ====spkVolume[1][0] = 0.000000
V/AudioPolicyManager( 4312): ====spkVolume[1][1] = 0.028184
V/AudioPolicyManager( 4312): ====spkVolume[1][2] = 0.035481
V/AudioPolicyManager( 4312): ====spkVolume[1][3] = 0.044668
V/AudioPolicyManager( 4312): ====spkVolume[1][4] = 0.056234
V/AudioPolicyManager( 4312): ====spkVolume[1][5] = 0.070795
V/AudioPolicyManager( 4312): ====spkVolume[1][6] = 0.089125
V/AudioPolicyManager( 4312): ====spkVolume[1][7] = 0.112202
V/AudioPolicyManager( 4312): ====spkVolume[1][8] = 0.141254
V/AudioPolicyManager( 4312): ====spkVolume[1][9] = 0.177828
V/AudioPolicyManager( 4312): ====spkVolume[1][10] = 0.223872
V/AudioPolicyManager( 4312): ====spkVolume[1][11] = 0.281838
V/AudioPolicyManager( 4312): ====spkVolume[1][12] = 0.354813
V/AudioPolicyManager( 4312): ====spkVolume[1][13] = 0.446684
V/AudioPolicyManager( 4312): ====spkVolume[1][14] = 0.630957
V/AudioPolicyManager( 4312): ====spkVolume[1][15] = 1.000000
V/AudioPolicyManager( 4312): ====spkVolume[1][16] = 1.000000
V/AudioPolicyManager( 4312): ====spkVolume[2][0] = 0.000000
V/AudioPolicyManager( 4312): ====spkVolume[2][1] = 0.019953
V/AudioPolicyManager( 4312): ====spkVolume[2][2] = 0.025119
V/AudioPolicyManager( 4312): ====spkVolume[2][3] = 0.031623
V/AudioPolicyManager( 4312): ====spkVolume[2][4] = 0.039811
V/AudioPolicyManager( 4312): ====spkVolume[2][5] = 0.050119
V/AudioPolicyManager( 4312): ====spkVolume[2][6] = 0.063096
V/AudioPolicyManager( 4312): ====spkVolume[2][7] = 0.079433
V/AudioPolicyManager( 4312): ====spkVolume[2][8] = 0.100000
V/AudioPolicyManager( 4312): ====spkVolume[2][9] = 0.125893
V/AudioPolicyManager( 4312): ====spkVolume[2][10] = 0.158489
V/AudioPolicyManager( 4312): ====spkVolume[2][11] = 0.199526
V/AudioPolicyManager( 4312): ====spkVolume[2][12] = 0.251189
V/AudioPolicyManager( 4312): ====spkVolume[2][13] = 0.316228
V/AudioPolicyManager( 4312): ====spkVolume[2][14] = 0.562341
V/AudioPolicyManager( 4312): ====spkVolume[2][15] = 1.000000
V/AudioPolicyManager( 4312): ====spkVolume[2][16] = 1.000000
V/AudioPolicyManager( 4312): ====spkVolume[3][0] = 0.000000
V/AudioPolicyManager( 4312): ====spkVolume[3][1] = 0.005623
V/AudioPolicyManager( 4312): ====spkVolume[3][2] = 0.007943
V/AudioPolicyManager( 4312): ====spkVolume[3][3] = 0.012589
V/AudioPolicyManager( 4312): ====spkVolume[3][4] = 0.017783
V/AudioPolicyManager( 4312): ====spkVolume[3][5] = 0.025119
V/AudioPolicyManager( 4312): ====spkVolume[3][6] = 0.039811
V/AudioPolicyManager( 4312): ====spkVolume[3][7] = 0.063096
V/AudioPolicyManager( 4312): ====spkVolume[3][8] = 0.089125
V/AudioPolicyManager( 4312): ====spkVolume[3][9] = 0.125893
V/AudioPolicyManager( 4312): ====spkVolume[3][10] = 0.177828
V/AudioPolicyManager( 4312): ====spkVolume[3][11] = 0.251189
V/AudioPolicyManager( 4312): ====spkVolume[3][12] = 0.354813
V/AudioPolicyManager( 4312): ====spkVolume[3][13] = 0.501187
V/AudioPolicyManager( 4312): ====spkVolume[3][14] = 0.707946
V/AudioPolicyManager( 4312): ====spkVolume[3][15] = 1.000000
V/AudioPolicyManager( 4312): ====spkVolume[3][16] = 1.000000
V/AudioPolicyManager( 4312): ====spkVolume[4][0] = 0.000000
V/AudioPolicyManager( 4312): ====spkVolume[4][1] = 0.019953
V/AudioPolicyManager( 4312): ====spkVolume[4][2] = 0.025119
V/AudioPolicyManager( 4312): ====spkVolume[4][3] = 0.031623
V/AudioPolicyManager( 4312): ====spkVolume[4][4] = 0.039811
V/AudioPolicyManager( 4312): ====spkVolume[4][5] = 0.050119
V/AudioPolicyManager( 4312): ====spkVolume[4][6] = 0.063096
V/AudioPolicyManager( 4312): ====spkVolume[4][7] = 0.079433
V/AudioPolicyManager( 4312): ====spkVolume[4][8] = 0.100000
V/AudioPolicyManager( 4312): ====spkVolume[4][9] = 0.125893
V/AudioPolicyManager( 4312): ====spkVolume[4][10] = 0.158489
V/AudioPolicyManager( 4312): ====spkVolume[4][11] = 0.199526
V/AudioPolicyManager( 4312): ====spkVolume[4][12] = 0.251189
V/AudioPolicyManager( 4312): ====spkVolume[4][13] = 0.316228
V/AudioPolicyManager( 4312): ====spkVolume[4][14] = 0.562341
V/AudioPolicyManager( 4312): ====spkVolume[4][15] = 1.000000
V/AudioPolicyManager( 4312): ====spkVolume[4][16] = 1.000000
V/AudioPolicyManager( 4312): ====spkVolume[5][0] = 0.000000
V/AudioPolicyManager( 4312): ====spkVolume[5][1] = 0.039811
V/AudioPolicyManager( 4312): ====spkVolume[5][2] = 0.050119
V/AudioPolicyManager( 4312): ====spkVolume[5][3] = 0.063096
V/AudioPolicyManager( 4312): ====spkVolume[5][4] = 0.079433
V/AudioPolicyManager( 4312): ====spkVolume[5][5] = 0.100000
V/AudioPolicyManager( 4312): ====spkVolume[5][6] = 0.125893
V/AudioPolicyManager( 4312): ====spkVolume[5][7] = 0.158489
V/AudioPolicyManager( 4312): ====spkVolume[5][8] = 0.199526
V/AudioPolicyManager( 4312): ====spkVolume[5][9] = 0.251189
V/AudioPolicyManager( 4312): ====spkVolume[5][10] = 0.316228
V/AudioPolicyManager( 4312): ====spkVolume[5][11] = 0.398107
V/AudioPolicyManager( 4312): ====spkVolume[5][12] = 0.501187
V/AudioPolicyManager( 4312): ====spkVolume[5][13] = 0.630957
V/AudioPolicyManager( 4312): ====spkVolume[5][14] = 0.794328
V/AudioPolicyManager( 4312): ====spkVolume[5][15] = 1.000000
V/AudioPolicyManager( 4312): ====spkVolume[5][16] = 1.000000
V/AudioPolicyManager( 4312): ====spkVolume[6][0] = 0.074989
V/AudioPolicyManager( 4312): ====spkVolume[6][1] = 0.089125
V/AudioPolicyManager( 4312): ====spkVolume[6][2] = 0.105925
V/AudioPolicyManager( 4312): ====spkVolume[6][3] = 0.125893
V/AudioPolicyManager( 4312): ====spkVolume[6][4] = 0.149624
V/AudioPolicyManager( 4312): ====spkVolume[6][5] = 0.177828
V/AudioPolicyManager( 4312): ====spkVolume[6][6] = 0.211349
V/AudioPolicyManager( 4312): ====spkVolume[6][7] = 0.251189
V/AudioPolicyManager( 4312): ====spkVolume[6][8] = 0.298538
V/AudioPolicyManager( 4312): ====spkVolume[6][9] = 0.354813
V/AudioPolicyManager( 4312): ====spkVolume[6][10] = 0.421696
V/AudioPolicyManager( 4312): ====spkVolume[6][11] = 0.501187
V/AudioPolicyManager( 4312): ====spkVolume[6][12] = 0.595662
V/AudioPolicyManager( 4312): ====spkVolume[6][13] = 0.707946
V/AudioPolicyManager( 4312): ====spkVolume[6][14] = 0.841395
V/AudioPolicyManager( 4312): ====spkVolume[6][15] = 1.000000
V/AudioPolicyManager( 4312): ====spkVolume[6][16] = 0.500000
V/AudioPolicyManager( 4312): ====spkVolume[7][0] = 0.000000
V/AudioPolicyManager( 4312): ====spkVolume[7][1] = 0.039811
V/AudioPolicyManager( 4312): ====spkVolume[7][2] = 0.050119
V/AudioPolicyManager( 4312): ====spkVolume[7][3] = 0.063096
V/AudioPolicyManager( 4312): ====spkVolume[7][4] = 0.079433
V/AudioPolicyManager( 4312): ====spkVolume[7][5] = 0.100000
V/AudioPolicyManager( 4312): ====spkVolume[7][6] = 0.125893
V/AudioPolicyManager( 4312): ====spkVolume[7][7] = 0.158489
V/AudioPolicyManager( 4312): ====spkVolume[7][8] = 0.199526
V/AudioPolicyManager( 4312): ====spkVolume[7][9] = 0.251189
V/AudioPolicyManager( 4312): ====spkVolume[7][10] = 0.316228
V/AudioPolicyManager( 4312): ====spkVolume[7][11] = 0.398107
V/AudioPolicyManager( 4312): ====spkVolume[7][12] = 0.501187
V/AudioPolicyManager( 4312): ====spkVolume[7][13] = 0.630957
V/AudioPolicyManager( 4312): ====spkVolume[7][14] = 0.794328
V/AudioPolicyManager( 4312): ====spkVolume[7][15] = 1.000000
V/AudioPolicyManager( 4312): ====spkVolume[7][16] = 1.000000
V/AudioPolicyManager( 4312): ====spkVolume[8][0] = 0.000000
V/AudioPolicyManager( 4312): ====spkVolume[8][1] = 0.003350
V/AudioPolicyManager( 4312): ====spkVolume[8][2] = 0.007943
V/AudioPolicyManager( 4312): ====spkVolume[8][3] = 0.014962
V/AudioPolicyManager( 4312): ====spkVolume[8][4] = 0.022387
V/AudioPolicyManager( 4312): ====spkVolume[8][5] = 0.031623
V/AudioPolicyManager( 4312): ====spkVolume[8][6] = 0.044668
V/AudioPolicyManager( 4312): ====spkVolume[8][7] = 0.063096
V/AudioPolicyManager( 4312): ====spkVolume[8][8] = 0.089125
V/AudioPolicyManager( 4312): ====spkVolume[8][9] = 0.125893
V/AudioPolicyManager( 4312): ====spkVolume[8][10] = 0.177828
V/AudioPolicyManager( 4312): ====spkVolume[8][11] = 0.251189
V/AudioPolicyManager( 4312): ====spkVolume[8][12] = 0.354813
V/AudioPolicyManager( 4312): ====spkVolume[8][13] = 0.501187
V/AudioPolicyManager( 4312): ====spkVolume[8][14] = 0.707946
V/AudioPolicyManager( 4312): ====spkVolume[8][15] = 1.000000
V/AudioPolicyManager( 4312): ====spkVolume[8][16] = 0.500000
V/AudioPolicyManager( 4312): ====spkVolume[9][0] = 0.000000
V/AudioPolicyManager( 4312): ====spkVolume[9][1] = 0.074989
V/AudioPolicyManager( 4312): ====spkVolume[9][2] = 0.089125
V/AudioPolicyManager( 4312): ====spkVolume[9][3] = 0.105925
V/AudioPolicyManager( 4312): ====spkVolume[9][4] = 0.125893
V/AudioPolicyManager( 4312): ====spkVolume[9][5] = 0.149624
V/AudioPolicyManager( 4312): ====spkVolume[9][6] = 0.177828
V/AudioPolicyManager( 4312): ====spkVolume[9][7] = 0.211349
V/AudioPolicyManager( 4312): ====spkVolume[9][8] = 0.251189
V/AudioPolicyManager( 4312): ====spkVolume[9][9] = 0.298538
V/AudioPolicyManager( 4312): ====spkVolume[9][10] = 0.354813
V/AudioPolicyManager( 4312): ====spkVolume[9][11] = 0.421696
V/AudioPolicyManager( 4312): ====spkVolume[9][12] = 0.501187
V/AudioPolicyManager( 4312): ====spkVolume[9][13] = 0.595662
V/AudioPolicyManager( 4312): ====spkVolume[9][14] = 0.707946
V/AudioPolicyManager( 4312): ====spkVolume[9][15] = 0.841395
V/AudioPolicyManager( 4312): ====spkVolume[9][16] = 0.500000
V/AudioPolicyManager( 4312): ====spkVolume[10][0] = 0.000000
V/AudioPolicyManager( 4312): ====spkVolume[10][1] = 0.003350
V/AudioPolicyManager( 4312): ====spkVolume[10][2] = 0.007943
V/AudioPolicyManager( 4312): ====spkVolume[10][3] = 0.014962
V/AudioPolicyManager( 4312): ====spkVolume[10][4] = 0.022387
V/AudioPolicyManager( 4312): ====spkVolume[10][5] = 0.031623
V/AudioPolicyManager( 4312): ====spkVolume[10][6] = 0.044668
V/AudioPolicyManager( 4312): ====spkVolume[10][7] = 0.063096
V/AudioPolicyManager( 4312): ====spkVolume[10][8] = 0.089125
V/AudioPolicyManager( 4312): ====spkVolume[10][9] = 0.125893
V/AudioPolicyManager( 4312): ====spkVolume[10][10] = 0.177828
V/AudioPolicyManager( 4312): ====spkVolume[10][11] = 0.251189
V/AudioPolicyManager( 4312): ====spkVolume[10][12] = 0.354813
V/AudioPolicyManager( 4312): ====spkVolume[10][13] = 0.501187
V/AudioPolicyManager( 4312): ====spkVolume[10][14] = 0.707946
V/AudioPolicyManager( 4312): ====spkVolume[10][15] = 1.000000
V/AudioPolicyManager( 4312): ====spkVolume[10][16] = 0.500000
V/AudioPolicyManager( 4312): ====spkVolume[11][0] = 0.177828
V/AudioPolicyManager( 4312): ====spkVolume[11][1] = 0.251189
V/AudioPolicyManager( 4312): ====spkVolume[11][2] = 0.354813
V/AudioPolicyManager( 4312): ====spkVolume[11][3] = 0.501187
V/AudioPolicyManager( 4312): ====spkVolume[11][4] = 0.707946
V/AudioPolicyManager( 4312): ====spkVolume[11][5] = 1.000000
V/AudioPolicyManager( 4312): ====spkVolume[11][6] = 0.500000
V/AudioPolicyManager( 4312): ====spkVolume[11][7] = 0.000000
V/AudioPolicyManager( 4312): ====spkVolume[11][8] = 0.000000
V/AudioPolicyManager( 4312): ====spkVolume[11][9] = 0.000000
V/AudioPolicyManager( 4312): ====spkVolume[11][10] = 0.000000
V/AudioPolicyManager( 4312): ====spkVolume[11][11] = 0.000000
V/AudioPolicyManager( 4312): ====spkVolume[11][12] = 0.000000
V/AudioPolicyManager( 4312): ====spkVolume[11][13] = 0.000000
V/AudioPolicyManager( 4312): ====spkVolume[11][14] = 0.000000
V/AudioPolicyManager( 4312): ====spkVolume[11][15] = 0.000000
V/AudioPolicyManager( 4312): ====spkVolume[11][16] = 0.000000
V/AudioPolicyManager( 4312): ====spkVolume[12][0] = 0.177828
V/AudioPolicyManager( 4312): ====spkVolume[12][1] = 0.251189
V/AudioPolicyManager( 4312): ====spkVolume[12][2] = 0.354813
V/AudioPolicyManager( 4312): ====spkVolume[12][3] = 0.501187
V/AudioPolicyManager( 4312): ====spkVolume[12][4] = 0.707946
V/AudioPolicyManager( 4312): ====spkVolume[12][5] = 1.000000
V/AudioPolicyManager( 4312): ====spkVolume[12][6] = 0.500000
V/AudioPolicyManager( 4312): ====spkVolume[12][7] = 0.000000
V/AudioPolicyManager( 4312): ====spkVolume[12][8] = 0.000000
V/AudioPolicyManager( 4312): ====spkVolume[12][9] = 0.000000
V/AudioPolicyManager( 4312): ====spkVolume[12][10] = 0.000000
V/AudioPolicyManager( 4312): ====spkVolume[12][11] = 0.000000
V/AudioPolicyManager( 4312): ====spkVolume[12][12] = 0.000000
V/AudioPolicyManager( 4312): ====spkVolume[12][13] = 0.000000
V/AudioPolicyManager( 4312): ====spkVolume[12][14] = 0.000000
V/AudioPolicyManager( 4312): ====spkVolume[12][15] = 0.000000
V/AudioPolicyManager( 4312): ====spkVolume[12][16] = 0.000000
V/AudioPolicyManager( 4312): ====headsetVolume[0][0] = 0.177828
V/AudioPolicyManager( 4312): ====headsetVolume[0][1] = 0.251189
V/AudioPolicyManager( 4312): ====headsetVolume[0][2] = 0.354813
V/AudioPolicyManager( 4312): ====headsetVolume[0][3] = 0.501187
V/AudioPolicyManager( 4312): ====headsetVolume[0][4] = 0.707946
V/AudioPolicyManager( 4312): ====headsetVolume[0][5] = 1.000000
V/AudioPolicyManager( 4312): ====headsetVolume[0][6] = 0.500000
V/AudioPolicyManager( 4312): ====headsetVolume[0][7] = 0.000000
V/AudioPolicyManager( 4312): ====headsetVolume[0][8] = 0.000000
V/AudioPolicyManager( 4312): ====headsetVolume[0][9] = 0.000000
V/AudioPolicyManager( 4312): ====headsetVolume[0][10] = 0.000000
V/AudioPolicyManager( 4312): ====headsetVolume[0][11] = 0.000000
V/AudioPolicyManager( 4312): ====headsetVolume[0][12] = 0.000000
V/AudioPolicyManager( 4312): ====headsetVolume[0][13] = 0.000000
V/AudioPolicyManager( 4312): ====headsetVolume[0][14] = 0.000000
V/AudioPolicyManager( 4312): ====headsetVolume[0][15] = 0.000000
V/AudioPolicyManager( 4312): ====headsetVolume[0][16] = 0.000000
V/AudioPolicyManager( 4312): ====headsetVolume[1][0] = 0.000000
V/AudioPolicyManager( 4312): ====headsetVolume[1][1] = 0.003981
V/AudioPolicyManager( 4312): ====headsetVolume[1][2] = 0.005012
V/AudioPolicyManager( 4312): ====headsetVolume[1][3] = 0.006310
V/AudioPolicyManager( 4312): ====headsetVolume[1][4] = 0.007943
V/AudioPolicyManager( 4312): ====headsetVolume[1][5] = 0.010000
V/AudioPolicyManager( 4312): ====headsetVolume[1][6] = 0.012589
V/AudioPolicyManager( 4312): ====headsetVolume[1][7] = 0.017783
V/AudioPolicyManager( 4312): ====headsetVolume[1][8] = 0.025119
V/AudioPolicyManager( 4312): ====headsetVolume[1][9] = 0.035481
V/AudioPolicyManager( 4312): ====headsetVolume[1][10] = 0.050119
V/AudioPolicyManager( 4312): ====headsetVolume[1][11] = 0.070795
V/AudioPolicyManager( 4312): ====headsetVolume[1][12] = 0.100000
V/AudioPolicyManager( 4312): ====headsetVolume[1][13] = 0.141254
V/AudioPolicyManager( 4312): ====headsetVolume[1][14] = 0.199526
V/AudioPolicyManager( 4312): ====headsetVolume[1][15] = 0.281838
V/AudioPolicyManager( 4312): ====headsetVolume[1][16] = 1.000000
V/AudioPolicyManager( 4312): ====headsetVolume[2][0] = 0.000000
