--------- beginning of main
I/cm      (    0): ____ _   _ ____ _  _ ____ ____ ____ _  _ _  _ ____ ___ 
W/auditd  ( 3603): type=2000 audit(0.0:1): initialized
W/auditd  ( 3603): type=1325 audit(0.0:2): table=filter family=2 entries=0
W/auditd  ( 3603): type=1325 audit(0.0:3): table=mangle family=2 entries=0
W/auditd  ( 3603): type=1325 audit(0.0:4): table=nat family=2 entries=0
W/auditd  ( 3603): type=1325 audit(0.0:5): table=raw family=2 entries=0
W/auditd  ( 3603): type=1325 audit(0.0:6): table=security family=2 entries=0
W/auditd  ( 3603): type=1325 audit(0.0:7): table=filter family=3 entries=0
W/auditd  ( 3603): type=1325 audit(0.0:8): table=filter family=10 entries=0
W/auditd  ( 3603): type=1325 audit(0.0:9): table=mangle family=10 entries=0
W/auditd  ( 3603): type=1325 audit(0.0:10): table=raw family=10 entries=0
I/auditd  ( 3603): type=1403 audit(0.0:11): policy loaded auid=4294967295 ses=4294967295
W/auditd  ( 3603): type=1404 audit(0.0:12): enforcing=1 old_enforcing=0 auid=4294967295 ses=4294967295
W/init    ( 3536): type=1400 audit(0.0:13): avc: denied { write } for name="etc" dev="mmcblk0p18" ino=357 scontext=u:r:init:s0 tcontext=u:object_r:system_file:s0 tclass=dir
W/init    ( 3536): type=1300 audit(0.0:13): arch=40000028 syscall=322 per=800000 success=no exit=-13 a0=ffffff9c a1=b6d3ba60 a2=20241 a3=1b6 items=1 ppid=1 auid=4294967295 uid=0 gid=0 euid=0 suid=0 fsuid=0 egid=0 sgid=0 fsgid=0 ses=4294967295 tty=(none) exe="/init" subj=u:r:init:s0 key=(null)
W/auditd  ( 3603): type=1307 audit(0.0:13): cwd="/"
W/auditd  ( 3603): type=1302 audit(0.0:13): item=0 name="/etc/" inode=357 dev=103:0a mode=040755 ouid=0 ogid=2000 rdev=00:00 obj=u:object_r:system_file:s0
W/auditd  ( 3603): type=1320 audit(0.0:13): 
W/init    ( 3536): type=1400 audit(0.0:14): avc: denied { write } for name="etc" dev="mmcblk0p18" ino=357 scontext=u:r:init:s0 tcontext=u:object_r:system_file:s0 tclass=dir
W/init    ( 3536): type=1300 audit(0.0:14): arch=40000028 syscall=322 per=800000 success=no exit=-13 a0=ffffff9c a1=b6d3ba60 a2=20241 a3=1b6 items=1 ppid=1 auid=4294967295 uid=0 gid=0 euid=0 suid=0 fsuid=0 egid=0 sgid=0 fsgid=0 ses=4294967295 tty=(none) exe="/init" subj=u:r:init:s0 key=(null)
W/auditd  ( 3603): type=1307 audit(0.0:14): cwd="/"
W/auditd  ( 3603): type=1302 audit(0.0:14): item=0 name="/etc/" inode=357 dev=103:0a mode=040755 ouid=0 ogid=2000 rdev=00:00 obj=u:object_r:system_file:s0
W/auditd  ( 3603): type=1320 audit(0.0:14): 
W/init    ( 3536): type=1400 audit(0.0:15): avc: denied { write } for name="etc" dev="mmcblk0p18" ino=357 scontext=u:r:init:s0 tcontext=u:object_r:system_file:s0 tclass=dir
W/init    ( 3536): type=1300 audit(0.0:15): arch=40000028 syscall=322 per=800000 success=no exit=-13 a0=ffffff9c a1=b6d3ba60 a2=20241 a3=1b6 items=1 ppid=1 auid=4294967295 uid=0 gid=0 euid=0 suid=0 fsuid=0 egid=0 sgid=0 fsgid=0 ses=4294967295 tty=(none) exe="/init" subj=u:r:init:s0 key=(null)
W/auditd  ( 3603): type=1307 audit(0.0:15): cwd="/"
W/auditd  ( 3603): type=1302 audit(0.0:15): item=0 name="/etc/" inode=357 dev=103:0a mode=040755 ouid=0 ogid=2000 rdev=00:00 obj=u:object_r:system_file:s0
W/auditd  ( 3603): type=1320 audit(0.0:15): 
W/init    ( 3536): type=1400 audit(0.0:16): avc: denied { write } for name="etc" dev="mmcblk0p18" ino=357 scontext=u:r:init:s0 tcontext=u:object_r:system_file:s0 tclass=dir
W/init    ( 3536): type=1300 audit(0.0:16): arch=40000028 syscall=322 per=800000 success=no exit=-13 a0=ffffff9c a1=b6d3ba60 a2=20241 a3=1b6 items=1 ppid=1 auid=4294967295 uid=0 gid=0 euid=0 suid=0 fsuid=0 egid=0 sgid=0 fsgid=0 ses=4294967295 tty=(none) exe="/init" subj=u:r:init:s0 key=(null)
W/auditd  ( 3603): type=1307 audit(0.0:16): cwd="/"
W/auditd  ( 3603): type=1302 audit(0.0:16): item=0 name="/etc/" inode=357 dev=103:0a mode=040755 ouid=0 ogid=2000 rdev=00:00 obj=u:object_r:system_file:s0
W/auditd  ( 3603): type=1320 audit(0.0:16): 
W/init    (    1): type=1400 audit(0.0:17): avc: denied { mounton } for path="/preload" dev="mmcblk0p20" ino=2 scontext=u:r:init:s0 tcontext=u:object_r:system_file:s0 tclass=dir
I/cm      (    0): |     \_/  |__| |\ | |  | | __ |___ |\ | |\/| |  | |  \ 
W/init    ( 3581): type=1400 audit(0.0:18): avc: denied { entrypoint } for path="/system/bin/auditd" dev="mmcblk0p18" ino=173 scontext=u:r:logd:s0 tcontext=u:object_r:system_file:s0 tclass=file
W/init    ( 3581): type=1300 audit(0.0:18): arch=40000028 syscall=11 per=800000 success=no exit=-13 a0=b6d80954 a1=b6d69530 a2=57e64 a3=ff0000 items=1 ppid=1 auid=4294967295 uid=0 gid=0 euid=0 suid=0 fsuid=0 egid=0 sgid=0 fsgid=0 ses=4294967295 tty=(none) exe="/init" subj=u:r:init:s0 key=(null)
W/auditd  ( 3603): type=1307 audit(0.0:18): cwd="/"
W/auditd  ( 3603): type=1302 audit(0.0:18): item=0 name="/system/bin/auditd" inode=173 dev=103:0a mode=0100755 ouid=0 ogid=2000 rdev=00:00 obj=u:object_r:system_file:s0
W/auditd  ( 3603): type=1320 audit(0.0:18): 
I/cm      (    0): |___   |   |  | | \| |__| |__] |___ | \| |  | |__| |__/ 
W/auditd  ( 3603): type=1305 audit(0.0:19): audit_pid=3570 old=0 auid=4294967295 ses=4294967295
W/auditd  ( 3603):  subj=u:r:logd:s0 res=1
W/auditd  ( 3603): type=1305 audit(0.0:20): audit_rate_limit=20 old=0 auid=4294967295 ses=4294967295
W/auditd  ( 3603):  subj=u:r:logd:s0 res=1
I/lowmemorykiller( 3572): Using in-kernel low memory killer interface
I/cm      ( 3604): Welcome to Android 5.0.2 / CyanogenMod-12-20150625-UNOFFICIAL-k3gxx 
E/sdcard  ( 3597): usage: sdcard [OPTIONS] <source_path> <dest_path>
E/sdcard  ( 3597):     -u: specify UID to run as
E/sdcard  ( 3597):     -g: specify GID to run as
E/sdcard  ( 3597):     -w: specify GID required to write (default sdcard_rw, requires -d or -l)
E/sdcard  ( 3597):     -t: specify number of threads to use (default 2)
E/sdcard  ( 3597):     -d: derive file permissions based on path
E/sdcard  ( 3597):     -l: derive file permissions based on legacy internal layout
E/sdcard  ( 3597):     -s: split derived permissions for pics, av
E/sdcard  ( 3597): 
E/sdcard  ( 3596): usage: sdcard [OPTIONS] <source_path> <dest_path>
E/sdcard  ( 3596):     -u: specify UID to run as
E/sdcard  ( 3596):     -g: specify GID to run as
E/sdcard  ( 3596):     -w: specify GID required to write (default sdcard_rw, requires -d or -l)
E/sdcard  ( 3596):     -t: specify number of threads to use (default 2)
E/sdcard  ( 3596):     -d: derive file permissions based on path
E/sdcard  ( 3596):     -l: derive file permissions based on legacy internal layout
E/sdcard  ( 3596):     -s: split derived permissions for pics, av
E/sdcard  ( 3596): 
I/installd( 3588): installd firing up
I/DEBUG   ( 3583): debuggerd: Jun 17 2015 15:28:56
I/Netd    ( 3582): Netd 1.0 starting
--------- beginning of system
I/Vold    ( 3575): Vold 2.1 (the revenge) firing up
E/Netd    ( 3582): Failed to open /proc/sys/net/ipv6/conf/default/accept_ra_rt_table: No such file or directory
E/Netd    ( 3582): Failed to open /proc/sys/net/ipv6/conf/ip6tnl0/accept_ra_rt_table: No such file or directory
E/Netd    ( 3582): Failed to open /proc/sys/net/ipv6/conf/lo/accept_ra_rt_table: No such file or directory
E/Netd    ( 3582): Failed to open /proc/sys/net/ipv6/conf/rmnet0/accept_ra_rt_table: No such file or directory
E/Netd    ( 3582): Failed to open /proc/sys/net/ipv6/conf/rmnet1/accept_ra_rt_table: No such file or directory
D/Vold    ( 3575): Volume sdcard1 state changing -1 (Initializing) -> 0 (No-Media)
E/Netd    ( 3582): Failed to open /proc/sys/net/ipv6/conf/rmnet2/accept_ra_rt_table: No such file or directory
D/Vold    ( 3575): Volume usbdisk state changing -1 (Initializing) -> 0 (No-Media)
I/Cryptfs ( 3575): Check if PFE is activated on Boot
E/Netd    ( 3582): Failed to open /proc/sys/net/ipv6/conf/rmnet3/accept_ra_rt_table: No such file or directory
E/Netd    ( 3582): Failed to open /proc/sys/net/ipv6/conf/sit0/accept_ra_rt_table: No such file or directory
E/Cryptfs ( 3575): Bad magic for real block device /dev/block/mmcblk0p21
E/Cryptfs ( 3575): Error getting crypt footer and key
I/SurfaceFlinger( 3577): SurfaceFlinger is starting
I/SurfaceFlinger( 3577): SurfaceFlinger's main thread ready to run. Initializing graphics H/W...
W/auditd  ( 3603): type=1325 audit(0.0:21): table=filter family=2 entries=4
W/iptables( 3670): type=1300 audit(0.0:21): arch=40000028 syscall=294 per=800000 success=yes exit=0 a0=4 a1=0 a2=40 a3=b6c29100 items=0 ppid=3582 auid=4294967295 uid=0 gid=0 euid=0 suid=0 fsuid=0 egid=0 sgid=0 fsgid=0 ses=4294967295 tty=(none) exe="/system/bin/iptables" subj=u:r:netd:s0 key=(null)
W/auditd  ( 3603): type=1320 audit(0.0:21): 
W/auditd  ( 3603): type=1325 audit(0.0:22): table=filter family=10 entries=4
W/ip6tables( 3672): type=1300 audit(0.0:22): arch=40000028 syscall=294 per=800000 success=yes exit=0 a0=4 a1=29 a2=40 a3=b6c2b400 items=0 ppid=3582 auid=4294967295 uid=0 gid=0 euid=0 suid=0 fsuid=0 egid=0 sgid=0 fsgid=0 ses=4294967295 tty=(none) exe="/system/bin/ip6tables" subj=u:r:netd:s0 key=(null)
W/auditd  ( 3603): type=1320 audit(0.0:22): 
W/auditd  ( 3603): type=1325 audit(0.0:23): table=filter family=2 entries=6
W/iptables( 3673): type=1300 audit(0.0:23): arch=40000028 syscall=294 per=800000 success=yes exit=0 a0=4 a1=0 a2=40 a3=b6c23100 items=0 ppid=3582 auid=4294967295 uid=0 gid=0 euid=0 suid=0 fsuid=0 egid=0 sgid=0 fsgid=0 ses=4294967295 tty=(none) exe="/system/bin/iptables" subj=u:r:netd:s0 key=(null)
W/auditd  ( 3603): type=1320 audit(0.0:23): 
W/auditd  ( 3603): type=1325 audit(0.0:24): table=filter family=10 entries=6
W/ip6tables( 3674): type=1300 audit(0.0:24): arch=40000028 syscall=294 per=800000 success=yes exit=0 a0=4 a1=29 a2=40 a3=b6c36600 items=0 ppid=3582 auid=4294967295 uid=0 gid=0 euid=0 suid=0 fsuid=0 egid=0 sgid=0 fsgid=0 ses=4294967295 tty=(none) exe="/system/bin/ip6tables" subj=u:r:netd:s0 key=(null)
W/auditd  ( 3603): type=1320 audit(0.0:24): 
W/auditd  ( 3603): type=1325 audit(0.0:25): table=filter family=2 entries=7
W/iptables( 3681): type=1300 audit(0.0:25): arch=40000028 syscall=294 per=800000 success=yes exit=0 a0=4 a1=0 a2=40 a3=b6c30400 items=0 ppid=3582 auid=4294967295 uid=0 gid=0 euid=0 suid=0 fsuid=0 egid=0 sgid=0 fsgid=0 ses=4294967295 tty=(none) exe="/system/bin/iptables" subj=u:r:netd:s0 key=(null)
W/auditd  ( 3603): type=1320 audit(0.0:25): 
W/auditd  ( 3603): type=1325 audit(0.0:26): table=filter family=10 entries=7
W/ip6tables( 3682): type=1300 audit(0.0:26): arch=40000028 syscall=294 per=800000 success=yes exit=0 a0=4 a1=29 a2=40 a3=b6c32800 items=0 ppid=3582 auid=4294967295 uid=0 gid=0 euid=0 suid=0 fsuid=0 egid=0 sgid=0 fsgid=0 ses=4294967295 tty=(none) exe="/system/bin/ip6tables" subj=u:r:netd:s0 key=(null)
W/auditd  ( 3603): type=1320 audit(0.0:26): 
W/auditd  ( 3603): type=1325 audit(0.0:27): table=filter family=2 entries=9
W/iptables( 3683): type=1300 audit(0.0:27): arch=40000028 syscall=294 per=800000 success=yes exit=0 a0=4 a1=0 a2=40 a3=b6c33600 items=0 ppid=3582 auid=4294967295 uid=0 gid=0 euid=0 suid=0 fsuid=0 egid=0 sgid=0 fsgid=0 ses=4294967295 tty=(none) exe="/system/bin/iptables" subj=u:r:netd:s0 key=(null)
W/auditd  ( 3603): type=1320 audit(0.0:27): 
W/auditd  ( 3603): type=1325 audit(0.0:28): table=filter family=10 entries=9
W/ip6tables( 3684): type=1300 audit(0.0:28): arch=40000028 syscall=294 per=800000 success=yes exit=0 a0=4 a1=29 a2=40 a3=b6c47800 items=0 ppid=3582 auid=4294967295 uid=0 gid=0 euid=0 suid=0 fsuid=0 egid=0 sgid=0 fsgid=0 ses=4294967295 tty=(none) exe="/system/bin/ip6tables" subj=u:r:netd:s0 key=(null)
W/auditd  ( 3603): type=1320 audit(0.0:28): 
W/auditd  ( 3603): type=1325 audit(0.0:29): table=filter family=2 entries=10
W/iptables( 3691): type=1300 audit(0.0:29): arch=40000028 syscall=294 per=800000 success=yes exit=0 a0=4 a1=0 a2=40 a3=b6c31800 items=0 ppid=3582 auid=4294967295 uid=0 gid=0 euid=0 suid=0 fsuid=0 egid=0 sgid=0 fsgid=0 ses=4294967295 tty=(none) exe="/system/bin/iptables" subj=u:r:netd:s0 key=(null)
W/auditd  ( 3603): type=1320 audit(0.0:29): 
W/auditd  ( 3603): type=1325 audit(0.0:30): table=filter family=10 entries=10
W/ip6tables( 3692): type=1300 audit(0.0:30): arch=40000028 syscall=294 per=800000 success=yes exit=0 a0=4 a1=29 a2=40 a3=b6c42c00 items=0 ppid=3582 auid=4294967295 uid=0 gid=0 euid=0 suid=0 fsuid=0 egid=0 sgid=0 fsgid=0 ses=4294967295 tty=(none) exe="/system/bin/ip6tables" subj=u:r:netd:s0 key=(null)
W/auditd  ( 3603): type=1320 audit(0.0:30): 
W/auditd  ( 3603): type=1325 audit(0.0:31): table=filter family=2 entries=12
W/iptables( 3693): type=1300 audit(0.0:31): arch=40000028 syscall=294 per=800000 success=yes exit=0 a0=4 a1=0 a2=40 a3=b6c44800 items=0 ppid=3582 auid=4294967295 uid=0 gid=0 euid=0 suid=0 fsuid=0 egid=0 sgid=0 fsgid=0 ses=4294967295 tty=(none) exe="/system/bin/iptables" subj=u:r:netd:s0 key=(null)
W/auditd  ( 3603): type=1320 audit(0.0:31): 
W/rild    ( 3671): type=1400 audit(0.0:32): avc: denied { search } for name="block" dev="tmpfs" ino=7894 scontext=u:r:rild:s0 tcontext=u:object_r:block_device:s0 tclass=dir
W/rild    ( 3671): type=1300 audit(0.0:32): arch=40000028 syscall=322 per=800000 success=no exit=-13 a0=ffffff9c a1=b625f36c a2=20000 a3=0 items=1 ppid=1 auid=4294967295 uid=1001 gid=1001 euid=1001 suid=1001 fsuid=1001 egid=1001 sgid=1001 fsgid=1001 ses=4294967295 tty=(none) exe="/system/bin/rild" subj=u:r:rild:s0 key=(null)
W/auditd  ( 3603): type=1307 audit(0.0:32): cwd="/"
W/auditd  ( 3603): type=1302 audit(0.0:32): item=0 name="/dev/mbin0"
W/auditd  ( 3603): type=1320 audit(0.0:32): 
W/rild    ( 3671): type=1400 audit(0.0:33): avc: denied { getattr } for path="/efs/nv_data.bin" dev="mmcblk0p3" ino=30 scontext=u:r:rild:s0 tcontext=u:object_r:unlabeled:s0 tclass=file
I/mediaserver( 3587): ServiceManager: 0xb60500c0
I/AudioFlinger( 3587): Using default 3000 mSec as standby time.
I/ServiceManager( 3587): Waiting for service batterystats...
D/libEGL  ( 3577): loaded /vendor/lib/egl/libGLES_mali.so
I/        ( 3577): PLATFORM VERSION : JB-MR-2
D/WVMDrmPlugIn( 3585): WVMDrmPlugin::onGetSupportInfo : 0
I/gralloc ( 3577): using (fd=12)
I/gralloc ( 3577): id           = 
I/gralloc ( 3577): xres         = 1080 px
I/gralloc ( 3577): yres         = 1920 px
I/gralloc ( 3577): xres_virtual = 1080 px
I/gralloc ( 3577): yres_virtual = 3840 px
I/gralloc ( 3577): bpp          = 32
I/gralloc ( 3577): r            = 16:8
I/gralloc ( 3577): g            =  8:8
I/gralloc ( 3577): b            =  0:8
I/gralloc ( 3577): width        = 65 mm (422.030762 dpi)
I/gralloc ( 3577): height       = 115 mm (424.069580 dpi)
I/gralloc ( 3577): refresh rate = 60.00 Hz
D/AndroidRuntime( 3594): 
D/AndroidRuntime( 3594): >>>>>> AndroidRuntime START com.android.internal.os.ZygoteInit <<<<<<
D/AndroidRuntime( 3594): CheckJNI is OFF
I/art     ( 3594): option[0]=-Xzygote
I/art     ( 3594): option[1]=-Xstacktracefile:/data/anr/traces.txt
I/art     ( 3594): option[2]=exit
I/art     ( 3594): option[3]=vfprintf
I/art     ( 3594): option[4]=sensitiveThread
I/art     ( 3594): option[5]=-verbose:gc
I/art     ( 3594): option[6]=-Xms8m
I/art     ( 3594): option[7]=-Xmx512m
I/art     ( 3594): option[8]=-XX:mainThreadStackSize=24K
I/art     ( 3594): option[9]=-XX:HeapGrowthLimit=128m
I/art     ( 3594): option[10]=-XX:HeapMinFree=2m
I/art     ( 3594): option[11]=-XX:HeapMaxFree=8m
I/art     ( 3594): option[12]=-XX:HeapTargetUtilization=0.75
I/art     ( 3594): option[13]=-agentlib:jdwp=transport=dt_android_adb,suspend=n,server=y
I/art     ( 3594): option[14]=-Xlockprofthreshold:500
I/art     ( 3594): option[15]=-Ximage-compiler-option
I/art     ( 3594): option[16]=--runtime-arg
I/art     ( 3594): option[17]=-Ximage-compiler-option
I/art     ( 3594): option[18]=-Xms64m
I/art     ( 3594): option[19]=-Ximage-compiler-option
I/art     ( 3594): option[20]=--runtime-arg
I/art     ( 3594): option[21]=-Ximage-compiler-option
I/art     ( 3594): option[22]=-Xmx64m
I/art     ( 3594): option[23]=-Ximage-compiler-option
I/art     ( 3594): option[24]=--image-classes-zip=/system/framework/framework.jar
I/art     ( 3594): option[25]=-Ximage-compiler-option
I/art     ( 3594): option[26]=--image-classes=preloaded-classes
I/art     ( 3594): option[27]=-Xcompiler-option
I/art     ( 3594): option[28]=--runtime-arg
I/art     ( 3594): option[29]=-Xcompiler-option
I/art     ( 3594): option[30]=-Xms64m
I/art     ( 3594): option[31]=-Xcompiler-option
I/art     ( 3594): option[32]=--runtime-arg
I/art     ( 3594): option[33]=-Xcompiler-option
I/art     ( 3594): option[34]=-Xmx512m
I/art     ( 3594): option[35]=-Duser.language=es
I/art     ( 3594): option[36]=-Duser.region=US
I/art     ( 3594): Pruning dalvik-cache since we are generating an image and will need to recompile
W/art     ( 3594): Unexpected file type of 
W/art     ( 3594):  encountered.
I/art     ( 3594): Using an offset of 0x4f6000 from default art base address of 0x70000000
I/art     ( 3594): GenerateImage: /system/bin/dex2oat --image=/data/dalvik-cache/arm/system@framework@boot.art --dex-file=/system/framework/core-libart.jar --dex-file=/system/framework/conscrypt.jar --dex-file=/system/framework/okhttp.jar --dex-file=/system/framework/core-junit.jar --dex-file=/system/framework/bouncycastle.jar --dex-file=/system/framework/ext.jar --dex-file=/system/framework/framework.jar --dex-file=/system/framework/telephony-common.jar --dex-file=/system/framework/voip-common.jar --dex-file=/system/framework/ims-common.jar --dex-file=/system/framework/mms-common.jar --dex-file=/system/framework/android.policy.jar --dex-file=/system/framework/apache-xml.jar --oat-file=/data/dalvik-cache/arm/system@framework@boot.oat --instruction-set=arm --instruction-set-features=div --base=0x704f6000 --runtime-arg -Xms64m --runtime-arg -Xmx64m --image-classes-zip=/system/framework/framework.jar --image-classes=preloaded-classes
W/art     ( 3594): Unexpected file type of 
W/art     ( 3594):  encountered.
W/art     ( 3594): Could not create image space with image file '/system/framework/boot.art'. Attempting to fall back to imageless running. Error was: Failed to generate image '/data/dalvik-cache/arm/system@framework@boot.art': Failed execv(/system/bin/dex2oat --image=/data/dalvik-cache/arm/system@framework@boot.art --dex-file=/system/framework/core-libart.jar --dex-file=/system/framework/conscrypt.jar --dex-file=/system/framework/okhttp.jar --dex-file=/system/framework/core-junit.jar --dex-file=/system/framework/bouncycastle.jar --dex-file=/system/framework/ext.jar --dex-file=/system/framework/framework.jar --dex-file=/system/framework/telephony-common.jar --dex-file=/system/framework/voip-common.jar --dex-file=/system/framework/ims-common.jar --dex-file=/system/framework/mms-common.jar --dex-file=/system/framework/android.policy.jar --dex-file=/system/framework/apache-xml.jar --oat-file=/data/dalvik-cache/arm/system@framework@boot.oat --instruction-set=arm --instruction-set-features=div --base=0x704f6000 --runtime-arg -Xms64
D/hwcomposer( 3577): using
D/hwcomposer( 3577): xres         = 1080 px
D/hwcomposer( 3577): yres         = 1920 px
D/hwcomposer( 3577): width        = 65 mm (422.030000 dpi)
D/hwcomposer( 3577): height       = 115 mm (424.069000 dpi)
D/hwcomposer( 3577): refresh rate = 60 Hz
D/libexynosv4l2-subdev( 3577): try node: /dev/v4l-subdev0
D/libexynosv4l2-subdev( 3577): try node: /dev/v4l-subdev1
D/libexynosv4l2-subdev( 3577): try node: /dev/v4l-subdev2
I/libexynosv4l2-subdev( 3577): node found for device s5p-mixer0: /dev/v4l-subdev2
I/libexynosv4l2-subdev( 3577): open subdev device /dev/v4l-subdev2
I/hwcomposer( 3577): PSR info devname = /sys/devices/14400000.fimd_fb/psr_info
I/hwcomposer( 3577): PSR mode is 2(0: video mode, 1: DP PSR mode, 2: MIPI-DSI command mode)
I/SurfaceFlinger( 3577): Using composer version 1.3
I/SurfaceFlinger( 3577): EGL information:
I/SurfaceFlinger( 3577): vendor    : Android
I/SurfaceFlinger( 3577): version   : 1.4 Android META-EGL
I/SurfaceFlinger( 3577): extensions: EGL_KHR_get_all_proc_addresses EGL_ANDROID_presentation_time EGL_KHR_image EGL_KHR_image_base EGL_KHR_gl_texture_2D_image EGL_KHR_gl_texture_cubemap_image EGL_KHR_gl_renderbuffer_image EGL_KHR_fence_sync EGL_KHR_create_context EGL_ANDROID_image_native_buffer EGL_KHR_wait_sync EGL_ANDROID_recordable 
I/SurfaceFlinger( 3577): Client API: OpenGL_ES
I/SurfaceFlinger( 3577): EGLSurface: 8-8-8-8, config=0xb6acf2ac
I/SurfaceFlinger( 3577): OpenGL ES informations:
I/SurfaceFlinger( 3577): vendor    : ARM
I/SurfaceFlinger( 3577): renderer  : Mali-T628
I/SurfaceFlinger( 3577): version   : OpenGL ES 3.0
I/SurfaceFlinger( 3577): extensions: GL_EXT_debug_marker GL_ARM_rgba8 GL_ARM_mali_shader_binary GL_OES_depth24 GL_OES_depth_texture GL_OES_depth_texture_cube_map GL_OES_packed_depth_stencil GL_OES_rgb8_rgba8 GL_EXT_read_format_bgra GL_OES_compressed_paletted_texture GL_OES_compressed_ETC1_RGB8_texture GL_OES_standard_derivatives GL_OES_EGL_image GL_OES_EGL_image_external GL_OES_EGL_sync GL_OES_texture_npot GL_OES_vertex_half_float GL_OES_required_internalformat GL_OES_vertex_array_object GL_OES_mapbuffer GL_EXT_texture_format_BGRA8888 GL_EXT_texture_rg GL_EXT_texture_type_2_10_10_10_REV GL_OES_fbo_render_mipmap GL_OES_element_index_uint GL_EXT_shadow_samplers GL_OES_texture_compression_astc GL_KHR_texture_compression_astc_ldr GL_KHR_texture_compression_astc_hdr GL_KHR_debug GL_EXT_occlusion_query_boolean GL_EXT_blend_minmax GL_EXT_discard_framebuffer GL_OES_get_program_binary GL_OES_texture_3D GL_EXT_texture_storage GL_EXT_multisampled_render_to_texture GL_OES_surfaceless_context GL_ARM_mali_program_binary 
I/SurfaceFlinger( 3577): GL_MAX_TEXTURE_SIZE = 8192
I/SurfaceFlinger( 3577): GL_MAX_VIEWPORT_DIMS = 8192
E/libEGL  ( 3577): eglQuerySurface:607 error 300d (EGL_BAD_SURFACE)
E/libEGL  ( 3577): eglQuerySurface:607 error 300d (EGL_BAD_SURFACE)
E/libEGL  ( 3577): call to OpenGL ES API with no current context (logged once per thread)
D/SurfaceFlinger( 3577): Set power mode=2, type=0 flinger=0xb6a62000
I/hwcomposer( 3577): int exynos5_blank(hwc_composer_device_1*, int, int):: disp(0), blank(0)
I/hwcomposer( 3577): unblank ioctl failed (display already unblanked)
E/libEGL  ( 3577): eglSwapBuffers:1071 error 300d (EGL_BAD_SURFACE)
F/SurfaceFlinger( 3577): eglSwapBuffers(0x1, 0x0) failed with 0x0000300d
--------- beginning of crash
F/libc    ( 3577): Fatal signal 6 (SIGABRT), code -6 in tid 3577 (surfaceflinger)
I/DEBUG   ( 3583): property debug.db.uid not set; NOT waiting for gdb.
I/DEBUG   ( 3583): HINT: adb shell setprop debug.db.uid 100000
I/DEBUG   ( 3583): HINT: adb forward tcp:5039 tcp:5039
I/DEBUG   ( 3583): *** *** *** *** *** *** *** *** *** *** *** *** *** *** *** ***
I/DEBUG   ( 3583): Build fingerprint: 'samsung/cm_k3gxx/k3gxx:5.0.2/LRX22G/ca2fb2b51d:userdebug/test-keys'
I/DEBUG   ( 3583): Revision: '10'
I/DEBUG   ( 3583): ABI: 'arm'
I/DEBUG   ( 3583): pid: 3577, tid: 3577, name: surfaceflinger  >>> /system/bin/surfaceflinger <<<
I/DEBUG   ( 3583): signal 6 (SIGABRT), code -6 (SI_TKILL), fault addr --------
I/DEBUG   ( 3583): Abort message: 'eglSwapBuffers(0x1, 0x0) failed with 0x0000300d'
I/DEBUG   ( 3583):     r0 00000000  r1 00000df9  r2 00000006  r3 00000000
I/DEBUG   ( 3583):     r4 b6f6e114  r5 00000006  r6 0000000b  r7 0000010c
I/DEBUG   ( 3583):     r8 00000000  r9 be9debd0  sl b6a54210  fp be9debd0
I/DEBUG   ( 3583):     ip 00000df9  sp be9de650  lr b6ef87b9  pc b6f1c4e4  cpsr 600f0010
I/DEBUG   ( 3583): 
I/DEBUG   ( 3583): backtrace:
I/DEBUG   ( 3583):     #00 pc 000384e4  /system/lib/libc.so (tgkill+12)
I/DEBUG   ( 3583):     #01 pc 000147b5  /system/lib/libc.so (pthread_kill+52)
I/DEBUG   ( 3583):     #02 pc 0001550b  /system/lib/libc.so (raise+10)
I/DEBUG   ( 3583):     #03 pc 00011c35  /system/lib/libc.so (__libc_android_abort+36)
I/DEBUG   ( 3583):     #04 pc 0000fcb8  /system/lib/libc.so (abort+4)
I/DEBUG   ( 3583):     #05 pc 00007739  /system/lib/libcutils.so (__android_log_assert+88)
I/DEBUG   ( 3583):     #06 pc 0000f4df  /system/lib/libsurfaceflinger.so
I/DEBUG   ( 3583):     #07 pc 0001b9fd  /system/lib/libsurfaceflinger.so
I/DEBUG   ( 3583):     #08 pc 0001abe7  /system/lib/libsurfaceflinger.so
I/DEBUG   ( 3583):     #09 pc 00019fc3  /system/lib/libsurfaceflinger.so
I/DEBUG   ( 3583):     #10 pc 00019d49  /system/lib/libsurfaceflinger.so
I/DEBUG   ( 3583):     #11 pc 00010ed3  /system/lib/libutils.so (android::Looper::pollInner(int)+410)
I/DEBUG   ( 3583):     #12 pc 00010fc5  /system/lib/libutils.so (android::Looper::pollOnce(int, int*, int*, void**)+92)
I/DEBUG   ( 3583):     #13 pc 000174c5  /system/lib/libsurfaceflinger.so
I/DEBUG   ( 3583):     #14 pc 0001993d  /system/lib/libsurfaceflinger.so (android::SurfaceFlinger::run()+8)
I/DEBUG   ( 3583):     #15 pc 0000083d  /system/bin/surfaceflinger
I/DEBUG   ( 3583):     #16 pc 0000fb75  /system/lib/libc.so (__libc_init+44)
I/DEBUG   ( 3583):     #17 pc 000008d8  /system/bin/surfaceflinger
W/auditd  ( 3603): type=1325 audit(0.0:96): table=mangle family=2 entries=12
W/iptables( 3837): type=1300 audit(0.0:96): arch=40000028 syscall=294 per=800000 success=yes exit=0 a0=4 a1=0 a2=40 a3=b6c41800 items=0 ppid=3582 auid=4294967295 uid=0 gid=0 euid=0 suid=0 fsuid=0 egid=0 sgid=0 fsgid=0 ses=4294967295 tty=(none) exe="/system/bin/iptables" subj=u:r:netd:s0 key=(null)
W/auditd  ( 3603): type=1320 audit(0.0:96): 
W/auditd  ( 3603): type=1325 audit(0.0:97): table=mangle family=2 entries=14
W/iptables( 3838): type=1300 audit(0.0:97): arch=40000028 syscall=294 per=800000 success=yes exit=0 a0=4 a1=0 a2=40 a3=b6c1c200 items=0 ppid=3582 auid=4294967295 uid=0 gid=0 euid=0 suid=0 fsuid=0 egid=0 sgid=0 fsgid=0 ses=4294967295 tty=(none) exe="/system/bin/iptables" subj=u:r:netd:s0 key=(null)
W/auditd  ( 3603): type=1320 audit(0.0:97): 
W/auditd  ( 3603): type=1325 audit(0.0:98): table=nat family=2 entries=5
W/iptables( 3842): type=1300 audit(0.0:98): arch=40000028 syscall=294 per=800000 success=yes exit=0 a0=4 a1=0 a2=40 a3=b6c2a100 items=0 ppid=3582 auid=4294967295 uid=0 gid=0 euid=0 suid=0 fsuid=0 egid=0 sgid=0 fsgid=0 ses=4294967295 tty=(none) exe="/system/bin/iptables" subj=u:r:netd:s0 key=(null)
W/auditd  ( 3603): type=1320 audit(0.0:98): 
W/auditd  ( 3603): type=1325 audit(0.0:99): table=nat family=2 entries=7
W/iptables( 3843): type=1300 audit(0.0:99): arch=40000028 syscall=294 per=800000 success=yes exit=0 a0=4 a1=0 a2=40 a3=b6c33400 items=0 ppid=3582 auid=4294967295 uid=0 gid=0 euid=0 suid=0 fsuid=0 egid=0 sgid=0 fsgid=0 ses=4294967295 tty=(none) exe="/system/bin/iptables" subj=u:r:netd:s0 key=(null)
W/auditd  ( 3603): type=1320 audit(0.0:99): 
W/auditd  ( 3603): type=1325 audit(0.0:100): table=nat family=2 entries=8
W/iptables( 3847): type=1300 audit(0.0:100): arch=40000028 syscall=294 per=800000 success=yes exit=0 a0=4 a1=0 a2=40 a3=b6c30600 items=0 ppid=3582 auid=4294967295 uid=0 gid=0 euid=0 suid=0 fsuid=0 egid=0 sgid=0 fsgid=0 ses=4294967295 tty=(none) exe="/system/bin/iptables" subj=u:r:netd:s0 key=(null)
W/auditd  ( 3603): type=1320 audit(0.0:100): 
I/ServiceManager( 3587): Waiting for service batterystats...
W/auditd  ( 3603): type=1325 audit(0.0:101): table=nat family=2 entries=10
W/iptables( 3848): type=1300 audit(0.0:101): arch=40000028 syscall=294 per=800000 success=yes exit=0 a0=4 a1=0 a2=40 a3=b6c34800 items=0 ppid=3582 auid=4294967295 uid=0 gid=0 euid=0 suid=0 fsuid=0 egid=0 sgid=0 fsgid=0 ses=4294967295 tty=(none) exe="/system/bin/iptables" subj=u:r:netd:s0 key=(null)
W/auditd  ( 3603): type=1320 audit(0.0:101): 
W/auditd  ( 3603): type=1325 audit(0.0:102): table=filter family=2 entries=31
W/iptables( 3849): type=1300 audit(0.0:102): arch=40000028 syscall=294 per=800000 success=yes exit=0 a0=4 a1=0 a2=40 a3=b6c22000 items=0 ppid=3582 auid=4294967295 uid=0 gid=0 euid=0 suid=0 fsuid=0 egid=0 sgid=0 fsgid=0 ses=4294967295 tty=(none) exe="/system/bin/iptables" subj=u:r:netd:s0 key=(null)
V/NatController( 3582): runCmd(/system/bin/iptables -F natctrl_FORWARD) res=0
V/NatController( 3582): runCmd(/system/bin/iptables -A natctrl_FORWARD -j DROP) res=0
V/NatController( 3582): runCmd(/system/bin/iptables -t nat -F natctrl_nat_POSTROUTING) res=0
V/NatController( 3582): runCmd(/system/bin/iptables -F natctrl_tether_counters) res=1
V/NatController( 3582): runCmd(/system/bin/iptables -X natctrl_tether_counters) res=1
V/NatController( 3582): runCmd(/system/bin/iptables -N natctrl_tether_counters) res=0
V/NatController( 3582): runCmd(/system/bin/iptables -t mangle -A natctrl_mangle_FORWARD -p tcp --tcp-flags SYN SYN -j TCPMSS --clamp-mss-to-pmtu) res=0
I/DEBUG   ( 3583): 
I/DEBUG   ( 3583): Tombstone written to: /data/tombstones/tombstone_02
I/ServiceManager( 3574): service 'SurfaceFlinger' died
W/SurfaceComposerClient( 3772): ComposerService remote (surfaceflinger) died [0xb63591c0]
D/BootAnimation( 3772): SurfaceFlinger died, exiting...
I/ServiceManager( 3574): service 'Exynos.HWCService' died
I/ServiceManager( 3574): service 'media.wifi_display' died
I/ServiceManager( 3574): service 'media.audio_flinger' died
W/init    ( 3913): type=1400 audit(0.0:147): avc: denied { entrypoint } for path="/system/bin/auditd" dev="mmcblk0p18" ino=173 scontext=u:r:logd:s0 tcontext=u:object_r:system_file:s0 tclass=file
W/init    ( 3913): type=1300 audit(0.0:147): arch=40000028 syscall=11 per=800000 success=no exit=-13 a0=b6d80954 a1=b6d69530 a2=57e64 a3=ff0000 items=1 ppid=1 auid=4294967295 uid=0 gid=0 euid=0 suid=0 fsuid=0 egid=0 sgid=0 fsgid=0 ses=4294967295 tty=(none) exe="/init" subj=u:r:init:s0 key=(null)
W/auditd  ( 3603): type=1307 audit(0.0:147): cwd="/"
W/auditd  ( 3603): type=1302 audit(0.0:147): item=0 name="/system/bin/auditd" inode=173 dev=103:0a mode=0100755 ouid=0 ogid=2000 rdev=00:00 obj=u:object_r:system_file:s0
W/auditd  ( 3603): type=1320 audit(0.0:147): 
I/Netd    ( 3914): Netd 1.0 starting
E/Netd    ( 3914): Failed to open /proc/sys/net/ipv6/conf/default/accept_ra_rt_table: No such file or directory
E/Netd    ( 3914): Failed to open /proc/sys/net/ipv6/conf/ip6tnl0/accept_ra_rt_table: No such file or directory
E/Netd    ( 3914): Failed to open /proc/sys/net/ipv6/conf/lo/accept_ra_rt_table: No such file or directory
E/Netd    ( 3914): Failed to open /proc/sys/net/ipv6/conf/rmnet0/accept_ra_rt_table: No such file or directory
E/Netd    ( 3914): Failed to open /proc/sys/net/ipv6/conf/rmnet1/accept_ra_rt_table: No such file or directory
E/Netd    ( 3914): Failed to open /proc/sys/net/ipv6/conf/rmnet2/accept_ra_rt_table: No such file or directory
E/Netd    ( 3914): Failed to open /proc/sys/net/ipv6/conf/rmnet3/accept_ra_rt_table: No such file or directory
E/Netd    ( 3914): Failed to open /proc/sys/net/ipv6/conf/sit0/accept_ra_rt_table: No such file or directory
W/auditd  ( 3603): type=1325 audit(0.0:148): table=filter family=2 entries=43
W/iptables( 3921): type=1300 audit(0.0:148): arch=40000028 syscall=294 per=800000 success=yes exit=0 a0=4 a1=0 a2=40 a3=b6c29000 items=0 ppid=3914 auid=4294967295 uid=0 gid=0 euid=0 suid=0 fsuid=0 egid=0 sgid=0 fsgid=0 ses=4294967295 tty=(none) exe="/system/bin/iptables" subj=u:r:netd:s0 key=(null)
W/auditd  ( 3603): type=1320 audit(0.0:148): 
W/auditd  ( 3603): type=1325 audit(0.0:149): table=filter family=10 entries=40
W/ip6tables( 3922): type=1300 audit(0.0:149): arch=40000028 syscall=294 per=800000 success=yes exit=0 a0=4 a1=29 a2=40 a3=b6c2e000 items=0 ppid=3914 auid=4294967295 uid=0 gid=0 euid=0 suid=0 fsuid=0 egid=0 sgid=0 fsgid=0 ses=4294967295 tty=(none) exe="/system/bin/ip6tables" subj=u:r:netd:s0 key=(null)
W/auditd  ( 3603): type=1320 audit(0.0:149): 
W/auditd  ( 3603): type=1325 audit(0.0:150): table=filter family=2 entries=42
W/iptables( 3923): type=1300 audit(0.0:150): arch=40000028 syscall=294 per=800000 success=yes exit=0 a0=4 a1=0 a2=40 a3=b6c26000 items=0 ppid=3914 auid=4294967295 uid=0 gid=0 euid=0 suid=0 fsuid=0 egid=0 sgid=0 fsgid=0 ses=4294967295 tty=(none) exe="/system/bin/iptables" subj=u:r:netd:s0 key=(null)
W/auditd  ( 3603): type=1320 audit(0.0:150): 
I/SurfaceFlinger( 3917): SurfaceFlinger is starting
I/SurfaceFlinger( 3917): SurfaceFlinger's main thread ready to run. Initializing graphics H/W...
W/auditd  ( 3603): type=1325 audit(0.0:151): table=filter family=10 entries=39
W/ip6tables( 3925): type=1300 audit(0.0:151): arch=40000028 syscall=294 per=800000 success=yes exit=0 a0=4 a1=29 a2=40 a3=b6c29000 items=0 ppid=3914 auid=4294967295 uid=0 gid=0 euid=0 suid=0 fsuid=0 egid=0 sgid=0 fsgid=0 ses=4294967295 tty=(none) exe="/system/bin/ip6tables" subj=u:r:netd:s0 key=(null)
W/auditd  ( 3603): type=1320 audit(0.0:151): 
W/auditd  ( 3603): type=1325 audit(0.0:152): table=filter family=2 entries=41
W/iptables( 3929): type=1300 audit(0.0:152): arch=40000028 syscall=294 per=800000 success=yes exit=0 a0=4 a1=0 a2=40 a3=b6c26000 items=0 ppid=3914 auid=4294967295 uid=0 gid=0 euid=0 suid=0 fsuid=0 egid=0 sgid=0 fsgid=0 ses=4294967295 tty=(none) exe="/system/bin/iptables" subj=u:r:netd:s0 key=(null)
W/auditd  ( 3603): type=1320 audit(0.0:152): 
D/libEGL  ( 3917): loaded /vendor/lib/egl/libGLES_mali.so
I/        ( 3917): PLATFORM VERSION : JB-MR-2
D/AndroidRuntime( 3920): 
D/AndroidRuntime( 3920): >>>>>> AndroidRuntime START com.android.internal.os.ZygoteInit <<<<<<
I/mediaserver( 3918): ServiceManager: 0xb60500c0
I/AudioFlinger( 3918): Using default 3000 mSec as standby time.
D/AndroidRuntime( 3920): CheckJNI is OFF
I/ServiceManager( 3918): Waiting for service batterystats...
I/art     ( 3920): option[0]=-Xzygote
I/art     ( 3920): option[1]=-Xstacktracefile:/data/anr/traces.txt
I/art     ( 3920): option[2]=exit
I/art     ( 3920): option[3]=vfprintf
I/art     ( 3920): option[4]=sensitiveThread
I/art     ( 3920): option[5]=-verbose:gc
I/art     ( 3920): option[6]=-Xms8m
I/art     ( 3920): option[7]=-Xmx512m
I/art     ( 3920): option[8]=-XX:mainThreadStackSize=24K
I/art     ( 3920): option[9]=-XX:HeapGrowthLimit=128m
I/art     ( 3920): option[10]=-XX:HeapMinFree=2m
I/art     ( 3920): option[11]=-XX:HeapMaxFree=8m
I/art     ( 3920): option[12]=-XX:HeapTargetUtilization=0.75
I/art     ( 3920): option[13]=-agentlib:jdwp=transport=dt_android_adb,suspend=n,server=y
I/art     ( 3920): option[14]=-Xlockprofthreshold:500
I/art     ( 3920): option[15]=-Ximage-compiler-option
I/art     ( 3920): option[16]=--runtime-arg
I/art     ( 3920): option[17]=-Ximage-compiler-option
I/art     ( 3920): option[18]=-Xms64m
I/art     ( 3920): option[19]=-Ximage-compiler-option
I/art     ( 3920): option[20]=--runtime-arg
I/art     ( 3920): option[21]=-Ximage-compiler-option
I/art     ( 3920): option[22]=-Xmx64m
I/art     ( 3920): option[23]=-Ximage-compiler-option
I/art     ( 3920): option[24]=--image-classes-zip=/system/framework/framework.jar
I/art     ( 3920): option[25]=-Ximage-compiler-option
I/art     ( 3920): option[26]=--image-classes=preloaded-classes
I/art     ( 3920): option[27]=-Xcompiler-option
I/art     ( 3920): option[28]=--runtime-arg
I/art     ( 3920): option[29]=-Xcompiler-option
I/art     ( 3920): option[30]=-Xms64m
I/art     ( 3920): option[31]=-Xcompiler-option
I/art     ( 3920): option[32]=--runtime-arg
I/art     ( 3920): option[33]=-Xcompiler-option
I/art     ( 3920): option[34]=-Xmx512m
I/art     ( 3920): option[35]=-Duser.language=es
I/art     ( 3920): option[36]=-Duser.region=US
I/art     ( 3920): Pruning dalvik-cache since we are generating an image and will need to recompile
W/art     ( 3920): Unexpected file type of 
W/art     ( 3920):  encountered.
I/art     ( 3920): Using an offset of 0xb9c000 from default art base address of 0x70000000
I/art     ( 3920): GenerateImage: /system/bin/dex2oat --image=/data/dalvik-cache/arm/system@framework@boot.art --dex-file=/system/framework/core-libart.jar --dex-file=/system/framework/conscrypt.jar --dex-file=/system/framework/okhttp.jar --dex-file=/system/framework/core-junit.jar --dex-file=/system/framework/bouncycastle.jar --dex-file=/system/framework/ext.jar --dex-file=/system/framework/framework.jar --dex-file=/system/framework/telephony-common.jar --dex-file=/system/framework/voip-common.jar --dex-file=/system/framework/ims-common.jar --dex-file=/system/framework/mms-common.jar --dex-file=/system/framework/android.policy.jar --dex-file=/system/framework/apache-xml.jar --oat-file=/data/dalvik-cache/arm/system@framework@boot.oat --instruction-set=arm --instruction-set-features=div --base=0x70b9c000 --runtime-arg -Xms64m --runtime-arg -Xmx64m --image-classes-zip=/system/framework/framework.jar --image-classes=preloaded-classes
W/art     ( 3920): Unexpected file type of 
W/art     ( 3920):  encountered.
W/art     ( 3920): Could not create image space with image file '/system/framework/boot.art'. Attempting to fall back to imageless running. Error was: Failed to generate image '/data/dalvik-cache/arm/system@framework@boot.art': Failed execv(/system/bin/dex2oat --image=/data/dalvik-cache/arm/system@framework@boot.art --dex-file=/system/framework/core-libart.jar --dex-file=/system/framework/conscrypt.jar --dex-file=/system/framework/okhttp.jar --dex-file=/system/framework/core-junit.jar --dex-file=/system/framework/bouncycastle.jar --dex-file=/system/framework/ext.jar --dex-file=/system/framework/framework.jar --dex-file=/system/framework/telephony-common.jar --dex-file=/system/framework/voip-common.jar --dex-file=/system/framework/ims-common.jar --dex-file=/system/framework/mms-common.jar --dex-file=/system/framework/android.policy.jar --dex-file=/system/framework/apache-xml.jar --oat-file=/data/dalvik-cache/arm/system@framework@boot.oat --instruction-set=arm --instruction-set-features=div --base=0x70b9c000 --runtime-arg -Xms64
I/gralloc ( 3917): using (fd=12)
I/gralloc ( 3917): id           = 
I/gralloc ( 3917): xres         = 1080 px
I/gralloc ( 3917): yres         = 1920 px
I/gralloc ( 3917): xres_virtual = 1080 px
I/gralloc ( 3917): yres_virtual = 3840 px
I/gralloc ( 3917): bpp          = 32
I/gralloc ( 3917): r            = 16:8
I/gralloc ( 3917): g            =  8:8
I/gralloc ( 3917): b            =  0:8
I/gralloc ( 3917): width        = 65 mm (422.030762 dpi)
I/gralloc ( 3917): height       = 115 mm (424.069580 dpi)
I/gralloc ( 3917): refresh rate = 60.00 Hz
D/hwcomposer( 3917): using
D/hwcomposer( 3917): xres         = 1080 px
D/hwcomposer( 3917): yres         = 1920 px
D/hwcomposer( 3917): width        = 65 mm (422.030000 dpi)
D/hwcomposer( 3917): height       = 115 mm (424.069000 dpi)
D/hwcomposer( 3917): refresh rate = 60 Hz
D/libexynosv4l2-subdev( 3917): try node: /dev/v4l-subdev0
D/libexynosv4l2-subdev( 3917): try node: /dev/v4l-subdev1
D/libexynosv4l2-subdev( 3917): try node: /dev/v4l-subdev2
I/libexynosv4l2-subdev( 3917): node found for device s5p-mixer0: /dev/v4l-subdev2
I/libexynosv4l2-subdev( 3917): open subdev device /dev/v4l-subdev2
I/hwcomposer( 3917): PSR info devname = /sys/devices/14400000.fimd_fb/psr_info
I/hwcomposer( 3917): PSR mode is 2(0: video mode, 1: DP PSR mode, 2: MIPI-DSI command mode)
I/SurfaceFlinger( 3917): Using composer version 1.3
I/SurfaceFlinger( 3917): EGL information:
I/SurfaceFlinger( 3917): vendor    : Android
I/SurfaceFlinger( 3917): version   : 1.4 Android META-EGL
I/SurfaceFlinger( 3917): extensions: EGL_KHR_get_all_proc_addresses EGL_ANDROID_presentation_time EGL_KHR_image EGL_KHR_image_base EGL_KHR_gl_texture_2D_image EGL_KHR_gl_texture_cubemap_image EGL_KHR_gl_renderbuffer_image EGL_KHR_fence_sync EGL_KHR_create_context EGL_ANDROID_image_native_buffer EGL_KHR_wait_sync EGL_ANDROID_recordable 
I/SurfaceFlinger( 3917): Client API: OpenGL_ES
I/SurfaceFlinger( 3917): EGLSurface: 8-8-8-8, config=0xb69cf2ac
I/SurfaceFlinger( 3917): OpenGL ES informations:
I/SurfaceFlinger( 3917): vendor    : ARM
I/SurfaceFlinger( 3917): renderer  : Mali-T628
I/SurfaceFlinger( 3917): version   : OpenGL ES 3.0
I/SurfaceFlinger( 3917): extensions: GL_EXT_debug_marker GL_ARM_rgba8 GL_ARM_mali_shader_binary GL_OES_depth24 GL_OES_depth_texture GL_OES_depth_texture_cube_map GL_OES_packed_depth_stencil GL_OES_rgb8_rgba8 GL_EXT_read_format_bgra GL_OES_compressed_paletted_texture GL_OES_compressed_ETC1_RGB8_texture GL_OES_standard_derivatives GL_OES_EGL_image GL_OES_EGL_image_external GL_OES_EGL_sync GL_OES_texture_npot GL_OES_vertex_half_float GL_OES_required_internalformat GL_OES_vertex_array_object GL_OES_mapbuffer GL_EXT_texture_format_BGRA8888 GL_EXT_texture_rg GL_EXT_texture_type_2_10_10_10_REV GL_OES_fbo_render_mipmap GL_OES_element_index_uint GL_EXT_shadow_samplers GL_OES_texture_compression_astc GL_KHR_texture_compression_astc_ldr GL_KHR_texture_compression_astc_hdr GL_KHR_debug GL_EXT_occlusion_query_boolean GL_EXT_blend_minmax GL_EXT_discard_framebuffer GL_OES_get_program_binary GL_OES_texture_3D GL_EXT_texture_storage GL_EXT_multisampled_render_to_texture GL_OES_surfaceless_context GL_ARM_mali_program_binary 
I/SurfaceFlinger( 3917): GL_MAX_TEXTURE_SIZE = 8192
I/SurfaceFlinger( 3917): GL_MAX_VIEWPORT_DIMS = 8192
E/libEGL  ( 3917): eglQuerySurface:607 error 300d (EGL_BAD_SURFACE)
E/libEGL  ( 3917): eglQuerySurface:607 error 300d (EGL_BAD_SURFACE)
E/libEGL  ( 3917): call to OpenGL ES API with no current context (logged once per thread)
D/SurfaceFlinger( 3917): Set power mode=2, type=0 flinger=0xb6962000
I/hwcomposer( 3917): int exynos5_blank(hwc_composer_device_1*, int, int):: disp(0), blank(0)
I/hwcomposer( 3917): unblank ioctl failed (display already unblanked)
E/libEGL  ( 3917): eglSwapBuffers:1071 error 300d (EGL_BAD_SURFACE)
F/SurfaceFlinger( 3917): eglSwapBuffers(0x1, 0x0) failed with 0x0000300d
F/libc    ( 3917): Fatal signal 6 (SIGABRT), code -6 in tid 3917 (surfaceflinger)
I/DEBUG   ( 3583): property debug.db.uid not set; NOT waiting for gdb.
I/DEBUG   ( 3583): HINT: adb shell setprop debug.db.uid 100000
I/DEBUG   ( 3583): HINT: adb forward tcp:5039 tcp:5039
I/DEBUG   ( 3583): *** *** *** *** *** *** *** *** *** *** *** *** *** *** *** ***
I/DEBUG   ( 3583): Build fingerprint: 'samsung/cm_k3gxx/k3gxx:5.0.2/LRX22G/ca2fb2b51d:userdebug/test-keys'
I/DEBUG   ( 3583): Revision: '10'
I/DEBUG   ( 3583): ABI: 'arm'
I/DEBUG   ( 3583): pid: 3917, tid: 3917, name: surfaceflinger  >>> /system/bin/surfaceflinger <<<
I/DEBUG   ( 3583): signal 6 (SIGABRT), code -6 (SI_TKILL), fault addr --------
I/DEBUG   ( 3583): Abort message: 'eglSwapBuffers(0x1, 0x0) failed with 0x0000300d'
I/DEBUG   ( 3583):     r0 00000000  r1 00000f4d  r2 00000006  r3 00000000
I/DEBUG   ( 3583):     r4 b6f40114  r5 00000006  r6 0000000b  r7 0000010c
I/DEBUG   ( 3583):     r8 00000000  r9 bec8abd0  sl b6954210  fp bec8abd0
I/DEBUG   ( 3583):     ip 00000f4d  sp bec8a650  lr b6eca7b9  pc b6eee4e4  cpsr 600f0010
I/DEBUG   ( 3583): 
I/DEBUG   ( 3583): backtrace:
I/DEBUG   ( 3583):     #00 pc 000384e4  /system/lib/libc.so (tgkill+12)
I/DEBUG   ( 3583):     #01 pc 000147b5  /system/lib/libc.so (pthread_kill+52)
I/DEBUG   ( 3583):     #02 pc 0001550b  /system/lib/libc.so (raise+10)
I/DEBUG   ( 3583):     #03 pc 00011c35  /system/lib/libc.so (__libc_android_abort+36)
I/DEBUG   ( 3583):     #04 pc 0000fcb8  /system/lib/libc.so (abort+4)
I/DEBUG   ( 3583):     #05 pc 00007739  /system/lib/libcutils.so (__android_log_assert+88)
I/DEBUG   ( 3583):     #06 pc 0000f4df  /system/lib/libsurfaceflinger.so
I/DEBUG   ( 3583):     #07 pc 0001b9fd  /system/lib/libsurfaceflinger.so
I/DEBUG   ( 3583):     #08 pc 0001abe7  /system/lib/libsurfaceflinger.so
I/DEBUG   ( 3583):     #09 pc 00019fc3  /system/lib/libsurfaceflinger.so
I/DEBUG   ( 3583):     #10 pc 00019d49  /system/lib/libsurfaceflinger.so
I/DEBUG   ( 3583):     #11 pc 00010ed3  /system/lib/libutils.so (android::Looper::pollInner(int)+410)
I/DEBUG   ( 3583):     #12 pc 00010fc5  /system/lib/libutils.so (android::Looper::pollOnce(int, int*, int*, void**)+92)
I/DEBUG   ( 3583):     #13 pc 000174c5  /system/lib/libsurfaceflinger.so
I/DEBUG   ( 3583):     #14 pc 0001993d  /system/lib/libsurfaceflinger.so (android::SurfaceFlinger::run()+8)
I/DEBUG   ( 3583):     #15 pc 0000083d  /system/bin/surfaceflinger
I/DEBUG   ( 3583):     #16 pc 0000fb75  /system/lib/libc.so (__libc_init+44)
I/DEBUG   ( 3583):     #17 pc 000008d8  /system/bin/surfaceflinger
W/auditd  ( 3603): type=1325 audit(0.0:276): table=raw family=10 entries=8
W/ip6tables( 4068): type=1300 audit(0.0:276): arch=40000028 syscall=294 per=800000 success=yes exit=0 a0=4 a1=29 a2=40 a3=b6c32400 items=0 ppid=3914 auid=4294967295 uid=0 gid=0 euid=0 suid=0 fsuid=0 egid=0 sgid=0 fsgid=0 ses=4294967295 tty=(none) exe="/system/bin/ip6tables" subj=u:r:netd:s0 key=(null)
W/auditd  ( 3603): type=1320 audit(0.0:276): 
W/auditd  ( 3603): type=1325 audit(0.0:277): table=raw family=2 entries=6
W/iptables( 4069): type=1300 audit(0.0:277): arch=40000028 syscall=294 per=800000 success=yes exit=0 a0=4 a1=0 a2=40 a3=b6c20400 items=0 ppid=3914 auid=4294967295 uid=0 gid=0 euid=0 suid=0 fsuid=0 egid=0 sgid=0 fsgid=0 ses=4294967295 tty=(none) exe="/system/bin/iptables" subj=u:r:netd:s0 key=(null)
W/auditd  ( 3603): type=1320 audit(0.0:277): 
W/auditd  ( 3603): type=1325 audit(0.0:278): table=raw family=10 entries=6
W/ip6tables( 4070): type=1300 audit(0.0:278): arch=40000028 syscall=294 per=800000 success=yes exit=0 a0=4 a1=29 a2=40 a3=b6c31800 items=0 ppid=3914 auid=4294967295 uid=0 gid=0 euid=0 suid=0 fsuid=0 egid=0 sgid=0 fsgid=0 ses=4294967295 tty=(none) exe="/system/bin/ip6tables" subj=u:r:netd:s0 key=(null)
W/auditd  ( 3603): type=1320 audit(0.0:278): 
W/auditd  ( 3603): type=1325 audit(0.0:279): table=raw family=2 entries=8
W/iptables( 4071): type=1300 audit(0.0:279): arch=40000028 syscall=294 per=800000 success=yes exit=0 a0=4 a1=0 a2=40 a3=b6c1ba00 items=0 ppid=3914 auid=4294967295 uid=0 gid=0 euid=0 suid=0 fsuid=0 egid=0 sgid=0 fsgid=0 ses=4294967295 tty=(none) exe="/system/bin/iptables" subj=u:r:netd:s0 key=(null)
W/auditd  ( 3603): type=1320 audit(0.0:279): 
W/auditd  ( 3603): type=1325 audit(0.0:280): table=raw family=10 entries=8
W/ip6tables( 4072): type=1300 audit(0.0:280): arch=40000028 syscall=294 per=800000 success=yes exit=0 a0=4 a1=29 a2=40 a3=b6c37800 items=0 ppid=3914 auid=4294967295 uid=0 gid=0 euid=0 suid=0 fsuid=0 egid=0 sgid=0 fsgid=0 ses=4294967295 tty=(none) exe="/system/bin/ip6tables" subj=u:r:netd:s0 key=(null)
W/auditd  ( 3603): type=1320 audit(0.0:280): 
W/auditd  ( 3603): type=1325 audit(0.0:281): table=mangle family=2 entries=16
W/iptables( 4073): type=1300 audit(0.0:281): arch=40000028 syscall=294 per=800000 success=yes exit=0 a0=4 a1=0 a2=40 a3=b6c48800 items=0 ppid=3914 auid=4294967295 uid=0 gid=0 euid=0 suid=0 fsuid=0 egid=0 sgid=0 fsgid=0 ses=4294967295 tty=(none) exe="/system/bin/iptables" subj=u:r:netd:s0 key=(null)
W/auditd  ( 3603): type=1320 audit(0.0:281): 
W/auditd  ( 3603): type=1325 audit(0.0:282): table=mangle family=10 entries=12
W/ip6tables( 4074): type=1300 audit(0.0:282): arch=40000028 syscall=294 per=800000 success=yes exit=0 a0=4 a1=29 a2=40 a3=b6c47800 items=0 ppid=3914 auid=4294967295 uid=0 gid=0 euid=0 suid=0 fsuid=0 egid=0 sgid=0 fsgid=0 ses=4294967295 tty=(none) exe="/system/bin/ip6tables" subj=u:r:netd:s0 key=(null)
I/ServiceManager( 3918): Waiting for service batterystats...
V/NatController( 3914): runCmd(/system/bin/iptables -F natctrl_FORWARD) res=0
V/NatController( 3914): runCmd(/system/bin/iptables -A natctrl_FORWARD -j DROP) res=0
V/NatController( 3914): runCmd(/system/bin/iptables -t nat -F natctrl_nat_POSTROUTING) res=0
V/NatController( 3914): runCmd(/system/bin/iptables -F natctrl_tether_counters) res=0
V/NatController( 3914): runCmd(/system/bin/iptables -X natctrl_tether_counters) res=0
V/NatController( 3914): runCmd(/system/bin/iptables -N natctrl_tether_counters) res=0
V/NatController( 3914): runCmd(/system/bin/iptables -t mangle -A natctrl_mangle_FORWARD -p tcp --tcp-flags SYN SYN -j TCPMSS --clamp-mss-to-pmtu) res=0
I/DEBUG   ( 3583): 
I/DEBUG   ( 3583): Tombstone written to: /data/tombstones/tombstone_03
I/ServiceManager( 3574): service 'SurfaceFlinger' died
I/ServiceManager( 3574): service 'Exynos.HWCService' died
W/SurfaceComposerClient( 3993): ComposerService remote (surfaceflinger) died [0xb63591c0]
D/BootAnimation( 3993): SurfaceFlinger died, exiting...
F/libc    ( 3993): Fatal signal 11 (SIGSEGV), code 1, fault addr 0x0 in tid 4005 (BootAnimation)
I/ServiceManager( 3574): service 'media.wifi_display' died
I/ServiceManager( 3574): service 'media.audio_flinger' died
W/init    ( 4135): type=1400 audit(0.0:339): avc: denied { entrypoint } for path="/system/bin/auditd" dev="mmcblk0p18" ino=173 scontext=u:r:logd:s0 tcontext=u:object_r:system_file:s0 tclass=file
W/init    ( 4135): type=1300 audit(0.0:339): arch=40000028 syscall=11 per=800000 success=no exit=-13 a0=b6d80954 a1=b6d69530 a2=57e64 a3=ff0000 items=1 ppid=1 auid=4294967295 uid=0 gid=0 euid=0 suid=0 fsuid=0 egid=0 sgid=0 fsgid=0 ses=4294967295 tty=(none) exe="/init" subj=u:r:init:s0 key=(null)
W/auditd  ( 3603): type=1307 audit(0.0:339): cwd="/"
W/auditd  ( 3603): type=1302 audit(0.0:339): item=0 name="/system/bin/auditd" inode=173 dev=103:0a mode=0100755 ouid=0 ogid=2000 rdev=00:00 obj=u:object_r:system_file:s0
W/auditd  ( 3603): type=1320 audit(0.0:339): 
I/Netd    ( 4136): Netd 1.0 starting
E/Netd    ( 4136): Failed to open /proc/sys/net/ipv6/conf/default/accept_ra_rt_table: No such file or directory
E/Netd    ( 4136): Failed to open /proc/sys/net/ipv6/conf/ip6tnl0/accept_ra_rt_table: No such file or directory
E/Netd    ( 4136): Failed to open /proc/sys/net/ipv6/conf/lo/accept_ra_rt_table: No such file or directory
E/Netd    ( 4136): Failed to open /proc/sys/net/ipv6/conf/rmnet0/accept_ra_rt_table: No such file or directory
E/Netd    ( 4136): Failed to open /proc/sys/net/ipv6/conf/rmnet1/accept_ra_rt_table: No such file or directory
E/Netd    ( 4136): Failed to open /proc/sys/net/ipv6/conf/rmnet2/accept_ra_rt_table: No such file or directory
E/Netd    ( 4136): Failed to open /proc/sys/net/ipv6/conf/rmnet3/accept_ra_rt_table: No such file or directory
E/Netd    ( 4136): Failed to open /proc/sys/net/ipv6/conf/sit0/accept_ra_rt_table: No such file or directory
W/auditd  ( 3603): type=1325 audit(0.0:340): table=filter family=2 entries=40
