I/art     ( 4095): option[21]=-Ximage-compiler-option
I/art     ( 4095): option[22]=-Xmx64m
I/art     ( 4095): option[23]=-Ximage-compiler-option
I/art     ( 4095): option[24]=--image-classes-zip=/system/framework/framework.jar
I/art     ( 4095): option[25]=-Ximage-compiler-option
I/art     ( 4095): option[26]=--image-classes=preloaded-classes
I/art     ( 4095): option[27]=-Xcompiler-option
I/art     ( 4095): option[28]=--runtime-arg
I/art     ( 4095): option[29]=-Xcompiler-option
I/art     ( 4095): option[30]=-Xms64m
I/art     ( 4095): option[31]=-Xcompiler-option
I/art     ( 4095): option[32]=--runtime-arg
I/art     ( 4095): option[33]=-Xcompiler-option
I/art     ( 4095): option[34]=-Xmx512m
I/art     ( 4095): option[35]=-Duser.language=es
I/art     ( 4095): option[36]=-Duser.region=US
I/art     ( 4095): Pruning dalvik-cache since we are generating an image and will need to recompile
W/art     ( 4095): Unexpected file type of 
W/art     ( 4095):  encountered.
I/art     ( 4095): Using an offset of 0xffb65000 from default art base address of 0x70000000
I/art     ( 4095): GenerateImage: /system/bin/dex2oat --image=/data/dalvik-cache/arm/system@framework@boot.art --dex-file=/system/framework/core-libart.jar --dex-file=/system/framework/conscrypt.jar --dex-file=/system/framework/okhttp.jar --dex-file=/system/framework/core-junit.jar --dex-file=/system/framework/bouncycastle.jar --dex-file=/system/framework/ext.jar --dex-file=/system/framework/framework.jar --dex-file=/system/framework/telephony-common.jar --dex-file=/system/framework/voip-common.jar --dex-file=/system/framework/ims-common.jar --dex-file=/system/framework/mms-common.jar --dex-file=/system/framework/android.policy.jar --dex-file=/system/framework/apache-xml.jar --oat-file=/data/dalvik-cache/arm/system@framework@boot.oat --instruction-set=arm --instruction-set-features=div --base=0x6fb65000 --runtime-arg -Xms64m --runtime-arg -Xmx64m --image-classes-zip=/system/framework/framework.jar --image-classes=preloaded-classes
W/art     ( 4095): Unexpected file type of 
W/art     ( 4095):  encountered.
W/art     ( 4095): Could not create image space with image file '/system/framework/boot.art'. Attempting to fall back to imageless running. Error was: Failed to generate image '/data/dalvik-cache/arm/system@framework@boot.art': Failed execv(/system/bin/dex2oat --image=/data/dalvik-cache/arm/system@framework@boot.art --dex-file=/system/framework/core-libart.jar --dex-file=/system/framework/conscrypt.jar --dex-file=/system/framework/okhttp.jar --dex-file=/system/framework/core-junit.jar --dex-file=/system/framework/bouncycastle.jar --dex-file=/system/framework/ext.jar --dex-file=/system/framework/framework.jar --dex-file=/system/framework/telephony-common.jar --dex-file=/system/framework/voip-common.jar --dex-file=/system/framework/ims-common.jar --dex-file=/system/framework/mms-common.jar --dex-file=/system/framework/android.policy.jar --dex-file=/system/framework/apache-xml.jar --oat-file=/data/dalvik-cache/arm/system@framework@boot.oat --instruction-set=arm --instruction-set-features=div --base=0x6fb65000 --runtime-arg -Xms64
D/hwcomposer( 4092): using
D/hwcomposer( 4092): xres         = 1080 px
D/hwcomposer( 4092): yres         = 1920 px
D/hwcomposer( 4092): width        = 65 mm (422.030000 dpi)
D/hwcomposer( 4092): height       = 115 mm (424.069000 dpi)
D/hwcomposer( 4092): refresh rate = 60 Hz
E/libexynosv4l2-subdev( 4092): no subdev device found
E/hdmi    ( 4092): failed to open hdmi mixer0 subdev
E/hwcomposer( 4092): openHdmi fail
I/hwcomposer( 4092): PSR info devname = /sys/devices/14400000.fimd_fb/psr_info
I/hwcomposer( 4092): PSR mode is 2(0: video mode, 1: DP PSR mode, 2: MIPI-DSI command mode)
I/SurfaceFlinger( 4092): Using composer version 1.3
I/SurfaceFlinger( 4092): EGL information:
I/SurfaceFlinger( 4092): vendor    : Android
I/SurfaceFlinger( 4092): version   : 1.4 Android META-EGL
I/SurfaceFlinger( 4092): extensions: EGL_KHR_get_all_proc_addresses EGL_ANDROID_presentation_time EGL_KHR_image EGL_KHR_image_base EGL_KHR_gl_texture_2D_image EGL_KHR_gl_texture_cubemap_image EGL_KHR_gl_renderbuffer_image EGL_KHR_fence_sync EGL_KHR_create_context EGL_ANDROID_image_native_buffer EGL_KHR_wait_sync EGL_ANDROID_recordable 
I/SurfaceFlinger( 4092): Client API: OpenGL_ES
I/SurfaceFlinger( 4092): EGLSurface: 8-8-8-8, config=0xb6acf2ac
I/SurfaceFlinger( 4092): OpenGL ES informations:
I/SurfaceFlinger( 4092): vendor    : ARM
I/SurfaceFlinger( 4092): renderer  : Mali-T628
I/SurfaceFlinger( 4092): version   : OpenGL ES 3.0
I/SurfaceFlinger( 4092): extensions: GL_EXT_debug_marker GL_ARM_rgba8 GL_ARM_mali_shader_binary GL_OES_depth24 GL_OES_depth_texture GL_OES_depth_texture_cube_map GL_OES_packed_depth_stencil GL_OES_rgb8_rgba8 GL_EXT_read_format_bgra GL_OES_compressed_paletted_texture GL_OES_compressed_ETC1_RGB8_texture GL_OES_standard_derivatives GL_OES_EGL_image GL_OES_EGL_image_external GL_OES_EGL_sync GL_OES_texture_npot GL_OES_vertex_half_float GL_OES_required_internalformat GL_OES_vertex_array_object GL_OES_mapbuffer GL_EXT_texture_format_BGRA8888 GL_EXT_texture_rg GL_EXT_texture_type_2_10_10_10_REV GL_OES_fbo_render_mipmap GL_OES_element_index_uint GL_EXT_shadow_samplers GL_OES_texture_compression_astc GL_KHR_texture_compression_astc_ldr GL_KHR_texture_compression_astc_hdr GL_KHR_debug GL_EXT_occlusion_query_boolean GL_EXT_blend_minmax GL_EXT_discard_framebuffer GL_OES_get_program_binary GL_OES_texture_3D GL_EXT_texture_storage GL_EXT_multisampled_render_to_texture GL_OES_surfaceless_context GL_ARM_mali_program_binary 
I/SurfaceFlinger( 4092): GL_MAX_TEXTURE_SIZE = 8192
I/SurfaceFlinger( 4092): GL_MAX_VIEWPORT_DIMS = 8192
E/libEGL  ( 4092): eglQuerySurface:607 error 300d (EGL_BAD_SURFACE)
E/libEGL  ( 4092): eglQuerySurface:607 error 300d (EGL_BAD_SURFACE)
E/libEGL  ( 4092): call to OpenGL ES API with no current context (logged once per thread)
D/SurfaceFlinger( 4092): Set power mode=2, type=0 flinger=0xb6a62000
I/hwcomposer( 4092): int exynos5_blank(hwc_composer_device_1*, int, int):: disp(0), blank(0)
I/hwcomposer( 4092): unblank ioctl failed (display already unblanked)
E/libEGL  ( 4092): eglSwapBuffers:1071 error 300d (EGL_BAD_SURFACE)
F/SurfaceFlinger( 4092): eglSwapBuffers(0x1, 0x0) failed with 0x0000300d
F/libc    ( 4092): Fatal signal 6 (SIGABRT), code -6 in tid 4092 (surfaceflinger)
I/DEBUG   ( 3589): property debug.db.uid not set; NOT waiting for gdb.
I/DEBUG   ( 3589): HINT: adb shell setprop debug.db.uid 100000
I/DEBUG   ( 3589): HINT: adb forward tcp:5039 tcp:5039
I/DEBUG   ( 3589): *** *** *** *** *** *** *** *** *** *** *** *** *** *** *** ***
I/DEBUG   ( 3589): Build fingerprint: 'samsung/cm_k3gxx/k3gxx:5.0.2/LRX22G/88e55c58ed:userdebug/test-keys'
I/DEBUG   ( 3589): Revision: '10'
I/DEBUG   ( 3589): ABI: 'arm'
I/DEBUG   ( 3589): pid: 4092, tid: 4092, name: surfaceflinger  >>> /system/bin/surfaceflinger <<<
I/DEBUG   ( 3589): signal 6 (SIGABRT), code -6 (SI_TKILL), fault addr --------
I/DEBUG   ( 3589): Abort message: 'eglSwapBuffers(0x1, 0x0) failed with 0x0000300d'
I/DEBUG   ( 3589):     r0 00000000  r1 00000ffc  r2 00000006  r3 00000000
I/DEBUG   ( 3589):     r4 b6fd4114  r5 00000006  r6 0000000b  r7 0000010c
I/DEBUG   ( 3589):     r8 00000000  r9 beddcbd0  sl b6a54210  fp beddcbd0
I/DEBUG   ( 3589):     ip 00000ffc  sp beddc650  lr b6f5e7b9  pc b6f824e4  cpsr 600f0010
I/DEBUG   ( 3589): 
I/DEBUG   ( 3589): backtrace:
I/DEBUG   ( 3589):     #00 pc 000384e4  /system/lib/libc.so (tgkill+12)
I/DEBUG   ( 3589):     #01 pc 000147b5  /system/lib/libc.so (pthread_kill+52)
I/DEBUG   ( 3589):     #02 pc 0001550b  /system/lib/libc.so (raise+10)
I/DEBUG   ( 3589):     #03 pc 00011c35  /system/lib/libc.so (__libc_android_abort+36)
I/DEBUG   ( 3589):     #04 pc 0000fcb8  /system/lib/libc.so (abort+4)
I/DEBUG   ( 3589):     #05 pc 00007739  /system/lib/libcutils.so (__android_log_assert+88)
I/DEBUG   ( 3589):     #06 pc 0000f4df  /system/lib/libsurfaceflinger.so
I/DEBUG   ( 3589):     #07 pc 0001b9fd  /system/lib/libsurfaceflinger.so
I/DEBUG   ( 3589):     #08 pc 0001abe7  /system/lib/libsurfaceflinger.so
I/DEBUG   ( 3589):     #09 pc 00019fc3  /system/lib/libsurfaceflinger.so
I/DEBUG   ( 3589):     #10 pc 00019d49  /system/lib/libsurfaceflinger.so
I/DEBUG   ( 3589):     #11 pc 00010ed3  /system/lib/libutils.so (android::Looper::pollInner(int)+410)
I/DEBUG   ( 3589):     #12 pc 00010fc5  /system/lib/libutils.so (android::Looper::pollOnce(int, int*, int*, void**)+92)
I/DEBUG   ( 3589):     #13 pc 000174c5  /system/lib/libsurfaceflinger.so
I/DEBUG   ( 3589):     #14 pc 0001993d  /system/lib/libsurfaceflinger.so (android::SurfaceFlinger::run()+8)
I/DEBUG   ( 3589):     #15 pc 0000083d  /system/bin/surfaceflinger
I/DEBUG   ( 3589):     #16 pc 0000fb75  /system/lib/libc.so (__libc_init+44)
I/DEBUG   ( 3589):     #17 pc 000008d8  /system/bin/surfaceflinger
W/auditd  ( 3595): type=1325 audit(0.0:413): table=filter family=10 entries=36
W/ip6tables( 4213): type=1300 audit(0.0:413): arch=40000028 syscall=294 per=800000 success=yes exit=0 a0=4 a1=29 a2=40 a3=b6c28000 items=0 ppid=4089 auid=4294967295 uid=0 gid=0 euid=0 suid=0 fsuid=0 egid=0 sgid=0 fsgid=0 ses=4294967295 tty=(none) exe="/system/bin/ip6tables" subj=u:r:netd:s0 key=(null)
W/auditd  ( 3595): type=1320 audit(0.0:413): 
W/auditd  ( 3595): type=1325 audit(0.0:414): table=filter family=2 entries=39
W/iptables( 4214): type=1300 audit(0.0:414): arch=40000028 syscall=294 per=800000 success=yes exit=0 a0=4 a1=0 a2=40 a3=b6c25000 items=0 ppid=4089 auid=4294967295 uid=0 gid=0 euid=0 suid=0 fsuid=0 egid=0 sgid=0 fsgid=0 ses=4294967295 tty=(none) exe="/system/bin/iptables" subj=u:r:netd:s0 key=(null)
W/auditd  ( 3595): type=1320 audit(0.0:414): 
W/auditd  ( 3595): type=1325 audit(0.0:415): table=filter family=10 entries=37
W/ip6tables( 4215): type=1300 audit(0.0:415): arch=40000028 syscall=294 per=800000 success=yes exit=0 a0=4 a1=29 a2=40 a3=b6c28000 items=0 ppid=4089 auid=4294967295 uid=0 gid=0 euid=0 suid=0 fsuid=0 egid=0 sgid=0 fsgid=0 ses=4294967295 tty=(none) exe="/system/bin/ip6tables" subj=u:r:netd:s0 key=(null)
W/auditd  ( 3595): type=1320 audit(0.0:415): 
W/auditd  ( 3595): type=1325 audit(0.0:416): table=filter family=2 entries=38
W/iptables( 4216): type=1300 audit(0.0:416): arch=40000028 syscall=294 per=800000 success=yes exit=0 a0=4 a1=0 a2=40 a3=b6c22000 items=0 ppid=4089 auid=4294967295 uid=0 gid=0 euid=0 suid=0 fsuid=0 egid=0 sgid=0 fsgid=0 ses=4294967295 tty=(none) exe="/system/bin/iptables" subj=u:r:netd:s0 key=(null)
W/auditd  ( 3595): type=1320 audit(0.0:416): 
W/auditd  ( 3595): type=1325 audit(0.0:417): table=filter family=10 entries=36
W/ip6tables( 4217): type=1300 audit(0.0:417): arch=40000028 syscall=294 per=800000 success=yes exit=0 a0=4 a1=29 a2=40 a3=b6c23000 items=0 ppid=4089 auid=4294967295 uid=0 gid=0 euid=0 suid=0 fsuid=0 egid=0 sgid=0 fsgid=0 ses=4294967295 tty=(none) exe="/system/bin/ip6tables" subj=u:r:netd:s0 key=(null)
W/auditd  ( 3595): type=1320 audit(0.0:417): 
W/auditd  ( 3595): type=1325 audit(0.0:418): table=filter family=2 entries=38
W/iptables( 4218): type=1300 audit(0.0:418): arch=40000028 syscall=294 per=800000 success=yes exit=0 a0=4 a1=0 a2=40 a3=b6c22000 items=0 ppid=4089 auid=4294967295 uid=0 gid=0 euid=0 suid=0 fsuid=0 egid=0 sgid=0 fsgid=0 ses=4294967295 tty=(none) exe="/system/bin/iptables" subj=u:r:netd:s0 key=(null)
W/auditd  ( 3595): type=1320 audit(0.0:418): 
W/auditd  ( 3595): type=1325 audit(0.0:419): table=filter family=10 entries=36
W/ip6tables( 4219): type=1300 audit(0.0:419): arch=40000028 syscall=294 per=800000 success=yes exit=0 a0=4 a1=29 a2=40 a3=b6c23000 items=0 ppid=4089 auid=4294967295 uid=0 gid=0 euid=0 suid=0 fsuid=0 egid=0 sgid=0 fsgid=0 ses=4294967295 tty=(none) exe="/system/bin/ip6tables" subj=u:r:netd:s0 key=(null)
I/ServiceManager( 4093): Waiting for service batterystats...
V/NatController( 4089): runCmd(/system/bin/iptables -F natctrl_FORWARD) res=0
V/NatController( 4089): runCmd(/system/bin/iptables -A natctrl_FORWARD -j DROP) res=0
I/DEBUG   ( 3589): 
I/DEBUG   ( 3589): Tombstone written to: /data/tombstones/tombstone_02
V/NatController( 4089): runCmd(/system/bin/iptables -t nat -F natctrl_nat_POSTROUTING) res=0
V/NatController( 4089): runCmd(/system/bin/iptables -F natctrl_tether_counters) res=0
V/NatController( 4089): runCmd(/system/bin/iptables -X natctrl_tether_counters) res=0
V/NatController( 4089): runCmd(/system/bin/iptables -N natctrl_tether_counters) res=0
V/NatController( 4089): runCmd(/system/bin/iptables -t mangle -A natctrl_mangle_FORWARD -p tcp --tcp-flags SYN SYN -j TCPMSS --clamp-mss-to-pmtu) res=0
I/ServiceManager( 3576): service 'SurfaceFlinger' died
I/ServiceManager( 3576): service 'Exynos.HWCService' died
I/ServiceManager( 3576): service 'media.wifi_display' died
I/ServiceManager( 3576): service 'media.audio_flinger' died
W/init    ( 4295): type=1400 audit(0.0:488): avc: denied { entrypoint } for path="/system/bin/auditd" dev="mmcblk0p18" ino=173 scontext=u:r:logd:s0 tcontext=u:object_r:system_file:s0 tclass=file
W/init    ( 4295): type=1300 audit(0.0:488): arch=40000028 syscall=11 per=800000 success=no exit=-13 a0=b6d80954 a1=b6d68530 a2=57e64 a3=ff0000 items=1 ppid=1 auid=4294967295 uid=0 gid=0 euid=0 suid=0 fsuid=0 egid=0 sgid=0 fsgid=0 ses=4294967295 tty=(none) exe="/init" subj=u:r:init:s0 key=(null)
W/auditd  ( 3595): type=1307 audit(0.0:488): cwd="/"
W/auditd  ( 3595): type=1302 audit(0.0:488): item=0 name="/system/bin/auditd" inode=173 dev=103:0a mode=0100755 ouid=0 ogid=2000 rdev=00:00 obj=u:object_r:system_file:s0
W/auditd  ( 3595): type=1320 audit(0.0:488): 
I/Netd    ( 4296): Netd 1.0 starting
E/Netd    ( 4296): Failed to open /proc/sys/net/ipv6/conf/default/accept_ra_rt_table: No such file or directory
E/Netd    ( 4296): Failed to open /proc/sys/net/ipv6/conf/ip6tnl0/accept_ra_rt_table: No such file or directory
E/Netd    ( 4296): Failed to open /proc/sys/net/ipv6/conf/lo/accept_ra_rt_table: No such file or directory
E/Netd    ( 4296): Failed to open /proc/sys/net/ipv6/conf/rmnet0/accept_ra_rt_table: No such file or directory
E/Netd    ( 4296): Failed to open /proc/sys/net/ipv6/conf/rmnet1/accept_ra_rt_table: No such file or directory
E/Netd    ( 4296): Failed to open /proc/sys/net/ipv6/conf/rmnet2/accept_ra_rt_table: No such file or directory
E/Netd    ( 4296): Failed to open /proc/sys/net/ipv6/conf/rmnet3/accept_ra_rt_table: No such file or directory
E/Netd    ( 4296): Failed to open /proc/sys/net/ipv6/conf/sit0/accept_ra_rt_table: No such file or directory
W/auditd  ( 3595): type=1325 audit(0.0:489): table=filter family=2 entries=40
W/iptables( 4302): type=1300 audit(0.0:489): arch=40000028 syscall=294 per=800000 success=yes exit=0 a0=4 a1=0 a2=40 a3=b6c25000 items=0 ppid=4296 auid=4294967295 uid=0 gid=0 euid=0 suid=0 fsuid=0 egid=0 sgid=0 fsgid=0 ses=4294967295 tty=(none) exe="/system/bin/iptables" subj=u:r:netd:s0 key=(null)
W/auditd  ( 3595): type=1320 audit(0.0:489): 
I/SurfaceFlinger( 4298): SurfaceFlinger is starting
I/SurfaceFlinger( 4298): SurfaceFlinger's main thread ready to run. Initializing graphics H/W...
W/auditd  ( 3595): type=1325 audit(0.0:490): table=filter family=10 entries=37
W/ip6tables( 4305): type=1300 audit(0.0:490): arch=40000028 syscall=294 per=800000 success=yes exit=0 a0=4 a1=29 a2=40 a3=b6c28000 items=0 ppid=4296 auid=4294967295 uid=0 gid=0 euid=0 suid=0 fsuid=0 egid=0 sgid=0 fsgid=0 ses=4294967295 tty=(none) exe="/system/bin/ip6tables" subj=u:r:netd:s0 key=(null)
W/auditd  ( 3595): type=1320 audit(0.0:490): 
W/auditd  ( 3595): type=1325 audit(0.0:491): table=filter family=2 entries=39
W/iptables( 4307): type=1300 audit(0.0:491): arch=40000028 syscall=294 per=800000 success=yes exit=0 a0=4 a1=0 a2=40 a3=b6c22000 items=0 ppid=4296 auid=4294967295 uid=0 gid=0 euid=0 suid=0 fsuid=0 egid=0 sgid=0 fsgid=0 ses=4294967295 tty=(none) exe="/system/bin/iptables" subj=u:r:netd:s0 key=(null)
W/auditd  ( 3595): type=1320 audit(0.0:491): 
W/auditd  ( 3595): type=1325 audit(0.0:492): table=filter family=10 entries=36
W/ip6tables( 4309): type=1300 audit(0.0:492): arch=40000028 syscall=294 per=800000 success=yes exit=0 a0=4 a1=29 a2=40 a3=b6c23000 items=0 ppid=4296 auid=4294967295 uid=0 gid=0 euid=0 suid=0 fsuid=0 egid=0 sgid=0 fsgid=0 ses=4294967295 tty=(none) exe="/system/bin/ip6tables" subj=u:r:netd:s0 key=(null)
W/auditd  ( 3595): type=1320 audit(0.0:492): 
D/libEGL  ( 4298): loaded /vendor/lib/egl/libGLES_mali.so
W/auditd  ( 3595): type=1325 audit(0.0:493): table=filter family=2 entries=39
W/iptables( 4310): type=1300 audit(0.0:493): arch=40000028 syscall=294 per=800000 success=yes exit=0 a0=4 a1=0 a2=40 a3=b6c22000 items=0 ppid=4296 auid=4294967295 uid=0 gid=0 euid=0 suid=0 fsuid=0 egid=0 sgid=0 fsgid=0 ses=4294967295 tty=(none) exe="/system/bin/iptables" subj=u:r:netd:s0 key=(null)
W/auditd  ( 3595): type=1320 audit(0.0:493): 
I/        ( 4298): PLATFORM VERSION : JB-MR-2
I/mediaserver( 4299): ServiceManager: 0xb60500c0
I/AudioFlinger( 4299): Using default 3000 mSec as standby time.
I/ServiceManager( 4299): Waiting for service batterystats...
D/AndroidRuntime( 4301): 
D/AndroidRuntime( 4301): >>>>>> AndroidRuntime START com.android.internal.os.ZygoteInit <<<<<<
I/gralloc ( 4298): using (fd=12)
I/gralloc ( 4298): id           = 
I/gralloc ( 4298): xres         = 1080 px
I/gralloc ( 4298): yres         = 1920 px
I/gralloc ( 4298): xres_virtual = 1080 px
I/gralloc ( 4298): yres_virtual = 3840 px
I/gralloc ( 4298): bpp          = 32
I/gralloc ( 4298): r            = 16:8
I/gralloc ( 4298): g            =  8:8
I/gralloc ( 4298): b            =  0:8
I/gralloc ( 4298): width        = 65 mm (422.030762 dpi)
I/gralloc ( 4298): height       = 115 mm (424.069580 dpi)
I/gralloc ( 4298): refresh rate = 60.00 Hz
D/AndroidRuntime( 4301): CheckJNI is OFF
I/art     ( 4301): option[0]=-Xzygote
I/art     ( 4301): option[1]=-Xstacktracefile:/data/anr/traces.txt
I/art     ( 4301): option[2]=exit
I/art     ( 4301): option[3]=vfprintf
I/art     ( 4301): option[4]=sensitiveThread
I/art     ( 4301): option[5]=-verbose:gc
I/art     ( 4301): option[6]=-Xms8m
I/art     ( 4301): option[7]=-Xmx512m
I/art     ( 4301): option[8]=-XX:mainThreadStackSize=24K
I/art     ( 4301): option[9]=-XX:HeapGrowthLimit=128m
I/art     ( 4301): option[10]=-XX:HeapMinFree=2m
I/art     ( 4301): option[11]=-XX:HeapMaxFree=8m
I/art     ( 4301): option[12]=-XX:HeapTargetUtilization=0.75
I/art     ( 4301): option[13]=-agentlib:jdwp=transport=dt_android_adb,suspend=n,server=y
I/art     ( 4301): option[14]=-Xlockprofthreshold:500
I/art     ( 4301): option[15]=-Ximage-compiler-option
I/art     ( 4301): option[16]=--runtime-arg
I/art     ( 4301): option[17]=-Ximage-compiler-option
I/art     ( 4301): option[18]=-Xms64m
I/art     ( 4301): option[19]=-Ximage-compiler-option
I/art     ( 4301): option[20]=--runtime-arg
I/art     ( 4301): option[21]=-Ximage-compiler-option
I/art     ( 4301): option[22]=-Xmx64m
I/art     ( 4301): option[23]=-Ximage-compiler-option
I/art     ( 4301): option[24]=--image-classes-zip=/system/framework/framework.jar
I/art     ( 4301): option[25]=-Ximage-compiler-option
I/art     ( 4301): option[26]=--image-classes=preloaded-classes
I/art     ( 4301): option[27]=-Xcompiler-option
I/art     ( 4301): option[28]=--runtime-arg
I/art     ( 4301): option[29]=-Xcompiler-option
I/art     ( 4301): option[30]=-Xms64m
I/art     ( 4301): option[31]=-Xcompiler-option
I/art     ( 4301): option[32]=--runtime-arg
I/art     ( 4301): option[33]=-Xcompiler-option
I/art     ( 4301): option[34]=-Xmx512m
I/art     ( 4301): option[35]=-Duser.language=es
I/art     ( 4301): option[36]=-Duser.region=US
I/art     ( 4301): Pruning dalvik-cache since we are generating an image and will need to recompile
W/art     ( 4301): Unexpected file type of 
W/art     ( 4301):  encountered.
I/art     ( 4301): Using an offset of 0xff867000 from default art base address of 0x70000000
I/art     ( 4301): GenerateImage: /system/bin/dex2oat --image=/data/dalvik-cache/arm/system@framework@boot.art --dex-file=/system/framework/core-libart.jar --dex-file=/system/framework/conscrypt.jar --dex-file=/system/framework/okhttp.jar --dex-file=/system/framework/core-junit.jar --dex-file=/system/framework/bouncycastle.jar --dex-file=/system/framework/ext.jar --dex-file=/system/framework/framework.jar --dex-file=/system/framework/telephony-common.jar --dex-file=/system/framework/voip-common.jar --dex-file=/system/framework/ims-common.jar --dex-file=/system/framework/mms-common.jar --dex-file=/system/framework/android.policy.jar --dex-file=/system/framework/apache-xml.jar --oat-file=/data/dalvik-cache/arm/system@framework@boot.oat --instruction-set=arm --instruction-set-features=div --base=0x6f867000 --runtime-arg -Xms64m --runtime-arg -Xmx64m --image-classes-zip=/system/framework/framework.jar --image-classes=preloaded-classes
W/art     ( 4301): Unexpected file type of 
W/art     ( 4301):  encountered.
W/art     ( 4301): Could not create image space with image file '/system/framework/boot.art'. Attempting to fall back to imageless running. Error was: Failed to generate image '/data/dalvik-cache/arm/system@framework@boot.art': Failed execv(/system/bin/dex2oat --image=/data/dalvik-cache/arm/system@framework@boot.art --dex-file=/system/framework/core-libart.jar --dex-file=/system/framework/conscrypt.jar --dex-file=/system/framework/okhttp.jar --dex-file=/system/framework/core-junit.jar --dex-file=/system/framework/bouncycastle.jar --dex-file=/system/framework/ext.jar --dex-file=/system/framework/framework.jar --dex-file=/system/framework/telephony-common.jar --dex-file=/system/framework/voip-common.jar --dex-file=/system/framework/ims-common.jar --dex-file=/system/framework/mms-common.jar --dex-file=/system/framework/android.policy.jar --dex-file=/system/framework/apache-xml.jar --oat-file=/data/dalvik-cache/arm/system@framework@boot.oat --instruction-set=arm --instruction-set-features=div --base=0x6f867000 --runtime-arg -Xms64
D/hwcomposer( 4298): using
D/hwcomposer( 4298): xres         = 1080 px
D/hwcomposer( 4298): yres         = 1920 px
D/hwcomposer( 4298): width        = 65 mm (422.030000 dpi)
D/hwcomposer( 4298): height       = 115 mm (424.069000 dpi)
D/hwcomposer( 4298): refresh rate = 60 Hz
E/libexynosv4l2-subdev( 4298): no subdev device found
E/hdmi    ( 4298): failed to open hdmi mixer0 subdev
E/hwcomposer( 4298): openHdmi fail
I/hwcomposer( 4298): PSR info devname = /sys/devices/14400000.fimd_fb/psr_info
I/hwcomposer( 4298): PSR mode is 2(0: video mode, 1: DP PSR mode, 2: MIPI-DSI command mode)
I/SurfaceFlinger( 4298): Using composer version 1.3
I/SurfaceFlinger( 4298): EGL information:
I/SurfaceFlinger( 4298): vendor    : Android
I/SurfaceFlinger( 4298): version   : 1.4 Android META-EGL
I/SurfaceFlinger( 4298): extensions: EGL_KHR_get_all_proc_addresses EGL_ANDROID_presentation_time EGL_KHR_image EGL_KHR_image_base EGL_KHR_gl_texture_2D_image EGL_KHR_gl_texture_cubemap_image EGL_KHR_gl_renderbuffer_image EGL_KHR_fence_sync EGL_KHR_create_context EGL_ANDROID_image_native_buffer EGL_KHR_wait_sync EGL_ANDROID_recordable 
I/SurfaceFlinger( 4298): Client API: OpenGL_ES
I/SurfaceFlinger( 4298): EGLSurface: 8-8-8-8, config=0xb6acf2ac
I/SurfaceFlinger( 4298): OpenGL ES informations:
I/SurfaceFlinger( 4298): vendor    : ARM
I/SurfaceFlinger( 4298): renderer  : Mali-T628
I/SurfaceFlinger( 4298): version   : OpenGL ES 3.0
I/SurfaceFlinger( 4298): extensions: GL_EXT_debug_marker GL_ARM_rgba8 GL_ARM_mali_shader_binary GL_OES_depth24 GL_OES_depth_texture GL_OES_depth_texture_cube_map GL_OES_packed_depth_stencil GL_OES_rgb8_rgba8 GL_EXT_read_format_bgra GL_OES_compressed_paletted_texture GL_OES_compressed_ETC1_RGB8_texture GL_OES_standard_derivatives GL_OES_EGL_image GL_OES_EGL_image_external GL_OES_EGL_sync GL_OES_texture_npot GL_OES_vertex_half_float GL_OES_required_internalformat GL_OES_vertex_array_object GL_OES_mapbuffer GL_EXT_texture_format_BGRA8888 GL_EXT_texture_rg GL_EXT_texture_type_2_10_10_10_REV GL_OES_fbo_render_mipmap GL_OES_element_index_uint GL_EXT_shadow_samplers GL_OES_texture_compression_astc GL_KHR_texture_compression_astc_ldr GL_KHR_texture_compression_astc_hdr GL_KHR_debug GL_EXT_occlusion_query_boolean GL_EXT_blend_minmax GL_EXT_discard_framebuffer GL_OES_get_program_binary GL_OES_texture_3D GL_EXT_texture_storage GL_EXT_multisampled_render_to_texture GL_OES_surfaceless_context GL_ARM_mali_program_binary 
I/SurfaceFlinger( 4298): GL_MAX_TEXTURE_SIZE = 8192
I/SurfaceFlinger( 4298): GL_MAX_VIEWPORT_DIMS = 8192
E/libEGL  ( 4298): eglQuerySurface:607 error 300d (EGL_BAD_SURFACE)
E/libEGL  ( 4298): eglQuerySurface:607 error 300d (EGL_BAD_SURFACE)
E/libEGL  ( 4298): call to OpenGL ES API with no current context (logged once per thread)
D/SurfaceFlinger( 4298): Set power mode=2, type=0 flinger=0xb6a62000
I/hwcomposer( 4298): int exynos5_blank(hwc_composer_device_1*, int, int):: disp(0), blank(0)
I/hwcomposer( 4298): unblank ioctl failed (display already unblanked)
E/libEGL  ( 4298): eglSwapBuffers:1071 error 300d (EGL_BAD_SURFACE)
F/SurfaceFlinger( 4298): eglSwapBuffers(0x1, 0x0) failed with 0x0000300d
F/libc    ( 4298): Fatal signal 6 (SIGABRT), code -6 in tid 4298 (surfaceflinger)
I/DEBUG   ( 3589): property debug.db.uid not set; NOT waiting for gdb.
I/DEBUG   ( 3589): HINT: adb shell setprop debug.db.uid 100000
I/DEBUG   ( 3589): HINT: adb forward tcp:5039 tcp:5039
I/DEBUG   ( 3589): *** *** *** *** *** *** *** *** *** *** *** *** *** *** *** ***
I/DEBUG   ( 3589): Build fingerprint: 'samsung/cm_k3gxx/k3gxx:5.0.2/LRX22G/88e55c58ed:userdebug/test-keys'
I/DEBUG   ( 3589): Revision: '10'
I/DEBUG   ( 3589): ABI: 'arm'
I/DEBUG   ( 3589): pid: 4298, tid: 4298, name: surfaceflinger  >>> /system/bin/surfaceflinger <<<
I/DEBUG   ( 3589): signal 6 (SIGABRT), code -6 (SI_TKILL), fault addr --------
I/DEBUG   ( 3589): Abort message: 'eglSwapBuffers(0x1, 0x0) failed with 0x0000300d'
I/DEBUG   ( 3589):     r0 00000000  r1 000010ca  r2 00000006  r3 00000000
I/DEBUG   ( 3589):     r4 b6fe4114  r5 00000006  r6 0000000b  r7 0000010c
I/DEBUG   ( 3589):     r8 00000000  r9 bebeabd0  sl b6a54210  fp bebeabd0
I/DEBUG   ( 3589):     ip 000010ca  sp bebea650  lr b6f6e7b9  pc b6f924e4  cpsr 600f0010
I/DEBUG   ( 3589): 
I/DEBUG   ( 3589): backtrace:
I/DEBUG   ( 3589):     #00 pc 000384e4  /system/lib/libc.so (tgkill+12)
I/DEBUG   ( 3589):     #01 pc 000147b5  /system/lib/libc.so (pthread_kill+52)
I/DEBUG   ( 3589):     #02 pc 0001550b  /system/lib/libc.so (raise+10)
I/DEBUG   ( 3589):     #03 pc 00011c35  /system/lib/libc.so (__libc_android_abort+36)
I/DEBUG   ( 3589):     #04 pc 0000fcb8  /system/lib/libc.so (abort+4)
I/DEBUG   ( 3589):     #05 pc 00007739  /system/lib/libcutils.so (__android_log_assert+88)
I/DEBUG   ( 3589):     #06 pc 0000f4df  /system/lib/libsurfaceflinger.so
I/DEBUG   ( 3589):     #07 pc 0001b9fd  /system/lib/libsurfaceflinger.so
I/DEBUG   ( 3589):     #08 pc 0001abe7  /system/lib/libsurfaceflinger.so
I/DEBUG   ( 3589):     #09 pc 00019fc3  /system/lib/libsurfaceflinger.so
I/DEBUG   ( 3589):     #10 pc 00019d49  /system/lib/libsurfaceflinger.so
I/DEBUG   ( 3589):     #11 pc 00010ed3  /system/lib/libutils.so (android::Looper::pollInner(int)+410)
I/DEBUG   ( 3589):     #12 pc 00010fc5  /system/lib/libutils.so (android::Looper::pollOnce(int, int*, int*, void**)+92)
I/DEBUG   ( 3589):     #13 pc 000174c5  /system/lib/libsurfaceflinger.so
I/DEBUG   ( 3589):     #14 pc 0001993d  /system/lib/libsurfaceflinger.so (android::SurfaceFlinger::run()+8)
I/DEBUG   ( 3589):     #15 pc 0000083d  /system/bin/surfaceflinger
I/DEBUG   ( 3589):     #16 pc 0000fb75  /system/lib/libc.so (__libc_init+44)
I/DEBUG   ( 3589):     #17 pc 000008d8  /system/bin/surfaceflinger
W/auditd  ( 3595): type=1325 audit(0.0:606): table=filter family=10 entries=34
W/ip6tables( 4427): type=1300 audit(0.0:606): arch=40000028 syscall=294 per=800000 success=yes exit=0 a0=4 a1=29 a2=40 a3=b6c23000 items=0 ppid=4296 auid=4294967295 uid=0 gid=0 euid=0 suid=0 fsuid=0 egid=0 sgid=0 fsgid=0 ses=4294967295 tty=(none) exe="/system/bin/ip6tables" subj=u:r:netd:s0 key=(null)
W/auditd  ( 3595): type=1320 audit(0.0:606): 
W/auditd  ( 3595): type=1325 audit(0.0:607): table=filter family=2 entries=38
W/iptables( 4428): type=1300 audit(0.0:607): arch=40000028 syscall=294 per=800000 success=yes exit=0 a0=4 a1=0 a2=40 a3=b6c25000 items=0 ppid=4296 auid=4294967295 uid=0 gid=0 euid=0 suid=0 fsuid=0 egid=0 sgid=0 fsgid=0 ses=4294967295 tty=(none) exe="/system/bin/iptables" subj=u:r:netd:s0 key=(null)
W/auditd  ( 3595): type=1320 audit(0.0:607): 
W/auditd  ( 3595): type=1325 audit(0.0:608): table=filter family=10 entries=36
W/ip6tables( 4429): type=1300 audit(0.0:608): arch=40000028 syscall=294 per=800000 success=yes exit=0 a0=4 a1=29 a2=40 a3=b6c28000 items=0 ppid=4296 auid=4294967295 uid=0 gid=0 euid=0 suid=0 fsuid=0 egid=0 sgid=0 fsgid=0 ses=4294967295 tty=(none) exe="/system/bin/ip6tables" subj=u:r:netd:s0 key=(null)
W/auditd  ( 3595): type=1320 audit(0.0:608): 
W/auditd  ( 3595): type=1325 audit(0.0:609): table=raw family=2 entries=9
W/iptables( 4430): type=1300 audit(0.0:609): arch=40000028 syscall=294 per=800000 success=yes exit=0 a0=4 a1=0 a2=40 a3=b6c1ba00 items=0 ppid=4296 auid=4294967295 uid=0 gid=0 euid=0 suid=0 fsuid=0 egid=0 sgid=0 fsgid=0 ses=4294967295 tty=(none) exe="/system/bin/iptables" subj=u:r:netd:s0 key=(null)
W/auditd  ( 3595): type=1320 audit(0.0:609): 
W/auditd  ( 3595): type=1325 audit(0.0:610): table=raw family=10 entries=9
W/ip6tables( 4431): type=1300 audit(0.0:610): arch=40000028 syscall=294 per=800000 success=yes exit=0 a0=4 a1=29 a2=40 a3=b6c1d000 items=0 ppid=4296 auid=4294967295 uid=0 gid=0 euid=0 suid=0 fsuid=0 egid=0 sgid=0 fsgid=0 ses=4294967295 tty=(none) exe="/system/bin/ip6tables" subj=u:r:netd:s0 key=(null)
W/auditd  ( 3595): type=1320 audit(0.0:610): 
W/auditd  ( 3595): type=1325 audit(0.0:611): table=raw family=2 entries=8
W/iptables( 4432): type=1300 audit(0.0:611): arch=40000028 syscall=294 per=800000 success=yes exit=0 a0=4 a1=0 a2=40 a3=b6c1ba00 items=0 ppid=4296 auid=4294967295 uid=0 gid=0 euid=0 suid=0 fsuid=0 egid=0 sgid=0 fsgid=0 ses=4294967295 tty=(none) exe="/system/bin/iptables" subj=u:r:netd:s0 key=(null)
W/auditd  ( 3595): type=1320 audit(0.0:611): 
W/auditd  ( 3595): type=1325 audit(0.0:612): table=raw family=10 entries=8
W/ip6tables( 4433): type=1300 audit(0.0:612): arch=40000028 syscall=294 per=800000 success=yes exit=0 a0=4 a1=29 a2=40 a3=b6c32800 items=0 ppid=4296 auid=4294967295 uid=0 gid=0 euid=0 suid=0 fsuid=0 egid=0 sgid=0 fsgid=0 ses=4294967295 tty=(none) exe="/system/bin/ip6tables" subj=u:r:netd:s0 key=(null)
I/ServiceManager( 4299): Waiting for service batterystats...
V/NatController( 4296): runCmd(/system/bin/iptables -F natctrl_FORWARD) res=0
V/NatController( 4296): runCmd(/system/bin/iptables -A natctrl_FORWARD -j DROP) res=0
V/NatController( 4296): runCmd(/system/bin/iptables -t nat -F natctrl_nat_POSTROUTING) res=0
V/NatController( 4296): runCmd(/system/bin/iptables -F natctrl_tether_counters) res=0
V/NatController( 4296): runCmd(/system/bin/iptables -X natctrl_tether_counters) res=0
V/NatController( 4296): runCmd(/system/bin/iptables -N natctrl_tether_counters) res=0
V/NatController( 4296): runCmd(/system/bin/iptables -t mangle -A natctrl_mangle_FORWARD -p tcp --tcp-flags SYN SYN -j TCPMSS --clamp-mss-to-pmtu) res=0
I/DEBUG   ( 3589): 
I/DEBUG   ( 3589): Tombstone written to: /data/tombstones/tombstone_03
I/ServiceManager( 3576): service 'SurfaceFlinger' died
I/ServiceManager( 3576): service 'Exynos.HWCService' died
I/ServiceManager( 3576): service 'media.wifi_display' died
I/ServiceManager( 3576): service 'media.audio_flinger' died
W/init    ( 4506): type=1400 audit(0.0:681): avc: denied { entrypoint } for path="/system/bin/auditd" dev="mmcblk0p18" ino=173 scontext=u:r:logd:s0 tcontext=u:object_r:system_file:s0 tclass=file
W/init    ( 4506): type=1300 audit(0.0:681): arch=40000028 syscall=11 per=800000 success=no exit=-13 a0=b6d80954 a1=b6d68530 a2=57e64 a3=ff0000 items=1 ppid=1 auid=4294967295 uid=0 gid=0 euid=0 suid=0 fsuid=0 egid=0 sgid=0 fsgid=0 ses=4294967295 tty=(none) exe="/init" subj=u:r:init:s0 key=(null)
W/auditd  ( 3595): type=1307 audit(0.0:681): cwd="/"
W/auditd  ( 3595): type=1302 audit(0.0:681): item=0 name="/system/bin/auditd" inode=173 dev=103:0a mode=0100755 ouid=0 ogid=2000 rdev=00:00 obj=u:object_r:system_file:s0
W/auditd  ( 3595): type=1320 audit(0.0:681): 
I/Netd    ( 4507): Netd 1.0 starting
E/Netd    ( 4507): Failed to open /proc/sys/net/ipv6/conf/default/accept_ra_rt_table: No such file or directory
E/Netd    ( 4507): Failed to open /proc/sys/net/ipv6/conf/ip6tnl0/accept_ra_rt_table: No such file or directory
E/Netd    ( 4507): Failed to open /proc/sys/net/ipv6/conf/lo/accept_ra_rt_table: No such file or directory
E/Netd    ( 4507): Failed to open /proc/sys/net/ipv6/conf/rmnet0/accept_ra_rt_table: No such file or directory
E/Netd    ( 4507): Failed to open /proc/sys/net/ipv6/conf/rmnet1/accept_ra_rt_table: No such file or directory
E/Netd    ( 4507): Failed to open /proc/sys/net/ipv6/conf/rmnet2/accept_ra_rt_table: No such file or directory
E/Netd    ( 4507): Failed to open /proc/sys/net/ipv6/conf/rmnet3/accept_ra_rt_table: No such file or directory
E/Netd    ( 4507): Failed to open /proc/sys/net/ipv6/conf/sit0/accept_ra_rt_table: No such file or directory
W/auditd  ( 3595): type=1325 audit(0.0:682): table=filter family=2 entries=40
W/iptables( 4513): type=1300 audit(0.0:682): arch=40000028 syscall=294 per=800000 success=yes exit=0 a0=4 a1=0 a2=40 a3=b6c25000 items=0 ppid=4507 auid=4294967295 uid=0 gid=0 euid=0 suid=0 fsuid=0 egid=0 sgid=0 fsgid=0 ses=4294967295 tty=(none) exe="/system/bin/iptables" subj=u:r:netd:s0 key=(null)
W/auditd  ( 3595): type=1320 audit(0.0:682): 
W/auditd  ( 3595): type=1325 audit(0.0:683): table=filter family=10 entries=37
W/ip6tables( 4514): type=1300 audit(0.0:683): arch=40000028 syscall=294 per=800000 success=yes exit=0 a0=4 a1=29 a2=40 a3=b6c28000 items=0 ppid=4507 auid=4294967295 uid=0 gid=0 euid=0 suid=0 fsuid=0 egid=0 sgid=0 fsgid=0 ses=4294967295 tty=(none) exe="/system/bin/ip6tables" subj=u:r:netd:s0 key=(null)
W/auditd  ( 3595): type=1320 audit(0.0:683): 
I/SurfaceFlinger( 4509): SurfaceFlinger is starting
I/SurfaceFlinger( 4509): SurfaceFlinger's main thread ready to run. Initializing graphics H/W...
W/auditd  ( 3595): type=1325 audit(0.0:684): table=filter family=2 entries=39
W/iptables( 4517): type=1300 audit(0.0:684): arch=40000028 syscall=294 per=800000 success=yes exit=0 a0=4 a1=0 a2=40 a3=b6c22000 items=0 ppid=4507 auid=4294967295 uid=0 gid=0 euid=0 suid=0 fsuid=0 egid=0 sgid=0 fsgid=0 ses=4294967295 tty=(none) exe="/system/bin/iptables" subj=u:r:netd:s0 key=(null)
W/auditd  ( 3595): type=1320 audit(0.0:684): 
W/auditd  ( 3595): type=1325 audit(0.0:685): table=filter family=10 entries=36
W/ip6tables( 4519): type=1300 audit(0.0:685): arch=40000028 syscall=294 per=800000 success=yes exit=0 a0=4 a1=29 a2=40 a3=b6c23000 items=0 ppid=4507 auid=4294967295 uid=0 gid=0 euid=0 suid=0 fsuid=0 egid=0 sgid=0 fsgid=0 ses=4294967295 tty=(none) exe="/system/bin/ip6tables" subj=u:r:netd:s0 key=(null)
W/auditd  ( 3595): type=1320 audit(0.0:685): 
W/auditd  ( 3595): type=1325 audit(0.0:686): table=filter family=2 entries=39
W/iptables( 4521): type=1300 audit(0.0:686): arch=40000028 syscall=294 per=800000 success=yes exit=0 a0=4 a1=0 a2=40 a3=b6c22000 items=0 ppid=4507 auid=4294967295 uid=0 gid=0 euid=0 suid=0 fsuid=0 egid=0 sgid=0 fsgid=0 ses=4294967295 tty=(none) exe="/system/bin/iptables" subj=u:r:netd:s0 key=(null)
W/auditd  ( 3595): type=1320 audit(0.0:686): 
D/libEGL  ( 4509): loaded /vendor/lib/egl/libGLES_mali.so
I/        ( 4509): PLATFORM VERSION : JB-MR-2
I/mediaserver( 4510): ServiceManager: 0xb60500c0
I/AudioFlinger( 4510): Using default 3000 mSec as standby time.
I/ServiceManager( 4510): Waiting for service batterystats...
D/AndroidRuntime( 4512): 
D/AndroidRuntime( 4512): >>>>>> AndroidRuntime START com.android.internal.os.ZygoteInit <<<<<<
D/AndroidRuntime( 4512): CheckJNI is OFF
I/art     ( 4512): option[0]=-Xzygote
I/art     ( 4512): option[1]=-Xstacktracefile:/data/anr/traces.txt
I/art     ( 4512): option[2]=exit
I/art     ( 4512): option[3]=vfprintf
I/art     ( 4512): option[4]=sensitiveThread
I/art     ( 4512): option[5]=-verbose:gc
I/art     ( 4512): option[6]=-Xms8m
I/art     ( 4512): option[7]=-Xmx512m
I/art     ( 4512): option[8]=-XX:mainThreadStackSize=24K
I/art     ( 4512): option[9]=-XX:HeapGrowthLimit=128m
I/art     ( 4512): option[10]=-XX:HeapMinFree=2m
I/art     ( 4512): option[11]=-XX:HeapMaxFree=8m
I/art     ( 4512): option[12]=-XX:HeapTargetUtilization=0.75
I/art     ( 4512): option[13]=-agentlib:jdwp=transport=dt_android_adb,suspend=n,server=y
I/art     ( 4512): option[14]=-Xlockprofthreshold:500
I/art     ( 4512): option[15]=-Ximage-compiler-option
I/art     ( 4512): option[16]=--runtime-arg
I/art     ( 4512): option[17]=-Ximage-compiler-option
I/art     ( 4512): option[18]=-Xms64m
I/art     ( 4512): option[19]=-Ximage-compiler-option
I/art     ( 4512): option[20]=--runtime-arg
I/art     ( 4512): option[21]=-Ximage-compiler-option
I/art     ( 4512): option[22]=-Xmx64m
I/art     ( 4512): option[23]=-Ximage-compiler-option
I/art     ( 4512): option[24]=--image-classes-zip=/system/framework/framework.jar
I/art     ( 4512): option[25]=-Ximage-compiler-option
I/art     ( 4512): option[26]=--image-classes=preloaded-classes
I/art     ( 4512): option[27]=-Xcompiler-option
I/art     ( 4512): option[28]=--runtime-arg
I/art     ( 4512): option[29]=-Xcompiler-option
I/art     ( 4512): option[30]=-Xms64m
I/art     ( 4512): option[31]=-Xcompiler-option
I/art     ( 4512): option[32]=--runtime-arg
I/art     ( 4512): option[33]=-Xcompiler-option
I/art     ( 4512): option[34]=-Xmx512m
I/art     ( 4512): option[35]=-Duser.language=es
I/art     ( 4512): option[36]=-Duser.region=US
I/art     ( 4512): Pruning dalvik-cache since we are generating an image and will need to recompile
W/art     ( 4512): Unexpected file type of 
W/art     ( 4512):  encountered.
I/art     ( 4512): Using an offset of 0xb09000 from default art base address of 0x70000000
I/art     ( 4512): GenerateImage: /system/bin/dex2oat --image=/data/dalvik-cache/arm/system@framework@boot.art --dex-file=/system/framework/core-libart.jar --dex-file=/system/framework/conscrypt.jar --dex-file=/system/framework/okhttp.jar --dex-file=/system/framework/core-junit.jar --dex-file=/system/framework/bouncycastle.jar --dex-file=/system/framework/ext.jar --dex-file=/system/framework/framework.jar --dex-file=/system/framework/telephony-common.jar --dex-file=/system/framework/voip-common.jar --dex-file=/system/framework/ims-common.jar --dex-file=/system/framework/mms-common.jar --dex-file=/system/framework/android.policy.jar --dex-file=/system/framework/apache-xml.jar --oat-file=/data/dalvik-cache/arm/system@framework@boot.oat --instruction-set=arm --instruction-set-features=div --base=0x70b09000 --runtime-arg -Xms64m --runtime-arg -Xmx64m --image-classes-zip=/system/framework/framework.jar --image-classes=preloaded-classes
I/gralloc ( 4509): using (fd=12)
I/gralloc ( 4509): id           = 
I/gralloc ( 4509): xres         = 1080 px
I/gralloc ( 4509): yres         = 1920 px
I/gralloc ( 4509): xres_virtual = 1080 px
I/gralloc ( 4509): yres_virtual = 3840 px
I/gralloc ( 4509): bpp          = 32
I/gralloc ( 4509): r            = 16:8
I/gralloc ( 4509): g            =  8:8
I/gralloc ( 4509): b            =  0:8
I/gralloc ( 4509): width        = 65 mm (422.030762 dpi)
I/gralloc ( 4509): height       = 115 mm (424.069580 dpi)
I/gralloc ( 4509): refresh rate = 60.00 Hz
W/art     ( 4512): Unexpected file type of 
W/art     ( 4512):  encountered.
W/art     ( 4512): Could not create image space with image file '/system/framework/boot.art'. Attempting to fall back to imageless running. Error was: Failed to generate image '/data/dalvik-cache/arm/system@framework@boot.art': Failed execv(/system/bin/dex2oat --image=/data/dalvik-cache/arm/system@framework@boot.art --dex-file=/system/framework/core-libart.jar --dex-file=/system/framework/conscrypt.jar --dex-file=/system/framework/okhttp.jar --dex-file=/system/framework/core-junit.jar --dex-file=/system/framework/bouncycastle.jar --dex-file=/system/framework/ext.jar --dex-file=/system/framework/framework.jar --dex-file=/system/framework/telephony-common.jar --dex-file=/system/framework/voip-common.jar --dex-file=/system/framework/ims-common.jar --dex-file=/system/framework/mms-common.jar --dex-file=/system/framework/android.policy.jar --dex-file=/system/framework/apache-xml.jar --oat-file=/data/dalvik-cache/arm/system@framework@boot.oat --instruction-set=arm --instruction-set-features=div --base=0x70b09000 --runtime-arg -Xms64
D/hwcomposer( 4509): using
D/hwcomposer( 4509): xres         = 1080 px
D/hwcomposer( 4509): yres         = 1920 px
D/hwcomposer( 4509): width        = 65 mm (422.030000 dpi)
D/hwcomposer( 4509): height       = 115 mm (424.069000 dpi)
D/hwcomposer( 4509): refresh rate = 60 Hz
E/libexynosv4l2-subdev( 4509): no subdev device found
E/hdmi    ( 4509): failed to open hdmi mixer0 subdev
E/hwcomposer( 4509): openHdmi fail
I/hwcomposer( 4509): PSR info devname = /sys/devices/14400000.fimd_fb/psr_info
I/hwcomposer( 4509): PSR mode is 2(0: video mode, 1: DP PSR mode, 2: MIPI-DSI command mode)
I/SurfaceFlinger( 4509): Using composer version 1.3
I/SurfaceFlinger( 4509): EGL information:
I/SurfaceFlinger( 4509): vendor    : Android
I/SurfaceFlinger( 4509): version   : 1.4 Android META-EGL
I/SurfaceFlinger( 4509): extensions: EGL_KHR_get_all_proc_addresses EGL_ANDROID_presentation_time EGL_KHR_image EGL_KHR_image_base EGL_KHR_gl_texture_2D_image EGL_KHR_gl_texture_cubemap_image EGL_KHR_gl_renderbuffer_image EGL_KHR_fence_sync EGL_KHR_create_context EGL_ANDROID_image_native_buffer EGL_KHR_wait_sync EGL_ANDROID_recordable 
I/SurfaceFlinger( 4509): Client API: OpenGL_ES
I/SurfaceFlinger( 4509): EGLSurface: 8-8-8-8, config=0xb69cf2ac
I/SurfaceFlinger( 4509): OpenGL ES informations:
I/SurfaceFlinger( 4509): vendor    : ARM
I/SurfaceFlinger( 4509): renderer  : Mali-T628
I/SurfaceFlinger( 4509): version   : OpenGL ES 3.0
I/SurfaceFlinger( 4509): extensions: GL_EXT_debug_marker GL_ARM_rgba8 GL_ARM_mali_shader_binary GL_OES_depth24 GL_OES_depth_texture GL_OES_depth_texture_cube_map GL_OES_packed_depth_stencil GL_OES_rgb8_rgba8 GL_EXT_read_format_bgra GL_OES_compressed_paletted_texture GL_OES_compressed_ETC1_RGB8_texture GL_OES_standard_derivatives GL_OES_EGL_image GL_OES_EGL_image_external GL_OES_EGL_sync GL_OES_texture_npot GL_OES_vertex_half_float GL_OES_required_internalformat GL_OES_vertex_array_object GL_OES_mapbuffer GL_EXT_texture_format_BGRA8888 GL_EXT_texture_rg GL_EXT_texture_type_2_10_10_10_REV GL_OES_fbo_render_mipmap GL_OES_element_index_uint GL_EXT_shadow_samplers GL_OES_texture_compression_astc GL_KHR_texture_compression_astc_ldr GL_KHR_texture_compression_astc_hdr GL_KHR_debug GL_EXT_occlusion_query_boolean GL_EXT_blend_minmax GL_EXT_discard_framebuffer GL_OES_get_program_binary GL_OES_texture_3D GL_EXT_texture_storage GL_EXT_multisampled_render_to_texture GL_OES_surfaceless_context GL_ARM_mali_program_binary 
I/SurfaceFlinger( 4509): GL_MAX_TEXTURE_SIZE = 8192
I/SurfaceFlinger( 4509): GL_MAX_VIEWPORT_DIMS = 8192
E/libEGL  ( 4509): eglQuerySurface:607 error 300d (EGL_BAD_SURFACE)
E/libEGL  ( 4509): eglQuerySurface:607 error 300d (EGL_BAD_SURFACE)
E/libEGL  ( 4509): call to OpenGL ES API with no current context (logged once per thread)
D/SurfaceFlinger( 4509): Set power mode=2, type=0 flinger=0xb6962000
I/hwcomposer( 4509): int exynos5_blank(hwc_composer_device_1*, int, int):: disp(0), blank(0)
I/hwcomposer( 4509): unblank ioctl failed (display already unblanked)
E/libEGL  ( 4509): eglSwapBuffers:1071 error 300d (EGL_BAD_SURFACE)
F/SurfaceFlinger( 4509): eglSwapBuffers(0x1, 0x0) failed with 0x0000300d
F/libc    ( 4509): Fatal signal 6 (SIGABRT), code -6 in tid 4509 (surfaceflinger)
I/DEBUG   ( 3589): property debug.db.uid not set; NOT waiting for gdb.
I/DEBUG   ( 3589): HINT: adb shell setprop debug.db.uid 100000
I/DEBUG   ( 3589): HINT: adb forward tcp:5039 tcp:5039
I/DEBUG   ( 3589): *** *** *** *** *** *** *** *** *** *** *** *** *** *** *** ***
I/DEBUG   ( 3589): Build fingerprint: 'samsung/cm_k3gxx/k3gxx:5.0.2/LRX22G/88e55c58ed:userdebug/test-keys'
I/DEBUG   ( 3589): Revision: '10'
I/DEBUG   ( 3589): ABI: 'arm'
I/DEBUG   ( 3589): pid: 4509, tid: 4509, name: surfaceflinger  >>> /system/bin/surfaceflinger <<<
I/DEBUG   ( 3589): signal 6 (SIGABRT), code -6 (SI_TKILL), fault addr --------
I/DEBUG   ( 3589): Abort message: 'eglSwapBuffers(0x1, 0x0) failed with 0x0000300d'
I/DEBUG   ( 3589):     r0 00000000  r1 0000119d  r2 00000006  r3 00000000
I/DEBUG   ( 3589):     r4 b6f36114  r5 00000006  r6 0000000b  r7 0000010c
I/DEBUG   ( 3589):     r8 00000000  r9 be831bd0  sl b6954210  fp be831bd0
I/DEBUG   ( 3589):     ip 0000119d  sp be831650  lr b6ec07b9  pc b6ee44e4  cpsr 600f0010
I/DEBUG   ( 3589): 
I/DEBUG   ( 3589): backtrace:
I/DEBUG   ( 3589):     #00 pc 000384e4  /system/lib/libc.so (tgkill+12)
I/DEBUG   ( 3589):     #01 pc 000147b5  /system/lib/libc.so (pthread_kill+52)
I/DEBUG   ( 3589):     #02 pc 0001550b  /system/lib/libc.so (raise+10)
I/DEBUG   ( 3589):     #03 pc 00011c35  /system/lib/libc.so (__libc_android_abort+36)
I/DEBUG   ( 3589):     #04 pc 0000fcb8  /system/lib/libc.so (abort+4)
I/DEBUG   ( 3589):     #05 pc 00007739  /system/lib/libcutils.so (__android_log_assert+88)
I/DEBUG   ( 3589):     #06 pc 0000f4df  /system/lib/libsurfaceflinger.so
I/DEBUG   ( 3589):     #07 pc 0001b9fd  /system/lib/libsurfaceflinger.so
I/DEBUG   ( 3589):     #08 pc 0001abe7  /system/lib/libsurfaceflinger.so
I/DEBUG   ( 3589):     #09 pc 00019fc3  /system/lib/libsurfaceflinger.so
I/DEBUG   ( 3589):     #10 pc 00019d49  /system/lib/libsurfaceflinger.so
I/DEBUG   ( 3589):     #11 pc 00010ed3  /system/lib/libutils.so (android::Looper::pollInner(int)+410)
I/DEBUG   ( 3589):     #12 pc 00010fc5  /system/lib/libutils.so (android::Looper::pollOnce(int, int*, int*, void**)+92)
I/DEBUG   ( 3589):     #13 pc 000174c5  /system/lib/libsurfaceflinger.so
I/DEBUG   ( 3589):     #14 pc 0001993d  /system/lib/libsurfaceflinger.so (android::SurfaceFlinger::run()+8)
I/DEBUG   ( 3589):     #15 pc 0000083d  /system/bin/surfaceflinger
I/DEBUG   ( 3589):     #16 pc 0000fb75  /system/lib/libc.so (__libc_init+44)
I/DEBUG   ( 3589):     #17 pc 000008d8  /system/bin/surfaceflinger
W/auditd  ( 3595): type=1325 audit(0.0:794): table=filter family=2 entries=38
W/iptables( 4636): type=1300 audit(0.0:794): arch=40000028 syscall=294 per=800000 success=yes exit=0 a0=4 a1=0 a2=40 a3=b6c22000 items=0 ppid=4507 auid=4294967295 uid=0 gid=0 euid=0 suid=0 fsuid=0 egid=0 sgid=0 fsgid=0 ses=4294967295 tty=(none) exe="/system/bin/iptables" subj=u:r:netd:s0 key=(null)
W/auditd  ( 3595): type=1320 audit(0.0:794): 
W/auditd  ( 3595): type=1325 audit(0.0:795): table=filter family=10 entries=36
W/ip6tables( 4637): type=1300 audit(0.0:795): arch=40000028 syscall=294 per=800000 success=yes exit=0 a0=4 a1=29 a2=40 a3=b6c23000 items=0 ppid=4507 auid=4294967295 uid=0 gid=0 euid=0 suid=0 fsuid=0 egid=0 sgid=0 fsgid=0 ses=4294967295 tty=(none) exe="/system/bin/ip6tables" subj=u:r:netd:s0 key=(null)
W/auditd  ( 3595): type=1320 audit(0.0:795): 
W/auditd  ( 3595): type=1325 audit(0.0:796): table=filter family=2 entries=38
W/iptables( 4638): type=1300 audit(0.0:796): arch=40000028 syscall=294 per=800000 success=yes exit=0 a0=4 a1=0 a2=40 a3=b6c22000 items=0 ppid=4507 auid=4294967295 uid=0 gid=0 euid=0 suid=0 fsuid=0 egid=0 sgid=0 fsgid=0 ses=4294967295 tty=(none) exe="/system/bin/iptables" subj=u:r:netd:s0 key=(null)
W/auditd  ( 3595): type=1320 audit(0.0:796): 
W/auditd  ( 3595): type=1325 audit(0.0:797): table=filter family=10 entries=36
W/ip6tables( 4639): type=1300 audit(0.0:797): arch=40000028 syscall=294 per=800000 success=yes exit=0 a0=4 a1=29 a2=40 a3=b6c23000 items=0 ppid=4507 auid=4294967295 uid=0 gid=0 euid=0 suid=0 fsuid=0 egid=0 sgid=0 fsgid=0 ses=4294967295 tty=(none) exe="/system/bin/ip6tables" subj=u:r:netd:s0 key=(null)
W/auditd  ( 3595): type=1320 audit(0.0:797): 
W/auditd  ( 3595): type=1325 audit(0.0:798): table=filter family=2 entries=36
W/iptables( 4640): type=1300 audit(0.0:798): arch=40000028 syscall=294 per=800000 success=yes exit=0 a0=4 a1=0 a2=40 a3=b6c22000 items=0 ppid=4507 auid=4294967295 uid=0 gid=0 euid=0 suid=0 fsuid=0 egid=0 sgid=0 fsgid=0 ses=4294967295 tty=(none) exe="/system/bin/iptables" subj=u:r:netd:s0 key=(null)
W/auditd  ( 3595): type=1320 audit(0.0:798): 
W/auditd  ( 3595): type=1325 audit(0.0:799): table=filter family=10 entries=34
W/ip6tables( 4641): type=1300 audit(0.0:799): arch=40000028 syscall=294 per=800000 success=yes exit=0 a0=4 a1=29 a2=40 a3=b6c23000 items=0 ppid=4507 auid=4294967295 uid=0 gid=0 euid=0 suid=0 fsuid=0 egid=0 sgid=0 fsgid=0 ses=4294967295 tty=(none) exe="/system/bin/ip6tables" subj=u:r:netd:s0 key=(null)
W/auditd  ( 3595): type=1320 audit(0.0:799): 
W/auditd  ( 3595): type=1325 audit(0.0:800): table=filter family=2 entries=38
W/iptables( 4642): type=1300 audit(0.0:800): arch=40000028 syscall=294 per=800000 success=yes exit=0 a0=4 a1=0 a2=40 a3=b6c25000 items=0 ppid=4507 auid=4294967295 uid=0 gid=0 euid=0 suid=0 fsuid=0 egid=0 sgid=0 fsgid=0 ses=4294967295 tty=(none) exe="/system/bin/iptables" subj=u:r:netd:s0 key=(null)
I/ServiceManager( 4510): Waiting for service batterystats...
V/NatController( 4507): runCmd(/system/bin/iptables -F natctrl_FORWARD) res=0
V/NatController( 4507): runCmd(/system/bin/iptables -A natctrl_FORWARD -j DROP) res=0
V/NatController( 4507): runCmd(/system/bin/iptables -t nat -F natctrl_nat_POSTROUTING) res=0
V/NatController( 4507): runCmd(/system/bin/iptables -F natctrl_tether_counters) res=0
V/NatController( 4507): runCmd(/system/bin/iptables -X natctrl_tether_counters) res=0
