E/System  ( 4129): 	at com.android.server.am.CoreSettingsObserver.populateSettings(CoreSettingsObserver.java:125)
E/System  ( 4129): 	at com.android.server.am.CoreSettingsObserver.sendCoreSettings(CoreSettingsObserver.java:80)
E/System  ( 4129): 	at com.android.server.am.CoreSettingsObserver.<init>(CoreSettingsObserver.java:65)
E/System  ( 4129): 	at com.android.server.am.ActivityManagerService.installSystemProviders(ActivityManagerService.java:9976)
E/System  ( 4129): 	at com.android.server.SystemServer.startOtherServices(SystemServer.java:482)
E/System  ( 4129): 	at com.android.server.SystemServer.run(SystemServer.java:284)
E/System  ( 4129): 	at com.android.server.SystemServer.main(SystemServer.java:185)
E/System  ( 4129): 	at java.lang.reflect.Method.invoke(Native Method)
E/System  ( 4129): 	at java.lang.reflect.Method.invoke(Method.java:372)
E/System  ( 4129): 	at com.android.internal.os.ZygoteInit$MethodAndArgsCaller.run(ZygoteInit.java:898)
E/System  ( 4129): 	at com.android.internal.os.ZygoteInit.main(ZygoteInit.java:693)
I/SystemServer( 4129): Input Method Service
W/InputMethodManagerService( 4129): Couldn't create dir.: /data/system/inputmethod
E/ActivityThread( 4129): Failed to find provider info for settings
W/SystemServer( 4129): ***********************************************
F/SystemServer( 4129): BOOT FAILURE starting Input Manager Service
F/SystemServer( 4129): java.lang.NullPointerException: Attempt to invoke interface method 'android.os.Bundle android.content.IContentProvider.call(java.lang.String, java.lang.String, java.lang.String, android.os.Bundle)' on a null object reference
F/SystemServer( 4129): 	at android.provider.Settings$NameValueCache.getStringForUser(Settings.java:1144)
F/SystemServer( 4129): 	at android.provider.Settings$Secure.getStringForUser(Settings.java:4086)
F/SystemServer( 4129): 	at com.android.internal.inputmethod.InputMethodUtils$InputMethodSettings.getEnabledInputMethodsStr(InputMethodUtils.java:898)
F/SystemServer( 4129): 	at com.android.internal.inputmethod.InputMethodUtils$InputMethodSettings.getEnabledInputMethodsAndSubtypeListLocked(InputMethodUtils.java:797)
F/SystemServer( 4129): 	at com.android.internal.inputmethod.InputMethodUtils$InputMethodSettings.getEnabledInputMethodListLocked(InputMethodUtils.java:731)
F/SystemServer( 4129): 	at com.android.internal.inputmethod.InputMethodUtils$InputMethodSettings.getExplicitlyOrImplicitlyEnabledInputMethodsAndSubtypeListLocked(InputMethodUtils.java:1168)
F/SystemServer( 4129): 	at com.android.internal.inputmethod.InputMethodSubtypeSwitchingController$InputMethodAndSubtypeList.getSortedInputMethodAndSubtypeList(InputMethodSubtypeSwitchingController.java:202)
F/SystemServer( 4129): 	at com.android.internal.inputmethod.InputMethodSubtypeSwitchingController$InputMethodAndSubtypeList.getSortedInputMethodAndSubtypeList(InputMethodSubtypeSwitchingController.java:195)
F/SystemServer( 4129): 	at com.android.internal.inputmethod.InputMethodSubtypeSwitchingController.resetCircularListLocked(InputMethodSubtypeSwitchingController.java:503)
F/SystemServer( 4129): 	at com.android.internal.inputmethod.InputMethodSubtypeSwitchingController.<init>(InputMethodSubtypeSwitchingController.java:483)
F/SystemServer( 4129): 	at com.android.internal.inputmethod.InputMethodSubtypeSwitchingController.createInstanceLocked(InputMethodSubtypeSwitchingController.java:488)
F/SystemServer( 4129): 	at com.android.server.InputMethodManagerService.<init>(InputMethodManagerService.java:721)
F/SystemServer( 4129): 	at com.android.server.SystemServer.startOtherServices(SystemServer.java:561)
F/SystemServer( 4129): 	at com.android.server.SystemServer.run(SystemServer.java:284)
F/SystemServer( 4129): 	at com.android.server.SystemServer.main(SystemServer.java:185)
F/SystemServer( 4129): 	at java.lang.reflect.Method.invoke(Native Method)
F/SystemServer( 4129): 	at java.lang.reflect.Method.invoke(Method.java:372)
F/SystemServer( 4129): 	at com.android.internal.os.ZygoteInit$MethodAndArgsCaller.run(ZygoteInit.java:898)
F/SystemServer( 4129): 	at com.android.internal.os.ZygoteInit.main(ZygoteInit.java:693)
I/SystemServer( 4129): Accessibility Manager
W/SystemServer( 4129): ***********************************************
F/SystemServer( 4129): BOOT FAILURE making display ready
F/SystemServer( 4129): java.lang.NullPointerException: Attempt to invoke virtual method 'void com.android.server.wm.WindowManagerService.displayReady()' on a null object reference
F/SystemServer( 4129): 	at com.android.server.SystemServer.startOtherServices(SystemServer.java:578)
F/SystemServer( 4129): 	at com.android.server.SystemServer.run(SystemServer.java:284)
F/SystemServer( 4129): 	at com.android.server.SystemServer.main(SystemServer.java:185)
F/SystemServer( 4129): 	at java.lang.reflect.Method.invoke(Native Method)
F/SystemServer( 4129): 	at java.lang.reflect.Method.invoke(Method.java:372)
F/SystemServer( 4129): 	at com.android.internal.os.ZygoteInit$MethodAndArgsCaller.run(ZygoteInit.java:898)
F/SystemServer( 4129): 	at com.android.internal.os.ZygoteInit.main(ZygoteInit.java:693)
I/SystemServer( 4129): Mount Service
D/MountService( 4129): got storage path: /storage/sdcard0 description: Almacenamiento interno primary: true removable: false emulated: true mtpReserve: 100 allowMassStorage: false maxFileSize: 0
D/MountService( 4129): addVolumeLocked() StorageVolume:
D/MountService( 4129):     mStorageId=65537 mPath=/storage/emulated/0 mDescriptionId=17040999 
D/MountService( 4129):     mPrimary=true mRemovable=false mEmulated=true mMtpReserveSpace=100 
D/MountService( 4129):     mAllowMassStorage=false mMaxFileSize=0 mOwner=UserHandle{0} mUuid=null 
D/MountService( 4129):     mUserLabel=null mState=null 
D/MountService( 4129): got storage path: /storage/sdcard1 description: Tarjeta SD primary: false removable: true emulated: false mtpReserve: 0 allowMassStorage: true maxFileSize: 0
D/MountService( 4129): addVolumeLocked() StorageVolume:
D/MountService( 4129):     mStorageId=0 mPath=/storage/sdcard1 mDescriptionId=17041000 mPrimary=false 
D/MountService( 4129):     mRemovable=true mEmulated=false mMtpReserveSpace=0 mAllowMassStorage=true 
D/MountService( 4129):     mMaxFileSize=0 mOwner=null mUuid=null mUserLabel=null mState=null 
D/MountService( 4129): got storage path: /storage/usbdisk description: Almacenamiento USB primary: false removable: true emulated: false mtpReserve: 0 allowMassStorage: false maxFileSize: 0
D/MountService( 4129): addVolumeLocked() StorageVolume:
D/MountService( 4129):     mStorageId=0 mPath=/storage/usbdisk mDescriptionId=17041001 mPrimary=false 
D/MountService( 4129):     mRemovable=true mEmulated=false mMtpReserveSpace=0 mAllowMassStorage=false 
D/MountService( 4129):     mMaxFileSize=0 mOwner=null mUuid=null mUserLabel=null mState=null 
E/ActivityThread( 4129): Failed to find provider info for settings
W/SystemServer( 4129): ***********************************************
F/SystemServer( 4129): BOOT FAILURE performing boot dexopt
F/SystemServer( 4129): java.lang.NullPointerException: Attempt to invoke interface method 'android.os.Bundle android.content.IContentProvider.call(java.lang.String, java.lang.String, java.lang.String, android.os.Bundle)' on a null object reference
F/SystemServer( 4129): 	at android.provider.Settings$NameValueCache.getStringForUser(Settings.java:1144)
F/SystemServer( 4129): 	at android.provider.Settings$Global.getStringForUser(Settings.java:7966)
F/SystemServer( 4129): 	at android.provider.Settings$Global.getString(Settings.java:7955)
F/SystemServer( 4129): 	at android.provider.Settings$Global.getLong(Settings.java:8096)
F/SystemServer( 4129): 	at com.android.server.pm.PackageManagerService.performBootDexOpt(PackageManagerService.java:4802)
F/SystemServer( 4129): 	at com.android.server.SystemServer.startOtherServices(SystemServer.java:601)
F/SystemServer( 4129): 	at com.android.server.SystemServer.run(SystemServer.java:284)
F/SystemServer( 4129): 	at com.android.server.SystemServer.main(SystemServer.java:185)
F/SystemServer( 4129): 	at java.lang.reflect.Method.invoke(Native Method)
F/SystemServer( 4129): 	at java.lang.reflect.Method.invoke(Method.java:372)
F/SystemServer( 4129): 	at com.android.internal.os.ZygoteInit$MethodAndArgsCaller.run(ZygoteInit.java:898)
F/SystemServer( 4129): 	at com.android.internal.os.ZygoteInit.main(ZygoteInit.java:693)
E/System  ( 4129): ******************************************
E/System  ( 4129): ************ Failure starting system services
E/System  ( 4129): java.lang.NullPointerException: Attempt to invoke virtual method 'void com.android.server.wm.WindowManagerService.showBootMessage(java.lang.CharSequence, boolean)' on a null object reference
E/System  ( 4129): 	at com.android.server.am.ActivityManagerService.showBootMessage(ActivityManagerService.java:6406)
E/System  ( 4129): 	at com.android.server.SystemServer.startOtherServices(SystemServer.java:607)
E/System  ( 4129): 	at com.android.server.SystemServer.run(SystemServer.java:284)
E/System  ( 4129): 	at com.android.server.SystemServer.main(SystemServer.java:185)
E/System  ( 4129): 	at java.lang.reflect.Method.invoke(Native Method)
E/System  ( 4129): 	at java.lang.reflect.Method.invoke(Method.java:372)
E/System  ( 4129): 	at com.android.internal.os.ZygoteInit$MethodAndArgsCaller.run(ZygoteInit.java:898)
E/System  ( 4129): 	at com.android.internal.os.ZygoteInit.main(ZygoteInit.java:693)
D/AndroidRuntime( 4129): Shutting down VM
--------- beginning of crash
E/AndroidRuntime( 4129): *** FATAL EXCEPTION IN SYSTEM PROCESS: main
E/AndroidRuntime( 4129): java.lang.NullPointerException: Attempt to invoke virtual method 'void com.android.server.wm.WindowManagerService.showBootMessage(java.lang.CharSequence, boolean)' on a null object reference
E/AndroidRuntime( 4129): 	at com.android.server.am.ActivityManagerService.showBootMessage(ActivityManagerService.java:6406)
E/AndroidRuntime( 4129): 	at com.android.server.SystemServer.startOtherServices(SystemServer.java:607)
E/AndroidRuntime( 4129): 	at com.android.server.SystemServer.run(SystemServer.java:284)
E/AndroidRuntime( 4129): 	at com.android.server.SystemServer.main(SystemServer.java:185)
E/AndroidRuntime( 4129): 	at java.lang.reflect.Method.invoke(Native Method)
E/AndroidRuntime( 4129): 	at java.lang.reflect.Method.invoke(Method.java:372)
E/AndroidRuntime( 4129): 	at com.android.internal.os.ZygoteInit$MethodAndArgsCaller.run(ZygoteInit.java:898)
E/AndroidRuntime( 4129): 	at com.android.internal.os.ZygoteInit.main(ZygoteInit.java:693)
I/Process ( 4129): Sending signal. PID: 4129 SIG: 9
I/ServiceManager( 3664): service 'procstats' died
I/ServiceManager( 3664): service 'user' died
I/ServiceManager( 3664): service 'activity' died
I/ServiceManager( 3664): service 'account' died
I/ServiceManager( 3664): service 'content' died
I/ServiceManager( 3664): service 'accessibility' died
I/ServiceManager( 3664): service 'mount' died
I/ServiceManager( 3664): service 'sensorservice' died
I/ServiceManager( 3664): service 'batterystats' died
I/ServiceManager( 3664): service 'appops' died
I/ServiceManager( 3664): service 'power' died
I/ServiceManager( 3664): service 'display' died
I/ServiceManager( 3664): service 'gfxinfo' died
I/ServiceManager( 3664): service 'meminfo' died
I/ServiceManager( 3664): service 'package' died
I/ServiceManager( 3664): service 'battery' died
I/ServiceManager( 3664): service 'hardware' died
I/ServiceManager( 3664): service 'permission' died
I/ServiceManager( 3664): service 'cpuinfo' died
I/ServiceManager( 3664): service 'dbinfo' died
I/ServiceManager( 3664): service 'usagestats' died
I/ServiceManager( 3664): service 'webviewupdate' died
I/ServiceManager( 3664): service 'scheduling_policy' died
I/ServiceManager( 3664): service 'telephony.registry' died
I/ServiceManager( 3664): service 'entropy' died
E/installd( 3683): eof
E/installd( 3683): failed to read size
I/installd( 3683): closing connection
I/lowmemorykiller( 3663): ActivityManager disconnected
I/lowmemorykiller( 3663): Closing Activity Manager data connection
E/Zygote  ( 3689): Exit zygote because system server (4129) has terminated
I/Netd    ( 4214): Netd 1.0 starting
E/Netd    ( 4214): Failed to open /proc/sys/net/ipv6/conf/default/accept_ra_rt_table: No such file or directory
E/Netd    ( 4214): Failed to open /proc/sys/net/ipv6/conf/ip6tnl0/accept_ra_rt_table: No such file or directory
E/Netd    ( 4214): Failed to open /proc/sys/net/ipv6/conf/lo/accept_ra_rt_table: No such file or directory
E/Netd    ( 4214): Failed to open /proc/sys/net/ipv6/conf/rmnet0/accept_ra_rt_table: No such file or directory
E/Netd    ( 4214): Failed to open /proc/sys/net/ipv6/conf/rmnet1/accept_ra_rt_table: No such file or directory
E/Netd    ( 4214): Failed to open /proc/sys/net/ipv6/conf/rmnet2/accept_ra_rt_table: No such file or directory
E/Netd    ( 4214): Failed to open /proc/sys/net/ipv6/conf/rmnet3/accept_ra_rt_table: No such file or directory
E/Netd    ( 4214): Failed to open /proc/sys/net/ipv6/conf/sit0/accept_ra_rt_table: No such file or directory
W/auditd  ( 3693): type=1325 audit(0.0:149): table=filter family=2 entries=50
W/iptables( 4215): type=1300 audit(0.0:149): arch=40000028 syscall=294 per=800000 success=yes exit=0 a0=5 a1=0 a2=40 a3=b6c29000 items=0 ppid=4214 auid=4294967295 uid=0 gid=0 euid=0 suid=0 fsuid=0 egid=0 sgid=0 fsgid=0 ses=4294967295 tty=(none) exe="/system/bin/iptables" key=(null)
W/auditd  ( 3693): type=1320 audit(0.0:149): 
W/auditd  ( 3693): type=1325 audit(0.0:150): table=filter family=10 entries=47
W/ip6tables( 4216): type=1300 audit(0.0:150): arch=40000028 syscall=294 per=800000 success=yes exit=0 a0=5 a1=29 a2=40 a3=b6c2e000 items=0 ppid=4214 auid=4294967295 uid=0 gid=0 euid=0 suid=0 fsuid=0 egid=0 sgid=0 fsgid=0 ses=4294967295 tty=(none) exe="/system/bin/ip6tables" key=(null)
W/auditd  ( 3693): type=1320 audit(0.0:150): 
W/auditd  ( 3693): type=1325 audit(0.0:151): table=filter family=2 entries=49
W/iptables( 4217): type=1300 audit(0.0:151): arch=40000028 syscall=294 per=800000 success=yes exit=0 a0=5 a1=0 a2=40 a3=b6c26000 items=0 ppid=4214 auid=4294967295 uid=0 gid=0 euid=0 suid=0 fsuid=0 egid=0 sgid=0 fsgid=0 ses=4294967295 tty=(none) exe="/system/bin/iptables" key=(null)
W/auditd  ( 3693): type=1320 audit(0.0:151): 
W/auditd  ( 3693): type=1325 audit(0.0:152): table=filter family=10 entries=46
W/ip6tables( 4218): type=1300 audit(0.0:152): arch=40000028 syscall=294 per=800000 success=yes exit=0 a0=5 a1=29 a2=40 a3=b6c29000 items=0 ppid=4214 auid=4294967295 uid=0 gid=0 euid=0 suid=0 fsuid=0 egid=0 sgid=0 fsgid=0 ses=4294967295 tty=(none) exe="/system/bin/ip6tables" key=(null)
W/auditd  ( 3693): type=1320 audit(0.0:152): 
W/auditd  ( 3693): type=1325 audit(0.0:153): table=filter family=2 entries=48
W/iptables( 4219): type=1300 audit(0.0:153): arch=40000028 syscall=294 per=800000 success=yes exit=0 a0=5 a1=0 a2=40 a3=b6c26000 items=0 ppid=4214 auid=4294967295 uid=0 gid=0 euid=0 suid=0 fsuid=0 egid=0 sgid=0 fsgid=0 ses=4294967295 tty=(none) exe="/system/bin/iptables" key=(null)
W/auditd  ( 3693): type=1320 audit(0.0:153): 
W/auditd  ( 3693): type=1325 audit(0.0:154): table=filter family=10 entries=45
W/ip6tables( 4220): type=1300 audit(0.0:154): arch=40000028 syscall=294 per=800000 success=yes exit=0 a0=5 a1=29 a2=40 a3=b6c29000 items=0 ppid=4214 auid=4294967295 uid=0 gid=0 euid=0 suid=0 fsuid=0 egid=0 sgid=0 fsgid=0 ses=4294967295 tty=(none) exe="/system/bin/ip6tables" key=(null)
W/auditd  ( 3693): type=1320 audit(0.0:154): 
W/auditd  ( 3693): type=1325 audit(0.0:155): table=filter family=2 entries=46
W/iptables( 4221): type=1300 audit(0.0:155): arch=40000028 syscall=294 per=800000 success=yes exit=0 a0=5 a1=0 a2=40 a3=b6c26000 items=0 ppid=4214 auid=4294967295 uid=0 gid=0 euid=0 suid=0 fsuid=0 egid=0 sgid=0 fsgid=0 ses=4294967295 tty=(none) exe="/system/bin/iptables" key=(null)
D/AndroidRuntime( 4213): 
D/AndroidRuntime( 4213): >>>>>> AndroidRuntime START com.android.internal.os.ZygoteInit <<<<<<
D/AndroidRuntime( 4213): CheckJNI is OFF
I/art     ( 4213): option[0]=-Xzygote
I/art     ( 4213): option[1]=-Xstacktracefile:/data/anr/traces.txt
I/art     ( 4213): option[2]=exit
I/art     ( 4213): option[3]=vfprintf
I/art     ( 4213): option[4]=sensitiveThread
I/art     ( 4213): option[5]=-verbose:gc
I/art     ( 4213): option[6]=-Xms16m
I/art     ( 4213): option[7]=-Xmx512m
I/art     ( 4213): option[8]=-XX:mainThreadStackSize=24K
I/art     ( 4213): option[9]=-XX:HeapGrowthLimit=192m
I/art     ( 4213): option[10]=-XX:HeapMinFree=2m
I/art     ( 4213): option[11]=-XX:HeapMaxFree=8m
I/art     ( 4213): option[12]=-XX:HeapTargetUtilization=0.75
I/art     ( 4213): option[13]=-agentlib:jdwp=transport=dt_android_adb,suspend=n,server=y
I/art     ( 4213): option[14]=-Xlockprofthreshold:500
I/art     ( 4213): option[15]=-Ximage-compiler-option
I/art     ( 4213): option[16]=--runtime-arg
I/art     ( 4213): option[17]=-Ximage-compiler-option
I/art     ( 4213): option[18]=-Xms64m
I/art     ( 4213): option[19]=-Ximage-compiler-option
I/art     ( 4213): option[20]=--runtime-arg
I/art     ( 4213): option[21]=-Ximage-compiler-option
I/art     ( 4213): option[22]=-Xmx64m
I/art     ( 4213): option[23]=-Ximage-compiler-option
I/art     ( 4213): option[24]=--image-classes-zip=/system/framework/framework.jar
I/art     ( 4213): option[25]=-Ximage-compiler-option
I/art     ( 4213): option[26]=--image-classes=preloaded-classes
I/art     ( 4213): option[27]=-Xcompiler-option
I/art     ( 4213): option[28]=--runtime-arg
I/art     ( 4213): option[29]=-Xcompiler-option
I/art     ( 4213): option[30]=-Xms64m
I/art     ( 4213): option[31]=-Xcompiler-option
I/art     ( 4213): option[32]=--runtime-arg
I/art     ( 4213): option[33]=-Xcompiler-option
I/art     ( 4213): option[34]=-Xmx512m
I/art     ( 4213): option[35]=-Duser.language=es
I/art     ( 4213): option[36]=-Duser.region=US
E/memtrack( 4213): Couldn't load memtrack module (No such file or directory)
E/android.os.Debug( 4213): failed to load memtrack module: -2
I/SamplingProfilerIntegration( 4213): Profiling disabled.
D/Zygote  ( 4213): begin preload
I/Zygote  ( 4213): Preloading classes...
I/art     ( 4213): Explicit concurrent mark sweep GC freed 994(55KB) AllocSpace objects, 0(0B) LOS objects, 98% free, 70KB/4MB, paused 182us total 4.819ms
I/art     ( 4213): Counter: 1
E/Minikin ( 4213): addFont failed to create font /system/fonts/NotoSansGujarati-Regular.ttf
E/Minikin ( 4213): addFont failed to create font /system/fonts/NotoSansGujarati-Bold.ttf
E/Minikin ( 4213): addFont failed to create font /system/fonts/NotoSansGujaratiUI-Regular.ttf
E/Minikin ( 4213): addFont failed to create font /system/fonts/NotoSansGujaratiUI-Bold.ttf
E/Minikin ( 4213): addFont failed to create font /system/fonts/NotoSansGurmukhi-Regular.ttf
E/Minikin ( 4213): addFont failed to create font /system/fonts/NotoSansGurmukhi-Bold.ttf
E/Minikin ( 4213): addFont failed to create font /system/fonts/NotoSansGurmukhiUI-Regular.ttf
E/Minikin ( 4213): addFont failed to create font /system/fonts/NotoSansGurmukhiUI-Bold.ttf
E/Minikin ( 4213): addFont failed to create font /system/fonts/NotoSansSinhala-Regular.ttf
E/Minikin ( 4213): addFont failed to create font /system/fonts/NotoSansSinhala-Bold.ttf
E/Minikin ( 4213): addFont failed to create font /system/fonts/NotoSansCherokee-Regular.ttf
E/Minikin ( 4213): addFont failed to create font /system/fonts/NotoSansCanadianAboriginal-Regular.ttf
E/Minikin ( 4213): addFont failed to create font /system/fonts/NotoSansYi-Regular.ttf
E/Minikin ( 4213): addFont failed to create font /system/fonts/NotoSansHans-Regular.otf
E/Minikin ( 4213): addFont failed to create font /system/fonts/NotoSansHant-Regular.otf
E/Minikin ( 4213): addFont failed to create font /system/fonts/NotoSansJP-Regular.otf
E/Minikin ( 4213): addFont failed to create font /system/fonts/NotoSansKR-Regular.otf
I/art     ( 4213): Thread[1,tid=4213,WaitingForJniOnLoad,Thread*=0xb5007800,peer=0x12c330e0,"main"] recursive attempt to load library "/system/lib/libmedia_jni.so"
D/MtpDeviceJNI( 4213): register_android_mtp_MtpDevice
I/art     ( 4213): Thread[1,tid=4213,WaitingForJniOnLoad,Thread*=0xb5007800,peer=0x12c330e0,"main"] recursive attempt to load library "/system/lib/libmedia_jni.so"
I/art     ( 4213): Thread[1,tid=4213,WaitingForJniOnLoad,Thread*=0xb5007800,peer=0x12c330e0,"main"] recursive attempt to load library "/system/lib/libmedia_jni.so"
I/System  ( 4213): Loaded time zone names for "" in 40ms (36ms in ICU)
I/System  ( 4213): Loaded time zone names for "en_US" in 29ms (25ms in ICU)
I/System  ( 4213): Loaded time zone names for "es_US" in 33ms (28ms in ICU)
I/art     ( 4213): Explicit concurrent mark sweep GC freed 32375(1963KB) AllocSpace objects, 0(0B) LOS objects, 71% free, 1613KB/5MB, paused 201us total 15.100ms
I/Zygote  ( 4213): ...preloaded 3005 classes in 621ms.
I/art     ( 4213): VMRuntime.preloadDexCaches starting
I/art     ( 4213): VMRuntime.preloadDexCaches strings total=217316 before=40338 after=40338
I/art     ( 4213): VMRuntime.preloadDexCaches types total=18704 before=6337 after=6380
I/art     ( 4213): VMRuntime.preloadDexCaches fields total=87408 before=32543 after=32871
I/art     ( 4213): VMRuntime.preloadDexCaches methods total=154031 before=66779 after=67657
I/art     ( 4213): VMRuntime.preloadDexCaches finished
I/art     ( 4213): Counter: 0
I/art     ( 4213): Counter: 1
I/art     ( 4213): Explicit concurrent mark sweep GC freed 175(20KB) AllocSpace objects, 0(0B) LOS objects, 71% free, 1593KB/5MB, paused 155us total 8.845ms
W/auditd  ( 3693): type=1325 audit(0.0:251): table=raw family=2 entries=9
W/iptables( 4322): type=1300 audit(0.0:251): arch=40000028 syscall=294 per=800000 success=yes exit=0 a0=5 a1=0 a2=40 a3=b6c1ba00 items=0 ppid=4214 auid=4294967295 uid=0 gid=0 euid=0 suid=0 fsuid=0 egid=0 sgid=0 fsgid=0 ses=4294967295 tty=(none) exe="/system/bin/iptables" key=(null)
W/auditd  ( 3693): type=1320 audit(0.0:251): 
W/auditd  ( 3693): type=1325 audit(0.0:252): table=raw family=10 entries=9
W/ip6tables( 4324): type=1300 audit(0.0:252): arch=40000028 syscall=294 per=800000 success=yes exit=0 a0=5 a1=29 a2=40 a3=b6c1c000 items=0 ppid=4214 auid=4294967295 uid=0 gid=0 euid=0 suid=0 fsuid=0 egid=0 sgid=0 fsgid=0 ses=4294967295 tty=(none) exe="/system/bin/ip6tables" key=(null)
W/auditd  ( 3693): type=1320 audit(0.0:252): 
D/idmap   ( 4323): error: no read access to /vendor/overlay: No such file or directory
W/auditd  ( 3693): type=1325 audit(0.0:253): table=raw family=2 entries=8
W/iptables( 4325): type=1300 audit(0.0:253): arch=40000028 syscall=294 per=800000 success=yes exit=0 a0=5 a1=0 a2=40 a3=b6c30100 items=0 ppid=4214 auid=4294967295 uid=0 gid=0 euid=0 suid=0 fsuid=0 egid=0 sgid=0 fsgid=0 ses=4294967295 tty=(none) exe="/system/bin/iptables" key=(null)
W/auditd  ( 3693): type=1320 audit(0.0:253): 
D/Sensorhubs( 3686): readEvents: 2, 1, -43
I/Zygote  ( 4213): Preloading resources...
W/auditd  ( 3693): type=1325 audit(0.0:254): table=raw family=10 entries=8
W/ip6tables( 4326): type=1300 audit(0.0:254): arch=40000028 syscall=294 per=800000 success=yes exit=0 a0=5 a1=29 a2=40 a3=b6c32400 items=0 ppid=4214 auid=4294967295 uid=0 gid=0 euid=0 suid=0 fsuid=0 egid=0 sgid=0 fsgid=0 ses=4294967295 tty=(none) exe="/system/bin/ip6tables" key=(null)
W/auditd  ( 3693): type=1320 audit(0.0:254): 
W/auditd  ( 3693): type=1325 audit(0.0:255): table=raw family=2 entries=6
W/iptables( 4327): type=1300 audit(0.0:255): arch=40000028 syscall=294 per=800000 success=yes exit=0 a0=5 a1=0 a2=40 a3=b6c20400 items=0 ppid=4214 auid=4294967295 uid=0 gid=0 euid=0 suid=0 fsuid=0 egid=0 sgid=0 fsgid=0 ses=4294967295 tty=(none) exe="/system/bin/iptables" key=(null)
W/auditd  ( 3693): type=1320 audit(0.0:255): 
W/auditd  ( 3693): type=1325 audit(0.0:256): table=raw family=10 entries=6
W/ip6tables( 4328): type=1300 audit(0.0:256): arch=40000028 syscall=294 per=800000 success=yes exit=0 a0=5 a1=29 a2=40 a3=b6c31800 items=0 ppid=4214 auid=4294967295 uid=0 gid=0 euid=0 suid=0 fsuid=0 egid=0 sgid=0 fsgid=0 ses=4294967295 tty=(none) exe="/system/bin/ip6tables" key=(null)
W/auditd  ( 3693): type=1320 audit(0.0:256): 
W/auditd  ( 3693): type=1325 audit(0.0:257): table=raw family=2 entries=8
W/iptables( 4329): type=1300 audit(0.0:257): arch=40000028 syscall=294 per=800000 success=yes exit=0 a0=5 a1=0 a2=40 a3=b6c1ba00 items=0 ppid=4214 auid=4294967295 uid=0 gid=0 euid=0 suid=0 fsuid=0 egid=0 sgid=0 fsgid=0 ses=4294967295 tty=(none) exe="/system/bin/iptables" key=(null)
I/art     ( 4213): Explicit concurrent mark sweep GC freed 4514(158KB) AllocSpace objects, 0(0B) LOS objects, 40% free, 16MB/28MB, paused 225us total 9.737ms
I/Zygote  ( 4213): ...preloaded 430 resources in 379ms.
I/art     ( 4213): Explicit concurrent mark sweep GC freed 564(32KB) AllocSpace objects, 0(0B) LOS objects, 40% free, 16MB/28MB, paused 212us total 8.963ms
I/Zygote  ( 4213): ...preloaded 41 resources in 18ms.
I/art     ( 4213): Counter: 0
D/libEGL  ( 4213): loaded /vendor/lib/egl/libGLES_mali.so
I/Zygote  ( 4213): Preloading shared libraries...
D/Zygote  ( 4213): end preload
I/art     ( 4213): Explicit concurrent mark sweep GC freed 461(21KB) AllocSpace objects, 0(0B) LOS objects, 40% free, 16MB/28MB, paused 213us total 9.077ms
I/art     ( 4213): Explicit concurrent mark sweep GC freed 41(1568B) AllocSpace objects, 0(0B) LOS objects, 40% free, 16MB/28MB, paused 280us total 8.735ms
I/art     ( 4213): Explicit concurrent mark sweep GC freed 5(160B) AllocSpace objects, 0(0B) LOS objects, 40% free, 16MB/28MB, paused 202us total 8.588ms
I/Zygote  ( 4213): System server process 4383 has been created
I/Zygote  ( 4213): Accepting command socket connections
I/InstallerConnection( 4383): disconnecting...
I/SystemServer( 4383): Entered the Android system server!
V/Fingerprint-JNI( 4383): FingerprintManager JNI ready.
I/        ( 4383): System server: starting sensor init.
D/SensorService( 4383): nuSensorService starting...
E/Sensors ( 4383): GeoMagneticSensor, ERROR dev_num = -19
I/SystemServiceManager( 4383): Starting com.android.server.pm.Installer
I/Installer( 4383): Waiting for installd to be ready.
I/InstallerConnection( 4383): connecting...
I/installd( 3683): new connection
I/SystemServiceManager( 4383): Starting com.android.server.am.ActivityManagerService$Lifecycle
I/Sensors ( 4383): Proximity old sensor_state 0, new sensor_state : 128 en : 1
I/Sensors ( 4383): Light old sensor_state 128, new sensor_state : 640 en : 1
E/Sensors ( 4383): UncalMagneticSensor, ERROR dev_num = -19
I/Sensors ( 4383): SigMotionSensor old sensor_state 640, new sensor_state : 8832 en : 1
E/Sensors ( 4383): UncalGyroSensor, ERROR dev_num = -19
E/Sensors ( 4383): GameRotationVector, ERROR dev_num = -19
I/Sensors ( 4383): StepCounterSensor old sensor_state 8832, new sensor_state : 139904 en : 1
I/ActivityManager( 4383): Memory class: 192
D/Sensors ( 4383): HrmSpO2Sensor::HrmSpO2Sensor: Shared version Registered 
E/SensorService( 4383): >>>> WARNING <<< Upgrade sensor HAL to version 1_3
I/Sensors ( 4383): Proximity old sensor_state 139904, new sensor_state : 139776 en : 0
I/ServiceThread( 4383): Enabled StrictMode logging for ActivityManager looper.
I/Sensors ( 4383): Light old sensor_state 139776, new sensor_state : 139264 en : 0
I/Sensors ( 4383): StepCounterSensor old sensor_state 139264, new sensor_state : 8192 en : 0
I/Sensors ( 4383): SigMotionSensor old sensor_state 8192, new sensor_state : 0 en : 0
I/Sensors ( 4383): HrmSpO2Sensor::enable, handle(16), en(0), what(1/0:aosphrm,1:sshrm, old enabled : 0)
I/Sensors ( 4383): HrmSpO2Sensor is already disabled or have to keep enabled, mEnabled : 0x0, en : 0
I/Sensors ( 4383): HrmSpO2Sensor::enable, handle(17), en(0), what(0/0:aosphrm,1:sshrm, old enabled : 0)
I/Sensors ( 4383): HrmSpO2Sensor is already disabled or have to keep enabled, mEnabled : 0x0, en : 0
I/Sensors ( 4383): HrmSpO2Sensor::enable, handle(18), en(0), what(2/0:aosphrm,1:sshrm, old enabled : 0)
I/Sensors ( 4383): HrmSpO2Sensor is already disabled or have to keep enabled, mEnabled : 0x0, en : 0
I/        ( 4383): System server: sensor init done.
D/SensorService( 4383): nuSensorService thread starting...
D/SensorService( 4383): new thread SensorEventAckReceiver
W/ProcessCpuTracker( 4383): Skipping unknown process pid 4427
V/NatController( 4214): runCmd(/system/bin/iptables -F natctrl_FORWARD) res=0
V/NatController( 4214): runCmd(/system/bin/iptables -A natctrl_FORWARD -j DROP) res=0
I/IntentFirewall( 4383): Read new rules (A:0 B:0 S:0)
V/NatController( 4214): runCmd(/system/bin/iptables -t nat -F natctrl_nat_POSTROUTING) res=0
V/NatController( 4214): runCmd(/system/bin/iptables -t nat -F natctrl_nat_PREROUTING) res=0
I/ServiceThread( 4383): Enabled StrictMode logging for android.ui looper.
I/ServiceThread( 4383): Enabled StrictMode logging for android.display looper.
D/AppOps  ( 4383): AppOpsService published
V/NatController( 4214): runCmd(/system/bin/iptables -F natctrl_tether_counters) res=0
I/SystemServiceManager( 4383): Starting com.android.server.power.PowerManagerService
I/ServiceThread( 4383): Enabled StrictMode logging for PowerManagerService looper.
D/SEC PowerHAL( 4383): sysfs_write +: /sys/devices/system/cpu/cpu0/cpufreq/interactive/multi_enter_load: 800
D/SEC PowerHAL( 4383): sysfs_write -: /sys/devices/system/cpu/cpu0/cpufreq/interactive/multi_enter_load: 800
D/SEC PowerHAL( 4383): sysfs_write +: /sys/devices/system/cpu/cpu0/cpufreq/interactive/single_enter_load: 200
D/SEC PowerHAL( 4383): sysfs_write -: /sys/devices/system/cpu/cpu0/cpufreq/interactive/single_enter_load: 200
D/SEC PowerHAL( 4383): sysfs_write +: /sys/devices/system/cpu/cpu0/cpufreq/interactive/param_index: 0
D/SEC PowerHAL( 4383): sysfs_write -: /sys/devices/system/cpu/cpu0/cpufreq/interactive/param_index: 0
D/SEC PowerHAL( 4383): sysfs_write +: /sys/devices/system/cpu/cpu0/cpufreq/interactive/timer_rate: 20000
D/SEC PowerHAL( 4383): sysfs_write -: /sys/devices/system/cpu/cpu0/cpufreq/interactive/timer_rate: 20000
D/SEC PowerHAL( 4383): sysfs_write +: /sys/devices/system/cpu/cpu0/cpufreq/interactive/timer_slack: 20000
D/SEC PowerHAL( 4383): sysfs_write -: /sys/devices/system/cpu/cpu0/cpufreq/interactive/timer_slack: 20000
D/SEC PowerHAL( 4383): sysfs_write +: /sys/devices/system/cpu/cpu0/cpufreq/interactive/min_sample_time: 40000
D/SEC PowerHAL( 4383): sysfs_write -: /sys/devices/system/cpu/cpu0/cpufreq/interactive/min_sample_time: 40000
D/SEC PowerHAL( 4383): sysfs_write +: /sys/devices/system/cpu/cpu0/cpufreq/interactive/hispeed_freq: 1000000
D/SEC PowerHAL( 4383): sysfs_write -: /sys/devices/system/cpu/cpu0/cpufreq/interactive/hispeed_freq: 1000000
D/SEC PowerHAL( 4383): sysfs_write +: /sys/devices/system/cpu/cpu0/cpufreq/interactive/go_hispeed_load: 99
D/SEC PowerHAL( 4383): sysfs_write -: /sys/devices/system/cpu/cpu0/cpufreq/interactive/go_hispeed_load: 99
D/SEC PowerHAL( 4383): sysfs_write +: /sys/devices/system/cpu/cpu0/cpufreq/interactive/target_loads: 70
D/SEC PowerHAL( 4383): sysfs_write -: /sys/devices/system/cpu/cpu0/cpufreq/interactive/target_loads: 70
D/SEC PowerHAL( 4383): sysfs_write +: /sys/devices/system/cpu/cpu0/cpufreq/interactive/above_hispeed_delay: 19000
D/SEC PowerHAL( 4383): sysfs_write -: /sys/devices/system/cpu/cpu0/cpufreq/interactive/above_hispeed_delay: 19000
D/SEC PowerHAL( 4383): sysfs_write +: /sys/devices/system/cpu/cpu0/cpufreq/interactive/boostpulse_duration: 40000
D/SEC PowerHAL( 4383): sysfs_write -: /sys/devices/system/cpu/cpu0/cpufreq/interactive/boostpulse_duration: 40000
D/SEC PowerHAL( 4383): sysfs_write +: /sys/devices/system/cpu/cpu4/cpufreq/interactive/multi_enter_load: 360
D/SEC PowerHAL( 4383): sysfs_write -: /sys/devices/system/cpu/cpu4/cpufreq/interactive/multi_enter_load: 360
D/SEC PowerHAL( 4383): sysfs_write +: /sys/devices/system/cpu/cpu4/cpufreq/interactive/multi_enter_time: 99000
D/SEC PowerHAL( 4383): sysfs_write -: /sys/devices/system/cpu/cpu4/cpufreq/interactive/multi_enter_time: 99000
D/SEC PowerHAL( 4383): sysfs_write +: /sys/devices/system/cpu/cpu4/cpufreq/interactive/multi_exit_load: 240
D/SEC PowerHAL( 4383): sysfs_write -: /sys/devices/system/cpu/cpu4/cpufreq/interactive/multi_exit_load: 240
D/SEC PowerHAL( 4383): sysfs_write +: /sys/devices/system/cpu/cpu4/cpufreq/interactive/multi_exit_time: 299000
D/SEC PowerHAL( 4383): sysfs_write -: /sys/devices/system/cpu/cpu4/cpufreq/interactive/multi_exit_time: 299000
D/SEC PowerHAL( 4383): sysfs_write +: /sys/devices/system/cpu/cpu4/cpufreq/interactive/single_enter_load: 95
D/SEC PowerHAL( 4383): sysfs_write -: /sys/devices/system/cpu/cpu4/cpufreq/interactive/single_enter_load: 95
D/SEC PowerHAL( 4383): sysfs_write +: /sys/devices/system/cpu/cpu4/cpufreq/interactive/single_enter_time: 199000
D/SEC PowerHAL( 4383): sysfs_write -: /sys/devices/system/cpu/cpu4/cpufreq/interactive/single_enter_time: 199000
D/SEC PowerHAL( 4383): sysfs_write +: /sys/devices/system/cpu/cpu4/cpufreq/interactive/single_exit_load: 60
D/SEC PowerHAL( 4383): sysfs_write -: /sys/devices/system/cpu/cpu4/cpufreq/interactive/single_exit_load: 60
D/SEC PowerHAL( 4383): sysfs_write +: /sys/devices/system/cpu/cpu4/cpufreq/interactive/single_exit_time: 99000
D/SEC PowerHAL( 4383): sysfs_write -: /sys/devices/system/cpu/cpu4/cpufreq/interactive/single_exit_time: 99000
D/SEC PowerHAL( 4383): sysfs_write +: /sys/devices/system/cpu/cpu4/cpufreq/interactive/param_index: 0
D/SEC PowerHAL( 4383): sysfs_write -: /sys/devices/system/cpu/cpu4/cpufreq/interactive/param_index: 0
D/SEC PowerHAL( 4383): sysfs_write +: /sys/devices/system/cpu/cpu4/cpufreq/interactive/timer_rate: 20000
D/SEC PowerHAL( 4383): sysfs_write -: /sys/devices/system/cpu/cpu4/cpufreq/interactive/timer_rate: 20000
D/SEC PowerHAL( 4383): sysfs_write +: /sys/devices/system/cpu/cpu4/cpufreq/interactive/timer_slack: 20000
D/SEC PowerHAL( 4383): sysfs_write -: /sys/devices/system/cpu/cpu4/cpufreq/interactive/timer_slack: 20000
D/SEC PowerHAL( 4383): sysfs_write +: /sys/devices/system/cpu/cpu4/cpufreq/interactive/min_sample_time: 40000
D/SEC PowerHAL( 4383): sysfs_write -: /sys/devices/system/cpu/cpu4/cpufreq/interactive/min_sample_time: 40000
D/SEC PowerHAL( 4383): sysfs_write +: /sys/devices/system/cpu/cpu4/cpufreq/interactive/hispeed_freq: 1000000
D/SEC PowerHAL( 4383): sysfs_write -: /sys/devices/system/cpu/cpu4/cpufreq/interactive/hispeed_freq: 1000000
D/SEC PowerHAL( 4383): sysfs_write +: /sys/devices/system/cpu/cpu4/cpufreq/interactive/go_hispeed_load: 99
D/SEC PowerHAL( 4383): sysfs_write -: /sys/devices/system/cpu/cpu4/cpufreq/interactive/go_hispeed_load: 99
D/SEC PowerHAL( 4383): sysfs_write +: /sys/devices/system/cpu/cpu4/cpufreq/interactive/target_loads: 75 1500000:80 1700000:85 1800000:90
D/SEC PowerHAL( 4383): sysfs_write -: /sys/devices/system/cpu/cpu4/cpufreq/interactive/target_loads: 75 1500000:80 1700000:85 1800000:90
D/SEC PowerHAL( 4383): sysfs_write +: /sys/devices/system/cpu/cpu4/cpufreq/interactive/above_hispeed_delay: 19000 1100000:99000 1200000:119000 1700000:19000
D/SEC PowerHAL( 4383): sysfs_write -: /sys/devices/system/cpu/cpu4/cpufreq/interactive/above_hispeed_delay: 19000 1100000:99000 1200000:119000 1700000:19000
D/SEC PowerHAL( 4383): sysfs_write +: /sys/devices/system/cpu/cpu4/cpufreq/interactive/boostpulse_duration: 40000
D/SEC PowerHAL( 4383): sysfs_write -: /sys/devices/system/cpu/cpu4/cpufreq/interactive/boostpulse_duration: 40000
D/SEC PowerHAL( 4383): sysfs_write +: /sys/devices/system/cpu/cpu4/cpufreq/interactive/param_index: 1
D/SEC PowerHAL( 4383): sysfs_write -: /sys/devices/system/cpu/cpu4/cpufreq/interactive/param_index: 1
D/SEC PowerHAL( 4383): sysfs_write +: /sys/devices/system/cpu/cpu4/cpufreq/interactive/timer_rate: 20000
D/SEC PowerHAL( 4383): sysfs_write -: /sys/devices/system/cpu/cpu4/cpufreq/interactive/timer_rate: 20000
D/SEC PowerHAL( 4383): sysfs_write +: /sys/devices/system/cpu/cpu4/cpufreq/interactive/min_sample_time: 59000
D/SEC PowerHAL( 4383): sysfs_write -: /sys/devices/system/cpu/cpu4/cpufreq/interactive/min_sample_time: 59000
D/SEC PowerHAL( 4383): sysfs_write +: /sys/devices/system/cpu/cpu4/cpufreq/interactive/hispeed_freq: 1200000
D/SEC PowerHAL( 4383): sysfs_write -: /sys/devices/system/cpu/cpu4/cpufreq/interactive/hispeed_freq: 1200000
D/SEC PowerHAL( 4383): sysfs_write +: /sys/devices/system/cpu/cpu4/cpufreq/interactive/go_hispeed_load: 95
D/SEC PowerHAL( 4383): sysfs_write -: /sys/devices/system/cpu/cpu4/cpufreq/interactive/go_hispeed_load: 95
D/SEC PowerHAL( 4383): sysfs_write +: /sys/devices/system/cpu/cpu4/cpufreq/interactive/target_loads: 65 1400000:68 1700000:73
D/SEC PowerHAL( 4383): sysfs_write -: /sys/devices/system/cpu/cpu4/cpufreq/interactive/target_loads: 65 1400000:68 1700000:73
D/SEC PowerHAL( 4383): sysfs_write +: /sys/devices/system/cpu/cpu4/cpufreq/interactive/above_hispeed_delay: 19000
D/SEC PowerHAL( 4383): sysfs_write -: /sys/devices/system/cpu/cpu4/cpufreq/interactive/above_hispeed_delay: 19000
D/SEC PowerHAL( 4383): sysfs_write +: /sys/devices/system/cpu/cpu4/cpufreq/interactive/param_index: 2
D/SEC PowerHAL( 4383): sysfs_write -: /sys/devices/system/cpu/cpu4/cpufreq/interactive/param_index: 2
D/SEC PowerHAL( 4383): sysfs_write +: /sys/devices/system/cpu/cpu4/cpufreq/interactive/timer_rate: 20000
V/NatController( 4214): runCmd(/system/bin/iptables -X natctrl_tether_counters) res=0
D/SEC PowerHAL( 4383): sysfs_write -: /sys/devices/system/cpu/cpu4/cpufreq/interactive/timer_rate: 20000
D/SEC PowerHAL( 4383): sysfs_write +: /sys/devices/system/cpu/cpu4/cpufreq/interactive/min_sample_time: 79000
D/SEC PowerHAL( 4383): sysfs_write -: /sys/devices/system/cpu/cpu4/cpufreq/interactive/min_sample_time: 79000
D/SEC PowerHAL( 4383): sysfs_write +: /sys/devices/system/cpu/cpu4/cpufreq/interactive/hispeed_freq: 1400000
D/SEC PowerHAL( 4383): sysfs_write -: /sys/devices/system/cpu/cpu4/cpufreq/interactive/hispeed_freq: 1400000
D/SEC PowerHAL( 4383): sysfs_write +: /sys/devices/system/cpu/cpu4/cpufreq/interactive/go_hispeed_load: 90
D/SEC PowerHAL( 4383): sysfs_write -: /sys/devices/system/cpu/cpu4/cpufreq/interactive/go_hispeed_load: 90
D/SEC PowerHAL( 4383): sysfs_write +: /sys/devices/system/cpu/cpu4/cpufreq/interactive/target_loads: 60 1300000:63 1500000:65 1700000:70
D/SEC PowerHAL( 4383): sysfs_write -: /sys/devices/system/cpu/cpu4/cpufreq/interactive/target_loads: 60 1300000:63 1500000:65 1700000:70
D/SEC PowerHAL( 4383): sysfs_write +: /sys/devices/system/cpu/cpu4/cpufreq/interactive/above_hispeed_delay: 19000
D/SEC PowerHAL( 4383): sysfs_write -: /sys/devices/system/cpu/cpu4/cpufreq/interactive/above_hispeed_delay: 19000
D/SEC PowerHAL( 4383): sysfs_write +: /sys/devices/system/cpu/cpu4/cpufreq/interactive/param_index: 3
D/SEC PowerHAL( 4383): sysfs_write -: /sys/devices/system/cpu/cpu4/cpufreq/interactive/param_index: 3
D/SEC PowerHAL( 4383): sysfs_write +: /sys/devices/system/cpu/cpu4/cpufreq/interactive/timer_rate: 20000
D/SEC PowerHAL( 4383): sysfs_write -: /sys/devices/system/cpu/cpu4/cpufreq/interactive/timer_rate: 20000
D/SEC PowerHAL( 4383): sysfs_write +: /sys/devices/system/cpu/cpu4/cpufreq/interactive/min_sample_time: 99000
D/SEC PowerHAL( 4383): sysfs_write -: /sys/devices/system/cpu/cpu4/cpufreq/interactive/min_sample_time: 99000
D/SEC PowerHAL( 4383): sysfs_write +: /sys/devices/system/cpu/cpu4/cpufreq/interactive/hispeed_freq: 1600000
D/SEC PowerHAL( 4383): sysfs_write -: /sys/devices/system/cpu/cpu4/cpufreq/interactive/hispeed_freq: 1600000
D/SEC PowerHAL( 4383): sysfs_write +: /sys/devices/system/cpu/cpu4/cpufreq/interactive/go_hispeed_load: 85
D/SEC PowerHAL( 4383): sysfs_write -: /sys/devices/system/cpu/cpu4/cpufreq/interactive/go_hispeed_load: 85
D/SEC PowerHAL( 4383): sysfs_write +: /sys/devices/system/cpu/cpu4/cpufreq/interactive/target_loads: 60 1300000:63 1500000:65 1900000:70
D/SEC PowerHAL( 4383): sysfs_write -: /sys/devices/system/cpu/cpu4/cpufreq/interactive/target_loads: 60 1300000:63 1500000:65 1900000:70
D/SEC PowerHAL( 4383): sysfs_write +: /sys/devices/system/cpu/cpu4/cpufreq/interactive/above_hispeed_delay: 19000
D/SEC PowerHAL( 4383): sysfs_write -: /sys/devices/system/cpu/cpu4/cpufreq/interactive/above_hispeed_delay: 19000
D/SEC PowerHAL( 4383): sysfs_write +: /sys/devices/system/cpu/cpu4/cpufreq/interactive/param_index: 0
D/SEC PowerHAL( 4383): sysfs_write -: /sys/devices/system/cpu/cpu4/cpufreq/interactive/param_index: 0
W/libsuspend( 4383): Error writing 'on' to /sys/power/state: Invalid argument
I/libsuspend( 4383): Selected wakeup count
I/SystemServiceManager( 4383): Starting com.android.server.display.DisplayManagerService
I/SystemServiceManager( 4383): Starting phase 100
I/DisplayManagerService( 4383): Display device added: DisplayDeviceInfo{"Pantalla integrada": 1080 x 1920, 60.000004 fps, supportedRefreshRates [60.000004], density 480, 422.03 x 424.069 dpi, appVsyncOff 0, presDeadline 17666666, touch INTERNAL, rotation 0, type BUILT_IN, state UNKNOWN, FLAG_DEFAULT_DISPLAY, FLAG_ROTATES_WITH_CONTENT, FLAG_SECURE, FLAG_SUPPORTS_PROTECTED_BUFFERS}
I/SystemServer( 4383): Package Manager
V/NatController( 4214): runCmd(/system/bin/iptables -N natctrl_tether_counters) res=0
V/NatController( 4214): runCmd(/system/bin/iptables -t mangle -A natctrl_mangle_FORWARD -p tcp --tcp-flags SYN SYN -j TCPMSS --clamp-mss-to-pmtu) res=0
W/SELinuxMMAC( 4383): Error opening /data/system/seapp_hash. Assuming first boot.
W/PackageManager( 4383): No security bridge jar found, using default
W/SystemConfig( 4383): No directory /system/etc/sysconfig, skipping
W/auditd  ( 3693): type=1325 audit(0.0:342): table=filter family=2 entries=48
W/iptables( 4451): type=1300 audit(0.0:342): arch=40000028 syscall=294 per=800000 success=yes exit=0 a0=5 a1=0 a2=40 a3=b6c22000 items=0 ppid=4214 auid=4294967295 uid=0 gid=0 euid=0 suid=0 fsuid=0 egid=0 sgid=0 fsgid=0 ses=4294967295 tty=(none) exe="/system/bin/iptables" key=(null)
W/auditd  ( 3693): type=1320 audit(0.0:342): 
W/auditd  ( 3693): type=1325 audit(0.0:343): table=filter family=10 entries=45
W/ip6tables( 4452): type=1300 audit(0.0:343): arch=40000028 syscall=294 per=800000 success=yes exit=0 a0=5 a1=29 a2=40 a3=b6c24000 items=0 ppid=4214 auid=4294967295 uid=0 gid=0 euid=0 suid=0 fsuid=0 egid=0 sgid=0 fsgid=0 ses=4294967295 tty=(none) exe="/system/bin/ip6tables" key=(null)
W/auditd  ( 3693): type=1320 audit(0.0:343): 
W/auditd  ( 3693): type=1325 audit(0.0:344): table=filter family=2 entries=48
W/iptables( 4454): type=1300 audit(0.0:344): arch=40000028 syscall=294 per=800000 success=yes exit=0 a0=5 a1=0 a2=40 a3=b6c22000 items=0 ppid=4214 auid=4294967295 uid=0 gid=0 euid=0 suid=0 fsuid=0 egid=0 sgid=0 fsgid=0 ses=4294967295 tty=(none) exe="/system/bin/iptables" key=(null)
W/auditd  ( 3693): type=1320 audit(0.0:344): 
W/auditd  ( 3693): type=1325 audit(0.0:345): table=filter family=10 entries=45
W/ip6tables( 4455): type=1300 audit(0.0:345): arch=40000028 syscall=294 per=800000 success=yes exit=0 a0=5 a1=29 a2=40 a3=b6c24000 items=0 ppid=4214 auid=4294967295 uid=0 gid=0 euid=0 suid=0 fsuid=0 egid=0 sgid=0 fsgid=0 ses=4294967295 tty=(none) exe="/system/bin/ip6tables" key=(null)
W/auditd  ( 3693): type=1320 audit(0.0:345): 
D/SELinuxMMAC( 4383): Using policy file /system/etc/security/mac_permissions.xml
W/auditd  ( 3693): type=1325 audit(0.0:346): table=filter family=2 entries=48
W/iptables( 4456): type=1300 audit(0.0:346): arch=40000028 syscall=294 per=800000 success=yes exit=0 a0=5 a1=0 a2=40 a3=b6c22000 items=0 ppid=4214 auid=4294967295 uid=0 gid=0 euid=0 suid=0 fsuid=0 egid=0 sgid=0 fsgid=0 ses=4294967295 tty=(none) exe="/system/bin/iptables" key=(null)
W/auditd  ( 3693): type=1320 audit(0.0:346): 
W/auditd  ( 3693): type=1325 audit(0.0:347): table=filter family=10 entries=45
W/ip6tables( 4457): type=1300 audit(0.0:347): arch=40000028 syscall=294 per=800000 success=yes exit=0 a0=5 a1=29 a2=40 a3=b6c24000 items=0 ppid=4214 auid=4294967295 uid=0 gid=0 euid=0 suid=0 fsuid=0 egid=0 sgid=0 fsgid=0 ses=4294967295 tty=(none) exe="/system/bin/ip6tables" key=(null)
W/auditd  ( 3693): type=1320 audit(0.0:347): 
W/auditd  ( 3693): type=1325 audit(0.0:348): table=filter family=2 entries=48
W/iptables( 4458): type=1300 audit(0.0:348): arch=40000028 syscall=294 per=800000 success=yes exit=0 a0=5 a1=0 a2=40 a3=b6c22000 items=0 ppid=4214 auid=4294967295 uid=0 gid=0 euid=0 suid=0 fsuid=0 egid=0 sgid=0 fsgid=0 ses=4294967295 tty=(none) exe="/system/bin/iptables" key=(null)
E/art     ( 4383): DexFile_isDexOptNeeded file '/system/framework/com.android.nfc_extras.jar' does not exist
W/PackageManager( 4383): Library not found: /system/framework/com.android.nfc_extras.jar
E/SQLiteLog( 4383): (14) cannot open file at line 30046 of [9491ba7d73]
E/SQLiteLog( 4383): (14) os_unix.c:30046: (2) open(/data/data/com.android.providers.settings/databases/settings.db) - 
E/SQLiteDatabase( 4383): Failed to open database '/data/data/com.android.providers.settings/databases/settings.db'.
E/SQLiteDatabase( 4383): android.database.sqlite.SQLiteCantOpenDatabaseException: unknown error (code 14): Could not open database
E/SQLiteDatabase( 4383): 	at android.database.sqlite.SQLiteConnection.nativeOpen(Native Method)
E/SQLiteDatabase( 4383): 	at android.database.sqlite.SQLiteConnection.open(SQLiteConnection.java:209)
E/SQLiteDatabase( 4383): 	at android.database.sqlite.SQLiteConnection.open(SQLiteConnection.java:193)
E/SQLiteDatabase( 4383): 	at android.database.sqlite.SQLiteConnectionPool.openConnectionLocked(SQLiteConnectionPool.java:463)
E/SQLiteDatabase( 4383): 	at android.database.sqlite.SQLiteConnectionPool.open(SQLiteConnectionPool.java:185)
E/SQLiteDatabase( 4383): 	at android.database.sqlite.SQLiteConnectionPool.open(SQLiteConnectionPool.java:177)
E/SQLiteDatabase( 4383): 	at android.database.sqlite.SQLiteDatabase.openInner(SQLiteDatabase.java:806)
E/SQLiteDatabase( 4383): 	at android.database.sqlite.SQLiteDatabase.open(SQLiteDatabase.java:791)
E/SQLiteDatabase( 4383): 	at android.database.sqlite.SQLiteDatabase.openDatabase(SQLiteDatabase.java:694)
E/SQLiteDatabase( 4383): 	at android.database.sqlite.SQLiteDatabase.openDatabase(SQLiteDatabase.java:669)
E/SQLiteDatabase( 4383): 	at android.content.pm.ThemeUtils.getBootThemeDirty(ThemeUtils.java:697)
E/SQLiteDatabase( 4383): 	at com.android.server.pm.PackageManagerService.<init>(PackageManagerService.java:1654)
E/SQLiteDatabase( 4383): 	at com.android.server.pm.PackageManagerService.main(PackageManagerService.java:1352)
E/SQLiteDatabase( 4383): 	at com.android.server.SystemServer.startBootstrapServices(SystemServer.java:376)
E/SQLiteDatabase( 4383): 	at com.android.server.SystemServer.run(SystemServer.java:282)
E/SQLiteDatabase( 4383): 	at com.android.server.SystemServer.main(SystemServer.java:185)
E/SQLiteDatabase( 4383): 	at java.lang.reflect.Method.invoke(Native Method)
E/SQLiteDatabase( 4383): 	at java.lang.reflect.Method.invoke(Method.java:372)
E/SQLiteDatabase( 4383): 	at com.android.internal.os.ZygoteInit$MethodAndArgsCaller.run(ZygoteInit.java:898)
E/SQLiteDatabase( 4383): 	at com.android.internal.os.ZygoteInit.main(ZygoteInit.java:693)
W/ThemeUtils( 4383): Unable to open /data/data/com.android.providers.settings/databases/settings.db
W/ThemeUtils( 4383): android.database.sqlite.SQLiteCantOpenDatabaseException: unknown error (code 14): Could not open database
W/ThemeUtils( 4383): 	at android.database.sqlite.SQLiteConnection.nativeOpen(Native Method)
W/ThemeUtils( 4383): 	at android.database.sqlite.SQLiteConnection.open(SQLiteConnection.java:209)
W/ThemeUtils( 4383): 	at android.database.sqlite.SQLiteConnection.open(SQLiteConnection.java:193)
W/ThemeUtils( 4383): 	at android.database.sqlite.SQLiteConnectionPool.openConnectionLocked(SQLiteConnectionPool.java:463)
W/ThemeUtils( 4383): 	at android.database.sqlite.SQLiteConnectionPool.open(SQLiteConnectionPool.java:185)
W/ThemeUtils( 4383): 	at android.database.sqlite.SQLiteConnectionPool.open(SQLiteConnectionPool.java:177)
W/ThemeUtils( 4383): 	at android.database.sqlite.SQLiteDatabase.openInner(SQLiteDatabase.java:806)
W/ThemeUtils( 4383): 	at android.database.sqlite.SQLiteDatabase.open(SQLiteDatabase.java:791)
W/ThemeUtils( 4383): 	at android.database.sqlite.SQLiteDatabase.openDatabase(SQLiteDatabase.java:694)
W/ThemeUtils( 4383): 	at android.database.sqlite.SQLiteDatabase.openDatabase(SQLiteDatabase.java:669)
W/ThemeUtils( 4383): 	at android.content.pm.ThemeUtils.getBootThemeDirty(ThemeUtils.java:697)
W/ThemeUtils( 4383): 	at com.android.server.pm.PackageManagerService.<init>(PackageManagerService.java:1654)
W/ThemeUtils( 4383): 	at com.android.server.pm.PackageManagerService.main(PackageManagerService.java:1352)
W/ThemeUtils( 4383): 	at com.android.server.SystemServer.startBootstrapServices(SystemServer.java:376)
W/ThemeUtils( 4383): 	at com.android.server.SystemServer.run(SystemServer.java:282)
W/ThemeUtils( 4383): 	at com.android.server.SystemServer.main(SystemServer.java:185)
W/ThemeUtils( 4383): 	at java.lang.reflect.Method.invoke(Native Method)
W/ThemeUtils( 4383): 	at java.lang.reflect.Method.invoke(Method.java:372)
W/ThemeUtils( 4383): 	at com.android.internal.os.ZygoteInit$MethodAndArgsCaller.run(ZygoteInit.java:898)
W/ThemeUtils( 4383): 	at com.android.internal.os.ZygoteInit.main(ZygoteInit.java:693)
D/PackageManager( 4383): No files in app dir /vendor/overlay
W/PackageManager( 4383): Failed to parse /system/framework/arm: Missing base APK in /system/framework/arm
I/PackageManager( 4383): /system/framework/framework-res.apk changed; collecting certs
I/iptables( 4214): iptables: Chain already exists.
I/iptables( 4214): iptables terminated by exit(1)
E/BandwidthController( 4214): runIptablesCmd(): res=1 status=256 failed /system/bin/iptables -N bw_VIDEOCALL
I/ip6tables( 4214): ip6tables: Chain already exists.
I/ip6tables( 4214): ip6tables terminated by exit(1)
E/BandwidthController( 4214): runIptablesCmd(): res=1 status=256 failed /system/bin/ip6tables -N bw_VIDEOCALL
