V/NatController( 5558): runCmd(/system/bin/iptables -t mangle -A natctrl_mangle_FORWARD -p tcp --tcp-flags SYN SYN -j TCPMSS --clamp-mss-to-pmtu) res=0
I/ServiceManager( 3571): service 'media.audio_flinger' died
W/init    ( 5760): type=1400 audit(0.0:1749): avc: denied { entrypoint } for path="/system/bin/auditd" dev="mmcblk0p18" ino=173 scontext=u:r:logd:s0 tcontext=u:object_r:system_file:s0 tclass=file
W/init    ( 5760): type=1300 audit(0.0:1749): arch=40000028 syscall=11 per=800000 success=no exit=-13 a0=b6d80954 a1=b6d69530 a2=57e64 a3=ff0000 items=1 ppid=1 auid=4294967295 uid=0 gid=0 euid=0 suid=0 fsuid=0 egid=0 sgid=0 fsgid=0 ses=4294967295 tty=(none) exe="/init" subj=u:r:init:s0 key=(null)
W/auditd  ( 3592): type=1307 audit(0.0:1749): cwd="/"
W/auditd  ( 3592): type=1302 audit(0.0:1749): item=0 name="/system/bin/auditd" inode=173 dev=103:0a mode=0100755 ouid=0 ogid=2000 rdev=00:00 obj=u:object_r:system_file:s0
W/auditd  ( 3592): type=1320 audit(0.0:1749): 
I/Netd    ( 5761): Netd 1.0 starting
E/Netd    ( 5761): Failed to open /proc/sys/net/ipv6/conf/default/accept_ra_rt_table: No such file or directory
E/Netd    ( 5761): Failed to open /proc/sys/net/ipv6/conf/ip6tnl0/accept_ra_rt_table: No such file or directory
E/Netd    ( 5761): Failed to open /proc/sys/net/ipv6/conf/lo/accept_ra_rt_table: No such file or directory
E/Netd    ( 5761): Failed to open /proc/sys/net/ipv6/conf/rmnet0/accept_ra_rt_table: No such file or directory
E/Netd    ( 5761): Failed to open /proc/sys/net/ipv6/conf/rmnet1/accept_ra_rt_table: No such file or directory
E/Netd    ( 5761): Failed to open /proc/sys/net/ipv6/conf/rmnet2/accept_ra_rt_table: No such file or directory
E/Netd    ( 5761): Failed to open /proc/sys/net/ipv6/conf/rmnet3/accept_ra_rt_table: No such file or directory
E/Netd    ( 5761): Failed to open /proc/sys/net/ipv6/conf/sit0/accept_ra_rt_table: No such file or directory
W/auditd  ( 3592): type=1325 audit(0.0:1750): table=filter family=2 entries=38
W/iptables( 5767): type=1300 audit(0.0:1750): arch=40000028 syscall=294 per=800000 success=yes exit=0 a0=4 a1=0 a2=40 a3=b6c25000 items=0 ppid=5761 auid=4294967295 uid=0 gid=0 euid=0 suid=0 fsuid=0 egid=0 sgid=0 fsgid=0 ses=4294967295 tty=(none) exe="/system/bin/iptables" subj=u:r:netd:s0 key=(null)
W/auditd  ( 3592): type=1320 audit(0.0:1750): 
W/auditd  ( 3592): type=1325 audit(0.0:1751): table=filter family=10 entries=37
W/ip6tables( 5768): type=1300 audit(0.0:1751): arch=40000028 syscall=294 per=800000 success=yes exit=0 a0=4 a1=29 a2=40 a3=b6c28000 items=0 ppid=5761 auid=4294967295 uid=0 gid=0 euid=0 suid=0 fsuid=0 egid=0 sgid=0 fsgid=0 ses=4294967295 tty=(none) exe="/system/bin/ip6tables" subj=u:r:netd:s0 key=(null)
W/auditd  ( 3592): type=1320 audit(0.0:1751): 
W/auditd  ( 3592): type=1325 audit(0.0:1752): table=filter family=2 entries=37
W/iptables( 5769): type=1300 audit(0.0:1752): arch=40000028 syscall=294 per=800000 success=yes exit=0 a0=4 a1=0 a2=40 a3=b6c22000 items=0 ppid=5761 auid=4294967295 uid=0 gid=0 euid=0 suid=0 fsuid=0 egid=0 sgid=0 fsgid=0 ses=4294967295 tty=(none) exe="/system/bin/iptables" subj=u:r:netd:s0 key=(null)
W/auditd  ( 3592): type=1320 audit(0.0:1752): 
I/SurfaceFlinger( 5763): SurfaceFlinger is starting
I/SurfaceFlinger( 5763): SurfaceFlinger's main thread ready to run. Initializing graphics H/W...
W/auditd  ( 3592): type=1325 audit(0.0:1753): table=filter family=10 entries=36
W/ip6tables( 5772): type=1300 audit(0.0:1753): arch=40000028 syscall=294 per=800000 success=yes exit=0 a0=4 a1=29 a2=40 a3=b6c23000 items=0 ppid=5761 auid=4294967295 uid=0 gid=0 euid=0 suid=0 fsuid=0 egid=0 sgid=0 fsgid=0 ses=4294967295 tty=(none) exe="/system/bin/ip6tables" subj=u:r:netd:s0 key=(null)
W/auditd  ( 3592): type=1320 audit(0.0:1753): 
W/auditd  ( 3592): type=1325 audit(0.0:1754): table=filter family=2 entries=37
W/iptables( 5775): type=1300 audit(0.0:1754): arch=40000028 syscall=294 per=800000 success=yes exit=0 a0=4 a1=0 a2=40 a3=b6c22000 items=0 ppid=5761 auid=4294967295 uid=0 gid=0 euid=0 suid=0 fsuid=0 egid=0 sgid=0 fsgid=0 ses=4294967295 tty=(none) exe="/system/bin/iptables" subj=u:r:netd:s0 key=(null)
W/auditd  ( 3592): type=1320 audit(0.0:1754): 
D/libEGL  ( 5763): loaded /vendor/lib/egl/libGLES_mali.so
I/        ( 5763): PLATFORM VERSION : JB-MR-2
I/gralloc ( 5763): using (fd=12)
I/gralloc ( 5763): id           = 
I/gralloc ( 5763): xres         = 1080 px
I/gralloc ( 5763): yres         = 1920 px
I/gralloc ( 5763): xres_virtual = 1080 px
I/gralloc ( 5763): yres_virtual = 3840 px
I/gralloc ( 5763): bpp          = 32
I/gralloc ( 5763): r            = 16:8
I/gralloc ( 5763): g            =  8:8
I/gralloc ( 5763): b            =  0:8
I/gralloc ( 5763): width        = 65 mm (422.030762 dpi)
I/gralloc ( 5763): height       = 115 mm (424.069580 dpi)
I/gralloc ( 5763): refresh rate = 60.00 Hz
D/AndroidRuntime( 5766): 
D/AndroidRuntime( 5766): >>>>>> AndroidRuntime START com.android.internal.os.ZygoteInit <<<<<<
I/mediaserver( 5764): ServiceManager: 0xb61500c0
I/AudioFlinger( 5764): Using default 3000 mSec as standby time.
I/ServiceManager( 5764): Waiting for service batterystats...
D/AndroidRuntime( 5766): CheckJNI is OFF
I/art     ( 5766): option[0]=-Xzygote
I/art     ( 5766): option[1]=-Xstacktracefile:/data/anr/traces.txt
I/art     ( 5766): option[2]=exit
I/art     ( 5766): option[3]=vfprintf
I/art     ( 5766): option[4]=sensitiveThread
I/art     ( 5766): option[5]=-verbose:gc
I/art     ( 5766): option[6]=-Xms8m
I/art     ( 5766): option[7]=-Xmx512m
I/art     ( 5766): option[8]=-XX:mainThreadStackSize=24K
I/art     ( 5766): option[9]=-XX:HeapGrowthLimit=128m
I/art     ( 5766): option[10]=-XX:HeapMinFree=2m
I/art     ( 5766): option[11]=-XX:HeapMaxFree=8m
I/art     ( 5766): option[12]=-XX:HeapTargetUtilization=0.75
I/art     ( 5766): option[13]=-agentlib:jdwp=transport=dt_android_adb,suspend=n,server=y
I/art     ( 5766): option[14]=-Xlockprofthreshold:500
I/art     ( 5766): option[15]=-Ximage-compiler-option
I/art     ( 5766): option[16]=--runtime-arg
I/art     ( 5766): option[17]=-Ximage-compiler-option
I/art     ( 5766): option[18]=-Xms64m
I/art     ( 5766): option[19]=-Ximage-compiler-option
I/art     ( 5766): option[20]=--runtime-arg
I/art     ( 5766): option[21]=-Ximage-compiler-option
I/art     ( 5766): option[22]=-Xmx64m
I/art     ( 5766): option[23]=-Ximage-compiler-option
I/art     ( 5766): option[24]=--image-classes-zip=/system/framework/framework.jar
I/art     ( 5766): option[25]=-Ximage-compiler-option
I/art     ( 5766): option[26]=--image-classes=preloaded-classes
I/art     ( 5766): option[27]=-Xcompiler-option
I/art     ( 5766): option[28]=--runtime-arg
I/art     ( 5766): option[29]=-Xcompiler-option
I/art     ( 5766): option[30]=-Xms64m
I/art     ( 5766): option[31]=-Xcompiler-option
I/art     ( 5766): option[32]=--runtime-arg
I/art     ( 5766): option[33]=-Xcompiler-option
I/art     ( 5766): option[34]=-Xmx512m
I/art     ( 5766): option[35]=-Duser.language=es
I/art     ( 5766): option[36]=-Duser.region=US
I/art     ( 5766): Pruning dalvik-cache since we are generating an image and will need to recompile
W/art     ( 5766): Unexpected file type of 
W/art     ( 5766):  encountered.
I/art     ( 5766): Using an offset of 0xff13b000 from default art base address of 0x70000000
I/art     ( 5766): GenerateImage: /system/bin/dex2oat --image=/data/dalvik-cache/arm/system@framework@boot.art --dex-file=/system/framework/core-libart.jar --dex-file=/system/framework/conscrypt.jar --dex-file=/system/framework/okhttp.jar --dex-file=/system/framework/core-junit.jar --dex-file=/system/framework/bouncycastle.jar --dex-file=/system/framework/ext.jar --dex-file=/system/framework/framework.jar --dex-file=/system/framework/telephony-common.jar --dex-file=/system/framework/voip-common.jar --dex-file=/system/framework/ims-common.jar --dex-file=/system/framework/mms-common.jar --dex-file=/system/framework/android.policy.jar --dex-file=/system/framework/apache-xml.jar --oat-file=/data/dalvik-cache/arm/system@framework@boot.oat --instruction-set=arm --instruction-set-features=div --base=0x6f13b000 --runtime-arg -Xms64m --runtime-arg -Xmx64m --image-classes-zip=/system/framework/framework.jar --image-classes=preloaded-classes
W/art     ( 5766): Unexpected file type of 
W/art     ( 5766):  encountered.
W/art     ( 5766): Could not create image space with image file '/system/framework/boot.art'. Attempting to fall back to imageless running. Error was: Failed to generate image '/data/dalvik-cache/arm/system@framework@boot.art': Failed execv(/system/bin/dex2oat --image=/data/dalvik-cache/arm/system@framework@boot.art --dex-file=/system/framework/core-libart.jar --dex-file=/system/framework/conscrypt.jar --dex-file=/system/framework/okhttp.jar --dex-file=/system/framework/core-junit.jar --dex-file=/system/framework/bouncycastle.jar --dex-file=/system/framework/ext.jar --dex-file=/system/framework/framework.jar --dex-file=/system/framework/telephony-common.jar --dex-file=/system/framework/voip-common.jar --dex-file=/system/framework/ims-common.jar --dex-file=/system/framework/mms-common.jar --dex-file=/system/framework/android.policy.jar --dex-file=/system/framework/apache-xml.jar --oat-file=/data/dalvik-cache/arm/system@framework@boot.oat --instruction-set=arm --instruction-set-features=div --base=0x6f13b000 --runtime-arg -Xms64
D/hwcomposer( 5763): using
D/hwcomposer( 5763): xres         = 1080 px
D/hwcomposer( 5763): yres         = 1920 px
D/hwcomposer( 5763): width        = 65 mm (422.030000 dpi)
D/hwcomposer( 5763): height       = 115 mm (424.069000 dpi)
D/hwcomposer( 5763): refresh rate = 60 Hz
D/libexynosv4l2-subdev( 5763): try node: /dev/v4l-subdev0
D/libexynosv4l2-subdev( 5763): try node: /dev/v4l-subdev1
D/libexynosv4l2-subdev( 5763): try node: /dev/v4l-subdev2
I/libexynosv4l2-subdev( 5763): node found for device s5p-mixer0: /dev/v4l-subdev2
I/libexynosv4l2-subdev( 5763): open subdev device /dev/v4l-subdev2
I/hwcomposer( 5763): PSR info devname = /sys/devices/14400000.fimd_fb/psr_info
I/hwcomposer( 5763): PSR mode is 2(0: video mode, 1: DP PSR mode, 2: MIPI-DSI command mode)
I/SurfaceFlinger( 5763): Using composer version 1.3
I/SurfaceFlinger( 5763): EGL information:
I/SurfaceFlinger( 5763): vendor    : Android
I/SurfaceFlinger( 5763): version   : 1.4 Android META-EGL
I/SurfaceFlinger( 5763): extensions: EGL_KHR_get_all_proc_addresses EGL_ANDROID_presentation_time EGL_KHR_image EGL_KHR_image_base EGL_KHR_gl_texture_2D_image EGL_KHR_gl_texture_cubemap_image EGL_KHR_gl_renderbuffer_image EGL_KHR_fence_sync EGL_KHR_create_context EGL_ANDROID_image_native_buffer EGL_KHR_wait_sync EGL_ANDROID_recordable 
I/SurfaceFlinger( 5763): Client API: OpenGL_ES
I/SurfaceFlinger( 5763): EGLSurface: 8-8-8-8, config=0xb6acf2ac
I/SurfaceFlinger( 5763): OpenGL ES informations:
I/SurfaceFlinger( 5763): vendor    : ARM
I/SurfaceFlinger( 5763): renderer  : Mali-T628
I/SurfaceFlinger( 5763): version   : OpenGL ES 3.0
I/SurfaceFlinger( 5763): extensions: GL_EXT_debug_marker GL_ARM_rgba8 GL_ARM_mali_shader_binary GL_OES_depth24 GL_OES_depth_texture GL_OES_depth_texture_cube_map GL_OES_packed_depth_stencil GL_OES_rgb8_rgba8 GL_EXT_read_format_bgra GL_OES_compressed_paletted_texture GL_OES_compressed_ETC1_RGB8_texture GL_OES_standard_derivatives GL_OES_EGL_image GL_OES_EGL_image_external GL_OES_EGL_sync GL_OES_texture_npot GL_OES_vertex_half_float GL_OES_required_internalformat GL_OES_vertex_array_object GL_OES_mapbuffer GL_EXT_texture_format_BGRA8888 GL_EXT_texture_rg GL_EXT_texture_type_2_10_10_10_REV GL_OES_fbo_render_mipmap GL_OES_element_index_uint GL_EXT_shadow_samplers GL_OES_texture_compression_astc GL_KHR_texture_compression_astc_ldr GL_KHR_texture_compression_astc_hdr GL_KHR_debug GL_EXT_occlusion_query_boolean GL_EXT_blend_minmax GL_EXT_discard_framebuffer GL_OES_get_program_binary GL_OES_texture_3D GL_EXT_texture_storage GL_EXT_multisampled_render_to_texture GL_OES_surfaceless_context GL_ARM_mali_program_binary 
I/SurfaceFlinger( 5763): GL_MAX_TEXTURE_SIZE = 8192
I/SurfaceFlinger( 5763): GL_MAX_VIEWPORT_DIMS = 8192
E/libEGL  ( 5763): eglQuerySurface:607 error 300d (EGL_BAD_SURFACE)
E/libEGL  ( 5763): eglQuerySurface:607 error 300d (EGL_BAD_SURFACE)
E/libEGL  ( 5763): call to OpenGL ES API with no current context (logged once per thread)
D/SurfaceFlinger( 5763): Set power mode=2, type=0 flinger=0xb6a62000
I/hwcomposer( 5763): int exynos5_blank(hwc_composer_device_1*, int, int):: disp(0), blank(0)
I/hwcomposer( 5763): unblank ioctl failed (display already unblanked)
E/libEGL  ( 5763): eglSwapBuffers:1071 error 300d (EGL_BAD_SURFACE)
F/SurfaceFlinger( 5763): eglSwapBuffers(0x1, 0x0) failed with 0x0000300d
F/libc    ( 5763): Fatal signal 6 (SIGABRT), code -6 in tid 5763 (surfaceflinger)
I/DEBUG   ( 3894): property debug.db.uid not set; NOT waiting for gdb.
I/DEBUG   ( 3894): HINT: adb shell setprop debug.db.uid 100000
I/DEBUG   ( 3894): HINT: adb forward tcp:5039 tcp:5039
I/DEBUG   ( 3894): *** *** *** *** *** *** *** *** *** *** *** *** *** *** *** ***
I/DEBUG   ( 3894): Build fingerprint: 'samsung/cm_k3gxx/k3gxx:5.0.2/LRX22G/ca2fb2b51d:userdebug/test-keys'
I/DEBUG   ( 3894): Revision: '10'
I/DEBUG   ( 3894): ABI: 'arm'
I/DEBUG   ( 3894): pid: 5763, tid: 5763, name: surfaceflinger  >>> /system/bin/surfaceflinger <<<
I/DEBUG   ( 3894): signal 6 (SIGABRT), code -6 (SI_TKILL), fault addr --------
I/DEBUG   ( 3894): Abort message: 'eglSwapBuffers(0x1, 0x0) failed with 0x0000300d'
I/DEBUG   ( 3894):     r0 00000000  r1 00001683  r2 00000006  r3 00000000
I/DEBUG   ( 3894):     r4 b6fcb114  r5 00000006  r6 0000000b  r7 0000010c
I/DEBUG   ( 3894):     r8 00000000  r9 be838bd0  sl b6a54210  fp be838bd0
I/DEBUG   ( 3894):     ip 00001683  sp be838650  lr b6f557b9  pc b6f794e4  cpsr 600f0010
I/DEBUG   ( 3894): 
I/DEBUG   ( 3894): backtrace:
I/DEBUG   ( 3894):     #00 pc 000384e4  /system/lib/libc.so (tgkill+12)
I/DEBUG   ( 3894):     #01 pc 000147b5  /system/lib/libc.so (pthread_kill+52)
I/DEBUG   ( 3894):     #02 pc 0001550b  /system/lib/libc.so (raise+10)
I/DEBUG   ( 3894):     #03 pc 00011c35  /system/lib/libc.so (__libc_android_abort+36)
I/DEBUG   ( 3894):     #04 pc 0000fcb8  /system/lib/libc.so (abort+4)
I/DEBUG   ( 3894):     #05 pc 00007739  /system/lib/libcutils.so (__android_log_assert+88)
I/DEBUG   ( 3894):     #06 pc 0000f4df  /system/lib/libsurfaceflinger.so
I/DEBUG   ( 3894):     #07 pc 0001b9fd  /system/lib/libsurfaceflinger.so
I/DEBUG   ( 3894):     #08 pc 0001abe7  /system/lib/libsurfaceflinger.so
I/DEBUG   ( 3894):     #09 pc 00019fc3  /system/lib/libsurfaceflinger.so
I/DEBUG   ( 3894):     #10 pc 00019d49  /system/lib/libsurfaceflinger.so
I/DEBUG   ( 3894):     #11 pc 00010ed3  /system/lib/libutils.so (android::Looper::pollInner(int)+410)
I/DEBUG   ( 3894):     #12 pc 00010fc5  /system/lib/libutils.so (android::Looper::pollOnce(int, int*, int*, void**)+92)
I/DEBUG   ( 3894):     #13 pc 000174c5  /system/lib/libsurfaceflinger.so
I/DEBUG   ( 3894):     #14 pc 0001993d  /system/lib/libsurfaceflinger.so (android::SurfaceFlinger::run()+8)
I/DEBUG   ( 3894):     #15 pc 0000083d  /system/bin/surfaceflinger
I/DEBUG   ( 3894):     #16 pc 0000fb75  /system/lib/libc.so (__libc_init+44)
I/DEBUG   ( 3894):     #17 pc 000008d8  /system/bin/surfaceflinger
W/auditd  ( 3592): type=1325 audit(0.0:1875): table=raw family=2 entries=8
W/iptables( 5907): type=1300 audit(0.0:1875): arch=40000028 syscall=294 per=800000 success=yes exit=0 a0=4 a1=0 a2=40 a3=b6c1ba00 items=0 ppid=5761 auid=4294967295 uid=0 gid=0 euid=0 suid=0 fsuid=0 egid=0 sgid=0 fsgid=0 ses=4294967295 tty=(none) exe="/system/bin/iptables" subj=u:r:netd:s0 key=(null)
W/auditd  ( 3592): type=1320 audit(0.0:1875): 
W/auditd  ( 3592): type=1325 audit(0.0:1876): table=raw family=10 entries=8
W/ip6tables( 5908): type=1300 audit(0.0:1876): arch=40000028 syscall=294 per=800000 success=yes exit=0 a0=4 a1=29 a2=40 a3=b6c32800 items=0 ppid=5761 auid=4294967295 uid=0 gid=0 euid=0 suid=0 fsuid=0 egid=0 sgid=0 fsgid=0 ses=4294967295 tty=(none) exe="/system/bin/ip6tables" subj=u:r:netd:s0 key=(null)
W/auditd  ( 3592): type=1320 audit(0.0:1876): 
W/auditd  ( 3592): type=1325 audit(0.0:1877): table=raw family=2 entries=8
W/iptables( 5909): type=1300 audit(0.0:1877): arch=40000028 syscall=294 per=800000 success=yes exit=0 a0=4 a1=0 a2=40 a3=b6c30100 items=0 ppid=5761 auid=4294967295 uid=0 gid=0 euid=0 suid=0 fsuid=0 egid=0 sgid=0 fsgid=0 ses=4294967295 tty=(none) exe="/system/bin/iptables" subj=u:r:netd:s0 key=(null)
W/auditd  ( 3592): type=1320 audit(0.0:1877): 
W/auditd  ( 3592): type=1325 audit(0.0:1878): table=raw family=10 entries=8
W/ip6tables( 5910): type=1300 audit(0.0:1878): arch=40000028 syscall=294 per=800000 success=yes exit=0 a0=4 a1=29 a2=40 a3=b6c32400 items=0 ppid=5761 auid=4294967295 uid=0 gid=0 euid=0 suid=0 fsuid=0 egid=0 sgid=0 fsgid=0 ses=4294967295 tty=(none) exe="/system/bin/ip6tables" subj=u:r:netd:s0 key=(null)
W/auditd  ( 3592): type=1320 audit(0.0:1878): 
W/auditd  ( 3592): type=1325 audit(0.0:1879): table=raw family=2 entries=6
W/iptables( 5911): type=1300 audit(0.0:1879): arch=40000028 syscall=294 per=800000 success=yes exit=0 a0=4 a1=0 a2=40 a3=b6c20400 items=0 ppid=5761 auid=4294967295 uid=0 gid=0 euid=0 suid=0 fsuid=0 egid=0 sgid=0 fsgid=0 ses=4294967295 tty=(none) exe="/system/bin/iptables" subj=u:r:netd:s0 key=(null)
W/auditd  ( 3592): type=1320 audit(0.0:1879): 
W/auditd  ( 3592): type=1325 audit(0.0:1880): table=raw family=10 entries=6
W/ip6tables( 5912): type=1300 audit(0.0:1880): arch=40000028 syscall=294 per=800000 success=yes exit=0 a0=4 a1=29 a2=40 a3=b6c31800 items=0 ppid=5761 auid=4294967295 uid=0 gid=0 euid=0 suid=0 fsuid=0 egid=0 sgid=0 fsgid=0 ses=4294967295 tty=(none) exe="/system/bin/ip6tables" subj=u:r:netd:s0 key=(null)
W/auditd  ( 3592): type=1320 audit(0.0:1880): 
W/auditd  ( 3592): type=1325 audit(0.0:1881): table=raw family=2 entries=8
W/iptables( 5913): type=1300 audit(0.0:1881): arch=40000028 syscall=294 per=800000 success=yes exit=0 a0=4 a1=0 a2=40 a3=b6c1ba00 items=0 ppid=5761 auid=4294967295 uid=0 gid=0 euid=0 suid=0 fsuid=0 egid=0 sgid=0 fsgid=0 ses=4294967295 tty=(none) exe="/system/bin/iptables" subj=u:r:netd:s0 key=(null)
I/ServiceManager( 5764): Waiting for service batterystats...
V/NatController( 5761): runCmd(/system/bin/iptables -F natctrl_FORWARD) res=0
V/NatController( 5761): runCmd(/system/bin/iptables -A natctrl_FORWARD -j DROP) res=0
V/NatController( 5761): runCmd(/system/bin/iptables -t nat -F natctrl_nat_POSTROUTING) res=0
V/NatController( 5761): runCmd(/system/bin/iptables -F natctrl_tether_counters) res=0
V/NatController( 5761): runCmd(/system/bin/iptables -X natctrl_tether_counters) res=0
I/DEBUG   ( 3894): 
I/DEBUG   ( 3894): Tombstone written to: /data/tombstones/tombstone_04
V/NatController( 5761): runCmd(/system/bin/iptables -N natctrl_tether_counters) res=0
V/NatController( 5761): runCmd(/system/bin/iptables -t mangle -A natctrl_mangle_FORWARD -p tcp --tcp-flags SYN SYN -j TCPMSS --clamp-mss-to-pmtu) res=0
I/ServiceManager( 3571): service 'SurfaceFlinger' died
I/ServiceManager( 3571): service 'Exynos.HWCService' died
I/ServiceManager( 3571): service 'media.wifi_display' died
I/ServiceManager( 3571): service 'media.audio_flinger' died
W/init    ( 5969): type=1400 audit(0.0:1934): avc: denied { entrypoint } for path="/system/bin/auditd" dev="mmcblk0p18" ino=173 scontext=u:r:logd:s0 tcontext=u:object_r:system_file:s0 tclass=file
W/init    ( 5969): type=1300 audit(0.0:1934): arch=40000028 syscall=11 per=800000 success=no exit=-13 a0=b6d80954 a1=b6d69530 a2=57e64 a3=ff0000 items=1 ppid=1 auid=4294967295 uid=0 gid=0 euid=0 suid=0 fsuid=0 egid=0 sgid=0 fsgid=0 ses=4294967295 tty=(none) exe="/init" subj=u:r:init:s0 key=(null)
W/auditd  ( 3592): type=1307 audit(0.0:1934): cwd="/"
W/auditd  ( 3592): type=1302 audit(0.0:1934): item=0 name="/system/bin/auditd" inode=173 dev=103:0a mode=0100755 ouid=0 ogid=2000 rdev=00:00 obj=u:object_r:system_file:s0
W/auditd  ( 3592): type=1320 audit(0.0:1934): 
I/Netd    ( 5970): Netd 1.0 starting
E/Netd    ( 5970): Failed to open /proc/sys/net/ipv6/conf/default/accept_ra_rt_table: No such file or directory
E/Netd    ( 5970): Failed to open /proc/sys/net/ipv6/conf/ip6tnl0/accept_ra_rt_table: No such file or directory
E/Netd    ( 5970): Failed to open /proc/sys/net/ipv6/conf/lo/accept_ra_rt_table: No such file or directory
E/Netd    ( 5970): Failed to open /proc/sys/net/ipv6/conf/rmnet0/accept_ra_rt_table: No such file or directory
E/Netd    ( 5970): Failed to open /proc/sys/net/ipv6/conf/rmnet1/accept_ra_rt_table: No such file or directory
E/Netd    ( 5970): Failed to open /proc/sys/net/ipv6/conf/rmnet2/accept_ra_rt_table: No such file or directory
E/Netd    ( 5970): Failed to open /proc/sys/net/ipv6/conf/rmnet3/accept_ra_rt_table: No such file or directory
E/Netd    ( 5970): Failed to open /proc/sys/net/ipv6/conf/sit0/accept_ra_rt_table: No such file or directory
W/auditd  ( 3592): type=1325 audit(0.0:1935): table=filter family=2 entries=38
W/iptables( 5976): type=1300 audit(0.0:1935): arch=40000028 syscall=294 per=800000 success=yes exit=0 a0=4 a1=0 a2=40 a3=b6c25000 items=0 ppid=5970 auid=4294967295 uid=0 gid=0 euid=0 suid=0 fsuid=0 egid=0 sgid=0 fsgid=0 ses=4294967295 tty=(none) exe="/system/bin/iptables" subj=u:r:netd:s0 key=(null)
W/auditd  ( 3592): type=1320 audit(0.0:1935): 
W/auditd  ( 3592): type=1325 audit(0.0:1936): table=filter family=10 entries=37
W/ip6tables( 5977): type=1300 audit(0.0:1936): arch=40000028 syscall=294 per=800000 success=yes exit=0 a0=4 a1=29 a2=40 a3=b6c28000 items=0 ppid=5970 auid=4294967295 uid=0 gid=0 euid=0 suid=0 fsuid=0 egid=0 sgid=0 fsgid=0 ses=4294967295 tty=(none) exe="/system/bin/ip6tables" subj=u:r:netd:s0 key=(null)
W/auditd  ( 3592): type=1320 audit(0.0:1936): 
W/auditd  ( 3592): type=1325 audit(0.0:1937): table=filter family=2 entries=37
W/iptables( 5978): type=1300 audit(0.0:1937): arch=40000028 syscall=294 per=800000 success=yes exit=0 a0=4 a1=0 a2=40 a3=b6c22000 items=0 ppid=5970 auid=4294967295 uid=0 gid=0 euid=0 suid=0 fsuid=0 egid=0 sgid=0 fsgid=0 ses=4294967295 tty=(none) exe="/system/bin/iptables" subj=u:r:netd:s0 key=(null)
W/auditd  ( 3592): type=1320 audit(0.0:1937): 
I/SurfaceFlinger( 5972): SurfaceFlinger is starting
I/SurfaceFlinger( 5972): SurfaceFlinger's main thread ready to run. Initializing graphics H/W...
W/auditd  ( 3592): type=1325 audit(0.0:1938): table=filter family=10 entries=36
W/ip6tables( 5979): type=1300 audit(0.0:1938): arch=40000028 syscall=294 per=800000 success=yes exit=0 a0=4 a1=29 a2=40 a3=b6c23000 items=0 ppid=5970 auid=4294967295 uid=0 gid=0 euid=0 suid=0 fsuid=0 egid=0 sgid=0 fsgid=0 ses=4294967295 tty=(none) exe="/system/bin/ip6tables" subj=u:r:netd:s0 key=(null)
W/auditd  ( 3592): type=1320 audit(0.0:1938): 
W/auditd  ( 3592): type=1325 audit(0.0:1939): table=filter family=2 entries=37
W/iptables( 5982): type=1300 audit(0.0:1939): arch=40000028 syscall=294 per=800000 success=yes exit=0 a0=4 a1=0 a2=40 a3=b6c22000 items=0 ppid=5970 auid=4294967295 uid=0 gid=0 euid=0 suid=0 fsuid=0 egid=0 sgid=0 fsgid=0 ses=4294967295 tty=(none) exe="/system/bin/iptables" subj=u:r:netd:s0 key=(null)
W/auditd  ( 3592): type=1320 audit(0.0:1939): 
D/libEGL  ( 5972): loaded /vendor/lib/egl/libGLES_mali.so
I/        ( 5972): PLATFORM VERSION : JB-MR-2
I/mediaserver( 5973): ServiceManager: 0xb60500c0
I/AudioFlinger( 5973): Using default 3000 mSec as standby time.
I/ServiceManager( 5973): Waiting for service batterystats...
D/AndroidRuntime( 5975): 
D/AndroidRuntime( 5975): >>>>>> AndroidRuntime START com.android.internal.os.ZygoteInit <<<<<<
D/AndroidRuntime( 5975): CheckJNI is OFF
I/art     ( 5975): option[0]=-Xzygote
I/gralloc ( 5972): using (fd=12)
I/gralloc ( 5972): id           = 
I/gralloc ( 5972): xres         = 1080 px
I/gralloc ( 5972): yres         = 1920 px
I/gralloc ( 5972): xres_virtual = 1080 px
I/gralloc ( 5972): yres_virtual = 3840 px
I/gralloc ( 5972): bpp          = 32
I/gralloc ( 5972): r            = 16:8
I/gralloc ( 5972): g            =  8:8
I/gralloc ( 5972): b            =  0:8
I/art     ( 5975): option[1]=-Xstacktracefile:/data/anr/traces.txt
I/art     ( 5975): option[2]=exit
I/gralloc ( 5972): width        = 65 mm (422.030762 dpi)
I/gralloc ( 5972): height       = 115 mm (424.069580 dpi)
I/gralloc ( 5972): refresh rate = 60.00 Hz
I/art     ( 5975): option[3]=vfprintf
I/art     ( 5975): option[4]=sensitiveThread
I/art     ( 5975): option[5]=-verbose:gc
I/art     ( 5975): option[6]=-Xms8m
I/art     ( 5975): option[7]=-Xmx512m
I/art     ( 5975): option[8]=-XX:mainThreadStackSize=24K
I/art     ( 5975): option[9]=-XX:HeapGrowthLimit=128m
I/art     ( 5975): option[10]=-XX:HeapMinFree=2m
I/art     ( 5975): option[11]=-XX:HeapMaxFree=8m
I/art     ( 5975): option[12]=-XX:HeapTargetUtilization=0.75
I/art     ( 5975): option[13]=-agentlib:jdwp=transport=dt_android_adb,suspend=n,server=y
I/art     ( 5975): option[14]=-Xlockprofthreshold:500
I/art     ( 5975): option[15]=-Ximage-compiler-option
I/art     ( 5975): option[16]=--runtime-arg
I/art     ( 5975): option[17]=-Ximage-compiler-option
I/art     ( 5975): option[18]=-Xms64m
I/art     ( 5975): option[19]=-Ximage-compiler-option
I/art     ( 5975): option[20]=--runtime-arg
I/art     ( 5975): option[21]=-Ximage-compiler-option
I/art     ( 5975): option[22]=-Xmx64m
I/art     ( 5975): option[23]=-Ximage-compiler-option
I/art     ( 5975): option[24]=--image-classes-zip=/system/framework/framework.jar
I/art     ( 5975): option[25]=-Ximage-compiler-option
I/art     ( 5975): option[26]=--image-classes=preloaded-classes
I/art     ( 5975): option[27]=-Xcompiler-option
I/art     ( 5975): option[28]=--runtime-arg
I/art     ( 5975): option[29]=-Xcompiler-option
I/art     ( 5975): option[30]=-Xms64m
I/art     ( 5975): option[31]=-Xcompiler-option
I/art     ( 5975): option[32]=--runtime-arg
I/art     ( 5975): option[33]=-Xcompiler-option
I/art     ( 5975): option[34]=-Xmx512m
I/art     ( 5975): option[35]=-Duser.language=es
I/art     ( 5975): option[36]=-Duser.region=US
I/art     ( 5975): Pruning dalvik-cache since we are generating an image and will need to recompile
W/art     ( 5975): Unexpected file type of 
W/art     ( 5975):  encountered.
I/art     ( 5975): Using an offset of 0xaad000 from default art base address of 0x70000000
I/art     ( 5975): GenerateImage: /system/bin/dex2oat --image=/data/dalvik-cache/arm/system@framework@boot.art --dex-file=/system/framework/core-libart.jar --dex-file=/system/framework/conscrypt.jar --dex-file=/system/framework/okhttp.jar --dex-file=/system/framework/core-junit.jar --dex-file=/system/framework/bouncycastle.jar --dex-file=/system/framework/ext.jar --dex-file=/system/framework/framework.jar --dex-file=/system/framework/telephony-common.jar --dex-file=/system/framework/voip-common.jar --dex-file=/system/framework/ims-common.jar --dex-file=/system/framework/mms-common.jar --dex-file=/system/framework/android.policy.jar --dex-file=/system/framework/apache-xml.jar --oat-file=/data/dalvik-cache/arm/system@framework@boot.oat --instruction-set=arm --instruction-set-features=div --base=0x70aad000 --runtime-arg -Xms64m --runtime-arg -Xmx64m --image-classes-zip=/system/framework/framework.jar --image-classes=preloaded-classes
W/art     ( 5975): Unexpected file type of 
W/art     ( 5975):  encountered.
W/art     ( 5975): Could not create image space with image file '/system/framework/boot.art'. Attempting to fall back to imageless running. Error was: Failed to generate image '/data/dalvik-cache/arm/system@framework@boot.art': Failed execv(/system/bin/dex2oat --image=/data/dalvik-cache/arm/system@framework@boot.art --dex-file=/system/framework/core-libart.jar --dex-file=/system/framework/conscrypt.jar --dex-file=/system/framework/okhttp.jar --dex-file=/system/framework/core-junit.jar --dex-file=/system/framework/bouncycastle.jar --dex-file=/system/framework/ext.jar --dex-file=/system/framework/framework.jar --dex-file=/system/framework/telephony-common.jar --dex-file=/system/framework/voip-common.jar --dex-file=/system/framework/ims-common.jar --dex-file=/system/framework/mms-common.jar --dex-file=/