--------- beginning of main
I/McDaemon(    0): Daemon starting up...
W/auditd  ( 3697): type=1325 audit(0.0:2): table=filter family=2 entries=0
W/auditd  ( 3697): type=1325 audit(0.0:3): table=mangle family=2 entries=0
W/auditd  ( 3697): type=1325 audit(0.0:4): table=nat family=2 entries=0
W/auditd  ( 3697): type=1325 audit(0.0:5): table=raw family=2 entries=0
W/auditd  ( 3697): type=1325 audit(0.0:6): table=security family=2 entries=0
W/auditd  ( 3697): type=1325 audit(0.0:7): table=filter family=3 entries=0
W/auditd  ( 3697): type=1325 audit(0.0:8): table=filter family=10 entries=0
W/auditd  ( 3697): type=1325 audit(0.0:9): table=mangle family=10 entries=0
W/auditd  ( 3697): type=1325 audit(0.0:10): table=raw family=10 entries=0
I/McDaemon(    0): Socket interface version is 0.2
I/McDaemon(    0): *** t-base-300-Ares-2-Android-V004_P3 ###
I/McDaemon(    0): Build timestamp is Jan 20 2015 11:49:09
I/cm      (    0): ____ _   _ ____ _  _ ____ ____ ____ _  _ _  _ ____ ___ 
I/McDaemon(    0): Checking version of <t-base
W/auditd  ( 3697): type=1305 audit(0.0:11): audit_pid=3664 old=0 auid=4294967295 ses=4294967295
W/auditd  ( 3697):  res=1
W/auditd  ( 3697): type=1305 audit(0.0:12): audit_rate_limit=20 old=0 auid=4294967295 ses=4294967295
W/auditd  ( 3697):  res=1
I/McDaemon( 3671): Product ID is tbase-300_EXYNOS_5422_V004_P3
I/McDaemon( 3671): (null)
I/McDaemon( 3671): (null)
I/McDaemon( 3671): (null)
I/McDaemon( 3671): (null)
I/cm      ( 3675): |     \_/  |__| |\ | |  | | __ |___ |\ | |\/| |  | |  \ 
I/lowmemorykiller( 3666): Using in-kernel low memory killer interface
--------- beginning of system
I/auditd  ( 3679): Starting up
W/auditd  ( 3697): type=2 
I/audit_log( 3679): Previous audit logfile detected, rotating
W/libaudit( 3679): Expected sequence number between user space and kernel space is out of skew, expected 2 got 0
E/audit_rules( 3679): Could not read audit rules /data/misc/audit/audit.rules: No such file or directory
I/cm      ( 3688): |___   |   |  | | \| |__| |__] |___ | \| |  | |__| |__/ 
I/DEBUG   ( 3685): debuggerd: Jul  3 2015 03:58:19
I/installd( 3690): installd firing up
I/Netd    ( 3684): Netd 1.0 starting
E/Netd    ( 3684): Failed to open /proc/sys/net/ipv6/conf/default/accept_ra_rt_table: No such file or directory
E/Netd    ( 3684): Failed to open /proc/sys/net/ipv6/conf/ip6tnl0/accept_ra_rt_table: No such file or directory
E/Netd    ( 3684): Failed to open /proc/sys/net/ipv6/conf/lo/accept_ra_rt_table: No such file or directory
E/Netd    ( 3684): Failed to open /proc/sys/net/ipv6/conf/rmnet0/accept_ra_rt_table: No such file or directory
E/Netd    ( 3684): Failed to open /proc/sys/net/ipv6/conf/rmnet1/accept_ra_rt_table: No such file or directory
E/Netd    ( 3684): Failed to open /proc/sys/net/ipv6/conf/rmnet2/accept_ra_rt_table: No such file or directory
E/Netd    ( 3684): Failed to open /proc/sys/net/ipv6/conf/rmnet3/accept_ra_rt_table: No such file or directory
E/Netd    ( 3684): Failed to open /proc/sys/net/ipv6/conf/sit0/accept_ra_rt_table: No such file or directory
I/cm      ( 3705): Welcome to Android 5.0.2 / CyanogenMod-12-20150706-UNOFFICIAL-k3gxx 
I/macloader( 3694): Settting wifi type to wisol in /data/.cid.info
D/macloader( 3694): Change permissions of /data/.cid.info
I/PrProvisioning( 3710): successfully - provisioning start !
I/PrProvisioning( 3710): provisioning already done
I/Vold    ( 3668): Vold 2.1 (the revenge) firing up
D/Vold    ( 3668): Volume sdcard1 state changing -1 (Initializing) -> 0 (No-Media)
D/Vold    ( 3668): Volume usbdisk state changing -1 (Initializing) -> 0 (No-Media)
I/Cryptfs ( 3668): Check if PFE is activated on Boot
E/Cryptfs ( 3668): Bad magic for real block device /dev/block/mmcblk0p21
E/Cryptfs ( 3668): Error getting crypt footer and key
I/SurfaceFlinger( 3670): SurfaceFlinger is starting
I/SurfaceFlinger( 3670): SurfaceFlinger's main thread ready to run. Initializing graphics H/W...
I/keystore( 3691): SELinux: Keystore SELinux is disabled.
D/gpsd    ( 3693): WakeLock(Release,GPSD)
D/gpsd    ( 3693): WakeLock(Release,SUPL)
I/gpsd_d  ( 3693): GNSS: 219420
D/wrapperGPS( 3693): wrapperOpenClient_RILD
E/wrapperGPS( 3693): wrapperOpenClient_RILD: RegisterUnsolicitedHandler() UNSOL_GPS_NOTI (20009)
D/wrapperGPS( 3693): wrapperRegisterRequestCompleteHandler
D/wrapperGPS( 3693): wrapperRegisterUnsolicitedHandler id(12009), handler(0xb6b3a6e9)
D/wrapperGPS( 3693): wrapperRegisterErrorCallback
D/wrapperGPS( 3693): wrapperConnect_RILD
D/libEGL  ( 3670): loaded /vendor/lib/egl/libGLES_mali.so
D/WVMDrmPlugIn( 3687): WVMDrmPlugin::onGetSupportInfo : 0
I/        ( 3670): PLATFORM VERSION : JB-MR-2
I/gralloc ( 3670): using (id=)
I/gralloc ( 3670): xres         = 1080 px
I/gralloc ( 3670): yres         = 1920 px
I/gralloc ( 3670): width        = 65 mm (422.030762 dpi)
I/gralloc ( 3670): height       = 115 mm (424.069580 dpi)
I/gralloc ( 3670): refresh rate = 60.00 Hz
D/hwcomposer( 3670): using
D/hwcomposer( 3670): xres         = 1080 px
D/hwcomposer( 3670): yres         = 1920 px
D/hwcomposer( 3670): width        = 65 mm (422.030000 dpi)
D/hwcomposer( 3670): height       = 115 mm (424.069000 dpi)
D/hwcomposer( 3670): refresh rate = 60 Hz
D/libexynosv4l2-subdev( 3670): try node: /dev/v4l-subdev0
D/libexynosv4l2-subdev( 3670): try node: /dev/v4l-subdev1
D/libexynosv4l2-subdev( 3670): try node: /dev/v4l-subdev2
I/libexynosv4l2-subdev( 3670): node found for device s5p-mixer0: /dev/v4l-subdev2
I/libexynosv4l2-subdev( 3670): open subdev device /dev/v4l-subdev2
I/hwcomposer( 3670): PSR info devname = /sys/devices/14400000.fimd_fb/psr_info
I/hwcomposer( 3670): PSR mode is 2(0: video mode, 1: DP PSR mode, 2: MIPI-DSI command mode)
I/SurfaceFlinger( 3670): Using composer version 1.3
I/SurfaceFlinger( 3670): EGL information:
I/SurfaceFlinger( 3670): vendor    : Android
I/SurfaceFlinger( 3670): version   : 1.4 Android META-EGL
I/SurfaceFlinger( 3670): extensions: EGL_KHR_get_all_proc_addresses EGL_ANDROID_presentation_time EGL_KHR_image EGL_KHR_image_base EGL_KHR_gl_texture_2D_image EGL_KHR_gl_texture_cubemap_image EGL_KHR_gl_renderbuffer_image EGL_KHR_fence_sync EGL_KHR_create_context EGL_ANDROID_image_native_buffer EGL_KHR_wait_sync EGL_ANDROID_recordable 
I/SurfaceFlinger( 3670): Client API: OpenGL_ES
I/SurfaceFlinger( 3670): EGLSurface: 8-8-8-8, config=0xb69cf2ac
D/AndroidRuntime( 3695): 
D/AndroidRuntime( 3695): >>>>>> AndroidRuntime START com.android.internal.os.ZygoteInit <<<<<<
I/SurfaceFlinger( 3670): OpenGL ES informations:
I/SurfaceFlinger( 3670): vendor    : ARM
I/SurfaceFlinger( 3670): renderer  : Mali-T628
I/SurfaceFlinger( 3670): version   : OpenGL ES 3.0
I/SurfaceFlinger( 3670): extensions: GL_EXT_debug_marker GL_ARM_rgba8 GL_ARM_mali_shader_binary GL_OES_depth24 GL_OES_depth_texture GL_OES_depth_texture_cube_map GL_OES_packed_depth_stencil GL_OES_rgb8_rgba8 GL_EXT_read_format_bgra GL_OES_compressed_paletted_texture GL_OES_compressed_ETC1_RGB8_texture GL_OES_standard_derivatives GL_OES_EGL_image GL_OES_EGL_image_external GL_OES_EGL_sync GL_OES_texture_npot GL_OES_vertex_half_float GL_OES_required_internalformat GL_OES_vertex_array_object GL_OES_mapbuffer GL_EXT_texture_format_BGRA8888 GL_EXT_texture_rg GL_EXT_texture_type_2_10_10_10_REV GL_OES_fbo_render_mipmap GL_OES_element_index_uint GL_EXT_shadow_samplers GL_OES_texture_compression_astc GL_KHR_texture_compression_astc_ldr GL_KHR_texture_compression_astc_hdr GL_KHR_debug GL_EXT_occlusion_query_boolean GL_EXT_blend_minmax GL_EXT_discard_framebuffer GL_OES_get_program_binary GL_OES_texture_3D GL_EXT_texture_storage GL_EXT_multisampled_render_to_texture GL_OES_surfaceless_context GL_ARM_mali_program_binary 
I/SurfaceFlinger( 3670): GL_MAX_TEXTURE_SIZE = 8192
I/SurfaceFlinger( 3670): GL_MAX_VIEWPORT_DIMS = 8192
D/SurfaceFlinger( 3670): Set power mode=2, type=0 flinger=0xb6962000
I/hwcomposer( 3670): unblank ioctl failed (display already unblanked)
D/AndroidRuntime( 3695): CheckJNI is OFF
I/art     ( 3695): option[0]=-Xzygote
I/art     ( 3695): option[1]=-Xstacktracefile:/data/anr/traces.txt
I/art     ( 3695): option[2]=exit
I/art     ( 3695): option[3]=vfprintf
I/art     ( 3695): option[4]=sensitiveThread
I/art     ( 3695): option[5]=-verbose:gc
I/art     ( 3695): option[6]=-Xms8m
I/art     ( 3695): option[7]=-Xmx512m
I/art     ( 3695): option[8]=-XX:mainThreadStackSize=24K
I/art     ( 3695): option[9]=-XX:HeapGrowthLimit=128m
I/art     ( 3695): option[10]=-XX:HeapMinFree=2m
I/art     ( 3695): option[11]=-XX:HeapMaxFree=8m
I/art     ( 3695): option[12]=-XX:HeapTargetUtilization=0.75
I/art     ( 3695): option[13]=-agentlib:jdwp=transport=dt_android_adb,suspend=n,server=y
I/art     ( 3695): option[14]=-Xlockprofthreshold:500
I/art     ( 3695): option[15]=-Ximage-compiler-option
I/art     ( 3695): option[16]=--runtime-arg
I/art     ( 3695): option[17]=-Ximage-compiler-option
I/art     ( 3695): option[18]=-Xms64m
I/art     ( 3695): option[19]=-Ximage-compiler-option
I/art     ( 3695): option[20]=--runtime-arg
I/art     ( 3695): option[21]=-Ximage-compiler-option
I/art     ( 3695): option[22]=-Xmx64m
I/art     ( 3695): option[23]=-Ximage-compiler-option
I/art     ( 3695): option[24]=--image-classes-zip=/system/framework/framework.jar
I/art     ( 3695): option[25]=-Ximage-compiler-option
I/art     ( 3695): option[26]=--image-classes=preloaded-classes
I/art     ( 3695): option[27]=-Xcompiler-option
I/art     ( 3695): option[28]=--runtime-arg
I/art     ( 3695): option[29]=-Xcompiler-option
I/art     ( 3695): option[30]=-Xms64m
I/art     ( 3695): option[31]=-Xcompiler-option
I/art     ( 3695): option[32]=--runtime-arg
I/art     ( 3695): option[33]=-Xcompiler-option
I/art     ( 3695): option[34]=-Xmx512m
I/art     ( 3695): option[35]=-Duser.language=es
I/art     ( 3695): option[36]=-Duser.region=US
W/art     ( 3695): Invalid image header in '/data/dalvik-cache/arm/system@framework@boot.art'
I/art     ( 3695): Pruning dalvik-cache since we are generating an image and will need to recompile
W/art     ( 3695): Unexpected file type of 
W/art     ( 3695):  encountered.
D/SurfaceFlinger( 3670): SF. shader cache generated - 26 shaders in 77.134209 ms
D/libEGL  ( 3878): loaded /vendor/lib/egl/libGLES_mali.so
I/        ( 3878): PLATFORM VERSION : JB-MR-2
E/BootAnimation( 3878): couldn't find audio_conf.txt
I/art     ( 3695): Using an offset of 0xd69000 from default art base address of 0x70000000
I/art     ( 3695): GenerateImage: /system/bin/dex2oat --image=/data/dalvik-cache/arm/system@framework@boot.art --dex-file=/system/framework/core-libart.jar --dex-file=/system/framework/conscrypt.jar --dex-file=/system/framework/okhttp.jar --dex-file=/system/framework/core-junit.jar --dex-file=/system/framework/bouncycastle.jar --dex-file=/system/framework/ext.jar --dex-file=/system/framework/framework.jar --dex-file=/system/framework/telephony-common.jar --dex-file=/system/framework/voip-common.jar --dex-file=/system/framework/ims-common.jar --dex-file=/system/framework/mms-common.jar --dex-file=/system/framework/android.policy.jar --dex-file=/system/framework/apache-xml.jar --oat-file=/data/dalvik-cache/arm/system@framework@boot.oat --instruction-set=arm --instruction-set-features=div --base=0x70d69000 --runtime-arg -Xms64m --runtime-arg -Xmx64m --image-classes-zip=/system/framework/framework.jar --image-classes=preloaded-classes
W/art     ( 3695): Unexpected file type of 
W/art     ( 3695):  encountered.
W/art     ( 3695): Could not create image space with image file '/system/framework/boot.art'. Attempting to fall back to imageless running. Error was: Failed to generate image '/data/dalvik-cache/arm/system@framework@boot.art': Failed execv(/system/bin/dex2oat --image=/data/dalvik-cache/arm/system@framework@boot.art --dex-file=/system/framework/core-libart.jar --dex-file=/system/framework/conscrypt.jar --dex-file=/system/framework/okhttp.jar --dex-file=/system/framework/core-junit.jar --dex-file=/system/framework/bouncycastle.jar --dex-file=/system/framework/ext.jar --dex-file=/system/framework/framework.jar --dex-file=/system/framework/telephony-common.jar --dex-file=/system/framework/voip-common.jar --dex-file=/system/framework/ims-common.jar --dex-file=/system/framework/mms-common.jar --dex-file=/system/framework/android.policy.jar --dex-file=/system/framework/apache-xml.jar --oat-file=/data/dalvik-cache/arm/system@framework@boot.oat --instruction-set=arm --instruction-set-features=div --base=0x70d69000 --runtime-arg -Xms64
D/BootAnimation( 3878): Use save memory method, maybe small fps in actual.
D/wrapperGPS( 3693): wrapperConnect_RILD
V/NatController( 3684): runCmd(/system/bin/iptables -F natctrl_FORWARD) res=0
V/NatController( 3684): runCmd(/system/bin/iptables -A natctrl_FORWARD -j DROP) res=0
V/NatController( 3684): runCmd(/system/bin/iptables -t nat -F natctrl_nat_POSTROUTING) res=0
V/NatController( 3684): runCmd(/system/bin/iptables -F natctrl_tether_counters) res=1
V/NatController( 3684): runCmd(/system/bin/iptables -X natctrl_tether_counters) res=1
V/NatController( 3684): runCmd(/system/bin/iptables -N natctrl_tether_counters) res=0
V/NatController( 3684): runCmd(/system/bin/iptables -t mangle -A natctrl_mangle_FORWARD -p tcp --tcp-flags SYN SYN -j TCPMSS --clamp-mss-to-pmtu) res=0
W/SurfaceFlinger( 3670): Ignoring duplicate VSYNC event from HWC (t=6945123250)
D/MDnsDS  ( 3684): MDnsSdListener::Hander starting up
D/MDnsDS  ( 3684): MDnsSdListener starting to monitor
D/MDnsDS  ( 3684): Going to poll with pollCount 1
W/SurfaceFlinger( 3670): Ignoring duplicate VSYNC event from HWC (t=7350117833)
D/wrapperGPS( 3693): wrapperConnect_RILD
E/memtrack( 3695): Couldn't load memtrack module (No such file or directory)
E/android.os.Debug( 3695): failed to load memtrack module: -2
I/SamplingProfilerIntegration( 3695): Profiling disabled.
D/Zygote  ( 3695): begin preload
I/Zygote  ( 3695): Preloading classes...
I/art     ( 3695): Explicit concurrent mark sweep GC freed 4379(640KB) AllocSpace objects, 0(0B) LOS objects, 41% free, 5MB/9MB, paused 175us total 16.391ms
I/art     ( 3695): Counter: 1
D/wrapperGPS( 3693): wrapperConnect_RILD
D/BootAnimation( 3878): Use save memory method, maybe small fps in actual.
E/Minikin ( 3695): addFont failed to create font /system/fonts/NotoSansGujarati-Regular.ttf
E/Minikin ( 3695): addFont failed to create font /system/fonts/NotoSansGujarati-Bold.ttf
E/Minikin ( 3695): addFont failed to create font /system/fonts/NotoSansGujaratiUI-Regular.ttf
E/Minikin ( 3695): addFont failed to create font /system/fonts/NotoSansGujaratiUI-Bold.ttf
E/Minikin ( 3695): addFont failed to create font /system/fonts/NotoSansGurmukhi-Regular.ttf
E/Minikin ( 3695): addFont failed to create font /system/fonts/NotoSansGurmukhi-Bold.ttf
E/Minikin ( 3695): addFont failed to create font /system/fonts/NotoSansGurmukhiUI-Regular.ttf
E/Minikin ( 3695): addFont failed to create font /system/fonts/NotoSansGurmukhiUI-Bold.ttf
E/Minikin ( 3695): addFont failed to create font /system/fonts/NotoSansSinhala-Regular.ttf
E/Minikin ( 3695): addFont failed to create font /system/fonts/NotoSansSinhala-Bold.ttf
E/Minikin ( 3695): addFont failed to create font /system/fonts/NotoSansCherokee-Regular.ttf
E/Minikin ( 3695): addFont failed to create font /system/fonts/NotoSansCanadianAboriginal-Regular.ttf
E/Minikin ( 3695): addFont failed to create font /system/fonts/NotoSansYi-Regular.ttf
E/Minikin ( 3695): addFont failed to create font /system/fonts/NotoSansHans-Regular.otf
E/Minikin ( 3695): addFont failed to create font /system/fonts/NotoSansHant-Regular.otf
E/Minikin ( 3695): addFont failed to create font /system/fonts/NotoSansJP-Regular.otf
E/Minikin ( 3695): addFont failed to create font /system/fonts/NotoSansKR-Regular.otf
D/wrapperGPS( 3693): wrapperConnect_RILD
I/art     ( 3695): Thread[1,tid=3695,WaitingForJniOnLoad,Thread*=0xb5007800,peer=0x12f06560,"main"] recursive attempt to load library "/system/lib/libmedia_jni.so"
D/MtpDeviceJNI( 3695): register_android_mtp_MtpDevice
I/art     ( 3695): Thread[1,tid=3695,WaitingForJniOnLoad,Thread*=0xb5007800,peer=0x12f06560,"main"] recursive attempt to load library "/system/lib/libmedia_jni.so"
I/art     ( 3695): Thread[1,tid=3695,WaitingForJniOnLoad,Thread*=0xb5007800,peer=0x12f06560,"main"] recursive attempt to load library "/system/lib/libmedia_jni.so"
D/wrapperGPS( 3693): wrapperConnect_RILD
D/wrapperGPS( 3693): wrapperConnect_RILD
I/System  ( 3695): Loaded time zone names for "" in 60ms (40ms in ICU)
I/System  ( 3695): Loaded time zone names for "en_US" in 50ms (24ms in ICU)
I/System  ( 3695): Loaded time zone names for "es_US" in 55ms (27ms in ICU)
D/wrapperGPS( 3693): wrapperConnect_RILD
D/wrapperGPS( 3693): wrapperConnect_RILD
D/gpsd    ( 3693): WakeLock(Acquire,GPSD)
D/gpsd    ( 3693): WakeLock(Release,GPSD)
I/art     ( 3695): WaitForGcToComplete blocked for 6.426ms for cause Explicit
I/art     ( 3695): Explicit concurrent mark sweep GC freed 718(50KB) AllocSpace objects, 0(0B) LOS objects, 33% free, 14MB/21MB, paused 133us total 46.878ms
I/Zygote  ( 3695): ...preloaded 3005 classes in 5651ms.
I/art     ( 3695): VMRuntime.preloadDexCaches starting
I/art     ( 3695): VMRuntime.preloadDexCaches strings total=217316 before=8974 after=8974
I/art     ( 3695): VMRuntime.preloadDexCaches types total=18704 before=7488 after=9178
I/art     ( 3695): VMRuntime.preloadDexCaches fields total=87408 before=31755 after=42301
I/art     ( 3695): VMRuntime.preloadDexCaches methods total=154031 before=60846 after=75556
I/art     ( 3695): VMRuntime.preloadDexCaches finished
I/art     ( 3695): Counter: 0
I/art     ( 3695): Counter: 1
W/SurfaceFlinger( 3670): Ignoring duplicate VSYNC event from HWC (t=13640305959)
I/art     ( 3695): Explicit concurrent mark sweep GC freed 35(14KB) AllocSpace objects, 0(0B) LOS objects, 40% free, 14MB/23MB, paused 132us total 46.687ms
D/idmap   ( 4084): error: no read access to /vendor/overlay: No such file or directory
I/Zygote  ( 3695): Preloading resources...
W/SurfaceFlinger( 3670): Ignoring duplicate VSYNC event from HWC (t=14045124334)
I/art     ( 3695): Explicit concurrent mark sweep GC freed 5494(203KB) AllocSpace objects, 0(0B) LOS objects, 35% free, 29MB/45MB, paused 229us total 52.509ms
I/Zygote  ( 3695): ...preloaded 430 resources in 652ms.
I/art     ( 3695): Explicit concurrent mark sweep GC freed 962(49KB) AllocSpace objects, 0(0B) LOS objects, 35% free, 29MB/45MB, paused 217us total 51.780ms
I/Zygote  ( 3695): ...preloaded 41 resources in 76ms.
I/art     ( 3695): Counter: 0
D/libEGL  ( 3695): loaded /vendor/lib/egl/libGLES_mali.so
I/Zygote  ( 3695): Preloading shared libraries...
D/Zygote  ( 3695): end preload
I/art     ( 3695): Explicit concurrent mark sweep GC freed 463(21KB) AllocSpace objects, 0(0B) LOS objects, 35% free, 29MB/45MB, paused 211us total 50.051ms
I/art     ( 3695): Explicit concurrent mark sweep GC freed 41(1568B) AllocSpace objects, 0(0B) LOS objects, 35% free, 29MB/45MB, paused 260us total 50.461ms
I/art     ( 3695): Explicit concurrent mark sweep GC freed 5(160B) AllocSpace objects, 0(0B) LOS objects, 35% free, 29MB/45MB, paused 207us total 49.868ms
I/Zygote  ( 3695): System server process 4087 has been created
I/Zygote  ( 3695): Accepting command socket connections
I/art     ( 4087): DexFile_isDexOptNeeded failed to open oat file '/data/dalvik-cache/arm/system@framework@org.cyanogenmod.hardware.jar@classes.dex' for file location '/system/framework/org.cyanogenmod.hardware.jar': Failed to open oat filename for reading: No such file or directory
I/art     ( 4087): DexFile_isDexOptNeeded failed to open oat file '/system/framework/arm/org.cyanogenmod.hardware.odex' for file location '/system/framework/org.cyanogenmod.hardware.jar': Failed to open oat filename for reading: No such file or directory
I/InstallerConnection( 4087): connecting...
I/installd( 3690): new connection
E/installd( 3690): DexInv: --- END '/system/framework/org.cyanogenmod.hardware.jar' --- status=0x0100, process failed
I/art     ( 4087): DexFile_isDexOptNeeded failed to open oat file '/data/dalvik-cache/arm/system@framework@services.jar@classes.dex' for file location '/system/framework/services.jar': Failed to open oat filename for reading: No such file or directory
I/art     ( 4087): DexFile_isDexOptNeeded failed to open oat file '/system/framework/arm/services.odex' for file location '/system/framework/services.jar': Failed to open oat filename for reading: No such file or directory
E/installd( 3690): DexInv: --- END '/system/framework/services.jar' --- status=0x0100, process failed
I/art     ( 4087): DexFile_isDexOptNeeded failed to open oat file '/data/dalvik-cache/arm/system@framework@ethernet-service.jar@classes.dex' for file location '/system/framework/ethernet-service.jar': Failed to open oat filename for reading: No such file or directory
I/art     ( 4087): DexFile_isDexOptNeeded failed to open oat file '/system/framework/arm/ethernet-service.odex' for file location '/system/framework/ethernet-service.jar': Failed to open oat filename for reading: No such file or directory
E/installd( 3690): DexInv: --- END '/system/framework/ethernet-service.jar' --- status=0x0100, process failed
I/art     ( 4087): DexFile_isDexOptNeeded failed to open oat file '/data/dalvik-cache/arm/system@framework@wifi-service.jar@classes.dex' for file location '/system/framework/wifi-service.jar': Failed to open oat filename for reading: No such file or directory
I/art     ( 4087): DexFile_isDexOptNeeded failed to open oat file '/system/framework/arm/wifi-service.odex' for file location '/system/framework/wifi-service.jar': Failed to open oat filename for reading: No such file or directory
E/installd( 3690): DexInv: --- END '/system/framework/wifi-service.jar' --- status=0x0100, process failed
I/InstallerConnection( 4087): disconnecting...
E/installd( 3690): eof
E/installd( 3690): failed to read size
I/installd( 3690): closing connection
W/SurfaceFlinger( 3670): Ignoring duplicate VSYNC event from HWC (t=15175061959)
I/SystemServer( 4087): Entered the Android system server!
V/Fingerprint-JNI( 4087): FingerprintManager JNI ready.
I/        ( 4087): System server: starting sensor init.
D/SensorService( 4087): nuSensorService starting...
E/Sensors ( 4087): GeoMagneticSensor, ERROR dev_num = -19
I/SystemServiceManager( 4087): Starting com.android.server.pm.Installer
I/Installer( 4087): Waiting for installd to be ready.
I/InstallerConnection( 4087): connecting...
I/Sensors ( 4087): Proximity old sensor_state 0, new sensor_state : 128 en : 1
I/installd( 3690): new connection
I/SystemServiceManager( 4087): Starting com.android.server.am.ActivityManagerService$Lifecycle
I/Sensors ( 4087): Light old sensor_state 128, new sensor_state : 640 en : 1
E/Sensors ( 4087): UncalMagneticSensor, ERROR dev_num = -19
I/Sensors ( 4087): SigMotionSensor old sensor_state 640, new sensor_state : 8832 en : 1
E/Sensors ( 4087): UncalGyroSensor, ERROR dev_num = -19
E/Sensors ( 4087): GameRotationVector, ERROR dev_num = -19
I/Sensors ( 4087): StepCounterSensor old sensor_state 8832, new sensor_state : 139904 en : 1
D/Sensors ( 4087): HrmSpO2Sensor::libhr open failed : dlopen failed: library "libhr.so" not found
D/Sensors ( 4087): HrmSpO2Sensor::HrmSpO2Sensor: Shared version Registered 
E/SensorService( 4087): >>>> WARNING <<< Upgrade sensor HAL to version 1_3
I/Sensors ( 4087): Proximity old sensor_state 139904, new sensor_state : 139776 en : 0
I/Sensors ( 4087): Light old sensor_state 139776, new sensor_state : 139264 en : 0
I/Sensors ( 4087): StepCounterSensor old sensor_state 139264, new sensor_state : 8192 en : 0
I/Sensors ( 4087): SigMotionSensor old sensor_state 8192, new sensor_state : 0 en : 0
I/Sensors ( 4087): HrmSpO2Sensor::enable, handle(16), en(0), what(1/0:aosphrm,1:sshrm, old enabled : 0)
I/Sensors ( 4087): HrmSpO2Sensor is already disabled or have to keep enabled, mEnabled : 0x0, en : 0
I/Sensors ( 4087): HrmSpO2Sensor::enable, handle(17), en(0), what(0/0:aosphrm,1:sshrm, old enabled : 0)
I/Sensors ( 4087): HrmSpO2Sensor is already disabled or have to keep enabled, mEnabled : 0x0, en : 0
I/Sensors ( 4087): HrmSpO2Sensor::enable, handle(18), en(0), what(2/0:aosphrm,1:sshrm, old enabled : 0)
I/Sensors ( 4087): HrmSpO2Sensor is already disabled or have to keep enabled, mEnabled : 0x0, en : 0
I/        ( 4087): System server: sensor init done.
D/SensorService( 4087): nuSensorService thread starting...
I/Sensors ( 4087): ProximitySensor - 8(cm)
D/SensorService( 4087): new thread SensorEventAckReceiver
I/ActivityManager( 4087): Memory class: 128
I/ServiceThread( 4087): Enabled StrictMode logging for ActivityManager looper.
I/IntentFirewall( 4087): Read new rules (A:0 B:1 S:1)
I/ServiceThread( 4087): Enabled StrictMode logging for android.ui looper.
I/ServiceThread( 4087): Enabled StrictMode logging for android.display looper.
D/AppOps  ( 4087): AppOpsService published
I/SystemServiceManager( 4087): Starting com.android.server.power.PowerManagerService
I/ServiceThread( 4087): Enabled StrictMode logging for PowerManagerService looper.
D/SEC PowerHAL( 4087): sysfs_write +: /sys/devices/system/cpu/cpu0/cpufreq/interactive/multi_enter_load: 800
D/SEC PowerHAL( 4087): sysfs_write -: /sys/devices/system/cpu/cpu0/cpufreq/interactive/multi_enter_load: 800
D/SEC PowerHAL( 4087): sysfs_write +: /sys/devices/system/cpu/cpu0/cpufreq/interactive/single_enter_load: 200
D/SEC PowerHAL( 4087): sysfs_write -: /sys/devices/system/cpu/cpu0/cpufreq/interactive/single_enter_load: 200
D/SEC PowerHAL( 4087): sysfs_write +: /sys/devices/system/cpu/cpu0/cpufreq/interactive/param_index: 0
D/SEC PowerHAL( 4087): sysfs_write -: /sys/devices/system/cpu/cpu0/cpufreq/interactive/param_index: 0
D/SEC PowerHAL( 4087): sysfs_write +: /sys/devices/system/cpu/cpu0/cpufreq/interactive/timer_rate: 20000
D/SEC PowerHAL( 4087): sysfs_write -: /sys/devices/system/cpu/cpu0/cpufreq/interactive/timer_rate: 20000
D/SEC PowerHAL( 4087): sysfs_write +: /sys/devices/system/cpu/cpu0/cpufreq/interactive/timer_slack: 20000
D/SEC PowerHAL( 4087): sysfs_write -: /sys/devices/system/cpu/cpu0/cpufreq/interactive/timer_slack: 20000
D/SEC PowerHAL( 4087): sysfs_write +: /sys/devices/system/cpu/cpu0/cpufreq/interactive/min_sample_time: 40000
D/SEC PowerHAL( 4087): sysfs_write -: /sys/devices/system/cpu/cpu0/cpufreq/interactive/min_sample_time: 40000
D/SEC PowerHAL( 4087): sysfs_write +: /sys/devices/system/cpu/cpu0/cpufreq/interactive/hispeed_freq: 1000000
D/SEC PowerHAL( 4087): sysfs_write -: /sys/devices/system/cpu/cpu0/cpufreq/interactive/hispeed_freq: 1000000
D/SEC PowerHAL( 4087): sysfs_write +: /sys/devices/system/cpu/cpu0/cpufreq/interactive/go_hispeed_load: 99
D/SEC PowerHAL( 4087): sysfs_write -: /sys/devices/system/cpu/cpu0/cpufreq/interactive/go_hispeed_load: 99
D/SEC PowerHAL( 4087): sysfs_write +: /sys/devices/system/cpu/cpu0/cpufreq/interactive/target_loads: 70
D/SEC PowerHAL( 4087): sysfs_write -: /sys/devices/system/cpu/cpu0/cpufreq/interactive/target_loads: 70
D/SEC PowerHAL( 4087): sysfs_write +: /sys/devices/system/cpu/cpu0/cpufreq/interactive/above_hispeed_delay: 19000
D/SEC PowerHAL( 4087): sysfs_write -: /sys/devices/system/cpu/cpu0/cpufreq/interactive/above_hispeed_delay: 19000
D/SEC PowerHAL( 4087): sysfs_write +: /sys/devices/system/cpu/cpu0/cpufreq/interactive/boostpulse_duration: 40000
D/SEC PowerHAL( 4087): sysfs_write -: /sys/devices/system/cpu/cpu0/cpufreq/interactive/boostpulse_duration: 40000
D/SEC PowerHAL( 4087): sysfs_write +: /sys/devices/system/cpu/cpu4/cpufreq/interactive/multi_enter_load: 360
D/SEC PowerHAL( 4087): sysfs_write -: /sys/devices/system/cpu/cpu4/cpufreq/interactive/multi_enter_load: 360
D/SEC PowerHAL( 4087): sysfs_write +: /sys/devices/system/cpu/cpu4/cpufreq/interactive/multi_enter_time: 99000
D/SEC PowerHAL( 4087): sysfs_write -: /sys/devices/system/cpu/cpu4/cpufreq/interactive/multi_enter_time: 99000
D/SEC PowerHAL( 4087): sysfs_write +: /sys/devices/system/cpu/cpu4/cpufreq/interactive/multi_exit_load: 240
D/SEC PowerHAL( 4087): sysfs_write -: /sys/devices/system/cpu/cpu4/cpufreq/interactive/multi_exit_load: 240
D/SEC PowerHAL( 4087): sysfs_write +: /sys/devices/system/cpu/cpu4/cpufreq/interactive/multi_exit_time: 299000
D/SEC PowerHAL( 4087): sysfs_write -: /sys/devices/system/cpu/cpu4/cpufreq/interactive/multi_exit_time: 299000
D/SEC PowerHAL( 4087): sysfs_write +: /sys/devices/system/cpu/cpu4/cpufreq/interactive/single_enter_load: 95
D/SEC PowerHAL( 4087): sysfs_write -: /sys/devices/system/cpu/cpu4/cpufreq/interactive/single_enter_load: 95
D/SEC PowerHAL( 4087): sysfs_write +: /sys/devices/system/cpu/cpu4/cpufreq/interactive/single_enter_time: 199000
D/SEC PowerHAL( 4087): sysfs_write -: /sys/devices/system/cpu/cpu4/cpufreq/interactive/single_enter_time: 199000
D/SEC PowerHAL( 4087): sysfs_write +: /sys/devices/system/cpu/cpu4/cpufreq/interactive/single_exit_load: 60
D/SEC PowerHAL( 4087): sysfs_write -: /sys/devices/system/cpu/cpu4/cpufreq/interactive/single_exit_load: 60
D/SEC PowerHAL( 4087): sysfs_write +: /sys/devices/system/cpu/cpu4/cpufreq/interactive/single_exit_time: 99000
D/SEC PowerHAL( 4087): sysfs_write -: /sys/devices/system/cpu/cpu4/cpufreq/interactive/single_exit_time: 99000
D/SEC PowerHAL( 4087): sysfs_write +: /sys/devices/system/cpu/cpu4/cpufreq/interactive/param_index: 0
D/SEC PowerHAL( 4087): sysfs_write -: /sys/devices/system/cpu/cpu4/cpufreq/interactive/param_index: 0
D/SEC PowerHAL( 4087): sysfs_write +: /sys/devices/system/cpu/cpu4/cpufreq/interactive/timer_rate: 20000
D/SEC PowerHAL( 4087): sysfs_write -: /sys/devices/system/cpu/cpu4/cpufreq/interactive/timer_rate: 20000
D/SEC PowerHAL( 4087): sysfs_write +: /sys/devices/system/cpu/cpu4/cpufreq/interactive/timer_slack: 20000
D/SEC PowerHAL( 4087): sysfs_write -: /sys/devices/system/cpu/cpu4/cpufreq/interactive/timer_slack: 20000
D/SEC PowerHAL( 4087): sysfs_write +: /sys/devices/system/cpu/cpu4/cpufreq/interactive/min_sample_time: 40000
D/SEC PowerHAL( 4087): sysfs_write -: /sys/devices/system/cpu/cpu4/cpufreq/interactive/min_sample_time: 40000
D/SEC PowerHAL( 4087): sysfs_write +: /sys/devices/system/cpu/cpu4/cpufreq/interactive/hispeed_freq: 1000000
D/SEC PowerHAL( 4087): sysfs_write -: /sys/devices/system/cpu/cpu4/cpufreq/interactive/hispeed_freq: 1000000
D/SEC PowerHAL( 4087): sysfs_write +: /sys/devices/system/cpu/cpu4/cpufreq/interactive/go_hispeed_load: 99
D/SEC PowerHAL( 4087): sysfs_write -: /sys/devices/system/cpu/cpu4/cpufreq/interactive/go_hispeed_load: 99
D/SEC PowerHAL( 4087): sysfs_write +: /sys/devices/system/cpu/cpu4/cpufreq/interactive/target_loads: 75 1500000:80 1700000:85 1800000:90
D/SEC PowerHAL( 4087): sysfs_write -: /sys/devices/system/cpu/cpu4/cpufreq/interactive/target_loads: 75 1500000:80 1700000:85 1800000:90
D/SEC PowerHAL( 4087): sysfs_write +: /sys/devices/system/cpu/cpu4/cpufreq/interactive/above_hispeed_delay: 19000 1100000:99000 1200000:119000 1700000:19000
D/SEC PowerHAL( 4087): sysfs_write -: /sys/devices/system/cpu/cpu4/cpufreq/interactive/above_hispeed_delay: 19000 1100000:99000 1200000:119000 1700000:19000
D/SEC PowerHAL( 4087): sysfs_write +: /sys/devices/system/cpu/cpu4/cpufreq/interactive/boostpulse_duration: 40000
D/SEC PowerHAL( 4087): sysfs_write -: /sys/devices/system/cpu/cpu4/cpufreq/interactive/boostpulse_duration: 40000
D/SEC PowerHAL( 4087): sysfs_write +: /sys/devices/system/cpu/cpu4/cpufreq/interactive/param_index: 1
D/SEC PowerHAL( 4087): sysfs_write -: /sys/devices/system/cpu/cpu4/cpufreq/interactive/param_index: 1
D/SEC PowerHAL( 4087): sysfs_write +: /sys/devices/system/cpu/cpu4/cpufreq/interactive/timer_rate: 20000
D/SEC PowerHAL( 4087): sysfs_write -: /sys/devices/system/cpu/cpu4/cpufreq/interactive/timer_rate: 20000
D/SEC PowerHAL( 4087): sysfs_write +: /sys/devices/system/cpu/cpu4/cpufreq/interactive/min_sample_time: 59000
D/SEC PowerHAL( 4087): sysfs_write -: /sys/devices/system/cpu/cpu4/cpufreq/interactive/min_sample_time: 59000
D/SEC PowerHAL( 4087): sysfs_write +: /sys/devices/system/cpu/cpu4/cpufreq/interactive/hispeed_freq: 1200000
D/SEC PowerHAL( 4087): sysfs_write -: /sys/devices/system/cpu/cpu4/cpufreq/interactive/hispeed_freq: 1200000
D/SEC PowerHAL( 4087): sysfs_write +: /sys/devices/system/cpu/cpu4/cpufreq/interactive/go_hispeed_load: 95
D/SEC PowerHAL( 4087): sysfs_write -: /sys/devices/system/cpu/cpu4/cpufreq/interactive/go_hispeed_load: 95
D/SEC PowerHAL( 4087): sysfs_write +: /sys/devices/system/cpu/cpu4/cpufreq/interactive/target_loads: 65 1400000:68 1700000:73
D/SEC PowerHAL( 4087): sysfs_write -: /sys/devices/system/cpu/cpu4/cpufreq/interactive/target_loads: 65 1400000:68 1700000:73
D/SEC PowerHAL( 4087): sysfs_write +: /sys/devices/system/cpu/cpu4/cpufreq/interactive/above_hispeed_delay: 19000
D/SEC PowerHAL( 4087): sysfs_write -: /sys/devices/system/cpu/cpu4/cpufreq/interactive/above_hispeed_delay: 19000
D/SEC PowerHAL( 4087): sysfs_write +: /sys/devices/system/cpu/cpu4/cpufreq/interactive/param_index: 2
D/SEC PowerHAL( 4087): sysfs_write -: /sys/devices/system/cpu/cpu4/cpufreq/interactive/param_index: 2
D/SEC PowerHAL( 4087): sysfs_write +: /sys/devices/system/cpu/cpu4/cpufreq/interactive/timer_rate: 20000
D/SEC PowerHAL( 4087): sysfs_write -: /sys/devices/system/cpu/cpu4/cpufreq/interactive/timer_rate: 20000
D/SEC PowerHAL( 4087): sysfs_write +: /sys/devices/system/cpu/cpu4/cpufreq/interactive/min_sample_time: 79000
D/SEC PowerHAL( 4087): sysfs_write -: /sys/devices/system/cpu/cpu4/cpufreq/interactive/min_sample_time: 79000
D/SEC PowerHAL( 4087): sysfs_write +: /sys/devices/system/cpu/cpu4/cpufreq/interactive/hispeed_freq: 1400000
D/SEC PowerHAL( 4087): sysfs_write -: /sys/devices/system/cpu/cpu4/cpufreq/interactive/hispeed_freq: 1400000
D/SEC PowerHAL( 4087): sysfs_write +: /sys/devices/system/cpu/cpu4/cpufreq/interactive/go_hispeed_load: 90
D/SEC PowerHAL( 4087): sysfs_write -: /sys/devices/system/cpu/cpu4/cpufreq/interactive/go_hispeed_load: 90
D/SEC PowerHAL( 4087): sysfs_write +: /sys/devices/system/cpu/cpu4/cpufreq/interactive/target_loads: 60 1300000:63 1500000:65 1700000:70
D/SEC PowerHAL( 4087): sysfs_write -: /sys/devices/system/cpu/cpu4/cpufreq/interactive/target_loads: 60 1300000:63 1500000:65 1700000:70
D/SEC PowerHAL( 4087): sysfs_write +: /sys/devices/system/cpu/cpu4/cpufreq/interactive/above_hispeed_delay: 19000
D/SEC PowerHAL( 4087): sysfs_write -: /sys/devices/system/cpu/cpu4/cpufreq/interactive/above_hispeed_delay: 19000
D/SEC PowerHAL( 4087): sysfs_write +: /sys/devices/system/cpu/cpu4/cpufreq/interactive/param_index: 3
D/SEC PowerHAL( 4087): sysfs_write -: /sys/devices/system/cpu/cpu4/cpufreq/interactive/param_index: 3
D/SEC PowerHAL( 4087): sysfs_write +: /sys/devices/system/cpu/cpu4/cpufreq/interactive/timer_rate: 20000
D/SEC PowerHAL( 4087): sysfs_write -: /sys/devices/system/cpu/cpu4/cpufreq/interactive/timer_rate: 20000
D/SEC PowerHAL( 4087): sysfs_write +: /sys/devices/system/cpu/cpu4/cpufreq/interactive/min_sample_time: 99000
D/SEC PowerHAL( 4087): sysfs_write -: /sys/devices/system/cpu/cpu4/cpufreq/interactive/min_sample_time: 99000
D/SEC PowerHAL( 4087): sysfs_write +: /sys/devices/system/cpu/cpu4/cpufreq/interactive/hispeed_freq: 1600000
D/SEC PowerHAL( 4087): sysfs_write -: /sys/devices/system/cpu/cpu4/cpufreq/interactive/hispeed_freq: 1600000
D/SEC PowerHAL( 4087): sysfs_write +: /sys/devices/system/cpu/cpu4/cpufreq/interactive/go_hispeed_load: 85
D/SEC PowerHAL( 4087): sysfs_write -: /sys/devices/system/cpu/cpu4/cpufreq/interactive/go_hispeed_load: 85
D/SEC PowerHAL( 4087): sysfs_write +: /sys/devices/system/cpu/cpu4/cpufreq/interactive/target_loads: 60 1300000:63 1500000:65 1900000:70
D/SEC PowerHAL( 4087): sysfs_write -: /sys/devices/system/cpu/cpu4/cpufreq/interactive/target_loads: 60 1300000:63 1500000:65 1900000:70
D/SEC PowerHAL( 4087): sysfs_write +: /sys/devices/system/cpu/cpu4/cpufreq/interactive/above_hispeed_delay: 19000
D/SEC PowerHAL( 4087): sysfs_write -: /sys/devices/system/cpu/cpu4/cpufreq/interactive/above_hispeed_delay: 19000
D/SEC PowerHAL( 4087): sysfs_write +: /sys/devices/system/cpu/cpu4/cpufreq/interactive/param_index: 0
D/SEC PowerHAL( 4087): sysfs_write -: /sys/devices/system/cpu/cpu4/cpufreq/interactive/param_index: 0
W/libsuspend( 4087): Error writing 'on' to /sys/power/state: Invalid argument
I/libsuspend( 4087): Selected wakeup count
I/SystemServiceManager( 4087): Starting com.android.server.display.DisplayManagerService
I/SystemServiceManager( 4087): Starting phase 100
I/DisplayManagerService( 4087): Display device added: DisplayDeviceInfo{"Pantalla integrada": 1080 x 1920, 60.000004 fps, supportedRefreshRates [60.000004], density 480, 422.03 x 424.069 dpi, appVsyncOff 0, presDeadline 17666666, touch INTERNAL, rotation 0, type BUILT_IN, state UNKNOWN, FLAG_DEFAULT_DISPLAY, FLAG_ROTATES_WITH_CONTENT, FLAG_SECURE, FLAG_SUPPORTS_PROTECTED_BUFFERS}
I/SystemServer( 4087): Package Manager
W/SELinuxMMAC( 4087): Error opening /data/system/seapp_hash. Assuming first boot.
W/PackageManager( 4087): No security bridge jar found, using default
W/SystemConfig( 4087): No directory /system/etc/sysconfig, skipping
D/SELinuxMMAC( 4087): Using policy file /system/etc/security/mac_permissions.xml
I/art     ( 4087): DexFile_isDexOptNeeded failed to open oat file '/data/dalvik-cache/arm/system@framework@android.test.runner.jar@classes.dex' for file location '/system/framework/android.test.runner.jar': Failed to open oat filename for reading: No such file or directory
I/art     ( 4087): DexFile_isDexOptNeeded failed to open oat file '/system/framework/arm/android.test.runner.odex' for file location '/system/framework/android.test.runner.jar': Failed to open oat filename for reading: No such file or directory
E/installd( 3690): DexInv: --- END '/system/framework/android.test.runner.jar' --- status=0x0100, process failed
I/art     ( 4087): DexFile_isDexOptNeeded failed to open oat file '/data/dalvik-cache/arm/system@framework@com.android.future.usb.accessory.jar@classes.dex' for file location '/system/framework/com.android.future.usb.accessory.jar': Failed to open oat filename for reading: No such file or directory
I/art     ( 4087): DexFile_isDexOptNeeded failed to open oat file '/system/framework/arm/com.android.future.usb.accessory.odex' for file location '/system/framework/com.android.future.usb.accessory.jar': Failed to open oat filename for reading: No such file or directory
E/installd( 3690): DexInv: --- END '/system/framework/com.android.future.usb.accessory.jar' --- status=0x0100, process failed
I/art     ( 4087): DexFile_isDexOptNeeded failed to open oat file '/data/dalvik-cache/arm/system@framework@com.android.media.remotedisplay.jar@classes.dex' for file location '/system/framework/com.android.media.remotedisplay.jar': Failed to open oat filename for reading: No such file or directory
I/art     ( 4087): DexFile_isDexOptNeeded failed to open oat file '/system/framework/arm/com.android.media.remotedisplay.odex' for file location '/system/framework/com.android.media.remotedisplay.jar': Failed to open oat filename for reading: No such file or directory
E/installd( 3690): DexInv: --- END '/system/framework/com.android.media.remotedisplay.jar' --- status=0x0100, process failed
I/art     ( 4087): DexFile_isDexOptNeeded failed to open oat file '/data/dalvik-cache/arm/system@framework@com.android.location.provider.jar@classes.dex' for file location '/system/framework/com.android.location.provider.jar': Failed to open oat filename for reading: No such file or directory
I/art     ( 4087): DexFile_isDexOptNeeded failed to open oat file '/system/framework/arm/com.android.location.provider.odex' for file location '/system/framework/com.android.location.provider.jar': Failed to open oat filename for reading: No such file or directory
E/installd( 3690): DexInv: --- END '/system/framework/com.android.location.provider.jar' --- status=0x0100, process failed
I/art     ( 4087): DexFile_isDexOptNeeded failed to open oat file '/data/dalvik-cache/arm/system@framework@org.cyanogenmod.hardware.jar@classes.dex' for file location '/system/framework/org.cyanogenmod.hardware.jar': Failed to open oat filename for reading: No such file or directory
I/art     ( 4087): DexFile_isDexOptNeeded failed to open oat file '/system/framework/arm/org.cyanogenmod.hardware.odex' for file location '/system/framework/org.cyanogenmod.hardware.jar': Failed to open oat filename for reading: No such file or directory
E/installd( 3690): DexInv: --- END '/system/framework/org.cyanogenmod.hardware.jar' --- status=0x0100, process failed
I/art     ( 4087): DexFile_isDexOptNeeded failed to open oat file '/data/dalvik-cache/arm/system@framework@javax.obex.jar@classes.dex' for file location '/system/framework/javax.obex.jar': Failed to open oat filename for reading: No such file or directory
I/art     ( 4087): DexFile_isDexOptNeeded failed to open oat file '/system/framework/arm/javax.obex.odex' for file location '/system/framework/javax.obex.jar': Failed to open oat filename for reading: No such file or directory
E/installd( 3690): DexInv: --- END '/system/framework/javax.obex.jar' --- status=0x0100, process failed
E/art     ( 4087): DexFile_isDexOptNeeded file '/system/framework/com.android.nfc_extras.jar' does not exist
W/PackageManager( 4087): Library not found: /system/framework/com.android.nfc_extras.jar
I/art     ( 4087): DexFile_isDexOptNeeded failed to open oat file '/data/dalvik-cache/arm/system@framework@com.android.mediadrm.signer.jar@classes.dex' for file location '/system/framework/com.android.mediadrm.signer.jar': Failed to open oat filename for reading: No such file or directory
I/art     ( 4087): DexFile_isDexOptNeeded failed to open oat file '/system/framework/arm/com.android.mediadrm.signer.odex' for file location '/system/framework/com.android.mediadrm.signer.jar': Failed to open oat filename for reading: No such file or directory
E/installd( 3690): DexInv: --- END '/system/framework/com.android.mediadrm.signer.jar' --- status=0x0100, process failed
I/art     ( 4087): DexFile_isDexOptNeeded failed to open oat file '/data/dalvik-cache/arm/system@framework@javax.btobex.jar@classes.dex' for file location '/system/framework/javax.btobex.jar': Failed to open oat filename for reading: No such file or directory
I/art     ( 4087): DexFile_isDexOptNeeded failed to open oat file '/system/framework/arm/javax.btobex.odex' for file location '/system/framework/javax.btobex.jar': Failed to open oat filename for reading: No such file or directory
E/installd( 3690): DexInv: --- END '/system/framework/javax.btobex.jar' --- status=0x0100, process failed
I/art     ( 4087): DexFile_isDexOptNeeded failed to open oat file '/data/dalvik-cache/arm/system@framework@am.jar@classes.dex' for file location '/system/framework/am.jar': Failed to open oat filename for reading: No such file or directory
I/art     ( 4087): DexFile_isDexOptNeeded failed to open oat file '/system/framework/arm/am.odex' for file location '/system/framework/am.jar': Failed to open oat filename for reading: No such file or directory
E/installd( 3690): DexInv: --- END '/system/framework/am.jar' --- status=0x0100, process failed
I/art     ( 4087): DexFile_isDexOptNeeded failed to open oat file '/data/dalvik-cache/arm/system@framework@appops.jar@classes.dex' for file location '/system/framework/appops.jar': Failed to open oat filename for reading: No such file or directory
I/art     ( 4087): DexFile_isDexOptNeeded failed to open oat file '/system/framework/arm/appops.odex' for file location '/system/framework/appops.jar': Failed to open oat filename for reading: No such file or directory
E/installd( 3690): DexInv: --- END '/system/framework/appops.jar' --- status=0x0100, process failed
I/art     ( 4087): DexFile_isDexOptNeeded failed to open oat file '/data/dalvik-cache/arm/system@framework@appwidget.jar@classes.dex' for file location '/system/framework/appwidget.jar': Failed to open oat filename for reading: No such file or directory
I/art     ( 4087): DexFile_isDexOptNeeded failed to open oat file '/system/framework/arm/appwidget.odex' for file location '/system/framework/appwidget.jar': Failed to open oat filename for reading: No such file or directory
E/installd( 3690): DexInv: --- END '/system/framework/appwidget.jar' --- status=0x0100, process failed
I/art     ( 4087): DexFile_isDexOptNeeded failed to open oat file '/data/dalvik-cache/arm/system@framework@bmgr.jar@classes.dex' for file location '/system/framework/bmgr.jar': Failed to open oat filename for reading: No such file or directory
I/art     ( 4087): DexFile_isDexOptNeeded failed to open oat file '/system/framework/arm/bmgr.odex' for file location '/system/framework/bmgr.jar': Failed to open oat filename for reading: No such file or directory
E/installd( 3690): DexInv: --- END '/system/framework/bmgr.jar' --- status=0x0100, process failed
I/art     ( 4087): DexFile_isDexOptNeeded failed to open oat file '/data/dalvik-cache/arm/system@framework@bu.jar@classes.dex' for file location '/system/framework/bu.jar': Failed to open oat filename for reading: No such file or directory
I/art     ( 4087): DexFile_isDexOptNeeded failed to open oat file '/system/framework/arm/bu.odex' for file location '/system/framework/bu.jar': Failed to open oat filename for reading: No such file or directory
E/installd( 3690): DexInv: --- END '/system/framework/bu.jar' --- status=0x0100, process failed
I/art     ( 4087): DexFile_isDexOptNeeded failed to open oat file '/data/dalvik-cache/arm/system@framework@content.jar@classes.dex' for file location '/system/framework/content.jar': Failed to open oat filename for reading: No such file or directory
I/art     ( 4087): DexFile_isDexOptNeeded failed to open oat file '/system/framework/arm/content.odex' for file location '/system/framework/content.jar': Failed to open oat filename for reading: No such file or directory
E/installd( 3690): DexInv: --- END '/system/framework/content.jar' --- status=0x0100, process failed
I/art     ( 4087): DexFile_isDexOptNeeded failed to open oat file '/data/dalvik-cache/arm/system@framework@dpm.jar@classes.dex' for file location '/system/framework/dpm.jar': Failed to open oat filename for reading: No such file or directory
I/art     ( 4087): DexFile_isDexOptNeeded failed to open oat file '/system/framework/arm/dpm.odex' for file location '/system/framework/dpm.jar': Failed to open oat filename for reading: No such file or directory
E/installd( 3690): DexInv: --- END '/system/framework/dpm.jar' --- status=0x0100, process failed
I/art     ( 4087): DexFile_isDexOptNeeded failed to open oat file '/data/dalvik-cache/arm/system@framework@ime.jar@classes.dex' for file location '/system/framework/ime.jar': Failed to open oat filename for reading: No such file or directory
I/art     ( 4087): DexFile_isDexOptNeeded failed to open oat file '/system/framework/arm/ime.odex' for file location '/system/framework/ime.jar': Failed to open oat filename for reading: No such file or directory
E/installd( 3690): DexInv: --- END '/system/framework/ime.jar' --- status=0x0100, process failed
I/art     ( 4087): DexFile_isDexOptNeeded failed to open oat file '/data/dalvik-cache/arm/system@framework@input.jar@classes.dex' for file location '/system/framework/input.jar': Failed to open oat filename for reading: No such file or directory
I/art     ( 4087): DexFile_isDexOptNeeded failed to open oat file '/system/framework/arm/input.odex' for file location '/system/framework/input.jar': Failed to open oat filename for reading: No such file or directory
E/installd( 3690): DexInv: --- END '/system/framework/input.jar' --- status=0x0100, process failed
I/art     ( 4087): DexFile_isDexOptNeeded failed to open oat file '/data/dalvik-cache/arm/system@framework@media_cmd.jar@classes.dex' for file location '/system/framework/media_cmd.jar': Failed to open oat filename for reading: No such file or directory
I/art     ( 4087): DexFile_isDexOptNeeded failed to open oat file '/system/framework/arm/media_cmd.odex' for file location '/system/framework/media_cmd.jar': Failed to open oat filename for reading: No such file or directory
E/installd( 3690): DexInv: --- END '/system/framework/media_cmd.jar' --- status=0x0100, process failed
I/art     ( 4087): DexFile_isDexOptNeeded failed to open oat file '/data/dalvik-cache/arm/system@framework@monkey.jar@classes.dex' for file location '/system/framework/monkey.jar': Failed to open oat filename for reading: No such file or directory
I/art     ( 4087): DexFile_isDexOptNeeded failed to open oat file '/system/framework/arm/monkey.odex' for file location '/system/framework/monkey.jar': Failed to open oat filename for reading: No such file or directory
E/installd( 3690): DexInv: --- END '/system/framework/monkey.jar' --- status=0x0100, process failed
I/art     ( 4087): DexFile_isDexOptNeeded failed to open oat file '/data/dalvik-cache/arm/system@framework@pm.jar@classes.dex' for file location '/system/framework/pm.jar': Failed to open oat filename for reading: No such file or directory
I/art     ( 4087): DexFile_isDexOptNeeded failed to open oat file '/system/framework/arm/pm.odex' for file location '/system/framework/pm.jar': Failed to open oat filename for reading: No such file or directory
E/installd( 3690): DexInv: --- END '/system/framework/pm.jar' --- status=0x0100, process failed
I/art     ( 4087): DexFile_isDexOptNeeded failed to open oat file '/data/dalvik-cache/arm/system@framework@requestsync.jar@classes.dex' for file location '/system/framework/requestsync.jar': Failed to open oat filename for reading: No such file or directory
I/art     ( 4087): DexFile_isDexOptNeeded failed to open oat file '/system/framework/arm/requestsync.odex' for file location '/system/framework/requestsync.jar': Failed to open oat filename for reading: No such file or directory
E/installd( 3690): DexInv: --- END '/system/framework/requestsync.jar' --- status=0x0100, process failed
