I/FFMPEG  ( 3692): Input #0, ogg, from 'android-source:0xb570d510':
I/FFMPEG  ( 3692):   Duration: 00:00:02.18, start: 0.000000, bitrate: 223 kb/s
I/FFMPEG  ( 3692):     Stream #0:0: Audio: vorbis, 44100 Hz, stereo, fltp, 224 kb/s
I/FFMPEG  ( 3692):     Metadata:
I/FFMPEG  ( 3692):       TITLE           : Ariel
D/FFmpegExtractor( 3692): FFmpegExtrator, url: android-source:0xb570d510, format_name: ogg, format_long_name: Ogg
I/FFmpegExtractor( 3692): adjust mime(application/ogg -> audio/vorbis)
D/FFmpegExtractor( 3692): suppoted codec(vorbis) by official Stagefright
D/FFmpegExtractor( 3692): ffmpeg detected media content as 'audio/vorbis' with confidence 0.08
D/WVMDrmPlugIn( 3691): WVMDrmPlugin::onInitialize : 4819
D/WVMDrmPlugIn( 3691): WVMDrmPlugin::onSetOnInfoListener : add 4819
D/WVMDrmPlugIn( 3691): WVMDrmPlugin::onTerminate : 4819
I/FFmpegExtractor( 3692): android-source:0xb570d7e0
I/FFMPEG  ( 3692): Input #0, ogg, from 'android-source:0xb570d7e0':
I/FFMPEG  ( 3692):   Duration: 00:00:02.01, start: 0.000000, bitrate: 137 kb/s
I/FFMPEG  ( 3692):     Stream #0:0: Audio: vorbis, 48000 Hz, stereo, fltp, 112 kb/s
I/FFMPEG  ( 3692):     Metadata:
I/FFMPEG  ( 3692):       TITLE           : Beat Box Android
D/FFmpegExtractor( 3692): FFmpegExtrator, url: android-source:0xb570d7e0, format_name: ogg, format_long_name: Ogg
I/FFmpegExtractor( 3692): adjust mime(application/ogg -> audio/vorbis)
D/FFmpegExtractor( 3692): suppoted codec(vorbis) by official Stagefright
D/FFmpegExtractor( 3692): ffmpeg detected media content as 'audio/vorbis' with confidence 0.08
W/libprocessgroup( 4122): failed to open /acct/uid_10003/pid_5594/cgroup.procs: No such file or directory
D/WVMDrmPlugIn( 3691): WVMDrmPlugin::onInitialize : 4502
D/WVMDrmPlugIn( 3691): WVMDrmPlugin::onSetOnInfoListener : add 4502
D/WVMDrmPlugIn( 3691): WVMDrmPlugin::onTerminate : 4502
I/FFmpegExtractor( 3692): android-source:0xb570da10
I/FFMPEG  ( 3692): Input #0, ogg, from 'android-source:0xb570da10':
I/FFMPEG  ( 3692):   Duration: 00:00:01.20, start: 0.000000, bitrate: 104 kb/s
I/FFMPEG  ( 3692):     Stream #0:0: Audio: vorbis, 44100 Hz, stereo, fltp, 112 kb/s
I/FFMPEG  ( 3692):     Metadata:
I/FFMPEG  ( 3692):       TITLE           : Bellatrix
D/FFmpegExtractor( 3692): FFmpegExtrator, url: android-source:0xb570da10, format_name: ogg, format_long_name: Ogg
I/FFmpegExtractor( 3692): adjust mime(application/ogg -> audio/vorbis)
D/FFmpegExtractor( 3692): suppoted codec(vorbis) by official Stagefright
D/FFmpegExtractor( 3692): ffmpeg detected media content as 'audio/vorbis' with confidence 0.08
D/WVMDrmPlugIn( 3691): WVMDrmPlugin::onInitialize : 6146
D/WVMDrmPlugIn( 3691): WVMDrmPlugin::onSetOnInfoListener : add 6146
D/WVMDrmPlugIn( 3691): WVMDrmPlugin::onTerminate : 6146
I/FFmpegExtractor( 3692): android-source:0xb570db50
I/FFMPEG  ( 3692): Input #0, ogg, from 'android-source:0xb570db50':
I/FFMPEG  ( 3692):   Duration: 00:00:01.40, start: 0.000000, bitrate: 110 kb/s
I/FFMPEG  ( 3692):     Stream #0:0: Audio: vorbis, 44100 Hz, stereo, fltp, 112 kb/s
D/FFmpegExtractor( 3692): FFmpegExtrator, url: android-source:0xb570db50, format_name: ogg, format_long_name: Ogg
I/FFmpegExtractor( 3692): adjust mime(application/ogg -> audio/vorbis)
D/FFmpegExtractor( 3692): suppoted codec(vorbis) by official Stagefright
D/FFmpegExtractor( 3692): ffmpeg detected media content as 'audio/vorbis' with confidence 0.08
E/ELEVEN  ( 5274): calling refresh!
D/WVMDrmPlugIn( 3691): WVMDrmPlugin::onInitialize : 5686
D/WVMDrmPlugIn( 3691): WVMDrmPlugin::onSetOnInfoListener : add 5686
D/WVMDrmPlugIn( 3691): WVMDrmPlugin::onTerminate : 5686
I/FFmpegExtractor( 3692): android-source:0xb570dc90
I/FFMPEG  ( 3692): Input #0, ogg, from 'android-source:0xb570dc90':
I/FFMPEG  ( 3692):   Duration: 00:00:01.07, start: 0.000000, bitrate: 120 kb/s
I/FFMPEG  ( 3692):     Stream #0:0: Audio: vorbis, 44100 Hz, mono, fltp, 96 kb/s
I/FFMPEG  ( 3692):     Metadata:
I/FFMPEG  ( 3692):       ANDROID_LOOP    : false
I/FFMPEG  ( 3692):       track           : 2d_ma09_thing2
I/FFMPEG  ( 3692):       TITLE           : Betelgeuse
I/FFMPEG  ( 3692):       ARTIST          : pdx
D/FFmpegExtractor( 3692): FFmpegExtrator, url: android-source:0xb570dc90, format_name: ogg, format_long_name: Ogg
I/FFmpegExtractor( 3692): adjust mime(application/ogg -> audio/vorbis)
D/FFmpegExtractor( 3692): suppoted codec(vorbis) by official Stagefright
D/FFmpegExtractor( 3692): ffmpeg detected media content as 'audio/vorbis' with confidence 0.08
D/WVMDrmPlugIn( 3691): WVMDrmPlugin::onInitialize : 5898
D/WVMDrmPlugIn( 3691): WVMDrmPlugin::onSetOnInfoListener : add 5898
D/WVMDrmPlugIn( 3691): WVMDrmPlugin::onTerminate : 5898
I/FFmpegExtractor( 3692): android-source:0xb3031060
I/FFMPEG  ( 3692): Input #0, ogg, from 'android-source:0xb3031060':
I/FFMPEG  ( 3692):   Duration: 00:00:01.92, start: 0.000000, bitrate: 79 kb/s
I/FFMPEG  ( 3692):     Stream #0:0: Audio: vorbis, 44100 Hz, mono, fltp, 80 kb/s
I/FFMPEG  ( 3692):     Metadata:
I/FFMPEG  ( 3692):       ARTIST          : Dr. MAD
I/FFMPEG  ( 3692):       TITLE           : Caffeinated Rattlesnake
D/FFmpegExtractor( 3692): FFmpegExtrator, url: android-source:0xb3031060, format_name: ogg, format_long_name: Ogg
I/FFmpegExtractor( 3692): adjust mime(application/ogg -> audio/vorbis)
D/FFmpegExtractor( 3692): suppoted codec(vorbis) by official Stagefright
D/FFmpegExtractor( 3692): ffmpeg detected media content as 'audio/vorbis' with confidence 0.08
D/WVMDrmPlugIn( 3691): WVMDrmPlugin::onInitialize : 6797
D/WVMDrmPlugIn( 3691): WVMDrmPlugin::onSetOnInfoListener : add 6797
D/WVMDrmPlugIn( 3691): WVMDrmPlugin::onTerminate : 6797
I/FFmpegExtractor( 3692): android-source:0xb3031290
I/FFMPEG  ( 3692): Input #0, ogg, from 'android-source:0xb3031290':
I/FFMPEG  ( 3692):   Duration: 00:00:00.71, start: 0.000000, bitrate: 135 kb/s
I/FFMPEG  ( 3692):     Stream #0:0: Audio: vorbis, 44100 Hz, stereo, fltp, 112 kb/s
I/FFMPEG  ( 3692):     Metadata:
I/FFMPEG  ( 3692):       TITLE           : Canopus
D/FFmpegExtractor( 3692): FFmpegExtrator, url: android-source:0xb3031290, format_name: ogg, format_long_name: Ogg
I/FFmpegExtractor( 3692): adjust mime(application/ogg -> audio/vorbis)
D/FFmpegExtractor( 3692): suppoted codec(vorbis) by official Stagefright
D/FFmpegExtractor( 3692): ffmpeg detected media content as 'audio/vorbis' with confidence 0.08
D/WVMDrmPlugIn( 3691): WVMDrmPlugin::onInitialize : 7185
D/WVMDrmPlugIn( 3691): WVMDrmPlugin::onSetOnInfoListener : add 7185
D/WVMDrmPlugIn( 3691): WVMDrmPlugin::onTerminate : 7185
I/FFmpegExtractor( 3692): android-source:0xb3031420
I/FFMPEG  ( 3692): Input #0, ogg, from 'android-source:0xb3031420':
I/FFMPEG  ( 3692):   Duration: 00:00:01.38, start: 0.000000, bitrate: 76 kb/s
I/FFMPEG  ( 3692):     Stream #0:0: Audio: vorbis, 44100 Hz, mono, fltp, 80 kb/s
I/FFMPEG  ( 3692):     Metadata:
I/FFMPEG  ( 3692):       ANDROID_LOOP    : false
I/FFMPEG  ( 3692):       TITLE           : Capella
D/FFmpegExtractor( 3692): FFmpegExtrator, url: android-source:0xb3031420, format_name: ogg, format_long_name: Ogg
I/FFmpegExtractor( 3692): adjust mime(application/ogg -> audio/vorbis)
D/FFmpegExtractor( 3692): suppoted codec(vorbis) by official Stagefright
D/FFmpegExtractor( 3692): ffmpeg detected media content as 'audio/vorbis' with confidence 0.08
D/WVMDrmPlugIn( 3691): WVMDrmPlugin::onInitialize : 6978
D/WVMDrmPlugIn( 3691): WVMDrmPlugin::onSetOnInfoListener : add 6978
D/WVMDrmPlugIn( 3691): WVMDrmPlugin::onTerminate : 6978
I/FFmpegExtractor( 3692): android-source:0xb3031740
I/FFMPEG  ( 3692): Input #0, ogg, from 'android-source:0xb3031740':
I/FFMPEG  ( 3692):   Duration: 00:00:01.26, start: 0.000000, bitrate: 221 kb/s
I/FFMPEG  ( 3692):     Stream #0:0: Audio: vorbis, 44100 Hz, stereo, fltp, 224 kb/s
I/FFMPEG  ( 3692):     Metadata:
I/FFMPEG  ( 3692):       TITLE           : Carme
D/FFmpegExtractor( 3692): FFmpegExtrator, url: android-source:0xb3031740, format_name: ogg, format_long_name: Ogg
I/FFmpegExtractor( 3692): adjust mime(application/ogg -> audio/vorbis)
D/FFmpegExtractor( 3692): suppoted codec(vorbis) by official Stagefright
D/FFmpegExtractor( 3692): ffmpeg detected media content as 'audio/vorbis' with confidence 0.08
D/WVMDrmPlugIn( 3691): WVMDrmPlugin::onInitialize : 4830
D/WVMDrmPlugIn( 3691): WVMDrmPlugin::onSetOnInfoListener : add 4830
D/WVMDrmPlugIn( 3691): WVMDrmPlugin::onTerminate : 4830
I/FFmpegExtractor( 3692): android-source:0xb3031920
I/FFMPEG  ( 3692): Input #0, ogg, from 'android-source:0xb3031920':
I/FFMPEG  ( 3692):   Duration: 00:00:01.57, start: 0.000000, bitrate: 74 kb/s
I/FFMPEG  ( 3692):     Stream #0:0: Audio: vorbis, 44100 Hz, mono, fltp, 80 kb/s
I/FFMPEG  ( 3692):     Metadata:
I/FFMPEG  ( 3692):       ANDROID_LOOP    : false
I/FFMPEG  ( 3692):       track           : 2dB102b
I/FFMPEG  ( 3692):       TITLE           : Castor
I/FFMPEG  ( 3692):       ARTIST          : pdx
D/FFmpegExtractor( 3692): FFmpegExtrator, url: android-source:0xb3031920, format_name: ogg, format_long_name: Ogg
I/FFmpegExtractor( 3692): adjust mime(application/ogg -> audio/vorbis)
D/FFmpegExtractor( 3692): suppoted codec(vorbis) by official Stagefright
D/FFmpegExtractor( 3692): ffmpeg detected media content as 'audio/vorbis' with confidence 0.08
D/WVMDrmPlugIn( 3691): WVMDrmPlugin::onInitialize : 7372
D/WVMDrmPlugIn( 3691): WVMDrmPlugin::onSetOnInfoListener : add 7372
D/WVMDrmPlugIn( 3691): WVMDrmPlugin::onTerminate : 7372
I/FFmpegExtractor( 3692): android-source:0xb30319c0
I/FFMPEG  ( 3692): Input #0, ogg, from 'android-source:0xb30319c0':
I/FFMPEG  ( 3692):   Duration: 00:00:01.26, start: 0.000000, bitrate: 252 kb/s
I/FFMPEG  ( 3692):     Stream #0:0: Audio: vorbis, 44100 Hz, stereo, fltp, 224 kb/s
I/FFMPEG  ( 3692):     Metadata:
I/FFMPEG  ( 3692):       TITLE           : Ceres
D/FFmpegExtractor( 3692): FFmpegExtrator, url: android-source:0xb30319c0, format_name: ogg, format_long_name: Ogg
I/FFmpegExtractor( 3692): adjust mime(application/ogg -> audio/vorbis)
D/FFmpegExtractor( 3692): suppoted codec(vorbis) by official Stagefright
D/FFmpegExtractor( 3692): ffmpeg detected media content as 'audio/vorbis' with confidence 0.08
D/WVMDrmPlugIn( 3691): WVMDrmPlugin::onInitialize : 5980
D/WVMDrmPlugIn( 3691): WVMDrmPlugin::onSetOnInfoListener : add 5980
D/WVMDrmPlugIn( 3691): WVMDrmPlugin::onTerminate : 5980
I/FFmpegExtractor( 3692): android-source:0xb3031bf0
I/FFMPEG  ( 3692): Input #0, ogg, from 'android-source:0xb3031bf0':
I/FFMPEG  ( 3692):   Duration: 00:00:02.88, start: 0.000000, bitrate: 72 kb/s
I/FFMPEG  ( 3692):     Stream #0:0: Audio: vorbis, 44100 Hz, mono, fltp, 75 kb/s
I/FFMPEG  ( 3692):     Metadata:
I/FFMPEG  ( 3692):       COPYRIGHT       : Copyright (c) 2009 Android Open Source Project
I/FFMPEG  ( 3692):       TITLE           : Ceti Alpha
D/FFmpegExtractor( 3692): FFmpegExtrator, url: android-source:0xb3031bf0, format_name: ogg, format_long_name: Ogg
I/FFmpegExtractor( 3692): adjust mime(application/ogg -> audio/vorbis)
D/FFmpegExtractor( 3692): suppoted codec(vorbis) by official Stagefright
D/FFmpegExtractor( 3692): ffmpeg detected media content as 'audio/vorbis' with confidence 0.08
D/WVMDrmPlugIn( 3691): WVMDrmPlugin::onInitialize : 5182
D/WVMDrmPlugIn( 3691): WVMDrmPlugin::onSetOnInfoListener : add 5182
D/WVMDrmPlugIn( 3691): WVMDrmPlugin::onTerminate : 5182
I/FFmpegExtractor( 3692): android-source:0xb3031290
I/FFMPEG  ( 3692): Input #0, ogg, from 'android-source:0xb3031290':
I/FFMPEG  ( 3692):   Duration: 00:00:01.60, start: 0.000000, bitrate: 90 kb/s
I/FFMPEG  ( 3692):     Stream #0:0: Audio: vorbis, 44100 Hz, stereo, fltp, 112 kb/s
D/FFmpegExtractor( 3692): FFmpegExtrator, url: android-source:0xb3031290, format_name: ogg, format_long_name: Ogg
I/FFmpegExtractor( 3692): adjust mime(application/ogg -> audio/vorbis)
D/FFmpegExtractor( 3692): suppoted codec(vorbis) by official Stagefright
D/FFmpegExtractor( 3692): ffmpeg detected media content as 'audio/vorbis' with confidence 0.08
D/WVMDrmPlugIn( 3691): WVMDrmPlugin::onInitialize : 7895
D/WVMDrmPlugIn( 3691): WVMDrmPlugin::onSetOnInfoListener : add 7895
D/WVMDrmPlugIn( 3691): WVMDrmPlugin::onTerminate : 7895
I/FFmpegExtractor( 3692): android-source:0xb3031600
I/FFMPEG  ( 3692): Input #0, ogg, from 'android-source:0xb3031600':
I/FFMPEG  ( 3692):   Duration: 00:00:00.89, start: 0.000000, bitrate: 98 kb/s
I/FFMPEG  ( 3692):     Stream #0:0: Audio: vorbis, 44100 Hz, mono, fltp, 75 kb/s
I/FFMPEG  ( 3692):     Metadata:
I/FFMPEG  ( 3692):       COPYRIGHT       : Copyright (c) 2009 Android Open Source Project
I/FFMPEG  ( 3692):       TITLE           : Cricket
I/FFMPEG  ( 3692):       ARTIST          : Dave Sparks
D/FFmpegExtractor( 3692): FFmpegExtrator, url: android-source:0xb3031600, format_name: ogg, format_long_name: Ogg
I/FFmpegExtractor( 3692): adjust mime(application/ogg -> audio/vorbis)
D/FFmpegExtractor( 3692): suppoted codec(vorbis) by official Stagefright
D/FFmpegExtractor( 3692): ffmpeg detected media content as 'audio/vorbis' with confidence 0.08
D/WVMDrmPlugIn( 3691): WVMDrmPlugin::onInitialize : 5915
D/WVMDrmPlugIn( 3691): WVMDrmPlugin::onSetOnInfoListener : add 5915
D/WVMDrmPlugIn( 3691): WVMDrmPlugin::onTerminate : 5915
I/FFmpegExtractor( 3692): android-source:0xb3031240
I/FFMPEG  ( 3692): Input #0, ogg, from 'android-source:0xb3031240':
I/FFMPEG  ( 3692):   Duration: 00:00:01.88, start: 0.000000, bitrate: 44 kb/s
I/FFMPEG  ( 3692):     Stream #0:0: Audio: vorbis, 44100 Hz, stereo, fltp, 128 kb/s
I/FFMPEG  ( 3692):     Metadata:
I/FFMPEG  ( 3692):       TITLE           : CyanDoink
I/FFMPEG  ( 3692):       ENCODER         : FL Studio
D/FFmpegExtractor( 3692): FFmpegExtrator, url: android-source:0xb3031240, format_name: ogg, format_long_name: Ogg
I/FFmpegExtractor( 3692): adjust mime(application/ogg -> audio/vorbis)
D/FFmpegExtractor( 3692): suppoted codec(vorbis) by official Stagefright
D/FFmpegExtractor( 3692): ffmpeg detected media content as 'audio/vorbis' with confidence 0.08
D/WVMDrmPlugIn( 3691): WVMDrmPlugin::onInitialize : 7499
D/WVMDrmPlugIn( 3691): WVMDrmPlugin::onSetOnInfoListener : add 7499
D/WVMDrmPlugIn( 3691): WVMDrmPlugin::onTerminate : 7499
I/FFmpegExtractor( 3692): android-source:0xb3031150
I/FFMPEG  ( 3692): Input #0, ogg, from 'android-source:0xb3031150':
I/FFMPEG  ( 3692):   Duration: 00:00:01.85, start: 0.000000, bitrate: 473 kb/s
I/FFMPEG  ( 3692):     Stream #0:0: Audio: vorbis, 44100 Hz, stereo, fltp, 450 kb/s
I/FFMPEG  ( 3692):     Metadata:
I/FFMPEG  ( 3692):       ENCODER         : FL Studio
D/FFmpegExtractor( 3692): FFmpegExtrator, url: android-source:0xb3031150, format_name: ogg, format_long_name: Ogg
I/FFmpegExtractor( 3692): adjust mime(application/ogg -> audio/vorbis)
D/FFmpegExtractor( 3692): suppoted codec(vorbis) by official Stagefright
D/FFmpegExtractor( 3692): ffmpeg detected media content as 'audio/vorbis' with confidence 0.08
D/WVMDrmPlugIn( 3691): WVMDrmPlugin::onInitialize : 7165
D/WVMDrmPlugIn( 3691): WVMDrmPlugin::onSetOnInfoListener : add 7165
D/WVMDrmPlugIn( 3691): WVMDrmPlugin::onTerminate : 7165
I/FFmpegExtractor( 3692): android-source:0xb570dd80
I/FFMPEG  ( 3692): Input #0, ogg, from 'android-source:0xb570dd80':
I/FFMPEG  ( 3692):   Duration: 00:00:01.85, start: 0.000000, bitrate: 244 kb/s
I/FFMPEG  ( 3692):     Stream #0:0: Audio: vorbis, 44100 Hz, stereo, fltp, 450 kb/s
I/FFMPEG  ( 3692):     Metadata:
I/FFMPEG  ( 3692):       ENCODER         : FL Studio
D/FFmpegExtractor( 3692): FFmpegExtrator, url: android-source:0xb570dd80, format_name: ogg, format_long_name: Ogg
I/FFmpegExtractor( 3692): adjust mime(application/ogg -> audio/vorbis)
D/FFmpegExtractor( 3692): suppoted codec(vorbis) by official Stagefright
D/FFmpegExtractor( 3692): ffmpeg detected media content as 'audio/vorbis' with confidence 0.08
D/WVMDrmPlugIn( 3691): WVMDrmPlugin::onInitialize : 6295
D/WVMDrmPlugIn( 3691): WVMDrmPlugin::onSetOnInfoListener : add 6295
D/WVMDrmPlugIn( 3691): WVMDrmPlugin::onTerminate : 6295
I/FFmpegExtractor( 3692): android-source:0xb3031240
I/FFMPEG  ( 3692): Input #0, ogg, from 'android-source:0xb3031240':
I/FFMPEG  ( 3692):   Duration: 00:00:01.92, start: 0.000000, bitrate: 77 kb/s
I/FFMPEG  ( 3692):     Stream #0:0: Audio: vorbis, 44100 Hz, mono, fltp, 80 kb/s
I/FFMPEG  ( 3692):     Metadata:
I/FFMPEG  ( 3692):       ARTIST          : Dr. MAD
I/FFMPEG  ( 3692):       TITLE           : Dear Deer
D/FFmpegExtractor( 3692): FFmpegExtrator, url: android-source:0xb3031240, format_name: ogg, format_long_name: Ogg
I/FFmpegExtractor( 3692): adjust mime(application/ogg -> audio/vorbis)
D/FFmpegExtractor( 3692): suppoted codec(vorbis) by official Stagefright
D/FFmpegExtractor( 3692): ffmpeg detected media content as 'audio/vorbis' with confidence 0.08
D/WVMDrmPlugIn( 3691): WVMDrmPlugin::onInitialize : 4540
D/WVMDrmPlugIn( 3691): WVMDrmPlugin::onSetOnInfoListener : add 4540
D/WVMDrmPlugIn( 3691): WVMDrmPlugin::onTerminate : 4540
I/FFmpegExtractor( 3692): android-source:0xb30310b0
I/FFMPEG  ( 3692): Input #0, ogg, from 'android-source:0xb30310b0':
I/FFMPEG  ( 3692):   Duration: 00:00:01.67, start: 0.000000, bitrate: 69 kb/s
I/FFMPEG  ( 3692):     Stream #0:0: Audio: vorbis, 44100 Hz, mono, fltp, 80 kb/s
I/FFMPEG  ( 3692):     Metadata:
I/FFMPEG  ( 3692):       ANDROID_LOOP    : false
I/FFMPEG  ( 3692):       track           : 2d209c
I/FFMPEG  ( 3692):       TITLE           : Deneb
I/FFMPEG  ( 3692):       ARTIST          : pdx
D/FFmpegExtractor( 3692): FFmpegExtrator, url: android-source:0xb30310b0, format_name: ogg, format_long_name: Ogg
I/FFmpegExtractor( 3692): adjust mime(application/ogg -> audio/vorbis)
D/FFmpegExtractor( 3692): suppoted codec(vorbis) by official Stagefright
D/FFmpegExtractor( 3692): ffmpeg detected media content as 'audio/vorbis' with confidence 0.08
D/WVMDrmPlugIn( 3691): WVMDrmPlugin::onInitialize : 4727
D/WVMDrmPlugIn( 3691): WVMDrmPlugin::onSetOnInfoListener : add 4727
D/WVMDrmPlugIn( 3691): WVMDrmPlugin::onTerminate : 4727
I/FFmpegExtractor( 3692): android-source:0xb30311f0
I/FFMPEG  ( 3692): Input #0, ogg, from 'android-source:0xb30311f0':
I/FFMPEG  ( 3692):   Duration: 00:00:00.36, start: 0.000000, bitrate: 197 kb/s
I/FFMPEG  ( 3692):     Stream #0:0: Audio: vorbis, 44100 Hz, mono, fltp, 75 kb/s
I/FFMPEG  ( 3692):     Metadata:
I/FFMPEG  ( 3692):       COPYRIGHT       : Copyright (c) 2009 Android Open Source Project
I/FFMPEG  ( 3692):       TITLE           : Doink
I/FFMPEG  ( 3692):       ARTIST          : Dave Sparks
D/FFmpegExtractor( 3692): FFmpegExtrator, url: android-source:0xb30311f0, format_name: ogg, format_long_name: Ogg
I/FFmpegExtractor( 3692): adjust mime(application/ogg -> audio/vorbis)
D/FFmpegExtractor( 3692): suppoted codec(vorbis) by official Stagefright
D/FFmpegExtractor( 3692): ffmpeg detected media content as 'audio/vorbis' with confidence 0.08
D/WVMDrmPlugIn( 3691): WVMDrmPlugin::onInitialize : 4860
D/WVMDrmPlugIn( 3691): WVMDrmPlugin::onSetOnInfoListener : add 4860
D/WVMDrmPlugIn( 3691): WVMDrmPlugin::onTerminate : 4860
I/FFmpegExtractor( 3692): android-source:0xb3031c40
I/FFMPEG  ( 3692): Input #0, ogg, from 'android-source:0xb3031c40':
I/FFMPEG  ( 3692):   Duration: 00:00:01.92, start: 0.000000, bitrate: 70 kb/s
I/FFMPEG  ( 3692):     Stream #0:0: Audio: vorbis, 44100 Hz, mono, fltp, 80 kb/s
I/FFMPEG  ( 3692):     Metadata:
I/FFMPEG  ( 3692):       ARTIST          : Dr. MAD
I/FFMPEG  ( 3692):       TITLE           : Don't Panic
D/FFmpegExtractor( 3692): FFmpegExtrator, url: android-source:0xb3031c40, format_name: ogg, format_long_name: Ogg
I/FFmpegExtractor( 3692): adjust mime(application/ogg -> audio/vorbis)
D/FFmpegExtractor( 3692): suppoted codec(vorbis) by official Stagefright
D/FFmpegExtractor( 3692): ffmpeg detected media content as 'audio/vorbis' with confidence 0.08
D/WVMDrmPlugIn( 3691): WVMDrmPlugin::onInitialize : 5298
D/WVMDrmPlugIn( 3691): WVMDrmPlugin::onSetOnInfoListener : add 5298
D/WVMDrmPlugIn( 3691): WVMDrmPlugin::onTerminate : 5298
I/FFmpegExtractor( 3692): android-source:0xb3031b00
I/FFMPEG  ( 3692): Input #0, ogg, from 'android-source:0xb3031b00':
I/FFMPEG  ( 3692):   Duration: 00:00:01.24, start: 0.000000, bitrate: 85 kb/s
I/FFMPEG  ( 3692):     Stream #0:0: Audio: vorbis, 44100 Hz, mono, fltp, 75 kb/s
I/FFMPEG  ( 3692):     Metadata:
I/FFMPEG  ( 3692):       COPYRIGHT       : Copyright (c) 2009 Android Open Source Project
I/FFMPEG  ( 3692):       TITLE           : Drip
I/FFMPEG  ( 3692):       ARTIST          : Dave Sparks
D/FFmpegExtractor( 3692): FFmpegExtrator, url: android-source:0xb3031b00, format_name: ogg, format_long_name: Ogg
I/FFmpegExtractor( 3692): adjust mime(application/ogg -> audio/vorbis)
D/FFmpegExtractor( 3692): suppoted codec(vorbis) by official Stagefright
D/FFmpegExtractor( 3692): ffmpeg detected media content as 'audio/vorbis' with confidence 0.08
D/WVMDrmPlugIn( 3691): WVMDrmPlugin::onInitialize : 5891
D/WVMDrmPlugIn( 3691): WVMDrmPlugin::onSetOnInfoListener : add 5891
D/WVMDrmPlugIn( 3691): WVMDrmPlugin::onTerminate : 5891
I/FFmpegExtractor( 3692): android-source:0xb3031a10
I/FFMPEG  ( 3692): Input #0, ogg, from 'android-source:0xb3031a10':
I/FFMPEG  ( 3692):   Duration: 00:00:00.96, start: 0.000000, bitrate: 307 kb/s
I/FFMPEG  ( 3692):     Stream #0:0: Audio: vorbis, 44100 Hz, stereo, fltp, 224 kb/s
I/FFMPEG  ( 3692):     Metadata:
I/FFMPEG  ( 3692):       TITLE           : Elara
D/FFmpegExtractor( 3692): FFmpegExtrator, url: android-source:0xb3031a10, format_name: ogg, format_long_name: Ogg
I/FFmpegExtractor( 3692): adjust mime(application/ogg -> audio/vorbis)
D/FFmpegExtractor( 3692): suppoted codec(vorbis) by official Stagefright
D/FFmpegExtractor( 3692): ffmpeg detected media content as 'audio/vorbis' with confidence 0.08
D/WVMDrmPlugIn( 3691): WVMDrmPlugin::onInitialize : 5758
D/WVMDrmPlugIn( 3691): WVMDrmPlugin::onSetOnInfoListener : add 5758
D/WVMDrmPlugIn( 3691): WVMDrmPlugin::onTerminate : 5758
I/FFmpegExtractor( 3692): android-source:0xb3031790
I/FFMPEG  ( 3692): Input #0, ogg, from 'android-source:0xb3031790':
I/FFMPEG  ( 3692):   Duration: 00:00:02.09, start: 0.000000, bitrate: 58 kb/s
I/FFMPEG  ( 3692):     Stream #0:0: Audio: vorbis, 44100 Hz, mono, fltp, 80 kb/s
I/FFMPEG  ( 3692):     Metadata:
I/FFMPEG  ( 3692):       ANDROID_LOOP    : false
I/FFMPEG  ( 3692):       track           : 2d206a
I/FFMPEG  ( 3692):       TITLE           : Electra
I/FFMPEG  ( 3692):       ARTIST          : pdx
D/FFmpegExtractor( 3692): FFmpegExtrator, url: android-source:0xb3031790, format_name: ogg, format_long_name: Ogg
I/FFmpegExtractor( 3692): adjust mime(application/ogg -> audio/vorbis)
D/FFmpegExtractor( 3692): suppoted codec(vorbis) by official Stagefright
D/FFmpegExtractor( 3692): ffmpeg detected media content as 'audio/vorbis' with confidence 0.08
D/WVMDrmPlugIn( 3691): WVMDrmPlugin::onInitialize : 7009
D/WVMDrmPlugIn( 3691): WVMDrmPlugin::onSetOnInfoListener : add 7009
D/WVMDrmPlugIn( 3691): WVMDrmPlugin::onTerminate : 7009
I/FFmpegExtractor( 3692): android-source:0xb30316f0
I/FFMPEG  ( 3692): Input #0, ogg, from 'android-source:0xb30316f0':
I/FFMPEG  ( 3692):   Duration: 00:00:00.88, start: 0.000000, bitrate: 239 kb/s
I/FFMPEG  ( 3692):     Stream #0:0: Audio: vorbis, 44100 Hz, stereo, fltp, 224 kb/s
I/FFMPEG  ( 3692):     Metadata:
I/FFMPEG  ( 3692):       TITLE           : Europa
D/FFmpegExtractor( 3692): FFmpegExtrator, url: android-source:0xb30316f0, format_name: ogg, format_long_name: Ogg
I/FFmpegExtractor( 3692): adjust mime(application/ogg -> audio/vorbis)
D/FFmpegExtractor( 3692): suppoted codec(vorbis) by official Stagefright
D/FFmpegExtractor( 3692): ffmpeg detected media content as 'audio/vorbis' with confidence 0.08
D/WVMDrmPlugIn( 3691): WVMDrmPlugin::onInitialize : 6539
D/WVMDrmPlugIn( 3691): WVMDrmPlugin::onSetOnInfoListener : add 6539
D/WVMDrmPlugIn( 3691): WVMDrmPlugin::onTerminate : 6539
I/FFmpegExtractor( 3692): android-source:0xb2c9d1a0
I/FFMPEG  ( 3692): Input #0, ogg, from 'android-source:0xb2c9d1a0':
I/FFMPEG  ( 3692):   Duration: 00:00:00.71, start: 0.000000, bitrate: 135 kb/s
I/FFMPEG  ( 3692):     Stream #0:0: Audio: vorbis, 44100 Hz, stereo, fltp, 112 kb/s
I/FFMPEG  ( 3692):     Metadata:
I/FFMPEG  ( 3692):       TITLE           : Missed It
D/FFmpegExtractor( 3692): FFmpegExtrator, url: android-source:0xb2c9d1a0, format_name: ogg, format_long_name: Ogg
I/FFmpegExtractor( 3692): adjust mime(application/ogg -> audio/vorbis)
D/FFmpegExtractor( 3692): suppoted codec(vorbis) by official Stagefright
D/FFmpegExtractor( 3692): ffmpeg detected media content as 'audio/vorbis' with confidence 0.08
D/WVMDrmPlugIn( 3691): WVMDrmPlugin::onInitialize : 4694
D/WVMDrmPlugIn( 3691): WVMDrmPlugin::onSetOnInfoListener : add 4694
D/WVMDrmPlugIn( 3691): WVMDrmPlugin::onTerminate : 4694
I/FFmpegExtractor( 3692): android-source:0xb30316f0
I/FFMPEG  ( 3692): Input #0, ogg, from 'android-source:0xb30316f0':
I/FFMPEG  ( 3692):   Duration: 00:00:01.31, start: 0.000000, bitrate: 128 kb/s
I/FFMPEG  ( 3692):     Stream #0:0: Audio: vorbis, 44100 Hz, stereo, fltp, 112 kb/s
I/FFMPEG  ( 3692):     Metadata:
I/FFMPEG  ( 3692):       TITLE           : Captain's Log
D/FFmpegExtractor( 3692): FFmpegExtrator, url: android-source:0xb30316f0, format_name: ogg, format_long_name: Ogg
I/FFmpegExtractor( 3692): adjust mime(application/ogg -> audio/vorbis)
D/FFmpegExtractor( 3692): suppoted codec(vorbis) by official Stagefright
D/FFmpegExtractor( 3692): ffmpeg detected media content as 'audio/vorbis' with confidence 0.08
D/WVMDrmPlugIn( 3691): WVMDrmPlugin::onInitialize : 6252
D/WVMDrmPlugIn( 3691): WVMDrmPlugin::onSetOnInfoListener : add 6252
D/WVMDrmPlugIn( 3691): WVMDrmPlugin::onTerminate : 6252
I/FFmpegExtractor( 3692): android-source:0xb2c9d1a0
I/FFMPEG  ( 3692): Input #0, ogg, from 'android-source:0xb2c9d1a0':
I/FFMPEG  ( 3692):   Duration: 00:00:00.65, start: 0.000000, bitrate: 146 kb/s
I/FFMPEG  ( 3692):     Stream #0:0: Audio: vorbis, 44100 Hz, stereo, fltp, 112 kb/s
I/FFMPEG  ( 3692):     Metadata:
I/FFMPEG  ( 3692):       TITLE           : Look At Me
D/FFmpegExtractor( 3692): FFmpegExtrator, url: android-source:0xb2c9d1a0, format_name: ogg, format_long_name: Ogg
I/FFmpegExtractor( 3692): adjust mime(application/ogg -> audio/vorbis)
D/FFmpegExtractor( 3692): suppoted codec(vorbis) by official Stagefright
D/FFmpegExtractor( 3692): ffmpeg detected media content as 'audio/vorbis' with confidence 0.08
D/WVMDrmPlugIn( 3691): WVMDrmPlugin::onInitialize : 5798
D/WVMDrmPlugIn( 3691): WVMDrmPlugin::onSetOnInfoListener : add 5798
D/WVMDrmPlugIn( 3691): WVMDrmPlugin::onTerminate : 5798
I/FFmpegExtractor( 3692): android-source:0xb2c9d470
I/FFMPEG  ( 3692): Input #0, ogg, from 'android-source:0xb2c9d470':
I/FFMPEG  ( 3692):   Duration: 00:00:01.60, start: 0.000000, bitrate: 93 kb/s
I/FFMPEG  ( 3692):     Stream #0:0: Audio: vorbis, 44100 Hz, stereo, fltp, 112 kb/s
D/FFmpegExtractor( 3692): FFmpegExtrator, url: android-source:0xb2c9d470, format_name: ogg, format_long_name: Ogg
I/FFmpegExtractor( 3692): adjust mime(application/ogg -> audio/vorbis)
D/FFmpegExtractor( 3692): suppoted codec(vorbis) by official Stagefright
D/FFmpegExtractor( 3692): ffmpeg detected media content as 'audio/vorbis' with confidence 0.08
D/WVMDrmPlugIn( 3691): WVMDrmPlugin::onInitialize : 6638
D/WVMDrmPlugIn( 3691): WVMDrmPlugin::onSetOnInfoListener : add 6638
D/WVMDrmPlugIn( 3691): WVMDrmPlugin::onTerminate : 6638
I/FFmpegExtractor( 3692): android-source:0xb3031740
I/FFMPEG  ( 3692): Input #0, ogg, from 'android-source:0xb3031740':
I/FFMPEG  ( 3692):   Duration: 00:00:02.30, start: 0.000000, bitrate: 76 kb/s
I/FFMPEG  ( 3692):     Stream #0:0: Audio: vorbis, 44100 Hz, mono, fltp, 80 kb/s
I/FFMPEG  ( 3692):     Metadata:
I/FFMPEG  ( 3692):       ANDROID_LOOP    : false
I/FFMPEG  ( 3692):       track           : 3d207b2
I/FFMPEG  ( 3692):       TITLE           : Fomalhaut
I/FFMPEG  ( 3692):       ARTIST          : pdx
D/FFmpegExtractor( 3692): FFmpegExtrator, url: android-source:0xb3031740, format_name: ogg, format_long_name: Ogg
I/FFmpegExtractor( 3692): adjust mime(application/ogg -> audio/vorbis)
D/FFmpegExtractor( 3692): suppoted codec(vorbis) by official Stagefright
D/FFmpegExtractor( 3692): ffmpeg detected media content as 'audio/vorbis' with confidence 0.08
D/WVMDrmPlugIn( 3691): WVMDrmPlugin::onInitialize : 5291
D/WVMDrmPlugIn( 3691): WVMDrmPlugin::onSetOnInfoListener : add 5291
D/WVMDrmPlugIn( 3691): WVMDrmPlugin::onTerminate : 5291
I/FFmpegExtractor( 3692): android-source:0xb30316f0
I/FFMPEG  ( 3692): Input #0, ogg, from 'android-source:0xb30316f0':
I/FFMPEG  ( 3692):   Duration: 00:00:00.80, start: 0.000000, bitrate: 122 kb/s
I/FFMPEG  ( 3692):     Stream #0:0: Audio: vorbis, 44100 Hz, stereo, fltp, 112 kb/s
D/FFmpegExtractor( 3692): FFmpegExtrator, url: android-source:0xb30316f0, format_name: ogg, format_long_name: Ogg
I/FFmpegExtractor( 3692): adjust mime(application/ogg -> audio/vorbis)
D/FFmpegExtractor( 3692): suppoted codec(vorbis) by official Stagefright
D/FFmpegExtractor( 3692): ffmpeg detected media content as 'audio/vorbis' with confidence 0.08
D/WVMDrmPlugIn( 3691): WVMDrmPlugin::onInitialize : 6879
D/WVMDrmPlugIn( 3691): WVMDrmPlugin::onSetOnInfoListener : add 6879
D/WVMDrmPlugIn( 3691): WVMDrmPlugin::onTerminate : 6879
I/FFmpegExtractor( 3692): android-source:0xb2c9d150
I/FFMPEG  ( 3692): Input #0, ogg, from 'android-source:0xb2c9d150':
I/FFMPEG  ( 3692):   Duration: 00:00:02.01, start: 0.000000, bitrate: 153 kb/s
I/FFMPEG  ( 3692):     Stream #0:0: Audio: vorbis, 48000 Hz, stereo, fltp, 112 kb/s
I/FFMPEG  ( 3692):     Metadata:
I/FFMPEG  ( 3692):       TITLE           : Heaven
D/FFmpegExtractor( 3692): FFmpegExtrator, url: android-source:0xb2c9d150, format_name: ogg, format_long_name: Ogg
I/FFmpegExtractor( 3692): adjust mime(application/ogg -> audio/vorbis)
D/FFmpegExtractor( 3692): suppoted codec(vorbis) by official Stagefright
D/FFmpegExtractor( 3692): ffmpeg detected media content as 'audio/vorbis' with confidence 0.08
D/WVMDrmPlugIn( 3691): WVMDrmPlugin::onInitialize : 7361
D/WVMDrmPlugIn( 3691): WVMDrmPlugin::onSetOnInfoListener : add 7361
D/WVMDrmPlugIn( 3691): WVMDrmPlugin::onTerminate : 7361
I/FFmpegExtractor( 3692): android-source:0xb570d7e0
I/FFMPEG  ( 3692): Input #0, ogg, from 'android-source:0xb570d7e0':
I/FFMPEG  ( 3692):   Duration: 00:00:00.30, start: 0.000000, bitrate: 198 kb/s
I/FFMPEG  ( 3692):     Stream #0:0: Audio: vorbis, 44100 Hz, stereo, fltp, 112 kb/s
I/FFMPEG  ( 3692):     Metadata:
I/FFMPEG  ( 3692):       ANDROID_LOOP    : false
I/FFMPEG  ( 3692):       TITLE           : Helium
D/FFmpegExtractor( 3692): FFmpegExtrator, url: android-source:0xb570d7e0, format_name: ogg, format_long_name: Ogg
I/FFmpegExtractor( 3692): adjust mime(application/ogg -> audio/vorbis)
D/FFmpegExtractor( 3692): suppoted codec(vorbis) by official Stagefright
D/FFmpegExtractor( 3692): ffmpeg detected media content as 'audio/vorbis' with confidence 0.08
D/WVMDrmPlugIn( 3691): WVMDrmPlugin::onInitialize : 5697
D/WVMDrmPlugIn( 3691): WVMDrmPlugin::onSetOnInfoListener : add 5697
D/WVMDrmPlugIn( 3691): WVMDrmPlugin::onTerminate : 5697
I/FFmpegExtractor( 3692): android-source:0xb570d4c0
I/FFMPEG  ( 3692): Input #0, ogg, from 'android-source:0xb570d4c0':
I/FFMPEG  ( 3692):   Duration: 00:00:01.92, start: 0.000000, bitrate: 76 kb/s
I/FFMPEG  ( 3692):     Stream #0:0: Audio: vorbis, 44100 Hz, mono, fltp, 80 kb/s
I/FFMPEG  ( 3692):     Metadata:
I/FFMPEG  ( 3692):       ARTIST          : Dr. MAD
I/FFMPEG  ( 3692):       TITLE           : Highwire
D/FFmpegExtractor( 3692): FFmpegExtrator, url: android-source:0xb570d4c0, format_name: ogg, format_long_name: Ogg
I/FFmpegExtractor( 3692): adjust mime(application/ogg -> audio/vorbis)
D/FFmpegExtractor( 3692): suppoted codec(vorbis) by official Stagefright
D/FFmpegExtractor( 3692): ffmpeg detected media content as 'audio/vorbis' with confidence 0.08
D/WVMDrmPlugIn( 3691): WVMDrmPlugin::onInitialize : 4833
D/WVMDrmPlugIn( 3691): WVMDrmPlugin::onSetOnInfoListener : add 4833
D/WVMDrmPlugIn( 3691): WVMDrmPlugin::onTerminate : 4833
I/FFmpegExtractor( 3692): android-source:0xb570d470
I/FFMPEG  ( 3692): Input #0, ogg, from 'android-source:0xb570d470':
I/FFMPEG  ( 3692):   Duration: 00:00:01.20, start: 0.000000, bitrate: 93 kb/s
I/FFMPEG  ( 3692):     Stream #0:0: Audio: vorbis, 44100 Hz, stereo, fltp, 96 kb/s
I/FFMPEG  ( 3692):     Metadata:
I/FFMPEG  ( 3692):       TITLE           : Hojus
D/FFmpegExtractor( 3692): FFmpegExtrator, url: android-source:0xb570d470, format_name: ogg, format_long_name: Ogg
I/FFmpegExtractor( 3692): adjust mime(application/ogg -> audio/vorbis)
D/FFmpegExtractor( 3692): suppoted codec(vorbis) by official Stagefright
D/FFmpegExtractor( 3692): ffmpeg detected media content as 'audio/vorbis' with confidence 0.08
D/WVMDrmPlugIn( 3691): WVMDrmPlugin::onInitialize : 4855
D/WVMDrmPlugIn( 3691): WVMDrmPlugin::onSetOnInfoListener : add 4855
D/WVMDrmPlugIn( 3691): WVMDrmPlugin::onTerminate : 4855
I/FFmpegExtractor( 3692): android-source:0xb570d330
I/FFMPEG  ( 3692): Input #0, ogg, from 'android-source:0xb570d330':
I/FFMPEG  ( 3692):   Duration: 00:00:01.75, start: 0.000000, bitrate: 205 kb/s
I/FFMPEG  ( 3692):     Stream #0:0: Audio: vorbis, 44100 Hz, stereo, fltp, 224 kb/s
I/FFMPEG  ( 3692):     Metadata:
I/FFMPEG  ( 3692):       TITLE           : Iapetus
D/FFmpegExtractor( 3692): FFmpegExtrator, url: android-source:0xb570d330, format_name: ogg, format_long_name: Ogg
I/FFmpegExtractor( 3692): adjust mime(application/ogg -> audio/vorbis)
D/FFmpegExtractor( 3692): suppoted codec(vorbis) by official Stagefright
D/FFmpegExtractor( 3692): ffmpeg detected media content as 'audio/vorbis' with confidence 0.08
D/WVMDrmPlugIn( 3691): WVMDrmPlugin::onInitialize : 7499
D/WVMDrmPlugIn( 3691): WVMDrmPlugin::onSetOnInfoListener : add 7499
D/WVMDrmPlugIn( 3691): WVMDrmPlugin::onTerminate : 7499
I/FFmpegExtractor( 3692): android-source:0xb3031740
I/FFMPEG  ( 3692): Input #0, ogg, from 'android-source:0xb3031740':
I/FFMPEG  ( 3692):   Duration: 00:00:01.18, start: 0.000000, bitrate: 272 kb/s
I/FFMPEG  ( 3692):     Stream #0:0: Audio: vorbis, 44100 Hz, stereo, fltp, 224 kb/s
I/FFMPEG  ( 3692):     Metadata:
I/FFMPEG  ( 3692):       TITLE           : Io
D/FFmpegExtractor( 3692): FFmpegExtrator, url: android-source:0xb3031740, format_name: ogg, format_long_name: Ogg
I/FFmpegExtractor( 3692): adjust mime(application/ogg -> audio/vorbis)
D/FFmpegExtractor( 3692): suppoted codec(vorbis) by official Stagefright
D/FFmpegExtractor( 3692): ffmpeg detected media content as 'audio/vorbis' with confidence 0.08
D/WVMDrmPlugIn( 3691): WVMDrmPlugin::onInitialize : 7534
D/WVMDrmPlugIn( 3691): WVMDrmPlugin::onSetOnInfoListener : add 7534
D/WVMDrmPlugIn( 3691): WVMDrmPlugin::onTerminate : 7534
I/FFmpegExtractor( 3692): android-source:0xb30319c0
I/FFMPEG  ( 3692): Input #0, ogg, from 'android-source:0xb30319c0':
I/FFMPEG  ( 3692):   Duration: 00:00:03.30, start: 0.000000, bitrate: 141 kb/s
I/FFMPEG  ( 3692):     Stream #0:0: Audio: vorbis, 44100 Hz, stereo, fltp, 160 kb/s
I/FFMPEG  ( 3692):     Metadata:
I/FFMPEG  ( 3692):       ANDROID_LOOP    : false
I/FFMPEG  ( 3692):       TITLE           : Iridium
D/FFmpegExtractor( 3692): FFmpegExtrator, url: android-source:0xb30319c0, format_name: ogg, format_long_name: Ogg
I/FFmpegExtractor( 3692): adjust mime(application/ogg -> audio/vorbis)
D/FFmpegExtractor( 3692): suppoted codec(vorbis) by official Stagefright
D/FFmpegExtractor( 3692): ffmpeg detected media content as 'audio/vorbis' with confidence 0.08
D/WVMDrmPlugIn( 3691): WVMDrmPlugin::onInitialize : 7945
D/WVMDrmPlugIn( 3691): WVMDrmPlugin::onSetOnInfoListener : add 7945
D/WVMDrmPlugIn( 3691): WVMDrmPlugin::onTerminate : 7945
I/FFmpegExtractor( 3692): android-source:0xb570d330
I/FFMPEG  ( 3692): Input #0, ogg, from 'android-source:0xb570d330':
I/FFMPEG  ( 3692):   Duration: 00:00:00.67, start: 0.000000, bitrate: 138 kb/s
I/FFMPEG  ( 3692):     Stream #0:0: Audio: vorbis, 44100 Hz, stereo, fltp, 160 kb/s
I/FFMPEG  ( 3692):     Metadata:
I/FFMPEG  ( 3692):       ANDROID_LOOP    : false
I/FFMPEG  ( 3692):       TITLE           : Krypton
D/FFmpegExtractor( 3692): FFmpegExtrator, url: android-source:0xb570d330, format_name: ogg, format_long_name: Ogg
I/FFmpegExtractor( 3692): adjust mime(application/ogg -> audio/vorbis)
D/FFmpegExtractor( 3692): suppoted codec(vorbis) by official Stagefright
D/FFmpegExtractor( 3692): ffmpeg detected media content as 'audio/vorbis' with confidence 0.08
W/CursorWrapperInner( 5536): Cursor finalized without prior close()
I/ActivityManager( 4122): Killing 5650:com.android.managedprovisioning/u0a11 (adj 15): empty #17
D/WVMDrmPlugIn( 3691): WVMDrmPlugin::onInitialize : 6286
D/WVMDrmPlugIn( 3691): WVMDrmPlugin::onSetOnInfoListener : add 6286
D/WVMDrmPlugIn( 3691): WVMDrmPlugin::onTerminate : 6286
I/FFmpegExtractor( 3692): android-source:0xb551e600
I/FFMPEG  ( 3692): Input #0, ogg, from 'android-source:0xb551e600':
I/FFMPEG  ( 3692):   Duration: 00:00:01.92, start: 0.000000, bitrate: 65 kb/s
I/FFMPEG  ( 3692):     Stream #0:0: Audio: vorbis, 44100 Hz, mono, fltp, 80 kb/s
I/FFMPEG  ( 3692):     Metadata:
I/FFMPEG  ( 3692):       ARTIST          : Dr. MAD
I/FFMPEG  ( 3692):       TITLE           : Kzurb Sonar
D/FFmpegExtractor( 3692): FFmpegExtrator, url: android-source:0xb551e600, format_name: ogg, format_long_name: Ogg
I/FFmpegExtractor( 3692): adjust mime(application/ogg -> audio/vorbis)
D/FFmpegExtractor( 3692): suppoted codec(vorbis) by official Stagefright
D/FFmpegExtractor( 3692): ffmpeg detected media content as 'audio/vorbis' with confidence 0.08
W/libprocessgroup( 4122): failed to open /acct/uid_10011/pid_5650/cgroup.procs: No such file or directory
D/WVMDrmPlugIn( 3691): WVMDrmPlugin::onInitialize : 4172
D/WVMDrmPlugIn( 3691): WVMDrmPlugin::onSetOnInfoListener : add 4172
D/WVMDrmPlugIn( 3691): WVMDrmPlugin::onTerminate : 4172
I/FFmpegExtractor( 3692): android-source:0xb570d1a0
I/FFMPEG  ( 3692): Input #0, ogg, from 'android-source:0xb570d1a0':
I/FFMPEG  ( 3692):   Duration: 00:00:01.60, start: 0.000000, bitrate: 90 kb/s
I/FFMPEG  ( 3692):     Stream #0:0: Audio: vorbis, 44100 Hz, stereo, fltp, 112 kb/s
I/FFMPEG  ( 3692):     Metadata:
I/FFMPEG  ( 3692):       TITLE           : Lalande
D/FFmpegExtractor( 3692): FFmpegExtrator, url: android-source:0xb570d1a0, format_name: ogg, format_long_name: Ogg
I/FFmpegExtractor( 3692): adjust mime(application/ogg -> audio/vorbis)
D/FFmpegExtractor( 3692): suppoted codec(vorbis) by official Stagefright
D/FFmpegExtractor( 3692): ffmpeg detected media content as 'audio/vorbis' with confidence 0.08
D/WVMDrmPlugIn( 3691): WVMDrmPlugin::onInitialize : 7125
D/WVMDrmPlugIn( 3691): WVMDrmPlugin::onSetOnInfoListener : add 7125
D/WVMDrmPlugIn( 3691): WVMDrmPlugin::onTerminate : 7125
I/FFmpegExtractor( 3692): android-source:0xb570d6f0
I/FFMPEG  ( 3692): Input #0, ogg, from 'android-source:0xb570d6f0':
I/FFMPEG  ( 3692):   Duration: 00:00:01.85, start: 0.000000, bitrate: 50 kb/s
I/FFMPEG  ( 3692):     Stream #0:0: Audio: vorbis, 44100 Hz, stereo, fltp, 450 kb/s
I/FFMPEG  ( 3692):     Metadata:
I/FFMPEG  ( 3692):       ENCODER         : FL Studio
D/FFmpegExtractor( 3692): FFmpegExtrator, url: android-source:0xb570d6f0, format_name: ogg, format_long_name: Ogg
I/FFmpegExtractor( 3692): adjust mime(application/ogg -> audio/vorbis)
D/FFmpegExtractor( 3692): suppoted codec(vorbis) by official Stagefright
D/FFmpegExtractor( 3692): ffmpeg detected media content as 'audio/vorbis' with confidence 0.08
D/WVMDrmPlugIn( 3691): WVMDrmPlugin::onInitialize : 8170
D/WVMDrmPlugIn( 3691): WVMDrmPlugin::onSetOnInfoListener : add 8170
D/WVMDrmPlugIn( 3691): WVMDrmPlugin::onTerminate : 8170
I/FFmpegExtractor( 3692): android-source:0xb570d920
I/FFMPEG  ( 3692): Input #0, ogg, from 'android-source:0xb570d920':
I/FFMPEG  ( 3692):   Duration: 00:00:01.10, start: 0.000000, bitrate: 137 kb/s
I/FFMPEG  ( 3692):     Stream #0:0: Audio: vorbis, 48000 Hz, stereo, fltp, 112 kb/s
I/FFMPEG  ( 3692):     Metadata:
I/FFMPEG  ( 3692):       TITLE           : Merope
D/FFmpegExtractor( 3692): FFmpegExtrator, url: android-source:0xb570d920, format_name: ogg, format_long_name: Ogg
I/FFmpegExtractor( 3692): adjust mime(application/ogg -> audio/vorbis)
D/FFmpegExtractor( 3692): suppoted codec(vorbis) by official Stagefright
D/FFmpegExtractor( 3692): ffmpeg detected media content as 'audio/vorbis' with confidence 0.08
D/WVMDrmPlugIn( 3691): WVMDrmPlugin::onInitialize : 5258
D/WVMDrmPlugIn( 3691): WVMDrmPlugin::onSetOnInfoListener : add 5258
D/WVMDrmPlugIn( 3691): WVMDrmPlugin::onTerminate : 5258
I/FFmpegExtractor( 3692): android-source:0xb570d9c0
I/FFMPEG  ( 3692): Input #0, ogg, from 'android-source:0xb570d9c0':
I/FFMPEG  ( 3692):   Duration: 00:00:01.20, start: 0.000000, bitrate: 118 kb/s
I/FFMPEG  ( 3692):     Stream #0:0: Audio: vorbis, 44100 Hz, stereo, fltp, 112 kb/s
I/FFMPEG  ( 3692):     Metadata:
I/FFMPEG  ( 3692):       TITLE           : Mira
D/FFmpegExtractor( 3692): FFmpegExtrator, url: android-source:0xb570d9c0, format_name: ogg, format_long_name: Ogg
I/FFmpegExtractor( 3692): adjust mime(application/ogg -> audio/vorbis)
D/FFmpegExtractor( 3692): suppoted codec(vorbis) by official Stagefright
D/FFmpegExtractor( 3692): ffmpeg detected media content as 'audio/vorbis' with confidence 0.08
D/WVMDrmPlugIn( 3691): WVMDrmPlugin::onInitialize : 6829
D/WVMDrmPlugIn( 3691): WVMDrmPlugin::onSetOnInfoListener : add 6829
D/WVMDrmPlugIn( 3691): WVMDrmPlugin::onTerminate : 6829
I/FFmpegExtractor( 3692): android-source:0xb570d920
I/FFMPEG  ( 3692): Input #0, ogg, from 'android-source:0xb570d920':
I/FFMPEG  ( 3692):   Duration: 00:00:01.72, start: 0.000000, bitrate: 147 kb/s
I/FFMPEG  ( 3692):     Stream #0:0: Audio: vorbis, 44100 Hz, stereo, fltp, 320 kb/s
I/FFMPEG  ( 3692):     Metadata:
I/FFMPEG  ( 3692):       TITLE           : Naughty
I/FFMPEG  ( 3692):       ENCODER         : FL Studio
D/FFmpegExtractor( 3692): FFmpegExtrator, url: android-source:0xb570d920, format_name: ogg, format_long_name: Ogg
I/FFmpegExtractor( 3692): adjust mime(application/ogg -> audio/vorbis)
D/FFmpegExtractor( 3692): suppoted codec(vorbis) by official Stagefright
D/FFmpegExtractor( 3692): ffmpeg detected media content as 'audio/vorbis' with confidence 0.08
D/WVMDrmPlugIn( 3691): WVMDrmPlugin::onInitialize : 5893
D/WVMDrmPlugIn( 3691): WVMDrmPlugin::onSetOnInfoListener : add 5893
D/WVMDrmPlugIn( 3691): WVMDrmPlugin::onTerminate : 5893
I/FFmpegExtractor( 3692): android-source:0xb570d790
I/FFMPEG  ( 3692): Input #0, ogg, from 'android-source:0xb570d790':
I/FFMPEG  ( 3692):   Duration: 00:00:01.92, start: 0.000000, bitrate: 83 kb/s
I/FFMPEG  ( 3692):     Stream #0:0: Audio: vorbis, 44100 Hz, mono, fltp, 80 kb/s
I/FFMPEG  ( 3692):     Metadata:
I/FFMPEG  ( 3692):       ARTIST          : Dr. MAD
I/FFMPEG  ( 3692):       TITLE           : On The Hunt
D/FFmpegExtractor( 3692): FFmpegExtrator, url: android-source:0xb570d790, format_name: ogg, format_long_name: Ogg
I/FFmpegExtractor( 3692): adjust mime(application/ogg -> audio/vorbis)
D/FFmpegExtractor( 3692): suppoted codec(vorbis) by official Stagefright
D/FFmpegExtractor( 3692): ffmpeg detected media content as 'audio/vorbis' with confidence 0.08
D/WVMDrmPlugIn( 3691): WVMDrmPlugin::onInitialize : 4565
D/WVMDrmPlugIn( 3691): WVMDrmPlugin::onSetOnInfoListener : add 4565
I/InputReader( 4122): Reconfiguring input devices.  changes=0x00000020
W/Launcher.Model( 5296): Nobody to tell about the new app.  Launcher is probably loading.
D/WVMDrmPlugIn( 3691): WVMDrmPlugin::onTerminate : 4565
I/FFmpegExtractor( 3692): android-source:0xb570dbf0
I/FFMPEG  ( 3692): Input #0, ogg, from 'android-source:0xb570dbf0':
I/FFMPEG  ( 3692):   Duration: 00:00:01.59, start: 0.000000, bitrate: 73 kb/s
I/FFMPEG  ( 3692):     Stream #0:0: Audio: vorbis, 44100 Hz, stereo, fltp, 112 kb/s
I/FFMPEG  ( 3692):     Metadata:
I/FFMPEG  ( 3692):       ANDROID_LOOP    : false
I/FFMPEG  ( 3692):       TITLE           : Palladium
D/FFmpegExtractor( 3692): FFmpegExtrator, url: android-source:0xb570dbf0, format_name: ogg, format_long_name: Ogg
I/FFmpegExtractor( 3692): adjust mime(application/ogg -> audio/vorbis)
D/FFmpegExtractor( 3692): suppoted codec(vorbis) by official Stagefright
D/FFmpegExtractor( 3692): ffmpeg detected media content as 'audio/vorbis' with confidence 0.08
W/Searchables( 4122): No global search activity found
I/ActivityManager( 4122): Start proc android.process.acore for broadcast com.android.providers.contacts/.PackageIntentReceiver: pid=5947 uid=10006 gids={50006, 9997, 3003, 1028, 1015} abi=armeabi-v7a
D/BackupManagerService( 4122): Received broadcast Intent { act=android.intent.action.PACKAGE_CHANGED dat=package:com.android.camera2 flg=0x4000010 (has extras) }
I/InputReader( 4122): Reconfiguring input devices.  changes=0x00000020
D/WVMDrmPlugIn( 3691): WVMDrmPlugin::onInitialize : 5802
D/WVMDrmPlugIn( 3691): WVMDrmPlugin::onSetOnInfoListener : add 5802
I/InputReader( 4122): Reconfiguring input devices.  changes=0x00000020
W/Launcher.Model( 5296): Nobody to tell about the new app.  Launcher is probably loading.
D/WVMDrmPlugIn( 3691): WVMDrmPlugin::onTerminate : 5802
I/FFmpegExtractor( 3692): android-source:0xb570d920
I/FFMPEG  ( 3692): Input #0, ogg, from 'android-source:0xb570d920':
I/FFMPEG  ( 3692):   Duration: 00:00:00.40, start: 0.000000, bitrate: 134 kb/s
I/InputReader( 4122): Reconfiguring input devices.  changes=0x00000020
I/FFMPEG  ( 3692):     Stream #0:0: Audio: vorbis, 44100 Hz, mono, fltp, 75 kb/s
I/FFMPEG  ( 3692):     Metadata:
I/FFMPEG  ( 3692):       COPYRIGHT       : (c) Copyright 2009 Android Open Source Project
I/FFMPEG  ( 3692):       TITLE           : Plastic Pipe
D/FFmpegExtractor( 3692): FFmpegExtrator, url: android-source:0xb570d920, format_name: ogg, format_long_name: Ogg
I/FFmpegExtractor( 3692): adjust mime(application/ogg -> audio/vorbis)
D/FFmpegExtractor( 3692): suppoted codec(vorbis) by official Stagefright
D/FFmpegExtractor( 3692): ffmpeg detected media content as 'audio/vorbis' with confidence 0.08
I/InputReader( 4122): Reconfiguring input devices.  changes=0x00000020
W/Searchables( 4122): No global search activity found
I/InputReader( 4122): Reconfiguring input devices.  changes=0x00000020
I/InputReader( 4122): Reconfiguring input devices.  changes=0x00000020
I/InputReader( 4122): Reconfiguring input devices.  changes=0x00000020
W/Searchables( 4122): No global search activity found
W/Launcher.Model( 5296): Nobody to tell about the new app.  Launcher is probably loading.
D/BackupManagerService( 4122): Received broadcast Intent { act=android.intent.action.PACKAGE_CHANGED dat=package:com.android.phone flg=0x4000010 (has extras) }
D/BackupManagerService( 4122): Received broadcast Intent { act=android.intent.action.PACKAGE_CHANGED dat=package:com.android.gallery3d flg=0x4000010 (has extras) }
W/Launcher.Model( 5296): Nobody to tell about the new app.  Launcher is probably loading.
D/BackupManagerService( 4122): Received broadcast Intent { act=android.intent.action.PACKAGE_CHANGED dat=package:com.android.calendar flg=0x4000010 (has extras) }
D/BackupManagerService( 4122): Received broadcast Intent { act=android.intent.action.PACKAGE_CHANGED dat=package:com.android.email flg=0x4000010 (has extras) }
D/WVMDrmPlugIn( 3691): WVMDrmPlugin::onInitialize : 8093
D/WVMDrmPlugIn( 3691): WVMDrmPlugin::onSetOnInfoListener : add 8093
D/BackupManagerService( 4122): Received broadcast Intent { act=android.intent.action.PACKAGE_CHANGED dat=package:com.android.settings flg=0x4000010 (has extras) }
D/WVMDrmPlugIn( 3691): WVMDrmPlugin::onTerminate : 8093
D/BackupManagerService( 4122): Received broadcast Intent { act=android.intent.action.PACKAGE_CHANGED dat=package:com.android.stk flg=0x4000010 (has extras) }
I/FFmpegExtractor( 3692): android-source:0xb3031920
W/Searchables( 4122): No global search activity found
D/BackupManagerService( 4122): Received broadcast Intent { act=android.intent.action.PACKAGE_CHANGED dat=package:com.android.inputmethod.latin flg=0x4000010 (has extras) }
I/FFMPEG  ( 3692): Input #0, ogg, from 'android-source:0xb3031920':
I/FFMPEG  ( 3692):   Duration: 00:00:02.36, start: 0.000000, bitrate: 69 kb/s
I/FFMPEG  ( 3692):     Stream #0:0: Audio: vorbis, 44100 Hz, mono, fltp, 80 kb/s
I/FFMPEG  ( 3692):     Metadata:
I/FFMPEG  ( 3692):       ANDROID_LOOP    : false
I/FFMPEG  ( 3692):       TITLE           : Polaris
D/FFmpegExtractor( 3692): FFmpegExtrator, url: android-source:0xb3031920, format_name: ogg, format_long_name: Ogg
I/FFmpegExtractor( 3692): adjust mime(application/ogg -> audio/vorbis)
D/FFmpegExtractor( 3692): suppoted codec(vorbis) by official Stagefright
D/FFmpegExtractor( 3692): ffmpeg detected media content as 'audio/vorbis' with confidence 0.08
W/Searchables( 4122): No global search activity found
W/Searchables( 4122): No global search activity found
W/Searchables( 4122): No global search activity found
W/Launcher.Model( 5296): Nobody to tell about the new app.  Launcher is probably loading.
W/Searchables( 4122): No global search activity found
W/Launcher.Model( 5296): Nobody to tell about the new app.  Launcher is probably loading.
D/WVMDrmPlugIn( 3691): WVMDrmPlugin::onInitialize : 5010
D/WVMDrmPlugIn( 3691): WVMDrmPlugin::onSetOnInfoListener : add 5010
W/Launcher.Model( 5296): Nobody to tell about the new app.  Launcher is probably loading.
D/WVMDrmPlugIn( 3691): WVMDrmPlugin::onTerminate : 5010
I/FFmpegExtractor( 3692): android-source:0xb2c9d1f0
W/Launcher.Model( 5296): Nobody to tell about the new app.  Launcher is probably loading.
I/FFMPEG  ( 3692): Input #0, ogg, from 'android-source:0xb2c9d1f0':
I/FFMPEG  ( 3692):   Duration: 00:00:02.59, start: 0.000000, bitrate: 72 kb/s
I/FFMPEG  ( 3692):     Stream #0:0: Audio: vorbis, 44100 Hz, mono, fltp, 80 kb/s
I/FFMPEG  ( 3692):     Metadata:
I/FFMPEG  ( 3692):       ARTIST          : pdx
I/FFMPEG  ( 3692):       ALBUM           : Unknown
I/FFMPEG  ( 3692):       GENRE           : Unknown
I/FFMPEG  ( 3692):       ANDROID_LOOP    : false
I/FFMPEG  ( 3692):       TITLE           : Pollux
