I/art     ( 4080): DexFile_isDexOptNeeded failed to open oat file '/data/dalvik-cache/arm/system@framework@ime.jar@classes.dex' for file location '/system/framework/ime.jar': Failed to open oat filename for reading: No such file or directory
I/art     ( 4080): DexFile_isDexOptNeeded failed to open oat file '/system/framework/arm/ime.odex' for file location '/system/framework/ime.jar': Failed to open oat filename for reading: No such file or directory
E/installd( 3681): DexInv: --- END '/system/framework/ime.jar' --- status=0x0100, process failed
I/art     ( 4080): DexFile_isDexOptNeeded failed to open oat file '/data/dalvik-cache/arm/system@framework@input.jar@classes.dex' for file location '/system/framework/input.jar': Failed to open oat filename for reading: No such file or directory
I/art     ( 4080): DexFile_isDexOptNeeded failed to open oat file '/system/framework/arm/input.odex' for file location '/system/framework/input.jar': Failed to open oat filename for reading: No such file or directory
E/installd( 3681): DexInv: --- END '/system/framework/input.jar' --- status=0x0100, process failed
I/art     ( 4080): DexFile_isDexOptNeeded failed to open oat file '/data/dalvik-cache/arm/system@framework@media_cmd.jar@classes.dex' for file location '/system/framework/media_cmd.jar': Failed to open oat filename for reading: No such file or directory
I/art     ( 4080): DexFile_isDexOptNeeded failed to open oat file '/system/framework/arm/media_cmd.odex' for file location '/system/framework/media_cmd.jar': Failed to open oat filename for reading: No such file or directory
E/installd( 3681): DexInv: --- END '/system/framework/media_cmd.jar' --- status=0x0100, process failed
I/art     ( 4080): DexFile_isDexOptNeeded failed to open oat file '/data/dalvik-cache/arm/system@framework@monkey.jar@classes.dex' for file location '/system/framework/monkey.jar': Failed to open oat filename for reading: No such file or directory
I/art     ( 4080): DexFile_isDexOptNeeded failed to open oat file '/system/framework/arm/monkey.odex' for file location '/system/framework/monkey.jar': Failed to open oat filename for reading: No such file or directory
E/installd( 3681): DexInv: --- END '/system/framework/monkey.jar' --- status=0x0100, process failed
I/art     ( 4080): DexFile_isDexOptNeeded failed to open oat file '/data/dalvik-cache/arm/system@framework@pm.jar@classes.dex' for file location '/system/framework/pm.jar': Failed to open oat filename for reading: No such file or directory
I/art     ( 4080): DexFile_isDexOptNeeded failed to open oat file '/system/framework/arm/pm.odex' for file location '/system/framework/pm.jar': Failed to open oat filename for reading: No such file or directory
E/installd( 3681): DexInv: --- END '/system/framework/pm.jar' --- status=0x0100, process failed
I/art     ( 4080): DexFile_isDexOptNeeded failed to open oat file '/data/dalvik-cache/arm/system@framework@requestsync.jar@classes.dex' for file location '/system/framework/requestsync.jar': Failed to open oat filename for reading: No such file or directory
I/art     ( 4080): DexFile_isDexOptNeeded failed to open oat file '/system/framework/arm/requestsync.odex' for file location '/system/framework/requestsync.jar': Failed to open oat filename for reading: No such file or directory
E/installd( 3681): DexInv: --- END '/system/framework/requestsync.jar' --- status=0x0100, process failed
I/art     ( 4080): DexFile_isDexOptNeeded failed to open oat file '/data/dalvik-cache/arm/system@framework@settings.jar@classes.dex' for file location '/system/framework/settings.jar': Failed to open oat filename for reading: No such file or directory
I/art     ( 4080): DexFile_isDexOptNeeded failed to open oat file '/system/framework/arm/settings.odex' for file location '/system/framework/settings.jar': Failed to open oat filename for reading: No such file or directory
E/installd( 3681): DexInv: --- END '/system/framework/settings.jar' --- status=0x0100, process failed
I/art     ( 4080): DexFile_isDexOptNeeded failed to open oat file '/data/dalvik-cache/arm/system@framework@svc.jar@classes.dex' for file location '/system/framework/svc.jar': Failed to open oat filename for reading: No such file or directory
I/art     ( 4080): DexFile_isDexOptNeeded failed to open oat file '/system/framework/arm/svc.odex' for file location '/system/framework/svc.jar': Failed to open oat filename for reading: No such file or directory
E/installd( 3681): DexInv: --- END '/system/framework/svc.jar' --- status=0x0100, process failed
I/art     ( 4080): DexFile_isDexOptNeeded failed to open oat file '/data/dalvik-cache/arm/system@framework@tm.jar@classes.dex' for file location '/system/framework/tm.jar': Failed to open oat filename for reading: No such file or directory
I/art     ( 4080): DexFile_isDexOptNeeded failed to open oat file '/system/framework/arm/tm.odex' for file location '/system/framework/tm.jar': Failed to open oat filename for reading: No such file or directory
E/installd( 3681): DexInv: --- END '/system/framework/tm.jar' --- status=0x0100, process failed
I/art     ( 4080): DexFile_isDexOptNeeded failed to open oat file '/data/dalvik-cache/arm/system@framework@uiautomator.jar@classes.dex' for file location '/system/framework/uiautomator.jar': Failed to open oat filename for reading: No such file or directory
I/art     ( 4080): DexFile_isDexOptNeeded failed to open oat file '/system/framework/arm/uiautomator.odex' for file location '/system/framework/uiautomator.jar': Failed to open oat filename for reading: No such file or directory
E/installd( 3681): DexInv: --- END '/system/framework/uiautomator.jar' --- status=0x0100, process failed
I/art     ( 4080): DexFile_isDexOptNeeded failed to open oat file '/data/dalvik-cache/arm/system@framework@wm.jar@classes.dex' for file location '/system/framework/wm.jar': Failed to open oat filename for reading: No such file or directory
I/art     ( 4080): DexFile_isDexOptNeeded failed to open oat file '/system/framework/arm/wm.odex' for file location '/system/framework/wm.jar': Failed to open oat filename for reading: No such file or directory
E/installd( 3681): DexInv: --- END '/system/framework/wm.jar' --- status=0x0100, process failed
E/SQLiteLog( 4080): (283) recovered 227 frames from WAL file /data/data/com.android.providers.settings/databases/settings.db-wal
D/PackageManager( 4080): No files in app dir /vendor/overlay
I/PackageManager( 4080): /system/framework/framework-res.apk changed; collecting certs
I/McDaemon( 4160): Daemon starting up...
I/McDaemon( 4160): Socket interface version is 0.2
I/McDaemon( 4160): *** SAMSUNG Exynos 5420 tbase-200_V003 Engineering Release ###
I/McDaemon( 4160): Build timestamp is Jul  6 2015 18:05:34
E/McDaemon( 4160):   *****************************
E/McDaemon( 4160):   *** ERROR: ioctl MC_IO_MAP_MCI failed with "Not a typewriter"(errno 25)
E/McDaemon( 4160):   *** Detected in mapMCI/126()
E/McDaemon( 4160):   *****************************
E/McDaemon( 4160):   *****************************
E/McDaemon( 4160):   *** ERROR: pMcKMod->mmap() failed: 190012
E/McDaemon( 4160):   *** Detected in getMciInstance/387()
E/McDaemon( 4160):   *****************************
E/McDaemon( 4160):   *****************************
E/McDaemon( 4160):   *** ERROR: Could not initialize MobiCore!
E/McDaemon( 4160):   *** Detected in run/128()
E/McDaemon( 4160):   *****************************
E/McDaemon( 4160):   *****************************
E/McDaemon( 4160):   *** ERROR: Exiting MobiCoreDaemon
E/McDaemon( 4160):   *** Detected in main/1202()
E/McDaemon( 4160):   *****************************
W/PackageManager( 4080): Failed to parse /system/framework/framework-res.apk: Signature mismatch for shared user : SharedUserSetting{1964932e android.uid.system/1000}
I/PackageManager( 4080): /system/priv-app/AudioFX changed; collecting certs
I/art     ( 4080): DexFile_isDexOptNeeded failed to open oat file '/data/dalvik-cache/arm/system@priv-app@AudioFX@AudioFX.apk@classes.dex' for file location '/system/priv-app/AudioFX/AudioFX.apk': Failed to open oat filename for reading: No such file or directory
I/art     ( 4080): DexFile_isDexOptNeeded failed to open oat file '/system/priv-app/AudioFX/arm/AudioFX.odex' for file location '/system/priv-app/AudioFX/AudioFX.apk': Failed to open oat filename for reading: No such file or directory
I/PackageManager( 4080): /system/priv-app/BackupRestoreConfirmation changed; collecting certs
W/PackageManager( 4080): System package com.android.backupconfirm signature changed; retaining data.
I/PackageManager( 4080): SELinux relabeling of com.android.backupconfirm issued.
I/art     ( 4080): DexFile_isDexOptNeeded failed to open oat file '/data/dalvik-cache/arm/system@priv-app@BackupRestoreConfirmation@BackupRestoreConfirmation.apk@classes.dex' for file location '/system/priv-app/BackupRestoreConfirmation/BackupRestoreConfirmation.apk': Failed to open oat filename for reading: No such file or directory
I/art     ( 4080): DexFile_isDexOptNeeded failed to open oat file '/system/priv-app/BackupRestoreConfirmation/arm/BackupRestoreConfirmation.odex' for file location '/system/priv-app/BackupRestoreConfirmation/BackupRestoreConfirmation.apk': Failed to open oat filename for reading: No such file or directory
I/PackageManager( 4080): /system/priv-app/CMAccount changed; collecting certs
I/art     ( 4080): DexFile_isDexOptNeeded failed to open oat file '/data/dalvik-cache/arm/system@priv-app@CMAccount@CMAccount.apk@classes.dex' for file location '/system/priv-app/CMAccount/CMAccount.apk': Failed to open oat filename for reading: No such file or directory
I/art     ( 4080): DexFile_isDexOptNeeded failed to open oat file '/system/priv-app/CMAccount/arm/CMAccount.odex' for file location '/system/priv-app/CMAccount/CMAccount.apk': Failed to open oat filename for reading: No such file or directory
I/PackageManager( 4080): /system/priv-app/CMUpdater changed; collecting certs
I/art     ( 4080): DexFile_isDexOptNeeded failed to open oat file '/data/dalvik-cache/arm/system@priv-app@CMUpdater@CMUpdater.apk@classes.dex' for file location '/system/priv-app/CMUpdater/CMUpdater.apk': Failed to open oat filename for reading: No such file or directory
I/art     ( 4080): DexFile_isDexOptNeeded failed to open oat file '/system/priv-app/CMUpdater/arm/CMUpdater.odex' for file location '/system/priv-app/CMUpdater/CMUpdater.apk': Failed to open oat filename for reading: No such file or directory
I/PackageManager( 4080): /system/priv-app/CalendarProvider changed; collecting certs
W/PackageManager( 4080): Trying to update system app code path from /system/priv-app/SecCalendarProvider to /system/priv-app/CalendarProvider
W/PackageManager( 4080): Failed to parse /system/priv-app/CalendarProvider: Signature mismatch for shared user : SharedUserSetting{34d366 android.uid.calendar/10046}
I/PackageManager( 4080): /system/priv-app/CellBroadcastReceiver changed; collecting certs
I/art     ( 4080): DexFile_isDexOptNeeded failed to open oat file '/data/dalvik-cache/arm/system@priv-app@CellBroadcastReceiver@CellBroadcastReceiver.apk@classes.dex' for file location '/system/priv-app/CellBroadcastReceiver/CellBroadcastReceiver.apk': Failed to open oat filename for reading: No such file or directory
I/art     ( 4080): DexFile_isDexOptNeeded failed to open oat file '/system/priv-app/CellBroadcastReceiver/arm/CellBroadcastReceiver.odex' for file location '/system/priv-app/CellBroadcastReceiver/CellBroadcastReceiver.apk': Failed to open oat filename for reading: No such file or directory
W/ResourceType( 4080): Failure getting entry for 0x7f0b023e (t=10 e=574) (error -75)
W/PackageParser( 4080): No actions in intent filter at /system/priv-app/Contacts/Contacts.apk Binary XML file line #362
I/PackageManager( 4080): /system/priv-app/Contacts changed; collecting certs
W/PackageManager( 4080): Trying to update system app code path from /system/priv-app/SecContacts to /system/priv-app/Contacts
W/PackageManager( 4080): Failed to parse /system/priv-app/Contacts: Signature mismatch for shared user : SharedUserSetting{40f09a2 android.uid.shared/10020}
I/PackageManager( 4080): /system/priv-app/ContactsProvider changed; collecting certs
W/PackageManager( 4080): Trying to update system app code path from /system/priv-app/SecContactsProvider to /system/priv-app/ContactsProvider
W/PackageManager( 4080): Failed to parse /system/priv-app/ContactsProvider: Signature mismatch for shared user : SharedUserSetting{40f09a2 android.uid.shared/10020}
I/PackageManager( 4080): /system/priv-app/CyanogenSetupWizard changed; collecting certs
I/McDaemon( 4162): Daemon starting up...
I/McDaemon( 4162): Socket interface version is 0.2
I/McDaemon( 4162): *** SAMSUNG Exynos 5420 tbase-200_V003 Engineering Release ###
I/McDaemon( 4162): Build timestamp is Jul  6 2015 18:05:34
E/McDaemon( 4162):   *****************************
E/McDaemon( 4162):   *** ERROR: ioctl MC_IO_MAP_MCI failed with "Not a typewriter"(errno 25)
E/McDaemon( 4162):   *** Detected in mapMCI/126()
E/McDaemon( 4162):   *****************************
E/McDaemon( 4162):   *****************************
E/McDaemon( 4162):   *** ERROR: pMcKMod->mmap() failed: 190012
E/McDaemon( 4162):   *** Detected in getMciInstance/387()
E/McDaemon( 4162):   *****************************
E/McDaemon( 4162):   *****************************
E/McDaemon( 4162):   *** ERROR: Could not initialize MobiCore!
E/McDaemon( 4162):   *** Detected in run/128()
E/McDaemon( 4162):   *****************************
E/McDaemon( 4162):   *****************************
E/McDaemon( 4162):   *** ERROR: Exiting MobiCoreDaemon
E/McDaemon( 4162):   *** Detected in main/1202()
E/McDaemon( 4162):   *****************************
W/PackageManager( 4080): Failed to parse /system/priv-app/CyanogenSetupWizard: Signature mismatch for shared user : SharedUserSetting{1964932e android.uid.system/1000}
I/PackageManager( 4080): /system/priv-app/DefaultContainerService changed; collecting certs
W/PackageManager( 4080): System package com.android.defcontainer signature changed; retaining data.
I/PackageManager( 4080): SELinux relabeling of com.android.defcontainer issued.
I/art     ( 4080): DexFile_isDexOptNeeded failed to open oat file '/data/dalvik-cache/arm/system@priv-app@DefaultContainerService@DefaultContainerService.apk@classes.dex' for file location '/system/priv-app/DefaultContainerService/DefaultContainerService.apk': Failed to open oat filename for reading: No such file or directory
I/art     ( 4080): DexFile_isDexOptNeeded failed to open oat file '/system/priv-app/DefaultContainerService/arm/DefaultContainerService.odex' for file location '/system/priv-app/DefaultContainerService/DefaultContainerService.apk': Failed to open oat filename for reading: No such file or directory
W/PackageParser( 4080): No actions in intent filter at /system/priv-app/Dialer/Dialer.apk Binary XML file line #185
I/PackageManager( 4080): /system/priv-app/Dialer changed; collecting certs
W/SurfaceFlinger( 3669): Ignoring duplicate VSYNC event from HWC (t=31655064002)
I/PackageManager( 4080): New shared user com.android.dialer: id=10215
I/art     ( 4080): DexFile_isDexOptNeeded failed to open oat file '/data/dalvik-cache/arm/system@priv-app@Dialer@Dialer.apk@classes.dex' for file location '/system/priv-app/Dialer/Dialer.apk': Failed to open oat filename for reading: No such file or directory
I/art     ( 4080): DexFile_isDexOptNeeded failed to open oat file '/system/priv-app/Dialer/arm/Dialer.odex' for file location '/system/priv-app/Dialer/Dialer.apk': Failed to open oat filename for reading: No such file or directory
I/PackageManager( 4080): /system/priv-app/DownloadProvider changed; collecting certs
W/PackageManager( 4080): Trying to update system app code path from /system/priv-app/SecDownloadProvider to /system/priv-app/DownloadProvider
W/PackageManager( 4080): Failed to parse /system/priv-app/DownloadProvider: Signature mismatch for shared user : SharedUserSetting{1e49d88b android.media/10047}
I/PackageManager( 4080): /system/priv-app/ExternalStorageProvider changed; collecting certs
W/PackageManager( 4080): System package com.android.externalstorage signature changed; retaining data.
I/PackageManager( 4080): SELinux relabeling of com.android.externalstorage issued.
I/art     ( 4080): DexFile_isDexOptNeeded failed to open oat file '/data/dalvik-cache/arm/system@priv-app@ExternalStorageProvider@ExternalStorageProvider.apk@classes.dex' for file location '/system/priv-app/ExternalStorageProvider/ExternalStorageProvider.apk': Failed to open oat filename for reading: No such file or directory
I/art     ( 4080): DexFile_isDexOptNeeded failed to open oat file '/system/priv-app/ExternalStorageProvider/arm/ExternalStorageProvider.odex' for file location '/system/priv-app/ExternalStorageProvider/ExternalStorageProvider.apk': Failed to open oat filename for reading: No such file or directory
I/PackageManager( 4080): /system/priv-app/FusedLocation changed; collecting certs
W/PackageManager( 4080): Failed to parse /system/priv-app/FusedLocation: Signature mismatch for shared user : SharedUserSetting{1964932e android.uid.system/1000}
I/PackageManager( 4080): /system/priv-app/InputDevices changed; collecting certs
W/PackageManager( 4080): Failed to parse /system/priv-app/InputDevices: Signature mismatch for shared user : SharedUserSetting{1964932e android.uid.system/1000}
I/PackageManager( 4080): /system/priv-app/ManagedProvisioning changed; collecting certs
W/PackageManager( 4080): System package com.android.managedprovisioning signature changed; retaining data.
I/PackageManager( 4080): SELinux relabeling of com.android.managedprovisioning issued.
I/art     ( 4080): DexFile_isDexOptNeeded failed to open oat file '/data/dalvik-cache/arm/system@priv-app@ManagedProvisioning@ManagedProvisioning.apk@classes.dex' for file location '/system/priv-app/ManagedProvisioning/ManagedProvisioning.apk': Failed to open oat filename for reading: No such file or directory
I/art     ( 4080): DexFile_isDexOptNeeded failed to open oat file '/system/priv-app/ManagedProvisioning/arm/ManagedProvisioning.odex' for file location '/system/priv-app/ManagedProvisioning/ManagedProvisioning.apk': Failed to open oat filename for reading: No such file or directory
I/PackageManager( 4080): /system/priv-app/MediaProvider changed; collecting certs
W/PackageManager( 4080): Trying to update system app code path from /system/priv-app/SecMediaProvider to /system/priv-app/MediaProvider
W/PackageManager( 4080): Failed to parse /system/priv-app/MediaProvider: Signature mismatch for shared user : SharedUserSetting{1e49d88b android.media/10047}
I/PackageManager( 4080): /system/priv-app/Mms changed; collecting certs
I/McDaemon( 4165): Daemon starting up...
I/McDaemon( 4165): Socket interface version is 0.2
I/McDaemon( 4165): *** SAMSUNG Exynos 5420 tbase-200_V003 Engineering Release ###
I/McDaemon( 4165): Build timestamp is Jul  6 2015 18:05:34
E/McDaemon( 4165):   *****************************
E/McDaemon( 4165):   *** ERROR: ioctl MC_IO_MAP_MCI failed with "Not a typewriter"(errno 25)
E/McDaemon( 4165):   *** Detected in mapMCI/126()
E/McDaemon( 4165):   *****************************
E/McDaemon( 4165):   *****************************
E/McDaemon( 4165):   *** ERROR: pMcKMod->mmap() failed: 190012
E/McDaemon( 4165):   *** Detected in getMciInstance/387()
E/McDaemon( 4165):   *****************************
E/McDaemon( 4165):   *****************************
E/McDaemon( 4165):   *** ERROR: Could not initialize MobiCore!
E/McDaemon( 4165):   *** Detected in run/128()
E/McDaemon( 4165):   *****************************
E/McDaemon( 4165):   *****************************
E/McDaemon( 4165):   *** ERROR: Exiting MobiCoreDaemon
E/McDaemon( 4165):   *** Detected in main/1202()
E/McDaemon( 4165):   *****************************
W/PackageManager( 4080): Trying to update system app code path from /system/priv-app/SecMms_Candy to /system/priv-app/Mms
W/PackageManager( 4080): System package com.android.mms signature changed; retaining data.
I/PackageManager( 4080): SELinux relabeling of com.android.mms issued.
I/art     ( 4080): DexFile_isDexOptNeeded failed to open oat file '/data/dalvik-cache/arm/system@priv-app@Mms@Mms.apk@classes.dex' for file location '/system/priv-app/Mms/Mms.apk': Failed to open oat filename for reading: No such file or directory
I/art     ( 4080): DexFile_isDexOptNeeded failed to open oat file '/system/priv-app/Mms/arm/Mms.odex' for file location '/system/priv-app/Mms/Mms.apk': Failed to open oat filename for reading: No such file or directory
W/PackageManager( 4080): Code path for pkg : com.android.mms changing from /system/priv-app/SecMms_Candy to /system/priv-app/Mms
W/PackageManager( 4080): Resource path for pkg : com.android.mms changing from /system/priv-app/SecMms_Candy to /system/priv-app/Mms
I/PackageManager( 4080): /system/priv-app/MmsService changed; collecting certs
W/PackageManager( 4080): Failed to parse /system/priv-app/MmsService: Signature mismatch for shared user : SharedUserSetting{a72be6c android.uid.phone/1001}
I/PackageManager( 4080): /system/priv-app/OneTimeInitializer changed; collecting certs
I/art     ( 4080): DexFile_isDexOptNeeded failed to open oat file '/data/dalvik-cache/arm/system@priv-app@OneTimeInitializer@OneTimeInitializer.apk@classes.dex' for file location '/system/priv-app/OneTimeInitializer/OneTimeInitializer.apk': Failed to open oat filename for reading: No such file or directory
I/art     ( 4080): DexFile_isDexOptNeeded failed to open oat file '/system/priv-app/OneTimeInitializer/arm/OneTimeInitializer.odex' for file location '/system/priv-app/OneTimeInitializer/OneTimeInitializer.apk': Failed to open oat filename for reading: No such file or directory
I/PackageManager( 4080): /system/priv-app/ProxyHandler changed; collecting certs
W/PackageManager( 4080): System package com.android.proxyhandler signature changed; retaining data.
I/PackageManager( 4080): SELinux relabeling of com.android.proxyhandler issued.
I/art     ( 4080): DexFile_isDexOptNeeded failed to open oat file '/data/dalvik-cache/arm/system@priv-app@ProxyHandler@ProxyHandler.apk@classes.dex' for file location '/system/priv-app/ProxyHandler/ProxyHandler.apk': Failed to open oat filename for reading: No such file or directory
I/art     ( 4080): DexFile_isDexOptNeeded failed to open oat file '/system/priv-app/ProxyHandler/arm/ProxyHandler.odex' for file location '/system/priv-app/ProxyHandler/ProxyHandler.apk': Failed to open oat filename for reading: No such file or directory
I/PackageManager( 4080): /system/priv-app/Settings changed; collecting certs
W/PackageManager( 4080): Trying to update system app code path from /system/priv-app/SecSettings to /system/priv-app/Settings
W/PackageManager( 4080): Failed to parse /system/priv-app/Settings: Signature mismatch for shared user : SharedUserSetting{1964932e android.uid.system/1000}
I/PackageManager( 4080): /system/priv-app/SettingsProvider changed; collecting certs
W/PackageManager( 4080): Trying to update system app code path from /system/priv-app/SecSettingsProvider to /system/priv-app/SettingsProvider
W/PackageManager( 4080): Failed to parse /system/priv-app/SettingsProvider: Signature mismatch for shared user : SharedUserSetting{1964932e android.uid.system/1000}
I/PackageManager( 4080): /system/priv-app/SharedStorageBackup changed; collecting certs
W/PackageManager( 4080): System package com.android.sharedstoragebackup signature changed; retaining data.
I/PackageManager( 4080): SELinux relabeling of com.android.sharedstoragebackup issued.
I/art     ( 4080): DexFile_isDexOptNeeded failed to open oat file '/data/dalvik-cache/arm/system@priv-app@SharedStorageBackup@SharedStorageBackup.apk@classes.dex' for file location '/system/priv-app/SharedStorageBackup/SharedStorageBackup.apk': Failed to open oat filename for reading: No such file or directory
I/art     ( 4080): DexFile_isDexOptNeeded failed to open oat file '/system/priv-app/SharedStorageBackup/arm/SharedStorageBackup.odex' for file location '/system/priv-app/SharedStorageBackup/SharedStorageBackup.apk': Failed to open oat filename for reading: No such file or directory
I/PackageManager( 4080): /system/priv-app/Shell changed; collecting certs
W/PackageManager( 4080): Failed to parse /system/priv-app/Shell: Signature mismatch for shared user : SharedUserSetting{572a059 android.uid.shell/2000}
I/PackageManager( 4080): /system/priv-app/SystemUI changed; collecting certs
I/McDaemon( 4167): Daemon starting up...
I/McDaemon( 4167): Socket interface version is 0.2
I/McDaemon( 4167): *** SAMSUNG Exynos 5420 tbase-200_V003 Engineering Release ###
I/McDaemon( 4167): Build timestamp is Jul  6 2015 18:05:34
E/McDaemon( 4167):   *****************************
E/McDaemon( 4167):   *** ERROR: ioctl MC_IO_MAP_MCI failed with "Not a typewriter"(errno 25)
E/McDaemon( 4167):   *** Detected in mapMCI/126()
E/McDaemon( 4167):   *****************************
E/McDaemon( 4167):   *****************************
E/McDaemon( 4167):   *** ERROR: pMcKMod->mmap() failed: 190012
E/McDaemon( 4167):   *** Detected in getMciInstance/387()
E/McDaemon( 4167):   *****************************
E/McDaemon( 4167):   *****************************
E/McDaemon( 4167):   *** ERROR: Could not initialize MobiCore!
E/McDaemon( 4167):   *** Detected in run/128()
E/McDaemon( 4167):   *****************************
E/McDaemon( 4167):   *****************************
E/McDaemon( 4167):   *** ERROR: Exiting MobiCoreDaemon
E/McDaemon( 4167):   *** Detected in main/1202()
E/McDaemon( 4167):   *****************************
W/PackageManager( 4080): Failed to parse /system/priv-app/SystemUI: Signature mismatch for shared user : SharedUserSetting{220cd42a android.uid.systemui/10058}
I/PackageManager( 4080): /system/priv-app/TeleService changed; collecting certs
W/PackageManager( 4080): Failed to parse /system/priv-app/TeleService: Signature mismatch for shared user : SharedUserSetting{a72be6c android.uid.phone/1001}
I/PackageManager( 4080): /system/priv-app/Telecom changed; collecting certs
W/PackageManager( 4080): Failed to parse /system/priv-app/Telecom: Signature mismatch for shared user : SharedUserSetting{a72be6c android.uid.phone/1001}
I/PackageManager( 4080): /system/priv-app/TelephonyProvider changed; collecting certs
W/PackageManager( 4080): Trying to update system app code path from /system/priv-app/SecTelephonyProvider_Candy to /system/priv-app/TelephonyProvider
W/PackageManager( 4080): Failed to parse /system/priv-app/TelephonyProvider: Signature mismatch for shared user : SharedUserSetting{a72be6c android.uid.phone/1001}
I/PackageManager( 4080): /system/priv-app/ThemeChooser changed; collecting certs
I/PackageManager( 4080): New shared user org.cyanogenmod.themes: id=10219
I/art     ( 4080): DexFile_isDexOptNeeded failed to open oat file '/data/dalvik-cache/arm/system@priv-app@ThemeChooser@ThemeChooser.apk@classes.dex' for file location '/system/priv-app/ThemeChooser/ThemeChooser.apk': Failed to open oat filename for reading: No such file or directory
I/art     ( 4080): DexFile_isDexOptNeeded failed to open oat file '/system/priv-app/ThemeChooser/arm/ThemeChooser.odex' for file location '/system/priv-app/ThemeChooser/ThemeChooser.apk': Failed to open oat filename for reading: No such file or directory
I/PackageManager( 4080): /system/priv-app/ThemesProvider changed; collecting certs
I/art     ( 4080): DexFile_isDexOptNeeded failed to open oat file '/data/dalvik-cache/arm/system@priv-app@ThemesProvider@ThemesProvider.apk@classes.dex' for file location '/system/priv-app/ThemesProvider/ThemesProvider.apk': Failed to open oat filename for reading: No such file or directory
I/art     ( 4080): DexFile_isDexOptNeeded failed to open oat file '/system/priv-app/ThemesProvider/arm/ThemesProvider.odex' for file location '/system/priv-app/ThemesProvider/ThemesProvider.apk': Failed to open oat filename for reading: No such file or directory
I/PackageManager( 4080): /system/priv-app/Trebuchet changed; collecting certs
W/PackageManager( 4080): Package com.cyanogenmod.trebuchet at /system/priv-app/Trebuchet reverting from /data/app/com.cyanogenmod.trebuchet-1: new version 1000 better than installed 1000
W/PackageManager( 4080): Couldn't remove dex file for package:  at location /data/app/com.cyanogenmod.trebuchet-1/base.apk, retcode=-1
I/PackageManager( 4080): Package com.cyanogenmod.trebuchet codePath changed from /data/app/com.cyanogenmod.trebuchet-1 to /system/priv-app/Trebuchet; Retaining data and using new
I/PackageManager( 4080): SELinux relabeling of com.cyanogenmod.trebuchet issued.
I/art     ( 4080): DexFile_isDexOptNeeded failed to open oat file '/data/dalvik-cache/arm/system@priv-app@Trebuchet@Trebuchet.apk@classes.dex' for file location '/system/priv-app/Trebuchet/Trebuchet.apk': Failed to open oat filename for reading: No such file or directory
I/art     ( 4080): DexFile_isDexOptNeeded failed to open oat file '/system/priv-app/Trebuchet/arm/Trebuchet.odex' for file location '/system/priv-app/Trebuchet/Trebuchet.apk': Failed to open oat filename for reading: No such file or directory
W/PackageManager( 4080): Code path for pkg : com.cyanogenmod.trebuchet changing from /data/app/com.cyanogenmod.trebuchet-1 to /system/priv-app/Trebuchet
W/PackageManager( 4080): Resource path for pkg : com.cyanogenmod.trebuchet changing from /data/app/com.cyanogenmod.trebuchet-1 to /system/priv-app/Trebuchet
W/PackageManager( 4080): Permission com.android.launcher.permission.INSTALL_SHORTCUT from package com.cyanogenmod.trebuchet ignored: no group null
W/PackageManager( 4080): Permission com.android.launcher.permission.UNINSTALL_SHORTCUT from package com.cyanogenmod.trebuchet ignored: no group null
W/PackageManager( 4080): Permission com.android.launcher3.permission.READ_SETTINGS from package com.cyanogenmod.trebuchet ignored: no group null
W/PackageManager( 4080): Permission com.android.launcher3.permission.WRITE_SETTINGS from package com.cyanogenmod.trebuchet ignored: no group null
I/PackageManager( 4080): /system/priv-app/VpnDialogs changed; collecting certs
W/PackageManager( 4080): System package com.android.vpndialogs signature changed; retaining data.
I/PackageManager( 4080): SELinux relabeling of com.android.vpndialogs issued.
I/art     ( 4080): DexFile_isDexOptNeeded failed to open oat file '/data/dalvik-cache/arm/system@priv-app@VpnDialogs@VpnDialogs.apk@classes.dex' for file location '/system/priv-app/VpnDialogs/VpnDialogs.apk': Failed to open oat filename for reading: No such file or directory
I/art     ( 4080): DexFile_isDexOptNeeded failed to open oat file '/system/priv-app/VpnDialogs/arm/VpnDialogs.odex' for file location '/system/priv-app/VpnDialogs/VpnDialogs.apk': Failed to open oat filename for reading: No such file or directory
I/PackageManager( 4080): /system/priv-app/WallpaperCropper changed; collecting certs
W/PackageManager( 4080): System package com.android.wallpapercropper signature changed; retaining data.
I/PackageManager( 4080): SELinux relabeling of com.android.wallpapercropper issued.
I/art     ( 4080): DexFile_isDexOptNeeded failed to open oat file '/data/dalvik-cache/arm/system@priv-app@WallpaperCropper@WallpaperCropper.apk@classes.dex' for file location '/system/priv-app/WallpaperCropper/WallpaperCropper.apk': Failed to open oat filename for reading: No such file or directory
I/art     ( 4080): DexFile_isDexOptNeeded failed to open oat file '/system/priv-app/WallpaperCropper/arm/WallpaperCropper.odex' for file location '/system/priv-app/WallpaperCropper/WallpaperCropper.apk': Failed to open oat filename for reading: No such file or directory
I/PackageManager( 4080): /system/app/BasicDreams changed; collecting certs
W/PackageManager( 4080): System package com.android.dreams.basic signature changed; retaining data.
I/PackageManager( 4080): SELinux relabeling of com.android.dreams.basic issued.
I/art     ( 4080): DexFile_isDexOptNeeded failed to open oat file '/data/dalvik-cache/arm/system@app@BasicDreams@BasicDreams.apk@classes.dex' for file location '/system/app/BasicDreams/BasicDreams.apk': Failed to open oat filename for reading: No such file or directory
I/art     ( 4080): DexFile_isDexOptNeeded failed to open oat file '/system/app/BasicDreams/arm/BasicDreams.odex' for file location '/system/app/BasicDreams/BasicDreams.apk': Failed to open oat filename for reading: No such file or directory
W/PackageParser( 4080): No actions in intent filter at /system/app/Bluetooth/Bluetooth.apk Binary XML file line #229
I/PackageManager( 4080): /system/app/Bluetooth changed; collecting certs
W/PackageManager( 4080): Failed to parse /system/app/Bluetooth: Signature mismatch for shared user : SharedUserSetting{31116b8e android.uid.bluetooth/1002}
I/PackageManager( 4080): /system/app/Browser changed; collecting certs
I/art     ( 4080): DexFile_isDexOptNeeded failed to open oat file '/data/dalvik-cache/arm/system@app@Browser@Browser.apk@classes.dex' for file location '/system/app/Browser/Browser.apk': Failed to open oat filename for reading: No such file or directory
I/art     ( 4080): DexFile_isDexOptNeeded failed to open oat file '/system/app/Browser/arm/Browser.odex' for file location '/system/app/Browser/Browser.apk': Failed to open oat filename for reading: No such file or directory
W/PackageParser( 4080): No actions in intent filter at /system/app/CMFileManager/CMFileManager.apk Binary XML file line #155
I/PackageManager( 4080): /system/app/CMFileManager changed; collecting certs
I/art     ( 4080): DexFile_isDexOptNeeded failed to open oat file '/data/dalvik-cache/arm/system@app@CMFileManager@CMFileManager.apk@classes.dex' for file location '/system/app/CMFileManager/CMFileManager.apk': Failed to open oat filename for reading: No such file or directory
I/art     ( 4080): DexFile_isDexOptNeeded failed to open oat file '/system/app/CMFileManager/arm/CMFileManager.odex' for file location '/system/app/CMFileManager/CMFileManager.apk': Failed to open oat filename for reading: No such file or directory
I/PackageManager( 4080): /system/app/CMWallpapers changed; collecting certs
I/art     ( 4080): DexFile_isDexOptNeeded failed to open oat file '/data/dalvik-cache/arm/system@app@CMWallpapers@CMWallpapers.apk@classes.dex' for file location '/system/app/CMWallpapers/CMWallpapers.apk': Failed to open oat filename for reading: No such file or directory
I/art     ( 4080): DexFile_isDexOptNeeded failed to open oat file '/system/app/CMWallpapers/arm/CMWallpapers.odex' for file location '/system/app/CMWallpapers/CMWallpapers.apk': Failed to open oat filename for reading: No such file or directory
I/PackageManager( 4080): /system/app/Calculator changed; collecting certs
I/art     ( 4080): DexFile_isDexOptNeeded failed to open oat file '/data/dalvik-cache/arm/system@app@Calculator@Calculator.apk@classes.dex' for file location '/system/app/Calculator/Calculator.apk': Failed to open oat filename for reading: No such file or directory
I/art     ( 4080): DexFile_isDexOptNeeded failed to open oat file '/system/app/Calculator/arm/Calculator.odex' for file location '/system/app/Calculator/Calculator.apk': Failed to open oat filename for reading: No such file or directory
I/PackageManager( 4080): /system/app/Calendar changed; collecting certs
I/McDaemon( 4171): Daemon starting up...
I/McDaemon( 4171): Socket interface version is 0.2
I/McDaemon( 4171): *** SAMSUNG Exynos 5420 tbase-200_V003 Engineering Release ###
I/McDaemon( 4171): Build timestamp is Jul  6 2015 18:05:34
E/McDaemon( 4171):   *****************************
E/McDaemon( 4171):   *** ERROR: ioctl MC_IO_MAP_MCI failed with "Not a typewriter"(errno 25)
E/McDaemon( 4171):   *** Detected in mapMCI/126()
E/McDaemon( 4171):   *****************************
E/McDaemon( 4171):   *****************************
E/McDaemon( 4171):   *** ERROR: pMcKMod->mmap() failed: 190012
E/McDaemon( 4171):   *** Detected in getMciInstance/387()
E/McDaemon( 4171):   *****************************
E/McDaemon( 4171):   *****************************
E/McDaemon( 4171):   *** ERROR: Could not initialize MobiCore!
E/McDaemon( 4171):   *** Detected in run/128()
E/McDaemon( 4171):   *****************************
E/McDaemon( 4171):   *****************************
E/McDaemon( 4171):   *** ERROR: Exiting MobiCoreDaemon
E/McDaemon( 4171):   *** Detected in main/1202()
E/McDaemon( 4171):   *****************************
W/PackageManager( 4080): Trying to update system app code path from /system/app/SPlanner_OS_UPG to /system/app/Calendar
W/PackageManager( 4080): System package com.android.calendar signature changed; retaining data.
I/PackageManager( 4080): SELinux relabeling of com.android.calendar issued.
I/art     ( 4080): DexFile_isDexOptNeeded failed to open oat file '/data/dalvik-cache/arm/system@app@Calendar@Calendar.apk@classes.dex' for file location '/system/app/Calendar/Calendar.apk': Failed to open oat filename for reading: No such file or directory
I/art     ( 4080): DexFile_isDexOptNeeded failed to open oat file '/system/app/Calendar/arm/Calendar.odex' for file location '/system/app/Calendar/Calendar.apk': Failed to open oat filename for reading: No such file or directory
W/PackageManager( 4080): Code path for pkg : com.android.calendar changing from /system/app/SPlanner_OS_UPG to /system/app/Calendar
W/PackageManager( 4080): Resource path for pkg : com.android.calendar changing from /system/app/SPlanner_OS_UPG to /system/app/Calendar
I/PackageManager( 4080): /system/app/Camera2 changed; collecting certs
I/art     ( 4080): DexFile_isDexOptNeeded failed to open oat file '/data/dalvik-cache/arm/system@app@Camera2@Camera2.apk@classes.dex' for file location '/system/app/Camera2/Camera2.apk': Failed to open oat filename for reading: No such file or directory
I/art     ( 4080): DexFile_isDexOptNeeded failed to open oat file '/system/app/Camera2/arm/Camera2.odex' for file location '/system/app/Camera2/Camera2.apk': Failed to open oat filename for reading: No such file or directory
I/PackageManager( 4080): /system/app/CaptivePortalLogin changed; collecting certs
W/PackageManager( 4080): System package com.android.captiveportallogin signature changed; retaining data.
I/PackageManager( 4080): SELinux relabeling of com.android.captiveportallogin issued.
I/art     ( 4080): DexFile_isDexOptNeeded failed to open oat file '/data/dalvik-cache/arm/system@app@CaptivePortalLogin@CaptivePortalLogin.apk@classes.dex' for file location '/system/app/CaptivePortalLogin/CaptivePortalLogin.apk': Failed to open oat filename for reading: No such file or directory
I/art     ( 4080): DexFile_isDexOptNeeded failed to open oat file '/system/app/CaptivePortalLogin/arm/CaptivePortalLogin.odex' for file location '/system/app/CaptivePortalLogin/CaptivePortalLogin.apk': Failed to open oat filename for reading: No such file or directory
I/PackageManager( 4080): /system/app/CertInstaller changed; collecting certs
W/PackageManager( 4080): System package com.android.certinstaller signature changed; retaining data.
I/PackageManager( 4080): SELinux relabeling of com.android.certinstaller issued.
I/art     ( 4080): DexFile_isDexOptNeeded failed to open oat file '/data/dalvik-cache/arm/system@app@CertInstaller@CertInstaller.apk@classes.dex' for file location '/system/app/CertInstaller/CertInstaller.apk': Failed to open oat filename for reading: No such file or directory
I/art     ( 4080): DexFile_isDexOptNeeded failed to open oat file '/system/app/CertInstaller/arm/CertInstaller.odex' for file location '/system/app/CertInstaller/CertInstaller.apk': Failed to open oat filename for reading: No such file or directory
I/PackageManager( 4080): /system/app/DeskClock changed; collecting certs
I/art     ( 4080): DexFile_isDexOptNeeded failed to open oat file '/data/dalvik-cache/arm/system@app@DeskClock@DeskClock.apk@classes.dex' for file location '/system/app/DeskClock/DeskClock.apk': Failed to open oat filename for reading: No such file or directory
I/art     ( 4080): DexFile_isDexOptNeeded failed to open oat file '/system/app/DeskClock/arm/DeskClock.odex' for file location '/system/app/DeskClock/DeskClock.apk': Failed to open oat filename for reading: No such file or directory
I/PackageManager( 4080): /system/app/Development changed; collecting certs
W/PackageManager( 4080): Failed to parse /system/app/Development: Signature mismatch for shared user : SharedUserSetting{1964932e android.uid.system/1000}
I/PackageManager( 4080): /system/app/DocumentsUI changed; collecting certs
W/PackageManager( 4080): System package com.android.documentsui signature changed; retaining data.
I/PackageManager( 4080): SELinux relabeling of com.android.documentsui issued.
I/art     ( 4080): DexFile_isDexOptNeeded failed to open oat file '/data/dalvik-cache/arm/system@app@DocumentsUI@DocumentsUI.apk@classes.dex' for file location '/system/app/DocumentsUI/DocumentsUI.apk': Failed to open oat filename for reading: No such file or directory
I/art     ( 4080): DexFile_isDexOptNeeded failed to open oat file '/system/app/DocumentsUI/arm/DocumentsUI.odex' for file location '/system/app/DocumentsUI/DocumentsUI.apk': Failed to open oat filename for reading: No such file or directory
I/PackageManager( 4080): /system/app/DownloadProviderUi changed; collecting certs
W/PackageManager( 4080): Failed to parse /system/app/DownloadProviderUi: Signature mismatch for shared user : SharedUserSetting{1e49d88b android.media/10047}
I/PackageManager( 4080): /system/app/Eleven changed; collecting certs
I/art     ( 4080): DexFile_isDexOptNeeded failed to open oat file '/data/dalvik-cache/arm/system@app@Eleven@Eleven.apk@classes.dex' for file location '/system/app/Eleven/Eleven.apk': Failed to open oat filename for reading: No such file or directory
I/art     ( 4080): DexFile_isDexOptNeeded failed to open oat file '/system/app/Eleven/arm/Eleven.odex' for file location '/system/app/Eleven/Eleven.apk': Failed to open oat filename for reading: No such file or directory
I/PackageManager( 4080): /system/app/Email changed; collecting certs
W/SurfaceFlinger( 3669): Ignoring duplicate VSYNC event from HWC (t=48210210338)
W/SurfaceFlinger( 3669): Ignoring duplicate VSYNC event from HWC (t=48345195254)
W/SurfaceFlinger( 3669): Ignoring duplicate VSYNC event from HWC (t=48480185421)
W/PackageManager( 4080): Trying to update system app code path from /system/app/SecEmail_K to /system/app/Email
W/PackageManager( 4080): System package com.android.email signature changed; retaining data.
I/PackageManager( 4080): SELinux relabeling of com.android.email issued.
I/art     ( 4080): DexFile_isDexOptNeeded failed to open oat file '/data/dalvik-cache/arm/system@app@Email@Email.apk@classes.dex' for file location '/system/app/Email/Email.apk': Failed to open oat filename for reading: No such file or directory
I/art     ( 4080): DexFile_isDexOptNeeded failed to open oat file '/system/app/Email/arm/Email.odex' for file location '/system/app/Email/Email.apk': Failed to open oat filename for reading: No such file or directory
W/PackageManager( 4080): Code path for pkg : com.android.email changing from /system/app/SecEmail_K to /system/app/Email
W/PackageManager( 4080): Resource path for pkg : com.android.email changing from /system/app/SecEmail_K to /system/app/Email
W/PackageManager( 4080): Permission com.android.email.permission.READ_ATTACHMENT from package com.android.email ignored: no group null
I/PackageManager( 4080): /system/app/Exchange2 changed; collecting certs
W/PackageManager( 4080): Trying to update system app code path from /system/app/SecExchange to /system/app/Exchange2
W/PackageManager( 4080): System package com.android.exchange signature changed; retaining data.
I/PackageManager( 4080): SELinux relabeling of com.android.exchange issued.
I/art     ( 4080): DexFile_isDexOptNeeded failed to open oat file '/data/dalvik-cache/arm/system@app@Exchange2@Exchange2.apk@classes.dex' for file location '/system/app/Exchange2/Exchange2.apk': Failed to open oat filename for reading: No such file or directory
I/art     ( 4080): DexFile_isDexOptNeeded failed to open oat file '/system/app/Exchange2/arm/Exchange2.odex' for file location '/system/app/Exchange2/Exchange2.apk': Failed to open oat filename for reading: No such file or directory
W/PackageManager( 4080): Code path for pkg : com.android.exchange changing from /system/app/SecExchange to /system/app/Exchange2
W/PackageManager( 4080): Resource path for pkg : com.android.exchange changing from /system/app/SecExchange to /system/app/Exchange2
I/PackageManager( 4080): /system/app/Galaxy4 changed; collecting certs
I/art     ( 4080): DexFile_isDexOptNeeded failed to open oat file '/data/dalvik-cache/arm/system@app@Galaxy4@Galaxy4.apk@classes.dex' for file location '/system/app/Galaxy4/Galaxy4.apk': Failed to open oat filename for reading: No such file or directory
I/art     ( 4080): DexFile_isDexOptNeeded failed to open oat file '/system/app/Galaxy4/arm/Galaxy4.odex' for file location '/system/app/Galaxy4/Galaxy4.apk': Failed to open oat filename for reading: No such file or directory
I/McDaemon( 4173): Daemon starting up...
I/McDaemon( 4173): Socket interface version is 0.2
I/McDaemon( 4173): *** SAMSUNG Exynos 5420 tbase-200_V003 Engineering Release ###
I/McDaemon( 4173): Build timestamp is Jul  6 2015 18:05:34
E/McDaemon( 4173):   *****************************
E/McDaemon( 4173):   *** ERROR: ioctl MC_IO_MAP_MCI failed with "Not a typewriter"(errno 25)
E/McDaemon( 4173):   *** Detected in mapMCI/126()
E/McDaemon( 4173):   *****************************
E/McDaemon( 4173):   *****************************
E/McDaemon( 4173):   *** ERROR: pMcKMod->mmap() failed: 190012
E/McDaemon( 4173):   *** Detected in getMciInstance/387()
E/McDaemon( 4173):   *****************************
E/McDaemon( 4173):   *****************************
E/McDaemon( 4173):   *** ERROR: Could not initialize MobiCore!
E/McDaemon( 4173):   *** Detected in run/128()
E/McDaemon( 4173):   *****************************
E/McDaemon( 4173):   *****************************
E/McDaemon( 4173):   *** ERROR: Exiting MobiCoreDaemon
E/McDaemon( 4173):   *** Detected in main/1202()
E/McDaemon( 4173):   *****************************
W/PackageParser( 4080): Unknown element under <application>: permission at /system/app/Gallery2/Gallery2.apk Binary XML file line #273
W/PackageParser( 4080): Unknown element under <application>: permission at /system/app/Gallery2/Gallery2.apk Binary XML file line #276
I/PackageManager( 4080): /system/app/Gallery2 changed; collecting certs
W/SurfaceFlinger( 3669): Ignoring duplicate VSYNC event from HWC (t=49290156879)
I/art     ( 4080): DexFile_isDexOptNeeded failed to open oat file '/data/dalvik-cache/arm/system@app@Gallery2@Gallery2.apk@classes.dex' for file location '/system/app/Gallery2/Gallery2.apk': Failed to open oat filename for reading: No such file or directory
I/art     ( 4080): DexFile_isDexOptNeeded failed to open oat file '/system/app/Gallery2/arm/Gallery2.odex' for file location '/system/app/Gallery2/Gallery2.apk': Failed to open oat filename for reading: No such file or directory
I/PackageManager( 4080): /system/app/HTMLViewer changed; collecting certs
W/PackageManager( 4080): Trying to update system app code path from /system/app/SecHTMLViewer to /system/app/HTMLViewer
W/PackageManager( 4080): System package com.android.htmlviewer signature changed; retaining data.
I/PackageManager( 4080): SELinux relabeling of com.android.htmlviewer issued.
I/art     ( 4080): DexFile_isDexOptNeeded failed to open oat file '/data/dalvik-cache/arm/system@app@HTMLViewer@HTMLViewer.apk@classes.dex' for file location '/system/app/HTMLViewer/HTMLViewer.apk': Failed to open oat filename for reading: No such file or directory
I/art     ( 4080): DexFile_isDexOptNeeded failed to open oat file '/system/app/HTMLViewer/arm/HTMLViewer.odex' for file location '/system/app/HTMLViewer/HTMLViewer.apk': Failed to open oat filename for reading: No such file or directory
W/PackageManager( 4080): Code path for pkg : com.android.htmlviewer changing from /system/app/SecHTMLViewer to /system/app/HTMLViewer
W/PackageManager( 4080): Resource path for pkg : com.android.htmlviewer changing from /system/app/SecHTMLViewer to /system/app/HTMLViewer
I/PackageManager( 4080): /system/app/HoloSpiralWallpaper changed; collecting certs
I/art     ( 4080): DexFile_isDexOptNeeded failed to open oat file '/data/dalvik-cache/arm/system@app@HoloSpiralWallpaper@HoloSpiralWallpaper.apk@classes.dex' for file location '/system/app/HoloSpiralWallpaper/HoloSpiralWallpaper.apk': Failed to open oat filename for reading: No such file or directory
I/art     ( 4080): DexFile_isDexOptNeeded failed to open oat file '/system/app/HoloSpiralWallpaper/arm/HoloSpiralWallpaper.odex' for file location '/system/app/HoloSpiralWallpaper/HoloSpiralWallpaper.apk': Failed to open oat filename for reading: No such file or directory
I/PackageManager( 4080): /system/app/InCallUI changed; collecting certs
W/PackageManager( 4080): Trying to update system app code path from /system/app/LegacyInCallUI to /system/app/InCallUI
W/PackageManager( 4080): Package com.android.incallui shared user changed from android.uid.phone to com.android.dialer; replacing with new
W/PackageManager( 4080): System package com.android.incallui has changed from uid: 1001 to 10215; old data erased
I/PackageManager( 4080): SELinux relabeling of com.android.incallui issued.
I/PackageManager( 4080): /system/app/KeyChain changed; collecting certs
W/PackageManager( 4080): Failed to parse /system/app/KeyChain: Signature mismatch for shared user : SharedUserSetting{1964932e android.uid.system/1000}
I/PackageManager( 4080): /system/app/LatinIME changed; collecting certs
I/art     ( 4080): DexFile_isDexOptNeeded failed to open oat file '/data/dalvik-cache/arm/system@app@LatinIME@LatinIME.apk@classes.dex' for file location '/system/app/LatinIME/LatinIME.apk': Failed to open oat filename for reading: No such file or directory
