I/art     ( 4316): DexFile_isDexOptNeeded failed to open oat file '/data/dalvik-cache/arm/system@framework@com.android.future.usb.accessory.jar@classes.dex' for file location '/system/framework/com.android.future.usb.accessory.jar': Failed to open oat filename for reading: No such file or directory
D/PackagePrefetcher( 4316): put: /system/priv-app/Hearingdro_KK
I/art     ( 4316): DexFile_isDexOptNeeded failed to open oat file '/data/dalvik-cache/arm/system@framework@com.android.location.provider.jar@classes.dex' for file location '/system/framework/com.android.location.provider.jar': Failed to open oat filename for reading: No such file or directory
I/art     ( 4316): DexFile_isDexOptNeeded failed to open oat file '/data/dalvik-cache/arm/system@framework@com.android.media.remotedisplay.jar@classes.dex' for file location '/system/framework/com.android.media.remotedisplay.jar': Failed to open oat filename for reading: No such file or directory
I/art     ( 4316): DexFile_isDexOptNeeded failed to open oat file '/data/dalvik-cache/arm/system@framework@com.android.mediadrm.signer.jar@classes.dex' for file location '/system/framework/com.android.mediadrm.signer.jar': Failed to open oat filename for reading: No such file or directory
V/SamsungPowerSound( 3870): [Exit] SamsungPowerSoundObserver threadFunc
I/art     ( 4316): DexFile_isDexOptNeeded failed to open oat file '/data/dalvik-cache/arm/system@framework@com.android.nfc_extras.jar@classes.dex' for file location '/system/framework/com.android.nfc_extras.jar': Failed to open oat filename for reading: No such file or directory
V/SamsungPowerSound( 3870): -------- SamsungPowerSoundObserver Destructor ---------
V/SamsungPowerSound( 3870): -------- SamsungPowerSoundPlayer Destructor ---------
D/PackagePrefetcher( 4316): put: /system/priv-app/GoogleLoginService
I/art     ( 4316): DexFile_isDexOptNeeded failed to open oat file '/data/dalvik-cache/arm/system@framework@com.broadcom.bt.jar@classes.dex' for file location '/system/framework/com.broadcom.bt.jar': Failed to open oat filename for reading: No such file or directory
I/art     ( 4316): DexFile_isDexOptNeeded failed to open oat file '/data/dalvik-cache/arm/system@framework@com.broadcom.nfc.jar@classes.dex' for file location '/system/framework/com.broadcom.nfc.jar': Failed to open oat filename for reading: No such file or directory
I/art     ( 4316): DexFile_isDexOptNeeded failed to open oat file '/data/dalvik-cache/arm/system@framework@com.dsi.ant.antradio_library.jar@classes.dex' for file location '/system/framework/com.dsi.ant.antradio_library.jar': Failed to open oat filename for reading: No such file or directory
V/AudioPolicyManager( 3623): releaseAudioPatch() patch 4
V/AudioPolicyManager( 3623): releaseAudioPatch() mUidCached 1013 patchDesc->mUid 1013 uid 1013
V/AudioPolicyManager( 3623): getNewOutputDevice() selected device 2
V/AudioPolicyManager( 3623): setOutputDevice() output 2 device 0002 delayMs 0
V/AudioPolicyManager( 3623): setOutputDevice() prevDevice 0002
V/AudioPolicyManager( 3623): setOutputDevice() changing device
V/AudioPolicyManager( 3623): DeviceVector::refreshTypes() mDeviceTypes 00000002
V/AudioPolicyManager( 3623): DeviceVector::getDevicesFromType() for type 2 found 0xb2a5cf40
I/AudioHardwareTinyALSA( 3623): AudioStreamOutALSA::setParameters() routing=2, outputtype:0
D/AudioHardwareTinyALSA( 3623): OutALSA::setDevice: mode = 0, newDevice=0x2, currentDevice=0x2 ,force= 0
D/AudioHardwareTinyALSA( 3623): OutALSA::setDevice: mDevice 0x2, newDevice = 0x2
D/AudioHardwareTinyALSA( 3623): getOutputScenario: scenario = Normal
D/AudioHardwareTinyALSA( 3623): getOutputScenario: scenario = Normal
D/AudioHardwareTinyALSA( 3623): setPcmInterface: Stream=0x1, iSamplerate=16000++
D/AudioHardwareTinyALSA( 3623): setPcmInterface--
D/AudioHardwareTinyALSA( 3623): setOutputVolume
D/TinyUCM ( 3623): setModifier Normal, en=1
D/TinyUCM ( 3623): Normal doesn't have param
V/AudioPolicyManager( 3623): setOutputDevice() createAudioPatch returned 0 patchHandle 11num_sources 1 num_sinks 1
V/AudioPolicyManager( 3623): checkAndSetVolume() cannot set stream 6 volume with force use = 0 for comm
D/PackagePrefetcher( 4316): put: /system/priv-app/KLMSAgent
D/PackagePrefetcher( 4316): put: /system/priv-app/InputDevices
D/PackagePrefetcher( 4316): put: /system/priv-app/GoogleServicesFramework
D/PackagePrefetcher( 4316): put: /system/priv-app/Kies
I/art     ( 4316): DexFile_isDexOptNeeded failed to open oat file '/data/dalvik-cache/arm/system@framework@com.google.widevine.software.drm.jar@classes.dex' for file location '/system/framework/com.google.widevine.software.drm.jar': Failed to open oat filename for reading: No such file or directory
I/art     ( 4316): DexFile_isDexOptNeeded failed to open oat file '/data/dalvik-cache/arm/system@framework@com.gsma.services.nfc.jar@classes.dex' for file location '/system/framework/com.gsma.services.nfc.jar': Failed to open oat filename for reading: No such file or directory
D/PackagePrefetcher( 4316): put: /system/priv-app/HwModuleTest
E/AudioFlinger( 3623): no wake lock to update!
I/art     ( 4316): DexFile_isDexOptNeeded failed to open oat file '/data/dalvik-cache/arm/system@framework@content.jar@classes.dex' for file location '/system/framework/content.jar': Failed to open oat filename for reading: No such file or directory
I/art     ( 4316): DexFile_isDexOptNeeded failed to open oat file '/data/dalvik-cache/arm/system@framework@dpm.jar@classes.dex' for file location '/system/framework/dpm.jar': Failed to open oat filename for reading: No such file or directory
V/AudioPolicyManager( 3623): stopOutput() output 2, stream 1, session 10
V/AudioPolicyManager( 3623): changeRefCount() stream 1, count 0
V/AudioPolicyManager( 3623): getNewOutputDevice() selected device 0
V/AudioPolicyManager( 3623): setOutputDevice() output 2 device 0000 delayMs 160
V/AudioPolicyManager( 3623): setOutputDevice() prevDevice 0002
V/AudioPolicyManager( 3623): setOutputDevice() setting same device 0000 or null device for output 2
V/AudioPolicyManager( 3623): releaseOutput() 2
I/art     ( 4316): DexFile_isDexOptNeeded failed to open oat file '/data/dalvik-cache/arm/system@framework@ime.jar@classes.dex' for file location '/system/framework/ime.jar': Failed to open oat filename for reading: No such file or directory
D/PackagePrefetcher( 4316): put: /system/priv-app/LogsProvider
I/art     ( 4316): DexFile_isDexOptNeeded failed to open oat file '/data/dalvik-cache/arm/system@framework@input.jar@classes.dex' for file location '/system/framework/input.jar': Failed to open oat filename for reading: No such file or directory
D/PackagePrefetcher( 4316): put: /system/priv-app/MmsService
I/art     ( 4316): DexFile_isDexOptNeeded failed to open oat file '/data/dalvik-cache/arm/system@framework@javax.obex.jar@classes.dex' for file location '/system/framework/javax.obex.jar': Failed to open oat filename for reading: No such file or directory
I/art     ( 4316): DexFile_isDexOptNeeded failed to open oat file '/data/dalvik-cache/arm/system@framework@libvtmanagerjar.jar@classes.dex' for file location '/system/framework/libvtmanagerjar.jar': Failed to open oat filename for reading: No such file or directory
I/art     ( 4316): DexFile_isDexOptNeeded failed to open oat file '/data/dalvik-cache/arm/system@framework@media_cmd.jar@classes.dex' for file location '/system/framework/media_cmd.jar': Failed to open oat filename for reading: No such file or directory
W/PackageParser( 4316): No actions in intent filter at /system/priv-app/MtpApplication/MtpApplication.apk Binary XML file line #40
D/PackagePrefetcher( 4316): put: /system/priv-app/MtpApplication
D/PackagePrefetcher( 4316): put: /system/priv-app/MagicShot_FHD_A7
D/PackagePrefetcher( 4316): put: /system/priv-app/ManagedProvisioning
I/art     ( 4316): DexFile_isDexOptNeeded failed to open oat file '/data/dalvik-cache/arm/system@framework@minimode.jar@classes.dex' for file location '/system/framework/minimode.jar': Failed to open oat filename for reading: No such file or directory
I/art     ( 4316): DexFile_isDexOptNeeded failed to open oat file '/data/dalvik-cache/arm/system@framework@monkey.jar@classes.dex' for file location '/system/framework/monkey.jar': Failed to open oat filename for reading: No such file or directory
W/ResourceType( 4316): Failure getting entry for 0x7f020002 (t=1 e=2) (error -75)
D/PackagePrefetcher( 4316): put: /system/priv-app/NoiseField
I/art     ( 4316): DexFile_isDexOptNeeded failed to open oat file '/data/dalvik-cache/arm/system@framework@motionrecognitionservice.jar@classes.dex' for file location '/system/framework/motionrecognitionservice.jar': Failed to open oat filename for reading: No such file or directory
I/art     ( 4316): DexFile_isDexOptNeeded failed to open oat file '/data/dalvik-cache/arm/system@framework@multiwindow.jar@classes.dex' for file location '/system/framework/multiwindow.jar': Failed to open oat filename for reading: No such file or directory
D/PackagePrefetcher( 4316): put: /system/priv-app/OutOfFocusViewer_WQHD_K
D/PackagePrefetcher( 4316): put: /system/priv-app/MusicCommonUtility
I/art     ( 4316): DexFile_isDexOptNeeded failed to open oat file '/data/dalvik-cache/arm/system@framework@org.simalliance.openmobileapi.jar@classes.dex' for file location '/system/framework/org.simalliance.openmobileapi.jar': Failed to open oat filename for reading: No such file or directory
D/PackagePrefetcher( 4316): put: /system/priv-app/OmaCP
D/PackagePrefetcher( 4316): put: /system/priv-app/PageBuddyNotiSvcK
I/art     ( 4316): DexFile_isDexOptNeeded failed to open oat file '/data/dalvik-cache/arm/system@framework@pm.jar@classes.dex' for file location '/system/framework/pm.jar': Failed to open oat filename for reading: No such file or directory
D/PackagePrefetcher( 4316): put: /system/priv-app/PCWClientS18
I/art     ( 4316): DexFile_isDexOptNeeded failed to open oat file '/data/dalvik-cache/arm/system@framework@requestsync.jar@classes.dex' for file location '/system/framework/requestsync.jar': Failed to open oat filename for reading: No such file or directory
I/art     ( 4316): DexFile_isDexOptNeeded failed to open oat file '/data/dalvik-cache/arm/system@framework@sec_feature.jar@classes.dex' for file location '/system/framework/sec_feature.jar': Failed to open oat filename for reading: No such file or directory
I/art     ( 4316): DexFile_isDexOptNeeded failed to open oat file '/data/dalvik-cache/arm/system@framework@sec_platform_library.jar@classes.dex' for file location '/system/framework/sec_platform_library.jar': Failed to open oat filename for reading: No such file or directory
I/art     ( 4316): DexFile_isDexOptNeeded failed to open oat file '/data/dalvik-cache/arm/system@framework@sechardware.jar@classes.dex' for file location '/system/framework/sechardware.jar': Failed to open oat filename for reading: No such file or directory
I/art     ( 4316): DexFile_isDexOptNeeded failed to open oat file '/data/dalvik-cache/arm/system@framework@secimaging.jar@classes.dex' for file location '/system/framework/secimaging.jar': Failed to open oat filename for reading: No such file or directory
D/PackagePrefetcher( 4316): put: /system/priv-app/PayWithPaypal
I/art     ( 4316): DexFile_isDexOptNeeded failed to open oat file '/data/dalvik-cache/arm/system@framework@secmarcoa.jar@classes.dex' for file location '/system/framework/secmarcoa.jar': Failed to open oat filename for reading: No such file or directory
W/ResourceType( 4316): Failure getting entry for 0x7f020000 (t=1 e=0) (error -75)
I/art     ( 4316): DexFile_isDexOptNeeded failed to open oat file '/data/dalvik-cache/arm/system@framework@secmediarecorder.jar@classes.dex' for file location '/system/framework/secmediarecorder.jar': Failed to open oat filename for reading: No such file or directory
D/PackagePrefetcher( 4316): put: /system/priv-app/PhoneErrService
W/ResourceType( 4316): Failure getting entry for 0x7f020002 (t=1 e=2) (error -75)
D/PackagePrefetcher( 4316): put: /system/priv-app/PhaseBeam
D/PackagePrefetcher( 4316): put: /system/priv-app/PersonalPageService
I/art     ( 4316): DexFile_isDexOptNeeded failed to open oat file '/data/dalvik-cache/arm/system@framework@secsmartcard.jar@classes.dex' for file location '/system/framework/secsmartcard.jar': Failed to open oat filename for reading: No such file or directory
I/art     ( 4316): DexFile_isDexOptNeeded failed to open oat file '/data/dalvik-cache/arm/system@framework@secvision.jar@classes.dex' for file location '/system/framework/secvision.jar': Failed to open oat filename for reading: No such file or directory
I/art     ( 4316): DexFile_isDexOptNeeded failed to open oat file '/data/dalvik-cache/arm/system@framework@secvisualeffect.jar@classes.dex' for file location '/system/framework/secvisualeffect.jar': Failed to open oat filename for reading: No such file or directory
I/art     ( 4316): DexFile_isDexOptNeeded failed to open oat file '/data/dalvik-cache/arm/system@framework@settings.jar@classes.dex' for file location '/system/framework/settings.jar': Failed to open oat filename for reading: No such file or directory
I/art     ( 4316): DexFile_isDexOptNeeded failed to open oat file '/data/dalvik-cache/arm/system@framework@sgi.jar@classes.dex' for file location '/system/framework/sgi.jar': Failed to open oat filename for reading: No such file or directory
I/art     ( 4316): DexFile_isDexOptNeeded failed to open oat file '/data/dalvik-cache/arm/system@framework@smartfaceserviceapi.jar@classes.dex' for file location '/system/framework/smartfaceserviceapi.jar': Failed to open oat filename for reading: No such file or directory
D/PackagePrefetcher( 4316): put: /system/priv-app/ProxyHandler
I/art     ( 4316): DexFile_isDexOptNeeded failed to open oat file '/data/dalvik-cache/arm/system@framework@smatlib.jar@classes.dex' for file location '/system/framework/smatlib.jar': Failed to open oat filename for reading: No such file or directory
I/art     ( 4316): DexFile_isDexOptNeeded failed to open oat file '/data/dalvik-cache/arm/system@framework@ssrm.jar@classes.dex' for file location '/system/framework/ssrm.jar': Failed to open oat filename for reading: No such file or directory
I/art     ( 4316): DexFile_isDexOptNeeded failed to open oat file '/data/dalvik-cache/arm/system@framework@svc.jar@classes.dex' for file location '/system/framework/svc.jar': Failed to open oat filename for reading: No such file or directory
W/Resources( 4316): Converting to boolean: TypedValue{t=0x3/d=0x226c "true" a=3 r=0x7f1208eb}
I/art     ( 4316): DexFile_isDexOptNeeded failed to open oat file '/data/dalvik-cache/arm/system@framework@sws.jar@classes.dex' for file location '/system/framework/sws.jar': Failed to open oat filename for reading: No such file or directory
I/art     ( 4316): DexFile_isDexOptNeeded failed to open oat file '/data/dalvik-cache/arm/system@framework@twframework.jar@classes.dex' for file location '/system/framework/twframework.jar': Failed to open oat filename for reading: No such file or directory
I/art     ( 4316): DexFile_isDexOptNeeded failed to open oat file '/data/dalvik-cache/arm/system@framework@uiautomator.jar@classes.dex' for file location '/system/framework/uiautomator.jar': Failed to open oat filename for reading: No such file or directory
D/PackagePrefetcher( 4316): put: /system/priv-app/Phonesky
D/PackagePrefetcher( 4316): put: /system/priv-app/PhotoStudio_FHD_K
I/art     ( 4316): DexFile_isDexOptNeeded failed to open oat file '/data/dalvik-cache/arm/system@framework@wm.jar@classes.dex' for file location '/system/framework/wm.jar': Failed to open oat filename for reading: No such file or directory
W/ResourceType( 4316): Failure getting entry for 0x7f0c0033 (t=11 e=51) (error -75)
D/PackagePrefetcher( 4316): put: /system/priv-app/SFinder
W/PackageParser( 4316): No actions in intent filter at /system/priv-app/S-Voice_Android_phone/S-Voice_Android_phone.apk Binary XML file line #382
D/PackagePrefetcher( 4316): put: /system/priv-app/S-Voice_Android_phone
D/PackageManager( 4316): No files in app dir /vendor/overlay
D/PackageManager( 4316): not yet prefetched, retry parse package: 
W/PackageManager( 4316): Failed to parse /system/framework/arm: Missing base APK in /system/framework/arm
D/PackageManager( 4316): not yet prefetched, retry parse package: 
D/PackagePrefetcher( 4316): put: /system/priv-app/SOAgent
W/PackageParser( 4316): No actions in intent filter at /system/priv-app/SPPPushClient_Prod/SPPPushClient_Prod.apk Binary XML file line #353
D/PackagePrefetcher( 4316): put: /system/priv-app/SPPPushClient_Prod
D/PackagePrefetcher( 4316): put: /system/priv-app/SPDClient
D/PackagePrefetcher( 4316): put: /system/priv-app/SNS
D/PackagePrefetcher( 4316): put: /system/priv-app/SStudio_FHD_K
D/PackagePrefetcher( 4316): put: /system/priv-app/GmsCore
W/ResourceType( 4316): ResTable_typeSpec entry count inconsistent: given 1, previously 1633
D/PackagePrefetcher( 4316): put: /system/priv-app/SamsungBilling
D/PackagePrefetcher( 4316): put: /system/priv-app/SamsungMagnifier
W/ResourceType( 4316): ResTable_typeSpec entry count inconsistent: given 1, previously 1633
W/PackageManager( 4316): Permission android.permission.sec.MDM_ENTERPRISE_VPN_SOLUTION from package android ignored: no group null
W/PackageManager( 4316): Permission com.sec.android.app.sysscope.permission.ACCESS_SYSTEM_INFO_SYSSCOPE_ONLY from package android ignored: no group null
D/PackageManager( 4316): not yet prefetched, retry parse package: 
W/PackageManager( 4316): Failed to parse /system/framework/twframework-res.apk: /system/framework/twframework-res.apk (at Binary XML file line #2): null
I/PackageManager( 4316): /system/priv-app/3DTourViewer_WQHD_K changed; collecting certs
D/PackagePrefetcher( 4316): put: /system/priv-app/SamsungLinkPlatform
D/PackagePrefetcher( 4316): put: /system/priv-app/SecCalendarProvider
D/PackagePrefetcher( 4316): put: /system/priv-app/SamsungApps_K
W/PackageParser( 4316): No actions in intent filter at /system/priv-app/Samsungservice2_xxhdpi/Samsungservice2_xxhdpi.apk Binary XML file line #279
W/ResourceType( 4316): Failure getting entry for 0x7f020000 (t=1 e=0) (error -75)
D/PackagePrefetcher( 4316): put: /system/priv-app/SecDownloadProvider
D/PackagePrefetcher( 4316): put: /system/priv-app/SecContactsProvider
D/PackagePrefetcher( 4316): put: /system/priv-app/SamsungMusic_20
D/PackagePrefetcher( 4316): put: /system/priv-app/Samsungservice2_xxhdpi
W/ResourceType( 4316): Failure getting entry for 0x7f020006 (t=1 e=6) (error -75)
W/ResourceType( 4316): Failure getting entry for 0x7f020006 (t=1 e=6) (error -75)
W/ResourceType( 4316): Failure getting entry for 0x7f020006 (t=1 e=6) (error -75)
D/PackagePrefetcher( 4316): put: /system/priv-app/SecLiveWallpapersPicker
D/PackagePrefetcher( 4316): put: /system/priv-app/SHealth3_5
W/ResourceType( 4316): Failure getting entry for 0x7f020156 (t=1 e=342) (error -75)
D/PackagePrefetcher( 4316): put: /system/priv-app/SecMediaProvider
I/PackageManager( 4316): /system/priv-app/AutomationTest_FB changed; collecting certs
W/ResourceType( 4316): Failure getting entry for 0x7f020158 (t=1 e=344) (error -75)
W/ResourceType( 4316): Failure getting entry for 0x7f020157 (t=1 e=343) (error -75)
W/ResourceType( 4316): Failure getting entry for 0x7f0200f6 (t=1 e=246) (error -75)
W/ResourceType( 4316): Failure getting entry for 0x7f0200f5 (t=1 e=245) (error -75)
W/ResourceType( 4316): Failure getting entry for 0x7f0200f7 (t=1 e=247) (error -75)
W/ResourceType( 4316): Failure getting entry for 0x7f020158 (t=1 e=344) (error -75)
W/ResourceType( 4316): Failure getting entry for 0x7f020158 (t=1 e=344) (error -75)
W/ResourceType( 4316): Failure getting entry for 0x7f020157 (t=1 e=343) (error -75)
W/PackageParser( 4316): No path, pathPrefix, or pathPattern for <path-permission>: path-permission at /system/priv-app/SecContacts/SecContacts.apk Binary XML file line #1
W/ResourceType( 4316): Failure getting entry for 0x7f020158 (t=1 e=344) (error -75)
W/ResourceType( 4316): Failure getting entry for 0x7f020158 (t=1 e=344) (error -75)
W/ResourceType( 4316): Failure getting entry for 0x7f020158 (t=1 e=344) (error -75)
W/ResourceType( 4316): Failure getting entry for 0x7f020158 (t=1 e=344) (error -75)
W/ResourceType( 4316): Failure getting entry for 0x7f020158 (t=1 e=344) (error -75)
D/PackagePrefetcher( 4316): put: /system/priv-app/SecMyFiles2014
D/PackagePrefetcher( 4316): put: /system/priv-app/SecContacts
D/PackagePrefetcher( 4316): put: /system/priv-app/SecSafetyAssurance
W/ResourceType( 4316): Failure getting entry for 0x7f020000 (t=1 e=0) (error -75)
D/PackagePrefetcher( 4316): put: /system/priv-app/SecSettingsProvider
D/PackagePrefetcher( 4316): put: /system/priv-app/SecTelephonyProvider_Candy
D/PackagePrefetcher( 4316): put: /system/priv-app/SecGallery2014
D/PackagePrefetcher( 4316): put: /system/priv-app/SecVideo
I/art     ( 4316): Background partial concurrent mark sweep GC freed 96625(4MB) AllocSpace objects, 10(152KB) LOS objects, 33% free, 24MB/36MB, paused 930us total 102.816ms
D/PackagePrefetcher( 4316): put: /system/priv-app/SecWallpaperPicker
I/PackageManager( 4316): /system/priv-app/BackupRestoreConfirmation changed; collecting certs
D/PackagePrefetcher( 4316): put: /system/priv-app/ServiceModeApp_RIL
D/PackagePrefetcher( 4316): put: /system/priv-app/SharedStorageBackup
W/PackageParser( 4316): No actions in intent filter at /system/priv-app/SecMms_Candy/SecMms_Candy.apk Binary XML file line #1316
W/PackageParser( 4316): No actions in intent filter at /system/priv-app/SecMms_Candy/SecMms_Candy.apk Binary XML file line #1323
D/PackagePrefetcher( 4316): put: /system/priv-app/SecMms_Candy
D/PackagePrefetcher( 4316): put: /system/priv-app/Shell
D/PackagePrefetcher( 4316): put: /system/priv-app/SoundAlive_20_L
D/PackagePrefetcher( 4316): put: /system/priv-app/SecVideoPlayer
D/AT_Distributor( 3644): try to connect RIL
E/AT_Distributor( 3644): connection fail & retry connect(4)
W/PackageParser( 4316): No actions in intent filter at /system/priv-app/SetupWizard/SetupWizard.apk Binary XML file line #168
W/PackageParser( 4316): No actions in intent filter at /system/priv-app/SetupWizard/SetupWizard.apk Binary XML file line #337
D/PackagePrefetcher( 4316): put: /system/priv-app/SetupWizard
D/PackagePrefetcher( 4316): put: /system/priv-app/Tag
I/PackageManager( 4316): /system/priv-app/CSC changed; collecting certs
D/PackagePrefetcher( 4316): put: /system/priv-app/SyncmlDM
W/ResourceType( 4316): Failure getting entry for 0x7f020005 (t=1 e=5) (error -75)
W/ResourceType( 4316): Failure getting entry for 0x7f020005 (t=1 e=5) (error -75)
W/ResourceType( 4316): Failure getting entry for 0x7f020005 (t=1 e=5) (error -75)
D/PackagePrefetcher( 4316): put: /system/priv-app/TrimApp_phone_light
D/PackagePrefetcher( 4316): put: /system/priv-app/Telecom
I/PackageManager( 4316): /system/priv-app/CloudAgent changed; collecting certs
D/PackagePrefetcher( 4316): put: /system/priv-app/TouchWizHome_K
D/PackagePrefetcher( 4316): put: /system/priv-app/VoiceNote
I/PackageManager( 4316): /system/priv-app/ContextProvider changed; collecting certs
D/PackagePrefetcher( 4316): put: /system/priv-app/VpnDialogs
W/PackageParser( 4316): Unknown element under <manifest>: provider at /system/priv-app/SystemUI/SystemUI.apk Binary XML file line #599
D/PackagePrefetcher( 4316): put: /system/priv-app/SystemUI
D/PackagePrefetcher( 4316): put: /system/priv-app/WallpaperCropper
W/ResourceType( 4316): Failure getting entry for 0x7f02000f (t=1 e=15) (error -75)
D/PackagePrefetcher( 4316): put: /system/priv-app/intelligenceservice
D/PackagePrefetcher( 4316): put: /system/priv-app/sCloudDataRelay
D/PackagePrefetcher( 4316): put: /system/priv-app/sCloudDataSync
D/PackagePrefetcher( 4316): put: /system/priv-app/sCloudBackupApp
W/ResourceType( 4316): Failure getting entry for 0x7f0200ad (t=1 e=173) (error -75)
W/ResourceType( 4316): Failure getting entry for 0x7f0200ad (t=1 e=173) (error -75)
W/ResourceType( 4316): Failure getting entry for 0x7f0200ad (t=1 e=173) (error -75)
D/PackagePrefetcher( 4316): put: /system/priv-app/sCloudSyncCalendar
D/wrapperGPS( 3641): wrapperConnect_RILD
D/PackagePrefetcher( 4316): put: /system/priv-app/sCloudSyncContacts
D/PackagePrefetcher( 4316): put: /system/priv-app/sCloudQuotaApp
I/PackageManager( 4316): /system/priv-app/DCMProvider changed; collecting certs
D/PackagePrefetcher( 4316): put: /system/priv-app/sCloudSyncMemo
D/PackagePrefetcher( 4316): put: /system/priv-app/sCloudSyncSBrowser
D/PackagePrefetcher( 4316): put: /system/priv-app/sCloudSyncSNote3
W/ResourceType( 4316): Failure getting entry for 0x7f0200ba (t=1 e=186) (error -75)
W/ResourceType( 4316): Failure getting entry for 0x7f0200ac (t=1 e=172) (error -75)
W/ResourceType( 4316): Failure getting entry for 0x7f0200ac (t=1 e=172) (error -75)
D/PackagePrefetcher( 4316): put: /system/priv-app/TeleService
D/PackagePrefetcher( 4316): put: /system/priv-app/serviceModeApp_FB
D/PackagePrefetcher( 4316): put: /system/priv-app/wssyncmlnps
D/PackagePrefetcher( 4316): put: /data/app/com.speedsoftware.rootexplorer-1
D/PackagePrefetcher( 4316): put: /system/priv-app/Velvet
I/PackageManager( 4316): /system/priv-app/DSMLawmo changed; collecting certs
D/PackagePrefetcher( 4316): put: /system/priv-app/SecSettings
I/PackageManager( 4316): /system/priv-app/DefaultContainerService changed; collecting certs
I/PackageManager( 4316): /system/priv-app/DeviceKeystring changed; collecting certs
I/PackageManager( 4316): /system/priv-app/DeviceTest changed; collecting certs
I/PackageManager( 4316): /system/priv-app/DiagMonAgent changed; collecting certs
I/PackageManager( 4316): /system/priv-app/DirectShareManager changed; collecting certs
I/PackageManager( 4316): /system/priv-app/DocumentService changed; collecting certs
I/PackageManager( 4316): /system/priv-app/EasyLauncher2 changed; collecting certs
I/PackageManager( 4316): /system/priv-app/ExternalStorageProvider changed; collecting certs
I/PackageManager( 4316): /system/priv-app/FingerprintService changed; collecting certs
D/AT_Distributor( 3644): try to connect RIL
D/AT_Distributor( 3644): connection success
D/AT_Distributor( 3644): Send Msg [ATD > RIL] 4 bytes <>
D/AT_Distributor( 3644): Send Msg [ATD > UART] 15 bytes <(\r)(\n)+UART READY(\r)(\n)>
D/AT_Distributor( 3644): InitSocketMessageHandler(): DDEXE, id(9), fd(17)
D/AT_Distributor( 3644): Send Msg [RIL > ATD] 15 bytes <(\r)(\n)AST_POWERON(\r)(\n)>
D/AT_Distributor( 3644): Send Msg [ATD > UART] 15 bytes <(\r)(\n)AST_POWERON(\r)(\n)>
D/AT_Distributor( 3644): SetAtdStatus(), 1_0_0
E/AT_Distributor( 3644): Permission of /efs/00000000.authtokcont: 664
D/AT_Distributor( 3644): ListenFD()
I/PackageManager( 4316): /system/priv-app/FmmDM changed; collecting certs
I/PackageManager( 4316): /system/priv-app/FmmDS changed; collecting certs
I/PackageManager( 4316): /system/priv-app/FotaClient changed; collecting certs
I/PackageManager( 4316): /system/priv-app/FusedLocation changed; collecting certs
D/wrapperGPS( 3641): wrapperConnect_RILD
D/gpsd    ( 3641): WakeLock(Acquire,GPSD)
D/gpsd    ( 3641): WakeLock(Release,GPSD)
I/PackageManager( 4316): /system/priv-app/GmsCore changed; collecting certs
I/PackageManager( 4316): /system/priv-app/GoogleBackupTransport changed; collecting certs
I/PackageManager( 4316): /system/priv-app/GoogleFeedback changed; collecting certs
I/PackageManager( 4316): /system/priv-app/GoogleLoginService changed; collecting certs
I/PackageManager( 4316): /system/priv-app/GoogleOneTimeInitializer changed; collecting certs
I/PackageManager( 4316): /system/priv-app/GooglePartnerSetup changed; collecting certs
I/PackageManager( 4316): /system/priv-app/GoogleServicesFramework changed; collecting certs
I/PackageManager( 4316): /system/priv-app/GroupPlay_27 changed; collecting certs
I/PackageManager( 4316): /system/priv-app/HealthService changed; collecting certs
I/PackageManager( 4316): /system/priv-app/Hearingdro_KK changed; collecting certs
D/AudioHardwareTinyALSA( 3623): standby waiting for out autolock
D/AudioHardwareTinyALSA( 3623): Entering AudioStreamOutALSA standby mode nStreamOutputType:0
D/AudioHardwareTinyALSA( 3623): AudioStreamOutALSA::standby - close()
I/AudioHardwareTinyALSA( 3623): Close mHandle:b1b920c0
I/PackageManager( 4316): /system/priv-app/HwModuleTest changed; collecting certs
I/PackageManager( 4316): /system/priv-app/InputDevices changed; collecting certs
I/PackageManager( 4316): /system/priv-app/KLMSAgent changed; collecting certs
I/SELinuxMMAC( 4316): com.samsung.klmsagent registered as an RCP File Copier App.
I/PackageManager( 4316): /system/priv-app/Kies changed; collecting certs
I/PackageManager( 4316): /system/priv-app/LogsProvider changed; collecting certs
I/PackageManager( 4316): /system/priv-app/MagicShot_FHD_A7 changed; collecting certs
I/PackageManager( 4316): /system/priv-app/ManagedProvisioning changed; collecting certs
I/PackageManager( 4316): /system/priv-app/MmsService changed; collecting certs
I/PackageManager( 4316): /system/priv-app/MtpApplication changed; collecting certs
E/SMD     ( 3608): smd_init start 
E/SMD     ( 3608): smd Interface is open with 0x7
E/SMD     ( 3608): smd Interface is open with 0x7
E/SMD     ( 3608): m_setparms
E/SMD     ( 3608): dr_setparms : tcgetattr failed with tty
E/SMD     ( 3608): -
E/SMD     ( 3608): Before the Modem Read select 
E/SMD     ( 3608): [*] dr_smd_ril_open_client sucess 0xb6b01068
E/SMD     ( 3608): [dr_smd_ril_init] dr_smd_ril_open_client successful 
E/SMD     ( 3608): [*] RegisterUnsolicitedHandler() successfully done 
E/SMD     ( 3608): [dr_smd_ril_init] dr_smd_ril_register_UnSol_Hdlr successful 
E/SMD     ( 3608): [*] Connect_RILD()  done 
E/SMD     ( 3608): [dr_smd_ril_init] dr_smd_ril_Connect successful 
E/SMD     ( 3608): [dr_smd_ril_init] dr_smd_ril_Connect successful 
E/SMD     ( 3608): [dr_smd_ril_init] successful 
E/SMD     ( 3608): Data Routerdr_smd_ril_init Successfully done  
E/SMD     ( 3608): start pin ctrl to use secril
I/PackageManager( 4316): /system/priv-app/MusicCommonUtility changed; collecting certs
I/PackageManager( 4316): /system/priv-app/NoiseField changed; collecting certs
D/SideSyncNativeKeyService( 4386): Server : Can't bind local address: 98, Address already in use
I/PackageManager( 4316): /system/priv-app/OmaCP changed; collecting certs
I/PackageManager( 4316): /system/priv-app/OutOfFocusViewer_WQHD_K changed; collecting certs
I/PackageManager( 4316): /system/priv-app/PCWClientS18 changed; collecting certs
I/PackageManager( 4316): /system/priv-app/PageBuddyNotiSvcK changed; collecting certs
I/PackageManager( 4316): /system/priv-app/PayWithPaypal changed; collecting certs
I/PackageManager( 4316): /system/priv-app/PersonalPageService changed; collecting certs
I/PackageManager( 4316): /system/priv-app/PhaseBeam changed; collecting certs
I/PackageManager( 4316): /system/priv-app/PhoneErrService changed; collecting certs
I/PackageManager( 4316): /system/priv-app/Phonesky changed; collecting certs
I/PackageManager( 4316): /system/priv-app/PhotoStudio_FHD_K changed; collecting certs
I/PackageManager( 4316): /system/priv-app/ProxyHandler changed; collecting certs
I/PackageManager( 4316): /system/priv-app/S-Voice_Android_phone changed; collecting certs
I/PackageManager( 4316): /system/priv-app/SFinder changed; collecting certs
I/PackageManager( 4316): /system/priv-app/SHealth3_5 changed; collecting certs
I/PackageManager( 4316): /system/priv-app/SNS changed; collecting certs
I/PackageManager( 4316): /system/priv-app/SOAgent changed; collecting certs
I/PackageManager( 4316): /system/priv-app/SPDClient changed; collecting certs
I/PackageManager( 4316): /system/priv-app/SPPPushClient_Prod changed; collecting certs
I/PackageManager( 4316): /system/priv-app/SStudio_FHD_K changed; collecting certs
I/PackageManager( 4316): /system/priv-app/SamsungApps_K changed; collecting certs
I/PackageManager( 4316): /system/priv-app/SamsungBilling changed; collecting certs
I/PackageManager( 4316): /system/priv-app/SamsungLinkPlatform changed; collecting certs
I/PackageManager( 4316): /system/priv-app/SamsungMagnifier changed; collecting certs
D/DataRouter( 3619): After the usb select
D/DataRouter( 3619): read usb data[len:1]
D/DataRouter( 3619): read usb data message:A
D/DataRouter( 3619): Before the usb select
E/SMD     ( 3608): ***Received data notification[DR->SMD]***
E/SMD     ( 3608): Message:A
E/SMD     ( 3608): Sending data to SMD: Len = [1]
E/SMD     ( 3608):  buffer = [A]
E/SMD     ( 3608): Wrote 1 chars to SMD PORT fd=7 ch = 41
D/AT_Distributor( 3644): Send Msg [DDEXE > ATD] 1 bytes <A>
E/AT_Distributor( 3644): HandleMessageFromClients() : A command is not process in atd
D/AT_Distributor( 3644): Send Msg [ATD > DDEXE] 2 bytes <NA>
I/PackageManager( 4316): /system/priv-app/SamsungMusic_20 changed; collecting certs
D/DataRouter( 3619): After the usb select
D/DataRouter( 3619): read usb data[len:1]
D/DataRouter( 3619): read usb data message:T
D/DataRouter( 3619): Before the usb select
E/SMD     ( 3608): ***Received data notification[DR->SMD]***
E/SMD     ( 3608): Message:T
E/SMD     ( 3608): Sending data to SMD: Len = [1]
E/SMD     ( 3608):  buffer = [T]
D/AT_Distributor( 3644): Send Msg [DDEXE > ATD] 1 bytes <T>
E/SMD     ( 3608): Wrote 1 chars to SMD PORT fd=7 ch = 54
E/AT_Distributor( 3644): HandleMessageFromClients() : T command is not process in atd
D/AT_Distributor( 3644): Send Msg [ATD > DDEXE] 2 bytes <NA>
I/PackageManager( 4316): /system/priv-app/Samsungservice2_xxhdpi changed; collecting certs
D/DataRouter( 3619): After the usb select
D/DataRouter( 3619): read usb data[len:1]
D/DataRouter( 3619): read usb data message:
D/DataRouter( 3619): Before the usb select
D/AT_Distributor( 3644): Send Msg [DDEXE > ATD] 1 bytes <(\r)>
E/SMD     ( 3608): ***Received data notification[DR->SMD]***
E/SMD     ( 3608): Message:
E/SMD     ( 3608): Sending data to SMD: Len = [1]
E/SMD     ( 3608):  buffer = []
E/AT_Distributor( 3644): HandleMessageFromClients() :  command is not process in atd
E/SMD     ( 3608): Wrote 1 chars to SMD PORT fd=7 ch = d
D/AT_Distributor( 3644): Send Msg [ATD > DDEXE] 2 bytes <NA>
I/PackageManager( 4316): /system/priv-app/SecCalendarProvider changed; collecting certs
I/PackageManager( 4316): /system/priv-app/SecContacts changed; collecting certs
I/SELinuxMMAC( 4316): com.android.contacts registered as an RCP File Copier App.
I/PackageManager( 4316): /system/priv-app/SecContactsProvider changed; collecting certs
I/PackageManager( 4316): /system/priv-app/SecDownloadProvider changed; collecting certs
I/PackageManager( 4316): /system/priv-app/SecGallery2014 changed; collecting certs
I/PackageManager( 4316): /system/priv-app/SecLiveWallpapersPicker changed; collecting certs
I/PackageManager( 4316): /system/priv-app/SecMediaProvider changed; collecting certs
I/PackageManager( 4316): /system/priv-app/SecMms_Candy changed; collecting certs
I/PackageManager( 4316): /system/priv-app/SecMyFiles2014 changed; collecting certs
I/PackageManager( 4316): /system/priv-app/SecSafetyAssurance changed; collecting certs
I/PackageManager( 4316): /system/priv-app/SecSettings changed; collecting certs
D/SideSyncNativeKeyService( 4393): Server : Can't bind local address: 98, Address already in use
I/SELinuxMMAC( 4316): com.android.settings registered as an RCP File Copier App.
I/PackageManager( 4316): /system/priv-app/SecSettingsProvider changed; collecting certs
I/PackageManager( 4316): /system/priv-app/SecTelephonyProvider_Candy changed; collecting certs
I/PackageManager( 4316): /system/priv-app/SecVideo changed; collecting certs
I/PackageManager( 4316): /system/priv-app/SecVideoPlayer changed; collecting certs
I/PackageManager( 4316): /system/priv-app/SecWallpaperPicker changed; collecting certs
I/PackageManager( 4316): /system/priv-app/ServiceModeApp_RIL changed; collecting certs
I/PackageManager( 4316): /system/priv-app/SetupWizard changed; collecting certs
I/PackageManager( 4316): /system/priv-app/SharedStorageBackup changed; collecting certs
I/PackageManager( 4316): /system/priv-app/Shell changed; collecting certs
I/PackageManager( 4316): /system/priv-app/SoundAlive_20_L changed; collecting certs
D/DataRouter( 3619): After the usb select
D/DataRouter( 3619): read usb data[len:1]
D/DataRouter( 3619): read usb data message:A
D/DataRouter( 3619): Before the usb select
D/AT_Distributor( 3644): Send Msg [DDEXE > ATD] 1 bytes <A>
E/AT_Distributor( 3644): HandleMessageFromClients() : A command is not process in atd
D/AT_Distributor( 3644): Send Msg [ATD > DDEXE] 2 bytes <NA>
E/SMD     ( 3608): ***Received data notification[DR->SMD]***
E/SMD     ( 3608): Message:A
E/SMD     ( 3608): Sending data to SMD: Len = [1]
E/SMD     ( 3608):  buffer = [A]
E/SMD     ( 3608): Wrote 1 chars to SMD PORT fd=7 ch = 41
I/PackageManager( 4316): /system/priv-app/SyncmlDM changed; collecting certs
D/DataRouter( 3619): After the usb select
D/DataRouter( 3619): read usb data[len:1]
D/DataRouter( 3619): read usb data message:T
D/DataRouter( 3619): Before the usb select
D/AT_Distributor( 3644): Send Msg [DDEXE > ATD] 1 bytes <T>
E/AT_Distributor( 3644): HandleMessageFromClients() : T command is not process in atd
D/AT_Distributor( 3644): Send Msg [ATD > DDEXE] 2 bytes <NA>
E/SMD     ( 3608): ***Received data notification[DR->SMD]***
E/SMD     ( 3608): Message:T
E/SMD     ( 3608): Sending data to SMD: Len = [1]
E/SMD     ( 3608):  buffer = [T]
E/SMD     ( 3608): Wrote 1 chars to SMD PORT fd=7 ch = 54
I/PackageManager( 4316): /system/priv-app/SystemUI changed; collecting certs
D/DataRouter( 3619): After the usb select
D/DataRouter( 3619): read usb data[len:1]
D/DataRouter( 3619): read usb data message:
D/DataRouter( 3619): Before the usb select
E/SMD     ( 3608): ***Received data notification[DR->SMD]***
E/SMD     ( 3608): Message:
E/SMD     ( 3608): Sending data to SMD: Len = [1]
E/SMD     ( 3608):  buffer = []
D/AT_Distributor( 3644): Send Msg [DDEXE > ATD] 1 bytes <(\r)>
E/SMD     ( 3608): Wrote 1 chars to SMD PORT fd=7 ch = d
E/AT_Distributor( 3644): HandleMessageFromClients() :  command is not process in atd
D/AT_Distributor( 3644): Send Msg [ATD > DDEXE] 2 bytes <NA>
I/PackageManager( 4316): /system/priv-app/Tag changed; collecting certs
I/PackageManager( 4316): /system/priv-app/TeleService changed; collecting certs
I/PackageManager( 4316): /system/priv-app/Telecom changed; collecting certs
I/PackageManager( 4316): /system/priv-app/TouchWizHome_K changed; collecting certs
I/SELinuxMMAC( 4316): com.sec.android.app.launcher registered as an RCP File Copier App.
I/PackageManager( 4316): /system/priv-app/TrimApp_phone_light changed; collecting certs
D/Sensorhubs( 3636): readEvents: 2, 1, -43
I/PackageManager( 4316): /system/priv-app/Velvet changed; collecting certs
I/PackageManager( 4316): /system/priv-app/VoiceNote changed; collecting certs
I/PackageManager( 4316): /system/priv-app/VpnDialogs changed; collecting certs
I/PackageManager( 4316): /system/priv-app/WallpaperCropper changed; collecting certs
I/PackageManager( 4316): /system/priv-app/intelligenceservice changed; collecting certs
I/PackageManager( 4316): /system/priv-app/sCloudBackupApp changed; collecting certs
I/PackageManager( 4316): /system/priv-app/sCloudDataRelay changed; collecting certs
I/PackageManager( 4316): /system/priv-app/sCloudDataSync changed; collecting certs
I/PackageManager( 4316): /system/priv-app/sCloudQuotaApp changed; collecting certs
I/PackageManager( 4316): /system/priv-app/sCloudSyncCalendar changed; collecting certs
I/PackageManager( 4316): /system/priv-app/sCloudSyncContacts changed; collecting certs
I/PackageManager( 4316): /system/priv-app/sCloudSyncMemo changed; collecting certs
I/PackageManager( 4316): /system/priv-app/sCloudSyncSBrowser changed; collecting certs
I/PackageManager( 4316): /system/priv-app/sCloudSyncSNote3 changed; collecting certs
I/PackageManager( 4316): /system/priv-app/serviceModeApp_FB changed; collecting certs
I/PackageManager( 4316): /system/priv-app/wssyncmlnps changed; collecting certs
I/PackageManager( 4316): /system/app/ANTPlusPlugins changed; collecting certs
I/PackageManager( 4316): /system/app/ANTPlusTest changed; collecting certs
I/PackageManager( 4316): /system/app/ANTRadioService changed; collecting certs
I/PackageManager( 4316): /system/app/AccessControl changed; collecting certs
I/PackageManager( 4316): /system/app/AccuweatherPhone2014_K_LMR_fHD changed; collecting certs
I/PackageManager( 4316): /system/app/AirWakeUp changed; collecting certs
I/PackageManager( 4316): /system/app/AllShareCastPlayer changed; collecting certs
I/PackageManager( 4316): /system/app/AllshareFileShare changed; collecting certs
I/PackageManager( 4316): /system/app/AllshareFileShareClient changed; collecting certs
I/PackageManager( 4316): /system/app/AllshareFileShareServer changed; collecting certs
I/PackageManager( 4316): /system/app/AllshareMediaServer changed; collecting certs
I/PackageManager( 4316): /system/app/AllshareMediaShare changed; collecting certs
I/PackageManager( 4316): /system/app/AntHalService changed; collecting certs
D/DataRouter( 3619): After the usb select
D/DataRouter( 3619): read usb data[len:1]
D/DataRouter( 3619): read usb data message:A
D/DataRouter( 3619): Before the usb select
D/AT_Distributor( 3644): Send Msg [DDEXE > ATD] 1 bytes <A>
E/AT_Distributor( 3644): HandleMessageFromClients() : A command is not process in atd
D/AT_Distributor( 3644): Send Msg [ATD > DDEXE] 2 bytes <NA>
E/SMD     ( 3608): ***Received data notification[DR->SMD]***
E/SMD     ( 3608): Message:A
E/SMD     ( 3608): Sending data to SMD: Len = [1]
E/SMD     ( 3608):  buffer = [A]
E/SMD     ( 3608): Wrote 1 chars to SMD PORT fd=7 ch = 41
I/PackageManager( 4316): /system/app/AssistantMenu2 changed; collecting certs
I/PackageManager( 4316): /system/app/BCService changed; collecting certs
D/DataRouter( 3619): After the usb select
D/DataRouter( 3619): read usb data[len:1]
D/DataRouter( 3619): read usb data message:T
D/DataRouter( 3619): Before the usb select
D/AT_Distributor( 3644): Send Msg [DDEXE > ATD] 1 bytes <T>
E/AT_Distributor( 3644): HandleMessageFromClients() : T command is not process in atd
D/AT_Distributor( 3644): Send Msg [ATD > DDEXE] 2 bytes <NA>
E/SMD     ( 3608): ***Received data notification[DR->SMD]***
E/SMD     ( 3608): Message:T
E/SMD     ( 3608): Sending data to SMD: Len = [1]
E/SMD     ( 3608):  buffer = [T]
E/SMD     ( 3608): Wrote 1 chars to SMD PORT fd=7 ch = 54
I/PackageManager( 4316): /system/app/BadgeProvider changed; collecting certs
D/DataRouter( 3619): After the usb select
D/DataRouter( 3619): read usb data[len:1]
D/DataRouter( 3619): read usb data message:
D/DataRouter( 3619): Before the usb select
E/SMD     ( 3608): ***Received data notification[DR->SMD]***
E/SMD     ( 3608): Message:
E/SMD     ( 3608): Sending data to SMD: Len = [1]
E/SMD     ( 3608):  buffer = []
D/AT_Distributor( 3644): Send Msg [DDEXE > ATD] 1 bytes <(\r)>
E/SMD     ( 3608): Wrote 1 chars to SMD PORT fd=7 ch = d
E/AT_Distributor( 3644): HandleMessageFromClients() :  command is not process in atd
D/AT_Distributor( 3644): Send Msg [ATD > DDEXE] 2 bytes <NA>
I/PackageManager( 4316): /system/app/BasicDreams changed; collecting certs
I/PackageManager( 4316): /system/app/BeaconManager changed; collecting certs
I/PackageManager( 4316): /system/app/BeamService changed; collecting certs
I/PackageManager( 4316): /system/app/Bluetooth changed; collecting certs
I/PackageManager( 4316): /system/app/BluetoothTest changed; collecting certs
I/PackageManager( 4316): /system/app/Blurb changed; collecting certs
I/PackageManager( 4316): /system/app/Books changed; collecting certs
D/SideSyncNativeKeyService( 4395): Server : Can't bind local address: 98, Address already in use
I/PackageManager( 4316): /system/app/Bridge changed; collecting certs
I/SELinuxMMAC( 4316): com.sec.knox.bridge registered as a Syncer Agent App.
I/SELinuxMMAC( 4316): com.sec.knox.bridge registered as a Proxy Agent App.
I/PackageManager( 4316): /system/app/BrowserProviderProxy changed; collecting certs
I/PackageManager( 4316): /system/app/CaptivePortalLogin changed; collecting certs
I/PackageManager( 4316): /system/app/CertInstaller changed; collecting certs
I/PackageManager( 4316): /system/app/ChatON_MARKET changed; collecting certs
I/PackageManager( 4316): /system/app/ChocoEUKor changed; collecting certs
I/PackageManager( 4316): /system/app/Chrome changed; collecting certs
I/PackageManager( 4316): /system/app/ChromeCustomizations changed; collecting certs
I/PackageManager( 4316): /system/app/ClipboardSaveService changed; collecting certs
I/PackageManager( 4316): /system/app/ClipboardUIService changed; collecting certs
I/PackageManager( 4316): /system/app/ClockPackage changed; collecting certs
I/PackageManager( 4316): /system/app/ColorBlind changed; collecting certs
I/PackageManager( 4316): /system/app/ConfigUpdater changed; collecting certs
I/PackageManager( 4316): /system/app/CoolEUKor changed; collecting certs
I/PackageManager( 4316): /system/app/DigitalClock changed; collecting certs
I/PackageManager( 4316): /system/app/DigitalClockEasy changed; collecting certs
I/PackageManager( 4316): /system/app/DirectConnect changed; collecting certs
I/PackageManager( 4316): /system/app/DocumentsUI changed; collecting certs
I/PackageManager( 4316): /system/app/Drive changed; collecting certs
I/PackageManager( 4316): /system/app/DriveLink changed; collecting certs
D/DataRouter( 3619): After the usb select
D/DataRouter( 3619): read usb data[len:5]
D/DataRouter( 3619): read usb data message:~
D/DataRouter( 3619): Before the usb select
E/SMD     ( 3608): ***Received data notification[DR->SMD]***
E/SMD     ( 3608): Path set is DATA_PATH_DR_SMD_MANAGER
D/AT_Distributor( 3644): Send Msg [DDEXE > ATD] 5 bytes <~>
E/AT_Distributor( 3644): HandleMessageFromClients() : ~ command is not process in atd
D/AT_Distributor( 3644): Send Msg [ATD > DDEXE] 2 bytes <NA>
I/PackageManager( 4316): /system/app/DriveLinkRemote changed; collecting certs
I/PackageManager( 4316): /system/app/Dropbox changed; collecting certs
I/PackageManager( 4316): /system/app/DropboxOOBE changed; collecting certs
I/PackageManager( 4316): /system/app/DualClockDigital changed; collecting certs
I/PackageManager( 4316): /system/app/ELMAgent changed; collecting certs
I/PackageManager( 4316): /system/app/EasyOneHand2 changed; collecting certs
I/PackageManager( 4316): /system/app/EasySettings changed; collecting certs
I/PackageManager( 4316): /system/app/EasymodeContactsWidget changed; collecting certs
I/PackageManager( 4316): /system/app/EditorsDocs changed; collecting certs
I/PackageManager( 4316): /system/app/EdmSimPinService changed; collecting certs
I/PackageManager( 4316): /system/app/EdmVpnServices changed; collecting certs
I/PackageManager( 4316): /system/app/EmergencyLauncher changed; collecting certs
I/PackageManager( 4316): /system/app/EmergencyModeService changed; collecting certs
I/SELinuxMMAC( 4316): com.sec.android.emergencymode.service registered as an RCP File Copier App.
I/PackageManager( 4316): /system/app/EmergencyProvider changed; collecting certs
I/PackageManager( 4316): /system/app/FactoryCamera_FB changed; collecting certs
I/PackageManager( 4316): /system/app/FilterInstaller changed; collecting certs
I/PackageManager( 4316): /system/app/FilterManager changed; collecting certs
I/PackageManager( 4316): /system/app/FilterProvider changed; collecting certs
I/PackageManager( 4316): /system/app/FixmoISA changed; collecting certs
I/PackageManager( 4316): /system/app/Flipboard changed; collecting certs
I/PackageManager( 4316): /system/app/GearManagerStub changed; collecting certs
I/PackageManager( 4316): /system/app/GeoLookout changed; collecting certs
I/PackageManager( 4316): /system/app/GestureService changed; collecting certs
I/PackageManager( 4316): /system/app/Gmail2 changed; collecting certs
I/PackageManager( 4316): /system/app/GoogleCalendarSyncAdapter changed; collecting certs
I/PackageManager( 4316): /system/app/GoogleContactsSyncAdapter changed; collecting certs
I/PackageManager( 4316): /system/app/GoogleTTS changed; collecting certs
I/PackageManager( 4316): /system/app/Hangouts changed; collecting certs
D/SideSyncNativeKeyService( 4396): Server : Can't bind local address: 98, Address already in use
E/SMD     ( 3608): InvokeOemRequestHookRaw usbstatus true is success
E/SMD     ( 3608): [*] dr_smd_dsr_event_hdlr event received  is received 
E/SMD     ( 3608): data pin is DSR 
E/SMD     ( 3608): DSR pinstatus is ON 
I/PackageManager( 4316): /system/app/Headlines changed; collecting certs
D/DataRouter( 3619): After the usb select
D/DataRouter( 3619): read usb data[len:5]
D/DataRouter( 3619): read usb data message:~
D/DataRouter( 3619): Before the usb select
E/SMD     ( 3608): ***Received data notification[DR->SMD]***
E/SMD     ( 3608): Path set is DATA_PATH_DR_SMD_MANAGER
D/AT_Distributor( 3644): Send Msg [DDEXE > ATD] 5 bytes <~>
E/SMD     ( 3608): Message:~
E/SMD     ( 3608): Sending data to SMD: Len = [5]
E/SMD     ( 3608):  buffer = [~]
E/AT_Distributor( 3644): HandleMessageFromClients() : ~ command is not process in atd
E/SMD     ( 3608): Wrote 5 chars to SMD PORT fd=7 ch = 7e
D/AT_Distributor( 3644): Send Msg [ATD > DDEXE] 2 bytes <NA>
I/PackageManager( 4316): /system/app/InteractiveTutorial changed; collecting certs
I/PackageManager( 4316): /system/app/KeyChain changed; collecting certs
I/PackageManager( 4316): /system/app/KnoxAttestationAgent changed; collecting certs
I/PackageManager( 4316): /system/app/KnoxSetupWizardClient changed; collecting certs
I/SELinuxMMAC( 4316): com.sec.knox.knoxsetupwizardclient registered as an RCP File Copier App.
I/PackageManager( 4316): /system/app/LegacyInCallUI changed; collecting certs
I/PackageManager( 4316): /system/app/LocalFOTA changed; collecting certs
I/PackageManager( 4316): /system/app/MDMApp changed; collecting certs
I/PackageManager( 4316): /system/app/Maps changed; collecting certs
