E/Minikin ( 4999): addFont failed to create font /system/fonts/NotoSansHant-Regular.otf
E/Minikin ( 4999): addFont failed to create font /system/fonts/NotoSansJP-Regular.otf
E/Minikin ( 4999): addFont failed to create font /system/fonts/NotoSansKR-Regular.otf
E/Minikin ( 4977): addFont failed to create font /system/fonts/NotoSansGujarati-Regular.ttf
E/Minikin ( 4977): addFont failed to create font /system/fonts/NotoSansGujarati-Bold.ttf
E/Minikin ( 4977): addFont failed to create font /system/fonts/NotoSansGujaratiUI-Regular.ttf
E/Minikin ( 4977): addFont failed to create font /system/fonts/NotoSansGujaratiUI-Bold.ttf
E/Minikin ( 4977): addFont failed to create font /system/fonts/NotoSansGurmukhi-Regular.ttf
E/Minikin ( 4977): addFont failed to create font /system/fonts/NotoSansGurmukhi-Bold.ttf
E/Minikin ( 4977): addFont failed to create font /system/fonts/NotoSansGurmukhiUI-Regular.ttf
E/Minikin ( 4977): addFont failed to create font /system/fonts/NotoSansGurmukhiUI-Bold.ttf
E/Minikin ( 4977): addFont failed to create font /system/fonts/NotoSansSinhala-Regular.ttf
E/Minikin ( 4977): addFont failed to create font /system/fonts/NotoSansSinhala-Bold.ttf
E/Minikin ( 4977): addFont failed to create font /system/fonts/NotoSansCherokee-Regular.ttf
E/Minikin ( 4977): addFont failed to create font /system/fonts/NotoSansCanadianAboriginal-Regular.ttf
E/Minikin ( 4977): addFont failed to create font /system/fonts/NotoSansYi-Regular.ttf
E/Minikin ( 4977): addFont failed to create font /system/fonts/NotoSansHans-Regular.otf
E/Minikin ( 4977): addFont failed to create font /system/fonts/NotoSansHant-Regular.otf
E/Minikin ( 4977): addFont failed to create font /system/fonts/NotoSansJP-Regular.otf
E/Minikin ( 4977): addFont failed to create font /system/fonts/NotoSansKR-Regular.otf
E/Minikin ( 4843): addFont failed to create font /system/fonts/NotoSansGujarati-Regular.ttf
E/Minikin ( 4843): addFont failed to create font /system/fonts/NotoSansGujarati-Bold.ttf
E/Minikin ( 4843): addFont failed to create font /system/fonts/NotoSansGujaratiUI-Regular.ttf
E/Minikin ( 4843): addFont failed to create font /system/fonts/NotoSansGujaratiUI-Bold.ttf
E/Minikin ( 4843): addFont failed to create font /system/fonts/NotoSansGurmukhi-Regular.ttf
E/Minikin ( 4843): addFont failed to create font /system/fonts/NotoSansGurmukhi-Bold.ttf
E/Minikin ( 4843): addFont failed to create font /system/fonts/NotoSansGurmukhiUI-Regular.ttf
E/Minikin ( 4843): addFont failed to create font /system/fonts/NotoSansGurmukhiUI-Bold.ttf
E/Minikin ( 4843): addFont failed to create font /system/fonts/NotoSansSinhala-Regular.ttf
E/Minikin ( 4843): addFont failed to create font /system/fonts/NotoSansSinhala-Bold.ttf
E/Minikin ( 4843): addFont failed to create font /system/fonts/NotoSansCherokee-Regular.ttf
E/Minikin ( 4843): addFont failed to create font /system/fonts/NotoSansCanadianAboriginal-Regular.ttf
E/Minikin ( 4843): addFont failed to create font /system/fonts/NotoSansYi-Regular.ttf
E/Minikin ( 4843): addFont failed to create font /system/fonts/NotoSansHans-Regular.otf
E/Minikin ( 4843): addFont failed to create font /system/fonts/NotoSansHant-Regular.otf
E/Minikin ( 4843): addFont failed to create font /system/fonts/NotoSansJP-Regular.otf
E/Minikin ( 4843): addFont failed to create font /system/fonts/NotoSansKR-Regular.otf
E/SQLiteLog( 5151): (1) no such table: album_info
W/GooglePlayServicesUtil( 5186): Google Play services is missing.
W/ContextImpl( 5186): Calling a method in the system process without a qualified user: android.app.ContextImpl.bindService:1790 android.content.ContextWrapper.bindService:544 android.speech.tts.TextToSpeech.connectToEngine:800 android.speech.tts.TextToSpeech.initTts:770 android.speech.tts.TextToSpeech.<init>:723 
E/cutils  ( 5212): Failed to mkdir(/mnt/shell/emulated/0): Read-only file system
W/Zygote  ( 5212): Failed to mount emulated storage: 30
I/ActivityManager( 4116): Start proc com.svox.pico for service com.svox.pico/.PicoService: pid=5212 uid=10049 gids={50049, 9997, 1028, 1015} abi=armeabi-v7a
I/TextToSpeech( 5186): Sucessfully bound to com.svox.pico
D/PhoneStatusBar( 4538): disable: < EXPAND* icons ALERTS* system_info back HOME* RECENT* clock SEARCH* >
D/PhoneStatusBar( 4538): heads up is disabled
D/PhoneStatusBar( 4538): dismissing any existing heads up notification on disable event
E/ExtMediaPlayer-JNI( 5186): QCMediaPlayer could not be located....
E/MediaPlayer-JNI( 5186): QCMediaPlayer mediaplayer NOT present
D/MediaPlayer( 5186): Couldn't open file on client side, trying server side
E/MediaPlayerService( 3692): Couldn't open fd for content://settings/system/notification_sound
E/MediaPlayer( 5186): Unable to create media player
D/Ringtone( 5186): Problem opening; delegating to remote player
E/ExtMediaPlayer-JNI( 5186): QCMediaPlayer could not be located....
E/MediaPlayer-JNI( 5186): QCMediaPlayer mediaplayer NOT present
D/MediaPlayer( 5186): Couldn't open file on client side, trying server side
E/MediaPlayerService( 3692): Couldn't open fd for content://settings/system/notification_sound
E/MediaPlayer( 5186): Unable to create media player
D/Ringtone( 5186): Problem opening; delegating to remote player
D/WifiService( 4116): New client listening to asynchronous messages
V/SynthProxy( 5212): About to load libttspico.so, applyFilter=true
D/BluetoothManagerService( 4116): Message: 20
D/BluetoothManagerService( 4116): Added callback: android.bluetooth.IBluetoothManagerCallback$Stub$Proxy@24d7be01:true
D/BluetoothAdapter( 5094): 770205163: getState() :  mService = null. Returning STATE_OFF
D/BluetoothManagerService( 4116): Message: 30
E/Minikin ( 5151): addFont failed to create font /system/fonts/NotoSansGujarati-Regular.ttf
E/Minikin ( 5151): addFont failed to create font /system/fonts/NotoSansGujarati-Bold.ttf
E/Minikin ( 5151): addFont failed to create font /system/fonts/NotoSansGujaratiUI-Regular.ttf
E/Minikin ( 5151): addFont failed to create font /system/fonts/NotoSansGujaratiUI-Bold.ttf
E/Minikin ( 5151): addFont failed to create font /system/fonts/NotoSansGurmukhi-Regular.ttf
E/Minikin ( 5151): addFont failed to create font /system/fonts/NotoSansGurmukhi-Bold.ttf
E/Minikin ( 5151): addFont failed to create font /system/fonts/NotoSansGurmukhiUI-Regular.ttf
E/Minikin ( 5151): addFont failed to create font /system/fonts/NotoSansGurmukhiUI-Bold.ttf
E/Minikin ( 5151): addFont failed to create font /system/fonts/NotoSansSinhala-Regular.ttf
E/Minikin ( 5151): addFont failed to create font /system/fonts/NotoSansSinhala-Bold.ttf
D/BluetoothManagerService( 4116): Message: 30
E/Minikin ( 5151): addFont failed to create font /system/fonts/NotoSansCherokee-Regular.ttf
E/Minikin ( 5151): addFont failed to create font /system/fonts/NotoSansCanadianAboriginal-Regular.ttf
E/Minikin ( 5151): addFont failed to create font /system/fonts/NotoSansYi-Regular.ttf
E/Minikin ( 5151): addFont failed to create font /system/fonts/NotoSansHans-Regular.otf
E/Minikin ( 5151): addFont failed to create font /system/fonts/NotoSansHant-Regular.otf
E/Minikin ( 5151): addFont failed to create font /system/fonts/NotoSansJP-Regular.otf
E/Minikin ( 5151): addFont failed to create font /system/fonts/NotoSansKR-Regular.otf
D/LocalBluetoothProfileManager( 5094): Adding local MAP profile
D/BluetoothMap( 5094): Create BluetoothMap proxy object
D/BluetoothManagerService( 4116): Message: 30
I/SVOX Pico Engine( 5212): loaded en-US successfully
D/BluetoothManagerService( 4116): Message: 30
D/LocalBluetoothProfileManager( 5094): LocalBluetoothProfileManager construction complete
D/BluetoothAdapter( 5094): 770205163: getState() :  mService = null. Returning STATE_OFF
D/BluetoothAdapter( 5094): 770205163: getState() :  mService = null. Returning STATE_OFF
E/cutils  ( 5241): Failed to mkdir(/mnt/shell/emulated/0): Read-only file system
W/Zygote  ( 5241): Failed to mount emulated storage: 30
I/ActivityManager( 4116): Start proc com.cyanogenmod.eleven for broadcast com.cyanogenmod.eleven/.MediaButtonIntentReceiver: pid=5241 uid=10032 gids={50032, 9997, 1028, 1015, 3003} abi=armeabi-v7a
I/DownloadManager( 5151): Upgrading downloads database from version 0 to version 109, which will destroy all old data
D/OpenGLRenderer( 5186): Render dirty regions requested: true
D/Atlas   ( 5186): Validating map...
E/cutils  ( 5265): Failed to mkdir(/mnt/shell/emulated/0): Read-only file system
W/Zygote  ( 5265): Failed to mount emulated storage: 30
I/ActivityManager( 4116): Start proc com.cyanogenmod.eleven:main for service com.cyanogenmod.eleven/.MusicPlaybackService: pid=5265 uid=10032 gids={50032, 9997, 1028, 1015, 3003} abi=armeabi-v7a
I/TextToSpeech( 5186): Connected to ComponentInfo{com.svox.pico/com.svox.pico.PicoService}
I/TextToSpeech( 5186): Set up connection to ComponentInfo{com.svox.pico/com.svox.pico.PicoService}
E/cutils  ( 5288): Failed to mkdir(/mnt/shell/emulated/0): Read-only file system
W/Zygote  ( 5288): Failed to mount emulated storage: 30
I/ActivityManager( 4116): Start proc com.cyanogenmod.trebuchet for broadcast com.cyanogenmod.trebuchet/com.android.launcher3.ThemeChangedReceiver: pid=5288 uid=10018 gids={50018, 9997, 1028} abi=armeabi-v7a
I/        ( 5186): PLATFORM VERSION : JB-MR-2
I/OpenGLRenderer( 5186): Initialized EGL, version 1.4
D/OpenGLRenderer( 5186): Enabling debug mode 0
V/RenderScript_jni( 5265): RS native mode
E/RenderScript( 5265): Failed loading RS driver: dlopen failed: cannot locate symbol "_ZN7android12renderscript15RsdCpuReference6createEPNS0_7ContextEjjPFPKNS1_9CpuSymbolES3_PKcEPFPNS1_9CpuScriptES3_PKNS0_6ScriptEEPFPN4llvm6ModuleEPN3bcc8RSScriptESK_SK_EPFS8_S8_jE" referenced by "libRSDriverArm.so"...
E/RenderScript( 5265): Failed to load runtime libRSDriverArm.so, loading default
V/RenderScript( 5265): 0xaf202c00 Launching thread(s), CPUs 8
E/cutils  ( 3673): Failed to mkdirat(/mnt/shell/emulated/0): Read-only file system
W/Vold    ( 3673): Returning OperationFailed - no handler for errno 30
W/ContextImpl( 5265): Failed to ensure directory: /storage/emulated/0/Android/data/com.cyanogenmod.eleven/cache
E/Vold    ( 3673): Failed to find mounted volume for /storage/extSdCard/Android/data/com.cyanogenmod.eleven/cache/
W/Vold    ( 3673): Returning OperationFailed - no handler for errno 0
W/ContextImpl( 5265): Failed to ensure directory: /storage/extSdCard/Android/data/com.cyanogenmod.eleven/cache
V/Launcher( 5288): LauncherAppState inited
I/ActivityManager( 4116): Displayed com.cyanogenmod.setupwizard/.ui.SetupWizardActivity: +1s100ms (total +1s443ms)
I/Timeline( 4116): Timeline: Activity_windows_visible id: ActivityRecord{35a9234 u0 com.cyanogenmod.setupwizard/.ui.SetupWizardActivity t2} time:29923
D/Launcher.Model( 5288): Old launcher provider: content://com.android.launcher2.settings/favorites?notify=true
D/Launcher.Model( 5288): Old launcher provider does not exist.
I/Timeline( 5186): Timeline: Activity_idle id: android.os.BinderProxy@1972d333 time:29948
I/SystemServiceManager( 4116): Starting phase 1000
E/SEC PowerHAL( 4116): Error opening /sys/devices/system/cpu/cpufreq/interactive/boostpulse: No such file or directory
E/ExtMediaPlayer-JNI( 5265): QCMediaPlayer could not be located....
E/MediaPlayer-JNI( 5265): QCMediaPlayer mediaplayer NOT present
I/Choreographer( 4999): Skipped 57 frames!  The application may be doing too much work on its main thread.
D/lights  ( 4116): set_light_battery 0xd00 0 0
D/LocaleSetManager( 5265): Locale Changed from: null to null
I/MusicLocale( 5265): AddressBook Labels [en-US]: [, A, B, C, D, E, F, G, H, I, J, K, L, M, N, O, P, Q, R, S, T, U, V, W, X, Y, Z, , , , , , , , , , , , , , , , , , , , , , , , , , , , , , , , , , , , , , , , , , , , , , , , , , , , , , , , , , , , , , , , , , , , , , , , , , , , , , , , , , , , , , , , , , , , , , , , , , , , , , , , , , , , , , , , , , , , , , , , , , , , , , , , , , , , , , , , , , , , , , , , , , , , , , , , , , , , , , , , , , , , , , , , , , , , , , , , , , , , , , , , , , , , #, ]
I/MusicLocale( 5265): AddressBook Labels [en-US]: [, A, B, C, D, E, F, G, H, I, J, K, L, M, N, O, P, Q, R, S, T, U, V, W, X, Y, Z, , , , , , , , , , , , , , , , , , , , , , , , , , , , , , , , , , , , , , , , , , , , , , , , , , , , , , , , , , , , , , , , , , , , , , , , , , , , , , , , , , , , , , , , , , , , , , , , , , , , , , , , , , , , , , , , , , , , , , , , , , , , , , , , , , , , , , , , , , , , , , , , , , , , , , , , , , , , , , , , , , , , , , , , , , , , , , , , , , , , , , , , , , , , #, ]
D/LocaleSetManager( 5265): Locale Changed from: null to en-US
V/KeyguardServiceDelegate( 4116): *** Keyguard started
W/KeyguardServiceDelegate( 4116): onScreenTurnedOn(): no keyguard service!
I/Sensors ( 4116): Acc old sensor_state 0, new sensor_state : 1 en : 1
V/KeyguardServiceDelegate( 4116): *** Keyguard connected (yay!)
W/Settings( 4538): Setting airplane_mode_on has moved from android.provider.Settings.System to android.provider.Settings.Global, returning read-only value.
V/KeyguardServiceDelegate( 4116): **** SHOWN CALLED ****
I/BootReceiver( 5094): IOSched restore disabled by user preference.
D/InputMethodAndLanguageSettings( 5094): High touch sensitivity settings restored.
D/InputMethodAndLanguageSettings( 5094): Touch hovering settings restored.
D/BluetoothManagerService( 4116): Retrieving Bluetooth Adapter name and address...
D/BluetoothManagerService( 4116): getNameAndAddress(): mBluetooth = null mBinding = false
D/BluetoothManagerService( 4116): Message: 200
D/BluetoothManagerService( 4116): MESSAGE_GET_NAME_AND_ADDRESS
D/BluetoothManagerService( 4116): Binding to service to get name and address
I/RecoverySystem( 4116): Deleted: /cache/recovery/log
W/Searchables( 4116): No global search activity found
I/BootReceiver( 4116): Copying /proc/last_kmsg to DropBox (SYSTEM_LAST_KMSG)
E/SharedPreferencesImpl( 4116): Couldn't create directory for SharedPreferences file shared_prefs/log_files.xml
E/cutils  ( 5358): Failed to mkdir(/mnt/shell/emulated/0): Read-only file system
W/Zygote  ( 5358): Failed to mount emulated storage: 30
I/ActivityManager( 4116): Start proc com.android.bluetooth for service com.android.bluetooth/.btservice.AdapterService: pid=5358 uid=1002 gids={41002, 9997, 3003, 3002, 3001, 1028, 1015, 3005, 1016, 3008} abi=armeabi-v7a
I/BootReceiver( 4116): Copying audit failures to DropBox
E/SharedPreferencesImpl( 4116): Couldn't create directory for SharedPreferences file shared_prefs/log_files.xml
I/BootReceiver( 4116): Copied 0 worth of audits to DropBox
I/BootReceiver( 4116): Checking for fsck errors
E/cutils  ( 5380): Failed to mkdir(/mnt/shell/emulated/0): Read-only file system
W/Zygote  ( 5380): Failed to mount emulated storage: 30
I/ActivityManager( 4116): Start proc com.android.deskclock for broadcast com.android.deskclock/.AlarmInitReceiver: pid=5380 uid=10030 gids={50030, 9997, 1028, 3003} abi=armeabi-v7a
W/ResourcesManager( 5358): Asset path '/system/framework/javax.btobex.jar' does not exist or contains no resources.
E/cutils  ( 5402): Failed to mkdir(/mnt/shell/emulated/0): Read-only file system
W/Zygote  ( 5402): Failed to mount emulated storage: 30
I/ActivityManager( 4116): Start proc com.android.keychain for service com.android.keychain/.KeyChainService: pid=5402 uid=1000 gids={41000, 9997, 3003, 1028, 1015, 3002, 3001} abi=armeabi-v7a
D/AdapterServiceConfig( 5358): Adding HeadsetService
D/AdapterServiceConfig( 5358): Adding A2dpService
D/AdapterServiceConfig( 5358): Adding HidService
D/AdapterServiceConfig( 5358): Adding HealthService
D/AdapterServiceConfig( 5358): Adding PanService
D/AdapterServiceConfig( 5358): Adding GattService
D/AdapterServiceConfig( 5358): Adding BluetoothMapService
D/AdapterServiceConfig( 5358): Adding HidDevService
W/WakefulBroadcastReceiver( 5265): No active wake lock id #1
D/BluetoothManagerService( 4116): Message: 20
D/BluetoothManagerService( 4116): Added callback: android.bluetooth.IBluetoothManagerCallback$Stub$Proxy@1a51fd25:true
D/BluetoothAdapterState( 5358): make
V/AlarmClock( 5380): AlarmInitReceiver android.intent.action.BOOT_COMPLETED
I/bluedroid( 5358): init
I/BluetoothAdapterState( 5358): Entering OffState
E/bt-btif ( 5358): btif_config_get(L188): assert failed: section && *section && key && *key && name && *name && bytes && type
I/bte_conf( 5358): bte_load_conf attempt to load stack conf from /etc/bluetooth/bt_stack.conf
I/bte_conf( 5358): bte_load_ble_conf attempt to load ble stack conf from /etc/bluetooth/ble_stack.conf
E/bt_osi_config( 5358): config_new unable to open file '/etc/bluetooth/ble_stack.conf': No such file or directory
I/bte_conf( 5358): bte_load_ble_conf file >/etc/bluetooth/ble_stack.conf< not found
I/bluedroid( 5358): get_profile_interface socket
I/bluedroid( 5358): get_profile_interface map_client
I/GKI_LINUX( 5358): gki_task_entry task_id=1 [BTIF] starting
D/BluetoothManagerService( 4116): BluetoothServiceConnection: com.android.bluetooth.btservice.AdapterService
D/BluetoothAdapterProperties( 5358): Address is:14:B4:84:6F:66:79
D/BluetoothManagerService( 4116): Message: 40
D/BluetoothManagerService( 4116): MESSAGE_BLUETOOTH_SERVICE_CONNECTED: 1
D/BluetoothManagerService( 4116): Bluetooth Adapter name changed to SM-G900H
D/BluetoothAdapterProperties( 5358): Name is: SM-G900H
I/bluedroid( 5358): config_hci_snoop_log
D/BluetoothManagerService( 4116): Message: 200
D/BluetoothManagerService( 4116): MESSAGE_GET_NAME_AND_ADDRESS
D/BluetoothManagerService( 4116): Message: 201
D/BluetoothManagerService( 4116): MESSAGE_SAVE_NAME_AND_ADDRESS
D/BluetoothAdapterState( 5358): CURRENT_STATE=OFF, MESSAGE = USER_TURN_ON
V/AlarmClock( 5380): AlarmInitReceiver - Reset timers and clear stopwatch data
D/BluetoothAdapterProperties( 5358): Setting state to 11
I/BluetoothAdapterState( 5358): Bluetooth adapter state changed: 10-> 11
V/AlarmClock( 5380): AlarmInitReceiver - resetting volume button default
D/BluetoothBondStateMachine( 5358): make
I/BluetoothBondStateMachine( 5358): StableState(): Entering Off State
D/BluetoothAdapterService( 5358): checkA2dpState: isA2dpSinkEnabled = false
E/BluetoothAdapterService( 5358): checkA2dpState: returning
D/BluetoothAdapterService( 5358): checkHidState: isHidDev = false
E/BluetoothAdapterService( 5358): checkHidState: returning
D/BluetoothAdapterService( 5358): checkHfpState: isHfpClientEnabled = false
E/BluetoothAdapterService( 5358): checkHfpState: returning
D/BluetoothManagerService( 4116): Stored Bluetooth name: SM-G900H
D/BluetoothHeadset( 5071): Proxy object connected
D/BluetoothHeadset( 5071): Proxy object connected
D/HeadsetService( 5358): Received start request. Starting profile...
I/BluetoothHeadsetServiceJni( 5358): classInitNative: succeeds
D/BluetoothHeadset( 4116): Proxy object connected
D/HeadsetStateMachine( 5358): Version 1.5
D/HeadsetStateMachine( 5358): make
D/BluetoothAdapter( 4116): 545108638: getState() :  mService = null. Returning STATE_OFF
I/BluetoothAdapterService( 5358): skipping com.android.bluetooth.hid.HidDevService (disabled)
I/BluetoothAdapterState( 5358): Entering PendingCommandState State: isTurningOn()=true, isTurningOff()=false
I/AlarmClock( 5380): Alarms Table created
I/AlarmClock( 5380): Instance table created
I/AlarmClock( 5380): Cities table created
I/AlarmClock( 5380): Inserting default alarms
D/HeadsetStateMachine( 5358): max_hf_connections = 1
I/bluedroid( 5358): get_profile_interface handsfree
D/Telecom ( 5071): BluetoothPhoneService: Binding service
D/HeadsetStateMachine( 5358): Enter Disconnected: -2, size: 0
D/BluetoothAdapterService( 5358): getAdapterService() - returning com.android.bluetooth.btservice.AdapterService@2ca5c465
D/BluetoothA2dp( 4116): Proxy object connected
D/A2dpService( 5358): Received start request. Starting profile...
D/BluetoothAdapter( 4116): 545108638: getState() :  mService = null. Returning STATE_OFF
I/bluedroid( 5358): get_profile_interface avrcp
V/AlarmClock( 5380): AlarmInitReceiver finished
V/AudioService( 4116): updateRemoteControllerOnExistingMediaPlayers: size of Player list: 0
E/AudioService( 4116): No RCC entry present to update
E/RemoteController( 5358): Cannot set synchronization mode on an unregistered RemoteController
I/BluetoothA2dpServiceJni( 5358): classInitNative: succeeds
D/A2dpStateMachine( 5358): make
I/bluedroid( 5358): get_profile_interface a2dp
I/GKI_LINUX( 5358): gki_task_entry task_id=2 [A2DP-MEDIA] starting
D/bt-btif ( 5358): btif_av_state_idle_handler event:BTIF_SM_ENTER_EVT flags 0
D/A2dpService( 5358): setA2dpService(): set to: null
D/BluetoothAdapterService( 5358): getAdapterService() - returning com.android.bluetooth.btservice.AdapterService@2ca5c465
D/A2dpStateMachine( 5358): Enter Disconnected: -2
I/BluetoothHidServiceJni( 5358): classInitNative: succeeds
E/cutils  ( 5442): Failed to mkdir(/mnt/shell/emulated/0): Read-only file system
W/Zygote  ( 5442): Failed to mount emulated storage: 30
I/ActivityManager( 4116): Start proc com.android.dialer for broadcast com.android.dialer/.calllog.CallLogReceiver: pid=5442 uid=10008 gids={50008, 9997, 3003, 1028, 1015} abi=armeabi-v7a
D/BluetoothInputDevice( 5094): Proxy object connected
D/HidService( 5358): Received start request. Starting profile...
I/bluedroid( 5358): get_profile_interface hidhost
D/BluetoothAdapterService( 5358): getAdapterService() - returning com.android.bluetooth.btservice.AdapterService@2ca5c465
D/HidProfile( 5094): Bluetooth service connected
D/BluetoothAdapter( 5094): 770205163: getState() :  mService = null. Returning STATE_OFF
I/BluetoothHealthServiceJni( 5358): classInitNative: succeeds
D/HealthService( 5358): Received start request. Starting profile...
I/bluedroid( 5358): get_profile_interface health
D/BluetoothAdapterService( 5358): getAdapterService() - returning com.android.bluetooth.btservice.AdapterService@2ca5c465
I/BluetoothPanServiceJni( 5358): classInitNative(L105): succeeds
D/BluetoothPan( 5094): BluetoothPAN Proxy object connected
D/PanService( 5358): Received start request. Starting profile...
D/BluetoothPanServiceJni( 5358): initializeNative(L110): pan
I/bluedroid( 5358): get_profile_interface pan
D/PanProfile( 5094): Bluetooth service connected
D/BluetoothAdapterService( 5358): getAdapterService() - returning com.android.bluetooth.btservice.AdapterService@2ca5c465
D/BtGatt.GattService( 5358): classInitNative called
I/BtGatt.JNI( 5358): classInitNative(L863): classInitNative: Success!
D/BtGatt.DebugUtils( 5358): handleDebugAction() action=null
D/BtGatt.GattService( 5358): Received start request. Starting profile...
D/BtGatt.GattService( 5358): start()
I/bluedroid( 5358): get_profile_interface gatt
D/BtGatt.AdvertiseManager( 5358): advertise manager created
D/BluetoothAdapterService( 5358): getAdapterService() - returning com.android.bluetooth.btservice.AdapterService@2ca5c465
D/BluetoothMapService( 5358): inside BluetoothMapObexConnection
D/BluetoothMapService( 5358): supportedMessageTypes 14
D/BluetoothMapService( 5358): masId 0
D/BluetoothMapService( 5358): inside BluetoothMapObexConnection
D/BluetoothMapService( 5358): supportedMessageTypes 1
D/BluetoothMapService( 5358): masId 1
D/BluetoothMapService( 5358): Inside initBinder
D/BluetoothMap( 5094): Proxy object connected
D/BluetoothMapService( 5358): Received start request. Starting profile...
D/BluetoothMapService( 5358): start()
D/MapProfile( 5094): Bluetooth service connected
D/BluetoothMap( 5094): getConnectedDevices()
D/BluetoothAdapter( 5094): 770205163: getState() :  mService = null. Returning STATE_OFF
D/BluetoothMap( 5094): Bluetooth is Not enabled
D/BluetoothMapService( 5358): Registering observer
D/BluetoothAdapterService( 5358): getAdapterService() - returning com.android.bluetooth.btservice.AdapterService@2ca5c465
I/Telecom ( 5071): BluetoothPhoneService: queryPhoneState
D/Telecom ( 5071): BluetoothPhoneService: handleMessage(7) w/ param 0
I/Telecom ( 5071): BluetoothPhoneService: updateHeadsetWithCallState numActive 0, numHeld 0, callState 6, ringing number [da39a3ee5e6b4b0d3255bfef95601890afd80709], ringing type 128
D/BluetoothAdapter( 5071): 470025613: getState() :  mService = null. Returning STATE_OFF
W/BluetoothHeadset( 5071): Proxy not attached to service
D/BluetoothHeadset( 5071): java.lang.Throwable
D/BluetoothHeadset( 5071): 	at android.bluetooth.BluetoothHeadset.phoneStateChanged(BluetoothHeadset.java:826)
D/BluetoothHeadset( 5071): 	at com.android.server.telecom.BluetoothPhoneService.updateHeadsetWithCallState(BluetoothPhoneService.java:789)
D/BluetoothHeadset( 5071): 	at com.android.server.telecom.BluetoothPhoneService.access$800(BluetoothPhoneService.java:51)
D/BluetoothHeadset( 5071): 	at com.android.server.telecom.BluetoothPhoneService$2.handleMessage(BluetoothPhoneService.java:311)
D/BluetoothHeadset( 5071): 	at android.os.Handler.dispatchMessage(Handler.java:102)
D/BluetoothHeadset( 5071): 	at android.os.Looper.loop(Looper.java:135)
D/BluetoothHeadset( 5071): 	at android.app.ActivityThread.main(ActivityThread.java:5254)
D/BluetoothHeadset( 5071): 	at java.lang.reflect.Method.invoke(Native Method)
D/BluetoothHeadset( 5071): 	at java.lang.reflect.Method.invoke(Method.java:372)
D/BluetoothHeadset( 5071): 	at com.android.internal.os.ZygoteInit$MethodAndArgsCaller.run(ZygoteInit.java:898)
D/BluetoothHeadset( 5071): 	at com.android.internal.os.ZygoteInit.main(ZygoteInit.java:693)
D/HeadsetStateMachine( 5358): Disconnected process message: 10, size: 0
D/HeadsetPhoneState( 5358): sendDeviceStateChanged. mService=0 mSignal=0 mRoam=0 mBatteryCharge=4
D/HeadsetStateMachine( 5358): Disconnected process message: 11, size: 0
V/BluetoothMapService( 5358): Handler(): got msg=1
D/BluetoothAdapterState( 5358): CURRENT_STATE=PENDING, MESSAGE = STARTED, isTurningOn=true, isTurningOff=false
I/bluedroid( 5358): enable
I/bt_hci_bdroid( 5358): init
I/GKI_LINUX( 5358): gki_task_entry task_id=0 [BTU] starting
E/bt_vendor( 5358): vendor_open unable to open libbt-vendor.so: dlopen failed: library "libbt-vendor.so" not found
D/bt_userial( 5358): userial_init
I/bt-btu  ( 5358): btu_task pending for preload complete event
--------- beginning of crash
F/libc    ( 5358): Fatal signal 11 (SIGSEGV), code 1, fault addr 0x8 in tid 5424 (BluetoothAdapte)
I/DEBUG   ( 3686): *** *** *** *** *** *** *** *** *** *** *** *** *** *** *** ***
I/DEBUG   ( 3686): Build fingerprint: 'samsung/cm_k3gxx/k3gxx:5.0.2/LRX22G/5fad729c83:userdebug/test-keys'
I/DEBUG   ( 3686): Revision: '10'
I/DEBUG   ( 3686): ABI: 'arm'
I/DEBUG   ( 3686): pid: 5358, tid: 5424, name: BluetoothAdapte  >>> com.android.bluetooth <<<
I/DEBUG   ( 3686): signal 11 (SIGSEGV), code 1 (SEGV_MAPERR), fault addr 0x8
I/DEBUG   ( 3686):     r0 00000005  r1 a1ff0304  r2 00000000  r3 a1ff0310
I/DEBUG   ( 3686):     r4 a1fe0384  r5 a1fd5d0f  r6 a1ff02d0  r7 ffffff9c
I/DEBUG   ( 3686):     r8 a20ea117  r9 accc1000  sl 12d6a580  fp 00000000
I/DEBUG   ( 3686):     ip 00000000  sp a1e91910  lr a1f8b1a5  pc a1f8c030  cpsr 000f0030
I/DEBUG   ( 3686): 
I/DEBUG   ( 3686): backtrace:
I/DEBUG   ( 3686):     #00 pc 000fa030  /system/lib/hw/bluetooth.default.so (vendor_send_command+7)
I/DEBUG   ( 3686):     #01 pc 000f91a1  /system/lib/hw/bluetooth.default.so
I/DEBUG   ( 3686):     #02 pc 0003a447  /system/lib/hw/bluetooth.default.so
I/DEBUG   ( 3686):     #03 pc 0003a8af  /system/lib/hw/bluetooth.default.so (bte_main_enable+66)
I/DEBUG   ( 3686):     #04 pc 0003eeaf  /system/lib/hw/bluetooth.default.so (btif_enable_bluetooth+94)
I/DEBUG   ( 3686):     #05 pc 00003995  /system/lib/libbluetooth_jni.so
I/DEBUG   ( 3686):     #06 pc 000f1513  /data/dalvik-cache/arm/system@app@Bluetooth@Bluetooth.apk@classes.dex
D/ConnectivityService( 4116): Got NetworkFactory Messenger for Telephony
I/DEBUG   ( 3686): 
I/DEBUG   ( 3686): Tombstone written to: /data/tombstones/tombstone_00
I/DEBUG   ( 3686): ********************************************************
I/DEBUG   ( 3686): * Process 5358 has been suspended while crashing.
I/DEBUG   ( 3686): * To attach gdbserver for a gdb connection on port 5039
I/DEBUG   ( 3686): * and start gdbclient:
I/DEBUG   ( 3686): *
I/DEBUG   ( 3686): *     gdbclient /system/bin/app_process32 :5039 5424
I/DEBUG   ( 3686): * or
I/DEBUG   ( 3686): *     dddclient /system/bin/app_process32 :5039 5424
I/DEBUG   ( 3686): *
I/DEBUG   ( 3686): * Wait for gdb to start, then press the VOLUME DOWN key
I/DEBUG   ( 3686): * to let the process continue crashing.
I/DEBUG   ( 3686): ********************************************************
W/ResourcesManager( 4116): Asset path '/system/framework/javax.btobex.jar' does not exist or contains no resources.
D/Atlas   ( 4116): Validating map...
D/TelephonyProvider( 4977): dbh.onCreate:+ db=SQLiteDatabase: /data/data/com.android.providers.telephony/databases/telephony.db
D/TelephonyProvider( 4977): dbh.createSimInfoTable:+
D/TelephonyProvider( 4977): dbh.createSimInfoTable:-
D/TelephonyProvider( 4977): dbh.createCarriersTable:+
D/TelephonyProvider( 4977): dbh.createCarriersTable:-
I/OpenGLRenderer( 4116): Initialized EGL, version 1.4
D/TelephonyProvider( 4977): dbh.onCreate:- db=SQLiteDatabase: /data/data/com.android.providers.telephony/databases/telephony.db
D/TelephonyProvider( 4977): dbh.onOpen: ok, queried table=siminfo
D/TelephonyProvider( 4977): dbh.onOpen: ok, queried table=carriers
I/art     ( 4116): Explicit concurrent mark sweep GC freed 51119(5MB) AllocSpace objects, 49(3MB) LOS objects, 33% free, 22MB/33MB, paused 2.263ms total 55.762ms
E/cutils  ( 5489): Failed to mkdir(/mnt/shell/emulated/0): Read-only file system
W/Zygote  ( 5489): Failed to mount emulated storage: 30
I/ActivityManager( 4116): Start proc com.android.smspush for service com.android.smspush/.WapPushManager: pid=5489 uid=10055 gids={50055, 9997} abi=armeabi-v7a
I/art     ( 3700): Explicit concurrent mark sweep GC freed 706(30KB) AllocSpace objects, 0(0B) LOS objects, 39% free, 15MB/25MB, paused 222us total 11.035ms
I/art     ( 3700): Explicit concurrent mark sweep GC freed 5(160B) AllocSpace objects, 0(0B) LOS objects, 39% free, 15MB/25MB, paused 194us total 10.300ms
D/GpsLocationProvider( 4116): received SIM realted action: android.intent.action.SIM_STATE_CHANGED
D/PhoneStatusBarPolicy( 4538): updateSimState for subId :-1
D/PhoneStatusBarPolicy( 4538): updateSimState for phoneId :0
D/PhoneStatusBarPolicy( 4538): updateSimState for Slot :-1
D/GpsLocationProvider( 4116): SIM MCC/MNC is still not available
I/art     ( 3700): Explicit concurrent mark sweep GC freed 5(160B) AllocSpace objects, 0(0B) LOS objects, 39% free, 15MB/25MB, paused 178us total 10.362ms
D/DcSwitchState( 4977): [DcSwitchState-0] DcSwitchState constructor E
D/DcSwitchState( 4977): [DcSwitchState-0] DcSwitchState constructor X
W/BackupManagerService( 4116): dataChanged but no participant pkg='com.android.providers.settings' uid=1001
I/PackageManager( 4116): Replacing preferred activity com.android.mms/.ui.ComposeMessageActivity for user 0:
I/PackageManager( 4116):   Action: "android.intent.action.SENDTO"
I/PackageManager( 4116):   Category: "android.intent.category.DEFAULT"
I/PackageManager( 4116):   Scheme: "sms"
I/PackageManager( 4116): Replacing preferred activity com.android.mms/.ui.ComposeMessageActivity for user 0:
I/PackageManager( 4116):   Action: "android.intent.action.SENDTO"
I/PackageManager( 4116):   Category: "android.intent.category.DEFAULT"
I/PackageManager( 4116):   Scheme: "smsto"
I/PackageManager( 4116): Replacing preferred activity com.android.mms/.ui.ComposeMessageActivity for user 0:
I/PackageManager( 4116):   Action: "android.intent.action.SENDTO"
I/PackageManager( 4116):   Category: "android.intent.category.DEFAULT"
I/PackageManager( 4116):   Scheme: "mms"
I/PackageManager( 4116): Replacing preferred activity com.android.mms/.ui.ComposeMessageActivity for user 0:
I/PackageManager( 4116):   Action: "android.intent.action.SENDTO"
I/PackageManager( 4116):   Category: "android.intent.category.DEFAULT"
I/PackageManager( 4116):   Scheme: "mmsto"
W/SurfaceFlinger( 3689): Ignoring duplicate VSYNC event from HWC (t=31970196211)
W/SurfaceFlinger( 3689): Ignoring duplicate VSYNC event from HWC (t=32240285961)
W/BroadcastQueue( 4116): Skipping deliver [background] BroadcastRecord{1e9f1035 u-1 android.intent.action.BATTERY_CHANGED} to ReceiverList{6c11a11 5358 com.android.bluetooth/1002/u0 remote:ddd8a38}: process crashing
W/SurfaceFlinger( 3689): Ignoring duplicate VSYNC event from HWC (t=34570873961)
W/SurfaceFlinger( 3689): Ignoring duplicate VSYNC event from HWC (t=35770164128)
I/InputReader( 4116): Reconfiguring input devices.  changes=0x00000020
I/InputReader( 4116): Reconfiguring input devices.  changes=0x00000020
D/BackupManagerService( 4116): Received broadcast Intent { act=android.intent.action.PACKAGE_CHANGED dat=package:com.android.email flg=0x4000010 (has extras) }
W/Launcher.Model( 5288): Nobody to tell about the new app.  Launcher is probably loading.
W/Searchables( 4116): No global search activity found
W/Searchables( 4116): No global search activity found
W/Launcher.Model( 5288): Nobody to tell about the new app.  Launcher is probably loading.
D/BackupManagerService( 4116): Received broadcast Intent { act=android.intent.action.PACKAGE_CHANGED dat=package:com.android.settings flg=0x4000010 (has extras) }
W/SurfaceFlinger( 3689): Ignoring duplicate VSYNC event from HWC (t=37575951420)
W/SurfaceFlinger( 3689): Ignoring duplicate VSYNC event from HWC (t=41340523754)
W/BroadcastQueue( 4116): Skipping deliver [background] BroadcastRecord{28d4a8ff u-1 android.intent.action.BATTERY_CHANGED} to ReceiverList{6c11a11 5358 com.android.bluetooth/1002/u0 remote:ddd8a38}: process crashing
I/ActivityManager( 4116): Waited long enough for: ServiceRecord{952e06 u0 com.cyanogenmod.eleven/.MusicPlaybackService}
W/ActivityManager( 4116): Timeout executing service: ServiceRecord{1166b26c u0 com.android.phone/.TelephonyDebugService}
I/Process ( 4116): Sending signal. PID: 4977 SIG: 3
I/art     ( 4977): Thread[9,tid=4990,WaitingInMainSignalCatcherLoop,Thread*=0xb3e06400,peer=0x12c00080,"Signal Catcher"]: reacting to signal 3
W/SurfaceFlinger( 3689): Ignoring duplicate VSYNC event from HWC (t=51840395463)
I/Process ( 4116): Sending signal. PID: 4116 SIG: 3
I/art     ( 4116): Thread[9,tid=4129,WaitingInMainSignalCatcherLoop,Thread*=0xb3e06400,peer=0x12c02080,"Signal Catcher"]: reacting to signal 3
I/art     ( 4977): Wrote stack traces to '/data/anr/traces.txt'
I/Process ( 4116): Sending signal. PID: 5071 SIG: 3
I/art     ( 5071): Thread[9,tid=5085,WaitingInMainSignalCatcherLoop,Thread*=0xb3e06400,peer=0x12c00080,"Signal Catcher"]: reacting to signal 3
I/Process ( 4116): Sending signal. PID: 5048 SIG: 3
I/art     ( 5048): Thread[9,tid=5063,WaitingInMainSignalCatcherLoop,Thread*=0xb3e06400,peer=0x12c00080,"Signal Catcher"]: reacting to signal 3
I/art     ( 4116): Wrote stack traces to '/data/anr/traces.txt'
I/Process ( 4116): Sending signal. PID: 5028 SIG: 3
I/art     ( 5028): Thread[9,tid=5041,WaitingInMainSignalCatcherLoop,Thread*=0xb3e06400,peer=0x12c00080,"Signal Catcher"]: reacting to signal 3
I/art     ( 5028): Wrote stack traces to '/data/anr/traces.txt'
I/Process ( 4116): Sending signal. PID: 4538 SIG: 3
I/art     ( 4538): Thread[9,tid=4551,WaitingInMainSignalCatcherLoop,Thread*=0xb3e06400,peer=0x12c00080,"Signal Catcher"]: reacting to signal 3
I/art     ( 5048): Wrote stack traces to '/data/anr/traces.txt'
I/art     ( 5071): Wrote stack traces to '/data/anr/traces.txt'
I/art     ( 4538): Wrote stack traces to '/data/anr/traces.txt'
W/SurfaceFlinger( 3689): Ignoring duplicate VSYNC event from HWC (t=53376612797)
W/SurfaceFlinger( 3689): Ignoring duplicate VSYNC event from HWC (t=55791119255)
W/SurfaceFlinger( 3689): Ignoring duplicate VSYNC event from HWC (t=56331197172)
W/SurfaceFlinger( 3689): Ignoring duplicate VSYNC event from HWC (t=64790683882)
W/SurfaceFlinger( 3689): Ignoring duplicate VSYNC event from HWC (t=75005732299)
I/Process ( 4116): Sending signal. PID: 4116 SIG: 3
I/art     ( 4116): Thread[9,tid=4129,WaitingInMainSignalCatcherLoop,Thread*=0xb3e06400,peer=0x12c02080,"Signal Catcher"]: reacting to signal 3
W/SurfaceFlinger( 3689): Ignoring duplicate VSYNC event from HWC (t=86150138551)
I/art     ( 4116): Wrote stack traces to '/data/anr/traces.txt'
W/SurfaceFlinger( 3689): Ignoring duplicate VSYNC event from HWC (t=87230749676)
W/SurfaceFlinger( 3689): Ignoring duplicate VSYNC event from HWC (t=88041069551)
I/PowerManagerService( 4116): Going to sleep due to screen timeout (uid 1000)...
I/PowerManagerService( 4116): Sleeping (uid 1000)...
I/Sensors ( 4116): Acc old sensor_state 1, new sensor_state : 0 en : 0
D/PermissionCache( 3689): checking android.permission.READ_FRAME_BUFFER for uid=1000 => granted (343 us)
I/DisplayManagerService( 4116): Display device changed: DisplayDeviceInfo{"Built-in Screen": 1080 x 1920, 60.000004 fps, supportedRefreshRates [60.000004], density 480, 422.03 x 424.069 dpi, appVsyncOff 0, presDeadline 17666666, touch INTERNAL, rotation 0, type BUILT_IN, state OFF, FLAG_DEFAULT_DISPLAY, FLAG_ROTATES_WITH_CONTENT, FLAG_SECURE, FLAG_SUPPORTS_PROTECTED_BUFFERS}
D/SurfaceFlinger( 3689): Set power mode=0, type=0 flinger=0xb6962000
V/ActivityManager( 4116): Display changed displayId=0
D/SurfaceControl( 4116): Excessive delay in setPowerMode(): 186ms
I/MediaFocusControl( 4116):  AudioFocus  abandonAudioFocus() from android.media.AudioManager@12594c19com.cyanogenmod.eleven.MusicPlaybackService$5@398b34de
I/MediaFocusControl( 4116):  AudioFocus  abandonAudioFocus() from android.media.AudioManager@12594c19com.cyanogenmod.eleven.MusicPlaybackService$5@398b34de
I/PowerManagerService( 4116): Waking up from sleep (uid 1000)...
V/KeyguardServiceDelegate( 4116): onScreenTurnedOn(showListener = com.android.internal.policy.impl.PhoneWindowManager$2@bc1efa6)
V/KeyguardServiceDelegate( 4116): **** SHOWN CALLED ****
I/DisplayPowerController( 4116): Blocking screen on until initial contents have been drawn.
I/Sensors ( 4116): Acc old sensor_state 0, new sensor_state : 1 en : 1
V/KeyguardServiceDelegate( 4116): **** onKeyguardExitResult(false) CALLED ****
I/Timeline( 5186): Timeline: Activity_idle id: android.os.BinderProxy@1972d333 time:576120
I/DisplayManagerService( 4116): Display device changed: DisplayDeviceInfo{"Built-in Screen": 1080 x 1920, 60.000004 fps, supportedRefreshRates [60.000004], density 480, 422.03 x 424.069 dpi, appVsyncOff 0, presDeadline 17666666, touch INTERNAL, rotation 0, type BUILT_IN, state ON, FLAG_DEFAULT_DISPLAY, FLAG_ROTATES_WITH_CONTENT, FLAG_SECURE, FLAG_SUPPORTS_PROTECTED_BUFFERS}
D/SurfaceFlinger( 3689): Set power mode=2, type=0 flinger=0xb6962000
V/ActivityManager( 4116): Display changed displayId=0
I/DisplayPowerController( 4116): Unblocked screen on after 162 ms
E/libEGL  ( 4116): call to OpenGL ES API with no current context (logged once per thread)
D/SurfaceControl( 4116): Excessive delay in setPowerMode(): 281ms
I/InputDispatcher( 4116): Application is not responding: Window{149b3e0c u0 Application Error: com.android.bluetooth}.  It has been 5003.9ms since event, 5003.0ms since wait started.  Reason: Waiting to send non-key event because the touched window has not finished processing certain input events that were delivered to it over 500.0ms ago.  Wait queue length: 9.  Wait queue head age: 6118.8ms.
I/WindowManager( 4116): Input event dispatching timed out sending to Application Error: com.android.bluetooth.  Reason: Waiting to send non-key event because the touched window has not finished processing certain input events that were delivered to it over 500.0ms ago.  Wait queue length: 9.  Wait queue head age: 6118.8ms.
I/InputDispatcher( 4116): Application is not responding: Window{149b3e0c u0 Application Error: com.android.bluetooth}.  It has been 5037.5ms since event, 5036.6ms since wait started.  Reason: Waiting to send non-key event because the touched window has not finished processing certain input events that were delivered to it over 500.0ms ago.  Wait queue length: 9.  Wait queue head age: 6152.4ms.
I/WindowManager( 4116): Input event dispatching timed out sending to Application Error: com.android.bluetooth.  Reason: Waiting to send non-key event because the touched window has not finished processing certain input events that were delivered to it over 500.0ms ago.  Wait queue length: 9.  Wait queue head age: 6152.4ms.
I/InputDispatcher( 4116): Application is not responding: Window{149b3e0c u0 Application Error: com.android.bluetooth}.  It has been 5047.7ms since event, 5046.8ms since wait started.  Reason: Waiting to send non-key event because the touched window has not finished processing certain input events that were delivered to it over 500.0ms ago.  Wait queue length: 9.  Wait queue head age: 6162.6ms.
I/WindowManager( 4116): Input event dispatching timed out sending to Application Error: com.android.bluetooth.  Reason: Waiting to send non-key event because the touched window has not finished processing certain input events that were delivered to it over 500.0ms ago.  Wait queue length: 9.  Wait queue head age: 6162.6ms.
I/InputDispatcher( 4116): Application is not responding: Window{149b3e0c u0 Application Error: com.android.bluetooth}.  It has been 5057.8ms since event, 5056.9ms since wait started.  Reason: Waiting to send non-key event because the touched window has not finished processing certain input events that were delivered to it over 500.0ms ago.  Wait queue length: 9.  Wait queue head age: 6172.8ms.
I/WindowManager( 4116): Input event dispatching timed out sending to Application Error: com.android.bluetooth.  Reason: Waiting to send non-key event because the touched window has not finished processing certain input events that were delivered to it over 500.0ms ago.  Wait queue length: 9.  Wait queue head age: 6172.8ms.
I/InputDispatcher( 4116): Application is not responding: Window{149b3e0c u0 Application Error: com.android.bluetooth}.  It has been 5066.2ms since event, 5065.3ms since wait started.  Reason: Waiting to send non-key event because the touched window has not finished processing certain input events that were delivered to it over 500.0ms ago.  Wait queue length: 9.  Wait queue head age: 6181.2ms.
I/WindowManager( 4116): Input event dispatching timed out sending to Application Error: com.android.bluetooth.  Reason: Waiting to send non-key event because the touched window has not finished processing certain input events that were delivered to it over 500.0ms ago.  Wait queue length: 9.  Wait queue head age: 6181.2ms.
I/InputDispatcher( 4116): Application is not responding: Window{149b3e0c u0 Application Error: com.android.bluetooth}.  It has been 5074.4ms since event, 5073.5ms since wait started.  Reason: Waiting to send non-key event because the touched window has not finished processing certain input events that were delivered to it over 500.0ms ago.  Wait queue length: 9.  Wait queue head age: 6189.3ms.
I/WindowManager( 4116): Input event dispatching timed out sending to Application Error: com.android.bluetooth.  Reason: Waiting to send non-key event because the touched window has not finished processing certain input events that were delivered to it over 500.0ms ago.  Wait queue length: 9.  Wait queue head age: 6189.3ms.
I/InputDispatcher( 4116): Application is not responding: Window{149b3e0c u0 Application Error: com.android.bluetooth}.  It has been 5082.6ms since event, 5081.7ms since wait started.  Reason: Waiting to send non-key event because the touched window has not finished processing certain input events that were delivered to it over 500.0ms ago.  Wait queue length: 9.  Wait queue head age: 6197.5ms.
I/WindowManager( 4116): Input event dispatching timed out sending to Application Error: com.android.bluetooth.  Reason: Waiting to send non-key event because the touched window has not finished processing certain input events that were delivered to it over 500.0ms ago.  Wait queue length: 9.  Wait queue head age: 6197.5ms.
I/InputDispatcher( 4116): Application is not responding: Window{149b3e0c u0 Application Error: com.android.bluetooth}.  It has been 5091.5ms since event, 5090.6ms since wait started.  Reason: Waiting to send non-key event because the touched window has not finished processing certain input events that were delivered to it over 500.0ms ago.  Wait queue length: 9.  Wait queue head age: 6206.4ms.
I/WindowManager( 4116): Input event dispatching timed out sending to Application Error: com.android.bluetooth.  Reason: Waiting to send non-key event because the touched window has not finished processing certain input events that were delivered to it over 500.0ms ago.  Wait queue length: 9.  Wait queue head age: 6206.4ms.
I/InputDispatcher( 4116): Application is not responding: Window{149b3e0c u0 Application Error: com.android.bluetooth}.  It has been 5099.0ms since event, 5098.1ms since wait started.  Reason: Waiting to send non-key event because the touched window has not finished processing certain input events that were delivered to it over 500.0ms ago.  Wait queue length: 9.  Wait queue head age: 6213.9ms.
I/WindowManager( 4116): Input event dispatching timed out sending to Application Error: com.android.bluetooth.  Reason: Waiting to send non-key event because the touched window has not finished processing certain input events that were delivered to it over 500.0ms ago.  Wait queue length: 9.  Wait queue head age: 6213.9ms.
I/InputDispatcher( 4116): Application is not responding: Window{149b3e0c u0 Application Error: com.android.bluetooth}.  It has been 5106.2ms since event, 5105.3ms since wait started.  Reason: Waiting to send non-key event because the touched window has not finished processing certain input events that were delivered to it over 500.0ms ago.  Wait queue length: 9.  Wait queue head age: 6221.1ms.
I/WindowManager( 4116): Input event dispatching timed out sending to Application Error: com.android.bluetooth.  Reason: Waiting to send non-key event because the touched window has not finished processing certain input events that were delivered to it over 500.0ms ago.  Wait queue length: 9.  Wait queue head age: 6221.1ms.
I/InputDispatcher( 4116): Application is not responding: Window{149b3e0c u0 Application Error: com.android.bluetooth}.  It has been 5112.6ms since event, 5111.7ms since wait started.  Reason: Waiting to send non-key event because the touched window has not finished processing certain input events that were delivered to it over 500.0ms ago.  Wait queue length: 9.  Wait queue head age: 6227.5ms.
I/WindowManager( 4116): Input event dispatching timed out sending to Application Error: com.android.bluetooth.  Reason: Waiting to send non-key event because the touched window has not finished processing certain input events that were delivered to it over 500.0ms ago.  Wait queue length: 9.  Wait queue head age: 6227.5ms.
I/InputDispatcher( 4116): Application is not responding: Window{149b3e0c u0 Application Error: com.android.bluetooth}.  It has been 5118.5ms since event, 5117.6ms since wait started.  Reason: Waiting to send non-key event because the touched window has not finished processing certain input events that were delivered to it over 500.0ms ago.  Wait queue length: 9.  Wait queue head age: 6233.4ms.
I/WindowManager( 4116): Input event dispatching timed out sending to Application Error: com.android.bluetooth.  Reason: Waiting to send non-key event because the touched window has not finished processing certain input events that were delivered to it over 500.0ms ago.  Wait queue length: 9.  Wait queue head age: 6233.4ms.
I/InputDispatcher( 4116): Application is not responding: Window{149b3e0c u0 Application Error: com.android.bluetooth}.  It has been 5124.5ms since event, 5123.6ms since wait started.  Reason: Waiting to send non-key event because the touched window has not finished processing certain input events that were delivered to it over 500.0ms ago.  Wait queue length: 9.  Wait queue head age: 6239.4ms.
I/WindowManager( 4116): Input event dispatching timed out sending to Application Error: com.android.bluetooth.  Reason: Waiting to send non-key event because the touched window has not finished processing certain input events that were delivered to it over 500.0ms ago.  Wait queue length: 9.  Wait queue head age: 6239.4ms.
I/InputDispatcher( 4116): Application is not responding: Window{149b3e0c u0 Application Error: com.android.bluetooth}.  It has been 5130.5ms since event, 5129.6ms since wait started.  Reason: Waiting to send non-key event because the touched window has not finished processing certain input events that were delivered to it over 500.0ms ago.  Wait queue length: 9.  Wait queue head age: 6245.4ms.
I/WindowManager( 4116): Input event dispatching timed out sending to Application Error: com.android.bluetooth.  Reason: Waiting to send non-key event because the touched window has not finished processing certain input events that were delivered to it over 500.0ms ago.  Wait queue length: 9.  Wait queue head age: 6245.4ms.
I/InputDispatcher( 4116): Application is not responding: Window{149b3e0c u0 Application Error: com.android.bluetooth}.  It has been 5135.2ms since event, 5134.3ms since wait started.  Reason: Waiting to send non-key event because the touched window has not finished processing certain input events that were delivered to it over 500.0ms ago.  Wait queue length: 9.  Wait queue head age: 6250.1ms.
I/WindowManager( 4116): Input event dispatching timed out sending to Application Error: com.android.bluetooth.  Reason: Waiting to send non-key event because the touched window has not finished processing certain input events that were delivered to it over 500.0ms ago.  Wait queue length: 9.  Wait queue head age: 6250.1ms.
