I/SurfaceFlinger( 6408): extensions: EGL_KHR_get_all_proc_addresses EGL_ANDROID_presentation_time EGL_KHR_image EGL_KHR_image_base EGL_KHR_gl_texture_2D_image EGL_KHR_gl_texture_cubemap_image EGL_KHR_gl_renderbuffer_image EGL_KHR_fence_sync EGL_KHR_create_context EGL_ANDROID_image_native_buffer EGL_KHR_wait_sync EGL_ANDROID_recordable 
I/SurfaceFlinger( 6408): Client API: OpenGL_ES
I/SurfaceFlinger( 6408): EGLSurface: 8-8-8-8, config=0xb6acf2ac
I/SurfaceFlinger( 6408): OpenGL ES informations:
I/SurfaceFlinger( 6408): vendor    : ARM
I/SurfaceFlinger( 6408): renderer  : Mali-T628
I/SurfaceFlinger( 6408): version   : OpenGL ES 3.0
I/SurfaceFlinger( 6408): extensions: GL_EXT_debug_marker GL_ARM_rgba8 GL_ARM_mali_shader_binary GL_OES_depth24 GL_OES_depth_texture GL_OES_depth_texture_cube_map GL_OES_packed_depth_stencil GL_OES_rgb8_rgba8 GL_EXT_read_format_bgra GL_OES_compressed_paletted_texture GL_OES_compressed_ETC1_RGB8_texture GL_OES_standard_derivatives GL_OES_EGL_image GL_OES_EGL_image_external GL_OES_EGL_sync GL_OES_texture_npot GL_OES_vertex_half_float GL_OES_required_internalformat GL_OES_vertex_array_object GL_OES_mapbuffer GL_EXT_texture_format_BGRA8888 GL_EXT_texture_rg GL_EXT_texture_type_2_10_10_10_REV GL_OES_fbo_render_mipmap GL_OES_element_index_uint GL_EXT_shadow_samplers GL_OES_texture_compression_astc GL_KHR_texture_compression_astc_ldr GL_KHR_texture_compression_astc_hdr GL_KHR_debug GL_EXT_occlusion_query_boolean GL_EXT_blend_minmax GL_EXT_discard_framebuffer GL_OES_get_program_binary GL_OES_texture_3D GL_EXT_texture_storage GL_EXT_multisampled_render_to_texture GL_OES_surfaceless_context GL_ARM_mali_program_binary 
I/SurfaceFlinger( 6408): GL_MAX_TEXTURE_SIZE = 8192
I/SurfaceFlinger( 6408): GL_MAX_VIEWPORT_DIMS = 8192
E/libEGL  ( 6408): eglQuerySurface:607 error 300d (EGL_BAD_SURFACE)
E/libEGL  ( 6408): eglQuerySurface:607 error 300d (EGL_BAD_SURFACE)
E/libEGL  ( 6408): call to OpenGL ES API with no current context (logged once per thread)
D/SurfaceFlinger( 6408): Set power mode=2, type=0 flinger=0xb6a62000
I/hwcomposer( 6408): int exynos5_blank(hwc_composer_device_1*, int, int):: disp(0), blank(0)
I/hwcomposer( 6408): unblank ioctl failed (display already unblanked)
E/libEGL  ( 6408): eglSwapBuffers:1071 error 300d (EGL_BAD_SURFACE)
F/SurfaceFlinger( 6408): eglSwapBuffers(0x1, 0x0) failed with 0x0000300d
F/libc    ( 6408): Fatal signal 6 (SIGABRT), code -6 in tid 6408 (surfaceflinger)
I/DEBUG   ( 6209): property debug.db.uid not set; NOT waiting for gdb.
I/DEBUG   ( 6209): HINT: adb shell setprop debug.db.uid 100000
I/DEBUG   ( 6209): HINT: adb forward tcp:5039 tcp:5039
I/DEBUG   ( 6209): *** *** *** *** *** *** *** *** *** *** *** *** *** *** *** ***
I/DEBUG   ( 6209): Build fingerprint: 'samsung/cm_k3gxx/k3gxx:5.0.2/LRX22G/88e55c58ed:userdebug/test-keys'
I/DEBUG   ( 6209): Revision: '10'
I/DEBUG   ( 6209): ABI: 'arm'
I/DEBUG   ( 6209): pid: 6408, tid: 6408, name: surfaceflinger  >>> /system/bin/surfaceflinger <<<
I/DEBUG   ( 6209): signal 6 (SIGABRT), code -6 (SI_TKILL), fault addr --------
I/DEBUG   ( 6209): Abort message: 'eglSwapBuffers(0x1, 0x0) failed with 0x0000300d'
I/DEBUG   ( 6209):     r0 00000000  r1 00001908  r2 00000006  r3 00000000
I/DEBUG   ( 6209):     r4 b6f9f114  r5 00000006  r6 0000000b  r7 0000010c
I/DEBUG   ( 6209):     r8 00000000  r9 bebecbd0  sl b6a54210  fp bebecbd0
I/DEBUG   ( 6209):     ip 00001908  sp bebec650  lr b6f297b9  pc b6f4d4e4  cpsr 600f0010
I/DEBUG   ( 6209): 
I/DEBUG   ( 6209): backtrace:
I/DEBUG   ( 6209):     #00 pc 000384e4  /system/lib/libc.so (tgkill+12)
I/DEBUG   ( 6209):     #01 pc 000147b5  /system/lib/libc.so (pthread_kill+52)
I/DEBUG   ( 6209):     #02 pc 0001550b  /system/lib/libc.so (raise+10)
I/DEBUG   ( 6209):     #03 pc 00011c35  /system/lib/libc.so (__libc_android_abort+36)
I/DEBUG   ( 6209):     #04 pc 0000fcb8  /system/lib/libc.so (abort+4)
I/DEBUG   ( 6209):     #05 pc 00007739  /system/lib/libcutils.so (__android_log_assert+88)
I/DEBUG   ( 6209):     #06 pc 0000f4df  /system/lib/libsurfaceflinger.so
I/DEBUG   ( 6209):     #07 pc 0001b9fd  /system/lib/libsurfaceflinger.so
I/DEBUG   ( 6209):     #08 pc 0001abe7  /system/lib/libsurfaceflinger.so
I/DEBUG   ( 6209):     #09 pc 00019fc3  /system/lib/libsurfaceflinger.so
I/DEBUG   ( 6209):     #10 pc 00019d49  /system/lib/libsurfaceflinger.so
I/DEBUG   ( 6209):     #11 pc 00010ed3  /system/lib/libutils.so (android::Looper::pollInner(int)+410)
I/DEBUG   ( 6209):     #12 pc 00010fc5  /system/lib/libutils.so (android::Looper::pollOnce(int, int*, int*, void**)+92)
I/DEBUG   ( 6209):     #13 pc 000174c5  /system/lib/libsurfaceflinger.so
I/DEBUG   ( 6209):     #14 pc 0001993d  /system/lib/libsurfaceflinger.so (android::SurfaceFlinger::run()+8)
I/DEBUG   ( 6209):     #15 pc 0000083d  /system/bin/surfaceflinger
I/DEBUG   ( 6209):     #16 pc 0000fb75  /system/lib/libc.so (__libc_init+44)
I/DEBUG   ( 6209):     #17 pc 000008d8  /system/bin/surfaceflinger
W/auditd  ( 3581): type=1325 audit(0.0:2499): table=raw family=2 entries=8
W/iptables( 6547): type=1300 audit(0.0:2499): arch=40000028 syscall=294 per=800000 success=yes exit=0 a0=4 a1=0 a2=40 a3=b6c1ba00 items=0 ppid=6406 auid=4294967295 uid=0 gid=0 euid=0 suid=0 fsuid=0 egid=0 sgid=0 fsgid=0 ses=4294967295 tty=(none) exe="/system/bin/iptables" subj=u:r:netd:s0 key=(null)
W/auditd  ( 3581): type=1320 audit(0.0:2499): 
W/auditd  ( 3581): type=1325 audit(0.0:2500): table=raw family=10 entries=8
W/ip6tables( 6548): type=1300 audit(0.0:2500): arch=40000028 syscall=294 per=800000 success=yes exit=0 a0=4 a1=29 a2=40 a3=b6c37800 items=0 ppid=6406 auid=4294967295 uid=0 gid=0 euid=0 suid=0 fsuid=0 egid=0 sgid=0 fsgid=0 ses=4294967295 tty=(none) exe="/system/bin/ip6tables" subj=u:r:netd:s0 key=(null)
W/auditd  ( 3581): type=1320 audit(0.0:2500): 
W/auditd  ( 3581): type=1325 audit(0.0:2501): table=raw family=2 entries=9
W/iptables( 6549): type=1300 audit(0.0:2501): arch=40000028 syscall=294 per=800000 success=yes exit=0 a0=4 a1=0 a2=40 a3=b6c1ba00 items=0 ppid=6406 auid=4294967295 uid=0 gid=0 euid=0 suid=0 fsuid=0 egid=0 sgid=0 fsgid=0 ses=4294967295 tty=(none) exe="/system/bin/iptables" subj=u:r:netd:s0 key=(null)
W/auditd  ( 3581): type=1320 audit(0.0:2501): 
W/auditd  ( 3581): type=1325 audit(0.0:2502): table=raw family=10 entries=9
W/ip6tables( 6550): type=1300 audit(0.0:2502): arch=40000028 syscall=294 per=800000 success=yes exit=0 a0=4 a1=29 a2=40 a3=b6c1d000 items=0 ppid=6406 auid=4294967295 uid=0 gid=0 euid=0 suid=0 fsuid=0 egid=0 sgid=0 fsgid=0 ses=4294967295 tty=(none) exe="/system/bin/ip6tables" subj=u:r:netd:s0 key=(null)
W/auditd  ( 3581): type=1320 audit(0.0:2502): 
W/auditd  ( 3581): type=1325 audit(0.0:2503): table=raw family=2 entries=8
W/iptables( 6551): type=1300 audit(0.0:2503): arch=40000028 syscall=294 per=800000 success=yes exit=0 a0=4 a1=0 a2=40 a3=b6c1ba00 items=0 ppid=6406 auid=4294967295 uid=0 gid=0 euid=0 suid=0 fsuid=0 egid=0 sgid=0 fsgid=0 ses=4294967295 tty=(none) exe="/system/bin/iptables" subj=u:r:netd:s0 key=(null)
W/auditd  ( 3581): type=1320 audit(0.0:2503): 
W/auditd  ( 3581): type=1325 audit(0.0:2504): table=raw family=10 entries=8
W/ip6tables( 6552): type=1300 audit(0.0:2504): arch=40000028 syscall=294 per=800000 success=yes exit=0 a0=4 a1=29 a2=40 a3=b6c32800 items=0 ppid=6406 auid=4294967295 uid=0 gid=0 euid=0 suid=0 fsuid=0 egid=0 sgid=0 fsgid=0 ses=4294967295 tty=(none) exe="/system/bin/ip6tables" subj=u:r:netd:s0 key=(null)
W/auditd  ( 3581): type=1320 audit(0.0:2504): 
W/auditd  ( 3581): type=1325 audit(0.0:2505): table=raw family=2 entries=8
W/iptables( 6553): type=1300 audit(0.0:2505): arch=40000028 syscall=294 per=800000 success=yes exit=0 a0=4 a1=0 a2=40 a3=b6c30100 items=0 ppid=6406 auid=4294967295 uid=0 gid=0 euid=0 suid=0 fsuid=0 egid=0 sgid=0 fsgid=0 ses=4294967295 tty=(none) exe="/system/bin/iptables" subj=u:r:netd:s0 key=(null)
I/DEBUG   ( 6209): 
I/DEBUG   ( 6209): Tombstone written to: /data/tombstones/tombstone_02
W/SurfaceComposerClient( 6466): ComposerService remote (surfaceflinger) died [0xb62591c0]
I/ServiceManager( 3570): service 'SurfaceFlinger' died
E/BootAnimation( 6466): linkToComposerDeath failed (Broken pipe) 
I/ServiceManager( 3570): service 'Exynos.HWCService' died
I/ServiceManager( 3570): service 'media.wifi_display' died
W/init    ( 6601): type=1400 audit(0.0:2544): avc: denied { entrypoint } for path="/system/bin/auditd" dev="mmcblk0p18" ino=173 scontext=u:r:logd:s0 tcontext=u:object_r:system_file:s0 tclass=file
W/init    ( 6601): type=1300 audit(0.0:2544): arch=40000028 syscall=11 per=800000 success=no exit=-13 a0=b6d80954 a1=b6d69530 a2=57e64 a3=ff0000 items=1 ppid=1 auid=4294967295 uid=0 gid=0 euid=0 suid=0 fsuid=0 egid=0 sgid=0 fsgid=0 ses=4294967295 tty=(none) exe="/init" subj=u:r:init:s0 key=(null)
W/auditd  ( 3581): type=1307 audit(0.0:2544): cwd="/"
W/auditd  ( 3581): type=1302 audit(0.0:2544): item=0 name="/system/bin/auditd" inode=173 dev=103:0a mode=0100755 ouid=0 ogid=2000 rdev=00:00 obj=u:object_r:system_file:s0
W/auditd  ( 3581): type=1320 audit(0.0:2544): 
I/Netd    ( 6602): Netd 1.0 starting
E/Netd    ( 6602): Failed to open /proc/sys/net/ipv6/conf/default/accept_ra_rt_table: No such file or directory
E/Netd    ( 6602): Failed to open /proc/sys/net/ipv6/conf/ip6tnl0/accept_ra_rt_table: No such file or directory
E/Netd    ( 6602): Failed to open /proc/sys/net/ipv6/conf/lo/accept_ra_rt_table: No such file or directory
E/Netd    ( 6602): Failed to open /proc/sys/net/ipv6/conf/rmnet0/accept_ra_rt_table: No such file or directory
E/Netd    ( 6602): Failed to open /proc/sys/net/ipv6/conf/rmnet1/accept_ra_rt_table: No such file or directory
E/Netd    ( 6602): Failed to open /proc/sys/net/ipv6/conf/rmnet2/accept_ra_rt_table: No such file or directory
E/Netd    ( 6602): Failed to open /proc/sys/net/ipv6/conf/rmnet3/accept_ra_rt_table: No such file or directory
E/Netd    ( 6602): Failed to open /proc/sys/net/ipv6/conf/sit0/accept_ra_rt_table: No such file or directory
W/auditd  ( 3581): type=1325 audit(0.0:2545): table=filter family=2 entries=39
W/iptables( 6605): type=1300 audit(0.0:2545): arch=40000028 syscall=294 per=800000 success=yes exit=0 a0=4 a1=0 a2=40 a3=b6c25000 items=0 ppid=6602 auid=4294967295 uid=0 gid=0 euid=0 suid=0 fsuid=0 egid=0 sgid=0 fsgid=0 ses=4294967295 tty=(none) exe="/system/bin/iptables" subj=u:r:netd:s0 key=(null)
W/auditd  ( 3581): type=1320 audit(0.0:2545): 
W/auditd  ( 3581): type=1325 audit(0.0:2546): table=filter family=10 entries=37
W/ip6tables( 6606): type=1300 audit(0.0:2546): arch=40000028 syscall=294 per=800000 success=yes exit=0 a0=4 a1=29 a2=40 a3=b6c28000 items=0 ppid=6602 auid=4294967295 uid=0 gid=0 euid=0 suid=0 fsuid=0 egid=0 sgid=0 fsgid=0 ses=4294967295 tty=(none) exe="/system/bin/ip6tables" subj=u:r:netd:s0 key=(null)
W/auditd  ( 3581): type=1320 audit(0.0:2546): 
I/SurfaceFlinger( 6604): SurfaceFlinger is starting
I/SurfaceFlinger( 6604): SurfaceFlinger's main thread ready to run. Initializing graphics H/W...
W/auditd  ( 3581): type=1325 audit(0.0:2547): table=filter family=2 entries=38
W/iptables( 6610): type=1300 audit(0.0:2547): arch=40000028 syscall=294 per=800000 success=yes exit=0 a0=4 a1=0 a2=40 a3=b6c22000 items=0 ppid=6602 auid=4294967295 uid=0 gid=0 euid=0 suid=0 fsuid=0 egid=0 sgid=0 fsgid=0 ses=4294967295 tty=(none) exe="/system/bin/iptables" subj=u:r:netd:s0 key=(null)
W/auditd  ( 3581): type=1320 audit(0.0:2547): 
W/auditd  ( 3581): type=1325 audit(0.0:2548): table=filter family=10 entries=36
W/ip6tables( 6612): type=1300 audit(0.0:2548): arch=40000028 syscall=294 per=800000 success=yes exit=0 a0=4 a1=29 a2=40 a3=b6c23000 items=0 ppid=6602 auid=4294967295 uid=0 gid=0 euid=0 suid=0 fsuid=0 egid=0 sgid=0 fsgid=0 ses=4294967295 tty=(none) exe="/system/bin/ip6tables" subj=u:r:netd:s0 key=(null)
W/auditd  ( 3581): type=1320 audit(0.0:2548): 
W/auditd  ( 3581): type=1325 audit(0.0:2549): table=filter family=2 entries=38
W/iptables( 6613): type=1300 audit(0.0:2549): arch=40000028 syscall=294 per=800000 success=yes exit=0 a0=4 a1=0 a2=40 a3=b6c22000 items=0 ppid=6602 auid=4294967295 uid=0 gid=0 euid=0 suid=0 fsuid=0 egid=0 sgid=0 fsgid=0 ses=4294967295 tty=(none) exe="/system/bin/iptables" subj=u:r:netd:s0 key=(null)
W/auditd  ( 3581): type=1320 audit(0.0:2549): 
D/libEGL  ( 6604): loaded /vendor/lib/egl/libGLES_mali.so
I/        ( 6604): PLATFORM VERSION : JB-MR-2
I/gralloc ( 6604): using (fd=12)
I/gralloc ( 6604): id           = 
I/gralloc ( 6604): xres         = 1080 px
I/gralloc ( 6604): yres         = 1920 px
I/gralloc ( 6604): xres_virtual = 1080 px
I/gralloc ( 6604): yres_virtual = 3840 px
I/gralloc ( 6604): bpp          = 32
I/gralloc ( 6604): r            = 16:8
I/gralloc ( 6604): g            =  8:8
I/gralloc ( 6604): b            =  0:8
I/gralloc ( 6604): width        = 65 mm (422.030762 dpi)
I/gralloc ( 6604): height       = 115 mm (424.069580 dpi)
I/gralloc ( 6604): refresh rate = 60.00 Hz
D/hwcomposer( 6604): using
D/hwcomposer( 6604): xres         = 1080 px
D/hwcomposer( 6604): yres         = 1920 px
D/hwcomposer( 6604): width        = 65 mm (422.030000 dpi)
D/hwcomposer( 6604): height       = 115 mm (424.069000 dpi)
D/hwcomposer( 6604): refresh rate = 60 Hz
E/libexynosv4l2-subdev( 6604): no subdev device found
E/hdmi    ( 6604): failed to open hdmi mixer0 subdev
E/hwcomposer( 6604): openHdmi fail
I/hwcomposer( 6604): PSR info devname = /sys/devices/14400000.fimd_fb/psr_info
I/hwcomposer( 6604): PSR mode is 2(0: video mode, 1: DP PSR mode, 2: MIPI-DSI command mode)
I/SurfaceFlinger( 6604): Using composer version 1.3
