I/art     ( 4413): DexFile_isDexOptNeeded failed to open oat file '/data/dalvik-cache/arm/system@framework@org.cyanogenmod.hardware.jar@classes.dex' for file location '/system/framework/org.cyanogenmod.hardware.jar': Failed to open oat filename for reading: No such file or directory
I/art     ( 4413): DexFile_isDexOptNeeded failed to open oat file '/system/framework/arm/org.cyanogenmod.hardware.odex' for file location '/system/framework/org.cyanogenmod.hardware.jar': Failed to open oat filename for reading: No such file or directory
E/installd( 3691): DexInv: --- END '/system/framework/org.cyanogenmod.hardware.jar' --- status=0x0100, process failed
I/art     ( 4413): DexFile_isDexOptNeeded failed to open oat file '/data/dalvik-cache/arm/system@framework@javax.obex.jar@classes.dex' for file location '/system/framework/javax.obex.jar': Failed to open oat filename for reading: No such file or directory
I/art     ( 4413): DexFile_isDexOptNeeded failed to open oat file '/system/framework/arm/javax.obex.odex' for file location '/system/framework/javax.obex.jar': Failed to open oat filename for reading: No such file or directory
E/installd( 3691): DexInv: --- END '/system/framework/javax.obex.jar' --- status=0x0100, process failed
E/art     ( 4413): DexFile_isDexOptNeeded file '/system/framework/com.android.nfc_extras.jar' does not exist
W/PackageManager( 4413): Library not found: /system/framework/com.android.nfc_extras.jar
I/art     ( 4413): DexFile_isDexOptNeeded failed to open oat file '/data/dalvik-cache/arm/system@framework@com.android.mediadrm.signer.jar@classes.dex' for file location '/system/framework/com.android.mediadrm.signer.jar': Failed to open oat filename for reading: No such file or directory
I/art     ( 4413): DexFile_isDexOptNeeded failed to open oat file '/system/framework/arm/com.android.mediadrm.signer.odex' for file location '/system/framework/com.android.mediadrm.signer.jar': Failed to open oat filename for reading: No such file or directory
E/installd( 3691): DexInv: --- END '/system/framework/com.android.mediadrm.signer.jar' --- status=0x0100, process failed
I/art     ( 4413): DexFile_isDexOptNeeded failed to open oat file '/data/dalvik-cache/arm/system@framework@javax.btobex.jar@classes.dex' for file location '/system/framework/javax.btobex.jar': Failed to open oat filename for reading: No such file or directory
I/art     ( 4413): DexFile_isDexOptNeeded failed to open oat file '/system/framework/arm/javax.btobex.odex' for file location '/system/framework/javax.btobex.jar': Failed to open oat filename for reading: No such file or directory
E/installd( 3691): DexInv: --- END '/system/framework/javax.btobex.jar' --- status=0x0100, process failed
I/art     ( 4413): DexFile_isDexOptNeeded failed to open oat file '/data/dalvik-cache/arm/system@framework@am.jar@classes.dex' for file location '/system/framework/am.jar': Failed to open oat filename for reading: No such file or directory
I/art     ( 4413): DexFile_isDexOptNeeded failed to open oat file '/system/framework/arm/am.odex' for file location '/system/framework/am.jar': Failed to open oat filename for reading: No such file or directory
E/installd( 3691): DexInv: --- END '/system/framework/am.jar' --- status=0x0100, process failed
I/art     ( 4413): DexFile_isDexOptNeeded failed to open oat file '/data/dalvik-cache/arm/system@framework@appops.jar@classes.dex' for file location '/system/framework/appops.jar': Failed to open oat filename for reading: No such file or directory
I/art     ( 4413): DexFile_isDexOptNeeded failed to open oat file '/system/framework/arm/appops.odex' for file location '/system/framework/appops.jar': Failed to open oat filename for reading: No such file or directory
E/installd( 3691): DexInv: --- END '/system/framework/appops.jar' --- status=0x0100, process failed
I/art     ( 4413): DexFile_isDexOptNeeded failed to open oat file '/data/dalvik-cache/arm/system@framework@appwidget.jar@classes.dex' for file location '/system/framework/appwidget.jar': Failed to open oat filename for reading: No such file or directory
I/art     ( 4413): DexFile_isDexOptNeeded failed to open oat file '/system/framework/arm/appwidget.odex' for file location '/system/framework/appwidget.jar': Failed to open oat filename for reading: No such file or directory
E/installd( 3691): DexInv: --- END '/system/framework/appwidget.jar' --- status=0x0100, process failed
I/art     ( 4413): DexFile_isDexOptNeeded failed to open oat file '/data/dalvik-cache/arm/system@framework@bmgr.jar@classes.dex' for file location '/system/framework/bmgr.jar': Failed to open oat filename for reading: No such file or directory
I/art     ( 4413): DexFile_isDexOptNeeded failed to open oat file '/system/framework/arm/bmgr.odex' for file location '/system/framework/bmgr.jar': Failed to open oat filename for reading: No such file or directory
E/installd( 3691): DexInv: --- END '/system/framework/bmgr.jar' --- status=0x0100, process failed
I/art     ( 4413): DexFile_isDexOptNeeded failed to open oat file '/data/dalvik-cache/arm/system@framework@bu.jar@classes.dex' for file location '/system/framework/bu.jar': Failed to open oat filename for reading: No such file or directory
I/art     ( 4413): DexFile_isDexOptNeeded failed to open oat file '/system/framework/arm/bu.odex' for file location '/system/framework/bu.jar': Failed to open oat filename for reading: No such file or directory
E/installd( 3691): DexInv: --- END '/system/framework/bu.jar' --- status=0x0100, process failed
I/art     ( 4413): DexFile_isDexOptNeeded failed to open oat file '/data/dalvik-cache/arm/system@framework@content.jar@classes.dex' for file location '/system/framework/content.jar': Failed to open oat filename for reading: No such file or directory
I/art     ( 4413): DexFile_isDexOptNeeded failed to open oat file '/system/framework/arm/content.odex' for file location '/system/framework/content.jar': Failed to open oat filename for reading: No such file or directory
E/installd( 3691): DexInv: --- END '/system/framework/content.jar' --- status=0x0100, process failed
I/art     ( 4413): DexFile_isDexOptNeeded failed to open oat file '/data/dalvik-cache/arm/system@framework@dpm.jar@classes.dex' for file location '/system/framework/dpm.jar': Failed to open oat filename for reading: No such file or directory
I/art     ( 4413): DexFile_isDexOptNeeded failed to open oat file '/system/framework/arm/dpm.odex' for file location '/system/framework/dpm.jar': Failed to open oat filename for reading: No such file or directory
E/installd( 3691): DexInv: --- END '/system/framework/dpm.jar' --- status=0x0100, process failed
I/art     ( 4413): DexFile_isDexOptNeeded failed to open oat file '/data/dalvik-cache/arm/system@framework@ime.jar@classes.dex' for file location '/system/framework/ime.jar': Failed to open oat filename for reading: No such file or directory
I/art     ( 4413): DexFile_isDexOptNeeded failed to open oat file '/system/framework/arm/ime.odex' for file location '/system/framework/ime.jar': Failed to open oat filename for reading: No such file or directory
E/installd( 3691): DexInv: --- END '/system/framework/ime.jar' --- status=0x0100, process failed
I/art     ( 4413): DexFile_isDexOptNeeded failed to open oat file '/data/dalvik-cache/arm/system@framework@input.jar@classes.dex' for file location '/system/framework/input.jar': Failed to open oat filename for reading: No such file or directory
I/art     ( 4413): DexFile_isDexOptNeeded failed to open oat file '/system/framework/arm/input.odex' for file location '/system/framework/input.jar': Failed to open oat filename for reading: No such file or directory
E/installd( 3691): DexInv: --- END '/system/framework/input.jar' --- status=0x0100, process failed
I/art     ( 4413): DexFile_isDexOptNeeded failed to open oat file '/data/dalvik-cache/arm/system@framework@media_cmd.jar@classes.dex' for file location '/system/framework/media_cmd.jar': Failed to open oat filename for reading: No such file or directory
I/art     ( 4413): DexFile_isDexOptNeeded failed to open oat file '/system/framework/arm/media_cmd.odex' for file location '/system/framework/media_cmd.jar': Failed to open oat filename for reading: No such file or directory
E/installd( 3691): DexInv: --- END '/system/framework/media_cmd.jar' --- status=0x0100, process failed
I/art     ( 4413): DexFile_isDexOptNeeded failed to open oat file '/data/dalvik-cache/arm/system@framework@monkey.jar@classes.dex' for file location '/system/framework/monkey.jar': Failed to open oat filename for reading: No such file or directory
I/art     ( 4413): DexFile_isDexOptNeeded failed to open oat file '/system/framework/arm/monkey.odex' for file location '/system/framework/monkey.jar': Failed to open oat filename for reading: No such file or directory
E/installd( 3691): DexInv: --- END '/system/framework/monkey.jar' --- status=0x0100, process failed
I/art     ( 4413): DexFile_isDexOptNeeded failed to open oat file '/data/dalvik-cache/arm/system@framework@pm.jar@classes.dex' for file location '/system/framework/pm.jar': Failed to open oat filename for reading: No such file or directory
I/art     ( 4413): DexFile_isDexOptNeeded failed to open oat file '/system/framework/arm/pm.odex' for file location '/system/framework/pm.jar': Failed to open oat filename for reading: No such file or directory
E/installd( 3691): DexInv: --- END '/system/framework/pm.jar' --- status=0x0100, process failed
I/art     ( 4413): DexFile_isDexOptNeeded failed to open oat file '/data/dalvik-cache/arm/system@framework@requestsync.jar@classes.dex' for file location '/system/framework/requestsync.jar': Failed to open oat filename for reading: No such file or directory
I/art     ( 4413): DexFile_isDexOptNeeded failed to open oat file '/system/framework/arm/requestsync.odex' for file location '/system/framework/requestsync.jar': Failed to open oat filename for reading: No such file or directory
E/installd( 3691): DexInv: --- END '/system/framework/requestsync.jar' --- status=0x0100, process failed
I/art     ( 4413): DexFile_isDexOptNeeded failed to open oat file '/data/dalvik-cache/arm/system@framework@settings.jar@classes.dex' for file location '/system/framework/settings.jar': Failed to open oat filename for reading: No such file or directory
I/art     ( 4413): DexFile_isDexOptNeeded failed to open oat file '/system/framework/arm/settings.odex' for file location '/system/framework/settings.jar': Failed to open oat filename for reading: No such file or directory
E/installd( 3691): DexInv: --- END '/system/framework/settings.jar' --- status=0x0100, process failed
I/art     ( 4413): DexFile_isDexOptNeeded failed to open oat file '/data/dalvik-cache/arm/system@framework@svc.jar@classes.dex' for file location '/system/framework/svc.jar': Failed to open oat filename for reading: No such file or directory
I/art     ( 4413): DexFile_isDexOptNeeded failed to open oat file '/system/framework/arm/svc.odex' for file location '/system/framework/svc.jar': Failed to open oat filename for reading: No such file or directory
E/installd( 3691): DexInv: --- END '/system/framework/svc.jar' --- status=0x0100, process failed
I/art     ( 4413): DexFile_isDexOptNeeded failed to open oat file '/data/dalvik-cache/arm/system@framework@tm.jar@classes.dex' for file location '/system/framework/tm.jar': Failed to open oat filename for reading: No such file or directory
I/art     ( 4413): DexFile_isDexOptNeeded failed to open oat file '/system/framework/arm/tm.odex' for file location '/system/framework/tm.jar': Failed to open oat filename for reading: No such file or directory
E/installd( 3691): DexInv: --- END '/system/framework/tm.jar' --- status=0x0100, process failed
I/art     ( 4413): DexFile_isDexOptNeeded failed to open oat file '/data/dalvik-cache/arm/system@framework@uiautomator.jar@classes.dex' for file location '/system/framework/uiautomator.jar': Failed to open oat filename for reading: No such file or directory
I/art     ( 4413): DexFile_isDexOptNeeded failed to open oat file '/system/framework/arm/uiautomator.odex' for file location '/system/framework/uiautomator.jar': Failed to open oat filename for reading: No such file or directory
E/installd( 3691): DexInv: --- END '/system/framework/uiautomator.jar' --- status=0x0100, process failed
I/art     ( 4413): DexFile_isDexOptNeeded failed to open oat file '/data/dalvik-cache/arm/system@framework@wm.jar@classes.dex' for file location '/system/framework/wm.jar': Failed to open oat filename for reading: No such file or directory
I/art     ( 4413): DexFile_isDexOptNeeded failed to open oat file '/system/framework/arm/wm.odex' for file location '/system/framework/wm.jar': Failed to open oat filename for reading: No such file or directory
E/installd( 3691): DexInv: --- END '/system/framework/wm.jar' --- status=0x0100, process failed
E/SQLiteLog( 4413): (14) cannot open file at line 30046 of [9491ba7d73]
E/SQLiteLog( 4413): (14) os_unix.c:30046: (2) open(/data/data/com.android.providers.settings/databases/settings.db) - 
E/SQLiteDatabase( 4413): Failed to open database '/data/data/com.android.providers.settings/databases/settings.db'.
E/SQLiteDatabase( 4413): android.database.sqlite.SQLiteCantOpenDatabaseException: unknown error (code 14): Could not open database
E/SQLiteDatabase( 4413): 	at android.database.sqlite.SQLiteConnection.nativeOpen(Native Method)
E/SQLiteDatabase( 4413): 	at android.database.sqlite.SQLiteConnection.open(SQLiteConnection.java:209)
E/SQLiteDatabase( 4413): 	at android.database.sqlite.SQLiteConnection.open(SQLiteConnection.java:193)
E/SQLiteDatabase( 4413): 	at android.database.sqlite.SQLiteConnectionPool.openConnectionLocked(SQLiteConnectionPool.java:463)
E/SQLiteDatabase( 4413): 	at android.database.sqlite.SQLiteConnectionPool.open(SQLiteConnectionPool.java:185)
E/SQLiteDatabase( 4413): 	at android.database.sqlite.SQLiteConnectionPool.open(SQLiteConnectionPool.java:177)
E/SQLiteDatabase( 4413): 	at android.database.sqlite.SQLiteDatabase.openInner(SQLiteDatabase.java:806)
E/SQLiteDatabase( 4413): 	at android.database.sqlite.SQLiteDatabase.open(SQLiteDatabase.java:791)
E/SQLiteDatabase( 4413): 	at android.database.sqlite.SQLiteDatabase.openDatabase(SQLiteDatabase.java:694)
E/SQLiteDatabase( 4413): 	at android.database.sqlite.SQLiteDatabase.openDatabase(SQLiteDatabase.java:669)
E/SQLiteDatabase( 4413): 	at android.content.pm.ThemeUtils.getBootThemeDirty(ThemeUtils.java:697)
E/SQLiteDatabase( 4413): 	at com.android.server.pm.PackageManagerService.<init>(PackageManagerService.java:1654)
E/SQLiteDatabase( 4413): 	at com.android.server.pm.PackageManagerService.main(PackageManagerService.java:1352)
E/SQLiteDatabase( 4413): 	at com.android.server.SystemServer.startBootstrapServices(SystemServer.java:376)
E/SQLiteDatabase( 4413): 	at com.android.server.SystemServer.run(SystemServer.java:282)
E/SQLiteDatabase( 4413): 	at com.android.server.SystemServer.main(SystemServer.java:185)
E/SQLiteDatabase( 4413): 	at java.lang.reflect.Method.invoke(Native Method)
E/SQLiteDatabase( 4413): 	at java.lang.reflect.Method.invoke(Method.java:372)
E/SQLiteDatabase( 4413): 	at com.android.internal.os.ZygoteInit$MethodAndArgsCaller.run(ZygoteInit.java:898)
E/SQLiteDatabase( 4413): 	at com.android.internal.os.ZygoteInit.main(ZygoteInit.java:693)
W/ThemeUtils( 4413): Unable to open /data/data/com.android.providers.settings/databases/settings.db
W/ThemeUtils( 4413): android.database.sqlite.SQLiteCantOpenDatabaseException: unknown error (code 14): Could not open database
W/ThemeUtils( 4413): 	at android.database.sqlite.SQLiteConnection.nativeOpen(Native Method)
W/ThemeUtils( 4413): 	at android.database.sqlite.SQLiteConnection.open(SQLiteConnection.java:209)
W/ThemeUtils( 4413): 	at android.database.sqlite.SQLiteConnection.open(SQLiteConnection.java:193)
W/ThemeUtils( 4413): 	at android.database.sqlite.SQLiteConnectionPool.openConnectionLocked(SQLiteConnectionPool.java:463)
W/ThemeUtils( 4413): 	at android.database.sqlite.SQLiteConnectionPool.open(SQLiteConnectionPool.java:185)
W/ThemeUtils( 4413): 	at android.database.sqlite.SQLiteConnectionPool.open(SQLiteConnectionPool.java:177)
W/ThemeUtils( 4413): 	at android.database.sqlite.SQLiteDatabase.openInner(SQLiteDatabase.java:806)
W/ThemeUtils( 4413): 	at android.database.sqlite.SQLiteDatabase.open(SQLiteDatabase.java:791)
W/ThemeUtils( 4413): 	at android.database.sqlite.SQLiteDatabase.openDatabase(SQLiteDatabase.java:694)
W/ThemeUtils( 4413): 	at android.database.sqlite.SQLiteDatabase.openDatabase(SQLiteDatabase.java:669)
W/ThemeUtils( 4413): 	at android.content.pm.ThemeUtils.getBootThemeDirty(ThemeUtils.java:697)
W/ThemeUtils( 4413): 	at com.android.server.pm.PackageManagerService.<init>(PackageManagerService.java:1654)
W/ThemeUtils( 4413): 	at com.android.server.pm.PackageManagerService.main(PackageManagerService.java:1352)
W/ThemeUtils( 4413): 	at com.android.server.SystemServer.startBootstrapServices(SystemServer.java:376)
W/ThemeUtils( 4413): 	at com.android.server.SystemServer.run(SystemServer.java:282)
W/ThemeUtils( 4413): 	at com.android.server.SystemServer.main(SystemServer.java:185)
W/ThemeUtils( 4413): 	at java.lang.reflect.Method.invoke(Native Method)
W/ThemeUtils( 4413): 	at java.lang.reflect.Method.invoke(Method.java:372)
W/ThemeUtils( 4413): 	at com.android.internal.os.ZygoteInit$MethodAndArgsCaller.run(ZygoteInit.java:898)
W/ThemeUtils( 4413): 	at com.android.internal.os.ZygoteInit.main(ZygoteInit.java:693)
D/PackageManager( 4413): No files in app dir /vendor/overlay
I/PackageManager( 4413): /system/framework/framework-res.apk changed; collecting certs
W/SurfaceFlinger( 3673): Ignoring duplicate VSYNC event from HWC (t=77565188133)
W/SurfaceFlinger( 3673): Ignoring duplicate VSYNC event from HWC (t=77835178508)
