--------- beginning of main
I/cm      ( 3665): ____ _   _ ____ _  _ ____ ____ ____ _  _ _  _ ____ ___ 
W/auditd  ( 3680): type=1325 audit(0.0:2): table=filter family=2 entries=0
W/auditd  ( 3680): type=1325 audit(0.0:3): table=mangle family=2 entries=0
W/auditd  ( 3680): type=1325 audit(0.0:4): table=nat family=2 entries=0
W/auditd  ( 3680): type=1325 audit(0.0:5): table=raw family=2 entries=0
W/auditd  ( 3680): type=1325 audit(0.0:6): table=security family=2 entries=0
W/auditd  ( 3680): type=1325 audit(0.0:7): table=filter family=3 entries=0
W/auditd  ( 3680): type=1325 audit(0.0:8): table=filter family=10 entries=0
W/auditd  ( 3680): type=1325 audit(0.0:9): table=mangle family=10 entries=0
W/auditd  ( 3680): type=1325 audit(0.0:10): table=raw family=10 entries=0
W/auditd  ( 3680): type=1305 audit(0.0:11): audit_pid=3666 old=0 auid=4294967295 ses=4294967295
W/auditd  ( 3680):  res=1
W/auditd  ( 3680): type=1305 audit(0.0:12): audit_rate_limit=20 old=0 auid=4294967295 ses=4294967295
W/auditd  ( 3680):  res=1
I/lowmemorykiller( 3668): Using in-kernel low memory killer interface
I/cm      ( 3678): |     \_/  |__| |\ | |  | | __ |___ |\ | |\/| |  | |  \ 
--------- beginning of system
I/auditd  ( 3679): Starting up
I/DEBUG   ( 3682): debuggerd: Jun 17 2015 15:28:56
I/audit_log( 3679): Previous audit logfile detected, rotating
W/libaudit( 3679): Expected sequence number between user space and kernel space is out of skew, expected 2 got 0
E/audit_rules( 3679): Could not read audit rules /data/misc/audit/audit.rules: No such file or directory
I/cm      ( 3686): |___   |   |  | | \| |__| |__] |___ | \| |  | |__| |__/ 
I/Vold    ( 3671): Vold 2.1 (the revenge) firing up
D/Vold    ( 3671): Volume sdcard1 state changing -1 (Initializing) -> 0 (No-Media)
D/Vold    ( 3671): Volume usbdisk state changing -1 (Initializing) -> 0 (No-Media)
I/Cryptfs ( 3671): Check if PFE is activated on Boot
E/Cryptfs ( 3671): Bad magic for real block device /dev/block/mmcblk0p21
E/Cryptfs ( 3671): Error getting crypt footer and key
I/installd( 3687): installd firing up
I/cm      ( 3709): Welcome to Android 5.0.2 / CyanogenMod-12-20150627-UNOFFICIAL-k3gxx 
E/sdcard  ( 3691): usage: sdcard [OPTIONS] <source_path> <dest_path>
E/sdcard  ( 3691):     -u: specify UID to run as
E/sdcard  ( 3691):     -g: specify GID to run as
E/sdcard  ( 3691):     -w: specify GID required to write (default sdcard_rw, requires -d or -l)
E/sdcard  ( 3691):     -t: specify number of threads to use (default 2)
E/sdcard  ( 3691):     -d: derive file permissions based on path
E/sdcard  ( 3691):     -l: derive file permissions based on legacy internal layout
E/sdcard  ( 3691):     -s: split derived permissions for pics, av
E/sdcard  ( 3691): 
E/sdcard  ( 3692): usage: sdcard [OPTIONS] <source_path> <dest_path>
E/sdcard  ( 3692):     -u: specify UID to run as
E/sdcard  ( 3692):     -g: specify GID to run as
E/sdcard  ( 3692):     -w: specify GID required to write (default sdcard_rw, requires -d or -l)
E/sdcard  ( 3692):     -t: specify number of threads to use (default 2)
E/sdcard  ( 3692):     -d: derive file permissions based on path
E/sdcard  ( 3692):     -l: derive file permissions based on legacy internal layout
E/sdcard  ( 3692):     -s: split derived permissions for pics, av
E/sdcard  ( 3692): 
I/Netd    ( 3681): Netd 1.0 starting
E/Netd    ( 3681): Failed to open /proc/sys/net/ipv6/conf/default/accept_ra_rt_table: No such file or directory
E/Netd    ( 3681): Failed to open /proc/sys/net/ipv6/conf/ip6tnl0/accept_ra_rt_table: No such file or directory
E/Netd    ( 3681): Failed to open /proc/sys/net/ipv6/conf/lo/accept_ra_rt_table: No such file or directory
E/Netd    ( 3681): Failed to open /proc/sys/net/ipv6/conf/rmnet0/accept_ra_rt_table: No such file or directory
E/Netd    ( 3681): Failed to open /proc/sys/net/ipv6/conf/rmnet1/accept_ra_rt_table: No such file or directory
E/Netd    ( 3681): Failed to open /proc/sys/net/ipv6/conf/rmnet2/accept_ra_rt_table: No such file or directory
E/Netd    ( 3681): Failed to open /proc/sys/net/ipv6/conf/rmnet3/accept_ra_rt_table: No such file or directory
E/Netd    ( 3681): Failed to open /proc/sys/net/ipv6/conf/sit0/accept_ra_rt_table: No such file or directory
I/keystore( 3688): SELinux: Keystore SELinux is disabled.
I/SurfaceFlinger( 3672): SurfaceFlinger is starting
I/SurfaceFlinger( 3672): SurfaceFlinger's main thread ready to run. Initializing graphics H/W...
D/libEGL  ( 3672): loaded /vendor/lib/egl/libGLES_mali.so
I/        ( 3672): PLATFORM VERSION : JB-MR-2
I/gralloc ( 3672): using (id=)
I/gralloc ( 3672): xres         = 1080 px
I/gralloc ( 3672): yres         = 1920 px
I/gralloc ( 3672): width        = 65 mm (422.030762 dpi)
I/gralloc ( 3672): height       = 115 mm (424.069580 dpi)
I/gralloc ( 3672): refresh rate = 60.00 Hz
I/mediaserver( 3685): ServiceManager: 0xb60500c0
I/AudioFlinger( 3685): Using default 3000 mSec as standby time.
I/ServiceManager( 3685): Waiting for service batterystats...
D/hwcomposer( 3672): using
D/hwcomposer( 3672): xres         = 1080 px
D/hwcomposer( 3672): yres         = 1920 px
D/hwcomposer( 3672): width        = 65 mm (422.030000 dpi)
D/hwcomposer( 3672): height       = 115 mm (424.069000 dpi)
D/hwcomposer( 3672): refresh rate = 60 Hz
D/libexynosv4l2-subdev( 3672): try node: /dev/v4l-subdev0
D/libexynosv4l2-subdev( 3672): try node: /dev/v4l-subdev1
D/libexynosv4l2-subdev( 3672): try node: /dev/v4l-subdev2
I/libexynosv4l2-subdev( 3672): node found for device s5p-mixer0: /dev/v4l-subdev2
I/libexynosv4l2-subdev( 3672): open subdev device /dev/v4l-subdev2
I/hwcomposer( 3672): PSR info devname = /sys/devices/14400000.fimd_fb/psr_info
I/hwcomposer( 3672): PSR mode is 2(0: video mode, 1: DP PSR mode, 2: MIPI-DSI command mode)
I/SurfaceFlinger( 3672): Using composer version 1.3
I/SurfaceFlinger( 3672): EGL information:
I/SurfaceFlinger( 3672): vendor    : Android
I/SurfaceFlinger( 3672): version   : 1.4 Android META-EGL
I/SurfaceFlinger( 3672): extensions: EGL_KHR_get_all_proc_addresses EGL_ANDROID_presentation_time EGL_KHR_image EGL_KHR_image_base EGL_KHR_gl_texture_2D_image EGL_KHR_gl_texture_cubemap_image EGL_KHR_gl_renderbuffer_image EGL_KHR_fence_sync EGL_KHR_create_context EGL_ANDROID_image_native_buffer EGL_KHR_wait_sync EGL_ANDROID_recordable 
I/SurfaceFlinger( 3672): Client API: OpenGL_ES
I/SurfaceFlinger( 3672): EGLSurface: 8-8-8-8, config=0xb6acf2ac
D/AndroidRuntime( 3690): 
D/AndroidRuntime( 3690): >>>>>> AndroidRuntime START com.android.internal.os.ZygoteInit <<<<<<
I/SurfaceFlinger( 3672): OpenGL ES informations:
I/SurfaceFlinger( 3672): vendor    : ARM
I/SurfaceFlinger( 3672): renderer  : Mali-T628
I/SurfaceFlinger( 3672): version   : OpenGL ES 3.0
I/SurfaceFlinger( 3672): extensions: GL_EXT_debug_marker GL_ARM_rgba8 GL_ARM_mali_shader_binary GL_OES_depth24 GL_OES_depth_texture GL_OES_depth_texture_cube_map GL_OES_packed_depth_stencil GL_OES_rgb8_rgba8 GL_EXT_read_format_bgra GL_OES_compressed_paletted_texture GL_OES_compressed_ETC1_RGB8_texture GL_OES_standard_derivatives GL_OES_EGL_image GL_OES_EGL_image_external GL_OES_EGL_sync GL_OES_texture_npot GL_OES_vertex_half_float GL_OES_required_internalformat GL_OES_vertex_array_object GL_OES_mapbuffer GL_EXT_texture_format_BGRA8888 GL_EXT_texture_rg GL_EXT_texture_type_2_10_10_10_REV GL_OES_fbo_render_mipmap GL_OES_element_index_uint GL_EXT_shadow_samplers GL_OES_texture_compression_astc GL_KHR_texture_compression_astc_ldr GL_KHR_texture_compression_astc_hdr GL_KHR_debug GL_EXT_occlusion_query_boolean GL_EXT_blend_minmax GL_EXT_discard_framebuffer GL_OES_get_program_binary GL_OES_texture_3D GL_EXT_texture_storage GL_EXT_multisampled_render_to_texture GL_OES_surfaceless_context GL_ARM_mali_program_binary 
I/SurfaceFlinger( 3672): GL_MAX_TEXTURE_SIZE = 8192
I/SurfaceFlinger( 3672): GL_MAX_VIEWPORT_DIMS = 8192
D/SurfaceFlinger( 3672): Set power mode=2, type=0 flinger=0xb6a62000
I/hwcomposer( 3672): int exynos5_blank(hwc_composer_device_1*, int, int):: disp(0), blank(0)
I/hwcomposer( 3672): unblank ioctl failed (display already unblanked)
D/AndroidRuntime( 3690): CheckJNI is OFF
I/art     ( 3690): option[0]=-Xzygote
I/art     ( 3690): option[1]=-Xstacktracefile:/data/anr/traces.txt
I/art     ( 3690): option[2]=exit
I/art     ( 3690): option[3]=vfprintf
I/art     ( 3690): option[4]=sensitiveThread
I/art     ( 3690): option[5]=-verbose:gc
I/art     ( 3690): option[6]=-Xms8m
I/art     ( 3690): option[7]=-Xmx512m
I/art     ( 3690): option[8]=-XX:mainThreadStackSize=24K
I/art     ( 3690): option[9]=-XX:HeapGrowthLimit=128m
I/art     ( 3690): option[10]=-XX:HeapMinFree=2m
I/art     ( 3690): option[11]=-XX:HeapMaxFree=8m
I/art     ( 3690): option[12]=-XX:HeapTargetUtilization=0.75
I/art     ( 3690): option[13]=-agentlib:jdwp=transport=dt_android_adb,suspend=n,server=y
I/art     ( 3690): option[14]=-Xlockprofthreshold:500
I/art     ( 3690): option[15]=-Ximage-compiler-option
I/art     ( 3690): option[16]=--runtime-arg
I/art     ( 3690): option[17]=-Ximage-compiler-option
I/art     ( 3690): option[18]=-Xms64m
I/art     ( 3690): option[19]=-Ximage-compiler-option
I/art     ( 3690): option[20]=--runtime-arg
I/art     ( 3690): option[21]=-Ximage-compiler-option
I/art     ( 3690): option[22]=-Xmx64m
I/art     ( 3690): option[23]=-Ximage-compiler-option
I/art     ( 3690): option[24]=--image-classes-zip=/system/framework/framework.jar
I/art     ( 3690): option[25]=-Ximage-compiler-option
I/art     ( 3690): option[26]=--image-classes=preloaded-classes
I/art     ( 3690): option[27]=-Xcompiler-option
I/art     ( 3690): option[28]=--runtime-arg
I/art     ( 3690): option[29]=-Xcompiler-option
I/art     ( 3690): option[30]=-Xms64m
I/art     ( 3690): option[31]=-Xcompiler-option
I/art     ( 3690): option[32]=--runtime-arg
I/art     ( 3690): option[33]=-Xcompiler-option
I/art     ( 3690): option[34]=-Xmx512m
I/art     ( 3690): option[35]=-Duser.language=es
I/art     ( 3690): option[36]=-Duser.region=US
I/art     ( 3690): Pruning dalvik-cache since we are generating an image and will need to recompile
I/art     ( 3690): Using an offset of 0x426000 from default art base address of 0x70000000
I/art     ( 3690): GenerateImage: /system/bin/dex2oat --image=/data/dalvik-cache/arm/system@framework@boot.art --dex-file=/system/framework/core-libart.jar --dex-file=/system/framework/conscrypt.jar --dex-file=/system/framework/okhttp.jar --dex-file=/system/framework/core-junit.jar --dex-file=/system/framework/bouncycastle.jar --dex-file=/system/framework/ext.jar --dex-file=/system/framework/framework.jar --dex-file=/system/framework/telephony-common.jar --dex-file=/system/framework/voip-common.jar --dex-file=/system/framework/ims-common.jar --dex-file=/system/framework/mms-common.jar --dex-file=/system/framework/android.policy.jar --dex-file=/system/framework/apache-xml.jar --oat-file=/data/dalvik-cache/arm/system@framework@boot.oat --instruction-set=arm --instruction-set-features=div --base=0x70426000 --runtime-arg -Xms64m --runtime-arg -Xmx64m --image-classes-zip=/system/framework/framework.jar --image-classes=preloaded-classes
D/WVMDrmPlugIn( 3684): WVMDrmPlugin::onGetSupportInfo : 0
W/art     ( 3690): Could not create image space with image file '/system/framework/boot.art'. Attempting to fall back to imageless running. Error was: Failed to generate image '/data/dalvik-cache/arm/system@framework@boot.art': Failed execv(/system/bin/dex2oat --image=/data/dalvik-cache/arm/system@framework@boot.art --dex-file=/system/framework/core-libart.jar --dex-file=/system/framework/conscrypt.jar --dex-file=/system/framework/okhttp.jar --dex-file=/system/framework/core-junit.jar --dex-file=/system/framework/bouncycastle.jar --dex-file=/system/framework/ext.jar --dex-file=/system/framework/framework.jar --dex-file=/system/framework/telephony-common.jar --dex-file=/system/framework/voip-common.jar --dex-file=/system/framework/ims-common.jar --dex-file=/system/framework/mms-common.jar --dex-file=/system/framework/android.policy.jar --dex-file=/system/framework/apache-xml.jar --oat-file=/data/dalvik-cache/arm/system@framework@boot.oat --instruction-set=arm --instruction-set-features=div --base=0x70426000 --runtime-arg -Xms64
D/SurfaceFlinger( 3672): SF. shader cache generated - 26 shaders in 71.055038 ms
D/libEGL  ( 3857): loaded /vendor/lib/egl/libGLES_mali.so
I/        ( 3857): PLATFORM VERSION : JB-MR-2
E/BootAnimation( 3857): couldn't find audio_conf.txt
D/BootAnimation( 3857): Use save memory method, maybe small fps in actual.
E/display ( 3672): invalid gralloc handle (at 0x0)
E/display ( 3672): invalid gralloc handle (at 0x0)
E/display ( 3672): invalid gralloc handle (at 0x0)
E/display ( 3672): invalid gralloc handle (at 0x0)
E/display ( 3672): invalid gralloc handle (at 0x0)
E/display ( 3672): invalid gralloc handle (at 0x0)
E/display ( 3672): invalid gralloc handle (at 0x0)
E/display ( 3672): invalid gralloc handle (at 0x0)
E/display ( 3672): invalid gralloc handle (at 0x0)
E/display ( 3672): invalid gralloc handle (at 0x0)
V/NatController( 3681): runCmd(/system/bin/iptables -F natctrl_FORWARD) res=0
V/NatController( 3681): runCmd(/system/bin/iptables -A natctrl_FORWARD -j DROP) res=0
E/display ( 3672): invalid gralloc handle (at 0x0)
V/NatController( 3681): runCmd(/system/bin/iptables -t nat -F natctrl_nat_POSTROUTING) res=0
V/NatController( 3681): runCmd(/system/bin/iptables -F natctrl_tether_counters) res=1
V/NatController( 3681): runCmd(/system/bin/iptables -X natctrl_tether_counters) res=1
V/NatController( 3681): runCmd(/system/bin/iptables -N natctrl_tether_counters) res=0
V/NatController( 3681): runCmd(/system/bin/iptables -t mangle -A natctrl_mangle_FORWARD -p tcp --tcp-flags SYN SYN -j TCPMSS --clamp-mss-to-pmtu) res=0
I/ServiceManager( 3685): Waiting for service batterystats...
E/display ( 3672): invalid gralloc handle (at 0x0)
E/display ( 3672): invalid gralloc handle (at 0x0)
E/display ( 3672): invalid gralloc handle (at 0x0)
E/display ( 3672): invalid gralloc handle (at 0x0)
E/display ( 3672): invalid gralloc handle (at 0x0)
E/display ( 3672): invalid gralloc handle (at 0x0)
E/display ( 3672): invalid gralloc handle (at 0x0)
E/display ( 3672): invalid gralloc handle (at 0x0)
E/display ( 3672): invalid gralloc handle (at 0x0)
E/display ( 3672): invalid gralloc handle (at 0x0)
E/display ( 3672): invalid gralloc handle (at 0x0)
E/display ( 3672): invalid gralloc handle (at 0x0)
E/display ( 3672): invalid gralloc handle (at 0x0)
D/MDnsDS  ( 3681): MDnsSdListener::Hander starting up
D/MDnsDS  ( 3681): MDnsSdListener starting to monitor
D/MDnsDS  ( 3681): Going to poll with pollCount 1
E/display ( 3672): invalid gralloc handle (at 0x0)
E/display ( 3672): invalid gralloc handle (at 0x0)
E/display ( 3672): invalid gralloc handle (at 0x0)
E/display ( 3672): invalid gralloc handle (at 0x0)
E/display ( 3672): invalid gralloc handle (at 0x0)
E/display ( 3672): invalid gralloc handle (at 0x0)
E/display ( 3672): invalid gralloc handle (at 0x0)
E/display ( 3672): invalid gralloc handle (at 0x0)
E/display ( 3672): invalid gralloc handle (at 0x0)
E/display ( 3672): invalid gralloc handle (at 0x0)
E/display ( 3672): invalid gralloc handle (at 0x0)
W/SurfaceFlinger( 3672): Ignoring duplicate VSYNC event from HWC (t=7430161583)
E/display ( 3672): invalid gralloc handle (at 0x0)
I/ServiceManager( 3685): Waiting for service batterystats...
E/memtrack( 3690): Couldn't load memtrack module (No such file or directory)
E/android.os.Debug( 3690): failed to load memtrack module: -2
E/display ( 3672): invalid gralloc handle (at 0x0)
E/display ( 3672): invalid gralloc handle (at 0x0)
E/display ( 3672): invalid gralloc handle (at 0x0)
E/display ( 3672): invalid gralloc handle (at 0x0)
I/SamplingProfilerIntegration( 3690): Profiling disabled.
D/Zygote  ( 3690): begin preload
E/display ( 3672): invalid gralloc handle (at 0x0)
I/Zygote  ( 3690): Preloading classes...
E/display ( 3672): invalid gralloc handle (at 0x0)
I/art     ( 3690): Explicit concurrent mark sweep GC freed 4379(640KB) AllocSpace objects, 0(0B) LOS objects, 41% free, 5MB/9MB, paused 93us total 16.885ms
I/art     ( 3690): Counter: 1
E/display ( 3672): invalid gralloc handle (at 0x0)
E/display ( 3672): invalid gralloc handle (at 0x0)
E/display ( 3672): invalid gralloc handle (at 0x0)
E/display ( 3672): invalid gralloc handle (at 0x0)
E/display ( 3672): invalid gralloc handle (at 0x0)
E/display ( 3672): invalid gralloc handle (at 0x0)
E/display ( 3672): invalid gralloc handle (at 0x0)
E/display ( 3672): invalid gralloc handle (at 0x0)
E/display ( 3672): invalid gralloc handle (at 0x0)
E/display ( 3672): invalid gralloc handle (at 0x0)
E/display ( 3672): invalid gralloc handle (at 0x0)
E/display ( 3672): invalid gralloc handle (at 0x0)
E/display ( 3672): invalid gralloc handle (at 0x0)
E/display ( 3672): invalid gralloc handle (at 0x0)
E/display ( 3672): invalid gralloc handle (at 0x0)
E/display ( 3672): invalid gralloc handle (at 0x0)
E/display ( 3672): invalid gralloc handle (at 0x0)
E/display ( 3672): invalid gralloc handle (at 0x0)
E/display ( 3672): invalid gralloc handle (at 0x0)
D/BootAnimation( 3857): Use save memory method, maybe small fps in actual.
E/display ( 3672): invalid gralloc handle (at 0x0)
I/ServiceManager( 3685): Waiting for service batterystats...
E/display ( 3672): invalid gralloc handle (at 0x0)
E/display ( 3672): invalid gralloc handle (at 0x0)
E/display ( 3672): invalid gralloc handle (at 0x0)
E/display ( 3672): invalid gralloc handle (at 0x0)
E/display ( 3672): invalid gralloc handle (at 0x0)
E/display ( 3672): invalid gralloc handle (at 0x0)
E/display ( 3672): invalid gralloc handle (at 0x0)
E/Minikin ( 3690): addFont failed to create font /system/fonts/NotoSansGujarati-Regular.ttf
E/Minikin ( 3690): addFont failed to create font /system/fonts/NotoSansGujarati-Bold.ttf
E/Minikin ( 3690): addFont failed to create font /system/fonts/NotoSansGujaratiUI-Regular.ttf
E/Minikin ( 3690): addFont failed to create font /system/fonts/NotoSansGujaratiUI-Bold.ttf
E/Minikin ( 3690): addFont failed to create font /system/fonts/NotoSansGurmukhi-Regular.ttf
E/Minikin ( 3690): addFont failed to create font /system/fonts/NotoSansGurmukhi-Bold.ttf
E/Minikin ( 3690): addFont failed to create font /system/fonts/NotoSansGurmukhiUI-Regular.ttf
E/Minikin ( 3690): addFont failed to create font /system/fonts/NotoSansGurmukhiUI-Bold.ttf
E/Minikin ( 3690): addFont failed to create font /system/fonts/NotoSansSinhala-Regular.ttf
E/Minikin ( 3690): addFont failed to create font /system/fonts/NotoSansSinhala-Bold.ttf
E/display ( 3672): invalid gralloc handle (at 0x0)
E/Minikin ( 3690): addFont failed to create font /system/fonts/NotoSansCherokee-Regular.ttf
E/Minikin ( 3690): addFont failed to create font /system/fonts/NotoSansCanadianAboriginal-Regular.ttf
E/Minikin ( 3690): addFont failed to create font /system/fonts/NotoSansYi-Regular.ttf
E/Minikin ( 3690): addFont failed to create font /system/fonts/NotoSansHans-Regular.otf
E/Minikin ( 3690): addFont failed to create font /system/fonts/NotoSansHant-Regular.otf
E/Minikin ( 3690): addFont failed to create font /system/fonts/NotoSansJP-Regular.otf
E/Minikin ( 3690): addFont failed to create font /system/fonts/NotoSansKR-Regular.otf
E/display ( 3672): invalid gralloc handle (at 0x0)
E/display ( 3672): invalid gralloc handle (at 0x0)
E/display ( 3672): invalid gralloc handle (at 0x0)
E/display ( 3672): invalid gralloc handle (at 0x0)
W/SurfaceFlinger( 3672): Ignoring duplicate VSYNC event from HWC (t=8930172833)
E/display ( 3672): invalid gralloc handle (at 0x0)
E/display ( 3672): invalid gralloc handle (at 0x0)
E/display ( 3672): invalid gralloc handle (at 0x0)
E/display ( 3672): invalid gralloc handle (at 0x0)
E/display ( 3672): invalid gralloc handle (at 0x0)
E/display ( 3672): invalid gralloc handle (at 0x0)
E/display ( 3672): invalid gralloc handle (at 0x0)
E/display ( 3672): invalid gralloc handle (at 0x0)
E/art     ( 3690): dlopen("/system/lib/libmedia_jni.so", RTLD_LAZY) failed: dlopen failed: cannot locate symbol "_ZN7android11MediaPlayer6resumeEv" referenced by "libmedia_jni.so"...
W/Zygote  ( 3690): Problem preloading android.media.AmrInputStream: java.lang.UnsatisfiedLinkError: dlopen failed: cannot locate symbol "_ZN7android11MediaPlayer6resumeEv" referenced by "libmedia_jni.so"...
E/display ( 3672): invalid gralloc handle (at 0x0)
E/art     ( 3690): dlopen("/system/lib/libmedia_jni.so", RTLD_LAZY) failed: dlopen failed: cannot locate symbol "_ZN7android11MediaPlayer6resumeEv" referenced by "libmedia_jni.so"...
W/Zygote  ( 3690): Problem preloading android.media.CamcorderProfile: java.lang.UnsatisfiedLinkError: dlopen failed: cannot locate symbol "_ZN7android11MediaPlayer6resumeEv" referenced by "libmedia_jni.so"...
E/art     ( 3690): dlopen("/system/lib/libmedia_jni.so", RTLD_LAZY) failed: dlopen failed: cannot locate symbol "_ZN7android11MediaPlayer6resumeEv" referenced by "libmedia_jni.so"...
W/Zygote  ( 3690): Problem preloading android.media.CameraProfile: java.lang.UnsatisfiedLinkError: dlopen failed: cannot locate symbol "_ZN7android11MediaPlayer6resumeEv" referenced by "libmedia_jni.so"...
E/art     ( 3690): dlopen("/system/lib/libmedia_jni.so", RTLD_LAZY) failed: dlopen failed: cannot locate symbol "_ZN7android11MediaPlayer6resumeEv" referenced by "libmedia_jni.so"...
W/Zygote  ( 3690): Problem preloading android.media.DecoderCapabilities: java.lang.UnsatisfiedLinkError: dlopen failed: cannot locate symbol "_ZN7android11MediaPlayer6resumeEv" referenced by "libmedia_jni.so"...
E/art     ( 3690): dlopen("/system/lib/libmedia_jni.so", RTLD_LAZY) failed: dlopen failed: cannot locate symbol "_ZN7android11MediaPlayer6resumeEv" referenced by "libmedia_jni.so"...
W/Zygote  ( 3690): Problem preloading android.media.EncoderCapabilities: java.lang.UnsatisfiedLinkError: dlopen failed: cannot locate symbol "_ZN7android11MediaPlayer6resumeEv" referenced by "libmedia_jni.so"...
E/art     ( 3690): dlopen("/system/lib/libmedia_jni.so", RTLD_LAZY) failed: dlopen failed: cannot locate symbol "_ZN7android11MediaPlayer6resumeEv" referenced by "libmedia_jni.so"...
W/Zygote  ( 3690): Problem preloading android.media.ImageReader: java.lang.UnsatisfiedLinkError: dlopen failed: cannot locate symbol "_ZN7android11MediaPlayer6resumeEv" referenced by "libmedia_jni.so"...
E/display ( 3672): invalid gralloc handle (at 0x0)
E/art     ( 3690): dlopen("/system/lib/libmedia_jni.so", RTLD_LAZY) failed: dlopen failed: cannot locate symbol "_ZN7android11MediaPlayer6resumeEv" referenced by "libmedia_jni.so"...
W/Zygote  ( 3690): Problem preloading android.media.MediaCodec: java.lang.UnsatisfiedLinkError: dlopen failed: cannot locate symbol "_ZN7android11MediaPlayer6resumeEv" referenced by "libmedia_jni.so"...
E/art     ( 3690): dlopen("/system/lib/libmedia_jni.so", RTLD_LAZY) failed: dlopen failed: cannot locate symbol "_ZN7android11MediaPlayer6resumeEv" referenced by "libmedia_jni.so"...
W/Zygote  ( 3690): Problem preloading android.media.MediaCodecList: java.lang.UnsatisfiedLinkError: dlopen failed: cannot locate symbol "_ZN7android11MediaPlayer6resumeEv" referenced by "libmedia_jni.so"...
E/art     ( 3690): dlopen("/system/lib/libmedia_jni.so", RTLD_LAZY) failed: dlopen failed: cannot locate symbol "_ZN7android11MediaPlayer6resumeEv" referenced by "libmedia_jni.so"...
W/Zygote  ( 3690): Problem preloading android.media.MediaCrypto: java.lang.UnsatisfiedLinkError: dlopen failed: cannot locate symbol "_ZN7android11MediaPlayer6resumeEv" referenced by "libmedia_jni.so"...
E/art     ( 3690): dlopen("/system/lib/libmedia_jni.so", RTLD_LAZY) failed: dlopen failed: cannot locate symbol "_ZN7android11MediaPlayer6resumeEv" referenced by "libmedia_jni.so"...
W/Zygote  ( 3690): Problem preloading android.media.MediaDrm: java.lang.UnsatisfiedLinkError: dlopen failed: cannot locate symbol "_ZN7android11MediaPlayer6resumeEv" referenced by "libmedia_jni.so"...
E/art     ( 3690): dlopen("/system/lib/libmedia_jni.so", RTLD_LAZY) failed: dlopen failed: cannot locate symbol "_ZN7android11MediaPlayer6resumeEv" referenced by "libmedia_jni.so"...
W/Zygote  ( 3690): Problem preloading android.media.MediaExtractor: java.lang.UnsatisfiedLinkError: dlopen failed: cannot locate symbol "_ZN7android11MediaPlayer6resumeEv" referenced by "libmedia_jni.so"...
E/art     ( 3690): dlopen("/system/lib/libmedia_jni.so", RTLD_LAZY) failed: dlopen failed: cannot locate symbol "_ZN7android11MediaPlayer6resumeEv" referenced by "libmedia_jni.so"...
W/Zygote  ( 3690): Problem preloading android.media.MediaHTTPConnection: java.lang.UnsatisfiedLinkError: dlopen failed: cannot locate symbol "_ZN7android11MediaPlayer6resumeEv" referenced by "libmedia_jni.so"...
E/art     ( 3690): dlopen("/system/lib/libmedia_jni.so", RTLD_LAZY) failed: dlopen failed: cannot locate symbol "_ZN7android11MediaPlayer6resumeEv" referenced by "libmedia_jni.so"...
W/Zygote  ( 3690): Problem preloading android.media.MediaMetadataRetriever: java.lang.UnsatisfiedLinkError: dlopen failed: cannot locate symbol "_ZN7android11MediaPlayer6resumeEv" referenced by "libmedia_jni.so"...
E/art     ( 3690): dlopen("/system/lib/libmedia_jni.so", RTLD_LAZY) failed: dlopen failed: cannot locate symbol "_ZN7android11MediaPlayer6resumeEv" referenced by "libmedia_jni.so"...
W/Zygote  ( 3690): Problem preloading android.media.MediaMuxer: java.lang.UnsatisfiedLinkError: dlopen failed: cannot locate symbol "_ZN7android11MediaPlayer6resumeEv" referenced by "libmedia_jni.so"...
E/display ( 3672): invalid gralloc handle (at 0x0)
E/art     ( 3690): dlopen("/system/lib/libmedia_jni.so", RTLD_LAZY) failed: dlopen failed: cannot locate symbol "_ZN7android11MediaPlayer6resumeEv" referenced by "libmedia_jni.so"...
W/Zygote  ( 3690): Problem preloading android.media.MediaPlayer: java.lang.UnsatisfiedLinkError: dlopen failed: cannot locate symbol "_ZN7android11MediaPlayer6resumeEv" referenced by "libmedia_jni.so"...
I/art     ( 3690): Rejecting re-init on previously-failed class java.lang.Class<android.media.CamcorderProfile>
E/art     ( 3690): dlopen("/system/lib/libmedia_jni.so", RTLD_LAZY) failed: dlopen failed: cannot locate symbol "_ZN7android11MediaPlayer6resumeEv" referenced by "libmedia_jni.so"...
W/Zygote  ( 3690): Problem preloading android.media.MediaRecorder: java.lang.UnsatisfiedLinkError: dlopen failed: cannot locate symbol "_ZN7android11MediaPlayer6resumeEv" referenced by "libmedia_jni.so"...
E/art     ( 3690): dlopen("/system/lib/libmedia_jni.so", RTLD_LAZY) failed: dlopen failed: cannot locate symbol "_ZN7android11MediaPlayer6resumeEv" referenced by "libmedia_jni.so"...
W/Zygote  ( 3690): Problem preloading android.media.MediaScanner: java.lang.UnsatisfiedLinkError: dlopen failed: cannot locate symbol "_ZN7android11MediaPlayer6resumeEv" referenced by "libmedia_jni.so"...
E/art     ( 3690): dlopen("/system/lib/libmedia_jni.so", RTLD_LAZY) failed: dlopen failed: cannot locate symbol "_ZN7android11MediaPlayer6resumeEv" referenced by "libmedia_jni.so"...
W/Zygote  ( 3690): Problem preloading android.media.ResampleInputStream: java.lang.UnsatisfiedLinkError: dlopen failed: cannot locate symbol "_ZN7android11MediaPlayer6resumeEv" referenced by "libmedia_jni.so"...
E/art     ( 3690): dlopen("/system/lib/libaudioeffect_jni.so", RTLD_LAZY) failed: dlopen failed: cannot locate symbol "_ZN7android10Visualizer21cancelCaptureCallBackEv" referenced by "libaudioeffect_jni.so"...
W/Zygote  ( 3690): Problem preloading android.media.audiofx.AudioEffect: java.lang.UnsatisfiedLinkError: dlopen failed: cannot locate symbol "_ZN7android10Visualizer21cancelCaptureCallBackEv" referenced by "libaudioeffect_jni.so"...
F/art     ( 3690): art/runtime/class_linker.cc:4450] Check failed: super_class->IsResolved() 
E/display ( 3672): invalid gralloc handle (at 0x0)
E/display ( 3672): invalid gralloc handle (at 0x0)
F/art     ( 3690): art/runtime/runtime.cc:284] Runtime aborting...
F/art     ( 3690): art/runtime/runtime.cc:284] Aborting thread:
F/art     ( 3690): art/runtime/runtime.cc:284] "main" prio=5 tid=1 Runnable
F/art     ( 3690): art/runtime/runtime.cc:284]   | group="" sCount=0 dsCount=0 obj=0x12f06500 self=0xb5007800
F/art     ( 3690): art/runtime/runtime.cc:284]   | sysTid=3690 nice=0 cgrp=default sched=0/0 handle=0xb6f2aec8
F/art     ( 3690): art/runtime/runtime.cc:284]   | state=R schedstat=( 3611711544 16877709 696 ) utm=316 stm=45 core=4 HZ=100
F/art     ( 3690): art/runtime/runtime.cc:284]   | stack=0xbe39e000-0xbe3a0000 stackSize=8MB
F/art     ( 3690): art/runtime/runtime.cc:284]   | held mutexes= "abort lock" "mutator lock"(shared held)
F/art     ( 3690): art/runtime/runtime.cc:284]   native: #00 pc 000045b4  /system/lib/libbacktrace_libc++.so (UnwindCurrent::Unwind(unsigned int, ucontext*)+23)
F/art     ( 3690): art/runtime/runtime.cc:284]   native: #01 pc 00002e1d  /system/lib/libbacktrace_libc++.so (Backtrace::Unwind(unsigned int, ucontext*)+8)
F/art     ( 3690): art/runtime/runtime.cc:284]   native: #02 pc 002516d5  /system/lib/libart.so (art::DumpNativeStack(std::__1::basic_ostream<char, std::__1::char_traits<char> >&, int, char const*, art::mirror::ArtMethod*)+84)
F/art     ( 3690): art/runtime/runtime.cc:284]   native: #03 pc 00235453  /system/lib/libart.so (art::Thread::Dump(std::__1::basic_ostream<char, std::__1::char_traits<char> >&) const+162)
F/art     ( 3690): art/runtime/runtime.cc:284]   native: #04 pc 00225111  /system/lib/libart.so (art::AbortState::DumpThread(std::__1::basic_ostream<char, std::__1::char_traits<char> >&, art::Thread*)+32)
F/art     ( 3690): art/runtime/runtime.cc:284]   native: #05 pc 0022537b  /system/lib/libart.so (art::AbortState::Dump(std::__1::basic_ostream<char, std::__1::char_traits<char> >&)+354)
F/art     ( 3690): art/runtime/runtime.cc:284]   native: #06 pc 00225573  /system/lib/libart.so (art::Runtime::Abort()+82)
F/art     ( 3690): art/runtime/runtime.cc:284]   native: #07 pc 000a6819  /system/lib/libart.so (art::LogMessage::~LogMessage()+1360)
F/art     ( 3690): art/runtime/runtime.cc:284]   native: #08 pc 000d88b5  /system/lib/libart.so (art::ClassLinker::LoadSuperAndInterfaces(art::Handle<art::mirror::Class>, art::DexFile const&)+712)
F/art     ( 3690): art/runtime/runtime.cc:284]   native: #09 pc 000d4303  /system/lib/libart.so (art::ClassLinker::DefineClass(char const*, art::Handle<art::mirror::ClassLoader>, art::DexFile const&, art::DexFile::ClassDef const&)+434)
F/art     ( 3690): art/runtime/runtime.cc:284]   native: #10 pc 000d4823  /system/lib/libart.so (art::ClassLinker::FindClassInPathClassLoader(art::ScopedObjectAccessAlreadyRunnable&, art::Thread*, char const*, art::Handle<art::mirror::ClassLoader>)+530)
F/art     ( 3690): art/runtime/runtime.cc:284]   native: #11 pc 000d4af7  /system/lib/libart.so (art::ClassLinker::FindClass(art::Thread*, char const*, art::Handle<art::mirror::ClassLoader>) (.part.401)+366)
F/art     ( 3690): art/runtime/runtime.cc:284]   native: #12 pc 00203567  /system/lib/libart.so (art::Class_classForName(_JNIEnv*, _jclass*, _jstring*, unsigned char, _jobject*)+194)
F/art     ( 3690): art/runtime/runtime.cc:284]   native: #13 pc 000a23b1  /system/lib/libart.so (art_quick_generic_jni_trampoline+32)
F/art     ( 3690): art/runtime/runtime.cc:284]   native: #14 pc 00002f04  /dev/ashmem/dalvik-non moving space (deleted) (???)
F/art     ( 3690): art/runtime/runtime.cc:284]   at java.lang.Class.classForName!(Native method)
F/art     ( 3690): art/runtime/runtime.cc:284]   at java.lang.Class.forName(Class.java:308)
F/art     ( 3690): art/runtime/runtime.cc:284]   at java.lang.Class.forName(Class.java:272)
F/art     ( 3690): art/runtime/runtime.cc:284]   at com.android.internal.os.ZygoteInit.preloadClasses(ZygoteInit.java:326)
F/art     ( 3690): art/runtime/runtime.cc:284]   at com.android.internal.os.ZygoteInit.preload(ZygoteInit.java:254)
F/art     ( 3690): art/runtime/runtime.cc:284]   at com.android.internal.os.ZygoteInit.main(ZygoteInit.java:670)
F/art     ( 3690): art/runtime/runtime.cc:284] Dumping all threads without appropriate locks held: thread list lock
F/art     ( 3690): art/runtime/runtime.cc:284] All threads:
F/art     ( 3690): art/runtime/runtime.cc:284] DALVIK THREADS (6):
F/art     ( 3690): art/runtime/runtime.cc:284] "main" prio=5 tid=1 Runnable
F/art     ( 3690): art/runtime/runtime.cc:284]   | group="" sCount=0 dsCount=0 obj=0x12f06500 self=0xb5007800
F/art     ( 3690): art/runtime/runtime.cc:284]   | sysTid=3690 nice=0 cgrp=default sched=0/0 handle=0xb6f2aec8
F/art     ( 3690): art/runtime/runtime.cc:284]   | state=R schedstat=( 3624172168 16877709 699 ) utm=316 stm=45 core=5 HZ=100
F/art     ( 3690): art/runtime/runtime.cc:284]   | stack=0xbe39e000-0xbe3a0000 stackSize=8MB
F/art     ( 3690): art/runtime/runtime.cc:284]   | held mutexes= "abort lock" "mutator lock"(shared held)
F/art     ( 3690): art/runtime/runtime.cc:284]   native: #00 pc 000045b4  /system/lib/libbacktrace_libc++.so (UnwindCurrent::Unwind(unsigned int, ucontext*)+23)
F/art     ( 3690): art/runtime/runtime.cc:284]   native: #01 pc 00002e1d  /system/lib/libbacktrace_libc++.so (Backtrace::Unwind(unsigned int, ucontext*)+8)
F/art     ( 3690): art/runtime/runtime.cc:284]   native: #02 pc 002516d5  /system/lib/libart.so (art::DumpNativeStack(std::__1::basic_ostream<char, std::__1::char_traits<char> >&, int, char const*, art::mirror::ArtMethod*)+84)
F/art     ( 3690): art/runtime/runtime.cc:284]   native: #03 pc 00235453  /system/lib/libart.so (art::Thread::Dump(std::__1::basic_ostream<char, std::__1::char_traits<char> >&) const+162)
F/art     ( 3690): art/runtime/runtime.cc:284]   native: #04 pc 0023e345  /system/lib/libart.so (art::ThreadList::DumpLocked(std::__1::basic_ostream<char, std::__1::char_traits<char> >&)+120)
F/art     ( 3690): art/runtime/runtime.cc:284]   native: #05 pc 00225329  /system/lib/libart.so (art::AbortState::Dump(std::__1::basic_ostream<char, std::__1::char_traits<char> >&)+272)
F/art     ( 3690): art/runtime/runtime.cc:284]   native: #06 pc 00225573  /system/lib/libart.so (art::Runtime::Abort()+82)
F/art     ( 3690): art/runtime/runtime.cc:284]   native: #07 pc 000a6819  /system/lib/libart.so (art::LogMessage::~LogMessage()+1360)
F/art     ( 3690): art/runtime/runtime.cc:284]   native: #08 pc 000d88b5  /system/lib/libart.so (art::ClassLinker::LoadSuperAndInterfaces(art::Handle<art::mirror::Class>, art::DexFile const&)+712)
F/art     ( 3690): art/runtime/runtime.cc:284]   native: #09 pc 000d4303  /system/lib/libart.so (art::ClassLinker::DefineClass(char const*, art::Handle<art::mirror::ClassLoader>, art::DexFile const&, art::DexFile::ClassDef const&)+434)
F/art     ( 3690): art/runtime/runtime.cc:284]   native: #10 pc 000d4823  /system/lib/libart.so (art::ClassLinker::FindClassInPathClassLoader(art::ScopedObjectAccessAlreadyRunnable&, art::Thread*, char const*, art::Handle<art::mirror::ClassLoader>)+530)
F/art     ( 3690): art/runtime/runtime.cc:284]   native: #11 pc 000d4af7  /system/lib/libart.so (art::ClassLinker::FindClass(art::Thread*, char const*, art::Handle<art::mirror::ClassLoader>) (.part.401)+366)
F/art     ( 3690): art/runtime/runtime.cc:284]   native: #12 pc 00203567  /system/lib/libart.so (art::Class_classForName(_JNIEnv*, _jclass*, _jstring*, unsigned char, _jobject*)+194)
F/art     ( 3690): art/runtime/runtime.cc:284]   native: #13 pc 000a23b1  /system/lib/libart.so (art_quick_generic_jni_trampoline+32)
F/art     ( 3690): art/runtime/runtime.cc:284]   native: #14 pc 00002f04  /dev/ashmem/dalvik-non moving space (deleted) (???)
F/art     ( 3690): art/runtime/runtime.cc:284]   at java.lang.Class.classForName!(Native method)
F/art     ( 3690): art/runtime/runtime.cc:284]   at java.lang.Class.forName(Class.java:308)
F/art     ( 3690): art/runtime/runtime.cc:284]   at java.lang.Class.forName(Class.java:272)
F/art     ( 3690): art/runtime/runtime.cc:284]   at com.android.internal.os.ZygoteInit.preloadClasses(ZygoteInit.java:326)
F/art     ( 3690): art/runtime/runtime.cc:284]   at com.android.internal.os.ZygoteInit.preload(ZygoteInit.java:254)
F/art     ( 3690): art/runtime/runtime.cc:284]   at com.android.internal.os.ZygoteInit.main(ZygoteInit.java:670)
F/art     ( 3690): art/runtime/runtime.cc:284] 
F/art     ( 3690): art/runtime/runtime.cc:284] "ReferenceQueueDaemon" prio=5 tid=2 Waiting
F/art     ( 3690): art/runtime/runtime.cc:284]   | group="" sCount=0 dsCount=0 obj=0x12f06860 self=0xb5008000
F/art     ( 3690): art/runtime/runtime.cc:284]   | sysTid=4039 nice=0 cgrp=default sched=0/0 handle=0xac721300
F/art     ( 3690): art/runtime/runtime.cc:284]   | state=S schedstat=( 11182331 83333 53 ) utm=0 stm=1 core=6 HZ=100
F/art     ( 3690): art/runtime/runtime.cc:284]   | stack=0xa9de5000-0xa9de7000 stackSize=1036KB
F/art     ( 3690): art/runtime/runtime.cc:284]   | held mutexes=
F/art     ( 3690): art/runtime/runtime.cc:284]   kernel: (couldn't read /proc/self/task/4039/stack)
F/art     ( 3690): art/runtime/runtime.cc:284]   native: #00 pc 00010114  /system/lib/libc.so (syscall+28)
F/art     ( 3690): art/runtime/runtime.cc:284]   native: #01 pc 000a9553  /system/lib/libart.so (art::ConditionVariable::Wait(art::Thread*)+98)
F/art     ( 3690): art/runtime/runtime.cc:284]   native: #02 pc 001f4c89  /system/lib/libart.so (art::Monitor::Wait(art::Thread*, long long, int, bool, art::ThreadState)+1036)
F/art     ( 3690): art/runtime/runtime.cc:284]   native: #03 pc 001f634d  /system/lib/libart.so (art::Monitor::Wait(art::Thread*, art::mirror::Object*, long long, int, bool, art::ThreadState)+136)
F/art     ( 3690): art/runtime/runtime.cc:284]   native: #04 pc 002038ad  /system/lib/libart.so (art::Object_wait(_JNIEnv*, _jobject*)+40)
F/art     ( 3690): art/runtime/runtime.cc:284]   native: #05 pc 000a23b1  /system/lib/libart.so (art_quick_generic_jni_trampoline+32)
F/art     ( 3690): art/runtime/runtime.cc:284]   native: #06 pc 001e499d  /system/lib/libart.so (art::mirror::ArtMethod::Invoke(art::Thread*, unsigned int*, unsigned int, art::JValue*, char const*)+152)
F/art     ( 3690): art/runtime/runtime.cc:284]   at java.lang.Object.wait!(Native method)
F/art     ( 3690): art/runtime/runtime.cc:284]   - waiting on <0x1e35db07> (a java.lang.Class<java.lang.ref.ReferenceQueue>)
F/art     ( 3690): art/runtime/runtime.cc:284]   at java.lang.Daemons$ReferenceQueueDaemon.run(Daemons.java:133)
F/art     ( 3690): art/runtime/runtime.cc:284]   - locked <0x1e35db07> (a java.lang.Class<java.lang.ref.ReferenceQueue>)
F/art     ( 3690): art/runtime/runtime.cc:284]   at java.lang.Thread.run(Thread.java:818)
F/art     ( 3690): art/runtime/runtime.cc:284] 
F/art     ( 3690): art/runtime/runtime.cc:284] "FinalizerDaemon" prio=5 tid=3 Waiting
F/art     ( 3690): art/runtime/runtime.cc:284]   | group="" sCount=0 dsCount=0 obj=0x12f06920 self=0xb5007c00
F/art     ( 3690): art/runtime/runtime.cc:284]   | sysTid=4040 nice=0 cgrp=default sched=0/0 handle=0xac721080
F/art     ( 3690): art/runtime/runtime.cc:284]   | state=S schedstat=( 12045417 89210 51 ) utm=0 stm=0 core=7 HZ=100
F/art     ( 3690): art/runtime/runtime.cc:284]   | stack=0xa9afe000-0xa9b00000 stackSize=1036KB
F/art     ( 3690): art/runtime/runtime.cc:284]   | held mutexes=
F/art     ( 3690): art/runtime/runtime.cc:284]   kernel: (couldn't read /proc/self/task/4040/stack)
F/art     ( 3690): art/runtime/runtime.cc:284]   native: #00 pc 00010114  /system/lib/libc.so (syscall+28)
F/art     ( 3690): art/runtime/runtime.cc:284]   native: #01 pc 000a9553  /system/lib/libart.so (art::ConditionVariable::Wait(art::Thread*)+98)
F/art     ( 3690): art/runtime/runtime.cc:284]   native: #02 pc 001f4c89  /system/lib/libart.so (art::Monitor::Wait(art::Thread*, long long, int, bool, art::ThreadState)+1036)
F/art     ( 3690): art/runtime/runtime.cc:284]   native: #03 pc 001f634d  /system/lib/libart.so (art::Monitor::Wait(art::Thread*, art::mirror::Object*, long long, int, bool, art::ThreadState)+136)
F/art     ( 3690): art/runtime/runtime.cc:284]   native: #04 pc 00203875  /system/lib/libart.so (art::Object_waitJI(_JNIEnv*, _jobject*, long long, int)+44)
F/art     ( 3690): art/runtime/runtime.cc:284]   native: #05 pc 000a23b1  /system/lib/libart.so (art_quick_generic_jni_trampoline+32)
F/art     ( 3690): art/runtime/runtime.cc:284]   native: #06 pc 00000934  /dev/ashmem/dalvik-non moving space (deleted) (???)
F/art     ( 3690): art/runtime/runtime.cc:284]   at java.lang.Object.wait!(Native method)
F/art     ( 3690): art/runtime/runtime.cc:284]   - waiting on <0x34149434> (a java.lang.ref.ReferenceQueue)
F/art     ( 3690): art/runtime/runtime.cc:284]   at java.lang.Object.wait(Object.java:422)
F/art     ( 3690): art/runtime/runtime.cc:284]   at java.lang.ref.ReferenceQueue.remove(ReferenceQueue.java:101)
F/art     ( 3690): art/runtime/runtime.cc:284]   - locked <0x34149434> (a java.lang.ref.ReferenceQueue)
F/art     ( 3690): art/runtime/runtime.cc:284]   at java.lang.ref.ReferenceQueue.remove(ReferenceQueue.java:72)
F/art     ( 3690): art/runtime/runtime.cc:284]   at java.lang.Daemons$FinalizerDaemon.run(Daemons.java:173)
F/art     ( 3690): art/runtime/runtime.cc:284]   at java.lang.Thread.run(Thread.java:818)
F/art     ( 3690): art/runtime/runtime.cc:284] 
F/art     ( 3690): art/runtime/runtime.cc:284] "FinalizerWatchdogDaemon" prio=5 tid=4 Sleeping
F/art     ( 3690): art/runtime/runtime.cc:284]   | group="" sCount=0 dsCount=0 obj=0x12f06980 self=0xb5008400
F/art     ( 3690): art/runtime/runtime.cc:284]   | sysTid=4041 nice=0 cgrp=default sched=0/0 handle=0xac721580
F/art     ( 3690): art/runtime/runtime.cc:284]   | state=S schedstat=( 1294874 76292 2 ) utm=0 stm=0 core=7 HZ=100
F/art     ( 3690): art/runtime/runtime.cc:284]   | stack=0xa97fe000-0xa9800000 stackSize=1036KB
F/art     ( 3690): art/runtime/runtime.cc:284]   | held mutexes=
F/art     ( 3690): art/runtime/runtime.cc:284]   kernel: (couldn't read /proc/self/task/4041/stack)
F/art     ( 3690): art/runtime/runtime.cc:284]   native: #00 pc 00010118  /system/lib/libc.so (syscall+32)
F/art     ( 3690): art/runtime/runtime.cc:284]   native: #01 pc 000a92df  /system/lib/libart.so (art::ConditionVariable::TimedWait(art::Thread*, long long, int)+118)
F/art     ( 3690): art/runtime/runtime.cc:284]   native: #02 pc 001f4a75  /system/lib/libart.so (art::Monitor::Wait(art::Thread*, long long, int, bool, art::ThreadState)+504)
F/art     ( 3690): art/runtime/runtime.cc:284]   native: #03 pc 001f634d  /system/lib/libart.so (art::Monitor::Wait(art::Thread*, art::mirror::Object*, long long, int, bool, art::ThreadState)+136)
F/art     ( 3690): art/runtime/runtime.cc:284]   native: #04 pc 000a23b1  /system/lib/libart.so (art_quick_generic_jni_trampoline+32)
F/art     ( 3690): art/runtime/runtime.cc:284]   native: #05 pc 00038154  /dev/ashmem/dalvik-non moving space (deleted) (???)
F/art     ( 3690): art/runtime/runtime.cc:284]   at java.lang.Thread.sleep!(Native method)
F/art     ( 3690): art/runtime/runtime.cc:284]   - sleeping on <0x0623225d> (a java.lang.Object)
F/art     ( 3690): art/runtime/runtime.cc:284]   at java.lang.Thread.sleep(Thread.java:1031)
F/art     ( 3690): art/runtime/runtime.cc:284]   - locked <0x0623225d> (a java.lang.Object)
F/art     ( 3690): art/runtime/runtime.cc:284]   at java.lang.Thread.sleep(Thread.java:985)
F/art     ( 3690): art/runtime/runtime.cc:284]   at java.lang.Daemons$FinalizerWatchdogDaemon.sleepFor(Daemons.java:257)
F/art     ( 3690): art/runtime/runtime.cc:284]   at java.lang.Daemons$FinalizerWatchdogDaemon.waitForFinalization(Daemons.java:268)
F/art     ( 3690): art/runtime/runtime.cc:284]   at java.lang.Daemons$FinalizerWatchdogDaemon.run(Daemons.java:216)
F/art     ( 3690): art/runtime/runtime.cc:284]   at java.lang.Thread.run(Thread.java:818)
F/art     ( 3690): art/runtime/runtime.cc:284] 
F/art     ( 3690): art/runtime/runtime.cc:284] "HeapTrimmerDaemon" prio=5 tid=5 Waiting
F/art     ( 3690): art/runtime/runtime.cc:284]   | group="" sCount=0 dsCount=0 obj=0x12f069e0 self=0xb5008800
F/art     ( 3690): art/runtime/runtime.cc:284]   | sysTid=4042 nice=0 cgrp=default sched=0/0 handle=0xac721800
F/art     ( 3690): art/runtime/runtime.cc:284]   | state=S schedstat=( 1164167 0 1 ) utm=0 stm=0 core=7 HZ=100
F/art     ( 3690): art/runtime/runtime.cc:284]   | stack=0xa94fe000-0xa9500000 stackSize=1036KB
F/art     ( 3690): art/runtime/runtime.cc:284]   | held mutexes=
F/art     ( 3690): art/runtime/runtime.cc:284]   kernel: (couldn't read /proc/self/task/4042/stack)
F/art     ( 3690): art/runtime/runtime.cc:284]   native: #00 pc 00010114  /system/lib/libc.so (syscall+28)
F/art     ( 3690): art/runtime/runtime.cc:284]   native: #01 pc 000a9553  /system/lib/libart.so (art::ConditionVariable::Wait(art::Thread*)+98)
F/art     ( 3690): art/runtime/runtime.cc:284]   native: #02 pc 001f4c89  /system/lib/libart.so (art::Monitor::Wait(art::Thread*, long long, int, bool, art::ThreadState)+1036)
F/art     ( 3690): art/runtime/runtime.cc:284]   native: #03 pc 001f634d  /system/lib/libart.so (art::Monitor::Wait(art::Thread*, art::mirror::Object*, long long, int, bool, art::ThreadState)+136)
F/art     ( 3690): art/runtime/runtime.cc:284]   native: #04 pc 002038ad  /system/lib/libart.so (art::Object_wait(_JNIEnv*, _jobject*)+40)
F/art     ( 3690): art/runtime/runtime.cc:284]   native: #05 pc 000a23b1  /system/lib/libart.so (art_quick_generic_jni_trampoline+32)
F/art     ( 3690): art/runtime/runtime.cc:284]   native: #06 pc 002024d4  /dev/ashmem/dalvik-classes.dex extracted in memory from /system/framework/core-libart.jar (deleted) (???)
F/art     ( 3690): art/runtime/runtime.cc:284]   at java.lang.Object.wait!(Native method)
F/art     ( 3690): art/runtime/runtime.cc:284]   - waiting on <0x025c27d2> (a java.lang.Daemons$HeapTrimmerDaemon)
F/art     ( 3690): art/runtime/runtime.cc:284]   at java.lang.Daemons$HeapTrimmerDaemon.run(Daemons.java:310)
F/art     ( 3690): art/runtime/runtime.cc:284]   - locked <0x025c27d2> (a java.lang.Daemons$HeapTrimmerDaemon)
F/art     ( 3690): art/runtime/runtime.cc:284]   at java.lang.Thread.run(Thread.java:818)
F/art     ( 3690): art/runtime/runtime.cc:284] 
F/art     ( 3690): art/runtime/runtime.cc:284] "GCDaemon" prio=5 tid=6 Waiting
F/art     ( 3690): art/runtime/runtime.cc:284]   | group="" sCount=0 dsCount=0 obj=0x12f06a40 self=0xb5008c00
F/art     ( 3690): art/runtime/runtime.cc:284]   | sysTid=4043 nice=0 cgrp=default sched=0/0 handle=0xac721a80
F/art     ( 3690): art/runtime/runtime.cc:284]   | state=S schedstat=( 26469001 186750 18 ) utm=2 stm=0 core=6 HZ=100
F/art     ( 3690): art/runtime/runtime.cc:284]   | stack=0xa91fe000-0xa9200000 stackSize=1036KB
F/art     ( 3690): art/runtime/runtime.cc:284]   | held mutexes=
F/art     ( 3690): art/runtime/runtime.cc:284]   kernel: (couldn't read /proc/self/task/4043/stack)
F/art     ( 3690): art/runtime/runtime.cc:284]   native: #00 pc 00010114  /system/lib/libc.so (syscall+28)
F/art     ( 3690): art/runtime/runtime.cc:284]   native: #01 pc 000a9553  /system/lib/libart.so (art::ConditionVariable::Wait(art::Thread*)+98)
F/art     ( 3690): art/runtime/runtime.cc:284]   native: #02 pc 001f4c89  /system/lib/libart.so (art::Monitor::Wait(art::Thread*, long long, int, bool, art::ThreadState)+1036)
F/art     ( 3690): art/runtime/runtime.cc:284]   native: #03 pc 001f634d  /system/lib/libart.so (art::Monitor::Wait(art::Thread*, art::mirror::Object*, long long, int, bool, art::ThreadState)+136)
F/art     ( 3690): art/runtime/runtime.cc:284]   native: #04 pc 002038ad  /system/lib/libart.so (art::Object_wait(_JNIEnv*, _jobject*)+40)
F/art     ( 3690): art/runtime/runtime.cc:284]   native: #05 pc 000a23b1  /system/lib/libart.so (art_quick_generic_jni_trampoline+32)
F/art     ( 3690): art/runtime/runtime.cc:284]   native: #06 pc 002024d4  /dev/ashmem/dalvik-classes.dex extracted in memory from /system/framework/core-libart.jar (deleted) (???)
F/art     ( 3690): art/runtime/runtime.cc:284]   at java.lang.Object.wait!(Native method)
F/art     ( 3690): art/runtime/runtime.cc:284]   - waiting on <0x33cb20a3> (a java.lang.Daemons$GCDaemon)
F/art     ( 3690): art/runtime/runtime.cc:284]   at java.lang.Daemons$GCDaemon.run(Daemons.java:341)
F/art     ( 3690): art/runtime/runtime.cc:284]   - locked <0x33cb20a3> (a java.lang.Daemons$GCDaemon)
F/art     ( 3690): art/runtime/runtime.cc:284]   at java.lang.Thread.run(Thread.java:818)
F/art     ( 3690): art/runtime/runtime.cc:284] 
F/art     ( 3690): art/runtime/runtime.cc:284] 
--------- beginning of crash
F/libc    ( 3690): Fatal signal 6 (SIGABRT), code -6 in tid 3690 (main)
I/libc    ( 3690): Suppressing debuggerd output because prctl(PR_GET_DUMPABLE)==0
E/display ( 3672): invalid gralloc handle (at 0x0)
I/ServiceManager( 3685): Waiting for service batterystats...
E/display ( 3672): invalid gralloc handle (at 0x0)
I/ServiceManager( 3669): service 'media.audio_flinger' died
I/Netd    ( 4048): Netd 1.0 starting
E/Netd    ( 4048): Failed to open /proc/sys/net/ipv6/conf/default/accept_ra_rt_table: No such file or directory
E/Netd    ( 4048): Failed to open /proc/sys/net/ipv6/conf/ip6tnl0/accept_ra_rt_table: No such file or directory
E/Netd    ( 4048): Failed to open /proc/sys/net/ipv6/conf/lo/accept_ra_rt_table: No such file or directory
E/Netd    ( 4048): Failed to open /proc/sys/net/ipv6/conf/rmnet0/accept_ra_rt_table: No such file or directory
E/Netd    ( 4048): Failed to open /proc/sys/net/ipv6/conf/rmnet1/accept_ra_rt_table: No such file or directory
E/Netd    ( 4048): Failed to open /proc/sys/net/ipv6/conf/rmnet2/accept_ra_rt_table: No such file or directory
E/Netd    ( 4048): Failed to open /proc/sys/net/ipv6/conf/rmnet3/accept_ra_rt_table: No such file or directory
E/Netd    ( 4048): Failed to open /proc/sys/net/ipv6/conf/sit0/accept_ra_rt_table: No such file or directory
E/display ( 3672): invalid gralloc handle (at 0x0)
E/display ( 3672): invalid gralloc handle (at 0x0)
D/AndroidRuntime( 4046): 
D/AndroidRuntime( 4046): >>>>>> AndroidRuntime START com.android.internal.os.ZygoteInit <<<<<<
D/AndroidRuntime( 4046): CheckJNI is OFF
