I/InstallerConnection( 4916): connecting...
I/installd( 3675): new connection
I/SystemServiceManager( 4916): Starting com.android.server.am.ActivityManagerService$Lifecycle
E/Sensors ( 4916): UncalMagneticSensor, ERROR dev_num = -19
E/Sensors ( 4916): UncalGyroSensor, ERROR dev_num = -19
E/Sensors ( 4916): GameRotationVector, ERROR dev_num = -19
D/Sensors ( 4916): HrmSpO2Sensor::HrmSpO2Sensor: Shared version Registered 
E/SensorService( 4916): >>>> WARNING <<< Upgrade sensor HAL to version 1_3
I/Sensors ( 4916): HrmSpO2Sensor::enable, handle(16), en(0), what(1/0:aosphrm,1:sshrm, old enabled : 0)
I/Sensors ( 4916): HrmSpO2Sensor is already disabled or have to keep enabled, mEnabled : 0x0, en : 0
I/Sensors ( 4916): HrmSpO2Sensor::enable, handle(17), en(0), what(0/0:aosphrm,1:sshrm, old enabled : 0)
I/Sensors ( 4916): HrmSpO2Sensor is already disabled or have to keep enabled, mEnabled : 0x0, en : 0
I/Sensors ( 4916): HrmSpO2Sensor::enable, handle(18), en(0), what(2/0:aosphrm,1:sshrm, old enabled : 0)
I/Sensors ( 4916): HrmSpO2Sensor is already disabled or have to keep enabled, mEnabled : 0x0, en : 0
I/        ( 4916): System server: sensor init done.
D/SensorService( 4916): nuSensorService thread starting...
D/SensorService( 4916): new thread SensorEventAckReceiver
I/ActivityManager( 4916): Memory class: 192
I/ServiceThread( 4916): Enabled StrictMode logging for ActivityManager looper.
V/NatController( 4749): runCmd(/system/bin/iptables -F natctrl_FORWARD) res=0
I/IntentFirewall( 4916): Read new rules (A:0 B:0 S:0)
V/NatController( 4749): runCmd(/system/bin/iptables -A natctrl_FORWARD -j DROP) res=0
V/NatController( 4749): runCmd(/system/bin/iptables -t nat -F natctrl_nat_POSTROUTING) res=0
I/ServiceThread( 4916): Enabled StrictMode logging for android.ui looper.
V/NatController( 4749): runCmd(/system/bin/iptables -t nat -F natctrl_nat_PREROUTING) res=0
I/ServiceThread( 4916): Enabled StrictMode logging for android.display looper.
D/AppOps  ( 4916): AppOpsService published
I/SystemServiceManager( 4916): Starting com.android.server.power.PowerManagerService
V/NatController( 4749): runCmd(/system/bin/iptables -F natctrl_tether_counters) res=0
I/ServiceThread( 4916): Enabled StrictMode logging for PowerManagerService looper.
E/Universal5422 PowerHAL( 4916): Error opening /sys/devices/system/cpu/cpufreq/interactive/timer_rate: No such file or directory
E/Universal5422 PowerHAL( 4916): Error opening /sys/devices/system/cpu/cpufreq/interactive/timer_slack: No such file or directory
E/Universal5422 PowerHAL( 4916): Error opening /sys/devices/system/cpu/cpufreq/interactive/min_sample_time: No such file or directory
E/Universal5422 PowerHAL( 4916): Error opening /sys/devices/system/cpu/cpufreq/interactive/hispeed_freq: No such file or directory
E/Universal5422 PowerHAL( 4916): Error opening /sys/devices/system/cpu/cpufreq/interactive/go_hispeed_load: No such file or directory
E/Universal5422 PowerHAL( 4916): Error opening /sys/devices/system/cpu/cpufreq/interactive/target_loads: No such file or directory
E/Universal5422 PowerHAL( 4916): Error opening /sys/devices/system/cpu/cpufreq/interactive/above_hispeed_delay: No such file or directory
E/Universal5422 PowerHAL( 4916): Error opening /sys/devices/system/cpu/cpufreq/interactive/boostpulse_duration: No such file or directory
E/Universal5422 PowerHAL( 4916): Error opening /sys/devices/system/cpu/cpufreq/interactive/io_is_busy: No such file or directory
W/libsuspend( 4916): Error writing 'on' to /sys/power/state: Invalid argument
I/libsuspend( 4916): Selected wakeup count
E/Universal5422 PowerHAL( 4916): Error opening /sys/class/input/input1/enabled: Permission denied
E/Universal5422 PowerHAL( 4916): Error opening /sys/class/input/input19/enabled: Permission denied
E/Universal5422 PowerHAL( 4916): Error opening /sys/class/input/input17/enabled: Permission denied
E/Universal5422 PowerHAL( 4916): Error opening /sys/class/input/input18/enabled: Permission denied
V/NatController( 4749): runCmd(/system/bin/iptables -X natctrl_tether_counters) res=0
I/SystemServiceManager( 4916): Starting com.android.server.display.DisplayManagerService
I/SystemServiceManager( 4916): Starting phase 100
I/DisplayManagerService( 4916): Display device added: DisplayDeviceInfo{"Pantalla integrada": 1080 x 1920, 60.000004 fps, supportedRefreshRates [60.000004], density 480, 422.03 x 424.069 dpi, appVsyncOff 0, presDeadline 17666666, touch INTERNAL, rotation 0, type BUILT_IN, state UNKNOWN, FLAG_DEFAULT_DISPLAY, FLAG_ROTATES_WITH_CONTENT, FLAG_SECURE, FLAG_SUPPORTS_PROTECTED_BUFFERS}
I/SystemServer( 4916): Package Manager
V/NatController( 4749): runCmd(/system/bin/iptables -N natctrl_tether_counters) res=0
V/NatController( 4749): runCmd(/system/bin/iptables -t mangle -A natctrl_mangle_FORWARD -p tcp --tcp-flags SYN SYN -j TCPMSS --clamp-mss-to-pmtu) res=0
W/SELinuxMMAC( 4916): Error opening /data/system/seapp_hash. Assuming first boot.
W/PackageManager( 4916): No security bridge jar found, using default
W/SystemConfig( 4916): No directory /system/etc/sysconfig, skipping
D/SELinuxMMAC( 4916): Using policy file /system/etc/security/mac_permissions.xml
E/art     ( 4916): DexFile_isDexOptNeeded file '/system/framework/com.android.nfc_extras.jar' does not exist
W/PackageManager( 4916): Library not found: /system/framework/com.android.nfc_extras.jar
E/SQLiteLog( 4916): (14) cannot open file at line 30046 of [9491ba7d73]
E/SQLiteLog( 4916): (14) os_unix.c:30046: (2) open(/data/data/com.android.providers.settings/databases/settings.db) - 
E/SQLiteDatabase( 4916): Failed to open database '/data/data/com.android.providers.settings/databases/settings.db'.
E/SQLiteDatabase( 4916): android.database.sqlite.SQLiteCantOpenDatabaseException: unknown error (code 14): Could not open database
E/SQLiteDatabase( 4916): 	at android.database.sqlite.SQLiteConnection.nativeOpen(Native Method)
E/SQLiteDatabase( 4916): 	at android.database.sqlite.SQLiteConnection.open(SQLiteConnection.java:209)
E/SQLiteDatabase( 4916): 	at android.database.sqlite.SQLiteConnection.open(SQLiteConnection.java:193)
E/SQLiteDatabase( 4916): 	at android.database.sqlite.SQLiteConnectionPool.openConnectionLocked(SQLiteConnectionPool.java:463)
E/SQLiteDatabase( 4916): 	at android.database.sqlite.SQLiteConnectionPool.open(SQLiteConnectionPool.java:185)
E/SQLiteDatabase( 4916): 	at android.database.sqlite.SQLiteConnectionPool.open(SQLiteConnectionPool.java:177)
E/SQLiteDatabase( 4916): 	at android.database.sqlite.SQLiteDatabase.openInner(SQLiteDatabase.java:806)
E/SQLiteDatabase( 4916): 	at android.database.sqlite.SQLiteDatabase.open(SQLiteDatabase.java:791)
E/SQLiteDatabase( 4916): 	at android.database.sqlite.SQLiteDatabase.openDatabase(SQLiteDatabase.java:694)
E/SQLiteDatabase( 4916): 	at android.database.sqlite.SQLiteDatabase.openDatabase(SQLiteDatabase.java:669)
E/SQLiteDatabase( 4916): 	at android.content.pm.ThemeUtils.getBootThemeDirty(ThemeUtils.java:697)
E/SQLiteDatabase( 4916): 	at com.android.server.pm.PackageManagerService.<init>(PackageManagerService.java:1654)
E/SQLiteDatabase( 4916): 	at com.android.server.pm.PackageManagerService.main(PackageManagerService.java:1352)
E/SQLiteDatabase( 4916): 	at com.android.server.SystemServer.startBootstrapServices(SystemServer.java:376)
E/SQLiteDatabase( 4916): 	at com.android.server.SystemServer.run(SystemServer.java:282)
E/SQLiteDatabase( 4916): 	at com.android.server.SystemServer.main(SystemServer.java:185)
E/SQLiteDatabase( 4916): 	at java.lang.reflect.Method.invoke(Native Method)
E/SQLiteDatabase( 4916): 	at java.lang.reflect.Method.invoke(Method.java:372)
E/SQLiteDatabase( 4916): 	at com.android.internal.os.ZygoteInit$MethodAndArgsCaller.run(ZygoteInit.java:898)
E/SQLiteDatabase( 4916): 	at com.android.internal.os.ZygoteInit.main(ZygoteInit.java:693)
W/ThemeUtils( 4916): Unable to open /data/data/com.android.providers.settings/databases/settings.db
W/ThemeUtils( 4916): android.database.sqlite.SQLiteCantOpenDatabaseException: unknown error (code 14): Could not open database
W/ThemeUtils( 4916): 	at android.database.sqlite.SQLiteConnection.nativeOpen(Native Method)
W/ThemeUtils( 4916): 	at android.database.sqlite.SQLiteConnection.open(SQLiteConnection.java:209)
W/ThemeUtils( 4916): 	at android.database.sqlite.SQLiteConnection.open(SQLiteConnection.java:193)
W/ThemeUtils( 4916): 	at android.database.sqlite.SQLiteConnectionPool.openConnectionLocked(SQLiteConnectionPool.java:463)
W/ThemeUtils( 4916): 	at android.database.sqlite.SQLiteConnectionPool.open(SQLiteConnectionPool.java:185)
W/ThemeUtils( 4916): 	at android.database.sqlite.SQLiteConnectionPool.open(SQLiteConnectionPool.java:177)
W/ThemeUtils( 4916): 	at android.database.sqlite.SQLiteDatabase.openInner(SQLiteDatabase.java:806)
W/ThemeUtils( 4916): 	at android.database.sqlite.SQLiteDatabase.open(SQLiteDatabase.java:791)
W/ThemeUtils( 4916): 	at android.database.sqlite.SQLiteDatabase.openDatabase(SQLiteDatabase.java:694)
W/ThemeUtils( 4916): 	at android.database.sqlite.SQLiteDatabase.openDatabase(SQLiteDatabase.java:669)
W/ThemeUtils( 4916): 	at android.content.pm.ThemeUtils.getBootThemeDirty(ThemeUtils.java:697)
W/ThemeUtils( 4916): 	at com.android.server.pm.PackageManagerService.<init>(PackageManagerService.java:1654)
W/ThemeUtils( 4916): 	at com.android.server.pm.PackageManagerService.main(PackageManagerService.java:1352)
W/ThemeUtils( 4916): 	at com.android.server.SystemServer.startBootstrapServices(SystemServer.java:376)
W/ThemeUtils( 4916): 	at com.android.server.SystemServer.run(SystemServer.java:282)
W/ThemeUtils( 4916): 	at com.android.server.SystemServer.main(SystemServer.java:185)
W/ThemeUtils( 4916): 	at java.lang.reflect.Method.invoke(Native Method)
W/ThemeUtils( 4916): 	at java.lang.reflect.Method.invoke(Method.java:372)
W/ThemeUtils( 4916): 	at com.android.internal.os.ZygoteInit$MethodAndArgsCaller.run(ZygoteInit.java:898)
W/ThemeUtils( 4916): 	at com.android.internal.os.ZygoteInit.main(ZygoteInit.java:693)
D/PackageManager( 4916): No files in app dir /vendor/overlay
I/PackageManager( 4916): /system/framework/framework-res.apk changed; collecting certs
I/iptables( 4749): iptables: Chain already exists.
I/iptables( 4749): iptables terminated by exit(1)
E/BandwidthController( 4749): runIptablesCmd(): res=1 status=256 failed /system/bin/iptables -N bw_VIDEOCALL
I/ip6tables( 4749): ip6tables: Chain already exists.
I/ip6tables( 4749): ip6tables terminated by exit(1)
E/BandwidthController( 4749): runIptablesCmd(): res=1 status=256 failed /system/bin/ip6tables -N bw_VIDEOCALL
I/PackageManager( 4916): SELinux relabeling of org.cyanogenmod.audiofx issued.
I/art     ( 4916): DexFile_isDexOptNeeded failed to open oat file '/data/dalvik-cache/arm/system@priv-app@AudioFX@AudioFX.apk@classes.dex' for file location '/system/priv-app/AudioFX/AudioFX.apk': Failed to open oat filename for reading: No such file or directory
I/art     ( 4916): DexFile_isDexOptNeeded failed to open oat file '/system/priv-app/AudioFX/arm/AudioFX.odex' for file location '/system/priv-app/AudioFX/AudioFX.apk': Failed to open oat filename for reading: No such file or directory
I/PackageManager( 4916): SELinux relabeling of com.android.backupconfirm issued.
I/art     ( 4916): DexFile_isDexOptNeeded failed to open oat file '/data/dalvik-cache/arm/system@priv-app@BackupRestoreConfirmation@BackupRestoreConfirmation.apk@classes.dex' for file location '/system/priv-app/BackupRestoreConfirmation/BackupRestoreConfirmation.apk': Failed to open oat filename for reading: No such file or directory
I/art     ( 4916): DexFile_isDexOptNeeded failed to open oat file '/system/priv-app/BackupRestoreConfirmation/arm/BackupRestoreConfirmation.odex' for file location '/system/priv-app/BackupRestoreConfirmation/BackupRestoreConfirmation.apk': Failed to open oat filename for reading: No such file or directory
I/PackageManager( 4916): SELinux relabeling of com.cyanogenmod.account issued.
I/art     ( 4916): DexFile_isDexOptNeeded failed to open oat file '/data/dalvik-cache/arm/system@priv-app@CMAccount@CMAccount.apk@classes.dex' for file location '/system/priv-app/CMAccount/CMAccount.apk': Failed to open oat filename for reading: No such file or directory
I/art     ( 4916): DexFile_isDexOptNeeded failed to open oat file '/system/priv-app/CMAccount/arm/CMAccount.odex' for file location '/system/priv-app/CMAccount/CMAccount.apk': Failed to open oat filename for reading: No such file or directory
I/PackageManager( 4916): SELinux relabeling of com.cyanogenmod.updater issued.
I/art     ( 4916): DexFile_isDexOptNeeded failed to open oat file '/data/dalvik-cache/arm/system@priv-app@CMUpdater@CMUpdater.apk@classes.dex' for file location '/system/priv-app/CMUpdater/CMUpdater.apk': Failed to open oat filename for reading: No such file or directory
I/art     ( 4916): DexFile_isDexOptNeeded failed to open oat file '/system/priv-app/CMUpdater/arm/CMUpdater.odex' for file location '/system/priv-app/CMUpdater/CMUpdater.apk': Failed to open oat filename for reading: No such file or directory
I/PackageManager( 4916): /system/priv-app/CalendarProvider changed; collecting certs
I/PackageManager( 4916): New shared user android.uid.calendar: id=10000
I/art     ( 4916): DexFile_isDexOptNeeded failed to open oat file '/data/dalvik-cache/arm/system@priv-app@CalendarProvider@CalendarProvider.apk@classes.dex' for file location '/system/priv-app/CalendarProvider/CalendarProvider.apk': Failed to open oat filename for reading: No such file or directory
I/art     ( 4916): DexFile_isDexOptNeeded failed to open oat file '/system/priv-app/CalendarProvider/arm/CalendarProvider.odex' for file location '/system/priv-app/CalendarProvider/CalendarProvider.apk': Failed to open oat filename for reading: No such file or directory
I/PackageManager( 4916): SELinux relabeling of com.android.cellbroadcastreceiver issued.
I/art     ( 4916): DexFile_isDexOptNeeded failed to open oat file '/data/dalvik-cache/arm/system@priv-app@CellBroadcastReceiver@CellBroadcastReceiver.apk@classes.dex' for file location '/system/priv-app/CellBroadcastReceiver/CellBroadcastReceiver.apk': Failed to open oat filename for reading: No such file or directory
I/art     ( 4916): DexFile_isDexOptNeeded failed to open oat file '/system/priv-app/CellBroadcastReceiver/arm/CellBroadcastReceiver.odex' for file location '/system/priv-app/CellBroadcastReceiver/CellBroadcastReceiver.apk': Failed to open oat filename for reading: No such file or directory
W/ResourceType( 4916): Failure getting entry for 0x7f0b023e (t=10 e=574) (error -75)
W/PackageParser( 4916): No actions in intent filter at /system/priv-app/Contacts/Contacts.apk Binary XML file line #362
I/PackageManager( 4916): /system/priv-app/Contacts changed; collecting certs
D/MDnsDS  ( 4749): MDnsSdListener::Hander starting up
D/MDnsDS  ( 4749): MDnsSdListener starting to monitor
D/MDnsDS  ( 4749): Going to poll with pollCount 1
I/PackageManager( 4916): New shared user android.uid.shared: id=10002
I/art     ( 4916): DexFile_isDexOptNeeded failed to open oat file '/data/dalvik-cache/arm/system@priv-app@Contacts@Contacts.apk@classes.dex' for file location '/system/priv-app/Contacts/Contacts.apk': Failed to open oat filename for reading: No such file or directory
I/art     ( 4916): DexFile_isDexOptNeeded failed to open oat file '/system/priv-app/Contacts/arm/Contacts.odex' for file location '/system/priv-app/Contacts/Contacts.apk': Failed to open oat filename for reading: No such file or directory
I/PackageManager( 4916): /system/priv-app/ContactsProvider changed; collecting certs
I/art     ( 4916): DexFile_isDexOptNeeded failed to open oat file '/data/dalvik-cache/arm/system@priv-app@ContactsProvider@ContactsProvider.apk@classes.dex' for file location '/system/priv-app/ContactsProvider/ContactsProvider.apk': Failed to open oat filename for reading: No such file or directory
I/art     ( 4916): DexFile_isDexOptNeeded failed to open oat file '/system/priv-app/ContactsProvider/arm/ContactsProvider.odex' for file location '/system/priv-app/ContactsProvider/ContactsProvider.apk': Failed to open oat filename for reading: No such file or directory
I/PackageManager( 4916): /system/priv-app/CyanogenSetupWizard changed; collecting certs
I/art     ( 4916): DexFile_isDexOptNeeded failed to open oat file '/data/dalvik-cache/arm/system@priv-app@CyanogenSetupWizard@CyanogenSetupWizard.apk@classes.dex' for file location '/system/priv-app/CyanogenSetupWizard/CyanogenSetupWizard.apk': Failed to open oat filename for reading: No such file or directory
I/art     ( 4916): DexFile_isDexOptNeeded failed to open oat file '/system/priv-app/CyanogenSetupWizard/arm/CyanogenSetupWizard.odex' for file location '/system/priv-app/CyanogenSetupWizard/CyanogenSetupWizard.apk': Failed to open oat filename for reading: No such file or directory
W/PackageManager( 4916): New decl Package{22925375 com.cyanogenmod.setupwizard} of permission  org.whispersystems.whisperpush.permissions.REGISTER is system; overriding org.whispersystems.whisperpush
I/PackageManager( 4916): SELinux relabeling of com.android.defcontainer issued.
I/art     ( 4916): DexFile_isDexOptNeeded failed to open oat file '/data/dalvik-cache/arm/system@priv-app@DefaultContainerService@DefaultContainerService.apk@classes.dex' for file location '/system/priv-app/DefaultContainerService/DefaultContainerService.apk': Failed to open oat filename for reading: No such file or directory
I/art     ( 4916): DexFile_isDexOptNeeded failed to open oat file '/system/priv-app/DefaultContainerService/arm/DefaultContainerService.odex' for file location '/system/priv-app/DefaultContainerService/DefaultContainerService.apk': Failed to open oat filename for reading: No such file or directory
W/PackageParser( 4916): No actions in intent filter at /system/priv-app/Dialer/Dialer.apk Binary XML file line #185
I/PackageManager( 4916): SELinux relabeling of com.android.dialer issued.
I/art     ( 4916): DexFile_isDexOptNeeded failed to open oat file '/data/dalvik-cache/arm/system@priv-app@Dialer@Dialer.apk@classes.dex' for file location '/system/priv-app/Dialer/Dialer.apk': Failed to open oat filename for reading: No such file or directory
I/art     ( 4916): DexFile_isDexOptNeeded failed to open oat file '/system/priv-app/Dialer/arm/Dialer.odex' for file location '/system/priv-app/Dialer/Dialer.apk': Failed to open oat filename for reading: No such file or directory
I/PackageManager( 4916): /system/priv-app/DownloadProvider changed; collecting certs
I/PackageManager( 4916): New shared user android.media: id=10003
I/art     ( 4916): DexFile_isDexOptNeeded failed to open oat file '/data/dalvik-cache/arm/system@priv-app@DownloadProvider@DownloadProvider.apk@classes.dex' for file location '/system/priv-app/DownloadProvider/DownloadProvider.apk': Failed to open oat filename for reading: No such file or directory
I/art     ( 4916): DexFile_isDexOptNeeded failed to open oat file '/system/priv-app/DownloadProvider/arm/DownloadProvider.odex' for file location '/system/priv-app/DownloadProvider/DownloadProvider.apk': Failed to open oat filename for reading: No such file or directory
I/PackageManager( 4916): SELinux relabeling of com.android.externalstorage issued.
I/art     ( 4916): DexFile_isDexOptNeeded failed to open oat file '/data/dalvik-cache/arm/system@priv-app@ExternalStorageProvider@ExternalStorageProvider.apk@classes.dex' for file location '/system/priv-app/ExternalStorageProvider/ExternalStorageProvider.apk': Failed to open oat filename for reading: No such file or directory
I/art     ( 4916): DexFile_isDexOptNeeded failed to open oat file '/system/priv-app/ExternalStorageProvider/arm/ExternalStorageProvider.odex' for file location '/system/priv-app/ExternalStorageProvider/ExternalStorageProvider.apk': Failed to open oat filename for reading: No such file or directory
I/PackageManager( 4916): /system/priv-app/FusedLocation changed; collecting certs
I/art     ( 4916): DexFile_isDexOptNeeded failed to open oat file '/data/dalvik-cache/arm/system@priv-app@FusedLocation@FusedLocation.apk@classes.dex' for file location '/system/priv-app/FusedLocation/FusedLocation.apk': Failed to open oat filename for reading: No such file or directory
I/art     ( 4916): DexFile_isDexOptNeeded failed to open oat file '/system/priv-app/FusedLocation/arm/FusedLocation.odex' for file location '/system/priv-app/FusedLocation/FusedLocation.apk': Failed to open oat filename for reading: No such file or directory
I/PackageManager( 4916): /system/priv-app/InputDevices changed; collecting certs
I/art     ( 4916): DexFile_isDexOptNeeded failed to open oat file '/data/dalvik-cache/arm/system@priv-app@InputDevices@InputDevices.apk@classes.dex' for file location '/system/priv-app/InputDevices/InputDevices.apk': Failed to open oat filename for reading: No such file or directory
I/art     ( 4916): DexFile_isDexOptNeeded failed to open oat file '/system/priv-app/InputDevices/arm/InputDevices.odex' for file location '/system/priv-app/InputDevices/InputDevices.apk': Failed to open oat filename for reading: No such file or directory
I/PackageManager( 4916): SELinux relabeling of com.android.managedprovisioning issued.
I/art     ( 4916): DexFile_isDexOptNeeded failed to open oat file '/data/dalvik-cache/arm/system@priv-app@ManagedProvisioning@ManagedProvisioning.apk@classes.dex' for file location '/system/priv-app/ManagedProvisioning/ManagedProvisioning.apk': Failed to open oat filename for reading: No such file or directory
I/art     ( 4916): DexFile_isDexOptNeeded failed to open oat file '/system/priv-app/ManagedProvisioning/arm/ManagedProvisioning.odex' for file location '/system/priv-app/ManagedProvisioning/ManagedProvisioning.apk': Failed to open oat filename for reading: No such file or directory
I/PackageManager( 4916): /system/priv-app/MediaProvider changed; collecting certs
I/art     ( 4916): DexFile_isDexOptNeeded failed to open oat file '/data/dalvik-cache/arm/system@priv-app@MediaProvider@MediaProvider.apk@classes.dex' for file location '/system/priv-app/MediaProvider/MediaProvider.apk': Failed to open oat filename for reading: No such file or directory
I/art     ( 4916): DexFile_isDexOptNeeded failed to open oat file '/system/priv-app/MediaProvider/arm/MediaProvider.odex' for file location '/system/priv-app/MediaProvider/MediaProvider.apk': Failed to open oat filename for reading: No such file or directory
I/PackageManager( 4916): SELinux relabeling of com.android.mms issued.
I/art     ( 4916): DexFile_isDexOptNeeded failed to open oat file '/data/dalvik-cache/arm/system@priv-app@Mms@Mms.apk@classes.dex' for file location '/system/priv-app/Mms/Mms.apk': Failed to open oat filename for reading: No such file or directory
I/art     ( 4916): DexFile_isDexOptNeeded failed to open oat file '/system/priv-app/Mms/arm/Mms.odex' for file location '/system/priv-app/Mms/Mms.apk': Failed to open oat filename for reading: No such file or directory
I/PackageManager( 4916): /system/priv-app/MmsService changed; collecting certs
I/art     ( 4916): DexFile_isDexOptNeeded failed to open oat file '/data/dalvik-cache/arm/system@priv-app@MmsService@MmsService.apk@classes.dex' for file location '/system/priv-app/MmsService/MmsService.apk': Failed to open oat filename for reading: No such file or directory
I/art     ( 4916): DexFile_isDexOptNeeded failed to open oat file '/system/priv-app/MmsService/arm/MmsService.odex' for file location '/system/priv-app/MmsService/MmsService.apk': Failed to open oat filename for reading: No such file or directory
I/PackageManager( 4916): SELinux relabeling of com.android.onetimeinitializer issued.
I/art     ( 4916): DexFile_isDexOptNeeded failed to open oat file '/data/dalvik-cache/arm/system@priv-app@OneTimeInitializer@OneTimeInitializer.apk@classes.dex' for file location '/system/priv-app/OneTimeInitializer/OneTimeInitializer.apk': Failed to open oat filename for reading: No such file or directory
I/art     ( 4916): DexFile_isDexOptNeeded failed to open oat file '/system/priv-app/OneTimeInitializer/arm/OneTimeInitializer.odex' for file location '/system/priv-app/OneTimeInitializer/OneTimeInitializer.apk': Failed to open oat filename for reading: No such file or directory
I/PackageManager( 4916): SELinux relabeling of com.android.proxyhandler issued.
I/art     ( 4916): DexFile_isDexOptNeeded failed to open oat file '/data/dalvik-cache/arm/system@priv-app@ProxyHandler@ProxyHandler.apk@classes.dex' for file location '/system/priv-app/ProxyHandler/ProxyHandler.apk': Failed to open oat filename for reading: No such file or directory
I/art     ( 4916): DexFile_isDexOptNeeded failed to open oat file '/system/priv-app/ProxyHandler/arm/ProxyHandler.odex' for file location '/system/priv-app/ProxyHandler/ProxyHandler.apk': Failed to open oat filename for reading: No such file or directory
I/PackageManager( 4916): /system/priv-app/Settings changed; collecting certs
I/art     ( 4916): DexFile_isDexOptNeeded failed to open oat file '/data/dalvik-cache/arm/system@priv-app@Settings@Settings.apk@classes.dex' for file location '/system/priv-app/Settings/Settings.apk': Failed to open oat filename for reading: No such file or directory
I/art     ( 4916): DexFile_isDexOptNeeded failed to open oat file '/system/priv-app/Settings/arm/Settings.odex' for file location '/system/priv-app/Settings/Settings.apk': Failed to open oat filename for reading: No such file or directory
I/PackageManager( 4916): /system/priv-app/SettingsProvider changed; collecting certs
I/art     ( 4916): DexFile_isDexOptNeeded failed to open oat file '/data/dalvik-cache/arm/system@priv-app@SettingsProvider@SettingsProvider.apk@classes.dex' for file location '/system/priv-app/SettingsProvider/SettingsProvider.apk': Failed to open oat filename for reading: No such file or directory
I/art     ( 4916): DexFile_isDexOptNeeded failed to open oat file '/system/priv-app/SettingsProvider/arm/SettingsProvider.odex' for file location '/system/priv-app/SettingsProvider/SettingsProvider.apk': Failed to open oat filename for reading: No such file or directory
I/PackageManager( 4916): SELinux relabeling of com.android.sharedstoragebackup issued.
I/art     ( 4916): DexFile_isDexOptNeeded failed to open oat file '/data/dalvik-cache/arm/system@priv-app@SharedStorageBackup@SharedStorageBackup.apk@classes.dex' for file location '/system/priv-app/SharedStorageBackup/SharedStorageBackup.apk': Failed to open oat filename for reading: No such file or directory
I/art     ( 4916): DexFile_isDexOptNeeded failed to open oat file '/system/priv-app/SharedStorageBackup/arm/SharedStorageBackup.odex' for file location '/system/priv-app/SharedStorageBackup/SharedStorageBackup.apk': Failed to open oat filename for reading: No such file or directory
I/PackageManager( 4916): /system/priv-app/Shell changed; collecting certs
I/art     ( 4916): DexFile_isDexOptNeeded failed to open oat file '/data/dalvik-cache/arm/system@priv-app@Shell@Shell.apk@classes.dex' for file location '/system/priv-app/Shell/Shell.apk': Failed to open oat filename for reading: No such file or directory
I/art     ( 4916): DexFile_isDexOptNeeded failed to open oat file '/system/priv-app/Shell/arm/Shell.odex' for file location '/system/priv-app/Shell/Shell.apk': Failed to open oat filename for reading: No such file or directory
I/PackageManager( 4916): /system/priv-app/SystemUI changed; collecting certs
I/PackageManager( 4916): New shared user android.uid.systemui: id=10004
I/art     ( 4916): DexFile_isDexOptNeeded failed to open oat file '/data/dalvik-cache/arm/system@priv-app@SystemUI@SystemUI.apk@classes.dex' for file location '/system/priv-app/SystemUI/SystemUI.apk': Failed to open oat filename for reading: No such file or directory
I/art     ( 4916): DexFile_isDexOptNeeded failed to open oat file '/system/priv-app/SystemUI/arm/SystemUI.odex' for file location '/system/priv-app/SystemUI/SystemUI.apk': Failed to open oat filename for reading: No such file or directory
I/PackageManager( 4916): /system/priv-app/TeleService changed; collecting certs
I/art     ( 4916): DexFile_isDexOptNeeded failed to open oat file '/data/dalvik-cache/arm/system@priv-app@TeleService@TeleService.apk@classes.dex' for file location '/system/priv-app/TeleService/TeleService.apk': Failed to open oat filename for reading: No such file or directory
I/art     ( 4916): DexFile_isDexOptNeeded failed to open oat file '/system/priv-app/TeleService/arm/TeleService.odex' for file location '/system/priv-app/TeleService/TeleService.apk': Failed to open oat filename for reading: No such file or directory
I/PackageManager( 4916): /system/priv-app/Telecom changed; collecting certs
I/art     ( 4916): DexFile_isDexOptNeeded failed to open oat file '/data/dalvik-cache/arm/system@priv-app@Telecom@Telecom.apk@classes.dex' for file location '/system/priv-app/Telecom/Telecom.apk': Failed to open oat filename for reading: No such file or directory
I/art     ( 4916): DexFile_isDexOptNeeded failed to open oat file '/system/priv-app/Telecom/arm/Telecom.odex' for file location '/system/priv-app/Telecom/Telecom.apk': Failed to open oat filename for reading: No such file or directory
I/PackageManager( 4916): /system/priv-app/TelephonyProvider changed; collecting certs
I/art     ( 4916): DexFile_isDexOptNeeded failed to open oat file '/data/dalvik-cache/arm/system@priv-app@TelephonyProvider@TelephonyProvider.apk@classes.dex' for file location '/system/priv-app/TelephonyProvider/TelephonyProvider.apk': Failed to open oat filename for reading: No such file or directory
I/art     ( 4916): DexFile_isDexOptNeeded failed to open oat file '/system/priv-app/TelephonyProvider/arm/TelephonyProvider.odex' for file location '/system/priv-app/TelephonyProvider/TelephonyProvider.apk': Failed to open oat filename for reading: No such file or directory
I/PackageManager( 4916): SELinux relabeling of org.cyanogenmod.theme.chooser issued.
I/art     ( 4916): DexFile_isDexOptNeeded failed to open oat file '/data/dalvik-cache/arm/system@priv-app@ThemeChooser@ThemeChooser.apk@classes.dex' for file location '/system/priv-app/ThemeChooser/ThemeChooser.apk': Failed to open oat filename for reading: No such file or directory
I/art     ( 4916): DexFile_isDexOptNeeded failed to open oat file '/system/priv-app/ThemeChooser/arm/ThemeChooser.odex' for file location '/system/priv-app/ThemeChooser/ThemeChooser.apk': Failed to open oat filename for reading: No such file or directory
I/PackageManager( 4916): SELinux relabeling of org.cyanogenmod.themes.provider issued.
I/art     ( 4916): DexFile_isDexOptNeeded failed to open oat file '/data/dalvik-cache/arm/system@priv-app@ThemesProvider@ThemesProvider.apk@classes.dex' for file location '/system/priv-app/ThemesProvider/ThemesProvider.apk': Failed to open oat filename for reading: No such file or directory
I/art     ( 4916): DexFile_isDexOptNeeded failed to open oat file '/system/priv-app/ThemesProvider/arm/ThemesProvider.odex' for file location '/system/priv-app/ThemesProvider/ThemesProvider.apk': Failed to open oat filename for reading: No such file or directory
I/PackageManager( 4916): SELinux relabeling of com.cyanogenmod.trebuchet issued.
I/art     ( 4916): DexFile_isDexOptNeeded failed to open oat file '/data/dalvik-cache/arm/system@priv-app@Trebuchet@Trebuchet.apk@classes.dex' for file location '/system/priv-app/Trebuchet/Trebuchet.apk': Failed to open oat filename for reading: No such file or directory
I/art     ( 4916): DexFile_isDexOptNeeded failed to open oat file '/system/priv-app/Trebuchet/arm/Trebuchet.odex' for file location '/system/priv-app/Trebuchet/Trebuchet.apk': Failed to open oat filename for reading: No such file or directory
I/PackageManager( 4916): SELinux relabeling of com.android.vpndialogs issued.
I/art     ( 4916): DexFile_isDexOptNeeded failed to open oat file '/data/dalvik-cache/arm/system@priv-app@VpnDialogs@VpnDialogs.apk@classes.dex' for file location '/system/priv-app/VpnDialogs/VpnDialogs.apk': Failed to open oat filename for reading: No such file or directory
I/art     ( 4916): DexFile_isDexOptNeeded failed to open oat file '/system/priv-app/VpnDialogs/arm/VpnDialogs.odex' for file location '/system/priv-app/VpnDialogs/VpnDialogs.apk': Failed to open oat filename for reading: No such file or directory
I/PackageManager( 4916): SELinux relabeling of com.android.wallpapercropper issued.
I/art     ( 4916): DexFile_isDexOptNeeded failed to open oat file '/data/dalvik-cache/arm/system@priv-app@WallpaperCropper@WallpaperCropper.apk@classes.dex' for file location '/system/priv-app/WallpaperCropper/WallpaperCropper.apk': Failed to open oat filename for reading: No such file or directory
I/art     ( 4916): DexFile_isDexOptNeeded failed to open oat file '/system/priv-app/WallpaperCropper/arm/WallpaperCropper.odex' for file location '/system/priv-app/WallpaperCropper/WallpaperCropper.apk': Failed to open oat filename for reading: No such file or directory
I/PackageManager( 4916): SELinux relabeling of com.android.dreams.basic issued.
I/art     ( 4916): DexFile_isDexOptNeeded failed to open oat file '/data/dalvik-cache/arm/system@app@BasicDreams@BasicDreams.apk@classes.dex' for file location '/system/app/BasicDreams/BasicDreams.apk': Failed to open oat filename for reading: No such file or directory
I/art     ( 4916): DexFile_isDexOptNeeded failed to open oat file '/system/app/BasicDreams/arm/BasicDreams.odex' for file location '/system/app/BasicDreams/BasicDreams.apk': Failed to open oat filename for reading: No such file or directory
W/PackageParser( 4916): No actions in intent filter at /system/app/Bluetooth/Bluetooth.apk Binary XML file line #229
I/PackageManager( 4916): /system/app/Bluetooth changed; collecting certs
I/art     ( 4916): DexFile_isDexOptNeeded failed to open oat file '/data/dalvik-cache/arm/system@app@Bluetooth@Bluetooth.apk@classes.dex' for file location '/system/app/Bluetooth/Bluetooth.apk': Failed to open oat filename for reading: No such file or directory
I/art     ( 4916): DexFile_isDexOptNeeded failed to open oat file '/system/app/Bluetooth/arm/Bluetooth.odex' for file location '/system/app/Bluetooth/Bluetooth.apk': Failed to open oat filename for reading: No such file or directory
I/PackageManager( 4916): SELinux relabeling of com.android.browser issued.
I/art     ( 4916): DexFile_isDexOptNeeded failed to open oat file '/data/dalvik-cache/arm/system@app@Browser@Browser.apk@classes.dex' for file location '/system/app/Browser/Browser.apk': Failed to open oat filename for reading: No such file or directory
I/art     ( 4916): DexFile_isDexOptNeeded failed to open oat file '/system/app/Browser/arm/Browser.odex' for file location '/system/app/Browser/Browser.apk': Failed to open oat filename for reading: No such file or directory
W/PackageParser( 4916): No actions in intent filter at /system/app/CMFileManager/CMFileManager.apk Binary XML file line #155
I/PackageManager( 4916): SELinux relabeling of com.cyanogenmod.filemanager issued.
I/art     ( 4916): DexFile_isDexOptNeeded failed to open oat file '/data/dalvik-cache/arm/system@app@CMFileManager@CMFileManager.apk@classes.dex' for file location '/system/app/CMFileManager/CMFileManager.apk': Failed to open oat filename for reading: No such file or directory
I/art     ( 4916): DexFile_isDexOptNeeded failed to open oat file '/system/app/CMFileManager/arm/CMFileManager.odex' for file location '/system/app/CMFileManager/CMFileManager.apk': Failed to open oat filename for reading: No such file or directory
I/PackageManager( 4916): SELinux relabeling of com.cyanogenmod.wallpapers issued.
I/art     ( 4916): DexFile_isDexOptNeeded failed to open oat file '/data/dalvik-cache/arm/system@app@CMWallpapers@CMWallpapers.apk@classes.dex' for file location '/system/app/CMWallpapers/CMWallpapers.apk': Failed to open oat filename for reading: No such file or directory
I/art     ( 4916): DexFile_isDexOptNeeded failed to open oat file '/system/app/CMWallpapers/arm/CMWallpapers.odex' for file location '/system/app/CMWallpapers/CMWallpapers.apk': Failed to open oat filename for reading: No such file or directory
I/PackageManager( 4916): SELinux relabeling of com.android.calculator2 issued.
I/art     ( 4916): DexFile_isDexOptNeeded failed to open oat file '/data/dalvik-cache/arm/system@app@Calculator@Calculator.apk@classes.dex' for file location '/system/app/Calculator/Calculator.apk': Failed to open oat filename for reading: No such file or directory
I/art     ( 4916): DexFile_isDexOptNeeded failed to open oat file '/system/app/Calculator/arm/Calculator.odex' for file location '/system/app/Calculator/Calculator.apk': Failed to open oat filename for reading: No such file or directory
I/PackageManager( 4916): SELinux relabeling of com.android.calendar issued.
I/art     ( 4916): DexFile_isDexOptNeeded failed to open oat file '/data/dalvik-cache/arm/system@app@Calendar@Calendar.apk@classes.dex' for file location '/system/app/Calendar/Calendar.apk': Failed to open oat filename for reading: No such file or directory
I/art     ( 4916): DexFile_isDexOptNeeded failed to open oat file '/system/app/Calendar/arm/Calendar.odex' for file location '/system/app/Calendar/Calendar.apk': Failed to open oat filename for reading: No such file or directory
I/PackageManager( 4916): SELinux relabeling of com.android.camera2 issued.
I/art     ( 4916): DexFile_isDexOptNeeded failed to open oat file '/data/dalvik-cache/arm/system@app@Camera2@Camera2.apk@classes.dex' for file location '/system/app/Camera2/Camera2.apk': Failed to open oat filename for reading: No such file or directory
I/art     ( 4916): DexFile_isDexOptNeeded failed to open oat file '/system/app/Camera2/arm/Camera2.odex' for file location '/system/app/Camera2/Camera2.apk': Failed to open oat filename for reading: No such file or directory
I/PackageManager( 4916): SELinux relabeling of com.android.captiveportallogin issued.
I/art     ( 4916): DexFile_isDexOptNeeded failed to open oat file '/data/dalvik-cache/arm/system@app@CaptivePortalLogin@CaptivePortalLogin.apk@classes.dex' for file location '/system/app/CaptivePortalLogin/CaptivePortalLogin.apk': Failed to open oat filename for reading: No such file or directory
I/art     ( 4916): DexFile_isDexOptNeeded failed to open oat file '/system/app/CaptivePortalLogin/arm/CaptivePortalLogin.odex' for file location '/system/app/CaptivePortalLogin/CaptivePortalLogin.apk': Failed to open oat filename for reading: No such file or directory
I/PackageManager( 4916): SELinux relabeling of com.android.certinstaller issued.
I/art     ( 4916): DexFile_isDexOptNeeded failed to open oat file '/data/dalvik-cache/arm/system@app@CertInstaller@CertInstaller.apk@classes.dex' for file location '/system/app/CertInstaller/CertInstaller.apk': Failed to open oat filename for reading: No such file or directory
I/art     ( 4916): DexFile_isDexOptNeeded failed to open oat file '/system/app/CertInstaller/arm/CertInstaller.odex' for file location '/system/app/CertInstaller/CertInstaller.apk': Failed to open oat filename for reading: No such file or directory
I/PackageManager( 4916): SELinux relabeling of com.android.deskclock issued.
I/art     ( 4916): DexFile_isDexOptNeeded failed to open oat file '/data/dalvik-cache/arm/system@app@DeskClock@DeskClock.apk@classes.dex' for file location '/system/app/DeskClock/DeskClock.apk': Failed to open oat filename for reading: No such file or directory
I/art     ( 4916): DexFile_isDexOptNeeded failed to open oat file '/system/app/DeskClock/arm/DeskClock.odex' for file location '/system/app/DeskClock/DeskClock.apk': Failed to open oat filename for reading: No such file or directory
I/PackageManager( 4916): /system/app/Development changed; collecting certs
I/art     ( 4916): DexFile_isDexOptNeeded failed to open oat file '/data/dalvik-cache/arm/system@app@Development@Development.apk@classes.dex' for file location '/system/app/Development/Development.apk': Failed to open oat filename for reading: No such file or directory
I/art     ( 4916): DexFile_isDexOptNeeded failed to open oat file '/system/app/Development/arm/Development.odex' for file location '/system/app/Development/Development.apk': Failed to open oat filename for reading: No such file or directory
I/PackageManager( 4916): SELinux relabeling of com.android.documentsui issued.
I/art     ( 4916): DexFile_isDexOptNeeded failed to open oat file '/data/dalvik-cache/arm/system@app@DocumentsUI@DocumentsUI.apk@classes.dex' for file location '/system/app/DocumentsUI/DocumentsUI.apk': Failed to open oat filename for reading: No such file or directory
I/art     ( 4916): DexFile_isDexOptNeeded failed to open oat file '/system/app/DocumentsUI/arm/DocumentsUI.odex' for file location '/system/app/DocumentsUI/DocumentsUI.apk': Failed to open oat filename for reading: No such file or directory
I/PackageManager( 4916): /system/app/DownloadProviderUi changed; collecting certs
I/art     ( 4916): DexFile_isDexOptNeeded failed to open oat file '/data/dalvik-cache/arm/system@app@DownloadProviderUi@DownloadProviderUi.apk@classes.dex' for file location '/system/app/DownloadProviderUi/DownloadProviderUi.apk': Failed to open oat filename for reading: No such file or directory
I/art     ( 4916): DexFile_isDexOptNeeded failed to open oat file '/system/app/DownloadProviderUi/arm/DownloadProviderUi.odex' for file location '/system/app/DownloadProviderUi/DownloadProviderUi.apk': Failed to open oat filename for reading: No such file or directory
I/PackageManager( 4916): SELinux relabeling of com.cyanogenmod.eleven issued.
I/art     ( 4916): DexFile_isDexOptNeeded failed to open oat file '/data/dalvik-cache/arm/system@app@Eleven@Eleven.apk@classes.dex' for file location '/system/app/Eleven/Eleven.apk': Failed to open oat filename for reading: No such file or directory
I/art     ( 4916): DexFile_isDexOptNeeded failed to open oat file '/system/app/Eleven/arm/Eleven.odex' for file location '/system/app/Eleven/Eleven.apk': Failed to open oat filename for reading: No such file or directory
I/PackageManager( 4916): SELinux relabeling of com.android.email issued.
I/art     ( 4916): DexFile_isDexOptNeeded failed to open oat file '/data/dalvik-cache/arm/system@app@Email@Email.apk@classes.dex' for file location '/system/app/Email/Email.apk': Failed to open oat filename for reading: No such file or directory
I/art     ( 4916): DexFile_isDexOptNeeded failed to open oat file '/system/app/Email/arm/Email.odex' for file location '/system/app/Email/Email.apk': Failed to open oat filename for reading: No such file or directory
I/PackageManager( 4916): SELinux relabeling of com.android.exchange issued.
I/art     ( 4916): DexFile_isDexOptNeeded failed to open oat file '/data/dalvik-cache/arm/system@app@Exchange2@Exchange2.apk@classes.dex' for file location '/system/app/Exchange2/Exchange2.apk': Failed to open oat filename for reading: No such file or directory
I/art     ( 4916): DexFile_isDexOptNeeded failed to open oat file '/system/app/Exchange2/arm/Exchange2.odex' for file location '/system/app/Exchange2/Exchange2.apk': Failed to open oat filename for reading: No such file or directory
I/PackageManager( 4916): SELinux relabeling of com.android.galaxy4 issued.
I/art     ( 4916): DexFile_isDexOptNeeded failed to open oat file '/data/dalvik-cache/arm/system@app@Galaxy4@Galaxy4.apk@classes.dex' for file location '/system/app/Galaxy4/Galaxy4.apk': Failed to open oat filename for reading: No such file or directory
I/art     ( 4916): DexFile_isDexOptNeeded failed to open oat file '/system/app/Galaxy4/arm/Galaxy4.odex' for file location '/system/app/Galaxy4/Galaxy4.apk': Failed to open oat filename for reading: No such file or directory
W/PackageParser( 4916): Unknown element under <application>: permission at /system/app/Gallery2/Gallery2.apk Binary XML file line #273
W/PackageParser( 4916): Unknown element under <application>: permission at /system/app/Gallery2/Gallery2.apk Binary XML file line #276
I/PackageManager( 4916): SELinux relabeling of com.android.gallery3d issued.
I/art     ( 4916): DexFile_isDexOptNeeded failed to open oat file '/data/dalvik-cache/arm/system@app@Gallery2@Gallery2.apk@classes.dex' for file location '/system/app/Gallery2/Gallery2.apk': Failed to open oat filename for reading: No such file or directory
I/art     ( 4916): DexFile_isDexOptNeeded failed to open oat file '/system/app/Gallery2/arm/Gallery2.odex' for file location '/system/app/Gallery2/Gallery2.apk': Failed to open oat filename for reading: No such file or directory
I/PackageManager( 4916): SELinux relabeling of com.android.htmlviewer issued.
I/art     ( 4916): DexFile_isDexOptNeeded failed to open oat file '/data/dalvik-cache/arm/system@app@HTMLViewer@HTMLViewer.apk@classes.dex' for file location '/system/app/HTMLViewer/HTMLViewer.apk': Failed to open oat filename for reading: No such file or directory
I/art     ( 4916): DexFile_isDexOptNeeded failed to open oat file '/system/app/HTMLViewer/arm/HTMLViewer.odex' for file location '/system/app/HTMLViewer/HTMLViewer.apk': Failed to open oat filename for reading: No such file or directory
I/PackageManager( 4916): SELinux relabeling of com.android.wallpaper.holospiral issued.
I/art     ( 4916): DexFile_isDexOptNeeded failed to open oat file '/data/dalvik-cache/arm/system@app@HoloSpiralWallpaper@HoloSpiralWallpaper.apk@classes.dex' for file location '/system/app/HoloSpiralWallpaper/HoloSpiralWallpaper.apk': Failed to open oat filename for reading: No such file or directory
I/art     ( 4916): DexFile_isDexOptNeeded failed to open oat file '/system/app/HoloSpiralWallpaper/arm/HoloSpiralWallpaper.odex' for file location '/system/app/HoloSpiralWallpaper/HoloSpiralWallpaper.apk': Failed to open oat filename for reading: No such file or directory
I/PackageManager( 4916): SELinux relabeling of com.android.incallui issued.
I/PackageManager( 4916): /system/app/KeyChain changed; collecting certs
I/art     ( 4916): DexFile_isDexOptNeeded failed to open oat file '/data/dalvik-cache/arm/system@app@KeyChain@KeyChain.apk@classes.dex' for file location '/system/app/KeyChain/KeyChain.apk': Failed to open oat filename for reading: No such file or directory
I/art     ( 4916): DexFile_isDexOptNeeded failed to open oat file '/system/app/KeyChain/arm/KeyChain.odex' for file location '/system/app/KeyChain/KeyChain.apk': Failed to open oat filename for reading: No such file or directory
I/PackageManager( 4916): SELinux relabeling of com.android.inputmethod.latin issued.
I/art     ( 4916): DexFile_isDexOptNeeded failed to open oat file '/data/dalvik-cache/arm/system@app@LatinIME@LatinIME.apk@classes.dex' for file location '/system/app/LatinIME/LatinIME.apk': Failed to open oat filename for reading: No such file or directory
I/art     ( 4916): DexFile_isDexOptNeeded failed to open oat file '/system/app/LatinIME/arm/LatinIME.odex' for file location '/system/app/LatinIME/LatinIME.apk': Failed to open oat filename for reading: No such file or directory
I/PackageManager( 4916): SELinux relabeling of com.android.wallpaper issued.
I/art     ( 4916): DexFile_isDexOptNeeded failed to open oat file '/data/dalvik-cache/arm/system@app@LiveWallpapers@LiveWallpapers.apk@classes.dex' for file location '/system/app/LiveWallpapers/LiveWallpapers.apk': Failed to open oat filename for reading: No such file or directory
I/art     ( 4916): DexFile_isDexOptNeeded failed to open oat file '/system/app/LiveWallpapers/arm/LiveWallpapers.odex' for file location '/system/app/LiveWallpapers/LiveWallpapers.apk': Failed to open oat filename for reading: No such file or directory
I/PackageManager( 4916): SELinux relabeling of com.android.wallpaper.livepicker issued.
I/art     ( 4916): DexFile_isDexOptNeeded failed to open oat file '/data/dalvik-cache/arm/system@app@LiveWallpapersPicker@LiveWallpapersPicker.apk@classes.dex' for file location '/system/app/LiveWallpapersPicker/LiveWallpapersPicker.apk': Failed to open oat filename for reading: No such file or directory
I/art     ( 4916): DexFile_isDexOptNeeded failed to open oat file '/system/app/LiveWallpapersPicker/arm/LiveWallpapersPicker.odex' for file location '/system/app/LiveWallpapersPicker/LiveWallpapersPicker.apk': Failed to open oat filename for reading: No such file or directory
I/PackageManager( 4916): SELinux relabeling of com.cyanogenmod.lockclock issued.
I/art     ( 4916): DexFile_isDexOptNeeded failed to open oat file '/data/dalvik-cache/arm/system@app@LockClock@LockClock.apk@classes.dex' for file location '/system/app/LockClock/LockClock.apk': Failed to open oat filename for reading: No such file or directory
I/art     ( 4916): DexFile_isDexOptNeeded failed to open oat file '/system/app/LockClock/arm/LockClock.odex' for file location '/system/app/LockClock/LockClock.apk': Failed to open oat filename for reading: No such file or directory
I/PackageManager( 4916): SELinux relabeling of com.android.noisefield issued.
I/art     ( 4916): DexFile_isDexOptNeeded failed to open oat file '/data/dalvik-cache/arm/system@app@NoiseField@NoiseField.apk@classes.dex' for file location '/system/app/NoiseField/NoiseField.apk': Failed to open oat filename for reading: No such file or directory
I/art     ( 4916): DexFile_isDexOptNeeded failed to open oat file '/system/app/NoiseField/arm/NoiseField.odex' for file location '/system/app/NoiseField/NoiseField.apk': Failed to open oat filename for reading: No such file or directory
I/PackageManager( 4916): SELinux relabeling of com.android.pacprocessor issued.
I/art     ( 4916): DexFile_isDexOptNeeded failed to open oat file '/data/dalvik-cache/arm/system@app@PacProcessor@PacProcessor.apk@classes.dex' for file location '/system/app/PacProcessor/PacProcessor.apk': Failed to open oat filename for reading: No such file or directory
I/art     ( 4916): DexFile_isDexOptNeeded failed to open oat file '/system/app/PacProcessor/arm/PacProcessor.odex' for file location '/system/app/PacProcessor/PacProcessor.apk': Failed to open oat filename for reading: No such file or directory
