D/CellBroadcastConfigService( 5798): disabling cell broadcast CMAS test messages
D/IccSmsInterfaceManager( 4801): [IccSmsInterfaceManager] Failed to remove cell broadcast subscription for MID range 4380 to 4382 from client com.android.cellbroadcastreceiver
I/art     ( 4136): Explicit concurrent mark sweep GC freed 1369(84KB) AllocSpace objects, 3(220KB) LOS objects, 33% free, 22MB/34MB, paused 1.482ms total 34.859ms
D/AlarmManagerService( 4136): Kernel timezone updated to 180 minutes west of GMT
D/KeyguardUpdateMonitor( 4311): ACTION_SERVICE_STATE_CHANGED on sub: 1 mServiceState: 0 0 home PERSONAL AR TP 72234  UMTS UMTS CSS not supported -1 -1 RoamInd=-1 DefRoamInd=-1 EmergOnly=false
D/CellBroadcastReceiver( 5798): onReceive Intent { act=android.intent.action.SERVICE_STATE flg=0x10 cmp=com.android.cellbroadcastreceiver/.CellBroadcastReceiver (has extras) }
D/CellBroadcastReceiver( 5798): Intent ACTION_SERVICE_STATE_CHANGED
D/CellBroadcastReceiver( 5798): Service state changed! 0 Full: 0 0 home PERSONAL AR TP 72234  UMTS UMTS CSS not supported -1 -1 RoamInd=-1 DefRoamInd=-1 EmergOnly=false Current state=-1
D/CellBroadcastConfigService( 5798): enabling emergency cell broadcast channels
D/TelephonyProvider( 4801): subIdString = 1 subId = 1
E/SQLiteLog( 5470): (284) automatic index on view_events(_id)
D/TelephonyProvider( 4801): subIdString = 1 subId = 1
D/CellBroadcastConfigService( 5798): enabled emergency cell broadcast channels
D/CellBroadcastConfigService( 5798): disabling cell broadcast channel 50
D/IccSmsInterfaceManager( 4801): [IccSmsInterfaceManager] Failed to remove cell broadcast subscription for MID range 50 to 50 from client com.android.cellbroadcastreceiver
D/CellBroadcastConfigService( 5798): disabling channels 919-928
D/IccSmsInterfaceManager( 4801): [IccSmsInterfaceManager] Failed to remove cell broadcast subscription for MID range 919 to 928 from client com.android.cellbroadcastreceiver
D/CellBroadcastConfigService( 5798): disabling cell broadcast ETWS test messages
D/IccSmsInterfaceManager( 4801): [IccSmsInterfaceManager] Failed to remove cell broadcast subscription for MID range 4355 to 4355 from client com.android.cellbroadcastreceiver
D/CellBroadcastConfigService( 5798): disabling cell broadcast CMAS test messages
D/IccSmsInterfaceManager( 4801): [IccSmsInterfaceManager] Failed to remove cell broadcast subscription for MID range 4380 to 4382 from client com.android.cellbroadcastreceiver
E/WhisperPush( 5774): GcmRecurringRegistration
E/WhisperPush( 5774): java.io.IOException: SERVICE_NOT_AVAILABLE
E/WhisperPush( 5774): 	at com.google.android.gms.gcm.GoogleCloudMessaging.register(Unknown Source)
E/WhisperPush( 5774): 	at org.whispersystems.whisperpush.gcm.GcmHelper.getRegistrationId(GcmHelper.java:65)
E/WhisperPush( 5774): 	at org.whispersystems.whisperpush.WhisperPush$1.doInBackground(WhisperPush.java:52)
E/WhisperPush( 5774): 	at org.whispersystems.whisperpush.WhisperPush$1.doInBackground(WhisperPush.java:48)
E/WhisperPush( 5774): 	at android.os.AsyncTask$2.call(AsyncTask.java:288)
E/WhisperPush( 5774): 	at java.util.concurrent.FutureTask.run(FutureTask.java:237)
E/WhisperPush( 5774): 	at android.os.AsyncTask$SerialExecutor$1.run(AsyncTask.java:231)
E/WhisperPush( 5774): 	at java.util.concurrent.ThreadPoolExecutor.runWorker(ThreadPoolExecutor.java:1112)
E/WhisperPush( 5774): 	at java.util.concurrent.ThreadPoolExecutor$Worker.run(ThreadPoolExecutor.java:587)
E/WhisperPush( 5774): 	at java.lang.Thread.run(Thread.java:818)
I/GlobalDismissManager( 5693): no sender configured
D/AlertService( 5693): Beginning updateAlertNotification
D/AlertService( 5693): No fired or scheduled alerts
D/AlertService( 5693): Scheduling next alarm with AlarmScheduler. sEventReminderReceived: null
D/AlarmScheduler( 5693): No events found starting within 1 week.
I/PowerManagerService( 4136): Going to sleep due to screen timeout (uid 1000)...
I/Sensors ( 4136): Acc old sensor_state 1, new sensor_state : 0 en : 0
I/PowerManagerService( 4136): Sleeping (uid 1000)...
D/PhoneStatusBar( 4311): disable: < expand ICONS alerts SYSTEM_INFO back HOME RECENT clock SEARCH >
I/WifiNative-HAL( 4136): startHal
E/wifi    ( 4136): getStaticLongField sWifiHalHandle 0x9e2eb87c
D/wifi    ( 4136): halHandle = 0x0, mVM = 0xb505c280, mCls = 0x20110e
I/WifiNative-HAL( 4136): Could not start hal
I/WifiNative-HAL( 4136): startHal
E/wifi    ( 4136): getStaticLongField sWifiHalHandle 0x9e2eb87c
D/wifi    ( 4136): halHandle = 0x0, mVM = 0xb505c280, mCls = 0x201102
I/WifiNative-HAL( 4136): Could not start hal
D/ConnectivityService( 4136): setProvNotificationVisible: E visible=false networkType=0 action=com.android.internal.telephony.PROVISION0
D/ConnectivityService( 4136): setProvNotificationVisibleIntent: E visible=false networkType=0 extraInfo=null
W/SurfaceFlinger( 3688): Ignoring duplicate VSYNC event from HWC (t=29455133044)
D/ConnectivityService( 4136): registerNetworkAgent NetworkAgentInfo{ ni{[type: MOBILE[UMTS], state: CONNECTED/CONNECTED, reason: connected, extra: datos.personal.com, roaming: false, failover: false, isAvailable: true, isConnectedToProvisioningNetwork: false]}  network{null}  lp{{InterfaceName: rmnet0 LinkAddresses: [100.88.115.189/32,]  Routes: [0.0.0.0/0 -> 100.88.115.189 rmnet0,] DnsAddresses: [190.136.29.10,200.43.139.38,] Domains: null MTU: 1500 TcpBufferSizes: 4094,87380,110208,4096,16384,110208}}  nc{[ Transports: CELLULAR Capabilities: SUPL&INTERNET&NOT_RESTRICTED&TRUSTED&NOT_VPN LinkUpBandwidth>=384Kbps LinkDnBandwidth>=384Kbps Specifier: <1>]}  Score{10} validated{false} created{false} explicitlySelected{false} }
D/ConnectivityService( 4136): NetworkAgentInfo [MOBILE (UMTS) - 100] EVENT_NETWORK_INFO_CHANGED, going from null to CONNECTED
E/Netd    ( 3684): invalid netId 100
E/ConnectivityService( 4136): Error creating network 100: command '19 network create 100' failed with '400 19 createPhysicalNetwork() failed (Invalid argument)'
D/SurfaceFlinger( 3688): Set power mode=0, type=0 flinger=0xb6a62000
I/DisplayManagerService( 4136): Display device changed: DisplayDeviceInfo{"Pantalla integrada": 1080 x 1920, 60.000004 fps, supportedRefreshRates [60.000004], density 480, 422.03 x 424.069 dpi, appVsyncOff 0, presDeadline 17666666, touch INTERNAL, rotation 0, type BUILT_IN, state OFF, FLAG_DEFAULT_DISPLAY, FLAG_ROTATES_WITH_CONTENT, FLAG_SECURE, FLAG_SUPPORTS_PROTECTED_BUFFERS}
V/ActivityManager( 4136): Display changed displayId=0
D/SurfaceControl( 4136): Excessive delay in setPowerMode(): 183ms
E/libsuspend( 4136): Error writing to /sys/power/state: Device or resource busy
I/ActivityManager( 4136): Waited long enough for: ServiceRecord{13873b9a u0 com.cyanogenmod.eleven/.MusicPlaybackService}
E/libsuspend( 4136): Error writing to /sys/power/state: Device or resource busy
I/ActivityManager( 4136): Waited long enough for: ServiceRecord{123d8526 u0 com.android.calendar/.alerts.InitAlarmsService}
V/BlacklistProvider( 4801): Query uri=content://blacklist/bynumber/813, match=2
V/Mms     ( 5575): onStart: #1 resultCode: -1 = Activity.RESULT_OK
V/BlacklistProvider( 4801): Query uri=content://blacklist/bynumber/813, match=2
D/Mms     ( 5575): cancelNotification
E/SQLiteLog( 4648): (284) automatic index on sqlite_sq_A262EE70(STAT_DATA_ID)
E/SQLiteLog( 4648): (284) automatic index on sqlite_sq_A262E560(STAT_DATA_ID)
I/art     ( 4801): Explicit concurrent mark sweep GC freed 71463(6MB) AllocSpace objects, 10(160KB) LOS objects, 40% free, 17MB/29MB, paused 1.964ms total 68.836ms
D/MmsSmsProvider( 4801): getSingleAddressId: insert new canonical_address for xxxxxx, _id=2
D/MmsSmsProvider( 4801): getThreadId: create new thread_id for recipients xxxxxxxx
D/MmsSmsProvider( 4801): insertThread: created new thread_id 2 for recipientIds xxxxxxx
D/Mms     ( 5575): cancelNotification
D/Mms     ( 5575): handleSmsReceived messageUri: content://sms/5 threadId: 2
I/System.out( 5575): URI content://mms-sms/conversations/type
D/Mms     ( 5575): updateNotification: new message, adding sound to the notification
W/ActivityManager( 4136): getTasks: caller 10012 is using old GET_TASKS but privileged; allowing
D/Mms     ( 5575): checkIsFullScreenMode: the top activity is: com.android.launcher3.Launcher
I/ValidateNoPeople( 4136): Validating: 0|com.android.mms|123|null|10012
I/ValidateNoPeople( 4136): Executing: validation for: 0|com.android.mms|123|null|10012
D/lights  ( 4136): set_light_leds 0xc88b8b 500 2000
E/ExtMediaPlayer-JNI( 4311): QCMediaPlayer could not be located....
E/MediaPlayer-JNI( 4311): QCMediaPlayer mediaplayer NOT present
D/WVMDrmPlugIn( 3690): WVMDrmPlugin::onInitialize : 5543
D/WVMDrmPlugIn( 3690): WVMDrmPlugin::onSetOnInfoListener : add 5543
D/WVMDrmPlugIn( 3690): WVMDrmPlugin::onTerminate : 5543
I/FFmpegExtractor( 3691): android-source:0xb5406060
I/FFMPEG  ( 3691): Input #0, ogg, from 'android-source:0xb5406060':
I/FFMPEG  ( 3691):   Duration: 00:00:01.20, start: 0.000000, bitrate: 105 kb/s
I/FFMPEG  ( 3691):     Stream #0:0: Audio: vorbis, 44100 Hz, stereo, fltp, 112 kb/s
D/FFmpegExtractor( 3691): FFmpegExtrator, url: android-source:0xb5406060, format_name: ogg, format_long_name: Ogg
I/FFmpegExtractor( 3691): adjust mime(application/ogg -> audio/vorbis)
D/FFmpegExtractor( 3691): suppoted codec(vorbis) by official Stagefright
D/FFmpegExtractor( 3691): ffmpeg detected media content as 'audio/vorbis' with confidence 0.08
I/ValidateNoPeople( 4136): final affinity: 0.0
E/MediaPlayer( 4311): Should have subtitle controller already set
I/MediaFocusControl( 4136):  AudioFocus  requestAudioFocus() from android.media.AudioManager@2e3e1322
D/NuPlayerDriver( 3691): start(0xb5812040)
I/GenericSource( 3691): start
E/MediaPlayer( 4311): Should have subtitle controller already set
W/Utils   ( 3691): bool android::canOffloadStream(const android::sp<android::MetaData>&, bool, const android::sp<android::MetaData>&, bool, audio_stream_type_t) No sample bit depth info in meta data
I/str_params( 3691): key: 'SND_CARD_STATUS' value: ''
W/Utils   ( 3691): bool android::canOffloadStream(const android::sp<android::MetaData>&, bool, const android::sp<android::MetaData>&, bool, audio_stream_type_t) No sample bit depth info in meta data
I/str_params( 3691): key: 'SND_CARD_STATUS' value: ''
W/AudioPolicyManager( 3691): getOutput() could not find output for stream 3, samplingRate 0,format 0, channels 3, flags 0
F/NuPlayerRenderer( 3691): frameworks/av/media/libmediaplayerservice/nuplayer/NuPlayerRenderer.cpp:1559 CHECK_EQ( mAudioSink->open( sampleRate, numChannels, (audio_channel_mask_t)channelMask, bitsPerSample > 16 ? AUDIO_FORMAT_PCM_32_BIT : AUDIO_FORMAT_PCM_16_BIT, 8 , __null, __null, (audio_output_flags_t)flags),(status_t)OK) failed: -19 vs. 0
--------- beginning of crash
F/libc    ( 3691): Fatal signal 6 (SIGABRT), code -6 in tid 6025 (NuPlayerRendere)
I/DEBUG   ( 3685): *** *** *** *** *** *** *** *** *** *** *** *** *** *** *** ***
I/DEBUG   ( 3685): Build fingerprint: 'samsung/cm_k3gxx/k3gxx:5.0.2/LRX22G/9269c3e27e:userdebug/test-keys'
I/DEBUG   ( 3685): Revision: '10'
I/DEBUG   ( 3685): ABI: 'arm'
I/DEBUG   ( 3685): pid: 3691, tid: 6025, name: NuPlayerRendere  >>> /system/bin/mediaserver <<<
I/DEBUG   ( 3685): signal 6 (SIGABRT), code -6 (SI_TKILL), fault addr --------
W/NativeCrashListener( 4136): Couldn't find ProcessRecord for pid 3691
I/DEBUG   ( 3685): Abort message: 'frameworks/av/media/libmediaplayerservice/nuplayer/NuPlayerRenderer.cpp:1559 CHECK_EQ( mAudioSink->open( sampleRate, numChannels, (audio_channel_mask_t)channelMask, bitsPerSample > 16 ? AUDIO_FORMAT_PCM_32_BIT : AUDIO_FORMAT_PCM_16_BIT, 8 , __null, __null, (audio_output_flags_t)flags),(status_t)OK) failed: -19 vs. 0'
E/DEBUG   ( 3685): AM write failure (32 / Broken pipe)
I/DEBUG   ( 3685):     r0 00000000  r1 00001789  r2 00000006  r3 00000000
I/DEBUG   ( 3685):     r4 b39ffdb8  r5 00000006  r6 00000016  r7 0000010c
I/DEBUG   ( 3685):     r8 00000000  r9 00000000  sl b39ffc4c  fp b56383d0
I/DEBUG   ( 3685):     ip 00001789  sp b39ff798  lr b6f557b9  pc b6f794e4  cpsr 60000010
I/DEBUG   ( 3685): 
I/DEBUG   ( 3685): backtrace:
I/DEBUG   ( 3685):     #00 pc 000384e4  /system/lib/libc.so (tgkill+12)
I/DEBUG   ( 3685):     #01 pc 000147b5  /system/lib/libc.so (pthread_kill+52)
I/DEBUG   ( 3685):     #02 pc 0001550b  /system/lib/libc.so (raise+10)
I/DEBUG   ( 3685):     #03 pc 00011c35  /system/lib/libc.so (__libc_android_abort+36)
I/DEBUG   ( 3685):     #04 pc 0000fcb8  /system/lib/libc.so (abort+4)
I/DEBUG   ( 3685):     #05 pc 00007739  /system/lib/libcutils.so (__android_log_assert+88)
I/DEBUG   ( 3685):     #06 pc 0004cb6d  /system/lib/libmediaplayerservice.so (android::NuPlayer::Renderer::onOpenAudioSink(android::sp<android::AMessage> const&, bool, bool, bool, unsigned int)+120)
I/DEBUG   ( 3685):     #07 pc 0004ebbb  /system/lib/libmediaplayerservice.so (android::NuPlayer::Renderer::onMessageReceived(android::sp<android::AMessage> const&)+406)
I/DEBUG   ( 3685):     #08 pc 0000abb3  /system/lib/libstagefright_foundation.so (android::ALooperRoster::deliverMessage(android::sp<android::AMessage> const&)+166)
I/DEBUG   ( 3685):     #09 pc 0000a535  /system/lib/libstagefright_foundation.so (android::ALooper::loop()+220)
I/DEBUG   ( 3685):     #10 pc 0000eeb5  /system/lib/libutils.so (android::Thread::_threadLoop(void*)+112)
I/DEBUG   ( 3685):     #11 pc 0000ea25  /system/lib/libutils.so
I/DEBUG   ( 3685):     #12 pc 00013fa3  /system/lib/libc.so (__pthread_start(void*)+30)
I/DEBUG   ( 3685):     #13 pc 00011f93  /system/lib/libc.so (__start_thread+6)
V/KeyguardTouchDelegate( 4311): Connected to keyguard
I/DEBUG   ( 3685): 
I/DEBUG   ( 3685): Tombstone written to: /data/tombstones/tombstone_03
I/DEBUG   ( 3685): ********************************************************
I/DEBUG   ( 3685): * Process 3691 has been suspended while crashing.
I/DEBUG   ( 3685): * To attach gdbserver for a gdb connection on port 5039
I/DEBUG   ( 3685): * and start gdbclient:
I/DEBUG   ( 3685): *
I/DEBUG   ( 3685): *     gdbclient /system/bin/mediaserver :5039 6025
I/DEBUG   ( 3685): * or
I/DEBUG   ( 3685): *     dddclient /system/bin/mediaserver :5039 6025
I/DEBUG   ( 3685): *
I/DEBUG   ( 3685): * Wait for gdb to start, then press the VOLUME DOWN key
I/DEBUG   ( 3685): * to let the process continue crashing.
I/DEBUG   ( 3685): ********************************************************
I/BootReceiver( 4136): Copying /data/tombstones/tombstone_03 to DropBox (SYSTEM_TOMBSTONE)
E/SharedPreferencesImpl( 4136): Couldn't create directory for SharedPreferences file shared_prefs/log_files.xml
I/PowerManagerService( 4136): Waking up from sleep (uid 1000)...
V/KeyguardServiceDelegate( 4136): onScreenTurnedOn(showListener = com.android.internal.policy.impl.PhoneWindowManager$2@1869dc79)
V/KeyguardServiceDelegate( 4136): **** SHOWN CALLED ****
I/DisplayPowerController( 4136): Blocking screen on until initial contents have been drawn.
I/Sensors ( 4136): Acc old sensor_state 0, new sensor_state : 1 en : 1
D/SurfaceFlinger( 3688): Set power mode=2, type=0 flinger=0xb6a62000
I/DisplayManagerService( 4136): Display device changed: DisplayDeviceInfo{"Pantalla integrada": 1080 x 1920, 60.000004 fps, supportedRefreshRates [60.000004], density 480, 422.03 x 424.069 dpi, appVsyncOff 0, presDeadline 17666666, touch INTERNAL, rotation 0, type BUILT_IN, state ON, FLAG_DEFAULT_DISPLAY, FLAG_ROTATES_WITH_CONTENT, FLAG_SECURE, FLAG_SUPPORTS_PROTECTED_BUFFERS}
V/ActivityManager( 4136): Display changed displayId=0
D/SurfaceControl( 4136): Excessive delay in setPowerMode(): 227ms
W/art     ( 4136): Long monitor contention event with owner method=void com.android.server.wm.WindowAnimator$1.run() from WindowAnimator.java:125 waiters=0 for 152ms
I/DisplayPowerController( 4136): Unblocked screen on after 261 ms
E/libEGL  ( 4136): call to OpenGL ES API with no current context (logged once per thread)
D/PhoneStatusBar( 4311): disable: < expand ICONS alerts SYSTEM_INFO back HOME RECENT clock SEARCH >
D/InitAlarmsService( 5693): Clearing and rescheduling alarms.
I/ActivityManager( 4136): Killing 5427:com.cyanogenmod.updater/u0a3 (adj 15): empty #17
W/libprocessgroup( 4136): failed to open /acct/uid_10003/pid_5427/cgroup.procs: No such file or directory
W/BroadcastQueue( 4136): Timeout of broadcast BroadcastRecord{3c7a4e1f u-1 android.intent.action.SCREEN_ON} - receiver=android.app.LoadedApk$ReceiverDispatcher$InnerReceiver@9c3a9db, started 10000ms ago
W/BroadcastQueue( 4136): Receiver during timeout: BroadcastFilter{3be07f51 u0 ReceiverList{723c78 4136 system/1000/u0 local:9c3a9db}}
D/lights  ( 4136): set_light_battery 0x140500 0 0
I/PowerManagerService( 4136): Going to sleep due to screen timeout (uid 1000)...
I/PowerManagerService( 4136): Sleeping (uid 1000)...
I/Sensors ( 4136): Acc old sensor_state 1, new sensor_state : 0 en : 0
I/DisplayManagerService( 4136): Display device changed: DisplayDeviceInfo{"Pantalla integrada": 1080 x 1920, 60.000004 fps, supportedRefreshRates [60.000004], density 480, 422.03 x 424.069 dpi, appVsyncOff 0, presDeadline 17666666, touch INTERNAL, rotation 0, type BUILT_IN, state OFF, FLAG_DEFAULT_DISPLAY, FLAG_ROTATES_WITH_CONTENT, FLAG_SECURE, FLAG_SUPPORTS_PROTECTED_BUFFERS}
D/SurfaceFlinger( 3688): Set power mode=0, type=0 flinger=0xb6a62000
D/SurfaceControl( 4136): Excessive delay in setPowerMode(): 229ms
W/BroadcastQueue( 4136): Timeout of broadcast BroadcastRecord{3c7a4e1f u-1 android.intent.action.SCREEN_ON} - receiver=android.app.LoadedApk$ReceiverDispatcher$InnerReceiver@3a6ec432, started 10003ms ago
W/BroadcastQueue( 4136): Receiver during timeout: BroadcastFilter{38f4a300 u0 ReceiverList{119cf583 4136 system/1000/u0 local:3a6ec432}}
D/TelephonyNetworkFactory1( 4801): update networkCapabilites for subId = 1
D/TelephonyNetworkFactory1( 4801): INTERNET capability is with subId = 1
D/TelephonyNetworkFactory1( 4801): Ready to handle network requests
W/BroadcastQueue( 4136): Timeout of broadcast BroadcastRecord{3c7a4e1f u-1 android.intent.action.SCREEN_ON} - receiver=android.app.LoadedApk$ReceiverDispatcher$InnerReceiver@1af2ae49, started 10001ms ago
W/BroadcastQueue( 4136): Receiver during timeout: BroadcastFilter{3a6f7c6f u0 ReceiverList{3fe4a34e 4136 system/1000/u0 local:1af2ae49}}
D/TelephonyNetworkFactory1( 4801): update networkCapabilites for subId = 1
D/TelephonyNetworkFactory1( 4801): INTERNET capability is with subId = 1
D/TelephonyNetworkFactory1( 4801): Ready to handle network requests
I/Process ( 4136): Sending signal. PID: 4136 SIG: 3
I/art     ( 4136): Thread[9,tid=4149,WaitingInMainSignalCatcherLoop,Thread*=0xb3e06400,peer=0x12c02080,"Signal Catcher"]: reacting to signal 3
I/art     ( 4136): Wrote stack traces to '/data/anr/traces.txt'
W/ProcessCpuTracker( 4136): Skipping unknown process pid 6161
I/PowerManagerService( 4136): Waking up from sleep (uid 1000)...
I/DisplayPowerController( 4136): Blocking screen on until initial contents have been drawn.
I/Sensors ( 4136): Acc old sensor_state 0, new sensor_state : 1 en : 1
D/SurfaceFlinger( 3688): Set power mode=2, type=0 flinger=0xb6a62000
I/DisplayManagerService( 4136): Display device changed: DisplayDeviceInfo{"Pantalla integrada": 1080 x 1920, 60.000004 fps, supportedRefreshRates [60.000004], density 480, 422.03 x 424.069 dpi, appVsyncOff 0, presDeadline 17666666, touch INTERNAL, rotation 0, type BUILT_IN, state ON, FLAG_DEFAULT_DISPLAY, FLAG_ROTATES_WITH_CONTENT, FLAG_SECURE, FLAG_SUPPORTS_PROTECTED_BUFFERS}
D/SurfaceControl( 4136): Excessive delay in setPowerMode(): 255ms
W/WindowManager( 4136): Timeout waiting for drawn: undrawn=[Window{2f90115d u0 StatusBar}]
I/DisplayPowerController( 4136): Unblocked screen on after 1024 ms
W/BroadcastQueue( 4136): Timeout of broadcast BroadcastRecord{3c7a4e1f u-1 android.intent.action.SCREEN_ON} - receiver=android.app.LoadedApk$ReceiverDispatcher$InnerReceiver@3407d308, started 10002ms ago
W/BroadcastQueue( 4136): Receiver during timeout: BroadcastFilter{3b1474c6 u0 ReceiverList{9d17aa1 4136 system/1000/u0 local:3407d308}}
W/WindowManager( 4136): Window freeze timeout expired.
W/WindowManager( 4136): Force clearing orientation change: Window{2f90115d u0 StatusBar}
I/PowerManagerService( 4136): Going to sleep due to power button (uid 1000)...
I/PowerManagerService( 4136): Sleeping (uid 1000)...
I/Sensors ( 4136): Acc old sensor_state 1, new sensor_state : 0 en : 0
I/DisplayManagerService( 4136): Display device changed: DisplayDeviceInfo{"Pantalla integrada": 1080 x 1920, 60.000004 fps, supportedRefreshRates [60.000004], density 480, 422.03 x 424.069 dpi, appVsyncOff 0, presDeadline 17666666, touch INTERNAL, rotation 0, type BUILT_IN, state OFF, FLAG_DEFAULT_DISPLAY, FLAG_ROTATES_WITH_CONTENT, FLAG_SECURE, FLAG_SUPPORTS_PROTECTED_BUFFERS}
D/SurfaceFlinger( 3688): Set power mode=0, type=0 flinger=0xb6a62000
D/SurfaceControl( 4136): Excessive delay in setPowerMode(): 199ms
I/PowerManagerService( 4136): Waking up from sleep (uid 1000)...
I/DisplayPowerController( 4136): Blocking screen on until initial contents have been drawn.
I/Sensors ( 4136): Acc old sensor_state 0, new sensor_state : 1 en : 1
D/SurfaceFlinger( 3688): Set power mode=2, type=0 flinger=0xb6a62000
I/DisplayManagerService( 4136): Display device changed: DisplayDeviceInfo{"Pantalla integrada": 1080 x 1920, 60.000004 fps, supportedRefreshRates [60.000004], density 480, 422.03 x 424.069 dpi, appVsyncOff 0, presDeadline 17666666, touch INTERNAL, rotation 0, type BUILT_IN, state ON, FLAG_DEFAULT_DISPLAY, FLAG_ROTATES_WITH_CONTENT, FLAG_SECURE, FLAG_SUPPORTS_PROTECTED_BUFFERS}
D/SurfaceControl( 4136): Excessive delay in setPowerMode(): 258ms
W/WindowManager( 4136): Timeout waiting for drawn: undrawn=[Window{2f90115d u0 StatusBar}]
I/DisplayPowerController( 4136): Unblocked screen on after 1020 ms
W/WindowManager( 4136): Window freeze timeout expired.
W/WindowManager( 4136): Force clearing orientation change: Window{2f90115d u0 StatusBar}
I/InputDispatcher( 4136): Dropped event because of pending overdue app switch.
I/InputDispatcher( 4136): Dropped event because of pending overdue app switch.
I/InputDispatcher( 4136): Dropped event because of pending overdue app switch.
I/InputDispatcher( 4136): Dropped event because of pending overdue app switch.
I/InputDispatcher( 4136): Dropped event because of pending overdue app switch.
I/InputDispatcher( 4136): Dropped event because of pending overdue app switch.
I/InputDispatcher( 4136): Dropped event because of pending overdue app switch.
I/InputDispatcher( 4136): Dropped event because of pending overdue app switch.
I/InputDispatcher( 4136): Dropped event because of pending overdue app switch.
I/InputDispatcher( 4136): Dropped event because of pending overdue app switch.
I/InputDispatcher( 4136): Dropped event because of pending overdue app switch.
I/InputDispatcher( 4136): Dropped event because of pending overdue app switch.
I/InputDispatcher( 4136): Dropped event because of pending overdue app switch.
I/InputDispatcher( 4136): Dropped event because of pending overdue app switch.
I/InputDispatcher( 4136): Dropped event because of pending overdue app switch.
I/InputDispatcher( 4136): Dropped event because of pending overdue app switch.
I/InputDispatcher( 4136): Dropped event because of pending overdue app switch.
I/InputDispatcher( 4136): Dropped event because of pending overdue app switch.
I/InputDispatcher( 4136): Dropped event because of pending overdue app switch.
I/InputDispatcher( 4136): Dropped event because of pending overdue app switch.
I/InputDispatcher( 4136): Dropped event because of pending overdue app switch.
I/InputDispatcher( 4136): Dropped event because of pending overdue app switch.
I/InputDispatcher( 4136): Dropped event because of pending overdue app switch.
I/InputDispatcher( 4136): Dropped event because of pending overdue app switch.
I/InputDispatcher( 4136): Dropped event because of pending overdue app switch.
I/InputDispatcher( 4136): Dropped event because of pending overdue app switch.
I/InputDispatcher( 4136): Dropped event because of pending overdue app switch.
I/InputDispatcher( 4136): Dropped event because of pending overdue app switch.
I/InputDispatcher( 4136): Dropped event because of pending overdue app switch.
I/InputDispatcher( 4136): Dropped event because of pending overdue app switch.
I/InputDispatcher( 4136): Dropped event because of pending overdue app switch.
I/InputDispatcher( 4136): Dropped event because of pending overdue app switch.
I/InputDispatcher( 4136): Dropped event because of pending overdue app switch.
I/InputDispatcher( 4136): Dropped event because of pending overdue app switch.
I/InputDispatcher( 4136): Dropped event because of pending overdue app switch.
I/InputDispatcher( 4136): Dropped event because of pending overdue app switch.
I/InputDispatcher( 4136): Dropped event because of pending overdue app switch.
I/InputDispatcher( 4136): Dropped event because of pending overdue app switch.
I/InputDispatcher( 4136): Dropped event because of pending overdue app switch.
I/InputDispatcher( 4136): Dropped event because of pending overdue app switch.
I/InputDispatcher( 4136): Dropped event because of pending overdue app switch.
I/InputDispatcher( 4136): Dropped event because of pending overdue app switch.
I/InputDispatcher( 4136): Dropped event because of pending overdue app switch.
I/InputDispatcher( 4136): Dropped event because of pending overdue app switch.
I/InputDispatcher( 4136): Dropped event because of pending overdue app switch.
I/InputDispatcher( 4136): Dropped event because of pending overdue app switch.
I/InputDispatcher( 4136): Dropped event because of pending overdue app switch.
I/InputDispatcher( 4136): Dropped event because of pending overdue app switch.
I/InputDispatcher( 4136): Dropped event because of pending overdue app switch.
I/InputDispatcher( 4136): Dropped event because of pending overdue app switch.
I/InputDispatcher( 4136): Dropped event because of pending overdue app switch.
I/InputDispatcher( 4136): Dropped event because of pending overdue app switch.
I/InputDispatcher( 4136): Dropped event because of pending overdue app switch.
I/InputDispatcher( 4136): Dropped event because of pending overdue app switch.
I/InputDispatcher( 4136): Dropped event because of pending overdue app switch.
I/InputDispatcher( 4136): Dropped event because of pending overdue app switch.
I/InputDispatcher( 4136): Dropped event because of pending overdue app switch.
I/InputDispatcher( 4136): Dropped event because of pending overdue app switch.
I/InputDispatcher( 4136): Dropped event because of pending overdue app switch.
W/BroadcastQueue( 4136): Timeout of broadcast BroadcastRecord{3c7a4e1f u-1 android.intent.action.SCREEN_ON} - receiver=android.app.LoadedApk$ReceiverDispatcher$InnerReceiver@2edb6756, started 10001ms ago
W/BroadcastQueue( 4136): Receiver during timeout: BroadcastFilter{186f34c4 u0 ReceiverList{f6b63d7 4136 system/1000/u0 local:2edb6756}}
I/PowerManagerService( 4136): Going to sleep due to power button (uid 1000)...
I/PowerManagerService( 4136): Sleeping (uid 1000)...
D/LightsService( 4136): Excessive delay setting light: 51ms
I/Sensors ( 4136): Acc old sensor_state 1, new sensor_state : 0 en : 0
I/DisplayManagerService( 4136): Display device changed: DisplayDeviceInfo{"Pantalla integrada": 1080 x 1920, 60.000004 fps, supportedRefreshRates [60.000004], density 480, 422.03 x 424.069 dpi, appVsyncOff 0, presDeadline 17666666, touch INTERNAL, rotation 0, type BUILT_IN, state OFF, FLAG_DEFAULT_DISPLAY, FLAG_ROTATES_WITH_CONTENT, FLAG_SECURE, FLAG_SUPPORTS_PROTECTED_BUFFERS}
D/SurfaceFlinger( 3688): Set power mode=0, type=0 flinger=0xb6a62000
D/SurfaceControl( 4136): Excessive delay in setPowerMode(): 194ms
I/PowerManagerService( 4136): Waking up from sleep (uid 1000)...
I/DisplayPowerController( 4136): Blocking screen on until initial contents have been drawn.
I/Sensors ( 4136): Acc old sensor_state 0, new sensor_state : 1 en : 1
D/SurfaceFlinger( 3688): Set power mode=2, type=0 flinger=0xb6a62000
I/DisplayManagerService( 4136): Display device changed: DisplayDeviceInfo{"Pantalla integrada": 1080 x 1920, 60.000004 fps, supportedRefreshRates [60.000004], density 480, 422.03 x 424.069 dpi, appVsyncOff 0, presDeadline 17666666, touch INTERNAL, rotation 0, type BUILT_IN, state ON, FLAG_DEFAULT_DISPLAY, FLAG_ROTATES_WITH_CONTENT, FLAG_SECURE, FLAG_SUPPORTS_PROTECTED_BUFFERS}
D/SurfaceControl( 4136): Excessive delay in setPowerMode(): 254ms
I/InputDispatcher( 4136): Application is not responding: AppWindowToken{1d9eee68 token=Token{a2d2d8b ActivityRecord{1c8c375a u0 com.cyanogenmod.trebuchet/com.android.launcher3.Launcher t11}}} - Window{2f90115d u0 StatusBar}.  It has been 6865.5ms since event, 5001.2ms since wait started.  Reason: Waiting to send key event because the focused window has not finished processing all of the input events that were previously delivered to it.  Outbound queue length: 0.  Wait queue length: 43.
I/WindowManager( 4136): Input event dispatching timed out sending to StatusBar.  Reason: Waiting to send key event because the focused window has not finished processing all of the input events that were previously delivered to it.  Outbound queue length: 0.  Wait queue length: 43.
I/Process ( 4136): Sending signal. PID: 4823 SIG: 3
I/art     ( 4823): Thread[9,tid=4836,WaitingInMainSignalCatcherLoop,Thread*=0xb3e06400,peer=0x12c00080,"Signal Catcher"]: reacting to signal 3
W/WindowManager( 4136): Timeout waiting for drawn: undrawn=[Window{2f90115d u0 StatusBar}]
I/DisplayPowerController( 4136): Unblocked screen on after 1028 ms
I/Process ( 4136): Sending signal. PID: 4136 SIG: 3
I/art     ( 4136): Thread[9,tid=4149,WaitingInMainSignalCatcherLoop,Thread*=0xb3e06400,peer=0x12c02080,"Signal Catcher"]: reacting to signal 3
I/art     ( 4823): Wrote stack traces to '/data/anr/traces.txt'
I/Process ( 4136): Sending signal. PID: 4801 SIG: 3
I/art     ( 4801): Thread[9,tid=4814,WaitingInMainSignalCatcherLoop,Thread*=0xb3e06400,peer=0x12c00080,"Signal Catcher"]: reacting to signal 3
I/Process ( 4136): Sending signal. PID: 4779 SIG: 3
I/art     ( 4136): Wrote stack traces to '/data/anr/traces.txt'
I/art     ( 4779): Thread[9,tid=4792,WaitingInMainSignalCatcherLoop,Thread*=0xb3e06400,peer=0x12c00080,"Signal Catcher"]: reacting to signal 3
W/WindowManager( 4136): Window freeze timeout expired.
W/WindowManager( 4136): Force clearing orientation change: Window{2f90115d u0 StatusBar}
I/Process ( 4136): Sending signal. PID: 4757 SIG: 3
I/art     ( 4757): Thread[9,tid=4770,WaitingInMainSignalCatcherLoop,Thread*=0xb3e06400,peer=0x12c00080,"Signal Catcher"]: reacting to signal 3
I/Process ( 4136): Sending signal. PID: 4735 SIG: 3
I/art     ( 4735): Thread[9,tid=4748,WaitingInMainSignalCatcherLoop,Thread*=0xb3e06400,peer=0x12c00080,"Signal Catcher"]: reacting to signal 3
I/art     ( 4757): Wrote stack traces to '/data/anr/traces.txt'
I/Process ( 4136): Sending signal. PID: 4311 SIG: 3
I/art     ( 4311): Thread[9,tid=4326,WaitingInMainSignalCatcherLoop,Thread*=0xb3e06400,peer=0x12c00080,"Signal Catcher"]: reacting to signal 3
I/art     ( 4779): Wrote stack traces to '/data/anr/traces.txt'
I/art     ( 4735): Wrote stack traces to '/data/anr/traces.txt'
I/art     ( 4801): Wrote stack traces to '/data/anr/traces.txt'
I/art     ( 4311): Wrote stack traces to '/data/anr/traces.txt'
I/InputDispatcher( 4136): Dropped event because it is stale.
I/InputDispatcher( 4136): Dropped event because it is stale.
I/InputDispatcher( 4136): Dropped event because it is stale.
I/InputDispatcher( 4136): Dropped event because it is stale.
I/InputDispatcher( 4136): Dropped event because it is stale.
I/InputDispatcher( 4136): Dropped event because it is stale.
I/PowerManagerService( 4136): Going to sleep due to screen timeout (uid 1000)...
I/PowerManagerService( 4136): Sleeping (uid 1000)...
I/Sensors ( 4136): Acc old sensor_state 1, new sensor_state : 0 en : 0
I/DisplayManagerService( 4136): Display device changed: DisplayDeviceInfo{"Pantalla integrada": 1080 x 1920, 60.000004 fps, supportedRefreshRates [60.000004], density 480, 422.03 x 424.069 dpi, appVsyncOff 0, presDeadline 17666666, touch INTERNAL, rotation 0, type BUILT_IN, state OFF, FLAG_DEFAULT_DISPLAY, FLAG_ROTATES_WITH_CONTENT, FLAG_SECURE, FLAG_SUPPORTS_PROTECTED_BUFFERS}
D/SurfaceFlinger( 3688): Set power mode=0, type=0 flinger=0xb6a62000
I/InputDispatcher( 4136): Dropped event because it is stale.
I/InputDispatcher( 4136): Dropped event because it is stale.
I/InputDispatcher( 4136): Dropped event because it is stale.
I/InputDispatcher( 4136): Dropped event because it is stale.
I/InputDispatcher( 4136): Dropped event because it is stale.
I/InputDispatcher( 4136): Dropped event because it is stale.
D/SurfaceControl( 4136): Excessive delay in setPowerMode(): 228ms
I/InputDispatcher( 4136): Dropped event because it is stale.
I/InputDispatcher( 4136): Dropped event because it is stale.
I/InputDispatcher( 4136): Dropped event because it is stale.
I/InputDispatcher( 4136): Dropped event because it is stale.
I/InputDispatcher( 4136): Dropped event because it is stale.
I/InputDispatcher( 4136): Dropped event because it is stale.
I/MediaFocusControl( 4136):  AudioFocus  abandonAudioFocus() from android.media.AudioManager@f7386e4com.cyanogenmod.eleven.MusicPlaybackService$5@3fa2174d
