I/hwcomposer( 5161): PSR info devname = /sys/devices/14400000.fimd_fb/psr_info
I/hwcomposer( 5161): PSR mode is 2(0: video mode, 1: DP PSR mode, 2: MIPI-DSI command mode)
I/SurfaceFlinger( 5161): Using composer version 1.3
I/SurfaceFlinger( 5161): EGL information:
I/SurfaceFlinger( 5161): vendor    : Android
I/SurfaceFlinger( 5161): version   : 1.4 Android META-EGL
I/SurfaceFlinger( 5161): extensions: EGL_KHR_get_all_proc_addresses EGL_ANDROID_presentation_time EGL_KHR_image EGL_KHR_image_base EGL_KHR_gl_texture_2D_image EGL_KHR_gl_texture_cubemap_image EGL_KHR_gl_renderbuffer_image EGL_KHR_fence_sync EGL_KHR_create_context EGL_ANDROID_image_native_buffer EGL_KHR_wait_sync EGL_ANDROID_recordable 
I/SurfaceFlinger( 5161): Client API: OpenGL_ES
I/SurfaceFlinger( 5161): EGLSurface: 8-8-8-8, config=0xb6acf2ac
I/SurfaceFlinger( 5161): OpenGL ES informations:
I/SurfaceFlinger( 5161): vendor    : ARM
I/SurfaceFlinger( 5161): renderer  : Mali-T628
I/SurfaceFlinger( 5161): version   : OpenGL ES 3.0
I/SurfaceFlinger( 5161): extensions: GL_EXT_debug_marker GL_ARM_rgba8 GL_ARM_mali_shader_binary GL_OES_depth24 GL_OES_depth_texture GL_OES_depth_texture_cube_map GL_OES_packed_depth_stencil GL_OES_rgb8_rgba8 GL_EXT_read_format_bgra GL_OES_compressed_paletted_texture GL_OES_compressed_ETC1_RGB8_texture GL_OES_standard_derivatives GL_OES_EGL_image GL_OES_EGL_image_external GL_OES_EGL_sync GL_OES_texture_npot GL_OES_vertex_half_float GL_OES_required_internalformat GL_OES_vertex_array_object GL_OES_mapbuffer GL_EXT_texture_format_BGRA8888 GL_EXT_texture_rg GL_EXT_texture_type_2_10_10_10_REV GL_OES_fbo_render_mipmap GL_OES_element_index_uint GL_EXT_shadow_samplers GL_OES_texture_compression_astc GL_KHR_texture_compression_astc_ldr GL_KHR_texture_compression_astc_hdr GL_KHR_debug GL_EXT_occlusion_query_boolean GL_EXT_blend_minmax GL_EXT_discard_framebuffer GL_OES_get_program_binary GL_OES_texture_3D GL_EXT_texture_storage GL_EXT_multisampled_render_to_texture GL_OES_surfaceless_context GL_ARM_mali_program_binary 
I/SurfaceFlinger( 5161): GL_MAX_TEXTURE_SIZE = 8192
I/SurfaceFlinger( 5161): GL_MAX_VIEWPORT_DIMS = 8192
E/libEGL  ( 5161): eglQuerySurface:607 error 300d (EGL_BAD_SURFACE)
E/libEGL  ( 5161): eglQuerySurface:607 error 300d (EGL_BAD_SURFACE)
E/libEGL  ( 5161): call to OpenGL ES API with no current context (logged once per thread)
D/SurfaceFlinger( 5161): Set power mode=2, type=0 flinger=0xb6a62000
I/hwcomposer( 5161): int exynos5_blank(hwc_composer_device_1*, int, int):: disp(0), blank(0)
I/hwcomposer( 5161): unblank ioctl failed (display already unblanked)
E/libEGL  ( 5161): eglSwapBuffers:1071 error 300d (EGL_BAD_SURFACE)
F/SurfaceFlinger( 5161): eglSwapBuffers(0x1, 0x0) failed with 0x0000300d
F/libc    ( 5161): Fatal signal 6 (SIGABRT), code -6 in tid 5161 (surfaceflinger)
I/DEBUG   ( 5157): property debug.db.uid not set; NOT waiting for gdb.
I/DEBUG   ( 5157): HINT: adb shell setprop debug.db.uid 100000
I/DEBUG   ( 5157): HINT: adb forward tcp:5039 tcp:5039
I/DEBUG   ( 5157): *** *** *** *** *** *** *** *** *** *** *** *** *** *** *** ***
I/DEBUG   ( 5157): Build fingerprint: 'samsung/cm_k3gxx/k3gxx:5.0.2/LRX22G/88e55c58ed:userdebug/test-keys'
I/DEBUG   ( 5157): Revision: '10'
I/DEBUG   ( 5157): ABI: 'arm'
I/DEBUG   ( 5157): pid: 5161, tid: 5161, name: surfaceflinger  >>> /system/bin/surfaceflinger <<<
I/DEBUG   ( 5157): signal 6 (SIGABRT), code -6 (SI_TKILL), fault addr --------
I/DEBUG   ( 5157): Abort message: 'eglSwapBuffers(0x1, 0x0) failed with 0x0000300d'
I/DEBUG   ( 5157):     r0 00000000  r1 00001429  r2 00000006  r3 00000000
I/DEBUG   ( 5157):     r4 b6fde114  r5 00000006  r6 0000000b  r7 0000010c
I/DEBUG   ( 5157):     r8 00000000  r9 bee6abd0  sl b6a54210  fp bee6abd0
I/DEBUG   ( 5157):     ip 00001429  sp bee6a650  lr b6f687b9  pc b6f8c4e4  cpsr 600f0010
I/DEBUG   ( 5157): 
I/DEBUG   ( 5157): backtrace:
I/DEBUG   ( 5157):     #00 pc 000384e4  /system/lib/libc.so (tgkill+12)
I/DEBUG   ( 5157):     #01 pc 000147b5  /system/lib/libc.so (pthread_kill+52)
I/DEBUG   ( 5157):     #02 pc 0001550b  /system/lib/libc.so (raise+10)
I/DEBUG   ( 5157):     #03 pc 00011c35  /system/lib/libc.so (__libc_android_abort+36)
I/DEBUG   ( 5157):     #04 pc 0000fcb8  /system/lib/libc.so (abort+4)
I/DEBUG   ( 5157):     #05 pc 00007739  /system/lib/libcutils.so (__android_log_assert+88)
I/DEBUG   ( 5157):     #06 pc 0000f4df  /system/lib/libsurfaceflinger.so
I/DEBUG   ( 5157):     #07 pc 0001b9fd  /system/lib/libsurfaceflinger.so
I/DEBUG   ( 5157):     #08 pc 0001abe7  /system/lib/libsurfaceflinger.so
I/DEBUG   ( 5157):     #09 pc 00019fc3  /system/lib/libsurfaceflinger.so
I/DEBUG   ( 5157):     #10 pc 00019d49  /system/lib/libsurfaceflinger.so
I/DEBUG   ( 5157):     #11 pc 00010ed3  /system/lib/libutils.so (android::Looper::pollInner(int)+410)
I/DEBUG   ( 5157):     #12 pc 00010fc5  /system/lib/libutils.so (android::Looper::pollOnce(int, int*, int*, void**)+92)
I/DEBUG   ( 5157):     #13 pc 000174c5  /system/lib/libsurfaceflinger.so
I/DEBUG   ( 5157):     #14 pc 0001993d  /system/lib/libsurfaceflinger.so (android::SurfaceFlinger::run()+8)
I/DEBUG   ( 5157):     #15 pc 0000083d  /system/bin/surfaceflinger
I/DEBUG   ( 5157):     #16 pc 0000fb75  /system/lib/libc.so (__libc_init+44)
I/DEBUG   ( 5157):     #17 pc 000008d8  /system/bin/surfaceflinger
W/auditd  ( 3581): type=1325 audit(0.0:1382): table=raw family=2 entries=9
W/iptables( 5296): type=1300 audit(0.0:1382): arch=40000028 syscall=294 per=800000 success=yes exit=0 a0=4 a1=0 a2=40 a3=b6c1ba00 items=0 ppid=5159 auid=4294967295 uid=0 gid=0 euid=0 suid=0 fsuid=0 egid=0 sgid=0 fsgid=0 ses=4294967295 tty=(none) exe="/system/bin/iptables" subj=u:r:netd:s0 key=(null)
W/auditd  ( 3581): type=1320 audit(0.0:1382): 
W/auditd  ( 3581): type=1325 audit(0.0:1383): table=raw family=10 entries=9
W/ip6tables( 5297): type=1300 audit(0.0:1383): arch=40000028 syscall=294 per=800000 success=yes exit=0 a0=4 a1=29 a2=40 a3=b6c1d000 items=0 ppid=5159 auid=4294967295 uid=0 gid=0 euid=0 suid=0 fsuid=0 egid=0 sgid=0 fsgid=0 ses=4294967295 tty=(none) exe="/system/bin/ip6tables" subj=u:r:netd:s0 key=(null)
W/auditd  ( 3581): type=1320 audit(0.0:1383): 
W/auditd  ( 3581): type=1325 audit(0.0:1384): table=raw family=2 entries=8
W/iptables( 5298): type=1300 audit(0.0:1384): arch=40000028 syscall=294 per=800000 success=yes exit=0 a0=4 a1=0 a2=40 a3=b6c1ba00 items=0 ppid=5159 auid=4294967295 uid=0 gid=0 euid=0 suid=0 fsuid=0 egid=0 sgid=0 fsgid=0 ses=4294967295 tty=(none) exe="/system/bin/iptables" subj=u:r:netd:s0 key=(null)
W/auditd  ( 3581): type=1320 audit(0.0:1384): 
W/auditd  ( 3581): type=1325 audit(0.0:1385): table=raw family=10 entries=8
W/ip6tables( 5299): type=1300 audit(0.0:1385): arch=40000028 syscall=294 per=800000 success=yes exit=0 a0=4 a1=29 a2=40 a3=b6c32800 items=0 ppid=5159 auid=4294967295 uid=0 gid=0 euid=0 suid=0 fsuid=0 egid=0 sgid=0 fsgid=0 ses=4294967295 tty=(none) exe="/system/bin/ip6tables" subj=u:r:netd:s0 key=(null)
W/auditd  ( 3581): type=1320 audit(0.0:1385): 
W/auditd  ( 3581): type=1325 audit(0.0:1386): table=raw family=2 entries=8
W/iptables( 5300): type=1300 audit(0.0:1386): arch=40000028 syscall=294 per=800000 success=yes exit=0 a0=4 a1=0 a2=40 a3=b6c30100 items=0 ppid=5159 auid=4294967295 uid=0 gid=0 euid=0 suid=0 fsuid=0 egid=0 sgid=0 fsgid=0 ses=4294967295 tty=(none) exe="/system/bin/iptables" subj=u:r:netd:s0 key=(null)
W/auditd  ( 3581): type=1320 audit(0.0:1386): 
W/auditd  ( 3581): type=1325 audit(0.0:1387): table=raw family=10 entries=8
W/ip6tables( 5301): type=1300 audit(0.0:1387): arch=40000028 syscall=294 per=800000 success=yes exit=0 a0=4 a1=29 a2=40 a3=b6c32400 items=0 ppid=5159 auid=4294967295 uid=0 gid=0 euid=0 suid=0 fsuid=0 egid=0 sgid=0 fsgid=0 ses=4294967295 tty=(none) exe="/system/bin/ip6tables" subj=u:r:netd:s0 key=(null)
W/auditd  ( 3581): type=1320 audit(0.0:1387): 
W/auditd  ( 3581): type=1325 audit(0.0:1388): table=raw family=2 entries=6
W/iptables( 5302): type=1300 audit(0.0:1388): arch=40000028 syscall=294 per=800000 success=yes exit=0 a0=4 a1=0 a2=40 a3=b6c20400 items=0 ppid=5159 auid=4294967295 uid=0 gid=0 euid=0 suid=0 fsuid=0 egid=0 sgid=0 fsgid=0 ses=4294967295 tty=(none) exe="/system/bin/iptables" subj=u:r:netd:s0 key=(null)
I/ServiceManager( 5162): Waiting for service batterystats...
I/DEBUG   ( 5157): 
I/DEBUG   ( 5157): Tombstone written to: /data/tombstones/tombstone_06
I/ServiceManager( 3570): service 'SurfaceFlinger' died
W/SurfaceComposerClient( 5222): ComposerService remote (surfaceflinger) died [0xb63591c0]
I/ServiceManager( 3570): service 'Exynos.HWCService' died
D/BootAnimation( 5222): SurfaceFlinger died, exiting...
I/ServiceManager( 3570): service 'media.wifi_display' died
I/ServiceManager( 3570): service 'media.audio_flinger' died
W/init    ( 5345): type=1400 audit(0.0:1428): avc: denied { entrypoint } for path="/system/bin/auditd" dev="mmcblk0p18" ino=173 scontext=u:r:logd:s0 tcontext=u:object_r:system_file:s0 tclass=file
W/init    ( 5345): type=1300 audit(0.0:1428): arch=40000028 syscall=11 per=800000 success=no exit=-13 a0=b6d80954 a1=b6d69530 a2=57e64 a3=ff0000 items=1 ppid=1 auid=4294967295 uid=0 gid=0 euid=0 suid=0 fsuid=0 egid=0 sgid=0 fsgid=0 ses=4294967295 tty=(none) exe="/init" subj=u:r:init:s0 key=(null)
W/auditd  ( 3581): type=1307 audit(0.0:1428): cwd="/"
W/auditd  ( 3581): type=1302 audit(0.0:1428): item=0 name="/system/bin/auditd" inode=173 dev=103:0a mode=0100755 ouid=0 ogid=2000 rdev=00:00 obj=u:object_r:system_file:s0
W/auditd  ( 3581): type=1320 audit(0.0:1428): 
I/Netd    ( 5346): Netd 1.0 starting
E/Netd    ( 5346): Failed to open /proc/sys/net/ipv6/conf/default/accept_ra_rt_table: No such file or directory
E/Netd    ( 5346): Failed to open /proc/sys/net/ipv6/conf/ip6tnl0/accept_ra_rt_table: No such file or directory
E/Netd    ( 5346): Failed to open /proc/sys/net/ipv6/conf/lo/accept_ra_rt_table: No such file or directory
E/Netd    ( 5346): Failed to open /proc/sys/net/ipv6/conf/rmnet0/accept_ra_rt_table: No such file or directory
E/Netd    ( 5346): Failed to open /proc/sys/net/ipv6/conf/rmnet1/accept_ra_rt_table: No such file or directory
E/Netd    ( 5346): Failed to open /proc/sys/net/ipv6/conf/rmnet2/accept_ra_rt_table: No such file or directory
E/Netd    ( 5346): Failed to open /proc/sys/net/ipv6/conf/rmnet3/accept_ra_rt_table: No such file or directory
E/Netd    ( 5346): Failed to open /proc/sys/net/ipv6/conf/sit0/accept_ra_rt_table: No such file or directory
W/auditd  ( 3581): type=1325 audit(0.0:1429): table=filter family=2 entries=39
W/iptables( 5352): type=1300 audit(0.0:1429): arch=40000028 syscall=294 per=800000 success=yes exit=0 a0=4 a1=0 a2=40 a3=b6c25000 items=0 ppid=5346 auid=4294967295 uid=0 gid=0 euid=0 suid=0 fsuid=0 egid=0 sgid=0 fsgid=0 ses=4294967295 tty=(none) exe="/system/bin/iptables" subj=u:r:netd:s0 key=(null)
W/auditd  ( 3581): type=1320 audit(0.0:1429): 
W/auditd  ( 3581): type=1325 audit(0.0:1430): table=filter family=10 entries=37
W/ip6tables( 5353): type=1300 audit(0.0:1430): arch=40000028 syscall=294 per=800000 success=yes exit=0 a0=4 a1=29 a2=40 a3=b6c28000 items=0 ppid=5346 auid=4294967295 uid=0 gid=0 euid=0 suid=0 fsuid=0 egid=0 sgid=0 fsgid=0 ses=4294967295 tty=(none) exe="/system/bin/ip6tables" subj=u:r:netd:s0 key=(null)
W/auditd  ( 3581): type=1320 audit(0.0:1430): 
W/auditd  ( 3581): type=1325 audit(0.0:1431): table=filter family=2 entries=38
W/iptables( 5355): type=1300 audit(0.0:1431): arch=40000028 syscall=294 per=800000 success=yes exit=0 a0=4 a1=0 a2=40 a3=b6c22000 items=0 ppid=5346 auid=4294967295 uid=0 gid=0 euid=0 suid=0 fsuid=0 egid=0 sgid=0 fsgid=0 ses=4294967295 tty=(none) exe="/system/bin/iptables" subj=u:r:netd:s0 key=(null)
W/auditd  ( 3581): type=1320 audit(0.0:1431): 
I/SurfaceFlinger( 5348): SurfaceFlinger is starting
I/SurfaceFlinger( 5348): SurfaceFlinger's main thread ready to run. Initializing graphics H/W...
W/auditd  ( 3581): type=1325 audit(0.0:1432): table=filter family=10 entries=36
W/ip6tables( 5356): type=1300 audit(0.0:1432): arch=40000028 syscall=294 per=800000 success=yes exit=0 a0=4 a1=29 a2=40 a3=b6c23000 items=0 ppid=5346 auid=4294967295 uid=0 gid=0 euid=0 suid=0 fsuid=0 egid=0 sgid=0 fsgid=0 ses=4294967295 tty=(none) exe="/system/bin/ip6tables" subj=u:r:netd:s0 key=(null)
W/auditd  ( 3581): type=1320 audit(0.0:1432): 
W/auditd  ( 3581): type=1325 audit(0.0:1433): table=filter family=2 entries=38
W/iptables( 5359): type=1300 audit(0.0:1433): arch=40000028 syscall=294 per=800000 success=yes exit=0 a0=4 a1=0 a2=40 a3=b6c22000 items=0 ppid=5346 auid=4294967295 uid=0 gid=0 euid=0 suid=0 fsuid=0 egid=0 sgid=0 fsgid=0 ses=4294967295 tty=(none) exe="/system/bin/iptables" subj=u:r:netd:s0 key=(null)
W/auditd  ( 3581): type=1320 audit(0.0:1433): 
D/libEGL  ( 5348): loaded /vendor/lib/egl/libGLES_mali.so
I/        ( 5348): PLATFORM VERSION : JB-MR-2
D/AndroidRuntime( 5351): 
D/AndroidRuntime( 5351): >>>>>> AndroidRuntime START com.android.internal.os.ZygoteInit <<<<<<
I/mediaserver( 5349): ServiceManager: 0xb60500c0
I/AudioFlinger( 5349): Using default 3000 mSec as standby time.
I/ServiceManager( 5349): Waiting for service batterystats...
D/AndroidRuntime( 5351): CheckJNI is OFF
I/art     ( 5351): option[0]=-Xzygote
I/art     ( 5351): option[1]=-Xstacktracefile:/data/anr/traces.txt
I/art     ( 5351): option[2]=exit
I/art     ( 5351): option[3]=vfprintf
I/art     ( 5351): option[4]=sensitiveThread
I/art     ( 5351): option[5]=-verbose:gc
I/art     ( 5351): option[6]=-Xms8m
I/art     ( 5351): option[7]=-Xmx512m
I/art     ( 5351): option[8]=-XX:mainThreadStackSize=24K
I/art     ( 5351): option[9]=-XX:HeapGrowthLimit=128m
I/art     ( 5351): option[10]=-XX:HeapMinFree=2m
I/art     ( 5351): option[11]=-XX:HeapMaxFree=8m
I/art     ( 5351): option[12]=-XX:HeapTargetUtilization=0.75
I/art     ( 5351): option[13]=-agentlib:jdwp=transport=dt_android_adb,suspend=n,server=y
I/art     ( 5351): option[14]=-Xlockprofthreshold:500
I/art     ( 5351): option[15]=-Ximage-compiler-option
I/art     ( 5351): option[16]=--runtime-arg
I/art     ( 5351): option[17]=-Ximage-compiler-option
I/art     ( 5351): option[18]=-Xms64m
I/art     ( 5351): option[19]=-Ximage-compiler-option
I/art     ( 5351): option[20]=--runtime-arg
I/art     ( 5351): option[21]=-Ximage-compiler-option
I/art     ( 5351): option[22]=-Xmx64m
I/art     ( 5351): option[23]=-Ximage-compiler-option
I/art     ( 5351): option[24]=--image-classes-zip=/system/framework/framework.jar
I/art     ( 5351): option[25]=-Ximage-compiler-option
I/art     ( 5351): option[26]=--image-classes=preloaded-classes
I/art     ( 5351): option[27]=-Xcompiler-option
I/art     ( 5351): option[28]=--runtime-arg
I/art     ( 5351): option[29]=-Xcompiler-option
I/art     ( 5351): option[30]=-Xms64m
I/art     ( 5351): option[31]=-Xcompiler-option
I/art     ( 5351): option[32]=--runtime-arg
I/art     ( 5351): option[33]=-Xcompiler-option
I/art     ( 5351): option[34]=-Xmx512m
I/art     ( 5351): option[35]=-Duser.language=es
I/art     ( 5351): option[36]=-Duser.region=US
I/art     ( 5351): Pruning dalvik-cache since we are generating an image and will need to recompile
W/art     ( 5351): Unexpected file type of 
W/art     ( 5351):  encountered.
I/art     ( 5351): Using an offset of 0xff03d000 from default art base address of 0x70000000
I/art     ( 5351): GenerateImage: /system/bin/dex2oat --image=/data/dalvik-cache/arm/system@framework@boot.art --dex-file=/system/framework/core-libart.jar --dex-file=/system/framework/conscrypt.jar --dex-file=/system/framework/okhttp.jar --dex-file=/system/framework/core-junit.jar --dex-file=/system/framework/bouncycastle.jar --dex-file=/system/framework/ext.jar --dex-file=/system/framework/framework.jar --dex-file=/system/framework/telephony-common.jar --dex-file=/system/framework/voip-common.jar --dex-file=/system/framework/ims-common.jar --dex-file=/system/framework/mms-common.jar --dex-file=/system/framework/android.policy.jar --dex-file=/system/framework/apache-xml.jar --oat-file=/data/dalvik-cache/arm/system@framework@boot.oat --instruction-set=arm --instruction-set-features=div --base=0x6f03d000 --runtime-arg -Xms64m --runtime-arg -Xmx64m --image-classes-zip=/system/framework/framework.jar --image-classes=preloaded-classes
I/gralloc ( 5348): using (fd=12)
I/gralloc ( 5348): id           = 
I/gralloc ( 5348): xres         = 1080 px
I/gralloc ( 5348): yres         = 1920 px
I/gralloc ( 5348): xres_virtual = 1080 px
I/gralloc ( 5348): yres_virtual = 3840 px
I/gralloc ( 5348): bpp          = 32
I/gralloc ( 5348): r            = 16:8
I/gralloc ( 5348): g            =  8:8
I/gralloc ( 5348): b            =  0:8
I/gralloc ( 5348): width        = 65 mm (422.030762 dpi)
I/gralloc ( 5348): height       = 115 mm (424.069580 dpi)
I/gralloc ( 5348): refresh rate = 60.00 Hz
W/art     ( 5351): Unexpected file type of 
W/art     ( 5351):  encountered.
W/art     ( 5351): Could not create image space with image file '/system/framework/boot.art'. Attempting to fall back to imageless running. Error was: Failed to generate image '/data/dalvik-cache/arm/system@framework@boot.art': Failed execv(/system/bin/dex2oat --image=/data/dalvik-cache/arm/system@framework@boot.art --dex-file=/system/framework/core-libart.jar --dex-file=/system/framework/conscrypt.jar --dex-file=/system/framework/okhttp.jar --dex-file=/system/framework/core-junit.jar --dex-file=/system/framework/bouncycastle.jar --dex-file=/system/framework/ext.jar --dex-file=/system/framework/framework.jar --dex-file=/system/framework/telephony-common.jar --dex-file=/system/framework/voip-common.jar --dex-file=/system/framework/ims-common.jar --dex-file=/system/framework/mms-common.jar --dex-file=/system/framework/android.policy.jar --dex-file=/system/framework/apache-xml.jar --oat-file=/data/dalvik-cache/arm/system@framework@boot.oat --instruction-set=arm --instruction-set-features=div --base=0x6f03d000 --runtime-arg -Xms64
D/hwcomposer( 5348): using
D/hwcomposer( 5348): xres         = 1080 px
D/hwcomposer( 5348): yres         = 1920 px
D/hwcomposer( 5348): width        = 65 mm (422.030000 dpi)
D/hwcomposer( 5348): height       = 115 mm (424.069000 dpi)
D/hwcomposer( 5348): refresh rate = 60 Hz
E/libexynosv4l2-subdev( 5348): no subdev device found
E/hdmi    ( 5348): failed to open hdmi mixer0 subdev
E/hwcomposer( 5348): openHdmi fail
I/hwcomposer( 5348): PSR info devname = /sys/devices/14400000.fimd_fb/psr_info
I/hwcomposer( 5348): PSR mode is 2(0: video mode, 1: DP PSR mode, 2: MIPI-DSI command mode)
I/SurfaceFlinger( 5348): Using composer version 1.3
I/SurfaceFlinger( 5348): EGL information:
I/SurfaceFlinger( 5348): vendor    : Android
I/SurfaceFlinger( 5348): version   : 1.4 Android META-EGL
I/SurfaceFlinger( 5348): extensions: EGL_KHR_get_all_proc_addresses EGL_ANDROID_presentation_time EGL_KHR_image EGL_KHR_image_base EGL_KHR_gl_texture_2D_image EGL_KHR_gl_texture_cubemap_image EGL_KHR_gl_renderbuffer_image EGL_KHR_fence_sync EGL_KHR_create_context EGL_ANDROID_image_native_buffer EGL_KHR_wait_sync EGL_ANDROID_recordable 
I/SurfaceFlinger( 5348): Client API: OpenGL_ES
I/SurfaceFlinger( 5348): EGLSurface: 8-8-8-8, config=0xb6acf2ac
I/SurfaceFlinger( 5348): OpenGL ES informations:
I/SurfaceFlinger( 5348): vendor    : ARM
I/SurfaceFlinger( 5348): renderer  : Mali-T628
I/SurfaceFlinger( 5348): version   : OpenGL ES 3.0
I/SurfaceFlinger( 5348): extensions: GL_EXT_debug_marker GL_ARM_rgba8 GL_ARM_mali_shader_binary GL_OES_depth24 GL_OES_depth_texture GL_OES_depth_texture_cube_map GL_OES_packed_depth_stencil GL_OES_rgb8_rgba8 GL_EXT_read_format_bgra GL_OES_compressed_paletted_texture GL_OES_compressed_ETC1_RGB8_texture GL_OES_standard_derivatives GL_OES_EGL_image GL_OES_EGL_image_external GL_OES_EGL_sync GL_OES_texture_npot GL_OES_vertex_half_float GL_OES_required_internalformat GL_OES_vertex_array_object GL_OES_mapbuffer GL_EXT_texture_format_BGRA8888 GL_EXT_texture_rg GL_EXT_texture_type_2_10_10_10_REV GL_OES_fbo_render_mipmap GL_OES_element_index_uint GL_EXT_shadow_samplers GL_OES_texture_compression_astc GL_KHR_texture_compression_astc_ldr GL_KHR_texture_compression_astc_hdr GL_KHR_debug GL_EXT_occlusion_query_boolean GL_EXT_blend_minmax GL_EXT_discard_framebuffer GL_OES_get_program_binary GL_OES_texture_3D GL_EXT_texture_storage GL_EXT_multisampled_render_to_texture GL_OES_surfaceless_context GL_ARM_mali_program_binary 
I/SurfaceFlinger( 5348): GL_MAX_TEXTURE_SIZE = 8192
I/SurfaceFlinger( 5348): GL_MAX_VIEWPORT_DIMS = 8192
E/libEGL  ( 5348): eglQuerySurface:607 error 300d (EGL_BAD_SURFACE)
E/libEGL  ( 5348): eglQuerySurface:607 error 300d (EGL_BAD_SURFACE)
E/libEGL  ( 5348): call to OpenGL ES API with no current context (logged once per thread)
D/SurfaceFlinger( 5348): Set power mode=2, type=0 flinger=0xb6a62000
I/hwcomposer( 5348): int exynos5_blank(hwc_composer_device_1*, int, int):: disp(0), blank(0)
I/hwcomposer( 5348): unblank ioctl failed (display already unblanked)
E/libEGL  ( 5348): eglSwapBuffers:1071 error 300d (EGL_BAD_SURFACE)
F/SurfaceFlinger( 5348): eglSwapBuffers(0x1, 0x0) failed with 0x0000300d
F/libc    ( 5348): Fatal signal 6 (SIGABRT), code -6 in tid 5348 (surfaceflinger)
I/DEBUG   ( 5157): property debug.db.uid not set; NOT waiting for gdb.
I/DEBUG   ( 5157): HINT: adb shell setprop debug.db.uid 100000
I/DEBUG   ( 5157): HINT: adb forward tcp:5039 tcp:5039
I/DEBUG   ( 5157): *** *** *** *** *** *** *** *** *** *** *** *** *** *** *** ***
I/DEBUG   ( 5157): Build fingerprint: 'samsung/cm_k3gxx/k3gxx:5.0.2/LRX22G/88e55c58ed:userdebug/test-keys'
I/DEBUG   ( 5157): Revision: '10'
I/DEBUG   ( 5157): ABI: 'arm'
I/DEBUG   ( 5157): pid: 5348, tid: 5348, name: surfaceflinger  >>> /system/bin/surfaceflinger <<<
I/DEBUG   ( 5157): signal 6 (SIGABRT), code -6 (SI_TKILL), fault addr --------
I/DEBUG   ( 5157): Abort message: 'eglSwapBuffers(0x1, 0x0) failed with 0x0000300d'
I/DEBUG   ( 5157):     r0 00000000  r1 000014e4  r2 00000006  r3 00000000
I/DEBUG   ( 5157):     r4 b6fdd114  r5 00000006  r6 0000000b  r7 0000010c
I/DEBUG   ( 5157):     r8 00000000  r9 be850bd0  sl b6a54210  fp be850bd0
I/DEBUG   ( 5157):     ip 000014e4  sp be850650  lr b6f677b9  pc b6f8b4e4  cpsr 600f0010
I/DEBUG   ( 5157): 
I/DEBUG   ( 5157): backtrace:
I/DEBUG   ( 5157):     #00 pc 000384e4  /system/lib/libc.so (tgkill+12)
I/DEBUG   ( 5157):     #01 pc 000147b5  /system/lib/libc.so (pthread_kill+52)
I/DEBUG   ( 5157):     #02 pc 0001550b  /system/lib/libc.so (raise+10)
I/DEBUG   ( 5157):     #03 pc 00011c35  /system/lib/libc.so (__libc_android_abort+36)
I/DEBUG   ( 5157):     #04 pc 0000fcb8  /system/lib/libc.so (abort+4)
I/DEBUG   ( 5157):     #05 pc 00007739  /system/lib/libcutils.so (__android_log_assert+88)
I/DEBUG   ( 5157):     #06 pc 0000f4df  /system/lib/libsurfaceflinger.so
I/DEBUG   ( 5157):     #07 pc 0001b9fd  /system/lib/libsurfaceflinger.so
I/DEBUG   ( 5157):     #08 pc 0001abe7  /system/lib/libsurfaceflinger.so
I/DEBUG   ( 5157):     #09 pc 00019fc3  /system/lib/libsurfaceflinger.so
I/DEBUG   ( 5157):     #10 pc 00019d49  /system/lib/libsurfaceflinger.so
I/DEBUG   ( 5157):     #11 pc 00010ed3  /system/lib/libutils.so (android::Looper::pollInner(int)+410)
I/DEBUG   ( 5157):     #12 pc 00010fc5  /system/lib/libutils.so (android::Looper::pollOnce(int, int*, int*, void**)+92)
I/DEBUG   ( 5157):     #13 pc 000174c5  /system/lib/libsurfaceflinger.so
I/DEBUG   ( 5157):     #14 pc 0001993d  /system/lib/libsurfaceflinger.so (android::SurfaceFlinger::run()+8)
I/DEBUG   ( 5157):     #15 pc 0000083d  /system/bin/surfaceflinger
I/DEBUG   ( 5157):     #16 pc 0000fb75  /system/lib/libc.so (__libc_init+44)
I/DEBUG   ( 5157):     #17 pc 000008d8  /system/bin/surfaceflinger
W/auditd  ( 3581): type=1325 audit(0.0:1559): table=raw family=2 entries=9
W/iptables( 5494): type=1300 audit(0.0:1559): arch=40000028 syscall=294 per=800000 success=yes exit=0 a0=4 a1=0 a2=40 a3=b6c1ba00 items=0 ppid=5346 auid=4294967295 uid=0 gid=0 euid=0 suid=0 fsuid=0 egid=0 sgid=0 fsgid=0 ses=4294967295 tty=(none) exe="/system/bin/iptables" subj=u:r:netd:s0 key=(null)
W/auditd  ( 3581): type=1320 audit(0.0:1559): 
W/auditd  ( 3581): type=1325 audit(0.0:1560): table=raw family=10 entries=9
W/ip6tables( 5495): type=1300 audit(0.0:1560): arch=40000028 syscall=294 per=800000 success=yes exit=0 a0=4 a1=29 a2=40 a3=b6c1d000 items=0 ppid=5346 auid=4294967295 uid=0 gid=0 euid=0 suid=0 fsuid=0 egid=0 sgid=0 fsgid=0 ses=4294967295 tty=(none) exe="/system/bin/ip6tables" subj=u:r:netd:s0 key=(null)
W/auditd  ( 3581): type=1320 audit(0.0:1560): 
W/auditd  ( 3581): type=1325 audit(0.0:1561): table=raw family=2 entries=8
W/iptables( 5496): type=1300 audit(0.0:1561): arch=40000028 syscall=294 per=800000 success=yes exit=0 a0=4 a1=0 a2=40 a3=b6c1ba00 items=0 ppid=5346 auid=4294967295 uid=0 gid=0 euid=0 suid=0 fsuid=0 egid=0 sgid=0 fsgid=0 ses=4294967295 tty=(none) exe="/system/bin/iptables" subj=u:r:netd:s0 key=(null)
W/auditd  ( 3581): type=1320 audit(0.0:1561): 
W/auditd  ( 3581): type=1325 audit(0.0:1562): table=raw family=10 entries=8
W/ip6tables( 5497): type=1300 audit(0.0:1562): arch=40000028 syscall=294 per=800000 success=yes exit=0 a0=4 a1=29 a2=40 a3=b6c32800 items=0 ppid=5346 auid=4294967295 uid=0 gid=0 euid=0 suid=0 fsuid=0 egid=0 sgid=0 fsgid=0 ses=4294967295 tty=(none) exe="/system/bin/ip6tables" subj=u:r:netd:s0 key=(null)
W/auditd  ( 3581): type=1320 audit(0.0:1562): 
W/auditd  ( 3581): type=1325 audit(0.0:1563): table=raw family=2 entries=8
W/iptables( 5498): type=1300 audit(0.0:1563): arch=40000028 syscall=294 per=800000 success=yes exit=0 a0=4 a1=0 a2=40 a3=b6c30100 items=0 ppid=5346 auid=4294967295 uid=0 gid=0 euid=0 suid=0 fsuid=0 egid=0 sgid=0 fsgid=0 ses=4294967295 tty=(none) exe="/system/bin/iptables" subj=u:r:netd:s0 key=(null)
W/auditd  ( 3581): type=1320 audit(0.0:1563): 
W/auditd  ( 3581): type=1325 audit(0.0:1564): table=raw family=10 entries=8
W/ip6tables( 5499): type=1300 audit(0.0:1564): arch=40000028 syscall=294 per=800000 success=yes exit=0 a0=4 a1=29 a2=40 a3=b6c32400 items=0 ppid=5346 auid=4294967295 uid=0 gid=0 euid=0 suid=0 fsuid=0 egid=0 sgid=0 fsgid=0 ses=4294967295 tty=(none) exe="/system/bin/ip6tables" subj=u:r:netd:s0 key=(null)
W/auditd  ( 3581): type=1320 audit(0.0:1564): 
W/auditd  ( 3581): type=1325 audit(0.0:1565): table=raw family=2 entries=6
W/iptables( 5500): type=1300 audit(0.0:1565): arch=40000028 syscall=294 per=800000 success=yes exit=0 a0=4 a1=0 a2=40 a3=b6c20400 items=0 ppid=5346 auid=4294967295 uid=0 gid=0 euid=0 suid=0 fsuid=0 egid=0 sgid=0 fsgid=0 ses=4294967295 tty=(none) exe="/system/bin/iptables" subj=u:r:netd:s0 key=(null)
I/ServiceManager( 5349): Waiting for service batterystats...
V/NatController( 5346): runCmd(/system/bin/iptables -F natctrl_FORWARD) res=0
V/NatController( 5346): runCmd(/system/bin/iptables -A natctrl_FORWARD -j DROP) res=0
V/NatController( 5346): runCmd(/system/bin/iptables -t nat -F natctrl_nat_POSTROUTING) res=0
V/NatController( 5346): runCmd(/system/bin/iptables -F natctrl_tether_counters) res=0
V/NatController( 5346): runCmd(/system/bin/iptables -X natctrl_tether_counters) res=0
V/NatController( 5346): runCmd(/system/bin/iptables -N natctrl_tether_counters) res=0
V/NatController( 5346): runCmd(/system/bin/iptables -t mangle -A natctrl_mangle_FORWARD -p tcp --tcp-flags SYN SYN -j TCPMSS --clamp-mss-to-pmtu) res=0
I/DEBUG   ( 5157): 
I/DEBUG   ( 5157): Tombstone written to: /data/tombstones/tombstone_07
I/ServiceManager( 3570): service 'SurfaceFlinger' died
I/ServiceManager( 3570): service 'Exynos.HWCService' died
I/ServiceManager( 3570): service 'media.wifi_display' died
W/SurfaceComposerClient( 5414): ComposerService remote (surfaceflinger) died [0xb63591c0]
D/BootAnimation( 5414): SurfaceFlinger died, exiting...
I/ServiceManager( 3570): service 'media.audio_flinger' died
W/init    ( 5571): type=1400 audit(0.0:1628): avc: denied { entrypoint } for path="/system/bin/auditd" dev="mmcblk0p18" ino=173 scontext=u:r:logd:s0 tcontext=u:object_r:system_file:s0 tclass=file
W/init    ( 5571): type=1300 audit(0.0:1628): arch=40000028 syscall=11 per=800000 success=no exit=-13 a0=b6d80954 a1=b6d69530 a2=57e64 a3=ff0000 items=1 ppid=1 auid=4294967295 uid=0 gid=0 euid=0 suid=0 fsuid=0 egid=0 sgid=0 fsgid=0 ses=4294967295 tty=(none) exe="/init" subj=u:r:init:s0 key=(null)
W/auditd  ( 3581): type=1307 audit(0.0:1628): cwd="/"
W/auditd  ( 3581): type=1302 audit(0.0:1628): item=0 name="/system/bin/auditd" inode=173 dev=103:0a mode=0100755 ouid=0 ogid=2000 rdev=00:00 obj=u:object_r:system_file:s0
W/auditd  ( 3581): type=1320 audit(0.0:1628): 
I/Netd    ( 5572): Netd 1.0 starting
E/Netd    ( 5572): Failed to open /proc/sys/net/ipv6/conf/default/accept_ra_rt_table: No such file or directory
E/Netd    ( 5572): Failed to open /proc/sys/net/ipv6/conf/ip6tnl0/accept_ra_rt_table: No such file or directory
E/Netd    ( 5572): Failed to open /proc/sys/net/ipv6/conf/lo/accept_ra_rt_table: No such file or directory
E/Netd    ( 5572): Failed to open /proc/sys/net/ipv6/conf/rmnet0/accept_ra_rt_table: No such file or directory
E/Netd    ( 5572): Failed to open /proc/sys/net/ipv6/conf/rmnet1/accept_ra_rt_table: No such file or directory
E/Netd    ( 5572): Failed to open /proc/sys/net/ipv6/conf/rmnet2/accept_ra_rt_table: No such file or directory
E/Netd    ( 5572): Failed to open /proc/sys/net/ipv6/conf/rmnet3/accept_ra_rt_table: No such file or directory
E/Netd    ( 5572): Failed to open /proc/sys/net/ipv6/conf/sit0/accept_ra_rt_table: No such file or directory
W/auditd  ( 3581): type=1325 audit(0.0:1629): table=filter family=2 entries=40
W/iptables( 5578): type=1300 audit(0.0:1629): arch=40000028 syscall=294 per=800000 success=yes exit=0 a0=4 a1=0 a2=40 a3=b6c25000 items=0 ppid=5572 auid=4294967295 uid=0 gid=0 euid=0 suid=0 fsuid=0 egid=0 sgid=0 fsgid=0 ses=4294967295 tty=(none) exe="/system/bin/iptables" subj=u:r:netd:s0 key=(null)
W/auditd  ( 3581): type=1320 audit(0.0:1629): 
W/auditd  ( 3581): type=1325 audit(0.0:1630): table=filter family=10 entries=37
I/SurfaceFlinger( 5574): SurfaceFlinger is starting
W/ip6tables( 5579): type=1300 audit(0.0:1630): arch=40000028 syscall=294 per=800000 success=yes exit=0 a0=4 a1=29 a2=40 a3=b6c28000 items=0 ppid=5572 auid=4294967295 uid=0 gid=0 euid=0 suid=0 fsuid=0 egid=0 sgid=0 fsgid=0 ses=4294967295 tty=(none) exe="/system/bin/ip6tables" subj=u:r:netd:s0 key=(null)
W/auditd  ( 3581): type=1320 audit(0.0:1630): 
I/SurfaceFlinger( 5574): SurfaceFlinger's main thread ready to run. Initializing graphics H/W...
W/auditd  ( 3581): type=1325 audit(0.0:1631): table=filter family=2 entries=39
W/iptables( 5583): type=1300 audit(0.0:1631): arch=40000028 syscall=294 per=800000 success=yes exit=0 a0=4 a1=0 a2=40 a3=b6c22000 items=0 ppid=5572 auid=4294967295 uid=0 gid=0 euid=0 suid=0 fsuid=0 egid=0 sgid=0 fsgid=0 ses=4294967295 tty=(none) exe="/system/bin/iptables" subj=u:r:netd:s0 key=(null)
W/auditd  ( 3581): type=1320 audit(0.0:1631): 
D/libEGL  ( 5574): loaded /vendor/lib/egl/libGLES_mali.so
W/auditd  ( 3581): type=1325 audit(0.0:1632): table=filter family=10 entries=36
W/ip6tables( 5584): type=1300 audit(0.0:1632): arch=40000028 syscall=294 per=800000 success=yes exit=0 a0=4 a1=29 a2=40 a3=b6c23000 items=0 ppid=5572 auid=4294967295 uid=0 gid=0 euid=0 suid=0 fsuid=0 egid=0 sgid=0 fsgid=0 ses=4294967295 tty=(none) exe="/system/bin/ip6tables" subj=u:r:netd:s0 key=(null)
W/auditd  ( 3581): type=1320 audit(0.0:1632): 
W/auditd  ( 3581): type=1325 audit(0.0:1633): table=filter family=2 entries=39
W/iptables( 5586): type=1300 audit(0.0:1633): arch=40000028 syscall=294 per=800000 success=yes exit=0 a0=4 a1=0 a2=40 a3=b6c22000 items=0 ppid=5572 auid=4294967295 uid=0 gid=0 euid=0 suid=0 fsuid=0 egid=0 sgid=0 fsgid=0 ses=4294967295 tty=(none) exe="/system/bin/iptables" subj=u:r:netd:s0 key=(null)
W/auditd  ( 3581): type=1320 audit(0.0:1633): 
I/        ( 5574): PLATFORM VERSION : JB-MR-2
I/gralloc ( 5574): using (fd=12)
I/gralloc ( 5574): id           = 
I/gralloc ( 5574): xres         = 1080 px
I/gralloc ( 5574): yres         = 1920 px
I/gralloc ( 5574): xres_virtual = 1080 px
I/gralloc ( 5574): yres_virtual = 3840 px
I/gralloc ( 5574): bpp          = 32
I/gralloc ( 5574): r            = 16:8
I/gralloc ( 5574): g            =  8:8
I/gralloc ( 5574): b            =  0:8
I/gralloc ( 5574): width        = 65 mm (422.030762 dpi)
I/gralloc ( 5574): height       = 115 mm (424.069580 dpi)
I/gralloc ( 5574): refresh rate = 60.00 Hz
D/AndroidRuntime( 5577): 
D/AndroidRuntime( 5577): >>>>>> AndroidRuntime START com.android.internal.os.ZygoteInit <<<<<<
D/AndroidRuntime( 5577): CheckJNI is OFF
I/art     ( 5577): option[0]=-Xzygote
I/art     ( 5577): option[1]=-Xstacktracefile:/data/anr/traces.txt
I/art     ( 5577): option[2]=exit
I/art     ( 5577): option[3]=vfprintf
I/art     ( 5577): option[4]=sensitiveThread
I/art     ( 5577): option[5]=-verbose:gc
I/art     ( 5577): option[6]=-Xms8m
I/art     ( 5577): option[7]=-Xmx512m
I/art     ( 5577): option[8]=-XX:mainThreadStackSize=24K
I/art     ( 5577): option[9]=-XX:HeapGrowthLimit=128m
I/art     ( 5577): option[10]=-XX:HeapMinFree=2m
I/art     ( 5577): option[11]=-XX:HeapMaxFree=8m
I/art     ( 5577): option[12]=-XX:HeapTargetUtilization=0.75
I/art     ( 5577): option[13]=-agentlib:jdwp=transport=dt_android_adb,suspend=n,server=y
I/art     ( 5577): option[14]=-Xlockprofthreshold:500
I/art     ( 5577): option[15]=-Ximage-compiler-option
I/art     ( 5577): option[16]=--runtime-arg
I/art     ( 5577): option[17]=-Ximage-compiler-option
I/art     ( 5577): option[18]=-Xms64m
I/art     ( 5577): option[19]=-Ximage-compiler-option
I/art     ( 5577): option[20]=--runtime-arg
I/art     ( 5577): option[21]=-Ximage-compiler-option
I/art     ( 5577): option[22]=-Xmx64m
I/art     ( 5577): option[23]=-Ximage-compiler-option
I/art     ( 5577): option[24]=--image-classes-zip=/system/framework/framework.jar
I/art     ( 5577): option[25]=-Ximage-compiler-option
I/art     ( 5577): option[26]=--image-classes=preloaded-classes
I/art     ( 5577): option[27]=-Xcompiler-option
I/art     ( 5577): option[28]=--runtime-arg
I/art     ( 5577): option[29]=-Xcompiler-option
I/art     ( 5577): option[30]=-Xms64m
I/art     ( 5577): option[31]=-Xcompiler-option
I/art     ( 5577): option[32]=--runtime-arg
I/art     ( 5577): option[33]=-Xcompiler-option
I/art     ( 5577): option[34]=-Xmx512m
I/art     ( 5577): option[35]=-Duser.language=es
I/art     ( 5577): option[36]=-Duser.region=US
I/art     ( 5577): Pruning dalvik-cache since we are generating an image and will need to recompile
I/mediaserver( 5575): ServiceManager: 0xb60500c0
I/AudioFlinger( 5575): Using default 3000 mSec as standby time.
W/art     ( 5577): Unexpected file type of 
W/art     ( 5577):  encountered.
I/art     ( 5577): Using an offset of 0x7ae000 from default art base address of 0x70000000
I/art     ( 5577): GenerateImage: /system/bin/dex2oat --image=/data/dalvik-cache/arm/system@framework@boot.art --dex-file=/system/framework/core-libart.jar --dex-file=/system/framework/conscrypt.jar --dex-file=/system/framework/okhttp.jar --dex-file=/system/framework/core-junit.jar --dex-file=/system/framework/bouncycastle.jar --dex-file=/system/framework/ext.jar --dex-file=/system/framework/framework.jar --dex-file=/system/framework/telephony-common.jar --dex-file=/system/framework/voip-common.jar --dex-file=/system/framework/ims-common.jar --dex-file=/system/framework/mms-common.jar --dex-file=/system/framework/android.policy.jar --dex-file=/system/framework/apache-xml.jar --oat-file=/data/dalvik-cache/arm/system@framework@boot.oat --instruction-set=arm --instruction-set-features=div --base=0x707ae000 --runtime-arg -Xms64m --runtime-arg -Xmx64m --image-classes-zip=/system/framework/framework.jar --image-classes=preloaded-classes
I/ServiceManager( 5575): Waiting for service batterystats...
W/art     ( 5577): Unexpected file type of 
W/art     ( 5577):  encountered.
W/art     ( 5577): Could not create image space with image file '/system/framework/boot.art'. Attempting to fall back to imageless running. Error was: Failed to generate image '/data/dalvik-cache/arm/system@framework@boot.art': Failed execv(/system/bin/dex2oat --image=/data/dalvik-cache/arm/system@framework@boot.art --dex-file=/system/framework/core-libart.jar --dex-file=/system/framework/conscrypt.jar --dex-file=/system/framework/okhttp.jar --dex-file=/system/framework/core-junit.jar --dex-file=/system/framework/bouncycastle.jar --dex-file=/system/framework/ext.jar --dex-file=/system/framework/framework.jar --dex-file=/system/framework/telephony-common.jar --dex-file=/system/framework/voip-common.jar --dex-file=/system/framework/ims-common.jar --dex-file=/system/framework/mms-common.jar --dex-file=/system/framework/android.policy.jar --dex-file=/system/framework/apache-xml.jar --oat-file=/data/dalvik-cache/arm/system@framework@boot.oat --instruction-set=arm --instruction-set-features=div --base=0x707ae000 --runtime-arg -Xms64
D/hwcomposer( 5574): using
D/hwcomposer( 5574): xres         = 1080 px
D/hwcomposer( 5574): yres         = 1920 px
D/hwcomposer( 5574): width        = 65 mm (422.030000 dpi)
D/hwcomposer( 5574): height       = 115 mm (424.069000 dpi)
D/hwcomposer( 5574): refresh rate = 60 Hz
E/libexynosv4l2-subdev( 5574): no subdev device found
E/hdmi    ( 5574): failed to open hdmi mixer0 subdev
E/hwcomposer( 5574): openHdmi fail
I/hwcomposer( 5574): PSR info devname = /sys/devices/14400000.fimd_fb/psr_info
I/hwcomposer( 5574): PSR mode is 2(0: video mode, 1: DP PSR mode, 2: MIPI-DSI command mode)
I/SurfaceFlinger( 5574): Using composer version 1.3
I/SurfaceFlinger( 5574): EGL information:
I/SurfaceFlinger( 5574): vendor    : Android
I/SurfaceFlinger( 5574): version   : 1.4 Android META-EGL
I/SurfaceFlinger( 5574): extensions: EGL_KHR_get_all_proc_addresses EGL_ANDROID_presentation_time EGL_KHR_image EGL_KHR_image_base EGL_KHR_gl_texture_2D_image EGL_KHR_gl_texture_cubemap_image EGL_KHR_gl_renderbuffer_image EGL_KHR_fence_sync EGL_KHR_create_context EGL_ANDROID_image_native_buffer EGL_KHR_wait_sync EGL_ANDROID_recordable 
I/SurfaceFlinger( 5574): Client API: OpenGL_ES
I/SurfaceFlinger( 5574): EGLSurface: 8-8-8-8, config=0xb69cf2ac
I/SurfaceFlinger( 5574): OpenGL ES informations:
I/SurfaceFlinger( 5574): vendor    : ARM
I/SurfaceFlinger( 5574): renderer  : Mali-T628
I/SurfaceFlinger( 5574): version   : OpenGL ES 3.0
I/SurfaceFlinger( 5574): extensions: GL_EXT_debug_marker GL_ARM_rgba8 GL_ARM_mali_shader_binary GL_OES_depth24 GL_OES_depth_texture GL_OES_depth_texture_cube_map GL_OES_packed_depth_stencil GL_OES_rgb8_rgba8 GL_EXT_read_format_bgra GL_OES_compressed_paletted_texture GL_OES_compressed_ETC1_RGB8_texture GL_OES_standard_derivatives GL_OES_EGL_image GL_OES_EGL_image_external GL_OES_EGL_sync GL_OES_texture_npot GL_OES_vertex_half_float GL_OES_required_internalformat GL_OES_vertex_array_object GL_OES_mapbuffer GL_EXT_texture_format_BGRA8888 GL_EXT_texture_rg GL_EXT_texture_type_2_10_10_10_REV GL_OES_fbo_render_mipmap GL_OES_element_index_uint GL_EXT_shadow_samplers GL_OES_texture_compression_astc GL_KHR_texture_compression_astc_ldr GL_KHR_texture_compression_astc_hdr GL_KHR_debug GL_EXT_occlusion_query_boolean GL_EXT_blend_minmax GL_EXT_discard_framebuffer GL_OES_get_program_binary GL_OES_texture_3D GL_EXT_texture_storage GL_EXT_multisampled_render_to_texture GL_OES_surfaceless_context GL_ARM_mali_program_binary 
I/SurfaceFlinger( 5574): GL_MAX_TEXTURE_SIZE = 8192
I/SurfaceFlinger( 5574): GL_MAX_VIEWPORT_DIMS = 8192
E/libEGL  ( 5574): eglQuerySurface:607 error 300d (EGL_BAD_SURFACE)
E/libEGL  ( 5574): eglQuerySurface:607 error 300d (EGL_BAD_SURFACE)
E/libEGL  ( 5574): call to OpenGL ES API with no current context (logged once per thread)
D/SurfaceFlinger( 5574): Set power mode=2, type=0 flinger=0xb6962000
I/hwcomposer( 5574): int exynos5_blank(hwc_composer_device_1*, int, int):: disp(0), blank(0)
I/hwcomposer( 5574): unblank ioctl failed (display already unblanked)
E/libEGL  ( 5574): eglSwapBuffers:1071 error 300d (EGL_BAD_SURFACE)
F/SurfaceFlinger( 5574): eglSwapBuffers(0x1, 0x0) failed with 0x0000300d
F/libc    ( 5574): Fatal signal 6 (SIGABRT), code -6 in tid 5574 (surfaceflinger)
I/DEBUG   ( 5157): property debug.db.uid not set; NOT waiting for gdb.
I/DEBUG   ( 5157): HINT: adb shell setprop debug.db.uid 100000
I/DEBUG   ( 5157): HINT: adb forward tcp:5039 tcp:5039
I/DEBUG   ( 5157): *** *** *** *** *** *** *** *** *** *** *** *** *** *** *** ***
I/DEBUG   ( 5157): Build fingerprint: 'samsung/cm_k3gxx/k3gxx:5.0.2/LRX22G/88e55c58ed:userdebug/test-keys'
I/DEBUG   ( 5157): Revision: '10'
I/DEBUG   ( 5157): ABI: 'arm'
I/DEBUG   ( 5157): pid: 5574, tid: 5574, name: surfaceflinger  >>> /system/bin/surfaceflinger <<<
I/DEBUG   ( 5157): signal 6 (SIGABRT), code -6 (SI_TKILL), fault addr --------
I/DEBUG   ( 5157): Abort message: 'eglSwapBuffers(0x1, 0x0) failed with 0x0000300d'
I/DEBUG   ( 5157):     r0 00000000  r1 000015c6  r2 00000006  r3 00000000
I/DEBUG   ( 5157):     r4 b6f14114  r5 00000006  r6 0000000b  r7 0000010c
I/DEBUG   ( 5157):     r8 00000000  r9 be92dbd0  sl b6954210  fp be92dbd0
I/DEBUG   ( 5157):     ip 000015c6  sp be92d650  lr b6e9e7b9  pc b6ec24e4  cpsr 600f0010
I/DEBUG   ( 5157): 
I/DEBUG   ( 5157): backtrace:
I/DEBUG   ( 5157):     #00 pc 000384e4  /system/lib/libc.so (tgkill+12)
I/DEBUG   ( 5157):     #01 pc 000147b5  /system/lib/libc.so (pthread_kill+52)
I/DEBUG   ( 5157):     #02 pc 0001550b  /system/lib/libc.so (raise+10)
I/DEBUG   ( 5157):     #03 pc 00011c35  /system/lib/libc.so (__libc_android_abort+36)
I/DEBUG   ( 5157):     #04 pc 0000fcb8  /system/lib/libc.so (abort+4)
I/DEBUG   ( 5157):     #05 pc 00007739  /system/lib/libcutils.so (__android_log_assert+88)
I/DEBUG   ( 5157):     #06 pc 0000f4df  /system/lib/libsurfaceflinger.so
I/DEBUG   ( 5157):     #07 pc 0001b9fd  /system/lib/libsurfaceflinger.so
I/DEBUG   ( 5157):     #08 pc 0001abe7  /system/lib/libsurfaceflinger.so
I/DEBUG   ( 5157):     #09 pc 00019fc3  /system/lib/libsurfaceflinger.so
I/DEBUG   ( 5157):     #10 pc 00019d49  /system/lib/libsurfaceflinger.so
I/DEBUG   ( 5157):     #11 pc 00010ed3  /system/lib/libutils.so (android::Looper::pollInner(int)+410)
I/DEBUG   ( 5157):     #12 pc 00010fc5  /system/lib/libutils.so (android::Looper::pollOnce(int, int*, int*, void**)+92)
I/DEBUG   ( 5157):     #13 pc 000174c5  /system/lib/libsurfaceflinger.so
I/DEBUG   ( 5157):     #14 pc 0001993d  /system/lib/libsurfaceflinger.so (android::SurfaceFlinger::run()+8)
I/DEBUG   ( 5157):     #15 pc 0000083d  /system/bin/surfaceflinger
I/DEBUG   ( 5157):     #16 pc 0000fb75  /system/lib/libc.so (__libc_init+44)
I/DEBUG   ( 5157):     #17 pc 000008d8  /system/bin/surfaceflinger
W/auditd  ( 3581): type=1325 audit(0.0:1758): table=raw family=10 entries=8
W/ip6tables( 5719): type=1300 audit(0.0:1758): arch=40000028 syscall=294 per=800000 success=yes exit=0 a0=4 a1=29 a2=40 a3=b6c37800 items=0 ppid=5572 auid=4294967295 uid=0 gid=0 euid=0 suid=0 fsuid=0 egid=0 sgid=0 fsgid=0 ses=4294967295 tty=(none) exe="/system/bin/ip6tables" subj=u:r:netd:s0 key=(null)
W/auditd  ( 3581): type=1320 audit(0.0:1758): 
W/auditd  ( 3581): type=1325 audit(0.0:1759): table=raw family=2 entries=9
W/iptables( 5720): type=1300 audit(0.0:1759): arch=40000028 syscall=294 per=800000 success=yes exit=0 a0=4 a1=0 a2=40 a3=b6c1ba00 items=0 ppid=5572 auid=4294967295 uid=0 gid=0 euid=0 suid=0 fsuid=0 egid=0 sgid=0 fsgid=0 ses=4294967295 tty=(none) exe="/system/bin/iptables" subj=u:r:netd:s0 key=(null)
W/auditd  ( 3581): type=1320 audit(0.0:1759): 
W/auditd  ( 3581): type=1325 audit(0.0:1760): table=raw family=10 entries=9
W/ip6tables( 5721): type=1300 audit(0.0:1760): arch=40000028 syscall=294 per=800000 success=yes exit=0 a0=4 a1=29 a2=40 a3=b6c1d000 items=0 ppid=5572 auid=4294967295 uid=0 gid=0 euid=0 suid=0 fsuid=0 egid=0 sgid=0 fsgid=0 ses=4294967295 tty=(none) exe="/system/bin/ip6tables" subj=u:r:netd:s0 key=(null)
W/auditd  ( 3581): type=1320 audit(0.0:1760): 
W/auditd  ( 3581): type=1325 audit(0.0:1761): table=raw family=2 entries=8
W/iptables( 5722): type=1300 audit(0.0:1761): arch=40000028 syscall=294 per=800000 success=yes exit=0 a0=4 a1=0 a2=40 a3=b6c1ba00 items=0 ppid=5572 auid=4294967295 uid=0 gid=0 euid=0 suid=0 fsuid=0 egid=0 sgid=0 fsgid=0 ses=4294967295 tty=(none) exe="/system/bin/iptables" subj=u:r:netd:s0 key=(null)
W/auditd  ( 3581): type=1320 audit(0.0:1761): 
W/auditd  ( 3581): type=1325 audit(0.0:1762): table=raw family=10 entries=8
W/ip6tables( 5723): type=1300 audit(0.0:1762): arch=40000028 syscall=294 per=800000 success=yes exit=0 a0=4 a1=29 a2=40 a3=b6c32800 items=0 ppid=5572 auid=4294967295 uid=0 gid=0 euid=0 suid=0 fsuid=0 egid=0 sgid=0 fsgid=0 ses=4294967295 tty=(none) exe="/system/bin/ip6tables" subj=u:r:netd:s0 key=(null)
W/auditd  ( 3581): type=1320 audit(0.0:1762): 
W/auditd  ( 3581): type=1325 audit(0.0:1763): table=raw family=2 entries=8
W/iptables( 5724): type=1300 audit(0.0:1763): arch=40000028 syscall=294 per=800000 success=yes exit=0 a0=4 a1=0 a2=40 a3=b6c30100 items=0 ppid=5572 auid=4294967295 uid=0 gid=0 euid=0 suid=0 fsuid=0 egid=0 sgid=0 fsgid=0 ses=4294967295 tty=(none) exe="/system/bin/iptables" subj=u:r:netd:s0 key=(null)
W/auditd  ( 3581): type=1320 audit(0.0:1763): 
W/auditd  ( 3581): type=1325 audit(0.0:1764): table=raw family=10 entries=8
W/ip6tables( 5725): type=1300 audit(0.0:1764): arch=40000028 syscall=294 per=800000 success=yes exit=0 a0=4 a1=29 a2=40 a3=b6c32400 items=0 ppid=5572 auid=4294967295 uid=0 gid=0 euid=0 suid=0 fsuid=0 egid=0 sgid=0 fsgid=0 ses=4294967295 tty=(none) exe="/system/bin/ip6tables" subj=u:r:netd:s0 key=(null)
I/ServiceManager( 5575): Waiting for service batterystats...
V/NatController( 5572): runCmd(/system/bin/iptables -F natctrl_FORWARD) res=0
V/NatController( 5572): runCmd(/system/bin/iptables -A natctrl_FORWARD -j DROP) res=0
V/NatController( 5572): runCmd(/system/bin/iptables -t nat -F natctrl_nat_POSTROUTING) res=0
V/NatController( 5572): runCmd(/system/bin/iptables -F natctrl_tether_counters) res=0
V/NatController( 5572): runCmd(/system/bin/iptables -X natctrl_tether_counters) res=0
V/NatController( 5572): runCmd(/system/bin/iptables -N natctrl_tether_counters) res=0
I/DEBUG   ( 5157): 
I/DEBUG   ( 5157): Tombstone written to: /data/tombstones/tombstone_08
V/NatController( 5572): runCmd(/system/bin/iptables -t mangle -A natctrl_mangle_FORWARD -p tcp --tcp-flags SYN SYN -j TCPMSS --clamp-mss-to-pmtu) res=0
I/ServiceManager( 3570): service 'SurfaceFlinger' died
E/SurfaceControl( 5634): invalid handle (0x0) or client (0xb6317118)
I/ServiceManager( 3570): service 'Exynos.HWCService' died
I/ServiceManager( 3570): service 'media.wifi_display' died
W/SurfaceComposerClient( 5634): ComposerService remote (surfaceflinger) died [0xb63591c0]
D/BootAnimation( 5634): SurfaceFlinger died, exiting...
I/ServiceManager( 3570): service 'media.audio_flinger' died
W/init    ( 5790): type=1400 audit(0.0:1821): avc: denied { entrypoint } for path="/system/bin/auditd" dev="mmcblk0p18" ino=173 scontext=u:r:logd:s0 tcontext=u:object_r:system_file:s0 tclass=file
W/init    ( 5790): type=1300 audit(0.0:1821): arch=40000028 syscall=11 per=800000 success=no exit=-13 a0=b6d80954 a1=b6d69530 a2=57e64 a3=ff0000 items=1 ppid=1 auid=4294967295 uid=0 gid=0 euid=0 suid=0 fsuid=0 egid=0 sgid=0 fsgid=0 ses=4294967295 tty=(none) exe="/init" subj=u:r:init:s0 key=(null)
W/auditd  ( 3581): type=1307 audit(0.0:1821): cwd="/"
W/auditd  ( 3581): type=1302 audit(0.0:1821): item=0 name="/system/bin/auditd" inode=173 dev=103:0a mode=0100755 ouid=0 ogid=2000 rdev=00:00 obj=u:object_r:system_file:s0
W/auditd  ( 3581): type=1320 audit(0.0:1821): 
I/Netd    ( 5791): Netd 1.0 starting
E/Netd    ( 5791): Failed to open /proc/sys/net/ipv6/conf/default/accept_ra_rt_table: No such file or directory
E/Netd    ( 5791): Failed to open /proc/sys/net/ipv6/conf/ip6tnl0/accept_ra_rt_table: No such file or directory
E/Netd    ( 5791): Failed to open /proc/sys/net/ipv6/conf/lo/accept_ra_rt_table: No such file or directory
E/Netd    ( 5791): Failed to open /proc/sys/net/ipv6/conf/rmnet0/accept_ra_rt_table: No such file or directory
E/Netd    ( 5791): Failed to open /proc/sys/net/ipv6/conf/rmnet1/accept_ra_rt_table: No such file or directory
E/Netd    ( 5791): Failed to open /proc/sys/net/ipv6/conf/rmnet2/accept_ra_rt_table: No such file or directory
E/Netd    ( 5791): Failed to open /proc/sys/net/ipv6/conf/rmnet3/accept_ra_rt_table: No such file or directory
E/Netd    ( 5791): Failed to open /proc/sys/net/ipv6/conf/sit0/accept_ra_rt_table: No such file or directory
W/auditd  ( 3581): type=1325 audit(0.0:1822): table=filter family=2 entries=40
W/iptables( 5797): type=1300 audit(0.0:1822): arch=40000028 syscall=294 per=800000 success=yes exit=0 a0=4 a1=0 a2=40 a3=b6c25000 items=0 ppid=5791 auid=4294967295 uid=0 gid=0 euid=0 suid=0 fsuid=0 egid=0 sgid=0 fsgid=0 ses=4294967295 tty=(none) exe="/system/bin/iptables" subj=u:r:netd:s0 key=(null)
W/auditd  ( 3581): type=1320 audit(0.0:1822): 
I/SurfaceFlinger( 5793): SurfaceFlinger is starting
W/auditd  ( 3581): type=1325 audit(0.0:1823): table=filter family=10 entries=37
I/SurfaceFlinger( 5793): SurfaceFlinger's main thread ready to run. Initializing graphics H/W...
W/ip6tables( 5798): type=1300 audit(0.0:1823): arch=40000028 syscall=294 per=800000 success=yes exit=0 a0=4 a1=29 a2=40 a3=b6c28000 items=0 ppid=5791 auid=4294967295 uid=0 gid=0 euid=0 suid=0 fsuid=0 egid=0 sgid=0 fsgid=0 ses=4294967295 tty=(none) exe="/system/bin/ip6tables" subj=u:r:netd:s0 key=(null)
W/auditd  ( 3581): type=1320 audit(0.0:1823): 
W/auditd  ( 3581): type=1325 audit(0.0:1824): table=filter family=2 entries=39
W/iptables( 5803): type=1300 audit(0.0:1824): arch=40000028 syscall=294 per=800000 success=yes exit=0 a0=4 a1=0 a2=40 a3=b6c22000 items=0 ppid=5791 auid=4294967295 uid=0 gid=0 euid=0 suid=0 fsuid=0 egid=0 sgid=0 fsgid=0 ses=4294967295 tty=(none) exe="/system/bin/iptables" subj=u:r:netd:s0 key=(null)
W/auditd  ( 3581): type=1320 audit(0.0:1824): 
