E/Minikin ( 4862): addFont failed to create font /system/fonts/NotoSansYi-Regular.ttf
E/Minikin ( 4862): addFont failed to create font /system/fonts/NotoSansHans-Regular.otf
E/Minikin ( 4862): addFont failed to create font /system/fonts/NotoSansHant-Regular.otf
E/Minikin ( 4862): addFont failed to create font /system/fonts/NotoSansJP-Regular.otf
E/Minikin ( 4862): addFont failed to create font /system/fonts/NotoSansKR-Regular.otf
E/Minikin ( 4940): addFont failed to create font /system/fonts/NotoSansCherokee-Regular.ttf
E/Minikin ( 4940): addFont failed to create font /system/fonts/NotoSansCanadianAboriginal-Regular.ttf
E/Minikin ( 4940): addFont failed to create font /system/fonts/NotoSansYi-Regular.ttf
E/Minikin ( 4940): addFont failed to create font /system/fonts/NotoSansHans-Regular.otf
E/Minikin ( 4940): addFont failed to create font /system/fonts/NotoSansHant-Regular.otf
E/Minikin ( 4940): addFont failed to create font /system/fonts/NotoSansJP-Regular.otf
E/Minikin ( 4940): addFont failed to create font /system/fonts/NotoSansKR-Regular.otf
E/Minikin ( 4735): addFont failed to create font /system/fonts/NotoSansGujarati-Regular.ttf
E/Minikin ( 4735): addFont failed to create font /system/fonts/NotoSansGujarati-Bold.ttf
E/Minikin ( 4735): addFont failed to create font /system/fonts/NotoSansGujaratiUI-Regular.ttf
E/Minikin ( 4735): addFont failed to create font /system/fonts/NotoSansGujaratiUI-Bold.ttf
E/Minikin ( 4735): addFont failed to create font /system/fonts/NotoSansGurmukhi-Regular.ttf
E/Minikin ( 4735): addFont failed to create font /system/fonts/NotoSansGurmukhi-Bold.ttf
E/Minikin ( 4735): addFont failed to create font /system/fonts/NotoSansGurmukhiUI-Regular.ttf
E/Minikin ( 4735): addFont failed to create font /system/fonts/NotoSansGurmukhiUI-Bold.ttf
E/Minikin ( 4735): addFont failed to create font /system/fonts/NotoSansSinhala-Regular.ttf
E/Minikin ( 4735): addFont failed to create font /system/fonts/NotoSansSinhala-Bold.ttf
E/Minikin ( 4735): addFont failed to create font /system/fonts/NotoSansCherokee-Regular.ttf
E/Minikin ( 4735): addFont failed to create font /system/fonts/NotoSansCanadianAboriginal-Regular.ttf
E/Minikin ( 4735): addFont failed to create font /system/fonts/NotoSansYi-Regular.ttf
E/Minikin ( 4735): addFont failed to create font /system/fonts/NotoSansHans-Regular.otf
E/Minikin ( 4735): addFont failed to create font /system/fonts/NotoSansHant-Regular.otf
E/Minikin ( 4735): addFont failed to create font /system/fonts/NotoSansJP-Regular.otf
E/Minikin ( 4735): addFont failed to create font /system/fonts/NotoSansKR-Regular.otf
E/Minikin ( 4112): addFont failed to create font /system/fonts/NotoSansGujarati-Regular.ttf
E/Minikin ( 4112): addFont failed to create font /system/fonts/NotoSansGujarati-Bold.ttf
E/Minikin ( 4112): addFont failed to create font /system/fonts/NotoSansGujaratiUI-Regular.ttf
E/Minikin ( 4112): addFont failed to create font /system/fonts/NotoSansGujaratiUI-Bold.ttf
E/Minikin ( 4112): addFont failed to create font /system/fonts/NotoSansGurmukhi-Regular.ttf
E/Minikin ( 4112): addFont failed to create font /system/fonts/NotoSansGurmukhi-Bold.ttf
E/Minikin ( 4112): addFont failed to create font /system/fonts/NotoSansGurmukhiUI-Regular.ttf
E/Minikin ( 4112): addFont failed to create font /system/fonts/NotoSansGurmukhiUI-Bold.ttf
E/Minikin ( 4112): addFont failed to create font /system/fonts/NotoSansSinhala-Regular.ttf
E/Minikin ( 4112): addFont failed to create font /system/fonts/NotoSansSinhala-Bold.ttf
E/Minikin ( 4112): addFont failed to create font /system/fonts/NotoSansCherokee-Regular.ttf
E/Minikin ( 4112): addFont failed to create font /system/fonts/NotoSansCanadianAboriginal-Regular.ttf
E/Minikin ( 4112): addFont failed to create font /system/fonts/NotoSansYi-Regular.ttf
E/Minikin ( 4112): addFont failed to create font /system/fonts/NotoSansHans-Regular.otf
E/Minikin ( 4112): addFont failed to create font /system/fonts/NotoSansHant-Regular.otf
E/Minikin ( 4112): addFont failed to create font /system/fonts/NotoSansJP-Regular.otf
E/Minikin ( 4112): addFont failed to create font /system/fonts/NotoSansKR-Regular.otf
E/Minikin ( 4473): addFont failed to create font /system/fonts/NotoSansGujarati-Regular.ttf
E/Minikin ( 4473): addFont failed to create font /system/fonts/NotoSansGujarati-Bold.ttf
E/Minikin ( 4473): addFont failed to create font /system/fonts/NotoSansGujaratiUI-Regular.ttf
E/Minikin ( 4473): addFont failed to create font /system/fonts/NotoSansGujaratiUI-Bold.ttf
E/Minikin ( 4473): addFont failed to create font /system/fonts/NotoSansGurmukhi-Regular.ttf
E/Minikin ( 4473): addFont failed to create font /system/fonts/NotoSansGurmukhi-Bold.ttf
E/Minikin ( 4473): addFont failed to create font /system/fonts/NotoSansGurmukhiUI-Regular.ttf
E/Minikin ( 4473): addFont failed to create font /system/fonts/NotoSansGurmukhiUI-Bold.ttf
E/Minikin ( 4473): addFont failed to create font /system/fonts/NotoSansSinhala-Regular.ttf
E/Minikin ( 4473): addFont failed to create font /system/fonts/NotoSansSinhala-Bold.ttf
E/Minikin ( 4473): addFont failed to create font /system/fonts/NotoSansCherokee-Regular.ttf
E/Minikin ( 4473): addFont failed to create font /system/fonts/NotoSansCanadianAboriginal-Regular.ttf
E/Minikin ( 4473): addFont failed to create font /system/fonts/NotoSansYi-Regular.ttf
E/Minikin ( 4473): addFont failed to create font /system/fonts/NotoSansHans-Regular.otf
E/Minikin ( 4473): addFont failed to create font /system/fonts/NotoSansHant-Regular.otf
E/Minikin ( 4473): addFont failed to create font /system/fonts/NotoSansJP-Regular.otf
E/Minikin ( 4473): addFont failed to create font /system/fonts/NotoSansKR-Regular.otf
E/Minikin ( 4757): addFont failed to create font /system/fonts/NotoSansGujarati-Regular.ttf
E/Minikin ( 4757): addFont failed to create font /system/fonts/NotoSansGujarati-Bold.ttf
E/Minikin ( 4757): addFont failed to create font /system/fonts/NotoSansGujaratiUI-Regular.ttf
E/Minikin ( 4757): addFont failed to create font /system/fonts/NotoSansGujaratiUI-Bold.ttf
E/Minikin ( 4757): addFont failed to create font /system/fonts/NotoSansGurmukhi-Regular.ttf
E/Minikin ( 4757): addFont failed to create font /system/fonts/NotoSansGurmukhi-Bold.ttf
E/Minikin ( 4757): addFont failed to create font /system/fonts/NotoSansGurmukhiUI-Regular.ttf
E/Minikin ( 4757): addFont failed to create font /system/fonts/NotoSansGurmukhiUI-Bold.ttf
E/Minikin ( 4757): addFont failed to create font /system/fonts/NotoSansSinhala-Regular.ttf
E/Minikin ( 4757): addFont failed to create font /system/fonts/NotoSansSinhala-Bold.ttf
E/Minikin ( 4596): addFont failed to create font /system/fonts/NotoSansGujarati-Regular.ttf
E/Minikin ( 4596): addFont failed to create font /system/fonts/NotoSansGujarati-Bold.ttf
E/Minikin ( 4596): addFont failed to create font /system/fonts/NotoSansGujaratiUI-Regular.ttf
E/Minikin ( 4596): addFont failed to create font /system/fonts/NotoSansGujaratiUI-Bold.ttf
E/Minikin ( 4596): addFont failed to create font /system/fonts/NotoSansGurmukhi-Regular.ttf
E/Minikin ( 4596): addFont failed to create font /system/fonts/NotoSansGurmukhi-Bold.ttf
E/Minikin ( 4596): addFont failed to create font /system/fonts/NotoSansGurmukhiUI-Regular.ttf
E/Minikin ( 4596): addFont failed to create font /system/fonts/NotoSansGurmukhiUI-Bold.ttf
E/Minikin ( 4779): addFont failed to create font /system/fonts/NotoSansGujarati-Regular.ttf
E/Minikin ( 4779): addFont failed to create font /system/fonts/NotoSansGujarati-Bold.ttf
E/Minikin ( 4779): addFont failed to create font /system/fonts/NotoSansGujaratiUI-Regular.ttf
E/Minikin ( 4757): addFont failed to create font /system/fonts/NotoSansCherokee-Regular.ttf
E/Minikin ( 4779): addFont failed to create font /system/fonts/NotoSansGujaratiUI-Bold.ttf
E/Minikin ( 4757): addFont failed to create font /system/fonts/NotoSansCanadianAboriginal-Regular.ttf
E/Minikin ( 4779): addFont failed to create font /system/fonts/NotoSansGurmukhi-Regular.ttf
E/Minikin ( 4757): addFont failed to create font /system/fonts/NotoSansYi-Regular.ttf
E/Minikin ( 4779): addFont failed to create font /system/fonts/NotoSansGurmukhi-Bold.ttf
E/Minikin ( 4779): addFont failed to create font /system/fonts/NotoSansGurmukhiUI-Regular.ttf
E/Minikin ( 4757): addFont failed to create font /system/fonts/NotoSansHans-Regular.otf
E/Minikin ( 4779): addFont failed to create font /system/fonts/NotoSansGurmukhiUI-Bold.ttf
E/Minikin ( 4757): addFont failed to create font /system/fonts/NotoSansHant-Regular.otf
E/Minikin ( 4757): addFont failed to create font /system/fonts/NotoSansJP-Regular.otf
E/Minikin ( 4757): addFont failed to create font /system/fonts/NotoSansKR-Regular.otf
E/Minikin ( 4596): addFont failed to create font /system/fonts/NotoSansSinhala-Regular.ttf
E/Minikin ( 4596): addFont failed to create font /system/fonts/NotoSansSinhala-Bold.ttf
D/OpenGLRenderer( 4801): Enabling debug mode 0
E/Minikin ( 4779): addFont failed to create font /system/fonts/NotoSansSinhala-Regular.ttf
E/Minikin ( 4779): addFont failed to create font /system/fonts/NotoSansSinhala-Bold.ttf
E/Minikin ( 4779): addFont failed to create font /system/fonts/NotoSansCherokee-Regular.ttf
E/Minikin ( 4779): addFont failed to create font /system/fonts/NotoSansCanadianAboriginal-Regular.ttf
E/Minikin ( 4779): addFont failed to create font /system/fonts/NotoSansYi-Regular.ttf
E/Minikin ( 4779): addFont failed to create font /system/fonts/NotoSansHans-Regular.otf
E/Minikin ( 4779): addFont failed to create font /system/fonts/NotoSansHant-Regular.otf
E/Minikin ( 4779): addFont failed to create font /system/fonts/NotoSansJP-Regular.otf
E/Minikin ( 4779): addFont failed to create font /system/fonts/NotoSansKR-Regular.otf
E/Minikin ( 4596): addFont failed to create font /system/fonts/NotoSansCherokee-Regular.ttf
E/Minikin ( 4596): addFont failed to create font /system/fonts/NotoSansCanadianAboriginal-Regular.ttf
E/Minikin ( 4713): addFont failed to create font /system/fonts/NotoSansGujarati-Regular.ttf
E/Minikin ( 4713): addFont failed to create font /system/fonts/NotoSansGujarati-Bold.ttf
E/Minikin ( 4713): addFont failed to create font /system/fonts/NotoSansGujaratiUI-Regular.ttf
E/Minikin ( 4713): addFont failed to create font /system/fonts/NotoSansGujaratiUI-Bold.ttf
E/Minikin ( 4713): addFont failed to create font /system/fonts/NotoSansGurmukhi-Regular.ttf
E/Minikin ( 4713): addFont failed to create font /system/fonts/NotoSansGurmukhi-Bold.ttf
E/Minikin ( 4713): addFont failed to create font /system/fonts/NotoSansGurmukhiUI-Regular.ttf
E/Minikin ( 4713): addFont failed to create font /system/fonts/NotoSansGurmukhiUI-Bold.ttf
E/Minikin ( 4596): addFont failed to create font /system/fonts/NotoSansYi-Regular.ttf
E/Minikin ( 4596): addFont failed to create font /system/fonts/NotoSansHans-Regular.otf
E/Minikin ( 4596): addFont failed to create font /system/fonts/NotoSansHant-Regular.otf
E/Minikin ( 4596): addFont failed to create font /system/fonts/NotoSansJP-Regular.otf
E/Minikin ( 4596): addFont failed to create font /system/fonts/NotoSansKR-Regular.otf
E/Minikin ( 4823): addFont failed to create font /system/fonts/NotoSansGujarati-Regular.ttf
E/Minikin ( 4823): addFont failed to create font /system/fonts/NotoSansGujarati-Bold.ttf
E/Minikin ( 4823): addFont failed to create font /system/fonts/NotoSansGujaratiUI-Regular.ttf
E/Minikin ( 4823): addFont failed to create font /system/fonts/NotoSansGujaratiUI-Bold.ttf
E/Minikin ( 4823): addFont failed to create font /system/fonts/NotoSansGurmukhi-Regular.ttf
E/Minikin ( 4823): addFont failed to create font /system/fonts/NotoSansGurmukhi-Bold.ttf
E/Minikin ( 4823): addFont failed to create font /system/fonts/NotoSansGurmukhiUI-Regular.ttf
E/Minikin ( 4823): addFont failed to create font /system/fonts/NotoSansGurmukhiUI-Bold.ttf
E/Minikin ( 4713): addFont failed to create font /system/fonts/NotoSansSinhala-Regular.ttf
E/Minikin ( 4713): addFont failed to create font /system/fonts/NotoSansSinhala-Bold.ttf
E/Minikin ( 4823): addFont failed to create font /system/fonts/NotoSansSinhala-Regular.ttf
E/Minikin ( 4823): addFont failed to create font /system/fonts/NotoSansSinhala-Bold.ttf
E/Minikin ( 4713): addFont failed to create font /system/fonts/NotoSansCherokee-Regular.ttf
E/Minikin ( 4713): addFont failed to create font /system/fonts/NotoSansCanadianAboriginal-Regular.ttf
E/Minikin ( 4713): addFont failed to create font /system/fonts/NotoSansYi-Regular.ttf
E/Minikin ( 4713): addFont failed to create font /system/fonts/NotoSansHans-Regular.otf
E/Minikin ( 4713): addFont failed to create font /system/fonts/NotoSansHant-Regular.otf
E/Minikin ( 4823): addFont failed to create font /system/fonts/NotoSansCherokee-Regular.ttf
E/Minikin ( 4713): addFont failed to create font /system/fonts/NotoSansJP-Regular.otf
E/Minikin ( 4823): addFont failed to create font /system/fonts/NotoSansCanadianAboriginal-Regular.ttf
E/Minikin ( 4713): addFont failed to create font /system/fonts/NotoSansKR-Regular.otf
E/Minikin ( 4823): addFont failed to create font /system/fonts/NotoSansYi-Regular.ttf
E/Minikin ( 4823): addFont failed to create font /system/fonts/NotoSansHans-Regular.otf
E/Minikin ( 4823): addFont failed to create font /system/fonts/NotoSansHant-Regular.otf
E/Minikin ( 4823): addFont failed to create font /system/fonts/NotoSansJP-Regular.otf
E/Minikin ( 4823): addFont failed to create font /system/fonts/NotoSansKR-Regular.otf
W/art     ( 4112): Long monitor contention event with owner method=void com.android.server.am.ActivityManagerService.updateConfiguration(android.content.res.Configuration) from ActivityManagerService.java:16395 waiters=1 for 147ms
I/ActivityManager( 4112): Process android.process.media (pid 4242) has died
E/Minikin ( 4913): addFont failed to create font /system/fonts/NotoSansGujarati-Regular.ttf
E/Minikin ( 4913): addFont failed to create font /system/fonts/NotoSansGujarati-Bold.ttf
E/Minikin ( 4913): addFont failed to create font /system/fonts/NotoSansGujaratiUI-Regular.ttf
E/Minikin ( 4913): addFont failed to create font /system/fonts/NotoSansGujaratiUI-Bold.ttf
E/Minikin ( 4913): addFont failed to create font /system/fonts/NotoSansGurmukhi-Regular.ttf
E/Minikin ( 4913): addFont failed to create font /system/fonts/NotoSansGurmukhi-Bold.ttf
D/Launcher.Model( 4801): 11683562 - loadWorkspaceScreensDb()
D/Launcher.Model( 4801): 11683562 -   screens: { 0: 1 }, { 1: 2 }
D/Launcher.Model( 4801): 11683562 -   sBgWorkspaceScreens: 1, 2
E/Minikin ( 4913): addFont failed to create font /system/fonts/NotoSansGurmukhiUI-Regular.ttf
E/Minikin ( 4913): addFont failed to create font /system/fonts/NotoSansGurmukhiUI-Bold.ttf
E/Minikin ( 4913): addFont failed to create font /system/fonts/NotoSansSinhala-Regular.ttf
E/Minikin ( 4913): addFont failed to create font /system/fonts/NotoSansSinhala-Bold.ttf
E/Minikin ( 4913): addFont failed to create font /system/fonts/NotoSansCherokee-Regular.ttf
E/Minikin ( 4913): addFont failed to create font /system/fonts/NotoSansCanadianAboriginal-Regular.ttf
E/Minikin ( 4913): addFont failed to create font /system/fonts/NotoSansYi-Regular.ttf
E/Minikin ( 4913): addFont failed to create font /system/fonts/NotoSansHans-Regular.otf
E/Minikin ( 4913): addFont failed to create font /system/fonts/NotoSansHant-Regular.otf
E/Minikin ( 4913): addFont failed to create font /system/fonts/NotoSansJP-Regular.otf
E/Minikin ( 4913): addFont failed to create font /system/fonts/NotoSansKR-Regular.otf
I/ActivityManager( 4112): Process com.cyanogenmod.lockclock (pid 4633) has died
E/Minikin ( 4801): addFont failed to create font /system/fonts/NotoSansGujarati-Regular.ttf
E/Minikin ( 4801): addFont failed to create font /system/fonts/NotoSansGujarati-Bold.ttf
E/Minikin ( 4801): addFont failed to create font /system/fonts/NotoSansGujaratiUI-Regular.ttf
E/Minikin ( 4801): addFont failed to create font /system/fonts/NotoSansGujaratiUI-Bold.ttf
E/Minikin ( 4801): addFont failed to create font /system/fonts/NotoSansGurmukhi-Regular.ttf
E/Minikin ( 4801): addFont failed to create font /system/fonts/NotoSansGurmukhi-Bold.ttf
E/Minikin ( 4801): addFont failed to create font /system/fonts/NotoSansGurmukhiUI-Regular.ttf
E/Minikin ( 4801): addFont failed to create font /system/fonts/NotoSansGurmukhiUI-Bold.ttf
E/Minikin ( 4801): addFont failed to create font /system/fonts/NotoSansSinhala-Regular.ttf
E/Minikin ( 4801): addFont failed to create font /system/fonts/NotoSansSinhala-Bold.ttf
E/Minikin ( 4801): addFont failed to create font /system/fonts/NotoSansCherokee-Regular.ttf
E/Minikin ( 4801): addFont failed to create font /system/fonts/NotoSansCanadianAboriginal-Regular.ttf
E/Minikin ( 4801): addFont failed to create font /system/fonts/NotoSansYi-Regular.ttf
E/Minikin ( 4801): addFont failed to create font /system/fonts/NotoSansHans-Regular.otf
E/Minikin ( 4801): addFont failed to create font /system/fonts/NotoSansHant-Regular.otf
E/Minikin ( 4801): addFont failed to create font /system/fonts/NotoSansJP-Regular.otf
E/Minikin ( 4801): addFont failed to create font /system/fonts/NotoSansKR-Regular.otf
I/ActivityManager( 4112): Start proc com.cyanogenmod.lockclock for broadcast com.cyanogenmod.lockclock/.ClockWidgetProvider: pid=4987 uid=10042 gids={50042, 9997, 3003} abi=armeabi-v7a
E/lowmemorykiller( 3669): Error writing /proc/4862/oom_score_adj; errno=22
E/lowmemorykiller( 3669): Error writing /proc/4596/oom_score_adj; errno=22
I/Choreographer( 4287): Skipped 59 frames!  The application may be doing too much work on its main thread.
I/ActivityManager( 4112): Process android.process.acore (pid 4596) has died
E/Minikin ( 4287): addFont failed to create font /system/fonts/NotoSansGujarati-Regular.ttf
E/Minikin ( 4287): addFont failed to create font /system/fonts/NotoSansGujarati-Bold.ttf
E/Minikin ( 4287): addFont failed to create font /system/fonts/NotoSansGujaratiUI-Regular.ttf
E/Minikin ( 4287): addFont failed to create font /system/fonts/NotoSansGujaratiUI-Bold.ttf
E/Minikin ( 4287): addFont failed to create font /system/fonts/NotoSansGurmukhi-Regular.ttf
E/Minikin ( 4287): addFont failed to create font /system/fonts/NotoSansGurmukhi-Bold.ttf
E/Minikin ( 4287): addFont failed to create font /system/fonts/NotoSansGurmukhiUI-Regular.ttf
E/Minikin ( 4287): addFont failed to create font /system/fonts/NotoSansGurmukhiUI-Bold.ttf
E/Minikin ( 4287): addFont failed to create font /system/fonts/NotoSansSinhala-Regular.ttf
E/Minikin ( 4287): addFont failed to create font /system/fonts/NotoSansSinhala-Bold.ttf
D/WifiService( 4112): Client connection lost with reason: 4
I/ActivityManager( 4112): Process com.android.settings (pid 4862) has died
E/Minikin ( 4287): addFont failed to create font /system/fonts/NotoSansCherokee-Regular.ttf
E/Minikin ( 4287): addFont failed to create font /system/fonts/NotoSansCanadianAboriginal-Regular.ttf
E/Minikin ( 4287): addFont failed to create font /system/fonts/NotoSansYi-Regular.ttf
E/Minikin ( 4287): addFont failed to create font /system/fonts/NotoSansHans-Regular.otf
E/Minikin ( 4287): addFont failed to create font /system/fonts/NotoSansHant-Regular.otf
E/Minikin ( 4287): addFont failed to create font /system/fonts/NotoSansJP-Regular.otf
E/Minikin ( 4287): addFont failed to create font /system/fonts/NotoSansKR-Regular.otf
W/Launcher( 4801): setApplicationContext called twice! old=com.android.launcher3.LauncherApplication@394a9004 new=com.android.launcher3.LauncherApplication@394a9004
I/ActivityManager( 4112): Process com.cyanogenmod.eleven (pid 4940) has died
E/lowmemorykiller( 3669): Error writing /proc/4913/oom_score_adj; errno=22
I/ActivityManager( 4112): Process org.cyanogenmod.themes.provider (pid 4913) has died
E/AppsCustomizePagedView( 4801): Create Res Apk Failed
D/WeatherUpdateService( 4987): Service started, but shouldn't update ... stopping
D/LocaleSetManager( 4801): Locale Changed from: null to es-ES
I/ActivityManager( 4112): Start proc com.cyanogenmod.eleven for broadcast com.cyanogenmod.eleven/.MediaButtonIntentReceiver: pid=5014 uid=10032 gids={50032, 9997, 1028, 1015, 3003} abi=armeabi-v7a
I/ActivityManager( 4112): Start proc android.process.acore for content provider com.android.providers.contacts/.ContactsProvider2: pid=5037 uid=10006 gids={50006, 9997, 3003, 1028, 1015} abi=armeabi-v7a
I/art     ( 3698): Explicit concurrent mark sweep GC freed 703(30KB) AllocSpace objects, 0(0B) LOS objects, 39% free, 15MB/25MB, paused 586us total 16.825ms
I/art     ( 3698): Explicit concurrent mark sweep GC freed 5(160B) AllocSpace objects, 0(0B) LOS objects, 39% free, 15MB/25MB, paused 257us total 12.423ms
I/art     ( 3698): Explicit concurrent mark sweep GC freed 5(160B) AllocSpace objects, 0(0B) LOS objects, 39% free, 15MB/25MB, paused 246us total 12.520ms
I/ActivityManager( 4112): Displayed com.cyanogenmod.trebuchet/com.android.launcher3.Launcher: +1s579ms
I/Timeline( 4112): Timeline: Activity_windows_visible id: ActivityRecord{2c2a4070 u0 com.cyanogenmod.trebuchet/com.android.launcher3.Launcher t7} time:16748
I/Timeline( 4801): Timeline: Activity_idle id: android.os.BinderProxy@1537ccc7 time:16758
I/Timeline( 4801): Timeline: Activity_idle id: android.os.BinderProxy@1537ccc7 time:16759
I/Launcher.Model( 4801): not binding apps: no Launcher activity
V/KeyguardServiceDelegate( 4112): *** Keyguard started
W/KeyguardServiceDelegate( 4112): onScreenTurnedOn(): no keyguard service!
D/Launcher( 4801): 11683562 - bindAddScreens()
D/Launcher( 4801): 11683562 -   orderedScreenIds: 1, 2
D/Launcher.Workspace( 4801): 11683562 - insertNewWorkspaceScreen(): 1 at index: 0
I/Sensors ( 4112): Acc old sensor_state 0, new sensor_state : 1 en : 1
I/ActivityManager( 4112): Process com.cyanogenmod.lockclock (pid 4987) has died
D/Launcher.Workspace( 4801): 11683562 - insertNewWorkspaceScreen(): 2 at index: 1
I/ActivityManager( 4112): Start proc com.cyanogenmod.eleven:main for service com.cyanogenmod.eleven/.MusicPlaybackService: pid=5065 uid=10032 gids={50032, 9997, 1028, 1015, 3003} abi=armeabi-v7a
I/ContactLocale( 5037): AddressBook Labels [es-ES]: [, A, B, C, D, E, F, G, H, I, J, K, L, M, N, , O, P, Q, R, S, T, U, V, W, X, Y, Z, , , , , , , , , , , , , , , , , , , , , , , , , , , , , , , , , , , , , , , , , , , , , , , , , , , , , , , , , , , , , , , , , , , , , , , , , , , , , , , , , , , , , , , , , , , , , , , , , , , , , , , , , , , , , , , , , , , , , , , , , , , , , , , , , , , , , , , , , , , , , , , , , , , , , , , , , , , , , , , , , , , , , , , , , , , , , , , , , , , , , , , , , , , , #, ]
I/ActivityManager( 4112): Process com.cyanogenmod.eleven (pid 5014) has died
I/SurfaceFlinger( 3686): Boot is finished (11859 ms)
V/KeyguardServiceDelegate( 4112): *** Keyguard connected (yay!)
V/RenderScript_jni( 5065): RS native mode
W/Settings( 4287): Setting airplane_mode_on has moved from android.provider.Settings.System to android.provider.Settings.Global, returning read-only value.
W/InputMethodManagerService( 4112): Window already focused, ignoring focus gain of: com.android.internal.view.IInputMethodClient$Stub$Proxy@a6ada05 attribute=null, token = android.os.BinderProxy@60c22aa
D/PhoneStatusBar( 4287): disable: < expand icons alerts system_info back HOME* RECENT* clock SEARCH* >
E/RenderScript( 5065): Failed loading RS driver: dlopen failed: cannot locate symbol "_ZN7android12renderscript15RsdCpuReference6createEPNS0_7ContextEjjPFPKNS1_9CpuSymbolES3_PKcEPFPNS1_9CpuScriptES3_PKNS0_6ScriptEEPFPN4llvm6ModuleEPN3bcc8RSScriptESK_SK_EPFS8_S8_jE" referenced by "libRSDriverArm.so"...
D/VoldCmdListener( 3671): cryptfs getpw
E/RenderScript( 5065): Failed to load runtime libRSDriverArm.so, loading default
D/VoldCmdListener( 3671): cryptfs clearpw
V/RenderScript( 5065): 0xaf215200 Launching thread(s), CPUs 8
D/PhoneStatusBar( 4287): disable: < expand ICONS* alerts SYSTEM_INFO* back HOME RECENT clock SEARCH >
D/BluetoothAdapter( 4287): 271840085: getState() :  mService = null. Returning STATE_OFF
D/BluetoothAdapter( 4287): 271840085: getState() :  mService = null. Returning STATE_OFF
E/Vold    ( 3671): Failed to find mounted volume for /storage/extSdCard/Android/data/com.cyanogenmod.eleven/cache/
W/Vold    ( 3671): Returning OperationFailed - no handler for errno 0
W/ContextImpl( 5065): Failed to ensure directory: /storage/extSdCard/Android/data/com.cyanogenmod.eleven/cache
E/Vold    ( 3671): Failed to find mounted volume for /storage/extSdCard/Android/data/com.cyanogenmod.eleven/cache/
W/Vold    ( 3671): Returning OperationFailed - no handler for errno 0
W/ContextImpl( 5065): Failed to ensure directory: /storage/extSdCard/Android/data/com.cyanogenmod.eleven/cache
D/BluetoothAdapter( 4287): 271840085: getState() :  mService = null. Returning STATE_OFF
D/BluetoothAdapter( 4287): 271840085: getState() :  mService = null. Returning STATE_OFF
D/BluetoothAdapter( 4287): 271840085: getState() :  mService = null. Returning STATE_OFF
D/BluetoothAdapter( 4287): 271840085: getState() :  mService = null. Returning STATE_OFF
W/Settings( 4287): Setting airplane_mode_on has moved from android.provider.Settings.System to android.provider.Settings.Global, returning read-only value.
I/Launcher.Model( 4801): not binding apps: no Launcher activity
D/Launcher.Model( 4801): 11683562 - loadWorkspace()
W/Settings( 4287): Setting airplane_mode_on has moved from android.provider.Settings.System to android.provider.Settings.Global, returning read-only value.
I/ActivityManager( 4112): Start proc android.process.media for content provider com.android.providers.media/.MediaProvider: pid=5100 uid=10009 gids={50009, 9997, 1028, 1015, 1023, 1024, 2001, 3003, 3007} abi=armeabi-v7a
D/Launcher.Model( 4801): 11683562 -   loadedOldDb: false
D/PhoneStatusBar( 4287): disable: < expand ICONS alerts SYSTEM_INFO back HOME RECENT clock SEARCH >
D/Launcher.Model( 4801): 11683562 - loadWorkspaceScreensDb()
D/Launcher.Model( 4801): 11683562 -   screens: { 0: 1 }, { 1: 2 }
D/Launcher.Model( 4801): 11683562 -   sBgWorkspaceScreens: 1, 2
D/Launcher( 4801): 11683562 - bindAddScreens()
D/Launcher( 4801): 11683562 -   orderedScreenIds: 1, 2
D/Launcher.Workspace( 4801): 11683562 - insertNewWorkspaceScreen(): 1 at index: 0
D/Launcher.Workspace( 4801): 11683562 - insertNewWorkspaceScreen(): 2 at index: 1
E/SQLiteLog( 5100): (283) recovered 28 frames from WAL file /data/user/0/com.android.providers.media/databases/external.db-wal
V/RenderScript( 4801): Application requested CPU execution
V/KeyguardServiceDelegate( 4112): **** SHOWN CALLED ****
V/RenderScript( 4801): 0x9fa56800 Launching thread(s), CPUs 8
I/ActivityManager( 4112): Process android.process.acore (pid 5037) has died
E/ExtMediaPlayer-JNI( 5065): QCMediaPlayer could not be located....
E/MediaPlayer-JNI( 5065): QCMediaPlayer mediaplayer NOT present
W/SurfaceFlinger( 3686): Ignoring duplicate VSYNC event from HWC (t=17435121876)
D/android.widget.GridLayout( 4801): vertical constraints: y3-y0>=396, y3-y0<=372, y3-y2<=156, y2-y1<=3 are inconsistent; permanently removing: y3-y0<=372. 
D/Launcher.Workspace( 4801): 11683562 - stripEmptyScreens()
W/WakefulBroadcastReceiver( 5065): No active wake lock id #1
I/ActivityManager( 4112): Process com.android.inputmethod.latin (pid 4473) has died
W/ActivityManager( 4112): Scheduling restart of crashed service com.android.inputmethod.latin/.LatinIME in 1000ms
W/SurfaceFlinger( 3686): Ignoring duplicate VSYNC event from HWC (t=17705121793)
W/InputMethodManagerService( 4112): Session failed to close due to remote exception
W/InputMethodManagerService( 4112): android.os.DeadObjectException
W/InputMethodManagerService( 4112): 	at android.os.BinderProxy.transactNative(Native Method)
W/InputMethodManagerService( 4112): 	at android.os.BinderProxy.transact(Binder.java:496)
W/InputMethodManagerService( 4112): 	at com.android.internal.view.IInputMethodSession$Stub$Proxy.finishSession(IInputMethodSession.java:305)
W/InputMethodManagerService( 4112): 	at com.android.server.InputMethodManagerService.finishSessionLocked(InputMethodManagerService.java:1426)
W/InputMethodManagerService( 4112): 	at com.android.server.InputMethodManagerService.clearClientSessionLocked(InputMethodManagerService.java:1417)
W/InputMethodManagerService( 4112): 	at com.android.server.InputMethodManagerService.clearCurMethodLocked(InputMethodManagerService.java:1443)
W/InputMethodManagerService( 4112): 	at com.android.server.InputMethodManagerService.onServiceDisconnected(InputMethodManagerService.java:1462)
W/InputMethodManagerService( 4112): 	at android.app.LoadedApk$ServiceDispatcher.doDeath(LoadedApk.java:1209)
W/InputMethodManagerService( 4112): 	at android.app.LoadedApk$ServiceDispatcher$RunConnection.run(LoadedApk.java:1223)
W/InputMethodManagerService( 4112): 	at android.os.Handler.handleCallback(Handler.java:739)
W/InputMethodManagerService( 4112): 	at android.os.Handler.dispatchMessage(Handler.java:95)
W/InputMethodManagerService( 4112): 	at android.os.Looper.loop(Looper.java:135)
W/InputMethodManagerService( 4112): 	at com.android.server.SystemServer.run(SystemServer.java:297)
W/InputMethodManagerService( 4112): 	at com.android.server.SystemServer.main(SystemServer.java:185)
W/InputMethodManagerService( 4112): 	at java.lang.reflect.Method.invoke(Native Method)
W/InputMethodManagerService( 4112): 	at java.lang.reflect.Method.invoke(Method.java:372)
W/InputMethodManagerService( 4112): 	at com.android.internal.os.ZygoteInit$MethodAndArgsCaller.run(ZygoteInit.java:898)
W/InputMethodManagerService( 4112): 	at com.android.internal.os.ZygoteInit.main(ZygoteInit.java:693)
I/ActivityManager( 4112): Process android.process.media (pid 5100) has died
I/ActivityManager( 4112): Process com.cyanogenmod.eleven:main (pid 5065) has died
W/ActivityManager( 4112): Scheduling restart of crashed service com.cyanogenmod.eleven/.MusicPlaybackService in 10938ms
W/SurfaceFlinger( 3686): Ignoring duplicate VSYNC event from HWC (t=17840175085)
D/BootAnimation( 3847): Use save memory method, maybe small fps in actual.
I/art     ( 4112): Explicit concurrent mark sweep GC freed 54763(5MB) AllocSpace objects, 43(2MB) LOS objects, 33% free, 22MB/33MB, paused 4.022ms total 115.306ms
I/ActivityManager( 4112): Start proc com.android.inputmethod.latin for service com.android.inputmethod.latin/.LatinIME: pid=5144 uid=10039 gids={50039, 9997, 1028, 1015} abi=armeabi-v7a
I/ValidateNoPeople( 4112): skipping global notification
I/ValidateNoPeople( 4112): skipping global notification
I/LatinIME( 5144): Hardware accelerated drawing: true
W/SurfaceFlinger( 3686): Ignoring duplicate VSYNC event from HWC (t=18920100418)
W/SubtypeLocaleUtils( 5144): KeyboardLayoutSet not found, use QWERTY: locale=en_AU extraValue=TrySuppressingImeSwitcher,AsciiCapable,SupportTouchPositionCorrection,EmojiCapable
V/KeyguardTouchDelegate( 4287): Connected to keyguard
W/InputAttributes( 5144): No editor info for this field. Bug?
I/LatinIME:LogUtils( 5144): Dictionary info: dictionary = UserHistoryDictionary.es ; version = 1437022789 ; date = ?
I/LatinIME:LogUtils( 5144): Dictionary info: dictionary = PersonalizationDictionary.es ; version = 1437022789 ; date = ?
I/LatinIME:LogUtils( 5144): Dictionary info: dictionary = userunigram.es ; version = 1437022789 ; date = ?
I/LatinIME:LogUtils( 5144): Dictionary info: dictionary = contacts.es ; version = 1437022789 ; date = ?
I/LatinIME:LogUtils( 5144): Dictionary info: dictionary = ContextualDictionary.es ; version = 1437022789 ; date = ?
W/SurfaceFlinger( 3686): Ignoring duplicate VSYNC event from HWC (t=19055087293)
I/ActivityManager( 4112): Start proc android.process.acore for content provider com.android.providers.userdictionary/.UserDictionaryProvider: pid=5181 uid=10006 gids={50006, 9997, 3003, 1028, 1015} abi=armeabi-v7a
I/auditd  ( 5205): Starting up
I/audit_log( 5205): Previous audit logfile detected, rotating
E/audit_rules( 5205): Could not read audit rules /data/misc/audit/audit.rules: No such file or directory
I/LatinIME:LogUtils( 5144): Dictionary info: dictionary = PersonalizationDictionary.es ; version = 1437022789 ; date = ?
I/LatinIME:LogUtils( 5144): Dictionary info: dictionary = PersonalizationDictionary.es ; version = 1437022789 ; date = ?
I/ContactLocale( 5181): AddressBook Labels [es-ES]: [, A, B, C, D, E, F, G, H, I, J, K, L, M, N, , O, P, Q, R, S, T, U, V, W, X, Y, Z, , , , , , , , , , , , , , , , , , , , , , , , , , , , , , , , , , , , , , , , , , , , , , , , , , , , , , , , , , , , , , , , , , , , , , , , , , , , , , , , , , , , , , , , , , , , , , , , , , , , , , , , , , , , , , , , , , , , , , , , , , , , , , , , , , , , , , , , , , , , , , , , , , , , , , , , , , , , , , , , , , , , , , , , , , , , , , , , , , , , , , , , , , , , #, ]
W/InputMethodManager( 4801): Ignoring onBind: cur seq=-1, given seq=2
I/LatinIME:LogUtils( 5144): Dictionary info: dictionary = main:es ; version = 49 ; date = 1404131686
W/SurfaceFlinger( 3686): Ignoring duplicate VSYNC event from HWC (t=19325084210)
I/SystemServiceManager( 4112): Starting phase 1000
E/SEC PowerHAL( 4112): Error opening /sys/devices/system/cpu/cpufreq/interactive/boostpulse: No such file or directory
D/lights  ( 4112): set_light_battery 0x140500 0 0
I/ActivityManager( 4112): Start proc com.android.settings for broadcast com.android.settings/.cyanogenmod.BootReceiver: pid=5212 uid=1000 gids={41000, 9997, 3003, 1028, 1015, 3002, 3001} abi=armeabi-v7a
V/ActivityManager( 4112): Display changed displayId=0
I/BootReceiver( 5212): IOSched restore disabled by user preference.
D/InputMethodAndLanguageSettings( 5212): High touch sensitivity settings restored.
D/InputMethodAndLanguageSettings( 5212): Touch hovering settings restored.
I/RecoverySystem( 4112): No recovery log file
I/BootReceiver( 4112): Copying /proc/last_kmsg to DropBox (SYSTEM_LAST_KMSG)
E/SharedPreferencesImpl( 4112): Couldn't create directory for SharedPreferences file shared_prefs/log_files.xml
I/BootReceiver( 4112): Copying audit failures to DropBox
E/SharedPreferencesImpl( 4112): Couldn't create directory for SharedPreferences file shared_prefs/log_files.xml
I/BootReceiver( 4112): Copied 0 worth of audits to DropBox
I/BootReceiver( 4112): Checking for fsck errors
I/ActivityManager( 4112): Start proc com.android.keychain for service com.android.keychain/.KeyChainService: pid=5240 uid=1000 gids={41000, 9997, 3003, 1028, 1015, 3002, 3001} abi=armeabi-v7a
I/ActivityManager( 4112): Start proc com.android.deskclock for broadcast com.android.deskclock/.AlarmInitReceiver: pid=5262 uid=10030 gids={50030, 9997, 1028, 3003} abi=armeabi-v7a
I/ActivityManager( 4112): Start proc android.process.media for content provider com.android.providers.downloads/.DownloadProvider: pid=5285 uid=10009 gids={50009, 9997, 1028, 1015, 1023, 1024, 2001, 3003, 3007} abi=armeabi-v7a
V/AlarmClock( 5262): AlarmInitReceiver android.intent.action.BOOT_COMPLETED
E/SQLiteLog( 5285): (283) recovered 28 frames from WAL file /data/data/com.android.providers.media/databases/external.db-wal
V/AlarmClock( 5262): AlarmInitReceiver - Reset timers and clear stopwatch data
V/AlarmClock( 5262): AlarmInitReceiver finished
I/ActivityManager( 4112): Start proc com.android.dialer for broadcast com.android.dialer/.calllog.CallLogReceiver: pid=5320 uid=10008 gids={50008, 9997, 3003, 1028, 1015} abi=armeabi-v7a
D/ConnectivityService( 4112): Got NetworkFactory Messenger for Telephony
D/TelephonyProvider( 4779): dbh.onOpen: ok, queried table=siminfo
D/TelephonyProvider( 4779): dbh.onOpen: ok, queried table=carriers
I/ActivityManager( 4112): Start proc com.android.smspush for service com.android.smspush/.WapPushManager: pid=5352 uid=10055 gids={50055, 9997} abi=armeabi-v7a
D/PhoneStatusBarPolicy( 4287): updateSimState for subId :-1
D/GpsLocationProvider( 4112): received SIM realted action: android.intent.action.SIM_STATE_CHANGED
D/PhoneStatusBarPolicy( 4287): updateSimState for phoneId :0
D/PhoneStatusBarPolicy( 4287): updateSimState for Slot :-1
D/GpsLocationProvider( 4112): SIM MCC/MNC is still not available
D/DcSwitchState( 4779): [DcSwitchState-0] DcSwitchState constructor E
D/DcSwitchState( 4779): [DcSwitchState-0] DcSwitchState constructor X
D/BluetoothManagerService( 4112): Message: 20
D/BluetoothManagerService( 4112): Added callback: android.bluetooth.IBluetoothManagerCallback$Stub$Proxy@3221d656:true
D/BluetoothManagerService( 4112): Message: 30
I/Telephony( 4779): TtyManager: updateUiTtyMode -1 -> 0
I/HeadsetService( 4735): Starting service.
D/ConnectivityService( 4112): Got NetworkFactory Messenger for WIFI
D/WIFI    ( 4112): got request NetworkRequest [ id=1, legacyType=-1, [ Capabilities: INTERNET&NOT_RESTRICTED&TRUSTED&NOT_VPN] ] with score 0
I/ActivityManager( 4112): Start proc com.cyanogenmod.account for broadcast com.cyanogenmod.account/.receiver.BootReceiver: pid=5389 uid=10002 gids={50002, 9997, 3003} abi=armeabi-v7a
I/art     ( 3698): Explicit concurrent mark sweep GC freed 706(30KB) AllocSpace objects, 0(0B) LOS objects, 39% free, 15MB/25MB, paused 248us total 11.921ms
I/art     ( 3698): Explicit concurrent mark sweep GC freed 5(160B) AllocSpace objects, 0(0B) LOS objects, 39% free, 15MB/25MB, paused 215us total 10.789ms
W/EffectsFactory( 3690): loadLibrary() failed to open /vendor/lib/liblvverx_3.20.03.so
W/EffectsFactory( 3690): loadLibrary() failed to open /vendor/lib/liblvvetx_3.20.03.so
I/art     ( 3698): Explicit concurrent mark sweep GC freed 5(160B) AllocSpace objects, 0(0B) LOS objects, 39% free, 15MB/25MB, paused 190us total 11.201ms
D/KeyguardUpdateMonitor( 4287): ACTION_SERVICE_STATE_CHANGED on sub: -1 mServiceState: 3 3 home null null null  Unknown Unknown CSS not supported -1 -1 RoamInd=-1 DefRoamInd=-1 EmergOnly=false
W/linker  ( 3690): lib_SoundAlive_play_ver125e.so has text relocations. This is wasting memory and prevents security hardening. Please fix.
W/EffectsFactory( 3690): loadEffect() could not get library pre_processing
W/EffectsFactory( 3690): loadEffect() could not get library pre_processing
W/EffectsFactory( 3690): loadEffect() could not get library pre_processing
W/EffectsFactory( 3690): loadEffect() could not get library output_processing
W/EffectsFactory( 3690): loadEffect() could not get library output_processing
E/AudioFlinger( 3690): createEffect() unknown output thread
E/AudioEffect( 4735): set(): AudioFlinger could not create effect, status: -22
E/AudioEffects-JNI( 4735): AudioEffect initCheck failed -4
E/AudioEffect-JAVA( 4735): Error code -4 when initializing AudioEffect.
E/HeadsetService( 4735): Effect type: 0bed4300-ddd6-11db-8f34-0002a5d5c51b not supported.
E/HeadsetService( 4735): java.lang.IllegalArgumentException: Effect type: 0bed4300-ddd6-11db-8f34-0002a5d5c51b not supported.
E/HeadsetService( 4735): 	at android.media.audiofx.AudioEffect.<init>(AudioEffect.java:404)
E/HeadsetService( 4735): 	at android.media.audiofx.Equalizer.<init>(Equalizer.java:139)
E/HeadsetService( 4735): 	at org.cyanogenmod.audiofx.HeadsetService$EffectSet.<init>(HeadsetService.java:87)
E/HeadsetService( 4735): 	at org.cyanogenmod.audiofx.HeadsetService.saveDefaults(HeadsetService.java:414)
E/HeadsetService( 4735): 	at org.cyanogenmod.audiofx.HeadsetService.onCreate(HeadsetService.java:331)
E/HeadsetService( 4735): 	at android.app.ActivityThread.handleCreateService(ActivityThread.java:2760)
E/HeadsetService( 4735): 	at android.app.ActivityThread.access$1900(ActivityThread.java:147)
E/HeadsetService( 4735): 	at android.app.ActivityThread$H.handleMessage(ActivityThread.java:1379)
E/HeadsetService( 4735): 	at android.os.Handler.dispatchMessage(Handler.java:102)
E/HeadsetService( 4735): 	at android.os.Looper.loop(Looper.java:135)
E/HeadsetService( 4735): 	at android.app.ActivityThread.main(ActivityThread.java:5254)
E/HeadsetService( 4735): 	at java.lang.reflect.Method.invoke(Native Method)
E/HeadsetService( 4735): 	at java.lang.reflect.Method.invoke(Method.java:372)
E/HeadsetService( 4735): 	at com.android.internal.os.ZygoteInit$MethodAndArgsCaller.run(ZygoteInit.java:898)
E/HeadsetService( 4735): 	at com.android.internal.os.ZygoteInit.main(ZygoteInit.java:693)
I/HeadsetService( 4735): Stopping service.
D/TelephonyNetworkFactory-1( 4779): got request NetworkRequest [ id=1, legacyType=-1, [ Capabilities: INTERNET&NOT_RESTRICTED&TRUSTED&NOT_VPN] ] with score 0
D/TelephonyDebugService( 4779): TelephonyDebugService()
I/art     ( 4112): Explicit concurrent mark sweep GC freed 19608(1926KB) AllocSpace objects, 19(1187KB) LOS objects, 33% free, 22MB/33MB, paused 4.313ms total 63.168ms
D/WifiService( 4112): New client listening to asynchronous messages
D/Telephony( 4779): TtyManager: setTTYMode exception: com.android.internal.telephony.CommandException: RADIO_NOT_AVAILABLE
V/OtaStartupReceiver( 4779): onOtaspChanged: mOtaspMode=1
D/Telephony( 4779): TtyManager: setting TTY mode to 0 succeeded
D/GpsLocationProvider( 4112): received SIM realted action: android.intent.action.SIM_STATE_CHANGED
D/PhoneStatusBarPolicy( 4287): updateSimState for subId :-1
D/PhoneStatusBarPolicy( 4287): updateSimState for phoneId :0
D/PhoneStatusBarPolicy( 4287): updateSimState for Slot :-1
D/GpsLocationProvider( 4112): SIM MCC/MNC is still not available
I/ActivityManager( 4112): Start proc com.cyanogenmod.updater for broadcast com.cyanogenmod.updater/.receiver.UpdateCheckReceiver: pid=5422 uid=10003 gids={50003, 9997, 3003, 1028, 1015, 2001} abi=armeabi-v7a
D/GpsLocationProvider( 4112): received SIM realted action: android.intent.action.ACTION_SUBINFO_RECORD_UPDATED
D/GpsLocationProvider( 4112): SIM MCC/MNC is still not available
I/Telephony( 4779): : SUBINFO_RECORD_UPDATED : 4.
D/Telephony( 4779): TelecomAccountRegistry: Found 1 phones.  Attempting to register.
D/Telephony( 4779): TelecomAccountRegistry: Phone with subscription id -1
E/PhoneInterfaceManager( 4779): [PhoneIntfMgr] getIccId: ICC ID is null or empty.
D/KeyguardUpdateMonitor( 4287): ACTION_SERVICE_STATE_CHANGED on sub: -1 mServiceState: 1 1 home null null null  Unknown Unknown CSS not supported -1 -1 RoamInd=-1 DefRoamInd=-1 EmergOnly=false
D/Telephony( 4779): AccountEntry: Registered phoneAccount: android.telecom.PhoneAccount@705cc89 with handle: ComponentInfo{com.android.phone/com.android.services.telephony.TelephonyConnectionService}, E
I/Telephony( 4779): PstnIncomingCallNotifier: Registering: Handler (com.android.internal.telephony.gsm.GSMPhone) {1537ccc7}
D/Telephony( 4779): PstnPhoneCapabilitiesNotifier: Registering: Handler (com.android.internal.telephony.gsm.GSMPhone) {1537ccc7}
D/CallNotifier( 4779): onReceive... 
D/TelephonyNetworkFactory-1( 4779): update networkCapabilites for subId = -1
D/TelephonyNetworkFactory-1( 4779): INTERNET capability is removed from subId = -1
D/TelephonyNetworkFactory-1( 4779): Ready to handle network requests
I/MmsService( 4779): mReceiver action: android.intent.action.ACTION_SUBINFO_RECORD_UPDATED
I/MmsService( 4779): MmsConfigManager.loadInBackground(): mcc/mnc: 0/0
D/Telephony( 4779): PstnPhoneCapabilitiesNotifier: handleVideoCapabilitesChanged. Video capability - false
E/MmsService( 4779): MmsConfigManager.load -- empty getActiveSubInfoList
D/Telephony( 4779): PstnPhoneCapabilitiesNotifier: handleVideoCapabilitesChanged. Exception=java.lang.NullPointerException: Attempt to invoke virtual method 'int android.telecom.PhoneAccount.getCapabilities()' on a null object reference
I/UpdateCheckReceiver( 5422): Scheduling future, repeating update checks.
I/ActivityManager( 4112): Start proc com.android.providers.calendar for broadcast com.android.providers.calendar/.CalendarReceiver: pid=5452 uid=10004 gids={50004, 9997, 3003, 1028, 1015} abi=armeabi-v7a
I/UpdateCheckService( 5422): Could not check for updates. Not connected to the network.
W/ResourcesManager( 5452): Asset path '/system/framework/android.test.runner.jar' does not exist or contains no resources.
I/CalendarProvider2( 5452): Created com.android.providers.calendar.CalendarAlarmManager@13fa2417(com.android.providers.calendar.CalendarProvider2@394a9004)
W/WindowManager( 4112): App freeze timeout expired.
I/ActivityManager( 4112): Start proc com.android.managedprovisioning for broadcast com.android.managedprovisioning/.BootReminder: pid=5480 uid=10011 gids={50011, 9997, 1028, 3003} abi=armeabi-v7a
I/ActivityManager( 4112): Start proc com.android.mms for broadcast com.android.mms/.transaction.MmsSystemEventReceiver: pid=5505 uid=10012 gids={50012, 9997, 3003, 1028, 1015} abi=armeabi-v7a
E/SQLiteLog( 5285): (283) recovered 85 frames from WAL file /data/data/com.android.providers.media/databases/internal.db-wal
D/CountryDetector( 4112): The first listener is added
D/WVMDrmPlugIn( 3688): WVMDrmPlugin::onInitialize : 3376
D/WVMDrmPlugIn( 3688): WVMDrmPlugin::onSetOnInfoListener : add 3376
V/Mms     ( 5505): mnc/mcc: 
V/Mms     ( 5505): tag: int value: maxMessageSize - 1045876
V/Mms     ( 5505): tag: int value: maxImageHeight - 2592
V/Mms     ( 5505): tag: int value: maxImageWidth - 2592
V/Mms     ( 5505): tag: bool value: enableMultipartSMS - true
V/Mms     ( 5505): tag: bool value: enableSplitSMS - false
V/Mms     ( 5505): tag: string value: userAgent - SAMSUNG-SM-G900H-Mms
V/Mms     ( 5505): tag: string value: uaProfUrl - http://wap.samsungmobile.com/uaprof/SM-G900H.xml
I/ContactPhotoManager( 5505): Cache adj: 1.0
E/ContactPhotoManager( 5505): No contact photo service in context: com.android.mms.MmsApp@189b9022
W/MediaScanner( 5285): Error opening directory '/oem/media/', skipping: No such file or directory.
I/ActivityManager( 4112): Start proc com.android.onetimeinitializer for broadcast com.android.onetimeinitializer/.OneTimeInitializerReceiver: pid=5539 uid=10013 gids={50013, 9997} abi=armeabi-v7a
D/MmsSmsDatabaseHelper( 4779): [MmsSmsDb] tableName: threads hasAutoIncrement: CREATE TABLE threads (_id INTEGER PRIMARY KEY AUTOINCREMENT,date INTEGER DEFAULT 0,message_count INTEGER DEFAULT 0,recipient_ids TEXT,snippet TEXT,snippet_cs INTEGER DEFAULT 0,read INTEGER DEFAULT 1,archived INTEGER DEFAULT 0,type INTEGER DEFAULT 0,error INTEGER DEFAULT 0,has_attachment INTEGER DEFAULT 0) result: true
D/MmsSmsDatabaseHelper( 4779): [MmsSmsDb] tableName: canonical_addresses hasAutoIncrement: CREATE TABLE canonical_addresses (_id INTEGER PRIMARY KEY AUTOINCREMENT,address TEXT) result: true
D/MmsSmsDatabaseHelper( 4779): [MmsSmsDb] tableName: part hasAutoIncrement: CREATE TABLE part (_id INTEGER PRIMARY KEY AUTOINCREMENT,mid INTEGER,seq INTEGER DEFAULT 0,ct TEXT,name TEXT,chset INTEGER,cd TEXT,fn TEXT,cid TEXT,cl TEXT,ctt_s INTEGER,ctt_t TEXT,_data TEXT,text TEXT) result: true
D/MmsSmsDatabaseHelper( 4779): [MmsSmsDb] tableName: pdu hasAutoIncrement: CREATE TABLE pdu (_id INTEGER PRIMARY KEY AUTOINCREMENT,thread_id INTEGER,date INTEGER,date_sent INTEGER DEFAULT 0,msg_box INTEGER,read INTEGER DEFAULT 0,m_id TEXT,sub TEXT,sub_cs INTEGER,ct_t TEXT,ct_l TEXT,exp INTEGER,m_cls TEXT,m_type INTEGER,v INTEGER,m_size INTEGER,pri INTEGER,rr INTEGER,rpt_a INTEGER,resp_st INTEGER,st INTEGER,tr_id TEXT,retr_st INTEGER,retr_txt TEXT,retr_txt_cs INTEGER,read_status INTEGER,ct_cls INTEGER,resp_txt TEXT,d_tm INTEGER,d_rpt INTEGER,locked INTEGER DEFAULT 0,phone_id INTEGER DEFAULT -1, seen INTEGER DEFAULT 0,creator TEXT,text_only INTEGER DEFAULT 0) result: true
D/MmsSmsDatabaseHelper( 4779): [getWritableDatabase] hasAutoIncrementThreads: true hasAutoIncrementAddresses: true hasAutoIncrementPart: true hasAutoIncrementPdu: true
D/Mms     ( 5505): cancelNotification
D/WVMDrmPlugIn( 3688): WVMDrmPlugin::onInitialize : 2220
D/WVMDrmPlugIn( 3688): WVMDrmPlugin::onSetOnInfoListener : add 2220
D/Mms     ( 5505): Cursor= >>>>> Dumping cursor android.content.ContentResolver$CursorWrapperInner@2cbf1588
D/Mms     ( 5505): <<<<<
D/Mms     ( 5505): Cursor= >>>>> Dumping cursor android.content.ContentResolver$CursorWrapperInner@113fbb46
D/Mms     ( 5505): <<<<<
D/Mms     ( 5505): cancelNotification
V/OneTimeInitializerRece( 5539): OneTimeInitializerReceiver.onReceive
D/CMStats ( 5212): Next sync attempt in : 23 hours
I/ActivityManager( 4112): Start proc com.android.calendar for broadcast com.android.calendar/.alerts.AlertReceiver: pid=5568 uid=10026 gids={50026, 9997, 1028, 1015, 3003} abi=armeabi-v7a
D/ExtensionsFactory( 5568): No custom extensions.
D/AlertReceiver( 5568): onReceive: a=android.intent.action.BOOT_COMPLETED Intent { act=android.intent.action.BOOT_COMPLETED flg=0x8000010 cmp=com.android.calendar/.alerts.AlertReceiver (has extras) }
I/ActivityManager( 4112): Start proc com.android.email for broadcast com.android.email/.service.EmailBroadcastReceiver: pid=5596 uid=10033 gids={50033, 9997, 3003, 1028, 1015} abi=armeabi-v7a
D/AlertService( 5568): 0 Action = android.intent.action.BOOT_COMPLETED
D/AlertService( 5568): Scheduling next alarm with AlarmScheduler. sEventReminderReceived: null
D/AlarmScheduler( 5568): No events found starting within 1 week.
W/MediaScanner( 5285): Error opening directory '/storage/sdcard1/', skipping: No such file or directory.
W/MediaScanner( 5285): Error opening directory '/storage/usbdisk/', skipping: No such file or directory.
I/PowerManagerService( 4112): Going to sleep due to power button (uid 1000)...
I/Sensors ( 4112): Acc old sensor_state 1, new sensor_state : 0 en : 0
I/PowerManagerService( 4112): Sleeping (uid 1000)...
D/PhoneStatusBar( 4287): disable: < expand ICONS alerts SYSTEM_INFO back HOME RECENT clock SEARCH >
D/PermissionCache( 3686): checking android.permission.READ_FRAME_BUFFER for uid=1000 => granted (229 us)
D/ActivityThread( 5596): Loading provider com.android.email.provider;com.android.email.notifier: com.android.email.provider.EmailProvider
D/ActivityThread( 5596): Loading provider com.android.email.provider;com.android.email.notifier: com.android.email.provider.EmailProvider
D/ActivityThread( 5596): Loading provider com.android.email.provider;com.android.email.notifier: com.android.email.provider.EmailProvider
D/ActivityThread( 5596): Loading provider com.android.email.provider;com.android.email.notifier: com.android.email.provider.EmailProvider
