I/DEBUG   ( 3684):     ip 000017ff  sp b39ff798  lr b6ecc7b9  pc b6ef04e4  cpsr 60000010
I/DEBUG   ( 3684): 
I/DEBUG   ( 3684): backtrace:
I/DEBUG   ( 3684):     #00 pc 000384e4  /system/lib/libc.so (tgkill+12)
I/DEBUG   ( 3684):     #01 pc 000147b5  /system/lib/libc.so (pthread_kill+52)
I/DEBUG   ( 3684):     #02 pc 0001550b  /system/lib/libc.so (raise+10)
I/DEBUG   ( 3684):     #03 pc 00011c35  /system/lib/libc.so (__libc_android_abort+36)
I/DEBUG   ( 3684):     #04 pc 0000fcb8  /system/lib/libc.so (abort+4)
I/DEBUG   ( 3684):     #05 pc 00007739  /system/lib/libcutils.so (__android_log_assert+88)
I/DEBUG   ( 3684):     #06 pc 0004cb6d  /system/lib/libmediaplayerservice.so (android::NuPlayer::Renderer::onOpenAudioSink(android::sp<android::AMessage> const&, bool, bool, bool, unsigned int)+120)
I/DEBUG   ( 3684):     #07 pc 0004ebbb  /system/lib/libmediaplayerservice.so (android::NuPlayer::Renderer::onMessageReceived(android::sp<android::AMessage> const&)+406)
I/DEBUG   ( 3684):     #08 pc 0000abb3  /system/lib/libstagefright_foundation.so (android::ALooperRoster::deliverMessage(android::sp<android::AMessage> const&)+166)
I/DEBUG   ( 3684):     #09 pc 0000a535  /system/lib/libstagefright_foundation.so (android::ALooper::loop()+220)
I/DEBUG   ( 3684):     #10 pc 0000eeb5  /system/lib/libutils.so (android::Thread::_threadLoop(void*)+112)
I/DEBUG   ( 3684):     #11 pc 0000ea25  /system/lib/libutils.so
I/DEBUG   ( 3684):     #12 pc 00013fa3  /system/lib/libc.so (__pthread_start(void*)+30)
I/DEBUG   ( 3684):     #13 pc 00011f93  /system/lib/libc.so (__start_thread+6)
I/DEBUG   ( 3684): 
I/DEBUG   ( 3684): Tombstone written to: /data/tombstones/tombstone_01
I/DEBUG   ( 3684): ********************************************************
I/DEBUG   ( 3684): * Process 3690 has been suspended while crashing.
I/DEBUG   ( 3684): * To attach gdbserver for a gdb connection on port 5039
I/DEBUG   ( 3684): * and start gdbclient:
I/DEBUG   ( 3684): *
I/DEBUG   ( 3684): *     gdbclient /system/bin/mediaserver :5039 6143
I/DEBUG   ( 3684): * or
I/DEBUG   ( 3684): *     dddclient /system/bin/mediaserver :5039 6143
I/DEBUG   ( 3684): *
I/DEBUG   ( 3684): * Wait for gdb to start, then press the VOLUME DOWN key
I/DEBUG   ( 3684): * to let the process continue crashing.
I/DEBUG   ( 3684): ********************************************************
I/BootReceiver( 4135): Copying /data/tombstones/tombstone_01 to DropBox (SYSTEM_TOMBSTONE)
E/SharedPreferencesImpl( 4135): Couldn't create directory for SharedPreferences file shared_prefs/log_files.xml
D/HeadsetStateMachine( 5103): Disconnected process message: 10, size: 0
I/Timeline( 5560): Timeline: Activity_launch_request id:com.android.mms time:218798
I/ActivityManager( 4135): START u0 {dat=content://mms-sms/conversations/1 cmp=com.android.mms/.ui.ComposeMessageActivity} from uid 10012 on display 0
D/Mms     ( 5560): [1] [initialize] savedInstanceState = null intent = Intent { dat=content://mms-sms/conversations/1 cmp=com.android.mms/.ui.ComposeMessageActivity } mConversation = [+54 351 228-2698] (tid 1)
D/Mms     ( 5560): [MsgUtils] isIccCardActivated subscription 5
I/art     ( 4135): Explicit concurrent mark sweep GC freed 9724(748KB) AllocSpace objects, 6(592KB) LOS objects, 33% free, 25MB/37MB, paused 2.609ms total 88.007ms
D/Mms     ( 5560): [205] markAsRead: update read/seen for thread uri: content://mms-sms/conversations/1
D/Mms     ( 5560): [MsgUtils] isIccCardActivated subscription 5
D/Mms     ( 5560): cancelNotification
D/Mms     ( 5560): cancelNotification
I/ActivityManager( 4135): Displayed com.android.mms/.ui.ComposeMessageActivity: +301ms
W/OpenGLRenderer( 4314): Incorrectly called buildLayer on View: TextView, destroying layer...
D/Mms     ( 5560): cancelNotification
D/OpenGLRenderer( 5560): endAllStagingAnimators on 0xaf356a80 (ListView) with handle 0xa0717310
I/Timeline( 5560): Timeline: Activity_idle id: android.os.BinderProxy@1f6c1882 time:219197
E/SQLiteLog( 4800): (284) automatic index on pending_msgs(msg_id)
I/Timeline( 4135): Timeline: Activity_windows_visible id: ActivityRecord{15df5b87 u0 com.android.mms/.ui.ComposeMessageActivity t8} time:219498
E/SQLiteLog( 4800): (284) automatic index on pending_msgs(msg_id)
D/Mms     ( 5560): [MsgUtils] isIccCardActivated subscription 5
D/Mms     ( 5560): cancelNotification
D/Mms     ( 5560): cancelNotification
I/WebViewFactory( 5560): Loading com.android.webview version 37 (e388d0205b-arm) (code 100001)
I/LibraryLoader( 5560): Loading: webviewchromium
I/LibraryLoader( 5560): Time to load native libraries: 105 ms (timestamps 9754-9859)
I/LibraryLoader( 5560): Expected native library version number "",actual native library version number ""
V/WebViewChromiumFactoryProvider( 5560): Binding Chromium to main looper Looper (main, tid 1) {12540df}
I/LibraryLoader( 5560): Expected native library version number "",actual native library version number ""
I/chromium( 5560): [INFO:library_loader_hooks.cc(106)] Chromium logging enabled: level = 0, default verbosity = 0
I/BrowserStartupController( 5560): Initializing chromium process, renderers=0
W/art     ( 5560): Attempt to remove local handle scope entry from IRT, ignoring
W/chromium( 5560): [WARNING:dns_config_service_posix.cc(293)] Failed to read DnsConfig.
W/chromium( 5560): [WARNING:resource_bundle.cc(315)] locale_file_path.empty()
I/chromium( 5560): [INFO:aw_browser_main_parts.cc(63)] Load from apk succesful, fd=68 off=52732 len=3718
I/chromium( 5560): [INFO:aw_browser_main_parts.cc(78)] Loading webviewchromium.pak from, fd:69 off:228796 len:643667
V/ZoomGestureOverlayView( 5560): dispatchTouchEvent(MotionEvent { action=ACTION_DOWN, id[0]=0, x[0]=484.0, y[0]=1744.0, toolType[0]=TOOL_TYPE_FINGER, buttonState=0, metaState=0, flags=0x0, edgeFlags=0x0, pointerCount=1, historySize=0, eventTime=219992, downTime=219992, deviceId=20, source=0x5002 })
V/ZoomGestureOverlayView( 5560): dispatchTouchEvent(MotionEvent { action=ACTION_MOVE, id[0]=0, x[0]=483.0, y[0]=1743.0, toolType[0]=TOOL_TYPE_FINGER, buttonState=0, metaState=0, flags=0x0, edgeFlags=0x0, pointerCount=1, historySize=5, eventTime=220069, downTime=219992, deviceId=20, source=0x5002 })
V/ZoomGestureOverlayView( 5560): dispatchTouchEvent(MotionEvent { action=ACTION_UP, id[0]=0, x[0]=483.0, y[0]=1743.0, toolType[0]=TOOL_TYPE_FINGER, buttonState=0, metaState=0, flags=0x0, edgeFlags=0x0, pointerCount=1, historySize=0, eventTime=220080, downTime=219992, deviceId=20, source=0x5002 })
I/LatinIME( 4514): Starting input. Cursor position = 0,0
D/Mms     ( 5560): [MsgUtils] isIccCardActivated subscription 5
D/Mms     ( 5560): [MsgUtils] isIccCardActivated subscription 5
D/Mms     ( 5560): cancelNotification
D/Mms     ( 5560): [MsgUtils] isIccCardActivated subscription 5
W/IInputConnectionWrapper( 5560): requestCursorAnchorInfo on inactive InputConnection
W/IInputConnectionWrapper( 5560): getTextBeforeCursor on inactive InputConnection
E/RichInputConnection( 4514): Unable to connect to the editor to retrieve text.
D/RichInputConnection( 4514): Will try to retrieve text later.
W/IInputConnectionWrapper( 5560): getTextBeforeCursor on inactive InputConnection
E/RichInputConnection( 4514): Unable to connect to the editor to retrieve text.
W/RichInputConnection( 4514): Unable to connect to the editor. Setting caps mode without knowing text.
I/LatinIME( 4514): Starting input. Cursor position = 0,0
D/Mms     ( 5560): [MsgUtils] isIccCardActivated subscription 5
D/Mms     ( 5560): [MsgUtils] isIccCardActivated subscription 5
D/Mms     ( 5560): [MsgUtils] isIccCardActivated subscription 5
D/Mms     ( 5560): [MsgUtils] isIccCardActivated subscription 5
D/Mms     ( 5560): [MsgUtils] isIccCardActivated subscription 5
D/Mms     ( 5560): [MsgUtils] isIccCardActivated subscription 5
D/Mms     ( 5560): [MsgUtils] isIccCardActivated subscription 5
D/Mms     ( 5560): [MsgUtils] isIccCardActivated subscription 5
D/Mms     ( 5560): [MsgUtils] isIccCardActivated subscription 5
D/Mms     ( 5560): [MsgUtils] isIccCardActivated subscription 5
D/Mms     ( 5560): [MsgUtils] isIccCardActivated subscription 5
D/Mms     ( 5560): [MsgUtils] isIccCardActivated subscription 5
I/LatinIME:LogUtils( 4514): Dictionary info: dictionary = userunigram.es ; version = 1437083186 ; date = ?
I/LatinIME:LogUtils( 4514): Dictionary info: dictionary = spellcheck_userunigram.es ; version = 1437083186 ; date = ?
I/LatinIME:LogUtils( 4514): Dictionary info: dictionary = spellcheck_contacts.es ; version = 1437083186 ; date = ?
I/LatinIME:LogUtils( 4514): Dictionary info: dictionary = main:es ; version = 49 ; date = 1404131686
I/LatinIME:LogUtils( 4514): Dictionary info: dictionary = main:es ; version = 49 ; date = 1404131686
D/Mms     ( 5560): [MsgUtils] isIccCardActivated subscription 5
D/Mms     ( 5560): [MsgUtils] isIccCardActivated subscription 5
D/Mms     ( 5560): [MsgUtils] isIccCardActivated subscription 5
D/Mms     ( 5560): [MsgUtils] isIccCardActivated subscription 5
D/Mms     ( 5560): [MsgUtils] isIccCardActivated subscription 5
D/Mms     ( 5560): [MsgUtils] isIccCardActivated subscription 5
D/Mms     ( 5560): [MsgUtils] isIccCardActivated subscription 5
V/ZoomGestureOverlayView( 5560): dispatchTouchEvent(MotionEvent { action=ACTION_DOWN, id[0]=0, x[0]=961.0, y[0]=965.0, toolType[0]=TOOL_TYPE_FINGER, buttonState=0, metaState=0, flags=0x0, edgeFlags=0x0, pointerCount=1, historySize=0, eventTime=227363, downTime=227363, deviceId=20, source=0x5002 })
V/ZoomGestureOverlayView( 5560): dispatchTouchEvent(MotionEvent { action=ACTION_MOVE, id[0]=0, x[0]=959.78345, y[0]=963.78345, toolType[0]=TOOL_TYPE_FINGER, buttonState=0, metaState=0, flags=0x0, edgeFlags=0x0, pointerCount=1, historySize=1, eventTime=227375, downTime=227363, deviceId=20, source=0x5002 })
V/ZoomGestureOverlayView( 5560): dispatchTouchEvent(MotionEvent { action=ACTION_MOVE, id[0]=0, x[0]=958.26276, y[0]=963.0, toolType[0]=TOOL_TYPE_FINGER, buttonState=0, metaState=0, flags=0x0, edgeFlags=0x0, pointerCount=1, historySize=1, eventTime=227392, downTime=227363, deviceId=20, source=0x5002 })
V/ZoomGestureOverlayView( 5560): dispatchTouchEvent(MotionEvent { action=ACTION_MOVE, id[0]=0, x[0]=958.0, y[0]=963.0, toolType[0]=TOOL_TYPE_FINGER, buttonState=0, metaState=0, flags=0x0, edgeFlags=0x0, pointerCount=1, historySize=2, eventTime=227409, downTime=227363, deviceId=20, source=0x5002 })
V/ZoomGestureOverlayView( 5560): dispatchTouchEvent(MotionEvent { action=ACTION_MOVE, id[0]=0, x[0]=958.0, y[0]=963.0, toolType[0]=TOOL_TYPE_FINGER, buttonState=0, metaState=0, flags=0x0, edgeFlags=0x0, pointerCount=1, historySize=1, eventTime=227426, downTime=227363, deviceId=20, source=0x5002 })
V/ZoomGestureOverlayView( 5560): dispatchTouchEvent(MotionEvent { action=ACTION_MOVE, id[0]=0, x[0]=958.0, y[0]=963.0, toolType[0]=TOOL_TYPE_FINGER, buttonState=0, metaState=0, flags=0x0, edgeFlags=0x0, pointerCount=1, historySize=0, eventTime=227428, downTime=227363, deviceId=20, source=0x5002 })
V/ZoomGestureOverlayView( 5560): dispatchTouchEvent(MotionEvent { action=ACTION_UP, id[0]=0, x[0]=958.0, y[0]=963.0, toolType[0]=TOOL_TYPE_FINGER, buttonState=0, metaState=0, flags=0x0, edgeFlags=0x0, pointerCount=1, historySize=0, eventTime=227439, downTime=227363, deviceId=20, source=0x5002 })
D/Mms     ( 5560): [MsgUtils] isIccCardActivated subscription 5
W/Mms     ( 5560): isLTEOnlyMode: Could not find PREFERRED_NETWORK_MODE!
V/Mms     ( 5560): compose mmsCurrentSize = 10, indicatorSizeOvered = false
D/Mms     ( 5560): cancelNotification
D/Mms     ( 5560): [SmsMsgSender] updating Database with phoneId = 0
D/Mms     ( 5560): [MsgUtils] isIccCardActivated subscription 5
D/Mms     ( 5560): [MsgUtils] isIccCardActivated subscription 5
W/IInputConnectionWrapper( 5560): getTextBeforeCursor on inactive InputConnection
E/RichInputConnection( 4514): Unable to connect to the editor to retrieve text.
D/RichInputConnection( 4514): Will try to retrieve text later.
W/IInputConnectionWrapper( 5560): getTextBeforeCursor on inactive InputConnection
E/RichInputConnection( 4514): Unable to connect to the editor to retrieve text.
W/RichInputConnection( 4514): Unable to connect to the editor. Setting caps mode without knowing text.
I/LatinIME( 4514): Starting input. Cursor position = 0,0
V/Mms     ( 5560): onStart: #1 resultCode: -1 = Activity.RESULT_OK
D/Mms     ( 5560): [MsgUtils] isIccCardActivated subscription 5
E/Mms     ( 5560): send SMS phone Id = 0 subId : = 1
D/Mms     ( 5560): sendMessage validityPeriod = -1
D/MmsService( 4800): getAutoPersisting
I/art     ( 4800): Explicit concurrent mark sweep GC freed 19986(1322KB) AllocSpace objects, 0(0B) LOS objects, 40% free, 19MB/31MB, paused 3.106ms total 87.627ms
D/Mms     ( 5560): [MsgUtils] isIccCardActivated subscription 5
D/Mms     ( 5560): [MsgUtils] isIccCardActivated subscription 5
V/Mms     ( 5560): onStart: #1 resultCode: -1 = Activity.RESULT_OK
D/Mms     ( 5560): [MsgUtils] isIccCardActivated subscription 5
D/Mms     ( 5560): cancelNotification
D/Mms     ( 5560): [MsgUtils] isIccCardActivated subscription 5
D/AlarmManagerService( 4135): Kernel timezone updated to 180 minutes west of GMT
D/ConnectivityService( 4135): notifyType CAP_CHANGED for NetworkAgentInfo [MOBILE (UMTS) - 100]
D/CellBroadcastReceiver( 5786): onReceive Intent { act=android.intent.action.SERVICE_STATE flg=0x10 cmp=com.android.cellbroadcastreceiver/.CellBroadcastReceiver (has extras) }
D/CellBroadcastReceiver( 5786): Intent ACTION_SERVICE_STATE_CHANGED
D/CellBroadcastReceiver( 5786): Service state changed! 0 Full: 0 0 home PERSONAL AR TP 72234  UMTS HSPAP CSS not supported -1 -1 RoamInd=-1 DefRoamInd=-1 EmergOnly=false Current state=-1
D/KeyguardUpdateMonitor( 4314): ACTION_SERVICE_STATE_CHANGED on sub: 1 mServiceState: 0 0 home PERSONAL AR TP 72234  UMTS HSPAP CSS not supported -1 -1 RoamInd=-1 DefRoamInd=-1 EmergOnly=false
D/CellBroadcastConfigService( 5786): enabling emergency cell broadcast channels
D/CellBroadcastConfigService( 5786): enabled emergency cell broadcast channels
D/CellBroadcastConfigService( 5786): disabling cell broadcast channel 50
D/IccSmsInterfaceManager( 4800): [IccSmsInterfaceManager] Failed to remove cell broadcast subscription for MID range 50 to 50 from client com.android.cellbroadcastreceiver
D/CellBroadcastConfigService( 5786): disabling channels 919-928
D/IccSmsInterfaceManager( 4800): [IccSmsInterfaceManager] Failed to remove cell broadcast subscription for MID range 919 to 928 from client com.android.cellbroadcastreceiver
D/CellBroadcastConfigService( 5786): disabling cell broadcast ETWS test messages
D/IccSmsInterfaceManager( 4800): [IccSmsInterfaceManager] Failed to remove cell broadcast subscription for MID range 4355 to 4355 from client com.android.cellbroadcastreceiver
D/CellBroadcastConfigService( 5786): disabling cell broadcast CMAS test messages
D/IccSmsInterfaceManager( 4800): [IccSmsInterfaceManager] Failed to remove cell broadcast subscription for MID range 4380 to 4382 from client com.android.cellbroadcastreceiver
D/AlarmManagerService( 4135): Kernel timezone updated to 180 minutes west of GMT
D/ConnectivityService( 4135): notifyType CAP_CHANGED for NetworkAgentInfo [MOBILE (HSPA+) - 100]
D/CellBroadcastReceiver( 5786): onReceive Intent { act=android.intent.action.SERVICE_STATE flg=0x10 cmp=com.android.cellbroadcastreceiver/.CellBroadcastReceiver (has extras) }
D/CellBroadcastReceiver( 5786): Intent ACTION_SERVICE_STATE_CHANGED
D/CellBroadcastReceiver( 5786): Service state changed! 0 Full: 0 0 home PERSONAL AR TP 72234  UMTS UMTS CSS not supported -1 -1 RoamInd=-1 DefRoamInd=-1 EmergOnly=false Current state=-1
D/KeyguardUpdateMonitor( 4314): ACTION_SERVICE_STATE_CHANGED on sub: 1 mServiceState: 0 0 home PERSONAL AR TP 72234  UMTS UMTS CSS not supported -1 -1 RoamInd=-1 DefRoamInd=-1 EmergOnly=false
D/CellBroadcastConfigService( 5786): enabling emergency cell broadcast channels
D/CellBroadcastConfigService( 5786): enabled emergency cell broadcast channels
D/CellBroadcastConfigService( 5786): disabling cell broadcast channel 50
D/IccSmsInterfaceManager( 4800): [IccSmsInterfaceManager] Failed to remove cell broadcast subscription for MID range 50 to 50 from client com.android.cellbroadcastreceiver
D/CellBroadcastConfigService( 5786): disabling channels 919-928
D/IccSmsInterfaceManager( 4800): [IccSmsInterfaceManager] Failed to remove cell broadcast subscription for MID range 919 to 928 from client com.android.cellbroadcastreceiver
D/CellBroadcastConfigService( 5786): disabling cell broadcast ETWS test messages
D/IccSmsInterfaceManager( 4800): [IccSmsInterfaceManager] Failed to remove cell broadcast subscription for MID range 4355 to 4355 from client com.android.cellbroadcastreceiver
D/CellBroadcastConfigService( 5786): disabling cell broadcast CMAS test messages
D/IccSmsInterfaceManager( 4800): [IccSmsInterfaceManager] Failed to remove cell broadcast subscription for MID range 4380 to 4382 from client com.android.cellbroadcastreceiver
D/HeadsetStateMachine( 5103): Disconnected process message: 10, size: 0
D/Mms     ( 5560): [MsgUtils] isIccCardActivated subscription 5
D/Mms     ( 5560): [MsgUtils] isIccCardActivated subscription 5
D/Mms     ( 5560): [MsgUtils] isIccCardActivated subscription 5
D/Mms     ( 5560): [MsgUtils] isIccCardActivated subscription 5
D/Mms     ( 5560): [MsgUtils] isIccCardActivated subscription 5
D/Mms     ( 5560): [MsgUtils] isIccCardActivated subscription 5
D/Mms     ( 5560): [MsgUtils] isIccCardActivated subscription 5
D/Mms     ( 5560): [MsgUtils] isIccCardActivated subscription 5
D/Mms     ( 5560): [MsgUtils] isIccCardActivated subscription 5
D/Mms     ( 5560): [MsgUtils] isIccCardActivated subscription 5
D/Mms     ( 5560): [MsgUtils] isIccCardActivated subscription 5
D/Mms     ( 5560): [MsgUtils] isIccCardActivated subscription 5
D/Mms     ( 5560): [MsgUtils] isIccCardActivated subscription 5
D/Mms     ( 5560): [MsgUtils] isIccCardActivated subscription 5
D/Mms     ( 5560): [MsgUtils] isIccCardActivated subscription 5
D/Mms     ( 5560): [MsgUtils] isIccCardActivated subscription 5
D/Mms     ( 5560): [MsgUtils] isIccCardActivated subscription 5
D/Mms     ( 5560): [MsgUtils] isIccCardActivated subscription 5
D/Mms     ( 5560): [MsgUtils] isIccCardActivated subscription 5
D/Mms     ( 5560): [MsgUtils] isIccCardActivated subscription 5
D/Mms     ( 5560): [MsgUtils] isIccCardActivated subscription 5
V/ZoomGestureOverlayView( 5560): dispatchTouchEvent(MotionEvent { action=ACTION_DOWN, id[0]=0, x[0]=955.0, y[0]=975.0, toolType[0]=TOOL_TYPE_FINGER, buttonState=0, metaState=0, flags=0x0, edgeFlags=0x0, pointerCount=1, historySize=0, eventTime=256947, downTime=256947, deviceId=20, source=0x5002 })
V/ZoomGestureOverlayView( 5560): dispatchTouchEvent(MotionEvent { action=ACTION_MOVE, id[0]=0, x[0]=955.0, y[0]=973.7085, toolType[0]=TOOL_TYPE_FINGER, buttonState=0, metaState=0, flags=0x0, edgeFlags=0x0, pointerCount=1, historySize=1, eventTime=256961, downTime=256947, deviceId=20, source=0x5002 })
V/ZoomGestureOverlayView( 5560): dispatchTouchEvent(MotionEvent { action=ACTION_MOVE, id[0]=0, x[0]=955.0, y[0]=974.0, toolType[0]=TOOL_TYPE_FINGER, buttonState=0, metaState=0, flags=0x0, edgeFlags=0x0, pointerCount=1, historySize=1, eventTime=256978, downTime=256947, deviceId=20, source=0x5002 })
V/ZoomGestureOverlayView( 5560): dispatchTouchEvent(MotionEvent { action=ACTION_MOVE, id[0]=0, x[0]=955.0, y[0]=974.0, toolType[0]=TOOL_TYPE_FINGER, buttonState=0, metaState=0, flags=0x0, edgeFlags=0x0, pointerCount=1, historySize=2, eventTime=256995, downTime=256947, deviceId=20, source=0x5002 })
V/ZoomGestureOverlayView( 5560): dispatchTouchEvent(MotionEvent { action=ACTION_MOVE, id[0]=0, x[0]=954.0, y[0]=974.0, toolType[0]=TOOL_TYPE_FINGER, buttonState=0, metaState=0, flags=0x0, edgeFlags=0x0, pointerCount=1, historySize=0, eventTime=257002, downTime=256947, deviceId=20, source=0x5002 })
V/ZoomGestureOverlayView( 5560): dispatchTouchEvent(MotionEvent { action=ACTION_UP, id[0]=0, x[0]=954.0, y[0]=974.0, toolType[0]=TOOL_TYPE_FINGER, buttonState=0, metaState=0, flags=0x0, edgeFlags=0x0, pointerCount=1, historySize=0, eventTime=257012, downTime=256947, deviceId=20, source=0x5002 })
D/Mms     ( 5560): [MsgUtils] isIccCardActivated subscription 5
W/Mms     ( 5560): isLTEOnlyMode: Could not find PREFERRED_NETWORK_MODE!
V/Mms     ( 5560): compose mmsCurrentSize = 13, indicatorSizeOvered = false
D/Mms     ( 5560): cancelNotification
D/Mms     ( 5560): [SmsMsgSender] updating Database with phoneId = 0
D/Mms     ( 5560): [MsgUtils] isIccCardActivated subscription 5
D/Mms     ( 5560): [MsgUtils] isIccCardActivated subscription 5
W/IInputConnectionWrapper( 5560): getTextBeforeCursor on inactive InputConnection
E/RichInputConnection( 4514): Unable to connect to the editor to retrieve text.
D/RichInputConnection( 4514): Will try to retrieve text later.
W/IInputConnectionWrapper( 5560): getTextBeforeCursor on inactive InputConnection
E/RichInputConnection( 4514): Unable to connect to the editor to retrieve text.
W/RichInputConnection( 4514): Unable to connect to the editor. Setting caps mode without knowing text.
I/LatinIME( 4514): Starting input. Cursor position = 0,0
V/Mms     ( 5560): onStart: #1 resultCode: -1 = Activity.RESULT_OK
D/Mms     ( 5560): [MsgUtils] isIccCardActivated subscription 5
E/Mms     ( 5560): send SMS phone Id = 0 subId : = 1
D/Mms     ( 5560): [MsgUtils] isIccCardActivated subscription 5
D/Mms     ( 5560): sendMessage validityPeriod = -1
D/MmsService( 4800): getAutoPersisting
D/Mms     ( 5560): [MsgUtils] isIccCardActivated subscription 5
V/Mms     ( 5560): onStart: #1 resultCode: -1 = Activity.RESULT_OK
I/art     ( 5560): Explicit concurrent mark sweep GC freed 29680(1823KB) AllocSpace objects, 5(97KB) LOS objects, 40% free, 21MB/35MB, paused 2.308ms total 78.255ms
D/Mms     ( 5560): [MsgUtils] isIccCardActivated subscription 5
D/Mms     ( 5560): cancelNotification
D/Mms     ( 5560): [MsgUtils] isIccCardActivated subscription 5
D/HeadsetStateMachine( 5103): Disconnected process message: 10, size: 0
D/HeadsetStateMachine( 5103): Disconnected process message: 10, size: 0
V/ZoomGestureOverlayView( 5560): dispatchTouchEvent(MotionEvent { action=ACTION_DOWN, id[0]=0, x[0]=512.0, y[0]=441.0, toolType[0]=TOOL_TYPE_FINGER, buttonState=0, metaState=0, flags=0x0, edgeFlags=0x0, pointerCount=1, historySize=0, eventTime=314558, downTime=314558, deviceId=20, source=0x5002 })
V/ZoomGestureOverlayView( 5560): dispatchTouchEvent(MotionEvent { action=ACTION_MOVE, id[0]=0, x[0]=506.4193, y[0]=459.4842, toolType[0]=TOOL_TYPE_FINGER, buttonState=0, metaState=0, flags=0x0, edgeFlags=0x0, pointerCount=1, historySize=4, eventTime=314605, downTime=314558, deviceId=20, source=0x5002 })
V/ZoomGestureOverlayView( 5560): dispatchTouchEvent(MotionEvent { action=ACTION_MOVE, id[0]=0, x[0]=498.0799, y[0]=510.5207, toolType[0]=TOOL_TYPE_FINGER, buttonState=0, metaState=0, flags=0x0, edgeFlags=0x0, pointerCount=1, historySize=1, eventTime=314622, downTime=314558, deviceId=20, source=0x5002 })
V/ZoomGestureOverlayView( 5560): dispatchTouchEvent(MotionEvent { action=ACTION_MOVE, id[0]=0, x[0]=489.0372, y[0]=575.3939, toolType[0]=TOOL_TYPE_FINGER, buttonState=0, metaState=0, flags=0x0, edgeFlags=0x0, pointerCount=1, historySize=2, eventTime=314639, downTime=314558, deviceId=20, source=0x5002 })
V/ZoomGestureOverlayView( 5560): dispatchTouchEvent(MotionEvent { action=ACTION_MOVE, id[0]=0, x[0]=480.72992, y[0]=654.5388, toolType[0]=TOOL_TYPE_FINGER, buttonState=0, metaState=0, flags=0x0, edgeFlags=0x0, pointerCount=1, historySize=2, eventTime=314658, downTime=314558, deviceId=20, source=0x5002 })
V/ZoomGestureOverlayView( 5560): dispatchTouchEvent(MotionEvent { action=ACTION_MOVE, id[0]=0, x[0]=476.8123, y[0]=733.0993, toolType[0]=TOOL_TYPE_FINGER, buttonState=0, metaState=0, flags=0x0, edgeFlags=0x0, pointerCount=1, historySize=1, eventTime=314674, downTime=314558, deviceId=20, source=0x5002 })
V/ZoomGestureOverlayView( 5560): dispatchTouchEvent(MotionEvent { action=ACTION_MOVE, id[0]=0, x[0]=476.0, y[0]=808.95996, toolType[0]=TOOL_TYPE_FINGER, buttonState=0, metaState=0, flags=0x0, edgeFlags=0x0, pointerCount=1, historySize=2, eventTime=314691, downTime=314558, deviceId=20, source=0x5002 })
V/ZoomGestureOverlayView( 5560): dispatchTouchEvent(MotionEvent { action=ACTION_MOVE, id[0]=0, x[0]=480.19644, y[0]=886.0467, toolType[0]=TOOL_TYPE_FINGER, buttonState=0, metaState=0, flags=0x0, edgeFlags=0x0, pointerCount=1, historySize=1, eventTime=314708, downTime=314558, deviceId=20, source=0x5002 })
V/ZoomGestureOverlayView( 5560): dispatchTouchEvent(MotionEvent { action=ACTION_MOVE, id[0]=0, x[0]=487.81854, y[0]=950.71216, toolType[0]=TOOL_TYPE_FINGER, buttonState=0, metaState=0, flags=0x0, edgeFlags=0x0, pointerCount=1, historySize=2, eventTime=314725, downTime=314558, deviceId=20, source=0x5002 })
V/ZoomGestureOverlayView( 5560): dispatchTouchEvent(MotionEvent { action=ACTION_MOVE, id[0]=0, x[0]=498.81223, y[0]=1008.68616, toolType[0]=TOOL_TYPE_FINGER, buttonState=0, metaState=0, flags=0x0, edgeFlags=0x0, pointerCount=1, historySize=1, eventTime=314742, downTime=314558, deviceId=20, source=0x5002 })
V/ZoomGestureOverlayView( 5560): dispatchTouchEvent(MotionEvent { action=ACTION_MOVE, id[0]=0, x[0]=509.43872, y[0]=1061.1936, toolType[0]=TOOL_TYPE_FINGER, buttonState=0, metaState=0, flags=0x0, edgeFlags=0x0, pointerCount=1, historySize=2, eventTime=314759, downTime=314558, deviceId=20, source=0x5002 })
V/ZoomGestureOverlayView( 5560): dispatchTouchEvent(MotionEvent { action=ACTION_MOVE, id[0]=0, x[0]=518.3289, y[0]=1100.0372, toolType[0]=TOOL_TYPE_FINGER, buttonState=0, metaState=0, flags=0x0, edgeFlags=0x0, pointerCount=1, historySize=1, eventTime=314776, downTime=314558, deviceId=20, source=0x5002 })
V/ZoomGestureOverlayView( 5560): dispatchTouchEvent(MotionEvent { action=ACTION_MOVE, id[0]=0, x[0]=527.533, y[0]=1137.1321, toolType[0]=TOOL_TYPE_FINGER, buttonState=0, metaState=0, flags=0x0, edgeFlags=0x0, pointerCount=1, historySize=2, eventTime=314792, downTime=314558, deviceId=20, source=0x5002 })
V/ZoomGestureOverlayView( 5560): dispatchTouchEvent(MotionEvent { action=ACTION_MOVE, id[0]=0, x[0]=536.97644, y[0]=1171.7012, toolType[0]=TOOL_TYPE_FINGER, buttonState=0, metaState=0, flags=0x0, edgeFlags=0x0, pointerCount=1, historySize=1, eventTime=314809, downTime=314558, deviceId=20, source=0x5002 })
V/ZoomGestureOverlayView( 5560): dispatchTouchEvent(MotionEvent { action=ACTION_MOVE, id[0]=0, x[0]=538.0, y[0]=1176.0, toolType[0]=TOOL_TYPE_FINGER, buttonState=0, metaState=0, flags=0x0, edgeFlags=0x0, pointerCount=1, historySize=0, eventTime=314811, downTime=314558, deviceId=20, source=0x5002 })
V/ZoomGestureOverlayView( 5560): dispatchTouchEvent(MotionEvent { action=ACTION_UP, id[0]=0, x[0]=538.0, y[0]=1176.0, toolType[0]=TOOL_TYPE_FINGER, buttonState=0, metaState=0, flags=0x0, edgeFlags=0x0, pointerCount=1, historySize=0, eventTime=314822, downTime=314558, deviceId=20, source=0x5002 })
I/art     ( 4135): Explicit concurrent mark sweep GC freed 30053(1463KB) AllocSpace objects, 10(212KB) LOS objects, 33% free, 25MB/37MB, paused 2.961ms total 108.176ms
D/Mms     ( 5560): cancelNotification
D/Mms     ( 5560): [205] markAsRead: update read/seen for thread uri: content://mms-sms/conversations/1
D/Mms     ( 5560): cancelNotification
D/Mms     ( 5560): [1] mDeleteObsoleteThreadsRunnable calling asyncDeleteObsoleteThreads
D/Mms     ( 5560): cancelNotification
D/Mms     ( 5560): cancelNotification
D/Mms     ( 5560): [1] onQueryComplete finished DELETE_OBSOLETE_THREADS_TOKEN
D/Mms     ( 5560): cancelNotification
D/Mms     ( 5560): cancelNotification
D/Mms     ( 5560): [MsgUtils] isIccCardActivated subscription 5
D/Mms     ( 5560): cancelNotification
I/Timeline( 5560): Timeline: Activity_idle id: android.os.BinderProxy@3be0bbf time:317220
I/Timeline( 4135): Timeline: Activity_windows_visible id: ActivityRecord{26334874 u0 com.android.mms/.ui.ConversationList t8} time:317417
I/art     ( 5560): Explicit concurrent mark sweep GC freed 15245(934KB) AllocSpace objects, 2(100KB) LOS objects, 40% free, 20MB/34MB, paused 1.662ms total 66.504ms
I/art     ( 5560): Explicit concurrent mark sweep GC freed 2004(80KB) AllocSpace objects, 0(0B) LOS objects, 40% free, 20MB/34MB, paused 1.788ms total 37.591ms
I/art     ( 5560): Explicit concurrent mark sweep GC freed 3(96B) AllocSpace objects, 0(0B) LOS objects, 40% free, 20MB/34MB, paused 1.666ms total 27.390ms
I/Timeline( 5560): Timeline: Activity_launch_request id:com.android.mms time:319727
I/ActivityManager( 4135): START u0 {dat=content://mms-sms/conversations/1 cmp=com.android.mms/.ui.ComposeMessageActivity} from uid 10012 on display 0
D/Mms     ( 5560): [1] [initialize] savedInstanceState = null intent = Intent { dat=content://mms-sms/conversations/1 cmp=com.android.mms/.ui.ComposeMessageActivity } mConversation = [+54 351 228-2698] (tid 1)
D/Mms     ( 5560): [MsgUtils] isIccCardActivated subscription 5
D/Mms     ( 5560): cancelNotification
D/Mms     ( 5560): cancelNotification
D/Mms     ( 5560): [MsgUtils] isIccCardActivated subscription 5
I/ActivityManager( 4135): Displayed com.android.mms/.ui.ComposeMessageActivity: +174ms
D/Mms     ( 5560): cancelNotification
D/OpenGLRenderer( 5560): endAllStagingAnimators on 0xaf356a80 (ListView) with handle 0xa07175f0
I/Timeline( 5560): Timeline: Activity_idle id: android.os.BinderProxy@2bf6649f time:319994
I/Timeline( 4135): Timeline: Activity_windows_visible id: ActivityRecord{297d250a u0 com.android.mms/.ui.ComposeMessageActivity t8} time:320301
D/Mms     ( 5560): [MsgUtils] isIccCardActivated subscription 5
I/art     ( 4800): Explicit concurrent mark sweep GC freed 18049(1575KB) AllocSpace objects, 0(0B) LOS objects, 39% free, 19MB/31MB, paused 2.426ms total 79.956ms
D/Mms     ( 5560): [MsgUtils] isIccCardActivated subscription 5
D/Mms     ( 5560): cancelNotification
D/Mms     ( 5560): [MsgUtils] isIccCardActivated subscription 5
D/Mms     ( 5560): [MsgUtils] isIccCardActivated subscription 5
D/Mms     ( 5560): cancelNotification
D/Mms     ( 5560): cancelNotification
V/ZoomGestureOverlayView( 5560): dispatchTouchEvent(MotionEvent { action=ACTION_DOWN, id[0]=0, x[0]=765.0, y[0]=66.0, toolType[0]=TOOL_TYPE_FINGER, buttonState=0, metaState=0, flags=0x0, edgeFlags=0x0, pointerCount=1, historySize=0, eventTime=321243, downTime=321243, deviceId=20, source=0x5002 })
V/ZoomGestureOverlayView( 5560): dispatchTouchEvent(MotionEvent { action=ACTION_MOVE, id[0]=0, x[0]=765.0, y[0]=63.570755, toolType[0]=TOOL_TYPE_FINGER, buttonState=0, metaState=0, flags=0x0, edgeFlags=0x0, pointerCount=1, historySize=2, eventTime=321270, downTime=321243, deviceId=20, source=0x5002 })
V/ZoomGestureOverlayView( 5560): dispatchTouchEvent(MotionEvent { action=ACTION_MOVE, id[0]=0, x[0]=765.0, y[0]=64.0, toolType[0]=TOOL_TYPE_FINGER, buttonState=0, metaState=0, flags=0x0, edgeFlags=0x0, pointerCount=1, historySize=2, eventTime=321304, downTime=321243, deviceId=20, source=0x5002 })
V/ZoomGestureOverlayView( 5560): dispatchTouchEvent(MotionEvent { action=ACTION_MOVE, id[0]=0, x[0]=765.0, y[0]=64.0, toolType[0]=TOOL_TYPE_FINGER, buttonState=0, metaState=0, flags=0x0, edgeFlags=0x0, pointerCount=1, historySize=0, eventTime=321309, downTime=321243, deviceId=20, source=0x5002 })
V/ZoomGestureOverlayView( 5560): dispatchTouchEvent(MotionEvent { action=ACTION_UP, id[0]=0, x[0]=765.0, y[0]=64.0, toolType[0]=TOOL_TYPE_FINGER, buttonState=0, metaState=0, flags=0x0, edgeFlags=0x0, pointerCount=1, historySize=0, eventTime=321320, downTime=321243, deviceId=20, source=0x5002 })
I/ActivityManager( 4135): START u0 {act=android.intent.action.CALL dat=tel:xxxxxxxxxxx-xxxx cmp=com.android.server.telecom/.CallActivity} from uid 10012 on display 0
D/Telecom ( 4778): CallActivity: processOutgoingCallIntent videoState = 0
D/Telecom ( 4778): com.android.server.telecom.CallReceiver: isConferenceUri = false
D/Telecom ( 4778): com.android.server.telecom.CallReceiver: isAddparticipant = false
D/Telecom ( 4778): com.android.server.telecom.CallReceiver: isSkipSchemaParsing = false
D/Mms     ( 5560): cancelNotification
D/Mms     ( 5560): cancelNotification
D/Mms     ( 5560): cancelNotification
D/Telecom ( 4778): Call: maybeLoadCannedSmsResponses: doing nothing
I/Telecom ( 4778): Call: setTargetPhoneAccount  ComponentInfo{com.android.phone/com.android.services.telephony.TelephonyConnectionService}, 1 
D/Telecom ( 4778): Call: maybeLoadCannedSmsResponses: doing nothing
I/Telecom ( 4778): CallAudioManager: updateAudioStreamAndMode, mIsRinging: false, mIsTonePlaying: false
I/Telecom ( 4778): InCallController: Attempting to bind to InCall com.android.dialer, is dupe? false 
I/Telecom ( 4778): CallAudioManager: updateAudioStreamAndMode, mIsRinging: false, mIsTonePlaying: false
I/Telecom ( 4778): CallAudioManager: requestAudioFocusAndSetMode, stream: -1 -> 0
I/MediaFocusControl( 4135):  AudioFocus  requestAudioFocus() from AudioFocus_For_Phone_Ring_And_Calls
I/InputDispatcher( 4135): Application is not responding: AppWindowToken{59f6747 token=Token{2c789286 ActivityRecord{2d607761 u0 com.android.server.telecom/.CallActivity t8}}}.  It has been 5012.7ms since event, 5004.3ms since wait started.  Reason: Waiting because no window has focus but there is a focused application that may eventually add a window when it finishes starting up.
I/WindowManager( 4135): Input event dispatching timed out sending to application AppWindowToken{59f6747 token=Token{2c789286 ActivityRecord{2d607761 u0 com.android.server.telecom/.CallActivity t8}}}.  Reason: Waiting because no window has focus but there is a focused application that may eventually add a window when it finishes starting up.
I/Process ( 4135): Sending signal. PID: 4778 SIG: 3
I/art     ( 4778): Thread[9,tid=4791,WaitingInMainSignalCatcherLoop,Thread*=0xb3f06400,peer=0x12c00080,"Signal Catcher"]: reacting to signal 3
I/Process ( 4135): Sending signal. PID: 4135 SIG: 3
I/art     ( 4135): Thread[9,tid=4148,WaitingInMainSignalCatcherLoop,Thread*=0xb3f06400,peer=0x12c02080,"Signal Catcher"]: reacting to signal 3
I/art     ( 4778): Wrote stack traces to '/data/anr/traces.txt'
I/Process ( 4135): Sending signal. PID: 4800 SIG: 3
I/Process ( 4135): Sending signal. PID: 4756 SIG: 3
I/art     ( 4800): Thread[9,tid=4813,WaitingInMainSignalCatcherLoop,Thread*=0xb3f06400,peer=0x12c00080,"Signal Catcher"]: reacting to signal 3
I/art     ( 4135): Wrote stack traces to '/data/anr/traces.txt'
I/art     ( 4756): Thread[9,tid=4769,WaitingInMainSignalCatcherLoop,Thread*=0xb3f06400,peer=0x12c00080,"Signal Catcher"]: reacting to signal 3
I/Process ( 4135): Sending signal. PID: 4734 SIG: 3
I/art     ( 4734): Thread[9,tid=4747,WaitingInMainSignalCatcherLoop,Thread*=0xb3f06400,peer=0x12c00080,"Signal Catcher"]: reacting to signal 3
I/art     ( 4734): Wrote stack traces to '/data/anr/traces.txt'
I/art     ( 4756): Wrote stack traces to '/data/anr/traces.txt'
I/Process ( 4135): Sending signal. PID: 4314 SIG: 3
I/art     ( 4314): Thread[9,tid=4328,WaitingInMainSignalCatcherLoop,Thread*=0xb3f06400,peer=0x12c00080,"Signal Catcher"]: reacting to signal 3
I/art     ( 4800): Wrote stack traces to '/data/anr/traces.txt'
I/art     ( 4314): Wrote stack traces to '/data/anr/traces.txt'
I/InputDispatcher( 4135): Dropped event because of pending overdue app switch.
I/InputDispatcher( 4135): Dropped event because of pending overdue app switch.
I/InputDispatcher( 4135): Dropped event because of pending overdue app switch.
I/InputDispatcher( 4135): Dropped event because of pending overdue app switch.
I/InputDispatcher( 4135): Dropped event because of pending overdue app switch.
I/InputDispatcher( 4135): Dropped event because of pending overdue app switch.
I/InputDispatcher( 4135): Dropped event because of pending overdue app switch.
I/InputDispatcher( 4135): Dropped event because of pending overdue app switch.
I/InputDispatcher( 4135): Dropped event because of pending overdue app switch.
I/InputDispatcher( 4135): Dropped event because of pending overdue app switch.
I/InputDispatcher( 4135): Dropped event because of pending overdue app switch.
I/InputDispatcher( 4135): Dropped event because of pending overdue app switch.
I/InputDispatcher( 4135): Dropped event because of pending overdue app switch.
I/InputDispatcher( 4135): Dropped event because of pending overdue app switch.
I/InputDispatcher( 4135): Dropped event because of pending overdue app switch.
I/InputDispatcher( 4135): Dropped event because of pending overdue app switch.
I/InputDispatcher( 4135): Dropped event because of pending overdue app switch.
I/ActivityManager( 4135): START u0 {act=android.intent.action.MAIN cat=[android.intent.category.HOME] flg=0x10200000 cmp=com.cyanogenmod.trebuchet/com.android.launcher3.Launcher} from uid 1000 on display 0
E/ActivityManager( 4135): Invalid thumbnail dimensions: 576x576
I/ValidateNoPeople( 4135): skipping global notification
D/lights  ( 4135): set_light_battery 0x140500 0 0
W/OpenGLRenderer( 4314): Incorrectly called buildLayer on View: TextView, destroying layer...
V/BlacklistProvider( 4800): Query uri=content://blacklist/bynumber/%2B543512282698, match=2
D/Mms     ( 5560): [MsgUtils] isIccCardActivated subscription 5
D/Mms     ( 5560): [MsgUtils] isIccCardActivated subscription 5
V/ZoomGestureOverlayView( 5560): dispatchTouchEvent(MotionEvent { action=ACTION_DOWN, id[0]=0, x[0]=765.0, y[0]=96.0, toolType[0]=TOOL_TYPE_FINGER, buttonState=0, metaState=0, flags=0x0, edgeFlags=0x0, pointerCount=1, historySize=0, eventTime=365767, downTime=365767, deviceId=20, source=0x5002 })
V/ZoomGestureOverlayView( 5560): dispatchTouchEvent(MotionEvent { action=ACTION_MOVE, id[0]=0, x[0]=765.0, y[0]=96.0, toolType[0]=TOOL_TYPE_FINGER, buttonState=0, metaState=0, flags=0x0, edgeFlags=0x0, pointerCount=1, historySize=1, eventTime=365782, downTime=365767, deviceId=20, source=0x5002 })
V/ZoomGestureOverlayView( 5560): dispatchTouchEvent(MotionEvent { action=ACTION_MOVE, id[0]=0, x[0]=765.0, y[0]=92.0, toolType[0]=TOOL_TYPE_FINGER, buttonState=0, metaState=0, flags=0x0, edgeFlags=0x0, pointerCount=1, historySize=5, eventTime=365855, downTime=365767, deviceId=20, source=0x5002 })
V/ZoomGestureOverlayView( 5560): dispatchTouchEvent(MotionEvent { action=ACTION_UP, id[0]=0, x[0]=765.0, y[0]=92.0, toolType[0]=TOOL_TYPE_FINGER, buttonState=0, metaState=0, flags=0x0, edgeFlags=0x0, pointerCount=1, historySize=0, eventTime=365865, downTime=365767, deviceId=20, source=0x5002 })
I/ActivityManager( 4135): START u0 {act=android.intent.action.CALL dat=tel:xxxxxxxxxxx-xxxx cmp=com.android.server.telecom/.CallActivity} from uid 10012 on display 0
V/ZoomGestureOverlayView( 5560): dispatchTouchEvent(MotionEvent { action=ACTION_DOWN, id[0]=0, x[0]=752.0, y[0]=66.0, toolType[0]=TOOL_TYPE_FINGER, buttonState=0, metaState=0, flags=0x0, edgeFlags=0x0, pointerCount=1, historySize=0, eventTime=372345, downTime=372345, deviceId=20, source=0x5002 })
V/ZoomGestureOverlayView( 5560): dispatchTouchEvent(MotionEvent { action=ACTION_MOVE, id[0]=0, x[0]=752.0, y[0]=62.5, toolType[0]=TOOL_TYPE_FINGER, buttonState=0, metaState=0, flags=0x0, edgeFlags=0x0, pointerCount=1, historySize=3, eventTime=372383, downTime=372345, deviceId=20, source=0x5002 })
V/ZoomGestureOverlayView( 5560): dispatchTouchEvent(MotionEvent { action=ACTION_MOVE, id[0]=0, x[0]=752.0, y[0]=63.0, toolType[0]=TOOL_TYPE_FINGER, buttonState=0, metaState=0, flags=0x0, edgeFlags=0x0, pointerCount=1, historySize=1, eventTime=372410, downTime=372345, deviceId=20, source=0x5002 })
V/ZoomGestureOverlayView( 5560): dispatchTouchEvent(MotionEvent { action=ACTION_MOVE, id[0]=0, x[0]=752.0, y[0]=63.0, toolType[0]=TOOL_TYPE_FINGER, buttonState=0, metaState=0, flags=0x0, edgeFlags=0x0, pointerCount=1, historySize=2, eventTime=372426, downTime=372345, deviceId=20, source=0x5002 })
V/ZoomGestureOverlayView( 5560): dispatchTouchEvent(MotionEvent { action=ACTION_MOVE, id[0]=0, x[0]=753.0, y[0]=64.0, toolType[0]=TOOL_TYPE_FINGER, buttonState=0, metaState=0, flags=0x0, edgeFlags=0x0, pointerCount=1, historySize=0, eventTime=372433, downTime=372345, deviceId=20, source=0x5002 })
V/ZoomGestureOverlayView( 5560): dispatchTouchEvent(MotionEvent { action=ACTION_UP, id[0]=0, x[0]=753.0, y[0]=64.0, toolType[0]=TOOL_TYPE_FINGER, buttonState=0, metaState=0, flags=0x0, edgeFlags=0x0, pointerCount=1, historySize=0, eventTime=372443, downTime=372345, deviceId=20, source=0x5002 })
I/ActivityManager( 4135): START u0 {act=android.intent.action.CALL dat=tel:xxxxxxxxxxx-xxxx cmp=com.android.server.telecom/.CallActivity} from uid 10012 on display 0
V/ZoomGestureOverlayView( 5560): dispatchTouchEvent(MotionEvent { action=ACTION_DOWN, id[0]=0, x[0]=742.0, y[0]=94.0, toolType[0]=TOOL_TYPE_FINGER, buttonState=0, metaState=0, flags=0x0, edgeFlags=0x0, pointerCount=1, historySize=0, eventTime=372944, downTime=372944, deviceId=20, source=0x5002 })
V/ZoomGestureOverlayView( 5560): dispatchTouchEvent(MotionEvent { action=ACTION_MOVE, id[0]=0, x[0]=742.0, y[0]=94.0, toolType[0]=TOOL_TYPE_FINGER, buttonState=0, metaState=0, flags=0x0, edgeFlags=0x0, pointerCount=1, historySize=2, eventTime=372969, downTime=372944, deviceId=20, source=0x5002 })
V/ZoomGestureOverlayView( 5560): dispatchTouchEvent(MotionEvent { action=ACTION_MOVE, id[0]=0, x[0]=742.0, y[0]=94.0, toolType[0]=TOOL_TYPE_FINGER, buttonState=0, metaState=0, flags=0x0, edgeFlags=0x0, pointerCount=1, historySize=2, eventTime=373003, downTime=372944, deviceId=20, source=0x5002 })
V/ZoomGestureOverlayView( 5560): dispatchTouchEvent(MotionEvent { action=ACTION_MOVE, id[0]=0, x[0]=742.0, y[0]=93.0, toolType[0]=TOOL_TYPE_FINGER, buttonState=0, metaState=0, flags=0x0, edgeFlags=0x0, pointerCount=1, historySize=0, eventTime=373008, downTime=372944, deviceId=20, source=0x5002 })
V/ZoomGestureOverlayView( 5560): dispatchTouchEvent(MotionEvent { action=ACTION_UP, id[0]=0, x[0]=742.0, y[0]=93.0, toolType[0]=TOOL_TYPE_FINGER, buttonState=0, metaState=0, flags=0x0, edgeFlags=0x0, pointerCount=1, historySize=0, eventTime=373019, downTime=372944, deviceId=20, source=0x5002 })
I/ActivityManager( 4135): START u0 {act=android.intent.action.CALL dat=tel:xxxxxxxxxxx-xxxx cmp=com.android.server.telecom/.CallActivity} from uid 10012 on display 0
V/ZoomGestureOverlayView( 5560): dispatchTouchEvent(MotionEvent { action=ACTION_DOWN, id[0]=0, x[0]=765.0, y[0]=79.0, toolType[0]=TOOL_TYPE_FINGER, buttonState=0, metaState=0, flags=0x0, edgeFlags=0x0, pointerCount=1, historySize=0, eventTime=373130, downTime=373130, deviceId=20, source=0x5002 })
V/ZoomGestureOverlayView( 5560): dispatchTouchEvent(MotionEvent { action=ACTION_MOVE, id[0]=0, x[0]=765.0, y[0]=79.0, toolType[0]=TOOL_TYPE_FINGER, buttonState=0, metaState=0, flags=0x0, edgeFlags=0x0, pointerCount=1, historySize=2, eventTime=373154, downTime=373130, deviceId=20, source=0x5002 })
V/ZoomGestureOverlayView( 5560): dispatchTouchEvent(MotionEvent { action=ACTION_MOVE, id[0]=0, x[0]=765.0, y[0]=78.0, toolType[0]=TOOL_TYPE_FINGER, buttonState=0, metaState=0, flags=0x0, edgeFlags=0x0, pointerCount=1, historySize=0, eventTime=373163, downTime=373130, deviceId=20, source=0x5002 })
V/ZoomGestureOverlayView( 5560): dispatchTouchEvent(MotionEvent { action=ACTION_UP, id[0]=0, x[0]=765.0, y[0]=78.0, toolType[0]=TOOL_TYPE_FINGER, buttonState=0, metaState=0, flags=0x0, edgeFlags=0x0, pointerCount=1, historySize=0, eventTime=373174, downTime=373130, deviceId=20, source=0x5002 })
I/ActivityManager( 4135): START u0 {act=android.intent.action.CALL dat=tel:xxxxxxxxxxx-xxxx cmp=com.android.server.telecom/.CallActivity} from uid 10012 on display 0
V/ZoomGestureOverlayView( 5560): dispatchTouchEvent(MotionEvent { action=ACTION_DOWN, id[0]=0, x[0]=773.0, y[0]=64.0, toolType[0]=TOOL_TYPE_FINGER, buttonState=0, metaState=0, flags=0x0, edgeFlags=0x0, pointerCount=1, historySize=0, eventTime=373274, downTime=373274, deviceId=20, source=0x5002 })
V/ZoomGestureOverlayView( 5560): dispatchTouchEvent(MotionEvent { action=ACTION_MOVE, id[0]=0, x[0]=773.0, y[0]=64.0, toolType[0]=TOOL_TYPE_FINGER, buttonState=0, metaState=0, flags=0x0, edgeFlags=0x0, pointerCount=1, historySize=1, eventTime=373289, downTime=373274, deviceId=20, source=0x5002 })
V/ZoomGestureOverlayView( 5560): dispatchTouchEvent(MotionEvent { action=ACTION_MOVE, id[0]=0, x[0]=773.0, y[0]=64.0, toolType[0]=TOOL_TYPE_FINGER, buttonState=0, metaState=0, flags=0x0, edgeFlags=0x0, pointerCount=1, historySize=1, eventTime=373301, downTime=373274, deviceId=20, source=0x5002 })
V/ZoomGestureOverlayView( 5560): dispatchTouchEvent(MotionEvent { action=ACTION_MOVE, id[0]=0, x[0]=773.0, y[0]=62.771744, toolType[0]=TOOL_TYPE_FINGER, buttonState=0, metaState=0, flags=0x0, edgeFlags=0x0, pointerCount=1, historySize=1, eventTime=373323, downTime=373274, deviceId=20, source=0x5002 })
V/ZoomGestureOverlayView( 5560): dispatchTouchEvent(MotionEvent { action=ACTION_MOVE, id[0]=0, x[0]=772.0, y[0]=62.0, toolType[0]=TOOL_TYPE_FINGER, buttonState=0, metaState=0, flags=0x0, edgeFlags=0x0, pointerCount=1, historySize=0, eventTime=373329, downTime=373274, deviceId=20, source=0x5002 })
V/ZoomGestureOverlayView( 5560): dispatchTouchEvent(MotionEvent { action=ACTION_UP, id[0]=0, x[0]=772.0, y[0]=62.0, toolType[0]=TOOL_TYPE_FINGER, buttonState=0, metaState=0, flags=0x0, edgeFlags=0x0, pointerCount=1, historySize=0, eventTime=373339, downTime=373274, deviceId=20, source=0x5002 })
I/ActivityManager( 4135): START u0 {act=android.intent.action.CALL dat=tel:xxxxxxxxxxx-xxxx cmp=com.android.server.telecom/.CallActivity} from uid 10012 on display 0
V/ZoomGestureOverlayView( 5560): dispatchTouchEvent(MotionEvent { action=ACTION_DOWN, id[0]=0, x[0]=756.0, y[0]=80.0, toolType[0]=TOOL_TYPE_FINGER, buttonState=0, metaState=0, flags=0x0, edgeFlags=0x0, pointerCount=1, historySize=0, eventTime=373429, downTime=373429, deviceId=20, source=0x5002 })
V/ZoomGestureOverlayView( 5560): dispatchTouchEvent(MotionEvent { action=ACTION_MOVE, id[0]=0, x[0]=756.0, y[0]=80.0, toolType[0]=TOOL_TYPE_FINGER, buttonState=0, metaState=0, flags=0x0, edgeFlags=0x0, pointerCount=1, historySize=1, eventTime=373441, downTime=373429, deviceId=20, source=0x5002 })
V/ZoomGestureOverlayView( 5560): dispatchTouchEvent(MotionEvent { action=ACTION_MOVE, id[0]=0, x[0]=756.0, y[0]=80.0, toolType[0]=TOOL_TYPE_FINGER, buttonState=0, metaState=0, flags=0x0, edgeFlags=0x0, pointerCount=1, historySize=1, eventTime=373458, downTime=373429, deviceId=20, source=0x5002 })
V/ZoomGestureOverlayView( 5560): dispatchTouchEvent(MotionEvent { action=ACTION_MOVE, id[0]=0, x[0]=756.0, y[0]=80.0, toolType[0]=TOOL_TYPE_FINGER, buttonState=0, metaState=0, flags=0x0, edgeFlags=0x0, pointerCount=1, historySize=2, eventTime=373475, downTime=373429, deviceId=20, source=0x5002 })
V/ZoomGestureOverlayView( 5560): dispatchTouchEvent(MotionEvent { action=ACTION_MOVE, id[0]=0, x[0]=754.2921, y[0]=80.0, toolType[0]=TOOL_TYPE_FINGER, buttonState=0, metaState=0, flags=0x0, edgeFlags=0x0, pointerCount=1, historySize=1, eventTime=373492, downTime=373429, deviceId=20, source=0x5002 })
V/ZoomGestureOverlayView( 5560): dispatchTouchEvent(MotionEvent { action=ACTION_MOVE, id[0]=0, x[0]=754.0, y[0]=80.0, toolType[0]=TOOL_TYPE_FINGER, buttonState=0, metaState=0, flags=0x0, edgeFlags=0x0, pointerCount=1, historySize=0, eventTime=373495, downTime=373429, deviceId=20, source=0x5002 })
V/ZoomGestureOverlayView( 5560): dispatchTouchEvent(MotionEvent { action=ACTION_UP, id[0]=0, x[0]=754.0, y[0]=80.0, toolType[0]=TOOL_TYPE_FINGER, buttonState=0, metaState=0, flags=0x0, edgeFlags=0x0, pointerCount=1, historySize=0, eventTime=373505, downTime=373429, deviceId=20, source=0x5002 })
I/ActivityManager( 4135): START u0 {act=android.intent.action.CALL dat=tel:xxxxxxxxxxx-xxxx cmp=com.android.server.telecom/.CallActivity} from uid 10012 on display 0
V/ZoomGestureOverlayView( 5560): dispatchTouchEvent(MotionEvent { action=ACTION_DOWN, id[0]=0, x[0]=771.0, y[0]=67.0, toolType[0]=TOOL_TYPE_FINGER, buttonState=0, metaState=0, flags=0x0, edgeFlags=0x0, pointerCount=1, historySize=0, eventTime=373584, downTime=373584, deviceId=20, source=0x5002 })
V/ZoomGestureOverlayView( 5560): dispatchTouchEvent(MotionEvent { action=ACTION_MOVE, id[0]=0, x[0]=771.0, y[0]=67.0, toolType[0]=TOOL_TYPE_FINGER, buttonState=0, metaState=0, flags=0x0, edgeFlags=0x0, pointerCount=1, historySize=2, eventTime=373610, downTime=373584, deviceId=20, source=0x5002 })
V/ZoomGestureOverlayView( 5560): dispatchTouchEvent(MotionEvent { action=ACTION_MOVE, id[0]=0, x[0]=771.0, y[0]=67.0, toolType[0]=TOOL_TYPE_FINGER, buttonState=0, metaState=0, flags=0x0, edgeFlags=0x0, pointerCount=1, historySize=1, eventTime=373623, downTime=373584, deviceId=20, source=0x5002 })
V/ZoomGestureOverlayView( 5560): dispatchTouchEvent(MotionEvent { action=ACTION_MOVE, id[0]=0, x[0]=771.0, y[0]=67.0, toolType[0]=TOOL_TYPE_FINGER, buttonState=0, metaState=0, flags=0x0, edgeFlags=0x0, pointerCount=1, historySize=1, eventTime=373644, downTime=373584, deviceId=20, source=0x5002 })
V/ZoomGestureOverlayView( 5560): dispatchTouchEvent(MotionEvent { action=ACTION_MOVE, id[0]=0, x[0]=771.93805, y[0]=67.93802, toolType[0]=TOOL_TYPE_FINGER, buttonState=0, metaState=0, flags=0x0, edgeFlags=0x0, pointerCount=1, historySize=1, eventTime=373660, downTime=373584, deviceId=20, source=0x5002 })
V/ZoomGestureOverlayView( 5560): dispatchTouchEvent(MotionEvent { action=ACTION_MOVE, id[0]=0, x[0]=772.0, y[0]=68.0, toolType[0]=TOOL_TYPE_FINGER, buttonState=0, metaState=0, flags=0x0, edgeFlags=0x0, pointerCount=1, historySize=0, eventTime=373661, downTime=373584, deviceId=20, source=0x5002 })
V/ZoomGestureOverlayView( 5560): dispatchTouchEvent(MotionEvent { action=ACTION_UP, id[0]=0, x[0]=772.0, y[0]=68.0, toolType[0]=TOOL_TYPE_FINGER, buttonState=0, metaState=0, flags=0x0, edgeFlags=0x0, pointerCount=1, historySize=0, eventTime=373671, downTime=373584, deviceId=20, source=0x5002 })
